[0.007s][debug][gc,heap] Minimum heap 5368709120  Initial heap 5368709120  Maximum heap 12884901888
[0.007s][info ][gc,init] Initializing The Z Garbage Collector
[0.007s][info ][gc,init] Version: 25+37-LTS-jvmci-b01 (release)
[0.007s][info ][gc,init] NUMA Support: Disabled
[0.007s][info ][gc,init] CPUs: 20 total, 20 available
[0.007s][info ][gc,init] Memory: 31764M
[0.007s][info ][gc,init] Large Page Support: Disabled
[0.007s][info ][gc,init] Address Space Size: unlimited
[0.007s][debug][gc,init] Reserved Space: limit 4096G, desired 192G, requested 192G
[0.007s][info ][gc,init] Reserved Space Type: Contiguous/Unrestricted/Complete
[0.007s][info ][gc,init] Reserved Space Size: 192G
[0.007s][info ][gc,init] Heap Backing File: /memfd:java_heap
[0.007s][info ][gc,init] Heap Backing Filesystem: tmpfs (0x1021994)
[0.007s][info ][gc,init] Min Capacity: 5120M
[0.007s][info ][gc,init] Initial Capacity: 5120M
[0.007s][info ][gc,init] Max Capacity: 12288M
[0.007s][info ][gc,init] Soft Max Capacity: 12288M
[0.007s][info ][gc,init] Page Size Medium: Range [4M, 32M]
[0.007s][info ][gc,init] Pre-touch: Enabled
[0.007s][info ][gc,init] Available space on backing filesystem: N/A
[0.008s][info ][gc,init] Uncommit: Enabled
[0.008s][info ][gc,init] Uncommit Delay: 300s
[0.008s][info ][gc,init] GC Workers for Old Generation: 5 (dynamic)
[0.008s][info ][gc,init] GC Workers for Young Generation: 5 (dynamic)
[0.748s][debug][gc,task] Executing ZPreTouchTask using ZWorkerOld with 5 workers
[1.024s][info ][gc,init] GC Workers Max: 5 (dynamic)
[1.025s][info ][gc,init] Runtime Workers: 12
[1.025s][info ][gc     ] Using The Z Garbage Collector
[1.025s][info ][gc,metaspace] CDS archive(s) not mapped
[1.025s][info ][gc,metaspace] Compressed class space mapped at: 0x0000000026000000-0x0000000066000000, reserved size: 1073741824
[1.025s][info ][gc,metaspace] UseCompressedClassPointers 1, UseCompactObjectHeaders 0
[1.025s][info ][gc,metaspace] Narrow klass pointer bits 32, Max shift 3
[1.025s][info ][gc,metaspace] Narrow klass base: 0x0000000000000000, Narrow klass shift: 0
[1.025s][info ][gc,metaspace] Encoding Range: [0x0000000000000000 - 0x0000000100000000), (4294967296 bytes)
[1.025s][info ][gc,metaspace] Klass Range:    [0x0000000026000000 - 0x0000000066000000), (1073741824 bytes)
[1.025s][info ][gc,metaspace] Klass ID Range:  [637534208 - 1711276025) (1073741817)
[1.025s][info ][gc,metaspace] No protection zone.
[1,039s][debug][gc,heap     ] Uncommitter (0) Timeout: 300000ms
[1,040s][debug][gc,nmethod  ] Register NMethod: jdk.internal.util.ArraysSupport.unsignedHashCode (0x00007cb613400008) [0x00007cb613400100, 0x00007cb613400310] Compiler: c1, Barriers: 0, Oops: 0, ImmediateOops: 0, NonImmediateOops: No
[1,040s][debug][gc,nmethod  ] Rebuilding NMethod Table: 0->1024 entries, 0(0%->0%) registered, 0(0%->0%) unregistered
[1,040s][debug][gc,nmethod  ] Register NMethod: java.lang.Object.<init> (0x00007cb613400388) [0x00007cb613400480, 0x00007cb613400580] Compiler: c1, Barriers: 0, Oops: 0, ImmediateOops: 0, NonImmediateOops: No
[1,040s][debug][gc,nmethod  ] Register NMethod: java.lang.Byte.toUnsignedInt (0x00007cb613400688) [0x00007cb613400780, 0x00007cb613400868] Compiler: c1, Barriers: 0, Oops: 0, ImmediateOops: 0, NonImmediateOops: No
[1,041s][debug][gc,nmethod  ] Register NMethod: java.lang.String.hashCode (0x00007cb613400988) [0x00007cb613400a80, 0x00007cb613401028] Compiler: c1, Barriers: 2, Oops: 0, ImmediateOops: 0, NonImmediateOops: No
[1,041s][debug][gc,nmethod  ] Register NMethod: jdk.internal.misc.Unsafe.getReferenceVolatile (0x00007cb632be5008) [0x00007cb632be5100, 0x00007cb632be5430] Compiler: , Barriers: 0, Oops: 0, ImmediateOops: 0, NonImmediateOops: No
[1,044s][debug][gc,nmethod  ] Register NMethod: java.util.ImmutableCollections$SetN.probe (0x00007cb613401088) [0x00007cb613401180, 0x00007cb6134019a8] Compiler: c1, Barriers: 4, Oops: 0, ImmediateOops: 0, NonImmediateOops: No
[1,044s][debug][gc,nmethod  ] Register NMethod: java.lang.StringLatin1.equals (0x00007cb613401a08) [0x00007cb613401b00, 0x00007cb613401d68] Compiler: c1, Barriers: 0, Oops: 0, ImmediateOops: 0, NonImmediateOops: No
[1,044s][debug][gc,nmethod  ] Register NMethod: java.lang.Math.floorMod (0x00007cb613401d88) [0x00007cb613401e80, 0x00007cb613402010] Compiler: c1, Barriers: 0, Oops: 0, ImmediateOops: 0, NonImmediateOops: No
[1,044s][debug][gc,nmethod  ] Register NMethod: jdk.internal.util.ArraysSupport.vectorizedHashCode (0x00007cb613402088) [0x00007cb613402180, 0x00007cb613403fd8] Compiler: c1, Barriers: 0, Oops: 1, ImmediateOops: 2, NonImmediateOops: No
[1,045s][debug][gc,nmethod  ] Register NMethod: java.util.ImmutableCollections$SetN.hashCode (0x00007cb613404008) [0x00007cb613404100, 0x00007cb613404570] Compiler: c1, Barriers: 2, Oops: 0, ImmediateOops: 0, NonImmediateOops: No
[1,045s][debug][gc,nmethod  ] Register NMethod: java.lang.module.ModuleDescriptor.modsHashCode (0x00007cb613404588) [0x00007cb613404680, 0x00007cb613405438] Compiler: c1, Barriers: 1, Oops: 0, ImmediateOops: 0, NonImmediateOops: No
[1,046s][debug][gc,nmethod  ] Register NMethod: jdk.internal.util.ArraysSupport.hashCodeOfUnsigned (0x00007cb613405488) [0x00007cb613405580, 0x00007cb6134057f8] Compiler: c1, Barriers: 0, Oops: 0, ImmediateOops: 0, NonImmediateOops: No
[1,046s][debug][gc,nmethod  ] Register NMethod: java.util.Objects.requireNonNull (0x00007cb613405808) [0x00007cb613405900, 0x00007cb613405ad0] Compiler: c1, Barriers: 0, Oops: 0, ImmediateOops: 0, NonImmediateOops: No
[1,046s][debug][gc,nmethod  ] Register NMethod: java.lang.String.equals (0x00007cb613405b08) [0x00007cb613405c00, 0x00007cb6134062c0] Compiler: c1, Barriers: 2, Oops: 0, ImmediateOops: 0, NonImmediateOops: No
[1,046s][debug][gc,nmethod  ] Register NMethod: java.util.ImmutableCollections$SetN.<init> (0x00007cb613406308) [0x00007cb613406400, 0x00007cb613407cd0] Compiler: c1, Barriers: 8, Oops: 1, ImmediateOops: 3, NonImmediateOops: No
[1,046s][debug][gc,nmethod  ] Register NMethod: java.util.Set.of (0x00007cb613407d08) [0x00007cb613407e00, 0x00007cb613407ee8] Compiler: c1, Barriers: 0, Oops: 0, ImmediateOops: 1, NonImmediateOops: No
[1,046s][debug][gc,nmethod  ] Register NMethod: java.util.ImmutableCollections$SetN$SetNIterator.hasNext (0x00007cb613408008) [0x00007cb613408100, 0x00007cb613408250] Compiler: c1, Barriers: 0, Oops: 0, ImmediateOops: 0, NonImmediateOops: No
[1,046s][debug][gc,nmethod  ] Register NMethod: java.util.ImmutableCollections$AbstractImmutableCollection.<init> (0x00007cb613408308) [0x00007cb613408400, 0x00007cb6134085b8] Compiler: c1, Barriers: 0, Oops: 0, ImmediateOops: 0, NonImmediateOops: No
[1,046s][debug][gc,nmethod  ] Register NMethod: java.util.AbstractCollection.<init> (0x00007cb613408608) [0x00007cb613408700, 0x00007cb613408858] Compiler: c1, Barriers: 0, Oops: 0, ImmediateOops: 0, NonImmediateOops: No
[1,046s][debug][gc,nmethod  ] Register NMethod: java.util.ImmutableCollections$SetN.iterator (0x00007cb613408908) [0x00007cb613408a00, 0x00007cb613408ba0] Compiler: c1, Barriers: 0, Oops: 0, ImmediateOops: 0, NonImmediateOops: No
[1,046s][debug][gc,nmethod  ] Register NMethod: java.util.ImmutableCollections$AbstractImmutableSet.<init> (0x00007cb613408c08) [0x00007cb613408d00, 0x00007cb613408f18] Compiler: c1, Barriers: 0, Oops: 0, ImmediateOops: 0, NonImmediateOops: No
[1,046s][debug][gc,nmethod  ] Register NMethod: jdk.internal.module.Builder.newExports (0x00007cb613408f88) [0x00007cb613409080, 0x00007cb6134091c0] Compiler: c1, Barriers: 0, Oops: 0, ImmediateOops: 1, NonImmediateOops: No
[1,046s][debug][gc,nmethod  ] Register NMethod: java.lang.module.ModuleDescriptor$Exports.<init> (0x00007cb613409288) [0x00007cb613409380, 0x00007cb613409640] Compiler: c1, Barriers: 9, Oops: 0, ImmediateOops: 0, NonImmediateOops: No
[1,046s][debug][gc,nmethod  ] Register NMethod: java.util.ImmutableCollections$SetN$SetNIterator.<init> (0x00007cb613409688) [0x00007cb613409780, 0x00007cb613409b00] Compiler: c1, Barriers: 4, Oops: 0, ImmediateOops: 0, NonImmediateOops: No
[1,047s][debug][gc,nmethod  ] Register NMethod: java.lang.module.ModuleDescriptor$1.newExports (0x00007cb613409b08) [0x00007cb613409c00, 0x00007cb613409f78] Compiler: c1, Barriers: 9, Oops: 0, ImmediateOops: 0, NonImmediateOops: No
[1,047s][debug][gc,nmethod  ] Register NMethod: java.util.Objects.hashCode (0x00007cb613409f88) [0x00007cb61340a080, 0x00007cb61340a3d0] Compiler: c1, Barriers: 0, Oops: 0, ImmediateOops: 0, NonImmediateOops: No
[1,047s][debug][gc,nmethod  ] Register NMethod: java.lang.module.ModuleDescriptor$Exports.hashCode (0x00007cb61340a408) [0x00007cb61340a500, 0x00007cb61340ab18] Compiler: c1, Barriers: 3, Oops: 0, ImmediateOops: 0, NonImmediateOops: No
[1,047s][debug][gc,nmethod  ] Register NMethod: java.util.Objects.equals (0x00007cb61340ab88) [0x00007cb61340ac80, 0x00007cb61340b008] Compiler: c1, Barriers: 0, Oops: 0, ImmediateOops: 0, NonImmediateOops: No
[1,047s][debug][gc,nmethod  ] Register NMethod: java.util.ImmutableCollections$ListN.get (0x00007cb61340b088) [0x00007cb61340b180, 0x00007cb61340b308] Compiler: c1, Barriers: 2, Oops: 0, ImmediateOops: 0, NonImmediateOops: No
[1,047s][debug][gc,nmethod  ] Register NMethod: java.util.Set.of (0x00007cb61340b388) [0x00007cb61340b480, 0x00007cb61340bcf0] Compiler: c1, Barriers: 9, Oops: 0, ImmediateOops: 2, NonImmediateOops: No
[1,047s][debug][gc,nmethod  ] Register NMethod: java.lang.String.coder (0x00007cb61340bd08) [0x00007cb61340be00, 0x00007cb61340bf28] Compiler: c1, Barriers: 0, Oops: 0, ImmediateOops: 0, NonImmediateOops: No
[1,047s][debug][gc,nmethod  ] Register NMethod: java.lang.System.arraycopy (0x00007cb632be5488) [0x00007cb632be5580, 0x00007cb632be5700] Compiler: , Barriers: 0, Oops: 0, ImmediateOops: 1, NonImmediateOops: No
[1,047s][debug][gc,nmethod  ] Register NMethod: java.lang.module.ModuleDescriptor.name (0x00007cb632be5788) [0x00007cb632be5880, 0x00007cb632be5968] Compiler: c1, Barriers: 1, Oops: 0, ImmediateOops: 0, NonImmediateOops: No
[1,047s][debug][gc,nmethod  ] Register NMethod: java.lang.module.ModuleDescriptor$Exports.equals (0x00007cb61340c008) [0x00007cb61340c100, 0x00007cb61340cf78] Compiler: c1, Barriers: 6, Oops: 0, ImmediateOops: 0, NonImmediateOops: No
[1,047s][debug][gc,nmethod  ] Register NMethod: java.lang.String.length (0x00007cb61340cf88) [0x00007cb61340d080, 0x00007cb61340d400] Compiler: c1, Barriers: 1, Oops: 0, ImmediateOops: 0, NonImmediateOops: No
[1,047s][debug][gc,nmethod  ] Register NMethod: java.lang.module.ModuleReference.descriptor (0x00007cb632be5a88) [0x00007cb632be5b80, 0x00007cb632be5c68] Compiler: c1, Barriers: 1, Oops: 0, ImmediateOops: 0, NonImmediateOops: No
[1,047s][debug][gc,nmethod  ] Register NMethod: java.lang.String.isLatin1 (0x00007cb61340d408) [0x00007cb61340d500, 0x00007cb61340d660] Compiler: c1, Barriers: 0, Oops: 0, ImmediateOops: 0, NonImmediateOops: No
[1,047s][debug][gc,nmethod  ] Register NMethod: java.lang.String.checkIndex (0x00007cb61340d708) [0x00007cb61340d800, 0x00007cb61340d928] Compiler: c1, Barriers: 0, Oops: 1, ImmediateOops: 1, NonImmediateOops: No
[1,047s][debug][gc,nmethod  ] Register NMethod: java.net.URI.hash (0x00007cb61340da08) [0x00007cb61340db00, 0x00007cb61340e0c0] Compiler: c1, Barriers: 0, Oops: 0, ImmediateOops: 0, NonImmediateOops: No
[1,047s][debug][gc,nmethod  ] Register NMethod: jdk.internal.util.Preconditions.checkIndex (0x00007cb61340e108) [0x00007cb61340e200, 0x00007cb61340e388] Compiler: c1, Barriers: 0, Oops: 0, ImmediateOops: 0, NonImmediateOops: No
[1,047s][debug][gc,nmethod  ] Register NMethod: java.lang.StringLatin1.charAt (0x00007cb61340e408) [0x00007cb61340e500, 0x00007cb61340e6c0] Compiler: c1, Barriers: 0, Oops: 1, ImmediateOops: 1, NonImmediateOops: No
[1,047s][debug][gc,nmethod  ] Register NMethod: java.lang.String.charAt (0x00007cb61340e708) [0x00007cb61340e800, 0x00007cb61340ed90] Compiler: c1, Barriers: 2, Oops: 1, ImmediateOops: 1, NonImmediateOops: No
[1,049s][debug][gc,nmethod  ] Register NMethod: java.lang.StringLatin1.indexOfChar (0x00007cb61340ee08) [0x00007cb61340ef00, 0x00007cb61340f100] Compiler: c1, Barriers: 0, Oops: 0, ImmediateOops: 0, NonImmediateOops: No
[1,049s][debug][gc,director ] Rule Major: Warmup 10%, Used: 10MB, UsedThreshold: 1228MB
[1,049s][debug][gc,nmethod  ] Register NMethod: java.lang.Object.getClass (0x00007cb632be5d88) [0x00007cb632be5e80, 0x00007cb632be61a0] Compiler: , Barriers: 0, Oops: 0, ImmediateOops: 0, NonImmediateOops: No
[1,049s][debug][gc,nmethod  ] Register NMethod: java.io.File.getPath (0x00007cb632be6208) [0x00007cb632be6300, 0x00007cb632be63e8] Compiler: c1, Barriers: 1, Oops: 0, ImmediateOops: 0, NonImmediateOops: No
[1,049s][debug][gc,nmethod  ] Register NMethod: jdk.internal.misc.Unsafe.getLong (0x00007cb632be6508) [0x00007cb632be6600, 0x00007cb632be6768] Compiler: , Barriers: 0, Oops: 0, ImmediateOops: 0, NonImmediateOops: No
[1,050s][debug][gc,nmethod  ] Register NMethod: java.lang.String.indexOf (0x00007cb61340f108) [0x00007cb61340f200, 0x00007cb61340f828] Compiler: c1, Barriers: 2, Oops: 0, ImmediateOops: 0, NonImmediateOops: No
[1,050s][debug][gc,nmethod  ] Register NMethod: java.lang.String.startsWith (0x00007cb61340f888) [0x00007cb61340f980, 0x00007cb613410c00] Compiler: c1, Barriers: 2, Oops: 0, ImmediateOops: 0, NonImmediateOops: No
[1,050s][debug][gc,nmethod  ] Register NMethod: java.lang.String.startsWith (0x00007cb613410c08) [0x00007cb613410d00, 0x00007cb613410ff8] Compiler: c1, Barriers: 0, Oops: 0, ImmediateOops: 0, NonImmediateOops: No
[1,050s][debug][gc,nmethod  ] Register NMethod: java.lang.StringLatin1.indexOf (0x00007cb613411008) [0x00007cb613411100, 0x00007cb613411588] Compiler: c1, Barriers: 0, Oops: 0, ImmediateOops: 0, NonImmediateOops: No
[1,050s][debug][gc,nmethod  ] Register NMethod: java.lang.String.isEmpty (0x00007cb613411608) [0x00007cb613411700, 0x00007cb613411888] Compiler: c1, Barriers: 1, Oops: 0, ImmediateOops: 0, NonImmediateOops: No
[1,050s][debug][gc,nmethod  ] Register NMethod: jdk.internal.util.ArraysSupport.mismatch (0x00007cb613411908) [0x00007cb613411a00, 0x00007cb613411de0] Compiler: c1, Barriers: 0, Oops: 0, ImmediateOops: 0, NonImmediateOops: No
[1,050s][debug][gc,nmethod  ] Register NMethod: jdk.internal.misc.Unsafe.getInt (0x00007cb632be6808) [0x00007cb632be6900, 0x00007cb632be6a68] Compiler: , Barriers: 0, Oops: 0, ImmediateOops: 0, NonImmediateOops: No
[1,050s][debug][gc,nmethod  ] Register NMethod: java.io.File.getPrefixLength (0x00007cb632be6b08) [0x00007cb632be6c00, 0x00007cb632be6cc0] Compiler: c1, Barriers: 0, Oops: 0, ImmediateOops: 0, NonImmediateOops: No
[1,050s][debug][gc,nmethod  ] Register NMethod: jdk.internal.misc.Unsafe.getLongUnaligned (0x00007cb613411e08) [0x00007cb613411f00, 0x00007cb6134122b0] Compiler: c1, Barriers: 0, Oops: 0, ImmediateOops: 0, NonImmediateOops: No
[1,051s][debug][gc,nmethod  ] Register NMethod: java.lang.Math.min (0x00007cb613412308) [0x00007cb613412400, 0x00007cb613412528] Compiler: c1, Barriers: 0, Oops: 0, ImmediateOops: 0, NonImmediateOops: No
[1,051s][debug][gc,nmethod  ] Register NMethod: java.lang.StringLatin1.lastIndexOf (0x00007cb613412608) [0x00007cb613412700, 0x00007cb613412ac8] Compiler: c1, Barriers: 0, Oops: 0, ImmediateOops: 0, NonImmediateOops: No
[1,051s][debug][gc,nmethod  ] Register NMethod: sun.net.www.ParseUtil.firstEncodeIndex (0x00007cb613412b08) [0x00007cb613412c00, 0x00007cb613413ad8] Compiler: c1, Barriers: 3, Oops: 1, ImmediateOops: 1, NonImmediateOops: No
[1,052s][debug][gc,nmethod  ] Register NMethod: java.lang.Object.<init> (0x00007cb632be6e08) [0x00007cb632be6f00, 0x00007cb632be6f80] Compiler: jvmci, Barriers: 0, Oops: 0, ImmediateOops: 0, NonImmediateOops: No
[1,052s][debug][gc,nmethod  ] Register NMethod: jdk.internal.misc.Unsafe.compareAndSetLong (0x00007cb632be7108) [0x00007cb632be7200, 0x00007cb632be7370] Compiler: , Barriers: 0, Oops: 0, ImmediateOops: 0, NonImmediateOops: No
[1,052s][debug][gc,nmethod  ] Register NMethod: jdk.internal.misc.Unsafe.compareAndSetReference (0x00007cb632be7408) [0x00007cb632be7500, 0x00007cb632be7698] Compiler: , Barriers: 0, Oops: 0, ImmediateOops: 0, NonImmediateOops: No
[1,052s][debug][gc,nmethod  ] Register NMethod: jdk.internal.misc.Unsafe.getReferenceAcquire (0x00007cb613413b08) [0x00007cb613413c00, 0x00007cb613413d30] Compiler: c1, Barriers: 1, Oops: 0, ImmediateOops: 0, NonImmediateOops: No
[1,052s][debug][gc,nmethod  ] Register NMethod: java.util.concurrent.ConcurrentHashMap.tabAt (0x00007cb613413e08) [0x00007cb613413f00, 0x00007cb613414448] Compiler: c1, Barriers: 1, Oops: 1, ImmediateOops: 1, NonImmediateOops: No
[1,052s][debug][gc,nmethod  ] Register NMethod: java.util.concurrent.ConcurrentHashMap.spread (0x00007cb613414488) [0x00007cb613414580, 0x00007cb613414670] Compiler: c1, Barriers: 0, Oops: 0, ImmediateOops: 0, NonImmediateOops: No
[1,052s][debug][gc,nmethod  ] Register NMethod: java.util.concurrent.ConcurrentHashMap$Node.<init> (0x00007cb613414788) [0x00007cb613414880, 0x00007cb613414ad0] Compiler: c1, Barriers: 6, Oops: 0, ImmediateOops: 0, NonImmediateOops: No
[1,052s][debug][gc,nmethod  ] Register NMethod: java.util.ImmutableCollections$SetN$SetNIterator.next (0x00007cb613414b08) [0x00007cb613414c00, 0x00007cb613414f68] Compiler: c1, Barriers: 3, Oops: 0, ImmediateOops: 0, NonImmediateOops: No
[1,053s][debug][gc,nmethod  ] Register NMethod: java.util.concurrent.ConcurrentHashMap.addCount (0x00007cb613414f88) [0x00007cb613415080, 0x00007cb613415d20] Compiler: c1, Barriers: 4, Oops: 0, ImmediateOops: 0, NonImmediateOops: No
[1,053s][debug][gc,nmethod  ] Register NMethod: java.util.concurrent.ConcurrentHashMap.putVal (0x00007cb613415d88) [0x00007cb613415e80, 0x00007cb613418378] Compiler: c1, Barriers: 28, Oops: 0, ImmediateOops: 1, NonImmediateOops: No
[1,056s][debug][gc,nmethod  ] Register NMethod: java.lang.invoke.MethodHandle.linkToStatic (0x00007cb632be7708) [0x00007cb632be7800, 0x00007cb632be78f0] Compiler: , Barriers: 0, Oops: 0, ImmediateOops: 0, NonImmediateOops: No
[1,056s][debug][gc,nmethod  ] Register NMethod: jdk.internal.util.ArraysSupport.unsignedHashCode (0x00007cb632be7a08) [0x00007cb632be7b20, 0x00007cb632be7d18] Compiler: jvmci, Barriers: 0, Oops: 0, ImmediateOops: 0, NonImmediateOops: No
[1,057s][debug][gc,nmethod  ] Register NMethod: java.lang.String.charAt (0x00007cb632be7d88) [0x00007cb632be7e80, 0x00007cb632be7fb0] Compiler: jvmci, Barriers: 1, Oops: 0, ImmediateOops: 0, NonImmediateOops: No
[1,058s][debug][gc,nmethod  ] Register NMethod: java.lang.Enum.ordinal (0x00007cb632be8088) [0x00007cb632be8180, 0x00007cb632be8240] Compiler: c1, Barriers: 0, Oops: 0, ImmediateOops: 0, NonImmediateOops: No
[1,058s][debug][gc,nmethod  ] Register NMethod: java.lang.Object.hashCode (0x00007cb632be8388) [0x00007cb632be8480, 0x00007cb632be85f0] Compiler: , Barriers: 0, Oops: 0, ImmediateOops: 0, NonImmediateOops: No
[1,058s][debug][gc,nmethod  ] Register NMethod: java.lang.Class.isPrimitive (0x00007cb632be8688) [0x00007cb632be8780, 0x00007cb632be8840] Compiler: c1, Barriers: 0, Oops: 0, ImmediateOops: 0, NonImmediateOops: No
[1,059s][debug][gc,nmethod  ] Register NMethod: java.lang.invoke.MethodHandle.linkToStatic (0x00007cb632be8988) [0x00007cb632be8a80, 0x00007cb632be8b70] Compiler: , Barriers: 0, Oops: 0, ImmediateOops: 0, NonImmediateOops: No
[1,059s][debug][gc,nmethod  ] Register NMethod: java.lang.String.hashCode (0x00007cb632be8c88) [0x00007cb632be8d80, 0x00007cb632be8f20] Compiler: jvmci, Barriers: 1, Oops: 0, ImmediateOops: 0, NonImmediateOops: No
[1,059s][debug][gc,nmethod  ] Register NMethod: java.lang.invoke.MethodHandle.linkToStatic (0x00007cb632be8f88) [0x00007cb632be9080, 0x00007cb632be9170] Compiler: , Barriers: 0, Oops: 0, ImmediateOops: 0, NonImmediateOops: No
[1,059s][debug][gc,director ] Rule Major: Warmup 10%, Used: 10MB, UsedThreshold: 1228MB
[1,059s][debug][gc,nmethod  ] Register NMethod: java.lang.String.coder (0x00007cb632be9288) [0x00007cb632be9380, 0x00007cb632be9408] Compiler: jvmci, Barriers: 0, Oops: 0, ImmediateOops: 0, NonImmediateOops: No
[1,060s][debug][gc,nmethod  ] Register NMethod: java.lang.invoke.MethodHandle.invokeBasic (0x00007cb632be9588) [0x00007cb632be9680, 0x00007cb632be9918] Compiler: , Barriers: 0, Oops: 0, ImmediateOops: 0, NonImmediateOops: No
[1,060s][debug][gc,nmethod  ] Register NMethod: java.lang.invoke.MethodHandle.linkToSpecial (0x00007cb632be9988) [0x00007cb632be9a80, 0x00007cb632be9b78] Compiler: , Barriers: 0, Oops: 0, ImmediateOops: 0, NonImmediateOops: No
[1,063s][debug][gc,nmethod  ] Register NMethod: java.lang.Enum.<init> (0x00007cb613418388) [0x00007cb613418480, 0x00007cb613418658] Compiler: c1, Barriers: 3, Oops: 0, ImmediateOops: 0, NonImmediateOops: No
[1,065s][debug][gc,nmethod  ] Register NMethod: java.lang.invoke.MethodHandle.invokeBasic (0x00007cb632be9c88) [0x00007cb632be9d80, 0x00007cb632bea018] Compiler: , Barriers: 0, Oops: 0, ImmediateOops: 0, NonImmediateOops: No
[1,065s][debug][gc,nmethod  ] Register NMethod: java.lang.invoke.MethodHandle.linkToSpecial (0x00007cb632bea088) [0x00007cb632bea180, 0x00007cb632bea278] Compiler: , Barriers: 0, Oops: 0, ImmediateOops: 0, NonImmediateOops: No
[1,065s][debug][gc,nmethod  ] Register NMethod: jdk.internal.util.StrongReferenceKey.get (0x00007cb632bea388) [0x00007cb632bea480, 0x00007cb632bea568] Compiler: c1, Barriers: 1, Oops: 0, ImmediateOops: 0, NonImmediateOops: No
[1,065s][debug][gc,nmethod  ] Register NMethod: java.lang.invoke.MethodHandle.linkToStatic (0x00007cb632bea688) [0x00007cb632bea780, 0x00007cb632bea878] Compiler: , Barriers: 0, Oops: 0, ImmediateOops: 0, NonImmediateOops: No
[1,065s][debug][gc,nmethod  ] Register NMethod: java.lang.Object.clone (0x00007cb632bea988) [0x00007cb632beaa80, 0x00007cb632beada0] Compiler: , Barriers: 0, Oops: 0, ImmediateOops: 0, NonImmediateOops: No
[1,065s][debug][gc,nmethod  ] Register NMethod: java.lang.invoke.MethodHandle.linkToStatic (0x00007cb632beae08) [0x00007cb632beaf00, 0x00007cb632beaff0] Compiler: , Barriers: 0, Oops: 0, ImmediateOops: 0, NonImmediateOops: No
[1,065s][debug][gc,nmethod  ] Register NMethod: java.lang.Class.getClassLoader (0x00007cb632beb108) [0x00007cb632beb200, 0x00007cb632beb2e8] Compiler: c1, Barriers: 1, Oops: 0, ImmediateOops: 0, NonImmediateOops: No
[1,065s][debug][gc,nmethod  ] Register NMethod: java.lang.invoke.MethodType.returnType (0x00007cb632beb408) [0x00007cb632beb500, 0x00007cb632beb5e8] Compiler: c1, Barriers: 1, Oops: 0, ImmediateOops: 0, NonImmediateOops: No
[1,065s][debug][gc,nmethod  ] Register NMethod: java.lang.invoke.MethodHandle.invokeBasic (0x00007cb632beb708) [0x00007cb632beb800, 0x00007cb632beba98] Compiler: , Barriers: 0, Oops: 0, ImmediateOops: 0, NonImmediateOops: No
[1,066s][debug][gc,nmethod  ] Register NMethod: java.util.concurrent.ConcurrentHashMap.putIfAbsent (0x00007cb613418688) [0x00007cb613418780, 0x00007cb613418a80] Compiler: c1, Barriers: 0, Oops: 0, ImmediateOops: 0, NonImmediateOops: No
[1,066s][debug][gc,nmethod  ] Register NMethod: jdk.internal.classfile.impl.AbstractPoolEntry.index (0x00007cb632bebb08) [0x00007cb632bebc00, 0x00007cb632bebcc0] Compiler: c1, Barriers: 0, Oops: 0, ImmediateOops: 0, NonImmediateOops: No
[1,066s][debug][gc,nmethod  ] Register NMethod: jdk.internal.classfile.impl.SplitConstantPool.size (0x00007cb632bebe08) [0x00007cb632bebf00, 0x00007cb632bebfc0] Compiler: c1, Barriers: 0, Oops: 0, ImmediateOops: 0, NonImmediateOops: No
[1,066s][debug][gc,nmethod  ] Register NMethod: java.lang.invoke.MethodHandle.linkToSpecial (0x00007cb632bec108) [0x00007cb632bec200, 0x00007cb632bec2f8] Compiler: , Barriers: 0, Oops: 0, ImmediateOops: 0, NonImmediateOops: No
[1,067s][debug][gc,nmethod  ] Register NMethod: java.lang.String.<init> (0x00007cb613418a88) [0x00007cb613418b80, 0x00007cb613418d58] Compiler: c1, Barriers: 3, Oops: 0, ImmediateOops: 0, NonImmediateOops: No
[1,067s][debug][gc,nmethod  ] Register NMethod: java.lang.ref.ReferenceQueue.poll (0x00007cb613418d88) [0x00007cb613418e80, 0x00007cb6134192a0] Compiler: c1, Barriers: 2, Oops: 0, ImmediateOops: 0, NonImmediateOops: No
[1,067s][debug][gc,nmethod  ] Register NMethod: jdk.internal.classfile.impl.AbstractPoolEntry.width (0x00007cb632bec408) [0x00007cb632bec500, 0x00007cb632bec5c0] Compiler: c1, Barriers: 0, Oops: 0, ImmediateOops: 0, NonImmediateOops: No
[1,067s][debug][gc,nmethod  ] Register NMethod: java.lang.String.getBytes (0x00007cb613419308) [0x00007cb613419400, 0x00007cb613419908] Compiler: c1, Barriers: 2, Oops: 0, ImmediateOops: 0, NonImmediateOops: No
[1,067s][debug][gc,nmethod  ] Register NMethod: java.lang.String.hashCode (0x00007cb613419988) [0x00007cb613419a80, 0x00007cb61341a028] Compiler: c1, Barriers: 2, Oops: 0, ImmediateOops: 0, NonImmediateOops: No
[1,067s][debug][gc,nmethod  ] Register NMethod: java.lang.invoke.MethodHandle.linkToStatic (0x00007cb632bec708) [0x00007cb632bec800, 0x00007cb632bec8f0] Compiler: , Barriers: 0, Oops: 0, ImmediateOops: 0, NonImmediateOops: No
[1,067s][debug][gc,nmethod  ] Register NMethod: jdk.internal.util.ReferencedKeyMap.removeStaleReferences (0x00007cb61341a088) [0x00007cb61341a180, 0x00007cb61341a7a0] Compiler: c1, Barriers: 2, Oops: 0, ImmediateOops: 0, NonImmediateOops: No
[1,067s][debug][gc,nmethod  ] Register NMethod: java.lang.invoke.MethodHandle.linkToSpecial (0x00007cb632beca08) [0x00007cb632becb00, 0x00007cb632becbf8] Compiler: , Barriers: 0, Oops: 0, ImmediateOops: 0, NonImmediateOops: No
[1,067s][debug][gc,nmethod  ] Register NMethod: jdk.internal.classfile.impl.BufWriterImpl.reserveSpace (0x00007cb61341a808) [0x00007cb61341a900, 0x00007cb61341ac18] Compiler: c1, Barriers: 4, Oops: 0, ImmediateOops: 0, NonImmediateOops: No
[1,068s][debug][gc,nmethod  ] Register NMethod: java.lang.invoke.MemberName.getDeclaringClass (0x00007cb632becd08) [0x00007cb632bece00, 0x00007cb632becee8] Compiler: c1, Barriers: 1, Oops: 0, ImmediateOops: 0, NonImmediateOops: No
[1,068s][debug][gc,nmethod  ] Register NMethod: jdk.internal.classfile.impl.RawBytecodeHelper.bci (0x00007cb632bed008) [0x00007cb632bed100, 0x00007cb632bed1c0] Compiler: c1, Barriers: 0, Oops: 0, ImmediateOops: 0, NonImmediateOops: No
[1,068s][debug][gc,nmethod  ] Register NMethod: jdk.internal.classfile.impl.SplitConstantPool.map (0x00007cb61341ac88) [0x00007cb61341ada0, 0x00007cb61341c4a0] Compiler: c1, Barriers: 9, Oops: 0, ImmediateOops: 0, NonImmediateOops: No
[1,068s][debug][gc,nmethod  ] Register NMethod: java.lang.String.isLatin1 (0x00007cb632bed308) [0x00007cb632bed400, 0x00007cb632bed4c0] Compiler: jvmci, Barriers: 0, Oops: 0, ImmediateOops: 0, NonImmediateOops: No
[1,068s][debug][gc,nmethod  ] Register NMethod: java.lang.invoke.MethodType.hashCode (0x00007cb61341c508) [0x00007cb61341c600, 0x00007cb61341cc80] Compiler: c1, Barriers: 3, Oops: 0, ImmediateOops: 0, NonImmediateOops: No
[1,068s][debug][gc,nmethod  ] Register NMethod: java.util.concurrent.ConcurrentHashMap.get (0x00007cb61341cc88) [0x00007cb61341cd80, 0x00007cb61341dd98] Compiler: c1, Barriers: 7, Oops: 0, ImmediateOops: 0, NonImmediateOops: No
[1,069s][debug][gc,nmethod  ] Register NMethod: java.lang.invoke.MemberName.anyFlagSet (0x00007cb61341de08) [0x00007cb61341df00, 0x00007cb61341e050] Compiler: c1, Barriers: 0, Oops: 0, ImmediateOops: 0, NonImmediateOops: No
[1,069s][debug][gc,nmethod  ] Register NMethod: java.lang.invoke.MemberName.isInvocable (0x00007cb61341e108) [0x00007cb61341e200, 0x00007cb61341e3b8] Compiler: c1, Barriers: 0, Oops: 0, ImmediateOops: 0, NonImmediateOops: No
[1,069s][debug][gc,nmethod  ] Register NMethod: jdk.internal.util.StrongReferenceKey.<init> (0x00007cb61341e408) [0x00007cb61341e500, 0x00007cb61341e6d0] Compiler: c1, Barriers: 3, Oops: 0, ImmediateOops: 0, NonImmediateOops: No
[1,069s][debug][gc,nmethod  ] Register NMethod: jdk.internal.util.ReferencedKeyMap.lookupKey (0x00007cb61341e708) [0x00007cb61341e800, 0x00007cb61341ea88] Compiler: c1, Barriers: 3, Oops: 0, ImmediateOops: 0, NonImmediateOops: No
[1,069s][debug][gc,nmethod  ] Register NMethod: jdk.internal.util.StrongReferenceKey.hashCode (0x00007cb61341eb08) [0x00007cb61341ec00, 0x00007cb61341f110] Compiler: c1, Barriers: 1, Oops: 0, ImmediateOops: 0, NonImmediateOops: No
[1,069s][debug][gc,nmethod  ] Register NMethod: jdk.internal.classfile.impl.AbstractPoolEntry.constantPool (0x00007cb632bed608) [0x00007cb632bed700, 0x00007cb632bed7e8] Compiler: c1, Barriers: 1, Oops: 0, ImmediateOops: 0, NonImmediateOops: No
[1,069s][debug][gc,nmethod  ] Register NMethod: java.lang.invoke.MethodHandle.linkToInterface (0x00007cb632bed908) [0x00007cb632beda00, 0x00007cb632bedb30] Compiler: , Barriers: 0, Oops: 0, ImmediateOops: 0, NonImmediateOops: No
[1,069s][debug][gc,director ] Rule Major: Warmup 10%, Used: 10MB, UsedThreshold: 1228MB
[1,069s][debug][gc,nmethod  ] Register NMethod: java.lang.Class.isArray (0x00007cb61341f188) [0x00007cb61341f280, 0x00007cb61341f400] Compiler: c1, Barriers: 1, Oops: 0, ImmediateOops: 0, NonImmediateOops: No
[1,070s][debug][gc,nmethod  ] Register NMethod: jdk.internal.util.Preconditions.checkFromToIndex (0x00007cb61341f488) [0x00007cb61341f580, 0x00007cb61341f738] Compiler: c1, Barriers: 0, Oops: 0, ImmediateOops: 0, NonImmediateOops: No
[1,070s][debug][gc,nmethod  ] Register NMethod: java.lang.String.checkBoundsBeginEnd (0x00007cb61341f788) [0x00007cb61341f880, 0x00007cb61341fa98] Compiler: c1, Barriers: 0, Oops: 1, ImmediateOops: 1, NonImmediateOops: No
[1,070s][debug][gc,nmethod  ] Register NMethod: java.lang.StringCoding.countNonZeroAsciiLatin1 (0x00007cb61341fb08) [0x00007cb61341fc00, 0x00007cb61341fe08] Compiler: c1, Barriers: 0, Oops: 0, ImmediateOops: 0, NonImmediateOops: No
[1,070s][debug][gc,nmethod  ] Register NMethod: java.lang.invoke.MethodHandle.linkToStatic (0x00007cb632bedc08) [0x00007cb632bedd00, 0x00007cb632beddf0] Compiler: , Barriers: 0, Oops: 0, ImmediateOops: 0, NonImmediateOops: No
[1,070s][debug][gc,nmethod  ] Register NMethod: jdk.internal.classfile.impl.AbstractPoolEntry.hashString (0x00007cb61341fe88) [0x00007cb61341ff80, 0x00007cb613420068] Compiler: c1, Barriers: 0, Oops: 0, ImmediateOops: 0, NonImmediateOops: No
[1,070s][debug][gc,nmethod  ] Register NMethod: jdk.internal.classfile.impl.BufWriterImpl.size (0x00007cb632bedf08) [0x00007cb632bee000, 0x00007cb632bee0c0] Compiler: c1, Barriers: 0, Oops: 0, ImmediateOops: 0, NonImmediateOops: No
[1,070s][debug][gc,nmethod  ] Register NMethod: jdk.internal.classfile.impl.SplitConstantPool.entryByIndex (0x00007cb613420188) [0x00007cb613420280, 0x00007cb613422330] Compiler: c1, Barriers: 3, Oops: 2, ImmediateOops: 5, NonImmediateOops: No
[1,070s][debug][gc,nmethod  ] Register NMethod: jdk.internal.classfile.impl.EntryMap.firstToken (0x00007cb613422388) [0x00007cb613422480, 0x00007cb613422970] Compiler: c1, Barriers: 1, Oops: 0, ImmediateOops: 1, NonImmediateOops: No
[1,071s][debug][gc,nmethod  ] Register NMethod: java.lang.String.value (0x00007cb632bee208) [0x00007cb632bee300, 0x00007cb632bee3e8] Compiler: c1, Barriers: 1, Oops: 0, ImmediateOops: 0, NonImmediateOops: No
[1,071s][debug][gc,nmethod  ] Register NMethod: java.lang.invoke.MethodType.form (0x00007cb632bee508) [0x00007cb632bee600, 0x00007cb632bee6e8] Compiler: c1, Barriers: 1, Oops: 0, ImmediateOops: 0, NonImmediateOops: No
[1,071s][debug][gc,nmethod  ] Register NMethod: java.lang.invoke.MethodHandle.linkToSpecial (0x00007cb632bee808) [0x00007cb632bee900, 0x00007cb632bee9f8] Compiler: , Barriers: 0, Oops: 0, ImmediateOops: 0, NonImmediateOops: No
[1,071s][debug][gc,nmethod  ] Register NMethod: java.util.Objects.requireNonNull (0x00007cb613422988) [0x00007cb613422a80, 0x00007cb613422c58] Compiler: c1, Barriers: 0, Oops: 0, ImmediateOops: 0, NonImmediateOops: No
[1,071s][debug][gc,nmethod  ] Register NMethod: jdk.internal.classfile.impl.AbstractPoolEntry.<init> (0x00007cb613422c88) [0x00007cb613422d80, 0x00007cb613422f58] Compiler: c1, Barriers: 3, Oops: 0, ImmediateOops: 0, NonImmediateOops: No
[1,071s][debug][gc,nmethod  ] Register NMethod: jdk.internal.constant.ClassOrInterfaceDescImpl.descriptorString (0x00007cb632beeb08) [0x00007cb632beec00, 0x00007cb632beece8] Compiler: c1, Barriers: 1, Oops: 0, ImmediateOops: 0, NonImmediateOops: No
[1,071s][debug][gc,nmethod  ] Register NMethod: java.lang.invoke.MethodType.parameterCount (0x00007cb613422f88) [0x00007cb613423080, 0x00007cb6134231b8] Compiler: c1, Barriers: 1, Oops: 0, ImmediateOops: 0, NonImmediateOops: No
[1,071s][debug][gc,nmethod  ] Register NMethod: java.lang.StringConcatHelper.newArray (0x00007cb613423288) [0x00007cb613423380, 0x00007cb613423958] Compiler: c1, Barriers: 0, Oops: 0, ImmediateOops: 3, NonImmediateOops: No
[1,071s][debug][gc,nmethod  ] Register NMethod: jdk.internal.util.ReferencedKeyMap.getNoCheckStale (0x00007cb613423988) [0x00007cb613423a80, 0x00007cb613424100] Compiler: c1, Barriers: 4, Oops: 1, ImmediateOops: 1, NonImmediateOops: No
[1,071s][debug][gc,nmethod  ] Register NMethod: jdk.internal.misc.Unsafe.allocateUninitializedArray (0x00007cb613424188) [0x00007cb613424280, 0x00007cb613424848] Compiler: c1, Barriers: 0, Oops: 0, ImmediateOops: 3, NonImmediateOops: No
[1,071s][debug][gc,nmethod  ] Register NMethod: jdk.internal.util.ReferencedKeyMap.get (0x00007cb613424888) [0x00007cb613424980, 0x00007cb6134257a8] Compiler: c1, Barriers: 6, Oops: 1, ImmediateOops: 1, NonImmediateOops: No
[1,071s][debug][gc,nmethod  ] Register NMethod: jdk.internal.misc.Unsafe.allocateUninitializedArray0 (0x00007cb613425808) [0x00007cb613425900, 0x00007cb613426120] Compiler: c1, Barriers: 0, Oops: 0, ImmediateOops: 8, NonImmediateOops: No
[1,071s][debug][gc,nmethod  ] Register NMethod: jdk.internal.classfile.impl.SplitConstantPool.internalAdd (0x00007cb613426188) [0x00007cb613426280, 0x00007cb6134265d8] Compiler: c1, Barriers: 0, Oops: 0, ImmediateOops: 0, NonImmediateOops: No
[1,072s][debug][gc,nmethod  ] Register NMethod: jdk.internal.classfile.impl.SplitConstantPool.internalAdd (0x00007cb613426608) [0x00007cb613426700, 0x00007cb6134274e8] Compiler: c1, Barriers: 8, Oops: 0, ImmediateOops: 1, NonImmediateOops: No
[1,072s][debug][gc,nmethod  ] Register NMethod: jdk.internal.classfile.impl.EntryMap.put (0x00007cb613427508) [0x00007cb613427600, 0x00007cb613427cd0] Compiler: c1, Barriers: 1, Oops: 0, ImmediateOops: 1, NonImmediateOops: No
[1,072s][debug][gc,nmethod  ] Register NMethod: java.util.HashMap.hash (0x00007cb613427d08) [0x00007cb613427e00, 0x00007cb613428138] Compiler: c1, Barriers: 0, Oops: 0, ImmediateOops: 0, NonImmediateOops: No
[1,072s][debug][gc,nmethod  ] Register NMethod: java.util.stream.FindOps$FindSink.cancellationRequested (0x00007cb632beee08) [0x00007cb632beef00, 0x00007cb632beefc0] Compiler: c1, Barriers: 0, Oops: 0, ImmediateOops: 0, NonImmediateOops: No
[1,072s][debug][gc,nmethod  ] Register NMethod: java.util.stream.ReferencePipeline$2$1.accept (0x00007cb613428188) [0x00007cb613428280, 0x00007cb613428840] Compiler: c1, Barriers: 2, Oops: 0, ImmediateOops: 0, NonImmediateOops: No
[1,072s][debug][gc,nmethod  ] Register NMethod: java.util.stream.Sink$ChainedReference.cancellationRequested (0x00007cb613428888) [0x00007cb613428980, 0x00007cb613428cc8] Compiler: c1, Barriers: 1, Oops: 0, ImmediateOops: 0, NonImmediateOops: No
[1,072s][debug][gc,nmethod  ] Register NMethod: java.lang.module.ModuleDescriptor$Exports.isQualified (0x00007cb613428d08) [0x00007cb613428e00, 0x00007cb613429190] Compiler: c1, Barriers: 1, Oops: 0, ImmediateOops: 0, NonImmediateOops: No
[1,072s][debug][gc,nmethod  ] Register NMethod: java.util.ImmutableCollections$SetN.isEmpty (0x00007cb613429208) [0x00007cb613429300, 0x00007cb613429450] Compiler: c1, Barriers: 0, Oops: 0, ImmediateOops: 0, NonImmediateOops: No
[1,072s][debug][gc,nmethod  ] Register NMethod: jdk.internal.module.DefaultRoots$$Lambda/0x0000000026057da8.test (0x00007cb613429508) [0x00007cb613429600, 0x00007cb613429e58] Compiler: c1, Barriers: 1, Oops: 0, ImmediateOops: 0, NonImmediateOops: No
[1,072s][debug][gc,nmethod  ] Register NMethod: jdk.internal.module.DefaultRoots.lambda$exportsAPI$0 (0x00007cb613429e88) [0x00007cb613429f80, 0x00007cb61342a558] Compiler: c1, Barriers: 1, Oops: 0, ImmediateOops: 0, NonImmediateOops: No
[1,072s][debug][gc,nmethod  ] Register NMethod: java.util.Spliterators$IteratorSpliterator.tryAdvance (0x00007cb61342a588) [0x00007cb61342a680, 0x00007cb61342b4b0] Compiler: c1, Barriers: 8, Oops: 0, ImmediateOops: 0, NonImmediateOops: No
[1,073s][debug][gc,nmethod  ] Register NMethod: java.util.HashMap.afterNodeInsertion (0x00007cb61342b508) [0x00007cb61342b600, 0x00007cb61342b700] Compiler: c1, Barriers: 0, Oops: 0, ImmediateOops: 0, NonImmediateOops: No
[1,073s][debug][gc,nmethod  ] Register NMethod: java.util.HashMap$Node.<init> (0x00007cb61342b808) [0x00007cb61342b900, 0x00007cb61342bbc0] Compiler: c1, Barriers: 9, Oops: 0, ImmediateOops: 0, NonImmediateOops: No
[1,073s][debug][gc,nmethod  ] Register NMethod: java.util.HashMap.newNode (0x00007cb61342bc08) [0x00007cb61342bd00, 0x00007cb61342c080] Compiler: c1, Barriers: 9, Oops: 0, ImmediateOops: 0, NonImmediateOops: No
[1,073s][debug][gc,nmethod  ] Register NMethod: java.util.HashMap.put (0x00007cb61342c088) [0x00007cb61342c180, 0x00007cb61342c768] Compiler: c1, Barriers: 0, Oops: 0, ImmediateOops: 0, NonImmediateOops: No
[1,073s][debug][gc,nmethod  ] Register NMethod: java.util.Optional.<init> (0x00007cb61342c788) [0x00007cb61342c880, 0x00007cb61342ca50] Compiler: c1, Barriers: 3, Oops: 0, ImmediateOops: 0, NonImmediateOops: No
[1,073s][debug][gc,nmethod  ] Register NMethod: java.util.ImmutableCollections$MapN.get (0x00007cb61342ca88) [0x00007cb61342cb80, 0x00007cb61342cf58] Compiler: c1, Barriers: 2, Oops: 0, ImmediateOops: 0, NonImmediateOops: No
[1,073s][debug][gc,nmethod  ] Register NMethod: java.util.ImmutableCollections$Set12$1.hasNext (0x00007cb61342cf88) [0x00007cb61342d080, 0x00007cb61342d1d0] Compiler: c1, Barriers: 0, Oops: 0, ImmediateOops: 0, NonImmediateOops: No
[1,073s][debug][gc,nmethod  ] Register NMethod: java.util.ImmutableCollections$MapN.probe (0x00007cb61342d288) [0x00007cb61342d380, 0x00007cb61342dbb0] Compiler: c1, Barriers: 4, Oops: 0, ImmediateOops: 0, NonImmediateOops: No
[1,073s][debug][gc,nmethod  ] Register NMethod: jdk.internal.module.ModuleReferenceImpl.moduleResolution (0x00007cb632bef108) [0x00007cb632bef200, 0x00007cb632bef2e8] Compiler: c1, Barriers: 1, Oops: 0, ImmediateOops: 0, NonImmediateOops: No
[1,073s][debug][gc,nmethod  ] Register NMethod: java.util.HashMap.putVal (0x00007cb61342dc08) [0x00007cb61342dd00, 0x00007cb61342f9f0] Compiler: c1, Barriers: 15, Oops: 0, ImmediateOops: 0, NonImmediateOops: No
[1,073s][debug][gc,nmethod  ] Register NMethod: java.util.HashMap.getNode (0x00007cb61342fa08) [0x00007cb61342fb00, 0x00007cb613430e10] Compiler: c1, Barriers: 6, Oops: 0, ImmediateOops: 0, NonImmediateOops: No
[1,073s][debug][gc,nmethod  ] Register NMethod: java.util.HashMap$HashIterator.hasNext (0x00007cb613430e88) [0x00007cb613430f80, 0x00007cb613431100] Compiler: c1, Barriers: 1, Oops: 0, ImmediateOops: 0, NonImmediateOops: No
[1,073s][debug][gc,nmethod  ] Register NMethod: java.util.HashSet.add (0x00007cb613431188) [0x00007cb613431280, 0x00007cb613431460] Compiler: c1, Barriers: 1, Oops: 0, ImmediateOops: 1, NonImmediateOops: No
[1,073s][debug][gc,nmethod  ] Register NMethod: java.util.HashMap.get (0x00007cb613431488) [0x00007cb613431580, 0x00007cb613431918] Compiler: c1, Barriers: 1, Oops: 0, ImmediateOops: 0, NonImmediateOops: No
[1,073s][debug][gc,nmethod  ] Register NMethod: java.util.HashMap$HashIterator.nextNode (0x00007cb613431988) [0x00007cb613431a80, 0x00007cb613432098] Compiler: c1, Barriers: 14, Oops: 0, ImmediateOops: 0, NonImmediateOops: No
[1,073s][debug][gc,nmethod  ] Register NMethod: java.lang.module.ModuleDescriptor$Requires.modifiers (0x00007cb632bef408) [0x00007cb632bef500, 0x00007cb632bef5e8] Compiler: c1, Barriers: 1, Oops: 0, ImmediateOops: 0, NonImmediateOops: No
[1,073s][debug][gc,nmethod  ] Register NMethod: java.lang.module.ModuleDescriptor$Requires.name (0x00007cb632bef708) [0x00007cb632bef800, 0x00007cb632bef8e8] Compiler: c1, Barriers: 1, Oops: 0, ImmediateOops: 0, NonImmediateOops: No
[1,073s][debug][gc,nmethod  ] Register NMethod: java.util.Optional.ofNullable (0x00007cb613432108) [0x00007cb613432200, 0x00007cb6134324b8] Compiler: c1, Barriers: 3, Oops: 0, ImmediateOops: 1, NonImmediateOops: No
[1,073s][debug][gc,nmethod  ] Register NMethod: java.lang.module.Resolver.isTracing (0x00007cb613432508) [0x00007cb613432600, 0x00007cb613432780] Compiler: c1, Barriers: 1, Oops: 0, ImmediateOops: 0, NonImmediateOops: No
[1,074s][debug][gc,nmethod  ] Register NMethod: jdk.internal.module.SystemModuleFinders$SystemModuleFinder.find (0x00007cb613432808) [0x00007cb613432900, 0x00007cb6134331d0] Compiler: c1, Barriers: 4, Oops: 0, ImmediateOops: 1, NonImmediateOops: No
[1,074s][debug][gc,nmethod  ] Register NMethod: java.util.HashMap.containsKey (0x00007cb613433208) [0x00007cb613433300, 0x00007cb613433640] Compiler: c1, Barriers: 0, Oops: 0, ImmediateOops: 0, NonImmediateOops: No
[1,074s][debug][gc,nmethod  ] Register NMethod: java.util.HashMap.get (0x00007cb613433688) [0x00007cb613433780, 0x00007cb613433b18] Compiler: c1, Barriers: 1, Oops: 0, ImmediateOops: 0, NonImmediateOops: No
[1,074s][debug][gc,nmethod  ] Register NMethod: java.lang.module.ModuleDescriptor.requires (0x00007cb632befa08) [0x00007cb632befb00, 0x00007cb632befbe8] Compiler: c1, Barriers: 1, Oops: 0, ImmediateOops: 0, NonImmediateOops: No
[1,074s][debug][gc,nmethod  ] Register NMethod: java.util.HashMap.put (0x00007cb613433b88) [0x00007cb613433c80, 0x00007cb613434268] Compiler: c1, Barriers: 0, Oops: 0, ImmediateOops: 0, NonImmediateOops: No
[1,074s][debug][gc,nmethod  ] Register NMethod: java.util.ImmutableCollections$Set12$1.next (0x00007cb613434288) [0x00007cb613434380, 0x00007cb613434728] Compiler: c1, Barriers: 5, Oops: 0, ImmediateOops: 1, NonImmediateOops: No
[1,074s][debug][gc,nmethod  ] Register NMethod: java.util.HashSet.add (0x00007cb613434788) [0x00007cb613434880, 0x00007cb613434c10] Compiler: c1, Barriers: 1, Oops: 0, ImmediateOops: 1, NonImmediateOops: No
[1,074s][debug][gc,nmethod  ] Register NMethod: java.util.HashMap$KeyIterator.next (0x00007cb613434c88) [0x00007cb613434d80, 0x00007cb6134350b0] Compiler: c1, Barriers: 1, Oops: 0, ImmediateOops: 0, NonImmediateOops: No
[1,074s][debug][gc,nmethod  ] Register NMethod: java.lang.module.ModuleDescriptor.hashCode (0x00007cb613435108) [0x00007cb613435200, 0x00007cb613436a78] Compiler: c1, Barriers: 12, Oops: 0, ImmediateOops: 0, NonImmediateOops: No
[1,074s][debug][gc,nmethod  ] Register NMethod: java.util.HashMap.putVal (0x00007cb613436a88) [0x00007cb613436b80, 0x00007cb613438f10] Compiler: c1, Barriers: 15, Oops: 0, ImmediateOops: 0, NonImmediateOops: No
[1,074s][debug][gc,nmethod  ] Register NMethod: java.util.ImmutableCollections$SetN.contains (0x00007cb613438f88) [0x00007cb613439080, 0x00007cb613439380] Compiler: c1, Barriers: 0, Oops: 0, ImmediateOops: 0, NonImmediateOops: No
[1,074s][debug][gc,nmethod  ] Register NMethod: java.util.ImmutableCollections$Set12.iterator (0x00007cb613439388) [0x00007cb613439480, 0x00007cb613439620] Compiler: c1, Barriers: 0, Oops: 0, ImmediateOops: 0, NonImmediateOops: No
[1,075s][debug][gc,nmethod  ] Register NMethod: jdk.internal.module.ModuleReferenceImpl.hashCode (0x00007cb613439688) [0x00007cb613439780, 0x00007cb61343a108] Compiler: c1, Barriers: 3, Oops: 0, ImmediateOops: 0, NonImmediateOops: No
[1,075s][debug][gc,nmethod  ] Register NMethod: java.util.AbstractMap.<init> (0x00007cb61343a188) [0x00007cb61343a280, 0x00007cb61343a3d8] Compiler: c1, Barriers: 0, Oops: 0, ImmediateOops: 0, NonImmediateOops: No
[1,075s][debug][gc,nmethod  ] Register NMethod: java.lang.module.ResolvedModule.hashCode (0x00007cb61343a488) [0x00007cb61343a580, 0x00007cb61343a950] Compiler: c1, Barriers: 2, Oops: 0, ImmediateOops: 0, NonImmediateOops: No
[1,075s][debug][gc,nmethod  ] Register NMethod: java.util.AbstractSet.<init> (0x00007cb61343a988) [0x00007cb61343aa80, 0x00007cb61343ac38] Compiler: c1, Barriers: 0, Oops: 0, ImmediateOops: 0, NonImmediateOops: No
[1,075s][debug][gc,nmethod  ] Register NMethod: java.util.ImmutableCollections$Set12$1.<init> (0x00007cb61343ac88) [0x00007cb61343ad80, 0x00007cb61343b130] Compiler: c1, Barriers: 4, Oops: 0, ImmediateOops: 1, NonImmediateOops: No
[1,075s][debug][gc,nmethod  ] Register NMethod: java.lang.Object.equals (0x00007cb61343b188) [0x00007cb61343b280, 0x00007cb61343b3d0] Compiler: c1, Barriers: 0, Oops: 0, ImmediateOops: 0, NonImmediateOops: No
[1,075s][debug][gc,nmethod  ] Register NMethod: java.lang.module.ModuleDescriptor.isAutomatic (0x00007cb632befd08) [0x00007cb632befe00, 0x00007cb632befec0] Compiler: c1, Barriers: 0, Oops: 0, ImmediateOops: 0, NonImmediateOops: No
[1,075s][debug][gc,nmethod  ] Register NMethod: java.util.HashMap$ValueIterator.next (0x00007cb61343b488) [0x00007cb61343b580, 0x00007cb61343b8b0] Compiler: c1, Barriers: 1, Oops: 0, ImmediateOops: 0, NonImmediateOops: No
[1,075s][debug][gc,nmethod  ] Register NMethod: java.util.HashMap$Node.getKey (0x00007cb632bf0008) [0x00007cb632bf0100, 0x00007cb632bf01e8] Compiler: c1, Barriers: 1, Oops: 0, ImmediateOops: 0, NonImmediateOops: No
[1,075s][debug][gc,nmethod  ] Register NMethod: java.util.HashMap$Node.getValue (0x00007cb632bf0308) [0x00007cb632bf0400, 0x00007cb632bf04e8] Compiler: c1, Barriers: 1, Oops: 0, ImmediateOops: 0, NonImmediateOops: No
[1,075s][debug][gc,nmethod  ] Register NMethod: java.util.HashSet.contains (0x00007cb61343b908) [0x00007cb61343ba00, 0x00007cb61343bf98] Compiler: c1, Barriers: 1, Oops: 0, ImmediateOops: 0, NonImmediateOops: No
[1,075s][debug][gc,nmethod  ] Register NMethod: java.util.HashSet.iterator (0x00007cb61343c008) [0x00007cb61343c100, 0x00007cb61343c648] Compiler: c1, Barriers: 1, Oops: 0, ImmediateOops: 0, NonImmediateOops: No
[1,075s][debug][gc,nmethod  ] Register NMethod: java.util.HashMap$KeyIterator.<init> (0x00007cb61343c688) [0x00007cb61343c780, 0x00007cb61343ca00] Compiler: c1, Barriers: 0, Oops: 0, ImmediateOops: 0, NonImmediateOops: No
[1,075s][debug][gc,nmethod  ] Register NMethod: java.util.HashMap.keySet (0x00007cb61343ca08) [0x00007cb61343cb00, 0x00007cb61343cf88] Compiler: c1, Barriers: 7, Oops: 0, ImmediateOops: 0, NonImmediateOops: No
[1,075s][debug][gc,nmethod  ] Register NMethod: java.util.HashMap$HashIterator.<init> (0x00007cb61343d008) [0x00007cb61343d100, 0x00007cb61343d750] Compiler: c1, Barriers: 14, Oops: 0, ImmediateOops: 0, NonImmediateOops: No
[1,075s][debug][gc,nmethod  ] Register NMethod: java.util.HashMap$KeySet.iterator (0x00007cb61343d788) [0x00007cb61343d880, 0x00007cb61343dc00] Compiler: c1, Barriers: 1, Oops: 0, ImmediateOops: 0, NonImmediateOops: No
[1,075s][debug][gc,nmethod  ] Register NMethod: java.util.ImmutableCollections$Set12.isEmpty (0x00007cb632bf0608) [0x00007cb632bf0700, 0x00007cb632bf07c0] Compiler: c1, Barriers: 0, Oops: 0, ImmediateOops: 0, NonImmediateOops: No
[1,075s][debug][gc,nmethod  ] Register NMethod: java.lang.module.ModuleDescriptor$Exports.source (0x00007cb632bf0908) [0x00007cb632bf0a00, 0x00007cb632bf0ae8] Compiler: c1, Barriers: 1, Oops: 0, ImmediateOops: 0, NonImmediateOops: No
[1,075s][debug][gc,nmethod  ] Register NMethod: java.lang.module.ModuleDescriptor$Exports.targets (0x00007cb632bf0c08) [0x00007cb632bf0d00, 0x00007cb632bf0de8] Compiler: c1, Barriers: 1, Oops: 0, ImmediateOops: 0, NonImmediateOops: No
[1,075s][debug][gc,nmethod  ] Register NMethod: java.util.ImmutableCollections$Set12.contains (0x00007cb61343dc08) [0x00007cb61343dd00, 0x00007cb61343e308] Compiler: c1, Barriers: 2, Oops: 0, ImmediateOops: 0, NonImmediateOops: No
[1,075s][debug][gc,nmethod  ] Register NMethod: java.util.Objects.requireNonNull (0x00007cb632bf0f08) [0x00007cb632bf1000, 0x00007cb632bf1098] Compiler: jvmci, Barriers: 0, Oops: 0, ImmediateOops: 0, NonImmediateOops: No
[1,075s][debug][gc,nmethod  ] Register NMethod: java.util.HashMap.putIfAbsent (0x00007cb61343e388) [0x00007cb61343e480, 0x00007cb61343ea68] Compiler: c1, Barriers: 0, Oops: 0, ImmediateOops: 0, NonImmediateOops: No
[1,075s][debug][gc,nmethod  ] Register NMethod: java.util.HashMap.<init> (0x00007cb61343ea88) [0x00007cb61343eb80, 0x00007cb61343ed40] Compiler: c1, Barriers: 0, Oops: 0, ImmediateOops: 0, NonImmediateOops: No
[1,076s][debug][gc,nmethod  ] Register NMethod: java.util.HashMap.resize (0x00007cb61343ed88) [0x00007cb61343eea0, 0x00007cb613440b80] Compiler: c1, Barriers: 31, Oops: 0, ImmediateOops: 0, NonImmediateOops: No
[1,076s][debug][gc,nmethod  ] Register NMethod: java.util.HashMap.afterNodeInsertion (0x00007cb632bf1208) [0x00007cb632bf1300, 0x00007cb632bf1380] Compiler: jvmci, Barriers: 0, Oops: 0, ImmediateOops: 0, NonImmediateOops: No
[1,076s][debug][gc,nmethod  ] Register NMethod: java.lang.module.ModuleDescriptor.provides (0x00007cb632bf1508) [0x00007cb632bf1600, 0x00007cb632bf16e8] Compiler: c1, Barriers: 1, Oops: 0, ImmediateOops: 0, NonImmediateOops: No
[1,076s][debug][gc,nmethod  ] Register NMethod: java.util.Arrays.copyOfRange (0x00007cb613440b88) [0x00007cb613440c80, 0x00007cb613441f50] Compiler: c1, Barriers: 0, Oops: 1, ImmediateOops: 2, NonImmediateOops: No
[1,076s][debug][gc,nmethod  ] Register NMethod: java.lang.module.ModuleDescriptor.exports (0x00007cb632bf1808) [0x00007cb632bf1900, 0x00007cb632bf19e8] Compiler: c1, Barriers: 1, Oops: 0, ImmediateOops: 0, NonImmediateOops: No
[1,076s][debug][gc,nmethod  ] Register NMethod: java.lang.module.ModuleDescriptor$Provides.service (0x00007cb632bf1b08) [0x00007cb632bf1c00, 0x00007cb632bf1ce8] Compiler: c1, Barriers: 1, Oops: 0, ImmediateOops: 0, NonImmediateOops: No
[1,076s][debug][gc,nmethod  ] Register NMethod: java.lang.StringLatin1.newString (0x00007cb613441f88) [0x00007cb613442080, 0x00007cb6134423a0] Compiler: c1, Barriers: 3, Oops: 0, ImmediateOops: 1, NonImmediateOops: No
[1,076s][debug][gc,nmethod  ] Register NMethod: java.lang.module.ModuleDescriptor.uses (0x00007cb632bf1e08) [0x00007cb632bf1f00, 0x00007cb632bf1fe8] Compiler: c1, Barriers: 1, Oops: 0, ImmediateOops: 0, NonImmediateOops: No
[1,076s][debug][gc,nmethod  ] Register NMethod: java.lang.String.substring (0x00007cb613442408) [0x00007cb613442500, 0x00007cb613443020] Compiler: c1, Barriers: 1, Oops: 1, ImmediateOops: 1, NonImmediateOops: No
[1,076s][debug][gc,nmethod  ] Register NMethod: java.lang.module.ResolvedModule.descriptor (0x00007cb613443088) [0x00007cb613443180, 0x00007cb6134434c0] Compiler: c1, Barriers: 2, Oops: 0, ImmediateOops: 0, NonImmediateOops: No
[1,077s][debug][gc,nmethod  ] Register NMethod: java.util.HashMap$EntryIterator.next (0x00007cb613443508) [0x00007cb613443600, 0x00007cb6134438f8] Compiler: c1, Barriers: 0, Oops: 0, ImmediateOops: 0, NonImmediateOops: No
[1,077s][debug][gc,nmethod  ] Register NMethod: java.util.HashMap$EntryIterator.next (0x00007cb613443908) [0x00007cb613443a00, 0x00007cb613443f10] Compiler: c1, Barriers: 0, Oops: 0, ImmediateOops: 0, NonImmediateOops: No
[1,077s][debug][gc,nmethod  ] Register NMethod: java.util.ImmutableCollections$SetN$SetNIterator.hasNext (0x00007cb632bf2108) [0x00007cb632bf2200, 0x00007cb632bf2290] Compiler: jvmci, Barriers: 0, Oops: 0, ImmediateOops: 0, NonImmediateOops: No
[1,077s][debug][gc,nmethod  ] Register NMethod: java.util.HashSet.<init> (0x00007cb613443f88) [0x00007cb613444080, 0x00007cb613444488] Compiler: c1, Barriers: 3, Oops: 0, ImmediateOops: 0, NonImmediateOops: No
[1,077s][debug][gc,nmethod  ] Register NMethod: java.lang.StringLatin1.lastIndexOf (0x00007cb613444508) [0x00007cb613444600, 0x00007cb613444a20] Compiler: c1, Barriers: 0, Oops: 0, ImmediateOops: 0, NonImmediateOops: No
[1,078s][debug][gc,nmethod  ] Register NMethod: java.util.KeyValueHolder.getKey (0x00007cb632bf2408) [0x00007cb632bf2500, 0x00007cb632bf25e8] Compiler: c1, Barriers: 1, Oops: 0, ImmediateOops: 0, NonImmediateOops: No
[1,078s][debug][gc,nmethod  ] Register NMethod: java.util.KeyValueHolder.getValue (0x00007cb632bf2708) [0x00007cb632bf2800, 0x00007cb632bf28e8] Compiler: c1, Barriers: 1, Oops: 0, ImmediateOops: 0, NonImmediateOops: No
[1,078s][debug][gc,nmethod  ] Register NMethod: java.lang.module.ModuleDescriptor.packages (0x00007cb632bf2a08) [0x00007cb632bf2b00, 0x00007cb632bf2be8] Compiler: c1, Barriers: 1, Oops: 0, ImmediateOops: 0, NonImmediateOops: No
[1,078s][debug][gc,nmethod  ] Register NMethod: java.util.concurrent.ConcurrentHashMap.casTabAt (0x00007cb613444a88) [0x00007cb613444b80, 0x00007cb613444cf0] Compiler: c1, Barriers: 5, Oops: 0, ImmediateOops: 0, NonImmediateOops: No
[1,078s][debug][gc,nmethod  ] Register NMethod: java.util.Optional.orElse (0x00007cb613444d88) [0x00007cb613444e80, 0x00007cb613445018] Compiler: c1, Barriers: 1, Oops: 0, ImmediateOops: 0, NonImmediateOops: No
[1,078s][debug][gc,nmethod  ] Register NMethod: java.lang.module.ResolvedModule.reference (0x00007cb632bf2d08) [0x00007cb632bf2e00, 0x00007cb632bf2ee8] Compiler: c1, Barriers: 1, Oops: 0, ImmediateOops: 0, NonImmediateOops: No
[1,078s][debug][gc,nmethod  ] Register NMethod: java.lang.module.ResolvedModule.name (0x00007cb613445088) [0x00007cb613445180, 0x00007cb6134456c8] Compiler: c1, Barriers: 3, Oops: 0, ImmediateOops: 0, NonImmediateOops: No
[1,078s][debug][gc,nmethod  ] Register NMethod: java.lang.AbstractStringBuilder.length (0x00007cb632bf3008) [0x00007cb632bf3100, 0x00007cb632bf31c0] Compiler: c1, Barriers: 0, Oops: 0, ImmediateOops: 0, NonImmediateOops: No
[1,079s][debug][gc,nmethod  ] Register NMethod: java.lang.module.ModuleDescriptor$Version.toString (0x00007cb632bf3308) [0x00007cb632bf3400, 0x00007cb632bf34e8] Compiler: c1, Barriers: 1, Oops: 0, ImmediateOops: 0, NonImmediateOops: No
[1,079s][debug][gc,nmethod  ] Register NMethod: java.lang.AbstractStringBuilder.needsNewBuffer (0x00007cb613445708) [0x00007cb613445800, 0x00007cb6134459a0] Compiler: c1, Barriers: 0, Oops: 0, ImmediateOops: 0, NonImmediateOops: No
[1,079s][debug][gc,nmethod  ] Register NMethod: java.lang.String.hashCode (0x00007cb632bf3608) [0x00007cb632bf3700, 0x00007cb632bf38a0] Compiler: jvmci, Barriers: 1, Oops: 0, ImmediateOops: 0, NonImmediateOops: No
[1,079s][debug][gc,director ] Rule Major: Warmup 10%, Used: 14MB, UsedThreshold: 1228MB
[1,080s][debug][gc,nmethod  ] Register NMethod: java.lang.Module.addExports0 (0x00007cb632bf3908) [0x00007cb632bf3a00, 0x00007cb632bf3b80] Compiler: , Barriers: 0, Oops: 0, ImmediateOops: 1, NonImmediateOops: No
[1,080s][debug][gc,nmethod  ] Register NMethod: java.util.HashMap.isEmpty (0x00007cb613445a08) [0x00007cb613445b00, 0x00007cb613445c50] Compiler: c1, Barriers: 0, Oops: 0, ImmediateOops: 0, NonImmediateOops: No
[1,080s][debug][gc,nmethod  ] Register NMethod: java.lang.Double.doubleToRawLongBits (0x00007cb632bf3c08) [0x00007cb632bf3d00, 0x00007cb632bf3e58] Compiler: , Barriers: 0, Oops: 0, ImmediateOops: 1, NonImmediateOops: No
[1,080s][debug][gc,nmethod  ] Register NMethod: java.lang.Module.addExportsToAll0 (0x00007cb632bf3f08) [0x00007cb632bf4000, 0x00007cb632bf4170] Compiler: , Barriers: 0, Oops: 0, ImmediateOops: 1, NonImmediateOops: No
[1,080s][debug][gc,nmethod  ] Register NMethod: java.lang.Module.addReads0 (0x00007cb632bf4208) [0x00007cb632bf4300, 0x00007cb632bf4470] Compiler: , Barriers: 0, Oops: 0, ImmediateOops: 1, NonImmediateOops: No
[1,080s][debug][gc,nmethod  ] Register NMethod: java.util.HashSet.isEmpty (0x00007cb613445d08) [0x00007cb613445e00, 0x00007cb6134461a8] Compiler: c1, Barriers: 1, Oops: 0, ImmediateOops: 0, NonImmediateOops: No
[1,080s][debug][gc,nmethod  ] Register NMethod: java.lang.Math.max (0x00007cb613446208) [0x00007cb613446300, 0x00007cb613446428] Compiler: c1, Barriers: 0, Oops: 0, ImmediateOops: 0, NonImmediateOops: No
[1,080s][debug][gc,nmethod  ] Register NMethod: java.lang.module.ResolvedModule.configuration (0x00007cb632bf4508) [0x00007cb632bf4600, 0x00007cb632bf46e8] Compiler: c1, Barriers: 1, Oops: 0, ImmediateOops: 0, NonImmediateOops: No
[1,080s][debug][gc,nmethod  ] Register NMethod: java.util.ImmutableCollections$ListItr.hasNext (0x00007cb613446508) [0x00007cb613446600, 0x00007cb613446750] Compiler: c1, Barriers: 0, Oops: 0, ImmediateOops: 0, NonImmediateOops: No
[1,080s][debug][gc,nmethod  ] Register NMethod: java.util.ImmutableCollections$List12.size (0x00007cb613446808) [0x00007cb613446900, 0x00007cb613446aa8] Compiler: c1, Barriers: 1, Oops: 0, ImmediateOops: 1, NonImmediateOops: No
[1,080s][debug][gc,nmethod  ] Register NMethod: java.util.ImmutableCollections$List12.get (0x00007cb613446b08) [0x00007cb613446c00, 0x00007cb613447018] Compiler: c1, Barriers: 2, Oops: 0, ImmediateOops: 1, NonImmediateOops: No
[1,080s][debug][gc,nmethod  ] Register NMethod: java.util.Optional.empty (0x00007cb613447088) [0x00007cb613447180, 0x00007cb613447268] Compiler: c1, Barriers: 0, Oops: 0, ImmediateOops: 1, NonImmediateOops: No
[1,080s][debug][gc,nmethod  ] Register NMethod: java.util.ImmutableCollections$ListItr.<init> (0x00007cb613447388) [0x00007cb613447480, 0x00007cb613447660] Compiler: c1, Barriers: 3, Oops: 0, ImmediateOops: 0, NonImmediateOops: No
[1,080s][debug][gc,nmethod  ] Register NMethod: java.lang.module.ModuleDescriptor.isOpen (0x00007cb632bf4808) [0x00007cb632bf4900, 0x00007cb632bf49c0] Compiler: c1, Barriers: 0, Oops: 0, ImmediateOops: 0, NonImmediateOops: No
[1,080s][debug][gc,nmethod  ] Register NMethod: java.util.ImmutableCollections$ListItr.next (0x00007cb613447688) [0x00007cb613447780, 0x00007cb613447b70] Compiler: c1, Barriers: 1, Oops: 0, ImmediateOops: 0, NonImmediateOops: No
[1,080s][debug][gc,nmethod  ] Register NMethod: java.util.ImmutableCollections$AbstractImmutableList.iterator (0x00007cb613447b88) [0x00007cb613447c80, 0x00007cb613448130] Compiler: c1, Barriers: 3, Oops: 0, ImmediateOops: 0, NonImmediateOops: No
[1,080s][debug][gc,nmethod  ] Register NMethod: java.lang.Module.findModule (0x00007cb613448188) [0x00007cb613448280, 0x00007cb613449ba8] Compiler: c1, Barriers: 1, Oops: 0, ImmediateOops: 0, NonImmediateOops: No
[1,081s][debug][gc,nmethod  ] Register NMethod: java.util.HashMap.size (0x00007cb632bf4b08) [0x00007cb632bf4c00, 0x00007cb632bf4cc0] Compiler: c1, Barriers: 0, Oops: 0, ImmediateOops: 0, NonImmediateOops: No
[1,081s][debug][gc,nmethod  ] Register NMethod: jdk.internal.module.ServicesCatalog$ServiceProvider.<init> (0x00007cb613449c08) [0x00007cb613449d00, 0x00007cb613449f48] Compiler: c1, Barriers: 6, Oops: 0, ImmediateOops: 0, NonImmediateOops: No
[1,081s][debug][gc,nmethod  ] Register NMethod: jdk.internal.classfile.impl.AbstractPoolEntry.maybeClone (0x00007cb613449f88) [0x00007cb61344a080, 0x00007cb61344a9e8] Compiler: c1, Barriers: 0, Oops: 0, ImmediateOops: 0, NonImmediateOops: No
[1,081s][debug][gc,nmethod  ] Register NMethod: jdk.internal.classfile.impl.SplitConstantPool.canWriteDirect (0x00007cb61344aa08) [0x00007cb61344ab00, 0x00007cb61344adf8] Compiler: c1, Barriers: 1, Oops: 0, ImmediateOops: 0, NonImmediateOops: No
[1,081s][debug][gc,nmethod  ] Register NMethod: jdk.internal.classfile.impl.RawBytecodeHelper.endBci (0x00007cb61344ae08) [0x00007cb61344af00, 0x00007cb61344b038] Compiler: c1, Barriers: 1, Oops: 0, ImmediateOops: 0, NonImmediateOops: No
[1,081s][debug][gc,nmethod  ] Register NMethod: java.lang.invoke.MethodType.ptypes (0x00007cb632bf4e08) [0x00007cb632bf4f00, 0x00007cb632bf4fe8] Compiler: c1, Barriers: 1, Oops: 0, ImmediateOops: 0, NonImmediateOops: No
[1,081s][debug][gc,nmethod  ] Register NMethod: jdk.internal.classfile.impl.RawBytecodeHelper.next (0x00007cb61344b108) [0x00007cb61344b200, 0x00007cb61344b978] Compiler: c1, Barriers: 2, Oops: 0, ImmediateOops: 1, NonImmediateOops: No
[1,082s][debug][gc,nmethod  ] Register NMethod: java.lang.StringLatin1.indexOf (0x00007cb61344b988) [0x00007cb61344ba80, 0x00007cb61344bdd8] Compiler: c1, Barriers: 0, Oops: 0, ImmediateOops: 0, NonImmediateOops: No
[1,082s][debug][gc,nmethod  ] Register NMethod: java.lang.invoke.MethodTypeForm.canonicalize (0x00007cb61344be08) [0x00007cb61344bf00, 0x00007cb61344cb58] Compiler: c1, Barriers: 1, Oops: 0, ImmediateOops: 2, NonImmediateOops: No
[1,082s][debug][gc,nmethod  ] Register NMethod: java.lang.Class.isInstance (0x00007cb632bf5108) [0x00007cb632bf5200, 0x00007cb632bf5370] Compiler: , Barriers: 0, Oops: 0, ImmediateOops: 0, NonImmediateOops: No
[1,082s][debug][gc,nmethod  ] Register NMethod: jdk.internal.classfile.impl.RawBytecodeHelper.opcode (0x00007cb61344cb88) [0x00007cb61344cc80, 0x00007cb61344cd88] Compiler: c1, Barriers: 0, Oops: 0, ImmediateOops: 0, NonImmediateOops: No
[1,082s][debug][gc,nmethod  ] Register NMethod: java.lang.invoke.MethodType.parameterType (0x00007cb61344ce88) [0x00007cb61344cf80, 0x00007cb61344d108] Compiler: c1, Barriers: 2, Oops: 0, ImmediateOops: 0, NonImmediateOops: No
[1,082s][debug][gc,nmethod  ] Register NMethod: java.lang.AbstractStringBuilder.isLatin1 (0x00007cb61344d188) [0x00007cb61344d280, 0x00007cb61344d3c0] Compiler: c1, Barriers: 0, Oops: 0, ImmediateOops: 0, NonImmediateOops: No
[1,083s][debug][gc,nmethod  ] Register NMethod: jdk.internal.vm.Continuation.enterSpecial (0x00007cb632bf5408) [0x00007cb632bf5500, 0x00007cb632bf56f8] Compiler: , Barriers: 0, Oops: 0, ImmediateOops: 0, NonImmediateOops: No
[1,083s][debug][gc,nmethod  ] Register NMethod: jdk.internal.vm.Continuation.doYield (0x00007cb632bf5708) [0x00007cb632bf5800, 0x00007cb632bf58c8] Compiler: , Barriers: 0, Oops: 0, ImmediateOops: 0, NonImmediateOops: No
[1,084s][debug][gc,nmethod  ] Register NMethod: java.util.ImmutableCollections$SetN$SetNIterator.next (0x00007cb632bf5a08) [0x00007cb632bf5b00, 0x00007cb632bf5d58] Compiler: jvmci, Barriers: 4, Oops: 0, ImmediateOops: 0, NonImmediateOops: No
[1,087s][debug][gc,nmethod  ] Register NMethod: java.lang.AbstractStringBuilder.getValue (0x00007cb632bf5d88) [0x00007cb632bf5e80, 0x00007cb632bf5f68] Compiler: c1, Barriers: 1, Oops: 0, ImmediateOops: 0, NonImmediateOops: No
[1,087s][debug][gc,nmethod  ] Register NMethod: java.lang.StringBuilder.append (0x00007cb61344d488) [0x00007cb61344d580, 0x00007cb61344d6c8] Compiler: c1, Barriers: 0, Oops: 0, ImmediateOops: 0, NonImmediateOops: No
[1,088s][debug][gc,nmethod  ] Register NMethod: java.lang.AbstractStringBuilder.append (0x00007cb61344d788) [0x00007cb61344d880, 0x00007cb61344e4d0] Compiler: c1, Barriers: 5, Oops: 0, ImmediateOops: 0, NonImmediateOops: No
[1,089s][debug][gc,director ] Rule Major: Warmup 10%, Used: 14MB, UsedThreshold: 1228MB
[1,091s][debug][gc,nmethod  ] Register NMethod: jdk.internal.misc.Unsafe.getByte (0x00007cb632bf6088) [0x00007cb632bf6180, 0x00007cb632bf62e8] Compiler: , Barriers: 0, Oops: 0, ImmediateOops: 0, NonImmediateOops: No
[1,092s][debug][gc,nmethod  ] Register NMethod: jdk.internal.misc.Unsafe.getShort (0x00007cb632bf6388) [0x00007cb632bf6480, 0x00007cb632bf65e8] Compiler: , Barriers: 0, Oops: 0, ImmediateOops: 0, NonImmediateOops: No
[1,092s][debug][gc,nmethod  ] Register NMethod: jdk.internal.misc.Unsafe.pickPos (0x00007cb61344e508) [0x00007cb61344e600, 0x00007cb61344e6f0] Compiler: c1, Barriers: 0, Oops: 0, ImmediateOops: 0, NonImmediateOops: No
[1,092s][debug][gc,nmethod  ] Register NMethod: jdk.internal.misc.Unsafe.toUnsignedInt (0x00007cb61344e808) [0x00007cb61344e900, 0x00007cb61344e9e8] Compiler: c1, Barriers: 0, Oops: 0, ImmediateOops: 0, NonImmediateOops: No
[1,092s][debug][gc,nmethod  ] Register NMethod: jdk.internal.misc.Unsafe.convEndian (0x00007cb61344eb08) [0x00007cb61344ec00, 0x00007cb61344eda0] Compiler: c1, Barriers: 0, Oops: 0, ImmediateOops: 0, NonImmediateOops: No
[1,092s][debug][gc,nmethod  ] Register NMethod: jdk.internal.misc.Unsafe.getIntUnaligned (0x00007cb61344ee08) [0x00007cb61344ef00, 0x00007cb61344f350] Compiler: c1, Barriers: 0, Oops: 0, ImmediateOops: 0, NonImmediateOops: No
[1,092s][debug][gc,nmethod  ] Register NMethod: java.util.zip.ZipUtils.get16 (0x00007cb61344f388) [0x00007cb61344f480, 0x00007cb61344f880] Compiler: c1, Barriers: 0, Oops: 1, ImmediateOops: 2, NonImmediateOops: No
[1,092s][debug][gc,nmethod  ] Register NMethod: jdk.internal.misc.Unsafe.getShortUnaligned (0x00007cb61344f908) [0x00007cb61344fa00, 0x00007cb61344fd90] Compiler: c1, Barriers: 0, Oops: 0, ImmediateOops: 0, NonImmediateOops: No
[1,092s][debug][gc,nmethod  ] Register NMethod: java.lang.Short.toUnsignedInt (0x00007cb61344fe08) [0x00007cb61344ff00, 0x00007cb61344ffe8] Compiler: c1, Barriers: 0, Oops: 0, ImmediateOops: 0, NonImmediateOops: No
[1,092s][debug][gc,nmethod  ] Register NMethod: jdk.internal.misc.Unsafe.getShortUnaligned (0x00007cb613450108) [0x00007cb613450200, 0x00007cb613450428] Compiler: c1, Barriers: 0, Oops: 0, ImmediateOops: 0, NonImmediateOops: No
[1,092s][debug][gc,nmethod  ] Register NMethod: java.util.HashMap.resize (0x00007cb632bf6688) [0x00007cb632bf67a0, 0x00007cb632bf72f0] Compiler: jvmci, Barriers: 33, Oops: 0, ImmediateOops: 0, NonImmediateOops: No
[1,093s][debug][gc,nmethod  ] Register NMethod: java.lang.StringBuilder.length (0x00007cb613450488) [0x00007cb613450580, 0x00007cb613450698] Compiler: c1, Barriers: 0, Oops: 0, ImmediateOops: 0, NonImmediateOops: No
[1,095s][debug][gc,nmethod  ] Register NMethod: java.lang.StringLatin1.equals (0x00007cb632bf7308) [0x00007cb632bf7400, 0x00007cb632bf7698] Compiler: jvmci, Barriers: 0, Oops: 0, ImmediateOops: 0, NonImmediateOops: No
[1,096s][debug][gc,nmethod  ] Register NMethod: java.lang.invoke.MethodType.checkSlotCount (0x00007cb613450788) [0x00007cb613450880, 0x00007cb6134515b8] Compiler: c1, Barriers: 0, Oops: 1, ImmediateOops: 2, NonImmediateOops: No
[1,096s][debug][gc,nmethod  ] Register NMethod: jdk.internal.util.WeakReferenceKey.hashCode (0x00007cb632bf7708) [0x00007cb632bf7800, 0x00007cb632bf78c0] Compiler: c1, Barriers: 0, Oops: 0, ImmediateOops: 0, NonImmediateOops: No
[1,096s][debug][gc,nmethod  ] Register NMethod: java.lang.invoke.MethodHandle.linkToStatic (0x00007cb632bf7a08) [0x00007cb632bf7b00, 0x00007cb632bf7bf0] Compiler: , Barriers: 0, Oops: 0, ImmediateOops: 0, NonImmediateOops: No
[1,096s][debug][gc,nmethod  ] Register NMethod: java.io.BufferedInputStream.getBufIfOpen (0x00007cb613451608) [0x00007cb613451700, 0x00007cb613451838] Compiler: c1, Barriers: 0, Oops: 0, ImmediateOops: 0, NonImmediateOops: No
[1,097s][debug][gc,nmethod  ] Register NMethod: java.io.BufferedInputStream.getBufIfOpen (0x00007cb613451908) [0x00007cb613451a00, 0x00007cb613451e18] Compiler: c1, Barriers: 7, Oops: 0, ImmediateOops: 3, NonImmediateOops: No
[1,097s][debug][gc,nmethod  ] Register NMethod: java.io.BufferedInputStream.read (0x00007cb613451e88) [0x00007cb613451f80, 0x00007cb6134523d8] Compiler: c1, Barriers: 0, Oops: 0, ImmediateOops: 0, NonImmediateOops: No
[1,097s][debug][gc,nmethod  ] Register NMethod: worker.org.gradle.internal.stream.EncodedStream$EncodedInput.hexToByte (0x00007cb613452408) [0x00007cb613452500, 0x00007cb613452c48] Compiler: c1, Barriers: 3, Oops: 2, ImmediateOops: 1, NonImmediateOops: No
[1,097s][debug][gc,nmethod  ] Register NMethod: worker.org.gradle.internal.stream.EncodedStream$EncodedInput.read (0x00007cb613452c88) [0x00007cb613452d80, 0x00007cb6134534d8] Compiler: c1, Barriers: 2, Oops: 1, ImmediateOops: 1, NonImmediateOops: No
[1,097s][debug][gc,nmethod  ] Register NMethod: java.lang.Class.getName (0x00007cb613453508) [0x00007cb613453600, 0x00007cb6134537b0] Compiler: c1, Barriers: 1, Oops: 0, ImmediateOops: 0, NonImmediateOops: No
[1,097s][debug][gc,nmethod  ] Register NMethod: jdk.internal.util.Preconditions.checkFromIndexSize (0x00007cb613453808) [0x00007cb613453900, 0x00007cb613453a98] Compiler: c1, Barriers: 0, Oops: 0, ImmediateOops: 0, NonImmediateOops: No
[1,097s][debug][gc,nmethod  ] Register NMethod: java.net.URL.getHost (0x00007cb632bf7d08) [0x00007cb632bf7e00, 0x00007cb632bf7ee8] Compiler: c1, Barriers: 1, Oops: 0, ImmediateOops: 0, NonImmediateOops: No
[1,097s][debug][gc,nmethod  ] Register NMethod: java.net.URL.getUserInfo (0x00007cb632bf8008) [0x00007cb632bf8100, 0x00007cb632bf81e8] Compiler: c1, Barriers: 1, Oops: 0, ImmediateOops: 0, NonImmediateOops: No
[1,097s][debug][gc,nmethod  ] Register NMethod: java.util.HashMap.putVal (0x00007cb632bf8308) [0x00007cb632bf8420, 0x00007cb632bf9ce8] Compiler: jvmci, Barriers: 82, Oops: 0, ImmediateOops: 0, NonImmediateOops: No
[1,097s][debug][gc,nmethod  ] Register NMethod: sun.net.util.IPAddressUtil.earlyURLParsing (0x00007cb613453b08) [0x00007cb613453c00, 0x00007cb613453d08] Compiler: c1, Barriers: 0, Oops: 0, ImmediateOops: 0, NonImmediateOops: No
[1,098s][debug][gc,nmethod  ] Register NMethod: java.lang.Record.<init> (0x00007cb613453e08) [0x00007cb613453f00, 0x00007cb613454058] Compiler: c1, Barriers: 0, Oops: 0, ImmediateOops: 0, NonImmediateOops: No
[1,098s][debug][gc,nmethod  ] Register NMethod: java.lang.StringLatin1.replace (0x00007cb613454108) [0x00007cb613454200, 0x00007cb6134552a0] Compiler: c1, Barriers: 6, Oops: 0, ImmediateOops: 3, NonImmediateOops: No
[1,098s][debug][gc,nmethod  ] Register NMethod: java.lang.StringLatin1.indexOfChar (0x00007cb632bf9d08) [0x00007cb632bf9e00, 0x00007cb632bfa070] Compiler: jvmci, Barriers: 0, Oops: 0, ImmediateOops: 0, NonImmediateOops: No
[1,098s][debug][gc,nmethod  ] Register NMethod: java.util.HashMap.newNode (0x00007cb632bfa088) [0x00007cb632bfa180, 0x00007cb632bfa2e0] Compiler: jvmci, Barriers: 6, Oops: 0, ImmediateOops: 0, NonImmediateOops: No
[1,098s][debug][gc,nmethod  ] Register NMethod: java.io.BufferedInputStream.getBufIfOpen (0x00007cb632bfa388) [0x00007cb632bfa480, 0x00007cb632bfa5b0] Compiler: jvmci, Barriers: 1, Oops: 0, ImmediateOops: 1, NonImmediateOops: No
[1,099s][debug][gc,nmethod  ] Register NMethod: java.lang.String.lastIndexOf (0x00007cb613455308) [0x00007cb613455400, 0x00007cb6134558a0] Compiler: c1, Barriers: 2, Oops: 0, ImmediateOops: 0, NonImmediateOops: No
[1,099s][debug][gc,nmethod  ] Register NMethod: jdk.internal.misc.Unsafe.putReferenceVolatile (0x00007cb632bfa688) [0x00007cb632bfa780, 0x00007cb632bfa8f0] Compiler: , Barriers: 0, Oops: 0, ImmediateOops: 0, NonImmediateOops: No
[1,099s][debug][gc,nmethod  ] Register NMethod: java.lang.Integer.toUnsignedLong (0x00007cb613455908) [0x00007cb613455a00, 0x00007cb613455af0] Compiler: c1, Barriers: 0, Oops: 0, ImmediateOops: 0, NonImmediateOops: No
[1,099s][debug][gc,nmethod  ] Register NMethod: java.lang.String.lastIndexOf (0x00007cb613455c08) [0x00007cb613455d00, 0x00007cb6134567f8] Compiler: c1, Barriers: 1, Oops: 0, ImmediateOops: 0, NonImmediateOops: No
[1,099s][debug][gc,nmethod  ] Register NMethod: jdk.internal.misc.Unsafe.convEndian (0x00007cb613456808) [0x00007cb613456900, 0x00007cb613456aa8] Compiler: c1, Barriers: 0, Oops: 0, ImmediateOops: 0, NonImmediateOops: No
[1,099s][debug][gc,nmethod  ] Register NMethod: worker.org.gradle.internal.stream.EncodedStream$EncodedInput.hexToByte (0x00007cb632bfa988) [0x00007cb632bfaa80, 0x00007cb632bfab68] Compiler: jvmci, Barriers: 0, Oops: 1, ImmediateOops: 0, NonImmediateOops: No
[1,099s][debug][gc,nmethod  ] Register NMethod: jdk.internal.misc.Unsafe.getIntUnaligned (0x00007cb613456b08) [0x00007cb613456c00, 0x00007cb613456e48] Compiler: c1, Barriers: 0, Oops: 0, ImmediateOops: 0, NonImmediateOops: No
[1,099s][debug][gc,nmethod  ] Register NMethod: java.util.zip.ZipUtils.get32 (0x00007cb613456e88) [0x00007cb613456f80, 0x00007cb613457388] Compiler: c1, Barriers: 0, Oops: 1, ImmediateOops: 2, NonImmediateOops: No
[1,099s][debug][gc,director ] Rule Major: Warmup 10%, Used: 16MB, UsedThreshold: 1228MB
[1,100s][debug][gc,nmethod  ] Register NMethod: java.lang.invoke.MethodType.<init> (0x00007cb613457408) [0x00007cb613457500, 0x00007cb613457748] Compiler: c1, Barriers: 6, Oops: 0, ImmediateOops: 0, NonImmediateOops: No
[1,100s][debug][gc,nmethod  ] Register NMethod: java.lang.Class.isHidden (0x00007cb632bfac88) [0x00007cb632bfad80, 0x00007cb632bfaee0] Compiler: , Barriers: 0, Oops: 0, ImmediateOops: 0, NonImmediateOops: No
[1,100s][debug][gc,nmethod  ] Register NMethod: jdk.internal.util.ReferencedKeySet.get (0x00007cb613457788) [0x00007cb613457880, 0x00007cb613458d80] Compiler: c1, Barriers: 7, Oops: 1, ImmediateOops: 1, NonImmediateOops: No
[1,100s][debug][gc,nmethod  ] Register NMethod: java.lang.invoke.MethodType.methodType (0x00007cb613458e08) [0x00007cb613458f00, 0x00007cb6134593e0] Compiler: c1, Barriers: 2, Oops: 0, ImmediateOops: 4, NonImmediateOops: No
[1,101s][debug][gc,nmethod  ] Register NMethod: java.lang.invoke.MethodType.makeImpl (0x00007cb613459408) [0x00007cb613459500, 0x00007cb61345bcb0] Compiler: c1, Barriers: 23, Oops: 2, ImmediateOops: 3, NonImmediateOops: No
[1,101s][debug][gc,nmethod  ] Register NMethod: jdk.internal.classfile.impl.AbstractDirectBuilder.constantPool (0x00007cb632bfaf88) [0x00007cb632bfb080, 0x00007cb632bfb168] Compiler: c1, Barriers: 1, Oops: 0, ImmediateOops: 0, NonImmediateOops: No
[1,101s][debug][gc,nmethod  ] Register NMethod: java.util.ArrayList.size (0x00007cb632bfb288) [0x00007cb632bfb380, 0x00007cb632bfb440] Compiler: c1, Barriers: 0, Oops: 0, ImmediateOops: 0, NonImmediateOops: No
[1,101s][debug][gc,nmethod  ] Register NMethod: java.lang.invoke.MethodHandle.linkToStatic (0x00007cb632bfb588) [0x00007cb632bfb680, 0x00007cb632bfb770] Compiler: , Barriers: 0, Oops: 0, ImmediateOops: 0, NonImmediateOops: No
[1,101s][debug][gc,nmethod  ] Register NMethod: jdk.internal.classfile.impl.SplitConstantPool.tryFindUtf8 (0x00007cb61345bd08) [0x00007cb61345be00, 0x00007cb61345d638] Compiler: c1, Barriers: 1, Oops: 0, ImmediateOops: 0, NonImmediateOops: No
[1,101s][debug][gc,nmethod  ] Register NMethod: java.lang.invoke.MemberName.allFlagsSet (0x00007cb61345d688) [0x00007cb61345d780, 0x00007cb61345d8d0] Compiler: c1, Barriers: 0, Oops: 0, ImmediateOops: 0, NonImmediateOops: No
[1,101s][debug][gc,nmethod  ] Register NMethod: jdk.internal.classfile.impl.AbstractPoolEntry$Utf8EntryImpl.contentHash (0x00007cb61345d988) [0x00007cb61345da80, 0x00007cb61345dc38] Compiler: c1, Barriers: 1, Oops: 0, ImmediateOops: 1, NonImmediateOops: No
[1,101s][debug][gc,nmethod  ] Register NMethod: jdk.internal.classfile.impl.BufWriterImpl.writeU2 (0x00007cb61345dc88) [0x00007cb61345dd80, 0x00007cb61345e1f0] Compiler: c1, Barriers: 2, Oops: 0, ImmediateOops: 0, NonImmediateOops: No
[1,102s][debug][gc,nmethod  ] Register NMethod: java.lang.invoke.MethodHandle.linkToInterface (0x00007cb632bfb888) [0x00007cb632bfb980, 0x00007cb632bfbab0] Compiler: , Barriers: 0, Oops: 0, ImmediateOops: 0, NonImmediateOops: No
[1,102s][debug][gc,nmethod  ] Register NMethod: jdk.internal.classfile.impl.AbstractPoolEntry$Utf8EntryImpl.hashCode (0x00007cb61345e208) [0x00007cb61345e300, 0x00007cb61345e730] Compiler: c1, Barriers: 1, Oops: 0, ImmediateOops: 1, NonImmediateOops: No
[1,102s][debug][gc,nmethod  ] Register NMethod: jdk.internal.classfile.impl.AbstractPoolEntry$Utf8EntryImpl.<init> (0x00007cb61345e788) [0x00007cb61345e880, 0x00007cb61345f0e8] Compiler: c1, Barriers: 13, Oops: 0, ImmediateOops: 1, NonImmediateOops: No
[1,102s][debug][gc,nmethod  ] Register NMethod: java.lang.System$1.countNonZeroAscii (0x00007cb61345f108) [0x00007cb61345f200, 0x00007cb61345fd00] Compiler: c1, Barriers: 1, Oops: 0, ImmediateOops: 0, NonImmediateOops: No
[1,102s][debug][gc,nmethod  ] Register NMethod: jdk.internal.classfile.impl.AbstractPoolEntry$Utf8EntryImpl.writeTo (0x00007cb61345fd08) [0x00007cb61345fe00, 0x00007cb613460610] Compiler: c1, Barriers: 3, Oops: 0, ImmediateOops: 0, NonImmediateOops: No
[1,103s][debug][gc,nmethod  ] Register NMethod: java.lang.StringCoding.countNonZeroAscii (0x00007cb613460688) [0x00007cb613460780, 0x00007cb613461310] Compiler: c1, Barriers: 1, Oops: 0, ImmediateOops: 0, NonImmediateOops: No
[1,103s][debug][gc,nmethod  ] Register NMethod: jdk.internal.util.ModifiedUtf.utfLen (0x00007cb613461388) [0x00007cb613461480, 0x00007cb613462220] Compiler: c1, Barriers: 3, Oops: 1, ImmediateOops: 1, NonImmediateOops: No
[1,103s][debug][gc,nmethod  ] Register NMethod: jdk.internal.classfile.impl.BufWriterImpl.cpIndex (0x00007cb613462288) [0x00007cb613462380, 0x00007cb613464378] Compiler: c1, Barriers: 1, Oops: 1, ImmediateOops: 3, NonImmediateOops: No
[1,103s][debug][gc,nmethod  ] Register NMethod: java.lang.String.checkBoundsOffCount (0x00007cb613464388) [0x00007cb613464480, 0x00007cb613464678] Compiler: c1, Barriers: 0, Oops: 1, ImmediateOops: 1, NonImmediateOops: No
[1,103s][debug][gc,nmethod  ] Register NMethod: java.io.BufferedInputStream.read (0x00007cb632bfbb88) [0x00007cb632bfbc80, 0x00007cb632bfbfa0] Compiler: jvmci, Barriers: 1, Oops: 0, ImmediateOops: 1, NonImmediateOops: No
[1,103s][debug][gc,nmethod  ] Register NMethod: java.lang.StringLatin1.getBytes (0x00007cb613464688) [0x00007cb613464780, 0x00007cb613464918] Compiler: c1, Barriers: 0, Oops: 0, ImmediateOops: 0, NonImmediateOops: No
[1,103s][debug][gc,nmethod  ] Register NMethod: java.lang.String.getBytes (0x00007cb613464988) [0x00007cb613464a80, 0x00007cb613465808] Compiler: c1, Barriers: 1, Oops: 1, ImmediateOops: 2, NonImmediateOops: No
[1,103s][debug][gc,nmethod  ] Register NMethod: jdk.internal.classfile.impl.AbstractPoolEntry$ClassEntryImpl.tag (0x00007cb632bfc008) [0x00007cb632bfc100, 0x00007cb632bfc1c0] Compiler: c1, Barriers: 0, Oops: 0, ImmediateOops: 0, NonImmediateOops: No
[1,103s][debug][gc,nmethod  ] Register NMethod: java.lang.invoke.MethodHandle.linkToSpecial (0x00007cb632bfc308) [0x00007cb632bfc400, 0x00007cb632bfc4f8] Compiler: , Barriers: 0, Oops: 0, ImmediateOops: 0, NonImmediateOops: No
[1,103s][debug][gc,nmethod  ] Register NMethod: jdk.internal.classfile.impl.SplitConstantPool.utf8Entry (0x00007cb613465888) [0x00007cb613465980, 0x00007cb613466478] Compiler: c1, Barriers: 1, Oops: 0, ImmediateOops: 1, NonImmediateOops: No
[1,103s][debug][gc,nmethod  ] Register NMethod: java.lang.String.equals (0x00007cb632bfc608) [0x00007cb632bfc700, 0x00007cb632bfca68] Compiler: jvmci, Barriers: 2, Oops: 0, ImmediateOops: 0, NonImmediateOops: No
[1,103s][debug][gc,nmethod  ] Register NMethod: jdk.internal.classfile.impl.AbstractPoolEntry.hash1 (0x00007cb613466488) [0x00007cb613466580, 0x00007cb613466670] Compiler: c1, Barriers: 0, Oops: 0, ImmediateOops: 0, NonImmediateOops: No
[1,103s][debug][gc,nmethod  ] Register NMethod: jdk.internal.classfile.impl.BufWriterImpl.writeUtfEntry (0x00007cb613466788) [0x00007cb613466880, 0x00007cb613469640] Compiler: c1, Barriers: 8, Oops: 1, ImmediateOops: 4, NonImmediateOops: No
[1,104s][debug][gc,nmethod  ] Register NMethod: jdk.internal.constant.ClassOrInterfaceDescImpl.isClassOrInterface (0x00007cb632bfca88) [0x00007cb632bfcb80, 0x00007cb632bfcc40] Compiler: c1, Barriers: 0, Oops: 0, ImmediateOops: 0, NonImmediateOops: No
[1,104s][debug][gc,nmethod  ] Register NMethod: java.lang.invoke.MethodHandle.linkToSpecial (0x00007cb632bfcd88) [0x00007cb632bfce80, 0x00007cb632bfcf78] Compiler: , Barriers: 0, Oops: 0, ImmediateOops: 0, NonImmediateOops: No
[1,104s][debug][gc,nmethod  ] Register NMethod: java.lang.String.length (0x00007cb632bfd088) [0x00007cb632bfd180, 0x00007cb632bfd268] Compiler: jvmci, Barriers: 1, Oops: 0, ImmediateOops: 0, NonImmediateOops: No
[1,104s][debug][gc,nmethod  ] Register NMethod: java.lang.invoke.MethodHandle.invokeBasic (0x00007cb632bfd388) [0x00007cb632bfd480, 0x00007cb632bfd718] Compiler: , Barriers: 0, Oops: 0, ImmediateOops: 0, NonImmediateOops: No
[1,104s][debug][gc,nmethod  ] Register NMethod: java.lang.invoke.MethodHandle.linkToSpecial (0x00007cb632bfd788) [0x00007cb632bfd880, 0x00007cb632bfd978] Compiler: , Barriers: 0, Oops: 0, ImmediateOops: 0, NonImmediateOops: No
[1,104s][debug][gc,nmethod  ] Register NMethod: java.lang.module.ModuleDescriptor$Exports.isQualified (0x00007cb632bfda88) [0x00007cb632bfdb80, 0x00007cb632bfdcd8] Compiler: jvmci, Barriers: 1, Oops: 0, ImmediateOops: 0, NonImmediateOops: No
[1,104s][debug][gc,nmethod  ] Register NMethod: java.lang.invoke.MemberName.initResolved (0x00007cb613469688) [0x00007cb613469780, 0x00007cb613469940] Compiler: c1, Barriers: 3, Oops: 0, ImmediateOops: 0, NonImmediateOops: No
[1,104s][debug][gc,nmethod  ] Register NMethod: java.lang.ref.Reference.<init> (0x00007cb613469988) [0x00007cb613469a80, 0x00007cb613469d18] Compiler: c1, Barriers: 6, Oops: 0, ImmediateOops: 1, NonImmediateOops: No
[1,104s][debug][gc,nmethod  ] Register NMethod: java.lang.String.intern (0x00007cb632bfdd88) [0x00007cb632bfde80, 0x00007cb632bfe1a0] Compiler: , Barriers: 0, Oops: 0, ImmediateOops: 0, NonImmediateOops: No
[1,104s][debug][gc,nmethod  ] Register NMethod: java.lang.invoke.MemberName.getMethodType (0x00007cb613469d88) [0x00007cb613469e80, 0x00007cb61346c378] Compiler: c1, Barriers: 16, Oops: 1, ImmediateOops: 1, NonImmediateOops: No
[1,104s][debug][gc,nmethod  ] Register NMethod: jdk.internal.misc.Unsafe.allocateInstance (0x00007cb632bfe208) [0x00007cb632bfe300, 0x00007cb632bfe630] Compiler: , Barriers: 0, Oops: 0, ImmediateOops: 0, NonImmediateOops: No
[1,104s][debug][gc,nmethod  ] Register NMethod: java.lang.String.replace (0x00007cb61346c388) [0x00007cb61346c480, 0x00007cb61346c988] Compiler: c1, Barriers: 2, Oops: 0, ImmediateOops: 0, NonImmediateOops: No
[1,104s][debug][gc,nmethod  ] Register NMethod: jdk.internal.misc.Unsafe.putReferenceRelease (0x00007cb61346ca08) [0x00007cb61346cb00, 0x00007cb61346cc78] Compiler: c1, Barriers: 3, Oops: 0, ImmediateOops: 0, NonImmediateOops: No
[1,104s][debug][gc,nmethod  ] Register NMethod: java.util.concurrent.ConcurrentHashMap.setTabAt (0x00007cb61346cd08) [0x00007cb61346ce00, 0x00007cb61346d100] Compiler: c1, Barriers: 0, Oops: 0, ImmediateOops: 1, NonImmediateOops: No
[1,105s][debug][gc,nmethod  ] Register NMethod: java.util.concurrent.ConcurrentHashMap.casTabAt (0x00007cb632bfe688) [0x00007cb632bfe780, 0x00007cb632bfe858] Compiler: jvmci, Barriers: 5, Oops: 0, ImmediateOops: 0, NonImmediateOops: No
[1,105s][debug][gc,nmethod  ] Register NMethod: java.net.URL.getProtocol (0x00007cb632bfe988) [0x00007cb632bfea80, 0x00007cb632bfeb68] Compiler: c1, Barriers: 1, Oops: 0, ImmediateOops: 0, NonImmediateOops: No
[1,105s][debug][gc,nmethod  ] Register NMethod: java.lang.StringLatin1.indexOf (0x00007cb61346d108) [0x00007cb61346d200, 0x00007cb61346d440] Compiler: c1, Barriers: 0, Oops: 0, ImmediateOops: 0, NonImmediateOops: No
[1,105s][debug][gc,nmethod  ] Register NMethod: java.util.ArrayDeque.inc (0x00007cb61346d488) [0x00007cb61346d580, 0x00007cb61346d698] Compiler: c1, Barriers: 0, Oops: 0, ImmediateOops: 0, NonImmediateOops: No
[1,105s][debug][gc,nmethod  ] Register NMethod: java.util.ArrayList.add (0x00007cb61346d788) [0x00007cb61346d880, 0x00007cb61346dd40] Compiler: c1, Barriers: 3, Oops: 0, ImmediateOops: 0, NonImmediateOops: No
[1,105s][debug][gc,nmethod  ] Register NMethod: java.util.ArrayList.add (0x00007cb61346dd88) [0x00007cb61346de80, 0x00007cb61346e3f0] Compiler: c1, Barriers: 4, Oops: 0, ImmediateOops: 0, NonImmediateOops: No
[1,105s][debug][gc,nmethod  ] Register NMethod: java.lang.StringCoding.countPositives (0x00007cb61346e408) [0x00007cb61346e500, 0x00007cb61346e708] Compiler: c1, Barriers: 0, Oops: 0, ImmediateOops: 0, NonImmediateOops: No
[1,106s][debug][gc,nmethod  ] Register NMethod: java.util.zip.ZipCoder$UTF8ZipCoder.isUTF8 (0x00007cb632bfec88) [0x00007cb632bfed80, 0x00007cb632bfee40] Compiler: c1, Barriers: 0, Oops: 0, ImmediateOops: 0, NonImmediateOops: No
[1,106s][debug][gc,nmethod  ] Register NMethod: java.util.zip.ZipUtils.CENEXT (0x00007cb61346e788) [0x00007cb61346e880, 0x00007cb61346e990] Compiler: c1, Barriers: 0, Oops: 0, ImmediateOops: 0, NonImmediateOops: No
[1,106s][debug][gc,nmethod  ] Register NMethod: sun.nio.fs.UnixPath.checkNotNul (0x00007cb61346ea88) [0x00007cb61346eb80, 0x00007cb61346ed20] Compiler: c1, Barriers: 0, Oops: 0, ImmediateOops: 1, NonImmediateOops: No
[1,106s][debug][gc,nmethod  ] Register NMethod: java.util.zip.ZipUtils.CENCOM (0x00007cb61346ed88) [0x00007cb61346ee80, 0x00007cb61346ef90] Compiler: c1, Barriers: 0, Oops: 0, ImmediateOops: 0, NonImmediateOops: No
[1,107s][debug][gc,nmethod  ] Register NMethod: java.util.zip.Inflater$InflaterZStreamRef.address (0x00007cb632bfef88) [0x00007cb632bff080, 0x00007cb632bff140] Compiler: c1, Barriers: 0, Oops: 0, ImmediateOops: 0, NonImmediateOops: No
[1,107s][debug][gc,nmethod  ] Register NMethod: java.util.zip.ZipUtils.CENSIZ (0x00007cb61346f088) [0x00007cb61346f180, 0x00007cb61346f290] Compiler: c1, Barriers: 0, Oops: 0, ImmediateOops: 0, NonImmediateOops: No
[1,107s][debug][gc,nmethod  ] Register NMethod: java.util.zip.ZipUtils.CENLEN (0x00007cb61346f388) [0x00007cb61346f480, 0x00007cb61346f590] Compiler: c1, Barriers: 0, Oops: 0, ImmediateOops: 0, NonImmediateOops: No
[1,107s][debug][gc,nmethod  ] Register NMethod: java.util.zip.ZipUtils.CENNAM (0x00007cb61346f688) [0x00007cb61346f780, 0x00007cb61346f890] Compiler: c1, Barriers: 0, Oops: 0, ImmediateOops: 0, NonImmediateOops: No
[1,107s][debug][gc,nmethod  ] Register NMethod: java.util.zip.ZipUtils.CENHOW (0x00007cb61346f988) [0x00007cb61346fa80, 0x00007cb61346fb90] Compiler: c1, Barriers: 0, Oops: 0, ImmediateOops: 0, NonImmediateOops: No
[1,107s][debug][gc,nmethod  ] Register NMethod: java.util.zip.ZipUtils.CENOFF (0x00007cb61346fc88) [0x00007cb61346fd80, 0x00007cb61346fe90] Compiler: c1, Barriers: 0, Oops: 0, ImmediateOops: 0, NonImmediateOops: No
[1,107s][debug][gc,nmethod  ] Register NMethod: java.util.zip.ZipFile.zipCoderFor (0x00007cb61346ff88) [0x00007cb613470080, 0x00007cb6134704d0] Compiler: c1, Barriers: 0, Oops: 0, ImmediateOops: 1, NonImmediateOops: No
[1,107s][debug][gc,nmethod  ] Register NMethod: java.util.zip.ZipUtils.CENFLG (0x00007cb613470508) [0x00007cb613470600, 0x00007cb613470710] Compiler: c1, Barriers: 0, Oops: 0, ImmediateOops: 0, NonImmediateOops: No
[1,107s][debug][gc,nmethod  ] Register NMethod: java.lang.System$1.uncheckedCountPositives (0x00007cb613470808) [0x00007cb613470900, 0x00007cb613470b58] Compiler: c1, Barriers: 0, Oops: 0, ImmediateOops: 0, NonImmediateOops: No
[1,107s][debug][gc,nmethod  ] Register NMethod: java.util.zip.ZipUtils.CENSIG (0x00007cb613470b88) [0x00007cb613470c80, 0x00007cb613470d90] Compiler: c1, Barriers: 0, Oops: 0, ImmediateOops: 0, NonImmediateOops: No
[1,107s][debug][gc,nmethod  ] Register NMethod: java.util.zip.ZipUtils.CENDSK (0x00007cb613470e88) [0x00007cb613470f80, 0x00007cb613471090] Compiler: c1, Barriers: 0, Oops: 0, ImmediateOops: 0, NonImmediateOops: No
[1,107s][debug][gc,nmethod  ] Register NMethod: java.util.zip.ZipFile$Source.nextEntryPos (0x00007cb613471188) [0x00007cb613471280, 0x00007cb613471538] Compiler: c1, Barriers: 2, Oops: 0, ImmediateOops: 0, NonImmediateOops: No
[1,107s][debug][gc,nmethod  ] Register NMethod: java.util.zip.ZipFile$Source.isMetaName (0x00007cb613471588) [0x00007cb613471680, 0x00007cb613471ae0] Compiler: c1, Barriers: 0, Oops: 0, ImmediateOops: 0, NonImmediateOops: No
[1,107s][debug][gc,nmethod  ] Register NMethod: java.util.zip.ZipCoder$UTF8ZipCoder.checkedHash (0x00007cb613471b08) [0x00007cb613471c00, 0x00007cb613472020] Compiler: c1, Barriers: 0, Oops: 0, ImmediateOops: 2, NonImmediateOops: No
[1,108s][debug][gc,nmethod  ] Register NMethod: java.lang.String.endsWith (0x00007cb613472088) [0x00007cb613472180, 0x00007cb613472db0] Compiler: c1, Barriers: 2, Oops: 0, ImmediateOops: 0, NonImmediateOops: No
[1,108s][debug][gc,nmethod  ] Register NMethod: java.util.Arrays.copyOf (0x00007cb613472e08) [0x00007cb613472f00, 0x00007cb6134732c8] Compiler: c1, Barriers: 0, Oops: 0, ImmediateOops: 0, NonImmediateOops: No
[1,108s][debug][gc,nmethod  ] Register NMethod: java.lang.AbstractStringBuilder.ensureCapacityNewCoder (0x00007cb613473308) [0x00007cb613473400, 0x00007cb613473710] Compiler: c1, Barriers: 0, Oops: 0, ImmediateOops: 0, NonImmediateOops: No
[1,108s][debug][gc,nmethod  ] Register NMethod: java.io.UnixFileSystem.prefixLength (0x00007cb613473788) [0x00007cb613473880, 0x00007cb613473e18] Compiler: c1, Barriers: 0, Oops: 1, ImmediateOops: 1, NonImmediateOops: No
[1,108s][debug][gc,nmethod  ] Register NMethod: java.util.zip.ZipFile$Source.checkAndAddEntry (0x00007cb613473e88) [0x00007cb613473f80, 0x00007cb613476280] Compiler: c1, Barriers: 3, Oops: 7, ImmediateOops: 8, NonImmediateOops: No
[1,108s][debug][gc,nmethod  ] Register NMethod: jdk.internal.misc.Unsafe.getShortUnaligned (0x00007cb632bff288) [0x00007cb632bff380, 0x00007cb632bff440] Compiler: jvmci, Barriers: 0, Oops: 0, ImmediateOops: 0, NonImmediateOops: No
[1,109s][debug][gc,nmethod  ] Register NMethod: java.lang.AbstractStringBuilder.isLatin1 (0x00007cb613476308) [0x00007cb613476400, 0x00007cb6134765c0] Compiler: c1, Barriers: 0, Oops: 0, ImmediateOops: 0, NonImmediateOops: No
[1,109s][debug][gc,nmethod  ] Register NMethod: java.util.zip.ZipUtils.get16 (0x00007cb632bff588) [0x00007cb632bff680, 0x00007cb632bff758] Compiler: jvmci, Barriers: 0, Oops: 0, ImmediateOops: 0, NonImmediateOops: No
[1,109s][debug][gc,nmethod  ] Register NMethod: java.io.UnixFileSystem.getBooleanAttributes0 (0x00007cb632bff888) [0x00007cb632bff980, 0x00007cb632bffae8] Compiler: , Barriers: 0, Oops: 0, ImmediateOops: 0, NonImmediateOops: No
[1,109s][debug][gc,nmethod  ] Register NMethod: java.lang.AbstractStringBuilder.<init> (0x00007cb613476608) [0x00007cb613476700, 0x00007cb613476988] Compiler: c1, Barriers: 3, Oops: 0, ImmediateOops: 0, NonImmediateOops: No
[1,109s][debug][gc,nmethod  ] Register NMethod: java.lang.ref.Reference.reachabilityFence (0x00007cb613476a08) [0x00007cb613476b00, 0x00007cb613476be0] Compiler: c1, Barriers: 0, Oops: 0, ImmediateOops: 0, NonImmediateOops: No
[1,109s][debug][gc,nmethod  ] Register NMethod: java.io.RandomAccessFile.readBytes0 (0x00007cb632bffb88) [0x00007cb632bffc80, 0x00007cb632bffde8] Compiler: , Barriers: 0, Oops: 0, ImmediateOops: 0, NonImmediateOops: No
[1,109s][debug][gc,nmethod  ] Register NMethod: java.lang.StringBuilder.toString (0x00007cb613476d08) [0x00007cb613476e00, 0x00007cb613477238] Compiler: c1, Barriers: 0, Oops: 0, ImmediateOops: 1, NonImmediateOops: No
[1,109s][debug][gc,nmethod  ] Register NMethod: java.io.RandomAccessFile.seek0 (0x00007cb632bffe88) [0x00007cb632bfff80, 0x00007cb632c000c8] Compiler: , Barriers: 0, Oops: 0, ImmediateOops: 0, NonImmediateOops: No
[1,109s][debug][gc,nmethod  ] Register NMethod: java.io.File.isInvalid (0x00007cb613477288) [0x00007cb613477380, 0x00007cb613477930] Compiler: c1, Barriers: 5, Oops: 0, ImmediateOops: 4, NonImmediateOops: No
[1,109s][debug][gc,nmethod  ] Register NMethod: java.lang.String.<init> (0x00007cb613477988) [0x00007cb613477a80, 0x00007cb613478420] Compiler: c1, Barriers: 10, Oops: 0, ImmediateOops: 0, NonImmediateOops: No
[1,109s][debug][gc,nmethod  ] Register NMethod: jdk.internal.util.ArraysSupport.newLength (0x00007cb613478488) [0x00007cb613478580, 0x00007cb6134787b8] Compiler: c1, Barriers: 0, Oops: 0, ImmediateOops: 0, NonImmediateOops: No
[1,109s][debug][gc,director ] Rule Major: Warmup 10%, Used: 16MB, UsedThreshold: 1228MB
[1,110s][debug][gc,nmethod  ] Register NMethod: java.util.zip.ZipUtils.get32 (0x00007cb632c00188) [0x00007cb632c00280, 0x00007cb632c00350] Compiler: jvmci, Barriers: 0, Oops: 0, ImmediateOops: 0, NonImmediateOops: No
[1,110s][debug][gc,nmethod  ] Register NMethod: jdk.internal.misc.Unsafe.getIntUnaligned (0x00007cb632c00488) [0x00007cb632c00580, 0x00007cb632c00640] Compiler: jvmci, Barriers: 0, Oops: 0, ImmediateOops: 0, NonImmediateOops: No
[1,111s][debug][gc,nmethod  ] Register NMethod: java.lang.StringBuilder.<init> (0x00007cb613478808) [0x00007cb613478900, 0x00007cb613478a38] Compiler: c1, Barriers: 0, Oops: 0, ImmediateOops: 0, NonImmediateOops: No
[1,111s][debug][gc,nmethod  ] Register NMethod: java.util.HashMap.putVal (0x00007cb613478b08) [0x00007cb613478c00, 0x00007cb61347af90] Compiler: c1, Barriers: 15, Oops: 0, ImmediateOops: 0, NonImmediateOops: No
[1,111s][debug][gc,nmethod  ] Register NMethod: java.util.zip.ZipFile$Source.getEntryHash (0x00007cb61347b008) [0x00007cb61347b100, 0x00007cb61347b258] Compiler: c1, Barriers: 1, Oops: 0, ImmediateOops: 0, NonImmediateOops: No
[1,111s][debug][gc,nmethod  ] Register NMethod: java.util.ArrayList.elementData (0x00007cb61347b308) [0x00007cb61347b400, 0x00007cb61347b590] Compiler: c1, Barriers: 2, Oops: 0, ImmediateOops: 0, NonImmediateOops: No
[1,111s][debug][gc,nmethod  ] Register NMethod: java.util.Objects.checkIndex (0x00007cb61347b608) [0x00007cb61347b700, 0x00007cb61347b830] Compiler: c1, Barriers: 0, Oops: 0, ImmediateOops: 0, NonImmediateOops: No
[1,111s][debug][gc,nmethod  ] Register NMethod: java.util.ArrayList.get (0x00007cb61347b908) [0x00007cb61347ba00, 0x00007cb61347bca8] Compiler: c1, Barriers: 2, Oops: 0, ImmediateOops: 0, NonImmediateOops: No
[1,111s][debug][gc,nmethod  ] Register NMethod: java.util.Objects.checkFromIndexSize (0x00007cb61347bd08) [0x00007cb61347be00, 0x00007cb61347bff8] Compiler: c1, Barriers: 0, Oops: 0, ImmediateOops: 0, NonImmediateOops: No
[1,111s][debug][gc,nmethod  ] Register NMethod: java.util.zip.ZipFile$Source.getEntryNext (0x00007cb61347c008) [0x00007cb61347c100, 0x00007cb61347c258] Compiler: c1, Barriers: 1, Oops: 0, ImmediateOops: 0, NonImmediateOops: No
[1,111s][debug][gc,nmethod  ] Register NMethod: java.util.zip.ZipFile.ensureOpen (0x00007cb61347c308) [0x00007cb61347c400, 0x00007cb61347c6d0] Compiler: c1, Barriers: 2, Oops: 0, ImmediateOops: 2, NonImmediateOops: No
[1,112s][debug][gc,nmethod  ] Register NMethod: java.lang.ref.Cleaner$1.apply (0x00007cb61347c708) [0x00007cb61347c800, 0x00007cb61347c930] Compiler: c1, Barriers: 1, Oops: 0, ImmediateOops: 0, NonImmediateOops: No
[1,112s][debug][gc,nmethod  ] Register NMethod: jdk.internal.ref.CleanerImpl.getCleanerImpl (0x00007cb61347ca08) [0x00007cb61347cb00, 0x00007cb61347d038] Compiler: c1, Barriers: 1, Oops: 0, ImmediateOops: 1, NonImmediateOops: No
[1,112s][debug][gc,nmethod  ] Register NMethod: java.lang.ref.Cleaner$1.apply (0x00007cb61347d088) [0x00007cb61347d180, 0x00007cb61347d530] Compiler: c1, Barriers: 1, Oops: 0, ImmediateOops: 0, NonImmediateOops: No
[1,112s][debug][gc,nmethod  ] Register NMethod: java.net.URL.getFile (0x00007cb632c00788) [0x00007cb632c00880, 0x00007cb632c00968] Compiler: c1, Barriers: 1, Oops: 0, ImmediateOops: 0, NonImmediateOops: No
[1,112s][debug][gc,nmethod  ] Register NMethod: java.lang.Class.getComponentType (0x00007cb632c00a88) [0x00007cb632c00b80, 0x00007cb632c00c68] Compiler: c1, Barriers: 1, Oops: 0, ImmediateOops: 0, NonImmediateOops: No
[1,112s][debug][gc,nmethod  ] Register NMethod: java.lang.ref.Reference.refersTo0 (0x00007cb632c00d88) [0x00007cb632c00e80, 0x00007cb632c00ff0] Compiler: , Barriers: 0, Oops: 0, ImmediateOops: 0, NonImmediateOops: No
[1,112s][debug][gc,nmethod  ] Register NMethod: java.lang.StringCoding.countPositives (0x00007cb632c01088) [0x00007cb632c01180, 0x00007cb632c013e8] Compiler: jvmci, Barriers: 0, Oops: 0, ImmediateOops: 0, NonImmediateOops: No
[1,112s][debug][gc,nmethod  ] Register NMethod: java.lang.StringLatin1.indexOfChar (0x00007cb632c01408) [0x00007cb632c01500, 0x00007cb632c01758] Compiler: jvmci, Barriers: 0, Oops: 0, ImmediateOops: 0, NonImmediateOops: No
[1,113s][debug][gc,nmethod  ] Register NMethod: java.lang.invoke.MethodHandleNatives.resolve (0x00007cb632c01788) [0x00007cb632c01880, 0x00007cb632c01bd0] Compiler: , Barriers: 0, Oops: 0, ImmediateOops: 1, NonImmediateOops: No
[1,113s][debug][gc,nmethod  ] Register NMethod: java.lang.ref.WeakReference.<init> (0x00007cb61347d588) [0x00007cb61347d680, 0x00007cb61347d970] Compiler: c1, Barriers: 6, Oops: 0, ImmediateOops: 1, NonImmediateOops: No
[1,113s][debug][gc,nmethod  ] Register NMethod: java.lang.invoke.MethodHandles$Lookup.lookupClass (0x00007cb632c01c08) [0x00007cb632c01d00, 0x00007cb632c01de8] Compiler: c1, Barriers: 1, Oops: 0, ImmediateOops: 0, NonImmediateOops: No
[1,113s][debug][gc,nmethod  ] Register NMethod: java.lang.invoke.MethodHandle.linkToStatic (0x00007cb632c01f08) [0x00007cb632c02000, 0x00007cb632c020f0] Compiler: , Barriers: 0, Oops: 0, ImmediateOops: 0, NonImmediateOops: No
[1,113s][debug][gc,nmethod  ] Register NMethod: java.lang.invoke.MethodTypeForm.erasedType (0x00007cb632c02208) [0x00007cb632c02300, 0x00007cb632c023e8] Compiler: c1, Barriers: 1, Oops: 0, ImmediateOops: 0, NonImmediateOops: No
[1,113s][debug][gc,nmethod  ] Register NMethod: java.lang.invoke.MemberName.getReferenceKind (0x00007cb61347d988) [0x00007cb61347da80, 0x00007cb61347db90] Compiler: c1, Barriers: 0, Oops: 0, ImmediateOops: 0, NonImmediateOops: No
[1,113s][debug][gc,nmethod  ] Register NMethod: java.lang.invoke.MethodHandle.invokeBasic (0x00007cb632c02508) [0x00007cb632c02600, 0x00007cb632c02898] Compiler: , Barriers: 0, Oops: 0, ImmediateOops: 0, NonImmediateOops: No
[1,113s][debug][gc,nmethod  ] Register NMethod: java.lang.Class.isAssignableFrom (0x00007cb632c02908) [0x00007cb632c02a00, 0x00007cb632c02b70] Compiler: , Barriers: 0, Oops: 0, ImmediateOops: 0, NonImmediateOops: No
[1,113s][debug][gc,nmethod  ] Register NMethod: jdk.internal.classfile.impl.AbstractPoolEntry.hash2 (0x00007cb61347dc88) [0x00007cb61347dd80, 0x00007cb61347de80] Compiler: c1, Barriers: 0, Oops: 0, ImmediateOops: 0, NonImmediateOops: No
[1,113s][debug][gc,nmethod  ] Register NMethod: java.util.Arrays.copyOf (0x00007cb61347df88) [0x00007cb61347e080, 0x00007cb61347e900] Compiler: c1, Barriers: 1, Oops: 0, ImmediateOops: 1, NonImmediateOops: No
[1,113s][debug][gc,nmethod  ] Register NMethod: java.lang.invoke.MethodHandle.type (0x00007cb632c02c08) [0x00007cb632c02d00, 0x00007cb632c02de8] Compiler: c1, Barriers: 1, Oops: 0, ImmediateOops: 0, NonImmediateOops: No
[1,113s][debug][gc,nmethod  ] Register NMethod: jdk.internal.classfile.impl.AbstractPoolEntry.hashCode (0x00007cb632c02f08) [0x00007cb632c03000, 0x00007cb632c030c0] Compiler: c1, Barriers: 0, Oops: 0, ImmediateOops: 0, NonImmediateOops: No
[1,114s][debug][gc,nmethod  ] Register NMethod: jdk.internal.classfile.impl.RawBytecodeHelper.isStoreIntoLocal (0x00007cb61347e908) [0x00007cb61347ea00, 0x00007cb61347eb58] Compiler: c1, Barriers: 0, Oops: 0, ImmediateOops: 0, NonImmediateOops: No
[1,114s][debug][gc,nmethod  ] Register NMethod: java.lang.AbstractStringBuilder.newCapacity (0x00007cb61347ec08) [0x00007cb61347ed00, 0x00007cb61347f098] Compiler: c1, Barriers: 0, Oops: 0, ImmediateOops: 1, NonImmediateOops: No
[1,114s][debug][gc,nmethod  ] Register NMethod: java.lang.System.nanoTime (0x00007cb632c03208) [0x00007cb632c03300, 0x00007cb632c03458] Compiler: , Barriers: 0, Oops: 0, ImmediateOops: 1, NonImmediateOops: No
[1,115s][debug][gc,nmethod  ] Register NMethod: java.lang.ClassLoader.findLoadedClass0 (0x00007cb632c03508) [0x00007cb632c03600, 0x00007cb632c03930] Compiler: , Barriers: 0, Oops: 0, ImmediateOops: 0, NonImmediateOops: No
[1,115s][debug][gc,nmethod  ] Register NMethod: java.io.RandomAccessFile.read (0x00007cb61347f108) [0x00007cb61347f200, 0x00007cb61347f4b8] Compiler: c1, Barriers: 0, Oops: 0, ImmediateOops: 1, NonImmediateOops: No
[1,115s][debug][gc,nmethod  ] Register NMethod: java.io.RandomAccessFile.readBytes (0x00007cb61347f508) [0x00007cb61347f600, 0x00007cb61347f858] Compiler: c1, Barriers: 0, Oops: 0, ImmediateOops: 1, NonImmediateOops: No
[1,115s][debug][gc,nmethod  ] Register NMethod: java.security.ProtectionDomain.getCodeSource (0x00007cb632c03988) [0x00007cb632c03a80, 0x00007cb632c03b68] Compiler: c1, Barriers: 1, Oops: 0, ImmediateOops: 0, NonImmediateOops: No
[1,115s][debug][gc,nmethod  ] Register NMethod: jdk.internal.loader.URLClassPath$JarLoader.ensureOpen (0x00007cb61347f888) [0x00007cb61347f980, 0x00007cb61347fbe8] Compiler: c1, Barriers: 5, Oops: 0, ImmediateOops: 0, NonImmediateOops: No
[1,115s][debug][gc,nmethod  ] Register NMethod: java.lang.ClassLoader.checkName (0x00007cb61347fc08) [0x00007cb61347fd00, 0x00007cb613480a48] Compiler: c1, Barriers: 3, Oops: 1, ImmediateOops: 1, NonImmediateOops: No
[1,115s][debug][gc,nmethod  ] Register NMethod: java.lang.Integer.intValue (0x00007cb632c03c88) [0x00007cb632c03d80, 0x00007cb632c03e40] Compiler: c1, Barriers: 0, Oops: 0, ImmediateOops: 0, NonImmediateOops: No
[1,115s][debug][gc,nmethod  ] Register NMethod: java.io.RandomAccessFile.seek (0x00007cb613480a88) [0x00007cb613480b80, 0x00007cb613480dc8] Compiler: c1, Barriers: 0, Oops: 0, ImmediateOops: 1, NonImmediateOops: No
[1,116s][debug][gc,nmethod  ] Register NMethod: java.util.jar.JarFile.checkForSpecialAttributes (0x00007cb613480e08) [0x00007cb613480f00, 0x00007cb613482468] Compiler: c1, Barriers: 10, Oops: 1, ImmediateOops: 8, NonImmediateOops: No
[1,116s][debug][gc,nmethod  ] Register NMethod: java.util.zip.ZipFile$Source.getEntryPos (0x00007cb613482488) [0x00007cb613482580, 0x00007cb613484228] Compiler: c1, Barriers: 12, Oops: 1, ImmediateOops: 3, NonImmediateOops: No
[1,116s][debug][gc,nmethod  ] Register NMethod: java.util.jar.JarFile.isMultiRelease (0x00007cb613484288) [0x00007cb613484380, 0x00007cb613484578] Compiler: c1, Barriers: 0, Oops: 0, ImmediateOops: 0, NonImmediateOops: No
[1,116s][debug][gc,nmethod  ] Register NMethod: java.util.LinkedHashMap.removeEldestEntry (0x00007cb632c03f88) [0x00007cb632c04080, 0x00007cb632c04140] Compiler: c1, Barriers: 0, Oops: 0, ImmediateOops: 0, NonImmediateOops: No
[1,116s][debug][gc,nmethod  ] Register NMethod: java.util.jar.Attributes$Name.hashCode (0x00007cb632c04288) [0x00007cb632c04380, 0x00007cb632c04440] Compiler: c1, Barriers: 0, Oops: 0, ImmediateOops: 0, NonImmediateOops: No
[1,117s][debug][gc,nmethod  ] Register NMethod: java.util.jar.Manifest$FastInputStream.readLine (0x00007cb613484588) [0x00007cb613484680, 0x00007cb613484ed8] Compiler: c1, Barriers: 1, Oops: 0, ImmediateOops: 0, NonImmediateOops: No
[1,117s][debug][gc,nmethod  ] Register NMethod: jdk.internal.misc.Unsafe.putLong (0x00007cb632c04588) [0x00007cb632c04680, 0x00007cb632c047d8] Compiler: , Barriers: 0, Oops: 0, ImmediateOops: 0, NonImmediateOops: No
[1,117s][debug][gc,nmethod  ] Register NMethod: java.nio.Buffer.checkIndex (0x00007cb613484f08) [0x00007cb613485000, 0x00007cb613485150] Compiler: c1, Barriers: 0, Oops: 1, ImmediateOops: 1, NonImmediateOops: No
[1,117s][debug][gc,nmethod  ] Register NMethod: java.nio.Buffer.session (0x00007cb613485208) [0x00007cb613485300, 0x00007cb613485708] Compiler: c1, Barriers: 1, Oops: 0, ImmediateOops: 0, NonImmediateOops: No
[1,117s][debug][gc,nmethod  ] Register NMethod: java.nio.DirectLongBufferU.ix (0x00007cb613485788) [0x00007cb613485880, 0x00007cb613485990] Compiler: c1, Barriers: 0, Oops: 0, ImmediateOops: 0, NonImmediateOops: No
[1,117s][debug][gc,nmethod  ] Register NMethod: java.util.zip.ZipFile.getEntry (0x00007cb613485a88) [0x00007cb613485b80, 0x00007cb613486148] Compiler: c1, Barriers: 4, Oops: 1, ImmediateOops: 1, NonImmediateOops: No
[1,117s][debug][gc,nmethod  ] Register NMethod: java.util.zip.ZipCoder.hash (0x00007cb613486188) [0x00007cb613486280, 0x00007cb6134870b8] Compiler: c1, Barriers: 1, Oops: 1, ImmediateOops: 1, NonImmediateOops: No
[1,117s][debug][gc,nmethod  ] Register NMethod: java.util.jar.JarFile.getJarEntry (0x00007cb613487108) [0x00007cb613487200, 0x00007cb613487aa8] Compiler: c1, Barriers: 0, Oops: 0, ImmediateOops: 0, NonImmediateOops: No
[1,117s][debug][gc,nmethod  ] Register NMethod: jdk.internal.loader.URLClassPath$JarLoader.getResource (0x00007cb613487b08) [0x00007cb613487c00, 0x00007cb6134881c0] Compiler: c1, Barriers: 1, Oops: 0, ImmediateOops: 0, NonImmediateOops: No
[1,117s][debug][gc,nmethod  ] Register NMethod: java.util.jar.JarFile.getEntry (0x00007cb613488208) [0x00007cb613488300, 0x00007cb613488a48] Compiler: c1, Barriers: 0, Oops: 0, ImmediateOops: 0, NonImmediateOops: No
[1,117s][debug][gc,nmethod  ] Register NMethod: jdk.internal.loader.URLClassPath.getLoader (0x00007cb613488a88) [0x00007cb613488b80, 0x00007cb61348aa48] Compiler: c1, Barriers: 12, Oops: 0, ImmediateOops: 0, NonImmediateOops: No
[1,118s][debug][gc,nmethod  ] Register NMethod: java.util.WeakHashMap.maskNull (0x00007cb61348aa88) [0x00007cb61348ab80, 0x00007cb61348aca8] Compiler: c1, Barriers: 0, Oops: 0, ImmediateOops: 1, NonImmediateOops: No
[1,118s][debug][gc,nmethod  ] Register NMethod: java.util.WeakHashMap.hash (0x00007cb61348ad88) [0x00007cb61348ae80, 0x00007cb61348b1a8] Compiler: c1, Barriers: 0, Oops: 0, ImmediateOops: 0, NonImmediateOops: No
[1,118s][debug][gc,nmethod  ] Register NMethod: java.util.WeakHashMap.getTable (0x00007cb61348b208) [0x00007cb61348b300, 0x00007cb61348b478] Compiler: c1, Barriers: 1, Oops: 0, ImmediateOops: 0, NonImmediateOops: No
[1,118s][debug][gc,nmethod  ] Register NMethod: java.util.WeakHashMap.indexFor (0x00007cb61348b508) [0x00007cb61348b600, 0x00007cb61348b6e8] Compiler: c1, Barriers: 0, Oops: 0, ImmediateOops: 0, NonImmediateOops: No
[1,118s][debug][gc,nmethod  ] Register NMethod: java.util.WeakHashMap.expungeStaleEntries (0x00007cb61348b808) [0x00007cb61348b900, 0x00007cb61348c698] Compiler: c1, Barriers: 14, Oops: 0, ImmediateOops: 0, NonImmediateOops: No
[1,118s][debug][gc,nmethod  ] Register NMethod: java.lang.Class.getModule (0x00007cb632c04888) [0x00007cb632c04980, 0x00007cb632c04a68] Compiler: c1, Barriers: 1, Oops: 0, ImmediateOops: 0, NonImmediateOops: No
[1,118s][debug][gc,nmethod  ] Register NMethod: java.lang.Class.getPackageName (0x00007cb61348c708) [0x00007cb61348c800, 0x00007cb61348ea08] Compiler: c1, Barriers: 8, Oops: 0, ImmediateOops: 2, NonImmediateOops: No
[1,119s][debug][gc,nmethod  ] Register NMethod: java.util.zip.Inflater.inflateBytesBytes (0x00007cb632c04b88) [0x00007cb632c04c80, 0x00007cb632c04e18] Compiler: , Barriers: 0, Oops: 0, ImmediateOops: 0, NonImmediateOops: No
[1,119s][debug][gc,nmethod  ] Register NMethod: java.lang.StringCoding.countPositives (0x00007cb632c04e88) [0x00007cb632c04f80, 0x00007cb632c05308] Compiler: jvmci, Barriers: 0, Oops: 0, ImmediateOops: 0, NonImmediateOops: No
[1,119s][debug][gc,nmethod  ] Register NMethod: java.lang.ClassLoader.findBootstrapClass (0x00007cb632c05388) [0x00007cb632c05480, 0x00007cb632c057b8] Compiler: , Barriers: 0, Oops: 0, ImmediateOops: 1, NonImmediateOops: No
[1,120s][debug][gc,director ] Rule Major: Warmup 10%, Used: 18MB, UsedThreshold: 1228MB
[1,120s][debug][gc,nmethod  ] Register NMethod: java.security.CodeSource.getLocationNoFragString (0x00007cb632c05808) [0x00007cb632c05900, 0x00007cb632c059e8] Compiler: c1, Barriers: 1, Oops: 0, ImmediateOops: 0, NonImmediateOops: No
[1,120s][debug][gc,nmethod  ] Register NMethod: java.lang.Module.getDescriptor (0x00007cb632c05b08) [0x00007cb632c05c00, 0x00007cb632c05ce8] Compiler: c1, Barriers: 1, Oops: 0, ImmediateOops: 0, NonImmediateOops: No
[1,120s][debug][gc,nmethod  ] Register NMethod: java.util.concurrent.CopyOnWriteArrayList.setArray (0x00007cb632c05e08) [0x00007cb632c05f00, 0x00007cb632c06030] Compiler: c1, Barriers: 3, Oops: 0, ImmediateOops: 0, NonImmediateOops: No
[1,120s][debug][gc,nmethod  ] Register NMethod: java.lang.module.ModuleDescriptor$Provides.providers (0x00007cb632c06108) [0x00007cb632c06200, 0x00007cb632c062e8] Compiler: c1, Barriers: 1, Oops: 0, ImmediateOops: 0, NonImmediateOops: No
[1,121s][debug][gc,nmethod  ] Register NMethod: java.lang.Class.initClassName (0x00007cb632c06408) [0x00007cb632c06500, 0x00007cb632c06820] Compiler: , Barriers: 0, Oops: 0, ImmediateOops: 0, NonImmediateOops: No
[1,121s][debug][gc,nmethod  ] Register NMethod: java.lang.StringLatin1.coderFromChar (0x00007cb61348ea88) [0x00007cb61348eb80, 0x00007cb61348ec70] Compiler: c1, Barriers: 0, Oops: 0, ImmediateOops: 0, NonImmediateOops: No
[1,121s][debug][gc,nmethod  ] Register NMethod: java.lang.StringBuilder.append (0x00007cb61348ed88) [0x00007cb61348ee80, 0x00007cb61348efc8] Compiler: c1, Barriers: 0, Oops: 0, ImmediateOops: 0, NonImmediateOops: No
[1,121s][debug][gc,nmethod  ] Register NMethod: java.lang.AbstractStringBuilder.append (0x00007cb61348f088) [0x00007cb61348f180, 0x00007cb61348f638] Compiler: c1, Barriers: 4, Oops: 0, ImmediateOops: 0, NonImmediateOops: No
[1,123s][debug][gc,nmethod  ] Register NMethod: java.nio.DirectByteBuffer.ix (0x00007cb61348f688) [0x00007cb61348f780, 0x00007cb61348f888] Compiler: c1, Barriers: 0, Oops: 0, ImmediateOops: 0, NonImmediateOops: No
[1,123s][debug][gc,nmethod  ] Register NMethod: jdk.internal.misc.ScopedMemoryAccess.getByteInternal (0x00007cb61348f988) [0x00007cb61348fa80, 0x00007cb61348fcd0] Compiler: c1, Barriers: 0, Oops: 0, ImmediateOops: 0, NonImmediateOops: No
[1,123s][debug][gc,nmethod  ] Register NMethod: jdk.internal.misc.ScopedMemoryAccess.getByte (0x00007cb61348fd08) [0x00007cb61348fe00, 0x00007cb613490118] Compiler: c1, Barriers: 0, Oops: 0, ImmediateOops: 0, NonImmediateOops: No
[1,123s][debug][gc,nmethod  ] Register NMethod: java.nio.DirectByteBuffer.get (0x00007cb613490188) [0x00007cb613490280, 0x00007cb613491080] Compiler: c1, Barriers: 1, Oops: 2, ImmediateOops: 2, NonImmediateOops: No
[1,123s][debug][gc,nmethod  ] Register NMethod: java.lang.ref.Reference.reachabilityFence (0x00007cb632c06888) [0x00007cb632c06980, 0x00007cb632c069e0] Compiler: jvmci, Barriers: 0, Oops: 0, ImmediateOops: 0, NonImmediateOops: No
[1,124s][debug][gc,nmethod  ] Register NMethod: jdk.internal.classfile.impl.StackMapGenerator.processBlock (0x00007cb613491108) [0x00007cb613491200, 0x00007cb6134c04c8] Compiler: c1, Barriers: 287, Oops: 4, ImmediateOops: 158, NonImmediateOops: No
[1,124s][debug][gc,nmethod  ] Register NMethod: java.util.concurrent.ConcurrentHashMap.tabAt (0x00007cb632c06b88) [0x00007cb632c06c80, 0x00007cb632c06d18] Compiler: jvmci, Barriers: 1, Oops: 0, ImmediateOops: 0, NonImmediateOops: No
[1,124s][debug][gc,nmethod  ] Register NMethod: java.lang.invoke.LambdaForm$Name.<init> (0x00007cb6134c0508) [0x00007cb6134c0600, 0x00007cb6134c0968] Compiler: c1, Barriers: 12, Oops: 0, ImmediateOops: 0, NonImmediateOops: No
[1,125s][debug][gc,nmethod  ] Register NMethod: jdk.internal.constant.MethodTypeDescImpl.parameterCount (0x00007cb6134c0988) [0x00007cb6134c0a80, 0x00007cb6134c0bb8] Compiler: c1, Barriers: 1, Oops: 0, ImmediateOops: 0, NonImmediateOops: No
[1,125s][debug][gc,nmethod  ] Register NMethod: java.lang.Class.desiredAssertionStatus0 (0x00007cb632c06e88) [0x00007cb632c06f80, 0x00007cb632c070f0] Compiler: , Barriers: 0, Oops: 0, ImmediateOops: 1, NonImmediateOops: No
[1,127s][debug][gc,nmethod  ] Register NMethod: java.util.jar.JarFile.getEntry (0x00007cb6134c0c88) [0x00007cb6134c0d80, 0x00007cb6134c14c8] Compiler: c1, Barriers: 0, Oops: 0, ImmediateOops: 0, NonImmediateOops: No
[1,127s][debug][gc,nmethod  ] Register NMethod: java.io.RandomAccessFile.readFully (0x00007cb6134c1508) [0x00007cb6134c1600, 0x00007cb6134c1ad8] Compiler: c1, Barriers: 0, Oops: 0, ImmediateOops: 1, NonImmediateOops: No
[1,127s][debug][gc,nmethod  ] Register NMethod: java.util.jar.JarFile.getJarEntry (0x00007cb6134c1b08) [0x00007cb6134c1c00, 0x00007cb6134c2100] Compiler: c1, Barriers: 0, Oops: 0, ImmediateOops: 0, NonImmediateOops: No
[1,127s][debug][gc,nmethod  ] Register NMethod: jdk.internal.loader.URLClassPath$JarLoader.getResource (0x00007cb6134c2108) [0x00007cb6134c2200, 0x00007cb6134c2b30] Compiler: c1, Barriers: 1, Oops: 0, ImmediateOops: 0, NonImmediateOops: No
[1,127s][debug][gc,nmethod  ] Register NMethod: jdk.internal.misc.Unsafe.compareAndSetInt (0x00007cb632c07188) [0x00007cb632c07280, 0x00007cb632c073f0] Compiler: , Barriers: 0, Oops: 0, ImmediateOops: 0, NonImmediateOops: No
[1,128s][debug][gc,nmethod  ] Register NMethod: java.net.URL.getRef (0x00007cb632c07488) [0x00007cb632c07580, 0x00007cb632c07668] Compiler: c1, Barriers: 1, Oops: 0, ImmediateOops: 0, NonImmediateOops: No
[1,128s][debug][gc,nmethod  ] Register NMethod: java.net.URL.getPath (0x00007cb632c07788) [0x00007cb632c07880, 0x00007cb632c07968] Compiler: c1, Barriers: 1, Oops: 0, ImmediateOops: 0, NonImmediateOops: No
[1,128s][debug][gc,nmethod  ] Register NMethod: java.lang.CharacterDataLatin1.equalsIgnoreCase (0x00007cb6134c2b88) [0x00007cb6134c2c80, 0x00007cb6134c2f18] Compiler: c1, Barriers: 0, Oops: 0, ImmediateOops: 0, NonImmediateOops: No
[1,128s][debug][gc,nmethod  ] Register NMethod: java.net.URL.getPort (0x00007cb632c07a88) [0x00007cb632c07b80, 0x00007cb632c07c40] Compiler: c1, Barriers: 0, Oops: 0, ImmediateOops: 0, NonImmediateOops: No
[1,128s][debug][gc,nmethod  ] Register NMethod: java.net.URL.getAuthority (0x00007cb632c07d88) [0x00007cb632c07e80, 0x00007cb632c07f68] Compiler: c1, Barriers: 1, Oops: 0, ImmediateOops: 0, NonImmediateOops: No
[1,128s][debug][gc,nmethod  ] Register NMethod: java.net.URL.getQuery (0x00007cb632c08088) [0x00007cb632c08180, 0x00007cb632c08268] Compiler: c1, Barriers: 1, Oops: 0, ImmediateOops: 0, NonImmediateOops: No
[1,128s][debug][gc,nmethod  ] Register NMethod: java.util.zip.Inflater.ensureOpen (0x00007cb6134c2f88) [0x00007cb6134c3080, 0x00007cb6134c3308] Compiler: c1, Barriers: 1, Oops: 0, ImmediateOops: 1, NonImmediateOops: No
[1,128s][debug][gc,nmethod  ] Register NMethod: java.util.ArrayDeque.addLast (0x00007cb6134c3388) [0x00007cb6134c3480, 0x00007cb6134c3a60] Compiler: c1, Barriers: 4, Oops: 0, ImmediateOops: 0, NonImmediateOops: No
[1,129s][debug][gc,nmethod  ] Register NMethod: java.lang.StringLatin1.regionMatchesCI (0x00007cb6134c3a88) [0x00007cb6134c3b80, 0x00007cb6134c3e20] Compiler: c1, Barriers: 0, Oops: 0, ImmediateOops: 0, NonImmediateOops: No
[1,129s][debug][gc,nmethod  ] Register NMethod: java.lang.String.regionMatches (0x00007cb6134c3e88) [0x00007cb6134c3f80, 0x00007cb6134c5378] Compiler: c1, Barriers: 2, Oops: 0, ImmediateOops: 0, NonImmediateOops: No
[1,129s][debug][gc,nmethod  ] Register NMethod: java.util.zip.ZipFile$Source.readFullyAt (0x00007cb6134c5388) [0x00007cb6134c5480, 0x00007cb6134c5d18] Compiler: c1, Barriers: 3, Oops: 0, ImmediateOops: 1, NonImmediateOops: No
[1,129s][debug][gc,nmethod  ] Register NMethod: java.util.jar.JarFile.checkForSpecialAttributes (0x00007cb6134c5d88) [0x00007cb6134c5e80, 0x00007cb6134c7460] Compiler: c1, Barriers: 13, Oops: 1, ImmediateOops: 8, NonImmediateOops: No
[1,129s][debug][gc,nmethod  ] Register NMethod: java.lang.ClassLoader.findLoadedClass (0x00007cb6134c7488) [0x00007cb6134c7580, 0x00007cb6134c7750] Compiler: c1, Barriers: 0, Oops: 0, ImmediateOops: 0, NonImmediateOops: No
[1,129s][debug][gc,nmethod  ] Register NMethod: java.lang.ClassLoader.getClassLoadingLock (0x00007cb6134c7788) [0x00007cb6134c7880, 0x00007cb6134c7d50] Compiler: c1, Barriers: 1, Oops: 0, ImmediateOops: 0, NonImmediateOops: No
[1,130s][debug][gc,nmethod  ] Register NMethod: java.util.ArrayDeque.add (0x00007cb6134c7d88) [0x00007cb6134c7e80, 0x00007cb6134c7fd0] Compiler: c1, Barriers: 0, Oops: 0, ImmediateOops: 0, NonImmediateOops: No
[1,130s][debug][gc,nmethod  ] Register NMethod: java.security.CodeSource.getLocation (0x00007cb632c08388) [0x00007cb632c08480, 0x00007cb632c08568] Compiler: c1, Barriers: 1, Oops: 0, ImmediateOops: 0, NonImmediateOops: No
[1,130s][debug][gc,director ] Rule Major: Warmup 10%, Used: 18MB, UsedThreshold: 1228MB
[1,130s][debug][gc,nmethod  ] Register NMethod: jdk.internal.perf.PerfCounter.get (0x00007cb6134c8088) [0x00007cb6134c8180, 0x00007cb6134c8460] Compiler: c1, Barriers: 1, Oops: 0, ImmediateOops: 0, NonImmediateOops: No
[1,130s][debug][gc,nmethod  ] Register NMethod: jdk.internal.misc.ScopedMemoryAccess.getLongInternal (0x00007cb6134c8488) [0x00007cb6134c8580, 0x00007cb6134c87d0] Compiler: c1, Barriers: 0, Oops: 0, ImmediateOops: 0, NonImmediateOops: No
[1,130s][debug][gc,nmethod  ] Register NMethod: jdk.internal.perf.PerfCounter.add (0x00007cb6134c8808) [0x00007cb6134c8900, 0x00007cb6134c8e60] Compiler: c1, Barriers: 2, Oops: 0, ImmediateOops: 0, NonImmediateOops: No
[1,130s][debug][gc,nmethod  ] Register NMethod: jdk.internal.misc.ScopedMemoryAccess.getLong (0x00007cb6134c8e88) [0x00007cb6134c8f80, 0x00007cb6134c9290] Compiler: c1, Barriers: 0, Oops: 0, ImmediateOops: 0, NonImmediateOops: No
[1,130s][debug][gc,nmethod  ] Register NMethod: java.nio.DirectLongBufferU.get (0x00007cb6134c9308) [0x00007cb6134c9400, 0x00007cb6134ca1f0] Compiler: c1, Barriers: 1, Oops: 2, ImmediateOops: 2, NonImmediateOops: No
[1,130s][debug][gc,nmethod  ] Register NMethod: jdk.internal.misc.ScopedMemoryAccess.putLong (0x00007cb6134ca208) [0x00007cb6134ca300, 0x00007cb6134ca650] Compiler: c1, Barriers: 0, Oops: 0, ImmediateOops: 0, NonImmediateOops: No
[1,130s][debug][gc,nmethod  ] Register NMethod: jdk.internal.misc.ScopedMemoryAccess.putLongInternal (0x00007cb6134ca688) [0x00007cb6134ca780, 0x00007cb6134ca9e0] Compiler: c1, Barriers: 0, Oops: 0, ImmediateOops: 0, NonImmediateOops: No
[1,130s][debug][gc,nmethod  ] Register NMethod: java.nio.DirectLongBufferU.put (0x00007cb6134caa08) [0x00007cb6134cab00, 0x00007cb6134cb940] Compiler: c1, Barriers: 1, Oops: 2, ImmediateOops: 2, NonImmediateOops: No
[1,131s][debug][gc,nmethod  ] Register NMethod: jdk.internal.misc.Unsafe.putReferenceRelease (0x00007cb632c08688) [0x00007cb632c08780, 0x00007cb632c08870] Compiler: jvmci, Barriers: 3, Oops: 0, ImmediateOops: 0, NonImmediateOops: No
[1,131s][debug][gc,nmethod  ] Register NMethod: java.lang.ClassLoader.loadClass (0x00007cb6134cb988) [0x00007cb6134cba80, 0x00007cb6134cbd88] Compiler: c1, Barriers: 0, Oops: 0, ImmediateOops: 0, NonImmediateOops: No
[1,131s][debug][gc,nmethod  ] Register NMethod: java.net.URL.isBuiltinStreamHandler (0x00007cb6134cbe08) [0x00007cb6134cbf00, 0x00007cb6134cc430] Compiler: c1, Barriers: 0, Oops: 1, ImmediateOops: 1, NonImmediateOops: No
[1,131s][debug][gc,nmethod  ] Register NMethod: sun.net.util.IPAddressUtil.checkHostString (0x00007cb6134cc488) [0x00007cb6134cc580, 0x00007cb6134cc780] Compiler: c1, Barriers: 0, Oops: 0, ImmediateOops: 0, NonImmediateOops: No
[1,131s][debug][gc,nmethod  ] Register NMethod: java.net.URL.isBuiltinStreamHandler (0x00007cb6134cc788) [0x00007cb6134cc880, 0x00007cb6134cd768] Compiler: c1, Barriers: 3, Oops: 1, ImmediateOops: 2, NonImmediateOops: No
[1,131s][debug][gc,nmethod  ] Register NMethod: java.util.Arrays.rangeCheck (0x00007cb6134cd788) [0x00007cb6134cd880, 0x00007cb6134cee68] Compiler: c1, Barriers: 0, Oops: 3, ImmediateOops: 4, NonImmediateOops: No
[1,131s][debug][gc,nmethod  ] Register NMethod: java.lang.ref.PhantomReference.clear0 (0x00007cb632c08988) [0x00007cb632c08a80, 0x00007cb632c08bc8] Compiler: , Barriers: 0, Oops: 0, ImmediateOops: 0, NonImmediateOops: No
[1,132s][debug][gc,nmethod  ] Register NMethod: java.util.zip.Inflater.hasPendingOutput (0x00007cb632c08c88) [0x00007cb632c08d80, 0x00007cb632c08e40] Compiler: c1, Barriers: 0, Oops: 0, ImmediateOops: 0, NonImmediateOops: No
[1,132s][debug][gc,nmethod  ] Register NMethod: java.util.zip.Inflater.reset (0x00007cb632c08f88) [0x00007cb632c09080, 0x00007cb632c091d0] Compiler: , Barriers: 0, Oops: 0, ImmediateOops: 1, NonImmediateOops: No
[1,132s][debug][gc,nmethod  ] Register NMethod: sun.net.util.IPAddressUtil.scan (0x00007cb6134cee88) [0x00007cb6134cef80, 0x00007cb6134d01d8] Compiler: c1, Barriers: 3, Oops: 1, ImmediateOops: 2, NonImmediateOops: No
[1,132s][debug][gc,nmethod  ] Register NMethod: java.io.InputStream.<init> (0x00007cb6134d0208) [0x00007cb6134d0300, 0x00007cb6134d0458] Compiler: c1, Barriers: 0, Oops: 0, ImmediateOops: 0, NonImmediateOops: No
[1,132s][debug][gc,nmethod  ] Register NMethod: java.util.Collections$SetFromMap.remove (0x00007cb6134d0508) [0x00007cb6134d0600, 0x00007cb6134d0990] Compiler: c1, Barriers: 1, Oops: 0, ImmediateOops: 0, NonImmediateOops: No
[1,132s][debug][gc,nmethod  ] Register NMethod: java.util.zip.ZipFile$ZipFileInputStream.close (0x00007cb6134d0a08) [0x00007cb6134d0b00, 0x00007cb6134d1148] Compiler: c1, Barriers: 6, Oops: 0, ImmediateOops: 0, NonImmediateOops: No
[1,132s][debug][gc,nmethod  ] Register NMethod: java.lang.StringConcatHelper.checkOverflow (0x00007cb6134d1188) [0x00007cb6134d1280, 0x00007cb6134d1458] Compiler: c1, Barriers: 0, Oops: 0, ImmediateOops: 1, NonImmediateOops: No
[1,132s][debug][gc,nmethod  ] Register NMethod: java.util.WeakHashMap.remove (0x00007cb6134d1488) [0x00007cb6134d1580, 0x00007cb6134d2990] Compiler: c1, Barriers: 12, Oops: 0, ImmediateOops: 1, NonImmediateOops: No
[1,132s][debug][gc,nmethod  ] Register NMethod: java.lang.Throwable.fillInStackTrace (0x00007cb632c09288) [0x00007cb632c09380, 0x00007cb632c096a0] Compiler: , Barriers: 0, Oops: 0, ImmediateOops: 0, NonImmediateOops: No
[1,132s][debug][gc,nmethod  ] Register NMethod: java.lang.StringConcatHelper.doConcat (0x00007cb6134d2a08) [0x00007cb6134d2b00, 0x00007cb6134d4aa0] Compiler: c1, Barriers: 6, Oops: 0, ImmediateOops: 4, NonImmediateOops: No
[1,132s][debug][gc,nmethod  ] Register NMethod: java.lang.String.concat (0x00007cb6134d4b08) [0x00007cb6134d4c00, 0x00007cb6134d6f00] Compiler: c1, Barriers: 6, Oops: 0, ImmediateOops: 4, NonImmediateOops: No
[1,132s][debug][gc,nmethod  ] Register NMethod: sun.net.util.IPAddressUtil.checkHost (0x00007cb6134d6f08) [0x00007cb6134d7000, 0x00007cb6134dbde8] Compiler: c1, Barriers: 7, Oops: 5, ImmediateOops: 13, NonImmediateOops: No
[1,133s][debug][gc,nmethod  ] Register NMethod: java.util.jar.JarFile.maybeInstantiateVerifier (0x00007cb6134dbe88) [0x00007cb6134dbf80, 0x00007cb6134dc450] Compiler: c1, Barriers: 1, Oops: 0, ImmediateOops: 1, NonImmediateOops: No
[1,133s][debug][gc,nmethod  ] Register NMethod: java.util.ArrayDeque.elementAt (0x00007cb6134dc488) [0x00007cb6134dc580, 0x00007cb6134dc6b8] Compiler: c1, Barriers: 1, Oops: 0, ImmediateOops: 0, NonImmediateOops: No
[1,133s][debug][gc,nmethod  ] Register NMethod: java.net.URLStreamHandler.getDefaultPort (0x00007cb632c09708) [0x00007cb632c09800, 0x00007cb632c098c0] Compiler: c1, Barriers: 0, Oops: 0, ImmediateOops: 0, NonImmediateOops: No
[1,133s][debug][gc,nmethod  ] Register NMethod: java.lang.ref.PhantomReference.<init> (0x00007cb6134dc788) [0x00007cb6134dc880, 0x00007cb6134dcb70] Compiler: c1, Barriers: 6, Oops: 0, ImmediateOops: 1, NonImmediateOops: No
[1,133s][debug][gc,nmethod  ] Register NMethod: jdk.internal.ref.CleanerImpl$CleanableList.insert (0x00007cb6134dcb88) [0x00007cb6134dcc80, 0x00007cb6134dd700] Compiler: c1, Barriers: 22, Oops: 0, ImmediateOops: 0, NonImmediateOops: No
[1,133s][debug][gc,nmethod  ] Register NMethod: java.util.zip.ZipEntry.getSize (0x00007cb632c09a08) [0x00007cb632c09b00, 0x00007cb632c09bc0] Compiler: c1, Barriers: 0, Oops: 0, ImmediateOops: 0, NonImmediateOops: No
[1,133s][debug][gc,nmethod  ] Register NMethod: jdk.internal.ref.CleanerFactory.cleaner (0x00007cb6134dd708) [0x00007cb6134dd800, 0x00007cb6134dd8e8] Compiler: c1, Barriers: 0, Oops: 0, ImmediateOops: 1, NonImmediateOops: No
[1,134s][debug][gc,nmethod  ] Register NMethod: java.lang.String.indexOf (0x00007cb6134dda08) [0x00007cb6134ddb00, 0x00007cb6134de4b8] Compiler: c1, Barriers: 2, Oops: 0, ImmediateOops: 0, NonImmediateOops: No
[1,134s][debug][gc,nmethod  ] Register NMethod: jdk.internal.ref.PhantomCleanable.<init> (0x00007cb6134de508) [0x00007cb6134de600, 0x00007cb6134df7f0] Compiler: c1, Barriers: 13, Oops: 0, ImmediateOops: 3, NonImmediateOops: No
[1,134s][debug][gc,nmethod  ] Register NMethod: java.lang.NamedPackage.module (0x00007cb632c09d08) [0x00007cb632c09e00, 0x00007cb632c09ee8] Compiler: c1, Barriers: 1, Oops: 0, ImmediateOops: 0, NonImmediateOops: No
[1,135s][debug][gc,nmethod  ] Register NMethod: java.util.zip.Inflater.finished (0x00007cb6134df808) [0x00007cb6134df900, 0x00007cb6134dfbb0] Compiler: c1, Barriers: 1, Oops: 0, ImmediateOops: 0, NonImmediateOops: No
[1,135s][debug][gc,nmethod  ] Register NMethod: java.util.LinkedHashMap.get (0x00007cb6134dfc08) [0x00007cb6134dfd00, 0x00007cb6134e0118] Compiler: c1, Barriers: 1, Oops: 0, ImmediateOops: 0, NonImmediateOops: No
[1,135s][debug][gc,nmethod  ] Register NMethod: java.util.zip.InflaterInputStream.ensureOpen (0x00007cb6134e0188) [0x00007cb6134e0280, 0x00007cb6134e0488] Compiler: c1, Barriers: 0, Oops: 0, ImmediateOops: 1, NonImmediateOops: No
[1,135s][debug][gc,nmethod  ] Register NMethod: java.lang.StringLatin1.lastIndexOf (0x00007cb632c0a008) [0x00007cb632c0a100, 0x00007cb632c0a370] Compiler: jvmci, Barriers: 0, Oops: 0, ImmediateOops: 0, NonImmediateOops: No
[1,135s][debug][gc,nmethod  ] Register NMethod: java.lang.String.<init> (0x00007cb6134e0508) [0x00007cb6134e0600, 0x00007cb6134e0a38] Compiler: c1, Barriers: 0, Oops: 1, ImmediateOops: 1, NonImmediateOops: No
[1,135s][debug][gc,nmethod  ] Register NMethod: java.util.zip.InflaterInputStream.read (0x00007cb6134e0a88) [0x00007cb6134e0b80, 0x00007cb6134e1c08] Compiler: c1, Barriers: 7, Oops: 0, ImmediateOops: 2, NonImmediateOops: No
[1,136s][debug][gc,nmethod  ] Register NMethod: java.lang.String.<init> (0x00007cb6134e1c88) [0x00007cb6134e1d80, 0x00007cb6134e5bf0] Compiler: c1, Barriers: 45, Oops: 1, ImmediateOops: 12, NonImmediateOops: No
[1,137s][debug][gc,nmethod  ] Register NMethod: java.lang.reflect.Array.newArray (0x00007cb632c0a388) [0x00007cb632c0a480, 0x00007cb632c0a7b8] Compiler: , Barriers: 0, Oops: 0, ImmediateOops: 1, NonImmediateOops: No
[1,137s][debug][gc,nmethod  ] Register NMethod: jdk.internal.classfile.impl.AbstractDirectBuilder.setOriginal (0x00007cb632c0a808) [0x00007cb632c0a900, 0x00007cb632c0aa30] Compiler: c1, Barriers: 3, Oops: 0, ImmediateOops: 0, NonImmediateOops: No
[1,137s][debug][gc,nmethod  ] Register NMethod: java.lang.CharacterDataLatin1.getProperties (0x00007cb6134e5c08) [0x00007cb6134e5d00, 0x00007cb6134e5e30] Compiler: c1, Barriers: 0, Oops: 0, ImmediateOops: 1, NonImmediateOops: No
[1,137s][debug][gc,nmethod  ] Register NMethod: java.lang.CharacterData.of (0x00007cb6134e5f08) [0x00007cb6134e6000, 0x00007cb6134e6740] Compiler: c1, Barriers: 7, Oops: 0, ImmediateOops: 1, NonImmediateOops: No
[1,137s][debug][gc,nmethod  ] Register NMethod: java.lang.Integer.numberOfLeadingZeros (0x00007cb6134e6788) [0x00007cb6134e6880, 0x00007cb6134e6b00] Compiler: c1, Barriers: 0, Oops: 0, ImmediateOops: 0, NonImmediateOops: No
[1,137s][debug][gc,nmethod  ] Register NMethod: jdk.internal.constant.ClassOrInterfaceDescImpl.<init> (0x00007cb6134e6b08) [0x00007cb6134e6c00, 0x00007cb6134e6dd0] Compiler: c1, Barriers: 3, Oops: 0, ImmediateOops: 0, NonImmediateOops: No
[1,138s][debug][gc,nmethod  ] Register NMethod: jdk.internal.constant.ClassOrInterfaceDescImpl.ofValidated (0x00007cb6134e6e08) [0x00007cb6134e6f00, 0x00007cb6134e7188] Compiler: c1, Barriers: 3, Oops: 0, ImmediateOops: 0, NonImmediateOops: No
[1,138s][debug][gc,nmethod  ] Register NMethod: jdk.internal.classfile.impl.DirectMethodBuilder.methodFlags (0x00007cb632c0ab08) [0x00007cb632c0ac00, 0x00007cb632c0acc0] Compiler: c1, Barriers: 0, Oops: 0, ImmediateOops: 0, NonImmediateOops: No
[1,138s][debug][gc,nmethod  ] Register NMethod: jdk.internal.classfile.impl.DirectMethodBuilder.methodType (0x00007cb632c0ae08) [0x00007cb632c0af00, 0x00007cb632c0afe8] Compiler: c1, Barriers: 1, Oops: 0, ImmediateOops: 0, NonImmediateOops: No
[1,138s][debug][gc,nmethod  ] Register NMethod: jdk.internal.classfile.impl.SplitConstantPool.utf8Entry (0x00007cb6134e7208) [0x00007cb6134e7300, 0x00007cb6134e75f8] Compiler: c1, Barriers: 0, Oops: 0, ImmediateOops: 0, NonImmediateOops: No
[1,138s][debug][gc,nmethod  ] Register NMethod: java.lang.String.toString (0x00007cb6134e7608) [0x00007cb6134e7700, 0x00007cb6134e7800] Compiler: c1, Barriers: 0, Oops: 0, ImmediateOops: 0, NonImmediateOops: No
[1,139s][debug][gc,nmethod  ] Register NMethod: jdk.internal.classfile.impl.AbstractPoolEntry$Utf8EntryImpl.tag (0x00007cb632c0b108) [0x00007cb632c0b200, 0x00007cb632c0b2c0] Compiler: c1, Barriers: 0, Oops: 0, ImmediateOops: 0, NonImmediateOops: No
[1,139s][debug][gc,nmethod  ] Register NMethod: jdk.internal.classfile.impl.BufWriterImpl.writeU1U2 (0x00007cb6134e7908) [0x00007cb6134e7a00, 0x00007cb6134e7e98] Compiler: c1, Barriers: 2, Oops: 0, ImmediateOops: 0, NonImmediateOops: No
[1,139s][debug][gc,nmethod  ] Register NMethod: java.lang.constant.ClassDesc.isPrimitive (0x00007cb632c0b408) [0x00007cb632c0b500, 0x00007cb632c0b5c0] Compiler: c1, Barriers: 0, Oops: 0, ImmediateOops: 0, NonImmediateOops: No
[1,139s][debug][gc,nmethod  ] Register NMethod: java.util.AbstractList.<init> (0x00007cb6134e7f08) [0x00007cb6134e8000, 0x00007cb6134e81c0] Compiler: c1, Barriers: 0, Oops: 0, ImmediateOops: 0, NonImmediateOops: No
[1,140s][debug][gc,nmethod  ] Register NMethod: java.lang.StringConcatHelper.stringOf (0x00007cb6134e8208) [0x00007cb6134e8300, 0x00007cb6134e8658] Compiler: c1, Barriers: 0, Oops: 0, ImmediateOops: 1, NonImmediateOops: No
[1,140s][debug][gc,nmethod  ] Register NMethod: jdk.internal.classfile.impl.SplitConstantPool.maybeCloneUtf8Entry (0x00007cb6134e8688) [0x00007cb6134e8780, 0x00007cb6134e9820] Compiler: c1, Barriers: 4, Oops: 0, ImmediateOops: 2, NonImmediateOops: No
[1,140s][debug][gc,nmethod  ] Register NMethod: jdk.internal.classfile.impl.AbstractElement.<init> (0x00007cb6134e9888) [0x00007cb6134e9980, 0x00007cb6134e9ad8] Compiler: c1, Barriers: 0, Oops: 0, ImmediateOops: 0, NonImmediateOops: No
[1,140s][debug][gc,director ] Rule Major: Warmup 10%, Used: 18MB, UsedThreshold: 1228MB
[1,140s][debug][gc,nmethod  ] Register NMethod: java.lang.StringConcatHelper.prepend (0x00007cb6134e9b88) [0x00007cb6134e9c80, 0x00007cb6134eb3d0] Compiler: c1, Barriers: 3, Oops: 0, ImmediateOops: 0, NonImmediateOops: No
[1,140s][debug][gc,nmethod  ] Register NMethod: java.lang.StringConcatHelper.newArrayWithSuffix (0x00007cb6134eb408) [0x00007cb6134eb500, 0x00007cb6134ec450] Compiler: c1, Barriers: 1, Oops: 0, ImmediateOops: 3, NonImmediateOops: No
[1,140s][debug][gc,nmethod  ] Register NMethod: jdk.internal.classfile.impl.AbstractPoolEntry$Utf8EntryImpl.stringValue (0x00007cb6134ec488) [0x00007cb6134ec580, 0x00007cb6134ec878] Compiler: c1, Barriers: 0, Oops: 0, ImmediateOops: 0, NonImmediateOops: No
[1,140s][debug][gc,nmethod  ] Register NMethod: java.lang.StringConcatHelper.concat (0x00007cb6134ec888) [0x00007cb6134ec980, 0x00007cb6134eef28] Compiler: c1, Barriers: 6, Oops: 0, ImmediateOops: 6, NonImmediateOops: No
[1,140s][debug][gc,nmethod  ] Register NMethod: java.util.Arrays.copyOf (0x00007cb6134eef88) [0x00007cb6134ef080, 0x00007cb6134ef3a0] Compiler: c1, Barriers: 1, Oops: 0, ImmediateOops: 0, NonImmediateOops: No
[1,140s][debug][gc,nmethod  ] Register NMethod: jdk.internal.classfile.impl.AbstractPoolEntry$Utf8EntryImpl.toString (0x00007cb6134ef408) [0x00007cb6134ef500, 0x00007cb6134efa48] Compiler: c1, Barriers: 11, Oops: 0, ImmediateOops: 5, NonImmediateOops: No
[1,140s][debug][gc,nmethod  ] Register NMethod: java.lang.StringConcatHelper.concat0 (0x00007cb6134efa88) [0x00007cb6134efb80, 0x00007cb6134f1d68] Compiler: c1, Barriers: 6, Oops: 0, ImmediateOops: 3, NonImmediateOops: No
[1,140s][debug][gc,nmethod  ] Register NMethod: jdk.internal.classfile.impl.StackMapGenerator$Type.<init> (0x00007cb6134f1d88) [0x00007cb6134f1e80, 0x00007cb6134f20b8] Compiler: c1, Barriers: 3, Oops: 0, ImmediateOops: 0, NonImmediateOops: No
[1,140s][debug][gc,nmethod  ] Register NMethod: jdk.internal.classfile.impl.AbstractPoolEntry$ClassEntryImpl.hashCode (0x00007cb6134f2108) [0x00007cb6134f2200, 0x00007cb6134f30f8] Compiler: c1, Barriers: 4, Oops: 0, ImmediateOops: 2, NonImmediateOops: No
[1,141s][debug][gc,nmethod  ] Register NMethod: jdk.internal.constant.MethodTypeDescImpl.parameterType (0x00007cb6134f3108) [0x00007cb6134f3200, 0x00007cb6134f3388] Compiler: c1, Barriers: 2, Oops: 0, ImmediateOops: 0, NonImmediateOops: No
[1,141s][debug][gc,nmethod  ] Register NMethod: sun.invoke.util.VerifyAccess.ensureTypeVisible (0x00007cb6134f3408) [0x00007cb6134f3500, 0x00007cb6134f4690] Compiler: c1, Barriers: 4, Oops: 0, ImmediateOops: 1, NonImmediateOops: No
[1,141s][debug][gc,nmethod  ] Register NMethod: jdk.internal.classfile.impl.SplitConstantPool.findEntry (0x00007cb6134f4708) [0x00007cb6134f4800, 0x00007cb6134f5f08] Compiler: c1, Barriers: 3, Oops: 0, ImmediateOops: 0, NonImmediateOops: No
[1,141s][debug][gc,nmethod  ] Register NMethod: jdk.internal.classfile.impl.BufWriterImpl.writeU1 (0x00007cb6134f5f88) [0x00007cb6134f6080, 0x00007cb6134f64c8] Compiler: c1, Barriers: 2, Oops: 0, ImmediateOops: 0, NonImmediateOops: No
[1,141s][debug][gc,nmethod  ] Register NMethod: java.lang.invoke.MethodTypeForm.basicType (0x00007cb632c0b708) [0x00007cb632c0b800, 0x00007cb632c0b8e8] Compiler: c1, Barriers: 1, Oops: 0, ImmediateOops: 0, NonImmediateOops: No
[1,141s][debug][gc,nmethod  ] Register NMethod: jdk.internal.classfile.impl.StackMapGenerator$Frame.checkStack (0x00007cb6134f6508) [0x00007cb6134f6600, 0x00007cb6134f7248] Compiler: c1, Barriers: 11, Oops: 1, ImmediateOops: 2, NonImmediateOops: No
[1,142s][debug][gc,nmethod  ] Register NMethod: java.lang.invoke.MethodType.equals (0x00007cb6134f7288) [0x00007cb6134f7380, 0x00007cb6134f7b20] Compiler: c1, Barriers: 4, Oops: 0, ImmediateOops: 0, NonImmediateOops: No
[1,142s][debug][gc,nmethod  ] Register NMethod: java.lang.reflect.Modifier.isProtected (0x00007cb6134f7b88) [0x00007cb6134f7c80, 0x00007cb6134f7db0] Compiler: c1, Barriers: 0, Oops: 0, ImmediateOops: 0, NonImmediateOops: No
[1,142s][debug][gc,nmethod  ] Register NMethod: jdk.internal.classfile.impl.Util.methodTypeSymbol (0x00007cb6134f7e88) [0x00007cb6134f7f80, 0x00007cb6134f8e40] Compiler: c1, Barriers: 4, Oops: 0, ImmediateOops: 0, NonImmediateOops: No
[1,142s][debug][gc,nmethod  ] Register NMethod: jdk.internal.classfile.impl.AbstractPoolEntry$Utf8EntryImpl.methodTypeSymbol (0x00007cb6134f8e88) [0x00007cb6134f8f80, 0x00007cb6134f9a50] Compiler: c1, Barriers: 4, Oops: 0, ImmediateOops: 0, NonImmediateOops: No
[1,142s][debug][gc,nmethod  ] Register NMethod: java.lang.Math.max (0x00007cb6134f9a88) [0x00007cb6134f9b80, 0x00007cb6134f9ca8] Compiler: c1, Barriers: 0, Oops: 0, ImmediateOops: 0, NonImmediateOops: No
[1,142s][debug][gc,nmethod  ] Register NMethod: jdk.internal.classfile.impl.AbstractPoolEntry$NameAndTypeEntryImpl.tag (0x00007cb632c0ba08) [0x00007cb632c0bb00, 0x00007cb632c0bbc0] Compiler: c1, Barriers: 0, Oops: 0, ImmediateOops: 0, NonImmediateOops: No
[1,142s][debug][gc,nmethod  ] Register NMethod: jdk.internal.classfile.impl.AbstractPoolEntry$AbstractRefEntry.<init> (0x00007cb6134f9d88) [0x00007cb6134f9e80, 0x00007cb6134fa3d8] Compiler: c1, Barriers: 6, Oops: 0, ImmediateOops: 0, NonImmediateOops: No
[1,142s][debug][gc,nmethod  ] Register NMethod: jdk.internal.classfile.impl.AbstractPoolEntry$AbstractNamedEntry.<init> (0x00007cb6134fa408) [0x00007cb6134fa500, 0x00007cb6134fa630] Compiler: c1, Barriers: 0, Oops: 0, ImmediateOops: 0, NonImmediateOops: No
[1,142s][debug][gc,nmethod  ] Register NMethod: java.util.HashMap.getNode (0x00007cb632c0bd08) [0x00007cb632c0be00, 0x00007cb632c0c5c8] Compiler: jvmci, Barriers: 11, Oops: 0, ImmediateOops: 0, NonImmediateOops: No
[1,142s][debug][gc,nmethod  ] Register NMethod: jdk.internal.classfile.impl.Util.parameterSlots (0x00007cb6134fa708) [0x00007cb6134fa800, 0x00007cb6134fac90] Compiler: c1, Barriers: 3, Oops: 0, ImmediateOops: 2, NonImmediateOops: No
[1,142s][debug][gc,nmethod  ] Register NMethod: jdk.internal.classfile.impl.AbstractPoolEntry$AbstractRefsEntry.<init> (0x00007cb6134fad08) [0x00007cb6134fae00, 0x00007cb6134fb600] Compiler: c1, Barriers: 9, Oops: 0, ImmediateOops: 0, NonImmediateOops: No
[1,143s][debug][gc,nmethod  ] Register NMethod: java.lang.Class.descriptorString (0x00007cb6134fb608) [0x00007cb6134fb700, 0x00007cb613503290] Compiler: c1, Barriers: 14, Oops: 3, ImmediateOops: 21, NonImmediateOops: No
[1,143s][debug][gc,nmethod  ] Register NMethod: jdk.internal.classfile.impl.LabelImpl.labelContext (0x00007cb632c0c608) [0x00007cb632c0c700, 0x00007cb632c0c7e8] Compiler: c1, Barriers: 1, Oops: 0, ImmediateOops: 0, NonImmediateOops: No
[1,143s][debug][gc,nmethod  ] Register NMethod: jdk.internal.classfile.impl.LabelImpl.getBCI (0x00007cb632c0c908) [0x00007cb632c0ca00, 0x00007cb632c0cac0] Compiler: c1, Barriers: 0, Oops: 0, ImmediateOops: 0, NonImmediateOops: No
[1,143s][debug][gc,nmethod  ] Register NMethod: java.util.ArrayDeque.poll (0x00007cb613503308) [0x00007cb613503400, 0x00007cb613503548] Compiler: c1, Barriers: 0, Oops: 0, ImmediateOops: 0, NonImmediateOops: No
[1,143s][debug][gc,nmethod  ] Register NMethod: jdk.internal.misc.Unsafe.getChar (0x00007cb632c0cc08) [0x00007cb632c0cd00, 0x00007cb632c0ce68] Compiler: , Barriers: 0, Oops: 0, ImmediateOops: 0, NonImmediateOops: No
[1,143s][debug][gc,nmethod  ] Register NMethod: jdk.internal.classfile.impl.RawBytecodeHelper.getU1Unchecked (0x00007cb613503608) [0x00007cb613503700, 0x00007cb6135038f0] Compiler: c1, Barriers: 2, Oops: 0, ImmediateOops: 0, NonImmediateOops: No
[1,143s][debug][gc,nmethod  ] Register NMethod: java.util.ArrayDeque.pollFirst (0x00007cb613503908) [0x00007cb613503a00, 0x00007cb613503f60] Compiler: c1, Barriers: 5, Oops: 0, ImmediateOops: 0, NonImmediateOops: No
[1,143s][debug][gc,nmethod  ] Register NMethod: jdk.internal.classfile.impl.BufWriterImpl.writeU1U2U2 (0x00007cb613503f88) [0x00007cb613504080, 0x00007cb613504578] Compiler: c1, Barriers: 2, Oops: 0, ImmediateOops: 0, NonImmediateOops: No
[1,143s][debug][gc,nmethod  ] Register NMethod: jdk.internal.classfile.impl.AbstractPoolEntry$AbstractRefsEntry.writeTo (0x00007cb613504588) [0x00007cb613504680, 0x00007cb613505020] Compiler: c1, Barriers: 2, Oops: 0, ImmediateOops: 0, NonImmediateOops: No
[1,143s][debug][gc,nmethod  ] Register NMethod: java.lang.invoke.MemberName.clone (0x00007cb613505088) [0x00007cb613505180, 0x00007cb6135055f0] Compiler: c1, Barriers: 0, Oops: 0, ImmediateOops: 0, NonImmediateOops: No
[1,145s][debug][gc,nmethod  ] Register NMethod: java.lang.ref.Reference.refersToImpl (0x00007cb613505608) [0x00007cb613505700, 0x00007cb613505838] Compiler: c1, Barriers: 0, Oops: 0, ImmediateOops: 0, NonImmediateOops: No
[1,146s][debug][gc,nmethod  ] Register NMethod: jdk.internal.access.SharedSecrets.javaUtilJarAccess (0x00007cb613505908) [0x00007cb613505a00, 0x00007cb6135060e0] Compiler: c1, Barriers: 2, Oops: 1, ImmediateOops: 4, NonImmediateOops: No
[1,147s][debug][gc,nmethod  ] Register NMethod: java.lang.invoke.MethodHandle.linkToStatic (0x00007cb632c0cf08) [0x00007cb632c0d000, 0x00007cb632c0d0f0] Compiler: , Barriers: 0, Oops: 0, ImmediateOops: 0, NonImmediateOops: No
[1,147s][debug][gc,nmethod  ] Register NMethod: java.lang.invoke.MethodType.checkPtypes (0x00007cb613506108) [0x00007cb613506200, 0x00007cb6135073d8] Compiler: c1, Barriers: 1, Oops: 2, ImmediateOops: 6, NonImmediateOops: No
[1,149s][debug][gc,nmethod  ] Register NMethod: jdk.internal.ref.CleanerImpl$PhantomCleanableRef.<init> (0x00007cb613507408) [0x00007cb613507500, 0x00007cb6135076c0] Compiler: c1, Barriers: 3, Oops: 0, ImmediateOops: 0, NonImmediateOops: No
[1,149s][debug][gc,nmethod  ] Register NMethod: java.lang.ref.Cleaner.register (0x00007cb613507708) [0x00007cb613507800, 0x00007cb613507d18] Compiler: c1, Barriers: 3, Oops: 2, ImmediateOops: 2, NonImmediateOops: No
[1,149s][debug][gc,nmethod  ] Register NMethod: java.nio.Buffer.limit (0x00007cb632c0d208) [0x00007cb632c0d300, 0x00007cb632c0d3c0] Compiler: c1, Barriers: 0, Oops: 0, ImmediateOops: 0, NonImmediateOops: No
[1,150s][debug][gc,director ] Rule Major: Warmup 10%, Used: 20MB, UsedThreshold: 1228MB
[1,151s][debug][gc,nmethod  ] Register NMethod: java.lang.invoke.MemberName.getModifiers (0x00007cb613507d88) [0x00007cb613507e80, 0x00007cb613507f88] Compiler: c1, Barriers: 0, Oops: 0, ImmediateOops: 0, NonImmediateOops: No
[1,151s][debug][gc,nmethod  ] Register NMethod: sun.invoke.util.VerifyAccess.isSamePackage (0x00007cb613508088) [0x00007cb613508180, 0x00007cb613508b60] Compiler: c1, Barriers: 2, Oops: 0, ImmediateOops: 0, NonImmediateOops: No
[1,151s][debug][gc,nmethod  ] Register NMethod: java.util.Properties$LineReader.readLine (0x00007cb613508b88) [0x00007cb613508c80, 0x00007cb61350c6b0] Compiler: c1, Barriers: 14, Oops: 0, ImmediateOops: 0, NonImmediateOops: No
[1,152s][debug][gc,nmethod  ] Register NMethod: jdk.internal.loader.URLClassPath$Loader.getBaseURL (0x00007cb632c0d508) [0x00007cb632c0d600, 0x00007cb632c0d6e8] Compiler: c1, Barriers: 1, Oops: 0, ImmediateOops: 0, NonImmediateOops: No
[1,152s][debug][gc,nmethod  ] Register NMethod: java.lang.ClassLoader.defineClass1 (0x00007cb632c0d808) [0x00007cb632c0d900, 0x00007cb632c0dc98] Compiler: , Barriers: 0, Oops: 0, ImmediateOops: 1, NonImmediateOops: No
[1,152s][debug][gc,nmethod  ] Register NMethod: java.util.zip.ZipEntry.getCrc (0x00007cb632c0dd08) [0x00007cb632c0de00, 0x00007cb632c0dec0] Compiler: c1, Barriers: 0, Oops: 0, ImmediateOops: 0, NonImmediateOops: No
[1,152s][debug][gc,nmethod  ] Register NMethod: jdk.internal.loader.Resource.cachedInputStream (0x00007cb61350c708) [0x00007cb61350c800, 0x00007cb61350ce78] Compiler: c1, Barriers: 8, Oops: 0, ImmediateOops: 0, NonImmediateOops: No
[1,152s][debug][gc,nmethod  ] Register NMethod: jdk.internal.perf.PerfCounter.addElapsedTimeFrom (0x00007cb61350ce88) [0x00007cb61350cf80, 0x00007cb61350d108] Compiler: c1, Barriers: 0, Oops: 0, ImmediateOops: 0, NonImmediateOops: No
[1,152s][debug][gc,nmethod  ] Register NMethod: java.security.CodeSource.getCertificates (0x00007cb61350d188) [0x00007cb61350d280, 0x00007cb61350e458] Compiler: c1, Barriers: 10, Oops: 0, ImmediateOops: 1, NonImmediateOops: No
[1,153s][debug][gc,nmethod  ] Register NMethod: java.lang.invoke.MethodHandle.linkToSpecial (0x00007cb632c0e008) [0x00007cb632c0e100, 0x00007cb632c0e1f8] Compiler: , Barriers: 0, Oops: 0, ImmediateOops: 0, NonImmediateOops: No
[1,153s][debug][gc,nmethod  ] Register NMethod: jdk.internal.classfile.impl.UnboundAttribute.attributeMapper (0x00007cb632c0e308) [0x00007cb632c0e400, 0x00007cb632c0e4e8] Compiler: c1, Barriers: 1, Oops: 0, ImmediateOops: 0, NonImmediateOops: No
[1,153s][debug][gc,nmethod  ] Register NMethod: java.lang.invoke.MemberName.isConstructor (0x00007cb61350e488) [0x00007cb61350e580, 0x00007cb61350e738] Compiler: c1, Barriers: 0, Oops: 0, ImmediateOops: 0, NonImmediateOops: No
[1,153s][debug][gc,nmethod  ] Register NMethod: jdk.internal.classfile.impl.SplitConstantPool.classEntry (0x00007cb61350e788) [0x00007cb61350e880, 0x00007cb613510538] Compiler: c1, Barriers: 4, Oops: 1, ImmediateOops: 2, NonImmediateOops: No
[1,153s][debug][gc,nmethod  ] Register NMethod: java.lang.reflect.Modifier.isPublic (0x00007cb613510588) [0x00007cb613510680, 0x00007cb6135107b0] Compiler: c1, Barriers: 0, Oops: 0, ImmediateOops: 0, NonImmediateOops: No
[1,153s][debug][gc,nmethod  ] Register NMethod: java.lang.Class.isInterface (0x00007cb613510888) [0x00007cb613510980, 0x00007cb613510b38] Compiler: c1, Barriers: 0, Oops: 0, ImmediateOops: 0, NonImmediateOops: No
[1,153s][debug][gc,nmethod  ] Register NMethod: java.lang.reflect.Modifier.isInterface (0x00007cb613510b88) [0x00007cb613510c80, 0x00007cb613510db0] Compiler: c1, Barriers: 0, Oops: 0, ImmediateOops: 0, NonImmediateOops: No
[1,153s][debug][gc,nmethod  ] Register NMethod: jdk.internal.classfile.impl.SplitConstantPool.classEntryForClassOrInterface (0x00007cb613510e88) [0x00007cb613510f80, 0x00007cb613513510] Compiler: c1, Barriers: 7, Oops: 0, ImmediateOops: 1, NonImmediateOops: No
[1,153s][debug][gc,nmethod  ] Register NMethod: java.lang.invoke.MethodTypeForm.parameterSlotCount (0x00007cb632c0e608) [0x00007cb632c0e700, 0x00007cb632c0e7c0] Compiler: c1, Barriers: 0, Oops: 0, ImmediateOops: 0, NonImmediateOops: No
[1,153s][debug][gc,nmethod  ] Register NMethod: jdk.internal.classfile.impl.SplitConstantPool.tryFindClassOrInterface (0x00007cb613513588) [0x00007cb613513680, 0x00007cb613516238] Compiler: c1, Barriers: 12, Oops: 0, ImmediateOops: 0, NonImmediateOops: No
[1,153s][debug][gc,nmethod  ] Register NMethod: jdk.internal.classfile.impl.AttributeHolder.<init> (0x00007cb613516288) [0x00007cb613516380, 0x00007cb613516560] Compiler: c1, Barriers: 3, Oops: 0, ImmediateOops: 1, NonImmediateOops: No
[1,153s][debug][gc,nmethod  ] Register NMethod: java.lang.invoke.MethodTypeForm.canonicalizeAll (0x00007cb613516588) [0x00007cb613516680, 0x00007cb613517038] Compiler: c1, Barriers: 4, Oops: 0, ImmediateOops: 1, NonImmediateOops: No
[1,154s][debug][gc,nmethod  ] Register NMethod: jdk.internal.classfile.impl.AbstractDirectBuilder.<init> (0x00007cb613517088) [0x00007cb613517180, 0x00007cb6135175d0] Compiler: c1, Barriers: 12, Oops: 0, ImmediateOops: 1, NonImmediateOops: No
[1,154s][debug][gc,nmethod  ] Register NMethod: java.util.ArrayList.isEmpty (0x00007cb613517608) [0x00007cb613517700, 0x00007cb613517850] Compiler: c1, Barriers: 0, Oops: 0, ImmediateOops: 0, NonImmediateOops: No
[1,154s][debug][gc,nmethod  ] Register NMethod: java.lang.classfile.Opcode.bytecode (0x00007cb632c0e908) [0x00007cb632c0ea00, 0x00007cb632c0eac0] Compiler: c1, Barriers: 0, Oops: 0, ImmediateOops: 0, NonImmediateOops: No
[1,154s][debug][gc,nmethod  ] Register NMethod: java.lang.invoke.MethodHandles$Lookup.lookupClassOrNull (0x00007cb613517908) [0x00007cb613517a00, 0x00007cb613517ba0] Compiler: c1, Barriers: 1, Oops: 0, ImmediateOops: 0, NonImmediateOops: No
[1,154s][debug][gc,nmethod  ] Register NMethod: jdk.internal.constant.ConstantUtils.referenceClassDesc (0x00007cb613517c08) [0x00007cb613517d00, 0x00007cb6135186e0] Compiler: c1, Barriers: 2, Oops: 1, ImmediateOops: 2, NonImmediateOops: No
[1,154s][debug][gc,nmethod  ] Register NMethod: jdk.internal.classfile.impl.AttributeHolder.writeTo (0x00007cb613518708) [0x00007cb613518800, 0x00007cb613519000] Compiler: c1, Barriers: 4, Oops: 0, ImmediateOops: 0, NonImmediateOops: No
[1,154s][debug][gc,nmethod  ] Register NMethod: jdk.internal.util.StrongReferenceKey.equals (0x00007cb613519008) [0x00007cb613519100, 0x00007cb613519d88] Compiler: c1, Barriers: 1, Oops: 0, ImmediateOops: 0, NonImmediateOops: No
[1,155s][debug][gc,nmethod  ] Register NMethod: jdk.internal.jimage.ImageStringsReader.unmaskedHashCode (0x00007cb613519e08) [0x00007cb613519f00, 0x00007cb61351b100] Compiler: c1, Barriers: 3, Oops: 1, ImmediateOops: 2, NonImmediateOops: No
[1,155s][debug][gc,nmethod  ] Register NMethod: jdk.internal.jimage.ImageLocation.readValue (0x00007cb61351b188) [0x00007cb61351b280, 0x00007cb61351b750] Compiler: c1, Barriers: 0, Oops: 0, ImmediateOops: 1, NonImmediateOops: No
[1,155s][debug][gc,nmethod  ] Register NMethod: java.lang.StringLatin1.indexOf (0x00007cb61351b788) [0x00007cb61351b880, 0x00007cb61351ba60] Compiler: c1, Barriers: 0, Oops: 0, ImmediateOops: 0, NonImmediateOops: No
[1,155s][debug][gc,nmethod  ] Register NMethod: java.lang.String.indexOf (0x00007cb61351ba88) [0x00007cb61351bb80, 0x00007cb61351c680] Compiler: c1, Barriers: 6, Oops: 0, ImmediateOops: 0, NonImmediateOops: No
[1,155s][debug][gc,nmethod  ] Register NMethod: java.nio.DirectByteBuffer.ix (0x00007cb632c0ec08) [0x00007cb632c0ed00, 0x00007cb632c0ed88] Compiler: jvmci, Barriers: 0, Oops: 0, ImmediateOops: 0, NonImmediateOops: No
[1,156s][debug][gc,nmethod  ] Register NMethod: jdk.internal.misc.Unsafe.putByte (0x00007cb632c0ef08) [0x00007cb632c0f000, 0x00007cb632c0f158] Compiler: , Barriers: 0, Oops: 0, ImmediateOops: 0, NonImmediateOops: No
[1,156s][debug][gc,nmethod  ] Register NMethod: sun.nio.fs.NativeBuffer.address (0x00007cb632c0f208) [0x00007cb632c0f300, 0x00007cb632c0f3c0] Compiler: c1, Barriers: 0, Oops: 0, ImmediateOops: 0, NonImmediateOops: No
[1,156s][debug][gc,nmethod  ] Register NMethod: java.io.UnixFileSystem.normalize (0x00007cb61351c688) [0x00007cb61351c780, 0x00007cb61351dd78] Compiler: c1, Barriers: 2, Oops: 1, ImmediateOops: 3, NonImmediateOops: No
[1,156s][debug][gc,nmethod  ] Register NMethod: jdk.internal.util.ArraysSupport.hashCodeOfUnsigned (0x00007cb632c0f508) [0x00007cb632c0f600, 0x00007cb632c0f730] Compiler: jvmci, Barriers: 0, Oops: 0, ImmediateOops: 0, NonImmediateOops: No
[1,156s][debug][gc,nmethod  ] Register NMethod: java.io.FilterInputStream.<init> (0x00007cb61351dd88) [0x00007cb61351de80, 0x00007cb61351e0b8] Compiler: c1, Barriers: 3, Oops: 0, ImmediateOops: 0, NonImmediateOops: No
[1,159s][debug][gc,nmethod  ] Register NMethod: java.lang.Long.hashCode (0x00007cb61351e108) [0x00007cb61351e200, 0x00007cb61351e2f0] Compiler: c1, Barriers: 0, Oops: 0, ImmediateOops: 0, NonImmediateOops: No
[1,159s][debug][gc,nmethod  ] Register NMethod: java.util.zip.ZipFile.zipCoderFor (0x00007cb632c0f808) [0x00007cb632c0f900, 0x00007cb632c0f9c0] Compiler: jvmci, Barriers: 0, Oops: 0, ImmediateOops: 0, NonImmediateOops: No
[1,160s][debug][gc,nmethod  ] Register NMethod: java.lang.Thread.currentCarrierThread (0x00007cb632c0fb08) [0x00007cb632c0fc00, 0x00007cb632c0ff28] Compiler: , Barriers: 0, Oops: 0, ImmediateOops: 1, NonImmediateOops: No
[1,160s][debug][gc,nmethod  ] Register NMethod: java.io.File.<init> (0x00007cb61351e408) [0x00007cb61351e500, 0x00007cb61351ed90] Compiler: c1, Barriers: 6, Oops: 1, ImmediateOops: 2, NonImmediateOops: No
[1,160s][debug][gc,nmethod  ] Register NMethod: java.lang.String.equalsIgnoreCase (0x00007cb61351ee08) [0x00007cb61351ef00, 0x00007cb613520088] Compiler: c1, Barriers: 2, Oops: 0, ImmediateOops: 0, NonImmediateOops: No
[1,160s][debug][gc,director ] Rule Major: Warmup 10%, Used: 52MB, UsedThreshold: 1228MB
[1,161s][debug][gc,nmethod  ] Register NMethod: java.lang.ref.Reference.refersTo (0x00007cb613520108) [0x00007cb613520200, 0x00007cb613520500] Compiler: c1, Barriers: 0, Oops: 0, ImmediateOops: 0, NonImmediateOops: No
[1,161s][debug][gc,nmethod  ] Register NMethod: java.util.zip.ZipCoder$UTF8ZipCoder.checkedHash (0x00007cb632c0ff88) [0x00007cb632c10080, 0x00007cb632c10290] Compiler: jvmci, Barriers: 0, Oops: 0, ImmediateOops: 0, NonImmediateOops: No
[1,161s][debug][gc,nmethod  ] Register NMethod: java.lang.String.isASCII (0x00007cb613520508) [0x00007cb613520600, 0x00007cb613520820] Compiler: c1, Barriers: 0, Oops: 0, ImmediateOops: 0, NonImmediateOops: No
[1,161s][debug][gc,nmethod  ] Register NMethod: java.lang.String.getBytesNoRepl (0x00007cb613520888) [0x00007cb613520980, 0x00007cb613521600] Compiler: c1, Barriers: 1, Oops: 0, ImmediateOops: 0, NonImmediateOops: No
[1,161s][debug][gc,nmethod  ] Register NMethod: java.lang.System$1.uncheckedGetBytesNoRepl (0x00007cb613521608) [0x00007cb613521700, 0x00007cb613522400] Compiler: c1, Barriers: 1, Oops: 0, ImmediateOops: 0, NonImmediateOops: No
[1,161s][debug][gc,nmethod  ] Register NMethod: java.util.jar.JarFile.match (0x00007cb613522408) [0x00007cb613522500, 0x00007cb613522a10] Compiler: c1, Barriers: 0, Oops: 0, ImmediateOops: 0, NonImmediateOops: No
[1,161s][debug][gc,nmethod  ] Register NMethod: java.lang.String.getBytesNoRepl1 (0x00007cb613522a88) [0x00007cb613522b80, 0x00007cb6135237d8] Compiler: c1, Barriers: 1, Oops: 0, ImmediateOops: 3, NonImmediateOops: No
[1,162s][debug][gc,nmethod  ] Register NMethod: java.util.zip.ZipUtils.LOCSIG (0x00007cb613523808) [0x00007cb613523900, 0x00007cb613523a18] Compiler: c1, Barriers: 0, Oops: 0, ImmediateOops: 0, NonImmediateOops: No
[1,162s][debug][gc,nmethod  ] Register NMethod: java.lang.Math.abs (0x00007cb613523b08) [0x00007cb613523c00, 0x00007cb613523d58] Compiler: c1, Barriers: 0, Oops: 0, ImmediateOops: 0, NonImmediateOops: No
[1,164s][debug][gc,nmethod  ] Register NMethod: sun.nio.fs.UnixPath.getFileSystem (0x00007cb632c10308) [0x00007cb632c10400, 0x00007cb632c104e8] Compiler: c1, Barriers: 1, Oops: 0, ImmediateOops: 0, NonImmediateOops: No
[1,164s][debug][gc,nmethod  ] Register NMethod: worker.org.gradle.internal.stream.EncodedStream$EncodedInput.read (0x00007cb632c10608) [0x00007cb632c10700, 0x00007cb632c10f48] Compiler: jvmci, Barriers: 4, Oops: 1, ImmediateOops: 1, NonImmediateOops: No
[1,164s][debug][gc,nmethod  ] Register NMethod: java.nio.charset.Charset.name (0x00007cb632c10f88) [0x00007cb632c11080, 0x00007cb632c11168] Compiler: c1, Barriers: 1, Oops: 0, ImmediateOops: 0, NonImmediateOops: No
[1,165s][debug][gc,nmethod  ] Register NMethod: java.util.jar.Manifest$FastInputStream.readLine (0x00007cb613523e08) [0x00007cb613523f00, 0x00007cb613524058] Compiler: c1, Barriers: 0, Oops: 0, ImmediateOops: 0, NonImmediateOops: No
[1,165s][debug][gc,nmethod  ] Register NMethod: java.lang.StringLatin1.indexOf (0x00007cb632c11288) [0x00007cb632c11380, 0x00007cb632c118d8] Compiler: jvmci, Barriers: 0, Oops: 0, ImmediateOops: 0, NonImmediateOops: No
[1,165s][debug][gc,nmethod  ] Register NMethod: java.util.zip.ZipFile$Source.isMetaName (0x00007cb632c11908) [0x00007cb632c11a00, 0x00007cb632c11d30] Compiler: jvmci, Barriers: 0, Oops: 0, ImmediateOops: 0, NonImmediateOops: No
[1,165s][debug][gc,nmethod  ] Register NMethod: java.util.zip.ZipFile$Source.checkAndAddEntry (0x00007cb632c11d88) [0x00007cb632c11e80, 0x00007cb632c128c8] Compiler: jvmci, Barriers: 3, Oops: 0, ImmediateOops: 0, NonImmediateOops: No
[1,166s][debug][gc,nmethod  ] Register NMethod: java.lang.Math.max (0x00007cb632c12908) [0x00007cb632c12a00, 0x00007cb632c12a68] Compiler: jvmci, Barriers: 0, Oops: 0, ImmediateOops: 0, NonImmediateOops: No
[1,166s][debug][gc,nmethod  ] Register NMethod: sun.nio.fs.UnixPath.checkNotNul (0x00007cb632c12c08) [0x00007cb632c12d00, 0x00007cb632c12d98] Compiler: jvmci, Barriers: 0, Oops: 0, ImmediateOops: 0, NonImmediateOops: No
[1,166s][debug][gc,nmethod  ] Register NMethod: java.util.zip.ZipFile$Source.checkExtraFields (0x00007cb613524108) [0x00007cb613524200, 0x00007cb613525890] Compiler: c1, Barriers: 15, Oops: 3, ImmediateOops: 5, NonImmediateOops: No
[1,166s][debug][gc,nmethod  ] Register NMethod: java.util.LinkedHashMap.newNode (0x00007cb613525908) [0x00007cb613525a00, 0x00007cb613525be8] Compiler: c1, Barriers: 0, Oops: 0, ImmediateOops: 0, NonImmediateOops: No
[1,166s][debug][gc,nmethod  ] Register NMethod: java.util.LinkedHashMap$Entry.<init> (0x00007cb613525c08) [0x00007cb613525d00, 0x00007cb613526020] Compiler: c1, Barriers: 9, Oops: 0, ImmediateOops: 0, NonImmediateOops: No
[1,166s][debug][gc,nmethod  ] Register NMethod: java.util.LinkedHashMap.afterNodeInsertion (0x00007cb613526088) [0x00007cb613526180, 0x00007cb613526388] Compiler: c1, Barriers: 1, Oops: 0, ImmediateOops: 0, NonImmediateOops: No
[1,166s][debug][gc,nmethod  ] Register NMethod: java.util.LinkedHashMap.linkNodeAtEnd (0x00007cb613526408) [0x00007cb613526500, 0x00007cb613526b38] Compiler: c1, Barriers: 26, Oops: 0, ImmediateOops: 0, NonImmediateOops: No
[1,166s][debug][gc,nmethod  ] Register NMethod: java.util.zip.ZipFile$Source.nextEntryPos (0x00007cb632c12f08) [0x00007cb632c13000, 0x00007cb632c13150] Compiler: jvmci, Barriers: 1, Oops: 0, ImmediateOops: 0, NonImmediateOops: No
[1,167s][debug][gc,nmethod  ] Register NMethod: java.util.jar.Manifest$FastInputStream.peek (0x00007cb613526b88) [0x00007cb613526c80, 0x00007cb613526eb0] Compiler: c1, Barriers: 1, Oops: 0, ImmediateOops: 0, NonImmediateOops: No
[1,167s][debug][gc,nmethod  ] Register NMethod: java.lang.StringCoding.countPositives (0x00007cb613526f08) [0x00007cb613527000, 0x00007cb613527208] Compiler: c1, Barriers: 0, Oops: 0, ImmediateOops: 0, NonImmediateOops: No
[1,167s][debug][gc,nmethod  ] Register NMethod: java.util.BitSet.wordIndex (0x00007cb613527288) [0x00007cb613527380, 0x00007cb613527468] Compiler: c1, Barriers: 0, Oops: 0, ImmediateOops: 0, NonImmediateOops: No
[1,167s][debug][gc,nmethod  ] Register NMethod: java.util.jar.Attributes$Name.hash (0x00007cb613527588) [0x00007cb613527680, 0x00007cb613528a08] Compiler: c1, Barriers: 3, Oops: 2, ImmediateOops: 3, NonImmediateOops: No
[1,167s][debug][gc,nmethod  ] Register NMethod: java.util.BitSet.checkInvariants (0x00007cb613528a88) [0x00007cb613528b80, 0x00007cb613528cb0] Compiler: c1, Barriers: 0, Oops: 0, ImmediateOops: 0, NonImmediateOops: No
[1,167s][debug][gc,nmethod  ] Register NMethod: java.util.zip.ZipFile$Source.isManifestName (0x00007cb613528d88) [0x00007cb613528e80, 0x00007cb613529388] Compiler: c1, Barriers: 1, Oops: 0, ImmediateOops: 0, NonImmediateOops: No
[1,167s][debug][gc,nmethod  ] Register NMethod: java.lang.Number.<init> (0x00007cb613529408) [0x00007cb613529500, 0x00007cb613529658] Compiler: c1, Barriers: 0, Oops: 0, ImmediateOops: 0, NonImmediateOops: No
[1,167s][debug][gc,nmethod  ] Register NMethod: java.lang.Integer.<init> (0x00007cb613529708) [0x00007cb613529800, 0x00007cb6135299c0] Compiler: c1, Barriers: 0, Oops: 0, ImmediateOops: 0, NonImmediateOops: No
[1,167s][debug][gc,nmethod  ] Register NMethod: java.util.BitSet.expandTo (0x00007cb613529a08) [0x00007cb613529b00, 0x00007cb613529c88] Compiler: c1, Barriers: 0, Oops: 0, ImmediateOops: 0, NonImmediateOops: No
[1,167s][debug][gc,nmethod  ] Register NMethod: java.lang.Integer.valueOf (0x00007cb613529d08) [0x00007cb613529e00, 0x00007cb61352a118] Compiler: c1, Barriers: 1, Oops: 0, ImmediateOops: 1, NonImmediateOops: No
[1,168s][debug][gc,nmethod  ] Register NMethod: java.util.zip.ZipFile$Source.getMetaVersion (0x00007cb61352a188) [0x00007cb61352a280, 0x00007cb61352a948] Compiler: c1, Barriers: 1, Oops: 0, ImmediateOops: 0, NonImmediateOops: No
[1,168s][debug][gc,nmethod  ] Register NMethod: java.util.BitSet.set (0x00007cb61352a988) [0x00007cb61352aa80, 0x00007cb61352b9c8] Compiler: c1, Barriers: 1, Oops: 1, ImmediateOops: 2, NonImmediateOops: No
[1,168s][debug][gc,nmethod  ] Register NMethod: jdk.internal.util.DecimalDigits.stringSize (0x00007cb61352ba08) [0x00007cb61352bb00, 0x00007cb61352bd28] Compiler: c1, Barriers: 0, Oops: 0, ImmediateOops: 0, NonImmediateOops: No
[1,168s][debug][gc,nmethod  ] Register NMethod: java.util.zip.ZipFile$Source.isSignatureRelated (0x00007cb61352bd88) [0x00007cb61352be80, 0x00007cb61352c488] Compiler: c1, Barriers: 1, Oops: 0, ImmediateOops: 0, NonImmediateOops: No
[1,168s][debug][gc,nmethod  ] Register NMethod: java.lang.invoke.Invokers$Holder.linkToTargetMethod (0x00007cb61352c508) [0x00007cb61352c600, 0x00007cb61352cae8] Compiler: c1, Barriers: 0, Oops: 0, ImmediateOops: 0, NonImmediateOops: No
[1,168s][debug][gc,nmethod  ] Register NMethod: java.lang.invoke.LambdaForm$Holder.constant_L (0x00007cb61352cb08) [0x00007cb61352cc00, 0x00007cb61352cf20] Compiler: c1, Barriers: 1, Oops: 0, ImmediateOops: 0, NonImmediateOops: No
[1,168s][debug][gc,nmethod  ] Register NMethod: java.lang.Integer.hashCode (0x00007cb61352cf88) [0x00007cb61352d080, 0x00007cb61352d160] Compiler: c1, Barriers: 0, Oops: 0, ImmediateOops: 0, NonImmediateOops: No
[1,168s][debug][gc,nmethod  ] Register NMethod: java.lang.Integer.hashCode (0x00007cb61352d288) [0x00007cb61352d380, 0x00007cb61352d4d8] Compiler: c1, Barriers: 0, Oops: 0, ImmediateOops: 0, NonImmediateOops: No
[1,168s][debug][gc,nmethod  ] Register NMethod: java.util.BitSet.initWords (0x00007cb61352d588) [0x00007cb61352d680, 0x00007cb61352d8e0] Compiler: c1, Barriers: 3, Oops: 0, ImmediateOops: 0, NonImmediateOops: No
[1,168s][debug][gc,nmethod  ] Register NMethod: java.util.BitSet.<init> (0x00007cb61352d908) [0x00007cb61352da00, 0x00007cb61352dd28] Compiler: c1, Barriers: 3, Oops: 0, ImmediateOops: 0, NonImmediateOops: No
[1,168s][debug][gc,nmethod  ] Register NMethod: java.util.zip.ZipFile$Source.lambda$initCEN$0 (0x00007cb61352dd88) [0x00007cb61352de80, 0x00007cb61352e230] Compiler: c1, Barriers: 3, Oops: 0, ImmediateOops: 0, NonImmediateOops: No
[1,168s][debug][gc,nmethod  ] Register NMethod: java.util.zip.ZipFile$Source$$Lambda/0x000000002607b820.apply (0x00007cb61352e288) [0x00007cb61352e380, 0x00007cb61352e9b0] Compiler: c1, Barriers: 3, Oops: 0, ImmediateOops: 0, NonImmediateOops: No
[1,168s][debug][gc,nmethod  ] Register NMethod: java.util.BitSet.ensureCapacity (0x00007cb61352ea08) [0x00007cb61352eb00, 0x00007cb61352edc0] Compiler: c1, Barriers: 4, Oops: 0, ImmediateOops: 0, NonImmediateOops: No
[1,168s][debug][gc,nmethod  ] Register NMethod: java.lang.StringLatin1.indexOf (0x00007cb632c13208) [0x00007cb632c13300, 0x00007cb632c135f0] Compiler: jvmci, Barriers: 0, Oops: 0, ImmediateOops: 0, NonImmediateOops: No
[1,169s][debug][gc,nmethod  ] Register NMethod: java.util.HashMap.computeIfAbsent (0x00007cb61352ee08) [0x00007cb61352ef00, 0x00007cb613531708] Compiler: c1, Barriers: 11, Oops: 0, ImmediateOops: 0, NonImmediateOops: No
[1,169s][debug][gc,nmethod  ] Register NMethod: jdk.internal.util.ArraysSupport.vectorizedHashCode (0x00007cb632c13608) [0x00007cb632c13720, 0x00007cb632c139d8] Compiler: jvmci, Barriers: 0, Oops: 0, ImmediateOops: 0, NonImmediateOops: No
[1,170s][debug][gc,nmethod  ] Register NMethod: java.util.HashMap.hash (0x00007cb632c13a08) [0x00007cb632c13b00, 0x00007cb632c13cf0] Compiler: jvmci, Barriers: 1, Oops: 0, ImmediateOops: 0, NonImmediateOops: No
[1,170s][debug][gc,nmethod  ] Register NMethod: java.lang.Runtime$Version.feature (0x00007cb613531788) [0x00007cb613531880, 0x00007cb613531fa0] Compiler: c1, Barriers: 1, Oops: 0, ImmediateOops: 0, NonImmediateOops: No
[1,170s][debug][gc,director ] Rule Major: Warmup 10%, Used: 54MB, UsedThreshold: 1228MB
[1,172s][debug][gc,nmethod  ] Register NMethod: java.nio.DirectLongBufferU.ix (0x00007cb632c13d08) [0x00007cb632c13e00, 0x00007cb632c13e90] Compiler: jvmci, Barriers: 0, Oops: 0, ImmediateOops: 0, NonImmediateOops: No
[1,173s][debug][gc,nmethod  ] Register NMethod: sun.nio.fs.UnixPath.normalizeAndCheck (0x00007cb613532008) [0x00007cb613532100, 0x00007cb6135333f8] Compiler: c1, Barriers: 3, Oops: 1, ImmediateOops: 3, NonImmediateOops: No
[1,173s][debug][gc,nmethod  ] Register NMethod: java.util.Collections$SetFromMap.add (0x00007cb613533408) [0x00007cb613533500, 0x00007cb613533898] Compiler: c1, Barriers: 1, Oops: 0, ImmediateOops: 1, NonImmediateOops: No
[1,173s][debug][gc,nmethod  ] Register NMethod: java.util.Arrays.fill (0x00007cb613533908) [0x00007cb613533a00, 0x00007cb613533b88] Compiler: c1, Barriers: 0, Oops: 0, ImmediateOops: 0, NonImmediateOops: No
[1,173s][debug][gc,nmethod  ] Register NMethod: java.util.WeakHashMap$Entry.<init> (0x00007cb613533c08) [0x00007cb613533d00, 0x00007cb613534138] Compiler: c1, Barriers: 12, Oops: 0, ImmediateOops: 1, NonImmediateOops: No
[1,173s][debug][gc,nmethod  ] Register NMethod: java.util.WeakHashMap.put (0x00007cb613534188) [0x00007cb613534280, 0x00007cb613535bc0] Compiler: c1, Barriers: 26, Oops: 0, ImmediateOops: 2, NonImmediateOops: No
[1,174s][debug][gc,nmethod  ] Register NMethod: java.lang.ThreadLocal.getMap (0x00007cb613535c08) [0x00007cb613535d00, 0x00007cb6135364f0] Compiler: c1, Barriers: 3, Oops: 0, ImmediateOops: 0, NonImmediateOops: No
[1,174s][debug][gc,nmethod  ] Register NMethod: java.net.URL.lowerCaseProtocol (0x00007cb613536508) [0x00007cb613536600, 0x00007cb6135373b0] Compiler: c1, Barriers: 2, Oops: 1, ImmediateOops: 8, NonImmediateOops: No
[1,174s][debug][gc,nmethod  ] Register NMethod: java.util.zip.Inflater.needsInput (0x00007cb613537408) [0x00007cb613537500, 0x00007cb613537b28] Compiler: c1, Barriers: 2, Oops: 0, ImmediateOops: 0, NonImmediateOops: No
[1,174s][debug][gc,nmethod  ] Register NMethod: java.lang.Thread.terminatingThreadLocals (0x00007cb613537b88) [0x00007cb613537c80, 0x00007cb613537de8] Compiler: c1, Barriers: 2, Oops: 0, ImmediateOops: 0, NonImmediateOops: No
[1,174s][debug][gc,nmethod  ] Register NMethod: java.lang.ThreadLocal.getCarrierThreadLocal (0x00007cb613537e88) [0x00007cb613537f80, 0x00007cb613538118] Compiler: c1, Barriers: 1, Oops: 0, ImmediateOops: 0, NonImmediateOops: No
[1,174s][debug][gc,nmethod  ] Register NMethod: java.lang.System$1.getCarrierThreadLocal (0x00007cb613538188) [0x00007cb613538280, 0x00007cb613538640] Compiler: c1, Barriers: 1, Oops: 0, ImmediateOops: 0, NonImmediateOops: No
[1,174s][debug][gc,nmethod  ] Register NMethod: jdk.internal.misc.CarrierThreadLocal.get (0x00007cb613538688) [0x00007cb613538780, 0x00007cb613538ba0] Compiler: c1, Barriers: 1, Oops: 0, ImmediateOops: 1, NonImmediateOops: No
[1,174s][debug][gc,nmethod  ] Register NMethod: java.lang.ThreadLocal.get (0x00007cb613538c08) [0x00007cb613538d00, 0x00007cb613539148] Compiler: c1, Barriers: 1, Oops: 0, ImmediateOops: 0, NonImmediateOops: No
[1,174s][debug][gc,nmethod  ] Register NMethod: java.lang.ThreadLocal$ThreadLocalMap.getEntry (0x00007cb613539188) [0x00007cb613539280, 0x00007cb613539980] Compiler: c1, Barriers: 2, Oops: 0, ImmediateOops: 0, NonImmediateOops: No
[1,174s][debug][gc,nmethod  ] Register NMethod: jdk.internal.ref.PhantomCleanable.clean (0x00007cb613539988) [0x00007cb613539a80, 0x00007cb61353a2a0] Compiler: c1, Barriers: 1, Oops: 0, ImmediateOops: 0, NonImmediateOops: No
[1,174s][debug][gc,nmethod  ] Register NMethod: java.util.Arrays.mismatch (0x00007cb61353a308) [0x00007cb61353a400, 0x00007cb61353a6f8] Compiler: c1, Barriers: 0, Oops: 0, ImmediateOops: 0, NonImmediateOops: No
[1,174s][debug][gc,nmethod  ] Register NMethod: java.util.zip.ZipCoder$UTF8ZipCoder.compare (0x00007cb61353a708) [0x00007cb61353a800, 0x00007cb61353b8c8] Compiler: c1, Barriers: 1, Oops: 1, ImmediateOops: 2, NonImmediateOops: No
[1,175s][debug][gc,nmethod  ] Register NMethod: java.util.zip.ZipFile$Source.initCEN (0x00007cb61353b908) [0x00007cb61353ba00, 0x00007cb61353f588] Compiler: c1, Barriers: 39, Oops: 8, ImmediateOops: 13, NonImmediateOops: No
[1,175s][debug][gc,nmethod  ] Register NMethod: java.lang.ref.Reference.clear (0x00007cb61353f608) [0x00007cb61353f700, 0x00007cb61353fa00] Compiler: c1, Barriers: 0, Oops: 0, ImmediateOops: 0, NonImmediateOops: No
[1,175s][debug][gc,nmethod  ] Rebuilding NMethod Table: 1024->2048 entries, 717(70%->35%) registered, 0(0%->0%) unregistered
[1,175s][debug][gc,nmethod  ] Register NMethod: jdk.internal.ref.CleanerImpl$CleanableList.remove (0x00007cb61353fa08) [0x00007cb61353fb00, 0x00007cb613540930] Compiler: c1, Barriers: 30, Oops: 0, ImmediateOops: 0, NonImmediateOops: No
[1,175s][debug][gc,nmethod  ] Register NMethod: java.lang.ref.PhantomReference.clearImpl (0x00007cb613540988) [0x00007cb613540a80, 0x00007cb613540bb0] Compiler: c1, Barriers: 0, Oops: 0, ImmediateOops: 0, NonImmediateOops: No
[1,175s][debug][gc,nmethod  ] Register NMethod: jdk.internal.ref.CleanerImpl$PhantomCleanableRef.performCleanup (0x00007cb613540c88) [0x00007cb613540d80, 0x00007cb6135410c0] Compiler: c1, Barriers: 1, Oops: 0, ImmediateOops: 0, NonImmediateOops: No
[1,175s][debug][gc,nmethod  ] Register NMethod: jdk.internal.misc.Unsafe.copyMemory0 (0x00007cb632c14008) [0x00007cb632c14100, 0x00007cb632c14270] Compiler: , Barriers: 0, Oops: 0, ImmediateOops: 0, NonImmediateOops: No
[1,175s][debug][gc,nmethod  ] Register NMethod: java.util.zip.ZipFile.ensureOpenOrZipException (0x00007cb613541108) [0x00007cb613541200, 0x00007cb6135413b8] Compiler: c1, Barriers: 0, Oops: 0, ImmediateOops: 1, NonImmediateOops: No
[1,175s][debug][gc,nmethod  ] Register NMethod: java.util.zip.ZipFile$ZipFileInputStream.<init> (0x00007cb613541408) [0x00007cb613541500, 0x00007cb613541be0] Compiler: c1, Barriers: 5, Oops: 0, ImmediateOops: 0, NonImmediateOops: No
[1,175s][debug][gc,nmethod  ] Register NMethod: java.util.zip.ZipFile$ZipFileInputStream.initDataOffset (0x00007cb613541c08) [0x00007cb613541d00, 0x00007cb613542338] Compiler: c1, Barriers: 3, Oops: 0, ImmediateOops: 2, NonImmediateOops: No
[1,175s][debug][gc,nmethod  ] Register NMethod: java.util.zip.ZipFile$ZipFileInputStream.read (0x00007cb613542388) [0x00007cb613542480, 0x00007cb613542cd0] Compiler: c1, Barriers: 5, Oops: 0, ImmediateOops: 1, NonImmediateOops: No
[1,175s][debug][gc,nmethod  ] Register NMethod: java.util.zip.Inflater.inflate (0x00007cb613542d08) [0x00007cb613542e00, 0x00007cb613545bf0] Compiler: c1, Barriers: 10, Oops: 1, ImmediateOops: 5, NonImmediateOops: No
[1,175s][debug][gc,nmethod  ] Register NMethod: java.util.zip.ZipFile.getInputStream (0x00007cb613545c08) [0x00007cb613545d00, 0x00007cb613547278] Compiler: c1, Barriers: 11, Oops: 1, ImmediateOops: 2, NonImmediateOops: No
[1,175s][debug][gc,nmethod  ] Register NMethod: java.util.zip.ZipFile$ZipFileInflaterInputStream.<init> (0x00007cb613547288) [0x00007cb613547380, 0x00007cb613547528] Compiler: c1, Barriers: 0, Oops: 0, ImmediateOops: 0, NonImmediateOops: No
[1,176s][debug][gc,nmethod  ] Register NMethod: java.util.zip.ZipUtils.LOCNAM (0x00007cb613547588) [0x00007cb613547680, 0x00007cb613547798] Compiler: c1, Barriers: 0, Oops: 0, ImmediateOops: 0, NonImmediateOops: No
[1,176s][debug][gc,nmethod  ] Register NMethod: java.util.zip.ZipFile$CleanableResource.getInflater (0x00007cb613547888) [0x00007cb613547980, 0x00007cb6135480b0] Compiler: c1, Barriers: 2, Oops: 0, ImmediateOops: 0, NonImmediateOops: No
[1,176s][debug][gc,nmethod  ] Register NMethod: java.util.zip.ZipFile$InflaterCleanupAction.<init> (0x00007cb613548108) [0x00007cb613548200, 0x00007cb613548448] Compiler: c1, Barriers: 6, Oops: 0, ImmediateOops: 0, NonImmediateOops: No
[1,176s][debug][gc,nmethod  ] Register NMethod: java.util.zip.InflaterInputStream.<init> (0x00007cb613548488) [0x00007cb613548580, 0x00007cb613548ca0] Compiler: c1, Barriers: 12, Oops: 0, ImmediateOops: 1, NonImmediateOops: No
[1,176s][debug][gc,nmethod  ] Register NMethod: java.util.zip.ZipFile$ZipFileInflaterInputStream.<init> (0x00007cb613548d08) [0x00007cb613548e00, 0x00007cb613549610] Compiler: c1, Barriers: 12, Oops: 1, ImmediateOops: 1, NonImmediateOops: No
[1,176s][debug][gc,nmethod  ] Register NMethod: sun.nio.fs.UnixFileAttributes.lastModifiedTime (0x00007cb613549688) [0x00007cb613549780, 0x00007cb6135498c0] Compiler: c1, Barriers: 0, Oops: 0, ImmediateOops: 0, NonImmediateOops: No
[1,176s][debug][gc,nmethod  ] Register NMethod: java.nio.file.attribute.FileTime.<init> (0x00007cb613549988) [0x00007cb613549a80, 0x00007cb613549cd0] Compiler: c1, Barriers: 6, Oops: 0, ImmediateOops: 0, NonImmediateOops: No
[1,176s][debug][gc,nmethod  ] Register NMethod: java.nio.file.attribute.FileTime.from (0x00007cb613549d08) [0x00007cb613549e00, 0x00007cb61354a1d8] Compiler: c1, Barriers: 3, Oops: 1, ImmediateOops: 1, NonImmediateOops: No
[1,176s][debug][gc,nmethod  ] Register NMethod: sun.nio.fs.UnixFileAttributes$UnixAsBasicFileAttributes.lastModifiedTime (0x00007cb61354a208) [0x00007cb61354a300, 0x00007cb61354a4e8] Compiler: c1, Barriers: 1, Oops: 0, ImmediateOops: 0, NonImmediateOops: No
[1,176s][debug][gc,nmethod  ] Register NMethod: sun.nio.fs.UnixFileAttributes.toFileTime (0x00007cb61354a508) [0x00007cb61354a600, 0x00007cb61354a8f0] Compiler: c1, Barriers: 0, Oops: 0, ImmediateOops: 3, NonImmediateOops: No
[1,176s][debug][gc,nmethod  ] Register NMethod: java.util.zip.ZipUtils.LOCEXT (0x00007cb61354a908) [0x00007cb61354aa00, 0x00007cb61354ab18] Compiler: c1, Barriers: 0, Oops: 0, ImmediateOops: 0, NonImmediateOops: No
[1,176s][debug][gc,nmethod  ] Register NMethod: java.lang.Math.addExact (0x00007cb61354ac08) [0x00007cb61354ad00, 0x00007cb61354aef0] Compiler: c1, Barriers: 0, Oops: 0, ImmediateOops: 1, NonImmediateOops: No
[1,176s][debug][gc,nmethod  ] Register NMethod: java.lang.Math.multiplyExact (0x00007cb61354af08) [0x00007cb61354b000, 0x00007cb61354b4a0] Compiler: c1, Barriers: 0, Oops: 0, ImmediateOops: 1, NonImmediateOops: No
[1,176s][debug][gc,nmethod  ] Register NMethod: jdk.internal.misc.Unsafe.checkPointer (0x00007cb61354b508) [0x00007cb61354b600, 0x00007cb61354b970] Compiler: c1, Barriers: 0, Oops: 0, ImmediateOops: 0, NonImmediateOops: No
[1,176s][debug][gc,nmethod  ] Register NMethod: sun.nio.fs.UnixNativeDispatcher.stat0 (0x00007cb632c14308) [0x00007cb632c14400, 0x00007cb632c14570] Compiler: , Barriers: 0, Oops: 0, ImmediateOops: 1, NonImmediateOops: No
[1,176s][debug][gc,nmethod  ] Register NMethod: jdk.internal.misc.Unsafe.checkPrimitivePointer (0x00007cb61354b988) [0x00007cb61354ba80, 0x00007cb61354c4e8] Compiler: c1, Barriers: 2, Oops: 0, ImmediateOops: 0, NonImmediateOops: No
[1,177s][debug][gc,nmethod  ] Register NMethod: java.util.zip.Inflater.setInput (0x00007cb61354c508) [0x00007cb61354c600, 0x00007cb61354caf0] Compiler: c1, Barriers: 7, Oops: 1, ImmediateOops: 1, NonImmediateOops: No
[1,177s][debug][gc,nmethod  ] Register NMethod: java.util.zip.ZipFile$ZipFileInflaterInputStream.fill (0x00007cb61354cb08) [0x00007cb61354cc00, 0x00007cb61354d1f8] Compiler: c1, Barriers: 5, Oops: 0, ImmediateOops: 1, NonImmediateOops: No
[1,177s][debug][gc,nmethod  ] Register NMethod: java.util.zip.ZipFile$Source.readAt (0x00007cb61354d208) [0x00007cb61354d300, 0x00007cb61354da20] Compiler: c1, Barriers: 3, Oops: 0, ImmediateOops: 2, NonImmediateOops: No
[1,177s][debug][gc,nmethod  ] Register NMethod: java.util.zip.ZipFile$ZipFileInflaterInputStream.close (0x00007cb61354da88) [0x00007cb61354db80, 0x00007cb61354ee90] Compiler: c1, Barriers: 10, Oops: 0, ImmediateOops: 0, NonImmediateOops: No
[1,177s][debug][gc,nmethod  ] Register NMethod: java.util.zip.InflaterInputStream.close (0x00007cb61354ef08) [0x00007cb61354f000, 0x00007cb61354f430] Compiler: c1, Barriers: 2, Oops: 0, ImmediateOops: 0, NonImmediateOops: No
[1,177s][debug][gc,nmethod  ] Register NMethod: java.io.RandomAccessFile.open0 (0x00007cb632c14608) [0x00007cb632c14700, 0x00007cb632c14858] Compiler: , Barriers: 0, Oops: 0, ImmediateOops: 0, NonImmediateOops: No
[1,177s][debug][gc,nmethod  ] Register NMethod: java.io.RandomAccessFile.length0 (0x00007cb632c14908) [0x00007cb632c14a00, 0x00007cb632c14b58] Compiler: , Barriers: 0, Oops: 0, ImmediateOops: 0, NonImmediateOops: No
[1,177s][debug][gc,nmethod  ] Register NMethod: java.util.jar.Attributes.put (0x00007cb61354f488) [0x00007cb61354f580, 0x00007cb61354fcc8] Compiler: c1, Barriers: 1, Oops: 0, ImmediateOops: 0, NonImmediateOops: No
[1,177s][debug][gc,nmethod  ] Register NMethod: java.io.ByteArrayOutputStream.ensureCapacity (0x00007cb61354fd08) [0x00007cb61354fe00, 0x00007cb6135501c8] Compiler: c1, Barriers: 4, Oops: 0, ImmediateOops: 0, NonImmediateOops: No
[1,177s][debug][gc,nmethod  ] Register NMethod: java.io.ByteArrayOutputStream.write (0x00007cb613550208) [0x00007cb613550300, 0x00007cb613550840] Compiler: c1, Barriers: 1, Oops: 0, ImmediateOops: 0, NonImmediateOops: No
[1,177s][debug][gc,nmethod  ] Register NMethod: java.util.jar.Attributes.putValue (0x00007cb613550888) [0x00007cb613550980, 0x00007cb613551818] Compiler: c1, Barriers: 4, Oops: 0, ImmediateOops: 1, NonImmediateOops: No
[1,177s][debug][gc,nmethod  ] Register NMethod: java.util.jar.Attributes$Name.of (0x00007cb613551888) [0x00007cb613551980, 0x00007cb6135521f8] Compiler: c1, Barriers: 4, Oops: 1, ImmediateOops: 3, NonImmediateOops: No
[1,177s][debug][gc,nmethod  ] Register NMethod: java.util.HashMap.tableSizeFor (0x00007cb613552208) [0x00007cb613552300, 0x00007cb6135524f0] Compiler: c1, Barriers: 0, Oops: 0, ImmediateOops: 0, NonImmediateOops: No
[1,177s][debug][gc,nmethod  ] Register NMethod: java.lang.Float.isNaN (0x00007cb613552508) [0x00007cb613552600, 0x00007cb613552750] Compiler: c1, Barriers: 0, Oops: 0, ImmediateOops: 0, NonImmediateOops: No
[1,177s][debug][gc,nmethod  ] Register NMethod: java.util.zip.ZipFile$InflaterCleanupAction.run (0x00007cb613552808) [0x00007cb613552900, 0x00007cb613552ac0] Compiler: c1, Barriers: 2, Oops: 0, ImmediateOops: 0, NonImmediateOops: No
[1,177s][debug][gc,nmethod  ] Register NMethod: java.util.zip.ZipEntry.isCENHeaderValid (0x00007cb613552b08) [0x00007cb613552c00, 0x00007cb613553720] Compiler: c1, Barriers: 2, Oops: 0, ImmediateOops: 0, NonImmediateOops: No
[1,177s][debug][gc,nmethod  ] Register NMethod: sun.nio.fs.UnixFileAttributes$UnixAsBasicFileAttributes.fileKey (0x00007cb613553788) [0x00007cb613553880, 0x00007cb613553a08] Compiler: c1, Barriers: 1, Oops: 0, ImmediateOops: 0, NonImmediateOops: No
[1,177s][debug][gc,nmethod  ] Register NMethod: java.net.URL.getDefaultPort (0x00007cb613553a88) [0x00007cb613553b80, 0x00007cb613553ed0] Compiler: c1, Barriers: 1, Oops: 0, ImmediateOops: 0, NonImmediateOops: No
[1,177s][debug][gc,nmethod  ] Register NMethod: java.util.zip.Inflater.init (0x00007cb632c14c08) [0x00007cb632c14d00, 0x00007cb632c14e60] Compiler: , Barriers: 0, Oops: 0, ImmediateOops: 1, NonImmediateOops: No
[1,177s][debug][gc,nmethod  ] Register NMethod: java.util.zip.Inflater.reset (0x00007cb613553f08) [0x00007cb613554000, 0x00007cb6135544c8] Compiler: c1, Barriers: 8, Oops: 0, ImmediateOops: 1, NonImmediateOops: No
[1,177s][debug][gc,nmethod  ] Register NMethod: java.util.zip.ZipFile$CleanableResource.releaseInflater (0x00007cb613554508) [0x00007cb613554600, 0x00007cb613554b58] Compiler: c1, Barriers: 2, Oops: 0, ImmediateOops: 0, NonImmediateOops: No
[1,177s][debug][gc,nmethod  ] Register NMethod: sun.nio.fs.UnixFileSystem.provider (0x00007cb632c14f08) [0x00007cb632c15000, 0x00007cb632c150e8] Compiler: c1, Barriers: 1, Oops: 0, ImmediateOops: 0, NonImmediateOops: No
[1,178s][debug][gc,nmethod  ] Register NMethod: sun.nio.fs.UnixFileSystem.needToResolveAgainstDefaultDirectory (0x00007cb632c15208) [0x00007cb632c15300, 0x00007cb632c153c0] Compiler: c1, Barriers: 0, Oops: 0, ImmediateOops: 0, NonImmediateOops: No
[1,178s][debug][gc,nmethod  ] Register NMethod: java.net.URL.toExternalForm (0x00007cb613554b88) [0x00007cb613554c80, 0x00007cb613554fb8] Compiler: c1, Barriers: 1, Oops: 0, ImmediateOops: 0, NonImmediateOops: No
[1,178s][debug][gc,nmethod  ] Register NMethod: java.net.URL.toString (0x00007cb613555008) [0x00007cb613555100, 0x00007cb613555650] Compiler: c1, Barriers: 1, Oops: 0, ImmediateOops: 0, NonImmediateOops: No
[1,178s][debug][gc,nmethod  ] Register NMethod: sun.net.www.protocol.jar.Handler.checkNestedProtocol (0x00007cb613555688) [0x00007cb613555780, 0x00007cb613555b08] Compiler: c1, Barriers: 0, Oops: 0, ImmediateOops: 2, NonImmediateOops: No
[1,178s][debug][gc,nmethod  ] Register NMethod: sun.nio.fs.UnixFileAttributes.fileKey (0x00007cb613555b88) [0x00007cb613555c80, 0x00007cb6135561b8] Compiler: c1, Barriers: 6, Oops: 0, ImmediateOops: 0, NonImmediateOops: No
[1,178s][debug][gc,nmethod  ] Register NMethod: java.util.concurrent.TimeUnit.toMillis (0x00007cb613556208) [0x00007cb613556300, 0x00007cb6135565b8] Compiler: c1, Barriers: 0, Oops: 0, ImmediateOops: 0, NonImmediateOops: No
[1,178s][debug][gc,nmethod  ] Register NMethod: java.nio.charset.Charset.hashCode (0x00007cb613556608) [0x00007cb613556700, 0x00007cb613556c00] Compiler: c1, Barriers: 1, Oops: 0, ImmediateOops: 0, NonImmediateOops: No
[1,178s][debug][gc,nmethod  ] Register NMethod: sun.nio.fs.UnixFileKey.hashCode (0x00007cb613556c08) [0x00007cb613556d00, 0x00007cb613556e80] Compiler: c1, Barriers: 0, Oops: 0, ImmediateOops: 0, NonImmediateOops: No
[1,178s][debug][gc,nmethod  ] Register NMethod: jdk.internal.loader.FileURLMapper.getPath (0x00007cb613556f08) [0x00007cb613557000, 0x00007cb613557dd8] Compiler: c1, Barriers: 14, Oops: 0, ImmediateOops: 1, NonImmediateOops: No
[1,178s][debug][gc,nmethod  ] Register NMethod: java.util.zip.ZipFile$Source$Key.hashCode (0x00007cb613557e08) [0x00007cb613557f00, 0x00007cb6135592f8] Compiler: c1, Barriers: 6, Oops: 0, ImmediateOops: 1, NonImmediateOops: No
[1,178s][debug][gc,nmethod  ] Register NMethod: java.util.jar.JavaUtilJarAccessImpl.entryFor (0x00007cb613559308) [0x00007cb613559400, 0x00007cb613559ae8] Compiler: c1, Barriers: 6, Oops: 0, ImmediateOops: 0, NonImmediateOops: No
[1,178s][debug][gc,nmethod  ] Register NMethod: java.nio.file.attribute.FileTime.toMillis (0x00007cb613559b08) [0x00007cb613559c00, 0x00007cb61355a2c8] Compiler: c1, Barriers: 3, Oops: 0, ImmediateOops: 0, NonImmediateOops: No
[1,178s][debug][gc,nmethod  ] Register NMethod: java.util.jar.JarEntry.<init> (0x00007cb61355a308) [0x00007cb61355a400, 0x00007cb61355a530] Compiler: c1, Barriers: 0, Oops: 0, ImmediateOops: 0, NonImmediateOops: No
[1,178s][debug][gc,nmethod  ] Register NMethod: java.util.jar.JarFile.entryFor (0x00007cb61355a608) [0x00007cb61355a700, 0x00007cb61355aae8] Compiler: c1, Barriers: 6, Oops: 0, ImmediateOops: 0, NonImmediateOops: No
[1,178s][debug][gc,nmethod  ] Register NMethod: java.util.jar.JarFile$JarFileEntry.<init> (0x00007cb61355ab08) [0x00007cb61355ac00, 0x00007cb61355aff0] Compiler: c1, Barriers: 6, Oops: 0, ImmediateOops: 0, NonImmediateOops: No
[1,178s][debug][gc,nmethod  ] Register NMethod: java.util.zip.ZipUtils.CENTIM (0x00007cb61355b008) [0x00007cb61355b100, 0x00007cb61355b210] Compiler: c1, Barriers: 0, Oops: 0, ImmediateOops: 0, NonImmediateOops: No
[1,179s][debug][gc,nmethod  ] Register NMethod: java.net.URLStreamHandler.toExternalForm (0x00007cb61355b308) [0x00007cb61355b400, 0x00007cb61355f840] Compiler: c1, Barriers: 6, Oops: 1, ImmediateOops: 9, NonImmediateOops: No
[1,179s][debug][gc,nmethod  ] Register NMethod: sun.nio.fs.NativeBuffer.size (0x00007cb632c15508) [0x00007cb632c15600, 0x00007cb632c156c0] Compiler: c1, Barriers: 0, Oops: 0, ImmediateOops: 0, NonImmediateOops: No
[1,179s][debug][gc,nmethod  ] Register NMethod: java.util.zip.ZipUtils.CENVEM_FA (0x00007cb61355f888) [0x00007cb61355f980, 0x00007cb61355fae8] Compiler: c1, Barriers: 0, Oops: 0, ImmediateOops: 0, NonImmediateOops: No
[1,179s][debug][gc,nmethod  ] Register NMethod: java.util.zip.ZipEntry.<init> (0x00007cb61355fb88) [0x00007cb61355fc80, 0x00007cb613560130] Compiler: c1, Barriers: 3, Oops: 1, ImmediateOops: 2, NonImmediateOops: No
[1,179s][debug][gc,nmethod  ] Register NMethod: java.util.zip.ZipUtils.CENCRC (0x00007cb613560188) [0x00007cb613560280, 0x00007cb613560390] Compiler: c1, Barriers: 0, Oops: 0, ImmediateOops: 0, NonImmediateOops: No
[1,179s][debug][gc,nmethod  ] Register NMethod: sun.nio.fs.NativeBuffer.owner (0x00007cb632c15808) [0x00007cb632c15900, 0x00007cb632c159e8] Compiler: c1, Barriers: 1, Oops: 0, ImmediateOops: 0, NonImmediateOops: No
[1,179s][debug][gc,nmethod  ] Register NMethod: sun.nio.fs.NativeBuffer.setOwner (0x00007cb632c15b08) [0x00007cb632c15c00, 0x00007cb632c15d30] Compiler: c1, Barriers: 3, Oops: 0, ImmediateOops: 0, NonImmediateOops: No
[1,179s][debug][gc,nmethod  ] Register NMethod: java.util.zip.ZipCoder.charset (0x00007cb632c15e08) [0x00007cb632c15f00, 0x00007cb632c15fe8] Compiler: c1, Barriers: 1, Oops: 0, ImmediateOops: 0, NonImmediateOops: No
[1,179s][debug][gc,nmethod  ] Register NMethod: java.io.UnixFileSystem.getFileForSysCalls (0x00007cb613560488) [0x00007cb613560580, 0x00007cb613560ac0] Compiler: c1, Barriers: 3, Oops: 0, ImmediateOops: 0, NonImmediateOops: No
[1,179s][debug][gc,nmethod  ] Register NMethod: java.io.UnixFileSystem.hasBooleanAttributes (0x00007cb613560b08) [0x00007cb613560c00, 0x00007cb613561788] Compiler: c1, Barriers: 3, Oops: 1, ImmediateOops: 1, NonImmediateOops: No
[1,179s][debug][gc,nmethod  ] Register NMethod: java.lang.invoke.MemberName.isResolved (0x00007cb613561808) [0x00007cb613561900, 0x00007cb613561a80] Compiler: c1, Barriers: 1, Oops: 0, ImmediateOops: 0, NonImmediateOops: No
[1,180s][debug][gc,nmethod  ] Register NMethod: java.lang.Class.cast (0x00007cb613561b08) [0x00007cb613561c00, 0x00007cb613562058] Compiler: c1, Barriers: 0, Oops: 0, ImmediateOops: 0, NonImmediateOops: No
[1,180s][debug][gc,nmethod  ] Register NMethod: jdk.internal.util.WeakReferenceKey.<init> (0x00007cb613562088) [0x00007cb613562180, 0x00007cb613562788] Compiler: c1, Barriers: 6, Oops: 0, ImmediateOops: 1, NonImmediateOops: No
[1,180s][debug][gc,nmethod  ] Register NMethod: jdk.internal.util.ReferencedKeyMap.entryKey (0x00007cb613562808) [0x00007cb613562900, 0x00007cb613563118] Compiler: c1, Barriers: 8, Oops: 0, ImmediateOops: 1, NonImmediateOops: No
[1,180s][debug][gc,director ] Rule Major: Warmup 10%, Used: 56MB, UsedThreshold: 1228MB
[1,180s][debug][gc,nmethod  ] Register NMethod: java.lang.Math.min (0x00007cb613563188) [0x00007cb613563280, 0x00007cb6135633a8] Compiler: c1, Barriers: 0, Oops: 0, ImmediateOops: 0, NonImmediateOops: No
[1,180s][debug][gc,nmethod  ] Register NMethod: java.lang.StringUTF16.compress (0x00007cb613563488) [0x00007cb613563580, 0x00007cb6135637b0] Compiler: c1, Barriers: 0, Oops: 0, ImmediateOops: 0, NonImmediateOops: No
[1,180s][debug][gc,nmethod  ] Register NMethod: java.util.jar.Attributes.get (0x00007cb613563808) [0x00007cb613563900, 0x00007cb613563c40] Compiler: c1, Barriers: 1, Oops: 0, ImmediateOops: 0, NonImmediateOops: No
[1,180s][debug][gc,nmethod  ] Register NMethod: java.util.jar.Attributes.getValue (0x00007cb613563c88) [0x00007cb613563d80, 0x00007cb613564320] Compiler: c1, Barriers: 1, Oops: 0, ImmediateOops: 0, NonImmediateOops: No
[1,181s][debug][gc,nmethod  ] Register NMethod: jdk.internal.perf.PerfCounter.increment (0x00007cb613564388) [0x00007cb613564480, 0x00007cb6135645c8] Compiler: c1, Barriers: 0, Oops: 0, ImmediateOops: 0, NonImmediateOops: No
[1,182s][debug][gc,nmethod  ] Register NMethod: jdk.internal.loader.BuiltinClassLoader.loadClassOrNull (0x00007cb613564688) [0x00007cb613564780, 0x00007cb613564a88] Compiler: c1, Barriers: 0, Oops: 0, ImmediateOops: 0, NonImmediateOops: No
[1,182s][debug][gc,nmethod  ] Register NMethod: jdk.internal.loader.BuiltinClassLoader.findLoadedModule (0x00007cb613564b08) [0x00007cb613564c00, 0x00007cb613565dc0] Compiler: c1, Barriers: 1, Oops: 0, ImmediateOops: 1, NonImmediateOops: No
[1,182s][debug][gc,nmethod  ] Register NMethod: jdk.internal.loader.BuiltinClassLoader.loadClassOrNull (0x00007cb613565e08) [0x00007cb613565f00, 0x00007cb613567998] Compiler: c1, Barriers: 3, Oops: 0, ImmediateOops: 2, NonImmediateOops: No
[1,182s][debug][gc,nmethod  ] Register NMethod: java.util.WeakHashMap.getTable (0x00007cb613567a08) [0x00007cb613567b00, 0x00007cb613567c78] Compiler: c1, Barriers: 1, Oops: 0, ImmediateOops: 0, NonImmediateOops: No
[1,182s][debug][gc,nmethod  ] Register NMethod: java.lang.invoke.MethodHandles$Lookup.previousLookupClass (0x00007cb632c16108) [0x00007cb632c16200, 0x00007cb632c162e8] Compiler: c1, Barriers: 1, Oops: 0, ImmediateOops: 0, NonImmediateOops: No
[1,183s][debug][gc,nmethod  ] Register NMethod: jdk.internal.classfile.impl.StackMapGenerator$Type.referenceType (0x00007cb613567d08) [0x00007cb613567e00, 0x00007cb6135680d0] Compiler: c1, Barriers: 3, Oops: 0, ImmediateOops: 0, NonImmediateOops: No
[1,183s][debug][gc,nmethod  ] Register NMethod: jdk.internal.classfile.impl.StackMapGenerator$Frame.pushStack (0x00007cb613568108) [0x00007cb613568200, 0x00007cb613568660] Compiler: c1, Barriers: 4, Oops: 0, ImmediateOops: 0, NonImmediateOops: No
[1,183s][debug][gc,nmethod  ] Register NMethod: jdk.internal.classfile.impl.DirectClassBuilder.constantPool (0x00007cb613568688) [0x00007cb613568780, 0x00007cb6135688c0] Compiler: c1, Barriers: 1, Oops: 0, ImmediateOops: 0, NonImmediateOops: No
[1,183s][debug][gc,nmethod  ] Register NMethod: jdk.internal.classfile.impl.RawBytecodeHelper.getU2Unchecked (0x00007cb613568988) [0x00007cb613568a80, 0x00007cb613568e08] Compiler: c1, Barriers: 2, Oops: 0, ImmediateOops: 1, NonImmediateOops: No
[1,183s][debug][gc,nmethod  ] Register NMethod: jdk.internal.classfile.impl.RawBytecodeHelper.getIndexU2 (0x00007cb613568e88) [0x00007cb613568f80, 0x00007cb613569278] Compiler: c1, Barriers: 0, Oops: 0, ImmediateOops: 0, NonImmediateOops: No
[1,183s][debug][gc,nmethod  ] Register NMethod: java.lang.invoke.MethodHandle.linkToSpecial (0x00007cb632c16408) [0x00007cb632c16500, 0x00007cb632c165f8] Compiler: , Barriers: 0, Oops: 0, ImmediateOops: 0, NonImmediateOops: No
[1,183s][debug][gc,nmethod  ] Register NMethod: jdk.internal.classfile.impl.AbstractPoolEntry$AbstractRefEntry.writeTo (0x00007cb613569288) [0x00007cb613569380, 0x00007cb613569ad8] Compiler: c1, Barriers: 1, Oops: 0, ImmediateOops: 0, NonImmediateOops: No
[1,183s][debug][gc,nmethod  ] Register NMethod: java.lang.invoke.MethodHandle.invokeBasic (0x00007cb632c16708) [0x00007cb632c16800, 0x00007cb632c16a98] Compiler: , Barriers: 0, Oops: 0, ImmediateOops: 0, NonImmediateOops: No
[1,183s][debug][gc,nmethod  ] Register NMethod: java.lang.invoke.LambdaForm$Name.withIndex (0x00007cb613569b08) [0x00007cb613569c00, 0x00007cb613569ee8] Compiler: c1, Barriers: 4, Oops: 0, ImmediateOops: 0, NonImmediateOops: No
[1,183s][debug][gc,nmethod  ] Register NMethod: jdk.internal.classfile.impl.StackMapGenerator$Frame.checkLocal (0x00007cb613569f08) [0x00007cb61356a000, 0x00007cb61356ac58] Compiler: c1, Barriers: 11, Oops: 1, ImmediateOops: 2, NonImmediateOops: No
[1,183s][debug][gc,nmethod  ] Register NMethod: jdk.internal.classfile.impl.BufWriterImpl.writeIndex (0x00007cb61356ac88) [0x00007cb61356ad80, 0x00007cb61356d1a8] Compiler: c1, Barriers: 1, Oops: 1, ImmediateOops: 3, NonImmediateOops: No
[1,183s][debug][gc,nmethod  ] Register NMethod: sun.invoke.util.VerifyAccess.isClassAccessible (0x00007cb61356d208) [0x00007cb61356d300, 0x00007cb61356f280] Compiler: c1, Barriers: 4, Oops: 0, ImmediateOops: 3, NonImmediateOops: No
[1,183s][debug][gc,nmethod  ] Register NMethod: java.lang.reflect.Modifier.isStatic (0x00007cb61356f288) [0x00007cb61356f380, 0x00007cb61356f4b0] Compiler: c1, Barriers: 0, Oops: 0, ImmediateOops: 0, NonImmediateOops: No
[1,184s][debug][gc,nmethod  ] Register NMethod: jdk.internal.classfile.impl.AbstractAttributeMapper.allowMultiple (0x00007cb632c16b08) [0x00007cb632c16c00, 0x00007cb632c16cc0] Compiler: c1, Barriers: 0, Oops: 0, ImmediateOops: 0, NonImmediateOops: No
[1,184s][debug][gc,nmethod  ] Register NMethod: jdk.internal.constant.MethodTypeDescImpl.returnType (0x00007cb632c16e08) [0x00007cb632c16f00, 0x00007cb632c16fe8] Compiler: c1, Barriers: 1, Oops: 0, ImmediateOops: 0, NonImmediateOops: No
[1,184s][debug][gc,nmethod  ] Register NMethod: jdk.internal.classfile.impl.RawBytecodeHelper.opcode (0x00007cb632c17108) [0x00007cb632c17200, 0x00007cb632c17288] Compiler: jvmci, Barriers: 0, Oops: 0, ImmediateOops: 0, NonImmediateOops: No
[1,184s][debug][gc,nmethod  ] Register NMethod: jdk.internal.classfile.impl.StackMapGenerator$Frame.decStack (0x00007cb61356f588) [0x00007cb61356f680, 0x00007cb61356f8e0] Compiler: c1, Barriers: 2, Oops: 1, ImmediateOops: 1, NonImmediateOops: No
[1,184s][debug][gc,nmethod  ] Register NMethod: java.lang.reflect.Method.getName (0x00007cb632c17408) [0x00007cb632c17500, 0x00007cb632c175e8] Compiler: c1, Barriers: 1, Oops: 0, ImmediateOops: 0, NonImmediateOops: No
[1,184s][debug][gc,nmethod  ] Register NMethod: java.lang.Long.<init> (0x00007cb61356f908) [0x00007cb61356fa00, 0x00007cb61356fbc0] Compiler: c1, Barriers: 0, Oops: 0, ImmediateOops: 0, NonImmediateOops: No
[1,185s][debug][gc,nmethod  ] Register NMethod: java.lang.invoke.MethodHandle.linkToStatic (0x00007cb632c17708) [0x00007cb632c17800, 0x00007cb632c178f0] Compiler: , Barriers: 0, Oops: 0, ImmediateOops: 0, NonImmediateOops: No
[1,185s][debug][gc,nmethod  ] Register NMethod: java.lang.invoke.MethodTypeForm.canonicalize (0x00007cb61356fc08) [0x00007cb61356fd00, 0x00007cb6135703b0] Compiler: c1, Barriers: 2, Oops: 0, ImmediateOops: 0, NonImmediateOops: No
[1,185s][debug][gc,nmethod  ] Register NMethod: java.lang.ref.SoftReference.get (0x00007cb613570408) [0x00007cb613570500, 0x00007cb6135706c0] Compiler: c1, Barriers: 2, Oops: 0, ImmediateOops: 1, NonImmediateOops: No
[1,185s][debug][gc,nmethod  ] Register NMethod: jdk.internal.util.ReferencedKeyMap.existingKey (0x00007cb613570708) [0x00007cb613570800, 0x00007cb613572510] Compiler: c1, Barriers: 11, Oops: 1, ImmediateOops: 0, NonImmediateOops: No
[1,185s][debug][gc,nmethod  ] Register NMethod: jdk.internal.util.ReferencedKeyMap.internKey (0x00007cb613572588) [0x00007cb613572680, 0x00007cb613573e28] Compiler: c1, Barriers: 5, Oops: 0, ImmediateOops: 0, NonImmediateOops: No
[1,186s][debug][gc,nmethod  ] Register NMethod: java.lang.String.getBytes (0x00007cb632c17a08) [0x00007cb632c17b00, 0x00007cb632c17e40] Compiler: jvmci, Barriers: 1, Oops: 0, ImmediateOops: 0, NonImmediateOops: No
[1,186s][debug][gc,nmethod  ] Register NMethod: jdk.internal.classfile.impl.Util.powerOctal (0x00007cb613573e88) [0x00007cb613573f80, 0x00007cb613574140] Compiler: c1, Barriers: 0, Oops: 1, ImmediateOops: 1, NonImmediateOops: No
[1,186s][debug][gc,nmethod  ] Register NMethod: java.lang.Character.reverseBytes (0x00007cb613574188) [0x00007cb613574280, 0x00007cb613574378] Compiler: c1, Barriers: 0, Oops: 0, ImmediateOops: 0, NonImmediateOops: No
[1,186s][debug][gc,nmethod  ] Register NMethod: jdk.internal.misc.Unsafe.convEndian (0x00007cb613574488) [0x00007cb613574580, 0x00007cb613574720] Compiler: c1, Barriers: 0, Oops: 0, ImmediateOops: 0, NonImmediateOops: No
[1,186s][debug][gc,nmethod  ] Register NMethod: jdk.internal.misc.Unsafe.getCharUnaligned (0x00007cb613574788) [0x00007cb613574880, 0x00007cb613574c10] Compiler: c1, Barriers: 0, Oops: 0, ImmediateOops: 0, NonImmediateOops: No
[1,187s][debug][gc,nmethod  ] Register NMethod: java.lang.CharacterDataLatin1.toLowerCase (0x00007cb613574c88) [0x00007cb613574d80, 0x00007cb613574fc0] Compiler: c1, Barriers: 0, Oops: 0, ImmediateOops: 0, NonImmediateOops: No
[1,189s][debug][gc,nmethod  ] Register NMethod: java.lang.Math.clamp (0x00007cb613575008) [0x00007cb613575100, 0x00007cb6135761c8] Compiler: c1, Barriers: 0, Oops: 1, ImmediateOops: 2, NonImmediateOops: No
[1,190s][debug][gc,director ] Rule Major: Warmup 10%, Used: 56MB, UsedThreshold: 1228MB
[1,191s][debug][gc,nmethod  ] Register NMethod: java.lang.Enum.name (0x00007cb632c17e88) [0x00007cb632c17f80, 0x00007cb632c18068] Compiler: c1, Barriers: 1, Oops: 0, ImmediateOops: 0, NonImmediateOops: No
[1,192s][debug][gc,nmethod  ] Register NMethod: java.lang.StringLatin1.canEncode (0x00007cb613576208) [0x00007cb613576300, 0x00007cb613576460] Compiler: c1, Barriers: 0, Oops: 0, ImmediateOops: 0, NonImmediateOops: No
[1,192s][debug][gc,nmethod  ] Register NMethod: java.lang.CharacterDataLatin1.toUpperCaseEx (0x00007cb613576508) [0x00007cb613576600, 0x00007cb613576a30] Compiler: c1, Barriers: 0, Oops: 0, ImmediateOops: 1, NonImmediateOops: No
[1,192s][debug][gc,nmethod  ] Register NMethod: java.util.concurrent.ConcurrentHashMap.put (0x00007cb613576a88) [0x00007cb613576b80, 0x00007cb613576e80] Compiler: c1, Barriers: 0, Oops: 0, ImmediateOops: 0, NonImmediateOops: No
[1,192s][debug][gc,nmethod  ] Register NMethod: java.util.jar.Manifest$FastInputStream.readLine (0x00007cb632c18188) [0x00007cb632c18280, 0x00007cb632c18bc8] Compiler: jvmci, Barriers: 3, Oops: 0, ImmediateOops: 0, NonImmediateOops: No
[1,193s][debug][gc,nmethod  ] Register NMethod: sun.util.locale.BaseLocale.getLanguage (0x00007cb632c18c08) [0x00007cb632c18d00, 0x00007cb632c18de8] Compiler: c1, Barriers: 1, Oops: 0, ImmediateOops: 0, NonImmediateOops: No
[1,193s][debug][gc,nmethod  ] Register NMethod: java.util.concurrent.ConcurrentHashMap$Node.<init> (0x00007cb613576e88) [0x00007cb613576f80, 0x00007cb6135772a8] Compiler: c1, Barriers: 9, Oops: 0, ImmediateOops: 0, NonImmediateOops: No
[1,193s][debug][gc,nmethod  ] Register NMethod: java.lang.StringLatin1.toUpperCase (0x00007cb613577308) [0x00007cb613577400, 0x00007cb6135784c8] Compiler: c1, Barriers: 5, Oops: 0, ImmediateOops: 4, NonImmediateOops: No
[1,193s][debug][gc,nmethod  ] Register NMethod: java.util.Objects.nonNull (0x00007cb613578508) [0x00007cb613578600, 0x00007cb613578730] Compiler: c1, Barriers: 0, Oops: 0, ImmediateOops: 0, NonImmediateOops: No
[1,194s][debug][gc,nmethod  ] Register NMethod: java.lang.String.toUpperCase (0x00007cb613578808) [0x00007cb613578900, 0x00007cb613578db0] Compiler: c1, Barriers: 2, Oops: 0, ImmediateOops: 0, NonImmediateOops: No
[1,194s][debug][gc,nmethod  ] Register NMethod: java.util.Locale.getLanguage (0x00007cb613578e08) [0x00007cb613578f00, 0x00007cb613579240] Compiler: c1, Barriers: 2, Oops: 0, ImmediateOops: 0, NonImmediateOops: No
[1,194s][debug][gc,nmethod  ] Register NMethod: java.lang.StringLatin1.canEncode (0x00007cb632c18f08) [0x00007cb632c19000, 0x00007cb632c190a0] Compiler: jvmci, Barriers: 0, Oops: 0, ImmediateOops: 0, NonImmediateOops: No
[1,195s][debug][gc,nmethod  ] Register NMethod: sun.security.util.KnownOIDs.register (0x00007cb613579288) [0x00007cb613579380, 0x00007cb613581d08] Compiler: c1, Barriers: 24, Oops: 6, ImmediateOops: 22, NonImmediateOops: No
[1,195s][debug][gc,nmethod  ] Register NMethod: java.util.ArrayList$Itr.hasNext (0x00007cb613581d88) [0x00007cb613581e80, 0x00007cb613582010] Compiler: c1, Barriers: 1, Oops: 0, ImmediateOops: 0, NonImmediateOops: No
[1,195s][debug][gc,nmethod  ] Register NMethod: java.util.Properties.put (0x00007cb613582088) [0x00007cb613582180, 0x00007cb613582680] Compiler: c1, Barriers: 1, Oops: 0, ImmediateOops: 0, NonImmediateOops: No
[1,196s][debug][gc,nmethod  ] Register NMethod: java.util.ArrayList$Itr.checkForComodification (0x00007cb613582688) [0x00007cb613582780, 0x00007cb613582968] Compiler: c1, Barriers: 1, Oops: 0, ImmediateOops: 0, NonImmediateOops: No
[1,196s][debug][gc,nmethod  ] Register NMethod: java.security.Provider$Service.getType (0x00007cb632c19208) [0x00007cb632c19300, 0x00007cb632c193e8] Compiler: c1, Barriers: 1, Oops: 0, ImmediateOops: 0, NonImmediateOops: No
[1,196s][debug][gc,nmethod  ] Register NMethod: java.util.ArrayList$Itr.next (0x00007cb613582988) [0x00007cb613582a80, 0x00007cb613583070] Compiler: c1, Barriers: 3, Oops: 0, ImmediateOops: 0, NonImmediateOops: No
[1,196s][debug][gc,nmethod  ] Register NMethod: java.security.Provider$Service.getAlgorithm (0x00007cb632c19508) [0x00007cb632c19600, 0x00007cb632c196e8] Compiler: c1, Barriers: 1, Oops: 0, ImmediateOops: 0, NonImmediateOops: No
[1,196s][debug][gc,nmethod  ] Register NMethod: java.security.Provider$Service.getAliases (0x00007cb632c19808) [0x00007cb632c19900, 0x00007cb632c199e8] Compiler: c1, Barriers: 1, Oops: 0, ImmediateOops: 0, NonImmediateOops: No
[1,196s][debug][gc,nmethod  ] Register NMethod: java.lang.invoke.MemberName.getMethodOrFieldType (0x00007cb613583088) [0x00007cb613583180, 0x00007cb613585618] Compiler: c1, Barriers: 0, Oops: 2, ImmediateOops: 5, NonImmediateOops: No
[1,196s][debug][gc,nmethod  ] Register NMethod: java.lang.Integer.rotateLeft (0x00007cb613585688) [0x00007cb613585780, 0x00007cb613585870] Compiler: c1, Barriers: 0, Oops: 0, ImmediateOops: 0, NonImmediateOops: No
[1,197s][debug][gc,nmethod  ] Register NMethod: jdk.internal.misc.Unsafe.getIntUnaligned (0x00007cb613585988) [0x00007cb613585a80, 0x00007cb613585cc8] Compiler: c1, Barriers: 0, Oops: 0, ImmediateOops: 0, NonImmediateOops: No
[1,197s][debug][gc,nmethod  ] Register NMethod: java.lang.invoke.VarForm.getMemberName (0x00007cb613585d08) [0x00007cb613585e00, 0x00007cb613586580] Compiler: c1, Barriers: 4, Oops: 0, ImmediateOops: 1, NonImmediateOops: No
[1,197s][debug][gc,nmethod  ] Register NMethod: java.lang.invoke.VarHandle.checkAccessModeThenIsDirect (0x00007cb613586588) [0x00007cb613586680, 0x00007cb613587828] Compiler: c1, Barriers: 10, Oops: 0, ImmediateOops: 1, NonImmediateOops: No
[1,197s][debug][gc,nmethod  ] Register NMethod: java.lang.invoke.VarHandleByteArrayAsInts$ArrayHandle.index (0x00007cb613587888) [0x00007cb613587980, 0x00007cb613587ab8] Compiler: c1, Barriers: 0, Oops: 1, ImmediateOops: 1, NonImmediateOops: No
[1,197s][debug][gc,nmethod  ] Register NMethod: java.lang.invoke.MethodHandle.invokeBasic (0x00007cb632c19b08) [0x00007cb632c19c00, 0x00007cb632c19e98] Compiler: , Barriers: 0, Oops: 0, ImmediateOops: 0, NonImmediateOops: No
[1,197s][debug][gc,nmethod  ] Register NMethod: java.lang.invoke.VarHandleByteArrayAsInts$ArrayHandle.get (0x00007cb613587b88) [0x00007cb613587c80, 0x00007cb613588430] Compiler: c1, Barriers: 0, Oops: 2, ImmediateOops: 2, NonImmediateOops: No
[1,197s][debug][gc,nmethod  ] Register NMethod: java.lang.invoke.VarHandle.accessModeType (0x00007cb613588488) [0x00007cb613588580, 0x00007cb613589428] Compiler: c1, Barriers: 9, Oops: 0, ImmediateOops: 1, NonImmediateOops: No
[1,197s][debug][gc,nmethod  ] Register NMethod: java.lang.Integer.rotateLeft (0x00007cb632c19f08) [0x00007cb632c1a000, 0x00007cb632c1a070] Compiler: jvmci, Barriers: 0, Oops: 0, ImmediateOops: 0, NonImmediateOops: No
[1,197s][debug][gc,nmethod  ] Register NMethod: java.lang.invoke.VarHandleGuards.guard_LI_I (0x00007cb613589488) [0x00007cb613589580, 0x00007cb61358c458] Compiler: c1, Barriers: 28, Oops: 0, ImmediateOops: 2, NonImmediateOops: No
[1,198s][debug][gc,nmethod  ] Register NMethod: java.lang.String.indexOf (0x00007cb61358c488) [0x00007cb61358c580, 0x00007cb61358cda0] Compiler: c1, Barriers: 1, Oops: 0, ImmediateOops: 0, NonImmediateOops: No
[1,198s][debug][gc,nmethod  ] Register NMethod: java.lang.String.indexOf (0x00007cb61358ce08) [0x00007cb61358cf00, 0x00007cb61358d9b8] Compiler: c1, Barriers: 1, Oops: 0, ImmediateOops: 0, NonImmediateOops: No
[1,198s][debug][gc,nmethod  ] Register NMethod: java.lang.Throwable.fillInStackTrace (0x00007cb61358da08) [0x00007cb61358db00, 0x00007cb61358ded8] Compiler: c1, Barriers: 5, Oops: 0, ImmediateOops: 1, NonImmediateOops: No
[1,199s][debug][gc,nmethod  ] Register NMethod: java.lang.AbstractStringBuilder.needsNewBuffer (0x00007cb632c1a208) [0x00007cb632c1a300, 0x00007cb632c1a3e8] Compiler: jvmci, Barriers: 0, Oops: 0, ImmediateOops: 0, NonImmediateOops: No
[1,199s][debug][gc,nmethod  ] Register NMethod: java.io.ObjectStreamField.getName (0x00007cb632c1a508) [0x00007cb632c1a600, 0x00007cb632c1a6e8] Compiler: c1, Barriers: 1, Oops: 0, ImmediateOops: 0, NonImmediateOops: No
[1,200s][debug][gc,director ] Rule Major: Warmup 10%, Used: 56MB, UsedThreshold: 1228MB
[1,200s][debug][gc,nmethod  ] Register NMethod: java.lang.invoke.MethodHandle.invokeBasic (0x00007cb632c1a808) [0x00007cb632c1a900, 0x00007cb632c1ab98] Compiler: , Barriers: 0, Oops: 0, ImmediateOops: 0, NonImmediateOops: No
[1,201s][debug][gc,nmethod  ] Register NMethod: java.lang.invoke.MethodHandle.linkToSpecial (0x00007cb632c1ac08) [0x00007cb632c1ad00, 0x00007cb632c1adf8] Compiler: , Barriers: 0, Oops: 0, ImmediateOops: 0, NonImmediateOops: No
[1,201s][debug][gc,nmethod  ] Register NMethod: java.lang.invoke.LambdaForm$BasicType.basicType (0x00007cb61358df08) [0x00007cb61358e000, 0x00007cb61358e598] Compiler: c1, Barriers: 0, Oops: 0, ImmediateOops: 0, NonImmediateOops: No
[1,201s][debug][gc,nmethod  ] Register NMethod: sun.invoke.util.Wrapper.basicTypeChar (0x00007cb61358e608) [0x00007cb61358e700, 0x00007cb61358ec30] Compiler: c1, Barriers: 0, Oops: 0, ImmediateOops: 0, NonImmediateOops: No
[1,201s][debug][gc,nmethod  ] Register NMethod: java.lang.invoke.LambdaForm$BasicType.basicType (0x00007cb61358ec88) [0x00007cb61358ed80, 0x00007cb613590088] Compiler: c1, Barriers: 0, Oops: 2, ImmediateOops: 10, NonImmediateOops: No
[1,201s][debug][gc,nmethod  ] Register NMethod: java.lang.invoke.MemberName.init (0x00007cb613590108) [0x00007cb613590200, 0x00007cb613590478] Compiler: c1, Barriers: 9, Oops: 0, ImmediateOops: 0, NonImmediateOops: No
[1,201s][debug][gc,nmethod  ] Register NMethod: java.lang.invoke.MemberName.flagsMods (0x00007cb613590488) [0x00007cb613590580, 0x00007cb613590680] Compiler: c1, Barriers: 0, Oops: 0, ImmediateOops: 0, NonImmediateOops: No
[1,202s][debug][gc,nmethod  ] Register NMethod: java.lang.invoke.MemberName.isStatic (0x00007cb613590788) [0x00007cb613590880, 0x00007cb613590a30] Compiler: c1, Barriers: 0, Oops: 0, ImmediateOops: 0, NonImmediateOops: No
[1,202s][debug][gc,nmethod  ] Register NMethod: java.lang.invoke.MethodHandle.invokeBasic (0x00007cb632c1af08) [0x00007cb632c1b000, 0x00007cb632c1b298] Compiler: , Barriers: 0, Oops: 0, ImmediateOops: 0, NonImmediateOops: No
[1,202s][debug][gc,nmethod  ] Register NMethod: java.lang.invoke.MethodType.genericMethodType (0x00007cb613590a88) [0x00007cb613590b80, 0x00007cb6135921d0] Compiler: c1, Barriers: 7, Oops: 1, ImmediateOops: 7, NonImmediateOops: No
[1,203s][debug][gc,nmethod  ] Register NMethod: sun.invoke.util.Wrapper.forPrimitiveType (0x00007cb613592208) [0x00007cb613592300, 0x00007cb613593690] Compiler: c1, Barriers: 0, Oops: 1, ImmediateOops: 21, NonImmediateOops: No
[1,203s][debug][gc,nmethod  ] Register NMethod: java.util.Arrays.equals (0x00007cb613593708) [0x00007cb613593800, 0x00007cb613593ed0] Compiler: c1, Barriers: 2, Oops: 0, ImmediateOops: 0, NonImmediateOops: No
[1,203s][debug][gc,nmethod  ] Register NMethod: jdk.internal.classfile.impl.AbstractPoolEntry$MethodRefEntryImpl.tag (0x00007cb632c1b308) [0x00007cb632c1b400, 0x00007cb632c1b4c0] Compiler: c1, Barriers: 0, Oops: 0, ImmediateOops: 0, NonImmediateOops: No
[1,203s][debug][gc,nmethod  ] Register NMethod: java.lang.invoke.MethodHandle.linkToStatic (0x00007cb632c1b608) [0x00007cb632c1b700, 0x00007cb632c1b7f0] Compiler: , Barriers: 0, Oops: 0, ImmediateOops: 0, NonImmediateOops: No
[1,203s][debug][gc,nmethod  ] Register NMethod: java.lang.invoke.MethodHandle.invokeBasic (0x00007cb632c1b908) [0x00007cb632c1ba00, 0x00007cb632c1bc98] Compiler: , Barriers: 0, Oops: 0, ImmediateOops: 0, NonImmediateOops: No
[1,204s][debug][gc,nmethod  ] Register NMethod: jdk.internal.classfile.impl.AbstractPoolEntry$AbstractMemberRefEntry.nameAndType (0x00007cb613593f08) [0x00007cb613594000, 0x00007cb613594550] Compiler: c1, Barriers: 1, Oops: 0, ImmediateOops: 0, NonImmediateOops: No
[1,204s][debug][gc,nmethod  ] Register NMethod: jdk.internal.classfile.impl.AbstractPoolEntry$AbstractMemberRefEntry.nameAndType (0x00007cb613594588) [0x00007cb613594680, 0x00007cb6135949b8] Compiler: c1, Barriers: 1, Oops: 0, ImmediateOops: 0, NonImmediateOops: No
[1,204s][debug][gc,nmethod  ] Register NMethod: java.lang.StringCoding.countNonZeroAsciiLatin1 (0x00007cb632c1bd08) [0x00007cb632c1be20, 0x00007cb632c1c1a8] Compiler: jvmci, Barriers: 0, Oops: 0, ImmediateOops: 0, NonImmediateOops: No
[1,204s][debug][gc,nmethod  ] Register NMethod: jdk.internal.classfile.impl.AttributeHolder.withAttribute (0x00007cb613594a08) [0x00007cb613594b00, 0x00007cb613595d68] Compiler: c1, Barriers: 9, Oops: 0, ImmediateOops: 0, NonImmediateOops: No
[1,204s][debug][gc,nmethod  ] Register NMethod: jdk.internal.classfile.impl.LabelImpl.setBCI (0x00007cb632c1c208) [0x00007cb632c1c300, 0x00007cb632c1c3c0] Compiler: c1, Barriers: 0, Oops: 0, ImmediateOops: 0, NonImmediateOops: No
[1,204s][debug][gc,nmethod  ] Register NMethod: jdk.internal.classfile.impl.AbstractPoolEntry$NameAndTypeEntryImpl.type (0x00007cb613595d88) [0x00007cb613595e80, 0x00007cb6135961d0] Compiler: c1, Barriers: 1, Oops: 0, ImmediateOops: 0, NonImmediateOops: No
[1,205s][debug][gc,nmethod  ] Register NMethod: java.lang.invoke.LambdaForm.forceInterpretation (0x00007cb613596208) [0x00007cb613596300, 0x00007cb613596450] Compiler: c1, Barriers: 0, Oops: 0, ImmediateOops: 0, NonImmediateOops: No
[1,206s][debug][gc,nmethod  ] Register NMethod: java.lang.Class.getSuperclass (0x00007cb632c1c508) [0x00007cb632c1c600, 0x00007cb632c1c920] Compiler: , Barriers: 0, Oops: 0, ImmediateOops: 0, NonImmediateOops: No
[1,206s][debug][gc,nmethod  ] Register NMethod: jdk.internal.constant.MethodTypeDescImpl.descriptorString (0x00007cb613596508) [0x00007cb613596600, 0x00007cb6135967c0] Compiler: c1, Barriers: 1, Oops: 0, ImmediateOops: 0, NonImmediateOops: No
[1,206s][debug][gc,nmethod  ] Register NMethod: java.lang.invoke.MemberName$Factory.resolve (0x00007cb613596808) [0x00007cb613596900, 0x00007cb613597868] Compiler: c1, Barriers: 7, Oops: 0, ImmediateOops: 0, NonImmediateOops: No
[1,206s][debug][gc,nmethod  ] Register NMethod: jdk.internal.classfile.impl.SplitConstantPool.utf8Entry (0x00007cb613597888) [0x00007cb613597980, 0x00007cb613597ea0] Compiler: c1, Barriers: 5, Oops: 0, ImmediateOops: 0, NonImmediateOops: No
[1,206s][debug][gc,nmethod  ] Register NMethod: jdk.internal.classfile.impl.DirectMethodBuilder.methodTypeSymbol (0x00007cb613597f08) [0x00007cb613598000, 0x00007cb613598768] Compiler: c1, Barriers: 1, Oops: 0, ImmediateOops: 0, NonImmediateOops: No
[1,206s][debug][gc,nmethod  ] Register NMethod: java.lang.invoke.LambdaForm$Name.index (0x00007cb632c1c988) [0x00007cb632c1ca80, 0x00007cb632c1cb40] Compiler: c1, Barriers: 0, Oops: 0, ImmediateOops: 0, NonImmediateOops: No
[1,206s][debug][gc,nmethod  ] Register NMethod: java.lang.invoke.LambdaForm.argument (0x00007cb613598788) [0x00007cb613598880, 0x00007cb613598cf0] Compiler: c1, Barriers: 2, Oops: 0, ImmediateOops: 1, NonImmediateOops: No
[1,206s][debug][gc,nmethod  ] Register NMethod: java.lang.invoke.MemberName.getName (0x00007cb613598d08) [0x00007cb613598e00, 0x00007cb6135993e8] Compiler: c1, Barriers: 5, Oops: 0, ImmediateOops: 0, NonImmediateOops: No
[1,206s][debug][gc,nmethod  ] Register NMethod: jdk.internal.classfile.impl.DirectCodeBuilder.curPc (0x00007cb613599408) [0x00007cb613599500, 0x00007cb613599810] Compiler: c1, Barriers: 1, Oops: 0, ImmediateOops: 0, NonImmediateOops: No
[1,206s][debug][gc,nmethod  ] Register NMethod: jdk.internal.classfile.impl.LabelImpl.<init> (0x00007cb613599888) [0x00007cb613599980, 0x00007cb613599bb8] Compiler: c1, Barriers: 3, Oops: 0, ImmediateOops: 0, NonImmediateOops: No
[1,207s][debug][gc,nmethod  ] Register NMethod: java.lang.invoke.LambdaForm$BasicType.basicTypeKind (0x00007cb632c1cc88) [0x00007cb632c1cd80, 0x00007cb632c1ce68] Compiler: c1, Barriers: 1, Oops: 0, ImmediateOops: 0, NonImmediateOops: No
[1,207s][debug][gc,nmethod  ] Register NMethod: jdk.internal.classfile.impl.DirectMethodBuilder.methodName (0x00007cb632c1cf88) [0x00007cb632c1d080, 0x00007cb632c1d168] Compiler: c1, Barriers: 1, Oops: 0, ImmediateOops: 0, NonImmediateOops: No
[1,207s][debug][gc,nmethod  ] Register NMethod: jdk.internal.classfile.impl.BufWriterImpl.thisClass (0x00007cb632c1d288) [0x00007cb632c1d380, 0x00007cb632c1d468] Compiler: c1, Barriers: 1, Oops: 0, ImmediateOops: 0, NonImmediateOops: No
[1,207s][debug][gc,nmethod  ] Register NMethod: jdk.internal.classfile.impl.AbstractPoolEntry$ClassEntryImpl.asSymbol (0x00007cb613599c08) [0x00007cb613599d00, 0x00007cb61359e290] Compiler: c1, Barriers: 16, Oops: 2, ImmediateOops: 11, NonImmediateOops: No
[1,207s][debug][gc,nmethod  ] Register NMethod: java.lang.StringLatin1.replace (0x00007cb632c1d588) [0x00007cb632c1d680, 0x00007cb632c1dc58] Compiler: jvmci, Barriers: 2, Oops: 0, ImmediateOops: 0, NonImmediateOops: No
[1,207s][debug][gc,nmethod  ] Register NMethod: java.lang.reflect.Field.getName (0x00007cb632c1dc88) [0x00007cb632c1dd80, 0x00007cb632c1de68] Compiler: c1, Barriers: 1, Oops: 0, ImmediateOops: 0, NonImmediateOops: No
[1,207s][debug][gc,nmethod  ] Register NMethod: java.lang.System$1.findBootstrapClassOrNull (0x00007cb61359e308) [0x00007cb61359e400, 0x00007cb61359e608] Compiler: c1, Barriers: 0, Oops: 0, ImmediateOops: 0, NonImmediateOops: No
[1,207s][debug][gc,nmethod  ] Register NMethod: java.lang.ClassLoader.findBootstrapClassOrNull (0x00007cb61359e688) [0x00007cb61359e780, 0x00007cb61359e920] Compiler: c1, Barriers: 0, Oops: 0, ImmediateOops: 0, NonImmediateOops: No
[1,207s][debug][gc,nmethod  ] Register NMethod: java.io.ObjectStreamField.getSignature (0x00007cb61359e988) [0x00007cb61359ea80, 0x00007cb61359f118] Compiler: c1, Barriers: 6, Oops: 0, ImmediateOops: 0, NonImmediateOops: No
[1,208s][debug][gc,nmethod  ] Register NMethod: java.lang.invoke.LambdaForm.uncustomize (0x00007cb61359f188) [0x00007cb61359f280, 0x00007cb61359f6f8] Compiler: c1, Barriers: 2, Oops: 0, ImmediateOops: 0, NonImmediateOops: No
[1,208s][debug][gc,nmethod  ] Register NMethod: java.util.ArrayList.<init> (0x00007cb61359f708) [0x00007cb61359f800, 0x00007cb61359faa0] Compiler: c1, Barriers: 3, Oops: 0, ImmediateOops: 1, NonImmediateOops: No
[1,208s][debug][gc,nmethod  ] Register NMethod: jdk.internal.loader.BuiltinClassLoader.loadClass (0x00007cb61359fb08) [0x00007cb61359fc00, 0x00007cb61359ffd8] Compiler: c1, Barriers: 0, Oops: 0, ImmediateOops: 0, NonImmediateOops: No
[1,209s][debug][gc,nmethod  ] Register NMethod: jdk.internal.loader.ClassLoaders$BootClassLoader.loadClassOrNull (0x00007cb6135a0008) [0x00007cb6135a0100, 0x00007cb6135a0380] Compiler: c1, Barriers: 0, Oops: 0, ImmediateOops: 1, NonImmediateOops: No
[1,209s][debug][gc,nmethod  ] Register NMethod: sun.net.www.ParseUtil.encodePath (0x00007cb6135a0388) [0x00007cb6135a0480, 0x00007cb6135a0668] Compiler: c1, Barriers: 0, Oops: 0, ImmediateOops: 0, NonImmediateOops: No
[1,209s][debug][gc,nmethod  ] Register NMethod: worker.org.gradle.internal.classloader.FilteringClassLoader$TrieSet.find (0x00007cb6135a0688) [0x00007cb6135a0780, 0x00007cb6135a0908] Compiler: c1, Barriers: 1, Oops: 1, ImmediateOops: 0, NonImmediateOops: No
[1,209s][debug][gc,nmethod  ] Register NMethod: java.lang.Exception.<init> (0x00007cb6135a0988) [0x00007cb6135a0a80, 0x00007cb6135a0bb0] Compiler: c1, Barriers: 0, Oops: 0, ImmediateOops: 0, NonImmediateOops: No
[1,209s][debug][gc,nmethod  ] Register NMethod: java.lang.ReflectiveOperationException.<init> (0x00007cb6135a0c88) [0x00007cb6135a0d80, 0x00007cb6135a0f10] Compiler: c1, Barriers: 0, Oops: 0, ImmediateOops: 0, NonImmediateOops: No
[1,209s][debug][gc,nmethod  ] Register NMethod: java.util.jar.Manifest.getEntries (0x00007cb632c1df88) [0x00007cb632c1e080, 0x00007cb632c1e168] Compiler: c1, Barriers: 1, Oops: 0, ImmediateOops: 0, NonImmediateOops: No
[1,209s][debug][gc,nmethod  ] Register NMethod: java.util.jar.Manifest.getMainAttributes (0x00007cb632c1e288) [0x00007cb632c1e380, 0x00007cb632c1e468] Compiler: c1, Barriers: 1, Oops: 0, ImmediateOops: 0, NonImmediateOops: No
[1,209s][debug][gc,nmethod  ] Register NMethod: worker.org.gradle.internal.classloader.FilteringClassLoader$Trie.find (0x00007cb6135a0f88) [0x00007cb6135a1080, 0x00007cb6135a1d40] Compiler: c1, Barriers: 2, Oops: 1, ImmediateOops: 0, NonImmediateOops: No
[1,209s][debug][gc,nmethod  ] Register NMethod: java.lang.Throwable.<init> (0x00007cb6135a1d88) [0x00007cb6135a1e80, 0x00007cb6135a26c0] Compiler: c1, Barriers: 16, Oops: 0, ImmediateOops: 3, NonImmediateOops: No
[1,210s][debug][gc,director ] Rule Major: Warmup 10%, Used: 58MB, UsedThreshold: 1228MB
[1,211s][debug][gc,nmethod  ] Register NMethod: java.util.WeakHashMap.remove (0x00007cb6135a2708) [0x00007cb6135a2800, 0x00007cb6135a3c10] Compiler: c1, Barriers: 12, Oops: 0, ImmediateOops: 1, NonImmediateOops: No
[1,212s][debug][gc,nmethod  ] Register NMethod: java.util.concurrent.ConcurrentHashMap.computeIfAbsent (0x00007cb6135a3c88) [0x00007cb6135a3d80, 0x00007cb6135a6f20] Compiler: c1, Barriers: 24, Oops: 0, ImmediateOops: 2, NonImmediateOops: No
[1,212s][debug][gc,nmethod  ] Register NMethod: jdk.internal.loader.URLClassPath.getResource (0x00007cb6135a6f88) [0x00007cb6135a7080, 0x00007cb6135a74e8] Compiler: c1, Barriers: 0, Oops: 0, ImmediateOops: 0, NonImmediateOops: No
[1,213s][debug][gc,nmethod  ] Register NMethod: sun.net.util.URLUtil.urlNoFragString (0x00007cb6135a7508) [0x00007cb6135a7600, 0x00007cb6135aa6e8] Compiler: c1, Barriers: 7, Oops: 3, ImmediateOops: 10, NonImmediateOops: No
[1,213s][debug][gc,nmethod  ] Register NMethod: java.util.zip.ZipFile.getZipEntry (0x00007cb6135aa708) [0x00007cb6135aa800, 0x00007cb6135ac698] Compiler: c1, Barriers: 17, Oops: 0, ImmediateOops: 2, NonImmediateOops: No
[1,214s][debug][gc,nmethod  ] Register NMethod: worker.org.gradle.internal.classloader.FilteringClassLoader.loadClass (0x00007cb6135ac708) [0x00007cb6135ac800, 0x00007cb6135ae018] Compiler: c1, Barriers: 0, Oops: 3, ImmediateOops: 3, NonImmediateOops: No
[1,214s][debug][gc,nmethod  ] Register NMethod: java.lang.ClassLoader.loadClass (0x00007cb6135ae088) [0x00007cb6135ae180, 0x00007cb6135af5c0] Compiler: c1, Barriers: 1, Oops: 2, ImmediateOops: 3, NonImmediateOops: No
[1,215s][debug][gc,nmethod  ] Register NMethod: jdk.internal.classfile.impl.DirectCodeBuilder.aload (0x00007cb6135af608) [0x00007cb6135af700, 0x00007cb6135afaf0] Compiler: c1, Barriers: 1, Oops: 0, ImmediateOops: 0, NonImmediateOops: No
[1,215s][debug][gc,nmethod  ] Register NMethod: java.lang.invoke.MethodHandle.<init> (0x00007cb6135afb08) [0x00007cb6135afc00, 0x00007cb6135b0178] Compiler: c1, Barriers: 6, Oops: 0, ImmediateOops: 0, NonImmediateOops: No
[1,215s][debug][gc,nmethod  ] Register NMethod: java.lang.invoke.LambdaForm.prepare (0x00007cb6135b0188) [0x00007cb6135b0280, 0x00007cb6135b1160] Compiler: c1, Barriers: 6, Oops: 0, ImmediateOops: 0, NonImmediateOops: No
[1,215s][debug][gc,nmethod  ] Register NMethod: java.lang.System.identityHashCode (0x00007cb632c1e588) [0x00007cb632c1e680, 0x00007cb632c1e810] Compiler: , Barriers: 0, Oops: 0, ImmediateOops: 1, NonImmediateOops: No
[1,216s][debug][gc,nmethod  ] Register NMethod: java.util.ImmutableCollections$AbstractImmutableList.<init> (0x00007cb6135b1188) [0x00007cb6135b1280, 0x00007cb6135b1498] Compiler: c1, Barriers: 0, Oops: 0, ImmediateOops: 0, NonImmediateOops: No
[1,216s][debug][gc,nmethod  ] Register NMethod: jdk.internal.classfile.impl.SplitConstantPool.nameAndTypeEntry (0x00007cb6135b1508) [0x00007cb6135b1600, 0x00007cb6135b18f8] Compiler: c1, Barriers: 0, Oops: 0, ImmediateOops: 0, NonImmediateOops: No
[1,216s][debug][gc,nmethod  ] Register NMethod: jdk.internal.classfile.impl.BufWriterImpl.constantPool (0x00007cb632c1e888) [0x00007cb632c1e980, 0x00007cb632c1ea68] Compiler: c1, Barriers: 1, Oops: 0, ImmediateOops: 0, NonImmediateOops: No
[1,216s][debug][gc,nmethod  ] Register NMethod: jdk.internal.classfile.impl.AbstractAttributeMapper.name (0x00007cb632c1eb88) [0x00007cb632c1ec80, 0x00007cb632c1ed68] Compiler: c1, Barriers: 1, Oops: 0, ImmediateOops: 0, NonImmediateOops: No
[1,216s][debug][gc,nmethod  ] Register NMethod: java.util.ImmutableCollections$ListN.size (0x00007cb6135b1908) [0x00007cb6135b1a00, 0x00007cb6135b1b38] Compiler: c1, Barriers: 1, Oops: 0, ImmediateOops: 0, NonImmediateOops: No
[1,216s][debug][gc,nmethod  ] Register NMethod: jdk.internal.classfile.impl.BufWriterImpl.setLabelContext (0x00007cb6135b1c08) [0x00007cb6135b1d00, 0x00007cb6135b1e78] Compiler: c1, Barriers: 3, Oops: 0, ImmediateOops: 0, NonImmediateOops: No
[1,216s][debug][gc,nmethod  ] Register NMethod: jdk.internal.classfile.impl.SplitConstantPool.nameAndTypeEntry (0x00007cb6135b1f08) [0x00007cb6135b2000, 0x00007cb6135b2d00] Compiler: c1, Barriers: 0, Oops: 0, ImmediateOops: 0, NonImmediateOops: No
[1,216s][debug][gc,nmethod  ] Register NMethod: jdk.internal.misc.Unsafe.getCharUnaligned (0x00007cb6135b2d08) [0x00007cb6135b2e00, 0x00007cb6135b3028] Compiler: c1, Barriers: 0, Oops: 0, ImmediateOops: 0, NonImmediateOops: No
[1,216s][debug][gc,nmethod  ] Register NMethod: jdk.internal.classfile.impl.BufWriterImpl.writeU2U2U2 (0x00007cb6135b3088) [0x00007cb6135b3180, 0x00007cb6135b36a0] Compiler: c1, Barriers: 2, Oops: 0, ImmediateOops: 0, NonImmediateOops: No
[1,216s][debug][gc,nmethod  ] Register NMethod: java.lang.CharacterDataLatin1.getProperties (0x00007cb632c1ee88) [0x00007cb632c1ef80, 0x00007cb632c1f050] Compiler: jvmci, Barriers: 0, Oops: 0, ImmediateOops: 1, NonImmediateOops: No
[1,216s][debug][gc,nmethod  ] Register NMethod: java.lang.reflect.Method.getModifiers (0x00007cb632c1f188) [0x00007cb632c1f280, 0x00007cb632c1f340] Compiler: c1, Barriers: 0, Oops: 0, ImmediateOops: 0, NonImmediateOops: No
[1,216s][debug][gc,nmethod  ] Register NMethod: java.lang.Class.reflectionData (0x00007cb6135b3708) [0x00007cb6135b3800, 0x00007cb6135b3e58] Compiler: c1, Barriers: 1, Oops: 0, ImmediateOops: 0, NonImmediateOops: No
[1,216s][debug][gc,nmethod  ] Register NMethod: java.lang.Module.isNamed (0x00007cb6135b3e88) [0x00007cb6135b3f80, 0x00007cb6135b4100] Compiler: c1, Barriers: 1, Oops: 0, ImmediateOops: 0, NonImmediateOops: No
[1,217s][debug][gc,nmethod  ] Register NMethod: jdk.internal.classfile.impl.BufWriterImpl.<init> (0x00007cb6135b4188) [0x00007cb6135b4280, 0x00007cb6135b4650] Compiler: c1, Barriers: 12, Oops: 0, ImmediateOops: 0, NonImmediateOops: No
[1,217s][debug][gc,nmethod  ] Register NMethod: jdk.internal.constant.ClassOrInterfaceDescImpl.equals (0x00007cb6135b4688) [0x00007cb6135b4780, 0x00007cb6135b4fa8] Compiler: c1, Barriers: 2, Oops: 0, ImmediateOops: 0, NonImmediateOops: No
[1,217s][debug][gc,nmethod  ] Register NMethod: jdk.internal.classfile.impl.AbstractPoolEntry$ClassEntryImpl.<init> (0x00007cb6135b5008) [0x00007cb6135b5100, 0x00007cb6135b52e8] Compiler: c1, Barriers: 3, Oops: 0, ImmediateOops: 0, NonImmediateOops: No
[1,217s][debug][gc,nmethod  ] Register NMethod: jdk.internal.classfile.impl.DirectCodeBuilder.constantPool (0x00007cb6135b5308) [0x00007cb6135b5400, 0x00007cb6135b5540] Compiler: c1, Barriers: 1, Oops: 0, ImmediateOops: 0, NonImmediateOops: No
[1,217s][debug][gc,nmethod  ] Register NMethod: jdk.internal.classfile.impl.StackCounter.addStackSlot (0x00007cb6135b5608) [0x00007cb6135b5700, 0x00007cb6135b5838] Compiler: c1, Barriers: 0, Oops: 0, ImmediateOops: 0, NonImmediateOops: No
[1,217s][debug][gc,nmethod  ] Register NMethod: jdk.internal.classfile.impl.StackMapDecoder$StackMapFrameImpl.stack (0x00007cb632c1f488) [0x00007cb632c1f580, 0x00007cb632c1f668] Compiler: c1, Barriers: 1, Oops: 0, ImmediateOops: 0, NonImmediateOops: No
[1,217s][debug][gc,nmethod  ] Register NMethod: java.lang.reflect.Array.newInstance (0x00007cb6135b5908) [0x00007cb6135b5a00, 0x00007cb6135b5b10] Compiler: c1, Barriers: 0, Oops: 0, ImmediateOops: 0, NonImmediateOops: No
[1,217s][debug][gc,nmethod  ] Register NMethod: jdk.internal.classfile.impl.DirectCodeBuilder.labelToBci (0x00007cb6135b5c08) [0x00007cb6135b5d00, 0x00007cb6135b6470] Compiler: c1, Barriers: 1, Oops: 0, ImmediateOops: 0, NonImmediateOops: No
[1,217s][debug][gc,nmethod  ] Register NMethod: jdk.internal.classfile.impl.RawBytecodeHelper.<init> (0x00007cb6135b6488) [0x00007cb6135b6580, 0x00007cb6135b6750] Compiler: c1, Barriers: 3, Oops: 0, ImmediateOops: 0, NonImmediateOops: No
[1,217s][debug][gc,nmethod  ] Register NMethod: jdk.internal.classfile.impl.RawBytecodeHelper$CodeRange.start (0x00007cb6135b6788) [0x00007cb6135b6880, 0x00007cb6135b6b08] Compiler: c1, Barriers: 3, Oops: 0, ImmediateOops: 0, NonImmediateOops: No
[1,217s][debug][gc,nmethod  ] Register NMethod: java.lang.reflect.Method.getSharedParameterTypes (0x00007cb632c1f788) [0x00007cb632c1f880, 0x00007cb632c1f968] Compiler: c1, Barriers: 1, Oops: 0, ImmediateOops: 0, NonImmediateOops: No
[1,217s][debug][gc,nmethod  ] Register NMethod: jdk.internal.classfile.impl.BufWriterImpl.writeIndex (0x00007cb6135b6b88) [0x00007cb6135b6c80, 0x00007cb6135b9418] Compiler: c1, Barriers: 3, Oops: 1, ImmediateOops: 3, NonImmediateOops: No
[1,218s][debug][gc,nmethod  ] Register NMethod: java.util.WeakHashMap.put (0x00007cb6135b9488) [0x00007cb6135b9580, 0x00007cb6135bb068] Compiler: c1, Barriers: 26, Oops: 0, ImmediateOops: 2, NonImmediateOops: No
[1,218s][debug][gc,nmethod  ] Register NMethod: java.lang.invoke.DirectMethodHandle.constructorMethod (0x00007cb6135bb088) [0x00007cb6135bb180, 0x00007cb6135bb4a0] Compiler: c1, Barriers: 1, Oops: 0, ImmediateOops: 0, NonImmediateOops: No
[1,218s][debug][gc,nmethod  ] Register NMethod: java.lang.invoke.DirectMethodHandle.allocateInstance (0x00007cb6135bb508) [0x00007cb6135bb600, 0x00007cb6135bbb20] Compiler: c1, Barriers: 1, Oops: 0, ImmediateOops: 1, NonImmediateOops: No
[1,218s][debug][gc,nmethod  ] Register NMethod: java.lang.Character.isWhitespace (0x00007cb6135bbb88) [0x00007cb6135bbc80, 0x00007cb6135bc008] Compiler: c1, Barriers: 0, Oops: 0, ImmediateOops: 0, NonImmediateOops: No
[1,218s][debug][gc,nmethod  ] Register NMethod: java.lang.CharacterDataLatin1.isWhitespace (0x00007cb6135bc088) [0x00007cb6135bc180, 0x00007cb6135bc520] Compiler: c1, Barriers: 0, Oops: 0, ImmediateOops: 1, NonImmediateOops: No
[1,218s][debug][gc,nmethod  ] Register NMethod: java.lang.Character.isWhitespace (0x00007cb6135bc588) [0x00007cb6135bc680, 0x00007cb6135bc9b0] Compiler: c1, Barriers: 0, Oops: 0, ImmediateOops: 0, NonImmediateOops: No
[1,218s][debug][gc,nmethod  ] Register NMethod: java.lang.reflect.Method.getReturnType (0x00007cb632c1fa88) [0x00007cb632c1fb80, 0x00007cb632c1fc68] Compiler: c1, Barriers: 1, Oops: 0, ImmediateOops: 0, NonImmediateOops: No
[1,218s][debug][gc,nmethod  ] Register NMethod: sun.reflect.generics.parser.SignatureParser.advance (0x00007cb6135bca08) [0x00007cb6135bcb00, 0x00007cb6135bd118] Compiler: c1, Barriers: 2, Oops: 0, ImmediateOops: 0, NonImmediateOops: No
[1,218s][debug][gc,nmethod  ] Register NMethod: java.lang.Class.getModifiers (0x00007cb632c1fd88) [0x00007cb632c1fe80, 0x00007cb632c1ff40] Compiler: c1, Barriers: 0, Oops: 0, ImmediateOops: 0, NonImmediateOops: No
[1,218s][debug][gc,nmethod  ] Register NMethod: sun.reflect.generics.parser.SignatureParser.current (0x00007cb6135bd188) [0x00007cb6135bd280, 0x00007cb6135be090] Compiler: c1, Barriers: 2, Oops: 1, ImmediateOops: 2, NonImmediateOops: No
[1,219s][debug][gc,nmethod  ] Register NMethod: java.lang.ClassLoader.getDefinedPackage (0x00007cb6135be108) [0x00007cb6135be200, 0x00007cb6135beb58] Compiler: c1, Barriers: 2, Oops: 1, ImmediateOops: 1, NonImmediateOops: No
[1,219s][debug][gc,nmethod  ] Register NMethod: java.lang.StringBuilder.append (0x00007cb632c20088) [0x00007cb632c20180, 0x00007cb632c20920] Compiler: jvmci, Barriers: 5, Oops: 0, ImmediateOops: 0, NonImmediateOops: No
[1,220s][debug][gc,nmethod  ] Register NMethod: java.lang.invoke.MethodHandle.linkToStatic (0x00007cb632c20988) [0x00007cb632c20a80, 0x00007cb632c20b70] Compiler: , Barriers: 0, Oops: 0, ImmediateOops: 0, NonImmediateOops: No
[1,220s][debug][gc,nmethod  ] Register NMethod: java.util.ArrayList$Itr.<init> (0x00007cb6135beb88) [0x00007cb6135bec80, 0x00007cb6135befb0] Compiler: c1, Barriers: 3, Oops: 0, ImmediateOops: 0, NonImmediateOops: No
[1,220s][debug][gc,nmethod  ] Register NMethod: java.util.ArrayList.iterator (0x00007cb6135bf008) [0x00007cb6135bf100, 0x00007cb6135bf400] Compiler: c1, Barriers: 3, Oops: 0, ImmediateOops: 0, NonImmediateOops: No
[1,220s][debug][gc,nmethod  ] Register NMethod: java.lang.invoke.MethodHandle.linkToStatic (0x00007cb632c20c88) [0x00007cb632c20d80, 0x00007cb632c20e70] Compiler: , Barriers: 0, Oops: 0, ImmediateOops: 0, NonImmediateOops: No
[1,220s][debug][gc,nmethod  ] Register NMethod: java.lang.invoke.MethodHandle.linkToVirtual (0x00007cb632c20f88) [0x00007cb632c21080, 0x00007cb632c210a8] Compiler: , Barriers: 0, Oops: 0, ImmediateOops: 0, NonImmediateOops: No
[1,220s][debug][gc,nmethod  ] Register NMethod: java.lang.invoke.MethodHandle.linkToVirtual (0x00007cb632c21288) [0x00007cb632c21380, 0x00007cb632c213a8] Compiler: , Barriers: 0, Oops: 0, ImmediateOops: 0, NonImmediateOops: No
[1,220s][debug][gc,nmethod  ] Register NMethod: jdk.internal.classfile.impl.AbstractPoolEntry$AbstractMemberRefEntry.<init> (0x00007cb6135bf408) [0x00007cb6135bf500, 0x00007cb6135bf630] Compiler: c1, Barriers: 0, Oops: 0, ImmediateOops: 0, NonImmediateOops: No
[1,221s][debug][gc,director ] Rule Major: Warmup 10%, Used: 58MB, UsedThreshold: 1228MB
[1,221s][debug][gc,nmethod  ] Register NMethod: java.lang.invoke.InvokerBytecodeGenerator.classDesc (0x00007cb6135bf708) [0x00007cb6135bf800, 0x00007cb6135c0b10] Compiler: c1, Barriers: 3, Oops: 1, ImmediateOops: 12, NonImmediateOops: No
[1,221s][debug][gc,nmethod  ] Register NMethod: java.lang.invoke.LambdaForm$BasicType.basicTypeClass (0x00007cb632c21588) [0x00007cb632c21680, 0x00007cb632c21768] Compiler: c1, Barriers: 1, Oops: 0, ImmediateOops: 0, NonImmediateOops: No
[1,221s][debug][gc,nmethod  ] Register NMethod: jdk.internal.classfile.impl.BufWriterImpl.writeU2U2 (0x00007cb6135c0b88) [0x00007cb6135c0c80, 0x00007cb6135c1148] Compiler: c1, Barriers: 2, Oops: 0, ImmediateOops: 0, NonImmediateOops: No
[1,221s][debug][gc,nmethod  ] Register NMethod: jdk.internal.classfile.impl.ClassReaderImpl.checkType (0x00007cb6135c1188) [0x00007cb6135c1280, 0x00007cb6135c1d60] Compiler: c1, Barriers: 0, Oops: 0, ImmediateOops: 0, NonImmediateOops: No
[1,221s][debug][gc,nmethod  ] Register NMethod: jdk.internal.classfile.impl.SplitConstantPool.entryByIndex (0x00007cb6135c1d88) [0x00007cb6135c1e80, 0x00007cb6135c2bd0] Compiler: c1, Barriers: 0, Oops: 0, ImmediateOops: 0, NonImmediateOops: No
[1,221s][debug][gc,nmethod  ] Register NMethod: java.util.HashMap.get (0x00007cb632c21888) [0x00007cb632c21980, 0x00007cb632c22168] Compiler: jvmci, Barriers: 12, Oops: 0, ImmediateOops: 0, NonImmediateOops: No
[1,221s][debug][gc,nmethod  ] Register NMethod: java.lang.invoke.LambdaForm$NamedFunction.methodType (0x00007cb6135c2c08) [0x00007cb6135c2d00, 0x00007cb6135c33e8] Compiler: c1, Barriers: 7, Oops: 0, ImmediateOops: 0, NonImmediateOops: No
[1,221s][debug][gc,nmethod  ] Register NMethod: java.lang.invoke.MethodType.erase (0x00007cb6135c3408) [0x00007cb6135c3500, 0x00007cb6135c3840] Compiler: c1, Barriers: 2, Oops: 0, ImmediateOops: 0, NonImmediateOops: No
[1,221s][debug][gc,nmethod  ] Register NMethod: java.lang.ClassNotFoundException.<init> (0x00007cb6135c3888) [0x00007cb6135c3980, 0x00007cb6135c3b80] Compiler: c1, Barriers: 0, Oops: 0, ImmediateOops: 0, NonImmediateOops: No
[1,222s][debug][gc,nmethod  ] Register NMethod: java.net.URL.<init> (0x00007cb6135c3b88) [0x00007cb6135c3c80, 0x00007cb6135c3dc0] Compiler: c1, Barriers: 0, Oops: 0, ImmediateOops: 0, NonImmediateOops: No
[1,222s][debug][gc,nmethod  ] Register NMethod: java.net.URL.set (0x00007cb6135c3e88) [0x00007cb6135c3f80, 0x00007cb6135c5478] Compiler: c1, Barriers: 27, Oops: 1, ImmediateOops: 2, NonImmediateOops: No
[1,222s][debug][gc,nmethod  ] Register NMethod: java.net.URLStreamHandler.setURL (0x00007cb6135c5488) [0x00007cb6135c5580, 0x00007cb6135c71b8] Compiler: c1, Barriers: 5, Oops: 1, ImmediateOops: 3, NonImmediateOops: No
[1,224s][debug][gc,nmethod  ] Register NMethod: java.net.URL.<init> (0x00007cb6135c7208) [0x00007cb6135c7300, 0x00007cb6135cda18] Compiler: c1, Barriers: 55, Oops: 4, ImmediateOops: 14, NonImmediateOops: No
[1,224s][debug][gc,nmethod  ] Register NMethod: java.lang.Double.longBitsToDouble (0x00007cb632c22188) [0x00007cb632c22280, 0x00007cb632c223e0] Compiler: , Barriers: 0, Oops: 0, ImmediateOops: 1, NonImmediateOops: No
[1,224s][debug][gc,nmethod  ] Register NMethod: java.util.Arrays.fill (0x00007cb6135cda88) [0x00007cb6135cdb80, 0x00007cb6135cdfa8] Compiler: c1, Barriers: 3, Oops: 0, ImmediateOops: 0, NonImmediateOops: No
[1,224s][debug][gc,nmethod  ] Register NMethod: java.lang.invoke.InnerClassLambdaMetafactory.classDesc (0x00007cb6135ce008) [0x00007cb6135ce100, 0x00007cb6135cf1b8] Compiler: c1, Barriers: 3, Oops: 1, ImmediateOops: 2, NonImmediateOops: No
[1,224s][debug][gc,nmethod  ] Register NMethod: java.lang.invoke.MethodTypeForm.cachedLambdaForm (0x00007cb6135cf208) [0x00007cb6135cf300, 0x00007cb6135cf8f8] Compiler: c1, Barriers: 2, Oops: 0, ImmediateOops: 0, NonImmediateOops: No
[1,224s][debug][gc,nmethod  ] Register NMethod: jdk.internal.classfile.impl.BufWriterImpl.getMajorVersion (0x00007cb632c22488) [0x00007cb632c22580, 0x00007cb632c22640] Compiler: c1, Barriers: 0, Oops: 0, ImmediateOops: 0, NonImmediateOops: No
[1,224s][debug][gc,nmethod  ] Register NMethod: jdk.internal.classfile.impl.RawBytecodeHelper$CodeRange.length (0x00007cb632c22788) [0x00007cb632c22880, 0x00007cb632c22940] Compiler: c1, Barriers: 0, Oops: 0, ImmediateOops: 0, NonImmediateOops: No
[1,224s][debug][gc,nmethod  ] Register NMethod: jdk.internal.classfile.impl.StackMapGenerator.maxStack (0x00007cb632c22a88) [0x00007cb632c22b80, 0x00007cb632c22c40] Compiler: c1, Barriers: 0, Oops: 0, ImmediateOops: 0, NonImmediateOops: No
[1,224s][debug][gc,nmethod  ] Register NMethod: jdk.internal.classfile.impl.StackMapGenerator.maxLocals (0x00007cb632c22d88) [0x00007cb632c22e80, 0x00007cb632c22f40] Compiler: c1, Barriers: 0, Oops: 0, ImmediateOops: 0, NonImmediateOops: No
[1,225s][debug][gc,nmethod  ] Register NMethod: java.lang.invoke.MethodType.basicType (0x00007cb6135cf908) [0x00007cb6135cfa00, 0x00007cb6135cfd40] Compiler: c1, Barriers: 2, Oops: 0, ImmediateOops: 0, NonImmediateOops: No
[1,226s][debug][gc,nmethod  ] Register NMethod: java.lang.invoke.MethodHandle.linkToSpecial (0x00007cb632c23088) [0x00007cb632c23180, 0x00007cb632c23278] Compiler: , Barriers: 0, Oops: 0, ImmediateOops: 0, NonImmediateOops: No
[1,226s][debug][gc,nmethod  ] Register NMethod: java.lang.invoke.MethodType.parameterSlotCount (0x00007cb6135cfd88) [0x00007cb6135cfe80, 0x00007cb6135d0190] Compiler: c1, Barriers: 1, Oops: 0, ImmediateOops: 0, NonImmediateOops: No
[1,227s][debug][gc,nmethod  ] Register NMethod: java.lang.invoke.MethodType.parameterType (0x00007cb632c23388) [0x00007cb632c23480, 0x00007cb632c235c0] Compiler: jvmci, Barriers: 2, Oops: 0, ImmediateOops: 0, NonImmediateOops: No
[1,227s][debug][gc,nmethod  ] Register NMethod: jdk.internal.util.ClassFileDumper.isEnabled (0x00007cb632c23688) [0x00007cb632c23780, 0x00007cb632c23840] Compiler: c1, Barriers: 0, Oops: 0, ImmediateOops: 0, NonImmediateOops: No
[1,228s][debug][gc,nmethod  ] Register NMethod: java.util.Properties$LineReader.readLine (0x00007cb6135d0208) [0x00007cb6135d0300, 0x00007cb6135d3808] Compiler: c1, Barriers: 14, Oops: 0, ImmediateOops: 0, NonImmediateOops: No
[1,228s][debug][gc,nmethod  ] Register NMethod: java.lang.invoke.MethodType.parameterCount (0x00007cb632c23988) [0x00007cb632c23a80, 0x00007cb632c23b60] Compiler: jvmci, Barriers: 1, Oops: 0, ImmediateOops: 0, NonImmediateOops: No
[1,229s][debug][gc,nmethod  ] Register NMethod: java.lang.Class.getReflectionFactory (0x00007cb6135d3888) [0x00007cb6135d3980, 0x00007cb6135d3bf8] Compiler: c1, Barriers: 4, Oops: 0, ImmediateOops: 4, NonImmediateOops: No
[1,231s][debug][gc,director ] Rule Major: Warmup 10%, Used: 60MB, UsedThreshold: 1228MB
[1,232s][debug][gc,nmethod  ] Register NMethod: jdk.internal.util.ArraysSupport.vectorizedHashCode (0x00007cb6135d3c08) [0x00007cb6135d3d00, 0x00007cb6135d5b58] Compiler: c1, Barriers: 0, Oops: 1, ImmediateOops: 2, NonImmediateOops: No
[1,233s][debug][gc,nmethod  ] Register NMethod: java.lang.AbstractStringBuilder.append (0x00007cb632c23c88) [0x00007cb632c23d80, 0x00007cb632c24520] Compiler: jvmci, Barriers: 5, Oops: 0, ImmediateOops: 0, NonImmediateOops: No
[1,233s][debug][gc,nmethod  ] Register NMethod: sun.net.www.protocol.jar.Handler.indexOfBangSlash (0x00007cb6135d5b88) [0x00007cb6135d5c80, 0x00007cb6135d7580] Compiler: c1, Barriers: 4, Oops: 1, ImmediateOops: 2, NonImmediateOops: No
[1,233s][debug][gc,nmethod  ] Register NMethod: java.util.concurrent.ConcurrentHashMap.setTabAt (0x00007cb632c24588) [0x00007cb632c24680, 0x00007cb632c24750] Compiler: jvmci, Barriers: 3, Oops: 0, ImmediateOops: 0, NonImmediateOops: No
[1,233s][debug][gc,nmethod  ] Register NMethod: sun.net.www.protocol.jar.Handler.canonicalizeString (0x00007cb6135d7608) [0x00007cb6135d7700, 0x00007cb6135d9db0] Compiler: c1, Barriers: 4, Oops: 1, ImmediateOops: 4, NonImmediateOops: No
[1,233s][debug][gc,nmethod  ] Register NMethod: sun.net.www.protocol.jar.Handler.parseURL (0x00007cb6135d9e08) [0x00007cb6135d9f00, 0x00007cb6135dba18] Compiler: c1, Barriers: 3, Oops: 0, ImmediateOops: 3, NonImmediateOops: No
[1,233s][debug][gc,nmethod  ] Register NMethod: sun.net.www.protocol.jar.Handler.parseContextSpec (0x00007cb6135dba88) [0x00007cb6135dbb80, 0x00007cb6135df930] Compiler: c1, Barriers: 11, Oops: 3, ImmediateOops: 8, NonImmediateOops: No
[1,233s][debug][gc,nmethod  ] Register NMethod: jdk.internal.loader.Resource.<init> (0x00007cb6135df988) [0x00007cb6135dfa80, 0x00007cb6135dfbd8] Compiler: c1, Barriers: 0, Oops: 0, ImmediateOops: 0, NonImmediateOops: No
[1,234s][debug][gc,nmethod  ] Register NMethod: java.net.URLStreamHandler.setURL (0x00007cb6135dfc88) [0x00007cb6135dfd80, 0x00007cb6135e4130] Compiler: c1, Barriers: 5, Oops: 1, ImmediateOops: 2, NonImmediateOops: No
[1,234s][debug][gc,nmethod  ] Register NMethod: jdk.internal.loader.URLClassPath$JarLoader$1.<init> (0x00007cb6135e4188) [0x00007cb6135e4280, 0x00007cb6135e47e0] Compiler: c1, Barriers: 15, Oops: 0, ImmediateOops: 0, NonImmediateOops: No
[1,234s][debug][gc,nmethod  ] Register NMethod: jdk.internal.loader.URLClassPath$JarLoader$1.getCodeSourceURL (0x00007cb6135e4808) [0x00007cb6135e4900, 0x00007cb6135e4a68] Compiler: c1, Barriers: 2, Oops: 0, ImmediateOops: 0, NonImmediateOops: No
[1,234s][debug][gc,nmethod  ] Register NMethod: java.lang.ClassLoader.addClass (0x00007cb6135e4b08) [0x00007cb6135e4c00, 0x00007cb6135e5400] Compiler: c1, Barriers: 6, Oops: 0, ImmediateOops: 0, NonImmediateOops: No
[1,234s][debug][gc,nmethod  ] Register NMethod: java.util.jar.JavaUtilJarAccessImpl.ensureInitialization (0x00007cb6135e5408) [0x00007cb6135e5500, 0x00007cb6135e5800] Compiler: c1, Barriers: 0, Oops: 0, ImmediateOops: 0, NonImmediateOops: No
[1,234s][debug][gc,nmethod  ] Register NMethod: java.util.jar.JarFile.getManifest (0x00007cb6135e5808) [0x00007cb6135e5900, 0x00007cb6135e5a30] Compiler: c1, Barriers: 0, Oops: 0, ImmediateOops: 0, NonImmediateOops: No
[1,234s][debug][gc,nmethod  ] Register NMethod: java.lang.invoke.MethodHandle.linkToVirtual (0x00007cb632c24888) [0x00007cb632c24980, 0x00007cb632c249a8] Compiler: , Barriers: 0, Oops: 0, ImmediateOops: 0, NonImmediateOops: No
[1,234s][debug][gc,nmethod  ] Register NMethod: jdk.internal.loader.Resource.getBytes (0x00007cb6135e5b08) [0x00007cb6135e5c00, 0x00007cb6135e70f0] Compiler: c1, Barriers: 9, Oops: 0, ImmediateOops: 1, NonImmediateOops: No
[1,234s][debug][gc,nmethod  ] Register NMethod: java.util.jar.JarFile.getInputStream (0x00007cb6135e7108) [0x00007cb6135e7200, 0x00007cb6135e7b50] Compiler: c1, Barriers: 3, Oops: 1, ImmediateOops: 1, NonImmediateOops: No
[1,234s][debug][gc,nmethod  ] Register NMethod: java.util.jar.JarFile.ensureInitialization (0x00007cb6135e7b88) [0x00007cb6135e7c80, 0x00007cb6135e8470] Compiler: c1, Barriers: 4, Oops: 0, ImmediateOops: 0, NonImmediateOops: No
[1,234s][debug][gc,nmethod  ] Register NMethod: jdk.internal.loader.URLClassPath$JarLoader$1.getManifest (0x00007cb6135e8488) [0x00007cb6135e8580, 0x00007cb6135e9270] Compiler: c1, Barriers: 6, Oops: 1, ImmediateOops: 4, NonImmediateOops: No
[1,234s][debug][gc,nmethod  ] Register NMethod: java.util.zip.CRC32.<init> (0x00007cb6135e9288) [0x00007cb6135e9380, 0x00007cb6135e94d8] Compiler: c1, Barriers: 0, Oops: 0, ImmediateOops: 0, NonImmediateOops: No
[1,234s][debug][gc,nmethod  ] Register NMethod: jdk.internal.loader.URLClassPath$JarLoader$1.getContentLength (0x00007cb6135e9588) [0x00007cb6135e9680, 0x00007cb6135e9998] Compiler: c1, Barriers: 1, Oops: 0, ImmediateOops: 0, NonImmediateOops: No
[1,234s][debug][gc,nmethod  ] Register NMethod: jdk.internal.loader.Resource.getByteBuffer (0x00007cb6135e9a08) [0x00007cb6135e9b00, 0x00007cb6135ea878] Compiler: c1, Barriers: 8, Oops: 0, ImmediateOops: 0, NonImmediateOops: No
[1,234s][debug][gc,nmethod  ] Register NMethod: java.util.zip.Checksum.update (0x00007cb6135ea888) [0x00007cb6135ea980, 0x00007cb6135eab08] Compiler: c1, Barriers: 0, Oops: 0, ImmediateOops: 0, NonImmediateOops: No
[1,234s][debug][gc,nmethod  ] Register NMethod: jdk.internal.loader.URLClassPath$JarLoader$1.getBytes (0x00007cb6135eab88) [0x00007cb6135eac80, 0x00007cb6135eb568] Compiler: c1, Barriers: 4, Oops: 0, ImmediateOops: 1, NonImmediateOops: No
[1,235s][debug][gc,nmethod  ] Register NMethod: java.util.Arrays.copyOfRange (0x00007cb632c24b88) [0x00007cb632c24c80, 0x00007cb632c250d0] Compiler: jvmci, Barriers: 0, Oops: 0, ImmediateOops: 0, NonImmediateOops: No
[1,235s][debug][gc,nmethod  ] Register NMethod: java.util.zip.CRC32.update (0x00007cb6135eb588) [0x00007cb6135eb680, 0x00007cb6135eba78] Compiler: c1, Barriers: 0, Oops: 1, ImmediateOops: 1, NonImmediateOops: No
[1,235s][debug][gc,nmethod  ] Register NMethod: java.util.zip.CRC32.getValue (0x00007cb6135eba88) [0x00007cb6135ebb80, 0x00007cb6135ebc90] Compiler: c1, Barriers: 0, Oops: 0, ImmediateOops: 0, NonImmediateOops: No
[1,235s][debug][gc,nmethod  ] Register NMethod: java.util.zip.CRC32.updateBytesCheck (0x00007cb6135ebd88) [0x00007cb6135ebe80, 0x00007cb6135ec1a0] Compiler: c1, Barriers: 0, Oops: 1, ImmediateOops: 1, NonImmediateOops: No
[1,235s][debug][gc,nmethod  ] Register NMethod: java.util.zip.CRC32.updateBytes (0x00007cb6135ec208) [0x00007cb6135ec300, 0x00007cb6135ec698] Compiler: c1, Barriers: 0, Oops: 1, ImmediateOops: 1, NonImmediateOops: No
[1,235s][debug][gc,nmethod  ] Register NMethod: java.util.jar.JarFile.getManifestFromReference (0x00007cb6135ec708) [0x00007cb6135ec800, 0x00007cb6135eea18] Compiler: c1, Barriers: 23, Oops: 0, ImmediateOops: 4, NonImmediateOops: No
[1,235s][debug][gc,nmethod  ] Register NMethod: java.lang.reflect.Method.getDeclaringClass (0x00007cb632c25108) [0x00007cb632c25200, 0x00007cb632c252e8] Compiler: c1, Barriers: 1, Oops: 0, ImmediateOops: 0, NonImmediateOops: No
[1,235s][debug][gc,nmethod  ] Register NMethod: jdk.internal.loader.URLClassPath$JarLoader$1.getCodeSigners (0x00007cb6135eea88) [0x00007cb6135eeb80, 0x00007cb6135eeec0] Compiler: c1, Barriers: 1, Oops: 0, ImmediateOops: 0, NonImmediateOops: No
[1,235s][debug][gc,nmethod  ] Register NMethod: java.security.SecureClassLoader.defineClass (0x00007cb6135eef08) [0x00007cb6135ef000, 0x00007cb6135ef368] Compiler: c1, Barriers: 0, Oops: 0, ImmediateOops: 0, NonImmediateOops: No
[1,235s][debug][gc,nmethod  ] Register NMethod: java.security.CodeSource.<init> (0x00007cb6135ef388) [0x00007cb6135ef480, 0x00007cb6135efbd8] Compiler: c1, Barriers: 18, Oops: 0, ImmediateOops: 0, NonImmediateOops: No
[1,235s][debug][gc,nmethod  ] Register NMethod: java.util.jar.JarFile$JarFileEntry.getCodeSigners (0x00007cb6135efc08) [0x00007cb6135efd00, 0x00007cb6135f04a0] Compiler: c1, Barriers: 8, Oops: 0, ImmediateOops: 0, NonImmediateOops: No
[1,235s][debug][gc,nmethod  ] Register NMethod: java.lang.ClassLoader.postDefineClass (0x00007cb6135f0508) [0x00007cb6135f0600, 0x00007cb6135f1b00] Compiler: c1, Barriers: 6, Oops: 0, ImmediateOops: 0, NonImmediateOops: No
[1,235s][debug][gc,nmethod  ] Register NMethod: java.security.SecureClassLoader$CodeSourceKey.<init> (0x00007cb6135f1b08) [0x00007cb6135f1c00, 0x00007cb6135f1e30] Compiler: c1, Barriers: 3, Oops: 0, ImmediateOops: 0, NonImmediateOops: No
[1,235s][debug][gc,nmethod  ] Register NMethod: java.lang.ClassLoader.getNamedPackage (0x00007cb6135f1e88) [0x00007cb6135f1f80, 0x00007cb6135f2908] Compiler: c1, Barriers: 2, Oops: 0, ImmediateOops: 0, NonImmediateOops: No
[1,235s][debug][gc,nmethod  ] Register NMethod: java.lang.StringCoding.countPositives (0x00007cb632c25408) [0x00007cb632c25500, 0x00007cb632c25778] Compiler: jvmci, Barriers: 0, Oops: 0, ImmediateOops: 0, NonImmediateOops: No
[1,235s][debug][gc,nmethod  ] Register NMethod: java.security.SecureClassLoader$CodeSourceKey.hashCode (0x00007cb6135f2988) [0x00007cb6135f2a80, 0x00007cb6135f2d18] Compiler: c1, Barriers: 2, Oops: 0, ImmediateOops: 0, NonImmediateOops: No
[1,235s][debug][gc,nmethod  ] Register NMethod: java.security.SecureClassLoader$1.<init> (0x00007cb6135f2d88) [0x00007cb6135f2e80, 0x00007cb6135f31a8] Compiler: c1, Barriers: 3, Oops: 0, ImmediateOops: 0, NonImmediateOops: No
[1,235s][debug][gc,nmethod  ] Register NMethod: java.security.SecureClassLoader.getProtectionDomain (0x00007cb6135f3208) [0x00007cb6135f3300, 0x00007cb6135f3c78] Compiler: c1, Barriers: 7, Oops: 0, ImmediateOops: 0, NonImmediateOops: No
[1,236s][debug][gc,nmethod  ] Register NMethod: java.lang.invoke.LambdaForm$Name.type (0x00007cb632c25788) [0x00007cb632c25880, 0x00007cb632c25968] Compiler: c1, Barriers: 1, Oops: 0, ImmediateOops: 0, NonImmediateOops: No
[1,236s][debug][gc,nmethod  ] Register NMethod: java.lang.ClassLoader.defineClass (0x00007cb6135f3c88) [0x00007cb6135f3d80, 0x00007cb6135f4ce8] Compiler: c1, Barriers: 3, Oops: 0, ImmediateOops: 0, NonImmediateOops: No
[1,236s][debug][gc,nmethod  ] Register NMethod: java.lang.ClassLoader.defineClassSourceLocation (0x00007cb6135f4d08) [0x00007cb6135f4e00, 0x00007cb6135f5bc8] Compiler: c1, Barriers: 3, Oops: 0, ImmediateOops: 0, NonImmediateOops: No
[1,236s][debug][gc,nmethod  ] Register NMethod: java.lang.invoke.MethodHandle.linkToStatic (0x00007cb632c25a88) [0x00007cb632c25b80, 0x00007cb632c25c70] Compiler: , Barriers: 0, Oops: 0, ImmediateOops: 0, NonImmediateOops: No
[1,236s][debug][gc,nmethod  ] Register NMethod: java.lang.ClassLoader.checkCerts (0x00007cb6135f5c08) [0x00007cb6135f5d00, 0x00007cb6135f82d0] Compiler: c1, Barriers: 2, Oops: 2, ImmediateOops: 5, NonImmediateOops: No
[1,236s][debug][gc,nmethod  ] Register NMethod: java.lang.ClassLoader.preDefineClass (0x00007cb6135f8308) [0x00007cb6135f8400, 0x00007cb6135fb3e0] Compiler: c1, Barriers: 3, Oops: 3, ImmediateOops: 6, NonImmediateOops: No
[1,236s][debug][gc,nmethod  ] Register NMethod: java.lang.invoke.MethodHandle.invokeBasic (0x00007cb632c25d88) [0x00007cb632c25e80, 0x00007cb632c26118] Compiler: , Barriers: 0, Oops: 0, ImmediateOops: 0, NonImmediateOops: No
[1,236s][debug][gc,nmethod  ] Register NMethod: java.lang.invoke.MethodHandle.linkToSpecial (0x00007cb632c26188) [0x00007cb632c26280, 0x00007cb632c26378] Compiler: , Barriers: 0, Oops: 0, ImmediateOops: 0, NonImmediateOops: No
[1,236s][debug][gc,nmethod  ] Register NMethod: java.lang.invoke.MethodHandle.linkToStatic (0x00007cb632c26488) [0x00007cb632c26580, 0x00007cb632c26670] Compiler: , Barriers: 0, Oops: 0, ImmediateOops: 0, NonImmediateOops: No
[1,236s][debug][gc,nmethod  ] Register NMethod: jdk.internal.classfile.impl.Util.writeAttribute (0x00007cb6135fb408) [0x00007cb6135fb500, 0x00007cb6135fc2c0] Compiler: c1, Barriers: 0, Oops: 0, ImmediateOops: 0, NonImmediateOops: No
[1,237s][debug][gc,nmethod  ] Register NMethod: java.lang.invoke.MethodHandle.invokeBasic (0x00007cb632c26788) [0x00007cb632c26880, 0x00007cb632c26b18] Compiler: , Barriers: 0, Oops: 0, ImmediateOops: 0, NonImmediateOops: No
[1,237s][debug][gc,nmethod  ] Register NMethod: jdk.internal.classfile.impl.BufWriterImpl.skip (0x00007cb6135fc308) [0x00007cb6135fc400, 0x00007cb6135fc7f8] Compiler: c1, Barriers: 1, Oops: 0, ImmediateOops: 0, NonImmediateOops: No
[1,237s][debug][gc,nmethod  ] Register NMethod: java.lang.invoke.MethodHandle.linkToSpecial (0x00007cb632c26b88) [0x00007cb632c26c80, 0x00007cb632c26d78] Compiler: , Barriers: 0, Oops: 0, ImmediateOops: 0, NonImmediateOops: No
[1,237s][debug][gc,nmethod  ] Register NMethod: jdk.internal.classfile.impl.AbstractDirectBuilder.writeAttribute (0x00007cb6135fc808) [0x00007cb6135fc900, 0x00007cb6135fcb38] Compiler: c1, Barriers: 2, Oops: 0, ImmediateOops: 0, NonImmediateOops: No
[1,237s][debug][gc,nmethod  ] Register NMethod: jdk.internal.classfile.impl.Util.isAttributeAllowed (0x00007cb6135fcb88) [0x00007cb6135fcc80, 0x00007cb6135fdbc8] Compiler: c1, Barriers: 3, Oops: 0, ImmediateOops: 0, NonImmediateOops: No
[1,237s][debug][gc,nmethod  ] Register NMethod: jdk.internal.constant.MethodTypeDescImpl.<init> (0x00007cb6135fdc08) [0x00007cb6135fdd00, 0x00007cb6135fdf48] Compiler: c1, Barriers: 6, Oops: 0, ImmediateOops: 0, NonImmediateOops: No
[1,237s][debug][gc,nmethod  ] Register NMethod: jdk.internal.constant.MethodTypeDescImpl.ofValidated (0x00007cb6135fdf88) [0x00007cb6135fe080, 0x00007cb6135fe5c8] Compiler: c1, Barriers: 12, Oops: 1, ImmediateOops: 1, NonImmediateOops: No
[1,237s][debug][gc,nmethod  ] Register NMethod: java.lang.invoke.MethodHandle.invokeBasic (0x00007cb632c26e88) [0x00007cb632c26f80, 0x00007cb632c27218] Compiler: , Barriers: 0, Oops: 0, ImmediateOops: 0, NonImmediateOops: No
[1,237s][debug][gc,nmethod  ] Register NMethod: jdk.internal.classfile.impl.BufWriterImpl.patchInt (0x00007cb6135fe608) [0x00007cb6135fe700, 0x00007cb6135fe8e0] Compiler: c1, Barriers: 1, Oops: 0, ImmediateOops: 0, NonImmediateOops: No
[1,237s][debug][gc,nmethod  ] Register NMethod: java.lang.invoke.MethodHandle.linkToSpecial (0x00007cb632c27288) [0x00007cb632c27380, 0x00007cb632c27478] Compiler: , Barriers: 0, Oops: 0, ImmediateOops: 0, NonImmediateOops: No
[1,237s][debug][gc,nmethod  ] Register NMethod: jdk.internal.constant.PrimitiveClassDescImpl.descriptorString (0x00007cb632c27588) [0x00007cb632c27680, 0x00007cb632c27768] Compiler: c1, Barriers: 1, Oops: 0, ImmediateOops: 0, NonImmediateOops: No
[1,237s][debug][gc,nmethod  ] Register NMethod: java.lang.invoke.LambdaForm$NamedFunction.returnType (0x00007cb6135fe908) [0x00007cb6135fea00, 0x00007cb6135ff870] Compiler: c1, Barriers: 8, Oops: 0, ImmediateOops: 0, NonImmediateOops: No
[1,238s][debug][gc,nmethod  ] Register NMethod: java.util.ArrayList.<init> (0x00007cb6135ff888) [0x00007cb6135ff980, 0x00007cb613600998] Compiler: c1, Barriers: 6, Oops: 1, ImmediateOops: 3, NonImmediateOops: No
[1,238s][debug][gc,nmethod  ] Register NMethod: java.lang.invoke.LambdaForm.internArgument (0x00007cb613600a08) [0x00007cb613600b00, 0x00007cb6136010b0] Compiler: c1, Barriers: 4, Oops: 0, ImmediateOops: 1, NonImmediateOops: No
[1,238s][debug][gc,nmethod  ] Register NMethod: java.lang.StrictMath.ceil (0x00007cb613601108) [0x00007cb613601220, 0x00007cb613601348] Compiler: c1, Barriers: 0, Oops: 0, ImmediateOops: 0, NonImmediateOops: No
[1,238s][debug][gc,nmethod  ] Register NMethod: java.lang.Math.ceil (0x00007cb613601408) [0x00007cb613601500, 0x00007cb613601610] Compiler: c1, Barriers: 0, Oops: 0, ImmediateOops: 0, NonImmediateOops: No
[1,238s][debug][gc,nmethod  ] Register NMethod: java.lang.StrictMath.floorOrCeil (0x00007cb613601708) [0x00007cb613601800, 0x00007cb613601c30] Compiler: c1, Barriers: 0, Oops: 0, ImmediateOops: 0, NonImmediateOops: No
[1,238s][debug][gc,nmethod  ] Register NMethod: java.lang.Math.getExponent (0x00007cb613601c88) [0x00007cb613601d80, 0x00007cb613601ea0] Compiler: c1, Barriers: 0, Oops: 0, ImmediateOops: 0, NonImmediateOops: No
[1,238s][debug][gc,nmethod  ] Register NMethod: java.lang.invoke.LambdaForm$Name.replaceNames (0x00007cb613601f88) [0x00007cb613602080, 0x00007cb613603300] Compiler: c1, Barriers: 10, Oops: 0, ImmediateOops: 0, NonImmediateOops: No
[1,238s][debug][gc,nmethod  ] Register NMethod: jdk.internal.classfile.impl.AbstractPoolEntry$FieldRefEntryImpl.tag (0x00007cb632c27888) [0x00007cb632c27980, 0x00007cb632c27a40] Compiler: c1, Barriers: 0, Oops: 0, ImmediateOops: 0, NonImmediateOops: No
[1,238s][debug][gc,nmethod  ] Register NMethod: jdk.internal.classfile.impl.BufWriterImpl.writeInt (0x00007cb613603308) [0x00007cb613603400, 0x00007cb6136038c8] Compiler: c1, Barriers: 2, Oops: 0, ImmediateOops: 0, NonImmediateOops: No
[1,238s][debug][gc,nmethod  ] Register NMethod: sun.invoke.util.VerifyType.isNullConversion (0x00007cb613603908) [0x00007cb613603a00, 0x00007cb6136074d0] Compiler: c1, Barriers: 0, Oops: 0, ImmediateOops: 5, NonImmediateOops: No
[1,239s][debug][gc,nmethod  ] Register NMethod: worker.org.gradle.internal.classloader.FilteringClassLoader$TrieSet.contains (0x00007cb613607508) [0x00007cb613607600, 0x00007cb613607948] Compiler: c1, Barriers: 1, Oops: 1, ImmediateOops: 0, NonImmediateOops: No
[1,239s][debug][gc,nmethod  ] Register NMethod: java.util.jar.JavaUtilJarAccessImpl.getTrustedAttributes (0x00007cb613607988) [0x00007cb613607a80, 0x00007cb613607bd8] Compiler: c1, Barriers: 0, Oops: 0, ImmediateOops: 0, NonImmediateOops: No
[1,239s][debug][gc,nmethod  ] Register NMethod: java.util.jar.Manifest.getAttributes (0x00007cb613607c88) [0x00007cb613607d80, 0x00007cb6136082e8] Compiler: c1, Barriers: 1, Oops: 0, ImmediateOops: 0, NonImmediateOops: No
[1,240s][debug][gc,nmethod  ] Register NMethod: jdk.internal.perf.PerfCounter.getReadClassBytesTime (0x00007cb613608308) [0x00007cb613608400, 0x00007cb6136084e8] Compiler: c1, Barriers: 0, Oops: 0, ImmediateOops: 1, NonImmediateOops: No
[1,240s][debug][gc,nmethod  ] Register NMethod: java.util.jar.Manifest.getTrustedAttributes (0x00007cb613608608) [0x00007cb613608700, 0x00007cb613609a00] Compiler: c1, Barriers: 2, Oops: 1, ImmediateOops: 2, NonImmediateOops: No
[1,240s][debug][gc,nmethod  ] Register NMethod: java.net.URLClassLoader.findClass (0x00007cb613609a88) [0x00007cb613609b80, 0x00007cb61360c7a0] Compiler: c1, Barriers: 7, Oops: 1, ImmediateOops: 8, NonImmediateOops: No
[1,240s][debug][gc,nmethod  ] Register NMethod: java.net.URLClassLoader.getAndVerifyPackage (0x00007cb61360c808) [0x00007cb61360c900, 0x00007cb61360f458] Compiler: c1, Barriers: 4, Oops: 4, ImmediateOops: 6, NonImmediateOops: No
[1,240s][debug][gc,nmethod  ] Register NMethod: jdk.internal.classfile.impl.SplitConstantPool.map (0x00007cb632c27b88) [0x00007cb632c27ca0, 0x00007cb632c28130] Compiler: jvmci, Barriers: 6, Oops: 1, ImmediateOops: 0, NonImmediateOops: No
[1,240s][debug][gc,nmethod  ] Register NMethod: java.lang.reflect.AccessibleObject.<init> (0x00007cb61360f488) [0x00007cb61360f580, 0x00007cb61360f6d8] Compiler: c1, Barriers: 0, Oops: 0, ImmediateOops: 0, NonImmediateOops: No
[1,241s][debug][gc,nmethod  ] Register NMethod: java.util.Collections$1.hasNext (0x00007cb632c28188) [0x00007cb632c28280, 0x00007cb632c28340] Compiler: c1, Barriers: 0, Oops: 0, ImmediateOops: 0, NonImmediateOops: No
[1,241s][debug][gc,director ] Rule Major: Warmup 10%, Used: 62MB, UsedThreshold: 1228MB
[1,241s][debug][gc,nmethod  ] Register NMethod: java.net.URLClassLoader.defineClass (0x00007cb61360f788) [0x00007cb61360f880, 0x00007cb613614118] Compiler: c1, Barriers: 19, Oops: 2, ImmediateOops: 8, NonImmediateOops: No
[1,241s][debug][gc,nmethod  ] Register NMethod: java.util.HashMap.resize (0x00007cb613614188) [0x00007cb6136142a0, 0x00007cb613615f80] Compiler: c1, Barriers: 31, Oops: 0, ImmediateOops: 0, NonImmediateOops: No
[1,241s][debug][gc,nmethod  ] Register NMethod: java.security.SecureClassLoader$CodeSourceKey.equals (0x00007cb613615f88) [0x00007cb613616080, 0x00007cb6136169d8] Compiler: c1, Barriers: 6, Oops: 0, ImmediateOops: 0, NonImmediateOops: No
[1,242s][debug][gc,nmethod  ] Register NMethod: java.security.CodeSource.matchCerts (0x00007cb613616a08) [0x00007cb613616b00, 0x00007cb6136179b0] Compiler: c1, Barriers: 17, Oops: 0, ImmediateOops: 0, NonImmediateOops: No
[1,242s][debug][gc,nmethod  ] Register NMethod: jdk.internal.loader.URLClassPath$JarLoader.createResource (0x00007cb613617a08) [0x00007cb613617b00, 0x00007cb613618620] Compiler: c1, Barriers: 2, Oops: 0, ImmediateOops: 0, NonImmediateOops: No
[1,243s][debug][gc,nmethod  ] Register NMethod: jdk.internal.access.SharedSecrets.getJavaLangAccess (0x00007cb613618688) [0x00007cb613618780, 0x00007cb6136188a8] Compiler: c1, Barriers: 1, Oops: 0, ImmediateOops: 1, NonImmediateOops: No
[1,244s][debug][gc,nmethod  ] Register NMethod: java.lang.invoke.MemberName$Factory.resolveOrFail (0x00007cb613618988) [0x00007cb613618a80, 0x00007cb613619a68] Compiler: c1, Barriers: 1, Oops: 0, ImmediateOops: 0, NonImmediateOops: No
[1,245s][debug][gc,nmethod  ] Register NMethod: java.lang.invoke.MethodType.insertParameterTypes (0x00007cb613619a88) [0x00007cb613619b80, 0x00007cb61361b5f8] Compiler: c1, Barriers: 6, Oops: 1, ImmediateOops: 3, NonImmediateOops: No
[1,245s][debug][gc,nmethod  ] Register NMethod: java.lang.invoke.MethodType.rtype (0x00007cb632c28488) [0x00007cb632c28580, 0x00007cb632c28668] Compiler: c1, Barriers: 1, Oops: 0, ImmediateOops: 0, NonImmediateOops: No
[1,245s][debug][gc,nmethod  ] Register NMethod: jdk.internal.classfile.impl.StackMapGenerator$Frame.pushStack (0x00007cb61361b608) [0x00007cb61361b700, 0x00007cb61361c220] Compiler: c1, Barriers: 0, Oops: 0, ImmediateOops: 10, NonImmediateOops: No
[1,245s][debug][gc,nmethod  ] Register NMethod: jdk.internal.classfile.impl.DirectCodeBuilder.loadLocal (0x00007cb61361c288) [0x00007cb61361c380, 0x00007cb61361e208] Compiler: c1, Barriers: 5, Oops: 0, ImmediateOops: 2, NonImmediateOops: No
[1,247s][debug][gc,nmethod  ] Register NMethod: java.lang.invoke.VarHandleByteArrayAsShorts$ArrayHandle.index (0x00007cb61361e288) [0x00007cb61361e380, 0x00007cb61361e4b8] Compiler: c1, Barriers: 0, Oops: 1, ImmediateOops: 1, NonImmediateOops: No
[1,247s][debug][gc,nmethod  ] Register NMethod: java.io.BufferedInputStream.getBufIfOpen (0x00007cb61361e588) [0x00007cb61361e680, 0x00007cb61361ea98] Compiler: c1, Barriers: 7, Oops: 0, ImmediateOops: 3, NonImmediateOops: No
[1,247s][debug][gc,nmethod  ] Register NMethod: java.io.BufferedInputStream.ensureOpen (0x00007cb61361eb08) [0x00007cb61361ec00, 0x00007cb61361ee40] Compiler: c1, Barriers: 1, Oops: 0, ImmediateOops: 1, NonImmediateOops: No
[1,247s][debug][gc,nmethod  ] Register NMethod: java.lang.invoke.VarHandleByteArrayAsShorts$ArrayHandle.get (0x00007cb61361ee88) [0x00007cb61361ef80, 0x00007cb61361f730] Compiler: c1, Barriers: 0, Oops: 2, ImmediateOops: 2, NonImmediateOops: No
[1,247s][debug][gc,nmethod  ] Register NMethod: java.io.DataInputStream.readFully (0x00007cb61361f788) [0x00007cb61361f880, 0x00007cb61361ff30] Compiler: c1, Barriers: 1, Oops: 0, ImmediateOops: 0, NonImmediateOops: No
[1,247s][debug][gc,nmethod  ] Register NMethod: java.io.DataInputStream.readUTF (0x00007cb61361ff88) [0x00007cb613620080, 0x00007cb6136201b0] Compiler: c1, Barriers: 0, Oops: 0, ImmediateOops: 0, NonImmediateOops: No
[1,247s][debug][gc,nmethod  ] Register NMethod: java.io.BufferedInputStream.read1 (0x00007cb613620288) [0x00007cb613620380, 0x00007cb613620c50] Compiler: c1, Barriers: 1, Oops: 0, ImmediateOops: 1, NonImmediateOops: No
[1,247s][debug][gc,nmethod  ] Register NMethod: java.io.BufferedInputStream.read (0x00007cb613620c88) [0x00007cb613620d80, 0x00007cb6136218b8] Compiler: c1, Barriers: 2, Oops: 0, ImmediateOops: 1, NonImmediateOops: No
[1,247s][debug][gc,nmethod  ] Register NMethod: java.lang.System$1.uncheckedNewStringNoRepl (0x00007cb613621908) [0x00007cb613621a00, 0x00007cb613621b38] Compiler: c1, Barriers: 0, Oops: 0, ImmediateOops: 0, NonImmediateOops: No
[1,247s][debug][gc,nmethod  ] Register NMethod: java.lang.String.newStringNoRepl (0x00007cb613621c08) [0x00007cb613621d00, 0x00007cb613622980] Compiler: c1, Barriers: 1, Oops: 0, ImmediateOops: 0, NonImmediateOops: No
[1,247s][debug][gc,nmethod  ] Register NMethod: java.io.DataInputStream.readUnsignedShort (0x00007cb613622988) [0x00007cb613622a80, 0x00007cb6136236d8] Compiler: c1, Barriers: 2, Oops: 5, ImmediateOops: 4, NonImmediateOops: No
[1,247s][debug][gc,nmethod  ] Register NMethod: jdk.internal.util.ByteArray.getUnsignedShort (0x00007cb613623708) [0x00007cb613623800, 0x00007cb613624170] Compiler: c1, Barriers: 0, Oops: 5, ImmediateOops: 4, NonImmediateOops: No
[1,247s][debug][gc,nmethod  ] Register NMethod: java.io.DataInputStream.readFully (0x00007cb613624208) [0x00007cb613624300, 0x00007cb613624608] Compiler: c1, Barriers: 0, Oops: 0, ImmediateOops: 0, NonImmediateOops: No
[1,248s][debug][gc,nmethod  ] Register NMethod: jdk.internal.util.ByteArray.getShort (0x00007cb613624688) [0x00007cb613624780, 0x00007cb613625090] Compiler: c1, Barriers: 0, Oops: 5, ImmediateOops: 4, NonImmediateOops: No
[1,248s][debug][gc,nmethod  ] Register NMethod: java.io.DataInputStream.readShort (0x00007cb613625108) [0x00007cb613625200, 0x00007cb613625e00] Compiler: c1, Barriers: 2, Oops: 5, ImmediateOops: 4, NonImmediateOops: No
[1,248s][debug][gc,nmethod  ] Register NMethod: java.lang.String.newStringNoRepl1 (0x00007cb613625e88) [0x00007cb613625f80, 0x00007cb613627a10] Compiler: c1, Barriers: 12, Oops: 0, ImmediateOops: 4, NonImmediateOops: No
[1,248s][debug][gc,nmethod  ] Register NMethod: java.lang.System$1.uncheckedCountPositives (0x00007cb632c28788) [0x00007cb632c28880, 0x00007cb632c28988] Compiler: jvmci, Barriers: 0, Oops: 0, ImmediateOops: 0, NonImmediateOops: No
[1,248s][debug][gc,nmethod  ] Register NMethod: java.io.ByteArrayInputStream.read (0x00007cb613627a88) [0x00007cb613627b80, 0x00007cb613627e88] Compiler: c1, Barriers: 1, Oops: 0, ImmediateOops: 0, NonImmediateOops: No
[1,248s][debug][gc,nmethod  ] Register NMethod: java.io.DataInputStream.readUnsignedByte (0x00007cb613627f08) [0x00007cb613628000, 0x00007cb613628440] Compiler: c1, Barriers: 1, Oops: 0, ImmediateOops: 0, NonImmediateOops: No
[1,248s][debug][gc,nmethod  ] Register NMethod: java.io.DataInputStream.readByte (0x00007cb613628488) [0x00007cb613628580, 0x00007cb613628bd8] Compiler: c1, Barriers: 1, Oops: 0, ImmediateOops: 0, NonImmediateOops: No
[1,248s][debug][gc,nmethod  ] Register NMethod: sun.util.calendar.ZoneInfoFile.indexOf (0x00007cb613628c08) [0x00007cb613628d00, 0x00007cb613628f28] Compiler: c1, Barriers: 0, Oops: 0, ImmediateOops: 0, NonImmediateOops: No
[1,248s][debug][gc,nmethod  ] Register NMethod: java.io.DataInputStream.readUTF (0x00007cb613628f88) [0x00007cb613629080, 0x00007cb61362d490] Compiler: c1, Barriers: 9, Oops: 2, ImmediateOops: 13, NonImmediateOops: No
[1,249s][debug][gc,nmethod  ] Register NMethod: sun.util.calendar.ZoneInfoFile.addTrans (0x00007cb61362d508) [0x00007cb61362d600, 0x00007cb61362daf0] Compiler: c1, Barriers: 0, Oops: 0, ImmediateOops: 0, NonImmediateOops: No
[1,249s][debug][gc,nmethod  ] Register NMethod: java.util.zip.Checksum.update (0x00007cb61362db08) [0x00007cb61362dc00, 0x00007cb61362df38] Compiler: c1, Barriers: 0, Oops: 0, ImmediateOops: 0, NonImmediateOops: No
[1,249s][debug][gc,nmethod  ] Register NMethod: sun.util.calendar.ZoneInfoFile$Checksum.update (0x00007cb61362df88) [0x00007cb61362e080, 0x00007cb61362e648] Compiler: c1, Barriers: 0, Oops: 0, ImmediateOops: 0, NonImmediateOops: No
[1,249s][debug][gc,nmethod  ] Register NMethod: sun.util.calendar.ZoneInfoFile$Checksum.update (0x00007cb61362e688) [0x00007cb61362e780, 0x00007cb61362eda0] Compiler: c1, Barriers: 0, Oops: 0, ImmediateOops: 0, NonImmediateOops: No
[1,250s][debug][gc,nmethod  ] Register NMethod: sun.util.locale.LocaleUtils.isUpper (0x00007cb61362ee08) [0x00007cb61362ef00, 0x00007cb61362f058] Compiler: c1, Barriers: 0, Oops: 0, ImmediateOops: 0, NonImmediateOops: No
[1,250s][debug][gc,nmethod  ] Register NMethod: jdk.internal.util.ReferencedKeyMap.internKey (0x00007cb613572588) [0x00007cb613572680, 0x00007cb613573e28] Compiler: c1, Barriers: 5, Oops: 0, ImmediateOops: 0, NonImmediateOops: No
[1,250s][debug][gc,nmethod  ] Register NMethod: jdk.internal.util.ReferencedKeyMap.entryKey (0x00007cb613562808) [0x00007cb613562900, 0x00007cb613563118] Compiler: c1, Barriers: 8, Oops: 0, ImmediateOops: 1, NonImmediateOops: No
[1,251s][debug][gc,nmethod  ] Register NMethod: jdk.internal.util.ReferencedKeySet.intern (0x00007cb61362f108) [0x00007cb61362f200, 0x00007cb61362f438] Compiler: c1, Barriers: 1, Oops: 0, ImmediateOops: 0, NonImmediateOops: No
[1,251s][debug][gc,nmethod  ] Register NMethod: jdk.internal.util.ReferencedKeyMap.intern (0x00007cb61362f488) [0x00007cb61362f580, 0x00007cb613630e20] Compiler: c1, Barriers: 9, Oops: 1, ImmediateOops: 0, NonImmediateOops: No
[1,251s][debug][gc,director ] Rule Major: Warmup 10%, Used: 64MB, UsedThreshold: 1228MB
[1,252s][debug][gc,nmethod  ] Register NMethod: java.lang.invoke.MethodHandle.linkToStatic (0x00007cb632c28a88) [0x00007cb632c28b80, 0x00007cb632c28c70] Compiler: , Barriers: 0, Oops: 0, ImmediateOops: 0, NonImmediateOops: No
[1,252s][debug][gc,nmethod  ] Register NMethod: java.lang.invoke.MethodHandle.linkToSpecial (0x00007cb632c28d88) [0x00007cb632c28e80, 0x00007cb632c28f78] Compiler: , Barriers: 0, Oops: 0, ImmediateOops: 0, NonImmediateOops: No
[1,252s][debug][gc,nmethod  ] Register NMethod: java.lang.invoke.MethodHandle.invokeBasic (0x00007cb632c29088) [0x00007cb632c29180, 0x00007cb632c29418] Compiler: , Barriers: 0, Oops: 0, ImmediateOops: 0, NonImmediateOops: No
[1,252s][debug][gc,nmethod  ] Register NMethod: java.lang.invoke.MethodHandle.linkToSpecial (0x00007cb632c29488) [0x00007cb632c29580, 0x00007cb632c29678] Compiler: , Barriers: 0, Oops: 0, ImmediateOops: 0, NonImmediateOops: No
[1,252s][debug][gc,nmethod  ] Register NMethod: java.lang.invoke.LambdaForm.parameter (0x00007cb613630e88) [0x00007cb613630f80, 0x00007cb613631118] Compiler: c1, Barriers: 2, Oops: 0, ImmediateOops: 0, NonImmediateOops: No
[1,252s][debug][gc,nmethod  ] Register NMethod: java.lang.invoke.MemberName.<init> (0x00007cb613631188) [0x00007cb613631280, 0x00007cb613631900] Compiler: c1, Barriers: 0, Oops: 0, ImmediateOops: 1, NonImmediateOops: No
[1,253s][debug][gc,nmethod  ] Register NMethod: java.util.regex.Pattern.lambda$Single$0 (0x00007cb613631908) [0x00007cb613631a00, 0x00007cb613631b30] Compiler: c1, Barriers: 0, Oops: 0, ImmediateOops: 0, NonImmediateOops: No
[1,253s][debug][gc,nmethod  ] Register NMethod: java.util.regex.Pattern$$Lambda/0x00000000260b27a0.is (0x00007cb613631c08) [0x00007cb613631d00, 0x00007cb613631eb0] Compiler: c1, Barriers: 0, Oops: 0, ImmediateOops: 0, NonImmediateOops: No
[1,253s][debug][gc,nmethod  ] Register NMethod: java.util.regex.Matcher.hasMatch (0x00007cb613631f08) [0x00007cb613632000, 0x00007cb613632150] Compiler: c1, Barriers: 0, Oops: 0, ImmediateOops: 0, NonImmediateOops: No
[1,253s][debug][gc,nmethod  ] Register NMethod: java.util.regex.Matcher.checkMatch (0x00007cb613632208) [0x00007cb613632300, 0x00007cb613632770] Compiler: c1, Barriers: 0, Oops: 0, ImmediateOops: 1, NonImmediateOops: No
[1,253s][debug][gc,nmethod  ] Register NMethod: java.util.regex.Pattern$BmpCharPropertyGreedy.match (0x00007cb613632788) [0x00007cb613632880, 0x00007cb613633200] Compiler: c1, Barriers: 2, Oops: 0, ImmediateOops: 0, NonImmediateOops: No
[1,253s][debug][gc,nmethod  ] Register NMethod: java.util.regex.Matcher.start (0x00007cb613633208) [0x00007cb613633300, 0x00007cb6136337d8] Compiler: c1, Barriers: 0, Oops: 0, ImmediateOops: 1, NonImmediateOops: No
[1,253s][debug][gc,nmethod  ] Register NMethod: java.util.regex.Matcher.end (0x00007cb613633808) [0x00007cb613633900, 0x00007cb613633dd8] Compiler: c1, Barriers: 0, Oops: 0, ImmediateOops: 1, NonImmediateOops: No
[1,253s][debug][gc,nmethod  ] Register NMethod: java.util.regex.Pattern$Start.match (0x00007cb613633e08) [0x00007cb613633f00, 0x00007cb613634460] Compiler: c1, Barriers: 2, Oops: 0, ImmediateOops: 0, NonImmediateOops: No
[1,253s][debug][gc,nmethod  ] Register NMethod: java.lang.String.subSequence (0x00007cb613634488) [0x00007cb613634580, 0x00007cb613634878] Compiler: c1, Barriers: 0, Oops: 0, ImmediateOops: 0, NonImmediateOops: No
[1,253s][debug][gc,nmethod  ] Register NMethod: java.util.regex.Matcher.find (0x00007cb613634888) [0x00007cb613634980, 0x00007cb613634e18] Compiler: c1, Barriers: 1, Oops: 0, ImmediateOops: 0, NonImmediateOops: No
[1,253s][debug][gc,nmethod  ] Register NMethod: java.util.regex.Pattern$LastNode.match (0x00007cb613634e88) [0x00007cb613634f80, 0x00007cb613635190] Compiler: c1, Barriers: 1, Oops: 0, ImmediateOops: 0, NonImmediateOops: No
[1,253s][debug][gc,nmethod  ] Register NMethod: java.util.regex.Matcher.search (0x00007cb613635208) [0x00007cb613635300, 0x00007cb613635bd0] Compiler: c1, Barriers: 6, Oops: 0, ImmediateOops: 0, NonImmediateOops: No
[1,253s][debug][gc,nmethod  ] Register NMethod: java.lang.String.toString (0x00007cb632c29788) [0x00007cb632c29880, 0x00007cb632c29908] Compiler: jvmci, Barriers: 0, Oops: 0, ImmediateOops: 0, NonImmediateOops: No
[1,255s][debug][gc,nmethod  ] Register NMethod: jdk.internal.classfile.impl.UnboundAttribute.<init> (0x00007cb613635c08) [0x00007cb613635d00, 0x00007cb613635f30] Compiler: c1, Barriers: 3, Oops: 0, ImmediateOops: 0, NonImmediateOops: No
[1,257s][debug][gc,nmethod  ] Register NMethod: java.lang.invoke.MemberName.getType (0x00007cb613635f88) [0x00007cb613636080, 0x00007cb613636888] Compiler: c1, Barriers: 0, Oops: 0, ImmediateOops: 0, NonImmediateOops: No
[1,257s][debug][gc,nmethod  ] Register NMethod: sun.util.locale.StringTokenIterator.isDone (0x00007cb632c29a88) [0x00007cb632c29b80, 0x00007cb632c29c40] Compiler: c1, Barriers: 0, Oops: 0, ImmediateOops: 0, NonImmediateOops: No
[1,257s][debug][gc,nmethod  ] Register NMethod: sun.util.locale.LocaleUtils.toLower (0x00007cb613636908) [0x00007cb613636a00, 0x00007cb613636c00] Compiler: c1, Barriers: 0, Oops: 0, ImmediateOops: 0, NonImmediateOops: No
[1,257s][debug][gc,nmethod  ] Register NMethod: java.text.ParsePosition.getErrorIndex (0x00007cb632c29d88) [0x00007cb632c29e80, 0x00007cb632c29f40] Compiler: c1, Barriers: 0, Oops: 0, ImmediateOops: 0, NonImmediateOops: No
[1,257s][debug][gc,nmethod  ] Register NMethod: sun.util.locale.StringTokenIterator.current (0x00007cb632c2a088) [0x00007cb632c2a180, 0x00007cb632c2a268] Compiler: c1, Barriers: 1, Oops: 0, ImmediateOops: 0, NonImmediateOops: No
[1,257s][debug][gc,nmethod  ] Register NMethod: java.util.Collections$EmptyList.isEmpty (0x00007cb632c2a388) [0x00007cb632c2a480, 0x00007cb632c2a540] Compiler: c1, Barriers: 0, Oops: 0, ImmediateOops: 0, NonImmediateOops: No
[1,257s][debug][gc,nmethod  ] Register NMethod: sun.util.locale.LocaleUtils.isAlpha (0x00007cb613636c08) [0x00007cb613636d00, 0x00007cb613636eb0] Compiler: c1, Barriers: 0, Oops: 0, ImmediateOops: 0, NonImmediateOops: No
[1,257s][debug][gc,nmethod  ] Register NMethod: sun.util.locale.StringTokenIterator.currentEnd (0x00007cb632c2a688) [0x00007cb632c2a780, 0x00007cb632c2a840] Compiler: c1, Barriers: 0, Oops: 0, ImmediateOops: 0, NonImmediateOops: No
[1,257s][debug][gc,nmethod  ] Register NMethod: java.text.ParsePosition.setIndex (0x00007cb632c2a988) [0x00007cb632c2aa80, 0x00007cb632c2ab40] Compiler: c1, Barriers: 0, Oops: 0, ImmediateOops: 0, NonImmediateOops: No
[1,258s][debug][gc,nmethod  ] Register NMethod: jdk.internal.util.SoftReferenceKey.hashCode (0x00007cb632c2ac88) [0x00007cb632c2ad80, 0x00007cb632c2ae40] Compiler: c1, Barriers: 0, Oops: 0, ImmediateOops: 0, NonImmediateOops: No
[1,258s][debug][gc,nmethod  ] Register NMethod: java.util.stream.ReferencePipeline$3$1.accept (0x00007cb613636f08) [0x00007cb613637000, 0x00007cb613637588] Compiler: c1, Barriers: 2, Oops: 0, ImmediateOops: 0, NonImmediateOops: No
[1,258s][debug][gc,nmethod  ] Register NMethod: sun.util.locale.BaseLocale.hashCode (0x00007cb613637608) [0x00007cb613637700, 0x00007cb61363b588] Compiler: c1, Barriers: 20, Oops: 1, ImmediateOops: 8, NonImmediateOops: No
[1,259s][debug][gc,nmethod  ] Register NMethod: java.lang.ref.SoftReference.<init> (0x00007cb61363b608) [0x00007cb61363b700, 0x00007cb61363ba08] Compiler: c1, Barriers: 6, Oops: 0, ImmediateOops: 2, NonImmediateOops: No
[1,259s][debug][gc,nmethod  ] Register NMethod: sun.util.locale.LanguageTag.language (0x00007cb632c2af88) [0x00007cb632c2b080, 0x00007cb632c2b168] Compiler: c1, Barriers: 1, Oops: 0, ImmediateOops: 0, NonImmediateOops: No
[1,259s][debug][gc,nmethod  ] Register NMethod: sun.util.locale.BaseLocale.getVariant (0x00007cb632c2b288) [0x00007cb632c2b380, 0x00007cb632c2b468] Compiler: c1, Barriers: 1, Oops: 0, ImmediateOops: 0, NonImmediateOops: No
[1,259s][debug][gc,nmethod  ] Register NMethod: sun.util.locale.LanguageTag.extlangs (0x00007cb632c2b588) [0x00007cb632c2b680, 0x00007cb632c2b768] Compiler: c1, Barriers: 1, Oops: 0, ImmediateOops: 0, NonImmediateOops: No
[1,259s][debug][gc,nmethod  ] Register NMethod: sun.util.locale.LanguageTag.script (0x00007cb632c2b888) [0x00007cb632c2b980, 0x00007cb632c2ba68] Compiler: c1, Barriers: 1, Oops: 0, ImmediateOops: 0, NonImmediateOops: No
[1,259s][debug][gc,nmethod  ] Register NMethod: sun.util.locale.LanguageTag.region (0x00007cb632c2bb88) [0x00007cb632c2bc80, 0x00007cb632c2bd68] Compiler: c1, Barriers: 1, Oops: 0, ImmediateOops: 0, NonImmediateOops: No
[1,259s][debug][gc,nmethod  ] Register NMethod: sun.util.locale.LocaleUtils.isEmpty (0x00007cb61363ba88) [0x00007cb61363bb80, 0x00007cb61363bee0] Compiler: c1, Barriers: 0, Oops: 0, ImmediateOops: 0, NonImmediateOops: No
[1,259s][debug][gc,nmethod  ] Register NMethod: sun.util.locale.LocaleUtils.toLowerString (0x00007cb61363bf08) [0x00007cb61363c000, 0x00007cb61363dba0] Compiler: c1, Barriers: 5, Oops: 1, ImmediateOops: 4, NonImmediateOops: No
[1,259s][debug][gc,nmethod  ] Register NMethod: sun.util.locale.InternalLocaleBuilder.clearExtensions (0x00007cb61363dc08) [0x00007cb61363dd00, 0x00007cb61363e558] Compiler: c1, Barriers: 3, Oops: 0, ImmediateOops: 0, NonImmediateOops: No
[1,259s][debug][gc,nmethod  ] Register NMethod: jdk.internal.util.SoftReferenceKey.<init> (0x00007cb61363e588) [0x00007cb61363e680, 0x00007cb61363ec98] Compiler: c1, Barriers: 6, Oops: 0, ImmediateOops: 2, NonImmediateOops: No
[1,259s][debug][gc,nmethod  ] Register NMethod: java.util.regex.Pattern$BmpCharPropertyGreedy.match (0x00007cb632c2be88) [0x00007cb632c2bf80, 0x00007cb632c2c350] Compiler: jvmci, Barriers: 4, Oops: 0, ImmediateOops: 0, NonImmediateOops: No
[1,259s][debug][gc,nmethod  ] Register NMethod: sun.util.locale.LanguageTag.variants (0x00007cb632c2c388) [0x00007cb632c2c480, 0x00007cb632c2c568] Compiler: c1, Barriers: 1, Oops: 0, ImmediateOops: 0, NonImmediateOops: No
[1,259s][debug][gc,nmethod  ] Register NMethod: sun.util.locale.LanguageTag.extensions (0x00007cb632c2c688) [0x00007cb632c2c780, 0x00007cb632c2c868] Compiler: c1, Barriers: 1, Oops: 0, ImmediateOops: 0, NonImmediateOops: No
[1,259s][debug][gc,nmethod  ] Register NMethod: sun.util.locale.StringTokenIterator.hasNext (0x00007cb61363ed08) [0x00007cb61363ee00, 0x00007cb61363f428] Compiler: c1, Barriers: 2, Oops: 0, ImmediateOops: 0, NonImmediateOops: No
[1,259s][debug][gc,nmethod  ] Register NMethod: sun.util.locale.LanguageTag.privateuse (0x00007cb632c2c988) [0x00007cb632c2ca80, 0x00007cb632c2cb68] Compiler: c1, Barriers: 1, Oops: 0, ImmediateOops: 0, NonImmediateOops: No
[1,259s][debug][gc,nmethod  ] Register NMethod: sun.util.locale.StringTokenIterator.next (0x00007cb61363f488) [0x00007cb61363f580, 0x00007cb613640008] Compiler: c1, Barriers: 10, Oops: 0, ImmediateOops: 0, NonImmediateOops: No
[1,260s][debug][gc,nmethod  ] Register NMethod: sun.util.locale.LocaleUtils.isLower (0x00007cb613640088) [0x00007cb613640180, 0x00007cb6136402d8] Compiler: c1, Barriers: 0, Oops: 0, ImmediateOops: 0, NonImmediateOops: No
[1,260s][debug][gc,nmethod  ] Register NMethod: sun.util.locale.LocaleUtils.isAlphaString (0x00007cb613640388) [0x00007cb613640480, 0x00007cb613641468] Compiler: c1, Barriers: 3, Oops: 1, ImmediateOops: 2, NonImmediateOops: No
[1,260s][debug][gc,nmethod  ] Register NMethod: sun.util.locale.StringTokenIterator.nextDelimiter (0x00007cb613641488) [0x00007cb613641580, 0x00007cb613643cd8] Compiler: c1, Barriers: 13, Oops: 1, ImmediateOops: 6, NonImmediateOops: No
[1,260s][debug][gc,nmethod  ] Register NMethod: sun.util.locale.BaseLocale.getInstance (0x00007cb613643d08) [0x00007cb613643e00, 0x00007cb613645fd0] Compiler: c1, Barriers: 19, Oops: 2, ImmediateOops: 6, NonImmediateOops: No
[1,260s][debug][gc,nmethod  ] Register NMethod: java.util.ImmutableCollections$SetN.probe (0x00007cb632c2cc88) [0x00007cb632c2cd80, 0x00007cb632c2d4d0] Compiler: jvmci, Barriers: 7, Oops: 0, ImmediateOops: 0, NonImmediateOops: No
[1,260s][debug][gc,nmethod  ] Register NMethod: java.util.Objects.requireNonNull (0x00007cb632c2d508) [0x00007cb632c2d600, 0x00007cb632c2d698] Compiler: jvmci, Barriers: 0, Oops: 0, ImmediateOops: 0, NonImmediateOops: No
[1,261s][debug][gc,nmethod  ] Register NMethod: java.util.stream.Nodes$SpinedNodeBuilder.accept (0x00007cb613646008) [0x00007cb613646100, 0x00007cb613646240] Compiler: c1, Barriers: 0, Oops: 0, ImmediateOops: 0, NonImmediateOops: No
[1,261s][debug][gc,nmethod  ] Register NMethod: java.lang.String.isEmpty (0x00007cb632c2d808) [0x00007cb632c2d900, 0x00007cb632c2d9e8] Compiler: jvmci, Barriers: 1, Oops: 0, ImmediateOops: 0, NonImmediateOops: No
[1,261s][debug][gc,nmethod  ] Register NMethod: java.util.stream.SpinedBuffer.accept (0x00007cb613646308) [0x00007cb613646400, 0x00007cb6136471f0] Compiler: c1, Barriers: 22, Oops: 0, ImmediateOops: 0, NonImmediateOops: No
[1,261s][debug][gc,nmethod  ] Register NMethod: java.lang.String.<init> (0x00007cb613647208) [0x00007cb613647300, 0x00007cb6136478d8] Compiler: c1, Barriers: 6, Oops: 0, ImmediateOops: 1, NonImmediateOops: No
[1,261s][debug][gc,director ] Rule Major: Warmup 10%, Used: 64MB, UsedThreshold: 1228MB
[1,261s][debug][gc,nmethod  ] Register NMethod: java.util.Locale.<init> (0x00007cb613647908) [0x00007cb613647a00, 0x00007cb613647c48] Compiler: c1, Barriers: 6, Oops: 0, ImmediateOops: 0, NonImmediateOops: No
[1,261s][debug][gc,nmethod  ] Register NMethod: java.util.Locale.hashCode (0x00007cb613647c88) [0x00007cb613647d80, 0x00007cb613648198] Compiler: c1, Barriers: 2, Oops: 0, ImmediateOops: 0, NonImmediateOops: No
[1,261s][debug][gc,nmethod  ] Register NMethod: sun.util.locale.InternalLocaleBuilder.<init> (0x00007cb613648208) [0x00007cb613648300, 0x00007cb613648668] Compiler: c1, Barriers: 12, Oops: 0, ImmediateOops: 5, NonImmediateOops: No
[1,261s][debug][gc,nmethod  ] Register NMethod: java.text.ParsePosition.<init> (0x00007cb613648688) [0x00007cb613648780, 0x00007cb6136488e8] Compiler: c1, Barriers: 0, Oops: 0, ImmediateOops: 0, NonImmediateOops: No
[1,261s][debug][gc,nmethod  ] Register NMethod: java.util.Locale.getInstance (0x00007cb613648988) [0x00007cb613648a80, 0x00007cb613649bf0] Compiler: c1, Barriers: 1, Oops: 1, ImmediateOops: 5, NonImmediateOops: No
[1,262s][debug][gc,nmethod  ] Register NMethod: sun.util.locale.StringTokenIterator.<init> (0x00007cb613649c08) [0x00007cb613649d00, 0x00007cb61364acd8] Compiler: c1, Barriers: 10, Oops: 1, ImmediateOops: 2, NonImmediateOops: No
[1,262s][debug][gc,nmethod  ] Register NMethod: sun.util.locale.LanguageTag.parseLanguage (0x00007cb61364ad08) [0x00007cb61364ae00, 0x00007cb61364b730] Compiler: c1, Barriers: 2, Oops: 0, ImmediateOops: 2, NonImmediateOops: No
[1,262s][debug][gc,nmethod  ] Register NMethod: sun.util.locale.StringTokenIterator.setStart (0x00007cb61364b788) [0x00007cb61364b880, 0x00007cb61364c240] Compiler: c1, Barriers: 6, Oops: 0, ImmediateOops: 0, NonImmediateOops: No
[1,262s][debug][gc,nmethod  ] Register NMethod: java.util.Locale.forLanguageTag (0x00007cb61364c288) [0x00007cb61364c380, 0x00007cb61364dc28] Compiler: c1, Barriers: 17, Oops: 0, ImmediateOops: 5, NonImmediateOops: No
[1,262s][debug][gc,nmethod  ] Register NMethod: sun.util.locale.LanguageTag.parse (0x00007cb61364dc88) [0x00007cb61364dd80, 0x00007cb613650108] Compiler: c1, Barriers: 5, Oops: 3, ImmediateOops: 11, NonImmediateOops: No
[1,262s][debug][gc,nmethod  ] Register NMethod: sun.util.locale.LanguageTag.parseRegion (0x00007cb613650188) [0x00007cb613650280, 0x00007cb613650590] Compiler: c1, Barriers: 1, Oops: 0, ImmediateOops: 2, NonImmediateOops: No
[1,262s][debug][gc,nmethod  ] Register NMethod: sun.util.locale.LanguageTag.isLanguage (0x00007cb613650608) [0x00007cb613650700, 0x00007cb613651c18] Compiler: c1, Barriers: 3, Oops: 1, ImmediateOops: 2, NonImmediateOops: No
[1,262s][debug][gc,nmethod  ] Register NMethod: sun.util.locale.LanguageTag.parseExtlangs (0x00007cb613651c88) [0x00007cb613651d80, 0x00007cb613652cc8] Compiler: c1, Barriers: 2, Oops: 0, ImmediateOops: 2, NonImmediateOops: No
[1,262s][debug][gc,nmethod  ] Register NMethod: sun.util.locale.LanguageTag.parseScript (0x00007cb613652d08) [0x00007cb613652e00, 0x00007cb613653690] Compiler: c1, Barriers: 2, Oops: 0, ImmediateOops: 2, NonImmediateOops: No
[1,262s][debug][gc,nmethod  ] Register NMethod: sun.util.locale.LanguageTag.<init> (0x00007cb613653708) [0x00007cb613653800, 0x00007cb613653d00] Compiler: c1, Barriers: 21, Oops: 0, ImmediateOops: 0, NonImmediateOops: No
[1,262s][debug][gc,nmethod  ] Register NMethod: sun.util.locale.LanguageTag.parseVariants (0x00007cb613653d08) [0x00007cb613653e00, 0x00007cb613654520] Compiler: c1, Barriers: 1, Oops: 0, ImmediateOops: 2, NonImmediateOops: No
[1,263s][debug][gc,nmethod  ] Register NMethod: sun.util.locale.InternalLocaleBuilder.setLanguageTag (0x00007cb613654588) [0x00007cb613654680, 0x00007cb613658140] Compiler: c1, Barriers: 35, Oops: 1, ImmediateOops: 8, NonImmediateOops: No
[1,263s][debug][gc,nmethod  ] Register NMethod: sun.util.locale.LanguageTag.parsePrivateuse (0x00007cb613658188) [0x00007cb613658280, 0x00007cb61365a160] Compiler: c1, Barriers: 4, Oops: 2, ImmediateOops: 6, NonImmediateOops: No
[1,263s][debug][gc,nmethod  ] Register NMethod: java.lang.ref.ReferenceQueue.poll (0x00007cb632c2db08) [0x00007cb632c2dc00, 0x00007cb632c2dce8] Compiler: jvmci, Barriers: 1, Oops: 0, ImmediateOops: 0, NonImmediateOops: No
[1,263s][debug][gc,nmethod  ] Register NMethod: sun.util.locale.InternalLocaleBuilder.clear (0x00007cb61365a188) [0x00007cb61365a280, 0x00007cb61365a788] Compiler: c1, Barriers: 12, Oops: 0, ImmediateOops: 5, NonImmediateOops: No
[1,263s][debug][gc,nmethod  ] Register NMethod: sun.util.locale.LocaleUtils.isEmpty (0x00007cb61365a808) [0x00007cb61365a900, 0x00007cb61365ac60] Compiler: c1, Barriers: 0, Oops: 0, ImmediateOops: 0, NonImmediateOops: No
[1,263s][debug][gc,nmethod  ] Register NMethod: sun.util.locale.LocaleUtils.toUpperString (0x00007cb61365ac88) [0x00007cb61365ad80, 0x00007cb61365c920] Compiler: c1, Barriers: 5, Oops: 1, ImmediateOops: 4, NonImmediateOops: No
[1,263s][debug][gc,nmethod  ] Register NMethod: sun.util.locale.LocaleUtils.toTitleString (0x00007cb61365c988) [0x00007cb61365ca80, 0x00007cb61365f158] Compiler: c1, Barriers: 5, Oops: 1, ImmediateOops: 6, NonImmediateOops: No
[1,263s][debug][gc,nmethod  ] Register NMethod: sun.util.locale.LocaleUtils.isEmpty (0x00007cb61365f188) [0x00007cb61365f280, 0x00007cb61365f5e0] Compiler: c1, Barriers: 0, Oops: 0, ImmediateOops: 0, NonImmediateOops: No
[1,263s][debug][gc,nmethod  ] Register NMethod: java.util.Locale$LocaleCache.apply (0x00007cb61365f608) [0x00007cb61365f700, 0x00007cb61365f9f8] Compiler: c1, Barriers: 0, Oops: 0, ImmediateOops: 0, NonImmediateOops: No
[1,263s][debug][gc,nmethod  ] Register NMethod: sun.util.locale.LanguageTag.parseExtensions (0x00007cb61365fa08) [0x00007cb61365fb00, 0x00007cb613662318] Compiler: c1, Barriers: 4, Oops: 3, ImmediateOops: 7, NonImmediateOops: No
[1,263s][debug][gc,nmethod  ] Register NMethod: java.util.HashMap.put (0x00007cb632c2de08) [0x00007cb632c2df20, 0x00007cb632c2f740] Compiler: jvmci, Barriers: 59, Oops: 0, ImmediateOops: 0, NonImmediateOops: No
[1,263s][debug][gc,nmethod  ] Register NMethod: java.util.Locale$LocaleCache.apply (0x00007cb613662388) [0x00007cb613662480, 0x00007cb613663070] Compiler: c1, Barriers: 11, Oops: 0, ImmediateOops: 0, NonImmediateOops: No
[1,263s][debug][gc,nmethod  ] Register NMethod: sun.util.locale.provider.LocaleProviderAdapter$$Lambda/0x00000000260b6ec8.apply (0x00007cb613663088) [0x00007cb613663180, 0x00007cb6136634c0] Compiler: c1, Barriers: 0, Oops: 0, ImmediateOops: 0, NonImmediateOops: No
[1,264s][debug][gc,nmethod  ] Register NMethod: java.util.stream.DistinctOps$1$2.accept (0x00007cb613663508) [0x00007cb613663600, 0x00007cb613663bc0] Compiler: c1, Barriers: 2, Oops: 0, ImmediateOops: 0, NonImmediateOops: No
[1,264s][debug][gc,nmethod  ] Register NMethod: sun.util.locale.InternalLocaleBuilder.getBaseLocale (0x00007cb613663c08) [0x00007cb613663d00, 0x00007cb613666510] Compiler: c1, Barriers: 7, Oops: 2, ImmediateOops: 7, NonImmediateOops: No
[1,264s][debug][gc,nmethod  ] Register NMethod: sun.util.locale.provider.LocaleProviderAdapter.lambda$toLocaleArray$0 (0x00007cb613666588) [0x00007cb613666680, 0x00007cb613667398] Compiler: c1, Barriers: 3, Oops: 0, ImmediateOops: 3, NonImmediateOops: No
[1,264s][debug][gc,nmethod  ] Register NMethod: java.lang.String.<init> (0x00007cb613667408) [0x00007cb613667500, 0x00007cb613667650] Compiler: c1, Barriers: 0, Oops: 0, ImmediateOops: 0, NonImmediateOops: No
[1,264s][debug][gc,nmethod  ] Register NMethod: sun.util.locale.BaseLocale.convertOldISOCodes (0x00007cb613667708) [0x00007cb613667800, 0x00007cb613668a80] Compiler: c1, Barriers: 0, Oops: 0, ImmediateOops: 9, NonImmediateOops: No
[1,264s][debug][gc,nmethod  ] Register NMethod: sun.util.locale.InternalLocaleBuilder.getLocaleExtensions (0x00007cb613668a88) [0x00007cb613668b80, 0x00007cb613669828] Compiler: c1, Barriers: 6, Oops: 0, ImmediateOops: 0, NonImmediateOops: No
[1,264s][debug][gc,nmethod  ] Register NMethod: java.util.Map.computeIfAbsent (0x00007cb613669888) [0x00007cb613669980, 0x00007cb61366a288] Compiler: c1, Barriers: 0, Oops: 0, ImmediateOops: 0, NonImmediateOops: No
[1,264s][debug][gc,nmethod  ] Register NMethod: sun.util.locale.InternalLocaleBuilder.setExtensions (0x00007cb61366a308) [0x00007cb61366a420, 0x00007cb61366ffe0] Compiler: c1, Barriers: 20, Oops: 1, ImmediateOops: 5, NonImmediateOops: No
[1,264s][debug][gc,nmethod  ] Register NMethod: jdk.internal.util.ReferencedKeyMap.put (0x00007cb613670008) [0x00007cb613670100, 0x00007cb6136719e8] Compiler: c1, Barriers: 5, Oops: 2, ImmediateOops: 3, NonImmediateOops: No
[1,265s][debug][gc,nmethod  ] Register NMethod: sun.util.locale.LanguageTag.isRegion (0x00007cb613671a08) [0x00007cb613671b00, 0x00007cb613674358] Compiler: c1, Barriers: 6, Oops: 1, ImmediateOops: 4, NonImmediateOops: No
[1,268s][debug][gc,nmethod  ] Register NMethod: java.util.Locale.hasExtensions (0x00007cb613674388) [0x00007cb613674480, 0x00007cb613674600] Compiler: c1, Barriers: 1, Oops: 0, ImmediateOops: 0, NonImmediateOops: No
[1,268s][debug][gc,nmethod  ] Register NMethod: java.util.Locale.stripExtensions (0x00007cb613674688) [0x00007cb613674780, 0x00007cb613674bf8] Compiler: c1, Barriers: 2, Oops: 0, ImmediateOops: 0, NonImmediateOops: No
[1,268s][debug][gc,nmethod  ] Register NMethod: sun.util.locale.BaseLocale.equals (0x00007cb613674c08) [0x00007cb613674d00, 0x00007cb6136757d8] Compiler: c1, Barriers: 8, Oops: 0, ImmediateOops: 0, NonImmediateOops: No
[1,268s][debug][gc,nmethod  ] Register NMethod: java.util.Locale.equals (0x00007cb613675808) [0x00007cb613675900, 0x00007cb613676708] Compiler: c1, Barriers: 5, Oops: 0, ImmediateOops: 0, NonImmediateOops: No
[1,268s][debug][gc,nmethod  ] Register NMethod: sun.util.locale.LocaleUtils.caseIgnoreMatch (0x00007cb613676788) [0x00007cb613676880, 0x00007cb613678868] Compiler: c1, Barriers: 6, Oops: 1, ImmediateOops: 4, NonImmediateOops: No
[1,269s][debug][gc,nmethod  ] Register NMethod: java.lang.String.substring (0x00007cb632c2f788) [0x00007cb632c2f880, 0x00007cb632c2fd48] Compiler: jvmci, Barriers: 3, Oops: 0, ImmediateOops: 1, NonImmediateOops: No
[1,270s][debug][gc,nmethod  ] Register NMethod: java.lang.invoke.MethodHandles$Lookup.checkAccess (0x00007cb613678888) [0x00007cb613678980, 0x00007cb61367a498] Compiler: c1, Barriers: 5, Oops: 0, ImmediateOops: 1, NonImmediateOops: No
[1,271s][debug][gc,director ] Rule Major: Warmup 10%, Used: 64MB, UsedThreshold: 1228MB
[1,273s][debug][gc,nmethod  ] Register NMethod: java.util.concurrent.ConcurrentHashMap.putVal (0x00007cb632c2fd88) [0x00007cb632c2fe80, 0x00007cb632c30f98] Compiler: jvmci, Barriers: 28, Oops: 0, ImmediateOops: 0, NonImmediateOops: No
[1,273s][debug][gc,nmethod  ] Register NMethod: sun.util.locale.BaseLocale.hashCode (0x00007cb632c31008) [0x00007cb632c31100, 0x00007cb632c31758] Compiler: jvmci, Barriers: 8, Oops: 0, ImmediateOops: 0, NonImmediateOops: No
[1,274s][debug][gc,nmethod  ] Register NMethod: java.lang.StringUTF16.getChar (0x00007cb61367a508) [0x00007cb61367a600, 0x00007cb61367a760] Compiler: c1, Barriers: 0, Oops: 0, ImmediateOops: 0, NonImmediateOops: No
[1,274s][debug][gc,nmethod  ] Register NMethod: sun.util.locale.LocaleUtils.toLower (0x00007cb632c31788) [0x00007cb632c31880, 0x00007cb632c318f8] Compiler: jvmci, Barriers: 0, Oops: 0, ImmediateOops: 0, NonImmediateOops: No
[1,274s][debug][gc,nmethod  ] Register NMethod: java.lang.CharacterData.of (0x00007cb6134e5f08) [0x00007cb6134e6000, 0x00007cb6134e6740] Compiler: c1, Barriers: 7, Oops: 0, ImmediateOops: 3, NonImmediateOops: No
[1,274s][debug][gc,nmethod  ] Register NMethod: java.lang.CharacterData.of (0x00007cb6134e5f08) [0x00007cb6134e6000, 0x00007cb6134e6740] Compiler: c1, Barriers: 7, Oops: 0, ImmediateOops: 3, NonImmediateOops: No
[1,275s][debug][gc,nmethod  ] Register NMethod: java.lang.StringUTF16.getChar (0x00007cb632c31a88) [0x00007cb632c31b80, 0x00007cb632c31c68] Compiler: jvmci, Barriers: 0, Oops: 0, ImmediateOops: 0, NonImmediateOops: No
[1,277s][debug][gc,nmethod  ] Register NMethod: java.lang.invoke.MethodHandle.linkToVirtual (0x00007cb632c31d88) [0x00007cb632c31e80, 0x00007cb632c31ea8] Compiler: , Barriers: 0, Oops: 0, ImmediateOops: 0, NonImmediateOops: No
[1,278s][debug][gc,nmethod  ] Register NMethod: jdk.internal.classfile.impl.AbstractPoolEntry$NameAndTypeEntryImpl.<init> (0x00007cb61367a808) [0x00007cb61367a900, 0x00007cb61367aa50] Compiler: c1, Barriers: 0, Oops: 0, ImmediateOops: 0, NonImmediateOops: No
[1,278s][debug][gc,nmethod  ] Register NMethod: java.util.zip.ZipFile.ensureOpen (0x00007cb632c32088) [0x00007cb632c32180, 0x00007cb632c322e0] Compiler: jvmci, Barriers: 2, Oops: 0, ImmediateOops: 0, NonImmediateOops: No
[1,278s][debug][gc,nmethod  ] Register NMethod: java.lang.String.charAt (0x00007cb61367ab08) [0x00007cb61367ac00, 0x00007cb61367b338] Compiler: c1, Barriers: 2, Oops: 1, ImmediateOops: 2, NonImmediateOops: No
[1,278s][debug][gc,nmethod  ] Register NMethod: java.lang.invoke.LambdaForm.parameterType (0x00007cb61367b388) [0x00007cb61367b480, 0x00007cb61367b600] Compiler: c1, Barriers: 1, Oops: 0, ImmediateOops: 0, NonImmediateOops: No
[1,279s][debug][gc,nmethod  ] Register NMethod: java.lang.classfile.constantpool.ConstantPoolBuilder.nameAndTypeEntry (0x00007cb61367b688) [0x00007cb61367b780, 0x00007cb61367bea0] Compiler: c1, Barriers: 0, Oops: 0, ImmediateOops: 0, NonImmediateOops: No
[1,279s][debug][gc,nmethod  ] Register NMethod: jdk.internal.classfile.impl.SplitConstantPool.methodRefEntry (0x00007cb61367bf08) [0x00007cb61367c000, 0x00007cb61367e958] Compiler: c1, Barriers: 6, Oops: 0, ImmediateOops: 0, NonImmediateOops: No
[1,279s][debug][gc,nmethod  ] Register NMethod: java.util.ArrayList.grow (0x00007cb61367e988) [0x00007cb61367ea80, 0x00007cb61367f2d0] Compiler: c1, Barriers: 9, Oops: 0, ImmediateOops: 1, NonImmediateOops: No
[1,280s][debug][gc,nmethod  ] Register NMethod: java.lang.invoke.InvokerBytecodeGenerator.emitImplicitConversion (0x00007cb61367f308) [0x00007cb61367f400, 0x00007cb613681830] Compiler: c1, Barriers: 3, Oops: 2, ImmediateOops: 10, NonImmediateOops: No
[1,281s][debug][gc,nmethod  ] Register NMethod: worker.org.gradle.internal.classloader.FilteringClassLoader.classAllowed (0x00007cb613681888) [0x00007cb613681980, 0x00007cb613682b88] Compiler: c1, Barriers: 8, Oops: 3, ImmediateOops: 2, NonImmediateOops: No
[1,281s][debug][gc,nmethod  ] Register NMethod: java.lang.AbstractStringBuilder.needsNewBuffer (0x00007cb613682c08) [0x00007cb613682d00, 0x00007cb613682ea0] Compiler: c1, Barriers: 0, Oops: 0, ImmediateOops: 0, NonImmediateOops: No
[1,281s][debug][gc,nmethod  ] Register NMethod: jdk.internal.jimage.ImageHeader.getTableLength (0x00007cb632c32388) [0x00007cb632c32480, 0x00007cb632c32540] Compiler: c1, Barriers: 0, Oops: 0, ImmediateOops: 0, NonImmediateOops: No
[1,281s][debug][gc,director ] Rule Major: Warmup 10%, Used: 66MB, UsedThreshold: 1228MB
[1,281s][debug][gc,nmethod  ] Register NMethod: java.nio.DirectIntBufferU.ix (0x00007cb613682f08) [0x00007cb613683000, 0x00007cb613683110] Compiler: c1, Barriers: 0, Oops: 0, ImmediateOops: 0, NonImmediateOops: No
[1,281s][debug][gc,nmethod  ] Register NMethod: java.util.concurrent.ConcurrentHashMap$BaseIterator.hasNext (0x00007cb613683208) [0x00007cb613683300, 0x00007cb613683480] Compiler: c1, Barriers: 1, Oops: 0, ImmediateOops: 0, NonImmediateOops: No
[1,281s][debug][gc,nmethod  ] Register NMethod: jdk.internal.misc.ScopedMemoryAccess.getIntInternal (0x00007cb613683508) [0x00007cb613683600, 0x00007cb613683850] Compiler: c1, Barriers: 0, Oops: 0, ImmediateOops: 0, NonImmediateOops: No
[1,281s][debug][gc,nmethod  ] Register NMethod: jdk.internal.misc.ScopedMemoryAccess.getInt (0x00007cb613683888) [0x00007cb613683980, 0x00007cb613683c90] Compiler: c1, Barriers: 0, Oops: 0, ImmediateOops: 0, NonImmediateOops: No
[1,282s][debug][gc,nmethod  ] Register NMethod: java.util.concurrent.ConcurrentHashMap.get (0x00007cb632c32688) [0x00007cb632c32780, 0x00007cb632c332c0] Compiler: jvmci, Barriers: 15, Oops: 0, ImmediateOops: 0, NonImmediateOops: No
[1,282s][debug][gc,nmethod  ] Register NMethod: java.nio.DirectIntBufferU.get (0x00007cb613683d08) [0x00007cb613683e00, 0x00007cb613684bf0] Compiler: c1, Barriers: 1, Oops: 2, ImmediateOops: 2, NonImmediateOops: No
[1,282s][debug][gc,nmethod  ] Register NMethod: java.util.concurrent.ConcurrentHashMap$Traverser.advance (0x00007cb613684c08) [0x00007cb613684d00, 0x00007cb613685df8] Compiler: c1, Barriers: 15, Oops: 0, ImmediateOops: 0, NonImmediateOops: No
[1,282s][debug][gc,nmethod  ] Register NMethod: jdk.internal.loader.URLClassPath$JarLoader.findResource (0x00007cb613685e08) [0x00007cb613685f00, 0x00007cb613686108] Compiler: c1, Barriers: 1, Oops: 0, ImmediateOops: 0, NonImmediateOops: No
[1,283s][debug][gc,nmethod  ] Register NMethod: java.util.concurrent.ConcurrentHashMap.addCount (0x00007cb632c33308) [0x00007cb632c33400, 0x00007cb632c348e0] Compiler: jvmci, Barriers: 56, Oops: 0, ImmediateOops: 0, NonImmediateOops: No
[1,283s][debug][gc,nmethod  ] Register NMethod: java.util.concurrent.ConcurrentHashMap$ValueIterator.next (0x00007cb613686188) [0x00007cb613686280, 0x00007cb613686760] Compiler: c1, Barriers: 5, Oops: 0, ImmediateOops: 0, NonImmediateOops: No
[1,286s][debug][gc,nmethod  ] Register NMethod: java.lang.ClassLoader.definePackage (0x00007cb613686788) [0x00007cb613686880, 0x00007cb613688cd8] Compiler: c1, Barriers: 10, Oops: 2, ImmediateOops: 5, NonImmediateOops: No
[1,287s][debug][gc,nmethod  ] Register NMethod: jdk.internal.reflect.Reflection.getCallerClass (0x00007cb632c34908) [0x00007cb632c34a00, 0x00007cb632c34d28] Compiler: , Barriers: 0, Oops: 0, ImmediateOops: 1, NonImmediateOops: No
[1,288s][debug][gc,nmethod  ] Register NMethod: java.lang.invoke.MethodHandles$Lookup.isClassAccessible (0x00007cb613688d08) [0x00007cb613688e00, 0x00007cb613689728] Compiler: c1, Barriers: 3, Oops: 0, ImmediateOops: 0, NonImmediateOops: No
[1,288s][debug][gc,nmethod  ] Register NMethod: java.lang.invoke.MemberName.ensureTypeVisible (0x00007cb613689788) [0x00007cb613689880, 0x00007cb61368e120] Compiler: c1, Barriers: 10, Oops: 3, ImmediateOops: 10, NonImmediateOops: No
[1,291s][debug][gc,director ] Rule Major: Warmup 10%, Used: 66MB, UsedThreshold: 1228MB
[1,291s][debug][gc,nmethod  ] Register NMethod: java.lang.String.charAt (0x00007cb632c34d88) [0x00007cb632c34e80, 0x00007cb632c34fe0] Compiler: jvmci, Barriers: 1, Oops: 0, ImmediateOops: 0, NonImmediateOops: No
[1,292s][debug][gc,nmethod  ] Register NMethod: java.util.zip.ZipCoder.hash (0x00007cb632c35088) [0x00007cb632c35180, 0x00007cb632c353e8] Compiler: jvmci, Barriers: 1, Oops: 0, ImmediateOops: 0, NonImmediateOops: No
[1,293s][debug][gc,nmethod  ] Register NMethod: java.lang.invoke.MethodHandle.linkToStatic (0x00007cb632c35408) [0x00007cb632c35500, 0x00007cb632c355f0] Compiler: , Barriers: 0, Oops: 0, ImmediateOops: 0, NonImmediateOops: No
[1,294s][debug][gc,nmethod  ] Register NMethod: java.lang.invoke.MethodType.changeReturnType (0x00007cb61368e188) [0x00007cb61368e280, 0x00007cb61368e650] Compiler: c1, Barriers: 2, Oops: 0, ImmediateOops: 0, NonImmediateOops: No
[1,295s][debug][gc,nmethod  ] Register NMethod: java.util.zip.CRC32.<init> (0x00007cb61368e688) [0x00007cb61368e780, 0x00007cb61368e8d8] Compiler: c1, Barriers: 0, Oops: 0, ImmediateOops: 0, NonImmediateOops: No
[1,295s][debug][gc,nmethod  ] Register NMethod: jdk.internal.loader.URLClassPath$JarLoader$1.getBytes (0x00007cb61368e988) [0x00007cb61368ea80, 0x00007cb61368f6c0] Compiler: c1, Barriers: 4, Oops: 0, ImmediateOops: 1, NonImmediateOops: No
[1,296s][debug][gc,nmethod  ] Register NMethod: java.lang.String.valueOf (0x00007cb61368f708) [0x00007cb61368f800, 0x00007cb61368fb38] Compiler: c1, Barriers: 0, Oops: 0, ImmediateOops: 1, NonImmediateOops: No
[1,296s][debug][gc,nmethod  ] Register NMethod: jdk.internal.loader.URLClassPath$JarLoader.ensureOpen (0x00007cb632c35708) [0x00007cb632c35800, 0x00007cb632c359b8] Compiler: jvmci, Barriers: 5, Oops: 0, ImmediateOops: 0, NonImmediateOops: No
[1,296s][debug][gc,nmethod  ] Register NMethod: java.lang.classfile.TypeKind.slotSize (0x00007cb632c35a08) [0x00007cb632c35b00, 0x00007cb632c35bc0] Compiler: c1, Barriers: 0, Oops: 0, ImmediateOops: 0, NonImmediateOops: No
[1,296s][debug][gc,nmethod  ] Register NMethod: jdk.internal.classfile.impl.DirectCodeBuilder.setLabelTarget (0x00007cb61368fb88) [0x00007cb61368fc80, 0x00007cb6136906b8] Compiler: c1, Barriers: 1, Oops: 0, ImmediateOops: 1, NonImmediateOops: No
[1,296s][debug][gc,nmethod  ] Register NMethod: jdk.internal.classfile.impl.StackMapDecoder$StackMapFrameImpl.target (0x00007cb632c35d08) [0x00007cb632c35e00, 0x00007cb632c35ee8] Compiler: c1, Barriers: 1, Oops: 0, ImmediateOops: 0, NonImmediateOops: No
[1,296s][debug][gc,nmethod  ] Register NMethod: jdk.internal.classfile.impl.StackMapDecoder$StackMapFrameImpl.locals (0x00007cb632c36008) [0x00007cb632c36100, 0x00007cb632c361e8] Compiler: c1, Barriers: 1, Oops: 0, ImmediateOops: 0, NonImmediateOops: No
[1,296s][debug][gc,nmethod  ] Register NMethod: jdk.internal.classfile.impl.AbstractPseudoInstruction$ExceptionCatchImpl.catchTypeEntry (0x00007cb632c36308) [0x00007cb632c36400, 0x00007cb632c364e8] Compiler: c1, Barriers: 1, Oops: 0, ImmediateOops: 0, NonImmediateOops: No
[1,296s][debug][gc,nmethod  ] Register NMethod: jdk.internal.classfile.impl.Util.isDoubleSlot (0x00007cb613690708) [0x00007cb613690800, 0x00007cb613690970] Compiler: c1, Barriers: 0, Oops: 0, ImmediateOops: 2, NonImmediateOops: No
[1,296s][debug][gc,nmethod  ] Register NMethod: java.util.jar.JarFile.checkForSpecialAttributes (0x00007cb632c36608) [0x00007cb632c36700, 0x00007cb632c37058] Compiler: jvmci, Barriers: 7, Oops: 2, ImmediateOops: 8, NonImmediateOops: No
[1,298s][debug][gc,nmethod  ] Register NMethod: jdk.internal.util.StrongReferenceKey.hashCode (0x00007cb632c37088) [0x00007cb632c37180, 0x00007cb632c376c0] Compiler: jvmci, Barriers: 8, Oops: 0, ImmediateOops: 0, NonImmediateOops: No
[1,298s][debug][gc,nmethod  ] Register NMethod: java.lang.ClassLoader.compareCerts (0x00007cb613690a08) [0x00007cb613690b00, 0x00007cb613691640] Compiler: c1, Barriers: 4, Oops: 0, ImmediateOops: 0, NonImmediateOops: No
[1,298s][debug][gc,nmethod  ] Register NMethod: jdk.internal.loader.AbstractClassLoaderValue$Sub.parent (0x00007cb632c37708) [0x00007cb632c37800, 0x00007cb632c378e8] Compiler: c1, Barriers: 1, Oops: 0, ImmediateOops: 0, NonImmediateOops: No
[1,298s][debug][gc,nmethod  ] Register NMethod: java.lang.invoke.DirectMethodHandle.internalMemberName (0x00007cb613691688) [0x00007cb613691780, 0x00007cb613691aa0] Compiler: c1, Barriers: 1, Oops: 0, ImmediateOops: 0, NonImmediateOops: No
[1,299s][debug][gc,nmethod  ] Register NMethod: java.lang.reflect.Method.getRoot (0x00007cb632c37a08) [0x00007cb632c37b00, 0x00007cb632c37be8] Compiler: c1, Barriers: 1, Oops: 0, ImmediateOops: 0, NonImmediateOops: No
[1,300s][debug][gc,nmethod  ] Register NMethod: java.lang.invoke.MemberName.getInvocationType (0x00007cb613691b08) [0x00007cb613691c00, 0x00007cb613693200] Compiler: c1, Barriers: 7, Oops: 0, ImmediateOops: 0, NonImmediateOops: No
[1,300s][debug][gc,nmethod  ] Register NMethod: java.lang.invoke.MethodHandle.linkToSpecial (0x00007cb632c37d08) [0x00007cb632c37e00, 0x00007cb632c37ef8] Compiler: , Barriers: 0, Oops: 0, ImmediateOops: 0, NonImmediateOops: No
[1,300s][debug][gc,nmethod  ] Register NMethod: java.net.URLClassLoader.isSealed (0x00007cb613693208) [0x00007cb613693300, 0x00007cb613696db0] Compiler: c1, Barriers: 10, Oops: 3, ImmediateOops: 15, NonImmediateOops: No
[1,300s][debug][gc,nmethod  ] Register NMethod: java.lang.invoke.MethodHandle.linkToSpecial (0x00007cb632c38008) [0x00007cb632c38100, 0x00007cb632c381f8] Compiler: , Barriers: 0, Oops: 0, ImmediateOops: 0, NonImmediateOops: No
[1,301s][debug][gc,nmethod  ] Register NMethod: sun.invoke.util.Wrapper.stackSlots (0x00007cb613696e08) [0x00007cb613696f00, 0x00007cb613697008] Compiler: c1, Barriers: 0, Oops: 0, ImmediateOops: 0, NonImmediateOops: No
[1,301s][debug][gc,nmethod  ] Register NMethod: java.lang.invoke.LambdaForm$BasicType.basicTypeSlots (0x00007cb613697108) [0x00007cb613697200, 0x00007cb613697558] Compiler: c1, Barriers: 1, Oops: 0, ImmediateOops: 0, NonImmediateOops: No
[1,301s][debug][gc,nmethod  ] Register NMethod: jdk.internal.classfile.impl.BufWriterImpl.writeU1U1 (0x00007cb613697588) [0x00007cb613697680, 0x00007cb613697af0] Compiler: c1, Barriers: 2, Oops: 0, ImmediateOops: 0, NonImmediateOops: No
[1,301s][debug][gc,nmethod  ] Register NMethod: java.lang.invoke.MethodHandle.linkToStatic (0x00007cb632c38308) [0x00007cb632c38400, 0x00007cb632c384f8] Compiler: , Barriers: 0, Oops: 0, ImmediateOops: 0, NonImmediateOops: No
[1,301s][debug][gc,nmethod  ] Register NMethod: jdk.internal.constant.MethodTypeDescImpl.parameterCount (0x00007cb632c38608) [0x00007cb632c38700, 0x00007cb632c387e0] Compiler: jvmci, Barriers: 1, Oops: 0, ImmediateOops: 0, NonImmediateOops: No
[1,301s][debug][gc,nmethod  ] Register NMethod: java.lang.invoke.InvokerBytecodeGenerator.emitPushArgument (0x00007cb613697b08) [0x00007cb613697c00, 0x00007cb61369a7c8] Compiler: c1, Barriers: 6, Oops: 1, ImmediateOops: 5, NonImmediateOops: No
[1,301s][debug][gc,director ] Rule Major: Warmup 10%, Used: 68MB, UsedThreshold: 1228MB
[1,302s][debug][gc,nmethod  ] Register NMethod: java.lang.invoke.MethodHandle.invokeBasic (0x00007cb632c38908) [0x00007cb632c38a00, 0x00007cb632c38c98] Compiler: , Barriers: 0, Oops: 0, ImmediateOops: 0, NonImmediateOops: No
[1,302s][debug][gc,nmethod  ] Register NMethod: java.lang.invoke.LambdaForm$Name.isParam (0x00007cb61369a808) [0x00007cb61369a900, 0x00007cb61369aa80] Compiler: c1, Barriers: 1, Oops: 0, ImmediateOops: 0, NonImmediateOops: No
[1,302s][debug][gc,nmethod  ] Register NMethod: java.lang.invoke.MethodHandles$Lookup.checkSymbolicClass (0x00007cb61369ab08) [0x00007cb61369ac00, 0x00007cb61369b1e8] Compiler: c1, Barriers: 0, Oops: 0, ImmediateOops: 1, NonImmediateOops: No
[1,302s][debug][gc,nmethod  ] Register NMethod: java.lang.classfile.constantpool.ConstantPoolBuilder.methodRefEntry (0x00007cb61369b208) [0x00007cb61369b300, 0x00007cb61369ba30] Compiler: c1, Barriers: 0, Oops: 0, ImmediateOops: 0, NonImmediateOops: No
[1,302s][debug][gc,nmethod  ] Register NMethod: jdk.internal.classfile.impl.StackMapGenerator$Frame.getLocalRawInternal (0x00007cb61369ba88) [0x00007cb61369bb80, 0x00007cb61369bf18] Compiler: c1, Barriers: 2, Oops: 0, ImmediateOops: 0, NonImmediateOops: No
[1,302s][debug][gc,nmethod  ] Register NMethod: java.lang.classfile.constantpool.MemberRefEntry.type (0x00007cb61369bf88) [0x00007cb61369c080, 0x00007cb61369cae0] Compiler: c1, Barriers: 2, Oops: 0, ImmediateOops: 0, NonImmediateOops: No
[1,302s][debug][gc,nmethod  ] Register NMethod: java.lang.invoke.DirectMethodHandle.<init> (0x00007cb61369cb08) [0x00007cb61369cc00, 0x00007cb61369f090] Compiler: c1, Barriers: 9, Oops: 2, ImmediateOops: 2, NonImmediateOops: No
[1,302s][debug][gc,nmethod  ] Register NMethod: java.lang.invoke.LambdaForm$Name.<init> (0x00007cb61369f108) [0x00007cb61369f200, 0x00007cb6136a01c8] Compiler: c1, Barriers: 8, Oops: 0, ImmediateOops: 1, NonImmediateOops: No
[1,302s][debug][gc,nmethod  ] Register NMethod: java.lang.invoke.LambdaForm.useCount (0x00007cb6136a0208) [0x00007cb6136a0300, 0x00007cb6136a07a8] Compiler: c1, Barriers: 4, Oops: 0, ImmediateOops: 0, NonImmediateOops: No
[1,302s][debug][gc,nmethod  ] Register NMethod: jdk.internal.constant.MethodTypeDescImpl.buildDescriptorString (0x00007cb6136a0808) [0x00007cb6136a0900, 0x00007cb6136a75a0] Compiler: c1, Barriers: 18, Oops: 3, ImmediateOops: 27, NonImmediateOops: No
[1,302s][debug][gc,nmethod  ] Register NMethod: jdk.internal.classfile.impl.SplitConstantPool.entryByIndex (0x00007cb632c38d08) [0x00007cb632c38e00, 0x00007cb632c38fc0] Compiler: jvmci, Barriers: 2, Oops: 0, ImmediateOops: 0, NonImmediateOops: No
[1,303s][debug][gc,nmethod  ] Register NMethod: java.util.List.copyOf (0x00007cb6136a7608) [0x00007cb6136a7700, 0x00007cb6136a7810] Compiler: c1, Barriers: 0, Oops: 0, ImmediateOops: 0, NonImmediateOops: No
[1,303s][debug][gc,nmethod  ] Register NMethod: java.util.ImmutableCollections.listCopy (0x00007cb6136a7908) [0x00007cb6136a7a00, 0x00007cb6136a88b8] Compiler: c1, Barriers: 0, Oops: 0, ImmediateOops: 1, NonImmediateOops: No
[1,304s][debug][gc,nmethod  ] Register NMethod: jdk.internal.classfile.impl.AbstractPoolEntry$Utf8EntryImpl.clone (0x00007cb6136a8908) [0x00007cb6136a8a00, 0x00007cb6136a8cf8] Compiler: c1, Barriers: 0, Oops: 0, ImmediateOops: 0, NonImmediateOops: No
[1,304s][debug][gc,nmethod  ] Register NMethod: jdk.internal.classfile.impl.AbstractPoolEntry$Utf8EntryImpl.clone (0x00007cb6136a8d08) [0x00007cb6136a8e00, 0x00007cb6136a9968] Compiler: c1, Barriers: 8, Oops: 0, ImmediateOops: 1, NonImmediateOops: No
[1,305s][debug][gc,nmethod  ] Register NMethod: java.lang.StringLatin1.getChar (0x00007cb6136a9988) [0x00007cb6136a9a80, 0x00007cb6136a9b90] Compiler: c1, Barriers: 0, Oops: 0, ImmediateOops: 0, NonImmediateOops: No
[1,307s][debug][gc,nmethod  ] Register NMethod: java.lang.reflect.Executable.<init> (0x00007cb6136a9c88) [0x00007cb6136a9d80, 0x00007cb6136a9f38] Compiler: c1, Barriers: 0, Oops: 0, ImmediateOops: 0, NonImmediateOops: No
[1,307s][debug][gc,nmethod  ] Register NMethod: java.util.ImmutableCollections$List12.<init> (0x00007cb6136a9f88) [0x00007cb6136aa080, 0x00007cb6136aa530] Compiler: c1, Barriers: 6, Oops: 0, ImmediateOops: 1, NonImmediateOops: No
[1,307s][debug][gc,nmethod  ] Register NMethod: jdk.internal.classfile.impl.SplitConstantPool.utf8Entry (0x00007cb6136aa588) [0x00007cb6136aa680, 0x00007cb6136aae80] Compiler: c1, Barriers: 4, Oops: 0, ImmediateOops: 0, NonImmediateOops: No
[1,307s][debug][gc,nmethod  ] Register NMethod: java.lang.classfile.Opcode.sizeIfFixed (0x00007cb632c39008) [0x00007cb632c39100, 0x00007cb632c391c0] Compiler: c1, Barriers: 0, Oops: 0, ImmediateOops: 0, NonImmediateOops: No
[1,308s][debug][gc,nmethod  ] Register NMethod: java.util.BitSet.get (0x00007cb6136aae88) [0x00007cb6136aaf80, 0x00007cb6136abe28] Compiler: c1, Barriers: 1, Oops: 1, ImmediateOops: 2, NonImmediateOops: No
[1,308s][debug][gc,nmethod  ] Register NMethod: java.lang.PublicMethods$Key.matches (0x00007cb6136abe88) [0x00007cb6136abf80, 0x00007cb6136ac670] Compiler: c1, Barriers: 2, Oops: 1, ImmediateOops: 2, NonImmediateOops: No
[1,312s][debug][gc,director ] Rule Major: Warmup 10%, Used: 72MB, UsedThreshold: 1228MB
[1,312s][debug][gc,nmethod  ] Register NMethod: jdk.internal.loader.URLClassPath.getLoader (0x00007cb632c39308) [0x00007cb632c39400, 0x00007cb632c3a0f8] Compiler: jvmci, Barriers: 12, Oops: 0, ImmediateOops: 0, NonImmediateOops: No
[1,312s][debug][gc,nmethod  ] Register NMethod: java.util.zip.ZipFile$Source.getEntryPos (0x00007cb632c3a108) [0x00007cb632c3a200, 0x00007cb632c3a978] Compiler: jvmci, Barriers: 6, Oops: 0, ImmediateOops: 0, NonImmediateOops: No
[1,316s][debug][gc,nmethod  ] Register NMethod: java.util.zip.ZipFile.getEntry (0x00007cb632c3a988) [0x00007cb632c3aa80, 0x00007cb632c3b510] Compiler: jvmci, Barriers: 7, Oops: 0, ImmediateOops: 0, NonImmediateOops: No
[1,316s][debug][gc,nmethod  ] Register NMethod: jdk.internal.loader.NativeLibrary.findEntry0 (0x00007cb632c3b588) [0x00007cb632c3b680, 0x00007cb632c3b7f0] Compiler: , Barriers: 0, Oops: 0, ImmediateOops: 1, NonImmediateOops: No
[1,317s][debug][gc,nmethod  ] Register NMethod: java.lang.Class.forName0 (0x00007cb632c3b888) [0x00007cb632c3b980, 0x00007cb632c3bce0] Compiler: , Barriers: 0, Oops: 0, ImmediateOops: 1, NonImmediateOops: No
[1,317s][debug][gc,nmethod  ] Register NMethod: java.lang.invoke.MethodHandle.linkToInterface (0x00007cb632c3bd08) [0x00007cb632c3be00, 0x00007cb632c3bf30] Compiler: , Barriers: 0, Oops: 0, ImmediateOops: 0, NonImmediateOops: No
[1,318s][debug][gc,nmethod  ] Register NMethod: java.lang.invoke.MethodHandle.invokeBasic (0x00007cb632c3c008) [0x00007cb632c3c100, 0x00007cb632c3c398] Compiler: , Barriers: 0, Oops: 0, ImmediateOops: 0, NonImmediateOops: No
[1,318s][debug][gc,nmethod  ] Register NMethod: java.lang.invoke.DirectMethodHandle.internalMemberName (0x00007cb632c3c408) [0x00007cb632c3c500, 0x00007cb632c3c5e8] Compiler: c1, Barriers: 1, Oops: 0, ImmediateOops: 0, NonImmediateOops: No
[1,318s][debug][gc,nmethod  ] Register NMethod: java.lang.ref.Reference.<init> (0x00007cb6136ac688) [0x00007cb6136ac780, 0x00007cb6136aca58] Compiler: c1, Barriers: 6, Oops: 0, ImmediateOops: 1, NonImmediateOops: No
[1,318s][debug][gc,nmethod  ] Register NMethod: jdk.internal.classfile.impl.AnnotationImpl.elements (0x00007cb632c3c708) [0x00007cb632c3c800, 0x00007cb632c3c8e8] Compiler: c1, Barriers: 1, Oops: 0, ImmediateOops: 0, NonImmediateOops: No
[1,319s][debug][gc,nmethod  ] Register NMethod: jdk.internal.classfile.impl.AnnotationImpl.className (0x00007cb632c3ca08) [0x00007cb632c3cb00, 0x00007cb632c3cbe8] Compiler: c1, Barriers: 1, Oops: 0, ImmediateOops: 0, NonImmediateOops: No
[1,319s][debug][gc,nmethod  ] Register NMethod: jdk.internal.classfile.impl.StackMapGenerator$Type.equals (0x00007cb6136aca88) [0x00007cb6136acb80, 0x00007cb6136ad4d0] Compiler: c1, Barriers: 2, Oops: 0, ImmediateOops: 0, NonImmediateOops: No
[1,319s][debug][gc,nmethod  ] Register NMethod: java.lang.invoke.MethodHandle.isBuiltinLoader (0x00007cb6136ad508) [0x00007cb6136ad600, 0x00007cb6136ad850] Compiler: c1, Barriers: 0, Oops: 0, ImmediateOops: 2, NonImmediateOops: No
[1,319s][debug][gc,nmethod  ] Register NMethod: jdk.internal.classfile.impl.AbstractPoolEntry$Utf8EntryImpl.fieldTypeSymbol (0x00007cb6136ad888) [0x00007cb6136ad980, 0x00007cb6136ae978] Compiler: c1, Barriers: 5, Oops: 0, ImmediateOops: 0, NonImmediateOops: No
[1,319s][debug][gc,nmethod  ] Register NMethod: java.lang.Character.charCount (0x00007cb6136ae988) [0x00007cb6136aea80, 0x00007cb6136aebd0] Compiler: c1, Barriers: 0, Oops: 0, ImmediateOops: 0, NonImmediateOops: No
[1,320s][debug][gc,nmethod  ] Register NMethod: jdk.internal.classfile.impl.SplitConstantPool.writeTo (0x00007cb6136aec88) [0x00007cb6136aed80, 0x00007cb6136b1560] Compiler: c1, Barriers: 10, Oops: 1, ImmediateOops: 2, NonImmediateOops: No
[1,321s][debug][gc,nmethod  ] Register NMethod: java.lang.Character$Subset.<init> (0x00007cb6136b1588) [0x00007cb6136b1680, 0x00007cb6136b1948] Compiler: c1, Barriers: 3, Oops: 0, ImmediateOops: 1, NonImmediateOops: No
[1,321s][debug][gc,nmethod  ] Register NMethod: java.lang.Character$UnicodeBlock.<init> (0x00007cb6136b1988) [0x00007cb6136b1a80, 0x00007cb6136b2030] Compiler: c1, Barriers: 4, Oops: 0, ImmediateOops: 1, NonImmediateOops: No
[1,321s][debug][gc,nmethod  ] Register NMethod: java.lang.invoke.MethodHandle.linkToStatic (0x00007cb632c3cd08) [0x00007cb632c3ce00, 0x00007cb632c3cef0] Compiler: , Barriers: 0, Oops: 0, ImmediateOops: 0, NonImmediateOops: No
[1,322s][debug][gc,director ] Rule Major: Warmup 10%, Used: 72MB, UsedThreshold: 1228MB
[1,322s][debug][gc,nmethod  ] Register NMethod: java.util.concurrent.locks.AbstractQueuedSynchronizer.getState (0x00007cb632c3d008) [0x00007cb632c3d100, 0x00007cb632c3d1c0] Compiler: c1, Barriers: 0, Oops: 0, ImmediateOops: 0, NonImmediateOops: No
[1,322s][debug][gc,nmethod  ] Register NMethod: java.util.concurrent.locks.AbstractOwnableSynchronizer.getExclusiveOwnerThread (0x00007cb632c3d308) [0x00007cb632c3d400, 0x00007cb632c3d4e8] Compiler: c1, Barriers: 1, Oops: 0, ImmediateOops: 0, NonImmediateOops: No
[1,322s][debug][gc,nmethod  ] Register NMethod: java.util.concurrent.locks.AbstractOwnableSynchronizer.setExclusiveOwnerThread (0x00007cb632c3d608) [0x00007cb632c3d700, 0x00007cb632c3d830] Compiler: c1, Barriers: 3, Oops: 0, ImmediateOops: 0, NonImmediateOops: No
[1,322s][debug][gc,nmethod  ] Register NMethod: java.util.concurrent.locks.AbstractQueuedSynchronizer.setState (0x00007cb632c3d908) [0x00007cb632c3da00, 0x00007cb632c3dac8] Compiler: c1, Barriers: 0, Oops: 0, ImmediateOops: 0, NonImmediateOops: No
[1,323s][debug][gc,nmethod  ] Register NMethod: java.util.ArrayDeque.elementAt (0x00007cb632c3dc08) [0x00007cb632c3dd00, 0x00007cb632c3ddf0] Compiler: jvmci, Barriers: 1, Oops: 0, ImmediateOops: 0, NonImmediateOops: No
[1,323s][debug][gc,nmethod  ] Register NMethod: sun.net.util.IPAddressUtil.scan (0x00007cb6136b2088) [0x00007cb6136b2180, 0x00007cb6136b31d0] Compiler: c1, Barriers: 3, Oops: 1, ImmediateOops: 2, NonImmediateOops: No
[1,328s][debug][gc,nmethod  ] Register NMethod: java.lang.String.startsWith (0x00007cb632c3df08) [0x00007cb632c3e000, 0x00007cb632c3e318] Compiler: jvmci, Barriers: 2, Oops: 0, ImmediateOops: 0, NonImmediateOops: No
[1,330s][debug][gc,nmethod  ] Register NMethod: java.util.jar.JarFile.getEntry (0x00007cb632c3e388) [0x00007cb632c3e480, 0x00007cb632c3f918] Compiler: jvmci, Barriers: 14, Oops: 2, ImmediateOops: 8, NonImmediateOops: No
[1,330s][debug][gc,nmethod  ] Register NMethod: jdk.internal.classfile.impl.DirectMethodBuilder.withCode (0x00007cb6136b3208) [0x00007cb6136b3300, 0x00007cb6136b3440] Compiler: c1, Barriers: 0, Oops: 0, ImmediateOops: 0, NonImmediateOops: No
[1,330s][debug][gc,nmethod  ] Register NMethod: jdk.internal.classfile.impl.DirectMethodBuilder.run (0x00007cb6136b3508) [0x00007cb6136b3600, 0x00007cb6136b3918] Compiler: c1, Barriers: 0, Oops: 0, ImmediateOops: 0, NonImmediateOops: No
[1,330s][debug][gc,nmethod  ] Register NMethod: jdk.internal.classfile.impl.DirectClassBuilder.withMethod (0x00007cb6136b3988) [0x00007cb6136b3a80, 0x00007cb6136b42e0] Compiler: c1, Barriers: 2, Oops: 0, ImmediateOops: 0, NonImmediateOops: No
[1,330s][debug][gc,nmethod  ] Register NMethod: java.lang.classfile.ClassBuilder.withMethod (0x00007cb6136b4308) [0x00007cb6136b4400, 0x00007cb6136b4e80] Compiler: c1, Barriers: 7, Oops: 0, ImmediateOops: 0, NonImmediateOops: No
[1,330s][debug][gc,nmethod  ] Register NMethod: jdk.internal.classfile.impl.DirectMethodBuilder.<init> (0x00007cb6136b4e88) [0x00007cb6136b4f80, 0x00007cb6136b5e48] Compiler: c1, Barriers: 21, Oops: 0, ImmediateOops: 1, NonImmediateOops: No
[1,330s][debug][gc,nmethod  ] Register NMethod: jdk.internal.classfile.impl.DirectMethodBuilder.withCode (0x00007cb6136b5e88) [0x00007cb6136b5f80, 0x00007cb6136b6480] Compiler: c1, Barriers: 4, Oops: 0, ImmediateOops: 0, NonImmediateOops: No
[1,330s][debug][gc,nmethod  ] Register NMethod: jdk.internal.classfile.impl.DirectCodeBuilder.build (0x00007cb6136b6488) [0x00007cb6136b6580, 0x00007cb6136b70e8] Compiler: c1, Barriers: 3, Oops: 0, ImmediateOops: 0, NonImmediateOops: No
[1,330s][debug][gc,nmethod  ] Register NMethod: jdk.internal.classfile.impl.BufWriterImpl.<init> (0x00007cb6136b7108) [0x00007cb6136b7200, 0x00007cb6136b7350] Compiler: c1, Barriers: 0, Oops: 0, ImmediateOops: 0, NonImmediateOops: No
[1,331s][debug][gc,nmethod  ] Register NMethod: jdk.internal.classfile.impl.ClassFileImpl.fixShortJumps (0x00007cb6136b7408) [0x00007cb6136b7500, 0x00007cb6136b7740] Compiler: c1, Barriers: 2, Oops: 0, ImmediateOops: 0, NonImmediateOops: No
[1,331s][debug][gc,nmethod  ] Register NMethod: jdk.internal.classfile.impl.DirectCodeBuilder.processDeferredLabels (0x00007cb6136b7788) [0x00007cb6136b7880, 0x00007cb6136b8290] Compiler: c1, Barriers: 5, Oops: 0, ImmediateOops: 0, NonImmediateOops: No
[1,331s][debug][gc,nmethod  ] Register NMethod: jdk.internal.classfile.impl.DirectCodeBuilder.<init> (0x00007cb6136b8308) [0x00007cb6136b8400, 0x00007cb6136ba0b0] Compiler: c1, Barriers: 56, Oops: 0, ImmediateOops: 6, NonImmediateOops: No
[1,331s][debug][gc,nmethod  ] Register NMethod: jdk.internal.classfile.impl.Util.maxLocals (0x00007cb6136ba108) [0x00007cb6136ba200, 0x00007cb6136ba370] Compiler: c1, Barriers: 0, Oops: 0, ImmediateOops: 0, NonImmediateOops: No
[1,331s][debug][gc,nmethod  ] Register NMethod: jdk.internal.classfile.impl.DirectCodeBuilder.setLabelTarget (0x00007cb6136ba408) [0x00007cb6136ba500, 0x00007cb6136bac18] Compiler: c1, Barriers: 1, Oops: 0, ImmediateOops: 0, NonImmediateOops: No
[1,331s][debug][gc,nmethod  ] Register NMethod: java.lang.classfile.Attributes.code (0x00007cb6136bac88) [0x00007cb6136bad80, 0x00007cb6136bae68] Compiler: c1, Barriers: 0, Oops: 0, ImmediateOops: 1, NonImmediateOops: No
[1,331s][debug][gc,nmethod  ] Register NMethod: jdk.internal.classfile.impl.ClassFileImpl.passDebugElements (0x00007cb6136baf88) [0x00007cb6136bb080, 0x00007cb6136bb2c0] Compiler: c1, Barriers: 2, Oops: 0, ImmediateOops: 0, NonImmediateOops: No
[1,331s][debug][gc,nmethod  ] Register NMethod: jdk.internal.classfile.impl.TerminalCodeBuilder.setupTopLocal (0x00007cb6136bb308) [0x00007cb6136bb400, 0x00007cb6136bd988] Compiler: c1, Barriers: 1, Oops: 1, ImmediateOops: 3, NonImmediateOops: No
[1,331s][debug][gc,nmethod  ] Register NMethod: jdk.internal.classfile.impl.UnboundAttribute$AdHocAttribute.<init> (0x00007cb6136bda08) [0x00007cb6136bdb00, 0x00007cb6136bdd90] Compiler: c1, Barriers: 3, Oops: 0, ImmediateOops: 0, NonImmediateOops: No
[1,331s][debug][gc,nmethod  ] Register NMethod: jdk.internal.classfile.impl.DirectCodeBuilder$4.<init> (0x00007cb6136bde08) [0x00007cb6136bdf00, 0x00007cb6136be3c0] Compiler: c1, Barriers: 6, Oops: 0, ImmediateOops: 0, NonImmediateOops: No
[1,331s][debug][gc,nmethod  ] Register NMethod: jdk.internal.classfile.impl.DirectCodeBuilder.buildContent (0x00007cb6136be408) [0x00007cb6136be500, 0x00007cb6136bff00] Compiler: c1, Barriers: 23, Oops: 1, ImmediateOops: 2, NonImmediateOops: No
[1,331s][debug][gc,nmethod  ] Register NMethod: jdk.internal.classfile.impl.ClassFileImpl.stackMapsWhenRequired (0x00007cb6136bff88) [0x00007cb6136c0080, 0x00007cb6136c0238] Compiler: c1, Barriers: 1, Oops: 0, ImmediateOops: 1, NonImmediateOops: No
[1,331s][debug][gc,nmethod  ] Register NMethod: jdk.internal.classfile.impl.BufWriterImpl.bytecodeView (0x00007cb6136c0288) [0x00007cb6136c0380, 0x00007cb6136c0700] Compiler: c1, Barriers: 4, Oops: 0, ImmediateOops: 0, NonImmediateOops: No
[1,331s][debug][gc,nmethod  ] Register NMethod: jdk.internal.classfile.impl.RawBytecodeHelper.of (0x00007cb6136c0708) [0x00007cb6136c0800, 0x00007cb6136c0ac8] Compiler: c1, Barriers: 3, Oops: 0, ImmediateOops: 0, NonImmediateOops: No
[1,331s][debug][gc,nmethod  ] Register NMethod: jdk.internal.classfile.impl.RawBytecodeHelper$CodeRange.<init> (0x00007cb6136c0b08) [0x00007cb6136c0c00, 0x00007cb6136c0e38] Compiler: c1, Barriers: 3, Oops: 0, ImmediateOops: 0, NonImmediateOops: No
[1,331s][debug][gc,nmethod  ] Register NMethod: jdk.internal.classfile.impl.UnboundAttribute$AdHocAttribute.writeTo (0x00007cb6136c0e88) [0x00007cb6136c0f80, 0x00007cb6136c29c0] Compiler: c1, Barriers: 5, Oops: 0, ImmediateOops: 0, NonImmediateOops: No
[1,331s][debug][gc,nmethod  ] Register NMethod: jdk.internal.classfile.impl.BufWriterImpl.writeBytes (0x00007cb6136c2a08) [0x00007cb6136c2b00, 0x00007cb6136c2e40] Compiler: c1, Barriers: 1, Oops: 0, ImmediateOops: 0, NonImmediateOops: No
[1,331s][debug][gc,nmethod  ] Register NMethod: jdk.internal.module.SystemModuleFinders$SystemImage.reader (0x00007cb6136c2e88) [0x00007cb6136c2f80, 0x00007cb6136c3068] Compiler: c1, Barriers: 0, Oops: 0, ImmediateOops: 1, NonImmediateOops: No
[1,331s][debug][gc,nmethod  ] Register NMethod: jdk.internal.jimage.ImageStringsReader.hashCode (0x00007cb6136c3188) [0x00007cb6136c3280, 0x00007cb6136c33e0] Compiler: c1, Barriers: 0, Oops: 0, ImmediateOops: 0, NonImmediateOops: No
[1,332s][debug][gc,nmethod  ] Register NMethod: jdk.internal.jimage.ImageReader.requireOpen (0x00007cb6136c3488) [0x00007cb6136c3580, 0x00007cb6136c3788] Compiler: c1, Barriers: 0, Oops: 0, ImmediateOops: 1, NonImmediateOops: No
[1,332s][debug][gc,nmethod  ] Register NMethod: jdk.internal.classfile.impl.DirectCodeBuilder.writeExceptionHandlers (0x00007cb6136c3808) [0x00007cb6136c3900, 0x00007cb6136c4420] Compiler: c1, Barriers: 3, Oops: 0, ImmediateOops: 0, NonImmediateOops: No
[1,332s][debug][gc,nmethod  ] Register NMethod: jdk.internal.classfile.impl.EntryMap.firstToken (0x00007cb632c3f988) [0x00007cb632c3fa80, 0x00007cb632c3fca0] Compiler: jvmci, Barriers: 1, Oops: 0, ImmediateOops: 0, NonImmediateOops: No
[1,332s][debug][gc,nmethod  ] Register NMethod: jdk.internal.classfile.impl.DirectMethodBuilder.writeTo (0x00007cb6136c4488) [0x00007cb6136c4580, 0x00007cb6136c8b90] Compiler: c1, Barriers: 5, Oops: 1, ImmediateOops: 6, NonImmediateOops: No
[1,332s][debug][gc,nmethod  ] Register NMethod: jdk.internal.loader.BuiltinClassLoader.moduleReaderFor (0x00007cb6136c8c08) [0x00007cb6136c8d00, 0x00007cb6136c9908] Compiler: c1, Barriers: 5, Oops: 0, ImmediateOops: 0, NonImmediateOops: No
[1,332s][debug][gc,nmethod  ] Register NMethod: jdk.internal.jimage.ImageStringsReader.hashCode (0x00007cb6136c9988) [0x00007cb6136c9a80, 0x00007cb6136c9c30] Compiler: c1, Barriers: 0, Oops: 0, ImmediateOops: 0, NonImmediateOops: No
[1,332s][debug][gc,nmethod  ] Register NMethod: jdk.internal.jimage.BasicImageReader.getLocationIndex (0x00007cb6136c9c88) [0x00007cb6136c9d80, 0x00007cb6136ca548] Compiler: c1, Barriers: 2, Oops: 0, ImmediateOops: 0, NonImmediateOops: No
[1,332s][debug][gc,director ] Rule Major: Warmup 10%, Used: 72MB, UsedThreshold: 1228MB
[1,332s][debug][gc,nmethod  ] Register NMethod: jdk.internal.classfile.impl.DirectCodeBuilder$4.writeBody (0x00007cb6136ca588) [0x00007cb6136ca680, 0x00007cb6136ce668] Compiler: c1, Barriers: 31, Oops: 1, ImmediateOops: 6, NonImmediateOops: No
[1,332s][debug][gc,nmethod  ] Register NMethod: jdk.internal.jimage.ImageReader.verifyLocation (0x00007cb6136ce688) [0x00007cb6136ce780, 0x00007cb6136cec30] Compiler: c1, Barriers: 1, Oops: 0, ImmediateOops: 1, NonImmediateOops: No
[1,332s][debug][gc,nmethod  ] Register NMethod: jdk.internal.jimage.BasicImageReader.verifyLocation (0x00007cb6136cec88) [0x00007cb6136ced80, 0x00007cb6136cf218] Compiler: c1, Barriers: 3, Oops: 0, ImmediateOops: 0, NonImmediateOops: No
[1,332s][debug][gc,nmethod  ] Register NMethod: java.lang.ref.SoftReference.<init> (0x00007cb6136cf288) [0x00007cb6136cf380, 0x00007cb6136cf6c8] Compiler: c1, Barriers: 6, Oops: 0, ImmediateOops: 2, NonImmediateOops: No
[1,332s][debug][gc,nmethod  ] Register NMethod: jdk.internal.module.SystemModuleFinders$SystemModuleReader.find (0x00007cb6136cf708) [0x00007cb6136cf800, 0x00007cb6136d0e70] Compiler: c1, Barriers: 5, Oops: 2, ImmediateOops: 4, NonImmediateOops: No
[1,332s][debug][gc,nmethod  ] Register NMethod: jdk.internal.module.SystemModuleFinders$SystemModuleReader.containsImageLocation (0x00007cb6136d0e88) [0x00007cb6136d0f80, 0x00007cb6136d1960] Compiler: c1, Barriers: 2, Oops: 1, ImmediateOops: 4, NonImmediateOops: No
[1,332s][debug][gc,nmethod  ] Register NMethod: java.io.File.exists (0x00007cb6136d1988) [0x00007cb6136d1a80, 0x00007cb6136d1e30] Compiler: c1, Barriers: 0, Oops: 0, ImmediateOops: 1, NonImmediateOops: No
[1,333s][debug][gc,nmethod  ] Register NMethod: java.util.concurrent.ConcurrentHashMap.putVal (0x00007cb6136d1e88) [0x00007cb6136d1f80, 0x00007cb6136d44c8] Compiler: c1, Barriers: 28, Oops: 0, ImmediateOops: 1, NonImmediateOops: No
[1,333s][debug][gc,nmethod  ] Register NMethod: java.lang.StringBuilder.<init> (0x00007cb6136d4508) [0x00007cb6136d4600, 0x00007cb6136d4730] Compiler: c1, Barriers: 0, Oops: 0, ImmediateOops: 0, NonImmediateOops: No
[1,333s][debug][gc,nmethod  ] Register NMethod: java.lang.String.codePointAt (0x00007cb6136d4808) [0x00007cb6136d4900, 0x00007cb6136d4f58] Compiler: c1, Barriers: 2, Oops: 1, ImmediateOops: 2, NonImmediateOops: No
[1,333s][debug][gc,nmethod  ] Register NMethod: java.util.zip.ZipFile.getManifestName (0x00007cb6136d4f88) [0x00007cb6136d5080, 0x00007cb6136d5548] Compiler: c1, Barriers: 3, Oops: 0, ImmediateOops: 0, NonImmediateOops: No
[1,333s][debug][gc,nmethod  ] Register NMethod: jdk.internal.loader.URLClassPath$JarLoader.getResource (0x00007cb632c3fd08) [0x00007cb632c3fe00, 0x00007cb632c414f0] Compiler: jvmci, Barriers: 19, Oops: 2, ImmediateOops: 8, NonImmediateOops: No
[1,334s][debug][gc,nmethod  ] Register NMethod: jdk.internal.reflect.Reflection.getClassAccessFlags (0x00007cb632c41508) [0x00007cb632c41600, 0x00007cb632c41768] Compiler: , Barriers: 0, Oops: 0, ImmediateOops: 1, NonImmediateOops: No
[1,335s][debug][gc,nmethod  ] Register NMethod: jdk.internal.misc.Unsafe.fullFence (0x00007cb632c41808) [0x00007cb632c41900, 0x00007cb632c41a48] Compiler: , Barriers: 0, Oops: 0, ImmediateOops: 0, NonImmediateOops: No
[1,337s][debug][gc,nmethod  ] Register NMethod: java.lang.Package.isSealed (0x00007cb6136d5588) [0x00007cb6136d5680, 0x00007cb6136d5d08] Compiler: c1, Barriers: 4, Oops: 0, ImmediateOops: 0, NonImmediateOops: No
[1,338s][debug][gc,nmethod  ] Register NMethod: java.lang.invoke.MethodHandle.linkToStatic (0x00007cb632c41b08) [0x00007cb632c41c00, 0x00007cb632c41cf0] Compiler: , Barriers: 0, Oops: 0, ImmediateOops: 0, NonImmediateOops: No
[1,338s][debug][gc,nmethod  ] Register NMethod: java.lang.invoke.MethodHandleNatives.refKindIsField (0x00007cb6136d5d88) [0x00007cb6136d5e80, 0x00007cb6136d5fc0] Compiler: c1, Barriers: 0, Oops: 0, ImmediateOops: 0, NonImmediateOops: No
[1,339s][debug][gc,nmethod  ] Register NMethod: java.lang.AbstractStringBuilder.<init> (0x00007cb632c41e08) [0x00007cb632c41f00, 0x00007cb632c42170] Compiler: jvmci, Barriers: 3, Oops: 0, ImmediateOops: 0, NonImmediateOops: No
[1,339s][debug][gc,nmethod  ] Register NMethod: sun.net.www.ParseUtil.firstEncodeIndex (0x00007cb632c42188) [0x00007cb632c42280, 0x00007cb632c42868] Compiler: jvmci, Barriers: 1, Oops: 0, ImmediateOops: 0, NonImmediateOops: No
[1,339s][debug][gc,nmethod  ] Register NMethod: jdk.internal.jimage.ImageStringsReader.unmaskedHashCode (0x00007cb632c42888) [0x00007cb632c42980, 0x00007cb632c42e50] Compiler: jvmci, Barriers: 1, Oops: 0, ImmediateOops: 0, NonImmediateOops: No
[1,339s][debug][gc,nmethod  ] Register NMethod: java.util.logging.LogManager$LoggerContext.getOwner (0x00007cb632c42e88) [0x00007cb632c42f80, 0x00007cb632c43068] Compiler: c1, Barriers: 1, Oops: 0, ImmediateOops: 0, NonImmediateOops: No
[1,340s][debug][gc,nmethod  ] Register NMethod: java.util.jar.JarFile.getVersionedEntry (0x00007cb6136d6088) [0x00007cb6136d6180, 0x00007cb6136d7cb0] Compiler: c1, Barriers: 3, Oops: 3, ImmediateOops: 5, NonImmediateOops: No
[1,340s][debug][gc,nmethod  ] Register NMethod: java.lang.invoke.MemberName.getReferenceKind (0x00007cb632c43188) [0x00007cb632c43280, 0x00007cb632c43310] Compiler: jvmci, Barriers: 0, Oops: 0, ImmediateOops: 0, NonImmediateOops: No
[1,340s][debug][gc,nmethod  ] Register NMethod: jdk.internal.jimage.ImageStringsReader.match (0x00007cb6136d7d08) [0x00007cb6136d7e00, 0x00007cb6136d8130] Compiler: c1, Barriers: 1, Oops: 0, ImmediateOops: 0, NonImmediateOops: No
[1,340s][debug][gc,nmethod  ] Register NMethod: jdk.internal.jimage.BasicImageReader.match (0x00007cb6136d8188) [0x00007cb6136d8280, 0x00007cb6136d86d8] Compiler: c1, Barriers: 1, Oops: 0, ImmediateOops: 1, NonImmediateOops: No
[1,341s][debug][gc,nmethod  ] Register NMethod: java.lang.invoke.MemberName.isCallerSensitive (0x00007cb6136d8708) [0x00007cb6136d8800, 0x00007cb6136d89b8] Compiler: c1, Barriers: 0, Oops: 0, ImmediateOops: 0, NonImmediateOops: No
[1,341s][debug][gc,nmethod  ] Register NMethod: jdk.internal.jimage.ImageStringsReader.stringFromByteBufferMatches (0x00007cb6136d8a08) [0x00007cb6136d8b00, 0x00007cb6136da9f0] Compiler: c1, Barriers: 5, Oops: 1, ImmediateOops: 4, NonImmediateOops: No
[1,341s][debug][gc,nmethod  ] Register NMethod: java.lang.invoke.Invokers$Holder.linkToTargetMethod (0x00007cb6136daa08) [0x00007cb6136dab00, 0x00007cb6136daff8] Compiler: c1, Barriers: 0, Oops: 0, ImmediateOops: 0, NonImmediateOops: No
[1,341s][debug][gc,nmethod  ] Register NMethod: jdk.internal.jimage.ImageLocation.verifyName (0x00007cb6136db008) [0x00007cb6136db100, 0x00007cb6136dd6d8] Compiler: c1, Barriers: 9, Oops: 1, ImmediateOops: 4, NonImmediateOops: No
[1,341s][debug][gc,nmethod  ] Register NMethod: java.util.Properties.getProperty (0x00007cb6136dd708) [0x00007cb6136dd800, 0x00007cb6136de0a0] Compiler: c1, Barriers: 2, Oops: 0, ImmediateOops: 0, NonImmediateOops: No
[1,342s][debug][gc,nmethod  ] Register NMethod: sun.net.www.protocol.file.Handler.parseURL (0x00007cb6136de108) [0x00007cb6136de200, 0x00007cb6136de570] Compiler: c1, Barriers: 0, Oops: 0, ImmediateOops: 0, NonImmediateOops: No
[1,342s][debug][gc,director ] Rule Major: Warmup 10%, Used: 74MB, UsedThreshold: 1228MB
[1,342s][debug][gc,nmethod  ] Register NMethod: java.lang.invoke.MethodHandle.linkToStatic (0x00007cb632c43488) [0x00007cb632c43580, 0x00007cb632c43670] Compiler: , Barriers: 0, Oops: 0, ImmediateOops: 0, NonImmediateOops: No
[1,342s][debug][gc,nmethod  ] Register NMethod: jdk.internal.misc.Unsafe.shouldBeInitialized0 (0x00007cb632c43788) [0x00007cb632c43880, 0x00007cb632c439f0] Compiler: , Barriers: 0, Oops: 0, ImmediateOops: 0, NonImmediateOops: No
[1,343s][debug][gc,nmethod  ] Register NMethod: java.lang.String.indexOf (0x00007cb632c43a88) [0x00007cb632c43b80, 0x00007cb632c43cc8] Compiler: jvmci, Barriers: 1, Oops: 0, ImmediateOops: 0, NonImmediateOops: No
[1,344s][debug][gc,nmethod  ] Register NMethod: jdk.internal.jimage.ImageLocation.verify (0x00007cb6136de588) [0x00007cb6136de680, 0x00007cb6136e00f0] Compiler: c1, Barriers: 1, Oops: 1, ImmediateOops: 2, NonImmediateOops: No
[1,344s][debug][gc,nmethod  ] Register NMethod: java.nio.DirectByteBuffer.get (0x00007cb632c43d88) [0x00007cb632c43e80, 0x00007cb632c43fa8] Compiler: jvmci, Barriers: 1, Oops: 0, ImmediateOops: 0, NonImmediateOops: No
[1,345s][debug][gc,nmethod  ] Register NMethod: jdk.internal.classfile.impl.AbstractPoolEntry$MethodRefEntryImpl.<init> (0x00007cb6136e0108) [0x00007cb6136e0200, 0x00007cb6136e0350] Compiler: c1, Barriers: 0, Oops: 0, ImmediateOops: 0, NonImmediateOops: No
[1,345s][debug][gc,nmethod  ] Register NMethod: java.util.stream.AbstractPipeline.getStreamAndOpFlags (0x00007cb632c44088) [0x00007cb632c44180, 0x00007cb632c44240] Compiler: c1, Barriers: 0, Oops: 0, ImmediateOops: 0, NonImmediateOops: No
[1,346s][debug][gc,nmethod  ] Register NMethod: java.nio.Buffer.position (0x00007cb632c44388) [0x00007cb632c44480, 0x00007cb632c44540] Compiler: c1, Barriers: 0, Oops: 0, ImmediateOops: 0, NonImmediateOops: No
[1,346s][debug][gc,nmethod  ] Register NMethod: java.nio.Buffer.hasRemaining (0x00007cb6136e0408) [0x00007cb6136e0500, 0x00007cb6136e0650] Compiler: c1, Barriers: 0, Oops: 0, ImmediateOops: 0, NonImmediateOops: No
[1,346s][debug][gc,nmethod  ] Register NMethod: java.lang.Character.isJavaIdentifierPart (0x00007cb6136e0708) [0x00007cb6136e0800, 0x00007cb6136e0b30] Compiler: c1, Barriers: 0, Oops: 0, ImmediateOops: 0, NonImmediateOops: No
[1,346s][debug][gc,nmethod  ] Register NMethod: java.lang.CharacterDataLatin1.isJavaIdentifierPart (0x00007cb6136e0b88) [0x00007cb6136e0c80, 0x00007cb6136e1018] Compiler: c1, Barriers: 0, Oops: 0, ImmediateOops: 1, NonImmediateOops: No
[1,347s][debug][gc,nmethod  ] Register NMethod: java.lang.invoke.InfoFromMemberName.getReferenceKind (0x00007cb632c44688) [0x00007cb632c44780, 0x00007cb632c44840] Compiler: c1, Barriers: 0, Oops: 0, ImmediateOops: 0, NonImmediateOops: No
[1,347s][debug][gc,nmethod  ] Register NMethod: java.lang.classfile.ClassFile.latestMajorVersion (0x00007cb632c44988) [0x00007cb632c44a80, 0x00007cb632c44b20] Compiler: c1, Barriers: 0, Oops: 0, ImmediateOops: 0, NonImmediateOops: No
[1,347s][debug][gc,nmethod  ] Register NMethod: java.lang.classfile.ClassFile.latestMinorVersion (0x00007cb632c44c88) [0x00007cb632c44d80, 0x00007cb632c44e20] Compiler: c1, Barriers: 0, Oops: 0, ImmediateOops: 0, NonImmediateOops: No
[1,347s][debug][gc,nmethod  ] Register NMethod: jdk.internal.classfile.impl.DirectClassBuilder.setFlags (0x00007cb632c44f88) [0x00007cb632c45080, 0x00007cb632c45140] Compiler: c1, Barriers: 0, Oops: 0, ImmediateOops: 0, NonImmediateOops: No
[1,347s][debug][gc,nmethod  ] Register NMethod: jdk.internal.classfile.impl.StackMapGenerator.processInvokeInstructions (0x00007cb6136e1088) [0x00007cb6136e1180, 0x00007cb6136e7c50] Compiler: c1, Barriers: 19, Oops: 5, ImmediateOops: 17, NonImmediateOops: No
[1,347s][debug][gc,nmethod  ] Register NMethod: jdk.internal.classfile.impl.Util.writeList (0x00007cb6136e7c88) [0x00007cb6136e7d80, 0x00007cb6136e8710] Compiler: c1, Barriers: 3, Oops: 0, ImmediateOops: 0, NonImmediateOops: No
[1,347s][debug][gc,nmethod  ] Register NMethod: jdk.internal.classfile.impl.BufWriterImpl.writeBytes (0x00007cb6136e8788) [0x00007cb6136e8880, 0x00007cb6136e8d70] Compiler: c1, Barriers: 2, Oops: 0, ImmediateOops: 0, NonImmediateOops: No
[1,347s][debug][gc,nmethod  ] Register NMethod: jdk.internal.classfile.impl.StackMapGenerator$Frame.popStack (0x00007cb6136e8d88) [0x00007cb6136e8e80, 0x00007cb6136e9178] Compiler: c1, Barriers: 4, Oops: 1, ImmediateOops: 1, NonImmediateOops: No
[1,347s][debug][gc,nmethod  ] Register NMethod: jdk.internal.classfile.impl.BufWriterImpl.copyTo (0x00007cb6136e9188) [0x00007cb6136e9280, 0x00007cb6136e9640] Compiler: c1, Barriers: 1, Oops: 0, ImmediateOops: 0, NonImmediateOops: No
[1,347s][debug][gc,nmethod  ] Register NMethod: java.lang.invoke.MethodHandles$Lookup.<init> (0x00007cb6136e9688) [0x00007cb6136e9780, 0x00007cb6136e99f0] Compiler: c1, Barriers: 6, Oops: 0, ImmediateOops: 0, NonImmediateOops: No
[1,347s][debug][gc,nmethod  ] Rebuilding NMethod Table: 2048->4096 entries, 1434(70%->35%) registered, 0(0%->0%) unregistered
[1,347s][debug][gc,nmethod  ] Register NMethod: java.io.UnixFileSystem.trimSeparator (0x00007cb6136e9a08) [0x00007cb6136e9b00, 0x00007cb6136eaaf0] Compiler: c1, Barriers: 1, Oops: 1, ImmediateOops: 2, NonImmediateOops: No
[1,348s][debug][gc,nmethod  ] Register NMethod: java.io.UnixFileSystem.resolve (0x00007cb6136eab08) [0x00007cb6136eac00, 0x00007cb6136ee090] Compiler: c1, Barriers: 1, Oops: 1, ImmediateOops: 7, NonImmediateOops: No
[1,348s][debug][gc,nmethod  ] Register NMethod: jdk.internal.classfile.impl.RawBytecodeHelper.next (0x00007cb632c45288) [0x00007cb632c45380, 0x00007cb632c455a8] Compiler: jvmci, Barriers: 2, Oops: 0, ImmediateOops: 1, NonImmediateOops: No
[1,348s][debug][gc,nmethod  ] Register NMethod: jdk.internal.classfile.impl.DirectCodeBuilder.checkcast (0x00007cb6136ee108) [0x00007cb6136ee200, 0x00007cb6136ee950] Compiler: c1, Barriers: 1, Oops: 0, ImmediateOops: 0, NonImmediateOops: No
[1,348s][debug][gc,nmethod  ] Register NMethod: java.lang.classfile.CodeBuilder.checkcast (0x00007cb6136ee988) [0x00007cb6136eea80, 0x00007cb6136ef3b8] Compiler: c1, Barriers: 2, Oops: 0, ImmediateOops: 0, NonImmediateOops: No
[1,348s][debug][gc,nmethod  ] Register NMethod: java.util.HashMap.getOrDefault (0x00007cb6136ef408) [0x00007cb6136ef500, 0x00007cb6136ef878] Compiler: c1, Barriers: 1, Oops: 0, ImmediateOops: 0, NonImmediateOops: No
[1,348s][debug][gc,nmethod  ] Register NMethod: java.io.File.<init> (0x00007cb6136ef888) [0x00007cb6136ef980, 0x00007cb6136f0848] Compiler: c1, Barriers: 15, Oops: 2, ImmediateOops: 6, NonImmediateOops: No
[1,349s][debug][gc,nmethod  ] Register NMethod: sun.net.util.IPAddressUtil.checkAuth (0x00007cb6136f0888) [0x00007cb6136f0980, 0x00007cb6136f1ec8] Compiler: c1, Barriers: 2, Oops: 2, ImmediateOops: 4, NonImmediateOops: No
[1,349s][debug][gc,nmethod  ] Register NMethod: java.net.URLStreamHandler.parseURL (0x00007cb6136f1f08) [0x00007cb6136f2000, 0x00007cb613710f18] Compiler: c1, Barriers: 68, Oops: 8, ImmediateOops: 75, NonImmediateOops: No
[1,349s][debug][gc,nmethod  ] Register NMethod: jdk.internal.loader.URLClassPath$FileLoader.getResource (0x00007cb613710f88) [0x00007cb613711080, 0x00007cb613713298] Compiler: c1, Barriers: 9, Oops: 1, ImmediateOops: 2, NonImmediateOops: No
[1,349s][debug][gc,nmethod  ] Register NMethod: java.lang.invoke.DirectMethodHandle.preparedLambdaForm (0x00007cb613713308) [0x00007cb613713400, 0x00007cb613714290] Compiler: c1, Barriers: 4, Oops: 0, ImmediateOops: 0, NonImmediateOops: No
[1,349s][debug][gc,nmethod  ] Register NMethod: java.lang.invoke.MethodHandleImpl.isCompileConstant (0x00007cb632c45608) [0x00007cb632c45700, 0x00007cb632c457a0] Compiler: c1, Barriers: 0, Oops: 0, ImmediateOops: 0, NonImmediateOops: No
[1,349s][debug][gc,nmethod  ] Register NMethod: java.lang.invoke.BoundMethodHandle.<init> (0x00007cb613714308) [0x00007cb613714400, 0x00007cb613714558] Compiler: c1, Barriers: 0, Oops: 0, ImmediateOops: 0, NonImmediateOops: No
[1,349s][debug][gc,nmethod  ] Register NMethod: jdk.internal.loader.URLClassPath$FileLoader.getResource (0x00007cb613710f88) [0x00007cb613711080, 0x00007cb613713298] Compiler: c1, Barriers: 9, Oops: 1, ImmediateOops: 2, NonImmediateOops: No
[1,350s][debug][gc,nmethod  ] Register NMethod: java.util.BitSet.length (0x00007cb613714608) [0x00007cb613714700, 0x00007cb6137149d8] Compiler: c1, Barriers: 1, Oops: 0, ImmediateOops: 0, NonImmediateOops: No
[1,352s][debug][gc,director ] Rule Major: Warmup 10%, Used: 74MB, UsedThreshold: 1228MB
[1,353s][debug][gc,nmethod  ] Register NMethod: jdk.internal.misc.Unsafe.putInt (0x00007cb632c45908) [0x00007cb632c45a00, 0x00007cb632c45b58] Compiler: , Barriers: 0, Oops: 0, ImmediateOops: 0, NonImmediateOops: No
[1,354s][debug][gc,nmethod  ] Register NMethod: jdk.internal.misc.Unsafe.getIntVolatile (0x00007cb632c45c08) [0x00007cb632c45d00, 0x00007cb632c45e68] Compiler: , Barriers: 0, Oops: 0, ImmediateOops: 0, NonImmediateOops: No
[1,356s][debug][gc,nmethod  ] Register NMethod: java.lang.ClassLoader.defineClass0 (0x00007cb632c45f08) [0x00007cb632c46000, 0x00007cb632c463b8] Compiler: , Barriers: 0, Oops: 0, ImmediateOops: 1, NonImmediateOops: No
[1,356s][debug][gc,nmethod  ] Register NMethod: jdk.internal.classfile.impl.ClassFileImpl.classHierarchyResolver (0x00007cb613714a08) [0x00007cb613714b00, 0x00007cb613714f00] Compiler: c1, Barriers: 1, Oops: 0, ImmediateOops: 1, NonImmediateOops: No
[1,356s][debug][gc,nmethod  ] Register NMethod: jdk.internal.classfile.impl.ClassHierarchyImpl.<init> (0x00007cb613714f08) [0x00007cb613715000, 0x00007cb613715770] Compiler: c1, Barriers: 3, Oops: 0, ImmediateOops: 0, NonImmediateOops: No
[1,356s][debug][gc,nmethod  ] Register NMethod: java.lang.invoke.DirectMethodHandle.preparedLambdaForm (0x00007cb613715788) [0x00007cb613715880, 0x00007cb6137182e8] Compiler: c1, Barriers: 10, Oops: 0, ImmediateOops: 0, NonImmediateOops: No
[1,356s][debug][gc,nmethod  ] Register NMethod: jdk.internal.classfile.impl.StackMapGenerator.of (0x00007cb613718308) [0x00007cb613718400, 0x00007cb613719970] Compiler: c1, Barriers: 14, Oops: 0, ImmediateOops: 0, NonImmediateOops: No
[1,356s][debug][gc,nmethod  ] Register NMethod: java.lang.classfile.ClassHierarchyResolver.cached (0x00007cb613719988) [0x00007cb613719a80, 0x00007cb613719d88] Compiler: c1, Barriers: 0, Oops: 0, ImmediateOops: 1, NonImmediateOops: No
[1,356s][debug][gc,nmethod  ] Register NMethod: java.lang.classfile.ClassHierarchyResolver.cached (0x00007cb613719e08) [0x00007cb613719f00, 0x00007cb61371a4d0] Compiler: c1, Barriers: 0, Oops: 0, ImmediateOops: 0, NonImmediateOops: No
[1,356s][debug][gc,nmethod  ] Register NMethod: java.lang.classfile.ClassHierarchyResolver$1Factory.get (0x00007cb61371a508) [0x00007cb61371a600, 0x00007cb61371aa90] Compiler: c1, Barriers: 0, Oops: 0, ImmediateOops: 0, NonImmediateOops: No
[1,357s][debug][gc,nmethod  ] Register NMethod: java.lang.classfile.ClassHierarchyResolver$1Factory.get (0x00007cb61371ab08) [0x00007cb61371ac00, 0x00007cb61371ae80] Compiler: c1, Barriers: 0, Oops: 0, ImmediateOops: 0, NonImmediateOops: No
[1,357s][debug][gc,nmethod  ] Register NMethod: jdk.internal.classfile.impl.StackMapGenerator.<init> (0x00007cb61371ae88) [0x00007cb61371af80, 0x00007cb61371cd70] Compiler: c1, Barriers: 42, Oops: 0, ImmediateOops: 2, NonImmediateOops: No
[1,357s][debug][gc,nmethod  ] Register NMethod: jdk.internal.classfile.impl.ClassHierarchyImpl$CachedClassHierarchyResolver.<init> (0x00007cb61371cd88) [0x00007cb61371ce80, 0x00007cb61371d2b8] Compiler: c1, Barriers: 9, Oops: 0, ImmediateOops: 0, NonImmediateOops: No
[1,357s][debug][gc,nmethod  ] Register NMethod: jdk.internal.classfile.impl.StackMapGenerator$Frame.setLocalsFromArg (0x00007cb61371d308) [0x00007cb61371d400, 0x00007cb61371f960] Compiler: c1, Barriers: 24, Oops: 1, ImmediateOops: 13, NonImmediateOops: No
[1,357s][debug][gc,nmethod  ] Register NMethod: jdk.internal.classfile.impl.ClassFileImpl.patchDeadCode (0x00007cb61371f988) [0x00007cb61371fa80, 0x00007cb61371fcc0] Compiler: c1, Barriers: 2, Oops: 0, ImmediateOops: 0, NonImmediateOops: No
[1,357s][debug][gc,nmethod  ] Register NMethod: jdk.internal.classfile.impl.ClassHierarchyImpl$CachedClassHierarchyResolver$1.<init> (0x00007cb61371fd08) [0x00007cb61371fe00, 0x00007cb613720128] Compiler: c1, Barriers: 3, Oops: 0, ImmediateOops: 0, NonImmediateOops: No
[1,357s][debug][gc,nmethod  ] Register NMethod: jdk.internal.classfile.impl.StackMapGenerator.detectFrames (0x00007cb613720188) [0x00007cb613720280, 0x00007cb6137238d8] Compiler: c1, Barriers: 7, Oops: 1, ImmediateOops: 2, NonImmediateOops: No
[1,357s][debug][gc,nmethod  ] Register NMethod: jdk.internal.classfile.impl.ClassFileImpl.dropDeadLabels (0x00007cb613723908) [0x00007cb613723a00, 0x00007cb613723c40] Compiler: c1, Barriers: 2, Oops: 0, ImmediateOops: 0, NonImmediateOops: No
[1,357s][debug][gc,nmethod  ] Register NMethod: jdk.internal.classfile.impl.StackMapGenerator.processMethod (0x00007cb613723c88) [0x00007cb613723d80, 0x00007cb6137262d8] Compiler: c1, Barriers: 15, Oops: 3, ImmediateOops: 4, NonImmediateOops: No
[1,357s][debug][gc,nmethod  ] Register NMethod: jdk.internal.classfile.impl.StackMapGenerator$Frame.<init> (0x00007cb613726308) [0x00007cb613726400, 0x00007cb613726568] Compiler: c1, Barriers: 0, Oops: 0, ImmediateOops: 0, NonImmediateOops: No
[1,357s][debug][gc,nmethod  ] Register NMethod: java.util.stream.AbstractPipeline.isParallel (0x00007cb613726608) [0x00007cb613726700, 0x00007cb613726838] Compiler: c1, Barriers: 1, Oops: 0, ImmediateOops: 0, NonImmediateOops: No
[1,357s][debug][gc,nmethod  ] Register NMethod: jdk.internal.classfile.impl.StackMapGenerator.isAnyFrameDirty (0x00007cb613726908) [0x00007cb613726a00, 0x00007cb613726c98] Compiler: c1, Barriers: 2, Oops: 0, ImmediateOops: 0, NonImmediateOops: No
[1,357s][debug][gc,nmethod  ] Register NMethod: jdk.internal.classfile.impl.StackMapGenerator$Frame.<init> (0x00007cb613726d08) [0x00007cb613726e00, 0x00007cb6137272d0] Compiler: c1, Barriers: 12, Oops: 0, ImmediateOops: 0, NonImmediateOops: No
[1,357s][debug][gc,nmethod  ] Register NMethod: jdk.internal.classfile.impl.StackMapGenerator.stackMapTableAttribute (0x00007cb613727308) [0x00007cb613727400, 0x00007cb613727638] Compiler: c1, Barriers: 0, Oops: 0, ImmediateOops: 1, NonImmediateOops: No
[1,357s][debug][gc,nmethod  ] Register NMethod: java.lang.invoke.MemberName.changeReferenceKind (0x00007cb613727688) [0x00007cb613727780, 0x00007cb6137278a0] Compiler: c1, Barriers: 0, Oops: 0, ImmediateOops: 0, NonImmediateOops: No
[1,358s][debug][gc,nmethod  ] Register NMethod: jdk.internal.classfile.impl.StackMapGenerator.generate (0x00007cb613727988) [0x00007cb613727a80, 0x00007cb613728540] Compiler: c1, Barriers: 7, Oops: 0, ImmediateOops: 0, NonImmediateOops: No
[1,358s][debug][gc,nmethod  ] Register NMethod: java.net.URLClassLoader.findClass (0x00007cb613728588) [0x00007cb613728680, 0x00007cb61372b620] Compiler: c1, Barriers: 6, Oops: 1, ImmediateOops: 8, NonImmediateOops: No
[1,358s][debug][gc,nmethod  ] Register NMethod: java.net.URLClassLoader.defineClass (0x00007cb61372b688) [0x00007cb61372b780, 0x00007cb61372f620] Compiler: c1, Barriers: 6, Oops: 1, ImmediateOops: 4, NonImmediateOops: No
[1,361s][debug][gc,nmethod  ] Register NMethod: java.util.regex.Pattern.has (0x00007cb61372f688) [0x00007cb61372f780, 0x00007cb61372f8d0] Compiler: c1, Barriers: 0, Oops: 0, ImmediateOops: 0, NonImmediateOops: No
[1,361s][debug][gc,nmethod  ] Register NMethod: sun.net.www.ParseUtil.firstEncodeIndex (0x00007cb632c46408) [0x00007cb632c46500, 0x00007cb632c46960] Compiler: jvmci, Barriers: 1, Oops: 0, ImmediateOops: 0, NonImmediateOops: No
[1,362s][debug][gc,nmethod  ] Register NMethod: jdk.internal.loader.Resource.cachedInputStream (0x00007cb61372f988) [0x00007cb61372fa80, 0x00007cb61372ffe0] Compiler: c1, Barriers: 5, Oops: 0, ImmediateOops: 0, NonImmediateOops: No
[1,362s][debug][gc,nmethod  ] Register NMethod: jdk.internal.loader.URLClassPath$JarLoader.findResource (0x00007cb613730008) [0x00007cb613730100, 0x00007cb613730490] Compiler: c1, Barriers: 0, Oops: 0, ImmediateOops: 0, NonImmediateOops: No
[1,362s][debug][gc,director ] Rule Major: Warmup 10%, Used: 76MB, UsedThreshold: 1228MB
[1,362s][debug][gc,nmethod  ] Register NMethod: java.util.zip.ZipFile.getMetaInfVersions (0x00007cb613730508) [0x00007cb613730600, 0x00007cb613731050] Compiler: c1, Barriers: 4, Oops: 0, ImmediateOops: 2, NonImmediateOops: No
[1,362s][debug][gc,nmethod  ] Register NMethod: java.util.BitSet.previousSetBit (0x00007cb613731088) [0x00007cb613731180, 0x00007cb613732300] Compiler: c1, Barriers: 1, Oops: 1, ImmediateOops: 2, NonImmediateOops: No
[1,362s][debug][gc,nmethod  ] Register NMethod: java.lang.invoke.DirectMethodHandle.preparedLambdaForm (0x00007cb613732388) [0x00007cb613732480, 0x00007cb613732598] Compiler: c1, Barriers: 0, Oops: 0, ImmediateOops: 0, NonImmediateOops: No
[1,363s][debug][gc,nmethod  ] Register NMethod: java.lang.invoke.MemberName.isVarargs (0x00007cb613732688) [0x00007cb613732780, 0x00007cb613732c78] Compiler: c1, Barriers: 0, Oops: 0, ImmediateOops: 0, NonImmediateOops: No
[1,363s][debug][gc,nmethod  ] Register NMethod: java.lang.invoke.MethodHandle.setVarargs (0x00007cb613732c88) [0x00007cb613732d80, 0x00007cb613734898] Compiler: c1, Barriers: 0, Oops: 2, ImmediateOops: 4, NonImmediateOops: No
[1,363s][debug][gc,nmethod  ] Register NMethod: java.lang.invoke.MethodHandles$Lookup.isArrayClone (0x00007cb613734908) [0x00007cb613734a00, 0x00007cb613735c78] Compiler: c1, Barriers: 7, Oops: 0, ImmediateOops: 2, NonImmediateOops: No
[1,363s][debug][gc,nmethod  ] Register NMethod: sun.invoke.util.VerifyAccess.isMemberAccessible (0x00007cb613735c88) [0x00007cb613735d80, 0x00007cb613738368] Compiler: c1, Barriers: 0, Oops: 1, ImmediateOops: 2, NonImmediateOops: No
[1,364s][debug][gc,nmethod  ] Register NMethod: jdk.internal.loader.Resource.getBytes (0x00007cb613738388) [0x00007cb613738480, 0x00007cb6137397e0] Compiler: c1, Barriers: 5, Oops: 0, ImmediateOops: 1, NonImmediateOops: No
[1,365s][debug][gc,nmethod  ] Register NMethod: java.lang.invoke.MethodHandleNatives.findMethodHandleType (0x00007cb613739808) [0x00007cb613739900, 0x00007cb613739a18] Compiler: c1, Barriers: 0, Oops: 0, ImmediateOops: 0, NonImmediateOops: No
[1,365s][debug][gc,nmethod  ] Register NMethod: java.lang.invoke.MethodHandle.linkToVirtual (0x00007cb632c46988) [0x00007cb632c46a80, 0x00007cb632c46aa8] Compiler: , Barriers: 0, Oops: 0, ImmediateOops: 0, NonImmediateOops: No
[1,365s][debug][gc,nmethod  ] Register NMethod: jdk.internal.loader.URLClassPath$JarLoader.getResource (0x00007cb632c46c88) [0x00007cb632c46d80, 0x00007cb632c48468] Compiler: jvmci, Barriers: 19, Oops: 2, ImmediateOops: 8, NonImmediateOops: No
[1,365s][debug][gc,nmethod  ] Register NMethod: jdk.internal.constant.ConstantUtils.concat (0x00007cb613739b08) [0x00007cb613739c00, 0x00007cb61373c268] Compiler: c1, Barriers: 6, Oops: 0, ImmediateOops: 7, NonImmediateOops: No
[1,366s][debug][gc,nmethod  ] Register NMethod: java.lang.System$1.concat (0x00007cb61373c288) [0x00007cb61373c380, 0x00007cb61373e998] Compiler: c1, Barriers: 6, Oops: 0, ImmediateOops: 6, NonImmediateOops: No
[1,366s][debug][gc,nmethod  ] Register NMethod: java.lang.invoke.MethodHandleNatives.refKindIsMethod (0x00007cb61373ea08) [0x00007cb61373eb00, 0x00007cb61373ed10] Compiler: c1, Barriers: 0, Oops: 0, ImmediateOops: 0, NonImmediateOops: No
[1,366s][debug][gc,nmethod  ] Register NMethod: jdk.internal.classfile.impl.SplitConstantPool.canWriteDirect (0x00007cb632c48488) [0x00007cb632c48580, 0x00007cb632c486c8] Compiler: jvmci, Barriers: 1, Oops: 0, ImmediateOops: 0, NonImmediateOops: No
[1,366s][debug][gc,nmethod  ] Register NMethod: jdk.internal.classfile.impl.BufWriterImpl.cpIndexOrZero (0x00007cb61373ed88) [0x00007cb61373ee80, 0x00007cb613741330] Compiler: c1, Barriers: 1, Oops: 1, ImmediateOops: 3, NonImmediateOops: No
[1,366s][debug][gc,nmethod  ] Register NMethod: jdk.internal.classfile.impl.Util.fieldTypeSymbol (0x00007cb613741388) [0x00007cb613741480, 0x00007cb613742888] Compiler: c1, Barriers: 5, Oops: 0, ImmediateOops: 0, NonImmediateOops: No
[1,367s][debug][gc,nmethod  ] Register NMethod: java.lang.invoke.MethodHandleNatives.refKindHasReceiver (0x00007cb613742908) [0x00007cb613742a00, 0x00007cb613742b40] Compiler: c1, Barriers: 0, Oops: 0, ImmediateOops: 0, NonImmediateOops: No
[1,368s][debug][gc,nmethod  ] Register NMethod: jdk.internal.classfile.impl.Util.buildingCode (0x00007cb613742c08) [0x00007cb613742d00, 0x00007cb613742fc0] Compiler: c1, Barriers: 3, Oops: 0, ImmediateOops: 0, NonImmediateOops: No
[1,368s][debug][gc,nmethod  ] Register NMethod: jdk.internal.classfile.impl.Util$1WithCodeMethodHandler.<init> (0x00007cb613743008) [0x00007cb613743100, 0x00007cb613743330] Compiler: c1, Barriers: 3, Oops: 0, ImmediateOops: 0, NonImmediateOops: No
[1,368s][debug][gc,nmethod  ] Register NMethod: java.lang.classfile.ClassBuilder.withMethodBody (0x00007cb613743388) [0x00007cb613743480, 0x00007cb6137439f8] Compiler: c1, Barriers: 3, Oops: 0, ImmediateOops: 0, NonImmediateOops: No
[1,368s][debug][gc,nmethod  ] Register NMethod: jdk.internal.classfile.impl.Util$1WithCodeMethodHandler.accept (0x00007cb613743a08) [0x00007cb613743b00, 0x00007cb613743d20] Compiler: c1, Barriers: 1, Oops: 0, ImmediateOops: 0, NonImmediateOops: No
[1,368s][debug][gc,nmethod  ] Register NMethod: jdk.internal.classfile.impl.Util$1WithCodeMethodHandler.accept (0x00007cb613743d88) [0x00007cb613743e80, 0x00007cb6137444d0] Compiler: c1, Barriers: 1, Oops: 0, ImmediateOops: 0, NonImmediateOops: No
[1,369s][debug][gc,nmethod  ] Register NMethod: jdk.internal.classfile.impl.EntryMap.put (0x00007cb632c48788) [0x00007cb632c48880, 0x00007cb632c48b60] Compiler: jvmci, Barriers: 1, Oops: 0, ImmediateOops: 0, NonImmediateOops: No
[1,370s][debug][gc,nmethod  ] Register NMethod: java.math.BigInteger.implMulAdd (0x00007cb613744508) [0x00007cb613744600, 0x00007cb613744820] Compiler: c1, Barriers: 0, Oops: 0, ImmediateOops: 0, NonImmediateOops: No
[1,370s][debug][gc,nmethod  ] Register NMethod: java.math.BigInteger.mulAdd (0x00007cb613744888) [0x00007cb613744980, 0x00007cb613744b10] Compiler: c1, Barriers: 0, Oops: 0, ImmediateOops: 0, NonImmediateOops: No
[1,370s][debug][gc,nmethod  ] Register NMethod: java.math.BigInteger.addOne (0x00007cb613744b88) [0x00007cb613744c80, 0x00007cb613744f98] Compiler: c1, Barriers: 0, Oops: 0, ImmediateOops: 0, NonImmediateOops: No
[1,371s][debug][gc,nmethod  ] Register NMethod: java.math.BigInteger.implMulAddCheck (0x00007cb613745008) [0x00007cb613745100, 0x00007cb613749090] Compiler: c1, Barriers: 0, Oops: 5, ImmediateOops: 11, NonImmediateOops: No
[1,372s][debug][gc,nmethod  ] Register NMethod: java.util.jar.JarFile.getJarEntry (0x00007cb632c48b88) [0x00007cb632c48c80, 0x00007cb632c4a248] Compiler: jvmci, Barriers: 14, Oops: 2, ImmediateOops: 8, NonImmediateOops: No
[1,372s][debug][gc,director ] Rule Major: Warmup 10%, Used: 78MB, UsedThreshold: 1228MB
[1,373s][debug][gc,nmethod  ] Register NMethod: java.math.BigInteger.<init> (0x00007cb613749108) [0x00007cb613749200, 0x00007cb613749708] Compiler: c1, Barriers: 4, Oops: 0, ImmediateOops: 1, NonImmediateOops: No
[1,373s][debug][gc,nmethod  ] Register NMethod: java.math.BigInteger.add (0x00007cb613749788) [0x00007cb613749880, 0x00007cb61374a018] Compiler: c1, Barriers: 0, Oops: 0, ImmediateOops: 0, NonImmediateOops: No
[1,374s][debug][gc,nmethod  ] Register NMethod: java.math.BigInteger.trustedStripLeadingZeroInts (0x00007cb61374a088) [0x00007cb61374a180, 0x00007cb61374a298] Compiler: c1, Barriers: 0, Oops: 0, ImmediateOops: 0, NonImmediateOops: No
[1,374s][debug][gc,nmethod  ] Register NMethod: java.math.BigInteger.stripLeadingZeroInts (0x00007cb61374a388) [0x00007cb61374a480, 0x00007cb61374a700] Compiler: c1, Barriers: 0, Oops: 0, ImmediateOops: 0, NonImmediateOops: No
[1,374s][debug][gc,nmethod  ] Register NMethod: java.math.BigInteger.shiftLeftImplWorker (0x00007cb61374a708) [0x00007cb61374a800, 0x00007cb61374aa18] Compiler: c1, Barriers: 0, Oops: 0, ImmediateOops: 0, NonImmediateOops: No
[1,374s][debug][gc,nmethod  ] Register NMethod: java.math.BigInteger.subtract (0x00007cb61374aa88) [0x00007cb61374ab80, 0x00007cb61374b078] Compiler: c1, Barriers: 0, Oops: 0, ImmediateOops: 0, NonImmediateOops: No
[1,375s][debug][gc,nmethod  ] Register NMethod: java.math.BigInteger.addOne (0x00007cb632c4a288) [0x00007cb632c4a380, 0x00007cb632c4a530] Compiler: jvmci, Barriers: 0, Oops: 0, ImmediateOops: 0, NonImmediateOops: No
[1,375s][debug][gc,nmethod  ] Register NMethod: java.math.BigInteger.mulAdd (0x00007cb632c4a588) [0x00007cb632c4a680, 0x00007cb632c4a7b8] Compiler: jvmci, Barriers: 0, Oops: 0, ImmediateOops: 0, NonImmediateOops: No
[1,375s][debug][gc,nmethod  ] Register NMethod: java.math.BigInteger.implSquareToLen (0x00007cb61374b088) [0x00007cb61374b180, 0x00007cb61374b618] Compiler: c1, Barriers: 0, Oops: 0, ImmediateOops: 0, NonImmediateOops: No
[1,375s][debug][gc,nmethod  ] Register NMethod: java.math.BigInteger.implMulAddCheck (0x00007cb632c4a888) [0x00007cb632c4a980, 0x00007cb632c4aaa8] Compiler: jvmci, Barriers: 0, Oops: 0, ImmediateOops: 0, NonImmediateOops: No
[1,375s][debug][gc,nmethod  ] Register NMethod: java.util.Objects.checkFromToIndex (0x00007cb61374b688) [0x00007cb61374b780, 0x00007cb61374b998] Compiler: c1, Barriers: 0, Oops: 0, ImmediateOops: 0, NonImmediateOops: No
[1,376s][debug][gc,nmethod  ] Register NMethod: java.util.concurrent.RecursiveTask.getRawResult (0x00007cb632c4ab88) [0x00007cb632c4ac80, 0x00007cb632c4ad68] Compiler: c1, Barriers: 1, Oops: 0, ImmediateOops: 0, NonImmediateOops: No
[1,376s][debug][gc,nmethod  ] Register NMethod: java.math.BigInteger.add (0x00007cb61374ba08) [0x00007cb61374bb00, 0x00007cb61374c3c0] Compiler: c1, Barriers: 6, Oops: 0, ImmediateOops: 1, NonImmediateOops: No
[1,376s][debug][gc,nmethod  ] Register NMethod: java.math.BigInteger.subtract (0x00007cb61374c408) [0x00007cb61374c500, 0x00007cb61374cef8] Compiler: c1, Barriers: 7, Oops: 0, ImmediateOops: 1, NonImmediateOops: No
[1,376s][debug][gc,nmethod  ] Register NMethod: java.math.BigInteger.implMulAdd (0x00007cb632c4ae88) [0x00007cb632c4af80, 0x00007cb632c4b358] Compiler: jvmci, Barriers: 0, Oops: 0, ImmediateOops: 0, NonImmediateOops: No
[1,377s][debug][gc,nmethod  ] Register NMethod: java.math.BigInteger.square (0x00007cb61374cf08) [0x00007cb61374d000, 0x00007cb61374d608] Compiler: c1, Barriers: 1, Oops: 0, ImmediateOops: 2, NonImmediateOops: No
[1,377s][debug][gc,nmethod  ] Register NMethod: java.math.BigInteger.shiftLeft (0x00007cb61374d688) [0x00007cb61374d780, 0x00007cb61374dad0] Compiler: c1, Barriers: 1, Oops: 0, ImmediateOops: 1, NonImmediateOops: No
[1,377s][debug][gc,nmethod  ] Register NMethod: java.math.BigInteger.compareMagnitude (0x00007cb61374db08) [0x00007cb61374dc00, 0x00007cb61374e0c8] Compiler: c1, Barriers: 2, Oops: 0, ImmediateOops: 0, NonImmediateOops: No
[1,377s][debug][gc,nmethod  ] Register NMethod: java.math.BigInteger.shiftLeft (0x00007cb61374e108) [0x00007cb61374e200, 0x00007cb61374eb18] Compiler: c1, Barriers: 0, Oops: 0, ImmediateOops: 0, NonImmediateOops: No
[1,378s][debug][gc,nmethod  ] Register NMethod: java.lang.constant.ClassDesc.isArray (0x00007cb632c4b388) [0x00007cb632c4b480, 0x00007cb632c4b540] Compiler: c1, Barriers: 0, Oops: 0, ImmediateOops: 0, NonImmediateOops: No
[1,380s][debug][gc,nmethod  ] Register NMethod: java.lang.classfile.TypeKind.from (0x00007cb61374eb88) [0x00007cb61374ec80, 0x00007cb61374f210] Compiler: c1, Barriers: 0, Oops: 0, ImmediateOops: 1, NonImmediateOops: No
[1,380s][debug][gc,nmethod  ] Register NMethod: java.lang.invoke.MethodHandles$Lookup.in (0x00007cb61374f288) [0x00007cb61374f380, 0x00007cb613752f90] Compiler: c1, Barriers: 9, Oops: 2, ImmediateOops: 6, NonImmediateOops: No
[1,380s][debug][gc,nmethod  ] Register NMethod: java.lang.classfile.constantpool.ConstantPoolBuilder.nameAndTypeEntry (0x00007cb613753008) [0x00007cb613753100, 0x00007cb613753820] Compiler: c1, Barriers: 0, Oops: 0, ImmediateOops: 0, NonImmediateOops: No
[1,381s][debug][gc,nmethod  ] Register NMethod: jdk.internal.loader.URLClassPath$JarLoader$1.getInputStream (0x00007cb613753888) [0x00007cb613753980, 0x00007cb613753d28] Compiler: c1, Barriers: 3, Oops: 0, ImmediateOops: 0, NonImmediateOops: No
[1,381s][debug][gc,nmethod  ] Register NMethod: jdk.internal.classfile.impl.SplitConstantPool.fieldRefEntry (0x00007cb613753d88) [0x00007cb613753e80, 0x00007cb6137567b8] Compiler: c1, Barriers: 6, Oops: 0, ImmediateOops: 0, NonImmediateOops: No
[1,381s][debug][gc,nmethod  ] Register NMethod: java.math.BigInteger.subtract (0x00007cb632c4b688) [0x00007cb632c4b780, 0x00007cb632c4bc50] Compiler: jvmci, Barriers: 0, Oops: 0, ImmediateOops: 0, NonImmediateOops: No
[1,382s][debug][gc,nmethod  ] Register NMethod: java.util.stream.PipelineHelper.<init> (0x00007cb613756808) [0x00007cb613756900, 0x00007cb613756a58] Compiler: c1, Barriers: 0, Oops: 0, ImmediateOops: 0, NonImmediateOops: No
[1,382s][debug][gc,nmethod  ] Register NMethod: java.lang.invoke.AbstractValidatingLambdaMetafactory.isAdaptableTo (0x00007cb613756b08) [0x00007cb613756c00, 0x00007cb6137587d0] Compiler: c1, Barriers: 2, Oops: 0, ImmediateOops: 0, NonImmediateOops: No
[1,382s][debug][gc,nmethod  ] Register NMethod: java.util.Arrays.hashCode (0x00007cb613758808) [0x00007cb613758900, 0x00007cb613758a80] Compiler: c1, Barriers: 0, Oops: 0, ImmediateOops: 0, NonImmediateOops: No
[1,382s][debug][gc,nmethod  ] Register NMethod: jdk.internal.util.ArraysSupport.hashCode (0x00007cb613758b08) [0x00007cb613758c00, 0x00007cb6137590b0] Compiler: c1, Barriers: 1, Oops: 0, ImmediateOops: 0, NonImmediateOops: No
[1,382s][debug][gc,nmethod  ] Register NMethod: jdk.internal.classfile.impl.BufWriterImpl.grow (0x00007cb613759108) [0x00007cb613759200, 0x00007cb613759490] Compiler: c1, Barriers: 4, Oops: 0, ImmediateOops: 0, NonImmediateOops: No
[1,383s][debug][gc,director ] Rule Major: Warmup 10%, Used: 80MB, UsedThreshold: 1228MB
[1,386s][debug][gc,nmethod  ] Register NMethod: java.math.BigInteger.add (0x00007cb632c4bc88) [0x00007cb632c4bd80, 0x00007cb632c4c660] Compiler: jvmci, Barriers: 0, Oops: 0, ImmediateOops: 0, NonImmediateOops: No
[1,386s][debug][gc,nmethod  ] Register NMethod: jdk.internal.classfile.impl.SplitConstantPool.internalAdd (0x00007cb632c4c688) [0x00007cb632c4c7a0, 0x00007cb632c4d2d8] Compiler: jvmci, Barriers: 11, Oops: 1, ImmediateOops: 0, NonImmediateOops: No
[1,387s][debug][gc,nmethod  ] Register NMethod: java.lang.invoke.MethodHandleNatives.canBeCalledVirtual (0x00007cb613759508) [0x00007cb613759600, 0x00007cb61375a098] Compiler: c1, Barriers: 5, Oops: 0, ImmediateOops: 2, NonImmediateOops: No
[1,387s][debug][gc,nmethod  ] Register NMethod: java.lang.invoke.MethodHandleNatives.isCallerSensitive (0x00007cb61375a108) [0x00007cb61375a200, 0x00007cb61375a988] Compiler: c1, Barriers: 0, Oops: 0, ImmediateOops: 0, NonImmediateOops: No
[1,387s][debug][gc,nmethod  ] Register NMethod: jdk.internal.classfile.impl.DirectCodeBuilder.fieldAccess (0x00007cb61375aa08) [0x00007cb61375ab00, 0x00007cb61375b438] Compiler: c1, Barriers: 1, Oops: 0, ImmediateOops: 0, NonImmediateOops: No
[1,387s][debug][gc,nmethod  ] Register NMethod: jdk.internal.classfile.impl.DirectClassBuilder.withMethod (0x00007cb61375b488) [0x00007cb61375b580, 0x00007cb61375bf38] Compiler: c1, Barriers: 9, Oops: 0, ImmediateOops: 0, NonImmediateOops: No
[1,387s][debug][gc,nmethod  ] Register NMethod: java.util.Arrays.copyOf (0x00007cb632c4d308) [0x00007cb632c4d400, 0x00007cb632c4d7d0] Compiler: jvmci, Barriers: 0, Oops: 0, ImmediateOops: 0, NonImmediateOops: No
[1,388s][debug][gc,nmethod  ] Register NMethod: java.lang.String.startsWith (0x00007cb632c4d808) [0x00007cb632c4d900, 0x00007cb632c4dbf8] Compiler: jvmci, Barriers: 2, Oops: 0, ImmediateOops: 0, NonImmediateOops: No
[1,389s][debug][gc,nmethod  ] Register NMethod: java.util.regex.Pattern.isSupplementary (0x00007cb61375bf88) [0x00007cb61375c080, 0x00007cb61375c2b8] Compiler: c1, Barriers: 0, Oops: 0, ImmediateOops: 0, NonImmediateOops: No
[1,389s][debug][gc,nmethod  ] Register NMethod: java.lang.Character.isSurrogate (0x00007cb61375c308) [0x00007cb61375c400, 0x00007cb61375c560] Compiler: c1, Barriers: 0, Oops: 0, ImmediateOops: 0, NonImmediateOops: No
[1,389s][debug][gc,nmethod  ] Register NMethod: jdk.internal.classfile.impl.DirectCodeBuilder$4.tryGenerateStackMaps (0x00007cb61375c608) [0x00007cb61375c700, 0x00007cb61375cd60] Compiler: c1, Barriers: 0, Oops: 0, ImmediateOops: 0, NonImmediateOops: No
[1,390s][debug][gc,nmethod  ] Register NMethod: java.lang.invoke.DirectMethodHandle$Holder.newInvokeSpecial (0x00007cb61375cd88) [0x00007cb61375ce80, 0x00007cb61375d6f8] Compiler: c1, Barriers: 2, Oops: 0, ImmediateOops: 1, NonImmediateOops: No
[1,390s][debug][gc,nmethod  ] Register NMethod: jdk.internal.classfile.impl.DirectCodeBuilder$4.generateStackMaps (0x00007cb61375d708) [0x00007cb61375d800, 0x00007cb61375e320] Compiler: c1, Barriers: 2, Oops: 0, ImmediateOops: 1, NonImmediateOops: No
[1,390s][debug][gc,nmethod  ] Register NMethod: java.util.logging.Logger.getName (0x00007cb632c4dc08) [0x00007cb632c4dd00, 0x00007cb632c4dde8] Compiler: c1, Barriers: 1, Oops: 0, ImmediateOops: 0, NonImmediateOops: No
[1,391s][debug][gc,nmethod  ] Register NMethod: jdk.internal.classfile.impl.DirectClassBuilder.setInterfaces (0x00007cb632c4df08) [0x00007cb632c4e000, 0x00007cb632c4e130] Compiler: c1, Barriers: 3, Oops: 0, ImmediateOops: 0, NonImmediateOops: No
[1,391s][debug][gc,nmethod  ] Register NMethod: java.lang.invoke.MethodHandleNatives.isPullModeBSM (0x00007cb632c4e208) [0x00007cb632c4e300, 0x00007cb632c4e3a0] Compiler: c1, Barriers: 0, Oops: 0, ImmediateOops: 0, NonImmediateOops: No
[1,392s][debug][gc,nmethod  ] Register NMethod: java.lang.Class.getEnclosingMethod0 (0x00007cb632c4e508) [0x00007cb632c4e600, 0x00007cb632c4e920] Compiler: , Barriers: 0, Oops: 0, ImmediateOops: 0, NonImmediateOops: No
[1,392s][debug][gc,nmethod  ] Register NMethod: java.lang.invoke.ConstantCallSite.getTarget (0x00007cb61375e388) [0x00007cb61375e480, 0x00007cb61375e6b8] Compiler: c1, Barriers: 1, Oops: 0, ImmediateOops: 0, NonImmediateOops: No
[1,393s][debug][gc,director ] Rule Major: Warmup 10%, Used: 80MB, UsedThreshold: 1228MB
[1,393s][debug][gc,nmethod  ] Register NMethod: jdk.internal.util.ReferencedKeyMap.removeStaleReferences (0x00007cb632c4e988) [0x00007cb632c4ea80, 0x00007cb632c4ebb8] Compiler: jvmci, Barriers: 2, Oops: 0, ImmediateOops: 0, NonImmediateOops: No
[1,395s][debug][gc,nmethod  ] Register NMethod: jdk.internal.reflect.ReflectionFactory.getExecutableSharedParameterTypes (0x00007cb61375e708) [0x00007cb61375e800, 0x00007cb61375ebd0] Compiler: c1, Barriers: 1, Oops: 0, ImmediateOops: 0, NonImmediateOops: No
[1,395s][debug][gc,nmethod  ] Register NMethod: java.lang.reflect.ReflectAccess.getExecutableSharedParameterTypes (0x00007cb61375ec08) [0x00007cb61375ed00, 0x00007cb61375f008] Compiler: c1, Barriers: 0, Oops: 0, ImmediateOops: 0, NonImmediateOops: No
[1,395s][debug][gc,nmethod  ] Register NMethod: java.lang.reflect.ReflectAccess.copyMethod (0x00007cb61375f088) [0x00007cb61375f180, 0x00007cb61375f480] Compiler: c1, Barriers: 0, Oops: 0, ImmediateOops: 0, NonImmediateOops: No
[1,395s][debug][gc,nmethod  ] Register NMethod: jdk.internal.reflect.ReflectionFactory.copyMethod (0x00007cb61375f488) [0x00007cb61375f580, 0x00007cb61375f958] Compiler: c1, Barriers: 1, Oops: 0, ImmediateOops: 0, NonImmediateOops: No
[1,395s][debug][gc,nmethod  ] Register NMethod: java.util.LinkedHashMap$LinkedHashIterator.nextNode (0x00007cb61375f988) [0x00007cb61375fa80, 0x00007cb61375ff40] Compiler: c1, Barriers: 10, Oops: 0, ImmediateOops: 0, NonImmediateOops: No
[1,396s][debug][gc,nmethod  ] Register NMethod: java.util.LinkedHashMap$LinkedHashIterator.hasNext (0x00007cb61375ff88) [0x00007cb613760080, 0x00007cb613760200] Compiler: c1, Barriers: 1, Oops: 0, ImmediateOops: 0, NonImmediateOops: No
[1,396s][debug][gc,nmethod  ] Register NMethod: java.lang.reflect.Method.<init> (0x00007cb613760288) [0x00007cb613760380, 0x00007cb6137609f0] Compiler: c1, Barriers: 27, Oops: 0, ImmediateOops: 0, NonImmediateOops: No
[1,396s][debug][gc,nmethod  ] Register NMethod: java.lang.PublicMethods$Key.hashCode (0x00007cb613760a08) [0x00007cb613760b00, 0x00007cb613760d98] Compiler: c1, Barriers: 2, Oops: 0, ImmediateOops: 0, NonImmediateOops: No
[1,396s][debug][gc,nmethod  ] Register NMethod: java.lang.reflect.Method.copy (0x00007cb613760e08) [0x00007cb613760f00, 0x00007cb613761600] Compiler: c1, Barriers: 21, Oops: 0, ImmediateOops: 1, NonImmediateOops: No
[1,396s][debug][gc,nmethod  ] Register NMethod: jdk.internal.reflect.Reflection.areNestMates (0x00007cb632c4ec88) [0x00007cb632c4ed80, 0x00007cb632c4ef08] Compiler: , Barriers: 0, Oops: 0, ImmediateOops: 1, NonImmediateOops: No
[1,397s][debug][gc,nmethod  ] Register NMethod: java.lang.invoke.DirectMethodHandle.isCrackable (0x00007cb632c4ef88) [0x00007cb632c4f080, 0x00007cb632c4f140] Compiler: c1, Barriers: 0, Oops: 0, ImmediateOops: 0, NonImmediateOops: No
[1,397s][debug][gc,nmethod  ] Register NMethod: java.lang.Integer.compare (0x00007cb613761608) [0x00007cb613761700, 0x00007cb6137618b0] Compiler: c1, Barriers: 0, Oops: 0, ImmediateOops: 0, NonImmediateOops: No
[1,397s][debug][gc,nmethod  ] Register NMethod: org.junit.platform.commons.util.ReflectionUtils$$Lambda/0x000000002617d518.compare (0x00007cb613761908) [0x00007cb613761a00, 0x00007cb613761f40] Compiler: c1, Barriers: 0, Oops: 1, ImmediateOops: 0, NonImmediateOops: No
[1,397s][debug][gc,nmethod  ] Register NMethod: java.lang.invoke.InnerClassLambdaMetafactory.methodDesc (0x00007cb613761f88) [0x00007cb613762080, 0x00007cb6137650d8] Compiler: c1, Barriers: 25, Oops: 2, ImmediateOops: 5, NonImmediateOops: No
[1,397s][debug][gc,nmethod  ] Register NMethod: org.junit.platform.commons.util.ReflectionUtils.defaultMethodSorter (0x00007cb613765108) [0x00007cb613765200, 0x00007cb613766418] Compiler: c1, Barriers: 2, Oops: 1, ImmediateOops: 0, NonImmediateOops: No
[1,397s][debug][gc,nmethod  ] Register NMethod: java.lang.String.<init> (0x00007cb632c4f288) [0x00007cb632c4f380, 0x00007cb632c4f760] Compiler: jvmci, Barriers: 4, Oops: 0, ImmediateOops: 0, NonImmediateOops: No
[1,397s][debug][gc,nmethod  ] Register NMethod: sun.reflect.generics.parser.SignatureParser.skipIdentifier (0x00007cb613766488) [0x00007cb613766580, 0x00007cb613766bf8] Compiler: c1, Barriers: 0, Oops: 0, ImmediateOops: 0, NonImmediateOops: No
[1,398s][debug][gc,nmethod  ] Register NMethod: java.util.LinkedHashMap$LinkedValueIterator.next (0x00007cb613766c08) [0x00007cb613766d00, 0x00007cb613767030] Compiler: c1, Barriers: 1, Oops: 0, ImmediateOops: 0, NonImmediateOops: No
[1,398s][debug][gc,nmethod  ] Register NMethod: jdk.internal.classfile.impl.StackCounter$Target.<init> (0x00007cb613767088) [0x00007cb613767180, 0x00007cb613767340] Compiler: c1, Barriers: 0, Oops: 0, ImmediateOops: 0, NonImmediateOops: No
[1,398s][debug][gc,nmethod  ] Register NMethod: jdk.internal.classfile.impl.StackCounter.next (0x00007cb613767388) [0x00007cb613767480, 0x00007cb613768780] Compiler: c1, Barriers: 6, Oops: 1, ImmediateOops: 2, NonImmediateOops: No
[1,398s][debug][gc,nmethod  ] Register NMethod: java.lang.Record.<init> (0x00007cb632c4f788) [0x00007cb632c4f880, 0x00007cb632c4f900] Compiler: jvmci, Barriers: 0, Oops: 0, ImmediateOops: 0, NonImmediateOops: No
[1,399s][debug][gc,nmethod  ] Register NMethod: java.lang.Class.getAnnotationType (0x00007cb632c4fa88) [0x00007cb632c4fb80, 0x00007cb632c4fc70] Compiler: c1, Barriers: 1, Oops: 0, ImmediateOops: 0, NonImmediateOops: No
[1,399s][debug][gc,nmethod  ] Register NMethod: java.lang.invoke.LambdaForm$MH/0x0000000026084400.invoke (0x00007cb613768808) [0x00007cb613768900, 0x00007cb613769070] Compiler: c1, Barriers: 2, Oops: 1, ImmediateOops: 0, NonImmediateOops: No
[1,399s][debug][gc,nmethod  ] Register NMethod: java.lang.invoke.DirectMethodHandle$Holder.invokeSpecial (0x00007cb613769088) [0x00007cb613769180, 0x00007cb613769548] Compiler: c1, Barriers: 1, Oops: 0, ImmediateOops: 0, NonImmediateOops: No
[1,399s][debug][gc,nmethod  ] Register NMethod: java.nio.HeapByteBuffer.byteOffset (0x00007cb613769588) [0x00007cb613769680, 0x00007cb613769788] Compiler: c1, Barriers: 0, Oops: 0, ImmediateOops: 0, NonImmediateOops: No
[1,399s][debug][gc,nmethod  ] Register NMethod: java.nio.Buffer.nextGetIndex (0x00007cb613769888) [0x00007cb613769980, 0x00007cb613769b40] Compiler: c1, Barriers: 0, Oops: 0, ImmediateOops: 0, NonImmediateOops: No
[1,399s][debug][gc,nmethod  ] Register NMethod: java.lang.reflect.Executable.declaredAnnotations (0x00007cb613769b88) [0x00007cb613769c80, 0x00007cb61376ae50] Compiler: c1, Barriers: 6, Oops: 0, ImmediateOops: 1, NonImmediateOops: No
[1,399s][debug][gc,nmethod  ] Register NMethod: jdk.internal.misc.ScopedMemoryAccess.getShortUnalignedInternal (0x00007cb61376ae88) [0x00007cb61376af80, 0x00007cb61376b3d8] Compiler: c1, Barriers: 0, Oops: 0, ImmediateOops: 1, NonImmediateOops: No
[1,399s][debug][gc,nmethod  ] Register NMethod: java.nio.Buffer.position (0x00007cb61376b408) [0x00007cb61376b500, 0x00007cb61376b740] Compiler: c1, Barriers: 0, Oops: 0, ImmediateOops: 0, NonImmediateOops: No
[1,399s][debug][gc,nmethod  ] Register NMethod: jdk.internal.misc.ScopedMemoryAccess.getShortUnaligned (0x00007cb61376b788) [0x00007cb61376b880, 0x00007cb61376bdb8] Compiler: c1, Barriers: 0, Oops: 0, ImmediateOops: 1, NonImmediateOops: No
[1,399s][debug][gc,nmethod  ] Register NMethod: java.lang.reflect.Method.getRoot (0x00007cb61376be08) [0x00007cb61376bf00, 0x00007cb61376c200] Compiler: c1, Barriers: 1, Oops: 0, ImmediateOops: 0, NonImmediateOops: No
[1,399s][debug][gc,nmethod  ] Register NMethod: java.nio.HeapByteBuffer.getShort (0x00007cb61376c208) [0x00007cb61376c300, 0x00007cb61376d308] Compiler: c1, Barriers: 2, Oops: 1, ImmediateOops: 2, NonImmediateOops: No
[1,399s][debug][gc,nmethod  ] Register NMethod: java.lang.Class.getConstantPool (0x00007cb632c4fd88) [0x00007cb632c4fe80, 0x00007cb632c501a0] Compiler: , Barriers: 0, Oops: 0, ImmediateOops: 0, NonImmediateOops: No
[1,399s][debug][gc,nmethod  ] Register NMethod: java.lang.invoke.Invokers.maybeCustomize (0x00007cb61376d388) [0x00007cb61376d480, 0x00007cb61376d758] Compiler: c1, Barriers: 0, Oops: 0, ImmediateOops: 0, NonImmediateOops: No
[1,399s][debug][gc,nmethod  ] Register NMethod: java.lang.invoke.Invokers.checkExactType (0x00007cb61376d788) [0x00007cb61376d880, 0x00007cb61376dbe0] Compiler: c1, Barriers: 1, Oops: 0, ImmediateOops: 0, NonImmediateOops: No
[1,399s][debug][gc,nmethod  ] Register NMethod: java.lang.invoke.Invokers.checkCustomized (0x00007cb61376dc08) [0x00007cb61376dd00, 0x00007cb61376df20] Compiler: c1, Barriers: 2, Oops: 0, ImmediateOops: 0, NonImmediateOops: No
[1,399s][debug][gc,nmethod  ] Register NMethod: jdk.internal.reflect.ConstantPool.getUTF8At0 (0x00007cb632c50208) [0x00007cb632c50300, 0x00007cb632c50630] Compiler: , Barriers: 0, Oops: 0, ImmediateOops: 0, NonImmediateOops: No
[1,399s][debug][gc,nmethod  ] Register NMethod: java.lang.reflect.Method.getAnnotationBytes (0x00007cb632c50688) [0x00007cb632c50780, 0x00007cb632c50868] Compiler: c1, Barriers: 1, Oops: 0, ImmediateOops: 0, NonImmediateOops: No
[1,399s][debug][gc,nmethod  ] Register NMethod: java.lang.invoke.MethodHandle.maybeCustomize (0x00007cb61376df88) [0x00007cb61376e080, 0x00007cb61376e718] Compiler: c1, Barriers: 2, Oops: 0, ImmediateOops: 0, NonImmediateOops: No
[1,399s][debug][gc,nmethod  ] Register NMethod: sun.reflect.generics.visitor.Reifier.getFactory (0x00007cb632c50988) [0x00007cb632c50a80, 0x00007cb632c50b68] Compiler: c1, Barriers: 1, Oops: 0, ImmediateOops: 0, NonImmediateOops: No
[1,399s][debug][gc,nmethod  ] Register NMethod: sun.reflect.generics.tree.ClassTypeSignature.getPath (0x00007cb632c50c88) [0x00007cb632c50d80, 0x00007cb632c50e68] Compiler: c1, Barriers: 1, Oops: 0, ImmediateOops: 0, NonImmediateOops: No
[1,399s][debug][gc,nmethod  ] Register NMethod: sun.reflect.generics.tree.SimpleClassTypeSignature.getDollar (0x00007cb632c50f88) [0x00007cb632c51080, 0x00007cb632c51140] Compiler: c1, Barriers: 0, Oops: 0, ImmediateOops: 0, NonImmediateOops: No
[1,399s][debug][gc,nmethod  ] Register NMethod: sun.reflect.generics.tree.SimpleClassTypeSignature.getName (0x00007cb632c51288) [0x00007cb632c51380, 0x00007cb632c51468] Compiler: c1, Barriers: 1, Oops: 0, ImmediateOops: 0, NonImmediateOops: No
[1,399s][debug][gc,nmethod  ] Register NMethod: sun.reflect.generics.tree.SimpleClassTypeSignature.getTypeArguments (0x00007cb632c51588) [0x00007cb632c51680, 0x00007cb632c51768] Compiler: c1, Barriers: 1, Oops: 0, ImmediateOops: 0, NonImmediateOops: No
[1,399s][debug][gc,nmethod  ] Register NMethod: sun.reflect.annotation.AnnotationType.memberDefaults (0x00007cb632c51888) [0x00007cb632c51980, 0x00007cb632c51a68] Compiler: c1, Barriers: 1, Oops: 0, ImmediateOops: 0, NonImmediateOops: No
[1,400s][debug][gc,nmethod  ] Register NMethod: sun.reflect.annotation.AnnotationType.memberTypes (0x00007cb632c51b88) [0x00007cb632c51c80, 0x00007cb632c51d68] Compiler: c1, Barriers: 1, Oops: 0, ImmediateOops: 0, NonImmediateOops: No
[1,400s][debug][gc,nmethod  ] Register NMethod: java.lang.System$1.getAnnotationType (0x00007cb61376e788) [0x00007cb61376e880, 0x00007cb61376eb90] Compiler: c1, Barriers: 1, Oops: 0, ImmediateOops: 0, NonImmediateOops: No
[1,400s][debug][gc,nmethod  ] Register NMethod: sun.reflect.annotation.AnnotationType.retention (0x00007cb632c51e88) [0x00007cb632c51f80, 0x00007cb632c52068] Compiler: c1, Barriers: 1, Oops: 0, ImmediateOops: 0, NonImmediateOops: No
[1,400s][debug][gc,nmethod  ] Register NMethod: java.lang.invoke.MethodHandle.linkToInterface (0x00007cb632c52188) [0x00007cb632c52280, 0x00007cb632c523b0] Compiler: , Barriers: 0, Oops: 0, ImmediateOops: 0, NonImmediateOops: No
[1,400s][debug][gc,nmethod  ] Register NMethod: sun.reflect.annotation.AnnotationType.getInstance (0x00007cb61376ec08) [0x00007cb61376ed00, 0x00007cb61376f810] Compiler: c1, Barriers: 3, Oops: 0, ImmediateOops: 1, NonImmediateOops: No
[1,400s][debug][gc,nmethod  ] Register NMethod: java.util.stream.ReduceOps$3ReducingSink.accept (0x00007cb61376f888) [0x00007cb61376f980, 0x00007cb61376fcf8] Compiler: c1, Barriers: 2, Oops: 0, ImmediateOops: 0, NonImmediateOops: No
[1,401s][debug][gc,nmethod  ] Register NMethod: sun.reflect.generics.parser.SignatureParser.current (0x00007cb632c52488) [0x00007cb632c52580, 0x00007cb632c52748] Compiler: jvmci, Barriers: 2, Oops: 0, ImmediateOops: 0, NonImmediateOops: No
[1,401s][debug][gc,nmethod  ] Register NMethod: jdk.internal.classfile.impl.AbstractPseudoInstruction$ExceptionCatchImpl.tryStart (0x00007cb632c52788) [0x00007cb632c52880, 0x00007cb632c52968] Compiler: c1, Barriers: 1, Oops: 0, ImmediateOops: 0, NonImmediateOops: No
[1,401s][debug][gc,nmethod  ] Register NMethod: jdk.internal.classfile.impl.AbstractPseudoInstruction$ExceptionCatchImpl.handler (0x00007cb632c52a88) [0x00007cb632c52b80, 0x00007cb632c52c68] Compiler: c1, Barriers: 1, Oops: 0, ImmediateOops: 0, NonImmediateOops: No
[1,401s][debug][gc,nmethod  ] Register NMethod: jdk.internal.classfile.impl.AbstractPseudoInstruction$ExceptionCatchImpl.tryEnd (0x00007cb632c52d88) [0x00007cb632c52e80, 0x00007cb632c52f68] Compiler: c1, Barriers: 1, Oops: 0, ImmediateOops: 0, NonImmediateOops: No
[1,401s][debug][gc,nmethod  ] Register NMethod: jdk.internal.classfile.impl.AbstractPoolEntry$StringEntryImpl.tag (0x00007cb632c53088) [0x00007cb632c53180, 0x00007cb632c53240] Compiler: c1, Barriers: 0, Oops: 0, ImmediateOops: 0, NonImmediateOops: No
[1,401s][debug][gc,nmethod  ] Register NMethod: java.util.BitSet.checkInvariants (0x00007cb632c53388) [0x00007cb632c53480, 0x00007cb632c53500] Compiler: jvmci, Barriers: 0, Oops: 0, ImmediateOops: 0, NonImmediateOops: No
[1,402s][debug][gc,nmethod  ] Register NMethod: java.lang.invoke.TypeConvertingMethodAdapter.convertType (0x00007cb61376fd08) [0x00007cb61376fe00, 0x00007cb6137782e8] Compiler: c1, Barriers: 12, Oops: 3, ImmediateOops: 31, NonImmediateOops: No
[1,402s][debug][gc,nmethod  ] Register NMethod: java.lang.Class.forName (0x00007cb613778308) [0x00007cb613778400, 0x00007cb613778520] Compiler: c1, Barriers: 0, Oops: 0, ImmediateOops: 0, NonImmediateOops: No
[1,402s][debug][gc,nmethod  ] Register NMethod: jdk.internal.classfile.impl.DirectCodeBuilder.startLabel (0x00007cb632c53688) [0x00007cb632c53780, 0x00007cb632c53868] Compiler: c1, Barriers: 1, Oops: 0, ImmediateOops: 0, NonImmediateOops: No
[1,402s][debug][gc,nmethod  ] Register NMethod: jdk.internal.classfile.impl.Util.slotSize (0x00007cb613778608) [0x00007cb613778700, 0x00007cb6137789a0] Compiler: c1, Barriers: 0, Oops: 0, ImmediateOops: 3, NonImmediateOops: No
[1,402s][debug][gc,nmethod  ] Register NMethod: java.util.ImmutableCollections$List12.isEmpty (0x00007cb632c53988) [0x00007cb632c53a80, 0x00007cb632c53b40] Compiler: c1, Barriers: 0, Oops: 0, ImmediateOops: 0, NonImmediateOops: No
[1,402s][debug][gc,nmethod  ] Register NMethod: jdk.internal.classfile.impl.AbstractAttributeMapper.writeAttribute (0x00007cb613778a08) [0x00007cb613778b00, 0x00007cb61377a480] Compiler: c1, Barriers: 2, Oops: 0, ImmediateOops: 0, NonImmediateOops: No
[1,402s][debug][gc,nmethod  ] Register NMethod: jdk.internal.classfile.impl.AbstractPoolEntry$Utf8EntryImpl.charAt (0x00007cb61377a488) [0x00007cb61377a580, 0x00007cb61377b120] Compiler: c1, Barriers: 6, Oops: 1, ImmediateOops: 4, NonImmediateOops: No
[1,402s][debug][gc,nmethod  ] Register NMethod: java.lang.ClassLoader.getUnnamedModule (0x00007cb632c53c88) [0x00007cb632c53d80, 0x00007cb632c53e68] Compiler: c1, Barriers: 1, Oops: 0, ImmediateOops: 0, NonImmediateOops: No
[1,403s][debug][gc,nmethod  ] Register NMethod: java.util.stream.StreamOpFlag.getMask (0x00007cb61377b188) [0x00007cb61377b280, 0x00007cb61377b3e0] Compiler: c1, Barriers: 0, Oops: 0, ImmediateOops: 0, NonImmediateOops: No
[1,403s][debug][gc,nmethod  ] Register NMethod: java.util.stream.StreamOpFlag.combineOpFlags (0x00007cb61377b488) [0x00007cb61377b580, 0x00007cb61377b720] Compiler: c1, Barriers: 0, Oops: 0, ImmediateOops: 0, NonImmediateOops: No
[1,403s][debug][gc,director ] Rule Major: Warmup 10%, Used: 82MB, UsedThreshold: 1228MB
[1,403s][debug][gc,nmethod  ] Register NMethod: java.nio.ByteBuffer.position (0x00007cb61377b788) [0x00007cb61377b880, 0x00007cb61377b9c8] Compiler: c1, Barriers: 0, Oops: 0, ImmediateOops: 0, NonImmediateOops: No
[1,403s][debug][gc,nmethod  ] Register NMethod: jdk.internal.classfile.impl.UnboundAttribute$UnboundStackMapTableAttribute.entries (0x00007cb632c53f88) [0x00007cb632c54080, 0x00007cb632c54168] Compiler: c1, Barriers: 1, Oops: 0, ImmediateOops: 0, NonImmediateOops: No
[1,403s][debug][gc,nmethod  ] Register NMethod: jdk.internal.classfile.impl.StackMapDecoder$ObjectVerificationTypeInfoImpl.tag (0x00007cb632c54288) [0x00007cb632c54380, 0x00007cb632c54440] Compiler: c1, Barriers: 0, Oops: 0, ImmediateOops: 0, NonImmediateOops: No
[1,403s][debug][gc,nmethod  ] Register NMethod: jdk.internal.classfile.impl.AbstractPoolEntry$Utf8EntryImpl.length (0x00007cb61377ba88) [0x00007cb61377bb80, 0x00007cb61377bd38] Compiler: c1, Barriers: 1, Oops: 0, ImmediateOops: 1, NonImmediateOops: No
[1,403s][debug][gc,nmethod  ] Register NMethod: jdk.internal.classfile.impl.StackMapDecoder$ObjectVerificationTypeInfoImpl.className (0x00007cb632c54588) [0x00007cb632c54680, 0x00007cb632c54768] Compiler: c1, Barriers: 1, Oops: 0, ImmediateOops: 0, NonImmediateOops: No
[1,403s][debug][gc,nmethod  ] Register NMethod: jdk.internal.classfile.impl.RawBytecodeHelper.getIndexU1 (0x00007cb61377bd88) [0x00007cb61377be80, 0x00007cb61377c298] Compiler: c1, Barriers: 2, Oops: 0, ImmediateOops: 0, NonImmediateOops: No
[1,404s][debug][gc,nmethod  ] Register NMethod: java.util.List.of (0x00007cb61377c308) [0x00007cb61377c400, 0x00007cb61377c4e8] Compiler: c1, Barriers: 0, Oops: 0, ImmediateOops: 1, NonImmediateOops: No
[1,404s][debug][gc,nmethod  ] Register NMethod: jdk.internal.classfile.impl.DirectCodeBuilder.with (0x00007cb61377c608) [0x00007cb61377c700, 0x00007cb61377d920] Compiler: c1, Barriers: 2, Oops: 0, ImmediateOops: 0, NonImmediateOops: No
[1,404s][debug][gc,nmethod  ] Register NMethod: jdk.internal.classfile.impl.DirectCodeBuilder.with (0x00007cb61377d988) [0x00007cb61377da80, 0x00007cb61377e860] Compiler: c1, Barriers: 2, Oops: 0, ImmediateOops: 0, NonImmediateOops: No
[1,404s][debug][gc,nmethod  ] Register NMethod: java.lang.PublicMethods$MethodList.<init> (0x00007cb61377e888) [0x00007cb61377e980, 0x00007cb61377eb50] Compiler: c1, Barriers: 3, Oops: 0, ImmediateOops: 0, NonImmediateOops: No
[1,407s][debug][gc,nmethod  ] Register NMethod: jdk.internal.misc.Unsafe.weakCompareAndSetInt (0x00007cb61377eb88) [0x00007cb61377ec80, 0x00007cb61377ed98] Compiler: c1, Barriers: 0, Oops: 0, ImmediateOops: 0, NonImmediateOops: No
[1,409s][debug][gc,nmethod  ] Register NMethod: java.util.Collections$SingletonList.size (0x00007cb632c54888) [0x00007cb632c54980, 0x00007cb632c54a40] Compiler: c1, Barriers: 0, Oops: 0, ImmediateOops: 0, NonImmediateOops: No
[1,409s][debug][gc,nmethod  ] Register NMethod: java.lang.reflect.Method.getSharedExceptionTypes (0x00007cb632c54b88) [0x00007cb632c54c80, 0x00007cb632c54d68] Compiler: c1, Barriers: 1, Oops: 0, ImmediateOops: 0, NonImmediateOops: No
[1,410s][debug][gc,nmethod  ] Register NMethod: java.lang.reflect.Method.getParameterCount (0x00007cb61377ee88) [0x00007cb61377ef80, 0x00007cb61377f0b8] Compiler: c1, Barriers: 1, Oops: 0, ImmediateOops: 0, NonImmediateOops: No
[1,411s][debug][gc,nmethod  ] Register NMethod: java.util.Spliterators$ArraySpliterator.characteristics (0x00007cb632c54e88) [0x00007cb632c54f80, 0x00007cb632c55040] Compiler: c1, Barriers: 0, Oops: 0, ImmediateOops: 0, NonImmediateOops: No
[1,411s][debug][gc,nmethod  ] Register NMethod: java.util.stream.Collectors$CollectorImpl.characteristics (0x00007cb632c55188) [0x00007cb632c55280, 0x00007cb632c55368] Compiler: c1, Barriers: 1, Oops: 0, ImmediateOops: 0, NonImmediateOops: No
[1,411s][debug][gc,nmethod  ] Register NMethod: java.util.StringJoiner.checkAddLength (0x00007cb61377f188) [0x00007cb61377f280, 0x00007cb61377fe40] Compiler: c1, Barriers: 4, Oops: 0, ImmediateOops: 1, NonImmediateOops: No
[1,411s][debug][gc,nmethod  ] Register NMethod: java.lang.Class.privateGetDeclaredMethods (0x00007cb61377fe88) [0x00007cb61377ff80, 0x00007cb613780b00] Compiler: c1, Barriers: 10, Oops: 0, ImmediateOops: 2, NonImmediateOops: No
[1,411s][debug][gc,nmethod  ] Register NMethod: jdk.internal.classfile.impl.UnboundAttribute.writeTo (0x00007cb613780b08) [0x00007cb613780c00, 0x00007cb613780f68] Compiler: c1, Barriers: 1, Oops: 0, ImmediateOops: 0, NonImmediateOops: No
[1,411s][debug][gc,nmethod  ] Register NMethod: jdk.internal.classfile.impl.DirectClassBuilder.with (0x00007cb613780f88) [0x00007cb613781080, 0x00007cb613781e60] Compiler: c1, Barriers: 2, Oops: 0, ImmediateOops: 0, NonImmediateOops: No
[1,411s][debug][gc,nmethod  ] Register NMethod: jdk.internal.classfile.impl.DirectClassBuilder.with (0x00007cb613781e88) [0x00007cb613781f80, 0x00007cb6137831a0] Compiler: c1, Barriers: 2, Oops: 0, ImmediateOops: 0, NonImmediateOops: No
[1,411s][debug][gc,nmethod  ] Register NMethod: jdk.internal.classfile.impl.StackCounter.ensureLocalSlot (0x00007cb613783208) [0x00007cb613783300, 0x00007cb613783430] Compiler: c1, Barriers: 0, Oops: 0, ImmediateOops: 0, NonImmediateOops: No
[1,412s][debug][gc,nmethod  ] Register NMethod: java.util.ArrayDeque.<init> (0x00007cb613783508) [0x00007cb613783600, 0x00007cb6137838c0] Compiler: c1, Barriers: 3, Oops: 0, ImmediateOops: 0, NonImmediateOops: No
[1,412s][debug][gc,nmethod  ] Register NMethod: java.lang.Class.getInterfaces (0x00007cb613783908) [0x00007cb613783a00, 0x00007cb6137840d8] Compiler: c1, Barriers: 4, Oops: 0, ImmediateOops: 0, NonImmediateOops: No
[1,412s][debug][gc,nmethod  ] Register NMethod: sun.reflect.generics.parser.SignatureParser.advance (0x00007cb632c55488) [0x00007cb632c55580, 0x00007cb632c556f8] Compiler: jvmci, Barriers: 2, Oops: 0, ImmediateOops: 0, NonImmediateOops: No
[1,412s][debug][gc,nmethod  ] Register NMethod: jdk.internal.misc.Unsafe.allocateUninitializedArray (0x00007cb632c55788) [0x00007cb632c55880, 0x00007cb632c55ae8] Compiler: jvmci, Barriers: 0, Oops: 0, ImmediateOops: 1, NonImmediateOops: No
[1,412s][debug][gc,nmethod  ] Register NMethod: jdk.internal.loader.Resource.getByteBuffer (0x00007cb613784108) [0x00007cb613784200, 0x00007cb613784e80] Compiler: c1, Barriers: 5, Oops: 0, ImmediateOops: 0, NonImmediateOops: No
[1,413s][debug][gc,nmethod  ] Register NMethod: jdk.internal.loader.ClassLoaders$AppClassLoader.defineOrCheckPackage (0x00007cb613784e88) [0x00007cb613784f80, 0x00007cb6137850b0] Compiler: c1, Barriers: 0, Oops: 0, ImmediateOops: 0, NonImmediateOops: No
[1,413s][debug][gc,director ] Rule Major: Warmup 10%, Used: 82MB, UsedThreshold: 1228MB
[1,413s][debug][gc,nmethod  ] Register NMethod: jdk.internal.loader.BuiltinClassLoader.defineOrCheckPackage (0x00007cb613785188) [0x00007cb613785280, 0x00007cb6137863b8] Compiler: c1, Barriers: 0, Oops: 1, ImmediateOops: 2, NonImmediateOops: No
[1,413s][debug][gc,nmethod  ] Register NMethod: jdk.internal.loader.BuiltinClassLoader.defineClass (0x00007cb613786408) [0x00007cb613786500, 0x00007cb613789408] Compiler: c1, Barriers: 6, Oops: 0, ImmediateOops: 0, NonImmediateOops: No
[1,413s][debug][gc,nmethod  ] Register NMethod: jdk.internal.loader.BuiltinClassLoader.getAndVerifyPackage (0x00007cb613789488) [0x00007cb613789580, 0x00007cb61378c0d8] Compiler: c1, Barriers: 4, Oops: 4, ImmediateOops: 6, NonImmediateOops: No
[1,414s][debug][gc,nmethod  ] Register NMethod: java.util.concurrent.ConcurrentHashMap.get (0x00007cb61378c108) [0x00007cb61378c200, 0x00007cb61378d218] Compiler: c1, Barriers: 7, Oops: 0, ImmediateOops: 0, NonImmediateOops: No
[1,415s][debug][gc,nmethod  ] Register NMethod: java.lang.classfile.constantpool.LoadableConstantEntry.typeKind (0x00007cb61378d288) [0x00007cb61378d380, 0x00007cb61378d488] Compiler: c1, Barriers: 0, Oops: 0, ImmediateOops: 1, NonImmediateOops: No
[1,415s][debug][gc,nmethod  ] Register NMethod: jdk.internal.classfile.impl.BytecodeHelpers.ldcOpcode (0x00007cb61378d588) [0x00007cb61378d680, 0x00007cb61378de30] Compiler: c1, Barriers: 0, Oops: 0, ImmediateOops: 3, NonImmediateOops: No
[1,415s][debug][gc,nmethod  ] Register NMethod: java.util.List.of (0x00007cb61378de88) [0x00007cb61378df80, 0x00007cb61378ec88] Compiler: c1, Barriers: 15, Oops: 0, ImmediateOops: 2, NonImmediateOops: No
[1,415s][debug][gc,nmethod  ] Register NMethod: java.lang.CharacterData.of (0x00007cb632c55b08) [0x00007cb632c55c00, 0x00007cb632c55ce8] Compiler: jvmci, Barriers: 0, Oops: 0, ImmediateOops: 2, NonImmediateOops: No
[1,415s][debug][gc,nmethod  ] Register NMethod: jdk.internal.classfile.impl.DirectCodeBuilder.writeDirectLoadConstant (0x00007cb61378ed08) [0x00007cb61378ee00, 0x00007cb61378ff18] Compiler: c1, Barriers: 4, Oops: 0, ImmediateOops: 0, NonImmediateOops: No
[1,415s][debug][gc,nmethod  ] Register NMethod: jdk.internal.classfile.impl.DirectCodeBuilder.ldc (0x00007cb61378ff88) [0x00007cb613790080, 0x00007cb613790f38] Compiler: c1, Barriers: 2, Oops: 0, ImmediateOops: 0, NonImmediateOops: No
[1,415s][debug][gc,nmethod  ] Register NMethod: java.nio.Buffer.limit (0x00007cb613790f88) [0x00007cb613791080, 0x00007cb6137912f0] Compiler: c1, Barriers: 0, Oops: 0, ImmediateOops: 0, NonImmediateOops: No
[1,415s][debug][gc,nmethod  ] Register NMethod: java.lang.invoke.MethodHandle.keepsAlive (0x00007cb613791308) [0x00007cb613791400, 0x00007cb613792000] Compiler: c1, Barriers: 2, Oops: 0, ImmediateOops: 6, NonImmediateOops: No
[1,415s][debug][gc,nmethod  ] Register NMethod: java.lang.classfile.Attributes.stackMapTable (0x00007cb613792008) [0x00007cb613792100, 0x00007cb6137921e8] Compiler: c1, Barriers: 0, Oops: 0, ImmediateOops: 1, NonImmediateOops: No
[1,416s][debug][gc,nmethod  ] Register NMethod: jdk.internal.classfile.impl.AbstractPseudoInstruction.<init> (0x00007cb613792308) [0x00007cb613792400, 0x00007cb6137925b8] Compiler: c1, Barriers: 0, Oops: 0, ImmediateOops: 0, NonImmediateOops: No
[1,416s][debug][gc,nmethod  ] Register NMethod: jdk.internal.classfile.impl.AbstractPseudoInstruction$ExceptionCatchImpl.writeTo (0x00007cb613792608) [0x00007cb613792700, 0x00007cb613792a00] Compiler: c1, Barriers: 0, Oops: 0, ImmediateOops: 0, NonImmediateOops: No
[1,416s][debug][gc,nmethod  ] Register NMethod: jdk.internal.classfile.impl.AbstractPseudoInstruction$ExceptionCatchImpl.<init> (0x00007cb613792a08) [0x00007cb613792b00, 0x00007cb613793910] Compiler: c1, Barriers: 12, Oops: 0, ImmediateOops: 0, NonImmediateOops: No
[1,416s][debug][gc,nmethod  ] Register NMethod: java.lang.invoke.DirectMethodHandle$Constructor.<init> (0x00007cb613793988) [0x00007cb613793a80, 0x00007cb613793cd0] Compiler: c1, Barriers: 6, Oops: 0, ImmediateOops: 0, NonImmediateOops: No
[1,416s][debug][gc,nmethod  ] Register NMethod: jdk.internal.classfile.impl.BufWriterImpl.writeIndexOrZero (0x00007cb613793d08) [0x00007cb613793e00, 0x00007cb613794b10] Compiler: c1, Barriers: 2, Oops: 0, ImmediateOops: 0, NonImmediateOops: No
[1,416s][debug][gc,nmethod  ] Register NMethod: jdk.internal.reflect.ConstantPool.getUTF8At (0x00007cb613794b88) [0x00007cb613794c80, 0x00007cb613794df0] Compiler: c1, Barriers: 1, Oops: 0, ImmediateOops: 0, NonImmediateOops: No
[1,416s][debug][gc,nmethod  ] Register NMethod: java.lang.classfile.TypeKind.fromDescriptor (0x00007cb613794e88) [0x00007cb613794f80, 0x00007cb613796a70] Compiler: c1, Barriers: 0, Oops: 1, ImmediateOops: 14, NonImmediateOops: No
[1,416s][debug][gc,nmethod  ] Register NMethod: jdk.internal.classfile.impl.DirectCodeBuilder.addHandler (0x00007cb613796a88) [0x00007cb613796b80, 0x00007cb613798788] Compiler: c1, Barriers: 9, Oops: 0, ImmediateOops: 0, NonImmediateOops: No
[1,416s][debug][gc,nmethod  ] Register NMethod: java.util.BitSet.set (0x00007cb632c55e08) [0x00007cb632c55f00, 0x00007cb632c56070] Compiler: jvmci, Barriers: 1, Oops: 0, ImmediateOops: 0, NonImmediateOops: No
[1,417s][debug][gc,nmethod  ] Register NMethod: java.lang.CharacterDataLatin1.isWhitespace (0x00007cb632c56108) [0x00007cb632c56200, 0x00007cb632c562f8] Compiler: jvmci, Barriers: 0, Oops: 0, ImmediateOops: 1, NonImmediateOops: No
[1,417s][debug][gc,nmethod  ] Register NMethod: jdk.internal.loader.BuiltinClassLoader.findClassOnClassPathOrNull (0x00007cb613798808) [0x00007cb613798900, 0x00007cb61379b0c0] Compiler: c1, Barriers: 6, Oops: 1, ImmediateOops: 8, NonImmediateOops: No
[1,417s][debug][gc,nmethod  ] Register NMethod: java.lang.classfile.CodeBuilder.invoke (0x00007cb61379b108) [0x00007cb61379b200, 0x00007cb61379b998] Compiler: c1, Barriers: 2, Oops: 0, ImmediateOops: 0, NonImmediateOops: No
[1,417s][debug][gc,nmethod  ] Register NMethod: java.util.regex.Pattern.peek (0x00007cb61379ba08) [0x00007cb61379bb00, 0x00007cb61379bd80] Compiler: c1, Barriers: 1, Oops: 0, ImmediateOops: 0, NonImmediateOops: No
[1,418s][debug][gc,nmethod  ] Register NMethod: jdk.internal.classfile.impl.DirectCodeBuilder.invoke (0x00007cb61379bd88) [0x00007cb61379be80, 0x00007cb61379ecc8] Compiler: c1, Barriers: 7, Oops: 0, ImmediateOops: 1, NonImmediateOops: No
[1,420s][debug][gc,nmethod  ] Register NMethod: sun.invoke.util.VerifyAccess.ensureTypeVisible (0x00007cb61379ed08) [0x00007cb61379ee00, 0x00007cb61379f7d0] Compiler: c1, Barriers: 4, Oops: 0, ImmediateOops: 0, NonImmediateOops: No
[1,420s][debug][gc,nmethod  ] Register NMethod: java.lang.invoke.MemberName.isMethod (0x00007cb61379f808) [0x00007cb61379f900, 0x00007cb61379fab8] Compiler: c1, Barriers: 0, Oops: 0, ImmediateOops: 0, NonImmediateOops: No
[1,420s][debug][gc,nmethod  ] Register NMethod: jdk.internal.loader.AbstractClassLoaderValue.map (0x00007cb61379fb08) [0x00007cb61379fc00, 0x00007cb61379fff8] Compiler: c1, Barriers: 0, Oops: 0, ImmediateOops: 2, NonImmediateOops: No
[1,422s][debug][gc,nmethod  ] Register NMethod: jdk.internal.classfile.impl.SplitConstantPool.tryFindUtf8 (0x00007cb632c56408) [0x00007cb632c56520, 0x00007cb632c56e28] Compiler: jvmci, Barriers: 12, Oops: 0, ImmediateOops: 2, NonImmediateOops: No
[1,422s][debug][gc,nmethod  ] Register NMethod: jdk.internal.classfile.impl.StackCounter.<init> (0x00007cb6137a0008) [0x00007cb6137a0100, 0x00007cb6137b6ad0] Compiler: c1, Barriers: 95, Oops: 2, ImmediateOops: 18, NonImmediateOops: No
[1,422s][debug][gc,nmethod  ] Register NMethod: java.util.Collections$EmptySet.contains (0x00007cb632c56e88) [0x00007cb632c56f80, 0x00007cb632c57040] Compiler: c1, Barriers: 0, Oops: 0, ImmediateOops: 0, NonImmediateOops: No
[1,423s][debug][gc,nmethod  ] Register NMethod: java.lang.StringLatin1.compareTo (0x00007cb6137b6b08) [0x00007cb6137b6c00, 0x00007cb6137b6d30] Compiler: c1, Barriers: 0, Oops: 0, ImmediateOops: 0, NonImmediateOops: No
[1,423s][debug][gc,nmethod  ] Register NMethod: jdk.internal.util.ArraysSupport.mismatch (0x00007cb6137b6e08) [0x00007cb6137b6f00, 0x00007cb6137b72b8] Compiler: c1, Barriers: 0, Oops: 0, ImmediateOops: 0, NonImmediateOops: No
[1,423s][debug][gc,nmethod  ] Register NMethod: jdk.internal.util.ArraysSupport.vectorizedMismatch (0x00007cb6137b7308) [0x00007cb6137b7400, 0x00007cb6137b7810] Compiler: c1, Barriers: 0, Oops: 0, ImmediateOops: 0, NonImmediateOops: No
[1,423s][debug][gc,nmethod  ] Register NMethod: java.util.StringJoiner.add (0x00007cb6137b7888) [0x00007cb6137b7980, 0x00007cb6137b9138] Compiler: c1, Barriers: 15, Oops: 0, ImmediateOops: 1, NonImmediateOops: No
[1,423s][debug][gc,director ] Rule Major: Warmup 10%, Used: 84MB, UsedThreshold: 1228MB
[1,423s][debug][gc,nmethod  ] Register NMethod: java.util.StringJoiner.toString (0x00007cb6137b9188) [0x00007cb6137b9280, 0x00007cb6137b9560] Compiler: c1, Barriers: 5, Oops: 0, ImmediateOops: 2, NonImmediateOops: No
[1,423s][debug][gc,nmethod  ] Register NMethod: java.lang.StringLatin1.compareTo (0x00007cb6137b9588) [0x00007cb6137b9680, 0x00007cb6137b99d0] Compiler: c1, Barriers: 0, Oops: 0, ImmediateOops: 0, NonImmediateOops: No
[1,423s][debug][gc,nmethod  ] Register NMethod: java.lang.StringConcatHelper.newArray (0x00007cb6137b9a08) [0x00007cb6137b9b00, 0x00007cb6137ba148] Compiler: c1, Barriers: 0, Oops: 0, ImmediateOops: 3, NonImmediateOops: No
[1,423s][debug][gc,nmethod  ] Register NMethod: java.util.StringJoiner.<init> (0x00007cb6137ba188) [0x00007cb6137ba280, 0x00007cb6137baf80] Compiler: c1, Barriers: 9, Oops: 3, ImmediateOops: 3, NonImmediateOops: No
[1,423s][debug][gc,nmethod  ] Register NMethod: java.util.stream.Collectors$$Lambda/0x00000000260e07a8.accept (0x00007cb6137bb008) [0x00007cb6137bb100, 0x00007cb6137bb828] Compiler: c1, Barriers: 0, Oops: 0, ImmediateOops: 0, NonImmediateOops: No
[1,423s][debug][gc,nmethod  ] Register NMethod: java.util.stream.StreamOpFlag.isKnown (0x00007cb6137bb888) [0x00007cb6137bb980, 0x00007cb6137bbad8] Compiler: c1, Barriers: 0, Oops: 0, ImmediateOops: 0, NonImmediateOops: No
[1,423s][debug][gc,nmethod  ] Register NMethod: java.util.stream.StreamSupport.stream (0x00007cb6137bbb88) [0x00007cb6137bbc80, 0x00007cb6137bc070] Compiler: c1, Barriers: 0, Oops: 0, ImmediateOops: 0, NonImmediateOops: No
[1,424s][debug][gc,nmethod  ] Register NMethod: java.lang.String.compareTo (0x00007cb6137bc088) [0x00007cb6137bc180, 0x00007cb6137bc9b0] Compiler: c1, Barriers: 2, Oops: 0, ImmediateOops: 0, NonImmediateOops: No
[1,424s][debug][gc,nmethod  ] Register NMethod: java.lang.Class.getTypeName (0x00007cb6137bca08) [0x00007cb6137bcb00, 0x00007cb6137c0090] Compiler: c1, Barriers: 11, Oops: 0, ImmediateOops: 5, NonImmediateOops: No
[1,424s][debug][gc,nmethod  ] Register NMethod: java.util.stream.AbstractPipeline.wrapSink (0x00007cb6137c0108) [0x00007cb6137c0200, 0x00007cb6137c0778] Compiler: c1, Barriers: 2, Oops: 0, ImmediateOops: 0, NonImmediateOops: No
[1,424s][debug][gc,nmethod  ] Register NMethod: java.lang.reflect.Executable$$Lambda/0x0000000026117c60.apply (0x00007cb6137c0788) [0x00007cb6137c0880, 0x00007cb6137c0bd0] Compiler: c1, Barriers: 0, Oops: 0, ImmediateOops: 0, NonImmediateOops: No
[1,424s][debug][gc,nmethod  ] Register NMethod: java.lang.System$1.join (0x00007cb6137c0c08) [0x00007cb6137c0d00, 0x00007cb6137c5340] Compiler: c1, Barriers: 14, Oops: 0, ImmediateOops: 4, NonImmediateOops: No
[1,424s][debug][gc,nmethod  ] Register NMethod: java.util.stream.StreamOpFlag.fromCharacteristics (0x00007cb6137c5388) [0x00007cb6137c5480, 0x00007cb6137c5a08] Compiler: c1, Barriers: 0, Oops: 0, ImmediateOops: 0, NonImmediateOops: No
[1,424s][debug][gc,nmethod  ] Register NMethod: java.util.stream.ReferencePipeline$Head.<init> (0x00007cb6137c5a88) [0x00007cb6137c5b80, 0x00007cb6137c5d10] Compiler: c1, Barriers: 0, Oops: 0, ImmediateOops: 0, NonImmediateOops: No
[1,424s][debug][gc,nmethod  ] Register NMethod: java.util.stream.ReferencePipeline.<init> (0x00007cb6137c5d88) [0x00007cb6137c5e80, 0x00007cb6137c5fb0] Compiler: c1, Barriers: 0, Oops: 0, ImmediateOops: 0, NonImmediateOops: No
[1,424s][debug][gc,nmethod  ] Register NMethod: java.util.stream.ReferencePipeline.<init> (0x00007cb6137c6088) [0x00007cb6137c6180, 0x00007cb6137c62b0] Compiler: c1, Barriers: 0, Oops: 0, ImmediateOops: 0, NonImmediateOops: No
[1,424s][debug][gc,nmethod  ] Register NMethod: java.util.stream.Collectors$CollectorImpl.supplier (0x00007cb632c57188) [0x00007cb632c57280, 0x00007cb632c57368] Compiler: c1, Barriers: 1, Oops: 0, ImmediateOops: 0, NonImmediateOops: No
[1,424s][debug][gc,nmethod  ] Register NMethod: java.util.stream.Collectors$CollectorImpl.accumulator (0x00007cb632c57488) [0x00007cb632c57580, 0x00007cb632c57668] Compiler: c1, Barriers: 1, Oops: 0, ImmediateOops: 0, NonImmediateOops: No
[1,424s][debug][gc,nmethod  ] Register NMethod: java.lang.String.join (0x00007cb6137c6388) [0x00007cb6137c6480, 0x00007cb6137caa48] Compiler: c1, Barriers: 14, Oops: 0, ImmediateOops: 4, NonImmediateOops: No
[1,424s][debug][gc,nmethod  ] Register NMethod: java.util.stream.AbstractPipeline.<init> (0x00007cb6137caa88) [0x00007cb6137cab80, 0x00007cb6137caec8] Compiler: c1, Barriers: 9, Oops: 0, ImmediateOops: 0, NonImmediateOops: No
[1,424s][debug][gc,nmethod  ] Register NMethod: java.util.stream.AbstractPipeline.<init> (0x00007cb6137caf08) [0x00007cb6137cb000, 0x00007cb6137cb590] Compiler: c1, Barriers: 10, Oops: 0, ImmediateOops: 1, NonImmediateOops: No
[1,424s][debug][gc,nmethod  ] Register NMethod: java.util.stream.Collectors$CollectorImpl.combiner (0x00007cb632c57788) [0x00007cb632c57880, 0x00007cb632c57968] Compiler: c1, Barriers: 1, Oops: 0, ImmediateOops: 0, NonImmediateOops: No
[1,424s][debug][gc,nmethod  ] Register NMethod: java.util.stream.ReduceOps$Box.get (0x00007cb632c57a88) [0x00007cb632c57b80, 0x00007cb632c57c68] Compiler: c1, Barriers: 1, Oops: 0, ImmediateOops: 0, NonImmediateOops: No
[1,424s][debug][gc,nmethod  ] Register NMethod: java.util.Spliterator.getExactSizeIfKnown (0x00007cb6137cb608) [0x00007cb6137cb700, 0x00007cb6137cbc50] Compiler: c1, Barriers: 0, Oops: 0, ImmediateOops: 0, NonImmediateOops: No
[1,424s][debug][gc,nmethod  ] Register NMethod: java.util.stream.ReferencePipeline$StatelessOp.<init> (0x00007cb6137cbc88) [0x00007cb6137cbd80, 0x00007cb6137cbf38] Compiler: c1, Barriers: 0, Oops: 0, ImmediateOops: 0, NonImmediateOops: No
[1,424s][debug][gc,nmethod  ] Register NMethod: java.util.stream.Sink$ChainedReference.<init> (0x00007cb6137cbf88) [0x00007cb6137cc080, 0x00007cb6137cc5b8] Compiler: c1, Barriers: 3, Oops: 0, ImmediateOops: 0, NonImmediateOops: No
[1,424s][debug][gc,nmethod  ] Register NMethod: java.util.stream.Sink$ChainedReference.end (0x00007cb6137cc608) [0x00007cb6137cc700, 0x00007cb6137cca40] Compiler: c1, Barriers: 1, Oops: 0, ImmediateOops: 0, NonImmediateOops: No
[1,425s][debug][gc,nmethod  ] Register NMethod: java.util.stream.Collectors$CollectorImpl.finisher (0x00007cb632c57d88) [0x00007cb632c57e80, 0x00007cb632c57f68] Compiler: c1, Barriers: 1, Oops: 0, ImmediateOops: 0, NonImmediateOops: No
[1,425s][debug][gc,nmethod  ] Register NMethod: java.util.stream.Sink.end (0x00007cb6137cca88) [0x00007cb6137ccb80, 0x00007cb6137ccc80] Compiler: c1, Barriers: 0, Oops: 0, ImmediateOops: 0, NonImmediateOops: No
[1,425s][debug][gc,nmethod  ] Register NMethod: java.util.stream.AbstractPipeline.wrapAndCopyInto (0x00007cb6137ccd88) [0x00007cb6137cce80, 0x00007cb6137cd6f0] Compiler: c1, Barriers: 0, Oops: 0, ImmediateOops: 0, NonImmediateOops: No
[1,425s][debug][gc,nmethod  ] Register NMethod: java.lang.reflect.Modifier.methodModifiers (0x00007cb632c58088) [0x00007cb632c58180, 0x00007cb632c58220] Compiler: c1, Barriers: 0, Oops: 0, ImmediateOops: 0, NonImmediateOops: No
[1,425s][debug][gc,nmethod  ] Register NMethod: java.util.stream.AbstractPipeline.copyInto (0x00007cb6137cd708) [0x00007cb6137cd800, 0x00007cb6137ce920] Compiler: c1, Barriers: 0, Oops: 1, ImmediateOops: 1, NonImmediateOops: No
[1,425s][debug][gc,nmethod  ] Register NMethod: java.lang.reflect.Method.isDefault (0x00007cb6137ce988) [0x00007cb6137cea80, 0x00007cb6137cf2a8] Compiler: c1, Barriers: 1, Oops: 0, ImmediateOops: 0, NonImmediateOops: No
[1,425s][debug][gc,nmethod  ] Register NMethod: java.lang.reflect.Method.getParameterTypes (0x00007cb6137cf308) [0x00007cb6137cf400, 0x00007cb6137cf978] Compiler: c1, Barriers: 1, Oops: 0, ImmediateOops: 0, NonImmediateOops: No
[1,425s][debug][gc,nmethod  ] Register NMethod: org.junit.internal.MethodSorter$1.compare (0x00007cb6137cf988) [0x00007cb6137cfa80, 0x00007cb6137d0178] Compiler: c1, Barriers: 0, Oops: 1, ImmediateOops: 0, NonImmediateOops: No
[1,425s][debug][gc,nmethod  ] Register NMethod: org.junit.internal.MethodSorter$1.compare (0x00007cb6137d0188) [0x00007cb6137d0280, 0x00007cb6137d1b08] Compiler: c1, Barriers: 4, Oops: 2, ImmediateOops: 1, NonImmediateOops: No
[1,425s][debug][gc,nmethod  ] Register NMethod: java.util.stream.AbstractPipeline.evaluate (0x00007cb6137d1b88) [0x00007cb6137d1c80, 0x00007cb6137d2d70] Compiler: c1, Barriers: 1, Oops: 0, ImmediateOops: 1, NonImmediateOops: No
[1,425s][debug][gc,nmethod  ] Register NMethod: java.util.Spliterators$ArraySpliterator.forEachRemaining (0x00007cb6137d2d88) [0x00007cb6137d2e80, 0x00007cb6137d3450] Compiler: c1, Barriers: 2, Oops: 0, ImmediateOops: 0, NonImmediateOops: No
[1,425s][debug][gc,nmethod  ] Register NMethod: java.util.stream.ReferencePipeline$3.<init> (0x00007cb6137d3488) [0x00007cb6137d3580, 0x00007cb6137d3960] Compiler: c1, Barriers: 3, Oops: 0, ImmediateOops: 0, NonImmediateOops: No
[1,425s][debug][gc,nmethod  ] Register NMethod: java.util.stream.Sink$ChainedReference.begin (0x00007cb6137d3988) [0x00007cb6137d3a80, 0x00007cb6137d3dc0] Compiler: c1, Barriers: 1, Oops: 0, ImmediateOops: 0, NonImmediateOops: No
[1,425s][debug][gc,nmethod  ] Register NMethod: java.util.stream.ReferencePipeline.map (0x00007cb6137d3e08) [0x00007cb6137d3f00, 0x00007cb6137d4410] Compiler: c1, Barriers: 3, Oops: 1, ImmediateOops: 0, NonImmediateOops: No
[1,425s][debug][gc,nmethod  ] Register NMethod: java.util.Spliterators$ArraySpliterator.<init> (0x00007cb6137d4488) [0x00007cb6137d4580, 0x00007cb6137d4778] Compiler: c1, Barriers: 3, Oops: 0, ImmediateOops: 0, NonImmediateOops: No
[1,425s][debug][gc,nmethod  ] Register NMethod: java.util.stream.ReferencePipeline$3.opWrapSink (0x00007cb6137d4788) [0x00007cb6137d4880, 0x00007cb6137d4ff8] Compiler: c1, Barriers: 7, Oops: 0, ImmediateOops: 0, NonImmediateOops: No
[1,425s][debug][gc,nmethod  ] Register NMethod: jdk.internal.classfile.impl.AbstractPoolEntry.maybeClone (0x00007cb632c58388) [0x00007cb632c58480, 0x00007cb632c58870] Compiler: jvmci, Barriers: 5, Oops: 0, ImmediateOops: 0, NonImmediateOops: No
[1,426s][debug][gc,nmethod  ] Register NMethod: java.util.stream.ReferencePipeline$3$1.<init> (0x00007cb6137d5008) [0x00007cb6137d5100, 0x00007cb6137d5858] Compiler: c1, Barriers: 6, Oops: 0, ImmediateOops: 0, NonImmediateOops: No
[1,426s][debug][gc,nmethod  ] Register NMethod: java.util.stream.Collectors$CollectorImpl.<init> (0x00007cb6137d5888) [0x00007cb6137d5980, 0x00007cb6137d5d80] Compiler: c1, Barriers: 15, Oops: 0, ImmediateOops: 0, NonImmediateOops: No
[1,426s][debug][gc,nmethod  ] Register NMethod: java.util.stream.AbstractPipeline.sourceSpliterator (0x00007cb6137d5d88) [0x00007cb6137d5e80, 0x00007cb6137d7948] Compiler: c1, Barriers: 14, Oops: 1, ImmediateOops: 2, NonImmediateOops: No
[1,426s][debug][gc,nmethod  ] Register NMethod: java.util.stream.ReduceOps$ReduceOp.<init> (0x00007cb6137d7988) [0x00007cb6137d7a80, 0x00007cb6137d7c50] Compiler: c1, Barriers: 3, Oops: 0, ImmediateOops: 0, NonImmediateOops: No
[1,426s][debug][gc,nmethod  ] Register NMethod: java.util.stream.ReduceOps$3.<init> (0x00007cb6137d7c88) [0x00007cb6137d7d80, 0x00007cb6137d8188] Compiler: c1, Barriers: 15, Oops: 0, ImmediateOops: 0, NonImmediateOops: No
[1,426s][debug][gc,nmethod  ] Register NMethod: java.util.stream.ReduceOps.makeRef (0x00007cb6137d8208) [0x00007cb6137d8300, 0x00007cb6137d8cc8] Compiler: c1, Barriers: 18, Oops: 1, ImmediateOops: 1, NonImmediateOops: No
[1,426s][debug][gc,nmethod  ] Register NMethod: java.util.stream.ReferencePipeline.collect (0x00007cb6137d8d08) [0x00007cb6137d8e00, 0x00007cb6137da958] Compiler: c1, Barriers: 7, Oops: 1, ImmediateOops: 4, NonImmediateOops: No
[1,426s][debug][gc,nmethod  ] Register NMethod: java.util.stream.ReduceOps$3.getOpFlags (0x00007cb6137da988) [0x00007cb6137daa80, 0x00007cb6137daec0] Compiler: c1, Barriers: 2, Oops: 0, ImmediateOops: 1, NonImmediateOops: No
[1,426s][debug][gc,nmethod  ] Register NMethod: java.util.stream.ReduceOps$3.makeSink (0x00007cb6137daf08) [0x00007cb6137db000, 0x00007cb6137db148] Compiler: c1, Barriers: 0, Oops: 0, ImmediateOops: 0, NonImmediateOops: No
[1,426s][debug][gc,nmethod  ] Register NMethod: java.util.stream.ReduceOps$3ReducingSink.<init> (0x00007cb6137db208) [0x00007cb6137db300, 0x00007cb6137db620] Compiler: c1, Barriers: 9, Oops: 0, ImmediateOops: 0, NonImmediateOops: No
[1,426s][debug][gc,nmethod  ] Register NMethod: java.util.stream.ReduceOps$Box.<init> (0x00007cb6137db688) [0x00007cb6137db780, 0x00007cb6137db8d8] Compiler: c1, Barriers: 0, Oops: 0, ImmediateOops: 0, NonImmediateOops: No
[1,426s][debug][gc,nmethod  ] Register NMethod: java.lang.Class.getDeclaringClass0 (0x00007cb632c58888) [0x00007cb632c58980, 0x00007cb632c58ca0] Compiler: , Barriers: 0, Oops: 0, ImmediateOops: 0, NonImmediateOops: No
[1,426s][debug][gc,nmethod  ] Register NMethod: java.util.stream.ReduceOps$ReduceOp.evaluateSequential (0x00007cb6137db988) [0x00007cb6137dba80, 0x00007cb6137dc2a8] Compiler: c1, Barriers: 1, Oops: 0, ImmediateOops: 0, NonImmediateOops: No
[1,426s][debug][gc,nmethod  ] Register NMethod: java.util.stream.ReduceOps$3ReducingSink.begin (0x00007cb6137dc308) [0x00007cb6137dc400, 0x00007cb6137dc7c0] Compiler: c1, Barriers: 4, Oops: 0, ImmediateOops: 0, NonImmediateOops: No
[1,426s][debug][gc,nmethod  ] Register NMethod: java.util.HashMap.put (0x00007cb6137dc808) [0x00007cb6137dc900, 0x00007cb6137dcee8] Compiler: c1, Barriers: 0, Oops: 0, ImmediateOops: 0, NonImmediateOops: No
[1,426s][debug][gc,nmethod  ] Register NMethod: java.util.stream.ReduceOps$3.makeSink (0x00007cb6137dcf08) [0x00007cb6137dd000, 0x00007cb6137dd478] Compiler: c1, Barriers: 12, Oops: 0, ImmediateOops: 0, NonImmediateOops: No
[1,426s][debug][gc,nmethod  ] Register NMethod: java.util.Arrays.stream (0x00007cb6137dd488) [0x00007cb6137dd580, 0x00007cb6137dd798] Compiler: c1, Barriers: 0, Oops: 0, ImmediateOops: 0, NonImmediateOops: No
[1,426s][debug][gc,nmethod  ] Register NMethod: java.util.Arrays.stream (0x00007cb6137dd808) [0x00007cb6137dd900, 0x00007cb6137ddaa8] Compiler: c1, Barriers: 0, Oops: 0, ImmediateOops: 0, NonImmediateOops: No
[1,427s][debug][gc,nmethod  ] Register NMethod: java.lang.invoke.Invokers$Holder.linkToTargetMethod (0x00007cb6137ddb08) [0x00007cb6137ddc00, 0x00007cb6137de100] Compiler: c1, Barriers: 0, Oops: 0, ImmediateOops: 0, NonImmediateOops: No
[1,427s][debug][gc,nmethod  ] Register NMethod: java.util.Arrays.spliterator (0x00007cb6137de108) [0x00007cb6137de200, 0x00007cb6137de318] Compiler: c1, Barriers: 0, Oops: 0, ImmediateOops: 0, NonImmediateOops: No
[1,427s][debug][gc,nmethod  ] Register NMethod: java.util.Spliterators$ArraySpliterator.estimateSize (0x00007cb6137de408) [0x00007cb6137de500, 0x00007cb6137de678] Compiler: c1, Barriers: 0, Oops: 0, ImmediateOops: 0, NonImmediateOops: No
[1,427s][debug][gc,nmethod  ] Register NMethod: java.util.Spliterators.spliterator (0x00007cb6137de708) [0x00007cb6137de800, 0x00007cb6137deb30] Compiler: c1, Barriers: 0, Oops: 0, ImmediateOops: 0, NonImmediateOops: No
[1,427s][debug][gc,nmethod  ] Register NMethod: java.util.stream.AbstractPipeline.isParallel (0x00007cb632c58d08) [0x00007cb632c58e00, 0x00007cb632c58ee0] Compiler: jvmci, Barriers: 1, Oops: 0, ImmediateOops: 0, NonImmediateOops: No
[1,427s][debug][gc,nmethod  ] Register NMethod: java.util.stream.Collectors$$Lambda/0x00000000260e0578.<init> (0x00007cb6137deb88) [0x00007cb6137dec80, 0x00007cb6137def40] Compiler: c1, Barriers: 9, Oops: 0, ImmediateOops: 0, NonImmediateOops: No
[1,427s][debug][gc,nmethod  ] Register NMethod: java.util.stream.Collectors$$Lambda/0x00000000260e0578.get (0x00007cb6137def88) [0x00007cb6137df080, 0x00007cb6137df258] Compiler: c1, Barriers: 3, Oops: 0, ImmediateOops: 0, NonImmediateOops: No
[1,427s][debug][gc,nmethod  ] Register NMethod: java.lang.invoke.DirectMethodHandle$Holder.newInvokeSpecial (0x00007cb6137df288) [0x00007cb6137df380, 0x00007cb6137dfc18] Compiler: c1, Barriers: 2, Oops: 0, ImmediateOops: 1, NonImmediateOops: No
[1,427s][debug][gc,nmethod  ] Register NMethod: java.util.stream.Collectors$$Lambda/0x00000000260e0c30.apply (0x00007cb6137dfc88) [0x00007cb6137dfd80, 0x00007cb6137e0280] Compiler: c1, Barriers: 0, Oops: 0, ImmediateOops: 0, NonImmediateOops: No
[1,427s][debug][gc,nmethod  ] Register NMethod: java.util.stream.Collectors.lambda$joining$1 (0x00007cb6137e0288) [0x00007cb6137e0380, 0x00007cb6137e0510] Compiler: c1, Barriers: 0, Oops: 0, ImmediateOops: 0, NonImmediateOops: No
[1,427s][debug][gc,nmethod  ] Register NMethod: java.util.stream.Collectors.joining (0x00007cb6137e0588) [0x00007cb6137e0680, 0x00007cb6137e1350] Compiler: c1, Barriers: 24, Oops: 8, ImmediateOops: 6, NonImmediateOops: No
[1,427s][debug][gc,nmethod  ] Register NMethod: java.lang.Class.isArray (0x00007cb632c59008) [0x00007cb632c59100, 0x00007cb632c591b8] Compiler: jvmci, Barriers: 1, Oops: 0, ImmediateOops: 0, NonImmediateOops: No
[1,427s][debug][gc,nmethod  ] Register NMethod: java.util.Spliterators.checkFromToBounds (0x00007cb6137e1408) [0x00007cb6137e1500, 0x00007cb6137e2ae8] Compiler: c1, Barriers: 0, Oops: 3, ImmediateOops: 4, NonImmediateOops: No
[1,427s][debug][gc,nmethod  ] Register NMethod: java.lang.reflect.Method.toString (0x00007cb6137e2b08) [0x00007cb6137e2c00, 0x00007cb6137e3920] Compiler: c1, Barriers: 3, Oops: 0, ImmediateOops: 0, NonImmediateOops: No
[1,427s][debug][gc,nmethod  ] Register NMethod: java.lang.reflect.Modifier.toString (0x00007cb6137e3988) [0x00007cb6137e3a80, 0x00007cb6137e5818] Compiler: c1, Barriers: 0, Oops: 1, ImmediateOops: 14, NonImmediateOops: No
[1,427s][debug][gc,nmethod  ] Register NMethod: java.util.StringJoiner.<init> (0x00007cb6137e5888) [0x00007cb6137e5980, 0x00007cb6137e5ac8] Compiler: c1, Barriers: 0, Oops: 0, ImmediateOops: 1, NonImmediateOops: No
[1,427s][debug][gc,nmethod  ] Register NMethod: java.lang.reflect.Executable.printModifiersIfNonzero (0x00007cb6137e5b88) [0x00007cb6137e5c80, 0x00007cb6137e71e8] Compiler: c1, Barriers: 0, Oops: 1, ImmediateOops: 1, NonImmediateOops: No
[1,428s][debug][gc,nmethod  ] Register NMethod: java.lang.reflect.Method.specificToStringHeader (0x00007cb6137e7208) [0x00007cb6137e7300, 0x00007cb6137e89d8] Compiler: c1, Barriers: 3, Oops: 0, ImmediateOops: 0, NonImmediateOops: No
[1,428s][debug][gc,nmethod  ] Register NMethod: java.lang.String.replace (0x00007cb632c59308) [0x00007cb632c59400, 0x00007cb632c59ab8] Compiler: jvmci, Barriers: 3, Oops: 0, ImmediateOops: 0, NonImmediateOops: No
[1,428s][debug][gc,nmethod  ] Register NMethod: java.lang.reflect.Executable.sharedToString (0x00007cb6137e8a08) [0x00007cb6137e8b00, 0x00007cb6137ebfb0] Compiler: c1, Barriers: 0, Oops: 4, ImmediateOops: 13, NonImmediateOops: No
[1,428s][debug][gc,nmethod  ] Register NMethod: java.util.HashMap.<init> (0x00007cb6137ec008) [0x00007cb6137ec100, 0x00007cb6137edd48] Compiler: c1, Barriers: 0, Oops: 2, ImmediateOops: 4, NonImmediateOops: No
[1,428s][debug][gc,nmethod  ] Register NMethod: junit.framework.TestSuite.isTestMethod (0x00007cb6137edd88) [0x00007cb6137ede80, 0x00007cb6137ef170] Compiler: c1, Barriers: 3, Oops: 3, ImmediateOops: 2, NonImmediateOops: No
[1,428s][debug][gc,nmethod  ] Register NMethod: java.lang.StringBuilder.append (0x00007cb6137ef208) [0x00007cb6137ef300, 0x00007cb6137ef660] Compiler: c1, Barriers: 0, Oops: 0, ImmediateOops: 0, NonImmediateOops: No
[1,428s][debug][gc,nmethod  ] Register NMethod: java.lang.AbstractStringBuilder.ensureCapacitySameCoder (0x00007cb6137ef688) [0x00007cb6137ef780, 0x00007cb6137ef928] Compiler: c1, Barriers: 0, Oops: 0, ImmediateOops: 0, NonImmediateOops: No
[1,429s][debug][gc,nmethod  ] Register NMethod: java.util.StringJoiner.checkAddLength (0x00007cb632c59b08) [0x00007cb632c59c00, 0x00007cb632c59e30] Compiler: jvmci, Barriers: 4, Oops: 0, ImmediateOops: 0, NonImmediateOops: No
[1,429s][debug][gc,nmethod  ] Register NMethod: java.io.FileInputStream.readBytes (0x00007cb632c59e88) [0x00007cb632c59f80, 0x00007cb632c5a0e8] Compiler: , Barriers: 0, Oops: 0, ImmediateOops: 0, NonImmediateOops: No
[1,430s][debug][gc,nmethod  ] Register NMethod: java.lang.Class.getName (0x00007cb632c5a188) [0x00007cb632c5a280, 0x00007cb632c5a388] Compiler: jvmci, Barriers: 1, Oops: 0, ImmediateOops: 0, NonImmediateOops: No
[1,430s][debug][gc,nmethod  ] Register NMethod: java.lang.Class.getInterfaces (0x00007cb6137ef988) [0x00007cb6137efa80, 0x00007cb6137efbb8] Compiler: c1, Barriers: 0, Oops: 0, ImmediateOops: 0, NonImmediateOops: No
[1,430s][debug][gc,nmethod  ] Register NMethod: java.nio.ByteBuffer.limit (0x00007cb6137efc88) [0x00007cb6137efd80, 0x00007cb6137efec8] Compiler: c1, Barriers: 0, Oops: 0, ImmediateOops: 0, NonImmediateOops: No
[1,430s][debug][gc,nmethod  ] Register NMethod: jdk.internal.loader.AbstractClassLoaderValue.extractValue (0x00007cb6137eff88) [0x00007cb6137f0080, 0x00007cb6137f07d8] Compiler: c1, Barriers: 0, Oops: 0, ImmediateOops: 0, NonImmediateOops: No
[1,430s][debug][gc,nmethod  ] Register NMethod: java.lang.reflect.Field.getModifiers (0x00007cb632c5a488) [0x00007cb632c5a580, 0x00007cb632c5a640] Compiler: c1, Barriers: 0, Oops: 0, ImmediateOops: 0, NonImmediateOops: No
[1,430s][debug][gc,nmethod  ] Register NMethod: java.lang.Module.allows (0x00007cb6137f0808) [0x00007cb6137f0900, 0x00007cb6137f1468] Compiler: c1, Barriers: 1, Oops: 0, ImmediateOops: 3, NonImmediateOops: No
[1,430s][debug][gc,nmethod  ] Register NMethod: org.junit.runners.model.FrameworkMethod.getMethod (0x00007cb632c5a788) [0x00007cb632c5a880, 0x00007cb632c5a968] Compiler: c1, Barriers: 1, Oops: 1, ImmediateOops: 0, NonImmediateOops: No
[1,431s][debug][gc,nmethod  ] Register NMethod: sun.reflect.annotation.AnnotationInvocationHandler.invoke (0x00007cb6137f1488) [0x00007cb6137f1580, 0x00007cb6137f3810] Compiler: c1, Barriers: 10, Oops: 0, ImmediateOops: 7, NonImmediateOops: No
[1,431s][debug][gc,nmethod  ] Register NMethod: org.junit.internal.MethodSorter$2.compare (0x00007cb6137f3888) [0x00007cb6137f3980, 0x00007cb6137f46c0] Compiler: c1, Barriers: 2, Oops: 1, ImmediateOops: 0, NonImmediateOops: No
[1,431s][debug][gc,nmethod  ] Register NMethod: org.junit.internal.MethodSorter$2.compare (0x00007cb6137f4708) [0x00007cb6137f4800, 0x00007cb6137f5b30] Compiler: c1, Barriers: 2, Oops: 1, ImmediateOops: 0, NonImmediateOops: No
[1,431s][debug][gc,nmethod  ] Register NMethod: sun.reflect.generics.parser.SignatureParser.mark (0x00007cb6137f5b88) [0x00007cb6137f5c80, 0x00007cb6137f5d88] Compiler: c1, Barriers: 0, Oops: 0, ImmediateOops: 0, NonImmediateOops: No
[1,431s][debug][gc,nmethod  ] Register NMethod: sun.reflect.generics.parser.SignatureParser.markToCurrent (0x00007cb6137f5e88) [0x00007cb6137f5f80, 0x00007cb6137f62b8] Compiler: c1, Barriers: 1, Oops: 0, ImmediateOops: 0, NonImmediateOops: No
[1,431s][debug][gc,nmethod  ] Register NMethod: sun.reflect.generics.tree.SimpleClassTypeSignature.<init> (0x00007cb6137f6308) [0x00007cb6137f6400, 0x00007cb6137f6650] Compiler: c1, Barriers: 6, Oops: 0, ImmediateOops: 0, NonImmediateOops: No
[1,431s][debug][gc,nmethod  ] Register NMethod: sun.reflect.generics.tree.SimpleClassTypeSignature.make (0x00007cb6137f6688) [0x00007cb6137f6780, 0x00007cb6137f6a70] Compiler: c1, Barriers: 6, Oops: 0, ImmediateOops: 0, NonImmediateOops: No
[1,431s][debug][gc,nmethod  ] Register NMethod: sun.reflect.generics.parser.SignatureParser.parseClassTypeSignatureSuffix (0x00007cb6137f6a88) [0x00007cb6137f6b80, 0x00007cb6137f6ff0] Compiler: c1, Barriers: 0, Oops: 0, ImmediateOops: 0, NonImmediateOops: No
[1,431s][debug][gc,nmethod  ] Register NMethod: java.util.Collections.emptyList (0x00007cb6137f7008) [0x00007cb6137f7100, 0x00007cb6137f71e8] Compiler: c1, Barriers: 0, Oops: 0, ImmediateOops: 1, NonImmediateOops: No
[1,431s][debug][gc,nmethod  ] Register NMethod: sun.reflect.generics.tree.ClassTypeSignature.make (0x00007cb6137f7308) [0x00007cb6137f7400, 0x00007cb6137f7668] Compiler: c1, Barriers: 3, Oops: 0, ImmediateOops: 0, NonImmediateOops: No
[1,431s][debug][gc,nmethod  ] Register NMethod: jdk.internal.misc.Unsafe.putReference (0x00007cb632c5aa88) [0x00007cb632c5ab80, 0x00007cb632c5acf0] Compiler: , Barriers: 0, Oops: 0, ImmediateOops: 0, NonImmediateOops: No
[1,431s][debug][gc,nmethod  ] Register NMethod: sun.reflect.generics.tree.ClassTypeSignature.<init> (0x00007cb6137f7688) [0x00007cb6137f7780, 0x00007cb6137f7950] Compiler: c1, Barriers: 3, Oops: 0, ImmediateOops: 0, NonImmediateOops: No
[1,431s][debug][gc,nmethod  ] Register NMethod: sun.reflect.generics.parser.SignatureParser.parsePackageNameAndSimpleClassTypeSignature (0x00007cb6137f7988) [0x00007cb6137f7a80, 0x00007cb6137f8f70] Compiler: c1, Barriers: 1, Oops: 1, ImmediateOops: 2, NonImmediateOops: No
[1,431s][debug][gc,nmethod  ] Register NMethod: java.lang.StringBuilder.toString (0x00007cb632c5ad88) [0x00007cb632c5ae80, 0x00007cb632c5b288] Compiler: jvmci, Barriers: 3, Oops: 0, ImmediateOops: 1, NonImmediateOops: No
[1,431s][debug][gc,nmethod  ] Register NMethod: sun.reflect.generics.parser.SignatureParser.parseClassTypeSignature (0x00007cb6137f8f88) [0x00007cb6137f9080, 0x00007cb6137faf30] Compiler: c1, Barriers: 11, Oops: 2, ImmediateOops: 4, NonImmediateOops: No
[1,432s][debug][gc,nmethod  ] Register NMethod: sun.reflect.generics.parser.SignatureParser.init (0x00007cb6137faf88) [0x00007cb6137fb080, 0x00007cb6137fb200] Compiler: c1, Barriers: 3, Oops: 0, ImmediateOops: 0, NonImmediateOops: No
[1,432s][debug][gc,nmethod  ] Register NMethod: sun.reflect.generics.parser.SignatureParser.<init> (0x00007cb6137fb288) [0x00007cb6137fb380, 0x00007cb6137fb4d8] Compiler: c1, Barriers: 0, Oops: 0, ImmediateOops: 0, NonImmediateOops: No
[1,432s][debug][gc,nmethod  ] Register NMethod: sun.reflect.generics.parser.SignatureParser.make (0x00007cb6137fb588) [0x00007cb6137fb680, 0x00007cb6137fb870] Compiler: c1, Barriers: 0, Oops: 0, ImmediateOops: 0, NonImmediateOops: No
[1,432s][debug][gc,nmethod  ] Register NMethod: sun.reflect.annotation.AnnotationParser.parseAnnotations (0x00007cb6137fb888) [0x00007cb6137fb980, 0x00007cb6137fbca0] Compiler: c1, Barriers: 0, Oops: 0, ImmediateOops: 2, NonImmediateOops: No
[1,432s][debug][gc,nmethod  ] Register NMethod: sun.reflect.generics.parser.SignatureParser.parseFieldTypeSignature (0x00007cb6137fbd08) [0x00007cb6137fbe00, 0x00007cb6137fbf38] Compiler: c1, Barriers: 0, Oops: 0, ImmediateOops: 0, NonImmediateOops: No
[1,432s][debug][gc,nmethod  ] Register NMethod: sun.reflect.generics.factory.CoreReflectionFactory.<init> (0x00007cb6137fc008) [0x00007cb6137fc100, 0x00007cb6137fc348] Compiler: c1, Barriers: 6, Oops: 0, ImmediateOops: 0, NonImmediateOops: No
[1,432s][debug][gc,nmethod  ] Register NMethod: sun.reflect.generics.scope.AbstractScope.<init> (0x00007cb6137fc388) [0x00007cb6137fc480, 0x00007cb6137fc650] Compiler: c1, Barriers: 3, Oops: 0, ImmediateOops: 0, NonImmediateOops: No
[1,432s][debug][gc,nmethod  ] Register NMethod: sun.reflect.generics.factory.CoreReflectionFactory.make (0x00007cb6137fc688) [0x00007cb6137fc780, 0x00007cb6137fca60] Compiler: c1, Barriers: 6, Oops: 0, ImmediateOops: 0, NonImmediateOops: No
[1,432s][debug][gc,nmethod  ] Register NMethod: java.lang.PublicMethods$MethodList.merge (0x00007cb6137fca88) [0x00007cb6137fcb80, 0x00007cb6137feaa0] Compiler: c1, Barriers: 25, Oops: 0, ImmediateOops: 0, NonImmediateOops: No
[1,432s][debug][gc,nmethod  ] Register NMethod: sun.reflect.generics.visitor.Reifier.make (0x00007cb6137feb08) [0x00007cb6137fec00, 0x00007cb6137fee68] Compiler: c1, Barriers: 3, Oops: 0, ImmediateOops: 0, NonImmediateOops: No
[1,432s][debug][gc,nmethod  ] Register NMethod: sun.reflect.generics.visitor.Reifier.<init> (0x00007cb6137fee88) [0x00007cb6137fef80, 0x00007cb6137ff150] Compiler: c1, Barriers: 3, Oops: 0, ImmediateOops: 0, NonImmediateOops: No
[1,432s][debug][gc,nmethod  ] Register NMethod: sun.reflect.generics.parser.SignatureParser.parseFieldTypeSignature (0x00007cb6137ff188) [0x00007cb6137ff280, 0x00007cb6137ff740] Compiler: c1, Barriers: 0, Oops: 0, ImmediateOops: 3, NonImmediateOops: No
[1,432s][debug][gc,nmethod  ] Register NMethod: sun.reflect.generics.factory.CoreReflectionFactory.makeNamedType (0x00007cb6137ff788) [0x00007cb6137ff880, 0x00007cb6137ffb30] Compiler: c1, Barriers: 0, Oops: 0, ImmediateOops: 0, NonImmediateOops: No
[1,432s][debug][gc,nmethod  ] Register NMethod: sun.reflect.generics.tree.ClassTypeSignature.accept (0x00007cb6137ffb88) [0x00007cb6137ffc80, 0x00007cb6137ffe08] Compiler: c1, Barriers: 0, Oops: 0, ImmediateOops: 0, NonImmediateOops: No
[1,432s][debug][gc,nmethod  ] Register NMethod: sun.reflect.generics.factory.CoreReflectionFactory.getDeclsLoader (0x00007cb6137ffe88) [0x00007cb6137fff80, 0x00007cb6138015b8] Compiler: c1, Barriers: 6, Oops: 0, ImmediateOops: 0, NonImmediateOops: No
[1,432s][debug][gc,nmethod  ] Register NMethod: sun.reflect.generics.scope.ClassScope.make (0x00007cb613801608) [0x00007cb613801700, 0x00007cb6138019c8] Compiler: c1, Barriers: 3, Oops: 0, ImmediateOops: 0, NonImmediateOops: No
[1,432s][debug][gc,nmethod  ] Register NMethod: sun.reflect.generics.parser.SignatureParser.parseTypeSignature (0x00007cb613801a08) [0x00007cb613801b00, 0x00007cb613801f20] Compiler: c1, Barriers: 0, Oops: 0, ImmediateOops: 0, NonImmediateOops: No
[1,432s][debug][gc,nmethod  ] Register NMethod: sun.reflect.generics.scope.ClassScope.<init> (0x00007cb613801f88) [0x00007cb613802080, 0x00007cb6138022b0] Compiler: c1, Barriers: 3, Oops: 0, ImmediateOops: 0, NonImmediateOops: No
[1,432s][debug][gc,nmethod  ] Register NMethod: java.lang.PublicMethods$MethodList.length (0x00007cb613802308) [0x00007cb613802400, 0x00007cb613802608] Compiler: c1, Barriers: 2, Oops: 0, ImmediateOops: 0, NonImmediateOops: No
[1,432s][debug][gc,nmethod  ] Register NMethod: java.lang.PublicMethods$Key.<init> (0x00007cb613802688) [0x00007cb613802780, 0x00007cb613802d00] Compiler: c1, Barriers: 8, Oops: 1, ImmediateOops: 2, NonImmediateOops: No
[1,432s][debug][gc,nmethod  ] Register NMethod: sun.reflect.generics.parser.SignatureParser.parseTypeSig (0x00007cb613802d88) [0x00007cb613802e80, 0x00007cb6138030a0] Compiler: c1, Barriers: 3, Oops: 0, ImmediateOops: 0, NonImmediateOops: No
[1,432s][debug][gc,nmethod  ] Register NMethod: sun.reflect.generics.visitor.Reifier.getResult (0x00007cb613803108) [0x00007cb613803200, 0x00007cb613803340] Compiler: c1, Barriers: 1, Oops: 0, ImmediateOops: 0, NonImmediateOops: No
[1,433s][debug][gc,nmethod  ] Register NMethod: sun.reflect.generics.visitor.Reifier.visitClassTypeSignature (0x00007cb613803408) [0x00007cb613803500, 0x00007cb613806d58] Compiler: c1, Barriers: 17, Oops: 0, ImmediateOops: 6, NonImmediateOops: No
[1,433s][debug][gc,nmethod  ] Register NMethod: java.nio.Buffer.<init> (0x00007cb613806d88) [0x00007cb613806e80, 0x00007cb613808878] Compiler: c1, Barriers: 3, Oops: 3, ImmediateOops: 4, NonImmediateOops: No
[1,433s][debug][gc,nmethod  ] Register NMethod: java.lang.PublicMethods.merge (0x00007cb613808908) [0x00007cb613808a00, 0x00007cb613809aa0] Compiler: c1, Barriers: 14, Oops: 1, ImmediateOops: 2, NonImmediateOops: No
[1,433s][debug][gc,nmethod  ] Register NMethod: sun.reflect.annotation.AnnotationParser.parseSig (0x00007cb613809b08) [0x00007cb613809c00, 0x00007cb61380c8c8] Compiler: c1, Barriers: 18, Oops: 0, ImmediateOops: 2, NonImmediateOops: No
[1,433s][debug][gc,nmethod  ] Register NMethod: sun.reflect.annotation.AnnotationParser.toClass (0x00007cb61380c908) [0x00007cb61380ca00, 0x00007cb61380e7e0] Compiler: c1, Barriers: 2, Oops: 0, ImmediateOops: 0, NonImmediateOops: No
[1,433s][debug][gc,nmethod  ] Register NMethod: java.lang.String.isLatin1 (0x00007cb632c5b308) [0x00007cb632c5b400, 0x00007cb632c5b490] Compiler: jvmci, Barriers: 0, Oops: 0, ImmediateOops: 0, NonImmediateOops: No
[1,433s][debug][gc,nmethod  ] Register NMethod: java.util.LinkedHashMap.<init> (0x00007cb61380e808) [0x00007cb61380e900, 0x00007cb61380eb30] Compiler: c1, Barriers: 0, Oops: 0, ImmediateOops: 0, NonImmediateOops: No
[1,433s][debug][gc,nmethod  ] Register NMethod: jdk.internal.loader.AbstractClassLoaderValue$Sub.hashCode (0x00007cb61380eb88) [0x00007cb61380ec80, 0x00007cb61380f480] Compiler: c1, Barriers: 2, Oops: 0, ImmediateOops: 0, NonImmediateOops: No
[1,433s][debug][gc,nmethod  ] Register NMethod: org.junit.runners.model.FrameworkMethod.getName (0x00007cb61380f488) [0x00007cb61380f580, 0x00007cb61380f8c0] Compiler: c1, Barriers: 2, Oops: 1, ImmediateOops: 0, NonImmediateOops: No
[1,433s][debug][gc,nmethod  ] Register NMethod: java.nio.ByteOrder.nativeOrder (0x00007cb61380f908) [0x00007cb61380fa00, 0x00007cb61380fae8] Compiler: c1, Barriers: 0, Oops: 0, ImmediateOops: 1, NonImmediateOops: No
[1,433s][debug][gc,director ] Rule Major: Warmup 10%, Used: 86MB, UsedThreshold: 1228MB
[1,433s][debug][gc,nmethod  ] Register NMethod: java.util.Collections$UnmodifiableCollection$1.hasNext (0x00007cb61380fc08) [0x00007cb61380fd00, 0x00007cb613810048] Compiler: c1, Barriers: 1, Oops: 0, ImmediateOops: 0, NonImmediateOops: No
[1,433s][debug][gc,nmethod  ] Register NMethod: java.lang.reflect.Constructor.newInstance (0x00007cb613810088) [0x00007cb613810180, 0x00007cb613810560] Compiler: c1, Barriers: 0, Oops: 0, ImmediateOops: 0, NonImmediateOops: No
[1,433s][debug][gc,nmethod  ] Register NMethod: org.junit.platform.commons.util.Preconditions.condition (0x00007cb613810588) [0x00007cb613810680, 0x00007cb613810860] Compiler: c1, Barriers: 0, Oops: 1, ImmediateOops: 0, NonImmediateOops: No
[1,433s][debug][gc,nmethod  ] Register NMethod: java.lang.reflect.Constructor.newInstanceWithCaller (0x00007cb613810888) [0x00007cb613810980, 0x00007cb613810f98] Compiler: c1, Barriers: 2, Oops: 0, ImmediateOops: 0, NonImmediateOops: No
[1,434s][debug][gc,nmethod  ] Register NMethod: java.lang.reflect.Executable.getAnnotation (0x00007cb613811008) [0x00007cb613811100, 0x00007cb613811d38] Compiler: c1, Barriers: 0, Oops: 0, ImmediateOops: 0, NonImmediateOops: No
[1,434s][debug][gc,nmethod  ] Register NMethod: java.lang.reflect.Method.getAnnotation (0x00007cb613811d88) [0x00007cb613811e80, 0x00007cb613812b20] Compiler: c1, Barriers: 0, Oops: 0, ImmediateOops: 0, NonImmediateOops: No
[1,434s][debug][gc,nmethod  ] Register NMethod: jdk.internal.reflect.DirectConstructorHandleAccessor.invokeImpl (0x00007cb613812b88) [0x00007cb613812c80, 0x00007cb613814ad0] Compiler: c1, Barriers: 20, Oops: 3, ImmediateOops: 6, NonImmediateOops: No
[1,434s][debug][gc,nmethod  ] Register NMethod: jdk.internal.reflect.DirectConstructorHandleAccessor.newInstance (0x00007cb613814b08) [0x00007cb613814c00, 0x00007cb613818240] Compiler: c1, Barriers: 20, Oops: 5, ImmediateOops: 12, NonImmediateOops: No
[1,434s][debug][gc,nmethod  ] Register NMethod: org.junit.runners.ParentRunner.getTestClass (0x00007cb632c5b608) [0x00007cb632c5b700, 0x00007cb632c5b7e8] Compiler: c1, Barriers: 1, Oops: 1, ImmediateOops: 0, NonImmediateOops: No
[1,435s][debug][gc,nmethod  ] Register NMethod: org.junit.platform.commons.util.Preconditions.notNull (0x00007cb613818288) [0x00007cb613818380, 0x00007cb613818610] Compiler: c1, Barriers: 0, Oops: 1, ImmediateOops: 0, NonImmediateOops: No
[1,435s][debug][gc,nmethod  ] Register NMethod: java.lang.Class.isAnnotation (0x00007cb613818688) [0x00007cb613818780, 0x00007cb613818aa8] Compiler: c1, Barriers: 0, Oops: 0, ImmediateOops: 0, NonImmediateOops: No
[1,435s][debug][gc,nmethod  ] Register NMethod: org.junit.platform.commons.util.ReflectionUtils$$Lambda/0x000000002617d098.test (0x00007cb613818b08) [0x00007cb613818c00, 0x00007cb613819858] Compiler: c1, Barriers: 1, Oops: 1, ImmediateOops: 0, NonImmediateOops: No
[1,435s][debug][gc,nmethod  ] Register NMethod: java.nio.ByteBuffer.position (0x00007cb613819888) [0x00007cb613819980, 0x00007cb613819c80] Compiler: c1, Barriers: 0, Oops: 0, ImmediateOops: 0, NonImmediateOops: No
[1,435s][debug][gc,nmethod  ] Register NMethod: jdk.internal.loader.AbstractClassLoaderValue.<init> (0x00007cb613819c88) [0x00007cb613819d80, 0x00007cb613819ed8] Compiler: c1, Barriers: 0, Oops: 0, ImmediateOops: 0, NonImmediateOops: No
[1,435s][debug][gc,nmethod  ] Register NMethod: java.nio.ByteBuffer.<init> (0x00007cb613819f88) [0x00007cb61381a080, 0x00007cb61381a2c8] Compiler: c1, Barriers: 3, Oops: 0, ImmediateOops: 0, NonImmediateOops: No
[1,435s][debug][gc,nmethod  ] Register NMethod: java.util.LinkedHashMap.values (0x00007cb61381a308) [0x00007cb61381a400, 0x00007cb61381a548] Compiler: c1, Barriers: 0, Oops: 0, ImmediateOops: 0, NonImmediateOops: No
[1,435s][debug][gc,nmethod  ] Register NMethod: java.util.Collections$EmptyIterator.hasNext (0x00007cb632c5b908) [0x00007cb632c5ba00, 0x00007cb632c5bac0] Compiler: c1, Barriers: 0, Oops: 0, ImmediateOops: 0, NonImmediateOops: No
[1,435s][debug][gc,nmethod  ] Register NMethod: java.util.Collections$UnmodifiableCollection$1.next (0x00007cb61381a608) [0x00007cb61381a700, 0x00007cb61381aa40] Compiler: c1, Barriers: 1, Oops: 0, ImmediateOops: 0, NonImmediateOops: No
[1,435s][debug][gc,nmethod  ] Register NMethod: java.util.LinkedHashMap.sequencedValues (0x00007cb61381aa88) [0x00007cb61381ab80, 0x00007cb61381b1f0] Compiler: c1, Barriers: 7, Oops: 0, ImmediateOops: 0, NonImmediateOops: No
[1,435s][debug][gc,nmethod  ] Register NMethod: java.lang.Module.implIsExportedOrOpen (0x00007cb61381b208) [0x00007cb61381b300, 0x00007cb61381c5a0] Compiler: c1, Barriers: 5, Oops: 0, ImmediateOops: 0, NonImmediateOops: No
[1,435s][debug][gc,nmethod  ] Register NMethod: java.lang.AbstractStringBuilder.<init> (0x00007cb61381c608) [0x00007cb61381c700, 0x00007cb61381d560] Compiler: c1, Barriers: 4, Oops: 0, ImmediateOops: 0, NonImmediateOops: No
[1,435s][debug][gc,nmethod  ] Register NMethod: jdk.internal.loader.AbstractClassLoaderValue.sub (0x00007cb61381d588) [0x00007cb61381d680, 0x00007cb61381da48] Compiler: c1, Barriers: 6, Oops: 0, ImmediateOops: 0, NonImmediateOops: No
[1,435s][debug][gc,nmethod  ] Register NMethod: jdk.internal.loader.AbstractClassLoaderValue$Sub.<init> (0x00007cb61381da88) [0x00007cb61381db80, 0x00007cb61381df80] Compiler: c1, Barriers: 6, Oops: 0, ImmediateOops: 0, NonImmediateOops: No
[1,435s][debug][gc,nmethod  ] Register NMethod: sun.reflect.annotation.AnnotationParser.toArray (0x00007cb61381df88) [0x00007cb61381e080, 0x00007cb61381e790] Compiler: c1, Barriers: 0, Oops: 0, ImmediateOops: 1, NonImmediateOops: No
[1,436s][debug][gc,nmethod  ] Register NMethod: java.lang.reflect.AccessibleObject.setAccessible0 (0x00007cb61381e808) [0x00007cb61381e900, 0x00007cb61381ea10] Compiler: c1, Barriers: 0, Oops: 0, ImmediateOops: 0, NonImmediateOops: No
[1,436s][debug][gc,nmethod  ] Register NMethod: java.lang.reflect.AccessibleObject.checkCanSetAccessible (0x00007cb61381eb08) [0x00007cb61381ec00, 0x00007cb61381ed38] Compiler: c1, Barriers: 0, Oops: 0, ImmediateOops: 0, NonImmediateOops: No
[1,436s][debug][gc,nmethod  ] Register NMethod: sun.reflect.annotation.AnnotationParser.parseAnnotation2 (0x00007cb61381ee08) [0x00007cb61381ef00, 0x00007cb613821678] Compiler: c1, Barriers: 5, Oops: 1, ImmediateOops: 2, NonImmediateOops: No
[1,436s][debug][gc,nmethod  ] Register NMethod: java.lang.reflect.Executable.getDeclaredAnnotations (0x00007cb613821688) [0x00007cb613821780, 0x00007cb613821f40] Compiler: c1, Barriers: 0, Oops: 0, ImmediateOops: 1, NonImmediateOops: No
[1,436s][debug][gc,nmethod  ] Register NMethod: java.lang.reflect.Method.getDeclaredAnnotations (0x00007cb613821f88) [0x00007cb613822080, 0x00007cb6138228a0] Compiler: c1, Barriers: 0, Oops: 0, ImmediateOops: 1, NonImmediateOops: No
[1,436s][debug][gc,nmethod  ] Register NMethod: jdk.internal.loader.AbstractClassLoaderValue.computeIfAbsent (0x00007cb613822908) [0x00007cb613822a00, 0x00007cb613824288] Compiler: c1, Barriers: 9, Oops: 0, ImmediateOops: 2, NonImmediateOops: No
[1,436s][debug][gc,nmethod  ] Register NMethod: java.lang.reflect.AccessibleObject.checkCanSetAccessible (0x00007cb613824308) [0x00007cb613824400, 0x00007cb613826d18] Compiler: c1, Barriers: 3, Oops: 0, ImmediateOops: 3, NonImmediateOops: No
[1,436s][debug][gc,nmethod  ] Register NMethod: java.lang.reflect.AccessibleObject.getAnnotations (0x00007cb613826d88) [0x00007cb613826e80, 0x00007cb613827180] Compiler: c1, Barriers: 0, Oops: 0, ImmediateOops: 0, NonImmediateOops: No
[1,436s][debug][gc,nmethod  ] Register NMethod: java.util.TimSort.binarySort (0x00007cb613827188) [0x00007cb613827280, 0x00007cb6138282c8] Compiler: c1, Barriers: 13, Oops: 0, ImmediateOops: 0, NonImmediateOops: No
[1,440s][debug][gc,nmethod  ] Register NMethod: java.util.Properties.loadConvert (0x00007cb613828308) [0x00007cb613828400, 0x00007cb61382a270] Compiler: c1, Barriers: 0, Oops: 0, ImmediateOops: 3, NonImmediateOops: No
[1,440s][debug][gc,nmethod  ] Register NMethod: java.lang.invoke.MethodHandle.linkToStatic (0x00007cb632c5bc08) [0x00007cb632c5bd00, 0x00007cb632c5bdf0] Compiler: , Barriers: 0, Oops: 0, ImmediateOops: 0, NonImmediateOops: No
[1,440s][debug][gc,nmethod  ] Register NMethod: java.util.Objects.hash (0x00007cb61382a288) [0x00007cb61382a380, 0x00007cb61382a540] Compiler: c1, Barriers: 0, Oops: 0, ImmediateOops: 0, NonImmediateOops: No
[1,443s][debug][gc,nmethod  ] Register NMethod: jdk.internal.classfile.impl.DirectCodeBuilder.return_ (0x00007cb61382a588) [0x00007cb61382a680, 0x00007cb61382a9c8] Compiler: c1, Barriers: 1, Oops: 0, ImmediateOops: 0, NonImmediateOops: No
[1,443s][debug][gc,director ] Rule Major: Warmup 10%, Used: 86MB, UsedThreshold: 1228MB
[1,444s][debug][gc,nmethod  ] Register NMethod: java.lang.StringBuilder.append (0x00007cb632c5bf08) [0x00007cb632c5c000, 0x00007cb632c5c820] Compiler: jvmci, Barriers: 4, Oops: 0, ImmediateOops: 0, NonImmediateOops: No
[1,444s][debug][gc,nmethod  ] Register NMethod: java.lang.String.<init> (0x00007cb61382aa08) [0x00007cb61382ab00, 0x00007cb61382b6c0] Compiler: c1, Barriers: 10, Oops: 0, ImmediateOops: 0, NonImmediateOops: No
[1,444s][debug][gc,nmethod  ] Register NMethod: java.util.ArrayList.indexOf (0x00007cb61382b708) [0x00007cb61382b800, 0x00007cb61382b950] Compiler: c1, Barriers: 0, Oops: 0, ImmediateOops: 0, NonImmediateOops: No
[1,444s][debug][gc,nmethod  ] Register NMethod: jdk.internal.classfile.impl.StackMapGenerator.processFieldInstructions (0x00007cb61382ba08) [0x00007cb61382bb00, 0x00007cb61382f6b8] Compiler: c1, Barriers: 10, Oops: 2, ImmediateOops: 13, NonImmediateOops: No
[1,444s][debug][gc,nmethod  ] Register NMethod: java.util.ArrayList.indexOfRange (0x00007cb61382f708) [0x00007cb61382f800, 0x00007cb61382fe38] Compiler: c1, Barriers: 3, Oops: 0, ImmediateOops: 0, NonImmediateOops: No
[1,445s][debug][gc,nmethod  ] Register NMethod: java.util.ArrayList.contains (0x00007cb61382fe88) [0x00007cb61382ff80, 0x00007cb613830198] Compiler: c1, Barriers: 0, Oops: 0, ImmediateOops: 0, NonImmediateOops: No
[1,445s][debug][gc,nmethod  ] Register NMethod: junit.framework.TestSuite.isPublicTestMethod (0x00007cb613830208) [0x00007cb613830300, 0x00007cb613830748] Compiler: c1, Barriers: 0, Oops: 1, ImmediateOops: 0, NonImmediateOops: No
[1,445s][debug][gc,nmethod  ] Register NMethod: java.lang.AbstractStringBuilder.isLatin1 (0x00007cb632c5c888) [0x00007cb632c5c980, 0x00007cb632c5ca10] Compiler: jvmci, Barriers: 0, Oops: 0, ImmediateOops: 0, NonImmediateOops: No
[1,445s][debug][gc,nmethod  ] Register NMethod: java.lang.invoke.LambdaForm$MH/0x0000000026085000.invoke (0x00007cb613830788) [0x00007cb613830880, 0x00007cb6138313e0] Compiler: c1, Barriers: 2, Oops: 1, ImmediateOops: 0, NonImmediateOops: No
[1,445s][debug][gc,nmethod  ] Register NMethod: org.junit.runners.model.FrameworkMethod.getAnnotations (0x00007cb613831408) [0x00007cb613831500, 0x00007cb613831fd8] Compiler: c1, Barriers: 1, Oops: 1, ImmediateOops: 1, NonImmediateOops: No
[1,445s][debug][gc,nmethod  ] Register NMethod: junit.framework.TestSuite.addTestMethod (0x00007cb613832008) [0x00007cb613832100, 0x00007cb6138352b8] Compiler: c1, Barriers: 12, Oops: 4, ImmediateOops: 5, NonImmediateOops: No
[1,445s][debug][gc,nmethod  ] Register NMethod: java.util.ArrayList.addAll (0x00007cb613835308) [0x00007cb613835400, 0x00007cb6138359a0] Compiler: c1, Barriers: 1, Oops: 0, ImmediateOops: 0, NonImmediateOops: No
[1,446s][debug][gc,nmethod  ] Register NMethod: java.lang.Class.getDeclaredMethods0 (0x00007cb632c5cb88) [0x00007cb632c5cc80, 0x00007cb632c5cfa0] Compiler: , Barriers: 0, Oops: 0, ImmediateOops: 0, NonImmediateOops: No
[1,446s][debug][gc,nmethod  ] Register NMethod: java.nio.ByteBuffer.limit (0x00007cb613835a08) [0x00007cb613835b00, 0x00007cb613835e00] Compiler: c1, Barriers: 0, Oops: 0, ImmediateOops: 0, NonImmediateOops: No
[1,446s][debug][gc,nmethod  ] Register NMethod: java.lang.reflect.Method.checkCanSetAccessible (0x00007cb613835e08) [0x00007cb613835f00, 0x00007cb613836298] Compiler: c1, Barriers: 1, Oops: 0, ImmediateOops: 0, NonImmediateOops: No
[1,446s][debug][gc,nmethod  ] Register NMethod: java.lang.reflect.Method.setAccessible (0x00007cb613836308) [0x00007cb613836400, 0x00007cb613836c50] Compiler: c1, Barriers: 1, Oops: 0, ImmediateOops: 0, NonImmediateOops: No
[1,446s][debug][gc,nmethod  ] Register NMethod: java.util.ArrayList.toArray (0x00007cb613836c88) [0x00007cb613836d80, 0x00007cb613837160] Compiler: c1, Barriers: 2, Oops: 0, ImmediateOops: 0, NonImmediateOops: No
[1,447s][debug][gc,nmethod  ] Register NMethod: org.junit.runners.model.TestClass$MethodComparator.compare (0x00007cb613837188) [0x00007cb613837280, 0x00007cb6138382f0] Compiler: c1, Barriers: 4, Oops: 2, ImmediateOops: 1, NonImmediateOops: No
[1,447s][debug][gc,nmethod  ] Register NMethod: org.junit.runners.model.TestClass$MethodComparator.compare (0x00007cb613838308) [0x00007cb613838400, 0x00007cb613838ca8] Compiler: c1, Barriers: 2, Oops: 2, ImmediateOops: 1, NonImmediateOops: No
[1,447s][debug][gc,nmethod  ] Register NMethod: java.util.LinkedHashMap.valuesToArray (0x00007cb613838d08) [0x00007cb613838e00, 0x00007cb613839768] Compiler: c1, Barriers: 12, Oops: 0, ImmediateOops: 0, NonImmediateOops: No
[1,447s][debug][gc,nmethod  ] Register NMethod: java.util.LinkedHashMap$LinkedValues.toArray (0x00007cb613839788) [0x00007cb613839880, 0x00007cb613839db8] Compiler: c1, Barriers: 1, Oops: 0, ImmediateOops: 0, NonImmediateOops: No
[1,447s][debug][gc,nmethod  ] Register NMethod: java.util.HashMap.prepareArray (0x00007cb613839e08) [0x00007cb613839f00, 0x00007cb61383a9f8] Compiler: c1, Barriers: 5, Oops: 0, ImmediateOops: 0, NonImmediateOops: No
[1,447s][debug][gc,nmethod  ] Register NMethod: java.lang.Class.annotationData (0x00007cb61383aa08) [0x00007cb61383ab00, 0x00007cb61383ade8] Compiler: c1, Barriers: 1, Oops: 0, ImmediateOops: 0, NonImmediateOops: No
[1,448s][debug][gc,nmethod  ] Register NMethod: java.lang.reflect.Proxy.newProxyInstance (0x00007cb61383ae08) [0x00007cb61383af00, 0x00007cb61383b198] Compiler: c1, Barriers: 0, Oops: 0, ImmediateOops: 0, NonImmediateOops: No
[1,448s][debug][gc,nmethod  ] Register NMethod: org.junit.runners.model.FrameworkMethod.getModifiers (0x00007cb61383b208) [0x00007cb61383b300, 0x00007cb61383b610] Compiler: c1, Barriers: 1, Oops: 1, ImmediateOops: 0, NonImmediateOops: No
[1,448s][debug][gc,nmethod  ] Register NMethod: java.lang.AbstractStringBuilder.needsNewBuffer (0x00007cb632c5d008) [0x00007cb632c5d100, 0x00007cb632c5d1d8] Compiler: jvmci, Barriers: 0, Oops: 0, ImmediateOops: 0, NonImmediateOops: No
[1,448s][debug][gc,nmethod  ] Register NMethod: java.lang.reflect.Proxy.<init> (0x00007cb61383b688) [0x00007cb61383b780, 0x00007cb61383baa0] Compiler: c1, Barriers: 3, Oops: 0, ImmediateOops: 0, NonImmediateOops: No
[1,448s][debug][gc,nmethod  ] Register NMethod: java.lang.reflect.Proxy.newProxyInstance (0x00007cb61383bb08) [0x00007cb61383bc00, 0x00007cb61383d150] Compiler: c1, Barriers: 3, Oops: 0, ImmediateOops: 0, NonImmediateOops: No
[1,448s][debug][gc,nmethod  ] Register NMethod: java.util.Collections$UnmodifiableMap.get (0x00007cb61383d188) [0x00007cb61383d280, 0x00007cb61383d5c0] Compiler: c1, Barriers: 1, Oops: 0, ImmediateOops: 0, NonImmediateOops: No
[1,448s][debug][gc,nmethod  ] Register NMethod: java.util.stream.Sink.end (0x00007cb632c5d308) [0x00007cb632c5d400, 0x00007cb632c5d480] Compiler: jvmci, Barriers: 0, Oops: 0, ImmediateOops: 0, NonImmediateOops: No
[1,448s][debug][gc,nmethod  ] Register NMethod: java.lang.reflect.Proxy.getProxyConstructor (0x00007cb61383d608) [0x00007cb61383d700, 0x00007cb61383f3d8] Compiler: c1, Barriers: 16, Oops: 3, ImmediateOops: 8, NonImmediateOops: No
[1,448s][debug][gc,nmethod  ] Register NMethod: java.util.List.of (0x00007cb61383f408) [0x00007cb61383f500, 0x00007cb61383fa50] Compiler: c1, Barriers: 6, Oops: 0, ImmediateOops: 1, NonImmediateOops: No
[1,448s][debug][gc,nmethod  ] Register NMethod: jdk.internal.constant.ConstantUtils.referenceClassDesc (0x00007cb61383fa88) [0x00007cb61383fb80, 0x00007cb6138407c0] Compiler: c1, Barriers: 2, Oops: 1, ImmediateOops: 2, NonImmediateOops: No
[1,448s][debug][gc,nmethod  ] Register NMethod: jdk.internal.classfile.impl.StackCounter.maxStack (0x00007cb632c5d608) [0x00007cb632c5d700, 0x00007cb632c5d7c0] Compiler: c1, Barriers: 0, Oops: 0, ImmediateOops: 0, NonImmediateOops: No
[1,448s][debug][gc,nmethod  ] Register NMethod: jdk.internal.classfile.impl.StackCounter.maxLocals (0x00007cb632c5d908) [0x00007cb632c5da00, 0x00007cb632c5dac0] Compiler: c1, Barriers: 0, Oops: 0, ImmediateOops: 0, NonImmediateOops: No
[1,449s][debug][gc,nmethod  ] Register NMethod: java.lang.reflect.Constructor.getModifiers (0x00007cb632c5dc08) [0x00007cb632c5dd00, 0x00007cb632c5ddc0] Compiler: c1, Barriers: 0, Oops: 0, ImmediateOops: 0, NonImmediateOops: No
[1,449s][debug][gc,nmethod  ] Register NMethod: java.nio.ByteBuffer.wrap (0x00007cb613840808) [0x00007cb613840900, 0x00007cb613840a20] Compiler: c1, Barriers: 0, Oops: 0, ImmediateOops: 0, NonImmediateOops: No
[1,449s][debug][gc,nmethod  ] Register NMethod: java.nio.HeapByteBuffer.<init> (0x00007cb613840b08) [0x00007cb613840c00, 0x00007cb613840d78] Compiler: c1, Barriers: 0, Oops: 0, ImmediateOops: 0, NonImmediateOops: No
[1,449s][debug][gc,nmethod  ] Register NMethod: org.junit.runners.model.FrameworkMember.isPublic (0x00007cb613840e08) [0x00007cb613840f00, 0x00007cb6138412a8] Compiler: c1, Barriers: 0, Oops: 1, ImmediateOops: 0, NonImmediateOops: No
[1,449s][debug][gc,nmethod  ] Register NMethod: java.nio.ByteBuffer.wrap (0x00007cb613841308) [0x00007cb613841400, 0x00007cb613841670] Compiler: c1, Barriers: 0, Oops: 0, ImmediateOops: 0, NonImmediateOops: No
[1,450s][debug][gc,nmethod  ] Register NMethod: java.util.HashMap$EntrySet.iterator (0x00007cb613841688) [0x00007cb613841780, 0x00007cb613841b00] Compiler: c1, Barriers: 1, Oops: 0, ImmediateOops: 0, NonImmediateOops: No
[1,450s][debug][gc,nmethod  ] Register NMethod: java.util.HashMap.entrySet (0x00007cb613841b08) [0x00007cb613841c00, 0x00007cb6138420c8] Compiler: c1, Barriers: 7, Oops: 0, ImmediateOops: 0, NonImmediateOops: No
[1,450s][debug][gc,nmethod  ] Register NMethod: org.junit.runners.model.FrameworkMethod.isShadowedBy (0x00007cb613842108) [0x00007cb613842200, 0x00007cb613842550] Compiler: c1, Barriers: 0, Oops: 1, ImmediateOops: 0, NonImmediateOops: No
[1,450s][debug][gc,nmethod  ] Register NMethod: java.util.HashMap$EntryIterator.<init> (0x00007cb613842588) [0x00007cb613842680, 0x00007cb613842900] Compiler: c1, Barriers: 0, Oops: 0, ImmediateOops: 0, NonImmediateOops: No
[1,450s][debug][gc,nmethod  ] Register NMethod: sun.reflect.annotation.AnnotationInvocationHandler.<init> (0x00007cb613842908) [0x00007cb613842a00, 0x00007cb613844280] Compiler: c1, Barriers: 8, Oops: 1, ImmediateOops: 3, NonImmediateOops: No
[1,450s][debug][gc,nmethod  ] Register NMethod: jdk.internal.loader.AbstractClassLoaderValue$Sub.equals (0x00007cb613844308) [0x00007cb613844400, 0x00007cb6138453c0] Compiler: c1, Barriers: 4, Oops: 0, ImmediateOops: 0, NonImmediateOops: No
[1,450s][debug][gc,nmethod  ] Register NMethod: org.junit.runners.model.FrameworkMethod.isShadowedBy (0x00007cb613845408) [0x00007cb613845500, 0x00007cb613848608] Compiler: c1, Barriers: 16, Oops: 1, ImmediateOops: 0, NonImmediateOops: No
[1,450s][debug][gc,nmethod  ] Register NMethod: java.lang.CharacterDataLatin1.getPropertiesEx (0x00007cb613848688) [0x00007cb613848780, 0x00007cb6138488b0] Compiler: c1, Barriers: 0, Oops: 0, ImmediateOops: 1, NonImmediateOops: No
[1,450s][debug][gc,nmethod  ] Register NMethod: java.lang.CharacterDataLatin1.isUpperCase (0x00007cb613848988) [0x00007cb613848a80, 0x00007cb613848e18] Compiler: c1, Barriers: 0, Oops: 0, ImmediateOops: 1, NonImmediateOops: No
[1,450s][debug][gc,nmethod  ] Register NMethod: java.util.Formatter$Flags.contains (0x00007cb613848e88) [0x00007cb613848f80, 0x00007cb6138490b0] Compiler: c1, Barriers: 0, Oops: 0, ImmediateOops: 0, NonImmediateOops: No
[1,450s][debug][gc,nmethod  ] Register NMethod: org.junit.runners.model.TestClass.getAnnotatedMembers (0x00007cb613849188) [0x00007cb613849280, 0x00007cb613849f00] Compiler: c1, Barriers: 3, Oops: 1, ImmediateOops: 2, NonImmediateOops: No
[1,450s][debug][gc,nmethod  ] Register NMethod: java.util.Formatter$FormatSpecifier.index (0x00007cb632c5df08) [0x00007cb632c5e000, 0x00007cb632c5e0c0] Compiler: c1, Barriers: 0, Oops: 0, ImmediateOops: 0, NonImmediateOops: No
[1,450s][debug][gc,nmethod  ] Register NMethod: java.util.Formatter$FixedString.index (0x00007cb632c5e208) [0x00007cb632c5e300, 0x00007cb632c5e3c0] Compiler: c1, Barriers: 0, Oops: 0, ImmediateOops: 0, NonImmediateOops: No
[1,450s][debug][gc,nmethod  ] Register NMethod: java.util.Collections$EmptyMap.get (0x00007cb632c5e508) [0x00007cb632c5e600, 0x00007cb632c5e6c8] Compiler: c1, Barriers: 0, Oops: 0, ImmediateOops: 0, NonImmediateOops: No
[1,450s][debug][gc,nmethod  ] Register NMethod: java.util.Collections.emptySet (0x00007cb613849f88) [0x00007cb61384a080, 0x00007cb61384a168] Compiler: c1, Barriers: 0, Oops: 0, ImmediateOops: 1, NonImmediateOops: No
[1,450s][debug][gc,nmethod  ] Register NMethod: java.util.Arrays$ArrayItr.hasNext (0x00007cb61384a288) [0x00007cb61384a380, 0x00007cb61384a510] Compiler: c1, Barriers: 1, Oops: 0, ImmediateOops: 0, NonImmediateOops: No
[1,450s][debug][gc,nmethod  ] Register NMethod: java.lang.reflect.Method.hashCode (0x00007cb61384a588) [0x00007cb61384a680, 0x00007cb61384b290] Compiler: c1, Barriers: 3, Oops: 0, ImmediateOops: 0, NonImmediateOops: No
[1,451s][debug][gc,nmethod  ] Register NMethod: org.junit.runners.model.FrameworkMethod.hashCode (0x00007cb61384b308) [0x00007cb61384b400, 0x00007cb61384c268] Compiler: c1, Barriers: 4, Oops: 1, ImmediateOops: 0, NonImmediateOops: No
[1,451s][debug][gc,nmethod  ] Register NMethod: org.junit.runners.model.FrameworkMember.<init> (0x00007cb61384c288) [0x00007cb61384c380, 0x00007cb61384c4d8] Compiler: c1, Barriers: 0, Oops: 1, ImmediateOops: 0, NonImmediateOops: No
[1,451s][debug][gc,nmethod  ] Register NMethod: org.junit.runners.model.TestClass.addToAnnotationLists (0x00007cb61384c588) [0x00007cb61384c680, 0x00007cb61384d928] Compiler: c1, Barriers: 1, Oops: 3, ImmediateOops: 2, NonImmediateOops: No
[1,451s][debug][gc,nmethod  ] Register NMethod: java.lang.ClassLoader.createOrGetClassLoaderValueMap (0x00007cb61384d988) [0x00007cb61384da80, 0x00007cb61384de30] Compiler: c1, Barriers: 2, Oops: 0, ImmediateOops: 1, NonImmediateOops: No
[1,452s][debug][gc,nmethod  ] Register NMethod: org.junit.runners.model.FrameworkMethod.<init> (0x00007cb61384de88) [0x00007cb61384df80, 0x00007cb61384f150] Compiler: c1, Barriers: 4, Oops: 1, ImmediateOops: 1, NonImmediateOops: No
[1,452s][debug][gc,nmethod  ] Register NMethod: org.junit.runners.model.TestClass.getJavaClass (0x00007cb632c5e808) [0x00007cb632c5e900, 0x00007cb632c5e9e8] Compiler: c1, Barriers: 1, Oops: 1, ImmediateOops: 0, NonImmediateOops: No
[1,452s][debug][gc,nmethod  ] Register NMethod: java.lang.Class.getAnnotation (0x00007cb61384f188) [0x00007cb61384f280, 0x00007cb61384f968] Compiler: c1, Barriers: 1, Oops: 0, ImmediateOops: 0, NonImmediateOops: No
[1,452s][debug][gc,nmethod  ] Register NMethod: java.lang.invoke.MethodHandle.invokeBasic (0x00007cb632c5eb08) [0x00007cb632c5ec00, 0x00007cb632c5ee98] Compiler: , Barriers: 0, Oops: 0, ImmediateOops: 0, NonImmediateOops: No
[1,453s][debug][gc,nmethod  ] Register NMethod: java.lang.invoke.VarHandleGuards.guard_LLL_Z (0x00007cb61384f988) [0x00007cb61384fa80, 0x00007cb613852980] Compiler: c1, Barriers: 28, Oops: 0, ImmediateOops: 2, NonImmediateOops: No
[1,453s][debug][gc,nmethod  ] Register NMethod: java.lang.AbstractStringBuilder.append (0x00007cb632c5ef08) [0x00007cb632c5f000, 0x00007cb632c5f820] Compiler: jvmci, Barriers: 4, Oops: 0, ImmediateOops: 0, NonImmediateOops: No
[1,453s][debug][gc,nmethod  ] Register NMethod: java.util.Objects.equals (0x00007cb632c5f888) [0x00007cb632c5f980, 0x00007cb632c5fe00] Compiler: jvmci, Barriers: 8, Oops: 0, ImmediateOops: 0, NonImmediateOops: No
[1,453s][debug][gc,director ] Rule Major: Warmup 10%, Used: 88MB, UsedThreshold: 1228MB
[1,453s][debug][gc,nmethod  ] Register NMethod: java.util.ArrayList.get (0x00007cb632c5fe08) [0x00007cb632c5ff00, 0x00007cb632c60068] Compiler: jvmci, Barriers: 2, Oops: 0, ImmediateOops: 0, NonImmediateOops: No
[1,454s][debug][gc,nmethod  ] Register NMethod: java.util.Collections$UnmodifiableCollection$1.<init> (0x00007cb613852988) [0x00007cb613852a80, 0x00007cb613853060] Compiler: c1, Barriers: 7, Oops: 0, ImmediateOops: 0, NonImmediateOops: No
[1,454s][debug][gc,nmethod  ] Register NMethod: java.util.Collections$UnmodifiableCollection.iterator (0x00007cb613853088) [0x00007cb613853180, 0x00007cb613853730] Compiler: c1, Barriers: 7, Oops: 0, ImmediateOops: 0, NonImmediateOops: No
[1,454s][debug][gc,nmethod  ] Register NMethod: java.lang.invoke.MethodHandle.linkToStatic (0x00007cb632c60108) [0x00007cb632c60200, 0x00007cb632c602f0] Compiler: , Barriers: 0, Oops: 0, ImmediateOops: 0, NonImmediateOops: No
[1,455s][debug][gc,nmethod  ] Register NMethod: jdk.internal.classfile.impl.DirectCodeBuilder.parameterSlot (0x00007cb613853788) [0x00007cb613853880, 0x00007cb613853a38] Compiler: c1, Barriers: 1, Oops: 0, ImmediateOops: 0, NonImmediateOops: No
[1,455s][debug][gc,nmethod  ] Register NMethod: jdk.internal.classfile.impl.DirectMethodBuilder.parameterSlot (0x00007cb613853a88) [0x00007cb613853b80, 0x00007cb613854900] Compiler: c1, Barriers: 6, Oops: 0, ImmediateOops: 0, NonImmediateOops: No
[1,455s][debug][gc,nmethod  ] Register NMethod: java.lang.invoke.InnerClassLambdaMetafactory.argName (0x00007cb613854908) [0x00007cb613854a00, 0x00007cb613855690] Compiler: c1, Barriers: 1, Oops: 1, ImmediateOops: 3, NonImmediateOops: No
[1,456s][debug][gc,nmethod  ] Register NMethod: java.util.LinkedHashMap.get (0x00007cb613855708) [0x00007cb613855800, 0x00007cb613855dc0] Compiler: c1, Barriers: 1, Oops: 0, ImmediateOops: 0, NonImmediateOops: No
[1,456s][debug][gc,nmethod  ] Register NMethod: java.lang.Byte.hashCode (0x00007cb613855e08) [0x00007cb613855f00, 0x00007cb613855fe0] Compiler: c1, Barriers: 0, Oops: 0, ImmediateOops: 0, NonImmediateOops: No
[1,457s][debug][gc,nmethod  ] Register NMethod: java.lang.Byte.hashCode (0x00007cb613856108) [0x00007cb613856200, 0x00007cb613856358] Compiler: c1, Barriers: 0, Oops: 0, ImmediateOops: 0, NonImmediateOops: No
[1,457s][debug][gc,nmethod  ] Register NMethod: java.lang.Byte.<init> (0x00007cb613856408) [0x00007cb613856500, 0x00007cb6138566c0] Compiler: c1, Barriers: 0, Oops: 0, ImmediateOops: 0, NonImmediateOops: No
[1,457s][debug][gc,nmethod  ] Register NMethod: java.lang.invoke.MemberName.hashCode (0x00007cb613856708) [0x00007cb613856800, 0x00007cb613858220] Compiler: c1, Barriers: 14, Oops: 0, ImmediateOops: 0, NonImmediateOops: No
[1,457s][debug][gc,nmethod  ] Register NMethod: java.lang.invoke.MemberName.<init> (0x00007cb613858288) [0x00007cb613858380, 0x00007cb61385a288] Compiler: c1, Barriers: 0, Oops: 4, ImmediateOops: 6, NonImmediateOops: No
[1,459s][debug][gc,nmethod  ] Register NMethod: jdk.internal.classfile.impl.AbstractPoolEntry$Utf8EntryImpl.equalsString (0x00007cb61385a308) [0x00007cb61385a400, 0x00007cb61385d0d0] Compiler: c1, Barriers: 23, Oops: 1, ImmediateOops: 8, NonImmediateOops: No
[1,459s][debug][gc,nmethod  ] Register NMethod: jdk.internal.classfile.impl.BufWriterImpl.<init> (0x00007cb61385d108) [0x00007cb61385d200, 0x00007cb61385d348] Compiler: c1, Barriers: 0, Oops: 0, ImmediateOops: 0, NonImmediateOops: No
[1,461s][debug][gc,nmethod  ] Register NMethod: java.lang.invoke.MethodHandle.linkToStatic (0x00007cb632c60408) [0x00007cb632c60500, 0x00007cb632c605f0] Compiler: , Barriers: 0, Oops: 0, ImmediateOops: 0, NonImmediateOops: No
[1,462s][debug][gc,nmethod  ] Register NMethod: jdk.internal.classfile.impl.AbstractPoolEntry$FieldRefEntryImpl.<init> (0x00007cb61385d408) [0x00007cb61385d500, 0x00007cb61385d650] Compiler: c1, Barriers: 0, Oops: 0, ImmediateOops: 0, NonImmediateOops: No
[1,463s][debug][gc,nmethod  ] Register NMethod: java.util.LinkedHashMap.newNode (0x00007cb61385d708) [0x00007cb61385d800, 0x00007cb61385d9e8] Compiler: c1, Barriers: 0, Oops: 0, ImmediateOops: 0, NonImmediateOops: No
[1,463s][debug][gc,nmethod  ] Register NMethod: java.util.stream.SortedOps$SizedRefSortingSink.accept (0x00007cb61385da08) [0x00007cb61385db00, 0x00007cb61385df08] Compiler: c1, Barriers: 4, Oops: 0, ImmediateOops: 0, NonImmediateOops: No
[1,463s][debug][gc,nmethod  ] Register NMethod: java.util.LinkedHashMap.afterNodeInsertion (0x00007cb61385df88) [0x00007cb61385e080, 0x00007cb61385e960] Compiler: c1, Barriers: 2, Oops: 0, ImmediateOops: 0, NonImmediateOops: No
[1,463s][debug][gc,nmethod  ] Register NMethod: java.util.stream.Collectors$$Lambda/0x0000000026114238.accept (0x00007cb61385e988) [0x00007cb61385ea80, 0x00007cb61385efa8] Compiler: c1, Barriers: 0, Oops: 0, ImmediateOops: 0, NonImmediateOops: No
[1,463s][debug][gc,director ] Rule Major: Warmup 10%, Used: 90MB, UsedThreshold: 1228MB
[1,464s][debug][gc,nmethod  ] Register NMethod: java.util.ArrayList$ArrayListSpliterator.characteristics (0x00007cb632c60708) [0x00007cb632c60800, 0x00007cb632c608c0] Compiler: c1, Barriers: 0, Oops: 0, ImmediateOops: 0, NonImmediateOops: No
[1,464s][debug][gc,nmethod  ] Register NMethod: java.util.stream.MatchOps$BooleanTerminalSink.cancellationRequested (0x00007cb632c60a08) [0x00007cb632c60b00, 0x00007cb632c60bc0] Compiler: c1, Barriers: 0, Oops: 0, ImmediateOops: 0, NonImmediateOops: No
[1,464s][debug][gc,nmethod  ] Register NMethod: java.util.ArrayList$ArrayListSpliterator.getFence (0x00007cb61385f008) [0x00007cb61385f100, 0x00007cb61385f270] Compiler: c1, Barriers: 1, Oops: 0, ImmediateOops: 0, NonImmediateOops: No
[1,464s][debug][gc,nmethod  ] Register NMethod: java.util.stream.MatchOps$1MatchSink.accept (0x00007cb61385f308) [0x00007cb61385f400, 0x00007cb61385f7f0] Compiler: c1, Barriers: 2, Oops: 0, ImmediateOops: 0, NonImmediateOops: No
[1,464s][debug][gc,nmethod  ] Register NMethod: org.junit.platform.commons.util.ReflectionUtils$$Lambda/0x000000002618a488.test (0x00007cb61385f808) [0x00007cb61385f900, 0x00007cb6138605f8] Compiler: c1, Barriers: 3, Oops: 1, ImmediateOops: 0, NonImmediateOops: No
[1,464s][debug][gc,nmethod  ] Register NMethod: org.junit.platform.commons.util.ReflectionUtils.lambda$isMethodShadowedByLocalMethods$34 (0x00007cb613860608) [0x00007cb613860700, 0x00007cb613861138] Compiler: c1, Barriers: 2, Oops: 1, ImmediateOops: 0, NonImmediateOops: No
[1,464s][debug][gc,nmethod  ] Register NMethod: java.util.ArrayList$ArrayListSpliterator.tryAdvance (0x00007cb613861188) [0x00007cb613861280, 0x00007cb613861968] Compiler: c1, Barriers: 5, Oops: 0, ImmediateOops: 0, NonImmediateOops: No
[1,464s][debug][gc,nmethod  ] Register NMethod: org.junit.platform.commons.util.ReflectionUtils.hasCompatibleSignature (0x00007cb613861988) [0x00007cb613861a80, 0x00007cb613863450] Compiler: c1, Barriers: 5, Oops: 1, ImmediateOops: 0, NonImmediateOops: No
[1,464s][debug][gc,nmethod  ] Register NMethod: org.junit.platform.commons.util.ReflectionUtils.isMethodShadowedBy (0x00007cb613863488) [0x00007cb613863580, 0x00007cb613863f58] Compiler: c1, Barriers: 2, Oops: 1, ImmediateOops: 0, NonImmediateOops: No
[1,465s][debug][gc,nmethod  ] Register NMethod: java.lang.Boolean.booleanValue (0x00007cb632c60d08) [0x00007cb632c60e00, 0x00007cb632c60ec0] Compiler: c1, Barriers: 0, Oops: 0, ImmediateOops: 0, NonImmediateOops: No
[1,465s][debug][gc,nmethod  ] Register NMethod: java.util.Collection.stream (0x00007cb613863f88) [0x00007cb613864080, 0x00007cb6138643b8] Compiler: c1, Barriers: 0, Oops: 0, ImmediateOops: 0, NonImmediateOops: No
[1,465s][debug][gc,nmethod  ] Register NMethod: java.util.stream.Collectors$$Lambda/0x000000002610ff00.accept (0x00007cb613864408) [0x00007cb613864500, 0x00007cb613864cf0] Compiler: c1, Barriers: 4, Oops: 0, ImmediateOops: 0, NonImmediateOops: No
[1,465s][debug][gc,nmethod  ] Register NMethod: java.lang.Class.copyMethods (0x00007cb613864d08) [0x00007cb613864e00, 0x00007cb613865848] Compiler: c1, Barriers: 9, Oops: 0, ImmediateOops: 4, NonImmediateOops: No
[1,465s][debug][gc,nmethod  ] Register NMethod: java.util.stream.Sink.begin (0x00007cb613865888) [0x00007cb613865980, 0x00007cb613865a80] Compiler: c1, Barriers: 0, Oops: 0, ImmediateOops: 0, NonImmediateOops: No
[1,465s][debug][gc,nmethod  ] Register NMethod: java.util.stream.AbstractPipeline.copyIntoWithCancel (0x00007cb613865b88) [0x00007cb613865c80, 0x00007cb613866690] Compiler: c1, Barriers: 1, Oops: 0, ImmediateOops: 0, NonImmediateOops: No
[1,465s][debug][gc,nmethod  ] Register NMethod: java.util.stream.MatchOps$BooleanTerminalSink.getAndClearState (0x00007cb632c61008) [0x00007cb632c61100, 0x00007cb632c611c0] Compiler: c1, Barriers: 0, Oops: 0, ImmediateOops: 0, NonImmediateOops: No
[1,465s][debug][gc,nmethod  ] Register NMethod: java.util.stream.ReferencePipeline.forEachWithCancel (0x00007cb613866708) [0x00007cb613866800, 0x00007cb613866e00] Compiler: c1, Barriers: 0, Oops: 0, ImmediateOops: 0, NonImmediateOops: No
[1,466s][debug][gc,nmethod  ] Register NMethod: java.lang.invoke.Invokers$Holder.linkToTargetMethod (0x00007cb613866e08) [0x00007cb613866f00, 0x00007cb6138673f8] Compiler: c1, Barriers: 0, Oops: 0, ImmediateOops: 0, NonImmediateOops: No
[1,466s][debug][gc,nmethod  ] Register NMethod: java.lang.invoke.DirectMethodHandle$Holder.newInvokeSpecial (0x00007cb613867408) [0x00007cb613867500, 0x00007cb613867d80] Compiler: c1, Barriers: 2, Oops: 0, ImmediateOops: 1, NonImmediateOops: No
[1,466s][debug][gc,nmethod  ] Register NMethod: java.lang.reflect.Method.isSynthetic (0x00007cb613867d88) [0x00007cb613867e80, 0x00007cb6138680c0] Compiler: c1, Barriers: 0, Oops: 0, ImmediateOops: 0, NonImmediateOops: No
[1,466s][debug][gc,nmethod  ] Register NMethod: java.lang.reflect.Modifier.isSynthetic (0x00007cb613868108) [0x00007cb613868200, 0x00007cb613868330] Compiler: c1, Barriers: 0, Oops: 0, ImmediateOops: 0, NonImmediateOops: No
[1,466s][debug][gc,nmethod  ] Register NMethod: java.lang.reflect.Executable.isSynthetic (0x00007cb613868408) [0x00007cb613868500, 0x00007cb6138688a8] Compiler: c1, Barriers: 0, Oops: 0, ImmediateOops: 0, NonImmediateOops: No
[1,466s][debug][gc,nmethod  ] Register NMethod: java.util.ArrayList.spliterator (0x00007cb613868908) [0x00007cb613868a00, 0x00007cb613868d10] Compiler: c1, Barriers: 3, Oops: 0, ImmediateOops: 0, NonImmediateOops: No
[1,466s][debug][gc,nmethod  ] Register NMethod: org.junit.platform.commons.util.ReflectionUtils$$Lambda/0x000000002618e828.test (0x00007cb613868d88) [0x00007cb613868e80, 0x00007cb613869588] Compiler: c1, Barriers: 0, Oops: 1, ImmediateOops: 0, NonImmediateOops: No
[1,466s][debug][gc,nmethod  ] Register NMethod: java.util.ArrayList$ArrayListSpliterator.estimateSize (0x00007cb613869608) [0x00007cb613869700, 0x00007cb6138698d8] Compiler: c1, Barriers: 1, Oops: 0, ImmediateOops: 0, NonImmediateOops: No
[1,466s][debug][gc,nmethod  ] Register NMethod: java.lang.Boolean.valueOf (0x00007cb613869908) [0x00007cb613869a00, 0x00007cb613869b58] Compiler: c1, Barriers: 0, Oops: 0, ImmediateOops: 2, NonImmediateOops: No
[1,467s][debug][gc,nmethod  ] Register NMethod: java.util.ArrayList$ArrayListSpliterator.<init> (0x00007cb613869c08) [0x00007cb613869d00, 0x00007cb61386a040] Compiler: c1, Barriers: 3, Oops: 0, ImmediateOops: 0, NonImmediateOops: No
[1,467s][debug][gc,nmethod  ] Register NMethod: org.junit.platform.commons.util.ReflectionUtils.lambda$findAllMethodsInHierarchy$27 (0x00007cb61386a088) [0x00007cb61386a180, 0x00007cb61386a608] Compiler: c1, Barriers: 0, Oops: 1, ImmediateOops: 0, NonImmediateOops: No
[1,467s][debug][gc,nmethod  ] Register NMethod: java.util.stream.MatchOps$$Lambda/0x00000000260f77d0.<init> (0x00007cb61386a688) [0x00007cb61386a780, 0x00007cb61386a9c8] Compiler: c1, Barriers: 6, Oops: 0, ImmediateOops: 0, NonImmediateOops: No
[1,467s][debug][gc,nmethod  ] Register NMethod: java.util.stream.MatchOps$MatchOp.getOpFlags (0x00007cb61386aa08) [0x00007cb61386ab00, 0x00007cb61386ac08] Compiler: c1, Barriers: 0, Oops: 0, ImmediateOops: 0, NonImmediateOops: No
[1,467s][debug][gc,nmethod  ] Register NMethod: java.util.stream.MatchOps$MatchOp.<init> (0x00007cb61386ad08) [0x00007cb61386ae00, 0x00007cb61386b0c0] Compiler: c1, Barriers: 9, Oops: 0, ImmediateOops: 0, NonImmediateOops: No
[1,467s][debug][gc,nmethod  ] Register NMethod: java.util.RegularEnumSet.contains (0x00007cb61386b108) [0x00007cb61386b200, 0x00007cb61386bca0] Compiler: c1, Barriers: 3, Oops: 0, ImmediateOops: 0, NonImmediateOops: No
[1,467s][debug][gc,nmethod  ] Register NMethod: java.util.stream.MatchOps$MatchOp.evaluateSequential (0x00007cb61386bd08) [0x00007cb61386be00, 0x00007cb61386ca10] Compiler: c1, Barriers: 1, Oops: 0, ImmediateOops: 2, NonImmediateOops: No
[1,467s][debug][gc,nmethod  ] Register NMethod: java.util.stream.MatchOps.lambda$makeRef$0 (0x00007cb61386ca88) [0x00007cb61386cb80, 0x00007cb61386cf18] Compiler: c1, Barriers: 6, Oops: 0, ImmediateOops: 0, NonImmediateOops: No
[1,467s][debug][gc,nmethod  ] Register NMethod: java.util.stream.MatchOps$$Lambda/0x00000000260f77d0.get (0x00007cb61386cf88) [0x00007cb61386d080, 0x00007cb61386d500] Compiler: c1, Barriers: 8, Oops: 0, ImmediateOops: 0, NonImmediateOops: No
[1,467s][debug][gc,nmethod  ] Register NMethod: java.util.stream.MatchOps$MatchOp.evaluateSequential (0x00007cb61386d508) [0x00007cb61386d600, 0x00007cb61386e428] Compiler: c1, Barriers: 1, Oops: 0, ImmediateOops: 2, NonImmediateOops: No
[1,467s][debug][gc,nmethod  ] Register NMethod: java.util.stream.MatchOps.makeRef (0x00007cb61386e488) [0x00007cb61386e580, 0x00007cb61386f0b0] Compiler: c1, Barriers: 15, Oops: 2, ImmediateOops: 3, NonImmediateOops: No
[1,467s][debug][gc,nmethod  ] Register NMethod: java.util.stream.MatchOps$1MatchSink.<init> (0x00007cb61386f108) [0x00007cb61386f200, 0x00007cb61386f500] Compiler: c1, Barriers: 6, Oops: 0, ImmediateOops: 0, NonImmediateOops: No
[1,467s][debug][gc,nmethod  ] Register NMethod: java.util.Collections$UnmodifiableCollection.contains (0x00007cb61386f508) [0x00007cb61386f600, 0x00007cb61386f948] Compiler: c1, Barriers: 1, Oops: 0, ImmediateOops: 0, NonImmediateOops: No
[1,467s][debug][gc,nmethod  ] Register NMethod: java.util.stream.ReferencePipeline.anyMatch (0x00007cb61386f988) [0x00007cb61386fa80, 0x00007cb613870198] Compiler: c1, Barriers: 0, Oops: 0, ImmediateOops: 1, NonImmediateOops: No
[1,467s][debug][gc,nmethod  ] Register NMethod: java.util.TimSort.sort (0x00007cb613870208) [0x00007cb613870300, 0x00007cb613870a18] Compiler: c1, Barriers: 2, Oops: 0, ImmediateOops: 0, NonImmediateOops: No
[1,467s][debug][gc,nmethod  ] Register NMethod: java.util.stream.MatchOps$BooleanTerminalSink.<init> (0x00007cb613870a88) [0x00007cb613870b80, 0x00007cb613870d38] Compiler: c1, Barriers: 0, Oops: 0, ImmediateOops: 0, NonImmediateOops: No
[1,467s][debug][gc,nmethod  ] Register NMethod: org.junit.vintage.engine.descriptor.TestSourceProvider.lambda$findMethod$0 (0x00007cb632c61308) [0x00007cb632c61400, 0x00007cb632c614a0] Compiler: c1, Barriers: 0, Oops: 1, ImmediateOops: 0, NonImmediateOops: No
[1,467s][debug][gc,nmethod  ] Register NMethod: org.junit.platform.commons.util.ReflectionUtils$$Lambda/0x000000002618a488.<init> (0x00007cb613870d88) [0x00007cb613870e80, 0x00007cb613871050] Compiler: c1, Barriers: 3, Oops: 1, ImmediateOops: 0, NonImmediateOops: No
[1,468s][debug][gc,nmethod  ] Register NMethod: org.junit.platform.commons.util.FunctionUtils.lambda$where$0 (0x00007cb613871088) [0x00007cb613871180, 0x00007cb613871680] Compiler: c1, Barriers: 0, Oops: 1, ImmediateOops: 0, NonImmediateOops: No
[1,468s][debug][gc,nmethod  ] Register NMethod: org.junit.platform.commons.util.FunctionUtils$$Lambda/0x000000002618f7f0.test (0x00007cb613871708) [0x00007cb613871800, 0x00007cb613871de8] Compiler: c1, Barriers: 2, Oops: 1, ImmediateOops: 0, NonImmediateOops: No
[1,468s][debug][gc,nmethod  ] Register NMethod: org.junit.platform.commons.util.ReflectionUtils$$Lambda/0x000000002618ea80.test (0x00007cb613871e08) [0x00007cb613871f00, 0x00007cb613873290] Compiler: c1, Barriers: 4, Oops: 2, ImmediateOops: 3, NonImmediateOops: No
[1,468s][debug][gc,nmethod  ] Register NMethod: org.junit.platform.commons.util.ReflectionUtils.isMethodShadowedByLocalMethods (0x00007cb613873308) [0x00007cb613873400, 0x00007cb613874418] Compiler: c1, Barriers: 3, Oops: 2, ImmediateOops: 3, NonImmediateOops: No
[1,468s][debug][gc,nmethod  ] Register NMethod: org.junit.platform.commons.util.ReflectionUtils.lambda$findAllMethodsInHierarchy$28 (0x00007cb613874488) [0x00007cb613874580, 0x00007cb613875650] Compiler: c1, Barriers: 3, Oops: 2, ImmediateOops: 3, NonImmediateOops: No
[1,468s][debug][gc,nmethod  ] Register NMethod: org.junit.vintage.engine.descriptor.TestSourceProvider$$Lambda/0x000000002618f398.apply (0x00007cb613875688) [0x00007cb613875780, 0x00007cb613875c98] Compiler: c1, Barriers: 1, Oops: 1, ImmediateOops: 0, NonImmediateOops: No
[1,468s][debug][gc,nmethod  ] Register NMethod: java.util.function.Predicate.lambda$isEqual$0 (0x00007cb613875d08) [0x00007cb613875e00, 0x00007cb6138760e8] Compiler: c1, Barriers: 0, Oops: 0, ImmediateOops: 0, NonImmediateOops: No
[1,468s][debug][gc,nmethod  ] Register NMethod: java.util.function.Predicate$$Lambda/0x0000000026120c58.test (0x00007cb613876108) [0x00007cb613876200, 0x00007cb6138765a0] Compiler: c1, Barriers: 1, Oops: 0, ImmediateOops: 0, NonImmediateOops: No
[1,468s][debug][gc,nmethod  ] Register NMethod: java.util.stream.ReferencePipeline$2$1.begin (0x00007cb613876608) [0x00007cb613876700, 0x00007cb613876a40] Compiler: c1, Barriers: 1, Oops: 0, ImmediateOops: 0, NonImmediateOops: No
[1,468s][debug][gc,nmethod  ] Register NMethod: java.util.stream.ReferencePipeline$2.opWrapSink (0x00007cb613876a88) [0x00007cb613876b80, 0x00007cb6138772f8] Compiler: c1, Barriers: 7, Oops: 0, ImmediateOops: 0, NonImmediateOops: No
[1,468s][debug][gc,nmethod  ] Register NMethod: java.util.stream.ReferencePipeline$2.<init> (0x00007cb613877308) [0x00007cb613877400, 0x00007cb6138777e0] Compiler: c1, Barriers: 3, Oops: 0, ImmediateOops: 0, NonImmediateOops: No
[1,468s][debug][gc,nmethod  ] Register NMethod: java.util.stream.ReferencePipeline.filter (0x00007cb613877808) [0x00007cb613877900, 0x00007cb613877e10] Compiler: c1, Barriers: 3, Oops: 1, ImmediateOops: 0, NonImmediateOops: No
[1,468s][debug][gc,nmethod  ] Register NMethod: java.util.stream.ReferencePipeline$2$1.<init> (0x00007cb613877e88) [0x00007cb613877f80, 0x00007cb6138786d8] Compiler: c1, Barriers: 6, Oops: 0, ImmediateOops: 0, NonImmediateOops: No
[1,468s][debug][gc,nmethod  ] Register NMethod: java.lang.StringLatin1.trim (0x00007cb613878708) [0x00007cb613878800, 0x00007cb613878b78] Compiler: c1, Barriers: 0, Oops: 0, ImmediateOops: 0, NonImmediateOops: No
[1,468s][debug][gc,nmethod  ] Register NMethod: java.lang.String.trim (0x00007cb613878b88) [0x00007cb613878c80, 0x00007cb613879158] Compiler: c1, Barriers: 2, Oops: 0, ImmediateOops: 0, NonImmediateOops: No
[1,469s][debug][gc,nmethod  ] Register NMethod: java.lang.invoke.VarHandleReferences$FieldInstanceReadWrite.compareAndSet (0x00007cb613879188) [0x00007cb613879280, 0x00007cb61387a838] Compiler: c1, Barriers: 7, Oops: 1, ImmediateOops: 0, NonImmediateOops: No
[1,469s][debug][gc,nmethod  ] Register NMethod: java.util.stream.Collectors.castingIdentity (0x00007cb61387a888) [0x00007cb61387a980, 0x00007cb61387ab20] Compiler: c1, Barriers: 0, Oops: 1, ImmediateOops: 1, NonImmediateOops: No
[1,469s][debug][gc,nmethod  ] Register NMethod: java.util.stream.Collectors$CollectorImpl.<init> (0x00007cb61387ab88) [0x00007cb61387ac80, 0x00007cb61387b1f8] Compiler: c1, Barriers: 15, Oops: 2, ImmediateOops: 1, NonImmediateOops: No
[1,469s][debug][gc,nmethod  ] Register NMethod: org.junit.vintage.engine.descriptor.TestSourceProvider$$Lambda/0x000000002618e5d0.test (0x00007cb61387b288) [0x00007cb61387b380, 0x00007cb61387b6e8] Compiler: c1, Barriers: 0, Oops: 1, ImmediateOops: 0, NonImmediateOops: No
[1,469s][debug][gc,nmethod  ] Register NMethod: java.util.ArrayList$ArrayListSpliterator.forEachRemaining (0x00007cb61387b708) [0x00007cb61387b800, 0x00007cb61387bf58] Compiler: c1, Barriers: 4, Oops: 0, ImmediateOops: 0, NonImmediateOops: No
[1,470s][debug][gc,nmethod  ] Register NMethod: org.junit.platform.engine.support.descriptor.AbstractTestDescriptor.getUniqueId (0x00007cb632c61608) [0x00007cb632c61700, 0x00007cb632c617e8] Compiler: c1, Barriers: 1, Oops: 1, ImmediateOops: 0, NonImmediateOops: No
[1,470s][debug][gc,nmethod  ] Register NMethod: org.junit.platform.commons.util.StringUtils.isNotBlank (0x00007cb61387bf88) [0x00007cb61387c080, 0x00007cb61387c720] Compiler: c1, Barriers: 1, Oops: 1, ImmediateOops: 0, NonImmediateOops: No
[1,470s][debug][gc,nmethod  ] Register NMethod: org.junit.platform.commons.util.StringUtils.isBlank (0x00007cb61387c788) [0x00007cb61387c880, 0x00007cb61387d278] Compiler: c1, Barriers: 3, Oops: 1, ImmediateOops: 0, NonImmediateOops: No
[1,470s][debug][gc,nmethod  ] Register NMethod: java.lang.invoke.Invokers$Holder.invokeExact_MT (0x00007cb61387d288) [0x00007cb61387d380, 0x00007cb61387dee8] Compiler: c1, Barriers: 3, Oops: 0, ImmediateOops: 0, NonImmediateOops: No
[1,471s][debug][gc,nmethod  ] Register NMethod: org.junit.platform.commons.function.Try.of (0x00007cb61387df08) [0x00007cb61387e000, 0x00007cb61387e888] Compiler: c1, Barriers: 0, Oops: 1, ImmediateOops: 1, NonImmediateOops: No
[1,471s][debug][gc,nmethod  ] Register NMethod: org.junit.platform.commons.util.Preconditions.notBlank (0x00007cb61387e908) [0x00007cb61387ea00, 0x00007cb61387f268] Compiler: c1, Barriers: 1, Oops: 1, ImmediateOops: 0, NonImmediateOops: No
[1,471s][debug][gc,nmethod  ] Register NMethod: org.junit.platform.commons.function.Try.checkNotNull (0x00007cb61387f288) [0x00007cb61387f380, 0x00007cb613880080] Compiler: c1, Barriers: 0, Oops: 2, ImmediateOops: 2, NonImmediateOops: No
[1,471s][debug][gc,nmethod  ] Register NMethod: org.junit.runner.Description.getDisplayName (0x00007cb632c61908) [0x00007cb632c61a00, 0x00007cb632c61ae8] Compiler: c1, Barriers: 1, Oops: 1, ImmediateOops: 0, NonImmediateOops: No
[1,473s][debug][gc,nmethod  ] Register NMethod: jdk.internal.classfile.impl.BytecodeHelpers.returnBytecode (0x00007cb613880108) [0x00007cb613880200, 0x00007cb613880560] Compiler: c1, Barriers: 0, Oops: 0, ImmediateOops: 0, NonImmediateOops: No
[1,473s][debug][gc,nmethod  ] Register NMethod: jdk.internal.classfile.impl.DirectCodeBuilder.return_ (0x00007cb613880588) [0x00007cb613880680, 0x00007cb613880c98] Compiler: c1, Barriers: 1, Oops: 0, ImmediateOops: 0, NonImmediateOops: No
[1,473s][debug][gc,director ] Rule Major: Warmup 10%, Used: 92MB, UsedThreshold: 1228MB
[1,474s][debug][gc,nmethod  ] Register NMethod: jdk.internal.misc.VM.isSystemDomainLoader (0x00007cb613880d08) [0x00007cb613880e00, 0x00007cb613881070] Compiler: c1, Barriers: 0, Oops: 0, ImmediateOops: 1, NonImmediateOops: No
[1,474s][debug][gc,nmethod  ] Register NMethod: java.lang.String.substring (0x00007cb613881088) [0x00007cb613881180, 0x00007cb613881918] Compiler: c1, Barriers: 1, Oops: 0, ImmediateOops: 0, NonImmediateOops: No
[1,474s][debug][gc,nmethod  ] Register NMethod: jdk.internal.loader.URLClassPath$JarLoader.getResource (0x00007cb632c61c08) [0x00007cb632c61d00, 0x00007cb632c633d0] Compiler: jvmci, Barriers: 19, Oops: 2, ImmediateOops: 8, NonImmediateOops: No
[1,476s][debug][gc,nmethod  ] Register NMethod: java.lang.invoke.LambdaForm$Holder.constant_L (0x00007cb632c63408) [0x00007cb632c63500, 0x00007cb632c63620] Compiler: jvmci, Barriers: 1, Oops: 0, ImmediateOops: 0, NonImmediateOops: No
[1,476s][debug][gc,nmethod  ] Register NMethod: java.lang.invoke.MethodHandle.linkToSpecial (0x00007cb632c63708) [0x00007cb632c63800, 0x00007cb632c638f8] Compiler: , Barriers: 0, Oops: 0, ImmediateOops: 0, NonImmediateOops: No
[1,476s][debug][gc,nmethod  ] Register NMethod: java.lang.invoke.Invokers$Holder.linkToTargetMethod (0x00007cb632c63a08) [0x00007cb632c63b00, 0x00007cb632c63bf0] Compiler: jvmci, Barriers: 0, Oops: 0, ImmediateOops: 0, NonImmediateOops: No
[1,476s][debug][gc,nmethod  ] Register NMethod: java.lang.classfile.constantpool.ConstantPoolBuilder.of (0x00007cb613881988) [0x00007cb613881a80, 0x00007cb613881c00] Compiler: c1, Barriers: 0, Oops: 0, ImmediateOops: 0, NonImmediateOops: No
[1,477s][debug][gc,nmethod  ] Register NMethod: jdk.internal.classfile.impl.SplitConstantPool.<init> (0x00007cb613881c88) [0x00007cb613881d80, 0x00007cb613882188] Compiler: c1, Barriers: 9, Oops: 0, ImmediateOops: 0, NonImmediateOops: No
[1,477s][debug][gc,nmethod  ] Register NMethod: java.util.jar.JarFile.getEntry (0x00007cb632c63d08) [0x00007cb632c63e00, 0x00007cb632c65290] Compiler: jvmci, Barriers: 14, Oops: 2, ImmediateOops: 8, NonImmediateOops: No
[1,477s][debug][gc,nmethod  ] Register NMethod: jdk.internal.classfile.impl.EntryMap.nextPowerOfTwo (0x00007cb613882208) [0x00007cb613882300, 0x00007cb613882500] Compiler: c1, Barriers: 0, Oops: 0, ImmediateOops: 0, NonImmediateOops: No
[1,477s][debug][gc,nmethod  ] Register NMethod: jdk.internal.classfile.impl.EntryMap.arraySize (0x00007cb613882508) [0x00007cb613882600, 0x00007cb613883ba0] Compiler: c1, Barriers: 0, Oops: 3, ImmediateOops: 4, NonImmediateOops: No
[1,477s][debug][gc,nmethod  ] Register NMethod: jdk.internal.classfile.impl.DirectClassBuilder.withFlags (0x00007cb613883c08) [0x00007cb613883d00, 0x00007cb613883fd8] Compiler: c1, Barriers: 0, Oops: 0, ImmediateOops: 0, NonImmediateOops: No
[1,477s][debug][gc,nmethod  ] Register NMethod: java.lang.Class.getTypeName (0x00007cb632c65308) [0x00007cb632c65400, 0x00007cb632c65568] Compiler: jvmci, Barriers: 2, Oops: 0, ImmediateOops: 0, NonImmediateOops: No
[1,477s][debug][gc,nmethod  ] Register NMethod: jdk.internal.classfile.impl.ClassFileImpl.build (0x00007cb613884008) [0x00007cb613884100, 0x00007cb6138853a0] Compiler: c1, Barriers: 0, Oops: 0, ImmediateOops: 0, NonImmediateOops: No
[1,478s][debug][gc,nmethod  ] Register NMethod: jdk.internal.classfile.impl.BufWriterImpl.join (0x00007cb613885408) [0x00007cb613885500, 0x00007cb613885ff8] Compiler: c1, Barriers: 0, Oops: 0, ImmediateOops: 0, NonImmediateOops: No
[1,478s][debug][gc,nmethod  ] Register NMethod: jdk.internal.classfile.impl.SplitConstantPool.writeBootstrapMethods (0x00007cb613886008) [0x00007cb613886100, 0x00007cb6138874f0] Compiler: c1, Barriers: 2, Oops: 0, ImmediateOops: 0, NonImmediateOops: No
[1,478s][debug][gc,nmethod  ] Register NMethod: jdk.internal.classfile.impl.DirectClassBuilder.<init> (0x00007cb613887508) [0x00007cb613887600, 0x00007cb6138889a0] Compiler: c1, Barriers: 28, Oops: 0, ImmediateOops: 5, NonImmediateOops: No
[1,478s][debug][gc,nmethod  ] Register NMethod: java.lang.invoke.MemberName.asSpecial (0x00007cb613888a08) [0x00007cb613888b00, 0x00007cb61388a348] Compiler: c1, Barriers: 0, Oops: 0, ImmediateOops: 0, NonImmediateOops: No
[1,479s][debug][gc,nmethod  ] Register NMethod: jdk.internal.classfile.impl.Util.toInternalName (0x00007cb61388a388) [0x00007cb61388a480, 0x00007cb61388b6b0] Compiler: c1, Barriers: 6, Oops: 0, ImmediateOops: 0, NonImmediateOops: No
[1,479s][debug][gc,nmethod  ] Register NMethod: jdk.internal.constant.ClassOrInterfaceDescImpl.internalName (0x00007cb61388b708) [0x00007cb61388b800, 0x00007cb61388c120] Compiler: c1, Barriers: 6, Oops: 0, ImmediateOops: 0, NonImmediateOops: No
[1,482s][debug][gc,nmethod  ] Register NMethod: java.lang.reflect.ProxyGenerator$ProxyMethod.parameterTypes (0x00007cb61388c188) [0x00007cb61388c280, 0x00007cb61388c5c0] Compiler: c1, Barriers: 2, Oops: 0, ImmediateOops: 0, NonImmediateOops: No
[1,482s][debug][gc,nmethod  ] Register NMethod: jdk.internal.classfile.impl.DirectClassBuilder.withField (0x00007cb61388c608) [0x00007cb61388c700, 0x00007cb61388cb20] Compiler: c1, Barriers: 2, Oops: 0, ImmediateOops: 0, NonImmediateOops: No
[1,482s][debug][gc,nmethod  ] Register NMethod: jdk.internal.classfile.impl.DirectClassBuilder.withField (0x00007cb61388cb88) [0x00007cb61388cc80, 0x00007cb61388d638] Compiler: c1, Barriers: 9, Oops: 0, ImmediateOops: 0, NonImmediateOops: No
[1,482s][debug][gc,nmethod  ] Register NMethod: java.lang.CharSequence.isEmpty (0x00007cb61388d688) [0x00007cb61388d780, 0x00007cb61388dac8] Compiler: c1, Barriers: 0, Oops: 0, ImmediateOops: 0, NonImmediateOops: No
[1,482s][debug][gc,nmethod  ] Register NMethod: jdk.internal.classfile.impl.DirectFieldBuilder.<init> (0x00007cb61388db08) [0x00007cb61388dc00, 0x00007cb61388eac8] Compiler: c1, Barriers: 21, Oops: 0, ImmediateOops: 1, NonImmediateOops: No
[1,483s][debug][gc,nmethod  ] Register NMethod: java.util.Collections$1.<init> (0x00007cb61388eb08) [0x00007cb61388ec00, 0x00007cb61388edd8] Compiler: c1, Barriers: 3, Oops: 0, ImmediateOops: 0, NonImmediateOops: No
[1,483s][debug][gc,nmethod  ] Register NMethod: java.util.Collections.singletonIterator (0x00007cb61388ee08) [0x00007cb61388ef00, 0x00007cb61388f168] Compiler: c1, Barriers: 3, Oops: 0, ImmediateOops: 0, NonImmediateOops: No
[1,483s][debug][gc,nmethod  ] Register NMethod: java.util.Collections$SingletonList.iterator (0x00007cb61388f188) [0x00007cb61388f280, 0x00007cb61388f598] Compiler: c1, Barriers: 4, Oops: 0, ImmediateOops: 0, NonImmediateOops: No
[1,483s][debug][gc,nmethod  ] Register NMethod: java.util.Collections$1.next (0x00007cb61388f608) [0x00007cb61388f700, 0x00007cb61388f940] Compiler: c1, Barriers: 1, Oops: 0, ImmediateOops: 0, NonImmediateOops: No
[1,483s][debug][gc,nmethod  ] Register NMethod: jdk.internal.classfile.impl.DirectFieldBuilder.writeTo (0x00007cb61388f988) [0x00007cb61388fa80, 0x00007cb613894090] Compiler: c1, Barriers: 5, Oops: 1, ImmediateOops: 6, NonImmediateOops: No
[1,483s][debug][gc,nmethod  ] Register NMethod: jdk.internal.classfile.impl.BufWriterImpl.labelContext (0x00007cb632c65608) [0x00007cb632c65700, 0x00007cb632c657e8] Compiler: c1, Barriers: 1, Oops: 0, ImmediateOops: 0, NonImmediateOops: No
[1,483s][debug][gc,nmethod  ] Register NMethod: jdk.internal.classfile.impl.DirectCodeBuilder.methodInfo (0x00007cb632c65908) [0x00007cb632c65a00, 0x00007cb632c65ae8] Compiler: c1, Barriers: 1, Oops: 0, ImmediateOops: 0, NonImmediateOops: No
[1,483s][debug][gc,nmethod  ] Register NMethod: jdk.internal.classfile.impl.DirectCodeBuilder.labelBinding (0x00007cb613894108) [0x00007cb613894200, 0x00007cb613894930] Compiler: c1, Barriers: 1, Oops: 0, ImmediateOops: 0, NonImmediateOops: No
[1,483s][debug][gc,nmethod  ] Register NMethod: jdk.internal.classfile.impl.DirectCodeBuilder.newLabel (0x00007cb613894988) [0x00007cb613894a80, 0x00007cb613894d68] Compiler: c1, Barriers: 3, Oops: 0, ImmediateOops: 0, NonImmediateOops: No
[1,483s][debug][gc,nmethod  ] Register NMethod: java.util.StringJoiner.add (0x00007cb632c65c08) [0x00007cb632c65d00, 0x00007cb632c66368] Compiler: jvmci, Barriers: 15, Oops: 0, ImmediateOops: 0, NonImmediateOops: No
[1,483s][debug][gc,nmethod  ] Register NMethod: java.lang.invoke.MethodHandleNatives.linkMethodHandleConstant (0x00007cb613894d88) [0x00007cb613894e80, 0x00007cb6138953f0] Compiler: c1, Barriers: 0, Oops: 0, ImmediateOops: 1, NonImmediateOops: No
[1,483s][debug][gc,nmethod  ] Register NMethod: java.lang.invoke.MemberName.isField (0x00007cb613895408) [0x00007cb613895500, 0x00007cb6138956b8] Compiler: c1, Barriers: 0, Oops: 0, ImmediateOops: 0, NonImmediateOops: No
[1,484s][debug][gc,director ] Rule Major: Warmup 10%, Used: 94MB, UsedThreshold: 1228MB
[1,484s][debug][gc,nmethod  ] Register NMethod: java.util.ImmutableCollections$ListN.size (0x00007cb632c66388) [0x00007cb632c66480, 0x00007cb632c66560] Compiler: jvmci, Barriers: 1, Oops: 0, ImmediateOops: 0, NonImmediateOops: No
[1,484s][debug][gc,nmethod  ] Register NMethod: java.lang.invoke.DirectMethodHandle.make (0x00007cb613895708) [0x00007cb613895800, 0x00007cb613898048] Compiler: c1, Barriers: 4, Oops: 0, ImmediateOops: 1, NonImmediateOops: No
[1,484s][debug][gc,nmethod  ] Register NMethod: java.lang.invoke.MethodHandles$Lookup.linkMethodHandleConstant (0x00007cb613898088) [0x00007cb613898180, 0x00007cb61389b9f8] Compiler: c1, Barriers: 12, Oops: 0, ImmediateOops: 6, NonImmediateOops: No
[1,484s][debug][gc,nmethod  ] Register NMethod: java.util.jar.JarFile.checkForSpecialAttributes (0x00007cb632c66688) [0x00007cb632c66780, 0x00007cb632c670d8] Compiler: jvmci, Barriers: 7, Oops: 2, ImmediateOops: 8, NonImmediateOops: No
[1,485s][debug][gc,nmethod  ] Register NMethod: java.util.stream.ReduceOps$3ReducingSink.accept (0x00007cb632c67108) [0x00007cb632c67200, 0x00007cb632c67fc8] Compiler: jvmci, Barriers: 32, Oops: 0, ImmediateOops: 1, NonImmediateOops: No
[1,486s][debug][gc,nmethod  ] Register NMethod: java.util.logging.LogManager.getProperty (0x00007cb61389ba08) [0x00007cb61389bb00, 0x00007cb61389be40] Compiler: c1, Barriers: 1, Oops: 0, ImmediateOops: 0, NonImmediateOops: No
[1,487s][debug][gc,nmethod  ] Register NMethod: java.lang.invoke.LambdaForm$MH/0x000000002609cc00.invoke (0x00007cb61389be88) [0x00007cb61389bf80, 0x00007cb61389c6e8] Compiler: c1, Barriers: 2, Oops: 1, ImmediateOops: 0, NonImmediateOops: No
[1,487s][debug][gc,nmethod  ] Register NMethod: java.lang.invoke.DirectMethodHandle$Holder.invokeStatic (0x00007cb61389c708) [0x00007cb61389c800, 0x00007cb61389cbc8] Compiler: c1, Barriers: 1, Oops: 0, ImmediateOops: 0, NonImmediateOops: No
[1,487s][debug][gc,nmethod  ] Register NMethod: java.lang.StringConcatHelper.simpleConcat (0x00007cb61389cc08) [0x00007cb61389cd00, 0x00007cb61389f9b0] Compiler: c1, Barriers: 6, Oops: 0, ImmediateOops: 6, NonImmediateOops: No
[1,490s][debug][gc,nmethod  ] Register NMethod: java.lang.invoke.MemberName.asConstructor (0x00007cb61389fa08) [0x00007cb61389fb00, 0x00007cb6138a0730] Compiler: c1, Barriers: 0, Oops: 0, ImmediateOops: 0, NonImmediateOops: No
[1,490s][debug][gc,nmethod  ] Register NMethod: java.lang.invoke.DirectMethodHandle.makeAllocator (0x00007cb6138a0788) [0x00007cb6138a0880, 0x00007cb6138a15e8] Compiler: c1, Barriers: 2, Oops: 0, ImmediateOops: 0, NonImmediateOops: No
[1,490s][debug][gc,nmethod  ] Register NMethod: java.lang.invoke.MethodHandles$Lookup.resolveOrFail (0x00007cb6138a1608) [0x00007cb6138a1700, 0x00007cb6138a2480] Compiler: c1, Barriers: 1, Oops: 1, ImmediateOops: 3, NonImmediateOops: No
[1,490s][debug][gc,nmethod  ] Register NMethod: java.lang.invoke.MethodHandles$Lookup.checkMethodName (0x00007cb6138a2508) [0x00007cb6138a2600, 0x00007cb6138a3768] Compiler: c1, Barriers: 0, Oops: 2, ImmediateOops: 3, NonImmediateOops: No
[1,490s][debug][gc,nmethod  ] Register NMethod: jdk.internal.classfile.impl.TemporaryConstantPool.utf8Entry (0x00007cb6138a3788) [0x00007cb6138a3880, 0x00007cb6138a3a30] Compiler: c1, Barriers: 0, Oops: 0, ImmediateOops: 0, NonImmediateOops: No
[1,490s][debug][gc,nmethod  ] Register NMethod: java.lang.invoke.DirectMethodHandle.make (0x00007cb6138a3a88) [0x00007cb6138a3b80, 0x00007cb6138a43f8] Compiler: c1, Barriers: 2, Oops: 0, ImmediateOops: 0, NonImmediateOops: No
[1,490s][debug][gc,nmethod  ] Register NMethod: jdk.internal.classfile.impl.AbstractPoolEntry$Utf8EntryImpl.<init> (0x00007cb6138a4408) [0x00007cb6138a4500, 0x00007cb6138a4858] Compiler: c1, Barriers: 0, Oops: 0, ImmediateOops: 0, NonImmediateOops: No
[1,490s][debug][gc,nmethod  ] Register NMethod: jdk.internal.classfile.impl.StackMapGenerator$Frame.initializeObject (0x00007cb6138a4888) [0x00007cb6138a4980, 0x00007cb6138a57a8] Compiler: c1, Barriers: 12, Oops: 0, ImmediateOops: 1, NonImmediateOops: No
[1,490s][debug][gc,nmethod  ] Register NMethod: java.util.ArrayList.add (0x00007cb632c68008) [0x00007cb632c68100, 0x00007cb632c68820] Compiler: jvmci, Barriers: 16, Oops: 0, ImmediateOops: 1, NonImmediateOops: No
[1,491s][debug][gc,nmethod  ] Register NMethod: java.lang.classfile.ClassFile.of (0x00007cb6138a5808) [0x00007cb6138a5900, 0x00007cb6138a59e8] Compiler: c1, Barriers: 0, Oops: 0, ImmediateOops: 1, NonImmediateOops: No
[1,491s][debug][gc,nmethod  ] Register NMethod: jdk.internal.util.DecimalDigits.uncheckedPutCharLatin1 (0x00007cb6138a5b08) [0x00007cb6138a5c00, 0x00007cb6138a5d00] Compiler: c1, Barriers: 0, Oops: 0, ImmediateOops: 0, NonImmediateOops: No
[1,491s][debug][gc,nmethod  ] Register NMethod: java.lang.Module.isExplicitlyExportedOrOpened (0x00007cb6138a5e08) [0x00007cb6138a5f00, 0x00007cb6138a6a90] Compiler: c1, Barriers: 2, Oops: 0, ImmediateOops: 0, NonImmediateOops: No
[1,492s][debug][gc,nmethod  ] Register NMethod: jdk.internal.classfile.impl.DirectCodeBuilder.invokevirtual (0x00007cb6138a6b08) [0x00007cb6138a6c00, 0x00007cb6138a7350] Compiler: c1, Barriers: 1, Oops: 0, ImmediateOops: 0, NonImmediateOops: No
[1,492s][debug][gc,nmethod  ] Register NMethod: jdk.internal.misc.Unsafe.ensureClassInitialized0 (0x00007cb632c68888) [0x00007cb632c68980, 0x00007cb632c68ad8] Compiler: , Barriers: 0, Oops: 0, ImmediateOops: 0, NonImmediateOops: No
[1,492s][debug][gc,nmethod  ] Register NMethod: java.lang.reflect.Constructor.getSharedParameterTypes (0x00007cb632c68b88) [0x00007cb632c68c80, 0x00007cb632c68d68] Compiler: c1, Barriers: 1, Oops: 0, ImmediateOops: 0, NonImmediateOops: No
[1,493s][debug][gc,nmethod  ] Register NMethod: java.lang.System$1.defineClass (0x00007cb6138a7388) [0x00007cb6138a7480, 0x00007cb6138a75f0] Compiler: c1, Barriers: 0, Oops: 0, ImmediateOops: 0, NonImmediateOops: No
[1,493s][debug][gc,nmethod  ] Register NMethod: java.lang.invoke.MethodHandles$Lookup$ClassDefiner.<init> (0x00007cb6138a7688) [0x00007cb6138a7780, 0x00007cb6138a7b20] Compiler: c1, Barriers: 12, Oops: 0, ImmediateOops: 0, NonImmediateOops: No
[1,493s][debug][gc,nmethod  ] Register NMethod: java.lang.invoke.MethodHandles$Lookup.makeHiddenClassDefiner (0x00007cb6138a7b88) [0x00007cb6138a7c80, 0x00007cb6138a82a8] Compiler: c1, Barriers: 2, Oops: 0, ImmediateOops: 1, NonImmediateOops: No
[1,494s][debug][gc,director ] Rule Major: Warmup 10%, Used: 94MB, UsedThreshold: 1228MB
[1,494s][debug][gc,nmethod  ] Register NMethod: jdk.internal.classfile.impl.AbstractPoolEntry$ClassEntryImpl.<init> (0x00007cb6138a8308) [0x00007cb6138a8400, 0x00007cb6138a8548] Compiler: c1, Barriers: 0, Oops: 0, ImmediateOops: 0, NonImmediateOops: No
[1,494s][debug][gc,nmethod  ] Register NMethod: jdk.internal.classfile.impl.TemporaryConstantPool.classEntry (0x00007cb6138a8608) [0x00007cb6138a8700, 0x00007cb6138a8ab8] Compiler: c1, Barriers: 0, Oops: 0, ImmediateOops: 0, NonImmediateOops: No
[1,494s][debug][gc,nmethod  ] Register NMethod: java.lang.invoke.MethodHandles$Lookup$ClassDefiner.defineClass (0x00007cb6138a8b08) [0x00007cb6138a8c00, 0x00007cb6138aa948] Compiler: c1, Barriers: 21, Oops: 0, ImmediateOops: 2, NonImmediateOops: No
[1,494s][debug][gc,nmethod  ] Register NMethod: java.util.stream.ReferencePipeline$3$1.accept (0x00007cb632c68e88) [0x00007cb632c68f80, 0x00007cb632c69c60] Compiler: jvmci, Barriers: 26, Oops: 0, ImmediateOops: 0, NonImmediateOops: No
[1,495s][debug][gc,nmethod  ] Register NMethod: java.util.jar.JarFile.isMultiRelease (0x00007cb632c69c88) [0x00007cb632c69d80, 0x00007cb632c6a720] Compiler: jvmci, Barriers: 7, Oops: 2, ImmediateOops: 8, NonImmediateOops: No
[1,495s][debug][gc,nmethod  ] Register NMethod: java.lang.classfile.constantpool.ConstantPoolBuilder.classEntry (0x00007cb6138aa988) [0x00007cb6138aaa80, 0x00007cb6138adbb8] Compiler: c1, Barriers: 9, Oops: 1, ImmediateOops: 2, NonImmediateOops: No
[1,495s][debug][gc,nmethod  ] Register NMethod: java.lang.invoke.MethodHandles$Lookup.getDirectConstructor (0x00007cb6138adc08) [0x00007cb6138add00, 0x00007cb6138ade30] Compiler: c1, Barriers: 0, Oops: 0, ImmediateOops: 0, NonImmediateOops: No
[1,495s][debug][gc,nmethod  ] Register NMethod: java.lang.invoke.MethodHandles$Lookup.getDirectConstructorCommon (0x00007cb6138adf08) [0x00007cb6138ae000, 0x00007cb6138aed18] Compiler: c1, Barriers: 2, Oops: 0, ImmediateOops: 0, NonImmediateOops: No
[1,495s][debug][gc,nmethod  ] Register NMethod: jdk.internal.misc.Unsafe.storeFence (0x00007cb6138aed88) [0x00007cb6138aee80, 0x00007cb6138af158] Compiler: c1, Barriers: 0, Oops: 0, ImmediateOops: 0, NonImmediateOops: No
[1,496s][debug][gc,nmethod  ] Register NMethod: java.lang.AbstractStringBuilder.isLatin1 (0x00007cb632c6a788) [0x00007cb632c6a880, 0x00007cb632c6a8e8] Compiler: jvmci, Barriers: 0, Oops: 0, ImmediateOops: 0, NonImmediateOops: No
[1,496s][debug][gc,nmethod  ] Register NMethod: java.lang.invoke.MethodHandle.linkToInterface (0x00007cb632c6aa88) [0x00007cb632c6ab80, 0x00007cb632c6acb0] Compiler: , Barriers: 0, Oops: 0, ImmediateOops: 0, NonImmediateOops: No
[1,496s][debug][gc,nmethod  ] Register NMethod: java.util.stream.Collectors$$Lambda/0x00000000260e07a8.accept (0x00007cb632c6ad88) [0x00007cb632c6ae80, 0x00007cb632c6b4c0] Compiler: jvmci, Barriers: 14, Oops: 0, ImmediateOops: 0, NonImmediateOops: No
[1,497s][debug][gc,nmethod  ] Register NMethod: java.util.ArrayList.add (0x00007cb6138af188) [0x00007cb6138af280, 0x00007cb6138af7f0] Compiler: c1, Barriers: 4, Oops: 0, ImmediateOops: 0, NonImmediateOops: No
[1,498s][debug][gc,nmethod  ] Register NMethod: java.util.Optional.isPresent (0x00007cb6138af808) [0x00007cb6138af900, 0x00007cb6138afa80] Compiler: c1, Barriers: 1, Oops: 0, ImmediateOops: 0, NonImmediateOops: No
[1,498s][debug][gc,nmethod  ] Register NMethod: java.lang.AbstractStringBuilder.<init> (0x00007cb6138afb08) [0x00007cb6138afc00, 0x00007cb6138b09a8] Compiler: c1, Barriers: 4, Oops: 0, ImmediateOops: 0, NonImmediateOops: No
[1,498s][debug][gc,nmethod  ] Register NMethod: java.lang.reflect.Modifier.isPrivate (0x00007cb6138b0a08) [0x00007cb6138b0b00, 0x00007cb6138b0c30] Compiler: c1, Barriers: 0, Oops: 0, ImmediateOops: 0, NonImmediateOops: No
[1,498s][debug][gc,nmethod  ] Register NMethod: java.lang.reflect.AnnotatedElement.isAnnotationPresent (0x00007cb6138b0d08) [0x00007cb6138b0e00, 0x00007cb6138b1148] Compiler: c1, Barriers: 0, Oops: 0, ImmediateOops: 0, NonImmediateOops: No
[1,498s][debug][gc,nmethod  ] Register NMethod: java.util.Optional.of (0x00007cb6138b1188) [0x00007cb6138b1280, 0x00007cb6138b1628] Compiler: c1, Barriers: 3, Oops: 0, ImmediateOops: 0, NonImmediateOops: No
[1,498s][debug][gc,nmethod  ] Register NMethod: java.util.Collections$UnmodifiableCollection.<init> (0x00007cb6138b1688) [0x00007cb6138b1780, 0x00007cb6138b1a40] Compiler: c1, Barriers: 3, Oops: 0, ImmediateOops: 0, NonImmediateOops: No
[1,499s][debug][gc,nmethod  ] Register NMethod: java.lang.invoke.BoundMethodHandle$Species_L.<init> (0x00007cb6138b1a88) [0x00007cb6138b1b80, 0x00007cb6138b1dc0] Compiler: c1, Barriers: 3, Oops: 0, ImmediateOops: 0, NonImmediateOops: No
[1,499s][debug][gc,nmethod  ] Register NMethod: java.util.LinkedHashMap$LinkedKeyIterator.next (0x00007cb6138b1e08) [0x00007cb6138b1f00, 0x00007cb6138b2400] Compiler: c1, Barriers: 1, Oops: 0, ImmediateOops: 0, NonImmediateOops: No
[1,500s][debug][gc,nmethod  ] Register NMethod: java.util.LinkedHashMap$LinkedHashIterator.<init> (0x00007cb6138b2408) [0x00007cb6138b2500, 0x00007cb6138b29d8] Compiler: c1, Barriers: 11, Oops: 0, ImmediateOops: 0, NonImmediateOops: No
[1,500s][debug][gc,nmethod  ] Register NMethod: java.util.Collections$EmptyMap.values (0x00007cb6138b2a08) [0x00007cb6138b2b00, 0x00007cb6138b2c60] Compiler: c1, Barriers: 0, Oops: 0, ImmediateOops: 1, NonImmediateOops: No
[1,500s][debug][gc,nmethod  ] Register NMethod: java.util.Collections$EmptySet.toArray (0x00007cb6138b2d08) [0x00007cb6138b2e00, 0x00007cb6138b3200] Compiler: c1, Barriers: 3, Oops: 0, ImmediateOops: 0, NonImmediateOops: No
[1,500s][debug][gc,nmethod  ] Register NMethod: java.util.function.Predicate$$Lambda/0x00000000261211c8.test (0x00007cb6138b3208) [0x00007cb6138b3300, 0x00007cb6138b3b78] Compiler: c1, Barriers: 2, Oops: 0, ImmediateOops: 0, NonImmediateOops: No
[1,500s][debug][gc,nmethod  ] Register NMethod: java.util.function.Predicate.lambda$or$0 (0x00007cb6138b3b88) [0x00007cb6138b3c80, 0x00007cb6138b4218] Compiler: c1, Barriers: 0, Oops: 0, ImmediateOops: 0, NonImmediateOops: No
[1,500s][debug][gc,nmethod  ] Register NMethod: java.lang.reflect.Modifier.isAbstract (0x00007cb6138b4288) [0x00007cb6138b4380, 0x00007cb6138b44b0] Compiler: c1, Barriers: 0, Oops: 0, ImmediateOops: 0, NonImmediateOops: No
[1,500s][debug][gc,nmethod  ] Register NMethod: org.junit.jupiter.engine.discovery.predicates.IsTestableMethod.test (0x00007cb6138b4588) [0x00007cb6138b4680, 0x00007cb6138b4b80] Compiler: c1, Barriers: 0, Oops: 1, ImmediateOops: 0, NonImmediateOops: No
[1,500s][debug][gc,nmethod  ] Register NMethod: org.junit.platform.commons.util.ReflectionUtils.isStatic (0x00007cb6138b4c08) [0x00007cb6138b4d00, 0x00007cb6138b5298] Compiler: c1, Barriers: 0, Oops: 2, ImmediateOops: 1, NonImmediateOops: No
[1,501s][debug][gc,nmethod  ] Register NMethod: org.junit.jupiter.engine.discovery.predicates.IsTestMethod.test (0x00007cb6138b5308) [0x00007cb6138b5400, 0x00007cb6138b5538] Compiler: c1, Barriers: 0, Oops: 1, ImmediateOops: 0, NonImmediateOops: No
[1,501s][debug][gc,nmethod  ] Register NMethod: org.junit.jupiter.engine.discovery.predicates.IsTestableMethod.test (0x00007cb6138b5608) [0x00007cb6138b5700, 0x00007cb6138b6b68] Compiler: c1, Barriers: 3, Oops: 3, ImmediateOops: 4, NonImmediateOops: No
[1,501s][debug][gc,nmethod  ] Register NMethod: org.junit.jupiter.engine.discovery.predicates.IsTestTemplateMethod.test (0x00007cb6138b6b88) [0x00007cb6138b6c80, 0x00007cb6138b6db8] Compiler: c1, Barriers: 0, Oops: 1, ImmediateOops: 0, NonImmediateOops: No
[1,501s][debug][gc,nmethod  ] Register NMethod: org.junit.jupiter.engine.discovery.predicates.IsTestFactoryMethod.test (0x00007cb6138b6e88) [0x00007cb6138b6f80, 0x00007cb6138b70b8] Compiler: c1, Barriers: 0, Oops: 1, ImmediateOops: 0, NonImmediateOops: No
[1,501s][debug][gc,nmethod  ] Register NMethod: java.util.LinkedHashMap.values (0x00007cb6138b7188) [0x00007cb6138b7280, 0x00007cb6138b7578] Compiler: c1, Barriers: 0, Oops: 0, ImmediateOops: 0, NonImmediateOops: No
[1,501s][debug][gc,nmethod  ] Register NMethod: java.util.LinkedHashMap$LinkedValues.toArray (0x00007cb6138b7588) [0x00007cb6138b7680, 0x00007cb6138b7bb8] Compiler: c1, Barriers: 1, Oops: 0, ImmediateOops: 0, NonImmediateOops: No
[1,502s][debug][gc,nmethod  ] Register NMethod: org.junit.platform.commons.util.AnnotationUtils.findMetaAnnotation (0x00007cb6138b7c08) [0x00007cb6138b7d00, 0x00007cb6138b8ef8] Compiler: c1, Barriers: 3, Oops: 2, ImmediateOops: 2, NonImmediateOops: No
[1,502s][debug][gc,nmethod  ] Register NMethod: java.util.LinkedHashMap$LinkedEntryIterator.next (0x00007cb6138b8f88) [0x00007cb6138b9080, 0x00007cb6138b9378] Compiler: c1, Barriers: 0, Oops: 0, ImmediateOops: 0, NonImmediateOops: No
[1,502s][debug][gc,nmethod  ] Register NMethod: java.util.LinkedHashMap$LinkedEntryIterator.next (0x00007cb6138b9388) [0x00007cb6138b9480, 0x00007cb6138b9990] Compiler: c1, Barriers: 0, Oops: 0, ImmediateOops: 0, NonImmediateOops: No
[1,502s][debug][gc,nmethod  ] Register NMethod: jdk.proxy3.$Proxy10.annotationType (0x00007cb6138b9a08) [0x00007cb6138b9b00, 0x00007cb6138ba168] Compiler: c1, Barriers: 1, Oops: 1, ImmediateOops: 1, NonImmediateOops: No
[1,502s][debug][gc,nmethod  ] Register NMethod: java.util.Collections.unmodifiableList (0x00007cb6138ba188) [0x00007cb6138ba280, 0x00007cb6138bb158] Compiler: c1, Barriers: 12, Oops: 0, ImmediateOops: 2, NonImmediateOops: No
[1,502s][debug][gc,nmethod  ] Register NMethod: java.lang.Class.isAnnotationPresent (0x00007cb6138bb188) [0x00007cb6138bb280, 0x00007cb6138bba78] Compiler: c1, Barriers: 1, Oops: 0, ImmediateOops: 0, NonImmediateOops: No
[1,502s][debug][gc,nmethod  ] Register NMethod: java.lang.reflect.AccessibleObject.getDeclaredAnnotation (0x00007cb6138bba88) [0x00007cb6138bbb80, 0x00007cb6138bbe80] Compiler: c1, Barriers: 0, Oops: 0, ImmediateOops: 0, NonImmediateOops: No
[1,503s][debug][gc,nmethod  ] Register NMethod: java.util.stream.FindOps$FindOp.getOpFlags (0x00007cb632c6b508) [0x00007cb632c6b600, 0x00007cb632c6b6c0] Compiler: c1, Barriers: 0, Oops: 0, ImmediateOops: 0, NonImmediateOops: No
[1,503s][debug][gc,nmethod  ] Register NMethod: org.junit.platform.commons.util.AnnotationUtils.findAnnotation (0x00007cb6138bbe88) [0x00007cb6138bbf80, 0x00007cb6138bceb8] Compiler: c1, Barriers: 4, Oops: 3, ImmediateOops: 2, NonImmediateOops: No
[1,503s][debug][gc,nmethod  ] Register NMethod: java.lang.Class.isLocalOrAnonymousClass (0x00007cb6138bcf08) [0x00007cb6138bd000, 0x00007cb6138bd200] Compiler: c1, Barriers: 0, Oops: 0, ImmediateOops: 0, NonImmediateOops: No
[1,503s][debug][gc,nmethod  ] Register NMethod: java.lang.Class.hasEnclosingMethodInfo (0x00007cb6138bd208) [0x00007cb6138bd300, 0x00007cb6138bd4c0] Compiler: c1, Barriers: 0, Oops: 0, ImmediateOops: 0, NonImmediateOops: No
[1,503s][debug][gc,nmethod  ] Register NMethod: java.util.LinkedHashMap$LinkedEntryIterator.<init> (0x00007cb6138bd508) [0x00007cb6138bd600, 0x00007cb6138bd888] Compiler: c1, Barriers: 0, Oops: 0, ImmediateOops: 0, NonImmediateOops: No
[1,503s][debug][gc,nmethod  ] Register NMethod: java.util.LinkedHashMap.entrySet (0x00007cb6138bd908) [0x00007cb6138bda00, 0x00007cb6138bdcf8] Compiler: c1, Barriers: 0, Oops: 0, ImmediateOops: 0, NonImmediateOops: No
[1,503s][debug][gc,nmethod  ] Register NMethod: java.util.LinkedHashMap$LinkedEntrySet.iterator (0x00007cb6138bdd08) [0x00007cb6138bde00, 0x00007cb6138be190] Compiler: c1, Barriers: 1, Oops: 0, ImmediateOops: 0, NonImmediateOops: No
[1,503s][debug][gc,nmethod  ] Register NMethod: java.util.LinkedHashMap.sequencedEntrySet (0x00007cb6138be208) [0x00007cb6138be300, 0x00007cb6138be9d8] Compiler: c1, Barriers: 7, Oops: 0, ImmediateOops: 0, NonImmediateOops: No
[1,503s][debug][gc,nmethod  ] Register NMethod: org.junit.platform.commons.util.AnnotationUtils.findAnnotation (0x00007cb6138bea08) [0x00007cb6138beb00, 0x00007cb6138c0cb8] Compiler: c1, Barriers: 7, Oops: 2, ImmediateOops: 4, NonImmediateOops: No
[1,503s][debug][gc,nmethod  ] Register NMethod: jdk.proxy2.$Proxy14.annotationType (0x00007cb6138c0d08) [0x00007cb6138c0e00, 0x00007cb6138c1468] Compiler: c1, Barriers: 1, Oops: 0, ImmediateOops: 1, NonImmediateOops: No
[1,503s][debug][gc,nmethod  ] Register NMethod: jdk.proxy2.$Proxy1.annotationType (0x00007cb6138c1488) [0x00007cb6138c1580, 0x00007cb6138c1be8] Compiler: c1, Barriers: 1, Oops: 0, ImmediateOops: 1, NonImmediateOops: No
[1,504s][debug][gc,nmethod  ] Register NMethod: org.junit.platform.engine.UniqueId$Segment.hashCode (0x00007cb6138c1c08) [0x00007cb6138c1d00, 0x00007cb6138c2540] Compiler: c1, Barriers: 8, Oops: 1, ImmediateOops: 0, NonImmediateOops: No
[1,504s][debug][gc,nmethod  ] Register NMethod: java.util.stream.Collectors$$Lambda/0x000000002610fcd8.get (0x00007cb6138c2588) [0x00007cb6138c2680, 0x00007cb6138c29c8] Compiler: c1, Barriers: 3, Oops: 0, ImmediateOops: 1, NonImmediateOops: No
[1,504s][debug][gc,nmethod  ] Register NMethod: java.util.stream.Collectors.toList (0x00007cb6138c2a08) [0x00007cb6138c2b00, 0x00007cb6138c2ec8] Compiler: c1, Barriers: 0, Oops: 5, ImmediateOops: 4, NonImmediateOops: No
[1,504s][debug][gc,director ] Rule Major: Warmup 10%, Used: 98MB, UsedThreshold: 1228MB
[1,504s][debug][gc,nmethod  ] Register NMethod: sun.reflect.annotation.AnnotationInvocationHandler.hashCodeImpl (0x00007cb6138c2f08) [0x00007cb6138c3000, 0x00007cb6138c4480] Compiler: c1, Barriers: 1, Oops: 0, ImmediateOops: 0, NonImmediateOops: No
[1,504s][debug][gc,nmethod  ] Register NMethod: java.util.ArrayList$ArrayListSpliterator.tryAdvance (0x00007cb632c6b808) [0x00007cb632c6b900, 0x00007cb632c6cd68] Compiler: jvmci, Barriers: 19, Oops: 1, ImmediateOops: 0, NonImmediateOops: No
[1,505s][debug][gc,nmethod  ] Register NMethod: java.util.Optional.empty (0x00007cb632c6cd88) [0x00007cb632c6ce80, 0x00007cb632c6cef0] Compiler: jvmci, Barriers: 0, Oops: 0, ImmediateOops: 1, NonImmediateOops: No
[1,505s][debug][gc,nmethod  ] Register NMethod: java.util.stream.Collectors.toCollection (0x00007cb6138c4488) [0x00007cb6138c4580, 0x00007cb6138c4888] Compiler: c1, Barriers: 0, Oops: 3, ImmediateOops: 3, NonImmediateOops: No
[1,506s][debug][gc,nmethod  ] Register NMethod: org.junit.platform.commons.util.ReflectionUtils.hasCompatibleSignature (0x00007cb632c6d088) [0x00007cb632c6d180, 0x00007cb632c6de58] Compiler: jvmci, Barriers: 8, Oops: 1, ImmediateOops: 0, NonImmediateOops: No
[1,506s][debug][gc,nmethod  ] Register NMethod: java.lang.Class.getAnnotations (0x00007cb6138c4908) [0x00007cb6138c4a00, 0x00007cb6138c51f8] Compiler: c1, Barriers: 1, Oops: 0, ImmediateOops: 1, NonImmediateOops: No
[1,507s][debug][gc,nmethod  ] Register NMethod: java.util.jar.JarFile.getJarEntry (0x00007cb632c6de88) [0x00007cb632c6df80, 0x00007cb632c6f568] Compiler: jvmci, Barriers: 14, Oops: 2, ImmediateOops: 8, NonImmediateOops: No
[1,508s][debug][gc,nmethod  ] Register NMethod: jdk.internal.constant.ConstantUtils.internalNameToDesc (0x00007cb6138c5208) [0x00007cb6138c5300, 0x00007cb6138c7718] Compiler: c1, Barriers: 4, Oops: 2, ImmediateOops: 12, NonImmediateOops: No
[1,509s][debug][gc,alloc    ] Mutator Allocation Rate: 198,2MB/s Predicted: 198,2MB/s, Avg: 198,2(+/-0,0)MB/s
[1,509s][debug][gc,director ] Rule Major: Warmup 10%, Used: 100MB, UsedThreshold: 1228MB
[1,509s][debug][gc,nmethod  ] Register NMethod: java.lang.String.startsWith (0x00007cb6138c7788) [0x00007cb6138c7880, 0x00007cb6138c8aa0] Compiler: c1, Barriers: 2, Oops: 0, ImmediateOops: 0, NonImmediateOops: No
[1,509s][debug][gc,nmethod  ] Register NMethod: java.util.TimSort.countRunAndMakeAscending (0x00007cb6138c8b08) [0x00007cb6138c8c00, 0x00007cb6138c97b8] Compiler: c1, Barriers: 6, Oops: 0, ImmediateOops: 0, NonImmediateOops: No
[1,510s][debug][gc,nmethod  ] Register NMethod: org.junit.platform.commons.util.ReflectionUtils$$Lambda/0x000000002618a488.test (0x00007cb632c6f588) [0x00007cb632c6f680, 0x00007cb632c70440] Compiler: jvmci, Barriers: 11, Oops: 1, ImmediateOops: 0, NonImmediateOops: No
[1,511s][debug][gc,nmethod  ] Register NMethod: java.util.stream.MatchOps$1MatchSink.accept (0x00007cb632c70488) [0x00007cb632c70580, 0x00007cb632c714f8] Compiler: jvmci, Barriers: 13, Oops: 1, ImmediateOops: 0, NonImmediateOops: No
[1,511s][debug][gc,nmethod  ] Register NMethod: java.lang.Module.isExported (0x00007cb6138c9808) [0x00007cb6138c9900, 0x00007cb6138c9cc8] Compiler: c1, Barriers: 0, Oops: 0, ImmediateOops: 0, NonImmediateOops: No
[1,511s][debug][gc,nmethod  ] Register NMethod: java.lang.classfile.attribute.StackMapFrameInfo.of (0x00007cb6138c9d08) [0x00007cb6138c9e00, 0x00007cb6138c9f98] Compiler: c1, Barriers: 0, Oops: 0, ImmediateOops: 0, NonImmediateOops: No
[1,511s][debug][gc,nmethod  ] Register NMethod: jdk.internal.classfile.impl.DirectCodeBuilder.athrow (0x00007cb6138ca008) [0x00007cb6138ca100, 0x00007cb6138ca448] Compiler: c1, Barriers: 1, Oops: 0, ImmediateOops: 0, NonImmediateOops: No
[1,511s][debug][gc,nmethod  ] Register NMethod: jdk.internal.classfile.impl.StackMapDecoder$StackMapFrameImpl.<init> (0x00007cb6138ca488) [0x00007cb6138ca580, 0x00007cb6138cab20] Compiler: c1, Barriers: 9, Oops: 0, ImmediateOops: 0, NonImmediateOops: No
[1,511s][debug][gc,nmethod  ] Register NMethod: java.util.StringJoiner.<init> (0x00007cb632c71508) [0x00007cb632c71600, 0x00007cb632c71990] Compiler: jvmci, Barriers: 11, Oops: 0, ImmediateOops: 0, NonImmediateOops: No
[1,511s][debug][gc,nmethod  ] Register NMethod: java.lang.classfile.CodeBuilder.newBoundLabel (0x00007cb6138cab88) [0x00007cb6138cac80, 0x00007cb6138cb6d8] Compiler: c1, Barriers: 4, Oops: 0, ImmediateOops: 0, NonImmediateOops: No
[1,512s][debug][gc,nmethod  ] Register NMethod: java.util.HashMap.calculateHashMapCapacity (0x00007cb6138cb708) [0x00007cb6138cb820, 0x00007cb6138cb9b8] Compiler: c1, Barriers: 0, Oops: 0, ImmediateOops: 0, NonImmediateOops: No
[1,512s][debug][gc,nmethod  ] Register NMethod: java.lang.Class.getDeclaredAnnotations (0x00007cb6138cba08) [0x00007cb6138cbb00, 0x00007cb6138cc2f8] Compiler: c1, Barriers: 1, Oops: 0, ImmediateOops: 1, NonImmediateOops: No
[1,512s][debug][gc,nmethod  ] Register NMethod: jdk.internal.classfile.impl.StackMapDecoder.writeTypeInfo (0x00007cb6138cc308) [0x00007cb6138cc400, 0x00007cb6138d0518] Compiler: c1, Barriers: 3, Oops: 2, ImmediateOops: 5, NonImmediateOops: No
[1,512s][debug][gc,nmethod  ] Register NMethod: jdk.internal.classfile.impl.StackMapDecoder.writeFrame (0x00007cb6138d0588) [0x00007cb6138d0680, 0x00007cb6138d5208] Compiler: c1, Barriers: 15, Oops: 0, ImmediateOops: 1, NonImmediateOops: No
[1,513s][debug][gc,nmethod  ] Register NMethod: java.util.HashMap.afterNodeAccess (0x00007cb6138d5288) [0x00007cb6138d5380, 0x00007cb6138d5480] Compiler: c1, Barriers: 0, Oops: 0, ImmediateOops: 0, NonImmediateOops: No
[1,513s][debug][gc,nmethod  ] Register NMethod: org.junit.platform.commons.util.ReflectionUtils.isSearchable (0x00007cb6138d5588) [0x00007cb6138d5680, 0x00007cb6138d57e8] Compiler: c1, Barriers: 0, Oops: 1, ImmediateOops: 1, NonImmediateOops: No
[1,513s][debug][gc,nmethod  ] Register NMethod: java.lang.Long.hashCode (0x00007cb6138d5888) [0x00007cb6138d5980, 0x00007cb6138d5ab8] Compiler: c1, Barriers: 0, Oops: 0, ImmediateOops: 0, NonImmediateOops: No
[1,513s][debug][gc,nmethod  ] Register NMethod: java.lang.Class.getDeclaredAnnotation (0x00007cb6138d5b88) [0x00007cb6138d5c80, 0x00007cb6138d6368] Compiler: c1, Barriers: 1, Oops: 0, ImmediateOops: 0, NonImmediateOops: No
[1,513s][debug][gc,nmethod  ] Register NMethod: org.junit.platform.engine.SelectorResolutionResult.getStatus (0x00007cb632c71a08) [0x00007cb632c71b00, 0x00007cb632c71be8] Compiler: c1, Barriers: 1, Oops: 1, ImmediateOops: 0, NonImmediateOops: No
[1,513s][debug][gc,nmethod  ] Register NMethod: sun.reflect.annotation.AnnotationInvocationHandler.memberValueHashCode (0x00007cb6138d6388) [0x00007cb6138d6480, 0x00007cb6138d8680] Compiler: c1, Barriers: 2, Oops: 0, ImmediateOops: 8, NonImmediateOops: No
[1,513s][debug][gc,nmethod  ] Register NMethod: jdk.proxy3.$Proxy10.hashCode (0x00007cb6138d8688) [0x00007cb6138d8780, 0x00007cb6138d8fc8] Compiler: c1, Barriers: 1, Oops: 1, ImmediateOops: 1, NonImmediateOops: No
[1,513s][debug][gc,nmethod  ] Register NMethod: java.util.stream.StreamOpFlag.fromCharacteristics (0x00007cb632c71d08) [0x00007cb632c71e00, 0x00007cb632c71f70] Compiler: jvmci, Barriers: 0, Oops: 0, ImmediateOops: 0, NonImmediateOops: No
[1,514s][debug][gc,nmethod  ] Register NMethod: java.util.stream.SortedOps$SizedRefSortingSink.end (0x00007cb6138d9008) [0x00007cb6138d9100, 0x00007cb6138da168] Compiler: c1, Barriers: 14, Oops: 0, ImmediateOops: 0, NonImmediateOops: No
[1,514s][debug][gc,nmethod  ] Register NMethod: java.lang.invoke.MethodHandle.linkToSpecial (0x00007cb632c72008) [0x00007cb632c72100, 0x00007cb632c721f8] Compiler: , Barriers: 0, Oops: 0, ImmediateOops: 0, NonImmediateOops: No
[1,515s][debug][gc,nmethod  ] Register NMethod: java.util.stream.StreamSupport.stream (0x00007cb632c72308) [0x00007cb632c72420, 0x00007cb632c727d0] Compiler: jvmci, Barriers: 8, Oops: 1, ImmediateOops: 0, NonImmediateOops: No
[1,517s][debug][gc,nmethod  ] Register NMethod: java.lang.invoke.MethodHandle.linkToInterface (0x00007cb632c72808) [0x00007cb632c72900, 0x00007cb632c72a30] Compiler: , Barriers: 0, Oops: 0, ImmediateOops: 0, NonImmediateOops: No
[1,518s][debug][gc,nmethod  ] Register NMethod: jdk.internal.loader.BuiltinClassLoader.isSealed (0x00007cb6138da188) [0x00007cb6138da280, 0x00007cb6138ddd30] Compiler: c1, Barriers: 10, Oops: 3, ImmediateOops: 15, NonImmediateOops: No
[1,518s][debug][gc,nmethod  ] Register NMethod: java.lang.classfile.CodeBuilder.getfield (0x00007cb6138ddd88) [0x00007cb6138dde80, 0x00007cb6138de860] Compiler: c1, Barriers: 1, Oops: 1, ImmediateOops: 1, NonImmediateOops: No
[1,518s][debug][gc,nmethod  ] Register NMethod: java.lang.classfile.ClassBuilder.withField (0x00007cb6138de888) [0x00007cb6138de980, 0x00007cb6138df6c0] Compiler: c1, Barriers: 6, Oops: 0, ImmediateOops: 0, NonImmediateOops: No
[1,518s][debug][gc,nmethod  ] Register NMethod: java.util.stream.ReferencePipeline$2$1.accept (0x00007cb632c72b08) [0x00007cb632c72c00, 0x00007cb632c73918] Compiler: jvmci, Barriers: 27, Oops: 1, ImmediateOops: 0, NonImmediateOops: No
[1,518s][debug][gc,nmethod  ] Register NMethod: org.junit.platform.commons.util.AnnotationUtils.isInJavaLangAnnotationPackage (0x00007cb6138df708) [0x00007cb6138df800, 0x00007cb6138e0048] Compiler: c1, Barriers: 1, Oops: 2, ImmediateOops: 1, NonImmediateOops: No
[1,519s][debug][gc,nmethod  ] Register NMethod: java.lang.invoke.TypeConvertingMethodAdapter.classDesc (0x00007cb6138e0088) [0x00007cb6138e0180, 0x00007cb6138e1328] Compiler: c1, Barriers: 3, Oops: 1, ImmediateOops: 6, NonImmediateOops: No
[1,519s][debug][gc,nmethod  ] Register NMethod: org.junit.platform.engine.UniqueId.hashCode (0x00007cb6138e1388) [0x00007cb6138e1480, 0x00007cb6138e1830] Compiler: c1, Barriers: 1, Oops: 1, ImmediateOops: 0, NonImmediateOops: No
[1,519s][debug][gc,director ] Rule Major: Warmup 10%, Used: 100MB, UsedThreshold: 1228MB
[1,520s][debug][gc,nmethod  ] Register NMethod: org.junit.platform.engine.discovery.MethodSelector.hashCode (0x00007cb6138e1888) [0x00007cb6138e1980, 0x00007cb6138e2498] Compiler: c1, Barriers: 12, Oops: 1, ImmediateOops: 0, NonImmediateOops: No
[1,520s][debug][gc,nmethod  ] Register NMethod: jdk.proxy2.$Proxy15.annotationType (0x00007cb6138e2508) [0x00007cb6138e2600, 0x00007cb6138e2c68] Compiler: c1, Barriers: 1, Oops: 0, ImmediateOops: 1, NonImmediateOops: No
[1,520s][debug][gc,nmethod  ] Register NMethod: java.util.ArrayDeque.isEmpty (0x00007cb6138e2c88) [0x00007cb6138e2d80, 0x00007cb6138e2ed0] Compiler: c1, Barriers: 0, Oops: 0, ImmediateOops: 0, NonImmediateOops: No
[1,520s][debug][gc,nmethod  ] Register NMethod: java.util.HashMap.<init> (0x00007cb6138e2f88) [0x00007cb6138e30a0, 0x00007cb6138e31d8] Compiler: c1, Barriers: 0, Oops: 0, ImmediateOops: 0, NonImmediateOops: No
[1,520s][debug][gc,nmethod  ] Register NMethod: java.util.LinkedHashMap.<init> (0x00007cb6138e3288) [0x00007cb6138e3380, 0x00007cb6138e34d0] Compiler: c1, Barriers: 0, Oops: 0, ImmediateOops: 0, NonImmediateOops: No
[1,521s][debug][gc,nmethod  ] Register NMethod: java.util.HashSet.<init> (0x00007cb6138e3588) [0x00007cb6138e3680, 0x00007cb6138e3a28] Compiler: c1, Barriers: 3, Oops: 0, ImmediateOops: 0, NonImmediateOops: No
[1,521s][debug][gc,nmethod  ] Register NMethod: java.lang.Class.privateGetPublicMethods (0x00007cb6138e3a88) [0x00007cb6138e3b80, 0x00007cb6138e5310] Compiler: c1, Barriers: 11, Oops: 0, ImmediateOops: 0, NonImmediateOops: No
[1,522s][debug][gc,nmethod  ] Register NMethod: org.junit.platform.commons.util.ReflectionUtils.defaultMethodSorter (0x00007cb632c73988) [0x00007cb632c73a80, 0x00007cb632c74398] Compiler: jvmci, Barriers: 12, Oops: 1, ImmediateOops: 0, NonImmediateOops: No
[1,522s][debug][gc,nmethod  ] Register NMethod: jdk.internal.classfile.impl.BufWriterImpl.cpIndex (0x00007cb632c74408) [0x00007cb632c74500, 0x00007cb632c74988] Compiler: jvmci, Barriers: 5, Oops: 0, ImmediateOops: 0, NonImmediateOops: No
[1,524s][debug][gc,nmethod  ] Register NMethod: org.junit.platform.commons.util.ReflectionUtils$$Lambda/0x000000002617d518.compare (0x00007cb632c74a08) [0x00007cb632c74b00, 0x00007cb632c754e0] Compiler: jvmci, Barriers: 12, Oops: 1, ImmediateOops: 0, NonImmediateOops: No
[1,524s][debug][gc,nmethod  ] Register NMethod: java.lang.Class.isMemberClass (0x00007cb6138e5388) [0x00007cb6138e5480, 0x00007cb6138e57a0] Compiler: c1, Barriers: 0, Oops: 0, ImmediateOops: 0, NonImmediateOops: No
[1,524s][debug][gc,nmethod  ] Register NMethod: java.util.TimSort.gallopLeft (0x00007cb6138e5808) [0x00007cb6138e5900, 0x00007cb6138e68e8] Compiler: c1, Barriers: 4, Oops: 0, ImmediateOops: 0, NonImmediateOops: No
[1,524s][debug][gc,nmethod  ] Register NMethod: java.util.TimSort.gallopRight (0x00007cb6138e6908) [0x00007cb6138e6a00, 0x00007cb6138e7a18] Compiler: c1, Barriers: 4, Oops: 0, ImmediateOops: 0, NonImmediateOops: No
[1,524s][debug][gc,nmethod  ] Register NMethod: jdk.proxy3.$Proxy6.annotationType (0x00007cb6138e7a88) [0x00007cb6138e7b80, 0x00007cb6138e81e8] Compiler: c1, Barriers: 1, Oops: 1, ImmediateOops: 1, NonImmediateOops: No
[1,525s][debug][gc,nmethod  ] Register NMethod: jdk.internal.util.ArraysSupport.mismatch (0x00007cb632c75508) [0x00007cb632c75600, 0x00007cb632c75890] Compiler: jvmci, Barriers: 0, Oops: 0, ImmediateOops: 0, NonImmediateOops: No
[1,525s][debug][gc,nmethod  ] Register NMethod: java.util.Optional.isEmpty (0x00007cb6138e8208) [0x00007cb6138e8300, 0x00007cb6138e8480] Compiler: c1, Barriers: 1, Oops: 0, ImmediateOops: 0, NonImmediateOops: No
[1,525s][debug][gc,nmethod  ] Register NMethod: java.lang.reflect.Method.<init> (0x00007cb632c75908) [0x00007cb632c75a00, 0x00007cb632c75e70] Compiler: jvmci, Barriers: 27, Oops: 0, ImmediateOops: 0, NonImmediateOops: No
[1,526s][debug][gc,nmethod  ] Register NMethod: org.junit.platform.commons.util.ClassUtils.nullSafeToString (0x00007cb6138e8508) [0x00007cb6138e8600, 0x00007cb6138e9290] Compiler: c1, Barriers: 0, Oops: 3, ImmediateOops: 4, NonImmediateOops: No
[1,526s][debug][gc,nmethod  ] Register NMethod: java.lang.Object.equals (0x00007cb632c75e88) [0x00007cb632c75f80, 0x00007cb632c76010] Compiler: jvmci, Barriers: 0, Oops: 0, ImmediateOops: 0, NonImmediateOops: No
[1,526s][debug][gc,nmethod  ] Register NMethod: org.junit.platform.engine.support.discovery.EngineDiscoveryRequestResolution$$Lambda/0x0000000026176168.apply (0x00007cb6138e9308) [0x00007cb6138e9400, 0x00007cb6138e97d0] Compiler: c1, Barriers: 2, Oops: 1, ImmediateOops: 0, NonImmediateOops: No
[1,526s][debug][gc,nmethod  ] Register NMethod: org.junit.platform.engine.support.descriptor.AbstractTestDescriptor.setParent (0x00007cb632c76188) [0x00007cb632c76280, 0x00007cb632c763b0] Compiler: c1, Barriers: 3, Oops: 1, ImmediateOops: 0, NonImmediateOops: No
[1,526s][debug][gc,nmethod  ] Register NMethod: org.junit.platform.engine.support.discovery.EngineDiscoveryRequestResolution.getContext (0x00007cb6138e9808) [0x00007cb6138e9900, 0x00007cb6138e9e90] Compiler: c1, Barriers: 2, Oops: 1, ImmediateOops: 0, NonImmediateOops: No
[1,526s][debug][gc,nmethod  ] Register NMethod: org.junit.platform.engine.support.discovery.SelectorResolver$Resolution.isResolved (0x00007cb6138e9f08) [0x00007cb6138ea000, 0x00007cb6138ea158] Compiler: c1, Barriers: 0, Oops: 1, ImmediateOops: 1, NonImmediateOops: No
[1,526s][debug][gc,nmethod  ] Register NMethod: org.junit.platform.engine.support.discovery.EngineDiscoveryRequestResolution$$Lambda/0x00000000261763b8.test (0x00007cb6138ea208) [0x00007cb6138ea300, 0x00007cb6138ea6d8] Compiler: c1, Barriers: 0, Oops: 1, ImmediateOops: 1, NonImmediateOops: No
[1,526s][debug][gc,nmethod  ] Register NMethod: org.junit.platform.engine.support.discovery.EngineDiscoveryRequestResolution.lambda$resolve$2 (0x00007cb6138ea708) [0x00007cb6138ea800, 0x00007cb6138ef878] Compiler: c1, Barriers: 2, Oops: 1, ImmediateOops: 0, NonImmediateOops: No
[1,526s][debug][gc,nmethod  ] Register NMethod: java.util.stream.AbstractPipeline.<init> (0x00007cb632c76488) [0x00007cb632c765a0, 0x00007cb632c76780] Compiler: jvmci, Barriers: 8, Oops: 0, ImmediateOops: 0, NonImmediateOops: No
[1,527s][debug][gc,nmethod  ] Register NMethod: org.junit.platform.engine.support.discovery.SelectorResolver$Resolution.getMatches (0x00007cb632c76788) [0x00007cb632c76880, 0x00007cb632c76968] Compiler: c1, Barriers: 1, Oops: 1, ImmediateOops: 0, NonImmediateOops: No
[1,527s][debug][gc,nmethod  ] Register NMethod: java.lang.reflect.Method.copy (0x00007cb632c76a88) [0x00007cb632c76b80, 0x00007cb632c77070] Compiler: jvmci, Barriers: 36, Oops: 1, ImmediateOops: 0, NonImmediateOops: No
[1,527s][debug][gc,nmethod  ] Register NMethod: java.util.Optional.map (0x00007cb6138ef888) [0x00007cb6138ef980, 0x00007cb6138f0368] Compiler: c1, Barriers: 4, Oops: 0, ImmediateOops: 2, NonImmediateOops: No
[1,528s][debug][gc,nmethod  ] Register NMethod: java.util.Optional.get (0x00007cb6138f0388) [0x00007cb6138f0480, 0x00007cb6138f06c0] Compiler: c1, Barriers: 1, Oops: 0, ImmediateOops: 1, NonImmediateOops: No
[1,528s][debug][gc,nmethod  ] Register NMethod: java.lang.Character.isUpperCase (0x00007cb6138f0708) [0x00007cb6138f0800, 0x00007cb6138f0b30] Compiler: c1, Barriers: 0, Oops: 0, ImmediateOops: 0, NonImmediateOops: No
[1,528s][debug][gc,nmethod  ] Register NMethod: java.lang.Character.isUpperCase (0x00007cb6138f0b88) [0x00007cb6138f0c80, 0x00007cb6138f1008] Compiler: c1, Barriers: 0, Oops: 0, ImmediateOops: 0, NonImmediateOops: No
[1,528s][debug][gc,nmethod  ] Register NMethod: java.util.Formatter$Conversion.isText (0x00007cb6138f1088) [0x00007cb6138f1180, 0x00007cb6138f12d8] Compiler: c1, Barriers: 0, Oops: 0, ImmediateOops: 0, NonImmediateOops: No
[1,528s][debug][gc,nmethod  ] Register NMethod: java.util.Formatter$FixedString.<init> (0x00007cb6138f1388) [0x00007cb6138f1480, 0x00007cb6138f16b8] Compiler: c1, Barriers: 3, Oops: 0, ImmediateOops: 0, NonImmediateOops: No
[1,528s][debug][gc,nmethod  ] Register NMethod: java.util.Formatter$Conversion.isValid (0x00007cb6138f1708) [0x00007cb6138f1800, 0x00007cb6138f1d28] Compiler: c1, Barriers: 0, Oops: 0, ImmediateOops: 0, NonImmediateOops: No
[1,529s][debug][gc,nmethod  ] Register NMethod: java.util.Formatter$FormatSpecifier.<init> (0x00007cb6138f1d88) [0x00007cb6138f1e80, 0x00007cb6138f2748] Compiler: c1, Barriers: 0, Oops: 0, ImmediateOops: 0, NonImmediateOops: No
[1,529s][debug][gc,nmethod  ] Register NMethod: java.util.Formatter$FormatSpecifier.print (0x00007cb6138f2788) [0x00007cb6138f2880, 0x00007cb6138f3190] Compiler: c1, Barriers: 2, Oops: 0, ImmediateOops: 2, NonImmediateOops: No
[1,529s][debug][gc,nmethod  ] Register NMethod: java.util.Formatter$FormatSpecifier.print (0x00007cb6138f3208) [0x00007cb6138f3300, 0x00007cb6138f46d8] Compiler: c1, Barriers: 4, Oops: 1, ImmediateOops: 2, NonImmediateOops: No
[1,529s][debug][gc,nmethod  ] Register NMethod: java.util.Formatter$FormatSpecifier.appendJustified (0x00007cb6138f4708) [0x00007cb6138f4800, 0x00007cb6138f5568] Compiler: c1, Barriers: 0, Oops: 0, ImmediateOops: 0, NonImmediateOops: No
[1,529s][debug][gc,nmethod  ] Register NMethod: java.lang.StringBuilder.append (0x00007cb6138f5588) [0x00007cb6138f5680, 0x00007cb6138f59e0] Compiler: c1, Barriers: 0, Oops: 0, ImmediateOops: 0, NonImmediateOops: No
[1,529s][debug][gc,nmethod  ] Register NMethod: java.lang.StringBuilder.append (0x00007cb6138f5a08) [0x00007cb6138f5b00, 0x00007cb6138f5c48] Compiler: c1, Barriers: 0, Oops: 0, ImmediateOops: 0, NonImmediateOops: No
[1,529s][debug][gc,nmethod  ] Register NMethod: java.util.Formatter$FormatSpecifier.printString (0x00007cb6138f5d08) [0x00007cb6138f5e00, 0x00007cb6138f7518] Compiler: c1, Barriers: 8, Oops: 0, ImmediateOops: 1, NonImmediateOops: No
[1,529s][debug][gc,nmethod  ] Register NMethod: java.lang.AbstractStringBuilder.append (0x00007cb6138f7588) [0x00007cb6138f7680, 0x00007cb6138f88d8] Compiler: c1, Barriers: 0, Oops: 0, ImmediateOops: 0, NonImmediateOops: No
[1,529s][debug][gc,nmethod  ] Register NMethod: jdk.proxy2.$Proxy17.annotationType (0x00007cb6138f8908) [0x00007cb6138f8a00, 0x00007cb6138f9068] Compiler: c1, Barriers: 1, Oops: 0, ImmediateOops: 1, NonImmediateOops: No
[1,529s][debug][gc,nmethod  ] Register NMethod: java.util.Formatter$FixedString.print (0x00007cb6138f9088) [0x00007cb6138f9180, 0x00007cb6138f9500] Compiler: c1, Barriers: 2, Oops: 0, ImmediateOops: 0, NonImmediateOops: No
[1,529s][debug][gc,nmethod  ] Register NMethod: java.lang.StringBuilder.append (0x00007cb6138f9508) [0x00007cb6138f9600, 0x00007cb6138f9960] Compiler: c1, Barriers: 0, Oops: 0, ImmediateOops: 0, NonImmediateOops: No
[1,529s][debug][gc,nmethod  ] Register NMethod: java.lang.StringBuilder.append (0x00007cb6138f9988) [0x00007cb6138f9a80, 0x00007cb6138f9bc8] Compiler: c1, Barriers: 0, Oops: 0, ImmediateOops: 0, NonImmediateOops: No
[1,529s][debug][gc,nmethod  ] Register NMethod: java.util.Formatter.ensureOpen (0x00007cb6138f9c88) [0x00007cb6138f9d80, 0x00007cb6138f9f60] Compiler: c1, Barriers: 1, Oops: 0, ImmediateOops: 0, NonImmediateOops: No
[1,529s][debug][gc,director ] Rule Major: Warmup 10%, Used: 102MB, UsedThreshold: 1228MB
[1,530s][debug][gc,nmethod  ] Register NMethod: jdk.proxy3.$Proxy18.annotationType (0x00007cb6138f9f88) [0x00007cb6138fa080, 0x00007cb6138fa6e8] Compiler: c1, Barriers: 1, Oops: 1, ImmediateOops: 1, NonImmediateOops: No
[1,530s][debug][gc,nmethod  ] Register NMethod: java.lang.AbstractStringBuilder.append (0x00007cb6138fa708) [0x00007cb6138fa800, 0x00007cb6138fb310] Compiler: c1, Barriers: 4, Oops: 1, ImmediateOops: 2, NonImmediateOops: No
[1,530s][debug][gc,nmethod  ] Register NMethod: java.lang.AbstractStringBuilder.appendChars (0x00007cb6138fb388) [0x00007cb6138fb480, 0x00007cb6138fcf58] Compiler: c1, Barriers: 5, Oops: 1, ImmediateOops: 2, NonImmediateOops: No
[1,530s][debug][gc,nmethod  ] Register NMethod: jdk.proxy3.$Proxy18.hashCode (0x00007cb6138fcf88) [0x00007cb6138fd080, 0x00007cb6138fd8c8] Compiler: c1, Barriers: 1, Oops: 1, ImmediateOops: 1, NonImmediateOops: No
[1,530s][debug][gc,nmethod  ] Register NMethod: java.util.StringJoiner.toString (0x00007cb632c77088) [0x00007cb632c77180, 0x00007cb632c78938] Compiler: jvmci, Barriers: 17, Oops: 0, ImmediateOops: 1, NonImmediateOops: No
[1,530s][debug][gc,nmethod  ] Register NMethod: jdk.proxy3.$Proxy18.equals (0x00007cb6138fd908) [0x00007cb6138fda00, 0x00007cb6138fe570] Compiler: c1, Barriers: 4, Oops: 2, ImmediateOops: 1, NonImmediateOops: No
[1,530s][debug][gc,nmethod  ] Register NMethod: org.junit.platform.commons.util.ClassUtils.nullSafeToString (0x00007cb6138fe588) [0x00007cb6138fe680, 0x00007cb6138fe858] Compiler: c1, Barriers: 0, Oops: 2, ImmediateOops: 1, NonImmediateOops: No
[1,530s][debug][gc,nmethod  ] Register NMethod: jdk.proxy3.$Proxy6.hashCode (0x00007cb6138fe888) [0x00007cb6138fe980, 0x00007cb6138ff1c8] Compiler: c1, Barriers: 1, Oops: 1, ImmediateOops: 1, NonImmediateOops: No
[1,530s][debug][gc,nmethod  ] Register NMethod: org.junit.platform.engine.support.discovery.SelectorResolver$Resolution.unresolved (0x00007cb6138ff208) [0x00007cb6138ff300, 0x00007cb6138ff3e8] Compiler: c1, Barriers: 0, Oops: 1, ImmediateOops: 1, NonImmediateOops: No
[1,531s][debug][gc,nmethod  ] Register NMethod: org.junit.platform.commons.util.AnnotationUtils.findRepeatableAnnotations (0x00007cb6138ff508) [0x00007cb6138ff600, 0x00007cb613906478] Compiler: c1, Barriers: 21, Oops: 8, ImmediateOops: 21, NonImmediateOops: No
[1,531s][debug][gc,nmethod  ] Register NMethod: org.junit.platform.commons.util.Preconditions.condition (0x00007cb632c78988) [0x00007cb632c78a80, 0x00007cb632c78b18] Compiler: jvmci, Barriers: 0, Oops: 1, ImmediateOops: 0, NonImmediateOops: No
[1,531s][debug][gc,nmethod  ] Register NMethod: java.util.TimSort.mergeCollapse (0x00007cb613906508) [0x00007cb613906600, 0x00007cb613906b70] Compiler: c1, Barriers: 4, Oops: 0, ImmediateOops: 0, NonImmediateOops: No
[1,531s][debug][gc,nmethod  ] Register NMethod: org.junit.platform.commons.util.ReflectionUtils.isStatic (0x00007cb613906b88) [0x00007cb613906c80, 0x00007cb6139071f0] Compiler: c1, Barriers: 0, Oops: 2, ImmediateOops: 1, NonImmediateOops: No
[1,531s][debug][gc,nmethod  ] Register NMethod: sun.reflect.annotation.AnnotationInvocationHandler.equalsImpl (0x00007cb613907208) [0x00007cb613907300, 0x00007cb61390bd28] Compiler: c1, Barriers: 21, Oops: 2, ImmediateOops: 13, NonImmediateOops: No
[1,531s][debug][gc,nmethod  ] Register NMethod: org.junit.platform.commons.util.ReflectionUtils.isInnerClass (0x00007cb61390bd88) [0x00007cb61390be80, 0x00007cb61390cb00] Compiler: c1, Barriers: 0, Oops: 2, ImmediateOops: 2, NonImmediateOops: No
[1,532s][debug][gc,nmethod  ] Register NMethod: java.lang.System$1.join (0x00007cb632c78c88) [0x00007cb632c78d80, 0x00007cb632c7a4e0] Compiler: jvmci, Barriers: 12, Oops: 0, ImmediateOops: 0, NonImmediateOops: No
[1,533s][debug][gc,nmethod  ] Register NMethod: org.junit.platform.launcher.core.DefaultDiscoveryRequest.getDiscoveryListener (0x00007cb632c7a508) [0x00007cb632c7a600, 0x00007cb632c7a6e8] Compiler: c1, Barriers: 1, Oops: 1, ImmediateOops: 0, NonImmediateOops: No
[1,533s][debug][gc,nmethod  ] Register NMethod: java.util.TimSort.mergeHi (0x00007cb61390cb88) [0x00007cb61390cc80, 0x00007cb61390fb50] Compiler: c1, Barriers: 34, Oops: 0, ImmediateOops: 1, NonImmediateOops: No
[1,534s][debug][gc,nmethod  ] Register NMethod: java.lang.Class.getMethods (0x00007cb61390fb88) [0x00007cb61390fc80, 0x00007cb61390fde0] Compiler: c1, Barriers: 0, Oops: 0, ImmediateOops: 0, NonImmediateOops: No
[1,534s][debug][gc,nmethod  ] Register NMethod: java.util.LinkedHashSet.<init> (0x00007cb61390fe88) [0x00007cb61390ffa0, 0x00007cb6139100e0] Compiler: c1, Barriers: 0, Oops: 0, ImmediateOops: 0, NonImmediateOops: No
[1,535s][debug][gc,nmethod  ] Register NMethod: java.util.ArrayList.<init> (0x00007cb613910188) [0x00007cb613910280, 0x00007cb613910b50] Compiler: c1, Barriers: 9, Oops: 0, ImmediateOops: 3, NonImmediateOops: No
[1,535s][debug][gc,nmethod  ] Register NMethod: org.junit.platform.engine.support.discovery.SelectorResolver.resolve (0x00007cb613910b88) [0x00007cb613910c80, 0x00007cb613910de0] Compiler: c1, Barriers: 0, Oops: 1, ImmediateOops: 1, NonImmediateOops: No
[1,536s][debug][gc,nmethod  ] Register NMethod: java.util.ArrayDeque.sub (0x00007cb613910e88) [0x00007cb613910f80, 0x00007cb613911090] Compiler: c1, Barriers: 0, Oops: 0, ImmediateOops: 0, NonImmediateOops: No
[1,536s][debug][gc,nmethod  ] Register NMethod: java.util.ArrayDeque.size (0x00007cb613911188) [0x00007cb613911280, 0x00007cb613911450] Compiler: c1, Barriers: 1, Oops: 0, ImmediateOops: 0, NonImmediateOops: No
[1,536s][debug][gc,nmethod  ] Register NMethod: java.util.stream.AbstractPipeline.wrapSink (0x00007cb632c7a808) [0x00007cb632c7a900, 0x00007cb632c7af90] Compiler: jvmci, Barriers: 16, Oops: 0, ImmediateOops: 0, NonImmediateOops: No
[1,536s][debug][gc,nmethod  ] Register NMethod: org.junit.jupiter.engine.discovery.MethodSelectorResolver.lambda$resolve$0 (0x00007cb613911488) [0x00007cb613911580, 0x00007cb6139116e8] Compiler: c1, Barriers: 1, Oops: 1, ImmediateOops: 0, NonImmediateOops: No
[1,536s][debug][gc,nmethod  ] Register NMethod: org.junit.jupiter.engine.discovery.MethodSelectorResolver$$Lambda/0x000000002619ba50.apply (0x00007cb613911788) [0x00007cb613911880, 0x00007cb613911ce8] Compiler: c1, Barriers: 5, Oops: 1, ImmediateOops: 0, NonImmediateOops: No
[1,536s][debug][gc,nmethod  ] Register NMethod: org.junit.jupiter.engine.discovery.MethodSelectorResolver$MethodType.access$300 (0x00007cb613911d08) [0x00007cb613911e00, 0x00007cb613911f20] Compiler: c1, Barriers: 0, Oops: 1, ImmediateOops: 0, NonImmediateOops: No
[1,536s][debug][gc,nmethod  ] Register NMethod: org.junit.platform.commons.util.AnnotationUtils.findRepeatableAnnotations (0x00007cb613912008) [0x00007cb613912100, 0x00007cb6139131e0] Compiler: c1, Barriers: 1, Oops: 1, ImmediateOops: 2, NonImmediateOops: No
[1,537s][debug][gc,nmethod  ] Register NMethod: java.util.TimSort.mergeLo (0x00007cb613913208) [0x00007cb613913300, 0x00007cb613916128] Compiler: c1, Barriers: 34, Oops: 0, ImmediateOops: 1, NonImmediateOops: No
[1,537s][debug][gc,nmethod  ] Register NMethod: org.junit.platform.commons.util.Preconditions.notNull (0x00007cb632c7b008) [0x00007cb632c7b100, 0x00007cb632c7b198] Compiler: jvmci, Barriers: 0, Oops: 1, ImmediateOops: 0, NonImmediateOops: No
[1,537s][debug][gc,nmethod  ] Register NMethod: org.junit.jupiter.engine.discovery.MethodSelectorResolver$$Lambda/0x000000002619bca0.test (0x00007cb613916188) [0x00007cb613916280, 0x00007cb613916830] Compiler: c1, Barriers: 1, Oops: 1, ImmediateOops: 0, NonImmediateOops: No
[1,537s][debug][gc,nmethod  ] Register NMethod: org.junit.platform.engine.support.discovery.SelectorResolver$Match.getTestDescriptor (0x00007cb632c7b308) [0x00007cb632c7b400, 0x00007cb632c7b4e8] Compiler: c1, Barriers: 1, Oops: 1, ImmediateOops: 0, NonImmediateOops: No
[1,537s][debug][gc,nmethod  ] Register NMethod: org.junit.jupiter.engine.discovery.MethodSelectorResolver$MethodType.resolve (0x00007cb613916888) [0x00007cb613916980, 0x00007cb613917a08] Compiler: c1, Barriers: 22, Oops: 4, ImmediateOops: 4, NonImmediateOops: No
[1,537s][debug][gc,nmethod  ] Register NMethod: java.util.stream.SortedOps$SizedRefSortingSink.accept (0x00007cb632c7b608) [0x00007cb632c7b700, 0x00007cb632c7b8b0] Compiler: jvmci, Barriers: 4, Oops: 0, ImmediateOops: 0, NonImmediateOops: No
[1,538s][debug][gc,nmethod  ] Register NMethod: java.util.ArrayList.add (0x00007cb632c7b908) [0x00007cb632c7ba00, 0x00007cb632c7c128] Compiler: jvmci, Barriers: 16, Oops: 0, ImmediateOops: 1, NonImmediateOops: No
[1,538s][debug][gc,nmethod  ] Register NMethod: java.util.stream.ForEachOps$ForEachOp.get (0x00007cb632c7c188) [0x00007cb632c7c280, 0x00007cb632c7c348] Compiler: c1, Barriers: 0, Oops: 0, ImmediateOops: 0, NonImmediateOops: No
[1,538s][debug][gc,nmethod  ] Register NMethod: org.junit.platform.engine.support.discovery.EngineDiscoveryRequestResolution.access$200 (0x00007cb632c7c488) [0x00007cb632c7c580, 0x00007cb632c7c650] Compiler: c1, Barriers: 1, Oops: 1, ImmediateOops: 0, NonImmediateOops: No
[1,538s][debug][gc,nmethod  ] Register NMethod: org.junit.platform.engine.support.discovery.SelectorResolver$Resolution.getSelectors (0x00007cb632c7c788) [0x00007cb632c7c880, 0x00007cb632c7c968] Compiler: c1, Barriers: 1, Oops: 1, ImmediateOops: 0, NonImmediateOops: No
[1,538s][debug][gc,nmethod  ] Register NMethod: java.util.Collections$EmptySet.size (0x00007cb632c7ca88) [0x00007cb632c7cb80, 0x00007cb632c7cc40] Compiler: c1, Barriers: 0, Oops: 0, ImmediateOops: 0, NonImmediateOops: No
[1,539s][debug][gc,nmethod  ] Register NMethod: java.util.HashSet.toArray (0x00007cb613917a88) [0x00007cb613917b80, 0x00007cb613918120] Compiler: c1, Barriers: 1, Oops: 0, ImmediateOops: 0, NonImmediateOops: No
[1,539s][debug][gc,nmethod  ] Register NMethod: jdk.internal.classfile.impl.SplitConstantPool.utf8Entry (0x00007cb632c7cd88) [0x00007cb632c7cea0, 0x00007cb632c7e2e8] Compiler: jvmci, Barriers: 31, Oops: 0, ImmediateOops: 2, NonImmediateOops: No
[1,540s][debug][gc,director ] Rule Major: Warmup 10%, Used: 104MB, UsedThreshold: 1228MB
[1,540s][debug][gc,nmethod  ] Register NMethod: java.util.stream.FindOps$FindSink.<init> (0x00007cb613918188) [0x00007cb613918280, 0x00007cb6139183d8] Compiler: c1, Barriers: 0, Oops: 0, ImmediateOops: 0, NonImmediateOops: No
[1,540s][debug][gc,nmethod  ] Register NMethod: java.util.stream.FindOps$FindSink$OfRef$$Lambda/0x0000000026058768.get (0x00007cb613918488) [0x00007cb613918580, 0x00007cb6139187e8] Compiler: c1, Barriers: 0, Oops: 0, ImmediateOops: 0, NonImmediateOops: No
[1,540s][debug][gc,nmethod  ] Register NMethod: java.util.stream.FindOps.makeRef (0x00007cb613918808) [0x00007cb613918900, 0x00007cb613918a58] Compiler: c1, Barriers: 0, Oops: 0, ImmediateOops: 2, NonImmediateOops: No
[1,540s][debug][gc,nmethod  ] Register NMethod: java.util.stream.FindOps$FindSink$OfRef.<init> (0x00007cb613918b08) [0x00007cb613918c00, 0x00007cb613918db8] Compiler: c1, Barriers: 0, Oops: 0, ImmediateOops: 0, NonImmediateOops: No
[1,540s][debug][gc,nmethod  ] Register NMethod: java.util.stream.FindOps$FindOp.evaluateSequential (0x00007cb613918e08) [0x00007cb613918f00, 0x00007cb613919b38] Compiler: c1, Barriers: 2, Oops: 0, ImmediateOops: 0, NonImmediateOops: No
[1,540s][debug][gc,nmethod  ] Register NMethod: java.util.stream.FindOps$FindSink$OfRef.get (0x00007cb613919b88) [0x00007cb613919c80, 0x00007cb61391a370] Compiler: c1, Barriers: 4, Oops: 0, ImmediateOops: 0, NonImmediateOops: No
[1,540s][debug][gc,nmethod  ] Register NMethod: java.util.stream.FindOps$FindSink$OfRef.get (0x00007cb61391a388) [0x00007cb61391a480, 0x00007cb61391a948] Compiler: c1, Barriers: 4, Oops: 0, ImmediateOops: 0, NonImmediateOops: No
[1,540s][debug][gc,nmethod  ] Register NMethod: java.lang.invoke.InfoFromMemberName.getModifiers (0x00007cb61391a988) [0x00007cb61391aa80, 0x00007cb61391add8] Compiler: c1, Barriers: 1, Oops: 0, ImmediateOops: 0, NonImmediateOops: No
[1,541s][debug][gc,nmethod  ] Register NMethod: java.util.Spliterator.getExactSizeIfKnown (0x00007cb632c7e308) [0x00007cb632c7e400, 0x00007cb632c7e648] Compiler: jvmci, Barriers: 1, Oops: 0, ImmediateOops: 0, NonImmediateOops: No
[1,541s][debug][gc,nmethod  ] Register NMethod: java.lang.StringBuilder.<init> (0x00007cb632c7e688) [0x00007cb632c7e780, 0x00007cb632c7e928] Compiler: jvmci, Barriers: 3, Oops: 0, ImmediateOops: 0, NonImmediateOops: No
[1,541s][debug][gc,nmethod  ] Register NMethod: java.util.stream.Collectors$$Lambda/0x0000000026114238.accept (0x00007cb632c7e988) [0x00007cb632c7ea80, 0x00007cb632c7f340] Compiler: jvmci, Barriers: 16, Oops: 0, ImmediateOops: 1, NonImmediateOops: No
[1,542s][debug][gc,nmethod  ] Register NMethod: java.lang.invoke.MethodHandles$Lookup.getDirectMethod (0x00007cb61391ae08) [0x00007cb61391af00, 0x00007cb61391b040] Compiler: c1, Barriers: 0, Oops: 0, ImmediateOops: 0, NonImmediateOops: No
[1,542s][debug][gc,nmethod  ] Register NMethod: java.lang.invoke.MethodHandles$Lookup.checkMethod (0x00007cb61391b108) [0x00007cb61391b200, 0x00007cb61391c0e8] Compiler: c1, Barriers: 0, Oops: 0, ImmediateOops: 4, NonImmediateOops: No
[1,542s][debug][gc,nmethod  ] Register NMethod: java.lang.classfile.ClassBuilder.withInterfaces (0x00007cb61391c108) [0x00007cb61391c200, 0x00007cb61391ca90] Compiler: c1, Barriers: 3, Oops: 0, ImmediateOops: 0, NonImmediateOops: No
[1,542s][debug][gc,nmethod  ] Register NMethod: java.lang.invoke.MethodHandles$Lookup.findBoundCallerLookup (0x00007cb61391cb08) [0x00007cb61391cc00, 0x00007cb61391d750] Compiler: c1, Barriers: 0, Oops: 0, ImmediateOops: 1, NonImmediateOops: No
[1,542s][debug][gc,nmethod  ] Register NMethod: java.util.stream.AbstractPipeline.sourceSpliterator (0x00007cb632c7f388) [0x00007cb632c7f480, 0x00007cb632c7f6a8] Compiler: jvmci, Barriers: 4, Oops: 0, ImmediateOops: 0, NonImmediateOops: No
[1,542s][debug][gc,nmethod  ] Register NMethod: java.lang.classfile.Interfaces.of (0x00007cb61391d788) [0x00007cb61391d880, 0x00007cb61391dbd8] Compiler: c1, Barriers: 3, Oops: 0, ImmediateOops: 0, NonImmediateOops: No
[1,542s][debug][gc,nmethod  ] Register NMethod: jdk.internal.classfile.impl.InterfacesImpl.<init> (0x00007cb61391dc08) [0x00007cb61391dd00, 0x00007cb61391dfc8] Compiler: c1, Barriers: 3, Oops: 0, ImmediateOops: 0, NonImmediateOops: No
[1,542s][debug][gc,nmethod  ] Register NMethod: jdk.internal.classfile.impl.DirectClassBuilder.buildInterfaceEnties (0x00007cb61391e008) [0x00007cb61391e100, 0x00007cb61391f608] Compiler: c1, Barriers: 6, Oops: 0, ImmediateOops: 0, NonImmediateOops: No
[1,542s][debug][gc,nmethod  ] Register NMethod: jdk.internal.classfile.impl.InterfacesImpl.writeTo (0x00007cb61391f688) [0x00007cb61391f780, 0x00007cb61391fb08] Compiler: c1, Barriers: 4, Oops: 0, ImmediateOops: 0, NonImmediateOops: No
[1,542s][debug][gc,nmethod  ] Register NMethod: java.lang.invoke.MethodHandles$Lookup.maybeBindCaller (0x00007cb61391fb88) [0x00007cb61391fc80, 0x00007cb613920910] Compiler: c1, Barriers: 1, Oops: 0, ImmediateOops: 1, NonImmediateOops: No
[1,543s][debug][gc,nmethod  ] Register NMethod: java.lang.invoke.MethodHandles$Lookup.getDirectMethodCommon (0x00007cb613920988) [0x00007cb613920a80, 0x00007cb613923ef0] Compiler: c1, Barriers: 11, Oops: 1, ImmediateOops: 1, NonImmediateOops: No
[1,543s][debug][gc,nmethod  ] Register NMethod: sun.reflect.annotation.AnnotationInvocationHandler.invoke (0x00007cb632c7f708) [0x00007cb632c7f800, 0x00007cb632c7fee8] Compiler: jvmci, Barriers: 9, Oops: 0, ImmediateOops: 6, NonImmediateOops: No
[1,545s][debug][gc,nmethod  ] Register NMethod: java.util.Spliterators$ArraySpliterator.forEachRemaining (0x00007cb632c7ff08) [0x00007cb632c80000, 0x00007cb632c80fe8] Compiler: jvmci, Barriers: 30, Oops: 1, ImmediateOops: 0, NonImmediateOops: No
[1,545s][debug][gc,nmethod  ] Register NMethod: java.lang.String.startsWith (0x00007cb632c81008) [0x00007cb632c81100, 0x00007cb632c81400] Compiler: jvmci, Barriers: 2, Oops: 0, ImmediateOops: 0, NonImmediateOops: No
[1,546s][debug][gc,nmethod  ] Register NMethod: java.util.stream.AbstractPipeline.<init> (0x00007cb632c81408) [0x00007cb632c81500, 0x00007cb632c817d0] Compiler: jvmci, Barriers: 10, Oops: 0, ImmediateOops: 0, NonImmediateOops: No
[1,548s][debug][gc,nmethod  ] Register NMethod: java.util.Spliterators$IteratorSpliterator.characteristics (0x00007cb632c81808) [0x00007cb632c81900, 0x00007cb632c819c0] Compiler: c1, Barriers: 0, Oops: 0, ImmediateOops: 0, NonImmediateOops: No
[1,549s][debug][gc,nmethod  ] Register NMethod: jdk.internal.classfile.impl.SplitConstantPool.tryFindClassEntry (0x00007cb613923f08) [0x00007cb613924000, 0x00007cb613925660] Compiler: c1, Barriers: 2, Oops: 0, ImmediateOops: 0, NonImmediateOops: No
[1,549s][debug][gc,nmethod  ] Register NMethod: org.junit.platform.engine.support.descriptor.AbstractTestDescriptor.hashCode (0x00007cb613925688) [0x00007cb613925780, 0x00007cb613925bd8] Compiler: c1, Barriers: 2, Oops: 1, ImmediateOops: 0, NonImmediateOops: No
[1,549s][debug][gc,nmethod  ] Register NMethod: java.lang.Iterable.forEach (0x00007cb613925c08) [0x00007cb613925d00, 0x00007cb6139267f8] Compiler: c1, Barriers: 0, Oops: 0, ImmediateOops: 0, NonImmediateOops: No
[1,549s][debug][gc,nmethod  ] Register NMethod: java.util.HashSet.size (0x00007cb613926808) [0x00007cb613926900, 0x00007cb613926c10] Compiler: c1, Barriers: 1, Oops: 0, ImmediateOops: 0, NonImmediateOops: No
[1,549s][debug][gc,nmethod  ] Register NMethod: java.util.AbstractCollection.addAll (0x00007cb613926c88) [0x00007cb613926d80, 0x00007cb613927788] Compiler: c1, Barriers: 0, Oops: 0, ImmediateOops: 0, NonImmediateOops: No
[1,550s][debug][gc,nmethod  ] Register NMethod: java.util.stream.AbstractPipeline.copyInto (0x00007cb632c81b08) [0x00007cb632c81c00, 0x00007cb632c82808] Compiler: jvmci, Barriers: 26, Oops: 0, ImmediateOops: 0, NonImmediateOops: No
[1,550s][debug][gc,nmethod  ] Register NMethod: java.util.LinkedHashMap.keySet (0x00007cb613927808) [0x00007cb613927900, 0x00007cb613927bf8] Compiler: c1, Barriers: 0, Oops: 0, ImmediateOops: 0, NonImmediateOops: No
[1,550s][debug][gc,nmethod  ] Register NMethod: java.util.LinkedHashMap.sequencedKeySet (0x00007cb613927c08) [0x00007cb613927d00, 0x00007cb6139283d8] Compiler: c1, Barriers: 7, Oops: 0, ImmediateOops: 0, NonImmediateOops: No
[1,550s][debug][gc,nmethod  ] Register NMethod: java.util.LinkedHashMap$LinkedKeySet.iterator (0x00007cb613928408) [0x00007cb613928500, 0x00007cb613928890] Compiler: c1, Barriers: 1, Oops: 0, ImmediateOops: 0, NonImmediateOops: No
[1,550s][debug][gc,director ] Rule Major: Warmup 10%, Used: 104MB, UsedThreshold: 1228MB
[1,550s][debug][gc,nmethod  ] Register NMethod: java.util.Collections$UnmodifiableSet.<init> (0x00007cb613928908) [0x00007cb613928a00, 0x00007cb613928d20] Compiler: c1, Barriers: 3, Oops: 0, ImmediateOops: 0, NonImmediateOops: No
[1,550s][debug][gc,nmethod  ] Register NMethod: java.util.LinkedHashMap$LinkedKeyIterator.<init> (0x00007cb613928d88) [0x00007cb613928e80, 0x00007cb613929108] Compiler: c1, Barriers: 0, Oops: 0, ImmediateOops: 0, NonImmediateOops: No
[1,550s][debug][gc,nmethod  ] Register NMethod: java.util.Collections$UnmodifiableCollection.size (0x00007cb613929188) [0x00007cb613929280, 0x00007cb6139295c0] Compiler: c1, Barriers: 1, Oops: 0, ImmediateOops: 0, NonImmediateOops: No
[1,550s][debug][gc,nmethod  ] Register NMethod: java.util.stream.AbstractPipeline.wrapAndCopyInto (0x00007cb632c82888) [0x00007cb632c82980, 0x00007cb632c82fa0] Compiler: jvmci, Barriers: 16, Oops: 0, ImmediateOops: 0, NonImmediateOops: No
[1,550s][debug][gc,nmethod  ] Register NMethod: java.util.Collections.unmodifiableSet (0x00007cb613929608) [0x00007cb613929700, 0x00007cb613929d18] Compiler: c1, Barriers: 3, Oops: 0, ImmediateOops: 1, NonImmediateOops: No
[1,552s][debug][gc,nmethod  ] Register NMethod: java.lang.invoke.MethodHandleNatives.staticArgumentsPulled (0x00007cb613929d88) [0x00007cb613929e80, 0x00007cb61392a168] Compiler: c1, Barriers: 0, Oops: 0, ImmediateOops: 0, NonImmediateOops: No
[1,552s][debug][gc,nmethod  ] Register NMethod: java.lang.invoke.MethodHandleNatives.linkCallSite (0x00007cb61392a188) [0x00007cb61392a280, 0x00007cb61392adf0] Compiler: c1, Barriers: 0, Oops: 0, ImmediateOops: 0, NonImmediateOops: No
[1,552s][debug][gc,nmethod  ] Register NMethod: java.lang.invoke.ConstantCallSite.<init> (0x00007cb61392ae08) [0x00007cb61392af00, 0x00007cb61392b518] Compiler: c1, Barriers: 4, Oops: 0, ImmediateOops: 1, NonImmediateOops: No
[1,552s][debug][gc,nmethod  ] Register NMethod: java.lang.invoke.CallSite.<init> (0x00007cb61392b588) [0x00007cb61392b680, 0x00007cb61392ba60] Compiler: c1, Barriers: 4, Oops: 0, ImmediateOops: 0, NonImmediateOops: No
[1,552s][debug][gc,nmethod  ] Register NMethod: java.lang.invoke.MethodHandleNatives.linkCallSiteImpl (0x00007cb61392ba88) [0x00007cb61392bb80, 0x00007cb61392ca08] Compiler: c1, Barriers: 9, Oops: 0, ImmediateOops: 0, NonImmediateOops: No
[1,552s][debug][gc,nmethod  ] Register NMethod: jdk.internal.misc.Unsafe.storeStoreFence (0x00007cb61392ca88) [0x00007cb61392cb80, 0x00007cb61392ce50] Compiler: c1, Barriers: 0, Oops: 0, ImmediateOops: 0, NonImmediateOops: No
[1,552s][debug][gc,nmethod  ] Register NMethod: java.lang.invoke.CallSite.makeSite (0x00007cb61392ce88) [0x00007cb61392cf80, 0x00007cb61392f7a0] Compiler: c1, Barriers: 7, Oops: 1, ImmediateOops: 7, NonImmediateOops: No
[1,553s][debug][gc,nmethod  ] Register NMethod: java.lang.invoke.BootstrapMethodInvoker.widenAndCast (0x00007cb61392f808) [0x00007cb61392f900, 0x00007cb613931030] Compiler: c1, Barriers: 0, Oops: 0, ImmediateOops: 0, NonImmediateOops: No
[1,553s][debug][gc,nmethod  ] Register NMethod: java.util.ImmutableCollections.listFromTrustedArray (0x00007cb613931088) [0x00007cb613931180, 0x00007cb613932360] Compiler: c1, Barriers: 19, Oops: 0, ImmediateOops: 2, NonImmediateOops: No
[1,553s][debug][gc,nmethod  ] Register NMethod: java.lang.invoke.BootstrapMethodInvoker.invoke (0x00007cb613932388) [0x00007cb613932480, 0x00007cb61393c298] Compiler: c1, Barriers: 54, Oops: 0, ImmediateOops: 9, NonImmediateOops: No
[1,553s][debug][gc,nmethod  ] Register NMethod: java.lang.invoke.DirectMethodHandle$Holder.invokeStatic (0x00007cb61393c308) [0x00007cb61393c400, 0x00007cb61393c7d8] Compiler: c1, Barriers: 1, Oops: 0, ImmediateOops: 0, NonImmediateOops: No
[1,554s][debug][gc,nmethod  ] Register NMethod: java.util.Collections$SynchronizedCollection.iterator (0x00007cb61393c808) [0x00007cb61393c900, 0x00007cb61393cc40] Compiler: c1, Barriers: 1, Oops: 0, ImmediateOops: 0, NonImmediateOops: No
[1,554s][debug][gc,nmethod  ] Register NMethod: org.junit.platform.engine.support.descriptor.AbstractTestDescriptor.getChildren (0x00007cb61393cc88) [0x00007cb61393cd80, 0x00007cb61393d448] Compiler: c1, Barriers: 4, Oops: 1, ImmediateOops: 1, NonImmediateOops: No
[1,554s][debug][gc,nmethod  ] Register NMethod: jdk.internal.misc.CDS.isDumpingArchive (0x00007cb61393d488) [0x00007cb61393d580, 0x00007cb61393d678] Compiler: c1, Barriers: 0, Oops: 0, ImmediateOops: 0, NonImmediateOops: No
[1,554s][debug][gc,nmethod  ] Register NMethod: java.lang.invoke.BoundMethodHandle$Species_L.make (0x00007cb61393d788) [0x00007cb61393d880, 0x00007cb61393dae8] Compiler: c1, Barriers: 3, Oops: 0, ImmediateOops: 0, NonImmediateOops: No
[1,555s][debug][gc,nmethod  ] Register NMethod: org.junit.platform.engine.TestDescriptor$$Lambda/0x00000000261a4920.<init> (0x00007cb61393db08) [0x00007cb61393dc00, 0x00007cb61393ddd0] Compiler: c1, Barriers: 3, Oops: 1, ImmediateOops: 0, NonImmediateOops: No
[1,555s][debug][gc,nmethod  ] Register NMethod: java.util.LinkedHashSet.<init> (0x00007cb61393de08) [0x00007cb61393df20, 0x00007cb61393e638] Compiler: c1, Barriers: 0, Oops: 0, ImmediateOops: 0, NonImmediateOops: No
[1,555s][debug][gc,nmethod  ] Register NMethod: org.junit.platform.engine.TestDescriptor$$Lambda/0x00000000261a4920.accept (0x00007cb61393e688) [0x00007cb61393e780, 0x00007cb61393ed58] Compiler: c1, Barriers: 1, Oops: 1, ImmediateOops: 0, NonImmediateOops: No
[1,555s][debug][gc,nmethod  ] Register NMethod: java.util.Collections$SynchronizedCollection.size (0x00007cb61393ed88) [0x00007cb61393ee80, 0x00007cb61393f370] Compiler: c1, Barriers: 2, Oops: 0, ImmediateOops: 0, NonImmediateOops: No
[1,555s][debug][gc,nmethod  ] Register NMethod: org.junit.platform.engine.TestDescriptor.lambda$accept$0 (0x00007cb61393f388) [0x00007cb61393f480, 0x00007cb61393f790] Compiler: c1, Barriers: 0, Oops: 1, ImmediateOops: 0, NonImmediateOops: No
[1,555s][debug][gc,nmethod  ] Register NMethod: org.junit.platform.engine.TestDescriptor.accept (0x00007cb61393f808) [0x00007cb61393f920, 0x00007cb6139413c8] Compiler: c1, Barriers: 7, Oops: 3, ImmediateOops: 4, NonImmediateOops: No
[1,555s][debug][gc,nmethod  ] Register NMethod: java.lang.StringLatin1.getBytes (0x00007cb632c83008) [0x00007cb632c83100, 0x00007cb632c83378] Compiler: jvmci, Barriers: 0, Oops: 0, ImmediateOops: 0, NonImmediateOops: No
[1,556s][debug][gc,nmethod  ] Register NMethod: java.lang.String.getBytes (0x00007cb632c83388) [0x00007cb632c83480, 0x00007cb632c83820] Compiler: jvmci, Barriers: 1, Oops: 0, ImmediateOops: 0, NonImmediateOops: No
[1,556s][debug][gc,nmethod  ] Register NMethod: jdk.internal.misc.Unsafe.shouldBeInitialized (0x00007cb613941408) [0x00007cb613941500, 0x00007cb613941720] Compiler: c1, Barriers: 0, Oops: 0, ImmediateOops: 0, NonImmediateOops: No
[1,556s][debug][gc,nmethod  ] Register NMethod: java.lang.invoke.MethodHandles$Lookup.hasFullPrivilegeAccess (0x00007cb613941788) [0x00007cb613941880, 0x00007cb6139419d8] Compiler: c1, Barriers: 0, Oops: 0, ImmediateOops: 0, NonImmediateOops: No
[1,556s][debug][gc,nmethod  ] Register NMethod: java.lang.invoke.LambdaMetafactory.metafactory (0x00007cb613941a88) [0x00007cb613941b80, 0x00007cb613942738] Compiler: c1, Barriers: 0, Oops: 0, ImmediateOops: 2, NonImmediateOops: No
[1,557s][debug][gc,nmethod  ] Register NMethod: jdk.internal.classfile.impl.Util.pow31 (0x00007cb613942788) [0x00007cb613942880, 0x00007cb613942b30] Compiler: c1, Barriers: 0, Oops: 1, ImmediateOops: 1, NonImmediateOops: No
[1,557s][debug][gc,nmethod  ] Register NMethod: jdk.internal.classfile.impl.Util.entryList (0x00007cb613942b88) [0x00007cb613942c80, 0x00007cb613943a78] Compiler: c1, Barriers: 3, Oops: 1, ImmediateOops: 1, NonImmediateOops: No
[1,557s][debug][gc,nmethod  ] Register NMethod: java.lang.invoke.AbstractValidatingLambdaMetafactory.checkDescriptor (0x00007cb613943a88) [0x00007cb613943b80, 0x00007cb613948120] Compiler: c1, Barriers: 37, Oops: 3, ImmediateOops: 7, NonImmediateOops: No
[1,557s][debug][gc,nmethod  ] Register NMethod: java.lang.invoke.InnerClassLambdaMetafactory.convertArgumentTypes (0x00007cb613948188) [0x00007cb613948280, 0x00007cb613949548] Compiler: c1, Barriers: 12, Oops: 0, ImmediateOops: 1, NonImmediateOops: No
[1,558s][debug][gc,nmethod  ] Register NMethod: java.lang.invoke.InnerClassLambdaMetafactory$3.accept (0x00007cb613949588) [0x00007cb613949680, 0x00007cb61394bc18] Compiler: c1, Barriers: 18, Oops: 1, ImmediateOops: 5, NonImmediateOops: No
[1,559s][debug][gc,nmethod  ] Register NMethod: java.lang.invoke.AbstractValidatingLambdaMetafactory.<init> (0x00007cb61394bc88) [0x00007cb61394bd80, 0x00007cb613956e98] Compiler: c1, Barriers: 117, Oops: 5, ImmediateOops: 13, NonImmediateOops: No
[1,559s][debug][gc,nmethod  ] Register NMethod: java.lang.invoke.InnerClassLambdaMetafactory$1.accept (0x00007cb613956f08) [0x00007cb613957000, 0x00007cb61395a870] Compiler: c1, Barriers: 41, Oops: 0, ImmediateOops: 0, NonImmediateOops: No
[1,559s][debug][gc,nmethod  ] Register NMethod: jdk.internal.classfile.impl.BufWriterImpl.writeU1U2 (0x00007cb632c83888) [0x00007cb632c83980, 0x00007cb632c83e80] Compiler: jvmci, Barriers: 4, Oops: 0, ImmediateOops: 0, NonImmediateOops: No
[1,559s][debug][gc,nmethod  ] Register NMethod: java.lang.invoke.InnerClassLambdaMetafactory.<init> (0x00007cb61395a888) [0x00007cb61395a980, 0x00007cb613964978] Compiler: c1, Barriers: 79, Oops: 7, ImmediateOops: 32, NonImmediateOops: No
[1,559s][debug][gc,nmethod  ] Register NMethod: java.lang.invoke.InfoFromMemberName.<init> (0x00007cb613964a08) [0x00007cb613964b00, 0x00007cb613964cf8] Compiler: c1, Barriers: 3, Oops: 0, ImmediateOops: 0, NonImmediateOops: No
[1,559s][debug][gc,nmethod  ] Register NMethod: java.lang.invoke.MethodHandles$Lookup.findConstructor (0x00007cb613964d08) [0x00007cb613964e00, 0x00007cb613966328] Compiler: c1, Barriers: 2, Oops: 1, ImmediateOops: 3, NonImmediateOops: No
[1,560s][debug][gc,nmethod  ] Register NMethod: java.lang.invoke.InnerClassLambdaMetafactory.implClassDesc (0x00007cb613966388) [0x00007cb613966480, 0x00007cb613967328] Compiler: c1, Barriers: 2, Oops: 1, ImmediateOops: 2, NonImmediateOops: No
[1,560s][debug][gc,nmethod  ] Register NMethod: java.lang.invoke.InfoFromMemberName.getMethodType (0x00007cb613967388) [0x00007cb613967480, 0x00007cb6139677b0] Compiler: c1, Barriers: 1, Oops: 0, ImmediateOops: 0, NonImmediateOops: No
[1,560s][debug][gc,nmethod  ] Register NMethod: java.lang.invoke.InfoFromMemberName.getName (0x00007cb613967808) [0x00007cb613967900, 0x00007cb613968138] Compiler: c1, Barriers: 6, Oops: 0, ImmediateOops: 0, NonImmediateOops: No
[1,560s][debug][gc,nmethod  ] Register NMethod: java.lang.invoke.InnerClassLambdaMetafactory.sanitizedTargetClassName (0x00007cb613968188) [0x00007cb613968280, 0x00007cb613968c60] Compiler: c1, Barriers: 1, Oops: 0, ImmediateOops: 0, NonImmediateOops: No
[1,560s][debug][gc,director ] Rule Major: Warmup 10%, Used: 106MB, UsedThreshold: 1228MB
[1,560s][debug][gc,nmethod  ] Register NMethod: java.lang.invoke.AbstractValidatingLambdaMetafactory.validateMetafactoryArgs (0x00007cb613968c88) [0x00007cb613968d80, 0x00007cb613976cd0] Compiler: c1, Barriers: 156, Oops: 7, ImmediateOops: 25, NonImmediateOops: No
[1,560s][debug][gc,nmethod  ] Register NMethod: java.lang.invoke.AbstractValidatingLambdaMetafactory.isAdaptableToAsReturn (0x00007cb613976d88) [0x00007cb613976e80, 0x00007cb613977560] Compiler: c1, Barriers: 0, Oops: 1, ImmediateOops: 2, NonImmediateOops: No
[1,560s][debug][gc,nmethod  ] Register NMethod: java.lang.invoke.MethodHandles$Lookup.revealDirect (0x00007cb613977588) [0x00007cb613977680, 0x00007cb61397a3a8] Compiler: c1, Barriers: 2, Oops: 2, ImmediateOops: 4, NonImmediateOops: No
[1,560s][debug][gc,nmethod  ] Register NMethod: java.lang.invoke.InnerClassLambdaMetafactory.lambdaClassName (0x00007cb61397a408) [0x00007cb61397a500, 0x00007cb61397d298] Compiler: c1, Barriers: 6, Oops: 1, ImmediateOops: 8, NonImmediateOops: No
[1,561s][debug][gc,nmethod  ] Register NMethod: jdk.internal.misc.CDS.isUsingArchive (0x00007cb61397d308) [0x00007cb61397d400, 0x00007cb61397d4f8] Compiler: c1, Barriers: 0, Oops: 0, ImmediateOops: 0, NonImmediateOops: No
[1,561s][debug][gc,nmethod  ] Register NMethod: java.lang.invoke.AbstractValidatingLambdaMetafactory.isAdaptableToAsReturnStrict (0x00007cb61397d608) [0x00007cb61397d700, 0x00007cb61397e028] Compiler: c1, Barriers: 0, Oops: 1, ImmediateOops: 2, NonImmediateOops: No
[1,561s][debug][gc,nmethod  ] Register NMethod: java.lang.invoke.InnerClassLambdaMetafactory.spinInnerClass (0x00007cb61397e088) [0x00007cb61397e180, 0x00007cb61397e3f8] Compiler: c1, Barriers: 0, Oops: 0, ImmediateOops: 0, NonImmediateOops: No
[1,561s][debug][gc,nmethod  ] Register NMethod: java.lang.invoke.InnerClassLambdaMetafactory$1.<init> (0x00007cb61397e408) [0x00007cb61397e500, 0x00007cb61397e898] Compiler: c1, Barriers: 6, Oops: 0, ImmediateOops: 0, NonImmediateOops: No
[1,561s][debug][gc,nmethod  ] Register NMethod: java.lang.invoke.InnerClassLambdaMetafactory$1.accept (0x00007cb61397e908) [0x00007cb61397ea00, 0x00007cb61397ed68] Compiler: c1, Barriers: 0, Oops: 0, ImmediateOops: 0, NonImmediateOops: No
[1,561s][debug][gc,nmethod  ] Register NMethod: java.lang.invoke.InnerClassLambdaMetafactory.buildCallSite (0x00007cb61397ed88) [0x00007cb61397ee80, 0x00007cb613980e28] Compiler: c1, Barriers: 16, Oops: 1, ImmediateOops: 6, NonImmediateOops: No
[1,561s][debug][gc,nmethod  ] Register NMethod: java.lang.Character.isHighSurrogate (0x00007cb613980e88) [0x00007cb613980f80, 0x00007cb6139810e0] Compiler: c1, Barriers: 0, Oops: 0, ImmediateOops: 0, NonImmediateOops: No
[1,561s][debug][gc,nmethod  ] Register NMethod: java.lang.classfile.ClassBuilder.withInterfaceSymbols (0x00007cb613981188) [0x00007cb613981280, 0x00007cb613981d88] Compiler: c1, Barriers: 3, Oops: 0, ImmediateOops: 0, NonImmediateOops: No
[1,561s][debug][gc,nmethod  ] Register NMethod: java.lang.invoke.InnerClassLambdaMetafactory$6.accept (0x00007cb613981e08) [0x00007cb613981f00, 0x00007cb613988218] Compiler: c1, Barriers: 44, Oops: 4, ImmediateOops: 10, NonImmediateOops: No
[1,561s][debug][gc,nmethod  ] Register NMethod: java.util.regex.Pattern.lambda$DOT$0 (0x00007cb613988288) [0x00007cb613988380, 0x00007cb613988540] Compiler: c1, Barriers: 0, Oops: 0, ImmediateOops: 0, NonImmediateOops: No
[1,562s][debug][gc,nmethod  ] Register NMethod: java.lang.Character.codePointAt (0x00007cb613988588) [0x00007cb613988680, 0x00007cb613989050] Compiler: c1, Barriers: 0, Oops: 0, ImmediateOops: 0, NonImmediateOops: No
[1,562s][debug][gc,nmethod  ] Register NMethod: java.util.regex.Pattern$$Lambda/0x0000000026110988.is (0x00007cb613989088) [0x00007cb613989180, 0x00007cb6139893b8] Compiler: c1, Barriers: 0, Oops: 0, ImmediateOops: 0, NonImmediateOops: No
[1,562s][debug][gc,nmethod  ] Register NMethod: java.lang.Character.isLowSurrogate (0x00007cb613989408) [0x00007cb613989500, 0x00007cb613989660] Compiler: c1, Barriers: 0, Oops: 0, ImmediateOops: 0, NonImmediateOops: No
[1,562s][debug][gc,nmethod  ] Register NMethod: java.lang.Character.codePointBefore (0x00007cb613989708) [0x00007cb613989800, 0x00007cb613989fc8] Compiler: c1, Barriers: 0, Oops: 0, ImmediateOops: 0, NonImmediateOops: No
[1,562s][debug][gc,nmethod  ] Register NMethod: jdk.internal.access.SharedSecrets.getJavaUtilCollectionAccess (0x00007cb61398a008) [0x00007cb61398a100, 0x00007cb61398a390] Compiler: c1, Barriers: 2, Oops: 1, ImmediateOops: 3, NonImmediateOops: No
[1,562s][debug][gc,nmethod  ] Register NMethod: java.util.regex.Pattern$Slice.match (0x00007cb61398a408) [0x00007cb61398a500, 0x00007cb61398ac40] Compiler: c1, Barriers: 2, Oops: 0, ImmediateOops: 0, NonImmediateOops: No
[1,562s][debug][gc,nmethod  ] Register NMethod: java.util.ImmutableCollections$Access$1.listFromTrustedArray (0x00007cb61398ac88) [0x00007cb61398ad80, 0x00007cb61398aeb0] Compiler: c1, Barriers: 0, Oops: 0, ImmediateOops: 0, NonImmediateOops: No
[1,562s][debug][gc,nmethod  ] Register NMethod: java.util.stream.AbstractPipeline.evaluate (0x00007cb632c83e88) [0x00007cb632c83f80, 0x00007cb632c852c8] Compiler: jvmci, Barriers: 51, Oops: 0, ImmediateOops: 1, NonImmediateOops: No
[1,562s][debug][gc,nmethod  ] Register NMethod: java.lang.invoke.InnerClassLambdaMetafactory$3.accept (0x00007cb61398af88) [0x00007cb61398b080, 0x00007cb61398b3e8] Compiler: c1, Barriers: 0, Oops: 0, ImmediateOops: 0, NonImmediateOops: No
[1,562s][debug][gc,nmethod  ] Register NMethod: java.lang.invoke.InnerClassLambdaMetafactory.generateConstructor (0x00007cb61398b408) [0x00007cb61398b500, 0x00007cb61398ba78] Compiler: c1, Barriers: 4, Oops: 1, ImmediateOops: 1, NonImmediateOops: No
[1,562s][debug][gc,nmethod  ] Register NMethod: java.lang.invoke.InnerClassLambdaMetafactory$3.<init> (0x00007cb61398ba88) [0x00007cb61398bb80, 0x00007cb61398bea8] Compiler: c1, Barriers: 3, Oops: 0, ImmediateOops: 0, NonImmediateOops: No
[1,562s][debug][gc,nmethod  ] Register NMethod: java.lang.invoke.InnerClassLambdaMetafactory.generateInnerClass (0x00007cb61398bf08) [0x00007cb61398c000, 0x00007cb613990108] Compiler: c1, Barriers: 30, Oops: 2, ImmediateOops: 11, NonImmediateOops: No
[1,562s][debug][gc,nmethod  ] Register NMethod: jdk.internal.classfile.impl.DirectCodeBuilder.invokespecial (0x00007cb613990188) [0x00007cb613990280, 0x00007cb613990df0] Compiler: c1, Barriers: 2, Oops: 0, ImmediateOops: 0, NonImmediateOops: No
[1,562s][debug][gc,nmethod  ] Register NMethod: java.lang.invoke.InnerClassLambdaMetafactory.forwardingMethod (0x00007cb613990e08) [0x00007cb613990f00, 0x00007cb613991268] Compiler: c1, Barriers: 6, Oops: 0, ImmediateOops: 0, NonImmediateOops: No
[1,563s][debug][gc,nmethod  ] Register NMethod: java.lang.invoke.InnerClassLambdaMetafactory$6.<init> (0x00007cb613991288) [0x00007cb613991380, 0x00007cb613991710] Compiler: c1, Barriers: 6, Oops: 0, ImmediateOops: 0, NonImmediateOops: No
[1,563s][debug][gc,nmethod  ] Register NMethod: java.lang.invoke.InnerClassLambdaMetafactory$6.accept (0x00007cb613991788) [0x00007cb613991880, 0x00007cb613991be8] Compiler: c1, Barriers: 0, Oops: 0, ImmediateOops: 0, NonImmediateOops: No
[1,563s][debug][gc,nmethod  ] Register NMethod: java.lang.invoke.MethodHandles$Lookup.makeHiddenClassDefiner (0x00007cb613991c08) [0x00007cb613991d00, 0x00007cb613991fa8] Compiler: c1, Barriers: 0, Oops: 0, ImmediateOops: 0, NonImmediateOops: No
[1,563s][debug][gc,nmethod  ] Register NMethod: java.util.regex.Pattern$CharPropertyGreedy.match (0x00007cb613992008) [0x00007cb613992100, 0x00007cb613992e50] Compiler: c1, Barriers: 2, Oops: 0, ImmediateOops: 0, NonImmediateOops: No
[1,563s][debug][gc,nmethod  ] Register NMethod: java.lang.invoke.InnerClassLambdaMetafactory.invocationOpcode (0x00007cb613992e88) [0x00007cb613992f80, 0x00007cb613993e28] Compiler: c1, Barriers: 0, Oops: 1, ImmediateOops: 7, NonImmediateOops: No
[1,563s][debug][gc,nmethod  ] Register NMethod: java.lang.invoke.MethodHandle.isAncestorLoaderOf (0x00007cb613993e88) [0x00007cb613993f80, 0x00007cb613994738] Compiler: c1, Barriers: 1, Oops: 0, ImmediateOops: 4, NonImmediateOops: No
[1,566s][debug][gc,nmethod  ] Register NMethod: java.lang.invoke.MethodHandle.linkToStatic (0x00007cb632c85308) [0x00007cb632c85400, 0x00007cb632c854f0] Compiler: , Barriers: 0, Oops: 0, ImmediateOops: 0, NonImmediateOops: No
[1,568s][debug][gc,nmethod  ] Register NMethod: java.lang.Character.charCount (0x00007cb632c85608) [0x00007cb632c85700, 0x00007cb632c857a0] Compiler: jvmci, Barriers: 0, Oops: 0, ImmediateOops: 0, NonImmediateOops: No
[1,569s][debug][gc,nmethod  ] Register NMethod: java.util.HashSet.add (0x00007cb632c85908) [0x00007cb632c85a20, 0x00007cb632c86c70] Compiler: jvmci, Barriers: 40, Oops: 2, ImmediateOops: 2, NonImmediateOops: No
[1,570s][debug][gc,nmethod  ] Register NMethod: java.lang.Character.codePointAt (0x00007cb632c86c88) [0x00007cb632c86d80, 0x00007cb632c86f28] Compiler: jvmci, Barriers: 1, Oops: 0, ImmediateOops: 0, NonImmediateOops: No
[1,570s][debug][gc,director ] Rule Major: Warmup 10%, Used: 106MB, UsedThreshold: 1228MB
[1,570s][debug][gc,nmethod  ] Register NMethod: jdk.internal.classfile.impl.BufWriterImpl.writeUtfEntry (0x00007cb632c86f88) [0x00007cb632c870a0, 0x00007cb632c87bb0] Compiler: jvmci, Barriers: 5, Oops: 0, ImmediateOops: 0, NonImmediateOops: No
[1,571s][debug][gc,nmethod  ] Register NMethod: jdk.internal.classfile.impl.AbstractPoolEntry$Utf8EntryImpl.writeTo (0x00007cb632c87c08) [0x00007cb632c87d20, 0x00007cb632c88890] Compiler: jvmci, Barriers: 7, Oops: 0, ImmediateOops: 0, NonImmediateOops: No
[1,572s][debug][gc,nmethod  ] Register NMethod: java.util.regex.Pattern$$Lambda/0x0000000026110988.is (0x00007cb632c88908) [0x00007cb632c88a00, 0x00007cb632c88ae8] Compiler: jvmci, Barriers: 0, Oops: 0, ImmediateOops: 0, NonImmediateOops: No
[1,572s][debug][gc,nmethod  ] Register NMethod: java.util.regex.Pattern$Slice.match (0x00007cb632c88c08) [0x00007cb632c88d00, 0x00007cb632c88fc0] Compiler: jvmci, Barriers: 2, Oops: 0, ImmediateOops: 0, NonImmediateOops: No
[1,573s][debug][gc,nmethod  ] Register NMethod: java.util.regex.Pattern$Slice.match (0x00007cb613994788) [0x00007cb613994880, 0x00007cb613994fc0] Compiler: c1, Barriers: 2, Oops: 0, ImmediateOops: 0, NonImmediateOops: No
[1,573s][debug][gc,nmethod  ] Register NMethod: java.lang.Character.codePointBefore (0x00007cb632c89008) [0x00007cb632c89100, 0x00007cb632c892b0] Compiler: jvmci, Barriers: 1, Oops: 0, ImmediateOops: 0, NonImmediateOops: No
[1,573s][debug][gc,nmethod  ] Register NMethod: java.lang.Class.getMethodsRecursive (0x00007cb613995008) [0x00007cb613995100, 0x00007cb613995908] Compiler: c1, Barriers: 3, Oops: 0, ImmediateOops: 0, NonImmediateOops: No
[1,573s][debug][gc,nmethod  ] Register NMethod: java.lang.PublicMethods$MethodList.filter (0x00007cb613995988) [0x00007cb613995a80, 0x00007cb613996a50] Compiler: c1, Barriers: 12, Oops: 1, ImmediateOops: 2, NonImmediateOops: No
[1,577s][debug][gc,nmethod  ] Register NMethod: org.junit.platform.engine.support.descriptor.AbstractTestDescriptor.getParent (0x00007cb613996a88) [0x00007cb613996b80, 0x00007cb613996ee0] Compiler: c1, Barriers: 4, Oops: 1, ImmediateOops: 1, NonImmediateOops: No
[1,578s][debug][gc,nmethod  ] Register NMethod: java.util.HashMap.removeNode (0x00007cb613996f08) [0x00007cb613997000, 0x00007cb6139990a8] Compiler: c1, Barriers: 15, Oops: 0, ImmediateOops: 0, NonImmediateOops: No
[1,578s][debug][gc,nmethod  ] Register NMethod: java.util.regex.Pattern$Slice.match (0x00007cb632c89308) [0x00007cb632c89400, 0x00007cb632c896e0] Compiler: jvmci, Barriers: 2, Oops: 0, ImmediateOops: 0, NonImmediateOops: No
[1,578s][debug][gc,nmethod  ] Register NMethod: org.junit.runners.BlockJUnit4ClassRunner.describeChild (0x00007cb613999108) [0x00007cb613999200, 0x00007cb6139996f8] Compiler: c1, Barriers: 0, Oops: 1, ImmediateOops: 0, NonImmediateOops: No
[1,578s][debug][gc,nmethod  ] Register NMethod: org.junit.runners.BlockJUnit4ClassRunner.describeChild (0x00007cb613999708) [0x00007cb613999800, 0x00007cb61399b190] Compiler: c1, Barriers: 6, Oops: 1, ImmediateOops: 1, NonImmediateOops: No
[1,579s][debug][gc,nmethod  ] Register NMethod: org.junit.platform.engine.support.descriptor.AbstractTestDescriptor.getSource (0x00007cb61399b208) [0x00007cb61399b300, 0x00007cb61399b660] Compiler: c1, Barriers: 4, Oops: 1, ImmediateOops: 1, NonImmediateOops: No
[1,580s][debug][gc,nmethod  ] Register NMethod: org.gradle.api.internal.tasks.testing.filter.TestSelectionMatcher.matchesPattern (0x00007cb61399b688) [0x00007cb61399b780, 0x00007cb61399bb38] Compiler: c1, Barriers: 0, Oops: 1, ImmediateOops: 0, NonImmediateOops: No
[1,580s][debug][gc,nmethod  ] Register NMethod: java.util.regex.Matcher.getTextLength (0x00007cb61399bb88) [0x00007cb61399bc80, 0x00007cb61399bfc0] Compiler: c1, Barriers: 1, Oops: 0, ImmediateOops: 0, NonImmediateOops: No
[1,580s][debug][gc,nmethod  ] Register NMethod: java.util.regex.Matcher.<init> (0x00007cb61399c008) [0x00007cb61399c100, 0x00007cb61399c878] Compiler: c1, Barriers: 15, Oops: 0, ImmediateOops: 0, NonImmediateOops: No
[1,580s][debug][gc,nmethod  ] Register NMethod: java.util.regex.Matcher.matches (0x00007cb61399c888) [0x00007cb61399c980, 0x00007cb61399cc80] Compiler: c1, Barriers: 0, Oops: 0, ImmediateOops: 0, NonImmediateOops: No
[1,580s][debug][gc,nmethod  ] Register NMethod: java.util.regex.Pattern.matcher (0x00007cb61399cc88) [0x00007cb61399cd80, 0x00007cb61399d158] Compiler: c1, Barriers: 0, Oops: 0, ImmediateOops: 0, NonImmediateOops: No
[1,580s][debug][gc,director ] Rule Major: Warmup 10%, Used: 106MB, UsedThreshold: 1228MB
[1,580s][debug][gc,nmethod  ] Register NMethod: java.util.regex.Matcher.reset (0x00007cb61399d188) [0x00007cb61399d280, 0x00007cb61399dd18] Compiler: c1, Barriers: 5, Oops: 0, ImmediateOops: 0, NonImmediateOops: No
[1,580s][debug][gc,nmethod  ] Register NMethod: org.gradle.api.internal.tasks.testing.filter.TestSelectionMatcher$FullQualifiedClassNameSelector.determineTargetClassName (0x00007cb61399dd88) [0x00007cb61399de80, 0x00007cb61399df80] Compiler: c1, Barriers: 0, Oops: 1, ImmediateOops: 0, NonImmediateOops: No
[1,580s][debug][gc,nmethod  ] Register NMethod: java.util.regex.Matcher.match (0x00007cb61399e088) [0x00007cb61399e180, 0x00007cb61399ea60] Compiler: c1, Barriers: 6, Oops: 0, ImmediateOops: 0, NonImmediateOops: No
[1,581s][debug][gc,nmethod  ] Register NMethod: java.util.LinkedHashMap$LinkedHashIterator.hasNext (0x00007cb632c89708) [0x00007cb632c89800, 0x00007cb632c898b8] Compiler: jvmci, Barriers: 1, Oops: 0, ImmediateOops: 0, NonImmediateOops: No
[1,582s][debug][gc,nmethod  ] Register NMethod: java.util.ArrayList$Itr.hasNext (0x00007cb632c89a08) [0x00007cb632c89b00, 0x00007cb632c89be8] Compiler: jvmci, Barriers: 1, Oops: 0, ImmediateOops: 0, NonImmediateOops: No
[1,583s][debug][gc,nmethod  ] Register NMethod: org.junit.platform.engine.support.descriptor.ClassSource.getClassName (0x00007cb632c89d08) [0x00007cb632c89e00, 0x00007cb632c89ee8] Compiler: c1, Barriers: 1, Oops: 1, ImmediateOops: 0, NonImmediateOops: No
[1,584s][debug][gc,nmethod  ] Register NMethod: java.util.Optional.filter (0x00007cb61399ea88) [0x00007cb61399eb80, 0x00007cb61399f370] Compiler: c1, Barriers: 1, Oops: 0, ImmediateOops: 1, NonImmediateOops: No
[1,584s][debug][gc,nmethod  ] Register NMethod: java.util.HashMap.remove (0x00007cb61399f388) [0x00007cb61399f480, 0x00007cb61399fb00] Compiler: c1, Barriers: 1, Oops: 0, ImmediateOops: 0, NonImmediateOops: No
[1,584s][debug][gc,nmethod  ] Register NMethod: org.junit.platform.engine.support.descriptor.MethodSource.getMethodName (0x00007cb632c8a008) [0x00007cb632c8a100, 0x00007cb632c8a1e8] Compiler: c1, Barriers: 1, Oops: 1, ImmediateOops: 0, NonImmediateOops: No
[1,585s][debug][gc,nmethod  ] Register NMethod: java.util.concurrent.locks.AbstractQueuedSynchronizer.compareAndSetState (0x00007cb61399fb08) [0x00007cb61399fc00, 0x00007cb61399fd18] Compiler: c1, Barriers: 0, Oops: 0, ImmediateOops: 0, NonImmediateOops: No
[1,585s][debug][gc,nmethod  ] Register NMethod: org.gradle.api.internal.tasks.testing.filter.TestSelectionMatcher$TestPattern.access$300 (0x00007cb61399fe08) [0x00007cb61399ff00, 0x00007cb6139a0020] Compiler: c1, Barriers: 0, Oops: 1, ImmediateOops: 0, NonImmediateOops: No
[1,585s][debug][gc,nmethod  ] Register NMethod: java.util.regex.Pattern$Slice.match (0x00007cb6139a0108) [0x00007cb6139a0200, 0x00007cb6139a0940] Compiler: c1, Barriers: 2, Oops: 0, ImmediateOops: 0, NonImmediateOops: No
[1,585s][debug][gc,nmethod  ] Register NMethod: org.gradle.api.internal.tasks.testing.filter.TestSelectionMatcher.matchesTest (0x00007cb6139a0988) [0x00007cb6139a0a80, 0x00007cb6139a12b8] Compiler: c1, Barriers: 2, Oops: 1, ImmediateOops: 0, NonImmediateOops: No
[1,585s][debug][gc,nmethod  ] Register NMethod: java.util.Optional.isPresent (0x00007cb632c8a308) [0x00007cb632c8a400, 0x00007cb632c8a4b8] Compiler: jvmci, Barriers: 1, Oops: 0, ImmediateOops: 0, NonImmediateOops: No
[1,586s][debug][gc,nmethod  ] Register NMethod: org.gradle.api.internal.tasks.testing.filter.TestSelectionMatcher.matchesClassAndMethod (0x00007cb6139a1308) [0x00007cb6139a1400, 0x00007cb6139a2730] Compiler: c1, Barriers: 2, Oops: 1, ImmediateOops: 0, NonImmediateOops: No
[1,586s][debug][gc,nmethod  ] Register NMethod: org.gradle.api.internal.tasks.testing.filter.TestSelectionMatcher$TestPattern.matchesClassAndMethod (0x00007cb6139a2788) [0x00007cb6139a2880, 0x00007cb6139a3e80] Compiler: c1, Barriers: 2, Oops: 2, ImmediateOops: 2, NonImmediateOops: No
[1,587s][debug][gc,nmethod  ] Register NMethod: org.gradle.api.internal.tasks.testing.junitplatform.JUnitPlatformTestClassProcessor$ClassMethodNameFilter$$Lambda/0x0000000026166c28.<init> (0x00007cb6139a3f08) [0x00007cb6139a4000, 0x00007cb6139a41d0] Compiler: c1, Barriers: 3, Oops: 1, ImmediateOops: 0, NonImmediateOops: No
[1,587s][debug][gc,nmethod  ] Register NMethod: org.gradle.api.internal.tasks.testing.junitplatform.JUnitPlatformTestClassProcessor$ClassMethodNameFilter$$Lambda/0x0000000026166c28.test (0x00007cb6139a4208) [0x00007cb6139a4300, 0x00007cb6139a4840] Compiler: c1, Barriers: 1, Oops: 2, ImmediateOops: 0, NonImmediateOops: No
[1,587s][debug][gc,nmethod  ] Register NMethod: org.gradle.api.internal.tasks.testing.junitplatform.JUnitPlatformTestClassProcessor$ClassMethodNameFilter$$Lambda/0x0000000026166e88.<init> (0x00007cb6139a4888) [0x00007cb6139a4980, 0x00007cb6139a4b50] Compiler: c1, Barriers: 3, Oops: 1, ImmediateOops: 0, NonImmediateOops: No
[1,587s][debug][gc,nmethod  ] Register NMethod: org.gradle.api.internal.tasks.testing.junitplatform.JUnitPlatformTestClassProcessor$ClassMethodNameFilter.className (0x00007cb6139a4b88) [0x00007cb6139a4c80, 0x00007cb6139a7d38] Compiler: c1, Barriers: 20, Oops: 7, ImmediateOops: 15, NonImmediateOops: No
[1,589s][debug][gc,nmethod  ] Register NMethod: java.util.regex.Pattern$Slice.match (0x00007cb632c8a608) [0x00007cb632c8a700, 0x00007cb632c8aa50] Compiler: jvmci, Barriers: 3, Oops: 0, ImmediateOops: 0, NonImmediateOops: No
[1,589s][debug][gc,nmethod  ] Register NMethod: org.junit.platform.engine.support.descriptor.MethodSource.getClassName (0x00007cb632c8aa88) [0x00007cb632c8ab80, 0x00007cb632c8ac68] Compiler: c1, Barriers: 1, Oops: 1, ImmediateOops: 0, NonImmediateOops: No
[1,590s][debug][gc,nmethod  ] Register NMethod: java.lang.Class.cast (0x00007cb632c8ad88) [0x00007cb632c8ae80, 0x00007cb632c8b070] Compiler: jvmci, Barriers: 0, Oops: 0, ImmediateOops: 0, NonImmediateOops: No
[1,590s][debug][gc,director ] Rule Major: Warmup 10%, Used: 106MB, UsedThreshold: 1228MB
[1,590s][debug][gc,nmethod  ] Register NMethod: java.lang.invoke.DirectMethodHandle$Holder.newInvokeSpecial (0x00007cb632c8b088) [0x00007cb632c8b180, 0x00007cb632c8b540] Compiler: jvmci, Barriers: 3, Oops: 0, ImmediateOops: 1, NonImmediateOops: No
[1,592s][debug][gc,nmethod  ] Register NMethod: java.lang.String.<init> (0x00007cb632c8b588) [0x00007cb632c8b680, 0x00007cb632c8bab8] Compiler: jvmci, Barriers: 4, Oops: 0, ImmediateOops: 0, NonImmediateOops: No
[1,593s][debug][gc,nmethod  ] Register NMethod: org.gradle.api.internal.tasks.testing.junitplatform.JUnitPlatformTestClassProcessor$ClassMethodNameFilter$$Lambda/0x0000000026166e88.apply (0x00007cb6139a7d88) [0x00007cb6139a7e80, 0x00007cb6139a8750] Compiler: c1, Barriers: 1, Oops: 2, ImmediateOops: 0, NonImmediateOops: No
[1,594s][debug][gc,nmethod  ] Register NMethod: org.junit.platform.engine.TestDescriptor.isRoot (0x00007cb6139a8788) [0x00007cb6139a8880, 0x00007cb6139a9110] Compiler: c1, Barriers: 5, Oops: 1, ImmediateOops: 1, NonImmediateOops: No
[1,600s][debug][gc,director ] Rule Major: Warmup 10%, Used: 106MB, UsedThreshold: 1228MB
[1,600s][debug][gc,nmethod  ] Register NMethod: org.gradle.api.internal.tasks.testing.junitplatform.JUnitPlatformTestClassProcessor$ClassMethodNameFilter.shouldRun (0x00007cb6139a9188) [0x00007cb6139a9280, 0x00007cb6139a93c0] Compiler: c1, Barriers: 0, Oops: 1, ImmediateOops: 0, NonImmediateOops: No
[1,601s][debug][gc,nmethod  ] Register NMethod: jdk.internal.loader.URLClassPath.getResource (0x00007cb632c8bb08) [0x00007cb632c8bc00, 0x00007cb632c8e808] Compiler: jvmci, Barriers: 37, Oops: 2, ImmediateOops: 8, NonImmediateOops: No
[1,601s][debug][gc,nmethod  ] Register NMethod: org.junit.platform.engine.FilterResult.included (0x00007cb632c8e888) [0x00007cb632c8e980, 0x00007cb632c8ea40] Compiler: c1, Barriers: 0, Oops: 1, ImmediateOops: 0, NonImmediateOops: No
[1,601s][debug][gc,nmethod  ] Register NMethod: org.gradle.api.internal.tasks.testing.junitplatform.JUnitPlatformTestClassProcessor$ClassMethodNameFilter.shouldRun (0x00007cb6139a9488) [0x00007cb6139a9580, 0x00007cb6139ad348] Compiler: c1, Barriers: 27, Oops: 4, ImmediateOops: 8, NonImmediateOops: No
[1,602s][debug][gc,nmethod  ] Register NMethod: org.gradle.api.internal.tasks.testing.junitplatform.JUnitPlatformTestClassProcessor$ClassMethodNameFilter$$Lambda/0x0000000026167570.test (0x00007cb6139ad388) [0x00007cb6139ad480, 0x00007cb6139ad8e8] Compiler: c1, Barriers: 3, Oops: 1, ImmediateOops: 0, NonImmediateOops: No
[1,603s][debug][gc,nmethod  ] Register NMethod: org.gradle.api.internal.tasks.testing.junitplatform.JUnitPlatformTestClassProcessor$ClassMethodNameFilter$$Lambda/0x0000000026167320.apply (0x00007cb6139ad908) [0x00007cb6139ada00, 0x00007cb6139add90] Compiler: c1, Barriers: 1, Oops: 2, ImmediateOops: 0, NonImmediateOops: No
[1,603s][debug][gc,nmethod  ] Register NMethod: org.gradle.api.internal.tasks.testing.junitplatform.JUnitPlatformTestClassProcessor$ClassMethodNameFilter.lambda$matchesParentMethod$2 (0x00007cb6139ade08) [0x00007cb6139adf00, 0x00007cb6139ae090] Compiler: c1, Barriers: 1, Oops: 1, ImmediateOops: 0, NonImmediateOops: No
[1,603s][debug][gc,nmethod  ] Register NMethod: java.util.Collections$UnmodifiableCollection.isEmpty (0x00007cb6139ae108) [0x00007cb6139ae200, 0x00007cb6139ae548] Compiler: c1, Barriers: 1, Oops: 0, ImmediateOops: 0, NonImmediateOops: No
[1,603s][debug][gc,nmethod  ] Register NMethod: org.gradle.api.internal.tasks.testing.junitplatform.JUnitPlatformTestClassProcessor$ClassMethodNameFilter.lambda$apply$1 (0x00007cb632c8eb88) [0x00007cb632c8ec80, 0x00007cb632c8ed28] Compiler: c1, Barriers: 0, Oops: 1, ImmediateOops: 1, NonImmediateOops: No
[1,603s][debug][gc,nmethod  ] Register NMethod: org.junit.platform.engine.FilterResult.getReason (0x00007cb632c8ee88) [0x00007cb632c8ef80, 0x00007cb632c8f068] Compiler: c1, Barriers: 1, Oops: 1, ImmediateOops: 0, NonImmediateOops: No
[1,606s][debug][gc,nmethod  ] Register NMethod: java.util.ArrayList$Itr.next (0x00007cb632c8f188) [0x00007cb632c8f280, 0x00007cb632c8f460] Compiler: jvmci, Barriers: 3, Oops: 0, ImmediateOops: 0, NonImmediateOops: No
[1,610s][debug][gc,director ] Rule Major: Warmup 10%, Used: 106MB, UsedThreshold: 1228MB
[1,611s][debug][gc,nmethod  ] Register NMethod: java.util.stream.ReduceOps$3ReducingSink.accept (0x00007cb6139ae588) [0x00007cb6139ae680, 0x00007cb6139ae9f8] Compiler: c1, Barriers: 2, Oops: 0, ImmediateOops: 0, NonImmediateOops: No
[1,611s][debug][gc,nmethod  ] Register NMethod: java.lang.invoke.MethodHandle.linkToInterface (0x00007cb632c8f488) [0x00007cb632c8f580, 0x00007cb632c8f6b0] Compiler: , Barriers: 0, Oops: 0, ImmediateOops: 0, NonImmediateOops: No
[1,611s][debug][gc,nmethod  ] Register NMethod: java.util.stream.Collectors$$Lambda/0x00000000260e07a8.accept (0x00007cb6139aea08) [0x00007cb6139aeb00, 0x00007cb6139af228] Compiler: c1, Barriers: 0, Oops: 0, ImmediateOops: 0, NonImmediateOops: No
[1,611s][debug][gc,nmethod  ] Register NMethod: org.junit.platform.engine.support.descriptor.AbstractTestDescriptor.getDisplayName (0x00007cb632c8f788) [0x00007cb632c8f880, 0x00007cb632c8f968] Compiler: c1, Barriers: 1, Oops: 1, ImmediateOops: 0, NonImmediateOops: No
[1,611s][debug][gc,nmethod  ] Register NMethod: java.util.stream.ReferencePipeline$3$1.accept (0x00007cb6139af288) [0x00007cb6139af380, 0x00007cb6139af908] Compiler: c1, Barriers: 2, Oops: 0, ImmediateOops: 0, NonImmediateOops: No
[1,612s][debug][gc,nmethod  ] Register NMethod: java.util.StringJoiner.add (0x00007cb6139af988) [0x00007cb6139afa80, 0x00007cb6139b1238] Compiler: c1, Barriers: 15, Oops: 0, ImmediateOops: 1, NonImmediateOops: No
[1,612s][debug][gc,nmethod  ] Register NMethod: org.junit.platform.engine.TestDescriptor$Type.isContainer (0x00007cb6139b1288) [0x00007cb6139b1380, 0x00007cb6139b1510] Compiler: c1, Barriers: 0, Oops: 1, ImmediateOops: 2, NonImmediateOops: No
[1,612s][debug][gc,nmethod  ] Register NMethod: org.junit.platform.engine.TestDescriptor.isContainer (0x00007cb6139b1588) [0x00007cb6139b1680, 0x00007cb6139b1c30] Compiler: c1, Barriers: 0, Oops: 1, ImmediateOops: 2, NonImmediateOops: No
[1,613s][debug][gc,nmethod  ] Register NMethod: org.junit.jupiter.engine.descriptor.TestMethodTestDescriptor.getType (0x00007cb6139b1c88) [0x00007cb6139b1d80, 0x00007cb6139b1e88] Compiler: c1, Barriers: 0, Oops: 1, ImmediateOops: 1, NonImmediateOops: No
[1,613s][debug][gc,nmethod  ] Register NMethod: java.lang.invoke.MethodHandle.linkToStatic (0x00007cb632c8fa88) [0x00007cb632c8fb80, 0x00007cb632c8fc70] Compiler: , Barriers: 0, Oops: 0, ImmediateOops: 0, NonImmediateOops: No
[1,613s][debug][gc,nmethod  ] Register NMethod: org.junit.platform.engine.TestDescriptor.isTest (0x00007cb6139b1f88) [0x00007cb6139b2080, 0x00007cb6139b2630] Compiler: c1, Barriers: 0, Oops: 1, ImmediateOops: 2, NonImmediateOops: No
[1,613s][debug][gc,nmethod  ] Register NMethod: java.util.concurrent.ConcurrentLinkedQueue.isEmpty (0x00007cb6139b2688) [0x00007cb6139b2780, 0x00007cb6139b2918] Compiler: c1, Barriers: 0, Oops: 0, ImmediateOops: 0, NonImmediateOops: No
[1,613s][debug][gc,nmethod  ] Register NMethod: org.junit.platform.engine.TestDescriptor$Type.isTest (0x00007cb6139b2988) [0x00007cb6139b2a80, 0x00007cb6139b2c10] Compiler: c1, Barriers: 0, Oops: 1, ImmediateOops: 2, NonImmediateOops: No
[1,613s][debug][gc,nmethod  ] Register NMethod: org.junit.runner.Description.isTest (0x00007cb6139b2c88) [0x00007cb6139b2d80, 0x00007cb6139b30c8] Compiler: c1, Barriers: 1, Oops: 1, ImmediateOops: 0, NonImmediateOops: No
[1,613s][debug][gc,nmethod  ] Register NMethod: java.lang.invoke.MethodHandle.linkToSpecial (0x00007cb632c8fd88) [0x00007cb632c8fe80, 0x00007cb632c8ff78] Compiler: , Barriers: 0, Oops: 0, ImmediateOops: 0, NonImmediateOops: No
[1,613s][debug][gc,nmethod  ] Register NMethod: java.util.concurrent.ConcurrentLinkedQueue.updateHead (0x00007cb6139b3108) [0x00007cb6139b3200, 0x00007cb6139b5df8] Compiler: c1, Barriers: 5, Oops: 8, ImmediateOops: 20, NonImmediateOops: No
[1,613s][debug][gc,nmethod  ] Register NMethod: java.lang.invoke.MethodHandle.invokeBasic (0x00007cb632c90088) [0x00007cb632c90180, 0x00007cb632c90418] Compiler: , Barriers: 0, Oops: 0, ImmediateOops: 0, NonImmediateOops: No
[1,613s][debug][gc,nmethod  ] Register NMethod: java.util.concurrent.ConcurrentLinkedQueue.first (0x00007cb6139b5e88) [0x00007cb6139b5f80, 0x00007cb6139b9080] Compiler: c1, Barriers: 8, Oops: 8, ImmediateOops: 20, NonImmediateOops: No
[1,613s][debug][gc,nmethod  ] Register NMethod: java.lang.invoke.MethodHandle.linkToSpecial (0x00007cb632c90488) [0x00007cb632c90580, 0x00007cb632c90678] Compiler: , Barriers: 0, Oops: 0, ImmediateOops: 0, NonImmediateOops: No
[1,614s][debug][gc,nmethod  ] Register NMethod: java.lang.invoke.MethodHandleStatics.dumper (0x00007cb6139b9108) [0x00007cb6139b9200, 0x00007cb6139b92e8] Compiler: c1, Barriers: 0, Oops: 0, ImmediateOops: 1, NonImmediateOops: No
[1,615s][debug][gc,nmethod  ] Register NMethod: jdk.internal.classfile.impl.AbstractPoolEntry$Utf8EntryImpl.<init> (0x00007cb6139b9408) [0x00007cb6139b9500, 0x00007cb6139b9ab8] Compiler: c1, Barriers: 23, Oops: 0, ImmediateOops: 0, NonImmediateOops: No
[1,615s][debug][gc,nmethod  ] Register NMethod: jdk.internal.classfile.impl.SplitConstantPool.tryFindUtf8 (0x00007cb6139b9b08) [0x00007cb6139b9c00, 0x00007cb6139bb028] Compiler: c1, Barriers: 1, Oops: 0, ImmediateOops: 0, NonImmediateOops: No
[1,615s][debug][gc,nmethod  ] Register NMethod: java.lang.Module.canRead (0x00007cb6139bb088) [0x00007cb6139bb180, 0x00007cb6139be0d0] Compiler: c1, Barriers: 16, Oops: 3, ImmediateOops: 10, NonImmediateOops: No
[1,615s][debug][gc,nmethod  ] Register NMethod: java.util.Collections$UnmodifiableCollection.stream (0x00007cb6139be108) [0x00007cb6139be200, 0x00007cb6139be540] Compiler: c1, Barriers: 1, Oops: 0, ImmediateOops: 0, NonImmediateOops: No
[1,615s][debug][gc,nmethod  ] Register NMethod: java.util.stream.Sink.begin (0x00007cb632c90788) [0x00007cb632c90880, 0x00007cb632c90900] Compiler: jvmci, Barriers: 0, Oops: 0, ImmediateOops: 0, NonImmediateOops: No
[1,617s][debug][gc,nmethod  ] Register NMethod: java.io.ObjectStreamField.getField (0x00007cb632c90a88) [0x00007cb632c90b80, 0x00007cb632c90c68] Compiler: c1, Barriers: 1, Oops: 0, ImmediateOops: 0, NonImmediateOops: No
[1,617s][debug][gc,nmethod  ] Register NMethod: java.lang.reflect.Field.getType (0x00007cb632c90d88) [0x00007cb632c90e80, 0x00007cb632c90f68] Compiler: c1, Barriers: 1, Oops: 0, ImmediateOops: 0, NonImmediateOops: No
[1,617s][debug][gc,nmethod  ] Register NMethod: java.io.ObjectStreamField.getTypeCode (0x00007cb6139be588) [0x00007cb6139be680, 0x00007cb6139bf010] Compiler: c1, Barriers: 2, Oops: 1, ImmediateOops: 2, NonImmediateOops: No
[1,618s][debug][gc,nmethod  ] Register NMethod: java.lang.ref.SoftReference.get (0x00007cb632c91088) [0x00007cb632c91180, 0x00007cb632c912a0] Compiler: jvmci, Barriers: 2, Oops: 0, ImmediateOops: 1, NonImmediateOops: No
[1,619s][debug][gc,nmethod  ] Register NMethod: jdk.internal.classfile.impl.AbstractPoolEntry$Utf8EntryImpl.mayBeArrayDescriptor (0x00007cb6139bf088) [0x00007cb6139bf180, 0x00007cb6139bf660] Compiler: c1, Barriers: 2, Oops: 0, ImmediateOops: 1, NonImmediateOops: No
[1,619s][debug][gc,nmethod  ] Register NMethod: java.lang.invoke.MethodHandle.linkToStatic (0x00007cb632c91388) [0x00007cb632c91480, 0x00007cb632c91570] Compiler: , Barriers: 0, Oops: 0, ImmediateOops: 0, NonImmediateOops: No
[1,619s][debug][gc,nmethod  ] Register NMethod: jdk.internal.classfile.impl.Util.descriptorStringHash (0x00007cb6139bf688) [0x00007cb6139bf780, 0x00007cb6139c1d68] Compiler: c1, Barriers: 4, Oops: 1, ImmediateOops: 9, NonImmediateOops: No
[1,620s][debug][gc,nmethod  ] Register NMethod: jdk.internal.classfile.impl.AbstractPoolEntry$Utf8EntryImpl.<init> (0x00007cb632c91688) [0x00007cb632c91780, 0x00007cb632c91a60] Compiler: jvmci, Barriers: 12, Oops: 0, ImmediateOops: 1, NonImmediateOops: No
[1,620s][debug][gc,nmethod  ] Register NMethod: java.lang.invoke.MethodHandle.linkToInterface (0x00007cb632c91a88) [0x00007cb632c91b80, 0x00007cb632c91cb0] Compiler: , Barriers: 0, Oops: 0, ImmediateOops: 0, NonImmediateOops: No
[1,621s][debug][gc,director ] Rule Major: Warmup 10%, Used: 108MB, UsedThreshold: 1228MB
[1,624s][debug][gc,nmethod  ] Register NMethod: jdk.internal.classfile.impl.BufWriterImpl.patchInt (0x00007cb632c91d88) [0x00007cb632c91e80, 0x00007cb632c91fe8] Compiler: jvmci, Barriers: 1, Oops: 0, ImmediateOops: 0, NonImmediateOops: No
[1,625s][debug][gc,nmethod  ] Register NMethod: jdk.internal.classfile.impl.DirectClassBuilder.build (0x00007cb6139c1d88) [0x00007cb6139c1e80, 0x00007cb6139ca120] Compiler: c1, Barriers: 26, Oops: 2, ImmediateOops: 6, NonImmediateOops: No
[1,628s][debug][gc,nmethod  ] Register NMethod: jdk.internal.classfile.impl.AbstractPoolEntry$ClassEntryImpl.clone (0x00007cb6139ca188) [0x00007cb6139ca280, 0x00007cb6139ca780] Compiler: c1, Barriers: 0, Oops: 0, ImmediateOops: 0, NonImmediateOops: No
[1,628s][debug][gc,nmethod  ] Register NMethod: jdk.internal.classfile.impl.AbstractPoolEntry$ClassEntryImpl.clone (0x00007cb6139ca788) [0x00007cb6139ca880, 0x00007cb6139cafa0] Compiler: c1, Barriers: 0, Oops: 0, ImmediateOops: 0, NonImmediateOops: No
[1,628s][debug][gc,nmethod  ] Register NMethod: jdk.internal.classfile.impl.SplitConstantPool.cloneClassEntry (0x00007cb6139cb008) [0x00007cb6139cb100, 0x00007cb6139cc228] Compiler: c1, Barriers: 8, Oops: 0, ImmediateOops: 0, NonImmediateOops: No
[1,630s][debug][gc,nmethod  ] Register NMethod: java.util.LinkedHashSet.<init> (0x00007cb6139cc288) [0x00007cb6139cc3a0, 0x00007cb6139cc4e8] Compiler: c1, Barriers: 0, Oops: 0, ImmediateOops: 0, NonImmediateOops: No
[1,631s][debug][gc,nmethod  ] Register NMethod: jdk.internal.classfile.impl.BufWriterImpl.writeU2 (0x00007cb632c92088) [0x00007cb632c92180, 0x00007cb632c92600] Compiler: jvmci, Barriers: 4, Oops: 0, ImmediateOops: 0, NonImmediateOops: No
[1,631s][debug][gc,director ] Rule Major: Warmup 10%, Used: 108MB, UsedThreshold: 1228MB
[1,633s][debug][gc,nmethod  ] Register NMethod: java.util.stream.AbstractPipeline.evaluate (0x00007cb632c92608) [0x00007cb632c92700, 0x00007cb632c937b8] Compiler: jvmci, Barriers: 51, Oops: 0, ImmediateOops: 1, NonImmediateOops: No
[1,634s][debug][gc,nmethod  ] Register NMethod: java.lang.reflect.Constructor.getDeclaringClass (0x00007cb632c93808) [0x00007cb632c93900, 0x00007cb632c939e8] Compiler: c1, Barriers: 1, Oops: 0, ImmediateOops: 0, NonImmediateOops: No
[1,634s][debug][gc,nmethod  ] Register NMethod: sun.reflect.annotation.AnnotationParser.parseAnnotations2 (0x00007cb6139cc588) [0x00007cb6139cc680, 0x00007cb6139ce900] Compiler: c1, Barriers: 1, Oops: 2, ImmediateOops: 6, NonImmediateOops: No
[1,634s][debug][gc,nmethod  ] Register NMethod: java.util.ImmutableCollections$AbstractImmutableList.equals (0x00007cb6139ce988) [0x00007cb6139cea80, 0x00007cb6139d0120] Compiler: c1, Barriers: 0, Oops: 0, ImmediateOops: 0, NonImmediateOops: No
[1,635s][debug][gc,nmethod  ] Register NMethod: org.junit.vintage.engine.descriptor.VintageTestDescriptor.getDescription (0x00007cb632c93b08) [0x00007cb632c93c00, 0x00007cb632c93ce8] Compiler: c1, Barriers: 1, Oops: 1, ImmediateOops: 0, NonImmediateOops: No
[1,635s][debug][gc,nmethod  ] Register NMethod: java.util.regex.Pattern.lambda$ALL$0 (0x00007cb632c93e08) [0x00007cb632c93f00, 0x00007cb632c93fa0] Compiler: c1, Barriers: 0, Oops: 0, ImmediateOops: 0, NonImmediateOops: No
[1,636s][debug][gc,nmethod  ] Register NMethod: java.lang.invoke.MethodHandleImpl.countNonNull (0x00007cb6139d0188) [0x00007cb6139d0280, 0x00007cb6139d04c8] Compiler: c1, Barriers: 1, Oops: 0, ImmediateOops: 0, NonImmediateOops: No
[1,637s][debug][gc,nmethod  ] Register NMethod: java.lang.invoke.MethodHandleImpl.computeValueConversions (0x00007cb6139d0508) [0x00007cb6139d0600, 0x00007cb6139d18e0] Compiler: c1, Barriers: 10, Oops: 0, ImmediateOops: 0, NonImmediateOops: No
[1,637s][debug][gc,nmethod  ] Register NMethod: java.lang.invoke.MethodHandle.setAsTypeCache (0x00007cb6139d1908) [0x00007cb6139d1a00, 0x00007cb6139d22d8] Compiler: c1, Barriers: 14, Oops: 0, ImmediateOops: 2, NonImmediateOops: No
[1,637s][debug][gc,nmethod  ] Register NMethod: java.lang.invoke.MethodHandle.keepsAlive (0x00007cb6139d2308) [0x00007cb6139d2400, 0x00007cb6139d33c8] Compiler: c1, Barriers: 5, Oops: 0, ImmediateOops: 4, NonImmediateOops: No
[1,637s][debug][gc,nmethod  ] Register NMethod: java.lang.invoke.MethodHandle.getApproximateCommonClassLoader (0x00007cb6139d3408) [0x00007cb6139d3500, 0x00007cb6139d4650] Compiler: c1, Barriers: 6, Oops: 0, ImmediateOops: 4, NonImmediateOops: No
[1,637s][debug][gc,nmethod  ] Register NMethod: java.lang.invoke.MethodHandle.invokeBasic (0x00007cb632c94108) [0x00007cb632c94200, 0x00007cb632c94498] Compiler: , Barriers: 0, Oops: 0, ImmediateOops: 0, NonImmediateOops: No
[1,637s][debug][gc,nmethod  ] Register NMethod: java.lang.invoke.MethodHandle.asTypeUncached (0x00007cb6139d4688) [0x00007cb6139d4780, 0x00007cb6139d63b0] Compiler: c1, Barriers: 1, Oops: 2, ImmediateOops: 4, NonImmediateOops: No
[1,637s][debug][gc,nmethod  ] Register NMethod: java.lang.invoke.MethodHandleImpl.makePairwiseConvert (0x00007cb6139d6408) [0x00007cb6139d6500, 0x00007cb6139d6870] Compiler: c1, Barriers: 1, Oops: 0, ImmediateOops: 0, NonImmediateOops: No
[1,637s][debug][gc,nmethod  ] Register NMethod: java.lang.invoke.MethodHandleImpl.makePairwiseConvert (0x00007cb6139d6888) [0x00007cb6139d6980, 0x00007cb6139d6a98] Compiler: c1, Barriers: 0, Oops: 0, ImmediateOops: 0, NonImmediateOops: No
[1,637s][debug][gc,nmethod  ] Register NMethod: java.lang.invoke.MethodHandle.isSafeToCache (0x00007cb6139d6b88) [0x00007cb6139d6c80, 0x00007cb6139d6e28] Compiler: c1, Barriers: 1, Oops: 0, ImmediateOops: 0, NonImmediateOops: No
[1,637s][debug][gc,nmethod  ] Register NMethod: java.lang.invoke.LambdaFormBuffer.ownedCount (0x00007cb6139d6e88) [0x00007cb6139d6f80, 0x00007cb6139d7088] Compiler: c1, Barriers: 0, Oops: 0, ImmediateOops: 0, NonImmediateOops: No
[1,637s][debug][gc,nmethod  ] Register NMethod: java.lang.invoke.LambdaForm$NamedFunction.intrinsicName (0x00007cb6139d7188) [0x00007cb6139d7280, 0x00007cb6139d7628] Compiler: c1, Barriers: 1, Oops: 0, ImmediateOops: 1, NonImmediateOops: No
[1,637s][debug][gc,nmethod  ] Register NMethod: java.lang.invoke.InvokerBytecodeGenerator.emitStoreResult (0x00007cb6139d7688) [0x00007cb6139d7780, 0x00007cb6139d7e38] Compiler: c1, Barriers: 3, Oops: 0, ImmediateOops: 1, NonImmediateOops: No
[1,638s][debug][gc,nmethod  ] Register NMethod: java.lang.invoke.MethodType.isConvertibleTo (0x00007cb6139d7e88) [0x00007cb6139d7f80, 0x00007cb6139d94e0] Compiler: c1, Barriers: 12, Oops: 0, ImmediateOops: 0, NonImmediateOops: No
[1,638s][debug][gc,nmethod  ] Register NMethod: java.lang.invoke.InvokerBytecodeGenerator.emitPushArguments (0x00007cb6139d9508) [0x00007cb6139d9600, 0x00007cb6139da220] Compiler: c1, Barriers: 12, Oops: 0, ImmediateOops: 0, NonImmediateOops: No
[1,639s][debug][gc,nmethod  ] Register NMethod: java.lang.invoke.LambdaForm$NamedFunction.member (0x00007cb6139da288) [0x00007cb6139da380, 0x00007cb6139da4c0] Compiler: c1, Barriers: 1, Oops: 0, ImmediateOops: 0, NonImmediateOops: No
[1,639s][debug][gc,nmethod  ] Register NMethod: java.lang.invoke.MemberName.isPrivate (0x00007cb6139da588) [0x00007cb6139da680, 0x00007cb6139da830] Compiler: c1, Barriers: 0, Oops: 0, ImmediateOops: 0, NonImmediateOops: No
[1,639s][debug][gc,nmethod  ] Register NMethod: java.lang.invoke.InvokerBytecodeGenerator.refKindOpcode (0x00007cb6139da888) [0x00007cb6139da980, 0x00007cb6139db8a0] Compiler: c1, Barriers: 0, Oops: 1, ImmediateOops: 10, NonImmediateOops: No
[1,639s][debug][gc,nmethod  ] Register NMethod: java.lang.invoke.MethodHandleImpl.makePairwiseConvertByEditor (0x00007cb6139db908) [0x00007cb6139dba00, 0x00007cb6139e6b78] Compiler: c1, Barriers: 43, Oops: 3, ImmediateOops: 15, NonImmediateOops: No
[1,639s][debug][gc,nmethod  ] Register NMethod: java.lang.invoke.InvokerBytecodeGenerator.isStaticallyInvocable (0x00007cb6139e6c08) [0x00007cb6139e6d00, 0x00007cb6139e9bf8] Compiler: c1, Barriers: 4, Oops: 0, ImmediateOops: 3, NonImmediateOops: No
[1,639s][debug][gc,nmethod  ] Register NMethod: jdk.internal.classfile.impl.DirectCodeBuilder.astore (0x00007cb6139e9c08) [0x00007cb6139e9d00, 0x00007cb6139ea0f0] Compiler: c1, Barriers: 1, Oops: 0, ImmediateOops: 0, NonImmediateOops: No
[1,640s][debug][gc,nmethod  ] Register NMethod: java.lang.invoke.InvokerBytecodeGenerator.emitStaticInvoke (0x00007cb6139ea108) [0x00007cb6139ea200, 0x00007cb6139ec8e8] Compiler: c1, Barriers: 9, Oops: 0, ImmediateOops: 2, NonImmediateOops: No
[1,640s][debug][gc,nmethod  ] Register NMethod: java.lang.invoke.MemberName.getFieldType (0x00007cb6139ec908) [0x00007cb6139eca00, 0x00007cb6139ef298] Compiler: c1, Barriers: 12, Oops: 2, ImmediateOops: 3, NonImmediateOops: No
[1,640s][debug][gc,nmethod  ] Register NMethod: java.util.concurrent.locks.AbstractQueuedSynchronizer.release (0x00007cb6139ef308) [0x00007cb6139ef400, 0x00007cb6139f0238] Compiler: c1, Barriers: 3, Oops: 0, ImmediateOops: 2, NonImmediateOops: No
[1,640s][debug][gc,nmethod  ] Register NMethod: jdk.internal.classfile.impl.DirectCodeBuilder.localAccess (0x00007cb6139f0288) [0x00007cb6139f0380, 0x00007cb6139f3280] Compiler: c1, Barriers: 8, Oops: 1, ImmediateOops: 13, NonImmediateOops: No
[1,641s][debug][gc,director ] Rule Major: Warmup 10%, Used: 110MB, UsedThreshold: 1228MB
[1,644s][debug][gc,nmethod  ] Register NMethod: java.util.regex.Pattern$$Lambda/0x0000000026111960.is (0x00007cb6139f3308) [0x00007cb6139f3400, 0x00007cb6139f3560] Compiler: c1, Barriers: 0, Oops: 0, ImmediateOops: 0, NonImmediateOops: No
[1,645s][debug][gc,nmethod  ] Register NMethod: org.junit.platform.commons.util.Preconditions.condition (0x00007cb6139f3608) [0x00007cb6139f3700, 0x00007cb6139f3cf0] Compiler: c1, Barriers: 0, Oops: 1, ImmediateOops: 0, NonImmediateOops: No
[1,645s][debug][gc,nmethod  ] Register NMethod: java.util.regex.Pattern$GroupTail.match (0x00007cb6139f3d08) [0x00007cb6139f3e00, 0x00007cb6139f4398] Compiler: c1, Barriers: 4, Oops: 0, ImmediateOops: 0, NonImmediateOops: No
[1,645s][debug][gc,nmethod  ] Register NMethod: java.util.regex.Pattern$BmpCharProperty.match (0x00007cb6139f4408) [0x00007cb6139f4500, 0x00007cb6139f4d98] Compiler: c1, Barriers: 2, Oops: 0, ImmediateOops: 0, NonImmediateOops: No
[1,645s][debug][gc,nmethod  ] Register NMethod: java.util.concurrent.locks.ReentrantLock$Sync.tryRelease (0x00007cb6139f4e08) [0x00007cb6139f4f00, 0x00007cb6139f5a00] Compiler: c1, Barriers: 5, Oops: 0, ImmediateOops: 0, NonImmediateOops: No
[1,645s][debug][gc,nmethod  ] Register NMethod: java.util.regex.Pattern$$Lambda/0x00000000260b27a0.is (0x00007cb632c94508) [0x00007cb632c94600, 0x00007cb632c94690] Compiler: jvmci, Barriers: 0, Oops: 0, ImmediateOops: 0, NonImmediateOops: No
[1,645s][debug][gc,nmethod  ] Register NMethod: java.lang.reflect.AccessibleObject.isAccessible (0x00007cb632c94808) [0x00007cb632c94900, 0x00007cb632c949c0] Compiler: c1, Barriers: 0, Oops: 0, ImmediateOops: 0, NonImmediateOops: No
[1,646s][debug][gc,nmethod  ] Register NMethod: java.lang.invoke.MethodHandle.linkToVirtual (0x00007cb632c94b08) [0x00007cb632c94c00, 0x00007cb632c94c28] Compiler: , Barriers: 0, Oops: 0, ImmediateOops: 0, NonImmediateOops: No
[1,648s][debug][gc,nmethod  ] Register NMethod: java.util.zip.ZipFile$CleanableResource.getInflater (0x00007cb6139f5a08) [0x00007cb6139f5b00, 0x00007cb6139f6360] Compiler: c1, Barriers: 2, Oops: 0, ImmediateOops: 0, NonImmediateOops: No
[1,649s][debug][gc,nmethod  ] Register NMethod: java.util.zip.ZipFile$CleanableResource.releaseInflater (0x00007cb6139f6388) [0x00007cb6139f6480, 0x00007cb6139f6af8] Compiler: c1, Barriers: 2, Oops: 0, ImmediateOops: 0, NonImmediateOops: No
[1,651s][debug][gc,director ] Rule Major: Warmup 10%, Used: 110MB, UsedThreshold: 1228MB
[1,652s][debug][gc,nmethod  ] Register NMethod: java.lang.StringLatin1.indexOf (0x00007cb632c94e08) [0x00007cb632c94f00, 0x00007cb632c95110] Compiler: jvmci, Barriers: 0, Oops: 0, ImmediateOops: 0, NonImmediateOops: No
[1,652s][debug][gc,nmethod  ] Register NMethod: java.lang.String.indexOf (0x00007cb632c95188) [0x00007cb632c95280, 0x00007cb632c95560] Compiler: jvmci, Barriers: 2, Oops: 0, ImmediateOops: 0, NonImmediateOops: No
[1,653s][debug][gc,nmethod  ] Register NMethod: java.util.concurrent.ConcurrentHashMap.putIfAbsent (0x00007cb632c95588) [0x00007cb632c95680, 0x00007cb632c97e30] Compiler: jvmci, Barriers: 92, Oops: 0, ImmediateOops: 0, NonImmediateOops: No
[1,654s][debug][gc,nmethod  ] Register NMethod: java.lang.CharacterDataLatin1.equalsIgnoreCase (0x00007cb632c97e88) [0x00007cb632c97f80, 0x00007cb632c98090] Compiler: jvmci, Barriers: 0, Oops: 0, ImmediateOops: 0, NonImmediateOops: No
[1,654s][debug][gc,nmethod  ] Register NMethod: java.nio.DirectIntBufferU.ix (0x00007cb632c98188) [0x00007cb632c98280, 0x00007cb632c98310] Compiler: jvmci, Barriers: 0, Oops: 0, ImmediateOops: 0, NonImmediateOops: No
[1,659s][debug][gc,nmethod  ] Register NMethod: java.lang.ClassLoader.checkName (0x00007cb632c98488) [0x00007cb632c98580, 0x00007cb632c98708] Compiler: jvmci, Barriers: 1, Oops: 0, ImmediateOops: 0, NonImmediateOops: No
[1,659s][debug][gc,nmethod  ] Register NMethod: java.lang.String.regionMatches (0x00007cb632c98788) [0x00007cb632c98880, 0x00007cb632c98bc8] Compiler: jvmci, Barriers: 2, Oops: 0, ImmediateOops: 0, NonImmediateOops: No
[1,661s][debug][gc,nmethod  ] Register NMethod: jdk.xml.internal.XMLSecurityManager$Limit.systemProperty (0x00007cb632c98c08) [0x00007cb632c98d00, 0x00007cb632c98de8] Compiler: c1, Barriers: 1, Oops: 0, ImmediateOops: 0, NonImmediateOops: No
[1,661s][debug][gc,director ] Rule Major: Warmup 10%, Used: 112MB, UsedThreshold: 1228MB
[1,668s][debug][gc,nmethod  ] Register NMethod: java.lang.Enum.compareTo (0x00007cb6139f6b08) [0x00007cb6139f6c00, 0x00007cb6139f7f20] Compiler: c1, Barriers: 4, Oops: 0, ImmediateOops: 2, NonImmediateOops: No
[1,668s][info ][gc          ] GC(0) Major Collection (Metadata GC Threshold)
[1,668s][info ][gc,task     ] GC(0) Using 1 Workers for Young Generation
[1,668s][info ][gc,task     ] GC(0) Using 1 Workers for Old Generation
[1,668s][debug][gc,heap     ] GC(0) Y: Heap Before GC invocations=0 (full 0):
[1,668s][debug][gc,heap     ] GC(0) Y:  ZHeap           used 112M, capacity 5120M, max capacity 12288M
[1,668s][debug][gc,heap     ] GC(0) Y:   Cache          5008M (1)
[1,668s][debug][gc,heap     ] GC(0) Y:    size classes  4G (1)
[1,668s][debug][gc,metaspace] GC(0) Y: Metaspace Before GC invocations=0 (full 0):
[1,668s][debug][gc,metaspace] GC(0) Y:  Metaspace       used 21255K, committed 21568K, reserved 1114112K
[1,668s][debug][gc,metaspace] GC(0) Y:   class space    used 1720K, committed 1856K, reserved 1048576K
[1,668s][info ][gc,phases   ] GC(0) Y: Young Generation
[1,668s][debug][gc,reloc    ] Synchronize all workers 1 _nworkers: 0 _nsynchronized: 0
[1,668s][debug][gc,reloc    ] Synchronize all workers 1 _nworkers: 0 _nsynchronized: 0
[1,668s][debug][gc,phases,start] GC(0) Y: Pause Mark Start (Major)
[1,668s][debug][gc,tlab        ] GC(0) Y: TLAB usage update: used 0M -> 80M, capacity: 0M -> 80M
[1,668s][debug][gc,marking     ] GC(0) Y: Using 1 mark stripes
[1,668s][debug][gc,marking     ] GC(0) Y: Mark Worker/Stripe Distribution
[1,668s][debug][gc,marking     ] GC(0) Y:   Worker 0(1) -> Stripe 0(1)
[1,668s][debug][gc,marking     ] GC(0) Y: Using 1 mark stripes
[1,668s][debug][gc,marking     ] GC(0) Y: Mark Worker/Stripe Distribution
[1,668s][debug][gc,marking     ] GC(0) Y:   Worker 0(1) -> Stripe 0(1)
[1,668s][info ][gc,phases      ] GC(0) Y: Pause Mark Start (Major) 0,086ms
[1,668s][debug][gc,reloc       ] Desynchronize all workers _nworkers: 0 _nsynchronized: 0
[1,668s][debug][gc,reloc       ] Desynchronize all workers _nworkers: 0 _nsynchronized: 0
[1,668s][debug][gc,phases,start] GC(0) Y: Concurrent Mark
[1,668s][debug][gc,phases,start] GC(0) Y: Concurrent Mark Roots
[1,668s][debug][gc,task        ] GC(0) Y: Executing ZMarkYoungRootsTask using ZWorkerYoung with 1 workers
[1,668s][debug][gc,marking     ] Resurrection broke termination
[1,669s][debug][gc,nmethod     ] Register NMethod: java.util.Arrays.fill (0x00007cb6139f7f88) [0x00007cb6139f8080, 0x00007cb6139f8288] Compiler: c1, Barriers: 0, Oops: 0, ImmediateOops: 0, NonImmediateOops: No
[1,669s][debug][gc,nmethod     ] Register NMethod: com.sun.org.apache.xerces.internal.util.Status.isExceptional (0x00007cb632c98f08) [0x00007cb632c99000, 0x00007cb632c990c0] Compiler: c1, Barriers: 0, Oops: 0, ImmediateOops: 0, NonImmediateOops: No
[1,670s][debug][gc,nmethod     ] Register NMethod: com.sun.org.apache.xerces.internal.util.XMLChar.isValid (0x00007cb6139f8308) [0x00007cb6139f8400, 0x00007cb6139f85e8] Compiler: c1, Barriers: 0, Oops: 0, ImmediateOops: 1, NonImmediateOops: No
[1,670s][debug][gc,nmethod     ] Register NMethod: com.sun.org.apache.xerces.internal.util.XMLChar.isInvalid (0x00007cb6139f8608) [0x00007cb6139f8700, 0x00007cb6139f8990] Compiler: c1, Barriers: 0, Oops: 0, ImmediateOops: 1, NonImmediateOops: No
[1,670s][debug][gc,nmethod     ] Register NMethod: java.util.concurrent.ConcurrentHashMap.get (0x00007cb632c99208) [0x00007cb632c99300, 0x00007cb632c9ac10] Compiler: jvmci, Barriers: 41, Oops: 0, ImmediateOops: 1, NonImmediateOops: No
[1,671s][debug][gc,nmethod     ] Register NMethod: java.lang.String.startsWith (0x00007cb632c9ac88) [0x00007cb632c9ad80, 0x00007cb632c9b070] Compiler: jvmci, Barriers: 2, Oops: 0, ImmediateOops: 0, NonImmediateOops: No
[1,671s][debug][gc,nmethod     ] Register NMethod: java.util.Arrays.fill (0x00007cb632c9b088) [0x00007cb632c9b180, 0x00007cb632c9b378] Compiler: jvmci, Barriers: 0, Oops: 0, ImmediateOops: 0, NonImmediateOops: No
[1,672s][debug][gc,tlab        ] GC(0) Y: TLAB totals: thrds: 13  refills: 255 max: 242 slow allocs: 84 max 84 waste:  4,8% gc: 2881896B max: 262056B slow: 235520B max: 234944B
[1,672s][debug][gc,phases      ] GC(0) Y: Concurrent Mark Roots 3,739ms
[1,672s][debug][gc,phases,start] GC(0) Y: Concurrent Mark Follow
[1,672s][debug][gc,marking     ] GC(0) Y: Using 1 mark stripes
[1,672s][debug][gc,task        ] GC(0) Y: Executing ZRememberedScanMarkFollowTask using ZWorkerYoung with 1 workers
[1,673s][debug][gc,nmethod     ] Register NMethod: java.lang.StringLatin1.toLowerCase (0x00007cb6139f8a08) [0x00007cb6139f8b00, 0x00007cb6139f9dd0] Compiler: c1, Barriers: 5, Oops: 1, ImmediateOops: 6, NonImmediateOops: No
[1,673s][debug][gc,nmethod     ] Register NMethod: java.lang.String.toLowerCase (0x00007cb6139f9e08) [0x00007cb6139f9f00, 0x00007cb6139fa3b0] Compiler: c1, Barriers: 2, Oops: 0, ImmediateOops: 0, NonImmediateOops: No
[1,673s][debug][gc,nmethod     ] Register NMethod: java.lang.NamedPackage.<init> (0x00007cb6139fa408) [0x00007cb6139fa500, 0x00007cb6139fbdd0] Compiler: c1, Barriers: 8, Oops: 1, ImmediateOops: 3, NonImmediateOops: No
[1,674s][debug][gc,nmethod     ] Register NMethod: java.lang.String.indexOf (0x00007cb632c9b388) [0x00007cb632c9b480, 0x00007cb632c9b5d8] Compiler: jvmci, Barriers: 1, Oops: 0, ImmediateOops: 0, NonImmediateOops: No
[1,680s][debug][gc,nmethod     ] Register NMethod: ch.qos.logback.core.joran.spi.ElementPath.size (0x00007cb6139fbe08) [0x00007cb6139fbf00, 0x00007cb6139fc050] Compiler: c1, Barriers: 1, Oops: 1, ImmediateOops: 0, NonImmediateOops: No
[1,681s][debug][gc,nmethod     ] Register NMethod: ch.qos.logback.core.joran.spi.ElementPath.get (0x00007cb6139fc108) [0x00007cb6139fc200, 0x00007cb6139fc740] Compiler: c1, Barriers: 3, Oops: 1, ImmediateOops: 0, NonImmediateOops: No
[1,681s][debug][gc,nmethod     ] Register NMethod: java.lang.Class$ReflectionData.<init> (0x00007cb6139fc788) [0x00007cb6139fc880, 0x00007cb6139fc9e0] Compiler: c1, Barriers: 0, Oops: 0, ImmediateOops: 0, NonImmediateOops: No
[1,681s][debug][gc,nmethod     ] Register NMethod: java.lang.Class$Atomic.casReflectionData (0x00007cb6139fca88) [0x00007cb6139fcb80, 0x00007cb6139fcce0] Compiler: c1, Barriers: 5, Oops: 0, ImmediateOops: 0, NonImmediateOops: No
[1,682s][debug][gc,nmethod     ] Register NMethod: java.lang.Class.getInterfaces0 (0x00007cb632c9b688) [0x00007cb632c9b780, 0x00007cb632c9baa0] Compiler: , Barriers: 0, Oops: 0, ImmediateOops: 0, NonImmediateOops: No
[1,682s][debug][gc,remset      ] GC(0) Y: Remset forwarding retained: 0,000ms count: 0 ZWorkerYoung#1
[1,682s][debug][gc,remset      ] GC(0) Y: Remset forwarding released: 0,000ms count: 0 ZWorkerYoung#1
[1,682s][debug][gc,marking     ] GC(0) Y: Try terminate after resurrection
[1,682s][debug][gc,phases      ] GC(0) Y: Concurrent Mark Follow 10,541ms
[1,682s][info ][gc,phases      ] GC(0) Y: Concurrent Mark 14,315ms
[1,682s][debug][gc,reloc       ] Synchronize all workers 1 _nworkers: 0 _nsynchronized: 0
[1,682s][debug][gc,reloc       ] Synchronize all workers 1 _nworkers: 0 _nsynchronized: 0
[1,682s][debug][gc,phases,start] GC(0) Y: Pause Mark End
[1,682s][info ][gc,phases      ] GC(0) Y: Pause Mark End 0,020ms
[1,682s][debug][gc,reloc       ] Desynchronize all workers _nworkers: 0 _nsynchronized: 0
[1,682s][debug][gc,reloc       ] Desynchronize all workers _nworkers: 0 _nsynchronized: 0
[1,682s][debug][gc,phases,start] GC(0) Y: Concurrent Mark Free
[1,682s][info ][gc,phases      ] GC(0) Y: Concurrent Mark Free 0,010ms
[1,682s][debug][gc,phases,start] GC(0) Y: Concurrent Reset Relocation Set
[1,682s][info ][gc,phases      ] GC(0) Y: Concurrent Reset Relocation Set 0,008ms
[1,683s][debug][gc,phases,start] GC(0) Y: Concurrent Select Relocation Set
[1,683s][debug][gc,reloc       ] GC(0) Y: Relocation Set (Medium Pages): 0->0, 1 skipped, 0 forwarding entries
[1,683s][debug][gc,reloc       ] GC(0) Y: Relocation Set (Small Pages): 38->4, 0 skipped, 296476 forwarding entries
[1,683s][debug][gc,reloc       ] GC(0) Y: Allocated To Garbage: 2097152,0
[1,683s][debug][gc,reloc       ] GC(0) Y: Young Log Residency: 2,5
[1,683s][debug][gc,reloc       ] GC(0) Y: Life Decay Factor: 1,0
[1,683s][info ][gc,reloc       ] GC(0) Y: Using tenuring threshold: 1 (Computed)
[1,683s][debug][gc,task        ] GC(0) Y: Executing ZRelocationSetInstallTask using ZWorkerYoung with 1 workers
[1,684s][debug][gc,task        ] GC(0) Y: Executing ZPromotePagesTask using ZWorkerYoung with 1 workers
[1,684s][debug][gc,task        ] GC(0) Y: Executing ZPromotePagesTask using ZWorkerYoung with 1 workers
[1,684s][debug][gc,task        ] GC(0) Y: Executing ZPromotePagesTask using ZWorkerYoung with 1 workers
[1,684s][info ][gc,phases      ] GC(0) Y: Concurrent Select Relocation Set 1,563ms
[1,684s][debug][gc,reloc       ] Synchronize all workers 1 _nworkers: 0 _nsynchronized: 0
[1,684s][debug][gc,reloc       ] Synchronize all workers 1 _nworkers: 0 _nsynchronized: 0
[1,684s][debug][gc,phases,start] GC(0) Y: Pause Relocate Start
[1,684s][debug][gc,reloc       ] GC(0) Y: Joining workers: 1
[1,684s][info ][gc,phases      ] GC(0) Y: Pause Relocate Start 0,023ms
[1,684s][debug][gc,reloc       ] Desynchronize all workers _nworkers: 0 _nsynchronized: 0
[1,684s][debug][gc,reloc       ] Desynchronize all workers _nworkers: 1 _nsynchronized: 0
[1,684s][debug][gc,phases,start] GC(0) Y: Concurrent Relocate
[1,684s][debug][gc,task        ] GC(0) Y: Executing ZRelocateStoreBufferInstallBasePointersTask using ZWorkerYoung with 1 workers
[1,684s][debug][gc             ] JNI Critical Stall (Test worker) 0,098ms
[1,684s][debug][gc,nmethod     ] Register NMethod: java.lang.String.concat (0x00007cb632c9bb08) [0x00007cb632c9bc00, 0x00007cb632c9c2d0] Compiler: jvmci, Barriers: 4, Oops: 0, ImmediateOops: 0, NonImmediateOops: No
[1,684s][debug][gc,task        ] GC(0) Y: Executing ZRelocateTask using ZWorkerYoung with 1 workers
[1,685s][debug][gc,nmethod     ] Register NMethod: java.util.HashMap.putMapEntries (0x00007cb6139fcd88) [0x00007cb6139fcea0, 0x00007cb6139febb0] Compiler: c1, Barriers: 2, Oops: 0, ImmediateOops: 0, NonImmediateOops: No
[1,690s][debug][gc,reloc       ] GC(0) Y: Leaving workers: left: 0 _synchronize: 0 _nsynchronized: 0
[1,690s][debug][gc,phases,start] GC(0) Y: Concurrent Relocate Remset FP
[1,690s][debug][gc,task        ] GC(0) Y: Executing ZRelocateAddRemsetForFlipPromoted using ZWorkerYoung with 1 workers
[1,690s][debug][gc,phases      ] GC(0) Y: Concurrent Relocate Remset FP 0,067ms
[1,690s][info ][gc,phases      ] GC(0) Y: Concurrent Relocate 5,652ms
[1,690s][debug][gc,heap        ] GC(0) Y: Heap After GC invocations=1 (full 1):
[1,690s][debug][gc,heap        ] GC(0) Y:  ZHeap           used 54M, capacity 5120M, max capacity 12288M
[1,690s][debug][gc,heap        ] GC(0) Y:   Cache          5066M (3)
[1,690s][debug][gc,heap        ] GC(0) Y:    size classes  8M (1), 32M (1), 4G (1)
[1,690s][debug][gc,metaspace   ] GC(0) Y: Metaspace After GC invocations=1 (full 1):
[1,690s][debug][gc,metaspace   ] GC(0) Y:  Metaspace       used 21962K, committed 22208K, reserved 1114112K
[1,690s][debug][gc,metaspace   ] GC(0) Y:   class space    used 1825K, committed 1920K, reserved 1048576K
[1,690s][info ][gc,alloc       ] GC(0) Y:                         Mark Start        Mark End      Relocate Start    Relocate End   
[1,690s][info ][gc,alloc       ] GC(0) Y: Allocation Stalls:          0                0                0                0         
[1,690s][info ][gc,load        ] GC(0) Y: Load: 3,28 (16%) / 2,56 (13%) / 2,08 (10%)
[1,690s][info ][gc,mmu         ] GC(0) Y: MMU: 2ms/95,7%, 5ms/98,3%, 10ms/99,1%, 20ms/99,4%, 50ms/99,7%, 100ms/99,9%
[1,690s][info ][gc,marking     ] GC(0) Y: Mark: 1 stripe(s), 2 proactive flush(es), 1 terminate flush(es), 0 completion(s), 0 continuation(s) 
[1,690s][info ][gc,nmethod     ] GC(0) Y: NMethods: 2571 registered, 0 unregistered
[1,690s][info ][gc,metaspace   ] GC(0) Y: Metaspace: 21M used, 21M committed, 1088M reserved
[1,690s][info ][gc,reloc       ] GC(0) Y:                        Candidates     Selected     In-Place         Size        Empty    Relocated 
[1,690s][info ][gc,reloc       ] GC(0) Y: Small Pages:                   40           34            0          80M           0M           4M 
[1,690s][info ][gc,reloc       ] GC(0) Y: Medium Pages:                   1            0            0          32M           0M           0M 
[1,690s][info ][gc,reloc       ] GC(0) Y: Large Pages:                    0            0            0           0M           0M           0M 
[1,690s][info ][gc,reloc       ] GC(0) Y: Forwarding Usage: 2M
[1,690s][info ][gc,reloc       ] GC(0) Y: Age Table:
[1,690s][info ][gc,reloc       ] GC(0) Y:                    Live             Garbage             Small              Medium             Large        
[1,690s][info ][gc,reloc       ] GC(0) Y: Eden              12M (0%)           99M (1%)          40 / 34             1 / 0              0 / 0        
[1,690s][info ][gc,heap        ] GC(0) Y: Min Capacity: 5120M(42%)
[1,690s][info ][gc,heap        ] GC(0) Y: Max Capacity: 12288M(100%)
[1,690s][info ][gc,heap        ] GC(0) Y: Soft Max Capacity: 12288M(100%)
[1,690s][info ][gc,heap        ] GC(0) Y: Heap Statistics:
[1,690s][info ][gc,heap        ] GC(0) Y:                Mark Start          Mark End        Relocate Start      Relocate End           High               Low         
[1,690s][info ][gc,heap        ] GC(0) Y:  Capacity:     5120M (42%)        5120M (42%)        5120M (42%)        5120M (42%)        5120M (42%)        5120M (42%)    
[1,690s][info ][gc,heap        ] GC(0) Y:      Free:    12176M (99%)       12174M (99%)       12174M (99%)       12234M (100%)      12234M (100%)      12166M (99%)    
[1,690s][info ][gc,heap        ] GC(0) Y:      Used:      112M (1%)          114M (1%)          114M (1%)           54M (0%)          122M (1%)           54M (0%)     
[1,690s][info ][gc,heap        ] GC(0) Y: Young Generation Statistics:
[1,690s][info ][gc,heap        ] GC(0) Y:                Mark Start          Mark End        Relocate Start      Relocate End    
[1,690s][info ][gc,heap        ] GC(0) Y:      Used:      112M (1%)          114M (1%)          114M (1%)           54M (0%)     
[1,690s][info ][gc,heap        ] GC(0) Y:      Live:         -                12M (0%)           12M (0%)           12M (0%)     
[1,690s][info ][gc,heap        ] GC(0) Y:   Garbage:         -                99M (1%)           99M (1%)           29M (0%)     
[1,690s][info ][gc,heap        ] GC(0) Y: Allocated:         -                 2M (0%)            2M (0%)           11M (0%)     
[1,690s][info ][gc,heap        ] GC(0) Y: Reclaimed:         -                  -                 0M (0%)           69M (1%)     
[1,690s][info ][gc,heap        ] GC(0) Y:  Promoted:         -                  -                 0M (0%)            0M (0%)     
[1,690s][info ][gc,heap        ] GC(0) Y: Compacted:         -                  -                  -                 6M (0%)     
[1,690s][info ][gc,phases      ] GC(0) Y: Young Generation 112M(1%)->54M(0%) 0,022s
[1,690s][debug][gc,heap        ] GC(0) O: Heap Before GC invocations=1 (full 1):
[1,690s][debug][gc,heap        ] GC(0) O:  ZHeap           used 54M, capacity 5120M, max capacity 12288M
[1,690s][debug][gc,heap        ] GC(0) O:   Cache          5066M (3)
[1,690s][debug][gc,heap        ] GC(0) O:    size classes  8M (1), 32M (1), 4G (1)
[1,690s][debug][gc,metaspace   ] GC(0) O: Metaspace Before GC invocations=1 (full 1):
[1,690s][debug][gc,metaspace   ] GC(0) O:  Metaspace       used 21969K, committed 22208K, reserved 1114112K
[1,690s][debug][gc,metaspace   ] GC(0) O:   class space    used 1826K, committed 1920K, reserved 1048576K
[1,690s][info ][gc,phases      ] GC(0) O: Old Generation
[1,690s][debug][gc,phases,start] GC(0) O: Concurrent Mark
[1,690s][debug][gc,phases,start] GC(0) O: Concurrent Mark Roots
[1,690s][debug][gc,task        ] GC(0) O: Executing ZMarkOldRootsTask using ZWorkerOld with 1 workers
[1,691s][debug][gc,tlab        ] GC(0) O: TLAB totals: thrds: 1  refills: 6 max: 6 slow allocs: 0 max 0 waste:  5,0% gc: 70736B max: 70736B slow: 7848B max: 7848B
[1,691s][debug][gc,phases      ] GC(0) O: Concurrent Mark Roots 0,326ms
[1,691s][debug][gc,phases,start] GC(0) O: Concurrent Mark Follow
[1,691s][debug][gc,marking     ] GC(0) O: Using 1 mark stripes
[1,691s][debug][gc,task        ] GC(0) O: Executing ZMarkTask using ZWorkerOld with 1 workers
[1,691s][debug][gc,phases      ] GC(0) O: Concurrent Mark Follow 0,225ms
[1,691s][info ][gc,phases      ] GC(0) O: Concurrent Mark 0,592ms
[1,691s][debug][gc,reloc       ] Synchronize all workers 1 _nworkers: 0 _nsynchronized: 0
[1,691s][debug][gc,reloc       ] Synchronize all workers 1 _nworkers: 0 _nsynchronized: 0
[1,691s][debug][gc,phases,start] GC(0) O: Pause Mark End
[1,691s][info ][gc,phases      ] GC(0) O: Pause Mark End 0,023ms
[1,691s][debug][gc,reloc       ] Desynchronize all workers _nworkers: 0 _nsynchronized: 0
[1,691s][debug][gc,reloc       ] Desynchronize all workers _nworkers: 0 _nsynchronized: 0
[1,691s][debug][gc,phases,start] GC(0) O: Concurrent Mark Free
[1,691s][info ][gc,phases      ] GC(0) O: Concurrent Mark Free 0,028ms
[1,691s][debug][gc,phases,start] GC(0) O: Concurrent Process Non-Strong
[1,691s][debug][gc,phases,start] GC(0) O: Concurrent References Process
[1,691s][debug][gc,task        ] GC(0) O: Executing ZReferenceProcessorTask using ZWorkerOld with 1 workers
[1,691s][debug][gc,phases      ] GC(0) O: Concurrent References Process 0,044ms
[1,691s][debug][gc,task        ] GC(0) O: Executing ZProcessWeakRootsTask using ZWorkerOld with 1 workers
[1,691s][debug][gc,nmethod     ] Register NMethod: java.lang.CharacterDataLatin1.equalsIgnoreCase (0x00007cb6139fec08) [0x00007cb6139fed00, 0x00007cb6139fef98] Compiler: c1, Barriers: 0, Oops: 0, ImmediateOops: 0, NonImmediateOops: No
[1,692s][debug][gc,nmethod     ] Register NMethod: java.util.LinkedHashMap.get (0x00007cb632c9c308) [0x00007cb632c9c400, 0x00007cb632c9cca8] Compiler: jvmci, Barriers: 12, Oops: 0, ImmediateOops: 0, NonImmediateOops: No
[1,693s][debug][gc,phases,start] GC(0) O: Concurrent Classes Unlink
[1,693s][debug][gc,phases,start] GC(0) O: ClassLoaderData
[1,693s][debug][gc,phases      ] GC(0) O: ClassLoaderData 0,032ms
[1,693s][debug][gc,phases,start] GC(0) O: Trigger cleanups
[1,693s][debug][gc,phases      ] GC(0) O: Trigger cleanups 0,010ms
[1,693s][debug][gc,task        ] GC(0) O: Executing ZNMethodUnlinkTask using ZWorkerOld with 1 workers
[1,694s][debug][gc,nmethod     ] GC(0) O: Unregister NMethod: java.util.Optional.isPresent (0x00007cb6138af808) [0x00007cb6138af900, 0x00007cb6138afa80] 
[1,694s][debug][gc,nmethod     ] GC(0) O: Unregister NMethod: java.util.stream.Collectors$$Lambda/0x00000000260e07a8.accept (0x00007cb6137bb008) [0x00007cb6137bb100, 0x00007cb6137bb828] 
[1,694s][debug][gc,nmethod     ] GC(0) O: Unregister NMethod: java.lang.AbstractStringBuilder.append (0x00007cb61348f088) [0x00007cb61348f180, 0x00007cb61348f638] 
[1,694s][debug][gc,nmethod     ] GC(0) O: Unregister NMethod: java.lang.AbstractStringBuilder.needsNewBuffer (0x00007cb613682c08) [0x00007cb613682d00, 0x00007cb613682ea0] 
[1,694s][debug][gc,nmethod     ] GC(0) O: Unregister NMethod: java.util.zip.ZipCoder$UTF8ZipCoder.checkedHash (0x00007cb613471b08) [0x00007cb613471c00, 0x00007cb613472020] 
[1,694s][debug][gc,nmethod     ] GC(0) O: Unregister NMethod: java.util.stream.AbstractPipeline.wrapSink (0x00007cb6137c0108) [0x00007cb6137c0200, 0x00007cb6137c0778] 
[1,694s][debug][gc,nmethod     ] GC(0) O: Unregister NMethod: java.lang.Class.getName (0x00007cb613453508) [0x00007cb613453600, 0x00007cb6134537b0] 
[1,694s][debug][gc,nmethod     ] GC(0) O: Unregister NMethod: java.lang.Character.charCount (0x00007cb6136ae988) [0x00007cb6136aea80, 0x00007cb6136aebd0] 
[1,694s][debug][gc,nmethod     ] GC(0) O: Unregister NMethod: java.lang.reflect.Method.copy (0x00007cb613760e08) [0x00007cb613760f00, 0x00007cb613761600] 
[1,694s][debug][gc,nmethod     ] GC(0) O: Unregister NMethod: java.lang.String.hashCode (0x00007cb613419988) [0x00007cb613419a80, 0x00007cb61341a028] 
[1,694s][debug][gc,nmethod     ] GC(0) O: Unregister NMethod: jdk.internal.misc.Unsafe.allocateUninitializedArray (0x00007cb613424188) [0x00007cb613424280, 0x00007cb613424848] 
[1,694s][debug][gc,nmethod     ] GC(0) O: Unregister NMethod: java.lang.invoke.MemberName.getReferenceKind (0x00007cb61347d988) [0x00007cb61347da80, 0x00007cb61347db90] 
[1,694s][debug][gc,nmethod     ] GC(0) O: Unregister NMethod: sun.util.locale.BaseLocale.hashCode (0x00007cb613637608) [0x00007cb613637700, 0x00007cb61363b588] 
[1,694s][debug][gc,nmethod     ] GC(0) O: Unregister NMethod: java.util.jar.JarFile.getJarEntry (0x00007cb613487108) [0x00007cb613487200, 0x00007cb613487aa8] 
[1,694s][debug][gc,nmethod     ] GC(0) O: Unregister NMethod: java.nio.DirectByteBuffer.ix (0x00007cb61348f688) [0x00007cb61348f780, 0x00007cb61348f888] 
[1,694s][debug][gc,nmethod     ] GC(0) O: Unregister NMethod: java.util.stream.Sink.begin (0x00007cb613865888) [0x00007cb613865980, 0x00007cb613865a80] 
[1,694s][debug][gc,nmethod     ] GC(0) O: Unregister NMethod: jdk.internal.misc.Unsafe.getIntUnaligned (0x00007cb632c00488) [0x00007cb632c00580, 0x00007cb632c00640] 
[1,694s][debug][gc,nmethod     ] GC(0) O: Unregister NMethod: java.io.BufferedInputStream.getBufIfOpen (0x00007cb613451908) [0x00007cb613451a00, 0x00007cb613451e18] 
[1,694s][debug][gc,nmethod     ] GC(0) O: Unregister NMethod: jdk.internal.loader.URLClassPath$JarLoader.getResource (0x00007cb632c3fd08) [0x00007cb632c3fe00, 0x00007cb632c414f0] 
[1,694s][debug][gc,nmethod     ] GC(0) O: Unregister NMethod: java.util.stream.AbstractPipeline.evaluate (0x00007cb6137d1b88) [0x00007cb6137d1c80, 0x00007cb6137d2d70] 
[1,694s][debug][gc,nmethod     ] GC(0) O: Unregister NMethod: jdk.internal.util.ArraysSupport.vectorizedHashCode (0x00007cb613402088) [0x00007cb613402180, 0x00007cb613403fd8] 
[1,694s][debug][gc,nmethod     ] GC(0) O: Unregister NMethod: java.util.Arrays.copyOfRange (0x00007cb613440b88) [0x00007cb613440c80, 0x00007cb613441f50] 
[1,694s][debug][gc,nmethod     ] GC(0) O: Unregister NMethod: java.util.ImmutableCollections$ListN.size (0x00007cb6135b1908) [0x00007cb6135b1a00, 0x00007cb6135b1b38] 
[1,694s][debug][gc,nmethod     ] GC(0) O: Unregister NMethod: java.lang.AbstractStringBuilder.isLatin1 (0x00007cb61344d188) [0x00007cb61344d280, 0x00007cb61344d3c0] 
[1,694s][debug][gc,nmethod     ] GC(0) O: Unregister NMethod: sun.reflect.annotation.AnnotationInvocationHandler.invoke (0x00007cb6137f1488) [0x00007cb6137f1580, 0x00007cb6137f3810] 
[1,694s][debug][gc,nmethod     ] GC(0) O: Unregister NMethod: jdk.internal.loader.URLClassPath$JarLoader.ensureOpen (0x00007cb61347f888) [0x00007cb61347f980, 0x00007cb61347fbe8] 
[1,694s][debug][gc,nmethod     ] GC(0) O: Unregister NMethod: java.lang.invoke.MethodType.parameterType (0x00007cb61344ce88) [0x00007cb61344cf80, 0x00007cb61344d108] 
[1,694s][debug][gc,nmethod     ] GC(0) O: Unregister NMethod: java.util.WeakHashMap.remove (0x00007cb6134d1488) [0x00007cb6134d1580, 0x00007cb6134d2990] 
[1,694s][debug][gc,nmethod     ] GC(0) O: Unregister NMethod: jdk.internal.misc.Unsafe.getIntUnaligned (0x00007cb613456b08) [0x00007cb613456c00, 0x00007cb613456e48] 
[1,694s][debug][gc,nmethod     ] GC(0) O: Unregister NMethod: java.lang.System$1.join (0x00007cb6137c0c08) [0x00007cb6137c0d00, 0x00007cb6137c5340] 
[1,694s][debug][gc,nmethod     ] GC(0) O: Unregister NMethod: java.lang.AbstractStringBuilder.needsNewBuffer (0x00007cb632c1a208) [0x00007cb632c1a300, 0x00007cb632c1a3e8] 
[1,694s][debug][gc,nmethod     ] GC(0) O: Unregister NMethod: java.util.regex.Pattern$$Lambda/0x00000000260b27a0.is (0x00007cb613631c08) [0x00007cb613631d00, 0x00007cb613631eb0] 
[1,694s][debug][gc,nmethod     ] GC(0) O: Unregister NMethod: java.util.HashMap.getNode (0x00007cb61342fa08) [0x00007cb61342fb00, 0x00007cb613430e10] 
[1,694s][debug][gc,nmethod     ] GC(0) O: Unregister NMethod: jdk.internal.classfile.impl.BufWriterImpl.patchInt (0x00007cb6135fe608) [0x00007cb6135fe700, 0x00007cb6135fe8e0] 
[1,694s][debug][gc,nmethod     ] GC(0) O: Unregister NMethod: java.lang.AbstractStringBuilder.<init> (0x00007cb613476608) [0x00007cb613476700, 0x00007cb613476988] 
[1,694s][debug][gc,nmethod     ] Register NMethod: java.util.HashMap.putVal (0x00007cb632c9cd08) [0x00007cb632c9ce00, 0x00007cb632c9dd88] Compiler: jvmci, Barriers: 45, Oops: 0, ImmediateOops: 0, NonImmediateOops: No
[1,694s][debug][gc,nmethod     ] GC(0) O: Unregister NMethod: java.util.ImmutableCollections$SetN$SetNIterator.hasNext (0x00007cb613408008) [0x00007cb613408100, 0x00007cb613408250] 
[1,694s][debug][gc,nmethod     ] GC(0) O: Unregister NMethod: java.util.HashMap.resize (0x00007cb632bf6688) [0x00007cb632bf67a0, 0x00007cb632bf72f0] 
[1,695s][debug][gc,nmethod     ] GC(0) O: Unregister NMethod: java.util.zip.ZipCoder.hash (0x00007cb613486188) [0x00007cb613486280, 0x00007cb6134870b8] 
[1,695s][debug][gc,nmethod     ] GC(0) O: Unregister NMethod: java.util.HashMap.get (0x00007cb613433688) [0x00007cb613433780, 0x00007cb613433b18] 
[1,695s][debug][gc,nmethod     ] GC(0) O: Unregister NMethod: jdk.internal.misc.Unsafe.getShortUnaligned (0x00007cb613450108) [0x00007cb613450200, 0x00007cb613450428] 
[1,695s][debug][gc,nmethod     ] GC(0) O: Unregister NMethod: java.lang.StringLatin1.getBytes (0x00007cb613464688) [0x00007cb613464780, 0x00007cb613464918] 
[1,695s][debug][gc,nmethod     ] GC(0) O: Unregister NMethod: jdk.internal.loader.URLClassPath.getLoader (0x00007cb613488a88) [0x00007cb613488b80, 0x00007cb61348aa48] 
[1,695s][debug][gc,nmethod     ] GC(0) O: Unregister NMethod: jdk.internal.classfile.impl.BufWriterImpl.writeU2 (0x00007cb61345dc88) [0x00007cb61345dd80, 0x00007cb61345e1f0] 
[1,695s][debug][gc,nmethod     ] GC(0) O: Unregister NMethod: java.lang.String.startsWith (0x00007cb632c3df08) [0x00007cb632c3e000, 0x00007cb632c3e318] 
[1,695s][debug][gc,nmethod     ] GC(0) O: Unregister NMethod: org.junit.platform.commons.util.Preconditions.notNull (0x00007cb613818288) [0x00007cb613818380, 0x00007cb613818610] 
[1,695s][debug][gc,nmethod     ] GC(0) O: Unregister NMethod: java.util.concurrent.ConcurrentHashMap.get (0x00007cb632c32688) [0x00007cb632c32780, 0x00007cb632c332c0] 
[1,695s][debug][gc,nmethod     ] GC(0) O: Unregister NMethod: java.lang.StringBuilder.toString (0x00007cb613476d08) [0x00007cb613476e00, 0x00007cb613477238] 
[1,695s][debug][gc,nmethod     ] GC(0) O: Unregister NMethod: java.util.jar.JarFile.getJarEntry (0x00007cb6134c1b08) [0x00007cb6134c1c00, 0x00007cb6134c2100] 
[1,695s][debug][gc,nmethod     ] GC(0) O: Unregister NMethod: java.lang.Integer.rotateLeft (0x00007cb613585688) [0x00007cb613585780, 0x00007cb613585870] 
[1,695s][debug][gc,nmethod     ] GC(0) O: Unregister NMethod: java.lang.Character.codePointBefore (0x00007cb613989708) [0x00007cb613989800, 0x00007cb613989fc8] 
[1,695s][debug][gc,nmethod     ] GC(0) O: Unregister NMethod: java.util.stream.AbstractPipeline.isParallel (0x00007cb613726608) [0x00007cb613726700, 0x00007cb613726838] 
[1,695s][debug][gc,nmethod     ] GC(0) O: Unregister NMethod: java.util.zip.ZipFile.getEntry (0x00007cb613485a88) [0x00007cb613485b80, 0x00007cb613486148] 
[1,695s][debug][gc,nmethod     ] GC(0) O: Unregister NMethod: java.util.LinkedHashMap.<init> (0x00007cb61380e808) [0x00007cb61380e900, 0x00007cb61380eb30] 
[1,695s][debug][gc,nmethod     ] GC(0) O: Unregister NMethod: org.junit.platform.commons.util.ReflectionUtils.defaultMethodSorter (0x00007cb613765108) [0x00007cb613765200, 0x00007cb613766418] 
[1,695s][debug][gc,nmethod     ] GC(0) O: Unregister NMethod: java.lang.String.isLatin1 (0x00007cb632bed308) [0x00007cb632bed400, 0x00007cb632bed4c0] 
[1,695s][debug][gc,nmethod     ] GC(0) O: Unregister NMethod: java.util.HashMap.afterNodeInsertion (0x00007cb61342b508) [0x00007cb61342b600, 0x00007cb61342b700] 
[1,695s][debug][gc,nmethod     ] GC(0) O: Unregister NMethod: java.util.regex.Pattern$BmpCharPropertyGreedy.match (0x00007cb632c2be88) [0x00007cb632c2bf80, 0x00007cb632c2c350] 
[1,695s][debug][gc,nmethod     ] GC(0) O: Unregister NMethod: java.lang.String.hashCode (0x00007cb613400988) [0x00007cb613400a80, 0x00007cb613401028] 
[1,695s][debug][gc,nmethod     ] GC(0) O: Unregister NMethod: jdk.internal.classfile.impl.BufWriterImpl.cpIndex (0x00007cb613462288) [0x00007cb613462380, 0x00007cb613464378] 
[1,695s][debug][gc,nmethod     ] GC(0) O: Unregister NMethod: jdk.internal.loader.Resource.cachedInputStream (0x00007cb61350c708) [0x00007cb61350c800, 0x00007cb61350ce78] 
[1,695s][debug][gc,nmethod     ] GC(0) O: Unregister NMethod: sun.reflect.generics.parser.SignatureParser.advance (0x00007cb6135bca08) [0x00007cb6135bcb00, 0x00007cb6135bd118] 
[1,695s][debug][gc,nmethod     ] GC(0) O: Unregister NMethod: java.util.jar.JarFile.isMultiRelease (0x00007cb613484288) [0x00007cb613484380, 0x00007cb613484578] 
[1,695s][debug][gc,nmethod     ] GC(0) O: Unregister NMethod: java.lang.String.startsWith (0x00007cb61340f888) [0x00007cb61340f980, 0x00007cb613410c00] 
[1,695s][debug][gc,nmethod     ] GC(0) O: Unregister NMethod: org.junit.platform.commons.util.Preconditions.condition (0x00007cb613810588) [0x00007cb613810680, 0x00007cb613810860] 
[1,695s][debug][gc,nmethod     ] GC(0) O: Unregister NMethod: java.util.zip.ZipFile$Source.getEntryPos (0x00007cb613482488) [0x00007cb613482580, 0x00007cb613484228] 
[1,695s][debug][gc,nmethod     ] GC(0) O: Unregister NMethod: java.util.Objects.equals (0x00007cb632c5f888) [0x00007cb632c5f980, 0x00007cb632c5fe00] 
[1,695s][debug][gc,nmethod     ] GC(0) O: Unregister NMethod: java.lang.reflect.Method.<init> (0x00007cb613760288) [0x00007cb613760380, 0x00007cb6137609f0] 
[1,695s][debug][gc,nmethod     ] GC(0) O: Unregister NMethod: jdk.internal.classfile.impl.SplitConstantPool.internalAdd (0x00007cb613426608) [0x00007cb613426700, 0x00007cb6134274e8] 
[1,695s][debug][gc,nmethod     ] GC(0) O: Unregister NMethod: org.junit.platform.commons.util.ReflectionUtils$$Lambda/0x000000002618a488.test (0x00007cb61385f808) [0x00007cb61385f900, 0x00007cb6138605f8] 
[1,695s][debug][gc,nmethod     ] GC(0) O: Unregister NMethod: jdk.internal.classfile.impl.SplitConstantPool.utf8Entry (0x00007cb613465888) [0x00007cb613465980, 0x00007cb613466478] 
[1,695s][debug][gc,nmethod     ] GC(0) O: Unregister NMethod: jdk.internal.classfile.impl.RawBytecodeHelper.opcode (0x00007cb61344cb88) [0x00007cb61344cc80, 0x00007cb61344cd88] 
[1,695s][debug][gc,nmethod     ] GC(0) O: Unregister NMethod: java.util.concurrent.ConcurrentHashMap.putVal (0x00007cb613415d88) [0x00007cb613415e80, 0x00007cb613418378] 
[1,695s][debug][gc,nmethod     ] GC(0) O: Unregister NMethod: java.util.stream.StreamOpFlag.fromCharacteristics (0x00007cb6137c5388) [0x00007cb6137c5480, 0x00007cb6137c5a08] 
[1,695s][debug][gc,nmethod     ] GC(0) O: Unregister NMethod: java.lang.String.charAt (0x00007cb61340e708) [0x00007cb61340e800, 0x00007cb61340ed90] 
[1,695s][debug][gc,nmethod     ] GC(0) O: Unregister NMethod: java.util.HashSet.add (0x00007cb613431188) [0x00007cb613431280, 0x00007cb613431460] 
[1,695s][debug][gc,nmethod     ] GC(0) O: Unregister NMethod: java.lang.String.startsWith (0x00007cb613410c08) [0x00007cb613410d00, 0x00007cb613410ff8] 
[1,695s][debug][gc,nmethod     ] GC(0) O: Unregister NMethod: java.lang.Object.<init> (0x00007cb613400388) [0x00007cb613400480, 0x00007cb613400580] 
[1,695s][debug][gc,nmethod     ] GC(0) O: Unregister NMethod: java.util.HashMap.put (0x00007cb61342c088) [0x00007cb61342c180, 0x00007cb61342c768] 
[1,695s][debug][gc,nmethod     ] GC(0) O: Unregister NMethod: java.util.ArrayList.add (0x00007cb61346dd88) [0x00007cb61346de80, 0x00007cb61346e3f0] 
[1,695s][debug][gc,nmethod     ] Register NMethod: java.util.Calendar.internalSet (0x00007cb6139ff008) [0x00007cb6139ff100, 0x00007cb6139ff258] Compiler: c1, Barriers: 1, Oops: 0, ImmediateOops: 0, NonImmediateOops: No
[1,695s][debug][gc,nmethod     ] GC(0) O: Unregister NMethod: jdk.internal.util.ArraysSupport.mismatch (0x00007cb613411908) [0x00007cb613411a00, 0x00007cb613411de0] 
[1,695s][debug][gc,nmethod     ] GC(0) O: Unregister NMethod: jdk.internal.classfile.impl.BufWriterImpl.writeUtfEntry (0x00007cb613466788) [0x00007cb613466880, 0x00007cb613469640] 
[1,695s][debug][gc,nmethod     ] GC(0) O: Unregister NMethod: java.util.ArrayList.add (0x00007cb6138af188) [0x00007cb6138af280, 0x00007cb6138af7f0] 
[1,695s][debug][gc,nmethod     ] GC(0) O: Unregister NMethod: java.util.jar.JarFile.getEntry (0x00007cb6134c0c88) [0x00007cb6134c0d80, 0x00007cb6134c14c8] 
[1,695s][debug][gc,nmethod     ] GC(0) O: Unregister NMethod: java.util.regex.Pattern$Slice.match (0x00007cb632c88c08) [0x00007cb632c88d00, 0x00007cb632c88fc0] 
[1,695s][debug][gc,nmethod     ] GC(0) O: Unregister NMethod: jdk.internal.loader.URLClassPath.getResource (0x00007cb6135a6f88) [0x00007cb6135a7080, 0x00007cb6135a74e8] 
[1,695s][debug][gc,nmethod     ] GC(0) O: Unregister NMethod: java.lang.module.ModuleDescriptor$Exports.isQualified (0x00007cb613428d08) [0x00007cb613428e00, 0x00007cb613429190] 
[1,695s][debug][gc,nmethod     ] GC(0) O: Unregister NMethod: java.util.jar.JarFile.getEntry (0x00007cb613488208) [0x00007cb613488300, 0x00007cb613488a48] 
[1,695s][debug][gc,nmethod     ] GC(0) O: Unregister NMethod: java.util.zip.ZipFile$CleanableResource.getInflater (0x00007cb613547888) [0x00007cb613547980, 0x00007cb6135480b0] 
[1,696s][debug][gc,nmethod     ] GC(0) O: Unregister NMethod: java.util.HashMap.putVal (0x00007cb613436a88) [0x00007cb613436b80, 0x00007cb613438f10] 
[1,696s][debug][gc,nmethod     ] GC(0) O: Unregister NMethod: java.lang.String.<init> (0x00007cb613477988) [0x00007cb613477a80, 0x00007cb613478420] 
[1,696s][debug][gc,nmethod     ] GC(0) O: Unregister NMethod: java.util.ArrayDeque.elementAt (0x00007cb6134dc488) [0x00007cb6134dc580, 0x00007cb6134dc6b8] 
[1,696s][debug][gc,nmethod     ] GC(0) O: Unregister NMethod: java.util.HashMap.newNode (0x00007cb61342bc08) [0x00007cb61342bd00, 0x00007cb61342c080] 
[1,696s][debug][gc,nmethod     ] GC(0) O: Unregister NMethod: java.util.jar.JarFile.checkForSpecialAttributes (0x00007cb6134c5d88) [0x00007cb6134c5e80, 0x00007cb6134c7460] 
[1,696s][debug][gc,nmethod     ] GC(0) O: Unregister NMethod: java.util.Objects.requireNonNull (0x00007cb613422988) [0x00007cb613422a80, 0x00007cb613422c58] 
[1,696s][debug][gc,nmethod     ] GC(0) O: Unregister NMethod: java.util.stream.Collectors$$Lambda/0x0000000026114238.accept (0x00007cb61385e988) [0x00007cb61385ea80, 0x00007cb61385efa8] 
[1,696s][debug][gc,nmethod     ] GC(0) O: Unregister NMethod: jdk.internal.util.ReferencedKeyMap.removeStaleReferences (0x00007cb61341a088) [0x00007cb61341a180, 0x00007cb61341a7a0] 
[1,696s][debug][gc,nmethod     ] GC(0) O: Unregister NMethod: java.lang.String.getBytes (0x00007cb613464988) [0x00007cb613464a80, 0x00007cb613465808] 
[1,696s][debug][gc,nmethod     ] GC(0) O: Unregister NMethod: java.util.jar.JarFile.checkForSpecialAttributes (0x00007cb632c36608) [0x00007cb632c36700, 0x00007cb632c37058] 
[1,696s][debug][gc,nmethod     ] GC(0) O: Unregister NMethod: java.lang.String.<init> (0x00007cb61382aa08) [0x00007cb61382ab00, 0x00007cb61382b6c0] 
[1,696s][debug][gc,nmethod     ] GC(0) O: Unregister NMethod: java.lang.StringLatin1.indexOfChar (0x00007cb61340ee08) [0x00007cb61340ef00, 0x00007cb61340f100] 
[1,696s][debug][gc,nmethod     ] GC(0) O: Unregister NMethod: java.lang.CharacterDataLatin1.equalsIgnoreCase (0x00007cb6134c2b88) [0x00007cb6134c2c80, 0x00007cb6134c2f18] 
[1,696s][debug][gc,nmethod     ] GC(0) O: Unregister NMethod: java.lang.StringLatin1.replace (0x00007cb613454108) [0x00007cb613454200, 0x00007cb6134552a0] 
[1,696s][debug][gc,nmethod     ] GC(0) O: Unregister NMethod: worker.org.gradle.internal.stream.EncodedStream$EncodedInput.read (0x00007cb613452c88) [0x00007cb613452d80, 0x00007cb6134534d8] 
[1,696s][debug][gc,nmethod     ] GC(0) O: Unregister NMethod: java.nio.DirectLongBufferU.ix (0x00007cb613485788) [0x00007cb613485880, 0x00007cb613485990] 
[1,696s][debug][gc,nmethod     ] GC(0) O: Unregister NMethod: java.util.Objects.requireNonNull (0x00007cb613405808) [0x00007cb613405900, 0x00007cb613405ad0] 
[1,696s][debug][gc,nmethod     ] GC(0) O: Unregister NMethod: java.lang.StringUTF16.getChar (0x00007cb61367a508) [0x00007cb61367a600, 0x00007cb61367a760] 
[1,696s][debug][gc,nmethod     ] GC(0) O: Unregister NMethod: sun.net.www.ParseUtil.firstEncodeIndex (0x00007cb613412b08) [0x00007cb613412c00, 0x00007cb613413ad8] 
[1,696s][debug][gc,nmethod     ] GC(0) O: Unregister NMethod: java.lang.String.toString (0x00007cb6134e7608) [0x00007cb6134e7700, 0x00007cb6134e7800] 
[1,696s][debug][gc,nmethod     ] GC(0) O: Unregister NMethod: java.util.ArrayList$Itr.next (0x00007cb613582988) [0x00007cb613582a80, 0x00007cb613583070] 
[1,696s][debug][gc,nmethod     ] GC(0) O: Unregister NMethod: java.net.URLClassLoader.findClass (0x00007cb613609a88) [0x00007cb613609b80, 0x00007cb61360c7a0] 
[1,696s][debug][gc,nmethod     ] GC(0) O: Unregister NMethod: java.util.stream.ReferencePipeline$3$1.accept (0x00007cb613636f08) [0x00007cb613637000, 0x00007cb613637588] 
[1,696s][debug][gc,nmethod     ] GC(0) O: Unregister NMethod: java.util.jar.JarFile.checkForSpecialAttributes (0x00007cb613480e08) [0x00007cb613480f00, 0x00007cb613482468] 
[1,696s][debug][gc,nmethod     ] GC(0) O: Unregister NMethod: jdk.internal.classfile.impl.EntryMap.firstToken (0x00007cb613422388) [0x00007cb613422480, 0x00007cb613422970] 
[1,696s][debug][gc,nmethod     ] GC(0) O: Unregister NMethod: java.util.concurrent.ConcurrentHashMap.putVal (0x00007cb632c2fd88) [0x00007cb632c2fe80, 0x00007cb632c30f98] 
[1,696s][debug][gc,nmethod     ] GC(0) O: Unregister NMethod: java.lang.Class.getTypeName (0x00007cb6137bca08) [0x00007cb6137bcb00, 0x00007cb6137c0090] 
[1,696s][debug][gc,nmethod     ] GC(0) O: Unregister NMethod: jdk.internal.classfile.impl.SplitConstantPool.map (0x00007cb61341ac88) [0x00007cb61341ada0, 0x00007cb61341c4a0] 
[1,696s][debug][gc,nmethod     ] GC(0) O: Unregister NMethod: java.util.HashMap.putVal (0x00007cb61342dc08) [0x00007cb61342dd00, 0x00007cb61342f9f0] 
[1,696s][debug][gc,nmethod     ] GC(0) O: Unregister NMethod: java.util.zip.CRC32.<init> (0x00007cb6135e9288) [0x00007cb6135e9380, 0x00007cb6135e94d8] 
[1,696s][debug][gc,nmethod     ] GC(0) O: Unregister NMethod: java.lang.CharacterData.of (0x00007cb6134e5f08) [0x00007cb6134e6000, 0x00007cb6134e6740] 
[1,696s][debug][gc,nmethod     ] GC(0) O: Unregister NMethod: java.util.zip.ZipFile.ensureOpen (0x00007cb61347c308) [0x00007cb61347c400, 0x00007cb61347c6d0] 
[1,696s][debug][gc,nmethod     ] GC(0) O: Unregister NMethod: java.lang.String.charAt (0x00007cb632be7d88) [0x00007cb632be7e80, 0x00007cb632be7fb0] 
[1,696s][debug][gc,nmethod     ] GC(0) O: Unregister NMethod: java.lang.String.isEmpty (0x00007cb613411608) [0x00007cb613411700, 0x00007cb613411888] 
[1,696s][debug][gc,nmethod     ] GC(0) O: Unregister NMethod: java.util.stream.MatchOps$1MatchSink.accept (0x00007cb61385f308) [0x00007cb61385f400, 0x00007cb61385f7f0] 
[1,696s][debug][gc,nmethod     ] GC(0) O: Unregister NMethod: java.util.regex.Pattern$Slice.match (0x00007cb6139a0108) [0x00007cb6139a0200, 0x00007cb6139a0940] 
[1,696s][debug][gc,nmethod     ] GC(0) O: Unregister NMethod: jdk.internal.classfile.impl.SplitConstantPool.entryByIndex (0x00007cb613420188) [0x00007cb613420280, 0x00007cb613422330] 
[1,696s][debug][gc,nmethod     ] GC(0) O: Unregister NMethod: java.lang.String.hashCode (0x00007cb632be8c88) [0x00007cb632be8d80, 0x00007cb632be8f20] 
[1,696s][debug][gc,nmethod     ] GC(0) O: Unregister NMethod: java.util.ImmutableCollections$SetN$SetNIterator.next (0x00007cb613414b08) [0x00007cb613414c00, 0x00007cb613414f68] 
[1,696s][debug][gc,nmethod     ] GC(0) O: Unregister NMethod: java.math.BigInteger.implMulAddCheck (0x00007cb613745008) [0x00007cb613745100, 0x00007cb613749090] 
[1,696s][debug][gc,nmethod     ] GC(0) O: Unregister NMethod: java.lang.String.startsWith (0x00007cb6138c7788) [0x00007cb6138c7880, 0x00007cb6138c8aa0] 
[1,696s][debug][gc,nmethod     ] GC(0) O: Unregister NMethod: jdk.internal.classfile.impl.SplitConstantPool.canWriteDirect (0x00007cb61344aa08) [0x00007cb61344ab00, 0x00007cb61344adf8] 
[1,696s][debug][gc,nmethod     ] GC(0) O: Unregister NMethod: java.util.zip.ZipFile$Source.checkAndAddEntry (0x00007cb613473e88) [0x00007cb613473f80, 0x00007cb613476280] 
[1,696s][debug][gc,nmethod     ] GC(0) O: Unregister NMethod: java.util.stream.ReduceOps$3ReducingSink.accept (0x00007cb632c67108) [0x00007cb632c67200, 0x00007cb632c67fc8] 
[1,696s][debug][gc,nmethod     ] GC(0) O: Unregister NMethod: java.util.LinkedHashMap.afterNodeInsertion (0x00007cb613526088) [0x00007cb613526180, 0x00007cb613526388] 
[1,696s][debug][gc,nmethod     ] GC(0) O: Unregister NMethod: java.lang.StringLatin1.canEncode (0x00007cb613576208) [0x00007cb613576300, 0x00007cb613576460] 
[1,696s][debug][gc,nmethod     ] GC(0) O: Unregister NMethod: java.lang.invoke.Invokers$Holder.linkToTargetMethod (0x00007cb61352c508) [0x00007cb61352c600, 0x00007cb61352cae8] 
[1,696s][debug][gc,nmethod     ] GC(0) O: Unregister NMethod: java.util.stream.ReduceOps$ReduceOp.evaluateSequential (0x00007cb6137db988) [0x00007cb6137dba80, 0x00007cb6137dc2a8] 
[1,696s][debug][gc,nmethod     ] GC(0) O: Unregister NMethod: java.lang.invoke.DirectMethodHandle$Holder.newInvokeSpecial (0x00007cb61375cd88) [0x00007cb61375ce80, 0x00007cb61375d6f8] 
[1,696s][debug][gc,nmethod     ] GC(0) O: Unregister NMethod: jdk.internal.classfile.impl.RawBytecodeHelper.next (0x00007cb61344b108) [0x00007cb61344b200, 0x00007cb61344b978] 
[1,696s][debug][gc,nmethod     ] GC(0) O: Unregister NMethod: java.util.stream.AbstractPipeline.wrapAndCopyInto (0x00007cb6137ccd88) [0x00007cb6137cce80, 0x00007cb6137cd6f0] 
[1,696s][debug][gc,nmethod     ] GC(0) O: Unregister NMethod: java.util.zip.ZipFile$Source.isMetaName (0x00007cb613471588) [0x00007cb613471680, 0x00007cb613471ae0] 
[1,696s][debug][gc,nmethod     ] GC(0) O: Unregister NMethod: java.util.HashMap.put (0x00007cb613433b88) [0x00007cb613433c80, 0x00007cb613434268] 
[1,696s][debug][gc,nmethod     ] GC(0) O: Unregister NMethod: java.util.zip.ZipFile$Source.nextEntryPos (0x00007cb613471188) [0x00007cb613471280, 0x00007cb613471538] 
[1,696s][debug][gc,nmethod     ] GC(0) O: Unregister NMethod: java.util.StringJoiner.add (0x00007cb6137b7888) [0x00007cb6137b7980, 0x00007cb6137b9138] 
[1,696s][debug][gc,nmethod     ] GC(0) O: Unregister NMethod: java.lang.Object.equals (0x00007cb61343b188) [0x00007cb61343b280, 0x00007cb61343b3d0] 
[1,696s][debug][gc,nmethod     ] GC(0) O: Unregister NMethod: jdk.internal.loader.URLClassPath$JarLoader$1.getBytes (0x00007cb6135eab88) [0x00007cb6135eac80, 0x00007cb6135eb568] 
[1,696s][debug][gc,nmethod     ] GC(0) O: Unregister NMethod: java.util.concurrent.ConcurrentHashMap.putIfAbsent (0x00007cb613418688) [0x00007cb613418780, 0x00007cb613418a80] 
[1,696s][debug][gc,nmethod     ] GC(0) O: Unregister NMethod: java.util.WeakHashMap.getTable (0x00007cb61348b208) [0x00007cb61348b300, 0x00007cb61348b478] 
[1,696s][debug][gc,nmethod     ] GC(0) O: Unregister NMethod: java.lang.String.indexOf (0x00007cb61351ba88) [0x00007cb61351bb80, 0x00007cb61351c680] 
[1,696s][debug][gc,nmethod     ] GC(0) O: Unregister NMethod: java.lang.StringCoding.countPositives (0x00007cb613526f08) [0x00007cb613527000, 0x00007cb613527208] 
[1,696s][debug][gc,nmethod     ] GC(0) O: Unregister NMethod: jdk.internal.classfile.impl.AbstractPoolEntry$Utf8EntryImpl.writeTo (0x00007cb61345fd08) [0x00007cb61345fe00, 0x00007cb613460610] 
[1,696s][debug][gc,nmethod     ] GC(0) O: Unregister NMethod: java.util.jar.JarFile.getEntry (0x00007cb632c3e388) [0x00007cb632c3e480, 0x00007cb632c3f918] 
[1,696s][debug][gc,nmethod     ] GC(0) O: Unregister NMethod: java.util.regex.Pattern$Slice.match (0x00007cb632c89308) [0x00007cb632c89400, 0x00007cb632c896e0] 
[1,696s][debug][gc,nmethod     ] Register NMethod: org.gradle.internal.io.StreamByteBuffer.access$000 (0x00007cb632c9de08) [0x00007cb632c9df00, 0x00007cb632c9dfd0] Compiler: c1, Barriers: 1, Oops: 1, ImmediateOops: 0, NonImmediateOops: No
[1,696s][debug][gc,nmethod     ] GC(0) O: Unregister NMethod: java.io.BufferedInputStream.read (0x00007cb613451e88) [0x00007cb613451f80, 0x00007cb6134523d8] 
[1,696s][debug][gc,nmethod     ] GC(0) O: Unregister NMethod: java.lang.StringBuilder.append (0x00007cb61344d488) [0x00007cb61344d580, 0x00007cb61344d6c8] 
[1,696s][debug][gc,nmethod     ] GC(0) O: Unregister NMethod: jdk.internal.constant.MethodTypeDescImpl.parameterCount (0x00007cb6134c0988) [0x00007cb6134c0a80, 0x00007cb6134c0bb8] 
[1,696s][debug][gc,nmethod     ] GC(0) O: Unregister NMethod: java.lang.Math.max (0x00007cb613446208) [0x00007cb613446300, 0x00007cb613446428] 
[1,697s][debug][gc,nmethod     ] GC(0) O: Unregister NMethod: java.util.regex.Pattern$$Lambda/0x0000000026110988.is (0x00007cb613989088) [0x00007cb613989180, 0x00007cb6139893b8] 
[1,697s][debug][gc,nmethod     ] GC(0) O: Unregister NMethod: java.lang.CharacterDataLatin1.isWhitespace (0x00007cb6135bc088) [0x00007cb6135bc180, 0x00007cb6135bc520] 
[1,697s][debug][gc,nmethod     ] GC(0) O: Unregister NMethod: java.lang.String.<init> (0x00007cb632c4f288) [0x00007cb632c4f380, 0x00007cb632c4f760] 
[1,697s][debug][gc,nmethod     ] GC(0) O: Unregister NMethod: jdk.internal.loader.URLClassPath$JarLoader.getResource (0x00007cb632c46c88) [0x00007cb632c46d80, 0x00007cb632c48468] 
[1,697s][debug][gc,nmethod     ] GC(0) O: Unregister NMethod: jdk.internal.util.ArraysSupport.hashCodeOfUnsigned (0x00007cb613405488) [0x00007cb613405580, 0x00007cb6134057f8] 
[1,697s][debug][gc,nmethod     ] GC(0) O: Unregister NMethod: java.nio.DirectIntBufferU.ix (0x00007cb613682f08) [0x00007cb613683000, 0x00007cb613683110] 
[1,697s][debug][gc,nmethod     ] GC(0) O: Unregister NMethod: java.util.stream.AbstractPipeline.sourceSpliterator (0x00007cb6137d5d88) [0x00007cb6137d5e80, 0x00007cb6137d7948] 
[1,697s][debug][gc,nmethod     ] GC(0) O: Unregister NMethod: java.math.BigInteger.mulAdd (0x00007cb613744888) [0x00007cb613744980, 0x00007cb613744b10] 
[1,697s][debug][gc,nmethod     ] GC(0) O: Unregister NMethod: java.util.concurrent.ConcurrentHashMap.casTabAt (0x00007cb613444a88) [0x00007cb613444b80, 0x00007cb613444cf0] 
[1,697s][debug][gc,nmethod     ] GC(0) O: Unregister NMethod: java.util.stream.ReferencePipeline$3$1.accept (0x00007cb632c68e88) [0x00007cb632c68f80, 0x00007cb632c69c60] 
[1,697s][debug][gc,nmethod     ] GC(0) O: Unregister NMethod: java.lang.StringCoding.countPositives (0x00007cb61346e408) [0x00007cb61346e500, 0x00007cb61346e708] 
[1,697s][debug][gc,nmethod     ] GC(0) O: Unregister NMethod: java.util.Spliterators$ArraySpliterator.forEachRemaining (0x00007cb632c7ff08) [0x00007cb632c80000, 0x00007cb632c80fe8] 
[1,697s][debug][gc,nmethod     ] GC(0) O: Unregister NMethod: java.lang.String.isLatin1 (0x00007cb61340d408) [0x00007cb61340d500, 0x00007cb61340d660] 
[1,697s][debug][gc,nmethod     ] Register NMethod: org.gradle.internal.io.StreamByteBuffer$StreamByteBufferChunk.spaceLeft (0x00007cb6139ff308) [0x00007cb6139ff400, 0x00007cb6139ff508] Compiler: c1, Barriers: 0, Oops: 1, ImmediateOops: 0, NonImmediateOops: No
[1,697s][debug][gc,nmethod     ] GC(0) O: Unregister NMethod: java.util.stream.Sink.end (0x00007cb6137cca88) [0x00007cb6137ccb80, 0x00007cb6137ccc80] 
[1,697s][debug][gc,nmethod     ] Register NMethod: org.gradle.internal.io.LineBufferingOutputStream.endsWithLineSeparator (0x00007cb6139ff608) [0x00007cb6139ff700, 0x00007cb6139ff888] Compiler: c1, Barriers: 0, Oops: 1, ImmediateOops: 0, NonImmediateOops: No
[1,697s][debug][gc,nmethod     ] GC(0) O: Unregister NMethod: java.util.stream.ReduceOps$3ReducingSink.accept (0x00007cb61376f888) [0x00007cb61376f980, 0x00007cb61376fcf8] 
[1,697s][debug][gc,nmethod     ] Register NMethod: org.gradle.internal.io.StreamByteBuffer$StreamByteBufferOutputStream.write (0x00007cb6139ff908) [0x00007cb6139ffa00, 0x00007cb6139ffc70] Compiler: c1, Barriers: 3, Oops: 1, ImmediateOops: 0, NonImmediateOops: No
[1,697s][debug][gc,nmethod     ] GC(0) O: Unregister NMethod: java.lang.Class.cast (0x00007cb613561b08) [0x00007cb613561c00, 0x00007cb613562058] 
[1,697s][debug][gc,nmethod     ] Register NMethod: org.gradle.internal.io.StreamByteBuffer$StreamByteBufferChunk.write (0x00007cb6139ffc88) [0x00007cb6139ffd80, 0x00007cb6139fff48] Compiler: c1, Barriers: 1, Oops: 1, ImmediateOops: 0, NonImmediateOops: No
[1,697s][debug][gc,nmethod     ] GC(0) O: Unregister NMethod: java.util.ArrayList$ArrayListSpliterator.tryAdvance (0x00007cb613861188) [0x00007cb613861280, 0x00007cb613861968] 
[1,697s][debug][gc,nmethod     ] GC(0) O: Unregister NMethod: java.lang.String.startsWith (0x00007cb632c4d808) [0x00007cb632c4d900, 0x00007cb632c4dbf8] 
[1,697s][debug][gc,nmethod     ] GC(0) O: Unregister NMethod: jdk.internal.classfile.impl.EntryMap.put (0x00007cb613427508) [0x00007cb613427600, 0x00007cb613427cd0] 
[1,697s][debug][gc,nmethod     ] GC(0) O: Unregister NMethod: java.lang.StringLatin1.indexOf (0x00007cb61344b988) [0x00007cb61344ba80, 0x00007cb61344bdd8] 
[1,697s][debug][gc,nmethod     ] GC(0) O: Unregister NMethod: java.lang.String.coder (0x00007cb61340bd08) [0x00007cb61340be00, 0x00007cb61340bf28] 
[1,697s][debug][gc,nmethod     ] GC(0) O: Unregister NMethod: junit.framework.TestSuite.addTestMethod (0x00007cb613832008) [0x00007cb613832100, 0x00007cb6138352b8] 
[1,697s][debug][gc,nmethod     ] GC(0) O: Unregister NMethod: java.lang.String.replace (0x00007cb61346c388) [0x00007cb61346c480, 0x00007cb61346c988] 
[1,697s][debug][gc,nmethod     ] GC(0) O: Unregister NMethod: java.util.stream.AbstractPipeline.evaluate (0x00007cb632c83e88) [0x00007cb632c83f80, 0x00007cb632c852c8] 
[1,697s][debug][gc,nmethod     ] GC(0) O: Unregister NMethod: java.util.regex.Pattern$Slice.match (0x00007cb613994788) [0x00007cb613994880, 0x00007cb613994fc0] 
[1,697s][debug][gc,nmethod     ] GC(0) O: Unregister NMethod: java.lang.String.regionMatches (0x00007cb6134c3e88) [0x00007cb6134c3f80, 0x00007cb6134c5378] 
[1,697s][debug][gc,nmethod     ] GC(0) O: Unregister NMethod: java.util.StringJoiner.add (0x00007cb632c65c08) [0x00007cb632c65d00, 0x00007cb632c66368] 
[1,697s][debug][gc,nmethod     ] GC(0) O: Unregister NMethod: java.lang.StringCoding.countNonZeroAsciiLatin1 (0x00007cb61341fb08) [0x00007cb61341fc00, 0x00007cb61341fe08] 
[1,697s][debug][gc,nmethod     ] GC(0) O: Unregister NMethod: java.util.Objects.equals (0x00007cb61340ab88) [0x00007cb61340ac80, 0x00007cb61340b008] 
[1,697s][debug][gc,nmethod     ] GC(0) O: Unregister NMethod: java.util.jar.Manifest$FastInputStream.readLine (0x00007cb613484588) [0x00007cb613484680, 0x00007cb613484ed8] 
[1,697s][debug][gc,nmethod     ] GC(0) O: Unregister NMethod: java.net.URLClassLoader.defineClass (0x00007cb61360f788) [0x00007cb61360f880, 0x00007cb613614118] 
[1,697s][debug][gc,nmethod     ] GC(0) O: Unregister NMethod: java.math.BigInteger.addOne (0x00007cb613744b88) [0x00007cb613744c80, 0x00007cb613744f98] 
[1,697s][debug][gc,nmethod     ] Register NMethod: org.gradle.internal.io.StreamByteBuffer.allocateSpace (0x00007cb6139fff88) [0x00007cb613a00080, 0x00007cb613a00858] Compiler: c1, Barriers: 9, Oops: 1, ImmediateOops: 0, NonImmediateOops: No
[1,697s][debug][gc,nmethod     ] GC(0) O: Unregister NMethod: java.util.zip.ZipUtils.get32 (0x00007cb613456e88) [0x00007cb613456f80, 0x00007cb613457388] 
[1,697s][debug][gc,nmethod     ] GC(0) O: Unregister NMethod: java.util.LinkedHashMap.values (0x00007cb61381a308) [0x00007cb61381a400, 0x00007cb61381a548] 
[1,697s][debug][gc,nmethod     ] GC(0) O: Unregister NMethod: java.util.zip.ZipFile.zipCoderFor (0x00007cb61346ff88) [0x00007cb613470080, 0x00007cb6134704d0] 
[1,697s][debug][gc,nmethod     ] GC(0) O: Unregister NMethod: java.util.Spliterator.getExactSizeIfKnown (0x00007cb6137cb608) [0x00007cb6137cb700, 0x00007cb6137cbc50] 
[1,697s][debug][gc,nmethod     ] GC(0) O: Unregister NMethod: java.util.WeakHashMap.put (0x00007cb613534188) [0x00007cb613534280, 0x00007cb613535bc0] 
[1,697s][debug][gc,nmethod     ] GC(0) O: Unregister NMethod: java.util.StringJoiner.checkAddLength (0x00007cb61377f188) [0x00007cb61377f280, 0x00007cb61377fe40] 
[1,697s][debug][gc,nmethod     ] GC(0) O: Unregister NMethod: java.lang.AbstractStringBuilder.isLatin1 (0x00007cb613476308) [0x00007cb613476400, 0x00007cb6134765c0] 
[1,697s][debug][gc,nmethod     ] GC(0) O: Unregister NMethod: java.lang.AbstractStringBuilder.<init> (0x00007cb61381c608) [0x00007cb61381c700, 0x00007cb61381d560] 
[1,697s][debug][gc,nmethod     ] GC(0) O: Unregister NMethod: java.nio.DirectByteBuffer.get (0x00007cb613490188) [0x00007cb613490280, 0x00007cb613491080] 
[1,697s][debug][gc,nmethod     ] GC(0) O: Unregister NMethod: java.lang.Class.isArray (0x00007cb61341f188) [0x00007cb61341f280, 0x00007cb61341f400] 
[1,697s][debug][gc,nmethod     ] GC(0) O: Unregister NMethod: java.util.HashMap.hash (0x00007cb613427d08) [0x00007cb613427e00, 0x00007cb613428138] 
[1,697s][debug][gc,nmethod     ] GC(0) O: Unregister NMethod: java.util.jar.JarFile.getJarEntry (0x00007cb632c48b88) [0x00007cb632c48c80, 0x00007cb632c4a248] 
[1,697s][debug][gc,nmethod     ] GC(0) O: Unregister NMethod: jdk.internal.misc.Unsafe.putReferenceRelease (0x00007cb61346ca08) [0x00007cb61346cb00, 0x00007cb61346cc78] 
[1,697s][debug][gc,nmethod     ] GC(0) O: Unregister NMethod: java.util.LinkedHashMap$LinkedValues.toArray (0x00007cb613839788) [0x00007cb613839880, 0x00007cb613839db8] 
[1,697s][debug][gc,nmethod     ] Register NMethod: org.gradle.internal.io.LineBufferingOutputStream.write (0x00007cb613a00888) [0x00007cb613a00980, 0x00007cb613a02168] Compiler: c1, Barriers: 4, Oops: 1, ImmediateOops: 2, NonImmediateOops: No
[1,697s][debug][gc,nmethod     ] GC(0) O: Unregister NMethod: java.util.Optional.empty (0x00007cb613447088) [0x00007cb613447180, 0x00007cb613447268] 
[1,697s][debug][gc,nmethod     ] GC(0) O: Unregister NMethod: java.util.zip.Checksum.update (0x00007cb6135ea888) [0x00007cb6135ea980, 0x00007cb6135eab08] 
[1,697s][debug][gc,nmethod     ] GC(0) O: Unregister NMethod: java.util.concurrent.ConcurrentHashMap.setTabAt (0x00007cb61346cd08) [0x00007cb61346ce00, 0x00007cb61346d100] 
[1,697s][debug][gc,nmethod     ] GC(0) O: Unregister NMethod: sun.reflect.generics.parser.SignatureParser.current (0x00007cb6135bd188) [0x00007cb6135bd280, 0x00007cb6135be090] 
[1,697s][debug][gc,nmethod     ] GC(0) O: Unregister NMethod: jdk.internal.util.StrongReferenceKey.hashCode (0x00007cb61341eb08) [0x00007cb61341ec00, 0x00007cb61341f110] 
[1,697s][debug][gc,nmethod     ] GC(0) O: Unregister NMethod: java.util.concurrent.ConcurrentHashMap.tabAt (0x00007cb613413e08) [0x00007cb613413f00, 0x00007cb613414448] 
[1,697s][debug][gc,nmethod     ] GC(0) O: Unregister NMethod: java.util.Arrays.copyOf (0x00007cb613472e08) [0x00007cb613472f00, 0x00007cb6134732c8] 
[1,697s][debug][gc,nmethod     ] GC(0) O: Unregister NMethod: java.util.concurrent.ConcurrentHashMap.addCount (0x00007cb613414f88) [0x00007cb613415080, 0x00007cb613415d20] 
[1,697s][debug][gc,nmethod     ] GC(0) O: Unregister NMethod: java.util.stream.AbstractPipeline.<init> (0x00007cb6137caa88) [0x00007cb6137cab80, 0x00007cb6137caec8] 
[1,697s][debug][gc,nmethod     ] GC(0) O: Unregister NMethod: worker.org.gradle.internal.stream.EncodedStream$EncodedInput.hexToByte (0x00007cb613452408) [0x00007cb613452500, 0x00007cb613452c48] 
[1,697s][debug][gc,nmethod     ] GC(0) O: Unregister NMethod: java.lang.StringLatin1.indexOf (0x00007cb61351b788) [0x00007cb61351b880, 0x00007cb61351ba60] 
[1,697s][debug][gc,nmethod     ] GC(0) O: Unregister NMethod: jdk.internal.util.ArraysSupport.vectorizedHashCode (0x00007cb632c13608) [0x00007cb632c13720, 0x00007cb632c139d8] 
[1,697s][debug][gc,nmethod     ] GC(0) O: Unregister NMethod: java.util.stream.AbstractPipeline.copyInto (0x00007cb6137cd708) [0x00007cb6137cd800, 0x00007cb6137ce920] 
[1,697s][debug][gc,nmethod     ] GC(0) O: Unregister NMethod: java.lang.String.charAt (0x00007cb61367ab08) [0x00007cb61367ac00, 0x00007cb61367b338] 
[1,697s][debug][gc,nmethod     ] Register NMethod: org.gradle.internal.io.StreamByteBuffer$StreamByteBufferChunk.spaceLeft (0x00007cb632c9e108) [0x00007cb632c9e200, 0x00007cb632c9e288] Compiler: jvmci, Barriers: 0, Oops: 1, ImmediateOops: 0, NonImmediateOops: No
[1,697s][debug][gc,nmethod     ] GC(0) O: Unregister NMethod: java.util.regex.Pattern$Slice.match (0x00007cb61398a408) [0x00007cb61398a500, 0x00007cb61398ac40] 
[1,697s][debug][gc,nmethod     ] GC(0) O: Unregister NMethod: java.lang.StringLatin1.indexOf (0x00007cb613411008) [0x00007cb613411100, 0x00007cb613411588] 
[1,697s][debug][gc,nmethod     ] GC(0) O: Unregister NMethod: java.util.ArrayList.add (0x00007cb632c68008) [0x00007cb632c68100, 0x00007cb632c68820] 
[1,697s][debug][gc,nmethod     ] GC(0) O: Unregister NMethod: java.lang.AbstractStringBuilder.append (0x00007cb61344d788) [0x00007cb61344d880, 0x00007cb61344e4d0] 
[1,697s][debug][gc,nmethod     ] GC(0) O: Unregister NMethod: java.lang.ClassLoader.checkName (0x00007cb61347fc08) [0x00007cb61347fd00, 0x00007cb613480a48] 
[1,697s][debug][gc,nmethod     ] GC(0) O: Unregister NMethod: java.util.HashMap.resize (0x00007cb61343ed88) [0x00007cb61343eea0, 0x00007cb613440b80] 
[1,698s][debug][gc,nmethod     ] GC(0) O: Unregister NMethod: java.util.BitSet.set (0x00007cb61352a988) [0x00007cb61352aa80, 0x00007cb61352b9c8] 
[1,698s][debug][gc,nmethod     ] GC(0) O: Unregister NMethod: jdk.internal.jimage.ImageStringsReader.unmaskedHashCode (0x00007cb613519e08) [0x00007cb613519f00, 0x00007cb61351b100] 
[1,698s][debug][gc,nmethod     ] GC(0) O: Unregister NMethod: java.lang.invoke.MethodType.parameterCount (0x00007cb613422f88) [0x00007cb613423080, 0x00007cb6134231b8] 
[1,698s][debug][gc,nmethod     ] GC(0) O: Unregister NMethod: java.util.LinkedHashMap.get (0x00007cb6134dfc08) [0x00007cb6134dfd00, 0x00007cb6134e0118] 
[1,698s][debug][gc,nmethod     ] GC(0) O: Unregister NMethod: jdk.internal.classfile.impl.SplitConstantPool.tryFindUtf8 (0x00007cb61345bd08) [0x00007cb61345be00, 0x00007cb61345d638] 
[1,698s][debug][gc,nmethod     ] GC(0) O: Unregister NMethod: org.junit.platform.commons.util.ReflectionUtils.hasCompatibleSignature (0x00007cb613861988) [0x00007cb613861a80, 0x00007cb613863450] 
[1,698s][debug][gc,nmethod     ] GC(0) O: Unregister NMethod: jdk.internal.loader.Resource.getByteBuffer (0x00007cb6135e9a08) [0x00007cb6135e9b00, 0x00007cb6135ea878] 
[1,698s][debug][gc,nmethod     ] GC(0) O: Unregister NMethod: jdk.internal.loader.Resource.getBytes (0x00007cb6135e5b08) [0x00007cb6135e5c00, 0x00007cb6135e70f0] 
[1,698s][debug][gc,nmethod     ] GC(0) O: Unregister NMethod: jdk.internal.loader.URLClassPath$JarLoader.getResource (0x00007cb6134c2108) [0x00007cb6134c2200, 0x00007cb6134c2b30] 
[1,698s][debug][gc,nmethod     ] GC(0) O: Unregister NMethod: java.util.LinkedHashMap$LinkedHashIterator.hasNext (0x00007cb61375ff88) [0x00007cb613760080, 0x00007cb613760200] 
[1,698s][debug][gc,nmethod     ] GC(0) O: Unregister NMethod: java.lang.invoke.LambdaForm$Holder.constant_L (0x00007cb61352cb08) [0x00007cb61352cc00, 0x00007cb61352cf20] 
[1,698s][debug][gc,nmethod     ] GC(0) O: Unregister NMethod: java.lang.StringCoding.countPositives (0x00007cb632c04e88) [0x00007cb632c04f80, 0x00007cb632c05308] 
[1,698s][debug][gc,nmethod     ] GC(0) O: Unregister NMethod: java.lang.String.length (0x00007cb61340cf88) [0x00007cb61340d080, 0x00007cb61340d400] 
[1,698s][debug][gc,nmethod     ] GC(0) O: Unregister NMethod: java.lang.System$1.uncheckedCountPositives (0x00007cb613470808) [0x00007cb613470900, 0x00007cb613470b58] 
[1,698s][debug][gc,nmethod     ] GC(0) O: Unregister NMethod: java.lang.ref.Reference.reachabilityFence (0x00007cb613476a08) [0x00007cb613476b00, 0x00007cb613476be0] 
[1,698s][debug][gc,nmethod     ] GC(0) O: Unregister NMethod: java.lang.String.indexOf (0x00007cb61340f108) [0x00007cb61340f200, 0x00007cb61340f828] 
[1,698s][debug][gc,nmethod     ] GC(0) O: Unregister NMethod: java.math.BigInteger.implMulAdd (0x00007cb613744508) [0x00007cb613744600, 0x00007cb613744820] 
[1,698s][debug][gc,nmethod     ] GC(0) O: Unregister NMethod: java.util.LinkedHashMap.newNode (0x00007cb613525908) [0x00007cb613525a00, 0x00007cb613525be8] 
[1,698s][debug][gc,nmethod     ] GC(0) O: Unregister NMethod: java.lang.String.equals (0x00007cb613405b08) [0x00007cb613405c00, 0x00007cb6134062c0] 
[1,698s][debug][gc,nmethod     ] GC(0) O: Unregister NMethod: jdk.internal.classfile.impl.AbstractPoolEntry.maybeClone (0x00007cb613449f88) [0x00007cb61344a080, 0x00007cb61344a9e8] 
[1,698s][debug][gc,nmethod     ] GC(0) O: Unregister NMethod: java.util.stream.AbstractPipeline.<init> (0x00007cb6137caf08) [0x00007cb6137cb000, 0x00007cb6137cb590] 
[1,698s][debug][gc,nmethod     ] GC(0) O: Unregister NMethod: org.junit.platform.commons.util.ReflectionUtils$$Lambda/0x000000002617d518.compare (0x00007cb613761908) [0x00007cb613761a00, 0x00007cb613761f40] 
[1,698s][debug][gc,nmethod     ] GC(0) O: Unregister NMethod: java.util.BitSet.checkInvariants (0x00007cb613528a88) [0x00007cb613528b80, 0x00007cb613528cb0] 
[1,698s][debug][gc,nmethod     ] GC(0) O: Unregister NMethod: java.util.regex.Pattern$BmpCharPropertyGreedy.match (0x00007cb613632788) [0x00007cb613632880, 0x00007cb613633200] 
[1,698s][debug][gc,nmethod     ] GC(0) O: Unregister NMethod: jdk.internal.classfile.impl.AbstractPoolEntry$Utf8EntryImpl.<init> (0x00007cb61345e788) [0x00007cb61345e880, 0x00007cb61345f0e8] 
[1,698s][debug][gc,nmethod     ] GC(0) O: Unregister NMethod: java.lang.StringLatin1.lastIndexOf (0x00007cb613412608) [0x00007cb613412700, 0x00007cb613412ac8] 
[1,698s][debug][gc,nmethod     ] GC(0) O: Unregister NMethod: java.util.zip.ZipFile$CleanableResource.releaseInflater (0x00007cb613554508) [0x00007cb613554600, 0x00007cb613554b58] 
[1,698s][debug][gc,nmethod     ] GC(0) O: Unregister NMethod: java.util.HashMap.putVal (0x00007cb632bf8308) [0x00007cb632bf8420, 0x00007cb632bf9ce8] 
[1,698s][debug][gc,nmethod     ] GC(0) O: Unregister NMethod: java.util.ArrayList$Itr.hasNext (0x00007cb613581d88) [0x00007cb613581e80, 0x00007cb613582010] 
[1,698s][debug][gc,nmethod     ] GC(0) O: Unregister NMethod: java.util.HashMap.put (0x00007cb632c2de08) [0x00007cb632c2df20, 0x00007cb632c2f740] 
[1,698s][debug][gc,nmethod     ] GC(0) O: Unregister NMethod: java.lang.ref.SoftReference.get (0x00007cb613570408) [0x00007cb613570500, 0x00007cb6135706c0] 
[1,698s][debug][gc,nmethod     ] GC(0) O: Unregister NMethod: java.util.stream.SortedOps$SizedRefSortingSink.accept (0x00007cb61385da08) [0x00007cb61385db00, 0x00007cb61385df08] 
[1,698s][debug][gc,nmethod     ] GC(0) O: Unregister NMethod: java.util.StringJoiner.<init> (0x00007cb6137ba188) [0x00007cb6137ba280, 0x00007cb6137baf80] 
[1,698s][debug][gc,nmethod     ] GC(0) O: Unregister NMethod: java.util.StringJoiner.toString (0x00007cb6137b9188) [0x00007cb6137b9280, 0x00007cb6137b9560] 
[1,698s][debug][gc,nmethod     ] GC(0) O: Unregister NMethod: java.lang.StringLatin1.equals (0x00007cb613401a08) [0x00007cb613401b00, 0x00007cb613401d68] 
[1,698s][debug][gc,nmethod     ] GC(0) O: Unregister NMethod: java.lang.String.getBytes (0x00007cb613419308) [0x00007cb613419400, 0x00007cb613419908] 
[1,698s][debug][gc,nmethod     ] GC(0) O: Unregister NMethod: java.util.ArrayList.get (0x00007cb61347b908) [0x00007cb61347ba00, 0x00007cb61347bca8] 
[1,698s][debug][gc,nmethod     ] GC(0) O: Unregister NMethod: java.util.concurrent.ConcurrentHashMap.get (0x00007cb61341cc88) [0x00007cb61341cd80, 0x00007cb61341dd98] 
[1,698s][debug][gc,nmethod     ] GC(0) O: Unregister NMethod: java.util.HashSet.add (0x00007cb613434788) [0x00007cb613434880, 0x00007cb613434c10] 
[1,698s][debug][gc,nmethod     ] GC(0) O: Unregister NMethod: sun.nio.fs.UnixPath.checkNotNul (0x00007cb61346ea88) [0x00007cb61346eb80, 0x00007cb61346ed20] 
[1,698s][debug][gc,nmethod     ] GC(0) O: Unregister NMethod: sun.util.locale.LocaleUtils.toLower (0x00007cb613636908) [0x00007cb613636a00, 0x00007cb613636c00] 
[1,698s][debug][gc,nmethod     ] GC(0) O: Unregister NMethod: java.io.BufferedInputStream.getBufIfOpen (0x00007cb632bfa388) [0x00007cb632bfa480, 0x00007cb632bfa5b0] 
[1,698s][debug][gc,nmethod     ] GC(0) O: Unregister NMethod: java.lang.AbstractStringBuilder.needsNewBuffer (0x00007cb613445708) [0x00007cb613445800, 0x00007cb6134459a0] 
[1,698s][debug][gc,nmethod     ] GC(0) O: Unregister NMethod: java.util.zip.ZipUtils.get16 (0x00007cb61344f388) [0x00007cb61344f480, 0x00007cb61344f880] 
[1,698s][debug][gc,nmethod     ] GC(0) O: Unregister NMethod: jdk.internal.loader.URLClassPath$JarLoader.findResource (0x00007cb613685e08) [0x00007cb613685f00, 0x00007cb613686108] 
[1,698s][debug][gc,nmethod     ] GC(0) O: Unregister NMethod: java.lang.StringBuilder.<init> (0x00007cb613478808) [0x00007cb613478900, 0x00007cb613478a38] 
[1,698s][debug][gc,nmethod     ] GC(0) O: Unregister NMethod: java.util.concurrent.ConcurrentHashMap.get (0x00007cb61378c108) [0x00007cb61378c200, 0x00007cb61378d218] 
[1,698s][debug][gc,nmethod     ] GC(0) O: Unregister NMethod: java.lang.Record.<init> (0x00007cb613453e08) [0x00007cb613453f00, 0x00007cb613454058] 
[1,698s][debug][gc,nmethod     ] GC(0) O: Unregister NMethod: jdk.internal.loader.URLClassPath$JarLoader.getResource (0x00007cb613487b08) [0x00007cb613487c00, 0x00007cb6134881c0] 
[1,698s][debug][gc,nmethod     ] GC(0) O: Unregister NMethod: jdk.internal.classfile.impl.BufWriterImpl.writeU1U2 (0x00007cb6134e7908) [0x00007cb6134e7a00, 0x00007cb6134e7e98] 
[1,698s][debug][gc,nmethod     ] GC(0) O: Unregister NMethod: java.util.Spliterators$ArraySpliterator.forEachRemaining (0x00007cb6137d2d88) [0x00007cb6137d2e80, 0x00007cb6137d3450] 
[1,698s][debug][gc,nmethod     ] GC(0) O: Unregister NMethod: java.lang.CharacterDataLatin1.getProperties (0x00007cb6134e5c08) [0x00007cb6134e5d00, 0x00007cb6134e5e30] 
[1,698s][debug][gc,nmethod     ] GC(0) O: Unregister NMethod: java.util.stream.Collectors$$Lambda/0x00000000260e07a8.accept (0x00007cb632c6ad88) [0x00007cb632c6ae80, 0x00007cb632c6b4c0] 
[1,698s][debug][gc,nmethod     ] GC(0) O: Unregister NMethod: java.lang.ref.ReferenceQueue.poll (0x00007cb613418d88) [0x00007cb613418e80, 0x00007cb6134192a0] 
[1,698s][debug][gc,nmethod     ] GC(0) O: Unregister NMethod: java.util.stream.MatchOps$1MatchSink.accept (0x00007cb632c70488) [0x00007cb632c70580, 0x00007cb632c714f8] 
[1,698s][debug][gc,nmethod     ] GC(0) O: Unregister NMethod: java.util.ImmutableCollections$SetN.probe (0x00007cb613401088) [0x00007cb613401180, 0x00007cb6134019a8] 
[1,698s][debug][gc,nmethod     ] GC(0) O: Unregister NMethod: java.util.stream.ReferencePipeline$2$1.accept (0x00007cb613428188) [0x00007cb613428280, 0x00007cb613428840] 
[1,698s][debug][gc,nmethod     ] GC(0) O: Unregister NMethod: java.lang.StringBuilder.append (0x00007cb61348ed88) [0x00007cb61348ee80, 0x00007cb61348efc8] 
[1,698s][debug][gc,nmethod     ] GC(0) O: Unregister NMethod: jdk.internal.util.ArraysSupport.unsignedHashCode (0x00007cb613400008) [0x00007cb613400100, 0x00007cb613400310] 
[1,698s][debug][gc,nmethod     ] GC(0) O: Unregister NMethod: java.lang.String.substring (0x00007cb613442408) [0x00007cb613442500, 0x00007cb613443020] 
[1,698s][debug][gc,nmethod     ] GC(0) O: Unregister NMethod: java.lang.Character.codePointAt (0x00007cb613988588) [0x00007cb613988680, 0x00007cb613989050] 
[1,698s][debug][gc,nmethod     ] GC(0) O: Unregister NMethod: java.util.HashMap.get (0x00007cb613431488) [0x00007cb613431580, 0x00007cb613431918] 
[1,698s][debug][gc,nmethod     ] GC(0) O: Unregister NMethod: java.util.stream.StreamSupport.stream (0x00007cb6137bbb88) [0x00007cb6137bbc80, 0x00007cb6137bc070] 
[1,698s][debug][gc,phases      ] GC(0) O: Concurrent Classes Unlink 5,041ms
[1,698s][debug][gc,phases,start] GC(0) O: Concurrent Classes Purge
[1,698s][debug][gc,nmethod     ] GC(0) O: Purge NMethod: java.util.Optional.isPresent (0x00007cb6138af808) [0x00007cb6138af900, 0x00007cb6138afa80] 
[1,698s][debug][gc,nmethod     ] GC(0) O: Purge NMethod: java.util.stream.Collectors$$Lambda/0x00000000260e07a8.accept (0x00007cb6137bb008) [0x00007cb6137bb100, 0x00007cb6137bb828] 
[1,698s][debug][gc,nmethod     ] GC(0) O: Purge NMethod: java.lang.AbstractStringBuilder.append (0x00007cb61348f088) [0x00007cb61348f180, 0x00007cb61348f638] 
[1,698s][debug][gc,nmethod     ] GC(0) O: Purge NMethod: java.lang.AbstractStringBuilder.needsNewBuffer (0x00007cb613682c08) [0x00007cb613682d00, 0x00007cb613682ea0] 
[1,698s][debug][gc,nmethod     ] GC(0) O: Purge NMethod: java.util.zip.ZipCoder$UTF8ZipCoder.checkedHash (0x00007cb613471b08) [0x00007cb613471c00, 0x00007cb613472020] 
[1,698s][debug][gc,nmethod     ] GC(0) O: Purge NMethod: java.util.stream.AbstractPipeline.wrapSink (0x00007cb6137c0108) [0x00007cb6137c0200, 0x00007cb6137c0778] 
[1,699s][debug][gc,nmethod     ] GC(0) O: Purge NMethod: java.lang.Class.getName (0x00007cb613453508) [0x00007cb613453600, 0x00007cb6134537b0] 
[1,699s][debug][gc,nmethod     ] GC(0) O: Purge NMethod: java.lang.Character.charCount (0x00007cb6136ae988) [0x00007cb6136aea80, 0x00007cb6136aebd0] 
[1,699s][debug][gc,nmethod     ] GC(0) O: Purge NMethod: java.lang.reflect.Method.copy (0x00007cb613760e08) [0x00007cb613760f00, 0x00007cb613761600] 
[1,699s][debug][gc,nmethod     ] GC(0) O: Purge NMethod: java.lang.String.hashCode (0x00007cb613419988) [0x00007cb613419a80, 0x00007cb61341a028] 
[1,699s][debug][gc,nmethod     ] GC(0) O: Purge NMethod: jdk.internal.misc.Unsafe.allocateUninitializedArray (0x00007cb613424188) [0x00007cb613424280, 0x00007cb613424848] 
[1,699s][debug][gc,nmethod     ] GC(0) O: Purge NMethod: java.lang.invoke.MemberName.getReferenceKind (0x00007cb61347d988) [0x00007cb61347da80, 0x00007cb61347db90] 
[1,699s][debug][gc,nmethod     ] GC(0) O: Purge NMethod: sun.util.locale.BaseLocale.hashCode (0x00007cb613637608) [0x00007cb613637700, 0x00007cb61363b588] 
[1,699s][debug][gc,nmethod     ] GC(0) O: Purge NMethod: java.util.jar.JarFile.getJarEntry (0x00007cb613487108) [0x00007cb613487200, 0x00007cb613487aa8] 
[1,699s][debug][gc,nmethod     ] GC(0) O: Purge NMethod: java.nio.DirectByteBuffer.ix (0x00007cb61348f688) [0x00007cb61348f780, 0x00007cb61348f888] 
[1,699s][debug][gc,nmethod     ] GC(0) O: Purge NMethod: java.util.stream.Sink.begin (0x00007cb613865888) [0x00007cb613865980, 0x00007cb613865a80] 
[1,699s][debug][gc,nmethod     ] GC(0) O: Purge NMethod: jdk.internal.misc.Unsafe.getIntUnaligned (0x00007cb632c00488) [0x00007cb632c00580, 0x00007cb632c00640] 
[1,699s][debug][gc,nmethod     ] GC(0) O: Purge NMethod: java.io.BufferedInputStream.getBufIfOpen (0x00007cb613451908) [0x00007cb613451a00, 0x00007cb613451e18] 
[1,699s][debug][gc,nmethod     ] GC(0) O: Purge NMethod: jdk.internal.loader.URLClassPath$JarLoader.getResource (0x00007cb632c3fd08) [0x00007cb632c3fe00, 0x00007cb632c414f0] 
[1,699s][debug][gc,nmethod     ] GC(0) O: Purge NMethod: java.util.stream.AbstractPipeline.evaluate (0x00007cb6137d1b88) [0x00007cb6137d1c80, 0x00007cb6137d2d70] 
[1,699s][debug][gc,nmethod     ] GC(0) O: Purge NMethod: jdk.internal.util.ArraysSupport.vectorizedHashCode (0x00007cb613402088) [0x00007cb613402180, 0x00007cb613403fd8] 
[1,699s][debug][gc,nmethod     ] GC(0) O: Purge NMethod: java.util.Arrays.copyOfRange (0x00007cb613440b88) [0x00007cb613440c80, 0x00007cb613441f50] 
[1,699s][debug][gc,nmethod     ] GC(0) O: Purge NMethod: java.util.ImmutableCollections$ListN.size (0x00007cb6135b1908) [0x00007cb6135b1a00, 0x00007cb6135b1b38] 
[1,699s][debug][gc,nmethod     ] GC(0) O: Purge NMethod: java.lang.AbstractStringBuilder.isLatin1 (0x00007cb61344d188) [0x00007cb61344d280, 0x00007cb61344d3c0] 
[1,699s][debug][gc,nmethod     ] GC(0) O: Purge NMethod: sun.reflect.annotation.AnnotationInvocationHandler.invoke (0x00007cb6137f1488) [0x00007cb6137f1580, 0x00007cb6137f3810] 
[1,699s][debug][gc,nmethod     ] GC(0) O: Purge NMethod: jdk.internal.loader.URLClassPath$JarLoader.ensureOpen (0x00007cb61347f888) [0x00007cb61347f980, 0x00007cb61347fbe8] 
[1,699s][debug][gc,nmethod     ] GC(0) O: Purge NMethod: java.lang.invoke.MethodType.parameterType (0x00007cb61344ce88) [0x00007cb61344cf80, 0x00007cb61344d108] 
[1,699s][debug][gc,nmethod     ] GC(0) O: Purge NMethod: java.util.WeakHashMap.remove (0x00007cb6134d1488) [0x00007cb6134d1580, 0x00007cb6134d2990] 
[1,699s][debug][gc,nmethod     ] GC(0) O: Purge NMethod: jdk.internal.misc.Unsafe.getIntUnaligned (0x00007cb613456b08) [0x00007cb613456c00, 0x00007cb613456e48] 
[1,699s][debug][gc,nmethod     ] GC(0) O: Purge NMethod: java.lang.System$1.join (0x00007cb6137c0c08) [0x00007cb6137c0d00, 0x00007cb6137c5340] 
[1,699s][debug][gc,nmethod     ] GC(0) O: Purge NMethod: java.lang.AbstractStringBuilder.needsNewBuffer (0x00007cb632c1a208) [0x00007cb632c1a300, 0x00007cb632c1a3e8] 
[1,699s][debug][gc,nmethod     ] GC(0) O: Purge NMethod: java.util.regex.Pattern$$Lambda/0x00000000260b27a0.is (0x00007cb613631c08) [0x00007cb613631d00, 0x00007cb613631eb0] 
[1,699s][debug][gc,nmethod     ] GC(0) O: Purge NMethod: java.util.HashMap.getNode (0x00007cb61342fa08) [0x00007cb61342fb00, 0x00007cb613430e10] 
[1,699s][debug][gc,nmethod     ] GC(0) O: Purge NMethod: jdk.internal.classfile.impl.BufWriterImpl.patchInt (0x00007cb6135fe608) [0x00007cb6135fe700, 0x00007cb6135fe8e0] 
[1,699s][debug][gc,nmethod     ] GC(0) O: Purge NMethod: java.lang.AbstractStringBuilder.<init> (0x00007cb613476608) [0x00007cb613476700, 0x00007cb613476988] 
[1,699s][debug][gc,nmethod     ] GC(0) O: Purge NMethod: java.util.ImmutableCollections$SetN$SetNIterator.hasNext (0x00007cb613408008) [0x00007cb613408100, 0x00007cb613408250] 
[1,699s][debug][gc,nmethod     ] GC(0) O: Purge NMethod: java.util.HashMap.resize (0x00007cb632bf6688) [0x00007cb632bf67a0, 0x00007cb632bf72f0] 
[1,699s][debug][gc,nmethod     ] GC(0) O: Purge NMethod: java.util.zip.ZipCoder.hash (0x00007cb613486188) [0x00007cb613486280, 0x00007cb6134870b8] 
[1,699s][debug][gc,nmethod     ] GC(0) O: Purge NMethod: java.util.HashMap.get (0x00007cb613433688) [0x00007cb613433780, 0x00007cb613433b18] 
[1,699s][debug][gc,nmethod     ] GC(0) O: Purge NMethod: jdk.internal.misc.Unsafe.getShortUnaligned (0x00007cb613450108) [0x00007cb613450200, 0x00007cb613450428] 
[1,699s][debug][gc,nmethod     ] GC(0) O: Purge NMethod: java.lang.StringLatin1.getBytes (0x00007cb613464688) [0x00007cb613464780, 0x00007cb613464918] 
[1,699s][debug][gc,nmethod     ] GC(0) O: Purge NMethod: jdk.internal.loader.URLClassPath.getLoader (0x00007cb613488a88) [0x00007cb613488b80, 0x00007cb61348aa48] 
[1,699s][debug][gc,nmethod     ] GC(0) O: Purge NMethod: jdk.internal.classfile.impl.BufWriterImpl.writeU2 (0x00007cb61345dc88) [0x00007cb61345dd80, 0x00007cb61345e1f0] 
[1,699s][debug][gc,nmethod     ] GC(0) O: Purge NMethod: java.lang.String.startsWith (0x00007cb632c3df08) [0x00007cb632c3e000, 0x00007cb632c3e318] 
[1,699s][debug][gc,nmethod     ] GC(0) O: Purge NMethod: org.junit.platform.commons.util.Preconditions.notNull (0x00007cb613818288) [0x00007cb613818380, 0x00007cb613818610] 
[1,699s][debug][gc,nmethod     ] GC(0) O: Purge NMethod: java.util.concurrent.ConcurrentHashMap.get (0x00007cb632c32688) [0x00007cb632c32780, 0x00007cb632c332c0] 
[1,699s][debug][gc,nmethod     ] GC(0) O: Purge NMethod: java.lang.StringBuilder.toString (0x00007cb613476d08) [0x00007cb613476e00, 0x00007cb613477238] 
[1,699s][debug][gc,nmethod     ] GC(0) O: Purge NMethod: java.util.jar.JarFile.getJarEntry (0x00007cb6134c1b08) [0x00007cb6134c1c00, 0x00007cb6134c2100] 
[1,699s][debug][gc,nmethod     ] GC(0) O: Purge NMethod: java.lang.Integer.rotateLeft (0x00007cb613585688) [0x00007cb613585780, 0x00007cb613585870] 
[1,699s][debug][gc,nmethod     ] GC(0) O: Purge NMethod: java.lang.Character.codePointBefore (0x00007cb613989708) [0x00007cb613989800, 0x00007cb613989fc8] 
[1,699s][debug][gc,nmethod     ] GC(0) O: Purge NMethod: java.util.stream.AbstractPipeline.isParallel (0x00007cb613726608) [0x00007cb613726700, 0x00007cb613726838] 
[1,699s][debug][gc,nmethod     ] GC(0) O: Purge NMethod: java.util.zip.ZipFile.getEntry (0x00007cb613485a88) [0x00007cb613485b80, 0x00007cb613486148] 
[1,699s][debug][gc,nmethod     ] GC(0) O: Purge NMethod: java.util.LinkedHashMap.<init> (0x00007cb61380e808) [0x00007cb61380e900, 0x00007cb61380eb30] 
[1,699s][debug][gc,nmethod     ] GC(0) O: Purge NMethod: org.junit.platform.commons.util.ReflectionUtils.defaultMethodSorter (0x00007cb613765108) [0x00007cb613765200, 0x00007cb613766418] 
[1,699s][debug][gc,nmethod     ] GC(0) O: Purge NMethod: java.lang.String.isLatin1 (0x00007cb632bed308) [0x00007cb632bed400, 0x00007cb632bed4c0] 
[1,699s][debug][gc,nmethod     ] GC(0) O: Purge NMethod: java.util.HashMap.afterNodeInsertion (0x00007cb61342b508) [0x00007cb61342b600, 0x00007cb61342b700] 
[1,699s][debug][gc,nmethod     ] GC(0) O: Purge NMethod: java.util.regex.Pattern$BmpCharPropertyGreedy.match (0x00007cb632c2be88) [0x00007cb632c2bf80, 0x00007cb632c2c350] 
[1,699s][debug][gc,nmethod     ] GC(0) O: Purge NMethod: java.lang.String.hashCode (0x00007cb613400988) [0x00007cb613400a80, 0x00007cb613401028] 
[1,699s][debug][gc,nmethod     ] GC(0) O: Purge NMethod: jdk.internal.classfile.impl.BufWriterImpl.cpIndex (0x00007cb613462288) [0x00007cb613462380, 0x00007cb613464378] 
[1,699s][debug][gc,nmethod     ] GC(0) O: Purge NMethod: jdk.internal.loader.Resource.cachedInputStream (0x00007cb61350c708) [0x00007cb61350c800, 0x00007cb61350ce78] 
[1,699s][debug][gc,nmethod     ] GC(0) O: Purge NMethod: sun.reflect.generics.parser.SignatureParser.advance (0x00007cb6135bca08) [0x00007cb6135bcb00, 0x00007cb6135bd118] 
[1,699s][debug][gc,nmethod     ] GC(0) O: Purge NMethod: java.util.jar.JarFile.isMultiRelease (0x00007cb613484288) [0x00007cb613484380, 0x00007cb613484578] 
[1,699s][debug][gc,nmethod     ] GC(0) O: Purge NMethod: java.lang.String.startsWith (0x00007cb61340f888) [0x00007cb61340f980, 0x00007cb613410c00] 
[1,699s][debug][gc,nmethod     ] GC(0) O: Purge NMethod: org.junit.platform.commons.util.Preconditions.condition (0x00007cb613810588) [0x00007cb613810680, 0x00007cb613810860] 
[1,699s][debug][gc,nmethod     ] GC(0) O: Purge NMethod: java.util.zip.ZipFile$Source.getEntryPos (0x00007cb613482488) [0x00007cb613482580, 0x00007cb613484228] 
[1,699s][debug][gc,nmethod     ] GC(0) O: Purge NMethod: java.util.Objects.equals (0x00007cb632c5f888) [0x00007cb632c5f980, 0x00007cb632c5fe00] 
[1,699s][debug][gc,nmethod     ] GC(0) O: Purge NMethod: java.lang.reflect.Method.<init> (0x00007cb613760288) [0x00007cb613760380, 0x00007cb6137609f0] 
[1,699s][debug][gc,nmethod     ] GC(0) O: Purge NMethod: jdk.internal.classfile.impl.SplitConstantPool.internalAdd (0x00007cb613426608) [0x00007cb613426700, 0x00007cb6134274e8] 
[1,699s][debug][gc,nmethod     ] GC(0) O: Purge NMethod: org.junit.platform.commons.util.ReflectionUtils$$Lambda/0x000000002618a488.test (0x00007cb61385f808) [0x00007cb61385f900, 0x00007cb6138605f8] 
[1,699s][debug][gc,nmethod     ] GC(0) O: Purge NMethod: jdk.internal.classfile.impl.SplitConstantPool.utf8Entry (0x00007cb613465888) [0x00007cb613465980, 0x00007cb613466478] 
[1,699s][debug][gc,nmethod     ] GC(0) O: Purge NMethod: jdk.internal.classfile.impl.RawBytecodeHelper.opcode (0x00007cb61344cb88) [0x00007cb61344cc80, 0x00007cb61344cd88] 
[1,699s][debug][gc,nmethod     ] GC(0) O: Purge NMethod: java.util.concurrent.ConcurrentHashMap.putVal (0x00007cb613415d88) [0x00007cb613415e80, 0x00007cb613418378] 
[1,699s][debug][gc,nmethod     ] GC(0) O: Purge NMethod: java.util.stream.StreamOpFlag.fromCharacteristics (0x00007cb6137c5388) [0x00007cb6137c5480, 0x00007cb6137c5a08] 
[1,699s][debug][gc,nmethod     ] GC(0) O: Purge NMethod: java.lang.String.charAt (0x00007cb61340e708) [0x00007cb61340e800, 0x00007cb61340ed90] 
[1,699s][debug][gc,nmethod     ] GC(0) O: Purge NMethod: java.util.HashSet.add (0x00007cb613431188) [0x00007cb613431280, 0x00007cb613431460] 
[1,699s][debug][gc,nmethod     ] GC(0) O: Purge NMethod: java.lang.String.startsWith (0x00007cb613410c08) [0x00007cb613410d00, 0x00007cb613410ff8] 
[1,699s][debug][gc,nmethod     ] GC(0) O: Purge NMethod: java.lang.Object.<init> (0x00007cb613400388) [0x00007cb613400480, 0x00007cb613400580] 
[1,699s][debug][gc,nmethod     ] GC(0) O: Purge NMethod: java.util.HashMap.put (0x00007cb61342c088) [0x00007cb61342c180, 0x00007cb61342c768] 
[1,699s][debug][gc,nmethod     ] GC(0) O: Purge NMethod: java.util.ArrayList.add (0x00007cb61346dd88) [0x00007cb61346de80, 0x00007cb61346e3f0] 
[1,699s][debug][gc,nmethod     ] GC(0) O: Purge NMethod: jdk.internal.util.ArraysSupport.mismatch (0x00007cb613411908) [0x00007cb613411a00, 0x00007cb613411de0] 
[1,699s][debug][gc,nmethod     ] GC(0) O: Purge NMethod: jdk.internal.classfile.impl.BufWriterImpl.writeUtfEntry (0x00007cb613466788) [0x00007cb613466880, 0x00007cb613469640] 
[1,699s][debug][gc,nmethod     ] GC(0) O: Purge NMethod: java.util.ArrayList.add (0x00007cb6138af188) [0x00007cb6138af280, 0x00007cb6138af7f0] 
[1,699s][debug][gc,nmethod     ] GC(0) O: Purge NMethod: java.util.jar.JarFile.getEntry (0x00007cb6134c0c88) [0x00007cb6134c0d80, 0x00007cb6134c14c8] 
[1,699s][debug][gc,nmethod     ] GC(0) O: Purge NMethod: java.util.regex.Pattern$Slice.match (0x00007cb632c88c08) [0x00007cb632c88d00, 0x00007cb632c88fc0] 
[1,699s][debug][gc,nmethod     ] GC(0) O: Purge NMethod: jdk.internal.loader.URLClassPath.getResource (0x00007cb6135a6f88) [0x00007cb6135a7080, 0x00007cb6135a74e8] 
[1,699s][debug][gc,nmethod     ] GC(0) O: Purge NMethod: java.lang.module.ModuleDescriptor$Exports.isQualified (0x00007cb613428d08) [0x00007cb613428e00, 0x00007cb613429190] 
[1,699s][debug][gc,nmethod     ] GC(0) O: Purge NMethod: java.util.jar.JarFile.getEntry (0x00007cb613488208) [0x00007cb613488300, 0x00007cb613488a48] 
[1,699s][debug][gc,nmethod     ] GC(0) O: Purge NMethod: java.util.zip.ZipFile$CleanableResource.getInflater (0x00007cb613547888) [0x00007cb613547980, 0x00007cb6135480b0] 
[1,699s][debug][gc,nmethod     ] GC(0) O: Purge NMethod: java.util.HashMap.putVal (0x00007cb613436a88) [0x00007cb613436b80, 0x00007cb613438f10] 
[1,699s][debug][gc,nmethod     ] GC(0) O: Purge NMethod: java.lang.String.<init> (0x00007cb613477988) [0x00007cb613477a80, 0x00007cb613478420] 
[1,699s][debug][gc,nmethod     ] GC(0) O: Purge NMethod: java.util.ArrayDeque.elementAt (0x00007cb6134dc488) [0x00007cb6134dc580, 0x00007cb6134dc6b8] 
[1,699s][debug][gc,nmethod     ] GC(0) O: Purge NMethod: java.util.HashMap.newNode (0x00007cb61342bc08) [0x00007cb61342bd00, 0x00007cb61342c080] 
[1,699s][debug][gc,nmethod     ] GC(0) O: Purge NMethod: java.util.jar.JarFile.checkForSpecialAttributes (0x00007cb6134c5d88) [0x00007cb6134c5e80, 0x00007cb6134c7460] 
[1,699s][debug][gc,nmethod     ] GC(0) O: Purge NMethod: java.util.Objects.requireNonNull (0x00007cb613422988) [0x00007cb613422a80, 0x00007cb613422c58] 
[1,699s][debug][gc,nmethod     ] GC(0) O: Purge NMethod: java.util.stream.Collectors$$Lambda/0x0000000026114238.accept (0x00007cb61385e988) [0x00007cb61385ea80, 0x00007cb61385efa8] 
[1,699s][debug][gc,nmethod     ] GC(0) O: Purge NMethod: jdk.internal.util.ReferencedKeyMap.removeStaleReferences (0x00007cb61341a088) [0x00007cb61341a180, 0x00007cb61341a7a0] 
[1,699s][debug][gc,nmethod     ] GC(0) O: Purge NMethod: java.lang.String.getBytes (0x00007cb613464988) [0x00007cb613464a80, 0x00007cb613465808] 
[1,699s][debug][gc,nmethod     ] GC(0) O: Purge NMethod: java.util.jar.JarFile.checkForSpecialAttributes (0x00007cb632c36608) [0x00007cb632c36700, 0x00007cb632c37058] 
[1,699s][debug][gc,nmethod     ] GC(0) O: Purge NMethod: java.lang.String.<init> (0x00007cb61382aa08) [0x00007cb61382ab00, 0x00007cb61382b6c0] 
[1,699s][debug][gc,nmethod     ] GC(0) O: Purge NMethod: java.lang.StringLatin1.indexOfChar (0x00007cb61340ee08) [0x00007cb61340ef00, 0x00007cb61340f100] 
[1,699s][debug][gc,nmethod     ] GC(0) O: Purge NMethod: java.lang.CharacterDataLatin1.equalsIgnoreCase (0x00007cb6134c2b88) [0x00007cb6134c2c80, 0x00007cb6134c2f18] 
[1,699s][debug][gc,nmethod     ] GC(0) O: Purge NMethod: java.lang.StringLatin1.replace (0x00007cb613454108) [0x00007cb613454200, 0x00007cb6134552a0] 
[1,699s][debug][gc,nmethod     ] GC(0) O: Purge NMethod: worker.org.gradle.internal.stream.EncodedStream$EncodedInput.read (0x00007cb613452c88) [0x00007cb613452d80, 0x00007cb6134534d8] 
[1,699s][debug][gc,nmethod     ] GC(0) O: Purge NMethod: java.nio.DirectLongBufferU.ix (0x00007cb613485788) [0x00007cb613485880, 0x00007cb613485990] 
[1,699s][debug][gc,nmethod     ] GC(0) O: Purge NMethod: java.util.Objects.requireNonNull (0x00007cb613405808) [0x00007cb613405900, 0x00007cb613405ad0] 
[1,699s][debug][gc,nmethod     ] GC(0) O: Purge NMethod: java.lang.StringUTF16.getChar (0x00007cb61367a508) [0x00007cb61367a600, 0x00007cb61367a760] 
[1,699s][debug][gc,nmethod     ] GC(0) O: Purge NMethod: sun.net.www.ParseUtil.firstEncodeIndex (0x00007cb613412b08) [0x00007cb613412c00, 0x00007cb613413ad8] 
[1,699s][debug][gc,nmethod     ] GC(0) O: Purge NMethod: java.lang.String.toString (0x00007cb6134e7608) [0x00007cb6134e7700, 0x00007cb6134e7800] 
[1,699s][debug][gc,nmethod     ] GC(0) O: Purge NMethod: java.util.ArrayList$Itr.next (0x00007cb613582988) [0x00007cb613582a80, 0x00007cb613583070] 
[1,699s][debug][gc,nmethod     ] GC(0) O: Purge NMethod: java.net.URLClassLoader.findClass (0x00007cb613609a88) [0x00007cb613609b80, 0x00007cb61360c7a0] 
[1,699s][debug][gc,nmethod     ] GC(0) O: Purge NMethod: java.util.stream.ReferencePipeline$3$1.accept (0x00007cb613636f08) [0x00007cb613637000, 0x00007cb613637588] 
[1,699s][debug][gc,nmethod     ] GC(0) O: Purge NMethod: java.util.jar.JarFile.checkForSpecialAttributes (0x00007cb613480e08) [0x00007cb613480f00, 0x00007cb613482468] 
[1,699s][debug][gc,nmethod     ] GC(0) O: Purge NMethod: jdk.internal.classfile.impl.EntryMap.firstToken (0x00007cb613422388) [0x00007cb613422480, 0x00007cb613422970] 
[1,699s][debug][gc,nmethod     ] GC(0) O: Purge NMethod: java.util.concurrent.ConcurrentHashMap.putVal (0x00007cb632c2fd88) [0x00007cb632c2fe80, 0x00007cb632c30f98] 
[1,699s][debug][gc,nmethod     ] GC(0) O: Purge NMethod: java.lang.Class.getTypeName (0x00007cb6137bca08) [0x00007cb6137bcb00, 0x00007cb6137c0090] 
[1,699s][debug][gc,nmethod     ] GC(0) O: Purge NMethod: jdk.internal.classfile.impl.SplitConstantPool.map (0x00007cb61341ac88) [0x00007cb61341ada0, 0x00007cb61341c4a0] 
[1,699s][debug][gc,nmethod     ] GC(0) O: Purge NMethod: java.util.HashMap.putVal (0x00007cb61342dc08) [0x00007cb61342dd00, 0x00007cb61342f9f0] 
[1,699s][debug][gc,nmethod     ] GC(0) O: Purge NMethod: java.util.zip.CRC32.<init> (0x00007cb6135e9288) [0x00007cb6135e9380, 0x00007cb6135e94d8] 
[1,699s][debug][gc,nmethod     ] GC(0) O: Purge NMethod: java.lang.CharacterData.of (0x00007cb6134e5f08) [0x00007cb6134e6000, 0x00007cb6134e6740] 
[1,699s][debug][gc,nmethod     ] GC(0) O: Purge NMethod: java.util.zip.ZipFile.ensureOpen (0x00007cb61347c308) [0x00007cb61347c400, 0x00007cb61347c6d0] 
[1,699s][debug][gc,nmethod     ] GC(0) O: Purge NMethod: java.lang.String.charAt (0x00007cb632be7d88) [0x00007cb632be7e80, 0x00007cb632be7fb0] 
[1,699s][debug][gc,nmethod     ] GC(0) O: Purge NMethod: java.lang.String.isEmpty (0x00007cb613411608) [0x00007cb613411700, 0x00007cb613411888] 
[1,699s][debug][gc,nmethod     ] GC(0) O: Purge NMethod: java.util.stream.MatchOps$1MatchSink.accept (0x00007cb61385f308) [0x00007cb61385f400, 0x00007cb61385f7f0] 
[1,699s][debug][gc,nmethod     ] GC(0) O: Purge NMethod: java.util.regex.Pattern$Slice.match (0x00007cb6139a0108) [0x00007cb6139a0200, 0x00007cb6139a0940] 
[1,699s][debug][gc,nmethod     ] GC(0) O: Purge NMethod: jdk.internal.classfile.impl.SplitConstantPool.entryByIndex (0x00007cb613420188) [0x00007cb613420280, 0x00007cb613422330] 
[1,699s][debug][gc,nmethod     ] GC(0) O: Purge NMethod: java.lang.String.hashCode (0x00007cb632be8c88) [0x00007cb632be8d80, 0x00007cb632be8f20] 
[1,699s][debug][gc,nmethod     ] GC(0) O: Purge NMethod: java.util.ImmutableCollections$SetN$SetNIterator.next (0x00007cb613414b08) [0x00007cb613414c00, 0x00007cb613414f68] 
[1,699s][debug][gc,nmethod     ] GC(0) O: Purge NMethod: java.math.BigInteger.implMulAddCheck (0x00007cb613745008) [0x00007cb613745100, 0x00007cb613749090] 
[1,699s][debug][gc,nmethod     ] GC(0) O: Purge NMethod: java.lang.String.startsWith (0x00007cb6138c7788) [0x00007cb6138c7880, 0x00007cb6138c8aa0] 
[1,699s][debug][gc,nmethod     ] GC(0) O: Purge NMethod: jdk.internal.classfile.impl.SplitConstantPool.canWriteDirect (0x00007cb61344aa08) [0x00007cb61344ab00, 0x00007cb61344adf8] 
[1,699s][debug][gc,nmethod     ] GC(0) O: Purge NMethod: java.util.zip.ZipFile$Source.checkAndAddEntry (0x00007cb613473e88) [0x00007cb613473f80, 0x00007cb613476280] 
[1,699s][debug][gc,nmethod     ] GC(0) O: Purge NMethod: java.util.stream.ReduceOps$3ReducingSink.accept (0x00007cb632c67108) [0x00007cb632c67200, 0x00007cb632c67fc8] 
[1,699s][debug][gc,nmethod     ] GC(0) O: Purge NMethod: java.util.LinkedHashMap.afterNodeInsertion (0x00007cb613526088) [0x00007cb613526180, 0x00007cb613526388] 
[1,699s][debug][gc,nmethod     ] GC(0) O: Purge NMethod: java.lang.StringLatin1.canEncode (0x00007cb613576208) [0x00007cb613576300, 0x00007cb613576460] 
[1,699s][debug][gc,nmethod     ] GC(0) O: Purge NMethod: java.lang.invoke.Invokers$Holder.linkToTargetMethod (0x00007cb61352c508) [0x00007cb61352c600, 0x00007cb61352cae8] 
[1,699s][debug][gc,nmethod     ] GC(0) O: Purge NMethod: java.util.stream.ReduceOps$ReduceOp.evaluateSequential (0x00007cb6137db988) [0x00007cb6137dba80, 0x00007cb6137dc2a8] 
[1,700s][debug][gc,nmethod     ] GC(0) O: Purge NMethod: java.lang.invoke.DirectMethodHandle$Holder.newInvokeSpecial (0x00007cb61375cd88) [0x00007cb61375ce80, 0x00007cb61375d6f8] 
[1,700s][debug][gc,nmethod     ] GC(0) O: Purge NMethod: jdk.internal.classfile.impl.RawBytecodeHelper.next (0x00007cb61344b108) [0x00007cb61344b200, 0x00007cb61344b978] 
[1,700s][debug][gc,nmethod     ] GC(0) O: Purge NMethod: java.util.stream.AbstractPipeline.wrapAndCopyInto (0x00007cb6137ccd88) [0x00007cb6137cce80, 0x00007cb6137cd6f0] 
[1,700s][debug][gc,nmethod     ] GC(0) O: Purge NMethod: java.util.zip.ZipFile$Source.isMetaName (0x00007cb613471588) [0x00007cb613471680, 0x00007cb613471ae0] 
[1,700s][debug][gc,nmethod     ] GC(0) O: Purge NMethod: java.util.HashMap.put (0x00007cb613433b88) [0x00007cb613433c80, 0x00007cb613434268] 
[1,700s][debug][gc,nmethod     ] GC(0) O: Purge NMethod: java.util.zip.ZipFile$Source.nextEntryPos (0x00007cb613471188) [0x00007cb613471280, 0x00007cb613471538] 
[1,700s][debug][gc,nmethod     ] GC(0) O: Purge NMethod: java.util.StringJoiner.add (0x00007cb6137b7888) [0x00007cb6137b7980, 0x00007cb6137b9138] 
[1,700s][debug][gc,nmethod     ] GC(0) O: Purge NMethod: java.lang.Object.equals (0x00007cb61343b188) [0x00007cb61343b280, 0x00007cb61343b3d0] 
[1,700s][debug][gc,nmethod     ] GC(0) O: Purge NMethod: jdk.internal.loader.URLClassPath$JarLoader$1.getBytes (0x00007cb6135eab88) [0x00007cb6135eac80, 0x00007cb6135eb568] 
[1,700s][debug][gc,nmethod     ] GC(0) O: Purge NMethod: java.util.concurrent.ConcurrentHashMap.putIfAbsent (0x00007cb613418688) [0x00007cb613418780, 0x00007cb613418a80] 
[1,700s][debug][gc,nmethod     ] GC(0) O: Purge NMethod: java.util.WeakHashMap.getTable (0x00007cb61348b208) [0x00007cb61348b300, 0x00007cb61348b478] 
[1,700s][debug][gc,nmethod     ] GC(0) O: Purge NMethod: java.lang.String.indexOf (0x00007cb61351ba88) [0x00007cb61351bb80, 0x00007cb61351c680] 
[1,700s][debug][gc,nmethod     ] GC(0) O: Purge NMethod: java.lang.StringCoding.countPositives (0x00007cb613526f08) [0x00007cb613527000, 0x00007cb613527208] 
[1,700s][debug][gc,nmethod     ] GC(0) O: Purge NMethod: jdk.internal.classfile.impl.AbstractPoolEntry$Utf8EntryImpl.writeTo (0x00007cb61345fd08) [0x00007cb61345fe00, 0x00007cb613460610] 
[1,700s][debug][gc,nmethod     ] GC(0) O: Purge NMethod: java.util.jar.JarFile.getEntry (0x00007cb632c3e388) [0x00007cb632c3e480, 0x00007cb632c3f918] 
[1,700s][debug][gc,nmethod     ] GC(0) O: Purge NMethod: java.util.regex.Pattern$Slice.match (0x00007cb632c89308) [0x00007cb632c89400, 0x00007cb632c896e0] 
[1,700s][debug][gc,nmethod     ] GC(0) O: Purge NMethod: java.io.BufferedInputStream.read (0x00007cb613451e88) [0x00007cb613451f80, 0x00007cb6134523d8] 
[1,700s][debug][gc,nmethod     ] GC(0) O: Purge NMethod: java.lang.StringBuilder.append (0x00007cb61344d488) [0x00007cb61344d580, 0x00007cb61344d6c8] 
[1,700s][debug][gc,nmethod     ] GC(0) O: Purge NMethod: jdk.internal.constant.MethodTypeDescImpl.parameterCount (0x00007cb6134c0988) [0x00007cb6134c0a80, 0x00007cb6134c0bb8] 
[1,700s][debug][gc,nmethod     ] GC(0) O: Purge NMethod: java.lang.Math.max (0x00007cb613446208) [0x00007cb613446300, 0x00007cb613446428] 
[1,700s][debug][gc,nmethod     ] GC(0) O: Purge NMethod: java.util.regex.Pattern$$Lambda/0x0000000026110988.is (0x00007cb613989088) [0x00007cb613989180, 0x00007cb6139893b8] 
[1,700s][debug][gc,nmethod     ] GC(0) O: Purge NMethod: java.lang.CharacterDataLatin1.isWhitespace (0x00007cb6135bc088) [0x00007cb6135bc180, 0x00007cb6135bc520] 
[1,700s][debug][gc,nmethod     ] GC(0) O: Purge NMethod: java.lang.String.<init> (0x00007cb632c4f288) [0x00007cb632c4f380, 0x00007cb632c4f760] 
[1,700s][debug][gc,nmethod     ] GC(0) O: Purge NMethod: jdk.internal.loader.URLClassPath$JarLoader.getResource (0x00007cb632c46c88) [0x00007cb632c46d80, 0x00007cb632c48468] 
[1,700s][debug][gc,nmethod     ] GC(0) O: Purge NMethod: jdk.internal.util.ArraysSupport.hashCodeOfUnsigned (0x00007cb613405488) [0x00007cb613405580, 0x00007cb6134057f8] 
[1,700s][debug][gc,nmethod     ] GC(0) O: Purge NMethod: java.nio.DirectIntBufferU.ix (0x00007cb613682f08) [0x00007cb613683000, 0x00007cb613683110] 
[1,700s][debug][gc,nmethod     ] GC(0) O: Purge NMethod: java.util.stream.AbstractPipeline.sourceSpliterator (0x00007cb6137d5d88) [0x00007cb6137d5e80, 0x00007cb6137d7948] 
[1,700s][debug][gc,nmethod     ] GC(0) O: Purge NMethod: java.math.BigInteger.mulAdd (0x00007cb613744888) [0x00007cb613744980, 0x00007cb613744b10] 
[1,700s][debug][gc,nmethod     ] GC(0) O: Purge NMethod: java.util.concurrent.ConcurrentHashMap.casTabAt (0x00007cb613444a88) [0x00007cb613444b80, 0x00007cb613444cf0] 
[1,700s][debug][gc,nmethod     ] GC(0) O: Purge NMethod: java.util.stream.ReferencePipeline$3$1.accept (0x00007cb632c68e88) [0x00007cb632c68f80, 0x00007cb632c69c60] 
[1,700s][debug][gc,nmethod     ] GC(0) O: Purge NMethod: java.lang.StringCoding.countPositives (0x00007cb61346e408) [0x00007cb61346e500, 0x00007cb61346e708] 
[1,700s][debug][gc,nmethod     ] GC(0) O: Purge NMethod: java.util.Spliterators$ArraySpliterator.forEachRemaining (0x00007cb632c7ff08) [0x00007cb632c80000, 0x00007cb632c80fe8] 
[1,700s][debug][gc,nmethod     ] GC(0) O: Purge NMethod: java.lang.String.isLatin1 (0x00007cb61340d408) [0x00007cb61340d500, 0x00007cb61340d660] 
[1,700s][debug][gc,nmethod     ] GC(0) O: Purge NMethod: java.util.stream.Sink.end (0x00007cb6137cca88) [0x00007cb6137ccb80, 0x00007cb6137ccc80] 
[1,700s][debug][gc,nmethod     ] GC(0) O: Purge NMethod: java.util.stream.ReduceOps$3ReducingSink.accept (0x00007cb61376f888) [0x00007cb61376f980, 0x00007cb61376fcf8] 
[1,700s][debug][gc,nmethod     ] GC(0) O: Purge NMethod: java.lang.Class.cast (0x00007cb613561b08) [0x00007cb613561c00, 0x00007cb613562058] 
[1,700s][debug][gc,nmethod     ] GC(0) O: Purge NMethod: java.util.ArrayList$ArrayListSpliterator.tryAdvance (0x00007cb613861188) [0x00007cb613861280, 0x00007cb613861968] 
[1,700s][debug][gc,nmethod     ] GC(0) O: Purge NMethod: java.lang.String.startsWith (0x00007cb632c4d808) [0x00007cb632c4d900, 0x00007cb632c4dbf8] 
[1,700s][debug][gc,nmethod     ] GC(0) O: Purge NMethod: jdk.internal.classfile.impl.EntryMap.put (0x00007cb613427508) [0x00007cb613427600, 0x00007cb613427cd0] 
[1,700s][debug][gc,nmethod     ] GC(0) O: Purge NMethod: java.lang.StringLatin1.indexOf (0x00007cb61344b988) [0x00007cb61344ba80, 0x00007cb61344bdd8] 
[1,700s][debug][gc,nmethod     ] GC(0) O: Purge NMethod: java.lang.String.coder (0x00007cb61340bd08) [0x00007cb61340be00, 0x00007cb61340bf28] 
[1,700s][debug][gc,nmethod     ] GC(0) O: Purge NMethod: junit.framework.TestSuite.addTestMethod (0x00007cb613832008) [0x00007cb613832100, 0x00007cb6138352b8] 
[1,700s][debug][gc,nmethod     ] GC(0) O: Purge NMethod: java.lang.String.replace (0x00007cb61346c388) [0x00007cb61346c480, 0x00007cb61346c988] 
[1,700s][debug][gc,nmethod     ] GC(0) O: Purge NMethod: java.util.stream.AbstractPipeline.evaluate (0x00007cb632c83e88) [0x00007cb632c83f80, 0x00007cb632c852c8] 
[1,700s][debug][gc,nmethod     ] GC(0) O: Purge NMethod: java.util.regex.Pattern$Slice.match (0x00007cb613994788) [0x00007cb613994880, 0x00007cb613994fc0] 
[1,700s][debug][gc,nmethod     ] GC(0) O: Purge NMethod: java.lang.String.regionMatches (0x00007cb6134c3e88) [0x00007cb6134c3f80, 0x00007cb6134c5378] 
[1,700s][debug][gc,nmethod     ] GC(0) O: Purge NMethod: java.util.StringJoiner.add (0x00007cb632c65c08) [0x00007cb632c65d00, 0x00007cb632c66368] 
[1,700s][debug][gc,nmethod     ] GC(0) O: Purge NMethod: java.lang.StringCoding.countNonZeroAsciiLatin1 (0x00007cb61341fb08) [0x00007cb61341fc00, 0x00007cb61341fe08] 
[1,700s][debug][gc,nmethod     ] GC(0) O: Purge NMethod: java.util.Objects.equals (0x00007cb61340ab88) [0x00007cb61340ac80, 0x00007cb61340b008] 
[1,700s][debug][gc,nmethod     ] GC(0) O: Purge NMethod: java.util.jar.Manifest$FastInputStream.readLine (0x00007cb613484588) [0x00007cb613484680, 0x00007cb613484ed8] 
[1,700s][debug][gc,nmethod     ] GC(0) O: Purge NMethod: java.net.URLClassLoader.defineClass (0x00007cb61360f788) [0x00007cb61360f880, 0x00007cb613614118] 
[1,700s][debug][gc,nmethod     ] GC(0) O: Purge NMethod: java.math.BigInteger.addOne (0x00007cb613744b88) [0x00007cb613744c80, 0x00007cb613744f98] 
[1,700s][debug][gc,nmethod     ] GC(0) O: Purge NMethod: java.util.zip.ZipUtils.get32 (0x00007cb613456e88) [0x00007cb613456f80, 0x00007cb613457388] 
[1,700s][debug][gc,nmethod     ] GC(0) O: Purge NMethod: java.util.LinkedHashMap.values (0x00007cb61381a308) [0x00007cb61381a400, 0x00007cb61381a548] 
[1,700s][debug][gc,nmethod     ] GC(0) O: Purge NMethod: java.util.zip.ZipFile.zipCoderFor (0x00007cb61346ff88) [0x00007cb613470080, 0x00007cb6134704d0] 
[1,700s][debug][gc,nmethod     ] GC(0) O: Purge NMethod: java.util.Spliterator.getExactSizeIfKnown (0x00007cb6137cb608) [0x00007cb6137cb700, 0x00007cb6137cbc50] 
[1,700s][debug][gc,nmethod     ] GC(0) O: Purge NMethod: java.util.WeakHashMap.put (0x00007cb613534188) [0x00007cb613534280, 0x00007cb613535bc0] 
[1,700s][debug][gc,nmethod     ] GC(0) O: Purge NMethod: java.util.StringJoiner.checkAddLength (0x00007cb61377f188) [0x00007cb61377f280, 0x00007cb61377fe40] 
[1,700s][debug][gc,nmethod     ] GC(0) O: Purge NMethod: java.lang.AbstractStringBuilder.isLatin1 (0x00007cb613476308) [0x00007cb613476400, 0x00007cb6134765c0] 
[1,700s][debug][gc,nmethod     ] GC(0) O: Purge NMethod: java.lang.AbstractStringBuilder.<init> (0x00007cb61381c608) [0x00007cb61381c700, 0x00007cb61381d560] 
[1,700s][debug][gc,nmethod     ] GC(0) O: Purge NMethod: java.nio.DirectByteBuffer.get (0x00007cb613490188) [0x00007cb613490280, 0x00007cb613491080] 
[1,700s][debug][gc,nmethod     ] GC(0) O: Purge NMethod: java.lang.Class.isArray (0x00007cb61341f188) [0x00007cb61341f280, 0x00007cb61341f400] 
[1,700s][debug][gc,nmethod     ] GC(0) O: Purge NMethod: java.util.HashMap.hash (0x00007cb613427d08) [0x00007cb613427e00, 0x00007cb613428138] 
[1,700s][debug][gc,nmethod     ] GC(0) O: Purge NMethod: java.util.jar.JarFile.getJarEntry (0x00007cb632c48b88) [0x00007cb632c48c80, 0x00007cb632c4a248] 
[1,700s][debug][gc,nmethod     ] GC(0) O: Purge NMethod: jdk.internal.misc.Unsafe.putReferenceRelease (0x00007cb61346ca08) [0x00007cb61346cb00, 0x00007cb61346cc78] 
[1,700s][debug][gc,nmethod     ] GC(0) O: Purge NMethod: java.util.LinkedHashMap$LinkedValues.toArray (0x00007cb613839788) [0x00007cb613839880, 0x00007cb613839db8] 
[1,700s][debug][gc,nmethod     ] GC(0) O: Purge NMethod: java.util.Optional.empty (0x00007cb613447088) [0x00007cb613447180, 0x00007cb613447268] 
[1,700s][debug][gc,nmethod     ] GC(0) O: Purge NMethod: java.util.zip.Checksum.update (0x00007cb6135ea888) [0x00007cb6135ea980, 0x00007cb6135eab08] 
[1,700s][debug][gc,nmethod     ] GC(0) O: Purge NMethod: java.util.concurrent.ConcurrentHashMap.setTabAt (0x00007cb61346cd08) [0x00007cb61346ce00, 0x00007cb61346d100] 
[1,700s][debug][gc,nmethod     ] GC(0) O: Purge NMethod: sun.reflect.generics.parser.SignatureParser.current (0x00007cb6135bd188) [0x00007cb6135bd280, 0x00007cb6135be090] 
[1,700s][debug][gc,nmethod     ] GC(0) O: Purge NMethod: jdk.internal.util.StrongReferenceKey.hashCode (0x00007cb61341eb08) [0x00007cb61341ec00, 0x00007cb61341f110] 
[1,700s][debug][gc,nmethod     ] GC(0) O: Purge NMethod: java.util.concurrent.ConcurrentHashMap.tabAt (0x00007cb613413e08) [0x00007cb613413f00, 0x00007cb613414448] 
[1,700s][debug][gc,nmethod     ] GC(0) O: Purge NMethod: java.util.Arrays.copyOf (0x00007cb613472e08) [0x00007cb613472f00, 0x00007cb6134732c8] 
[1,700s][debug][gc,nmethod     ] GC(0) O: Purge NMethod: java.util.concurrent.ConcurrentHashMap.addCount (0x00007cb613414f88) [0x00007cb613415080, 0x00007cb613415d20] 
[1,700s][debug][gc,nmethod     ] GC(0) O: Purge NMethod: java.util.stream.AbstractPipeline.<init> (0x00007cb6137caa88) [0x00007cb6137cab80, 0x00007cb6137caec8] 
[1,700s][debug][gc,nmethod     ] GC(0) O: Purge NMethod: worker.org.gradle.internal.stream.EncodedStream$EncodedInput.hexToByte (0x00007cb613452408) [0x00007cb613452500, 0x00007cb613452c48] 
[1,700s][debug][gc,nmethod     ] GC(0) O: Purge NMethod: java.lang.StringLatin1.indexOf (0x00007cb61351b788) [0x00007cb61351b880, 0x00007cb61351ba60] 
[1,700s][debug][gc,nmethod     ] GC(0) O: Purge NMethod: jdk.internal.util.ArraysSupport.vectorizedHashCode (0x00007cb632c13608) [0x00007cb632c13720, 0x00007cb632c139d8] 
[1,700s][debug][gc,nmethod     ] GC(0) O: Purge NMethod: java.util.stream.AbstractPipeline.copyInto (0x00007cb6137cd708) [0x00007cb6137cd800, 0x00007cb6137ce920] 
[1,700s][debug][gc,nmethod     ] GC(0) O: Purge NMethod: java.lang.String.charAt (0x00007cb61367ab08) [0x00007cb61367ac00, 0x00007cb61367b338] 
[1,700s][debug][gc,nmethod     ] GC(0) O: Purge NMethod: java.util.regex.Pattern$Slice.match (0x00007cb61398a408) [0x00007cb61398a500, 0x00007cb61398ac40] 
[1,700s][debug][gc,nmethod     ] GC(0) O: Purge NMethod: java.lang.StringLatin1.indexOf (0x00007cb613411008) [0x00007cb613411100, 0x00007cb613411588] 
[1,700s][debug][gc,nmethod     ] GC(0) O: Purge NMethod: java.util.ArrayList.add (0x00007cb632c68008) [0x00007cb632c68100, 0x00007cb632c68820] 
[1,700s][debug][gc,nmethod     ] GC(0) O: Purge NMethod: java.lang.AbstractStringBuilder.append (0x00007cb61344d788) [0x00007cb61344d880, 0x00007cb61344e4d0] 
[1,700s][debug][gc,nmethod     ] GC(0) O: Purge NMethod: java.lang.ClassLoader.checkName (0x00007cb61347fc08) [0x00007cb61347fd00, 0x00007cb613480a48] 
[1,700s][debug][gc,nmethod     ] GC(0) O: Purge NMethod: java.util.HashMap.resize (0x00007cb61343ed88) [0x00007cb61343eea0, 0x00007cb613440b80] 
[1,700s][debug][gc,nmethod     ] GC(0) O: Purge NMethod: java.util.BitSet.set (0x00007cb61352a988) [0x00007cb61352aa80, 0x00007cb61352b9c8] 
[1,700s][debug][gc,nmethod     ] GC(0) O: Purge NMethod: jdk.internal.jimage.ImageStringsReader.unmaskedHashCode (0x00007cb613519e08) [0x00007cb613519f00, 0x00007cb61351b100] 
[1,700s][debug][gc,nmethod     ] GC(0) O: Purge NMethod: java.lang.invoke.MethodType.parameterCount (0x00007cb613422f88) [0x00007cb613423080, 0x00007cb6134231b8] 
[1,700s][debug][gc,nmethod     ] GC(0) O: Purge NMethod: java.util.LinkedHashMap.get (0x00007cb6134dfc08) [0x00007cb6134dfd00, 0x00007cb6134e0118] 
[1,700s][debug][gc,nmethod     ] GC(0) O: Purge NMethod: jdk.internal.classfile.impl.SplitConstantPool.tryFindUtf8 (0x00007cb61345bd08) [0x00007cb61345be00, 0x00007cb61345d638] 
[1,700s][debug][gc,nmethod     ] GC(0) O: Purge NMethod: org.junit.platform.commons.util.ReflectionUtils.hasCompatibleSignature (0x00007cb613861988) [0x00007cb613861a80, 0x00007cb613863450] 
[1,700s][debug][gc,nmethod     ] GC(0) O: Purge NMethod: jdk.internal.loader.Resource.getByteBuffer (0x00007cb6135e9a08) [0x00007cb6135e9b00, 0x00007cb6135ea878] 
[1,700s][debug][gc,nmethod     ] GC(0) O: Purge NMethod: jdk.internal.loader.Resource.getBytes (0x00007cb6135e5b08) [0x00007cb6135e5c00, 0x00007cb6135e70f0] 
[1,700s][debug][gc,nmethod     ] GC(0) O: Purge NMethod: jdk.internal.loader.URLClassPath$JarLoader.getResource (0x00007cb6134c2108) [0x00007cb6134c2200, 0x00007cb6134c2b30] 
[1,700s][debug][gc,nmethod     ] GC(0) O: Purge NMethod: java.util.LinkedHashMap$LinkedHashIterator.hasNext (0x00007cb61375ff88) [0x00007cb613760080, 0x00007cb613760200] 
[1,700s][debug][gc,nmethod     ] GC(0) O: Purge NMethod: java.lang.invoke.LambdaForm$Holder.constant_L (0x00007cb61352cb08) [0x00007cb61352cc00, 0x00007cb61352cf20] 
[1,700s][debug][gc,nmethod     ] GC(0) O: Purge NMethod: java.lang.StringCoding.countPositives (0x00007cb632c04e88) [0x00007cb632c04f80, 0x00007cb632c05308] 
[1,700s][debug][gc,nmethod     ] GC(0) O: Purge NMethod: java.lang.String.length (0x00007cb61340cf88) [0x00007cb61340d080, 0x00007cb61340d400] 
[1,700s][debug][gc,nmethod     ] GC(0) O: Purge NMethod: java.lang.System$1.uncheckedCountPositives (0x00007cb613470808) [0x00007cb613470900, 0x00007cb613470b58] 
[1,700s][debug][gc,nmethod     ] GC(0) O: Purge NMethod: java.lang.ref.Reference.reachabilityFence (0x00007cb613476a08) [0x00007cb613476b00, 0x00007cb613476be0] 
[1,700s][debug][gc,nmethod     ] GC(0) O: Purge NMethod: java.lang.String.indexOf (0x00007cb61340f108) [0x00007cb61340f200, 0x00007cb61340f828] 
[1,700s][debug][gc,nmethod     ] GC(0) O: Purge NMethod: java.math.BigInteger.implMulAdd (0x00007cb613744508) [0x00007cb613744600, 0x00007cb613744820] 
[1,700s][debug][gc,nmethod     ] GC(0) O: Purge NMethod: java.util.LinkedHashMap.newNode (0x00007cb613525908) [0x00007cb613525a00, 0x00007cb613525be8] 
[1,700s][debug][gc,nmethod     ] GC(0) O: Purge NMethod: java.lang.String.equals (0x00007cb613405b08) [0x00007cb613405c00, 0x00007cb6134062c0] 
[1,700s][debug][gc,nmethod     ] GC(0) O: Purge NMethod: jdk.internal.classfile.impl.AbstractPoolEntry.maybeClone (0x00007cb613449f88) [0x00007cb61344a080, 0x00007cb61344a9e8] 
[1,700s][debug][gc,nmethod     ] GC(0) O: Purge NMethod: java.util.stream.AbstractPipeline.<init> (0x00007cb6137caf08) [0x00007cb6137cb000, 0x00007cb6137cb590] 
[1,700s][debug][gc,nmethod     ] GC(0) O: Purge NMethod: org.junit.platform.commons.util.ReflectionUtils$$Lambda/0x000000002617d518.compare (0x00007cb613761908) [0x00007cb613761a00, 0x00007cb613761f40] 
[1,700s][debug][gc,nmethod     ] GC(0) O: Purge NMethod: java.util.BitSet.checkInvariants (0x00007cb613528a88) [0x00007cb613528b80, 0x00007cb613528cb0] 
[1,700s][debug][gc,nmethod     ] GC(0) O: Purge NMethod: java.util.regex.Pattern$BmpCharPropertyGreedy.match (0x00007cb613632788) [0x00007cb613632880, 0x00007cb613633200] 
[1,700s][debug][gc,nmethod     ] GC(0) O: Purge NMethod: jdk.internal.classfile.impl.AbstractPoolEntry$Utf8EntryImpl.<init> (0x00007cb61345e788) [0x00007cb61345e880, 0x00007cb61345f0e8] 
[1,700s][debug][gc,nmethod     ] GC(0) O: Purge NMethod: java.lang.StringLatin1.lastIndexOf (0x00007cb613412608) [0x00007cb613412700, 0x00007cb613412ac8] 
[1,700s][debug][gc,nmethod     ] GC(0) O: Purge NMethod: java.util.zip.ZipFile$CleanableResource.releaseInflater (0x00007cb613554508) [0x00007cb613554600, 0x00007cb613554b58] 
[1,700s][debug][gc,nmethod     ] GC(0) O: Purge NMethod: java.util.HashMap.putVal (0x00007cb632bf8308) [0x00007cb632bf8420, 0x00007cb632bf9ce8] 
[1,700s][debug][gc,nmethod     ] GC(0) O: Purge NMethod: java.util.ArrayList$Itr.hasNext (0x00007cb613581d88) [0x00007cb613581e80, 0x00007cb613582010] 
[1,700s][debug][gc,nmethod     ] GC(0) O: Purge NMethod: java.util.HashMap.put (0x00007cb632c2de08) [0x00007cb632c2df20, 0x00007cb632c2f740] 
[1,700s][debug][gc,nmethod     ] GC(0) O: Purge NMethod: java.lang.ref.SoftReference.get (0x00007cb613570408) [0x00007cb613570500, 0x00007cb6135706c0] 
[1,700s][debug][gc,nmethod     ] GC(0) O: Purge NMethod: java.util.stream.SortedOps$SizedRefSortingSink.accept (0x00007cb61385da08) [0x00007cb61385db00, 0x00007cb61385df08] 
[1,700s][debug][gc,nmethod     ] GC(0) O: Purge NMethod: java.util.StringJoiner.<init> (0x00007cb6137ba188) [0x00007cb6137ba280, 0x00007cb6137baf80] 
[1,700s][debug][gc,nmethod     ] GC(0) O: Purge NMethod: java.util.StringJoiner.toString (0x00007cb6137b9188) [0x00007cb6137b9280, 0x00007cb6137b9560] 
[1,700s][debug][gc,nmethod     ] GC(0) O: Purge NMethod: java.lang.StringLatin1.equals (0x00007cb613401a08) [0x00007cb613401b00, 0x00007cb613401d68] 
[1,700s][debug][gc,nmethod     ] GC(0) O: Purge NMethod: java.lang.String.getBytes (0x00007cb613419308) [0x00007cb613419400, 0x00007cb613419908] 
[1,700s][debug][gc,nmethod     ] GC(0) O: Purge NMethod: java.util.ArrayList.get (0x00007cb61347b908) [0x00007cb61347ba00, 0x00007cb61347bca8] 
[1,700s][debug][gc,nmethod     ] GC(0) O: Purge NMethod: java.util.concurrent.ConcurrentHashMap.get (0x00007cb61341cc88) [0x00007cb61341cd80, 0x00007cb61341dd98] 
[1,700s][debug][gc,nmethod     ] GC(0) O: Purge NMethod: java.util.HashSet.add (0x00007cb613434788) [0x00007cb613434880, 0x00007cb613434c10] 
[1,700s][debug][gc,nmethod     ] GC(0) O: Purge NMethod: sun.nio.fs.UnixPath.checkNotNul (0x00007cb61346ea88) [0x00007cb61346eb80, 0x00007cb61346ed20] 
[1,700s][debug][gc,nmethod     ] GC(0) O: Purge NMethod: sun.util.locale.LocaleUtils.toLower (0x00007cb613636908) [0x00007cb613636a00, 0x00007cb613636c00] 
[1,700s][debug][gc,nmethod     ] GC(0) O: Purge NMethod: java.io.BufferedInputStream.getBufIfOpen (0x00007cb632bfa388) [0x00007cb632bfa480, 0x00007cb632bfa5b0] 
[1,700s][debug][gc,nmethod     ] GC(0) O: Purge NMethod: java.lang.AbstractStringBuilder.needsNewBuffer (0x00007cb613445708) [0x00007cb613445800, 0x00007cb6134459a0] 
[1,700s][debug][gc,nmethod     ] GC(0) O: Purge NMethod: java.util.zip.ZipUtils.get16 (0x00007cb61344f388) [0x00007cb61344f480, 0x00007cb61344f880] 
[1,700s][debug][gc,nmethod     ] GC(0) O: Purge NMethod: jdk.internal.loader.URLClassPath$JarLoader.findResource (0x00007cb613685e08) [0x00007cb613685f00, 0x00007cb613686108] 
[1,700s][debug][gc,nmethod     ] GC(0) O: Purge NMethod: java.lang.StringBuilder.<init> (0x00007cb613478808) [0x00007cb613478900, 0x00007cb613478a38] 
[1,700s][debug][gc,nmethod     ] GC(0) O: Purge NMethod: java.util.concurrent.ConcurrentHashMap.get (0x00007cb61378c108) [0x00007cb61378c200, 0x00007cb61378d218] 
[1,700s][debug][gc,nmethod     ] GC(0) O: Purge NMethod: java.lang.Record.<init> (0x00007cb613453e08) [0x00007cb613453f00, 0x00007cb613454058] 
[1,700s][debug][gc,nmethod     ] GC(0) O: Purge NMethod: jdk.internal.loader.URLClassPath$JarLoader.getResource (0x00007cb613487b08) [0x00007cb613487c00, 0x00007cb6134881c0] 
[1,700s][debug][gc,nmethod     ] GC(0) O: Purge NMethod: jdk.internal.classfile.impl.BufWriterImpl.writeU1U2 (0x00007cb6134e7908) [0x00007cb6134e7a00, 0x00007cb6134e7e98] 
[1,700s][debug][gc,nmethod     ] GC(0) O: Purge NMethod: java.util.Spliterators$ArraySpliterator.forEachRemaining (0x00007cb6137d2d88) [0x00007cb6137d2e80, 0x00007cb6137d3450] 
[1,700s][debug][gc,nmethod     ] GC(0) O: Purge NMethod: java.lang.CharacterDataLatin1.getProperties (0x00007cb6134e5c08) [0x00007cb6134e5d00, 0x00007cb6134e5e30] 
[1,700s][debug][gc,nmethod     ] GC(0) O: Purge NMethod: java.util.stream.Collectors$$Lambda/0x00000000260e07a8.accept (0x00007cb632c6ad88) [0x00007cb632c6ae80, 0x00007cb632c6b4c0] 
[1,700s][debug][gc,nmethod     ] GC(0) O: Purge NMethod: java.lang.ref.ReferenceQueue.poll (0x00007cb613418d88) [0x00007cb613418e80, 0x00007cb6134192a0] 
[1,700s][debug][gc,nmethod     ] GC(0) O: Purge NMethod: java.util.stream.MatchOps$1MatchSink.accept (0x00007cb632c70488) [0x00007cb632c70580, 0x00007cb632c714f8] 
[1,700s][debug][gc,nmethod     ] GC(0) O: Purge NMethod: java.util.ImmutableCollections$SetN.probe (0x00007cb613401088) [0x00007cb613401180, 0x00007cb6134019a8] 
[1,700s][debug][gc,nmethod     ] GC(0) O: Purge NMethod: java.util.stream.ReferencePipeline$2$1.accept (0x00007cb613428188) [0x00007cb613428280, 0x00007cb613428840] 
[1,700s][debug][gc,nmethod     ] GC(0) O: Purge NMethod: java.lang.StringBuilder.append (0x00007cb61348ed88) [0x00007cb61348ee80, 0x00007cb61348efc8] 
[1,700s][debug][gc,nmethod     ] GC(0) O: Purge NMethod: jdk.internal.util.ArraysSupport.unsignedHashCode (0x00007cb613400008) [0x00007cb613400100, 0x00007cb613400310] 
[1,700s][debug][gc,nmethod     ] GC(0) O: Purge NMethod: java.lang.String.substring (0x00007cb613442408) [0x00007cb613442500, 0x00007cb613443020] 
[1,700s][debug][gc,nmethod     ] GC(0) O: Purge NMethod: java.lang.Character.codePointAt (0x00007cb613988588) [0x00007cb613988680, 0x00007cb613989050] 
[1,700s][debug][gc,nmethod     ] GC(0) O: Purge NMethod: java.util.HashMap.get (0x00007cb613431488) [0x00007cb613431580, 0x00007cb613431918] 
[1,700s][debug][gc,nmethod     ] GC(0) O: Purge NMethod: java.util.stream.StreamSupport.stream (0x00007cb6137bbb88) [0x00007cb6137bbc80, 0x00007cb6137bc070] 
[1,700s][debug][gc,nmethod     ] Register NMethod: java.lang.reflect.Method.getParameterTypes (0x00007cb632c9e408) [0x00007cb632c9e500, 0x00007cb632c9e768] Compiler: jvmci, Barriers: 1, Oops: 0, ImmediateOops: 0, NonImmediateOops: No
[1,701s][debug][gc,phases      ] GC(0) O: Concurrent Classes Purge 2,117ms
[1,701s][debug][gc,phases,start] GC(0) O: Concurrent References Enqueue
[1,701s][debug][gc,phases      ] GC(0) O: Concurrent References Enqueue 0,006ms
[1,701s][info ][gc,phases      ] GC(0) O: Concurrent Process Non-Strong 9,426ms
[1,701s][debug][gc,phases,start] GC(0) O: Concurrent Reset Relocation Set
[1,701s][info ][gc,phases      ] GC(0) O: Concurrent Reset Relocation Set 0,007ms
[1,701s][debug][gc,phases,start] GC(0) O: Concurrent Select Relocation Set
[1,701s][debug][gc,reloc       ] Synchronize all workers 1 _nworkers: 0 _nsynchronized: 0
[1,701s][debug][gc,reloc       ] Synchronize all workers 1 _nworkers: 0 _nsynchronized: 0
[1,701s][debug][gc,nmethod     ] Register NMethod: java.util.HashMap.put (0x00007cb632c83e88) [0x00007cb632c83fa0, 0x00007cb632c851b0] Compiler: jvmci, Barriers: 39, Oops: 1, ImmediateOops: 1, NonImmediateOops: No
[1,701s][debug][gc,reloc       ] GC(0) O: Relocation Set (Medium Pages): 0->0, 0 skipped, 0 forwarding entries
[1,701s][debug][gc,reloc       ] GC(0) O: Relocation Set (Small Pages): 0->0, 0 skipped, 0 forwarding entries
[1,701s][debug][gc,task        ] GC(0) O: Executing ZRelocationSetInstallTask using ZWorkerOld with 1 workers
[1,701s][debug][gc,reloc       ] Desynchronize all workers _nworkers: 0 _nsynchronized: 0
[1,701s][debug][gc,reloc       ] Desynchronize all workers _nworkers: 0 _nsynchronized: 0
[1,701s][info ][gc,phases      ] GC(0) O: Concurrent Select Relocation Set 0,337ms
[1,701s][debug][gc,phases,start] GC(0) O: Concurrent Remap Roots
[1,701s][info ][gc,task        ] GC(0) O: Using 2 Workers for Old Generation
[1,701s][debug][gc,task        ] GC(0) O: Executing ZRemapYoungRootsTask using ZWorkerOld with 2 workers
[1,701s][debug][gc,nmethod     ] Register NMethod: java.lang.String.regionMatches (0x00007cb613412608) [0x00007cb613412700, 0x00007cb613413af8] Compiler: c1, Barriers: 2, Oops: 0, ImmediateOops: 0, NonImmediateOops: No
[1,702s][info ][gc,task        ] GC(0) O: Using 1 Workers for Old Generation
[1,702s][info ][gc,phases      ] GC(0) O: Concurrent Remap Roots 0,755ms
[1,702s][debug][gc,reloc       ] Synchronize all workers 1 _nworkers: 0 _nsynchronized: 0
[1,702s][debug][gc,reloc       ] Synchronize all workers 1 _nworkers: 0 _nsynchronized: 0
[1,702s][debug][gc,phases,start] GC(0) O: Pause Relocate Start
[1,702s][debug][gc,reloc       ] GC(0) O: Joining workers: 1
[1,702s][info ][gc,phases      ] GC(0) O: Pause Relocate Start 0,028ms
[1,702s][debug][gc,reloc       ] Desynchronize all workers _nworkers: 1 _nsynchronized: 0
[1,702s][debug][gc,reloc       ] Desynchronize all workers _nworkers: 0 _nsynchronized: 0
[1,702s][debug][gc,phases,start] GC(0) O: Concurrent Relocate
[1,702s][debug][gc,task        ] GC(0) O: Executing ZRelocateStoreBufferInstallBasePointersTask using ZWorkerOld with 1 workers
[1,702s][debug][gc,task        ] GC(0) O: Executing ZRelocateTask using ZWorkerOld with 1 workers
[1,702s][debug][gc,reloc       ] GC(0) O: Leaving workers: left: 0 _synchronize: 0 _nsynchronized: 0
[1,702s][info ][gc,phases      ] GC(0) O: Concurrent Relocate 0,086ms
[1,702s][debug][gc,heap        ] GC(0) O: Heap After GC invocations=1 (full 1):
[1,702s][debug][gc,heap        ] GC(0) O:  ZHeap           used 58M, capacity 5120M, max capacity 12288M
[1,702s][debug][gc,heap        ] GC(0) O:   Cache          5062M (3)
[1,702s][debug][gc,heap        ] GC(0) O:    size classes  4M (1), 32M (1), 4G (1)
[1,702s][debug][gc,metaspace   ] GC(0) O: Metaspace After GC invocations=1 (full 1):
[1,702s][debug][gc,metaspace   ] GC(0) O:  Metaspace       used 22153K, committed 22400K, reserved 1114112K
[1,702s][debug][gc,metaspace   ] GC(0) O:   class space    used 1844K, committed 1984K, reserved 1048576K
[1,702s][info ][gc,alloc       ] GC(0) O:                         Mark Start        Mark End      Relocate Start    Relocate End   
[1,702s][info ][gc,alloc       ] GC(0) O: Allocation Stalls:          0                0                0                0         
[1,702s][info ][gc,load        ] GC(0) O: Load: 3,28 (16%) / 2,56 (13%) / 2,08 (10%)
[1,702s][info ][gc,mmu         ] GC(0) O: MMU: 2ms/95,7%, 5ms/98,3%, 10ms/99,1%, 20ms/99,4%, 50ms/99,6%, 100ms/99,8%
[1,702s][info ][gc,marking     ] GC(0) O: Mark: 1 stripe(s), 1 proactive flush(es), 1 terminate flush(es), 0 completion(s), 0 continuation(s) 
[1,702s][info ][gc,nmethod     ] GC(0) O: NMethods: 2301 registered, 285 unregistered
[1,702s][info ][gc,metaspace   ] GC(0) O: Metaspace: 21M used, 21M committed, 1088M reserved
[1,702s][info ][gc,ref         ] GC(0) O:                       Encountered   Discovered     Enqueued 
[1,702s][info ][gc,ref         ] GC(0) O: Soft References:             2761            0            0 
[1,702s][info ][gc,ref         ] GC(0) O: Weak References:             1533            0            0 
[1,702s][info ][gc,ref         ] GC(0) O: Final References:               0            0            0 
[1,702s][info ][gc,ref         ] GC(0) O: Phantom References:           421            0            0 
[1,702s][info ][gc,heap        ] GC(0) O: Min Capacity: 5120M(42%)
[1,702s][info ][gc,heap        ] GC(0) O: Max Capacity: 12288M(100%)
[1,702s][info ][gc,heap        ] GC(0) O: Soft Max Capacity: 12288M(100%)
[1,702s][info ][gc,heap        ] GC(0) O: Heap Statistics:
[1,702s][info ][gc,heap        ] GC(0) O:                Mark Start          Mark End        Relocate Start      Relocate End           High               Low         
[1,702s][info ][gc,heap        ] GC(0) O:  Capacity:     5120M (42%)        5120M (42%)        5120M (42%)        5120M (42%)        5120M (42%)        5120M (42%)    
[1,702s][info ][gc,heap        ] GC(0) O:      Free:    12176M (99%)       12234M (100%)      12230M (100%)      12230M (100%)      12234M (100%)      12166M (99%)    
[1,702s][info ][gc,heap        ] GC(0) O:      Used:      112M (1%)           54M (0%)           58M (0%)           58M (0%)          122M (1%)           54M (0%)     
[1,702s][info ][gc,heap        ] GC(0) O: Old Generation Statistics:
[1,702s][info ][gc,heap        ] GC(0) O:                Mark Start          Mark End        Relocate Start      Relocate End    
[1,702s][info ][gc,heap        ] GC(0) O:      Used:        0M (0%)            0M (0%)            0M (0%)            0M (0%)     
[1,702s][info ][gc,heap        ] GC(0) O:      Live:         -                 0M (0%)            0M (0%)            0M (0%)     
[1,702s][info ][gc,heap        ] GC(0) O:   Garbage:         -                 0M (0%)            0M (0%)            0M (0%)     
[1,702s][info ][gc,heap        ] GC(0) O: Allocated:         -                 0M (0%)            0M (0%)            0M (0%)     
[1,702s][info ][gc,heap        ] GC(0) O: Reclaimed:         -                  -                 0M (0%)            0M (0%)     
[1,702s][info ][gc,heap        ] GC(0) O: Compacted:         -                  -                  -                 0M (0%)     
[1,702s][info ][gc,phases      ] GC(0) O: Old Generation 54M(0%)->58M(0%) 0,012s
[1,702s][info ][gc             ] GC(0) Major Collection (Metadata GC Threshold) 112M(1%)->58M(0%) 0,035s
[1,704s][debug][gc,nmethod     ] Register NMethod: java.lang.StringUTF16.compress (0x00007cb632c65c08) [0x00007cb632c65dc0, 0x00007cb632c66218] Compiler: jvmci, Barriers: 0, Oops: 0, ImmediateOops: 0, NonImmediateOops: No
[1,706s][debug][gc,nmethod     ] Register NMethod: com.sun.org.apache.xerces.internal.xni.QName.clear (0x00007cb613418688) [0x00007cb613418780, 0x00007cb613418a80] Compiler: c1, Barriers: 12, Oops: 0, ImmediateOops: 0, NonImmediateOops: No
[1,706s][debug][gc,nmethod     ] Register NMethod: com.sun.org.apache.xerces.internal.xni.QName.<init> (0x00007cb61340ab88) [0x00007cb61340ac80, 0x00007cb61340b048] Compiler: c1, Barriers: 12, Oops: 0, ImmediateOops: 0, NonImmediateOops: No
[1,706s][debug][gc,nmethod     ] Register NMethod: java.lang.Character.digit (0x00007cb61376f888) [0x00007cb61376f980, 0x00007cb61376fcb0] Compiler: c1, Barriers: 0, Oops: 0, ImmediateOops: 0, NonImmediateOops: No
[1,706s][debug][gc,nmethod     ] Register NMethod: java.lang.Character.digit (0x00007cb613428d08) [0x00007cb613428e00, 0x00007cb613429188] Compiler: c1, Barriers: 0, Oops: 0, ImmediateOops: 0, NonImmediateOops: No
[1,707s][debug][gc,nmethod     ] Register NMethod: java.lang.CharacterDataLatin1.digit (0x00007cb61341fb08) [0x00007cb61341fc00, 0x00007cb61341fe18] Compiler: c1, Barriers: 0, Oops: 0, ImmediateOops: 1, NonImmediateOops: No
[1,711s][debug][gc,nmethod     ] Register NMethod: jdk.internal.loader.URLClassPath$JarLoader$1.getCodeSourceURL (0x00007cb632be7d88) [0x00007cb632be7e80, 0x00007cb632be7f88] Compiler: jvmci, Barriers: 2, Oops: 0, ImmediateOops: 0, NonImmediateOops: No
[1,711s][debug][gc,director    ] Rule Major: Warmup 10%, Used: 58MB, UsedThreshold: 1228MB
[1,712s][debug][gc,nmethod     ] Register NMethod: java.lang.invoke.MethodType.methodType (0x00007cb613408008) [0x00007cb613408100, 0x00007cb6134082b0] Compiler: c1, Barriers: 0, Oops: 0, ImmediateOops: 2, NonImmediateOops: No
[1,714s][debug][gc,nmethod     ] Register NMethod: java.lang.StringLatin1.inflate (0x00007cb61340bd08) [0x00007cb61340be00, 0x00007cb61340bff0] Compiler: c1, Barriers: 0, Oops: 0, ImmediateOops: 0, NonImmediateOops: No
[1,714s][debug][gc,nmethod     ] Register NMethod: java.lang.String.rangeCheck (0x00007cb613450108) [0x00007cb613450200, 0x00007cb613450468] Compiler: c1, Barriers: 0, Oops: 1, ImmediateOops: 1, NonImmediateOops: No
[1,716s][debug][gc,nmethod     ] Register NMethod: java.lang.invoke.MethodHandle.linkToStatic (0x00007cb632be8c88) [0x00007cb632be8d80, 0x00007cb632be8e70] Compiler: , Barriers: 0, Oops: 0, ImmediateOops: 0, NonImmediateOops: No
[1,716s][debug][gc,nmethod     ] Register NMethod: java.net.URL.<init> (0x00007cb632c48b88) [0x00007cb632c48c80, 0x00007cb632c49f80] Compiler: jvmci, Barriers: 52, Oops: 1, ImmediateOops: 0, NonImmediateOops: No
[1,716s][debug][gc,nmethod     ] Register NMethod: java.lang.invoke.DirectMethodHandle.shouldBeInitialized (0x00007cb61385f308) [0x00007cb61385f400, 0x00007cb613860538] Compiler: c1, Barriers: 1, Oops: 1, ImmediateOops: 9, NonImmediateOops: No
[1,716s][debug][gc,nmethod     ] Register NMethod: java.lang.invoke.MethodHandle.linkToStatic (0x00007cb632bed308) [0x00007cb632bed400, 0x00007cb632bed4f0] Compiler: , Barriers: 0, Oops: 0, ImmediateOops: 0, NonImmediateOops: No
[1,717s][debug][gc,nmethod     ] Register NMethod: java.lang.invoke.MemberName$Factory.resolveOrNull (0x00007cb61344f388) [0x00007cb61344f480, 0x00007cb61344f8f8] Compiler: c1, Barriers: 1, Oops: 0, ImmediateOops: 0, NonImmediateOops: No
[1,717s][debug][gc,nmethod     ] Register NMethod: java.lang.invoke.MethodHandle.linkToStatic (0x00007cb632bfa388) [0x00007cb632bfa480, 0x00007cb632bfa570] Compiler: , Barriers: 0, Oops: 0, ImmediateOops: 0, NonImmediateOops: No
[1,718s][debug][gc,nmethod     ] Register NMethod: java.lang.invoke.MethodHandle.linkToSpecial (0x00007cb632c00488) [0x00007cb632c00580, 0x00007cb632c00678] Compiler: , Barriers: 0, Oops: 0, ImmediateOops: 0, NonImmediateOops: No
[1,718s][debug][gc,nmethod     ] Register NMethod: java.lang.invoke.MethodHandle.invokeBasic (0x00007cb632c13608) [0x00007cb632c13700, 0x00007cb632c13998] Compiler: , Barriers: 0, Oops: 0, ImmediateOops: 0, NonImmediateOops: No
[1,718s][debug][gc,nmethod     ] Register NMethod: java.lang.invoke.MethodHandle.linkToSpecial (0x00007cb632c1a208) [0x00007cb632c1a300, 0x00007cb632c1a3f8] Compiler: , Barriers: 0, Oops: 0, ImmediateOops: 0, NonImmediateOops: No
[1,718s][debug][gc,nmethod     ] Register NMethod: java.lang.invoke.MethodHandle.linkToStatic (0x00007cb632c4d808) [0x00007cb632c4d900, 0x00007cb632c4d9f0] Compiler: , Barriers: 0, Oops: 0, ImmediateOops: 0, NonImmediateOops: No
[1,719s][debug][gc,nmethod     ] Register NMethod: java.lang.ref.SoftReference.get (0x00007cb613422f88) [0x00007cb613423080, 0x00007cb613423240] Compiler: c1, Barriers: 2, Oops: 0, ImmediateOops: 1, NonImmediateOops: No
[1,719s][debug][gc,nmethod     ] Register NMethod: java.lang.Throwable.<init> (0x00007cb613456b08) [0x00007cb613456c00, 0x00007cb6134573c0] Compiler: c1, Barriers: 13, Oops: 0, ImmediateOops: 3, NonImmediateOops: No
[1,719s][debug][gc,nmethod     ] Register NMethod: java.util.KeyValueHolder.<init> (0x00007cb613682c08) [0x00007cb613682d00, 0x00007cb6136831c8] Compiler: c1, Barriers: 6, Oops: 0, ImmediateOops: 0, NonImmediateOops: No
[1,720s][debug][gc,nmethod     ] Register NMethod: java.lang.invoke.MethodHandles$Lookup.resolveOrFail (0x00007cb613451908) [0x00007cb613451a00, 0x00007cb6134537f0] Compiler: c1, Barriers: 7, Oops: 1, ImmediateOops: 3, NonImmediateOops: No
[1,720s][debug][gc,nmethod     ] Register NMethod: java.lang.invoke.MethodHandles$Lookup.getDirectMethodForConstant (0x00007cb613426608) [0x00007cb613426700, 0x00007cb613428820] Compiler: c1, Barriers: 0, Oops: 1, ImmediateOops: 4, NonImmediateOops: No
[1,721s][debug][gc,director    ] Rule Major: Warmup 10%, Used: 62MB, UsedThreshold: 1228MB
[1,722s][debug][gc,nmethod     ] Register NMethod: java.lang.invoke.MethodHandles$Lookup.canBeCached (0x00007cb613420188) [0x00007cb613420280, 0x00007cb613422ac0] Compiler: c1, Barriers: 8, Oops: 1, ImmediateOops: 1, NonImmediateOops: No
[1,722s][debug][gc,nmethod     ] Register NMethod: java.lang.invoke.MethodHandle.asTypeCached (0x00007cb613547888) [0x00007cb613547980, 0x00007cb6135480a0] Compiler: c1, Barriers: 4, Oops: 0, ImmediateOops: 0, NonImmediateOops: No
[1,723s][debug][gc,nmethod     ] Register NMethod: java.lang.invoke.MethodHandle.linkToStatic (0x00007cb632c88c08) [0x00007cb632c88d00, 0x00007cb632c88df8] Compiler: , Barriers: 0, Oops: 0, ImmediateOops: 0, NonImmediateOops: No
[1,723s][debug][gc,nmethod     ] Register NMethod: java.lang.invoke.MethodHandle.linkToSpecial (0x00007cb632c89308) [0x00007cb632c89400, 0x00007cb632c894f8] Compiler: , Barriers: 0, Oops: 0, ImmediateOops: 0, NonImmediateOops: No
[1,723s][debug][gc,nmethod     ] Register NMethod: java.lang.invoke.MethodHandle.invokeBasic (0x00007cb632c04e88) [0x00007cb632c04f80, 0x00007cb632c05218] Compiler: , Barriers: 0, Oops: 0, ImmediateOops: 0, NonImmediateOops: No
[1,723s][debug][gc,nmethod     ] Register NMethod: java.lang.invoke.MethodHandle.linkToSpecial (0x00007cb632c2be88) [0x00007cb632c2bf80, 0x00007cb632c2c078] Compiler: , Barriers: 0, Oops: 0, ImmediateOops: 0, NonImmediateOops: No
[1,723s][debug][gc,nmethod     ] Register NMethod: java.lang.invoke.LambdaForm.normalizeNames (0x00007cb613464688) [0x00007cb613464780, 0x00007cb613466418] Compiler: c1, Barriers: 14, Oops: 0, ImmediateOops: 0, NonImmediateOops: No
[1,723s][debug][gc,nmethod     ] Register NMethod: java.lang.invoke.MethodHandle.linkToStatic (0x00007cb632c4f288) [0x00007cb632c4f380, 0x00007cb632c4f478] Compiler: , Barriers: 0, Oops: 0, ImmediateOops: 0, NonImmediateOops: No
[1,723s][debug][gc,nmethod     ] Register NMethod: sun.invoke.util.Wrapper.isIntegral (0x00007cb613434788) [0x00007cb613434880, 0x00007cb613434c68] Compiler: c1, Barriers: 0, Oops: 0, ImmediateOops: 0, NonImmediateOops: No
[1,723s][debug][gc,nmethod     ] Register NMethod: java.lang.invoke.InnerClassLambdaMetafactory.argName (0x00007cb613854908) [0x00007cb613854a00, 0x00007cb613855690] Compiler: c1, Barriers: 1, Oops: 1, ImmediateOops: 3, NonImmediateOops: No
[1,723s][debug][gc,nmethod     ] Register NMethod: sun.invoke.util.Wrapper.isNumeric (0x00007cb61342b508) [0x00007cb61342b600, 0x00007cb61342b750] Compiler: c1, Barriers: 0, Oops: 0, ImmediateOops: 0, NonImmediateOops: No
[1,723s][debug][gc,nmethod     ] Register NMethod: sun.invoke.util.Wrapper.isSubwordOrInt (0x00007cb61346dd88) [0x00007cb61346de80, 0x00007cb61346e760] Compiler: c1, Barriers: 0, Oops: 0, ImmediateOops: 0, NonImmediateOops: No
[1,724s][debug][gc,nmethod     ] Register NMethod: sun.invoke.util.Wrapper.isSingleWord (0x00007cb61343b188) [0x00007cb61343b280, 0x00007cb61343b3d0] Compiler: c1, Barriers: 0, Oops: 0, ImmediateOops: 0, NonImmediateOops: No
[1,724s][debug][gc,nmethod     ] Register NMethod: java.lang.invoke.MethodHandle.linkToSpecial (0x00007cb632c5f888) [0x00007cb632c5f980, 0x00007cb632c5fa78] Compiler: , Barriers: 0, Oops: 0, ImmediateOops: 0, NonImmediateOops: No
[1,724s][debug][gc,nmethod     ] Register NMethod: java.lang.invoke.MethodHandle.invokeBasic (0x00007cb632c6b108) [0x00007cb632c6b200, 0x00007cb632c6b498] Compiler: , Barriers: 0, Oops: 0, ImmediateOops: 0, NonImmediateOops: No
[1,724s][debug][gc,nmethod     ] Register NMethod: java.lang.invoke.MethodHandle.linkToSpecial (0x00007cb632c6ad88) [0x00007cb632c6ae80, 0x00007cb632c6af78] Compiler: , Barriers: 0, Oops: 0, ImmediateOops: 0, NonImmediateOops: No
[1,724s][debug][gc,nmethod     ] Register NMethod: java.lang.Math.min (0x00007cb632c36d88) [0x00007cb632c36e80, 0x00007cb632c36ee8] Compiler: jvmci, Barriers: 0, Oops: 0, ImmediateOops: 0, NonImmediateOops: No
[1,726s][debug][gc,nmethod     ] Register NMethod: java.lang.invoke.MethodHandle.invokeBasic (0x00007cb632c36988) [0x00007cb632c36a80, 0x00007cb632c36d18] Compiler: , Barriers: 0, Oops: 0, ImmediateOops: 0, NonImmediateOops: No
[1,726s][debug][gc,nmethod     ] Register NMethod: java.lang.invoke.MethodHandle.linkToSpecial (0x00007cb632c36608) [0x00007cb632c36700, 0x00007cb632c367f8] Compiler: , Barriers: 0, Oops: 0, ImmediateOops: 0, NonImmediateOops: No
[1,729s][debug][gc,nmethod     ] Register NMethod: java.util.Arrays.fill (0x00007cb632bf7008) [0x00007cb632bf7100, 0x00007cb632bf7298] Compiler: jvmci, Barriers: 3, Oops: 0, ImmediateOops: 0, NonImmediateOops: No
[1,730s][debug][gc,nmethod     ] Register NMethod: java.lang.invoke.MethodHandle.linkToInterface (0x00007cb632bf6d08) [0x00007cb632bf6e00, 0x00007cb632bf6f30] Compiler: , Barriers: 0, Oops: 0, ImmediateOops: 0, NonImmediateOops: No
[1,731s][debug][gc,nmethod     ] Register NMethod: java.lang.Enum.equals (0x00007cb613444a88) [0x00007cb613444b80, 0x00007cb613444cd0] Compiler: c1, Barriers: 0, Oops: 0, ImmediateOops: 0, NonImmediateOops: No
[1,731s][debug][gc,nmethod     ] Register NMethod: java.lang.Integer.hashCode (0x00007cb632bf6a08) [0x00007cb632bf6b00, 0x00007cb632bf6b88] Compiler: jvmci, Barriers: 0, Oops: 0, ImmediateOops: 0, NonImmediateOops: No
[1,732s][debug][gc,director    ] Rule Major: Warmup 10%, Used: 62MB, UsedThreshold: 1228MB
[1,732s][debug][gc,nmethod     ] Register NMethod: java.util.ImmutableCollections$ListN.get (0x00007cb632bf6688) [0x00007cb632bf6780, 0x00007cb632bf68c0] Compiler: jvmci, Barriers: 2, Oops: 0, ImmediateOops: 0, NonImmediateOops: No
[1,732s][debug][gc,nmethod     ] Register NMethod: sun.invoke.util.Wrapper.isDoubleWord (0x00007cb613445708) [0x00007cb613445800, 0x00007cb613445950] Compiler: c1, Barriers: 0, Oops: 0, ImmediateOops: 0, NonImmediateOops: No
[1,732s][debug][gc,nmethod     ] Register NMethod: jdk.internal.classfile.impl.StackMapGenerator.of (0x00007cb613453e08) [0x00007cb613453f00, 0x00007cb613455288] Compiler: c1, Barriers: 12, Oops: 0, ImmediateOops: 0, NonImmediateOops: No
[1,733s][debug][gc,nmethod     ] Register NMethod: java.lang.invoke.MethodHandle.linkToVirtual (0x00007cb632c33008) [0x00007cb632c33100, 0x00007cb632c33128] Compiler: , Barriers: 0, Oops: 0, ImmediateOops: 0, NonImmediateOops: No
[1,733s][debug][gc,nmethod     ] Register NMethod: java.util.stream.Sink$ChainedReference.end (0x00007cb632c32d08) [0x00007cb632c32e00, 0x00007cb632c32f40] Compiler: jvmci, Barriers: 1, Oops: 0, ImmediateOops: 0, NonImmediateOops: No
[1,733s][debug][gc,nmethod     ] Register NMethod: jdk.internal.classfile.impl.AnnotationReader.writeAnnotation (0x00007cb613480e08) [0x00007cb613480f00, 0x00007cb613484d00] Compiler: c1, Barriers: 5, Oops: 1, ImmediateOops: 3, NonImmediateOops: No
[1,734s][debug][gc,nmethod     ] Register NMethod: java.lang.invoke.MethodHandle.linkToStatic (0x00007cb632c32a08) [0x00007cb632c32b00, 0x00007cb632c32bf8] Compiler: , Barriers: 0, Oops: 0, ImmediateOops: 0, NonImmediateOops: No
[1,734s][debug][gc,nmethod     ] Register NMethod: java.lang.invoke.Invokers.callSiteForm (0x00007cb613609a88) [0x00007cb613609b80, 0x00007cb61360c5b8] Compiler: c1, Barriers: 23, Oops: 1, ImmediateOops: 5, NonImmediateOops: No
[1,734s][debug][gc,nmethod     ] Register NMethod: java.lang.invoke.MethodHandle.linkToSpecial (0x00007cb632c32688) [0x00007cb632c32780, 0x00007cb632c32878] Compiler: , Barriers: 0, Oops: 0, ImmediateOops: 0, NonImmediateOops: No
[1,734s][debug][gc,nmethod     ] Register NMethod: jdk.internal.classfile.impl.DirectCodeBuilder.parameterSlot (0x00007cb613472e08) [0x00007cb613472f00, 0x00007cb613473240] Compiler: c1, Barriers: 1, Oops: 0, ImmediateOops: 0, NonImmediateOops: No
[1,734s][debug][gc,nmethod     ] Register NMethod: jdk.internal.constant.PrimitiveClassDescImpl.isPrimitive (0x00007cb632c69988) [0x00007cb632c69a80, 0x00007cb632c69b40] Compiler: c1, Barriers: 0, Oops: 0, ImmediateOops: 0, NonImmediateOops: No
[1,735s][debug][gc,nmethod     ] Register NMethod: java.lang.invoke.LambdaForm.returnType (0x00007cb613470808) [0x00007cb613470900, 0x00007cb613470b20] Compiler: c1, Barriers: 3, Oops: 0, ImmediateOops: 1, NonImmediateOops: No
[1,735s][debug][gc,nmethod     ] Register NMethod: java.lang.invoke.MethodHandle.invokeBasic (0x00007cb632c69588) [0x00007cb632c69680, 0x00007cb632c69918] Compiler: , Barriers: 0, Oops: 0, ImmediateOops: 0, NonImmediateOops: No
[1,735s][debug][gc,nmethod     ] Register NMethod: java.lang.invoke.MethodHandle.linkToSpecial (0x00007cb632c69288) [0x00007cb632c69380, 0x00007cb632c69478] Compiler: , Barriers: 0, Oops: 0, ImmediateOops: 0, NonImmediateOops: No
[1,735s][debug][gc,nmethod     ] Register NMethod: jdk.internal.classfile.impl.StackMapGenerator$Frame.setLocalRawInternal (0x00007cb61352c508) [0x00007cb61352c600, 0x00007cb61352cf10] Compiler: c1, Barriers: 6, Oops: 0, ImmediateOops: 0, NonImmediateOops: No
[1,735s][debug][gc,nmethod     ] Register NMethod: java.lang.Short.<init> (0x00007cb613446208) [0x00007cb613446300, 0x00007cb6134464c0] Compiler: c1, Barriers: 0, Oops: 0, ImmediateOops: 0, NonImmediateOops: No
[1,735s][debug][gc,nmethod     ] Register NMethod: java.lang.invoke.MethodHandle.linkToStatic (0x00007cb632c68e88) [0x00007cb632c68f80, 0x00007cb632c69070] Compiler: , Barriers: 0, Oops: 0, ImmediateOops: 0, NonImmediateOops: No
[1,735s][debug][gc,nmethod     ] Register NMethod: java.util.Arrays$ArrayItr.next (0x00007cb61347b908) [0x00007cb61347ba00, 0x00007cb61347bca0] Compiler: c1, Barriers: 2, Oops: 0, ImmediateOops: 0, NonImmediateOops: No
[1,735s][debug][gc,nmethod     ] Register NMethod: java.lang.invoke.MethodHandle.linkToSpecial (0x00007cb632c71208) [0x00007cb632c71300, 0x00007cb632c713f8] Compiler: , Barriers: 0, Oops: 0, ImmediateOops: 0, NonImmediateOops: No
[1,735s][debug][gc,nmethod     ] Register NMethod: java.lang.invoke.InvokerBytecodeGenerator.emitReferenceCast (0x00007cb61340e708) [0x00007cb61340e800, 0x00007cb613411b50] Compiler: c1, Barriers: 9, Oops: 3, ImmediateOops: 7, NonImmediateOops: No
[1,735s][debug][gc,nmethod     ] Register NMethod: java.lang.invoke.MethodHandle.invokeBasic (0x00007cb632c70e08) [0x00007cb632c70f00, 0x00007cb632c71198] Compiler: , Barriers: 0, Oops: 0, ImmediateOops: 0, NonImmediateOops: No
[1,735s][debug][gc,nmethod     ] Register NMethod: java.lang.invoke.MethodHandle.linkToSpecial (0x00007cb632c70b08) [0x00007cb632c70c00, 0x00007cb632c70cf8] Compiler: , Barriers: 0, Oops: 0, ImmediateOops: 0, NonImmediateOops: No
[1,736s][debug][gc,nmethod     ] Register NMethod: java.lang.invoke.MethodHandle.linkToNative (0x00007cb632c70808) [0x00007cb632c70900, 0x00007cb632c70910] Compiler: , Barriers: 0, Oops: 0, ImmediateOops: 0, NonImmediateOops: No
[1,736s][debug][gc,nmethod     ] Register NMethod: java.util.Arrays.fill (0x00007cb632c70488) [0x00007cb632c70580, 0x00007cb632c707a8] Compiler: jvmci, Barriers: 6, Oops: 0, ImmediateOops: 0, NonImmediateOops: No
[1,737s][debug][gc,nmethod     ] Register NMethod: jdk.internal.classfile.impl.SplitConstantPool.utf8Entry (0x00007cb632c67108) [0x00007cb632c67220, 0x00007cb632c68668] Compiler: jvmci, Barriers: 31, Oops: 0, ImmediateOops: 2, NonImmediateOops: No
[1,737s][debug][gc,nmethod     ] Register NMethod: jdk.internal.classfile.impl.StackMapDecoder$1.compare (0x00007cb6134e7608) [0x00007cb6134e7700, 0x00007cb6134e7ec0] Compiler: c1, Barriers: 4, Oops: 0, ImmediateOops: 0, NonImmediateOops: No
[1,737s][debug][gc,nmethod     ] Register NMethod: jdk.internal.classfile.impl.StackMapDecoder$1.compare (0x00007cb61346c388) [0x00007cb61346c480, 0x00007cb61346d0f0] Compiler: c1, Barriers: 4, Oops: 0, ImmediateOops: 0, NonImmediateOops: No
[1,738s][debug][gc,nmethod     ] Register NMethod: java.lang.classfile.CodeBuilder.loadConstant (0x00007cb61343ed88) [0x00007cb61343ee80, 0x00007cb613441e58] Compiler: c1, Barriers: 14, Oops: 0, ImmediateOops: 0, NonImmediateOops: No
[1,738s][debug][gc,nmethod     ] Register NMethod: sun.invoke.util.Wrapper.basicClassDescriptor (0x00007cb632c80d08) [0x00007cb632c80e00, 0x00007cb632c80ee8] Compiler: c1, Barriers: 1, Oops: 0, ImmediateOops: 0, NonImmediateOops: No
[1,739s][debug][gc,nmethod     ] Register NMethod: java.lang.invoke.MethodHandle.linkToStatic (0x00007cb632c80a08) [0x00007cb632c80b00, 0x00007cb632c80bf0] Compiler: , Barriers: 0, Oops: 0, ImmediateOops: 0, NonImmediateOops: No
[1,740s][debug][gc,nmethod     ] Register NMethod: java.util.Arrays.copyOf (0x00007cb632c80288) [0x00007cb632c80380, 0x00007cb632c80990] Compiler: jvmci, Barriers: 1, Oops: 0, ImmediateOops: 2, NonImmediateOops: No
[1,741s][debug][gc,nmethod     ] Register NMethod: jdk.internal.classfile.impl.StackMapGenerator.processBlock (0x00007cb632c9e788) [0x00007cb632c9e880, 0x00007cb632ca0ba0] Compiler: jvmci, Barriers: 58, Oops: 3, ImmediateOops: 11, NonImmediateOops: No
[1,741s][debug][gc,nmethod     ] Register NMethod: jdk.internal.classfile.impl.StackMapGenerator.detectFrames (0x00007cb613720188) [0x00007cb613720280, 0x00007cb6137238d8] Compiler: c1, Barriers: 7, Oops: 1, ImmediateOops: 2, NonImmediateOops: No
[1,742s][debug][gc,director    ] Rule Major: Warmup 10%, Used: 64MB, UsedThreshold: 1228MB
[1,742s][debug][gc,nmethod     ] Register NMethod: jdk.internal.classfile.impl.DirectCodeBuilder$4.generateStackMaps (0x00007cb61375d708) [0x00007cb61375d800, 0x00007cb61375e320] Compiler: c1, Barriers: 2, Oops: 0, ImmediateOops: 1, NonImmediateOops: No
[1,742s][debug][gc,nmethod     ] Register NMethod: jdk.internal.classfile.impl.StackMapGenerator$Frame.setLocal (0x00007cb613424188) [0x00007cb613424280, 0x00007cb613424858] Compiler: c1, Barriers: 2, Oops: 0, ImmediateOops: 6, NonImmediateOops: No
[1,742s][debug][gc,nmethod     ] Register NMethod: jdk.internal.classfile.impl.StackMapGenerator$Frame.merge (0x00007cb613632788) [0x00007cb613632880, 0x00007cb613633138] Compiler: c1, Barriers: 5, Oops: 0, ImmediateOops: 0, NonImmediateOops: No
[1,742s][debug][gc,nmethod     ] Register NMethod: jdk.internal.classfile.impl.StackMapGenerator$Type.mergeFrom (0x00007cb613433688) [0x00007cb613433780, 0x00007cb613434228] Compiler: c1, Barriers: 0, Oops: 0, ImmediateOops: 6, NonImmediateOops: No
[1,743s][debug][gc,nmethod     ] Register NMethod: jdk.internal.classfile.impl.SplitConstantPool.writeBootstrapMethods (0x00007cb613886008) [0x00007cb613886100, 0x00007cb6138874f0] Compiler: c1, Barriers: 2, Oops: 0, ImmediateOops: 0, NonImmediateOops: No
[1,743s][debug][gc,nmethod     ] Register NMethod: java.util.Objects.equals (0x00007cb6135bc088) [0x00007cb6135bc180, 0x00007cb6135bc508] Compiler: c1, Barriers: 0, Oops: 0, ImmediateOops: 0, NonImmediateOops: No
[1,743s][debug][gc,nmethod     ] Register NMethod: jdk.internal.classfile.impl.SplitConstantPool.writeBootstrapMethods (0x00007cb613886008) [0x00007cb613886100, 0x00007cb6138874f0] Compiler: c1, Barriers: 2, Oops: 0, ImmediateOops: 2, NonImmediateOops: No
[1,743s][debug][gc,nmethod     ] Register NMethod: jdk.internal.classfile.impl.SplitConstantPool.writeBootstrapMethods (0x00007cb613886008) [0x00007cb613886100, 0x00007cb6138874f0] Compiler: c1, Barriers: 2, Oops: 0, ImmediateOops: 2, NonImmediateOops: No
[1,743s][debug][gc,nmethod     ] Register NMethod: java.lang.invoke.MethodHandle.linkToStatic (0x00007cb632c7ff08) [0x00007cb632c80000, 0x00007cb632c800f8] Compiler: , Barriers: 0, Oops: 0, ImmediateOops: 0, NonImmediateOops: No
[1,744s][debug][gc,nmethod     ] Register NMethod: java.lang.invoke.MethodHandle.invokeBasic (0x00007cb632c30c08) [0x00007cb632c30d00, 0x00007cb632c30f98] Compiler: , Barriers: 0, Oops: 0, ImmediateOops: 0, NonImmediateOops: No
[1,744s][debug][gc,nmethod     ] Register NMethod: java.lang.invoke.MethodHandle.linkToSpecial (0x00007cb632c30908) [0x00007cb632c30a00, 0x00007cb632c30af8] Compiler: , Barriers: 0, Oops: 0, ImmediateOops: 0, NonImmediateOops: No
[1,746s][debug][gc,nmethod     ] Register NMethod: java.lang.invoke.InnerClassLambdaMetafactory$3.accept (0x00007cb6137cca88) [0x00007cb6137ccb80, 0x00007cb6137ce908] Compiler: c1, Barriers: 13, Oops: 0, ImmediateOops: 4, NonImmediateOops: No
[1,746s][debug][gc,nmethod     ] Register NMethod: jdk.internal.classfile.impl.UnboundAttribute$AdHocAttribute.writeTo (0x00007cb6137b7888) [0x00007cb6137b7980, 0x00007cb6137b9570] Compiler: c1, Barriers: 5, Oops: 0, ImmediateOops: 0, NonImmediateOops: No
[1,746s][debug][gc,nmethod     ] Register NMethod: java.lang.invoke.MethodHandle.linkToNative (0x00007cb632c30608) [0x00007cb632c30700, 0x00007cb632c30708] Compiler: , Barriers: 0, Oops: 0, ImmediateOops: 0, NonImmediateOops: No
[1,746s][debug][gc,nmethod     ] Register NMethod: java.util.stream.AbstractPipeline.wrapSink (0x00007cb613400008) [0x00007cb613400100, 0x00007cb613400678] Compiler: c1, Barriers: 2, Oops: 0, ImmediateOops: 0, NonImmediateOops: No
[1,746s][debug][gc,nmethod     ] Register NMethod: java.util.Arrays.fill (0x00007cb632c30208) [0x00007cb632c30300, 0x00007cb632c30598] Compiler: jvmci, Barriers: 3, Oops: 0, ImmediateOops: 0, NonImmediateOops: No
[1,747s][debug][gc,nmethod     ] Register NMethod: jdk.internal.classfile.impl.TerminalCodeBuilder.setupTopLocal (0x00007cb6137f1488) [0x00007cb6137f1580, 0x00007cb6137f37e0] Compiler: c1, Barriers: 0, Oops: 1, ImmediateOops: 3, NonImmediateOops: No
[1,747s][debug][gc,nmethod     ] Register NMethod: jdk.internal.classfile.impl.RawBytecodeHelper.isWide (0x00007cb613447088) [0x00007cb613447180, 0x00007cb6134472d8] Compiler: c1, Barriers: 0, Oops: 0, ImmediateOops: 0, NonImmediateOops: No
[1,747s][debug][gc,nmethod     ] Register NMethod: jdk.internal.classfile.impl.RawBytecodeHelper.getIndex (0x00007cb61348ed88) [0x00007cb61348ee80, 0x00007cb61348f980] Compiler: c1, Barriers: 2, Oops: 0, ImmediateOops: 0, NonImmediateOops: No
[1,747s][debug][gc,nmethod     ] Register NMethod: java.lang.invoke.MethodHandle.linkToStatic (0x00007cb632c2fd88) [0x00007cb632c2fe80, 0x00007cb632c2ff70] Compiler: , Barriers: 0, Oops: 0, ImmediateOops: 0, NonImmediateOops: No
[1,747s][debug][gc,nmethod     ] Register NMethod: jdk.internal.classfile.impl.BufWriterImpl.setLabelContext (0x00007cb632c41208) [0x00007cb632c41320, 0x00007cb632c41410] Compiler: jvmci, Barriers: 3, Oops: 0, ImmediateOops: 0, NonImmediateOops: No
[1,747s][debug][gc,nmethod     ] Register NMethod: jdk.internal.classfile.impl.RawBytecodeHelper.isStoreIntoLocal (0x00007cb632c40f08) [0x00007cb632c41000, 0x00007cb632c41078] Compiler: jvmci, Barriers: 0, Oops: 0, ImmediateOops: 0, NonImmediateOops: No
[1,747s][debug][gc,nmethod     ] Register NMethod: jdk.internal.classfile.impl.DirectClassBuilder.setSuperclass (0x00007cb632c40c08) [0x00007cb632c40d00, 0x00007cb632c40e30] Compiler: c1, Barriers: 3, Oops: 0, ImmediateOops: 0, NonImmediateOops: No
[1,747s][debug][gc,nmethod     ] Register NMethod: jdk.internal.classfile.impl.ClassReaderImpl.readU1 (0x00007cb61347c308) [0x00007cb61347c400, 0x00007cb61347c6a8] Compiler: c1, Barriers: 1, Oops: 0, ImmediateOops: 1, NonImmediateOops: No
[1,747s][debug][gc,nmethod     ] Register NMethod: java.lang.classfile.CodeBuilder.invoke (0x00007cb61344b108) [0x00007cb61344b200, 0x00007cb61344bd90] Compiler: c1, Barriers: 0, Oops: 0, ImmediateOops: 0, NonImmediateOops: No
[1,747s][debug][gc,nmethod     ] Register NMethod: java.lang.invoke.MethodHandle.invokeBasic (0x00007cb632c40808) [0x00007cb632c40900, 0x00007cb632c40b98] Compiler: , Barriers: 0, Oops: 0, ImmediateOops: 0, NonImmediateOops: No
[1,747s][debug][gc,nmethod     ] Register NMethod: java.lang.invoke.MethodHandle.linkToSpecial (0x00007cb632c40508) [0x00007cb632c40600, 0x00007cb632c406f8] Compiler: , Barriers: 0, Oops: 0, ImmediateOops: 0, NonImmediateOops: No
[1,748s][debug][gc,nmethod     ] Register NMethod: java.lang.invoke.InvokerBytecodeGenerator.emitLoadInsn (0x00007cb6137bbb88) [0x00007cb6137bbc80, 0x00007cb6137bbff0] Compiler: c1, Barriers: 1, Oops: 0, ImmediateOops: 0, NonImmediateOops: No
[1,748s][debug][gc,nmethod     ] Register NMethod: jdk.internal.classfile.impl.DirectCodeBuilder$4.writeBody (0x00007cb61360f788) [0x00007cb61360f880, 0x00007cb613614138] Compiler: c1, Barriers: 36, Oops: 1, ImmediateOops: 7, NonImmediateOops: No
[1,748s][debug][gc,nmethod     ] Register NMethod: jdk.internal.classfile.impl.StackMapGenerator$Frame.getLocal (0x00007cb61345dc88) [0x00007cb61345dd80, 0x00007cb61345e1b0] Compiler: c1, Barriers: 2, Oops: 0, ImmediateOops: 0, NonImmediateOops: No
[1,748s][debug][gc,nmethod     ] Register NMethod: java.lang.invoke.InvokerBytecodeGenerator.emitPushArgument (0x00007cb613436a88) [0x00007cb613436b80, 0x00007cb613438f28] Compiler: c1, Barriers: 5, Oops: 0, ImmediateOops: 4, NonImmediateOops: No
[1,749s][debug][gc,nmethod     ] Register NMethod: java.lang.invoke.MethodHandle.linkToNative (0x00007cb632c40208) [0x00007cb632c40300, 0x00007cb632c40308] Compiler: , Barriers: 0, Oops: 0, ImmediateOops: 0, NonImmediateOops: No
[1,749s][debug][gc,nmethod     ] Register NMethod: jdk.internal.classfile.impl.StackMapGenerator$Type.isCategory2_2nd (0x00007cb61346ea88) [0x00007cb61346eb80, 0x00007cb61346ed10] Compiler: c1, Barriers: 0, Oops: 0, ImmediateOops: 2, NonImmediateOops: No
[1,750s][debug][gc,nmethod     ] Register NMethod: java.lang.invoke.MethodHandle.linkToStatic (0x00007cb632c3fd08) [0x00007cb632c3fe00, 0x00007cb632c3fef0] Compiler: , Barriers: 0, Oops: 0, ImmediateOops: 0, NonImmediateOops: No
[1,750s][debug][gc,nmethod     ] Register NMethod: jdk.internal.classfile.impl.ClassReaderImpl.readU2 (0x00007cb613818288) [0x00007cb613818380, 0x00007cb613818658] Compiler: c1, Barriers: 1, Oops: 0, ImmediateOops: 1, NonImmediateOops: No
[1,750s][debug][gc,nmethod     ] Register NMethod: java.lang.invoke.InvokerBytecodeGenerator.emitStoreResult (0x00007cb61341eb08) [0x00007cb61341ec00, 0x00007cb61341f448] Compiler: c1, Barriers: 3, Oops: 0, ImmediateOops: 1, NonImmediateOops: No
[1,750s][debug][gc,nmethod     ] Register NMethod: jdk.internal.classfile.impl.StackMapGenerator.cpIndexToType (0x00007cb613582988) [0x00007cb613582a80, 0x00007cb613583040] Compiler: c1, Barriers: 0, Oops: 0, ImmediateOops: 1, NonImmediateOops: No
[1,750s][debug][gc,nmethod     ] Register NMethod: java.lang.invoke.MethodHandle.invokeBasic (0x00007cb632c48088) [0x00007cb632c48180, 0x00007cb632c48418] Compiler: , Barriers: 0, Oops: 0, ImmediateOops: 0, NonImmediateOops: No
[1,750s][debug][gc,nmethod     ] Register NMethod: java.lang.invoke.MethodHandle.linkToSpecial (0x00007cb632c47d88) [0x00007cb632c47e80, 0x00007cb632c47f78] Compiler: , Barriers: 0, Oops: 0, ImmediateOops: 0, NonImmediateOops: No
[1,750s][debug][gc,nmethod     ] Register NMethod: java.lang.invoke.InvokerBytecodeGenerator.methodDesc (0x00007cb613519e08) [0x00007cb613519f00, 0x00007cb61351b008] Compiler: c1, Barriers: 19, Oops: 1, ImmediateOops: 1, NonImmediateOops: No
[1,750s][debug][gc,nmethod     ] Register NMethod: jdk.internal.util.DecimalDigits.uncheckedGetCharsLatin1 (0x00007cb61346ff88) [0x00007cb613470080, 0x00007cb613470440] Compiler: c1, Barriers: 0, Oops: 0, ImmediateOops: 0, NonImmediateOops: No
[1,751s][debug][gc,nmethod     ] Register NMethod: java.lang.classfile.CodeBuilder.checkcast (0x00007cb61367ab08) [0x00007cb61367ac00, 0x00007cb61367b320] Compiler: c1, Barriers: 0, Oops: 0, ImmediateOops: 0, NonImmediateOops: No
[1,751s][debug][gc,nmethod     ] Register NMethod: java.lang.invoke.MethodHandle.linkToNative (0x00007cb632c47a88) [0x00007cb632c47b80, 0x00007cb632c47b88] Compiler: , Barriers: 0, Oops: 0, ImmediateOops: 0, NonImmediateOops: No
[1,751s][debug][gc,nmethod     ] Register NMethod: java.lang.Long.valueOf (0x00007cb6134dfc08) [0x00007cb6134dfd00, 0x00007cb6134e0040] Compiler: c1, Barriers: 1, Oops: 0, ImmediateOops: 1, NonImmediateOops: No
[1,751s][debug][gc,nmethod     ] Register NMethod: java.lang.invoke.InvokerBytecodeGenerator.emitStaticInvoke (0x00007cb613466f08) [0x00007cb613467000, 0x00007cb613469680] Compiler: c1, Barriers: 9, Oops: 0, ImmediateOops: 2, NonImmediateOops: No
[1,751s][debug][gc,nmethod     ] Register NMethod: java.util.Collections$EmptyList.size (0x00007cb632c47788) [0x00007cb632c47880, 0x00007cb632c47940] Compiler: c1, Barriers: 0, Oops: 0, ImmediateOops: 0, NonImmediateOops: No
[1,751s][debug][gc,nmethod     ] Register NMethod: jdk.internal.classfile.impl.SplitConstantPool.maybeCloneUtf8Entry (0x00007cb632c47108) [0x00007cb632c47200, 0x00007cb632c47740] Compiler: jvmci, Barriers: 20, Oops: 0, ImmediateOops: 1, NonImmediateOops: No
[1,751s][debug][gc,nmethod     ] Register NMethod: java.lang.invoke.InnerClassLambdaMetafactory$6.accept (0x00007cb6137bcd08) [0x00007cb6137bce00, 0x00007cb6137c0728] Compiler: c1, Barriers: 30, Oops: 2, ImmediateOops: 7, NonImmediateOops: No
[1,752s][debug][gc,nmethod     ] Register NMethod: jdk.internal.classfile.impl.AbstractElement.<init> (0x00007cb632c46c88) [0x00007cb632c46d80, 0x00007cb632c46e00] Compiler: jvmci, Barriers: 0, Oops: 0, ImmediateOops: 0, NonImmediateOops: No
[1,752s][debug][gc,director    ] Rule Major: Warmup 10%, Used: 68MB, UsedThreshold: 1228MB
[1,752s][debug][gc,nmethod     ] Register NMethod: java.lang.invoke.MethodHandle.invokeBasic (0x00007cb632c2f388) [0x00007cb632c2f480, 0x00007cb632c2f718] Compiler: , Barriers: 0, Oops: 0, ImmediateOops: 0, NonImmediateOops: No
[1,752s][debug][gc,nmethod     ] Register NMethod: java.lang.invoke.MethodHandle.linkToSpecial (0x00007cb632c2f088) [0x00007cb632c2f180, 0x00007cb632c2f278] Compiler: , Barriers: 0, Oops: 0, ImmediateOops: 0, NonImmediateOops: No
[1,752s][debug][gc,nmethod     ] Register NMethod: jdk.internal.classfile.impl.DirectCodeBuilder.storeLocal (0x00007cb613462288) [0x00007cb613462380, 0x00007cb613464208] Compiler: c1, Barriers: 5, Oops: 0, ImmediateOops: 2, NonImmediateOops: No
[1,752s][debug][gc,nmethod     ] Register NMethod: jdk.internal.classfile.impl.UnboundAttribute$UnboundRuntimeVisibleAnnotationsAttribute.annotations (0x00007cb632c2ed88) [0x00007cb632c2ee80, 0x00007cb632c2ef68] Compiler: c1, Barriers: 1, Oops: 0, ImmediateOops: 0, NonImmediateOops: No
[1,752s][debug][gc,nmethod     ] Register NMethod: jdk.internal.classfile.impl.UnboundAttribute.writeTo (0x00007cb613561b08) [0x00007cb613561c00, 0x00007cb613562048] Compiler: c1, Barriers: 2, Oops: 0, ImmediateOops: 0, NonImmediateOops: No
[1,752s][debug][gc,nmethod     ] Register NMethod: jdk.internal.classfile.impl.DirectMethodBuilder.with (0x00007cb613471188) [0x00007cb613471280, 0x00007cb613472060] Compiler: c1, Barriers: 2, Oops: 0, ImmediateOops: 0, NonImmediateOops: No
[1,752s][debug][gc,nmethod     ] Register NMethod: jdk.internal.classfile.impl.DirectMethodBuilder.with (0x00007cb613765108) [0x00007cb613765200, 0x00007cb613766420] Compiler: c1, Barriers: 2, Oops: 0, ImmediateOops: 0, NonImmediateOops: No
[1,752s][debug][gc,nmethod     ] Register NMethod: jdk.internal.classfile.impl.BufWriterImpl.writeU1 (0x00007cb632c2e808) [0x00007cb632c2e900, 0x00007cb632c2ed20] Compiler: jvmci, Barriers: 4, Oops: 0, ImmediateOops: 0, NonImmediateOops: No
[1,752s][debug][gc,nmethod     ] Register NMethod: java.lang.invoke.MethodHandle.intrinsicName (0x00007cb613478808) [0x00007cb613478900, 0x00007cb613478a08] Compiler: c1, Barriers: 0, Oops: 0, ImmediateOops: 1, NonImmediateOops: No
[1,753s][debug][gc,nmethod     ] Register NMethod: jdk.internal.classfile.impl.UnboundAttribute$UnboundSourceFileAttribute.sourceFile (0x00007cb632c2e508) [0x00007cb632c2e600, 0x00007cb632c2e6e8] Compiler: c1, Barriers: 1, Oops: 0, ImmediateOops: 0, NonImmediateOops: No
[1,753s][debug][gc,nmethod     ] Register NMethod: java.lang.Class.getClassData (0x00007cb632c2e208) [0x00007cb632c2e300, 0x00007cb632c2e3e8] Compiler: c1, Barriers: 1, Oops: 0, ImmediateOops: 0, NonImmediateOops: No
[1,753s][debug][gc,nmethod     ] Register NMethod: java.lang.invoke.MethodHandle.invokeBasic (0x00007cb632c2de08) [0x00007cb632c2df00, 0x00007cb632c2e198] Compiler: , Barriers: 0, Oops: 0, ImmediateOops: 0, NonImmediateOops: No
[1,753s][debug][gc,nmethod     ] Register NMethod: java.lang.invoke.MethodHandle.linkToSpecial (0x00007cb632bf9a08) [0x00007cb632bf9b00, 0x00007cb632bf9bf8] Compiler: , Barriers: 0, Oops: 0, ImmediateOops: 0, NonImmediateOops: No
[1,754s][debug][gc,nmethod     ] Register NMethod: jdk.internal.classfile.impl.StackMapGenerator.processBlock (0x00007cb613a02188) [0x00007cb613a02280, 0x00007cb613a32120] Compiler: c1, Barriers: 294, Oops: 4, ImmediateOops: 159, NonImmediateOops: No
[1,754s][debug][gc,nmethod     ] Register NMethod: java.lang.invoke.InvokerBytecodeGenerator.emitStoreInsn (0x00007cb6135a6f88) [0x00007cb6135a7080, 0x00007cb6135a73f0] Compiler: c1, Barriers: 1, Oops: 0, ImmediateOops: 0, NonImmediateOops: No
[1,754s][debug][gc,nmethod     ] Register NMethod: java.lang.invoke.BootstrapMethodInvoker.invoke (0x00007cb613932388) [0x00007cb613932480, 0x00007cb61393c298] Compiler: c1, Barriers: 54, Oops: 0, ImmediateOops: 10, NonImmediateOops: No
[1,754s][debug][gc,nmethod     ] Register NMethod: java.lang.invoke.MethodHandle.invokeBasic (0x00007cb632bf9608) [0x00007cb632bf9700, 0x00007cb632bf9998] Compiler: , Barriers: 0, Oops: 0, ImmediateOops: 0, NonImmediateOops: No
[1,754s][debug][gc,nmethod     ] Register NMethod: java.lang.invoke.MethodHandle.linkToSpecial (0x00007cb632bf9308) [0x00007cb632bf9400, 0x00007cb632bf94f8] Compiler: , Barriers: 0, Oops: 0, ImmediateOops: 0, NonImmediateOops: No
[1,755s][debug][gc,nmethod     ] Register NMethod: java.lang.String.<init> (0x00007cb61385da08) [0x00007cb61385db00, 0x00007cb61385de40] Compiler: c1, Barriers: 0, Oops: 1, ImmediateOops: 1, NonImmediateOops: No
[1,755s][debug][gc,nmethod     ] Register NMethod: java.lang.invoke.MethodHandle.invokeBasic (0x00007cb632bf8f08) [0x00007cb632bf9000, 0x00007cb632bf9298] Compiler: , Barriers: 0, Oops: 0, ImmediateOops: 0, NonImmediateOops: No
[1,755s][debug][gc,nmethod     ] Register NMethod: java.lang.invoke.MethodHandle.linkToSpecial (0x00007cb632bf8c08) [0x00007cb632bf8d00, 0x00007cb632bf8df8] Compiler: , Barriers: 0, Oops: 0, ImmediateOops: 0, NonImmediateOops: No
[1,756s][debug][gc,nmethod     ] Register NMethod: java.lang.invoke.MethodHandle.invokeBasic (0x00007cb632bf8808) [0x00007cb632bf8900, 0x00007cb632bf8b98] Compiler: , Barriers: 0, Oops: 0, ImmediateOops: 0, NonImmediateOops: No
[1,756s][debug][gc,nmethod     ] Register NMethod: java.lang.invoke.MethodHandle.linkToSpecial (0x00007cb632bf8308) [0x00007cb632bf8400, 0x00007cb632bf84f8] Compiler: , Barriers: 0, Oops: 0, ImmediateOops: 0, NonImmediateOops: No
[1,756s][debug][gc,nmethod     ] Register NMethod: java.util.concurrent.CopyOnWriteArrayList.getArray (0x00007cb632c3f688) [0x00007cb632c3f780, 0x00007cb632c3f868] Compiler: c1, Barriers: 1, Oops: 0, ImmediateOops: 0, NonImmediateOops: No
[1,756s][debug][gc,nmethod     ] Register NMethod: sun.invoke.util.Wrapper.basicTypeChar (0x00007cb632c3f388) [0x00007cb632c3f480, 0x00007cb632c3f548] Compiler: c1, Barriers: 0, Oops: 0, ImmediateOops: 0, NonImmediateOops: No
[1,756s][debug][gc,nmethod     ] Register NMethod: sun.invoke.util.Wrapper.forBasicType (0x00007cb613413e08) [0x00007cb613413f00, 0x00007cb613414378] Compiler: c1, Barriers: 0, Oops: 0, ImmediateOops: 19, NonImmediateOops: No
[1,756s][debug][gc,nmethod     ] Register NMethod: java.lang.invoke.InvokerBytecodeGenerator.isStaticallyNameable (0x00007cb61341ac88) [0x00007cb61341ad80, 0x00007cb61341c3d0] Compiler: c1, Barriers: 3, Oops: 1, ImmediateOops: 5, NonImmediateOops: No
[1,756s][debug][gc,nmethod     ] Register NMethod: jdk.internal.misc.Unsafe.getUnsafe (0x00007cb61347d988) [0x00007cb61347da80, 0x00007cb61347db68] Compiler: c1, Barriers: 0, Oops: 0, ImmediateOops: 1, NonImmediateOops: No
[1,757s][debug][gc,nmethod     ] Register NMethod: jdk.internal.misc.Unsafe.addressSize (0x00007cb61348b208) [0x00007cb61348b300, 0x00007cb61348b408] Compiler: c1, Barriers: 0, Oops: 0, ImmediateOops: 0, NonImmediateOops: No
[1,757s][debug][gc,nmethod     ] Register NMethod: java.util.concurrent.ConcurrentLinkedDeque$Node.<init> (0x00007cb6134dc488) [0x00007cb6134dc580, 0x00007cb6134dc6d8] Compiler: c1, Barriers: 0, Oops: 0, ImmediateOops: 0, NonImmediateOops: No
[1,757s][debug][gc,nmethod     ] Register NMethod: jdk.internal.foreign.AbstractMemorySegmentImpl.<init> (0x00007cb613525908) [0x00007cb613525a00, 0x00007cb613525be0] Compiler: c1, Barriers: 3, Oops: 0, ImmediateOops: 0, NonImmediateOops: No
[1,757s][debug][gc,nmethod     ] Register NMethod: jdk.internal.foreign.NativeMemorySegmentImpl.<init> (0x00007cb613554508) [0x00007cb613554600, 0x00007cb613554ac8] Compiler: c1, Barriers: 3, Oops: 0, ImmediateOops: 1, NonImmediateOops: No
[1,757s][debug][gc,nmethod     ] Register NMethod: jdk.internal.foreign.AbstractMemorySegmentImpl.asSlice (0x00007cb613761908) [0x00007cb613761a00, 0x00007cb613761cf8] Compiler: c1, Barriers: 0, Oops: 0, ImmediateOops: 0, NonImmediateOops: No
[1,757s][debug][gc,nmethod     ] Register NMethod: java.lang.invoke.VarHandleReferences$FieldInstanceReadWrite.set (0x00007cb61341cc88) [0x00007cb61341cd80, 0x00007cb61341dda8] Compiler: c1, Barriers: 5, Oops: 1, ImmediateOops: 0, NonImmediateOops: No
[1,757s][debug][gc,nmethod     ] Register NMethod: jdk.internal.foreign.AbstractMemorySegmentImpl.asSlice (0x00007cb613839788) [0x00007cb613839880, 0x00007cb613839d78] Compiler: c1, Barriers: 0, Oops: 0, ImmediateOops: 0, NonImmediateOops: No
[1,757s][debug][gc,nmethod     ] Register NMethod: jdk.internal.foreign.AbstractMemorySegmentImpl.checkBounds (0x00007cb61385e988) [0x00007cb61385ea80, 0x00007cb61385ed10] Compiler: c1, Barriers: 0, Oops: 0, ImmediateOops: 0, NonImmediateOops: No
[1,757s][debug][gc,nmethod     ] Register NMethod: jdk.internal.foreign.AbstractMemorySegmentImpl.asSliceNoCheck (0x00007cb61340d288) [0x00007cb61340d380, 0x00007cb61340d6c0] Compiler: c1, Barriers: 1, Oops: 0, ImmediateOops: 0, NonImmediateOops: No
[1,757s][debug][gc,nmethod     ] Register NMethod: jdk.internal.util.Preconditions.checkIndex (0x00007cb61340cf88) [0x00007cb61340d080, 0x00007cb61340d210] Compiler: c1, Barriers: 0, Oops: 0, ImmediateOops: 0, NonImmediateOops: No
[1,757s][debug][gc,nmethod     ] Register NMethod: java.util.concurrent.ConcurrentLinkedDeque.offer (0x00007cb613528a88) [0x00007cb613528b80, 0x00007cb613528d18] Compiler: c1, Barriers: 0, Oops: 0, ImmediateOops: 0, NonImmediateOops: No
[1,757s][debug][gc,nmethod     ] Register NMethod: jdk.internal.foreign.NativeMemorySegmentImpl.dup (0x00007cb613466788) [0x00007cb613466880, 0x00007cb613466e18] Compiler: c1, Barriers: 3, Oops: 0, ImmediateOops: 1, NonImmediateOops: No
[1,757s][debug][gc,nmethod     ] Register NMethod: java.util.concurrent.ConcurrentLinkedDeque.offerLast (0x00007cb613570408) [0x00007cb613570500, 0x00007cb613570638] Compiler: c1, Barriers: 0, Oops: 0, ImmediateOops: 0, NonImmediateOops: No
[1,757s][debug][gc,nmethod     ] Register NMethod: jdk.internal.misc.Unsafe.weakCompareAndSetReference (0x00007cb613576208) [0x00007cb613576300, 0x00007cb613576480] Compiler: c1, Barriers: 5, Oops: 0, ImmediateOops: 0, NonImmediateOops: No
[1,757s][debug][gc,nmethod     ] Register NMethod: jdk.internal.foreign.NativeMemorySegmentImpl.dup (0x00007cb61350c708) [0x00007cb61350c800, 0x00007cb61350cdf8] Compiler: c1, Barriers: 3, Oops: 0, ImmediateOops: 1, NonImmediateOops: No
[1,757s][debug][gc,nmethod     ] Register NMethod: java.util.concurrent.ConcurrentLinkedDeque.newNode (0x00007cb6138c7788) [0x00007cb6138c7880, 0x00007cb6138c8a50] Compiler: c1, Barriers: 3, Oops: 6, ImmediateOops: 7, NonImmediateOops: No
[1,757s][debug][gc,nmethod     ] Register NMethod: java.lang.invoke.VarHandleReferences$FieldInstanceReadWrite.weakCompareAndSet (0x00007cb6137d1b88) [0x00007cb6137d1c80, 0x00007cb6137d33b8] Compiler: c1, Barriers: 2, Oops: 1, ImmediateOops: 1, NonImmediateOops: No
[1,758s][debug][gc,nmethod     ] Register NMethod: java.lang.invoke.VarHandleGuards.guard_LL_V (0x00007cb6137c0c08) [0x00007cb6137c0d00, 0x00007cb6137c58e8] Compiler: c1, Barriers: 46, Oops: 1, ImmediateOops: 6, NonImmediateOops: No
[1,758s][debug][gc,nmethod     ] Register NMethod: java.lang.invoke.VarForm.getMemberName (0x00007cb632c3f088) [0x00007cb632c3f180, 0x00007cb632c3f340] Compiler: jvmci, Barriers: 2, Oops: 0, ImmediateOops: 0, NonImmediateOops: No
[1,758s][debug][gc,nmethod     ] Register NMethod: jdk.internal.misc.Unsafe.weakCompareAndSetReference (0x00007cb632c3ed88) [0x00007cb632c3ee80, 0x00007cb632c3ef70] Compiler: jvmci, Barriers: 5, Oops: 0, ImmediateOops: 0, NonImmediateOops: No
[1,759s][debug][gc,nmethod     ] Register NMethod: java.util.concurrent.ConcurrentLinkedDeque.linkLast (0x00007cb613485788) [0x00007cb613485880, 0x00007cb61348a978] Compiler: c1, Barriers: 16, Oops: 13, ImmediateOops: 33, NonImmediateOops: No
[1,760s][debug][gc,nmethod     ] Register NMethod: java.lang.invoke.VarHandle.checkAccessModeThenIsDirect (0x00007cb632c3e708) [0x00007cb632c3e800, 0x00007cb632c3ed68] Compiler: jvmci, Barriers: 15, Oops: 0, ImmediateOops: 2, NonImmediateOops: No
[1,761s][debug][gc,nmethod     ] Register NMethod: java.lang.invoke.VarHandleReferences$FieldInstanceReadWrite.set (0x00007cb632c3df08) [0x00007cb632c3e000, 0x00007cb632c3e598] Compiler: jvmci, Barriers: 5, Oops: 0, ImmediateOops: 0, NonImmediateOops: No
[1,762s][debug][gc,director    ] Rule Major: Warmup 10%, Used: 70MB, UsedThreshold: 1228MB
[1,762s][debug][gc,nmethod     ] Register NMethod: java.lang.invoke.VarHandleReferences$FieldInstanceReadWrite.compareAndSet (0x00007cb632ca0c08) [0x00007cb632ca0d00, 0x00007cb632ca1438] Compiler: jvmci, Barriers: 7, Oops: 0, ImmediateOops: 0, NonImmediateOops: No
[1,762s][debug][gc,nmethod     ] Register NMethod: jdk.internal.foreign.AbstractMemorySegmentImpl.asSlice (0x00007cb632ca1488) [0x00007cb632ca1580, 0x00007cb632ca1768] Compiler: jvmci, Barriers: 3, Oops: 0, ImmediateOops: 0, NonImmediateOops: No
[1,762s][debug][gc,nmethod     ] Register NMethod: jdk.internal.foreign.AbstractMemorySegmentImpl.asSlice (0x00007cb632ca1788) [0x00007cb632ca1880, 0x00007cb632ca1a68] Compiler: jvmci, Barriers: 3, Oops: 0, ImmediateOops: 0, NonImmediateOops: No
[1,763s][debug][gc,nmethod     ] Register NMethod: jdk.internal.foreign.AbstractMemorySegmentImpl.asSliceNoCheck (0x00007cb632ca1a88) [0x00007cb632ca1b80, 0x00007cb632ca1cf8] Compiler: jvmci, Barriers: 3, Oops: 0, ImmediateOops: 0, NonImmediateOops: No
[1,764s][debug][gc,nmethod     ] Register NMethod: jdk.internal.foreign.NativeMemorySegmentImpl.dup (0x00007cb632ca1d88) [0x00007cb632ca1ea0, 0x00007cb632ca1ff0] Compiler: jvmci, Barriers: 2, Oops: 0, ImmediateOops: 0, NonImmediateOops: No
[1,764s][debug][gc,nmethod     ] Register NMethod: java.util.concurrent.ConcurrentLinkedDeque.offer (0x00007cb632ca2088) [0x00007cb632ca2180, 0x00007cb632ca2558] Compiler: jvmci, Barriers: 18, Oops: 1, ImmediateOops: 0, NonImmediateOops: No
[1,764s][debug][gc,nmethod     ] Register NMethod: java.lang.invoke.VarHandleGuards.guard_LLL_Z (0x00007cb632ca2588) [0x00007cb632ca26a0, 0x00007cb632ca2f88] Compiler: jvmci, Barriers: 26, Oops: 0, ImmediateOops: 5, NonImmediateOops: No
[1,765s][debug][gc,nmethod     ] Register NMethod: java.util.concurrent.ConcurrentLinkedDeque.linkLast (0x00007cb632ca3008) [0x00007cb632ca3100, 0x00007cb632ca34d8] Compiler: jvmci, Barriers: 18, Oops: 1, ImmediateOops: 0, NonImmediateOops: No
[1,765s][debug][gc,nmethod     ] Register NMethod: io.sirix.cache.LinuxMemorySegmentAllocator.partitionVirtualRegion (0x00007cb61378c108) [0x00007cb61378c200, 0x00007cb61378d180] Compiler: c1, Barriers: 7, Oops: 4, ImmediateOops: 5, NonImmediateOops: No
[1,766s][debug][gc,nmethod     ] Register NMethod: io.sirix.cache.LinuxMemorySegmentAllocator.partitionVirtualRegion (0x00007cb613490188) [0x00007cb613490280, 0x00007cb613491098] Compiler: c1, Barriers: 7, Oops: 4, ImmediateOops: 5, NonImmediateOops: No
[1,772s][debug][gc,director    ] Rule Major: Warmup 10%, Used: 98MB, UsedThreshold: 1228MB
[1,781s][debug][gc,nmethod     ] Register NMethod: io.sirix.cache.LinuxMemorySegmentAllocator.partitionVirtualRegion (0x00007cb632ca3508) [0x00007cb632ca3600, 0x00007cb632ca4570] Compiler: jvmci, Barriers: 57, Oops: 3, ImmediateOops: 0, NonImmediateOops: No
[1,782s][debug][gc,alloc       ] Mutator Allocation Rate: 253,7MB/s Predicted: 309,1MB/s, Avg: 225,9(+/-27,7)MB/s
[1,782s][debug][gc,director    ] Rule Major: Warmup 10%, Used: 128MB, UsedThreshold: 1228MB
[1,792s][debug][gc,director    ] Rule Major: Warmup 10%, Used: 162MB, UsedThreshold: 1228MB
[1,801s][debug][gc,nmethod     ] Register NMethod: io.sirix.cache.LinuxMemorySegmentAllocator.partitionVirtualRegion (0x00007cb632ca4608) [0x00007cb632ca4700, 0x00007cb632ca58c0] Compiler: jvmci, Barriers: 60, Oops: 10, ImmediateOops: 2, NonImmediateOops: No
[1,802s][debug][gc,director    ] Rule Major: Warmup 10%, Used: 192MB, UsedThreshold: 1228MB
[1,812s][debug][gc,director    ] Rule Major: Warmup 10%, Used: 218MB, UsedThreshold: 1228MB
[1,813s][debug][gc,nmethod     ] Register NMethod: io.sirix.cache.LinuxMemorySegmentAllocator.partitionVirtualRegion (0x00007cb632ca5988) [0x00007cb632ca5a80, 0x00007cb632ca68e8] Compiler: jvmci, Barriers: 43, Oops: 12, ImmediateOops: 2, NonImmediateOops: No
[1,814s][debug][gc,alloc       ] Mutator Allocation Rate: 365,1MB/s Predicted: 439,3MB/s, Avg: 272,3(+/-69,4)MB/s
[1,814s][debug][gc,director    ] Rule Major: Warmup 10%, Used: 224MB, UsedThreshold: 1228MB
[1,822s][debug][gc,nmethod     ] Register NMethod: java.lang.invoke.MethodHandle.linkToSpecial (0x00007cb632ca6988) [0x00007cb632ca6a80, 0x00007cb632ca6b78] Compiler: , Barriers: 0, Oops: 0, ImmediateOops: 0, NonImmediateOops: No
[1,823s][debug][gc,nmethod     ] Register NMethod: java.lang.invoke.MethodHandle.invokeBasic (0x00007cb632ca6c88) [0x00007cb632ca6d80, 0x00007cb632ca7018] Compiler: , Barriers: 0, Oops: 0, ImmediateOops: 0, NonImmediateOops: No
[1,823s][debug][gc,nmethod     ] Register NMethod: java.lang.invoke.MethodHandle.linkToSpecial (0x00007cb632ca7088) [0x00007cb632ca7180, 0x00007cb632ca7278] Compiler: , Barriers: 0, Oops: 0, ImmediateOops: 0, NonImmediateOops: No
[1,823s][debug][gc,nmethod     ] Register NMethod: java.lang.invoke.InvokerBytecodeGenerator.emitReferenceCast (0x00007cb613402388) [0x00007cb613402480, 0x00007cb613403fe8] Compiler: c1, Barriers: 2, Oops: 1, ImmediateOops: 6, NonImmediateOops: No
[1,824s][debug][gc,director    ] Rule Major: Warmup 10%, Used: 228MB, UsedThreshold: 1228MB
[1,827s][debug][gc,nmethod     ] Register NMethod: java.lang.invoke.MethodHandle.linkToStatic (0x00007cb632ca7388) [0x00007cb632ca7480, 0x00007cb632ca7570] Compiler: , Barriers: 0, Oops: 0, ImmediateOops: 0, NonImmediateOops: No
[1,831s][debug][gc,nmethod     ] Register NMethod: java.lang.invoke.DirectMethodHandle$Holder.newInvokeSpecial (0x00007cb61345e788) [0x00007cb61345e880, 0x00007cb61345f0f0] Compiler: c1, Barriers: 2, Oops: 0, ImmediateOops: 1, NonImmediateOops: No
[1,831s][debug][gc,nmethod     ] Register NMethod: jdk.internal.classfile.impl.Util.paramSlotSize (0x00007cb613526088) [0x00007cb613526180, 0x00007cb6135263b0] Compiler: c1, Barriers: 0, Oops: 0, ImmediateOops: 2, NonImmediateOops: No
[1,833s][debug][gc,nmethod     ] Register NMethod: java.lang.invoke.DirectMethodHandle$Constructor.viewAsType (0x00007cb613431588) [0x00007cb613431680, 0x00007cb613431920] Compiler: c1, Barriers: 4, Oops: 0, ImmediateOops: 0, NonImmediateOops: No
[1,834s][debug][gc,director    ] Rule Major: Warmup 10%, Used: 262MB, UsedThreshold: 1228MB
[1,837s][debug][gc,nmethod     ] Register NMethod: sun.net.util.IPAddressUtil.checkHostString (0x00007cb632ca7688) [0x00007cb632ca7780, 0x00007cb632ca78e8] Compiler: jvmci, Barriers: 1, Oops: 0, ImmediateOops: 0, NonImmediateOops: No
[1,840s][debug][gc,nmethod     ] Register NMethod: java.lang.invoke.MemberName.equals (0x00007cb613861508) [0x00007cb613861600, 0x00007cb613863410] Compiler: c1, Barriers: 4, Oops: 0, ImmediateOops: 0, NonImmediateOops: No
[1,844s][debug][gc,director    ] Rule Major: Warmup 10%, Used: 262MB, UsedThreshold: 1228MB
[1,845s][debug][gc,nmethod     ] Register NMethod: java.lang.invoke.TypeConvertingMethodAdapter.convertType (0x00007cb613a32188) [0x00007cb613a32280, 0x00007cb613a375b8] Compiler: c1, Barriers: 0, Oops: 3, ImmediateOops: 31, NonImmediateOops: No
[1,846s][debug][gc,nmethod     ] Register NMethod: java.lang.Math.clamp (0x00007cb632ca7988) [0x00007cb632ca7a80, 0x00007cb632ca7b30] Compiler: jvmci, Barriers: 0, Oops: 0, ImmediateOops: 0, NonImmediateOops: No
[1,848s][debug][gc,nmethod     ] Register NMethod: java.lang.String.indexOf (0x00007cb632ca7c88) [0x00007cb632ca7d80, 0x00007cb632ca8058] Compiler: jvmci, Barriers: 2, Oops: 0, ImmediateOops: 0, NonImmediateOops: No
[1,849s][debug][gc,nmethod     ] Register NMethod: java.lang.Object.<init> (0x00007cb632ca8088) [0x00007cb632ca8180, 0x00007cb632ca8238] Compiler: jvmci, Barriers: 0, Oops: 0, ImmediateOops: 0, NonImmediateOops: No
[1,850s][debug][gc,nmethod     ] Register NMethod: jdk.internal.classfile.impl.SplitConstantPool.findEntry (0x00007cb632ca8388) [0x00007cb632ca84a0, 0x00007cb632ca8d58] Compiler: jvmci, Barriers: 10, Oops: 0, ImmediateOops: 0, NonImmediateOops: No
[1,851s][debug][gc,nmethod     ] Register NMethod: jdk.internal.reflect.Reflection.filter (0x00007cb613418d88) [0x00007cb613418e80, 0x00007cb61341a770] Compiler: c1, Barriers: 6, Oops: 0, ImmediateOops: 1, NonImmediateOops: No
[1,853s][debug][gc,nmethod     ] Register NMethod: java.net.URLStreamHandler.setURL (0x00007cb632ca8d88) [0x00007cb632ca8e80, 0x00007cb632ca9b68] Compiler: jvmci, Barriers: 32, Oops: 1, ImmediateOops: 1, NonImmediateOops: No
[1,854s][debug][gc,director    ] Rule Major: Warmup 10%, Used: 264MB, UsedThreshold: 1228MB
[1,854s][debug][gc,nmethod     ] Register NMethod: sun.net.www.ParseUtil.encodePath (0x00007cb632ca9b88) [0x00007cb632ca9c80, 0x00007cb632caa100] Compiler: jvmci, Barriers: 1, Oops: 0, ImmediateOops: 0, NonImmediateOops: No
[1,854s][debug][gc,nmethod     ] Register NMethod: java.lang.Class.getPackageName (0x00007cb632caa108) [0x00007cb632caa200, 0x00007cb632caa8a8] Compiler: jvmci, Barriers: 9, Oops: 0, ImmediateOops: 1, NonImmediateOops: No
[1,857s][debug][gc,nmethod     ] Register NMethod: sun.nio.fs.UnixPath.<init> (0x00007cb613526f08) [0x00007cb613527000, 0x00007cb613527248] Compiler: c1, Barriers: 6, Oops: 0, ImmediateOops: 0, NonImmediateOops: No
[1,860s][debug][gc,nmethod     ] Register NMethod: sun.nio.fs.UnixPath.toUnixPath (0x00007cb613760e08) [0x00007cb613760f00, 0x00007cb613761580] Compiler: c1, Barriers: 0, Oops: 0, ImmediateOops: 0, NonImmediateOops: No
[1,861s][debug][gc,nmethod     ] Register NMethod: java.lang.invoke.MethodTypeForm.canonicalize (0x00007cb632caa908) [0x00007cb632caaa00, 0x00007cb632caab28] Compiler: jvmci, Barriers: 0, Oops: 0, ImmediateOops: 1, NonImmediateOops: No
[1,861s][debug][gc,nmethod     ] Register NMethod: java.lang.invoke.MethodHandle.linkToStatic (0x00007cb632caac08) [0x00007cb632caad00, 0x00007cb632caadf0] Compiler: , Barriers: 0, Oops: 0, ImmediateOops: 0, NonImmediateOops: No
[1,861s][debug][gc,nmethod     ] Register NMethod: java.lang.invoke.MethodHandle.linkToSpecial (0x00007cb632caaf08) [0x00007cb632cab000, 0x00007cb632cab0f8] Compiler: , Barriers: 0, Oops: 0, ImmediateOops: 0, NonImmediateOops: No
[1,861s][debug][gc,nmethod     ] Register NMethod: java.lang.invoke.MethodHandle.invokeBasic (0x00007cb632cab208) [0x00007cb632cab300, 0x00007cb632cab598] Compiler: , Barriers: 0, Oops: 0, ImmediateOops: 0, NonImmediateOops: No
[1,861s][debug][gc,nmethod     ] Register NMethod: java.lang.invoke.MethodHandle.linkToSpecial (0x00007cb632cab608) [0x00007cb632cab700, 0x00007cb632cab7f8] Compiler: , Barriers: 0, Oops: 0, ImmediateOops: 0, NonImmediateOops: No
[1,862s][debug][gc,nmethod     ] Register NMethod: java.nio.ByteBuffer.arrayOffset (0x00007cb613431188) [0x00007cb613431280, 0x00007cb613431560] Compiler: c1, Barriers: 1, Oops: 0, ImmediateOops: 0, NonImmediateOops: No
[1,862s][debug][gc,nmethod     ] Register NMethod: java.lang.StringBuilder.length (0x00007cb632cab908) [0x00007cb632caba00, 0x00007cb632caba88] Compiler: jvmci, Barriers: 0, Oops: 0, ImmediateOops: 0, NonImmediateOops: No
[1,863s][debug][gc,nmethod     ] Register NMethod: java.nio.CharBuffer.arrayOffset (0x00007cb61398a888) [0x00007cb61398a980, 0x00007cb61398ac60] Compiler: c1, Barriers: 1, Oops: 0, ImmediateOops: 0, NonImmediateOops: No
[1,863s][debug][gc,nmethod     ] Register NMethod: java.nio.Buffer.capacity (0x00007cb632cabc08) [0x00007cb632cabd00, 0x00007cb632cabdc0] Compiler: c1, Barriers: 0, Oops: 0, ImmediateOops: 0, NonImmediateOops: No
[1,863s][debug][gc,nmethod     ] Register NMethod: java.nio.charset.CoderResult.isUnderflow (0x00007cb613402088) [0x00007cb613402180, 0x00007cb6134022d0] Compiler: c1, Barriers: 0, Oops: 0, ImmediateOops: 0, NonImmediateOops: No
[1,863s][debug][gc,nmethod     ] Register NMethod: sun.invoke.util.VerifyAccess.getClassModifiers (0x00007cb613989708) [0x00007cb613989800, 0x00007cb613989fe0] Compiler: c1, Barriers: 1, Oops: 0, ImmediateOops: 0, NonImmediateOops: No
[1,864s][debug][gc,nmethod     ] Register NMethod: java.lang.String.checkBoundsOffCount (0x00007cb632cabf08) [0x00007cb632cac000, 0x00007cb632cac0b0] Compiler: jvmci, Barriers: 0, Oops: 0, ImmediateOops: 0, NonImmediateOops: No
[1,864s][debug][gc,nmethod     ] Register NMethod: sun.nio.fs.UnixPath.getFileSystem (0x00007cb613581d88) [0x00007cb613581e80, 0x00007cb613581fd8] Compiler: c1, Barriers: 1, Oops: 0, ImmediateOops: 0, NonImmediateOops: No
[1,864s][debug][gc,director    ] Rule Major: Warmup 10%, Used: 264MB, UsedThreshold: 1228MB
[1,874s][debug][gc,nmethod     ] Register NMethod: java.util.Locale.getDefault (0x00007cb613585688) [0x00007cb613585780, 0x00007cb6135858a8] Compiler: c1, Barriers: 1, Oops: 0, ImmediateOops: 1, NonImmediateOops: No
[1,874s][debug][gc,director    ] Rule Major: Warmup 10%, Used: 266MB, UsedThreshold: 1228MB
[1,874s][debug][gc,nmethod     ] Register NMethod: java.lang.String.toLowerCase (0x00007cb613994788) [0x00007cb613994880, 0x00007cb613994fe8] Compiler: c1, Barriers: 3, Oops: 0, ImmediateOops: 1, NonImmediateOops: No
[1,875s][debug][gc,nmethod     ] Register NMethod: java.util.WeakHashMap.hash (0x00007cb632cac208) [0x00007cb632cac300, 0x00007cb632cac450] Compiler: jvmci, Barriers: 0, Oops: 0, ImmediateOops: 0, NonImmediateOops: No
[1,877s][debug][gc,nmethod     ] Register NMethod: com.google.protobuf.GeneratedMessageV3$Builder.onChanged (0x00007cb6139a0488) [0x00007cb6139a0580, 0x00007cb6139a0920] Compiler: c1, Barriers: 1, Oops: 1, ImmediateOops: 0, NonImmediateOops: No
[1,878s][debug][gc,nmethod     ] Register NMethod: java.nio.CharBuffer.position (0x00007cb6135b1908) [0x00007cb6135b1a00, 0x00007cb6135b1b48] Compiler: c1, Barriers: 0, Oops: 0, ImmediateOops: 0, NonImmediateOops: No
[1,878s][debug][gc,nmethod     ] Register NMethod: java.nio.CharBuffer.position (0x00007cb61398a408) [0x00007cb61398a500, 0x00007cb61398a860] Compiler: c1, Barriers: 0, Oops: 0, ImmediateOops: 0, NonImmediateOops: No
[1,878s][debug][gc,nmethod     ] Register NMethod: java.nio.Buffer.remaining (0x00007cb6135e9288) [0x00007cb6135e9380, 0x00007cb6135e94f0] Compiler: c1, Barriers: 0, Oops: 0, ImmediateOops: 0, NonImmediateOops: No
[1,878s][debug][gc,nmethod     ] Register NMethod: java.util.zip.Inflater.ensureOpen (0x00007cb632cac508) [0x00007cb632cac600, 0x00007cb632cac708] Compiler: jvmci, Barriers: 1, Oops: 0, ImmediateOops: 0, NonImmediateOops: No
[1,878s][debug][gc,nmethod     ] Register NMethod: java.lang.Float.floatToRawIntBits (0x00007cb632cac808) [0x00007cb632cac900, 0x00007cb632caca58] Compiler: , Barriers: 0, Oops: 0, ImmediateOops: 1, NonImmediateOops: No
[1,878s][debug][gc,nmethod     ] Register NMethod: java.lang.StringCoding.implEncodeAsciiArray (0x00007cb613685e08) [0x00007cb613685f00, 0x00007cb613686128] Compiler: c1, Barriers: 0, Oops: 0, ImmediateOops: 0, NonImmediateOops: No
[1,878s][debug][gc,nmethod     ] Register NMethod: java.nio.charset.CharsetEncoder.maxBytesPerChar (0x00007cb632cacb08) [0x00007cb632cacc00, 0x00007cb632caccc0] Compiler: c1, Barriers: 0, Oops: 0, ImmediateOops: 0, NonImmediateOops: No
[1,878s][debug][gc,nmethod     ] Register NMethod: java.nio.ByteBuffer.array (0x00007cb613460288) [0x00007cb613460380, 0x00007cb613460660] Compiler: c1, Barriers: 1, Oops: 0, ImmediateOops: 0, NonImmediateOops: No
[1,878s][debug][gc,nmethod     ] Register NMethod: java.nio.CharBuffer.hasArray (0x00007cb6135fe608) [0x00007cb6135fe700, 0x00007cb6135fe8b0] Compiler: c1, Barriers: 1, Oops: 0, ImmediateOops: 0, NonImmediateOops: No
[1,878s][debug][gc,nmethod     ] Register NMethod: java.nio.ByteBuffer.hasArray (0x00007cb613631c08) [0x00007cb613631d00, 0x00007cb613631eb0] Compiler: c1, Barriers: 1, Oops: 0, ImmediateOops: 0, NonImmediateOops: No
[1,878s][debug][gc,nmethod     ] Register NMethod: java.nio.CharBuffer.array (0x00007cb61345fd08) [0x00007cb61345fe00, 0x00007cb6134600e0] Compiler: c1, Barriers: 1, Oops: 0, ImmediateOops: 0, NonImmediateOops: No
[1,878s][debug][gc,nmethod     ] Register NMethod: java.nio.charset.CoderResult.isOverflow (0x00007cb613636908) [0x00007cb613636a00, 0x00007cb613636b50] Compiler: c1, Barriers: 0, Oops: 0, ImmediateOops: 0, NonImmediateOops: No
[1,878s][debug][gc,nmethod     ] Register NMethod: sun.nio.cs.UTF_8.updatePositions (0x00007cb61375ff88) [0x00007cb613760080, 0x00007cb6137609a8] Compiler: c1, Barriers: 0, Oops: 0, ImmediateOops: 0, NonImmediateOops: No
[1,879s][debug][gc,nmethod     ] Register NMethod: java.nio.CharBuffer.limit (0x00007cb61375d288) [0x00007cb61375d380, 0x00007cb61375d6e0] Compiler: c1, Barriers: 0, Oops: 0, ImmediateOops: 0, NonImmediateOops: No
[1,879s][debug][gc,nmethod     ] Register NMethod: java.nio.CharBuffer.<init> (0x00007cb61367a508) [0x00007cb61367a600, 0x00007cb61367a7d0] Compiler: c1, Barriers: 3, Oops: 0, ImmediateOops: 0, NonImmediateOops: No
[1,879s][debug][gc,nmethod     ] Register NMethod: java.nio.CharBuffer.limit (0x00007cb6136ae988) [0x00007cb6136aea80, 0x00007cb6136aebc8] Compiler: c1, Barriers: 0, Oops: 0, ImmediateOops: 0, NonImmediateOops: No
[1,879s][debug][gc,nmethod     ] Register NMethod: java.lang.classfile.CodeBuilder.putfield (0x00007cb61375cd88) [0x00007cb61375ce80, 0x00007cb61375d190] Compiler: c1, Barriers: 0, Oops: 0, ImmediateOops: 1, NonImmediateOops: No
[1,880s][debug][gc,nmethod     ] Register NMethod: com.google.gson.stream.JsonReader.nextNonWhitespace (0x00007cb613637808) [0x00007cb613637900, 0x00007cb61363b5a8] Compiler: c1, Barriers: 1, Oops: 4, ImmediateOops: 9, NonImmediateOops: No
[1,885s][debug][gc,director    ] Rule Major: Warmup 10%, Used: 266MB, UsedThreshold: 1228MB
[1,892s][debug][gc,nmethod     ] Register NMethod: jdk.internal.misc.Unsafe.putLongUnaligned (0x00007cb613637288) [0x00007cb613637380, 0x00007cb6136377b8] Compiler: c1, Barriers: 0, Oops: 0, ImmediateOops: 0, NonImmediateOops: No
[1,893s][debug][gc,nmethod     ] Register NMethod: java.lang.invoke.MethodHandle.linkToSpecial (0x00007cb632cace08) [0x00007cb632cacf00, 0x00007cb632cacff8] Compiler: , Barriers: 0, Oops: 0, ImmediateOops: 0, NonImmediateOops: No
[1,895s][debug][gc,director    ] Rule Major: Warmup 10%, Used: 268MB, UsedThreshold: 1228MB
[1,896s][debug][gc,nmethod     ] Register NMethod: java.io.File.isInvalid (0x00007cb632cad108) [0x00007cb632cad200, 0x00007cb632cad490] Compiler: jvmci, Barriers: 6, Oops: 0, ImmediateOops: 2, NonImmediateOops: No
[1,899s][debug][gc,nmethod     ] Register NMethod: java.lang.Class.desiredAssertionStatus (0x00007cb613477988) [0x00007cb613477a80, 0x00007cb6134783e0] Compiler: c1, Barriers: 4, Oops: 0, ImmediateOops: 0, NonImmediateOops: No
[1,899s][debug][gc,nmethod     ] Register NMethod: java.lang.Package$VersionInfo.getInstance (0x00007cb6137dbe88) [0x00007cb6137dbf80, 0x00007cb6137dc2c8] Compiler: c1, Barriers: 0, Oops: 0, ImmediateOops: 1, NonImmediateOops: No
[1,899s][debug][gc,nmethod     ] Register NMethod: java.lang.Package.<init> (0x00007cb6138af188) [0x00007cb6138af280, 0x00007cb6138af8b8] Compiler: c1, Barriers: 4, Oops: 0, ImmediateOops: 1, NonImmediateOops: No
[1,899s][debug][gc,nmethod     ] Register NMethod: java.io.UnixFileSystem.normalize (0x00007cb632cad508) [0x00007cb632cad600, 0x00007cb632cad7e8] Compiler: jvmci, Barriers: 1, Oops: 0, ImmediateOops: 0, NonImmediateOops: No
[1,905s][debug][gc,director    ] Rule Major: Warmup 10%, Used: 268MB, UsedThreshold: 1228MB
[1,906s][debug][gc,nmethod     ] Register NMethod: java.lang.Long.numberOfLeadingZeros (0x00007cb613726608) [0x00007cb613726700, 0x00007cb6137268a8] Compiler: c1, Barriers: 0, Oops: 0, ImmediateOops: 0, NonImmediateOops: No
[1,906s][debug][gc,nmethod     ] Register NMethod: java.lang.invoke.MethodHandle.linkToSpecial (0x00007cb632cad808) [0x00007cb632cad900, 0x00007cb632cad9f8] Compiler: , Barriers: 0, Oops: 0, ImmediateOops: 0, NonImmediateOops: No
[1,907s][debug][gc,nmethod     ] Register NMethod: java.lang.invoke.MethodHandle.linkToSpecial (0x00007cb632cadb08) [0x00007cb632cadc00, 0x00007cb632cadcf8] Compiler: , Barriers: 0, Oops: 0, ImmediateOops: 0, NonImmediateOops: No
[1,907s][debug][gc,nmethod     ] Register NMethod: java.lang.invoke.MethodHandle.linkToSpecial (0x00007cb632cade08) [0x00007cb632cadf00, 0x00007cb632cadff8] Compiler: , Barriers: 0, Oops: 0, ImmediateOops: 0, NonImmediateOops: No
[1,912s][debug][gc,nmethod     ] Register NMethod: java.lang.Long.hashCode (0x00007cb632cae108) [0x00007cb632cae200, 0x00007cb632cae270] Compiler: jvmci, Barriers: 0, Oops: 0, ImmediateOops: 0, NonImmediateOops: No
[1,913s][debug][gc,nmethod     ] Register NMethod: java.util.concurrent.atomic.AtomicLong.get (0x00007cb632cae408) [0x00007cb632cae500, 0x00007cb632cae5c8] Compiler: c1, Barriers: 0, Oops: 0, ImmediateOops: 0, NonImmediateOops: No
[1,914s][debug][gc,nmethod     ] Register NMethod: java.lang.invoke.MethodHandle.linkToSpecial (0x00007cb632cae708) [0x00007cb632cae800, 0x00007cb632cae8f8] Compiler: , Barriers: 0, Oops: 0, ImmediateOops: 0, NonImmediateOops: No
[1,914s][debug][gc,nmethod     ] Register NMethod: jdk.internal.misc.Unsafe.putLongUnaligned (0x00007cb632caea08) [0x00007cb632caeb00, 0x00007cb632caebc0] Compiler: jvmci, Barriers: 0, Oops: 0, ImmediateOops: 0, NonImmediateOops: No
[1,915s][debug][gc,nmethod     ] Register NMethod: java.lang.invoke.MethodHandle.linkToSpecial (0x00007cb632caed08) [0x00007cb632caee00, 0x00007cb632caeef8] Compiler: , Barriers: 0, Oops: 0, ImmediateOops: 0, NonImmediateOops: No
[1,915s][debug][gc,nmethod     ] Register NMethod: java.lang.invoke.MethodHandle.invokeBasic (0x00007cb632caf008) [0x00007cb632caf100, 0x00007cb632caf398] Compiler: , Barriers: 0, Oops: 0, ImmediateOops: 0, NonImmediateOops: No
[1,915s][debug][gc,nmethod     ] Register NMethod: java.lang.invoke.MethodHandle.linkToSpecial (0x00007cb632caf408) [0x00007cb632caf500, 0x00007cb632caf5f8] Compiler: , Barriers: 0, Oops: 0, ImmediateOops: 0, NonImmediateOops: No
[1,915s][debug][gc,director    ] Rule Major: Warmup 10%, Used: 270MB, UsedThreshold: 1228MB
[1,917s][debug][gc,nmethod     ] Register NMethod: java.io.UnixFileSystem.hasBooleanAttributes (0x00007cb632caf708) [0x00007cb632caf800, 0x00007cb632cafa00] Compiler: jvmci, Barriers: 2, Oops: 0, ImmediateOops: 0, NonImmediateOops: No
[1,920s][debug][gc,nmethod     ] Register NMethod: jdk.internal.classfile.impl.StackMapGenerator$Frame.checkStack (0x00007cb632cafa08) [0x00007cb632cafb00, 0x00007cb632cb01d0] Compiler: jvmci, Barriers: 17, Oops: 1, ImmediateOops: 2, NonImmediateOops: No
[1,922s][debug][gc,nmethod     ] Register NMethod: java.util.jar.JarFile.maybeInstantiateVerifier (0x00007cb632cb0208) [0x00007cb632cb0300, 0x00007cb632cb0808] Compiler: jvmci, Barriers: 4, Oops: 0, ImmediateOops: 0, NonImmediateOops: No
[1,923s][debug][gc,nmethod     ] Register NMethod: java.lang.invoke.MethodHandle.linkToSpecial (0x00007cb632cb0888) [0x00007cb632cb0980, 0x00007cb632cb0a78] Compiler: , Barriers: 0, Oops: 0, ImmediateOops: 0, NonImmediateOops: No
[1,923s][debug][gc,nmethod     ] Register NMethod: java.lang.invoke.MethodHandle.linkToStatic (0x00007cb632cb0b88) [0x00007cb632cb0c80, 0x00007cb632cb0d70] Compiler: , Barriers: 0, Oops: 0, ImmediateOops: 0, NonImmediateOops: No
[1,923s][debug][gc,nmethod     ] Register NMethod: java.lang.invoke.MethodHandle.linkToStatic (0x00007cb632cb0e88) [0x00007cb632cb0f80, 0x00007cb632cb1070] Compiler: , Barriers: 0, Oops: 0, ImmediateOops: 0, NonImmediateOops: No
[1,923s][debug][gc,nmethod     ] Register NMethod: java.lang.invoke.MethodHandle.linkToStatic (0x00007cb632cb1188) [0x00007cb632cb1280, 0x00007cb632cb1370] Compiler: , Barriers: 0, Oops: 0, ImmediateOops: 0, NonImmediateOops: No
[1,924s][debug][gc,nmethod     ] Register NMethod: java.lang.invoke.MethodHandle.linkToStatic (0x00007cb632cb1488) [0x00007cb632cb1580, 0x00007cb632cb1670] Compiler: , Barriers: 0, Oops: 0, ImmediateOops: 0, NonImmediateOops: No
[1,924s][debug][gc,nmethod     ] Register NMethod: java.lang.invoke.MethodHandle.linkToStatic (0x00007cb632cb1788) [0x00007cb632cb1880, 0x00007cb632cb1970] Compiler: , Barriers: 0, Oops: 0, ImmediateOops: 0, NonImmediateOops: No
[1,924s][debug][gc,nmethod     ] Register NMethod: java.lang.invoke.MethodHandle.linkToStatic (0x00007cb632cb1a88) [0x00007cb632cb1b80, 0x00007cb632cb1c70] Compiler: , Barriers: 0, Oops: 0, ImmediateOops: 0, NonImmediateOops: No
[1,924s][debug][gc,nmethod     ] Register NMethod: java.lang.invoke.MethodHandle.linkToStatic (0x00007cb632cb1d88) [0x00007cb632cb1e80, 0x00007cb632cb1f70] Compiler: , Barriers: 0, Oops: 0, ImmediateOops: 0, NonImmediateOops: No
[1,924s][debug][gc,nmethod     ] Register NMethod: java.lang.invoke.LambdaForm.fixResult (0x00007cb613636f08) [0x00007cb613637000, 0x00007cb613637210] Compiler: c1, Barriers: 2, Oops: 0, ImmediateOops: 1, NonImmediateOops: No
[1,924s][debug][gc,nmethod     ] Register NMethod: java.lang.invoke.MethodHandle.linkToStatic (0x00007cb632cb2088) [0x00007cb632cb2180, 0x00007cb632cb2270] Compiler: , Barriers: 0, Oops: 0, ImmediateOops: 0, NonImmediateOops: No
[1,924s][debug][gc,nmethod     ] Register NMethod: java.lang.invoke.MethodHandle.linkToStatic (0x00007cb632cb2388) [0x00007cb632cb2480, 0x00007cb632cb2570] Compiler: , Barriers: 0, Oops: 0, ImmediateOops: 0, NonImmediateOops: No
[1,924s][debug][gc,nmethod     ] Register NMethod: java.lang.invoke.LambdaForm.create (0x00007cb61342bc08) [0x00007cb61342bd00, 0x00007cb61342c558] Compiler: c1, Barriers: 2, Oops: 0, ImmediateOops: 1, NonImmediateOops: No
[1,924s][debug][gc,nmethod     ] Register NMethod: sun.net.www.protocol.file.Handler.parseURL (0x00007cb632cb2688) [0x00007cb632cb2780, 0x00007cb632cb2850] Compiler: jvmci, Barriers: 0, Oops: 0, ImmediateOops: 0, NonImmediateOops: No
[1,924s][debug][gc,nmethod     ] Register NMethod: java.lang.invoke.InvokerBytecodeGenerator.generateCustomizedCode (0x00007cb6137db988) [0x00007cb6137dba80, 0x00007cb6137dbd28] Compiler: c1, Barriers: 0, Oops: 0, ImmediateOops: 1, NonImmediateOops: No
[1,924s][debug][gc,nmethod     ] Register NMethod: java.lang.invoke.LambdaForm.<init> (0x00007cb6134c1088) [0x00007cb6134c1180, 0x00007cb6134c14e0] Compiler: c1, Barriers: 12, Oops: 0, ImmediateOops: 0, NonImmediateOops: No
[1,925s][debug][gc,nmethod     ] Register NMethod: java.lang.invoke.MethodHandle.invokeBasic (0x00007cb632cb2988) [0x00007cb632cb2a80, 0x00007cb632cb2d18] Compiler: , Barriers: 0, Oops: 0, ImmediateOops: 0, NonImmediateOops: No
[1,925s][debug][gc,nmethod     ] Register NMethod: java.lang.invoke.MethodHandle.linkToSpecial (0x00007cb632cb2d88) [0x00007cb632cb2e80, 0x00007cb632cb2f78] Compiler: , Barriers: 0, Oops: 0, ImmediateOops: 0, NonImmediateOops: No
[1,925s][debug][gc,nmethod     ] Register NMethod: java.lang.invoke.InvokerBytecodeGenerator.lookupPregenerated (0x00007cb613473e88) [0x00007cb613473f80, 0x00007cb6134771a8] Compiler: c1, Barriers: 10, Oops: 1, ImmediateOops: 13, NonImmediateOops: No
[1,925s][debug][gc,director    ] Rule Major: Warmup 10%, Used: 272MB, UsedThreshold: 1228MB
[1,925s][debug][gc,nmethod     ] Register NMethod: java.lang.StringBuilder.append (0x00007cb6137bca08) [0x00007cb6137bcb00, 0x00007cb6137bcc48] Compiler: c1, Barriers: 0, Oops: 0, ImmediateOops: 0, NonImmediateOops: No
[1,925s][debug][gc,nmethod     ] Rebuilding NMethod Table: 4096->4096 entries, 2583(63%->63%) registered, 285(7%->0%) unregistered
[1,926s][debug][gc,nmethod     ] Register NMethod: java.util.Arrays.copyOfRange (0x00007cb61344cb88) [0x00007cb61344cc80, 0x00007cb61344e3b8] Compiler: c1, Barriers: 1, Oops: 1, ImmediateOops: 3, NonImmediateOops: No
[1,926s][debug][gc,nmethod     ] Register NMethod: java.lang.AbstractStringBuilder.append (0x00007cb6134c0988) [0x00007cb6134c0a80, 0x00007cb6134c0e58] Compiler: c1, Barriers: 4, Oops: 0, ImmediateOops: 0, NonImmediateOops: No
[1,926s][debug][gc,nmethod     ] Register NMethod: java.lang.invoke.MethodHandle.invokeBasic (0x00007cb632cb3088) [0x00007cb632cb3180, 0x00007cb632cb3418] Compiler: , Barriers: 0, Oops: 0, ImmediateOops: 0, NonImmediateOops: No
[1,926s][debug][gc,nmethod     ] Register NMethod: java.lang.invoke.MethodHandle.linkToSpecial (0x00007cb632cb3488) [0x00007cb632cb3580, 0x00007cb632cb3678] Compiler: , Barriers: 0, Oops: 0, ImmediateOops: 0, NonImmediateOops: No
[1,927s][debug][gc,nmethod     ] Register NMethod: java.lang.classfile.CodeBuilder.putstatic (0x00007cb6134e6308) [0x00007cb6134e6400, 0x00007cb6134e6710] Compiler: c1, Barriers: 0, Oops: 0, ImmediateOops: 1, NonImmediateOops: No
[1,927s][debug][gc,nmethod     ] Register NMethod: java.lang.invoke.MethodHandle.invokeBasic (0x00007cb632cb3788) [0x00007cb632cb3880, 0x00007cb632cb3b18] Compiler: , Barriers: 0, Oops: 0, ImmediateOops: 0, NonImmediateOops: No
[1,927s][debug][gc,nmethod     ] Register NMethod: java.lang.invoke.MethodHandle.linkToSpecial (0x00007cb632cb3b88) [0x00007cb632cb3c80, 0x00007cb632cb3d78] Compiler: , Barriers: 0, Oops: 0, ImmediateOops: 0, NonImmediateOops: No
[1,927s][debug][gc,nmethod     ] Register NMethod: java.util.Arrays.fill (0x00007cb6134e5c08) [0x00007cb6134e5d00, 0x00007cb6134e61a8] Compiler: c1, Barriers: 3, Oops: 0, ImmediateOops: 0, NonImmediateOops: No
[1,927s][debug][gc,nmethod     ] Register NMethod: java.lang.invoke.MethodHandle.invokeBasic (0x00007cb632cb3e88) [0x00007cb632cb3f80, 0x00007cb632cb4218] Compiler: , Barriers: 0, Oops: 0, ImmediateOops: 0, NonImmediateOops: No
[1,927s][debug][gc,nmethod     ] Register NMethod: java.lang.invoke.MethodHandle.linkToSpecial (0x00007cb632cb4288) [0x00007cb632cb4380, 0x00007cb632cb4478] Compiler: , Barriers: 0, Oops: 0, ImmediateOops: 0, NonImmediateOops: No
[1,928s][debug][gc,nmethod     ] Register NMethod: java.lang.invoke.LambdaFormBuffer.changeName (0x00007cb613442408) [0x00007cb613442500, 0x00007cb613442f70] Compiler: c1, Barriers: 10, Oops: 0, ImmediateOops: 0, NonImmediateOops: No
[1,933s][debug][gc,nmethod     ] Register NMethod: jdk.internal.misc.Unsafe.getLongVolatile (0x00007cb632cb4588) [0x00007cb632cb4680, 0x00007cb632cb47e8] Compiler: , Barriers: 0, Oops: 0, ImmediateOops: 0, NonImmediateOops: No
[1,933s][debug][gc,nmethod     ] Register NMethod: jdk.internal.classfile.impl.StackMapGenerator$Frame.pushStack (0x00007cb632cb4888) [0x00007cb632cb4980, 0x00007cb632cb50f0] Compiler: jvmci, Barriers: 20, Oops: 1, ImmediateOops: 2, NonImmediateOops: No
[1,935s][debug][gc,nmethod     ] Register NMethod: java.lang.Thread.onSpinWait (0x00007cb613810588) [0x00007cb613810680, 0x00007cb613810760] Compiler: c1, Barriers: 0, Oops: 0, ImmediateOops: 0, NonImmediateOops: No
[1,935s][debug][gc,director    ] Rule Major: Warmup 10%, Used: 282MB, UsedThreshold: 1228MB
[1,936s][debug][gc,nmethod     ] Register NMethod: java.lang.invoke.MethodHandle.linkToStatic (0x00007cb632cb5108) [0x00007cb632cb5200, 0x00007cb632cb52f0] Compiler: , Barriers: 0, Oops: 0, ImmediateOops: 0, NonImmediateOops: No
[1,936s][debug][gc,nmethod     ] Register NMethod: java.lang.invoke.MethodHandle.linkToInterface (0x00007cb632cb5408) [0x00007cb632cb5500, 0x00007cb632cb5630] Compiler: , Barriers: 0, Oops: 0, ImmediateOops: 0, NonImmediateOops: No
[1,936s][debug][gc,nmethod     ] Register NMethod: java.lang.invoke.MethodHandle.linkToInterface (0x00007cb632cb5708) [0x00007cb632cb5800, 0x00007cb632cb5930] Compiler: , Barriers: 0, Oops: 0, ImmediateOops: 0, NonImmediateOops: No
[1,936s][debug][gc,nmethod     ] Register NMethod: java.lang.invoke.MethodHandle.linkToStatic (0x00007cb632cb5a08) [0x00007cb632cb5b00, 0x00007cb632cb5bf0] Compiler: , Barriers: 0, Oops: 0, ImmediateOops: 0, NonImmediateOops: No
[1,936s][debug][gc,nmethod     ] Register NMethod: java.lang.invoke.MethodHandle.linkToStatic (0x00007cb632cb5d08) [0x00007cb632cb5e00, 0x00007cb632cb5ef0] Compiler: , Barriers: 0, Oops: 0, ImmediateOops: 0, NonImmediateOops: No
[1,936s][debug][gc,nmethod     ] Register NMethod: java.lang.invoke.MethodTypeForm.<init> (0x00007cb61342dc08) [0x00007cb61342dd00, 0x00007cb613430c90] Compiler: c1, Barriers: 28, Oops: 1, ImmediateOops: 7, NonImmediateOops: No
[1,937s][debug][gc,nmethod     ] Register NMethod: java.lang.invoke.MethodHandle.linkToStatic (0x00007cb632cb6008) [0x00007cb632cb6100, 0x00007cb632cb61f0] Compiler: , Barriers: 0, Oops: 0, ImmediateOops: 0, NonImmediateOops: No
[1,937s][debug][gc,nmethod     ] Register NMethod: jdk.internal.misc.Unsafe.checkSize (0x00007cb61380e808) [0x00007cb61380e900, 0x00007cb61380eb60] Compiler: c1, Barriers: 0, Oops: 0, ImmediateOops: 0, NonImmediateOops: No
[1,938s][debug][gc,nmethod     ] Register NMethod: jdk.internal.foreign.layout.AbstractLayout.byteSize (0x00007cb632cb6308) [0x00007cb632cb6400, 0x00007cb632cb64c0] Compiler: c1, Barriers: 0, Oops: 0, ImmediateOops: 0, NonImmediateOops: No
[1,938s][debug][gc,nmethod     ] Register NMethod: java.lang.invoke.MethodHandle.linkToStatic (0x00007cb632cb6608) [0x00007cb632cb6700, 0x00007cb632cb67f0] Compiler: , Barriers: 0, Oops: 0, ImmediateOops: 0, NonImmediateOops: No
[1,938s][debug][gc,nmethod     ] Register NMethod: jdk.internal.foreign.NativeMemorySegmentImpl.unsafeGetOffset (0x00007cb632cb6908) [0x00007cb632cb6a00, 0x00007cb632cb6ac0] Compiler: c1, Barriers: 0, Oops: 0, ImmediateOops: 0, NonImmediateOops: No
[1,938s][debug][gc,nmethod     ] Register NMethod: jdk.internal.foreign.NativeMemorySegmentImpl.unsafeGetBase (0x00007cb632cb6c08) [0x00007cb632cb6d00, 0x00007cb632cb6dc8] Compiler: c1, Barriers: 0, Oops: 0, ImmediateOops: 0, NonImmediateOops: No
[1,938s][debug][gc,nmethod     ] Register NMethod: jdk.internal.foreign.layout.AbstractLayout.byteAlignment (0x00007cb632cb6f08) [0x00007cb632cb7000, 0x00007cb632cb70c0] Compiler: c1, Barriers: 0, Oops: 0, ImmediateOops: 0, NonImmediateOops: No
[1,938s][debug][gc,nmethod     ] Register NMethod: jdk.internal.foreign.AbstractMemorySegmentImpl.sessionImpl (0x00007cb632cb7208) [0x00007cb632cb7300, 0x00007cb632cb73e8] Compiler: c1, Barriers: 1, Oops: 0, ImmediateOops: 0, NonImmediateOops: No
[1,938s][debug][gc,nmethod     ] Register NMethod: jdk.internal.foreign.NativeMemorySegmentImpl.maxAlignMask (0x00007cb632cb7508) [0x00007cb632cb7600, 0x00007cb632cb76c0] Compiler: c1, Barriers: 0, Oops: 0, ImmediateOops: 0, NonImmediateOops: No
[1,938s][debug][gc,nmethod     ] Register NMethod: java.lang.invoke.MethodHandle.linkToStatic (0x00007cb632cb7808) [0x00007cb632cb7900, 0x00007cb632cb79f0] Compiler: , Barriers: 0, Oops: 0, ImmediateOops: 0, NonImmediateOops: No
[1,939s][debug][gc,nmethod     ] Register NMethod: jdk.internal.foreign.MemorySessionImpl.checkValidStateRaw (0x00007cb613861188) [0x00007cb613861280, 0x00007cb6138614b0] Compiler: c1, Barriers: 2, Oops: 0, ImmediateOops: 2, NonImmediateOops: No
[1,939s][debug][gc,nmethod     ] Register NMethod: jdk.internal.classfile.impl.AbstractPoolEntry.hashClassFromDescriptor (0x00007cb61381a308) [0x00007cb61381a400, 0x00007cb61381a548] Compiler: c1, Barriers: 0, Oops: 0, ImmediateOops: 0, NonImmediateOops: No
[1,939s][debug][gc,nmethod     ] Register NMethod: java.util.concurrent.ConcurrentHashMap.putIfAbsent (0x00007cb61377fa88) [0x00007cb61377fb80, 0x00007cb61377fe80] Compiler: c1, Barriers: 0, Oops: 0, ImmediateOops: 0, NonImmediateOops: No
[1,940s][debug][gc,nmethod     ] Register NMethod: jdk.internal.classfile.impl.DirectCodeBuilder$DeferredLabel.<init> (0x00007cb6139a0108) [0x00007cb6139a0200, 0x00007cb6139a0440] Compiler: c1, Barriers: 3, Oops: 0, ImmediateOops: 0, NonImmediateOops: No
[1,940s][debug][gc,nmethod     ] Register NMethod: jdk.internal.foreign.AbstractMemorySegmentImpl.byteSize (0x00007cb632cb7b08) [0x00007cb632cb7c00, 0x00007cb632cb7cc0] Compiler: c1, Barriers: 0, Oops: 0, ImmediateOops: 0, NonImmediateOops: No
[1,940s][debug][gc,nmethod     ] Register NMethod: jdk.internal.constant.ConstantUtils.classDesc (0x00007cb613400988) [0x00007cb613400a80, 0x00007cb613401b80] Compiler: c1, Barriers: 3, Oops: 1, ImmediateOops: 2, NonImmediateOops: No
[1,940s][debug][gc,nmethod     ] Register NMethod: jdk.internal.classfile.impl.DirectCodeBuilder.addLabel (0x00007cb61382aa08) [0x00007cb61382ab00, 0x00007cb61382b4d0] Compiler: c1, Barriers: 9, Oops: 0, ImmediateOops: 0, NonImmediateOops: No
[1,940s][debug][gc,nmethod     ] Register NMethod: io.sirix.page.KeyValueLeafPage.isSlotSet (0x00007cb613865888) [0x00007cb613865980, 0x00007cb613865b28] Compiler: c1, Barriers: 1, Oops: 1, ImmediateOops: 0, NonImmediateOops: No
[1,940s][debug][gc,nmethod     ] Register NMethod: io.sirix.page.KeyValueLeafPage.getDeweyIdAsByteArray (0x00007cb61377f188) [0x00007cb61377f280, 0x00007cb61377f808] Compiler: c1, Barriers: 0, Oops: 1, ImmediateOops: 1, NonImmediateOops: No
[1,940s][debug][gc,nmethod     ] Register NMethod: java.lang.invoke.SegmentVarHandle.offset (0x00007cb613406008) [0x00007cb613406100, 0x00007cb613406218] Compiler: c1, Barriers: 0, Oops: 0, ImmediateOops: 0, NonImmediateOops: No
[1,941s][debug][gc,nmethod     ] Register NMethod: jdk.internal.misc.Unsafe.putShort (0x00007cb632cb7e08) [0x00007cb632cb7f00, 0x00007cb632cb8058] Compiler: , Barriers: 0, Oops: 0, ImmediateOops: 0, NonImmediateOops: No
[1,941s][debug][gc,nmethod     ] Register NMethod: io.sirix.page.KeyValueLeafPage.getDeweyId (0x00007cb613a37608) [0x00007cb613a37700, 0x00007cb613a3c7b8] Compiler: c1, Barriers: 21, Oops: 7, ImmediateOops: 12, NonImmediateOops: No
[1,941s][debug][gc,nmethod     ] Register NMethod: jdk.internal.foreign.AbstractMemorySegmentImpl.checkAccess (0x00007cb613405488) [0x00007cb613405580, 0x00007cb613405d90] Compiler: c1, Barriers: 0, Oops: 0, ImmediateOops: 1, NonImmediateOops: No
[1,942s][debug][gc,nmethod     ] Register NMethod: java.io.UnixFileSystem.resolve (0x00007cb632cb8108) [0x00007cb632cb8300, 0x00007cb632cb9150] Compiler: jvmci, Barriers: 6, Oops: 0, ImmediateOops: 2, NonImmediateOops: No
[1,942s][debug][gc,nmethod     ] Register NMethod: io.sirix.node.GrowingMemorySegment.ensureCapacity (0x00007cb61344ab08) [0x00007cb61344ac00, 0x00007cb61344ad60] Compiler: c1, Barriers: 0, Oops: 1, ImmediateOops: 0, NonImmediateOops: No
[1,942s][debug][gc,nmethod     ] Register NMethod: java.lang.invoke.MethodHandle.invokeBasic (0x00007cb632cb9188) [0x00007cb632cb9280, 0x00007cb632cb9518] Compiler: , Barriers: 0, Oops: 0, ImmediateOops: 0, NonImmediateOops: No
[1,942s][debug][gc,nmethod     ] Register NMethod: jdk.internal.classfile.impl.SplitConstantPool.maybeCloneUtf8Entry (0x00007cb61347f888) [0x00007cb61347f980, 0x00007cb613480a20] Compiler: c1, Barriers: 4, Oops: 0, ImmediateOops: 2, NonImmediateOops: No
[1,942s][debug][gc,nmethod     ] Register NMethod: java.util.stream.AbstractPipeline.sourceSpliterator (0x00007cb6137d5d88) [0x00007cb6137d5e80, 0x00007cb6137d7948] Compiler: c1, Barriers: 14, Oops: 1, ImmediateOops: 2, NonImmediateOops: No
[1,942s][debug][gc,nmethod     ] Register NMethod: jdk.internal.misc.Unsafe.copyMemoryChecks (0x00007cb6134c5d88) [0x00007cb6134c5e80, 0x00007cb6134c7438] Compiler: c1, Barriers: 4, Oops: 0, ImmediateOops: 0, NonImmediateOops: No
[1,943s][debug][gc,nmethod     ] Register NMethod: jdk.internal.misc.Unsafe.copyMemory (0x00007cb6135bca08) [0x00007cb6135bcb00, 0x00007cb6135be0c0] Compiler: c1, Barriers: 4, Oops: 0, ImmediateOops: 0, NonImmediateOops: No
[1,943s][debug][gc,nmethod     ] Register NMethod: jdk.internal.classfile.impl.AbstractPoolEntry$Utf8EntryImpl.methodTypeSymbol (0x00007cb632cb9588) [0x00007cb632cb9680, 0x00007cb632cb9788] Compiler: jvmci, Barriers: 1, Oops: 0, ImmediateOops: 0, NonImmediateOops: No
[1,943s][debug][gc,nmethod     ] Register NMethod: jdk.internal.foreign.AbstractMemorySegmentImpl.isAlignedForElement (0x00007cb61344a388) [0x00007cb61344a480, 0x00007cb61344aaa8] Compiler: c1, Barriers: 0, Oops: 0, ImmediateOops: 0, NonImmediateOops: No
[1,943s][debug][gc,nmethod     ] Register NMethod: java.lang.invoke.VarHandleGuards.guard_LJI_V (0x00007cb613a3c808) [0x00007cb613a3c900, 0x00007cb613a41508] Compiler: c1, Barriers: 46, Oops: 1, ImmediateOops: 6, NonImmediateOops: No
[1,944s][debug][gc,nmethod     ] Register NMethod: jdk.internal.foreign.AbstractMemorySegmentImpl.isAlignedForElement (0x00007cb613988d08) [0x00007cb613988e00, 0x00007cb613989390] Compiler: c1, Barriers: 0, Oops: 0, ImmediateOops: 0, NonImmediateOops: No
[1,944s][debug][gc,nmethod     ] Register NMethod: jdk.internal.foreign.Utils$BaseAndScale.scale (0x00007cb632cb9888) [0x00007cb632cb9980, 0x00007cb632cb9a40] Compiler: c1, Barriers: 0, Oops: 0, ImmediateOops: 0, NonImmediateOops: No
[1,944s][debug][gc,nmethod     ] Register NMethod: jdk.internal.misc.Unsafe.checkOffset (0x00007cb613449f88) [0x00007cb61344a080, 0x00007cb61344a2e0] Compiler: c1, Barriers: 0, Oops: 0, ImmediateOops: 0, NonImmediateOops: No
[1,944s][debug][gc,nmethod     ] Register NMethod: io.sirix.page.KeyValueLeafPage.getSlotAsByteArray (0x00007cb61351be88) [0x00007cb61351bf80, 0x00007cb61351c618] Compiler: c1, Barriers: 0, Oops: 1, ImmediateOops: 1, NonImmediateOops: No
[1,945s][debug][gc,nmethod     ] Register NMethod: jdk.internal.foreign.layout.ValueLayouts$AbstractValueLayout.varHandle (0x00007cb61381ca88) [0x00007cb61381cb80, 0x00007cb61381d538] Compiler: c1, Barriers: 4, Oops: 3, ImmediateOops: 3, NonImmediateOops: No
[1,945s][debug][gc,nmethod     ] Register NMethod: java.lang.invoke.SegmentVarHandle.checkSegment (0x00007cb613745688) [0x00007cb613745780, 0x00007cb613749098] Compiler: c1, Barriers: 20, Oops: 1, ImmediateOops: 3, NonImmediateOops: No
[1,945s][debug][gc,nmethod     ] Register NMethod: jdk.internal.foreign.AbstractMemorySegmentImpl.checkEnclosingLayout (0x00007cb613414f08) [0x00007cb613415000, 0x00007cb613418358] Compiler: c1, Barriers: 19, Oops: 1, ImmediateOops: 3, NonImmediateOops: No
[1,945s][debug][gc,director    ] Rule Major: Warmup 10%, Used: 282MB, UsedThreshold: 1228MB
[1,947s][debug][gc,nmethod     ] Register NMethod: java.lang.Integer.rotateRight (0x00007cb613414b08) [0x00007cb613414c00, 0x00007cb613414cf0] Compiler: c1, Barriers: 0, Oops: 0, ImmediateOops: 0, NonImmediateOops: No
[1,947s][debug][gc,nmethod     ] Register NMethod: jdk.internal.misc.Unsafe.putIntUnaligned (0x00007cb61381c608) [0x00007cb61381c700, 0x00007cb61381c930] Compiler: c1, Barriers: 0, Oops: 0, ImmediateOops: 0, NonImmediateOops: No
[1,947s][debug][gc,nmethod     ] Register NMethod: jdk.internal.misc.Unsafe.putIntUnaligned (0x00007cb61351ba88) [0x00007cb61351bb80, 0x00007cb61351be20] Compiler: c1, Barriers: 0, Oops: 0, ImmediateOops: 0, NonImmediateOops: No
[1,947s][debug][gc,nmethod     ] Register NMethod: jdk.internal.foreign.NativeMemorySegmentImpl.dup (0x00007cb632cb9b88) [0x00007cb632cb9ca0, 0x00007cb632cb9df0] Compiler: jvmci, Barriers: 2, Oops: 0, ImmediateOops: 0, NonImmediateOops: No
[1,947s][debug][gc,nmethod     ] Register NMethod: java.lang.Integer.rotateRight (0x00007cb632cb9e88) [0x00007cb632cb9f80, 0x00007cb632cb9ff0] Compiler: jvmci, Barriers: 0, Oops: 0, ImmediateOops: 0, NonImmediateOops: No
[1,947s][debug][gc,nmethod     ] Register NMethod: java.lang.invoke.MethodHandle.invokeBasic (0x00007cb632cba188) [0x00007cb632cba280, 0x00007cb632cba518] Compiler: , Barriers: 0, Oops: 0, ImmediateOops: 0, NonImmediateOops: No
[1,948s][debug][gc,nmethod     ] Register NMethod: java.lang.invoke.VarHandleGuards.guard_LII_V (0x00007cb613a41588) [0x00007cb613a41680, 0x00007cb613a46280] Compiler: c1, Barriers: 46, Oops: 1, ImmediateOops: 6, NonImmediateOops: No
[1,950s][debug][gc,nmethod     ] Register NMethod: jdk.internal.foreign.AbstractMemorySegmentImpl.asSlice (0x00007cb632cba588) [0x00007cb632cba680, 0x00007cb632cba998] Compiler: jvmci, Barriers: 5, Oops: 0, ImmediateOops: 0, NonImmediateOops: No
[1,951s][debug][gc,nmethod     ] Register NMethod: jdk.internal.classfile.impl.UnboundAttribute$UnboundExceptionsAttribute.exceptions (0x00007cb632cbaa08) [0x00007cb632cbab00, 0x00007cb632cbabe8] Compiler: c1, Barriers: 1, Oops: 0, ImmediateOops: 0, NonImmediateOops: No
[1,951s][debug][gc,nmethod     ] Register NMethod: java.lang.invoke.MethodHandle.linkToStatic (0x00007cb632cbad08) [0x00007cb632cbae00, 0x00007cb632cbaef0] Compiler: , Barriers: 0, Oops: 0, ImmediateOops: 0, NonImmediateOops: No
[1,951s][debug][gc,nmethod     ] Register NMethod: java.lang.invoke.MethodHandle.invokeBasic (0x00007cb632cbb008) [0x00007cb632cbb100, 0x00007cb632cbb398] Compiler: , Barriers: 0, Oops: 0, ImmediateOops: 0, NonImmediateOops: No
[1,952s][debug][gc,nmethod     ] Register NMethod: io.sirix.page.KeyValueLeafPage.getSlot (0x00007cb613a46308) [0x00007cb613a46400, 0x00007cb613a5c620] Compiler: c1, Barriers: 194, Oops: 13, ImmediateOops: 50, NonImmediateOops: No
[1,952s][debug][gc,nmethod     ] Register NMethod: java.lang.System.checkKey (0x00007cb613988588) [0x00007cb613988680, 0x00007cb613988be8] Compiler: c1, Barriers: 1, Oops: 0, ImmediateOops: 2, NonImmediateOops: No
[1,953s][debug][gc,nmethod     ] Register NMethod: jdk.internal.classfile.impl.StackMapGenerator$Frame.checkLocal (0x00007cb632cbb408) [0x00007cb632cbb500, 0x00007cb632cbbbc0] Compiler: jvmci, Barriers: 17, Oops: 1, ImmediateOops: 2, NonImmediateOops: No
[1,954s][debug][gc,nmethod     ] Register NMethod: java.io.UnixFileSystem.canonicalize0 (0x00007cb632cbbc08) [0x00007cb632cbbd00, 0x00007cb632cbc030] Compiler: , Barriers: 0, Oops: 0, ImmediateOops: 0, NonImmediateOops: No
[1,954s][debug][gc,nmethod     ] Register NMethod: java.lang.StringCoding.hasNegatives (0x00007cb61351b788) [0x00007cb61351b880, 0x00007cb61351b9e8] Compiler: c1, Barriers: 0, Oops: 0, ImmediateOops: 0, NonImmediateOops: No
[1,956s][debug][gc,director    ] Rule Major: Warmup 10%, Used: 282MB, UsedThreshold: 1228MB
[1,956s][debug][gc,nmethod     ] Register NMethod: java.lang.invoke.MethodType.makeImpl (0x00007cb632cbc088) [0x00007cb632cbc180, 0x00007cb632cbcaa0] Compiler: jvmci, Barriers: 19, Oops: 3, ImmediateOops: 6, NonImmediateOops: No
[1,956s][debug][gc,nmethod     ] Register NMethod: java.lang.Class.newReflectionData (0x00007cb61352ad88) [0x00007cb61352ae80, 0x00007cb61352b9c0] Compiler: c1, Barriers: 7, Oops: 0, ImmediateOops: 2, NonImmediateOops: No
[1,957s][debug][gc,nmethod     ] Register NMethod: java.util.WeakHashMap.expungeStaleEntries (0x00007cb632cbcb08) [0x00007cb632cbcc00, 0x00007cb632cbcd38] Compiler: jvmci, Barriers: 2, Oops: 0, ImmediateOops: 0, NonImmediateOops: No
[1,957s][debug][gc,nmethod     ] Register NMethod: java.io.File.<init> (0x00007cb632cbce08) [0x00007cb632cbd000, 0x00007cb632cbdce8] Compiler: jvmci, Barriers: 15, Oops: 1, ImmediateOops: 4, NonImmediateOops: No
[1,957s][debug][gc,nmethod     ] Register NMethod: jdk.internal.misc.Unsafe.putLongUnaligned (0x00007cb613745108) [0x00007cb613745200, 0x00007cb613745638] Compiler: c1, Barriers: 0, Oops: 0, ImmediateOops: 0, NonImmediateOops: No
[1,958s][debug][gc,nmethod     ] Register NMethod: java.lang.Thread.onSpinWait (0x00007cb632cbdd08) [0x00007cb632cbde00, 0x00007cb632cbde60] Compiler: jvmci, Barriers: 0, Oops: 0, ImmediateOops: 0, NonImmediateOops: No
[1,958s][debug][gc,nmethod     ] Register NMethod: java.lang.invoke.MethodHandle.invokeBasic (0x00007cb632cbe008) [0x00007cb632cbe100, 0x00007cb632cbe398] Compiler: , Barriers: 0, Oops: 0, ImmediateOops: 0, NonImmediateOops: No
[1,958s][debug][gc,nmethod     ] Register NMethod: java.lang.invoke.MethodHandle.linkToSpecial (0x00007cb632cbe408) [0x00007cb632cbe500, 0x00007cb632cbe5f8] Compiler: , Barriers: 0, Oops: 0, ImmediateOops: 0, NonImmediateOops: No
[1,959s][debug][gc,nmethod     ] Register NMethod: java.lang.invoke.MethodHandle.invokeBasic (0x00007cb632cbe708) [0x00007cb632cbe800, 0x00007cb632cbea98] Compiler: , Barriers: 0, Oops: 0, ImmediateOops: 0, NonImmediateOops: No
[1,959s][debug][gc,nmethod     ] Register NMethod: java.lang.invoke.MethodHandle.linkToSpecial (0x00007cb632cbeb08) [0x00007cb632cbec00, 0x00007cb632cbecf8] Compiler: , Barriers: 0, Oops: 0, ImmediateOops: 0, NonImmediateOops: No
[1,959s][debug][gc,nmethod     ] Register NMethod: jdk.internal.misc.Unsafe.ensureClassInitialized (0x00007cb61352a988) [0x00007cb61352aa80, 0x00007cb61352aca0] Compiler: c1, Barriers: 0, Oops: 0, ImmediateOops: 0, NonImmediateOops: No
[1,960s][debug][gc,nmethod     ] Register NMethod: java.lang.Long.longValue (0x00007cb632cbee08) [0x00007cb632cbef00, 0x00007cb632cbefc0] Compiler: c1, Barriers: 0, Oops: 0, ImmediateOops: 0, NonImmediateOops: No
[1,960s][debug][gc,nmethod     ] Register NMethod: java.lang.reflect.Array.getLength (0x00007cb632cbf108) [0x00007cb632cbf200, 0x00007cb632cbf368] Compiler: , Barriers: 0, Oops: 0, ImmediateOops: 1, NonImmediateOops: No
[1,961s][debug][gc,nmethod     ] Register NMethod: jdk.internal.foreign.layout.ValueLayouts$AbstractValueLayout.carrier (0x00007cb632cbf408) [0x00007cb632cbf500, 0x00007cb632cbf5e8] Compiler: c1, Barriers: 1, Oops: 0, ImmediateOops: 0, NonImmediateOops: No
[1,962s][debug][gc,nmethod     ] Register NMethod: jdk.internal.access.SharedSecrets.getJavaLangAccess (0x00007cb632cbf708) [0x00007cb632cbf800, 0x00007cb632cbf8a8] Compiler: jvmci, Barriers: 1, Oops: 0, ImmediateOops: 1, NonImmediateOops: No
[1,962s][debug][gc,nmethod     ] Register NMethod: java.lang.invoke.SegmentVarHandle.offset (0x00007cb613744d08) [0x00007cb613744e00, 0x00007cb613745100] Compiler: c1, Barriers: 0, Oops: 0, ImmediateOops: 0, NonImmediateOops: No
[1,962s][debug][gc,nmethod     ] Register NMethod: jdk.internal.foreign.Utils$BaseAndScale.base (0x00007cb632cbfa08) [0x00007cb632cbfb00, 0x00007cb632cbfbc0] Compiler: c1, Barriers: 0, Oops: 0, ImmediateOops: 0, NonImmediateOops: No
[1,962s][debug][gc,nmethod     ] Register NMethod: jdk.internal.misc.Unsafe.checkNativeAddress (0x00007cb613744a08) [0x00007cb613744b00, 0x00007cb613744c10] Compiler: c1, Barriers: 0, Oops: 0, ImmediateOops: 0, NonImmediateOops: No
[1,962s][debug][gc,nmethod     ] Register NMethod: jdk.internal.foreign.AbstractMemorySegmentImpl.isAlignedForElement (0x00007cb6137cb188) [0x00007cb6137cb280, 0x00007cb6137cbc40] Compiler: c1, Barriers: 0, Oops: 0, ImmediateOops: 0, NonImmediateOops: No
[1,962s][debug][gc,nmethod     ] Register NMethod: jdk.internal.misc.Unsafe.pick (0x00007cb613744508) [0x00007cb613744600, 0x00007cb6137446f8] Compiler: c1, Barriers: 0, Oops: 0, ImmediateOops: 0, NonImmediateOops: No
[1,963s][debug][gc,nmethod     ] Register NMethod: java.lang.invoke.MethodHandle.linkToStatic (0x00007cb632cbfd08) [0x00007cb632cbfe00, 0x00007cb632cbfef0] Compiler: , Barriers: 0, Oops: 0, ImmediateOops: 0, NonImmediateOops: No
[1,964s][debug][gc,nmethod     ] Register NMethod: jdk.internal.classfile.impl.BufWriterImpl.writeU1U2U2 (0x00007cb632cc0008) [0x00007cb632cc0100, 0x00007cb632cc0690] Compiler: jvmci, Barriers: 4, Oops: 0, ImmediateOops: 0, NonImmediateOops: No
[1,964s][debug][gc,nmethod     ] Register NMethod: java.lang.invoke.MethodHandle.linkToSpecial (0x00007cb632cc0708) [0x00007cb632cc0800, 0x00007cb632cc08f8] Compiler: , Barriers: 0, Oops: 0, ImmediateOops: 0, NonImmediateOops: No
[1,965s][debug][gc,nmethod     ] Register NMethod: java.lang.invoke.MethodHandle.linkToSpecial (0x00007cb632cc0a08) [0x00007cb632cc0b00, 0x00007cb632cc0bf8] Compiler: , Barriers: 0, Oops: 0, ImmediateOops: 0, NonImmediateOops: No
[1,965s][debug][gc,nmethod     ] Register NMethod: java.lang.invoke.MethodHandle.invokeBasic (0x00007cb632cc0d08) [0x00007cb632cc0e00, 0x00007cb632cc1098] Compiler: , Barriers: 0, Oops: 0, ImmediateOops: 0, NonImmediateOops: No
[1,965s][debug][gc,nmethod     ] Register NMethod: java.lang.invoke.MethodHandle.linkToSpecial (0x00007cb632cc1108) [0x00007cb632cc1200, 0x00007cb632cc12f8] Compiler: , Barriers: 0, Oops: 0, ImmediateOops: 0, NonImmediateOops: No
[1,965s][debug][gc,nmethod     ] Register NMethod: java.lang.invoke.LambdaForm.methodType (0x00007cb6134c2688) [0x00007cb6134c2780, 0x00007cb6134c2f78] Compiler: c1, Barriers: 9, Oops: 0, ImmediateOops: 1, NonImmediateOops: No
[1,965s][debug][gc,nmethod     ] Register NMethod: java.lang.invoke.LambdaForm$Name.<init> (0x00007cb6134c3e88) [0x00007cb6134c3f80, 0x00007cb6134c5228] Compiler: c1, Barriers: 11, Oops: 0, ImmediateOops: 0, NonImmediateOops: No
[1,965s][debug][gc,nmethod     ] Register NMethod: java.lang.invoke.MethodHandle.linkToSpecial (0x00007cb632cc1408) [0x00007cb632cc1500, 0x00007cb632cc15f8] Compiler: , Barriers: 0, Oops: 0, ImmediateOops: 0, NonImmediateOops: No
[1,965s][debug][gc,nmethod     ] Register NMethod: java.lang.invoke.MethodHandle.linkToSpecial (0x00007cb632cc1708) [0x00007cb632cc1800, 0x00007cb632cc18f8] Compiler: , Barriers: 0, Oops: 0, ImmediateOops: 0, NonImmediateOops: No
[1,966s][debug][gc,nmethod     ] Register NMethod: java.lang.invoke.MethodHandle.invokeBasic (0x00007cb632cc1a08) [0x00007cb632cc1b00, 0x00007cb632cc1d98] Compiler: , Barriers: 0, Oops: 0, ImmediateOops: 0, NonImmediateOops: No
[1,966s][debug][gc,nmethod     ] Register NMethod: java.lang.invoke.MethodHandle.linkToSpecial (0x00007cb632cc1e08) [0x00007cb632cc1f00, 0x00007cb632cc1ff8] Compiler: , Barriers: 0, Oops: 0, ImmediateOops: 0, NonImmediateOops: No
[1,966s][debug][gc,director    ] Rule Major: Warmup 10%, Used: 286MB, UsedThreshold: 1228MB
[1,966s][debug][gc,nmethod     ] Register NMethod: java.nio.Buffer.session (0x00007cb613485208) [0x00007cb613485300, 0x00007cb613485708] Compiler: c1, Barriers: 1, Oops: 0, ImmediateOops: 0, NonImmediateOops: No
[1,966s][debug][gc,nmethod     ] Register NMethod: java.lang.invoke.VarHandleByteArrayAsInts$ArrayHandle.set (0x00007cb6134c1b08) [0x00007cb6134c1c00, 0x00007cb6134c23b0] Compiler: c1, Barriers: 0, Oops: 2, ImmediateOops: 2, NonImmediateOops: No
[1,967s][debug][gc,nmethod     ] Register NMethod: jdk.internal.classfile.impl.AbstractPoolEntry$AbstractRefsEntry.<init> (0x00007cb632cc2108) [0x00007cb632cc2200, 0x00007cb632cc24d8] Compiler: jvmci, Barriers: 9, Oops: 0, ImmediateOops: 0, NonImmediateOops: No
[1,976s][debug][gc,director    ] Rule Major: Warmup 10%, Used: 286MB, UsedThreshold: 1228MB
[1,978s][debug][gc,nmethod     ] Register NMethod: java.lang.invoke.MethodType.methodType (0x00007cb632cc2508) [0x00007cb632cc2600, 0x00007cb632cc33f0] Compiler: jvmci, Barriers: 25, Oops: 3, ImmediateOops: 9, NonImmediateOops: No
[1,978s][debug][gc,nmethod     ] Register NMethod: java.lang.invoke.MethodHandle.linkToStatic (0x00007cb632cc3488) [0x00007cb632cc3580, 0x00007cb632cc3670] Compiler: , Barriers: 0, Oops: 0, ImmediateOops: 0, NonImmediateOops: No
[1,978s][debug][gc,nmethod     ] Register NMethod: java.lang.invoke.MethodHandle.linkToStatic (0x00007cb632cc3788) [0x00007cb632cc3880, 0x00007cb632cc3970] Compiler: , Barriers: 0, Oops: 0, ImmediateOops: 0, NonImmediateOops: No
[1,980s][debug][gc,nmethod     ] Register NMethod: jdk.internal.misc.Unsafe.weakCompareAndSetLong (0x00007cb6137cae88) [0x00007cb6137caf80, 0x00007cb6137cb0a0] Compiler: c1, Barriers: 0, Oops: 0, ImmediateOops: 0, NonImmediateOops: No
[1,980s][debug][gc,nmethod     ] Register NMethod: ch.qos.logback.classic.Logger.getName (0x00007cb632cc3a88) [0x00007cb632cc3b80, 0x00007cb632cc3c68] Compiler: c1, Barriers: 1, Oops: 1, ImmediateOops: 0, NonImmediateOops: No
[1,983s][debug][gc,nmethod     ] Register NMethod: java.util.concurrent.locks.ReentrantLock.unlock (0x00007cb6134d2288) [0x00007cb6134d2380, 0x00007cb6134d2998] Compiler: c1, Barriers: 2, Oops: 0, ImmediateOops: 0, NonImmediateOops: No
[1,983s][debug][gc,nmethod     ] Register NMethod: java.util.concurrent.locks.ReentrantLock$NonfairSync.initialTryLock (0x00007cb6134d1488) [0x00007cb6134d1580, 0x00007cb6134d2270] Compiler: c1, Barriers: 5, Oops: 0, ImmediateOops: 1, NonImmediateOops: No
[1,984s][debug][gc,nmethod     ] Register NMethod: sun.nio.fs.UnixPath.isEmpty (0x00007cb6137caa88) [0x00007cb6137cab80, 0x00007cb6137cad08] Compiler: c1, Barriers: 1, Oops: 0, ImmediateOops: 0, NonImmediateOops: No
[1,985s][debug][gc,nmethod     ] Register NMethod: jdk.internal.misc.VM.isModuleSystemInited (0x00007cb6135e6e08) [0x00007cb6135e6f00, 0x00007cb6135e7040] Compiler: c1, Barriers: 0, Oops: 0, ImmediateOops: 1, NonImmediateOops: No
[1,985s][debug][gc,nmethod     ] Register NMethod: jdk.internal.classfile.impl.AbstractPoolEntry$AbstractRefsEntry.writeTo (0x00007cb632cc3d88) [0x00007cb632cc3e80, 0x00007cb632cc4600] Compiler: jvmci, Barriers: 6, Oops: 0, ImmediateOops: 0, NonImmediateOops: No
[1,985s][debug][gc,nmethod     ] Register NMethod: jdk.internal.misc.Unsafe.getAndAddLong (0x00007cb6135e6908) [0x00007cb6135e6a00, 0x00007cb6135e6df0] Compiler: c1, Barriers: 0, Oops: 0, ImmediateOops: 0, NonImmediateOops: No
[1,986s][debug][gc,director    ] Rule Major: Warmup 10%, Used: 288MB, UsedThreshold: 1228MB
[1,986s][debug][gc,nmethod     ] Register NMethod: jdk.internal.foreign.SegmentFactories.initNativeMemory (0x00007cb6135e6588) [0x00007cb6135e6680, 0x00007cb6135e68a0] Compiler: c1, Barriers: 0, Oops: 0, ImmediateOops: 0, NonImmediateOops: No
[1,987s][debug][gc,nmethod     ] Register NMethod: java.lang.invoke.MethodHandle.linkToStatic (0x00007cb632cc4608) [0x00007cb632cc4700, 0x00007cb632cc47f0] Compiler: , Barriers: 0, Oops: 0, ImmediateOops: 0, NonImmediateOops: No
[1,987s][debug][gc,nmethod     ] Register NMethod: java.lang.invoke.MethodHandleNatives.getCharType (0x00007cb6135e6188) [0x00007cb6135e6280, 0x00007cb6135e6578] Compiler: c1, Barriers: 0, Oops: 0, ImmediateOops: 0, NonImmediateOops: No
[1,987s][debug][gc,nmethod     ] Register NMethod: org.magicwerk.brownies.collections.GapList.size (0x00007cb632cc4908) [0x00007cb632cc4a00, 0x00007cb632cc4ac0] Compiler: c1, Barriers: 0, Oops: 1, ImmediateOops: 0, NonImmediateOops: No
[1,987s][debug][gc,nmethod     ] Register NMethod: java.lang.invoke.MethodHandle.linkToSpecial (0x00007cb632cc4c08) [0x00007cb632cc4d00, 0x00007cb632cc4df8] Compiler: , Barriers: 0, Oops: 0, ImmediateOops: 0, NonImmediateOops: No
[1,988s][debug][gc,nmethod     ] Register NMethod: java.util.BitSet.<init> (0x00007cb6137ba808) [0x00007cb6137ba900, 0x00007cb6137bb848] Compiler: c1, Barriers: 3, Oops: 1, ImmediateOops: 2, NonImmediateOops: No
[1,988s][debug][gc,nmethod     ] Register NMethod: java.lang.invoke.MethodHandle.linkToSpecial (0x00007cb632cc4f08) [0x00007cb632cc5000, 0x00007cb632cc50f8] Compiler: , Barriers: 0, Oops: 0, ImmediateOops: 0, NonImmediateOops: No
[1,988s][debug][gc,nmethod     ] Register NMethod: java.lang.invoke.MethodHandle.invokeBasic (0x00007cb632cc5208) [0x00007cb632cc5300, 0x00007cb632cc5598] Compiler: , Barriers: 0, Oops: 0, ImmediateOops: 0, NonImmediateOops: No
[1,988s][debug][gc,nmethod     ] Register NMethod: java.lang.invoke.MethodHandle.linkToSpecial (0x00007cb632cc5608) [0x00007cb632cc5700, 0x00007cb632cc57f8] Compiler: , Barriers: 0, Oops: 0, ImmediateOops: 0, NonImmediateOops: No
[1,988s][debug][gc,nmethod     ] Register NMethod: java.lang.invoke.MethodHandle.linkToSpecial (0x00007cb632cc5908) [0x00007cb632cc5a00, 0x00007cb632cc5af8] Compiler: , Barriers: 0, Oops: 0, ImmediateOops: 0, NonImmediateOops: No
[1,989s][debug][gc,nmethod     ] Register NMethod: jdk.internal.classfile.impl.Util.parameterSlots (0x00007cb632cc5c08) [0x00007cb632cc5d00, 0x00007cb632cc5ec8] Compiler: jvmci, Barriers: 2, Oops: 0, ImmediateOops: 2, NonImmediateOops: No
[1,989s][debug][gc,nmethod     ] Register NMethod: java.lang.invoke.MethodHandle.linkToSpecial (0x00007cb632cc5f08) [0x00007cb632cc6000, 0x00007cb632cc60f8] Compiler: , Barriers: 0, Oops: 0, ImmediateOops: 0, NonImmediateOops: No
[1,989s][debug][gc,nmethod     ] Register NMethod: java.lang.invoke.MethodHandle.invokeBasic (0x00007cb632cc6208) [0x00007cb632cc6300, 0x00007cb632cc6598] Compiler: , Barriers: 0, Oops: 0, ImmediateOops: 0, NonImmediateOops: No
[1,989s][debug][gc,nmethod     ] Register NMethod: java.lang.invoke.MethodHandle.linkToSpecial (0x00007cb632cc6608) [0x00007cb632cc6700, 0x00007cb632cc67f8] Compiler: , Barriers: 0, Oops: 0, ImmediateOops: 0, NonImmediateOops: No
[1,990s][debug][gc,nmethod     ] Register NMethod: java.lang.invoke.LambdaForm.compileToBytecode (0x00007cb61345cb88) [0x00007cb61345cc80, 0x00007cb61345d660] Compiler: c1, Barriers: 9, Oops: 1, ImmediateOops: 4, NonImmediateOops: No
[1,991s][debug][gc,nmethod     ] Register NMethod: java.lang.invoke.MethodHandle.linkToStatic (0x00007cb632cc6908) [0x00007cb632cc6a00, 0x00007cb632cc6af0] Compiler: , Barriers: 0, Oops: 0, ImmediateOops: 0, NonImmediateOops: No
[1,991s][debug][gc,nmethod     ] Register NMethod: java.lang.invoke.MemberName.getFactory (0x00007cb6135e5e88) [0x00007cb6135e5f80, 0x00007cb6135e6068] Compiler: c1, Barriers: 0, Oops: 0, ImmediateOops: 1, NonImmediateOops: No
[1,992s][debug][gc,nmethod     ] Register NMethod: java.lang.invoke.DirectMethodHandle$Holder.invokeStatic (0x00007cb6137ba188) [0x00007cb6137ba280, 0x00007cb6137ba648] Compiler: c1, Barriers: 1, Oops: 0, ImmediateOops: 0, NonImmediateOops: No
[1,992s][debug][gc,nmethod     ] Register NMethod: java.lang.Thread.isInterrupted (0x00007cb632cc6c08) [0x00007cb632cc6d00, 0x00007cb632cc6dc0] Compiler: c1, Barriers: 0, Oops: 0, ImmediateOops: 0, NonImmediateOops: No
[1,992s][debug][gc,nmethod     ] Register NMethod: java.lang.invoke.Invokers$Holder.linkToTargetMethod (0x00007cb61345c588) [0x00007cb61345c680, 0x00007cb61345cb78] Compiler: c1, Barriers: 0, Oops: 0, ImmediateOops: 0, NonImmediateOops: No
[1,992s][debug][gc,nmethod     ] Register NMethod: java.util.concurrent.ForkJoinPool.slotOffset (0x00007cb6135e5b08) [0x00007cb6135e5c00, 0x00007cb6135e5cf8] Compiler: c1, Barriers: 0, Oops: 0, ImmediateOops: 0, NonImmediateOops: No
[1,994s][debug][gc,nmethod     ] Register NMethod: jdk.internal.misc.Unsafe.getReference (0x00007cb632cc6f08) [0x00007cb632cc7000, 0x00007cb632cc7330] Compiler: , Barriers: 0, Oops: 0, ImmediateOops: 0, NonImmediateOops: No
[1,994s][debug][gc,nmethod     ] Register NMethod: java.lang.Thread.isVirtual (0x00007cb61345c108) [0x00007cb61345c200, 0x00007cb61345c508] Compiler: c1, Barriers: 0, Oops: 0, ImmediateOops: 0, NonImmediateOops: No
[1,994s][debug][gc,nmethod     ] Register NMethod: jdk.internal.misc.Unsafe.toUnsignedLong (0x00007cb61345bd08) [0x00007cb61345be00, 0x00007cb61345bef0] Compiler: c1, Barriers: 0, Oops: 0, ImmediateOops: 0, NonImmediateOops: No
[1,994s][debug][gc,nmethod     ] Register NMethod: jdk.internal.foreign.SegmentFactories.initNativeMemory (0x00007cb613535908) [0x00007cb613535a00, 0x00007cb613535ba0] Compiler: c1, Barriers: 0, Oops: 0, ImmediateOops: 0, NonImmediateOops: No
[1,996s][debug][gc,nmethod     ] Register NMethod: java.lang.invoke.MethodHandle.linkToSpecial (0x00007cb632cc7388) [0x00007cb632cc7480, 0x00007cb632cc7578] Compiler: , Barriers: 0, Oops: 0, ImmediateOops: 0, NonImmediateOops: No
[1,996s][debug][gc,nmethod     ] Register NMethod: java.lang.invoke.MethodHandle.invokeBasic (0x00007cb632cc7688) [0x00007cb632cc7780, 0x00007cb632cc7a18] Compiler: , Barriers: 0, Oops: 0, ImmediateOops: 0, NonImmediateOops: No
[1,996s][debug][gc,nmethod     ] Register NMethod: jdk.internal.misc.CDS.isLoggingLambdaFormInvokers (0x00007cb613535608) [0x00007cb613535700, 0x00007cb6135357f8] Compiler: c1, Barriers: 0, Oops: 0, ImmediateOops: 0, NonImmediateOops: No
[1,996s][debug][gc,director    ] Rule Major: Warmup 10%, Used: 290MB, UsedThreshold: 1228MB
[1,996s][debug][gc,nmethod     ] Register NMethod: java.lang.invoke.MethodHandle.linkToSpecial (0x00007cb632cc7a88) [0x00007cb632cc7b80, 0x00007cb632cc7c78] Compiler: , Barriers: 0, Oops: 0, ImmediateOops: 0, NonImmediateOops: No
[1,996s][debug][gc,nmethod     ] Register NMethod: java.lang.invoke.MethodHandle.invokeBasic (0x00007cb632cc7d88) [0x00007cb632cc7e80, 0x00007cb632cc8118] Compiler: , Barriers: 0, Oops: 0, ImmediateOops: 0, NonImmediateOops: No
[1,997s][debug][gc,nmethod     ] Register NMethod: jdk.internal.misc.ScopedMemoryAccess.copyMemoryInternal (0x00007cb613534888) [0x00007cb613534980, 0x00007cb6135355e0] Compiler: c1, Barriers: 4, Oops: 0, ImmediateOops: 5, NonImmediateOops: No
[1,997s][debug][gc,nmethod     ] Register NMethod: jdk.internal.misc.ScopedMemoryAccess.copyMemory (0x00007cb6135ea108) [0x00007cb6135ea200, 0x00007cb6135eb578] Compiler: c1, Barriers: 5, Oops: 0, ImmediateOops: 5, NonImmediateOops: No
[1,998s][debug][gc,nmethod     ] Register NMethod: java.lang.invoke.MethodHandle.invokeBasic (0x00007cb632cc8188) [0x00007cb632cc8280, 0x00007cb632cc8518] Compiler: , Barriers: 0, Oops: 0, ImmediateOops: 0, NonImmediateOops: No
[1,998s][debug][gc,nmethod     ] Register NMethod: java.lang.invoke.MethodHandle.linkToSpecial (0x00007cb632cc8588) [0x00007cb632cc8680, 0x00007cb632cc8778] Compiler: , Barriers: 0, Oops: 0, ImmediateOops: 0, NonImmediateOops: No
[1,999s][debug][gc,nmethod     ] Register NMethod: jdk.internal.constant.ArrayClassDescImpl.descriptorString (0x00007cb613832708) [0x00007cb613832800, 0x00007cb6138352e0] Compiler: c1, Barriers: 11, Oops: 0, ImmediateOops: 5, NonImmediateOops: No
[1,999s][debug][gc,nmethod     ] Register NMethod: jdk.internal.classfile.impl.DirectCodeBuilder.invokestatic (0x00007cb613a5c708) [0x00007cb613a5c800, 0x00007cb613a5d370] Compiler: c1, Barriers: 2, Oops: 0, ImmediateOops: 0, NonImmediateOops: No
[2,000s][debug][gc,nmethod     ] Register NMethod: java.lang.invoke.MethodHandle.invokeBasic (0x00007cb632cc8888) [0x00007cb632cc8980, 0x00007cb632cc8c18] Compiler: , Barriers: 0, Oops: 0, ImmediateOops: 0, NonImmediateOops: No
[2,000s][debug][gc,nmethod     ] Register NMethod: jdk.internal.misc.ScopedMemoryAccess.getIntUnalignedInternal (0x00007cb613a5d388) [0x00007cb613a5d480, 0x00007cb613a5dbf8] Compiler: c1, Barriers: 2, Oops: 0, ImmediateOops: 3, NonImmediateOops: No
[2,000s][debug][gc,nmethod     ] Register NMethod: jdk.internal.misc.ScopedMemoryAccess.getIntUnaligned (0x00007cb613a5dc08) [0x00007cb613a5dd00, 0x00007cb613a5eb68] Compiler: c1, Barriers: 3, Oops: 0, ImmediateOops: 3, NonImmediateOops: No
[2,001s][debug][gc,nmethod     ] Register NMethod: java.lang.invoke.VarHandleGuards.guard_LJ_I (0x00007cb613a5eb88) [0x00007cb613a5ec80, 0x00007cb613a61b40] Compiler: c1, Barriers: 28, Oops: 0, ImmediateOops: 2, NonImmediateOops: No
[2,001s][debug][gc,nmethod     ] Register NMethod: io.sirix.page.KeyValueLeafPage.isSlotSet (0x00007cb632cc8c88) [0x00007cb632cc8d80, 0x00007cb632cc8e98] Compiler: jvmci, Barriers: 1, Oops: 1, ImmediateOops: 0, NonImmediateOops: No
[2,001s][debug][gc,nmethod     ] Register NMethod: jdk.internal.util.Architecture.isLittleEndian (0x00007cb632cc8f88) [0x00007cb632cc9080, 0x00007cb632cc9120] Compiler: c1, Barriers: 0, Oops: 0, ImmediateOops: 0, NonImmediateOops: No
[2,002s][debug][gc,nmethod     ] Register NMethod: java.util.concurrent.ConcurrentHashMap$ReservationNode.<init> (0x00007cb613534488) [0x00007cb613534580, 0x00007cb613534848] Compiler: c1, Barriers: 6, Oops: 0, ImmediateOops: 0, NonImmediateOops: No
[2,002s][debug][gc,nmethod     ] Register NMethod: io.sirix.page.KeyValueLeafPage.getDeweyId (0x00007cb632cc9288) [0x00007cb632cc9380, 0x00007cb632cc94b8] Compiler: jvmci, Barriers: 1, Oops: 1, ImmediateOops: 0, NonImmediateOops: No
[2,002s][debug][gc,nmethod     ] Register NMethod: io.sirix.page.KeyValueLeafPage.alignOffset (0x00007cb613534188) [0x00007cb613534280, 0x00007cb613534368] Compiler: c1, Barriers: 0, Oops: 1, ImmediateOops: 0, NonImmediateOops: No
[2,002s][debug][gc,nmethod     ] Register NMethod: jdk.internal.foreign.Utils.isElementAligned (0x00007cb6135e9a08) [0x00007cb6135e9b00, 0x00007cb6135ea060] Compiler: c1, Barriers: 0, Oops: 0, ImmediateOops: 0, NonImmediateOops: No
[2,002s][debug][gc,nmethod     ] Register NMethod: jdk.internal.foreign.Utils.checkElementAlignment (0x00007cb613a61b88) [0x00007cb613a61c80, 0x00007cb613a62328] Compiler: c1, Barriers: 0, Oops: 0, ImmediateOops: 0, NonImmediateOops: No
[2,002s][debug][gc,nmethod     ] Register NMethod: io.sirix.page.KeyValueLeafPage.getSlot (0x00007cb613a62388) [0x00007cb613a62480, 0x00007cb613a78688] Compiler: c1, Barriers: 194, Oops: 13, ImmediateOops: 50, NonImmediateOops: No
[2,003s][debug][gc,nmethod     ] Register NMethod: io.sirix.page.PageReference.setPage (0x00007cb632cc9588) [0x00007cb632cc9680, 0x00007cb632cc97b0] Compiler: c1, Barriers: 3, Oops: 1, ImmediateOops: 0, NonImmediateOops: No
[2,003s][debug][gc,nmethod     ] Register NMethod: java.io.ByteArrayInputStream.read (0x00007cb613a78708) [0x00007cb613a78800, 0x00007cb613a78ee8] Compiler: c1, Barriers: 1, Oops: 0, ImmediateOops: 0, NonImmediateOops: No
[2,003s][debug][gc,nmethod     ] Register NMethod: com.github.benmanes.caffeine.cache.BoundedLocalCache.expiresVariable (0x00007cb632cc9888) [0x00007cb632cc9980, 0x00007cb632cc9a40] Compiler: c1, Barriers: 0, Oops: 1, ImmediateOops: 0, NonImmediateOops: No
[2,004s][debug][gc,nmethod     ] Register NMethod: java.util.BitSet.wordIndex (0x00007cb632cc9b88) [0x00007cb632cc9c80, 0x00007cb632cc9ce8] Compiler: jvmci, Barriers: 0, Oops: 0, ImmediateOops: 0, NonImmediateOops: No
[2,004s][debug][gc,nmethod     ] Register NMethod: jdk.internal.foreign.AbstractMemorySegmentImpl.get (0x00007cb613a78f08) [0x00007cb613a79000, 0x00007cb613a7c930] Compiler: c1, Barriers: 27, Oops: 5, ImmediateOops: 12, NonImmediateOops: No
[2,004s][debug][gc,nmethod     ] Register NMethod: java.util.Arrays.fill (0x00007cb632cc9e88) [0x00007cb632cc9f80, 0x00007cb632cca178] Compiler: jvmci, Barriers: 0, Oops: 0, ImmediateOops: 0, NonImmediateOops: No
[2,004s][debug][gc,nmethod     ] Register NMethod: com.github.benmanes.caffeine.cache.BoundedLocalCache$BoundedLocalManualCache.cache (0x00007cb632cca188) [0x00007cb632cca280, 0x00007cb632cca368] Compiler: c1, Barriers: 1, Oops: 1, ImmediateOops: 0, NonImmediateOops: No
[2,004s][debug][gc,nmethod     ] Register NMethod: java.lang.Thread.getAndClearInterrupt (0x00007cb613832408) [0x00007cb613832500, 0x00007cb613832680] Compiler: c1, Barriers: 0, Oops: 0, ImmediateOops: 0, NonImmediateOops: No
[2,004s][debug][gc,nmethod     ] Register NMethod: java.lang.Thread.interrupted (0x00007cb613a7c988) [0x00007cb613a7ca80, 0x00007cb613a7ce48] Compiler: c1, Barriers: 1, Oops: 0, ImmediateOops: 0, NonImmediateOops: No
[2,004s][debug][gc,nmethod     ] Register NMethod: java.lang.Long.bitCount (0x00007cb613832008) [0x00007cb613832100, 0x00007cb613832268] Compiler: c1, Barriers: 0, Oops: 0, ImmediateOops: 0, NonImmediateOops: No
[2,005s][debug][gc,nmethod     ] Register NMethod: io.sirix.access.trx.page.NodePageReadOnlyTrx.assertNotClosed (0x00007cb613a7ce88) [0x00007cb613a7cf80, 0x00007cb613a7d198] Compiler: c1, Barriers: 0, Oops: 1, ImmediateOops: 1, NonImmediateOops: No
[2,005s][debug][gc,nmethod     ] Register NMethod: java.lang.invoke.VarHandleSegmentAsInts.get (0x00007cb613a7d208) [0x00007cb613a7d300, 0x00007cb613a827a0] Compiler: c1, Barriers: 24, Oops: 2, ImmediateOops: 6, NonImmediateOops: No
[2,005s][debug][gc,nmethod     ] Register NMethod: jdk.internal.misc.Unsafe.getReferenceAcquire (0x00007cb632cca488) [0x00007cb632cca580, 0x00007cb632cca630] Compiler: jvmci, Barriers: 1, Oops: 0, ImmediateOops: 0, NonImmediateOops: No
[2,005s][debug][gc,nmethod     ] Register NMethod: jdk.internal.misc.ScopedMemoryAccess.getScopedMemoryAccess (0x00007cb613a82808) [0x00007cb613a82900, 0x00007cb613a829e8] Compiler: c1, Barriers: 0, Oops: 0, ImmediateOops: 1, NonImmediateOops: No
[2,006s][debug][gc,nmethod     ] Register NMethod: jdk.internal.misc.Unsafe.getAndAddInt (0x00007cb613a82b08) [0x00007cb613a82c00, 0x00007cb613a82fd8] Compiler: c1, Barriers: 0, Oops: 0, ImmediateOops: 0, NonImmediateOops: No
[2,006s][debug][gc,nmethod     ] Register NMethod: com.github.benmanes.caffeine.cache.BoundedLocalCache.expiresAfterWrite (0x00007cb632cca788) [0x00007cb632cca880, 0x00007cb632cca940] Compiler: c1, Barriers: 0, Oops: 1, ImmediateOops: 0, NonImmediateOops: No
[2,006s][debug][gc,director    ] Rule Major: Warmup 10%, Used: 290MB, UsedThreshold: 1228MB
[2,006s][debug][gc,nmethod     ] Register NMethod: jdk.internal.misc.Unsafe.convEndian (0x00007cb613a83008) [0x00007cb613a83100, 0x00007cb613a83258] Compiler: c1, Barriers: 0, Oops: 0, ImmediateOops: 0, NonImmediateOops: No
[2,006s][debug][gc,nmethod     ] Register NMethod: com.github.benmanes.caffeine.cache.DisabledTicker.read (0x00007cb632ccaa88) [0x00007cb632ccab80, 0x00007cb632ccac40] Compiler: c1, Barriers: 0, Oops: 1, ImmediateOops: 0, NonImmediateOops: No
[2,007s][debug][gc,nmethod     ] Register NMethod: jdk.internal.foreign.AbstractMemorySegmentImpl.asSliceNoCheck (0x00007cb632ccad88) [0x00007cb632ccae80, 0x00007cb632ccb030] Compiler: jvmci, Barriers: 3, Oops: 0, ImmediateOops: 0, NonImmediateOops: No
[2,007s][debug][gc,nmethod     ] Register NMethod: java.util.concurrent.atomic.AtomicLong.incrementAndGet (0x00007cb613a83308) [0x00007cb613a83400, 0x00007cb613a83518] Compiler: c1, Barriers: 0, Oops: 0, ImmediateOops: 0, NonImmediateOops: No
[2,007s][debug][gc,nmethod     ] Register NMethod: jdk.internal.misc.Unsafe.putIntVolatile (0x00007cb632ccb088) [0x00007cb632ccb180, 0x00007cb632ccb2d8] Compiler: , Barriers: 0, Oops: 0, ImmediateOops: 0, NonImmediateOops: No
[2,008s][debug][gc,nmethod     ] Register NMethod: jdk.internal.foreign.Utils$BaseAndScale.of (0x00007cb613a83608) [0x00007cb613a83700, 0x00007cb613a84d18] Compiler: c1, Barriers: 1, Oops: 2, ImmediateOops: 10, NonImmediateOops: No
[2,008s][debug][gc,nmethod     ] Register NMethod: java.util.concurrent.locks.AbstractQueuedSynchronizer.signalNext (0x00007cb613a84d88) [0x00007cb613a84e80, 0x00007cb613a860f8] Compiler: c1, Barriers: 2, Oops: 0, ImmediateOops: 2, NonImmediateOops: No
[2,008s][debug][gc,nmethod     ] Register NMethod: java.util.concurrent.ForkJoinPool.slotOffset (0x00007cb632ccb388) [0x00007cb632ccb480, 0x00007cb632ccb4f0] Compiler: jvmci, Barriers: 0, Oops: 0, ImmediateOops: 0, NonImmediateOops: No
[2,009s][debug][gc,nmethod     ] Register NMethod: jdk.internal.foreign.NativeMemorySegmentImpl.<init> (0x00007cb632ccb688) [0x00007cb632ccb7a0, 0x00007cb632ccb8a0] Compiler: jvmci, Barriers: 3, Oops: 0, ImmediateOops: 0, NonImmediateOops: No
[2,010s][debug][gc,nmethod     ] Register NMethod: java.util.Arrays.fill (0x00007cb632ccb988) [0x00007cb632ccba80, 0x00007cb632ccbc30] Compiler: jvmci, Barriers: 0, Oops: 0, ImmediateOops: 0, NonImmediateOops: No
[2,011s][debug][gc,nmethod     ] Register NMethod: io.sirix.page.KeyValueLeafPage.getSlot (0x00007cb632ccbc88) [0x00007cb632ccbd80, 0x00007cb632ccc420] Compiler: jvmci, Barriers: 9, Oops: 4, ImmediateOops: 0, NonImmediateOops: No
[2,016s][debug][gc,director    ] Rule Major: Warmup 10%, Used: 292MB, UsedThreshold: 1228MB
[2,019s][debug][gc,nmethod     ] Register NMethod: java.lang.ref.Cleaner$1.apply (0x00007cb632ccc488) [0x00007cb632ccc580, 0x00007cb632ccc6c0] Compiler: jvmci, Barriers: 1, Oops: 0, ImmediateOops: 0, NonImmediateOops: No
[2,019s][debug][gc,nmethod     ] Register NMethod: io.sirix.settings.Fixed.getStandardProperty (0x00007cb632ccc788) [0x00007cb632ccc880, 0x00007cb632ccc940] Compiler: c1, Barriers: 0, Oops: 1, ImmediateOops: 0, NonImmediateOops: No
[2,020s][debug][gc,nmethod     ] Register NMethod: jdk.internal.foreign.NativeMemorySegmentImpl.address (0x00007cb632ccca88) [0x00007cb632cccb80, 0x00007cb632cccc40] Compiler: c1, Barriers: 0, Oops: 0, ImmediateOops: 0, NonImmediateOops: No
[2,020s][debug][gc,nmethod     ] Register NMethod: jdk.internal.util.ReferencedKeyMap.getNoCheckStale (0x00007cb632cccd88) [0x00007cb632ccce80, 0x00007cb632cce3b8] Compiler: jvmci, Barriers: 36, Oops: 1, ImmediateOops: 1, NonImmediateOops: No
[2,021s][debug][gc,nmethod     ] Register NMethod: java.lang.invoke.MethodHandle.invokeBasic (0x00007cb632cce408) [0x00007cb632cce500, 0x00007cb632cce798] Compiler: , Barriers: 0, Oops: 0, ImmediateOops: 0, NonImmediateOops: No
[2,021s][debug][gc,nmethod     ] Register NMethod: sun.invoke.util.VerifyAccess.isModuleAccessible (0x00007cb613a86108) [0x00007cb613a86200, 0x00007cb613a87e38] Compiler: c1, Barriers: 2, Oops: 0, ImmediateOops: 0, NonImmediateOops: No
[2,021s][debug][gc,nmethod     ] Register NMethod: java.lang.invoke.VarHandleGuards.guard_L_I (0x00007cb613a87e88) [0x00007cb613a87f80, 0x00007cb613a8ae20] Compiler: c1, Barriers: 28, Oops: 0, ImmediateOops: 2, NonImmediateOops: No
[2,021s][debug][gc,nmethod     ] Register NMethod: io.sirix.page.RevisionRootPage.delegate (0x00007cb632cce808) [0x00007cb632cce900, 0x00007cb632cce9e8] Compiler: c1, Barriers: 1, Oops: 1, ImmediateOops: 0, NonImmediateOops: No
[2,022s][debug][gc,nmethod     ] Register NMethod: jdk.internal.misc.ScopedMemoryAccess.putIntUnalignedInternal (0x00007cb613a8ae88) [0x00007cb613a8af80, 0x00007cb613a8b708] Compiler: c1, Barriers: 2, Oops: 0, ImmediateOops: 3, NonImmediateOops: No
[2,022s][debug][gc,nmethod     ] Register NMethod: jdk.internal.misc.ScopedMemoryAccess.putIntUnaligned (0x00007cb613a8b788) [0x00007cb613a8b880, 0x00007cb613a8c708] Compiler: c1, Barriers: 3, Oops: 0, ImmediateOops: 3, NonImmediateOops: No
[2,023s][debug][gc,nmethod     ] Register NMethod: jdk.internal.foreign.layout.AbstractLayout.name (0x00007cb632cceb08) [0x00007cb632ccec00, 0x00007cb632ccece8] Compiler: c1, Barriers: 1, Oops: 0, ImmediateOops: 0, NonImmediateOops: No
[2,023s][debug][gc,nmethod     ] Register NMethod: jdk.internal.foreign.layout.AbstractGroupLayout.memberLayouts (0x00007cb632ccee08) [0x00007cb632ccef00, 0x00007cb632ccefe8] Compiler: c1, Barriers: 1, Oops: 0, ImmediateOops: 0, NonImmediateOops: No
[2,023s][debug][gc,nmethod     ] Register NMethod: jdk.internal.misc.Unsafe.getIntOpaque (0x00007cb613a8c788) [0x00007cb613a8c880, 0x00007cb613a8c980] Compiler: c1, Barriers: 0, Oops: 0, ImmediateOops: 0, NonImmediateOops: No
[2,023s][debug][gc,nmethod     ] Register NMethod: java.lang.System.currentTimeMillis (0x00007cb632ccf108) [0x00007cb632ccf200, 0x00007cb632ccf358] Compiler: , Barriers: 0, Oops: 0, ImmediateOops: 1, NonImmediateOops: No
[2,023s][debug][gc,nmethod     ] Register NMethod: com.github.benmanes.caffeine.cache.BLCHeader$DrainStatusRef.drainStatusOpaque (0x00007cb613a8ca88) [0x00007cb613a8cb80, 0x00007cb613a8d9c0] Compiler: c1, Barriers: 0, Oops: 6, ImmediateOops: 6, NonImmediateOops: No
[2,023s][debug][gc,nmethod     ] Register NMethod: java.lang.invoke.VarHandleInts$FieldInstanceReadOnly.getOpaque (0x00007cb613a8da08) [0x00007cb613a8db00, 0x00007cb613a8e710] Compiler: c1, Barriers: 1, Oops: 1, ImmediateOops: 1, NonImmediateOops: No
[2,025s][debug][gc,nmethod     ] Register NMethod: io.sirix.page.RevisionRootPage.getRevision (0x00007cb632ccf408) [0x00007cb632ccf500, 0x00007cb632ccf5c0] Compiler: c1, Barriers: 0, Oops: 1, ImmediateOops: 0, NonImmediateOops: No
[2,026s][debug][gc,director    ] Rule Major: Warmup 10%, Used: 292MB, UsedThreshold: 1228MB
[2,029s][debug][gc,nmethod     ] Register NMethod: java.util.BitSet.recalculateWordsInUse (0x00007cb613a8e788) [0x00007cb613a8e880, 0x00007cb613a8eac0] Compiler: c1, Barriers: 1, Oops: 0, ImmediateOops: 0, NonImmediateOops: No
[2,029s][debug][gc,nmethod     ] Register NMethod: java.lang.Class.componentType (0x00007cb613a8eb08) [0x00007cb613a8ec00, 0x00007cb613a8ef00] Compiler: c1, Barriers: 1, Oops: 0, ImmediateOops: 0, NonImmediateOops: No
[2,029s][debug][gc,nmethod     ] Register NMethod: io.sirix.page.PageReference.getPage (0x00007cb632ccf708) [0x00007cb632ccf800, 0x00007cb632ccf8e8] Compiler: c1, Barriers: 1, Oops: 1, ImmediateOops: 0, NonImmediateOops: No
[2,029s][debug][gc,nmethod     ] Register NMethod: jdk.internal.misc.Unsafe.getBooleanVolatile (0x00007cb632ccfa08) [0x00007cb632ccfb00, 0x00007cb632ccfc70] Compiler: , Barriers: 0, Oops: 0, ImmediateOops: 0, NonImmediateOops: No
[2,029s][debug][gc,nmethod     ] Register NMethod: jdk.internal.misc.Unsafe.pick (0x00007cb613a8ef08) [0x00007cb613a8f000, 0x00007cb613a8f0f0] Compiler: c1, Barriers: 0, Oops: 0, ImmediateOops: 0, NonImmediateOops: No
[2,029s][debug][gc,nmethod     ] Register NMethod: jdk.internal.misc.Unsafe.getLongUnaligned (0x00007cb613a8f208) [0x00007cb613a8f300, 0x00007cb613a8f4e0] Compiler: c1, Barriers: 0, Oops: 0, ImmediateOops: 0, NonImmediateOops: No
[2,029s][debug][gc,nmethod     ] Register NMethod: io.sirix.page.KeyValueLeafPage.isClosed (0x00007cb632ccfd08) [0x00007cb632ccfe00, 0x00007cb632ccfec0] Compiler: c1, Barriers: 0, Oops: 1, ImmediateOops: 0, NonImmediateOops: No
[2,030s][debug][gc,nmethod     ] Register NMethod: jdk.internal.misc.ScopedMemoryAccess.getLongUnalignedInternal (0x00007cb613a8f508) [0x00007cb613a8f600, 0x00007cb613a8fd78] Compiler: c1, Barriers: 2, Oops: 0, ImmediateOops: 3, NonImmediateOops: No
[2,030s][debug][gc,nmethod     ] Register NMethod: jdk.internal.misc.ScopedMemoryAccess.getLongUnaligned (0x00007cb613a8fd88) [0x00007cb613a8fe80, 0x00007cb613a90ce8] Compiler: c1, Barriers: 3, Oops: 0, ImmediateOops: 3, NonImmediateOops: No
[2,030s][debug][gc,nmethod     ] Register NMethod: io.sirix.cache.PageContainer.getModified (0x00007cb632cd0008) [0x00007cb632cd0100, 0x00007cb632cd01e8] Compiler: c1, Barriers: 1, Oops: 1, ImmediateOops: 0, NonImmediateOops: No
[2,030s][debug][gc,nmethod     ] Register NMethod: jdk.internal.misc.Unsafe.putLongUnaligned (0x00007cb613a90d08) [0x00007cb613a90e00, 0x00007cb613a91008] Compiler: c1, Barriers: 0, Oops: 0, ImmediateOops: 0, NonImmediateOops: No
[2,031s][debug][gc,nmethod     ] Register NMethod: jdk.internal.misc.ScopedMemoryAccess.putLongUnalignedInternal (0x00007cb613a91088) [0x00007cb613a91180, 0x00007cb613a91908] Compiler: c1, Barriers: 2, Oops: 0, ImmediateOops: 3, NonImmediateOops: No
[2,031s][debug][gc,nmethod     ] Register NMethod: jdk.internal.misc.ScopedMemoryAccess.putLongUnaligned (0x00007cb613a91988) [0x00007cb613a91a80, 0x00007cb613a92908] Compiler: c1, Barriers: 3, Oops: 0, ImmediateOops: 3, NonImmediateOops: No
[2,031s][debug][gc,nmethod     ] Register NMethod: java.util.LinkedHashMap.afterNodeAccess (0x00007cb613a92988) [0x00007cb613a92a80, 0x00007cb613a93b30] Compiler: c1, Barriers: 54, Oops: 0, ImmediateOops: 0, NonImmediateOops: No
[2,031s][debug][gc,nmethod     ] Register NMethod: java.lang.invoke.MethodType.equals (0x00007cb613a93b88) [0x00007cb613a93c80, 0x00007cb613a93f10] Compiler: c1, Barriers: 4, Oops: 0, ImmediateOops: 0, NonImmediateOops: No
[2,031s][debug][gc,nmethod     ] Register NMethod: java.lang.invoke.VarHandleSegmentAsInts.set (0x00007cb613a93f88) [0x00007cb613a94080, 0x00007cb613a993d8] Compiler: c1, Barriers: 24, Oops: 2, ImmediateOops: 7, NonImmediateOops: No
[2,032s][debug][gc,nmethod     ] Register NMethod: java.lang.invoke.MethodHandle.invokeBasic (0x00007cb632cd0308) [0x00007cb632cd0400, 0x00007cb632cd0698] Compiler: , Barriers: 0, Oops: 0, ImmediateOops: 0, NonImmediateOops: No
[2,032s][debug][gc,nmethod     ] Register NMethod: io.sirix.node.delegates.NodeDelegate.getNodeKey (0x00007cb632cd0708) [0x00007cb632cd0800, 0x00007cb632cd08c0] Compiler: c1, Barriers: 0, Oops: 1, ImmediateOops: 0, NonImmediateOops: No
[2,032s][debug][gc,nmethod     ] Register NMethod: io.sirix.access.trx.node.AbstractNodeReadOnlyTrx.assertNotClosed (0x00007cb613a99408) [0x00007cb613a99500, 0x00007cb613a99708] Compiler: c1, Barriers: 0, Oops: 1, ImmediateOops: 1, NonImmediateOops: No
[2,032s][debug][gc,nmethod     ] Register NMethod: java.lang.invoke.VarHandleGuards.guard_LJ_J (0x00007cb613a99788) [0x00007cb613a99880, 0x00007cb613a9c740] Compiler: c1, Barriers: 28, Oops: 0, ImmediateOops: 2, NonImmediateOops: No
[2,032s][debug][gc,nmethod     ] Register NMethod: java.lang.invoke.VarHandleSegmentAsLongs.get (0x00007cb613a9c788) [0x00007cb613a9c880, 0x00007cb613aa1d20] Compiler: c1, Barriers: 24, Oops: 2, ImmediateOops: 6, NonImmediateOops: No
[2,033s][debug][gc,nmethod     ] Register NMethod: java.lang.invoke.VarHandleSegmentAsLongs.get (0x00007cb613aa1d88) [0x00007cb613aa1e80, 0x00007cb613aa70a8] Compiler: c1, Barriers: 24, Oops: 2, ImmediateOops: 6, NonImmediateOops: No
[2,033s][debug][gc,nmethod     ] Register NMethod: io.sirix.node.xml.ElementNode.getNodeKey (0x00007cb632cd0a08) [0x00007cb632cd0b00, 0x00007cb632cd0bc0] Compiler: c1, Barriers: 0, Oops: 1, ImmediateOops: 0, NonImmediateOops: No
[2,033s][debug][gc,nmethod     ] Register NMethod: io.sirix.access.trx.node.AbstractNodeReadOnlyTrx.getCurrentNode (0x00007cb632cd0d08) [0x00007cb632cd0e00, 0x00007cb632cd0ee8] Compiler: c1, Barriers: 1, Oops: 1, ImmediateOops: 0, NonImmediateOops: No
[2,033s][debug][gc,nmethod     ] Register NMethod: io.sirix.cache.PageContainer.getComplete (0x00007cb632cd1008) [0x00007cb632cd1100, 0x00007cb632cd11e8] Compiler: c1, Barriers: 1, Oops: 1, ImmediateOops: 0, NonImmediateOops: No
[2,033s][debug][gc,nmethod     ] Register NMethod: java.lang.invoke.MethodHandle.invokeBasic (0x00007cb632cd1308) [0x00007cb632cd1400, 0x00007cb632cd1698] Compiler: , Barriers: 0, Oops: 0, ImmediateOops: 0, NonImmediateOops: No
[2,033s][debug][gc,nmethod     ] Register NMethod: java.lang.invoke.VarHandleSegmentAsInts.set (0x00007cb613aa7108) [0x00007cb613aa7200, 0x00007cb613aac7d0] Compiler: c1, Barriers: 24, Oops: 2, ImmediateOops: 7, NonImmediateOops: No
[2,033s][debug][gc,nmethod     ] Register NMethod: sun.misc.Unsafe.beforeMemoryAccess (0x00007cb613aac808) [0x00007cb613aac900, 0x00007cb613aacb08] Compiler: c1, Barriers: 0, Oops: 0, ImmediateOops: 1, NonImmediateOops: No
[2,033s][debug][gc,nmethod     ] Register NMethod: sun.misc.Unsafe.isMemoryAccessWarned (0x00007cb613aacb88) [0x00007cb613aacc80, 0x00007cb613aacd80] Compiler: c1, Barriers: 0, Oops: 0, ImmediateOops: 1, NonImmediateOops: No
[2,033s][debug][gc,nmethod     ] Register NMethod: net.openhft.hashing.Access.i64 (0x00007cb613aace88) [0x00007cb613aacf80, 0x00007cb613aad280] Compiler: c1, Barriers: 0, Oops: 1, ImmediateOops: 0, NonImmediateOops: No
[2,033s][debug][gc,nmethod     ] Register NMethod: net.openhft.hashing.UnsafeAccess.getLong (0x00007cb613aad308) [0x00007cb613aad400, 0x00007cb613aad8a0] Compiler: c1, Barriers: 0, Oops: 1, ImmediateOops: 2, NonImmediateOops: No
[2,034s][debug][gc,nmethod     ] Register NMethod: java.lang.Math.max (0x00007cb632cd1708) [0x00007cb632cd1800, 0x00007cb632cd1870] Compiler: jvmci, Barriers: 0, Oops: 0, ImmediateOops: 0, NonImmediateOops: No
[2,034s][debug][gc,nmethod     ] Register NMethod: jdk.internal.foreign.AbstractMemorySegmentImpl.set (0x00007cb613aad908) [0x00007cb613aada00, 0x00007cb613ab2f80] Compiler: c1, Barriers: 42, Oops: 6, ImmediateOops: 18, NonImmediateOops: No
[2,034s][debug][gc,nmethod     ] Register NMethod: java.lang.invoke.VarHandleGuards.guard_LJJ_V (0x00007cb613ab3008) [0x00007cb613ab3100, 0x00007cb613ab7cd0] Compiler: c1, Barriers: 46, Oops: 1, ImmediateOops: 6, NonImmediateOops: No
[2,034s][debug][gc,nmethod     ] Register NMethod: java.lang.invoke.VarHandleSegmentAsLongs.set (0x00007cb613ab7d08) [0x00007cb613ab7e00, 0x00007cb613abd158] Compiler: c1, Barriers: 24, Oops: 2, ImmediateOops: 7, NonImmediateOops: No
[2,034s][debug][gc,nmethod     ] Register NMethod: io.sirix.api.PageReadOnlyTrx.recordPageOffset (0x00007cb613abd188) [0x00007cb613abd280, 0x00007cb613abd378] Compiler: c1, Barriers: 0, Oops: 1, ImmediateOops: 0, NonImmediateOops: No
[2,034s][debug][gc,nmethod     ] Register NMethod: sun.misc.Unsafe.getLong (0x00007cb613abd488) [0x00007cb613abd580, 0x00007cb613abd7f8] Compiler: c1, Barriers: 0, Oops: 0, ImmediateOops: 1, NonImmediateOops: No
[2,034s][debug][gc,nmethod     ] Register NMethod: java.lang.invoke.VarHandleSegmentAsLongs.set (0x00007cb613abd808) [0x00007cb613abd900, 0x00007cb613ac2ed0] Compiler: c1, Barriers: 24, Oops: 2, ImmediateOops: 7, NonImmediateOops: No
[2,034s][debug][gc,nmethod     ] Register NMethod: io.sirix.access.trx.page.NodePageReadOnlyTrx.pageKey (0x00007cb613ac2f08) [0x00007cb613ac3000, 0x00007cb613ac3780] Compiler: c1, Barriers: 0, Oops: 1, ImmediateOops: 2, NonImmediateOops: No
[2,034s][debug][gc,nmethod     ] Register NMethod: io.sirix.page.KeyValueLeafPage.getRecord (0x00007cb613ac3808) [0x00007cb613ac3900, 0x00007cb613ac3a90] Compiler: c1, Barriers: 2, Oops: 1, ImmediateOops: 0, NonImmediateOops: No
[2,034s][debug][gc,nmethod     ] Register NMethod: io.sirix.index.path.summary.PathNode.delegate (0x00007cb632cd1a08) [0x00007cb632cd1b00, 0x00007cb632cd1be8] Compiler: c1, Barriers: 1, Oops: 1, ImmediateOops: 0, NonImmediateOops: No
[2,034s][debug][gc,nmethod     ] Register NMethod: io.sirix.access.trx.page.NodePageTrx.getMostRecentPageContainer (0x00007cb613ac3b08) [0x00007cb613ac3c00, 0x00007cb613ac4230] Compiler: c1, Barriers: 9, Oops: 1, ImmediateOops: 1, NonImmediateOops: No
[2,034s][debug][gc,nmethod     ] Register NMethod: io.sirix.index.path.summary.PathSummaryReader.assertNotClosed (0x00007cb613ac4288) [0x00007cb613ac4380, 0x00007cb613ac4588] Compiler: c1, Barriers: 0, Oops: 1, ImmediateOops: 1, NonImmediateOops: No
[2,034s][debug][gc,nmethod     ] Register NMethod: java.util.concurrent.locks.ReentrantLock$Sync.lock (0x00007cb613ac4608) [0x00007cb613ac4700, 0x00007cb613ac4c78] Compiler: c1, Barriers: 0, Oops: 0, ImmediateOops: 0, NonImmediateOops: No
[2,034s][debug][gc,nmethod     ] Register NMethod: java.util.concurrent.locks.ReentrantLock.lock (0x00007cb613ac4c88) [0x00007cb613ac4d80, 0x00007cb613ac5550] Compiler: c1, Barriers: 1, Oops: 0, ImmediateOops: 0, NonImmediateOops: No
[2,034s][debug][gc,nmethod     ] Register NMethod: io.sirix.node.MemorySegmentBytesOut.writeLong (0x00007cb613ac5588) [0x00007cb613ac5680, 0x00007cb613ac5818] Compiler: c1, Barriers: 1, Oops: 1, ImmediateOops: 0, NonImmediateOops: No
[2,034s][debug][gc,nmethod     ] Register NMethod: io.sirix.access.trx.page.NodePageTrx.delegate (0x00007cb632cd1d08) [0x00007cb632cd1e00, 0x00007cb632cd1ee8] Compiler: c1, Barriers: 1, Oops: 1, ImmediateOops: 0, NonImmediateOops: No
[2,034s][debug][gc,nmethod     ] Register NMethod: io.sirix.node.AbstractForwardingNode.getNodeKey (0x00007cb613ac5888) [0x00007cb613ac5980, 0x00007cb613ac5cb0] Compiler: c1, Barriers: 0, Oops: 1, ImmediateOops: 0, NonImmediateOops: No
[2,034s][debug][gc,nmethod     ] Register NMethod: io.sirix.node.xml.XmlDocumentRootNode.delegate (0x00007cb632cd2008) [0x00007cb632cd2100, 0x00007cb632cd21e8] Compiler: c1, Barriers: 1, Oops: 1, ImmediateOops: 0, NonImmediateOops: No
[2,035s][debug][gc,nmethod     ] Register NMethod: io.sirix.access.trx.node.AbstractNodeReadOnlyTrx.setCurrentNode (0x00007cb613ac5d08) [0x00007cb613ac5e00, 0x00007cb613ac62a0] Compiler: c1, Barriers: 3, Oops: 1, ImmediateOops: 1, NonImmediateOops: No
[2,035s][debug][gc,nmethod     ] Register NMethod: io.sirix.node.xml.TextNode.getNodeKey (0x00007cb632cd2308) [0x00007cb632cd2400, 0x00007cb632cd24c0] Compiler: c1, Barriers: 0, Oops: 1, ImmediateOops: 0, NonImmediateOops: No
[2,035s][debug][gc,nmethod     ] Register NMethod: io.sirix.access.trx.page.NodePageReadOnlyTrx.getValue (0x00007cb613ac6308) [0x00007cb613ac6400, 0x00007cb613ac7f60] Compiler: c1, Barriers: 6, Oops: 1, ImmediateOops: 1, NonImmediateOops: No
[2,035s][debug][gc,nmethod     ] Register NMethod: com.google.common.base.Preconditions.checkArgument (0x00007cb613ac7f88) [0x00007cb613ac8080, 0x00007cb613ac8500] Compiler: c1, Barriers: 0, Oops: 1, ImmediateOops: 1, NonImmediateOops: No
[2,035s][debug][gc,nmethod     ] Register NMethod: io.sirix.cache.PageContainer.getModifiedAsUnorderedKeyValuePage (0x00007cb613ac8588) [0x00007cb613ac8680, 0x00007cb613ac89b8] Compiler: c1, Barriers: 1, Oops: 1, ImmediateOops: 0, NonImmediateOops: No
[2,035s][debug][gc,nmethod     ] Register NMethod: io.sirix.node.MemorySegmentBytesOut.writeInt (0x00007cb613ac8a08) [0x00007cb613ac8b00, 0x00007cb613ac8c98] Compiler: c1, Barriers: 1, Oops: 1, ImmediateOops: 0, NonImmediateOops: No
[2,035s][debug][gc,nmethod     ] Register NMethod: it.unimi.dsi.fastutil.HashCommon.mix (0x00007cb613ac8d08) [0x00007cb613ac8e00, 0x00007cb613ac8ef0] Compiler: c1, Barriers: 0, Oops: 1, ImmediateOops: 0, NonImmediateOops: No
[2,035s][debug][gc,nmethod     ] Register NMethod: io.sirix.node.xml.ElementNode.getKind (0x00007cb613ac9008) [0x00007cb613ac9100, 0x00007cb613ac9208] Compiler: c1, Barriers: 0, Oops: 1, ImmediateOops: 1, NonImmediateOops: No
[2,035s][debug][gc,nmethod     ] Register NMethod: io.sirix.node.GrowingMemorySegment.writeLong (0x00007cb613ac9308) [0x00007cb613ac9400, 0x00007cb613acd230] Compiler: c1, Barriers: 5, Oops: 6, ImmediateOops: 11, NonImmediateOops: No
[2,035s][debug][gc,nmethod     ] Register NMethod: jdk.internal.misc.ScopedMemoryAccess.putByteInternal (0x00007cb613acd288) [0x00007cb613acd380, 0x00007cb613acd8f8] Compiler: c1, Barriers: 2, Oops: 0, ImmediateOops: 2, NonImmediateOops: No
[2,035s][debug][gc,nmethod     ] Register NMethod: com.sun.org.apache.xerces.internal.util.XMLChar.isContent (0x00007cb613acd908) [0x00007cb613acda00, 0x00007cb613acdbe8] Compiler: c1, Barriers: 0, Oops: 0, ImmediateOops: 1, NonImmediateOops: No
[2,035s][debug][gc,nmethod     ] Register NMethod: io.sirix.access.trx.page.NodePageTrx.prepareRecordPage (0x00007cb613acdc08) [0x00007cb613acdd00, 0x00007cb613ad02a8] Compiler: c1, Barriers: 38, Oops: 4, ImmediateOops: 3, NonImmediateOops: No
[2,035s][debug][gc,nmethod     ] Register NMethod: jdk.internal.misc.ScopedMemoryAccess.putByte (0x00007cb613ad0308) [0x00007cb613ad0400, 0x00007cb613ad1078] Compiler: c1, Barriers: 3, Oops: 0, ImmediateOops: 2, NonImmediateOops: No
[2,036s][debug][gc,nmethod     ] Register NMethod: io.sirix.access.trx.node.xml.XmlNodeTrxImpl.nodeReadOnlyTrxDelegate (0x00007cb613ad1088) [0x00007cb613ad1180, 0x00007cb613ad14d0] Compiler: c1, Barriers: 1, Oops: 1, ImmediateOops: 0, NonImmediateOops: No
[2,036s][debug][gc,nmethod     ] Register NMethod: io.sirix.access.ResourceConfiguration.storeChildCount (0x00007cb632cd2608) [0x00007cb632cd2700, 0x00007cb632cd27c0] Compiler: c1, Barriers: 0, Oops: 1, ImmediateOops: 0, NonImmediateOops: No
[2,036s][debug][gc,nmethod     ] Register NMethod: jdk.internal.foreign.AbstractMemorySegmentImpl.set (0x00007cb613ad1508) [0x00007cb613ad1600, 0x00007cb613ad6b80] Compiler: c1, Barriers: 42, Oops: 6, ImmediateOops: 18, NonImmediateOops: No
[2,036s][debug][gc,nmethod     ] Register NMethod: io.sirix.node.GrowingMemorySegment.writeInt (0x00007cb613ad6c08) [0x00007cb613ad6d00, 0x00007cb613adab40] Compiler: c1, Barriers: 5, Oops: 6, ImmediateOops: 11, NonImmediateOops: No
[2,036s][debug][gc,nmethod     ] Register NMethod: com.google.common.base.Preconditions.checkArgument (0x00007cb613adab88) [0x00007cb613adac80, 0x00007cb613adae50] Compiler: c1, Barriers: 0, Oops: 1, ImmediateOops: 0, NonImmediateOops: No
[2,036s][debug][gc,nmethod     ] Register NMethod: io.sirix.access.trx.node.AbstractNodeReadOnlyTrx.moveTo (0x00007cb613adae88) [0x00007cb613adaf80, 0x00007cb613adcaf8] Compiler: c1, Barriers: 11, Oops: 1, ImmediateOops: 4, NonImmediateOops: No
[2,036s][debug][gc,nmethod     ] Register NMethod: io.sirix.access.trx.page.NodePageTrx.prepareRecordForModification (0x00007cb613adcb08) [0x00007cb613adcc00, 0x00007cb613adea88] Compiler: c1, Barriers: 7, Oops: 2, ImmediateOops: 4, NonImmediateOops: No
[2,036s][debug][gc,nmethod     ] Register NMethod: io.sirix.node.xml.ElementNode.getHash (0x00007cb613adeb08) [0x00007cb613adec00, 0x00007cb613ae2470] Compiler: c1, Barriers: 7, Oops: 6, ImmediateOops: 10, NonImmediateOops: No
[2,036s][debug][gc,nmethod     ] Register NMethod: io.sirix.access.trx.page.NodePageReadOnlyTrx.checkItemIfDeleted (0x00007cb613ae2508) [0x00007cb613ae2600, 0x00007cb613ae2960] Compiler: c1, Barriers: 0, Oops: 1, ImmediateOops: 0, NonImmediateOops: No
[2,036s][debug][gc,director    ] Rule Major: Warmup 10%, Used: 294MB, UsedThreshold: 1228MB
[2,037s][debug][gc,nmethod     ] Register NMethod: io.sirix.access.trx.node.xml.XmlNodeHashing.getCurrentNode (0x00007cb613ae2988) [0x00007cb613ae2a80, 0x00007cb613ae3228] Compiler: c1, Barriers: 2, Oops: 1, ImmediateOops: 0, NonImmediateOops: No
[2,037s][debug][gc,nmethod     ] Rebuilding NMethod Table: 4096->8192 entries, 2868(70%->35%) registered, 0(0%->0%) unregistered
[2,037s][debug][gc,nmethod     ] Register NMethod: io.sirix.access.trx.node.xml.XmlNodeHashing.getCurrentNode (0x00007cb613ae3288) [0x00007cb613ae3380, 0x00007cb613ae3910] Compiler: c1, Barriers: 2, Oops: 1, ImmediateOops: 0, NonImmediateOops: No
[2,037s][debug][gc,nmethod     ] Register NMethod: io.sirix.access.trx.page.NodePageTrx.getPageContainer (0x00007cb613ae3988) [0x00007cb613ae3a80, 0x00007cb613ae4bc0] Compiler: c1, Barriers: 12, Oops: 4, ImmediateOops: 2, NonImmediateOops: No
[2,037s][debug][gc,nmethod     ] Register NMethod: io.sirix.access.trx.page.NodePageTrx.getRecord (0x00007cb613ae4c08) [0x00007cb613ae4d00, 0x00007cb613ae6ca0] Compiler: c1, Barriers: 8, Oops: 1, ImmediateOops: 2, NonImmediateOops: No
[2,037s][debug][gc,nmethod     ] Register NMethod: com.sun.org.apache.xerces.internal.impl.XMLEntityScanner.checkEntityLimit (0x00007cb613ae6d08) [0x00007cb613ae6e00, 0x00007cb613ae70f8] Compiler: c1, Barriers: 0, Oops: 0, ImmediateOops: 4, NonImmediateOops: No
[2,037s][debug][gc,nmethod     ] Register NMethod: io.sirix.node.xml.ElementNode.getParentKey (0x00007cb613ae7108) [0x00007cb613ae7200, 0x00007cb613aec1e8] Compiler: c1, Barriers: 19, Oops: 7, ImmediateOops: 11, NonImmediateOops: No
[2,037s][debug][gc,nmethod     ] Register NMethod: io.sirix.node.xml.TextNode.getKind (0x00007cb613aec288) [0x00007cb613aec380, 0x00007cb613aec488] Compiler: c1, Barriers: 0, Oops: 1, ImmediateOops: 1, NonImmediateOops: No
[2,037s][debug][gc,nmethod     ] Register NMethod: io.sirix.access.trx.node.AbstractNodeTrxImpl.getCurrentNode (0x00007cb613aec588) [0x00007cb613aec680, 0x00007cb613aec9f0] Compiler: c1, Barriers: 2, Oops: 1, ImmediateOops: 0, NonImmediateOops: No
[2,037s][debug][gc,nmethod     ] Register NMethod: com.sun.org.apache.xerces.internal.impl.XMLDocumentFragmentScannerImpl.setScannerState (0x00007cb632cd2908) [0x00007cb632cd2a00, 0x00007cb632cd2ac0] Compiler: c1, Barriers: 0, Oops: 0, ImmediateOops: 0, NonImmediateOops: No
[2,038s][debug][gc,nmethod     ] Register NMethod: io.sirix.index.path.summary.PathNode.structDelegate (0x00007cb632cd2c08) [0x00007cb632cd2d00, 0x00007cb632cd2de8] Compiler: c1, Barriers: 1, Oops: 1, ImmediateOops: 0, NonImmediateOops: No
[2,038s][debug][gc,nmethod     ] Register NMethod: jdk.internal.foreign.AbstractMemorySegmentImpl.asSlice (0x00007cb632cd2f08) [0x00007cb632cd3000, 0x00007cb632cd3318] Compiler: jvmci, Barriers: 5, Oops: 0, ImmediateOops: 0, NonImmediateOops: No
[2,038s][debug][gc,nmethod     ] Register NMethod: io.sirix.access.trx.node.AbstractNodeHashing.setAddDescendants (0x00007cb613aeca08) [0x00007cb613aecb00, 0x00007cb613aed688] Compiler: c1, Barriers: 0, Oops: 1, ImmediateOops: 0, NonImmediateOops: No
[2,038s][debug][gc,nmethod     ] Register NMethod: io.sirix.node.xml.TextNode.getParentKey (0x00007cb613aed708) [0x00007cb613aed800, 0x00007cb613af27e8] Compiler: c1, Barriers: 19, Oops: 7, ImmediateOops: 11, NonImmediateOops: No
[2,039s][debug][gc,nmethod     ] Register NMethod: io.sirix.node.xml.XmlDocumentRootNode.structDelegate (0x00007cb632cd3388) [0x00007cb632cd3480, 0x00007cb632cd3568] Compiler: c1, Barriers: 1, Oops: 1, ImmediateOops: 0, NonImmediateOops: No
[2,040s][debug][gc,nmethod     ] Register NMethod: io.sirix.node.xml.ElementNode.setHash (0x00007cb613af2888) [0x00007cb613af2980, 0x00007cb613af6308] Compiler: c1, Barriers: 7, Oops: 6, ImmediateOops: 11, NonImmediateOops: No
[2,040s][debug][gc,nmethod     ] Register NMethod: it.unimi.dsi.fastutil.longs.LongArrayList.size (0x00007cb632cd3688) [0x00007cb632cd3780, 0x00007cb632cd3840] Compiler: c1, Barriers: 0, Oops: 1, ImmediateOops: 0, NonImmediateOops: No
[2,040s][debug][gc,nmethod     ] Register NMethod: jdk.internal.misc.Unsafe.allocateMemory0 (0x00007cb632cd3988) [0x00007cb632cd3a80, 0x00007cb632cd3bd8] Compiler: , Barriers: 0, Oops: 0, ImmediateOops: 0, NonImmediateOops: No
[2,040s][debug][gc,nmethod     ] Register NMethod: net.openhft.hashing.Maths.unsignedLongMulXorFold (0x00007cb613af6388) [0x00007cb613af6480, 0x00007cb613af65b8] Compiler: c1, Barriers: 0, Oops: 1, ImmediateOops: 1, NonImmediateOops: No
[2,040s][debug][gc,nmethod     ] Register NMethod: java.lang.Math.multiplyHigh (0x00007cb613af6688) [0x00007cb613af6780, 0x00007cb613af68d8] Compiler: c1, Barriers: 0, Oops: 0, ImmediateOops: 0, NonImmediateOops: No
[2,040s][debug][gc,nmethod     ] Register NMethod: net.openhft.hashing.MathsJDK9.unsignedLongMulXorFoldImp (0x00007cb613af6988) [0x00007cb613af6a80, 0x00007cb613af6c00] Compiler: c1, Barriers: 0, Oops: 1, ImmediateOops: 0, NonImmediateOops: No
[2,040s][debug][gc,nmethod     ] Register NMethod: io.brackit.query.atomic.QNm.getPrefix (0x00007cb632cd3c88) [0x00007cb632cd3d80, 0x00007cb632cd3e68] Compiler: c1, Barriers: 1, Oops: 1, ImmediateOops: 0, NonImmediateOops: No
[2,040s][debug][gc,nmethod     ] Register NMethod: io.sirix.node.xml.ElementNode.getDescendantCount (0x00007cb613af6c88) [0x00007cb613af6d80, 0x00007cb613afa5f8] Compiler: c1, Barriers: 7, Oops: 6, ImmediateOops: 10, NonImmediateOops: No
[2,040s][debug][gc,nmethod     ] Register NMethod: io.sirix.axis.filter.AbstractFilter.getTrx (0x00007cb632cd3f88) [0x00007cb632cd4080, 0x00007cb632cd4168] Compiler: c1, Barriers: 1, Oops: 1, ImmediateOops: 0, NonImmediateOops: No
[2,041s][debug][gc,nmethod     ] Register NMethod: net.openhft.hashing.XXH3.XXH3_mix16B (0x00007cb613afa688) [0x00007cb613afa780, 0x00007cb613afc110] Compiler: c1, Barriers: 0, Oops: 3, ImmediateOops: 8, NonImmediateOops: No
[2,041s][debug][gc,nmethod     ] Register NMethod: io.sirix.axis.AbstractAxis.getCursor (0x00007cb632cd4288) [0x00007cb632cd4380, 0x00007cb632cd4468] Compiler: c1, Barriers: 1, Oops: 1, ImmediateOops: 0, NonImmediateOops: No
[2,041s][debug][gc,nmethod     ] Register NMethod: org.magicwerk.brownies.collections.GapList.doGet (0x00007cb613afc188) [0x00007cb613afc280, 0x00007cb613afc5b8] Compiler: c1, Barriers: 2, Oops: 1, ImmediateOops: 0, NonImmediateOops: No
[2,041s][debug][gc,nmethod     ] Register NMethod: org.magicwerk.brownies.collections.GapList.get (0x00007cb613afc608) [0x00007cb613afc700, 0x00007cb613afe0f8] Compiler: c1, Barriers: 0, Oops: 4, ImmediateOops: 4, NonImmediateOops: No
[2,041s][debug][gc,nmethod     ] Register NMethod: io.sirix.node.MemorySegmentBytesOut.writeByte (0x00007cb613afe188) [0x00007cb613afe280, 0x00007cb613afe418] Compiler: c1, Barriers: 1, Oops: 1, ImmediateOops: 0, NonImmediateOops: No
[2,041s][debug][gc,nmethod     ] Register NMethod: io.brackit.query.atomic.QNm.getLocalName (0x00007cb632cd4588) [0x00007cb632cd4680, 0x00007cb632cd4768] Compiler: c1, Barriers: 1, Oops: 1, ImmediateOops: 0, NonImmediateOops: No
[2,041s][debug][gc,nmethod     ] Register NMethod: jdk.internal.foreign.MemorySessionImpl.checkValidState (0x00007cb613afe488) [0x00007cb613afe580, 0x00007cb613aff068] Compiler: c1, Barriers: 3, Oops: 0, ImmediateOops: 2, NonImmediateOops: No
[2,041s][debug][gc,nmethod     ] Register NMethod: io.sirix.page.AbstractForwardingPage.getOrCreateReference (0x00007cb613aff088) [0x00007cb613aff180, 0x00007cb613aff690] Compiler: c1, Barriers: 0, Oops: 1, ImmediateOops: 0, NonImmediateOops: No
[2,041s][debug][gc,nmethod     ] Register NMethod: java.util.BitSet.cardinality (0x00007cb613aff708) [0x00007cb613aff800, 0x00007cb613affa60] Compiler: c1, Barriers: 1, Oops: 0, ImmediateOops: 0, NonImmediateOops: No
[2,042s][debug][gc,nmethod     ] Register NMethod: io.sirix.node.xml.XmlDocumentRootNode.getHash (0x00007cb632cd4888) [0x00007cb632cd4980, 0x00007cb632cd4a40] Compiler: c1, Barriers: 0, Oops: 1, ImmediateOops: 0, NonImmediateOops: No
[2,042s][debug][gc,nmethod     ] Register NMethod: io.sirix.node.xml.ElementNode.setDescendantCount (0x00007cb613affa88) [0x00007cb613affb80, 0x00007cb613b03510] Compiler: c1, Barriers: 7, Oops: 6, ImmediateOops: 11, NonImmediateOops: No
[2,042s][debug][gc,nmethod     ] Register NMethod: java.lang.invoke.VarHandleSegmentAsBytes.set (0x00007cb613b03588) [0x00007cb613b03680, 0x00007cb613b08a20] Compiler: c1, Barriers: 24, Oops: 2, ImmediateOops: 6, NonImmediateOops: No
[2,042s][debug][gc,nmethod     ] Register NMethod: io.sirix.index.path.summary.PathSummaryReader.getNodeKey (0x00007cb613b08a88) [0x00007cb613b08b80, 0x00007cb613b09030] Compiler: c1, Barriers: 1, Oops: 1, ImmediateOops: 1, NonImmediateOops: No
[2,042s][debug][gc,nmethod     ] Register NMethod: java.lang.invoke.VarHandleSegmentAsBytes.set (0x00007cb613b09088) [0x00007cb613b09180, 0x00007cb613b0e2c0] Compiler: c1, Barriers: 24, Oops: 2, ImmediateOops: 6, NonImmediateOops: No
[2,043s][debug][gc,nmethod     ] Register NMethod: jdk.internal.foreign.AbstractMemorySegmentImpl.set (0x00007cb613b0e308) [0x00007cb613b0e400, 0x00007cb613b13980] Compiler: c1, Barriers: 42, Oops: 6, ImmediateOops: 18, NonImmediateOops: No
[2,043s][debug][gc,nmethod     ] Register NMethod: io.sirix.access.trx.node.AbstractResourceSession.assertNotClosed (0x00007cb613b13a08) [0x00007cb613b13b00, 0x00007cb613b13d08] Compiler: c1, Barriers: 0, Oops: 1, ImmediateOops: 1, NonImmediateOops: No
[2,043s][debug][gc,nmethod     ] Register NMethod: io.sirix.access.trx.node.AbstractResourceSession.getResourceConfig (0x00007cb613b13d88) [0x00007cb613b13e80, 0x00007cb613b14120] Compiler: c1, Barriers: 1, Oops: 1, ImmediateOops: 1, NonImmediateOops: No
[2,043s][debug][gc,nmethod     ] Register NMethod: com.sun.org.apache.xerces.internal.util.XMLAttributesImpl.getLength (0x00007cb632cd4b88) [0x00007cb632cd4c80, 0x00007cb632cd4d40] Compiler: c1, Barriers: 0, Oops: 0, ImmediateOops: 0, NonImmediateOops: No
[2,043s][debug][gc,nmethod     ] Register NMethod: java.util.BitSet.size (0x00007cb613b14188) [0x00007cb613b14280, 0x00007cb613b143b8] Compiler: c1, Barriers: 1, Oops: 0, ImmediateOops: 0, NonImmediateOops: No
[2,043s][debug][gc,nmethod     ] Register NMethod: com.sun.org.apache.xerces.internal.impl.XMLEntityScanner.checkBeforeLoad (0x00007cb613b14488) [0x00007cb613b14580, 0x00007cb613b14ad8] Compiler: c1, Barriers: 4, Oops: 0, ImmediateOops: 1, NonImmediateOops: No
[2,043s][debug][gc,nmethod     ] Register NMethod: java.lang.invoke.VarHandleGuards.guard_L_L (0x00007cb613b14b08) [0x00007cb613b14c00, 0x00007cb613b18080] Compiler: c1, Barriers: 29, Oops: 0, ImmediateOops: 2, NonImmediateOops: No
[2,043s][debug][gc,nmethod     ] Register NMethod: java.util.BitSet.and (0x00007cb613b18088) [0x00007cb613b18180, 0x00007cb613b185d0] Compiler: c1, Barriers: 3, Oops: 0, ImmediateOops: 0, NonImmediateOops: No
[2,043s][debug][gc,nmethod     ] Register NMethod: io.sirix.page.delegates.BitmapReferencesPage.getOrCreateReference (0x00007cb613b18608) [0x00007cb613b18700, 0x00007cb613b18db8] Compiler: c1, Barriers: 2, Oops: 1, ImmediateOops: 0, NonImmediateOops: No
[2,043s][debug][gc,nmethod     ] Register NMethod: java.util.BitSet.clear (0x00007cb613b18e08) [0x00007cb613b18f00, 0x00007cb613b19100] Compiler: c1, Barriers: 1, Oops: 0, ImmediateOops: 0, NonImmediateOops: No
[2,044s][debug][gc,nmethod     ] Register NMethod: java.util.BitSet.checkRange (0x00007cb613b19108) [0x00007cb613b19200, 0x00007cb613b1bb88] Compiler: c1, Barriers: 0, Oops: 4, ImmediateOops: 7, NonImmediateOops: No
[2,044s][debug][gc,nmethod     ] Register NMethod: io.sirix.page.delegates.BitmapReferencesPage.index (0x00007cb613b1bc08) [0x00007cb613b1bd00, 0x00007cb613b1c288] Compiler: c1, Barriers: 4, Oops: 1, ImmediateOops: 0, NonImmediateOops: No
[2,044s][debug][gc,nmethod     ] Register NMethod: java.util.BitSet.flip (0x00007cb613b1c308) [0x00007cb613b1c400, 0x00007cb613b1ca08] Compiler: c1, Barriers: 2, Oops: 0, ImmediateOops: 0, NonImmediateOops: No
[2,044s][debug][gc,nmethod     ] Register NMethod: io.sirix.node.delegates.StructNodeDelegate.getRightSiblingKey (0x00007cb632cd4e88) [0x00007cb632cd4f80, 0x00007cb632cd5040] Compiler: c1, Barriers: 0, Oops: 1, ImmediateOops: 0, NonImmediateOops: No
[2,044s][debug][gc,nmethod     ] Register NMethod: io.sirix.api.PageReadOnlyTrx.recordPageOffset (0x00007cb632cd5188) [0x00007cb632cd5280, 0x00007cb632cd52f0] Compiler: jvmci, Barriers: 0, Oops: 1, ImmediateOops: 0, NonImmediateOops: No
[2,045s][debug][gc,nmethod     ] Register NMethod: io.sirix.utils.XMLToken.cl (0x00007cb613b1ca88) [0x00007cb613b1cb80, 0x00007cb613b1cd60] Compiler: c1, Barriers: 0, Oops: 1, ImmediateOops: 1, NonImmediateOops: No
[2,045s][debug][gc,nmethod     ] Register NMethod: io.sirix.utils.XMLToken.cp (0x00007cb613b1cd88) [0x00007cb613b1ce80, 0x00007cb613b1d2b8] Compiler: c1, Barriers: 0, Oops: 1, ImmediateOops: 1, NonImmediateOops: No
[2,045s][debug][gc,nmethod     ] Register NMethod: io.sirix.utils.XMLToken.isNCStartChar (0x00007cb613b1d308) [0x00007cb613b1d400, 0x00007cb613b1da70] Compiler: c1, Barriers: 0, Oops: 1, ImmediateOops: 0, NonImmediateOops: No
[2,045s][debug][gc,nmethod     ] Register NMethod: com.google.common.base.Preconditions.checkState (0x00007cb613b1da88) [0x00007cb613b1db80, 0x00007cb613b1dd60] Compiler: c1, Barriers: 0, Oops: 1, ImmediateOops: 0, NonImmediateOops: No
[2,045s][debug][gc,nmethod     ] Register NMethod: io.sirix.node.GrowingMemorySegment.reset (0x00007cb613b1dd88) [0x00007cb613b1de80, 0x00007cb613b1df88] Compiler: c1, Barriers: 0, Oops: 1, ImmediateOops: 0, NonImmediateOops: No
[2,045s][debug][gc,nmethod     ] Register NMethod: io.sirix.node.MemorySegmentBytesOut.clear (0x00007cb613b1e088) [0x00007cb613b1e180, 0x00007cb613b1e338] Compiler: c1, Barriers: 1, Oops: 1, ImmediateOops: 0, NonImmediateOops: No
[2,045s][debug][gc,nmethod     ] Register NMethod: io.sirix.axis.AbstractAxis.hasNext (0x00007cb613b1e388) [0x00007cb613b1e480, 0x00007cb613b1ef48] Compiler: c1, Barriers: 2, Oops: 1, ImmediateOops: 1, NonImmediateOops: No
[2,045s][debug][gc,nmethod     ] Register NMethod: io.sirix.node.delegates.NodeDelegate.getParentKey (0x00007cb632cd5488) [0x00007cb632cd5580, 0x00007cb632cd5640] Compiler: c1, Barriers: 0, Oops: 1, ImmediateOops: 0, NonImmediateOops: No
[2,045s][debug][gc,nmethod     ] Register NMethod: it.unimi.dsi.fastutil.longs.LongArrayList.isEmpty (0x00007cb613b1ef88) [0x00007cb613b1f080, 0x00007cb613b1f1d0] Compiler: c1, Barriers: 0, Oops: 1, ImmediateOops: 0, NonImmediateOops: No
[2,045s][debug][gc,nmethod     ] Register NMethod: io.sirix.index.path.summary.PathSummaryReader.moveTo (0x00007cb613b1f288) [0x00007cb613b1f380, 0x00007cb613b20088] Compiler: c1, Barriers: 13, Oops: 1, ImmediateOops: 2, NonImmediateOops: No
[2,046s][debug][gc,nmethod     ] Register NMethod: io.brackit.query.sequence.AbstractSequence.<init> (0x00007cb613b20108) [0x00007cb613b20200, 0x00007cb613b20358] Compiler: c1, Barriers: 0, Oops: 1, ImmediateOops: 0, NonImmediateOops: No
[2,046s][debug][gc,nmethod     ] Register NMethod: io.brackit.query.jdm.AbstractItem.<init> (0x00007cb613b20408) [0x00007cb613b20500, 0x00007cb613b206b8] Compiler: c1, Barriers: 0, Oops: 1, ImmediateOops: 0, NonImmediateOops: No
[2,046s][debug][gc,nmethod     ] Register NMethod: java.util.ArrayList.getFirst (0x00007cb613b20708) [0x00007cb613b20800, 0x00007cb613b20b00] Compiler: c1, Barriers: 2, Oops: 0, ImmediateOops: 0, NonImmediateOops: No
[2,046s][debug][gc,nmethod     ] Register NMethod: java.lang.String.<init> (0x00007cb613b20b08) [0x00007cb613b20c00, 0x00007cb613b20ea0] Compiler: c1, Barriers: 0, Oops: 0, ImmediateOops: 0, NonImmediateOops: No
[2,046s][debug][gc,nmethod     ] Register NMethod: io.sirix.utils.XMLToken.isNCChar (0x00007cb613b20f08) [0x00007cb613b21000, 0x00007cb613b213e8] Compiler: c1, Barriers: 0, Oops: 1, ImmediateOops: 0, NonImmediateOops: No
[2,046s][debug][gc,nmethod     ] Register NMethod: io.sirix.node.NodeKind.getId (0x00007cb632cd5788) [0x00007cb632cd5880, 0x00007cb632cd5948] Compiler: c1, Barriers: 0, Oops: 1, ImmediateOops: 0, NonImmediateOops: No
[2,046s][debug][gc,nmethod     ] Register NMethod: io.sirix.node.delegates.StructNodeDelegate.getFirstChildKey (0x00007cb632cd5a88) [0x00007cb632cd5b80, 0x00007cb632cd5c40] Compiler: c1, Barriers: 0, Oops: 1, ImmediateOops: 0, NonImmediateOops: No
[2,046s][debug][gc,nmethod     ] Register NMethod: io.sirix.index.path.summary.PathSummaryReader.getStructuralNode (0x00007cb613b21408) [0x00007cb613b21500, 0x00007cb613b218b8] Compiler: c1, Barriers: 1, Oops: 1, ImmediateOops: 0, NonImmediateOops: No
[2,046s][debug][gc,nmethod     ] Register NMethod: io.sirix.access.trx.node.AbstractNodeReadOnlyTrx.getKind (0x00007cb613b21908) [0x00007cb613b21a00, 0x00007cb613b22068] Compiler: c1, Barriers: 1, Oops: 1, ImmediateOops: 1, NonImmediateOops: No
[2,046s][debug][gc,nmethod     ] Register NMethod: io.sirix.node.xml.ElementNode.getDeweyID (0x00007cb632cd5d88) [0x00007cb632cd5e80, 0x00007cb632cd5f68] Compiler: c1, Barriers: 1, Oops: 1, ImmediateOops: 0, NonImmediateOops: No
[2,047s][debug][gc,director    ] Rule Major: Warmup 10%, Used: 294MB, UsedThreshold: 1228MB
[2,047s][debug][gc,nmethod     ] Register NMethod: io.sirix.node.GrowingMemorySegment.position (0x00007cb632cd6088) [0x00007cb632cd6180, 0x00007cb632cd6240] Compiler: c1, Barriers: 0, Oops: 1, ImmediateOops: 0, NonImmediateOops: No
[2,047s][debug][gc,nmethod     ] Register NMethod: io.sirix.node.GrowingMemorySegment.getUsedSegment (0x00007cb613b22088) [0x00007cb613b22180, 0x00007cb613b22770] Compiler: c1, Barriers: 2, Oops: 1, ImmediateOops: 0, NonImmediateOops: No
[2,047s][debug][gc,nmethod     ] Register NMethod: java.util.concurrent.atomic.AtomicLong.addAndGet (0x00007cb613b22788) [0x00007cb613b22880, 0x00007cb613b22990] Compiler: c1, Barriers: 0, Oops: 0, ImmediateOops: 0, NonImmediateOops: No
[2,047s][debug][gc,nmethod     ] Register NMethod: io.sirix.page.RevisionRootPage.getMaxNodeKeyInDocumentIndex (0x00007cb632cd6388) [0x00007cb632cd6480, 0x00007cb632cd6540] Compiler: c1, Barriers: 0, Oops: 1, ImmediateOops: 0, NonImmediateOops: No
[2,047s][debug][gc,nmethod     ] Register NMethod: java.util.concurrent.atomic.AtomicLong.compareAndSet (0x00007cb613b22a88) [0x00007cb613b22b80, 0x00007cb613b22ca0] Compiler: c1, Barriers: 0, Oops: 0, ImmediateOops: 0, NonImmediateOops: No
[2,047s][debug][gc,nmethod     ] Register NMethod: java.nio.MappedByteBuffer.limit (0x00007cb613b22d88) [0x00007cb613b22e80, 0x00007cb613b23020] Compiler: c1, Barriers: 0, Oops: 0, ImmediateOops: 0, NonImmediateOops: No
[2,047s][debug][gc,nmethod     ] Register NMethod: io.sirix.node.xml.XmlDocumentRootNode.setHash (0x00007cb632cd6688) [0x00007cb632cd6780, 0x00007cb632cd6840] Compiler: c1, Barriers: 0, Oops: 1, ImmediateOops: 0, NonImmediateOops: No
[2,047s][debug][gc,nmethod     ] Register NMethod: io.brackit.query.atomic.QNm.getNamespaceURI (0x00007cb632cd6988) [0x00007cb632cd6a80, 0x00007cb632cd6b68] Compiler: c1, Barriers: 1, Oops: 1, ImmediateOops: 0, NonImmediateOops: No
[2,047s][debug][gc,nmethod     ] Register NMethod: jdk.internal.foreign.Utils$BaseAndScale$$TypeSwitch/0x000000002625bfa8.typeSwitch (0x00007cb613b23088) [0x00007cb613b23180, 0x00007cb613b244a8] Compiler: c1, Barriers: 0, Oops: 0, ImmediateOops: 0, NonImmediateOops: No
[2,047s][debug][gc,nmethod     ] Register NMethod: io.sirix.access.trx.node.AbstractNodeTrxImpl.getDeweyID (0x00007cb613b24508) [0x00007cb613b24600, 0x00007cb613b25128] Compiler: c1, Barriers: 3, Oops: 1, ImmediateOops: 1, NonImmediateOops: No
[2,047s][debug][gc,nmethod     ] Register NMethod: io.sirix.page.KeyValueLeafPage.setRecord (0x00007cb613b25188) [0x00007cb613b25280, 0x00007cb613b258b8] Compiler: c1, Barriers: 4, Oops: 1, ImmediateOops: 0, NonImmediateOops: No
[2,047s][debug][gc,nmethod     ] Register NMethod: com.sun.org.apache.xerces.internal.impl.XMLEntityScanner.skipChar (0x00007cb613b25908) [0x00007cb613b25a00, 0x00007cb613b25f48] Compiler: c1, Barriers: 3, Oops: 0, ImmediateOops: 0, NonImmediateOops: No
[2,047s][debug][gc,nmethod     ] Register NMethod: io.sirix.access.trx.page.NodePageReadOnlyTrx.getPage (0x00007cb613b25f88) [0x00007cb613b26080, 0x00007cb613b26420] Compiler: c1, Barriers: 3, Oops: 1, ImmediateOops: 0, NonImmediateOops: No
[2,048s][debug][gc,nmethod     ] Register NMethod: com.sun.org.apache.xerces.internal.impl.XMLEntityScanner.peekChar (0x00007cb613b26488) [0x00007cb613b26580, 0x00007cb613b26a38] Compiler: c1, Barriers: 3, Oops: 0, ImmediateOops: 0, NonImmediateOops: No
[2,048s][debug][gc,nmethod     ] Register NMethod: io.sirix.node.delegates.StructNodeDelegate.getDescendantCount (0x00007cb632cd6c88) [0x00007cb632cd6d80, 0x00007cb632cd6e40] Compiler: c1, Barriers: 0, Oops: 1, ImmediateOops: 0, NonImmediateOops: No
[2,048s][debug][gc,nmethod     ] Register NMethod: io.sirix.access.trx.node.xml.ForwardingXmlNodeReadOnlyTrx.getNodeKey (0x00007cb613b26a88) [0x00007cb613b26b80, 0x00007cb613b27178] Compiler: c1, Barriers: 1, Oops: 1, ImmediateOops: 0, NonImmediateOops: No
[2,048s][debug][gc,nmethod     ] Register NMethod: io.sirix.access.trx.node.AbstractNodeReadOnlyTrx.getNodeKey (0x00007cb613b27188) [0x00007cb613b27280, 0x00007cb613b278e8] Compiler: c1, Barriers: 1, Oops: 1, ImmediateOops: 1, NonImmediateOops: No
[2,048s][debug][gc,nmethod     ] Register NMethod: io.sirix.access.trx.node.AbstractNodeReadOnlyTrx.getStructuralNode (0x00007cb613b27908) [0x00007cb613b27a00, 0x00007cb613b284b8] Compiler: c1, Barriers: 4, Oops: 1, ImmediateOops: 0, NonImmediateOops: No
[2,048s][debug][gc,nmethod     ] Register NMethod: io.sirix.access.trx.page.NodePageReadOnlyTrx.loadPage (0x00007cb613b28508) [0x00007cb613b28600, 0x00007cb613b2a4a0] Compiler: c1, Barriers: 15, Oops: 2, ImmediateOops: 2, NonImmediateOops: No
[2,048s][debug][gc,nmethod     ] Register NMethod: io.sirix.node.xml.TextNode.getLeftSiblingKey (0x00007cb613b2a508) [0x00007cb613b2a600, 0x00007cb613b2f5f0] Compiler: c1, Barriers: 19, Oops: 7, ImmediateOops: 11, NonImmediateOops: No
[2,048s][debug][gc,nmethod     ] Register NMethod: io.sirix.node.delegates.NameNodeDelegate.getLocalNameKey (0x00007cb632cd6f88) [0x00007cb632cd7080, 0x00007cb632cd7140] Compiler: c1, Barriers: 0, Oops: 1, ImmediateOops: 0, NonImmediateOops: No
[2,048s][debug][gc,nmethod     ] Register NMethod: jdk.internal.misc.Unsafe.getLongUnaligned (0x00007cb632cd7288) [0x00007cb632cd7380, 0x00007cb632cd7440] Compiler: jvmci, Barriers: 0, Oops: 0, ImmediateOops: 0, NonImmediateOops: No
[2,049s][debug][gc,nmethod     ] Register NMethod: io.sirix.node.xml.ElementNode.getKind (0x00007cb632cd7588) [0x00007cb632cd7680, 0x00007cb632cd7710] Compiler: jvmci, Barriers: 0, Oops: 1, ImmediateOops: 1, NonImmediateOops: No
[2,049s][debug][gc,nmethod     ] Register NMethod: io.sirix.node.delegates.StructNodeDelegate.setDescendantCount (0x00007cb632cd7888) [0x00007cb632cd7980, 0x00007cb632cd7a40] Compiler: c1, Barriers: 0, Oops: 1, ImmediateOops: 0, NonImmediateOops: No
[2,049s][debug][gc,nmethod     ] Register NMethod: io.sirix.node.xml.TextNode.getDeweyID (0x00007cb632cd7b88) [0x00007cb632cd7c80, 0x00007cb632cd7d68] Compiler: c1, Barriers: 1, Oops: 1, ImmediateOops: 0, NonImmediateOops: No
[2,049s][debug][gc,nmethod     ] Register NMethod: java.nio.MappedByteBuffer.position (0x00007cb613b2f688) [0x00007cb613b2f780, 0x00007cb613b2f920] Compiler: c1, Barriers: 0, Oops: 0, ImmediateOops: 0, NonImmediateOops: No
[2,049s][debug][gc,nmethod     ] Register NMethod: io.sirix.access.trx.node.AbstractNodeReadOnlyTrx.assertNotClosed (0x00007cb632cd7e88) [0x00007cb632cd7f80, 0x00007cb632cd8040] Compiler: jvmci, Barriers: 0, Oops: 1, ImmediateOops: 0, NonImmediateOops: No
[2,049s][debug][gc,nmethod     ] Register NMethod: com.sun.org.apache.xerces.internal.impl.XMLEntityScanner.scanContent (0x00007cb613b2f988) [0x00007cb613b2fa80, 0x00007cb613b30a38] Compiler: c1, Barriers: 11, Oops: 0, ImmediateOops: 1, NonImmediateOops: No
[2,050s][debug][gc,nmethod     ] Register NMethod: io.sirix.node.xml.TextNode.getRightSiblingKey (0x00007cb613b30a88) [0x00007cb613b30b80, 0x00007cb613b35b70] Compiler: c1, Barriers: 19, Oops: 7, ImmediateOops: 11, NonImmediateOops: No
[2,050s][debug][gc,nmethod     ] Register NMethod: java.util.Arrays.copyOf (0x00007cb613b35c08) [0x00007cb613b35d00, 0x00007cb613b360c8] Compiler: c1, Barriers: 0, Oops: 0, ImmediateOops: 0, NonImmediateOops: No
[2,050s][debug][gc,nmethod     ] Register NMethod: jdk.internal.foreign.Utils.checkNonNegativeIndex (0x00007cb613b36108) [0x00007cb613b36200, 0x00007cb613b373c8] Compiler: c1, Barriers: 0, Oops: 2, ImmediateOops: 3, NonImmediateOops: No
[2,050s][debug][gc,nmethod     ] Register NMethod: io.sirix.node.xml.AttributeNode.getNodeKey (0x00007cb632cd8188) [0x00007cb632cd8280, 0x00007cb632cd8340] Compiler: c1, Barriers: 0, Oops: 1, ImmediateOops: 0, NonImmediateOops: No
[2,051s][debug][gc,nmethod     ] Register NMethod: jdk.internal.foreign.SegmentFactories.ensureInitialized (0x00007cb613b37408) [0x00007cb613b37500, 0x00007cb613b375e0] Compiler: c1, Barriers: 0, Oops: 0, ImmediateOops: 0, NonImmediateOops: No
[2,051s][debug][gc,nmethod     ] Register NMethod: io.brackit.query.atomic.AbstractAtomic.<init> (0x00007cb613b37708) [0x00007cb613b37800, 0x00007cb613b37a18] Compiler: c1, Barriers: 0, Oops: 1, ImmediateOops: 0, NonImmediateOops: No
[2,051s][debug][gc,nmethod     ] Register NMethod: io.sirix.axis.AbstractAxis.resetToLastKey (0x00007cb613b37a88) [0x00007cb613b37b80, 0x00007cb613b38138] Compiler: c1, Barriers: 2, Oops: 1, ImmediateOops: 0, NonImmediateOops: No
[2,051s][debug][gc,nmethod     ] Register NMethod: io.sirix.axis.AbstractAxis.tryToComputeNext (0x00007cb613b38188) [0x00007cb613b38280, 0x00007cb613b389b0] Compiler: c1, Barriers: 10, Oops: 1, ImmediateOops: 5, NonImmediateOops: No
[2,051s][debug][gc,nmethod     ] Register NMethod: io.sirix.access.trx.page.NodePageTrx.createRecord (0x00007cb613b38a08) [0x00007cb613b38b00, 0x00007cb613b3ef58] Compiler: c1, Barriers: 30, Oops: 1, ImmediateOops: 6, NonImmediateOops: No
[2,051s][debug][gc,nmethod     ] Register NMethod: jdk.internal.misc.Unsafe.allocateMemoryChecks (0x00007cb613b3ef88) [0x00007cb613b3f080, 0x00007cb613b3f338] Compiler: c1, Barriers: 0, Oops: 0, ImmediateOops: 0, NonImmediateOops: No
[2,051s][debug][gc,nmethod     ] Register NMethod: jdk.internal.misc.Unsafe.alignToHeapWordSize (0x00007cb613b3f388) [0x00007cb613b3f480, 0x00007cb613b3f6f0] Compiler: c1, Barriers: 0, Oops: 0, ImmediateOops: 0, NonImmediateOops: No
[2,051s][debug][gc,nmethod     ] Register NMethod: jdk.internal.misc.VM.isDirectMemoryPageAligned (0x00007cb613b3f708) [0x00007cb613b3f800, 0x00007cb613b3fae0] Compiler: c1, Barriers: 0, Oops: 0, ImmediateOops: 1, NonImmediateOops: No
[2,051s][debug][gc,nmethod     ] Register NMethod: jdk.internal.misc.Unsafe.allocateMemory (0x00007cb613b3fb08) [0x00007cb613b3fc00, 0x00007cb613b40eb0] Compiler: c1, Barriers: 0, Oops: 2, ImmediateOops: 3, NonImmediateOops: No
[2,051s][debug][gc,nmethod     ] Register NMethod: com.sun.org.apache.xerces.internal.impl.XMLDocumentScannerImpl.next (0x00007cb613b40f08) [0x00007cb613b41000, 0x00007cb613b41348] Compiler: c1, Barriers: 1, Oops: 0, ImmediateOops: 0, NonImmediateOops: No
[2,052s][debug][gc,nmethod     ] Register NMethod: com.sun.org.apache.xerces.internal.impl.XMLNSDocumentScannerImpl.next (0x00007cb613b41388) [0x00007cb613b41480, 0x00007cb613b41968] Compiler: c1, Barriers: 2, Oops: 0, ImmediateOops: 0, NonImmediateOops: No
[2,052s][debug][gc,nmethod     ] Register NMethod: it.unimi.dsi.fastutil.longs.LongArrayList.add (0x00007cb613b41988) [0x00007cb613b41a80, 0x00007cb613b41d58] Compiler: c1, Barriers: 1, Oops: 1, ImmediateOops: 0, NonImmediateOops: No
[2,052s][debug][gc,nmethod     ] Register NMethod: it.unimi.dsi.fastutil.longs.LongArrayList.grow (0x00007cb613b41d88) [0x00007cb613b41e80, 0x00007cb613b423e0] Compiler: c1, Barriers: 5, Oops: 1, ImmediateOops: 1, NonImmediateOops: No
[2,052s][debug][gc,nmethod     ] Register NMethod: jdk.internal.foreign.AbstractMemorySegmentImpl.isAlignedForElement (0x00007cb632cd8488) [0x00007cb632cd8580, 0x00007cb632cd87f8] Compiler: jvmci, Barriers: 0, Oops: 0, ImmediateOops: 0, NonImmediateOops: No
[2,052s][debug][gc,nmethod     ] Register NMethod: io.sirix.node.GrowingMemorySegment.writeByte (0x00007cb613b42408) [0x00007cb613b42500, 0x00007cb613b46120] Compiler: c1, Barriers: 5, Oops: 6, ImmediateOops: 10, NonImmediateOops: No
[2,052s][debug][gc,nmethod     ] Register NMethod: jdk.xml.internal.XMLSecurityManager.isOverLimit (0x00007cb613b46188) [0x00007cb613b46280, 0x00007cb613b46758] Compiler: c1, Barriers: 0, Oops: 0, ImmediateOops: 0, NonImmediateOops: No
[2,052s][debug][gc,nmethod     ] Register NMethod: io.sirix.node.xml.ElementNode.getLeftSiblingKey (0x00007cb613b46788) [0x00007cb613b46880, 0x00007cb613b4b870] Compiler: c1, Barriers: 19, Oops: 7, ImmediateOops: 11, NonImmediateOops: No
[2,052s][debug][gc,nmethod     ] Register NMethod: io.sirix.node.xml.TextNode.getKind (0x00007cb632cd8808) [0x00007cb632cd8900, 0x00007cb632cd8990] Compiler: jvmci, Barriers: 0, Oops: 1, ImmediateOops: 1, NonImmediateOops: No
[2,052s][debug][gc,nmethod     ] Register NMethod: jdk.xml.internal.XMLSecurityManager.isOverLimit (0x00007cb613b4b908) [0x00007cb613b4ba00, 0x00007cb613b4cfe0] Compiler: c1, Barriers: 4, Oops: 0, ImmediateOops: 7, NonImmediateOops: No
[2,053s][debug][gc,nmethod     ] Register NMethod: java.nio.ByteOrder.nativeOrder (0x00007cb632cd8b08) [0x00007cb632cd8c00, 0x00007cb632cd8c70] Compiler: jvmci, Barriers: 0, Oops: 0, ImmediateOops: 1, NonImmediateOops: No
[2,053s][debug][gc,nmethod     ] Register NMethod: jdk.xml.internal.XMLLimitAnalyzer.getTotalValue (0x00007cb613b4d008) [0x00007cb613b4d100, 0x00007cb613b4d258] Compiler: c1, Barriers: 1, Oops: 0, ImmediateOops: 0, NonImmediateOops: No
[2,053s][debug][gc,nmethod     ] Register NMethod: java.nio.Bits.tryReserveMemory (0x00007cb613b4d308) [0x00007cb613b4d400, 0x00007cb613b4ddf0] Compiler: c1, Barriers: 0, Oops: 0, ImmediateOops: 5, NonImmediateOops: No
[2,053s][debug][gc,nmethod     ] Register NMethod: java.lang.String.encode (0x00007cb613b4de08) [0x00007cb613b4df00, 0x00007cb613b4e238] Compiler: c1, Barriers: 0, Oops: 0, ImmediateOops: 3, NonImmediateOops: No
[2,053s][debug][gc,nmethod     ] Register NMethod: java.lang.String.encodeUTF8 (0x00007cb613b4e288) [0x00007cb613b4e380, 0x00007cb613b4ea08] Compiler: c1, Barriers: 0, Oops: 0, ImmediateOops: 0, NonImmediateOops: No
[2,053s][debug][gc,nmethod     ] Register NMethod: jdk.internal.foreign.MemorySessionImpl.<init> (0x00007cb613b4ea88) [0x00007cb613b4eb80, 0x00007cb613b4edc8] Compiler: c1, Barriers: 6, Oops: 0, ImmediateOops: 0, NonImmediateOops: No
[2,053s][debug][gc,nmethod     ] Register NMethod: jdk.internal.foreign.AbstractMemorySegmentImpl.copy (0x00007cb613b4ee08) [0x00007cb613b4ef00, 0x00007cb613b56ae8] Compiler: c1, Barriers: 10, Oops: 3, ImmediateOops: 15, NonImmediateOops: No
[2,053s][debug][gc,nmethod     ] Register NMethod: io.sirix.access.trx.node.xml.XmlNodeReadOnlyTrxImpl.getNode (0x00007cb613b56b08) [0x00007cb613b56c00, 0x00007cb613b56ef8] Compiler: c1, Barriers: 0, Oops: 1, ImmediateOops: 0, NonImmediateOops: No
[2,054s][debug][gc,nmethod     ] Register NMethod: io.sirix.node.xml.ElementNode.getRightSiblingKey (0x00007cb613b56f08) [0x00007cb613b57000, 0x00007cb613b5bff0] Compiler: c1, Barriers: 19, Oops: 7, ImmediateOops: 11, NonImmediateOops: No
[2,054s][debug][gc,nmethod     ] Register NMethod: io.sirix.access.trx.node.xml.XmlNodeReadOnlyTrxImpl.getNode (0x00007cb613b5c088) [0x00007cb613b5c180, 0x00007cb613b5e700] Compiler: c1, Barriers: 7, Oops: 2, ImmediateOops: 3, NonImmediateOops: No
[2,054s][debug][gc,nmethod     ] Register NMethod: java.nio.Bits.reserveMemory (0x00007cb613b5e788) [0x00007cb613b5e880, 0x00007cb613b617c0] Compiler: c1, Barriers: 4, Oops: 4, ImmediateOops: 13, NonImmediateOops: No
[2,054s][debug][gc,nmethod     ] Register NMethod: it.unimi.dsi.fastutil.longs.AbstractLongList.push (0x00007cb613b61808) [0x00007cb613b61900, 0x00007cb613b61a48] Compiler: c1, Barriers: 0, Oops: 1, ImmediateOops: 0, NonImmediateOops: No
[2,054s][debug][gc,nmethod     ] Register NMethod: java.lang.foreign.MemorySegment.copy (0x00007cb613b61b08) [0x00007cb613b61c00, 0x00007cb613b69bf0] Compiler: c1, Barriers: 10, Oops: 3, ImmediateOops: 15, NonImmediateOops: No
[2,054s][debug][gc,nmethod     ] Register NMethod: io.sirix.node.MemorySegmentBytesIn.<init> (0x00007cb613b69c88) [0x00007cb613b69d80, 0x00007cb613b69f60] Compiler: c1, Barriers: 3, Oops: 1, ImmediateOops: 0, NonImmediateOops: No
[2,054s][debug][gc,nmethod     ] Register NMethod: io.sirix.node.immutable.xml.ImmutableElement.<init> (0x00007cb613b69f88) [0x00007cb613b6a080, 0x00007cb613b6a3a0] Compiler: c1, Barriers: 3, Oops: 1, ImmediateOops: 0, NonImmediateOops: No
[2,054s][debug][gc,nmethod     ] Register NMethod: java.util.HashMap.putVal (0x00007cb613b6a408) [0x00007cb613b6a500, 0x00007cb613b6c890] Compiler: c1, Barriers: 15, Oops: 0, ImmediateOops: 0, NonImmediateOops: No
[2,054s][debug][gc,nmethod     ] Register NMethod: io.sirix.node.immutable.xml.ImmutableElement.of (0x00007cb613b6c908) [0x00007cb613b6ca00, 0x00007cb613b6cda8] Compiler: c1, Barriers: 3, Oops: 1, ImmediateOops: 0, NonImmediateOops: No
[2,054s][debug][gc,nmethod     ] Register NMethod: jdk.internal.foreign.MemorySessionImpl$ResourceList$ResourceCleanup.<init> (0x00007cb613b6ce08) [0x00007cb613b6cf00, 0x00007cb613b6d058] Compiler: c1, Barriers: 0, Oops: 0, ImmediateOops: 0, NonImmediateOops: No
[2,054s][debug][gc,nmethod     ] Register NMethod: jdk.internal.foreign.Utils.checkNonNegativeArgument (0x00007cb613b6d108) [0x00007cb613b6d200, 0x00007cb613b6e3c8] Compiler: c1, Barriers: 0, Oops: 2, ImmediateOops: 3, NonImmediateOops: No
[2,055s][debug][gc,nmethod     ] Register NMethod: io.brackit.query.node.parser.SAX2SubtreeHandlerAdapter$TrimmingStringBuilder.length (0x00007cb613b6e408) [0x00007cb613b6e500, 0x00007cb613b6e608] Compiler: c1, Barriers: 0, Oops: 1, ImmediateOops: 0, NonImmediateOops: No
[2,055s][debug][gc,nmethod     ] Register NMethod: jdk.internal.foreign.MemorySessionImpl.addInternal (0x00007cb613b6e708) [0x00007cb613b6e800, 0x00007cb613b6f770] Compiler: c1, Barriers: 4, Oops: 0, ImmediateOops: 2, NonImmediateOops: No
[2,055s][debug][gc,nmethod     ] Register NMethod: io.sirix.axis.AbstractAxis.nextLong (0x00007cb613b6f788) [0x00007cb613b6f880, 0x00007cb613b70310] Compiler: c1, Barriers: 5, Oops: 1, ImmediateOops: 1, NonImmediateOops: No
[2,055s][debug][gc,nmethod     ] Register NMethod: io.sirix.node.xml.ElementNode.getChildCount (0x00007cb613b70388) [0x00007cb613b70480, 0x00007cb613b73e88] Compiler: c1, Barriers: 6, Oops: 6, ImmediateOops: 9, NonImmediateOops: No
[2,055s][debug][gc,nmethod     ] Register NMethod: it.unimi.dsi.fastutil.longs.AbstractLongList.topLong (0x00007cb613b73f08) [0x00007cb613b74000, 0x00007cb613b74328] Compiler: c1, Barriers: 0, Oops: 1, ImmediateOops: 0, NonImmediateOops: No
[2,055s][debug][gc,nmethod     ] Register NMethod: jdk.internal.foreign.ArenaImpl.allocate (0x00007cb613b74388) [0x00007cb613b74480, 0x00007cb613b74778] Compiler: c1, Barriers: 0, Oops: 0, ImmediateOops: 0, NonImmediateOops: No
[2,055s][debug][gc,nmethod     ] Register NMethod: it.unimi.dsi.fastutil.longs.AbstractLongList.popLong (0x00007cb613b74788) [0x00007cb613b74880, 0x00007cb613b74ba8] Compiler: c1, Barriers: 0, Oops: 1, ImmediateOops: 0, NonImmediateOops: No
[2,055s][debug][gc,nmethod     ] Register NMethod: jdk.internal.foreign.ArenaImpl.allocate (0x00007cb613b74c08) [0x00007cb613b74d00, 0x00007cb613b74e80] Compiler: c1, Barriers: 1, Oops: 0, ImmediateOops: 0, NonImmediateOops: No
[2,055s][debug][gc,nmethod     ] Register NMethod: io.sirix.node.GrowingMemorySegment.<init> (0x00007cb613b74f08) [0x00007cb613b75000, 0x00007cb613b75478] Compiler: c1, Barriers: 6, Oops: 1, ImmediateOops: 0, NonImmediateOops: No
[2,055s][debug][gc,nmethod     ] Register NMethod: it.unimi.dsi.fastutil.longs.LongArrayList.getLong (0x00007cb613b75488) [0x00007cb613b75580, 0x00007cb613b76a10] Compiler: c1, Barriers: 1, Oops: 4, ImmediateOops: 4, NonImmediateOops: No
[2,055s][debug][gc,nmethod     ] Register NMethod: it.unimi.dsi.fastutil.longs.LongArrayList.removeLong (0x00007cb613b76a88) [0x00007cb613b76b80, 0x00007cb613b782b0] Compiler: c1, Barriers: 2, Oops: 4, ImmediateOops: 4, NonImmediateOops: No
[2,055s][debug][gc,nmethod     ] Register NMethod: jdk.internal.foreign.MemorySessionImpl.addOrCleanupIfFail (0x00007cb613b78308) [0x00007cb613b78400, 0x00007cb613b78950] Compiler: c1, Barriers: 0, Oops: 0, ImmediateOops: 0, NonImmediateOops: No
[2,055s][debug][gc,nmethod     ] Register NMethod: jdk.internal.foreign.Utils.alignUp (0x00007cb613b78988) [0x00007cb613b78a80, 0x00007cb613b78b78] Compiler: c1, Barriers: 0, Oops: 0, ImmediateOops: 0, NonImmediateOops: No
[2,056s][debug][gc,nmethod     ] Register NMethod: jdk.internal.foreign.SegmentFactories.allocateMemoryWrapper (0x00007cb613b78c88) [0x00007cb613b78d80, 0x00007cb613b79138] Compiler: c1, Barriers: 0, Oops: 0, ImmediateOops: 1, NonImmediateOops: No
[2,056s][debug][gc,nmethod     ] Register NMethod: jdk.internal.foreign.SegmentFactories$1.<init> (0x00007cb613b79188) [0x00007cb613b79280, 0x00007cb613b79450] Compiler: c1, Barriers: 0, Oops: 0, ImmediateOops: 0, NonImmediateOops: No
[2,056s][debug][gc,nmethod     ] Register NMethod: jdk.internal.foreign.SegmentFactories.allocateNativeSegment (0x00007cb613b79488) [0x00007cb613b79580, 0x00007cb613b79b40] Compiler: c1, Barriers: 3, Oops: 0, ImmediateOops: 1, NonImmediateOops: No
[2,056s][debug][gc,nmethod     ] Register NMethod: com.sun.org.apache.xerces.internal.impl.XMLDocumentFragmentScannerImpl$FragmentContentDriver.next (0x00007cb613b79b88) [0x00007cb613b79c80, 0x00007cb613b877b0] Compiler: c1, Barriers: 140, Oops: 1, ImmediateOops: 14, NonImmediateOops: No
[2,056s][debug][gc,nmethod     ] Register NMethod: jdk.internal.foreign.Utils.checkAllocationSizeAndAlign (0x00007cb613b87808) [0x00007cb613b87900, 0x00007cb613b88b90] Compiler: c1, Barriers: 0, Oops: 3, ImmediateOops: 4, NonImmediateOops: No
[2,056s][debug][gc,nmethod     ] Register NMethod: jdk.internal.foreign.MemorySessionImpl.asArena (0x00007cb613b88c08) [0x00007cb613b88d00, 0x00007cb613b89190] Compiler: c1, Barriers: 3, Oops: 0, ImmediateOops: 0, NonImmediateOops: No
[2,056s][debug][gc,nmethod     ] Register NMethod: jdk.internal.foreign.Utils.checkAlign (0x00007cb613b89208) [0x00007cb613b89300, 0x00007cb613b8a058] Compiler: c1, Barriers: 0, Oops: 1, ImmediateOops: 2, NonImmediateOops: No
[2,056s][debug][gc,nmethod     ] Register NMethod: java.util.HashMap.afterNodeAccess (0x00007cb632cd8e08) [0x00007cb632cd8f00, 0x00007cb632cd8f80] Compiler: jvmci, Barriers: 0, Oops: 0, ImmediateOops: 0, NonImmediateOops: No
[2,056s][debug][gc,nmethod     ] Register NMethod: jdk.internal.foreign.ArenaImpl.<init> (0x00007cb613b8a088) [0x00007cb613b8a180, 0x00007cb613b8a560] Compiler: c1, Barriers: 3, Oops: 0, ImmediateOops: 0, NonImmediateOops: No
[2,056s][debug][gc,nmethod     ] Register NMethod: io.sirix.node.MemorySegmentBytesOut.write (0x00007cb613b8a588) [0x00007cb613b8a680, 0x00007cb613b8a818] Compiler: c1, Barriers: 1, Oops: 1, ImmediateOops: 0, NonImmediateOops: No
[2,056s][debug][gc,nmethod     ] Register NMethod: com.sun.org.apache.xerces.internal.util.XMLChar.isSpace (0x00007cb613b8a888) [0x00007cb613b8a980, 0x00007cb613b8ab08] Compiler: c1, Barriers: 0, Oops: 0, ImmediateOops: 1, NonImmediateOops: No
[2,056s][debug][gc,nmethod     ] Register NMethod: jdk.internal.foreign.SegmentFactories.allocateNativeInternal (0x00007cb613b8ab88) [0x00007cb613b8ac80, 0x00007cb613b8e0d8] Compiler: c1, Barriers: 3, Oops: 3, ImmediateOops: 11, NonImmediateOops: No
[2,057s][debug][gc,nmethod     ] Register NMethod: io.sirix.node.MemorySegmentBytesOut.write (0x00007cb613b8e108) [0x00007cb613b8e200, 0x00007cb613b8e418] Compiler: c1, Barriers: 1, Oops: 1, ImmediateOops: 0, NonImmediateOops: No
[2,057s][debug][gc,nmethod     ] Register NMethod: jdk.internal.foreign.MemorySessionImpl$ResourceList.<init> (0x00007cb613b8e488) [0x00007cb613b8e580, 0x00007cb613b8e6d8] Compiler: c1, Barriers: 0, Oops: 0, ImmediateOops: 0, NonImmediateOops: No
[2,057s][debug][gc,nmethod     ] Register NMethod: io.brackit.query.atomic.Una.stringValue (0x00007cb632cd9108) [0x00007cb632cd9200, 0x00007cb632cd92e8] Compiler: c1, Barriers: 1, Oops: 1, ImmediateOops: 0, NonImmediateOops: No
[2,057s][debug][gc,nmethod     ] Register NMethod: io.sirix.node.MemorySegmentBytesOut.getDestination (0x00007cb613b8e788) [0x00007cb613b8e880, 0x00007cb613b8ea08] Compiler: c1, Barriers: 1, Oops: 1, ImmediateOops: 0, NonImmediateOops: No
[2,057s][debug][gc,director    ] Rule Major: Warmup 10%, Used: 294MB, UsedThreshold: 1228MB
[2,057s][debug][gc,nmethod     ] Register NMethod: io.sirix.node.xml.TextNode.getDescendantCount (0x00007cb632cd9408) [0x00007cb632cd9500, 0x00007cb632cd95c0] Compiler: c1, Barriers: 0, Oops: 1, ImmediateOops: 0, NonImmediateOops: No
[2,057s][debug][gc,nmethod     ] Register NMethod: jdk.internal.foreign.MemorySessionImpl.ownerThread (0x00007cb632cd9708) [0x00007cb632cd9800, 0x00007cb632cd98e8] Compiler: c1, Barriers: 1, Oops: 0, ImmediateOops: 0, NonImmediateOops: No
[2,057s][debug][gc,nmethod     ] Register NMethod: io.sirix.access.trx.page.NodePageTrx.getActualRevisionRootPage (0x00007cb613b8ea88) [0x00007cb613b8eb80, 0x00007cb613b8f028] Compiler: c1, Barriers: 2, Oops: 1, ImmediateOops: 1, NonImmediateOops: No
[2,057s][debug][gc,nmethod     ] Register NMethod: io.sirix.node.AbstractForwardingNode.getParentKey (0x00007cb613b8f088) [0x00007cb613b8f180, 0x00007cb613b8f4b0] Compiler: c1, Barriers: 0, Oops: 1, ImmediateOops: 0, NonImmediateOops: No
[2,057s][debug][gc,nmethod     ] Register NMethod: java.lang.invoke.VarHandleReferences$FieldInstanceReadOnly.getVolatile (0x00007cb613b8f508) [0x00007cb613b8f600, 0x00007cb613b90028] Compiler: c1, Barriers: 2, Oops: 1, ImmediateOops: 0, NonImmediateOops: No
[2,057s][debug][gc,nmethod     ] Register NMethod: jdk.internal.foreign.SharedSession$SharedResourceList.<init> (0x00007cb613b90088) [0x00007cb613b90180, 0x00007cb613b90338] Compiler: c1, Barriers: 0, Oops: 0, ImmediateOops: 0, NonImmediateOops: No
[2,057s][debug][gc,nmethod     ] Register NMethod: jdk.internal.misc.Unsafe.putLongUnaligned (0x00007cb632cd9a08) [0x00007cb632cd9b00, 0x00007cb632cd9bc0] Compiler: jvmci, Barriers: 0, Oops: 0, ImmediateOops: 0, NonImmediateOops: No
[2,057s][debug][gc,nmethod     ] Register NMethod: java.lang.foreign.Arena.ofAuto (0x00007cb613b90388) [0x00007cb613b90480, 0x00007cb613b90f88] Compiler: c1, Barriers: 6, Oops: 1, ImmediateOops: 1, NonImmediateOops: No
[2,058s][debug][gc,nmethod     ] Register NMethod: io.sirix.node.GrowingMemorySegment.<init> (0x00007cb613b91008) [0x00007cb613b91100, 0x00007cb613b91cd0] Compiler: c1, Barriers: 6, Oops: 2, ImmediateOops: 1, NonImmediateOops: No
[2,058s][debug][gc,nmethod     ] Register NMethod: jdk.internal.foreign.MemorySessionImpl.createImplicit (0x00007cb613b91d08) [0x00007cb613b91e00, 0x00007cb613b924b8] Compiler: c1, Barriers: 3, Oops: 0, ImmediateOops: 0, NonImmediateOops: No
[2,058s][debug][gc,nmethod     ] Register NMethod: jdk.internal.foreign.SharedSession$SharedResourceList.add (0x00007cb613b92508) [0x00007cb613b92600, 0x00007cb613b950e8] Compiler: c1, Barriers: 9, Oops: 7, ImmediateOops: 21, NonImmediateOops: No
[2,058s][debug][gc,nmethod     ] Register NMethod: jdk.internal.foreign.SharedSession.<init> (0x00007cb613b95188) [0x00007cb613b95280, 0x00007cb613b95698] Compiler: c1, Barriers: 6, Oops: 0, ImmediateOops: 0, NonImmediateOops: No
[2,058s][debug][gc,nmethod     ] Register NMethod: io.sirix.node.xml.TextNode.hasLeftSibling (0x00007cb613b95708) [0x00007cb613b95800, 0x00007cb613b9ac38] Compiler: c1, Barriers: 19, Oops: 7, ImmediateOops: 12, NonImmediateOops: No
[2,058s][debug][gc,nmethod     ] Register NMethod: io.sirix.node.GrowingMemorySegment.write (0x00007cb613b9ac88) [0x00007cb613b9ad80, 0x00007cb613ba0930] Compiler: c1, Barriers: 7, Oops: 6, ImmediateOops: 13, NonImmediateOops: No
[2,058s][debug][gc,nmethod     ] Register NMethod: java.nio.ByteBuffer.order (0x00007cb613ba0988) [0x00007cb613ba0a80, 0x00007cb613ba0ca0] Compiler: c1, Barriers: 0, Oops: 0, ImmediateOops: 1, NonImmediateOops: No
[2,058s][debug][gc,nmethod     ] Register NMethod: io.sirix.node.BytesOut.asBytesIn (0x00007cb613ba0d08) [0x00007cb613ba0e00, 0x00007cb613ba1aa8] Compiler: c1, Barriers: 4, Oops: 1, ImmediateOops: 0, NonImmediateOops: No
[2,059s][debug][gc,nmethod     ] Register NMethod: net.openhft.hashing.XXH3.XXH3_avalanche (0x00007cb613ba1b08) [0x00007cb613ba1c00, 0x00007cb613ba1d10] Compiler: c1, Barriers: 0, Oops: 1, ImmediateOops: 0, NonImmediateOops: No
[2,060s][debug][gc,nmethod     ] Register NMethod: io.sirix.node.Bytes.elasticOffHeapByteBuffer (0x00007cb613ba1e08) [0x00007cb613ba1f00, 0x00007cb613ba2848] Compiler: c1, Barriers: 6, Oops: 2, ImmediateOops: 1, NonImmediateOops: No
[2,060s][debug][gc,nmethod     ] Register NMethod: io.sirix.node.GrowingMemorySegment.<init> (0x00007cb613ba2888) [0x00007cb613ba2980, 0x00007cb613ba35b0] Compiler: c1, Barriers: 6, Oops: 2, ImmediateOops: 1, NonImmediateOops: No
[2,060s][debug][gc,nmethod     ] Register NMethod: io.sirix.node.MemorySegmentBytesOut.<init> (0x00007cb613ba3608) [0x00007cb613ba3700, 0x00007cb613ba44d0] Compiler: c1, Barriers: 9, Oops: 2, ImmediateOops: 1, NonImmediateOops: No
[2,060s][debug][gc,nmethod     ] Register NMethod: net.openhft.hashing.UnsafeAccess.byteOrder (0x00007cb613ba4508) [0x00007cb613ba4600, 0x00007cb613ba4760] Compiler: c1, Barriers: 0, Oops: 1, ImmediateOops: 1, NonImmediateOops: No
[2,060s][debug][gc,nmethod     ] Register NMethod: net.openhft.hashing.Access.byteOrder (0x00007cb613ba4808) [0x00007cb613ba4900, 0x00007cb613ba4e58] Compiler: c1, Barriers: 0, Oops: 1, ImmediateOops: 0, NonImmediateOops: No
[2,060s][debug][gc,nmethod     ] Register NMethod: io.sirix.access.trx.node.AbstractNodeTrxImpl.assertRunning (0x00007cb613ba4e88) [0x00007cb613ba4f80, 0x00007cb613ba5500] Compiler: c1, Barriers: 3, Oops: 1, ImmediateOops: 2, NonImmediateOops: No
[2,060s][debug][gc,nmethod     ] Register NMethod: io.sirix.access.trx.node.AbstractNodeReadOnlyTrx.storeDeweyIDs (0x00007cb613ba5588) [0x00007cb613ba5680, 0x00007cb613ba5bb0] Compiler: c1, Barriers: 2, Oops: 1, ImmediateOops: 1, NonImmediateOops: No
[2,060s][debug][gc,nmethod     ] Register NMethod: io.sirix.access.trx.node.xml.ForwardingXmlNodeReadOnlyTrx.storeDeweyIDs (0x00007cb613ba5c08) [0x00007cb613ba5d00, 0x00007cb613ba6300] Compiler: c1, Barriers: 1, Oops: 1, ImmediateOops: 0, NonImmediateOops: No
[2,060s][debug][gc,nmethod     ] Register NMethod: java.lang.Math.multiplyHigh (0x00007cb632cd9d08) [0x00007cb632cd9e00, 0x00007cb632cd9eb0] Compiler: jvmci, Barriers: 0, Oops: 0, ImmediateOops: 0, NonImmediateOops: No
[2,060s][debug][gc,nmethod     ] Register NMethod: io.sirix.access.trx.node.AbstractNodeTrxImpl.checkAccessAndCommit (0x00007cb613ba6388) [0x00007cb613ba6480, 0x00007cb613ba7008] Compiler: c1, Barriers: 4, Oops: 1, ImmediateOops: 3, NonImmediateOops: No
[2,060s][debug][gc,nmethod     ] Register NMethod: io.sirix.access.trx.node.AbstractNodeTrxImpl.intermediateCommitIfRequired (0x00007cb613ba7088) [0x00007cb613ba7180, 0x00007cb613ba7ef8] Compiler: c1, Barriers: 1, Oops: 3, ImmediateOops: 4, NonImmediateOops: No
[2,061s][debug][gc,nmethod     ] Register NMethod: jdk.internal.foreign.AbstractMemorySegmentImpl.asSlice (0x00007cb613ba7f88) [0x00007cb613ba8080, 0x00007cb613ba8378] Compiler: c1, Barriers: 0, Oops: 0, ImmediateOops: 0, NonImmediateOops: No
[2,061s][debug][gc,nmethod     ] Register NMethod: io.sirix.node.MemorySegmentBytesIn.getUnderlying (0x00007cb613ba8388) [0x00007cb613ba8480, 0x00007cb613ba8a68] Compiler: c1, Barriers: 1, Oops: 1, ImmediateOops: 0, NonImmediateOops: No
[2,061s][debug][gc,nmethod     ] Register NMethod: io.sirix.node.MemorySegmentBytesIn.getUnderlying (0x00007cb613ba8a88) [0x00007cb613ba8b80, 0x00007cb613ba9100] Compiler: c1, Barriers: 1, Oops: 1, ImmediateOops: 0, NonImmediateOops: No
[2,061s][debug][gc,nmethod     ] Register NMethod: io.sirix.access.trx.node.xml.XmlNodeHashing.getStructuralNode (0x00007cb613ba9188) [0x00007cb613ba9280, 0x00007cb613ba95e0] Compiler: c1, Barriers: 1, Oops: 1, ImmediateOops: 0, NonImmediateOops: No
[2,061s][debug][gc,nmethod     ] Register NMethod: jdk.internal.foreign.AbstractMemorySegmentImpl.asSlice (0x00007cb613ba9608) [0x00007cb613ba9700, 0x00007cb613ba9b40] Compiler: c1, Barriers: 0, Oops: 0, ImmediateOops: 0, NonImmediateOops: No
[2,061s][debug][gc,nmethod     ] Register NMethod: io.sirix.access.trx.node.AbstractNodeHashing.adaptHashesWithAdd (0x00007cb613ba9b88) [0x00007cb613ba9c80, 0x00007cb613baa158] Compiler: c1, Barriers: 1, Oops: 1, ImmediateOops: 1, NonImmediateOops: No
[2,061s][debug][gc,nmethod     ] Register NMethod: net.openhft.hashing.LongHashFunction.unsafeHash (0x00007cb613baa188) [0x00007cb613baa280, 0x00007cb613baa590] Compiler: c1, Barriers: 0, Oops: 1, ImmediateOops: 1, NonImmediateOops: No
[2,061s][debug][gc,nmethod     ] Register NMethod: net.openhft.hashing.XXH3$AsLongHashFunction.hash (0x00007cb613baa608) [0x00007cb613baa700, 0x00007cb613baaf50] Compiler: c1, Barriers: 0, Oops: 3, ImmediateOops: 2, NonImmediateOops: No
[2,061s][debug][gc,nmethod     ] Register NMethod: net.openhft.hashing.XXH3.access$100 (0x00007cb613baaf88) [0x00007cb613bab080, 0x00007cb613bab168] Compiler: c1, Barriers: 0, Oops: 1, ImmediateOops: 1, NonImmediateOops: No
[2,061s][debug][gc,nmethod     ] Register NMethod: io.sirix.access.trx.node.AbstractNodeHashing.rollingAdd (0x00007cb613bab288) [0x00007cb613bab380, 0x00007cb613bb06e0] Compiler: c1, Barriers: 15, Oops: 1, ImmediateOops: 2, NonImmediateOops: No
[2,061s][debug][gc,nmethod     ] Register NMethod: net.openhft.hashing.XXH3.access$500 (0x00007cb613bb0708) [0x00007cb613bb0800, 0x00007cb613bb0910] Compiler: c1, Barriers: 0, Oops: 1, ImmediateOops: 0, NonImmediateOops: No
[2,061s][debug][gc,nmethod     ] Register NMethod: io.sirix.access.trx.node.xml.XmlNodeHashing.setCurrentNode (0x00007cb613bb0a08) [0x00007cb613bb0b00, 0x00007cb613bb1668] Compiler: c1, Barriers: 4, Oops: 1, ImmediateOops: 1, NonImmediateOops: No
[2,061s][debug][gc,nmethod     ] Register NMethod: io.sirix.access.trx.node.AbstractNodeHashing.isValueNode (0x00007cb613bb1688) [0x00007cb613bb1780, 0x00007cb613bb3348] Compiler: c1, Barriers: 0, Oops: 1, ImmediateOops: 12, NonImmediateOops: No
[2,062s][debug][gc,nmethod     ] Register NMethod: io.brackit.query.jdm.node.AbstractTemporalNode.<init> (0x00007cb613bb3388) [0x00007cb613bb3480, 0x00007cb613bb36f8] Compiler: c1, Barriers: 0, Oops: 1, ImmediateOops: 0, NonImmediateOops: No
[2,062s][debug][gc,nmethod     ] Register NMethod: io.sirix.access.trx.node.xml.XmlNodeHashing.setCurrentNode (0x00007cb613bb3708) [0x00007cb613bb3800, 0x00007cb613bb3f28] Compiler: c1, Barriers: 4, Oops: 1, ImmediateOops: 1, NonImmediateOops: No
[2,062s][debug][gc,nmethod     ] Register NMethod: io.sirix.access.trx.node.AbstractIndexController.notifyChange (0x00007cb613bb3f88) [0x00007cb613bb4080, 0x00007cb613bb4f38] Compiler: c1, Barriers: 2, Oops: 1, ImmediateOops: 0, NonImmediateOops: No
[2,062s][debug][gc,nmethod     ] Register NMethod: io.sirix.query.node.XmlDBNode.<init> (0x00007cb613bb4f88) [0x00007cb613bb5080, 0x00007cb613bb6910] Compiler: c1, Barriers: 16, Oops: 1, ImmediateOops: 1, NonImmediateOops: No
[2,062s][debug][gc,nmethod     ] Register NMethod: io.sirix.access.trx.node.xml.ForwardingXmlNodeReadOnlyTrx.getResourceSession (0x00007cb613bb6988) [0x00007cb613bb6a80, 0x00007cb613bb7078] Compiler: c1, Barriers: 1, Oops: 1, ImmediateOops: 0, NonImmediateOops: No
[2,062s][debug][gc,nmethod     ] Register NMethod: io.brackit.query.node.AbstractNode.<init> (0x00007cb613bb7088) [0x00007cb613bb7180, 0x00007cb613bb7398] Compiler: c1, Barriers: 0, Oops: 1, ImmediateOops: 0, NonImmediateOops: No
[2,062s][debug][gc,nmethod     ] Register NMethod: io.sirix.access.trx.node.xml.ForwardingXmlNodeReadOnlyTrx.getKind (0x00007cb613bb7408) [0x00007cb613bb7500, 0x00007cb613bb7af8] Compiler: c1, Barriers: 1, Oops: 1, ImmediateOops: 0, NonImmediateOops: No
[2,062s][debug][gc,nmethod     ] Register NMethod: io.sirix.access.trx.node.xml.XmlNodeReadOnlyTrxImpl.getResourceSession (0x00007cb613bb7b08) [0x00007cb613bb7c00, 0x00007cb613bb8278] Compiler: c1, Barriers: 1, Oops: 1, ImmediateOops: 1, NonImmediateOops: No
[2,062s][debug][gc,nmethod     ] Register NMethod: java.nio.HeapCharBuffer.<init> (0x00007cb613bb8288) [0x00007cb613bb8380, 0x00007cb613bb84f8] Compiler: c1, Barriers: 0, Oops: 0, ImmediateOops: 0, NonImmediateOops: No
[2,062s][debug][gc,nmethod     ] Register NMethod: java.nio.CharBuffer.wrap (0x00007cb613bb8588) [0x00007cb613bb8680, 0x00007cb613bb88f0] Compiler: c1, Barriers: 0, Oops: 0, ImmediateOops: 0, NonImmediateOops: No
[2,062s][debug][gc,nmethod     ] Register NMethod: io.sirix.node.xml.AbstractStructForwardingNode.getDescendantCount (0x00007cb613bb8908) [0x00007cb613bb8a00, 0x00007cb613bb8d30] Compiler: c1, Barriers: 0, Oops: 1, ImmediateOops: 0, NonImmediateOops: No
[2,063s][debug][gc,nmethod     ] Register NMethod: io.sirix.access.trx.node.xml.ForwardingXmlNodeReadOnlyTrx.moveTo (0x00007cb613bb8d88) [0x00007cb613bb8e80, 0x00007cb613bb9480] Compiler: c1, Barriers: 1, Oops: 1, ImmediateOops: 0, NonImmediateOops: No
[2,063s][debug][gc,nmethod     ] Register NMethod: java.util.Objects.checkFromIndexSize (0x00007cb632cda008) [0x00007cb632cda100, 0x00007cb632cda1b0] Compiler: jvmci, Barriers: 0, Oops: 0, ImmediateOops: 0, NonImmediateOops: No
[2,063s][debug][gc,nmethod     ] Register NMethod: jdk.internal.foreign.SegmentFactories.initNativeMemory (0x00007cb632cda308) [0x00007cb632cda400, 0x00007cb632cda6a8] Compiler: jvmci, Barriers: 0, Oops: 0, ImmediateOops: 0, NonImmediateOops: No
[2,063s][debug][gc,nmethod     ] Register NMethod: io.sirix.node.xml.ElementNode.getPathNodeKey (0x00007cb613bb9508) [0x00007cb613bb9600, 0x00007cb613bbe5f0] Compiler: c1, Barriers: 19, Oops: 7, ImmediateOops: 11, NonImmediateOops: No
[2,063s][debug][gc,nmethod     ] Register NMethod: io.sirix.node.xml.AbstractStructForwardingNode.setDescendantCount (0x00007cb613bbe688) [0x00007cb613bbe780, 0x00007cb613bbeac0] Compiler: c1, Barriers: 0, Oops: 1, ImmediateOops: 0, NonImmediateOops: No
[2,063s][debug][gc,nmethod     ] Register NMethod: net.openhft.hashing.UnsafeAccess.getLong (0x00007cb632cda708) [0x00007cb632cda800, 0x00007cb632cda888] Compiler: jvmci, Barriers: 0, Oops: 1, ImmediateOops: 0, NonImmediateOops: No
[2,063s][debug][gc,nmethod     ] Register NMethod: io.sirix.axis.ChildAxis.nextKey (0x00007cb613bbeb08) [0x00007cb613bbec00, 0x00007cb613bbfc30] Compiler: c1, Barriers: 1, Oops: 1, ImmediateOops: 1, NonImmediateOops: No
[2,063s][debug][gc,nmethod     ] Register NMethod: io.sirix.node.xml.ElementNode.incrementChildCount (0x00007cb613bbfc88) [0x00007cb613bbfd80, 0x00007cb613bc04b0] Compiler: c1, Barriers: 1, Oops: 1, ImmediateOops: 0, NonImmediateOops: No
[2,063s][debug][gc,nmethod     ] Register NMethod: net.openhft.hashing.Access.i64 (0x00007cb632cdaa08) [0x00007cb632cdab00, 0x00007cb632cdabc0] Compiler: jvmci, Barriers: 0, Oops: 1, ImmediateOops: 0, NonImmediateOops: No
[2,063s][debug][gc,nmethod     ] Register NMethod: com.sun.org.apache.xerces.internal.impl.XMLEntityScanner.skipSpaces (0x00007cb613bc0508) [0x00007cb613bc0600, 0x00007cb613bc18a0] Compiler: c1, Barriers: 16, Oops: 0, ImmediateOops: 2, NonImmediateOops: No
[2,064s][debug][gc,nmethod     ] Register NMethod: io.sirix.access.trx.page.NodePageReadOnlyTrx.pageKey (0x00007cb632cdad08) [0x00007cb632cdae00, 0x00007cb632cdaf50] Compiler: jvmci, Barriers: 0, Oops: 1, ImmediateOops: 0, NonImmediateOops: No
[2,064s][debug][gc,nmethod     ] Register NMethod: io.sirix.access.trx.node.xml.XmlNodeTrxImpl.adaptForInsert (0x00007cb613bc1908) [0x00007cb613bc1a00, 0x00007cb613bc47c8] Compiler: c1, Barriers: 3, Oops: 1, ImmediateOops: 3, NonImmediateOops: No
[2,064s][debug][gc,nmethod     ] Register NMethod: io.sirix.node.xml.TextNode.hasRightSibling (0x00007cb613bc4808) [0x00007cb613bc4900, 0x00007cb613bc9d38] Compiler: c1, Barriers: 19, Oops: 7, ImmediateOops: 12, NonImmediateOops: No
[2,065s][debug][gc,nmethod     ] Register NMethod: io.sirix.node.xml.ElementNode.setChildCount (0x00007cb613bc9d88) [0x00007cb613bc9e80, 0x00007cb613bcd9a0] Compiler: c1, Barriers: 6, Oops: 6, ImmediateOops: 10, NonImmediateOops: No
[2,065s][debug][gc,nmethod     ] Register NMethod: java.util.Arrays.hashCode (0x00007cb632cdb008) [0x00007cb632cdb100, 0x00007cb632cdb5b8] Compiler: jvmci, Barriers: 5, Oops: 0, ImmediateOops: 0, NonImmediateOops: No
[2,065s][debug][gc,nmethod     ] Register NMethod: io.sirix.index.path.summary.PathSummaryReader.isNameNode (0x00007cb613bcda08) [0x00007cb613bcdb00, 0x00007cb613bcdfc0] Compiler: c1, Barriers: 1, Oops: 1, ImmediateOops: 1, NonImmediateOops: No
[2,065s][debug][gc,nmethod     ] Register NMethod: io.sirix.index.path.summary.PathSummaryReader.getLocalNameKey (0x00007cb613bce008) [0x00007cb613bce100, 0x00007cb613bcea38] Compiler: c1, Barriers: 1, Oops: 1, ImmediateOops: 1, NonImmediateOops: No
[2,065s][debug][gc,nmethod     ] Register NMethod: io.sirix.access.trx.page.NodePageReadOnlyTrx.getValue (0x00007cb632cdb608) [0x00007cb632cdb700, 0x00007cb632cdb8a0] Compiler: jvmci, Barriers: 2, Oops: 1, ImmediateOops: 0, NonImmediateOops: No
[2,066s][debug][gc,nmethod     ] Register NMethod: io.sirix.index.path.summary.PathNode.getLocalNameKey (0x00007cb613bcea88) [0x00007cb613bceb80, 0x00007cb613bcece0] Compiler: c1, Barriers: 1, Oops: 1, ImmediateOops: 0, NonImmediateOops: No
[2,066s][debug][gc,nmethod     ] Register NMethod: io.sirix.page.RevisionRootPage.incrementAndGetMaxNodeKeyInDocumentIndex (0x00007cb613bced88) [0x00007cb613bcee80, 0x00007cb613bcef90] Compiler: c1, Barriers: 0, Oops: 1, ImmediateOops: 0, NonImmediateOops: No
[2,066s][debug][gc,nmethod     ] Register NMethod: io.sirix.axis.filter.PathNameFilter.filter (0x00007cb613bcf088) [0x00007cb613bcf180, 0x00007cb613bd1980] Compiler: c1, Barriers: 5, Oops: 1, ImmediateOops: 3, NonImmediateOops: No
[2,066s][debug][gc,nmethod     ] Register NMethod: io.sirix.node.xml.ElementNode.getFirstChildKey (0x00007cb613bd1a08) [0x00007cb613bd1b00, 0x00007cb613bd6af0] Compiler: c1, Barriers: 19, Oops: 7, ImmediateOops: 11, NonImmediateOops: No
[2,067s][debug][gc,nmethod     ] Register NMethod: java.util.ArrayDeque.removeFirst (0x00007cb613bd6b88) [0x00007cb613bd6c80, 0x00007cb613bd6ec8] Compiler: c1, Barriers: 0, Oops: 0, ImmediateOops: 0, NonImmediateOops: No
[2,067s][debug][gc,director    ] Rule Major: Warmup 10%, Used: 294MB, UsedThreshold: 1228MB
[2,067s][debug][gc,nmethod     ] Register NMethod: io.sirix.axis.AbstractAxis.reset (0x00007cb613bd6f08) [0x00007cb613bd7000, 0x00007cb613bd7188] Compiler: c1, Barriers: 3, Oops: 1, ImmediateOops: 1, NonImmediateOops: No
[2,067s][debug][gc,nmethod     ] Register NMethod: io.sirix.axis.filter.AbstractFilter.getTrx (0x00007cb613bd7208) [0x00007cb613bd7300, 0x00007cb613bd7600] Compiler: c1, Barriers: 1, Oops: 1, ImmediateOops: 0, NonImmediateOops: No
[2,067s][debug][gc,nmethod     ] Register NMethod: io.sirix.axis.filter.AbstractFilter.<init> (0x00007cb613bd7688) [0x00007cb613bd7780, 0x00007cb613bd7cb8] Compiler: c1, Barriers: 3, Oops: 1, ImmediateOops: 0, NonImmediateOops: No
[2,067s][debug][gc,nmethod     ] Register NMethod: io.sirix.axis.AbstractAxis.<init> (0x00007cb613bd7d08) [0x00007cb613bd7e00, 0x00007cb613bd8850] Compiler: c1, Barriers: 9, Oops: 1, ImmediateOops: 2, NonImmediateOops: No
[2,067s][debug][gc,nmethod     ] Register NMethod: java.nio.MappedByteBuffer.limit (0x00007cb613bd8888) [0x00007cb613bd8980, 0x00007cb613bd8d40] Compiler: c1, Barriers: 0, Oops: 0, ImmediateOops: 0, NonImmediateOops: No
[2,067s][debug][gc,nmethod     ] Register NMethod: io.sirix.index.path.summary.PathNode.getLevel (0x00007cb632cdb908) [0x00007cb632cdba00, 0x00007cb632cdbac0] Compiler: c1, Barriers: 0, Oops: 1, ImmediateOops: 0, NonImmediateOops: No
[2,067s][debug][gc,nmethod     ] Register NMethod: io.sirix.index.path.summary.PathSummaryReader.getPathNode (0x00007cb613bd8d88) [0x00007cb613bd8e80, 0x00007cb613bd9580] Compiler: c1, Barriers: 1, Oops: 1, ImmediateOops: 1, NonImmediateOops: No
[2,067s][debug][gc,nmethod     ] Register NMethod: java.nio.ByteBuffer.<init> (0x00007cb613bd9608) [0x00007cb613bd9700, 0x00007cb613bd9848] Compiler: c1, Barriers: 0, Oops: 0, ImmediateOops: 0, NonImmediateOops: No
[2,067s][debug][gc,nmethod     ] Register NMethod: java.lang.String.getBytes (0x00007cb613bd9908) [0x00007cb613bd9a00, 0x00007cb613bd9e98] Compiler: c1, Barriers: 1, Oops: 0, ImmediateOops: 0, NonImmediateOops: No
[2,067s][debug][gc,nmethod     ] Register NMethod: java.nio.MappedByteBuffer.position (0x00007cb613bd9f08) [0x00007cb613bda000, 0x00007cb613bda3c0] Compiler: c1, Barriers: 0, Oops: 0, ImmediateOops: 0, NonImmediateOops: No
[2,067s][debug][gc,nmethod     ] Register NMethod: jdk.xml.internal.XMLLimitAnalyzer.addValue (0x00007cb613bda408) [0x00007cb613bda500, 0x00007cb613bda9d0] Compiler: c1, Barriers: 0, Oops: 0, ImmediateOops: 0, NonImmediateOops: No
[2,068s][debug][gc,nmethod     ] Register NMethod: jdk.xml.internal.XMLLimitAnalyzer.addValue (0x00007cb613bdaa08) [0x00007cb613bdab20, 0x00007cb613bddc40] Compiler: c1, Barriers: 17, Oops: 0, ImmediateOops: 12, NonImmediateOops: No
[2,068s][debug][gc,nmethod     ] Register NMethod: java.nio.MappedByteBuffer.<init> (0x00007cb613bddc88) [0x00007cb613bddd80, 0x00007cb613bddf50] Compiler: c1, Barriers: 3, Oops: 0, ImmediateOops: 0, NonImmediateOops: No
[2,068s][debug][gc,nmethod     ] Register NMethod: java.nio.MappedByteBuffer.limit (0x00007cb613bddf88) [0x00007cb613bde080, 0x00007cb613bde440] Compiler: c1, Barriers: 0, Oops: 0, ImmediateOops: 0, NonImmediateOops: No
[2,068s][debug][gc,nmethod     ] Register NMethod: com.sun.org.apache.xerces.internal.impl.XMLEntityScanner.normalizeNewlines (0x00007cb613bde488) [0x00007cb613bde580, 0x00007cb613bdf8a0] Compiler: c1, Barriers: 17, Oops: 0, ImmediateOops: 0, NonImmediateOops: No
[2,069s][debug][gc,nmethod     ] Register NMethod: java.nio.MappedByteBuffer.rewind (0x00007cb613bdf908) [0x00007cb613bdfa00, 0x00007cb613bdfbd0] Compiler: c1, Barriers: 0, Oops: 0, ImmediateOops: 0, NonImmediateOops: No
[2,069s][debug][gc,nmethod     ] Register NMethod: java.nio.MappedByteBuffer.rewind (0x00007cb613bdfc08) [0x00007cb613bdfd00, 0x00007cb613be00e8] Compiler: c1, Barriers: 0, Oops: 0, ImmediateOops: 0, NonImmediateOops: No
[2,069s][debug][gc,nmethod     ] Register NMethod: java.nio.ByteBuffer.rewind (0x00007cb613be0108) [0x00007cb613be0200, 0x00007cb613be0368] Compiler: c1, Barriers: 0, Oops: 0, ImmediateOops: 0, NonImmediateOops: No
[2,069s][debug][gc,nmethod     ] Register NMethod: jdk.internal.foreign.SegmentFactories.initNativeMemory (0x00007cb632cdbc08) [0x00007cb632cdbd00, 0x00007cb632cdbea8] Compiler: jvmci, Barriers: 0, Oops: 0, ImmediateOops: 0, NonImmediateOops: No
[2,069s][debug][gc,nmethod     ] Register NMethod: io.sirix.node.SirixDeweyID.<init> (0x00007cb613be0408) [0x00007cb613be0500, 0x00007cb613be0730] Compiler: c1, Barriers: 3, Oops: 1, ImmediateOops: 0, NonImmediateOops: No
[2,069s][debug][gc,nmethod     ] Register NMethod: io.sirix.node.delegates.StructNodeDelegate.hasRightSibling (0x00007cb613be0788) [0x00007cb613be0880, 0x00007cb613be0bd8] Compiler: c1, Barriers: 0, Oops: 1, ImmediateOops: 1, NonImmediateOops: No
[2,069s][debug][gc,nmethod     ] Register NMethod: jdk.internal.foreign.Utils.isAligned (0x00007cb613be0c08) [0x00007cb613be0d00, 0x00007cb613be0e40] Compiler: c1, Barriers: 0, Oops: 0, ImmediateOops: 0, NonImmediateOops: No
[2,069s][debug][gc,nmethod     ] Register NMethod: io.sirix.node.xml.AbstractStructForwardingNode.hasRightSibling (0x00007cb613be0f08) [0x00007cb613be1000, 0x00007cb613be15c8] Compiler: c1, Barriers: 0, Oops: 1, ImmediateOops: 1, NonImmediateOops: No
[2,069s][debug][gc,nmethod     ] Register NMethod: jdk.internal.foreign.ImplicitSession.<init> (0x00007cb613be1608) [0x00007cb613be1700, 0x00007cb613be1d90] Compiler: c1, Barriers: 6, Oops: 0, ImmediateOops: 0, NonImmediateOops: No
[2,069s][debug][gc,nmethod     ] Register NMethod: io.sirix.access.trx.node.xml.ForwardingXmlNodeReadOnlyTrx.moveToParent (0x00007cb613be1e08) [0x00007cb613be1f00, 0x00007cb613be2500] Compiler: c1, Barriers: 1, Oops: 1, ImmediateOops: 0, NonImmediateOops: No
[2,070s][debug][gc,nmethod     ] Register NMethod: io.sirix.access.trx.page.NodePageTrx.getMostRecentPageContainer (0x00007cb632cdbf08) [0x00007cb632cdc000, 0x00007cb632cdc418] Compiler: jvmci, Barriers: 9, Oops: 1, ImmediateOops: 1, NonImmediateOops: No
[2,070s][debug][gc,nmethod     ] Register NMethod: io.brackit.query.atomic.QNm.<init> (0x00007cb613be2588) [0x00007cb613be2680, 0x00007cb613be2b28] Compiler: c1, Barriers: 9, Oops: 1, ImmediateOops: 3, NonImmediateOops: No
[2,070s][debug][gc,nmethod     ] Register NMethod: io.sirix.access.trx.node.AbstractNodeReadOnlyTrx.moveToParent (0x00007cb613be2b88) [0x00007cb613be2c80, 0x00007cb613be34e0] Compiler: c1, Barriers: 1, Oops: 1, ImmediateOops: 1, NonImmediateOops: No
[2,070s][debug][gc,nmethod     ] Register NMethod: io.sirix.index.IndexType.getID (0x00007cb632cdc488) [0x00007cb632cdc580, 0x00007cb632cdc648] Compiler: c1, Barriers: 0, Oops: 1, ImmediateOops: 0, NonImmediateOops: No
[2,070s][debug][gc,nmethod     ] Register NMethod: net.openhft.hashing.XXH3.XXH3_64bits_internal (0x00007cb613be3508) [0x00007cb613be3600, 0x00007cb613c01fc8] Compiler: c1, Barriers: 0, Oops: 3, ImmediateOops: 136, NonImmediateOops: No
[2,070s][debug][gc,nmethod     ] Register NMethod: com.sun.org.apache.xerces.internal.parsers.AbstractSAXParser$AttributesProxy.setAttributes (0x00007cb632cdc788) [0x00007cb632cdc880, 0x00007cb632cdc9b0] Compiler: c1, Barriers: 3, Oops: 0, ImmediateOops: 0, NonImmediateOops: No
[2,070s][debug][gc,nmethod     ] Register NMethod: java.util.ArrayDeque.push (0x00007cb613c02008) [0x00007cb613c02100, 0x00007cb613c02248] Compiler: c1, Barriers: 0, Oops: 0, ImmediateOops: 0, NonImmediateOops: No
[2,070s][debug][gc,nmethod     ] Register NMethod: java.util.ArrayDeque.dec (0x00007cb613c02308) [0x00007cb613c02400, 0x00007cb613c02518] Compiler: c1, Barriers: 0, Oops: 0, ImmediateOops: 0, NonImmediateOops: No
[2,070s][debug][gc,nmethod     ] Register NMethod: java.util.ArrayDeque.addFirst (0x00007cb613c02608) [0x00007cb613c02700, 0x00007cb613c02ce0] Compiler: c1, Barriers: 4, Oops: 0, ImmediateOops: 0, NonImmediateOops: No
[2,070s][debug][gc,nmethod     ] Register NMethod: com.sun.org.apache.xerces.internal.util.XMLChar.isNameStart (0x00007cb613c02d08) [0x00007cb613c02e00, 0x00007cb613c02f90] Compiler: c1, Barriers: 0, Oops: 0, ImmediateOops: 1, NonImmediateOops: No
[2,070s][debug][gc,nmethod     ] Register NMethod: jdk.internal.foreign.AbstractMemorySegmentImpl.checkArraySize (0x00007cb613c03008) [0x00007cb613c03100, 0x00007cb613c05f00] Compiler: c1, Barriers: 27, Oops: 2, ImmediateOops: 5, NonImmediateOops: No
[2,070s][debug][gc,nmethod     ] Register NMethod: com.sun.org.apache.xerces.internal.util.NamespaceSupport.getDeclaredPrefixCount (0x00007cb613c05f88) [0x00007cb613c06080, 0x00007cb613c06208] Compiler: c1, Barriers: 1, Oops: 0, ImmediateOops: 0, NonImmediateOops: No
[2,071s][debug][gc,nmethod     ] Register NMethod: it.unimi.dsi.fastutil.longs.LongArrayList.<init> (0x00007cb613c06288) [0x00007cb613c06380, 0x00007cb613c06678] Compiler: c1, Barriers: 3, Oops: 1, ImmediateOops: 1, NonImmediateOops: No
[2,071s][debug][gc,nmethod     ] Register NMethod: it.unimi.dsi.fastutil.longs.AbstractLongList.<init> (0x00007cb613c06688) [0x00007cb613c06780, 0x00007cb613c06998] Compiler: c1, Barriers: 0, Oops: 1, ImmediateOops: 0, NonImmediateOops: No
[2,071s][debug][gc,nmethod     ] Register NMethod: jdk.internal.foreign.AbstractMemorySegmentImpl.asByteBuffer (0x00007cb613c06a08) [0x00007cb613c06b00, 0x00007cb613c07088] Compiler: c1, Barriers: 0, Oops: 0, ImmediateOops: 1, NonImmediateOops: No
[2,071s][debug][gc,nmethod     ] Register NMethod: jdk.internal.foreign.NativeMemorySegmentImpl.makeByteBuffer (0x00007cb613c07108) [0x00007cb613c07200, 0x00007cb613c07370] Compiler: c1, Barriers: 0, Oops: 0, ImmediateOops: 1, NonImmediateOops: No
[2,071s][debug][gc,nmethod     ] Register NMethod: io.sirix.node.MemorySegmentBytesOut.underlyingObject (0x00007cb613c07408) [0x00007cb613c07500, 0x00007cb613c07fb8] Compiler: c1, Barriers: 1, Oops: 1, ImmediateOops: 2, NonImmediateOops: No
[2,071s][debug][gc,nmethod     ] Register NMethod: io.sirix.node.MemorySegmentBytesOut.readLimit (0x00007cb613c08008) [0x00007cb613c08100, 0x00007cb613c08260] Compiler: c1, Barriers: 1, Oops: 1, ImmediateOops: 0, NonImmediateOops: No
[2,071s][debug][gc,nmethod     ] Register NMethod: java.nio.Buffer$2.newDirectByteBuffer (0x00007cb613c08308) [0x00007cb613c08400, 0x00007cb613c085b0] Compiler: c1, Barriers: 0, Oops: 0, ImmediateOops: 0, NonImmediateOops: No
[2,071s][debug][gc,nmethod     ] Register NMethod: java.nio.DirectByteBuffer.<init> (0x00007cb613c08608) [0x00007cb613c08700, 0x00007cb613c08978] Compiler: c1, Barriers: 6, Oops: 0, ImmediateOops: 0, NonImmediateOops: No
[2,071s][debug][gc,nmethod     ] Register NMethod: io.brackit.query.atomic.Una.<init> (0x00007cb613c08988) [0x00007cb613c08a80, 0x00007cb613c08da0] Compiler: c1, Barriers: 3, Oops: 1, ImmediateOops: 1, NonImmediateOops: No
[2,071s][debug][gc,nmethod     ] Register NMethod: io.sirix.access.trx.node.xml.XmlNodeTrxImpl.getBytes (0x00007cb613c08e08) [0x00007cb613c08f00, 0x00007cb613c094c8] Compiler: c1, Barriers: 1, Oops: 2, ImmediateOops: 1, NonImmediateOops: No
[2,071s][debug][gc,nmethod     ] Register NMethod: net.openhft.hashing.LongHashFunction.hashBytes (0x00007cb613c09508) [0x00007cb613c09600, 0x00007cb613c09b80] Compiler: c1, Barriers: 0, Oops: 1, ImmediateOops: 0, NonImmediateOops: No
[2,071s][debug][gc,nmethod     ] Register NMethod: jdk.internal.foreign.MemorySessionImpl.isCloseable (0x00007cb613c09c08) [0x00007cb613c09d00, 0x00007cb613c09e50] Compiler: c1, Barriers: 0, Oops: 0, ImmediateOops: 0, NonImmediateOops: No
[2,072s][debug][gc,nmethod     ] Register NMethod: java.nio.DirectByteBuffer.address (0x00007cb613c09f08) [0x00007cb613c0a000, 0x00007cb613c0b940] Compiler: c1, Barriers: 5, Oops: 0, ImmediateOops: 3, NonImmediateOops: No
[2,072s][debug][gc,nmethod     ] Register NMethod: net.openhft.hashing.LongHashFunction.hashByteBuffer (0x00007cb613c0b988) [0x00007cb613c0ba80, 0x00007cb613c0cfe8] Compiler: c1, Barriers: 2, Oops: 1, ImmediateOops: 0, NonImmediateOops: No
[2,072s][debug][gc,nmethod     ] Register NMethod: io.sirix.access.trx.node.xml.ForwardingXmlNodeReadOnlyTrx.hasRightSibling (0x00007cb613c0d008) [0x00007cb613c0d100, 0x00007cb613c0d700] Compiler: c1, Barriers: 1, Oops: 1, ImmediateOops: 0, NonImmediateOops: No
[2,072s][debug][gc,nmethod     ] Register NMethod: io.sirix.access.trx.node.AbstractNodeReadOnlyTrx.hasRightSibling (0x00007cb613c0d788) [0x00007cb613c0d880, 0x00007cb613c0e0a0] Compiler: c1, Barriers: 0, Oops: 1, ImmediateOops: 1, NonImmediateOops: No
[2,072s][debug][gc,nmethod     ] Register NMethod: io.sirix.access.trx.node.AbstractDeweyIDManager.newRightSiblingID (0x00007cb613c0e108) [0x00007cb613c0e200, 0x00007cb613c111d8] Compiler: c1, Barriers: 13, Oops: 1, ImmediateOops: 2, NonImmediateOops: No
[2,072s][debug][gc,nmethod     ] Register NMethod: io.sirix.node.xml.ElementNode.hasLeftSibling (0x00007cb613c11208) [0x00007cb613c11300, 0x00007cb613c16738] Compiler: c1, Barriers: 19, Oops: 7, ImmediateOops: 12, NonImmediateOops: No
[2,072s][debug][gc,nmethod     ] Register NMethod: io.sirix.node.xml.ElementNode.getLastChildKey (0x00007cb613c16788) [0x00007cb613c16880, 0x00007cb613c1b870] Compiler: c1, Barriers: 19, Oops: 7, ImmediateOops: 11, NonImmediateOops: No
[2,072s][debug][gc,nmethod     ] Register NMethod: io.sirix.access.trx.node.AbstractNodeReadOnlyTrx.setCurrentNode (0x00007cb632cdca88) [0x00007cb632cdcb80, 0x00007cb632cdcca8] Compiler: jvmci, Barriers: 3, Oops: 1, ImmediateOops: 0, NonImmediateOops: No
[2,073s][debug][gc,nmethod     ] Register NMethod: io.sirix.node.xml.AttributeNode.getKind (0x00007cb613c1b908) [0x00007cb613c1ba00, 0x00007cb613c1bb08] Compiler: c1, Barriers: 0, Oops: 1, ImmediateOops: 1, NonImmediateOops: No
[2,073s][debug][gc,nmethod     ] Register NMethod: it.unimi.dsi.fastutil.ints.Int2LongOpenHashMap.get (0x00007cb613c1bc08) [0x00007cb613c1bd00, 0x00007cb613c1c250] Compiler: c1, Barriers: 4, Oops: 1, ImmediateOops: 0, NonImmediateOops: No
[2,073s][debug][gc,nmethod     ] Register NMethod: com.sun.org.apache.xerces.internal.impl.XMLDocumentFragmentScannerImpl.getCharacterData (0x00007cb613c1c288) [0x00007cb613c1c380, 0x00007cb613c1c548] Compiler: c1, Barriers: 2, Oops: 0, ImmediateOops: 0, NonImmediateOops: No
[2,073s][debug][gc,nmethod     ] Register NMethod: io.sirix.node.xml.ElementNode.hasRightSibling (0x00007cb613c1c588) [0x00007cb613c1c680, 0x00007cb613c21ab8] Compiler: c1, Barriers: 19, Oops: 7, ImmediateOops: 12, NonImmediateOops: No
[2,073s][debug][gc,nmethod     ] Register NMethod: com.sun.org.apache.xerces.internal.parsers.AbstractSAXParser.characters (0x00007cb613c21b08) [0x00007cb613c21c00, 0x00007cb613c221a8] Compiler: c1, Barriers: 4, Oops: 0, ImmediateOops: 0, NonImmediateOops: No
[2,073s][debug][gc,nmethod     ] Register NMethod: io.sirix.node.SirixDeweyID.newBetween (0x00007cb613c22208) [0x00007cb613c22300, 0x00007cb613c25518] Compiler: c1, Barriers: 19, Oops: 1, ImmediateOops: 2, NonImmediateOops: No
[2,074s][debug][gc,nmethod     ] Register NMethod: io.sirix.node.xml.AbstractStructForwardingNode.getRightSiblingKey (0x00007cb613c25588) [0x00007cb613c25680, 0x00007cb613c259b0] Compiler: c1, Barriers: 0, Oops: 1, ImmediateOops: 0, NonImmediateOops: No
[2,074s][debug][gc,nmethod     ] Register NMethod: io.sirix.utils.NamePageHash.generateHashForString (0x00007cb613c25a08) [0x00007cb613c25b00, 0x00007cb613c25dd8] Compiler: c1, Barriers: 0, Oops: 1, ImmediateOops: 0, NonImmediateOops: No
[2,074s][debug][gc,nmethod     ] Register NMethod: io.brackit.query.node.parser.SAX2SubtreeHandlerAdapter.characters (0x00007cb613c25e08) [0x00007cb613c25f00, 0x00007cb613c26220] Compiler: c1, Barriers: 1, Oops: 1, ImmediateOops: 0, NonImmediateOops: No
[2,074s][debug][gc,nmethod     ] Register NMethod: io.sirix.index.path.summary.PathSummaryReader.hasRightSibling (0x00007cb613c26288) [0x00007cb613c26380, 0x00007cb613c26b18] Compiler: c1, Barriers: 1, Oops: 1, ImmediateOops: 1, NonImmediateOops: No
[2,074s][debug][gc,nmethod     ] Register NMethod: io.brackit.query.node.parser.SAX2SubtreeHandlerAdapter$TrimmingStringBuilder.append (0x00007cb613c26b88) [0x00007cb613c26c80, 0x00007cb613c27110] Compiler: c1, Barriers: 5, Oops: 1, ImmediateOops: 0, NonImmediateOops: No
[2,074s][debug][gc,nmethod     ] Register NMethod: io.brackit.query.node.parser.SAX2SubtreeHandlerAdapter$TrimmingStringBuilder.toString (0x00007cb613c27188) [0x00007cb613c27280, 0x00007cb613c27460] Compiler: c1, Barriers: 1, Oops: 1, ImmediateOops: 0, NonImmediateOops: No
[2,074s][debug][gc,nmethod     ] Register NMethod: io.brackit.query.node.parser.SAX2SubtreeHandlerAdapter.handleText (0x00007cb613c27488) [0x00007cb613c27580, 0x00007cb613c27ef0] Compiler: c1, Barriers: 8, Oops: 1, ImmediateOops: 1, NonImmediateOops: No
[2,074s][debug][gc,nmethod     ] Register NMethod: jdk.internal.foreign.AbstractMemorySegmentImpl.copy (0x00007cb613c27f08) [0x00007cb613c28000, 0x00007cb613c30bd8] Compiler: c1, Barriers: 10, Oops: 6, ImmediateOops: 18, NonImmediateOops: No
[2,074s][debug][gc,nmethod     ] Register NMethod: io.sirix.query.node.SubtreeBuilder.text (0x00007cb613c30c88) [0x00007cb613c30d80, 0x00007cb613c31718] Compiler: c1, Barriers: 3, Oops: 1, ImmediateOops: 0, NonImmediateOops: No
[2,074s][debug][gc,nmethod     ] Register NMethod: io.sirix.access.trx.node.xml.ForwardingXmlNodeReadOnlyTrx.hasNode (0x00007cb613c31788) [0x00007cb613c31880, 0x00007cb613c31e80] Compiler: c1, Barriers: 1, Oops: 1, ImmediateOops: 0, NonImmediateOops: No
[2,075s][debug][gc,nmethod     ] Register NMethod: io.sirix.access.trx.node.AbstractNodeReadOnlyTrx.hasNode (0x00007cb613c31f08) [0x00007cb613c32000, 0x00007cb613c32c30] Compiler: c1, Barriers: 4, Oops: 1, ImmediateOops: 2, NonImmediateOops: No
[2,075s][debug][gc,nmethod     ] Register NMethod: io.sirix.service.xml.shredder.AbstractShredder.processText (0x00007cb613c32c88) [0x00007cb613c32d80, 0x00007cb613c35048] Compiler: c1, Barriers: 8, Oops: 1, ImmediateOops: 1, NonImmediateOops: No
[2,075s][debug][gc,nmethod     ] Register NMethod: io.sirix.node.xml.TextNode.<init> (0x00007cb613c35088) [0x00007cb613c35180, 0x00007cb613c359a0] Compiler: c1, Barriers: 21, Oops: 1, ImmediateOops: 0, NonImmediateOops: No
[2,075s][debug][gc,nmethod     ] Register NMethod: java.lang.foreign.MemorySegment.copy (0x00007cb613c35a08) [0x00007cb613c35b00, 0x00007cb613c3eae8] Compiler: c1, Barriers: 10, Oops: 6, ImmediateOops: 18, NonImmediateOops: No
[2,075s][debug][gc,nmethod     ] Register NMethod: io.sirix.access.trx.node.xml.XmlNodeFactoryImpl.createTextNode (0x00007cb613c3eb88) [0x00007cb613c3ec80, 0x00007cb613c40cc8] Compiler: c1, Barriers: 13, Oops: 2, ImmediateOops: 3, NonImmediateOops: No
[2,075s][debug][gc,nmethod     ] Register NMethod: io.sirix.node.xml.TextNode.getRawValue (0x00007cb613c40d08) [0x00007cb613c40e00, 0x00007cb613c41118] Compiler: c1, Barriers: 9, Oops: 1, ImmediateOops: 0, NonImmediateOops: No
[2,075s][debug][gc,nmethod     ] Register NMethod: io.brackit.query.node.parser.SAX2SubtreeHandlerAdapter$TrimmingStringBuilder.clear (0x00007cb613c41188) [0x00007cb613c41280, 0x00007cb613c41390] Compiler: c1, Barriers: 0, Oops: 1, ImmediateOops: 0, NonImmediateOops: No
[2,075s][debug][gc,nmethod     ] Register NMethod: io.sirix.query.node.SubtreeProcessor.notifyText (0x00007cb613c41488) [0x00007cb613c41580, 0x00007cb613c41fe0] Compiler: c1, Barriers: 1, Oops: 1, ImmediateOops: 0, NonImmediateOops: No
[2,075s][debug][gc,nmethod     ] Register NMethod: io.sirix.node.delegates.NameNodeDelegate.getPrefixKey (0x00007cb632cdcd88) [0x00007cb632cdce80, 0x00007cb632cdcf40] Compiler: c1, Barriers: 0, Oops: 1, ImmediateOops: 0, NonImmediateOops: No
[2,076s][debug][gc,nmethod     ] Register NMethod: io.sirix.node.xml.AttributeNode.getParentKey (0x00007cb613c42008) [0x00007cb613c42100, 0x00007cb613c470e8] Compiler: c1, Barriers: 19, Oops: 7, ImmediateOops: 11, NonImmediateOops: No
[2,076s][debug][gc,nmethod     ] Register NMethod: com.sun.org.apache.xerces.internal.impl.XMLEntityScanner.checkNodeCount (0x00007cb613c47188) [0x00007cb613c47280, 0x00007cb613c47448] Compiler: c1, Barriers: 0, Oops: 0, ImmediateOops: 1, NonImmediateOops: No
[2,076s][debug][gc,nmethod     ] Register NMethod: io.sirix.index.path.summary.PathSummaryReader.getRightSiblingKey (0x00007cb613c47488) [0x00007cb613c47580, 0x00007cb613c47d10] Compiler: c1, Barriers: 1, Oops: 1, ImmediateOops: 1, NonImmediateOops: No
[2,076s][debug][gc,nmethod     ] Register NMethod: io.sirix.index.path.summary.PathSummaryReader.putMapping (0x00007cb613c47d88) [0x00007cb613c47e80, 0x00007cb613c488b8] Compiler: c1, Barriers: 9, Oops: 1, ImmediateOops: 0, NonImmediateOops: No
[2,076s][debug][gc,nmethod     ] Register NMethod: io.sirix.index.path.summary.PathNode.getPathKind (0x00007cb632cdd088) [0x00007cb632cdd180, 0x00007cb632cdd268] Compiler: c1, Barriers: 1, Oops: 1, ImmediateOops: 0, NonImmediateOops: No
[2,076s][debug][gc,nmethod     ] Register NMethod: io.sirix.page.RevisionRootPage.getNamePageReference (0x00007cb613c48908) [0x00007cb613c48a00, 0x00007cb613c48f70] Compiler: c1, Barriers: 1, Oops: 1, ImmediateOops: 0, NonImmediateOops: No
[2,076s][debug][gc,nmethod     ] Register NMethod: io.sirix.access.trx.page.NodePageReadOnlyTrx.getNamePage (0x00007cb613c48f88) [0x00007cb613c49080, 0x00007cb613c4a058] Compiler: c1, Barriers: 4, Oops: 1, ImmediateOops: 1, NonImmediateOops: No
[2,076s][debug][gc,nmethod     ] Register NMethod: com.sun.org.apache.xerces.internal.impl.XMLEntityScanner.scanChar (0x00007cb613c4a088) [0x00007cb613c4a180, 0x00007cb613c4aba8] Compiler: c1, Barriers: 8, Oops: 0, ImmediateOops: 0, NonImmediateOops: No
[2,077s][debug][gc,nmethod     ] Register NMethod: it.unimi.dsi.fastutil.ints.Int2IntOpenHashMap.put (0x00007cb613c4ac08) [0x00007cb613c4ad00, 0x00007cb613c4af68] Compiler: c1, Barriers: 1, Oops: 1, ImmediateOops: 0, NonImmediateOops: No
[2,077s][debug][gc,nmethod     ] Register NMethod: it.unimi.dsi.fastutil.ints.Int2IntOpenHashMap.find (0x00007cb613c4af88) [0x00007cb613c4b080, 0x00007cb613c4b4e8] Compiler: c1, Barriers: 1, Oops: 1, ImmediateOops: 0, NonImmediateOops: No
[2,077s][debug][gc,director    ] Rule Major: Warmup 10%, Used: 294MB, UsedThreshold: 1228MB
[2,077s][debug][gc,nmethod     ] Register NMethod: com.sun.org.apache.xerces.internal.xni.XMLString.setValues (0x00007cb613c4b508) [0x00007cb613c4b600, 0x00007cb613c4b780] Compiler: c1, Barriers: 3, Oops: 0, ImmediateOops: 0, NonImmediateOops: No
[2,078s][debug][gc,nmethod     ] Register NMethod: it.unimi.dsi.fastutil.ints.Int2ObjectOpenHashMap.get (0x00007cb613c4b808) [0x00007cb613c4b900, 0x00007cb613c4bf70] Compiler: c1, Barriers: 10, Oops: 1, ImmediateOops: 0, NonImmediateOops: No
[2,078s][debug][gc,nmethod     ] Register NMethod: io.sirix.access.trx.page.AbstractForwardingPageReadOnlyTrx.getNamePage (0x00007cb613c4bf88) [0x00007cb613c4c080, 0x00007cb613c4d128] Compiler: c1, Barriers: 5, Oops: 1, ImmediateOops: 1, NonImmediateOops: No
[2,078s][debug][gc,nmethod     ] Register NMethod: io.sirix.page.NamePage.setName (0x00007cb613c4d188) [0x00007cb613c4d280, 0x00007cb613c4e840] Compiler: c1, Barriers: 25, Oops: 1, ImmediateOops: 2, NonImmediateOops: No
[2,078s][debug][gc,nmethod     ] Register NMethod: io.sirix.access.trx.page.NodePageTrx.createNameKey (0x00007cb613c4e888) [0x00007cb613c4e980, 0x00007cb613c503e0] Compiler: c1, Barriers: 7, Oops: 1, ImmediateOops: 3, NonImmediateOops: No
[2,078s][debug][gc,nmethod     ] Register NMethod: it.unimi.dsi.fastutil.ints.Int2IntOpenHashMap.get (0x00007cb613c50408) [0x00007cb613c50500, 0x00007cb613c50a60] Compiler: c1, Barriers: 4, Oops: 1, ImmediateOops: 0, NonImmediateOops: No
[2,078s][debug][gc,nmethod     ] Register NMethod: com.sun.org.apache.xerces.internal.util.SymbolTable.addSymbol (0x00007cb613c50a88) [0x00007cb613c50b80, 0x00007cb613c510c0] Compiler: c1, Barriers: 5, Oops: 0, ImmediateOops: 0, NonImmediateOops: No
[2,079s][debug][gc,nmethod     ] Register NMethod: io.sirix.node.xml.TextNode.computeHash (0x00007cb613c51108) [0x00007cb613c51200, 0x00007cb613c629a8] Compiler: c1, Barriers: 75, Oops: 9, ImmediateOops: 36, NonImmediateOops: No
[2,079s][debug][gc,nmethod     ] Register NMethod: io.sirix.node.xml.AbstractStructForwardingNode.getFirstChildKey (0x00007cb613c62a08) [0x00007cb613c62b00, 0x00007cb613c62e30] Compiler: c1, Barriers: 0, Oops: 1, ImmediateOops: 0, NonImmediateOops: No
[2,079s][debug][gc,nmethod     ] Register NMethod: io.sirix.index.path.summary.PathSummaryReader.getFirstChildKey (0x00007cb613c62e88) [0x00007cb613c62f80, 0x00007cb613c63710] Compiler: c1, Barriers: 1, Oops: 1, ImmediateOops: 1, NonImmediateOops: No
[2,079s][debug][gc,nmethod     ] Register NMethod: io.brackit.query.atomic.QNm.atomicCode (0x00007cb632cdd388) [0x00007cb632cdd480, 0x00007cb632cdd540] Compiler: c1, Barriers: 0, Oops: 1, ImmediateOops: 0, NonImmediateOops: No
[2,079s][debug][gc,nmethod     ] Register NMethod: io.sirix.index.name.Names.setName (0x00007cb613c63788) [0x00007cb613c63880, 0x00007cb613c65ad0] Compiler: c1, Barriers: 12, Oops: 2, ImmediateOops: 4, NonImmediateOops: No
[2,079s][debug][gc,nmethod     ] Register NMethod: java.nio.charset.Charset.defaultCharset (0x00007cb613c65b08) [0x00007cb613c65c00, 0x00007cb613c65cf8] Compiler: c1, Barriers: 0, Oops: 0, ImmediateOops: 1, NonImmediateOops: No
[2,079s][debug][gc,nmethod     ] Register NMethod: java.util.ArrayDeque.pop (0x00007cb613c65e08) [0x00007cb613c65f00, 0x00007cb613c661a0] Compiler: c1, Barriers: 0, Oops: 0, ImmediateOops: 0, NonImmediateOops: No
[2,080s][debug][gc,nmethod     ] Register NMethod: java.util.ArrayList.elementData (0x00007cb632cdd688) [0x00007cb632cdd780, 0x00007cb632cdd8c0] Compiler: jvmci, Barriers: 2, Oops: 0, ImmediateOops: 0, NonImmediateOops: No
[2,080s][debug][gc,nmethod     ] Register NMethod: io.sirix.access.trx.page.NodePageReadOnlyTrx.getResourceSession (0x00007cb613c66208) [0x00007cb613c66300, 0x00007cb613c66770] Compiler: c1, Barriers: 1, Oops: 1, ImmediateOops: 1, NonImmediateOops: No
[2,080s][debug][gc,nmethod     ] Register NMethod: com.sun.org.apache.xerces.internal.xni.QName.setValues (0x00007cb613c66788) [0x00007cb613c66880, 0x00007cb613c66b58] Compiler: c1, Barriers: 12, Oops: 0, ImmediateOops: 0, NonImmediateOops: No
[2,080s][debug][gc,nmethod     ] Register NMethod: io.sirix.node.delegates.StructNodeDelegate.hasFirstChild (0x00007cb613c66b88) [0x00007cb613c66c80, 0x00007cb613c66fd8] Compiler: c1, Barriers: 0, Oops: 1, ImmediateOops: 1, NonImmediateOops: No
[2,081s][debug][gc,nmethod     ] Register NMethod: io.sirix.node.xml.AbstractStructForwardingNode.hasFirstChild (0x00007cb613c67008) [0x00007cb613c67100, 0x00007cb613c676c8] Compiler: c1, Barriers: 0, Oops: 1, ImmediateOops: 1, NonImmediateOops: No
[2,081s][debug][gc,nmethod     ] Register NMethod: com.sun.org.apache.xerces.internal.util.NamespaceSupport.getURI (0x00007cb613c67708) [0x00007cb613c67800, 0x00007cb613c67af0] Compiler: c1, Barriers: 3, Oops: 0, ImmediateOops: 0, NonImmediateOops: No
[2,081s][debug][gc,nmethod     ] Register NMethod: io.sirix.node.xml.ElementNode.getHash (0x00007cb632cdd988) [0x00007cb632cdda80, 0x00007cb632cddf28] Compiler: jvmci, Barriers: 6, Oops: 3, ImmediateOops: 1, NonImmediateOops: No
[2,081s][debug][gc,nmethod     ] Register NMethod: com.sun.org.apache.xerces.internal.parsers.AbstractSAXParser$AttributesProxy.getLength (0x00007cb613c67b08) [0x00007cb613c67c00, 0x00007cb613c67f40] Compiler: c1, Barriers: 1, Oops: 0, ImmediateOops: 0, NonImmediateOops: No
[2,081s][debug][gc,nmethod     ] Register NMethod: com.sun.org.apache.xerces.internal.impl.XMLDocumentFragmentScannerImpl.seekCloseOfStartTag (0x00007cb613c67f88) [0x00007cb613c68080, 0x00007cb613c69650] Compiler: c1, Barriers: 15, Oops: 1, ImmediateOops: 4, NonImmediateOops: No
[2,081s][debug][gc,nmethod     ] Register NMethod: java.lang.String.getBytes (0x00007cb613c69688) [0x00007cb613c69780, 0x00007cb613c69b68] Compiler: c1, Barriers: 1, Oops: 0, ImmediateOops: 0, NonImmediateOops: No
[2,081s][debug][gc,nmethod     ] Register NMethod: io.sirix.utils.XMLToken.isNCName (0x00007cb613c69b88) [0x00007cb613c69c80, 0x00007cb613c69e20] Compiler: c1, Barriers: 0, Oops: 1, ImmediateOops: 0, NonImmediateOops: No
[2,081s][debug][gc,nmethod     ] Register NMethod: com.sun.org.apache.xerces.internal.impl.XMLEntityScanner.scanQName (0x00007cb613c69e88) [0x00007cb613c69f80, 0x00007cb613c6c220] Compiler: c1, Barriers: 55, Oops: 2, ImmediateOops: 10, NonImmediateOops: No
[2,081s][debug][gc,nmethod     ] Register NMethod: io.sirix.utils.XMLToken.ncName (0x00007cb613c6c288) [0x00007cb613c6c380, 0x00007cb613c6c7d8] Compiler: c1, Barriers: 0, Oops: 1, ImmediateOops: 1, NonImmediateOops: No
[2,081s][debug][gc,nmethod     ] Register NMethod: io.sirix.axis.filter.FilterAxis.nextKey (0x00007cb613c6c808) [0x00007cb613c6c900, 0x00007cb613c6df10] Compiler: c1, Barriers: 3, Oops: 1, ImmediateOops: 1, NonImmediateOops: No
[2,081s][debug][gc,nmethod     ] Register NMethod: io.sirix.axis.ChildAxis.<init> (0x00007cb613c6df88) [0x00007cb613c6e080, 0x00007cb613c6e1b0] Compiler: c1, Barriers: 0, Oops: 1, ImmediateOops: 0, NonImmediateOops: No
[2,082s][debug][gc,nmethod     ] Register NMethod: io.sirix.axis.ChildAxis.reset (0x00007cb613c6e288) [0x00007cb613c6e380, 0x00007cb613c6e568] Compiler: c1, Barriers: 3, Oops: 1, ImmediateOops: 1, NonImmediateOops: No
[2,082s][debug][gc,nmethod     ] Register NMethod: io.sirix.utils.XMLToken.isValidQName (0x00007cb613c6e588) [0x00007cb613c6e680, 0x00007cb613c6fbd0] Compiler: c1, Barriers: 6, Oops: 1, ImmediateOops: 0, NonImmediateOops: No
[2,082s][debug][gc,nmethod     ] Register NMethod: io.sirix.access.Utils.buildName (0x00007cb613c6fc08) [0x00007cb613c6fd00, 0x00007cb613c70cf8] Compiler: c1, Barriers: 4, Oops: 2, ImmediateOops: 2, NonImmediateOops: No
[2,082s][debug][gc,nmethod     ] Register NMethod: io.sirix.axis.filter.FilterAxis.<init> (0x00007cb613c70d88) [0x00007cb613c70e80, 0x00007cb613c73a18] Compiler: c1, Barriers: 24, Oops: 1, ImmediateOops: 3, NonImmediateOops: No
[2,082s][debug][gc,nmethod     ] Register NMethod: io.sirix.axis.filter.PathNameFilter.<init> (0x00007cb613c73a88) [0x00007cb613c73b80, 0x00007cb613c75808] Compiler: c1, Barriers: 4, Oops: 1, ImmediateOops: 3, NonImmediateOops: No
[2,082s][debug][gc,nmethod     ] Register NMethod: io.sirix.index.path.summary.PathSummaryReader.keyForName (0x00007cb613c75888) [0x00007cb613c75980, 0x00007cb613c75e48] Compiler: c1, Barriers: 0, Oops: 1, ImmediateOops: 1, NonImmediateOops: No
[2,083s][debug][gc,nmethod     ] Register NMethod: io.sirix.axis.filter.PathKindFilter.<init> (0x00007cb613c75e88) [0x00007cb613c75f80, 0x00007cb613c766c0] Compiler: c1, Barriers: 6, Oops: 1, ImmediateOops: 0, NonImmediateOops: No
[2,083s][debug][gc,nmethod     ] Register NMethod: io.sirix.axis.filter.FilterAxis.reset (0x00007cb613c76708) [0x00007cb613c76800, 0x00007cb613c76c50] Compiler: c1, Barriers: 4, Oops: 1, ImmediateOops: 1, NonImmediateOops: No
[2,083s][debug][gc,nmethod     ] Register NMethod: java.util.ArrayList.getLast (0x00007cb613c76c88) [0x00007cb613c76d80, 0x00007cb613c77088] Compiler: c1, Barriers: 2, Oops: 0, ImmediateOops: 0, NonImmediateOops: No
[2,083s][debug][gc,nmethod     ] Register NMethod: io.sirix.index.path.summary.PathSummaryReader.hasFirstChild (0x00007cb613c77108) [0x00007cb613c77200, 0x00007cb613c77998] Compiler: c1, Barriers: 1, Oops: 1, ImmediateOops: 1, NonImmediateOops: No
[2,083s][debug][gc,nmethod     ] Register NMethod: io.sirix.node.immutable.xml.ImmutableElement.getKind (0x00007cb613c77a08) [0x00007cb613c77b00, 0x00007cb613c77e58] Compiler: c1, Barriers: 1, Oops: 1, ImmediateOops: 1, NonImmediateOops: No
[2,083s][debug][gc,nmethod     ] Register NMethod: io.sirix.access.trx.page.AbstractForwardingPageReadOnlyTrx.getResourceSession (0x00007cb613c77e88) [0x00007cb613c77f80, 0x00007cb613c784b8] Compiler: c1, Barriers: 2, Oops: 1, ImmediateOops: 1, NonImmediateOops: No
[2,084s][debug][gc,nmethod     ] Register NMethod: io.sirix.index.path.summary.PathSummaryWriter.getPathNodeKey (0x00007cb613c78508) [0x00007cb613c78600, 0x00007cb613c7c478] Compiler: c1, Barriers: 25, Oops: 1, ImmediateOops: 8, NonImmediateOops: No
[2,084s][debug][gc,nmethod     ] Register NMethod: io.sirix.node.MemorySegmentBytesOut.toByteArray (0x00007cb613c7c488) [0x00007cb613c7c580, 0x00007cb613c7c708] Compiler: c1, Barriers: 1, Oops: 1, ImmediateOops: 0, NonImmediateOops: No
[2,084s][debug][gc,nmethod     ] Register NMethod: io.sirix.node.MemorySegmentBytesOut.writeLong (0x00007cb632cddf88) [0x00007cb632cde080, 0x00007cb632cde598] Compiler: jvmci, Barriers: 5, Oops: 3, ImmediateOops: 0, NonImmediateOops: No
[2,084s][debug][gc,nmethod     ] Register NMethod: io.sirix.node.xml.ElementNode.getParentKey (0x00007cb632cde608) [0x00007cb632cde700, 0x00007cb632cdeb10] Compiler: jvmci, Barriers: 4, Oops: 3, ImmediateOops: 0, NonImmediateOops: No
[2,085s][debug][gc,nmethod     ] Register NMethod: com.sun.org.apache.xerces.internal.impl.XMLEntityScanner.checkLimit (0x00007cb613c7c788) [0x00007cb613c7c880, 0x00007cb613c84ce0] Compiler: c1, Barriers: 73, Oops: 3, ImmediateOops: 18, NonImmediateOops: No
[2,085s][debug][gc,nmethod     ] Register NMethod: io.sirix.access.trx.node.xml.XmlNodeTrxImpl.nodeReadOnlyTrxDelegate (0x00007cb632cdeb88) [0x00007cb632cdec80, 0x00007cb632cded88] Compiler: jvmci, Barriers: 1, Oops: 1, ImmediateOops: 0, NonImmediateOops: No
[2,085s][debug][gc,nmethod     ] Register NMethod: io.sirix.access.trx.page.NodePageTrx.prepareRecordPage (0x00007cb632cdee88) [0x00007cb632cdef80, 0x00007cb632cdfb38] Compiler: jvmci, Barriers: 32, Oops: 3, ImmediateOops: 1, NonImmediateOops: No
[2,085s][debug][gc,nmethod     ] Register NMethod: io.sirix.node.immutable.xml.ImmutableElement.getPathNodeKey (0x00007cb613c84d08) [0x00007cb613c84e00, 0x00007cb613c8a048] Compiler: c1, Barriers: 20, Oops: 7, ImmediateOops: 11, NonImmediateOops: No
[2,085s][debug][gc,nmethod     ] Register NMethod: io.sirix.index.path.summary.PathNode.getName (0x00007cb632cdfb88) [0x00007cb632cdfc80, 0x00007cb632cdfd68] Compiler: c1, Barriers: 1, Oops: 1, ImmediateOops: 0, NonImmediateOops: No
[2,086s][debug][gc,nmethod     ] Register NMethod: io.sirix.cache.IndexLogKey.hashCode (0x00007cb613c8a088) [0x00007cb613c8a180, 0x00007cb613c8a528] Compiler: c1, Barriers: 1, Oops: 1, ImmediateOops: 0, NonImmediateOops: No
[2,086s][debug][gc,nmethod     ] Register NMethod: io.sirix.access.trx.node.AbstractNodeReadOnlyTrx.moveTo (0x00007cb632cdfe88) [0x00007cb632cdff80, 0x00007cb632ce0a68] Compiler: jvmci, Barriers: 23, Oops: 2, ImmediateOops: 1, NonImmediateOops: No
[2,086s][debug][gc,nmethod     ] Register NMethod: com.sun.org.apache.xerces.internal.impl.XMLDocumentFragmentScannerImpl$ElementStack.nextElement (0x00007cb613c8a588) [0x00007cb613c8a680, 0x00007cb613c8b080] Compiler: c1, Barriers: 13, Oops: 0, ImmediateOops: 0, NonImmediateOops: No
[2,086s][debug][gc,nmethod     ] Register NMethod: com.sun.org.apache.xerces.internal.util.NamespaceSupport.pushContext (0x00007cb613c8b088) [0x00007cb613c8b180, 0x00007cb613c8b4f0] Compiler: c1, Barriers: 5, Oops: 0, ImmediateOops: 0, NonImmediateOops: No
[2,086s][debug][gc,nmethod     ] Register NMethod: java.util.ArrayList.iterator (0x00007cb632ce0a88) [0x00007cb632ce0b80, 0x00007cb632ce0cc0] Compiler: jvmci, Barriers: 2, Oops: 0, ImmediateOops: 0, NonImmediateOops: No
[2,086s][debug][gc,nmethod     ] Register NMethod: io.sirix.node.GrowingMemorySegment.toByteArray (0x00007cb613c8b508) [0x00007cb613c8b600, 0x00007cb613c92118] Compiler: c1, Barriers: 7, Oops: 9, ImmediateOops: 16, NonImmediateOops: No
[2,086s][debug][gc,nmethod     ] Register NMethod: com.sun.org.apache.xerces.internal.impl.XMLDocumentFragmentScannerImpl.checkDepth (0x00007cb613c92188) [0x00007cb613c92280, 0x00007cb613c954d8] Compiler: c1, Barriers: 26, Oops: 2, ImmediateOops: 8, NonImmediateOops: No
[2,087s][debug][gc,nmethod     ] Register NMethod: com.sun.org.apache.xerces.internal.util.XMLAttributesImpl.removeAllAttributes (0x00007cb613c95508) [0x00007cb613c95600, 0x00007cb613c95708] Compiler: c1, Barriers: 0, Oops: 0, ImmediateOops: 0, NonImmediateOops: No
[2,087s][debug][gc,nmethod     ] Register NMethod: io.sirix.access.trx.node.AbstractNodeTrxImpl.getCurrentNode (0x00007cb632ce0d88) [0x00007cb632ce0e80, 0x00007cb632ce0fb8] Compiler: jvmci, Barriers: 2, Oops: 1, ImmediateOops: 0, NonImmediateOops: No
[2,087s][debug][gc,nmethod     ] Register NMethod: com.sun.org.apache.xerces.internal.util.XMLAttributesIteratorImpl.removeAllAttributes (0x00007cb613c95808) [0x00007cb613c95900, 0x00007cb613c95a68] Compiler: c1, Barriers: 0, Oops: 0, ImmediateOops: 0, NonImmediateOops: No
[2,087s][debug][gc,nmethod     ] Register NMethod: com.sun.org.apache.xerces.internal.parsers.AbstractSAXParser.startElement (0x00007cb613c95b08) [0x00007cb613c95c00, 0x00007cb613c97ee8] Compiler: c1, Barriers: 44, Oops: 0, ImmediateOops: 10, NonImmediateOops: No
[2,087s][debug][gc,director    ] Rule Major: Warmup 10%, Used: 296MB, UsedThreshold: 1228MB
[2,087s][debug][gc,nmethod     ] Register NMethod: com.sun.org.apache.xerces.internal.parsers.AbstractSAXParser.startNamespaceMapping (0x00007cb613c97f08) [0x00007cb613c98000, 0x00007cb613c98818] Compiler: c1, Barriers: 7, Oops: 0, ImmediateOops: 1, NonImmediateOops: No
[2,088s][debug][gc,nmethod     ] Register NMethod: io.brackit.query.node.parser.SAX2SubtreeHandlerAdapter.startElement (0x00007cb613c98888) [0x00007cb613c98980, 0x00007cb613c9a678] Compiler: c1, Barriers: 6, Oops: 1, ImmediateOops: 3, NonImmediateOops: No
[2,088s][debug][gc,nmethod     ] Register NMethod: io.sirix.node.AbstractForwardingNode.getNodeKey (0x00007cb632ce1088) [0x00007cb632ce1180, 0x00007cb632ce12d0] Compiler: jvmci, Barriers: 2, Oops: 1, ImmediateOops: 0, NonImmediateOops: No
[2,088s][debug][gc,nmethod     ] Register NMethod: io.sirix.query.node.SubtreeBuilder.startElement (0x00007cb613c9a688) [0x00007cb613c9a780, 0x00007cb613c9cfa0] Compiler: c1, Barriers: 14, Oops: 1, ImmediateOops: 1, NonImmediateOops: No
[2,088s][debug][gc,nmethod     ] Register NMethod: io.sirix.node.xml.ElementNode.<init> (0x00007cb613c9d008) [0x00007cb613c9d100, 0x00007cb613c9e110] Compiler: c1, Barriers: 19, Oops: 1, ImmediateOops: 3, NonImmediateOops: No
[2,088s][debug][gc,nmethod     ] Register NMethod: io.sirix.service.xml.shredder.AbstractShredder.processStartTag (0x00007cb613c9e188) [0x00007cb613c9e280, 0x00007cb613ca3fc0] Compiler: c1, Barriers: 27, Oops: 1, ImmediateOops: 11, NonImmediateOops: No
[2,090s][debug][gc,nmethod     ] Register NMethod: io.sirix.node.xml.ElementNode.getPrefixKey (0x00007cb613ca4008) [0x00007cb613ca4100, 0x00007cb613ca90f0] Compiler: c1, Barriers: 19, Oops: 7, ImmediateOops: 11, NonImmediateOops: No
[2,090s][debug][gc,nmethod     ] Register NMethod: com.sun.org.apache.xerces.internal.impl.XMLNSDocumentScannerImpl.scanStartElement (0x00007cb613ca9188) [0x00007cb613ca9280, 0x00007cb613cb1560] Compiler: c1, Barriers: 176, Oops: 11, ImmediateOops: 26, NonImmediateOops: No
[2,090s][debug][gc,nmethod     ] Register NMethod: io.sirix.node.GrowingMemorySegment.writeLong (0x00007cb632ce1388) [0x00007cb632ce1480, 0x00007cb632ce1910] Compiler: jvmci, Barriers: 4, Oops: 3, ImmediateOops: 0, NonImmediateOops: No
[2,090s][debug][gc,nmethod     ] Register NMethod: com.sun.org.apache.xerces.internal.impl.XMLDocumentFragmentScannerImpl$ElementStack.popElement (0x00007cb613cb1608) [0x00007cb613cb1700, 0x00007cb613cb1a50] Compiler: c1, Barriers: 6, Oops: 0, ImmediateOops: 0, NonImmediateOops: No
[2,090s][debug][gc,nmethod     ] Register NMethod: io.sirix.node.xml.ElementNode.getLocalNameKey (0x00007cb613cb1a88) [0x00007cb613cb1b80, 0x00007cb613cb6b70] Compiler: c1, Barriers: 19, Oops: 7, ImmediateOops: 11, NonImmediateOops: No
[2,091s][debug][gc,nmethod     ] Register NMethod: com.sun.org.apache.xerces.internal.parsers.AbstractSAXParser.endElement (0x00007cb613cb6c08) [0x00007cb613cb6d00, 0x00007cb613cb75f8] Compiler: c1, Barriers: 9, Oops: 0, ImmediateOops: 2, NonImmediateOops: No
[2,091s][debug][gc,nmethod     ] Register NMethod: io.sirix.access.trx.node.xml.ForwardingXmlNodeReadOnlyTrx.isDocumentRoot (0x00007cb613cb7608) [0x00007cb613cb7700, 0x00007cb613cb7ce8] Compiler: c1, Barriers: 1, Oops: 1, ImmediateOops: 0, NonImmediateOops: No
[2,091s][debug][gc,nmethod     ] Register NMethod: com.sun.org.apache.xerces.internal.parsers.AbstractSAXParser.endNamespaceMapping (0x00007cb613cb7d08) [0x00007cb613cb7e00, 0x00007cb613cb8558] Compiler: c1, Barriers: 7, Oops: 0, ImmediateOops: 0, NonImmediateOops: No
[2,091s][debug][gc,nmethod     ] Register NMethod: io.sirix.access.trx.node.xml.XmlNodeFactoryImpl.createElementNode (0x00007cb613cb8588) [0x00007cb613cb8680, 0x00007cb613cbcee0] Compiler: c1, Barriers: 40, Oops: 2, ImmediateOops: 13, NonImmediateOops: No
[2,091s][debug][gc,nmethod     ] Register NMethod: io.sirix.node.xml.ElementNode.getHashFunction (0x00007cb613cbcf08) [0x00007cb613cbd000, 0x00007cb613cbd168] Compiler: c1, Barriers: 2, Oops: 1, ImmediateOops: 0, NonImmediateOops: No
[2,091s][debug][gc,nmethod     ] Register NMethod: net.openhft.hashing.LongHashFunction.hashBytes (0x00007cb613cbd208) [0x00007cb613cbd300, 0x00007cb613cbd448] Compiler: c1, Barriers: 0, Oops: 1, ImmediateOops: 0, NonImmediateOops: No
[2,091s][debug][gc,nmethod     ] Register NMethod: io.sirix.query.node.SubtreeProcessor.notifyStartElement (0x00007cb613cbd508) [0x00007cb613cbd600, 0x00007cb613cbe060] Compiler: c1, Barriers: 1, Oops: 1, ImmediateOops: 0, NonImmediateOops: No
[2,092s][debug][gc,nmethod     ] Register NMethod: io.sirix.node.xml.TextNode.getParentKey (0x00007cb632ce1988) [0x00007cb632ce1a80, 0x00007cb632ce1e90] Compiler: jvmci, Barriers: 4, Oops: 3, ImmediateOops: 0, NonImmediateOops: No
[2,092s][debug][gc,nmethod     ] Register NMethod: io.sirix.access.trx.node.xml.XmlNodeTrxImpl.insertElementAsRightSibling (0x00007cb613cbe088) [0x00007cb613cbe180, 0x00007cb613cc4ec8] Compiler: c1, Barriers: 31, Oops: 1, ImmediateOops: 7, NonImmediateOops: No
[2,092s][debug][gc,nmethod     ] Register NMethod: java.lang.String.<init> (0x00007cb613cc4f08) [0x00007cb613cc5000, 0x00007cb613cc5228] Compiler: c1, Barriers: 4, Oops: 0, ImmediateOops: 0, NonImmediateOops: No
[2,092s][debug][gc,nmethod     ] Register NMethod: io.sirix.node.xml.ElementNode.getURIKey (0x00007cb613cc5288) [0x00007cb613cc5380, 0x00007cb613cca370] Compiler: c1, Barriers: 19, Oops: 7, ImmediateOops: 11, NonImmediateOops: No
[2,093s][debug][gc,nmethod     ] Register NMethod: io.sirix.service.xml.shredder.AbstractShredder.processEndTag (0x00007cb613cca408) [0x00007cb613cca500, 0x00007cb613ccb680] Compiler: c1, Barriers: 4, Oops: 1, ImmediateOops: 0, NonImmediateOops: No
[2,093s][debug][gc,nmethod     ] Register NMethod: io.sirix.query.node.SubtreeBuilder.endElement (0x00007cb613ccb708) [0x00007cb613ccb800, 0x00007cb613ccd050] Compiler: c1, Barriers: 6, Oops: 1, ImmediateOops: 0, NonImmediateOops: No
[2,093s][debug][gc,nmethod     ] Register NMethod: java.lang.invoke.DelegatingMethodHandle$Holder.reinvoke_L (0x00007cb613ccd088) [0x00007cb613ccd180, 0x00007cb613ccd8b0] Compiler: c1, Barriers: 1, Oops: 0, ImmediateOops: 0, NonImmediateOops: No
[2,093s][debug][gc,nmethod     ] Register NMethod: io.brackit.query.node.parser.SAX2SubtreeHandlerAdapter.endElement (0x00007cb613ccd908) [0x00007cb613ccda00, 0x00007cb613ccf658] Compiler: c1, Barriers: 8, Oops: 1, ImmediateOops: 0, NonImmediateOops: No
[2,093s][debug][gc,nmethod     ] Register NMethod: io.sirix.query.node.SubtreeProcessor.notifyEndElement (0x00007cb613ccf688) [0x00007cb613ccf780, 0x00007cb613cd01e0] Compiler: c1, Barriers: 1, Oops: 1, ImmediateOops: 0, NonImmediateOops: No
[2,093s][debug][gc,nmethod     ] Register NMethod: io.sirix.index.path.summary.PathNode.getPrefixKey (0x00007cb613cd0208) [0x00007cb613cd0300, 0x00007cb613cd0460] Compiler: c1, Barriers: 1, Oops: 1, ImmediateOops: 0, NonImmediateOops: No
[2,093s][debug][gc,nmethod     ] Register NMethod: com.sun.org.apache.xerces.internal.util.SymbolTable.hash (0x00007cb613cd0508) [0x00007cb613cd0600, 0x00007cb613cd08a0] Compiler: c1, Barriers: 1, Oops: 0, ImmediateOops: 0, NonImmediateOops: No
[2,093s][debug][gc,nmethod     ] Register NMethod: io.sirix.access.trx.node.xml.XmlNodeReadOnlyTrxImpl.isDocumentRoot (0x00007cb613cd0908) [0x00007cb613cd0a00, 0x00007cb613cd14a8] Compiler: c1, Barriers: 1, Oops: 1, ImmediateOops: 2, NonImmediateOops: No
[2,094s][debug][gc,nmethod     ] Register NMethod: io.sirix.node.xml.TextNode.setRightSiblingKey (0x00007cb613cd1508) [0x00007cb613cd1600, 0x00007cb613cd6728] Compiler: c1, Barriers: 19, Oops: 7, ImmediateOops: 12, NonImmediateOops: No
[2,094s][debug][gc,nmethod     ] Register NMethod: io.sirix.axis.filter.PathKindFilter.filter (0x00007cb613cd6788) [0x00007cb613cd6880, 0x00007cb613cd7818] Compiler: c1, Barriers: 4, Oops: 1, ImmediateOops: 2, NonImmediateOops: No
[2,094s][debug][gc,nmethod     ] Register NMethod: io.sirix.index.path.summary.PathSummaryReader.getPathKind (0x00007cb613cd7888) [0x00007cb613cd7980, 0x00007cb613cd8290] Compiler: c1, Barriers: 2, Oops: 1, ImmediateOops: 2, NonImmediateOops: No
[2,094s][debug][gc,nmethod     ] Register NMethod: io.sirix.access.trx.node.xml.ForwardingXmlNodeReadOnlyTrx.isElement (0x00007cb613cd8308) [0x00007cb613cd8400, 0x00007cb613cd8a00] Compiler: c1, Barriers: 1, Oops: 1, ImmediateOops: 0, NonImmediateOops: No
[2,094s][debug][gc,nmethod     ] Register NMethod: io.sirix.access.trx.node.xml.XmlNodeReadOnlyTrxImpl.isElement (0x00007cb613cd8a88) [0x00007cb613cd8b80, 0x00007cb613cd9628] Compiler: c1, Barriers: 1, Oops: 1, ImmediateOops: 2, NonImmediateOops: No
[2,094s][debug][gc,nmethod     ] Register NMethod: io.sirix.access.trx.node.xml.ForwardingXmlNodeReadOnlyTrx.getNameNode (0x00007cb613cd9688) [0x00007cb613cd9780, 0x00007cb613cd9d78] Compiler: c1, Barriers: 1, Oops: 1, ImmediateOops: 0, NonImmediateOops: No
[2,094s][debug][gc,nmethod     ] Register NMethod: io.sirix.access.trx.node.xml.XmlNodeReadOnlyTrxImpl.getNameNode (0x00007cb613cd9d88) [0x00007cb613cd9e80, 0x00007cb613cda6c8] Compiler: c1, Barriers: 1, Oops: 1, ImmediateOops: 1, NonImmediateOops: No
[2,095s][debug][gc,nmethod     ] Register NMethod: java.nio.HeapByteBuffer.ix (0x00007cb613cda708) [0x00007cb613cda800, 0x00007cb613cda908] Compiler: c1, Barriers: 0, Oops: 0, ImmediateOops: 0, NonImmediateOops: No
[2,095s][debug][gc,nmethod     ] Register NMethod: io.sirix.cache.IndexLogKey.equals (0x00007cb613cdaa08) [0x00007cb613cdab00, 0x00007cb613cdb448] Compiler: c1, Barriers: 4, Oops: 1, ImmediateOops: 0, NonImmediateOops: No
[2,095s][debug][gc,nmethod     ] Register NMethod: com.sun.org.apache.xerces.internal.impl.XMLEntityScanner.arrangeCapacity (0x00007cb613cdb488) [0x00007cb613cdb580, 0x00007cb613cdbed8] Compiler: c1, Barriers: 10, Oops: 0, ImmediateOops: 0, NonImmediateOops: No
[2,095s][debug][gc,nmethod     ] Register NMethod: io.sirix.node.xml.ElementNode.setRightSiblingKey (0x00007cb613cdbf08) [0x00007cb613cdc000, 0x00007cb613ce1128] Compiler: c1, Barriers: 19, Oops: 7, ImmediateOops: 12, NonImmediateOops: No
[2,095s][debug][gc,nmethod     ] Register NMethod: java.util.concurrent.locks.AbstractQueuedSynchronizer.compareAndSetState (0x00007cb632ce1f08) [0x00007cb632ce2000, 0x00007cb632ce2090] Compiler: jvmci, Barriers: 0, Oops: 0, ImmediateOops: 0, NonImmediateOops: No
[2,096s][debug][gc,nmethod     ] Register NMethod: java.lang.StringLatin1.inflate (0x00007cb632ce2208) [0x00007cb632ce2300, 0x00007cb632ce25b0] Compiler: jvmci, Barriers: 0, Oops: 0, ImmediateOops: 0, NonImmediateOops: No
[2,096s][debug][gc,nmethod     ] Register NMethod: io.sirix.access.trx.node.xml.ForwardingXmlNodeReadOnlyTrx.hasFirstChild (0x00007cb613ce1188) [0x00007cb613ce1280, 0x00007cb613ce1880] Compiler: c1, Barriers: 1, Oops: 1, ImmediateOops: 0, NonImmediateOops: No
[2,096s][debug][gc,nmethod     ] Register NMethod: io.sirix.access.trx.page.NodePageTrx.prepareRecordForModification (0x00007cb632ce2608) [0x00007cb632ce2700, 0x00007cb632ce3730] Compiler: jvmci, Barriers: 39, Oops: 3, ImmediateOops: 1, NonImmediateOops: No
[2,096s][debug][gc,nmethod     ] Register NMethod: io.sirix.access.trx.node.AbstractNodeReadOnlyTrx.hasFirstChild (0x00007cb613ce1908) [0x00007cb613ce1a00, 0x00007cb613ce2220] Compiler: c1, Barriers: 0, Oops: 1, ImmediateOops: 1, NonImmediateOops: No
[2,096s][debug][gc,nmethod     ] Register NMethod: io.sirix.access.trx.node.AbstractDeweyIDManager.newFirstChildID (0x00007cb613ce2288) [0x00007cb613ce2380, 0x00007cb613ce5260] Compiler: c1, Barriers: 12, Oops: 1, ImmediateOops: 2, NonImmediateOops: No
[2,096s][debug][gc,nmethod     ] Register NMethod: io.sirix.node.SirixDeweyID.getNewChildID (0x00007cb613ce5288) [0x00007cb613ce5380, 0x00007cb613ce5610] Compiler: c1, Barriers: 0, Oops: 1, ImmediateOops: 0, NonImmediateOops: No
[2,096s][debug][gc,nmethod     ] Register NMethod: java.lang.invoke.VarHandleGuards.guard_LJJ_V (0x00007cb632ce3788) [0x00007cb632ce3880, 0x00007cb632ce3fd8] Compiler: jvmci, Barriers: 23, Oops: 0, ImmediateOops: 5, NonImmediateOops: No
[2,096s][debug][gc,nmethod     ] Register NMethod: io.sirix.node.SirixDeweyID.<init> (0x00007cb613ce5688) [0x00007cb613ce5780, 0x00007cb613ce5be8] Compiler: c1, Barriers: 7, Oops: 1, ImmediateOops: 0, NonImmediateOops: No
[2,097s][debug][gc,nmethod     ] Register NMethod: io.sirix.access.trx.node.xml.XmlNodeTrxImpl.insertTextAsRightSibling (0x00007cb613ce5c08) [0x00007cb613ce5d00, 0x00007cb613cf4758] Compiler: c1, Barriers: 52, Oops: 5, ImmediateOops: 18, NonImmediateOops: No
[2,097s][debug][gc,nmethod     ] Register NMethod: java.util.concurrent.atomic.AtomicLong.incrementAndGet (0x00007cb632ce4008) [0x00007cb632ce4100, 0x00007cb632ce4190] Compiler: jvmci, Barriers: 0, Oops: 0, ImmediateOops: 0, NonImmediateOops: No
[2,097s][debug][gc,director    ] Rule Major: Warmup 10%, Used: 296MB, UsedThreshold: 1228MB
[2,097s][debug][gc,nmethod     ] Register NMethod: io.sirix.node.xml.ElementNode.setFirstChildKey (0x00007cb613cf4788) [0x00007cb613cf4880, 0x00007cb613cf99a8] Compiler: c1, Barriers: 19, Oops: 7, ImmediateOops: 12, NonImmediateOops: No
[2,097s][debug][gc,nmethod     ] Register NMethod: com.sun.org.apache.xerces.internal.impl.XMLEntityScanner.skipString (0x00007cb613cf9a08) [0x00007cb613cf9b00, 0x00007cb613cfac20] Compiler: c1, Barriers: 6, Oops: 1, ImmediateOops: 2, NonImmediateOops: No
[2,098s][debug][gc,nmethod     ] Register NMethod: io.sirix.index.path.summary.PathSummaryWriter.movePathSummary (0x00007cb613cfac88) [0x00007cb613cfad80, 0x00007cb613cfd458] Compiler: c1, Barriers: 11, Oops: 1, ImmediateOops: 3, NonImmediateOops: No
[2,098s][debug][gc,nmethod     ] Register NMethod: io.sirix.access.trx.node.xml.XmlNodeTrxImpl.insertTextAsFirstChild (0x00007cb613cfd488) [0x00007cb613cfd580, 0x00007cb613d05540] Compiler: c1, Barriers: 35, Oops: 2, ImmediateOops: 8, NonImmediateOops: No
[2,098s][debug][gc,nmethod     ] Register NMethod: io.sirix.index.path.summary.PathSummaryReader.getLevel (0x00007cb613d05588) [0x00007cb613d05680, 0x00007cb613d06df0] Compiler: c1, Barriers: 1, Oops: 1, ImmediateOops: 3, NonImmediateOops: No
[2,098s][debug][gc,nmethod     ] Register NMethod: com.google.common.collect.ForwardingObject.<init> (0x00007cb613d06e08) [0x00007cb613d06f00, 0x00007cb613d07070] Compiler: c1, Barriers: 0, Oops: 1, ImmediateOops: 0, NonImmediateOops: No
[2,098s][debug][gc,nmethod     ] Register NMethod: com.sun.org.apache.xerces.internal.util.NamespaceSupport.popContext (0x00007cb613d07108) [0x00007cb613d07200, 0x00007cb613d07368] Compiler: c1, Barriers: 1, Oops: 0, ImmediateOops: 0, NonImmediateOops: No
[2,098s][debug][gc,nmethod     ] Register NMethod: io.sirix.node.xml.ElementNode.hasFirstChild (0x00007cb613d07408) [0x00007cb613d07500, 0x00007cb613d0c938] Compiler: c1, Barriers: 19, Oops: 7, ImmediateOops: 12, NonImmediateOops: No
[2,099s][debug][gc,nmethod     ] Register NMethod: io.sirix.access.trx.page.NodePageTrx.prepareRecordForModification (0x00007cb613d0c988) [0x00007cb613d0ca80, 0x00007cb613d0e908] Compiler: c1, Barriers: 7, Oops: 2, ImmediateOops: 4, NonImmediateOops: No
[2,099s][debug][gc,nmethod     ] Register NMethod: io.sirix.access.trx.page.NodePageTrx.getMostRecentPageContainer (0x00007cb613d0e988) [0x00007cb613d0ea80, 0x00007cb613d0f0b0] Compiler: c1, Barriers: 9, Oops: 1, ImmediateOops: 1, NonImmediateOops: No
[2,099s][debug][gc,nmethod     ] Register NMethod: io.sirix.access.trx.node.AbstractNodeReadOnlyTrx.moveTo (0x00007cb613d0f108) [0x00007cb613d0f200, 0x00007cb613d10d68] Compiler: c1, Barriers: 11, Oops: 1, ImmediateOops: 4, NonImmediateOops: No
[2,099s][debug][gc,nmethod     ] Register NMethod: io.sirix.node.AbstractForwardingNode.<init> (0x00007cb613d10d88) [0x00007cb613d10e80, 0x00007cb613d11038] Compiler: c1, Barriers: 0, Oops: 1, ImmediateOops: 0, NonImmediateOops: No
[2,099s][debug][gc,nmethod     ] Register NMethod: java.lang.invoke.LambdaForm$MH/0x0000000026289000.linkToTargetMethod (0x00007cb613d11088) [0x00007cb613d11180, 0x00007cb613d11688] Compiler: c1, Barriers: 0, Oops: 1, ImmediateOops: 0, NonImmediateOops: No
[2,099s][debug][gc,nmethod     ] Register NMethod: io.sirix.cache.IndexLogKey.<init> (0x00007cb613d11708) [0x00007cb613d11800, 0x00007cb613d119e0] Compiler: c1, Barriers: 3, Oops: 1, ImmediateOops: 0, NonImmediateOops: No
[2,099s][debug][gc,nmethod     ] Register NMethod: io.sirix.access.trx.page.NodePageTrx.prepareRecordPage (0x00007cb613d11a08) [0x00007cb613d11b00, 0x00007cb613d140a8] Compiler: c1, Barriers: 38, Oops: 4, ImmediateOops: 3, NonImmediateOops: No
[2,099s][debug][gc,nmethod     ] Register NMethod: java.lang.invoke.LambdaForm$DMH/0x0000000026288800.newInvokeSpecial (0x00007cb613d14108) [0x00007cb613d14200, 0x00007cb613d14aa8] Compiler: c1, Barriers: 2, Oops: 1, ImmediateOops: 1, NonImmediateOops: No
[2,099s][debug][gc,nmethod     ] Register NMethod: io.sirix.access.trx.page.NodePageTrx$$Lambda/0x00000000262934d8.<init> (0x00007cb613d14b08) [0x00007cb613d14c00, 0x00007cb613d14e50] Compiler: c1, Barriers: 6, Oops: 1, ImmediateOops: 0, NonImmediateOops: No
[2,100s][debug][gc,nmethod     ] Register NMethod: io.sirix.access.trx.page.NodePageTrx$IndexLogKeyToPageContainer.<init> (0x00007cb613d14e88) [0x00007cb613d14f80, 0x00007cb613d15230] Compiler: c1, Barriers: 6, Oops: 1, ImmediateOops: 0, NonImmediateOops: No
[2,101s][debug][gc,nmethod     ] Register NMethod: com.sun.org.apache.xerces.internal.impl.XMLDocumentFragmentScannerImpl.scanEndElement (0x00007cb613d15288) [0x00007cb613d15380, 0x00007cb613d16aa8] Compiler: c1, Barriers: 17, Oops: 3, ImmediateOops: 4, NonImmediateOops: No
[2,101s][debug][gc,nmethod     ] Register NMethod: java.lang.invoke.VarHandleSegmentAsLongs.set (0x00007cb632ce4308) [0x00007cb632ce4400, 0x00007cb632ce4f60] Compiler: jvmci, Barriers: 8, Oops: 0, ImmediateOops: 0, NonImmediateOops: No
[2,101s][debug][gc,nmethod     ] Register NMethod: io.sirix.node.xml.ElementNode.getDescendantCount (0x00007cb632ce4f88) [0x00007cb632ce5080, 0x00007cb632ce5528] Compiler: jvmci, Barriers: 6, Oops: 3, ImmediateOops: 1, NonImmediateOops: No
[2,102s][debug][gc,nmethod     ] Register NMethod: io.sirix.node.xml.ElementNode.computeHash (0x00007cb613d16b08) [0x00007cb613d16c00, 0x00007cb613d46248] Compiler: c1, Barriers: 186, Oops: 16, ImmediateOops: 101, NonImmediateOops: No
[2,102s][debug][gc,nmethod     ] Register NMethod: io.sirix.page.RevisionRootPage.incrementAndGetMaxNodeKeyInDocumentIndex (0x00007cb632ce5588) [0x00007cb632ce5680, 0x00007cb632ce5710] Compiler: jvmci, Barriers: 0, Oops: 1, ImmediateOops: 0, NonImmediateOops: No
[2,103s][debug][gc,nmethod     ] Register NMethod: java.util.concurrent.atomic.AtomicLong.addAndGet (0x00007cb632ce5888) [0x00007cb632ce5980, 0x00007cb632ce5a10] Compiler: jvmci, Barriers: 0, Oops: 0, ImmediateOops: 0, NonImmediateOops: No
[2,103s][debug][gc,nmethod     ] Register NMethod: java.util.concurrent.atomic.AtomicLong.compareAndSet (0x00007cb632ce5b88) [0x00007cb632ce5c80, 0x00007cb632ce5d10] Compiler: jvmci, Barriers: 0, Oops: 0, ImmediateOops: 0, NonImmediateOops: No
[2,103s][debug][gc,nmethod     ] Register NMethod: net.openhft.hashing.XXH3.XXH3_avalanche (0x00007cb632ce5e88) [0x00007cb632ce5f80, 0x00007cb632ce6008] Compiler: jvmci, Barriers: 0, Oops: 1, ImmediateOops: 0, NonImmediateOops: No
[2,104s][debug][gc,nmethod     ] Register NMethod: io.sirix.node.xml.ElementNode.setHash (0x00007cb632ce6188) [0x00007cb632ce6280, 0x00007cb632ce6768] Compiler: jvmci, Barriers: 6, Oops: 3, ImmediateOops: 1, NonImmediateOops: No
[2,104s][debug][gc,nmethod     ] Register NMethod: java.lang.StringLatin1.inflate (0x00007cb632ce6788) [0x00007cb632ce6880, 0x00007cb632ce6af8] Compiler: jvmci, Barriers: 0, Oops: 0, ImmediateOops: 0, NonImmediateOops: No
[2,104s][debug][gc,nmethod     ] Register NMethod: io.sirix.access.trx.page.NodePageTrx.getPageContainer (0x00007cb632ce6b08) [0x00007cb632ce6c00, 0x00007cb632ce72e8] Compiler: jvmci, Barriers: 17, Oops: 3, ImmediateOops: 1, NonImmediateOops: No
[2,104s][debug][gc,nmethod     ] Register NMethod: com.sun.org.apache.xerces.internal.xni.QName.setValues (0x00007cb613d46308) [0x00007cb613d46400, 0x00007cb613d467b8] Compiler: c1, Barriers: 16, Oops: 0, ImmediateOops: 0, NonImmediateOops: No
[2,105s][debug][gc,nmethod     ] Register NMethod: net.openhft.hashing.Maths.unsignedLongMulXorFold (0x00007cb632ce7308) [0x00007cb632ce7400, 0x00007cb632ce7490] Compiler: jvmci, Barriers: 0, Oops: 1, ImmediateOops: 0, NonImmediateOops: No
[2,105s][debug][gc,nmethod     ] Register NMethod: net.openhft.hashing.MathsJDK9.unsignedLongMulXorFoldImp (0x00007cb632ce7608) [0x00007cb632ce7700, 0x00007cb632ce77b0] Compiler: jvmci, Barriers: 0, Oops: 1, ImmediateOops: 0, NonImmediateOops: No
[2,106s][debug][gc,nmethod     ] Register NMethod: jdk.internal.util.Preconditions.checkFromIndexSize (0x00007cb632ce7908) [0x00007cb632ce7a00, 0x00007cb632ce7ab0] Compiler: jvmci, Barriers: 0, Oops: 0, ImmediateOops: 0, NonImmediateOops: No
[2,107s][debug][gc,nmethod     ] Register NMethod: io.sirix.access.trx.page.NodePageTrx.getMostRecentPageContainer (0x00007cb632ce7c08) [0x00007cb632ce7d00, 0x00007cb632ce8100] Compiler: jvmci, Barriers: 9, Oops: 1, ImmediateOops: 1, NonImmediateOops: No
[2,107s][debug][gc,nmethod     ] Register NMethod: net.openhft.hashing.XXH3.XXH3_mix16B (0x00007cb632ce8188) [0x00007cb632ce8280, 0x00007cb632ce8398] Compiler: jvmci, Barriers: 0, Oops: 1, ImmediateOops: 1, NonImmediateOops: No
[2,107s][debug][gc,director    ] Rule Major: Warmup 10%, Used: 296MB, UsedThreshold: 1228MB
[2,108s][debug][gc,nmethod     ] Register NMethod: com.google.common.base.Objects.hashCode (0x00007cb613d46808) [0x00007cb613d46900, 0x00007cb613d46ac0] Compiler: c1, Barriers: 0, Oops: 1, ImmediateOops: 0, NonImmediateOops: No
[2,108s][debug][gc,nmethod     ] Register NMethod: io.sirix.node.xml.ElementNode.setDescendantCount (0x00007cb632ce8488) [0x00007cb632ce8580, 0x00007cb632ce8a68] Compiler: jvmci, Barriers: 6, Oops: 3, ImmediateOops: 1, NonImmediateOops: No
[2,109s][debug][gc,nmethod     ] Register NMethod: io.sirix.node.NullNode.getDescendantCount (0x00007cb632ce8a88) [0x00007cb632ce8b80, 0x00007cb632ce8c40] Compiler: c1, Barriers: 0, Oops: 1, ImmediateOops: 0, NonImmediateOops: No
[2,109s][debug][gc,nmethod     ] Register NMethod: io.sirix.node.xml.ElementNode.getAttributeCount (0x00007cb613d46b08) [0x00007cb613d46c00, 0x00007cb613d46d90] Compiler: c1, Barriers: 1, Oops: 1, ImmediateOops: 0, NonImmediateOops: No
[2,109s][debug][gc,nmethod     ] Register NMethod: io.sirix.access.trx.node.AbstractNodeHashing.setAddDescendants (0x00007cb632ce8d88) [0x00007cb632ce8e80, 0x00007cb632ce9ed8] Compiler: jvmci, Barriers: 21, Oops: 3, ImmediateOops: 1, NonImmediateOops: No
[2,114s][debug][gc,nmethod     ] Register NMethod: net.openhft.hashing.XXH3.XXH3_mix2Accs (0x00007cb613d46e08) [0x00007cb613d46f00, 0x00007cb613d48000] Compiler: c1, Barriers: 0, Oops: 2, ImmediateOops: 6, NonImmediateOops: No
[2,115s][debug][gc,nmethod     ] Register NMethod: io.sirix.access.trx.node.AbstractNodeReadOnlyTrx.moveTo (0x00007cb632ce9f08) [0x00007cb632cea000, 0x00007cb632cead70] Compiler: jvmci, Barriers: 30, Oops: 4, ImmediateOops: 1, NonImmediateOops: No
[2,116s][debug][gc,nmethod     ] Register NMethod: java.lang.Long.bitCount (0x00007cb632ceae08) [0x00007cb632ceaf00, 0x00007cb632ceafd0] Compiler: jvmci, Barriers: 0, Oops: 0, ImmediateOops: 0, NonImmediateOops: No
[2,116s][debug][gc,nmethod     ] Register NMethod: com.sun.org.apache.xerces.internal.util.XMLChar.isContent (0x00007cb632ceb108) [0x00007cb632ceb200, 0x00007cb632ceb2c8] Compiler: jvmci, Barriers: 0, Oops: 0, ImmediateOops: 1, NonImmediateOops: No
[2,116s][debug][gc,nmethod     ] Register NMethod: io.sirix.node.xml.AttributeNode.getKind (0x00007cb632ceb408) [0x00007cb632ceb500, 0x00007cb632ceb590] Compiler: jvmci, Barriers: 0, Oops: 1, ImmediateOops: 1, NonImmediateOops: No
[2,117s][debug][gc,director    ] Rule Major: Warmup 10%, Used: 298MB, UsedThreshold: 1228MB
[2,117s][debug][gc,nmethod     ] Register NMethod: io.sirix.access.trx.page.NodePageTrx.prepareRecordPage (0x00007cb632ceb708) [0x00007cb632ceb800, 0x00007cb632cec388] Compiler: jvmci, Barriers: 32, Oops: 3, ImmediateOops: 1, NonImmediateOops: No
[2,118s][debug][gc,nmethod     ] Register NMethod: jdk.internal.misc.Unsafe.putIntUnaligned (0x00007cb632cec408) [0x00007cb632cec500, 0x00007cb632cec5b8] Compiler: jvmci, Barriers: 0, Oops: 0, ImmediateOops: 0, NonImmediateOops: No
[2,120s][debug][gc,nmethod     ] Register NMethod: com.sun.org.apache.xerces.internal.impl.XMLEntityScanner.scanContent (0x00007cb632cec708) [0x00007cb632cec820, 0x00007cb632ced748] Compiler: jvmci, Barriers: 18, Oops: 0, ImmediateOops: 1, NonImmediateOops: No
[2,121s][debug][gc,nmethod     ] Register NMethod: io.sirix.node.GrowingMemorySegment.writeInt (0x00007cb632ced788) [0x00007cb632ced880, 0x00007cb632cedd08] Compiler: jvmci, Barriers: 4, Oops: 3, ImmediateOops: 0, NonImmediateOops: No
[2,121s][debug][gc,nmethod     ] Register NMethod: com.sun.org.apache.xerces.internal.impl.XMLScanner.isValidNameStartChar (0x00007cb613d48088) [0x00007cb613d48180, 0x00007cb613d48388] Compiler: c1, Barriers: 0, Oops: 0, ImmediateOops: 1, NonImmediateOops: No
[2,121s][debug][gc,nmethod     ] Register NMethod: com.sun.org.apache.xerces.internal.impl.XMLEntityScanner.checkEntityLimit (0x00007cb632cedd88) [0x00007cb632cede80, 0x00007cb632cedf60] Compiler: jvmci, Barriers: 0, Oops: 0, ImmediateOops: 0, NonImmediateOops: No
[2,123s][debug][gc,nmethod     ] Register NMethod: io.sirix.node.delegates.StructNodeDelegate.setFirstChildKey (0x00007cb632cee088) [0x00007cb632cee180, 0x00007cb632cee240] Compiler: c1, Barriers: 0, Oops: 1, ImmediateOops: 0, NonImmediateOops: No
[2,123s][debug][gc,nmethod     ] Register NMethod: java.util.LinkedHashMap.afterNodeAccess (0x00007cb632cee388) [0x00007cb632cee480, 0x00007cb632cee980] Compiler: jvmci, Barriers: 23, Oops: 0, ImmediateOops: 0, NonImmediateOops: No
[2,123s][debug][gc,nmethod     ] Register NMethod: java.util.HashMap.put (0x00007cb613d48408) [0x00007cb613d48500, 0x00007cb613d48ae8] Compiler: c1, Barriers: 0, Oops: 0, ImmediateOops: 0, NonImmediateOops: No
[2,123s][debug][gc,nmethod     ] Register NMethod: io.sirix.access.trx.page.NodePageTrx.getRecord (0x00007cb632cee988) [0x00007cb632ceea80, 0x00007cb632cef5c8] Compiler: jvmci, Barriers: 23, Oops: 3, ImmediateOops: 1, NonImmediateOops: No
[2,123s][debug][gc,nmethod     ] Register NMethod: io.sirix.node.delegates.StructNodeDelegate.getLeftSiblingKey (0x00007cb632cef608) [0x00007cb632cef700, 0x00007cb632cef7c0] Compiler: c1, Barriers: 0, Oops: 1, ImmediateOops: 0, NonImmediateOops: No
[2,124s][debug][gc,nmethod     ] Register NMethod: io.brackit.query.atomic.QNm.hashCode (0x00007cb613d48b08) [0x00007cb613d48c00, 0x00007cb613d49170] Compiler: c1, Barriers: 2, Oops: 1, ImmediateOops: 0, NonImmediateOops: No
[2,124s][debug][gc,nmethod     ] Register NMethod: io.sirix.cache.IndexLogKey.hashCode (0x00007cb632cef908) [0x00007cb632cefa00, 0x00007cb632cefb38] Compiler: jvmci, Barriers: 1, Oops: 1, ImmediateOops: 0, NonImmediateOops: No
[2,125s][debug][gc,nmethod     ] Register NMethod: io.sirix.cache.IndexLogKey.equals (0x00007cb632cefc08) [0x00007cb632cefd00, 0x00007cb632cefea8] Compiler: jvmci, Barriers: 2, Oops: 1, ImmediateOops: 0, NonImmediateOops: No
[2,126s][debug][gc,nmethod     ] Register NMethod: com.sun.org.apache.xerces.internal.impl.XMLEntityScanner.scanLiteral (0x00007cb613d49188) [0x00007cb613d49280, 0x00007cb613d4a4c8] Compiler: c1, Barriers: 13, Oops: 0, ImmediateOops: 2, NonImmediateOops: No
[2,126s][debug][gc,nmethod     ] Register NMethod: it.unimi.dsi.fastutil.ints.Int2LongOpenHashMap.find (0x00007cb613d4a508) [0x00007cb613d4a600, 0x00007cb613d4aa68] Compiler: c1, Barriers: 1, Oops: 1, ImmediateOops: 0, NonImmediateOops: No
[2,126s][debug][gc,nmethod     ] Register NMethod: com.sun.org.apache.xerces.internal.util.NamespaceSupport.popContext (0x00007cb632ceff08) [0x00007cb632cf0000, 0x00007cb632cf0128] Compiler: jvmci, Barriers: 1, Oops: 0, ImmediateOops: 0, NonImmediateOops: No
[2,127s][debug][gc,nmethod     ] Register NMethod: io.sirix.axis.AbstractAxis.hasNext (0x00007cb632cf0208) [0x00007cb632cf0300, 0x00007cb632cf0a70] Compiler: jvmci, Barriers: 18, Oops: 1, ImmediateOops: 3, NonImmediateOops: No
[2,127s][debug][gc,nmethod     ] Register NMethod: io.brackit.query.atomic.AbstractAtomic.equals (0x00007cb613d4aa88) [0x00007cb613d4ab80, 0x00007cb613d4b350] Compiler: c1, Barriers: 0, Oops: 1, ImmediateOops: 0, NonImmediateOops: No
[2,127s][debug][gc,nmethod     ] Register NMethod: io.brackit.query.atomic.AbstractAtomic.atomicCmp (0x00007cb613d4b388) [0x00007cb613d4b480, 0x00007cb613d4bcb0] Compiler: c1, Barriers: 0, Oops: 1, ImmediateOops: 0, NonImmediateOops: No
[2,127s][debug][gc,nmethod     ] Register NMethod: io.brackit.query.atomic.QNm.atomicCmpInternal (0x00007cb613d4bd08) [0x00007cb613d4be00, 0x00007cb613d4c630] Compiler: c1, Barriers: 4, Oops: 1, ImmediateOops: 0, NonImmediateOops: No
[2,127s][debug][gc,director    ] Rule Major: Warmup 10%, Used: 300MB, UsedThreshold: 1228MB
[2,127s][debug][gc,nmethod     ] Register NMethod: com.sun.org.apache.xerces.internal.xni.XMLString.append (0x00007cb613d4c688) [0x00007cb613d4c780, 0x00007cb613d4cc58] Compiler: c1, Barriers: 5, Oops: 0, ImmediateOops: 0, NonImmediateOops: No
[2,128s][debug][gc,nmethod     ] Register NMethod: io.sirix.access.trx.page.NodePageTrx.prepareRecordForModification (0x00007cb632cf0a88) [0x00007cb632cf0b80, 0x00007cb632cf1b98] Compiler: jvmci, Barriers: 39, Oops: 3, ImmediateOops: 1, NonImmediateOops: No
[2,128s][debug][gc,nmethod     ] Register NMethod: io.sirix.index.path.summary.PathSummaryReader.getNodeKey (0x00007cb632cf1c08) [0x00007cb632cf1d00, 0x00007cb632cf1e80] Compiler: jvmci, Barriers: 2, Oops: 1, ImmediateOops: 0, NonImmediateOops: No
[2,128s][debug][gc,nmethod     ] Register NMethod: io.sirix.utils.XMLToken.cp (0x00007cb632cf1f08) [0x00007cb632cf2000, 0x00007cb632cf20e0] Compiler: jvmci, Barriers: 0, Oops: 1, ImmediateOops: 0, NonImmediateOops: No
[2,129s][debug][gc,nmethod     ] Register NMethod: io.sirix.utils.XMLToken.isNCStartChar (0x00007cb632cf2208) [0x00007cb632cf2300, 0x00007cb632cf23e0] Compiler: jvmci, Barriers: 0, Oops: 1, ImmediateOops: 0, NonImmediateOops: No
[2,129s][debug][gc,nmethod     ] Register NMethod: com.sun.org.apache.xerces.internal.xni.XMLString.toString (0x00007cb613d4cc88) [0x00007cb613d4cd80, 0x00007cb613d4cfc8] Compiler: c1, Barriers: 1, Oops: 0, ImmediateOops: 1, NonImmediateOops: No
[2,129s][debug][gc,nmethod     ] Register NMethod: com.sun.org.apache.xerces.internal.impl.XMLEntityScanner.checkBeforeLoad (0x00007cb632cf2508) [0x00007cb632cf2600, 0x00007cb632cf26f0] Compiler: jvmci, Barriers: 0, Oops: 0, ImmediateOops: 0, NonImmediateOops: No
[2,129s][debug][gc,nmethod     ] Register NMethod: jdk.internal.misc.Unsafe.checkSize (0x00007cb632cf2808) [0x00007cb632cf2900, 0x00007cb632cf29b8] Compiler: jvmci, Barriers: 0, Oops: 0, ImmediateOops: 0, NonImmediateOops: No
[2,129s][debug][gc,nmethod     ] Register NMethod: com.sun.org.apache.xerces.internal.util.AugmentationsImpl$SmallContainer.clear (0x00007cb613d4d008) [0x00007cb613d4d100, 0x00007cb613d4d880] Compiler: c1, Barriers: 7, Oops: 0, ImmediateOops: 0, NonImmediateOops: No
[2,129s][debug][gc,nmethod     ] Register NMethod: com.sun.org.apache.xerces.internal.util.AugmentationsImpl.removeAllItems (0x00007cb613d4d888) [0x00007cb613d4d980, 0x00007cb613d4db08] Compiler: c1, Barriers: 1, Oops: 0, ImmediateOops: 0, NonImmediateOops: No
[2,129s][debug][gc,nmethod     ] Register NMethod: com.sun.org.apache.xerces.internal.util.XMLAttributesImpl.setValue (0x00007cb613d4db88) [0x00007cb613d4dc80, 0x00007cb613d4df78] Compiler: c1, Barriers: 11, Oops: 0, ImmediateOops: 0, NonImmediateOops: No
[2,129s][debug][gc,nmethod     ] Register NMethod: com.sun.org.apache.xerces.internal.util.XMLAttributesImpl.setSpecified (0x00007cb613d4df88) [0x00007cb613d4e080, 0x00007cb613d4e218] Compiler: c1, Barriers: 2, Oops: 0, ImmediateOops: 0, NonImmediateOops: No
[2,129s][debug][gc,nmethod     ] Register NMethod: com.sun.org.apache.xerces.internal.parsers.AbstractSAXParser$AttributesProxy.getQName (0x00007cb613d4e288) [0x00007cb613d4e380, 0x00007cb613d4e6e0] Compiler: c1, Barriers: 1, Oops: 0, ImmediateOops: 0, NonImmediateOops: No
[2,129s][debug][gc,nmethod     ] Register NMethod: io.sirix.utils.XMLToken.isNCChar (0x00007cb632cf2b08) [0x00007cb632cf2c00, 0x00007cb632cf2ce0] Compiler: jvmci, Barriers: 0, Oops: 1, ImmediateOops: 0, NonImmediateOops: No
[2,130s][debug][gc,nmethod     ] Register NMethod: com.sun.org.apache.xerces.internal.util.XMLAttributesImpl.getQName (0x00007cb613d4e708) [0x00007cb613d4e800, 0x00007cb613d4ead0] Compiler: c1, Barriers: 4, Oops: 0, ImmediateOops: 1, NonImmediateOops: No
[2,130s][debug][gc,nmethod     ] Register NMethod: com.sun.org.apache.xerces.internal.impl.XMLDocumentFragmentScannerImpl.getString (0x00007cb613d4eb08) [0x00007cb613d4ec00, 0x00007cb613d4f830] Compiler: c1, Barriers: 8, Oops: 0, ImmediateOops: 0, NonImmediateOops: No
[2,130s][debug][gc,nmethod     ] Register NMethod: com.sun.org.apache.xerces.internal.util.XMLAttributesImpl.getURI (0x00007cb613d4f888) [0x00007cb613d4f980, 0x00007cb613d4fc08] Compiler: c1, Barriers: 4, Oops: 0, ImmediateOops: 0, NonImmediateOops: No
[2,130s][debug][gc,nmethod     ] Register NMethod: com.sun.org.apache.xerces.internal.parsers.AbstractSAXParser$AttributesProxy.getLocalName (0x00007cb613d4fc88) [0x00007cb613d4fd80, 0x00007cb613d500e0] Compiler: c1, Barriers: 1, Oops: 0, ImmediateOops: 0, NonImmediateOops: No
[2,130s][debug][gc,nmethod     ] Register NMethod: com.sun.org.apache.xerces.internal.util.XMLAttributesImpl.addAttributeNS (0x00007cb613d50108) [0x00007cb613d50200, 0x00007cb613d516f0] Compiler: c1, Barriers: 47, Oops: 0, ImmediateOops: 0, NonImmediateOops: No
[2,130s][debug][gc,nmethod     ] Register NMethod: io.sirix.access.trx.node.AbstractNodeReadOnlyTrx.getKind (0x00007cb632cf2e08) [0x00007cb632cf2f00, 0x00007cb632cf3080] Compiler: jvmci, Barriers: 1, Oops: 1, ImmediateOops: 2, NonImmediateOops: No
[2,130s][debug][gc,nmethod     ] Register NMethod: com.sun.org.apache.xerces.internal.util.XMLAttributesImpl.getLocalName (0x00007cb613d51708) [0x00007cb613d51800, 0x00007cb613d51ae8] Compiler: c1, Barriers: 4, Oops: 0, ImmediateOops: 1, NonImmediateOops: No
[2,130s][debug][gc,nmethod     ] Register NMethod: com.sun.org.apache.xerces.internal.parsers.AbstractSAXParser$AttributesProxy.getValue (0x00007cb613d51b08) [0x00007cb613d51c00, 0x00007cb613d51f60] Compiler: c1, Barriers: 1, Oops: 0, ImmediateOops: 0, NonImmediateOops: No
[2,130s][debug][gc,nmethod     ] Register NMethod: io.sirix.index.path.summary.PathSummaryReader.moveTo (0x00007cb632cf3108) [0x00007cb632cf3200, 0x00007cb632cf3440] Compiler: jvmci, Barriers: 5, Oops: 1, ImmediateOops: 0, NonImmediateOops: No
[2,130s][debug][gc,nmethod     ] Register NMethod: com.sun.org.apache.xerces.internal.parsers.AbstractSAXParser$AttributesProxy.getURI (0x00007cb613d51f88) [0x00007cb613d52080, 0x00007cb613d525d0] Compiler: c1, Barriers: 5, Oops: 0, ImmediateOops: 1, NonImmediateOops: No
[2,130s][debug][gc,nmethod     ] Register NMethod: com.sun.org.apache.xerces.internal.util.XMLAttributesImpl.getValue (0x00007cb613d52608) [0x00007cb613d52700, 0x00007cb613d52d30] Compiler: c1, Barriers: 10, Oops: 0, ImmediateOops: 0, NonImmediateOops: No
[2,130s][debug][gc,nmethod     ] Register NMethod: net.openhft.hashing.LongHashFunction.xx3 (0x00007cb613d52d88) [0x00007cb613d52e80, 0x00007cb613d53020] Compiler: c1, Barriers: 0, Oops: 1, ImmediateOops: 1, NonImmediateOops: No
[2,131s][debug][gc,nmethod     ] Register NMethod: io.sirix.access.trx.node.AbstractNodeTrxImpl.getDeweyID (0x00007cb632cf3488) [0x00007cb632cf3580, 0x00007cb632cf3820] Compiler: jvmci, Barriers: 5, Oops: 1, ImmediateOops: 0, NonImmediateOops: No
[2,131s][debug][gc,nmethod     ] Register NMethod: io.sirix.node.xml.AttributeNode.getPrefixKey (0x00007cb613d53088) [0x00007cb613d53180, 0x00007cb613d58170] Compiler: c1, Barriers: 19, Oops: 7, ImmediateOops: 11, NonImmediateOops: No
[2,131s][debug][gc,nmethod     ] Register NMethod: net.openhft.hashing.XXH3.asLongHashFunctionWithoutSeed (0x00007cb613d58208) [0x00007cb613d58300, 0x00007cb613d58440] Compiler: c1, Barriers: 0, Oops: 1, ImmediateOops: 1, NonImmediateOops: No
[2,131s][debug][gc,nmethod     ] Register NMethod: net.openhft.hashing.XXH3$AsLongHashFunction.access$000 (0x00007cb613d58508) [0x00007cb613d58600, 0x00007cb613d586e8] Compiler: c1, Barriers: 0, Oops: 1, ImmediateOops: 1, NonImmediateOops: No
[2,131s][debug][gc,nmethod     ] Register NMethod: io.sirix.access.trx.node.xml.XmlNodeTrxImpl.insertAttribute (0x00007cb613d58808) [0x00007cb613d58900, 0x00007cb613d58c00] Compiler: c1, Barriers: 0, Oops: 1, ImmediateOops: 1, NonImmediateOops: No
[2,131s][debug][gc,nmethod     ] Register NMethod: io.sirix.node.xml.AttributeNode.getLocalNameKey (0x00007cb613d58c88) [0x00007cb613d58d80, 0x00007cb613d5dd70] Compiler: c1, Barriers: 19, Oops: 7, ImmediateOops: 11, NonImmediateOops: No
[2,131s][debug][gc,nmethod     ] Register NMethod: io.sirix.access.trx.node.xml.ForwardingXmlNodeReadOnlyTrx.hasAttributes (0x00007cb613d5de08) [0x00007cb613d5df00, 0x00007cb613d5e4e8] Compiler: c1, Barriers: 1, Oops: 1, ImmediateOops: 0, NonImmediateOops: No
[2,132s][debug][gc,nmethod     ] Register NMethod: io.sirix.access.trx.node.xml.XmlDeweyIDManager.newAttributeID (0x00007cb613d5e508) [0x00007cb613d5e600, 0x00007cb613d62828] Compiler: c1, Barriers: 17, Oops: 1, ImmediateOops: 2, NonImmediateOops: No
[2,132s][debug][gc,nmethod     ] Register NMethod: io.sirix.node.xml.AttributeNode.getURIKey (0x00007cb613d62888) [0x00007cb613d62980, 0x00007cb613d67970] Compiler: c1, Barriers: 19, Oops: 7, ImmediateOops: 11, NonImmediateOops: No
[2,132s][debug][gc,nmethod     ] Register NMethod: io.sirix.access.trx.node.xml.XmlNodeReadOnlyTrxImpl.hasAttributes (0x00007cb613d67a08) [0x00007cb613d67b00, 0x00007cb613d68a80] Compiler: c1, Barriers: 2, Oops: 1, ImmediateOops: 2, NonImmediateOops: No
[2,132s][debug][gc,nmethod     ] Register NMethod: io.sirix.node.xml.AttributeNode.<init> (0x00007cb613d68b08) [0x00007cb613d68c00, 0x00007cb613d69270] Compiler: c1, Barriers: 12, Oops: 1, ImmediateOops: 0, NonImmediateOops: No
[2,132s][debug][gc,nmethod     ] Register NMethod: io.sirix.node.xml.ElementNode.insertAttribute (0x00007cb613d69288) [0x00007cb613d69380, 0x00007cb613d69538] Compiler: c1, Barriers: 1, Oops: 1, ImmediateOops: 0, NonImmediateOops: No
[2,132s][debug][gc,nmethod     ] Register NMethod: io.sirix.query.node.SubtreeProcessor.notifyAttribute (0x00007cb613d69588) [0x00007cb613d69680, 0x00007cb613d6a0e0] Compiler: c1, Barriers: 1, Oops: 1, ImmediateOops: 0, NonImmediateOops: No
[2,133s][debug][gc,nmethod     ] Register NMethod: com.sun.org.apache.xerces.internal.impl.XMLScanner.scanAttributeValue (0x00007cb613d6a108) [0x00007cb613d6a200, 0x00007cb613d74900] Compiler: c1, Barriers: 92, Oops: 8, ImmediateOops: 16, NonImmediateOops: No
[2,133s][debug][gc,nmethod     ] Register NMethod: io.sirix.node.SirixDeweyID.getNewAttributeID (0x00007cb613d74988) [0x00007cb613d74a80, 0x00007cb613d74e68] Compiler: c1, Barriers: 5, Oops: 1, ImmediateOops: 0, NonImmediateOops: No
[2,133s][debug][gc,nmethod     ] Register NMethod: io.sirix.access.trx.node.xml.XmlNodeFactoryImpl.createAttributeNode (0x00007cb613d74e88) [0x00007cb613d74f80, 0x00007cb613d77678] Compiler: c1, Barriers: 21, Oops: 2, ImmediateOops: 6, NonImmediateOops: No
[2,133s][debug][gc,nmethod     ] Register NMethod: io.sirix.node.GrowingMemorySegment.getUsedSegment (0x00007cb632cf3888) [0x00007cb632cf3980, 0x00007cb632cf3cf0] Compiler: jvmci, Barriers: 6, Oops: 1, ImmediateOops: 0, NonImmediateOops: No
[2,133s][debug][gc,nmethod     ] Register NMethod: io.sirix.access.trx.node.AbstractNodeReadOnlyTrx.getStructuralNode (0x00007cb632cf3d08) [0x00007cb632cf3e00, 0x00007cb632cf4110] Compiler: jvmci, Barriers: 3, Oops: 1, ImmediateOops: 0, NonImmediateOops: No
[2,133s][debug][gc,nmethod     ] Register NMethod: it.unimi.dsi.fastutil.ints.Int2LongOpenHashMap.put (0x00007cb613d77708) [0x00007cb613d77800, 0x00007cb613d77a68] Compiler: c1, Barriers: 1, Oops: 1, ImmediateOops: 0, NonImmediateOops: No
[2,133s][debug][gc,nmethod     ] Register NMethod: io.sirix.cache.IndexLogKey.equals (0x00007cb613d77a88) [0x00007cb613d77b80, 0x00007cb613d784c8] Compiler: c1, Barriers: 4, Oops: 1, ImmediateOops: 0, NonImmediateOops: No
[2,133s][debug][gc,nmethod     ] Register NMethod: java.util.HashMap.computeIfAbsent (0x00007cb632cf4188) [0x00007cb632cf4280, 0x00007cb632cf57f8] Compiler: jvmci, Barriers: 46, Oops: 1, ImmediateOops: 0, NonImmediateOops: No
[2,134s][debug][gc,nmethod     ] Register NMethod: io.sirix.access.trx.node.AbstractNodeReadOnlyTrx.getNodeKey (0x00007cb632cf5808) [0x00007cb632cf5900, 0x00007cb632cf5a50] Compiler: jvmci, Barriers: 1, Oops: 1, ImmediateOops: 0, NonImmediateOops: No
[2,134s][debug][gc,nmethod     ] Register NMethod: io.sirix.access.trx.node.xml.XmlNodeTrxImpl.insertAttribute (0x00007cb613d78508) [0x00007cb613d78600, 0x00007cb613d886f0] Compiler: c1, Barriers: 58, Oops: 8, ImmediateOops: 23, NonImmediateOops: No
[2,134s][debug][gc,nmethod     ] Register NMethod: java.nio.Buffer.limit (0x00007cb632cf5b08) [0x00007cb632cf5c00, 0x00007cb632cf5d10] Compiler: jvmci, Barriers: 0, Oops: 0, ImmediateOops: 0, NonImmediateOops: No
[2,135s][debug][gc,nmethod     ] Register NMethod: jdk.internal.misc.Unsafe.getIntUnaligned (0x00007cb632cf5e08) [0x00007cb632cf5f00, 0x00007cb632cf5fc0] Compiler: jvmci, Barriers: 0, Oops: 0, ImmediateOops: 0, NonImmediateOops: No
[2,135s][debug][gc,nmethod     ] Register NMethod: com.sun.org.apache.xerces.internal.impl.XMLEntityScanner.skipChar (0x00007cb632cf6108) [0x00007cb632cf6200, 0x00007cb632cf65f8] Compiler: jvmci, Barriers: 4, Oops: 0, ImmediateOops: 0, NonImmediateOops: No
[2,136s][debug][gc,nmethod     ] Register NMethod: java.util.ArrayDeque.pollFirst (0x00007cb632cf6608) [0x00007cb632cf6700, 0x00007cb632cf6900] Compiler: jvmci, Barriers: 4, Oops: 0, ImmediateOops: 0, NonImmediateOops: No
[2,137s][debug][gc,nmethod     ] Register NMethod: com.sun.org.apache.xerces.internal.impl.XMLScanner.isValidNameStartHighSurrogate (0x00007cb632cf6908) [0x00007cb632cf6a00, 0x00007cb632cf6ac0] Compiler: c1, Barriers: 0, Oops: 0, ImmediateOops: 0, NonImmediateOops: No
[2,137s][debug][gc,nmethod     ] Register NMethod: io.sirix.node.xml.AttributeNode.computeHash (0x00007cb613d88788) [0x00007cb613d88880, 0x00007cb613d9f0e0] Compiler: c1, Barriers: 86, Oops: 13, ImmediateOops: 49, NonImmediateOops: No
[2,137s][debug][gc,nmethod     ] Register NMethod: jdk.internal.ref.PhantomCleanable.<init> (0x00007cb632cf6c08) [0x00007cb632cf6d00, 0x00007cb632cf77d0] Compiler: jvmci, Barriers: 37, Oops: 0, ImmediateOops: 2, NonImmediateOops: No
[2,138s][debug][gc,director    ] Rule Major: Warmup 10%, Used: 302MB, UsedThreshold: 1228MB
[2,138s][debug][gc,nmethod     ] Register NMethod: it.unimi.dsi.fastutil.longs.LongArrays.forceCapacity (0x00007cb613d9f188) [0x00007cb613d9f280, 0x00007cb613d9f498] Compiler: c1, Barriers: 0, Oops: 1, ImmediateOops: 0, NonImmediateOops: No
[2,138s][debug][gc,nmethod     ] Register NMethod: java.lang.ref.Cleaner.register (0x00007cb632cf7808) [0x00007cb632cf7900, 0x00007cb632cf8508] Compiler: jvmci, Barriers: 40, Oops: 0, ImmediateOops: 2, NonImmediateOops: No
[2,140s][debug][gc,nmethod     ] Register NMethod: com.sun.org.apache.xerces.internal.impl.XMLEntityScanner.peekChar (0x00007cb632cf8588) [0x00007cb632cf8680, 0x00007cb632cf8838] Compiler: jvmci, Barriers: 2, Oops: 0, ImmediateOops: 0, NonImmediateOops: No
[2,141s][debug][gc,nmethod     ] Register NMethod: java.util.HashSet.isEmpty (0x00007cb632cf8888) [0x00007cb632cf8980, 0x00007cb632cf8a68] Compiler: jvmci, Barriers: 1, Oops: 0, ImmediateOops: 0, NonImmediateOops: No
[2,145s][debug][gc,nmethod     ] Register NMethod: com.sun.org.apache.xerces.internal.impl.XMLDocumentFragmentScannerImpl$FragmentContentDriver.next (0x00007cb632cf8b88) [0x00007cb632cf8c80, 0x00007cb632cfa4e0] Compiler: jvmci, Barriers: 35, Oops: 1, ImmediateOops: 1, NonImmediateOops: No
[2,145s][debug][gc,nmethod     ] Register NMethod: io.sirix.axis.AbstractAxis.nextLong (0x00007cb632cfa508) [0x00007cb632cfa600, 0x00007cb632cfabf8] Compiler: jvmci, Barriers: 13, Oops: 1, ImmediateOops: 2, NonImmediateOops: No
[2,145s][debug][gc,nmethod     ] Register NMethod: java.util.Arrays.copyOf (0x00007cb632cfac08) [0x00007cb632cfad00, 0x00007cb632cfb118] Compiler: jvmci, Barriers: 0, Oops: 0, ImmediateOops: 0, NonImmediateOops: No
[2,146s][debug][gc,nmethod     ] Register NMethod: com.sun.org.apache.xerces.internal.impl.XMLNSDocumentScannerImpl.next (0x00007cb632cfb188) [0x00007cb632cfb280, 0x00007cb632cfcb08] Compiler: jvmci, Barriers: 34, Oops: 1, ImmediateOops: 1, NonImmediateOops: No
[2,147s][debug][gc,nmethod     ] Register NMethod: io.sirix.query.node.SubtreeBuilder.attribute (0x00007cb613d9f508) [0x00007cb613d9f600, 0x00007cb613da0800] Compiler: c1, Barriers: 6, Oops: 1, ImmediateOops: 1, NonImmediateOops: No
[2,148s][debug][gc,director    ] Rule Major: Warmup 10%, Used: 302MB, UsedThreshold: 1228MB
[2,148s][debug][gc,nmethod     ] Register NMethod: java.lang.String.encodeUTF8 (0x00007cb632cfcb88) [0x00007cb632cfcc80, 0x00007cb632cfce38] Compiler: jvmci, Barriers: 0, Oops: 0, ImmediateOops: 0, NonImmediateOops: No
[2,148s][debug][gc,nmethod     ] Register NMethod: com.sun.org.apache.xerces.internal.parsers.AbstractXMLDocumentParser.emptyElement (0x00007cb613da0888) [0x00007cb613da0980, 0x00007cb613da0e98] Compiler: c1, Barriers: 0, Oops: 0, ImmediateOops: 0, NonImmediateOops: No
[2,148s][debug][gc,nmethod     ] Register NMethod: java.util.concurrent.ConcurrentHashMap.<init> (0x00007cb613da0f08) [0x00007cb613da1000, 0x00007cb613da11b8] Compiler: c1, Barriers: 0, Oops: 0, ImmediateOops: 0, NonImmediateOops: No
[2,148s][debug][gc,nmethod     ] Register NMethod: com.sun.org.apache.xerces.internal.xni.XMLString.append (0x00007cb613da1208) [0x00007cb613da1300, 0x00007cb613da1640] Compiler: c1, Barriers: 1, Oops: 0, ImmediateOops: 0, NonImmediateOops: No
[2,149s][debug][gc,nmethod     ] Register NMethod: com.sun.org.apache.xerces.internal.impl.XMLNSDocumentScannerImpl.scanAttribute (0x00007cb613da1688) [0x00007cb613da1780, 0x00007cb613da9820] Compiler: c1, Barriers: 128, Oops: 9, ImmediateOops: 41, NonImmediateOops: No
[2,150s][debug][gc,nmethod     ] Register NMethod: io.sirix.node.xml.TextNode.hasLeftSibling (0x00007cb632cfce88) [0x00007cb632cfcf80, 0x00007cb632cfd3a8] Compiler: jvmci, Barriers: 4, Oops: 3, ImmediateOops: 0, NonImmediateOops: No
[2,150s][debug][gc,nmethod     ] Register NMethod: it.unimi.dsi.fastutil.longs.LongArrayList.getLong (0x00007cb632cfd408) [0x00007cb632cfd500, 0x00007cb632cfd630] Compiler: jvmci, Barriers: 1, Oops: 1, ImmediateOops: 0, NonImmediateOops: No
[2,151s][debug][gc,nmethod     ] Register NMethod: it.unimi.dsi.fastutil.longs.LongArrayList.add (0x00007cb632cfd708) [0x00007cb632cfd800, 0x00007cb632cfdd00] Compiler: jvmci, Barriers: 4, Oops: 1, ImmediateOops: 1, NonImmediateOops: No
[2,151s][debug][gc,nmethod     ] Register NMethod: it.unimi.dsi.fastutil.longs.LongArrayList.grow (0x00007cb632cfdd88) [0x00007cb632cfde80, 0x00007cb632cfe2f0] Compiler: jvmci, Barriers: 4, Oops: 1, ImmediateOops: 1, NonImmediateOops: No
[2,152s][debug][gc,nmethod     ] Register NMethod: io.sirix.node.xml.TextNode.getLeftSiblingKey (0x00007cb632cfe308) [0x00007cb632cfe400, 0x00007cb632cfe810] Compiler: jvmci, Barriers: 4, Oops: 3, ImmediateOops: 0, NonImmediateOops: No
[2,152s][debug][gc,nmethod     ] Register NMethod: it.unimi.dsi.fastutil.longs.LongArrayList.removeLong (0x00007cb632cfe888) [0x00007cb632cfe980, 0x00007cb632cfeb00] Compiler: jvmci, Barriers: 1, Oops: 1, ImmediateOops: 0, NonImmediateOops: No
[2,152s][debug][gc,nmethod     ] Register NMethod: io.sirix.access.trx.node.xml.ForwardingXmlNodeReadOnlyTrx.getNodeKey (0x00007cb632cfeb88) [0x00007cb632cfec80, 0x00007cb632cfee70] Compiler: jvmci, Barriers: 2, Oops: 1, ImmediateOops: 0, NonImmediateOops: No
[2,153s][debug][gc,nmethod     ] Register NMethod: io.sirix.access.trx.node.xml.XmlNodeReadOnlyTrxImpl.getNode (0x00007cb632cfee88) [0x00007cb632cfef80, 0x00007cb632cff160] Compiler: jvmci, Barriers: 3, Oops: 1, ImmediateOops: 0, NonImmediateOops: No
[2,154s][debug][gc,nmethod     ] Register NMethod: io.sirix.node.xml.ElementNode.getChildCount (0x00007cb632cff188) [0x00007cb632cff280, 0x00007cb632cff6f0] Compiler: jvmci, Barriers: 5, Oops: 3, ImmediateOops: 0, NonImmediateOops: No
[2,154s][debug][gc,nmethod     ] Register NMethod: io.sirix.access.trx.node.xml.XmlNodeReadOnlyTrxImpl.getNode (0x00007cb632cff788) [0x00007cb632cff880, 0x00007cb632cffa60] Compiler: jvmci, Barriers: 3, Oops: 1, ImmediateOops: 0, NonImmediateOops: No
[2,154s][debug][gc,nmethod     ] Register NMethod: java.util.BitSet.recalculateWordsInUse (0x00007cb632cffa88) [0x00007cb632cffb80, 0x00007cb632cffcf8] Compiler: jvmci, Barriers: 1, Oops: 0, ImmediateOops: 0, NonImmediateOops: No
[2,154s][debug][gc,nmethod     ] Register NMethod: io.sirix.index.path.summary.PathNode.getLocalNameKey (0x00007cb632cffd88) [0x00007cb632cffe80, 0x00007cb632cfff60] Compiler: jvmci, Barriers: 1, Oops: 1, ImmediateOops: 0, NonImmediateOops: No
[2,154s][debug][gc,nmethod     ] Register NMethod: jdk.internal.misc.Unsafe.checkNativeAddress (0x00007cb632d00088) [0x00007cb632d00180, 0x00007cb632d00200] Compiler: jvmci, Barriers: 0, Oops: 0, ImmediateOops: 0, NonImmediateOops: No
[2,154s][debug][gc,nmethod     ] Register NMethod: jdk.xml.internal.XMLSecurityManager.isOverLimit (0x00007cb632d00388) [0x00007cb632d00480, 0x00007cb632d006e8] Compiler: jvmci, Barriers: 2, Oops: 0, ImmediateOops: 0, NonImmediateOops: No
[2,154s][debug][gc,nmethod     ] Register NMethod: jdk.internal.misc.Unsafe.checkOffset (0x00007cb632d00708) [0x00007cb632d00800, 0x00007cb632d008b8] Compiler: jvmci, Barriers: 0, Oops: 0, ImmediateOops: 0, NonImmediateOops: No
[2,155s][debug][gc,nmethod     ] Register NMethod: java.util.concurrent.locks.ReentrantLock$Sync.tryRelease (0x00007cb632d00a08) [0x00007cb632d00b00, 0x00007cb632d00d38] Compiler: jvmci, Barriers: 4, Oops: 0, ImmediateOops: 0, NonImmediateOops: No
[2,155s][debug][gc,nmethod     ] Register NMethod: io.sirix.axis.filter.PathNameFilter.filter (0x00007cb632d00d88) [0x00007cb632d00e80, 0x00007cb632d01380] Compiler: jvmci, Barriers: 6, Oops: 1, ImmediateOops: 0, NonImmediateOops: No
[2,156s][debug][gc,nmethod     ] Register NMethod: java.util.concurrent.locks.ReentrantLock$NonfairSync.initialTryLock (0x00007cb632d01408) [0x00007cb632d01500, 0x00007cb632d016d0] Compiler: jvmci, Barriers: 5, Oops: 0, ImmediateOops: 0, NonImmediateOops: No
[2,156s][debug][gc,nmethod     ] Register NMethod: java.util.concurrent.locks.AbstractQueuedSynchronizer.signalNext (0x00007cb632d01708) [0x00007cb632d01800, 0x00007cb632d019e8] Compiler: jvmci, Barriers: 2, Oops: 1, ImmediateOops: 1, NonImmediateOops: No
[2,156s][debug][gc,nmethod     ] Register NMethod: java.lang.String.encode (0x00007cb632d01a08) [0x00007cb632d01b00, 0x00007cb632d01cd8] Compiler: jvmci, Barriers: 0, Oops: 0, ImmediateOops: 1, NonImmediateOops: No
[2,156s][debug][gc,nmethod     ] Register NMethod: jdk.internal.foreign.Utils$BaseAndScale.of (0x00007cb632d01d08) [0x00007cb632d01e00, 0x00007cb632d01ec8] Compiler: jvmci, Barriers: 0, Oops: 0, ImmediateOops: 1, NonImmediateOops: No
[2,157s][debug][gc,nmethod     ] Register NMethod: jdk.internal.foreign.Utils$BaseAndScale$$TypeSwitch/0x000000002625bfa8.typeSwitch (0x00007cb632d02008) [0x00007cb632d02100, 0x00007cb632d021f8] Compiler: jvmci, Barriers: 0, Oops: 0, ImmediateOops: 0, NonImmediateOops: No
[2,157s][debug][gc,nmethod     ] Register NMethod: java.nio.Bits.tryReserveMemory (0x00007cb632d02308) [0x00007cb632d02400, 0x00007cb632d02528] Compiler: jvmci, Barriers: 0, Oops: 0, ImmediateOops: 4, NonImmediateOops: No
[2,157s][debug][gc,nmethod     ] Register NMethod: io.sirix.page.KeyValueLeafPage.setRecord (0x00007cb632d02608) [0x00007cb632d02700, 0x00007cb632d02a80] Compiler: jvmci, Barriers: 4, Oops: 1, ImmediateOops: 0, NonImmediateOops: No
[2,158s][debug][gc,director    ] Rule Major: Warmup 10%, Used: 306MB, UsedThreshold: 1228MB
[2,158s][debug][gc,nmethod     ] Register NMethod: com.sun.org.apache.xerces.internal.impl.XMLDocumentFragmentScannerImpl.bufferContent (0x00007cb613da9888) [0x00007cb613da9980, 0x00007cb613da9fc0] Compiler: c1, Barriers: 4, Oops: 0, ImmediateOops: 0, NonImmediateOops: No
[2,159s][debug][gc,nmethod     ] Register NMethod: java.nio.Bits.reserveMemory (0x00007cb632d02b08) [0x00007cb632d02c00, 0x00007cb632d02d50] Compiler: jvmci, Barriers: 0, Oops: 0, ImmediateOops: 4, NonImmediateOops: No
[2,159s][debug][gc,nmethod     ] Register NMethod: jdk.internal.misc.Unsafe.allocateMemory (0x00007cb632d02e08) [0x00007cb632d02f00, 0x00007cb632d03048] Compiler: jvmci, Barriers: 0, Oops: 0, ImmediateOops: 0, NonImmediateOops: No
[2,161s][debug][gc,nmethod     ] Register NMethod: com.sun.org.apache.xerces.internal.impl.XMLDocumentFragmentScannerImpl$FragmentContentDriver.startOfMarkup (0x00007cb613daa008) [0x00007cb613daa100, 0x00007cb613dac168] Compiler: c1, Barriers: 16, Oops: 0, ImmediateOops: 7, NonImmediateOops: No
[2,162s][debug][gc,nmethod     ] Register NMethod: com.sun.org.apache.xerces.internal.impl.XMLDocumentFragmentScannerImpl.scanContent (0x00007cb613dac188) [0x00007cb613dac280, 0x00007cb613dad870] Compiler: c1, Barriers: 11, Oops: 0, ImmediateOops: 1, NonImmediateOops: No
[2,163s][debug][gc,nmethod     ] Register NMethod: io.sirix.node.GrowingMemorySegment.writeByte (0x00007cb632d03108) [0x00007cb632d03200, 0x00007cb632d03770] Compiler: jvmci, Barriers: 5, Oops: 2, ImmediateOops: 0, NonImmediateOops: No
[2,163s][debug][gc,nmethod     ] Register NMethod: java.util.HashMap.computeIfAbsent (0x00007cb613dad888) [0x00007cb613dad980, 0x00007cb613db0188] Compiler: c1, Barriers: 11, Oops: 0, ImmediateOops: 0, NonImmediateOops: No
[2,164s][debug][gc,nmethod     ] Register NMethod: jdk.internal.misc.Unsafe.copyMemory (0x00007cb632d03788) [0x00007cb632d03880, 0x00007cb632d03b60] Compiler: jvmci, Barriers: 4, Oops: 0, ImmediateOops: 0, NonImmediateOops: No
[2,165s][debug][gc,nmethod     ] Register NMethod: jdk.internal.foreign.ImplicitSession.<init> (0x00007cb632d03b88) [0x00007cb632d03c80, 0x00007cb632d04a08] Compiler: jvmci, Barriers: 46, Oops: 1, ImmediateOops: 2, NonImmediateOops: No
[2,166s][debug][gc,nmethod     ] Register NMethod: java.util.concurrent.locks.ReentrantLock.lock (0x00007cb632d04a88) [0x00007cb632d04b80, 0x00007cb632d04d68] Compiler: jvmci, Barriers: 5, Oops: 0, ImmediateOops: 0, NonImmediateOops: No
[2,166s][debug][gc,nmethod     ] Register NMethod: java.util.concurrent.locks.ReentrantLock.unlock (0x00007cb632d04d88) [0x00007cb632d04e80, 0x00007cb632d05218] Compiler: jvmci, Barriers: 8, Oops: 1, ImmediateOops: 0, NonImmediateOops: No
[2,167s][debug][gc,nmethod     ] Register NMethod: io.sirix.node.AbstractForwardingNode.getParentKey (0x00007cb632d05288) [0x00007cb632d05380, 0x00007cb632d05520] Compiler: jvmci, Barriers: 2, Oops: 1, ImmediateOops: 0, NonImmediateOops: No
[2,167s][debug][gc,nmethod     ] Register NMethod: io.sirix.access.trx.page.NodePageTrx.createRecord (0x00007cb632d05588) [0x00007cb632d05680, 0x00007cb632d06b30] Compiler: jvmci, Barriers: 43, Oops: 3, ImmediateOops: 1, NonImmediateOops: No
[2,167s][debug][gc,nmethod     ] Register NMethod: jdk.internal.foreign.MemorySessionImpl.addInternal (0x00007cb632d06b88) [0x00007cb632d06c80, 0x00007cb632d07138] Compiler: jvmci, Barriers: 21, Oops: 0, ImmediateOops: 1, NonImmediateOops: No
[2,168s][debug][gc,director    ] Rule Major: Warmup 10%, Used: 308MB, UsedThreshold: 1228MB
[2,170s][debug][gc,nmethod     ] Register NMethod: com.sun.org.apache.xerces.internal.util.SymbolTable.addSymbol (0x00007cb632d07188) [0x00007cb632d07280, 0x00007cb632d07b00] Compiler: jvmci, Barriers: 7, Oops: 0, ImmediateOops: 0, NonImmediateOops: No
[2,172s][debug][gc,nmethod     ] Register NMethod: io.sirix.cache.IndexLogKey.equals (0x00007cb632d07b08) [0x00007cb632d07c00, 0x00007cb632d07d98] Compiler: jvmci, Barriers: 2, Oops: 1, ImmediateOops: 0, NonImmediateOops: No
[2,172s][debug][gc,nmethod     ] Register NMethod: com.sun.org.apache.xerces.internal.impl.XMLNSDocumentScannerImpl.next (0x00007cb613db0208) [0x00007cb613db0300, 0x00007cb613db07d0] Compiler: c1, Barriers: 2, Oops: 0, ImmediateOops: 0, NonImmediateOops: No
[2,173s][debug][gc,nmethod     ] Register NMethod: com.sun.org.apache.xerces.internal.impl.XMLEntityScanner.peekChar (0x00007cb613db0808) [0x00007cb613db0900, 0x00007cb613db0db8] Compiler: c1, Barriers: 3, Oops: 0, ImmediateOops: 0, NonImmediateOops: No
[2,174s][debug][gc,nmethod     ] Register NMethod: com.sun.org.apache.xerces.internal.util.XMLStringBuffer.clear (0x00007cb613db0e08) [0x00007cb613db0f00, 0x00007cb613db1010] Compiler: c1, Barriers: 0, Oops: 0, ImmediateOops: 0, NonImmediateOops: No
[2,175s][debug][gc,nmethod     ] Register NMethod: jdk.internal.foreign.ArenaImpl.allocate (0x00007cb632d07e08) [0x00007cb632d07f00, 0x00007cb632d08838] Compiler: jvmci, Barriers: 16, Oops: 1, ImmediateOops: 6, NonImmediateOops: No
[2,177s][debug][gc,nmethod     ] Register NMethod: io.sirix.page.RevisionRootPage.getPathSummaryPageReference (0x00007cb613db1108) [0x00007cb613db1200, 0x00007cb613db1770] Compiler: c1, Barriers: 1, Oops: 1, ImmediateOops: 0, NonImmediateOops: No
[2,177s][debug][gc,nmethod     ] Register NMethod: io.sirix.access.trx.page.NodePageReadOnlyTrx.getPathSummaryPage (0x00007cb613db1788) [0x00007cb613db1880, 0x00007cb613db2858] Compiler: c1, Barriers: 4, Oops: 1, ImmediateOops: 1, NonImmediateOops: No
[2,178s][debug][gc,director    ] Rule Major: Warmup 10%, Used: 310MB, UsedThreshold: 1228MB
[2,178s][debug][gc,nmethod     ] Register NMethod: com.sun.org.apache.xerces.internal.util.SymbolTable.hash (0x00007cb632d08888) [0x00007cb632d08980, 0x00007cb632d08c00] Compiler: jvmci, Barriers: 1, Oops: 0, ImmediateOops: 0, NonImmediateOops: No
[2,178s][debug][gc,nmethod     ] Register NMethod: jdk.internal.foreign.ArenaImpl.allocate (0x00007cb632d08c08) [0x00007cb632d08d00, 0x00007cb632d09638] Compiler: jvmci, Barriers: 16, Oops: 1, ImmediateOops: 6, NonImmediateOops: No
[2,179s][debug][gc,nmethod     ] Register NMethod: jdk.internal.foreign.ArenaImpl.<init> (0x00007cb632d09688) [0x00007cb632d09780, 0x00007cb632d098a0] Compiler: jvmci, Barriers: 3, Oops: 0, ImmediateOops: 0, NonImmediateOops: No
[2,180s][debug][gc,nmethod     ] Register NMethod: net.openhft.hashing.UnsafeAccess.byteOrder (0x00007cb632d09988) [0x00007cb632d09a80, 0x00007cb632d09b10] Compiler: jvmci, Barriers: 0, Oops: 1, ImmediateOops: 1, NonImmediateOops: No
[2,181s][debug][gc,nmethod     ] Register NMethod: com.sun.org.apache.xerces.internal.impl.XMLDocumentFragmentScannerImpl$FragmentContentDriver.next (0x00007cb613db2888) [0x00007cb613db2980, 0x00007cb613dc0440] Compiler: c1, Barriers: 140, Oops: 1, ImmediateOops: 14, NonImmediateOops: No
[2,181s][debug][gc,nmethod     ] Register NMethod: jdk.internal.foreign.Utils.checkAlign (0x00007cb632d09c88) [0x00007cb632d09d80, 0x00007cb632d09e28] Compiler: jvmci, Barriers: 0, Oops: 0, ImmediateOops: 0, NonImmediateOops: No
[2,184s][debug][gc,nmethod     ] Register NMethod: io.sirix.node.GrowingMemorySegment.<init> (0x00007cb632d09f88) [0x00007cb632d0a080, 0x00007cb632d0ab28] Compiler: jvmci, Barriers: 22, Oops: 2, ImmediateOops: 6, NonImmediateOops: No
[2,185s][debug][gc,nmethod     ] Register NMethod: io.sirix.node.BytesOut.asBytesIn (0x00007cb632d0ab88) [0x00007cb632d0ac80, 0x00007cb632d0b258] Compiler: jvmci, Barriers: 13, Oops: 1, ImmediateOops: 0, NonImmediateOops: No
[2,186s][debug][gc,nmethod     ] Register NMethod: io.sirix.node.xml.TextNode.hasRightSibling (0x00007cb632d0b288) [0x00007cb632d0b380, 0x00007cb632d0b7d0] Compiler: jvmci, Barriers: 4, Oops: 3, ImmediateOops: 0, NonImmediateOops: No
[2,186s][debug][gc,nmethod     ] Register NMethod: jdk.internal.foreign.SegmentFactories.allocateNativeInternal (0x00007cb632d0b808) [0x00007cb632d0b920, 0x00007cb632d0c1e0] Compiler: jvmci, Barriers: 13, Oops: 1, ImmediateOops: 6, NonImmediateOops: No
[2,187s][debug][gc,nmethod     ] Register NMethod: jdk.internal.foreign.SegmentFactories.allocateNativeSegment (0x00007cb632d0c208) [0x00007cb632d0c320, 0x00007cb632d0cc88] Compiler: jvmci, Barriers: 15, Oops: 1, ImmediateOops: 6, NonImmediateOops: No
[2,187s][debug][gc,nmethod     ] Register NMethod: java.nio.Buffer.position (0x00007cb632d0cd08) [0x00007cb632d0ce00, 0x00007cb632d0cee0] Compiler: jvmci, Barriers: 0, Oops: 0, ImmediateOops: 0, NonImmediateOops: No
[2,188s][debug][gc,director    ] Rule Major: Warmup 10%, Used: 310MB, UsedThreshold: 1228MB
[2,189s][debug][gc,nmethod     ] Register NMethod: io.sirix.node.xml.ElementNode.setChildCount (0x00007cb632d0d008) [0x00007cb632d0d100, 0x00007cb632d0d5b8] Compiler: jvmci, Barriers: 5, Oops: 3, ImmediateOops: 0, NonImmediateOops: No
[2,189s][debug][gc,nmethod     ] Register NMethod: io.sirix.node.xml.ElementNode.getFirstChildKey (0x00007cb632d0d608) [0x00007cb632d0d700, 0x00007cb632d0db10] Compiler: jvmci, Barriers: 4, Oops: 3, ImmediateOops: 0, NonImmediateOops: No
[2,190s][debug][gc,nmethod     ] Register NMethod: java.lang.String.<init> (0x00007cb632d0db88) [0x00007cb632d0dc80, 0x00007cb632d0dfc8] Compiler: jvmci, Barriers: 3, Oops: 0, ImmediateOops: 0, NonImmediateOops: No
[2,190s][debug][gc,nmethod     ] Register NMethod: com.sun.org.apache.xerces.internal.impl.XMLEntityScanner.skipSpaces (0x00007cb632d0e008) [0x00007cb632d0e100, 0x00007cb632d0e400] Compiler: jvmci, Barriers: 2, Oops: 0, ImmediateOops: 1, NonImmediateOops: No
[2,192s][debug][gc,nmethod     ] Register NMethod: java.nio.ByteBuffer.order (0x00007cb632d0e408) [0x00007cb632d0e500, 0x00007cb632d0e5d0] Compiler: jvmci, Barriers: 0, Oops: 0, ImmediateOops: 1, NonImmediateOops: No
[2,193s][debug][gc,nmethod     ] Register NMethod: java.util.HashMap.computeIfAbsent (0x00007cb632d0e708) [0x00007cb632d0e800, 0x00007cb632d0fc58] Compiler: jvmci, Barriers: 46, Oops: 1, ImmediateOops: 0, NonImmediateOops: No
[2,193s][debug][gc,nmethod     ] Register NMethod: io.sirix.node.xml.ElementNode.incrementChildCount (0x00007cb632d0fc88) [0x00007cb632d0fd80, 0x00007cb632d10790] Compiler: jvmci, Barriers: 12, Oops: 3, ImmediateOops: 0, NonImmediateOops: No
[2,194s][debug][gc,nmethod     ] Register NMethod: io.sirix.access.trx.node.AbstractNodeTrxImpl.intermediateCommitIfRequired (0x00007cb632d10808) [0x00007cb632d10900, 0x00007cb632d10a70] Compiler: jvmci, Barriers: 1, Oops: 1, ImmediateOops: 0, NonImmediateOops: No
[2,195s][debug][gc,nmethod     ] Register NMethod: io.sirix.axis.AbstractAxis.<init> (0x00007cb632d10b08) [0x00007cb632d10c00, 0x00007cb632d10fc8] Compiler: jvmci, Barriers: 12, Oops: 1, ImmediateOops: 2, NonImmediateOops: No
[2,195s][debug][gc,nmethod     ] Register NMethod: io.sirix.access.trx.node.AbstractNodeReadOnlyTrx.storeDeweyIDs (0x00007cb632d11008) [0x00007cb632d11100, 0x00007cb632d11298] Compiler: jvmci, Barriers: 2, Oops: 1, ImmediateOops: 0, NonImmediateOops: No
[2,196s][debug][gc,nmethod     ] Register NMethod: io.sirix.access.trx.node.AbstractNodeTrxImpl.checkAccessAndCommit (0x00007cb632d11308) [0x00007cb632d11400, 0x00007cb632d11678] Compiler: jvmci, Barriers: 3, Oops: 1, ImmediateOops: 1, NonImmediateOops: No
[2,197s][debug][gc,nmethod     ] Register NMethod: jdk.internal.foreign.AbstractMemorySegmentImpl.asSlice (0x00007cb632d11688) [0x00007cb632d11780, 0x00007cb632d11968] Compiler: jvmci, Barriers: 3, Oops: 0, ImmediateOops: 0, NonImmediateOops: No
[2,198s][debug][gc,nmethod     ] Register NMethod: io.sirix.access.trx.node.AbstractNodeHashing.isValueNode (0x00007cb632d11988) [0x00007cb632d11a80, 0x00007cb632d11ca0] Compiler: jvmci, Barriers: 0, Oops: 1, ImmediateOops: 5, NonImmediateOops: No
[2,198s][debug][gc,director    ] Rule Major: Warmup 10%, Used: 312MB, UsedThreshold: 1228MB
[2,198s][debug][gc,nmethod     ] Register NMethod: io.sirix.node.GrowingMemorySegment.write (0x00007cb632d11d08) [0x00007cb632d11e00, 0x00007cb632d123e0] Compiler: jvmci, Barriers: 6, Oops: 3, ImmediateOops: 0, NonImmediateOops: No
[2,200s][debug][gc,nmethod     ] Register NMethod: com.sun.org.apache.xerces.internal.impl.XMLEntityScanner.checkBeforeLoad (0x00007cb613dc0488) [0x00007cb613dc0580, 0x00007cb613dc0ab0] Compiler: c1, Barriers: 4, Oops: 0, ImmediateOops: 1, NonImmediateOops: No
[2,201s][debug][gc,nmethod     ] Register NMethod: net.openhft.hashing.XXH3$AsLongHashFunction.hash (0x00007cb632d12408) [0x00007cb632d12500, 0x00007cb632d12628] Compiler: jvmci, Barriers: 0, Oops: 1, ImmediateOops: 1, NonImmediateOops: No
[2,202s][debug][gc,nmethod     ] Register NMethod: net.openhft.hashing.LongHashFunction.unsafeHash (0x00007cb632d12708) [0x00007cb632d12800, 0x00007cb632d12908] Compiler: jvmci, Barriers: 0, Oops: 1, ImmediateOops: 2, NonImmediateOops: No
[2,202s][debug][gc,nmethod     ] Register NMethod: net.openhft.hashing.XXH3.access$500 (0x00007cb632d12a08) [0x00007cb632d12b00, 0x00007cb632d12b88] Compiler: jvmci, Barriers: 0, Oops: 1, ImmediateOops: 0, NonImmediateOops: No
[2,203s][debug][gc,nmethod     ] Register NMethod: io.sirix.access.trx.node.AbstractIndexController.notifyChange (0x00007cb632d12d08) [0x00007cb632d12e00, 0x00007cb632d12f80] Compiler: jvmci, Barriers: 2, Oops: 1, ImmediateOops: 0, NonImmediateOops: No
[2,205s][debug][gc,nmethod     ] Register NMethod: io.sirix.access.trx.node.AbstractNodeHashing.adaptHashesWithAdd (0x00007cb632d13008) [0x00007cb632d13100, 0x00007cb632d13260] Compiler: jvmci, Barriers: 1, Oops: 1, ImmediateOops: 0, NonImmediateOops: No
[2,205s][debug][gc,nmethod     ] Register NMethod: io.sirix.access.trx.node.xml.ForwardingXmlNodeReadOnlyTrx.getKind (0x00007cb632d13308) [0x00007cb632d13400, 0x00007cb632d13620] Compiler: jvmci, Barriers: 2, Oops: 1, ImmediateOops: 2, NonImmediateOops: No
[2,206s][debug][gc,nmethod     ] Register NMethod: io.sirix.access.trx.node.xml.ForwardingXmlNodeReadOnlyTrx.getResourceSession (0x00007cb632d13688) [0x00007cb632d13780, 0x00007cb632d13940] Compiler: jvmci, Barriers: 2, Oops: 1, ImmediateOops: 0, NonImmediateOops: No
[2,207s][debug][gc,nmethod     ] Register NMethod: io.sirix.access.trx.node.xml.XmlNodeReadOnlyTrxImpl.getResourceSession (0x00007cb632d13988) [0x00007cb632d13a80, 0x00007cb632d13ba0] Compiler: jvmci, Barriers: 1, Oops: 1, ImmediateOops: 0, NonImmediateOops: No
[2,208s][debug][gc,director    ] Rule Major: Warmup 10%, Used: 312MB, UsedThreshold: 1228MB
[2,209s][debug][gc,nmethod     ] Register NMethod: io.sirix.query.node.XmlDBNode.<init> (0x00007cb632d13c88) [0x00007cb632d13d80, 0x00007cb632d14818] Compiler: jvmci, Barriers: 27, Oops: 1, ImmediateOops: 2, NonImmediateOops: No
[2,210s][debug][gc,nmethod     ] Register NMethod: io.sirix.node.delegates.StructNodeDelegate.setLeftSiblingKey (0x00007cb632d14888) [0x00007cb632d14980, 0x00007cb632d14a40] Compiler: c1, Barriers: 0, Oops: 1, ImmediateOops: 0, NonImmediateOops: No
[2,210s][debug][gc,nmethod     ] Register NMethod: java.nio.Buffer.<init> (0x00007cb632d14b88) [0x00007cb632d14c80, 0x00007cb632d15018] Compiler: jvmci, Barriers: 3, Oops: 0, ImmediateOops: 0, NonImmediateOops: No
[2,210s][debug][gc,nmethod     ] Register NMethod: io.sirix.node.xml.ElementNode.getPathNodeKey (0x00007cb632d15088) [0x00007cb632d15180, 0x00007cb632d15590] Compiler: jvmci, Barriers: 4, Oops: 3, ImmediateOops: 0, NonImmediateOops: No
[2,211s][debug][gc,nmethod     ] Register NMethod: jdk.xml.internal.XMLLimitAnalyzer.addValue (0x00007cb632d15608) [0x00007cb632d15700, 0x00007cb632d15908] Compiler: jvmci, Barriers: 2, Oops: 0, ImmediateOops: 0, NonImmediateOops: No
[2,211s][debug][gc,nmethod     ] Register NMethod: io.brackit.query.atomic.QNm.<init> (0x00007cb632d15988) [0x00007cb632d15a80, 0x00007cb632d15ca8] Compiler: jvmci, Barriers: 9, Oops: 1, ImmediateOops: 1, NonImmediateOops: No
[2,213s][debug][gc,nmethod     ] Register NMethod: java.lang.String.<init> (0x00007cb632d15d08) [0x00007cb632d15e00, 0x00007cb632d16180] Compiler: jvmci, Barriers: 3, Oops: 0, ImmediateOops: 0, NonImmediateOops: No
[2,214s][debug][gc,nmethod     ] Register NMethod: java.nio.ByteBuffer.<init> (0x00007cb632d16188) [0x00007cb632d16280, 0x00007cb632d16680] Compiler: jvmci, Barriers: 9, Oops: 0, ImmediateOops: 0, NonImmediateOops: No
[2,214s][debug][gc,nmethod     ] Register NMethod: com.sun.org.apache.xerces.internal.impl.XMLEntityScanner.checkNodeCount (0x00007cb632d16688) [0x00007cb632d16780, 0x00007cb632d16860] Compiler: jvmci, Barriers: 0, Oops: 0, ImmediateOops: 0, NonImmediateOops: No
[2,215s][debug][gc,nmethod     ] Register NMethod: net.openhft.hashing.XXH3.XXH3_64bits_internal (0x00007cb632d16988) [0x00007cb632d16a80, 0x00007cb632d18f50] Compiler: jvmci, Barriers: 0, Oops: 1, ImmediateOops: 0, NonImmediateOops: No
[2,215s][debug][gc,nmethod     ] Register NMethod: io.sirix.node.xml.AttributeNode.getParentKey (0x00007cb632d18f88) [0x00007cb632d19080, 0x00007cb632d19490] Compiler: jvmci, Barriers: 4, Oops: 3, ImmediateOops: 0, NonImmediateOops: No
[2,215s][debug][gc,nmethod     ] Register NMethod: com.sun.org.apache.xerces.internal.impl.XMLDocumentFragmentScannerImpl.getCharacterData (0x00007cb632d19508) [0x00007cb632d19600, 0x00007cb632d19718] Compiler: jvmci, Barriers: 2, Oops: 0, ImmediateOops: 0, NonImmediateOops: No
[2,217s][debug][gc,nmethod     ] Register NMethod: io.sirix.utils.XMLToken.ncName (0x00007cb632d19808) [0x00007cb632d19900, 0x00007cb632d19c58] Compiler: jvmci, Barriers: 0, Oops: 1, ImmediateOops: 0, NonImmediateOops: No
[2,218s][debug][gc,director    ] Rule Major: Warmup 10%, Used: 316MB, UsedThreshold: 1228MB
[2,220s][debug][gc,nmethod     ] Register NMethod: io.brackit.query.node.parser.SAX2SubtreeHandlerAdapter.characters (0x00007cb632d19c88) [0x00007cb632d19d80, 0x00007cb632d1a430] Compiler: jvmci, Barriers: 5, Oops: 1, ImmediateOops: 0, NonImmediateOops: No
[2,222s][debug][gc,nmethod     ] Register NMethod: io.sirix.access.trx.node.AbstractNodeReadOnlyTrx.moveToParent (0x00007cb632d1a488) [0x00007cb632d1a580, 0x00007cb632d1b808] Compiler: jvmci, Barriers: 37, Oops: 6, ImmediateOops: 1, NonImmediateOops: No
[2,222s][debug][gc,nmethod     ] Register NMethod: com.sun.org.apache.xerces.internal.parsers.AbstractSAXParser.characters (0x00007cb632d1b888) [0x00007cb632d1b980, 0x00007cb632d1c140] Compiler: jvmci, Barriers: 8, Oops: 1, ImmediateOops: 0, NonImmediateOops: No
[2,223s][debug][gc,nmethod     ] Register NMethod: java.nio.ByteBuffer.<init> (0x00007cb632d1c188) [0x00007cb632d1c280, 0x00007cb632d1c650] Compiler: jvmci, Barriers: 7, Oops: 0, ImmediateOops: 0, NonImmediateOops: No
[2,223s][debug][gc,nmethod     ] Register NMethod: java.nio.MappedByteBuffer.<init> (0x00007cb632d1c688) [0x00007cb632d1c780, 0x00007cb632d1ca40] Compiler: jvmci, Barriers: 7, Oops: 0, ImmediateOops: 0, NonImmediateOops: No
[2,223s][debug][gc,nmethod     ] Register NMethod: java.nio.MappedByteBuffer.limit (0x00007cb632d1ca88) [0x00007cb632d1cb80, 0x00007cb632d1cc90] Compiler: jvmci, Barriers: 0, Oops: 0, ImmediateOops: 0, NonImmediateOops: No
[2,223s][debug][gc,nmethod     ] Register NMethod: sun.misc.Unsafe.isMemoryAccessWarned (0x00007cb632d1cd88) [0x00007cb632d1ce80, 0x00007cb632d1cee8] Compiler: jvmci, Barriers: 0, Oops: 0, ImmediateOops: 0, NonImmediateOops: No
[2,224s][debug][gc,nmethod     ] Register NMethod: java.nio.MappedByteBuffer.rewind (0x00007cb632d1d088) [0x00007cb632d1d180, 0x00007cb632d1d218] Compiler: jvmci, Barriers: 0, Oops: 0, ImmediateOops: 0, NonImmediateOops: No
[2,224s][debug][gc,nmethod     ] Register NMethod: jdk.internal.foreign.AbstractMemorySegmentImpl.checkArraySize (0x00007cb632d1d388) [0x00007cb632d1d480, 0x00007cb632d1d568] Compiler: jvmci, Barriers: 0, Oops: 0, ImmediateOops: 0, NonImmediateOops: No
[2,225s][debug][gc,nmethod     ] Register NMethod: java.nio.DirectByteBuffer.<init> (0x00007cb632d1d688) [0x00007cb632d1d780, 0x00007cb632d1da60] Compiler: jvmci, Barriers: 12, Oops: 0, ImmediateOops: 0, NonImmediateOops: No
[2,225s][debug][gc,nmethod     ] Register NMethod: jdk.internal.foreign.NativeMemorySegmentImpl.makeByteBuffer (0x00007cb632d1da88) [0x00007cb632d1db80, 0x00007cb632d1dd18] Compiler: jvmci, Barriers: 2, Oops: 0, ImmediateOops: 0, NonImmediateOops: No
[2,225s][debug][gc,nmethod     ] Register NMethod: java.nio.Buffer$2.newDirectByteBuffer (0x00007cb632d1dd88) [0x00007cb632d1de80, 0x00007cb632d1e020] Compiler: jvmci, Barriers: 4, Oops: 0, ImmediateOops: 0, NonImmediateOops: No
[2,227s][debug][gc,nmethod     ] Register NMethod: java.nio.DirectByteBuffer.address (0x00007cb632d1e088) [0x00007cb632d1e180, 0x00007cb632d1e348] Compiler: jvmci, Barriers: 3, Oops: 0, ImmediateOops: 0, NonImmediateOops: No
[2,229s][debug][gc,director    ] Rule Major: Warmup 10%, Used: 318MB, UsedThreshold: 1228MB
[2,231s][debug][gc,nmethod     ] Register NMethod: io.sirix.node.xml.ElementNode.hasRightSibling (0x00007cb632d1e388) [0x00007cb632d1e480, 0x00007cb632d1e8d0] Compiler: jvmci, Barriers: 4, Oops: 3, ImmediateOops: 0, NonImmediateOops: No
[2,232s][debug][gc,nmethod     ] Register NMethod: net.openhft.hashing.LongHashFunction.hashByteBuffer (0x00007cb632d1e908) [0x00007cb632d1ea00, 0x00007cb632d1ecc0] Compiler: jvmci, Barriers: 4, Oops: 1, ImmediateOops: 2, NonImmediateOops: No
[2,235s][debug][gc,alloc       ] Mutator Allocation Rate: 317,4MB/s Predicted: 400,9MB/s, Avg: 283,6(+/-63,2)MB/s
[2,235s][debug][gc,director    ] Rule Major: Warmup 10%, Used: 320MB, UsedThreshold: 1228MB
[2,236s][debug][gc,nmethod     ] Register NMethod: io.sirix.node.SirixDeweyID.newBetween (0x00007cb632d1ed08) [0x00007cb632d1ee00, 0x00007cb632d1f258] Compiler: jvmci, Barriers: 3, Oops: 1, ImmediateOops: 0, NonImmediateOops: No
[2,236s][debug][gc,nmethod     ] Register NMethod: java.lang.String.<init> (0x00007cb632d1f288) [0x00007cb632d1f380, 0x00007cb632d20ab8] Compiler: jvmci, Barriers: 9, Oops: 0, ImmediateOops: 3, NonImmediateOops: No
[2,236s][debug][gc,nmethod     ] Register NMethod: io.sirix.node.xml.ElementNode.hasLeftSibling (0x00007cb632d20b08) [0x00007cb632d20c00, 0x00007cb632d21050] Compiler: jvmci, Barriers: 4, Oops: 3, ImmediateOops: 0, NonImmediateOops: No
[2,239s][debug][gc,nmethod     ] Register NMethod: com.sun.org.apache.xerces.internal.impl.XMLEntityScanner.peekChar (0x00007cb632d21088) [0x00007cb632d21180, 0x00007cb632d21498] Compiler: jvmci, Barriers: 4, Oops: 0, ImmediateOops: 0, NonImmediateOops: No
[2,239s][debug][gc,nmethod     ] Register NMethod: com.sun.org.apache.xerces.internal.impl.XMLEntityScanner.scanQName (0x00007cb632d21508) [0x00007cb632d21600, 0x00007cb632d229b8] Compiler: jvmci, Barriers: 30, Oops: 1, ImmediateOops: 3, NonImmediateOops: No
[2,243s][debug][gc,nmethod     ] Register NMethod: io.sirix.access.trx.node.xml.XmlNodeTrxImpl.adaptForInsert (0x00007cb632d22a08) [0x00007cb632d22b00, 0x00007cb632d280c8] Compiler: jvmci, Barriers: 116, Oops: 17, ImmediateOops: 1, NonImmediateOops: No
[2,245s][debug][gc,director    ] Rule Major: Warmup 10%, Used: 320MB, UsedThreshold: 1228MB
[2,246s][debug][gc,nmethod     ] Register NMethod: com.sun.org.apache.xerces.internal.impl.XMLEntityScanner.checkBeforeLoad (0x00007cb632d28188) [0x00007cb632d28280, 0x00007cb632d28828] Compiler: jvmci, Barriers: 6, Oops: 1, ImmediateOops: 0, NonImmediateOops: No
[2,247s][debug][gc,nmethod     ] Register NMethod: io.sirix.access.trx.node.AbstractDeweyIDManager.newRightSiblingID (0x00007cb632d28888) [0x00007cb632d28980, 0x00007cb632d29e78] Compiler: jvmci, Barriers: 26, Oops: 5, ImmediateOops: 0, NonImmediateOops: No
[2,247s][debug][gc,nmethod     ] Register NMethod: io.sirix.access.trx.node.AbstractNodeReadOnlyTrx.hasRightSibling (0x00007cb632d29f08) [0x00007cb632d2a000, 0x00007cb632d2aa90] Compiler: jvmci, Barriers: 11, Oops: 5, ImmediateOops: 0, NonImmediateOops: No
[2,248s][debug][gc,nmethod     ] Register NMethod: io.sirix.node.xml.ElementNode.getRightSiblingKey (0x00007cb632d2ab08) [0x00007cb632d2ac00, 0x00007cb632d2b010] Compiler: jvmci, Barriers: 4, Oops: 3, ImmediateOops: 0, NonImmediateOops: No
[2,250s][debug][gc,nmethod     ] Register NMethod: io.sirix.access.trx.node.xml.ForwardingXmlNodeReadOnlyTrx.hasRightSibling (0x00007cb632d2b088) [0x00007cb632d2b180, 0x00007cb632d2bcc0] Compiler: jvmci, Barriers: 12, Oops: 5, ImmediateOops: 0, NonImmediateOops: No
[2,251s][debug][gc,nmethod     ] Register NMethod: io.brackit.query.node.parser.SAX2SubtreeHandlerAdapter$TrimmingStringBuilder.toString (0x00007cb632d2bd08) [0x00007cb632d2be00, 0x00007cb632d2c1e0] Compiler: jvmci, Barriers: 3, Oops: 2, ImmediateOops: 0, NonImmediateOops: No
[2,252s][debug][gc,nmethod     ] Register NMethod: io.sirix.node.xml.AbstractStructForwardingNode.<init> (0x00007cb613dc0b08) [0x00007cb613dc0c00, 0x00007cb613dc0e18] Compiler: c1, Barriers: 0, Oops: 1, ImmediateOops: 0, NonImmediateOops: No
[2,252s][debug][gc,nmethod     ] Register NMethod: io.sirix.node.delegates.StructNodeDelegate.<init> (0x00007cb613dc0e88) [0x00007cb613dc0f80, 0x00007cb613dc1520] Compiler: c1, Barriers: 3, Oops: 1, ImmediateOops: 2, NonImmediateOops: No
[2,252s][debug][gc,nmethod     ] Register NMethod: com.sun.org.apache.xerces.internal.impl.XMLNSDocumentScannerImpl.next (0x00007cb632d2c208) [0x00007cb632d2c300, 0x00007cb632d2c560] Compiler: jvmci, Barriers: 3, Oops: 0, ImmediateOops: 0, NonImmediateOops: No
[2,255s][debug][gc,director    ] Rule Major: Warmup 10%, Used: 322MB, UsedThreshold: 1228MB
[2,259s][debug][gc,nmethod     ] Register NMethod: com.sun.org.apache.xerces.internal.impl.XMLDocumentFragmentScannerImpl$FragmentContentDriver.next (0x00007cb632d2c588) [0x00007cb632d2c680, 0x00007cb632d2e320] Compiler: jvmci, Barriers: 43, Oops: 1, ImmediateOops: 1, NonImmediateOops: No
[2,262s][debug][gc,nmethod     ] Register NMethod: io.sirix.page.PageReference.getLogKey (0x00007cb632d2e388) [0x00007cb632d2e480, 0x00007cb632d2e540] Compiler: c1, Barriers: 0, Oops: 1, ImmediateOops: 0, NonImmediateOops: No
[2,263s][debug][gc,nmethod     ] Register NMethod: io.sirix.service.xml.shredder.AbstractShredder.processText (0x00007cb632d2e688) [0x00007cb632d2e780, 0x00007cb632d2f318] Compiler: jvmci, Barriers: 13, Oops: 1, ImmediateOops: 1, NonImmediateOops: No
[2,265s][debug][gc,nmethod     ] Register NMethod: java.util.BitSet.cardinality (0x00007cb632d2f388) [0x00007cb632d2f480, 0x00007cb632d2f5e0] Compiler: jvmci, Barriers: 1, Oops: 0, ImmediateOops: 0, NonImmediateOops: No
[2,265s][debug][gc,director    ] Rule Major: Warmup 10%, Used: 324MB, UsedThreshold: 1228MB
[2,266s][debug][gc,nmethod     ] Register NMethod: io.sirix.query.node.SubtreeProcessor.notifyText (0x00007cb632d2f688) [0x00007cb632d2f780, 0x00007cb632d2f8b0] Compiler: jvmci, Barriers: 1, Oops: 1, ImmediateOops: 0, NonImmediateOops: No
[2,266s][debug][gc,nmethod     ] Register NMethod: io.sirix.query.node.SubtreeBuilder.text (0x00007cb632d2f988) [0x00007cb632d2fa80, 0x00007cb632d30e28] Compiler: jvmci, Barriers: 31, Oops: 2, ImmediateOops: 3, NonImmediateOops: No
[2,266s][debug][gc,nmethod     ] Register NMethod: io.brackit.query.node.parser.SAX2SubtreeHandlerAdapter.handleText (0x00007cb632d30e88) [0x00007cb632d30f80, 0x00007cb632d329a0] Compiler: jvmci, Barriers: 36, Oops: 3, ImmediateOops: 3, NonImmediateOops: No
[2,267s][debug][gc,nmethod     ] Register NMethod: io.sirix.node.xml.TextNode.<init> (0x00007cb632d32a08) [0x00007cb632d32b20, 0x00007cb632d32e70] Compiler: jvmci, Barriers: 14, Oops: 1, ImmediateOops: 0, NonImmediateOops: No
[2,267s][debug][gc,nmethod     ] Register NMethod: java.util.BitSet.get (0x00007cb632d32e88) [0x00007cb632d32f80, 0x00007cb632d33108] Compiler: jvmci, Barriers: 1, Oops: 0, ImmediateOops: 0, NonImmediateOops: No
[2,270s][debug][gc,nmethod     ] Register NMethod: com.sun.org.apache.xerces.internal.impl.XMLEntityScanner.skipString (0x00007cb632d33188) [0x00007cb632d33280, 0x00007cb632d33f48] Compiler: jvmci, Barriers: 9, Oops: 0, ImmediateOops: 0, NonImmediateOops: No
[2,270s][debug][gc,nmethod     ] Register NMethod: io.sirix.page.PathSummaryPage.getMaxNodeKey (0x00007cb613dc1588) [0x00007cb613dc1680, 0x00007cb613dc1838] Compiler: c1, Barriers: 1, Oops: 1, ImmediateOops: 0, NonImmediateOops: No
[2,270s][debug][gc,nmethod     ] Register NMethod: io.sirix.node.xml.AbstractStructForwardingNode.incrementChildCount (0x00007cb613dc1888) [0x00007cb613dc1980, 0x00007cb613dc1cd0] Compiler: c1, Barriers: 0, Oops: 1, ImmediateOops: 0, NonImmediateOops: No
[2,270s][debug][gc,nmethod     ] Register NMethod: io.sirix.node.delegates.StructNodeDelegate.incrementChildCount (0x00007cb613dc1d08) [0x00007cb613dc1e00, 0x00007cb613dc1f10] Compiler: c1, Barriers: 0, Oops: 1, ImmediateOops: 0, NonImmediateOops: No
[2,270s][debug][gc,nmethod     ] Register NMethod: io.sirix.node.xml.AbstractStructForwardingNode.setFirstChildKey (0x00007cb613dc2008) [0x00007cb613dc2100, 0x00007cb613dc2440] Compiler: c1, Barriers: 0, Oops: 1, ImmediateOops: 0, NonImmediateOops: No
[2,271s][debug][gc,nmethod     ] Register NMethod: io.sirix.access.trx.page.AbstractForwardingPageReadOnlyTrx.getPathSummaryPage (0x00007cb613dc2488) [0x00007cb613dc2580, 0x00007cb613dc3628] Compiler: c1, Barriers: 5, Oops: 1, ImmediateOops: 1, NonImmediateOops: No
[2,271s][debug][gc,nmethod     ] Register NMethod: io.sirix.node.delegates.NodeDelegate.<init> (0x00007cb613dc3688) [0x00007cb613dc3780, 0x00007cb613dc3cd8] Compiler: c1, Barriers: 6, Oops: 1, ImmediateOops: 1, NonImmediateOops: No
[2,271s][debug][gc,nmethod     ] Register NMethod: io.sirix.index.path.summary.PathSummaryReader$$Lambda/0x00000000262b6198.<init> (0x00007cb613dc3d08) [0x00007cb613dc3e00, 0x00007cb613dc3fd0] Compiler: c1, Barriers: 3, Oops: 1, ImmediateOops: 0, NonImmediateOops: No
[2,271s][debug][gc,nmethod     ] Register NMethod: io.sirix.node.delegates.NameNodeDelegate.<init> (0x00007cb613dc4008) [0x00007cb613dc4100, 0x00007cb613dc44b0] Compiler: c1, Barriers: 3, Oops: 1, ImmediateOops: 1, NonImmediateOops: No
[2,271s][debug][gc,nmethod     ] Register NMethod: java.util.ArrayList.grow (0x00007cb632d33f88) [0x00007cb632d34080, 0x00007cb632d34620] Compiler: jvmci, Barriers: 13, Oops: 0, ImmediateOops: 1, NonImmediateOops: No
[2,271s][debug][gc,nmethod     ] Register NMethod: io.sirix.index.path.summary.PathNode.<init> (0x00007cb613dc4508) [0x00007cb613dc4600, 0x00007cb613dc5248] Compiler: c1, Barriers: 15, Oops: 2, ImmediateOops: 2, NonImmediateOops: No
[2,271s][debug][gc,nmethod     ] Register NMethod: io.sirix.index.path.summary.PathSummaryReader.removeFromCache (0x00007cb613dc5288) [0x00007cb613dc5380, 0x00007cb613dc5d90] Compiler: c1, Barriers: 4, Oops: 2, ImmediateOops: 2, NonImmediateOops: No
[2,271s][debug][gc,nmethod     ] Register NMethod: java.lang.Integer.valueOf (0x00007cb632d34688) [0x00007cb632d34780, 0x00007cb632d348f0] Compiler: jvmci, Barriers: 1, Oops: 0, ImmediateOops: 1, NonImmediateOops: No
[2,271s][debug][gc,nmethod     ] Register NMethod: io.sirix.node.delegates.StructNodeDelegate.hasLeftSibling (0x00007cb613dc5e08) [0x00007cb613dc5f00, 0x00007cb613dc6258] Compiler: c1, Barriers: 0, Oops: 1, ImmediateOops: 1, NonImmediateOops: No
[2,271s][debug][gc,nmethod     ] Register NMethod: io.sirix.node.xml.AbstractStructForwardingNode.hasLeftSibling (0x00007cb613dc6288) [0x00007cb613dc6380, 0x00007cb613dc6948] Compiler: c1, Barriers: 0, Oops: 1, ImmediateOops: 1, NonImmediateOops: No
[2,271s][debug][gc,nmethod     ] Register NMethod: java.util.Collection.removeIf (0x00007cb613dc6988) [0x00007cb613dc6a80, 0x00007cb613dc7828] Compiler: c1, Barriers: 0, Oops: 0, ImmediateOops: 0, NonImmediateOops: No
[2,272s][debug][gc,nmethod     ] Register NMethod: io.sirix.index.path.summary.PathSummaryWriter.adaptForInsert (0x00007cb613dc7888) [0x00007cb613dc7980, 0x00007cb613dcae80] Compiler: c1, Barriers: 6, Oops: 1, ImmediateOops: 3, NonImmediateOops: No
[2,272s][debug][gc,nmethod     ] Register NMethod: io.sirix.index.path.summary.PathSummaryReader.putQNameMapping (0x00007cb613dcaf08) [0x00007cb613dcb000, 0x00007cb613dcbc90] Compiler: c1, Barriers: 2, Oops: 2, ImmediateOops: 1, NonImmediateOops: No
[2,272s][debug][gc,nmethod     ] Register NMethod: io.sirix.index.path.summary.PathNode.hashCode (0x00007cb613dcbd08) [0x00007cb613dcbe00, 0x00007cb613dcc640] Compiler: c1, Barriers: 8, Oops: 1, ImmediateOops: 0, NonImmediateOops: No
[2,272s][debug][gc,nmethod     ] Register NMethod: io.sirix.access.trx.node.xml.XmlNodeFactoryImpl.createPathNode (0x00007cb613dcc688) [0x00007cb613dcc780, 0x00007cb613dcf8f8] Compiler: c1, Barriers: 16, Oops: 1, ImmediateOops: 4, NonImmediateOops: No
[2,272s][debug][gc,nmethod     ] Register NMethod: io.sirix.node.delegates.NodeDelegate.hashCode (0x00007cb613dcf908) [0x00007cb613dcfa00, 0x00007cb613dd0768] Compiler: c1, Barriers: 10, Oops: 1, ImmediateOops: 1, NonImmediateOops: No
[2,272s][debug][gc,nmethod     ] Register NMethod: io.sirix.index.path.summary.PathSummaryReader.getName (0x00007cb613dd0788) [0x00007cb613dd0880, 0x00007cb613dd3868] Compiler: c1, Barriers: 12, Oops: 1, ImmediateOops: 5, NonImmediateOops: No
[2,272s][debug][gc,nmethod     ] Register NMethod: io.sirix.node.delegates.NameNodeDelegate.hashCode (0x00007cb613dd3888) [0x00007cb613dd3980, 0x00007cb613dd4b58] Compiler: c1, Barriers: 12, Oops: 1, ImmediateOops: 3, NonImmediateOops: No
[2,273s][debug][gc,nmethod     ] Register NMethod: it.unimi.dsi.fastutil.ints.Int2ObjectOpenHashMap.get (0x00007cb632d34988) [0x00007cb632d34a80, 0x00007cb632d34ee8] Compiler: jvmci, Barriers: 7, Oops: 1, ImmediateOops: 0, NonImmediateOops: No
[2,274s][debug][gc,nmethod     ] Register NMethod: io.sirix.page.PathSummaryPage.incrementAndGetMaxNodeKey (0x00007cb613dd4b88) [0x00007cb613dd4c80, 0x00007cb613dd4ef8] Compiler: c1, Barriers: 2, Oops: 1, ImmediateOops: 0, NonImmediateOops: No
[2,274s][debug][gc,nmethod     ] Register NMethod: com.sun.org.apache.xerces.internal.impl.XMLEntityScanner.scanContent (0x00007cb613dd4f08) [0x00007cb613dd5000, 0x00007cb613dd5ff8] Compiler: c1, Barriers: 11, Oops: 0, ImmediateOops: 1, NonImmediateOops: No
[2,274s][debug][gc,nmethod     ] Register NMethod: java.util.BitSet.<init> (0x00007cb632d34f08) [0x00007cb632d35000, 0x00007cb632d352c0] Compiler: jvmci, Barriers: 3, Oops: 0, ImmediateOops: 0, NonImmediateOops: No
[2,274s][debug][gc,nmethod     ] Register NMethod: io.sirix.access.trx.node.AbstractNodeReadOnlyTrx.hasNode (0x00007cb632d35308) [0x00007cb632d35400, 0x00007cb632d36330] Compiler: jvmci, Barriers: 37, Oops: 4, ImmediateOops: 1, NonImmediateOops: No
[2,275s][debug][gc,nmethod     ] Register NMethod: com.sun.org.apache.xerces.internal.impl.XMLEntityScanner.scanContent (0x00007cb613dd6008) [0x00007cb613dd6100, 0x00007cb613dd7078] Compiler: c1, Barriers: 11, Oops: 0, ImmediateOops: 1, NonImmediateOops: No
[2,275s][debug][gc,nmethod     ] Register NMethod: it.unimi.dsi.fastutil.ints.Int2IntOpenHashMap.find (0x00007cb632d36388) [0x00007cb632d36480, 0x00007cb632d36718] Compiler: jvmci, Barriers: 1, Oops: 1, ImmediateOops: 0, NonImmediateOops: No
[2,275s][debug][gc,director    ] Rule Major: Warmup 10%, Used: 326MB, UsedThreshold: 1228MB
[2,275s][debug][gc,nmethod     ] Register NMethod: org.magicwerk.brownies.collections.GapList.get (0x00007cb632d36788) [0x00007cb632d36880, 0x00007cb632d36a18] Compiler: jvmci, Barriers: 2, Oops: 1, ImmediateOops: 0, NonImmediateOops: No
[2,278s][debug][gc,nmethod     ] Register NMethod: it.unimi.dsi.fastutil.ints.Int2IntOpenHashMap.put (0x00007cb632d36a88) [0x00007cb632d36b80, 0x00007cb632d36e78] Compiler: jvmci, Barriers: 2, Oops: 1, ImmediateOops: 0, NonImmediateOops: No
[2,279s][debug][gc,nmethod     ] Register NMethod: io.sirix.utils.XMLToken.isNCChar (0x00007cb613dd7088) [0x00007cb613dd7180, 0x00007cb613dd7568] Compiler: c1, Barriers: 0, Oops: 1, ImmediateOops: 0, NonImmediateOops: No
[2,279s][debug][gc,nmethod     ] Register NMethod: io.sirix.utils.XMLToken.isNCStartChar (0x00007cb613dd7588) [0x00007cb613dd7680, 0x00007cb613dd7cf0] Compiler: c1, Barriers: 0, Oops: 1, ImmediateOops: 0, NonImmediateOops: No
[2,279s][debug][gc,nmethod     ] Register NMethod: io.sirix.utils.XMLToken.ncName (0x00007cb613dd7d08) [0x00007cb613dd7e00, 0x00007cb613dd8258] Compiler: c1, Barriers: 0, Oops: 1, ImmediateOops: 1, NonImmediateOops: No
[2,279s][debug][gc,nmethod     ] Register NMethod: io.sirix.index.path.summary.PathSummaryWriter.insertPathAsFirstChild (0x00007cb613dd8288) [0x00007cb613dd8380, 0x00007cb613ddb2d8] Compiler: c1, Barriers: 17, Oops: 2, ImmediateOops: 5, NonImmediateOops: No
[2,280s][debug][gc,nmethod     ] Register NMethod: it.unimi.dsi.fastutil.ints.Int2LongOpenHashMap.get (0x00007cb632d36e88) [0x00007cb632d36f80, 0x00007cb632d372e0] Compiler: jvmci, Barriers: 2, Oops: 1, ImmediateOops: 0, NonImmediateOops: No
[2,280s][debug][gc,nmethod     ] Register NMethod: com.sun.org.apache.xerces.internal.impl.XMLEntityScanner.scanQName (0x00007cb613ddb308) [0x00007cb613ddb400, 0x00007cb613ddd638] Compiler: c1, Barriers: 55, Oops: 2, ImmediateOops: 10, NonImmediateOops: No
[2,281s][debug][gc,nmethod     ] Register NMethod: java.util.BitSet.checkRange (0x00007cb632d37308) [0x00007cb632d37400, 0x00007cb632d374b8] Compiler: jvmci, Barriers: 0, Oops: 0, ImmediateOops: 0, NonImmediateOops: No
[2,281s][debug][gc,nmethod     ] Register NMethod: java.util.BitSet.and (0x00007cb632d37608) [0x00007cb632d37740, 0x00007cb632d37c60] Compiler: jvmci, Barriers: 2, Oops: 0, ImmediateOops: 0, NonImmediateOops: No
[2,283s][debug][gc,nmethod     ] Register NMethod: java.util.BitSet.flip (0x00007cb632d37c88) [0x00007cb632d37d80, 0x00007cb632d38038] Compiler: jvmci, Barriers: 1, Oops: 0, ImmediateOops: 0, NonImmediateOops: No
[2,285s][debug][gc,director    ] Rule Major: Warmup 10%, Used: 330MB, UsedThreshold: 1228MB
[2,287s][debug][gc,nmethod     ] Register NMethod: io.sirix.page.delegates.BitmapReferencesPage.index (0x00007cb632d38088) [0x00007cb632d38180, 0x00007cb632d38718] Compiler: jvmci, Barriers: 2, Oops: 2, ImmediateOops: 0, NonImmediateOops: No
[2,291s][debug][gc,nmethod     ] Register NMethod: io.sirix.utils.XMLToken.isNCStartChar (0x00007cb632d38788) [0x00007cb632d38880, 0x00007cb632d38990] Compiler: jvmci, Barriers: 0, Oops: 1, ImmediateOops: 0, NonImmediateOops: No
[2,293s][debug][gc,nmethod     ] Register NMethod: io.sirix.utils.XMLToken.isNCChar (0x00007cb632d38a88) [0x00007cb632d38b80, 0x00007cb632d38c90] Compiler: jvmci, Barriers: 0, Oops: 1, ImmediateOops: 0, NonImmediateOops: No
[2,293s][debug][gc,nmethod     ] Register NMethod: io.sirix.node.xml.TextNode.computeHash (0x00007cb632d38d88) [0x00007cb632d38e80, 0x00007cb632d3ca60] Compiler: jvmci, Barriers: 72, Oops: 9, ImmediateOops: 1, NonImmediateOops: No
[2,295s][debug][gc,nmethod     ] Register NMethod: it.unimi.dsi.fastutil.ints.Int2IntOpenHashMap.get (0x00007cb632d3cb08) [0x00007cb632d3cc00, 0x00007cb632d3cf60] Compiler: jvmci, Barriers: 2, Oops: 1, ImmediateOops: 0, NonImmediateOops: No
[2,295s][debug][gc,nmethod     ] Register NMethod: com.sun.org.apache.xerces.internal.impl.XMLEntityScanner.scanContent (0x00007cb632d3cf88) [0x00007cb632d3d120, 0x00007cb632d3dbd0] Compiler: jvmci, Barriers: 8, Oops: 0, ImmediateOops: 1, NonImmediateOops: No
[2,295s][debug][gc,nmethod     ] Register NMethod: io.sirix.access.trx.page.NodePageReadOnlyTrx.loadPage (0x00007cb632d3dc08) [0x00007cb632d3dd00, 0x00007cb632d3de00] Compiler: jvmci, Barriers: 1, Oops: 1, ImmediateOops: 0, NonImmediateOops: No
[2,296s][debug][gc,director    ] Rule Major: Warmup 10%, Used: 334MB, UsedThreshold: 1228MB
[2,297s][debug][gc,nmethod     ] Register NMethod: io.sirix.node.xml.TextNode.getRightSiblingKey (0x00007cb632d3df08) [0x00007cb632d3e000, 0x00007cb632d3e410] Compiler: jvmci, Barriers: 4, Oops: 3, ImmediateOops: 0, NonImmediateOops: No
[2,297s][debug][gc,nmethod     ] Register NMethod: com.sun.org.apache.xerces.internal.util.NamespaceSupport.getURI (0x00007cb632d3e488) [0x00007cb632d3e580, 0x00007cb632d3e768] Compiler: jvmci, Barriers: 2, Oops: 0, ImmediateOops: 0, NonImmediateOops: No
[2,297s][debug][gc,nmethod     ] Register NMethod: java.lang.String.<init> (0x00007cb632d3e788) [0x00007cb632d3e880, 0x00007cb632d3f8b8] Compiler: jvmci, Barriers: 6, Oops: 0, ImmediateOops: 3, NonImmediateOops: No
[2,298s][debug][gc,nmethod     ] Register NMethod: io.sirix.axis.filter.FilterAxis.nextKey (0x00007cb632d3f908) [0x00007cb632d3fa00, 0x00007cb632d43c50] Compiler: jvmci, Barriers: 149, Oops: 2, ImmediateOops: 4, NonImmediateOops: No
[2,298s][debug][gc,nmethod     ] Register NMethod: com.sun.org.apache.xerces.internal.impl.XMLEntityScanner.scanChar (0x00007cb632d43c88) [0x00007cb632d43d80, 0x00007cb632d43fa8] Compiler: jvmci, Barriers: 2, Oops: 0, ImmediateOops: 0, NonImmediateOops: No
[2,298s][debug][gc,nmethod     ] Register NMethod: java.util.ArrayList.getFirst (0x00007cb632d44008) [0x00007cb632d44100, 0x00007cb632d44258] Compiler: jvmci, Barriers: 2, Oops: 0, ImmediateOops: 0, NonImmediateOops: No
[2,298s][debug][gc,nmethod     ] Register NMethod: com.sun.org.apache.xerces.internal.impl.XMLEntityScanner.scanContent (0x00007cb613ddd688) [0x00007cb613ddd780, 0x00007cb613dde6f8] Compiler: c1, Barriers: 11, Oops: 0, ImmediateOops: 1, NonImmediateOops: No
[2,299s][debug][gc,nmethod     ] Register NMethod: java.nio.charset.Charset.defaultCharset (0x00007cb632d44308) [0x00007cb632d44400, 0x00007cb632d44470] Compiler: jvmci, Barriers: 0, Oops: 0, ImmediateOops: 1, NonImmediateOops: No
[2,301s][debug][gc,nmethod     ] Register NMethod: io.sirix.page.NamePage.setName (0x00007cb632d44608) [0x00007cb632d44700, 0x00007cb632d449d0] Compiler: jvmci, Barriers: 3, Oops: 1, ImmediateOops: 0, NonImmediateOops: No
[2,302s][debug][gc,nmethod     ] Register NMethod: io.sirix.access.trx.page.NodePageTrx.createNameKey (0x00007cb632d44a08) [0x00007cb632d44b00, 0x00007cb632d45470] Compiler: jvmci, Barriers: 16, Oops: 1, ImmediateOops: 0, NonImmediateOops: No
[2,302s][debug][gc,nmethod     ] Register NMethod: com.sun.org.apache.xerces.internal.parsers.AbstractSAXParser$AttributesProxy.getLength (0x00007cb632d45488) [0x00007cb632d45580, 0x00007cb632d45690] Compiler: jvmci, Barriers: 1, Oops: 0, ImmediateOops: 0, NonImmediateOops: No
[2,303s][debug][gc,nmethod     ] Register NMethod: io.sirix.page.delegates.BitmapReferencesPage.getOrCreateReference (0x00007cb632d45788) [0x00007cb632d45880, 0x00007cb632d46068] Compiler: jvmci, Barriers: 5, Oops: 2, ImmediateOops: 0, NonImmediateOops: No
[2,303s][debug][gc,nmethod     ] Register NMethod: io.sirix.node.xml.AbstractStructForwardingNode.hasFirstChild (0x00007cb632d46088) [0x00007cb632d46180, 0x00007cb632d46298] Compiler: jvmci, Barriers: 1, Oops: 1, ImmediateOops: 0, NonImmediateOops: No
[2,303s][debug][gc,nmethod     ] Register NMethod: com.sun.org.apache.xerces.internal.impl.XMLDocumentFragmentScannerImpl.seekCloseOfStartTag (0x00007cb632d46388) [0x00007cb632d46480, 0x00007cb632d46cc0] Compiler: jvmci, Barriers: 5, Oops: 1, ImmediateOops: 2, NonImmediateOops: No
[2,303s][debug][gc,nmethod     ] Register NMethod: com.sun.org.apache.xerces.internal.xni.QName.setValues (0x00007cb632d46d08) [0x00007cb632d46e00, 0x00007cb632d47038] Compiler: jvmci, Barriers: 12, Oops: 0, ImmediateOops: 0, NonImmediateOops: No
[2,304s][debug][gc,nmethod     ] Register NMethod: org.magicwerk.brownies.collections.GapList.doGet (0x00007cb632d47088) [0x00007cb632d47180, 0x00007cb632d47318] Compiler: jvmci, Barriers: 2, Oops: 1, ImmediateOops: 0, NonImmediateOops: No
[2,304s][debug][gc,nmethod     ] Register NMethod: io.sirix.index.path.summary.PathSummaryReader.putMapping (0x00007cb632d47388) [0x00007cb632d47480, 0x00007cb632d47798] Compiler: jvmci, Barriers: 4, Oops: 1, ImmediateOops: 0, NonImmediateOops: No
[2,306s][debug][gc,director    ] Rule Major: Warmup 10%, Used: 338MB, UsedThreshold: 1228MB
[2,307s][debug][gc,nmethod     ] Register NMethod: io.sirix.access.Utils.buildName (0x00007cb632d47808) [0x00007cb632d47900, 0x00007cb632d47a90] Compiler: jvmci, Barriers: 3, Oops: 1, ImmediateOops: 0, NonImmediateOops: No
[2,308s][debug][gc,nmethod     ] Register NMethod: io.sirix.access.trx.node.AbstractNodeHashing.rollingAdd (0x00007cb632d47b08) [0x00007cb632d47c00, 0x00007cb632d55908] Compiler: jvmci, Barriers: 297, Oops: 13, ImmediateOops: 2, NonImmediateOops: No
[2,308s][debug][gc,nmethod     ] Register NMethod: io.sirix.utils.XMLToken.isValidQName (0x00007cb632d55988) [0x00007cb632d55a80, 0x00007cb632d55fe8] Compiler: jvmci, Barriers: 4, Oops: 1, ImmediateOops: 0, NonImmediateOops: No
[2,309s][debug][gc,nmethod     ] Register NMethod: java.util.ArrayList.getLast (0x00007cb632d56008) [0x00007cb632d56100, 0x00007cb632d56250] Compiler: jvmci, Barriers: 2, Oops: 0, ImmediateOops: 0, NonImmediateOops: No
[2,311s][debug][gc,nmethod     ] Register NMethod: io.sirix.utils.XMLToken.ncName (0x00007cb632d56308) [0x00007cb632d56400, 0x00007cb632d56750] Compiler: jvmci, Barriers: 0, Oops: 1, ImmediateOops: 0, NonImmediateOops: No
[2,312s][debug][gc,nmethod     ] Register NMethod: io.sirix.index.path.summary.PathSummaryReader.getLevel (0x00007cb632d56788) [0x00007cb632d56880, 0x00007cb632d569a0] Compiler: jvmci, Barriers: 1, Oops: 1, ImmediateOops: 0, NonImmediateOops: No
[2,313s][debug][gc,nmethod     ] Register NMethod: io.sirix.node.NullNode.<init> (0x00007cb613dde708) [0x00007cb613dde800, 0x00007cb613dded38] Compiler: c1, Barriers: 3, Oops: 1, ImmediateOops: 0, NonImmediateOops: No
[2,313s][debug][gc,nmethod     ] Register NMethod: com.sun.org.apache.xerces.internal.impl.XMLEntityScanner.skipSpaces (0x00007cb613dded88) [0x00007cb613ddee80, 0x00007cb613de0110] Compiler: c1, Barriers: 16, Oops: 0, ImmediateOops: 2, NonImmediateOops: No
[2,314s][debug][gc,nmethod     ] Register NMethod: io.sirix.axis.filter.PathNameFilter.<init> (0x00007cb632d56a88) [0x00007cb632d56b80, 0x00007cb632d56e90] Compiler: jvmci, Barriers: 4, Oops: 1, ImmediateOops: 0, NonImmediateOops: No
[2,315s][debug][gc,nmethod     ] Register NMethod: io.sirix.node.immutable.xml.ImmutableElement.getKind (0x00007cb632d56f08) [0x00007cb632d57000, 0x00007cb632d570e8] Compiler: jvmci, Barriers: 1, Oops: 1, ImmediateOops: 1, NonImmediateOops: No
[2,316s][debug][gc,nmethod     ] Register NMethod: io.sirix.axis.filter.FilterAxis.<init> (0x00007cb632d57208) [0x00007cb632d57300, 0x00007cb632d582d0] Compiler: jvmci, Barriers: 46, Oops: 1, ImmediateOops: 3, NonImmediateOops: No
[2,316s][debug][gc,director    ] Rule Major: Warmup 10%, Used: 342MB, UsedThreshold: 1228MB
[2,317s][debug][gc,nmethod     ] Register NMethod: io.sirix.index.name.Names.setName (0x00007cb632d58308) [0x00007cb632d58400, 0x00007cb632d5a988] Compiler: jvmci, Barriers: 61, Oops: 5, ImmediateOops: 2, NonImmediateOops: No
[2,317s][debug][gc,nmethod     ] Register NMethod: java.util.ArrayDeque.isEmpty (0x00007cb632d5aa08) [0x00007cb632d5ab00, 0x00007cb632d5ab90] Compiler: jvmci, Barriers: 0, Oops: 0, ImmediateOops: 0, NonImmediateOops: No
[2,318s][debug][gc,nmethod     ] Register NMethod: io.sirix.index.path.summary.PathSummaryWriter.movePathSummary (0x00007cb632d5ad08) [0x00007cb632d5ae00, 0x00007cb632d5bf20] Compiler: jvmci, Barriers: 29, Oops: 3, ImmediateOops: 6, NonImmediateOops: No
[2,318s][debug][gc,nmethod     ] Register NMethod: com.sun.org.apache.xerces.internal.impl.XMLEntityScanner.checkLimit (0x00007cb632d5bf88) [0x00007cb632d5c080, 0x00007cb632d5c498] Compiler: jvmci, Barriers: 5, Oops: 0, ImmediateOops: 0, NonImmediateOops: No
[2,318s][debug][gc,nmethod     ] Register NMethod: java.util.ArrayDeque.push (0x00007cb632d5c508) [0x00007cb632d5c600, 0x00007cb632d5c808] Compiler: jvmci, Barriers: 4, Oops: 0, ImmediateOops: 0, NonImmediateOops: No
[2,318s][debug][gc,nmethod     ] Register NMethod: java.util.ArrayDeque.addFirst (0x00007cb632d5c888) [0x00007cb632d5c980, 0x00007cb632d5cb88] Compiler: jvmci, Barriers: 4, Oops: 0, ImmediateOops: 0, NonImmediateOops: No
[2,319s][debug][gc,nmethod     ] Register NMethod: java.util.ArrayDeque.pop (0x00007cb632d5cc08) [0x00007cb632d5cd00, 0x00007cb632d5cee8] Compiler: jvmci, Barriers: 4, Oops: 0, ImmediateOops: 0, NonImmediateOops: No
[2,319s][debug][gc,nmethod     ] Register NMethod: com.sun.org.apache.xerces.internal.impl.XMLDocumentFragmentScannerImpl$ElementStack.nextElement (0x00007cb632d5cf08) [0x00007cb632d5d000, 0x00007cb632d5d1d8] Compiler: jvmci, Barriers: 3, Oops: 0, ImmediateOops: 0, NonImmediateOops: No
[2,319s][debug][gc,nmethod     ] Register NMethod: io.sirix.node.immutable.xml.ImmutableElement.getPathNodeKey (0x00007cb632d5d208) [0x00007cb632d5d300, 0x00007cb632d5d760] Compiler: jvmci, Barriers: 5, Oops: 3, ImmediateOops: 0, NonImmediateOops: No
[2,320s][debug][gc,nmethod     ] Register NMethod: java.lang.String.<init> (0x00007cb632d5d788) [0x00007cb632d5d880, 0x00007cb632d5d9e0] Compiler: jvmci, Barriers: 4, Oops: 0, ImmediateOops: 0, NonImmediateOops: No
[2,323s][debug][gc,nmethod     ] Register NMethod: io.sirix.node.GrowingMemorySegment.toByteArray (0x00007cb632d5da88) [0x00007cb632d5db80, 0x00007cb632d5e010] Compiler: jvmci, Barriers: 4, Oops: 1, ImmediateOops: 0, NonImmediateOops: No
[2,324s][debug][gc,nmethod     ] Register NMethod: io.sirix.access.trx.node.xml.XmlNodeReadOnlyTrxImpl.isElement (0x00007cb632d5e088) [0x00007cb632d5e180, 0x00007cb632d5e2c8] Compiler: jvmci, Barriers: 1, Oops: 1, ImmediateOops: 0, NonImmediateOops: No
[2,326s][debug][gc,director    ] Rule Major: Warmup 10%, Used: 346MB, UsedThreshold: 1228MB
[2,328s][debug][gc,nmethod     ] Register NMethod: com.sun.org.apache.xerces.internal.impl.XMLEntityScanner.scanQName (0x00007cb632d5e388) [0x00007cb632d5e480, 0x00007cb632d5f760] Compiler: jvmci, Barriers: 31, Oops: 1, ImmediateOops: 3, NonImmediateOops: No
[2,332s][debug][gc,nmethod     ] Register NMethod: io.brackit.query.node.parser.SAX2SubtreeHandlerAdapter$TrimmingStringBuilder.append (0x00007cb632d5f788) [0x00007cb632d5f880, 0x00007cb632d5feb0] Compiler: jvmci, Barriers: 4, Oops: 1, ImmediateOops: 0, NonImmediateOops: No
[2,338s][debug][gc,director    ] Rule Major: Warmup 10%, Used: 346MB, UsedThreshold: 1228MB
[2,342s][debug][gc,nmethod     ] Register NMethod: java.io.FileInputStream.read (0x00007cb613de0188) [0x00007cb613de0280, 0x00007cb613de04d8] Compiler: c1, Barriers: 0, Oops: 0, ImmediateOops: 1, NonImmediateOops: No
[2,344s][debug][gc,nmethod     ] Register NMethod: io.sirix.index.path.summary.PathSummaryWriter.getPathNodeKey (0x00007cb632d5ff08) [0x00007cb632d60000, 0x00007cb632d61420] Compiler: jvmci, Barriers: 36, Oops: 10, ImmediateOops: 4, NonImmediateOops: No
[2,345s][debug][gc,nmethod     ] Register NMethod: io.sirix.access.trx.node.xml.XmlNodeFactoryImpl.createTextNode (0x00007cb632d61488) [0x00007cb632d61580, 0x00007cb632d65070] Compiler: jvmci, Barriers: 163, Oops: 14, ImmediateOops: 10, NonImmediateOops: No
[2,348s][debug][gc,director    ] Rule Major: Warmup 10%, Used: 348MB, UsedThreshold: 1228MB
[2,348s][debug][gc,nmethod     ] Register NMethod: io.sirix.query.node.SubtreeBuilder.startElement (0x00007cb632d65108) [0x00007cb632d65200, 0x00007cb632d66ab8] Compiler: jvmci, Barriers: 48, Oops: 2, ImmediateOops: 2, NonImmediateOops: No
[2,348s][debug][gc,nmethod     ] Register NMethod: com.sun.org.apache.xerces.internal.impl.XMLEntityScanner.scanLiteral (0x00007cb632d66b08) [0x00007cb632d66c00, 0x00007cb632d67ae8] Compiler: jvmci, Barriers: 10, Oops: 0, ImmediateOops: 1, NonImmediateOops: No
[2,358s][debug][gc,director    ] Rule Major: Warmup 10%, Used: 348MB, UsedThreshold: 1228MB
[2,364s][debug][gc,nmethod     ] Register NMethod: com.sun.org.apache.xerces.internal.impl.XMLEntityScanner.scanContent (0x00007cb632d67b08) [0x00007cb632d67ca0, 0x00007cb632d688d0] Compiler: jvmci, Barriers: 11, Oops: 0, ImmediateOops: 1, NonImmediateOops: No
[2,365s][debug][gc,nmethod     ] Register NMethod: io.sirix.access.trx.node.AbstractDeweyIDManager.newFirstChildID (0x00007cb632d68908) [0x00007cb632d68a00, 0x00007cb632d698c0] Compiler: jvmci, Barriers: 22, Oops: 4, ImmediateOops: 0, NonImmediateOops: No
[2,368s][debug][gc,director    ] Rule Major: Warmup 10%, Used: 350MB, UsedThreshold: 1228MB
[2,370s][debug][gc,nmethod     ] Register NMethod: com.sun.org.apache.xerces.internal.impl.XMLDocumentFragmentScannerImpl.checkDepth (0x00007cb632d69908) [0x00007cb632d69a00, 0x00007cb632d69d18] Compiler: jvmci, Barriers: 6, Oops: 0, ImmediateOops: 0, NonImmediateOops: No
[2,373s][debug][gc,nmethod     ] Register NMethod: com.sun.org.apache.xerces.internal.parsers.AbstractSAXParser.startNamespaceMapping (0x00007cb632d69d88) [0x00007cb632d69e80, 0x00007cb632d6a038] Compiler: jvmci, Barriers: 2, Oops: 0, ImmediateOops: 0, NonImmediateOops: No
[2,374s][debug][gc,nmethod     ] Register NMethod: com.sun.org.apache.xerces.internal.util.NamespaceSupport.pushContext (0x00007cb632d6a088) [0x00007cb632d6a180, 0x00007cb632d6a2c0] Compiler: jvmci, Barriers: 1, Oops: 0, ImmediateOops: 0, NonImmediateOops: No
[2,374s][debug][gc,nmethod     ] Register NMethod: io.sirix.access.trx.node.xml.XmlNodeTrxImpl.insertTextAsRightSibling (0x00007cb632d6a388) [0x00007cb632d6a480, 0x00007cb632d6d110] Compiler: jvmci, Barriers: 75, Oops: 6, ImmediateOops: 3, NonImmediateOops: No
[2,376s][debug][gc,nmethod     ] Register NMethod: com.sun.org.apache.xerces.internal.impl.XMLDocumentFragmentScannerImpl$ElementStack.popElement (0x00007cb632d6d188) [0x00007cb632d6d280, 0x00007cb632d6d460] Compiler: jvmci, Barriers: 3, Oops: 0, ImmediateOops: 0, NonImmediateOops: No
[2,376s][debug][gc,nmethod     ] Register NMethod: io.sirix.service.xml.xpath.ItemListImpl.size (0x00007cb613de0508) [0x00007cb613de0600, 0x00007cb613de0940] Compiler: c1, Barriers: 1, Oops: 1, ImmediateOops: 0, NonImmediateOops: No
[2,376s][debug][gc,nmethod     ] Register NMethod: com.sun.org.apache.xerces.internal.impl.XMLNSDocumentScannerImpl.scanStartElement (0x00007cb632d6d488) [0x00007cb632d6d580, 0x00007cb632d6fc10] Compiler: jvmci, Barriers: 108, Oops: 2, ImmediateOops: 3, NonImmediateOops: No
[2,378s][debug][gc,nmethod     ] Register NMethod: io.sirix.page.PageReference.getKey (0x00007cb632d6fc88) [0x00007cb632d6fd80, 0x00007cb632d6fe40] Compiler: c1, Barriers: 0, Oops: 1, ImmediateOops: 0, NonImmediateOops: No
[2,378s][debug][gc,nmethod     ] Register NMethod: io.sirix.node.xml.ElementNode.<init> (0x00007cb632d6ff88) [0x00007cb632d70080, 0x00007cb632d70500] Compiler: jvmci, Barriers: 19, Oops: 1, ImmediateOops: 1, NonImmediateOops: No
[2,378s][debug][gc,director    ] Rule Major: Warmup 10%, Used: 352MB, UsedThreshold: 1228MB
[2,383s][debug][gc,nmethod     ] Register NMethod: java.lang.System$1.uncheckedDecodeASCII (0x00007cb613de0988) [0x00007cb613de0a80, 0x00007cb613de0bc0] Compiler: c1, Barriers: 0, Oops: 0, ImmediateOops: 0, NonImmediateOops: No
[2,383s][debug][gc,nmethod     ] Register NMethod: java.lang.String.decodeASCII (0x00007cb613de0c88) [0x00007cb613de0d80, 0x00007cb613de1010] Compiler: c1, Barriers: 0, Oops: 0, ImmediateOops: 0, NonImmediateOops: No
[2,383s][debug][gc,nmethod     ] Register NMethod: sun.nio.cs.UTF_8$Decoder.decodeLoop (0x00007cb613de1088) [0x00007cb613de1180, 0x00007cb613de1908] Compiler: c1, Barriers: 2, Oops: 0, ImmediateOops: 0, NonImmediateOops: No
[2,383s][debug][gc,nmethod     ] Register NMethod: sun.nio.cs.UTF_8$Decoder.xflow (0x00007cb613de1988) [0x00007cb613de1a80, 0x00007cb613de24b0] Compiler: c1, Barriers: 0, Oops: 0, ImmediateOops: 2, NonImmediateOops: No
[2,384s][debug][gc,nmethod     ] Register NMethod: java.nio.charset.CharsetDecoder.decode (0x00007cb613de2508) [0x00007cb613de2600, 0x00007cb613de5af0] Compiler: c1, Barriers: 6, Oops: 0, ImmediateOops: 5, NonImmediateOops: No
[2,384s][debug][gc,nmethod     ] Register NMethod: io.sirix.node.xml.ElementNode.computeHash (0x00007cb632d70588) [0x00007cb632d70680, 0x00007cb632d768d8] Compiler: jvmci, Barriers: 114, Oops: 19, ImmediateOops: 2, NonImmediateOops: No
[2,386s][debug][gc,nmethod     ] Register NMethod: sun.nio.cs.UTF_8$Decoder.decodeArrayLoop (0x00007cb613de5b08) [0x00007cb613de5c00, 0x00007cb613defaf0] Compiler: c1, Barriers: 2, Oops: 1, ImmediateOops: 10, NonImmediateOops: No
[2,386s][debug][gc,nmethod     ] Register NMethod: com.sun.org.apache.xerces.internal.impl.XMLDocumentFragmentScannerImpl.scanEndElement (0x00007cb632d76988) [0x00007cb632d76a80, 0x00007cb632d7b0b8] Compiler: jvmci, Barriers: 109, Oops: 9, ImmediateOops: 6, NonImmediateOops: No
[2,386s][debug][gc,nmethod     ] Register NMethod: com.sun.org.apache.xerces.internal.parsers.AbstractSAXParser.endNamespaceMapping (0x00007cb632d7b108) [0x00007cb632d7b200, 0x00007cb632d7b3b8] Compiler: jvmci, Barriers: 2, Oops: 0, ImmediateOops: 0, NonImmediateOops: No
[2,387s][debug][gc,nmethod     ] Register NMethod: com.github.benmanes.caffeine.cache.BoundedLocalCache$BoundedLocalManualCache.cache (0x00007cb613defb08) [0x00007cb613defc00, 0x00007cb613defd58] Compiler: c1, Barriers: 1, Oops: 1, ImmediateOops: 0, NonImmediateOops: No
[2,387s][debug][gc,nmethod     ] Register NMethod: io.sirix.access.trx.node.xml.XmlNodeReadOnlyTrxImpl.isDocumentRoot (0x00007cb632d7b408) [0x00007cb632d7b500, 0x00007cb632d7b648] Compiler: jvmci, Barriers: 1, Oops: 1, ImmediateOops: 0, NonImmediateOops: No
[2,388s][debug][gc,nmethod     ] Register NMethod: io.sirix.query.node.SubtreeProcessor.notifyEndElement (0x00007cb632d7b708) [0x00007cb632d7b800, 0x00007cb632d7b930] Compiler: jvmci, Barriers: 1, Oops: 1, ImmediateOops: 0, NonImmediateOops: No
[2,389s][debug][gc,director    ] Rule Major: Warmup 10%, Used: 356MB, UsedThreshold: 1228MB
[2,389s][debug][gc,nmethod     ] Register NMethod: com.sun.org.apache.xerces.internal.parsers.AbstractSAXParser.startElement (0x00007cb632d7ba08) [0x00007cb632d7bb00, 0x00007cb632d7ee60] Compiler: jvmci, Barriers: 110, Oops: 6, ImmediateOops: 6, NonImmediateOops: No
[2,394s][debug][gc,nmethod     ] Register NMethod: io.sirix.cache.SegmentAllocators.getIndexForSize (0x00007cb613defe08) [0x00007cb613deff00, 0x00007cb613df0438] Compiler: c1, Barriers: 0, Oops: 1, ImmediateOops: 2, NonImmediateOops: No
[2,396s][debug][gc,nmethod     ] Register NMethod: net.openhft.hashing.LongHashFunction.hashBytes (0x00007cb632d7ef08) [0x00007cb632d7f000, 0x00007cb632d7f128] Compiler: jvmci, Barriers: 0, Oops: 1, ImmediateOops: 2, NonImmediateOops: No
[2,399s][debug][gc,director    ] Rule Major: Warmup 10%, Used: 358MB, UsedThreshold: 1228MB
[2,403s][debug][gc,nmethod     ] Register NMethod: com.sun.org.apache.xerces.internal.xni.QName.setValues (0x00007cb632d7f208) [0x00007cb632d7f300, 0x00007cb632d7f618] Compiler: jvmci, Barriers: 16, Oops: 0, ImmediateOops: 0, NonImmediateOops: No
[2,408s][debug][gc,nmethod     ] Register NMethod: io.sirix.access.trx.node.xml.ForwardingXmlNodeReadOnlyTrx.hasFirstChild (0x00007cb632d7f688) [0x00007cb632d7f780, 0x00007cb632d7fdd0] Compiler: jvmci, Barriers: 8, Oops: 3, ImmediateOops: 0, NonImmediateOops: No
[2,409s][debug][gc,director    ] Rule Major: Warmup 10%, Used: 362MB, UsedThreshold: 1228MB
[2,410s][debug][gc,nmethod     ] Register NMethod: java.io.FileInputStream.available0 (0x00007cb632d7fe08) [0x00007cb632d7ff00, 0x00007cb632d80058] Compiler: , Barriers: 0, Oops: 0, ImmediateOops: 0, NonImmediateOops: No
[2,413s][debug][gc,nmethod     ] Register NMethod: io.sirix.access.trx.node.AbstractNodeReadOnlyTrx.hasFirstChild (0x00007cb632d80108) [0x00007cb632d80200, 0x00007cb632d807c0] Compiler: jvmci, Barriers: 7, Oops: 3, ImmediateOops: 0, NonImmediateOops: No
[2,417s][debug][gc,nmethod     ] Register NMethod: java.util.concurrent.atomic.AtomicInteger.decrementAndGet (0x00007cb613df0488) [0x00007cb613df0580, 0x00007cb613df0690] Compiler: c1, Barriers: 0, Oops: 0, ImmediateOops: 0, NonImmediateOops: No
[2,418s][debug][gc,nmethod     ] Register NMethod: java.nio.Buffer.flip (0x00007cb613df0788) [0x00007cb613df0880, 0x00007cb613df0998] Compiler: c1, Barriers: 0, Oops: 0, ImmediateOops: 0, NonImmediateOops: No
[2,418s][debug][gc,nmethod     ] Register NMethod: io.sirix.node.SirixDeweyID.<init> (0x00007cb632d80808) [0x00007cb632d80900, 0x00007cb632d80d58] Compiler: jvmci, Barriers: 5, Oops: 1, ImmediateOops: 0, NonImmediateOops: No
[2,419s][debug][gc,director    ] Rule Major: Warmup 10%, Used: 364MB, UsedThreshold: 1228MB
[2,420s][debug][gc,nmethod     ] Register NMethod: io.sirix.page.PageReference.hashCode (0x00007cb613df0a88) [0x00007cb613df0b80, 0x00007cb613df1c00] Compiler: c1, Barriers: 13, Oops: 1, ImmediateOops: 1, NonImmediateOops: No
[2,422s][debug][gc,nmethod     ] Register NMethod: io.sirix.node.xml.ElementNode.hasFirstChild (0x00007cb632d80d88) [0x00007cb632d80e80, 0x00007cb632d812d0] Compiler: jvmci, Barriers: 4, Oops: 3, ImmediateOops: 0, NonImmediateOops: No
[2,423s][debug][gc,nmethod     ] Register NMethod: java.lang.String.compareTo (0x00007cb632d81308) [0x00007cb632d81400, 0x00007cb632d815b8] Compiler: jvmci, Barriers: 2, Oops: 0, ImmediateOops: 0, NonImmediateOops: No
[2,424s][debug][gc,nmethod     ] Register NMethod: java.util.concurrent.ConcurrentHashMap$KeySetView.add (0x00007cb613df1c88) [0x00007cb613df1d80, 0x00007cb613df2228] Compiler: c1, Barriers: 2, Oops: 0, ImmediateOops: 0, NonImmediateOops: No
[2,424s][debug][gc,nmethod     ] Register NMethod: java.lang.invoke.VarHandleReferences$FieldInstanceReadWrite.setRelease (0x00007cb613df2288) [0x00007cb613df2380, 0x00007cb613df3530] Compiler: c1, Barriers: 2, Oops: 1, ImmediateOops: 1, NonImmediateOops: No
[2,424s][debug][gc,nmethod     ] Register NMethod: io.sirix.service.xml.xpath.ItemListImpl.size (0x00007cb632d81608) [0x00007cb632d81700, 0x00007cb632d81810] Compiler: jvmci, Barriers: 1, Oops: 1, ImmediateOops: 0, NonImmediateOops: No
[2,425s][debug][gc,nmethod     ] Register NMethod: io.sirix.access.trx.node.xml.XmlNodeTrxImpl.insertElementAsRightSibling (0x00007cb632d81908) [0x00007cb632d81a00, 0x00007cb632d83e38] Compiler: jvmci, Barriers: 62, Oops: 5, ImmediateOops: 5, NonImmediateOops: No
[2,428s][debug][gc,nmethod     ] Register NMethod: io.brackit.query.node.parser.SAX2SubtreeHandlerAdapter.endElement (0x00007cb632d83e88) [0x00007cb632d83f80, 0x00007cb632d85d10] Compiler: jvmci, Barriers: 51, Oops: 4, ImmediateOops: 5, NonImmediateOops: No
[2,429s][debug][gc,director    ] Rule Major: Warmup 10%, Used: 368MB, UsedThreshold: 1228MB
[2,431s][debug][gc,nmethod     ] Register NMethod: io.brackit.query.node.parser.SAX2SubtreeHandlerAdapter.startElement (0x00007cb632d85d88) [0x00007cb632d85e80, 0x00007cb632d89a68] Compiler: jvmci, Barriers: 114, Oops: 6, ImmediateOops: 5, NonImmediateOops: No
[2,434s][debug][gc,nmethod     ] Register NMethod: sun.nio.cs.StreamDecoder.ensureOpen (0x00007cb613df3588) [0x00007cb613df3680, 0x00007cb613df3878] Compiler: c1, Barriers: 0, Oops: 0, ImmediateOops: 1, NonImmediateOops: No
[2,435s][debug][gc,nmethod     ] Register NMethod: java.util.concurrent.ConcurrentLinkedDeque.poll (0x00007cb613df3888) [0x00007cb613df3980, 0x00007cb613df3ac8] Compiler: c1, Barriers: 0, Oops: 0, ImmediateOops: 0, NonImmediateOops: No
[2,435s][debug][gc,nmethod     ] Register NMethod: java.util.concurrent.ConcurrentLinkedDeque.first (0x00007cb613df3b88) [0x00007cb613df3c80, 0x00007cb613df4280] Compiler: c1, Barriers: 4, Oops: 1, ImmediateOops: 1, NonImmediateOops: No
[2,436s][debug][gc,nmethod     ] Register NMethod: java.util.concurrent.ConcurrentLinkedDeque.pollFirst (0x00007cb613df4308) [0x00007cb613df4400, 0x00007cb613df5e18] Compiler: c1, Barriers: 9, Oops: 6, ImmediateOops: 9, NonImmediateOops: No
[2,436s][debug][gc,nmethod     ] Register NMethod: java.util.concurrent.ConcurrentLinkedDeque.unlink (0x00007cb613df5e88) [0x00007cb613df5f80, 0x00007cb613df94f8] Compiler: c1, Barriers: 14, Oops: 6, ImmediateOops: 20, NonImmediateOops: No
[2,437s][debug][gc,nmethod     ] Register NMethod: io.sirix.access.trx.node.xml.XmlNodeTrxImpl.insertTextAsFirstChild (0x00007cb632d89b08) [0x00007cb632d89c00, 0x00007cb632d8c670] Compiler: jvmci, Barriers: 76, Oops: 5, ImmediateOops: 2, NonImmediateOops: No
[2,437s][debug][gc,nmethod     ] Register NMethod: io.sirix.cache.LinuxMemorySegmentAllocator.allocate (0x00007cb613df9588) [0x00007cb613df96a0, 0x00007cb613e04668] Compiler: c1, Barriers: 112, Oops: 10, ImmediateOops: 23, NonImmediateOops: No
[2,437s][debug][gc,nmethod     ] Register NMethod: java.util.HashMap$HashIterator.hasNext (0x00007cb632d8c708) [0x00007cb632d8c800, 0x00007cb632d8c8b8] Compiler: jvmci, Barriers: 1, Oops: 0, ImmediateOops: 0, NonImmediateOops: No
[2,439s][debug][gc,director    ] Rule Major: Warmup 10%, Used: 374MB, UsedThreshold: 1228MB
[2,441s][debug][gc,nmethod     ] Register NMethod: com.sun.org.apache.xerces.internal.impl.XMLEntityScanner.skipSpaces (0x00007cb632d8ca08) [0x00007cb632d8cb00, 0x00007cb632d8d068] Compiler: jvmci, Barriers: 4, Oops: 0, ImmediateOops: 2, NonImmediateOops: No
[2,443s][debug][gc,nmethod     ] Register NMethod: java.io.BufferedReader.read1 (0x00007cb613e04708) [0x00007cb613e04800, 0x00007cb613e05040] Compiler: c1, Barriers: 4, Oops: 0, ImmediateOops: 0, NonImmediateOops: No
[2,443s][debug][gc,nmethod     ] Register NMethod: com.sun.org.apache.xerces.internal.impl.XMLDocumentFragmentScannerImpl.scanDocument (0x00007cb613e05088) [0x00007cb613e05180, 0x00007cb613e07d78] Compiler: c1, Barriers: 29, Oops: 0, ImmediateOops: 0, NonImmediateOops: No
[2,443s][debug][gc,nmethod     ] Register NMethod: java.lang.invoke.DirectMethodHandle.constructorMethod (0x00007cb632d8d088) [0x00007cb632d8d180, 0x00007cb632d8d2a0] Compiler: jvmci, Barriers: 1, Oops: 0, ImmediateOops: 0, NonImmediateOops: No
[2,444s][debug][gc,nmethod     ] Register NMethod: com.sun.org.apache.xerces.internal.parsers.AbstractSAXParser.endElement (0x00007cb632d8d388) [0x00007cb632d8d480, 0x00007cb632d908b8] Compiler: jvmci, Barriers: 85, Oops: 8, ImmediateOops: 6, NonImmediateOops: No
[2,444s][debug][gc,nmethod     ] Register NMethod: jdk.internal.util.ArraysSupport.hashCode (0x00007cb632d90908) [0x00007cb632d90a00, 0x00007cb632d90f08] Compiler: jvmci, Barriers: 5, Oops: 0, ImmediateOops: 0, NonImmediateOops: No
[2,445s][debug][gc,nmethod     ] Register NMethod: com.github.benmanes.caffeine.cache.NodeFactory.newLookupKey (0x00007cb613e07d88) [0x00007cb613e07e80, 0x00007cb613e07f80] Compiler: c1, Barriers: 0, Oops: 1, ImmediateOops: 0, NonImmediateOops: No
[2,445s][debug][gc,nmethod     ] Register NMethod: com.sun.org.apache.xerces.internal.impl.XMLDocumentFragmentScannerImpl.scanDocument (0x00007cb613e08088) [0x00007cb613e08180, 0x00007cb613e0ac28] Compiler: c1, Barriers: 29, Oops: 0, ImmediateOops: 0, NonImmediateOops: No
[2,446s][debug][gc,nmethod     ] Register NMethod: java.nio.ByteBuffer.flip (0x00007cb613e0ac88) [0x00007cb613e0ad80, 0x00007cb613e0aef8] Compiler: c1, Barriers: 0, Oops: 0, ImmediateOops: 0, NonImmediateOops: No
[2,449s][debug][gc,director    ] Rule Major: Warmup 10%, Used: 380MB, UsedThreshold: 1228MB
[2,451s][debug][gc,nmethod     ] Register NMethod: java.util.concurrent.ConcurrentHashMap.computeIfPresent (0x00007cb613e0af88) [0x00007cb613e0b080, 0x00007cb613e0d350] Compiler: c1, Barriers: 17, Oops: 0, ImmediateOops: 1, NonImmediateOops: No
[2,451s][debug][gc,nmethod     ] Register NMethod: io.sirix.service.xml.shredder.AbstractShredder.processStartTag (0x00007cb632d90f88) [0x00007cb632d91080, 0x00007cb632d91e48] Compiler: jvmci, Barriers: 14, Oops: 1, ImmediateOops: 2, NonImmediateOops: No
[2,451s][debug][gc,nmethod     ] Register NMethod: java.nio.ByteBuffer.position (0x00007cb632d91e88) [0x00007cb632d91f80, 0x00007cb632d92060] Compiler: jvmci, Barriers: 0, Oops: 0, ImmediateOops: 0, NonImmediateOops: No
[2,452s][debug][gc,nmethod     ] Register NMethod: io.sirix.node.SirixDeweyID.getNewChildID (0x00007cb632d92188) [0x00007cb632d92280, 0x00007cb632d92650] Compiler: jvmci, Barriers: 3, Oops: 2, ImmediateOops: 0, NonImmediateOops: No
[2,452s][debug][gc,nmethod     ] Register NMethod: java.util.stream.SortedOps.makeRef (0x00007cb613e0d388) [0x00007cb613e0d480, 0x00007cb613e0d610] Compiler: c1, Barriers: 0, Oops: 0, ImmediateOops: 0, NonImmediateOops: No
[2,452s][debug][gc,nmethod     ] Register NMethod: io.sirix.node.GrowingMemorySegment.<init> (0x00007cb613e0d688) [0x00007cb613e0d780, 0x00007cb613e0dbf8] Compiler: c1, Barriers: 6, Oops: 1, ImmediateOops: 0, NonImmediateOops: No
[2,452s][debug][gc,nmethod     ] Register NMethod: jdk.internal.foreign.ArenaImpl.allocate (0x00007cb613e0dc08) [0x00007cb613e0dd00, 0x00007cb613e0de80] Compiler: c1, Barriers: 1, Oops: 0, ImmediateOops: 0, NonImmediateOops: No
[2,454s][debug][gc,nmethod     ] Register NMethod: io.sirix.page.KeyValueLeafPage.getAvailableSpace (0x00007cb613e0df08) [0x00007cb613e0e000, 0x00007cb613e13ac0] Compiler: c1, Barriers: 19, Oops: 7, ImmediateOops: 12, NonImmediateOops: No
[2,454s][debug][gc,nmethod     ] Register NMethod: jdk.internal.foreign.MemorySessionImpl.addInternal (0x00007cb613e13b08) [0x00007cb613e13c00, 0x00007cb613e14b70] Compiler: c1, Barriers: 4, Oops: 0, ImmediateOops: 2, NonImmediateOops: No
[2,454s][debug][gc,nmethod     ] Register NMethod: jdk.internal.foreign.SegmentFactories.allocateNativeSegment (0x00007cb613e14b88) [0x00007cb613e14c80, 0x00007cb613e15240] Compiler: c1, Barriers: 3, Oops: 0, ImmediateOops: 1, NonImmediateOops: No
[2,455s][debug][gc,nmethod     ] Register NMethod: jdk.internal.misc.Unsafe.freeMemory0 (0x00007cb632d92688) [0x00007cb632d92780, 0x00007cb632d928c8] Compiler: , Barriers: 0, Oops: 0, ImmediateOops: 0, NonImmediateOops: No
[2,455s][debug][gc,nmethod     ] Register NMethod: io.sirix.node.MemorySegmentBytesOut.writeStopBit (0x00007cb613e15288) [0x00007cb613e15380, 0x00007cb613e15720] Compiler: c1, Barriers: 2, Oops: 1, ImmediateOops: 0, NonImmediateOops: No
[2,455s][debug][gc,nmethod     ] Register NMethod: io.sirix.page.KeyValueLeafPage.getLastIndex (0x00007cb613e15788) [0x00007cb613e15880, 0x00007cb613e159d8] Compiler: c1, Barriers: 0, Oops: 1, ImmediateOops: 0, NonImmediateOops: No
[2,455s][debug][gc,nmethod     ] Register NMethod: io.sirix.node.MemorySegmentBytesOut.writePosition (0x00007cb613e15a88) [0x00007cb613e15b80, 0x00007cb613e15d30] Compiler: c1, Barriers: 1, Oops: 1, ImmediateOops: 0, NonImmediateOops: No
[2,455s][debug][gc,nmethod     ] Register NMethod: io.sirix.node.MemorySegmentBytesOut.position (0x00007cb613e15d88) [0x00007cb613e15e80, 0x00007cb613e15fd0] Compiler: c1, Barriers: 1, Oops: 1, ImmediateOops: 0, NonImmediateOops: No
[2,455s][debug][gc,nmethod     ] Register NMethod: jdk.internal.foreign.ConfinedSession$ConfinedResourceList.add (0x00007cb613e16088) [0x00007cb613e16180, 0x00007cb613e16628] Compiler: c1, Barriers: 11, Oops: 0, ImmediateOops: 2, NonImmediateOops: No
[2,457s][debug][gc,nmethod     ] Register NMethod: jdk.internal.foreign.ArenaImpl.allocate (0x00007cb613e16688) [0x00007cb613e16780, 0x00007cb613e16a78] Compiler: c1, Barriers: 0, Oops: 0, ImmediateOops: 0, NonImmediateOops: No
[2,457s][debug][gc,nmethod     ] Register NMethod: io.sirix.node.Utils.putVarLong (0x00007cb613e16a88) [0x00007cb613e16b80, 0x00007cb613e16cd0] Compiler: c1, Barriers: 0, Oops: 1, ImmediateOops: 0, NonImmediateOops: No
[2,457s][debug][gc,nmethod     ] Register NMethod: io.sirix.node.json.JsonNodeSerializer.writeEndPadding (0x00007cb613e16d88) [0x00007cb613e16e80, 0x00007cb613e172e8] Compiler: c1, Barriers: 2, Oops: 1, ImmediateOops: 0, NonImmediateOops: No
[2,457s][debug][gc,nmethod     ] Register NMethod: jdk.internal.foreign.AbstractMemorySegmentImpl.overlaps (0x00007cb613e17308) [0x00007cb613e17400, 0x00007cb613e181c0] Compiler: c1, Barriers: 0, Oops: 0, ImmediateOops: 0, NonImmediateOops: No
[2,457s][debug][gc,nmethod     ] Register NMethod: jdk.internal.foreign.AbstractMemorySegmentImpl.checkAccess (0x00007cb632d92988) [0x00007cb632d92a80, 0x00007cb632d92bf8] Compiler: jvmci, Barriers: 0, Oops: 0, ImmediateOops: 0, NonImmediateOops: No
[2,458s][debug][gc,nmethod     ] Register NMethod: io.sirix.page.KeyValueLeafPage.updateFreeSpaceStart (0x00007cb613e18208) [0x00007cb613e18300, 0x00007cb613e18888] Compiler: c1, Barriers: 0, Oops: 1, ImmediateOops: 0, NonImmediateOops: No
[2,459s][debug][gc,nmethod     ] Register NMethod: jdk.internal.foreign.SegmentBulkOperations.copy (0x00007cb613e18908) [0x00007cb613e18a00, 0x00007cb613e28ec0] Compiler: c1, Barriers: 39, Oops: 4, ImmediateOops: 41, NonImmediateOops: No
[2,460s][debug][gc,director    ] Rule Major: Warmup 10%, Used: 384MB, UsedThreshold: 1228MB
[2,460s][debug][gc,nmethod     ] Register NMethod: jdk.internal.foreign.SegmentFactories.allocateNativeInternal (0x00007cb613e28f08) [0x00007cb613e29000, 0x00007cb613e2c448] Compiler: c1, Barriers: 3, Oops: 3, ImmediateOops: 11, NonImmediateOops: No
[2,460s][debug][gc,nmethod     ] Register NMethod: io.sirix.page.KeyValueLeafPage.hasEnoughSpace (0x00007cb613e2c488) [0x00007cb613e2c580, 0x00007cb613e2c920] Compiler: c1, Barriers: 0, Oops: 1, ImmediateOops: 0, NonImmediateOops: No
[2,461s][debug][gc,nmethod     ] Register NMethod: io.sirix.node.MemorySegmentBytesOut.<init> (0x00007cb613e2c988) [0x00007cb613e2ca80, 0x00007cb613e2cd08] Compiler: c1, Barriers: 3, Oops: 1, ImmediateOops: 0, NonImmediateOops: No
[2,461s][debug][gc,nmethod     ] Register NMethod: io.sirix.page.KeyValueLeafPage.findFreeSpaceForSlots (0x00007cb613e2cd88) [0x00007cb613e2ce80, 0x00007cb613e2db60] Compiler: c1, Barriers: 4, Oops: 1, ImmediateOops: 0, NonImmediateOops: No
[2,461s][debug][gc,nmethod     ] Register NMethod: io.sirix.node.GrowingMemorySegment.setPosition (0x00007cb632d92c88) [0x00007cb632d92d80, 0x00007cb632d92e40] Compiler: c1, Barriers: 0, Oops: 1, ImmediateOops: 0, NonImmediateOops: No
[2,462s][debug][gc,nmethod     ] Register NMethod: io.sirix.node.MemorySegmentBytesOut.position (0x00007cb613e2db88) [0x00007cb613e2dc80, 0x00007cb613e2ddd0] Compiler: c1, Barriers: 1, Oops: 1, ImmediateOops: 0, NonImmediateOops: No
[2,462s][debug][gc,nmethod     ] Register NMethod: jdk.internal.misc.ScopedMemoryAccess.getLongUnaligned (0x00007cb632d92f88) [0x00007cb632d93080, 0x00007cb632d93240] Compiler: jvmci, Barriers: 2, Oops: 0, ImmediateOops: 0, NonImmediateOops: No
[2,466s][debug][gc,nmethod     ] Register NMethod: io.sirix.node.xml.ElementNode.getNamespaceCount (0x00007cb613e2de88) [0x00007cb613e2df80, 0x00007cb613e2e100] Compiler: c1, Barriers: 1, Oops: 1, ImmediateOops: 0, NonImmediateOops: No
[2,467s][debug][gc,nmethod     ] Register NMethod: io.sirix.node.GrowingMemorySegment.writeLong (0x00007cb632d93288) [0x00007cb632d93380, 0x00007cb632d93900] Compiler: jvmci, Barriers: 5, Oops: 3, ImmediateOops: 0, NonImmediateOops: No
[2,470s][debug][gc,director    ] Rule Major: Warmup 10%, Used: 384MB, UsedThreshold: 1228MB
[2,471s][debug][gc,nmethod     ] Register NMethod: java.lang.invoke.VarHandleGuards.guard_LJ_I (0x00007cb632d93988) [0x00007cb632d93a80, 0x00007cb632d941c0] Compiler: jvmci, Barriers: 23, Oops: 0, ImmediateOops: 5, NonImmediateOops: No
[2,473s][debug][gc,nmethod     ] Register NMethod: io.sirix.node.MemorySegmentBytesOut.writeLong (0x00007cb632d94208) [0x00007cb632d94300, 0x00007cb632d94908] Compiler: jvmci, Barriers: 6, Oops: 3, ImmediateOops: 0, NonImmediateOops: No
[2,474s][debug][gc,nmethod     ] Register NMethod: java.lang.invoke.VarHandleGuards.guard_LJ_J (0x00007cb632d94988) [0x00007cb632d94a80, 0x00007cb632d951c0] Compiler: jvmci, Barriers: 23, Oops: 0, ImmediateOops: 5, NonImmediateOops: No
[2,476s][debug][gc,nmethod     ] Register NMethod: io.sirix.node.GrowingMemorySegment.writeInt (0x00007cb632d95208) [0x00007cb632d95300, 0x00007cb632d95870] Compiler: jvmci, Barriers: 5, Oops: 3, ImmediateOops: 0, NonImmediateOops: No
[2,476s][debug][gc,nmethod     ] Register NMethod: jdk.internal.foreign.MemorySessionImpl.checkValidStateRaw (0x00007cb632d95908) [0x00007cb632d95a00, 0x00007cb632d95b78] Compiler: jvmci, Barriers: 2, Oops: 0, ImmediateOops: 0, NonImmediateOops: No
[2,477s][debug][gc,nmethod     ] Register NMethod: io.sirix.node.MemorySegmentBytesOut.writeInt (0x00007cb632d95c08) [0x00007cb632d95d00, 0x00007cb632d96300] Compiler: jvmci, Barriers: 6, Oops: 3, ImmediateOops: 0, NonImmediateOops: No
[2,478s][debug][gc,nmethod     ] Register NMethod: jdk.internal.misc.ScopedMemoryAccess.putLongUnaligned (0x00007cb632d96388) [0x00007cb632d96480, 0x00007cb632d96668] Compiler: jvmci, Barriers: 2, Oops: 0, ImmediateOops: 0, NonImmediateOops: No
[2,478s][debug][gc,nmethod     ] Register NMethod: io.sirix.node.GrowingMemorySegment.ensureCapacity (0x00007cb632d96688) [0x00007cb632d96780, 0x00007cb632d96860] Compiler: jvmci, Barriers: 0, Oops: 1, ImmediateOops: 0, NonImmediateOops: No
[2,479s][debug][gc,nmethod     ] Register NMethod: jdk.internal.foreign.MemorySessionImpl.checkValidState (0x00007cb632d96988) [0x00007cb632d96a80, 0x00007cb632d96bf8] Compiler: jvmci, Barriers: 2, Oops: 0, ImmediateOops: 0, NonImmediateOops: No
[2,480s][debug][gc,nmethod     ] Register NMethod: io.sirix.node.NodeKind.writeHash (0x00007cb613e2e188) [0x00007cb613e2e280, 0x00007cb613e2e470] Compiler: c1, Barriers: 1, Oops: 1, ImmediateOops: 0, NonImmediateOops: No
[2,484s][debug][gc,director    ] Rule Major: Warmup 10%, Used: 384MB, UsedThreshold: 1228MB
[2,484s][debug][gc,nmethod     ] Register NMethod: io.sirix.node.xml.ElementNode.getAttributeKey (0x00007cb613e2e488) [0x00007cb613e2e580, 0x00007cb613e2e998] Compiler: c1, Barriers: 1, Oops: 1, ImmediateOops: 1, NonImmediateOops: No
[2,484s][debug][gc,nmethod     ] Register NMethod: io.sirix.node.xml.AttributeNode.getRawValue (0x00007cb632d96c88) [0x00007cb632d96d80, 0x00007cb632d96e68] Compiler: c1, Barriers: 1, Oops: 1, ImmediateOops: 0, NonImmediateOops: No
[2,484s][debug][gc,nmethod     ] Register NMethod: io.sirix.node.xml.AttributeNode.isCompressed (0x00007cb632d96f88) [0x00007cb632d97080, 0x00007cb632d97140] Compiler: c1, Barriers: 0, Oops: 1, ImmediateOops: 0, NonImmediateOops: No
[2,485s][debug][gc,nmethod     ] Register NMethod: java.lang.invoke.VarHandleSegmentAsInts.get (0x00007cb632d97288) [0x00007cb632d97380, 0x00007cb632d97c08] Compiler: jvmci, Barriers: 5, Oops: 0, ImmediateOops: 0, NonImmediateOops: No
[2,485s][debug][gc,nmethod     ] Register NMethod: io.sirix.node.NodeKind$4.serialize (0x00007cb613e2ea08) [0x00007cb613e2eb00, 0x00007cb613e49278] Compiler: c1, Barriers: 110, Oops: 13, ImmediateOops: 55, NonImmediateOops: No
[2,486s][debug][gc,nmethod     ] Register NMethod: io.sirix.node.xml.AttributeNode.getPreviousRevisionNumber (0x00007cb613e49308) [0x00007cb613e49400, 0x00007cb613e4e3f0] Compiler: c1, Barriers: 19, Oops: 7, ImmediateOops: 11, NonImmediateOops: No
[2,488s][debug][gc,nmethod     ] Register NMethod: java.lang.invoke.VarHandleSegmentAsLongs.get (0x00007cb632d97c88) [0x00007cb632d97d80, 0x00007cb632d98478] Compiler: jvmci, Barriers: 4, Oops: 0, ImmediateOops: 0, NonImmediateOops: No
[2,489s][debug][gc,nmethod     ] Register NMethod: java.lang.invoke.VarHandleSegmentAsInts.set (0x00007cb632d98488) [0x00007cb632d98580, 0x00007cb632d98c98] Compiler: jvmci, Barriers: 4, Oops: 0, ImmediateOops: 0, NonImmediateOops: No
[2,490s][debug][gc,nmethod     ] Register NMethod: jdk.internal.foreign.AbstractMemorySegmentImpl.set (0x00007cb632d98d08) [0x00007cb632d98e00, 0x00007cb632d994f0] Compiler: jvmci, Barriers: 14, Oops: 1, ImmediateOops: 4, NonImmediateOops: No
[2,495s][debug][gc,director    ] Rule Major: Warmup 10%, Used: 386MB, UsedThreshold: 1228MB
[2,496s][debug][gc,nmethod     ] Register NMethod: jdk.internal.foreign.SegmentBulkOperations.copy (0x00007cb632d99508) [0x00007cb632d99600, 0x00007cb632d9a478] Compiler: jvmci, Barriers: 27, Oops: 0, ImmediateOops: 0, NonImmediateOops: No
[2,499s][debug][gc,nmethod     ] Register NMethod: io.sirix.node.MemorySegmentBytesOut.writeByte (0x00007cb632d9a488) [0x00007cb632d9a580, 0x00007cb632d9ab80] Compiler: jvmci, Barriers: 6, Oops: 2, ImmediateOops: 0, NonImmediateOops: No
[2,499s][debug][gc,nmethod     ] Register NMethod: io.sirix.access.trx.node.xml.XmlNodeFactoryImpl.createElementNode (0x00007cb632d9ac08) [0x00007cb632d9ad00, 0x00007cb632da2a28] Compiler: jvmci, Barriers: 173, Oops: 6, ImmediateOops: 4, NonImmediateOops: No
[2,501s][debug][gc,nmethod     ] Register NMethod: jdk.internal.foreign.MemorySessionImpl.addInternal (0x00007cb632da2a88) [0x00007cb632da2b80, 0x00007cb632da3108] Compiler: jvmci, Barriers: 23, Oops: 0, ImmediateOops: 1, NonImmediateOops: No
[2,502s][debug][gc,nmethod     ] Register NMethod: io.sirix.page.KeyValueLeafPage.alignOffset (0x00007cb632da3188) [0x00007cb632da3280, 0x00007cb632da32e8] Compiler: jvmci, Barriers: 0, Oops: 1, ImmediateOops: 0, NonImmediateOops: No
[2,502s][debug][gc,nmethod     ] Register NMethod: jdk.internal.foreign.ArenaImpl.allocate (0x00007cb632da3488) [0x00007cb632da3580, 0x00007cb632da4108] Compiler: jvmci, Barriers: 26, Oops: 1, ImmediateOops: 6, NonImmediateOops: No
[2,502s][debug][gc,nmethod     ] Register NMethod: sun.security.provider.SHA2.implCompress0 (0x00007cb613e4e488) [0x00007cb613e4e580, 0x00007cb613e4f230] Compiler: c1, Barriers: 8, Oops: 0, ImmediateOops: 1, NonImmediateOops: No
[2,505s][debug][gc,director    ] Rule Major: Warmup 10%, Used: 390MB, UsedThreshold: 1228MB
[2,506s][debug][gc,nmethod     ] Register NMethod: io.sirix.node.NodeKind$2.serialize (0x00007cb613e4f288) [0x00007cb613e4f380, 0x00007cb613e73d00] Compiler: c1, Barriers: 145, Oops: 15, ImmediateOops: 77, NonImmediateOops: No
[2,507s][debug][gc,nmethod     ] Register NMethod: java.lang.foreign.MemorySegment.copy (0x00007cb613e73d88) [0x00007cb613e73e80, 0x00007cb613e84788] Compiler: c1, Barriers: 39, Oops: 4, ImmediateOops: 41, NonImmediateOops: No
[2,507s][debug][gc,nmethod     ] Register NMethod: io.sirix.node.SirixDeweyID.toBytes (0x00007cb613e84808) [0x00007cb613e84900, 0x00007cb613e85260] Compiler: c1, Barriers: 4, Oops: 1, ImmediateOops: 17, NonImmediateOops: No
[2,507s][debug][gc,nmethod     ] Register NMethod: jdk.internal.foreign.HeapMemorySegmentImpl$OfByte.unsafeGetOffset (0x00007cb613e85288) [0x00007cb613e85380, 0x00007cb613e85498] Compiler: c1, Barriers: 0, Oops: 0, ImmediateOops: 0, NonImmediateOops: No
[2,507s][debug][gc,nmethod     ] Register NMethod: io.sirix.node.SirixDeweyID.setDivisionBitArray (0x00007cb613e85588) [0x00007cb613e85680, 0x00007cb613e85b48] Compiler: c1, Barriers: 2, Oops: 1, ImmediateOops: 5, NonImmediateOops: No
[2,508s][debug][gc,nmethod     ] Register NMethod: jdk.internal.foreign.GlobalSession.<init> (0x00007cb613e85b88) [0x00007cb613e85c80, 0x00007cb613e85f40] Compiler: c1, Barriers: 6, Oops: 0, ImmediateOops: 0, NonImmediateOops: No
[2,508s][debug][gc,nmethod     ] Register NMethod: jdk.internal.foreign.ArenaImpl.allocate (0x00007cb632da4188) [0x00007cb632da4280, 0x00007cb632da4e08] Compiler: jvmci, Barriers: 26, Oops: 1, ImmediateOops: 6, NonImmediateOops: No
[2,508s][debug][gc,nmethod     ] Register NMethod: jdk.internal.foreign.GlobalSession$HeapSession.<init> (0x00007cb613e85f88) [0x00007cb613e86080, 0x00007cb613e86558] Compiler: c1, Barriers: 9, Oops: 0, ImmediateOops: 0, NonImmediateOops: No
[2,508s][debug][gc,nmethod     ] Register NMethod: jdk.internal.foreign.HeapMemorySegmentImpl.unsafeGetOffset (0x00007cb632da4e88) [0x00007cb632da4f80, 0x00007cb632da5040] Compiler: c1, Barriers: 0, Oops: 0, ImmediateOops: 0, NonImmediateOops: No
[2,508s][debug][gc,nmethod     ] Register NMethod: jdk.internal.foreign.HeapMemorySegmentImpl$OfByte.<init> (0x00007cb613e86588) [0x00007cb613e86680, 0x00007cb613e86998] Compiler: c1, Barriers: 6, Oops: 0, ImmediateOops: 0, NonImmediateOops: No
[2,509s][debug][gc,nmethod     ] Register NMethod: jdk.internal.foreign.HeapMemorySegmentImpl.<init> (0x00007cb613e86a08) [0x00007cb613e86b00, 0x00007cb613e86db8] Compiler: c1, Barriers: 6, Oops: 0, ImmediateOops: 0, NonImmediateOops: No
[2,509s][debug][gc,nmethod     ] Register NMethod: jdk.internal.foreign.SegmentFactories.fromArray (0x00007cb613e86e08) [0x00007cb613e86f00, 0x00007cb613e87a00] Compiler: c1, Barriers: 3, Oops: 0, ImmediateOops: 1, NonImmediateOops: No
[2,509s][debug][gc,nmethod     ] Register NMethod: jdk.internal.misc.ScopedMemoryAccess.putIntUnaligned (0x00007cb632da5188) [0x00007cb632da5280, 0x00007cb632da5430] Compiler: jvmci, Barriers: 2, Oops: 0, ImmediateOops: 0, NonImmediateOops: No
[2,509s][debug][gc,nmethod     ] Register NMethod: jdk.internal.foreign.SegmentBulkOperations.copy (0x00007cb613e87a08) [0x00007cb613e87b00, 0x00007cb613e97fc0] Compiler: c1, Barriers: 39, Oops: 4, ImmediateOops: 41, NonImmediateOops: No
[2,512s][debug][gc,nmethod     ] Register NMethod: jdk.internal.foreign.AbstractMemorySegmentImpl.<init> (0x00007cb632da5488) [0x00007cb632da55a0, 0x00007cb632da5698] Compiler: jvmci, Barriers: 3, Oops: 0, ImmediateOops: 0, NonImmediateOops: No
[2,512s][debug][gc,nmethod     ] Register NMethod: sun.security.provider.SHA2.implCompress (0x00007cb613e98008) [0x00007cb613e98100, 0x00007cb613e98510] Compiler: c1, Barriers: 0, Oops: 1, ImmediateOops: 1, NonImmediateOops: No
[2,512s][debug][gc,nmethod     ] Register NMethod: jdk.internal.foreign.SegmentFactories.allocateNativeInternal (0x00007cb632da5788) [0x00007cb632da58a0, 0x00007cb632da6390] Compiler: jvmci, Barriers: 23, Oops: 1, ImmediateOops: 6, NonImmediateOops: No
[2,513s][debug][gc,nmethod     ] Register NMethod: jdk.internal.foreign.Utils.checkNonNegativeIndex (0x00007cb632da6408) [0x00007cb632da6500, 0x00007cb632da6598] Compiler: jvmci, Barriers: 0, Oops: 0, ImmediateOops: 0, NonImmediateOops: No
[2,513s][debug][gc,nmethod     ] Register NMethod: jdk.internal.foreign.SegmentFactories.ensureInitialized (0x00007cb632da6708) [0x00007cb632da6800, 0x00007cb632da6860] Compiler: jvmci, Barriers: 0, Oops: 0, ImmediateOops: 0, NonImmediateOops: No
[2,514s][debug][gc,nmethod     ] Register NMethod: io.sirix.node.MemorySegmentBytesOut.writePosition (0x00007cb632da6a08) [0x00007cb632da6b00, 0x00007cb632da6be0] Compiler: jvmci, Barriers: 1, Oops: 1, ImmediateOops: 0, NonImmediateOops: No
[2,514s][debug][gc,nmethod     ] Register NMethod: sun.security.provider.SHA2.implCompressCheck (0x00007cb613e98588) [0x00007cb613e98680, 0x00007cb613e989e8] Compiler: c1, Barriers: 0, Oops: 1, ImmediateOops: 1, NonImmediateOops: No
[2,514s][debug][gc,nmethod     ] Register NMethod: io.sirix.page.KeyValueLeafPage.updateLastSlotIndex (0x00007cb613e98a08) [0x00007cb613e98b00, 0x00007cb613e98da0] Compiler: c1, Barriers: 2, Oops: 1, ImmediateOops: 0, NonImmediateOops: No
[2,514s][debug][gc,nmethod     ] Register NMethod: jdk.internal.foreign.layout.AbstractLayout.<init> (0x00007cb613e98e08) [0x00007cb613e98f00, 0x00007cb613e992a8] Compiler: c1, Barriers: 3, Oops: 0, ImmediateOops: 0, NonImmediateOops: No
[2,515s][debug][gc,nmethod     ] Register NMethod: jdk.internal.foreign.MemorySessionImpl.createHeap (0x00007cb613e99308) [0x00007cb613e99400, 0x00007cb613e99888] Compiler: c1, Barriers: 3, Oops: 0, ImmediateOops: 0, NonImmediateOops: No
[2,515s][debug][gc,director    ] Rule Major: Warmup 10%, Used: 392MB, UsedThreshold: 1228MB
[2,515s][debug][gc,nmethod     ] Register NMethod: jdk.internal.foreign.layout.AbstractLayout.requirePowerOfTwoAndGreaterOrEqualToOne (0x00007cb613e99908) [0x00007cb613e99a00, 0x00007cb613e9a780] Compiler: c1, Barriers: 0, Oops: 1, ImmediateOops: 2, NonImmediateOops: No
[2,515s][debug][gc,nmethod     ] Register NMethod: jdk.internal.foreign.Utils.isPowerOfTwo (0x00007cb613e9a808) [0x00007cb613e9a900, 0x00007cb613e9aa40] Compiler: c1, Barriers: 0, Oops: 0, ImmediateOops: 0, NonImmediateOops: No
[2,517s][debug][gc,nmethod     ] Register NMethod: io.sirix.node.SirixDeweyID.toBytes (0x00007cb613e9ab08) [0x00007cb613e9ac00, 0x00007cb613e9ad68] Compiler: c1, Barriers: 1, Oops: 1, ImmediateOops: 0, NonImmediateOops: No
[2,518s][debug][gc,nmethod     ] Register NMethod: jdk.internal.foreign.AbstractMemorySegmentImpl.get (0x00007cb632da6d08) [0x00007cb632da6e00, 0x00007cb632da74b8] Compiler: jvmci, Barriers: 14, Oops: 1, ImmediateOops: 4, NonImmediateOops: No
[2,518s][debug][gc,nmethod     ] Register NMethod: io.sirix.page.KeyValueLeafPage.getDeweyId (0x00007cb613e9ae08) [0x00007cb613e9af00, 0x00007cb613ea06b0] Compiler: c1, Barriers: 21, Oops: 7, ImmediateOops: 12, NonImmediateOops: No
[2,519s][debug][gc,nmethod     ] Register NMethod: io.sirix.node.NodeSerializerImpl.serializeDeweyID (0x00007cb613ea0708) [0x00007cb613ea0800, 0x00007cb613ea0de8] Compiler: c1, Barriers: 2, Oops: 1, ImmediateOops: 0, NonImmediateOops: No
[2,519s][debug][gc,nmethod     ] Register NMethod: jdk.internal.foreign.layout.MemoryLayoutUtil.requireByteSizeValid (0x00007cb613ea0e08) [0x00007cb613ea0f00, 0x00007cb613ea1c68] Compiler: c1, Barriers: 0, Oops: 1, ImmediateOops: 2, NonImmediateOops: No
[2,519s][debug][gc,nmethod     ] Register NMethod: jdk.internal.foreign.layout.ValueLayouts$AbstractValueLayout.assertCarrierSize (0x00007cb613ea1c88) [0x00007cb613ea1d80, 0x00007cb613ea1e90] Compiler: c1, Barriers: 0, Oops: 0, ImmediateOops: 0, NonImmediateOops: No
[2,519s][debug][gc,nmethod     ] Register NMethod: java.lang.Class.getSimpleName (0x00007cb613ea1f88) [0x00007cb613ea2080, 0x00007cb613ea22e0] Compiler: c1, Barriers: 4, Oops: 0, ImmediateOops: 0, NonImmediateOops: No
[2,519s][debug][gc,nmethod     ] Register NMethod: sun.security.provider.ByteArrayAccess.b2iBig64 (0x00007cb613ea2308) [0x00007cb613ea2400, 0x00007cb613eacd40] Compiler: c1, Barriers: 0, Oops: 5, ImmediateOops: 80, NonImmediateOops: No
[2,521s][debug][gc,nmethod     ] Register NMethod: jdk.internal.foreign.layout.ValueLayouts$OfByteImpl.<init> (0x00007cb613eacd88) [0x00007cb613eace80, 0x00007cb613eacfd8] Compiler: c1, Barriers: 0, Oops: 0, ImmediateOops: 1, NonImmediateOops: No
[2,521s][debug][gc,nmethod     ] Register NMethod: jdk.internal.misc.Unsafe.checkPointer (0x00007cb632da7508) [0x00007cb632da7600, 0x00007cb632da76e8] Compiler: jvmci, Barriers: 0, Oops: 0, ImmediateOops: 0, NonImmediateOops: No
[2,523s][debug][gc,nmethod     ] Register NMethod: jdk.internal.foreign.SegmentFactories$1.<init> (0x00007cb632da7808) [0x00007cb632da7920, 0x00007cb632da79b8] Compiler: jvmci, Barriers: 0, Oops: 0, ImmediateOops: 0, NonImmediateOops: No
[2,524s][debug][gc,nmethod     ] Register NMethod: io.sirix.node.NodeKind$1.serialize (0x00007cb613ead088) [0x00007cb613ead180, 0x00007cb613ee8148] Compiler: c1, Barriers: 235, Oops: 19, ImmediateOops: 124, NonImmediateOops: No
[2,525s][debug][gc,director    ] Rule Major: Warmup 10%, Used: 392MB, UsedThreshold: 1228MB
[2,528s][debug][gc,nmethod     ] Register NMethod: jdk.internal.misc.VM.isDirectMemoryPageAligned (0x00007cb632da7b08) [0x00007cb632da7c00, 0x00007cb632da7c68] Compiler: jvmci, Barriers: 0, Oops: 0, ImmediateOops: 0, NonImmediateOops: No
[2,528s][debug][gc,nmethod     ] Register NMethod: io.sirix.page.KeyValueLeafPage.getAvailableSpace (0x00007cb632da7e08) [0x00007cb632da7f00, 0x00007cb632da85c0] Compiler: jvmci, Barriers: 6, Oops: 3, ImmediateOops: 0, NonImmediateOops: No
[2,528s][debug][gc,nmethod     ] Register NMethod: io.sirix.node.xml.AttributeNode.getDeweyID (0x00007cb613ee8208) [0x00007cb613ee8300, 0x00007cb613ee8628] Compiler: c1, Barriers: 6, Oops: 1, ImmediateOops: 0, NonImmediateOops: No
[2,528s][debug][gc,nmethod     ] Register NMethod: io.sirix.node.SirixDeweyID.getDivisionBits (0x00007cb613ee8688) [0x00007cb613ee8780, 0x00007cb613ee8c00] Compiler: c1, Barriers: 1, Oops: 1, ImmediateOops: 17, NonImmediateOops: No
[2,529s][debug][gc,nmethod     ] Register NMethod: jdk.internal.foreign.HeapMemorySegmentImpl$OfByte.unsafeGetBase (0x00007cb613ee8c88) [0x00007cb613ee8d80, 0x00007cb613ee8f88] Compiler: c1, Barriers: 1, Oops: 0, ImmediateOops: 0, NonImmediateOops: No
[2,529s][debug][gc,nmethod     ] Register NMethod: jdk.internal.foreign.HeapMemorySegmentImpl$OfByte.unsafeGetBase (0x00007cb613ee9008) [0x00007cb613ee9100, 0x00007cb613ee9308] Compiler: c1, Barriers: 1, Oops: 0, ImmediateOops: 0, NonImmediateOops: No
[2,529s][debug][gc,nmethod     ] Register NMethod: jdk.internal.foreign.layout.ValueLayouts$AbstractValueLayout.<init> (0x00007cb613ee9388) [0x00007cb613ee9480, 0x00007cb613ee99e8] Compiler: c1, Barriers: 9, Oops: 0, ImmediateOops: 0, NonImmediateOops: No
[2,529s][debug][gc,nmethod     ] Register NMethod: io.sirix.node.GrowingMemorySegment.<init> (0x00007cb632da8608) [0x00007cb632da8700, 0x00007cb632da93e0] Compiler: jvmci, Barriers: 32, Oops: 2, ImmediateOops: 6, NonImmediateOops: No
[2,537s][debug][gc,nmethod     ] Register NMethod: io.sirix.node.MemorySegmentBytesOut.writeStopBit (0x00007cb632da9408) [0x00007cb632da9500, 0x00007cb632daa198] Compiler: jvmci, Barriers: 15, Oops: 2, ImmediateOops: 0, NonImmediateOops: No
[2,538s][debug][gc,nmethod     ] Register NMethod: java.lang.foreign.MemorySegment.copy (0x00007cb632daa208) [0x00007cb632daa300, 0x00007cb632dab3e0] Compiler: jvmci, Barriers: 18, Oops: 1, ImmediateOops: 0, NonImmediateOops: No
[2,538s][debug][gc,nmethod     ] Register NMethod: jdk.internal.foreign.SegmentFactories.allocateNativeSegment (0x00007cb632dab408) [0x00007cb632dab520, 0x00007cb632dac098] Compiler: jvmci, Barriers: 25, Oops: 1, ImmediateOops: 6, NonImmediateOops: No
[2,541s][debug][gc,director    ] Rule Major: Warmup 10%, Used: 394MB, UsedThreshold: 1228MB
[2,541s][debug][gc,nmethod     ] Register NMethod: io.sirix.node.MemorySegmentBytesOut.write (0x00007cb632dac108) [0x00007cb632dac200, 0x00007cb632dac7e8] Compiler: jvmci, Barriers: 7, Oops: 4, ImmediateOops: 1, NonImmediateOops: No
[2,542s][debug][gc,nmethod     ] Register NMethod: jdk.internal.foreign.MemorySessionImpl$ResourceList.cleanupSingle (0x00007cb613ee9a08) [0x00007cb613ee9b00, 0x00007cb613ee9c88] Compiler: c1, Barriers: 0, Oops: 0, ImmediateOops: 0, NonImmediateOops: No
[2,542s][debug][gc,nmethod     ] Register NMethod: java.lang.foreign.MemorySegment.ofArray (0x00007cb613ee9d08) [0x00007cb613ee9e00, 0x00007cb613ee9ef8] Compiler: c1, Barriers: 0, Oops: 0, ImmediateOops: 0, NonImmediateOops: No
[2,542s][debug][gc,nmethod     ] Register NMethod: jdk.internal.misc.Unsafe.freeMemory (0x00007cb613eea008) [0x00007cb613eea100, 0x00007cb613eea2a0] Compiler: c1, Barriers: 0, Oops: 0, ImmediateOops: 0, NonImmediateOops: No
[2,543s][debug][gc,nmethod     ] Register NMethod: java.lang.ref.SoftReference.get (0x00007cb632dac888) [0x00007cb632dac980, 0x00007cb632dacab8] Compiler: jvmci, Barriers: 2, Oops: 0, ImmediateOops: 1, NonImmediateOops: No
[2,544s][debug][gc,nmethod     ] Register NMethod: io.sirix.page.KeyValueLeafPage.setSlot (0x00007cb613eea308) [0x00007cb613eea400, 0x00007cb613eea588] Compiler: c1, Barriers: 2, Oops: 1, ImmediateOops: 0, NonImmediateOops: No
[2,545s][debug][gc,nmethod     ] Register NMethod: io.sirix.page.KeyValueLeafPage.setData (0x00007cb613eea608) [0x00007cb613eea700, 0x00007cb613f2fe80] Compiler: c1, Barriers: 182, Oops: 16, ImmediateOops: 164, NonImmediateOops: No
[2,545s][debug][gc,nmethod     ] Register NMethod: jdk.internal.misc.Unsafe.freeMemoryChecks (0x00007cb613f2ff08) [0x00007cb613f30000, 0x00007cb613f30108] Compiler: c1, Barriers: 0, Oops: 0, ImmediateOops: 0, NonImmediateOops: No
[2,546s][debug][gc,nmethod     ] Register NMethod: jdk.internal.foreign.SegmentFactories$1.cleanup (0x00007cb613f30208) [0x00007cb613f30300, 0x00007cb613f304c8] Compiler: c1, Barriers: 0, Oops: 1, ImmediateOops: 2, NonImmediateOops: No
[2,546s][debug][gc,nmethod     ] Register NMethod: jdk.internal.foreign.Utils.checkElementAlignment (0x00007cb632dacb88) [0x00007cb632dacc80, 0x00007cb632dacd60] Compiler: jvmci, Barriers: 0, Oops: 0, ImmediateOops: 0, NonImmediateOops: No
[2,546s][debug][gc,nmethod     ] Register NMethod: jdk.internal.foreign.AbstractMemorySegmentImpl$$Lambda/0x0000000026260bd0.apply (0x00007cb613f30508) [0x00007cb613f30600, 0x00007cb613f30748] Compiler: c1, Barriers: 0, Oops: 0, ImmediateOops: 0, NonImmediateOops: No
[2,546s][debug][gc,nmethod     ] Register NMethod: jdk.internal.foreign.AbstractMemorySegmentImpl.lambda$toArray$0 (0x00007cb613f30808) [0x00007cb613f30900, 0x00007cb613f30a60] Compiler: c1, Barriers: 0, Oops: 0, ImmediateOops: 0, NonImmediateOops: No
[2,546s][debug][gc,nmethod     ] Register NMethod: jdk.internal.foreign.layout.ValueLayouts$OfByteImpl.dup (0x00007cb613f30b08) [0x00007cb613f30c00, 0x00007cb613f30d18] Compiler: c1, Barriers: 0, Oops: 0, ImmediateOops: 0, NonImmediateOops: No
[2,546s][debug][gc,nmethod     ] Register NMethod: jdk.internal.foreign.layout.ValueLayouts$OfByteImpl.dup (0x00007cb613f30e08) [0x00007cb613f30f00, 0x00007cb613f31090] Compiler: c1, Barriers: 0, Oops: 0, ImmediateOops: 0, NonImmediateOops: No
[2,546s][debug][gc,nmethod     ] Register NMethod: jdk.internal.foreign.layout.ValueLayouts$AbstractValueLayout.withOrder (0x00007cb613f31108) [0x00007cb613f31200, 0x00007cb613f31420] Compiler: c1, Barriers: 1, Oops: 0, ImmediateOops: 0, NonImmediateOops: No
[2,547s][debug][gc,nmethod     ] Register NMethod: jdk.internal.foreign.AbstractMemorySegmentImpl$$Lambda/0x000000002625f620.apply (0x00007cb613f31488) [0x00007cb613f31580, 0x00007cb613f31700] Compiler: c1, Barriers: 0, Oops: 0, ImmediateOops: 0, NonImmediateOops: No
[2,547s][debug][gc,nmethod     ] Register NMethod: jdk.internal.foreign.HeapMemorySegmentImpl$OfByte.unsafeGetOffset (0x00007cb632dace88) [0x00007cb632dacf80, 0x00007cb632dad008] Compiler: jvmci, Barriers: 0, Oops: 0, ImmediateOops: 0, NonImmediateOops: No
[2,548s][debug][gc,nmethod     ] Register NMethod: jdk.internal.foreign.layout.ValueLayouts$OfByteImpl.withOrder (0x00007cb613f31788) [0x00007cb613f31880, 0x00007cb613f319e0] Compiler: c1, Barriers: 0, Oops: 0, ImmediateOops: 0, NonImmediateOops: No
[2,548s][debug][gc,nmethod     ] Register NMethod: io.sirix.page.KeyValueLeafPage.getDeweyId (0x00007cb632dad188) [0x00007cb632dad280, 0x00007cb632dadb40] Compiler: jvmci, Barriers: 12, Oops: 3, ImmediateOops: 0, NonImmediateOops: No
[2,548s][debug][gc,nmethod     ] Register NMethod: jdk.internal.foreign.AbstractMemorySegmentImpl.toArray (0x00007cb613f31a88) [0x00007cb613f31b80, 0x00007cb613f33740] Compiler: c1, Barriers: 14, Oops: 4, ImmediateOops: 21, NonImmediateOops: No
[2,548s][debug][gc,nmethod     ] Register NMethod: jdk.internal.foreign.AbstractMemorySegmentImpl.toArray (0x00007cb613f33788) [0x00007cb613f33880, 0x00007cb613f339f0] Compiler: c1, Barriers: 0, Oops: 0, ImmediateOops: 3, NonImmediateOops: No
[2,548s][debug][gc,nmethod     ] Register NMethod: jdk.internal.misc.ScopedMemoryAccess.getScopedMemoryAccess (0x00007cb632dadb88) [0x00007cb632dadc80, 0x00007cb632dadcf0] Compiler: jvmci, Barriers: 0, Oops: 0, ImmediateOops: 1, NonImmediateOops: No
[2,549s][debug][gc,nmethod     ] Register NMethod: jdk.internal.foreign.HeapMemorySegmentImpl$OfByte.<init> (0x00007cb632dade88) [0x00007cb632dadfa0, 0x00007cb632dae108] Compiler: jvmci, Barriers: 6, Oops: 0, ImmediateOops: 0, NonImmediateOops: No
[2,550s][debug][gc,nmethod     ] Register NMethod: java.lang.foreign.MemorySegment.copy (0x00007cb613f33a88) [0x00007cb613f33b80, 0x00007cb613f35708] Compiler: c1, Barriers: 14, Oops: 4, ImmediateOops: 20, NonImmediateOops: No
[2,550s][debug][gc,nmethod     ] Register NMethod: jdk.internal.foreign.HeapMemorySegmentImpl$OfByte.maxAlignMask (0x00007cb613f35788) [0x00007cb613f35880, 0x00007cb613f35980] Compiler: c1, Barriers: 0, Oops: 0, ImmediateOops: 0, NonImmediateOops: No
[2,550s][debug][gc,nmethod     ] Register NMethod: io.sirix.page.KeyValueLeafPage.setDeweyId (0x00007cb613f35a88) [0x00007cb613f35b80, 0x00007cb613f35dc8] Compiler: c1, Barriers: 5, Oops: 1, ImmediateOops: 0, NonImmediateOops: No
[2,550s][debug][gc,nmethod     ] Register NMethod: jdk.internal.misc.Unsafe.putShortUnaligned (0x00007cb613f35e08) [0x00007cb613f35f00, 0x00007cb613f36078] Compiler: c1, Barriers: 0, Oops: 0, ImmediateOops: 0, NonImmediateOops: No
[2,550s][debug][gc,nmethod     ] Register NMethod: jdk.internal.misc.Unsafe.putShortUnaligned (0x00007cb613f36108) [0x00007cb613f36200, 0x00007cb613f36338] Compiler: c1, Barriers: 0, Oops: 0, ImmediateOops: 0, NonImmediateOops: No
[2,550s][debug][gc,nmethod     ] Register NMethod: jdk.internal.misc.ScopedMemoryAccess.putShortUnalignedInternal (0x00007cb613f36408) [0x00007cb613f36500, 0x00007cb613f36738] Compiler: c1, Barriers: 2, Oops: 0, ImmediateOops: 3, NonImmediateOops: No
[2,550s][debug][gc,nmethod     ] Register NMethod: jdk.internal.foreign.SegmentFactories.fromArray (0x00007cb632dae188) [0x00007cb632dae280, 0x00007cb632dae500] Compiler: jvmci, Barriers: 7, Oops: 0, ImmediateOops: 0, NonImmediateOops: No
[2,550s][debug][gc,nmethod     ] Register NMethod: io.sirix.node.MemorySegmentBytesOut.writePosition (0x00007cb613f36788) [0x00007cb613f36880, 0x00007cb613f369b8] Compiler: c1, Barriers: 1, Oops: 1, ImmediateOops: 0, NonImmediateOops: No
[2,551s][debug][gc,nmethod     ] Register NMethod: io.sirix.node.NodeSerializerImpl.writeDeweyID (0x00007cb613f36a88) [0x00007cb613f36b80, 0x00007cb613f36ea0] Compiler: c1, Barriers: 3, Oops: 1, ImmediateOops: 0, NonImmediateOops: No
[2,551s][debug][gc,director    ] Rule Major: Warmup 10%, Used: 400MB, UsedThreshold: 1228MB
[2,551s][debug][gc,nmethod     ] Register NMethod: java.nio.Buffer.nextPutIndex (0x00007cb613f36f08) [0x00007cb613f37000, 0x00007cb613f37178] Compiler: c1, Barriers: 0, Oops: 0, ImmediateOops: 0, NonImmediateOops: No
[2,551s][debug][gc,nmethod     ] Register NMethod: java.nio.HeapByteBuffer.putLong (0x00007cb613f37208) [0x00007cb613f37300, 0x00007cb613f377d8] Compiler: c1, Barriers: 6, Oops: 1, ImmediateOops: 3, NonImmediateOops: No
[2,551s][debug][gc,nmethod     ] Register NMethod: io.sirix.node.NodeSerializerImpl.serialize (0x00007cb613f37808) [0x00007cb613f37900, 0x00007cb613f37b58] Compiler: c1, Barriers: 1, Oops: 1, ImmediateOops: 0, NonImmediateOops: No
[2,552s][debug][gc,nmethod     ] Register NMethod: io.sirix.node.xml.TextNode.getKind (0x00007cb613f37b88) [0x00007cb613f37c80, 0x00007cb613f37d88] Compiler: c1, Barriers: 0, Oops: 1, ImmediateOops: 1, NonImmediateOops: No
[2,553s][debug][gc,nmethod     ] Register NMethod: io.sirix.node.xml.TextNode.getPreviousRevisionNumber (0x00007cb613f37e88) [0x00007cb613f37f80, 0x00007cb613f38bc8] Compiler: c1, Barriers: 19, Oops: 5, ImmediateOops: 5, NonImmediateOops: No
[2,554s][debug][gc,nmethod     ] Register NMethod: io.sirix.node.xml.TextNode.getLastModifiedRevisionNumber (0x00007cb613f38c08) [0x00007cb613f38d00, 0x00007cb613f39948] Compiler: c1, Barriers: 19, Oops: 5, ImmediateOops: 5, NonImmediateOops: No
[2,554s][debug][gc,nmethod     ] Register NMethod: io.sirix.node.json.JsonNodeSerializer.writeEndPadding (0x00007cb632dae508) [0x00007cb632dae600, 0x00007cb632daf300] Compiler: jvmci, Barriers: 16, Oops: 2, ImmediateOops: 0, NonImmediateOops: No
[2,556s][debug][gc,nmethod     ] Register NMethod: java.nio.Buffer.nextPutIndex (0x00007cb613f39988) [0x00007cb613f39a80, 0x00007cb613f39bf8] Compiler: c1, Barriers: 0, Oops: 0, ImmediateOops: 0, NonImmediateOops: No
[2,556s][debug][gc,nmethod     ] Register NMethod: io.sirix.node.json.JsonNodeSerializer.writeSizePrefix (0x00007cb613f39c88) [0x00007cb613f39d80, 0x00007cb613f3a108] Compiler: c1, Barriers: 4, Oops: 1, ImmediateOops: 0, NonImmediateOops: No
[2,556s][debug][gc,nmethod     ] Register NMethod: jdk.internal.misc.ScopedMemoryAccess.copyMemory (0x00007cb632daf388) [0x00007cb632daf480, 0x00007cb632daf928] Compiler: jvmci, Barriers: 8, Oops: 1, ImmediateOops: 0, NonImmediateOops: No
[2,560s][debug][gc,nmethod     ] Register NMethod: jdk.internal.misc.ScopedMemoryAccess.putShortUnaligned (0x00007cb613f3a188) [0x00007cb613f3a280, 0x00007cb613f3a588] Compiler: c1, Barriers: 3, Oops: 0, ImmediateOops: 3, NonImmediateOops: No
[2,561s][debug][gc,nmethod     ] Register NMethod: io.sirix.node.xml.ElementNode.getPreviousRevisionNumber (0x00007cb613f3a608) [0x00007cb613f3a700, 0x00007cb613f3b348] Compiler: c1, Barriers: 19, Oops: 5, ImmediateOops: 5, NonImmediateOops: No
[2,561s][debug][gc,director    ] Rule Major: Warmup 10%, Used: 400MB, UsedThreshold: 1228MB
[2,566s][debug][gc,nmethod     ] Register NMethod: io.sirix.node.xml.ElementNode.getKind (0x00007cb613f3b388) [0x00007cb613f3b480, 0x00007cb613f3b588] Compiler: c1, Barriers: 0, Oops: 1, ImmediateOops: 1, NonImmediateOops: No
[2,566s][debug][gc,nmethod     ] Register NMethod: io.sirix.node.GrowingMemorySegment.grow (0x00007cb613f3b688) [0x00007cb613f3b780, 0x00007cb613f3df48] Compiler: c1, Barriers: 44, Oops: 3, ImmediateOops: 33, NonImmediateOops: No
[2,567s][debug][gc,nmethod     ] Register NMethod: io.sirix.node.xml.TextNode.isCompressed (0x00007cb632daf988) [0x00007cb632dafa80, 0x00007cb632dafb40] Compiler: c1, Barriers: 0, Oops: 1, ImmediateOops: 0, NonImmediateOops: No
[2,567s][debug][gc,nmethod     ] Register NMethod: io.sirix.node.xml.AttributeNode.getKind (0x00007cb613f3df88) [0x00007cb613f3e080, 0x00007cb613f3e3a0] Compiler: c1, Barriers: 0, Oops: 1, ImmediateOops: 1, NonImmediateOops: No
[2,569s][debug][gc,nmethod     ] Register NMethod: io.sirix.node.xml.ElementNode.getLastModifiedRevisionNumber (0x00007cb613f3e408) [0x00007cb613f3e500, 0x00007cb613f3f148] Compiler: c1, Barriers: 19, Oops: 5, ImmediateOops: 5, NonImmediateOops: No
[2,571s][debug][gc,director    ] Rule Major: Warmup 10%, Used: 400MB, UsedThreshold: 1228MB
[2,573s][debug][gc,nmethod     ] Register NMethod: io.sirix.node.xml.AttributeNode.getLastModifiedRevisionNumber (0x00007cb613f3f188) [0x00007cb613f3f280, 0x00007cb613f44270] Compiler: c1, Barriers: 19, Oops: 7, ImmediateOops: 11, NonImmediateOops: No
[2,574s][debug][gc,nmethod     ] Register NMethod: java.nio.HeapByteBuffer.put (0x00007cb613f44308) [0x00007cb613f44400, 0x00007cb613f445e8] Compiler: c1, Barriers: 1, Oops: 0, ImmediateOops: 0, NonImmediateOops: No
[2,574s][debug][gc,nmethod     ] Register NMethod: java.util.Arrays.sort (0x00007cb613f44608) [0x00007cb613f44700, 0x00007cb613f448b8] Compiler: c1, Barriers: 0, Oops: 0, ImmediateOops: 0, NonImmediateOops: No
[2,574s][debug][gc,nmethod     ] Register NMethod: java.util.stream.ReferencePipeline$StatefulOp.<init> (0x00007cb613f44908) [0x00007cb613f44a00, 0x00007cb613f44bb8] Compiler: c1, Barriers: 0, Oops: 0, ImmediateOops: 0, NonImmediateOops: No
[2,574s][debug][gc,nmethod     ] Register NMethod: java.util.stream.ReferencePipeline.sorted (0x00007cb613f44c08) [0x00007cb613f44d00, 0x00007cb613f44f08] Compiler: c1, Barriers: 0, Oops: 0, ImmediateOops: 0, NonImmediateOops: No
[2,574s][debug][gc,nmethod     ] Register NMethod: io.sirix.node.json.JsonNodeSerializer.updateSizePrefix (0x00007cb613f44f88) [0x00007cb613f45080, 0x00007cb613f45320] Compiler: c1, Barriers: 2, Oops: 1, ImmediateOops: 0, NonImmediateOops: No
[2,574s][debug][gc,nmethod     ] Register NMethod: io.sirix.node.xml.AttributeNode.getPathNodeKey (0x00007cb613f45388) [0x00007cb613f45480, 0x00007cb613f4a470] Compiler: c1, Barriers: 19, Oops: 7, ImmediateOops: 11, NonImmediateOops: No
[2,574s][debug][gc,nmethod     ] Register NMethod: jdk.internal.foreign.NativeMemorySegmentImpl.isNative (0x00007cb632dafc88) [0x00007cb632dafd80, 0x00007cb632dafe40] Compiler: c1, Barriers: 0, Oops: 0, ImmediateOops: 0, NonImmediateOops: No
[2,575s][debug][gc,nmethod     ] Register NMethod: java.util.stream.SortedOps$AbstractRefSortingSink.<init> (0x00007cb613f4a508) [0x00007cb613f4a600, 0x00007cb613f4a8e8] Compiler: c1, Barriers: 6, Oops: 0, ImmediateOops: 0, NonImmediateOops: No
[2,575s][debug][gc,nmethod     ] Register NMethod: java.lang.Class.reflectionData (0x00007cb632daff88) [0x00007cb632db0080, 0x00007cb632db0678] Compiler: jvmci, Barriers: 17, Oops: 0, ImmediateOops: 2, NonImmediateOops: No
[2,576s][debug][gc,nmethod     ] Register NMethod: jdk.internal.foreign.AbstractMemorySegmentImpl.copy (0x00007cb613f4a908) [0x00007cb613f4aa00, 0x00007cb613f4c2c0] Compiler: c1, Barriers: 14, Oops: 4, ImmediateOops: 20, NonImmediateOops: No
[2,576s][debug][gc,nmethod     ] Register NMethod: io.sirix.page.KeyValueLeafPage.updateFreeSpaceStart (0x00007cb632db0688) [0x00007cb632db0780, 0x00007cb632db0e78] Compiler: jvmci, Barriers: 6, Oops: 3, ImmediateOops: 0, NonImmediateOops: No
[2,578s][debug][gc,nmethod     ] Register NMethod: io.sirix.page.PageKind$1.serializePage (0x00007cb613f4c308) [0x00007cb613f4c400, 0x00007cb613f5a260] Compiler: c1, Barriers: 65, Oops: 7, ImmediateOops: 10, NonImmediateOops: No
[2,579s][debug][gc,nmethod     ] Register NMethod: io.sirix.page.KeyValueLeafPage.hasEnoughSpace (0x00007cb632db0f08) [0x00007cb632db1000, 0x00007cb632db1728] Compiler: jvmci, Barriers: 6, Oops: 3, ImmediateOops: 0, NonImmediateOops: No
[2,580s][debug][gc,nmethod     ] Register NMethod: jdk.internal.foreign.layout.ValueLayouts$OfByteImpl.<init> (0x00007cb632db1788) [0x00007cb632db1880, 0x00007cb632db1ad0] Compiler: jvmci, Barriers: 9, Oops: 1, ImmediateOops: 1, NonImmediateOops: No
[2,582s][debug][gc,nmethod     ] Register NMethod: java.lang.Class.getSimpleName (0x00007cb632db1b08) [0x00007cb632db1c00, 0x00007cb632db22d8] Compiler: jvmci, Barriers: 19, Oops: 0, ImmediateOops: 2, NonImmediateOops: No
[2,582s][debug][gc,director    ] Rule Major: Warmup 10%, Used: 400MB, UsedThreshold: 1228MB
[2,583s][debug][gc,nmethod     ] Register NMethod: io.sirix.node.SirixDeweyID.toBytes (0x00007cb632db2308) [0x00007cb632db2400, 0x00007cb632db3998] Compiler: jvmci, Barriers: 11, Oops: 1, ImmediateOops: 3, NonImmediateOops: No
[2,583s][debug][gc,nmethod     ] Register NMethod: jdk.internal.foreign.layout.MemoryLayoutUtil.requireByteSizeValid (0x00007cb632db3a08) [0x00007cb632db3b00, 0x00007cb632db3bb0] Compiler: jvmci, Barriers: 0, Oops: 0, ImmediateOops: 0, NonImmediateOops: No
[2,584s][debug][gc,nmethod     ] Register NMethod: jdk.internal.foreign.layout.AbstractLayout.requirePowerOfTwoAndGreaterOrEqualToOne (0x00007cb632db3d08) [0x00007cb632db3e00, 0x00007cb632db3eb8] Compiler: jvmci, Barriers: 0, Oops: 0, ImmediateOops: 0, NonImmediateOops: No
[2,584s][debug][gc,nmethod     ] Register NMethod: jdk.internal.foreign.layout.ValueLayouts$AbstractValueLayout.assertCarrierSize (0x00007cb632db4008) [0x00007cb632db4100, 0x00007cb632db4160] Compiler: jvmci, Barriers: 0, Oops: 0, ImmediateOops: 0, NonImmediateOops: No
[2,584s][debug][gc,nmethod     ] Register NMethod: jdk.internal.foreign.Utils.isPowerOfTwo (0x00007cb632db4308) [0x00007cb632db4400, 0x00007cb632db44a8] Compiler: jvmci, Barriers: 0, Oops: 0, ImmediateOops: 0, NonImmediateOops: No
[2,586s][debug][gc,nmethod     ] Register NMethod: java.util.stream.SortedOps$OfRef.opWrapSink (0x00007cb613f5a308) [0x00007cb613f5a400, 0x00007cb613f5aba8] Compiler: c1, Barriers: 14, Oops: 0, ImmediateOops: 2, NonImmediateOops: No
[2,587s][debug][gc,nmethod     ] Register NMethod: io.sirix.page.KeyValueLeafPage.findFreeSpaceForSlots (0x00007cb632db4608) [0x00007cb632db4700, 0x00007cb632db48d0] Compiler: jvmci, Barriers: 2, Oops: 1, ImmediateOops: 0, NonImmediateOops: No
[2,590s][debug][gc,nmethod     ] Register NMethod: jdk.internal.foreign.layout.ValueLayouts$AbstractValueLayout.<init> (0x00007cb632db4908) [0x00007cb632db4a00, 0x00007cb632db4c80] Compiler: jvmci, Barriers: 9, Oops: 0, ImmediateOops: 0, NonImmediateOops: No
[2,591s][debug][gc,nmethod     ] Register NMethod: jdk.internal.foreign.Utils.alignUp (0x00007cb632db4c88) [0x00007cb632db4d80, 0x00007cb632db4df0] Compiler: jvmci, Barriers: 0, Oops: 0, ImmediateOops: 0, NonImmediateOops: No
[2,592s][debug][gc,nmethod     ] Register NMethod: io.sirix.node.xml.ElementNode.getLeftSiblingKey (0x00007cb632db4f88) [0x00007cb632db5080, 0x00007cb632db5498] Compiler: jvmci, Barriers: 4, Oops: 3, ImmediateOops: 0, NonImmediateOops: No
[2,592s][debug][gc,director    ] Rule Major: Warmup 10%, Used: 400MB, UsedThreshold: 1228MB
[2,594s][debug][gc,nmethod     ] Register NMethod: java.lang.invoke.VarHandleGuards.guard_LI_I (0x00007cb632db5508) [0x00007cb632db5600, 0x00007cb632db5d38] Compiler: jvmci, Barriers: 23, Oops: 0, ImmediateOops: 5, NonImmediateOops: No
[2,595s][debug][gc,nmethod     ] Register NMethod: jdk.internal.foreign.AbstractMemorySegmentImpl.overlaps (0x00007cb632db5d88) [0x00007cb632db5e80, 0x00007cb632db6060] Compiler: jvmci, Barriers: 1, Oops: 0, ImmediateOops: 0, NonImmediateOops: No
[2,598s][debug][gc,nmethod     ] Register NMethod: sun.security.provider.SHA2.implCompress0 (0x00007cb632db6088) [0x00007cb632db6180, 0x00007cb632db6ee8] Compiler: jvmci, Barriers: 5, Oops: 0, ImmediateOops: 1, NonImmediateOops: No
[2,599s][debug][gc,nmethod     ] Register NMethod: jdk.internal.misc.Unsafe.convEndian (0x00007cb632db6f08) [0x00007cb632db7000, 0x00007cb632db7098] Compiler: jvmci, Barriers: 0, Oops: 0, ImmediateOops: 0, NonImmediateOops: No
[2,600s][debug][gc,nmethod     ] Register NMethod: net.jpountz.xxhash.XXHashJNI.XXH32_init (0x00007cb632db7208) [0x00007cb632db7300, 0x00007cb632db7468] Compiler: , Barriers: 0, Oops: 1, ImmediateOops: 1, NonImmediateOops: No
[2,602s][debug][gc,director    ] Rule Major: Warmup 10%, Used: 406MB, UsedThreshold: 1228MB
[2,603s][debug][gc,nmethod     ] Register NMethod: java.util.Spliterator.getExactSizeIfKnown (0x00007cb613f5ac08) [0x00007cb613f5ad00, 0x00007cb613f5b250] Compiler: c1, Barriers: 0, Oops: 0, ImmediateOops: 0, NonImmediateOops: No
[2,603s][debug][gc,nmethod     ] Register NMethod: io.sirix.node.MemorySegmentBytesOut.getDestination (0x00007cb632db7508) [0x00007cb632db7600, 0x00007cb632db79c0] Compiler: jvmci, Barriers: 7, Oops: 1, ImmediateOops: 0, NonImmediateOops: No
[2,603s][debug][gc,nmethod     ] Register NMethod: io.sirix.node.xml.ElementNode.getLastChildKey (0x00007cb632db7a08) [0x00007cb632db7b00, 0x00007cb632db7f18] Compiler: jvmci, Barriers: 4, Oops: 3, ImmediateOops: 0, NonImmediateOops: No
[2,603s][debug][gc,nmethod     ] Register NMethod: net.jpountz.lz4.LZ4BlockOutputStream.writeIntLE (0x00007cb613f5b288) [0x00007cb613f5b380, 0x00007cb613f5b508] Compiler: c1, Barriers: 0, Oops: 1, ImmediateOops: 0, NonImmediateOops: No
[2,603s][debug][gc,nmethod     ] Register NMethod: net.jpountz.util.SafeUtils.checkRange (0x00007cb613f5b588) [0x00007cb613f5b680, 0x00007cb613f5b880] Compiler: c1, Barriers: 0, Oops: 1, ImmediateOops: 0, NonImmediateOops: No
[2,604s][debug][gc,nmethod     ] Register NMethod: java.nio.Buffer.session (0x00007cb632db7f88) [0x00007cb632db8080, 0x00007cb632db81d8] Compiler: jvmci, Barriers: 2, Oops: 0, ImmediateOops: 0, NonImmediateOops: No
[2,606s][debug][gc,nmethod     ] Register NMethod: io.sirix.node.xml.ElementNode.getAttributeCount (0x00007cb632db8288) [0x00007cb632db8380, 0x00007cb632db8490] Compiler: jvmci, Barriers: 1, Oops: 1, ImmediateOops: 0, NonImmediateOops: No
[2,606s][debug][gc,nmethod     ] Register NMethod: sun.security.provider.SHA2.implCompress (0x00007cb632db8588) [0x00007cb632db8680, 0x00007cb632db87b8] Compiler: jvmci, Barriers: 1, Oops: 0, ImmediateOops: 0, NonImmediateOops: No
[2,610s][debug][gc,nmethod     ] Register NMethod: io.sirix.node.xml.TextNode.getRawValue (0x00007cb632db8888) [0x00007cb632db8980, 0x00007cb632db8a60] Compiler: jvmci, Barriers: 1, Oops: 1, ImmediateOops: 0, NonImmediateOops: No
[2,611s][debug][gc,nmethod     ] Register NMethod: io.sirix.node.NodeSerializerImpl.serializeDeweyID (0x00007cb632db8b88) [0x00007cb632db8c80, 0x00007cb632db9f60] Compiler: jvmci, Barriers: 13, Oops: 2, ImmediateOops: 0, NonImmediateOops: No
[2,612s][debug][gc,director    ] Rule Major: Warmup 10%, Used: 408MB, UsedThreshold: 1228MB
[2,617s][debug][gc,nmethod     ] Register NMethod: jdk.internal.foreign.ConfinedSession$ConfinedResourceList.add (0x00007cb632db9f88) [0x00007cb632dba080, 0x00007cb632dba338] Compiler: jvmci, Barriers: 11, Oops: 0, ImmediateOops: 1, NonImmediateOops: No
[2,622s][debug][gc,director    ] Rule Major: Warmup 10%, Used: 408MB, UsedThreshold: 1228MB
[2,630s][debug][gc,nmethod     ] Register NMethod: io.sirix.page.KeyValueLeafPage.getDeweyIdAsByteArray (0x00007cb632dba388) [0x00007cb632dba480, 0x00007cb632dbb588] Compiler: jvmci, Barriers: 30, Oops: 8, ImmediateOops: 3, NonImmediateOops: No
[2,632s][debug][gc,director    ] Rule Major: Warmup 10%, Used: 410MB, UsedThreshold: 1228MB
[2,636s][debug][gc,nmethod     ] Register NMethod: io.sirix.page.KeyValueLeafPage.getSlotAsByteArray (0x00007cb632dbb608) [0x00007cb632dbb700, 0x00007cb632dbc628] Compiler: jvmci, Barriers: 27, Oops: 8, ImmediateOops: 3, NonImmediateOops: No
[2,637s][debug][gc,nmethod     ] Register NMethod: io.sirix.node.MemorySegmentBytesOut.<init> (0x00007cb632dbc688) [0x00007cb632dbc780, 0x00007cb632dbd520] Compiler: jvmci, Barriers: 34, Oops: 3, ImmediateOops: 6, NonImmediateOops: No
[2,642s][debug][gc,nmethod     ] Register NMethod: jdk.internal.foreign.AbstractMemorySegmentImpl.set (0x00007cb632dbd588) [0x00007cb632dbd680, 0x00007cb632dbdd60] Compiler: jvmci, Barriers: 14, Oops: 1, ImmediateOops: 4, NonImmediateOops: No
[2,642s][debug][gc,nmethod     ] Register NMethod: jdk.internal.misc.ScopedMemoryAccess.putByte (0x00007cb632dbdd88) [0x00007cb632dbde80, 0x00007cb632dbe020] Compiler: jvmci, Barriers: 2, Oops: 0, ImmediateOops: 0, NonImmediateOops: No
[2,643s][debug][gc,director    ] Rule Major: Warmup 10%, Used: 412MB, UsedThreshold: 1228MB
[2,643s][debug][gc,nmethod     ] Register NMethod: io.sirix.node.xml.ElementNode.getPrefixKey (0x00007cb632dbe088) [0x00007cb632dbe180, 0x00007cb632dbe5a0] Compiler: jvmci, Barriers: 4, Oops: 3, ImmediateOops: 0, NonImmediateOops: No
[2,645s][debug][gc,nmethod     ] Register NMethod: io.sirix.node.NodeSerializerImpl.serializeDeweyID (0x00007cb613f5b908) [0x00007cb613f5ba00, 0x00007cb613f5c080] Compiler: c1, Barriers: 2, Oops: 1, ImmediateOops: 0, NonImmediateOops: No
[2,646s][debug][gc,nmethod     ] Register NMethod: net.jpountz.xxhash.StreamingXXHash32JNI.checkState (0x00007cb613f5c108) [0x00007cb613f5c200, 0x00007cb613f5c410] Compiler: c1, Barriers: 0, Oops: 1, ImmediateOops: 1, NonImmediateOops: No
[2,649s][debug][gc,nmethod     ] Register NMethod: io.sirix.node.NodeSerializerImpl.serializeDeweyID (0x00007cb613f5c488) [0x00007cb613f5c580, 0x00007cb613f5cb40] Compiler: c1, Barriers: 2, Oops: 1, ImmediateOops: 0, NonImmediateOops: No
[2,651s][debug][gc,nmethod     ] Register NMethod: io.sirix.node.xml.ElementNode.getLocalNameKey (0x00007cb632dbe608) [0x00007cb632dbe700, 0x00007cb632dbeb20] Compiler: jvmci, Barriers: 4, Oops: 3, ImmediateOops: 0, NonImmediateOops: No
[2,651s][debug][gc,nmethod     ] Register NMethod: io.sirix.page.PageKind$1.serializePage (0x00007cb613f5cb88) [0x00007cb613f5cc80, 0x00007cb613f6a5d0] Compiler: c1, Barriers: 65, Oops: 7, ImmediateOops: 10, NonImmediateOops: No
[2,652s][debug][gc,nmethod     ] Register NMethod: java.lang.Math.min (0x00007cb632dbeb88) [0x00007cb632dbec80, 0x00007cb632dbecf0] Compiler: jvmci, Barriers: 0, Oops: 0, ImmediateOops: 0, NonImmediateOops: No
[2,653s][debug][gc,director    ] Rule Major: Warmup 10%, Used: 414MB, UsedThreshold: 1228MB
[2,654s][debug][gc,nmethod     ] Register NMethod: net.jpountz.util.SafeUtils.checkRange (0x00007cb613f6a688) [0x00007cb613f6a780, 0x00007cb613f6acb8] Compiler: c1, Barriers: 0, Oops: 1, ImmediateOops: 1, NonImmediateOops: No
[2,654s][debug][gc,nmethod     ] Register NMethod: java.util.concurrent.ForkJoinTask.noUserHelp (0x00007cb613f6ad08) [0x00007cb613f6ae00, 0x00007cb613f6af10] Compiler: c1, Barriers: 0, Oops: 0, ImmediateOops: 0, NonImmediateOops: No
[2,654s][debug][gc,nmethod     ] Register NMethod: java.util.concurrent.ForkJoinTask.doExec (0x00007cb613f6b008) [0x00007cb613f6b100, 0x00007cb613f6bbc0] Compiler: c1, Barriers: 0, Oops: 0, ImmediateOops: 0, NonImmediateOops: No
[2,656s][debug][gc,nmethod     ] Register NMethod: io.sirix.node.xml.ElementNode.getURIKey (0x00007cb632dbee88) [0x00007cb632dbef80, 0x00007cb632dbf3a0] Compiler: jvmci, Barriers: 4, Oops: 3, ImmediateOops: 0, NonImmediateOops: No
[2,656s][debug][gc,alloc       ] Mutator Allocation Rate: 294,3MB/s Predicted: 362,5MB/s, Avg: 285,7(+/-56,7)MB/s
[2,656s][debug][gc,director    ] Rule Major: Warmup 10%, Used: 416MB, UsedThreshold: 1228MB
[2,656s][debug][gc,nmethod     ] Register NMethod: io.sirix.node.MemorySegmentBytesOut.position (0x00007cb632dbf408) [0x00007cb632dbf500, 0x00007cb632dbf5e0] Compiler: jvmci, Barriers: 1, Oops: 1, ImmediateOops: 0, NonImmediateOops: No
[2,657s][debug][gc,nmethod     ] Register NMethod: java.util.stream.StreamOpFlag.isKnown (0x00007cb632dbf708) [0x00007cb632dbf800, 0x00007cb632dbf898] Compiler: jvmci, Barriers: 0, Oops: 0, ImmediateOops: 0, NonImmediateOops: No
[2,658s][debug][gc,nmethod     ] Register NMethod: jdk.internal.foreign.SegmentBulkOperations.copy (0x00007cb632dbfa08) [0x00007cb632dbfb00, 0x00007cb632dc10c8] Compiler: jvmci, Barriers: 30, Oops: 1, ImmediateOops: 0, NonImmediateOops: No
[2,661s][debug][gc,nmethod     ] Register NMethod: java.util.BitSet.toByteArray (0x00007cb613f6bc08) [0x00007cb613f6bd00, 0x00007cb613f6c980] Compiler: c1, Barriers: 3, Oops: 0, ImmediateOops: 1, NonImmediateOops: No
[2,662s][debug][gc,nmethod     ] Register NMethod: java.util.stream.AbstractPipeline.wrapAndCopyInto (0x00007cb613f6c988) [0x00007cb613f6ca80, 0x00007cb613f6d2f0] Compiler: c1, Barriers: 0, Oops: 0, ImmediateOops: 0, NonImmediateOops: No
[2,666s][debug][gc,director    ] Rule Major: Warmup 10%, Used: 422MB, UsedThreshold: 1228MB
[2,668s][debug][gc,nmethod     ] Register NMethod: io.sirix.node.SirixDeweyID.setDivisionBitArray (0x00007cb632dc1108) [0x00007cb632dc1200, 0x00007cb632dc1548] Compiler: jvmci, Barriers: 0, Oops: 1, ImmediateOops: 0, NonImmediateOops: No
[2,672s][debug][gc,nmethod     ] Register NMethod: io.sirix.node.SirixDeweyID.toBytes (0x00007cb632dc1588) [0x00007cb632dc1680, 0x00007cb632dc2988] Compiler: jvmci, Barriers: 10, Oops: 1, ImmediateOops: 3, NonImmediateOops: No
[2,673s][debug][gc,nmethod     ] Register NMethod: jdk.internal.foreign.HeapMemorySegmentImpl$OfByte.unsafeGetBase (0x00007cb632dc2a08) [0x00007cb632dc2b00, 0x00007cb632dc2c08] Compiler: jvmci, Barriers: 1, Oops: 0, ImmediateOops: 0, NonImmediateOops: No
[2,674s][debug][gc,nmethod     ] Register NMethod: io.sirix.page.KeyValueLeafPage.updateLastSlotIndex (0x00007cb632dc2d08) [0x00007cb632dc2e00, 0x00007cb632dc3018] Compiler: jvmci, Barriers: 2, Oops: 1, ImmediateOops: 0, NonImmediateOops: No
[2,675s][debug][gc,nmethod     ] Register NMethod: io.sirix.node.SirixDeweyID.getDivisionBits (0x00007cb632dc3088) [0x00007cb632dc3180, 0x00007cb632dc3300] Compiler: jvmci, Barriers: 1, Oops: 1, ImmediateOops: 2, NonImmediateOops: No
[2,675s][debug][gc,nmethod     ] Register NMethod: jdk.internal.foreign.MemorySessionImpl$ResourceList.cleanup (0x00007cb613f6d308) [0x00007cb613f6d400, 0x00007cb613f6db98] Compiler: c1, Barriers: 1, Oops: 0, ImmediateOops: 0, NonImmediateOops: No
[2,675s][debug][gc,nmethod     ] Register NMethod: jdk.internal.foreign.MemorySessionImpl$ResourceList.cleanupSingle (0x00007cb632dc3388) [0x00007cb632dc3480, 0x00007cb632dc35d8] Compiler: jvmci, Barriers: 0, Oops: 0, ImmediateOops: 1, NonImmediateOops: No
[2,676s][debug][gc,director    ] Rule Major: Warmup 10%, Used: 422MB, UsedThreshold: 1228MB
[2,680s][debug][gc,nmethod     ] Register NMethod: io.sirix.page.KeyValueLeafPage.setData (0x00007cb632dc3688) [0x00007cb632dc3780, 0x00007cb632dc62e0] Compiler: jvmci, Barriers: 43, Oops: 4, ImmediateOops: 0, NonImmediateOops: No
[2,681s][debug][gc,nmethod     ] Register NMethod: jdk.internal.misc.Unsafe.park (0x00007cb632dc6308) [0x00007cb632dc6400, 0x00007cb632dc6548] Compiler: , Barriers: 0, Oops: 0, ImmediateOops: 0, NonImmediateOops: No
[2,681s][debug][gc,nmethod     ] Register NMethod: jdk.internal.foreign.MemorySessionImpl$ResourceList.cleanup (0x00007cb613f6dc08) [0x00007cb613f6dd00, 0x00007cb613f6e430] Compiler: c1, Barriers: 1, Oops: 0, ImmediateOops: 0, NonImmediateOops: No
[2,683s][debug][gc,nmethod     ] Register NMethod: jdk.internal.foreign.SegmentFactories$1.cleanup (0x00007cb632dc6608) [0x00007cb632dc6700, 0x00007cb632dc6820] Compiler: jvmci, Barriers: 0, Oops: 0, ImmediateOops: 1, NonImmediateOops: No
[2,685s][debug][gc,nmethod     ] Register NMethod: io.sirix.node.NodeSerializerImpl.serializeDeweyID (0x00007cb632dc6908) [0x00007cb632dc6a00, 0x00007cb632dc7d80] Compiler: jvmci, Barriers: 13, Oops: 2, ImmediateOops: 0, NonImmediateOops: No
[2,685s][debug][gc,nmethod     ] Register NMethod: sun.security.provider.DigestBase.engineGetDigestLength (0x00007cb632dc7e08) [0x00007cb632dc7f00, 0x00007cb632dc7fc0] Compiler: c1, Barriers: 0, Oops: 0, ImmediateOops: 0, NonImmediateOops: No
[2,685s][debug][gc,nmethod     ] Register NMethod: net.jpountz.xxhash.XXHashJNI.XXH32_update (0x00007cb632dc8108) [0x00007cb632dc8200, 0x00007cb632dc8370] Compiler: , Barriers: 0, Oops: 1, ImmediateOops: 1, NonImmediateOops: No
[2,686s][debug][gc,nmethod     ] Register NMethod: net.jpountz.xxhash.XXHashJNI.XXH32_digest (0x00007cb632dc8408) [0x00007cb632dc8500, 0x00007cb632dc8668] Compiler: , Barriers: 0, Oops: 1, ImmediateOops: 1, NonImmediateOops: No
[2,686s][debug][gc,nmethod     ] Register NMethod: net.jpountz.xxhash.XXHashJNI.XXH32_free (0x00007cb632dc8708) [0x00007cb632dc8800, 0x00007cb632dc8958] Compiler: , Barriers: 0, Oops: 1, ImmediateOops: 1, NonImmediateOops: No
[2,686s][debug][gc,nmethod     ] Register NMethod: jdk.internal.foreign.AbstractMemorySegmentImpl$$Lambda/0x0000000026260bd0.apply (0x00007cb632dc8a08) [0x00007cb632dc8b00, 0x00007cb632dc8df8] Compiler: jvmci, Barriers: 7, Oops: 0, ImmediateOops: 0, NonImmediateOops: No
[2,686s][debug][gc,director    ] Rule Major: Warmup 10%, Used: 436MB, UsedThreshold: 1228MB
[2,687s][debug][gc,nmethod     ] Register NMethod: jdk.internal.misc.Unsafe.putReferenceOpaque (0x00007cb613f6e488) [0x00007cb613f6e580, 0x00007cb613f6e6f8] Compiler: c1, Barriers: 3, Oops: 0, ImmediateOops: 0, NonImmediateOops: No
[2,687s][debug][gc,nmethod     ] Register NMethod: java.util.concurrent.ForkJoinPool.deactivate (0x00007cb613f6e788) [0x00007cb613f6e880, 0x00007cb613f6f328] Compiler: c1, Barriers: 4, Oops: 0, ImmediateOops: 0, NonImmediateOops: No
[2,687s][debug][gc,nmethod     ] Register NMethod: java.util.concurrent.locks.LockSupport.setCurrentBlocker (0x00007cb613f6f388) [0x00007cb613f6f480, 0x00007cb613f6f7b8] Compiler: c1, Barriers: 1, Oops: 0, ImmediateOops: 1, NonImmediateOops: No
[2,688s][debug][gc,nmethod     ] Register NMethod: jdk.internal.foreign.layout.ValueLayouts$OfByteImpl.dup (0x00007cb632dc8e08) [0x00007cb632dc8f00, 0x00007cb632dc90f8] Compiler: jvmci, Barriers: 6, Oops: 0, ImmediateOops: 1, NonImmediateOops: No
[2,689s][debug][gc,nmethod     ] Register NMethod: java.lang.invoke.VarHandleGuards.guard_LJI_V (0x00007cb632dc9108) [0x00007cb632dc9200, 0x00007cb632dc9958] Compiler: jvmci, Barriers: 23, Oops: 0, ImmediateOops: 5, NonImmediateOops: No
[2,690s][debug][gc,nmethod     ] Register NMethod: java.util.concurrent.ConcurrentHashMap.sumCount (0x00007cb613f6f808) [0x00007cb613f6f900, 0x00007cb613f6fb90] Compiler: c1, Barriers: 2, Oops: 0, ImmediateOops: 0, NonImmediateOops: No
[2,690s][debug][gc,nmethod     ] Register NMethod: jdk.internal.foreign.layout.ValueLayouts$OfByteImpl.dup (0x00007cb632dc9988) [0x00007cb632dc9a80, 0x00007cb632dc9c78] Compiler: jvmci, Barriers: 6, Oops: 0, ImmediateOops: 1, NonImmediateOops: No
[2,690s][debug][gc,nmethod     ] Register NMethod: sun.security.provider.DigestBase.implCompressMultiBlock0 (0x00007cb613f6fc08) [0x00007cb613f6fd00, 0x00007cb613f70168] Compiler: c1, Barriers: 0, Oops: 0, ImmediateOops: 0, NonImmediateOops: No
[2,690s][debug][gc,nmethod     ] Register NMethod: java.util.concurrent.ConcurrentHashMap$EntrySpliterator.characteristics (0x00007cb632dc9c88) [0x00007cb632dc9d80, 0x00007cb632dc9e40] Compiler: c1, Barriers: 0, Oops: 0, ImmediateOops: 0, NonImmediateOops: No
[2,690s][debug][gc,nmethod     ] Register NMethod: sun.security.provider.DigestBase.implCompressMultiBlock0 (0x00007cb613f70188) [0x00007cb613f70280, 0x00007cb613f70650] Compiler: c1, Barriers: 0, Oops: 0, ImmediateOops: 0, NonImmediateOops: No
[2,692s][debug][gc,nmethod     ] Register NMethod: jdk.internal.foreign.AbstractMemorySegmentImpl$$Lambda/0x000000002625f620.apply (0x00007cb632dc9f88) [0x00007cb632dca080, 0x00007cb632dca280] Compiler: jvmci, Barriers: 0, Oops: 0, ImmediateOops: 0, NonImmediateOops: No
[2,692s][debug][gc,nmethod     ] Register NMethod: jdk.internal.foreign.GlobalSession.release0 (0x00007cb613f70688) [0x00007cb613f70780, 0x00007cb613f70880] Compiler: c1, Barriers: 0, Oops: 0, ImmediateOops: 0, NonImmediateOops: No
[2,692s][debug][gc,nmethod     ] Register NMethod: jdk.internal.foreign.GlobalSession.acquire0 (0x00007cb613f70988) [0x00007cb613f70a80, 0x00007cb613f70b80] Compiler: c1, Barriers: 0, Oops: 0, ImmediateOops: 0, NonImmediateOops: No
[2,692s][debug][gc,nmethod     ] Register NMethod: java.util.concurrent.ConcurrentHashMap$Traverser.<init> (0x00007cb613f70c88) [0x00007cb613f70d80, 0x00007cb613f70fe0] Compiler: c1, Barriers: 6, Oops: 0, ImmediateOops: 0, NonImmediateOops: No
[2,693s][debug][gc,nmethod     ] Register NMethod: java.lang.invoke.MethodHandle.maybeCustomize (0x00007cb61376df88) [0x00007cb61376e080, 0x00007cb61376e718] Compiler: c1, Barriers: 2, Oops: 0, ImmediateOops: 0, NonImmediateOops: No
[2,693s][debug][gc,nmethod     ] Register NMethod: jdk.internal.foreign.abi.SharedUtils.checkNative (0x00007cb613f71008) [0x00007cb613f71100, 0x00007cb613f724a0] Compiler: c1, Barriers: 0, Oops: 1, ImmediateOops: 3, NonImmediateOops: No
[2,694s][debug][gc,nmethod     ] Register NMethod: jdk.internal.foreign.layout.ValueLayouts$AbstractValueLayout.withOrder (0x00007cb632dca288) [0x00007cb632dca380, 0x00007cb632dca5f0] Compiler: jvmci, Barriers: 7, Oops: 0, ImmediateOops: 1, NonImmediateOops: No
[2,694s][debug][gc,nmethod     ] Register NMethod: jdk.internal.foreign.layout.ValueLayouts$OfByteImpl.withOrder (0x00007cb632dca608) [0x00007cb632dca700, 0x00007cb632dca950] Compiler: jvmci, Barriers: 7, Oops: 0, ImmediateOops: 1, NonImmediateOops: No
[2,696s][debug][gc,nmethod     ] Register NMethod: sun.nio.ch.NativeThread.current0 (0x00007cb632dca988) [0x00007cb632dcaa80, 0x00007cb632dcabd8] Compiler: , Barriers: 0, Oops: 0, ImmediateOops: 1, NonImmediateOops: No
[2,696s][debug][gc,nmethod     ] Register NMethod: java.nio.channels.spi.AbstractInterruptibleChannel.isOpen (0x00007cb613f72508) [0x00007cb613f72600, 0x00007cb613f72750] Compiler: c1, Barriers: 0, Oops: 0, ImmediateOops: 0, NonImmediateOops: No
[2,696s][debug][gc,nmethod     ] Register NMethod: java.util.concurrent.atomic.AtomicInteger.incrementAndGet (0x00007cb613f72808) [0x00007cb613f72900, 0x00007cb613f72a10] Compiler: c1, Barriers: 0, Oops: 0, ImmediateOops: 0, NonImmediateOops: No
[2,696s][debug][gc,nmethod     ] Register NMethod: java.lang.Thread.blockedOn (0x00007cb613f72b08) [0x00007cb613f72c00, 0x00007cb613f72f38] Compiler: c1, Barriers: 4, Oops: 0, ImmediateOops: 0, NonImmediateOops: No
[2,696s][debug][gc,nmethod     ] Register NMethod: java.nio.channels.spi.AbstractInterruptibleChannel.blockedOn (0x00007cb613f72f88) [0x00007cb613f73080, 0x00007cb613f73740] Compiler: c1, Barriers: 6, Oops: 0, ImmediateOops: 1, NonImmediateOops: No
[2,696s][debug][gc,nmethod     ] Register NMethod: java.lang.System$1.blockedOn (0x00007cb613f73788) [0x00007cb613f73880, 0x00007cb613f73e20] Compiler: c1, Barriers: 5, Oops: 0, ImmediateOops: 0, NonImmediateOops: No
[2,696s][debug][gc,director    ] Rule Major: Warmup 10%, Used: 448MB, UsedThreshold: 1228MB
[2,697s][debug][gc,nmethod     ] Register NMethod: java.util.concurrent.ConcurrentHashMap.remove (0x00007cb613f73e88) [0x00007cb613f73f80, 0x00007cb613f74290] Compiler: c1, Barriers: 0, Oops: 0, ImmediateOops: 0, NonImmediateOops: No
[2,697s][debug][gc,nmethod     ] Register NMethod: jdk.internal.foreign.abi.SharedUtils$1.close (0x00007cb613f74308) [0x00007cb613f74400, 0x00007cb613f74500] Compiler: c1, Barriers: 0, Oops: 0, ImmediateOops: 0, NonImmediateOops: No
[2,697s][debug][gc,nmethod     ] Register NMethod: java.lang.invoke.NativeMethodHandle.internalNativeEntryPoint (0x00007cb613f74608) [0x00007cb613f74700, 0x00007cb613f74a20] Compiler: c1, Barriers: 1, Oops: 0, ImmediateOops: 0, NonImmediateOops: No
[2,697s][debug][gc,nmethod     ] Register NMethod: jdk.internal.foreign.AbstractMemorySegmentImpl.equals (0x00007cb613f74a88) [0x00007cb613f74b80, 0x00007cb613f75958] Compiler: c1, Barriers: 0, Oops: 0, ImmediateOops: 0, NonImmediateOops: No
[2,697s][debug][gc,nmethod     ] Register NMethod: java.util.concurrent.ConcurrentHashMap.replaceNode (0x00007cb613f75988) [0x00007cb613f75a80, 0x00007cb613f77e08] Compiler: c1, Barriers: 18, Oops: 0, ImmediateOops: 1, NonImmediateOops: No
[2,697s][debug][gc,nmethod     ] Register NMethod: java.lang.Long.equals (0x00007cb613f77e88) [0x00007cb613f77f80, 0x00007cb613f78710] Compiler: c1, Barriers: 0, Oops: 0, ImmediateOops: 0, NonImmediateOops: No
[2,697s][debug][gc,nmethod     ] Register NMethod: java.util.concurrent.ConcurrentHashMap$KeySetView.remove (0x00007cb613f78788) [0x00007cb613f78880, 0x00007cb613f78c90] Compiler: c1, Barriers: 1, Oops: 0, ImmediateOops: 0, NonImmediateOops: No
[2,697s][debug][gc,nmethod     ] Register NMethod: java.lang.invoke.LambdaForm$DMH/0x00000000261a0800.invokeStatic (0x00007cb613f78d08) [0x00007cb613f78e00, 0x00007cb613f791c8] Compiler: c1, Barriers: 1, Oops: 1, ImmediateOops: 0, NonImmediateOops: No
[2,698s][debug][gc,nmethod     ] Register NMethod: jdk.internal.foreign.abi.SharedUtils.checkSymbol (0x00007cb613f79208) [0x00007cb613f79300, 0x00007cb613f7a820] Compiler: c1, Barriers: 0, Oops: 1, ImmediateOops: 4, NonImmediateOops: No
[2,698s][debug][gc,nmethod     ] Register NMethod: java.lang.invoke.LambdaForm$MH/0x00000000262a0c00.invokeExact_MT (0x00007cb613f7a888) [0x00007cb613f7a980, 0x00007cb613f7b508] Compiler: c1, Barriers: 3, Oops: 1, ImmediateOops: 0, NonImmediateOops: No
[2,698s][debug][gc,nmethod     ] Register NMethod: java.lang.invoke.LambdaForm$DMH/0x0000000026207000.invokeStatic (0x00007cb613f7b588) [0x00007cb613f7b680, 0x00007cb613f7ba50] Compiler: c1, Barriers: 1, Oops: 1, ImmediateOops: 0, NonImmediateOops: No
[2,698s][debug][gc,nmethod     ] Register NMethod: java.lang.invoke.LambdaForm$MH/0x00000000262a1400.invokeExact_MT (0x00007cb613f7ba88) [0x00007cb613f7bb80, 0x00007cb613f7c720] Compiler: c1, Barriers: 3, Oops: 1, ImmediateOops: 0, NonImmediateOops: No
[2,698s][debug][gc,nmethod     ] Register NMethod: jdk.internal.foreign.AbstractMemorySegmentImpl.toArray (0x00007cb632dcac88) [0x00007cb632dcad80, 0x00007cb632dcbb08] Compiler: jvmci, Barriers: 22, Oops: 5, ImmediateOops: 2, NonImmediateOops: No
[2,698s][debug][gc,nmethod     ] Register NMethod: jdk.internal.foreign.abi.DowncallStub/0x0000000026206c00.invoke (0x00007cb613f7c788) [0x00007cb613f7c880, 0x00007cb613f7eef0] Compiler: c1, Barriers: 2, Oops: 6, ImmediateOops: 4, NonImmediateOops: No
[2,698s][debug][gc,nmethod     ] Register NMethod: io.sirix.page.PageReference.getPageFragments (0x00007cb632dcbb88) [0x00007cb632dcbc80, 0x00007cb632dcbd68] Compiler: c1, Barriers: 1, Oops: 1, ImmediateOops: 0, NonImmediateOops: No
[2,698s][debug][gc,nmethod     ] Register NMethod: io.sirix.page.PageReference.getHash (0x00007cb632dcbe88) [0x00007cb632dcbf80, 0x00007cb632dcc068] Compiler: c1, Barriers: 1, Oops: 1, ImmediateOops: 0, NonImmediateOops: No
[2,699s][debug][gc,nmethod     ] Register NMethod: net.jpountz.lz4.LZ4JNI.LZ4_compress_limitedOutput (0x00007cb632dcc188) [0x00007cb632dcc280, 0x00007cb632dcc450] Compiler: , Barriers: 0, Oops: 1, ImmediateOops: 1, NonImmediateOops: No
[2,700s][debug][gc,nmethod     ] Register NMethod: java.io.OutputStream.flush (0x00007cb613f7ef88) [0x00007cb613f7f080, 0x00007cb613f7f180] Compiler: c1, Barriers: 0, Oops: 0, ImmediateOops: 0, NonImmediateOops: No
[2,701s][debug][gc,nmethod     ] Register NMethod: io.sirix.cache.LinuxMemorySegmentAllocator.release (0x00007cb613f7f288) [0x00007cb613f7f380, 0x00007cb613f8b780] Compiler: c1, Barriers: 95, Oops: 27, ImmediateOops: 37, NonImmediateOops: No
[2,701s][debug][gc,nmethod     ] Register NMethod: io.sirix.page.KeyValueLeafPage.setSlot (0x00007cb632dcc488) [0x00007cb632dcc580, 0x00007cb632dcc680] Compiler: jvmci, Barriers: 2, Oops: 1, ImmediateOops: 0, NonImmediateOops: No
[2,705s][debug][gc,nmethod     ] Register NMethod: jdk.internal.foreign.HeapMemorySegmentImpl$OfByte.maxAlignMask (0x00007cb632dcc788) [0x00007cb632dcc880, 0x00007cb632dcc908] Compiler: jvmci, Barriers: 0, Oops: 0, ImmediateOops: 0, NonImmediateOops: No
[2,706s][debug][gc,nmethod     ] Register NMethod: io.sirix.node.NodeSerializerImpl.serialize (0x00007cb632dcca88) [0x00007cb632dccb80, 0x00007cb632dcd370] Compiler: jvmci, Barriers: 6, Oops: 2, ImmediateOops: 2, NonImmediateOops: No
[2,707s][debug][gc,director    ] Rule Major: Warmup 10%, Used: 450MB, UsedThreshold: 1228MB
[2,707s][debug][gc,nmethod     ] Register NMethod: jdk.internal.foreign.AbstractMemorySegmentImpl.toArray (0x00007cb632dcd388) [0x00007cb632dcd480, 0x00007cb632dcdfe8] Compiler: jvmci, Barriers: 23, Oops: 3, ImmediateOops: 3, NonImmediateOops: No
[2,707s][debug][gc,nmethod     ] Register NMethod: java.lang.foreign.MemorySegment.ofArray (0x00007cb632dce008) [0x00007cb632dce100, 0x00007cb632dce380] Compiler: jvmci, Barriers: 7, Oops: 0, ImmediateOops: 0, NonImmediateOops: No
[2,707s][debug][gc,nmethod     ] Register NMethod: io.sirix.page.KeyValueLeafPage.setDeweyId (0x00007cb632dce388) [0x00007cb632dce480, 0x00007cb632dce7f0] Compiler: jvmci, Barriers: 9, Oops: 1, ImmediateOops: 0, NonImmediateOops: No
[2,708s][debug][gc,nmethod     ] Register NMethod: jdk.internal.misc.Unsafe.putShortUnaligned (0x00007cb632dce808) [0x00007cb632dce900, 0x00007cb632dce9c0] Compiler: jvmci, Barriers: 0, Oops: 0, ImmediateOops: 0, NonImmediateOops: No
[2,708s][debug][gc,nmethod     ] Register NMethod: io.sirix.node.xml.TextNode.getKind (0x00007cb632dceb08) [0x00007cb632dcec00, 0x00007cb632dcec90] Compiler: jvmci, Barriers: 0, Oops: 1, ImmediateOops: 1, NonImmediateOops: No
[2,712s][debug][gc,nmethod     ] Register NMethod: com.github.benmanes.caffeine.cache.BoundedLocalCache.expiresAfterAccess (0x00007cb632dcee08) [0x00007cb632dcef00, 0x00007cb632dcefc0] Compiler: c1, Barriers: 0, Oops: 1, ImmediateOops: 0, NonImmediateOops: No
[2,713s][debug][gc,nmethod     ] Register NMethod: sun.nio.fs.UnixPath.getByteArrayForSysCalls (0x00007cb613f8b888) [0x00007cb613f8b980, 0x00007cb613f8c178] Compiler: c1, Barriers: 4, Oops: 0, ImmediateOops: 0, NonImmediateOops: No
[2,715s][debug][gc,nmethod     ] Register NMethod: io.sirix.node.json.JsonNodeSerializer.updateSizePrefix (0x00007cb632dcf108) [0x00007cb632dcf200, 0x00007cb632dcf9e0] Compiler: jvmci, Barriers: 10, Oops: 3, ImmediateOops: 0, NonImmediateOops: No
[2,715s][debug][gc,nmethod     ] Register NMethod: io.sirix.node.xml.ElementNode.getKind (0x00007cb632dcfa08) [0x00007cb632dcfb00, 0x00007cb632dcfb90] Compiler: jvmci, Barriers: 0, Oops: 1, ImmediateOops: 1, NonImmediateOops: No
[2,715s][debug][gc,nmethod     ] Register NMethod: java.lang.String.getBytes (0x00007cb613f8c188) [0x00007cb613f8c280, 0x00007cb613f8c788] Compiler: c1, Barriers: 2, Oops: 0, ImmediateOops: 0, NonImmediateOops: No
[2,716s][debug][gc,nmethod     ] Register NMethod: java.lang.StringBuilder.append (0x00007cb613f8c808) [0x00007cb613f8c900, 0x00007cb613f8ca48] Compiler: c1, Barriers: 0, Oops: 0, ImmediateOops: 0, NonImmediateOops: No
[2,716s][debug][gc,nmethod     ] Register NMethod: java.lang.StringUTF16.putChar (0x00007cb613f8cb08) [0x00007cb613f8cc00, 0x00007cb613f8cd40] Compiler: c1, Barriers: 0, Oops: 0, ImmediateOops: 0, NonImmediateOops: No
[2,717s][debug][gc,director    ] Rule Major: Warmup 10%, Used: 450MB, UsedThreshold: 1228MB
[2,718s][debug][gc,nmethod     ] Register NMethod: java.util.concurrent.atomic.AtomicReference.get (0x00007cb632dcfd08) [0x00007cb632dcfe00, 0x00007cb632dcfee8] Compiler: c1, Barriers: 1, Oops: 0, ImmediateOops: 0, NonImmediateOops: No
[2,718s][debug][gc,nmethod     ] Register NMethod: io.sirix.page.PageReference.setHash (0x00007cb632dd0008) [0x00007cb632dd0100, 0x00007cb632dd0230] Compiler: c1, Barriers: 3, Oops: 1, ImmediateOops: 0, NonImmediateOops: No
[2,718s][debug][gc,nmethod     ] Register NMethod: io.sirix.page.PageReference.setKey (0x00007cb613f8ce08) [0x00007cb613f8cf00, 0x00007cb613f8d010] Compiler: c1, Barriers: 0, Oops: 1, ImmediateOops: 0, NonImmediateOops: No
[2,718s][debug][gc,nmethod     ] Register NMethod: java.lang.ref.Finalizer.register (0x00007cb613f8d108) [0x00007cb613f8d200, 0x00007cb613f8d3a0] Compiler: c1, Barriers: 0, Oops: 0, ImmediateOops: 0, NonImmediateOops: No
[2,718s][debug][gc,nmethod     ] Register NMethod: java.lang.ref.FinalReference.<init> (0x00007cb613f8d408) [0x00007cb613f8d500, 0x00007cb613f8d7f0] Compiler: c1, Barriers: 6, Oops: 0, ImmediateOops: 1, NonImmediateOops: No
[2,718s][debug][gc,nmethod     ] Register NMethod: jdk.internal.misc.Unsafe.unpark (0x00007cb632dd0308) [0x00007cb632dd0400, 0x00007cb632dd0558] Compiler: , Barriers: 0, Oops: 0, ImmediateOops: 0, NonImmediateOops: No
[2,718s][debug][gc,nmethod     ] Register NMethod: java.lang.ref.Finalizer.<init> (0x00007cb613f8d808) [0x00007cb613f8d900, 0x00007cb613f8e028] Compiler: c1, Barriers: 17, Oops: 1, ImmediateOops: 7, NonImmediateOops: No
[2,718s][debug][gc,nmethod     ] Register NMethod: jdk.internal.misc.ScopedMemoryAccess.getByte (0x00007cb632dd0608) [0x00007cb632dd0700, 0x00007cb632dd0888] Compiler: jvmci, Barriers: 2, Oops: 0, ImmediateOops: 0, NonImmediateOops: No
[2,718s][debug][gc,nmethod     ] Register NMethod: com.github.benmanes.caffeine.cache.SSLSMW.evicts (0x00007cb632dd0908) [0x00007cb632dd0a00, 0x00007cb632dd0ac0] Compiler: c1, Barriers: 0, Oops: 1, ImmediateOops: 0, NonImmediateOops: No
[2,719s][debug][gc,nmethod     ] Register NMethod: com.github.benmanes.caffeine.cache.LocalManualCache.invalidate (0x00007cb613f8e088) [0x00007cb613f8e180, 0x00007cb613f8e568] Compiler: c1, Barriers: 1, Oops: 1, ImmediateOops: 0, NonImmediateOops: No
[2,719s][debug][gc,nmethod     ] Register NMethod: java.util.concurrent.ConcurrentHashMap$Node.<init> (0x00007cb632dd0c08) [0x00007cb632dd0d00, 0x00007cb632dd0e60] Compiler: jvmci, Barriers: 6, Oops: 0, ImmediateOops: 0, NonImmediateOops: No
[2,719s][debug][gc,nmethod     ] Register NMethod: jdk.internal.misc.Unsafe.compareAndExchangeLong (0x00007cb632dd0f08) [0x00007cb632dd1000, 0x00007cb632dd1168] Compiler: , Barriers: 0, Oops: 0, ImmediateOops: 0, NonImmediateOops: No
[2,719s][debug][gc,nmethod     ] Register NMethod: com.github.benmanes.caffeine.cache.BoundedLocalCache.remove (0x00007cb613f8e588) [0x00007cb613f8e680, 0x00007cb613f8f870] Compiler: c1, Barriers: 14, Oops: 3, ImmediateOops: 4, NonImmediateOops: No
[2,719s][debug][gc,nmethod     ] Register NMethod: jdk.internal.foreign.AbstractMemorySegmentImpl.get (0x00007cb613f8f908) [0x00007cb613f8fa00, 0x00007cb613f93310] Compiler: c1, Barriers: 27, Oops: 5, ImmediateOops: 12, NonImmediateOops: No
[2,719s][debug][gc,nmethod     ] Register NMethod: io.sirix.node.MemorySegmentBytesIn.readByte (0x00007cb613f93388) [0x00007cb613f93480, 0x00007cb613f96ea0] Compiler: c1, Barriers: 5, Oops: 6, ImmediateOops: 9, NonImmediateOops: No
[2,719s][debug][gc,nmethod     ] Register NMethod: java.lang.invoke.VarHandleSegmentAsBytes.get (0x00007cb613f96f08) [0x00007cb613f97000, 0x00007cb613f9c020] Compiler: c1, Barriers: 24, Oops: 2, ImmediateOops: 5, NonImmediateOops: No
[2,720s][debug][gc,nmethod     ] Register NMethod: java.lang.invoke.VarHandleSegmentAsBytes.get (0x00007cb613f9c088) [0x00007cb613f9c180, 0x00007cb613fa1408] Compiler: c1, Barriers: 24, Oops: 2, ImmediateOops: 5, NonImmediateOops: No
[2,720s][debug][gc,nmethod     ] Register NMethod: java.lang.invoke.Invokers$Holder.linkToTargetMethod (0x00007cb613fa1488) [0x00007cb613fa1580, 0x00007cb613fa1aa0] Compiler: c1, Barriers: 0, Oops: 0, ImmediateOops: 0, NonImmediateOops: No
[2,720s][debug][gc,nmethod     ] Register NMethod: com.github.benmanes.caffeine.cache.AbstractLinkedDeque.peekFirst (0x00007cb632dd1208) [0x00007cb632dd1300, 0x00007cb632dd13e8] Compiler: c1, Barriers: 1, Oops: 1, ImmediateOops: 0, NonImmediateOops: No
[2,720s][debug][gc,nmethod     ] Register NMethod: com.github.benmanes.caffeine.cache.BoundedLocalCache$$Lambda/0x0000000026283e68.<init> (0x00007cb613fa1b08) [0x00007cb613fa1c00, 0x00007cb613fa20a0] Compiler: c1, Barriers: 21, Oops: 1, ImmediateOops: 0, NonImmediateOops: No
[2,720s][debug][gc,nmethod     ] Register NMethod: java.lang.invoke.LambdaForm$DMH/0x0000000026288000.newInvokeSpecial (0x00007cb613fa2108) [0x00007cb613fa2200, 0x00007cb613fa2b10] Compiler: c1, Barriers: 2, Oops: 1, ImmediateOops: 1, NonImmediateOops: No
[2,720s][debug][gc,nmethod     ] Register NMethod: sun.nio.fs.NativeBuffer.release (0x00007cb613fa2b88) [0x00007cb613fa2c80, 0x00007cb613fa2db0] Compiler: c1, Barriers: 0, Oops: 0, ImmediateOops: 0, NonImmediateOops: No
[2,720s][debug][gc,nmethod     ] Register NMethod: sun.nio.fs.NativeBuffer.close (0x00007cb613fa2e88) [0x00007cb613fa2f80, 0x00007cb613fa3120] Compiler: c1, Barriers: 0, Oops: 0, ImmediateOops: 0, NonImmediateOops: No
[2,720s][debug][gc,nmethod     ] Register NMethod: sun.nio.fs.NativeBuffers.getNativeBufferFromCache (0x00007cb613fa3188) [0x00007cb613fa3280, 0x00007cb613fa3e88] Compiler: c1, Barriers: 4, Oops: 1, ImmediateOops: 2, NonImmediateOops: No
[2,720s][debug][gc,nmethod     ] Register NMethod: sun.nio.fs.UnixNativeDispatcher.copyToNativeBuffer (0x00007cb613fa3f08) [0x00007cb613fa4000, 0x00007cb613fa44b0] Compiler: c1, Barriers: 4, Oops: 0, ImmediateOops: 0, NonImmediateOops: No
[2,720s][debug][gc,nmethod     ] Register NMethod: io.sirix.cache.BufferManagerImpl.getRecordPageFragmentCache (0x00007cb632dd1508) [0x00007cb632dd1600, 0x00007cb632dd16e8] Compiler: c1, Barriers: 1, Oops: 1, ImmediateOops: 0, NonImmediateOops: No
[2,720s][debug][gc,nmethod     ] Register NMethod: java.lang.AbstractStringBuilder.append (0x00007cb613fa4508) [0x00007cb613fa4600, 0x00007cb613fa5250] Compiler: c1, Barriers: 5, Oops: 0, ImmediateOops: 0, NonImmediateOops: No
[2,721s][debug][gc,nmethod     ] Register NMethod: sun.nio.fs.NativeBuffers.releaseNativeBuffer (0x00007cb613fa5288) [0x00007cb613fa5380, 0x00007cb613fa88b8] Compiler: c1, Barriers: 15, Oops: 2, ImmediateOops: 7, NonImmediateOops: No
[2,721s][debug][gc,nmethod     ] Register NMethod: io.sirix.node.json.JsonNodeSerializer.writeSizePrefix (0x00007cb632dd1808) [0x00007cb632dd1900, 0x00007cb632dd3730] Compiler: jvmci, Barriers: 38, Oops: 4, ImmediateOops: 0, NonImmediateOops: No
[2,722s][debug][gc,nmethod     ] Register NMethod: java.lang.invoke.MethodHandle.linkToStatic (0x00007cb632dd3788) [0x00007cb632dd3880, 0x00007cb632dd3970] Compiler: , Barriers: 0, Oops: 0, ImmediateOops: 0, NonImmediateOops: No
[2,722s][debug][gc,nmethod     ] Register NMethod: java.lang.invoke.MethodHandleStatics.traceLambdaForm (0x00007cb613fa8908) [0x00007cb613fa8a00, 0x00007cb613fa8b68] Compiler: c1, Barriers: 0, Oops: 0, ImmediateOops: 0, NonImmediateOops: No
[2,723s][debug][gc,nmethod     ] Register NMethod: java.lang.invoke.LambdaForm.constantForm (0x00007cb613fa8c08) [0x00007cb613fa8d00, 0x00007cb613fa90b8] Compiler: c1, Barriers: 1, Oops: 0, ImmediateOops: 1, NonImmediateOops: No
[2,724s][debug][gc,nmethod     ] Register NMethod: io.sirix.node.NodeSerializerImpl.writeDeweyID (0x00007cb632dd3a88) [0x00007cb632dd3b80, 0x00007cb632dd51d0] Compiler: jvmci, Barriers: 23, Oops: 4, ImmediateOops: 1, NonImmediateOops: No
[2,725s][debug][gc,nmethod     ] Register NMethod: jdk.internal.classfile.impl.StackMapGenerator.processLdc (0x00007cb613fa9108) [0x00007cb613fa9200, 0x00007cb613faee28] Compiler: c1, Barriers: 31, Oops: 2, ImmediateOops: 20, NonImmediateOops: No
[2,726s][debug][gc,nmethod     ] Register NMethod: java.lang.invoke.BoundMethodHandle.bindSingleL (0x00007cb613faee88) [0x00007cb613faef80, 0x00007cb613faf090] Compiler: c1, Barriers: 0, Oops: 0, ImmediateOops: 0, NonImmediateOops: No
[2,727s][debug][gc,director    ] Rule Major: Warmup 10%, Used: 452MB, UsedThreshold: 1228MB
[2,727s][debug][gc,nmethod     ] Register NMethod: jdk.internal.classfile.impl.DirectCodeBuilder.iload (0x00007cb613faf188) [0x00007cb613faf280, 0x00007cb613faf670] Compiler: c1, Barriers: 1, Oops: 0, ImmediateOops: 0, NonImmediateOops: No
[2,727s][debug][gc,nmethod     ] Register NMethod: java.lang.invoke.MethodHandle.linkToSpecial (0x00007cb632dd5208) [0x00007cb632dd5300, 0x00007cb632dd53f8] Compiler: , Barriers: 0, Oops: 0, ImmediateOops: 0, NonImmediateOops: No
[2,728s][debug][gc,nmethod     ] Register NMethod: jdk.internal.classfile.impl.StackMapGenerator$Type.referenceType (0x00007cb632dd5508) [0x00007cb632dd5600, 0x00007cb632dd5718] Compiler: jvmci, Barriers: 2, Oops: 0, ImmediateOops: 0, NonImmediateOops: No
[2,728s][debug][gc,nmethod     ] Register NMethod: java.lang.invoke.MethodHandle.invokeBasic (0x00007cb632dd5808) [0x00007cb632dd5900, 0x00007cb632dd5b98] Compiler: , Barriers: 0, Oops: 0, ImmediateOops: 0, NonImmediateOops: No
[2,728s][debug][gc,nmethod     ] Register NMethod: java.lang.invoke.MethodHandle.linkToSpecial (0x00007cb632dd5c08) [0x00007cb632dd5d00, 0x00007cb632dd5df8] Compiler: , Barriers: 0, Oops: 0, ImmediateOops: 0, NonImmediateOops: No
[2,728s][debug][gc,nmethod     ] Register NMethod: java.lang.invoke.MethodHandle.invokeBasic (0x00007cb632dd5f08) [0x00007cb632dd6000, 0x00007cb632dd6298] Compiler: , Barriers: 0, Oops: 0, ImmediateOops: 0, NonImmediateOops: No
[2,729s][debug][gc,nmethod     ] Register NMethod: io.sirix.node.NodeKind$1.serialize (0x00007cb632dd6308) [0x00007cb632dd6400, 0x00007cb632ddc420] Compiler: jvmci, Barriers: 130, Oops: 22, ImmediateOops: 1, NonImmediateOops: No
[2,729s][debug][gc,nmethod     ] Register NMethod: com.github.benmanes.caffeine.cache.SSLMW.evicts (0x00007cb632ddc508) [0x00007cb632ddc600, 0x00007cb632ddc6c0] Compiler: c1, Barriers: 0, Oops: 1, ImmediateOops: 0, NonImmediateOops: No
[2,729s][debug][gc,nmethod     ] Register NMethod: io.sirix.page.KeyValueLeafPage.setData (0x00007cb613faf688) [0x00007cb613faf780, 0x00007cb613fd4ac0] Compiler: c1, Barriers: 104, Oops: 13, ImmediateOops: 82, NonImmediateOops: No
[2,730s][debug][gc,nmethod     ] Register NMethod: io.sirix.access.trx.page.NodePageReadOnlyTrx.loadPage (0x00007cb613fd4b88) [0x00007cb613fd4c80, 0x00007cb613fd6af0] Compiler: c1, Barriers: 15, Oops: 2, ImmediateOops: 2, NonImmediateOops: No
[2,730s][debug][gc,nmethod     ] Register NMethod: io.sirix.node.MemorySegmentBytesIn.readInt (0x00007cb613fd6b08) [0x00007cb613fd6c00, 0x00007cb613fda810] Compiler: c1, Barriers: 5, Oops: 6, ImmediateOops: 10, NonImmediateOops: No
[2,731s][debug][gc,nmethod     ] Register NMethod: java.util.concurrent.atomic.AtomicInteger.get (0x00007cb632ddc808) [0x00007cb632ddc900, 0x00007cb632ddc9c0] Compiler: c1, Barriers: 0, Oops: 0, ImmediateOops: 0, NonImmediateOops: No
[2,731s][debug][gc,nmethod     ] Register NMethod: io.sirix.node.NodeKind$4.serialize (0x00007cb632ddcb08) [0x00007cb632ddcc00, 0x00007cb632de1dc0] Compiler: jvmci, Barriers: 99, Oops: 12, ImmediateOops: 0, NonImmediateOops: No
[2,731s][debug][gc,nmethod     ] Register NMethod: it.unimi.dsi.fastutil.shorts.ShortArrayList$1.hasNext (0x00007cb613fda888) [0x00007cb613fda980, 0x00007cb613fdab10] Compiler: c1, Barriers: 1, Oops: 1, ImmediateOops: 0, NonImmediateOops: No
[2,731s][debug][gc,nmethod     ] Register NMethod: java.lang.System$1.currentCarrierThread (0x00007cb613fdab88) [0x00007cb613fdac80, 0x00007cb613fdadc8] Compiler: c1, Barriers: 1, Oops: 0, ImmediateOops: 0, NonImmediateOops: No
[2,731s][debug][gc,nmethod     ] Register NMethod: io.sirix.utils.OS.isWindows (0x00007cb613fdae88) [0x00007cb613fdaf80, 0x00007cb613fdb068] Compiler: c1, Barriers: 0, Oops: 1, ImmediateOops: 0, NonImmediateOops: No
[2,732s][debug][gc,nmethod     ] Register NMethod: java.lang.Short.shortValue (0x00007cb632de1e88) [0x00007cb632de1f80, 0x00007cb632de2048] Compiler: c1, Barriers: 0, Oops: 0, ImmediateOops: 0, NonImmediateOops: No
[2,732s][debug][gc,nmethod     ] Register NMethod: com.github.benmanes.caffeine.cache.SSLMW.frequencySketch (0x00007cb632de2188) [0x00007cb632de2280, 0x00007cb632de2370] Compiler: c1, Barriers: 1, Oops: 1, ImmediateOops: 0, NonImmediateOops: No
[2,732s][debug][gc,nmethod     ] Register NMethod: io.sirix.cache.LinuxMemorySegmentAllocator.getInstance (0x00007cb613fdb188) [0x00007cb613fdb280, 0x00007cb613fdb368] Compiler: c1, Barriers: 0, Oops: 1, ImmediateOops: 1, NonImmediateOops: No
[2,732s][debug][gc,nmethod     ] Register NMethod: java.lang.invoke.VarHandleReferences$FieldInstanceReadOnly.get (0x00007cb613fdb488) [0x00007cb613fdb580, 0x00007cb613fdbfa8] Compiler: c1, Barriers: 2, Oops: 1, ImmediateOops: 0, NonImmediateOops: No
[2,732s][debug][gc,nmethod     ] Register NMethod: io.sirix.node.MemorySegmentBytesIn.read (0x00007cb613fdc008) [0x00007cb613fdc100, 0x00007cb613fdc258] Compiler: c1, Barriers: 0, Oops: 1, ImmediateOops: 0, NonImmediateOops: No
[2,732s][debug][gc,nmethod     ] Register NMethod: java.lang.Long.numberOfTrailingZeros (0x00007cb613fdc308) [0x00007cb613fdc400, 0x00007cb613fdc5a8] Compiler: c1, Barriers: 0, Oops: 0, ImmediateOops: 0, NonImmediateOops: No
[2,732s][debug][gc,nmethod     ] Register NMethod: java.lang.Integer.numberOfTrailingZeros (0x00007cb613fdc608) [0x00007cb613fdc700, 0x00007cb613fdc918] Compiler: c1, Barriers: 0, Oops: 0, ImmediateOops: 0, NonImmediateOops: No
[2,732s][debug][gc,nmethod     ] Register NMethod: com.github.benmanes.caffeine.cache.Ticker.disabledTicker (0x00007cb613fdc988) [0x00007cb613fdca80, 0x00007cb613fdcb68] Compiler: c1, Barriers: 0, Oops: 1, ImmediateOops: 1, NonImmediateOops: No
[2,732s][debug][gc,nmethod     ] Register NMethod: java.nio.file.Files.provider (0x00007cb613fdcc88) [0x00007cb613fdcd80, 0x00007cb613fdd158] Compiler: c1, Barriers: 2, Oops: 0, ImmediateOops: 0, NonImmediateOops: No
[2,733s][debug][gc,nmethod     ] Register NMethod: com.github.benmanes.caffeine.cache.BoundedLocalCache.expirationTicker (0x00007cb613fdd188) [0x00007cb613fdd280, 0x00007cb613fdd3e0] Compiler: c1, Barriers: 0, Oops: 1, ImmediateOops: 1, NonImmediateOops: No
[2,733s][debug][gc,nmethod     ] Register NMethod: io.sirix.page.KeyValueLeafPage.setDeweyId (0x00007cb613fdd488) [0x00007cb613fdd580, 0x00007cb613fdd7d8] Compiler: c1, Barriers: 5, Oops: 1, ImmediateOops: 0, NonImmediateOops: No
[2,733s][debug][gc,nmethod     ] Register NMethod: com.github.benmanes.caffeine.cache.BaseMpscLinkedArrayQueue.modifiedCalcElementOffset (0x00007cb613fdd808) [0x00007cb613fdd900, 0x00007cb613fdd9f0] Compiler: c1, Barriers: 0, Oops: 1, ImmediateOops: 0, NonImmediateOops: No
[2,733s][debug][gc,nmethod     ] Register NMethod: com.github.benmanes.caffeine.cache.FrequencySketch.isNotInitialized (0x00007cb613fddb08) [0x00007cb613fddc00, 0x00007cb613fddd80] Compiler: c1, Barriers: 1, Oops: 1, ImmediateOops: 0, NonImmediateOops: No
[2,733s][debug][gc,nmethod     ] Register NMethod: io.sirix.cache.IndexLogKey.getIndexType (0x00007cb632de2488) [0x00007cb632de2580, 0x00007cb632de2668] Compiler: c1, Barriers: 1, Oops: 1, ImmediateOops: 0, NonImmediateOops: No
[2,733s][debug][gc,nmethod     ] Register NMethod: io.sirix.cache.IndexLogKey.getRecordPageKey (0x00007cb632de2788) [0x00007cb632de2880, 0x00007cb632de2940] Compiler: c1, Barriers: 0, Oops: 1, ImmediateOops: 0, NonImmediateOops: No
[2,733s][debug][gc,nmethod     ] Register NMethod: io.sirix.node.HashCountEntryNode.getValue (0x00007cb632de2a88) [0x00007cb632de2b80, 0x00007cb632de2c40] Compiler: c1, Barriers: 0, Oops: 1, ImmediateOops: 0, NonImmediateOops: No
[2,733s][debug][gc,nmethod     ] Register NMethod: it.unimi.dsi.fastutil.shorts.ShortArrayList.size (0x00007cb632de2d88) [0x00007cb632de2e80, 0x00007cb632de2f40] Compiler: c1, Barriers: 0, Oops: 1, ImmediateOops: 0, NonImmediateOops: No
[2,733s][debug][gc,nmethod     ] Register NMethod: io.sirix.node.HashEntryNode.getKey (0x00007cb632de3088) [0x00007cb632de3180, 0x00007cb632de3240] Compiler: c1, Barriers: 0, Oops: 1, ImmediateOops: 0, NonImmediateOops: No
[2,734s][debug][gc,nmethod     ] Register NMethod: it.unimi.dsi.fastutil.ints.Int2IntOpenHashMap.put (0x00007cb613fdde08) [0x00007cb613fddf00, 0x00007cb613fde168] Compiler: c1, Barriers: 1, Oops: 1, ImmediateOops: 0, NonImmediateOops: No
[2,734s][debug][gc,nmethod     ] Register NMethod: io.sirix.node.HashEntryNode.getValue (0x00007cb632de3388) [0x00007cb632de3480, 0x00007cb632de3568] Compiler: c1, Barriers: 1, Oops: 1, ImmediateOops: 0, NonImmediateOops: No
[2,734s][debug][gc,nmethod     ] Register NMethod: io.sirix.cache.TransactionIntentLog.get (0x00007cb613fde188) [0x00007cb613fde280, 0x00007cb613fdea20] Compiler: c1, Barriers: 1, Oops: 1, ImmediateOops: 0, NonImmediateOops: No
[2,734s][debug][gc,nmethod     ] Register NMethod: java.lang.Short.valueOf (0x00007cb613fdea88) [0x00007cb613fdeb80, 0x00007cb613fdee98] Compiler: c1, Barriers: 1, Oops: 0, ImmediateOops: 1, NonImmediateOops: No
[2,734s][debug][gc,nmethod     ] Register NMethod: it.unimi.dsi.fastutil.shorts.ShortListIterator.next (0x00007cb613fdef08) [0x00007cb613fdf000, 0x00007cb613fdf258] Compiler: c1, Barriers: 0, Oops: 1, ImmediateOops: 0, NonImmediateOops: No
[2,734s][debug][gc,nmethod     ] Register NMethod: io.sirix.node.MemorySegmentBytesIn.read (0x00007cb613fdf288) [0x00007cb613fdf380, 0x00007cb613fe5e78] Compiler: c1, Barriers: 7, Oops: 9, ImmediateOops: 16, NonImmediateOops: No
[2,734s][debug][gc,nmethod     ] Register NMethod: it.unimi.dsi.fastutil.shorts.ShortListIterator.next (0x00007cb613fe5f08) [0x00007cb613fe6000, 0x00007cb613fe64a8] Compiler: c1, Barriers: 0, Oops: 1, ImmediateOops: 0, NonImmediateOops: No
[2,734s][debug][gc,nmethod     ] Register NMethod: com.google.common.base.Preconditions.checkArgument (0x00007cb632de3688) [0x00007cb632de3780, 0x00007cb632de3818] Compiler: jvmci, Barriers: 0, Oops: 1, ImmediateOops: 0, NonImmediateOops: No
[2,734s][debug][gc,nmethod     ] Register NMethod: it.unimi.dsi.fastutil.ints.Int2IntOpenHashMap.find (0x00007cb613fe6508) [0x00007cb613fe6600, 0x00007cb613fe6a68] Compiler: c1, Barriers: 1, Oops: 1, ImmediateOops: 0, NonImmediateOops: No
[2,734s][debug][gc,nmethod     ] Register NMethod: io.sirix.cache.IndexLogKey.getIndexNumber (0x00007cb632de3988) [0x00007cb632de3a80, 0x00007cb632de3b40] Compiler: c1, Barriers: 0, Oops: 1, ImmediateOops: 0, NonImmediateOops: No
[2,734s][debug][gc,nmethod     ] Register NMethod: it.unimi.dsi.fastutil.shorts.ShortIterator.next (0x00007cb613fe6a88) [0x00007cb613fe6b80, 0x00007cb613fe6d18] Compiler: c1, Barriers: 0, Oops: 1, ImmediateOops: 0, NonImmediateOops: No
[2,734s][debug][gc,nmethod     ] Register NMethod: io.sirix.node.HashCountEntryNode.getNodeKey (0x00007cb632de3c88) [0x00007cb632de3d80, 0x00007cb632de3e40] Compiler: c1, Barriers: 0, Oops: 1, ImmediateOops: 0, NonImmediateOops: No
[2,734s][debug][gc,nmethod     ] Register NMethod: io.sirix.page.NamePage.delegate (0x00007cb632de3f88) [0x00007cb632de4080, 0x00007cb632de4168] Compiler: c1, Barriers: 1, Oops: 1, ImmediateOops: 0, NonImmediateOops: No
[2,734s][debug][gc,nmethod     ] Register NMethod: it.unimi.dsi.fastutil.shorts.ShortArrayList$1.nextShort (0x00007cb613fe6d88) [0x00007cb613fe6e80, 0x00007cb613fe71d8] Compiler: c1, Barriers: 2, Oops: 1, ImmediateOops: 0, NonImmediateOops: No
[2,734s][debug][gc,nmethod     ] Register NMethod: io.sirix.node.HashEntryNode.getNodeKey (0x00007cb632de4288) [0x00007cb632de4380, 0x00007cb632de4440] Compiler: c1, Barriers: 0, Oops: 1, ImmediateOops: 0, NonImmediateOops: No
[2,734s][debug][gc,nmethod     ] Register NMethod: java.lang.String.encodeUTF8 (0x00007cb613fe7208) [0x00007cb613fe7300, 0x00007cb613fe7988] Compiler: c1, Barriers: 0, Oops: 0, ImmediateOops: 0, NonImmediateOops: No
[2,735s][debug][gc,nmethod     ] Register NMethod: io.sirix.access.trx.page.NodePageReadOnlyTrx.getValue (0x00007cb613fe7a08) [0x00007cb613fe7b00, 0x00007cb613fe9660] Compiler: c1, Barriers: 6, Oops: 1, ImmediateOops: 1, NonImmediateOops: No
[2,735s][debug][gc,nmethod     ] Register NMethod: io.sirix.page.UberPage.getPageCountExp (0x00007cb613fe9688) [0x00007cb613fe9780, 0x00007cb613fe9cc8] Compiler: c1, Barriers: 0, Oops: 1, ImmediateOops: 4, NonImmediateOops: No
[2,735s][debug][gc,nmethod     ] Register NMethod: io.sirix.access.trx.page.NodePageTrx.getRecord (0x00007cb613fe9d08) [0x00007cb613fe9e00, 0x00007cb613febda0] Compiler: c1, Barriers: 8, Oops: 1, ImmediateOops: 2, NonImmediateOops: No
[2,735s][debug][gc,nmethod     ] Register NMethod: io.sirix.cache.IndexLogKey.getRevisionNumber (0x00007cb632de4588) [0x00007cb632de4680, 0x00007cb632de4740] Compiler: c1, Barriers: 0, Oops: 1, ImmediateOops: 0, NonImmediateOops: No
[2,735s][debug][gc,nmethod     ] Register NMethod: io.sirix.access.trx.page.NodePageReadOnlyTrx$RecordPage.page (0x00007cb632de4888) [0x00007cb632de4980, 0x00007cb632de4a68] Compiler: c1, Barriers: 1, Oops: 1, ImmediateOops: 0, NonImmediateOops: No
[2,735s][debug][gc,nmethod     ] Register NMethod: com.github.benmanes.caffeine.cache.SSLMW.weightedSize (0x00007cb632de4b88) [0x00007cb632de4c80, 0x00007cb632de4d40] Compiler: c1, Barriers: 0, Oops: 1, ImmediateOops: 0, NonImmediateOops: No
[2,735s][debug][gc,nmethod     ] Register NMethod: java.lang.Thread.interrupted (0x00007cb613febe08) [0x00007cb613febf00, 0x00007cb613fec238] Compiler: c1, Barriers: 1, Oops: 0, ImmediateOops: 0, NonImmediateOops: No
[2,735s][debug][gc,nmethod     ] Register NMethod: java.util.concurrent.ForkJoinTask.<init> (0x00007cb613fec288) [0x00007cb613fec380, 0x00007cb613fec4d8] Compiler: c1, Barriers: 0, Oops: 0, ImmediateOops: 0, NonImmediateOops: No
[2,736s][debug][gc,nmethod     ] Register NMethod: io.sirix.access.trx.page.NodePageReadOnlyTrx.getCurrentMaxIndirectPageTreeLevel (0x00007cb613fec588) [0x00007cb613fec680, 0x00007cb613ff3e58] Compiler: c1, Barriers: 20, Oops: 1, ImmediateOops: 6, NonImmediateOops: No
[2,736s][debug][gc,nmethod     ] Register NMethod: io.sirix.node.GrowingMemorySegment.grow (0x00007cb632de4e88) [0x00007cb632de4f80, 0x00007cb632de6c58] Compiler: jvmci, Barriers: 45, Oops: 4, ImmediateOops: 6, NonImmediateOops: No
[2,736s][debug][gc,nmethod     ] Register NMethod: com.github.benmanes.caffeine.cache.PSMW.getPolicyWeight (0x00007cb632de6c88) [0x00007cb632de6d80, 0x00007cb632de6e40] Compiler: c1, Barriers: 0, Oops: 1, ImmediateOops: 0, NonImmediateOops: No
[2,736s][debug][gc,nmethod     ] Register NMethod: io.sirix.access.trx.page.NodePageReadOnlyTrx.getPageReference (0x00007cb613ff3e88) [0x00007cb613ff3f80, 0x00007cb613ffd038] Compiler: c1, Barriers: 28, Oops: 1, ImmediateOops: 7, NonImmediateOops: No
[2,736s][debug][gc,nmethod     ] Register NMethod: com.github.benmanes.caffeine.cache.PSMW.getPreviousInAccessOrder (0x00007cb632de6f88) [0x00007cb632de7080, 0x00007cb632de7168] Compiler: c1, Barriers: 1, Oops: 1, ImmediateOops: 0, NonImmediateOops: No
[2,737s][debug][gc,nmethod     ] Register NMethod: net.jpountz.util.SafeUtils.readIntLE (0x00007cb613ffd088) [0x00007cb613ffd180, 0x00007cb613ffd320] Compiler: c1, Barriers: 0, Oops: 1, ImmediateOops: 0, NonImmediateOops: No
[2,737s][debug][gc,nmethod     ] Register NMethod: java.lang.String.getBytes (0x00007cb632de7288) [0x00007cb632de7380, 0x00007cb632de7618] Compiler: jvmci, Barriers: 1, Oops: 0, ImmediateOops: 1, NonImmediateOops: No
[2,737s][debug][gc,director    ] Rule Major: Warmup 10%, Used: 452MB, UsedThreshold: 1228MB
[2,737s][debug][gc,nmethod     ] Register NMethod: io.sirix.page.KeyValueLeafPage.setSlot (0x00007cb613ffd388) [0x00007cb613ffd480, 0x00007cb613ffd628] Compiler: c1, Barriers: 2, Oops: 1, ImmediateOops: 0, NonImmediateOops: No
[2,737s][debug][gc,nmethod     ] Register NMethod: java.util.BitSet.nextSetBit (0x00007cb613ffd688) [0x00007cb613ffd780, 0x00007cb613ffe770] Compiler: c1, Barriers: 1, Oops: 1, ImmediateOops: 2, NonImmediateOops: No
[2,737s][debug][gc,nmethod     ] Register NMethod: jdk.internal.misc.Unsafe.putByte (0x00007cb613ffe788) [0x00007cb613ffe880, 0x00007cb613ffe990] Compiler: c1, Barriers: 0, Oops: 0, ImmediateOops: 0, NonImmediateOops: No
[2,738s][debug][gc,nmethod     ] Register NMethod: com.github.benmanes.caffeine.cache.BoundedLocalCache.collectValues (0x00007cb632de7688) [0x00007cb632de7780, 0x00007cb632de7840] Compiler: c1, Barriers: 0, Oops: 1, ImmediateOops: 0, NonImmediateOops: No
[2,738s][debug][gc,nmethod     ] Register NMethod: com.github.benmanes.caffeine.cache.SSLMW.maximum (0x00007cb632de7988) [0x00007cb632de7a80, 0x00007cb632de7b40] Compiler: c1, Barriers: 0, Oops: 1, ImmediateOops: 0, NonImmediateOops: No
[2,738s][debug][gc,nmethod     ] Register NMethod: com.github.benmanes.caffeine.cache.PSMW.getQueueType (0x00007cb632de7c88) [0x00007cb632de7d80, 0x00007cb632de7e40] Compiler: c1, Barriers: 0, Oops: 1, ImmediateOops: 0, NonImmediateOops: No
[2,738s][debug][gc,nmethod     ] Register NMethod: com.github.benmanes.caffeine.cache.SSLSMW.frequencySketch (0x00007cb632de7f88) [0x00007cb632de8080, 0x00007cb632de8170] Compiler: c1, Barriers: 1, Oops: 1, ImmediateOops: 0, NonImmediateOops: No
[2,739s][debug][gc,nmethod     ] Register NMethod: io.sirix.index.path.summary.PathSummaryReader.getName (0x00007cb613dd0788) [0x00007cb613dd0880, 0x00007cb613dd3868] Compiler: c1, Barriers: 12, Oops: 1, ImmediateOops: 5, NonImmediateOops: No
[2,740s][debug][gc,nmethod     ] Register NMethod: java.lang.String.indexOf (0x00007cb613ffea88) [0x00007cb613ffeb80, 0x00007cb613fff3a0] Compiler: c1, Barriers: 1, Oops: 0, ImmediateOops: 0, NonImmediateOops: No
[2,740s][debug][gc,nmethod     ] Register NMethod: it.unimi.dsi.fastutil.shorts.AbstractShortList.iterator (0x00007cb613fff408) [0x00007cb613fff500, 0x00007cb613fffb18] Compiler: c1, Barriers: 0, Oops: 1, ImmediateOops: 0, NonImmediateOops: No
[2,740s][debug][gc,nmethod     ] Register NMethod: it.unimi.dsi.fastutil.shorts.ShortArrayList.listIterator (0x00007cb613fffb88) [0x00007cb613fffc80, 0x00007cb614000120] Compiler: c1, Barriers: 3, Oops: 1, ImmediateOops: 0, NonImmediateOops: No
[2,740s][debug][gc,nmethod     ] Register NMethod: it.unimi.dsi.fastutil.shorts.AbstractShortList.listIterator (0x00007cb614000188) [0x00007cb614000280, 0x00007cb614000780] Compiler: c1, Barriers: 3, Oops: 1, ImmediateOops: 0, NonImmediateOops: No
[2,740s][debug][gc,nmethod     ] Register NMethod: io.sirix.index.path.summary.PathSummaryReader.moveTo (0x00007cb614000808) [0x00007cb614000900, 0x00007cb614001608] Compiler: c1, Barriers: 13, Oops: 1, ImmediateOops: 2, NonImmediateOops: No
[2,740s][debug][gc,nmethod     ] Register NMethod: it.unimi.dsi.fastutil.shorts.ShortArrayList$1.<init> (0x00007cb614001688) [0x00007cb614001780, 0x00007cb614001960] Compiler: c1, Barriers: 3, Oops: 1, ImmediateOops: 0, NonImmediateOops: No
[2,740s][debug][gc,nmethod     ] Register NMethod: io.sirix.access.trx.page.NodePageTrx$$Lambda/0x000000002628d158.apply (0x00007cb614001988) [0x00007cb614001a80, 0x00007cb614001e48] Compiler: c1, Barriers: 2, Oops: 1, ImmediateOops: 0, NonImmediateOops: No
[2,740s][debug][gc,nmethod     ] Register NMethod: it.unimi.dsi.fastutil.shorts.AbstractShortList.ensureIndex (0x00007cb614001e88) [0x00007cb614001f80, 0x00007cb614004260] Compiler: c1, Barriers: 0, Oops: 5, ImmediateOops: 7, NonImmediateOops: No
[2,741s][debug][gc,nmethod     ] Register NMethod: io.sirix.access.trx.page.NodePageReadOnlyTrx.assertNotClosed (0x00007cb632de8288) [0x00007cb632de8380, 0x00007cb632de8440] Compiler: jvmci, Barriers: 0, Oops: 1, ImmediateOops: 0, NonImmediateOops: No
[2,741s][debug][gc,nmethod     ] Register NMethod: io.sirix.index.path.summary.PathSummaryReader.assertNotClosed (0x00007cb632de8588) [0x00007cb632de8680, 0x00007cb632de8738] Compiler: jvmci, Barriers: 0, Oops: 1, ImmediateOops: 0, NonImmediateOops: No
[2,741s][debug][gc,nmethod     ] Register NMethod: io.sirix.page.delegates.ReferencesPage4.getOrCreateReference (0x00007cb614004308) [0x00007cb614004400, 0x00007cb614005e18] Compiler: c1, Barriers: 5, Oops: 1, ImmediateOops: 0, NonImmediateOops: No
[2,741s][debug][gc,nmethod     ] Register NMethod: io.sirix.access.trx.page.NodePageTrx.lambda$getPageContainer$0 (0x00007cb614005e88) [0x00007cb614005f80, 0x00007cb614006e78] Compiler: c1, Barriers: 6, Oops: 1, ImmediateOops: 0, NonImmediateOops: No
[2,741s][debug][gc,nmethod     ] Register NMethod: io.sirix.access.trx.page.NodePageReadOnlyTrx.getReferenceToLeafOfSubtree (0x00007cb614006e88) [0x00007cb614006f80, 0x00007cb6140080b0] Compiler: c1, Barriers: 1, Oops: 1, ImmediateOops: 2, NonImmediateOops: No
[2,741s][debug][gc,nmethod     ] Register NMethod: io.sirix.access.trx.page.NodePageTrx.getMostRecentPageContainer (0x00007cb614008108) [0x00007cb614008200, 0x00007cb614008830] Compiler: c1, Barriers: 9, Oops: 1, ImmediateOops: 1, NonImmediateOops: No
[2,741s][debug][gc,nmethod     ] Register NMethod: io.sirix.access.trx.page.NodePageReadOnlyTrx.getLeafPageReference (0x00007cb614008888) [0x00007cb614008980, 0x00007cb614008c78] Compiler: c1, Barriers: 0, Oops: 1, ImmediateOops: 0, NonImmediateOops: No
[2,741s][debug][gc,nmethod     ] Register NMethod: io.sirix.access.trx.page.NodePageTrx.getPageContainer (0x00007cb614008c88) [0x00007cb614008d80, 0x00007cb614009ec0] Compiler: c1, Barriers: 12, Oops: 4, ImmediateOops: 2, NonImmediateOops: No
[2,741s][debug][gc,nmethod     ] Register NMethod: io.sirix.access.trx.page.NodePageReadOnlyTrx$PageReferenceToPage.<init> (0x00007cb614009f08) [0x00007cb61400a000, 0x00007cb61400a2a8] Compiler: c1, Barriers: 6, Oops: 1, ImmediateOops: 0, NonImmediateOops: No
[2,741s][debug][gc,nmethod     ] Register NMethod: io.sirix.access.trx.page.NodePageTrx$$Lambda/0x000000002628d158.<init> (0x00007cb61400a308) [0x00007cb61400a400, 0x00007cb61400a650] Compiler: c1, Barriers: 6, Oops: 1, ImmediateOops: 0, NonImmediateOops: No
[2,741s][debug][gc,nmethod     ] Register NMethod: io.sirix.node.delegates.NameNodeDelegate.getURIKey (0x00007cb632de8888) [0x00007cb632de8980, 0x00007cb632de8a40] Compiler: c1, Barriers: 0, Oops: 1, ImmediateOops: 0, NonImmediateOops: No
[2,741s][debug][gc,nmethod     ] Register NMethod: io.sirix.node.MemorySegmentBytesIn.readLong (0x00007cb61400a688) [0x00007cb61400a780, 0x00007cb61400e390] Compiler: c1, Barriers: 5, Oops: 6, ImmediateOops: 10, NonImmediateOops: No
[2,742s][debug][gc,nmethod     ] Register NMethod: jdk.internal.foreign.AbstractMemorySegmentImpl.get (0x00007cb61400e408) [0x00007cb61400e500, 0x00007cb614011e30] Compiler: c1, Barriers: 27, Oops: 5, ImmediateOops: 12, NonImmediateOops: No
[2,742s][debug][gc,nmethod     ] Register NMethod: io.sirix.access.trx.page.NodePageReadOnlyTrx.getRecord (0x00007cb614011e88) [0x00007cb614011f80, 0x00007cb6140139b8] Compiler: c1, Barriers: 4, Oops: 1, ImmediateOops: 3, NonImmediateOops: No
[2,742s][debug][gc,nmethod     ] Register NMethod: io.sirix.node.NodeKind.getKind (0x00007cb614013a08) [0x00007cb614013b00, 0x00007cb614013c38] Compiler: c1, Barriers: 1, Oops: 1, ImmediateOops: 1, NonImmediateOops: No
[2,742s][debug][gc,nmethod     ] Register NMethod: io.sirix.node.xml.AbstractStructForwardingNode.hasFirstChild (0x00007cb614013d08) [0x00007cb614013e00, 0x00007cb6140143a8] Compiler: c1, Barriers: 0, Oops: 1, ImmediateOops: 1, NonImmediateOops: No
[2,742s][debug][gc,nmethod     ] Register NMethod: io.sirix.index.name.Names.getName (0x00007cb614014408) [0x00007cb614014500, 0x00007cb6140149b8] Compiler: c1, Barriers: 1, Oops: 1, ImmediateOops: 1, NonImmediateOops: No
[2,742s][debug][gc,nmethod     ] Register NMethod: io.sirix.node.NodeSerializerImpl.deserialize (0x00007cb614014a08) [0x00007cb614014b00, 0x00007cb614014f68] Compiler: c1, Barriers: 1, Oops: 1, ImmediateOops: 1, NonImmediateOops: No
[2,742s][debug][gc,nmethod     ] Register NMethod: it.unimi.dsi.fastutil.ints.Int2IntOpenHashMap.getOrDefault (0x00007cb614014f88) [0x00007cb614015080, 0x00007cb6140155f0] Compiler: c1, Barriers: 4, Oops: 1, ImmediateOops: 0, NonImmediateOops: No
[2,742s][debug][gc,nmethod     ] Register NMethod: io.sirix.access.trx.page.NodePageReadOnlyTrx.isMostRecentlyReadPathSummaryPage (0x00007cb614015608) [0x00007cb614015700, 0x00007cb614015e98] Compiler: c1, Barriers: 1, Oops: 1, ImmediateOops: 0, NonImmediateOops: No
[2,742s][debug][gc,nmethod     ] Register NMethod: io.sirix.page.NamePage.getName (0x00007cb614015f08) [0x00007cb614016000, 0x00007cb614017670] Compiler: c1, Barriers: 25, Oops: 1, ImmediateOops: 4, NonImmediateOops: No
[2,742s][debug][gc,nmethod     ] Register NMethod: io.sirix.access.trx.page.NodePageReadOnlyTrx.getDataRecord (0x00007cb614017688) [0x00007cb614017780, 0x00007cb614018588] Compiler: c1, Barriers: 6, Oops: 1, ImmediateOops: 1, NonImmediateOops: No
[2,742s][debug][gc,nmethod     ] Register NMethod: io.sirix.index.path.summary.PathNode.getRightSibling (0x00007cb632de8b88) [0x00007cb632de8c80, 0x00007cb632de8d68] Compiler: c1, Barriers: 1, Oops: 1, ImmediateOops: 0, NonImmediateOops: No
[2,743s][debug][gc,nmethod     ] Register NMethod: io.sirix.node.Utils.getVarLong (0x00007cb614018608) [0x00007cb614018700, 0x00007cb614018860] Compiler: c1, Barriers: 0, Oops: 1, ImmediateOops: 0, NonImmediateOops: No
[2,743s][debug][gc,nmethod     ] Register NMethod: io.sirix.node.MemorySegmentBytesIn.readStopBit (0x00007cb614018908) [0x00007cb614018a00, 0x00007cb614018c30] Compiler: c1, Barriers: 0, Oops: 1, ImmediateOops: 0, NonImmediateOops: No
[2,743s][debug][gc,nmethod     ] Register NMethod: io.sirix.index.path.summary.PathNode.getParent (0x00007cb632de8e88) [0x00007cb632de8f80, 0x00007cb632de9068] Compiler: c1, Barriers: 1, Oops: 1, ImmediateOops: 0, NonImmediateOops: No
[2,743s][debug][gc,nmethod     ] Register NMethod: io.sirix.index.path.summary.PathNode.setParent (0x00007cb632de9188) [0x00007cb632de9280, 0x00007cb632de93b0] Compiler: c1, Barriers: 3, Oops: 1, ImmediateOops: 0, NonImmediateOops: No
[2,743s][debug][gc,nmethod     ] Register NMethod: io.sirix.access.trx.page.NodePageReadOnlyTrx.getRecordPage (0x00007cb614018c88) [0x00007cb614018d80, 0x00007cb61401e0d0] Compiler: c1, Barriers: 45, Oops: 2, ImmediateOops: 5, NonImmediateOops: No
[2,743s][debug][gc,nmethod     ] Register NMethod: io.sirix.index.path.summary.PathNode.getURIKey (0x00007cb61401e108) [0x00007cb61401e200, 0x00007cb61401e360] Compiler: c1, Barriers: 1, Oops: 1, ImmediateOops: 0, NonImmediateOops: No
[2,743s][debug][gc,nmethod     ] Register NMethod: io.sirix.index.path.summary.PathNode.getFirstChild (0x00007cb632de9488) [0x00007cb632de9580, 0x00007cb632de9668] Compiler: c1, Barriers: 1, Oops: 1, ImmediateOops: 0, NonImmediateOops: No
[2,743s][debug][gc,nmethod     ] Register NMethod: io.sirix.access.trx.page.NodePageTrx.getName (0x00007cb61401e408) [0x00007cb61401e500, 0x00007cb614020868] Compiler: c1, Barriers: 11, Oops: 1, ImmediateOops: 3, NonImmediateOops: No
[2,743s][debug][gc,nmethod     ] Register NMethod: io.sirix.axis.pathsummary.AbstractAxis.hasNext (0x00007cb614020888) [0x00007cb614020980, 0x00007cb614021028] Compiler: c1, Barriers: 2, Oops: 1, ImmediateOops: 1, NonImmediateOops: No
[2,743s][debug][gc,nmethod     ] Register NMethod: io.sirix.index.path.summary.PathNode.setRightSibling (0x00007cb632de9788) [0x00007cb632de9880, 0x00007cb632de99b0] Compiler: c1, Barriers: 3, Oops: 1, ImmediateOops: 0, NonImmediateOops: No
[2,743s][debug][gc,nmethod     ] Register NMethod: io.sirix.index.path.summary.PathNode.getLeftSibling (0x00007cb632de9a88) [0x00007cb632de9b80, 0x00007cb632de9c68] Compiler: c1, Barriers: 1, Oops: 1, ImmediateOops: 0, NonImmediateOops: No
[2,743s][debug][gc,nmethod     ] Register NMethod: io.sirix.index.path.summary.PathNode.setLeftSibling (0x00007cb632de9d88) [0x00007cb632de9e80, 0x00007cb632de9fb0] Compiler: c1, Barriers: 3, Oops: 1, ImmediateOops: 0, NonImmediateOops: No
[2,744s][debug][gc,nmethod     ] Register NMethod: io.sirix.node.NodeKind.deserializeNodeDelegateWithoutIDs (0x00007cb614021088) [0x00007cb614021180, 0x00007cb614021558] Compiler: c1, Barriers: 1, Oops: 1, ImmediateOops: 0, NonImmediateOops: No
[2,744s][debug][gc,nmethod     ] Register NMethod: io.sirix.node.delegates.StructNodeDelegate.<init> (0x00007cb614021588) [0x00007cb614021680, 0x00007cb614021a48] Compiler: c1, Barriers: 3, Oops: 1, ImmediateOops: 1, NonImmediateOops: No
[2,744s][debug][gc,nmethod     ] Register NMethod: io.sirix.node.NodeKind$13.deserialize (0x00007cb614021a88) [0x00007cb614021b80, 0x00007cb6140220a8] Compiler: c1, Barriers: 1, Oops: 1, ImmediateOops: 1, NonImmediateOops: No
[2,744s][debug][gc,nmethod     ] Register NMethod: io.sirix.node.NodeKind.deserializeNameDelegate (0x00007cb614022108) [0x00007cb614022200, 0x00007cb6140225c8] Compiler: c1, Barriers: 0, Oops: 1, ImmediateOops: 0, NonImmediateOops: No
[2,744s][debug][gc,nmethod     ] Register NMethod: io.sirix.node.NodeKind.deserializeStructDel (0x00007cb614022608) [0x00007cb614022700, 0x00007cb614023378] Compiler: c1, Barriers: 1, Oops: 1, ImmediateOops: 6, NonImmediateOops: No
[2,744s][debug][gc,nmethod     ] Register NMethod: io.sirix.axis.pathsummary.AbstractAxis.next (0x00007cb614023388) [0x00007cb614023480, 0x00007cb614023930] Compiler: c1, Barriers: 4, Oops: 1, ImmediateOops: 1, NonImmediateOops: No
[2,744s][debug][gc,nmethod     ] Register NMethod: io.sirix.index.path.summary.PathNode.setFirstChild (0x00007cb632dea088) [0x00007cb632dea180, 0x00007cb632dea2b0] Compiler: c1, Barriers: 3, Oops: 1, ImmediateOops: 0, NonImmediateOops: No
[2,744s][debug][gc,nmethod     ] Register NMethod: io.sirix.axis.pathsummary.AbstractAxis.tryToComputeNext (0x00007cb614023988) [0x00007cb614023a80, 0x00007cb614023e80] Compiler: c1, Barriers: 13, Oops: 1, ImmediateOops: 4, NonImmediateOops: No
[2,745s][debug][gc,nmethod     ] Register NMethod: io.sirix.index.path.summary.PathSummaryReader.getStructuralNode (0x00007cb632dea388) [0x00007cb632dea480, 0x00007cb632dea560] Compiler: jvmci, Barriers: 1, Oops: 1, ImmediateOops: 0, NonImmediateOops: No
[2,745s][debug][gc,nmethod     ] Register NMethod: io.sirix.access.trx.page.AbstractForwardingPageReadOnlyTrx.getResourceSession (0x00007cb632dea688) [0x00007cb632dea780, 0x00007cb632dea8b8] Compiler: jvmci, Barriers: 2, Oops: 1, ImmediateOops: 0, NonImmediateOops: No
[2,745s][debug][gc,nmethod     ] Register NMethod: io.sirix.axis.pathsummary.LevelOrderSettingInMemoryInstancesAxis.nextNode (0x00007cb614023f08) [0x00007cb614024000, 0x00007cb61402a340] Compiler: c1, Barriers: 30, Oops: 1, ImmediateOops: 11, NonImmediateOops: No
[2,746s][debug][gc,nmethod     ] Register NMethod: net.jpountz.util.Native.isLoaded (0x00007cb61402a388) [0x00007cb61402a480, 0x00007cb61402a6c8] Compiler: c1, Barriers: 0, Oops: 1, ImmediateOops: 2, NonImmediateOops: No
[2,746s][debug][gc,nmethod     ] Register NMethod: java.lang.invoke.MethodHandle.linkToStatic (0x00007cb632dea988) [0x00007cb632deaa80, 0x00007cb632deab70] Compiler: , Barriers: 0, Oops: 0, ImmediateOops: 0, NonImmediateOops: No
[2,747s][debug][gc,nmethod     ] Register NMethod: java.lang.invoke.VarHandleLongs$FieldInstanceReadOnly.getVolatile (0x00007cb61402a708) [0x00007cb61402a800, 0x00007cb61402b1f8] Compiler: c1, Barriers: 1, Oops: 1, ImmediateOops: 0, NonImmediateOops: No
[2,747s][debug][gc,nmethod     ] Register NMethod: java.lang.invoke.MethodHandle.invokeBasic (0x00007cb632deac88) [0x00007cb632dead80, 0x00007cb632deb018] Compiler: , Barriers: 0, Oops: 0, ImmediateOops: 0, NonImmediateOops: No
[2,747s][debug][gc,director    ] Rule Major: Warmup 10%, Used: 454MB, UsedThreshold: 1228MB
[2,748s][debug][gc,nmethod     ] Register NMethod: java.lang.invoke.VarHandleGuards.guard_L_J (0x00007cb61402b208) [0x00007cb61402b300, 0x00007cb61402e1a0] Compiler: c1, Barriers: 28, Oops: 0, ImmediateOops: 2, NonImmediateOops: No
[2,748s][debug][gc,nmethod     ] Register NMethod: java.util.concurrent.ConcurrentHashMap.replaceNode (0x00007cb613f75988) [0x00007cb613f75a80, 0x00007cb613f77e08] Compiler: c1, Barriers: 18, Oops: 0, ImmediateOops: 1, NonImmediateOops: No
[2,748s][debug][gc,nmethod     ] Register NMethod: java.util.concurrent.ConcurrentHashMap.replaceNode (0x00007cb613f75988) [0x00007cb613f75a80, 0x00007cb613f77e08] Compiler: c1, Barriers: 18, Oops: 0, ImmediateOops: 1, NonImmediateOops: No
[2,748s][debug][gc,nmethod     ] Register NMethod: java.util.concurrent.ConcurrentHashMap.replaceNode (0x00007cb613f75988) [0x00007cb613f75a80, 0x00007cb613f77e08] Compiler: c1, Barriers: 18, Oops: 0, ImmediateOops: 1, NonImmediateOops: No
[2,748s][debug][gc,nmethod     ] Register NMethod: java.util.concurrent.ConcurrentHashMap.replaceNode (0x00007cb613f75988) [0x00007cb613f75a80, 0x00007cb613f77e08] Compiler: c1, Barriers: 18, Oops: 0, ImmediateOops: 1, NonImmediateOops: No
[2,748s][debug][gc,nmethod     ] Register NMethod: com.github.benmanes.caffeine.cache.SSLMW.windowWeightedSize (0x00007cb632deb088) [0x00007cb632deb180, 0x00007cb632deb240] Compiler: c1, Barriers: 0, Oops: 1, ImmediateOops: 0, NonImmediateOops: No
[2,748s][debug][gc,nmethod     ] Register NMethod: com.github.benmanes.caffeine.cache.SSLMW.accessOrderWindowDeque (0x00007cb632deb388) [0x00007cb632deb480, 0x00007cb632deb570] Compiler: c1, Barriers: 1, Oops: 1, ImmediateOops: 0, NonImmediateOops: No
[2,748s][debug][gc,nmethod     ] Register NMethod: com.github.benmanes.caffeine.cache.SSLSMW.weightedSize (0x00007cb632deb688) [0x00007cb632deb780, 0x00007cb632deb840] Compiler: c1, Barriers: 0, Oops: 1, ImmediateOops: 0, NonImmediateOops: No
[2,748s][debug][gc,nmethod     ] Register NMethod: java.util.HashSet.remove (0x00007cb61402e208) [0x00007cb61402e300, 0x00007cb61402e688] Compiler: c1, Barriers: 1, Oops: 0, ImmediateOops: 1, NonImmediateOops: No
[2,748s][debug][gc,nmethod     ] Register NMethod: java.util.concurrent.locks.AbstractQueuedLongSynchronizer.getState (0x00007cb632deb988) [0x00007cb632deba80, 0x00007cb632debb48] Compiler: c1, Barriers: 0, Oops: 0, ImmediateOops: 0, NonImmediateOops: No
[2,749s][debug][gc,nmethod     ] Register NMethod: java.lang.String.encode (0x00007cb61402e708) [0x00007cb61402e800, 0x00007cb61402eb38] Compiler: c1, Barriers: 0, Oops: 0, ImmediateOops: 3, NonImmediateOops: No
[2,749s][debug][gc,nmethod     ] Register NMethod: java.lang.StringUTF16.compress (0x00007cb61402eb88) [0x00007cb61402ec80, 0x00007cb61402eeb0] Compiler: c1, Barriers: 0, Oops: 0, ImmediateOops: 0, NonImmediateOops: No
[2,749s][debug][gc,nmethod     ] Register NMethod: java.lang.StringUTF16.compress (0x00007cb61402ef08) [0x00007cb61402f000, 0x00007cb61402f348] Compiler: c1, Barriers: 0, Oops: 0, ImmediateOops: 0, NonImmediateOops: No
[2,749s][debug][gc,nmethod     ] Register NMethod: java.lang.String.<init> (0x00007cb61402f388) [0x00007cb61402f480, 0x00007cb614030040] Compiler: c1, Barriers: 10, Oops: 0, ImmediateOops: 0, NonImmediateOops: No
[2,749s][debug][gc,nmethod     ] Register NMethod: java.lang.StringUTF16.coderFromArrayLen (0x00007cb632debc88) [0x00007cb632debd80, 0x00007cb632debe18] Compiler: jvmci, Barriers: 0, Oops: 0, ImmediateOops: 0, NonImmediateOops: No
[2,750s][debug][gc,nmethod     ] Register NMethod: ch.qos.logback.core.pattern.Converter.getNext (0x00007cb632debf88) [0x00007cb632dec080, 0x00007cb632dec168] Compiler: c1, Barriers: 1, Oops: 1, ImmediateOops: 0, NonImmediateOops: No
[2,750s][debug][gc,nmethod     ] Register NMethod: com.google.gson.stream.JsonReader.nextQuotedValue (0x00007cb614030088) [0x00007cb614030180, 0x00007cb6140326e0] Compiler: c1, Barriers: 1, Oops: 2, ImmediateOops: 3, NonImmediateOops: No
[2,750s][debug][gc,nmethod     ] Register NMethod: java.lang.String.rangeCheck (0x00007cb632dec288) [0x00007cb632dec380, 0x00007cb632dec458] Compiler: jvmci, Barriers: 0, Oops: 0, ImmediateOops: 0, NonImmediateOops: No
[2,751s][debug][gc,nmethod     ] Register NMethod: java.io.FileDescriptor.<init> (0x00007cb614032708) [0x00007cb614032800, 0x00007cb614032970] Compiler: c1, Barriers: 0, Oops: 0, ImmediateOops: 0, NonImmediateOops: No
[2,752s][debug][gc,nmethod     ] Register NMethod: java.lang.invoke.MethodHandle.linkToSpecial (0x00007cb632dec588) [0x00007cb632dec680, 0x00007cb632dec778] Compiler: , Barriers: 0, Oops: 0, ImmediateOops: 0, NonImmediateOops: No
[2,752s][debug][gc,nmethod     ] Register NMethod: jdk.internal.foreign.SegmentBulkOperations.copy (0x00007cb632dec888) [0x00007cb632dec980, 0x00007cb632dedaf0] Compiler: jvmci, Barriers: 27, Oops: 1, ImmediateOops: 0, NonImmediateOops: No
[2,753s][debug][gc,nmethod     ] Register NMethod: com.google.gson.stream.JsonReader.doPeek (0x00007cb614032a08) [0x00007cb614032b00, 0x00007cb614040a88] Compiler: c1, Barriers: 4, Oops: 8, ImmediateOops: 33, NonImmediateOops: No
[2,753s][debug][gc,nmethod     ] Register NMethod: sun.nio.ch.NativeThread.current (0x00007cb614040b08) [0x00007cb614040c00, 0x00007cb6140411e0] Compiler: c1, Barriers: 1, Oops: 0, ImmediateOops: 0, NonImmediateOops: No
[2,753s][debug][gc,nmethod     ] Register NMethod: sun.nio.ch.NativeThread.isNativeThread (0x00007cb614041208) [0x00007cb614041300, 0x00007cb614041468] Compiler: c1, Barriers: 0, Oops: 0, ImmediateOops: 0, NonImmediateOops: No
[2,753s][debug][gc,nmethod     ] Register NMethod: sun.nio.ch.FileChannelImpl.ensureOpen (0x00007cb614041508) [0x00007cb614041600, 0x00007cb614041a18] Compiler: c1, Barriers: 0, Oops: 0, ImmediateOops: 0, NonImmediateOops: No
[2,753s][debug][gc,nmethod     ] Register NMethod: sun.nio.ch.FileChannelImpl.beginBlocking (0x00007cb614041a88) [0x00007cb614041b80, 0x00007cb614041ea8] Compiler: c1, Barriers: 0, Oops: 0, ImmediateOops: 0, NonImmediateOops: No
[2,753s][debug][gc,nmethod     ] Register NMethod: sun.nio.ch.FileChannelImpl.endBlocking (0x00007cb614041f08) [0x00007cb614042000, 0x00007cb614042328] Compiler: c1, Barriers: 0, Oops: 0, ImmediateOops: 0, NonImmediateOops: No
[2,754s][debug][gc,nmethod     ] Register NMethod: java.util.Arrays.equals (0x00007cb614042388) [0x00007cb614042480, 0x00007cb614042720] Compiler: c1, Barriers: 0, Oops: 0, ImmediateOops: 0, NonImmediateOops: No
[2,754s][debug][gc,nmethod     ] Register NMethod: sun.nio.ch.NativeThreadSet.remove (0x00007cb614042788) [0x00007cb614042880, 0x00007cb614042f28] Compiler: c1, Barriers: 1, Oops: 0, ImmediateOops: 0, NonImmediateOops: No
[2,754s][debug][gc,nmethod     ] Register NMethod: java.lang.invoke.LambdaFormEditor$TransformKey.<init> (0x00007cb614042f88) [0x00007cb614043080, 0x00007cb614043260] Compiler: c1, Barriers: 3, Oops: 0, ImmediateOops: 0, NonImmediateOops: No
[2,754s][debug][gc,nmethod     ] Register NMethod: java.lang.invoke.LambdaFormEditor$TransformKey.inRange (0x00007cb614043288) [0x00007cb614043380, 0x00007cb6140434c0] Compiler: c1, Barriers: 0, Oops: 0, ImmediateOops: 0, NonImmediateOops: No
[2,754s][debug][gc,nmethod     ] Register NMethod: sun.nio.ch.NativeThreadSet.add (0x00007cb614043588) [0x00007cb614043680, 0x00007cb614044590] Compiler: c1, Barriers: 9, Oops: 0, ImmediateOops: 0, NonImmediateOops: No
[2,754s][debug][gc,nmethod     ] Register NMethod: java.lang.invoke.MethodHandle.invokeBasic (0x00007cb632dedb08) [0x00007cb632dedc00, 0x00007cb632dede98] Compiler: , Barriers: 0, Oops: 0, ImmediateOops: 0, NonImmediateOops: No
[2,754s][debug][gc,nmethod     ] Register NMethod: java.lang.invoke.LambdaFormEditor.getInCache (0x00007cb614044608) [0x00007cb614044700, 0x00007cb614045f30] Compiler: c1, Barriers: 7, Oops: 0, ImmediateOops: 0, NonImmediateOops: No
[2,754s][debug][gc,nmethod     ] Register NMethod: java.lang.invoke.MethodHandle.linkToSpecial (0x00007cb632dedf08) [0x00007cb632dee000, 0x00007cb632dee0f8] Compiler: , Barriers: 0, Oops: 0, ImmediateOops: 0, NonImmediateOops: No
[2,756s][debug][gc,nmethod     ] Register NMethod: java.lang.invoke.MethodHandle.invokeBasic (0x00007cb632dee208) [0x00007cb632dee300, 0x00007cb632dee598] Compiler: , Barriers: 0, Oops: 0, ImmediateOops: 0, NonImmediateOops: No
[2,756s][debug][gc,nmethod     ] Register NMethod: org.gradle.internal.io.LineBufferingOutputStream.write (0x00007cb632dee608) [0x00007cb632dee700, 0x00007cb632deea10] Compiler: jvmci, Barriers: 4, Oops: 1, ImmediateOops: 0, NonImmediateOops: No
[2,757s][debug][gc,nmethod     ] Register NMethod: jdk.internal.classfile.impl.SplitConstantPool.classEntry (0x00007cb632deea88) [0x00007cb632deeb80, 0x00007cb632deed10] Compiler: jvmci, Barriers: 0, Oops: 0, ImmediateOops: 0, NonImmediateOops: No
[2,757s][debug][gc,director    ] Rule Major: Warmup 10%, Used: 454MB, UsedThreshold: 1228MB
[2,757s][debug][gc,nmethod     ] Register NMethod: io.sirix.node.GrowingMemorySegment.<init> (0x00007cb632deed88) [0x00007cb632deee80, 0x00007cb632df0720] Compiler: jvmci, Barriers: 72, Oops: 4, ImmediateOops: 9, NonImmediateOops: No
[2,758s][debug][gc,nmethod     ] Register NMethod: java.lang.invoke.InvokerBytecodeGenerator.assertStaticType (0x00007cb614045f88) [0x00007cb614046080, 0x00007cb614046c18] Compiler: c1, Barriers: 6, Oops: 0, ImmediateOops: 0, NonImmediateOops: No
[2,760s][debug][gc,nmethod     ] Register NMethod: java.lang.invoke.MethodHandle.invokeBasic (0x00007cb632df0788) [0x00007cb632df0880, 0x00007cb632df0b18] Compiler: , Barriers: 0, Oops: 0, ImmediateOops: 0, NonImmediateOops: No
[2,760s][debug][gc,nmethod     ] Register NMethod: java.lang.invoke.MethodHandle.linkToStatic (0x00007cb632df0b88) [0x00007cb632df0c80, 0x00007cb632df0d70] Compiler: , Barriers: 0, Oops: 0, ImmediateOops: 0, NonImmediateOops: No
[2,760s][debug][gc,nmethod     ] Register NMethod: java.lang.invoke.MethodHandle.invokeBasic (0x00007cb632df0e88) [0x00007cb632df0f80, 0x00007cb632df1218] Compiler: , Barriers: 0, Oops: 0, ImmediateOops: 0, NonImmediateOops: No
[2,760s][debug][gc,nmethod     ] Register NMethod: java.lang.invoke.MethodHandle.linkToSpecial (0x00007cb632df1288) [0x00007cb632df1380, 0x00007cb632df1478] Compiler: , Barriers: 0, Oops: 0, ImmediateOops: 0, NonImmediateOops: No
[2,760s][debug][gc,nmethod     ] Register NMethod: java.lang.invoke.VarHandleGuards.guard_LI_V (0x00007cb614046c88) [0x00007cb614046d80, 0x00007cb61404b928] Compiler: c1, Barriers: 46, Oops: 1, ImmediateOops: 6, NonImmediateOops: No
[2,761s][debug][gc,nmethod     ] Register NMethod: java.lang.invoke.LambdaForm$Name.internArguments (0x00007cb61404b988) [0x00007cb61404ba80, 0x00007cb61404c6a8] Compiler: c1, Barriers: 6, Oops: 0, ImmediateOops: 0, NonImmediateOops: No
[2,761s][debug][gc,nmethod     ] Register NMethod: java.util.concurrent.locks.ReentrantLock.lock (0x00007cb61404c708) [0x00007cb61404c800, 0x00007cb61404cfd0] Compiler: c1, Barriers: 1, Oops: 0, ImmediateOops: 0, NonImmediateOops: No
[2,761s][debug][gc,nmethod     ] Register NMethod: java.io.FileDescriptor.valid (0x00007cb61404d008) [0x00007cb61404d100, 0x00007cb61404d288] Compiler: c1, Barriers: 0, Oops: 0, ImmediateOops: 0, NonImmediateOops: No
[2,761s][debug][gc,nmethod     ] Register NMethod: sun.nio.fs.Util.followLinks (0x00007cb61404d308) [0x00007cb61404d400, 0x00007cb61404d7e8] Compiler: c1, Barriers: 1, Oops: 0, ImmediateOops: 2, NonImmediateOops: No
[2,762s][debug][gc,nmethod     ] Register NMethod: sun.nio.ch.UnixFileDispatcherImpl.size0 (0x00007cb632df1588) [0x00007cb632df1680, 0x00007cb632df17e8] Compiler: , Barriers: 0, Oops: 0, ImmediateOops: 1, NonImmediateOops: No
[2,762s][debug][gc,nmethod     ] Register NMethod: jdk.internal.classfile.impl.AbstractPoolEntry$ClassEntryImpl.hashCode (0x00007cb632df1888) [0x00007cb632df1980, 0x00007cb632df1ed8] Compiler: jvmci, Barriers: 7, Oops: 0, ImmediateOops: 2, NonImmediateOops: No
[2,762s][debug][gc,nmethod     ] Register NMethod: java.util.stream.AbstractPipeline.evaluate (0x00007cb632df1f08) [0x00007cb632df2000, 0x00007cb632df2d80] Compiler: jvmci, Barriers: 31, Oops: 0, ImmediateOops: 2, NonImmediateOops: No
[2,762s][debug][gc,nmethod     ] Register NMethod: org.magicwerk.brownies.collections.IList$Iter.hasNext (0x00007cb61404d808) [0x00007cb61404d900, 0x00007cb61404dd10] Compiler: c1, Barriers: 1, Oops: 1, ImmediateOops: 0, NonImmediateOops: No
[2,762s][debug][gc,nmethod     ] Register NMethod: java.lang.System$1.blockedOn (0x00007cb61404dd88) [0x00007cb61404de80, 0x00007cb61404e1d8] Compiler: c1, Barriers: 1, Oops: 0, ImmediateOops: 0, NonImmediateOops: No
[2,762s][debug][gc,nmethod     ] Register NMethod: java.nio.channels.spi.AbstractInterruptibleChannel.blockedOn (0x00007cb61404e208) [0x00007cb61404e300, 0x00007cb61404e768] Compiler: c1, Barriers: 2, Oops: 0, ImmediateOops: 1, NonImmediateOops: No
[2,762s][debug][gc,nmethod     ] Register NMethod: io.sirix.page.PageReference.setResourceId (0x00007cb61404e788) [0x00007cb61404e880, 0x00007cb61404e990] Compiler: c1, Barriers: 0, Oops: 1, ImmediateOops: 0, NonImmediateOops: No
[2,762s][debug][gc,nmethod     ] Register NMethod: io.sirix.page.PageReference.setDatabaseId (0x00007cb61404ea88) [0x00007cb61404eb80, 0x00007cb61404ec90] Compiler: c1, Barriers: 0, Oops: 1, ImmediateOops: 0, NonImmediateOops: No
[2,762s][debug][gc,nmethod     ] Register NMethod: java.util.Collections.emptyIterator (0x00007cb61404ed88) [0x00007cb61404ee80, 0x00007cb61404ef68] Compiler: c1, Barriers: 0, Oops: 0, ImmediateOops: 1, NonImmediateOops: No
[2,763s][debug][gc,nmethod     ] Register NMethod: com.github.benmanes.caffeine.cache.BoundedLocalCache.refreshAfterWrite (0x00007cb632df2d88) [0x00007cb632df2e80, 0x00007cb632df2f40] Compiler: c1, Barriers: 0, Oops: 1, ImmediateOops: 0, NonImmediateOops: No
[2,763s][debug][gc,nmethod     ] Register NMethod: com.github.benmanes.caffeine.cache.BoundedLocalCache.expiry (0x00007cb632df3088) [0x00007cb632df3180, 0x00007cb632df3248] Compiler: c1, Barriers: 0, Oops: 1, ImmediateOops: 0, NonImmediateOops: No
[2,763s][debug][gc,nmethod     ] Register NMethod: org.magicwerk.brownies.collections.IList$Iter.next (0x00007cb61404f088) [0x00007cb61404f180, 0x00007cb61404f978] Compiler: c1, Barriers: 2, Oops: 1, ImmediateOops: 0, NonImmediateOops: No
[2,763s][debug][gc,nmethod     ] Register NMethod: io.sirix.page.PageReference.<init> (0x00007cb61404f988) [0x00007cb61404fa80, 0x00007cb61404fed0] Compiler: c1, Barriers: 6, Oops: 1, ImmediateOops: 1, NonImmediateOops: No
[2,763s][debug][gc,nmethod     ] Register NMethod: java.lang.invoke.MethodHandle.invokeBasic (0x00007cb632df3388) [0x00007cb632df3480, 0x00007cb632df3718] Compiler: , Barriers: 0, Oops: 0, ImmediateOops: 0, NonImmediateOops: No
[2,764s][debug][gc,nmethod     ] Register NMethod: com.github.benmanes.caffeine.cache.PSMW.getWeight (0x00007cb632df3788) [0x00007cb632df3880, 0x00007cb632df3940] Compiler: c1, Barriers: 0, Oops: 1, ImmediateOops: 0, NonImmediateOops: No
[2,764s][debug][gc,nmethod     ] Register NMethod: java.lang.invoke.VarHandleGuards.guard_LJJ_Z (0x00007cb61404ff08) [0x00007cb614050000, 0x00007cb614052ee0] Compiler: c1, Barriers: 28, Oops: 0, ImmediateOops: 2, NonImmediateOops: No
[2,765s][debug][gc,nmethod     ] Register NMethod: sun.nio.fs.NativeBuffers.copyCStringToNativeBuffer (0x00007cb614052f08) [0x00007cb614053000, 0x00007cb6140535c0] Compiler: c1, Barriers: 0, Oops: 1, ImmediateOops: 1, NonImmediateOops: No
[2,765s][debug][gc,nmethod     ] Register NMethod: io.sirix.page.SerializationType.readHash (0x00007cb614053608) [0x00007cb614053700, 0x00007cb614053c68] Compiler: c1, Barriers: 3, Oops: 1, ImmediateOops: 0, NonImmediateOops: No
[2,765s][debug][gc,nmethod     ] Register NMethod: org.magicwerk.brownies.collections.GapList.add (0x00007cb614053c88) [0x00007cb614053d80, 0x00007cb614054298] Compiler: c1, Barriers: 0, Oops: 1, ImmediateOops: 0, NonImmediateOops: No
[2,765s][debug][gc,nmethod     ] Register NMethod: io.sirix.page.SerializationType.readPageFragments (0x00007cb614054308) [0x00007cb614054400, 0x00007cb614055000] Compiler: c1, Barriers: 1, Oops: 1, ImmediateOops: 0, NonImmediateOops: No
[2,765s][debug][gc,nmethod     ] Register NMethod: java.lang.invoke.VarHandleGuards.guard_L_L (0x00007cb632df3a88) [0x00007cb632df3b80, 0x00007cb632df45d8] Compiler: jvmci, Barriers: 25, Oops: 0, ImmediateOops: 5, NonImmediateOops: No
[2,765s][debug][gc,nmethod     ] Register NMethod: org.magicwerk.brownies.collections.GapList.doEnsureCapacity (0x00007cb614055088) [0x00007cb614055180, 0x00007cb614055a28] Compiler: c1, Barriers: 6, Oops: 1, ImmediateOops: 0, NonImmediateOops: No
[2,765s][debug][gc,nmethod     ] Register NMethod: org.magicwerk.brownies.collections.IList.checkIndexAdd (0x00007cb614055a88) [0x00007cb614055b80, 0x00007cb614057388] Compiler: c1, Barriers: 0, Oops: 4, ImmediateOops: 4, NonImmediateOops: No
[2,765s][debug][gc,nmethod     ] Register NMethod: java.nio.ByteBuffer.put (0x00007cb614057408) [0x00007cb614057500, 0x00007cb614057810] Compiler: c1, Barriers: 0, Oops: 0, ImmediateOops: 0, NonImmediateOops: No
[2,766s][debug][gc,nmethod     ] Register NMethod: java.nio.Buffer.checkSession (0x00007cb614057888) [0x00007cb614057980, 0x00007cb614058d40] Compiler: c1, Barriers: 5, Oops: 0, ImmediateOops: 2, NonImmediateOops: No
[2,766s][debug][gc,nmethod     ] Register NMethod: org.magicwerk.brownies.collections.GapList.doAdd (0x00007cb614058d88) [0x00007cb614058e80, 0x00007cb61405ae40] Compiler: c1, Barriers: 13, Oops: 1, ImmediateOops: 0, NonImmediateOops: No
[2,766s][debug][gc,nmethod     ] Register NMethod: java.nio.HeapByteBuffer.ix (0x00007cb632df4608) [0x00007cb632df4700, 0x00007cb632df4788] Compiler: jvmci, Barriers: 0, Oops: 0, ImmediateOops: 0, NonImmediateOops: No
[2,766s][debug][gc,nmethod     ] Register NMethod: java.nio.HeapByteBuffer.put (0x00007cb61405ae88) [0x00007cb61405af80, 0x00007cb61405cf50] Compiler: c1, Barriers: 6, Oops: 0, ImmediateOops: 2, NonImmediateOops: No
[2,766s][debug][gc,nmethod     ] Register NMethod: io.sirix.node.NodeSerializerImpl.deserializeDeweyID (0x00007cb61405cf88) [0x00007cb61405d080, 0x00007cb61405e008] Compiler: c1, Barriers: 0, Oops: 1, ImmediateOops: 0, NonImmediateOops: No
[2,767s][debug][gc,nmethod     ] Register NMethod: jdk.internal.misc.Unsafe.putLongVolatile (0x00007cb632df4908) [0x00007cb632df4a00, 0x00007cb632df4b58] Compiler: , Barriers: 0, Oops: 0, ImmediateOops: 0, NonImmediateOops: No
[2,767s][debug][gc,nmethod     ] Register NMethod: io.sirix.page.KeyValueLeafPage.getPageKey (0x00007cb632df4c08) [0x00007cb632df4d00, 0x00007cb632df4dc0] Compiler: c1, Barriers: 0, Oops: 1, ImmediateOops: 0, NonImmediateOops: No
[2,767s][debug][gc,director    ] Rule Major: Warmup 10%, Used: 454MB, UsedThreshold: 1228MB
[2,768s][debug][gc,nmethod     ] Register NMethod: com.github.benmanes.caffeine.cache.BoundedLocalCache.collectKeys (0x00007cb632df4f08) [0x00007cb632df5000, 0x00007cb632df50c0] Compiler: c1, Barriers: 0, Oops: 1, ImmediateOops: 0, NonImmediateOops: No
[2,768s][debug][gc,nmethod     ] Register NMethod: com.github.benmanes.caffeine.cache.BoundedLocalCache.pacer (0x00007cb632df5208) [0x00007cb632df5300, 0x00007cb632df53c8] Compiler: c1, Barriers: 0, Oops: 1, ImmediateOops: 0, NonImmediateOops: No
[2,769s][debug][gc,nmethod     ] Register NMethod: java.io.FileDescriptor.close0 (0x00007cb632df5508) [0x00007cb632df5600, 0x00007cb632df5748] Compiler: , Barriers: 0, Oops: 0, ImmediateOops: 0, NonImmediateOops: No
[2,769s][debug][gc,nmethod     ] Register NMethod: jdk.internal.classfile.impl.SplitConstantPool.classEntryForClassOrInterface (0x00007cb632df5808) [0x00007cb632df5900, 0x00007cb632df6268] Compiler: jvmci, Barriers: 21, Oops: 0, ImmediateOops: 1, NonImmediateOops: No
[2,769s][debug][gc,nmethod     ] Register NMethod: io.sirix.node.MemorySegmentBytesIn.readInt (0x00007cb632df6288) [0x00007cb632df6380, 0x00007cb632df67c8] Compiler: jvmci, Barriers: 4, Oops: 3, ImmediateOops: 0, NonImmediateOops: No
[2,773s][debug][gc,nmethod     ] Register NMethod: java.util.regex.Pattern.next (0x00007cb61405e088) [0x00007cb61405e180, 0x00007cb61405e400] Compiler: c1, Barriers: 1, Oops: 0, ImmediateOops: 0, NonImmediateOops: No
[2,773s][debug][gc,nmethod     ] Register NMethod: java.lang.classfile.CodeBuilder.getfield (0x00007cb61405e408) [0x00007cb61405e500, 0x00007cb61405e810] Compiler: c1, Barriers: 0, Oops: 0, ImmediateOops: 1, NonImmediateOops: No
[2,774s][debug][gc,nmethod     ] Register NMethod: java.util.regex.Pattern$Node.<init> (0x00007cb61405e888) [0x00007cb61405e980, 0x00007cb61405eb60] Compiler: c1, Barriers: 3, Oops: 0, ImmediateOops: 1, NonImmediateOops: No
[2,774s][debug][gc,nmethod     ] Register NMethod: java.lang.StringUTF16.codePointAt (0x00007cb61405eb88) [0x00007cb61405ec80, 0x00007cb61405f368] Compiler: c1, Barriers: 0, Oops: 1, ImmediateOops: 2, NonImmediateOops: No
[2,776s][debug][gc,nmethod     ] Register NMethod: java.lang.System.getProperty (0x00007cb61405f388) [0x00007cb61405f480, 0x00007cb61405fca0] Compiler: c1, Barriers: 2, Oops: 0, ImmediateOops: 3, NonImmediateOops: No
[2,777s][debug][gc,nmethod     ] Register NMethod: java.util.concurrent.ConcurrentHashMap$BaseIterator.<init> (0x00007cb61405fd08) [0x00007cb61405fe00, 0x00007cb6140601a8] Compiler: c1, Barriers: 3, Oops: 0, ImmediateOops: 0, NonImmediateOops: No
[2,777s][debug][gc,nmethod     ] Register NMethod: java.lang.String.<init> (0x00007cb614060208) [0x00007cb614060300, 0x00007cb614060640] Compiler: c1, Barriers: 0, Oops: 1, ImmediateOops: 1, NonImmediateOops: No
[2,777s][debug][gc,director    ] Rule Major: Warmup 10%, Used: 456MB, UsedThreshold: 1228MB
[2,781s][debug][gc,nmethod     ] Register NMethod: io.brackit.query.function.AbstractFunction.getName (0x00007cb632df6808) [0x00007cb632df6900, 0x00007cb632df69e8] Compiler: c1, Barriers: 1, Oops: 1, ImmediateOops: 0, NonImmediateOops: No
[2,781s][debug][gc,nmethod     ] Register NMethod: io.brackit.query.jdm.type.SequenceType.<init> (0x00007cb614060688) [0x00007cb614060780, 0x00007cb6140609c8] Compiler: c1, Barriers: 6, Oops: 1, ImmediateOops: 0, NonImmediateOops: No
[2,787s][debug][gc,director    ] Rule Major: Warmup 10%, Used: 456MB, UsedThreshold: 1228MB
[2,787s][debug][gc,nmethod     ] Register NMethod: io.sirix.page.KeyValueLeafPage.resizeMemorySegment (0x00007cb632df6b08) [0x00007cb632df6c00, 0x00007cb632df7810] Compiler: jvmci, Barriers: 7, Oops: 3, ImmediateOops: 0, NonImmediateOops: No
[2,788s][debug][gc,nmethod     ] Register NMethod: io.brackit.query.function.AbstractFunction.<init> (0x00007cb614060a08) [0x00007cb614060b00, 0x00007cb614060e10] Compiler: c1, Barriers: 6, Oops: 1, ImmediateOops: 0, NonImmediateOops: No
[2,788s][debug][gc,nmethod     ] Register NMethod: io.brackit.query.module.Functions.predefine (0x00007cb614060e88) [0x00007cb614060f80, 0x00007cb614062710] Compiler: c1, Barriers: 10, Oops: 3, ImmediateOops: 3, NonImmediateOops: No
[2,789s][debug][gc,nmethod     ] Register NMethod: io.brackit.query.jdm.Signature.<init> (0x00007cb614062788) [0x00007cb614062880, 0x00007cb614062b50] Compiler: c1, Barriers: 9, Oops: 1, ImmediateOops: 0, NonImmediateOops: No
[2,792s][debug][gc,nmethod     ] Register NMethod: java.io.FileDescriptor.attach (0x00007cb614062b88) [0x00007cb614062c80, 0x00007cb614063c70] Compiler: c1, Barriers: 16, Oops: 0, ImmediateOops: 1, NonImmediateOops: No
[2,792s][debug][gc,nmethod     ] Register NMethod: java.io.FileDescriptor$1.get (0x00007cb614063c88) [0x00007cb614063d80, 0x00007cb614063e88] Compiler: c1, Barriers: 0, Oops: 0, ImmediateOops: 0, NonImmediateOops: No
[2,792s][debug][gc,nmethod     ] Register NMethod: java.io.FileDescriptor$1.getHandle (0x00007cb614063f88) [0x00007cb614064080, 0x00007cb614064188] Compiler: c1, Barriers: 0, Oops: 0, ImmediateOops: 0, NonImmediateOops: No
[2,792s][debug][gc,nmethod     ] Register NMethod: java.io.FileCleanable.<init> (0x00007cb614064288) [0x00007cb614064380, 0x00007cb6140644e0] Compiler: c1, Barriers: 0, Oops: 0, ImmediateOops: 0, NonImmediateOops: No
[2,793s][debug][gc,nmethod     ] Register NMethod: java.io.FileDescriptor.registerCleanup (0x00007cb614064588) [0x00007cb614064680, 0x00007cb614064d08] Compiler: c1, Barriers: 4, Oops: 1, ImmediateOops: 1, NonImmediateOops: No
[2,793s][debug][gc,nmethod     ] Register NMethod: java.io.FileCleanable.register (0x00007cb614064d88) [0x00007cb614064e80, 0x00007cb614065be8] Compiler: c1, Barriers: 4, Oops: 2, ImmediateOops: 2, NonImmediateOops: No
[2,794s][debug][gc,nmethod     ] Register NMethod: java.io.FileInputStream.open0 (0x00007cb632df7888) [0x00007cb632df7980, 0x00007cb632df7ad8] Compiler: , Barriers: 0, Oops: 0, ImmediateOops: 0, NonImmediateOops: No
[2,794s][debug][gc,nmethod     ] Register NMethod: java.lang.String.getBytes (0x00007cb632df7b88) [0x00007cb632df7c80, 0x00007cb632df8020] Compiler: jvmci, Barriers: 1, Oops: 0, ImmediateOops: 0, NonImmediateOops: No
[2,795s][debug][gc,nmethod     ] Register NMethod: jdk.internal.loader.URLClassPath$FileLoader.getResource (0x00007cb632df8088) [0x00007cb632df8180, 0x00007cb632df8f98] Compiler: jvmci, Barriers: 15, Oops: 1, ImmediateOops: 3, NonImmediateOops: No
[2,795s][debug][gc,nmethod     ] Register NMethod: java.lang.String.indexOf (0x00007cb632df9008) [0x00007cb632df9100, 0x00007cb632df94a8] Compiler: jvmci, Barriers: 1, Oops: 0, ImmediateOops: 0, NonImmediateOops: No
[2,797s][debug][gc,director    ] Rule Major: Warmup 10%, Used: 458MB, UsedThreshold: 1228MB
[2,801s][debug][gc,nmethod     ] Register NMethod: jdk.internal.classfile.impl.AbstractPoolEntry$ClassEntryImpl.asInternalName (0x00007cb614065c08) [0x00007cb614065d00, 0x00007cb6140664b0] Compiler: c1, Barriers: 1, Oops: 0, ImmediateOops: 0, NonImmediateOops: No
[2,801s][debug][gc,nmethod     ] Register NMethod: java.lang.classfile.CodeBuilder.loadConstant (0x00007cb614066508) [0x00007cb614066600, 0x00007cb6140682c0] Compiler: c1, Barriers: 0, Oops: 0, ImmediateOops: 0, NonImmediateOops: No
[2,801s][debug][gc,nmethod     ] Register NMethod: jdk.internal.classfile.impl.AbstractPoolEntry$AbstractNamedEntry.asInternalName (0x00007cb614068308) [0x00007cb614068400, 0x00007cb614068b50] Compiler: c1, Barriers: 1, Oops: 0, ImmediateOops: 0, NonImmediateOops: No
[2,802s][debug][gc,nmethod     ] Register NMethod: io.brackit.query.compiler.parser.Tokenizer.ws (0x00007cb614068b88) [0x00007cb614068c80, 0x00007cb6140690d8] Compiler: c1, Barriers: 1, Oops: 1, ImmediateOops: 0, NonImmediateOops: No
[2,803s][debug][gc,nmethod     ] Register NMethod: io.brackit.query.compiler.parser.Tokenizer.laSkipWS (0x00007cb614069108) [0x00007cb614069200, 0x00007cb61406a3c8] Compiler: c1, Barriers: 7, Oops: 2, ImmediateOops: 2, NonImmediateOops: No
[2,805s][debug][gc,nmethod     ] Register NMethod: java.util.concurrent.ConcurrentHashMap.containsKey (0x00007cb61406a408) [0x00007cb61406a500, 0x00007cb61406a680] Compiler: c1, Barriers: 0, Oops: 0, ImmediateOops: 0, NonImmediateOops: No
[2,808s][debug][gc,director    ] Rule Major: Warmup 10%, Used: 458MB, UsedThreshold: 1228MB
[2,809s][debug][gc,nmethod     ] Register NMethod: jdk.internal.classfile.impl.StackMapGenerator$Type.<init> (0x00007cb632df9508) [0x00007cb632df9600, 0x00007cb632df96f0] Compiler: jvmci, Barriers: 3, Oops: 0, ImmediateOops: 0, NonImmediateOops: No
[2,809s][debug][gc,nmethod     ] Register NMethod: io.brackit.query.compiler.AST.getType (0x00007cb632df9808) [0x00007cb632df9900, 0x00007cb632df99c0] Compiler: c1, Barriers: 0, Oops: 1, ImmediateOops: 0, NonImmediateOops: No
[2,813s][debug][gc,nmethod     ] Register NMethod: io.brackit.query.compiler.AST.getChildCount (0x00007cb61406a708) [0x00007cb61406a800, 0x00007cb61406a9a0] Compiler: c1, Barriers: 1, Oops: 1, ImmediateOops: 0, NonImmediateOops: No
[2,813s][debug][gc,nmethod     ] Register NMethod: java.lang.ClassLoader.getClassLoadingLock (0x00007cb632df9b08) [0x00007cb632df9c00, 0x00007cb632dfad10] Compiler: jvmci, Barriers: 33, Oops: 1, ImmediateOops: 0, NonImmediateOops: No
[2,815s][debug][gc,nmethod     ] Register NMethod: io.brackit.query.compiler.AST.getChild (0x00007cb61406aa08) [0x00007cb61406ab00, 0x00007cb61406c130] Compiler: c1, Barriers: 13, Oops: 2, ImmediateOops: 3, NonImmediateOops: No
[2,815s][debug][gc,nmethod     ] Register NMethod: io.brackit.query.compiler.optimizer.walker.Walker.walkInternal (0x00007cb61406c188) [0x00007cb61406c280, 0x00007cb61406cfc8] Compiler: c1, Barriers: 2, Oops: 1, ImmediateOops: 0, NonImmediateOops: No
[2,817s][debug][gc,nmethod     ] Register NMethod: java.io.UnixFileSystem.getLength0 (0x00007cb632dfad88) [0x00007cb632dfae80, 0x00007cb632dfafe8] Compiler: , Barriers: 0, Oops: 0, ImmediateOops: 0, NonImmediateOops: No
[2,817s][debug][gc,nmethod     ] Register NMethod: jdk.internal.loader.Resource.getManifest (0x00007cb632dfb088) [0x00007cb632dfb180, 0x00007cb632dfb248] Compiler: c1, Barriers: 0, Oops: 0, ImmediateOops: 0, NonImmediateOops: No
[2,817s][debug][gc,nmethod     ] Register NMethod: io.brackit.query.compiler.optimizer.walker.topdown.ScopeWalker.walkInspect (0x00007cb61406d008) [0x00007cb61406d100, 0x00007cb61406d4c8] Compiler: c1, Barriers: 1, Oops: 1, ImmediateOops: 0, NonImmediateOops: No
[2,817s][debug][gc,nmethod     ] Register NMethod: jdk.internal.loader.Resource.getCodeSigners (0x00007cb632dfb388) [0x00007cb632dfb480, 0x00007cb632dfb548] Compiler: c1, Barriers: 0, Oops: 0, ImmediateOops: 0, NonImmediateOops: No
[2,818s][debug][gc,nmethod     ] Register NMethod: io.brackit.query.compiler.optimizer.walker.topdown.ScopeWalker.inspect (0x00007cb61406d508) [0x00007cb61406d600, 0x00007cb61406e800] Compiler: c1, Barriers: 12, Oops: 1, ImmediateOops: 0, NonImmediateOops: No
[2,818s][debug][gc,nmethod     ] Register NMethod: io.sirix.page.KeyValueLeafPage.setData (0x00007cb632dfb688) [0x00007cb632dfb780, 0x00007cb632dffd40] Compiler: jvmci, Barriers: 64, Oops: 6, ImmediateOops: 4, NonImmediateOops: No
[2,818s][debug][gc,director    ] Rule Major: Warmup 10%, Used: 460MB, UsedThreshold: 1228MB
[2,819s][debug][gc,nmethod     ] Register NMethod: java.lang.AbstractStringBuilder.newCapacity (0x00007cb632dffd88) [0x00007cb632dffe80, 0x00007cb632dfff70] Compiler: jvmci, Barriers: 0, Oops: 0, ImmediateOops: 0, NonImmediateOops: No
[2,823s][debug][gc,nmethod     ] Register NMethod: io.sirix.page.PageKind$1.serializePage (0x00007cb632e00088) [0x00007cb632e00180, 0x00007cb632e09520] Compiler: jvmci, Barriers: 167, Oops: 17, ImmediateOops: 6, NonImmediateOops: No
[2,824s][debug][gc,nmethod     ] Register NMethod: java.lang.AbstractStringBuilder.ensureCapacityNewCoder (0x00007cb632e09608) [0x00007cb632e09700, 0x00007cb632e09cb8] Compiler: jvmci, Barriers: 0, Oops: 0, ImmediateOops: 0, NonImmediateOops: No
[2,828s][debug][gc,director    ] Rule Major: Warmup 10%, Used: 460MB, UsedThreshold: 1228MB
[2,830s][debug][gc,nmethod     ] Register NMethod: java.util.logging.Level.intValue (0x00007cb632e09d08) [0x00007cb632e09e00, 0x00007cb632e09ec0] Compiler: c1, Barriers: 0, Oops: 0, ImmediateOops: 0, NonImmediateOops: No
[2,831s][debug][gc,nmethod     ] Register NMethod: java.net.URLStreamHandler.parseURL (0x00007cb632e0a008) [0x00007cb632e0a100, 0x00007cb632e0ccc0] Compiler: jvmci, Barriers: 55, Oops: 2, ImmediateOops: 4, NonImmediateOops: No
[2,835s][debug][gc,nmethod     ] Register NMethod: java.util.concurrent.ForkJoinPool.signalWork (0x00007cb61406e888) [0x00007cb61406e980, 0x00007cb61406f238] Compiler: c1, Barriers: 3, Oops: 0, ImmediateOops: 1, NonImmediateOops: No
[2,835s][debug][gc,nmethod     ] Register NMethod: java.util.zip.Inflater.needsInput (0x00007cb632e0cd08) [0x00007cb632e0ce00, 0x00007cb632e0d0c8] Compiler: jvmci, Barriers: 2, Oops: 0, ImmediateOops: 0, NonImmediateOops: No
[2,836s][debug][gc,nmethod     ] Register NMethod: com.github.benmanes.caffeine.cache.PS.getKeyReference (0x00007cb61406f288) [0x00007cb61406f380, 0x00007cb614070558] Compiler: c1, Barriers: 1, Oops: 7, ImmediateOops: 8, NonImmediateOops: No
[2,836s][debug][gc,nmethod     ] Register NMethod: java.lang.invoke.MethodHandle.invokeBasic (0x00007cb632e0d108) [0x00007cb632e0d200, 0x00007cb632e0d498] Compiler: , Barriers: 0, Oops: 0, ImmediateOops: 0, NonImmediateOops: No
[2,836s][debug][gc,nmethod     ] Register NMethod: java.util.concurrent.ForkJoinPool$WorkQueue.push (0x00007cb614070608) [0x00007cb614070700, 0x00007cb6140713a8] Compiler: c1, Barriers: 9, Oops: 0, ImmediateOops: 1, NonImmediateOops: No
[2,836s][debug][gc,nmethod     ] Register NMethod: java.lang.invoke.VarHandleReferences$Array.runtimeTypeCheck (0x00007cb614071408) [0x00007cb614071500, 0x00007cb6140728d0] Compiler: c1, Barriers: 5, Oops: 0, ImmediateOops: 0, NonImmediateOops: No
[2,836s][debug][gc,nmethod     ] Register NMethod: java.lang.invoke.VarHandleReferences$Array.setRelease (0x00007cb614072908) [0x00007cb614072a00, 0x00007cb614074a68] Compiler: c1, Barriers: 5, Oops: 2, ImmediateOops: 2, NonImmediateOops: No
[2,836s][debug][gc,nmethod     ] Register NMethod: java.util.concurrent.locks.ReentrantLock$NonfairSync.initialTryLock (0x00007cb614074a88) [0x00007cb614074b80, 0x00007cb614075870] Compiler: c1, Barriers: 5, Oops: 0, ImmediateOops: 1, NonImmediateOops: No
[2,836s][debug][gc,nmethod     ] Register NMethod: java.lang.invoke.VarHandleReferences$Array.getVolatile (0x00007cb614075888) [0x00007cb614075980, 0x00007cb6140764e8] Compiler: c1, Barriers: 2, Oops: 2, ImmediateOops: 1, NonImmediateOops: No
[2,836s][debug][gc,nmethod     ] Register NMethod: com.github.benmanes.caffeine.cache.BaseMpscLinkedArrayQueue.lvElement (0x00007cb614076508) [0x00007cb614076600, 0x00007cb6140777c8] Compiler: c1, Barriers: 1, Oops: 8, ImmediateOops: 9, NonImmediateOops: No
[2,836s][debug][gc,nmethod     ] Register NMethod: java.util.concurrent.ForkJoinPool.compareAndSetCtl (0x00007cb614077888) [0x00007cb614077980, 0x00007cb614077aa0] Compiler: c1, Barriers: 0, Oops: 0, ImmediateOops: 0, NonImmediateOops: No
[2,837s][debug][gc,nmethod     ] Register NMethod: com.github.benmanes.caffeine.cache.PSMW.getNextInAccessOrder (0x00007cb632e0d508) [0x00007cb632e0d600, 0x00007cb632e0d6e8] Compiler: c1, Barriers: 1, Oops: 1, ImmediateOops: 0, NonImmediateOops: No
[2,837s][debug][gc,nmethod     ] Register NMethod: com.github.benmanes.caffeine.cache.BaseMpscLinkedArrayQueue.lvProducerIndex (0x00007cb614077b88) [0x00007cb614077c80, 0x00007cb614078988] Compiler: c1, Barriers: 0, Oops: 6, ImmediateOops: 5, NonImmediateOops: No
[2,837s][debug][gc,nmethod     ] Register NMethod: java.lang.invoke.VarHandleGuards.guard_LIL_V (0x00007cb614078a08) [0x00007cb614078b00, 0x00007cb61407d6c8] Compiler: c1, Barriers: 46, Oops: 1, ImmediateOops: 6, NonImmediateOops: No
[2,837s][debug][gc,nmethod     ] Register NMethod: io.sirix.access.trx.node.AbstractNodeReadOnlyTrx.getKind (0x00007cb61407d708) [0x00007cb61407d800, 0x00007cb61407de68] Compiler: c1, Barriers: 1, Oops: 1, ImmediateOops: 1, NonImmediateOops: No
[2,837s][debug][gc,nmethod     ] Register NMethod: java.lang.invoke.VarHandleGuards.guard_LI_L (0x00007cb61407de88) [0x00007cb61407df80, 0x00007cb614081418] Compiler: c1, Barriers: 29, Oops: 0, ImmediateOops: 2, NonImmediateOops: No
[2,838s][debug][gc,director    ] Rule Major: Warmup 10%, Used: 462MB, UsedThreshold: 1228MB
[2,838s][debug][gc,nmethod     ] Register NMethod: io.sirix.access.trx.node.AbstractNodeReadOnlyTrx.getNodeKey (0x00007cb614081488) [0x00007cb614081580, 0x00007cb614081be8] Compiler: c1, Barriers: 1, Oops: 1, ImmediateOops: 1, NonImmediateOops: No
[2,839s][debug][gc,nmethod     ] Register NMethod: com.github.benmanes.caffeine.cache.BaseMpscLinkedArrayQueue.poll (0x00007cb614081c08) [0x00007cb614081d00, 0x00007cb6140876c8] Compiler: c1, Barriers: 6, Oops: 16, ImmediateOops: 39, NonImmediateOops: No
[2,839s][debug][gc,nmethod     ] Register NMethod: io.sirix.query.node.XmlDBNode.<init> (0x00007cb614087788) [0x00007cb614087880, 0x00007cb614089110] Compiler: c1, Barriers: 16, Oops: 1, ImmediateOops: 1, NonImmediateOops: No
[2,839s][debug][gc,nmethod     ] Register NMethod: io.sirix.node.MemorySegmentBytesIn.readByte (0x00007cb632e0d808) [0x00007cb632e0d900, 0x00007cb632e0dd50] Compiler: jvmci, Barriers: 4, Oops: 2, ImmediateOops: 0, NonImmediateOops: No
[2,839s][debug][gc,nmethod     ] Register NMethod: net.jpountz.lz4.LZ4BlockInputStream.tryReadFully (0x00007cb614089188) [0x00007cb614089280, 0x00007cb614089800] Compiler: c1, Barriers: 1, Oops: 1, ImmediateOops: 0, NonImmediateOops: No
[2,840s][debug][gc,nmethod     ] Register NMethod: java.lang.Long.numberOfTrailingZeros (0x00007cb632e0dd88) [0x00007cb632e0de80, 0x00007cb632e0df00] Compiler: jvmci, Barriers: 0, Oops: 0, ImmediateOops: 0, NonImmediateOops: No
[2,841s][debug][gc,nmethod     ] Register NMethod: java.util.BitSet.nextSetBit (0x00007cb632e0e088) [0x00007cb632e0e180, 0x00007cb632e0e300] Compiler: jvmci, Barriers: 1, Oops: 0, ImmediateOops: 0, NonImmediateOops: No
[2,841s][debug][gc,nmethod     ] Register NMethod: jdk.internal.misc.Unsafe.putIntRelease (0x00007cb614089888) [0x00007cb614089980, 0x00007cb614089a88] Compiler: c1, Barriers: 0, Oops: 0, ImmediateOops: 0, NonImmediateOops: No
[2,841s][debug][gc,nmethod     ] Register NMethod: com.github.benmanes.caffeine.cache.SSLMW.windowMaximum (0x00007cb632e0e388) [0x00007cb632e0e480, 0x00007cb632e0e540] Compiler: c1, Barriers: 0, Oops: 1, ImmediateOops: 0, NonImmediateOops: No
[2,842s][debug][gc,nmethod     ] Register NMethod: java.lang.invoke.VarHandleInts$FieldInstanceReadWrite.setRelease (0x00007cb614089b88) [0x00007cb614089c80, 0x00007cb61408a880] Compiler: c1, Barriers: 1, Oops: 1, ImmediateOops: 1, NonImmediateOops: No
[2,842s][debug][gc,nmethod     ] Register NMethod: java.util.concurrent.ForkJoinPool$WorkQueue.nextLocalTask (0x00007cb61408a908) [0x00007cb61408aa00, 0x00007cb61408ba58] Compiler: c1, Barriers: 9, Oops: 1, ImmediateOops: 1, NonImmediateOops: No
[2,842s][debug][gc,nmethod     ] Register NMethod: com.github.benmanes.caffeine.cache.BLCHeader$DrainStatusRef.setDrainStatusRelease (0x00007cb61408ba88) [0x00007cb61408bb80, 0x00007cb61408c9e0] Compiler: c1, Barriers: 0, Oops: 6, ImmediateOops: 6, NonImmediateOops: No
[2,842s][debug][gc,nmethod     ] Register NMethod: io.sirix.axis.AbstractAxis.hasNext (0x00007cb61408ca88) [0x00007cb61408cb80, 0x00007cb61408d648] Compiler: c1, Barriers: 2, Oops: 1, ImmediateOops: 1, NonImmediateOops: No
[2,842s][debug][gc,nmethod     ] Register NMethod: io.sirix.access.trx.node.AbstractNodeReadOnlyTrx.moveToParent (0x00007cb61408d688) [0x00007cb61408d780, 0x00007cb61408dfe0] Compiler: c1, Barriers: 1, Oops: 1, ImmediateOops: 1, NonImmediateOops: No
[2,843s][debug][gc,nmethod     ] Register NMethod: java.lang.Integer.numberOfTrailingZeros (0x00007cb632e0e688) [0x00007cb632e0e780, 0x00007cb632e0e880] Compiler: jvmci, Barriers: 0, Oops: 0, ImmediateOops: 0, NonImmediateOops: No
[2,843s][debug][gc,nmethod     ] Register NMethod: io.sirix.access.trx.node.AbstractNodeReadOnlyTrx.moveTo (0x00007cb61408e008) [0x00007cb61408e100, 0x00007cb61408fc68] Compiler: c1, Barriers: 11, Oops: 1, ImmediateOops: 4, NonImmediateOops: No
[2,843s][debug][gc,nmethod     ] Register NMethod: io.sirix.access.trx.page.NodePageReadOnlyTrx.getMostRecentPage (0x00007cb61408fc88) [0x00007cb61408fd80, 0x00007cb614090688] Compiler: c1, Barriers: 11, Oops: 1, ImmediateOops: 1, NonImmediateOops: No
[2,843s][debug][gc,nmethod     ] Register NMethod: io.sirix.node.MemorySegmentBytesIn.position (0x00007cb632e0e988) [0x00007cb632e0ea80, 0x00007cb632e0eb40] Compiler: c1, Barriers: 0, Oops: 1, ImmediateOops: 0, NonImmediateOops: No
[2,843s][debug][gc,nmethod     ] Register NMethod: java.lang.String.substring (0x00007cb632e0ec88) [0x00007cb632e0ed80, 0x00007cb632e0f1e0] Compiler: jvmci, Barriers: 3, Oops: 0, ImmediateOops: 1, NonImmediateOops: No
[2,843s][debug][gc,nmethod     ] Register NMethod: io.sirix.axis.AbstractAxis.nextLong (0x00007cb614090708) [0x00007cb614090800, 0x00007cb614091290] Compiler: c1, Barriers: 5, Oops: 1, ImmediateOops: 1, NonImmediateOops: No
[2,843s][debug][gc,nmethod     ] Register NMethod: io.sirix.node.xml.ElementNode.hasRightSibling (0x00007cb614091308) [0x00007cb614091400, 0x00007cb614096838] Compiler: c1, Barriers: 19, Oops: 7, ImmediateOops: 12, NonImmediateOops: No
[2,844s][debug][gc,nmethod     ] Register NMethod: io.sirix.axis.filter.FilterAxis.nextKey (0x00007cb614096888) [0x00007cb614096980, 0x00007cb614097f90] Compiler: c1, Barriers: 3, Oops: 1, ImmediateOops: 1, NonImmediateOops: No
[2,844s][debug][gc,nmethod     ] Register NMethod: io.sirix.axis.AbstractAxis.<init> (0x00007cb614098008) [0x00007cb614098100, 0x00007cb614098b50] Compiler: c1, Barriers: 9, Oops: 1, ImmediateOops: 2, NonImmediateOops: No
[2,844s][debug][gc,nmethod     ] Register NMethod: java.util.ArrayList.<init> (0x00007cb632e0f208) [0x00007cb632e0f300, 0x00007cb632e0f3f8] Compiler: jvmci, Barriers: 3, Oops: 0, ImmediateOops: 1, NonImmediateOops: No
[2,844s][debug][gc,nmethod     ] Register NMethod: java.util.LinkedHashMap.<init> (0x00007cb614098b88) [0x00007cb614098c80, 0x00007cb614098eb0] Compiler: c1, Barriers: 0, Oops: 0, ImmediateOops: 0, NonImmediateOops: No
[2,844s][debug][gc,nmethod     ] Register NMethod: io.sirix.node.MemorySegmentBytesIn.read (0x00007cb632e0f508) [0x00007cb632e0f600, 0x00007cb632e0fd48] Compiler: jvmci, Barriers: 4, Oops: 3, ImmediateOops: 0, NonImmediateOops: No
[2,845s][debug][gc,nmethod     ] Register NMethod: com.github.benmanes.caffeine.cache.BaseMpscLinkedArrayQueue.lvProducerLimit (0x00007cb632e0fd88) [0x00007cb632e0fe80, 0x00007cb632e0ff48] Compiler: c1, Barriers: 0, Oops: 1, ImmediateOops: 0, NonImmediateOops: No
[2,845s][debug][gc,nmethod     ] Register NMethod: java.nio.HeapByteBuffer.put (0x00007cb632e10088) [0x00007cb632e10180, 0x00007cb632e105e0] Compiler: jvmci, Barriers: 3, Oops: 0, ImmediateOops: 0, NonImmediateOops: No
[2,845s][debug][gc,nmethod     ] Register NMethod: java.lang.invoke.MethodHandle.invokeBasic (0x00007cb632e10608) [0x00007cb632e10700, 0x00007cb632e10998] Compiler: , Barriers: 0, Oops: 0, ImmediateOops: 0, NonImmediateOops: No
[2,846s][debug][gc,nmethod     ] Register NMethod: java.lang.invoke.VarHandleGuards.guard_LII_Z (0x00007cb614098f08) [0x00007cb614099000, 0x00007cb61409bed8] Compiler: c1, Barriers: 28, Oops: 0, ImmediateOops: 2, NonImmediateOops: No
[2,846s][debug][gc,nmethod     ] Register NMethod: java.lang.invoke.VarHandleInts$FieldInstanceReadWrite.compareAndSet (0x00007cb61409bf08) [0x00007cb61409c000, 0x00007cb61409ca30] Compiler: c1, Barriers: 1, Oops: 1, ImmediateOops: 0, NonImmediateOops: No
[2,846s][debug][gc,nmethod     ] Register NMethod: io.sirix.cache.BufferManagerImpl.getRecordPageCache (0x00007cb632e10a08) [0x00007cb632e10b00, 0x00007cb632e10be8] Compiler: c1, Barriers: 1, Oops: 1, ImmediateOops: 0, NonImmediateOops: No
[2,846s][debug][gc,nmethod     ] Register NMethod: io.sirix.access.trx.node.AbstractNodeReadOnlyTrx.hasRightSibling (0x00007cb61409ca88) [0x00007cb61409cb80, 0x00007cb61409d3a0] Compiler: c1, Barriers: 0, Oops: 1, ImmediateOops: 1, NonImmediateOops: No
[2,846s][debug][gc,nmethod     ] Register NMethod: com.github.benmanes.caffeine.cache.BLCHeader$DrainStatusRef.casDrainStatus (0x00007cb61409d408) [0x00007cb61409d500, 0x00007cb61409e150] Compiler: c1, Barriers: 0, Oops: 6, ImmediateOops: 5, NonImmediateOops: No
[2,846s][debug][gc,nmethod     ] Register NMethod: java.util.concurrent.ForkJoinPool.awaitWork (0x00007cb61409e188) [0x00007cb61409e280, 0x00007cb61409ef90] Compiler: c1, Barriers: 2, Oops: 0, ImmediateOops: 1, NonImmediateOops: No
[2,846s][debug][gc,nmethod     ] Register NMethod: io.sirix.node.MemorySegmentBytesIn.position (0x00007cb632e10d08) [0x00007cb632e10e00, 0x00007cb632e10ec0] Compiler: c1, Barriers: 0, Oops: 1, ImmediateOops: 0, NonImmediateOops: No
[2,847s][debug][gc,nmethod     ] Register NMethod: io.sirix.node.MemorySegmentBytesIn.read (0x00007cb632e11008) [0x00007cb632e11100, 0x00007cb632e116e0] Compiler: jvmci, Barriers: 4, Oops: 3, ImmediateOops: 0, NonImmediateOops: No
[2,847s][debug][gc,nmethod     ] Register NMethod: io.sirix.node.SirixDeweyID.<init> (0x00007cb61409f008) [0x00007cb61409f100, 0x00007cb61409fca0] Compiler: c1, Barriers: 3, Oops: 1, ImmediateOops: 2, NonImmediateOops: No
[2,847s][debug][gc,nmethod     ] Register NMethod: io.sirix.axis.AbstractAxis.asXmlNodeReadTrx (0x00007cb61409fd08) [0x00007cb61409fe00, 0x00007cb6140a0460] Compiler: c1, Barriers: 1, Oops: 1, ImmediateOops: 1, NonImmediateOops: No
[2,847s][debug][gc,nmethod     ] Register NMethod: io.sirix.axis.AbstractAxis.done (0x00007cb6140a0488) [0x00007cb6140a0580, 0x00007cb6140a0868] Compiler: c1, Barriers: 0, Oops: 1, ImmediateOops: 1, NonImmediateOops: No
[2,848s][debug][gc,nmethod     ] Register NMethod: io.sirix.utils.NamePageHash.generateHashForString (0x00007cb632e11708) [0x00007cb632e11800, 0x00007cb632e119a8] Compiler: jvmci, Barriers: 1, Oops: 1, ImmediateOops: 0, NonImmediateOops: No
[2,848s][debug][gc,director    ] Rule Major: Warmup 10%, Used: 464MB, UsedThreshold: 1228MB
[2,849s][debug][gc,nmethod     ] Register NMethod: io.sirix.node.MemorySegmentBytesIn.getUnderlying (0x00007cb632e11a08) [0x00007cb632e11b00, 0x00007cb632e11d40] Compiler: jvmci, Barriers: 4, Oops: 1, ImmediateOops: 0, NonImmediateOops: No
[2,849s][debug][gc,nmethod     ] Register NMethod: com.github.benmanes.caffeine.cache.SSLSMW.maximum (0x00007cb632e11d88) [0x00007cb632e11e80, 0x00007cb632e11f40] Compiler: c1, Barriers: 0, Oops: 1, ImmediateOops: 0, NonImmediateOops: No
[2,849s][debug][gc,nmethod     ] Register NMethod: com.github.benmanes.caffeine.cache.BoundedLocalCache.valueReferenceQueue (0x00007cb632e12088) [0x00007cb632e12180, 0x00007cb632e12248] Compiler: c1, Barriers: 0, Oops: 1, ImmediateOops: 0, NonImmediateOops: No
[2,850s][debug][gc,nmethod     ] Register NMethod: com.github.benmanes.caffeine.cache.SSLSMW.windowWeightedSize (0x00007cb632e12388) [0x00007cb632e12480, 0x00007cb632e12540] Compiler: c1, Barriers: 0, Oops: 1, ImmediateOops: 0, NonImmediateOops: No
[2,850s][debug][gc,nmethod     ] Register NMethod: com.github.benmanes.caffeine.cache.PSMW.setNextInAccessOrder (0x00007cb632e12688) [0x00007cb632e12780, 0x00007cb632e128b0] Compiler: c1, Barriers: 3, Oops: 1, ImmediateOops: 0, NonImmediateOops: No
[2,850s][debug][gc,nmethod     ] Register NMethod: com.github.benmanes.caffeine.cache.PSMW.setPreviousInAccessOrder (0x00007cb632e12988) [0x00007cb632e12a80, 0x00007cb632e12bb0] Compiler: c1, Barriers: 3, Oops: 1, ImmediateOops: 0, NonImmediateOops: No
[2,850s][debug][gc,nmethod     ] Register NMethod: com.github.benmanes.caffeine.cache.BoundedLocalCache.isComputingAsync (0x00007cb6140a0888) [0x00007cb6140a0980, 0x00007cb6140a2120] Compiler: c1, Barriers: 1, Oops: 7, ImmediateOops: 8, NonImmediateOops: No
[2,850s][debug][gc,nmethod     ] Register NMethod: io.brackit.query.jdm.AbstractItem$1.next (0x00007cb6140a2188) [0x00007cb6140a2280, 0x00007cb6140a2410] Compiler: c1, Barriers: 1, Oops: 1, ImmediateOops: 0, NonImmediateOops: No
[2,851s][debug][gc,nmethod     ] Register NMethod: io.sirix.node.xml.TextNode.hasRightSibling (0x00007cb6140a2488) [0x00007cb6140a2580, 0x00007cb6140a79b8] Compiler: c1, Barriers: 19, Oops: 7, ImmediateOops: 12, NonImmediateOops: No
[2,851s][debug][gc,nmethod     ] Register NMethod: java.nio.ByteBuffer.wrap (0x00007cb632e12c88) [0x00007cb632e12d80, 0x00007cb632e12f60] Compiler: jvmci, Barriers: 2, Oops: 0, ImmediateOops: 0, NonImmediateOops: No
[2,851s][debug][gc,nmethod     ] Register NMethod: jdk.internal.util.DecimalDigits.uncheckedPutPairLatin1 (0x00007cb6140a7a08) [0x00007cb6140a7b00, 0x00007cb6140a7c88] Compiler: c1, Barriers: 0, Oops: 0, ImmediateOops: 1, NonImmediateOops: No
[2,852s][debug][gc,nmethod     ] Register NMethod: com.github.benmanes.caffeine.cache.SSLSMW.accessOrderWindowDeque (0x00007cb632e12f88) [0x00007cb632e13080, 0x00007cb632e13170] Compiler: c1, Barriers: 1, Oops: 1, ImmediateOops: 0, NonImmediateOops: No
[2,852s][debug][gc,nmethod     ] Register NMethod: jdk.internal.misc.ScopedMemoryAccess.getShortUnaligned (0x00007cb632e13288) [0x00007cb632e13380, 0x00007cb632e13520] Compiler: jvmci, Barriers: 2, Oops: 0, ImmediateOops: 0, NonImmediateOops: No
[2,854s][debug][gc,nmethod     ] Register NMethod: io.brackit.query.sequence.BaseIter.<init> (0x00007cb6140a7d08) [0x00007cb6140a7e00, 0x00007cb6140a7f58] Compiler: c1, Barriers: 0, Oops: 1, ImmediateOops: 0, NonImmediateOops: No
[2,854s][debug][gc,nmethod     ] Register NMethod: io.sirix.query.stream.node.SirixNodeStream.next (0x00007cb6140a8008) [0x00007cb6140a8100, 0x00007cb6140a83f8] Compiler: c1, Barriers: 0, Oops: 1, ImmediateOops: 0, NonImmediateOops: No
[2,854s][debug][gc,nmethod     ] Register NMethod: io.brackit.query.expr.StepExpr$AxisStepSequenceIter.next (0x00007cb6140a8408) [0x00007cb6140a8500, 0x00007cb6140a8c98] Compiler: c1, Barriers: 9, Oops: 1, ImmediateOops: 0, NonImmediateOops: No
[2,854s][debug][gc,nmethod     ] Register NMethod: io.brackit.query.jdm.Type.instanceOf (0x00007cb6140a8d08) [0x00007cb6140a8e00, 0x00007cb6140a9030] Compiler: c1, Barriers: 1, Oops: 1, ImmediateOops: 0, NonImmediateOops: No
[2,854s][debug][gc,nmethod     ] Register NMethod: io.sirix.query.stream.node.SirixNodeStream.next (0x00007cb6140a9088) [0x00007cb6140a9180, 0x00007cb6140aa068] Compiler: c1, Barriers: 5, Oops: 1, ImmediateOops: 1, NonImmediateOops: No
[2,855s][debug][gc,nmethod     ] Register NMethod: io.sirix.axis.filter.FilterAxis.<init> (0x00007cb6140aa088) [0x00007cb6140aa180, 0x00007cb6140acd08] Compiler: c1, Barriers: 24, Oops: 1, ImmediateOops: 3, NonImmediateOops: No
[2,856s][debug][gc,nmethod     ] Register NMethod: io.sirix.page.KeyValueLeafPage.setSlot (0x00007cb632e13588) [0x00007cb632e13680, 0x00007cb632e13780] Compiler: jvmci, Barriers: 2, Oops: 1, ImmediateOops: 0, NonImmediateOops: No
[2,856s][debug][gc,nmethod     ] Register NMethod: io.sirix.page.KeyValueLeafPage.setDeweyId (0x00007cb632e13888) [0x00007cb632e13980, 0x00007cb632e13ac0] Compiler: jvmci, Barriers: 2, Oops: 1, ImmediateOops: 0, NonImmediateOops: No
[2,857s][debug][gc,nmethod     ] Register NMethod: java.util.concurrent.atomic.AtomicInteger.<init> (0x00007cb6140acd88) [0x00007cb6140ace80, 0x00007cb6140ad040] Compiler: c1, Barriers: 0, Oops: 0, ImmediateOops: 0, NonImmediateOops: No
[2,857s][debug][gc,nmethod     ] Register NMethod: java.util.concurrent.CopyOnWriteArrayList.size (0x00007cb6140ad088) [0x00007cb6140ad180, 0x00007cb6140ad488] Compiler: c1, Barriers: 1, Oops: 0, ImmediateOops: 0, NonImmediateOops: No
[2,858s][debug][gc,nmethod     ] Register NMethod: java.util.Arrays.copyOf (0x00007cb632e13b88) [0x00007cb632e13c80, 0x00007cb632e13f40] Compiler: jvmci, Barriers: 6, Oops: 0, ImmediateOops: 0, NonImmediateOops: No
[2,858s][debug][gc,director    ] Rule Major: Warmup 10%, Used: 466MB, UsedThreshold: 1228MB
[2,858s][debug][gc,nmethod     ] Register NMethod: io.brackit.query.expr.Accessor.getAxis (0x00007cb632e13f88) [0x00007cb632e14080, 0x00007cb632e14168] Compiler: c1, Barriers: 1, Oops: 1, ImmediateOops: 0, NonImmediateOops: No
[2,858s][debug][gc,nmethod     ] Register NMethod: io.brackit.query.jdm.type.SequenceType.getItemType (0x00007cb632e14288) [0x00007cb632e14380, 0x00007cb632e14468] Compiler: c1, Barriers: 1, Oops: 1, ImmediateOops: 0, NonImmediateOops: No
[2,859s][debug][gc,nmethod     ] Register NMethod: it.unimi.dsi.fastutil.longs.LongArrayList.<init> (0x00007cb6140ad508) [0x00007cb6140ad600, 0x00007cb6140ad8a8] Compiler: c1, Barriers: 0, Oops: 1, ImmediateOops: 0, NonImmediateOops: No
[2,859s][debug][gc,nmethod     ] Register NMethod: io.sirix.axis.filter.xml.ElementFilter.filter (0x00007cb6140ad908) [0x00007cb6140ada00, 0x00007cb6140ae180] Compiler: c1, Barriers: 1, Oops: 1, ImmediateOops: 1, NonImmediateOops: No
[2,859s][debug][gc,nmethod     ] Register NMethod: io.sirix.access.trx.node.xml.XmlNodeReadOnlyTrxImpl.getAttributeCount (0x00007cb6140ae208) [0x00007cb6140ae300, 0x00007cb6140af260] Compiler: c1, Barriers: 2, Oops: 1, ImmediateOops: 2, NonImmediateOops: No
[2,859s][debug][gc,nmethod     ] Register NMethod: io.brackit.query.jdm.type.AnyItemType.matches (0x00007cb632e14588) [0x00007cb632e14680, 0x00007cb632e14740] Compiler: c1, Barriers: 0, Oops: 1, ImmediateOops: 0, NonImmediateOops: No
[2,859s][debug][gc,nmethod     ] Register NMethod: io.brackit.query.jdm.Axis.isForward (0x00007cb632e14888) [0x00007cb632e14980, 0x00007cb632e14a40] Compiler: c1, Barriers: 0, Oops: 1, ImmediateOops: 0, NonImmediateOops: No
[2,859s][debug][gc,nmethod     ] Register NMethod: io.sirix.access.trx.node.AbstractNodeReadOnlyTrx.getRightSiblingKey (0x00007cb6140af288) [0x00007cb6140af380, 0x00007cb6140afba0] Compiler: c1, Barriers: 0, Oops: 1, ImmediateOops: 1, NonImmediateOops: No
[2,859s][debug][gc,nmethod     ] Register NMethod: it.unimi.dsi.fastutil.longs.LongArrayList.initArrayFromCapacity (0x00007cb6140afc08) [0x00007cb6140afd00, 0x00007cb6140b0e48] Compiler: c1, Barriers: 6, Oops: 3, ImmediateOops: 4, NonImmediateOops: No
[2,859s][debug][gc,nmethod     ] Register NMethod: io.sirix.axis.AbstractAxis.resetToLastKey (0x00007cb632e14b88) [0x00007cb632e14c80, 0x00007cb632e14ff0] Compiler: jvmci, Barriers: 4, Oops: 1, ImmediateOops: 0, NonImmediateOops: No
[2,859s][debug][gc,nmethod     ] Register NMethod: io.sirix.query.node.XmlDBNode.getCollection (0x00007cb632e15008) [0x00007cb632e15100, 0x00007cb632e151e8] Compiler: c1, Barriers: 1, Oops: 1, ImmediateOops: 0, NonImmediateOops: No
[2,859s][debug][gc,nmethod     ] Register NMethod: io.brackit.query.atomic.QNm.<init> (0x00007cb6140b0e88) [0x00007cb6140b0f80, 0x00007cb6140b13b8] Compiler: c1, Barriers: 9, Oops: 1, ImmediateOops: 4, NonImmediateOops: No
[2,859s][debug][gc,nmethod     ] Register NMethod: io.sirix.query.node.XmlDBNode.moveRtx (0x00007cb6140b1408) [0x00007cb6140b1500, 0x00007cb6140b1840] Compiler: c1, Barriers: 1, Oops: 1, ImmediateOops: 0, NonImmediateOops: No
[2,860s][debug][gc,nmethod     ] Register NMethod: java.nio.HeapByteBuffer.getLong (0x00007cb6140b1888) [0x00007cb6140b1980, 0x00007cb6140b3448] Compiler: c1, Barriers: 6, Oops: 1, ImmediateOops: 4, NonImmediateOops: No
[2,862s][debug][gc,nmethod     ] Register NMethod: io.sirix.node.json.JsonNodeSerializer.readSizePrefix (0x00007cb6140b3488) [0x00007cb6140b3580, 0x00007cb6140b37a0] Compiler: c1, Barriers: 0, Oops: 1, ImmediateOops: 0, NonImmediateOops: No
[2,862s][debug][gc,nmethod     ] Register NMethod: io.sirix.access.trx.node.xml.XmlNodeReadOnlyTrxImpl.isNameNode (0x00007cb6140b3808) [0x00007cb6140b3900, 0x00007cb6140b4150] Compiler: c1, Barriers: 1, Oops: 1, ImmediateOops: 1, NonImmediateOops: No
[2,862s][debug][gc,nmethod     ] Register NMethod: io.sirix.axis.filter.xml.XmlNameFilter.filter (0x00007cb6140b4188) [0x00007cb6140b4280, 0x00007cb6140b56c8] Compiler: c1, Barriers: 3, Oops: 1, ImmediateOops: 0, NonImmediateOops: No
[2,862s][debug][gc,nmethod     ] Register NMethod: io.sirix.access.trx.node.xml.XmlNodeReadOnlyTrxImpl.getLocalNameKey (0x00007cb6140b5708) [0x00007cb6140b5800, 0x00007cb6140b66e0] Compiler: c1, Barriers: 1, Oops: 1, ImmediateOops: 1, NonImmediateOops: No
[2,862s][debug][gc,nmethod     ] Register NMethod: io.brackit.query.atomic.Str.stringValue (0x00007cb632e15308) [0x00007cb632e15400, 0x00007cb632e154e8] Compiler: c1, Barriers: 1, Oops: 1, ImmediateOops: 0, NonImmediateOops: No
[2,862s][debug][gc,nmethod     ] Register NMethod: io.sirix.access.trx.node.AbstractNodeReadOnlyTrx.getDeweyID (0x00007cb6140b6708) [0x00007cb6140b6800, 0x00007cb6140b6e68] Compiler: c1, Barriers: 1, Oops: 1, ImmediateOops: 1, NonImmediateOops: No
[2,862s][debug][gc,nmethod     ] Register NMethod: io.brackit.query.jdm.type.AttributeType.getQName (0x00007cb632e15608) [0x00007cb632e15700, 0x00007cb632e157e8] Compiler: c1, Barriers: 1, Oops: 1, ImmediateOops: 0, NonImmediateOops: No
[2,862s][debug][gc,nmethod     ] Register NMethod: io.brackit.query.jdm.Type.isNumeric (0x00007cb632e15908) [0x00007cb632e15a00, 0x00007cb632e15ac0] Compiler: c1, Barriers: 0, Oops: 1, ImmediateOops: 0, NonImmediateOops: No
[2,862s][debug][gc,nmethod     ] Register NMethod: io.brackit.query.jdm.AbstractItem$1.close (0x00007cb6140b6e88) [0x00007cb6140b6f80, 0x00007cb6140b7080] Compiler: c1, Barriers: 0, Oops: 1, ImmediateOops: 0, NonImmediateOops: No
[2,862s][debug][gc,nmethod     ] Register NMethod: io.sirix.access.trx.node.xml.XmlNodeReadOnlyTrxImpl.getPrefixKey (0x00007cb6140b7188) [0x00007cb6140b7280, 0x00007cb6140b8160] Compiler: c1, Barriers: 1, Oops: 1, ImmediateOops: 1, NonImmediateOops: No
[2,862s][debug][gc,nmethod     ] Register NMethod: io.brackit.query.atomic.Bool.booleanValue (0x00007cb632e15c08) [0x00007cb632e15d00, 0x00007cb632e15dc0] Compiler: c1, Barriers: 0, Oops: 1, ImmediateOops: 0, NonImmediateOops: No
[2,862s][debug][gc,nmethod     ] Register NMethod: io.brackit.query.jdm.AbstractItem.iterate (0x00007cb6140b8188) [0x00007cb6140b8280, 0x00007cb6140b8568] Compiler: c1, Barriers: 3, Oops: 1, ImmediateOops: 0, NonImmediateOops: No
[2,862s][debug][gc,nmethod     ] Register NMethod: io.brackit.query.jdm.AbstractItem$1.<init> (0x00007cb6140b8588) [0x00007cb6140b8680, 0x00007cb6140b88b8] Compiler: c1, Barriers: 3, Oops: 1, ImmediateOops: 0, NonImmediateOops: No
[2,863s][debug][gc,nmethod     ] Register NMethod: io.brackit.query.atomic.Una.<init> (0x00007cb632e15f08) [0x00007cb632e16000, 0x00007cb632e16118] Compiler: jvmci, Barriers: 3, Oops: 1, ImmediateOops: 0, NonImmediateOops: No
[2,863s][debug][gc,nmethod     ] Register NMethod: io.sirix.axis.AttributeAxis.nextKey (0x00007cb6140b8908) [0x00007cb6140b8a00, 0x00007cb6140bb8f0] Compiler: c1, Barriers: 4, Oops: 1, ImmediateOops: 7, NonImmediateOops: No
[2,864s][debug][gc,nmethod     ] Register NMethod: net.jpountz.lz4.LZ4BlockInputStream.read (0x00007cb6140bb908) [0x00007cb6140bba00, 0x00007cb6140bc2e0] Compiler: c1, Barriers: 1, Oops: 1, ImmediateOops: 1, NonImmediateOops: No
[2,865s][debug][gc,nmethod     ] Register NMethod: java.util.zip.InflaterInputStream.read (0x00007cb632e16208) [0x00007cb632e16300, 0x00007cb632e19400] Compiler: jvmci, Barriers: 56, Oops: 1, ImmediateOops: 1, NonImmediateOops: No
[2,865s][debug][gc,nmethod     ] Register NMethod: com.github.benmanes.caffeine.cache.SSLMW.setHitsInSample (0x00007cb632e19488) [0x00007cb632e19580, 0x00007cb632e19640] Compiler: c1, Barriers: 0, Oops: 1, ImmediateOops: 0, NonImmediateOops: No
[2,865s][debug][gc,nmethod     ] Register NMethod: io.sirix.page.KeyValueLeafPage.getPinCount (0x00007cb6140bc308) [0x00007cb6140bc400, 0x00007cb6140bc710] Compiler: c1, Barriers: 1, Oops: 1, ImmediateOops: 0, NonImmediateOops: No
[2,866s][debug][gc,nmethod     ] Register NMethod: com.github.benmanes.caffeine.cache.SSLSMW.windowMaximum (0x00007cb632e19788) [0x00007cb632e19880, 0x00007cb632e19940] Compiler: c1, Barriers: 0, Oops: 1, ImmediateOops: 0, NonImmediateOops: No
[2,868s][debug][gc,nmethod     ] Register NMethod: java.nio.Buffer.remaining (0x00007cb632e19a88) [0x00007cb632e19b80, 0x00007cb632e19c18] Compiler: jvmci, Barriers: 0, Oops: 0, ImmediateOops: 0, NonImmediateOops: No
[2,868s][debug][gc,director    ] Rule Major: Warmup 10%, Used: 468MB, UsedThreshold: 1228MB
[2,868s][debug][gc,nmethod     ] Register NMethod: com.github.benmanes.caffeine.cache.PSMW.getPreviousInAccessOrder (0x00007cb6140bc788) [0x00007cb6140bc880, 0x00007cb6140bcb80] Compiler: c1, Barriers: 1, Oops: 1, ImmediateOops: 0, NonImmediateOops: No
[2,869s][debug][gc,nmethod     ] Register NMethod: java.util.concurrent.ForkJoinPool$WorkQueue.topLevelExec (0x00007cb6140bcc08) [0x00007cb6140bcd00, 0x00007cb6140bdac0] Compiler: c1, Barriers: 0, Oops: 0, ImmediateOops: 0, NonImmediateOops: No
[2,869s][debug][gc,nmethod     ] Register NMethod: io.sirix.node.Bytes.elasticOffHeapByteBuffer (0x00007cb632e19d88) [0x00007cb632e19e80, 0x00007cb632e1b5e0] Compiler: jvmci, Barriers: 75, Oops: 7, ImmediateOops: 9, NonImmediateOops: No
[2,870s][debug][gc,nmethod     ] Register NMethod: io.sirix.node.MemorySegmentBytesIn.readLong (0x00007cb632e1b688) [0x00007cb632e1b780, 0x00007cb632e1bbd0] Compiler: jvmci, Barriers: 4, Oops: 3, ImmediateOops: 0, NonImmediateOops: No
[2,871s][debug][gc,nmethod     ] Register NMethod: io.sirix.axis.AbstractAxis.tryToComputeNext (0x00007cb632e1bc08) [0x00007cb632e1bd00, 0x00007cb632e1cf10] Compiler: jvmci, Barriers: 31, Oops: 2, ImmediateOops: 3, NonImmediateOops: No
[2,873s][debug][gc,nmethod     ] Register NMethod: jdk.internal.misc.Unsafe.weakCompareAndSetInt (0x00007cb632e1cf88) [0x00007cb632e1d080, 0x00007cb632e1d110] Compiler: jvmci, Barriers: 0, Oops: 0, ImmediateOops: 0, NonImmediateOops: No
[2,874s][debug][gc,nmethod     ] Register NMethod: io.sirix.page.KeyValueLeafPage.resizeMemorySegment (0x00007cb632e1d288) [0x00007cb632e1d380, 0x00007cb632e1ee18] Compiler: jvmci, Barriers: 27, Oops: 2, ImmediateOops: 0, NonImmediateOops: No
[2,874s][debug][gc,nmethod     ] Register NMethod: io.brackit.query.atomic.AbstractNumeric.<init> (0x00007cb6140bdb08) [0x00007cb6140bdc00, 0x00007cb6140bde78] Compiler: c1, Barriers: 0, Oops: 1, ImmediateOops: 0, NonImmediateOops: No
[2,875s][debug][gc,nmethod     ] Register NMethod: io.brackit.query.atomic.Int32.<init> (0x00007cb6140bde88) [0x00007cb6140bdf80, 0x00007cb6140be258] Compiler: c1, Barriers: 0, Oops: 1, ImmediateOops: 0, NonImmediateOops: No
[2,875s][debug][gc,nmethod     ] Register NMethod: io.brackit.query.sequence.LazySequence.<init> (0x00007cb6140be288) [0x00007cb6140be380, 0x00007cb6140be538] Compiler: c1, Barriers: 0, Oops: 1, ImmediateOops: 0, NonImmediateOops: No
[2,875s][debug][gc,nmethod     ] Register NMethod: io.sirix.node.xml.TextNode.<init> (0x00007cb6140be588) [0x00007cb6140be680, 0x00007cb6140be968] Compiler: c1, Barriers: 3, Oops: 1, ImmediateOops: 0, NonImmediateOops: No
[2,875s][debug][gc,nmethod     ] Register NMethod: io.sirix.node.xml.ElementNode.<init> (0x00007cb6140be988) [0x00007cb6140bea80, 0x00007cb6140bed80] Compiler: c1, Barriers: 3, Oops: 1, ImmediateOops: 0, NonImmediateOops: No
[2,875s][debug][gc,nmethod     ] Register NMethod: io.sirix.access.trx.node.AbstractNodeReadOnlyTrx.equals (0x00007cb6140bee08) [0x00007cb6140bef00, 0x00007cb6140c0080] Compiler: c1, Barriers: 6, Oops: 1, ImmediateOops: 0, NonImmediateOops: No
[2,875s][debug][gc,nmethod     ] Register NMethod: io.sirix.node.NodeKind$4.deserialize (0x00007cb6140c0108) [0x00007cb6140c0200, 0x00007cb6140c1db8] Compiler: c1, Barriers: 10, Oops: 2, ImmediateOops: 1, NonImmediateOops: No
[2,875s][debug][gc,nmethod     ] Register NMethod: io.brackit.query.operator.TupleImpl.<init> (0x00007cb6140c1e08) [0x00007cb6140c1f00, 0x00007cb6140c25a0] Compiler: c1, Barriers: 4, Oops: 1, ImmediateOops: 0, NonImmediateOops: No
[2,876s][debug][gc,nmethod     ] Register NMethod: io.brackit.query.operator.TupleImpl.get (0x00007cb6140c2608) [0x00007cb6140c2700, 0x00007cb6140c2cb8] Compiler: c1, Barriers: 4, Oops: 1, ImmediateOops: 1, NonImmediateOops: No
[2,876s][debug][gc,nmethod     ] Register NMethod: io.brackit.query.expr.BoundVariable.evaluate (0x00007cb6140c2d08) [0x00007cb6140c2e00, 0x00007cb6140c4768] Compiler: c1, Barriers: 16, Oops: 2, ImmediateOops: 3, NonImmediateOops: No
[2,876s][debug][gc,nmethod     ] Register NMethod: io.brackit.query.operator.TupleImpl.concat (0x00007cb6140c4788) [0x00007cb6140c4880, 0x00007cb6140c5678] Compiler: c1, Barriers: 7, Oops: 1, ImmediateOops: 0, NonImmediateOops: No
[2,876s][debug][gc,nmethod     ] Register NMethod: io.brackit.query.expr.StepExpr$AxisStepSequence.<init> (0x00007cb6140c5688) [0x00007cb6140c5780, 0x00007cb6140c5a88] Compiler: c1, Barriers: 6, Oops: 1, ImmediateOops: 0, NonImmediateOops: No
[2,876s][debug][gc,nmethod     ] Register NMethod: io.brackit.query.expr.StepExpr$AxisStepSequence.iterate (0x00007cb6140c5b08) [0x00007cb6140c5c00, 0x00007cb6140c5fc8] Compiler: c1, Barriers: 8, Oops: 1, ImmediateOops: 0, NonImmediateOops: No
[2,876s][debug][gc,nmethod     ] Register NMethod: io.brackit.query.sequence.TypedSequence.toTypedSequence (0x00007cb6140c6008) [0x00007cb6140c6100, 0x00007cb6140c82a8] Compiler: c1, Barriers: 19, Oops: 2, ImmediateOops: 4, NonImmediateOops: No
[2,876s][debug][gc,nmethod     ] Register NMethod: io.brackit.query.expr.StepExpr$AxisStepSequenceIter.<init> (0x00007cb6140c8308) [0x00007cb6140c8400, 0x00007cb6140c86a8] Compiler: c1, Barriers: 6, Oops: 1, ImmediateOops: 0, NonImmediateOops: No
[2,876s][debug][gc,nmethod     ] Register NMethod: io.sirix.query.node.XmlDBNode.getTrx (0x00007cb6140c8708) [0x00007cb6140c8800, 0x00007cb6140c8bd8] Compiler: c1, Barriers: 2, Oops: 1, ImmediateOops: 0, NonImmediateOops: No
[2,876s][debug][gc,nmethod     ] Register NMethod: io.sirix.access.trx.node.AbstractNodeReadOnlyTrx.keyForName (0x00007cb6140c8c08) [0x00007cb6140c8d00, 0x00007cb6140c9380] Compiler: c1, Barriers: 0, Oops: 1, ImmediateOops: 1, NonImmediateOops: No
[2,876s][debug][gc,nmethod     ] Register NMethod: io.brackit.query.expr.StepExpr.evaluate (0x00007cb6140c9408) [0x00007cb6140c9500, 0x00007cb6140ce168] Compiler: c1, Barriers: 21, Oops: 3, ImmediateOops: 2, NonImmediateOops: No
[2,876s][debug][gc,nmethod     ] Register NMethod: io.sirix.query.stream.node.SirixNodeStream.<init> (0x00007cb6140ce188) [0x00007cb6140ce280, 0x00007cb6140ce968] Compiler: c1, Barriers: 6, Oops: 1, ImmediateOops: 0, NonImmediateOops: No
[2,876s][debug][gc,nmethod     ] Register NMethod: io.sirix.axis.filter.xml.XmlNameFilter.<init> (0x00007cb6140ce988) [0x00007cb6140cea80, 0x00007cb6140cf880] Compiler: c1, Barriers: 6, Oops: 1, ImmediateOops: 0, NonImmediateOops: No
[2,877s][debug][gc,nmethod     ] Register NMethod: io.sirix.node.NodeKind$1.deserialize (0x00007cb6140cf908) [0x00007cb6140cfa00, 0x00007cb6140d3048] Compiler: c1, Barriers: 28, Oops: 3, ImmediateOops: 7, NonImmediateOops: No
[2,877s][debug][gc,nmethod     ] Register NMethod: com.github.benmanes.caffeine.cache.PSMW.setPolicyWeight (0x00007cb632e1ee88) [0x00007cb632e1ef80, 0x00007cb632e1f040] Compiler: c1, Barriers: 0, Oops: 1, ImmediateOops: 0, NonImmediateOops: No
[2,877s][debug][gc,nmethod     ] Register NMethod: java.nio.Buffer.checkIndex (0x00007cb632e1f188) [0x00007cb632e1f280, 0x00007cb632e1f348] Compiler: jvmci, Barriers: 0, Oops: 0, ImmediateOops: 0, NonImmediateOops: No
[2,877s][debug][gc,nmethod     ] Register NMethod: com.github.benmanes.caffeine.cache.BoundedLocalCache.skipReadBuffer (0x00007cb6140d3088) [0x00007cb6140d3180, 0x00007cb6140d3998] Compiler: c1, Barriers: 1, Oops: 1, ImmediateOops: 0, NonImmediateOops: No
[2,878s][debug][gc,nmethod     ] Register NMethod: java.util.concurrent.ForkJoinWorkerThread$InnocuousForkJoinWorkerThread.onThreadLocalReset (0x00007cb6140d3a08) [0x00007cb6140d3b00, 0x00007cb6140d3d08] Compiler: c1, Barriers: 3, Oops: 0, ImmediateOops: 0, NonImmediateOops: No
[2,878s][debug][gc,nmethod     ] Register NMethod: com.github.benmanes.caffeine.cache.SSLSMW.setMissesInSample (0x00007cb632e1f488) [0x00007cb632e1f580, 0x00007cb632e1f640] Compiler: c1, Barriers: 0, Oops: 1, ImmediateOops: 0, NonImmediateOops: No
[2,878s][debug][gc,nmethod     ] Register NMethod: java.lang.StringConcatHelper.prepend (0x00007cb632e1f788) [0x00007cb632e1f880, 0x00007cb632e1ff50] Compiler: jvmci, Barriers: 2, Oops: 0, ImmediateOops: 0, NonImmediateOops: No
[2,878s][debug][gc,nmethod     ] Register NMethod: io.sirix.query.stream.node.SirixNodeStream.close (0x00007cb6140d3d88) [0x00007cb6140d3e80, 0x00007cb6140d3f80] Compiler: c1, Barriers: 0, Oops: 1, ImmediateOops: 0, NonImmediateOops: No
[2,878s][debug][gc,nmethod     ] Register NMethod: io.brackit.query.expr.StepExpr$AxisStepSequenceIter.close (0x00007cb6140d4088) [0x00007cb6140d4180, 0x00007cb6140d4380] Compiler: c1, Barriers: 1, Oops: 1, ImmediateOops: 0, NonImmediateOops: No
[2,878s][debug][gc,nmethod     ] Register NMethod: io.sirix.query.node.XmlDBNode.getValue (0x00007cb6140d4408) [0x00007cb6140d4500, 0x00007cb6140d5420] Compiler: c1, Barriers: 7, Oops: 1, ImmediateOops: 4, NonImmediateOops: No
[2,878s][debug][gc,nmethod     ] Register NMethod: io.sirix.access.trx.node.xml.XmlNodeReadOnlyTrxImpl.getValue (0x00007cb6140d5488) [0x00007cb6140d5580, 0x00007cb6140d6c68] Compiler: c1, Barriers: 2, Oops: 1, ImmediateOops: 5, NonImmediateOops: No
[2,878s][debug][gc,director    ] Rule Major: Warmup 10%, Used: 470MB, UsedThreshold: 1228MB
[2,878s][debug][gc,nmethod     ] Register NMethod: com.github.benmanes.caffeine.cache.PS.isAlive (0x00007cb6140d6c88) [0x00007cb6140d6d80, 0x00007cb6140d81f8] Compiler: c1, Barriers: 1, Oops: 7, ImmediateOops: 10, NonImmediateOops: No
[2,879s][debug][gc,nmethod     ] Register NMethod: com.github.benmanes.caffeine.cache.SSLMW.fastpath (0x00007cb632e1ff88) [0x00007cb632e20080, 0x00007cb632e20140] Compiler: c1, Barriers: 0, Oops: 1, ImmediateOops: 0, NonImmediateOops: No
[2,880s][debug][gc,nmethod     ] Register NMethod: com.github.benmanes.caffeine.cache.SSLSMW.fastpath (0x00007cb632e20288) [0x00007cb632e20380, 0x00007cb632e20440] Compiler: c1, Barriers: 0, Oops: 1, ImmediateOops: 0, NonImmediateOops: No
[2,880s][debug][gc,nmethod     ] Register NMethod: java.util.concurrent.ThreadLocalRandom.getProbe (0x00007cb6140d8288) [0x00007cb6140d8380, 0x00007cb6140d8520] Compiler: c1, Barriers: 1, Oops: 1, ImmediateOops: 1, NonImmediateOops: No
[2,881s][debug][gc,nmethod     ] Register NMethod: com.github.benmanes.caffeine.cache.SSLMW.setMissesInSample (0x00007cb632e20588) [0x00007cb632e20680, 0x00007cb632e20740] Compiler: c1, Barriers: 0, Oops: 1, ImmediateOops: 0, NonImmediateOops: No
[2,881s][debug][gc,nmethod     ] Register NMethod: com.github.benmanes.caffeine.cache.PSMW.getNextInAccessOrder (0x00007cb6140d8588) [0x00007cb6140d8680, 0x00007cb6140d8980] Compiler: c1, Barriers: 1, Oops: 1, ImmediateOops: 0, NonImmediateOops: No
[2,881s][debug][gc,nmethod     ] Register NMethod: java.lang.reflect.Executable.isVarArgs (0x00007cb6140d8a08) [0x00007cb6140d8b00, 0x00007cb6140d8e50] Compiler: c1, Barriers: 0, Oops: 0, ImmediateOops: 0, NonImmediateOops: No
[2,882s][debug][gc,nmethod     ] Register NMethod: io.sirix.page.KeyValueLeafPage.getIndexType (0x00007cb632e20888) [0x00007cb632e20980, 0x00007cb632e20a68] Compiler: c1, Barriers: 1, Oops: 1, ImmediateOops: 0, NonImmediateOops: No
[2,882s][debug][gc,nmethod     ] Register NMethod: com.github.benmanes.caffeine.cache.PS.getValue (0x00007cb6140d8e88) [0x00007cb6140d8f80, 0x00007cb6140da158] Compiler: c1, Barriers: 1, Oops: 7, ImmediateOops: 8, NonImmediateOops: No
[2,882s][debug][gc,nmethod     ] Register NMethod: com.github.benmanes.caffeine.cache.PS.getKey (0x00007cb6140da208) [0x00007cb6140da300, 0x00007cb6140db4d8] Compiler: c1, Barriers: 1, Oops: 7, ImmediateOops: 8, NonImmediateOops: No
[2,882s][debug][gc,nmethod     ] Register NMethod: com.github.benmanes.caffeine.cache.BoundedLocalCache.hasExpired (0x00007cb6140db588) [0x00007cb6140db680, 0x00007cb6140dd728] Compiler: c1, Barriers: 1, Oops: 7, ImmediateOops: 8, NonImmediateOops: No
[2,883s][debug][gc,nmethod     ] Register NMethod: io.sirix.node.NodeSerializerImpl.deserializeDeweyID (0x00007cb632e20b88) [0x00007cb632e20c80, 0x00007cb632e22458] Compiler: jvmci, Barriers: 14, Oops: 3, ImmediateOops: 0, NonImmediateOops: No
[2,883s][debug][gc,nmethod     ] Register NMethod: java.lang.invoke.MethodHandle.linkToSpecial (0x00007cb632e22488) [0x00007cb632e22580, 0x00007cb632e22678] Compiler: , Barriers: 0, Oops: 0, ImmediateOops: 0, NonImmediateOops: No
[2,883s][debug][gc,nmethod     ] Register NMethod: java.lang.invoke.MethodHandle.invokeBasic (0x00007cb632e22788) [0x00007cb632e22880, 0x00007cb632e22b18] Compiler: , Barriers: 0, Oops: 0, ImmediateOops: 0, NonImmediateOops: No
[2,883s][debug][gc,nmethod     ] Register NMethod: java.lang.invoke.MethodHandle.linkToSpecial (0x00007cb632e22b88) [0x00007cb632e22c80, 0x00007cb632e22d78] Compiler: , Barriers: 0, Oops: 0, ImmediateOops: 0, NonImmediateOops: No
[2,883s][debug][gc,nmethod     ] Register NMethod: jdk.internal.classfile.impl.AbstractPoolEntry$NameAndTypeEntryImpl.name (0x00007cb6140dd788) [0x00007cb6140dd880, 0x00007cb6140ddbd0] Compiler: c1, Barriers: 1, Oops: 0, ImmediateOops: 0, NonImmediateOops: No
[2,883s][debug][gc,nmethod     ] Register NMethod: java.lang.invoke.MethodHandle.invokeBasic (0x00007cb632e22e88) [0x00007cb632e22f80, 0x00007cb632e23218] Compiler: , Barriers: 0, Oops: 0, ImmediateOops: 0, NonImmediateOops: No
[2,884s][debug][gc,nmethod     ] Register NMethod: com.github.benmanes.caffeine.cache.BoundedLocalCache$EntryIterator.hasNext (0x00007cb6140ddc08) [0x00007cb6140ddd00, 0x00007cb6140e3240] Compiler: c1, Barriers: 30, Oops: 10, ImmediateOops: 27, NonImmediateOops: No
[2,884s][debug][gc,nmethod     ] Register NMethod: java.util.AbstractMap$SimpleEntry.getValue (0x00007cb632e23288) [0x00007cb632e23380, 0x00007cb632e23468] Compiler: c1, Barriers: 1, Oops: 0, ImmediateOops: 0, NonImmediateOops: No
[2,884s][debug][gc,nmethod     ] Register NMethod: java.util.AbstractMap$SimpleEntry.getKey (0x00007cb632e23588) [0x00007cb632e23680, 0x00007cb632e23768] Compiler: c1, Barriers: 1, Oops: 0, ImmediateOops: 0, NonImmediateOops: No
[2,884s][debug][gc,nmethod     ] Register NMethod: java.util.concurrent.ConcurrentHashMap.entrySet (0x00007cb6140e3308) [0x00007cb6140e3400, 0x00007cb6140e37d8] Compiler: c1, Barriers: 7, Oops: 0, ImmediateOops: 0, NonImmediateOops: No
[2,884s][debug][gc,nmethod     ] Register NMethod: org.gradle.internal.dispatch.MethodInvocation.getArguments (0x00007cb632e23888) [0x00007cb632e23980, 0x00007cb632e23a68] Compiler: c1, Barriers: 1, Oops: 1, ImmediateOops: 0, NonImmediateOops: No
[2,884s][debug][gc,nmethod     ] Register NMethod: org.gradle.internal.dispatch.MethodInvocation.getMethod (0x00007cb632e23b88) [0x00007cb632e23c80, 0x00007cb632e23d68] Compiler: c1, Barriers: 1, Oops: 1, ImmediateOops: 0, NonImmediateOops: No
[2,884s][debug][gc,nmethod     ] Register NMethod: java.util.concurrent.ConcurrentHashMap$EntrySpliterator.<init> (0x00007cb6140e3808) [0x00007cb6140e3900, 0x00007cb6140e3ad0] Compiler: c1, Barriers: 3, Oops: 0, ImmediateOops: 0, NonImmediateOops: No
[2,884s][debug][gc,nmethod     ] Register NMethod: java.util.concurrent.ConcurrentHashMap$EntrySpliterator.forEachRemaining (0x00007cb6140e3b08) [0x00007cb6140e3c00, 0x00007cb6140e45c0] Compiler: c1, Barriers: 12, Oops: 0, ImmediateOops: 0, NonImmediateOops: No
[2,884s][debug][gc,nmethod     ] Register NMethod: java.util.concurrent.ConcurrentHashMap$EntrySetView.spliterator (0x00007cb6140e4608) [0x00007cb6140e4700, 0x00007cb6140e4bc0] Compiler: c1, Barriers: 2, Oops: 0, ImmediateOops: 0, NonImmediateOops: No
[2,885s][debug][gc,nmethod     ] Register NMethod: java.util.concurrent.ConcurrentHashMap$ValueIterator.<init> (0x00007cb6140e4c08) [0x00007cb6140e4d00, 0x00007cb6140e4e30] Compiler: c1, Barriers: 0, Oops: 0, ImmediateOops: 0, NonImmediateOops: No
[2,885s][debug][gc,nmethod     ] Register NMethod: java.util.concurrent.ConcurrentHashMap$ValuesView.iterator (0x00007cb6140e4f08) [0x00007cb6140e5000, 0x00007cb6140e5270] Compiler: c1, Barriers: 2, Oops: 0, ImmediateOops: 0, NonImmediateOops: No
[2,885s][debug][gc,nmethod     ] Register NMethod: com.esotericsoftware.kryo.io.Output.require (0x00007cb6140e5288) [0x00007cb6140e5380, 0x00007cb6140e7ac0] Compiler: c1, Barriers: 4, Oops: 4, ImmediateOops: 6, NonImmediateOops: No
[2,885s][debug][gc,nmethod     ] Register NMethod: java.util.concurrent.ConcurrentHashMap.values (0x00007cb6140e7b08) [0x00007cb6140e7c00, 0x00007cb6140e7fd8] Compiler: c1, Barriers: 7, Oops: 0, ImmediateOops: 0, NonImmediateOops: No
[2,885s][debug][gc,nmethod     ] Register NMethod: com.github.benmanes.caffeine.cache.BoundedLocalCache$EntryIterator.next (0x00007cb6140e8008) [0x00007cb6140e8100, 0x00007cb6140e83f8] Compiler: c1, Barriers: 0, Oops: 1, ImmediateOops: 0, NonImmediateOops: No
[2,885s][debug][gc,nmethod     ] Register NMethod: com.github.benmanes.caffeine.cache.BoundedLocalCache$EntryIterator.advance (0x00007cb6140e8408) [0x00007cb6140e8500, 0x00007cb6140e8780] Compiler: c1, Barriers: 9, Oops: 1, ImmediateOops: 0, NonImmediateOops: No
[2,885s][debug][gc,nmethod     ] Register NMethod: java.util.AbstractMap$SimpleEntry.<init> (0x00007cb6140e8808) [0x00007cb6140e8900, 0x00007cb6140e8b48] Compiler: c1, Barriers: 6, Oops: 0, ImmediateOops: 0, NonImmediateOops: No
[2,885s][debug][gc,nmethod     ] Register NMethod: com.github.benmanes.caffeine.cache.WriteThroughEntry.<init> (0x00007cb6140e8b88) [0x00007cb6140e8c80, 0x00007cb6140e92f8] Compiler: c1, Barriers: 9, Oops: 1, ImmediateOops: 0, NonImmediateOops: No
[2,885s][debug][gc,nmethod     ] Register NMethod: java.util.concurrent.ConcurrentHashMap.replaceNode (0x00007cb6140e9308) [0x00007cb6140e9400, 0x00007cb6140eb9f0] Compiler: c1, Barriers: 18, Oops: 0, ImmediateOops: 1, NonImmediateOops: No
[2,885s][debug][gc,nmethod     ] Register NMethod: com.github.benmanes.caffeine.cache.BoundedLocalCache$EntryIterator.next (0x00007cb6140eba08) [0x00007cb6140ebb00, 0x00007cb6140ec7e8] Compiler: c1, Barriers: 24, Oops: 1, ImmediateOops: 0, NonImmediateOops: No
[2,885s][debug][gc,nmethod     ] Register NMethod: java.util.stream.Collectors$$Lambda/0x000000002611cb58.<init> (0x00007cb6140ec808) [0x00007cb6140ec900, 0x00007cb6140ecb48] Compiler: c1, Barriers: 6, Oops: 0, ImmediateOops: 0, NonImmediateOops: No
[2,885s][debug][gc,nmethod     ] Register NMethod: java.util.stream.Collectors.toMap (0x00007cb6140ecb88) [0x00007cb6140ecc80, 0x00007cb6140ed588] Compiler: c1, Barriers: 6, Oops: 4, ImmediateOops: 5, NonImmediateOops: No
[2,885s][debug][gc,nmethod     ] Register NMethod: java.util.stream.Collectors$$Lambda/0x000000002611c930.get (0x00007cb6140ed608) [0x00007cb6140ed700, 0x00007cb6140ed980] Compiler: c1, Barriers: 0, Oops: 0, ImmediateOops: 0, NonImmediateOops: No
[2,885s][debug][gc,nmethod     ] Register NMethod: java.util.stream.Collectors.uniqKeysMapAccumulator (0x00007cb6140ed988) [0x00007cb6140eda80, 0x00007cb6140ee0b0] Compiler: c1, Barriers: 6, Oops: 1, ImmediateOops: 2, NonImmediateOops: No
[2,885s][debug][gc,nmethod     ] Register NMethod: java.util.stream.Collectors.uniqKeysMapMerger (0x00007cb6140ee108) [0x00007cb6140ee200, 0x00007cb6140ee3a0] Compiler: c1, Barriers: 0, Oops: 1, ImmediateOops: 1, NonImmediateOops: No
[2,885s][debug][gc,nmethod     ] Register NMethod: java.lang.System$1.uncheckedEncodeASCII (0x00007cb6140ee408) [0x00007cb6140ee500, 0x00007cb6140ee640] Compiler: c1, Barriers: 0, Oops: 0, ImmediateOops: 0, NonImmediateOops: No
[2,885s][debug][gc,nmethod     ] Register NMethod: sun.nio.cs.UTF_8$Encoder.encodeLoop (0x00007cb6140ee708) [0x00007cb6140ee800, 0x00007cb6140eef88] Compiler: c1, Barriers: 2, Oops: 0, ImmediateOops: 0, NonImmediateOops: No
[2,885s][debug][gc,nmethod     ] Register NMethod: io.sirix.page.KeyValueLeafPage.getPinCountByTransaction (0x00007cb6140ef008) [0x00007cb6140ef100, 0x00007cb6140efa88] Compiler: c1, Barriers: 1, Oops: 4, ImmediateOops: 2, NonImmediateOops: No
[2,885s][debug][gc,nmethod     ] Register NMethod: java.util.concurrent.ConcurrentHashMap$MapEntry.getValue (0x00007cb632e23e88) [0x00007cb632e23f80, 0x00007cb632e24068] Compiler: c1, Barriers: 1, Oops: 0, ImmediateOops: 0, NonImmediateOops: No
[2,886s][debug][gc,nmethod     ] Register NMethod: java.util.concurrent.ConcurrentHashMap$MapEntry.getKey (0x00007cb632e24188) [0x00007cb632e24280, 0x00007cb632e24368] Compiler: c1, Barriers: 1, Oops: 0, ImmediateOops: 0, NonImmediateOops: No
[2,886s][debug][gc,nmethod     ] Register NMethod: org.gradle.internal.remote.internal.hub.MessageHub.access$300 (0x00007cb632e24488) [0x00007cb632e24580, 0x00007cb632e24650] Compiler: c1, Barriers: 1, Oops: 1, ImmediateOops: 0, NonImmediateOops: No
[2,886s][debug][gc,nmethod     ] Register NMethod: java.nio.charset.CharsetEncoder.encode (0x00007cb6140efb08) [0x00007cb6140efc00, 0x00007cb6140f29c8] Compiler: c1, Barriers: 5, Oops: 0, ImmediateOops: 5, NonImmediateOops: No
[2,886s][debug][gc,nmethod     ] Register NMethod: io.sirix.node.SirixDeweyID.<init> (0x00007cb632e24788) [0x00007cb632e24880, 0x00007cb632e250b8] Compiler: jvmci, Barriers: 3, Oops: 1, ImmediateOops: 2, NonImmediateOops: No
[2,886s][debug][gc,nmethod     ] Register NMethod: sun.nio.cs.UTF_8$Encoder.encodeArrayLoop (0x00007cb6140f2a08) [0x00007cb6140f2b00, 0x00007cb6140f57c0] Compiler: c1, Barriers: 2, Oops: 1, ImmediateOops: 2, NonImmediateOops: No
[2,886s][debug][gc,nmethod     ] Register NMethod: io.sirix.access.trx.page.NodePageReadOnlyTrx.unpinRecordPage (0x00007cb6140f5808) [0x00007cb6140f5900, 0x00007cb6140f8df0] Compiler: c1, Barriers: 11, Oops: 5, ImmediateOops: 6, NonImmediateOops: No
[2,886s][debug][gc,nmethod     ] Register NMethod: java.lang.invoke.Invokers$Holder.linkToTargetMethod (0x00007cb6140f8e88) [0x00007cb6140f8f80, 0x00007cb6140f9488] Compiler: c1, Barriers: 0, Oops: 0, ImmediateOops: 0, NonImmediateOops: No
[2,887s][debug][gc,nmethod     ] Register NMethod: java.lang.invoke.VarHandleLongs$FieldInstanceReadWrite.compareAndSet (0x00007cb6140f9508) [0x00007cb6140f9600, 0x00007cb6140fa040] Compiler: c1, Barriers: 1, Oops: 1, ImmediateOops: 0, NonImmediateOops: No
[2,887s][debug][gc,nmethod     ] Register NMethod: com.github.benmanes.caffeine.cache.SSLSMW.setHitsInSample (0x00007cb632e25108) [0x00007cb632e25200, 0x00007cb632e252c0] Compiler: c1, Barriers: 0, Oops: 1, ImmediateOops: 0, NonImmediateOops: No
[2,887s][debug][gc,nmethod     ] Register NMethod: java.lang.invoke.LambdaForm$DMH/0x0000000026148000.newInvokeSpecial (0x00007cb6140fa088) [0x00007cb6140fa180, 0x00007cb6140faa28] Compiler: c1, Barriers: 2, Oops: 1, ImmediateOops: 1, NonImmediateOops: No
[2,887s][debug][gc,nmethod     ] Register NMethod: com.github.benmanes.caffeine.cache.SSLSMW.accessOrderProbationDeque (0x00007cb632e25408) [0x00007cb632e25500, 0x00007cb632e255f0] Compiler: c1, Barriers: 1, Oops: 1, ImmediateOops: 0, NonImmediateOops: No
[2,887s][debug][gc,nmethod     ] Register NMethod: java.util.concurrent.ForkJoinPool.poolSubmit (0x00007cb6140faa88) [0x00007cb6140fab80, 0x00007cb6140fb610] Compiler: c1, Barriers: 4, Oops: 1, ImmediateOops: 2, NonImmediateOops: No
[2,887s][debug][gc,nmethod     ] Register NMethod: java.util.concurrent.ForkJoinPool.execute (0x00007cb6140fb688) [0x00007cb6140fb780, 0x00007cb6140fc2b8] Compiler: c1, Barriers: 3, Oops: 0, ImmediateOops: 0, NonImmediateOops: No
[2,887s][debug][gc,nmethod     ] Register NMethod: com.github.benmanes.caffeine.cache.Node.inWindow (0x00007cb6140fc308) [0x00007cb6140fc400, 0x00007cb6140fc748] Compiler: c1, Barriers: 0, Oops: 1, ImmediateOops: 0, NonImmediateOops: No
[2,887s][debug][gc,nmethod     ] Register NMethod: java.util.concurrent.ForkJoinPool$WorkQueue.tryLockPhase (0x00007cb6140fc788) [0x00007cb6140fc880, 0x00007cb6140fca28] Compiler: c1, Barriers: 0, Oops: 0, ImmediateOops: 0, NonImmediateOops: No
[2,887s][debug][gc,nmethod     ] Register NMethod: com.github.benmanes.caffeine.cache.AccessOrderDeque.contains (0x00007cb6140fca88) [0x00007cb6140fcb80, 0x00007cb6140fd178] Compiler: c1, Barriers: 1, Oops: 1, ImmediateOops: 0, NonImmediateOops: No
[2,887s][debug][gc,nmethod     ] Register NMethod: java.util.concurrent.ForkJoinPool.deactivate (0x00007cb632e25708) [0x00007cb632e25800, 0x00007cb632e26390] Compiler: jvmci, Barriers: 21, Oops: 0, ImmediateOops: 1, NonImmediateOops: No
[2,887s][debug][gc,nmethod     ] Register NMethod: com.github.benmanes.caffeine.cache.AccessOrderDeque.setPrevious (0x00007cb6140fd188) [0x00007cb6140fd280, 0x00007cb6140fdbe0] Compiler: c1, Barriers: 0, Oops: 1, ImmediateOops: 0, NonImmediateOops: No
[2,887s][debug][gc,nmethod     ] Register NMethod: com.github.benmanes.caffeine.cache.PSMW.setPreviousInAccessOrder (0x00007cb6140fdc08) [0x00007cb6140fdd00, 0x00007cb6140fe250] Compiler: c1, Barriers: 3, Oops: 1, ImmediateOops: 0, NonImmediateOops: No
[2,887s][debug][gc,nmethod     ] Register NMethod: com.github.benmanes.caffeine.cache.BaseMpscLinkedArrayQueue.soElement (0x00007cb6140fe288) [0x00007cb6140fe380, 0x00007cb614100488] Compiler: c1, Barriers: 3, Oops: 8, ImmediateOops: 11, NonImmediateOops: No
[2,887s][debug][gc,nmethod     ] Register NMethod: com.github.benmanes.caffeine.cache.AccessOrderDeque.setPrevious (0x00007cb614100508) [0x00007cb614100600, 0x00007cb614100910] Compiler: c1, Barriers: 0, Oops: 1, ImmediateOops: 0, NonImmediateOops: No
[2,887s][debug][gc,nmethod     ] Register NMethod: com.github.benmanes.caffeine.cache.AccessOrderDeque.setNext (0x00007cb614100988) [0x00007cb614100a80, 0x00007cb6141013e0] Compiler: c1, Barriers: 0, Oops: 1, ImmediateOops: 0, NonImmediateOops: No
[2,887s][debug][gc,nmethod     ] Register NMethod: com.github.benmanes.caffeine.cache.AccessOrderDeque.setNext (0x00007cb614101408) [0x00007cb614101500, 0x00007cb614101810] Compiler: c1, Barriers: 0, Oops: 1, ImmediateOops: 0, NonImmediateOops: No
[2,887s][debug][gc,nmethod     ] Register NMethod: com.github.benmanes.caffeine.cache.PSMW.setNextInAccessOrder (0x00007cb614101888) [0x00007cb614101980, 0x00007cb614101ed0] Compiler: c1, Barriers: 3, Oops: 1, ImmediateOops: 0, NonImmediateOops: No
[2,887s][debug][gc,nmethod     ] Register NMethod: com.github.benmanes.caffeine.cache.SSLMW.accessOrderProbationDeque (0x00007cb632e26408) [0x00007cb632e26500, 0x00007cb632e265f0] Compiler: c1, Barriers: 1, Oops: 1, ImmediateOops: 0, NonImmediateOops: No
[2,888s][debug][gc,nmethod     ] Register NMethod: com.github.benmanes.caffeine.cache.LocalManualCache.asMap (0x00007cb614101f08) [0x00007cb614102000, 0x00007cb6141021e0] Compiler: c1, Barriers: 1, Oops: 1, ImmediateOops: 0, NonImmediateOops: No
[2,888s][debug][gc,nmethod     ] Register NMethod: java.lang.StringUTF16.putChar (0x00007cb632e26708) [0x00007cb632e26800, 0x00007cb632e268e0] Compiler: jvmci, Barriers: 0, Oops: 0, ImmediateOops: 0, NonImmediateOops: No
[2,888s][debug][gc,nmethod     ] Register NMethod: org.gradle.internal.io.StreamByteBuffer.hasRemaining (0x00007cb614102208) [0x00007cb614102300, 0x00007cb6141026f0] Compiler: c1, Barriers: 0, Oops: 1, ImmediateOops: 0, NonImmediateOops: No
[2,888s][debug][gc,nmethod     ] Register NMethod: jdk.internal.util.DecimalDigits.stringSize (0x00007cb614102708) [0x00007cb614102800, 0x00007cb614102a38] Compiler: c1, Barriers: 0, Oops: 0, ImmediateOops: 0, NonImmediateOops: No
[2,888s][debug][gc,nmethod     ] Register NMethod: java.nio.MappedByteBuffer.position (0x00007cb614102a88) [0x00007cb614102b80, 0x00007cb614102f40] Compiler: c1, Barriers: 0, Oops: 0, ImmediateOops: 0, NonImmediateOops: No
[2,888s][debug][gc,director    ] Rule Major: Warmup 10%, Used: 474MB, UsedThreshold: 1228MB
[2,888s][debug][gc,nmethod     ] Register NMethod: jdk.internal.util.DecimalDigits.uncheckedGetCharsLatin1 (0x00007cb614102f88) [0x00007cb614103080, 0x00007cb614103590] Compiler: c1, Barriers: 0, Oops: 0, ImmediateOops: 0, NonImmediateOops: No
[2,888s][debug][gc,nmethod     ] Register NMethod: java.lang.StringBuilder.toString (0x00007cb614103608) [0x00007cb614103700, 0x00007cb614103b38] Compiler: c1, Barriers: 0, Oops: 0, ImmediateOops: 1, NonImmediateOops: No
[2,889s][debug][gc,nmethod     ] Register NMethod: java.text.StringBufFactory$StringBuilderImpl.length (0x00007cb614103b88) [0x00007cb614103c80, 0x00007cb614103ff0] Compiler: c1, Barriers: 1, Oops: 0, ImmediateOops: 0, NonImmediateOops: No
[2,890s][debug][gc,nmethod     ] Register NMethod: jdk.internal.classfile.impl.RawBytecodeHelper.getU2Unchecked (0x00007cb632e26a08) [0x00007cb632e26b00, 0x00007cb632e26c18] Compiler: jvmci, Barriers: 2, Oops: 0, ImmediateOops: 0, NonImmediateOops: No
[2,890s][debug][gc,nmethod     ] Register NMethod: java.util.concurrent.ConcurrentHashMap$Traverser.advance (0x00007cb632e26d08) [0x00007cb632e26e00, 0x00007cb632e271c0] Compiler: jvmci, Barriers: 10, Oops: 0, ImmediateOops: 0, NonImmediateOops: No
[2,892s][debug][gc,nmethod     ] Register NMethod: java.util.AbstractMap$SimpleImmutableEntry.getKey (0x00007cb632e27208) [0x00007cb632e27300, 0x00007cb632e273e8] Compiler: c1, Barriers: 1, Oops: 0, ImmediateOops: 0, NonImmediateOops: No
[2,892s][debug][gc,nmethod     ] Register NMethod: java.lang.Character.hashCode (0x00007cb614104008) [0x00007cb614104100, 0x00007cb614104258] Compiler: c1, Barriers: 0, Oops: 0, ImmediateOops: 0, NonImmediateOops: No
[2,892s][debug][gc,nmethod     ] Register NMethod: java.lang.Character.hashCode (0x00007cb614104308) [0x00007cb614104400, 0x00007cb6141044e0] Compiler: c1, Barriers: 0, Oops: 0, ImmediateOops: 0, NonImmediateOops: No
[2,892s][debug][gc,nmethod     ] Register NMethod: java.lang.Character.valueOf (0x00007cb614104608) [0x00007cb614104700, 0x00007cb6141049a0] Compiler: c1, Barriers: 1, Oops: 0, ImmediateOops: 1, NonImmediateOops: No
[2,892s][debug][gc,nmethod     ] Register NMethod: java.util.ArrayList.checkForComodification (0x00007cb614104a08) [0x00007cb614104b00, 0x00007cb614104cb0] Compiler: c1, Barriers: 0, Oops: 0, ImmediateOops: 0, NonImmediateOops: No
[2,892s][debug][gc,nmethod     ] Register NMethod: java.util.Spliterators$ArraySpliterator.forEachRemaining (0x00007cb614104d08) [0x00007cb614104e00, 0x00007cb6141053d0] Compiler: c1, Barriers: 2, Oops: 0, ImmediateOops: 0, NonImmediateOops: No
[2,892s][debug][gc,nmethod     ] Register NMethod: java.lang.invoke.Invokers$Holder.linkToTargetMethod (0x00007cb614105408) [0x00007cb614105500, 0x00007cb6141059f8] Compiler: c1, Barriers: 0, Oops: 0, ImmediateOops: 0, NonImmediateOops: No
[2,892s][debug][gc,nmethod     ] Register NMethod: java.util.concurrent.locks.ReentrantLock$Sync.isHeldExclusively (0x00007cb614105a08) [0x00007cb614105b00, 0x00007cb614105e98] Compiler: c1, Barriers: 2, Oops: 0, ImmediateOops: 0, NonImmediateOops: No
[2,892s][debug][gc,nmethod     ] Register NMethod: java.lang.invoke.LambdaForm$DMH/0x00000000261ac800.newInvokeSpecial (0x00007cb614105f08) [0x00007cb614106000, 0x00007cb614106880] Compiler: c1, Barriers: 2, Oops: 1, ImmediateOops: 1, NonImmediateOops: No
[2,894s][debug][gc,nmethod     ] Register NMethod: java.util.concurrent.locks.ReentrantReadWriteLock.readLock (0x00007cb632e27508) [0x00007cb632e27600, 0x00007cb632e276e8] Compiler: c1, Barriers: 1, Oops: 0, ImmediateOops: 0, NonImmediateOops: No
[2,894s][debug][gc,nmethod     ] Register NMethod: java.lang.String.<init> (0x00007cb614106908) [0x00007cb614106a00, 0x00007cb614106fd8] Compiler: c1, Barriers: 6, Oops: 0, ImmediateOops: 1, NonImmediateOops: No
[2,895s][debug][gc,nmethod     ] Register NMethod: sun.nio.cs.StreamEncoder.implWrite (0x00007cb614107008) [0x00007cb614107100, 0x00007cb614107438] Compiler: c1, Barriers: 0, Oops: 0, ImmediateOops: 0, NonImmediateOops: No
[2,895s][debug][gc,nmethod     ] Register NMethod: sun.nio.cs.StreamEncoder.ensureOpen (0x00007cb614107488) [0x00007cb614107580, 0x00007cb614107778] Compiler: c1, Barriers: 0, Oops: 0, ImmediateOops: 1, NonImmediateOops: No
[2,895s][debug][gc,nmethod     ] Register NMethod: java.lang.Math.round (0x00007cb614107788) [0x00007cb614107880, 0x00007cb614107a48] Compiler: c1, Barriers: 0, Oops: 0, ImmediateOops: 0, NonImmediateOops: No
[2,895s][debug][gc,nmethod     ] Register NMethod: sun.nio.cs.StreamEncoder.write (0x00007cb614107a88) [0x00007cb614107b80, 0x00007cb614108668] Compiler: c1, Barriers: 1, Oops: 0, ImmediateOops: 1, NonImmediateOops: No
[2,895s][debug][gc,nmethod     ] Register NMethod: sun.nio.cs.StreamEncoder.growByteBufferIfNeeded (0x00007cb614108688) [0x00007cb614108780, 0x00007cb614109330] Compiler: c1, Barriers: 6, Oops: 0, ImmediateOops: 0, NonImmediateOops: No
[2,895s][debug][gc,nmethod     ] Register NMethod: sun.nio.fs.UnixFileSystem.normalizeNativePath (0x00007cb614109388) [0x00007cb614109480, 0x00007cb614109580] Compiler: c1, Barriers: 0, Oops: 0, ImmediateOops: 0, NonImmediateOops: No
[2,895s][debug][gc,nmethod     ] Register NMethod: sun.nio.fs.Util.jnuEncoding (0x00007cb614109688) [0x00007cb614109780, 0x00007cb614109868] Compiler: c1, Barriers: 0, Oops: 0, ImmediateOops: 1, NonImmediateOops: No
[2,895s][debug][gc,nmethod     ] Register NMethod: sun.nio.fs.UnixPath.<init> (0x00007cb614109988) [0x00007cb614109a80, 0x00007cb614109da8] Compiler: c1, Barriers: 6, Oops: 0, ImmediateOops: 0, NonImmediateOops: No
[2,895s][debug][gc,nmethod     ] Register NMethod: sun.nio.cs.StreamEncoder.implWrite (0x00007cb614109e08) [0x00007cb614109f00, 0x00007cb61410b928] Compiler: c1, Barriers: 3, Oops: 0, ImmediateOops: 0, NonImmediateOops: No
[2,896s][debug][gc,nmethod     ] Register NMethod: sun.nio.fs.UnixPath.encode (0x00007cb61410b988) [0x00007cb61410ba80, 0x00007cb61410cb50] Compiler: c1, Barriers: 1, Oops: 2, ImmediateOops: 3, NonImmediateOops: No
[2,896s][debug][gc,nmethod     ] Register NMethod: io.sirix.cache.BufferManagerImpl.getPageCache (0x00007cb632e27808) [0x00007cb632e27900, 0x00007cb632e279e8] Compiler: c1, Barriers: 1, Oops: 1, ImmediateOops: 0, NonImmediateOops: No
[2,896s][debug][gc,nmethod     ] Register NMethod: sun.nio.fs.UnixFileSystem.getPath (0x00007cb61410cb88) [0x00007cb61410cc80, 0x00007cb61410e5b0] Compiler: c1, Barriers: 8, Oops: 0, ImmediateOops: 1, NonImmediateOops: No
[2,896s][debug][gc,nmethod     ] Register NMethod: sun.nio.fs.UnixNativeDispatcher.access0 (0x00007cb632e27b08) [0x00007cb632e27c00, 0x00007cb632e27d60] Compiler: , Barriers: 0, Oops: 0, ImmediateOops: 1, NonImmediateOops: No
[2,896s][debug][gc,nmethod     ] Register NMethod: java.util.BitSet.and (0x00007cb61410e608) [0x00007cb61410e700, 0x00007cb61410eb50] Compiler: c1, Barriers: 3, Oops: 0, ImmediateOops: 0, NonImmediateOops: No
[2,897s][debug][gc,nmethod     ] Register NMethod: io.sirix.page.NamePage.setName (0x00007cb61410eb88) [0x00007cb61410ec80, 0x00007cb614110240] Compiler: c1, Barriers: 25, Oops: 1, ImmediateOops: 2, NonImmediateOops: No
[2,897s][debug][gc,nmethod     ] Register NMethod: java.util.concurrent.ForkJoinPool.compareAndExchangeCtl (0x00007cb614110288) [0x00007cb614110380, 0x00007cb614110690] Compiler: c1, Barriers: 0, Oops: 0, ImmediateOops: 1, NonImmediateOops: No
[2,897s][debug][gc,nmethod     ] Register NMethod: io.sirix.index.name.Names.setName (0x00007cb614110708) [0x00007cb614110800, 0x00007cb6141129f0] Compiler: c1, Barriers: 12, Oops: 2, ImmediateOops: 4, NonImmediateOops: No
[2,897s][debug][gc,nmethod     ] Register NMethod: io.sirix.page.KeyValueLeafPage.addReferences (0x00007cb614112a08) [0x00007cb614112b00, 0x00007cb614113c20] Compiler: c1, Barriers: 6, Oops: 1, ImmediateOops: 0, NonImmediateOops: No
[2,898s][debug][gc,nmethod     ] Register NMethod: io.sirix.page.KeyValueLeafPage.processEntries (0x00007cb614113c88) [0x00007cb614113d80, 0x00007cb614116ac0] Compiler: c1, Barriers: 17, Oops: 1, ImmediateOops: 0, NonImmediateOops: No
[2,899s][debug][gc,director    ] Rule Major: Warmup 10%, Used: 476MB, UsedThreshold: 1228MB
[2,899s][debug][gc,nmethod     ] Register NMethod: java.io.OutputStream.<init> (0x00007cb614116b08) [0x00007cb614116c00, 0x00007cb614116d58] Compiler: c1, Barriers: 0, Oops: 0, ImmediateOops: 0, NonImmediateOops: No
[2,899s][debug][gc,nmethod     ] Register NMethod: io.sirix.node.GrowingMemorySegment.writeShort (0x00007cb614116e08) [0x00007cb614116f00, 0x00007cb61411ad30] Compiler: c1, Barriers: 5, Oops: 6, ImmediateOops: 11, NonImmediateOops: No
[2,899s][debug][gc,nmethod     ] Register NMethod: net.jpountz.xxhash.StreamingXXHash32JNI.getValue (0x00007cb61411ad88) [0x00007cb61411ae80, 0x00007cb61411b278] Compiler: c1, Barriers: 0, Oops: 1, ImmediateOops: 1, NonImmediateOops: No
[2,899s][debug][gc,nmethod     ] Register NMethod: net.jpountz.xxhash.StreamingXXHash32JNI.reset (0x00007cb61411b288) [0x00007cb61411b380, 0x00007cb61411b7c0] Compiler: c1, Barriers: 0, Oops: 1, ImmediateOops: 1, NonImmediateOops: No
[2,899s][debug][gc,nmethod     ] Register NMethod: net.jpountz.xxhash.StreamingXXHash32$1.update (0x00007cb61411b808) [0x00007cb61411b900, 0x00007cb61411ba88] Compiler: c1, Barriers: 1, Oops: 1, ImmediateOops: 0, NonImmediateOops: No
[2,899s][debug][gc,nmethod     ] Register NMethod: net.jpountz.xxhash.StreamingXXHash32$1.reset (0x00007cb61411bb08) [0x00007cb61411bc00, 0x00007cb61411c110] Compiler: c1, Barriers: 1, Oops: 1, ImmediateOops: 1, NonImmediateOops: No
[2,899s][debug][gc,nmethod     ] Register NMethod: net.jpountz.xxhash.StreamingXXHash32JNI.update (0x00007cb61411c188) [0x00007cb61411c280, 0x00007cb61411c688] Compiler: c1, Barriers: 0, Oops: 1, ImmediateOops: 1, NonImmediateOops: No
[2,899s][debug][gc,nmethod     ] Register NMethod: net.jpountz.xxhash.StreamingXXHash32$1.getValue (0x00007cb61411c708) [0x00007cb61411c800, 0x00007cb61411ccf0] Compiler: c1, Barriers: 1, Oops: 1, ImmediateOops: 1, NonImmediateOops: No
[2,900s][debug][gc,nmethod     ] Register NMethod: jdk.internal.classfile.impl.SuperclassImpl.writeTo (0x00007cb61411cd08) [0x00007cb61411ce00, 0x00007cb61411d188] Compiler: c1, Barriers: 4, Oops: 0, ImmediateOops: 0, NonImmediateOops: No
[2,900s][debug][gc,nmethod     ] Register NMethod: jdk.internal.classfile.impl.SuperclassImpl.<init> (0x00007cb61411d208) [0x00007cb61411d300, 0x00007cb61411d680] Compiler: c1, Barriers: 3, Oops: 0, ImmediateOops: 0, NonImmediateOops: No
[2,900s][debug][gc,nmethod     ] Register NMethod: java.lang.classfile.Superclass.of (0x00007cb61411d688) [0x00007cb61411d780, 0x00007cb61411db98] Compiler: c1, Barriers: 3, Oops: 0, ImmediateOops: 0, NonImmediateOops: No
[2,900s][debug][gc,nmethod     ] Register NMethod: java.lang.classfile.ClassBuilder.withSuperclass (0x00007cb61411dc08) [0x00007cb61411dd00, 0x00007cb61411e648] Compiler: c1, Barriers: 3, Oops: 0, ImmediateOops: 0, NonImmediateOops: No
[2,900s][debug][gc,nmethod     ] Register NMethod: java.lang.StringBuilder.append (0x00007cb632e27e08) [0x00007cb632e27f00, 0x00007cb632e28a58] Compiler: jvmci, Barriers: 6, Oops: 0, ImmediateOops: 0, NonImmediateOops: No
[2,904s][debug][gc,nmethod     ] Register NMethod: java.lang.foreign.MemorySegment.copy (0x00007cb632e28a88) [0x00007cb632e28b80, 0x00007cb632e29778] Compiler: jvmci, Barriers: 9, Oops: 1, ImmediateOops: 0, NonImmediateOops: No
[2,907s][debug][gc,nmethod     ] Register NMethod: java.lang.AbstractStringBuilder.append (0x00007cb632e29788) [0x00007cb632e29880, 0x00007cb632e2a3d8] Compiler: jvmci, Barriers: 6, Oops: 0, ImmediateOops: 0, NonImmediateOops: No
[2,909s][debug][gc,director    ] Rule Major: Warmup 10%, Used: 476MB, UsedThreshold: 1228MB
[2,916s][debug][gc,nmethod     ] Register NMethod: sun.nio.ch.NativeDispatcher.needsPositionLock (0x00007cb632e2a408) [0x00007cb632e2a500, 0x00007cb632e2a5c0] Compiler: c1, Barriers: 0, Oops: 0, ImmediateOops: 0, NonImmediateOops: No
[2,916s][debug][gc,nmethod     ] Register NMethod: io.sirix.access.DatabaseConfiguration.getDatabaseId (0x00007cb632e2a708) [0x00007cb632e2a800, 0x00007cb632e2a8c0] Compiler: c1, Barriers: 0, Oops: 1, ImmediateOops: 0, NonImmediateOops: No
[2,917s][debug][gc,nmethod     ] Register NMethod: io.sirix.access.ResourceConfiguration.getID (0x00007cb632e2aa08) [0x00007cb632e2ab00, 0x00007cb632e2abc0] Compiler: c1, Barriers: 0, Oops: 1, ImmediateOops: 0, NonImmediateOops: No
[2,917s][debug][gc,nmethod     ] Register NMethod: com.github.benmanes.caffeine.cache.SSLS.statsCounter (0x00007cb632e2ad08) [0x00007cb632e2ae00, 0x00007cb632e2aef0] Compiler: c1, Barriers: 1, Oops: 1, ImmediateOops: 0, NonImmediateOops: No
[2,917s][debug][gc,nmethod     ] Register NMethod: io.sirix.page.delegates.BitmapReferencesPage.index (0x00007cb61411e688) [0x00007cb61411e780, 0x00007cb61411eca0] Compiler: c1, Barriers: 4, Oops: 1, ImmediateOops: 0, NonImmediateOops: No
[2,917s][debug][gc,nmethod     ] Register NMethod: com.github.benmanes.caffeine.cache.BoundedLocalCache.keyReferenceQueue (0x00007cb632e2b008) [0x00007cb632e2b100, 0x00007cb632e2b1c8] Compiler: c1, Barriers: 0, Oops: 1, ImmediateOops: 0, NonImmediateOops: No
[2,917s][debug][gc,nmethod     ] Register NMethod: com.github.benmanes.caffeine.cache.BoundedLocalCache.discardRefresh (0x00007cb61411ed08) [0x00007cb61411ee00, 0x00007cb61411f3b0] Compiler: c1, Barriers: 1, Oops: 1, ImmediateOops: 0, NonImmediateOops: No
[2,917s][debug][gc,nmethod     ] Register NMethod: sun.nio.fs.UnixPath.resolve (0x00007cb61411f408) [0x00007cb61411f500, 0x00007cb6141201b8] Compiler: c1, Barriers: 9, Oops: 0, ImmediateOops: 0, NonImmediateOops: No
[2,918s][debug][gc,nmethod     ] Register NMethod: sun.nio.fs.UnixPath.resolve (0x00007cb614120208) [0x00007cb614120300, 0x00007cb6141208c8] Compiler: c1, Barriers: 0, Oops: 0, ImmediateOops: 0, NonImmediateOops: No
[2,918s][debug][gc,nmethod     ] Register NMethod: org.magicwerk.brownies.collections.GapList.doGet (0x00007cb614120908) [0x00007cb614120a00, 0x00007cb614120d38] Compiler: c1, Barriers: 2, Oops: 1, ImmediateOops: 0, NonImmediateOops: No
[2,918s][debug][gc,nmethod     ] Register NMethod: java.util.concurrent.ForkJoinPool$WorkQueue.unlockPhase (0x00007cb614120d88) [0x00007cb614120e80, 0x00007cb614120f90] Compiler: c1, Barriers: 0, Oops: 0, ImmediateOops: 0, NonImmediateOops: No
[2,918s][debug][gc,nmethod     ] Register NMethod: io.sirix.access.trx.page.NodePageReadOnlyTrx$PageFragmentsResult.pages (0x00007cb632e2b308) [0x00007cb632e2b400, 0x00007cb632e2b4e8] Compiler: c1, Barriers: 1, Oops: 1, ImmediateOops: 0, NonImmediateOops: No
[2,918s][debug][gc,nmethod     ] Register NMethod: org.magicwerk.brownies.collections.GapList.get (0x00007cb614121088) [0x00007cb614121180, 0x00007cb614122b78] Compiler: c1, Barriers: 0, Oops: 4, ImmediateOops: 4, NonImmediateOops: No
[2,918s][debug][gc,nmethod     ] Register NMethod: java.nio.HeapByteBuffer.<init> (0x00007cb614122c08) [0x00007cb614122d00, 0x00007cb614122f00] Compiler: c1, Barriers: 0, Oops: 0, ImmediateOops: 0, NonImmediateOops: No
[2,918s][debug][gc,nmethod     ] Register NMethod: com.github.benmanes.caffeine.cache.SSLSMW.mainProtectedWeightedSize (0x00007cb632e2b608) [0x00007cb632e2b700, 0x00007cb632e2b7c0] Compiler: c1, Barriers: 0, Oops: 1, ImmediateOops: 0, NonImmediateOops: No
[2,918s][debug][gc,nmethod     ] Register NMethod: jdk.internal.misc.Unsafe.weakCompareAndSetLongRelease (0x00007cb614122f08) [0x00007cb614123000, 0x00007cb614123120] Compiler: c1, Barriers: 0, Oops: 0, ImmediateOops: 0, NonImmediateOops: No
[2,918s][debug][gc,nmethod     ] Register NMethod: java.util.concurrent.atomic.LongAdder.add (0x00007cb614123208) [0x00007cb614123300, 0x00007cb614123c78] Compiler: c1, Barriers: 3, Oops: 1, ImmediateOops: 2, NonImmediateOops: No
[2,919s][debug][gc,nmethod     ] Register NMethod: java.util.concurrent.atomic.Striped64.casBase (0x00007cb614123c88) [0x00007cb614123d80, 0x00007cb614124bf0] Compiler: c1, Barriers: 0, Oops: 5, ImmediateOops: 6, NonImmediateOops: No
[2,919s][debug][gc,director    ] Rule Major: Warmup 10%, Used: 478MB, UsedThreshold: 1228MB
[2,919s][debug][gc,nmethod     ] Register NMethod: java.lang.invoke.VarHandleLongs$FieldInstanceReadWrite.weakCompareAndSetRelease (0x00007cb614124c88) [0x00007cb614124d80, 0x00007cb6141259a8] Compiler: c1, Barriers: 1, Oops: 1, ImmediateOops: 1, NonImmediateOops: No
[2,919s][debug][gc,nmethod     ] Register NMethod: java.util.concurrent.ForkJoinWorkerThread.resetThreadLocals (0x00007cb614125a08) [0x00007cb614125b00, 0x00007cb614125fd0] Compiler: c1, Barriers: 8, Oops: 0, ImmediateOops: 0, NonImmediateOops: No
[2,919s][debug][gc,nmethod     ] Register NMethod: io.sirix.page.KeyValueLeafPage.getNumberOfNonNullEntries (0x00007cb614126008) [0x00007cb614126100, 0x00007cb6141266b0] Compiler: c1, Barriers: 2, Oops: 1, ImmediateOops: 0, NonImmediateOops: No
[2,919s][debug][gc,nmethod     ] Register NMethod: java.util.concurrent.locks.ReentrantLock.unlock (0x00007cb614126708) [0x00007cb614126800, 0x00007cb614126e18] Compiler: c1, Barriers: 2, Oops: 0, ImmediateOops: 0, NonImmediateOops: No
[2,919s][debug][gc,nmethod     ] Register NMethod: io.sirix.page.KeyValueLeafPage.getNumberOfNonNullEntries (0x00007cb614126e88) [0x00007cb614126f80, 0x00007cb6141274a0] Compiler: c1, Barriers: 2, Oops: 1, ImmediateOops: 0, NonImmediateOops: No
[2,920s][debug][gc,nmethod     ] Register NMethod: com.github.benmanes.caffeine.cache.BoundedLocalCache.setAccessTime (0x00007cb614127508) [0x00007cb614127600, 0x00007cb614127928] Compiler: c1, Barriers: 0, Oops: 1, ImmediateOops: 0, NonImmediateOops: No
[2,920s][debug][gc,nmethod     ] Register NMethod: com.github.benmanes.caffeine.cache.SSLSMW.mainProtectedMaximum (0x00007cb632e2b908) [0x00007cb632e2ba00, 0x00007cb632e2bac0] Compiler: c1, Barriers: 0, Oops: 1, ImmediateOops: 0, NonImmediateOops: No
[2,920s][debug][gc,nmethod     ] Register NMethod: jdk.internal.misc.Unsafe.putLongRelease (0x00007cb614127988) [0x00007cb614127a80, 0x00007cb614127b98] Compiler: c1, Barriers: 0, Oops: 0, ImmediateOops: 0, NonImmediateOops: No
[2,920s][debug][gc,nmethod     ] Register NMethod: java.nio.HeapByteBuffer.isReadOnly (0x00007cb632e2bc08) [0x00007cb632e2bd00, 0x00007cb632e2bdc0] Compiler: c1, Barriers: 0, Oops: 0, ImmediateOops: 0, NonImmediateOops: No
[2,920s][debug][gc,nmethod     ] Register NMethod: com.github.benmanes.caffeine.cache.SSLSMW.setPreviousSampleHitRate (0x00007cb632e2bf08) [0x00007cb632e2c000, 0x00007cb632e2c0c0] Compiler: c1, Barriers: 0, Oops: 1, ImmediateOops: 0, NonImmediateOops: No
[2,920s][debug][gc,nmethod     ] Register NMethod: com.github.benmanes.caffeine.cache.SSLSMW.adjustment (0x00007cb632e2c208) [0x00007cb632e2c300, 0x00007cb632e2c3c0] Compiler: c1, Barriers: 0, Oops: 1, ImmediateOops: 0, NonImmediateOops: No
[2,920s][debug][gc,nmethod     ] Register NMethod: com.github.benmanes.caffeine.cache.SSLMW.setWindowWeightedSize (0x00007cb632e2c508) [0x00007cb632e2c600, 0x00007cb632e2c6c0] Compiler: c1, Barriers: 0, Oops: 1, ImmediateOops: 0, NonImmediateOops: No
[2,920s][debug][gc,nmethod     ] Register NMethod: com.github.benmanes.caffeine.cache.SSLMW.setWeightedSize (0x00007cb632e2c808) [0x00007cb632e2c900, 0x00007cb632e2c9c0] Compiler: c1, Barriers: 0, Oops: 1, ImmediateOops: 0, NonImmediateOops: No
[2,921s][debug][gc,nmethod     ] Register NMethod: java.util.concurrent.ConcurrentLinkedDeque.updateTail (0x00007cb614127c88) [0x00007cb614127d80, 0x00007cb614128480] Compiler: c1, Barriers: 6, Oops: 1, ImmediateOops: 1, NonImmediateOops: No
[2,921s][debug][gc,nmethod     ] Register NMethod: java.util.concurrent.ConcurrentLinkedDeque.updateHead (0x00007cb614128508) [0x00007cb614128600, 0x00007cb614128d00] Compiler: c1, Barriers: 6, Oops: 1, ImmediateOops: 1, NonImmediateOops: No
[2,921s][debug][gc,nmethod     ] Register NMethod: java.util.concurrent.ConcurrentLinkedDeque.skipDeletedPredecessors (0x00007cb614128d88) [0x00007cb614128e80, 0x00007cb61412abb0] Compiler: c1, Barriers: 11, Oops: 5, ImmediateOops: 11, NonImmediateOops: No
[2,921s][debug][gc,nmethod     ] Register NMethod: com.github.benmanes.caffeine.cache.BaseMpscLinkedArrayQueue.casProducerIndex (0x00007cb61412ac08) [0x00007cb61412ad00, 0x00007cb61412ba30] Compiler: c1, Barriers: 0, Oops: 6, ImmediateOops: 5, NonImmediateOops: No
[2,921s][debug][gc,nmethod     ] Register NMethod: java.util.concurrent.ConcurrentLinkedDeque.skipDeletedSuccessors (0x00007cb61412ba88) [0x00007cb61412bb80, 0x00007cb61412d8b0] Compiler: c1, Barriers: 11, Oops: 5, ImmediateOops: 11, NonImmediateOops: No
[2,921s][debug][gc,nmethod     ] Register NMethod: com.github.benmanes.caffeine.cache.BoundedLocalCache.drainWriteBuffer (0x00007cb61412d908) [0x00007cb61412da00, 0x00007cb61412f1c8] Compiler: c1, Barriers: 1, Oops: 6, ImmediateOops: 6, NonImmediateOops: No
[2,922s][debug][gc,nmethod     ] Register NMethod: com.github.benmanes.caffeine.cache.BoundedLocalCache.performCleanUp (0x00007cb61412f208) [0x00007cb61412f300, 0x00007cb614131030] Compiler: c1, Barriers: 8, Oops: 1, ImmediateOops: 0, NonImmediateOops: No
[2,922s][debug][gc,nmethod     ] Register NMethod: com.github.benmanes.caffeine.cache.BoundedLocalCache.evictFromWindow (0x00007cb614131088) [0x00007cb614131180, 0x00007cb614134258] Compiler: c1, Barriers: 1, Oops: 1, ImmediateOops: 0, NonImmediateOops: No
[2,922s][debug][gc,nmethod     ] Register NMethod: com.github.benmanes.caffeine.cache.BoundedLocalCache.drainValueReferences (0x00007cb614134288) [0x00007cb614134380, 0x00007cb6141346a8] Compiler: c1, Barriers: 0, Oops: 1, ImmediateOops: 0, NonImmediateOops: No
[2,922s][debug][gc,nmethod     ] Register NMethod: com.github.benmanes.caffeine.cache.BoundedLocalCache.drainKeyReferences (0x00007cb614134708) [0x00007cb614134800, 0x00007cb614134b28] Compiler: c1, Barriers: 0, Oops: 1, ImmediateOops: 0, NonImmediateOops: No
[2,922s][debug][gc,nmethod     ] Register NMethod: com.github.benmanes.caffeine.cache.BoundedLocalCache.scheduleAfterWrite (0x00007cb614134b88) [0x00007cb614134c80, 0x00007cb614138260] Compiler: c1, Barriers: 0, Oops: 7, ImmediateOops: 17, NonImmediateOops: No
[2,922s][debug][gc,nmethod     ] Register NMethod: com.github.benmanes.caffeine.cache.BaseMpscLinkedArrayQueue.offer (0x00007cb614138308) [0x00007cb614138400, 0x00007cb61413b710] Compiler: c1, Barriers: 4, Oops: 12, ImmediateOops: 16, NonImmediateOops: No
[2,922s][debug][gc,nmethod     ] Register NMethod: com.github.benmanes.caffeine.cache.BoundedLocalCache.expireAfterWriteEntries (0x00007cb61413b788) [0x00007cb61413b880, 0x00007cb61413bba8] Compiler: c1, Barriers: 0, Oops: 1, ImmediateOops: 0, NonImmediateOops: No
[2,922s][debug][gc,nmethod     ] Register NMethod: com.github.benmanes.caffeine.cache.BoundedLocalCache.expireAfterAccessEntries (0x00007cb61413bc08) [0x00007cb61413bd00, 0x00007cb61413c028] Compiler: c1, Barriers: 0, Oops: 1, ImmediateOops: 0, NonImmediateOops: No
[2,922s][debug][gc,nmethod     ] Register NMethod: com.github.benmanes.caffeine.cache.BoundedLocalCache.expireVariableEntries (0x00007cb61413c088) [0x00007cb61413c180, 0x00007cb61413c4a8] Compiler: c1, Barriers: 0, Oops: 1, ImmediateOops: 0, NonImmediateOops: No
[2,922s][debug][gc,nmethod     ] Register NMethod: com.github.benmanes.caffeine.cache.BoundedLocalCache.expireEntries (0x00007cb61413c508) [0x00007cb61413c600, 0x00007cb61413d470] Compiler: c1, Barriers: 0, Oops: 1, ImmediateOops: 1, NonImmediateOops: No
[2,923s][debug][gc,nmethod     ] Register NMethod: com.github.benmanes.caffeine.cache.BoundedLocalCache.evictEntries (0x00007cb61413d488) [0x00007cb61413d580, 0x00007cb61413dcc8] Compiler: c1, Barriers: 0, Oops: 1, ImmediateOops: 0, NonImmediateOops: No
[2,923s][debug][gc,nmethod     ] Register NMethod: io.sirix.page.delegates.BitmapReferencesPage.getOrCreateReference (0x00007cb61413dd08) [0x00007cb61413de00, 0x00007cb61413e4a8] Compiler: c1, Barriers: 2, Oops: 1, ImmediateOops: 0, NonImmediateOops: No
[2,923s][debug][gc,nmethod     ] Register NMethod: com.github.benmanes.caffeine.cache.BoundedLocalCache.climb (0x00007cb61413e508) [0x00007cb61413e600, 0x00007cb61413f400] Compiler: c1, Barriers: 0, Oops: 1, ImmediateOops: 0, NonImmediateOops: No
[2,923s][debug][gc,nmethod     ] Register NMethod: com.github.benmanes.caffeine.cache.BoundedLocalCache.determineAdjustment (0x00007cb61413f488) [0x00007cb61413f5a0, 0x00007cb614141e40] Compiler: c1, Barriers: 1, Oops: 1, ImmediateOops: 0, NonImmediateOops: No
[2,923s][debug][gc,nmethod     ] Register NMethod: com.github.benmanes.caffeine.cache.BoundedLocalCache.drainReadBuffer (0x00007cb614141e88) [0x00007cb614141f80, 0x00007cb614142c68] Compiler: c1, Barriers: 3, Oops: 1, ImmediateOops: 0, NonImmediateOops: No
[2,923s][debug][gc,nmethod     ] Register NMethod: com.github.benmanes.caffeine.cache.SSLMW.setPreviousSampleHitRate (0x00007cb632e2cb08) [0x00007cb632e2cc00, 0x00007cb632e2ccc0] Compiler: c1, Barriers: 0, Oops: 1, ImmediateOops: 0, NonImmediateOops: No
[2,923s][debug][gc,nmethod     ] Register NMethod: com.github.benmanes.caffeine.cache.BoundedLocalCache.rescheduleCleanUpIfIncomplete (0x00007cb614142c88) [0x00007cb614142d80, 0x00007cb614144350] Compiler: c1, Barriers: 1, Oops: 6, ImmediateOops: 7, NonImmediateOops: No
[2,923s][debug][gc,nmethod     ] Register NMethod: com.github.benmanes.caffeine.cache.BoundedLocalCache.demoteFromMainProtected (0x00007cb614144388) [0x00007cb614144480, 0x00007cb614146bf0] Compiler: c1, Barriers: 1, Oops: 1, ImmediateOops: 0, NonImmediateOops: No
[2,923s][debug][gc,nmethod     ] Register NMethod: com.github.benmanes.caffeine.cache.SSLMW.mainProtectedMaximum (0x00007cb632e2ce08) [0x00007cb632e2cf00, 0x00007cb632e2cfc0] Compiler: c1, Barriers: 0, Oops: 1, ImmediateOops: 0, NonImmediateOops: No
[2,923s][debug][gc,nmethod     ] Register NMethod: com.github.benmanes.caffeine.cache.SSLMW.mainProtectedWeightedSize (0x00007cb632e2d108) [0x00007cb632e2d200, 0x00007cb632e2d2c0] Compiler: c1, Barriers: 0, Oops: 1, ImmediateOops: 0, NonImmediateOops: No
[2,923s][debug][gc,nmethod     ] Register NMethod: com.github.benmanes.caffeine.cache.SSLMW.adjustment (0x00007cb632e2d408) [0x00007cb632e2d500, 0x00007cb632e2d5c0] Compiler: c1, Barriers: 0, Oops: 1, ImmediateOops: 0, NonImmediateOops: No
[2,923s][debug][gc,nmethod     ] Register NMethod: com.github.benmanes.caffeine.cache.SSLSMW.setWeightedSize (0x00007cb632e2d708) [0x00007cb632e2d800, 0x00007cb632e2d8c0] Compiler: c1, Barriers: 0, Oops: 1, ImmediateOops: 0, NonImmediateOops: No
[2,924s][debug][gc,nmethod     ] Register NMethod: com.github.benmanes.caffeine.cache.BoundedLocalCache.maintenance (0x00007cb614146c08) [0x00007cb614146d00, 0x00007cb61414f868] Compiler: c1, Barriers: 3, Oops: 9, ImmediateOops: 40, NonImmediateOops: No
[2,924s][debug][gc,nmethod     ] Register NMethod: com.github.benmanes.caffeine.cache.BoundedLocalCache.evictFromMain (0x00007cb61414f908) [0x00007cb61414fa00, 0x00007cb61415b248] Compiler: c1, Barriers: 8, Oops: 8, ImmediateOops: 46, NonImmediateOops: No
[2,925s][debug][gc,nmethod     ] Register NMethod: io.sirix.index.path.summary.PathSummaryReader.getNodeKey (0x00007cb61415b308) [0x00007cb61415b400, 0x00007cb61415b8b0] Compiler: c1, Barriers: 1, Oops: 1, ImmediateOops: 1, NonImmediateOops: No
[2,925s][debug][gc,nmethod     ] Register NMethod: io.sirix.axis.AbstractAxis.tryToComputeNext (0x00007cb61415b908) [0x00007cb61415ba00, 0x00007cb61415c130] Compiler: c1, Barriers: 10, Oops: 1, ImmediateOops: 5, NonImmediateOops: No
[2,925s][debug][gc,nmethod     ] Register NMethod: io.sirix.access.trx.page.NodePageTrx.prepareRecordForModification (0x00007cb61415c188) [0x00007cb61415c280, 0x00007cb61415e108] Compiler: c1, Barriers: 7, Oops: 2, ImmediateOops: 4, NonImmediateOops: No
[2,926s][debug][gc,nmethod     ] Register NMethod: io.sirix.access.trx.page.NodePageTrx.prepareRecordPage (0x00007cb61415e188) [0x00007cb61415e280, 0x00007cb614160828] Compiler: c1, Barriers: 38, Oops: 4, ImmediateOops: 3, NonImmediateOops: No
[2,926s][debug][gc,nmethod     ] Register NMethod: io.sirix.access.trx.node.AbstractNodeHashing.rollingAdd (0x00007cb614160888) [0x00007cb614160980, 0x00007cb614165c80] Compiler: c1, Barriers: 15, Oops: 1, ImmediateOops: 2, NonImmediateOops: No
[2,926s][debug][gc,nmethod     ] Register NMethod: it.unimi.dsi.fastutil.ints.Int2ObjectOpenHashMap.get (0x00007cb614165d08) [0x00007cb614165e00, 0x00007cb614166470] Compiler: c1, Barriers: 10, Oops: 1, ImmediateOops: 0, NonImmediateOops: No
[2,926s][debug][gc,nmethod     ] Register NMethod: it.unimi.dsi.fastutil.ints.Int2IntOpenHashMap.insert (0x00007cb614166488) [0x00007cb614166580, 0x00007cb614166830] Compiler: c1, Barriers: 2, Oops: 1, ImmediateOops: 0, NonImmediateOops: No
[2,927s][debug][gc,nmethod     ] Register NMethod: io.sirix.query.node.SubtreeBuilder.startElement (0x00007cb614166888) [0x00007cb614166980, 0x00007cb614169188] Compiler: c1, Barriers: 14, Oops: 1, ImmediateOops: 1, NonImmediateOops: No
[2,927s][debug][gc,nmethod     ] Register NMethod: io.sirix.node.xml.AbstractStructForwardingNode.setLeftSiblingKey (0x00007cb614169208) [0x00007cb614169300, 0x00007cb614169640] Compiler: c1, Barriers: 0, Oops: 1, ImmediateOops: 0, NonImmediateOops: No
[2,927s][debug][gc,nmethod     ] Register NMethod: it.unimi.dsi.fastutil.ints.Int2LongOpenHashMap.get (0x00007cb614169688) [0x00007cb614169780, 0x00007cb614169cd0] Compiler: c1, Barriers: 4, Oops: 1, ImmediateOops: 0, NonImmediateOops: No
[2,927s][debug][gc,nmethod     ] Register NMethod: it.unimi.dsi.fastutil.ints.Int2LongOpenHashMap.insert (0x00007cb614169d08) [0x00007cb614169e00, 0x00007cb61416a0b0] Compiler: c1, Barriers: 2, Oops: 1, ImmediateOops: 0, NonImmediateOops: No
[2,927s][debug][gc,nmethod     ] Register NMethod: io.sirix.axis.AbstractAxis.resetToLastKey (0x00007cb61416a108) [0x00007cb61416a200, 0x00007cb61416a7b8] Compiler: c1, Barriers: 2, Oops: 1, ImmediateOops: 0, NonImmediateOops: No
[2,927s][debug][gc,nmethod     ] Register NMethod: io.sirix.access.trx.node.xml.XmlNodeTrxImpl.adaptForInsert (0x00007cb61416a808) [0x00007cb61416a900, 0x00007cb61416d6a8] Compiler: c1, Barriers: 3, Oops: 1, ImmediateOops: 3, NonImmediateOops: No
[2,928s][debug][gc,nmethod     ] Register NMethod: io.sirix.query.node.SubtreeProcessor.notifyStartElement (0x00007cb632e2da08) [0x00007cb632e2db00, 0x00007cb632e2dc30] Compiler: jvmci, Barriers: 1, Oops: 1, ImmediateOops: 0, NonImmediateOops: No
[2,928s][debug][gc,nmethod     ] Register NMethod: com.sun.org.apache.xerces.internal.util.NamespaceSupport.pushContext (0x00007cb61416d708) [0x00007cb61416d800, 0x00007cb61416db70] Compiler: c1, Barriers: 5, Oops: 0, ImmediateOops: 0, NonImmediateOops: No
[2,928s][debug][gc,nmethod     ] Register NMethod: com.sun.org.apache.xerces.internal.parsers.AbstractSAXParser.characters (0x00007cb61416db88) [0x00007cb61416dc80, 0x00007cb61416e228] Compiler: c1, Barriers: 4, Oops: 0, ImmediateOops: 0, NonImmediateOops: No
[2,929s][debug][gc,nmethod     ] Register NMethod: io.brackit.query.node.parser.SAX2SubtreeHandlerAdapter$TrimmingStringBuilder.length (0x00007cb632e2dd08) [0x00007cb632e2de00, 0x00007cb632e2de88] Compiler: jvmci, Barriers: 0, Oops: 1, ImmediateOops: 0, NonImmediateOops: No
[2,929s][debug][gc,nmethod     ] Register NMethod: it.unimi.dsi.fastutil.HashCommon.mix (0x00007cb632e2e008) [0x00007cb632e2e100, 0x00007cb632e2e170] Compiler: jvmci, Barriers: 0, Oops: 1, ImmediateOops: 0, NonImmediateOops: No
[2,929s][debug][gc,director    ] Rule Major: Warmup 10%, Used: 478MB, UsedThreshold: 1228MB
[2,929s][debug][gc,nmethod     ] Register NMethod: io.sirix.service.xml.shredder.AbstractShredder.processStartTag (0x00007cb61416e288) [0x00007cb61416e380, 0x00007cb614174098] Compiler: c1, Barriers: 27, Oops: 1, ImmediateOops: 11, NonImmediateOops: No
[2,929s][debug][gc,nmethod     ] Register NMethod: com.sun.org.apache.xerces.internal.impl.XMLEntityScanner.skipSpaces (0x00007cb614174108) [0x00007cb614174200, 0x00007cb614175480] Compiler: c1, Barriers: 16, Oops: 0, ImmediateOops: 2, NonImmediateOops: No
[2,929s][debug][gc,nmethod     ] Register NMethod: it.unimi.dsi.fastutil.longs.AbstractLongList.topLong (0x00007cb632e2e308) [0x00007cb632e2e400, 0x00007cb632e2e558] Compiler: jvmci, Barriers: 1, Oops: 1, ImmediateOops: 0, NonImmediateOops: No
[2,930s][debug][gc,nmethod     ] Register NMethod: io.sirix.access.trx.page.NodePageTrx.createRecord (0x00007cb614175488) [0x00007cb614175580, 0x00007cb61417b9c8] Compiler: c1, Barriers: 30, Oops: 1, ImmediateOops: 6, NonImmediateOops: No
[2,930s][debug][gc,nmethod     ] Register NMethod: it.unimi.dsi.fastutil.longs.AbstractLongList.popLong (0x00007cb632e2e608) [0x00007cb632e2e700, 0x00007cb632e2e888] Compiler: jvmci, Barriers: 1, Oops: 1, ImmediateOops: 0, NonImmediateOops: No
[2,930s][debug][gc,nmethod     ] Register NMethod: io.sirix.index.path.summary.PathSummaryReader.putMapping (0x00007cb61417ba08) [0x00007cb61417bb00, 0x00007cb61417c538] Compiler: c1, Barriers: 9, Oops: 1, ImmediateOops: 0, NonImmediateOops: No
[2,930s][debug][gc,nmethod     ] Register NMethod: com.sun.org.apache.xerces.internal.parsers.AbstractSAXParser.startElement (0x00007cb61417c588) [0x00007cb61417c680, 0x00007cb61417e948] Compiler: c1, Barriers: 44, Oops: 0, ImmediateOops: 10, NonImmediateOops: No
[2,930s][debug][gc,nmethod     ] Register NMethod: com.sun.org.apache.xerces.internal.impl.XMLEntityScanner.scanChar (0x00007cb61417e988) [0x00007cb61417ea80, 0x00007cb61417f4a8] Compiler: c1, Barriers: 8, Oops: 0, ImmediateOops: 0, NonImmediateOops: No
[2,930s][debug][gc,nmethod     ] Register NMethod: io.brackit.query.atomic.QNm.<init> (0x00007cb61417f508) [0x00007cb61417f600, 0x00007cb61417faa8] Compiler: c1, Barriers: 9, Oops: 1, ImmediateOops: 3, NonImmediateOops: No
[2,931s][debug][gc,nmethod     ] Register NMethod: io.sirix.access.trx.node.xml.XmlNodeReadOnlyTrxImpl.getNode (0x00007cb61417fb08) [0x00007cb61417fc00, 0x00007cb61417fef8] Compiler: c1, Barriers: 0, Oops: 1, ImmediateOops: 0, NonImmediateOops: No
[2,931s][debug][gc,nmethod     ] Register NMethod: io.sirix.index.path.summary.PathSummaryWriter.getPathNodeKey (0x00007cb61417ff08) [0x00007cb614180000, 0x00007cb614183e60] Compiler: c1, Barriers: 25, Oops: 1, ImmediateOops: 8, NonImmediateOops: No
[2,931s][debug][gc,nmethod     ] Register NMethod: java.util.concurrent.ForkJoinPool.deactivate (0x00007cb632e2e908) [0x00007cb632e2ea00, 0x00007cb632e2f970] Compiler: jvmci, Barriers: 28, Oops: 0, ImmediateOops: 1, NonImmediateOops: No
[2,931s][debug][gc,nmethod     ] Register NMethod: io.brackit.query.node.parser.SAX2SubtreeHandlerAdapter$TrimmingStringBuilder.append (0x00007cb614183e88) [0x00007cb614183f80, 0x00007cb614184410] Compiler: c1, Barriers: 5, Oops: 1, ImmediateOops: 0, NonImmediateOops: No
[2,931s][debug][gc,nmethod     ] Register NMethod: io.brackit.query.node.parser.SAX2SubtreeHandlerAdapter.characters (0x00007cb614184488) [0x00007cb614184580, 0x00007cb614184890] Compiler: c1, Barriers: 1, Oops: 1, ImmediateOops: 0, NonImmediateOops: No
[2,932s][debug][gc,nmethod     ] Register NMethod: io.sirix.node.xml.ElementNode.hasLeftSibling (0x00007cb614184908) [0x00007cb614184a00, 0x00007cb614189e38] Compiler: c1, Barriers: 19, Oops: 7, ImmediateOops: 12, NonImmediateOops: No
[2,932s][debug][gc,nmethod     ] Register NMethod: java.util.ArrayDeque.push (0x00007cb614189e88) [0x00007cb614189f80, 0x00007cb61418a0b0] Compiler: c1, Barriers: 0, Oops: 0, ImmediateOops: 0, NonImmediateOops: No
[2,932s][debug][gc,nmethod     ] Register NMethod: java.util.ArrayDeque.addFirst (0x00007cb61418a188) [0x00007cb61418a280, 0x00007cb61418a860] Compiler: c1, Barriers: 4, Oops: 0, ImmediateOops: 0, NonImmediateOops: No
[2,932s][debug][gc,nmethod     ] Register NMethod: io.sirix.axis.filter.PathKindFilter.filter (0x00007cb632e2f988) [0x00007cb632e2fa80, 0x00007cb632e2fcc0] Compiler: jvmci, Barriers: 4, Oops: 1, ImmediateOops: 0, NonImmediateOops: No
[2,933s][debug][gc,nmethod     ] Register NMethod: io.sirix.access.trx.page.NodePageTrx.getMostRecentPageContainer (0x00007cb632e2fd08) [0x00007cb632e2fe00, 0x00007cb632e30208] Compiler: jvmci, Barriers: 9, Oops: 1, ImmediateOops: 1, NonImmediateOops: No
[2,933s][debug][gc,nmethod     ] Register NMethod: io.brackit.query.node.parser.SAX2SubtreeHandlerAdapter.startElement (0x00007cb61418a888) [0x00007cb61418a980, 0x00007cb61418c968] Compiler: c1, Barriers: 6, Oops: 1, ImmediateOops: 3, NonImmediateOops: No
[2,933s][debug][gc,nmethod     ] Register NMethod: io.sirix.access.trx.node.xml.XmlNodeReadOnlyTrxImpl.getNode (0x00007cb61418c988) [0x00007cb61418ca80, 0x00007cb61418f000] Compiler: c1, Barriers: 7, Oops: 2, ImmediateOops: 3, NonImmediateOops: No
[2,933s][debug][gc,nmethod     ] Register NMethod: com.sun.org.apache.xerces.internal.impl.XMLNSDocumentScannerImpl.scanStartElement (0x00007cb61418f088) [0x00007cb61418f180, 0x00007cb6141973e0] Compiler: c1, Barriers: 176, Oops: 11, ImmediateOops: 26, NonImmediateOops: No
[2,934s][debug][gc,nmethod     ] Register NMethod: com.sun.org.apache.xerces.internal.impl.XMLDocumentFragmentScannerImpl$FragmentContentDriver.next (0x00007cb614197488) [0x00007cb614197580, 0x00007cb6141a5040] Compiler: c1, Barriers: 140, Oops: 1, ImmediateOops: 14, NonImmediateOops: No
[2,934s][debug][gc,nmethod     ] Register NMethod: io.brackit.query.node.parser.SAX2SubtreeHandlerAdapter.handleText (0x00007cb6141a5088) [0x00007cb6141a5180, 0x00007cb6141a6020] Compiler: c1, Barriers: 11, Oops: 1, ImmediateOops: 2, NonImmediateOops: No
[2,935s][debug][gc,nmethod     ] Register NMethod: io.sirix.access.trx.page.NodePageReadOnlyTrx.loadPage (0x00007cb632e30288) [0x00007cb632e30380, 0x00007cb632e30ad8] Compiler: jvmci, Barriers: 14, Oops: 1, ImmediateOops: 0, NonImmediateOops: No
[2,935s][debug][gc,nmethod     ] Register NMethod: io.sirix.access.trx.page.NodePageTrx.createNameKey (0x00007cb6141a6088) [0x00007cb6141a6180, 0x00007cb6141a7bb8] Compiler: c1, Barriers: 7, Oops: 1, ImmediateOops: 3, NonImmediateOops: No
[2,935s][debug][gc,nmethod     ] Register NMethod: io.sirix.access.trx.page.NodePageReadOnlyTrx.getValue (0x00007cb632e30b08) [0x00007cb632e30c00, 0x00007cb632e31080] Compiler: jvmci, Barriers: 4, Oops: 1, ImmediateOops: 1, NonImmediateOops: No
[2,939s][debug][gc,director    ] Rule Major: Warmup 10%, Used: 478MB, UsedThreshold: 1228MB
[2,941s][debug][gc,nmethod     ] Register NMethod: io.sirix.access.trx.page.NodePageTrx.getPageContainer (0x00007cb632e31108) [0x00007cb632e31200, 0x00007cb632e318c8] Compiler: jvmci, Barriers: 17, Oops: 3, ImmediateOops: 1, NonImmediateOops: No
[2,943s][debug][gc,nmethod     ] Register NMethod: io.sirix.access.trx.page.NodePageTrx.prepareRecordPage (0x00007cb632e31908) [0x00007cb632e31a00, 0x00007cb632e32698] Compiler: jvmci, Barriers: 39, Oops: 3, ImmediateOops: 1, NonImmediateOops: No
[2,944s][debug][gc,nmethod     ] Register NMethod: io.sirix.axis.AbstractAxis.hasNext (0x00007cb632e32708) [0x00007cb632e32800, 0x00007cb632e32eb8] Compiler: jvmci, Barriers: 16, Oops: 1, ImmediateOops: 3, NonImmediateOops: No
[2,948s][debug][gc,nmethod     ] Register NMethod: io.sirix.access.trx.page.NodePageTrx.prepareRecordForModification (0x00007cb632e32f08) [0x00007cb632e33000, 0x00007cb632e34470] Compiler: jvmci, Barriers: 45, Oops: 3, ImmediateOops: 2, NonImmediateOops: No
[2,948s][debug][gc,nmethod     ] Register NMethod: io.sirix.node.xml.AbstractStructForwardingNode.hasRightSibling (0x00007cb632e34508) [0x00007cb632e34600, 0x00007cb632e34718] Compiler: jvmci, Barriers: 1, Oops: 1, ImmediateOops: 0, NonImmediateOops: No
[2,948s][debug][gc,nmethod     ] Register NMethod: io.sirix.access.trx.page.NodePageTrx.getRecord (0x00007cb632e34808) [0x00007cb632e34900, 0x00007cb632e360a8] Compiler: jvmci, Barriers: 40, Oops: 5, ImmediateOops: 3, NonImmediateOops: No
[2,949s][debug][gc,director    ] Rule Major: Warmup 10%, Used: 480MB, UsedThreshold: 1228MB
[2,950s][debug][gc,nmethod     ] Register NMethod: io.sirix.page.PageKind$1.serializePage (0x00007cb632e36108) [0x00007cb632e36200, 0x00007cb632e39760] Compiler: jvmci, Barriers: 65, Oops: 12, ImmediateOops: 4, NonImmediateOops: No
[2,950s][debug][gc,nmethod     ] Register NMethod: io.sirix.access.trx.node.AbstractNodeReadOnlyTrx.moveTo (0x00007cb632e39808) [0x00007cb632e39900, 0x00007cb632e3ac48] Compiler: jvmci, Barriers: 37, Oops: 4, ImmediateOops: 1, NonImmediateOops: No
[2,953s][debug][gc,nmethod     ] Register NMethod: io.sirix.node.xml.AbstractStructForwardingNode.getRightSiblingKey (0x00007cb632e3ac88) [0x00007cb632e3ad80, 0x00007cb632e3ae90] Compiler: jvmci, Barriers: 1, Oops: 1, ImmediateOops: 0, NonImmediateOops: No
[2,954s][debug][gc,nmethod     ] Register NMethod: io.sirix.index.path.summary.PathSummaryReader.moveTo (0x00007cb632e3af88) [0x00007cb632e3b080, 0x00007cb632e3ba50] Compiler: jvmci, Barriers: 17, Oops: 2, ImmediateOops: 1, NonImmediateOops: No
[2,955s][debug][gc,nmethod     ] Register NMethod: io.sirix.node.xml.ElementNode.setRightSiblingKey (0x00007cb632e3ba88) [0x00007cb632e3bb80, 0x00007cb632e3bfd8] Compiler: jvmci, Barriers: 4, Oops: 3, ImmediateOops: 0, NonImmediateOops: No
[2,956s][debug][gc,nmethod     ] Register NMethod: io.sirix.node.xml.TextNode.setRightSiblingKey (0x00007cb632e3c008) [0x00007cb632e3c100, 0x00007cb632e3c558] Compiler: jvmci, Barriers: 4, Oops: 3, ImmediateOops: 0, NonImmediateOops: No
[2,959s][debug][gc,nmethod     ] Register NMethod: io.sirix.node.MemorySegmentBytesOut.<init> (0x00007cb632e3c588) [0x00007cb632e3c680, 0x00007cb632e3de30] Compiler: jvmci, Barriers: 75, Oops: 6, ImmediateOops: 9, NonImmediateOops: No
[2,959s][debug][gc,director    ] Rule Major: Warmup 10%, Used: 482MB, UsedThreshold: 1228MB
[2,959s][debug][gc,nmethod     ] Register NMethod: io.sirix.index.path.summary.PathSummaryReader.hasRightSibling (0x00007cb632e3de88) [0x00007cb632e3df80, 0x00007cb632e3e110] Compiler: jvmci, Barriers: 2, Oops: 1, ImmediateOops: 0, NonImmediateOops: No
[2,960s][debug][gc,nmethod     ] Register NMethod: io.sirix.axis.filter.FilterAxis.reset (0x00007cb632e3e188) [0x00007cb632e3e280, 0x00007cb632e3e3e8] Compiler: jvmci, Barriers: 4, Oops: 1, ImmediateOops: 1, NonImmediateOops: No
[2,960s][debug][gc,nmethod     ] Register NMethod: io.sirix.index.path.summary.PathSummaryReader.getRightSiblingKey (0x00007cb632e3e488) [0x00007cb632e3e580, 0x00007cb632e3e700] Compiler: jvmci, Barriers: 2, Oops: 1, ImmediateOops: 0, NonImmediateOops: No
[2,961s][debug][gc,nmethod     ] Register NMethod: io.sirix.index.path.summary.PathSummaryReader.getNodeKey (0x00007cb632e3e788) [0x00007cb632e3e880, 0x00007cb632e3ea40] Compiler: jvmci, Barriers: 2, Oops: 1, ImmediateOops: 0, NonImmediateOops: No
[2,962s][debug][gc,nmethod     ] Register NMethod: io.sirix.axis.AbstractAxis.nextLong (0x00007cb632e3ea88) [0x00007cb632e3eb80, 0x00007cb632e3f518] Compiler: jvmci, Barriers: 19, Oops: 1, ImmediateOops: 3, NonImmediateOops: No
[2,965s][debug][gc,nmethod     ] Register NMethod: io.sirix.axis.ChildAxis.reset (0x00007cb632e3f588) [0x00007cb632e3f680, 0x00007cb632e3f780] Compiler: jvmci, Barriers: 3, Oops: 1, ImmediateOops: 1, NonImmediateOops: No
[2,969s][debug][gc,director    ] Rule Major: Warmup 10%, Used: 484MB, UsedThreshold: 1228MB
[2,970s][debug][gc,nmethod     ] Register NMethod: net.openhft.hashing.XXH3.XXH3_mix2Accs (0x00007cb632e3f888) [0x00007cb632e3f980, 0x00007cb632e3fa20] Compiler: jvmci, Barriers: 0, Oops: 1, ImmediateOops: 0, NonImmediateOops: No
[2,971s][debug][gc,nmethod     ] Register NMethod: java.util.concurrent.locks.ReentrantLock$NonfairSync.initialTryLock (0x00007cb632e3fb88) [0x00007cb632e3fc80, 0x00007cb632e3fe98] Compiler: jvmci, Barriers: 5, Oops: 0, ImmediateOops: 0, NonImmediateOops: No
[2,974s][debug][gc,nmethod     ] Register NMethod: io.sirix.node.xml.ElementNode.setFirstChildKey (0x00007cb632e3ff08) [0x00007cb632e40000, 0x00007cb632e40458] Compiler: jvmci, Barriers: 4, Oops: 3, ImmediateOops: 0, NonImmediateOops: No
[2,974s][debug][gc,nmethod     ] Register NMethod: com.sun.org.apache.xerces.internal.impl.XMLDocumentFragmentScannerImpl$FragmentContentDriver.next (0x00007cb632e40488) [0x00007cb632e40580, 0x00007cb632e42340] Compiler: jvmci, Barriers: 44, Oops: 1, ImmediateOops: 1, NonImmediateOops: No
[2,975s][debug][gc,nmethod     ] Register NMethod: java.util.concurrent.locks.ReentrantLock.lock (0x00007cb632e42388) [0x00007cb632e42480, 0x00007cb632e42818] Compiler: jvmci, Barriers: 10, Oops: 0, ImmediateOops: 0, NonImmediateOops: No
[2,977s][debug][gc,nmethod     ] Register NMethod: io.sirix.axis.AbstractAxis.<init> (0x00007cb632e42888) [0x00007cb632e42980, 0x00007cb632e43110] Compiler: jvmci, Barriers: 22, Oops: 1, ImmediateOops: 2, NonImmediateOops: No
[2,978s][debug][gc,nmethod     ] Register NMethod: io.sirix.axis.ChildAxis.nextKey (0x00007cb632e43188) [0x00007cb632e43280, 0x00007cb632e43ee8] Compiler: jvmci, Barriers: 15, Oops: 1, ImmediateOops: 0, NonImmediateOops: No
[2,978s][debug][gc,nmethod     ] Register NMethod: java.io.BufferedReader.ensureOpen (0x00007cb6141a7c08) [0x00007cb6141a7d00, 0x00007cb6141a7f30] Compiler: c1, Barriers: 1, Oops: 0, ImmediateOops: 1, NonImmediateOops: No
[2,979s][debug][gc,director    ] Rule Major: Warmup 10%, Used: 490MB, UsedThreshold: 1228MB
[2,981s][debug][gc,nmethod     ] Register NMethod: it.unimi.dsi.fastutil.ints.Int2LongOpenHashMap.getOrDefault (0x00007cb6141a7f88) [0x00007cb6141a8080, 0x00007cb6141a85d8] Compiler: c1, Barriers: 4, Oops: 1, ImmediateOops: 0, NonImmediateOops: No
[2,983s][debug][gc,nmethod     ] Register NMethod: io.sirix.node.xml.TextNode.hasRightSibling (0x00007cb632e43f08) [0x00007cb632e44000, 0x00007cb632e44448] Compiler: jvmci, Barriers: 4, Oops: 3, ImmediateOops: 0, NonImmediateOops: No
[2,984s][debug][gc,nmethod     ] Register NMethod: java.nio.Buffer.discardMark (0x00007cb6141a8608) [0x00007cb6141a8700, 0x00007cb6141a8808] Compiler: c1, Barriers: 0, Oops: 0, ImmediateOops: 0, NonImmediateOops: No
[2,985s][debug][gc,nmethod     ] Register NMethod: io.sirix.node.xml.ElementNode.hasLeftSibling (0x00007cb632e44488) [0x00007cb632e44580, 0x00007cb632e449c8] Compiler: jvmci, Barriers: 4, Oops: 3, ImmediateOops: 0, NonImmediateOops: No
[2,986s][debug][gc,nmethod     ] Register NMethod: org.magicwerk.brownies.collections.GapList.get (0x00007cb632e44a08) [0x00007cb632e44b00, 0x00007cb632e44d00] Compiler: jvmci, Barriers: 3, Oops: 1, ImmediateOops: 0, NonImmediateOops: No
[2,986s][debug][gc,nmethod     ] Register NMethod: com.sun.org.apache.xerces.internal.parsers.AbstractSAXParser.characters (0x00007cb632e44d88) [0x00007cb632e44e80, 0x00007cb632e45630] Compiler: jvmci, Barriers: 8, Oops: 1, ImmediateOops: 0, NonImmediateOops: No
[2,990s][debug][gc,director    ] Rule Major: Warmup 10%, Used: 494MB, UsedThreshold: 1228MB
[2,991s][debug][gc,nmethod     ] Register NMethod: java.util.BitSet.and (0x00007cb632e45688) [0x00007cb632e457c0, 0x00007cb632e45d78] Compiler: jvmci, Barriers: 2, Oops: 0, ImmediateOops: 0, NonImmediateOops: No
[2,991s][debug][gc,nmethod     ] Register NMethod: io.brackit.query.node.parser.SAX2SubtreeHandlerAdapter.characters (0x00007cb632e45d88) [0x00007cb632e45e80, 0x00007cb632e46518] Compiler: jvmci, Barriers: 5, Oops: 1, ImmediateOops: 0, NonImmediateOops: No
[2,993s][debug][gc,nmethod     ] Register NMethod: io.sirix.access.trx.node.AbstractNodeReadOnlyTrx.moveToParent (0x00007cb632e46588) [0x00007cb632e46680, 0x00007cb632e481f0] Compiler: jvmci, Barriers: 48, Oops: 8, ImmediateOops: 1, NonImmediateOops: No
[2,993s][debug][gc,nmethod     ] Register NMethod: it.unimi.dsi.fastutil.ints.Int2LongOpenHashMap.get (0x00007cb632e48288) [0x00007cb632e48380, 0x00007cb632e486d0] Compiler: jvmci, Barriers: 2, Oops: 1, ImmediateOops: 0, NonImmediateOops: No
[2,995s][debug][gc,nmethod     ] Register NMethod: it.unimi.dsi.fastutil.ints.Int2IntOpenHashMap.find (0x00007cb632e48708) [0x00007cb632e48800, 0x00007cb632e48a90] Compiler: jvmci, Barriers: 1, Oops: 1, ImmediateOops: 0, NonImmediateOops: No
[2,997s][debug][gc,nmethod     ] Register NMethod: it.unimi.dsi.fastutil.ints.Int2ObjectOpenHashMap.get (0x00007cb632e48b08) [0x00007cb632e48c00, 0x00007cb632e49068] Compiler: jvmci, Barriers: 8, Oops: 1, ImmediateOops: 0, NonImmediateOops: No
[3,000s][debug][gc,director    ] Rule Major: Warmup 10%, Used: 500MB, UsedThreshold: 1228MB
[3,001s][debug][gc,nmethod     ] Register NMethod: io.sirix.page.NamePage.setName (0x00007cb632e49088) [0x00007cb632e49180, 0x00007cb632e49838] Compiler: jvmci, Barriers: 16, Oops: 1, ImmediateOops: 0, NonImmediateOops: No
[3,001s][debug][gc,nmethod     ] Register NMethod: io.sirix.page.delegates.BitmapReferencesPage.getOrCreateReference (0x00007cb632e49888) [0x00007cb632e49980, 0x00007cb632e4a1f8] Compiler: jvmci, Barriers: 6, Oops: 2, ImmediateOops: 0, NonImmediateOops: No
[3,006s][debug][gc,nmethod     ] Register NMethod: io.sirix.access.trx.page.NodePageReadOnlyTrx.getNamePage (0x00007cb632e4a288) [0x00007cb632e4a380, 0x00007cb632e4b590] Compiler: jvmci, Barriers: 34, Oops: 2, ImmediateOops: 0, NonImmediateOops: No
[3,009s][debug][gc,nmethod     ] Register NMethod: io.sirix.query.node.XmlDBNode.<init> (0x00007cb632e4b608) [0x00007cb632e4b700, 0x00007cb632e4c758] Compiler: jvmci, Barriers: 35, Oops: 1, ImmediateOops: 5, NonImmediateOops: No
[3,009s][debug][gc,nmethod     ] Register NMethod: io.sirix.page.delegates.BitmapReferencesPage.index (0x00007cb632e4c788) [0x00007cb632e4c880, 0x00007cb632e4ce38] Compiler: jvmci, Barriers: 2, Oops: 2, ImmediateOops: 0, NonImmediateOops: No
[3,010s][debug][gc,director    ] Rule Major: Warmup 10%, Used: 506MB, UsedThreshold: 1228MB
[3,011s][debug][gc,nmethod     ] Register NMethod: io.sirix.access.trx.node.xml.XmlNodeTrxImpl.adaptForInsert (0x00007cb632e4ce88) [0x00007cb632e4cf80, 0x00007cb632e51518] Compiler: jvmci, Barriers: 74, Oops: 13, ImmediateOops: 1, NonImmediateOops: No
[3,014s][debug][gc,nmethod     ] Register NMethod: it.unimi.dsi.fastutil.ints.Int2IntOpenHashMap.put (0x00007cb632e51588) [0x00007cb632e51680, 0x00007cb632e51970] Compiler: jvmci, Barriers: 2, Oops: 1, ImmediateOops: 0, NonImmediateOops: No
[3,014s][debug][gc,nmethod     ] Register NMethod: io.sirix.index.path.summary.PathSummaryReader.putMapping (0x00007cb632e51988) [0x00007cb632e51a80, 0x00007cb632e521b0] Compiler: jvmci, Barriers: 16, Oops: 1, ImmediateOops: 0, NonImmediateOops: No
[3,016s][debug][gc,nmethod     ] Register NMethod: io.sirix.access.trx.node.AbstractNodeReadOnlyTrx.getNodeKey (0x00007cb632e52208) [0x00007cb632e52300, 0x00007cb632e52478] Compiler: jvmci, Barriers: 1, Oops: 1, ImmediateOops: 0, NonImmediateOops: No
[3,019s][debug][gc,nmethod     ] Register NMethod: java.io.InputStreamReader.read (0x00007cb6141a8908) [0x00007cb6141a8a00, 0x00007cb6141a8b88] Compiler: c1, Barriers: 1, Oops: 0, ImmediateOops: 0, NonImmediateOops: No
[3,019s][debug][gc,nmethod     ] Register NMethod: java.nio.HeapByteBuffer.compact (0x00007cb6141a8c08) [0x00007cb6141a8d00, 0x00007cb6141a9c98] Compiler: c1, Barriers: 1, Oops: 0, ImmediateOops: 0, NonImmediateOops: No
[3,019s][debug][gc,alloc       ] Mutator Allocation Rate: 288,9MB/s Predicted: 339,0MB/s, Avg: 286,3(+/-51,8)MB/s
[3,019s][debug][gc,director    ] Rule Major: Warmup 10%, Used: 512MB, UsedThreshold: 1228MB
[3,019s][debug][gc,nmethod     ] Register NMethod: sun.nio.cs.StreamDecoder.implRead (0x00007cb6141a9d08) [0x00007cb6141a9e00, 0x00007cb6141ac0f8] Compiler: c1, Barriers: 4, Oops: 0, ImmediateOops: 0, NonImmediateOops: No
[3,019s][debug][gc,nmethod     ] Register NMethod: sun.nio.cs.StreamDecoder.read (0x00007cb6141ac108) [0x00007cb6141ac200, 0x00007cb6141ad138] Compiler: c1, Barriers: 2, Oops: 0, ImmediateOops: 1, NonImmediateOops: No
[3,019s][debug][gc,nmethod     ] Register NMethod: sun.nio.cs.StreamDecoder.readBytes (0x00007cb6141ad188) [0x00007cb6141ad280, 0x00007cb6141af700] Compiler: c1, Barriers: 12, Oops: 0, ImmediateOops: 1, NonImmediateOops: No
[3,020s][debug][gc,nmethod     ] Register NMethod: java.util.concurrent.locks.ReentrantLock.unlock (0x00007cb632e52508) [0x00007cb632e52600, 0x00007cb632e52988] Compiler: jvmci, Barriers: 8, Oops: 1, ImmediateOops: 0, NonImmediateOops: No
[3,020s][debug][gc,nmethod     ] Register NMethod: java.io.FileInputStream.available (0x00007cb6141af708) [0x00007cb6141af800, 0x00007cb6141af930] Compiler: c1, Barriers: 0, Oops: 0, ImmediateOops: 0, NonImmediateOops: No
[3,022s][debug][gc,nmethod     ] Register NMethod: io.sirix.index.name.Names.setName (0x00007cb632e52a08) [0x00007cb632e52b00, 0x00007cb632e55470] Compiler: jvmci, Barriers: 65, Oops: 5, ImmediateOops: 3, NonImmediateOops: No
[3,026s][debug][gc,nmethod     ] Register NMethod: io.sirix.access.trx.page.NodePageTrx.createRecord (0x00007cb632e55508) [0x00007cb632e55600, 0x00007cb632e56c48] Compiler: jvmci, Barriers: 45, Oops: 3, ImmediateOops: 1, NonImmediateOops: No
[3,026s][debug][gc,nmethod     ] Register NMethod: java.lang.StringUTF16.compress (0x00007cb632e56c88) [0x00007cb632e56d80, 0x00007cb632e57058] Compiler: jvmci, Barriers: 0, Oops: 0, ImmediateOops: 0, NonImmediateOops: No
[3,027s][debug][gc,nmethod     ] Register NMethod: io.sirix.axis.filter.FilterAxis.<init> (0x00007cb632e57088) [0x00007cb632e57180, 0x00007cb632e589d0] Compiler: jvmci, Barriers: 58, Oops: 1, ImmediateOops: 3, NonImmediateOops: No
[3,029s][debug][gc,director    ] Rule Major: Warmup 10%, Used: 518MB, UsedThreshold: 1228MB
[3,033s][debug][gc,nmethod     ] Register NMethod: com.sun.org.apache.xerces.internal.util.NamespaceSupport.pushContext (0x00007cb632e58a08) [0x00007cb632e58b00, 0x00007cb632e58ef0] Compiler: jvmci, Barriers: 4, Oops: 0, ImmediateOops: 0, NonImmediateOops: No
[3,034s][debug][gc,nmethod     ] Register NMethod: io.sirix.page.NamePage.incrementAndGetMaxNodeKey (0x00007cb6141afa08) [0x00007cb6141afb00, 0x00007cb6141afd78] Compiler: c1, Barriers: 2, Oops: 1, ImmediateOops: 0, NonImmediateOops: No
[3,034s][debug][gc,nmethod     ] Register NMethod: it.unimi.dsi.fastutil.ints.Int2ObjectOpenHashMap.insert (0x00007cb6141afd88) [0x00007cb6141afe80, 0x00007cb6141b03d8] Compiler: c1, Barriers: 5, Oops: 1, ImmediateOops: 0, NonImmediateOops: No
[3,034s][debug][gc,nmethod     ] Register NMethod: it.unimi.dsi.fastutil.ints.Int2ObjectOpenHashMap.find (0x00007cb6141b0408) [0x00007cb6141b0500, 0x00007cb6141b0968] Compiler: c1, Barriers: 1, Oops: 1, ImmediateOops: 0, NonImmediateOops: No
[3,038s][debug][gc,nmethod     ] Register NMethod: com.sun.org.apache.xerces.internal.impl.XMLNSDocumentScannerImpl.scanStartElement (0x00007cb632e58f08) [0x00007cb632e59000, 0x00007cb632e5b020] Compiler: jvmci, Barriers: 76, Oops: 1, ImmediateOops: 4, NonImmediateOops: No
[3,039s][debug][gc,director    ] Rule Major: Warmup 10%, Used: 524MB, UsedThreshold: 1228MB
[3,040s][debug][gc,nmethod     ] Register NMethod: io.sirix.page.KeyValueLeafPage.<init> (0x00007cb6141b0988) [0x00007cb6141b0a80, 0x00007cb6141b1b90] Compiler: c1, Barriers: 41, Oops: 1, ImmediateOops: 3, NonImmediateOops: No
[3,040s][debug][gc,nmethod     ] Register NMethod: io.brackit.query.atomic.QNm.<init> (0x00007cb632e5b088) [0x00007cb632e5b180, 0x00007cb632e5b548] Compiler: jvmci, Barriers: 18, Oops: 1, ImmediateOops: 2, NonImmediateOops: No
[3,040s][debug][gc,nmethod     ] Register NMethod: io.sirix.axis.filter.FilterAxis.nextKey (0x00007cb632e5b588) [0x00007cb632e5b680, 0x00007cb632e5f298] Compiler: jvmci, Barriers: 110, Oops: 2, ImmediateOops: 6, NonImmediateOops: No
[3,042s][debug][gc,nmethod     ] Register NMethod: io.sirix.service.xml.shredder.AbstractShredder.processStartTag (0x00007cb632e5f308) [0x00007cb632e5f400, 0x00007cb632e60320] Compiler: jvmci, Barriers: 15, Oops: 1, ImmediateOops: 2, NonImmediateOops: No
[3,045s][debug][gc,nmethod     ] Register NMethod: io.sirix.access.trx.node.xml.XmlNodeReadOnlyTrxImpl.getNode (0x00007cb632e60388) [0x00007cb632e60480, 0x00007cb632e60970] Compiler: jvmci, Barriers: 5, Oops: 2, ImmediateOops: 1, NonImmediateOops: No
[3,046s][debug][gc,nmethod     ] Register NMethod: io.brackit.query.node.parser.SAX2SubtreeHandlerAdapter.startElement (0x00007cb632e60988) [0x00007cb632e60a80, 0x00007cb632e62188] Compiler: jvmci, Barriers: 42, Oops: 5, ImmediateOops: 1, NonImmediateOops: No
[3,047s][debug][gc,nmethod     ] Register NMethod: com.sun.org.apache.xerces.internal.impl.XMLDocumentFragmentScannerImpl.refresh (0x00007cb6141b1c08) [0x00007cb6141b1d00, 0x00007cb6141b2940] Compiler: c1, Barriers: 5, Oops: 0, ImmediateOops: 0, NonImmediateOops: No
[3,047s][debug][gc,nmethod     ] Register NMethod: com.sun.org.apache.xerces.internal.impl.XMLDocumentScannerImpl.refresh (0x00007cb6141b2988) [0x00007cb6141b2a80, 0x00007cb6141b3cd8] Compiler: c1, Barriers: 9, Oops: 0, ImmediateOops: 0, NonImmediateOops: No
[3,047s][debug][gc,nmethod     ] Register NMethod: io.sirix.access.trx.node.xml.XmlNodeReadOnlyTrxImpl.getNode (0x00007cb632e62208) [0x00007cb632e62300, 0x00007cb632e627f0] Compiler: jvmci, Barriers: 5, Oops: 2, ImmediateOops: 1, NonImmediateOops: No
[3,047s][debug][gc,nmethod     ] Register NMethod: com.sun.org.apache.xerces.internal.parsers.AbstractSAXParser.startElement (0x00007cb632e62808) [0x00007cb632e62900, 0x00007cb632e632b0] Compiler: jvmci, Barriers: 34, Oops: 1, ImmediateOops: 2, NonImmediateOops: No
[3,048s][debug][gc,nmethod     ] Register NMethod: java.lang.String.encode (0x00007cb632e63308) [0x00007cb632e63400, 0x00007cb632e63620] Compiler: jvmci, Barriers: 0, Oops: 0, ImmediateOops: 1, NonImmediateOops: No
[3,048s][debug][gc,nmethod     ] Register NMethod: java.util.ArrayDeque.push (0x00007cb632e63688) [0x00007cb632e63780, 0x00007cb632e639a8] Compiler: jvmci, Barriers: 4, Oops: 0, ImmediateOops: 0, NonImmediateOops: No
[3,049s][debug][gc,nmethod     ] Register NMethod: java.util.ArrayDeque.addFirst (0x00007cb632e63a08) [0x00007cb632e63b00, 0x00007cb632e63d28] Compiler: jvmci, Barriers: 4, Oops: 0, ImmediateOops: 0, NonImmediateOops: No
[3,049s][debug][gc,director    ] Rule Major: Warmup 10%, Used: 530MB, UsedThreshold: 1228MB
[3,050s][debug][gc,nmethod     ] Register NMethod: java.lang.String.encodeUTF8 (0x00007cb632e63d88) [0x00007cb632e63e80, 0x00007cb632e64080] Compiler: jvmci, Barriers: 0, Oops: 0, ImmediateOops: 0, NonImmediateOops: No
[3,053s][debug][gc,nmethod     ] Register NMethod: io.brackit.query.node.parser.SAX2SubtreeHandlerAdapter$TrimmingStringBuilder.append (0x00007cb632e64088) [0x00007cb632e64180, 0x00007cb632e64788] Compiler: jvmci, Barriers: 4, Oops: 1, ImmediateOops: 0, NonImmediateOops: No
[3,054s][debug][gc,nmethod     ] Register NMethod: com.sun.org.apache.xerces.internal.impl.XMLEntityScanner.scanChar (0x00007cb632e64808) [0x00007cb632e64900, 0x00007cb632e64b48] Compiler: jvmci, Barriers: 2, Oops: 0, ImmediateOops: 0, NonImmediateOops: No
[3,056s][debug][gc,nmethod     ] Register NMethod: com.sun.org.apache.xerces.internal.impl.XMLEntityScanner.invokeListeners (0x00007cb6141b3d08) [0x00007cb6141b3e00, 0x00007cb6141b4630] Compiler: c1, Barriers: 3, Oops: 0, ImmediateOops: 0, NonImmediateOops: No
[3,057s][debug][gc,nmethod     ] Register NMethod: io.sirix.query.node.SubtreeBuilder.startElement (0x00007cb632e64b88) [0x00007cb632e64c80, 0x00007cb632e66280] Compiler: jvmci, Barriers: 46, Oops: 2, ImmediateOops: 3, NonImmediateOops: No
[3,057s][debug][gc,nmethod     ] Register NMethod: io.brackit.query.node.parser.SAX2SubtreeHandlerAdapter.handleText (0x00007cb632e66308) [0x00007cb632e66400, 0x00007cb632e67cb0] Compiler: jvmci, Barriers: 30, Oops: 3, ImmediateOops: 3, NonImmediateOops: No
[3,058s][debug][gc,nmethod     ] Register NMethod: io.sirix.access.trx.page.NodePageTrx.createNameKey (0x00007cb632e67d08) [0x00007cb632e67e00, 0x00007cb632e685c8] Compiler: jvmci, Barriers: 19, Oops: 1, ImmediateOops: 0, NonImmediateOops: No
[3,059s][debug][gc,nmethod     ] Register NMethod: com.sun.org.apache.xerces.internal.parsers.AbstractXMLDocumentParser.emptyElement (0x00007cb632e68608) [0x00007cb632e68700, 0x00007cb632e687e8] Compiler: jvmci, Barriers: 0, Oops: 0, ImmediateOops: 0, NonImmediateOops: No
[3,059s][debug][gc,director    ] Rule Major: Warmup 10%, Used: 538MB, UsedThreshold: 1228MB
[3,061s][debug][gc,nmethod     ] Register NMethod: io.sirix.index.path.summary.PathSummaryWriter.getPathNodeKey (0x00007cb632e68908) [0x00007cb632e68a00, 0x00007cb632e6bfb0] Compiler: jvmci, Barriers: 101, Oops: 15, ImmediateOops: 4, NonImmediateOops: No
[3,062s][debug][gc,nmethod     ] Register NMethod: com.sun.org.apache.xerces.internal.impl.XMLEntityScanner.skipSpaces (0x00007cb632e6c088) [0x00007cb632e6c180, 0x00007cb632e6c870] Compiler: jvmci, Barriers: 8, Oops: 0, ImmediateOops: 1, NonImmediateOops: No
[3,065s][debug][gc,nmethod     ] Register NMethod: java.io.BufferedReader.read (0x00007cb6141b4688) [0x00007cb6141b4780, 0x00007cb6141b5338] Compiler: c1, Barriers: 3, Oops: 0, ImmediateOops: 1, NonImmediateOops: No
[3,067s][debug][gc,nmethod     ] Register NMethod: com.sun.org.apache.xerces.internal.impl.XMLEntityScanner.load (0x00007cb6141b5388) [0x00007cb6141b5480, 0x00007cb6141b5dc8] Compiler: c1, Barriers: 7, Oops: 0, ImmediateOops: 1, NonImmediateOops: No
[3,067s][debug][gc,nmethod     ] Register NMethod: java.io.BufferedReader.fill (0x00007cb6141b5e08) [0x00007cb6141b5f00, 0x00007cb6141b6708] Compiler: c1, Barriers: 6, Oops: 0, ImmediateOops: 0, NonImmediateOops: No
[3,068s][debug][gc,nmethod     ] Register NMethod: io.sirix.node.xml.AttributeNode.<init> (0x00007cb632e6c888) [0x00007cb632e6c9a0, 0x00007cb632e6cc68] Compiler: jvmci, Barriers: 12, Oops: 1, ImmediateOops: 0, NonImmediateOops: No
[3,070s][debug][gc,nmethod     ] Register NMethod: java.io.InputStreamReader.ready (0x00007cb6141b6788) [0x00007cb6141b6880, 0x00007cb6141b6a08] Compiler: c1, Barriers: 1, Oops: 0, ImmediateOops: 0, NonImmediateOops: No
[3,070s][debug][gc,director    ] Rule Major: Warmup 10%, Used: 544MB, UsedThreshold: 1228MB
[3,070s][debug][gc,nmethod     ] Register NMethod: sun.nio.cs.StreamDecoder.ready (0x00007cb6141b6a88) [0x00007cb6141b6b80, 0x00007cb6141b73c0] Compiler: c1, Barriers: 2, Oops: 0, ImmediateOops: 1, NonImmediateOops: No
[3,076s][debug][gc,nmethod     ] Register NMethod: com.sun.org.apache.xerces.internal.impl.XMLDocumentFragmentScannerImpl.getString (0x00007cb632e6cc88) [0x00007cb632e6cd80, 0x00007cb632e6cfb0] Compiler: jvmci, Barriers: 3, Oops: 0, ImmediateOops: 0, NonImmediateOops: No
[3,076s][debug][gc,nmethod     ] Register NMethod: com.sun.org.apache.xerces.internal.util.AugmentationsImpl$SmallContainer.clear (0x00007cb632e6d008) [0x00007cb632e6d100, 0x00007cb632e6d328] Compiler: jvmci, Barriers: 5, Oops: 0, ImmediateOops: 0, NonImmediateOops: No
[3,078s][debug][gc,nmethod     ] Register NMethod: com.sun.org.apache.xerces.internal.impl.XMLNSDocumentScannerImpl.scanAttribute (0x00007cb632e6d388) [0x00007cb632e6d480, 0x00007cb632e6f3e0] Compiler: jvmci, Barriers: 79, Oops: 3, ImmediateOops: 5, NonImmediateOops: No
[3,079s][debug][gc,nmethod     ] Register NMethod: com.sun.org.apache.xerces.internal.util.XMLAttributesImpl.addAttributeNS (0x00007cb632e6f408) [0x00007cb632e6f500, 0x00007cb632e6fd20] Compiler: jvmci, Barriers: 35, Oops: 0, ImmediateOops: 0, NonImmediateOops: No
[3,080s][debug][gc,director    ] Rule Major: Warmup 10%, Used: 550MB, UsedThreshold: 1228MB
[3,087s][debug][gc,nmethod     ] Register NMethod: com.sun.org.apache.xerces.internal.xni.XMLString.toString (0x00007cb632e6fd88) [0x00007cb632e6fe80, 0x00007cb632e70500] Compiler: jvmci, Barriers: 5, Oops: 1, ImmediateOops: 0, NonImmediateOops: No
[3,090s][debug][gc,nmethod     ] Register NMethod: java.io.FileDescriptor.unregisterCleanup (0x00007cb6141b7408) [0x00007cb6141b7500, 0x00007cb6141b7a38] Compiler: c1, Barriers: 4, Oops: 0, ImmediateOops: 0, NonImmediateOops: No
[3,090s][debug][gc,nmethod     ] Register NMethod: java.io.FileDescriptor.close (0x00007cb6141b7a88) [0x00007cb6141b7b80, 0x00007cb6141b8478] Compiler: c1, Barriers: 4, Oops: 0, ImmediateOops: 0, NonImmediateOops: No
[3,090s][debug][gc,director    ] Rule Major: Warmup 10%, Used: 556MB, UsedThreshold: 1228MB
[3,090s][debug][gc,nmethod     ] Register NMethod: io.sirix.access.trx.node.xml.XmlDeweyIDManager.newAttributeID (0x00007cb632e70588) [0x00007cb632e70680, 0x00007cb632e71630] Compiler: jvmci, Barriers: 23, Oops: 1, ImmediateOops: 0, NonImmediateOops: No
[3,091s][debug][gc,nmethod     ] Register NMethod: io.sirix.node.GrowingMemorySegment.grow (0x00007cb6141b8488) [0x00007cb6141b8580, 0x00007cb6141b9130] Compiler: c1, Barriers: 5, Oops: 1, ImmediateOops: 1, NonImmediateOops: No
[3,092s][debug][gc,nmethod     ] Register NMethod: io.sirix.access.trx.node.xml.XmlNodeReadOnlyTrxImpl.hasAttributes (0x00007cb632e71688) [0x00007cb632e71780, 0x00007cb632e71940] Compiler: jvmci, Barriers: 2, Oops: 1, ImmediateOops: 0, NonImmediateOops: No
[3,092s][debug][gc,nmethod     ] Register NMethod: io.sirix.page.KeyValueLeafPage.processEntries (0x00007cb6141b9188) [0x00007cb6141b9280, 0x00007cb6141bc6b0] Compiler: c1, Barriers: 21, Oops: 1, ImmediateOops: 0, NonImmediateOops: No
[3,092s][debug][gc,nmethod     ] Register NMethod: io.sirix.index.path.summary.PathNode.getKind (0x00007cb6141bc708) [0x00007cb6141bc800, 0x00007cb6141bcb20] Compiler: c1, Barriers: 0, Oops: 1, ImmediateOops: 1, NonImmediateOops: No
[3,092s][debug][gc,nmethod     ] Register NMethod: io.sirix.index.path.summary.PathNode.getKind (0x00007cb6141bcb88) [0x00007cb6141bcc80, 0x00007cb6141bcd88] Compiler: c1, Barriers: 0, Oops: 1, ImmediateOops: 1, NonImmediateOops: No
[3,093s][debug][gc,nmethod     ] Register NMethod: io.sirix.node.NodeKind$13.serialize (0x00007cb6141bce88) [0x00007cb6141bcf80, 0x00007cb6141be4e0] Compiler: c1, Barriers: 7, Oops: 1, ImmediateOops: 0, NonImmediateOops: No
[3,093s][debug][gc,nmethod     ] Register NMethod: io.sirix.node.AbstractForwardingNode.getNodeDelegate (0x00007cb6141be508) [0x00007cb6141be600, 0x00007cb6141be900] Compiler: c1, Barriers: 0, Oops: 1, ImmediateOops: 0, NonImmediateOops: No
[3,093s][debug][gc,nmethod     ] Register NMethod: io.sirix.node.NodeKind.serializeDelegateWithoutIDs (0x00007cb6141be988) [0x00007cb6141bea80, 0x00007cb6141beeb8] Compiler: c1, Barriers: 2, Oops: 1, ImmediateOops: 0, NonImmediateOops: No
[3,093s][debug][gc,nmethod     ] Register NMethod: io.sirix.node.delegates.NodeDelegate.getPreviousRevisionNumber (0x00007cb632e71988) [0x00007cb632e71a80, 0x00007cb632e71b40] Compiler: c1, Barriers: 0, Oops: 1, ImmediateOops: 0, NonImmediateOops: No
[3,093s][debug][gc,nmethod     ] Register NMethod: io.sirix.node.delegates.NodeDelegate.getLastModifiedRevisionNumber (0x00007cb632e71c88) [0x00007cb632e71d80, 0x00007cb632e71e40] Compiler: c1, Barriers: 0, Oops: 1, ImmediateOops: 0, NonImmediateOops: No
[3,093s][debug][gc,nmethod     ] Register NMethod: io.sirix.node.xml.AbstractStructForwardingNode.getStructNodeDelegate (0x00007cb6141bef08) [0x00007cb6141bf000, 0x00007cb6141bf300] Compiler: c1, Barriers: 0, Oops: 1, ImmediateOops: 0, NonImmediateOops: No
[3,093s][debug][gc,nmethod     ] Register NMethod: io.sirix.node.NodeKind.serializeStructDelegate (0x00007cb6141bf388) [0x00007cb6141bf480, 0x00007cb6141c0008] Compiler: c1, Barriers: 7, Oops: 1, ImmediateOops: 5, NonImmediateOops: No
[3,094s][debug][gc,nmethod     ] Register NMethod: io.sirix.node.delegates.StructNodeDelegate.getLastChildKey (0x00007cb632e71f88) [0x00007cb632e72080, 0x00007cb632e72140] Compiler: c1, Barriers: 0, Oops: 1, ImmediateOops: 0, NonImmediateOops: No
[3,096s][debug][gc,nmethod     ] Register NMethod: io.sirix.index.path.summary.PathNode.getNameNodeDelegate (0x00007cb632e72288) [0x00007cb632e72380, 0x00007cb632e72468] Compiler: c1, Barriers: 1, Oops: 1, ImmediateOops: 0, NonImmediateOops: No
[3,096s][debug][gc,nmethod     ] Register NMethod: io.sirix.index.path.summary.PathNode.getReferences (0x00007cb632e72588) [0x00007cb632e72680, 0x00007cb632e72740] Compiler: c1, Barriers: 0, Oops: 1, ImmediateOops: 0, NonImmediateOops: No
[3,096s][debug][gc,nmethod     ] Register NMethod: io.sirix.node.delegates.NodeDelegate.getDeweyID (0x00007cb6141c0088) [0x00007cb6141c0180, 0x00007cb6141c05e0] Compiler: c1, Barriers: 6, Oops: 1, ImmediateOops: 0, NonImmediateOops: No
[3,096s][debug][gc,nmethod     ] Register NMethod: io.sirix.node.AbstractForwardingNode.getDeweyID (0x00007cb6141c0608) [0x00007cb6141c0700, 0x00007cb6141c0df8] Compiler: c1, Barriers: 6, Oops: 1, ImmediateOops: 0, NonImmediateOops: No
[3,097s][debug][gc,nmethod     ] Register NMethod: io.sirix.node.NodeKind.serializeNameDelegate (0x00007cb6141c0e08) [0x00007cb6141c0f00, 0x00007cb6141c1438] Compiler: c1, Barriers: 3, Oops: 1, ImmediateOops: 0, NonImmediateOops: No
[3,097s][debug][gc,nmethod     ] Register NMethod: io.sirix.node.delegates.NameNodeDelegate.getPathNodeKey (0x00007cb632e72888) [0x00007cb632e72980, 0x00007cb632e72a40] Compiler: c1, Barriers: 0, Oops: 1, ImmediateOops: 0, NonImmediateOops: No
[3,097s][debug][gc,nmethod     ] Register NMethod: io.sirix.node.HashEntryNode.getKind (0x00007cb6141c1488) [0x00007cb6141c1580, 0x00007cb6141c1688] Compiler: c1, Barriers: 0, Oops: 1, ImmediateOops: 1, NonImmediateOops: No
[3,097s][debug][gc,nmethod     ] Register NMethod: java.util.stream.Node.getChildCount (0x00007cb632e72b88) [0x00007cb632e72c80, 0x00007cb632e72d40] Compiler: c1, Barriers: 0, Oops: 0, ImmediateOops: 0, NonImmediateOops: No
[3,098s][debug][gc,nmethod     ] Register NMethod: io.sirix.node.delegates.StructNodeDelegate.getChildCount (0x00007cb632e72e88) [0x00007cb632e72f80, 0x00007cb632e73040] Compiler: c1, Barriers: 0, Oops: 1, ImmediateOops: 0, NonImmediateOops: No
[3,098s][debug][gc,nmethod     ] Register NMethod: io.sirix.node.HashEntryNode.getKind (0x00007cb6141c1788) [0x00007cb6141c1880, 0x00007cb6141c1ba0] Compiler: c1, Barriers: 0, Oops: 1, ImmediateOops: 1, NonImmediateOops: No
[3,098s][debug][gc,nmethod     ] Register NMethod: io.sirix.node.HashCountEntryNode.getDeweyID (0x00007cb632e73188) [0x00007cb632e73280, 0x00007cb632e73348] Compiler: c1, Barriers: 0, Oops: 1, ImmediateOops: 0, NonImmediateOops: No
[3,099s][debug][gc,nmethod     ] Register NMethod: io.sirix.node.HashEntryNode.getDeweyID (0x00007cb632e73488) [0x00007cb632e73580, 0x00007cb632e73648] Compiler: c1, Barriers: 0, Oops: 1, ImmediateOops: 0, NonImmediateOops: No
[3,099s][debug][gc,nmethod     ] Register NMethod: sun.security.provider.ByteArrayAccess.i2bBig4 (0x00007cb6141c1c08) [0x00007cb6141c1d00, 0x00007cb6141c2870] Compiler: c1, Barriers: 0, Oops: 5, ImmediateOops: 5, NonImmediateOops: No
[3,099s][debug][gc,nmethod     ] Register NMethod: com.sun.org.apache.xerces.internal.impl.XMLScanner.scanAttributeValue (0x00007cb632e73788) [0x00007cb632e73880, 0x00007cb632e753b0] Compiler: jvmci, Barriers: 30, Oops: 1, ImmediateOops: 1, NonImmediateOops: No
[3,100s][debug][gc,nmethod     ] Register NMethod: io.sirix.node.MemorySegmentBytesOut.<init> (0x00007cb6141c2908) [0x00007cb6141c2a00, 0x00007cb6141c3778] Compiler: c1, Barriers: 9, Oops: 2, ImmediateOops: 1, NonImmediateOops: No
[3,100s][debug][gc,nmethod     ] Register NMethod: sun.security.provider.DigestBase.engineUpdate (0x00007cb6141c3808) [0x00007cb6141c3900, 0x00007cb6141c4ae0] Compiler: c1, Barriers: 4, Oops: 1, ImmediateOops: 1, NonImmediateOops: No
[3,100s][debug][gc,director    ] Rule Major: Warmup 10%, Used: 584MB, UsedThreshold: 1228MB
[3,100s][debug][gc,nmethod     ] Register NMethod: net.jpountz.lz4.LZ4Factory.fastCompressor (0x00007cb632e75408) [0x00007cb632e75500, 0x00007cb632e755e8] Compiler: c1, Barriers: 1, Oops: 1, ImmediateOops: 0, NonImmediateOops: No
[3,104s][debug][gc,nmethod     ] Register NMethod: net.jpountz.lz4.LZ4BlockOutputStream.ensureNotFinished (0x00007cb6141c4b08) [0x00007cb6141c4c00, 0x00007cb6141c4e08] Compiler: c1, Barriers: 0, Oops: 1, ImmediateOops: 1, NonImmediateOops: No
[3,105s][debug][gc,nmethod     ] Register NMethod: net.jpountz.lz4.LZ4BlockOutputStream.flush (0x00007cb6141c4e88) [0x00007cb6141c4f80, 0x00007cb6141c5390] Compiler: c1, Barriers: 2, Oops: 1, ImmediateOops: 0, NonImmediateOops: No
[3,105s][debug][gc,nmethod     ] Register NMethod: net.jpountz.lz4.LZ4Factory.nativeInstance (0x00007cb6141c5408) [0x00007cb6141c5500, 0x00007cb6141c5a70] Compiler: c1, Barriers: 5, Oops: 2, ImmediateOops: 5, NonImmediateOops: No
[3,105s][debug][gc,nmethod     ] Register NMethod: net.jpountz.lz4.LZ4Factory.fastestInstance (0x00007cb6141c5a88) [0x00007cb6141c5b80, 0x00007cb6141c8628] Compiler: c1, Barriers: 35, Oops: 5, ImmediateOops: 38, NonImmediateOops: No
[3,105s][debug][gc,nmethod     ] Register NMethod: java.util.stream.AbstractSpinedBuffer.count (0x00007cb6141c8688) [0x00007cb6141c8780, 0x00007cb6141c8958] Compiler: c1, Barriers: 1, Oops: 0, ImmediateOops: 0, NonImmediateOops: No
[3,106s][debug][gc,nmethod     ] Register NMethod: net.jpountz.xxhash.XXHashFactory.nativeInstance (0x00007cb6141c8988) [0x00007cb6141c8a80, 0x00007cb6141c8ff0] Compiler: c1, Barriers: 5, Oops: 2, ImmediateOops: 5, NonImmediateOops: No
[3,106s][debug][gc,nmethod     ] Register NMethod: net.jpountz.xxhash.XXHashFactory.newStreamingHash32 (0x00007cb6141c9008) [0x00007cb6141c9100, 0x00007cb6141c94b0] Compiler: c1, Barriers: 1, Oops: 1, ImmediateOops: 0, NonImmediateOops: No
[3,106s][debug][gc,nmethod     ] Register NMethod: net.jpountz.xxhash.StreamingXXHash32.asChecksum (0x00007cb6141c9508) [0x00007cb6141c9600, 0x00007cb6141c9888] Compiler: c1, Barriers: 3, Oops: 1, ImmediateOops: 0, NonImmediateOops: No
[3,106s][debug][gc,nmethod     ] Register NMethod: net.jpountz.xxhash.StreamingXXHash32$1.<init> (0x00007cb6141c9908) [0x00007cb6141c9a00, 0x00007cb6141c9bd8] Compiler: c1, Barriers: 3, Oops: 1, ImmediateOops: 0, NonImmediateOops: No
[3,106s][debug][gc,nmethod     ] Register NMethod: java.nio.HeapByteBuffer.putLong (0x00007cb6141c9c08) [0x00007cb6141c9d00, 0x00007cb6141cb810] Compiler: c1, Barriers: 6, Oops: 1, ImmediateOops: 4, NonImmediateOops: No
[3,106s][debug][gc,nmethod     ] Register NMethod: net.jpountz.xxhash.StreamingXXHash32.<init> (0x00007cb6141cb888) [0x00007cb6141cb980, 0x00007cb6141cbb00] Compiler: c1, Barriers: 0, Oops: 1, ImmediateOops: 0, NonImmediateOops: No
[3,107s][debug][gc,nmethod     ] Register NMethod: net.jpountz.xxhash.StreamingXXHash32JNI.<init> (0x00007cb6141cbb88) [0x00007cb6141cbc80, 0x00007cb6141cbea0] Compiler: c1, Barriers: 0, Oops: 1, ImmediateOops: 0, NonImmediateOops: No
[3,107s][debug][gc,nmethod     ] Register NMethod: net.jpountz.xxhash.StreamingXXHash32JNI$Factory.newStreamingHash (0x00007cb6141cbf08) [0x00007cb6141cc000, 0x00007cb6141cc2d8] Compiler: c1, Barriers: 0, Oops: 1, ImmediateOops: 0, NonImmediateOops: No
[3,107s][debug][gc,nmethod     ] Register NMethod: net.jpountz.xxhash.XXHashFactory.fastestInstance (0x00007cb6141cc308) [0x00007cb6141cc400, 0x00007cb6141ceea8] Compiler: c1, Barriers: 35, Oops: 5, ImmediateOops: 38, NonImmediateOops: No
[3,107s][debug][gc,nmethod     ] Register NMethod: java.io.FilterOutputStream.<init> (0x00007cb6141cef08) [0x00007cb6141cf000, 0x00007cb6141cf358] Compiler: c1, Barriers: 6, Oops: 0, ImmediateOops: 0, NonImmediateOops: No
[3,108s][debug][gc,nmethod     ] Register NMethod: java.io.ByteArrayOutputStream.<init> (0x00007cb6141cf388) [0x00007cb6141cf480, 0x00007cb6141d0348] Compiler: c1, Barriers: 3, Oops: 1, ImmediateOops: 2, NonImmediateOops: No
[3,108s][debug][gc,nmethod     ] Register NMethod: java.util.stream.SortedOps$OfRef.<init> (0x00007cb6141d0388) [0x00007cb6141d0480, 0x00007cb6141d0a90] Compiler: c1, Barriers: 3, Oops: 1, ImmediateOops: 0, NonImmediateOops: No
[3,108s][debug][gc,nmethod     ] Register NMethod: com.google.common.base.Preconditions.checkPositionIndexes (0x00007cb6141d0b08) [0x00007cb6141d0c00, 0x00007cb6141d0e68] Compiler: c1, Barriers: 0, Oops: 1, ImmediateOops: 0, NonImmediateOops: No
[3,108s][debug][gc,nmethod     ] Register NMethod: io.sirix.node.MemorySegmentBytesIn.remaining (0x00007cb6141d0e88) [0x00007cb6141d0f80, 0x00007cb6141d12c8] Compiler: c1, Barriers: 1, Oops: 1, ImmediateOops: 0, NonImmediateOops: No
[3,108s][debug][gc,nmethod     ] Register NMethod: com.google.common.base.Preconditions.checkState (0x00007cb6141d1308) [0x00007cb6141d1400, 0x00007cb6141d1898] Compiler: c1, Barriers: 0, Oops: 1, ImmediateOops: 1, NonImmediateOops: No
[3,108s][debug][gc,nmethod     ] Register NMethod: com.google.common.hash.MessageDigestHashFunction$MessageDigestHasher.checkNotDone (0x00007cb6141d1908) [0x00007cb6141d1a00, 0x00007cb6141d1d88] Compiler: c1, Barriers: 0, Oops: 2, ImmediateOops: 2, NonImmediateOops: No
[3,108s][debug][gc,nmethod     ] Register NMethod: java.io.ByteArrayOutputStream.close (0x00007cb6141d1e08) [0x00007cb6141d1f00, 0x00007cb6141d2000] Compiler: c1, Barriers: 0, Oops: 0, ImmediateOops: 0, NonImmediateOops: No
[3,108s][debug][gc,alloc       ] Mutator Allocation Rate: 322,5MB/s Predicted: 344,7MB/s, Avg: 291,4(+/-49,6)MB/s
[3,108s][debug][gc,director    ] Rule Major: Warmup 10%, Used: 608MB, UsedThreshold: 1228MB
[3,109s][debug][gc,nmethod     ] Register NMethod: net.jpountz.lz4.LZ4Compressor.compress (0x00007cb6141d2108) [0x00007cb6141d2200, 0x00007cb6141d2508] Compiler: c1, Barriers: 0, Oops: 1, ImmediateOops: 0, NonImmediateOops: No
[3,109s][debug][gc,nmethod     ] Register NMethod: io.sirix.page.IndirectPage.delegate (0x00007cb632e75708) [0x00007cb632e75800, 0x00007cb632e758e8] Compiler: c1, Barriers: 1, Oops: 1, ImmediateOops: 0, NonImmediateOops: No
[3,109s][debug][gc,nmethod     ] Register NMethod: net.jpountz.lz4.LZ4JNICompressor.compress (0x00007cb6141d2588) [0x00007cb6141d2680, 0x00007cb6141d32c0] Compiler: c1, Barriers: 0, Oops: 1, ImmediateOops: 3, NonImmediateOops: No
[3,112s][debug][gc,nmethod     ] Register NMethod: java.nio.channels.spi.AbstractInterruptibleChannel.begin (0x00007cb6141d3308) [0x00007cb6141d3400, 0x00007cb6141d4018] Compiler: c1, Barriers: 6, Oops: 0, ImmediateOops: 1, NonImmediateOops: No
[3,113s][debug][gc,nmethod     ] Register NMethod: java.nio.channels.spi.AbstractInterruptibleChannel.end (0x00007cb6141d4088) [0x00007cb6141d4180, 0x00007cb6141d4c20] Compiler: c1, Barriers: 8, Oops: 0, ImmediateOops: 1, NonImmediateOops: No
[3,115s][debug][gc,nmethod     ] Register NMethod: java.util.concurrent.ConcurrentHashMap.clear (0x00007cb6141d4c88) [0x00007cb6141d4d80, 0x00007cb6141d5af0] Compiler: c1, Barriers: 3, Oops: 0, ImmediateOops: 0, NonImmediateOops: No
[3,115s][debug][gc,nmethod     ] Register NMethod: io.sirix.page.KeyValueLeafPage.close (0x00007cb6141d5b08) [0x00007cb6141d5c00, 0x00007cb6141d6540] Compiler: c1, Barriers: 18, Oops: 3, ImmediateOops: 2, NonImmediateOops: No
[3,117s][debug][gc,nmethod     ] Register NMethod: io.sirix.access.trx.node.xml.XmlNodeTrxImpl.insertAttribute (0x00007cb632e75a08) [0x00007cb632e75b00, 0x00007cb632e78910] Compiler: jvmci, Barriers: 70, Oops: 5, ImmediateOops: 5, NonImmediateOops: No
[3,117s][debug][gc,nmethod     ] Register NMethod: io.sirix.page.KeyValueLeafPage.getHashCode (0x00007cb632e78988) [0x00007cb632e78a80, 0x00007cb632e78b70] Compiler: c1, Barriers: 1, Oops: 1, ImmediateOops: 0, NonImmediateOops: No
[3,118s][debug][gc,nmethod     ] Register NMethod: sun.nio.ch.UnixFileDispatcherImpl.size (0x00007cb6141d6588) [0x00007cb6141d6680, 0x00007cb6141d67b0] Compiler: c1, Barriers: 0, Oops: 0, ImmediateOops: 0, NonImmediateOops: No
[3,118s][debug][gc,director    ] Rule Major: Warmup 10%, Used: 614MB, UsedThreshold: 1228MB
[3,119s][debug][gc,nmethod     ] Register NMethod: io.sirix.query.node.SubtreeBuilder.attribute (0x00007cb632e78c88) [0x00007cb632e78d80, 0x00007cb632e7b710] Compiler: jvmci, Barriers: 66, Oops: 9, ImmediateOops: 8, NonImmediateOops: No
[3,124s][debug][gc,nmethod     ] Register NMethod: sun.security.provider.DigestBase.implCompressMultiBlock0 (0x00007cb632e7b788) [0x00007cb632e7b880, 0x00007cb632e7bbb0] Compiler: jvmci, Barriers: 1, Oops: 0, ImmediateOops: 0, NonImmediateOops: No
[3,125s][debug][gc,nmethod     ] Register NMethod: jdk.internal.foreign.MemorySessionImpl$ResourceList.cleanup (0x00007cb632e7bc08) [0x00007cb632e7bd00, 0x00007cb632e7c6f0] Compiler: jvmci, Barriers: 9, Oops: 1, ImmediateOops: 2, NonImmediateOops: No
[3,129s][debug][gc,director    ] Rule Major: Warmup 10%, Used: 614MB, UsedThreshold: 1228MB
[3,131s][debug][gc,nmethod     ] Register NMethod: sun.nio.ch.UnixFileDispatcherImpl.pread0 (0x00007cb632e7c708) [0x00007cb632e7c800, 0x00007cb632e7c978] Compiler: , Barriers: 0, Oops: 0, ImmediateOops: 1, NonImmediateOops: No
[3,132s][debug][gc,nmethod     ] Register NMethod: io.sirix.node.GrowingMemorySegment.grow (0x00007cb632e7ca08) [0x00007cb632e7cb00, 0x00007cb632e7e718] Compiler: jvmci, Barriers: 44, Oops: 4, ImmediateOops: 6, NonImmediateOops: No
[3,135s][debug][gc,nmethod     ] Register NMethod: sun.nio.ch.IOStatus.normalize (0x00007cb6141d6888) [0x00007cb6141d6980, 0x00007cb6141d6ab8] Compiler: c1, Barriers: 0, Oops: 0, ImmediateOops: 0, NonImmediateOops: No
[3,135s][debug][gc,nmethod     ] Register NMethod: sun.nio.ch.IOUtil.bufferAddress (0x00007cb6141d6b88) [0x00007cb6141d6c80, 0x00007cb6141d6de0] Compiler: c1, Barriers: 0, Oops: 0, ImmediateOops: 1, NonImmediateOops: No
[3,135s][debug][gc,nmethod     ] Register NMethod: com.github.benmanes.caffeine.cache.SSLSMW.setWindowWeightedSize (0x00007cb632e7e788) [0x00007cb632e7e880, 0x00007cb632e7e940] Compiler: c1, Barriers: 0, Oops: 1, ImmediateOops: 0, NonImmediateOops: No
[3,135s][debug][gc,nmethod     ] Register NMethod: sun.nio.ch.IOUtil.releaseScope (0x00007cb6141d6e88) [0x00007cb6141d6f80, 0x00007cb6141d7ba0] Compiler: c1, Barriers: 2, Oops: 0, ImmediateOops: 1, NonImmediateOops: No
[3,135s][debug][gc,nmethod     ] Register NMethod: sun.nio.ch.IOUtil.acquireScope (0x00007cb6141d7c08) [0x00007cb6141d7d00, 0x00007cb6141d91f8] Compiler: c1, Barriers: 5, Oops: 0, ImmediateOops: 3, NonImmediateOops: No
[3,136s][debug][gc,nmethod     ] Register NMethod: java.nio.DirectByteBuffer.isReadOnly (0x00007cb632e7ea88) [0x00007cb632e7eb80, 0x00007cb632e7ec40] Compiler: c1, Barriers: 0, Oops: 0, ImmediateOops: 0, NonImmediateOops: No
[3,136s][debug][gc,nmethod     ] Register NMethod: java.nio.DirectByteBuffer.base (0x00007cb632e7ed88) [0x00007cb632e7ee80, 0x00007cb632e7ef48] Compiler: c1, Barriers: 0, Oops: 0, ImmediateOops: 0, NonImmediateOops: No
[3,136s][debug][gc,nmethod     ] Register NMethod: net.jpountz.lz4.LZ4Factory.fastDecompressor (0x00007cb632e7f088) [0x00007cb632e7f180, 0x00007cb632e7f268] Compiler: c1, Barriers: 1, Oops: 1, ImmediateOops: 0, NonImmediateOops: No
[3,136s][debug][gc,nmethod     ] Register NMethod: io.sirix.io.bytepipe.ByteHandler.supportsMemorySegments (0x00007cb632e7f388) [0x00007cb632e7f480, 0x00007cb632e7f540] Compiler: c1, Barriers: 0, Oops: 1, ImmediateOops: 0, NonImmediateOops: No
[3,137s][debug][gc,nmethod     ] Register NMethod: java.util.concurrent.locks.ReentrantLock.tryLock (0x00007cb6141d9208) [0x00007cb6141d9300, 0x00007cb6141d9638] Compiler: c1, Barriers: 1, Oops: 0, ImmediateOops: 0, NonImmediateOops: No
[3,137s][debug][gc,nmethod     ] Register NMethod: java.util.concurrent.locks.ReentrantLock$Sync.tryLock (0x00007cb6141d9688) [0x00007cb6141d9780, 0x00007cb6141da578] Compiler: c1, Barriers: 5, Oops: 0, ImmediateOops: 1, NonImmediateOops: No
[3,137s][debug][gc,nmethod     ] Register NMethod: com.github.benmanes.caffeine.cache.BoundedLocalCache$PerformCleanupTask.run (0x00007cb6141da588) [0x00007cb6141da680, 0x00007cb6141dae00] Compiler: c1, Barriers: 3, Oops: 1, ImmediateOops: 0, NonImmediateOops: No
[3,137s][debug][gc,nmethod     ] Register NMethod: com.github.benmanes.caffeine.cache.BoundedLocalCache$PerformCleanupTask.exec (0x00007cb6141dae88) [0x00007cb6141daf80, 0x00007cb6141dba28] Compiler: c1, Barriers: 4, Oops: 2, ImmediateOops: 2, NonImmediateOops: No
[3,138s][debug][gc,nmethod     ] Register NMethod: java.util.concurrent.ForkJoinPool.tryTrim (0x00007cb6141dba88) [0x00007cb6141dbb80, 0x00007cb6141dc340] Compiler: c1, Barriers: 3, Oops: 0, ImmediateOops: 1, NonImmediateOops: No
[3,139s][debug][gc,director    ] Rule Major: Warmup 10%, Used: 614MB, UsedThreshold: 1228MB
[3,139s][debug][gc,nmethod     ] Register NMethod: java.util.stream.SortedOps$SizedRefSortingSink.begin (0x00007cb6141dc388) [0x00007cb6141dc480, 0x00007cb6141dc780] Compiler: c1, Barriers: 3, Oops: 0, ImmediateOops: 1, NonImmediateOops: No
[3,139s][debug][gc,nmethod     ] Register NMethod: jdk.internal.foreign.AbstractMemorySegmentImpl.get (0x00007cb6141dc788) [0x00007cb6141dc880, 0x00007cb6141e0190] Compiler: c1, Barriers: 27, Oops: 5, ImmediateOops: 12, NonImmediateOops: No
[3,140s][debug][gc,nmethod     ] Register NMethod: io.sirix.node.MemorySegmentBytesIn.readShort (0x00007cb6141e0208) [0x00007cb6141e0300, 0x00007cb6141e3f38] Compiler: c1, Barriers: 5, Oops: 6, ImmediateOops: 10, NonImmediateOops: No
[3,140s][debug][gc,nmethod     ] Register NMethod: java.lang.invoke.VarHandleSegmentAsShorts.get (0x00007cb6141e3f88) [0x00007cb6141e4080, 0x00007cb6141e9538] Compiler: c1, Barriers: 24, Oops: 2, ImmediateOops: 6, NonImmediateOops: No
[3,140s][debug][gc,nmethod     ] Register NMethod: java.lang.invoke.VarHandleSegmentAsShorts.get (0x00007cb6141e9588) [0x00007cb6141e9680, 0x00007cb6141ee8b8] Compiler: c1, Barriers: 24, Oops: 2, ImmediateOops: 6, NonImmediateOops: No
[3,140s][debug][gc,nmethod     ] Register NMethod: java.nio.HeapByteBuffer.get (0x00007cb6141ee908) [0x00007cb6141eea00, 0x00007cb6141eeeb8] Compiler: c1, Barriers: 1, Oops: 0, ImmediateOops: 0, NonImmediateOops: No
[3,141s][debug][gc,nmethod     ] Register NMethod: java.util.concurrent.ForkJoinPool.submissionQueue (0x00007cb6141eef08) [0x00007cb6141ef000, 0x00007cb6141f01e0] Compiler: c1, Barriers: 8, Oops: 1, ImmediateOops: 1, NonImmediateOops: No
[3,142s][debug][gc,nmethod     ] Register NMethod: io.sirix.node.HashEntryNode.<init> (0x00007cb6141f0208) [0x00007cb6141f0300, 0x00007cb6141f0628] Compiler: c1, Barriers: 3, Oops: 1, ImmediateOops: 0, NonImmediateOops: No
[3,142s][debug][gc,nmethod     ] Register NMethod: it.unimi.dsi.fastutil.ints.Int2ObjectOpenHashMap.put (0x00007cb6141f0688) [0x00007cb6141f0780, 0x00007cb6141f0ce8] Compiler: c1, Barriers: 6, Oops: 1, ImmediateOops: 0, NonImmediateOops: No
[3,142s][debug][gc,nmethod     ] Register NMethod: io.sirix.node.HashCountEntryNode.<init> (0x00007cb6141f0d08) [0x00007cb6141f0e00, 0x00007cb6141f0f60] Compiler: c1, Barriers: 0, Oops: 1, ImmediateOops: 0, NonImmediateOops: No
[3,144s][debug][gc,nmethod     ] Register NMethod: io.sirix.node.Utils.putVarLong (0x00007cb632e7f688) [0x00007cb632e7f780, 0x00007cb632e804b0] Compiler: jvmci, Barriers: 15, Oops: 2, ImmediateOops: 0, NonImmediateOops: No
[3,144s][debug][gc,nmethod     ] Register NMethod: com.github.benmanes.caffeine.cache.BoundedLocalCache.scheduleAfterWrite (0x00007cb614134b88) [0x00007cb614134c80, 0x00007cb614138260] Compiler: c1, Barriers: 0, Oops: 7, ImmediateOops: 18, NonImmediateOops: No
[3,145s][debug][gc,nmethod     ] Register NMethod: java.util.concurrent.ForkJoinTask$InterruptibleTask.postExec (0x00007cb632e80508) [0x00007cb632e80600, 0x00007cb632e806c0] Compiler: c1, Barriers: 0, Oops: 0, ImmediateOops: 0, NonImmediateOops: No
[3,145s][debug][gc,nmethod     ] Register NMethod: com.github.benmanes.caffeine.cache.BoundedLocalCache.afterWrite (0x00007cb6141f1008) [0x00007cb6141f1100, 0x00007cb6141f36a0] Compiler: c1, Barriers: 11, Oops: 2, ImmediateOops: 2, NonImmediateOops: No
[3,146s][debug][gc,nmethod     ] Register NMethod: jdk.internal.misc.Blocker.end (0x00007cb6141f3708) [0x00007cb6141f3800, 0x00007cb6141f3c78] Compiler: c1, Barriers: 1, Oops: 0, ImmediateOops: 1, NonImmediateOops: No
[3,147s][debug][gc,nmethod     ] Register NMethod: com.github.benmanes.caffeine.cache.PSMW.setWeight (0x00007cb632e80808) [0x00007cb632e80900, 0x00007cb632e809c0] Compiler: c1, Barriers: 0, Oops: 1, ImmediateOops: 0, NonImmediateOops: No
[3,148s][debug][gc,nmethod     ] Register NMethod: io.sirix.index.path.summary.PathSummaryReader.moveToRightSibling (0x00007cb6141f3c88) [0x00007cb6141f3d80, 0x00007cb6141f5830] Compiler: c1, Barriers: 6, Oops: 1, ImmediateOops: 1, NonImmediateOops: No
[3,148s][debug][gc,nmethod     ] Register NMethod: io.sirix.axis.pathsummary.LevelOrderSettingInMemoryInstancesAxis.getRightSibling (0x00007cb6141f5888) [0x00007cb6141f5980, 0x00007cb6141f7500] Compiler: c1, Barriers: 18, Oops: 1, ImmediateOops: 1, NonImmediateOops: No
[3,148s][debug][gc,nmethod     ] Register NMethod: io.sirix.index.path.summary.PathSummaryReader.moveToFirstChild (0x00007cb6141f7588) [0x00007cb6141f7680, 0x00007cb6141f9130] Compiler: c1, Barriers: 6, Oops: 1, ImmediateOops: 1, NonImmediateOops: No
[3,148s][debug][gc,nmethod     ] Register NMethod: io.sirix.axis.pathsummary.LevelOrderSettingInMemoryInstancesAxis.getFirstChild (0x00007cb6141f9188) [0x00007cb6141f9280, 0x00007cb6141fa9a8] Compiler: c1, Barriers: 14, Oops: 1, ImmediateOops: 1, NonImmediateOops: No
[3,149s][debug][gc,director    ] Rule Major: Warmup 10%, Used: 616MB, UsedThreshold: 1228MB
[3,149s][debug][gc,director    ] Rule Minor: High Usage, Free: 11630MB(94,6%)
[3,149s][debug][gc,nmethod     ] Register NMethod: java.lang.invoke.VarHandleGuards.guard_LL_V (0x00007cb632e80b08) [0x00007cb632e80c00, 0x00007cb632e81498] Compiler: jvmci, Barriers: 26, Oops: 0, ImmediateOops: 5, NonImmediateOops: No
[3,150s][debug][gc,nmethod     ] Register NMethod: com.github.benmanes.caffeine.cache.BoundedLocalCache.isRecordingStats (0x00007cb632e81508) [0x00007cb632e81600, 0x00007cb632e816c0] Compiler: c1, Barriers: 0, Oops: 1, ImmediateOops: 0, NonImmediateOops: No
[3,150s][debug][gc,nmethod     ] Register NMethod: com.github.benmanes.caffeine.cache.SSL.removalListener (0x00007cb632e81808) [0x00007cb632e81900, 0x00007cb632e819f0] Compiler: c1, Barriers: 1, Oops: 1, ImmediateOops: 0, NonImmediateOops: No
[3,150s][debug][gc,nmethod     ] Register NMethod: com.github.benmanes.caffeine.cache.SSL.hasRemovalListener (0x00007cb632e81b08) [0x00007cb632e81c00, 0x00007cb632e81cc0] Compiler: c1, Barriers: 0, Oops: 1, ImmediateOops: 0, NonImmediateOops: No
[3,150s][debug][gc,nmethod     ] Register NMethod: io.sirix.access.trx.node.AbstractResourceSession.getResourceConfig (0x00007cb632e81e08) [0x00007cb632e81f00, 0x00007cb632e81fe8] Compiler: jvmci, Barriers: 1, Oops: 1, ImmediateOops: 0, NonImmediateOops: No
[3,150s][debug][gc,nmethod     ] Register NMethod: java.lang.invoke.ClassSpecializer$SpeciesData.getterFunction (0x00007cb6141faa08) [0x00007cb6141fab00, 0x00007cb6141fb070] Compiler: c1, Barriers: 1, Oops: 0, ImmediateOops: 0, NonImmediateOops: No
[3,150s][debug][gc,nmethod     ] Register NMethod: java.lang.invoke.MethodHandles$Lookup.restrictProtectedReceiver (0x00007cb6141fb088) [0x00007cb6141fb180, 0x00007cb6141fc0f8] Compiler: c1, Barriers: 2, Oops: 0, ImmediateOops: 0, NonImmediateOops: No
[3,150s][debug][gc,nmethod     ] Register NMethod: jdk.internal.misc.Unsafe.getAndBitwiseOrInt (0x00007cb6141fc108) [0x00007cb6141fc200, 0x00007cb6141fc5d8] Compiler: c1, Barriers: 0, Oops: 0, ImmediateOops: 0, NonImmediateOops: No
[3,150s][debug][gc,nmethod     ] Register NMethod: java.nio.ByteBuffer.allocate (0x00007cb6141fc608) [0x00007cb6141fc700, 0x00007cb6141fc8f8] Compiler: c1, Barriers: 0, Oops: 0, ImmediateOops: 0, NonImmediateOops: No
[3,151s][debug][gc,nmethod     ] Register NMethod: java.lang.String.<init> (0x00007cb632e82108) [0x00007cb632e82200, 0x00007cb632e822f0] Compiler: jvmci, Barriers: 3, Oops: 0, ImmediateOops: 0, NonImmediateOops: No
[3,151s][debug][gc,nmethod     ] Register NMethod: sun.nio.fs.UnixPath.resolve (0x00007cb6141fc908) [0x00007cb6141fca00, 0x00007cb6141fcb48] Compiler: c1, Barriers: 0, Oops: 0, ImmediateOops: 0, NonImmediateOops: No
[3,151s][debug][gc,nmethod     ] Register NMethod: org.gradle.internal.io.StreamByteBuffer$StreamByteBufferChunk.bytesUnread (0x00007cb6141fcc08) [0x00007cb6141fcd00, 0x00007cb6141fce08] Compiler: c1, Barriers: 0, Oops: 1, ImmediateOops: 0, NonImmediateOops: No
[3,151s][debug][gc,nmethod     ] Register NMethod: io.sirix.node.xml.AttributeNode.getDeweyID (0x00007cb632e82408) [0x00007cb632e82500, 0x00007cb632e825e0] Compiler: jvmci, Barriers: 1, Oops: 1, ImmediateOops: 0, NonImmediateOops: No
[3,151s][debug][gc,nmethod     ] Register NMethod: ch.qos.logback.classic.LoggerContext.getTurboFilterChainDecision_0_3OrMore (0x00007cb6141fcf08) [0x00007cb6141fd000, 0x00007cb6141fd7f8] Compiler: c1, Barriers: 3, Oops: 1, ImmediateOops: 1, NonImmediateOops: No
[3,151s][debug][gc,nmethod     ] Register NMethod: com.github.benmanes.caffeine.cache.BoundedLocalCache.setVariableTime (0x00007cb6141fd808) [0x00007cb6141fd900, 0x00007cb6141fdc28] Compiler: c1, Barriers: 0, Oops: 1, ImmediateOops: 0, NonImmediateOops: No
[3,151s][debug][gc,nmethod     ] Register NMethod: java.lang.Character.isLowSurrogate (0x00007cb632e82708) [0x00007cb632e82800, 0x00007cb632e828d8] Compiler: jvmci, Barriers: 0, Oops: 0, ImmediateOops: 0, NonImmediateOops: No
[3,152s][debug][gc,nmethod     ] Register NMethod: java.util.concurrent.ConcurrentHashMap.compute (0x00007cb6141fdc88) [0x00007cb6141fdd80, 0x00007cb6142016e8] Compiler: c1, Barriers: 33, Oops: 0, ImmediateOops: 2, NonImmediateOops: No
[3,152s][debug][gc,nmethod     ] Register NMethod: jdk.internal.foreign.GlobalSession.acquire0 (0x00007cb632e82a08) [0x00007cb632e82b00, 0x00007cb632e82b80] Compiler: jvmci, Barriers: 0, Oops: 0, ImmediateOops: 0, NonImmediateOops: No
[3,152s][debug][gc,nmethod     ] Register NMethod: net.jpountz.lz4.LZ4JNI.LZ4_decompress_fast (0x00007cb632e82d08) [0x00007cb632e82e00, 0x00007cb632e82fc8] Compiler: , Barriers: 0, Oops: 1, ImmediateOops: 1, NonImmediateOops: No
[3,152s][debug][gc,nmethod     ] Register NMethod: com.github.benmanes.caffeine.cache.BoundedLocalCache.setWriteTime (0x00007cb614201708) [0x00007cb614201800, 0x00007cb614201d50] Compiler: c1, Barriers: 0, Oops: 1, ImmediateOops: 0, NonImmediateOops: No
[3,152s][debug][gc,nmethod     ] Register NMethod: java.lang.invoke.LambdaForm$MH/0x00000000262ae000.linkToTargetMethod (0x00007cb614201d88) [0x00007cb614201e80, 0x00007cb614202430] Compiler: c1, Barriers: 0, Oops: 1, ImmediateOops: 0, NonImmediateOops: No
[3,152s][debug][gc,nmethod     ] Register NMethod: jdk.internal.foreign.GlobalSession.release0 (0x00007cb632e83008) [0x00007cb632e83100, 0x00007cb632e83180] Compiler: jvmci, Barriers: 0, Oops: 0, ImmediateOops: 0, NonImmediateOops: No
[3,152s][debug][gc,nmethod     ] Register NMethod: java.lang.invoke.LambdaForm$DMH/0x00000000262ad800.newInvokeSpecial (0x00007cb614202488) [0x00007cb614202580, 0x00007cb614202eb8] Compiler: c1, Barriers: 2, Oops: 1, ImmediateOops: 1, NonImmediateOops: No
[3,152s][debug][gc,nmethod     ] Register NMethod: com.github.benmanes.caffeine.cache.LocalCache.statsAware (0x00007cb614202f08) [0x00007cb614203000, 0x00007cb6142038d0] Compiler: c1, Barriers: 6, Oops: 4, ImmediateOops: 2, NonImmediateOops: No
[3,152s][debug][gc,nmethod     ] Register NMethod: java.lang.invoke.DirectMethodHandle.fieldOffset (0x00007cb614203908) [0x00007cb614203a00, 0x00007cb614203cf0] Compiler: c1, Barriers: 0, Oops: 0, ImmediateOops: 0, NonImmediateOops: No
[3,152s][debug][gc,nmethod     ] Register NMethod: com.github.benmanes.caffeine.cache.BoundedLocalCache$$Lambda/0x00000000262a9638.<init> (0x00007cb614203d08) [0x00007cb614203e00, 0x00007cb614204510] Compiler: c1, Barriers: 36, Oops: 1, ImmediateOops: 0, NonImmediateOops: No
[3,152s][debug][gc,nmethod     ] Register NMethod: com.github.benmanes.caffeine.cache.BoundedLocalCache$$Lambda/0x00000000262a9638.apply (0x00007cb614204588) [0x00007cb614204680, 0x00007cb614204d28] Compiler: c1, Barriers: 12, Oops: 1, ImmediateOops: 0, NonImmediateOops: No
[3,152s][debug][gc,nmethod     ] Register NMethod: java.lang.invoke.DirectMethodHandle.checkBase (0x00007cb614204d88) [0x00007cb614204e80, 0x00007cb6142050b0] Compiler: c1, Barriers: 0, Oops: 0, ImmediateOops: 0, NonImmediateOops: No
[3,152s][debug][gc,nmethod     ] Register NMethod: sun.nio.fs.UnixFileAttributes.<init> (0x00007cb614205108) [0x00007cb614205200, 0x00007cb614205358] Compiler: c1, Barriers: 0, Oops: 0, ImmediateOops: 0, NonImmediateOops: No
[3,153s][debug][gc,nmethod     ] Register NMethod: java.util.concurrent.ForkJoinTask.getAndBitwiseOrStatus (0x00007cb614205408) [0x00007cb614205500, 0x00007cb614205af8] Compiler: c1, Barriers: 0, Oops: 1, ImmediateOops: 2, NonImmediateOops: No
[3,153s][debug][gc,nmethod     ] Register NMethod: java.util.concurrent.ForkJoinTask.signalWaiters (0x00007cb614205b08) [0x00007cb614205c00, 0x00007cb614206ec0] Compiler: c1, Barriers: 4, Oops: 0, ImmediateOops: 2, NonImmediateOops: No
[3,153s][debug][gc,nmethod     ] Register NMethod: net.jpountz.lz4.LZ4BlockInputStream.refill (0x00007cb614206f08) [0x00007cb614207000, 0x00007cb614209010] Compiler: c1, Barriers: 22, Oops: 1, ImmediateOops: 11, NonImmediateOops: No
[3,153s][debug][gc,nmethod     ] Register NMethod: sun.nio.fs.UnixNativeDispatcher.open0 (0x00007cb632e83308) [0x00007cb632e83400, 0x00007cb632e83560] Compiler: , Barriers: 0, Oops: 0, ImmediateOops: 1, NonImmediateOops: No
[3,153s][debug][gc,nmethod     ] Register NMethod: com.github.benmanes.caffeine.cache.BoundedLocalCache.remap (0x00007cb614209088) [0x00007cb614209180, 0x00007cb61420c0e8] Compiler: c1, Barriers: 31, Oops: 4, ImmediateOops: 4, NonImmediateOops: No
[3,153s][debug][gc,nmethod     ] Register NMethod: io.sirix.node.xml.ElementNode.getAttributeKey (0x00007cb632e83608) [0x00007cb632e83700, 0x00007cb632e838a0] Compiler: jvmci, Barriers: 2, Oops: 1, ImmediateOops: 0, NonImmediateOops: No
[3,153s][debug][gc,nmethod     ] Register NMethod: java.util.UUID.parse4Nibbles (0x00007cb61420c188) [0x00007cb61420c280, 0x00007cb61420e628] Compiler: c1, Barriers: 8, Oops: 2, ImmediateOops: 9, NonImmediateOops: No
[3,153s][debug][gc,nmethod     ] Register NMethod: com.github.benmanes.caffeine.cache.Ticker.systemTicker (0x00007cb61420e688) [0x00007cb61420e780, 0x00007cb61420e868] Compiler: c1, Barriers: 0, Oops: 1, ImmediateOops: 1, NonImmediateOops: No
[3,153s][debug][gc,nmethod     ] Register NMethod: com.github.benmanes.caffeine.cache.SSLS.statsTicker (0x00007cb61420e988) [0x00007cb61420ea80, 0x00007cb61420ebe0] Compiler: c1, Barriers: 0, Oops: 1, ImmediateOops: 1, NonImmediateOops: No
[3,153s][debug][gc,nmethod     ] Register NMethod: com.github.benmanes.caffeine.cache.SystemTicker.read (0x00007cb61420ec88) [0x00007cb61420ed80, 0x00007cb61420eea0] Compiler: c1, Barriers: 0, Oops: 1, ImmediateOops: 0, NonImmediateOops: No
[3,153s][debug][gc,nmethod     ] Register NMethod: com.github.benmanes.caffeine.cache.SSLS.isRecordingStats (0x00007cb632e83908) [0x00007cb632e83a00, 0x00007cb632e83ac0] Compiler: c1, Barriers: 0, Oops: 1, ImmediateOops: 0, NonImmediateOops: No
[3,154s][debug][gc,nmethod     ] Register NMethod: sun.nio.fs.UnixFileAttributes.get (0x00007cb61420ef88) [0x00007cb61420f080, 0x00007cb61420f340] Compiler: c1, Barriers: 0, Oops: 0, ImmediateOops: 0, NonImmediateOops: No
[3,154s][debug][gc,nmethod     ] Register NMethod: io.sirix.node.MemorySegmentBytesIn.readUtf8 (0x00007cb61420f388) [0x00007cb61420f480, 0x00007cb61420f978] Compiler: c1, Barriers: 0, Oops: 1, ImmediateOops: 1, NonImmediateOops: No
[3,154s][debug][gc,nmethod     ] Register NMethod: com.github.benmanes.caffeine.cache.Caffeine.requireArgument (0x00007cb61420f988) [0x00007cb61420fa80, 0x00007cb61420fc50] Compiler: c1, Barriers: 0, Oops: 1, ImmediateOops: 0, NonImmediateOops: No
[3,154s][debug][gc,nmethod     ] Register NMethod: java.nio.file.Files.readAttributes (0x00007cb61420fc88) [0x00007cb61420fd80, 0x00007cb614210208] Compiler: c1, Barriers: 2, Oops: 0, ImmediateOops: 0, NonImmediateOops: No
[3,154s][debug][gc,nmethod     ] Register NMethod: sun.nio.fs.LinuxFileSystemProvider.readAttributes (0x00007cb614210288) [0x00007cb614210380, 0x00007cb614210988] Compiler: c1, Barriers: 0, Oops: 0, ImmediateOops: 2, NonImmediateOops: No
[3,154s][debug][gc,nmethod     ] Register NMethod: sun.nio.fs.UnixFileAttributeViews.createBasicView (0x00007cb614210a08) [0x00007cb614210b00, 0x00007cb614210dd0] Compiler: c1, Barriers: 3, Oops: 0, ImmediateOops: 0, NonImmediateOops: No
[3,154s][debug][gc,nmethod     ] Register NMethod: sun.nio.fs.UnixFileSystemProvider.readAttributes (0x00007cb614210e08) [0x00007cb614210f00, 0x00007cb614211560] Compiler: c1, Barriers: 0, Oops: 0, ImmediateOops: 3, NonImmediateOops: No
[3,154s][debug][gc,nmethod     ] Register NMethod: sun.nio.fs.UnixFileSystemProvider.getFileAttributeView (0x00007cb614211588) [0x00007cb614211680, 0x00007cb614212520] Compiler: c1, Barriers: 3, Oops: 0, ImmediateOops: 1, NonImmediateOops: No
[3,154s][debug][gc,nmethod     ] Register NMethod: sun.nio.fs.AbstractBasicFileAttributeView.<init> (0x00007cb614212588) [0x00007cb614212680, 0x00007cb6142127d8] Compiler: c1, Barriers: 0, Oops: 0, ImmediateOops: 0, NonImmediateOops: No
[3,154s][debug][gc,nmethod     ] Register NMethod: sun.nio.fs.LinuxFileSystemProvider.getFileAttributeView (0x00007cb614212888) [0x00007cb614212980, 0x00007cb6142138e0] Compiler: c1, Barriers: 0, Oops: 0, ImmediateOops: 2, NonImmediateOops: No
[3,154s][debug][gc,nmethod     ] Register NMethod: sun.nio.fs.UnixFileAttributeViews$Basic.<init> (0x00007cb614213908) [0x00007cb614213a00, 0x00007cb614213c38] Compiler: c1, Barriers: 3, Oops: 0, ImmediateOops: 0, NonImmediateOops: No
[3,155s][debug][gc,nmethod     ] Register NMethod: sun.nio.fs.UnixFileAttributes$UnixAsBasicFileAttributes.wrap (0x00007cb614213c88) [0x00007cb614213d80, 0x00007cb614213fe8] Compiler: c1, Barriers: 3, Oops: 0, ImmediateOops: 0, NonImmediateOops: No
[3,155s][debug][gc,nmethod     ] Register NMethod: sun.nio.fs.UnixFileAttributes$UnixAsBasicFileAttributes.<init> (0x00007cb614214008) [0x00007cb614214100, 0x00007cb6142142d0] Compiler: c1, Barriers: 3, Oops: 0, ImmediateOops: 0, NonImmediateOops: No
[3,155s][debug][gc,nmethod     ] Register NMethod: sun.nio.fs.UnixFileAttributes.asBasicFileAttributes (0x00007cb614214308) [0x00007cb614214400, 0x00007cb6142146e0] Compiler: c1, Barriers: 3, Oops: 0, ImmediateOops: 0, NonImmediateOops: No
[3,155s][debug][gc,nmethod     ] Register NMethod: java.util.AbstractQueue.<init> (0x00007cb614214708) [0x00007cb614214800, 0x00007cb6142149b8] Compiler: c1, Barriers: 0, Oops: 0, ImmediateOops: 0, NonImmediateOops: No
[3,155s][debug][gc,nmethod     ] Register NMethod: sun.nio.fs.UnixFileAttributeViews$Basic.readAttributes (0x00007cb614214a08) [0x00007cb614214b00, 0x00007cb614215378] Compiler: c1, Barriers: 8, Oops: 0, ImmediateOops: 0, NonImmediateOops: No
[3,155s][debug][gc,nmethod     ] Register NMethod: java.lang.invoke.MethodHandleImpl$CountingWrapper.getTarget (0x00007cb632e83c08) [0x00007cb632e83d00, 0x00007cb632e83de8] Compiler: c1, Barriers: 1, Oops: 0, ImmediateOops: 0, NonImmediateOops: No
[3,155s][debug][gc,nmethod     ] Register NMethod: io.sirix.query.node.SubtreeProcessor.notifyAttribute (0x00007cb632e83f08) [0x00007cb632e84000, 0x00007cb632e84130] Compiler: jvmci, Barriers: 1, Oops: 1, ImmediateOops: 0, NonImmediateOops: No
[3,155s][debug][gc,nmethod     ] Register NMethod: java.lang.Byte.valueOf (0x00007cb614215388) [0x00007cb614215480, 0x00007cb6142155c0] Compiler: c1, Barriers: 1, Oops: 0, ImmediateOops: 1, NonImmediateOops: No
[3,156s][debug][gc,nmethod     ] Register NMethod: io.sirix.node.xml.AttributeNode.computeHash (0x00007cb632e84208) [0x00007cb632e84300, 0x00007cb632e88760] Compiler: jvmci, Barriers: 79, Oops: 10, ImmediateOops: 2, NonImmediateOops: No
[3,157s][debug][gc,nmethod     ] Register NMethod: com.github.benmanes.caffeine.cache.BoundedLocalCache.lambda$remap$16 (0x00007cb614215688) [0x00007cb614215780, 0x00007cb614223b80] Compiler: c1, Barriers: 64, Oops: 12, ImmediateOops: 54, NonImmediateOops: No
[3,157s][debug][gc,nmethod     ] Register NMethod: java.lang.invoke.LambdaForm.invokeArguments (0x00007cb614223c08) [0x00007cb614223d00, 0x00007cb6142255a0] Compiler: c1, Barriers: 13, Oops: 1, ImmediateOops: 3, NonImmediateOops: No
[3,157s][debug][gc,nmethod     ] Register NMethod: com.github.benmanes.caffeine.cache.BoundedWeigher.weigh (0x00007cb614225608) [0x00007cb614225700, 0x00007cb614225bd0] Compiler: c1, Barriers: 1, Oops: 1, ImmediateOops: 0, NonImmediateOops: No
[3,158s][debug][gc,nmethod     ] Register NMethod: io.sirix.access.trx.page.NodePageReadOnlyTrx.getRevisionNumber (0x00007cb614225c08) [0x00007cb614225d00, 0x00007cb614226340] Compiler: c1, Barriers: 1, Oops: 1, ImmediateOops: 1, NonImmediateOops: No
[3,158s][debug][gc,nmethod     ] Register NMethod: com.github.benmanes.caffeine.cache.BoundedLocalCache.scheduleDrainBuffers (0x00007cb614226388) [0x00007cb614226480, 0x00007cb61422bc70] Compiler: c1, Barriers: 17, Oops: 8, ImmediateOops: 20, NonImmediateOops: No
[3,159s][debug][gc,director    ] Rule Major: Warmup 10%, Used: 616MB, UsedThreshold: 1228MB
[3,159s][debug][gc,director    ] Rule Minor: High Usage, Free: 11630MB(94,6%)
[3,159s][debug][gc,nmethod     ] Register NMethod: io.brackit.query.compiler.parser.Tokenizer.laSymSkipWS (0x00007cb61422bd08) [0x00007cb61422be00, 0x00007cb61422bf98] Compiler: c1, Barriers: 0, Oops: 1, ImmediateOops: 0, NonImmediateOops: No
[3,159s][debug][gc,nmethod     ] Register NMethod: io.brackit.query.compiler.parser.Tokenizer.laSkipWS (0x00007cb61422c008) [0x00007cb61422c100, 0x00007cb61422c238] Compiler: c1, Barriers: 0, Oops: 1, ImmediateOops: 0, NonImmediateOops: No
[3,160s][debug][gc,nmethod     ] Register NMethod: io.brackit.query.jdm.XMLChar.isNameChar (0x00007cb61422c308) [0x00007cb61422c400, 0x00007cb61422c700] Compiler: c1, Barriers: 0, Oops: 1, ImmediateOops: 0, NonImmediateOops: No
[3,160s][debug][gc,nmethod     ] Register NMethod: io.brackit.query.compiler.parser.Tokenizer.attemptSkipWS (0x00007cb61422c788) [0x00007cb61422c880, 0x00007cb61422cc20] Compiler: c1, Barriers: 0, Oops: 1, ImmediateOops: 0, NonImmediateOops: No
[3,160s][debug][gc,nmethod     ] Register NMethod: io.brackit.query.jdm.XMLChar.isNameStartChar (0x00007cb61422cc88) [0x00007cb61422cd80, 0x00007cb61422d3d8] Compiler: c1, Barriers: 0, Oops: 1, ImmediateOops: 0, NonImmediateOops: No
[3,160s][debug][gc,nmethod     ] Register NMethod: io.brackit.query.compiler.parser.Tokenizer.attemptSymSkipWS (0x00007cb61422d408) [0x00007cb61422d500, 0x00007cb61422d948] Compiler: c1, Barriers: 0, Oops: 1, ImmediateOops: 0, NonImmediateOops: No
[3,160s][debug][gc,nmethod     ] Register NMethod: io.brackit.query.compiler.parser.Tokenizer.laSym (0x00007cb61422d988) [0x00007cb61422da80, 0x00007cb61422f020] Compiler: c1, Barriers: 8, Oops: 2, ImmediateOops: 2, NonImmediateOops: No
[3,161s][debug][gc,nmethod     ] Register NMethod: io.brackit.query.compiler.optimizer.walker.topdown.ScopeWalker$BindingTable.bind (0x00007cb61422f088) [0x00007cb61422f180, 0x00007cb61422f2f8] Compiler: c1, Barriers: 1, Oops: 1, ImmediateOops: 0, NonImmediateOops: No
[3,161s][debug][gc,nmethod     ] Register NMethod: io.brackit.query.compiler.optimizer.walker.topdown.ScopeWalker$Scope$Node.<init> (0x00007cb61422f388) [0x00007cb61422f480, 0x00007cb61422f810] Compiler: c1, Barriers: 12, Oops: 1, ImmediateOops: 0, NonImmediateOops: No
[3,161s][debug][gc,nmethod     ] Register NMethod: io.brackit.query.compiler.optimizer.walker.topdown.ScopeWalker$Var.<init> (0x00007cb61422f888) [0x00007cb61422f980, 0x00007cb61422fc40] Compiler: c1, Barriers: 9, Oops: 1, ImmediateOops: 0, NonImmediateOops: No
[3,162s][debug][gc,nmethod     ] Register NMethod: io.brackit.query.compiler.optimizer.walker.topdown.ScopeWalker$BindingTable.openScope (0x00007cb61422fc88) [0x00007cb61422fd80, 0x00007cb6142301c8] Compiler: c1, Barriers: 5, Oops: 1, ImmediateOops: 0, NonImmediateOops: No
[3,162s][debug][gc,nmethod     ] Register NMethod: io.brackit.query.compiler.optimizer.walker.topdown.ScopeWalker$Scope.bind (0x00007cb614230208) [0x00007cb614230300, 0x00007cb614230ef0] Compiler: c1, Barriers: 27, Oops: 1, ImmediateOops: 0, NonImmediateOops: No
[3,162s][debug][gc,nmethod     ] Register NMethod: io.brackit.query.compiler.optimizer.walker.topdown.ScopeWalker$BindingTable.closeScope (0x00007cb614230f08) [0x00007cb614231000, 0x00007cb6142311e0] Compiler: c1, Barriers: 5, Oops: 1, ImmediateOops: 0, NonImmediateOops: No
[3,162s][debug][gc,nmethod     ] Register NMethod: io.brackit.query.compiler.optimizer.walker.topdown.ScopeWalker$Scope.open (0x00007cb614231208) [0x00007cb614231300, 0x00007cb614231a80] Compiler: c1, Barriers: 20, Oops: 1, ImmediateOops: 0, NonImmediateOops: No
[3,162s][debug][gc,nmethod     ] Register NMethod: io.brackit.query.compiler.optimizer.walker.topdown.ScopeWalker$Scope.<init> (0x00007cb614231b08) [0x00007cb614231c00, 0x00007cb614231e58] Compiler: c1, Barriers: 6, Oops: 1, ImmediateOops: 0, NonImmediateOops: No
[3,162s][debug][gc,nmethod     ] Register NMethod: it.unimi.dsi.fastutil.HashCommon.nextPowerOfTwo (0x00007cb614231e88) [0x00007cb614231f80, 0x00007cb614232180] Compiler: c1, Barriers: 0, Oops: 1, ImmediateOops: 0, NonImmediateOops: No
[3,162s][debug][gc,nmethod     ] Register NMethod: it.unimi.dsi.fastutil.HashCommon.maxFill (0x00007cb614232208) [0x00007cb614232300, 0x00007cb614232560] Compiler: c1, Barriers: 0, Oops: 1, ImmediateOops: 0, NonImmediateOops: No
[3,163s][debug][gc,nmethod     ] Register NMethod: com.sun.org.apache.xerces.internal.util.XMLAttributesImpl.getValue (0x00007cb632e88808) [0x00007cb632e88900, 0x00007cb632e89200] Compiler: jvmci, Barriers: 15, Oops: 1, ImmediateOops: 0, NonImmediateOops: No
[3,164s][debug][gc,nmethod     ] Register NMethod: io.sirix.node.SirixDeweyID.getNewAttributeID (0x00007cb632e89288) [0x00007cb632e89380, 0x00007cb632e898b0] Compiler: jvmci, Barriers: 3, Oops: 1, ImmediateOops: 0, NonImmediateOops: No
[3,164s][debug][gc,nmethod     ] Register NMethod: io.sirix.access.trx.node.xml.XmlNodeFactoryImpl.createAttributeNode (0x00007cb632e89908) [0x00007cb632e89a00, 0x00007cb632e8d8e0] Compiler: jvmci, Barriers: 133, Oops: 9, ImmediateOops: 8, NonImmediateOops: No
[3,166s][debug][gc,nmethod     ] Register NMethod: java.lang.Long.valueOf (0x00007cb632e8d988) [0x00007cb632e8da80, 0x00007cb632e8dc28] Compiler: jvmci, Barriers: 1, Oops: 0, ImmediateOops: 1, NonImmediateOops: No
[3,168s][debug][gc,nmethod     ] Register NMethod: io.brackit.query.sequence.AbstractSequence.evaluate (0x00007cb614232588) [0x00007cb614232680, 0x00007cb614232780] Compiler: c1, Barriers: 0, Oops: 1, ImmediateOops: 0, NonImmediateOops: No
[3,169s][debug][gc,director    ] Rule Major: Warmup 10%, Used: 618MB, UsedThreshold: 1228MB
[3,169s][debug][gc,director    ] Rule Minor: High Usage, Free: 11628MB(94,6%)
[3,170s][debug][gc,nmethod     ] Register NMethod: ch.qos.logback.classic.Logger.filterAndLog_0_Or3Plus (0x00007cb614232888) [0x00007cb614232980, 0x00007cb614232e70] Compiler: c1, Barriers: 1, Oops: 1, ImmediateOops: 2, NonImmediateOops: No
[3,171s][debug][gc,nmethod     ] Register NMethod: java.lang.StringLatin1.getChars (0x00007cb614232e88) [0x00007cb614232f80, 0x00007cb6142330a0] Compiler: c1, Barriers: 0, Oops: 0, ImmediateOops: 0, NonImmediateOops: No
[3,171s][debug][gc,nmethod     ] Register NMethod: io.sirix.access.trx.node.AbstractNodeReadOnlyTrx.hasFirstChild (0x00007cb614233188) [0x00007cb614233280, 0x00007cb614233aa0] Compiler: c1, Barriers: 0, Oops: 1, ImmediateOops: 1, NonImmediateOops: No
[3,171s][debug][gc,nmethod     ] Register NMethod: java.lang.String.getChars (0x00007cb614233b08) [0x00007cb614233c00, 0x00007cb614234840] Compiler: c1, Barriers: 1, Oops: 1, ImmediateOops: 2, NonImmediateOops: No
[3,173s][debug][gc,nmethod     ] Register NMethod: io.sirix.node.xml.ElementNode.hasFirstChild (0x00007cb614234888) [0x00007cb614234980, 0x00007cb614239db8] Compiler: c1, Barriers: 19, Oops: 7, ImmediateOops: 12, NonImmediateOops: No
[3,173s][debug][gc,nmethod     ] Register NMethod: java.util.concurrent.ConcurrentHashMap.initTable (0x00007cb614239e08) [0x00007cb614239f00, 0x00007cb61423ab58] Compiler: c1, Barriers: 6, Oops: 0, ImmediateOops: 0, NonImmediateOops: No
[3,173s][debug][gc,nmethod     ] Register NMethod: com.github.benmanes.caffeine.cache.FrequencySketch.increment (0x00007cb61423ab88) [0x00007cb61423ac80, 0x00007cb61423c2c8] Compiler: c1, Barriers: 1, Oops: 1, ImmediateOops: 0, NonImmediateOops: No
[3,173s][debug][gc,nmethod     ] Register NMethod: io.brackit.query.jdm.type.ElementType.getQName (0x00007cb632e8dc88) [0x00007cb632e8dd80, 0x00007cb632e8de68] Compiler: c1, Barriers: 1, Oops: 1, ImmediateOops: 0, NonImmediateOops: No
[3,173s][debug][gc,nmethod     ] Register NMethod: io.sirix.axis.AbstractAxis.hasNext (0x00007cb61423c308) [0x00007cb61423c400, 0x00007cb61423cec8] Compiler: c1, Barriers: 2, Oops: 1, ImmediateOops: 1, NonImmediateOops: No
[3,177s][debug][gc,nmethod     ] Register NMethod: java.io.BufferedWriter.ensureOpen (0x00007cb61423cf08) [0x00007cb61423d000, 0x00007cb61423d230] Compiler: c1, Barriers: 1, Oops: 0, ImmediateOops: 1, NonImmediateOops: No
[3,177s][debug][gc,nmethod     ] Register NMethod: io.sirix.page.KeyValueLeafPage.getNumberOfNonNullEntries (0x00007cb632e8df88) [0x00007cb632e8e080, 0x00007cb632e8e450] Compiler: jvmci, Barriers: 3, Oops: 1, ImmediateOops: 0, NonImmediateOops: No
[3,178s][debug][gc,nmethod     ] Register NMethod: java.io.BufferedWriter.min (0x00007cb61423d288) [0x00007cb61423d380, 0x00007cb61423d4d8] Compiler: c1, Barriers: 0, Oops: 0, ImmediateOops: 0, NonImmediateOops: No
[3,178s][debug][gc,nmethod     ] Register NMethod: java.io.BufferedWriter.growIfNeeded (0x00007cb61423d588) [0x00007cb61423d680, 0x00007cb61423d998] Compiler: c1, Barriers: 4, Oops: 0, ImmediateOops: 0, NonImmediateOops: No
[3,178s][debug][gc,nmethod     ] Register NMethod: java.io.BufferedWriter.write (0x00007cb61423da08) [0x00007cb61423db00, 0x00007cb61423e3f0] Compiler: c1, Barriers: 3, Oops: 0, ImmediateOops: 1, NonImmediateOops: No
[3,179s][debug][gc,nmethod     ] Register NMethod: java.io.PrintWriter.ensureOpen (0x00007cb61423e408) [0x00007cb61423e500, 0x00007cb61423e730] Compiler: c1, Barriers: 1, Oops: 0, ImmediateOops: 1, NonImmediateOops: No
[3,179s][debug][gc,nmethod     ] Register NMethod: java.io.PrintWriter.write (0x00007cb61423e788) [0x00007cb61423e880, 0x00007cb61423ee78] Compiler: c1, Barriers: 1, Oops: 0, ImmediateOops: 0, NonImmediateOops: No
[3,179s][debug][gc,nmethod     ] Register NMethod: java.io.PrintWriter.write (0x00007cb61423ee88) [0x00007cb61423ef80, 0x00007cb61423f8e0] Compiler: c1, Barriers: 3, Oops: 0, ImmediateOops: 1, NonImmediateOops: No
[3,179s][debug][gc,director    ] Rule Major: Warmup 10%, Used: 622MB, UsedThreshold: 1228MB
[3,179s][debug][gc,director    ] Rule Minor: High Usage, Free: 11624MB(94,6%)
[3,180s][debug][gc,nmethod     ] Register NMethod: io.sirix.access.trx.node.AbstractNodeHashing.rollingAdd (0x00007cb632e8e488) [0x00007cb632e8e580, 0x00007cb632e9fa80] Compiler: jvmci, Barriers: 422, Oops: 13, ImmediateOops: 5, NonImmediateOops: No
[3,184s][debug][gc,nmethod     ] Register NMethod: io.sirix.axis.ChildAxis.<init> (0x00007cb632e9fb08) [0x00007cb632e9fc00, 0x00007cb632ea01f8] Compiler: jvmci, Barriers: 15, Oops: 1, ImmediateOops: 2, NonImmediateOops: No
[3,184s][debug][gc,nmethod     ] Register NMethod: io.sirix.access.trx.page.NodePageReadOnlyTrx.getRecordPage (0x00007cb632ea0208) [0x00007cb632ea0300, 0x00007cb632ea1190] Compiler: jvmci, Barriers: 35, Oops: 1, ImmediateOops: 1, NonImmediateOops: No
[3,184s][debug][gc,nmethod     ] Register NMethod: io.brackit.query.expr.PathStepExpr$SequenceContextPathStepIter.next (0x00007cb61423f908) [0x00007cb61423fa00, 0x00007cb614242b28] Compiler: c1, Barriers: 39, Oops: 2, ImmediateOops: 4, NonImmediateOops: No
[3,187s][debug][gc,nmethod     ] Register NMethod: io.brackit.query.jdm.type.ElementType.getNodeKind (0x00007cb614242b88) [0x00007cb614242c80, 0x00007cb614242d88] Compiler: c1, Barriers: 0, Oops: 1, ImmediateOops: 1, NonImmediateOops: No
[3,188s][debug][gc,nmethod     ] Register NMethod: io.sirix.settings.VersioningType$4.combineRecordPages (0x00007cb614242e88) [0x00007cb614242f80, 0x00007cb614247ea8] Compiler: c1, Barriers: 9, Oops: 1, ImmediateOops: 0, NonImmediateOops: No
[3,189s][debug][gc,director    ] Rule Major: Warmup 10%, Used: 626MB, UsedThreshold: 1228MB
[3,189s][debug][gc,director    ] Rule Minor: High Usage, Free: 11620MB(94,6%)
[3,189s][debug][gc,nmethod     ] Register NMethod: io.sirix.access.trx.page.NodePageReadOnlyTrx.getRecord (0x00007cb632ea1208) [0x00007cb632ea1300, 0x00007cb632ea29e8] Compiler: jvmci, Barriers: 29, Oops: 5, ImmediateOops: 6, NonImmediateOops: No
[3,190s][debug][gc,nmethod     ] Register NMethod: java.io.PrintWriter.print (0x00007cb614247f08) [0x00007cb614248000, 0x00007cb614248770] Compiler: c1, Barriers: 1, Oops: 0, ImmediateOops: 1, NonImmediateOops: No
[3,190s][debug][gc,nmethod     ] Register NMethod: io.sirix.settings.VersioningType$4.combineRecordPages (0x00007cb614248788) [0x00007cb614248880, 0x00007cb61424d4e0] Compiler: c1, Barriers: 9, Oops: 1, ImmediateOops: 0, NonImmediateOops: No
[3,190s][debug][gc,nmethod     ] Register NMethod: io.sirix.page.KeyValueLeafPage.getNumberOfNonNullEntries (0x00007cb632ea2a88) [0x00007cb632ea2b80, 0x00007cb632ea2d80] Compiler: jvmci, Barriers: 2, Oops: 1, ImmediateOops: 0, NonImmediateOops: No
[3,190s][debug][gc,nmethod     ] Register NMethod: java.util.concurrent.atomic.AtomicInteger.incrementAndGet (0x00007cb632ea2e08) [0x00007cb632ea2f00, 0x00007cb632ea2f90] Compiler: jvmci, Barriers: 0, Oops: 0, ImmediateOops: 0, NonImmediateOops: No
[3,191s][debug][gc,nmethod     ] Register NMethod: java.util.BitSet.valueOf (0x00007cb61424d508) [0x00007cb61424d600, 0x00007cb61424efa8] Compiler: c1, Barriers: 3, Oops: 0, ImmediateOops: 1, NonImmediateOops: No
[3,193s][debug][gc,nmethod     ] Register NMethod: io.brackit.query.expr.PathStepExpr$PathStepSequence.<init> (0x00007cb61424f008) [0x00007cb61424f100, 0x00007cb61424f560] Compiler: c1, Barriers: 15, Oops: 1, ImmediateOops: 0, NonImmediateOops: No
[3,193s][debug][gc,nmethod     ] Register NMethod: io.sirix.page.PageKind$1.deserializePage (0x00007cb61424f588) [0x00007cb61424f680, 0x00007cb6142539c8] Compiler: c1, Barriers: 3, Oops: 3, ImmediateOops: 5, NonImmediateOops: No
[3,193s][debug][gc,nmethod     ] Register NMethod: io.brackit.query.expr.PathStepExpr.evaluate (0x00007cb614253a08) [0x00007cb614253b00, 0x00007cb614254938] Compiler: c1, Barriers: 16, Oops: 1, ImmediateOops: 0, NonImmediateOops: No
[3,193s][debug][gc,nmethod     ] Register NMethod: io.brackit.query.expr.PathStepExpr$PathStepSequence.iterate (0x00007cb614254988) [0x00007cb614254a80, 0x00007cb614255808] Compiler: c1, Barriers: 20, Oops: 1, ImmediateOops: 0, NonImmediateOops: No
[3,195s][debug][gc,nmethod     ] Register NMethod: io.sirix.page.PageKind$1.deserializePage (0x00007cb614255888) [0x00007cb614255980, 0x00007cb614259cb0] Compiler: c1, Barriers: 3, Oops: 3, ImmediateOops: 5, NonImmediateOops: No
[3,195s][debug][gc,nmethod     ] Register NMethod: io.brackit.query.node.d2linked.ElementD2Node.getKind (0x00007cb614259d08) [0x00007cb614259e00, 0x00007cb614259f08] Compiler: c1, Barriers: 0, Oops: 1, ImmediateOops: 1, NonImmediateOops: No
[3,196s][debug][gc,nmethod     ] Register NMethod: io.sirix.access.trx.node.AbstractNodeReadOnlyTrx.getFirstChildKey (0x00007cb61425a008) [0x00007cb61425a100, 0x00007cb61425a920] Compiler: c1, Barriers: 0, Oops: 1, ImmediateOops: 1, NonImmediateOops: No
[3,196s][debug][gc,nmethod     ] Register NMethod: java.io.PrintWriter.print (0x00007cb61425a988) [0x00007cb61425aa80, 0x00007cb61425b3a8] Compiler: c1, Barriers: 1, Oops: 0, ImmediateOops: 1, NonImmediateOops: No
[3,196s][debug][gc,nmethod     ] Register NMethod: io.sirix.query.node.XmlDBNode.getKind (0x00007cb61425b408) [0x00007cb61425b500, 0x00007cb61425c028] Compiler: c1, Barriers: 2, Oops: 2, ImmediateOops: 9, NonImmediateOops: No
[3,196s][debug][gc,nmethod     ] Register NMethod: io.sirix.query.compiler.translator.SirixTranslator.getAxis (0x00007cb61425c088) [0x00007cb61425c180, 0x00007cb614260a38] Compiler: c1, Barriers: 21, Oops: 2, ImmediateOops: 1, NonImmediateOops: No
[3,197s][debug][gc,nmethod     ] Register NMethod: io.sirix.query.compiler.translator.SirixTranslator$Child.performStep (0x00007cb614260a88) [0x00007cb614260b80, 0x00007cb614264df0] Compiler: c1, Barriers: 22, Oops: 1, ImmediateOops: 6, NonImmediateOops: No
[3,198s][debug][gc,nmethod     ] Register NMethod: com.github.benmanes.caffeine.cache.AbstractLinkedDeque.linkLast (0x00007cb614264e08) [0x00007cb614264f00, 0x00007cb614266320] Compiler: c1, Barriers: 7, Oops: 1, ImmediateOops: 0, NonImmediateOops: No
[3,198s][debug][gc,nmethod     ] Register NMethod: io.sirix.page.PageKind$1.deserializePage (0x00007cb614266388) [0x00007cb614266480, 0x00007cb61426a428] Compiler: c1, Barriers: 3, Oops: 3, ImmediateOops: 5, NonImmediateOops: No
[3,199s][debug][gc,nmethod     ] Register NMethod: io.sirix.node.xml.ElementNode.hasRightSibling (0x00007cb632ea3108) [0x00007cb632ea3200, 0x00007cb632ea3648] Compiler: jvmci, Barriers: 4, Oops: 3, ImmediateOops: 0, NonImmediateOops: No
[3,199s][debug][gc,director    ] Rule Major: Warmup 10%, Used: 632MB, UsedThreshold: 1228MB
[3,199s][debug][gc,director    ] Rule Minor: High Usage, Free: 11614MB(94,5%)
[3,200s][debug][gc,nmethod     ] Register NMethod: io.sirix.page.PageReference.equals (0x00007cb61426a488) [0x00007cb61426a580, 0x00007cb61426abd0] Compiler: c1, Barriers: 0, Oops: 1, ImmediateOops: 0, NonImmediateOops: No
[3,200s][debug][gc,nmethod     ] Register NMethod: net.jpountz.util.SafeUtils.readIntLE (0x00007cb632ea3688) [0x00007cb632ea3780, 0x00007cb632ea3898] Compiler: jvmci, Barriers: 0, Oops: 1, ImmediateOops: 0, NonImmediateOops: No
[3,201s][debug][gc,nmethod     ] Register NMethod: java.lang.StringConcatHelper.stringSize (0x00007cb61426ac08) [0x00007cb61426ad00, 0x00007cb61426af68] Compiler: c1, Barriers: 0, Oops: 0, ImmediateOops: 1, NonImmediateOops: No
[3,201s][debug][gc,nmethod     ] Register NMethod: java.lang.StringConcatHelper.prepend (0x00007cb61426af88) [0x00007cb61426b080, 0x00007cb61426bfa8] Compiler: c1, Barriers: 2, Oops: 0, ImmediateOops: 0, NonImmediateOops: No
[3,202s][debug][gc,nmethod     ] Register NMethod: com.esotericsoftware.kryo.io.Output.writeInt (0x00007cb61426c008) [0x00007cb61426c100, 0x00007cb61426c248] Compiler: c1, Barriers: 0, Oops: 1, ImmediateOops: 0, NonImmediateOops: No
[3,202s][debug][gc,nmethod     ] Register NMethod: org.gradle.internal.serialize.kryo.KryoBackedEncoder.writeSmallInt (0x00007cb61426c308) [0x00007cb61426c400, 0x00007cb61426c5e8] Compiler: c1, Barriers: 1, Oops: 1, ImmediateOops: 0, NonImmediateOops: No
[3,202s][debug][gc,nmethod     ] Register NMethod: java.util.concurrent.locks.AbstractQueuedSynchronizer$ConditionNode.isReleasable (0x00007cb61426c608) [0x00007cb61426c700, 0x00007cb61426cac8] Compiler: c1, Barriers: 1, Oops: 0, ImmediateOops: 0, NonImmediateOops: No
[3,202s][debug][gc,nmethod     ] Register NMethod: com.esotericsoftware.kryo.io.Output.writeVarInt (0x00007cb61426cb08) [0x00007cb61426cc00, 0x00007cb61426d478] Compiler: c1, Barriers: 5, Oops: 1, ImmediateOops: 0, NonImmediateOops: No
[3,202s][debug][gc,nmethod     ] Register NMethod: java.util.LinkedList.size (0x00007cb632ea3988) [0x00007cb632ea3a80, 0x00007cb632ea3b40] Compiler: c1, Barriers: 0, Oops: 0, ImmediateOops: 0, NonImmediateOops: No
[3,203s][debug][gc,nmethod     ] Register NMethod: com.github.benmanes.caffeine.cache.RemovalCause$1.wasEvicted (0x00007cb632ea3c88) [0x00007cb632ea3d80, 0x00007cb632ea3e40] Compiler: c1, Barriers: 0, Oops: 1, ImmediateOops: 0, NonImmediateOops: No
[3,203s][debug][gc,nmethod     ] Register NMethod: com.github.benmanes.caffeine.cache.AccessOrderDeque.getPrevious (0x00007cb61426d488) [0x00007cb61426d580, 0x00007cb61426d888] Compiler: c1, Barriers: 0, Oops: 1, ImmediateOops: 0, NonImmediateOops: No
[3,203s][debug][gc,nmethod     ] Register NMethod: java.util.ArrayList.isEmpty (0x00007cb632ea3f88) [0x00007cb632ea4080, 0x00007cb632ea4110] Compiler: jvmci, Barriers: 0, Oops: 0, ImmediateOops: 0, NonImmediateOops: No
[3,203s][debug][gc,nmethod     ] Register NMethod: com.github.benmanes.caffeine.cache.AccessOrderDeque.getPrevious (0x00007cb61426d908) [0x00007cb61426da00, 0x00007cb61426e140] Compiler: c1, Barriers: 0, Oops: 1, ImmediateOops: 0, NonImmediateOops: No
[3,203s][debug][gc,nmethod     ] Register NMethod: com.github.benmanes.caffeine.cache.AccessOrderDeque.getNext (0x00007cb61426e188) [0x00007cb61426e280, 0x00007cb61426e9c0] Compiler: c1, Barriers: 0, Oops: 1, ImmediateOops: 0, NonImmediateOops: No
[3,203s][debug][gc,nmethod     ] Register NMethod: com.github.benmanes.caffeine.cache.AccessOrderDeque.getNext (0x00007cb61426ea08) [0x00007cb61426eb00, 0x00007cb61426ee08] Compiler: c1, Barriers: 0, Oops: 1, ImmediateOops: 0, NonImmediateOops: No
[3,203s][debug][gc,nmethod     ] Register NMethod: java.util.concurrent.atomic.AtomicInteger.decrementAndGet (0x00007cb632ea4288) [0x00007cb632ea4380, 0x00007cb632ea4410] Compiler: jvmci, Barriers: 0, Oops: 0, ImmediateOops: 0, NonImmediateOops: No
[3,203s][debug][gc,nmethod     ] Register NMethod: java.util.HashMap.clear (0x00007cb61426ee88) [0x00007cb61426ef80, 0x00007cb61426f470] Compiler: c1, Barriers: 4, Oops: 0, ImmediateOops: 0, NonImmediateOops: No
[3,203s][debug][gc,nmethod     ] Register NMethod: org.junit.platform.engine.UniqueIdFormat$$Lambda/0x00000000261ab648.<init> (0x00007cb61426f488) [0x00007cb61426f580, 0x00007cb61426f758] Compiler: c1, Barriers: 3, Oops: 1, ImmediateOops: 0, NonImmediateOops: No
[3,203s][debug][gc,nmethod     ] Register NMethod: java.util.stream.ReduceOps.makeRef (0x00007cb632ea4588) [0x00007cb632ea4680, 0x00007cb632ea48e0] Compiler: jvmci, Barriers: 13, Oops: 0, ImmediateOops: 1, NonImmediateOops: No
[3,203s][debug][gc,nmethod     ] Register NMethod: com.github.benmanes.caffeine.cache.AbstractLinkedDeque.unlink (0x00007cb61426f788) [0x00007cb61426f880, 0x00007cb614272750] Compiler: c1, Barriers: 6, Oops: 1, ImmediateOops: 0, NonImmediateOops: No
[3,204s][debug][gc,nmethod     ] Register NMethod: java.lang.Long.hashCode (0x00007cb632ea4908) [0x00007cb632ea4a00, 0x00007cb632ea4a98] Compiler: jvmci, Barriers: 0, Oops: 0, ImmediateOops: 0, NonImmediateOops: No
[3,204s][debug][gc,nmethod     ] Register NMethod: org.junit.platform.engine.UniqueIdFormat.checkDoesNotContain (0x00007cb614272788) [0x00007cb614272880, 0x00007cb614273628] Compiler: c1, Barriers: 3, Oops: 3, ImmediateOops: 2, NonImmediateOops: No
[3,204s][debug][gc,nmethod     ] Register NMethod: java.lang.Long.toString (0x00007cb614273688) [0x00007cb614273780, 0x00007cb614273b00] Compiler: c1, Barriers: 3, Oops: 0, ImmediateOops: 0, NonImmediateOops: No
[3,204s][debug][gc,nmethod     ] Register NMethod: jdk.xml.internal.JdkXmlConfig.getJaxpConfig (0x00007cb632ea4c08) [0x00007cb632ea4d00, 0x00007cb632ea4de8] Compiler: c1, Barriers: 1, Oops: 0, ImmediateOops: 0, NonImmediateOops: No
[3,204s][debug][gc,nmethod     ] Register NMethod: java.util.concurrent.ForkJoinPool.runWorker (0x00007cb614273b08) [0x00007cb614273c00, 0x00007cb614275848] Compiler: c1, Barriers: 13, Oops: 1, ImmediateOops: 1, NonImmediateOops: No
[3,204s][debug][gc,nmethod     ] Register NMethod: org.slf4j.helpers.MessageFormatter.isEscapedDelimeter (0x00007cb614275888) [0x00007cb614275980, 0x00007cb614276358] Compiler: c1, Barriers: 2, Oops: 2, ImmediateOops: 2, NonImmediateOops: No
[3,205s][debug][gc,nmethod     ] Register NMethod: org.slf4j.helpers.MessageFormatter.safeObjectAppend (0x00007cb614276388) [0x00007cb614276480, 0x00007cb6142785e0] Compiler: c1, Barriers: 4, Oops: 4, ImmediateOops: 6, NonImmediateOops: No
[3,205s][debug][gc,nmethod     ] Register NMethod: java.text.StringBufFactory$StringBuilderImpl.append (0x00007cb614278608) [0x00007cb614278700, 0x00007cb614278aa0] Compiler: c1, Barriers: 1, Oops: 0, ImmediateOops: 0, NonImmediateOops: No
[3,205s][debug][gc,nmethod     ] Register NMethod: ch.qos.logback.core.pattern.FormattingConverter.write (0x00007cb614278b08) [0x00007cb614278c00, 0x00007cb61427ab70] Compiler: c1, Barriers: 2, Oops: 1, ImmediateOops: 0, NonImmediateOops: No
[3,205s][debug][gc,nmethod     ] Register NMethod: org.slf4j.helpers.MessageFormatter.deeplyAppendParameter (0x00007cb61427ab88) [0x00007cb61427ac80, 0x00007cb61427dc80] Compiler: c1, Barriers: 2, Oops: 2, ImmediateOops: 1, NonImmediateOops: No
[3,205s][debug][gc,nmethod     ] Register NMethod: java.lang.ref.WeakReference.<init> (0x00007cb61427dd08) [0x00007cb61427de00, 0x00007cb61427e138] Compiler: c1, Barriers: 6, Oops: 0, ImmediateOops: 1, NonImmediateOops: No
[3,206s][debug][gc,nmethod     ] Register NMethod: java.lang.Character.isHighSurrogate (0x00007cb632ea4f08) [0x00007cb632ea5000, 0x00007cb632ea5080] Compiler: jvmci, Barriers: 0, Oops: 0, ImmediateOops: 0, NonImmediateOops: No
[3,206s][debug][gc,nmethod     ] Register NMethod: java.lang.Long.toString (0x00007cb61427e188) [0x00007cb61427e280, 0x00007cb61427e3b8] Compiler: c1, Barriers: 0, Oops: 0, ImmediateOops: 0, NonImmediateOops: No
[3,206s][debug][gc,nmethod     ] Register NMethod: java.nio.MappedByteBuffer.flip (0x00007cb61427e488) [0x00007cb61427e580, 0x00007cb61427e758] Compiler: c1, Barriers: 0, Oops: 0, ImmediateOops: 0, NonImmediateOops: No
[3,206s][debug][gc,nmethod     ] Register NMethod: org.gradle.internal.serialize.kryo.KryoBackedEncoder.writeLong (0x00007cb61427e788) [0x00007cb61427e880, 0x00007cb61427ea08] Compiler: c1, Barriers: 1, Oops: 1, ImmediateOops: 0, NonImmediateOops: No
[3,207s][debug][gc,nmethod     ] Register NMethod: com.esotericsoftware.kryo.io.Output.writeLong (0x00007cb61427ea88) [0x00007cb61427eb80, 0x00007cb61427eec8] Compiler: c1, Barriers: 1, Oops: 1, ImmediateOops: 0, NonImmediateOops: No
[3,207s][debug][gc,nmethod     ] Register NMethod: java.lang.ThreadLocal.get (0x00007cb61427ef08) [0x00007cb61427f000, 0x00007cb61427f180] Compiler: c1, Barriers: 1, Oops: 0, ImmediateOops: 0, NonImmediateOops: No
[3,207s][debug][gc,nmethod     ] Register NMethod: java.lang.ThreadLocal$ThreadLocalMap.set (0x00007cb61427f208) [0x00007cb61427f300, 0x00007cb614280780] Compiler: c1, Barriers: 12, Oops: 0, ImmediateOops: 0, NonImmediateOops: No
[3,208s][debug][gc,nmethod     ] Register NMethod: sun.nio.fs.UnixNativeDispatcher.readdir0 (0x00007cb632ea5208) [0x00007cb632ea5300, 0x00007cb632ea5628] Compiler: , Barriers: 0, Oops: 0, ImmediateOops: 1, NonImmediateOops: No
[3,208s][debug][gc,nmethod     ] Register NMethod: java.util.concurrent.locks.AbstractQueuedLongSynchronizer.compareAndSetState (0x00007cb614280788) [0x00007cb614280880, 0x00007cb6142809a0] Compiler: c1, Barriers: 0, Oops: 0, ImmediateOops: 0, NonImmediateOops: No
[3,208s][debug][gc,nmethod     ] Register NMethod: sun.nio.fs.UnixDirectoryStream.readLock (0x00007cb614280a88) [0x00007cb614280b80, 0x00007cb614280d10] Compiler: c1, Barriers: 2, Oops: 0, ImmediateOops: 0, NonImmediateOops: No
[3,208s][debug][gc,nmethod     ] Register NMethod: com.google.gson.stream.JsonReader.nextName (0x00007cb614280d88) [0x00007cb614280e80, 0x00007cb614282830] Compiler: c1, Barriers: 4, Oops: 2, ImmediateOops: 3, NonImmediateOops: No
[3,209s][debug][gc,nmethod     ] Register NMethod: sun.nio.cs.StreamEncoder.write (0x00007cb614282888) [0x00007cb614282980, 0x00007cb614282d18] Compiler: c1, Barriers: 0, Oops: 0, ImmediateOops: 0, NonImmediateOops: No
[3,209s][debug][gc,nmethod     ] Register NMethod: java.io.OutputStreamWriter.write (0x00007cb614282d88) [0x00007cb614282e80, 0x00007cb6142831b0] Compiler: c1, Barriers: 1, Oops: 0, ImmediateOops: 0, NonImmediateOops: No
[3,209s][debug][gc,director    ] Rule Major: Warmup 10%, Used: 632MB, UsedThreshold: 1228MB
[3,210s][debug][gc,director    ] Rule Minor: High Usage, Free: 11614MB(94,5%)
[3,210s][debug][gc,nmethod     ] Register NMethod: sun.nio.cs.StreamEncoder.write (0x00007cb614283208) [0x00007cb614283300, 0x00007cb614283998] Compiler: c1, Barriers: 0, Oops: 0, ImmediateOops: 0, NonImmediateOops: No
[3,210s][debug][gc,nmethod     ] Register NMethod: io.sirix.access.DatabaseConfiguration$DatabasePaths.getFile (0x00007cb632ea5688) [0x00007cb632ea5780, 0x00007cb632ea5868] Compiler: c1, Barriers: 1, Oops: 1, ImmediateOops: 0, NonImmediateOops: No
[3,211s][debug][gc,nmethod     ] Register NMethod: sun.nio.fs.UnixPath.toString (0x00007cb614283a08) [0x00007cb614283b00, 0x00007cb614284078] Compiler: c1, Barriers: 6, Oops: 0, ImmediateOops: 1, NonImmediateOops: No
[3,211s][debug][gc,nmethod     ] Register NMethod: java.lang.invoke.DirectMethodHandle.internalMemberName (0x00007cb632ea5988) [0x00007cb632ea5a80, 0x00007cb632ea5b78] Compiler: jvmci, Barriers: 1, Oops: 0, ImmediateOops: 0, NonImmediateOops: No
[3,213s][debug][gc,nmethod     ] Register NMethod: java.util.concurrent.ForkJoinPool.runWorker (0x00007cb614284088) [0x00007cb614284180, 0x00007cb614285ec0] Compiler: c1, Barriers: 13, Oops: 1, ImmediateOops: 1, NonImmediateOops: No
[3,213s][debug][gc,nmethod     ] Register NMethod: net.jpountz.lz4.LZ4BlockOutputStream.writeIntLE (0x00007cb632ea5c88) [0x00007cb632ea5d80, 0x00007cb632ea5e98] Compiler: jvmci, Barriers: 0, Oops: 1, ImmediateOops: 0, NonImmediateOops: No
[3,214s][debug][gc,nmethod     ] Register NMethod: java.util.concurrent.ForkJoinPool.runWorker (0x00007cb614285f08) [0x00007cb614286000, 0x00007cb614287b10] Compiler: c1, Barriers: 13, Oops: 1, ImmediateOops: 1, NonImmediateOops: No
[3,215s][debug][gc,nmethod     ] Register NMethod: jdk.internal.misc.Blocker.begin (0x00007cb614287b88) [0x00007cb614287c80, 0x00007cb614287dd8] Compiler: c1, Barriers: 0, Oops: 0, ImmediateOops: 0, NonImmediateOops: No
[3,217s][debug][gc,nmethod     ] Register NMethod: io.sirix.page.PageReference.getDatabaseId (0x00007cb632ea5f88) [0x00007cb632ea6080, 0x00007cb632ea6140] Compiler: c1, Barriers: 0, Oops: 1, ImmediateOops: 0, NonImmediateOops: No
[3,217s][debug][gc,nmethod     ] Register NMethod: io.sirix.page.PageReference.getResourceId (0x00007cb632ea6288) [0x00007cb632ea6380, 0x00007cb632ea6440] Compiler: c1, Barriers: 0, Oops: 1, ImmediateOops: 0, NonImmediateOops: No
[3,217s][debug][gc,nmethod     ] Register NMethod: com.github.benmanes.caffeine.cache.LocalCache.compute (0x00007cb614287e88) [0x00007cb614287f80, 0x00007cb6142884b0] Compiler: c1, Barriers: 0, Oops: 1, ImmediateOops: 0, NonImmediateOops: No
[3,217s][debug][gc,nmethod     ] Register NMethod: com.github.benmanes.caffeine.cache.NodeFactory.newReferenceKey (0x00007cb614288508) [0x00007cb614288600, 0x00007cb614288700] Compiler: c1, Barriers: 0, Oops: 1, ImmediateOops: 0, NonImmediateOops: No
[3,217s][debug][gc,nmethod     ] Register NMethod: java.util.concurrent.ForkJoinTask.setNoUserHelp (0x00007cb614288808) [0x00007cb614288900, 0x00007cb614288a10] Compiler: c1, Barriers: 0, Oops: 0, ImmediateOops: 0, NonImmediateOops: No
[3,218s][debug][gc,nmethod     ] Register NMethod: java.nio.HeapByteBuffer.<init> (0x00007cb614288b08) [0x00007cb614288c00, 0x00007cb614288d88] Compiler: c1, Barriers: 0, Oops: 0, ImmediateOops: 0, NonImmediateOops: No
[3,218s][debug][gc,nmethod     ] Register NMethod: java.nio.HeapByteBuffer.slice (0x00007cb614288e08) [0x00007cb614288f00, 0x00007cb614289528] Compiler: c1, Barriers: 2, Oops: 0, ImmediateOops: 0, NonImmediateOops: No
[3,218s][debug][gc,nmethod     ] Register NMethod: com.github.benmanes.caffeine.cache.BoundedLocalCache.compute (0x00007cb614289588) [0x00007cb614289680, 0x00007cb61428acc0] Compiler: c1, Barriers: 1, Oops: 4, ImmediateOops: 4, NonImmediateOops: No
[3,218s][debug][gc,nmethod     ] Register NMethod: java.util.LinkedHashMap.clear (0x00007cb61428ad08) [0x00007cb61428ae00, 0x00007cb61428b048] Compiler: c1, Barriers: 6, Oops: 0, ImmediateOops: 0, NonImmediateOops: No
[3,219s][debug][gc,nmethod     ] Register NMethod: jdk.internal.misc.Unsafe.setMemory0 (0x00007cb632ea6588) [0x00007cb632ea6680, 0x00007cb632ea67d8] Compiler: , Barriers: 0, Oops: 0, ImmediateOops: 0, NonImmediateOops: No
[3,219s][debug][gc,nmethod     ] Register NMethod: com.sun.org.apache.xerces.internal.util.PropertyState.isExceptional (0x00007cb61428b088) [0x00007cb61428b180, 0x00007cb61428b498] Compiler: c1, Barriers: 1, Oops: 0, ImmediateOops: 0, NonImmediateOops: No
[3,219s][debug][gc,nmethod     ] Register NMethod: jdk.xml.internal.XMLSecurityManager$Limit.is (0x00007cb61428b508) [0x00007cb61428b600, 0x00007cb61428bc10] Compiler: c1, Barriers: 2, Oops: 0, ImmediateOops: 0, NonImmediateOops: No
[3,220s][debug][gc,director    ] Rule Major: Warmup 10%, Used: 636MB, UsedThreshold: 1228MB
[3,220s][debug][gc,nmethod     ] Register NMethod: com.github.benmanes.caffeine.cache.AccessOrderDeque.remove (0x00007cb61428bc88) [0x00007cb61428bd80, 0x00007cb61428c7e0] Compiler: c1, Barriers: 1, Oops: 1, ImmediateOops: 0, NonImmediateOops: No
[3,220s][debug][gc,director    ] Rule Minor: High Usage, Free: 11610MB(94,5%)
[3,220s][debug][gc,nmethod     ] Register NMethod: com.github.benmanes.caffeine.cache.BoundedLocalCache.requireIsAlive (0x00007cb61428c808) [0x00007cb61428c900, 0x00007cb61428e3c0] Compiler: c1, Barriers: 1, Oops: 7, ImmediateOops: 10, NonImmediateOops: No
[3,220s][debug][gc,nmethod     ] Register NMethod: it.unimi.dsi.fastutil.HashCommon.arraySize (0x00007cb61428e408) [0x00007cb61428e500, 0x00007cb61428faa0] Compiler: c1, Barriers: 0, Oops: 4, ImmediateOops: 4, NonImmediateOops: No
[3,227s][debug][gc,nmethod     ] Register NMethod: java.util.stream.ReferencePipeline.collect (0x00007cb632ea6888) [0x00007cb632ea6980, 0x00007cb632ea7950] Compiler: jvmci, Barriers: 38, Oops: 2, ImmediateOops: 3, NonImmediateOops: No
[3,228s][debug][gc,nmethod     ] Register NMethod: io.sirix.page.PageReference.setLogKey (0x00007cb61428fb08) [0x00007cb61428fc00, 0x00007cb61428fd10] Compiler: c1, Barriers: 0, Oops: 1, ImmediateOops: 0, NonImmediateOops: No
[3,230s][debug][gc,director    ] Rule Major: Warmup 10%, Used: 642MB, UsedThreshold: 1228MB
[3,230s][debug][gc,director    ] Rule Minor: High Usage, Free: 11604MB(94,4%)
[3,237s][debug][gc,nmethod     ] Register NMethod: jdk.internal.ref.CleanerImpl$CleanableList.insert (0x00007cb632ea7988) [0x00007cb632ea7a80, 0x00007cb632ea8178] Compiler: jvmci, Barriers: 22, Oops: 0, ImmediateOops: 0, NonImmediateOops: No
[3,240s][debug][gc,director    ] Rule Major: Warmup 10%, Used: 648MB, UsedThreshold: 1228MB
[3,240s][debug][gc,director    ] Rule Minor: High Usage, Free: 11598MB(94,4%)
[3,241s][debug][gc,nmethod     ] Register NMethod: io.sirix.access.trx.page.NodePageReadOnlyTrx.getPathSummaryPage (0x00007cb632ea8188) [0x00007cb632ea8280, 0x00007cb632ea9350] Compiler: jvmci, Barriers: 32, Oops: 3, ImmediateOops: 0, NonImmediateOops: No
[3,242s][debug][gc,nmethod     ] Register NMethod: com.sun.org.apache.xerces.internal.xni.XMLString.append (0x00007cb632ea9388) [0x00007cb632ea9480, 0x00007cb632ea9af0] Compiler: jvmci, Barriers: 4, Oops: 0, ImmediateOops: 0, NonImmediateOops: No
[3,247s][debug][gc,nmethod     ] Register NMethod: com.sun.org.apache.xerces.internal.parsers.AbstractSAXParser$AttributesProxy.getQName (0x00007cb632ea9b08) [0x00007cb632ea9c00, 0x00007cb632ea9e98] Compiler: jvmci, Barriers: 5, Oops: 0, ImmediateOops: 0, NonImmediateOops: No
[3,249s][debug][gc,nmethod     ] Register NMethod: com.sun.org.apache.xerces.internal.util.XMLAttributesImpl.getQName (0x00007cb632ea9f08) [0x00007cb632eaa000, 0x00007cb632eaa228] Compiler: jvmci, Barriers: 4, Oops: 0, ImmediateOops: 0, NonImmediateOops: No
[3,249s][debug][gc,nmethod     ] Register NMethod: io.sirix.page.PageKind$1.serializePage (0x00007cb632eaa288) [0x00007cb632eaa380, 0x00007cb632eb0958] Compiler: jvmci, Barriers: 97, Oops: 14, ImmediateOops: 4, NonImmediateOops: No
[3,250s][debug][gc,director    ] Rule Major: Warmup 10%, Used: 652MB, UsedThreshold: 1228MB
[3,250s][debug][gc,director    ] Rule Minor: High Usage, Free: 11594MB(94,4%)
[3,250s][debug][gc,nmethod     ] Register NMethod: sun.nio.cs.StreamDecoder.inReady (0x00007cb61428fe08) [0x00007cb61428ff00, 0x00007cb614290568] Compiler: c1, Barriers: 2, Oops: 0, ImmediateOops: 0, NonImmediateOops: No
[3,252s][debug][gc,nmethod     ] Register NMethod: io.sirix.cache.RecordPageFragmentCache.remove (0x00007cb614290588) [0x00007cb614290680, 0x00007cb6142909c0] Compiler: c1, Barriers: 1, Oops: 1, ImmediateOops: 0, NonImmediateOops: No
[3,253s][debug][gc,nmethod     ] Register NMethod: io.sirix.cache.RecordPageFragmentCache.remove (0x00007cb614290a08) [0x00007cb614290b00, 0x00007cb614291260] Compiler: c1, Barriers: 1, Oops: 1, ImmediateOops: 0, NonImmediateOops: No
[3,257s][debug][gc,nmethod     ] Register NMethod: com.sun.org.apache.xerces.internal.parsers.AbstractSAXParser$AttributesProxy.getValue (0x00007cb632eb0a08) [0x00007cb632eb0b00, 0x00007cb632eb1470] Compiler: jvmci, Barriers: 16, Oops: 1, ImmediateOops: 0, NonImmediateOops: No
[3,260s][debug][gc,director    ] Rule Major: Warmup 10%, Used: 656MB, UsedThreshold: 1228MB
[3,260s][debug][gc,director    ] Rule Minor: High Usage, Free: 11590MB(94,3%)
[3,266s][debug][gc,nmethod     ] Register NMethod: io.sirix.page.KeyValueLeafPage.addReferences (0x00007cb632eb1488) [0x00007cb632eb1580, 0x00007cb632eb5550] Compiler: jvmci, Barriers: 48, Oops: 5, ImmediateOops: 3, NonImmediateOops: No
[3,270s][debug][gc,director    ] Rule Major: Warmup 10%, Used: 660MB, UsedThreshold: 1228MB
[3,270s][debug][gc,director    ] Rule Minor: High Usage, Free: 11586MB(94,3%)
[3,281s][debug][gc,director    ] Rule Major: Warmup 10%, Used: 668MB, UsedThreshold: 1228MB
[3,281s][debug][gc,director    ] Rule Minor: High Usage, Free: 11578MB(94,2%)
[3,286s][debug][gc,nmethod     ] Register NMethod: io.sirix.node.delegates.StructNodeDelegate.incrementChildCount (0x00007cb632eb5588) [0x00007cb632eb5680, 0x00007cb632eb5708] Compiler: jvmci, Barriers: 0, Oops: 1, ImmediateOops: 0, NonImmediateOops: No
[3,291s][debug][gc,director    ] Rule Major: Warmup 10%, Used: 676MB, UsedThreshold: 1228MB
[3,291s][debug][gc,director    ] Rule Minor: High Usage, Free: 11570MB(94,2%)
[3,301s][debug][gc,nmethod     ] Register NMethod: io.sirix.node.NullNode.<init> (0x00007cb632eb5888) [0x00007cb632eb5980, 0x00007cb632eb5ac8] Compiler: jvmci, Barriers: 3, Oops: 1, ImmediateOops: 0, NonImmediateOops: No
[3,301s][debug][gc,director    ] Rule Major: Warmup 10%, Used: 686MB, UsedThreshold: 1228MB
[3,301s][debug][gc,director    ] Rule Minor: High Usage, Free: 11560MB(94,1%)
[3,304s][debug][gc,nmethod     ] Register NMethod: io.sirix.cache.PageCache.remove (0x00007cb614291288) [0x00007cb614291380, 0x00007cb6142916c0] Compiler: c1, Barriers: 1, Oops: 1, ImmediateOops: 0, NonImmediateOops: No
[3,306s][debug][gc,nmethod     ] Register NMethod: com.sun.org.apache.xerces.internal.impl.XMLDocumentFragmentScannerImpl.scanDocument (0x00007cb632eb5b88) [0x00007cb632eb5c80, 0x00007cb632ec65b8] Compiler: jvmci, Barriers: 408, Oops: 6, ImmediateOops: 11, NonImmediateOops: No
[3,310s][debug][gc,nmethod     ] Register NMethod: com.sun.org.apache.xerces.internal.impl.XMLEntityScanner.skipString (0x00007cb614291708) [0x00007cb614291800, 0x00007cb614292920] Compiler: c1, Barriers: 6, Oops: 1, ImmediateOops: 2, NonImmediateOops: No
[3,311s][debug][gc,director    ] Rule Major: Warmup 10%, Used: 694MB, UsedThreshold: 1228MB
[3,311s][debug][gc,director    ] Rule Minor: High Usage, Free: 11552MB(94,0%)
[3,312s][debug][gc,nmethod     ] Register NMethod: io.sirix.page.KeyValueLeafPage.processEntries (0x00007cb632ec6608) [0x00007cb632ec6700, 0x00007cb632ecca30] Compiler: jvmci, Barriers: 148, Oops: 13, ImmediateOops: 8, NonImmediateOops: No
[3,315s][debug][gc,nmethod     ] Register NMethod: io.sirix.cache.PageContainer.<init> (0x00007cb614292988) [0x00007cb614292a80, 0x00007cb614292cc8] Compiler: c1, Barriers: 6, Oops: 1, ImmediateOops: 0, NonImmediateOops: No
[3,317s][debug][gc,nmethod     ] Register NMethod: io.sirix.cache.RecordPageCache.remove (0x00007cb614292d08) [0x00007cb614292e00, 0x00007cb614293140] Compiler: c1, Barriers: 1, Oops: 1, ImmediateOops: 0, NonImmediateOops: No
[3,317s][debug][gc,nmethod     ] Register NMethod: io.sirix.cache.RecordPageCache.remove (0x00007cb614293188) [0x00007cb614293280, 0x00007cb6142939e0] Compiler: c1, Barriers: 1, Oops: 1, ImmediateOops: 0, NonImmediateOops: No
[3,317s][debug][gc,nmethod     ] Register NMethod: io.sirix.cache.PageContainer.getInstance (0x00007cb614293a08) [0x00007cb614293b00, 0x00007cb614294000] Compiler: c1, Barriers: 6, Oops: 1, ImmediateOops: 0, NonImmediateOops: No
[3,317s][debug][gc,nmethod     ] Register NMethod: io.sirix.cache.PageCache.remove (0x00007cb614294088) [0x00007cb614294180, 0x00007cb6142948e0] Compiler: c1, Barriers: 1, Oops: 1, ImmediateOops: 0, NonImmediateOops: No
[3,317s][debug][gc,nmethod     ] Register NMethod: io.sirix.cache.TransactionIntentLog.put (0x00007cb614294908) [0x00007cb614294a00, 0x00007cb614298008] Compiler: c1, Barriers: 17, Oops: 1, ImmediateOops: 0, NonImmediateOops: No
[3,319s][debug][gc,nmethod     ] Register NMethod: io.sirix.service.xml.shredder.AbstractShredder.processEndTag (0x00007cb632eccb08) [0x00007cb632eccc00, 0x00007cb632ecd8f8] Compiler: jvmci, Barriers: 21, Oops: 2, ImmediateOops: 1, NonImmediateOops: No
[3,320s][debug][gc,alloc       ] Mutator Allocation Rate: 334,7MB/s Predicted: 353,0MB/s, Avg: 296,8(+/-48,5)MB/s
[3,320s][debug][gc,director    ] Rule Major: Warmup 10%, Used: 704MB, UsedThreshold: 1228MB
[3,320s][debug][gc,director    ] Rule Minor: High Usage, Free: 11542MB(93,9%)
[3,326s][debug][gc,nmethod     ] Register NMethod: io.sirix.node.HashCountEntryNode.getKind (0x00007cb614298088) [0x00007cb614298180, 0x00007cb6142984a0] Compiler: c1, Barriers: 0, Oops: 1, ImmediateOops: 1, NonImmediateOops: No
[3,326s][debug][gc,nmethod     ] Register NMethod: io.sirix.node.HashCountEntryNode.getKind (0x00007cb614298508) [0x00007cb614298600, 0x00007cb614298708] Compiler: c1, Barriers: 0, Oops: 1, ImmediateOops: 1, NonImmediateOops: No
[3,326s][debug][gc,nmethod     ] Register NMethod: io.sirix.node.MemorySegmentBytesOut.writeUtf8 (0x00007cb614298808) [0x00007cb614298900, 0x00007cb614299280] Compiler: c1, Barriers: 4, Oops: 2, ImmediateOops: 1, NonImmediateOops: No
[3,327s][debug][gc,nmethod     ] Register NMethod: io.sirix.node.NodeKind$32.serialize (0x00007cb614299308) [0x00007cb614299400, 0x00007cb614299a00] Compiler: c1, Barriers: 1, Oops: 1, ImmediateOops: 0, NonImmediateOops: No
[3,334s][debug][gc,nmethod     ] Register NMethod: io.sirix.node.NodeKind$31.serialize (0x00007cb614299a88) [0x00007cb614299b80, 0x00007cb61429a410] Compiler: c1, Barriers: 2, Oops: 1, ImmediateOops: 0, NonImmediateOops: No
[3,334s][debug][gc,director    ] Rule Major: Warmup 10%, Used: 732MB, UsedThreshold: 1228MB
[3,334s][debug][gc,director    ] Rule Minor: High Usage, Free: 11514MB(93,7%)
[3,334s][debug][gc,nmethod     ] Register NMethod: sun.security.provider.DigestBase.engineUpdate (0x00007cb61429a488) [0x00007cb61429a580, 0x00007cb61429b428] Compiler: c1, Barriers: 4, Oops: 1, ImmediateOops: 1, NonImmediateOops: No
[3,335s][debug][gc,nmethod     ] Register NMethod: io.sirix.node.xml.AttributeNode.getKind (0x00007cb632ecd988) [0x00007cb632ecda80, 0x00007cb632ecdb10] Compiler: jvmci, Barriers: 0, Oops: 1, ImmediateOops: 1, NonImmediateOops: No
[3,335s][debug][gc,nmethod     ] Register NMethod: io.sirix.node.Bytes.elasticOffHeapByteBuffer (0x00007cb61429b488) [0x00007cb61429b580, 0x00007cb61429c388] Compiler: c1, Barriers: 9, Oops: 2, ImmediateOops: 1, NonImmediateOops: No
[3,335s][debug][gc,nmethod     ] Register NMethod: java.util.stream.AbstractPipeline.exactOutputSizeIfKnown (0x00007cb61429c408) [0x00007cb61429c500, 0x00007cb61429d518] Compiler: c1, Barriers: 3, Oops: 2, ImmediateOops: 2, NonImmediateOops: No
[3,336s][debug][gc,nmethod     ] Register NMethod: io.sirix.node.MemorySegmentBytesIn.toByteArray (0x00007cb61429d588) [0x00007cb61429d680, 0x00007cb6142a44d0] Compiler: c1, Barriers: 7, Oops: 9, ImmediateOops: 16, NonImmediateOops: No
[3,337s][debug][gc,nmethod     ] Register NMethod: java.nio.HeapByteBuffer.put (0x00007cb6142a4588) [0x00007cb6142a4680, 0x00007cb6142a4b38] Compiler: c1, Barriers: 1, Oops: 0, ImmediateOops: 0, NonImmediateOops: No
[3,338s][debug][gc,nmethod     ] Register NMethod: io.sirix.page.PageKind$1.serializePage (0x00007cb6142a4b88) [0x00007cb6142a4c80, 0x00007cb6142b2798] Compiler: c1, Barriers: 65, Oops: 7, ImmediateOops: 10, NonImmediateOops: No
[3,338s][debug][gc,nmethod     ] Register NMethod: sun.security.provider.DigestBase.implCompressMultiBlock0 (0x00007cb632ecdc88) [0x00007cb632ecdd80, 0x00007cb632ecdf60] Compiler: jvmci, Barriers: 1, Oops: 0, ImmediateOops: 0, NonImmediateOops: No
[3,338s][debug][gc,nmethod     ] Register NMethod: jdk.internal.foreign.MemorySessionImpl$ResourceList.cleanup (0x00007cb632ecdf88) [0x00007cb632ece080, 0x00007cb632ece838] Compiler: jvmci, Barriers: 7, Oops: 1, ImmediateOops: 2, NonImmediateOops: No
[3,338s][debug][gc,nmethod     ] Register NMethod: java.io.DataOutputStream.flush (0x00007cb6142b2808) [0x00007cb6142b2900, 0x00007cb6142b2c40] Compiler: c1, Barriers: 1, Oops: 0, ImmediateOops: 0, NonImmediateOops: No
[3,338s][debug][gc,nmethod     ] Register NMethod: java.lang.Integer.numberOfLeadingZeros (0x00007cb632ece888) [0x00007cb632ece980, 0x00007cb632ecea80] Compiler: jvmci, Barriers: 0, Oops: 0, ImmediateOops: 0, NonImmediateOops: No
[3,339s][debug][gc,nmethod     ] Register NMethod: net.jpountz.lz4.LZ4BlockOutputStream.flushBufferedData (0x00007cb6142b2c88) [0x00007cb6142b2d80, 0x00007cb6142b3e20] Compiler: c1, Barriers: 14, Oops: 1, ImmediateOops: 0, NonImmediateOops: No
[3,340s][debug][gc,nmethod     ] Register NMethod: io.sirix.page.SerializationType.serializeBitSet (0x00007cb6142b3e88) [0x00007cb6142b3f80, 0x00007cb6142b4348] Compiler: c1, Barriers: 2, Oops: 1, ImmediateOops: 0, NonImmediateOops: No
[3,344s][debug][gc,nmethod     ] Register NMethod: sun.nio.ch.IOStatus.normalize (0x00007cb6142b4388) [0x00007cb6142b4480, 0x00007cb6142b45c0] Compiler: c1, Barriers: 0, Oops: 0, ImmediateOops: 0, NonImmediateOops: No
[3,344s][debug][gc,director    ] Rule Major: Warmup 10%, Used: 762MB, UsedThreshold: 1228MB
[3,344s][debug][gc,director    ] Rule Minor: High Usage, Free: 11484MB(93,5%)
[3,344s][debug][gc,nmethod     ] Register NMethod: sun.nio.ch.FileChannelImpl.size (0x00007cb6142b4688) [0x00007cb6142b4780, 0x00007cb6142b6538] Compiler: c1, Barriers: 6, Oops: 0, ImmediateOops: 1, NonImmediateOops: No
[3,347s][debug][gc,nmethod     ] Register NMethod: io.sirix.page.delegates.ReferencesPage4.getReferences (0x00007cb632eceb88) [0x00007cb632ecec80, 0x00007cb632eced68] Compiler: c1, Barriers: 1, Oops: 1, ImmediateOops: 0, NonImmediateOops: No
[3,347s][debug][gc,nmethod     ] Register NMethod: com.github.benmanes.caffeine.cache.UnboundedLocalCache$UnboundedLocalAsyncCache.cache (0x00007cb632ecee88) [0x00007cb632ecef80, 0x00007cb632ecf068] Compiler: c1, Barriers: 1, Oops: 1, ImmediateOops: 0, NonImmediateOops: No
[3,347s][debug][gc,nmethod     ] Register NMethod: java.security.MessageDigestSpi.<init> (0x00007cb6142b6588) [0x00007cb6142b6680, 0x00007cb6142b67d8] Compiler: c1, Barriers: 0, Oops: 0, ImmediateOops: 0, NonImmediateOops: No
[3,347s][debug][gc,nmethod     ] Register NMethod: java.security.MessageDigest$Delegate.engineDigest (0x00007cb6142b6888) [0x00007cb6142b6980, 0x00007cb6142b6cc0] Compiler: c1, Barriers: 1, Oops: 0, ImmediateOops: 0, NonImmediateOops: No
[3,347s][debug][gc,nmethod     ] Register NMethod: sun.security.provider.DigestBase.engineDigest (0x00007cb6142b6d08) [0x00007cb6142b6e00, 0x00007cb6142b7248] Compiler: c1, Barriers: 0, Oops: 0, ImmediateOops: 1, NonImmediateOops: No
[3,347s][debug][gc,nmethod     ] Register NMethod: java.security.MessageDigest$Delegate.engineUpdate (0x00007cb6142b7288) [0x00007cb6142b7380, 0x00007cb6142b76c0] Compiler: c1, Barriers: 1, Oops: 0, ImmediateOops: 0, NonImmediateOops: No
[3,348s][debug][gc,nmethod     ] Register NMethod: sun.security.provider.ByteArrayAccess.i2bBig (0x00007cb6142b7708) [0x00007cb6142b7800, 0x00007cb6142b8460] Compiler: c1, Barriers: 0, Oops: 5, ImmediateOops: 5, NonImmediateOops: No
[3,348s][debug][gc,nmethod     ] Register NMethod: sun.security.provider.DigestBase.engineDigest (0x00007cb6142b8508) [0x00007cb6142b8600, 0x00007cb6142ba2a0] Compiler: c1, Barriers: 2, Oops: 3, ImmediateOops: 5, NonImmediateOops: No
[3,354s][debug][gc,director    ] Rule Major: Warmup 10%, Used: 764MB, UsedThreshold: 1228MB
[3,354s][debug][gc,director    ] Rule Minor: High Usage, Free: 11482MB(93,4%)
[3,361s][debug][gc,nmethod     ] Register NMethod: java.nio.DirectByteBuffer.attachment (0x00007cb632ecf188) [0x00007cb632ecf280, 0x00007cb632ecf368] Compiler: c1, Barriers: 1, Oops: 0, ImmediateOops: 0, NonImmediateOops: No
[3,361s][debug][gc,nmethod     ] Register NMethod: ch.qos.logback.classic.Logger.appendLoopOnAppenders (0x00007cb6142ba308) [0x00007cb6142ba400, 0x00007cb6142ba5e0] Compiler: c1, Barriers: 1, Oops: 1, ImmediateOops: 0, NonImmediateOops: No
[3,362s][debug][gc,nmethod     ] Register NMethod: com.esotericsoftware.kryo.io.Output.writeString (0x00007cb6142ba608) [0x00007cb6142ba700, 0x00007cb6142bafc0] Compiler: c1, Barriers: 1, Oops: 1, ImmediateOops: 0, NonImmediateOops: No
[3,364s][debug][gc,director    ] Rule Major: Warmup 10%, Used: 764MB, UsedThreshold: 1228MB
[3,364s][debug][gc,director    ] Rule Minor: High Usage, Free: 11482MB(93,4%)
[3,365s][debug][gc,nmethod     ] Register NMethod: io.sirix.access.ResourceConfiguration.getDatabaseId (0x00007cb6142bb008) [0x00007cb6142bb100, 0x00007cb6142bb458] Compiler: c1, Barriers: 1, Oops: 1, ImmediateOops: 0, NonImmediateOops: No
[3,367s][debug][gc,nmethod     ] Register NMethod: com.github.benmanes.caffeine.cache.NodeFactory.newLookupKey (0x00007cb632ecf488) [0x00007cb632ecf580, 0x00007cb632ecf608] Compiler: jvmci, Barriers: 0, Oops: 1, ImmediateOops: 0, NonImmediateOops: No
[3,367s][debug][gc,nmethod     ] Register NMethod: sun.nio.ch.IOUtil.read (0x00007cb6142bb488) [0x00007cb6142bb580, 0x00007cb6142bc508] Compiler: c1, Barriers: 0, Oops: 0, ImmediateOops: 1, NonImmediateOops: No
[3,367s][debug][gc,nmethod     ] Register NMethod: sun.nio.ch.IOUtil.readIntoNativeBuffer (0x00007cb6142bc588) [0x00007cb6142bc680, 0x00007cb6142bed38] Compiler: c1, Barriers: 4, Oops: 0, ImmediateOops: 4, NonImmediateOops: No
[3,367s][debug][gc,nmethod     ] Register NMethod: io.sirix.page.KeyValueLeafPage.getRevision (0x00007cb632ecf788) [0x00007cb632ecf880, 0x00007cb632ecf940] Compiler: c1, Barriers: 0, Oops: 1, ImmediateOops: 0, NonImmediateOops: No
[3,368s][debug][gc,nmethod     ] Register NMethod: sun.nio.ch.IOUtil.read (0x00007cb6142bed88) [0x00007cb6142bee80, 0x00007cb6142befa8] Compiler: c1, Barriers: 0, Oops: 0, ImmediateOops: 0, NonImmediateOops: No
[3,368s][debug][gc,nmethod     ] Register NMethod: java.nio.MappedByteBuffer.flip (0x00007cb6142bf088) [0x00007cb6142bf180, 0x00007cb6142bf570] Compiler: c1, Barriers: 0, Oops: 0, ImmediateOops: 0, NonImmediateOops: No
[3,368s][debug][gc,nmethod     ] Register NMethod: com.github.benmanes.caffeine.cache.SSLMW.hitsInSample (0x00007cb632ecfa88) [0x00007cb632ecfb80, 0x00007cb632ecfc40] Compiler: c1, Barriers: 0, Oops: 1, ImmediateOops: 0, NonImmediateOops: No
[3,368s][debug][gc,nmethod     ] Register NMethod: com.github.benmanes.caffeine.cache.AbstractLinkedDeque.offerLast (0x00007cb6142bf588) [0x00007cb6142bf680, 0x00007cb6142c00f8] Compiler: c1, Barriers: 0, Oops: 1, ImmediateOops: 0, NonImmediateOops: No
[3,369s][debug][gc,nmethod     ] Register NMethod: io.sirix.node.NodeKind$32.deserialize (0x00007cb6142c0108) [0x00007cb6142c0200, 0x00007cb6142c04b0] Compiler: c1, Barriers: 0, Oops: 1, ImmediateOops: 0, NonImmediateOops: No
[3,369s][debug][gc,nmethod     ] Register NMethod: io.sirix.node.NodeKind$31.deserialize (0x00007cb6142c0508) [0x00007cb6142c0600, 0x00007cb6142c0b10] Compiler: c1, Barriers: 3, Oops: 1, ImmediateOops: 0, NonImmediateOops: No
[3,369s][debug][gc,nmethod     ] Register NMethod: java.util.concurrent.ForkJoinPool.deactivate (0x00007cb6142c0b88) [0x00007cb6142c0c80, 0x00007cb6142c1728] Compiler: c1, Barriers: 4, Oops: 0, ImmediateOops: 0, NonImmediateOops: No
[3,370s][debug][gc,nmethod     ] Register NMethod: java.lang.Short.valueOf (0x00007cb632ecfd88) [0x00007cb632ecfe80, 0x00007cb632ecff60] Compiler: jvmci, Barriers: 1, Oops: 0, ImmediateOops: 1, NonImmediateOops: No
[3,370s][debug][gc,nmethod     ] Register NMethod: com.github.benmanes.caffeine.cache.AccessOrderDeque.contains (0x00007cb6142c1788) [0x00007cb6142c1880, 0x00007cb6142c2540] Compiler: c1, Barriers: 1, Oops: 1, ImmediateOops: 0, NonImmediateOops: No
[3,370s][debug][gc,nmethod     ] Register NMethod: java.io.ByteArrayInputStream.<init> (0x00007cb6142c2588) [0x00007cb6142c2680, 0x00007cb6142c28c8] Compiler: c1, Barriers: 3, Oops: 0, ImmediateOops: 0, NonImmediateOops: No
[3,371s][debug][gc,nmethod     ] Register NMethod: io.sirix.page.KeyValueLeafPage.decrementPinCount (0x00007cb6142c2908) [0x00007cb6142c2a00, 0x00007cb6142c3dd8] Compiler: c1, Barriers: 5, Oops: 1, ImmediateOops: 2, NonImmediateOops: No
[3,372s][debug][gc,nmethod     ] Register NMethod: it.unimi.dsi.fastutil.shorts.ShortArrayList$1.nextShort (0x00007cb632ed0088) [0x00007cb632ed0180, 0x00007cb632ed0318] Compiler: jvmci, Barriers: 2, Oops: 1, ImmediateOops: 0, NonImmediateOops: No
[3,374s][debug][gc,director    ] Rule Major: Warmup 10%, Used: 766MB, UsedThreshold: 1228MB
[3,375s][debug][gc,director    ] Rule Minor: High Usage, Free: 11480MB(93,4%)
[3,376s][debug][gc,nmethod     ] Register NMethod: org.gradle.internal.remote.internal.hub.protocol.ChannelMessage.getChannel (0x00007cb632ed0388) [0x00007cb632ed0480, 0x00007cb632ed0568] Compiler: c1, Barriers: 1, Oops: 1, ImmediateOops: 0, NonImmediateOops: No
[3,376s][debug][gc,nmethod     ] Register NMethod: java.nio.file.Files.exists (0x00007cb6142c3e08) [0x00007cb6142c3f00, 0x00007cb6142c46c8] Compiler: c1, Barriers: 2, Oops: 0, ImmediateOops: 0, NonImmediateOops: No
[3,376s][debug][gc,nmethod     ] Register NMethod: sun.nio.fs.UnixFileSystemProvider.exists (0x00007cb6142c4708) [0x00007cb6142c4800, 0x00007cb6142c5050] Compiler: c1, Barriers: 0, Oops: 0, ImmediateOops: 0, NonImmediateOops: No
[3,376s][debug][gc,nmethod     ] Register NMethod: sun.nio.fs.UnixNativeDispatcher.access (0x00007cb6142c5088) [0x00007cb6142c5180, 0x00007cb6142c57d0] Compiler: c1, Barriers: 0, Oops: 0, ImmediateOops: 0, NonImmediateOops: No
[3,376s][debug][gc,nmethod     ] Register NMethod: org.gradle.internal.remote.internal.hub.protocol.ChannelMessage.getPayload (0x00007cb632ed0688) [0x00007cb632ed0780, 0x00007cb632ed0868] Compiler: c1, Barriers: 1, Oops: 1, ImmediateOops: 0, NonImmediateOops: No
[3,376s][debug][gc,nmethod     ] Register NMethod: org.gradle.internal.io.StreamByteBuffer.prepareRead (0x00007cb6142c5808) [0x00007cb6142c5900, 0x00007cb6142c6480] Compiler: c1, Barriers: 10, Oops: 1, ImmediateOops: 0, NonImmediateOops: No
[3,377s][debug][gc,nmethod     ] Register NMethod: java.io.FilterInputStream.close (0x00007cb6142c6508) [0x00007cb6142c6600, 0x00007cb6142c6940] Compiler: c1, Barriers: 1, Oops: 0, ImmediateOops: 0, NonImmediateOops: No
[3,377s][debug][gc,nmethod     ] Register NMethod: ch.qos.logback.core.UnsynchronizedAppenderBase.isStarted (0x00007cb632ed0988) [0x00007cb632ed0a80, 0x00007cb632ed0b40] Compiler: c1, Barriers: 0, Oops: 1, ImmediateOops: 0, NonImmediateOops: No
[3,377s][debug][gc,nmethod     ] Register NMethod: java.lang.StringUTF16.length (0x00007cb6142c6988) [0x00007cb6142c6a80, 0x00007cb6142c6b68] Compiler: c1, Barriers: 0, Oops: 0, ImmediateOops: 0, NonImmediateOops: No
[3,377s][debug][gc,nmethod     ] Register NMethod: ch.qos.logback.core.pattern.LiteralConverter.convert (0x00007cb6142c6c88) [0x00007cb6142c6d80, 0x00007cb6142c6eb0] Compiler: c1, Barriers: 1, Oops: 1, ImmediateOops: 0, NonImmediateOops: No
[3,377s][debug][gc,nmethod     ] Register NMethod: io.sirix.access.trx.page.NodePageReadOnlyTrx.getPageReference (0x00007cb632ed0c88) [0x00007cb632ed0d80, 0x00007cb632ed10e0] Compiler: jvmci, Barriers: 3, Oops: 1, ImmediateOops: 0, NonImmediateOops: No
[3,377s][debug][gc,nmethod     ] Register NMethod: ch.qos.logback.core.pattern.Converter.write (0x00007cb6142c6f88) [0x00007cb6142c7080, 0x00007cb6142c75e8] Compiler: c1, Barriers: 0, Oops: 1, ImmediateOops: 0, NonImmediateOops: No
[3,377s][debug][gc,nmethod     ] Register NMethod: java.util.ArrayList.clear (0x00007cb6142c7608) [0x00007cb6142c7700, 0x00007cb6142c7bb8] Compiler: c1, Barriers: 4, Oops: 0, ImmediateOops: 0, NonImmediateOops: No
[3,378s][debug][gc,nmethod     ] Register NMethod: io.sirix.node.MemorySegmentBytesIn.readStopBit (0x00007cb632ed1108) [0x00007cb632ed1200, 0x00007cb632ed16b0] Compiler: jvmci, Barriers: 4, Oops: 2, ImmediateOops: 0, NonImmediateOops: No
[3,378s][debug][gc,nmethod     ] Register NMethod: io.sirix.page.delegates.BitmapReferencesPage.getReferences (0x00007cb632ed1708) [0x00007cb632ed1800, 0x00007cb632ed18e8] Compiler: c1, Barriers: 1, Oops: 1, ImmediateOops: 0, NonImmediateOops: No
[3,378s][debug][gc,nmethod     ] Register NMethod: io.sirix.BinaryEncodingVersion.values (0x00007cb6142c7c08) [0x00007cb6142c7d00, 0x00007cb6142c81e0] Compiler: c1, Barriers: 0, Oops: 1, ImmediateOops: 1, NonImmediateOops: No
[3,378s][debug][gc,nmethod     ] Register NMethod: java.io.ByteArrayInputStream.close (0x00007cb6142c8208) [0x00007cb6142c8300, 0x00007cb6142c8400] Compiler: c1, Barriers: 0, Oops: 0, ImmediateOops: 0, NonImmediateOops: No
[3,378s][debug][gc,nmethod     ] Register NMethod: io.sirix.io.bytepipe.ByteHandlerPipeline.deserialize (0x00007cb6142c8508) [0x00007cb6142c8600, 0x00007cb6142c9220] Compiler: c1, Barriers: 1, Oops: 1, ImmediateOops: 0, NonImmediateOops: No
[3,379s][debug][gc,nmethod     ] Register NMethod: io.sirix.io.bytepipe.LZ4Compressor.deserialize (0x00007cb6142c9288) [0x00007cb6142c9380, 0x00007cb6142cc170] Compiler: c1, Barriers: 36, Oops: 5, ImmediateOops: 38, NonImmediateOops: No
[3,380s][debug][gc,nmethod     ] Register NMethod: io.sirix.io.AbstractReader.deserialize (0x00007cb6142cc208) [0x00007cb6142cc300, 0x00007cb6142cf218] Compiler: c1, Barriers: 15, Oops: 2, ImmediateOops: 2, NonImmediateOops: No
[3,380s][debug][gc,nmethod     ] Register NMethod: net.jpountz.lz4.LZ4BlockInputStream.<init> (0x00007cb6142cf288) [0x00007cb6142cf380, 0x00007cb6142d20a8] Compiler: c1, Barriers: 36, Oops: 5, ImmediateOops: 38, NonImmediateOops: No
[3,380s][debug][gc,nmethod     ] Register NMethod: java.io.InputStream.readNBytes (0x00007cb6142d2108) [0x00007cb6142d2200, 0x00007cb6142d42a8] Compiler: c1, Barriers: 6, Oops: 1, ImmediateOops: 5, NonImmediateOops: No
[3,380s][debug][gc,nmethod     ] Register NMethod: net.jpountz.lz4.LZ4BlockInputStream.<init> (0x00007cb6142d4308) [0x00007cb6142d4400, 0x00007cb6142d7788] Compiler: c1, Barriers: 39, Oops: 5, ImmediateOops: 38, NonImmediateOops: No
[3,380s][debug][gc,nmethod     ] Register NMethod: sun.nio.ch.UnixFileDispatcherImpl.allocationGranularity0 (0x00007cb632ed1a08) [0x00007cb632ed1b00, 0x00007cb632ed1c58] Compiler: , Barriers: 0, Oops: 0, ImmediateOops: 1, NonImmediateOops: No
[3,380s][debug][gc,nmethod     ] Register NMethod: sun.nio.ch.UnixFileDispatcherImpl.map0 (0x00007cb632ed1d08) [0x00007cb632ed1e00, 0x00007cb632ed1f78] Compiler: , Barriers: 0, Oops: 0, ImmediateOops: 1, NonImmediateOops: No
[3,380s][debug][gc,nmethod     ] Register NMethod: java.io.InputStream.readAllBytes (0x00007cb6142d7808) [0x00007cb6142d7900, 0x00007cb6142d7c08] Compiler: c1, Barriers: 0, Oops: 0, ImmediateOops: 0, NonImmediateOops: No
[3,380s][debug][gc,nmethod     ] Register NMethod: com.github.benmanes.caffeine.cache.BoundedLocalCache.expireAfterUpdate (0x00007cb6142d7c88) [0x00007cb6142d7d80, 0x00007cb6142d80b0] Compiler: c1, Barriers: 0, Oops: 1, ImmediateOops: 0, NonImmediateOops: No
[3,380s][debug][gc,nmethod     ] Register NMethod: java.lang.invoke.DirectMethodHandle$Holder.fieldAccess (0x00007cb6142d8108) [0x00007cb6142d8200, 0x00007cb6142d86f8] Compiler: c1, Barriers: 0, Oops: 0, ImmediateOops: 0, NonImmediateOops: No
[3,380s][debug][gc,nmethod     ] Register NMethod: net.jpountz.lz4.LZ4BlockInputStream.<init> (0x00007cb6142d8708) [0x00007cb6142d8800, 0x00007cb6142d8da0] Compiler: c1, Barriers: 15, Oops: 1, ImmediateOops: 0, NonImmediateOops: No
[3,380s][debug][gc,nmethod     ] Register NMethod: sun.nio.fs.UnixFileAttributes.size (0x00007cb632ed2008) [0x00007cb632ed2100, 0x00007cb632ed21c0] Compiler: c1, Barriers: 0, Oops: 0, ImmediateOops: 0, NonImmediateOops: No
[3,380s][debug][gc,nmethod     ] Register NMethod: it.unimi.dsi.fastutil.shorts.ShortArrayList.grow (0x00007cb6142d8e08) [0x00007cb6142d8f00, 0x00007cb6142d9548] Compiler: c1, Barriers: 8, Oops: 1, ImmediateOops: 0, NonImmediateOops: No
[3,380s][debug][gc,nmethod     ] Register NMethod: io.sirix.page.PageKind.getKind (0x00007cb6142d9588) [0x00007cb6142d9680, 0x00007cb6142d9fc0] Compiler: c1, Barriers: 2, Oops: 2, ImmediateOops: 2, NonImmediateOops: No
[3,380s][debug][gc,nmethod     ] Register NMethod: com.github.benmanes.caffeine.cache.LocalCache$$Lambda/0x00000000262a93f8.<init> (0x00007cb6142da008) [0x00007cb6142da100, 0x00007cb6142da358] Compiler: c1, Barriers: 6, Oops: 1, ImmediateOops: 0, NonImmediateOops: No
[3,380s][debug][gc,nmethod     ] Register NMethod: java.util.concurrent.atomic.LongAdder.increment (0x00007cb6142da388) [0x00007cb6142da480, 0x00007cb6142da5c8] Compiler: c1, Barriers: 0, Oops: 0, ImmediateOops: 0, NonImmediateOops: No
[3,381s][debug][gc,nmethod     ] Register NMethod: com.github.benmanes.caffeine.cache.LocalCache$$Lambda/0x00000000262a93f8.apply (0x00007cb6142da688) [0x00007cb6142da780, 0x00007cb6142dab58] Compiler: c1, Barriers: 2, Oops: 1, ImmediateOops: 0, NonImmediateOops: No
[3,381s][debug][gc,nmethod     ] Register NMethod: io.sirix.page.PagePersister.deserializePage (0x00007cb6142dab88) [0x00007cb6142dac80, 0x00007cb6142db8d8] Compiler: c1, Barriers: 2, Oops: 2, ImmediateOops: 2, NonImmediateOops: No
[3,381s][debug][gc,nmethod     ] Register NMethod: jdk.internal.foreign.ArenaImpl.scope (0x00007cb632ed2308) [0x00007cb632ed2400, 0x00007cb632ed24e8] Compiler: c1, Barriers: 1, Oops: 0, ImmediateOops: 0, NonImmediateOops: No
[3,381s][debug][gc,nmethod     ] Register NMethod: com.github.benmanes.caffeine.cache.LocalCache.lambda$statsAware$3 (0x00007cb6142db908) [0x00007cb6142dba00, 0x00007cb6142dd6b0] Compiler: c1, Barriers: 0, Oops: 1, ImmediateOops: 0, NonImmediateOops: No
[3,381s][debug][gc,nmethod     ] Register NMethod: java.util.concurrent.ForkJoinTask$RunnableExecuteAction.compute (0x00007cb6142dd708) [0x00007cb6142dd800, 0x00007cb6142ddb50] Compiler: c1, Barriers: 1, Oops: 0, ImmediateOops: 0, NonImmediateOops: No
[3,381s][debug][gc,nmethod     ] Register NMethod: java.util.concurrent.ForkJoinPool.poolIsStopping (0x00007cb6142ddb88) [0x00007cb6142ddc80, 0x00007cb6142dddf8] Compiler: c1, Barriers: 0, Oops: 0, ImmediateOops: 0, NonImmediateOops: No
[3,381s][debug][gc,nmethod     ] Register NMethod: com.github.benmanes.caffeine.cache.BoundedLocalCache.notifyRemoval (0x00007cb6142dde88) [0x00007cb6142ddf80, 0x00007cb6142deeb8] Compiler: c1, Barriers: 14, Oops: 4, ImmediateOops: 4, NonImmediateOops: No
[3,381s][debug][gc,nmethod     ] Register NMethod: java.util.concurrent.ForkJoinTask$RunnableExecuteAction.compute (0x00007cb6142def08) [0x00007cb6142df000, 0x00007cb6142df560] Compiler: c1, Barriers: 1, Oops: 0, ImmediateOops: 0, NonImmediateOops: No
[3,381s][debug][gc,nmethod     ] Register NMethod: java.util.concurrent.ForkJoinTask$RunnableExecuteAction.setRawResult (0x00007cb6142df588) [0x00007cb6142df680, 0x00007cb6142df780] Compiler: c1, Barriers: 0, Oops: 0, ImmediateOops: 0, NonImmediateOops: No
[3,381s][debug][gc,nmethod     ] Register NMethod: java.util.concurrent.ForkJoinTask$RunnableExecuteAction.setRawResult (0x00007cb6142df888) [0x00007cb6142df980, 0x00007cb6142dfe98] Compiler: c1, Barriers: 0, Oops: 0, ImmediateOops: 0, NonImmediateOops: No
[3,381s][debug][gc,nmethod     ] Register NMethod: java.util.concurrent.ForkJoinTask$InterruptibleTask.exec (0x00007cb6142dff08) [0x00007cb6142e0000, 0x00007cb6142e2518] Compiler: c1, Barriers: 13, Oops: 0, ImmediateOops: 0, NonImmediateOops: No
[3,382s][debug][gc,nmethod     ] Register NMethod: it.unimi.dsi.fastutil.shorts.ShortArrayList.add (0x00007cb6142e2588) [0x00007cb6142e2680, 0x00007cb6142e2958] Compiler: c1, Barriers: 1, Oops: 1, ImmediateOops: 0, NonImmediateOops: No
[3,382s][debug][gc,nmethod     ] Register NMethod: net.jpountz.lz4.LZ4JNIFastDecompressor.decompress (0x00007cb6142e2988) [0x00007cb6142e2a80, 0x00007cb6142e4110] Compiler: c1, Barriers: 0, Oops: 3, ImmediateOops: 4, NonImmediateOops: No
[3,383s][debug][gc,nmethod     ] Register NMethod: sun.nio.ch.Util.isBufferTooLarge (0x00007cb6142e4188) [0x00007cb6142e4280, 0x00007cb6142e43c0] Compiler: c1, Barriers: 0, Oops: 0, ImmediateOops: 0, NonImmediateOops: No
[3,383s][debug][gc,nmethod     ] Register NMethod: io.brackit.query.compiler.parser.Tokenizer$Token.<init> (0x00007cb6142e4488) [0x00007cb6142e4580, 0x00007cb6142e4760] Compiler: c1, Barriers: 3, Oops: 1, ImmediateOops: 0, NonImmediateOops: No
[3,383s][debug][gc,nmethod     ] Register NMethod: io.brackit.query.compiler.parser.Tokenizer.laSymSkipWS (0x00007cb6142e4788) [0x00007cb6142e4880, 0x00007cb6142e4a70] Compiler: c1, Barriers: 0, Oops: 1, ImmediateOops: 0, NonImmediateOops: No
[3,384s][debug][gc,nmethod     ] Register NMethod: io.sirix.page.delegates.ReferencesPage4.getOrCreateReference (0x00007cb632ed2608) [0x00007cb632ed2700, 0x00007cb632ed2d88] Compiler: jvmci, Barriers: 10, Oops: 2, ImmediateOops: 1, NonImmediateOops: No
[3,384s][debug][gc,nmethod     ] Register NMethod: io.sirix.page.PageReference.setDatabaseId (0x00007cb632ed2e08) [0x00007cb632ed2f00, 0x00007cb632ed2f90] Compiler: jvmci, Barriers: 0, Oops: 1, ImmediateOops: 0, NonImmediateOops: No
[3,384s][debug][gc,nmethod     ] Register NMethod: io.sirix.page.PageReference.setResourceId (0x00007cb632ed3108) [0x00007cb632ed3200, 0x00007cb632ed3290] Compiler: jvmci, Barriers: 0, Oops: 1, ImmediateOops: 0, NonImmediateOops: No
[3,385s][debug][gc,director    ] Rule Major: Warmup 10%, Used: 768MB, UsedThreshold: 1228MB
[3,385s][debug][gc,director    ] Rule Minor: High Usage, Free: 11478MB(93,4%)
[3,385s][debug][gc,nmethod     ] Register NMethod: com.google.common.collect.ForwardingObject.<init> (0x00007cb632ed3408) [0x00007cb632ed3500, 0x00007cb632ed35b8] Compiler: jvmci, Barriers: 0, Oops: 1, ImmediateOops: 0, NonImmediateOops: No
[3,386s][debug][gc,nmethod     ] Register NMethod: io.sirix.page.UberPage.getPageCountExp (0x00007cb632ed3708) [0x00007cb632ed3800, 0x00007cb632ed3980] Compiler: jvmci, Barriers: 0, Oops: 1, ImmediateOops: 2, NonImmediateOops: No
[3,386s][debug][gc,nmethod     ] Register NMethod: it.unimi.dsi.fastutil.shorts.AbstractShortList.ensureIndex (0x00007cb632ed3a08) [0x00007cb632ed3b00, 0x00007cb632ed3bc8] Compiler: jvmci, Barriers: 0, Oops: 1, ImmediateOops: 0, NonImmediateOops: No
[3,387s][debug][gc,nmethod     ] Register NMethod: io.brackit.query.compiler.AST.getValue (0x00007cb632ed3d08) [0x00007cb632ed3e00, 0x00007cb632ed3ee8] Compiler: c1, Barriers: 1, Oops: 1, ImmediateOops: 0, NonImmediateOops: No
[3,387s][debug][gc,nmethod     ] Register NMethod: it.unimi.dsi.fastutil.shorts.ShortArrayList$1.<init> (0x00007cb632ed4008) [0x00007cb632ed4100, 0x00007cb632ed41f8] Compiler: jvmci, Barriers: 3, Oops: 1, ImmediateOops: 0, NonImmediateOops: No
[3,387s][debug][gc,nmethod     ] Register NMethod: io.brackit.query.compiler.AST.getChild (0x00007cb632ed4308) [0x00007cb632ed4400, 0x00007cb632ed4540] Compiler: jvmci, Barriers: 2, Oops: 1, ImmediateOops: 0, NonImmediateOops: No
[3,387s][debug][gc,nmethod     ] Register NMethod: java.util.logging.Logger.isLoggable (0x00007cb6142e4a88) [0x00007cb6142e4b80, 0x00007cb6142e4f20] Compiler: c1, Barriers: 1, Oops: 0, ImmediateOops: 0, NonImmediateOops: No
[3,387s][debug][gc,nmethod     ] Register NMethod: io.brackit.query.util.log.UtilLogger.isTraceEnabled (0x00007cb6142e4f88) [0x00007cb6142e5080, 0x00007cb6142e5658] Compiler: c1, Barriers: 2, Oops: 2, ImmediateOops: 1, NonImmediateOops: No
[3,390s][debug][gc,nmethod     ] Register NMethod: com.github.benmanes.caffeine.cache.BoundedLocalCache.afterRead (0x00007cb6142e5688) [0x00007cb6142e5780, 0x00007cb6142e6ed8] Compiler: c1, Barriers: 2, Oops: 1, ImmediateOops: 0, NonImmediateOops: No
[3,392s][debug][gc,nmethod     ] Register NMethod: io.brackit.query.expr.VCmpExpr.evaluate (0x00007cb6142e6f08) [0x00007cb6142e7000, 0x00007cb6142e7300] Compiler: c1, Barriers: 0, Oops: 1, ImmediateOops: 0, NonImmediateOops: No
[3,392s][debug][gc,nmethod     ] Register NMethod: io.brackit.query.expr.GCmpExpr.evaluateToItem (0x00007cb6142e7388) [0x00007cb6142e7480, 0x00007cb6142e7c70] Compiler: c1, Barriers: 3, Oops: 1, ImmediateOops: 0, NonImmediateOops: No
[3,392s][debug][gc,nmethod     ] Register NMethod: io.brackit.query.atomic.AbstractAtomic.atomize (0x00007cb6142e7c88) [0x00007cb6142e7d80, 0x00007cb6142e7e80] Compiler: c1, Barriers: 0, Oops: 1, ImmediateOops: 0, NonImmediateOops: No
[3,392s][debug][gc,nmethod     ] Register NMethod: io.brackit.query.node.AbstractNode.atomize (0x00007cb6142e7f88) [0x00007cb6142e8080, 0x00007cb6142e8380] Compiler: c1, Barriers: 0, Oops: 1, ImmediateOops: 0, NonImmediateOops: No
[3,392s][debug][gc,nmethod     ] Register NMethod: io.brackit.query.atomic.Una.type (0x00007cb6142e8408) [0x00007cb6142e8500, 0x00007cb6142e8608] Compiler: c1, Barriers: 0, Oops: 1, ImmediateOops: 1, NonImmediateOops: No
[3,394s][debug][gc,nmethod     ] Register NMethod: io.brackit.query.atomic.Int32.inc (0x00007cb6142e8708) [0x00007cb6142e8800, 0x00007cb6142e8f80] Compiler: c1, Barriers: 1, Oops: 1, ImmediateOops: 1, NonImmediateOops: No
[3,394s][debug][gc,nmethod     ] Register NMethod: io.brackit.query.util.Cmp.aCmp (0x00007cb6142e9008) [0x00007cb6142e9100, 0x00007cb6142e9b50] Compiler: c1, Barriers: 0, Oops: 1, ImmediateOops: 8, NonImmediateOops: No
[3,395s][debug][gc,nmethod     ] Register NMethod: io.brackit.query.util.Cmp.gCmp (0x00007cb6142e9b88) [0x00007cb6142e9c80, 0x00007cb6142ec8b0] Compiler: c1, Barriers: 0, Oops: 1, ImmediateOops: 0, NonImmediateOops: No
[3,395s][debug][gc,nmethod     ] Register NMethod: io.brackit.query.expr.PredicateExpr$DependentFilterSeq$1.predicate (0x00007cb6142ec908) [0x00007cb6142eca00, 0x00007cb6142efcb0] Compiler: c1, Barriers: 25, Oops: 1, ImmediateOops: 0, NonImmediateOops: No
[3,395s][debug][gc,nmethod     ] Register NMethod: io.brackit.query.expr.PathStepExpr$SequenceContextPathStepIter.close (0x00007cb6142efd08) [0x00007cb6142efe00, 0x00007cb6142f03b0] Compiler: c1, Barriers: 2, Oops: 1, ImmediateOops: 0, NonImmediateOops: No
[3,395s][debug][gc,director    ] Rule Major: Warmup 10%, Used: 770MB, UsedThreshold: 1228MB
[3,395s][debug][gc,director    ] Rule Minor: High Usage, Free: 11476MB(93,4%)
[3,396s][debug][gc,nmethod     ] Register NMethod: io.sirix.access.trx.node.AbstractNodeReadOnlyTrx.getChildCount (0x00007cb6142f0408) [0x00007cb6142f0500, 0x00007cb6142f0d20] Compiler: c1, Barriers: 0, Oops: 1, ImmediateOops: 1, NonImmediateOops: No
[3,397s][debug][gc,nmethod     ] Register NMethod: io.brackit.query.expr.PathStepExpr$ItemContextPathStepIter.next (0x00007cb6142f0d88) [0x00007cb6142f0e80, 0x00007cb6142f2038] Compiler: c1, Barriers: 15, Oops: 1, ImmediateOops: 4, NonImmediateOops: No
[3,397s][debug][gc,nmethod     ] Register NMethod: java.lang.StringConcatHelper.stringSize (0x00007cb6142f2088) [0x00007cb6142f2180, 0x00007cb6142f23e8] Compiler: c1, Barriers: 0, Oops: 0, ImmediateOops: 1, NonImmediateOops: No
[3,397s][debug][gc,nmethod     ] Register NMethod: java.lang.StringConcatHelper.prepend (0x00007cb6142f2408) [0x00007cb6142f2500, 0x00007cb6142f3428] Compiler: c1, Barriers: 2, Oops: 0, ImmediateOops: 0, NonImmediateOops: No
[3,398s][debug][gc,nmethod     ] Register NMethod: io.brackit.query.BrackitQueryContext.getNodeFactory (0x00007cb632ed4608) [0x00007cb632ed4700, 0x00007cb632ed47e8] Compiler: c1, Barriers: 1, Oops: 1, ImmediateOops: 0, NonImmediateOops: No
[3,399s][debug][gc,nmethod     ] Register NMethod: io.brackit.query.jdm.type.TextType.getNodeKind (0x00007cb6142f3488) [0x00007cb6142f3580, 0x00007cb6142f3688] Compiler: c1, Barriers: 0, Oops: 1, ImmediateOops: 1, NonImmediateOops: No
[3,399s][debug][gc,nmethod     ] Register NMethod: io.brackit.query.expr.PathStepExpr$SequenceContextPathStepIter.<init> (0x00007cb6142f3788) [0x00007cb6142f3880, 0x00007cb6142f3d00] Compiler: c1, Barriers: 18, Oops: 1, ImmediateOops: 1, NonImmediateOops: No
[3,399s][debug][gc,nmethod     ] Register NMethod: io.sirix.node.NodeKind$2.serialize (0x00007cb632ed4908) [0x00007cb632ed4a00, 0x00007cb632eda570] Compiler: jvmci, Barriers: 108, Oops: 14, ImmediateOops: 0, NonImmediateOops: No
[3,399s][debug][gc,nmethod     ] Register NMethod: io.brackit.query.expr.SequenceExpr$EvalSequence.sequence (0x00007cb6142f3d88) [0x00007cb6142f3e80, 0x00007cb6142f49e8] Compiler: c1, Barriers: 13, Oops: 1, ImmediateOops: 0, NonImmediateOops: No
[3,400s][debug][gc,nmethod     ] Register NMethod: com.github.benmanes.caffeine.cache.BoundedLocalCache.onAccess (0x00007cb6142f4a08) [0x00007cb6142f4b00, 0x00007cb6142f96c8] Compiler: c1, Barriers: 3, Oops: 7, ImmediateOops: 8, NonImmediateOops: No
[3,400s][debug][gc,nmethod     ] Register NMethod: io.sirix.access.trx.node.AbstractNodeReadOnlyTrx.getKind (0x00007cb632eda608) [0x00007cb632eda700, 0x00007cb632eda890] Compiler: jvmci, Barriers: 1, Oops: 1, ImmediateOops: 3, NonImmediateOops: No
[3,401s][debug][gc,nmethod     ] Register NMethod: com.github.benmanes.caffeine.cache.stats.ConcurrentStatsCounter.recordLoadSuccess (0x00007cb6142f9708) [0x00007cb6142f9800, 0x00007cb6142f9a88] Compiler: c1, Barriers: 2, Oops: 1, ImmediateOops: 0, NonImmediateOops: No
[3,402s][debug][gc,nmethod     ] Register NMethod: java.lang.Long.compare (0x00007cb6142f9b08) [0x00007cb6142f9c00, 0x00007cb6142f9dc8] Compiler: c1, Barriers: 0, Oops: 0, ImmediateOops: 0, NonImmediateOops: No
[3,402s][debug][gc,nmethod     ] Register NMethod: io.brackit.query.atomic.Counter.inc (0x00007cb6142f9e08) [0x00007cb6142f9f00, 0x00007cb6142fa328] Compiler: c1, Barriers: 8, Oops: 1, ImmediateOops: 1, NonImmediateOops: No
[3,402s][debug][gc,nmethod     ] Register NMethod: io.sirix.access.trx.page.NodePageReadOnlyTrx.getCurrentMaxIndirectPageTreeLevel (0x00007cb632eda908) [0x00007cb632edaa00, 0x00007cb632edbc00] Compiler: jvmci, Barriers: 32, Oops: 2, ImmediateOops: 0, NonImmediateOops: No
[3,402s][debug][gc,nmethod     ] Register NMethod: io.brackit.query.atomic.Int32.longValue (0x00007cb6142fa388) [0x00007cb6142fa480, 0x00007cb6142fa588] Compiler: c1, Barriers: 0, Oops: 1, ImmediateOops: 0, NonImmediateOops: No
[3,402s][debug][gc,nmethod     ] Register NMethod: io.brackit.query.node.d2linked.D2Node.<init> (0x00007cb6142fa688) [0x00007cb6142fa780, 0x00007cb6142fab78] Compiler: c1, Barriers: 6, Oops: 1, ImmediateOops: 0, NonImmediateOops: No
[3,405s][debug][gc,director    ] Rule Major: Warmup 10%, Used: 774MB, UsedThreshold: 1228MB
[3,405s][debug][gc,director    ] Rule Minor: High Usage, Free: 11472MB(93,4%)
[3,407s][debug][gc,nmethod     ] Register NMethod: java.util.stream.Collectors$$Lambda/0x000000002611cb58.accept (0x00007cb6142fab88) [0x00007cb6142fac80, 0x00007cb6142fb050] Compiler: c1, Barriers: 2, Oops: 0, ImmediateOops: 0, NonImmediateOops: No
[3,407s][debug][gc,nmethod     ] Register NMethod: java.util.stream.Collectors.lambda$uniqKeysMapAccumulator$0 (0x00007cb6142fb088) [0x00007cb6142fb180, 0x00007cb6142fba60] Compiler: c1, Barriers: 0, Oops: 0, ImmediateOops: 0, NonImmediateOops: No
[3,407s][debug][gc,nmethod     ] Register NMethod: jdk.internal.math.FloatingDecimal.isDigit (0x00007cb6142fba88) [0x00007cb6142fbb80, 0x00007cb6142fbd60] Compiler: c1, Barriers: 0, Oops: 0, ImmediateOops: 0, NonImmediateOops: No
[3,408s][debug][gc,nmethod     ] Register NMethod: com.github.benmanes.caffeine.cache.BoundedLocalCache$UpdateTask.run (0x00007cb6142fbd88) [0x00007cb6142fbe80, 0x00007cb614303188] Compiler: c1, Barriers: 38, Oops: 2, ImmediateOops: 6, NonImmediateOops: No
[3,409s][debug][gc,nmethod     ] Register NMethod: io.sirix.axis.filter.xml.ElementFilter.filter (0x00007cb632edbc88) [0x00007cb632edbd80, 0x00007cb632edbfa8] Compiler: jvmci, Barriers: 2, Oops: 1, ImmediateOops: 3, NonImmediateOops: No
[3,410s][debug][gc,nmethod     ] Register NMethod: io.sirix.page.KeyValueLeafPage$$Lambda/0x00000000262bbc58.apply (0x00007cb614303208) [0x00007cb614303300, 0x00007cb614303820] Compiler: c1, Barriers: 0, Oops: 1, ImmediateOops: 0, NonImmediateOops: No
[3,410s][debug][gc,nmethod     ] Register NMethod: io.sirix.page.KeyValueLeafPage$$Lambda/0x00000000262be000.apply (0x00007cb614303888) [0x00007cb614303980, 0x00007cb614304310] Compiler: c1, Barriers: 0, Oops: 1, ImmediateOops: 0, NonImmediateOops: No
[3,410s][debug][gc,nmethod     ] Register NMethod: jdk.internal.misc.Unsafe.putReferenceOpaque (0x00007cb632edc008) [0x00007cb632edc100, 0x00007cb632edc1f0] Compiler: jvmci, Barriers: 3, Oops: 0, ImmediateOops: 0, NonImmediateOops: No
[3,410s][debug][gc,nmethod     ] Register NMethod: io.sirix.page.KeyValueLeafPage.lambda$getPinCountByTransaction$0 (0x00007cb614304388) [0x00007cb614304480, 0x00007cb614304dc8] Compiler: c1, Barriers: 1, Oops: 1, ImmediateOops: 1, NonImmediateOops: No
[3,411s][debug][gc,nmethod     ] Register NMethod: io.brackit.query.sequence.FlatteningSequence$FlatteningIter.next (0x00007cb614304e08) [0x00007cb614304f00, 0x00007cb614305e70] Compiler: c1, Barriers: 13, Oops: 1, ImmediateOops: 0, NonImmediateOops: No
[3,411s][debug][gc,nmethod     ] Register NMethod: io.brackit.query.atomic.Int64.type (0x00007cb614305e88) [0x00007cb614305f80, 0x00007cb614306088] Compiler: c1, Barriers: 0, Oops: 1, ImmediateOops: 1, NonImmediateOops: No
[3,411s][debug][gc,nmethod     ] Register NMethod: io.brackit.query.jdm.type.AtomicType.matches (0x00007cb614306188) [0x00007cb614306280, 0x00007cb614306db0] Compiler: c1, Barriers: 2, Oops: 1, ImmediateOops: 0, NonImmediateOops: No
[3,412s][debug][gc,nmethod     ] Register NMethod: io.brackit.query.atomic.Int64.cmp (0x00007cb614306e08) [0x00007cb614306f00, 0x00007cb614309b68] Compiler: c1, Barriers: 7, Oops: 2, ImmediateOops: 2, NonImmediateOops: No
[3,412s][debug][gc,nmethod     ] Register NMethod: io.brackit.query.util.ExprUtil.materialize (0x00007cb614309b88) [0x00007cb614309c80, 0x00007cb61430c5e8] Compiler: c1, Barriers: 14, Oops: 2, ImmediateOops: 3, NonImmediateOops: No
[3,413s][debug][gc,nmethod     ] Register NMethod: com.github.benmanes.caffeine.cache.SSLSMW.hitsInSample (0x00007cb632edc308) [0x00007cb632edc400, 0x00007cb632edc4c0] Compiler: c1, Barriers: 0, Oops: 1, ImmediateOops: 0, NonImmediateOops: No
[3,413s][debug][gc,nmethod     ] Register NMethod: com.github.benmanes.caffeine.cache.LocalManualCache.getIfPresent (0x00007cb61430c608) [0x00007cb61430c700, 0x00007cb61430cae8] Compiler: c1, Barriers: 1, Oops: 1, ImmediateOops: 0, NonImmediateOops: No
[3,413s][debug][gc,nmethod     ] Register NMethod: io.sirix.page.KeyValueLeafPage.lambda$incrementPinCount$0 (0x00007cb61430cb08) [0x00007cb61430cc00, 0x00007cb61430ce48] Compiler: c1, Barriers: 0, Oops: 1, ImmediateOops: 0, NonImmediateOops: No
[3,413s][debug][gc,nmethod     ] Register NMethod: io.sirix.page.KeyValueLeafPage$$Lambda/0x00000000262aac08.apply (0x00007cb61430ce88) [0x00007cb61430cf80, 0x00007cb61430d440] Compiler: c1, Barriers: 0, Oops: 1, ImmediateOops: 0, NonImmediateOops: No
[3,414s][debug][gc,nmethod     ] Register NMethod: com.github.benmanes.caffeine.cache.BoundedLocalCache.getIfPresent (0x00007cb61430d488) [0x00007cb61430d580, 0x00007cb614313730] Compiler: c1, Barriers: 4, Oops: 11, ImmediateOops: 23, NonImmediateOops: No
[3,414s][debug][gc,nmethod     ] Register NMethod: io.brackit.query.atomic.QNm.toString (0x00007cb614313808) [0x00007cb614313900, 0x00007cb614313de8] Compiler: c1, Barriers: 4, Oops: 1, ImmediateOops: 0, NonImmediateOops: No
[3,415s][debug][gc,nmethod     ] Register NMethod: io.sirix.access.trx.node.AbstractNodeReadOnlyTrx.hasRightSibling (0x00007cb632edc608) [0x00007cb632edc700, 0x00007cb632edd050] Compiler: jvmci, Barriers: 11, Oops: 5, ImmediateOops: 0, NonImmediateOops: No
[3,415s][debug][gc,director    ] Rule Major: Warmup 10%, Used: 776MB, UsedThreshold: 1228MB
[3,415s][debug][gc,director    ] Rule Minor: High Usage, Free: 11470MB(93,3%)
[3,416s][debug][gc,nmethod     ] Register NMethod: jdk.internal.misc.Unsafe.putIntRelease (0x00007cb632edd088) [0x00007cb632edd180, 0x00007cb632edd210] Compiler: jvmci, Barriers: 0, Oops: 0, ImmediateOops: 0, NonImmediateOops: No
[3,416s][debug][gc,nmethod     ] Register NMethod: jdk.internal.math.FloatingDecimal.check (0x00007cb614313e08) [0x00007cb614313f00, 0x00007cb614316b50] Compiler: c1, Barriers: 2, Oops: 3, ImmediateOops: 5, NonImmediateOops: No
[3,417s][debug][gc,nmethod     ] Register NMethod: jdk.internal.misc.Unsafe.putIntOpaque (0x00007cb614316b88) [0x00007cb614316c80, 0x00007cb614316d88] Compiler: c1, Barriers: 0, Oops: 0, ImmediateOops: 0, NonImmediateOops: No
[3,417s][debug][gc,nmethod     ] Register NMethod: io.sirix.access.trx.node.AbstractNodeReadOnlyTrx.getRightSiblingKey (0x00007cb632edd388) [0x00007cb632edd480, 0x00007cb632edddd8] Compiler: jvmci, Barriers: 11, Oops: 5, ImmediateOops: 0, NonImmediateOops: No
[3,417s][debug][gc,nmethod     ] Register NMethod: io.brackit.query.expr.PathStepExpr$ItemContextPathStepIter.close (0x00007cb614316e88) [0x00007cb614316f80, 0x00007cb6143172e8] Compiler: c1, Barriers: 1, Oops: 1, ImmediateOops: 0, NonImmediateOops: No
[3,417s][debug][gc,nmethod     ] Register NMethod: io.brackit.query.atomic.Counter.<init> (0x00007cb614317308) [0x00007cb614317400, 0x00007cb614317558] Compiler: c1, Barriers: 0, Oops: 1, ImmediateOops: 0, NonImmediateOops: No
[3,418s][debug][gc,nmethod     ] Register NMethod: io.brackit.query.expr.PathStepExpr$ItemContextPathStepIter.performStep (0x00007cb614317608) [0x00007cb614317700, 0x00007cb614319048] Compiler: c1, Barriers: 20, Oops: 2, ImmediateOops: 3, NonImmediateOops: No
[3,419s][debug][gc,nmethod     ] Register NMethod: io.sirix.axis.filter.xml.TextFilter.filter (0x00007cb614319088) [0x00007cb614319180, 0x00007cb614319900] Compiler: c1, Barriers: 1, Oops: 1, ImmediateOops: 1, NonImmediateOops: No
[3,420s][debug][gc,nmethod     ] Register NMethod: io.brackit.query.jdm.Type.isCastPrimitive (0x00007cb632edde08) [0x00007cb632eddf00, 0x00007cb632eddfc0] Compiler: c1, Barriers: 0, Oops: 1, ImmediateOops: 0, NonImmediateOops: No
[3,420s][debug][gc,nmethod     ] Register NMethod: jdk.internal.math.FloatingDecimal.skipWhitespaces (0x00007cb614319988) [0x00007cb614319a80, 0x00007cb61431a910] Compiler: c1, Barriers: 3, Oops: 1, ImmediateOops: 2, NonImmediateOops: No
[3,420s][debug][gc,nmethod     ] Register NMethod: com.github.benmanes.caffeine.cache.BoundedLocalCache.computeIfPresent (0x00007cb61431a988) [0x00007cb61431aa80, 0x00007cb61431dc20] Compiler: c1, Barriers: 3, Oops: 10, ImmediateOops: 12, NonImmediateOops: No
[3,420s][debug][gc,nmethod     ] Register NMethod: io.sirix.cache.RecordPageCache.lambda$new$1 (0x00007cb61431dc88) [0x00007cb61431dd80, 0x00007cb61431e4d8] Compiler: c1, Barriers: 1, Oops: 1, ImmediateOops: 0, NonImmediateOops: No
[3,420s][debug][gc,nmethod     ] Register NMethod: io.sirix.cache.RecordPageCache$$Lambda/0x0000000026216828.weigh (0x00007cb61431e508) [0x00007cb61431e600, 0x00007cb61431f1c0] Compiler: c1, Barriers: 1, Oops: 1, ImmediateOops: 0, NonImmediateOops: No
[3,423s][debug][gc,nmethod     ] Register NMethod: it.unimi.dsi.fastutil.longs.LongArrayList.initArrayFromCapacity (0x00007cb632ede108) [0x00007cb632ede200, 0x00007cb632ede520] Compiler: jvmci, Barriers: 6, Oops: 1, ImmediateOops: 1, NonImmediateOops: No
[3,423s][debug][gc,nmethod     ] Register NMethod: io.brackit.query.jdm.type.ElementType.getNodeKind (0x00007cb632ede588) [0x00007cb632ede680, 0x00007cb632ede710] Compiler: jvmci, Barriers: 0, Oops: 1, ImmediateOops: 1, NonImmediateOops: No
[3,424s][debug][gc,nmethod     ] Register NMethod: io.brackit.query.atomic.Dbl.<init> (0x00007cb61431f208) [0x00007cb61431f300, 0x00007cb61431f5d8] Compiler: c1, Barriers: 0, Oops: 1, ImmediateOops: 0, NonImmediateOops: No
[3,425s][debug][gc,nmethod     ] Register NMethod: io.sirix.cache.RecordPageFragmentCache.lambda$new$1 (0x00007cb61431f608) [0x00007cb61431f700, 0x00007cb61431fe58] Compiler: c1, Barriers: 1, Oops: 1, ImmediateOops: 0, NonImmediateOops: No
[3,425s][debug][gc,nmethod     ] Register NMethod: io.sirix.cache.RecordPageFragmentCache$$Lambda/0x0000000026216f00.weigh (0x00007cb61431fe88) [0x00007cb61431ff80, 0x00007cb614320b40] Compiler: c1, Barriers: 1, Oops: 1, ImmediateOops: 0, NonImmediateOops: No
[3,425s][debug][gc,nmethod     ] Register NMethod: com.github.benmanes.caffeine.cache.SSLSMW.missesInSample (0x00007cb632ede888) [0x00007cb632ede980, 0x00007cb632edea40] Compiler: c1, Barriers: 0, Oops: 1, ImmediateOops: 0, NonImmediateOops: No
[3,425s][debug][gc,director    ] Rule Major: Warmup 10%, Used: 784MB, UsedThreshold: 1228MB
[3,425s][debug][gc,director    ] Rule Minor: High Usage, Free: 11462MB(93,3%)
[3,426s][debug][gc,nmethod     ] Register NMethod: io.sirix.page.KeyValueLeafPage.incrementPinCount (0x00007cb614320b88) [0x00007cb614320c80, 0x00007cb6143218d8] Compiler: c1, Barriers: 3, Oops: 2, ImmediateOops: 2, NonImmediateOops: No
[3,430s][debug][gc,nmethod     ] Register NMethod: io.brackit.query.atomic.Int32.asIntNumeric (0x00007cb614321908) [0x00007cb614321a00, 0x00007cb614321b00] Compiler: c1, Barriers: 0, Oops: 1, ImmediateOops: 0, NonImmediateOops: No
[3,430s][debug][gc,nmethod     ] Register NMethod: io.brackit.query.atomic.Int32.cmp (0x00007cb614321c08) [0x00007cb614321d00, 0x00007cb614323190] Compiler: c1, Barriers: 7, Oops: 2, ImmediateOops: 2, NonImmediateOops: No
[3,430s][debug][gc,nmethod     ] Register NMethod: io.brackit.query.sequence.LazySequence.get (0x00007cb614323208) [0x00007cb614323300, 0x00007cb614324fe0] Compiler: c1, Barriers: 8, Oops: 2, ImmediateOops: 2, NonImmediateOops: No
[3,430s][debug][gc,nmethod     ] Register NMethod: java.util.concurrent.ForkJoinPool.deactivate (0x00007cb632edeb88) [0x00007cb632edec80, 0x00007cb632edfb18] Compiler: jvmci, Barriers: 28, Oops: 0, ImmediateOops: 1, NonImmediateOops: No
[3,431s][debug][gc,nmethod     ] Register NMethod: io.brackit.query.atomic.Una.asUna (0x00007cb614325008) [0x00007cb614325100, 0x00007cb614325200] Compiler: c1, Barriers: 0, Oops: 1, ImmediateOops: 0, NonImmediateOops: No
[3,433s][debug][gc,nmethod     ] Register NMethod: java.lang.StringConcatHelper.prepend (0x00007cb614325308) [0x00007cb614325400, 0x00007cb614326b50] Compiler: c1, Barriers: 3, Oops: 0, ImmediateOops: 0, NonImmediateOops: No
[3,433s][debug][gc,nmethod     ] Register NMethod: java.io.OutputStream.write (0x00007cb614326b88) [0x00007cb614326c80, 0x00007cb6143271f8] Compiler: c1, Barriers: 0, Oops: 0, ImmediateOops: 0, NonImmediateOops: No
[3,433s][debug][gc,nmethod     ] Register NMethod: java.util.ArrayDeque.peekFirst (0x00007cb614327208) [0x00007cb614327300, 0x00007cb6143274f0] Compiler: c1, Barriers: 2, Oops: 0, ImmediateOops: 0, NonImmediateOops: No
[3,433s][debug][gc,nmethod     ] Register NMethod: org.gradle.internal.io.StreamByteBuffer.totalBytesUnread (0x00007cb614327508) [0x00007cb614327600, 0x00007cb6143278e8] Compiler: c1, Barriers: 2, Oops: 1, ImmediateOops: 0, NonImmediateOops: No
[3,433s][debug][gc,nmethod     ] Register NMethod: sun.nio.ch.UnixFileDispatcherImpl.unmap0 (0x00007cb632edfb88) [0x00007cb632edfc80, 0x00007cb632edfde0] Compiler: , Barriers: 0, Oops: 0, ImmediateOops: 1, NonImmediateOops: No
[3,434s][debug][gc,nmethod     ] Register NMethod: com.github.benmanes.caffeine.cache.BoundedLocalCache$$Lambda/0x00000000262aa358.run (0x00007cb614327908) [0x00007cb614327a00, 0x00007cb614327c18] Compiler: c1, Barriers: 4, Oops: 1, ImmediateOops: 0, NonImmediateOops: No
[3,434s][debug][gc,nmethod     ] Register NMethod: com.github.benmanes.caffeine.cache.BoundedLocalCache.lambda$notifyRemoval$1 (0x00007cb614327c88) [0x00007cb614327d80, 0x00007cb6143283c8] Compiler: c1, Barriers: 1, Oops: 2, ImmediateOops: 2, NonImmediateOops: No
[3,434s][debug][gc,nmethod     ] Register NMethod: com.github.benmanes.caffeine.cache.PS.retire (0x00007cb614328408) [0x00007cb614328500, 0x00007cb614329720] Compiler: c1, Barriers: 3, Oops: 8, ImmediateOops: 11, NonImmediateOops: No
[3,435s][debug][gc,nmethod     ] Register NMethod: java.lang.StringLatin1.canEncode (0x00007cb614329788) [0x00007cb614329880, 0x00007cb6143299b0] Compiler: c1, Barriers: 0, Oops: 0, ImmediateOops: 0, NonImmediateOops: No
[3,435s][debug][gc,nmethod     ] Register NMethod: java.util.concurrent.locks.AbstractQueuedSynchronizer$ConditionObject.canReacquire (0x00007cb614329a88) [0x00007cb614329b80, 0x00007cb61432a150] Compiler: c1, Barriers: 5, Oops: 0, ImmediateOops: 0, NonImmediateOops: No
[3,435s][debug][gc,director    ] Rule Major: Warmup 10%, Used: 788MB, UsedThreshold: 1228MB
[3,435s][debug][gc,director    ] Rule Minor: High Usage, Free: 11458MB(93,2%)
[3,435s][debug][gc,nmethod     ] Register NMethod: java.io.PrintStream.ensureOpen (0x00007cb61432a188) [0x00007cb61432a280, 0x00007cb61432a4b0] Compiler: c1, Barriers: 1, Oops: 0, ImmediateOops: 1, NonImmediateOops: No
[3,436s][debug][gc,nmethod     ] Register NMethod: java.lang.ThreadLocal.set (0x00007cb61432a508) [0x00007cb61432a600, 0x00007cb61432abc8] Compiler: c1, Barriers: 0, Oops: 0, ImmediateOops: 0, NonImmediateOops: No
[3,436s][debug][gc,nmethod     ] Register NMethod: java.lang.invoke.VarHandleGuards.guard_LJ_V (0x00007cb61432ac08) [0x00007cb61432ad00, 0x00007cb61432f8b0] Compiler: c1, Barriers: 46, Oops: 1, ImmediateOops: 6, NonImmediateOops: No
[3,436s][debug][gc,nmethod     ] Register NMethod: java.lang.ThreadLocal.set (0x00007cb61432f908) [0x00007cb61432fa00, 0x00007cb614330068] Compiler: c1, Barriers: 1, Oops: 0, ImmediateOops: 0, NonImmediateOops: No
[3,437s][debug][gc,nmethod     ] Register NMethod: org.gradle.internal.remote.internal.hub.queue.MultiEndPointQueue.flush (0x00007cb614330088) [0x00007cb614330180, 0x00007cb6143340e0] Compiler: c1, Barriers: 14, Oops: 5, ImmediateOops: 6, NonImmediateOops: No
[3,437s][debug][gc,nmethod     ] Register NMethod: java.lang.StringUTF16.newBytesLength (0x00007cb614334188) [0x00007cb614334280, 0x00007cb614335530] Compiler: c1, Barriers: 0, Oops: 2, ImmediateOops: 3, NonImmediateOops: No
[3,437s][debug][gc,nmethod     ] Register NMethod: org.gradle.internal.id.CompositeIdGenerator$CompositeId.getScope (0x00007cb632edfe88) [0x00007cb632edff80, 0x00007cb632ee0068] Compiler: c1, Barriers: 1, Oops: 1, ImmediateOops: 0, NonImmediateOops: No
[3,437s][debug][gc,nmethod     ] Register NMethod: org.gradle.internal.id.CompositeIdGenerator$CompositeId.getId (0x00007cb632ee0188) [0x00007cb632ee0280, 0x00007cb632ee0368] Compiler: c1, Barriers: 1, Oops: 1, ImmediateOops: 0, NonImmediateOops: No
[3,437s][debug][gc,nmethod     ] Register NMethod: java.lang.StringUTF16.toBytes (0x00007cb614335588) [0x00007cb614335680, 0x00007cb614335960] Compiler: c1, Barriers: 0, Oops: 0, ImmediateOops: 0, NonImmediateOops: No
[3,437s][debug][gc,nmethod     ] Register NMethod: java.lang.ThreadLocal.initialValue (0x00007cb632ee0488) [0x00007cb632ee0580, 0x00007cb632ee0648] Compiler: c1, Barriers: 0, Oops: 0, ImmediateOops: 0, NonImmediateOops: No
[3,437s][debug][gc,nmethod     ] Register NMethod: java.util.concurrent.ConcurrentHashMap.size (0x00007cb614335988) [0x00007cb614335a80, 0x00007cb614335e50] Compiler: c1, Barriers: 0, Oops: 0, ImmediateOops: 0, NonImmediateOops: No
[3,438s][debug][gc,nmethod     ] Register NMethod: com.esotericsoftware.kryo.io.Output.writeString_slow (0x00007cb614335e88) [0x00007cb614335f80, 0x00007cb614336818] Compiler: c1, Barriers: 5, Oops: 1, ImmediateOops: 0, NonImmediateOops: No
[3,438s][debug][gc,nmethod     ] Register NMethod: com.github.benmanes.caffeine.cache.BoundedLocalCache$EntryIterator.<init> (0x00007cb614336888) [0x00007cb614336980, 0x00007cb614336e78] Compiler: c1, Barriers: 7, Oops: 1, ImmediateOops: 0, NonImmediateOops: No
[3,438s][debug][gc,nmethod     ] Register NMethod: com.github.benmanes.caffeine.cache.BoundedLocalCache$EntrySetView.iterator (0x00007cb614336e88) [0x00007cb614336f80, 0x00007cb614337568] Compiler: c1, Barriers: 8, Oops: 1, ImmediateOops: 0, NonImmediateOops: No
[3,438s][debug][gc,nmethod     ] Register NMethod: com.github.benmanes.caffeine.cache.BoundedLocalCache.entrySet (0x00007cb614337588) [0x00007cb614337680, 0x00007cb614337b50] Compiler: c1, Barriers: 7, Oops: 1, ImmediateOops: 0, NonImmediateOops: No
[3,439s][debug][gc,nmethod     ] Register NMethod: java.util.concurrent.locks.ReentrantReadWriteLock$Sync.exclusiveCount (0x00007cb614337b88) [0x00007cb614337c80, 0x00007cb614337d70] Compiler: c1, Barriers: 0, Oops: 0, ImmediateOops: 0, NonImmediateOops: No
[3,441s][debug][gc,nmethod     ] Register NMethod: java.security.MessageDigest.digest (0x00007cb614337e88) [0x00007cb614337f80, 0x00007cb6143384e8] Compiler: c1, Barriers: 1, Oops: 0, ImmediateOops: 0, NonImmediateOops: No
[3,441s][debug][gc,nmethod     ] Register NMethod: io.sirix.access.ResourceConfiguration$ResourcePaths.getPath (0x00007cb632ee0788) [0x00007cb632ee0880, 0x00007cb632ee0968] Compiler: c1, Barriers: 1, Oops: 1, ImmediateOops: 0, NonImmediateOops: No
[3,442s][debug][gc,nmethod     ] Register NMethod: io.sirix.axis.filter.xml.XmlNameFilter.filter (0x00007cb632ee0a88) [0x00007cb632ee0b80, 0x00007cb632ee1b28] Compiler: jvmci, Barriers: 14, Oops: 4, ImmediateOops: 0, NonImmediateOops: No
[3,442s][debug][gc,nmethod     ] Register NMethod: com.google.gson.stream.JsonWriter.string (0x00007cb614338508) [0x00007cb614338600, 0x00007cb61433a300] Compiler: c1, Barriers: 9, Oops: 2, ImmediateOops: 6, NonImmediateOops: No
[3,442s][debug][gc,nmethod     ] Register NMethod: com.google.gson.stream.JsonWriter.peek (0x00007cb61433a388) [0x00007cb61433a480, 0x00007cb61433a6e8] Compiler: c1, Barriers: 1, Oops: 1, ImmediateOops: 1, NonImmediateOops: No
[3,442s][debug][gc,nmethod     ] Register NMethod: sun.nio.fs.UnixPath.initOffsets (0x00007cb61433a708) [0x00007cb61433a800, 0x00007cb61433b1e8] Compiler: c1, Barriers: 8, Oops: 0, ImmediateOops: 0, NonImmediateOops: No
[3,445s][debug][gc,nmethod     ] Register NMethod: java.security.MessageDigest.<init> (0x00007cb61433b208) [0x00007cb61433b300, 0x00007cb61433b5b0] Compiler: c1, Barriers: 6, Oops: 0, ImmediateOops: 0, NonImmediateOops: No
[3,445s][debug][gc,nmethod     ] Register NMethod: com.google.common.base.Preconditions.checkNotNull (0x00007cb61433b608) [0x00007cb61433b700, 0x00007cb61433b8d0] Compiler: c1, Barriers: 0, Oops: 1, ImmediateOops: 0, NonImmediateOops: No
[3,445s][debug][gc,director    ] Rule Major: Warmup 10%, Used: 792MB, UsedThreshold: 1228MB
[3,445s][debug][gc,director    ] Rule Minor: High Usage, Free: 11454MB(93,2%)
[3,445s][debug][gc,nmethod     ] Register NMethod: java.security.MessageDigest$Delegate$CloneableDelegate.<init> (0x00007cb61433b908) [0x00007cb61433ba00, 0x00007cb61433bde8] Compiler: c1, Barriers: 9, Oops: 0, ImmediateOops: 0, NonImmediateOops: No
[3,445s][debug][gc,nmethod     ] Register NMethod: java.security.MessageDigest$Delegate.<init> (0x00007cb61433be08) [0x00007cb61433bf00, 0x00007cb61433c280] Compiler: c1, Barriers: 9, Oops: 0, ImmediateOops: 0, NonImmediateOops: No
[3,446s][debug][gc,nmethod     ] Register NMethod: net.jpountz.lz4.LZ4Compressor.maxCompressedLength (0x00007cb61433c288) [0x00007cb61433c380, 0x00007cb61433c4b0] Compiler: c1, Barriers: 0, Oops: 1, ImmediateOops: 0, NonImmediateOops: No
[3,446s][debug][gc,nmethod     ] Register NMethod: java.security.MessageDigest$Delegate.clone (0x00007cb61433c588) [0x00007cb61433c680, 0x00007cb61433d328] Compiler: c1, Barriers: 12, Oops: 0, ImmediateOops: 0, NonImmediateOops: No
[3,446s][debug][gc,nmethod     ] Register NMethod: net.jpountz.lz4.LZ4BlockOutputStream.close (0x00007cb61433d388) [0x00007cb61433d480, 0x00007cb61433d8f8] Compiler: c1, Barriers: 4, Oops: 1, ImmediateOops: 0, NonImmediateOops: No
[3,446s][debug][gc,nmethod     ] Register NMethod: net.jpountz.lz4.LZ4BlockOutputStream.<init> (0x00007cb61433d908) [0x00007cb61433da00, 0x00007cb61433e408] Compiler: c1, Barriers: 18, Oops: 1, ImmediateOops: 1, NonImmediateOops: No
[3,446s][debug][gc,nmethod     ] Register NMethod: sun.security.provider.SHA2$SHA256.clone (0x00007cb61433e488) [0x00007cb61433e580, 0x00007cb61433ef90] Compiler: c1, Barriers: 14, Oops: 0, ImmediateOops: 0, NonImmediateOops: No
[3,447s][debug][gc,nmethod     ] Register NMethod: io.sirix.page.KeyValueLeafPage.addReferences (0x00007cb632ee1b88) [0x00007cb632ee1c80, 0x00007cb632ee5a00] Compiler: jvmci, Barriers: 41, Oops: 5, ImmediateOops: 3, NonImmediateOops: No
[3,447s][debug][gc,nmethod     ] Register NMethod: net.jpountz.lz4.LZ4BlockOutputStream.finish (0x00007cb61433f008) [0x00007cb61433f100, 0x00007cb61433fa08] Compiler: c1, Barriers: 6, Oops: 1, ImmediateOops: 1, NonImmediateOops: No
[3,447s][debug][gc,nmethod     ] Register NMethod: net.jpountz.lz4.LZ4BlockOutputStream.write (0x00007cb61433fa88) [0x00007cb61433fb80, 0x00007cb614340628] Compiler: c1, Barriers: 2, Oops: 1, ImmediateOops: 2, NonImmediateOops: No
[3,447s][debug][gc,nmethod     ] Register NMethod: java.security.MessageDigest$Delegate.engineGetDigestLength (0x00007cb614340688) [0x00007cb614340780, 0x00007cb614340ac0] Compiler: c1, Barriers: 1, Oops: 0, ImmediateOops: 0, NonImmediateOops: No
[3,447s][debug][gc,nmethod     ] Register NMethod: com.google.common.hash.MessageDigestHashFunction$MessageDigestHasher.<init> (0x00007cb614340b08) [0x00007cb614340c00, 0x00007cb614341158] Compiler: c1, Barriers: 6, Oops: 1, ImmediateOops: 1, NonImmediateOops: No
[3,447s][debug][gc,nmethod     ] Register NMethod: com.google.common.hash.HashCode$BytesHashCode.<init> (0x00007cb614341188) [0x00007cb614341280, 0x00007cb6143415f8] Compiler: c1, Barriers: 3, Oops: 1, ImmediateOops: 0, NonImmediateOops: No
[3,448s][debug][gc,nmethod     ] Register NMethod: io.sirix.page.PagePersister.serializePage (0x00007cb614341608) [0x00007cb614341700, 0x00007cb614342430] Compiler: c1, Barriers: 1, Oops: 2, ImmediateOops: 1, NonImmediateOops: No
[3,448s][debug][gc,nmethod     ] Register NMethod: io.sirix.page.PageKind.getKind (0x00007cb614342488) [0x00007cb614342580, 0x00007cb614342e08] Compiler: c1, Barriers: 1, Oops: 2, ImmediateOops: 1, NonImmediateOops: No
[3,448s][debug][gc,nmethod     ] Register NMethod: com.google.common.hash.HashCode.fromBytesNoCopy (0x00007cb614342e88) [0x00007cb614342f80, 0x00007cb614343390] Compiler: c1, Barriers: 3, Oops: 1, ImmediateOops: 0, NonImmediateOops: No
[3,448s][debug][gc,nmethod     ] Register NMethod: java.security.MessageDigest.getDigestLength (0x00007cb614343408) [0x00007cb614343500, 0x00007cb6143445b0] Compiler: c1, Barriers: 2, Oops: 0, ImmediateOops: 0, NonImmediateOops: No
[3,448s][debug][gc,nmethod     ] Register NMethod: io.sirix.io.bytepipe.LZ4Compressor.serialize (0x00007cb614344608) [0x00007cb614344700, 0x00007cb614344bb8] Compiler: c1, Barriers: 1, Oops: 1, ImmediateOops: 0, NonImmediateOops: No
[3,449s][debug][gc,nmethod     ] Register NMethod: sun.security.provider.SHA2.implDigest (0x00007cb614344c08) [0x00007cb614344d00, 0x00007cb614346e98] Compiler: c1, Barriers: 4, Oops: 5, ImmediateOops: 12, NonImmediateOops: No
[3,449s][debug][gc,nmethod     ] Register NMethod: com.google.common.hash.MessageDigestHashFunction$MessageDigestHasher.<init> (0x00007cb614346f08) [0x00007cb614347000, 0x00007cb6143475c0] Compiler: c1, Barriers: 6, Oops: 1, ImmediateOops: 1, NonImmediateOops: No
[3,449s][debug][gc,nmethod     ] Register NMethod: net.jpountz.lz4.LZ4BlockOutputStream.<init> (0x00007cb614347608) [0x00007cb614347700, 0x00007cb61434a440] Compiler: c1, Barriers: 36, Oops: 5, ImmediateOops: 38, NonImmediateOops: No
[3,449s][debug][gc,nmethod     ] Register NMethod: net.jpountz.lz4.LZ4BlockOutputStream.<init> (0x00007cb61434a488) [0x00007cb61434a580, 0x00007cb61434d918] Compiler: c1, Barriers: 39, Oops: 5, ImmediateOops: 38, NonImmediateOops: No
[3,449s][debug][gc,nmethod     ] Register NMethod: net.jpountz.lz4.LZ4BlockOutputStream.<init> (0x00007cb61434d988) [0x00007cb61434da80, 0x00007cb614350810] Compiler: c1, Barriers: 36, Oops: 5, ImmediateOops: 38, NonImmediateOops: No
[3,450s][debug][gc,nmethod     ] Register NMethod: io.sirix.access.trx.node.xml.XmlNodeReadOnlyTrxImpl.isNameNode (0x00007cb632ee5a88) [0x00007cb632ee5b80, 0x00007cb632ee5d10] Compiler: jvmci, Barriers: 1, Oops: 1, ImmediateOops: 0, NonImmediateOops: No
[3,451s][debug][gc,nmethod     ] Register NMethod: io.sirix.io.filechannel.FileChannelWriter.writePageReference (0x00007cb614350888) [0x00007cb614350980, 0x00007cb614359b10] Compiler: c1, Barriers: 52, Oops: 5, ImmediateOops: 14, NonImmediateOops: No
[3,452s][debug][gc,nmethod     ] Register NMethod: io.sirix.io.filechannel.FileChannelWriter.delegate (0x00007cb632ee5d88) [0x00007cb632ee5e80, 0x00007cb632ee5f68] Compiler: c1, Barriers: 1, Oops: 1, ImmediateOops: 0, NonImmediateOops: No
[3,452s][debug][gc,nmethod     ] Register NMethod: sun.nio.ch.UnixFileDispatcherImpl.pread (0x00007cb614359b88) [0x00007cb614359c80, 0x00007cb614359dc0] Compiler: c1, Barriers: 0, Oops: 0, ImmediateOops: 0, NonImmediateOops: No
[3,452s][debug][gc,nmethod     ] Register NMethod: sun.nio.ch.FileChannelImpl.read (0x00007cb614359e88) [0x00007cb614359f80, 0x00007cb61435a1c8] Compiler: c1, Barriers: 0, Oops: 0, ImmediateOops: 1, NonImmediateOops: No
[3,453s][debug][gc,nmethod     ] Register NMethod: com.github.benmanes.caffeine.cache.BoundedLocalCache.expireAfterCreate (0x00007cb61435a208) [0x00007cb61435a300, 0x00007cb61435a630] Compiler: c1, Barriers: 0, Oops: 1, ImmediateOops: 0, NonImmediateOops: No
[3,453s][debug][gc,nmethod     ] Register NMethod: sun.nio.ch.FileChannelImpl.implRead (0x00007cb61435a688) [0x00007cb61435a780, 0x00007cb61435b178] Compiler: c1, Barriers: 0, Oops: 0, ImmediateOops: 2, NonImmediateOops: No
[3,453s][debug][gc,nmethod     ] Register NMethod: java.nio.ByteBuffer.base (0x00007cb632ee6088) [0x00007cb632ee6180, 0x00007cb632ee6268] Compiler: c1, Barriers: 1, Oops: 0, ImmediateOops: 0, NonImmediateOops: No
[3,453s][debug][gc,nmethod     ] Register NMethod: sun.nio.ch.FileChannelImpl.readInternal (0x00007cb61435b188) [0x00007cb61435b280, 0x00007cb61435d2a0] Compiler: c1, Barriers: 7, Oops: 0, ImmediateOops: 3, NonImmediateOops: No
[3,454s][debug][gc,nmethod     ] Register NMethod: com.github.benmanes.caffeine.cache.Node.<init> (0x00007cb61435d308) [0x00007cb61435d400, 0x00007cb61435d558] Compiler: c1, Barriers: 0, Oops: 1, ImmediateOops: 0, NonImmediateOops: No
[3,454s][debug][gc,nmethod     ] Register NMethod: io.sirix.access.trx.node.xml.XmlNodeReadOnlyTrxImpl.getLocalNameKey (0x00007cb632ee6388) [0x00007cb632ee6480, 0x00007cb632ee6b00] Compiler: jvmci, Barriers: 5, Oops: 3, ImmediateOops: 0, NonImmediateOops: No
[3,455s][debug][gc,nmethod     ] Register NMethod: ch.qos.logback.classic.Logger.debug (0x00007cb61435d608) [0x00007cb61435d700, 0x00007cb61435d870] Compiler: c1, Barriers: 0, Oops: 1, ImmediateOops: 2, NonImmediateOops: No
[3,455s][debug][gc,director    ] Rule Major: Warmup 10%, Used: 792MB, UsedThreshold: 1228MB
[3,456s][debug][gc,director    ] Rule Minor: High Usage, Free: 11454MB(93,2%)
[3,456s][debug][gc,nmethod     ] Register NMethod: io.sirix.access.trx.page.NodePageReadOnlyTrx$PageFragmentsResult.originalKeys (0x00007cb632ee6b88) [0x00007cb632ee6c80, 0x00007cb632ee6d68] Compiler: c1, Barriers: 1, Oops: 1, ImmediateOops: 0, NonImmediateOops: No
[3,456s][debug][gc,nmethod     ] Register NMethod: io.sirix.access.trx.page.NodePageReadOnlyTrx$PageFragmentsResult.storageKeyForFirstFragment (0x00007cb632ee6e88) [0x00007cb632ee6f80, 0x00007cb632ee7040] Compiler: c1, Barriers: 0, Oops: 1, ImmediateOops: 0, NonImmediateOops: No
[3,456s][debug][gc,nmethod     ] Register NMethod: io.sirix.BinaryEncodingVersion.fromByte (0x00007cb61435d908) [0x00007cb61435da00, 0x00007cb61435e180] Compiler: c1, Barriers: 1, Oops: 1, ImmediateOops: 1, NonImmediateOops: No
[3,457s][debug][gc,nmethod     ] Register NMethod: com.github.benmanes.caffeine.cache.LocalCache.notifyOnReplace (0x00007cb61435e208) [0x00007cb61435e300, 0x00007cb61435f9a8] Compiler: c1, Barriers: 12, Oops: 3, ImmediateOops: 3, NonImmediateOops: No
[3,457s][debug][gc,nmethod     ] Register NMethod: com.github.benmanes.caffeine.cache.PS.<init> (0x00007cb61435fa08) [0x00007cb61435fb00, 0x00007cb614361ee0] Compiler: c1, Barriers: 6, Oops: 9, ImmediateOops: 16, NonImmediateOops: No
[3,457s][debug][gc,nmethod     ] Register NMethod: com.sun.org.apache.xerces.internal.xni.XMLString.<init> (0x00007cb614361f88) [0x00007cb614362080, 0x00007cb6143621d8] Compiler: c1, Barriers: 0, Oops: 0, ImmediateOops: 0, NonImmediateOops: No
[3,457s][debug][gc,nmethod     ] Register NMethod: com.sun.org.apache.xerces.internal.util.FeatureState.isExceptional (0x00007cb614362288) [0x00007cb614362380, 0x00007cb614362698] Compiler: c1, Barriers: 1, Oops: 0, ImmediateOops: 0, NonImmediateOops: No
[3,458s][debug][gc,nmethod     ] Register NMethod: com.github.benmanes.caffeine.cache.PS.isDead (0x00007cb614362708) [0x00007cb614362800, 0x00007cb614363c40] Compiler: c1, Barriers: 1, Oops: 7, ImmediateOops: 9, NonImmediateOops: No
[3,458s][debug][gc,nmethod     ] Register NMethod: com.github.benmanes.caffeine.cache.PS.die (0x00007cb614363c88) [0x00007cb614363d80, 0x00007cb614365d58] Compiler: c1, Barriers: 6, Oops: 10, ImmediateOops: 17, NonImmediateOops: No
[3,458s][debug][gc,nmethod     ] Register NMethod: com.github.benmanes.caffeine.cache.BoundedLocalCache$RemovalTask.run (0x00007cb614365e08) [0x00007cb614365f00, 0x00007cb614369208] Compiler: c1, Barriers: 13, Oops: 1, ImmediateOops: 0, NonImmediateOops: No
[3,459s][debug][gc,nmethod     ] Register NMethod: com.sun.org.apache.xerces.internal.util.SymbolTable$Entry.<init> (0x00007cb614369288) [0x00007cb614369380, 0x00007cb614369a58] Compiler: c1, Barriers: 10, Oops: 0, ImmediateOops: 0, NonImmediateOops: No
[3,459s][debug][gc,nmethod     ] Register NMethod: it.unimi.dsi.fastutil.ints.Int2ObjectOpenHashMap.containsKey (0x00007cb614369a88) [0x00007cb614369b80, 0x00007cb614369f80] Compiler: c1, Barriers: 1, Oops: 1, ImmediateOops: 0, NonImmediateOops: No
[3,459s][debug][gc,nmethod     ] Register NMethod: com.github.benmanes.caffeine.cache.BoundedLocalCache.makeDead (0x00007cb61436a008) [0x00007cb61436a100, 0x00007cb61436fbb8] Compiler: c1, Barriers: 7, Oops: 11, ImmediateOops: 26, NonImmediateOops: No
[3,460s][debug][gc,nmethod     ] Register NMethod: com.github.benmanes.caffeine.cache.BoundedLocalCache$AddTask.run (0x00007cb61436fc88) [0x00007cb61436fd80, 0x00007cb61437c6d0] Compiler: c1, Barriers: 37, Oops: 11, ImmediateOops: 38, NonImmediateOops: No
[3,460s][debug][gc,nmethod     ] Register NMethod: io.sirix.index.path.summary.PathSummaryReader.lambda$putQNameMapping$0 (0x00007cb61437c788) [0x00007cb61437c880, 0x00007cb61437cd18] Compiler: c1, Barriers: 3, Oops: 1, ImmediateOops: 0, NonImmediateOops: No
[3,460s][debug][gc,nmethod     ] Register NMethod: io.sirix.index.path.summary.PathSummaryReader$$Lambda/0x00000000262b63f8.apply (0x00007cb61437cd88) [0x00007cb61437ce80, 0x00007cb61437d5a0] Compiler: c1, Barriers: 3, Oops: 1, ImmediateOops: 0, NonImmediateOops: No
[3,466s][debug][gc,director    ] Rule Major: Warmup 10%, Used: 794MB, UsedThreshold: 1228MB
[3,466s][debug][gc,director    ] Rule Minor: High Usage, Free: 11452MB(93,2%)
[3,468s][debug][gc,nmethod     ] Register NMethod: io.sirix.axis.AbstractAxis.tryToComputeNext (0x00007cb632ee7188) [0x00007cb632ee7280, 0x00007cb632ee9ce8] Compiler: jvmci, Barriers: 85, Oops: 2, ImmediateOops: 7, NonImmediateOops: No
[3,474s][debug][gc,nmethod     ] Register NMethod: io.sirix.page.AbstractForwardingPage.getOrCreateReference (0x00007cb632ee9d08) [0x00007cb632ee9e00, 0x00007cb632eea330] Compiler: jvmci, Barriers: 8, Oops: 1, ImmediateOops: 0, NonImmediateOops: No
[3,475s][debug][gc,nmethod     ] Register NMethod: io.sirix.node.xml.AbstractStructForwardingNode.getFirstChildKey (0x00007cb632eea388) [0x00007cb632eea480, 0x00007cb632eea620] Compiler: jvmci, Barriers: 2, Oops: 1, ImmediateOops: 0, NonImmediateOops: No
[3,476s][debug][gc,director    ] Rule Major: Warmup 10%, Used: 798MB, UsedThreshold: 1228MB
[3,476s][debug][gc,director    ] Rule Minor: High Usage, Free: 11448MB(93,2%)
[3,476s][debug][gc,alloc       ] Mutator Allocation Rate: 352,4MB/s Predicted: 365,2MB/s, Avg: 303,0(+/-49,0)MB/s
[3,477s][debug][gc,director    ] Rule Major: Warmup 10%, Used: 800MB, UsedThreshold: 1228MB
[3,477s][debug][gc,director    ] Rule Minor: High Usage, Free: 11446MB(93,1%)
[3,478s][debug][gc,nmethod     ] Register NMethod: io.sirix.page.KeyValueLeafPage.processEntries (0x00007cb632eea688) [0x00007cb632eea780, 0x00007cb632ef1800] Compiler: jvmci, Barriers: 205, Oops: 15, ImmediateOops: 7, NonImmediateOops: No
[3,479s][debug][gc,nmethod     ] Register NMethod: io.sirix.page.PageKind$1.deserializePage (0x00007cb632ef1888) [0x00007cb632ef1980, 0x00007cb632ef4720] Compiler: jvmci, Barriers: 34, Oops: 5, ImmediateOops: 0, NonImmediateOops: No
[3,480s][debug][gc,nmethod     ] Register NMethod: java.util.regex.Pattern$CharPropertyGreedy.match (0x00007cb632ef4788) [0x00007cb632ef4880, 0x00007cb632ef5d10] Compiler: jvmci, Barriers: 15, Oops: 0, ImmediateOops: 0, NonImmediateOops: No
[3,483s][debug][gc,nmethod     ] Register NMethod: io.sirix.page.IndirectPage.getOrCreateReference (0x00007cb61437d608) [0x00007cb61437d700, 0x00007cb61437ec00] Compiler: c1, Barriers: 8, Oops: 1, ImmediateOops: 0, NonImmediateOops: No
[3,487s][debug][gc,director    ] Rule Major: Warmup 10%, Used: 804MB, UsedThreshold: 1228MB
[3,487s][debug][gc,director    ] Rule Minor: High Usage, Free: 11442MB(93,1%)
[3,497s][debug][gc,director    ] Rule Major: Warmup 10%, Used: 810MB, UsedThreshold: 1228MB
[3,497s][debug][gc,director    ] Rule Minor: High Usage, Free: 11436MB(93,1%)
[3,504s][debug][gc,nmethod     ] Register NMethod: com.sun.org.apache.xerces.internal.util.SymbolTable.addSymbol0 (0x00007cb61437ec88) [0x00007cb61437ed80, 0x00007cb61437f848] Compiler: c1, Barriers: 14, Oops: 0, ImmediateOops: 0, NonImmediateOops: No
[3,507s][debug][gc,director    ] Rule Major: Warmup 10%, Used: 820MB, UsedThreshold: 1228MB
[3,507s][debug][gc,director    ] Rule Minor: High Usage, Free: 11426MB(93,0%)
[3,513s][debug][gc,nmethod     ] Register NMethod: sun.nio.cs.UTF_8$Decoder.decodeArrayLoop (0x00007cb632ef5d88) [0x00007cb632ef5e80, 0x00007cb632ef74c0] Compiler: jvmci, Barriers: 2, Oops: 0, ImmediateOops: 1, NonImmediateOops: No
[3,517s][debug][gc,director    ] Rule Major: Warmup 10%, Used: 828MB, UsedThreshold: 1228MB
[3,517s][debug][gc,director    ] Rule Minor: High Usage, Free: 11418MB(92,9%)
[3,523s][debug][gc,nmethod     ] Register NMethod: io.brackit.query.atomic.QNm.hashCode (0x00007cb632ef7508) [0x00007cb632ef7600, 0x00007cb632ef7938] Compiler: jvmci, Barriers: 4, Oops: 1, ImmediateOops: 0, NonImmediateOops: No
[3,527s][debug][gc,director    ] Rule Major: Warmup 10%, Used: 834MB, UsedThreshold: 1228MB
[3,527s][debug][gc,director    ] Rule Minor: High Usage, Free: 11412MB(92,9%)
[3,534s][debug][gc,nmethod     ] Register NMethod: io.sirix.page.PageKind$1.serializePage (0x00007cb632ef7988) [0x00007cb632ef7a80, 0x00007cb632f00268] Compiler: jvmci, Barriers: 124, Oops: 16, ImmediateOops: 5, NonImmediateOops: No
[3,538s][debug][gc,director    ] Rule Major: Warmup 10%, Used: 842MB, UsedThreshold: 1228MB
[3,538s][debug][gc,director    ] Rule Minor: High Usage, Free: 11404MB(92,8%)
[3,539s][debug][gc,nmethod     ] Register NMethod: io.sirix.utils.OS.isWindows (0x00007cb632f00308) [0x00007cb632f00400, 0x00007cb632f00468] Compiler: jvmci, Barriers: 0, Oops: 1, ImmediateOops: 0, NonImmediateOops: No
[3,547s][debug][gc,nmethod     ] Register NMethod: io.sirix.access.trx.page.NodePageReadOnlyTrx.getUberPage (0x00007cb61437f888) [0x00007cb61437f980, 0x00007cb61437fdf0] Compiler: c1, Barriers: 1, Oops: 1, ImmediateOops: 1, NonImmediateOops: No
[3,548s][debug][gc,director    ] Rule Major: Warmup 10%, Used: 848MB, UsedThreshold: 1228MB
[3,548s][debug][gc,director    ] Rule Minor: High Usage, Free: 11398MB(92,8%)
[3,555s][debug][gc,nmethod     ] Register NMethod: com.sun.org.apache.xerces.internal.util.SymbolTable.hash (0x00007cb61437fe08) [0x00007cb61437ff00, 0x00007cb6143802b8] Compiler: c1, Barriers: 1, Oops: 0, ImmediateOops: 0, NonImmediateOops: No
[3,557s][debug][gc,nmethod     ] Register NMethod: io.sirix.access.trx.page.NodePageTrx$1.removeEldestEntry (0x00007cb614380308) [0x00007cb614380400, 0x00007cb614380b68] Compiler: c1, Barriers: 0, Oops: 1, ImmediateOops: 0, NonImmediateOops: No
[3,558s][debug][gc,director    ] Rule Major: Warmup 10%, Used: 858MB, UsedThreshold: 1228MB
[3,558s][debug][gc,director    ] Rule Minor: High Usage, Free: 11388MB(92,7%)
[3,559s][debug][gc,nmethod     ] Register NMethod: io.sirix.access.trx.page.AbstractForwardingPageReadOnlyTrx.getUberPage (0x00007cb614380b88) [0x00007cb614380c80, 0x00007cb6143811b8] Compiler: c1, Barriers: 2, Oops: 1, ImmediateOops: 1, NonImmediateOops: No
[3,565s][debug][gc,nmethod     ] Register NMethod: java.util.concurrent.CountedCompleter.<init> (0x00007cb614381208) [0x00007cb614381300, 0x00007cb614381530] Compiler: c1, Barriers: 3, Oops: 0, ImmediateOops: 0, NonImmediateOops: No
[3,565s][debug][gc,nmethod     ] Register NMethod: java.util.ArrayList$ArrayListSpliterator.trySplit (0x00007cb614381588) [0x00007cb614381680, 0x00007cb614381978] Compiler: c1, Barriers: 0, Oops: 0, ImmediateOops: 0, NonImmediateOops: No
[3,566s][debug][gc,nmethod     ] Register NMethod: java.util.stream.ForEachOps$ForEachTask.<init> (0x00007cb614381988) [0x00007cb614381a80, 0x00007cb614381ee8] Compiler: c1, Barriers: 14, Oops: 0, ImmediateOops: 0, NonImmediateOops: No
[3,566s][debug][gc,nmethod     ] Register NMethod: java.util.concurrent.ForkJoinTask.fork (0x00007cb614381f08) [0x00007cb614382000, 0x00007cb614382a38] Compiler: c1, Barriers: 3, Oops: 1, ImmediateOops: 1, NonImmediateOops: No
[3,566s][debug][gc,nmethod     ] Register NMethod: io.sirix.access.trx.page.NodePageTrx.lambda$parallelSerializationOfKeyValuePages$0 (0x00007cb614382a88) [0x00007cb614382b80, 0x00007cb614382e68] Compiler: c1, Barriers: 0, Oops: 1, ImmediateOops: 0, NonImmediateOops: No
[3,566s][debug][gc,nmethod     ] Register NMethod: java.util.concurrent.CountedCompleter.exec (0x00007cb614382e88) [0x00007cb614382f80, 0x00007cb6143830d0] Compiler: c1, Barriers: 0, Oops: 0, ImmediateOops: 0, NonImmediateOops: No
[3,566s][debug][gc,nmethod     ] Register NMethod: java.util.ArrayList$ArrayListSpliterator.trySplit (0x00007cb614383188) [0x00007cb614383280, 0x00007cb614383810] Compiler: c1, Barriers: 5, Oops: 0, ImmediateOops: 0, NonImmediateOops: No
[3,566s][debug][gc,nmethod     ] Register NMethod: java.util.stream.ForEachOps$ForEachTask.compute (0x00007cb614383888) [0x00007cb614383980, 0x00007cb614385818] Compiler: c1, Barriers: 21, Oops: 1, ImmediateOops: 1, NonImmediateOops: No
[3,566s][debug][gc,nmethod     ] Register NMethod: java.util.concurrent.CountedCompleter.addToPendingCount (0x00007cb614385888) [0x00007cb614385980, 0x00007cb614385a88] Compiler: c1, Barriers: 0, Oops: 0, ImmediateOops: 0, NonImmediateOops: No
[3,566s][debug][gc,nmethod     ] Register NMethod: io.sirix.access.trx.page.NodePageTrx$$Lambda/0x0000000026297380.test (0x00007cb614385b88) [0x00007cb614385c80, 0x00007cb614386208] Compiler: c1, Barriers: 0, Oops: 1, ImmediateOops: 0, NonImmediateOops: No
[3,568s][debug][gc,nmethod     ] Register NMethod: java.util.stream.Nodes.builder (0x00007cb614386288) [0x00007cb614386380, 0x00007cb614386958] Compiler: c1, Barriers: 3, Oops: 0, ImmediateOops: 0, NonImmediateOops: No
[3,568s][debug][gc,director    ] Rule Major: Warmup 10%, Used: 872MB, UsedThreshold: 1228MB
[3,568s][debug][gc,director    ] Rule Minor: High Usage, Free: 11374MB(92,6%)
[3,568s][debug][gc,nmethod     ] Register NMethod: java.util.stream.SpinedBuffer.capacity (0x00007cb614386988) [0x00007cb614386a80, 0x00007cb614386d20] Compiler: c1, Barriers: 4, Oops: 0, ImmediateOops: 0, NonImmediateOops: No
[3,569s][debug][gc,nmethod     ] Register NMethod: java.util.concurrent.CountedCompleter.weakCompareAndSetPendingCount (0x00007cb614386d88) [0x00007cb614386e80, 0x00007cb614387190] Compiler: c1, Barriers: 0, Oops: 0, ImmediateOops: 1, NonImmediateOops: No
[3,569s][debug][gc,nmethod     ] Register NMethod: sun.security.provider.DigestBase.implCompressMultiBlockCheck (0x00007cb614387208) [0x00007cb614387300, 0x00007cb614387710] Compiler: c1, Barriers: 0, Oops: 1, ImmediateOops: 1, NonImmediateOops: No
[3,570s][debug][gc,nmethod     ] Register NMethod: com.google.common.hash.MessageDigestHashFunction$MessageDigestHasher.hash (0x00007cb614387788) [0x00007cb614387880, 0x00007cb61438a380] Compiler: c1, Barriers: 13, Oops: 2, ImmediateOops: 2, NonImmediateOops: No
[3,570s][debug][gc,nmethod     ] Register NMethod: java.util.stream.AbstractPipeline.evaluate (0x00007cb61438a408) [0x00007cb61438a500, 0x00007cb61438bc90] Compiler: c1, Barriers: 1, Oops: 0, ImmediateOops: 0, NonImmediateOops: No
[3,570s][debug][gc,nmethod     ] Register NMethod: io.sirix.access.trx.page.NodePageTrx$$Lambda/0x0000000026297138.apply (0x00007cb61438bd08) [0x00007cb61438be00, 0x00007cb61438c318] Compiler: c1, Barriers: 1, Oops: 1, ImmediateOops: 0, NonImmediateOops: No
[3,571s][debug][gc,nmethod     ] Register NMethod: java.util.stream.SpinedBuffer.copyInto (0x00007cb61438c388) [0x00007cb61438c480, 0x00007cb61438d078] Compiler: c1, Barriers: 7, Oops: 0, ImmediateOops: 1, NonImmediateOops: No
[3,571s][debug][gc,nmethod     ] Register NMethod: io.sirix.io.bytepipe.ByteHandlerPipeline.serialize (0x00007cb61438d088) [0x00007cb61438d180, 0x00007cb61438dda0] Compiler: c1, Barriers: 1, Oops: 1, ImmediateOops: 0, NonImmediateOops: No
[3,571s][debug][gc,nmethod     ] Register NMethod: java.util.ArrayList.forEach (0x00007cb61438de08) [0x00007cb61438df00, 0x00007cb61438e600] Compiler: c1, Barriers: 2, Oops: 0, ImmediateOops: 0, NonImmediateOops: No
[3,571s][debug][gc,nmethod     ] Register NMethod: java.util.stream.SpinedBuffer.ensureCapacity (0x00007cb61438e608) [0x00007cb61438e700, 0x00007cb61438ff00] Compiler: c1, Barriers: 26, Oops: 0, ImmediateOops: 0, NonImmediateOops: No
[3,571s][debug][gc,alloc       ] Mutator Allocation Rate: 377,0MB/s Predicted: 382,4MB/s, Avg: 310,4(+/-51,5)MB/s
[3,571s][debug][gc,director    ] Rule Major: Warmup 10%, Used: 896MB, UsedThreshold: 1228MB
[3,571s][debug][gc,director    ] Rule Minor: High Usage, Free: 11350MB(92,4%)
[3,571s][debug][gc,nmethod     ] Register NMethod: java.io.FilterOutputStream.close (0x00007cb61438ff08) [0x00007cb614390000, 0x00007cb614390fe8] Compiler: c1, Barriers: 4, Oops: 0, ImmediateOops: 0, NonImmediateOops: No
[3,572s][debug][gc,nmethod     ] Register NMethod: com.google.common.hash.AbstractByteHasher.putBytes (0x00007cb614391008) [0x00007cb614391100, 0x00007cb614391820] Compiler: c1, Barriers: 1, Oops: 2, ImmediateOops: 2, NonImmediateOops: No
[3,572s][debug][gc,nmethod     ] Register NMethod: com.google.common.hash.MessageDigestHashFunction$MessageDigestHasher.update (0x00007cb614391888) [0x00007cb614391980, 0x00007cb614391fd8] Compiler: c1, Barriers: 1, Oops: 2, ImmediateOops: 2, NonImmediateOops: No
[3,573s][debug][gc,nmethod     ] Register NMethod: java.util.stream.ReferencePipeline.makeNodeBuilder (0x00007cb614392008) [0x00007cb614392100, 0x00007cb614392238] Compiler: c1, Barriers: 0, Oops: 0, ImmediateOops: 0, NonImmediateOops: No
[3,573s][debug][gc,nmethod     ] Register NMethod: java.util.stream.Nodes$SpinedNodeBuilder.copyInto (0x00007cb614392308) [0x00007cb614392400, 0x00007cb614392540] Compiler: c1, Barriers: 0, Oops: 0, ImmediateOops: 0, NonImmediateOops: No
[3,573s][debug][gc,nmethod     ] Register NMethod: jdk.internal.foreign.ConfinedSession$ConfinedResourceList.cleanup (0x00007cb614392608) [0x00007cb614392700, 0x00007cb614392db0] Compiler: c1, Barriers: 5, Oops: 0, ImmediateOops: 4, NonImmediateOops: No
[3,573s][debug][gc,nmethod     ] Register NMethod: java.util.stream.Nodes$SpinedNodeBuilder.build (0x00007cb614392e08) [0x00007cb614392f00, 0x00007cb614393010] Compiler: c1, Barriers: 0, Oops: 0, ImmediateOops: 0, NonImmediateOops: No
[3,574s][debug][gc,nmethod     ] Register NMethod: java.util.stream.SortedOps$RefSortingSink.end (0x00007cb614393108) [0x00007cb614393200, 0x00007cb614394b18] Compiler: c1, Barriers: 20, Oops: 1, ImmediateOops: 2, NonImmediateOops: No
[3,574s][debug][gc,nmethod     ] Register NMethod: com.google.common.hash.MessageDigestHashFunction.newHasher (0x00007cb614394b88) [0x00007cb614394c80, 0x00007cb614396130] Compiler: c1, Barriers: 15, Oops: 1, ImmediateOops: 2, NonImmediateOops: No
[3,574s][debug][gc,nmethod     ] Register NMethod: java.util.stream.SpinedBuffer.clear (0x00007cb614396188) [0x00007cb614396280, 0x00007cb614396d00] Compiler: c1, Barriers: 19, Oops: 0, ImmediateOops: 0, NonImmediateOops: No
[3,574s][debug][gc,nmethod     ] Register NMethod: java.security.MessageDigest.update (0x00007cb614396d08) [0x00007cb614396e00, 0x00007cb614397540] Compiler: c1, Barriers: 1, Oops: 0, ImmediateOops: 2, NonImmediateOops: No
[3,574s][debug][gc,nmethod     ] Register NMethod: jdk.internal.foreign.ConfinedSession.justClose (0x00007cb614397588) [0x00007cb614397680, 0x00007cb614398f38] Compiler: c1, Barriers: 3, Oops: 5, ImmediateOops: 7, NonImmediateOops: No
[3,574s][debug][gc,nmethod     ] Register NMethod: java.util.stream.Nodes$SpinedNodeBuilder.end (0x00007cb614398f88) [0x00007cb614399080, 0x00007cb614399198] Compiler: c1, Barriers: 0, Oops: 0, ImmediateOops: 0, NonImmediateOops: No
[3,574s][debug][gc,nmethod     ] Register NMethod: java.util.stream.Nodes$SpinedNodeBuilder.asArray (0x00007cb614399288) [0x00007cb614399380, 0x00007cb6143994c0] Compiler: c1, Barriers: 0, Oops: 0, ImmediateOops: 0, NonImmediateOops: No
[3,574s][debug][gc,nmethod     ] Register NMethod: java.util.stream.Nodes$SpinedNodeBuilder.begin (0x00007cb614399588) [0x00007cb614399680, 0x00007cb614399b98] Compiler: c1, Barriers: 0, Oops: 0, ImmediateOops: 0, NonImmediateOops: No
[3,574s][debug][gc,nmethod     ] Register NMethod: java.util.ArrayList.sortRange (0x00007cb614399c08) [0x00007cb614399d00, 0x00007cb614399f30] Compiler: c1, Barriers: 1, Oops: 0, ImmediateOops: 0, NonImmediateOops: No
[3,574s][debug][gc,nmethod     ] Register NMethod: java.util.ArrayList.sort (0x00007cb614399f88) [0x00007cb61439a080, 0x00007cb61439a1e0] Compiler: c1, Barriers: 0, Oops: 0, ImmediateOops: 0, NonImmediateOops: No
[3,574s][debug][gc,nmethod     ] Register NMethod: java.util.stream.ReferencePipeline$$Lambda/0x0000000026241c58.apply (0x00007cb61439a288) [0x00007cb61439a380, 0x00007cb61439a560] Compiler: c1, Barriers: 0, Oops: 0, ImmediateOops: 0, NonImmediateOops: No
[3,574s][debug][gc,nmethod     ] Register NMethod: java.util.stream.SpinedBuffer.asArray (0x00007cb61439a588) [0x00007cb61439a680, 0x00007cb61439b170] Compiler: c1, Barriers: 1, Oops: 0, ImmediateOops: 1, NonImmediateOops: No
[3,574s][debug][gc,nmethod     ] Register NMethod: java.lang.invoke.Invokers$Holder.linkToTargetMethod (0x00007cb632f00608) [0x00007cb632f00700, 0x00007cb632f00808] Compiler: jvmci, Barriers: 0, Oops: 0, ImmediateOops: 0, NonImmediateOops: No
[3,574s][debug][gc,nmethod     ] Register NMethod: java.util.stream.ReferencePipeline.lambda$toArray$0 (0x00007cb61439b188) [0x00007cb61439b280, 0x00007cb61439b3e8] Compiler: c1, Barriers: 0, Oops: 0, ImmediateOops: 0, NonImmediateOops: No
[3,575s][debug][gc,nmethod     ] Register NMethod: java.util.stream.SortedOps$RefSortingSink$$Lambda/0x0000000026250568.<init> (0x00007cb61439b488) [0x00007cb61439b580, 0x00007cb61439b750] Compiler: c1, Barriers: 3, Oops: 0, ImmediateOops: 0, NonImmediateOops: No
[3,575s][debug][gc,nmethod     ] Register NMethod: io.sirix.access.trx.page.NodePageTrx$$Lambda/0x00000000262975d8.accept (0x00007cb61439b788) [0x00007cb61439b880, 0x00007cb61439bc10] Compiler: c1, Barriers: 1, Oops: 1, ImmediateOops: 0, NonImmediateOops: No
[3,575s][debug][gc,nmethod     ] Register NMethod: java.util.stream.SortedOps$RefSortingSink.begin (0x00007cb61439bc88) [0x00007cb61439bd80, 0x00007cb61439c340] Compiler: c1, Barriers: 6, Oops: 0, ImmediateOops: 2, NonImmediateOops: No
[3,575s][debug][gc,nmethod     ] Register NMethod: java.lang.invoke.VarHandleInts$FieldInstanceReadOnly.getVolatile (0x00007cb61439c388) [0x00007cb61439c480, 0x00007cb61439ce70] Compiler: c1, Barriers: 1, Oops: 1, ImmediateOops: 0, NonImmediateOops: No
[3,575s][debug][gc,nmethod     ] Register NMethod: io.sirix.access.trx.page.NodePageTrx.lambda$parallelSerializationOfKeyValuePages$1 (0x00007cb61439ce88) [0x00007cb61439cf80, 0x00007cb61439da48] Compiler: c1, Barriers: 6, Oops: 2, ImmediateOops: 3, NonImmediateOops: No
[3,577s][debug][gc,nmethod     ] Register NMethod: io.sirix.io.filechannel.FileChannelWriter.write (0x00007cb61439da88) [0x00007cb61439db80, 0x00007cb61439de28] Compiler: c1, Barriers: 0, Oops: 1, ImmediateOops: 0, NonImmediateOops: No
[3,577s][debug][gc,nmethod     ] Register NMethod: io.sirix.io.filechannel.FileChannelWriter.getOffset (0x00007cb61439de88) [0x00007cb61439df80, 0x00007cb61439e428] Compiler: c1, Barriers: 3, Oops: 1, ImmediateOops: 0, NonImmediateOops: No
[3,577s][debug][gc,nmethod     ] Register NMethod: io.sirix.access.trx.page.NodePageTrx.commit (0x00007cb61439e488) [0x00007cb61439e580, 0x00007cb6143a0808] Compiler: c1, Barriers: 12, Oops: 1, ImmediateOops: 2, NonImmediateOops: No
[3,581s][debug][gc,director    ] Rule Major: Warmup 10%, Used: 904MB, UsedThreshold: 1228MB
[3,581s][debug][gc,director    ] Rule Minor: High Usage, Free: 11342MB(92,3%)
[3,581s][debug][gc,nmethod     ] Register NMethod: io.sirix.page.SerializationType.writeHash (0x00007cb6143a0888) [0x00007cb6143a0980, 0x00007cb6143a1490] Compiler: c1, Barriers: 5, Oops: 1, ImmediateOops: 0, NonImmediateOops: No
[3,581s][debug][gc,nmethod     ] Register NMethod: io.sirix.page.SerializationType.writePageFragments (0x00007cb6143a1508) [0x00007cb6143a1600, 0x00007cb6143a2ac8] Compiler: c1, Barriers: 5, Oops: 1, ImmediateOops: 0, NonImmediateOops: No
[3,582s][debug][gc,nmethod     ] Register NMethod: io.sirix.page.KeyValueLeafPage.commit (0x00007cb6143a2b08) [0x00007cb6143a2c00, 0x00007cb6143a4b28] Compiler: c1, Barriers: 5, Oops: 1, ImmediateOops: 2, NonImmediateOops: No
[3,591s][debug][gc,director    ] Rule Major: Warmup 10%, Used: 904MB, UsedThreshold: 1228MB
[3,592s][debug][gc,director    ] Rule Minor: High Usage, Free: 11342MB(92,3%)
[3,599s][debug][gc,nmethod     ] Register NMethod: com.github.benmanes.caffeine.cache.PSMW.newNode (0x00007cb6143a4b88) [0x00007cb6143a4c80, 0x00007cb6143a4e30] Compiler: c1, Barriers: 0, Oops: 1, ImmediateOops: 0, NonImmediateOops: No
[3,600s][debug][gc,nmethod     ] Register NMethod: com.github.benmanes.caffeine.cache.PSMW.<init> (0x00007cb6143a4e88) [0x00007cb6143a4f80, 0x00007cb6143a73c8] Compiler: c1, Barriers: 6, Oops: 9, ImmediateOops: 16, NonImmediateOops: No
[3,600s][debug][gc,nmethod     ] Register NMethod: com.github.benmanes.caffeine.cache.BoundedLocalCache.refreshIfNeeded (0x00007cb6143a7488) [0x00007cb6143a7580, 0x00007cb6143a78c0] Compiler: c1, Barriers: 0, Oops: 1, ImmediateOops: 0, NonImmediateOops: No
[3,601s][debug][gc,nmethod     ] Register NMethod: com.github.benmanes.caffeine.cache.BLCHeader$DrainStatusRef.shouldDrainBuffers (0x00007cb6143a7908) [0x00007cb6143a7a00, 0x00007cb6143a8cd8] Compiler: c1, Barriers: 0, Oops: 6, ImmediateOops: 6, NonImmediateOops: No
[3,601s][debug][gc,nmethod     ] Register NMethod: io.sirix.page.NamePage.getCurrentMaxLevelOfIndirectPages (0x00007cb6143a8d88) [0x00007cb6143a8e80, 0x00007cb6143a9028] Compiler: c1, Barriers: 1, Oops: 1, ImmediateOops: 0, NonImmediateOops: No
[3,602s][debug][gc,director    ] Rule Major: Warmup 10%, Used: 904MB, UsedThreshold: 1228MB
[3,602s][debug][gc,director    ] Rule Minor: High Usage, Free: 11342MB(92,3%)
[3,602s][debug][gc,nmethod     ] Register NMethod: io.sirix.access.trx.page.AbstractForwardingPageReadOnlyTrx.getCurrentMaxIndirectPageTreeLevel (0x00007cb6143a9088) [0x00007cb6143a9180, 0x00007cb6143a9330] Compiler: c1, Barriers: 1, Oops: 1, ImmediateOops: 0, NonImmediateOops: No
[3,602s][debug][gc,nmethod     ] Register NMethod: io.sirix.page.PageFragmentKeyImpl.key (0x00007cb632f00908) [0x00007cb632f00a00, 0x00007cb632f00ac0] Compiler: c1, Barriers: 0, Oops: 1, ImmediateOops: 0, NonImmediateOops: No
[3,603s][debug][gc,nmethod     ] Register NMethod: io.sirix.access.trx.page.TreeModifierImpl.prepareLeafOfTree (0x00007cb6143a9388) [0x00007cb6143a9480, 0x00007cb6143acdb8] Compiler: c1, Barriers: 20, Oops: 1, ImmediateOops: 2, NonImmediateOops: No
[3,603s][debug][gc,nmethod     ] Register NMethod: io.sirix.index.path.summary.PathSummaryReader.lambda$new$0 (0x00007cb6143ace08) [0x00007cb6143acf00, 0x00007cb6143ad398] Compiler: c1, Barriers: 3, Oops: 1, ImmediateOops: 0, NonImmediateOops: No
[3,603s][debug][gc,nmethod     ] Register NMethod: io.sirix.index.path.summary.PathSummaryReader$$Lambda/0x00000000262c4450.apply (0x00007cb6143ad408) [0x00007cb6143ad500, 0x00007cb6143adc20] Compiler: c1, Barriers: 3, Oops: 1, ImmediateOops: 0, NonImmediateOops: No
[3,603s][debug][gc,nmethod     ] Register NMethod: io.sirix.access.trx.page.NodePageTrx.lambda$prepareRecordPage$0 (0x00007cb6143adc88) [0x00007cb6143add80, 0x00007cb6143b3b48] Compiler: c1, Barriers: 26, Oops: 2, ImmediateOops: 15, NonImmediateOops: No
[3,606s][debug][gc,nmethod     ] Register NMethod: org.gradle.internal.remote.internal.hub.MessageHub.access$700 (0x00007cb632f00c08) [0x00007cb632f00d00, 0x00007cb632f00dd0] Compiler: c1, Barriers: 1, Oops: 1, ImmediateOops: 0, NonImmediateOops: No
[3,606s][debug][gc,nmethod     ] Register NMethod: org.gradle.internal.serialize.kryo.TypeSafeSerializer.access$000 (0x00007cb632f00f08) [0x00007cb632f01000, 0x00007cb632f010d0] Compiler: c1, Barriers: 1, Oops: 1, ImmediateOops: 0, NonImmediateOops: No
[3,607s][debug][gc,nmethod     ] Register NMethod: sun.nio.fs.UnixNativeDispatcher.open (0x00007cb6143b3b88) [0x00007cb6143b3c80, 0x00007cb6143b42d8] Compiler: c1, Barriers: 0, Oops: 0, ImmediateOops: 0, NonImmediateOops: No
[3,607s][debug][gc,nmethod     ] Register NMethod: java.lang.Math.addExact (0x00007cb6143b4308) [0x00007cb6143b4400, 0x00007cb6143b45e8] Compiler: c1, Barriers: 0, Oops: 0, ImmediateOops: 1, NonImmediateOops: No
[3,607s][debug][gc,nmethod     ] Register NMethod: io.sirix.page.UberPage.getRevisionNumber (0x00007cb6143b4608) [0x00007cb6143b4700, 0x00007cb6143b4808] Compiler: c1, Barriers: 0, Oops: 1, ImmediateOops: 0, NonImmediateOops: No
[3,608s][debug][gc,nmethod     ] Register NMethod: java.nio.HeapByteBuffer.get (0x00007cb6143b4908) [0x00007cb6143b4a00, 0x00007cb6143b4e40] Compiler: c1, Barriers: 1, Oops: 1, ImmediateOops: 1, NonImmediateOops: No
[3,608s][debug][gc,nmethod     ] Register NMethod: java.lang.invoke.DirectMethodHandle$Holder.invokeStatic (0x00007cb6143b4e88) [0x00007cb6143b4f80, 0x00007cb6143b5348] Compiler: c1, Barriers: 1, Oops: 0, ImmediateOops: 0, NonImmediateOops: No
[3,608s][debug][gc,nmethod     ] Register NMethod: sun.nio.fs.UnixFileModeAttribute.toUnixMode (0x00007cb6143b5388) [0x00007cb6143b5480, 0x00007cb6143b7178] Compiler: c1, Barriers: 1, Oops: 2, ImmediateOops: 5, NonImmediateOops: No
[3,608s][debug][gc,nmethod     ] Register NMethod: java.lang.invoke.MethodHandleImpl.profileBoolean (0x00007cb6143b7208) [0x00007cb6143b7300, 0x00007cb6143b76c8] Compiler: c1, Barriers: 0, Oops: 0, ImmediateOops: 1, NonImmediateOops: No
[3,609s][debug][gc,nmethod     ] Register NMethod: java.util.Collections$EmptySet.iterator (0x00007cb6143b7708) [0x00007cb6143b7800, 0x00007cb6143b7960] Compiler: c1, Barriers: 0, Oops: 0, ImmediateOops: 1, NonImmediateOops: No
[3,609s][debug][gc,nmethod     ] Register NMethod: com.github.benmanes.caffeine.cache.SSMS.frequencySketch (0x00007cb632f01208) [0x00007cb632f01300, 0x00007cb632f013f0] Compiler: c1, Barriers: 1, Oops: 1, ImmediateOops: 0, NonImmediateOops: No
[3,609s][debug][gc,nmethod     ] Register NMethod: io.sirix.access.trx.node.AbstractResourceSession.getMostRecentRevisionNumber (0x00007cb6143b7a08) [0x00007cb6143b7b00, 0x00007cb6143b83d8] Compiler: c1, Barriers: 2, Oops: 1, ImmediateOops: 1, NonImmediateOops: No
[3,610s][debug][gc,nmethod     ] Register NMethod: com.github.benmanes.caffeine.cache.RemovalCause$2.wasEvicted (0x00007cb632f01508) [0x00007cb632f01600, 0x00007cb632f016c0] Compiler: c1, Barriers: 0, Oops: 1, ImmediateOops: 0, NonImmediateOops: No
[3,610s][debug][gc,nmethod     ] Register NMethod: com.github.benmanes.caffeine.cache.BoundedLocalCache.isAsync (0x00007cb632f01808) [0x00007cb632f01900, 0x00007cb632f019c8] Compiler: c1, Barriers: 0, Oops: 1, ImmediateOops: 0, NonImmediateOops: No
[3,612s][debug][gc,director    ] Rule Major: Warmup 10%, Used: 908MB, UsedThreshold: 1228MB
[3,612s][debug][gc,director    ] Rule Minor: High Usage, Free: 11338MB(92,3%)
[3,612s][debug][gc,nmethod     ] Register NMethod: io.brackit.query.compiler.AST.<init> (0x00007cb6143b8408) [0x00007cb6143b8500, 0x00007cb6143b86d8] Compiler: c1, Barriers: 3, Oops: 1, ImmediateOops: 0, NonImmediateOops: No
[3,613s][debug][gc,nmethod     ] Register NMethod: io.brackit.query.compiler.AST.addChild (0x00007cb6143b8708) [0x00007cb6143b8800, 0x00007cb6143b9778] Compiler: c1, Barriers: 17, Oops: 1, ImmediateOops: 0, NonImmediateOops: No
[3,613s][debug][gc,nmethod     ] Register NMethod: io.brackit.query.compiler.AST.<init> (0x00007cb6143b9788) [0x00007cb6143b9880, 0x00007cb6143b9b10] Compiler: c1, Barriers: 4, Oops: 1, ImmediateOops: 1, NonImmediateOops: No
[3,613s][debug][gc,nmethod     ] Register NMethod: io.sirix.access.trx.page.NodePageTrx$$Lambda/0x000000002628d158.apply (0x00007cb632f01b08) [0x00007cb632f01c00, 0x00007cb632f02718] Compiler: jvmci, Barriers: 13, Oops: 2, ImmediateOops: 2, NonImmediateOops: No
[3,613s][debug][gc,nmethod     ] Register NMethod: io.brackit.query.compiler.parser.Tokenizer.la (0x00007cb6143b9b88) [0x00007cb6143b9c80, 0x00007cb6143bade0] Compiler: c1, Barriers: 7, Oops: 2, ImmediateOops: 2, NonImmediateOops: No
[3,613s][debug][gc,nmethod     ] Register NMethod: io.brackit.query.compiler.AST.<init> (0x00007cb6143bae08) [0x00007cb6143baf00, 0x00007cb6143bb1c0] Compiler: c1, Barriers: 9, Oops: 1, ImmediateOops: 0, NonImmediateOops: No
[3,614s][debug][gc,nmethod     ] Register NMethod: io.brackit.query.compiler.AST.copyTree (0x00007cb6143bb208) [0x00007cb6143bb300, 0x00007cb6143bbb58] Compiler: c1, Barriers: 15, Oops: 1, ImmediateOops: 0, NonImmediateOops: No
[3,614s][debug][gc,nmethod     ] Register NMethod: io.brackit.query.compiler.AST.copy (0x00007cb6143bbb88) [0x00007cb6143bbc80, 0x00007cb6143bc4c0] Compiler: c1, Barriers: 12, Oops: 1, ImmediateOops: 0, NonImmediateOops: No
[3,614s][debug][gc,nmethod     ] Register NMethod: io.brackit.query.compiler.optimizer.walker.topdown.TopDownPipeline.visit (0x00007cb6143bc508) [0x00007cb6143bc600, 0x00007cb6143bce10] Compiler: c1, Barriers: 9, Oops: 1, ImmediateOops: 1, NonImmediateOops: No
[3,614s][debug][gc,nmethod     ] Register NMethod: io.brackit.query.compiler.optimizer.walker.topdown.LetBindToLeftJoin.visit (0x00007cb6143bce88) [0x00007cb6143bcf80, 0x00007cb6143bd230] Compiler: c1, Barriers: 0, Oops: 1, ImmediateOops: 0, NonImmediateOops: No
[3,614s][debug][gc,nmethod     ] Register NMethod: io.brackit.query.compiler.optimizer.walker.topdown.PredicateSplit.visit (0x00007cb6143bd288) [0x00007cb6143bd380, 0x00007cb6143bdcf0] Compiler: c1, Barriers: 4, Oops: 1, ImmediateOops: 1, NonImmediateOops: No
[3,614s][debug][gc,nmethod     ] Register NMethod: io.brackit.query.compiler.optimizer.walker.DoSNStepMerger.visit (0x00007cb6143bdd08) [0x00007cb6143bde00, 0x00007cb6143beee8] Compiler: c1, Barriers: 14, Oops: 1, ImmediateOops: 1, NonImmediateOops: No
[3,614s][debug][gc,nmethod     ] Register NMethod: io.brackit.query.compiler.optimizer.walker.topdown.SelectPullup.visit (0x00007cb6143bef08) [0x00007cb6143bf000, 0x00007cb6143c0950] Compiler: c1, Barriers: 8, Oops: 1, ImmediateOops: 0, NonImmediateOops: No
[3,614s][debug][gc,nmethod     ] Register NMethod: io.brackit.query.compiler.optimizer.walker.topdown.JoinRewriter.visit (0x00007cb6143c0988) [0x00007cb6143c0a80, 0x00007cb6143c2988] Compiler: c1, Barriers: 9, Oops: 1, ImmediateOops: 0, NonImmediateOops: No
[3,614s][debug][gc,nmethod     ] Register NMethod: io.brackit.query.compiler.optimizer.walker.topdown.ScopeWalker.stepExpr (0x00007cb6143c2a08) [0x00007cb6143c2b00, 0x00007cb6143c38d8] Compiler: c1, Barriers: 22, Oops: 4, ImmediateOops: 4, NonImmediateOops: No
[3,615s][debug][gc,nmethod     ] Register NMethod: io.brackit.query.compiler.optimizer.walker.topdown.LeftJoinUnnesting.visit (0x00007cb6143c3908) [0x00007cb6143c3a00, 0x00007cb6143c4180] Compiler: c1, Barriers: 5, Oops: 1, ImmediateOops: 1, NonImmediateOops: No
[3,615s][debug][gc,nmethod     ] Register NMethod: io.brackit.query.compiler.optimizer.walker.topdown.JoinToSelectConversion.visit (0x00007cb6143c4208) [0x00007cb6143c4300, 0x00007cb6143c5930] Compiler: c1, Barriers: 17, Oops: 2, ImmediateOops: 4, NonImmediateOops: No
[3,615s][debug][gc,nmethod     ] Register NMethod: io.brackit.query.compiler.optimizer.walker.topdown.PredicateMerge.visit (0x00007cb6143c5988) [0x00007cb6143c5a80, 0x00007cb6143c61d0] Compiler: c1, Barriers: 4, Oops: 1, ImmediateOops: 1, NonImmediateOops: No
[3,615s][debug][gc,nmethod     ] Register NMethod: io.brackit.query.compiler.optimizer.walker.topdown.LeftJoinRemoval.visit (0x00007cb6143c6208) [0x00007cb6143c6300, 0x00007cb6143c7ab8] Compiler: c1, Barriers: 7, Oops: 1, ImmediateOops: 2, NonImmediateOops: No
[3,615s][debug][gc,nmethod     ] Register NMethod: io.brackit.query.compiler.optimizer.walker.PathDDOElimination.visit (0x00007cb6143c7b08) [0x00007cb6143c7c00, 0x00007cb6143ca198] Compiler: c1, Barriers: 16, Oops: 4, ImmediateOops: 6, NonImmediateOops: No
[3,616s][debug][gc,nmethod     ] Register NMethod: io.brackit.query.compiler.optimizer.walker.topdown.GroupByAggregates.visit (0x00007cb6143ca208) [0x00007cb6143ca300, 0x00007cb6143cbb28] Compiler: c1, Barriers: 7, Oops: 1, ImmediateOops: 1, NonImmediateOops: No
[3,616s][debug][gc,nmethod     ] Register NMethod: io.brackit.query.compiler.optimizer.walker.topdown.LeftJoinLifting.visit (0x00007cb6143cbb88) [0x00007cb6143cbc80, 0x00007cb6143cf3c8] Compiler: c1, Barriers: 35, Oops: 5, ImmediateOops: 11, NonImmediateOops: No
[3,616s][debug][gc,nmethod     ] Register NMethod: io.brackit.query.compiler.optimizer.walker.topdown.TrivialLeftJoinRemoval.visit (0x00007cb6143cf408) [0x00007cb6143cf500, 0x00007cb6143d1e68] Compiler: c1, Barriers: 25, Oops: 2, ImmediateOops: 5, NonImmediateOops: No
[3,617s][debug][gc,nmethod     ] Register NMethod: io.sirix.query.compiler.optimizer.walker.json.JsonPathStep.visit (0x00007cb6143d1e88) [0x00007cb6143d1f80, 0x00007cb6143d23c8] Compiler: c1, Barriers: 0, Oops: 1, ImmediateOops: 0, NonImmediateOops: No
[3,617s][debug][gc,nmethod     ] Register NMethod: io.brackit.query.compiler.optimizer.walker.topdown.JoinGroupDemarcation.visit (0x00007cb6143d2408) [0x00007cb6143d2500, 0x00007cb6143d4b28] Compiler: c1, Barriers: 27, Oops: 2, ImmediateOops: 3, NonImmediateOops: No
[3,617s][debug][gc,nmethod     ] Register NMethod: io.sirix.query.compiler.optimizer.walker.json.JsonCASStep.visit (0x00007cb6143d4b88) [0x00007cb6143d4c80, 0x00007cb6143d6c88] Compiler: c1, Barriers: 6, Oops: 1, ImmediateOops: 8, NonImmediateOops: No
[3,617s][debug][gc,nmethod     ] Register NMethod: io.brackit.query.compiler.optimizer.walker.topdown.PullEvaluation.visit (0x00007cb6143d6d08) [0x00007cb6143d6e00, 0x00007cb6143da028] Compiler: c1, Barriers: 39, Oops: 2, ImmediateOops: 8, NonImmediateOops: No
[3,617s][debug][gc,nmethod     ] Register NMethod: io.brackit.query.compiler.translator.Binding.isReferenced (0x00007cb6143da088) [0x00007cb6143da180, 0x00007cb6143da2d0] Compiler: c1, Barriers: 0, Oops: 1, ImmediateOops: 0, NonImmediateOops: No
[3,617s][debug][gc,nmethod     ] Register NMethod: io.brackit.query.expr.BoundVariable.isUpdating (0x00007cb632f02788) [0x00007cb632f02880, 0x00007cb632f02940] Compiler: c1, Barriers: 0, Oops: 1, ImmediateOops: 0, NonImmediateOops: No
[3,617s][debug][gc,nmethod     ] Register NMethod: io.sirix.query.compiler.optimizer.walker.json.JsonObjectKeyNameStep.visit (0x00007cb6143da388) [0x00007cb6143da480, 0x00007cb6143da878] Compiler: c1, Barriers: 0, Oops: 1, ImmediateOops: 0, NonImmediateOops: No
[3,618s][debug][gc,nmethod     ] Register NMethod: io.sirix.axis.AttributeAxis.<init> (0x00007cb6143da888) [0x00007cb6143da980, 0x00007cb6143daab0] Compiler: c1, Barriers: 0, Oops: 1, ImmediateOops: 0, NonImmediateOops: No
[3,618s][debug][gc,nmethod     ] Register NMethod: io.brackit.query.atomic.Str.type (0x00007cb6143dab88) [0x00007cb6143dac80, 0x00007cb6143dad88] Compiler: c1, Barriers: 0, Oops: 1, ImmediateOops: 1, NonImmediateOops: No
[3,618s][debug][gc,nmethod     ] Register NMethod: io.brackit.query.atomic.AbstractAtomic.eq (0x00007cb6143dae88) [0x00007cb6143daf80, 0x00007cb6143db2c8] Compiler: c1, Barriers: 0, Oops: 1, ImmediateOops: 0, NonImmediateOops: No
[3,618s][debug][gc,nmethod     ] Register NMethod: io.sirix.node.xml.AttributeNode.<init> (0x00007cb6143db308) [0x00007cb6143db400, 0x00007cb6143db6e8] Compiler: c1, Barriers: 3, Oops: 1, ImmediateOops: 0, NonImmediateOops: No
[3,618s][debug][gc,nmethod     ] Register NMethod: io.sirix.access.trx.node.xml.XmlNodeReadOnlyTrxImpl.getAttributeKey (0x00007cb6143db708) [0x00007cb6143db800, 0x00007cb6143dc9e8] Compiler: c1, Barriers: 2, Oops: 1, ImmediateOops: 3, NonImmediateOops: No
[3,618s][debug][gc,nmethod     ] Register NMethod: io.sirix.query.compiler.translator.SirixTranslator$Attribute.performStep (0x00007cb6143dca08) [0x00007cb6143dcb00, 0x00007cb6143dddf8] Compiler: c1, Barriers: 9, Oops: 1, ImmediateOops: 0, NonImmediateOops: No
[3,618s][debug][gc,nmethod     ] Register NMethod: io.brackit.query.atomic.Una.cmp (0x00007cb6143dde08) [0x00007cb6143ddf00, 0x00007cb6143df280] Compiler: c1, Barriers: 8, Oops: 2, ImmediateOops: 2, NonImmediateOops: No
[3,619s][debug][gc,nmethod     ] Register NMethod: io.brackit.query.util.Cmp.gCmpAsBool (0x00007cb6143df308) [0x00007cb6143df400, 0x00007cb6143df7f0] Compiler: c1, Barriers: 0, Oops: 1, ImmediateOops: 2, NonImmediateOops: No
[3,619s][debug][gc,nmethod     ] Register NMethod: io.brackit.query.function.AbstractFunction.getSignature (0x00007cb632f02a88) [0x00007cb632f02b80, 0x00007cb632f02c68] Compiler: c1, Barriers: 1, Oops: 1, ImmediateOops: 0, NonImmediateOops: No
[3,619s][debug][gc,nmethod     ] Register NMethod: io.sirix.access.trx.page.NodePageTrx.lambda$getPageContainer$0 (0x00007cb632f02d88) [0x00007cb632f02e80, 0x00007cb632f038f8] Compiler: jvmci, Barriers: 11, Oops: 2, ImmediateOops: 2, NonImmediateOops: No
[3,619s][debug][gc,nmethod     ] Register NMethod: io.sirix.node.NodeKind$2.deserialize (0x00007cb6143df808) [0x00007cb6143df900, 0x00007cb6143e1c60] Compiler: c1, Barriers: 20, Oops: 3, ImmediateOops: 6, NonImmediateOops: No
[3,620s][debug][gc,nmethod     ] Register NMethod: io.brackit.query.expr.PredicateExpr$DependentFilterSeq$1.next (0x00007cb6143e1c88) [0x00007cb6143e1d80, 0x00007cb6143e33c0] Compiler: c1, Barriers: 21, Oops: 1, ImmediateOops: 2, NonImmediateOops: No
[3,620s][debug][gc,nmethod     ] Register NMethod: io.brackit.query.jdm.Signature.getParams (0x00007cb632f03988) [0x00007cb632f03a80, 0x00007cb632f03b68] Compiler: c1, Barriers: 1, Oops: 1, ImmediateOops: 0, NonImmediateOops: No
[3,620s][debug][gc,nmethod     ] Register NMethod: io.brackit.query.util.Cmp.compareLeftAndRightAtomic (0x00007cb6143e3408) [0x00007cb6143e3500, 0x00007cb6143e5b50] Compiler: c1, Barriers: 7, Oops: 3, ImmediateOops: 5, NonImmediateOops: No
[3,620s][debug][gc,nmethod     ] Register NMethod: io.brackit.query.function.AbstractFunction.isBuiltIn (0x00007cb632f03c88) [0x00007cb632f03d80, 0x00007cb632f03e40] Compiler: c1, Barriers: 0, Oops: 1, ImmediateOops: 0, NonImmediateOops: No
[3,621s][debug][gc,nmethod     ] Register NMethod: io.brackit.query.operator.ForBind$ForBindCursor.next (0x00007cb6143e5b88) [0x00007cb6143e5c80, 0x00007cb6143e87c8] Compiler: c1, Barriers: 48, Oops: 1, ImmediateOops: 1, NonImmediateOops: No
[3,622s][debug][gc,director    ] Rule Major: Warmup 10%, Used: 910MB, UsedThreshold: 1228MB
[3,622s][debug][gc,director    ] Rule Minor: High Usage, Free: 11336MB(92,3%)
[3,623s][debug][gc,nmethod     ] Register NMethod: io.brackit.query.jdm.type.AnyItemType.isAnyItem (0x00007cb632f03f88) [0x00007cb632f04080, 0x00007cb632f04140] Compiler: c1, Barriers: 0, Oops: 1, ImmediateOops: 0, NonImmediateOops: No
[3,623s][debug][gc,nmethod     ] Register NMethod: io.brackit.query.jdm.type.SequenceType.getCardinality (0x00007cb632f04288) [0x00007cb632f04380, 0x00007cb632f04468] Compiler: c1, Barriers: 1, Oops: 1, ImmediateOops: 0, NonImmediateOops: No
[3,623s][debug][gc,nmethod     ] Register NMethod: io.brackit.query.operator.TupleImpl.concat (0x00007cb6143e8808) [0x00007cb6143e8900, 0x00007cb6143e9850] Compiler: c1, Barriers: 10, Oops: 1, ImmediateOops: 0, NonImmediateOops: No
[3,630s][debug][gc,nmethod     ] Register NMethod: io.sirix.access.trx.page.NodePageReadOnlyTrx.getReferenceToLeafOfSubtree (0x00007cb632f04588) [0x00007cb632f04680, 0x00007cb632f05bf8] Compiler: jvmci, Barriers: 33, Oops: 3, ImmediateOops: 2, NonImmediateOops: No
[3,630s][debug][gc,nmethod     ] Register NMethod: io.sirix.index.name.Names.getName (0x00007cb632f05c88) [0x00007cb632f05d80, 0x00007cb632f070b8] Compiler: jvmci, Barriers: 13, Oops: 2, ImmediateOops: 1, NonImmediateOops: No
[3,631s][debug][gc,nmethod     ] Register NMethod: jdk.internal.misc.Unsafe.weakCompareAndSetLongRelease (0x00007cb632f07108) [0x00007cb632f07200, 0x00007cb632f07290] Compiler: jvmci, Barriers: 0, Oops: 0, ImmediateOops: 0, NonImmediateOops: No
[3,631s][debug][gc,nmethod     ] Register NMethod: io.brackit.query.expr.PredicateExpr$DependentFilterSeq$1.close (0x00007cb6143e9888) [0x00007cb6143e9980, 0x00007cb6143e9ce8] Compiler: c1, Barriers: 1, Oops: 1, ImmediateOops: 0, NonImmediateOops: No
[3,631s][debug][gc,nmethod     ] Register NMethod: io.brackit.query.expr.PredicateExpr$DependentFilterSeq$1.<init> (0x00007cb6143e9d08) [0x00007cb6143e9e00, 0x00007cb6143ea030] Compiler: c1, Barriers: 3, Oops: 1, ImmediateOops: 0, NonImmediateOops: No
[3,632s][debug][gc,nmethod     ] Register NMethod: io.brackit.query.expr.PredicateExpr$DependentFilterSeq.iterate (0x00007cb6143ea088) [0x00007cb6143ea180, 0x00007cb6143ea468] Compiler: c1, Barriers: 3, Oops: 1, ImmediateOops: 0, NonImmediateOops: No
[3,632s][debug][gc,nmethod     ] Register NMethod: io.brackit.query.expr.PredicateExpr$DependentFilterSeq.<init> (0x00007cb6143ea488) [0x00007cb6143ea580, 0x00007cb6143eacf0] Compiler: c1, Barriers: 16, Oops: 1, ImmediateOops: 2, NonImmediateOops: No
[3,632s][debug][gc,nmethod     ] Register NMethod: java.util.concurrent.ForkJoinPool$WorkQueue.unlockPhase (0x00007cb632f07408) [0x00007cb632f07500, 0x00007cb632f07590] Compiler: jvmci, Barriers: 0, Oops: 0, ImmediateOops: 0, NonImmediateOops: No
[3,632s][debug][gc,director    ] Rule Major: Warmup 10%, Used: 914MB, UsedThreshold: 1228MB
[3,632s][debug][gc,director    ] Rule Minor: High Usage, Free: 11332MB(92,2%)
[3,632s][debug][gc,nmethod     ] Register NMethod: com.github.benmanes.caffeine.cache.SSLMW.missesInSample (0x00007cb632f07708) [0x00007cb632f07800, 0x00007cb632f078c0] Compiler: c1, Barriers: 0, Oops: 1, ImmediateOops: 0, NonImmediateOops: No
[3,634s][debug][gc,nmethod     ] Register NMethod: io.sirix.settings.VersioningType$4.combineRecordPages (0x00007cb632f07a08) [0x00007cb632f07b00, 0x00007cb632f10a90] Compiler: jvmci, Barriers: 130, Oops: 8, ImmediateOops: 2, NonImmediateOops: No
[3,635s][debug][gc,nmethod     ] Register NMethod: io.sirix.access.trx.page.NodePageReadOnlyTrx.getLeafPageReference (0x00007cb632f10b08) [0x00007cb632f10c00, 0x00007cb632f12178] Compiler: jvmci, Barriers: 33, Oops: 3, ImmediateOops: 2, NonImmediateOops: No
[3,640s][debug][gc,nmethod     ] Register NMethod: io.sirix.page.NamePage.getName (0x00007cb632f12208) [0x00007cb632f12300, 0x00007cb632f14b98] Compiler: jvmci, Barriers: 33, Oops: 2, ImmediateOops: 2, NonImmediateOops: No
[3,642s][debug][gc,director    ] Rule Major: Warmup 10%, Used: 918MB, UsedThreshold: 1228MB
[3,642s][debug][gc,director    ] Rule Minor: High Usage, Free: 11328MB(92,2%)
[3,642s][debug][gc,nmethod     ] Register NMethod: com.github.benmanes.caffeine.cache.BoundedLocalCache.tryExpireAfterRead (0x00007cb6143ead08) [0x00007cb6143eae00, 0x00007cb6143eb128] Compiler: c1, Barriers: 0, Oops: 1, ImmediateOops: 0, NonImmediateOops: No
[3,643s][debug][gc,nmethod     ] Register NMethod: io.brackit.query.jdm.AbstractItem$1.close (0x00007cb632f14c08) [0x00007cb632f14d00, 0x00007cb632f14d80] Compiler: jvmci, Barriers: 0, Oops: 1, ImmediateOops: 0, NonImmediateOops: No
[3,646s][debug][gc,nmethod     ] Register NMethod: com.github.benmanes.caffeine.cache.PSMW.setQueueType (0x00007cb632f14f08) [0x00007cb632f15000, 0x00007cb632f150c0] Compiler: c1, Barriers: 0, Oops: 1, ImmediateOops: 0, NonImmediateOops: No
[3,648s][debug][gc,nmethod     ] Register NMethod: io.sirix.node.xml.AttributeNode.getPrefixKey (0x00007cb632f15208) [0x00007cb632f15300, 0x00007cb632f15720] Compiler: jvmci, Barriers: 4, Oops: 3, ImmediateOops: 0, NonImmediateOops: No
[3,649s][debug][gc,nmethod     ] Register NMethod: io.brackit.query.expr.StepExpr$AxisStepSequenceIter.next (0x00007cb632f15788) [0x00007cb632f15880, 0x00007cb632f172f8] Compiler: jvmci, Barriers: 68, Oops: 2, ImmediateOops: 8, NonImmediateOops: No
[3,649s][debug][gc,nmethod     ] Register NMethod: io.sirix.page.PageUtils.fixupPageReferenceIds (0x00007cb6143eb188) [0x00007cb6143eb280, 0x00007cb6143ec368] Compiler: c1, Barriers: 0, Oops: 1, ImmediateOops: 0, NonImmediateOops: No
[3,651s][debug][gc,nmethod     ] Register NMethod: io.sirix.node.NodeSerializerImpl.deserialize (0x00007cb632f17388) [0x00007cb632f17480, 0x00007cb632f17bb0] Compiler: jvmci, Barriers: 7, Oops: 2, ImmediateOops: 1, NonImmediateOops: No
[3,652s][debug][gc,nmethod     ] Register NMethod: io.sirix.node.xml.AttributeNode.getLocalNameKey (0x00007cb632f17c08) [0x00007cb632f17d00, 0x00007cb632f18120] Compiler: jvmci, Barriers: 4, Oops: 3, ImmediateOops: 0, NonImmediateOops: No
[3,652s][debug][gc,director    ] Rule Major: Warmup 10%, Used: 922MB, UsedThreshold: 1228MB
[3,652s][debug][gc,director    ] Rule Minor: High Usage, Free: 11324MB(92,2%)
[3,660s][debug][gc,nmethod     ] Register NMethod: io.sirix.access.trx.page.NodePageReadOnlyTrx.getDataRecord (0x00007cb632f18188) [0x00007cb632f18280, 0x00007cb632f19788] Compiler: jvmci, Barriers: 27, Oops: 5, ImmediateOops: 5, NonImmediateOops: No
[3,662s][debug][gc,nmethod     ] Register NMethod: io.sirix.page.KeyValueLeafPage.newInstance (0x00007cb6143ec388) [0x00007cb6143ec480, 0x00007cb6143ed030] Compiler: c1, Barriers: 1, Oops: 2, ImmediateOops: 3, NonImmediateOops: No
[3,662s][debug][gc,nmethod     ] Register NMethod: io.sirix.page.KeyValueLeafPage.getActualMemorySize (0x00007cb6143ed088) [0x00007cb6143ed180, 0x00007cb6143ed768] Compiler: c1, Barriers: 2, Oops: 1, ImmediateOops: 0, NonImmediateOops: No
[3,662s][debug][gc,director    ] Rule Major: Warmup 10%, Used: 926MB, UsedThreshold: 1228MB
[3,662s][debug][gc,director    ] Rule Minor: High Usage, Free: 11320MB(92,1%)
[3,666s][debug][gc,nmethod     ] Register NMethod: io.sirix.node.xml.TextNode.<init> (0x00007cb632f19808) [0x00007cb632f19920, 0x00007cb632f1a4c8] Compiler: jvmci, Barriers: 19, Oops: 2, ImmediateOops: 2, NonImmediateOops: No
[3,668s][debug][gc,nmethod     ] Register NMethod: io.sirix.page.KeyValueLeafPage.size (0x00007cb6143ed788) [0x00007cb6143ed880, 0x00007cb6143edc48] Compiler: c1, Barriers: 2, Oops: 1, ImmediateOops: 0, NonImmediateOops: No
[3,669s][debug][gc,nmethod     ] Register NMethod: io.sirix.node.json.JsonNodeSerializer.readSizePrefix (0x00007cb632f1a508) [0x00007cb632f1a600, 0x00007cb632f1aa68] Compiler: jvmci, Barriers: 4, Oops: 3, ImmediateOops: 0, NonImmediateOops: No
[3,670s][debug][gc,nmethod     ] Register NMethod: io.brackit.query.expr.PipeExpr$PipeSequence$1.next (0x00007cb6143edc88) [0x00007cb6143edd80, 0x00007cb6143ef7f0] Compiler: c1, Barriers: 24, Oops: 1, ImmediateOops: 0, NonImmediateOops: No
[3,673s][debug][gc,director    ] Rule Major: Warmup 10%, Used: 930MB, UsedThreshold: 1228MB
[3,673s][debug][gc,director    ] Rule Minor: High Usage, Free: 11316MB(92,1%)
[3,674s][debug][gc,nmethod     ] Register NMethod: io.sirix.access.trx.page.NodePageReadOnlyTrx$RecordPage.<init> (0x00007cb6143ef808) [0x00007cb6143ef900, 0x00007cb6143efc38] Compiler: c1, Barriers: 9, Oops: 1, ImmediateOops: 0, NonImmediateOops: No
[3,679s][debug][gc,nmethod     ] Register NMethod: io.sirix.node.xml.ElementNode.<init> (0x00007cb632f1aa88) [0x00007cb632f1ab80, 0x00007cb632f1b978] Compiler: jvmci, Barriers: 24, Oops: 2, ImmediateOops: 3, NonImmediateOops: No
[3,680s][debug][gc,nmethod     ] Register NMethod: io.brackit.query.atomic.AbstractAtomic.atomize (0x00007cb632f1ba08) [0x00007cb632f1bb00, 0x00007cb632f1bb88] Compiler: jvmci, Barriers: 0, Oops: 1, ImmediateOops: 0, NonImmediateOops: No
[3,680s][debug][gc,nmethod     ] Register NMethod: io.brackit.query.sequence.AbstractSequence.evaluate (0x00007cb632f1bd08) [0x00007cb632f1be00, 0x00007cb632f1be88] Compiler: jvmci, Barriers: 0, Oops: 1, ImmediateOops: 0, NonImmediateOops: No
[3,681s][debug][gc,nmethod     ] Register NMethod: org.gradle.internal.io.BufferCaster.cast (0x00007cb6143efc88) [0x00007cb6143efd80, 0x00007cb6143efe60] Compiler: c1, Barriers: 0, Oops: 1, ImmediateOops: 0, NonImmediateOops: No
[3,682s][debug][gc,nmethod     ] Register NMethod: org.gradle.api.internal.tasks.testing.DefaultTestOutputEvent.getLogTime (0x00007cb632f1c008) [0x00007cb632f1c100, 0x00007cb632f1c1c0] Compiler: c1, Barriers: 0, Oops: 1, ImmediateOops: 0, NonImmediateOops: No
[3,682s][debug][gc,nmethod     ] Register NMethod: org.gradle.api.internal.tasks.testing.DefaultTestOutputEvent.getMessage (0x00007cb632f1c308) [0x00007cb632f1c400, 0x00007cb632f1c4e8] Compiler: c1, Barriers: 1, Oops: 1, ImmediateOops: 0, NonImmediateOops: No
[3,682s][debug][gc,nmethod     ] Register NMethod: org.gradle.api.internal.tasks.testing.DefaultTestOutputEvent.getDestination (0x00007cb632f1c608) [0x00007cb632f1c700, 0x00007cb632f1c7e8] Compiler: c1, Barriers: 1, Oops: 1, ImmediateOops: 0, NonImmediateOops: No
[3,683s][debug][gc,nmethod     ] Register NMethod: ch.qos.logback.classic.Logger.trace (0x00007cb6143eff88) [0x00007cb6143f0080, 0x00007cb6143f01e8] Compiler: c1, Barriers: 0, Oops: 1, ImmediateOops: 2, NonImmediateOops: No
[3,683s][debug][gc,nmethod     ] Register NMethod: ch.qos.logback.classic.Logger.filterAndLog_2 (0x00007cb6143f0288) [0x00007cb6143f0380, 0x00007cb6143f0e58] Compiler: c1, Barriers: 7, Oops: 1, ImmediateOops: 2, NonImmediateOops: No
[3,683s][debug][gc,director    ] Rule Major: Warmup 10%, Used: 932MB, UsedThreshold: 1228MB
[3,683s][debug][gc,director    ] Rule Minor: High Usage, Free: 11314MB(92,1%)
[3,683s][debug][gc,nmethod     ] Register NMethod: ch.qos.logback.classic.LoggerContext.getTurboFilterChainDecision_2 (0x00007cb6143f0e88) [0x00007cb6143f0f80, 0x00007cb6143f1d70] Compiler: c1, Barriers: 9, Oops: 1, ImmediateOops: 1, NonImmediateOops: No
[3,683s][debug][gc,nmethod     ] Register NMethod: java.util.LinkedHashMap.afterNodeRemoval (0x00007cb6143f1d88) [0x00007cb6143f1e80, 0x00007cb6143f2570] Compiler: c1, Barriers: 20, Oops: 0, ImmediateOops: 0, NonImmediateOops: No
[3,683s][debug][gc,nmethod     ] Register NMethod: sun.nio.ch.SocketDispatcher.write0 (0x00007cb632f1c908) [0x00007cb632f1ca00, 0x00007cb632f1cb70] Compiler: , Barriers: 0, Oops: 0, ImmediateOops: 1, NonImmediateOops: No
[3,684s][debug][gc,nmethod     ] Register NMethod: jdk.internal.event.SocketWriteEvent.enabled (0x00007cb632f1cc08) [0x00007cb632f1cd00, 0x00007cb632f1cda0] Compiler: c1, Barriers: 0, Oops: 0, ImmediateOops: 0, NonImmediateOops: No
[3,684s][debug][gc,nmethod     ] Register NMethod: org.junit.platform.engine.UniqueId$Segment.<init> (0x00007cb6143f2588) [0x00007cb6143f2680, 0x00007cb6143f3890] Compiler: c1, Barriers: 8, Oops: 3, ImmediateOops: 2, NonImmediateOops: No
[3,684s][debug][gc,nmethod     ] Register NMethod: java.lang.ThreadLocal$ThreadLocalMap.nextIndex (0x00007cb6143f3908) [0x00007cb6143f3a00, 0x00007cb6143f3b28] Compiler: c1, Barriers: 0, Oops: 0, ImmediateOops: 0, NonImmediateOops: No
[3,684s][debug][gc,nmethod     ] Register NMethod: java.util.concurrent.locks.AbstractQueuedSynchronizer$Node.getAndUnsetStatus (0x00007cb6143f3c08) [0x00007cb6143f3d00, 0x00007cb6143f4310] Compiler: c1, Barriers: 0, Oops: 1, ImmediateOops: 2, NonImmediateOops: No
[3,684s][debug][gc,nmethod     ] Register NMethod: sun.nio.ch.IOUtil.write (0x00007cb6143f4388) [0x00007cb6143f4480, 0x00007cb6143f56a8] Compiler: c1, Barriers: 0, Oops: 0, ImmediateOops: 0, NonImmediateOops: No
[3,685s][debug][gc,nmethod     ] Register NMethod: java.util.Arrays.asList (0x00007cb6143f5708) [0x00007cb6143f5800, 0x00007cb6143f5c70] Compiler: c1, Barriers: 3, Oops: 0, ImmediateOops: 0, NonImmediateOops: No
[3,685s][debug][gc,nmethod     ] Register NMethod: sun.nio.ch.IOUtil.writeFromNativeBuffer (0x00007cb6143f5c88) [0x00007cb6143f5d80, 0x00007cb6143f8438] Compiler: c1, Barriers: 4, Oops: 0, ImmediateOops: 4, NonImmediateOops: No
[3,686s][debug][gc,nmethod     ] Register NMethod: org.gradle.internal.io.StreamByteBuffer.readAsString (0x00007cb6143f8488) [0x00007cb6143f8580, 0x00007cb6143f9078] Compiler: c1, Barriers: 0, Oops: 1, ImmediateOops: 1, NonImmediateOops: No
[3,686s][debug][gc,nmethod     ] Register NMethod: org.gradle.internal.io.LineBufferingOutputStream.flush (0x00007cb6143f9088) [0x00007cb6143f9180, 0x00007cb6143fa438] Compiler: c1, Barriers: 3, Oops: 1, ImmediateOops: 1, NonImmediateOops: No
[3,686s][debug][gc,nmethod     ] Register NMethod: org.gradle.internal.io.StreamByteBuffer.doReadAsString (0x00007cb6143fa488) [0x00007cb6143fa580, 0x00007cb6143faf20] Compiler: c1, Barriers: 0, Oops: 1, ImmediateOops: 1, NonImmediateOops: No
[3,686s][debug][gc,nmethod     ] Register NMethod: org.gradle.internal.io.StreamByteBuffer.readAsString (0x00007cb6143faf88) [0x00007cb6143fb080, 0x00007cb6143fbad8] Compiler: c1, Barriers: 0, Oops: 1, ImmediateOops: 1, NonImmediateOops: No
[3,686s][debug][gc,nmethod     ] Register NMethod: java.lang.String.encodeUTF8_UTF16 (0x00007cb6143fbb08) [0x00007cb6143fbc00, 0x00007cb6143fc8d8] Compiler: c1, Barriers: 0, Oops: 0, ImmediateOops: 1, NonImmediateOops: No
[3,687s][debug][gc,nmethod     ] Register NMethod: java.util.concurrent.locks.AbstractQueuedLongSynchronizer.hasQueuedPredecessors (0x00007cb6143fc908) [0x00007cb6143fca00, 0x00007cb6143fcfd0] Compiler: c1, Barriers: 5, Oops: 0, ImmediateOops: 0, NonImmediateOops: No
[3,687s][debug][gc,nmethod     ] Register NMethod: java.util.concurrent.locks.AbstractQueuedLongSynchronizer.signalNext (0x00007cb6143fd008) [0x00007cb6143fd100, 0x00007cb6143fe230] Compiler: c1, Barriers: 2, Oops: 0, ImmediateOops: 2, NonImmediateOops: No
[3,689s][debug][gc,nmethod     ] Register NMethod: com.google.gson.stream.JsonWriter.replaceTop (0x00007cb6143fe288) [0x00007cb6143fe380, 0x00007cb6143fe4e0] Compiler: c1, Barriers: 1, Oops: 1, ImmediateOops: 0, NonImmediateOops: No
[3,689s][debug][gc,nmethod     ] Register NMethod: java.io.Writer.write (0x00007cb6143fe588) [0x00007cb6143fe680, 0x00007cb6143fee30] Compiler: c1, Barriers: 1, Oops: 0, ImmediateOops: 0, NonImmediateOops: No
[3,690s][debug][gc,nmethod     ] Register NMethod: java.io.OutputStreamWriter.write (0x00007cb6143fee88) [0x00007cb6143fef80, 0x00007cb6143ff2b0] Compiler: c1, Barriers: 1, Oops: 0, ImmediateOops: 0, NonImmediateOops: No
[3,692s][debug][gc,nmethod     ] Register NMethod: java.util.stream.ReferencePipeline.toArray (0x00007cb6143ff308) [0x00007cb6143ff400, 0x00007cb6143ff940] Compiler: c1, Barriers: 0, Oops: 0, ImmediateOops: 0, NonImmediateOops: No
[3,692s][debug][gc,nmethod     ] Register NMethod: java.util.stream.ReferencePipeline.toArray (0x00007cb6143ff988) [0x00007cb6143ffa80, 0x00007cb614400298] Compiler: c1, Barriers: 0, Oops: 2, ImmediateOops: 1, NonImmediateOops: No
[3,692s][debug][gc,nmethod     ] Register NMethod: java.util.stream.ReferencePipeline.toList (0x00007cb614400308) [0x00007cb614400400, 0x00007cb614400f40] Compiler: c1, Barriers: 0, Oops: 2, ImmediateOops: 1, NonImmediateOops: No
[3,692s][debug][gc,nmethod     ] Register NMethod: java.util.stream.AbstractPipeline.evaluateToArrayNode (0x00007cb614400f88) [0x00007cb614401080, 0x00007cb614402028] Compiler: c1, Barriers: 3, Oops: 0, ImmediateOops: 1, NonImmediateOops: No
[3,692s][debug][gc,nmethod     ] Register NMethod: java.util.ImmutableCollections$Access$1.listFromTrustedArrayNullsAllowed (0x00007cb614402088) [0x00007cb614402180, 0x00007cb6144022b0] Compiler: c1, Barriers: 0, Oops: 0, ImmediateOops: 0, NonImmediateOops: No
[3,692s][debug][gc,nmethod     ] Register NMethod: io.sirix.BinaryEncodingVersion.byteVersion (0x00007cb632f1cf08) [0x00007cb632f1d000, 0x00007cb632f1d0c8] Compiler: c1, Barriers: 0, Oops: 1, ImmediateOops: 0, NonImmediateOops: No
[3,692s][debug][gc,nmethod     ] Register NMethod: io.sirix.access.ResourceConfiguration.getBinaryEncodingVersion (0x00007cb632f1d208) [0x00007cb632f1d300, 0x00007cb632f1d3e8] Compiler: c1, Barriers: 1, Oops: 1, ImmediateOops: 0, NonImmediateOops: No
[3,692s][debug][gc,nmethod     ] Register NMethod: java.util.ImmutableCollections.listFromTrustedArrayNullsAllowed (0x00007cb614402388) [0x00007cb614402480, 0x00007cb614402880] Compiler: c1, Barriers: 3, Oops: 0, ImmediateOops: 1, NonImmediateOops: No
[3,693s][debug][gc,director    ] Rule Major: Warmup 10%, Used: 938MB, UsedThreshold: 1228MB
[3,693s][debug][gc,director    ] Rule Minor: High Usage, Free: 11308MB(92,0%)
[3,693s][debug][gc,nmethod     ] Register NMethod: sun.nio.ch.UnixFileDispatcherImpl.pwrite0 (0x00007cb632f1d508) [0x00007cb632f1d600, 0x00007cb632f1d778] Compiler: , Barriers: 0, Oops: 0, ImmediateOops: 1, NonImmediateOops: No
[3,696s][debug][gc,nmethod     ] Register NMethod: java.nio.channels.spi.AbstractInterruptibleChannel.close (0x00007cb614402888) [0x00007cb614402980, 0x00007cb614402f08] Compiler: c1, Barriers: 1, Oops: 0, ImmediateOops: 0, NonImmediateOops: No
[3,699s][debug][gc,nmethod     ] Register NMethod: io.sirix.query.stream.node.SirixNodeStream.next (0x00007cb632f1d808) [0x00007cb632f1d900, 0x00007cb632f1f170] Compiler: jvmci, Barriers: 60, Oops: 2, ImmediateOops: 8, NonImmediateOops: No
[3,700s][debug][gc,nmethod     ] Register NMethod: java.lang.runtime.ObjectMethods.hashCombiner (0x00007cb614402f88) [0x00007cb614403080, 0x00007cb614403170] Compiler: c1, Barriers: 0, Oops: 0, ImmediateOops: 0, NonImmediateOops: No
[3,700s][debug][gc,nmethod     ] Register NMethod: java.lang.invoke.LambdaForm$MH/0x0000000026299800.invoke (0x00007cb614403288) [0x00007cb614403380, 0x00007cb614404338] Compiler: c1, Barriers: 3, Oops: 1, ImmediateOops: 0, NonImmediateOops: No
[3,701s][debug][gc,nmethod     ] Register NMethod: com.sun.org.apache.xerces.internal.util.PropertyState.<init> (0x00007cb614404388) [0x00007cb614404480, 0x00007cb6144046c8] Compiler: c1, Barriers: 6, Oops: 0, ImmediateOops: 0, NonImmediateOops: No
[3,701s][debug][gc,nmethod     ] Register NMethod: com.sun.org.apache.xerces.internal.util.PropertyState.is (0x00007cb614404708) [0x00007cb614404800, 0x00007cb614404ae8] Compiler: c1, Barriers: 6, Oops: 1, ImmediateOops: 1, NonImmediateOops: No
[3,701s][debug][gc,nmethod     ] Register NMethod: com.sun.org.apache.xerces.internal.util.ParserConfigurationSettings.getPropertyState (0x00007cb614404b08) [0x00007cb614404c00, 0x00007cb6144056d8] Compiler: c1, Barriers: 8, Oops: 1, ImmediateOops: 1, NonImmediateOops: No
[3,701s][debug][gc,nmethod     ] Register NMethod: java.lang.invoke.Invokers$Holder.linkToTargetMethod (0x00007cb614405708) [0x00007cb614405800, 0x00007cb614405cf8] Compiler: c1, Barriers: 0, Oops: 0, ImmediateOops: 0, NonImmediateOops: No
[3,701s][debug][gc,nmethod     ] Register NMethod: com.sun.org.apache.xerces.internal.parsers.XML11Configuration.getPropertyState (0x00007cb614405d08) [0x00007cb614405e00, 0x00007cb614406fb8] Compiler: c1, Barriers: 15, Oops: 1, ImmediateOops: 3, NonImmediateOops: No
[3,702s][debug][gc,nmethod     ] Register NMethod: it.unimi.dsi.fastutil.shorts.ShortListIterator.next (0x00007cb632f1f188) [0x00007cb632f1f280, 0x00007cb632f1f510] Compiler: jvmci, Barriers: 3, Oops: 1, ImmediateOops: 1, NonImmediateOops: No
[3,703s][debug][gc,nmethod     ] Register NMethod: io.sirix.settings.VersioningType$4.combineRecordPagesForModification (0x00007cb614407008) [0x00007cb614407100, 0x00007cb6144106b8] Compiler: c1, Barriers: 27, Oops: 1, ImmediateOops: 0, NonImmediateOops: No
[3,703s][debug][gc,nmethod     ] Register NMethod: jdk.internal.misc.Unsafe.putLongRelease (0x00007cb632f1f588) [0x00007cb632f1f680, 0x00007cb632f1f710] Compiler: jvmci, Barriers: 0, Oops: 0, ImmediateOops: 0, NonImmediateOops: No
[3,703s][debug][gc,director    ] Rule Major: Warmup 10%, Used: 940MB, UsedThreshold: 1228MB
[3,703s][debug][gc,director    ] Rule Minor: High Usage, Free: 11306MB(92,0%)
[3,712s][debug][gc,nmethod     ] Register NMethod: com.github.benmanes.caffeine.cache.BoundedLocalCache$EntryIterator.hasNext (0x00007cb632f1f888) [0x00007cb632f1f980, 0x00007cb632f20208] Compiler: jvmci, Barriers: 28, Oops: 1, ImmediateOops: 2, NonImmediateOops: No
[3,713s][debug][gc,nmethod     ] Register NMethod: io.brackit.query.atomic.Una.type (0x00007cb632f20288) [0x00007cb632f20380, 0x00007cb632f20410] Compiler: jvmci, Barriers: 0, Oops: 1, ImmediateOops: 1, NonImmediateOops: No
[3,713s][debug][gc,director    ] Rule Major: Warmup 10%, Used: 946MB, UsedThreshold: 1228MB
[3,713s][debug][gc,director    ] Rule Minor: High Usage, Free: 11300MB(92,0%)
[3,714s][debug][gc,nmethod     ] Register NMethod: java.util.BitSet.set (0x00007cb614410708) [0x00007cb614410800, 0x00007cb6144109e8] Compiler: c1, Barriers: 0, Oops: 0, ImmediateOops: 0, NonImmediateOops: No
[3,718s][debug][gc,nmethod     ] Register NMethod: io.sirix.node.NodeKind$4.deserialize (0x00007cb632f20588) [0x00007cb632f20680, 0x00007cb632f24cc8] Compiler: jvmci, Barriers: 116, Oops: 16, ImmediateOops: 11, NonImmediateOops: No
[3,718s][debug][gc,nmethod     ] Register NMethod: io.sirix.settings.VersioningType$4.combineRecordPages (0x00007cb632f24d88) [0x00007cb632f24e80, 0x00007cb632f264d8] Compiler: jvmci, Barriers: 28, Oops: 3, ImmediateOops: 0, NonImmediateOops: No
[3,721s][debug][gc,nmethod     ] Register NMethod: io.sirix.node.NodeKind$1.deserialize (0x00007cb632f26508) [0x00007cb632f26600, 0x00007cb632f2d2c8] Compiler: jvmci, Barriers: 142, Oops: 9, ImmediateOops: 2, NonImmediateOops: No
[3,723s][debug][gc,director    ] Rule Major: Warmup 10%, Used: 954MB, UsedThreshold: 1228MB
[3,723s][debug][gc,director    ] Rule Minor: High Usage, Free: 11292MB(91,9%)
[3,733s][debug][gc,director    ] Rule Major: Warmup 10%, Used: 962MB, UsedThreshold: 1228MB
[3,733s][debug][gc,director    ] Rule Minor: High Usage, Free: 11284MB(91,8%)
[3,733s][debug][gc,nmethod     ] Register NMethod: io.brackit.query.atomic.AbstractAtomic.atomicCmp (0x00007cb632f2d388) [0x00007cb632f2d480, 0x00007cb632f2d928] Compiler: jvmci, Barriers: 8, Oops: 1, ImmediateOops: 0, NonImmediateOops: No
[3,734s][debug][gc,nmethod     ] Register NMethod: io.brackit.query.atomic.QNm.atomicCmpInternal (0x00007cb632f2d988) [0x00007cb632f2da80, 0x00007cb632f2df00] Compiler: jvmci, Barriers: 8, Oops: 1, ImmediateOops: 0, NonImmediateOops: No
[3,743s][debug][gc,director    ] Rule Major: Warmup 10%, Used: 972MB, UsedThreshold: 1228MB
[3,744s][debug][gc,director    ] Rule Minor: High Usage, Free: 11274MB(91,7%)
[3,754s][debug][gc,director    ] Rule Major: Warmup 10%, Used: 980MB, UsedThreshold: 1228MB
[3,754s][debug][gc,director    ] Rule Minor: High Usage, Free: 11266MB(91,7%)
[3,758s][debug][gc,nmethod     ] Register NMethod: com.sun.org.apache.xerces.internal.impl.XMLDocumentFragmentScannerImpl$FragmentContentDriver.startOfMarkup (0x00007cb632f2df88) [0x00007cb632f2e080, 0x00007cb632f2e738] Compiler: jvmci, Barriers: 11, Oops: 1, ImmediateOops: 1, NonImmediateOops: No
[3,764s][debug][gc,director    ] Rule Major: Warmup 10%, Used: 984MB, UsedThreshold: 1228MB
[3,764s][debug][gc,director    ] Rule Minor: High Usage, Free: 11262MB(91,7%)
[3,771s][debug][gc,alloc       ] Mutator Allocation Rate: 384,5MB/s Predicted: 396,2MB/s, Avg: 317,2(+/-53,5)MB/s
[3,771s][debug][gc,director    ] Rule Major: Warmup 10%, Used: 992MB, UsedThreshold: 1228MB
[3,771s][debug][gc,director    ] Rule Minor: High Usage, Free: 11254MB(91,6%)
[3,774s][debug][gc,nmethod     ] Register NMethod: io.sirix.page.delegates.BitmapReferencesPage.createNewReference (0x00007cb614410a08) [0x00007cb614410b00, 0x00007cb614411118] Compiler: c1, Barriers: 3, Oops: 1, ImmediateOops: 0, NonImmediateOops: No
[3,777s][debug][gc,nmethod     ] Register NMethod: com.sun.org.apache.xerces.internal.impl.XMLDocumentFragmentScannerImpl.scanDocument (0x00007cb632f2e788) [0x00007cb632f2e880, 0x00007cb632f3d538] Compiler: jvmci, Barriers: 302, Oops: 10, ImmediateOops: 15, NonImmediateOops: No
[3,782s][debug][gc,director    ] Rule Major: Warmup 10%, Used: 996MB, UsedThreshold: 1228MB
[3,782s][debug][gc,director    ] Rule Minor: High Usage, Free: 11250MB(91,6%)
[3,792s][debug][gc,director    ] Rule Major: Warmup 10%, Used: 1000MB, UsedThreshold: 1228MB
[3,792s][debug][gc,director    ] Rule Minor: High Usage, Free: 11246MB(91,5%)
[3,802s][debug][gc,director    ] Rule Major: Warmup 10%, Used: 1008MB, UsedThreshold: 1228MB
[3,802s][debug][gc,director    ] Rule Minor: High Usage, Free: 11238MB(91,5%)
[3,804s][debug][gc,nmethod     ] Register NMethod: java.util.stream.Nodes.flatten (0x00007cb614411188) [0x00007cb614411280, 0x00007cb614411fb8] Compiler: c1, Barriers: 3, Oops: 0, ImmediateOops: 1, NonImmediateOops: No
[3,804s][debug][gc,nmethod     ] Register NMethod: io.sirix.node.Bytes.wrapForWrite (0x00007cb614412008) [0x00007cb614412100, 0x00007cb6144130e0] Compiler: c1, Barriers: 9, Oops: 2, ImmediateOops: 1, NonImmediateOops: No
[3,811s][debug][gc,nmethod     ] Register NMethod: net.jpountz.lz4.LZ4Utils.maxCompressedLength (0x00007cb614413108) [0x00007cb614413200, 0x00007cb614414008] Compiler: c1, Barriers: 0, Oops: 2, ImmediateOops: 3, NonImmediateOops: No
[3,811s][debug][gc,nmethod     ] Register NMethod: java.security.MessageDigestSpi.clone (0x00007cb614414088) [0x00007cb614414180, 0x00007cb6144149d8] Compiler: c1, Barriers: 5, Oops: 0, ImmediateOops: 0, NonImmediateOops: No
[3,811s][debug][gc,nmethod     ] Register NMethod: java.util.concurrent.CountedCompleter.propagateCompletion (0x00007cb614414a08) [0x00007cb614414b00, 0x00007cb6144152c8] Compiler: c1, Barriers: 1, Oops: 0, ImmediateOops: 0, NonImmediateOops: No
[3,811s][debug][gc,nmethod     ] Register NMethod: net.jpountz.lz4.LZ4BlockOutputStream.compressionLevel (0x00007cb614415308) [0x00007cb614415400, 0x00007cb614417138] Compiler: c1, Barriers: 0, Oops: 3, ImmediateOops: 4, NonImmediateOops: No
[3,812s][debug][gc,director    ] Rule Major: Warmup 10%, Used: 1052MB, UsedThreshold: 1228MB
[3,812s][debug][gc,director    ] Rule Minor: High Usage, Free: 11194MB(91,1%)
[3,816s][debug][gc,nmethod     ] Register NMethod: java.util.Collection.stream (0x00007cb632f3d608) [0x00007cb632f3d700, 0x00007cb632f3da20] Compiler: jvmci, Barriers: 6, Oops: 1, ImmediateOops: 0, NonImmediateOops: No
[3,817s][debug][gc,nmethod     ] Register NMethod: io.sirix.io.filechannel.FileChannelWriter.write (0x00007cb614417188) [0x00007cb614417280, 0x00007cb614417578] Compiler: c1, Barriers: 0, Oops: 1, ImmediateOops: 0, NonImmediateOops: No
[3,817s][debug][gc,nmethod     ] Register NMethod: com.google.common.base.Preconditions.checkArgument (0x00007cb614417588) [0x00007cb614417680, 0x00007cb614417e38] Compiler: c1, Barriers: 4, Oops: 1, ImmediateOops: 1, NonImmediateOops: No
[3,822s][debug][gc,director    ] Rule Major: Warmup 10%, Used: 1058MB, UsedThreshold: 1228MB
[3,822s][debug][gc,director    ] Rule Minor: High Usage, Free: 11188MB(91,0%)
[3,830s][debug][gc,nmethod     ] Register NMethod: java.lang.StringUTF16.checkBoundsOffCount (0x00007cb614417e88) [0x00007cb614417f80, 0x00007cb614418248] Compiler: c1, Barriers: 0, Oops: 1, ImmediateOops: 1, NonImmediateOops: No
[3,832s][debug][gc,director    ] Rule Major: Warmup 10%, Used: 1058MB, UsedThreshold: 1228MB
[3,832s][debug][gc,director    ] Rule Minor: High Usage, Free: 11188MB(91,0%)
[3,833s][debug][gc,nmethod     ] Register NMethod: java.nio.channels.spi.AbstractInterruptibleChannel$1.<init> (0x00007cb614418288) [0x00007cb614418380, 0x00007cb6144186a8] Compiler: c1, Barriers: 3, Oops: 0, ImmediateOops: 0, NonImmediateOops: No
[3,833s][debug][gc,nmethod     ] Register NMethod: java.nio.channels.spi.AbstractInterruptibleChannel.<init> (0x00007cb614418708) [0x00007cb614418800, 0x00007cb614418ce0] Compiler: c1, Barriers: 9, Oops: 0, ImmediateOops: 0, NonImmediateOops: No
[3,833s][debug][gc,nmethod     ] Register NMethod: sun.nio.fs.UnixChannelFactory.newFileChannel (0x00007cb614418d08) [0x00007cb614418e00, 0x00007cb614418f28] Compiler: c1, Barriers: 0, Oops: 0, ImmediateOops: 0, NonImmediateOops: No
[3,833s][debug][gc,nmethod     ] Register NMethod: sun.nio.fs.UnixFileSystemProvider.newFileChannel (0x00007cb614419008) [0x00007cb614419100, 0x00007cb6144199f8] Compiler: c1, Barriers: 0, Oops: 0, ImmediateOops: 0, NonImmediateOops: No
[3,834s][debug][gc,nmethod     ] Register NMethod: sun.nio.fs.UnixChannelFactory$Flags.<init> (0x00007cb614419a08) [0x00007cb614419b00, 0x00007cb614419c58] Compiler: c1, Barriers: 0, Oops: 0, ImmediateOops: 0, NonImmediateOops: No
[3,834s][debug][gc,nmethod     ] Register NMethod: sun.nio.fs.UnixChannelFactory$Flags.toFlags (0x00007cb614419d08) [0x00007cb614419e00, 0x00007cb61441c8b8] Compiler: c1, Barriers: 1, Oops: 1, ImmediateOops: 5, NonImmediateOops: No
[3,834s][debug][gc,nmethod     ] Register NMethod: java.io.FileDescriptor$1.setAppend (0x00007cb61441c908) [0x00007cb61441ca00, 0x00007cb61441cb08] Compiler: c1, Barriers: 0, Oops: 0, ImmediateOops: 0, NonImmediateOops: No
[3,834s][debug][gc,nmethod     ] Register NMethod: java.io.FileDescriptor.set (0x00007cb61441cc08) [0x00007cb61441cd00, 0x00007cb61441d270] Compiler: c1, Barriers: 4, Oops: 0, ImmediateOops: 0, NonImmediateOops: No
[3,834s][debug][gc,nmethod     ] Register NMethod: java.io.FileDescriptor$1.set (0x00007cb61441d288) [0x00007cb61441d380, 0x00007cb61441db30] Compiler: c1, Barriers: 4, Oops: 0, ImmediateOops: 0, NonImmediateOops: No
[3,834s][debug][gc,nmethod     ] Register NMethod: sun.nio.ch.FileChannelImpl.open (0x00007cb61441db88) [0x00007cb61441dc80, 0x00007cb61441de38] Compiler: c1, Barriers: 0, Oops: 0, ImmediateOops: 0, NonImmediateOops: No
[3,834s][debug][gc,nmethod     ] Register NMethod: io.sirix.page.DeserializedReferencesPage4Tuple.references (0x00007cb632f3da88) [0x00007cb632f3db80, 0x00007cb632f3dc68] Compiler: c1, Barriers: 1, Oops: 1, ImmediateOops: 0, NonImmediateOops: No
[3,834s][debug][gc,nmethod     ] Register NMethod: sun.nio.fs.UnixChannelFactory.newFileChannel (0x00007cb61441de88) [0x00007cb61441df80, 0x00007cb61441e9f0] Compiler: c1, Barriers: 6, Oops: 0, ImmediateOops: 3, NonImmediateOops: No
[3,834s][debug][gc,nmethod     ] Register NMethod: sun.nio.ch.NativeThreadSet.<init> (0x00007cb61441ea08) [0x00007cb61441eb00, 0x00007cb61441ec60] Compiler: c1, Barriers: 0, Oops: 0, ImmediateOops: 0, NonImmediateOops: No
[3,834s][debug][gc,nmethod     ] Register NMethod: com.github.benmanes.caffeine.cache.stats.DisabledStatsCounter.recordHits (0x00007cb61441ed08) [0x00007cb61441ee00, 0x00007cb61441ef00] Compiler: c1, Barriers: 0, Oops: 1, ImmediateOops: 0, NonImmediateOops: No
[3,834s][debug][gc,nmethod     ] Register NMethod: sun.nio.ch.FileChannelImpl$Closer.<init> (0x00007cb61441f008) [0x00007cb61441f100, 0x00007cb61441f2d0] Compiler: c1, Barriers: 3, Oops: 0, ImmediateOops: 0, NonImmediateOops: No
[3,834s][debug][gc,nmethod     ] Register NMethod: java.nio.channels.FileChannel.<init> (0x00007cb61441f308) [0x00007cb61441f400, 0x00007cb61441f948] Compiler: c1, Barriers: 9, Oops: 0, ImmediateOops: 0, NonImmediateOops: No
[3,834s][debug][gc,nmethod     ] Register NMethod: io.sirix.page.DeserializedReferencesPage4Tuple.offsets (0x00007cb632f3dd88) [0x00007cb632f3de80, 0x00007cb632f3df68] Compiler: c1, Barriers: 1, Oops: 1, ImmediateOops: 0, NonImmediateOops: No
[3,835s][debug][gc,nmethod     ] Register NMethod: io.sirix.access.trx.page.NodePageReadOnlyTrx.getLeafPageReference (0x00007cb61441f988) [0x00007cb61441fa80, 0x00007cb614420008] Compiler: c1, Barriers: 2, Oops: 1, ImmediateOops: 0, NonImmediateOops: No
[3,835s][debug][gc,nmethod     ] Register NMethod: sun.nio.ch.FileChannelImpl.<init> (0x00007cb614420088) [0x00007cb614420180, 0x00007cb6144212a0] Compiler: c1, Barriers: 30, Oops: 1, ImmediateOops: 2, NonImmediateOops: No
[3,835s][debug][gc,nmethod     ] Register NMethod: sun.nio.fs.UnixChannelFactory.open (0x00007cb614421308) [0x00007cb614421400, 0x00007cb614423708] Compiler: c1, Barriers: 10, Oops: 1, ImmediateOops: 5, NonImmediateOops: No
[3,835s][debug][gc,nmethod     ] Register NMethod: io.sirix.access.trx.page.NodePageReadOnlyTrx.getInMemoryPageInstance (0x00007cb614423788) [0x00007cb614423880, 0x00007cb614425080] Compiler: c1, Barriers: 6, Oops: 2, ImmediateOops: 3, NonImmediateOops: No
[3,835s][debug][gc,nmethod     ] Register NMethod: jdk.internal.ref.CleanerFactory.cleaner (0x00007cb632f3e088) [0x00007cb632f3e180, 0x00007cb632f3e1f0] Compiler: jvmci, Barriers: 0, Oops: 0, ImmediateOops: 1, NonImmediateOops: No
[3,835s][debug][gc,nmethod     ] Register NMethod: java.io.FileDescriptor$1.close (0x00007cb614425108) [0x00007cb614425200, 0x00007cb614425d60] Compiler: c1, Barriers: 4, Oops: 0, ImmediateOops: 0, NonImmediateOops: No
[3,835s][debug][gc,nmethod     ] Register NMethod: sun.nio.ch.NativeThreadSet.signalAndWait (0x00007cb614425d88) [0x00007cb614425e80, 0x00007cb6144269d0] Compiler: c1, Barriers: 2, Oops: 0, ImmediateOops: 0, NonImmediateOops: No
[3,835s][debug][gc,nmethod     ] Register NMethod: sun.nio.ch.FileChannelImpl$Closer.run (0x00007cb614426a08) [0x00007cb614426b00, 0x00007cb614427830] Compiler: c1, Barriers: 5, Oops: 0, ImmediateOops: 2, NonImmediateOops: No
[3,835s][debug][gc,nmethod     ] Register NMethod: sun.nio.ch.FileChannelImpl.implCloseChannel (0x00007cb614427888) [0x00007cb614427980, 0x00007cb614429d38] Compiler: c1, Barriers: 8, Oops: 1, ImmediateOops: 1, NonImmediateOops: No
[3,836s][debug][gc,nmethod     ] Register NMethod: io.sirix.access.trx.page.NodePageReadOnlyTrx.setMostRecentlyReadRecordPage (0x00007cb614429d88) [0x00007cb614429e80, 0x00007cb61442e970] Compiler: c1, Barriers: 39, Oops: 2, ImmediateOops: 3, NonImmediateOops: No
[3,838s][debug][gc,nmethod     ] Register NMethod: java.util.RegularEnumSet.contains (0x00007cb632f3e388) [0x00007cb632f3e480, 0x00007cb632f3e618] Compiler: jvmci, Barriers: 2, Oops: 0, ImmediateOops: 0, NonImmediateOops: No
[3,839s][debug][gc,nmethod     ] Register NMethod: io.sirix.settings.VersioningType$4.combineRecordPagesForModification (0x00007cb61442e988) [0x00007cb61442ea80, 0x00007cb614437a00] Compiler: c1, Barriers: 27, Oops: 1, ImmediateOops: 0, NonImmediateOops: No
[3,840s][debug][gc,nmethod     ] Register NMethod: io.sirix.io.memorymapped.MMStorage.getDataFilePath (0x00007cb632f3e688) [0x00007cb632f3e780, 0x00007cb632f3e868] Compiler: c1, Barriers: 1, Oops: 1, ImmediateOops: 0, NonImmediateOops: No
[3,842s][debug][gc,nmethod     ] Register NMethod: java.lang.invoke.Invokers$Holder.linkToTargetMethod (0x00007cb614437a88) [0x00007cb614437b80, 0x00007cb614438078] Compiler: c1, Barriers: 0, Oops: 0, ImmediateOops: 0, NonImmediateOops: No
[3,842s][debug][gc,nmethod     ] Register NMethod: jdk.internal.misc.Unsafe.setMemory (0x00007cb614438088) [0x00007cb614438180, 0x00007cb614438490] Compiler: c1, Barriers: 0, Oops: 0, ImmediateOops: 0, NonImmediateOops: No
[3,842s][debug][gc,nmethod     ] Register NMethod: java.nio.Bits.pageSize (0x00007cb614438508) [0x00007cb614438600, 0x00007cb614438960] Compiler: c1, Barriers: 0, Oops: 0, ImmediateOops: 4, NonImmediateOops: No
[3,842s][debug][gc,nmethod     ] Register NMethod: java.nio.DirectByteBuffer$Deallocator.<init> (0x00007cb614438988) [0x00007cb614438a80, 0x00007cb614438c58] Compiler: c1, Barriers: 0, Oops: 0, ImmediateOops: 0, NonImmediateOops: No
[3,842s][debug][gc,nmethod     ] Register NMethod: jdk.internal.ref.Cleaner.add (0x00007cb614438c88) [0x00007cb614438d80, 0x00007cb6144391a8] Compiler: c1, Barriers: 10, Oops: 0, ImmediateOops: 3, NonImmediateOops: No
[3,842s][debug][gc,nmethod     ] Register NMethod: jdk.internal.ref.Cleaner.<init> (0x00007cb614439208) [0x00007cb614439300, 0x00007cb614439798] Compiler: c1, Barriers: 15, Oops: 1, ImmediateOops: 1, NonImmediateOops: No
[3,842s][debug][gc,director    ] Rule Major: Warmup 10%, Used: 1060MB, UsedThreshold: 1228MB
[3,842s][debug][gc,director    ] Rule Minor: High Usage, Free: 11186MB(91,0%)
[3,842s][debug][gc,nmethod     ] Register NMethod: jdk.internal.ref.Cleaner.create (0x00007cb614439808) [0x00007cb614439900, 0x00007cb61443a268] Compiler: c1, Barriers: 25, Oops: 1, ImmediateOops: 4, NonImmediateOops: No
[3,843s][debug][gc,nmethod     ] Register NMethod: jdk.internal.misc.Unsafe.setMemory (0x00007cb61443a288) [0x00007cb61443a380, 0x00007cb61443afb0] Compiler: c1, Barriers: 2, Oops: 0, ImmediateOops: 0, NonImmediateOops: No
[3,843s][debug][gc,nmethod     ] Register NMethod: jdk.internal.misc.Unsafe.setMemoryChecks (0x00007cb61443b008) [0x00007cb61443b100, 0x00007cb61443bd58] Compiler: c1, Barriers: 2, Oops: 0, ImmediateOops: 0, NonImmediateOops: No
[3,844s][debug][gc,nmethod     ] Register NMethod: java.text.DontCareFieldPosition$1.formatted (0x00007cb61443bd88) [0x00007cb61443be80, 0x00007cb61443bf80] Compiler: c1, Barriers: 0, Oops: 0, ImmediateOops: 0, NonImmediateOops: No
[3,845s][debug][gc,nmethod     ] Register NMethod: com.google.gson.stream.JsonReader.isLiteral (0x00007cb61443c088) [0x00007cb61443c180, 0x00007cb61443d1a8] Compiler: c1, Barriers: 0, Oops: 2, ImmediateOops: 2, NonImmediateOops: No
[3,845s][debug][gc,nmethod     ] Register NMethod: sun.nio.fs.UnixNativeDispatcher.stat (0x00007cb61443d208) [0x00007cb61443d300, 0x00007cb61443da10] Compiler: c1, Barriers: 0, Oops: 0, ImmediateOops: 0, NonImmediateOops: No
[3,845s][debug][gc,nmethod     ] Register NMethod: com.google.gson.stream.JsonReader.peekKeyword (0x00007cb61443da88) [0x00007cb61443db80, 0x00007cb61443f898] Compiler: c1, Barriers: 8, Oops: 2, ImmediateOops: 10, NonImmediateOops: No
[3,845s][debug][gc,nmethod     ] Register NMethod: java.lang.ref.Reference.refersToImpl (0x00007cb632f3e988) [0x00007cb632f3ea80, 0x00007cb632f3eb40] Compiler: jvmci, Barriers: 2, Oops: 0, ImmediateOops: 0, NonImmediateOops: No
[3,845s][debug][gc,nmethod     ] Register NMethod: com.github.benmanes.caffeine.cache.UnboundedLocalCache$UnboundedLocalAsyncCache.cache (0x00007cb61443f908) [0x00007cb61443fa00, 0x00007cb61443fd00] Compiler: c1, Barriers: 1, Oops: 1, ImmediateOops: 0, NonImmediateOops: No
[3,846s][debug][gc,nmethod     ] Register NMethod: java.lang.invoke.LambdaForm$MH/0x00000000262c3000.guard (0x00007cb61443fd88) [0x00007cb61443fe80, 0x00007cb614441120] Compiler: c1, Barriers: 4, Oops: 1, ImmediateOops: 0, NonImmediateOops: No
[3,846s][debug][gc,nmethod     ] Register NMethod: io.sirix.page.AbstractForwardingPage.getReferences (0x00007cb614441188) [0x00007cb614441280, 0x00007cb614441780] Compiler: c1, Barriers: 0, Oops: 1, ImmediateOops: 0, NonImmediateOops: No
[3,846s][debug][gc,nmethod     ] Register NMethod: io.sirix.io.memorymapped.MMStorage.getRevisionFilePath (0x00007cb632f3ec88) [0x00007cb632f3ed80, 0x00007cb632f3ee68] Compiler: c1, Barriers: 1, Oops: 1, ImmediateOops: 0, NonImmediateOops: No
[3,846s][debug][gc,nmethod     ] Register NMethod: com.github.benmanes.caffeine.cache.UnboundedLocalCache.statsTicker (0x00007cb632f3ef88) [0x00007cb632f3f080, 0x00007cb632f3f168] Compiler: c1, Barriers: 1, Oops: 1, ImmediateOops: 0, NonImmediateOops: No
[3,847s][debug][gc,nmethod     ] Register NMethod: java.nio.channels.FileChannel.open (0x00007cb614441808) [0x00007cb614441900, 0x00007cb614441ee8] Compiler: c1, Barriers: 2, Oops: 0, ImmediateOops: 0, NonImmediateOops: No
[3,847s][debug][gc,nmethod     ] Register NMethod: java.nio.channels.FileChannel.open (0x00007cb614441f08) [0x00007cb614442000, 0x00007cb6144425d0] Compiler: c1, Barriers: 3, Oops: 0, ImmediateOops: 2, NonImmediateOops: No
[3,848s][debug][gc,nmethod     ] Register NMethod: java.io.Writer.<init> (0x00007cb614442608) [0x00007cb614442700, 0x00007cb6144429c0] Compiler: c1, Barriers: 3, Oops: 0, ImmediateOops: 0, NonImmediateOops: No
[3,850s][debug][gc,nmethod     ] Register NMethod: io.brackit.query.compiler.parser.Tokenizer.ws (0x00007cb632f3f288) [0x00007cb632f3f380, 0x00007cb632f3f610] Compiler: jvmci, Barriers: 1, Oops: 1, ImmediateOops: 0, NonImmediateOops: No
[3,850s][debug][gc,nmethod     ] Register NMethod: io.sirix.cache.RecordPageFragmentCache.get (0x00007cb614442a08) [0x00007cb614442b00, 0x00007cb614443258] Compiler: c1, Barriers: 1, Oops: 1, ImmediateOops: 0, NonImmediateOops: No
[3,850s][debug][gc,nmethod     ] Register NMethod: io.sirix.cache.RecordPageFragmentCache.get (0x00007cb614443288) [0x00007cb614443380, 0x00007cb614443ef0] Compiler: c1, Barriers: 1, Oops: 1, ImmediateOops: 0, NonImmediateOops: No
[3,851s][debug][gc,nmethod     ] Register NMethod: io.sirix.access.trx.page.NodePageReadOnlyTrx.setMostRecentPage (0x00007cb614443f08) [0x00007cb614444000, 0x00007cb614445410] Compiler: c1, Barriers: 35, Oops: 1, ImmediateOops: 1, NonImmediateOops: No
[3,852s][debug][gc,director    ] Rule Major: Warmup 10%, Used: 1064MB, UsedThreshold: 1228MB
[3,852s][debug][gc,director    ] Rule Minor: High Usage, Free: 11182MB(91,0%)
[3,853s][debug][gc,nmethod     ] Register NMethod: io.brackit.query.operator.ForBind$ForBindCursor.emit (0x00007cb614445488) [0x00007cb614445580, 0x00007cb614446a28] Compiler: c1, Barriers: 17, Oops: 1, ImmediateOops: 0, NonImmediateOops: No
[3,854s][debug][gc,nmethod     ] Register NMethod: jdk.internal.math.FloatingDecimal.parseDouble (0x00007cb614446a88) [0x00007cb614446b80, 0x00007cb614446ea0] Compiler: c1, Barriers: 0, Oops: 0, ImmediateOops: 0, NonImmediateOops: No
[3,854s][debug][gc,nmethod     ] Register NMethod: java.lang.Double.parseDouble (0x00007cb614446f08) [0x00007cb614447000, 0x00007cb614447378] Compiler: c1, Barriers: 0, Oops: 0, ImmediateOops: 0, NonImmediateOops: No
[3,854s][debug][gc,nmethod     ] Register NMethod: io.brackit.query.compiler.optimizer.walker.Walker.walkInternal (0x00007cb632f3f688) [0x00007cb632f3f780, 0x00007cb632f3fdf0] Compiler: jvmci, Barriers: 6, Oops: 1, ImmediateOops: 1, NonImmediateOops: No
[3,854s][debug][gc,nmethod     ] Register NMethod: io.brackit.query.util.Whitespace.collapseTrimOnly (0x00007cb614447388) [0x00007cb614447480, 0x00007cb614448fd8] Compiler: c1, Barriers: 5, Oops: 2, ImmediateOops: 4, NonImmediateOops: No
[3,855s][debug][gc,nmethod     ] Register NMethod: com.github.benmanes.caffeine.cache.PS.setValue (0x00007cb614449008) [0x00007cb614449100, 0x00007cb61444a4f0] Compiler: c1, Barriers: 0, Oops: 7, ImmediateOops: 9, NonImmediateOops: No
[3,856s][debug][gc,nmethod     ] Register NMethod: jdk.internal.math.FloatingDecimal$ASCIIToBinaryBuffer.doubleValue (0x00007cb61444a588) [0x00007cb61444a6e0, 0x00007cb61444c780] Compiler: c1, Barriers: 2, Oops: 0, ImmediateOops: 9, NonImmediateOops: No
[3,857s][debug][gc,nmethod     ] Register NMethod: java.lang.invoke.Invokers$Holder.linkToTargetMethod (0x00007cb61444c788) [0x00007cb61444c880, 0x00007cb61444cd78] Compiler: c1, Barriers: 0, Oops: 0, ImmediateOops: 0, NonImmediateOops: No
[3,857s][debug][gc,nmethod     ] Register NMethod: java.lang.invoke.LambdaForm$MH/0x00000000262ae800.invoke (0x00007cb61444cd88) [0x00007cb61444ce80, 0x00007cb61444d5f0] Compiler: c1, Barriers: 2, Oops: 1, ImmediateOops: 0, NonImmediateOops: No
[3,857s][debug][gc,nmethod     ] Register NMethod: java.lang.invoke.DirectMethodHandle$Holder.invokeSpecial (0x00007cb61444d608) [0x00007cb61444d700, 0x00007cb61444dad0] Compiler: c1, Barriers: 1, Oops: 0, ImmediateOops: 0, NonImmediateOops: No
[3,857s][debug][gc,nmethod     ] Register NMethod: java.lang.String$$StringConcat/0x00000000262ae400.prepend (0x00007cb61444db08) [0x00007cb61444dc00, 0x00007cb61444de08] Compiler: c1, Barriers: 2, Oops: 1, ImmediateOops: 0, NonImmediateOops: No
[3,857s][debug][gc,nmethod     ] Register NMethod: java.lang.String$$StringConcat/0x00000000262ae400.length (0x00007cb61444de88) [0x00007cb61444df80, 0x00007cb61444e408] Compiler: c1, Barriers: 0, Oops: 1, ImmediateOops: 2, NonImmediateOops: No
[3,858s][debug][gc,nmethod     ] Register NMethod: jdk.internal.math.FloatingDecimal.readJavaFormatString (0x00007cb61444e488) [0x00007cb61444e580, 0x00007cb614458670] Compiler: c1, Barriers: 29, Oops: 1, ImmediateOops: 50, NonImmediateOops: No
[3,858s][debug][gc,nmethod     ] Register NMethod: java.lang.String$$StringConcat/0x00000000262ae400.concat (0x00007cb614458688) [0x00007cb614458780, 0x00007cb61445a3e0] Compiler: c1, Barriers: 8, Oops: 1, ImmediateOops: 5, NonImmediateOops: No
[3,860s][debug][gc,nmethod     ] Register NMethod: io.sirix.cache.RecordPageFragmentCache.asMap (0x00007cb61445a408) [0x00007cb61445a500, 0x00007cb61445a840] Compiler: c1, Barriers: 1, Oops: 1, ImmediateOops: 0, NonImmediateOops: No
[3,861s][debug][gc,nmethod     ] Register NMethod: java.text.NumberFormat.isGroupingUsed (0x00007cb632f3fe08) [0x00007cb632f3ff00, 0x00007cb632f3ffc0] Compiler: c1, Barriers: 0, Oops: 0, ImmediateOops: 0, NonImmediateOops: No
[3,862s][debug][gc,nmethod     ] Register NMethod: java.util.concurrent.locks.ReentrantLock$NonfairSync.tryAcquire (0x00007cb61445a888) [0x00007cb61445a980, 0x00007cb61445b170] Compiler: c1, Barriers: 4, Oops: 0, ImmediateOops: 0, NonImmediateOops: No
[3,862s][debug][gc,nmethod     ] Register NMethod: org.gradle.internal.dispatch.MethodInvocation.<init> (0x00007cb61445b188) [0x00007cb61445b280, 0x00007cb61445b510] Compiler: c1, Barriers: 6, Oops: 1, ImmediateOops: 1, NonImmediateOops: No
[3,862s][debug][gc,nmethod     ] Register NMethod: org.gradle.internal.Cast.uncheckedNonnullCast (0x00007cb61445b588) [0x00007cb61445b680, 0x00007cb61445b760] Compiler: c1, Barriers: 0, Oops: 1, ImmediateOops: 0, NonImmediateOops: No
[3,863s][debug][gc,director    ] Rule Major: Warmup 10%, Used: 1070MB, UsedThreshold: 1228MB
[3,863s][debug][gc,director    ] Rule Minor: High Usage, Free: 11176MB(91,0%)
[3,863s][debug][gc,nmethod     ] Register NMethod: java.net.URLDecoder.decode (0x00007cb61445b888) [0x00007cb61445b980, 0x00007cb61445f460] Compiler: c1, Barriers: 5, Oops: 3, ImmediateOops: 9, NonImmediateOops: No
[3,863s][debug][gc,nmethod     ] Register NMethod: jdk.xml.internal.XMLSecurityManager$Limit.spOld (0x00007cb632f40108) [0x00007cb632f40200, 0x00007cb632f402e8] Compiler: c1, Barriers: 1, Oops: 0, ImmediateOops: 0, NonImmediateOops: No
[3,863s][debug][gc,nmethod     ] Register NMethod: jdk.xml.internal.XMLSecurityManager$Limit.mapper (0x00007cb632f40408) [0x00007cb632f40500, 0x00007cb632f405e8] Compiler: c1, Barriers: 1, Oops: 0, ImmediateOops: 0, NonImmediateOops: No
[3,863s][debug][gc,nmethod     ] Register NMethod: jdk.xml.internal.XMLSecurityManager.getSystemProperty (0x00007cb61445f488) [0x00007cb61445f580, 0x00007cb6144601f8] Compiler: c1, Barriers: 2, Oops: 0, ImmediateOops: 3, NonImmediateOops: No
[3,864s][debug][gc,nmethod     ] Register NMethod: dagger.internal.DoubleCheck.get (0x00007cb614460208) [0x00007cb614460300, 0x00007cb614460a18] Compiler: c1, Barriers: 10, Oops: 1, ImmediateOops: 2, NonImmediateOops: No
[3,864s][debug][gc,nmethod     ] Register NMethod: java.util.concurrent.locks.ReentrantReadWriteLock$Sync.sharedCount (0x00007cb614460a88) [0x00007cb614460b80, 0x00007cb614460c70] Compiler: c1, Barriers: 0, Oops: 0, ImmediateOops: 0, NonImmediateOops: No
[3,864s][debug][gc,nmethod     ] Register NMethod: java.util.concurrent.locks.ReentrantReadWriteLock$FairSync.readerShouldBlock (0x00007cb614460d88) [0x00007cb614460e80, 0x00007cb614461178] Compiler: c1, Barriers: 0, Oops: 0, ImmediateOops: 0, NonImmediateOops: No
[3,864s][debug][gc,nmethod     ] Register NMethod: java.util.concurrent.locks.AbstractQueuedLongSynchronizer.acquireShared (0x00007cb614461188) [0x00007cb614461280, 0x00007cb6144617e8] Compiler: c1, Barriers: 0, Oops: 0, ImmediateOops: 0, NonImmediateOops: No
[3,864s][debug][gc,nmethod     ] Register NMethod: java.util.concurrent.locks.ReentrantReadWriteLock$ReadLock.lock (0x00007cb614461808) [0x00007cb614461900, 0x00007cb614461c38] Compiler: c1, Barriers: 1, Oops: 0, ImmediateOops: 0, NonImmediateOops: No
[3,864s][debug][gc,nmethod     ] Register NMethod: sun.nio.fs.UnixDirectoryStream.isOpen (0x00007cb614461c88) [0x00007cb614461d80, 0x00007cb614461ed0] Compiler: c1, Barriers: 0, Oops: 0, ImmediateOops: 0, NonImmediateOops: No
[3,864s][debug][gc,nmethod     ] Register NMethod: sun.nio.fs.UnixNativeDispatcher.readdir (0x00007cb614461f88) [0x00007cb614462080, 0x00007cb614462190] Compiler: c1, Barriers: 0, Oops: 0, ImmediateOops: 0, NonImmediateOops: No
[3,864s][debug][gc,nmethod     ] Register NMethod: java.util.concurrent.locks.ReentrantReadWriteLock$ReadLock.unlock (0x00007cb614462288) [0x00007cb614462380, 0x00007cb614462998] Compiler: c1, Barriers: 2, Oops: 0, ImmediateOops: 0, NonImmediateOops: No
[3,864s][debug][gc,nmethod     ] Register NMethod: java.util.concurrent.locks.AbstractQueuedLongSynchronizer.setState (0x00007cb632f40708) [0x00007cb632f40800, 0x00007cb632f408d0] Compiler: c1, Barriers: 0, Oops: 0, ImmediateOops: 0, NonImmediateOops: No
[3,864s][debug][gc,nmethod     ] Register NMethod: java.util.concurrent.locks.ReentrantReadWriteLock.writeLock (0x00007cb632f40a08) [0x00007cb632f40b00, 0x00007cb632f40be8] Compiler: c1, Barriers: 1, Oops: 0, ImmediateOops: 0, NonImmediateOops: No
[3,865s][debug][gc,nmethod     ] Register NMethod: java.util.concurrent.locks.AbstractQueuedLongSynchronizer.releaseShared (0x00007cb614462a08) [0x00007cb614462b00, 0x00007cb6144637f8] Compiler: c1, Barriers: 3, Oops: 0, ImmediateOops: 2, NonImmediateOops: No
[3,865s][debug][gc,nmethod     ] Rebuilding NMethod Table: 8192->16384 entries, 5735(70%->35%) registered, 0(0%->0%) unregistered
[3,865s][debug][gc,nmethod     ] Register NMethod: java.util.concurrent.locks.ReentrantReadWriteLock$Sync.tryReleaseShared (0x00007cb614463808) [0x00007cb614463900, 0x00007cb614465770] Compiler: c1, Barriers: 13, Oops: 0, ImmediateOops: 1, NonImmediateOops: No
[3,865s][debug][gc,nmethod     ] Register NMethod: java.nio.file.FileTreeWalker$Event.ioeException (0x00007cb632f40d08) [0x00007cb632f40e00, 0x00007cb632f40ee8] Compiler: c1, Barriers: 1, Oops: 0, ImmediateOops: 0, NonImmediateOops: No
[3,865s][debug][gc,nmethod     ] Register NMethod: sun.nio.fs.UnixPath.compareTo (0x00007cb614465788) [0x00007cb614465880, 0x00007cb614465c28] Compiler: c1, Barriers: 2, Oops: 0, ImmediateOops: 0, NonImmediateOops: No
[3,865s][debug][gc,nmethod     ] Register NMethod: java.util.concurrent.locks.ReentrantReadWriteLock$Sync.tryAcquireShared (0x00007cb614465c88) [0x00007cb614465d80, 0x00007cb614468538] Compiler: c1, Barriers: 17, Oops: 0, ImmediateOops: 0, NonImmediateOops: No
[3,865s][debug][gc,nmethod     ] Register NMethod: java.util.Arrays.compareUnsigned (0x00007cb614468588) [0x00007cb614468680, 0x00007cb614468b80] Compiler: c1, Barriers: 0, Oops: 0, ImmediateOops: 0, NonImmediateOops: No
[3,866s][debug][gc,nmethod     ] Register NMethod: io.sirix.access.DatabaseConfiguration.getDatabaseFile (0x00007cb632f41008) [0x00007cb632f41100, 0x00007cb632f411e8] Compiler: c1, Barriers: 1, Oops: 1, ImmediateOops: 0, NonImmediateOops: No
[3,866s][debug][gc,nmethod     ] Register NMethod: java.lang.StringUTF16.toBytes (0x00007cb632f41308) [0x00007cb632f41400, 0x00007cb632f41670] Compiler: jvmci, Barriers: 0, Oops: 0, ImmediateOops: 0, NonImmediateOops: No
[3,866s][debug][gc,nmethod     ] Register NMethod: java.lang.invoke.DirectMethodHandle$Holder.fieldAccess (0x00007cb614468b88) [0x00007cb614468c80, 0x00007cb614469178] Compiler: c1, Barriers: 0, Oops: 0, ImmediateOops: 0, NonImmediateOops: No
[3,867s][debug][gc,nmethod     ] Register NMethod: java.io.OutputStream.flush (0x00007cb632f41688) [0x00007cb632f41780, 0x00007cb632f41800] Compiler: jvmci, Barriers: 0, Oops: 0, ImmediateOops: 0, NonImmediateOops: No
[3,867s][debug][gc,nmethod     ] Register NMethod: java.lang.Long.parallelSuffix (0x00007cb614469188) [0x00007cb614469280, 0x00007cb6144693b8] Compiler: c1, Barriers: 0, Oops: 0, ImmediateOops: 0, NonImmediateOops: No
[3,870s][debug][gc,nmethod     ] Register NMethod: java.nio.file.Path.resolve (0x00007cb614469488) [0x00007cb614469580, 0x00007cb614469ad0] Compiler: c1, Barriers: 1, Oops: 0, ImmediateOops: 0, NonImmediateOops: No
[3,871s][debug][gc,nmethod     ] Register NMethod: com.github.benmanes.caffeine.cache.stats.StatsCounter.disabledStatsCounter (0x00007cb614469b08) [0x00007cb614469c00, 0x00007cb614469ce8] Compiler: c1, Barriers: 0, Oops: 1, ImmediateOops: 1, NonImmediateOops: No
[3,871s][debug][gc,nmethod     ] Register NMethod: com.github.benmanes.caffeine.cache.BoundedLocalCache.statsCounter (0x00007cb614469e08) [0x00007cb614469f00, 0x00007cb61446a060] Compiler: c1, Barriers: 0, Oops: 1, ImmediateOops: 1, NonImmediateOops: No
[3,873s][debug][gc,director    ] Rule Major: Warmup 10%, Used: 1074MB, UsedThreshold: 1228MB
[3,873s][debug][gc,director    ] Rule Minor: High Usage, Free: 11172MB(90,9%)
[3,873s][debug][gc,nmethod     ] Register NMethod: com.sun.org.apache.xerces.internal.util.FeatureState.<init> (0x00007cb61446a108) [0x00007cb61446a200, 0x00007cb61446a3d8] Compiler: c1, Barriers: 3, Oops: 0, ImmediateOops: 0, NonImmediateOops: No
[3,873s][debug][gc,nmethod     ] Register NMethod: com.sun.org.apache.xerces.internal.parsers.XIncludeAwareParserConfiguration.getFeatureState (0x00007cb61446a408) [0x00007cb61446a500, 0x00007cb61446af38] Compiler: c1, Barriers: 6, Oops: 1, ImmediateOops: 4, NonImmediateOops: No
[3,873s][debug][gc,nmethod     ] Register NMethod: com.sun.org.apache.xerces.internal.util.ParserConfigurationSettings.getFeature (0x00007cb61446af88) [0x00007cb61446b080, 0x00007cb61446b678] Compiler: c1, Barriers: 1, Oops: 0, ImmediateOops: 0, NonImmediateOops: No
[3,874s][debug][gc,nmethod     ] Register NMethod: io.sirix.cache.SegmentAllocators.roundUpToPowerOfTwo (0x00007cb61446b688) [0x00007cb61446b780, 0x00007cb61446d620] Compiler: c1, Barriers: 3, Oops: 8, ImmediateOops: 12, NonImmediateOops: No
[3,883s][debug][gc,nmethod     ] Register NMethod: java.util.HashMap.resize (0x00007cb632f41988) [0x00007cb632f41aa0, 0x00007cb632f425f8] Compiler: jvmci, Barriers: 33, Oops: 0, ImmediateOops: 0, NonImmediateOops: No
[3,883s][debug][gc,director    ] Rule Major: Warmup 10%, Used: 1076MB, UsedThreshold: 1228MB
[3,883s][debug][gc,director    ] Rule Minor: High Usage, Free: 11170MB(90,9%)
[3,893s][debug][gc,director    ] Rule Major: Warmup 10%, Used: 1080MB, UsedThreshold: 1228MB
[3,893s][debug][gc,director    ] Rule Minor: High Usage, Free: 11166MB(90,9%)
[3,899s][debug][gc,nmethod     ] Register NMethod: io.sirix.page.PageKind$1.deserializePage (0x00007cb632f42608) [0x00007cb632f42720, 0x00007cb632f4b828] Compiler: jvmci, Barriers: 91, Oops: 10, ImmediateOops: 1, NonImmediateOops: No
[3,903s][debug][gc,director    ] Rule Major: Warmup 10%, Used: 1086MB, UsedThreshold: 1228MB
[3,903s][debug][gc,director    ] Rule Minor: High Usage, Free: 11160MB(90,8%)
[3,904s][debug][gc,nmethod     ] Register NMethod: com.sun.org.apache.xerces.internal.util.XMLChar.isValid (0x00007cb632f4b888) [0x00007cb632f4b980, 0x00007cb632f4ba50] Compiler: jvmci, Barriers: 0, Oops: 0, ImmediateOops: 1, NonImmediateOops: No
[3,904s][debug][gc,nmethod     ] Register NMethod: com.sun.org.apache.xerces.internal.impl.XMLDocumentFragmentScannerImpl.scanContent (0x00007cb632f4bb88) [0x00007cb632f4bd20, 0x00007cb632f4d1d8] Compiler: jvmci, Barriers: 20, Oops: 0, ImmediateOops: 1, NonImmediateOops: No
[3,905s][debug][gc,alloc       ] Mutator Allocation Rate: 399,9MB/s Predicted: 410,6MB/s, Avg: 324,1(+/-56,1)MB/s
[3,906s][debug][gc,director    ] Rule Major: Warmup 10%, Used: 1088MB, UsedThreshold: 1228MB
[3,906s][debug][gc,director    ] Rule Minor: High Usage, Free: 11158MB(90,8%)
[3,916s][debug][gc,director    ] Rule Major: Warmup 10%, Used: 1096MB, UsedThreshold: 1228MB
[3,916s][debug][gc,director    ] Rule Minor: High Usage, Free: 11150MB(90,7%)
[3,926s][debug][gc,director    ] Rule Major: Warmup 10%, Used: 1104MB, UsedThreshold: 1228MB
[3,926s][debug][gc,director    ] Rule Minor: High Usage, Free: 11142MB(90,7%)
[3,936s][debug][gc,director    ] Rule Major: Warmup 10%, Used: 1114MB, UsedThreshold: 1228MB
[3,936s][debug][gc,director    ] Rule Minor: High Usage, Free: 11132MB(90,6%)
[3,946s][debug][gc,director    ] Rule Major: Warmup 10%, Used: 1124MB, UsedThreshold: 1228MB
[3,946s][debug][gc,director    ] Rule Minor: High Usage, Free: 11122MB(90,5%)
[3,956s][debug][gc,director    ] Rule Major: Warmup 10%, Used: 1134MB, UsedThreshold: 1228MB
[3,956s][debug][gc,director    ] Rule Minor: High Usage, Free: 11112MB(90,4%)
[3,966s][debug][gc,director    ] Rule Major: Warmup 10%, Used: 1144MB, UsedThreshold: 1228MB
[3,966s][debug][gc,director    ] Rule Minor: High Usage, Free: 11102MB(90,3%)
[3,974s][debug][gc,alloc       ] Mutator Allocation Rate: 423,2MB/s Predicted: 427,8MB/s, Avg: 331,7(+/-60,0)MB/s
[3,974s][debug][gc,director    ] Rule Major: Warmup 10%, Used: 1186MB, UsedThreshold: 1228MB
[3,974s][debug][gc,director    ] Rule Minor: High Usage, Free: 11060MB(90,0%)
[3,975s][debug][gc,nmethod     ] Register NMethod: java.nio.HeapByteBuffer.putLong (0x00007cb632f4d208) [0x00007cb632f4d300, 0x00007cb632f4d668] Compiler: jvmci, Barriers: 5, Oops: 1, ImmediateOops: 0, NonImmediateOops: No
[3,984s][debug][gc,director    ] Rule Major: Warmup 10%, Used: 1190MB, UsedThreshold: 1228MB
[3,984s][debug][gc,director    ] Rule Minor: High Usage, Free: 11056MB(90,0%)
[3,986s][debug][gc,nmethod     ] Register NMethod: java.util.BitSet.toByteArray (0x00007cb632f4d688) [0x00007cb632f4d780, 0x00007cb632f4dff0] Compiler: jvmci, Barriers: 1, Oops: 1, ImmediateOops: 0, NonImmediateOops: No
[3,994s][debug][gc,nmethod     ] Register NMethod: java.nio.ByteBuffer.allocateDirect (0x00007cb61446d688) [0x00007cb61446d780, 0x00007cb61446d908] Compiler: c1, Barriers: 0, Oops: 0, ImmediateOops: 0, NonImmediateOops: No
[3,995s][debug][gc,director    ] Rule Major: Warmup 10%, Used: 1190MB, UsedThreshold: 1228MB
[3,995s][debug][gc,director    ] Rule Minor: High Usage, Free: 11056MB(90,0%)
[3,995s][debug][gc,nmethod     ] Register NMethod: java.nio.DirectByteBuffer.<init> (0x00007cb61446d988) [0x00007cb61446da80, 0x00007cb61446f3f0] Compiler: c1, Barriers: 25, Oops: 2, ImmediateOops: 14, NonImmediateOops: No
[3,996s][debug][gc,nmethod     ] Register NMethod: jdk.internal.foreign.abi.SharedUtils.checkNative (0x00007cb632f4e008) [0x00007cb632f4e100, 0x00007cb632f4e1e0] Compiler: jvmci, Barriers: 0, Oops: 0, ImmediateOops: 0, NonImmediateOops: No
[3,999s][debug][gc,nmethod     ] Register NMethod: java.lang.Thread.threadId (0x00007cb632f4e308) [0x00007cb632f4e400, 0x00007cb632f4e4c0] Compiler: c1, Barriers: 0, Oops: 0, ImmediateOops: 0, NonImmediateOops: No
[3,999s][debug][gc,nmethod     ] Register NMethod: jdk.internal.util.DecimalDigits.uncheckedPutCharLatin1 (0x00007cb632f4e608) [0x00007cb632f4e700, 0x00007cb632f4e768] Compiler: jvmci, Barriers: 0, Oops: 0, ImmediateOops: 0, NonImmediateOops: No
[3,999s][debug][gc,nmethod     ] Register NMethod: io.sirix.cache.RecordPageFragmentCache.get (0x00007cb61446f408) [0x00007cb61446f500, 0x00007cb61446fa48] Compiler: c1, Barriers: 1, Oops: 1, ImmediateOops: 0, NonImmediateOops: No
[4,000s][debug][gc,nmethod     ] Register NMethod: io.sirix.cache.RecordPageFragmentCache.get (0x00007cb61446fa88) [0x00007cb61446fb80, 0x00007cb6144704e0] Compiler: c1, Barriers: 1, Oops: 1, ImmediateOops: 0, NonImmediateOops: No
[4,000s][debug][gc,nmethod     ] Register NMethod: java.lang.invoke.LambdaForm$MH/0x0000000026224800.invoke (0x00007cb614470508) [0x00007cb614470600, 0x00007cb614470d70] Compiler: c1, Barriers: 2, Oops: 1, ImmediateOops: 0, NonImmediateOops: No
[4,000s][debug][gc,nmethod     ] Register NMethod: java.lang.invoke.DirectMethodHandle$Holder.invokeSpecial (0x00007cb614470d88) [0x00007cb614470e80, 0x00007cb614471248] Compiler: c1, Barriers: 1, Oops: 0, ImmediateOops: 0, NonImmediateOops: No
[4,000s][debug][gc,nmethod     ] Register NMethod: java.lang.StringConcatHelper$Concat1.concat (0x00007cb614471288) [0x00007cb614471380, 0x00007cb614472ce0] Compiler: c1, Barriers: 8, Oops: 0, ImmediateOops: 4, NonImmediateOops: No
[4,001s][debug][gc,nmethod     ] Register NMethod: com.github.benmanes.caffeine.cache.PS.isAlive (0x00007cb632f4e908) [0x00007cb632f4ea00, 0x00007cb632f4eb38] Compiler: jvmci, Barriers: 1, Oops: 1, ImmediateOops: 2, NonImmediateOops: No
[4,002s][debug][gc,nmethod     ] Register NMethod: io.sirix.node.delegates.NodeDelegate.<init> (0x00007cb632f4ec08) [0x00007cb632f4ed00, 0x00007cb632f4eeb0] Compiler: jvmci, Barriers: 6, Oops: 1, ImmediateOops: 0, NonImmediateOops: No
[4,003s][debug][gc,nmethod     ] Register NMethod: io.sirix.cache.SegmentAllocators.getIndexForSize (0x00007cb632f4ef08) [0x00007cb632f4f000, 0x00007cb632f4f170] Compiler: jvmci, Barriers: 0, Oops: 1, ImmediateOops: 1, NonImmediateOops: No
[4,003s][debug][gc,nmethod     ] Register NMethod: java.util.concurrent.atomic.AtomicBoolean.get (0x00007cb614472d08) [0x00007cb614472e00, 0x00007cb614472f50] Compiler: c1, Barriers: 0, Oops: 0, ImmediateOops: 0, NonImmediateOops: No
[4,003s][debug][gc,nmethod     ] Register NMethod: sun.nio.cs.UTF_8.newDecoder (0x00007cb614473008) [0x00007cb614473120, 0x00007cb614473330] Compiler: c1, Barriers: 0, Oops: 0, ImmediateOops: 0, NonImmediateOops: No
[4,003s][debug][gc,nmethod     ] Register NMethod: java.nio.file.FileSystems.getDefault (0x00007cb614473388) [0x00007cb614473480, 0x00007cb6144738e0] Compiler: c1, Barriers: 1, Oops: 0, ImmediateOops: 3, NonImmediateOops: No
[4,003s][debug][gc,nmethod     ] Register NMethod: sun.nio.cs.UTF_8$Decoder.<init> (0x00007cb614473908) [0x00007cb614473a20, 0x00007cb614473b60] Compiler: c1, Barriers: 0, Oops: 0, ImmediateOops: 0, NonImmediateOops: No
[4,003s][debug][gc,nmethod     ] Register NMethod: java.util.Collections.emptyMap (0x00007cb614473c08) [0x00007cb614473d00, 0x00007cb614473de8] Compiler: c1, Barriers: 0, Oops: 0, ImmediateOops: 1, NonImmediateOops: No
[4,003s][debug][gc,nmethod     ] Register NMethod: java.nio.charset.CharsetDecoder.implReplaceWith (0x00007cb614473f08) [0x00007cb614474000, 0x00007cb614474100] Compiler: c1, Barriers: 0, Oops: 0, ImmediateOops: 0, NonImmediateOops: No
[4,003s][debug][gc,nmethod     ] Register NMethod: java.nio.charset.CharsetDecoder.<init> (0x00007cb614474208) [0x00007cb614474300, 0x00007cb614474440] Compiler: c1, Barriers: 0, Oops: 0, ImmediateOops: 1, NonImmediateOops: No
[4,003s][debug][gc,nmethod     ] Register NMethod: java.nio.charset.CharsetDecoder.implOnMalformedInput (0x00007cb614474508) [0x00007cb614474600, 0x00007cb614474700] Compiler: c1, Barriers: 0, Oops: 0, ImmediateOops: 0, NonImmediateOops: No
[4,003s][debug][gc,nmethod     ] Register NMethod: java.nio.charset.CharsetDecoder.<init> (0x00007cb614474808) [0x00007cb614474900, 0x00007cb614475170] Compiler: c1, Barriers: 12, Oops: 0, ImmediateOops: 6, NonImmediateOops: No
[4,003s][debug][gc,nmethod     ] Register NMethod: java.nio.charset.CharsetDecoder.onMalformedInput (0x00007cb614475188) [0x00007cb614475280, 0x00007cb614475708] Compiler: c1, Barriers: 3, Oops: 0, ImmediateOops: 1, NonImmediateOops: No
[4,004s][debug][gc,nmethod     ] Register NMethod: java.nio.charset.CharsetDecoder.implOnUnmappableCharacter (0x00007cb614475788) [0x00007cb614475880, 0x00007cb614475980] Compiler: c1, Barriers: 0, Oops: 0, ImmediateOops: 0, NonImmediateOops: No
[4,004s][debug][gc,nmethod     ] Register NMethod: java.nio.charset.CharsetDecoder.onUnmappableCharacter (0x00007cb614475a88) [0x00007cb614475b80, 0x00007cb614476008] Compiler: c1, Barriers: 3, Oops: 0, ImmediateOops: 1, NonImmediateOops: No
[4,004s][debug][gc,nmethod     ] Register NMethod: java.nio.charset.CharsetDecoder.replaceWith (0x00007cb614476088) [0x00007cb614476180, 0x00007cb614476c90] Compiler: c1, Barriers: 4, Oops: 0, ImmediateOops: 3, NonImmediateOops: No
[4,004s][debug][gc,nmethod     ] Register NMethod: io.sirix.index.path.summary.PathSummaryReader.getName (0x00007cb632f4f208) [0x00007cb632f4f300, 0x00007cb632f4f488] Compiler: jvmci, Barriers: 2, Oops: 1, ImmediateOops: 0, NonImmediateOops: No
[4,004s][debug][gc,nmethod     ] Register NMethod: sun.nio.fs.UnixFileAttributes$UnixAsBasicFileAttributes.size (0x00007cb614476d08) [0x00007cb614476e00, 0x00007cb614476f60] Compiler: c1, Barriers: 1, Oops: 0, ImmediateOops: 0, NonImmediateOops: No
[4,004s][debug][gc,nmethod     ] Register NMethod: java.nio.file.Files.size (0x00007cb614477008) [0x00007cb614477100, 0x00007cb614477868] Compiler: c1, Barriers: 2, Oops: 1, ImmediateOops: 1, NonImmediateOops: No
[4,004s][debug][gc,nmethod     ] Register NMethod: com.sun.org.apache.xerces.internal.impl.XMLDocumentFragmentScannerImpl.scanDocument (0x00007cb632f4f508) [0x00007cb632f4f600, 0x00007cb632f5d940] Compiler: jvmci, Barriers: 288, Oops: 10, ImmediateOops: 15, NonImmediateOops: No
[4,004s][debug][gc,nmethod     ] Register NMethod: com.github.benmanes.caffeine.cache.SSMS.evicts (0x00007cb632f5da08) [0x00007cb632f5db00, 0x00007cb632f5dbc0] Compiler: c1, Barriers: 0, Oops: 1, ImmediateOops: 0, NonImmediateOops: No
[4,004s][debug][gc,nmethod     ] Register NMethod: io.sirix.page.AbstractForwardingPage.<init> (0x00007cb614477888) [0x00007cb614477980, 0x00007cb614477b38] Compiler: c1, Barriers: 0, Oops: 1, ImmediateOops: 0, NonImmediateOops: No
[4,004s][debug][gc,nmethod     ] Register NMethod: io.sirix.access.trx.page.NodePageTrx.getName (0x00007cb632f5dd08) [0x00007cb632f5de00, 0x00007cb632f5e408] Compiler: jvmci, Barriers: 9, Oops: 1, ImmediateOops: 0, NonImmediateOops: No
[4,004s][debug][gc,nmethod     ] Register NMethod: com.github.benmanes.caffeine.cache.FrequencySketch.incrementAt (0x00007cb614477b88) [0x00007cb614477c80, 0x00007cb614477e68] Compiler: c1, Barriers: 1, Oops: 1, ImmediateOops: 0, NonImmediateOops: No
[4,004s][debug][gc,nmethod     ] Register NMethod: it.unimi.dsi.fastutil.ints.AbstractInt2LongFunction.<init> (0x00007cb614477e88) [0x00007cb614477f80, 0x00007cb6144780d8] Compiler: c1, Barriers: 0, Oops: 1, ImmediateOops: 0, NonImmediateOops: No
[4,004s][debug][gc,nmethod     ] Register NMethod: it.unimi.dsi.fastutil.ints.AbstractInt2LongMap.<init> (0x00007cb614478188) [0x00007cb614478280, 0x00007cb614478438] Compiler: c1, Barriers: 0, Oops: 1, ImmediateOops: 0, NonImmediateOops: No
[4,005s][debug][gc,nmethod     ] Register NMethod: it.unimi.dsi.fastutil.ints.AbstractInt2IntFunction.<init> (0x00007cb614478488) [0x00007cb614478580, 0x00007cb6144786d8] Compiler: c1, Barriers: 0, Oops: 1, ImmediateOops: 0, NonImmediateOops: No
[4,005s][debug][gc,nmethod     ] Register NMethod: it.unimi.dsi.fastutil.ints.AbstractInt2IntMap.<init> (0x00007cb614478788) [0x00007cb614478880, 0x00007cb614478a38] Compiler: c1, Barriers: 0, Oops: 1, ImmediateOops: 0, NonImmediateOops: No
[4,005s][debug][gc,nmethod     ] Register NMethod: it.unimi.dsi.fastutil.ints.Int2LongOpenHashMap.<init> (0x00007cb614478a88) [0x00007cb614478ba0, 0x00007cb614479440] Compiler: c1, Barriers: 6, Oops: 1, ImmediateOops: 2, NonImmediateOops: No
[4,005s][debug][gc,director    ] Rule Major: Warmup 10%, Used: 1194MB, UsedThreshold: 1228MB
[4,005s][debug][gc,director    ] Rule Minor: High Usage, Free: 11052MB(89,9%)
[4,005s][debug][gc,nmethod     ] Register NMethod: it.unimi.dsi.fastutil.ints.Int2IntOpenHashMap.<init> (0x00007cb614479488) [0x00007cb6144795a0, 0x00007cb614479e40] Compiler: c1, Barriers: 6, Oops: 1, ImmediateOops: 2, NonImmediateOops: No
[4,005s][debug][gc,nmethod     ] Register NMethod: io.sirix.axis.pathsummary.AbstractAxis.hasNext (0x00007cb632f5e488) [0x00007cb632f5e580, 0x00007cb632f5e9a8] Compiler: jvmci, Barriers: 15, Oops: 1, ImmediateOops: 3, NonImmediateOops: No
[4,006s][debug][gc,nmethod     ] Register NMethod: jdk.internal.foreign.MemorySessionImpl.toMemorySession (0x00007cb614479e88) [0x00007cb614479f80, 0x00007cb61447a468] Compiler: c1, Barriers: 0, Oops: 0, ImmediateOops: 0, NonImmediateOops: No
[4,006s][debug][gc,nmethod     ] Register NMethod: sun.nio.ch.FileChannelImpl.toProt (0x00007cb61447a488) [0x00007cb61447a580, 0x00007cb61447a8b8] Compiler: c1, Barriers: 0, Oops: 0, ImmediateOops: 5, NonImmediateOops: No
[4,006s][debug][gc,nmethod     ] Register NMethod: sun.nio.ch.FileChannelImpl.isSync (0x00007cb61447a908) [0x00007cb61447aa00, 0x00007cb61447ac88] Compiler: c1, Barriers: 0, Oops: 0, ImmediateOops: 3, NonImmediateOops: No
[4,006s][debug][gc,nmethod     ] Register NMethod: sun.nio.ch.UnixFileDispatcherImpl.allocationGranularity (0x00007cb61447ad08) [0x00007cb61447ae00, 0x00007cb61447af30] Compiler: c1, Barriers: 0, Oops: 0, ImmediateOops: 0, NonImmediateOops: No
[4,006s][debug][gc,nmethod     ] Register NMethod: sun.nio.ch.UnixFileDispatcherImpl.map (0x00007cb61447b008) [0x00007cb61447b100, 0x00007cb61447b240] Compiler: c1, Barriers: 0, Oops: 0, ImmediateOops: 0, NonImmediateOops: No
[4,006s][debug][gc,nmethod     ] Register NMethod: sun.nio.ch.FileChannelImpl.checkMode (0x00007cb61447b308) [0x00007cb61447b400, 0x00007cb61447b860] Compiler: c1, Barriers: 0, Oops: 0, ImmediateOops: 2, NonImmediateOops: No
[4,006s][debug][gc,nmethod     ] Register NMethod: sun.nio.ch.FileChannelImpl$DefaultUnmapper.<init> (0x00007cb61447b888) [0x00007cb61447b980, 0x00007cb61447bcb8] Compiler: c1, Barriers: 0, Oops: 0, ImmediateOops: 0, NonImmediateOops: No
[4,006s][debug][gc,nmethod     ] Register NMethod: sun.nio.ch.FileChannelImpl$Unmapper.<init> (0x00007cb61447bd08) [0x00007cb61447be00, 0x00007cb61447bff0] Compiler: c1, Barriers: 3, Oops: 0, ImmediateOops: 0, NonImmediateOops: No
[4,006s][debug][gc,nmethod     ] Register NMethod: sun.nio.ch.UnixFileDispatcherImpl.duplicateForMapping (0x00007cb61447c008) [0x00007cb61447c100, 0x00007cb61447c328] Compiler: c1, Barriers: 0, Oops: 0, ImmediateOops: 0, NonImmediateOops: No
[4,006s][debug][gc,nmethod     ] Register NMethod: sun.nio.ch.FileChannelImpl$DefaultUnmapper.incrementStats (0x00007cb61447c388) [0x00007cb61447c480, 0x00007cb61447c788] Compiler: c1, Barriers: 0, Oops: 1, ImmediateOops: 3, NonImmediateOops: No
[4,007s][debug][gc,nmethod     ] Register NMethod: sun.nio.ch.IOStatus.checkAll (0x00007cb61447c808) [0x00007cb61447c900, 0x00007cb61447ca68] Compiler: c1, Barriers: 0, Oops: 0, ImmediateOops: 0, NonImmediateOops: No
[4,007s][debug][gc,nmethod     ] Register NMethod: sun.nio.ch.FileChannelImpl$Unmapper.address (0x00007cb61447cb08) [0x00007cb61447cc00, 0x00007cb61447cd10] Compiler: c1, Barriers: 0, Oops: 0, ImmediateOops: 0, NonImmediateOops: No
[4,007s][debug][gc,nmethod     ] Register NMethod: jdk.internal.foreign.SegmentFactories$2.<init> (0x00007cb61447ce08) [0x00007cb61447cf00, 0x00007cb61447d130] Compiler: c1, Barriers: 3, Oops: 0, ImmediateOops: 0, NonImmediateOops: No
[4,007s][debug][gc,nmethod     ] Register NMethod: jdk.internal.foreign.MappedMemorySegmentImpl.<init> (0x00007cb61447d188) [0x00007cb61447d280, 0x00007cb61447d820] Compiler: c1, Barriers: 6, Oops: 0, ImmediateOops: 1, NonImmediateOops: No
[4,007s][debug][gc,nmethod     ] Register NMethod: sun.nio.ch.FileChannelImpl.map (0x00007cb61447d888) [0x00007cb61447d980, 0x00007cb61447f308] Compiler: c1, Barriers: 3, Oops: 2, ImmediateOops: 10, NonImmediateOops: No
[4,007s][debug][gc,nmethod     ] Register NMethod: io.sirix.page.DeserializedBitmapReferencesPageTuple.getReferences (0x00007cb632f5ea08) [0x00007cb632f5eb00, 0x00007cb632f5ebe8] Compiler: c1, Barriers: 1, Oops: 1, ImmediateOops: 0, NonImmediateOops: No
[4,007s][debug][gc,nmethod     ] Register NMethod: java.lang.invoke.DelegatingMethodHandle$Holder.delegate (0x00007cb61447f388) [0x00007cb61447f480, 0x00007cb61447fb88] Compiler: c1, Barriers: 0, Oops: 0, ImmediateOops: 0, NonImmediateOops: No
[4,007s][debug][gc,nmethod     ] Register NMethod: io.sirix.page.DeserializedBitmapReferencesPageTuple.getBitmap (0x00007cb632f5ed08) [0x00007cb632f5ee00, 0x00007cb632f5eee8] Compiler: c1, Barriers: 1, Oops: 1, ImmediateOops: 0, NonImmediateOops: No
[4,007s][debug][gc,nmethod     ] Register NMethod: jdk.internal.foreign.SegmentFactories.mapSegment (0x00007cb61447fc08) [0x00007cb61447fd00, 0x00007cb614480bb0] Compiler: c1, Barriers: 4, Oops: 0, ImmediateOops: 0, NonImmediateOops: No
[4,007s][debug][gc,nmethod     ] Register NMethod: com.github.benmanes.caffeine.cache.LocalAsyncCache$CacheView.asyncCache (0x00007cb632f5f008) [0x00007cb632f5f100, 0x00007cb632f5f1e8] Compiler: c1, Barriers: 1, Oops: 1, ImmediateOops: 0, NonImmediateOops: No
[4,008s][debug][gc,nmethod     ] Register NMethod: io.sirix.io.RevisionFileData.offset (0x00007cb632f5f308) [0x00007cb632f5f400, 0x00007cb632f5f4c0] Compiler: c1, Barriers: 0, Oops: 1, ImmediateOops: 0, NonImmediateOops: No
[4,008s][debug][gc,nmethod     ] Register NMethod: io.sirix.node.MemorySegmentBytesIn.readBoolean (0x00007cb614480c08) [0x00007cb614480d00, 0x00007cb614480e98] Compiler: c1, Barriers: 0, Oops: 1, ImmediateOops: 0, NonImmediateOops: No
[4,009s][debug][gc,nmethod     ] Register NMethod: sun.nio.ch.FileChannelImpl.mapInternal (0x00007cb614480f08) [0x00007cb614481000, 0x00007cb614486278] Compiler: c1, Barriers: 14, Oops: 0, ImmediateOops: 14, NonImmediateOops: No
[4,009s][debug][gc,nmethod     ] Register NMethod: it.unimi.dsi.fastutil.ints.Int2LongOpenHashMap.find (0x00007cb632f5f608) [0x00007cb632f5f700, 0x00007cb632f5f970] Compiler: jvmci, Barriers: 1, Oops: 1, ImmediateOops: 0, NonImmediateOops: No
[4,011s][debug][gc,nmethod     ] Register NMethod: io.brackit.query.compiler.parser.Tokenizer.laNCName (0x00007cb614486288) [0x00007cb614486380, 0x00007cb614486b50] Compiler: c1, Barriers: 6, Oops: 1, ImmediateOops: 0, NonImmediateOops: No
[4,011s][debug][gc,nmethod     ] Register NMethod: io.brackit.query.compiler.parser.Tokenizer.consume (0x00007cb614486b88) [0x00007cb614486c80, 0x00007cb614487ba0] Compiler: c1, Barriers: 3, Oops: 3, ImmediateOops: 5, NonImmediateOops: No
[4,011s][debug][gc,nmethod     ] Register NMethod: java.lang.String.encodeUTF8_UTF16 (0x00007cb632f5f988) [0x00007cb632f5fa80, 0x00007cb632f601c8] Compiler: jvmci, Barriers: 0, Oops: 0, ImmediateOops: 0, NonImmediateOops: No
[4,012s][debug][gc,nmethod     ] Register NMethod: io.brackit.query.expr.PathStepExpr.evaluate (0x00007cb614253a08) [0x00007cb614253b00, 0x00007cb614254938] Compiler: c1, Barriers: 16, Oops: 1, ImmediateOops: 0, NonImmediateOops: No
[4,015s][debug][gc,director    ] Rule Major: Warmup 10%, Used: 1198MB, UsedThreshold: 1228MB
[4,015s][debug][gc,director    ] Rule Minor: High Usage, Free: 11048MB(89,9%)
[4,016s][debug][gc,nmethod     ] Register NMethod: java.nio.ByteBuffer.limit (0x00007cb632f60208) [0x00007cb632f60300, 0x00007cb632f60410] Compiler: jvmci, Barriers: 0, Oops: 0, ImmediateOops: 0, NonImmediateOops: No
[4,016s][debug][gc,nmethod     ] Register NMethod: java.lang.invoke.MethodHandle.linkToStatic (0x00007cb632f60508) [0x00007cb632f60600, 0x00007cb632f606f0] Compiler: , Barriers: 0, Oops: 0, ImmediateOops: 0, NonImmediateOops: No
[4,016s][debug][gc,nmethod     ] Register NMethod: java.lang.invoke.MethodType.appendParameterTypes (0x00007cb614487c08) [0x00007cb614487d00, 0x00007cb614488248] Compiler: c1, Barriers: 1, Oops: 0, ImmediateOops: 0, NonImmediateOops: No
[4,017s][debug][gc,nmethod     ] Register NMethod: it.unimi.dsi.fastutil.ints.Int2LongOpenHashMap.put (0x00007cb632f60808) [0x00007cb632f60900, 0x00007cb632f61430] Compiler: jvmci, Barriers: 10, Oops: 1, ImmediateOops: 0, NonImmediateOops: No
[4,017s][debug][gc,nmethod     ] Register NMethod: java.lang.invoke.MethodHandle.linkToSpecial (0x00007cb632f61488) [0x00007cb632f61580, 0x00007cb632f61678] Compiler: , Barriers: 0, Oops: 0, ImmediateOops: 0, NonImmediateOops: No
[4,017s][debug][gc,nmethod     ] Register NMethod: java.lang.invoke.DirectMethodHandle.getFunction (0x00007cb614488288) [0x00007cb614488380, 0x00007cb614488818] Compiler: c1, Barriers: 4, Oops: 1, ImmediateOops: 2, NonImmediateOops: No
[4,017s][debug][gc,nmethod     ] Register NMethod: java.lang.invoke.MethodHandle.invokeBasic (0x00007cb632f61788) [0x00007cb632f61880, 0x00007cb632f61b18] Compiler: , Barriers: 0, Oops: 0, ImmediateOops: 0, NonImmediateOops: No
[4,017s][debug][gc,nmethod     ] Register NMethod: java.lang.invoke.MethodHandle.linkToSpecial (0x00007cb632f61b88) [0x00007cb632f61c80, 0x00007cb632f61d78] Compiler: , Barriers: 0, Oops: 0, ImmediateOops: 0, NonImmediateOops: No
[4,018s][debug][gc,nmethod     ] Register NMethod: java.lang.invoke.DelegatingMethodHandle.whichKind (0x00007cb614488888) [0x00007cb614488980, 0x00007cb614488b40] Compiler: c1, Barriers: 0, Oops: 0, ImmediateOops: 3, NonImmediateOops: No
[4,018s][debug][gc,nmethod     ] Register NMethod: java.lang.invoke.BoundMethodHandle$SpeciesData.extendWith (0x00007cb614488b88) [0x00007cb614488c80, 0x00007cb61448a828] Compiler: c1, Barriers: 7, Oops: 1, ImmediateOops: 2, NonImmediateOops: No
[4,024s][debug][gc,nmethod     ] Register NMethod: java.util.concurrent.ConcurrentHashMap.putVal (0x00007cb632f61e88) [0x00007cb632f61f80, 0x00007cb632f63070] Compiler: jvmci, Barriers: 31, Oops: 0, ImmediateOops: 0, NonImmediateOops: No
[4,025s][debug][gc,director    ] Rule Major: Warmup 10%, Used: 1200MB, UsedThreshold: 1228MB
[4,025s][debug][gc,director    ] Rule Minor: High Usage, Free: 11046MB(89,9%)
[4,026s][debug][gc,nmethod     ] Register NMethod: java.lang.invoke.DirectMethodHandle$Holder.invokeStatic (0x00007cb61448a888) [0x00007cb61448a980, 0x00007cb61448ad48] Compiler: c1, Barriers: 1, Oops: 0, ImmediateOops: 0, NonImmediateOops: No
[4,026s][debug][gc,nmethod     ] Register NMethod: java.lang.invoke.LambdaForm$MH/0x0000000026298c00.invoke (0x00007cb61448ad88) [0x00007cb61448ae80, 0x00007cb61448b9f0] Compiler: c1, Barriers: 2, Oops: 1, ImmediateOops: 0, NonImmediateOops: No
[4,028s][debug][gc,nmethod     ] Register NMethod: io.sirix.index.path.summary.PathSummaryReader.moveTo (0x00007cb61448ba08) [0x00007cb61448bb00, 0x00007cb61448c808] Compiler: c1, Barriers: 13, Oops: 1, ImmediateOops: 2, NonImmediateOops: No
[4,029s][debug][gc,nmethod     ] Register NMethod: io.sirix.index.path.summary.PathNode.setName (0x00007cb632f63088) [0x00007cb632f63180, 0x00007cb632f632b0] Compiler: c1, Barriers: 3, Oops: 1, ImmediateOops: 0, NonImmediateOops: No
[4,029s][debug][gc,nmethod     ] Register NMethod: io.sirix.page.NamePage.getName (0x00007cb61448c888) [0x00007cb61448c980, 0x00007cb61448dff0] Compiler: c1, Barriers: 25, Oops: 1, ImmediateOops: 4, NonImmediateOops: No
[4,029s][debug][gc,nmethod     ] Register NMethod: io.sirix.access.trx.page.NodePageReadOnlyTrx.getName (0x00007cb61448e008) [0x00007cb61448e100, 0x00007cb61448e780] Compiler: c1, Barriers: 1, Oops: 1, ImmediateOops: 1, NonImmediateOops: No
[4,029s][debug][gc,nmethod     ] Register NMethod: io.sirix.index.path.summary.PathSummaryReader.getName (0x00007cb61448e808) [0x00007cb61448e900, 0x00007cb6144918c8] Compiler: c1, Barriers: 12, Oops: 1, ImmediateOops: 5, NonImmediateOops: No
[4,030s][debug][gc,nmethod     ] Register NMethod: io.sirix.cache.RecordPageCache$$Lambda/0x00000000262c4698.apply (0x00007cb614491908) [0x00007cb614491a00, 0x00007cb614491f40] Compiler: c1, Barriers: 0, Oops: 1, ImmediateOops: 0, NonImmediateOops: No
[4,030s][debug][gc,nmethod     ] Register NMethod: io.sirix.index.path.summary.PathNode.getPrefixKey (0x00007cb632f63388) [0x00007cb632f63480, 0x00007cb632f63560] Compiler: jvmci, Barriers: 1, Oops: 1, ImmediateOops: 0, NonImmediateOops: No
[4,030s][debug][gc,nmethod     ] Register NMethod: io.sirix.cache.RecordPageCache.lambda$unpinAndUpdateWeight$0 (0x00007cb614491f88) [0x00007cb614492080, 0x00007cb614493930] Compiler: c1, Barriers: 2, Oops: 4, ImmediateOops: 3, NonImmediateOops: No
[4,033s][debug][gc,nmethod     ] Register NMethod: java.lang.invoke.DirectMethodHandle$Holder.invokeStatic (0x00007cb614493988) [0x00007cb614493a80, 0x00007cb614493e50] Compiler: c1, Barriers: 1, Oops: 0, ImmediateOops: 0, NonImmediateOops: No
[4,034s][debug][gc,nmethod     ] Register NMethod: java.lang.invoke.DelegatingMethodHandle.makeReinvokerForm (0x00007cb614493e88) [0x00007cb614493f80, 0x00007cb614497af0] Compiler: c1, Barriers: 37, Oops: 0, ImmediateOops: 2, NonImmediateOops: No
[4,035s][debug][gc,nmethod     ] Register NMethod: jdk.internal.misc.Unsafe.compareAndExchangeInt (0x00007cb632f63688) [0x00007cb632f63780, 0x00007cb632f638e8] Compiler: , Barriers: 0, Oops: 0, ImmediateOops: 0, NonImmediateOops: No
[4,035s][debug][gc,nmethod     ] Register NMethod: jdk.internal.misc.ScopedMemoryAccess.closeScope0 (0x00007cb632f63988) [0x00007cb632f63a80, 0x00007cb632f63bf0] Compiler: , Barriers: 0, Oops: 0, ImmediateOops: 0, NonImmediateOops: No
[4,035s][debug][gc,director    ] Rule Major: Warmup 10%, Used: 1202MB, UsedThreshold: 1228MB
[4,035s][debug][gc,director    ] Rule Minor: High Usage, Free: 11044MB(89,9%)
[4,035s][debug][gc,nmethod     ] Register NMethod: com.github.benmanes.caffeine.cache.stats.ConcurrentStatsCounter.recordHits (0x00007cb614497b08) [0x00007cb614497c00, 0x00007cb614497d88] Compiler: c1, Barriers: 1, Oops: 1, ImmediateOops: 0, NonImmediateOops: No
[4,036s][debug][gc,nmethod     ] Register NMethod: java.lang.StringConcatHelper.newArrayWithSuffix (0x00007cb632f63c88) [0x00007cb632f63d80, 0x00007cb632f64410] Compiler: jvmci, Barriers: 1, Oops: 0, ImmediateOops: 0, NonImmediateOops: No
[4,037s][debug][gc,nmethod     ] Register NMethod: java.util.BitSet.valueOf (0x00007cb614497e08) [0x00007cb614497f00, 0x00007cb6144980a8] Compiler: c1, Barriers: 0, Oops: 0, ImmediateOops: 0, NonImmediateOops: No
[4,037s][debug][gc,nmethod     ] Register NMethod: io.sirix.page.SerializationType.deserializeBitSet (0x00007cb614498108) [0x00007cb614498200, 0x00007cb6144985e0] Compiler: c1, Barriers: 0, Oops: 1, ImmediateOops: 0, NonImmediateOops: No
[4,037s][debug][gc,nmethod     ] Register NMethod: io.sirix.access.trx.node.AbstractNodeReadOnlyTrx.hasNode (0x00007cb614498608) [0x00007cb614498700, 0x00007cb614499330] Compiler: c1, Barriers: 4, Oops: 1, ImmediateOops: 2, NonImmediateOops: No
[4,037s][debug][gc,nmethod     ] Register NMethod: io.sirix.service.xml.xpath.AbstractAxis.resetToLastKey (0x00007cb614499388) [0x00007cb614499480, 0x00007cb6144997d8] Compiler: c1, Barriers: 1, Oops: 1, ImmediateOops: 0, NonImmediateOops: No
[4,038s][debug][gc,nmethod     ] Register NMethod: io.sirix.service.xml.xpath.expr.UnionAxis.hasNext (0x00007cb614499808) [0x00007cb614499900, 0x00007cb61449a828] Compiler: c1, Barriers: 5, Oops: 1, ImmediateOops: 0, NonImmediateOops: No
[4,038s][debug][gc,nmethod     ] Register NMethod: io.sirix.service.xml.xpath.AbstractAxis.nextLong (0x00007cb61449a888) [0x00007cb61449a980, 0x00007cb61449b578] Compiler: c1, Barriers: 3, Oops: 1, ImmediateOops: 2, NonImmediateOops: No
[4,038s][debug][gc,nmethod     ] Register NMethod: io.sirix.axis.AbstractAxis.tryToComputeNext (0x00007cb61449b588) [0x00007cb61449b680, 0x00007cb61449bdb0] Compiler: c1, Barriers: 10, Oops: 1, ImmediateOops: 5, NonImmediateOops: No
[4,038s][debug][gc,nmethod     ] Register NMethod: com.github.benmanes.caffeine.cache.SSLSMW.setMainProtectedWeightedSize (0x00007cb632f64488) [0x00007cb632f64580, 0x00007cb632f64640] Compiler: c1, Barriers: 0, Oops: 1, ImmediateOops: 0, NonImmediateOops: No
[4,038s][debug][gc,nmethod     ] Register NMethod: com.github.benmanes.caffeine.cache.SSLSMW.accessOrderProtectedDeque (0x00007cb632f64788) [0x00007cb632f64880, 0x00007cb632f64970] Compiler: c1, Barriers: 1, Oops: 1, ImmediateOops: 0, NonImmediateOops: No
[4,038s][debug][gc,nmethod     ] Register NMethod: io.brackit.query.expr.StepExpr$AxisStepSequenceIter.next (0x00007cb61449be08) [0x00007cb61449bf00, 0x00007cb61449c820] Compiler: c1, Barriers: 9, Oops: 1, ImmediateOops: 0, NonImmediateOops: No
[4,038s][debug][gc,nmethod     ] Register NMethod: io.sirix.query.stream.node.SirixNodeStream.next (0x00007cb61449c888) [0x00007cb61449c980, 0x00007cb61449d280] Compiler: c1, Barriers: 4, Oops: 1, ImmediateOops: 0, NonImmediateOops: No
[4,038s][debug][gc,nmethod     ] Register NMethod: com.github.benmanes.caffeine.cache.BaseMpscLinkedArrayQueue.offerSlowPath (0x00007cb61449d308) [0x00007cb61449d400, 0x00007cb61449e4f0] Compiler: c1, Barriers: 0, Oops: 6, ImmediateOops: 5, NonImmediateOops: No
[4,039s][debug][gc,nmethod     ] Register NMethod: io.sirix.cache.RecordPageCache.lambda$pinAndUpdateWeight$0 (0x00007cb61449e588) [0x00007cb61449e680, 0x00007cb61449e970] Compiler: c1, Barriers: 0, Oops: 1, ImmediateOops: 0, NonImmediateOops: No
[4,039s][debug][gc,nmethod     ] Register NMethod: io.sirix.cache.RecordPageCache$$Lambda/0x0000000026318ea0.apply (0x00007cb61449e988) [0x00007cb61449ea80, 0x00007cb61449f1f0] Compiler: c1, Barriers: 0, Oops: 1, ImmediateOops: 0, NonImmediateOops: No
[4,040s][debug][gc,nmethod     ] Register NMethod: com.github.benmanes.caffeine.cache.BoundedLocalCache.hasExpired (0x00007cb632f64a88) [0x00007cb632f64b80, 0x00007cb632f64c40] Compiler: jvmci, Barriers: 0, Oops: 1, ImmediateOops: 0, NonImmediateOops: No
[4,040s][debug][gc,nmethod     ] Register NMethod: java.util.ArrayDeque.addLast (0x00007cb632f64d88) [0x00007cb632f64e80, 0x00007cb632f65748] Compiler: jvmci, Barriers: 24, Oops: 0, ImmediateOops: 0, NonImmediateOops: No
[4,041s][debug][gc,nmethod     ] Register NMethod: java.util.concurrent.ForkJoinPool$WorkQueue.updateTop (0x00007cb61449f208) [0x00007cb61449f300, 0x00007cb61449f610] Compiler: c1, Barriers: 0, Oops: 0, ImmediateOops: 1, NonImmediateOops: No
[4,042s][debug][gc,nmethod     ] Register NMethod: java.util.concurrent.ConcurrentHashMap$Traverser.<init> (0x00007cb632f65788) [0x00007cb632f65880, 0x00007cb632f659e0] Compiler: jvmci, Barriers: 5, Oops: 0, ImmediateOops: 0, NonImmediateOops: No
[4,045s][debug][gc,nmethod     ] Register NMethod: java.util.concurrent.ConcurrentHashMap.sumCount (0x00007cb632f65a88) [0x00007cb632f65b80, 0x00007cb632f65c68] Compiler: jvmci, Barriers: 1, Oops: 0, ImmediateOops: 0, NonImmediateOops: No
[4,045s][debug][gc,director    ] Rule Major: Warmup 10%, Used: 1208MB, UsedThreshold: 1228MB
[4,045s][debug][gc,director    ] Rule Minor: High Usage, Free: 11038MB(89,8%)
[4,046s][debug][gc,nmethod     ] Register NMethod: java.util.stream.Collectors$CollectorImpl.<init> (0x00007cb632f65d88) [0x00007cb632f65e80, 0x00007cb632f66128] Compiler: jvmci, Barriers: 15, Oops: 0, ImmediateOops: 1, NonImmediateOops: No
[4,047s][debug][gc,nmethod     ] Register NMethod: io.sirix.axis.AbstractAxis.resetToLastKey (0x00007cb632f66188) [0x00007cb632f66280, 0x00007cb632f66638] Compiler: jvmci, Barriers: 5, Oops: 1, ImmediateOops: 0, NonImmediateOops: No
[4,048s][debug][gc,nmethod     ] Register NMethod: io.sirix.io.memorymapped.MMFileReader.read (0x00007cb61449f688) [0x00007cb61449f780, 0x00007cb6144abdf0] Compiler: c1, Barriers: 26, Oops: 14, ImmediateOops: 28, NonImmediateOops: No
[4,050s][debug][gc,nmethod     ] Register NMethod: io.sirix.page.PageReference.hashCode (0x00007cb632f66688) [0x00007cb632f66780, 0x00007cb632f66df0] Compiler: jvmci, Barriers: 4, Oops: 4, ImmediateOops: 2, NonImmediateOops: No
[4,052s][debug][gc,nmethod     ] Register NMethod: com.github.benmanes.caffeine.cache.PSMW.getPreviousInAccessOrder (0x00007cb632f66e88) [0x00007cb632f66f80, 0x00007cb632f67030] Compiler: jvmci, Barriers: 1, Oops: 1, ImmediateOops: 0, NonImmediateOops: No
[4,053s][debug][gc,nmethod     ] Register NMethod: java.util.concurrent.atomic.LongAdder.add (0x00007cb632f67188) [0x00007cb632f67280, 0x00007cb632f673a0] Compiler: jvmci, Barriers: 1, Oops: 0, ImmediateOops: 0, NonImmediateOops: No
[4,054s][debug][gc,nmethod     ] Register NMethod: java.util.Spliterator.getExactSizeIfKnown (0x00007cb632f67488) [0x00007cb632f67580, 0x00007cb632f67770] Compiler: jvmci, Barriers: 1, Oops: 0, ImmediateOops: 0, NonImmediateOops: No
[4,054s][debug][gc,nmethod     ] Register NMethod: cn.danielw.fop.PoolConfig.getShutdownWaitMilliseconds (0x00007cb632f67788) [0x00007cb632f67880, 0x00007cb632f67940] Compiler: c1, Barriers: 0, Oops: 1, ImmediateOops: 0, NonImmediateOops: No
[4,054s][debug][gc,nmethod     ] Register NMethod: java.util.concurrent.ArrayBlockingQueue.poll (0x00007cb6144abe88) [0x00007cb6144abf80, 0x00007cb6144ad8a0] Compiler: c1, Barriers: 6, Oops: 0, ImmediateOops: 0, NonImmediateOops: No
[4,054s][debug][gc,nmethod     ] Register NMethod: jdk.internal.misc.Unsafe.putIntOpaque (0x00007cb632f67a88) [0x00007cb632f67b80, 0x00007cb632f67c10] Compiler: jvmci, Barriers: 0, Oops: 0, ImmediateOops: 0, NonImmediateOops: No
[4,055s][debug][gc,nmethod     ] Register NMethod: ch.qos.logback.classic.Level.toString (0x00007cb632f67d88) [0x00007cb632f67e80, 0x00007cb632f67f68] Compiler: c1, Barriers: 1, Oops: 1, ImmediateOops: 0, NonImmediateOops: No
[4,055s][debug][gc,nmethod     ] Register NMethod: ch.qos.logback.classic.Logger.getLoggerContext (0x00007cb632f68088) [0x00007cb632f68180, 0x00007cb632f68268] Compiler: c1, Barriers: 1, Oops: 1, ImmediateOops: 0, NonImmediateOops: No
[4,055s][debug][gc,director    ] Rule Major: Warmup 10%, Used: 1214MB, UsedThreshold: 1228MB
[4,055s][debug][gc,director    ] Rule Minor: High Usage, Free: 11032MB(89,8%)
[4,056s][debug][gc,nmethod     ] Register NMethod: ch.qos.logback.core.util.COWArrayList.isFresh (0x00007cb6144ad908) [0x00007cb6144ada00, 0x00007cb6144adda8] Compiler: c1, Barriers: 1, Oops: 1, ImmediateOops: 0, NonImmediateOops: No
[4,056s][debug][gc,nmethod     ] Register NMethod: ch.qos.logback.core.util.COWArrayList.asTypedArray (0x00007cb6144ade08) [0x00007cb6144adf00, 0x00007cb6144ae988] Compiler: c1, Barriers: 8, Oops: 1, ImmediateOops: 0, NonImmediateOops: No
[4,056s][debug][gc,nmethod     ] Register NMethod: ch.qos.logback.core.util.COWArrayList.refreshCopyIfNecessary (0x00007cb6144aea08) [0x00007cb6144aeb00, 0x00007cb6144af4f8] Compiler: c1, Barriers: 7, Oops: 1, ImmediateOops: 0, NonImmediateOops: No
[4,056s][debug][gc,nmethod     ] Register NMethod: ch.qos.logback.classic.LoggerContext.getLoggerContextRemoteView (0x00007cb632f68388) [0x00007cb632f68480, 0x00007cb632f68568] Compiler: c1, Barriers: 1, Oops: 1, ImmediateOops: 0, NonImmediateOops: No
[4,056s][debug][gc,nmethod     ] Register NMethod: ch.qos.logback.classic.spi.LoggingEvent.getThreadName (0x00007cb6144af508) [0x00007cb6144af600, 0x00007cb6144afa58] Compiler: c1, Barriers: 7, Oops: 1, ImmediateOops: 0, NonImmediateOops: No
[4,056s][debug][gc,nmethod     ] Register NMethod: ch.qos.logback.classic.spi.LoggingEvent.getFormattedMessage (0x00007cb6144afa88) [0x00007cb6144afb80, 0x00007cb6144affb8] Compiler: c1, Barriers: 12, Oops: 1, ImmediateOops: 0, NonImmediateOops: No
[4,056s][debug][gc,nmethod     ] Register NMethod: java.lang.Thread.getName (0x00007cb632f68688) [0x00007cb632f68780, 0x00007cb632f68868] Compiler: c1, Barriers: 1, Oops: 0, ImmediateOops: 0, NonImmediateOops: No
[4,056s][debug][gc,nmethod     ] Register NMethod: org.slf4j.helpers.FormattingTuple.getMessage (0x00007cb632f68988) [0x00007cb632f68a80, 0x00007cb632f68b68] Compiler: c1, Barriers: 1, Oops: 1, ImmediateOops: 0, NonImmediateOops: No
[4,056s][debug][gc,nmethod     ] Register NMethod: ch.qos.logback.core.LayoutBase.isStarted (0x00007cb632f68c88) [0x00007cb632f68d80, 0x00007cb632f68e40] Compiler: c1, Barriers: 0, Oops: 1, ImmediateOops: 0, NonImmediateOops: No
[4,056s][debug][gc,nmethod     ] Register NMethod: java.util.ArrayList.fastRemove (0x00007cb6144b0008) [0x00007cb6144b0100, 0x00007cb6144b05f8] Compiler: c1, Barriers: 3, Oops: 0, ImmediateOops: 0, NonImmediateOops: No
[4,056s][debug][gc,nmethod     ] Register NMethod: java.util.concurrent.locks.AbstractQueuedSynchronizer.acquire (0x00007cb6144b0608) [0x00007cb6144b0700, 0x00007cb6144b2b60] Compiler: c1, Barriers: 24, Oops: 0, ImmediateOops: 0, NonImmediateOops: No
[4,056s][debug][gc,nmethod     ] Register NMethod: ch.qos.logback.classic.spi.LoggingEvent.getTimeStamp (0x00007cb632f68f88) [0x00007cb632f69080, 0x00007cb632f69140] Compiler: c1, Barriers: 0, Oops: 1, ImmediateOops: 0, NonImmediateOops: No
[4,056s][debug][gc,nmethod     ] Register NMethod: java.util.stream.Collectors.toMap (0x00007cb632f69288) [0x00007cb632f69380, 0x00007cb632f69698] Compiler: jvmci, Barriers: 15, Oops: 0, ImmediateOops: 4, NonImmediateOops: No
[4,056s][debug][gc,nmethod     ] Register NMethod: ch.qos.logback.classic.spi.LoggingEvent.getLoggerName (0x00007cb632f69708) [0x00007cb632f69800, 0x00007cb632f698e8] Compiler: c1, Barriers: 1, Oops: 1, ImmediateOops: 0, NonImmediateOops: No
[4,056s][debug][gc,nmethod     ] Register NMethod: ch.qos.logback.classic.spi.LoggingEvent.getLevel (0x00007cb632f69a08) [0x00007cb632f69b00, 0x00007cb632f69be8] Compiler: c1, Barriers: 1, Oops: 1, ImmediateOops: 0, NonImmediateOops: No
[4,056s][debug][gc,nmethod     ] Register NMethod: ch.qos.logback.classic.spi.LoggingEvent.getThrowableProxy (0x00007cb632f69d08) [0x00007cb632f69e00, 0x00007cb632f69ee8] Compiler: c1, Barriers: 1, Oops: 1, ImmediateOops: 0, NonImmediateOops: No
[4,057s][debug][gc,nmethod     ] Register NMethod: java.lang.ThreadLocal$ThreadLocalMap.cleanSomeSlots (0x00007cb6144b2b88) [0x00007cb6144b2c80, 0x00007cb6144b34b8] Compiler: c1, Barriers: 2, Oops: 0, ImmediateOops: 0, NonImmediateOops: No
[4,057s][debug][gc,nmethod     ] Register NMethod: com.esotericsoftware.kryo.io.Output.writeUtf8Length (0x00007cb6144b3508) [0x00007cb6144b3600, 0x00007cb6144b3e50] Compiler: c1, Barriers: 5, Oops: 1, ImmediateOops: 0, NonImmediateOops: No
[4,057s][debug][gc,nmethod     ] Register NMethod: java.util.concurrent.ForkJoinPool.managedBlock (0x00007cb6144b3e88) [0x00007cb6144b3f80, 0x00007cb6144b4c20] Compiler: c1, Barriers: 2, Oops: 0, ImmediateOops: 0, NonImmediateOops: No
[4,057s][debug][gc,nmethod     ] Register NMethod: java.nio.Buffer.flip (0x00007cb632f6a008) [0x00007cb632f6a100, 0x00007cb632f6a198] Compiler: jvmci, Barriers: 0, Oops: 0, ImmediateOops: 0, NonImmediateOops: No
[4,057s][debug][gc,nmethod     ] Register NMethod: java.util.concurrent.ForkJoinPool.unmanagedBlock (0x00007cb6144b4c88) [0x00007cb6144b4d80, 0x00007cb6144b5480] Compiler: c1, Barriers: 0, Oops: 0, ImmediateOops: 0, NonImmediateOops: No
[4,057s][debug][gc,nmethod     ] Register NMethod: java.util.Calendar.internalGet (0x00007cb6144b5488) [0x00007cb6144b5580, 0x00007cb6144b56d8] Compiler: c1, Barriers: 1, Oops: 0, ImmediateOops: 0, NonImmediateOops: No
[4,058s][debug][gc,nmethod     ] Register NMethod: org.gradle.internal.dispatch.ProxyDispatchAdapter$DispatchingInvocationHandler.invoke (0x00007cb6144b5788) [0x00007cb6144b5880, 0x00007cb6144ba498] Compiler: c1, Barriers: 26, Oops: 4, ImmediateOops: 20, NonImmediateOops: No
[4,058s][debug][gc,nmethod     ] Register NMethod: io.sirix.access.trx.page.NodePageReadOnlyTrx.unpinAllPagesForTransaction (0x00007cb6144ba508) [0x00007cb6144ba600, 0x00007cb6144cf510] Compiler: c1, Barriers: 43, Oops: 18, ImmediateOops: 49, NonImmediateOops: No
[4,059s][debug][gc,nmethod     ] Register NMethod: java.nio.file.FileTreeWalker$DirectoryNode.iterator (0x00007cb632f6a308) [0x00007cb632f6a400, 0x00007cb632f6a4e8] Compiler: c1, Barriers: 1, Oops: 0, ImmediateOops: 0, NonImmediateOops: No
[4,059s][debug][gc,nmethod     ] Register NMethod: java.nio.file.FileTreeWalker$DirectoryNode.skipped (0x00007cb632f6a608) [0x00007cb632f6a700, 0x00007cb632f6a7c0] Compiler: c1, Barriers: 0, Oops: 0, ImmediateOops: 0, NonImmediateOops: No
[4,059s][debug][gc,nmethod     ] Register NMethod: java.nio.file.FileTreeWalker$Event.type (0x00007cb632f6a908) [0x00007cb632f6aa00, 0x00007cb632f6aae8] Compiler: c1, Barriers: 1, Oops: 0, ImmediateOops: 0, NonImmediateOops: No
[4,060s][debug][gc,nmethod     ] Register NMethod: java.util.HashMap.getOrDefault (0x00007cb632f6ac08) [0x00007cb632f6ad00, 0x00007cb632f6b500] Compiler: jvmci, Barriers: 12, Oops: 0, ImmediateOops: 0, NonImmediateOops: No
[4,061s][debug][gc,nmethod     ] Register NMethod: jdk.internal.ref.PhantomCleanable.clear (0x00007cb6144cf608) [0x00007cb6144cf700, 0x00007cb6144cfd10] Compiler: c1, Barriers: 1, Oops: 0, ImmediateOops: 0, NonImmediateOops: No
[4,061s][debug][gc,nmethod     ] Register NMethod: java.io.FileDescriptor.closeAll (0x00007cb6144cfd88) [0x00007cb6144cfe80, 0x00007cb6144d1af0] Compiler: c1, Barriers: 1, Oops: 0, ImmediateOops: 0, NonImmediateOops: No
[4,061s][debug][gc,nmethod     ] Register NMethod: io.sirix.axis.AbstractAxis.hasNext (0x00007cb632f6b508) [0x00007cb632f6b600, 0x00007cb632f6bd38] Compiler: jvmci, Barriers: 17, Oops: 1, ImmediateOops: 3, NonImmediateOops: No
[4,062s][debug][gc,nmethod     ] Register NMethod: sun.nio.fs.UnixDirectoryStream$UnixDirectoryIterator.isSelfOrParent (0x00007cb6144d1b08) [0x00007cb6144d1c00, 0x00007cb6144d1e30] Compiler: c1, Barriers: 0, Oops: 0, ImmediateOops: 0, NonImmediateOops: No
[4,062s][debug][gc,nmethod     ] Register NMethod: com.google.gson.stream.JsonReader.nextString (0x00007cb6144d1e88) [0x00007cb6144d1f80, 0x00007cb6144d3978] Compiler: c1, Barriers: 6, Oops: 2, ImmediateOops: 3, NonImmediateOops: No
[4,062s][debug][gc,nmethod     ] Register NMethod: java.nio.charset.CoderResult.isUnderflow (0x00007cb632f6bd88) [0x00007cb632f6be80, 0x00007cb632f6bf10] Compiler: jvmci, Barriers: 0, Oops: 0, ImmediateOops: 0, NonImmediateOops: No
[4,064s][debug][gc,nmethod     ] Register NMethod: java.lang.Enum.hashCode (0x00007cb6144d3a08) [0x00007cb6144d3b00, 0x00007cb6144d3c78] Compiler: c1, Barriers: 0, Oops: 0, ImmediateOops: 0, NonImmediateOops: No
[4,064s][debug][gc,nmethod     ] Register NMethod: java.util.ArrayList.indexOfRange (0x00007cb632f6c088) [0x00007cb632f6c180, 0x00007cb632f6c748] Compiler: jvmci, Barriers: 6, Oops: 0, ImmediateOops: 0, NonImmediateOops: No
[4,064s][debug][gc,nmethod     ] Register NMethod: java.lang.ThreadLocal.getMap (0x00007cb632f6c788) [0x00007cb632f6c880, 0x00007cb632f6ca30] Compiler: jvmci, Barriers: 3, Oops: 0, ImmediateOops: 0, NonImmediateOops: No
[4,064s][debug][gc,nmethod     ] Register NMethod: java.util.HashMap.putIfAbsent (0x00007cb632f6ca88) [0x00007cb632f6cba0, 0x00007cb632f6e748] Compiler: jvmci, Barriers: 67, Oops: 1, ImmediateOops: 1, NonImmediateOops: No
[4,065s][debug][gc,nmethod     ] Register NMethod: java.util.concurrent.locks.AbstractQueuedSynchronizer.release (0x00007cb632f6e788) [0x00007cb632f6e880, 0x00007cb632f6ec40] Compiler: jvmci, Barriers: 7, Oops: 1, ImmediateOops: 0, NonImmediateOops: No
[4,065s][debug][gc,nmethod     ] Register NMethod: java.lang.StringUTF16.toBytes (0x00007cb632f6ec88) [0x00007cb632f6ed80, 0x00007cb632f6f170] Compiler: jvmci, Barriers: 0, Oops: 0, ImmediateOops: 0, NonImmediateOops: No
[4,066s][debug][gc,director    ] Rule Major: Warmup 10%, Used: 1218MB, UsedThreshold: 1228MB
[4,066s][debug][gc,director    ] Rule Minor: High Usage, Free: 11028MB(89,7%)
[4,066s][debug][gc,nmethod     ] Register NMethod: java.util.HashMap.putVal (0x00007cb632f6f188) [0x00007cb632f6f280, 0x00007cb632f70028] Compiler: jvmci, Barriers: 32, Oops: 1, ImmediateOops: 0, NonImmediateOops: No
[4,068s][debug][gc,nmethod     ] Register NMethod: sun.nio.ch.Util.getTemporaryDirectBuffer (0x00007cb6144d3d08) [0x00007cb6144d3e00, 0x00007cb6144d5540] Compiler: c1, Barriers: 0, Oops: 2, ImmediateOops: 9, NonImmediateOops: No
[4,068s][debug][gc,nmethod     ] Register NMethod: sun.nio.ch.Util.offerFirstTemporaryDirectBuffer (0x00007cb6144d5588) [0x00007cb6144d5680, 0x00007cb6144d7918] Compiler: c1, Barriers: 0, Oops: 2, ImmediateOops: 8, NonImmediateOops: No
[4,070s][debug][gc,nmethod     ] Register NMethod: java.nio.DirectByteBuffer.getInt (0x00007cb6144d7988) [0x00007cb6144d7a80, 0x00007cb6144d7fb8] Compiler: c1, Barriers: 0, Oops: 0, ImmediateOops: 0, NonImmediateOops: No
[4,070s][debug][gc,nmethod     ] Register NMethod: sun.nio.ch.Util$BufferCache.next (0x00007cb6144d8008) [0x00007cb6144d8100, 0x00007cb6144d8228] Compiler: c1, Barriers: 0, Oops: 0, ImmediateOops: 0, NonImmediateOops: No
[4,070s][debug][gc,nmethod     ] Register NMethod: java.nio.DirectByteBuffer.getInt (0x00007cb6144d8308) [0x00007cb6144d8400, 0x00007cb6144d9c30] Compiler: c1, Barriers: 5, Oops: 1, ImmediateOops: 4, NonImmediateOops: No
[4,070s][debug][gc,nmethod     ] Register NMethod: io.sirix.access.trx.page.NodePageTrx.getRevisionNumber (0x00007cb6144d9c88) [0x00007cb6144d9d80, 0x00007cb6144da400] Compiler: c1, Barriers: 2, Oops: 1, ImmediateOops: 1, NonImmediateOops: No
[4,070s][debug][gc,nmethod     ] Register NMethod: com.github.benmanes.caffeine.cache.LocalManualCache.put (0x00007cb6144da488) [0x00007cb6144da580, 0x00007cb6144da968] Compiler: c1, Barriers: 1, Oops: 1, ImmediateOops: 0, NonImmediateOops: No
[4,070s][debug][gc,nmethod     ] Register NMethod: com.github.benmanes.caffeine.cache.BoundedLocalCache.put (0x00007cb6144da988) [0x00007cb6144daa80, 0x00007cb6144dafa8] Compiler: c1, Barriers: 0, Oops: 1, ImmediateOops: 0, NonImmediateOops: No
[4,071s][debug][gc,nmethod     ] Register NMethod: com.sun.org.apache.xerces.internal.util.ParserConfigurationSettings.getProperty (0x00007cb6144db008) [0x00007cb6144db100, 0x00007cb6144db7a8] Compiler: c1, Barriers: 3, Oops: 0, ImmediateOops: 0, NonImmediateOops: No
[4,071s][debug][gc,nmethod     ] Register NMethod: io.sirix.page.NamePage.incrementAndGetMaxNodeKey (0x00007cb6144db808) [0x00007cb6144db900, 0x00007cb6144dbeb0] Compiler: c1, Barriers: 2, Oops: 1, ImmediateOops: 0, NonImmediateOops: No
[4,071s][debug][gc,nmethod     ] Register NMethod: java.lang.ref.WeakReference.<init> (0x00007cb632f70088) [0x00007cb632f70180, 0x00007cb632f70388] Compiler: jvmci, Barriers: 9, Oops: 0, ImmediateOops: 1, NonImmediateOops: No
[4,072s][debug][gc,nmethod     ] Register NMethod: com.sun.org.apache.xerces.internal.impl.XMLDocumentFragmentScannerImpl.scanDocument (0x00007cb6144dbf08) [0x00007cb6144dc000, 0x00007cb6144debd0] Compiler: c1, Barriers: 29, Oops: 0, ImmediateOops: 0, NonImmediateOops: No
[4,072s][debug][gc,nmethod     ] Register NMethod: io.sirix.page.PathSummaryPage.getMaxNodeKey (0x00007cb6144dec08) [0x00007cb6144ded00, 0x00007cb6144df040] Compiler: c1, Barriers: 1, Oops: 1, ImmediateOops: 0, NonImmediateOops: No
[4,074s][debug][gc,nmethod     ] Register NMethod: com.sun.org.apache.xerces.internal.impl.XMLDocumentFragmentScannerImpl.scanDocument (0x00007cb6144df088) [0x00007cb6144df180, 0x00007cb6144e1c18] Compiler: c1, Barriers: 29, Oops: 0, ImmediateOops: 0, NonImmediateOops: No
[4,076s][debug][gc,director    ] Rule Major: Warmup 10%, Used: 1220MB, UsedThreshold: 1228MB
[4,076s][debug][gc,director    ] Rule Minor: High Usage, Free: 11026MB(89,7%)
[4,076s][debug][gc,nmethod     ] Register NMethod: com.github.benmanes.caffeine.cache.BoundedLocalCache.put (0x00007cb6144e1c88) [0x00007cb6144e1d80, 0x00007cb6144f7be0] Compiler: c1, Barriers: 34, Oops: 10, ImmediateOops: 90, NonImmediateOops: No
[4,076s][debug][gc,nmethod     ] Register NMethod: io.sirix.access.trx.node.xml.XmlNodeFactoryImpl.createPathNode (0x00007cb6144f7c88) [0x00007cb6144f7d80, 0x00007cb6144fb008] Compiler: c1, Barriers: 16, Oops: 1, ImmediateOops: 4, NonImmediateOops: No
[4,077s][debug][gc,nmethod     ] Register NMethod: io.sirix.page.PathSummaryPage.incrementAndGetMaxNodeKey (0x00007cb6144fb088) [0x00007cb6144fb180, 0x00007cb6144fb728] Compiler: c1, Barriers: 2, Oops: 1, ImmediateOops: 0, NonImmediateOops: No
[4,086s][debug][gc,director    ] Rule Major: Warmup 10%, Used: 1230MB, UsedThreshold: 1228MB
[4,086s][info ][gc             ] GC(1) Major Collection (Warmup)
[4,086s][info ][gc,task        ] GC(1) Using 5 Workers for Young Generation
[4,086s][info ][gc,task        ] GC(1) Using 3 Workers for Old Generation
[4,086s][debug][gc,heap        ] GC(1) Y: Heap Before GC invocations=1 (full 1):
[4,086s][debug][gc,heap        ] GC(1) Y:  ZHeap           used 1230M, capacity 5120M, max capacity 12288M
[4,086s][debug][gc,heap        ] GC(1) Y:   Cache          3890M (1)
[4,086s][debug][gc,heap        ] GC(1) Y:    size classes  2G (1)
[4,086s][debug][gc,metaspace   ] GC(1) Y: Metaspace Before GC invocations=1 (full 1):
[4,086s][debug][gc,metaspace   ] GC(1) Y:  Metaspace       used 35418K, committed 35840K, reserved 1114112K
[4,086s][debug][gc,metaspace   ] GC(1) Y:   class space    used 3071K, committed 3264K, reserved 1048576K
[4,086s][info ][gc,phases      ] GC(1) Y: Young Generation
[4,086s][debug][gc,reloc       ] Synchronize all workers 1 _nworkers: 0 _nsynchronized: 0
[4,086s][debug][gc,reloc       ] Synchronize all workers 1 _nworkers: 0 _nsynchronized: 0
[4,086s][debug][gc,phases,start] GC(1) Y: Pause Mark Start (Major)
[4,086s][debug][gc,tlab        ] GC(1) Y: TLAB usage update: used 80M -> 1148M, capacity: 80M -> 400M
[4,086s][debug][gc,marking     ] GC(1) Y: Using 4 mark stripes
[4,086s][debug][gc,marking     ] GC(1) Y: Mark Worker/Stripe Distribution
[4,086s][debug][gc,marking     ] GC(1) Y:   Worker 0(5) -> Stripe 0(4)
[4,086s][debug][gc,marking     ] GC(1) Y:   Worker 1(5) -> Stripe 1(4)
[4,086s][debug][gc,marking     ] GC(1) Y:   Worker 2(5) -> Stripe 2(4)
[4,086s][debug][gc,marking     ] GC(1) Y:   Worker 3(5) -> Stripe 3(4)
[4,086s][debug][gc,marking     ] GC(1) Y:   Worker 4(5) -> Stripe 0(4)
[4,086s][debug][gc,marking     ] GC(1) Y: Using 2 mark stripes
[4,086s][debug][gc,marking     ] GC(1) Y: Mark Worker/Stripe Distribution
[4,086s][debug][gc,marking     ] GC(1) Y:   Worker 0(3) -> Stripe 0(2)
[4,086s][debug][gc,marking     ] GC(1) Y:   Worker 1(3) -> Stripe 1(2)
[4,086s][debug][gc,marking     ] GC(1) Y:   Worker 2(3) -> Stripe 0(2)
[4,086s][info ][gc,phases      ] GC(1) Y: Pause Mark Start (Major) 0,139ms
[4,086s][debug][gc,reloc       ] Desynchronize all workers _nworkers: 0 _nsynchronized: 0
[4,086s][debug][gc,reloc       ] Desynchronize all workers _nworkers: 0 _nsynchronized: 0
[4,087s][debug][gc,marking     ] Resurrection broke termination
[4,087s][debug][gc,phases,start] GC(1) Y: Concurrent Mark
[4,087s][debug][gc,phases,start] GC(1) Y: Concurrent Mark Roots
[4,087s][debug][gc,task        ] GC(1) Y: Executing ZMarkYoungRootsTask using ZWorkerYoung with 5 workers
[4,090s][debug][gc,tlab        ] GC(1) Y: TLAB totals: thrds: 31  refills: 4059 max: 3152 slow allocs: 2695 max 1434 waste:  0,5% gc: 1448408B max: 261576B slow: 3208872B max: 2544528B
[4,090s][debug][gc,phases      ] GC(1) Y: Concurrent Mark Roots 3,175ms
[4,090s][debug][gc,phases,start] GC(1) Y: Concurrent Mark Follow
[4,090s][debug][gc,marking     ] GC(1) Y: Using 4 mark stripes
[4,090s][debug][gc,task        ] GC(1) Y: Executing ZRememberedScanMarkFollowTask using ZWorkerYoung with 5 workers
[4,100s][debug][gc,nmethod     ] Register NMethod: io.sirix.index.path.summary.PathSummaryReader.moveTo (0x00007cb632f70408) [0x00007cb632f70500, 0x00007cb632f712b8] Compiler: jvmci, Barriers: 22, Oops: 2, ImmediateOops: 1, NonImmediateOops: No
[4,114s][debug][gc,nmethod     ] Register NMethod: java.util.concurrent.ForkJoinPool.runWorker (0x00007cb632f71308) [0x00007cb632f718e0, 0x00007cb632f88530] Compiler: jvmci, Barriers: 996, Oops: 10, ImmediateOops: 7, NonImmediateOops: No
[4,116s][debug][gc,nmethod     ] Register NMethod: java.util.BitSet.set (0x00007cb6144fb788) [0x00007cb6144fb880, 0x00007cb6144fc7c8] Compiler: c1, Barriers: 1, Oops: 1, ImmediateOops: 2, NonImmediateOops: No
[4,118s][debug][gc,nmethod     ] Register NMethod: io.sirix.access.trx.page.TreeModifierImpl.prepareIndirectPage (0x00007cb6144fc808) [0x00007cb6144fc900, 0x00007cb6144fe5e0] Compiler: c1, Barriers: 11, Oops: 1, ImmediateOops: 0, NonImmediateOops: No
[4,143s][debug][gc,nmethod     ] Register NMethod: com.sun.org.apache.xerces.internal.impl.XMLDocumentFragmentScannerImpl.scanDocument (0x00007cb632f88588) [0x00007cb632f88680, 0x00007cb632f89a30] Compiler: jvmci, Barriers: 24, Oops: 1, ImmediateOops: 0, NonImmediateOops: No
[4,147s][debug][gc,marking     ] GC(1) Y: Using 2 mark stripes
[4,147s][debug][gc,marking     ] GC(1) Y: Using 1 mark stripes
[4,147s][debug][gc,marking     ] GC(1) Y: Using 2 mark stripes
[4,147s][debug][gc,marking     ] GC(1) Y: Using 1 mark stripes
[4,148s][debug][gc,marking     ] GC(1) Y: Using 2 mark stripes
[4,148s][debug][gc,marking     ] GC(1) Y: Using 1 mark stripes
[4,148s][debug][gc,marking     ] GC(1) Y: Using 2 mark stripes
[4,148s][debug][gc,marking     ] GC(1) Y: Using 1 mark stripes
[4,149s][debug][gc,marking     ] GC(1) Y: Using 2 mark stripes
[4,149s][debug][gc,marking     ] GC(1) Y: Using 1 mark stripes
[4,149s][debug][gc,marking     ] GC(1) Y: Using 2 mark stripes
[4,150s][debug][gc,marking     ] GC(1) Y: Using 1 mark stripes
[4,150s][debug][gc,marking     ] GC(1) Y: Using 2 mark stripes
[4,151s][debug][gc,alloc       ] Mutator Allocation Rate: 430,0MB/s Predicted: 442,2MB/s, Avg: 338,7(+/-63,2)MB/s
[4,153s][debug][gc,marking     ] GC(1) Y: Using 1 mark stripes
[4,153s][debug][gc,marking     ] GC(1) Y: Using 2 mark stripes
[4,153s][debug][gc,marking     ] GC(1) Y: Using 4 mark stripes
[4,154s][debug][gc,marking     ] GC(1) Y: Using 2 mark stripes
[4,154s][debug][gc,marking     ] GC(1) Y: Using 1 mark stripes
[4,155s][debug][gc,marking     ] GC(1) Y: Using 2 mark stripes
[4,155s][debug][gc,marking     ] GC(1) Y: Using 1 mark stripes
[4,156s][debug][gc,marking     ] GC(1) Y: Using 2 mark stripes
[4,156s][debug][gc,marking     ] GC(1) Y: Using 1 mark stripes
[4,157s][debug][gc,marking     ] GC(1) Y: Using 2 mark stripes
[4,157s][debug][gc,marking     ] GC(1) Y: Using 1 mark stripes
[4,157s][debug][gc,marking     ] GC(1) Y: Using 2 mark stripes
[4,157s][debug][gc,marking     ] GC(1) Y: Using 1 mark stripes
[4,157s][debug][gc,marking     ] GC(1) Y: Using 2 mark stripes
[4,158s][debug][gc,marking     ] GC(1) Y: Using 1 mark stripes
[4,158s][debug][gc,marking     ] GC(1) Y: Using 2 mark stripes
[4,158s][debug][gc,marking     ] GC(1) Y: Using 1 mark stripes
[4,159s][debug][gc,marking     ] GC(1) Y: Using 2 mark stripes
[4,159s][debug][gc,marking     ] GC(1) Y: Using 1 mark stripes
[4,159s][debug][gc,marking     ] GC(1) Y: Using 2 mark stripes
[4,159s][debug][gc,marking     ] GC(1) Y: Using 1 mark stripes
[4,166s][debug][gc,marking     ] GC(1) Y: Using 2 mark stripes
[4,166s][debug][gc,marking     ] GC(1) Y: Using 1 mark stripes
[4,166s][debug][gc,marking     ] GC(1) Y: Using 2 mark stripes
[4,167s][debug][gc,marking     ] GC(1) Y: Using 1 mark stripes
[4,169s][debug][gc,marking     ] GC(1) Y: Using 2 mark stripes
[4,169s][debug][gc,nmethod     ] Register NMethod: com.sun.org.apache.xerces.internal.impl.XMLDocumentFragmentScannerImpl.scanDocument (0x00007cb632f89a88) [0x00007cb632f89b80, 0x00007cb632f8b7b8] Compiler: jvmci, Barriers: 33, Oops: 1, ImmediateOops: 0, NonImmediateOops: No
[4,170s][debug][gc,marking     ] GC(1) Y: Using 4 mark stripes
[4,170s][debug][gc,marking     ] GC(1) Y: Using 2 mark stripes
[4,170s][debug][gc,marking     ] GC(1) Y: Using 1 mark stripes
[4,171s][debug][gc,marking     ] GC(1) Y: Using 2 mark stripes
[4,171s][debug][gc,marking     ] GC(1) Y: Using 1 mark stripes
[4,174s][debug][gc,marking     ] GC(1) Y: Using 2 mark stripes
[4,174s][debug][gc,marking     ] GC(1) Y: Using 1 mark stripes
[4,180s][debug][gc,marking     ] GC(1) Y: Using 2 mark stripes
[4,181s][debug][gc,marking     ] GC(1) Y: Using 1 mark stripes
[4,181s][debug][gc,nmethod     ] Register NMethod: jdk.internal.misc.VM.isBooted (0x00007cb6144fe608) [0x00007cb6144fe700, 0x00007cb6144fe840] Compiler: c1, Barriers: 0, Oops: 0, ImmediateOops: 1, NonImmediateOops: No
[4,196s][debug][gc,nmethod     ] Register NMethod: java.lang.StringLatin1.inflate (0x00007cb6144fe908) [0x00007cb6144fea00, 0x00007cb6144feb10] Compiler: c1, Barriers: 0, Oops: 0, ImmediateOops: 0, NonImmediateOops: No
[4,196s][debug][gc,nmethod     ] Register NMethod: java.lang.StringUTF16.inflate (0x00007cb6144fec08) [0x00007cb6144fed00, 0x00007cb6144ff128] Compiler: c1, Barriers: 0, Oops: 1, ImmediateOops: 1, NonImmediateOops: No
[4,196s][debug][gc,nmethod     ] Register NMethod: org.gradle.internal.remote.internal.hub.protocol.ChannelIdentifier.hashCode (0x00007cb6144ff188) [0x00007cb6144ff280, 0x00007cb6144ff5b0] Compiler: c1, Barriers: 1, Oops: 1, ImmediateOops: 0, NonImmediateOops: No
[4,199s][debug][gc,nmethod     ] Register NMethod: java.nio.ByteBuffer.put (0x00007cb6144ff608) [0x00007cb6144ff700, 0x00007cb614500af8] Compiler: c1, Barriers: 0, Oops: 0, ImmediateOops: 1, NonImmediateOops: No
[4,199s][debug][gc,nmethod     ] Register NMethod: java.nio.HeapByteBuffer.put (0x00007cb614500b08) [0x00007cb614500c00, 0x00007cb614502238] Compiler: c1, Barriers: 5, Oops: 0, ImmediateOops: 2, NonImmediateOops: No
[4,199s][debug][gc,nmethod     ] Register NMethod: java.nio.ByteBuffer.putBuffer (0x00007cb614502288) [0x00007cb614502380, 0x00007cb614504c78] Compiler: c1, Barriers: 9, Oops: 1, ImmediateOops: 6, NonImmediateOops: No
[4,199s][debug][gc,nmethod     ] Register NMethod: java.util.concurrent.CompletableFuture.join (0x00007cb614504c88) [0x00007cb614504d80, 0x00007cb614504f58] Compiler: c1, Barriers: 1, Oops: 0, ImmediateOops: 1, NonImmediateOops: No
[4,199s][debug][gc,nmethod     ] Register NMethod: java.util.concurrent.CompletableFuture.reportJoin (0x00007cb614504f88) [0x00007cb614505080, 0x00007cb614505ff8] Compiler: c1, Barriers: 1, Oops: 0, ImmediateOops: 0, NonImmediateOops: No
[4,201s][debug][gc,nmethod     ] Register NMethod: io.sirix.page.NamePage.getCurrentMaxLevelOfIndirectPages (0x00007cb614506008) [0x00007cb614506100, 0x00007cb614506440] Compiler: c1, Barriers: 1, Oops: 1, ImmediateOops: 0, NonImmediateOops: No
[4,201s][debug][gc,nmethod     ] Register NMethod: io.sirix.access.trx.page.NodePageReadOnlyTrx$$Lambda/0x00000000262aa7c8.<init> (0x00007cb614506488) [0x00007cb614506580, 0x00007cb6145067c8] Compiler: c1, Barriers: 6, Oops: 1, ImmediateOops: 0, NonImmediateOops: No
[4,201s][debug][gc,nmethod     ] Register NMethod: io.sirix.access.trx.page.NodePageReadOnlyTrx$$Lambda/0x00000000262aa7c8.apply (0x00007cb614506808) [0x00007cb614506900, 0x00007cb614506ec8] Compiler: c1, Barriers: 2, Oops: 1, ImmediateOops: 0, NonImmediateOops: No
[4,201s][debug][gc,nmethod     ] Register NMethod: io.sirix.settings.VersioningType$4.convertIntegers (0x00007cb614506f08) [0x00007cb614507000, 0x00007cb614507c38] Compiler: c1, Barriers: 0, Oops: 1, ImmediateOops: 0, NonImmediateOops: No
[4,201s][debug][gc,nmethod     ] Register NMethod: io.sirix.settings.VersioningType$4.getRevisionRoots (0x00007cb614507c88) [0x00007cb614507d80, 0x00007cb614508930] Compiler: c1, Barriers: 5, Oops: 1, ImmediateOops: 1, NonImmediateOops: No
[4,201s][debug][gc,nmethod     ] Register NMethod: io.sirix.access.trx.page.NodePageReadOnlyTrx.lambda$getPageFragments$0 (0x00007cb614508988) [0x00007cb614508a80, 0x00007cb614509678] Compiler: c1, Barriers: 3, Oops: 1, ImmediateOops: 1, NonImmediateOops: No
[4,201s][debug][gc,nmethod     ] Register NMethod: io.sirix.access.trx.page.NodePageReadOnlyTrx$PageFragmentsResult.<init> (0x00007cb614509688) [0x00007cb614509780, 0x00007cb614509a28] Compiler: c1, Barriers: 6, Oops: 1, ImmediateOops: 0, NonImmediateOops: No
[4,201s][debug][gc,nmethod     ] Register NMethod: java.lang.invoke.LambdaForm$MH/0x00000000262af000.invoke (0x00007cb614509a88) [0x00007cb614509b80, 0x00007cb61450a2f0] Compiler: c1, Barriers: 2, Oops: 1, ImmediateOops: 0, NonImmediateOops: No
[4,201s][debug][gc,nmethod     ] Register NMethod: java.lang.invoke.DirectMethodHandle$Holder.invokeSpecial (0x00007cb61450a308) [0x00007cb61450a400, 0x00007cb61450a7d0] Compiler: c1, Barriers: 1, Oops: 0, ImmediateOops: 0, NonImmediateOops: No
[4,202s][debug][gc,nmethod     ] Register NMethod: java.lang.StringConcatHelper.stringSize (0x00007cb61450a808) [0x00007cb61450a900, 0x00007cb61450ab78] Compiler: c1, Barriers: 0, Oops: 0, ImmediateOops: 1, NonImmediateOops: No
[4,202s][debug][gc,nmethod     ] Register NMethod: java.lang.String$$StringConcat/0x00000000262aec00.length (0x00007cb61450ab88) [0x00007cb61450ac80, 0x00007cb61450b130] Compiler: c1, Barriers: 0, Oops: 1, ImmediateOops: 2, NonImmediateOops: No
[4,202s][debug][gc,nmethod     ] Register NMethod: java.util.concurrent.CompletableFuture.<init> (0x00007cb61450b188) [0x00007cb61450b280, 0x00007cb61450b3d8] Compiler: c1, Barriers: 0, Oops: 0, ImmediateOops: 0, NonImmediateOops: No
[4,202s][debug][gc,nmethod     ] Register NMethod: java.lang.String$$StringConcat/0x00000000262aec00.prepend (0x00007cb61450b488) [0x00007cb61450b580, 0x00007cb61450b790] Compiler: c1, Barriers: 2, Oops: 1, ImmediateOops: 0, NonImmediateOops: No
[4,202s][debug][gc,nmethod     ] Register NMethod: java.lang.String$$StringConcat/0x00000000262aec00.concat (0x00007cb61450b808) [0x00007cb61450b900, 0x00007cb61450d598] Compiler: c1, Barriers: 8, Oops: 1, ImmediateOops: 5, NonImmediateOops: No
[4,202s][debug][gc,nmethod     ] Register NMethod: io.sirix.access.trx.page.NodePageReadOnlyTrx.getPageFragments (0x00007cb61450d608) [0x00007cb61450d700, 0x00007cb614510e30] Compiler: c1, Barriers: 32, Oops: 2, ImmediateOops: 3, NonImmediateOops: No
[4,202s][debug][gc,nmethod     ] Register NMethod: java.lang.StringConcatHelper.prepend (0x00007cb614510e88) [0x00007cb614510f80, 0x00007cb614512088] Compiler: c1, Barriers: 2, Oops: 0, ImmediateOops: 0, NonImmediateOops: No
[4,202s][debug][gc,remset      ] GC(1) Y: Remset forwarding retained: 0,000ms count: 0 ZWorkerYoung#2
[4,202s][debug][gc,remset      ] GC(1) Y: Remset forwarding retained: 0,000ms count: 0 ZWorkerYoung#3
[4,202s][debug][gc,remset      ] GC(1) Y: Remset forwarding retained: 0,000ms count: 0 ZWorkerYoung#0
[4,202s][debug][gc,remset      ] GC(1) Y: Remset forwarding released: 0,000ms count: 0 ZWorkerYoung#0
[4,202s][debug][gc,remset      ] GC(1) Y: Remset forwarding released: 0,000ms count: 0 ZWorkerYoung#2
[4,202s][debug][gc,remset      ] GC(1) Y: Remset forwarding retained: 0,000ms count: 0 ZWorkerYoung#4
[4,202s][debug][gc,remset      ] GC(1) Y: Remset forwarding released: 0,000ms count: 0 ZWorkerYoung#4
[4,202s][debug][gc,remset      ] GC(1) Y: Remset forwarding retained: 0,000ms count: 0 ZWorkerYoung#1
[4,202s][debug][gc,remset      ] GC(1) Y: Remset forwarding released: 0,000ms count: 0 ZWorkerYoung#1
[4,202s][debug][gc,remset      ] GC(1) Y: Remset forwarding released: 0,000ms count: 0 ZWorkerYoung#3
[4,202s][debug][gc,marking     ] GC(1) Y: Try terminate after resurrection
[4,202s][debug][gc,phases      ] GC(1) Y: Concurrent Mark Follow 112,491ms
[4,202s][info ][gc,phases      ] GC(1) Y: Concurrent Mark 115,706ms
[4,202s][debug][gc,reloc       ] Synchronize all workers 1 _nworkers: 0 _nsynchronized: 0
[4,202s][debug][gc,reloc       ] Synchronize all workers 1 _nworkers: 0 _nsynchronized: 0
[4,202s][debug][gc,phases,start] GC(1) Y: Pause Mark End
[4,202s][info ][gc,phases      ] GC(1) Y: Pause Mark End 0,014ms
[4,202s][debug][gc,reloc       ] Desynchronize all workers _nworkers: 0 _nsynchronized: 0
[4,202s][debug][gc,reloc       ] Desynchronize all workers _nworkers: 0 _nsynchronized: 0
[4,202s][debug][gc,phases,start] GC(1) Y: Concurrent Mark Free
[4,202s][info ][gc,phases      ] GC(1) Y: Concurrent Mark Free 0,008ms
[4,202s][debug][gc,phases,start] GC(1) Y: Concurrent Reset Relocation Set
[4,202s][info ][gc,phases      ] GC(1) Y: Concurrent Reset Relocation Set 0,007ms
[4,202s][debug][gc,phases,start] GC(1) Y: Concurrent Select Relocation Set
[4,203s][debug][gc,reloc       ] GC(1) Y: Relocation Set (Medium Pages): 2->1, 0 skipped, 10 forwarding entries
[4,203s][debug][gc,reloc       ] GC(1) Y: Relocation Set (Small Pages): 494->52, 2 skipped, 4330652 forwarding entries
[4,203s][debug][gc,reloc       ] GC(1) Y: Allocated To Garbage: 1,3
[4,203s][debug][gc,reloc       ] GC(1) Y: Young Log Residency: 1,4
[4,203s][debug][gc,reloc       ] GC(1) Y: Life Decay Factor: 19,5
[4,203s][info ][gc,reloc       ] GC(1) Y: Using tenuring threshold: 2 (Computed)
[4,203s][debug][gc,task        ] GC(1) Y: Executing ZRelocationSetInstallTask using ZWorkerYoung with 5 workers
[4,203s][debug][gc,nmethod     ] Register NMethod: java.util.concurrent.ForkJoinPool.runWorker (0x00007cb614512108) [0x00007cb614512200, 0x00007cb614513f40] Compiler: c1, Barriers: 13, Oops: 1, ImmediateOops: 1, NonImmediateOops: No
[4,204s][debug][gc,nmethod     ] Register NMethod: io.sirix.access.trx.page.NodePageReadOnlyTrx.unpinPageFragments (0x00007cb614513f88) [0x00007cb614514080, 0x00007cb61451f710] Compiler: c1, Barriers: 31, Oops: 23, ImmediateOops: 37, NonImmediateOops: No
[4,204s][debug][gc,nmethod     ] Register NMethod: io.sirix.index.path.summary.PathNode.getURIKey (0x00007cb632f8b808) [0x00007cb632f8b900, 0x00007cb632f8b9e0] Compiler: jvmci, Barriers: 1, Oops: 1, ImmediateOops: 0, NonImmediateOops: No
[4,204s][debug][gc,nmethod     ] Register NMethod: io.sirix.node.delegates.NameNodeDelegate.<init> (0x00007cb632f8bb08) [0x00007cb632f8bc00, 0x00007cb632f8bd28] Compiler: jvmci, Barriers: 3, Oops: 1, ImmediateOops: 0, NonImmediateOops: No
[4,204s][debug][gc,nmethod     ] Register NMethod: io.sirix.index.path.summary.PathNode.<init> (0x00007cb632f8be08) [0x00007cb632f8bf00, 0x00007cb632f8c280] Compiler: jvmci, Barriers: 15, Oops: 1, ImmediateOops: 0, NonImmediateOops: No
[4,206s][debug][gc,task        ] GC(1) Y: Executing ZPromotePagesTask using ZWorkerYoung with 5 workers
[4,206s][debug][gc,task        ] GC(1) Y: Executing ZPromotePagesTask using ZWorkerYoung with 5 workers
[4,207s][debug][gc,task        ] GC(1) Y: Executing ZPromotePagesTask using ZWorkerYoung with 5 workers
[4,207s][info ][gc,phases      ] GC(1) Y: Concurrent Select Relocation Set 4,106ms
[4,207s][debug][gc,reloc       ] Synchronize all workers 1 _nworkers: 0 _nsynchronized: 0
[4,207s][debug][gc,reloc       ] Synchronize all workers 1 _nworkers: 0 _nsynchronized: 0
[4,207s][debug][gc,phases,start] GC(1) Y: Pause Relocate Start
[4,207s][debug][gc,reloc       ] GC(1) Y: Joining workers: 5
[4,207s][info ][gc,phases      ] GC(1) Y: Pause Relocate Start 0,138ms
[4,207s][debug][gc,reloc       ] Desynchronize all workers _nworkers: 0 _nsynchronized: 0
[4,207s][debug][gc,reloc       ] Desynchronize all workers _nworkers: 5 _nsynchronized: 0
[4,207s][debug][gc,alloc       ] Mutator Allocation Rate: 452,5MB/s Predicted: 458,7MB/s, Avg: 346,3(+/-67,3)MB/s
[4,207s][debug][gc,phases,start] GC(1) Y: Concurrent Relocate
[4,207s][debug][gc,task        ] GC(1) Y: Executing ZRelocateStoreBufferInstallBasePointersTask using ZWorkerYoung with 5 workers
[4,207s][debug][gc,task        ] GC(1) Y: Executing ZRelocateTask using ZWorkerYoung with 5 workers
[4,207s][debug][gc,nmethod     ] Register NMethod: sun.util.calendar.CalendarDate.getYear (0x00007cb632f8c308) [0x00007cb632f8c400, 0x00007cb632f8c4c0] Compiler: c1, Barriers: 0, Oops: 0, ImmediateOops: 0, NonImmediateOops: No
[4,207s][debug][gc,nmethod     ] Register NMethod: java.util.Calendar.getMinimalDaysInFirstWeek (0x00007cb632f8c608) [0x00007cb632f8c700, 0x00007cb632f8c7c0] Compiler: c1, Barriers: 0, Oops: 0, ImmediateOops: 0, NonImmediateOops: No
[4,208s][debug][gc,nmethod     ] Register NMethod: java.util.Calendar.getFirstDayOfWeek (0x00007cb632f8c908) [0x00007cb632f8ca00, 0x00007cb632f8cac0] Compiler: c1, Barriers: 0, Oops: 0, ImmediateOops: 0, NonImmediateOops: No
[4,208s][debug][gc,nmethod     ] Register NMethod: java.util.concurrent.locks.AbstractOwnableSynchronizer.<init> (0x00007cb61451f808) [0x00007cb61451f900, 0x00007cb61451fa58] Compiler: c1, Barriers: 0, Oops: 0, ImmediateOops: 0, NonImmediateOops: No
[4,208s][debug][gc,nmethod     ] Register NMethod: org.gradle.internal.remote.internal.hub.protocol.InterHubMessage.<init> (0x00007cb61451fb08) [0x00007cb61451fc00, 0x00007cb61451fd58] Compiler: c1, Barriers: 0, Oops: 1, ImmediateOops: 0, NonImmediateOops: No
[4,208s][debug][gc,nmethod     ] Register NMethod: org.gradle.internal.remote.internal.hub.protocol.ChannelMessage.<init> (0x00007cb61451fe08) [0x00007cb61451ff00, 0x00007cb6145201a8] Compiler: c1, Barriers: 6, Oops: 1, ImmediateOops: 0, NonImmediateOops: No
[4,208s][debug][gc,nmethod     ] Register NMethod: org.gradle.internal.remote.internal.hub.queue.MultiEndPointQueue.dispatch (0x00007cb614520208) [0x00007cb614520300, 0x00007cb614520680] Compiler: c1, Barriers: 1, Oops: 1, ImmediateOops: 0, NonImmediateOops: No
[4,208s][debug][gc,nmethod     ] Register NMethod: java.util.ArrayList.remove (0x00007cb614520708) [0x00007cb614520800, 0x00007cb614520e70] Compiler: c1, Barriers: 3, Oops: 0, ImmediateOops: 0, NonImmediateOops: No
[4,210s][debug][gc,nmethod     ] Register NMethod: org.gradle.internal.serialize.kryo.KryoBackedEncoder.writeString (0x00007cb614520e88) [0x00007cb614520f80, 0x00007cb6145211f8] Compiler: c1, Barriers: 1, Oops: 1, ImmediateOops: 1, NonImmediateOops: No
[4,210s][debug][gc,nmethod     ] Register NMethod: java.io.PrintStream.write (0x00007cb614521208) [0x00007cb614521300, 0x00007cb614521ea8] Compiler: c1, Barriers: 3, Oops: 0, ImmediateOops: 1, NonImmediateOops: No
[4,211s][debug][gc,nmethod     ] Register NMethod: cn.danielw.fop.PoolConfig.getMinSize (0x00007cb632f8cc08) [0x00007cb632f8cd00, 0x00007cb632f8cdc0] Compiler: c1, Barriers: 0, Oops: 1, ImmediateOops: 0, NonImmediateOops: No
[4,212s][debug][gc,nmethod     ] Register NMethod: java.util.concurrent.locks.AbstractQueuedSynchronizer$ConditionObject.signal (0x00007cb614521f08) [0x00007cb614522000, 0x00007cb6145224e0] Compiler: c1, Barriers: 2, Oops: 0, ImmediateOops: 0, NonImmediateOops: No
[4,213s][debug][gc,nmethod     ] Register NMethod: it.unimi.dsi.fastutil.ints.Int2IntOpenHashMap.<init> (0x00007cb614522508) [0x00007cb614522620, 0x00007cb614522758] Compiler: c1, Barriers: 0, Oops: 1, ImmediateOops: 0, NonImmediateOops: No
[4,213s][debug][gc,nmethod     ] Register NMethod: it.unimi.dsi.fastutil.ints.Int2LongOpenHashMap.<init> (0x00007cb614522808) [0x00007cb614522920, 0x00007cb614522a58] Compiler: c1, Barriers: 0, Oops: 1, ImmediateOops: 0, NonImmediateOops: No
[4,215s][debug][gc,nmethod     ] Register NMethod: io.sirix.index.path.summary.PathNode.hashCode (0x00007cb632f8cf08) [0x00007cb632f8d000, 0x00007cb632f8d5f0] Compiler: jvmci, Barriers: 11, Oops: 1, ImmediateOops: 0, NonImmediateOops: No
[4,215s][debug][gc,nmethod     ] Register NMethod: io.brackit.query.compiler.AST.getLastChild (0x00007cb614522b08) [0x00007cb614522c00, 0x00007cb614522de0] Compiler: c1, Barriers: 2, Oops: 1, ImmediateOops: 0, NonImmediateOops: No
[4,215s][debug][gc,nmethod     ] Register NMethod: io.brackit.query.compiler.parser.Tokenizer.laQName (0x00007cb614522e08) [0x00007cb614522f00, 0x00007cb614524b08] Compiler: c1, Barriers: 49, Oops: 1, ImmediateOops: 0, NonImmediateOops: No
[4,216s][debug][gc,nmethod     ] Register NMethod: io.brackit.query.compiler.optimizer.walker.topdown.ScopeWalker$BindingTable.closeScope (0x00007cb632f8d608) [0x00007cb632f8d700, 0x00007cb632f8d870] Compiler: jvmci, Barriers: 5, Oops: 1, ImmediateOops: 0, NonImmediateOops: No
[4,217s][debug][gc,nmethod     ] Register NMethod: java.util.concurrent.TimeUnit.toNanos (0x00007cb614524b88) [0x00007cb614524c80, 0x00007cb614524eb0] Compiler: c1, Barriers: 0, Oops: 0, ImmediateOops: 0, NonImmediateOops: No
[4,217s][debug][gc,nmethod     ] Register NMethod: jdk.internal.foreign.MemorySessionImpl.close (0x00007cb614524f08) [0x00007cb614525000, 0x00007cb614525540] Compiler: c1, Barriers: 1, Oops: 0, ImmediateOops: 0, NonImmediateOops: No
[4,218s][debug][gc,nmethod     ] Register NMethod: jdk.internal.foreign.ArenaImpl.close (0x00007cb614525588) [0x00007cb614525680, 0x00007cb614525e18] Compiler: c1, Barriers: 2, Oops: 0, ImmediateOops: 0, NonImmediateOops: No
[4,218s][debug][gc,nmethod     ] Register NMethod: java.util.concurrent.CompletableFuture.tryPushStack (0x00007cb614525e88) [0x00007cb614525f80, 0x00007cb614528988] Compiler: c1, Barriers: 9, Oops: 8, ImmediateOops: 19, NonImmediateOops: No
[4,218s][debug][gc,nmethod     ] Register NMethod: jdk.internal.vm.ContinuationSupport.isSupported (0x00007cb614528a08) [0x00007cb614528b00, 0x00007cb614528be8] Compiler: c1, Barriers: 0, Oops: 0, ImmediateOops: 0, NonImmediateOops: No
[4,218s][debug][gc,nmethod     ] Register NMethod: java.util.concurrent.locks.LockSupport.unpark (0x00007cb614528d08) [0x00007cb614528e00, 0x00007cb614529d28] Compiler: c1, Barriers: 0, Oops: 0, ImmediateOops: 2, NonImmediateOops: No
[4,218s][debug][gc,nmethod     ] Register NMethod: it.unimi.dsi.fastutil.ints.Int2LongOpenHashMap$MapIterator.hasNext (0x00007cb614529d88) [0x00007cb614529e80, 0x00007cb614529fd0] Compiler: c1, Barriers: 0, Oops: 1, ImmediateOops: 0, NonImmediateOops: No
[4,218s][debug][gc,nmethod     ] Register NMethod: java.util.ArrayDeque.add (0x00007cb632f8d908) [0x00007cb632f8da00, 0x00007cb632f8e2c8] Compiler: jvmci, Barriers: 24, Oops: 0, ImmediateOops: 0, NonImmediateOops: No
[4,218s][debug][gc,nmethod     ] Register NMethod: it.unimi.dsi.fastutil.ints.Int2ObjectOpenHashMap$MapIterator.hasNext (0x00007cb61452a088) [0x00007cb61452a180, 0x00007cb61452a2d0] Compiler: c1, Barriers: 0, Oops: 1, ImmediateOops: 0, NonImmediateOops: No
[4,218s][debug][gc,nmethod     ] Register NMethod: it.unimi.dsi.fastutil.ints.Int2IntOpenHashMap$MapIterator.hasNext (0x00007cb61452a388) [0x00007cb61452a480, 0x00007cb61452a5d0] Compiler: c1, Barriers: 0, Oops: 1, ImmediateOops: 0, NonImmediateOops: No
[4,218s][debug][gc,nmethod     ] Register NMethod: com.github.benmanes.caffeine.cache.SSMS.accessOrderWindowDeque (0x00007cb632f8e308) [0x00007cb632f8e400, 0x00007cb632f8e4f0] Compiler: c1, Barriers: 1, Oops: 1, ImmediateOops: 0, NonImmediateOops: No
[4,219s][debug][gc,nmethod     ] Register NMethod: io.sirix.access.trx.page.NodePageReadOnlyTrx.getResourceSession (0x00007cb632f8e608) [0x00007cb632f8e700, 0x00007cb632f8e7e8] Compiler: jvmci, Barriers: 1, Oops: 1, ImmediateOops: 0, NonImmediateOops: No
[4,220s][debug][gc,nmethod     ] Register NMethod: io.sirix.node.delegates.NodeDelegate.hashCode (0x00007cb632f8e908) [0x00007cb632f8ea00, 0x00007cb632f8f2e0] Compiler: jvmci, Barriers: 14, Oops: 1, ImmediateOops: 2, NonImmediateOops: No
[4,223s][debug][gc,nmethod     ] Register NMethod: io.sirix.node.delegates.NameNodeDelegate.hashCode (0x00007cb632f8f308) [0x00007cb632f8f400, 0x00007cb632f8fc40] Compiler: jvmci, Barriers: 14, Oops: 1, ImmediateOops: 1, NonImmediateOops: No
[4,227s][debug][gc,nmethod     ] Register NMethod: java.lang.String.encodeUTF8_UTF16 (0x00007cb632f8fc88) [0x00007cb632f8fd80, 0x00007cb632f90fb0] Compiler: jvmci, Barriers: 0, Oops: 0, ImmediateOops: 0, NonImmediateOops: No
[4,228s][debug][gc,nmethod     ] Register NMethod: it.unimi.dsi.fastutil.longs.LongIterator.next (0x00007cb61452a688) [0x00007cb61452a780, 0x00007cb61452aab8] Compiler: c1, Barriers: 0, Oops: 1, ImmediateOops: 0, NonImmediateOops: No
[4,229s][debug][gc,nmethod     ] Register NMethod: io.sirix.axis.NestedAxis.nextKey (0x00007cb61452ab08) [0x00007cb61452ac00, 0x00007cb61452ce50] Compiler: c1, Barriers: 8, Oops: 1, ImmediateOops: 2, NonImmediateOops: No
[4,231s][debug][gc,nmethod     ] Register NMethod: java.util.concurrent.ConcurrentHashMap$EntrySpliterator.<init> (0x00007cb632f91008) [0x00007cb632f91100, 0x00007cb632f912d8] Compiler: jvmci, Barriers: 8, Oops: 0, ImmediateOops: 0, NonImmediateOops: No
[4,231s][debug][gc,nmethod     ] Register NMethod: io.sirix.service.xml.xpath.AbstractAxis.asXmlNodeReadTrx (0x00007cb61452ce88) [0x00007cb61452cf80, 0x00007cb61452d5e0] Compiler: c1, Barriers: 1, Oops: 1, ImmediateOops: 1, NonImmediateOops: No
[4,232s][debug][gc,nmethod     ] Register NMethod: java.util.concurrent.ConcurrentHashMap.entrySet (0x00007cb632f91308) [0x00007cb632f91400, 0x00007cb632f915f8] Compiler: jvmci, Barriers: 6, Oops: 0, ImmediateOops: 0, NonImmediateOops: No
[4,233s][debug][gc,nmethod     ] Register NMethod: java.util.concurrent.ConcurrentHashMap$EntrySetView.spliterator (0x00007cb632f91608) [0x00007cb632f91700, 0x00007cb632f91aa0] Compiler: jvmci, Barriers: 10, Oops: 0, ImmediateOops: 0, NonImmediateOops: No
[4,234s][debug][gc,nmethod     ] Register NMethod: io.sirix.axis.filter.FilterAxis.reset (0x00007cb61452d608) [0x00007cb61452d700, 0x00007cb61452db50] Compiler: c1, Barriers: 4, Oops: 1, ImmediateOops: 1, NonImmediateOops: No
[4,234s][debug][gc,nmethod     ] Register NMethod: com.github.benmanes.caffeine.cache.SSLS.statsTicker (0x00007cb632f91b08) [0x00007cb632f91c00, 0x00007cb632f91c90] Compiler: jvmci, Barriers: 0, Oops: 1, ImmediateOops: 1, NonImmediateOops: No
[4,235s][debug][gc,reloc       ] GC(1) Y: Leaving workers: left: 4 _synchronize: 0 _nsynchronized: 0
[4,235s][debug][gc,reloc       ] GC(1) Y: Leaving workers: left: 3 _synchronize: 0 _nsynchronized: 0
[4,235s][debug][gc,reloc       ] GC(1) Y: Leaving workers: left: 2 _synchronize: 0 _nsynchronized: 0
[4,235s][debug][gc,reloc       ] GC(1) Y: Leaving workers: left: 1 _synchronize: 0 _nsynchronized: 0
[4,235s][debug][gc,reloc       ] GC(1) Y: Leaving workers: left: 0 _synchronize: 0 _nsynchronized: 0
[4,235s][debug][gc,phases,start] GC(1) Y: Concurrent Relocate Remset FP
[4,235s][debug][gc,task        ] GC(1) Y: Executing ZRelocateAddRemsetForFlipPromoted using ZWorkerYoung with 5 workers
[4,235s][debug][gc,phases      ] GC(1) Y: Concurrent Relocate Remset FP 0,023ms
[4,235s][info ][gc,phases      ] GC(1) Y: Concurrent Relocate 28,189ms
[4,235s][debug][gc,heap        ] GC(1) Y: Heap After GC invocations=2 (full 2):
[4,235s][debug][gc,heap        ] GC(1) Y:  ZHeap           used 520M, capacity 5120M, max capacity 12288M
[4,235s][debug][gc,heap        ] GC(1) Y:   Cache          4600M (6)
[4,235s][debug][gc,heap        ] GC(1) Y:    size classes  8M (1), 32M (1), 128M (1), 256M (2), 2G (1)
[4,235s][debug][gc,metaspace   ] GC(1) Y: Metaspace After GC invocations=2 (full 2):
[4,235s][debug][gc,metaspace   ] GC(1) Y:  Metaspace       used 35464K, committed 35904K, reserved 1114112K
[4,235s][debug][gc,metaspace   ] GC(1) Y:   class space    used 3071K, committed 3264K, reserved 1048576K
[4,235s][info ][gc,alloc       ] GC(1) Y:                         Mark Start        Mark End      Relocate Start    Relocate End   
[4,235s][info ][gc,alloc       ] GC(1) Y: Allocation Stalls:          0                0                0                0         
[4,235s][info ][gc,load        ] GC(1) Y: Load: 3,34 (17%) / 2,58 (13%) / 2,09 (10%)
[4,235s][info ][gc,mmu         ] GC(1) Y: MMU: 2ms/93,0%, 5ms/96,9%, 10ms/98,5%, 20ms/99,2%, 50ms/99,6%, 100ms/99,8%
[4,235s][info ][gc,marking     ] GC(1) Y: Mark: 4 stripe(s), 10 proactive flush(es), 1 terminate flush(es), 0 completion(s), 0 continuation(s) 
[4,235s][info ][gc,nmethod     ] GC(1) Y: NMethods: 6020 registered, 0 unregistered
[4,235s][info ][gc,metaspace   ] GC(1) Y: Metaspace: 34M used, 35M committed, 1088M reserved
[4,235s][info ][gc,reloc       ] GC(1) Y:                        Candidates     Selected     In-Place         Size        Empty    Relocated 
[4,235s][info ][gc,reloc       ] GC(1) Y: Small Pages:                  583          442            0        1166M           6M          74M 
[4,235s][info ][gc,reloc       ] GC(1) Y: Medium Pages:                   2            1            0          64M           0M           3M 
[4,235s][info ][gc,reloc       ] GC(1) Y: Large Pages:                    0            0            0           0M           0M           0M 
[4,235s][info ][gc,reloc       ] GC(1) Y: Forwarding Usage: 33M
[4,235s][info ][gc,reloc       ] GC(1) Y: Age Table:
[4,235s][info ][gc,reloc       ] GC(1) Y:                    Live             Garbage             Small              Medium             Large        
[4,235s][info ][gc,reloc       ] GC(1) Y: Eden             250M (2%)          929M (8%)         574 / 439            1 / 0              0 / 0        
[4,235s][info ][gc,reloc       ] GC(1) Y: Survivor 1        12M (0%)           37M (0%)           9 / 3              1 / 1              0 / 0        
[4,235s][info ][gc,heap        ] GC(1) Y: Min Capacity: 5120M(42%)
[4,235s][info ][gc,heap        ] GC(1) Y: Max Capacity: 12288M(100%)
[4,235s][info ][gc,heap        ] GC(1) Y: Soft Max Capacity: 12288M(100%)
[4,235s][info ][gc,heap        ] GC(1) Y: Heap Statistics:
[4,235s][info ][gc,heap        ] GC(1) Y:                Mark Start          Mark End        Relocate Start      Relocate End           High               Low         
[4,235s][info ][gc,heap        ] GC(1) Y:  Capacity:     5120M (42%)        5120M (42%)        5120M (42%)        5120M (42%)        5120M (42%)        5120M (42%)    
[4,235s][info ][gc,heap        ] GC(1) Y:      Free:    11058M (90%)       10932M (89%)       10938M (89%)       11768M (96%)       11768M (96%)       10836M (88%)    
[4,235s][info ][gc,heap        ] GC(1) Y:      Used:     1230M (10%)        1356M (11%)        1350M (11%)         520M (4%)         1452M (12%)         520M (4%)     
[4,235s][info ][gc,heap        ] GC(1) Y: Young Generation Statistics:
[4,235s][info ][gc,heap        ] GC(1) Y:                Mark Start          Mark End        Relocate Start      Relocate End    
[4,235s][info ][gc,heap        ] GC(1) Y:      Used:     1230M (10%)        1356M (11%)        1350M (11%)         520M (4%)     
[4,235s][info ][gc,heap        ] GC(1) Y:      Live:         -               262M (2%)          262M (2%)          262M (2%)     
[4,235s][info ][gc,heap        ] GC(1) Y:   Garbage:         -               967M (8%)          961M (8%)            3M (0%)     
[4,235s][info ][gc,heap        ] GC(1) Y: Allocated:         -               126M (1%)          126M (1%)          253M (2%)     
[4,235s][info ][gc,heap        ] GC(1) Y: Reclaimed:         -                  -                 6M (0%)          963M (8%)     
[4,235s][info ][gc,heap        ] GC(1) Y:  Promoted:         -                  -                 0M (0%)            0M (0%)     
[4,235s][info ][gc,heap        ] GC(1) Y: Compacted:         -                  -                  -                94M (1%)     
[4,235s][info ][gc,phases      ] GC(1) Y: Young Generation 1230M(10%)->520M(4%) 0,149s
[4,235s][debug][gc,heap        ] GC(1) O: Heap Before GC invocations=2 (full 2):
[4,235s][debug][gc,heap        ] GC(1) O:  ZHeap           used 520M, capacity 5120M, max capacity 12288M
[4,235s][debug][gc,heap        ] GC(1) O:   Cache          4600M (6)
[4,236s][debug][gc,heap        ] GC(1) O:    size classes  8M (1), 32M (1), 128M (1), 256M (2), 2G (1)
[4,236s][debug][gc,metaspace   ] GC(1) O: Metaspace Before GC invocations=2 (full 2):
[4,236s][debug][gc,metaspace   ] GC(1) O:  Metaspace       used 35464K, committed 35904K, reserved 1114112K
[4,236s][debug][gc,metaspace   ] GC(1) O:   class space    used 3071K, committed 3264K, reserved 1048576K
[4,236s][info ][gc,phases      ] GC(1) O: Old Generation
[4,236s][debug][gc,phases,start] GC(1) O: Concurrent Mark
[4,236s][debug][gc,phases,start] GC(1) O: Concurrent Mark Roots
[4,236s][debug][gc,task        ] GC(1) O: Executing ZMarkOldRootsTask using ZWorkerOld with 3 workers
[4,236s][debug][gc,tlab        ] GC(1) O: TLAB totals: thrds: 23  refills: 360 max: 251 slow allocs: 342 max 131 waste:  1,0% gc: 737704B max: 261784B slow: 230720B max: 173256B
[4,236s][debug][gc,phases      ] GC(1) O: Concurrent Mark Roots 0,149ms
[4,236s][debug][gc,phases,start] GC(1) O: Concurrent Mark Follow
[4,236s][debug][gc,marking     ] GC(1) O: Using 2 mark stripes
[4,236s][debug][gc,task        ] GC(1) O: Executing ZMarkTask using ZWorkerOld with 3 workers
[4,236s][debug][gc,marking     ] GC(1) O: Using 1 mark stripes
[4,236s][debug][gc,phases      ] GC(1) O: Concurrent Mark Follow 0,157ms
[4,236s][info ][gc,phases      ] GC(1) O: Concurrent Mark 0,323ms
[4,236s][debug][gc,reloc       ] Synchronize all workers 1 _nworkers: 0 _nsynchronized: 0
[4,236s][debug][gc,reloc       ] Synchronize all workers 1 _nworkers: 0 _nsynchronized: 0
[4,236s][debug][gc,phases,start] GC(1) O: Pause Mark End
[4,236s][info ][gc,phases      ] GC(1) O: Pause Mark End 0,014ms
[4,236s][debug][gc,reloc       ] Desynchronize all workers _nworkers: 0 _nsynchronized: 0
[4,236s][debug][gc,reloc       ] Desynchronize all workers _nworkers: 0 _nsynchronized: 0
[4,236s][debug][gc,phases,start] GC(1) O: Concurrent Mark Free
[4,236s][info ][gc,phases      ] GC(1) O: Concurrent Mark Free 0,006ms
[4,236s][debug][gc,phases,start] GC(1) O: Concurrent Process Non-Strong
[4,236s][debug][gc,phases,start] GC(1) O: Concurrent References Process
[4,236s][debug][gc,task        ] GC(1) O: Executing ZReferenceProcessorTask using ZWorkerOld with 3 workers
[4,236s][debug][gc,phases      ] GC(1) O: Concurrent References Process 0,018ms
[4,236s][debug][gc,task        ] GC(1) O: Executing ZProcessWeakRootsTask using ZWorkerOld with 3 workers
[4,236s][debug][gc,nmethod     ] Register NMethod: com.github.benmanes.caffeine.cache.PSMW.setPreviousInAccessOrder (0x00007cb632f91e08) [0x00007cb632f91f00, 0x00007cb632f92048] Compiler: jvmci, Barriers: 3, Oops: 1, ImmediateOops: 0, NonImmediateOops: No
[4,236s][debug][gc,nmethod     ] Register NMethod: com.github.benmanes.caffeine.cache.PSMW.setNextInAccessOrder (0x00007cb632f92108) [0x00007cb632f92200, 0x00007cb632f92348] Compiler: jvmci, Barriers: 3, Oops: 1, ImmediateOops: 0, NonImmediateOops: No
[4,236s][debug][gc,phases,start] GC(1) O: Concurrent Classes Unlink
[4,236s][debug][gc,phases,start] GC(1) O: ClassLoaderData
[4,236s][debug][gc,phases      ] GC(1) O: ClassLoaderData 0,012ms
[4,236s][debug][gc,phases,start] GC(1) O: Trigger cleanups
[4,236s][debug][gc,phases      ] GC(1) O: Trigger cleanups 0,006ms
[4,236s][debug][gc,task        ] GC(1) O: Executing ZNMethodUnlinkTask using ZWorkerOld with 3 workers
[4,236s][debug][gc,nmethod     ] GC(1) O: Unregister NMethod: io.sirix.node.json.JsonNodeSerializer.readSizePrefix (0x00007cb6140b3488) [0x00007cb6140b3580, 0x00007cb6140b37a0] 
[4,236s][debug][gc,nmethod     ] GC(1) O: Unregister NMethod: jdk.internal.misc.VM.isDirectMemoryPageAligned (0x00007cb613b3f708) [0x00007cb613b3f800, 0x00007cb613b3fae0] 
[4,236s][debug][gc,nmethod     ] GC(1) O: Unregister NMethod: jdk.internal.foreign.AbstractMemorySegmentImpl.asSlice (0x00007cb632ca1788) [0x00007cb632ca1880, 0x00007cb632ca1a68] 
[4,236s][debug][gc,nmethod     ] GC(1) O: Unregister NMethod: io.sirix.access.trx.node.xml.XmlNodeReadOnlyTrxImpl.isElement (0x00007cb613cd8a88) [0x00007cb613cd8b80, 0x00007cb613cd9628] 
[4,236s][debug][gc,nmethod     ] GC(1) O: Unregister NMethod: jdk.internal.ref.PhantomCleanable.<init> (0x00007cb6134de508) [0x00007cb6134de600, 0x00007cb6134df7f0] 
[4,236s][debug][gc,nmethod     ] GC(1) O: Unregister NMethod: io.sirix.utils.OS.isWindows (0x00007cb613fdae88) [0x00007cb613fdaf80, 0x00007cb613fdb068] 
[4,236s][debug][gc,nmethod     ] GC(1) O: Unregister NMethod: io.sirix.access.trx.page.NodePageTrx.getRecord (0x00007cb632cee988) [0x00007cb632ceea80, 0x00007cb632cef5c8] 
[4,236s][debug][gc,nmethod     ] GC(1) O: Unregister NMethod: io.sirix.page.KeyValueLeafPage.setData (0x00007cb632dc3688) [0x00007cb632dc3780, 0x00007cb632dc62e0] 
[4,236s][debug][gc,nmethod     ] GC(1) O: Unregister NMethod: io.sirix.node.SirixDeweyID.getDivisionBits (0x00007cb613ee8688) [0x00007cb613ee8780, 0x00007cb613ee8c00] 
[4,236s][debug][gc,nmethod     ] GC(1) O: Unregister NMethod: io.sirix.node.MemorySegmentBytesIn.readLong (0x00007cb61400a688) [0x00007cb61400a780, 0x00007cb61400e390] 
[4,237s][debug][gc,nmethod     ] GC(1) O: Unregister NMethod: io.sirix.access.trx.page.NodePageTrx.prepareRecordForModification (0x00007cb61415c188) [0x00007cb61415c280, 0x00007cb61415e108] 
[4,237s][debug][gc,nmethod     ] GC(1) O: Unregister NMethod: org.magicwerk.brownies.collections.GapList.doGet (0x00007cb632d47088) [0x00007cb632d47180, 0x00007cb632d47318] 
[4,237s][debug][gc,nmethod     ] GC(1) O: Unregister NMethod: java.lang.invoke.MethodTypeForm.canonicalize (0x00007cb61344be08) [0x00007cb61344bf00, 0x00007cb61344cb58] 
[4,237s][debug][gc,nmethod     ] GC(1) O: Unregister NMethod: io.sirix.service.xml.shredder.AbstractShredder.processStartTag (0x00007cb61416e288) [0x00007cb61416e380, 0x00007cb614174098] 
[4,237s][debug][gc,nmethod     ] GC(1) O: Unregister NMethod: java.lang.reflect.Method.getParameterTypes (0x00007cb6137cf308) [0x00007cb6137cf400, 0x00007cb6137cf978] 
[4,237s][debug][gc,nmethod     ] GC(1) O: Unregister NMethod: java.util.concurrent.locks.AbstractQueuedSynchronizer.compareAndSetState (0x00007cb61399fb08) [0x00007cb61399fc00, 0x00007cb61399fd18] 
[4,237s][debug][gc,nmethod     ] GC(1) O: Unregister NMethod: io.sirix.access.trx.node.AbstractNodeHashing.adaptHashesWithAdd (0x00007cb613ba9b88) [0x00007cb613ba9c80, 0x00007cb613baa158] 
[4,237s][debug][gc,nmethod     ] GC(1) O: Unregister NMethod: io.sirix.access.trx.node.AbstractIndexController.notifyChange (0x00007cb613bb3f88) [0x00007cb613bb4080, 0x00007cb613bb4f38] 
[4,237s][debug][gc,nmethod     ] GC(1) O: Unregister NMethod: io.sirix.page.KeyValueLeafPage.setSlot (0x00007cb613ffd388) [0x00007cb613ffd480, 0x00007cb613ffd628] 
[4,237s][debug][gc,nmethod     ] GC(1) O: Unregister NMethod: io.sirix.node.MemorySegmentBytesOut.getDestination (0x00007cb613b8e788) [0x00007cb613b8e880, 0x00007cb613b8ea08] 
[4,237s][debug][gc,nmethod     ] GC(1) O: Unregister NMethod: java.util.stream.AbstractPipeline.wrapAndCopyInto (0x00007cb632c82888) [0x00007cb632c82980, 0x00007cb632c82fa0] 
[4,237s][debug][gc,nmethod     ] GC(1) O: Unregister NMethod: io.sirix.page.KeyValueLeafPage.isSlotSet (0x00007cb613865888) [0x00007cb613865980, 0x00007cb613865b28] 
[4,237s][debug][gc,nmethod     ] GC(1) O: Unregister NMethod: io.sirix.node.SirixDeweyID.getNewChildID (0x00007cb613ce5288) [0x00007cb613ce5380, 0x00007cb613ce5610] 
[4,237s][debug][gc,nmethod     ] GC(1) O: Unregister NMethod: jdk.internal.foreign.layout.ValueLayouts$AbstractValueLayout.assertCarrierSize (0x00007cb613ea1c88) [0x00007cb613ea1d80, 0x00007cb613ea1e90] 
[4,237s][debug][gc,nmethod     ] GC(1) O: Unregister NMethod: io.sirix.index.path.summary.PathSummaryWriter.getPathNodeKey (0x00007cb613c78508) [0x00007cb613c78600, 0x00007cb613c7c478] 
[4,237s][debug][gc,nmethod     ] GC(1) O: Unregister NMethod: java.nio.charset.CoderResult.isUnderflow (0x00007cb613402088) [0x00007cb613402180, 0x00007cb6134022d0] 
[4,237s][debug][gc,nmethod     ] GC(1) O: Unregister NMethod: java.nio.ByteBuffer.<init> (0x00007cb613819f88) [0x00007cb61381a080, 0x00007cb61381a2c8] 
[4,237s][debug][gc,nmethod     ] GC(1) O: Unregister NMethod: io.sirix.node.xml.ElementNode.hasFirstChild (0x00007cb613d07408) [0x00007cb613d07500, 0x00007cb613d0c938] 
[4,237s][debug][gc,nmethod     ] GC(1) O: Unregister NMethod: java.net.URLStreamHandler.parseURL (0x00007cb6136f1f08) [0x00007cb6136f2000, 0x00007cb613710f18] 
[4,237s][debug][gc,nmethod     ] GC(1) O: Unregister NMethod: io.sirix.node.SirixDeweyID.toBytes (0x00007cb613e9ab08) [0x00007cb613e9ac00, 0x00007cb613e9ad68] 
[4,237s][debug][gc,nmethod     ] GC(1) O: Unregister NMethod: io.sirix.page.PageReference.setDatabaseId (0x00007cb61404ea88) [0x00007cb61404eb80, 0x00007cb61404ec90] 
[4,237s][debug][gc,nmethod     ] GC(1) O: Unregister NMethod: io.sirix.access.trx.node.xml.ForwardingXmlNodeReadOnlyTrx.getKind (0x00007cb613bb7408) [0x00007cb613bb7500, 0x00007cb613bb7af8] 
[4,237s][debug][gc,nmethod     ] GC(1) O: Unregister NMethod: java.lang.invoke.VarHandleGuards.guard_LL_V (0x00007cb6137c0c08) [0x00007cb6137c0d00, 0x00007cb6137c58e8] 
[4,237s][debug][gc,nmethod     ] GC(1) O: Unregister NMethod: jdk.internal.foreign.layout.ValueLayouts$OfByteImpl.dup (0x00007cb613f30e08) [0x00007cb613f30f00, 0x00007cb613f31090] 
[4,237s][debug][gc,nmethod     ] GC(1) O: Unregister NMethod: java.lang.String.regionMatches (0x00007cb632c98788) [0x00007cb632c98880, 0x00007cb632c98bc8] 
[4,237s][debug][gc,nmethod     ] GC(1) O: Unregister NMethod: io.sirix.axis.AbstractAxis.tryToComputeNext (0x00007cb632e1bc08) [0x00007cb632e1bd00, 0x00007cb632e1cf10] 
[4,237s][debug][gc,nmethod     ] GC(1) O: Unregister NMethod: com.sun.org.apache.xerces.internal.parsers.AbstractSAXParser$AttributesProxy.getLength (0x00007cb613c67b08) [0x00007cb613c67c00, 0x00007cb613c67f40] 
[4,237s][debug][gc,nmethod     ] GC(1) O: Unregister NMethod: io.sirix.node.delegates.NodeDelegate.<init> (0x00007cb613dc3688) [0x00007cb613dc3780, 0x00007cb613dc3cd8] 
[4,237s][debug][gc,nmethod     ] GC(1) O: Unregister NMethod: java.lang.invoke.VarHandle.checkAccessModeThenIsDirect (0x00007cb613586588) [0x00007cb613586680, 0x00007cb613587828] 
[4,237s][debug][gc,nmethod     ] GC(1) O: Unregister NMethod: com.sun.org.apache.xerces.internal.impl.XMLEntityScanner.skipSpaces (0x00007cb614174108) [0x00007cb614174200, 0x00007cb614175480] 
[4,237s][debug][gc,nmethod     ] GC(1) O: Unregister NMethod: io.sirix.node.NodeSerializerImpl.deserializeDeweyID (0x00007cb61405cf88) [0x00007cb61405d080, 0x00007cb61405e008] 
[4,237s][debug][gc,nmethod     ] GC(1) O: Unregister NMethod: io.sirix.access.trx.node.AbstractNodeReadOnlyTrx.setCurrentNode (0x00007cb613ac5d08) [0x00007cb613ac5e00, 0x00007cb613ac62a0] 
[4,237s][debug][gc,nmethod     ] GC(1) O: Unregister NMethod: it.unimi.dsi.fastutil.ints.Int2LongOpenHashMap.get (0x00007cb614169688) [0x00007cb614169780, 0x00007cb614169cd0] 
[4,237s][debug][gc,nmethod     ] GC(1) O: Unregister NMethod: io.sirix.node.xml.ElementNode.getKind (0x00007cb613ac9008) [0x00007cb613ac9100, 0x00007cb613ac9208] 
[4,237s][debug][gc,nmethod     ] GC(1) O: Unregister NMethod: io.sirix.node.xml.TextNode.getRawValue (0x00007cb613c40d08) [0x00007cb613c40e00, 0x00007cb613c41118] 
[4,237s][debug][gc,nmethod     ] GC(1) O: Unregister NMethod: io.sirix.node.MemorySegmentBytesIn.readByte (0x00007cb613f93388) [0x00007cb613f93480, 0x00007cb613f96ea0] 
[4,237s][debug][gc,nmethod     ] GC(1) O: Unregister NMethod: io.sirix.node.SirixDeweyID.<init> (0x00007cb61409f008) [0x00007cb61409f100, 0x00007cb61409fca0] 
[4,237s][debug][gc,nmethod     ] GC(1) O: Unregister NMethod: net.openhft.hashing.XXH3.XXH3_64bits_internal (0x00007cb613be3508) [0x00007cb613be3600, 0x00007cb613c01fc8] 
[4,237s][debug][gc,nmethod     ] GC(1) O: Unregister NMethod: java.util.ArrayList.<init> (0x00007cb61359f708) [0x00007cb61359f800, 0x00007cb61359faa0] 
[4,237s][debug][gc,nmethod     ] GC(1) O: Unregister NMethod: io.sirix.access.trx.page.NodePageReadOnlyTrx.getPageReference (0x00007cb613ff3e88) [0x00007cb613ff3f80, 0x00007cb613ffd038] 
[4,237s][debug][gc,nmethod     ] GC(1) O: Unregister NMethod: jdk.internal.misc.ScopedMemoryAccess.getByte (0x00007cb61348fd08) [0x00007cb61348fe00, 0x00007cb613490118] 
[4,237s][debug][gc,nmethod     ] GC(1) O: Unregister NMethod: jdk.internal.foreign.SegmentFactories.initNativeMemory (0x00007cb6135e6588) [0x00007cb6135e6680, 0x00007cb6135e68a0] 
[4,237s][debug][gc,nmethod     ] GC(1) O: Unregister NMethod: io.sirix.access.trx.node.xml.XmlNodeReadOnlyTrxImpl.getNode (0x00007cb613b56b08) [0x00007cb613b56c00, 0x00007cb613b56ef8] 
[4,237s][debug][gc,nmethod     ] GC(1) O: Unregister NMethod: jdk.internal.classfile.impl.AbstractPoolEntry$Utf8EntryImpl.methodTypeSymbol (0x00007cb6134f8e88) [0x00007cb6134f8f80, 0x00007cb6134f9a50] 
[4,237s][debug][gc,nmethod     ] GC(1) O: Unregister NMethod: io.sirix.node.xml.ElementNode.getFirstChildKey (0x00007cb613bd1a08) [0x00007cb613bd1b00, 0x00007cb613bd6af0] 
[4,237s][debug][gc,nmethod     ] GC(1) O: Unregister NMethod: sun.security.provider.SHA2.implCompress (0x00007cb613e98008) [0x00007cb613e98100, 0x00007cb613e98510] 
[4,237s][debug][gc,nmethod     ] GC(1) O: Unregister NMethod: io.sirix.access.trx.node.AbstractNodeReadOnlyTrx.getKind (0x00007cb613b21908) [0x00007cb613b21a00, 0x00007cb613b22068] 
[4,237s][debug][gc,nmethod     ] GC(1) O: Unregister NMethod: io.sirix.node.xml.TextNode.hasRightSibling (0x00007cb632d0b288) [0x00007cb632d0b380, 0x00007cb632d0b7d0] 
[4,237s][debug][gc,nmethod     ] GC(1) O: Unregister NMethod: com.sun.org.apache.xerces.internal.parsers.AbstractSAXParser.startElement (0x00007cb632d7ba08) [0x00007cb632d7bb00, 0x00007cb632d7ee60] 
[4,237s][debug][gc,nmethod     ] GC(1) O: Unregister NMethod: jdk.internal.classfile.impl.AbstractPoolEntry$AbstractRefsEntry.writeTo (0x00007cb613504588) [0x00007cb613504680, 0x00007cb613505020] 
[4,237s][debug][gc,nmethod     ] GC(1) O: Unregister NMethod: io.sirix.access.trx.page.NodePageReadOnlyTrx.getPathSummaryPage (0x00007cb613db1788) [0x00007cb613db1880, 0x00007cb613db2858] 
[4,237s][debug][gc,nmethod     ] GC(1) O: Unregister NMethod: org.magicwerk.brownies.collections.GapList.get (0x00007cb614121088) [0x00007cb614121180, 0x00007cb614122b78] 
[4,237s][debug][gc,nmethod     ] GC(1) O: Unregister NMethod: io.sirix.axis.AbstractAxis.hasNext (0x00007cb613b1e388) [0x00007cb613b1e480, 0x00007cb613b1ef48] 
[4,237s][debug][gc,nmethod     ] GC(1) O: Unregister NMethod: java.nio.MappedByteBuffer.limit (0x00007cb613bddf88) [0x00007cb613bde080, 0x00007cb613bde440] 
[4,237s][debug][gc,nmethod     ] GC(1) O: Unregister NMethod: io.brackit.query.atomic.QNm.<init> (0x00007cb632d15988) [0x00007cb632d15a80, 0x00007cb632d15ca8] 
[4,237s][debug][gc,nmethod     ] GC(1) O: Unregister NMethod: io.sirix.access.trx.page.NodePageTrx.createNameKey (0x00007cb613c4e888) [0x00007cb613c4e980, 0x00007cb613c503e0] 
[4,237s][debug][gc,nmethod     ] GC(1) O: Unregister NMethod: io.brackit.query.atomic.Una.type (0x00007cb6142e8408) [0x00007cb6142e8500, 0x00007cb6142e8608] 
[4,237s][debug][gc,nmethod     ] GC(1) O: Unregister NMethod: java.util.stream.AbstractPipeline.sourceSpliterator (0x00007cb632c7f388) [0x00007cb632c7f480, 0x00007cb632c7f6a8] 
[4,237s][debug][gc,nmethod     ] GC(1) O: Unregister NMethod: java.lang.String.getBytes (0x00007cb613f8c188) [0x00007cb613f8c280, 0x00007cb613f8c788] 
[4,237s][debug][gc,nmethod     ] GC(1) O: Unregister NMethod: io.sirix.index.path.summary.PathSummaryReader.putMapping (0x00007cb632d47388) [0x00007cb632d47480, 0x00007cb632d47798] 
[4,237s][debug][gc,nmethod     ] GC(1) O: Unregister NMethod: java.nio.HeapByteBuffer.putLong (0x00007cb613f37208) [0x00007cb613f37300, 0x00007cb613f377d8] 
[4,237s][debug][gc,nmethod     ] GC(1) O: Unregister NMethod: net.openhft.hashing.MathsJDK9.unsignedLongMulXorFoldImp (0x00007cb613af6988) [0x00007cb613af6a80, 0x00007cb613af6c00] 
[4,237s][debug][gc,nmethod     ] GC(1) O: Unregister NMethod: io.sirix.node.xml.TextNode.<init> (0x00007cb6140be588) [0x00007cb6140be680, 0x00007cb6140be968] 
[4,237s][debug][gc,nmethod     ] GC(1) O: Unregister NMethod: io.sirix.node.MemorySegmentBytesOut.write (0x00007cb613b8e108) [0x00007cb613b8e200, 0x00007cb613b8e418] 
[4,237s][debug][gc,nmethod     ] GC(1) O: Unregister NMethod: io.sirix.page.PageKind$1.serializePage (0x00007cb613f5cb88) [0x00007cb613f5cc80, 0x00007cb613f6a5d0] 
[4,237s][debug][gc,nmethod     ] GC(1) O: Unregister NMethod: java.lang.StringUTF16.compress (0x00007cb61402eb88) [0x00007cb61402ec80, 0x00007cb61402eeb0] 
[4,237s][debug][gc,nmethod     ] GC(1) O: Unregister NMethod: com.sun.org.apache.xerces.internal.impl.XMLEntityScanner.scanQName (0x00007cb632d21508) [0x00007cb632d21600, 0x00007cb632d229b8] 
[4,237s][debug][gc,nmethod     ] GC(1) O: Unregister NMethod: org.magicwerk.brownies.collections.GapList.doGet (0x00007cb613afc188) [0x00007cb613afc280, 0x00007cb613afc5b8] 
[4,237s][debug][gc,nmethod     ] GC(1) O: Unregister NMethod: java.lang.String.indexOf (0x00007cb632ca7c88) [0x00007cb632ca7d80, 0x00007cb632ca8058] 
[4,237s][debug][gc,nmethod     ] GC(1) O: Unregister NMethod: java.lang.foreign.MemorySegment.copy (0x00007cb613e73d88) [0x00007cb613e73e80, 0x00007cb613e84788] 
[4,237s][debug][gc,nmethod     ] GC(1) O: Unregister NMethod: jdk.internal.classfile.impl.AbstractPoolEntry$AbstractRefsEntry.<init> (0x00007cb6134fad08) [0x00007cb6134fae00, 0x00007cb6134fb600] 
[4,237s][debug][gc,nmethod     ] GC(1) O: Unregister NMethod: org.magicwerk.brownies.collections.GapList.get (0x00007cb613afc608) [0x00007cb613afc700, 0x00007cb613afe0f8] 
[4,237s][debug][gc,nmethod     ] GC(1) O: Unregister NMethod: io.sirix.node.MemorySegmentBytesOut.writeStopBit (0x00007cb613e15288) [0x00007cb613e15380, 0x00007cb613e15720] 
[4,237s][debug][gc,nmethod     ] GC(1) O: Unregister NMethod: io.brackit.query.sequence.AbstractSequence.evaluate (0x00007cb614232588) [0x00007cb614232680, 0x00007cb614232780] 
[4,237s][debug][gc,nmethod     ] GC(1) O: Unregister NMethod: java.util.HashMap.computeIfAbsent (0x00007cb632cf4188) [0x00007cb632cf4280, 0x00007cb632cf57f8] 
[4,237s][debug][gc,nmethod     ] GC(1) O: Unregister NMethod: io.sirix.index.name.Names.getName (0x00007cb614014408) [0x00007cb614014500, 0x00007cb6140149b8] 
[4,237s][debug][gc,nmethod     ] GC(1) O: Unregister NMethod: io.sirix.access.trx.page.NodePageTrx.createNameKey (0x00007cb632d44a08) [0x00007cb632d44b00, 0x00007cb632d45470] 
[4,237s][debug][gc,nmethod     ] GC(1) O: Unregister NMethod: io.sirix.node.GrowingMemorySegment.ensureCapacity (0x00007cb61344ab08) [0x00007cb61344ac00, 0x00007cb61344ad60] 
[4,237s][debug][gc,nmethod     ] Register NMethod: java.util.stream.AbstractPipeline.sourceSpliterator (0x00007cb632f92408) [0x00007cb632f92500, 0x00007cb632f92790] Compiler: jvmci, Barriers: 4, Oops: 0, ImmediateOops: 0, NonImmediateOops: No
[4,238s][debug][gc,nmethod     ] GC(1) O: Unregister NMethod: java.util.concurrent.atomic.AtomicInteger.incrementAndGet (0x00007cb613f72808) [0x00007cb613f72900, 0x00007cb613f72a10] 
[4,238s][debug][gc,nmethod     ] GC(1) O: Unregister NMethod: io.sirix.access.trx.page.NodePageReadOnlyTrx.getValue (0x00007cb613fe7a08) [0x00007cb613fe7b00, 0x00007cb613fe9660] 
[4,237s][debug][gc,nmethod     ] GC(1) O: Unregister NMethod: it.unimi.dsi.fastutil.ints.Int2IntOpenHashMap.get (0x00007cb613c50408) [0x00007cb613c50500, 0x00007cb613c50a60] 
[4,238s][debug][gc,nmethod     ] GC(1) O: Unregister NMethod: com.github.benmanes.caffeine.cache.BoundedLocalCache$EntryIterator.hasNext (0x00007cb6140ddc08) [0x00007cb6140ddd00, 0x00007cb6140e3240] 
[4,238s][debug][gc,nmethod     ] GC(1) O: Unregister NMethod: java.lang.Character.isLowSurrogate (0x00007cb613989408) [0x00007cb613989500, 0x00007cb613989660] 
[4,238s][debug][gc,nmethod     ] GC(1) O: Unregister NMethod: jdk.internal.foreign.AbstractMemorySegmentImpl$$Lambda/0x0000000026260bd0.apply (0x00007cb613f30508) [0x00007cb613f30600, 0x00007cb613f30748] 
[4,238s][debug][gc,nmethod     ] GC(1) O: Unregister NMethod: com.sun.org.apache.xerces.internal.impl.XMLEntityScanner.scanChar (0x00007cb61417e988) [0x00007cb61417ea80, 0x00007cb61417f4a8] 
[4,238s][debug][gc,nmethod     ] GC(1) O: Unregister NMethod: java.lang.invoke.SegmentVarHandle.offset (0x00007cb613406008) [0x00007cb613406100, 0x00007cb613406218] 
[4,238s][debug][gc,nmethod     ] GC(1) O: Unregister NMethod: io.sirix.index.path.summary.PathSummaryReader.assertNotClosed (0x00007cb613ac4288) [0x00007cb613ac4380, 0x00007cb613ac4588] 
[4,238s][debug][gc,nmethod     ] GC(1) O: Unregister NMethod: io.sirix.cache.LinuxMemorySegmentAllocator.partitionVirtualRegion (0x00007cb632ca4608) [0x00007cb632ca4700, 0x00007cb632ca58c0] 
[4,238s][debug][gc,nmethod     ] GC(1) O: Unregister NMethod: io.sirix.utils.XMLToken.ncName (0x00007cb613c6c288) [0x00007cb613c6c380, 0x00007cb613c6c7d8] 
[4,238s][debug][gc,nmethod     ] GC(1) O: Unregister NMethod: io.brackit.query.node.parser.SAX2SubtreeHandlerAdapter.startElement (0x00007cb613c98888) [0x00007cb613c98980, 0x00007cb613c9a678] 
[4,238s][debug][gc,nmethod     ] GC(1) O: Unregister NMethod: io.sirix.access.trx.node.AbstractNodeReadOnlyTrx.getNodeKey (0x00007cb614081488) [0x00007cb614081580, 0x00007cb614081be8] 
[4,238s][debug][gc,nmethod     ] GC(1) O: Unregister NMethod: io.sirix.access.trx.page.NodePageTrx.createRecord (0x00007cb614175488) [0x00007cb614175580, 0x00007cb61417b9c8] 
[4,238s][debug][gc,nmethod     ] GC(1) O: Unregister NMethod: io.brackit.query.node.parser.SAX2SubtreeHandlerAdapter$TrimmingStringBuilder.length (0x00007cb613b6e408) [0x00007cb613b6e500, 0x00007cb613b6e608] 
[4,238s][debug][gc,nmethod     ] GC(1) O: Unregister NMethod: io.sirix.node.xml.ElementNode.setDescendantCount (0x00007cb613affa88) [0x00007cb613affb80, 0x00007cb613b03510] 
[4,238s][debug][gc,nmethod     ] GC(1) O: Unregister NMethod: java.lang.invoke.VarHandleGuards.guard_LJ_J (0x00007cb613a99788) [0x00007cb613a99880, 0x00007cb613a9c740] 
[4,238s][debug][gc,nmethod     ] GC(1) O: Unregister NMethod: jdk.internal.misc.Unsafe.weakCompareAndSetReference (0x00007cb613576208) [0x00007cb613576300, 0x00007cb613576480] 
[4,238s][debug][gc,nmethod     ] GC(1) O: Unregister NMethod: io.sirix.access.trx.node.AbstractNodeReadOnlyTrx.getKind (0x00007cb632cf2e08) [0x00007cb632cf2f00, 0x00007cb632cf3080] 
[4,238s][debug][gc,nmethod     ] GC(1) O: Unregister NMethod: io.sirix.service.xml.shredder.AbstractShredder.processEndTag (0x00007cb613cca408) [0x00007cb613cca500, 0x00007cb613ccb680] 
[4,238s][debug][gc,nmethod     ] GC(1) O: Unregister NMethod: java.util.concurrent.ForkJoinPool.deactivate (0x00007cb613f6e788) [0x00007cb613f6e880, 0x00007cb613f6f328] 
[4,238s][debug][gc,nmethod     ] GC(1) O: Unregister NMethod: io.sirix.cache.IndexLogKey.equals (0x00007cb632cefc08) [0x00007cb632cefd00, 0x00007cb632cefea8] 
[4,238s][debug][gc,nmethod     ] GC(1) O: Unregister NMethod: it.unimi.dsi.fastutil.longs.LongArrayList.getLong (0x00007cb613b75488) [0x00007cb613b75580, 0x00007cb613b76a10] 
[4,238s][debug][gc,nmethod     ] GC(1) O: Unregister NMethod: io.sirix.access.trx.page.NodePageTrx.getMostRecentPageContainer (0x00007cb613d0e988) [0x00007cb613d0ea80, 0x00007cb613d0f0b0] 
[4,238s][debug][gc,nmethod     ] GC(1) O: Unregister NMethod: io.sirix.access.trx.page.NodePageReadOnlyTrx.getLeafPageReference (0x00007cb614008888) [0x00007cb614008980, 0x00007cb614008c78] 
[4,238s][debug][gc,nmethod     ] GC(1) O: Unregister NMethod: io.sirix.node.MemorySegmentBytesOut.writePosition (0x00007cb613e15a88) [0x00007cb613e15b80, 0x00007cb613e15d30] 
[4,238s][debug][gc,nmethod     ] GC(1) O: Unregister NMethod: net.openhft.hashing.LongHashFunction.unsafeHash (0x00007cb613baa188) [0x00007cb613baa280, 0x00007cb613baa590] 
[4,238s][debug][gc,nmethod     ] GC(1) O: Unregister NMethod: jdk.internal.misc.Unsafe.putLongUnaligned (0x00007cb632caea08) [0x00007cb632caeb00, 0x00007cb632caebc0] 
[4,238s][debug][gc,nmethod     ] GC(1) O: Unregister NMethod: net.openhft.hashing.UnsafeAccess.getLong (0x00007cb613aad308) [0x00007cb613aad400, 0x00007cb613aad8a0] 
[4,238s][debug][gc,nmethod     ] GC(1) O: Unregister NMethod: io.sirix.page.KeyValueLeafPage.updateLastSlotIndex (0x00007cb613e98a08) [0x00007cb613e98b00, 0x00007cb613e98da0] 
[4,238s][debug][gc,nmethod     ] GC(1) O: Unregister NMethod: jdk.internal.foreign.MemorySessionImpl$ResourceList.cleanup (0x00007cb613f6d308) [0x00007cb613f6d400, 0x00007cb613f6db98] 
[4,238s][debug][gc,nmethod     ] GC(1) O: Unregister NMethod: java.nio.ByteOrder.nativeOrder (0x00007cb61380f908) [0x00007cb61380fa00, 0x00007cb61380fae8] 
[4,238s][debug][gc,nmethod     ] GC(1) O: Unregister NMethod: java.lang.classfile.CodeBuilder.invoke (0x00007cb61379b108) [0x00007cb61379b200, 0x00007cb61379b998] 
[4,238s][debug][gc,nmethod     ] GC(1) O: Unregister NMethod: com.sun.org.apache.xerces.internal.util.XMLAttributesImpl.getValue (0x00007cb613d52608) [0x00007cb613d52700, 0x00007cb613d52d30] 
[4,238s][debug][gc,nmethod     ] GC(1) O: Unregister NMethod: com.sun.org.apache.xerces.internal.parsers.AbstractSAXParser.characters (0x00007cb632d1b888) [0x00007cb632d1b980, 0x00007cb632d1c140] 
[4,238s][debug][gc,nmethod     ] GC(1) O: Unregister NMethod: io.sirix.axis.AbstractAxis.resetToLastKey (0x00007cb613b37a88) [0x00007cb613b37b80, 0x00007cb613b38138] 
[4,238s][debug][gc,nmethod     ] GC(1) O: Unregister NMethod: io.brackit.query.node.parser.SAX2SubtreeHandlerAdapter.handleText (0x00007cb6141a5088) [0x00007cb6141a5180, 0x00007cb6141a6020] 
[4,238s][debug][gc,nmethod     ] GC(1) O: Unregister NMethod: java.lang.StringConcatHelper.newArrayWithSuffix (0x00007cb6134eb408) [0x00007cb6134eb500, 0x00007cb6134ec450] 
[4,238s][debug][gc,nmethod     ] GC(1) O: Unregister NMethod: jdk.internal.foreign.SegmentBulkOperations.copy (0x00007cb613e18908) [0x00007cb613e18a00, 0x00007cb613e28ec0] 
[4,238s][debug][gc,nmethod     ] GC(1) O: Unregister NMethod: io.brackit.query.atomic.QNm.hashCode (0x00007cb613d48b08) [0x00007cb613d48c00, 0x00007cb613d49170] 
[4,238s][debug][gc,nmethod     ] GC(1) O: Unregister NMethod: java.lang.String.<init> (0x00007cb632d15d08) [0x00007cb632d15e00, 0x00007cb632d16180] 
[4,238s][debug][gc,nmethod     ] GC(1) O: Unregister NMethod: io.sirix.node.MemorySegmentBytesOut.writeLong (0x00007cb632cddf88) [0x00007cb632cde080, 0x00007cb632cde598] 
[4,238s][debug][gc,nmethod     ] GC(1) O: Unregister NMethod: com.sun.org.apache.xerces.internal.util.SymbolTable.hash (0x00007cb613cd0508) [0x00007cb613cd0600, 0x00007cb613cd08a0] 
[4,238s][debug][gc,nmethod     ] GC(1) O: Unregister NMethod: java.lang.String.indexOf (0x00007cb6134dda08) [0x00007cb6134ddb00, 0x00007cb6134de4b8] 
[4,238s][debug][gc,nmethod     ] GC(1) O: Unregister NMethod: java.lang.ref.SoftReference.get (0x00007cb632c91088) [0x00007cb632c91180, 0x00007cb632c912a0] 
[4,238s][debug][gc,nmethod     ] GC(1) O: Unregister NMethod: net.jpountz.util.SafeUtils.readIntLE (0x00007cb613ffd088) [0x00007cb613ffd180, 0x00007cb613ffd320] 
[4,238s][debug][gc,nmethod     ] Register NMethod: java.util.stream.Collectors$$Lambda/0x000000002611c930.get (0x00007cb632f92808) [0x00007cb632f92920, 0x00007cb632f92a68] Compiler: jvmci, Barriers: 0, Oops: 0, ImmediateOops: 0, NonImmediateOops: No
[4,238s][debug][gc,nmethod     ] GC(1) O: Unregister NMethod: java.lang.classfile.CodeBuilder.getfield (0x00007cb6138ddd88) [0x00007cb6138dde80, 0x00007cb6138de860] 
[4,238s][debug][gc,nmethod     ] GC(1) O: Unregister NMethod: java.lang.invoke.VarHandleGuards.guard_LI_I (0x00007cb613589488) [0x00007cb613589580, 0x00007cb61358c458] 
[4,238s][debug][gc,nmethod     ] GC(1) O: Unregister NMethod: java.lang.invoke.VarHandleSegmentAsInts.get (0x00007cb613a7d208) [0x00007cb613a7d300, 0x00007cb613a827a0] 
[4,238s][debug][gc,nmethod     ] GC(1) O: Unregister NMethod: java.util.jar.JarFile.maybeInstantiateVerifier (0x00007cb6134dbe88) [0x00007cb6134dbf80, 0x00007cb6134dc450] 
[4,238s][debug][gc,nmethod     ] GC(1) O: Unregister NMethod: sun.net.www.ParseUtil.encodePath (0x00007cb6135a0388) [0x00007cb6135a0480, 0x00007cb6135a0668] 
[4,238s][debug][gc,nmethod     ] GC(1) O: Unregister NMethod: jdk.internal.classfile.impl.BufWriterImpl.setLabelContext (0x00007cb6135b1c08) [0x00007cb6135b1d00, 0x00007cb6135b1e78] 
[4,238s][debug][gc,nmethod     ] GC(1) O: Unregister NMethod: io.sirix.query.node.SubtreeBuilder.startElement (0x00007cb614166888) [0x00007cb614166980, 0x00007cb614169188] 
[4,238s][debug][gc,nmethod     ] GC(1) O: Unregister NMethod: java.util.ArrayDeque.addLast (0x00007cb6134c3388) [0x00007cb6134c3480, 0x00007cb6134c3a60] 
[4,238s][debug][gc,nmethod     ] GC(1) O: Unregister NMethod: io.sirix.service.xml.shredder.AbstractShredder.processStartTag (0x00007cb632d90f88) [0x00007cb632d91080, 0x00007cb632d91e48] 
[4,238s][debug][gc,nmethod     ] GC(1) O: Unregister NMethod: io.sirix.node.xml.ElementNode.<init> (0x00007cb6140be988) [0x00007cb6140bea80, 0x00007cb6140bed80] 
[4,238s][debug][gc,nmethod     ] GC(1) O: Unregister NMethod: java.nio.ByteBuffer.<init> (0x00007cb613bd9608) [0x00007cb613bd9700, 0x00007cb613bd9848] 
[4,238s][debug][gc,nmethod     ] GC(1) O: Unregister NMethod: java.util.zip.Checksum.update (0x00007cb61362db08) [0x00007cb61362dc00, 0x00007cb61362df38] 
[4,238s][debug][gc,nmethod     ] GC(1) O: Unregister NMethod: io.sirix.node.xml.TextNode.getRightSiblingKey (0x00007cb613b30a88) [0x00007cb613b30b80, 0x00007cb613b35b70] 
[4,238s][debug][gc,nmethod     ] GC(1) O: Unregister NMethod: java.util.concurrent.locks.ReentrantLock.lock (0x00007cb632d04a88) [0x00007cb632d04b80, 0x00007cb632d04d68] 
[4,238s][debug][gc,nmethod     ] GC(1) O: Unregister NMethod: io.sirix.settings.VersioningType$4.combineRecordPages (0x00007cb614242e88) [0x00007cb614242f80, 0x00007cb614247ea8] 
[4,238s][debug][gc,nmethod     ] GC(1) O: Unregister NMethod: com.sun.org.apache.xerces.internal.impl.XMLEntityScanner.skipSpaces (0x00007cb613dded88) [0x00007cb613ddee80, 0x00007cb613de0110] 
[4,238s][debug][gc,nmethod     ] GC(1) O: Unregister NMethod: java.util.Arrays.fill (0x00007cb6135cda88) [0x00007cb6135cdb80, 0x00007cb6135cdfa8] 
[4,238s][debug][gc,nmethod     ] GC(1) O: Unregister NMethod: io.sirix.node.NodeSerializerImpl.serialize (0x00007cb613f37808) [0x00007cb613f37900, 0x00007cb613f37b58] 
[4,238s][debug][gc,nmethod     ] GC(1) O: Unregister NMethod: java.lang.Math.clamp (0x00007cb613575008) [0x00007cb613575100, 0x00007cb6135761c8] 
[4,238s][debug][gc,nmethod     ] GC(1) O: Unregister NMethod: io.sirix.page.delegates.BitmapReferencesPage.getOrCreateReference (0x00007cb632d45788) [0x00007cb632d45880, 0x00007cb632d46068] 
[4,238s][debug][gc,nmethod     ] GC(1) O: Unregister NMethod: java.util.concurrent.locks.ReentrantLock$NonfairSync.initialTryLock (0x00007cb632d01408) [0x00007cb632d01500, 0x00007cb632d016d0] 
[4,238s][debug][gc,nmethod     ] GC(1) O: Unregister NMethod: io.sirix.node.NodeSerializerImpl.deserialize (0x00007cb614014a08) [0x00007cb614014b00, 0x00007cb614014f68] 
[4,238s][debug][gc,nmethod     ] GC(1) O: Unregister NMethod: jdk.internal.foreign.GlobalSession.release0 (0x00007cb613f70688) [0x00007cb613f70780, 0x00007cb613f70880] 
[4,238s][debug][gc,nmethod     ] GC(1) O: Unregister NMethod: java.util.Arrays.hashCode (0x00007cb613758808) [0x00007cb613758900, 0x00007cb613758a80] 
[4,238s][debug][gc,nmethod     ] GC(1) O: Unregister NMethod: com.sun.org.apache.xerces.internal.impl.XMLDocumentFragmentScannerImpl.scanContent (0x00007cb613dac188) [0x00007cb613dac280, 0x00007cb613dad870] 
[4,238s][debug][gc,nmethod     ] GC(1) O: Unregister NMethod: com.sun.org.apache.xerces.internal.impl.XMLNSDocumentScannerImpl.next (0x00007cb613b41388) [0x00007cb613b41480, 0x00007cb613b41968] 
[4,238s][debug][gc,nmethod     ] GC(1) O: Unregister NMethod: io.brackit.query.node.parser.SAX2SubtreeHandlerAdapter.startElement (0x00007cb61418a888) [0x00007cb61418a980, 0x00007cb61418c968] 
[4,239s][debug][gc,nmethod     ] GC(1) O: Unregister NMethod: io.sirix.node.xml.TextNode.computeHash (0x00007cb613c51108) [0x00007cb613c51200, 0x00007cb613c629a8] 
[4,239s][debug][gc,nmethod     ] GC(1) O: Unregister NMethod: io.brackit.query.atomic.AbstractAtomic.atomicCmp (0x00007cb613d4b388) [0x00007cb613d4b480, 0x00007cb613d4bcb0] 
[4,239s][debug][gc,nmethod     ] GC(1) O: Unregister NMethod: io.sirix.node.xml.AttributeNode.getKind (0x00007cb613c1b908) [0x00007cb613c1ba00, 0x00007cb613c1bb08] 
[4,239s][debug][gc,nmethod     ] GC(1) O: Unregister NMethod: java.util.ArrayList.elementData (0x00007cb61347b308) [0x00007cb61347b400, 0x00007cb61347b590] 
[4,239s][debug][gc,nmethod     ] GC(1) O: Unregister NMethod: jdk.internal.foreign.abi.SharedUtils.checkNative (0x00007cb613f71008) [0x00007cb613f71100, 0x00007cb613f724a0] 
[4,239s][debug][gc,nmethod     ] GC(1) O: Unregister NMethod: io.sirix.node.GrowingMemorySegment.toByteArray (0x00007cb613c8b508) [0x00007cb613c8b600, 0x00007cb613c92118] 
[4,239s][debug][gc,nmethod     ] GC(1) O: Unregister NMethod: java.util.HashMap.put (0x00007cb632c83e88) [0x00007cb632c83fa0, 0x00007cb632c851b0] 
[4,239s][debug][gc,nmethod     ] GC(1) O: Unregister NMethod: sun.net.util.IPAddressUtil.checkHostString (0x00007cb6134cc488) [0x00007cb6134cc580, 0x00007cb6134cc780] 
[4,239s][debug][gc,nmethod     ] GC(1) O: Unregister NMethod: io.sirix.page.PageKind$1.serializePage (0x00007cb632e00088) [0x00007cb632e00180, 0x00007cb632e09520] 
[4,239s][debug][gc,nmethod     ] GC(1) O: Unregister NMethod: java.util.concurrent.locks.ReentrantLock$NonfairSync.initialTryLock (0x00007cb614074a88) [0x00007cb614074b80, 0x00007cb614075870] 
[4,239s][debug][gc,nmethod     ] GC(1) O: Unregister NMethod: sun.security.provider.DigestBase.implCompressMultiBlock0 (0x00007cb613f6fc08) [0x00007cb613f6fd00, 0x00007cb613f70168] 
[4,239s][debug][gc,nmethod     ] GC(1) O: Unregister NMethod: java.nio.ByteBuffer.position (0x00007cb61377b788) [0x00007cb61377b880, 0x00007cb61377b9c8] 
[4,239s][debug][gc,nmethod     ] GC(1) O: Unregister NMethod: java.lang.Long.hashCode (0x00007cb6138d5888) [0x00007cb6138d5980, 0x00007cb6138d5ab8] 
[4,239s][debug][gc,nmethod     ] GC(1) O: Unregister NMethod: io.sirix.access.trx.node.xml.XmlNodeReadOnlyTrxImpl.isNameNode (0x00007cb6140b3808) [0x00007cb6140b3900, 0x00007cb6140b4150] 
[4,239s][debug][gc,nmethod     ] GC(1) O: Unregister NMethod: io.sirix.index.path.summary.PathSummaryReader.getLevel (0x00007cb613d05588) [0x00007cb613d05680, 0x00007cb613d06df0] 
[4,239s][debug][gc,nmethod     ] GC(1) O: Unregister NMethod: jdk.internal.foreign.AbstractMemorySegmentImpl.overlaps (0x00007cb613e17308) [0x00007cb613e17400, 0x00007cb613e181c0] 
[4,239s][debug][gc,nmethod     ] GC(1) O: Unregister NMethod: io.sirix.page.KeyValueLeafPage.getNumberOfNonNullEntries (0x00007cb614126e88) [0x00007cb614126f80, 0x00007cb6141274a0] 
[4,239s][debug][gc,nmethod     ] GC(1) O: Unregister NMethod: io.sirix.node.NodeKind$4.serialize (0x00007cb613e2ea08) [0x00007cb613e2eb00, 0x00007cb613e49278] 
[4,239s][debug][gc,nmethod     ] GC(1) O: Unregister NMethod: jdk.internal.foreign.ImplicitSession.<init> (0x00007cb613be1608) [0x00007cb613be1700, 0x00007cb613be1d90] 
[4,239s][debug][gc,nmethod     ] GC(1) O: Unregister NMethod: io.sirix.access.trx.page.NodePageReadOnlyTrx.loadPage (0x00007cb613fd4b88) [0x00007cb613fd4c80, 0x00007cb613fd6af0] 
[4,239s][debug][gc,nmethod     ] GC(1) O: Unregister NMethod: io.sirix.page.KeyValueLeafPage.alignOffset (0x00007cb613534188) [0x00007cb613534280, 0x00007cb613534368] 
[4,239s][debug][gc,nmethod     ] GC(1) O: Unregister NMethod: java.util.ArrayDeque.push (0x00007cb613c02008) [0x00007cb613c02100, 0x00007cb613c02248] 
[4,239s][debug][gc,nmethod     ] GC(1) O: Unregister NMethod: io.sirix.access.trx.page.NodePageReadOnlyTrx.loadPage (0x00007cb613b28508) [0x00007cb613b28600, 0x00007cb613b2a4a0] 
[4,239s][debug][gc,nmethod     ] GC(1) O: Unregister NMethod: io.sirix.node.xml.TextNode.getLeftSiblingKey (0x00007cb613b2a508) [0x00007cb613b2a600, 0x00007cb613b2f5f0] 
[4,239s][debug][gc,nmethod     ] GC(1) O: Unregister NMethod: io.sirix.page.KeyValueLeafPage.getDeweyIdAsByteArray (0x00007cb61377f188) [0x00007cb61377f280, 0x00007cb61377f808] 
[4,239s][debug][gc,nmethod     ] GC(1) O: Unregister NMethod: io.sirix.node.GrowingMemorySegment.writeLong (0x00007cb632ce1388) [0x00007cb632ce1480, 0x00007cb632ce1910] 
[4,239s][debug][gc,nmethod     ] GC(1) O: Unregister NMethod: java.lang.ref.Reference.refersToImpl (0x00007cb613505608) [0x00007cb613505700, 0x00007cb613505838] 
[4,239s][debug][gc,nmethod     ] GC(1) O: Unregister NMethod: jdk.internal.foreign.ArenaImpl.allocate (0x00007cb632d07e08) [0x00007cb632d07f00, 0x00007cb632d08838] 
[4,239s][debug][gc,nmethod     ] GC(1) O: Unregister NMethod: jdk.internal.misc.Unsafe.putIntUnaligned (0x00007cb61381c608) [0x00007cb61381c700, 0x00007cb61381c930] 
[4,239s][debug][gc,nmethod     ] GC(1) O: Unregister NMethod: jdk.internal.classfile.impl.AbstractElement.<init> (0x00007cb6134e9888) [0x00007cb6134e9980, 0x00007cb6134e9ad8] 
[4,239s][debug][gc,nmethod     ] GC(1) O: Unregister NMethod: java.nio.DirectByteBuffer.address (0x00007cb613c09f08) [0x00007cb613c0a000, 0x00007cb613c0b940] 
[4,239s][debug][gc,nmethod     ] GC(1) O: Unregister NMethod: jdk.internal.access.SharedSecrets.getJavaLangAccess (0x00007cb613618688) [0x00007cb613618780, 0x00007cb6136188a8] 
[4,239s][debug][gc,nmethod     ] GC(1) O: Unregister NMethod: jdk.internal.foreign.AbstractMemorySegmentImpl.asSlice (0x00007cb613839788) [0x00007cb613839880, 0x00007cb613839d78] 
[4,239s][debug][gc,nmethod     ] GC(1) O: Unregister NMethod: java.util.BitSet.get (0x00007cb6136aae88) [0x00007cb6136aaf80, 0x00007cb6136abe28] 
[4,239s][debug][gc,nmethod     ] GC(1) O: Unregister NMethod: java.util.concurrent.locks.AbstractQueuedSynchronizer.signalNext (0x00007cb613a84d88) [0x00007cb613a84e80, 0x00007cb613a860f8] 
[4,239s][debug][gc,nmethod     ] GC(1) O: Unregister NMethod: io.sirix.access.trx.page.NodePageTrx.prepareRecordForModification (0x00007cb632cf0a88) [0x00007cb632cf0b80, 0x00007cb632cf1b98] 
[4,239s][debug][gc,nmethod     ] GC(1) O: Unregister NMethod: java.util.HashMap.put (0x00007cb6137dc808) [0x00007cb6137dc900, 0x00007cb6137dcee8] 
[4,239s][debug][gc,nmethod     ] GC(1) O: Unregister NMethod: io.sirix.access.trx.node.AbstractNodeReadOnlyTrx.hasRightSibling (0x00007cb632d29f08) [0x00007cb632d2a000, 0x00007cb632d2aa90] 
[4,239s][debug][gc,nmethod     ] GC(1) O: Unregister NMethod: io.sirix.utils.XMLToken.isValidQName (0x00007cb613c6e588) [0x00007cb613c6e680, 0x00007cb613c6fbd0] 
[4,239s][debug][gc,nmethod     ] GC(1) O: Unregister NMethod: io.sirix.query.node.XmlDBNode.<init> (0x00007cb613bb4f88) [0x00007cb613bb5080, 0x00007cb613bb6910] 
[4,239s][debug][gc,nmethod     ] GC(1) O: Unregister NMethod: io.brackit.query.jdm.AbstractItem$1.close (0x00007cb6140b6e88) [0x00007cb6140b6f80, 0x00007cb6140b7080] 
[4,239s][debug][gc,nmethod     ] GC(1) O: Unregister NMethod: io.sirix.node.xml.TextNode.<init> (0x00007cb613c35088) [0x00007cb613c35180, 0x00007cb613c359a0] 
[4,239s][debug][gc,nmethod     ] GC(1) O: Unregister NMethod: java.util.concurrent.atomic.AtomicLong.incrementAndGet (0x00007cb613a83308) [0x00007cb613a83400, 0x00007cb613a83518] 
[4,239s][debug][gc,nmethod     ] GC(1) O: Unregister NMethod: io.sirix.access.trx.node.AbstractNodeReadOnlyTrx.moveToParent (0x00007cb61408d688) [0x00007cb61408d780, 0x00007cb61408dfe0] 
[4,239s][debug][gc,nmethod     ] GC(1) O: Unregister NMethod: sun.security.provider.DigestBase.engineUpdate (0x00007cb6141c3808) [0x00007cb6141c3900, 0x00007cb6141c4ae0] 
[4,239s][debug][gc,nmethod     ] GC(1) O: Unregister NMethod: io.sirix.node.GrowingMemorySegment.writeInt (0x00007cb632ced788) [0x00007cb632ced880, 0x00007cb632cedd08] 
[4,239s][debug][gc,nmethod     ] GC(1) O: Unregister NMethod: net.openhft.hashing.XXH3.XXH3_mix16B (0x00007cb613afa688) [0x00007cb613afa780, 0x00007cb613afc110] 
[4,239s][debug][gc,nmethod     ] GC(1) O: Unregister NMethod: java.lang.Thread.interrupted (0x00007cb613a7c988) [0x00007cb613a7ca80, 0x00007cb613a7ce48] 
[4,239s][debug][gc,nmethod     ] GC(1) O: Unregister NMethod: com.sun.org.apache.xerces.internal.util.XMLChar.isContent (0x00007cb613acd908) [0x00007cb613acda00, 0x00007cb613acdbe8] 
[4,239s][debug][gc,nmethod     ] GC(1) O: Unregister NMethod: it.unimi.dsi.fastutil.longs.LongArrayList.removeLong (0x00007cb613b76a88) [0x00007cb613b76b80, 0x00007cb613b782b0] 
[4,240s][debug][gc,nmethod     ] GC(1) O: Unregister NMethod: jdk.internal.foreign.Utils.checkNonNegativeIndex (0x00007cb613b36108) [0x00007cb613b36200, 0x00007cb613b373c8] 
[4,240s][debug][gc,nmethod     ] GC(1) O: Unregister NMethod: java.lang.Integer.hashCode (0x00007cb61352d288) [0x00007cb61352d380, 0x00007cb61352d4d8] 
[4,240s][debug][gc,nmethod     ] GC(1) O: Unregister NMethod: com.sun.org.apache.xerces.internal.impl.XMLNSDocumentScannerImpl.scanStartElement (0x00007cb613ca9188) [0x00007cb613ca9280, 0x00007cb613cb1560] 
[4,240s][debug][gc,nmethod     ] GC(1) O: Unregister NMethod: java.util.concurrent.ConcurrentHashMap.sumCount (0x00007cb613f6f808) [0x00007cb613f6f900, 0x00007cb613f6fb90] 
[4,240s][debug][gc,nmethod     ] GC(1) O: Unregister NMethod: io.sirix.access.trx.node.AbstractResourceSession.getResourceConfig (0x00007cb613b13d88) [0x00007cb613b13e80, 0x00007cb613b14120] 
[4,240s][debug][gc,nmethod     ] GC(1) O: Unregister NMethod: java.nio.Buffer$2.newDirectByteBuffer (0x00007cb613c08308) [0x00007cb613c08400, 0x00007cb613c085b0] 
[4,240s][debug][gc,nmethod     ] GC(1) O: Unregister NMethod: io.sirix.axis.AbstractAxis.nextLong (0x00007cb632cfa508) [0x00007cb632cfa600, 0x00007cb632cfabf8] 
[4,240s][debug][gc,nmethod     ] GC(1) O: Unregister NMethod: io.sirix.access.trx.node.AbstractNodeHashing.setAddDescendants (0x00007cb613aeca08) [0x00007cb613aecb00, 0x00007cb613aed688] 
[4,240s][debug][gc,nmethod     ] GC(1) O: Unregister NMethod: java.util.concurrent.ForkJoinPool.deactivate (0x00007cb632e2e908) [0x00007cb632e2ea00, 0x00007cb632e2f970] 
[4,240s][debug][gc,nmethod     ] GC(1) O: Unregister NMethod: java.nio.Bits.reserveMemory (0x00007cb613b5e788) [0x00007cb613b5e880, 0x00007cb613b617c0] 
[4,240s][debug][gc,nmethod     ] GC(1) O: Unregister NMethod: java.util.stream.ReduceOps.makeRef (0x00007cb6137d8208) [0x00007cb6137d8300, 0x00007cb6137d8cc8] 
[4,240s][debug][gc,nmethod     ] GC(1) O: Unregister NMethod: java.lang.AbstractStringBuilder.append (0x00007cb613fa4508) [0x00007cb613fa4600, 0x00007cb613fa5250] 
[4,240s][debug][gc,nmethod     ] GC(1) O: Unregister NMethod: com.sun.org.apache.xerces.internal.impl.XMLScanner.scanAttributeValue (0x00007cb613d6a108) [0x00007cb613d6a200, 0x00007cb613d74900] 
[4,240s][debug][gc,nmethod     ] GC(1) O: Unregister NMethod: java.util.concurrent.ForkJoinPool.slotOffset (0x00007cb6135e5b08) [0x00007cb6135e5c00, 0x00007cb6135e5cf8] 
[4,240s][debug][gc,nmethod     ] GC(1) O: Unregister NMethod: jdk.internal.classfile.impl.StackMapGenerator$Type.<init> (0x00007cb6134f1d88) [0x00007cb6134f1e80, 0x00007cb6134f20b8] 
[4,240s][debug][gc,nmethod     ] GC(1) O: Unregister NMethod: it.unimi.dsi.fastutil.longs.LongArrayList.add (0x00007cb613b41988) [0x00007cb613b41a80, 0x00007cb613b41d58] 
[4,240s][debug][gc,nmethod     ] GC(1) O: Unregister NMethod: jdk.internal.util.DecimalDigits.uncheckedPutCharLatin1 (0x00007cb6138a5b08) [0x00007cb6138a5c00, 0x00007cb6138a5d00] 
[4,240s][debug][gc,nmethod     ] GC(1) O: Unregister NMethod: jdk.internal.foreign.NativeMemorySegmentImpl.<init> (0x00007cb613554508) [0x00007cb613554600, 0x00007cb613554ac8] 
[4,240s][debug][gc,nmethod     ] GC(1) O: Unregister NMethod: io.sirix.page.KeyValueLeafPage.setDeweyId (0x00007cb613fdd488) [0x00007cb613fdd580, 0x00007cb613fdd7d8] 
[4,240s][debug][gc,nmethod     ] GC(1) O: Unregister NMethod: com.sun.org.apache.xerces.internal.util.NamespaceSupport.pushContext (0x00007cb632d6a088) [0x00007cb632d6a180, 0x00007cb632d6a2c0] 
[4,240s][debug][gc,nmethod     ] GC(1) O: Unregister NMethod: jdk.internal.foreign.SegmentFactories.allocateNativeInternal (0x00007cb632d0b808) [0x00007cb632d0b920, 0x00007cb632d0c1e0] 
[4,240s][debug][gc,nmethod     ] GC(1) O: Unregister NMethod: java.lang.StringUTF16.putChar (0x00007cb613f8cb08) [0x00007cb613f8cc00, 0x00007cb613f8cd40] 
[4,240s][debug][gc,nmethod     ] GC(1) O: Unregister NMethod: io.sirix.access.trx.node.AbstractNodeHashing.rollingAdd (0x00007cb632d47b08) [0x00007cb632d47c00, 0x00007cb632d55908] 
[4,240s][debug][gc,nmethod     ] GC(1) O: Unregister NMethod: jdk.internal.foreign.MemorySessionImpl.addInternal (0x00007cb632d06b88) [0x00007cb632d06c80, 0x00007cb632d07138] 
[4,240s][debug][gc,nmethod     ] GC(1) O: Unregister NMethod: jdk.internal.foreign.layout.ValueLayouts$OfByteImpl.dup (0x00007cb613f30b08) [0x00007cb613f30c00, 0x00007cb613f30d18] 
[4,240s][debug][gc,nmethod     ] GC(1) O: Unregister NMethod: java.lang.Math.multiplyHigh (0x00007cb613af6688) [0x00007cb613af6780, 0x00007cb613af68d8] 
[4,240s][debug][gc,nmethod     ] GC(1) O: Unregister NMethod: java.lang.invoke.VarHandleReferences$FieldInstanceReadWrite.set (0x00007cb61341cc88) [0x00007cb61341cd80, 0x00007cb61341dda8] 
[4,240s][debug][gc,nmethod     ] GC(1) O: Unregister NMethod: com.sun.org.apache.xerces.internal.impl.XMLEntityScanner.skipSpaces (0x00007cb613bc0508) [0x00007cb613bc0600, 0x00007cb613bc18a0] 
[4,240s][debug][gc,nmethod     ] GC(1) O: Unregister NMethod: com.sun.org.apache.xerces.internal.impl.XMLDocumentFragmentScannerImpl.seekCloseOfStartTag (0x00007cb613c67f88) [0x00007cb613c68080, 0x00007cb613c69650] 
[4,240s][debug][gc,nmethod     ] GC(1) O: Unregister NMethod: java.util.BitSet.nextSetBit (0x00007cb613ffd688) [0x00007cb613ffd780, 0x00007cb613ffe770] 
[4,240s][debug][gc,nmethod     ] GC(1) O: Unregister NMethod: com.sun.org.apache.xerces.internal.impl.XMLEntityScanner.scanQName (0x00007cb613c69e88) [0x00007cb613c69f80, 0x00007cb613c6c220] 
[4,240s][debug][gc,nmethod     ] GC(1) O: Unregister NMethod: org.magicwerk.brownies.collections.GapList.get (0x00007cb632d36788) [0x00007cb632d36880, 0x00007cb632d36a18] 
[4,240s][debug][gc,nmethod     ] GC(1) O: Unregister NMethod: jdk.internal.misc.Unsafe.putLongUnaligned (0x00007cb613a90d08) [0x00007cb613a90e00, 0x00007cb613a91008] 
[4,240s][debug][gc,nmethod     ] GC(1) O: Unregister NMethod: io.brackit.query.atomic.QNm.atomicCmpInternal (0x00007cb613d4bd08) [0x00007cb613d4be00, 0x00007cb613d4c630] 
[4,240s][debug][gc,nmethod     ] GC(1) O: Unregister NMethod: io.sirix.utils.XMLToken.cp (0x00007cb613b1cd88) [0x00007cb613b1ce80, 0x00007cb613b1d2b8] 
[4,240s][debug][gc,nmethod     ] GC(1) O: Unregister NMethod: io.sirix.index.name.Names.setName (0x00007cb632d58308) [0x00007cb632d58400, 0x00007cb632d5a988] 
[4,240s][debug][gc,nmethod     ] GC(1) O: Unregister NMethod: io.sirix.query.node.SubtreeProcessor.notifyText (0x00007cb613c41488) [0x00007cb613c41580, 0x00007cb613c41fe0] 
[4,240s][debug][gc,nmethod     ] GC(1) O: Unregister NMethod: java.util.regex.Pattern$Slice.match (0x00007cb632c8a608) [0x00007cb632c8a700, 0x00007cb632c8aa50] 
[4,240s][debug][gc,nmethod     ] GC(1) O: Unregister NMethod: io.sirix.access.trx.page.NodePageTrx.getMostRecentPageContainer (0x00007cb632cdbf08) [0x00007cb632cdc000, 0x00007cb632cdc418] 
[4,240s][debug][gc,nmethod     ] GC(1) O: Unregister NMethod: io.sirix.access.trx.page.NodePageReadOnlyTrx.getReferenceToLeafOfSubtree (0x00007cb614006e88) [0x00007cb614006f80, 0x00007cb6140080b0] 
[4,240s][debug][gc,nmethod     ] GC(1) O: Unregister NMethod: java.util.Arrays.copyOf (0x00007cb61347df88) [0x00007cb61347e080, 0x00007cb61347e900] 
[4,240s][debug][gc,nmethod     ] GC(1) O: Unregister NMethod: java.nio.Buffer.session (0x00007cb613485208) [0x00007cb613485300, 0x00007cb613485708] 
[4,240s][debug][gc,nmethod     ] GC(1) O: Unregister NMethod: jdk.internal.foreign.HeapMemorySegmentImpl$OfByte.unsafeGetOffset (0x00007cb613e85288) [0x00007cb613e85380, 0x00007cb613e85498] 
[4,240s][debug][gc,nmethod     ] GC(1) O: Unregister NMethod: java.util.BitSet.checkRange (0x00007cb613b19108) [0x00007cb613b19200, 0x00007cb613b1bb88] 
[4,240s][debug][gc,nmethod     ] GC(1) O: Unregister NMethod: io.sirix.access.trx.node.AbstractNodeTrxImpl.getDeweyID (0x00007cb613b24508) [0x00007cb613b24600, 0x00007cb613b25128] 
[4,240s][debug][gc,nmethod     ] GC(1) O: Unregister NMethod: io.sirix.axis.ChildAxis.reset (0x00007cb613c6e288) [0x00007cb613c6e380, 0x00007cb613c6e568] 
[4,240s][debug][gc,nmethod     ] GC(1) O: Unregister NMethod: io.sirix.node.NodeSerializerImpl.writeDeweyID (0x00007cb613f36a88) [0x00007cb613f36b80, 0x00007cb613f36ea0] 
[4,240s][debug][gc,nmethod     ] GC(1) O: Unregister NMethod: io.sirix.node.xml.AttributeNode.getPrefixKey (0x00007cb613d53088) [0x00007cb613d53180, 0x00007cb613d58170] 
[4,240s][debug][gc,nmethod     ] GC(1) O: Unregister NMethod: com.sun.org.apache.xerces.internal.impl.XMLDocumentFragmentScannerImpl.scanDocument (0x00007cb613e08088) [0x00007cb613e08180, 0x00007cb613e0ac28] 
[4,240s][debug][gc,nmethod     ] GC(1) O: Unregister NMethod: jdk.internal.misc.Unsafe.putIntOpaque (0x00007cb614316b88) [0x00007cb614316c80, 0x00007cb614316d88] 
[4,240s][debug][gc,nmethod     ] GC(1) O: Unregister NMethod: io.sirix.axis.AbstractAxis.tryToComputeNext (0x00007cb632ee7188) [0x00007cb632ee7280, 0x00007cb632ee9ce8] 
[4,240s][debug][gc,nmethod     ] GC(1) O: Unregister NMethod: it.unimi.dsi.fastutil.shorts.AbstractShortList.ensureIndex (0x00007cb614001e88) [0x00007cb614001f80, 0x00007cb614004260] 
[4,240s][debug][gc,nmethod     ] GC(1) O: Unregister NMethod: java.util.ArrayList.getLast (0x00007cb613c76c88) [0x00007cb613c76d80, 0x00007cb613c77088] 
[4,240s][debug][gc,nmethod     ] GC(1) O: Unregister NMethod: java.lang.String.encode (0x00007cb61402e708) [0x00007cb61402e800, 0x00007cb61402eb38] 
[4,240s][debug][gc,nmethod     ] GC(1) O: Unregister NMethod: java.util.ArrayDeque.addFirst (0x00007cb613c02608) [0x00007cb613c02700, 0x00007cb613c02ce0] 
[4,240s][debug][gc,nmethod     ] GC(1) O: Unregister NMethod: io.sirix.node.AbstractForwardingNode.getParentKey (0x00007cb613b8f088) [0x00007cb613b8f180, 0x00007cb613b8f4b0] 
[4,240s][debug][gc,nmethod     ] GC(1) O: Unregister NMethod: com.google.common.collect.ForwardingObject.<init> (0x00007cb613d06e08) [0x00007cb613d06f00, 0x00007cb613d07070] 
[4,240s][debug][gc,nmethod     ] GC(1) O: Unregister NMethod: com.sun.org.apache.xerces.internal.impl.XMLNSDocumentScannerImpl.scanAttribute (0x00007cb613da1688) [0x00007cb613da1780, 0x00007cb613da9820] 
[4,240s][debug][gc,nmethod     ] GC(1) O: Unregister NMethod: io.sirix.node.xml.AttributeNode.getKind (0x00007cb613f3df88) [0x00007cb613f3e080, 0x00007cb613f3e3a0] 
[4,240s][debug][gc,nmethod     ] GC(1) O: Unregister NMethod: io.sirix.page.PageKind$1.deserializePage (0x00007cb61424f588) [0x00007cb61424f680, 0x00007cb6142539c8] 
[4,240s][debug][gc,nmethod     ] GC(1) O: Unregister NMethod: java.io.File.<init> (0x00007cb6136ef888) [0x00007cb6136ef980, 0x00007cb6136f0848] 
[4,240s][debug][gc,nmethod     ] GC(1) O: Unregister NMethod: io.sirix.node.xml.ElementNode.hasLeftSibling (0x00007cb614184908) [0x00007cb614184a00, 0x00007cb614189e38] 
[4,240s][debug][gc,nmethod     ] GC(1) O: Unregister NMethod: io.sirix.query.node.SubtreeProcessor.notifyAttribute (0x00007cb613d69588) [0x00007cb613d69680, 0x00007cb613d6a0e0] 
[4,240s][debug][gc,nmethod     ] GC(1) O: Unregister NMethod: sun.nio.cs.UTF_8$Decoder.decodeArrayLoop (0x00007cb613de5b08) [0x00007cb613de5c00, 0x00007cb613defaf0] 
[4,240s][debug][gc,nmethod     ] GC(1) O: Unregister NMethod: java.lang.String.<init> (0x00007cb632c8b588) [0x00007cb632c8b680, 0x00007cb632c8bab8] 
[4,240s][debug][gc,nmethod     ] GC(1) O: Unregister NMethod: it.unimi.dsi.fastutil.ints.Int2LongOpenHashMap.get (0x00007cb632d36e88) [0x00007cb632d36f80, 0x00007cb632d372e0] 
[4,240s][debug][gc,nmethod     ] GC(1) O: Unregister NMethod: io.sirix.page.KeyValueLeafPage.setDeweyId (0x00007cb613f35a88) [0x00007cb613f35b80, 0x00007cb613f35dc8] 
[4,240s][debug][gc,nmethod     ] GC(1) O: Unregister NMethod: java.util.BitSet.flip (0x00007cb613b1c308) [0x00007cb613b1c400, 0x00007cb613b1ca08] 
[4,241s][debug][gc,nmethod     ] GC(1) O: Unregister NMethod: java.lang.AbstractStringBuilder.append (0x00007cb632c23c88) [0x00007cb632c23d80, 0x00007cb632c24520] 
[4,240s][debug][gc,nmethod     ] GC(1) O: Unregister NMethod: java.util.stream.AbstractPipeline.evaluate (0x00007cb632c92608) [0x00007cb632c92700, 0x00007cb632c937b8] 
[4,241s][debug][gc,nmethod     ] GC(1) O: Unregister NMethod: jdk.internal.foreign.SegmentFactories.allocateNativeInternal (0x00007cb613e28f08) [0x00007cb613e29000, 0x00007cb613e2c448] 
[4,241s][debug][gc,nmethod     ] GC(1) O: Unregister NMethod: io.sirix.access.trx.node.xml.XmlNodeReadOnlyTrxImpl.getLocalNameKey (0x00007cb6140b5708) [0x00007cb6140b5800, 0x00007cb6140b66e0] 
[4,241s][debug][gc,nmethod     ] GC(1) O: Unregister NMethod: io.sirix.axis.filter.FilterAxis.nextKey (0x00007cb614096888) [0x00007cb614096980, 0x00007cb614097f90] 
[4,241s][debug][gc,nmethod     ] GC(1) O: Unregister NMethod: java.lang.Math.min (0x00007cb613412308) [0x00007cb613412400, 0x00007cb613412528] 
[4,241s][debug][gc,nmethod     ] GC(1) O: Unregister NMethod: java.lang.Long.hashCode (0x00007cb61351e108) [0x00007cb61351e200, 0x00007cb61351e2f0] 
[4,241s][debug][gc,nmethod     ] GC(1) O: Unregister NMethod: io.sirix.node.xml.TextNode.hasLeftSibling (0x00007cb613b95708) [0x00007cb613b95800, 0x00007cb613b9ac38] 
[4,241s][debug][gc,nmethod     ] GC(1) O: Unregister NMethod: io.sirix.node.xml.ElementNode.hasRightSibling (0x00007cb613c1c588) [0x00007cb613c1c680, 0x00007cb613c21ab8] 
[4,241s][debug][gc,nmethod     ] GC(1) O: Unregister NMethod: java.lang.invoke.MethodType.methodType (0x00007cb613458e08) [0x00007cb613458f00, 0x00007cb6134593e0] 
[4,241s][debug][gc,nmethod     ] GC(1) O: Unregister NMethod: com.sun.org.apache.xerces.internal.impl.XMLEntityScanner.checkBeforeLoad (0x00007cb632cf2508) [0x00007cb632cf2600, 0x00007cb632cf26f0] 
[4,241s][debug][gc,nmethod     ] GC(1) O: Unregister NMethod: io.sirix.index.path.summary.PathSummaryReader.moveTo (0x00007cb632e3af88) [0x00007cb632e3b080, 0x00007cb632e3ba50] 
[4,241s][debug][gc,nmethod     ] GC(1) O: Unregister NMethod: jdk.internal.misc.ScopedMemoryAccess.putIntUnaligned (0x00007cb613a8b788) [0x00007cb613a8b880, 0x00007cb613a8c708] 
[4,241s][debug][gc,nmethod     ] GC(1) O: Unregister NMethod: java.lang.classfile.CodeBuilder.checkcast (0x00007cb6136ee988) [0x00007cb6136eea80, 0x00007cb6136ef3b8] 
[4,241s][debug][gc,nmethod     ] GC(1) O: Unregister NMethod: java.lang.System$1.blockedOn (0x00007cb613f73788) [0x00007cb613f73880, 0x00007cb613f73e20] 
[4,241s][debug][gc,nmethod     ] GC(1) O: Unregister NMethod: java.io.UnixFileSystem.hasBooleanAttributes (0x00007cb613560b08) [0x00007cb613560c00, 0x00007cb613561788] 
[4,241s][debug][gc,nmethod     ] GC(1) O: Unregister NMethod: io.sirix.axis.AbstractAxis.nextLong (0x00007cb613b6f788) [0x00007cb613b6f880, 0x00007cb613b70310] 
[4,241s][debug][gc,nmethod     ] GC(1) O: Unregister NMethod: io.sirix.access.trx.node.xml.XmlNodeReadOnlyTrxImpl.getNode (0x00007cb632cfee88) [0x00007cb632cfef80, 0x00007cb632cff160] 
[4,241s][debug][gc,nmethod     ] GC(1) O: Unregister NMethod: jdk.internal.foreign.AbstractMemorySegmentImpl.set (0x00007cb613aad908) [0x00007cb613aada00, 0x00007cb613ab2f80] 
[4,241s][debug][gc,nmethod     ] GC(1) O: Unregister NMethod: java.lang.String.encodeUTF8 (0x00007cb613fe7208) [0x00007cb613fe7300, 0x00007cb613fe7988] 
[4,241s][debug][gc,nmethod     ] GC(1) O: Unregister NMethod: io.brackit.query.node.parser.SAX2SubtreeHandlerAdapter$TrimmingStringBuilder.append (0x00007cb613c26b88) [0x00007cb613c26c80, 0x00007cb613c27110] 
[4,241s][debug][gc,nmethod     ] GC(1) O: Unregister NMethod: io.brackit.query.node.parser.SAX2SubtreeHandlerAdapter.handleText (0x00007cb632d30e88) [0x00007cb632d30f80, 0x00007cb632d329a0] 
[4,241s][debug][gc,nmethod     ] GC(1) O: Unregister NMethod: java.util.ArrayDeque.pollFirst (0x00007cb613503908) [0x00007cb613503a00, 0x00007cb613503f60] 
[4,241s][debug][gc,nmethod     ] GC(1) O: Unregister NMethod: io.sirix.axis.AbstractAxis.hasNext (0x00007cb61408ca88) [0x00007cb61408cb80, 0x00007cb61408d648] 
[4,241s][debug][gc,nmethod     ] GC(1) O: Unregister NMethod: com.sun.org.apache.xerces.internal.parsers.AbstractSAXParser.startElement (0x00007cb613c95b08) [0x00007cb613c95c00, 0x00007cb613c97ee8] 
[4,241s][debug][gc,nmethod     ] GC(1) O: Unregister NMethod: jdk.internal.misc.Unsafe.checkSize (0x00007cb61380e808) [0x00007cb61380e900, 0x00007cb61380eb60] 
[4,241s][debug][gc,nmethod     ] GC(1) O: Unregister NMethod: jdk.internal.misc.Unsafe.getLongUnaligned (0x00007cb613a8f208) [0x00007cb613a8f300, 0x00007cb613a8f4e0] 
[4,241s][debug][gc,nmethod     ] GC(1) O: Unregister NMethod: io.sirix.node.NodeKind$1.deserialize (0x00007cb6140cf908) [0x00007cb6140cfa00, 0x00007cb6140d3048] 
[4,241s][debug][gc,nmethod     ] GC(1) O: Unregister NMethod: java.lang.Thread.onSpinWait (0x00007cb613810588) [0x00007cb613810680, 0x00007cb613810760] 
[4,241s][debug][gc,nmethod     ] GC(1) O: Unregister NMethod: io.brackit.query.atomic.QNm.<init> (0x00007cb613be2588) [0x00007cb613be2680, 0x00007cb613be2b28] 
[4,241s][debug][gc,nmethod     ] GC(1) O: Unregister NMethod: io.sirix.utils.XMLToken.isNCChar (0x00007cb632cf2b08) [0x00007cb632cf2c00, 0x00007cb632cf2ce0] 
[4,241s][debug][gc,nmethod     ] GC(1) O: Unregister NMethod: io.sirix.node.NullNode.<init> (0x00007cb613dde708) [0x00007cb613dde800, 0x00007cb613dded38] 
[4,241s][debug][gc,nmethod     ] GC(1) O: Unregister NMethod: io.brackit.query.compiler.AST.getChild (0x00007cb61406aa08) [0x00007cb61406ab00, 0x00007cb61406c130] 
[4,241s][debug][gc,nmethod     ] GC(1) O: Unregister NMethod: jdk.internal.misc.Unsafe.copyMemory (0x00007cb6135bca08) [0x00007cb6135bcb00, 0x00007cb6135be0c0] 
[4,241s][debug][gc,nmethod     ] GC(1) O: Unregister NMethod: io.sirix.page.PageKind$1.deserializePage (0x00007cb614266388) [0x00007cb614266480, 0x00007cb61426a428] 
[4,241s][debug][gc,nmethod     ] GC(1) O: Unregister NMethod: java.util.zip.Inflater.ensureOpen (0x00007cb6134c2f88) [0x00007cb6134c3080, 0x00007cb6134c3308] 
[4,241s][debug][gc,nmethod     ] GC(1) O: Unregister NMethod: java.util.concurrent.ConcurrentHashMap$Node.<init> (0x00007cb613414788) [0x00007cb613414880, 0x00007cb613414ad0] 
[4,241s][debug][gc,nmethod     ] GC(1) O: Unregister NMethod: jdk.internal.misc.ScopedMemoryAccess.getLongUnaligned (0x00007cb613a8fd88) [0x00007cb613a8fe80, 0x00007cb613a90ce8] 
[4,241s][debug][gc,nmethod     ] GC(1) O: Unregister NMethod: com.sun.org.apache.xerces.internal.impl.XMLEntityScanner.scanContent (0x00007cb613b2f988) [0x00007cb613b2fa80, 0x00007cb613b30a38] 
[4,241s][debug][gc,nmethod     ] GC(1) O: Unregister NMethod: io.sirix.access.trx.node.xml.XmlNodeReadOnlyTrxImpl.getNode (0x00007cb632cff788) [0x00007cb632cff880, 0x00007cb632cffa60] 
[4,241s][debug][gc,nmethod     ] GC(1) O: Unregister NMethod: jdk.internal.foreign.ConfinedSession$ConfinedResourceList.add (0x00007cb613e16088) [0x00007cb613e16180, 0x00007cb613e16628] 
[4,241s][debug][gc,nmethod     ] GC(1) O: Unregister NMethod: java.util.Spliterator.getExactSizeIfKnown (0x00007cb632c7e308) [0x00007cb632c7e400, 0x00007cb632c7e648] 
[4,241s][debug][gc,nmethod     ] GC(1) O: Unregister NMethod: io.sirix.settings.VersioningType$4.combineRecordPages (0x00007cb614248788) [0x00007cb614248880, 0x00007cb61424d4e0] 
[4,241s][debug][gc,nmethod     ] GC(1) O: Unregister NMethod: io.sirix.access.trx.page.NodePageTrx.createRecord (0x00007cb613b38a08) [0x00007cb613b38b00, 0x00007cb613b3ef58] 
[4,241s][debug][gc,nmethod     ] GC(1) O: Unregister NMethod: io.sirix.axis.filter.FilterAxis.nextKey (0x00007cb613c6c808) [0x00007cb613c6c900, 0x00007cb613c6df10] 
[4,241s][debug][gc,nmethod     ] GC(1) O: Unregister NMethod: java.lang.String.indexOf (0x00007cb61358c488) [0x00007cb61358c580, 0x00007cb61358cda0] 
[4,241s][debug][gc,nmethod     ] GC(1) O: Unregister NMethod: java.util.ArrayDeque.push (0x00007cb614189e88) [0x00007cb614189f80, 0x00007cb61418a0b0] 
[4,241s][debug][gc,nmethod     ] GC(1) O: Unregister NMethod: jdk.internal.misc.Unsafe.checkNativeAddress (0x00007cb613744a08) [0x00007cb613744b00, 0x00007cb613744c10] 
[4,241s][debug][gc,nmethod     ] GC(1) O: Unregister NMethod: com.sun.org.apache.xerces.internal.impl.XMLEntityScanner.scanChar (0x00007cb613c4a088) [0x00007cb613c4a180, 0x00007cb613c4aba8] 
[4,241s][debug][gc,nmethod     ] GC(1) O: Unregister NMethod: java.lang.invoke.InvokerBytecodeGenerator.emitReferenceCast (0x00007cb61340e708) [0x00007cb61340e800, 0x00007cb613411b50] 
[4,241s][debug][gc,nmethod     ] GC(1) O: Unregister NMethod: net.openhft.hashing.XXH3$AsLongHashFunction.hash (0x00007cb613baa608) [0x00007cb613baa700, 0x00007cb613baaf50] 
[4,241s][debug][gc,nmethod     ] GC(1) O: Unregister NMethod: io.sirix.access.trx.node.xml.XmlNodeFactoryImpl.createAttributeNode (0x00007cb613d74e88) [0x00007cb613d74f80, 0x00007cb613d77678] 
[4,241s][debug][gc,nmethod     ] GC(1) O: Unregister NMethod: io.sirix.access.trx.node.AbstractDeweyIDManager.newFirstChildID (0x00007cb613ce2288) [0x00007cb613ce2380, 0x00007cb613ce5260] 
[4,241s][debug][gc,nmethod     ] GC(1) O: Unregister NMethod: java.nio.Buffer.flip (0x00007cb613df0788) [0x00007cb613df0880, 0x00007cb613df0998] 
[4,241s][debug][gc,nmethod     ] GC(1) O: Unregister NMethod: io.sirix.page.NamePage.getName (0x00007cb632f12208) [0x00007cb632f12300, 0x00007cb632f14b98] 
[4,241s][debug][gc,nmethod     ] GC(1) O: Unregister NMethod: io.sirix.axis.AbstractAxis.<init> (0x00007cb613bd7d08) [0x00007cb613bd7e00, 0x00007cb613bd8850] 
[4,241s][debug][gc,nmethod     ] GC(1) O: Unregister NMethod: java.lang.AbstractStringBuilder.ensureCapacityNewCoder (0x00007cb613473308) [0x00007cb613473400, 0x00007cb613473710] 
[4,241s][debug][gc,nmethod     ] GC(1) O: Unregister NMethod: com.sun.org.apache.xerces.internal.parsers.AbstractSAXParser.endNamespaceMapping (0x00007cb613cb7d08) [0x00007cb613cb7e00, 0x00007cb613cb8558] 
[4,241s][debug][gc,nmethod     ] Register NMethod: com.github.benmanes.caffeine.cache.SystemTicker.read (0x00007cb632f92b08) [0x00007cb632f92c00, 0x00007cb632f92c90] Compiler: jvmci, Barriers: 0, Oops: 1, ImmediateOops: 0, NonImmediateOops: No
[4,241s][debug][gc,nmethod     ] GC(1) O: Unregister NMethod: io.sirix.axis.filter.FilterAxis.reset (0x00007cb613c76708) [0x00007cb613c76800, 0x00007cb613c76c50] 
[4,241s][debug][gc,nmethod     ] GC(1) O: Unregister NMethod: it.unimi.dsi.fastutil.longs.LongArrayList.grow (0x00007cb613b41d88) [0x00007cb613b41e80, 0x00007cb613b423e0] 
[4,241s][debug][gc,nmethod     ] GC(1) O: Unregister NMethod: io.sirix.node.xml.AbstractStructForwardingNode.getFirstChildKey (0x00007cb613c62a08) [0x00007cb613c62b00, 0x00007cb613c62e30] 
[4,241s][debug][gc,nmethod     ] GC(1) O: Unregister NMethod: java.util.BitSet.recalculateWordsInUse (0x00007cb613a8e788) [0x00007cb613a8e880, 0x00007cb613a8eac0] 
[4,241s][debug][gc,nmethod     ] GC(1) O: Unregister NMethod: io.sirix.node.NodeKind$1.serialize (0x00007cb613ead088) [0x00007cb613ead180, 0x00007cb613ee8148] 
[4,241s][debug][gc,nmethod     ] GC(1) O: Unregister NMethod: com.sun.org.apache.xerces.internal.parsers.AbstractSAXParser$AttributesProxy.getQName (0x00007cb613d4e288) [0x00007cb613d4e380, 0x00007cb613d4e6e0] 
[4,241s][debug][gc,nmethod     ] GC(1) O: Unregister NMethod: com.sun.org.apache.xerces.internal.xni.XMLString.toString (0x00007cb613d4cc88) [0x00007cb613d4cd80, 0x00007cb613d4cfc8] 
[4,241s][debug][gc,nmethod     ] GC(1) O: Unregister NMethod: java.lang.Class.getPackageName (0x00007cb61348c708) [0x00007cb61348c800, 0x00007cb61348ea08] 
[4,241s][debug][gc,nmethod     ] GC(1) O: Unregister NMethod: sun.net.www.protocol.file.Handler.parseURL (0x00007cb6136de108) [0x00007cb6136de200, 0x00007cb6136de570] 
[4,241s][debug][gc,nmethod     ] Register NMethod: com.github.benmanes.caffeine.cache.BaseMpscLinkedArrayQueue.poll (0x00007cb632f92e08) [0x00007cb632f92f00, 0x00007cb632f934a0] Compiler: jvmci, Barriers: 14, Oops: 1, ImmediateOops: 1, NonImmediateOops: No
[4,242s][debug][gc,nmethod     ] GC(1) O: Unregister NMethod: io.sirix.page.PathSummaryPage.getMaxNodeKey (0x00007cb613dc1588) [0x00007cb613dc1680, 0x00007cb613dc1838] 
[4,242s][debug][gc,nmethod     ] GC(1) O: Unregister NMethod: io.brackit.query.node.parser.SAX2SubtreeHandlerAdapter.handleText (0x00007cb613c27488) [0x00007cb613c27580, 0x00007cb613c27ef0] 
[4,242s][debug][gc,nmethod     ] GC(1) O: Unregister NMethod: java.lang.invoke.TypeConvertingMethodAdapter.convertType (0x00007cb61376fd08) [0x00007cb61376fe00, 0x00007cb6137782e8] 
[4,242s][debug][gc,nmethod     ] GC(1) O: Unregister NMethod: io.sirix.utils.XMLToken.isNCStartChar (0x00007cb613dd7588) [0x00007cb613dd7680, 0x00007cb613dd7cf0] 
[4,242s][debug][gc,nmethod     ] GC(1) O: Unregister NMethod: io.sirix.node.xml.AttributeNode.computeHash (0x00007cb613d88788) [0x00007cb613d88880, 0x00007cb613d9f0e0] 
[4,242s][debug][gc,nmethod     ] GC(1) O: Unregister NMethod: io.sirix.query.node.XmlDBNode.<init> (0x00007cb632d13c88) [0x00007cb632d13d80, 0x00007cb632d14818] 
[4,242s][debug][gc,nmethod     ] GC(1) O: Unregister NMethod: jdk.internal.foreign.MemorySessionImpl.addInternal (0x00007cb613e13b08) [0x00007cb613e13c00, 0x00007cb613e14b70] 
[4,242s][debug][gc,nmethod     ] GC(1) O: Unregister NMethod: java.lang.invoke.InvokerBytecodeGenerator.emitStaticInvoke (0x00007cb6139ea108) [0x00007cb6139ea200, 0x00007cb6139ec8e8] 
[4,242s][debug][gc,nmethod     ] GC(1) O: Unregister NMethod: io.sirix.access.trx.node.xml.XmlNodeTrxImpl.adaptForInsert (0x00007cb632d22a08) [0x00007cb632d22b00, 0x00007cb632d280c8] 
[4,242s][debug][gc,nmethod     ] GC(1) O: Unregister NMethod: io.sirix.page.PageKind$1.serializePage (0x00007cb613f4c308) [0x00007cb613f4c400, 0x00007cb613f5a260] 
[4,242s][debug][gc,nmethod     ] GC(1) O: Unregister NMethod: java.io.File.isInvalid (0x00007cb613477288) [0x00007cb613477380, 0x00007cb613477930] 
[4,242s][debug][gc,nmethod     ] GC(1) O: Unregister NMethod: io.sirix.access.trx.node.xml.XmlNodeTrxImpl.insertTextAsRightSibling (0x00007cb613ce5c08) [0x00007cb613ce5d00, 0x00007cb613cf4758] 
[4,242s][debug][gc,nmethod     ] GC(1) O: Unregister NMethod: io.sirix.axis.ChildAxis.<init> (0x00007cb613c6df88) [0x00007cb613c6e080, 0x00007cb613c6e1b0] 
[4,242s][debug][gc,nmethod     ] GC(1) O: Unregister NMethod: jdk.internal.foreign.SegmentFactories.initNativeMemory (0x00007cb613535908) [0x00007cb613535a00, 0x00007cb613535ba0] 
[4,242s][debug][gc,nmethod     ] GC(1) O: Unregister NMethod: io.sirix.access.trx.page.NodePageTrx.getPageContainer (0x00007cb613ae3988) [0x00007cb613ae3a80, 0x00007cb613ae4bc0] 
[4,242s][debug][gc,nmethod     ] GC(1) O: Unregister NMethod: com.sun.org.apache.xerces.internal.impl.XMLEntityScanner.scanLiteral (0x00007cb613d49188) [0x00007cb613d49280, 0x00007cb613d4a4c8] 
[4,242s][debug][gc,nmethod     ] GC(1) O: Unregister NMethod: io.sirix.page.UberPage.getPageCountExp (0x00007cb613fe9688) [0x00007cb613fe9780, 0x00007cb613fe9cc8] 
[4,242s][debug][gc,nmethod     ] GC(1) O: Unregister NMethod: io.sirix.index.path.summary.PathSummaryWriter.movePathSummary (0x00007cb613cfac88) [0x00007cb613cfad80, 0x00007cb613cfd458] 
[4,242s][debug][gc,nmethod     ] GC(1) O: Unregister NMethod: com.sun.org.apache.xerces.internal.util.NamespaceSupport.pushContext (0x00007cb61416d708) [0x00007cb61416d800, 0x00007cb61416db70] 
[4,242s][debug][gc,nmethod     ] GC(1) O: Unregister NMethod: com.sun.org.apache.xerces.internal.impl.XMLEntityScanner.skipSpaces (0x00007cb632d8ca08) [0x00007cb632d8cb00, 0x00007cb632d8d068] 
[4,242s][debug][gc,nmethod     ] GC(1) O: Unregister NMethod: io.sirix.index.path.summary.PathSummaryReader.putMapping (0x00007cb61417ba08) [0x00007cb61417bb00, 0x00007cb61417c538] 
[4,242s][debug][gc,nmethod     ] GC(1) O: Unregister NMethod: com.sun.org.apache.xerces.internal.impl.XMLEntityScanner.peekChar (0x00007cb632cf8588) [0x00007cb632cf8680, 0x00007cb632cf8838] 
[4,242s][debug][gc,nmethod     ] GC(1) O: Unregister NMethod: io.sirix.access.trx.node.xml.XmlNodeReadOnlyTrxImpl.hasAttributes (0x00007cb613d67a08) [0x00007cb613d67b00, 0x00007cb613d68a80] 
[4,242s][debug][gc,nmethod     ] GC(1) O: Unregister NMethod: jdk.internal.foreign.HeapMemorySegmentImpl$OfByte.unsafeGetBase (0x00007cb613ee9008) [0x00007cb613ee9100, 0x00007cb613ee9308] 
[4,242s][debug][gc,nmethod     ] GC(1) O: Unregister NMethod: jdk.internal.util.Preconditions.checkFromIndexSize (0x00007cb613453808) [0x00007cb613453900, 0x00007cb613453a98] 
[4,242s][debug][gc,nmethod     ] GC(1) O: Unregister NMethod: java.util.concurrent.locks.AbstractQueuedSynchronizer.release (0x00007cb6139ef308) [0x00007cb6139ef400, 0x00007cb6139f0238] 
[4,242s][debug][gc,nmethod     ] GC(1) O: Unregister NMethod: java.util.concurrent.locks.ReentrantLock$Sync.tryRelease (0x00007cb6139f4e08) [0x00007cb6139f4f00, 0x00007cb6139f5a00] 
[4,242s][debug][gc,nmethod     ] GC(1) O: Unregister NMethod: java.util.concurrent.locks.ReentrantLock.unlock (0x00007cb614126708) [0x00007cb614126800, 0x00007cb614126e18] 
[4,242s][debug][gc,nmethod     ] GC(1) O: Unregister NMethod: net.openhft.hashing.XXH3.access$500 (0x00007cb613bb0708) [0x00007cb613bb0800, 0x00007cb613bb0910] 
[4,242s][debug][gc,nmethod     ] GC(1) O: Unregister NMethod: io.sirix.index.path.summary.PathSummaryReader.getNodeKey (0x00007cb61415b308) [0x00007cb61415b400, 0x00007cb61415b8b0] 
[4,242s][debug][gc,nmethod     ] GC(1) O: Unregister NMethod: io.sirix.access.trx.page.NodePageReadOnlyTrx.getValue (0x00007cb613ac6308) [0x00007cb613ac6400, 0x00007cb613ac7f60] 
[4,242s][debug][gc,nmethod     ] GC(1) O: Unregister NMethod: io.sirix.node.xml.ElementNode.getKind (0x00007cb613f3b388) [0x00007cb613f3b480, 0x00007cb613f3b588] 
[4,242s][debug][gc,nmethod     ] GC(1) O: Unregister NMethod: io.sirix.node.xml.AbstractStructForwardingNode.hasRightSibling (0x00007cb613be0f08) [0x00007cb613be1000, 0x00007cb613be15c8] 
[4,242s][debug][gc,nmethod     ] GC(1) O: Unregister NMethod: io.sirix.access.trx.node.xml.ForwardingXmlNodeReadOnlyTrx.hasFirstChild (0x00007cb632d7f688) [0x00007cb632d7f780, 0x00007cb632d7fdd0] 
[4,242s][debug][gc,nmethod     ] GC(1) O: Unregister NMethod: java.util.BitSet.<init> (0x00007cb6137ba808) [0x00007cb6137ba900, 0x00007cb6137bb848] 
[4,242s][debug][gc,nmethod     ] GC(1) O: Unregister NMethod: io.brackit.query.node.parser.SAX2SubtreeHandlerAdapter$TrimmingStringBuilder.append (0x00007cb614183e88) [0x00007cb614183f80, 0x00007cb614184410] 
[4,242s][debug][gc,nmethod     ] GC(1) O: Unregister NMethod: java.util.HashMap.putVal (0x00007cb613478b08) [0x00007cb613478c00, 0x00007cb61347af90] 
[4,242s][debug][gc,nmethod     ] GC(1) O: Unregister NMethod: java.util.ArrayDeque.addFirst (0x00007cb61418a188) [0x00007cb61418a280, 0x00007cb61418a860] 
[4,242s][debug][gc,nmethod     ] GC(1) O: Unregister NMethod: jdk.internal.foreign.ArenaImpl.allocate (0x00007cb613e0dc08) [0x00007cb613e0dd00, 0x00007cb613e0de80] 
[4,242s][debug][gc,nmethod     ] GC(1) O: Unregister NMethod: java.util.concurrent.ConcurrentHashMap$Traverser.advance (0x00007cb613684c08) [0x00007cb613684d00, 0x00007cb613685df8] 
[4,242s][debug][gc,nmethod     ] GC(1) O: Unregister NMethod: io.brackit.query.node.parser.SAX2SubtreeHandlerAdapter.characters (0x00007cb632d19c88) [0x00007cb632d19d80, 0x00007cb632d1a430] 
[4,242s][debug][gc,nmethod     ] GC(1) O: Unregister NMethod: io.brackit.query.compiler.parser.Tokenizer.ws (0x00007cb614068b88) [0x00007cb614068c80, 0x00007cb6140690d8] 
[4,242s][debug][gc,nmethod     ] GC(1) O: Unregister NMethod: com.sun.org.apache.xerces.internal.impl.XMLDocumentFragmentScannerImpl$FragmentContentDriver.next (0x00007cb614197488) [0x00007cb614197580, 0x00007cb6141a5040] 
[4,242s][debug][gc,nmethod     ] GC(1) O: Unregister NMethod: io.sirix.node.xml.AbstractStructForwardingNode.getRightSiblingKey (0x00007cb613c25588) [0x00007cb613c25680, 0x00007cb613c259b0] 
[4,242s][debug][gc,nmethod     ] GC(1) O: Unregister NMethod: com.sun.org.apache.xerces.internal.parsers.AbstractSAXParser.startElement (0x00007cb61417c588) [0x00007cb61417c680, 0x00007cb61417e948] 
[4,242s][debug][gc,nmethod     ] GC(1) O: Unregister NMethod: io.sirix.access.trx.node.AbstractNodeReadOnlyTrx.hasRightSibling (0x00007cb613c0d788) [0x00007cb613c0d880, 0x00007cb613c0e0a0] 
[4,242s][debug][gc,nmethod     ] GC(1) O: Unregister NMethod: java.util.HashMap$HashIterator.hasNext (0x00007cb613430e88) [0x00007cb613430f80, 0x00007cb613431100] 
[4,242s][debug][gc,nmethod     ] GC(1) O: Unregister NMethod: io.sirix.access.trx.node.xml.XmlNodeFactoryImpl.createTextNode (0x00007cb613c3eb88) [0x00007cb613c3ec80, 0x00007cb613c40cc8] 
[4,242s][debug][gc,nmethod     ] GC(1) O: Unregister NMethod: java.util.concurrent.atomic.AtomicLong.addAndGet (0x00007cb613b22788) [0x00007cb613b22880, 0x00007cb613b22990] 
[4,242s][debug][gc,nmethod     ] GC(1) O: Unregister NMethod: io.sirix.query.node.SubtreeBuilder.attribute (0x00007cb613d9f508) [0x00007cb613d9f600, 0x00007cb613da0800] 
[4,242s][debug][gc,nmethod     ] GC(1) O: Unregister NMethod: net.openhft.hashing.LongHashFunction.hashByteBuffer (0x00007cb613c0b988) [0x00007cb613c0ba80, 0x00007cb613c0cfe8] 
[4,242s][debug][gc,nmethod     ] GC(1) O: Unregister NMethod: io.sirix.page.KeyValueLeafPage.addReferences (0x00007cb614112a08) [0x00007cb614112b00, 0x00007cb614113c20] 
[4,242s][debug][gc,nmethod     ] GC(1) O: Unregister NMethod: io.sirix.access.trx.node.AbstractNodeReadOnlyTrx.moveTo (0x00007cb632cdfe88) [0x00007cb632cdff80, 0x00007cb632ce0a68] 
[4,242s][debug][gc,nmethod     ] GC(1) O: Unregister NMethod: io.sirix.access.trx.page.NodePageTrx.getMostRecentPageContainer (0x00007cb614008108) [0x00007cb614008200, 0x00007cb614008830] 
[4,242s][debug][gc,nmethod     ] GC(1) O: Unregister NMethod: io.sirix.query.node.SubtreeBuilder.startElement (0x00007cb613c9a688) [0x00007cb613c9a780, 0x00007cb613c9cfa0] 
[4,242s][debug][gc,nmethod     ] GC(1) O: Unregister NMethod: it.unimi.dsi.fastutil.ints.Int2LongOpenHashMap.put (0x00007cb613d77708) [0x00007cb613d77800, 0x00007cb613d77a68] 
[4,242s][debug][gc,nmethod     ] GC(1) O: Unregister NMethod: io.sirix.access.trx.node.AbstractNodeReadOnlyTrx.hasFirstChild (0x00007cb632d80108) [0x00007cb632d80200, 0x00007cb632d807c0] 
[4,242s][debug][gc,nmethod     ] GC(1) O: Unregister NMethod: jdk.internal.classfile.impl.StackMapGenerator.processBlock (0x00007cb632c9e788) [0x00007cb632c9e880, 0x00007cb632ca0ba0] 
[4,242s][debug][gc,nmethod     ] GC(1) O: Unregister NMethod: jdk.internal.foreign.AbstractMemorySegmentImpl.checkAccess (0x00007cb613405488) [0x00007cb613405580, 0x00007cb613405d90] 
[4,242s][debug][gc,nmethod     ] GC(1) O: Unregister NMethod: io.sirix.page.KeyValueLeafPage.processEntries (0x00007cb6141b9188) [0x00007cb6141b9280, 0x00007cb6141bc6b0] 
[4,242s][debug][gc,nmethod     ] GC(1) O: Unregister NMethod: io.sirix.access.trx.page.NodePageReadOnlyTrx.getRecord (0x00007cb614011e88) [0x00007cb614011f80, 0x00007cb6140139b8] 
[4,242s][debug][gc,nmethod     ] GC(1) O: Unregister NMethod: io.sirix.node.xml.ElementNode.getLeftSiblingKey (0x00007cb613b46788) [0x00007cb613b46880, 0x00007cb613b4b870] 
[4,242s][debug][gc,nmethod     ] GC(1) O: Unregister NMethod: io.sirix.node.xml.ElementNode.getLocalNameKey (0x00007cb613cb1a88) [0x00007cb613cb1b80, 0x00007cb613cb6b70] 
[4,242s][debug][gc,nmethod     ] GC(1) O: Unregister NMethod: com.sun.org.apache.xerces.internal.xni.XMLString.append (0x00007cb613d4c688) [0x00007cb613d4c780, 0x00007cb613d4cc58] 
[4,242s][debug][gc,nmethod     ] GC(1) O: Unregister NMethod: java.lang.foreign.MemorySegment.ofArray (0x00007cb613ee9d08) [0x00007cb613ee9e00, 0x00007cb613ee9ef8] 
[4,242s][debug][gc,nmethod     ] GC(1) O: Unregister NMethod: com.sun.org.apache.xerces.internal.impl.XMLEntityScanner.checkBeforeLoad (0x00007cb613b14488) [0x00007cb613b14580, 0x00007cb613b14ad8] 
[4,243s][debug][gc,nmethod     ] GC(1) O: Unregister NMethod: io.sirix.service.xml.shredder.AbstractShredder.processText (0x00007cb613c32c88) [0x00007cb613c32d80, 0x00007cb613c35048] 
[4,243s][debug][gc,nmethod     ] GC(1) O: Unregister NMethod: jdk.internal.foreign.HeapMemorySegmentImpl$OfByte.<init> (0x00007cb613e86588) [0x00007cb613e86680, 0x00007cb613e86998] 
[4,243s][debug][gc,nmethod     ] GC(1) O: Unregister NMethod: com.github.benmanes.caffeine.cache.NodeFactory.newLookupKey (0x00007cb613e07d88) [0x00007cb613e07e80, 0x00007cb613e07f80] 
[4,243s][debug][gc,nmethod     ] GC(1) O: Unregister NMethod: io.sirix.access.trx.node.AbstractNodeReadOnlyTrx.hasRightSibling (0x00007cb61409ca88) [0x00007cb61409cb80, 0x00007cb61409d3a0] 
[4,243s][debug][gc,nmethod     ] GC(1) O: Unregister NMethod: io.sirix.page.KeyValueLeafPage.getDeweyId (0x00007cb632cc9288) [0x00007cb632cc9380, 0x00007cb632cc94b8] 
[4,243s][debug][gc,nmethod     ] GC(1) O: Unregister NMethod: java.util.Arrays.copyOf (0x00007cb6134eef88) [0x00007cb6134ef080, 0x00007cb6134ef3a0] 
[4,243s][debug][gc,nmethod     ] GC(1) O: Unregister NMethod: io.sirix.page.NamePage.setName (0x00007cb613c4d188) [0x00007cb613c4d280, 0x00007cb613c4e840] 
[4,243s][debug][gc,nmethod     ] GC(1) O: Unregister NMethod: java.util.concurrent.locks.ReentrantLock.lock (0x00007cb61404c708) [0x00007cb61404c800, 0x00007cb61404cfd0] 
[4,243s][debug][gc,nmethod     ] GC(1) O: Unregister NMethod: io.sirix.utils.XMLToken.isNCChar (0x00007cb613dd7088) [0x00007cb613dd7180, 0x00007cb613dd7568] 
[4,243s][debug][gc,nmethod     ] GC(1) O: Unregister NMethod: jdk.internal.classfile.impl.StackMapGenerator.processBlock (0x00007cb613491108) [0x00007cb613491200, 0x00007cb6134c04c8] 
[4,243s][debug][gc,nmethod     ] GC(1) O: Unregister NMethod: io.sirix.page.NamePage.setName (0x00007cb632d44608) [0x00007cb632d44700, 0x00007cb632d449d0] 
[4,243s][debug][gc,nmethod     ] GC(1) O: Unregister NMethod: io.sirix.page.KeyValueLeafPage.getNumberOfNonNullEntries (0x00007cb614126008) [0x00007cb614126100, 0x00007cb6141266b0] 
[4,243s][debug][gc,nmethod     ] GC(1) O: Unregister NMethod: io.sirix.access.trx.page.NodePageReadOnlyTrx.getDataRecord (0x00007cb614017688) [0x00007cb614017780, 0x00007cb614018588] 
[4,243s][debug][gc,nmethod     ] GC(1) O: Unregister NMethod: io.sirix.index.path.summary.PathSummaryReader.getStructuralNode (0x00007cb613b21408) [0x00007cb613b21500, 0x00007cb613b218b8] 
[4,243s][debug][gc,nmethod     ] GC(1) O: Unregister NMethod: java.util.concurrent.atomic.LongAdder.add (0x00007cb614123208) [0x00007cb614123300, 0x00007cb614123c78] 
[4,243s][debug][gc,nmethod     ] GC(1) O: Unregister NMethod: io.sirix.access.trx.node.xml.XmlNodeReadOnlyTrxImpl.isDocumentRoot (0x00007cb613cd0908) [0x00007cb613cd0a00, 0x00007cb613cd14a8] 
[4,243s][debug][gc,nmethod     ] GC(1) O: Unregister NMethod: io.sirix.node.MemorySegmentBytesIn.getUnderlying (0x00007cb613ba8388) [0x00007cb613ba8480, 0x00007cb613ba8a68] 
[4,243s][debug][gc,nmethod     ] GC(1) O: Unregister NMethod: io.sirix.access.trx.page.NodePageTrx.prepareRecordPage (0x00007cb632cdee88) [0x00007cb632cdef80, 0x00007cb632cdfb38] 
[4,243s][debug][gc,nmethod     ] GC(1) O: Unregister NMethod: java.lang.StringUTF16.compress (0x00007cb632c65c08) [0x00007cb632c65dc0, 0x00007cb632c66218] 
[4,243s][debug][gc,nmethod     ] GC(1) O: Unregister NMethod: it.unimi.dsi.fastutil.ints.Int2LongOpenHashMap.find (0x00007cb613d4a508) [0x00007cb613d4a600, 0x00007cb613d4aa68] 
[4,243s][debug][gc,nmethod     ] GC(1) O: Unregister NMethod: io.sirix.access.trx.node.AbstractNodeTrxImpl.intermediateCommitIfRequired (0x00007cb613ba7088) [0x00007cb613ba7180, 0x00007cb613ba7ef8] 
[4,243s][debug][gc,nmethod     ] GC(1) O: Unregister NMethod: java.io.UnixFileSystem.normalize (0x00007cb61351c688) [0x00007cb61351c780, 0x00007cb61351dd78] 
[4,243s][debug][gc,nmethod     ] GC(1) O: Unregister NMethod: io.brackit.query.expr.StepExpr$AxisStepSequenceIter.next (0x00007cb6140a8408) [0x00007cb6140a8500, 0x00007cb6140a8c98] 
[4,243s][debug][gc,nmethod     ] GC(1) O: Unregister NMethod: io.sirix.access.trx.page.NodePageTrx.prepareRecordPage (0x00007cb61415e188) [0x00007cb61415e280, 0x00007cb614160828] 
[4,243s][debug][gc,nmethod     ] GC(1) O: Unregister NMethod: java.net.URLStreamHandler.setURL (0x00007cb6135c5488) [0x00007cb6135c5580, 0x00007cb6135c71b8] 
[4,243s][debug][gc,nmethod     ] GC(1) O: Unregister NMethod: io.sirix.axis.filter.FilterAxis.reset (0x00007cb632e3e188) [0x00007cb632e3e280, 0x00007cb632e3e3e8] 
[4,243s][debug][gc,nmethod     ] GC(1) O: Unregister NMethod: net.openhft.hashing.LongHashFunction.hashBytes (0x00007cb613cbd208) [0x00007cb613cbd300, 0x00007cb613cbd448] 
[4,243s][debug][gc,nmethod     ] GC(1) O: Unregister NMethod: io.sirix.access.trx.node.xml.ForwardingXmlNodeReadOnlyTrx.getResourceSession (0x00007cb613bb6988) [0x00007cb613bb6a80, 0x00007cb613bb7078] 
[4,243s][debug][gc,nmethod     ] GC(1) O: Unregister NMethod: jdk.internal.foreign.AbstractMemorySegmentImpl.asSlice (0x00007cb613ba9608) [0x00007cb613ba9700, 0x00007cb613ba9b40] 
[4,243s][debug][gc,nmethod     ] GC(1) O: Unregister NMethod: io.sirix.node.xml.ElementNode.hasFirstChild (0x00007cb632d80d88) [0x00007cb632d80e80, 0x00007cb632d812d0] 
[4,243s][debug][gc,nmethod     ] GC(1) O: Unregister NMethod: java.util.Spliterator.getExactSizeIfKnown (0x00007cb613f5ac08) [0x00007cb613f5ad00, 0x00007cb613f5b250] 
[4,243s][debug][gc,nmethod     ] GC(1) O: Unregister NMethod: io.sirix.page.KeyValueLeafPage.setData (0x00007cb613faf688) [0x00007cb613faf780, 0x00007cb613fd4ac0] 
[4,243s][debug][gc,nmethod     ] GC(1) O: Unregister NMethod: io.sirix.query.stream.node.SirixNodeStream.next (0x00007cb6140a9088) [0x00007cb6140a9180, 0x00007cb6140aa068] 
[4,243s][debug][gc,nmethod     ] GC(1) O: Unregister NMethod: io.brackit.query.node.parser.SAX2SubtreeHandlerAdapter.endElement (0x00007cb613ccd908) [0x00007cb613ccda00, 0x00007cb613ccf658] 
[4,243s][debug][gc,nmethod     ] GC(1) O: Unregister NMethod: java.lang.invoke.Invokers$Holder.linkToTargetMethod (0x00007cb6136daa08) [0x00007cb6136dab00, 0x00007cb6136daff8] 
[4,243s][debug][gc,nmethod     ] GC(1) O: Unregister NMethod: io.sirix.index.path.summary.PathSummaryReader.getNodeKey (0x00007cb613b08a88) [0x00007cb613b08b80, 0x00007cb613b09030] 
[4,243s][debug][gc,nmethod     ] GC(1) O: Unregister NMethod: io.sirix.page.delegates.BitmapReferencesPage.getOrCreateReference (0x00007cb613b18608) [0x00007cb613b18700, 0x00007cb613b18db8] 
[4,243s][debug][gc,nmethod     ] GC(1) O: Unregister NMethod: io.sirix.access.trx.page.NodePageReadOnlyTrx.getNamePage (0x00007cb613c48f88) [0x00007cb613c49080, 0x00007cb613c4a058] 
[4,243s][debug][gc,nmethod     ] GC(1) O: Unregister NMethod: jdk.xml.internal.XMLSecurityManager.isOverLimit (0x00007cb613b4b908) [0x00007cb613b4ba00, 0x00007cb613b4cfe0] 
[4,243s][debug][gc,nmethod     ] GC(1) O: Unregister NMethod: java.lang.ThreadLocal.getMap (0x00007cb613535c08) [0x00007cb613535d00, 0x00007cb6135364f0] 
[4,243s][debug][gc,nmethod     ] GC(1) O: Unregister NMethod: it.unimi.dsi.fastutil.ints.Int2LongOpenHashMap.get (0x00007cb613c1bc08) [0x00007cb613c1bd00, 0x00007cb613c1c250] 
[4,243s][debug][gc,nmethod     ] GC(1) O: Unregister NMethod: io.sirix.access.trx.node.xml.XmlNodeFactoryImpl.createElementNode (0x00007cb613cb8588) [0x00007cb613cb8680, 0x00007cb613cbcee0] 
[4,243s][debug][gc,nmethod     ] GC(1) O: Unregister NMethod: net.openhft.hashing.XXH3.XXH3_mix2Accs (0x00007cb613d46e08) [0x00007cb613d46f00, 0x00007cb613d48000] 
[4,243s][debug][gc,nmethod     ] GC(1) O: Unregister NMethod: io.brackit.query.compiler.optimizer.walker.Walker.walkInternal (0x00007cb61406c188) [0x00007cb61406c280, 0x00007cb61406cfc8] 
[4,243s][debug][gc,nmethod     ] GC(1) O: Unregister NMethod: io.sirix.node.xml.ElementNode.getPathNodeKey (0x00007cb613bb9508) [0x00007cb613bb9600, 0x00007cb613bbe5f0] 
[4,243s][debug][gc,nmethod     ] GC(1) O: Unregister NMethod: io.sirix.access.trx.page.NodePageReadOnlyTrx.getRecordPage (0x00007cb614018c88) [0x00007cb614018d80, 0x00007cb61401e0d0] 
[4,243s][debug][gc,nmethod     ] GC(1) O: Unregister NMethod: io.sirix.access.trx.node.AbstractNodeReadOnlyTrx.assertNotClosed (0x00007cb613a99408) [0x00007cb613a99500, 0x00007cb613a99708] 
[4,243s][debug][gc,nmethod     ] GC(1) O: Unregister NMethod: io.sirix.node.json.JsonNodeSerializer.writeSizePrefix (0x00007cb613f39c88) [0x00007cb613f39d80, 0x00007cb613f3a108] 
[4,243s][debug][gc,nmethod     ] GC(1) O: Unregister NMethod: jdk.internal.misc.ScopedMemoryAccess.putLongUnaligned (0x00007cb613a91988) [0x00007cb613a91a80, 0x00007cb613a92908] 
[4,243s][debug][gc,nmethod     ] GC(1) O: Unregister NMethod: io.sirix.access.trx.page.NodePageTrx.prepareRecordForModification (0x00007cb613d0c988) [0x00007cb613d0ca80, 0x00007cb613d0e908] 
[4,243s][debug][gc,nmethod     ] GC(1) O: Unregister NMethod: java.lang.invoke.MethodType.makeImpl (0x00007cb613459408) [0x00007cb613459500, 0x00007cb61345bcb0] 
[4,243s][debug][gc,nmethod     ] GC(1) O: Unregister NMethod: jdk.internal.foreign.AbstractMemorySegmentImpl.checkArraySize (0x00007cb613c03008) [0x00007cb613c03100, 0x00007cb613c05f00] 
[4,243s][debug][gc,nmethod     ] GC(1) O: Unregister NMethod: java.util.zip.Inflater.needsInput (0x00007cb613537408) [0x00007cb613537500, 0x00007cb613537b28] 
[4,243s][debug][gc,nmethod     ] GC(1) O: Unregister NMethod: jdk.internal.foreign.GlobalSession.acquire0 (0x00007cb613f70988) [0x00007cb613f70a80, 0x00007cb613f70b80] 
[4,243s][debug][gc,nmethod     ] GC(1) O: Unregister NMethod: com.sun.org.apache.xerces.internal.impl.XMLNSDocumentScannerImpl.next (0x00007cb632cfb188) [0x00007cb632cfb280, 0x00007cb632cfcb08] 
[4,243s][debug][gc,nmethod     ] GC(1) O: Unregister NMethod: io.sirix.node.MemorySegmentBytesOut.<init> (0x00007cb613ba3608) [0x00007cb613ba3700, 0x00007cb613ba44d0] 
[4,243s][debug][gc,nmethod     ] GC(1) O: Unregister NMethod: io.sirix.node.SirixDeweyID.getNewAttributeID (0x00007cb613d74988) [0x00007cb613d74a80, 0x00007cb613d74e68] 
[4,243s][debug][gc,nmethod     ] GC(1) O: Unregister NMethod: com.sun.org.apache.xerces.internal.impl.XMLEntityScanner.skipString (0x00007cb632d33188) [0x00007cb632d33280, 0x00007cb632d33f48] 
[4,243s][debug][gc,nmethod     ] GC(1) O: Unregister NMethod: it.unimi.dsi.fastutil.longs.AbstractLongList.popLong (0x00007cb613b74788) [0x00007cb613b74880, 0x00007cb613b74ba8] 
[4,243s][debug][gc,nmethod     ] GC(1) O: Unregister NMethod: io.sirix.node.xml.ElementNode.getAttributeKey (0x00007cb613e2e488) [0x00007cb613e2e580, 0x00007cb613e2e998] 
[4,244s][debug][gc,nmethod     ] GC(1) O: Unregister NMethod: io.sirix.access.trx.node.xml.ForwardingXmlNodeReadOnlyTrx.getNodeKey (0x00007cb613b26a88) [0x00007cb613b26b80, 0x00007cb613b27178] 
[4,244s][debug][gc,nmethod     ] GC(1) O: Unregister NMethod: com.sun.org.apache.xerces.internal.impl.XMLNSDocumentScannerImpl.scanStartElement (0x00007cb61418f088) [0x00007cb61418f180, 0x00007cb6141973e0] 
[4,244s][debug][gc,nmethod     ] GC(1) O: Unregister NMethod: jdk.internal.foreign.SegmentBulkOperations.copy (0x00007cb632d99508) [0x00007cb632d99600, 0x00007cb632d9a478] 
[4,244s][debug][gc,nmethod     ] GC(1) O: Unregister NMethod: io.sirix.node.AbstractForwardingNode.getNodeKey (0x00007cb613ac5888) [0x00007cb613ac5980, 0x00007cb613ac5cb0] 
[4,244s][debug][gc,nmethod     ] GC(1) O: Unregister NMethod: java.util.BitSet.toByteArray (0x00007cb613f6bc08) [0x00007cb613f6bd00, 0x00007cb613f6c980] 
[4,244s][debug][gc,nmethod     ] GC(1) O: Unregister NMethod: it.unimi.dsi.fastutil.ints.Int2ObjectOpenHashMap.get (0x00007cb614165d08) [0x00007cb614165e00, 0x00007cb614166470] 
[4,244s][debug][gc,nmethod     ] GC(1) O: Unregister NMethod: java.util.Collection.stream (0x00007cb613863f88) [0x00007cb613864080, 0x00007cb6138643b8] 
[4,244s][debug][gc,nmethod     ] GC(1) O: Unregister NMethod: io.sirix.query.stream.node.SirixNodeStream.next (0x00007cb632f1d808) [0x00007cb632f1d900, 0x00007cb632f1f170] 
[4,244s][debug][gc,nmethod     ] GC(1) O: Unregister NMethod: java.util.WeakHashMap.expungeStaleEntries (0x00007cb61348b808) [0x00007cb61348b900, 0x00007cb61348c698] 
[4,244s][debug][gc,nmethod     ] GC(1) O: Unregister NMethod: io.sirix.node.GrowingMemorySegment.grow (0x00007cb613f3b688) [0x00007cb613f3b780, 0x00007cb613f3df48] 
[4,244s][debug][gc,nmethod     ] Register NMethod: java.util.concurrent.ConcurrentHashMap.replaceNode (0x00007cb632f93508) [0x00007cb632f93600, 0x00007cb632f94690] Compiler: jvmci, Barriers: 25, Oops: 0, ImmediateOops: 0, NonImmediateOops: No
[4,244s][debug][gc,nmethod     ] GC(1) O: Unregister NMethod: io.sirix.access.trx.page.NodePageReadOnlyTrx.pageKey (0x00007cb613ac2f08) [0x00007cb613ac3000, 0x00007cb613ac3780] 
[4,244s][debug][gc,nmethod     ] GC(1) O: Unregister NMethod: java.lang.invoke.InnerClassLambdaMetafactory.convertArgumentTypes (0x00007cb613948188) [0x00007cb613948280, 0x00007cb613949548] 
[4,244s][debug][gc,nmethod     ] GC(1) O: Unregister NMethod: java.util.HashMap.afterNodeAccess (0x00007cb6138d5288) [0x00007cb6138d5380, 0x00007cb6138d5480] 
[4,244s][debug][gc,nmethod     ] GC(1) O: Unregister NMethod: sun.security.provider.SHA2.implCompress0 (0x00007cb613e4e488) [0x00007cb613e4e580, 0x00007cb613e4f230] 
[4,244s][debug][gc,nmethod     ] GC(1) O: Unregister NMethod: io.sirix.node.Utils.putVarLong (0x00007cb613e16a88) [0x00007cb613e16b80, 0x00007cb613e16cd0] 
[4,244s][debug][gc,nmethod     ] GC(1) O: Unregister NMethod: jdk.internal.classfile.impl.StackMapGenerator$Frame.pushStack (0x00007cb613568108) [0x00007cb613568200, 0x00007cb613568660] 
[4,244s][debug][gc,nmethod     ] GC(1) O: Unregister NMethod: java.util.HashMap.computeIfAbsent (0x00007cb613dad888) [0x00007cb613dad980, 0x00007cb613db0188] 
[4,244s][debug][gc,nmethod     ] GC(1) O: Unregister NMethod: com.sun.org.apache.xerces.internal.impl.XMLDocumentFragmentScannerImpl.scanDocument (0x00007cb6144df088) [0x00007cb6144df180, 0x00007cb6144e1c18] 
[4,244s][debug][gc,nmethod     ] GC(1) O: Unregister NMethod: io.sirix.node.xml.ElementNode.getPrefixKey (0x00007cb613ca4008) [0x00007cb613ca4100, 0x00007cb613ca90f0] 
[4,244s][debug][gc,nmethod     ] GC(1) O: Unregister NMethod: java.lang.Class.getSimpleName (0x00007cb613ea1f88) [0x00007cb613ea2080, 0x00007cb613ea22e0] 
[4,244s][debug][gc,nmethod     ] GC(1) O: Unregister NMethod: java.lang.invoke.DirectMethodHandle.internalMemberName (0x00007cb613691688) [0x00007cb613691780, 0x00007cb613691aa0] 
[4,244s][debug][gc,nmethod     ] GC(1) O: Unregister NMethod: java.util.ArrayDeque.push (0x00007cb632d5c508) [0x00007cb632d5c600, 0x00007cb632d5c808] 
[4,244s][debug][gc,nmethod     ] Register NMethod: java.util.concurrent.ConcurrentHashMap$EntrySpliterator.forEachRemaining (0x00007cb632f94708) [0x00007cb632f94800, 0x00007cb632f95568] Compiler: jvmci, Barriers: 35, Oops: 2, ImmediateOops: 1, NonImmediateOops: No
[4,244s][debug][gc,nmethod     ] GC(1) O: Unregister NMethod: com.sun.org.apache.xerces.internal.impl.XMLDocumentFragmentScannerImpl.scanDocument (0x00007cb613e05088) [0x00007cb613e05180, 0x00007cb613e07d78] 
[4,244s][debug][gc,nmethod     ] GC(1) O: Unregister NMethod: io.sirix.index.path.summary.PathSummaryReader.getName (0x00007cb613dd0788) [0x00007cb613dd0880, 0x00007cb613dd3868] 
[4,244s][debug][gc,nmethod     ] GC(1) O: Unregister NMethod: com.sun.org.apache.xerces.internal.parsers.AbstractSAXParser.endElement (0x00007cb613cb6c08) [0x00007cb613cb6d00, 0x00007cb613cb75f8] 
[4,244s][debug][gc,nmethod     ] GC(1) O: Unregister NMethod: java.util.concurrent.locks.ReentrantLock.unlock (0x00007cb632d04d88) [0x00007cb632d04e80, 0x00007cb632d05218] 
[4,244s][debug][gc,nmethod     ] GC(1) O: Unregister NMethod: jdk.internal.misc.ScopedMemoryAccess.getScopedMemoryAccess (0x00007cb613a82808) [0x00007cb613a82900, 0x00007cb613a829e8] 
[4,244s][debug][gc,nmethod     ] GC(1) O: Unregister NMethod: io.sirix.access.trx.page.NodePageTrx.prepareRecordPage (0x00007cb613acdc08) [0x00007cb613acdd00, 0x00007cb613ad02a8] 
[4,244s][debug][gc,nmethod     ] GC(1) O: Unregister NMethod: io.sirix.access.trx.node.xml.XmlNodeTrxImpl.adaptForInsert (0x00007cb61416a808) [0x00007cb61416a900, 0x00007cb61416d6a8] 
[4,244s][debug][gc,nmethod     ] GC(1) O: Unregister NMethod: sun.misc.Unsafe.isMemoryAccessWarned (0x00007cb613aacb88) [0x00007cb613aacc80, 0x00007cb613aacd80] 
[4,244s][debug][gc,nmethod     ] GC(1) O: Unregister NMethod: java.util.Arrays.fill (0x00007cb632c70488) [0x00007cb632c70580, 0x00007cb632c707a8] 
[4,244s][debug][gc,nmethod     ] GC(1) O: Unregister NMethod: jdk.internal.foreign.Utils.checkAlign (0x00007cb613b89208) [0x00007cb613b89300, 0x00007cb613b8a058] 
[4,244s][debug][gc,nmethod     ] GC(1) O: Unregister NMethod: io.sirix.node.GrowingMemorySegment.getUsedSegment (0x00007cb613b22088) [0x00007cb613b22180, 0x00007cb613b22770] 
[4,244s][debug][gc,nmethod     ] GC(1) O: Unregister NMethod: jdk.internal.misc.Unsafe.getReferenceAcquire (0x00007cb613413b08) [0x00007cb613413c00, 0x00007cb613413d30] 
[4,244s][debug][gc,nmethod     ] GC(1) O: Unregister NMethod: java.nio.Bits.tryReserveMemory (0x00007cb613b4d308) [0x00007cb613b4d400, 0x00007cb613b4ddf0] 
[4,244s][debug][gc,nmethod     ] GC(1) O: Unregister NMethod: it.unimi.dsi.fastutil.HashCommon.mix (0x00007cb613ac8d08) [0x00007cb613ac8e00, 0x00007cb613ac8ef0] 
[4,244s][debug][gc,nmethod     ] GC(1) O: Unregister NMethod: java.nio.DirectByteBuffer.address (0x00007cb632d1e088) [0x00007cb632d1e180, 0x00007cb632d1e348] 
[4,244s][debug][gc,nmethod     ] GC(1) O: Unregister NMethod: io.sirix.node.xml.ElementNode.getRightSiblingKey (0x00007cb613b56f08) [0x00007cb613b57000, 0x00007cb613b5bff0] 
[4,244s][debug][gc,nmethod     ] GC(1) O: Unregister NMethod: io.sirix.node.MemorySegmentBytesIn.read (0x00007cb613fdf288) [0x00007cb613fdf380, 0x00007cb613fe5e78] 
[4,244s][debug][gc,nmethod     ] GC(1) O: Unregister NMethod: it.unimi.dsi.fastutil.ints.Int2ObjectOpenHashMap.get (0x00007cb632d34988) [0x00007cb632d34a80, 0x00007cb632d34ee8] 
[4,244s][debug][gc,nmethod     ] GC(1) O: Unregister NMethod: io.sirix.access.trx.node.AbstractNodeReadOnlyTrx.hasNode (0x00007cb632d35308) [0x00007cb632d35400, 0x00007cb632d36330] 
[4,244s][debug][gc,nmethod     ] GC(1) O: Unregister NMethod: jdk.internal.foreign.SegmentFactories.ensureInitialized (0x00007cb613b37408) [0x00007cb613b37500, 0x00007cb613b375e0] 
[4,244s][debug][gc,nmethod     ] GC(1) O: Unregister NMethod: java.lang.String.encode (0x00007cb632d01a08) [0x00007cb632d01b00, 0x00007cb632d01cd8] 
[4,244s][debug][gc,nmethod     ] GC(1) O: Unregister NMethod: io.sirix.access.trx.node.AbstractNodeHashing.isValueNode (0x00007cb613bb1688) [0x00007cb613bb1780, 0x00007cb613bb3348] 
[4,244s][debug][gc,nmethod     ] GC(1) O: Unregister NMethod: io.sirix.access.trx.page.NodePageReadOnlyTrx.assertNotClosed (0x00007cb613a7ce88) [0x00007cb613a7cf80, 0x00007cb613a7d198] 
[4,244s][debug][gc,nmethod     ] GC(1) O: Unregister NMethod: io.brackit.query.atomic.AbstractAtomic.atomize (0x00007cb6142e7c88) [0x00007cb6142e7d80, 0x00007cb6142e7e80] 
[4,244s][debug][gc,nmethod     ] GC(1) O: Unregister NMethod: io.sirix.page.KeyValueLeafPage.getSlot (0x00007cb613a46308) [0x00007cb613a46400, 0x00007cb613a5c620] 
[4,244s][debug][gc,nmethod     ] GC(1) O: Unregister NMethod: io.sirix.cache.LinuxMemorySegmentAllocator.partitionVirtualRegion (0x00007cb632ca3508) [0x00007cb632ca3600, 0x00007cb632ca4570] 
[4,244s][debug][gc,nmethod     ] GC(1) O: Unregister NMethod: io.brackit.query.node.parser.SAX2SubtreeHandlerAdapter.characters (0x00007cb614184488) [0x00007cb614184580, 0x00007cb614184890] 
[4,244s][debug][gc,nmethod     ] GC(1) O: Unregister NMethod: net.openhft.hashing.Access.i64 (0x00007cb613aace88) [0x00007cb613aacf80, 0x00007cb613aad280] 
[4,244s][debug][gc,nmethod     ] GC(1) O: Unregister NMethod: io.sirix.access.trx.node.xml.XmlNodeReadOnlyTrxImpl.getNode (0x00007cb61417fb08) [0x00007cb61417fc00, 0x00007cb61417fef8] 
[4,244s][debug][gc,nmethod     ] GC(1) O: Unregister NMethod: jdk.internal.ref.CleanerFactory.cleaner (0x00007cb6134dd708) [0x00007cb6134dd800, 0x00007cb6134dd8e8] 
[4,244s][debug][gc,nmethod     ] GC(1) O: Unregister NMethod: io.sirix.access.trx.node.AbstractNodeReadOnlyTrx.storeDeweyIDs (0x00007cb613ba5588) [0x00007cb613ba5680, 0x00007cb613ba5bb0] 
[4,244s][debug][gc,nmethod     ] GC(1) O: Unregister NMethod: io.sirix.axis.filter.PathNameFilter.filter (0x00007cb613bcf088) [0x00007cb613bcf180, 0x00007cb613bd1980] 
[4,244s][debug][gc,nmethod     ] GC(1) O: Unregister NMethod: io.sirix.page.KeyValueLeafPage.setRecord (0x00007cb613b25188) [0x00007cb613b25280, 0x00007cb613b258b8] 
[4,244s][debug][gc,nmethod     ] GC(1) O: Unregister NMethod: jdk.internal.foreign.Utils.checkElementAlignment (0x00007cb613a61b88) [0x00007cb613a61c80, 0x00007cb613a62328] 
[4,244s][debug][gc,nmethod     ] GC(1) O: Unregister NMethod: java.util.HashMap.resize (0x00007cb613614188) [0x00007cb6136142a0, 0x00007cb613615f80] 
[4,244s][debug][gc,nmethod     ] GC(1) O: Unregister NMethod: com.sun.org.apache.xerces.internal.parsers.AbstractSAXParser.characters (0x00007cb613c21b08) [0x00007cb613c21c00, 0x00007cb613c221a8] 
[4,244s][debug][gc,nmethod     ] GC(1) O: Unregister NMethod: io.sirix.page.PathSummaryPage.incrementAndGetMaxNodeKey (0x00007cb613dd4b88) [0x00007cb613dd4c80, 0x00007cb613dd4ef8] 
[4,244s][debug][gc,nmethod     ] GC(1) O: Unregister NMethod: it.unimi.dsi.fastutil.shorts.ShortArrayList$1.<init> (0x00007cb614001688) [0x00007cb614001780, 0x00007cb614001960] 
[4,245s][debug][gc,nmethod     ] GC(1) O: Unregister NMethod: jdk.internal.foreign.SegmentBulkOperations.copy (0x00007cb613e87a08) [0x00007cb613e87b00, 0x00007cb613e97fc0] 
[4,245s][debug][gc,nmethod     ] GC(1) O: Unregister NMethod: java.lang.invoke.VarHandleGuards.guard_L_L (0x00007cb613b14b08) [0x00007cb613b14c00, 0x00007cb613b18080] 
[4,245s][debug][gc,nmethod     ] GC(1) O: Unregister NMethod: io.sirix.service.xml.xpath.ItemListImpl.size (0x00007cb613de0508) [0x00007cb613de0600, 0x00007cb613de0940] 
[4,245s][debug][gc,nmethod     ] GC(1) O: Unregister NMethod: com.sun.org.apache.xerces.internal.util.XMLChar.isValid (0x00007cb6139f8308) [0x00007cb6139f8400, 0x00007cb6139f85e8] 
[4,245s][debug][gc,nmethod     ] GC(1) O: Unregister NMethod: com.sun.org.apache.xerces.internal.impl.XMLNSDocumentScannerImpl.next (0x00007cb613db0208) [0x00007cb613db0300, 0x00007cb613db07d0] 
[4,245s][debug][gc,nmethod     ] GC(1) O: Unregister NMethod: java.lang.Integer.valueOf (0x00007cb613529d08) [0x00007cb613529e00, 0x00007cb61352a118] 
[4,245s][debug][gc,nmethod     ] GC(1) O: Unregister NMethod: io.sirix.access.trx.page.NodePageTrx.prepareRecordForModification (0x00007cb632ce2608) [0x00007cb632ce2700, 0x00007cb632ce3730] 
[4,245s][debug][gc,nmethod     ] GC(1) O: Unregister NMethod: io.sirix.access.trx.node.AbstractNodeReadOnlyTrx.getStructuralNode (0x00007cb613b27908) [0x00007cb613b27a00, 0x00007cb613b284b8] 
[4,245s][debug][gc,nmethod     ] GC(1) O: Unregister NMethod: io.sirix.access.trx.page.NodePageTrx.getMostRecentPageContainer (0x00007cb632ce7c08) [0x00007cb632ce7d00, 0x00007cb632ce8100] 
[4,245s][debug][gc,nmethod     ] GC(1) O: Unregister NMethod: java.util.concurrent.locks.ReentrantLock$NonfairSync.initialTryLock (0x00007cb6134d1488) [0x00007cb6134d1580, 0x00007cb6134d2270] 
[4,245s][debug][gc,nmethod     ] GC(1) O: Unregister NMethod: io.sirix.node.NodeKind$4.deserialize (0x00007cb6140c0108) [0x00007cb6140c0200, 0x00007cb6140c1db8] 
[4,245s][debug][gc,nmethod     ] GC(1) O: Unregister NMethod: java.lang.String.checkBoundsOffCount (0x00007cb613464388) [0x00007cb613464480, 0x00007cb613464678] 
[4,245s][debug][gc,nmethod     ] GC(1) O: Unregister NMethod: java.util.ArrayDeque.pop (0x00007cb613c65e08) [0x00007cb613c65f00, 0x00007cb613c661a0] 
[4,245s][debug][gc,nmethod     ] GC(1) O: Unregister NMethod: io.sirix.utils.XMLToken.isNCChar (0x00007cb613b20f08) [0x00007cb613b21000, 0x00007cb613b213e8] 
[4,245s][debug][gc,nmethod     ] GC(1) O: Unregister NMethod: io.sirix.axis.AbstractAxis.<init> (0x00007cb614098008) [0x00007cb614098100, 0x00007cb614098b50] 
[4,245s][debug][gc,nmethod     ] GC(1) O: Unregister NMethod: jdk.internal.misc.Unsafe.putIntRelease (0x00007cb614089888) [0x00007cb614089980, 0x00007cb614089a88] 
[4,245s][debug][gc,nmethod     ] GC(1) O: Unregister NMethod: com.sun.org.apache.xerces.internal.impl.XMLDocumentFragmentScannerImpl$FragmentContentDriver.startOfMarkup (0x00007cb613daa008) [0x00007cb613daa100, 0x00007cb613dac168] 
[4,245s][debug][gc,nmethod     ] GC(1) O: Unregister NMethod: io.sirix.node.xml.ElementNode.setHash (0x00007cb613af2888) [0x00007cb613af2980, 0x00007cb613af6308] 
[4,245s][debug][gc,nmethod     ] GC(1) O: Unregister NMethod: io.sirix.index.path.summary.PathSummaryReader.moveTo (0x00007cb632cf3108) [0x00007cb632cf3200, 0x00007cb632cf3440] 
[4,245s][debug][gc,nmethod     ] GC(1) O: Unregister NMethod: java.lang.classfile.CodeBuilder.newBoundLabel (0x00007cb6138cab88) [0x00007cb6138cac80, 0x00007cb6138cb6d8] 
[4,245s][debug][gc,nmethod     ] GC(1) O: Unregister NMethod: io.sirix.node.GrowingMemorySegment.<init> (0x00007cb613b91008) [0x00007cb613b91100, 0x00007cb613b91cd0] 
[4,245s][debug][gc,nmethod     ] GC(1) O: Unregister NMethod: io.sirix.access.trx.page.NodePageTrx.prepareRecordPage (0x00007cb613d11a08) [0x00007cb613d11b00, 0x00007cb613d140a8] 
[4,245s][debug][gc,nmethod     ] GC(1) O: Unregister NMethod: io.sirix.utils.XMLToken.ncName (0x00007cb613dd7d08) [0x00007cb613dd7e00, 0x00007cb613dd8258] 
[4,245s][debug][gc,nmethod     ] GC(1) O: Unregister NMethod: jdk.internal.util.ArraysSupport.hashCode (0x00007cb613758b08) [0x00007cb613758c00, 0x00007cb6137590b0] 
[4,245s][debug][gc,nmethod     ] GC(1) O: Unregister NMethod: jdk.internal.misc.Unsafe.putReferenceOpaque (0x00007cb613f6e488) [0x00007cb613f6e580, 0x00007cb613f6e6f8] 
[4,245s][debug][gc,nmethod     ] GC(1) O: Unregister NMethod: io.sirix.access.trx.page.NodePageReadOnlyTrx.loadPage (0x00007cb632d3dc08) [0x00007cb632d3dd00, 0x00007cb632d3de00] 
[4,245s][debug][gc,nmethod     ] GC(1) O: Unregister NMethod: com.sun.org.apache.xerces.internal.parsers.AbstractSAXParser.characters (0x00007cb61416db88) [0x00007cb61416dc80, 0x00007cb61416e228] 
[4,245s][debug][gc,nmethod     ] GC(1) O: Unregister NMethod: jdk.internal.foreign.ArenaImpl.<init> (0x00007cb613b8a088) [0x00007cb613b8a180, 0x00007cb613b8a560] 
[4,245s][debug][gc,nmethod     ] GC(1) O: Unregister NMethod: io.sirix.page.delegates.BitmapReferencesPage.getOrCreateReference (0x00007cb61413dd08) [0x00007cb61413de00, 0x00007cb61413e4a8] 
[4,245s][debug][gc,nmethod     ] GC(1) O: Unregister NMethod: java.nio.MappedByteBuffer.<init> (0x00007cb613bddc88) [0x00007cb613bddd80, 0x00007cb613bddf50] 
[4,245s][debug][gc,nmethod     ] GC(1) O: Unregister NMethod: io.sirix.page.delegates.BitmapReferencesPage.index (0x00007cb613b1bc08) [0x00007cb613b1bd00, 0x00007cb613b1c288] 
[4,245s][debug][gc,nmethod     ] GC(1) O: Unregister NMethod: jdk.internal.foreign.AbstractMemorySegmentImpl.asSlice (0x00007cb632cba588) [0x00007cb632cba680, 0x00007cb632cba998] 
[4,245s][debug][gc,nmethod     ] GC(1) O: Unregister NMethod: java.util.stream.StreamOpFlag.fromCharacteristics (0x00007cb632c71d08) [0x00007cb632c71e00, 0x00007cb632c71f70] 
[4,245s][debug][gc,nmethod     ] GC(1) O: Unregister NMethod: io.sirix.access.trx.page.NodePageTrx.getMostRecentPageContainer (0x00007cb613ac3b08) [0x00007cb613ac3c00, 0x00007cb613ac4230] 
[4,245s][debug][gc,nmethod     ] GC(1) O: Unregister NMethod: io.sirix.page.KeyValueLeafPage.updateFreeSpaceStart (0x00007cb613e18208) [0x00007cb613e18300, 0x00007cb613e18888] 
[4,245s][debug][gc,nmethod     ] GC(1) O: Unregister NMethod: io.sirix.access.trx.node.AbstractNodeReadOnlyTrx.moveToParent (0x00007cb632d1a488) [0x00007cb632d1a580, 0x00007cb632d1b808] 
[4,245s][debug][gc,nmethod     ] GC(1) O: Unregister NMethod: java.util.BitSet.and (0x00007cb61410e608) [0x00007cb61410e700, 0x00007cb61410eb50] 
[4,245s][debug][gc,nmethod     ] GC(1) O: Unregister NMethod: io.sirix.node.xml.ElementNode.hasLeftSibling (0x00007cb613c11208) [0x00007cb613c11300, 0x00007cb613c16738] 
[4,245s][debug][gc,nmethod     ] GC(1) O: Unregister NMethod: jdk.internal.classfile.impl.SplitConstantPool.findEntry (0x00007cb6134f4708) [0x00007cb6134f4800, 0x00007cb6134f5f08] 
[4,245s][debug][gc,nmethod     ] GC(1) O: Unregister NMethod: io.sirix.node.NodeSerializerImpl.serializeDeweyID (0x00007cb613f5c488) [0x00007cb613f5c580, 0x00007cb613f5cb40] 
[4,245s][debug][gc,nmethod     ] GC(1) O: Unregister NMethod: io.sirix.node.xml.TextNode.hasRightSibling (0x00007cb6140a2488) [0x00007cb6140a2580, 0x00007cb6140a79b8] 
[4,245s][debug][gc,nmethod     ] GC(1) O: Unregister NMethod: io.sirix.axis.filter.PathKindFilter.filter (0x00007cb613cd6788) [0x00007cb613cd6880, 0x00007cb613cd7818] 
[4,245s][debug][gc,nmethod     ] GC(1) O: Unregister NMethod: java.nio.Buffer.limit (0x00007cb613790f88) [0x00007cb613791080, 0x00007cb6137912f0] 
[4,245s][debug][gc,nmethod     ] GC(1) O: Unregister NMethod: io.sirix.access.trx.page.NodePageTrx.getName (0x00007cb61401e408) [0x00007cb61401e500, 0x00007cb614020868] 
[4,245s][debug][gc,nmethod     ] GC(1) O: Unregister NMethod: jdk.internal.classfile.impl.BufWriterImpl.writeU1 (0x00007cb6134f5f88) [0x00007cb6134f6080, 0x00007cb6134f64c8] 
[4,245s][debug][gc,nmethod     ] GC(1) O: Unregister NMethod: io.sirix.cache.IndexLogKey.equals (0x00007cb613cdaa08) [0x00007cb613cdab00, 0x00007cb613cdb448] 
[4,245s][debug][gc,nmethod     ] GC(1) O: Unregister NMethod: it.unimi.dsi.fastutil.ints.Int2IntOpenHashMap.find (0x00007cb613c4af88) [0x00007cb613c4b080, 0x00007cb613c4b4e8] 
[4,245s][debug][gc,nmethod     ] GC(1) O: Unregister NMethod: io.sirix.access.trx.node.AbstractNodeReadOnlyTrx.moveTo (0x00007cb632ce9f08) [0x00007cb632cea000, 0x00007cb632cead70] 
[4,245s][debug][gc,nmethod     ] GC(1) O: Unregister NMethod: java.util.ImmutableCollections$ListN.get (0x00007cb61340b088) [0x00007cb61340b180, 0x00007cb61340b308] 
[4,245s][debug][gc,nmethod     ] GC(1) O: Unregister NMethod: jdk.internal.foreign.MemorySessionImpl.addInternal (0x00007cb613b6e708) [0x00007cb613b6e800, 0x00007cb613b6f770] 
[4,245s][debug][gc,nmethod     ] GC(1) O: Unregister NMethod: it.unimi.dsi.fastutil.ints.Int2IntOpenHashMap.find (0x00007cb613fe6508) [0x00007cb613fe6600, 0x00007cb613fe6a68] 
[4,245s][debug][gc,nmethod     ] GC(1) O: Unregister NMethod: java.lang.Object.<init> (0x00007cb632be6e08) [0x00007cb632be6f00, 0x00007cb632be6f80] 
[4,245s][debug][gc,nmethod     ] GC(1) O: Unregister NMethod: java.util.BitSet.nextSetBit (0x00007cb632e0e088) [0x00007cb632e0e180, 0x00007cb632e0e300] 
[4,245s][debug][gc,nmethod     ] GC(1) O: Unregister NMethod: io.sirix.index.path.summary.PathSummaryReader.getName (0x00007cb632f4f208) [0x00007cb632f4f300, 0x00007cb632f4f488] 
[4,245s][debug][gc,nmethod     ] GC(1) O: Unregister NMethod: jdk.internal.foreign.SegmentFactories.allocateNativeSegment (0x00007cb632d0c208) [0x00007cb632d0c320, 0x00007cb632d0cc88] 
[4,245s][debug][gc,nmethod     ] GC(1) O: Unregister NMethod: io.sirix.access.trx.node.AbstractDeweyIDManager.newFirstChildID (0x00007cb632d68908) [0x00007cb632d68a00, 0x00007cb632d698c0] 
[4,245s][debug][gc,nmethod     ] GC(1) O: Unregister NMethod: java.lang.Integer.numberOfLeadingZeros (0x00007cb6134e6788) [0x00007cb6134e6880, 0x00007cb6134e6b00] 
[4,245s][debug][gc,nmethod     ] GC(1) O: Unregister NMethod: io.sirix.page.PageReference.hashCode (0x00007cb613df0a88) [0x00007cb613df0b80, 0x00007cb613df1c00] 
[4,245s][debug][gc,nmethod     ] GC(1) O: Unregister NMethod: java.lang.invoke.VarHandleSegmentAsLongs.get (0x00007cb613a9c788) [0x00007cb613a9c880, 0x00007cb613aa1d20] 
[4,245s][debug][gc,nmethod     ] GC(1) O: Unregister NMethod: jdk.internal.misc.Unsafe.weakCompareAndSetInt (0x00007cb61377eb88) [0x00007cb61377ec80, 0x00007cb61377ed98] 
[4,245s][debug][gc,nmethod     ] GC(1) O: Unregister NMethod: java.io.UnixFileSystem.resolve (0x00007cb6136eab08) [0x00007cb6136eac00, 0x00007cb6136ee090] 
[4,245s][debug][gc,nmethod     ] GC(1) O: Unregister NMethod: java.nio.MappedByteBuffer.rewind (0x00007cb613bdfc08) [0x00007cb613bdfd00, 0x00007cb613be00e8] 
[4,245s][debug][gc,nmethod     ] GC(1) O: Unregister NMethod: io.sirix.page.NamePage.incrementAndGetMaxNodeKey (0x00007cb6141afa08) [0x00007cb6141afb00, 0x00007cb6141afd78] 
[4,245s][debug][gc,nmethod     ] GC(1) O: Unregister NMethod: java.lang.invoke.VarHandleGuards.guard_LJ_I (0x00007cb613a5eb88) [0x00007cb613a5ec80, 0x00007cb613a61b40] 
[4,245s][debug][gc,nmethod     ] GC(1) O: Unregister NMethod: io.sirix.page.KeyValueLeafPage.findFreeSpaceForSlots (0x00007cb613e2cd88) [0x00007cb613e2ce80, 0x00007cb613e2db60] 
[4,245s][debug][gc,nmethod     ] GC(1) O: Unregister NMethod: com.sun.org.apache.xerces.internal.impl.XMLEntityScanner.scanContent (0x00007cb632d3cf88) [0x00007cb632d3d120, 0x00007cb632d3dbd0] 
[4,245s][debug][gc,nmethod     ] GC(1) O: Unregister NMethod: com.sun.org.apache.xerces.internal.impl.XMLDocumentFragmentScannerImpl.scanDocument (0x00007cb632eb5b88) [0x00007cb632eb5c80, 0x00007cb632ec65b8] 
[4,245s][debug][gc,nmethod     ] GC(1) O: Unregister NMethod: net.openhft.hashing.Maths.unsignedLongMulXorFold (0x00007cb613af6388) [0x00007cb613af6480, 0x00007cb613af65b8] 
[4,245s][debug][gc,nmethod     ] GC(1) O: Unregister NMethod: com.sun.org.apache.xerces.internal.impl.XMLDocumentFragmentScannerImpl.scanDocument (0x00007cb632f2e788) [0x00007cb632f2e880, 0x00007cb632f3d538] 
[4,245s][debug][gc,nmethod     ] GC(1) O: Unregister NMethod: jdk.internal.classfile.impl.DirectCodeBuilder.parameterSlot (0x00007cb613853788) [0x00007cb613853880, 0x00007cb613853a38] 
[4,245s][debug][gc,nmethod     ] GC(1) O: Unregister NMethod: jdk.internal.misc.Unsafe.convEndian (0x00007cb61344eb08) [0x00007cb61344ec00, 0x00007cb61344eda0] 
[4,245s][debug][gc,nmethod     ] GC(1) O: Unregister NMethod: io.sirix.page.KeyValueLeafPage.getSlotAsByteArray (0x00007cb61351be88) [0x00007cb61351bf80, 0x00007cb61351c618] 
[4,245s][debug][gc,nmethod     ] GC(1) O: Unregister NMethod: jdk.internal.classfile.impl.SplitConstantPool.utf8Entry (0x00007cb6134e7208) [0x00007cb6134e7300, 0x00007cb6134e75f8] 
[4,245s][debug][gc,nmethod     ] GC(1) O: Unregister NMethod: java.nio.charset.Charset.defaultCharset (0x00007cb613c65b08) [0x00007cb613c65c00, 0x00007cb613c65cf8] 
[4,245s][debug][gc,nmethod     ] GC(1) O: Unregister NMethod: com.sun.org.apache.xerces.internal.impl.XMLDocumentFragmentScannerImpl$FragmentContentDriver.next (0x00007cb613b79b88) [0x00007cb613b79c80, 0x00007cb613b877b0] 
[4,245s][debug][gc,nmethod     ] GC(1) O: Unregister NMethod: com.github.benmanes.caffeine.cache.PSMW.getPreviousInAccessOrder (0x00007cb6140bc788) [0x00007cb6140bc880, 0x00007cb6140bcb80] 
[4,245s][debug][gc,nmethod     ] GC(1) O: Unregister NMethod: java.util.stream.ReferencePipeline.collect (0x00007cb6137d8d08) [0x00007cb6137d8e00, 0x00007cb6137da958] 
[4,245s][debug][gc,nmethod     ] GC(1) O: Unregister NMethod: io.sirix.page.KeyValueLeafPage.getSlot (0x00007cb613a62388) [0x00007cb613a62480, 0x00007cb613a78688] 
[4,245s][debug][gc,nmethod     ] GC(1) O: Unregister NMethod: com.sun.org.apache.xerces.internal.impl.XMLEntityScanner.scanChar (0x00007cb632d43c88) [0x00007cb632d43d80, 0x00007cb632d43fa8] 
[4,245s][debug][gc,nmethod     ] GC(1) O: Unregister NMethod: io.sirix.access.trx.page.AbstractForwardingPageReadOnlyTrx.getResourceSession (0x00007cb613c77e88) [0x00007cb613c77f80, 0x00007cb613c784b8] 
[4,245s][debug][gc,nmethod     ] GC(1) O: Unregister NMethod: java.util.concurrent.ConcurrentHashMap.putIfAbsent (0x00007cb632c95588) [0x00007cb632c95680, 0x00007cb632c97e30] 
[4,245s][debug][gc,nmethod     ] GC(1) O: Unregister NMethod: java.util.BitSet.wordIndex (0x00007cb613527288) [0x00007cb613527380, 0x00007cb613527468] 
[4,245s][debug][gc,nmethod     ] GC(1) O: Unregister NMethod: jdk.internal.foreign.MemorySessionImpl$ResourceList.cleanupSingle (0x00007cb613ee9a08) [0x00007cb613ee9b00, 0x00007cb613ee9c88] 
[4,245s][debug][gc,nmethod     ] GC(1) O: Unregister NMethod: java.util.concurrent.atomic.AtomicInteger.decrementAndGet (0x00007cb613df0488) [0x00007cb613df0580, 0x00007cb613df0690] 
[4,246s][debug][gc,nmethod     ] GC(1) O: Unregister NMethod: io.sirix.node.xml.TextNode.getKind (0x00007cb613f37b88) [0x00007cb613f37c80, 0x00007cb613f37d88] 
[4,245s][debug][gc,nmethod     ] GC(1) O: Unregister NMethod: jdk.internal.ref.CleanerImpl$CleanableList.insert (0x00007cb6134dcb88) [0x00007cb6134dcc80, 0x00007cb6134dd700] 
[4,246s][debug][gc,nmethod     ] GC(1) O: Unregister NMethod: io.sirix.access.trx.node.xml.XmlNodeReadOnlyTrxImpl.getNode (0x00007cb613b5c088) [0x00007cb613b5c180, 0x00007cb613b5e700] 
[4,246s][debug][gc,nmethod     ] GC(1) O: Unregister NMethod: java.util.stream.Collectors$CollectorImpl.<init> (0x00007cb61387ab88) [0x00007cb61387ac80, 0x00007cb61387b1f8] 
[4,246s][debug][gc,nmethod     ] GC(1) O: Unregister NMethod: io.sirix.axis.filter.PathNameFilter.<init> (0x00007cb613c73a88) [0x00007cb613c73b80, 0x00007cb613c75808] 
[4,246s][debug][gc,nmethod     ] GC(1) O: Unregister NMethod: io.sirix.cache.SegmentAllocators.getIndexForSize (0x00007cb613defe08) [0x00007cb613deff00, 0x00007cb613df0438] 
[4,246s][debug][gc,nmethod     ] GC(1) O: Unregister NMethod: com.sun.org.apache.xerces.internal.impl.XMLEntityScanner.skipString (0x00007cb613cf9a08) [0x00007cb613cf9b00, 0x00007cb613cfac20] 
[4,246s][debug][gc,nmethod     ] GC(1) O: Unregister NMethod: io.sirix.access.trx.page.NodePageTrx.prepareRecordForModification (0x00007cb613adcb08) [0x00007cb613adcc00, 0x00007cb613adea88] 
[4,246s][debug][gc,nmethod     ] GC(1) O: Unregister NMethod: java.lang.invoke.InnerClassLambdaMetafactory$6.accept (0x00007cb613981e08) [0x00007cb613981f00, 0x00007cb613988218] 
[4,246s][debug][gc,nmethod     ] GC(1) O: Unregister NMethod: java.lang.ref.Cleaner$1.apply (0x00007cb61347d088) [0x00007cb61347d180, 0x00007cb61347d530] 
[4,246s][debug][gc,nmethod     ] GC(1) O: Unregister NMethod: java.lang.invoke.InnerClassLambdaMetafactory$3.accept (0x00007cb613949588) [0x00007cb613949680, 0x00007cb61394bc18] 
[4,246s][debug][gc,nmethod     ] GC(1) O: Unregister NMethod: io.sirix.page.delegates.BitmapReferencesPage.index (0x00007cb632d38088) [0x00007cb632d38180, 0x00007cb632d38718] 
[4,246s][debug][gc,nmethod     ] GC(1) O: Unregister NMethod: io.sirix.node.NodeKind$2.serialize (0x00007cb613e4f288) [0x00007cb613e4f380, 0x00007cb613e73d00] 
[4,246s][debug][gc,nmethod     ] GC(1) O: Unregister NMethod: io.sirix.page.PageKind$1.serializePage (0x00007cb632eaa288) [0x00007cb632eaa380, 0x00007cb632eb0958] 
[4,246s][debug][gc,nmethod     ] GC(1) O: Unregister NMethod: java.nio.Buffer.remaining (0x00007cb6135e9288) [0x00007cb6135e9380, 0x00007cb6135e94f0] 
[4,246s][debug][gc,nmethod     ] GC(1) O: Unregister NMethod: java.lang.invoke.VarHandleReferences$FieldInstanceReadWrite.compareAndSet (0x00007cb613879188) [0x00007cb613879280, 0x00007cb61387a838] 
[4,246s][debug][gc,nmethod     ] GC(1) O: Unregister NMethod: java.lang.String.encodeUTF8 (0x00007cb632cfcb88) [0x00007cb632cfcc80, 0x00007cb632cfce38] 
[4,246s][debug][gc,nmethod     ] GC(1) O: Unregister NMethod: com.sun.org.apache.xerces.internal.impl.XMLEntityScanner.checkNodeCount (0x00007cb613c47188) [0x00007cb613c47280, 0x00007cb613c47448] 
[4,246s][debug][gc,nmethod     ] GC(1) O: Unregister NMethod: jdk.internal.misc.Unsafe.putLongUnaligned (0x00007cb613637288) [0x00007cb613637380, 0x00007cb6136377b8] 
[4,246s][debug][gc,nmethod     ] GC(1) O: Unregister NMethod: com.sun.org.apache.xerces.internal.impl.XMLEntityScanner.peekChar (0x00007cb613b26488) [0x00007cb613b26580, 0x00007cb613b26a38] 
[4,246s][debug][gc,nmethod     ] GC(1) O: Unregister NMethod: java.util.LinkedHashMap.afterNodeAccess (0x00007cb613a92988) [0x00007cb613a92a80, 0x00007cb613a93b30] 
[4,246s][debug][gc,nmethod     ] GC(1) O: Unregister NMethod: jdk.internal.foreign.HeapMemorySegmentImpl$OfByte.maxAlignMask (0x00007cb613f35788) [0x00007cb613f35880, 0x00007cb613f35980] 
[4,246s][debug][gc,nmethod     ] GC(1) O: Unregister NMethod: com.sun.org.apache.xerces.internal.impl.XMLDocumentFragmentScannerImpl.getString (0x00007cb613d4eb08) [0x00007cb613d4ec00, 0x00007cb613d4f830] 
[4,246s][debug][gc,nmethod     ] GC(1) O: Unregister NMethod: java.lang.Short.valueOf (0x00007cb613fdea88) [0x00007cb613fdeb80, 0x00007cb613fdee98] 
[4,246s][debug][gc,nmethod     ] GC(1) O: Unregister NMethod: java.lang.invoke.DirectMethodHandle.constructorMethod (0x00007cb6135bb088) [0x00007cb6135bb180, 0x00007cb6135bb4a0] 
[4,246s][debug][gc,nmethod     ] GC(1) O: Unregister NMethod: io.sirix.access.trx.node.AbstractNodeTrxImpl.getCurrentNode (0x00007cb613aec588) [0x00007cb613aec680, 0x00007cb613aec9f0] 
[4,246s][debug][gc,nmethod     ] GC(1) O: Unregister NMethod: jdk.internal.foreign.AbstractMemorySegmentImpl.set (0x00007cb613ad1508) [0x00007cb613ad1600, 0x00007cb613ad6b80] 
[4,246s][debug][gc,nmethod     ] GC(1) O: Unregister NMethod: com.sun.org.apache.xerces.internal.impl.XMLEntityScanner.scanContent (0x00007cb613dd6008) [0x00007cb613dd6100, 0x00007cb613dd7078] 
[4,246s][debug][gc,nmethod     ] GC(1) O: Unregister NMethod: io.sirix.access.trx.node.AbstractNodeTrxImpl.checkAccessAndCommit (0x00007cb613ba6388) [0x00007cb613ba6480, 0x00007cb613ba7008] 
[4,246s][debug][gc,nmethod     ] GC(1) O: Unregister NMethod: io.sirix.index.path.summary.PathNode.getPrefixKey (0x00007cb613cd0208) [0x00007cb613cd0300, 0x00007cb613cd0460] 
[4,246s][debug][gc,nmethod     ] GC(1) O: Unregister NMethod: io.sirix.access.trx.node.AbstractNodeReadOnlyTrx.moveTo (0x00007cb613d0f108) [0x00007cb613d0f200, 0x00007cb613d10d68] 
[4,246s][debug][gc,nmethod     ] GC(1) O: Unregister NMethod: io.sirix.index.path.summary.PathSummaryReader.getNodeKey (0x00007cb632cf1c08) [0x00007cb632cf1d00, 0x00007cb632cf1e80] 
[4,246s][debug][gc,nmethod     ] GC(1) O: Unregister NMethod: jdk.internal.foreign.layout.ValueLayouts$AbstractValueLayout.withOrder (0x00007cb613f31108) [0x00007cb613f31200, 0x00007cb613f31420] 
[4,246s][debug][gc,nmethod     ] GC(1) O: Unregister NMethod: jdk.internal.classfile.impl.SplitConstantPool.maybeCloneUtf8Entry (0x00007cb632c47108) [0x00007cb632c47200, 0x00007cb632c47740] 
[4,246s][debug][gc,nmethod     ] GC(1) O: Unregister NMethod: java.lang.ref.Cleaner.register (0x00007cb613507708) [0x00007cb613507800, 0x00007cb613507d18] 
[4,246s][debug][gc,nmethod     ] GC(1) O: Unregister NMethod: jdk.xml.internal.XMLLimitAnalyzer.addValue (0x00007cb613bdaa08) [0x00007cb613bdab20, 0x00007cb613bddc40] 
[4,246s][debug][gc,nmethod     ] GC(1) O: Unregister NMethod: io.sirix.page.delegates.ReferencesPage4.getOrCreateReference (0x00007cb614004308) [0x00007cb614004400, 0x00007cb614005e18] 
[4,246s][debug][gc,nmethod     ] GC(1) O: Unregister NMethod: io.sirix.node.xml.ElementNode.getLastChildKey (0x00007cb613c16788) [0x00007cb613c16880, 0x00007cb613c1b870] 
[4,246s][debug][gc,nmethod     ] GC(1) O: Unregister NMethod: java.util.ArrayDeque.addFirst (0x00007cb632d5c888) [0x00007cb632d5c980, 0x00007cb632d5cb88] 
[4,246s][debug][gc,nmethod     ] GC(1) O: Unregister NMethod: com.sun.org.apache.xerces.internal.impl.XMLDocumentFragmentScannerImpl$FragmentContentDriver.next (0x00007cb613db2888) [0x00007cb613db2980, 0x00007cb613dc0440] 
[4,246s][debug][gc,nmethod     ] GC(1) O: Unregister NMethod: io.sirix.node.xml.AbstractStructForwardingNode.hasFirstChild (0x00007cb632d46088) [0x00007cb632d46180, 0x00007cb632d46298] 
[4,246s][debug][gc,nmethod     ] GC(1) O: Unregister NMethod: java.lang.Math.min (0x00007cb613563188) [0x00007cb613563280, 0x00007cb6135633a8] 
[4,246s][debug][gc,nmethod     ] GC(1) O: Unregister NMethod: jdk.internal.misc.Unsafe.getIntUnaligned (0x00007cb613585988) [0x00007cb613585a80, 0x00007cb613585cc8] 
[4,246s][debug][gc,nmethod     ] GC(1) O: Unregister NMethod: io.sirix.node.MemorySegmentBytesOut.writeByte (0x00007cb613afe188) [0x00007cb613afe280, 0x00007cb613afe418] 
[4,246s][debug][gc,nmethod     ] GC(1) O: Unregister NMethod: io.sirix.node.SirixDeweyID.toBytes (0x00007cb613e84808) [0x00007cb613e84900, 0x00007cb613e85260] 
[4,246s][debug][gc,nmethod     ] GC(1) O: Unregister NMethod: io.sirix.page.RevisionRootPage.incrementAndGetMaxNodeKeyInDocumentIndex (0x00007cb613bced88) [0x00007cb613bcee80, 0x00007cb613bcef90] 
[4,246s][debug][gc,nmethod     ] GC(1) O: Unregister NMethod: java.lang.invoke.VarHandleGuards.guard_LLL_Z (0x00007cb61384f988) [0x00007cb61384fa80, 0x00007cb613852980] 
[4,246s][debug][gc,nmethod     ] GC(1) O: Unregister NMethod: it.unimi.dsi.fastutil.ints.Int2IntOpenHashMap.find (0x00007cb632d36388) [0x00007cb632d36480, 0x00007cb632d36718] 
[4,246s][debug][gc,nmethod     ] GC(1) O: Unregister NMethod: jdk.internal.classfile.impl.SplitConstantPool.classEntry (0x00007cb61350e788) [0x00007cb61350e880, 0x00007cb613510538] 
[4,246s][debug][gc,nmethod     ] GC(1) O: Unregister NMethod: io.sirix.index.path.summary.PathSummaryWriter.getPathNodeKey (0x00007cb632d5ff08) [0x00007cb632d60000, 0x00007cb632d61420] 
[4,246s][debug][gc,nmethod     ] GC(1) O: Unregister NMethod: java.util.HashMap.getOrDefault (0x00007cb6136ef408) [0x00007cb6136ef500, 0x00007cb6136ef878] 
[4,246s][debug][gc,nmethod     ] GC(1) O: Unregister NMethod: io.sirix.utils.NamePageHash.generateHashForString (0x00007cb613c25a08) [0x00007cb613c25b00, 0x00007cb613c25dd8] 
[4,246s][debug][gc,nmethod     ] GC(1) O: Unregister NMethod: jdk.internal.foreign.layout.ValueLayouts$OfByteImpl.<init> (0x00007cb613eacd88) [0x00007cb613eace80, 0x00007cb613eacfd8] 
[4,246s][debug][gc,nmethod     ] GC(1) O: Unregister NMethod: io.sirix.axis.AbstractAxis.<init> (0x00007cb632e42888) [0x00007cb632e42980, 0x00007cb632e43110] 
[4,246s][debug][gc,nmethod     ] GC(1) O: Unregister NMethod: io.sirix.axis.filter.xml.XmlNameFilter.filter (0x00007cb6140b4188) [0x00007cb6140b4280, 0x00007cb6140b56c8] 
[4,246s][debug][gc,nmethod     ] GC(1) O: Unregister NMethod: com.sun.org.apache.xerces.internal.parsers.AbstractSAXParser$AttributesProxy.getValue (0x00007cb613d51b08) [0x00007cb613d51c00, 0x00007cb613d51f60] 
[4,246s][debug][gc,nmethod     ] GC(1) O: Unregister NMethod: com.sun.org.apache.xerces.internal.impl.XMLDocumentFragmentScannerImpl.checkDepth (0x00007cb613c92188) [0x00007cb613c92280, 0x00007cb613c954d8] 
[4,246s][debug][gc,nmethod     ] GC(1) O: Unregister NMethod: com.sun.org.apache.xerces.internal.impl.XMLDocumentFragmentScannerImpl.scanEndElement (0x00007cb613d15288) [0x00007cb613d15380, 0x00007cb613d16aa8] 
[4,246s][debug][gc,nmethod     ] GC(1) O: Unregister NMethod: java.lang.ref.WeakReference.<init> (0x00007cb61347d588) [0x00007cb61347d680, 0x00007cb61347d970] 
[4,246s][debug][gc,nmethod     ] GC(1) O: Unregister NMethod: jdk.internal.misc.Unsafe.weakCompareAndSetLongRelease (0x00007cb614122f08) [0x00007cb614123000, 0x00007cb614123120] 
[4,246s][debug][gc,nmethod     ] GC(1) O: Unregister NMethod: java.util.WeakHashMap.hash (0x00007cb61348ad88) [0x00007cb61348ae80, 0x00007cb61348b1a8] 
[4,246s][debug][gc,nmethod     ] GC(1) O: Unregister NMethod: io.sirix.access.trx.node.xml.XmlNodeTrxImpl.nodeReadOnlyTrxDelegate (0x00007cb613ad1088) [0x00007cb613ad1180, 0x00007cb613ad14d0] 
[4,246s][debug][gc,nmethod     ] GC(1) O: Unregister NMethod: jdk.internal.util.ReferencedKeyMap.getNoCheckStale (0x00007cb613423988) [0x00007cb613423a80, 0x00007cb613424100] 
[4,246s][debug][gc,nmethod     ] GC(1) O: Unregister NMethod: com.sun.org.apache.xerces.internal.parsers.AbstractSAXParser.startNamespaceMapping (0x00007cb613c97f08) [0x00007cb613c98000, 0x00007cb613c98818] 
[4,246s][debug][gc,nmethod     ] GC(1) O: Unregister NMethod: java.lang.invoke.VarForm.getMemberName (0x00007cb613585d08) [0x00007cb613585e00, 0x00007cb613586580] 
[4,246s][debug][gc,nmethod     ] GC(1) O: Unregister NMethod: java.util.stream.StreamOpFlag.isKnown (0x00007cb6137bb888) [0x00007cb6137bb980, 0x00007cb6137bbad8] 
[4,246s][debug][gc,nmethod     ] GC(1) O: Unregister NMethod: java.lang.StringBuilder.toString (0x00007cb632c5ad88) [0x00007cb632c5ae80, 0x00007cb632c5b288] 
[4,246s][debug][gc,nmethod     ] GC(1) O: Unregister NMethod: io.sirix.node.xml.ElementNode.setRightSiblingKey (0x00007cb613cdbf08) [0x00007cb613cdc000, 0x00007cb613ce1128] 
[4,246s][debug][gc,nmethod     ] GC(1) O: Unregister NMethod: io.sirix.axis.AbstractAxis.<init> (0x00007cb632d10b08) [0x00007cb632d10c00, 0x00007cb632d10fc8] 
[4,246s][debug][gc,nmethod     ] GC(1) O: Unregister NMethod: java.util.Arrays.copyOf (0x00007cb613b35c08) [0x00007cb613b35d00, 0x00007cb613b360c8] 
[4,246s][debug][gc,nmethod     ] GC(1) O: Unregister NMethod: jdk.internal.foreign.MemorySessionImpl.checkValidStateRaw (0x00007cb613861188) [0x00007cb613861280, 0x00007cb6138614b0] 
[4,246s][debug][gc,nmethod     ] GC(1) O: Unregister NMethod: com.github.benmanes.caffeine.cache.PS.isAlive (0x00007cb6140d6c88) [0x00007cb6140d6d80, 0x00007cb6140d81f8] 
[4,246s][debug][gc,nmethod     ] GC(1) O: Unregister NMethod: java.lang.invoke.InvokerBytecodeGenerator.emitPushArgument (0x00007cb613697b08) [0x00007cb613697c00, 0x00007cb61369a7c8] 
[4,246s][debug][gc,nmethod     ] GC(1) O: Unregister NMethod: java.lang.StringLatin1.inflate (0x00007cb61340bd08) [0x00007cb61340be00, 0x00007cb61340bff0] 
[4,246s][debug][gc,nmethod     ] GC(1) O: Unregister NMethod: io.sirix.node.xml.TextNode.hasRightSibling (0x00007cb613bc4808) [0x00007cb613bc4900, 0x00007cb613bc9d38] 
[4,246s][debug][gc,nmethod     ] GC(1) O: Unregister NMethod: jdk.internal.foreign.AbstractMemorySegmentImpl.toArray (0x00007cb613f33788) [0x00007cb613f33880, 0x00007cb613f339f0] 
[4,246s][debug][gc,nmethod     ] GC(1) O: Unregister NMethod: io.sirix.access.trx.page.NodePageTrx.getPageContainer (0x00007cb614008c88) [0x00007cb614008d80, 0x00007cb614009ec0] 
[4,246s][debug][gc,nmethod     ] GC(1) O: Unregister NMethod: io.sirix.node.xml.TextNode.getParentKey (0x00007cb613aed708) [0x00007cb613aed800, 0x00007cb613af27e8] 
[4,246s][debug][gc,nmethod     ] GC(1) O: Unregister NMethod: io.sirix.page.KeyValueLeafPage.getDeweyId (0x00007cb613e9ae08) [0x00007cb613e9af00, 0x00007cb613ea06b0] 
[4,246s][debug][gc,nmethod     ] GC(1) O: Unregister NMethod: jdk.internal.foreign.MemorySessionImpl$ResourceList.cleanup (0x00007cb613f6dc08) [0x00007cb613f6dd00, 0x00007cb613f6e430] 
[4,246s][debug][gc,nmethod     ] GC(1) O: Unregister NMethod: io.sirix.node.BytesOut.asBytesIn (0x00007cb613ba0d08) [0x00007cb613ba0e00, 0x00007cb613ba1aa8] 
[4,246s][debug][gc,nmethod     ] GC(1) O: Unregister NMethod: java.lang.String.substring (0x00007cb613881088) [0x00007cb613881180, 0x00007cb613881918] 
[4,246s][debug][gc,nmethod     ] GC(1) O: Unregister NMethod: jdk.internal.foreign.AbstractMemorySegmentImpl.get (0x00007cb613a78f08) [0x00007cb613a79000, 0x00007cb613a7c930] 
[4,246s][debug][gc,nmethod     ] GC(1) O: Unregister NMethod: io.sirix.node.xml.ElementNode.setChildCount (0x00007cb613bc9d88) [0x00007cb613bc9e80, 0x00007cb613bcd9a0] 
[4,246s][debug][gc,nmethod     ] GC(1) O: Unregister NMethod: jdk.internal.misc.ScopedMemoryAccess.putByte (0x00007cb613ad0308) [0x00007cb613ad0400, 0x00007cb613ad1078] 
[4,246s][debug][gc,nmethod     ] GC(1) O: Unregister NMethod: java.util.stream.Collectors.toMap (0x00007cb6140ecb88) [0x00007cb6140ecc80, 0x00007cb6140ed588] 
[4,247s][debug][gc,nmethod     ] GC(1) O: Unregister NMethod: io.sirix.access.trx.node.AbstractNodeReadOnlyTrx.moveToParent (0x00007cb613be2b88) [0x00007cb613be2c80, 0x00007cb613be34e0] 
[4,247s][debug][gc,nmethod     ] GC(1) O: Unregister NMethod: io.sirix.node.xml.ElementNode.<init> (0x00007cb613c9d008) [0x00007cb613c9d100, 0x00007cb613c9e110] 
[4,247s][debug][gc,nmethod     ] GC(1) O: Unregister NMethod: io.sirix.node.xml.ElementNode.hasRightSibling (0x00007cb614091308) [0x00007cb614091400, 0x00007cb614096838] 
[4,247s][debug][gc,nmethod     ] GC(1) O: Unregister NMethod: jdk.internal.foreign.SegmentFactories.allocateNativeSegment (0x00007cb613e14b88) [0x00007cb613e14c80, 0x00007cb613e15240] 
[4,247s][debug][gc,nmethod     ] GC(1) O: Unregister NMethod: sun.security.provider.DigestBase.implCompressMultiBlock0 (0x00007cb613f70188) [0x00007cb613f70280, 0x00007cb613f70650] 
[4,247s][debug][gc,nmethod     ] GC(1) O: Unregister NMethod: io.sirix.access.trx.page.NodePageTrx.prepareRecordPage (0x00007cb632ceb708) [0x00007cb632ceb800, 0x00007cb632cec388] 
[4,247s][debug][gc,nmethod     ] GC(1) O: Unregister NMethod: java.util.concurrent.ConcurrentHashMap$Traverser.<init> (0x00007cb613f70c88) [0x00007cb613f70d80, 0x00007cb613f70fe0] 
[4,247s][debug][gc,nmethod     ] GC(1) O: Unregister NMethod: io.sirix.node.xml.ElementNode.getChildCount (0x00007cb613b70388) [0x00007cb613b70480, 0x00007cb613b73e88] 
[4,247s][debug][gc,nmethod     ] GC(1) O: Unregister NMethod: io.sirix.node.xml.ElementNode.getHash (0x00007cb613adeb08) [0x00007cb613adec00, 0x00007cb613ae2470] 
[4,247s][debug][gc,nmethod     ] GC(1) O: Unregister NMethod: io.sirix.axis.AbstractAxis.nextLong (0x00007cb614090708) [0x00007cb614090800, 0x00007cb614091290] 
[4,247s][debug][gc,nmethod     ] GC(1) O: Unregister NMethod: java.util.BitSet.and (0x00007cb613b18088) [0x00007cb613b18180, 0x00007cb613b185d0] 
[4,247s][debug][gc,nmethod     ] GC(1) O: Unregister NMethod: com.sun.org.apache.xerces.internal.impl.XMLDocumentFragmentScannerImpl$ElementStack.nextElement (0x00007cb613c8a588) [0x00007cb613c8a680, 0x00007cb613c8b080] 
[4,247s][debug][gc,nmethod     ] GC(1) O: Unregister NMethod: jdk.internal.foreign.AbstractMemorySegmentImpl.asSliceNoCheck (0x00007cb632ca1a88) [0x00007cb632ca1b80, 0x00007cb632ca1cf8] 
[4,247s][debug][gc,nmethod     ] GC(1) O: Unregister NMethod: io.sirix.access.trx.page.NodePageTrx.createRecord (0x00007cb632d05588) [0x00007cb632d05680, 0x00007cb632d06b30] 
[4,247s][debug][gc,nmethod     ] GC(1) O: Unregister NMethod: io.sirix.node.xml.AttributeNode.<init> (0x00007cb613d68b08) [0x00007cb613d68c00, 0x00007cb613d69270] 
[4,247s][debug][gc,nmethod     ] GC(1) O: Unregister NMethod: jdk.internal.classfile.impl.AbstractPoolEntry$ClassEntryImpl.hashCode (0x00007cb6134f2108) [0x00007cb6134f2200, 0x00007cb6134f30f8] 
[4,247s][debug][gc,nmethod     ] GC(1) O: Unregister NMethod: java.lang.CharacterDataLatin1.equalsIgnoreCase (0x00007cb632c97e88) [0x00007cb632c97f80, 0x00007cb632c98090] 
[4,247s][debug][gc,nmethod     ] GC(1) O: Unregister NMethod: io.sirix.access.trx.node.xml.XmlNodeReadOnlyTrxImpl.getResourceSession (0x00007cb613bb7b08) [0x00007cb613bb7c00, 0x00007cb613bb8278] 
[4,247s][debug][gc,nmethod     ] GC(1) O: Unregister NMethod: io.sirix.node.MemorySegmentBytesIn.readStopBit (0x00007cb614018908) [0x00007cb614018a00, 0x00007cb614018c30] 
[4,247s][debug][gc,nmethod     ] GC(1) O: Unregister NMethod: jdk.internal.foreign.AbstractMemorySegmentImpl.toArray (0x00007cb613f31a88) [0x00007cb613f31b80, 0x00007cb613f33740] 
[4,247s][debug][gc,nmethod     ] GC(1) O: Unregister NMethod: jdk.internal.foreign.AbstractMemorySegmentImpl.isAlignedForElement (0x00007cb6137cb188) [0x00007cb6137cb280, 0x00007cb6137cbc40] 
[4,247s][debug][gc,nmethod     ] GC(1) O: Unregister NMethod: java.util.ArrayList.isEmpty (0x00007cb613517608) [0x00007cb613517700, 0x00007cb613517850] 
[4,247s][debug][gc,nmethod     ] GC(1) O: Unregister NMethod: io.sirix.index.path.summary.PathSummaryReader.moveTo (0x00007cb614000808) [0x00007cb614000900, 0x00007cb614001608] 
[4,247s][debug][gc,nmethod     ] GC(1) O: Unregister NMethod: java.util.stream.AbstractPipeline.wrapSink (0x00007cb632c7a808) [0x00007cb632c7a900, 0x00007cb632c7af90] 
[4,247s][debug][gc,nmethod     ] GC(1) O: Unregister NMethod: io.sirix.access.trx.page.NodePageTrx$$Lambda/0x000000002628d158.apply (0x00007cb614001988) [0x00007cb614001a80, 0x00007cb614001e48] 
[4,247s][debug][gc,nmethod     ] GC(1) O: Unregister NMethod: org.gradle.internal.io.StreamByteBuffer$StreamByteBufferChunk.spaceLeft (0x00007cb6139ff308) [0x00007cb6139ff400, 0x00007cb6139ff508] 
[4,247s][debug][gc,nmethod     ] GC(1) O: Unregister NMethod: io.sirix.access.trx.page.NodePageReadOnlyTrx.getCurrentMaxIndirectPageTreeLevel (0x00007cb613fec588) [0x00007cb613fec680, 0x00007cb613ff3e58] 
[4,247s][debug][gc,nmethod     ] GC(1) O: Unregister NMethod: jdk.internal.foreign.AbstractMemorySegmentImpl$$Lambda/0x000000002625f620.apply (0x00007cb613f31488) [0x00007cb613f31580, 0x00007cb613f31700] 
[4,247s][debug][gc,nmethod     ] GC(1) O: Unregister NMethod: jdk.internal.classfile.impl.RawBytecodeHelper.isStoreIntoLocal (0x00007cb61347e908) [0x00007cb61347ea00, 0x00007cb61347eb58] 
[4,247s][debug][gc,nmethod     ] GC(1) O: Unregister NMethod: io.sirix.page.KeyValueLeafPage.setData (0x00007cb613eea608) [0x00007cb613eea700, 0x00007cb613f2fe80] 
[4,247s][debug][gc,nmethod     ] GC(1) O: Unregister NMethod: java.lang.String.concat (0x00007cb6134d4b08) [0x00007cb6134d4c00, 0x00007cb6134d6f00] 
[4,247s][debug][gc,nmethod     ] GC(1) O: Unregister NMethod: com.sun.org.apache.xerces.internal.xni.QName.setValues (0x00007cb613d46308) [0x00007cb613d46400, 0x00007cb613d467b8] 
[4,247s][debug][gc,nmethod     ] GC(1) O: Unregister NMethod: java.lang.classfile.CodeBuilder.loadConstant (0x00007cb61343ed88) [0x00007cb61343ee80, 0x00007cb613441e58] 
[4,247s][debug][gc,nmethod     ] GC(1) O: Unregister NMethod: io.sirix.node.immutable.xml.ImmutableElement.getPathNodeKey (0x00007cb613c84d08) [0x00007cb613c84e00, 0x00007cb613c8a048] 
[4,247s][debug][gc,nmethod     ] GC(1) O: Unregister NMethod: io.sirix.query.node.SubtreeProcessor.notifyStartElement (0x00007cb613cbd508) [0x00007cb613cbd600, 0x00007cb613cbe060] 
[4,247s][debug][gc,nmethod     ] GC(1) O: Unregister NMethod: java.lang.String.<init> (0x00007cb632d0db88) [0x00007cb632d0dc80, 0x00007cb632d0dfc8] 
[4,247s][debug][gc,nmethod     ] GC(1) O: Unregister NMethod: io.sirix.access.trx.node.xml.XmlDeweyIDManager.newAttributeID (0x00007cb613d5e508) [0x00007cb613d5e600, 0x00007cb613d62828] 
[4,247s][debug][gc,nmethod     ] GC(1) O: Unregister NMethod: java.nio.HeapByteBuffer.putLong (0x00007cb6141c9c08) [0x00007cb6141c9d00, 0x00007cb6141cb810] 
[4,247s][debug][gc,nmethod     ] GC(1) O: Unregister NMethod: java.nio.channels.spi.AbstractInterruptibleChannel.blockedOn (0x00007cb613f72f88) [0x00007cb613f73080, 0x00007cb613f73740] 
[4,247s][debug][gc,nmethod     ] GC(1) O: Unregister NMethod: io.sirix.query.node.XmlDBNode.<init> (0x00007cb614087788) [0x00007cb614087880, 0x00007cb614089110] 
[4,247s][debug][gc,nmethod     ] GC(1) O: Unregister NMethod: java.lang.ref.SoftReference.get (0x00007cb613422f88) [0x00007cb613423080, 0x00007cb613423240] 
[4,247s][debug][gc,nmethod     ] GC(1) O: Unregister NMethod: com.sun.org.apache.xerces.internal.impl.XMLDocumentFragmentScannerImpl.getCharacterData (0x00007cb613c1c288) [0x00007cb613c1c380, 0x00007cb613c1c548] 
[4,247s][debug][gc,nmethod     ] GC(1) O: Unregister NMethod: jdk.internal.classfile.impl.SplitConstantPool.maybeCloneUtf8Entry (0x00007cb6134e8688) [0x00007cb6134e8780, 0x00007cb6134e9820] 
[4,247s][debug][gc,nmethod     ] GC(1) O: Unregister NMethod: java.lang.Long.valueOf (0x00007cb6134dfc08) [0x00007cb6134dfd00, 0x00007cb6134e0040] 
[4,247s][debug][gc,nmethod     ] GC(1) O: Unregister NMethod: com.google.common.base.Preconditions.checkArgument (0x00007cb613ac7f88) [0x00007cb613ac8080, 0x00007cb613ac8500] 
[4,247s][debug][gc,nmethod     ] GC(1) O: Unregister NMethod: java.lang.String.indexOf (0x00007cb61358ce08) [0x00007cb61358cf00, 0x00007cb61358d9b8] 
[4,247s][debug][gc,nmethod     ] GC(1) O: Unregister NMethod: jdk.internal.foreign.Utils.isPowerOfTwo (0x00007cb613e9a808) [0x00007cb613e9a900, 0x00007cb613e9aa40] 
[4,247s][debug][gc,nmethod     ] GC(1) O: Unregister NMethod: org.gradle.internal.io.LineBufferingOutputStream.write (0x00007cb613a00888) [0x00007cb613a00980, 0x00007cb613a02168] 
[4,247s][debug][gc,nmethod     ] GC(1) O: Unregister NMethod: java.util.ArrayList.grow (0x00007cb61367e988) [0x00007cb61367ea80, 0x00007cb61367f2d0] 
[4,247s][debug][gc,nmethod     ] GC(1) O: Unregister NMethod: jdk.internal.foreign.AbstractMemorySegmentImpl.asSlice (0x00007cb613761908) [0x00007cb613761a00, 0x00007cb613761cf8] 
[4,247s][debug][gc,nmethod     ] GC(1) O: Unregister NMethod: jdk.internal.foreign.Utils.alignUp (0x00007cb613b78988) [0x00007cb613b78a80, 0x00007cb613b78b78] 
[4,247s][debug][gc,nmethod     ] GC(1) O: Unregister NMethod: jdk.internal.foreign.AbstractMemorySegmentImpl.<init> (0x00007cb613525908) [0x00007cb613525a00, 0x00007cb613525be0] 
[4,247s][debug][gc,nmethod     ] GC(1) O: Unregister NMethod: jdk.internal.foreign.NativeMemorySegmentImpl.makeByteBuffer (0x00007cb613c07108) [0x00007cb613c07200, 0x00007cb613c07370] 
[4,247s][debug][gc,nmethod     ] GC(1) O: Unregister NMethod: jdk.internal.foreign.AbstractMemorySegmentImpl.asSlice (0x00007cb632ca1488) [0x00007cb632ca1580, 0x00007cb632ca1768] 
[4,247s][debug][gc,nmethod     ] GC(1) O: Unregister NMethod: io.sirix.node.xml.ElementNode.setFirstChildKey (0x00007cb613cf4788) [0x00007cb613cf4880, 0x00007cb613cf99a8] 
[4,247s][debug][gc,nmethod     ] GC(1) O: Unregister NMethod: io.sirix.node.SirixDeweyID.<init> (0x00007cb613ce5688) [0x00007cb613ce5780, 0x00007cb613ce5be8] 
[4,247s][debug][gc,nmethod     ] GC(1) O: Unregister NMethod: com.sun.org.apache.xerces.internal.util.AugmentationsImpl$SmallContainer.clear (0x00007cb613d4d008) [0x00007cb613d4d100, 0x00007cb613d4d880] 
[4,247s][debug][gc,nmethod     ] GC(1) O: Unregister NMethod: jdk.internal.foreign.layout.MemoryLayoutUtil.requireByteSizeValid (0x00007cb613ea0e08) [0x00007cb613ea0f00, 0x00007cb613ea1c68] 
[4,247s][debug][gc,nmethod     ] GC(1) O: Unregister NMethod: jdk.internal.misc.Unsafe.checkOffset (0x00007cb613449f88) [0x00007cb61344a080, 0x00007cb61344a2e0] 
[4,247s][debug][gc,nmethod     ] GC(1) O: Unregister NMethod: io.sirix.axis.pathsummary.AbstractAxis.hasNext (0x00007cb614020888) [0x00007cb614020980, 0x00007cb614021028] 
[4,247s][debug][gc,nmethod     ] GC(1) O: Unregister NMethod: java.lang.Math.max (0x00007cb6134f9a88) [0x00007cb6134f9b80, 0x00007cb6134f9ca8] 
[4,247s][debug][gc,nmethod     ] GC(1) O: Unregister NMethod: java.lang.StringUTF16.toBytes (0x00007cb614335588) [0x00007cb614335680, 0x00007cb614335960] 
[4,247s][debug][gc,nmethod     ] GC(1) O: Unregister NMethod: com.sun.org.apache.xerces.internal.impl.XMLNSDocumentScannerImpl.scanStartElement (0x00007cb632d6d488) [0x00007cb632d6d580, 0x00007cb632d6fc10] 
[4,247s][debug][gc,nmethod     ] GC(1) O: Unregister NMethod: io.sirix.node.GrowingMemorySegment.write (0x00007cb613b9ac88) [0x00007cb613b9ad80, 0x00007cb613ba0930] 
[4,247s][debug][gc,nmethod     ] GC(1) O: Unregister NMethod: java.lang.invoke.VarHandleSegmentAsInts.set (0x00007cb613aa7108) [0x00007cb613aa7200, 0x00007cb613aac7d0] 
[4,247s][debug][gc,nmethod     ] GC(1) O: Unregister NMethod: io.sirix.access.trx.node.AbstractDeweyIDManager.newRightSiblingID (0x00007cb613c0e108) [0x00007cb613c0e200, 0x00007cb613c111d8] 
[4,247s][debug][gc,nmethod     ] GC(1) O: Unregister NMethod: jdk.internal.misc.ScopedMemoryAccess.getLongUnaligned (0x00007cb632d92f88) [0x00007cb632d93080, 0x00007cb632d93240] 
[4,247s][debug][gc,nmethod     ] GC(1) O: Unregister NMethod: java.lang.String.getBytes (0x00007cb632c17a08) [0x00007cb632c17b00, 0x00007cb632c17e40] 
[4,247s][debug][gc,nmethod     ] GC(1) O: Unregister NMethod: jdk.internal.classfile.impl.StackMapGenerator$Frame.checkStack (0x00007cb6134f6508) [0x00007cb6134f6600, 0x00007cb6134f7248] 
[4,247s][debug][gc,nmethod     ] GC(1) O: Unregister NMethod: io.sirix.cache.LinuxMemorySegmentAllocator.partitionVirtualRegion (0x00007cb61378c108) [0x00007cb61378c200, 0x00007cb61378d180] 
[4,247s][debug][gc,nmethod     ] GC(1) O: Unregister NMethod: io.sirix.access.trx.node.AbstractNodeHashing.rollingAdd (0x00007cb614160888) [0x00007cb614160980, 0x00007cb614165c80] 
[4,247s][debug][gc,nmethod     ] GC(1) O: Unregister NMethod: io.sirix.node.SirixDeweyID.newBetween (0x00007cb613c22208) [0x00007cb613c22300, 0x00007cb613c25518] 
[4,247s][debug][gc,nmethod     ] GC(1) O: Unregister NMethod: io.sirix.node.xml.ElementNode.getURIKey (0x00007cb613cc5288) [0x00007cb613cc5380, 0x00007cb613cca370] 
[4,247s][debug][gc,nmethod     ] GC(1) O: Unregister NMethod: io.sirix.utils.XMLToken.ncName (0x00007cb632d19808) [0x00007cb632d19900, 0x00007cb632d19c58] 
[4,247s][debug][gc,nmethod     ] GC(1) O: Unregister NMethod: io.sirix.access.trx.node.AbstractNodeReadOnlyTrx.getNodeKey (0x00007cb613b27188) [0x00007cb613b27280, 0x00007cb613b278e8] 
[4,247s][debug][gc,nmethod     ] GC(1) O: Unregister NMethod: io.sirix.access.trx.page.NodePageReadOnlyTrx.getValue (0x00007cb632cdb608) [0x00007cb632cdb700, 0x00007cb632cdb8a0] 
[4,247s][debug][gc,nmethod     ] GC(1) O: Unregister NMethod: net.jpountz.lz4.LZ4BlockOutputStream.writeIntLE (0x00007cb613f5b288) [0x00007cb613f5b380, 0x00007cb613f5b508] 
[4,247s][debug][gc,nmethod     ] GC(1) O: Unregister NMethod: com.sun.org.apache.xerces.internal.impl.XMLEntityScanner.checkLimit (0x00007cb613c7c788) [0x00007cb613c7c880, 0x00007cb613c84ce0] 
[4,247s][debug][gc,nmethod     ] GC(1) O: Unregister NMethod: io.sirix.query.node.SubtreeProcessor.notifyEndElement (0x00007cb613ccf688) [0x00007cb613ccf780, 0x00007cb613cd01e0] 
[4,247s][debug][gc,nmethod     ] GC(1) O: Unregister NMethod: io.sirix.access.trx.page.NodePageTrx.createNameKey (0x00007cb6141a6088) [0x00007cb6141a6180, 0x00007cb6141a7bb8] 
[4,247s][debug][gc,nmethod     ] GC(1) O: Unregister NMethod: java.util.BitSet.and (0x00007cb632d37608) [0x00007cb632d37740, 0x00007cb632d37c60] 
[4,247s][debug][gc,nmethod     ] GC(1) O: Unregister NMethod: io.sirix.query.node.SubtreeBuilder.text (0x00007cb613c30c88) [0x00007cb613c30d80, 0x00007cb613c31718] 
[4,247s][debug][gc,nmethod     ] GC(1) O: Unregister NMethod: java.lang.foreign.MemorySegment.copy (0x00007cb613c35a08) [0x00007cb613c35b00, 0x00007cb613c3eae8] 
[4,247s][debug][gc,nmethod     ] GC(1) O: Unregister NMethod: com.sun.org.apache.xerces.internal.impl.XMLEntityScanner.scanQName (0x00007cb613ddb308) [0x00007cb613ddb400, 0x00007cb613ddd638] 
[4,247s][debug][gc,nmethod     ] GC(1) O: Unregister NMethod: com.sun.org.apache.xerces.internal.impl.XMLEntityScanner.scanContent (0x00007cb613ddd688) [0x00007cb613ddd780, 0x00007cb613dde6f8] 
[4,247s][debug][gc,nmethod     ] GC(1) O: Unregister NMethod: java.lang.StringConcatHelper.prepend (0x00007cb632e1f788) [0x00007cb632e1f880, 0x00007cb632e1ff50] 
[4,247s][debug][gc,nmethod     ] GC(1) O: Unregister NMethod: io.sirix.node.xml.AttributeNode.getParentKey (0x00007cb613c42008) [0x00007cb613c42100, 0x00007cb613c470e8] 
[4,247s][debug][gc,nmethod     ] GC(1) O: Unregister NMethod: io.sirix.node.MemorySegmentBytesOut.writeLong (0x00007cb613ac5588) [0x00007cb613ac5680, 0x00007cb613ac5818] 
[4,247s][debug][gc,nmethod     ] Register NMethod: io.sirix.page.KeyValueLeafPage.getReferences (0x00007cb61452db88) [0x00007cb61452dc80, 0x00007cb61452e490] Compiler: c1, Barriers: 1, Oops: 1, ImmediateOops: 0, NonImmediateOops: No
[4,247s][debug][gc,nmethod     ] GC(1) O: Unregister NMethod: jdk.internal.classfile.impl.BufWriterImpl.writeU1U2U2 (0x00007cb613503f88) [0x00007cb613504080, 0x00007cb613504578] 
[4,247s][debug][gc,nmethod     ] GC(1) O: Unregister NMethod: it.unimi.dsi.fastutil.shorts.ShortArrayList$1.nextShort (0x00007cb613fe6d88) [0x00007cb613fe6e80, 0x00007cb613fe71d8] 
[4,247s][debug][gc,nmethod     ] GC(1) O: Unregister NMethod: jdk.internal.foreign.ArenaImpl.allocate (0x00007cb613e16688) [0x00007cb613e16780, 0x00007cb613e16a78] 
[4,247s][debug][gc,nmethod     ] GC(1) O: Unregister NMethod: jdk.internal.misc.Unsafe.checkPointer (0x00007cb61354b508) [0x00007cb61354b600, 0x00007cb61354b970] 
[4,247s][debug][gc,nmethod     ] GC(1) O: Unregister NMethod: java.util.HashMap.computeIfAbsent (0x00007cb61352ee08) [0x00007cb61352ef00, 0x00007cb613531708] 
[4,247s][debug][gc,nmethod     ] GC(1) O: Unregister NMethod: com.sun.org.apache.xerces.internal.util.NamespaceSupport.getURI (0x00007cb613c67708) [0x00007cb613c67800, 0x00007cb613c67af0] 
[4,247s][debug][gc,nmethod     ] GC(1) O: Unregister NMethod: java.lang.invoke.VarHandleSegmentAsLongs.set (0x00007cb613abd808) [0x00007cb613abd900, 0x00007cb613ac2ed0] 
[4,247s][debug][gc,nmethod     ] GC(1) O: Unregister NMethod: com.sun.org.apache.xerces.internal.util.XMLAttributesImpl.getQName (0x00007cb613d4e708) [0x00007cb613d4e800, 0x00007cb613d4ead0] 
[4,247s][debug][gc,nmethod     ] GC(1) O: Unregister NMethod: jdk.internal.classfile.impl.StackMapGenerator$Type.referenceType (0x00007cb613567d08) [0x00007cb613567e00, 0x00007cb6135680d0] 
[4,247s][debug][gc,nmethod     ] GC(1) O: Unregister NMethod: com.sun.org.apache.xerces.internal.impl.XMLDocumentFragmentScannerImpl$ElementStack.popElement (0x00007cb613cb1608) [0x00007cb613cb1700, 0x00007cb613cb1a50] 
[4,247s][debug][gc,nmethod     ] GC(1) O: Unregister NMethod: io.sirix.access.trx.node.AbstractNodeReadOnlyTrx.getNodeKey (0x00007cb632cf5808) [0x00007cb632cf5900, 0x00007cb632cf5a50] 
[4,247s][debug][gc,nmethod     ] GC(1) O: Unregister NMethod: com.sun.org.apache.xerces.internal.impl.XMLDocumentFragmentScannerImpl$FragmentContentDriver.next (0x00007cb632cf8b88) [0x00007cb632cf8c80, 0x00007cb632cfa4e0] 
[4,248s][debug][gc,nmethod     ] GC(1) O: Unregister NMethod: io.sirix.access.trx.node.xml.XmlNodeTrxImpl.insertTextAsFirstChild (0x00007cb613cfd488) [0x00007cb613cfd580, 0x00007cb613d05540] 
[4,248s][debug][gc,nmethod     ] GC(1) O: Unregister NMethod: io.sirix.node.GrowingMemorySegment.writeLong (0x00007cb613ac9308) [0x00007cb613ac9400, 0x00007cb613acd230] 
[4,248s][debug][gc,nmethod     ] GC(1) O: Unregister NMethod: io.sirix.axis.AbstractAxis.hasNext (0x00007cb632e32708) [0x00007cb632e32800, 0x00007cb632e32eb8] 
[4,248s][debug][gc,nmethod     ] GC(1) O: Unregister NMethod: io.sirix.node.xml.ElementNode.getDescendantCount (0x00007cb613af6c88) [0x00007cb613af6d80, 0x00007cb613afa5f8] 
[4,248s][debug][gc,nmethod     ] GC(1) O: Unregister NMethod: io.sirix.cache.IndexLogKey.hashCode (0x00007cb613c8a088) [0x00007cb613c8a180, 0x00007cb613c8a528] 
[4,248s][debug][gc,nmethod     ] GC(1) O: Unregister NMethod: io.sirix.access.trx.node.AbstractNodeReadOnlyTrx.moveTo (0x00007cb613adae88) [0x00007cb613adaf80, 0x00007cb613adcaf8] 
[4,248s][debug][gc,nmethod     ] GC(1) O: Unregister NMethod: jdk.internal.loader.URLClassPath$FileLoader.getResource (0x00007cb613710f88) [0x00007cb613711080, 0x00007cb613713298] 
[4,248s][debug][gc,nmethod     ] GC(1) O: Unregister NMethod: jdk.internal.foreign.SegmentFactories.allocateNativeSegment (0x00007cb613b79488) [0x00007cb613b79580, 0x00007cb613b79b40] 
[4,248s][debug][gc,nmethod     ] GC(1) O: Unregister NMethod: io.sirix.axis.filter.FilterAxis.<init> (0x00007cb613c70d88) [0x00007cb613c70e80, 0x00007cb613c73a18] 
[4,248s][debug][gc,nmethod     ] GC(1) O: Unregister NMethod: jdk.internal.classfile.impl.TerminalCodeBuilder.setupTopLocal (0x00007cb6136bb308) [0x00007cb6136bb400, 0x00007cb6136bd988] 
[4,248s][debug][gc,nmethod     ] GC(1) O: Unregister NMethod: io.sirix.api.PageReadOnlyTrx.recordPageOffset (0x00007cb613abd188) [0x00007cb613abd280, 0x00007cb613abd378] 
[4,248s][debug][gc,nmethod     ] GC(1) O: Unregister NMethod: io.sirix.index.path.summary.PathSummaryReader.moveTo (0x00007cb613b1f288) [0x00007cb613b1f380, 0x00007cb613b20088] 
[4,248s][debug][gc,nmethod     ] GC(1) O: Unregister NMethod: io.sirix.index.path.summary.PathSummaryReader.hasRightSibling (0x00007cb613c26288) [0x00007cb613c26380, 0x00007cb613c26b18] 
[4,248s][debug][gc,nmethod     ] GC(1) O: Unregister NMethod: io.sirix.node.MemorySegmentBytesOut.position (0x00007cb613e2db88) [0x00007cb613e2dc80, 0x00007cb613e2ddd0] 
[4,248s][debug][gc,nmethod     ] GC(1) O: Unregister NMethod: jdk.internal.foreign.SegmentFactories.allocateNativeInternal (0x00007cb613b8ab88) [0x00007cb613b8ac80, 0x00007cb613b8e0d8] 
[4,248s][debug][gc,nmethod     ] GC(1) O: Unregister NMethod: io.sirix.node.xml.ElementNode.computeHash (0x00007cb613d16b08) [0x00007cb613d16c00, 0x00007cb613d46248] 
[4,248s][debug][gc,nmethod     ] GC(1) O: Unregister NMethod: jdk.internal.classfile.impl.UnboundAttribute$AdHocAttribute.writeTo (0x00007cb6136c0e88) [0x00007cb6136c0f80, 0x00007cb6136c29c0] 
[4,248s][debug][gc,nmethod     ] GC(1) O: Unregister NMethod: io.sirix.access.trx.node.xml.XmlNodeFactoryImpl.createPathNode (0x00007cb613dcc688) [0x00007cb613dcc780, 0x00007cb613dcf8f8] 
[4,248s][debug][gc,nmethod     ] GC(1) O: Unregister NMethod: io.sirix.index.path.summary.PathNode.getLocalNameKey (0x00007cb613bcea88) [0x00007cb613bceb80, 0x00007cb613bcece0] 
[4,248s][debug][gc,nmethod     ] GC(1) O: Unregister NMethod: io.sirix.access.trx.node.xml.XmlNodeTrxImpl.adaptForInsert (0x00007cb613bc1908) [0x00007cb613bc1a00, 0x00007cb613bc47c8] 
[4,248s][debug][gc,nmethod     ] GC(1) O: Unregister NMethod: io.sirix.node.MemorySegmentBytesOut.<init> (0x00007cb613e2c988) [0x00007cb613e2ca80, 0x00007cb613e2cd08] 
[4,248s][debug][gc,nmethod     ] GC(1) O: Unregister NMethod: java.util.concurrent.ConcurrentHashMap.putVal (0x00007cb6136d1e88) [0x00007cb6136d1f80, 0x00007cb6136d44c8] 
[4,248s][debug][gc,nmethod     ] GC(1) O: Unregister NMethod: java.util.ArrayDeque.isEmpty (0x00007cb6138e2c88) [0x00007cb6138e2d80, 0x00007cb6138e2ed0] 
[4,248s][debug][gc,nmethod     ] GC(1) O: Unregister NMethod: io.sirix.index.path.summary.PathSummaryReader.getLevel (0x00007cb632d56788) [0x00007cb632d56880, 0x00007cb632d569a0] 
[4,248s][debug][gc,nmethod     ] GC(1) O: Unregister NMethod: io.sirix.node.MemorySegmentBytesIn.readInt (0x00007cb613fd6b08) [0x00007cb613fd6c00, 0x00007cb613fda810] 
[4,248s][debug][gc,nmethod     ] GC(1) O: Unregister NMethod: java.lang.String.rangeCheck (0x00007cb613450108) [0x00007cb613450200, 0x00007cb613450468] 
[4,248s][debug][gc,nmethod     ] GC(1) O: Unregister NMethod: io.sirix.access.trx.node.AbstractNodeHashing.rollingAdd (0x00007cb613bab288) [0x00007cb613bab380, 0x00007cb613bb06e0] 
[4,248s][debug][gc,nmethod     ] GC(1) O: Unregister NMethod: io.sirix.node.NodeSerializerImpl.serializeDeweyID (0x00007cb613ea0708) [0x00007cb613ea0800, 0x00007cb613ea0de8] 
[4,248s][debug][gc,nmethod     ] GC(1) O: Unregister NMethod: io.sirix.index.path.summary.PathSummaryWriter.getPathNodeKey (0x00007cb61417ff08) [0x00007cb614180000, 0x00007cb614183e60] 
[4,248s][debug][gc,nmethod     ] GC(1) O: Unregister NMethod: io.sirix.access.trx.node.xml.XmlNodeReadOnlyTrxImpl.getNode (0x00007cb61418c988) [0x00007cb61418ca80, 0x00007cb61418f000] 
[4,248s][debug][gc,nmethod     ] GC(1) O: Unregister NMethod: jdk.internal.misc.Unsafe.putLongRelease (0x00007cb614127988) [0x00007cb614127a80, 0x00007cb614127b98] 
[4,248s][debug][gc,nmethod     ] GC(1) O: Unregister NMethod: java.util.stream.Sink$ChainedReference.end (0x00007cb6137cc608) [0x00007cb6137cc700, 0x00007cb6137cca40] 
[4,248s][debug][gc,nmethod     ] GC(1) O: Unregister NMethod: io.brackit.query.atomic.QNm.<init> (0x00007cb61417f508) [0x00007cb61417f600, 0x00007cb61417faa8] 
[4,248s][debug][gc,nmethod     ] GC(1) O: Unregister NMethod: com.sun.org.apache.xerces.internal.util.XMLAttributesImpl.addAttributeNS (0x00007cb613d50108) [0x00007cb613d50200, 0x00007cb613d516f0] 
[4,248s][debug][gc,nmethod     ] GC(1) O: Unregister NMethod: java.util.RegularEnumSet.contains (0x00007cb61386b108) [0x00007cb61386b200, 0x00007cb61386bca0] 
[4,248s][debug][gc,nmethod     ] GC(1) O: Unregister NMethod: java.util.zip.InflaterInputStream.read (0x00007cb6134e0a88) [0x00007cb6134e0b80, 0x00007cb6134e1c08] 
[4,248s][debug][gc,nmethod     ] GC(1) O: Unregister NMethod: com.sun.org.apache.xerces.internal.impl.XMLEntityScanner.skipChar (0x00007cb613b25908) [0x00007cb613b25a00, 0x00007cb613b25f48] 
[4,248s][debug][gc,nmethod     ] GC(1) O: Unregister NMethod: jdk.internal.foreign.AbstractMemorySegmentImpl.asSliceNoCheck (0x00007cb61340d288) [0x00007cb61340d380, 0x00007cb61340d6c0] 
[4,248s][debug][gc,nmethod     ] GC(1) O: Unregister NMethod: jdk.internal.foreign.NativeMemorySegmentImpl.dup (0x00007cb61350c708) [0x00007cb61350c800, 0x00007cb61350cdf8] 
[4,248s][debug][gc,nmethod     ] GC(1) O: Unregister NMethod: jdk.internal.classfile.impl.DirectCodeBuilder$4.writeBody (0x00007cb6136ca588) [0x00007cb6136ca680, 0x00007cb6136ce668] 
[4,248s][debug][gc,nmethod     ] GC(1) O: Unregister NMethod: io.sirix.node.xml.TextNode.getKind (0x00007cb613aec288) [0x00007cb613aec380, 0x00007cb613aec488] 
[4,248s][debug][gc,nmethod     ] GC(1) O: Unregister NMethod: java.lang.Long.numberOfTrailingZeros (0x00007cb613fdc308) [0x00007cb613fdc400, 0x00007cb613fdc5a8] 
[4,248s][debug][gc,nmethod     ] GC(1) O: Unregister NMethod: java.lang.String.<init> (0x00007cb613cc4f08) [0x00007cb613cc5000, 0x00007cb613cc5228] 
[4,248s][debug][gc,nmethod     ] GC(1) O: Unregister NMethod: io.sirix.axis.AbstractAxis.resetToLastKey (0x00007cb61416a108) [0x00007cb61416a200, 0x00007cb61416a7b8] 
[4,248s][debug][gc,nmethod     ] GC(1) O: Unregister NMethod: com.sun.org.apache.xerces.internal.impl.XMLDocumentFragmentScannerImpl.scanDocument (0x00007cb632f4f508) [0x00007cb632f4f600, 0x00007cb632f5d940] 
[4,248s][debug][gc,nmethod     ] GC(1) O: Unregister NMethod: io.sirix.page.delegates.BitmapReferencesPage.index (0x00007cb61411e688) [0x00007cb61411e780, 0x00007cb61411eca0] 
[4,248s][debug][gc,nmethod     ] GC(1) O: Unregister NMethod: java.lang.String.compareTo (0x00007cb6137bc088) [0x00007cb6137bc180, 0x00007cb6137bc9b0] 
[4,248s][debug][gc,nmethod     ] GC(1) O: Unregister NMethod: java.util.ArrayList.getFirst (0x00007cb613b20708) [0x00007cb613b20800, 0x00007cb613b20b00] 
[4,248s][debug][gc,nmethod     ] GC(1) O: Unregister NMethod: java.io.OutputStream.flush (0x00007cb613f7ef88) [0x00007cb613f7f080, 0x00007cb613f7f180] 
[4,248s][debug][gc,nmethod     ] GC(1) O: Unregister NMethod: jdk.internal.foreign.SegmentFactories$1.<init> (0x00007cb613b79188) [0x00007cb613b79280, 0x00007cb613b79450] 
[4,248s][debug][gc,nmethod     ] GC(1) O: Unregister NMethod: io.sirix.node.xml.ElementNode.hasRightSibling (0x00007cb632d1e388) [0x00007cb632d1e480, 0x00007cb632d1e8d0] 
[4,248s][debug][gc,nmethod     ] GC(1) O: Unregister NMethod: java.nio.DirectByteBuffer.<init> (0x00007cb613c08608) [0x00007cb613c08700, 0x00007cb613c08978] 
[4,248s][debug][gc,nmethod     ] GC(1) O: Unregister NMethod: java.lang.StringBuilder.append (0x00007cb632c20088) [0x00007cb632c20180, 0x00007cb632c20920] 
[4,248s][debug][gc,nmethod     ] GC(1) O: Unregister NMethod: jdk.internal.foreign.SegmentFactories.fromArray (0x00007cb613e86e08) [0x00007cb613e86f00, 0x00007cb613e87a00] 
[4,248s][debug][gc,nmethod     ] GC(1) O: Unregister NMethod: io.brackit.query.expr.StepExpr$AxisStepSequenceIter.next (0x00007cb632f15788) [0x00007cb632f15880, 0x00007cb632f172f8] 
[4,248s][debug][gc,nmethod     ] GC(1) O: Unregister NMethod: io.sirix.node.Bytes.elasticOffHeapByteBuffer (0x00007cb613ba1e08) [0x00007cb613ba1f00, 0x00007cb613ba2848] 
[4,248s][debug][gc,nmethod     ] GC(1) O: Unregister NMethod: java.util.BitSet.cardinality (0x00007cb613aff708) [0x00007cb613aff800, 0x00007cb613affa60] 
[4,248s][debug][gc,nmethod     ] GC(1) O: Unregister NMethod: io.sirix.axis.AbstractAxis.resetToLastKey (0x00007cb632e14b88) [0x00007cb632e14c80, 0x00007cb632e14ff0] 
[4,248s][debug][gc,nmethod     ] GC(1) O: Unregister NMethod: java.nio.ByteBuffer.wrap (0x00007cb613841308) [0x00007cb613841400, 0x00007cb613841670] 
[4,248s][debug][gc,nmethod     ] GC(1) O: Unregister NMethod: java.util.HashMap.putVal (0x00007cb613b6a408) [0x00007cb613b6a500, 0x00007cb613b6c890] 
[4,248s][debug][gc,nmethod     ] GC(1) O: Unregister NMethod: java.util.ArrayList.indexOfRange (0x00007cb61382f708) [0x00007cb61382f800, 0x00007cb61382fe38] 
[4,248s][debug][gc,nmethod     ] GC(1) O: Unregister NMethod: io.sirix.node.NodeSerializerImpl.serializeDeweyID (0x00007cb632db8b88) [0x00007cb632db8c80, 0x00007cb632db9f60] 
[4,248s][debug][gc,nmethod     ] GC(1) O: Unregister NMethod: java.util.concurrent.ConcurrentHashMap.replaceNode (0x00007cb613f75988) [0x00007cb613f75a80, 0x00007cb613f77e08] 
[4,248s][debug][gc,nmethod     ] GC(1) O: Unregister NMethod: io.sirix.node.MemorySegmentBytesOut.writeInt (0x00007cb613ac8a08) [0x00007cb613ac8b00, 0x00007cb613ac8c98] 
[4,248s][debug][gc,nmethod     ] GC(1) O: Unregister NMethod: com.github.benmanes.caffeine.cache.BoundedLocalCache.hasExpired (0x00007cb6140db588) [0x00007cb6140db680, 0x00007cb6140dd728] 
[4,248s][debug][gc,nmethod     ] GC(1) O: Unregister NMethod: java.lang.Integer.numberOfTrailingZeros (0x00007cb613fdc608) [0x00007cb613fdc700, 0x00007cb613fdc918] 
[4,248s][debug][gc,nmethod     ] GC(1) O: Unregister NMethod: io.sirix.page.KeyValueLeafPage.getDeweyId (0x00007cb613a37608) [0x00007cb613a37700, 0x00007cb613a3c7b8] 
[4,248s][debug][gc,nmethod     ] GC(1) O: Unregister NMethod: java.lang.StringConcatHelper.prepend (0x00007cb6134e9b88) [0x00007cb6134e9c80, 0x00007cb6134eb3d0] 
[4,248s][debug][gc,nmethod     ] GC(1) O: Unregister NMethod: io.sirix.access.trx.node.AbstractNodeReadOnlyTrx.getRightSiblingKey (0x00007cb6140af288) [0x00007cb6140af380, 0x00007cb6140afba0] 
[4,248s][debug][gc,nmethod     ] GC(1) O: Unregister NMethod: io.sirix.node.GrowingMemorySegment.grow (0x00007cb632de4e88) [0x00007cb632de4f80, 0x00007cb632de6c58] 
[4,248s][debug][gc,nmethod     ] GC(1) O: Unregister NMethod: io.sirix.node.GrowingMemorySegment.grow (0x00007cb6141b8488) [0x00007cb6141b8580, 0x00007cb6141b9130] 
[4,248s][debug][gc,nmethod     ] GC(1) O: Unregister NMethod: jdk.internal.classfile.impl.SplitConstantPool.classEntryForClassOrInterface (0x00007cb613510e88) [0x00007cb613510f80, 0x00007cb613513510] 
[4,248s][debug][gc,nmethod     ] GC(1) O: Unregister NMethod: java.lang.String.<init> (0x00007cb613418a88) [0x00007cb613418b80, 0x00007cb613418d58] 
[4,248s][debug][gc,nmethod     ] GC(1) O: Unregister NMethod: io.sirix.access.trx.page.NodePageTrx.getPageContainer (0x00007cb632ce6b08) [0x00007cb632ce6c00, 0x00007cb632ce72e8] 
[4,248s][debug][gc,nmethod     ] GC(1) O: Unregister NMethod: java.util.concurrent.locks.ReentrantLock.unlock (0x00007cb6134d2288) [0x00007cb6134d2380, 0x00007cb6134d2998] 
[4,248s][debug][gc,nmethod     ] GC(1) O: Unregister NMethod: io.sirix.axis.AbstractAxis.hasNext (0x00007cb632cf0208) [0x00007cb632cf0300, 0x00007cb632cf0a70] 
[4,248s][debug][gc,nmethod     ] GC(1) O: Unregister NMethod: jdk.internal.foreign.Utils$BaseAndScale$$TypeSwitch/0x000000002625bfa8.typeSwitch (0x00007cb613b23088) [0x00007cb613b23180, 0x00007cb613b244a8] 
[4,248s][debug][gc,nmethod     ] GC(1) O: Unregister NMethod: java.util.concurrent.ConcurrentLinkedDeque.linkLast (0x00007cb613485788) [0x00007cb613485880, 0x00007cb61348a978] 
[4,248s][debug][gc,nmethod     ] GC(1) O: Unregister NMethod: io.sirix.node.xml.ElementNode.incrementChildCount (0x00007cb613bbfc88) [0x00007cb613bbfd80, 0x00007cb613bc04b0] 
[4,248s][debug][gc,nmethod     ] GC(1) O: Unregister NMethod: io.brackit.query.expr.StepExpr$AxisStepSequenceIter.close (0x00007cb6140d4088) [0x00007cb6140d4180, 0x00007cb6140d4380] 
[4,248s][debug][gc,nmethod     ] GC(1) O: Unregister NMethod: java.util.HashMap.putIfAbsent (0x00007cb61343e388) [0x00007cb61343e480, 0x00007cb61343ea68] 
[4,248s][debug][gc,nmethod     ] GC(1) O: Unregister NMethod: java.util.concurrent.ForkJoinPool$WorkQueue.unlockPhase (0x00007cb614120d88) [0x00007cb614120e80, 0x00007cb614120f90] 
[4,248s][debug][gc,nmethod     ] GC(1) O: Unregister NMethod: java.lang.invoke.InvokerBytecodeGenerator.emitStoreResult (0x00007cb6139d7688) [0x00007cb6139d7780, 0x00007cb6139d7e38] 
[4,248s][debug][gc,nmethod     ] GC(1) O: Unregister NMethod: it.unimi.dsi.fastutil.ints.Int2IntOpenHashMap.put (0x00007cb613fdde08) [0x00007cb613fddf00, 0x00007cb613fde168] 
[4,248s][debug][gc,nmethod     ] GC(1) O: Unregister NMethod: java.util.HashSet.isEmpty (0x00007cb613445d08) [0x00007cb613445e00, 0x00007cb6134461a8] 
[4,248s][debug][gc,nmethod     ] GC(1) O: Unregister NMethod: io.sirix.page.AbstractForwardingPage.getOrCreateReference (0x00007cb613aff088) [0x00007cb613aff180, 0x00007cb613aff690] 
[4,248s][debug][gc,nmethod     ] GC(1) O: Unregister NMethod: io.sirix.node.xml.AttributeNode.getLocalNameKey (0x00007cb613d58c88) [0x00007cb613d58d80, 0x00007cb613d5dd70] 
[4,248s][debug][gc,nmethod     ] GC(1) O: Unregister NMethod: jdk.internal.foreign.ArenaImpl.allocate (0x00007cb632d08c08) [0x00007cb632d08d00, 0x00007cb632d09638] 
[4,248s][debug][gc,nmethod     ] GC(1) O: Unregister NMethod: jdk.internal.misc.ScopedMemoryAccess.copyMemory (0x00007cb6135ea108) [0x00007cb6135ea200, 0x00007cb6135eb578] 
[4,248s][debug][gc,nmethod     ] GC(1) O: Unregister NMethod: io.sirix.axis.filter.FilterAxis.<init> (0x00007cb6140aa088) [0x00007cb6140aa180, 0x00007cb6140acd08] 
[4,248s][debug][gc,nmethod     ] GC(1) O: Unregister NMethod: io.brackit.query.node.parser.SAX2SubtreeHandlerAdapter$TrimmingStringBuilder.append (0x00007cb632d5f788) [0x00007cb632d5f880, 0x00007cb632d5feb0] 
[4,248s][debug][gc,nmethod     ] GC(1) O: Unregister NMethod: com.sun.org.apache.xerces.internal.impl.XMLEntityScanner.checkEntityLimit (0x00007cb613ae6d08) [0x00007cb613ae6e00, 0x00007cb613ae70f8] 
[4,248s][debug][gc,nmethod     ] GC(1) O: Unregister NMethod: io.sirix.access.trx.node.xml.ForwardingXmlNodeReadOnlyTrx.hasRightSibling (0x00007cb613c0d008) [0x00007cb613c0d100, 0x00007cb613c0d700] 
[4,248s][debug][gc,nmethod     ] GC(1) O: Unregister NMethod: io.sirix.access.trx.node.xml.ForwardingXmlNodeReadOnlyTrx.hasFirstChild (0x00007cb613ce1188) [0x00007cb613ce1280, 0x00007cb613ce1880] 
[4,248s][debug][gc,nmethod     ] GC(1) O: Unregister NMethod: java.util.HashMap.putVal (0x00007cb632c9cd08) [0x00007cb632c9ce00, 0x00007cb632c9dd88] 
[4,248s][debug][gc,nmethod     ] GC(1) O: Unregister NMethod: java.nio.Buffer.position (0x00007cb61376b408) [0x00007cb61376b500, 0x00007cb61376b740] 
[4,248s][debug][gc,nmethod     ] GC(1) O: Unregister NMethod: java.nio.HeapByteBuffer.put (0x00007cb613f44308) [0x00007cb613f44400, 0x00007cb613f445e8] 
[4,248s][debug][gc,nmethod     ] GC(1) O: Unregister NMethod: io.sirix.node.GrowingMemorySegment.writeInt (0x00007cb613ad6c08) [0x00007cb613ad6d00, 0x00007cb613adab40] 
[4,248s][debug][gc,nmethod     ] GC(1) O: Unregister NMethod: java.lang.Integer.rotateRight (0x00007cb613414b08) [0x00007cb613414c00, 0x00007cb613414cf0] 
[4,248s][debug][gc,nmethod     ] GC(1) O: Unregister NMethod: io.sirix.access.trx.node.AbstractNodeReadOnlyTrx.hasNode (0x00007cb613c31f08) [0x00007cb613c32000, 0x00007cb613c32c30] 
[4,248s][debug][gc,nmethod     ] GC(1) O: Unregister NMethod: io.sirix.access.trx.page.NodePageTrx.lambda$getPageContainer$0 (0x00007cb614005e88) [0x00007cb614005f80, 0x00007cb614006e78] 
[4,248s][debug][gc,nmethod     ] GC(1) O: Unregister NMethod: java.nio.Buffer.checkIndex (0x00007cb613484f08) [0x00007cb613485000, 0x00007cb613485150] 
[4,248s][debug][gc,nmethod     ] GC(1) O: Unregister NMethod: io.sirix.node.GrowingMemorySegment.writeByte (0x00007cb613b42408) [0x00007cb613b42500, 0x00007cb613b46120] 
[4,248s][debug][gc,nmethod     ] GC(1) O: Unregister NMethod: jdk.internal.loader.URLClassPath$JarLoader$1.getCodeSourceURL (0x00007cb6135e4808) [0x00007cb6135e4900, 0x00007cb6135e4a68] 
[4,248s][debug][gc,nmethod     ] GC(1) O: Unregister NMethod: jdk.internal.foreign.Utils$BaseAndScale.of (0x00007cb613a83608) [0x00007cb613a83700, 0x00007cb613a84d18] 
[4,248s][debug][gc,nmethod     ] GC(1) O: Unregister NMethod: java.util.Arrays.fill (0x00007cb613533908) [0x00007cb613533a00, 0x00007cb613533b88] 
[4,248s][debug][gc,nmethod     ] GC(1) O: Unregister NMethod: com.sun.org.apache.xerces.internal.impl.XMLEntityScanner.peekChar (0x00007cb613db0808) [0x00007cb613db0900, 0x00007cb613db0db8] 
[4,249s][debug][gc,nmethod     ] GC(1) O: Unregister NMethod: io.sirix.axis.filter.FilterAxis.nextKey (0x00007cb632d3f908) [0x00007cb632d3fa00, 0x00007cb632d43c50] 
[4,249s][debug][gc,nmethod     ] GC(1) O: Unregister NMethod: io.sirix.node.xml.ElementNode.getAttributeCount (0x00007cb613d46b08) [0x00007cb613d46c00, 0x00007cb613d46d90] 
[4,249s][debug][gc,nmethod     ] GC(1) O: Unregister NMethod: io.sirix.axis.filter.xml.ElementFilter.filter (0x00007cb6140ad908) [0x00007cb6140ada00, 0x00007cb6140ae180] 
[4,249s][debug][gc,nmethod     ] GC(1) O: Unregister NMethod: jdk.internal.misc.Unsafe.putShortUnaligned (0x00007cb613f36108) [0x00007cb613f36200, 0x00007cb613f36338] 
[4,249s][debug][gc,nmethod     ] GC(1) O: Unregister NMethod: io.sirix.node.xml.ElementNode.hasLeftSibling (0x00007cb632d20b08) [0x00007cb632d20c00, 0x00007cb632d21050] 
[4,249s][debug][gc,nmethod     ] GC(1) O: Unregister NMethod: io.brackit.query.node.parser.SAX2SubtreeHandlerAdapter.startElement (0x00007cb632d85d88) [0x00007cb632d85e80, 0x00007cb632d89a68] 
[4,249s][debug][gc,nmethod     ] GC(1) O: Unregister NMethod: com.sun.org.apache.xerces.internal.impl.XMLEntityScanner.checkBeforeLoad (0x00007cb613dc0488) [0x00007cb613dc0580, 0x00007cb613dc0ab0] 
[4,249s][debug][gc,nmethod     ] GC(1) O: Unregister NMethod: it.unimi.dsi.fastutil.ints.Int2ObjectOpenHashMap.get (0x00007cb613c4b808) [0x00007cb613c4b900, 0x00007cb613c4bf70] 
[4,249s][debug][gc,nmethod     ] GC(1) O: Unregister NMethod: io.sirix.axis.ChildAxis.nextKey (0x00007cb613bbeb08) [0x00007cb613bbec00, 0x00007cb613bbfc30] 
[4,249s][debug][gc,nmethod     ] GC(1) O: Unregister NMethod: it.unimi.dsi.fastutil.ints.Int2IntOpenHashMap.put (0x00007cb632d36a88) [0x00007cb632d36b80, 0x00007cb632d36e78] 
[4,249s][debug][gc,nmethod     ] GC(1) O: Unregister NMethod: io.sirix.access.trx.page.NodePageTrx.getRecord (0x00007cb613fe9d08) [0x00007cb613fe9e00, 0x00007cb613febda0] 
[4,249s][debug][gc,nmethod     ] GC(1) O: Unregister NMethod: java.lang.String.<init> (0x00007cb613647208) [0x00007cb613647300, 0x00007cb6136478d8] 
[4,249s][debug][gc,nmethod     ] GC(1) O: Unregister NMethod: io.sirix.access.trx.node.xml.XmlNodeTrxImpl.insertElementAsRightSibling (0x00007cb613cbe088) [0x00007cb613cbe180, 0x00007cb613cc4ec8] 
[4,249s][debug][gc,nmethod     ] GC(1) O: Unregister NMethod: com.sun.org.apache.xerces.internal.impl.XMLEntityScanner.skipSpaces (0x00007cb632d0e008) [0x00007cb632d0e100, 0x00007cb632d0e400] 
[4,249s][debug][gc,nmethod     ] GC(1) O: Unregister NMethod: io.sirix.page.KeyValueLeafPage.hasEnoughSpace (0x00007cb613e2c488) [0x00007cb613e2c580, 0x00007cb613e2c920] 
[4,249s][debug][gc,nmethod     ] GC(1) O: Unregister NMethod: java.util.BitSet.set (0x00007cb632c55e08) [0x00007cb632c55f00, 0x00007cb632c56070] 
[4,249s][debug][gc,nmethod     ] GC(1) O: Unregister NMethod: it.unimi.dsi.fastutil.shorts.ShortListIterator.next (0x00007cb613fe5f08) [0x00007cb613fe6000, 0x00007cb613fe64a8] 
[4,249s][debug][gc,nmethod     ] GC(1) O: Unregister NMethod: com.sun.org.apache.xerces.internal.util.SymbolTable.addSymbol (0x00007cb613c50a88) [0x00007cb613c50b80, 0x00007cb613c510c0] 
[4,249s][debug][gc,nmethod     ] GC(1) O: Unregister NMethod: io.sirix.node.xml.AttributeNode.getDeweyID (0x00007cb613ee8208) [0x00007cb613ee8300, 0x00007cb613ee8628] 
[4,249s][debug][gc,nmethod     ] GC(1) O: Unregister NMethod: java.nio.Buffer.<init> (0x00007cb613806d88) [0x00007cb613806e80, 0x00007cb613808878] 
[4,249s][debug][gc,nmethod     ] GC(1) O: Unregister NMethod: java.util.concurrent.atomic.AtomicLong.compareAndSet (0x00007cb613b22a88) [0x00007cb613b22b80, 0x00007cb613b22ca0] 
[4,249s][debug][gc,nmethod     ] GC(1) O: Unregister NMethod: io.sirix.index.path.summary.PathSummaryReader.getRightSiblingKey (0x00007cb613c47488) [0x00007cb613c47580, 0x00007cb613c47d10] 
[4,249s][debug][gc,nmethod     ] GC(1) O: Unregister NMethod: io.sirix.index.path.summary.PathSummaryReader.putMapping (0x00007cb613c47d88) [0x00007cb613c47e80, 0x00007cb613c488b8] 
[4,249s][debug][gc,nmethod     ] GC(1) O: Unregister NMethod: jdk.internal.classfile.impl.Util.parameterSlots (0x00007cb6134fa708) [0x00007cb6134fa800, 0x00007cb6134fac90] 
[4,249s][debug][gc,nmethod     ] GC(1) O: Unregister NMethod: io.sirix.service.xml.shredder.AbstractShredder.processStartTag (0x00007cb613c9e188) [0x00007cb613c9e280, 0x00007cb613ca3fc0] 
[4,249s][debug][gc,nmethod     ] GC(1) O: Unregister NMethod: java.lang.Character.isHighSurrogate (0x00007cb613980e88) [0x00007cb613980f80, 0x00007cb6139810e0] 
[4,249s][debug][gc,nmethod     ] GC(1) O: Unregister NMethod: jdk.internal.misc.Unsafe.allocateMemory (0x00007cb613b3fb08) [0x00007cb613b3fc00, 0x00007cb613b40eb0] 
[4,249s][debug][gc,nmethod     ] GC(1) O: Unregister NMethod: net.openhft.hashing.UnsafeAccess.byteOrder (0x00007cb613ba4508) [0x00007cb613ba4600, 0x00007cb613ba4760] 
[4,249s][debug][gc,nmethod     ] GC(1) O: Unregister NMethod: java.util.Arrays.fill (0x00007cb632bf7008) [0x00007cb632bf7100, 0x00007cb632bf7298] 
[4,249s][debug][gc,nmethod     ] GC(1) O: Unregister NMethod: io.sirix.node.xml.AbstractStructForwardingNode.hasFirstChild (0x00007cb613c67008) [0x00007cb613c67100, 0x00007cb613c676c8] 
[4,249s][debug][gc,nmethod     ] GC(1) O: Unregister NMethod: java.lang.Long.bitCount (0x00007cb613832008) [0x00007cb613832100, 0x00007cb613832268] 
[4,249s][debug][gc,nmethod     ] GC(1) O: Unregister NMethod: java.nio.ByteBuffer.limit (0x00007cb6137efc88) [0x00007cb6137efd80, 0x00007cb6137efec8] 
[4,249s][debug][gc,nmethod     ] GC(1) O: Unregister NMethod: java.lang.StringBuilder.length (0x00007cb613450488) [0x00007cb613450580, 0x00007cb613450698] 
[4,249s][debug][gc,nmethod     ] GC(1) O: Unregister NMethod: io.sirix.utils.XMLToken.isNCStartChar (0x00007cb632cf2208) [0x00007cb632cf2300, 0x00007cb632cf23e0] 
[4,249s][debug][gc,nmethod     ] GC(1) O: Unregister NMethod: jdk.internal.foreign.layout.ValueLayouts$AbstractValueLayout.<init> (0x00007cb613ee9388) [0x00007cb613ee9480, 0x00007cb613ee99e8] 
[4,249s][debug][gc,nmethod     ] GC(1) O: Unregister NMethod: java.lang.String.encode (0x00007cb613b4de08) [0x00007cb613b4df00, 0x00007cb613b4e238] 
[4,249s][debug][gc,nmethod     ] GC(1) O: Unregister NMethod: java.lang.invoke.VarHandleGuards.guard_LJJ_V (0x00007cb613ab3008) [0x00007cb613ab3100, 0x00007cb613ab7cd0] 
[4,249s][debug][gc,nmethod     ] GC(1) O: Unregister NMethod: io.sirix.node.json.JsonNodeSerializer.updateSizePrefix (0x00007cb613f44f88) [0x00007cb613f45080, 0x00007cb613f45320] 
[4,249s][debug][gc,nmethod     ] GC(1) O: Unregister NMethod: jdk.internal.classfile.impl.StackMapGenerator.of (0x00007cb613718308) [0x00007cb613718400, 0x00007cb613719970] 
[4,249s][debug][gc,nmethod     ] GC(1) O: Unregister NMethod: io.sirix.page.PageReference.setResourceId (0x00007cb61404e788) [0x00007cb61404e880, 0x00007cb61404e990] 
[4,249s][debug][gc,nmethod     ] GC(1) O: Unregister NMethod: java.lang.invoke.VarHandleGuards.guard_LJI_V (0x00007cb613a3c808) [0x00007cb613a3c900, 0x00007cb613a41508] 
[4,249s][debug][gc,nmethod     ] GC(1) O: Unregister NMethod: java.util.LinkedHashMap.get (0x00007cb613855708) [0x00007cb613855800, 0x00007cb613855dc0] 
[4,249s][debug][gc,nmethod     ] GC(1) O: Unregister NMethod: com.sun.org.apache.xerces.internal.parsers.AbstractXMLDocumentParser.emptyElement (0x00007cb613da0888) [0x00007cb613da0980, 0x00007cb613da0e98] 
[4,249s][debug][gc,nmethod     ] GC(1) O: Unregister NMethod: jdk.internal.foreign.NativeMemorySegmentImpl.dup (0x00007cb632cb9b88) [0x00007cb632cb9ca0, 0x00007cb632cb9df0] 
[4,249s][debug][gc,nmethod     ] GC(1) O: Unregister NMethod: jdk.internal.foreign.AbstractMemorySegmentImpl.isAlignedForElement (0x00007cb61344a388) [0x00007cb61344a480, 0x00007cb61344aaa8] 
[4,249s][debug][gc,nmethod     ] GC(1) O: Unregister NMethod: java.util.ArrayList.iterator (0x00007cb6135bf008) [0x00007cb6135bf100, 0x00007cb6135bf400] 
[4,249s][debug][gc,nmethod     ] GC(1) O: Unregister NMethod: java.lang.String.encodeUTF8 (0x00007cb613b4e288) [0x00007cb613b4e380, 0x00007cb613b4ea08] 
[4,249s][debug][gc,nmethod     ] GC(1) O: Unregister NMethod: io.sirix.axis.AbstractAxis.tryToComputeNext (0x00007cb613b38188) [0x00007cb613b38280, 0x00007cb613b389b0] 
[4,249s][debug][gc,nmethod     ] GC(1) O: Unregister NMethod: io.sirix.cache.LinuxMemorySegmentAllocator.partitionVirtualRegion (0x00007cb613490188) [0x00007cb613490280, 0x00007cb613491098] 
[4,249s][debug][gc,nmethod     ] GC(1) O: Unregister NMethod: jdk.internal.classfile.impl.RawBytecodeHelper.getU2Unchecked (0x00007cb613568988) [0x00007cb613568a80, 0x00007cb613568e08] 
[4,249s][debug][gc,nmethod     ] GC(1) O: Unregister NMethod: jdk.internal.foreign.MemorySessionImpl.checkValidState (0x00007cb613afe488) [0x00007cb613afe580, 0x00007cb613aff068] 
[4,249s][debug][gc,nmethod     ] GC(1) O: Unregister NMethod: io.brackit.query.node.parser.SAX2SubtreeHandlerAdapter.characters (0x00007cb613c25e08) [0x00007cb613c25f00, 0x00007cb613c26220] 
[4,249s][debug][gc,nmethod     ] GC(1) O: Unregister NMethod: jdk.internal.classfile.impl.StackMapGenerator$Frame.checkLocal (0x00007cb613569f08) [0x00007cb61356a000, 0x00007cb61356ac58] 
[4,249s][debug][gc,nmethod     ] GC(1) O: Unregister NMethod: com.sun.org.apache.xerces.internal.util.NamespaceSupport.pushContext (0x00007cb613c8b088) [0x00007cb613c8b180, 0x00007cb613c8b4f0] 
[4,249s][debug][gc,nmethod     ] GC(1) O: Unregister NMethod: io.sirix.utils.XMLToken.isNCStartChar (0x00007cb613b1d308) [0x00007cb613b1d400, 0x00007cb613b1da70] 
[4,249s][debug][gc,nmethod     ] GC(1) O: Unregister NMethod: io.sirix.cache.LinuxMemorySegmentAllocator.partitionVirtualRegion (0x00007cb632ca5988) [0x00007cb632ca5a80, 0x00007cb632ca68e8] 
[4,249s][debug][gc,nmethod     ] GC(1) O: Unregister NMethod: java.lang.AbstractStringBuilder.newCapacity (0x00007cb61347ec08) [0x00007cb61347ed00, 0x00007cb61347f098] 
[4,249s][debug][gc,nmethod     ] GC(1) O: Unregister NMethod: java.nio.HeapByteBuffer.ix (0x00007cb613cda708) [0x00007cb613cda800, 0x00007cb613cda908] 
[4,249s][debug][gc,nmethod     ] GC(1) O: Unregister NMethod: it.unimi.dsi.fastutil.ints.Int2IntOpenHashMap.put (0x00007cb613c4ac08) [0x00007cb613c4ad00, 0x00007cb613c4af68] 
[4,249s][debug][gc,nmethod     ] GC(1) O: Unregister NMethod: java.lang.StringBuilder.append (0x00007cb613f8c808) [0x00007cb613f8c900, 0x00007cb613f8ca48] 
[4,249s][debug][gc,nmethod     ] GC(1) O: Unregister NMethod: io.sirix.access.trx.node.AbstractNodeReadOnlyTrx.getKind (0x00007cb61407d708) [0x00007cb61407d800, 0x00007cb61407de68] 
[4,249s][debug][gc,nmethod     ] GC(1) O: Unregister NMethod: com.sun.org.apache.xerces.internal.impl.XMLDocumentFragmentScannerImpl$FragmentContentDriver.next (0x00007cb632d2c588) [0x00007cb632d2c680, 0x00007cb632d2e320] 
[4,249s][debug][gc,nmethod     ] GC(1) O: Unregister NMethod: io.sirix.node.xml.TextNode.setRightSiblingKey (0x00007cb613cd1508) [0x00007cb613cd1600, 0x00007cb613cd6728] 
[4,249s][debug][gc,nmethod     ] GC(1) O: Unregister NMethod: it.unimi.dsi.fastutil.longs.LongArrayList.initArrayFromCapacity (0x00007cb6140afc08) [0x00007cb6140afd00, 0x00007cb6140b0e48] 
[4,249s][debug][gc,nmethod     ] GC(1) O: Unregister NMethod: io.sirix.node.GrowingMemorySegment.<init> (0x00007cb632d09f88) [0x00007cb632d0a080, 0x00007cb632d0ab28] 
[4,249s][debug][gc,nmethod     ] GC(1) O: Unregister NMethod: java.nio.ByteBuffer.order (0x00007cb613ba0988) [0x00007cb613ba0a80, 0x00007cb613ba0ca0] 
[4,249s][debug][gc,nmethod     ] GC(1) O: Unregister NMethod: io.sirix.access.trx.node.AbstractNodeReadOnlyTrx.hasFirstChild (0x00007cb613ce1908) [0x00007cb613ce1a00, 0x00007cb613ce2220] 
[4,249s][debug][gc,nmethod     ] GC(1) O: Unregister NMethod: jdk.internal.foreign.layout.AbstractLayout.requirePowerOfTwoAndGreaterOrEqualToOne (0x00007cb613e99908) [0x00007cb613e99a00, 0x00007cb613e9a780] 
[4,249s][debug][gc,nmethod     ] GC(1) O: Unregister NMethod: io.sirix.page.NamePage.getName (0x00007cb614015f08) [0x00007cb614016000, 0x00007cb614017670] 
[4,249s][debug][gc,nmethod     ] GC(1) O: Unregister NMethod: java.nio.HeapByteBuffer.put (0x00007cb61405ae88) [0x00007cb61405af80, 0x00007cb61405cf50] 
[4,249s][debug][gc,nmethod     ] GC(1) O: Unregister NMethod: io.sirix.axis.AbstractAxis.hasNext (0x00007cb61423c308) [0x00007cb61423c400, 0x00007cb61423cec8] 
[4,249s][debug][gc,nmethod     ] GC(1) O: Unregister NMethod: jdk.internal.foreign.layout.ValueLayouts$OfByteImpl.withOrder (0x00007cb613f31788) [0x00007cb613f31880, 0x00007cb613f319e0] 
[4,249s][debug][gc,nmethod     ] GC(1) O: Unregister NMethod: java.util.concurrent.ConcurrentLinkedDeque.offer (0x00007cb613528a88) [0x00007cb613528b80, 0x00007cb613528d18] 
[4,249s][debug][gc,nmethod     ] GC(1) O: Unregister NMethod: io.sirix.page.KeyValueLeafPage.setSlot (0x00007cb613eea308) [0x00007cb613eea400, 0x00007cb613eea588] 
[4,249s][debug][gc,nmethod     ] GC(1) O: Unregister NMethod: io.sirix.node.xml.ElementNode.getParentKey (0x00007cb613ae7108) [0x00007cb613ae7200, 0x00007cb613aec1e8] 
[4,249s][debug][gc,nmethod     ] GC(1) O: Unregister NMethod: com.sun.org.apache.xerces.internal.util.NamespaceSupport.popContext (0x00007cb613d07108) [0x00007cb613d07200, 0x00007cb613d07368] 
[4,249s][debug][gc,nmethod     ] GC(1) O: Unregister NMethod: java.lang.ClassLoader.getClassLoadingLock (0x00007cb6134c7788) [0x00007cb6134c7880, 0x00007cb6134c7d50] 
[4,249s][debug][gc,nmethod     ] GC(1) O: Unregister NMethod: java.util.concurrent.locks.ReentrantLock.lock (0x00007cb613ac4c88) [0x00007cb613ac4d80, 0x00007cb613ac5550] 
[4,249s][debug][gc,nmethod     ] GC(1) O: Unregister NMethod: io.sirix.node.delegates.StructNodeDelegate.incrementChildCount (0x00007cb613dc1d08) [0x00007cb613dc1e00, 0x00007cb613dc1f10] 
[4,249s][debug][gc,nmethod     ] GC(1) O: Unregister NMethod: java.net.URL.<init> (0x00007cb6135c7208) [0x00007cb6135c7300, 0x00007cb6135cda18] 
[4,249s][debug][gc,nmethod     ] GC(1) O: Unregister NMethod: java.lang.String.<init> (0x00007cb613b20b08) [0x00007cb613b20c00, 0x00007cb613b20ea0] 
[4,249s][debug][gc,nmethod     ] GC(1) O: Unregister NMethod: io.sirix.page.NamePage.getCurrentMaxLevelOfIndirectPages (0x00007cb6143a8d88) [0x00007cb6143a8e80, 0x00007cb6143a9028] 
[4,249s][debug][gc,nmethod     ] GC(1) O: Unregister NMethod: jdk.internal.misc.ScopedMemoryAccess.getShortUnaligned (0x00007cb61376b788) [0x00007cb61376b880, 0x00007cb61376bdb8] 
[4,249s][debug][gc,nmethod     ] GC(1) O: Unregister NMethod: io.sirix.node.MemorySegmentBytesIn.read (0x00007cb613fdc008) [0x00007cb613fdc100, 0x00007cb613fdc258] 
[4,249s][debug][gc,nmethod     ] GC(1) O: Unregister NMethod: io.sirix.index.name.Names.setName (0x00007cb613c63788) [0x00007cb613c63880, 0x00007cb613c65ad0] 
[4,249s][debug][gc,nmethod     ] GC(1) O: Unregister NMethod: java.lang.String.<init> (0x00007cb61385da08) [0x00007cb61385db00, 0x00007cb61385de40] 
[4,249s][debug][gc,nmethod     ] GC(1) O: Unregister NMethod: com.sun.org.apache.xerces.internal.xni.QName.setValues (0x00007cb613c66788) [0x00007cb613c66880, 0x00007cb613c66b58] 
[4,249s][debug][gc,nmethod     ] GC(1) O: Unregister NMethod: java.lang.String.<init> (0x00007cb6134e1c88) [0x00007cb6134e1d80, 0x00007cb6134e5bf0] 
[4,249s][debug][gc,nmethod     ] GC(1) O: Unregister NMethod: io.sirix.access.trx.node.xml.XmlNodeTrxImpl.insertAttribute (0x00007cb613d78508) [0x00007cb613d78600, 0x00007cb613d886f0] 
[4,249s][debug][gc,nmethod     ] GC(1) O: Unregister NMethod: io.brackit.query.node.parser.SAX2SubtreeHandlerAdapter$TrimmingStringBuilder.toString (0x00007cb613c27188) [0x00007cb613c27280, 0x00007cb613c27460] 
[4,249s][debug][gc,nmethod     ] GC(1) O: Unregister NMethod: io.sirix.node.GrowingMemorySegment.<init> (0x00007cb613e0d688) [0x00007cb613e0d780, 0x00007cb613e0dbf8] 
[4,249s][debug][gc,nmethod     ] GC(1) O: Unregister NMethod: io.sirix.page.KeyValueLeafPage.getAvailableSpace (0x00007cb613e0df08) [0x00007cb613e0e000, 0x00007cb613e13ac0] 
[4,249s][debug][gc,nmethod     ] GC(1) O: Unregister NMethod: io.sirix.access.trx.page.NodePageTrx.getRecord (0x00007cb613ae4c08) [0x00007cb613ae4d00, 0x00007cb613ae6ca0] 
[4,249s][debug][gc,nmethod     ] GC(1) O: Unregister NMethod: io.sirix.node.json.JsonNodeSerializer.writeEndPadding (0x00007cb613e16d88) [0x00007cb613e16e80, 0x00007cb613e172e8] 
[4,249s][debug][gc,nmethod     ] GC(1) O: Unregister NMethod: com.sun.org.apache.xerces.internal.impl.XMLEntityScanner.scanContent (0x00007cb632cec708) [0x00007cb632cec820, 0x00007cb632ced748] 
[4,249s][debug][gc,nmethod     ] GC(1) O: Unregister NMethod: java.util.concurrent.ForkJoinPool.deactivate (0x00007cb6142c0b88) [0x00007cb6142c0c80, 0x00007cb6142c1728] 
[4,249s][debug][gc,nmethod     ] GC(1) O: Unregister NMethod: java.lang.Class.reflectionData (0x00007cb6135b3708) [0x00007cb6135b3800, 0x00007cb6135b3e58] 
[4,249s][debug][gc,nmethod     ] GC(1) O: Unregister NMethod: jdk.internal.foreign.ArenaImpl.allocate (0x00007cb613b74c08) [0x00007cb613b74d00, 0x00007cb613b74e80] 
[4,249s][debug][gc,nmethod     ] GC(1) O: Unregister NMethod: io.brackit.query.atomic.Una.<init> (0x00007cb613c08988) [0x00007cb613c08a80, 0x00007cb613c08da0] 
[4,249s][debug][gc,nmethod     ] GC(1) O: Unregister NMethod: io.sirix.index.name.Names.setName (0x00007cb614110708) [0x00007cb614110800, 0x00007cb6141129f0] 
[4,249s][debug][gc,nmethod     ] GC(1) O: Unregister NMethod: java.lang.StringUTF16.compress (0x00007cb613563488) [0x00007cb613563580, 0x00007cb6135637b0] 
[4,249s][debug][gc,nmethod     ] GC(1) O: Unregister NMethod: jdk.internal.foreign.ArenaImpl.allocate (0x00007cb613b74388) [0x00007cb613b74480, 0x00007cb613b74778] 
[4,249s][debug][gc,nmethod     ] GC(1) O: Unregister NMethod: java.lang.String.getBytes (0x00007cb613bd9908) [0x00007cb613bd9a00, 0x00007cb613bd9e98] 
[4,249s][debug][gc,nmethod     ] GC(1) O: Unregister NMethod: io.sirix.page.NamePage.setName (0x00007cb61410eb88) [0x00007cb61410ec80, 0x00007cb614110240] 
[4,249s][debug][gc,nmethod     ] GC(1) O: Unregister NMethod: java.util.Objects.checkFromIndexSize (0x00007cb61347bd08) [0x00007cb61347be00, 0x00007cb61347bff8] 
[4,249s][debug][gc,nmethod     ] GC(1) O: Unregister NMethod: io.sirix.access.Utils.buildName (0x00007cb613c6fc08) [0x00007cb613c6fd00, 0x00007cb613c70cf8] 
[4,249s][debug][gc,nmethod     ] GC(1) O: Unregister NMethod: io.sirix.page.KeyValueLeafPage.processEntries (0x00007cb614113c88) [0x00007cb614113d80, 0x00007cb614116ac0] 
[4,249s][debug][gc,nmethod     ] GC(1) O: Unregister NMethod: jdk.internal.foreign.SegmentFactories$1.cleanup (0x00007cb613f30208) [0x00007cb613f30300, 0x00007cb613f304c8] 
[4,249s][debug][gc,nmethod     ] GC(1) O: Unregister NMethod: it.unimi.dsi.fastutil.longs.AbstractLongList.topLong (0x00007cb613b73f08) [0x00007cb613b74000, 0x00007cb613b74328] 
[4,249s][debug][gc,nmethod     ] GC(1) O: Unregister NMethod: jdk.internal.foreign.NativeMemorySegmentImpl.dup (0x00007cb632ca1d88) [0x00007cb632ca1ea0, 0x00007cb632ca1ff0] 
[4,250s][debug][gc,nmethod     ] GC(1) O: Unregister NMethod: io.sirix.node.GrowingMemorySegment.<init> (0x00007cb613b74f08) [0x00007cb613b75000, 0x00007cb613b75478] 
[4,250s][debug][gc,nmethod     ] GC(1) O: Unregister NMethod: io.sirix.cache.IndexLogKey.equals (0x00007cb613d77a88) [0x00007cb613d77b80, 0x00007cb613d784c8] 
[4,250s][debug][gc,nmethod     ] GC(1) O: Unregister NMethod: io.sirix.query.node.SubtreeBuilder.startElement (0x00007cb632d65108) [0x00007cb632d65200, 0x00007cb632d66ab8] 
[4,250s][debug][gc,nmethod     ] GC(1) O: Unregister NMethod: io.sirix.axis.AbstractAxis.tryToComputeNext (0x00007cb61415b908) [0x00007cb61415ba00, 0x00007cb61415c130] 
[4,250s][debug][gc,nmethod     ] GC(1) O: Unregister NMethod: io.sirix.axis.filter.FilterAxis.<init> (0x00007cb632d57208) [0x00007cb632d57300, 0x00007cb632d582d0] 
[4,250s][debug][gc,nmethod     ] GC(1) O: Unregister NMethod: java.lang.Class.getSimpleName (0x00007cb632db1b08) [0x00007cb632db1c00, 0x00007cb632db22d8] 
[4,250s][debug][gc,nmethod     ] GC(1) O: Unregister NMethod: net.openhft.hashing.XXH3.XXH3_avalanche (0x00007cb613ba1b08) [0x00007cb613ba1c00, 0x00007cb613ba1d10] 
[4,250s][debug][gc,nmethod     ] GC(1) O: Unregister NMethod: io.brackit.query.jdm.type.ElementType.getNodeKind (0x00007cb614242b88) [0x00007cb614242c80, 0x00007cb614242d88] 
[4,250s][debug][gc,nmethod     ] GC(1) O: Unregister NMethod: io.sirix.node.immutable.xml.ImmutableElement.getKind (0x00007cb613c77a08) [0x00007cb613c77b00, 0x00007cb613c77e58] 
[4,250s][debug][gc,nmethod     ] GC(1) O: Unregister NMethod: io.sirix.access.trx.node.AbstractNodeReadOnlyTrx.moveTo (0x00007cb61408e008) [0x00007cb61408e100, 0x00007cb61408fc68] 
[4,250s][debug][gc,phases      ] GC(1) O: Concurrent Classes Unlink 13,341ms
[4,250s][debug][gc,phases,start] GC(1) O: Concurrent Classes Purge
[4,250s][debug][gc,nmethod     ] GC(1) O: Purge NMethod: jdk.internal.misc.VM.isDirectMemoryPageAligned (0x00007cb613b3f708) [0x00007cb613b3f800, 0x00007cb613b3fae0] 
[4,250s][debug][gc,nmethod     ] GC(1) O: Purge NMethod: io.sirix.access.trx.node.xml.XmlNodeReadOnlyTrxImpl.isElement (0x00007cb613cd8a88) [0x00007cb613cd8b80, 0x00007cb613cd9628] 
[4,250s][debug][gc,nmethod     ] GC(1) O: Purge NMethod: io.sirix.utils.OS.isWindows (0x00007cb613fdae88) [0x00007cb613fdaf80, 0x00007cb613fdb068] 
[4,250s][debug][gc,nmethod     ] GC(1) O: Purge NMethod: io.sirix.page.KeyValueLeafPage.setData (0x00007cb632dc3688) [0x00007cb632dc3780, 0x00007cb632dc62e0] 
[4,250s][debug][gc,nmethod     ] GC(1) O: Purge NMethod: java.lang.reflect.Method.getParameterTypes (0x00007cb6137cf308) [0x00007cb6137cf400, 0x00007cb6137cf978] 
[4,250s][debug][gc,nmethod     ] GC(1) O: Purge NMethod: io.sirix.access.trx.node.AbstractNodeHashing.adaptHashesWithAdd (0x00007cb613ba9b88) [0x00007cb613ba9c80, 0x00007cb613baa158] 
[4,250s][debug][gc,nmethod     ] GC(1) O: Purge NMethod: io.sirix.node.MemorySegmentBytesOut.getDestination (0x00007cb613b8e788) [0x00007cb613b8e880, 0x00007cb613b8ea08] 
[4,250s][debug][gc,nmethod     ] GC(1) O: Purge NMethod: io.sirix.node.SirixDeweyID.getNewChildID (0x00007cb613ce5288) [0x00007cb613ce5380, 0x00007cb613ce5610] 
[4,250s][debug][gc,nmethod     ] GC(1) O: Purge NMethod: io.sirix.index.path.summary.PathSummaryWriter.getPathNodeKey (0x00007cb613c78508) [0x00007cb613c78600, 0x00007cb613c7c478] 
[4,250s][debug][gc,nmethod     ] GC(1) O: Purge NMethod: io.sirix.node.xml.ElementNode.hasFirstChild (0x00007cb613d07408) [0x00007cb613d07500, 0x00007cb613d0c938] 
[4,250s][debug][gc,nmethod     ] GC(1) O: Purge NMethod: io.sirix.access.trx.node.xml.ForwardingXmlNodeReadOnlyTrx.getKind (0x00007cb613bb7408) [0x00007cb613bb7500, 0x00007cb613bb7af8] 
[4,250s][debug][gc,nmethod     ] GC(1) O: Purge NMethod: jdk.internal.foreign.layout.ValueLayouts$OfByteImpl.dup (0x00007cb613f30e08) [0x00007cb613f30f00, 0x00007cb613f31090] 
[4,250s][debug][gc,nmethod     ] GC(1) O: Purge NMethod: io.sirix.axis.AbstractAxis.tryToComputeNext (0x00007cb632e1bc08) [0x00007cb632e1bd00, 0x00007cb632e1cf10] 
[4,250s][debug][gc,nmethod     ] GC(1) O: Purge NMethod: io.sirix.access.trx.node.AbstractNodeReadOnlyTrx.setCurrentNode (0x00007cb613ac5d08) [0x00007cb613ac5e00, 0x00007cb613ac62a0] 
[4,250s][debug][gc,nmethod     ] GC(1) O: Purge NMethod: net.openhft.hashing.XXH3.XXH3_64bits_internal (0x00007cb613be3508) [0x00007cb613be3600, 0x00007cb613c01fc8] 
[4,250s][debug][gc,nmethod     ] GC(1) O: Purge NMethod: io.sirix.access.trx.page.NodePageReadOnlyTrx.getPageReference (0x00007cb613ff3e88) [0x00007cb613ff3f80, 0x00007cb613ffd038] 
[4,250s][debug][gc,nmethod     ] GC(1) O: Purge NMethod: io.sirix.access.trx.node.xml.XmlNodeReadOnlyTrxImpl.getNode (0x00007cb613b56b08) [0x00007cb613b56c00, 0x00007cb613b56ef8] 
[4,250s][debug][gc,nmethod     ] GC(1) O: Purge NMethod: sun.security.provider.SHA2.implCompress (0x00007cb613e98008) [0x00007cb613e98100, 0x00007cb613e98510] 
[4,250s][debug][gc,nmethod     ] GC(1) O: Purge NMethod: com.sun.org.apache.xerces.internal.parsers.AbstractSAXParser.startElement (0x00007cb632d7ba08) [0x00007cb632d7bb00, 0x00007cb632d7ee60] 
[4,250s][debug][gc,nmethod     ] GC(1) O: Purge NMethod: io.brackit.query.atomic.QNm.<init> (0x00007cb632d15988) [0x00007cb632d15a80, 0x00007cb632d15ca8] 
[4,250s][debug][gc,nmethod     ] GC(1) O: Purge NMethod: io.sirix.access.trx.page.NodePageTrx.createNameKey (0x00007cb613c4e888) [0x00007cb613c4e980, 0x00007cb613c503e0] 
[4,250s][debug][gc,nmethod     ] GC(1) O: Purge NMethod: java.lang.String.getBytes (0x00007cb613f8c188) [0x00007cb613f8c280, 0x00007cb613f8c788] 
[4,250s][debug][gc,nmethod     ] GC(1) O: Purge NMethod: io.sirix.index.path.summary.PathSummaryReader.putMapping (0x00007cb632d47388) [0x00007cb632d47480, 0x00007cb632d47798] 
[4,250s][debug][gc,nmethod     ] GC(1) O: Purge NMethod: io.sirix.node.MemorySegmentBytesOut.write (0x00007cb613b8e108) [0x00007cb613b8e200, 0x00007cb613b8e418] 
[4,250s][debug][gc,nmethod     ] GC(1) O: Purge NMethod: com.sun.org.apache.xerces.internal.impl.XMLEntityScanner.scanQName (0x00007cb632d21508) [0x00007cb632d21600, 0x00007cb632d229b8] 
[4,250s][debug][gc,nmethod     ] GC(1) O: Purge NMethod: org.magicwerk.brownies.collections.GapList.get (0x00007cb613afc608) [0x00007cb613afc700, 0x00007cb613afe0f8] 
[4,250s][debug][gc,nmethod     ] GC(1) O: Purge NMethod: io.brackit.query.sequence.AbstractSequence.evaluate (0x00007cb614232588) [0x00007cb614232680, 0x00007cb614232780] 
[4,250s][debug][gc,nmethod     ] GC(1) O: Purge NMethod: io.sirix.access.trx.page.NodePageTrx.createNameKey (0x00007cb632d44a08) [0x00007cb632d44b00, 0x00007cb632d45470] 
[4,250s][debug][gc,nmethod     ] GC(1) O: Purge NMethod: java.util.concurrent.atomic.AtomicInteger.incrementAndGet (0x00007cb613f72808) [0x00007cb613f72900, 0x00007cb613f72a10] 
[4,250s][debug][gc,nmethod     ] GC(1) O: Purge NMethod: io.sirix.access.trx.page.NodePageReadOnlyTrx.getValue (0x00007cb613fe7a08) [0x00007cb613fe7b00, 0x00007cb613fe9660] 
[4,250s][debug][gc,nmethod     ] GC(1) O: Purge NMethod: com.github.benmanes.caffeine.cache.BoundedLocalCache$EntryIterator.hasNext (0x00007cb6140ddc08) [0x00007cb6140ddd00, 0x00007cb6140e3240] 
[4,250s][debug][gc,nmethod     ] GC(1) O: Purge NMethod: com.sun.org.apache.xerces.internal.impl.XMLEntityScanner.scanChar (0x00007cb61417e988) [0x00007cb61417ea80, 0x00007cb61417f4a8] 
[4,250s][debug][gc,nmethod     ] GC(1) O: Purge NMethod: io.sirix.cache.LinuxMemorySegmentAllocator.partitionVirtualRegion (0x00007cb632ca4608) [0x00007cb632ca4700, 0x00007cb632ca58c0] 
[4,250s][debug][gc,nmethod     ] GC(1) O: Purge NMethod: io.brackit.query.node.parser.SAX2SubtreeHandlerAdapter.startElement (0x00007cb613c98888) [0x00007cb613c98980, 0x00007cb613c9a678] 
[4,250s][debug][gc,nmethod     ] GC(1) O: Purge NMethod: io.brackit.query.node.parser.SAX2SubtreeHandlerAdapter$TrimmingStringBuilder.length (0x00007cb613b6e408) [0x00007cb613b6e500, 0x00007cb613b6e608] 
[4,250s][debug][gc,nmethod     ] GC(1) O: Purge NMethod: io.sirix.node.xml.ElementNode.setDescendantCount (0x00007cb613affa88) [0x00007cb613affb80, 0x00007cb613b03510] 
[4,250s][debug][gc,nmethod     ] GC(1) O: Purge NMethod: jdk.internal.misc.Unsafe.weakCompareAndSetReference (0x00007cb613576208) [0x00007cb613576300, 0x00007cb613576480] 
[4,250s][debug][gc,nmethod     ] GC(1) O: Purge NMethod: io.sirix.service.xml.shredder.AbstractShredder.processEndTag (0x00007cb613cca408) [0x00007cb613cca500, 0x00007cb613ccb680] 
[4,250s][debug][gc,nmethod     ] GC(1) O: Purge NMethod: it.unimi.dsi.fastutil.longs.LongArrayList.getLong (0x00007cb613b75488) [0x00007cb613b75580, 0x00007cb613b76a10] 
[4,250s][debug][gc,nmethod     ] GC(1) O: Purge NMethod: io.sirix.node.MemorySegmentBytesOut.writePosition (0x00007cb613e15a88) [0x00007cb613e15b80, 0x00007cb613e15d30] 
[4,250s][debug][gc,nmethod     ] GC(1) O: Purge NMethod: io.sirix.page.KeyValueLeafPage.updateLastSlotIndex (0x00007cb613e98a08) [0x00007cb613e98b00, 0x00007cb613e98da0] 
[4,250s][debug][gc,nmethod     ] GC(1) O: Purge NMethod: jdk.internal.foreign.MemorySessionImpl$ResourceList.cleanup (0x00007cb613f6d308) [0x00007cb613f6d400, 0x00007cb613f6db98] 
[4,250s][debug][gc,nmethod     ] GC(1) O: Purge NMethod: com.sun.org.apache.xerces.internal.util.XMLAttributesImpl.getValue (0x00007cb613d52608) [0x00007cb613d52700, 0x00007cb613d52d30] 
[4,250s][debug][gc,nmethod     ] GC(1) O: Purge NMethod: io.sirix.axis.AbstractAxis.resetToLastKey (0x00007cb613b37a88) [0x00007cb613b37b80, 0x00007cb613b38138] 
[4,250s][debug][gc,nmethod     ] GC(1) O: Purge NMethod: java.lang.StringConcatHelper.newArrayWithSuffix (0x00007cb6134eb408) [0x00007cb6134eb500, 0x00007cb6134ec450] 
[4,250s][debug][gc,nmethod     ] GC(1) O: Purge NMethod: io.brackit.query.atomic.QNm.hashCode (0x00007cb613d48b08) [0x00007cb613d48c00, 0x00007cb613d49170] 
[4,250s][debug][gc,nmethod     ] GC(1) O: Purge NMethod: com.sun.org.apache.xerces.internal.util.SymbolTable.hash (0x00007cb613cd0508) [0x00007cb613cd0600, 0x00007cb613cd08a0] 
[4,250s][debug][gc,nmethod     ] GC(1) O: Purge NMethod: java.lang.ref.SoftReference.get (0x00007cb632c91088) [0x00007cb632c91180, 0x00007cb632c912a0] 
[4,250s][debug][gc,nmethod     ] GC(1) O: Purge NMethod: java.util.jar.JarFile.maybeInstantiateVerifier (0x00007cb6134dbe88) [0x00007cb6134dbf80, 0x00007cb6134dc450] 
[4,250s][debug][gc,nmethod     ] GC(1) O: Purge NMethod: sun.net.www.ParseUtil.encodePath (0x00007cb6135a0388) [0x00007cb6135a0480, 0x00007cb6135a0668] 
[4,250s][debug][gc,nmethod     ] GC(1) O: Purge NMethod: jdk.internal.classfile.impl.BufWriterImpl.setLabelContext (0x00007cb6135b1c08) [0x00007cb6135b1d00, 0x00007cb6135b1e78] 
[4,250s][debug][gc,nmethod     ] GC(1) O: Purge NMethod: java.util.ArrayDeque.addLast (0x00007cb6134c3388) [0x00007cb6134c3480, 0x00007cb6134c3a60] 
[4,250s][debug][gc,nmethod     ] GC(1) O: Purge NMethod: io.sirix.node.xml.TextNode.getRightSiblingKey (0x00007cb613b30a88) [0x00007cb613b30b80, 0x00007cb613b35b70] 
[4,250s][debug][gc,nmethod     ] GC(1) O: Purge NMethod: io.sirix.settings.VersioningType$4.combineRecordPages (0x00007cb614242e88) [0x00007cb614242f80, 0x00007cb614247ea8] 
[4,250s][debug][gc,nmethod     ] GC(1) O: Purge NMethod: java.util.Arrays.fill (0x00007cb6135cda88) [0x00007cb6135cdb80, 0x00007cb6135cdfa8] 
[4,250s][debug][gc,nmethod     ] GC(1) O: Purge NMethod: java.util.concurrent.locks.ReentrantLock$NonfairSync.initialTryLock (0x00007cb632d01408) [0x00007cb632d01500, 0x00007cb632d016d0] 
[4,250s][debug][gc,nmethod     ] GC(1) O: Purge NMethod: jdk.internal.foreign.GlobalSession.release0 (0x00007cb613f70688) [0x00007cb613f70780, 0x00007cb613f70880] 
[4,250s][debug][gc,nmethod     ] GC(1) O: Purge NMethod: java.util.Arrays.hashCode (0x00007cb613758808) [0x00007cb613758900, 0x00007cb613758a80] 
[4,250s][debug][gc,nmethod     ] GC(1) O: Purge NMethod: io.brackit.query.node.parser.SAX2SubtreeHandlerAdapter.startElement (0x00007cb61418a888) [0x00007cb61418a980, 0x00007cb61418c968] 
[4,250s][debug][gc,nmethod     ] GC(1) O: Purge NMethod: io.brackit.query.atomic.AbstractAtomic.atomicCmp (0x00007cb613d4b388) [0x00007cb613d4b480, 0x00007cb613d4bcb0] 
[4,250s][debug][gc,nmethod     ] GC(1) O: Purge NMethod: jdk.internal.foreign.abi.SharedUtils.checkNative (0x00007cb613f71008) [0x00007cb613f71100, 0x00007cb613f724a0] 
[4,250s][debug][gc,nmethod     ] GC(1) O: Purge NMethod: sun.net.util.IPAddressUtil.checkHostString (0x00007cb6134cc488) [0x00007cb6134cc580, 0x00007cb6134cc780] 
[4,250s][debug][gc,nmethod     ] GC(1) O: Purge NMethod: io.sirix.page.PageKind$1.serializePage (0x00007cb632e00088) [0x00007cb632e00180, 0x00007cb632e09520] 
[4,250s][debug][gc,nmethod     ] GC(1) O: Purge NMethod: jdk.internal.foreign.AbstractMemorySegmentImpl.overlaps (0x00007cb613e17308) [0x00007cb613e17400, 0x00007cb613e181c0] 
[4,250s][debug][gc,nmethod     ] GC(1) O: Purge NMethod: jdk.internal.foreign.ImplicitSession.<init> (0x00007cb613be1608) [0x00007cb613be1700, 0x00007cb613be1d90] 
[4,250s][debug][gc,nmethod     ] GC(1) O: Purge NMethod: java.util.ArrayDeque.push (0x00007cb613c02008) [0x00007cb613c02100, 0x00007cb613c02248] 
[4,250s][debug][gc,nmethod     ] GC(1) O: Purge NMethod: io.sirix.page.KeyValueLeafPage.getDeweyIdAsByteArray (0x00007cb61377f188) [0x00007cb61377f280, 0x00007cb61377f808] 
[4,250s][debug][gc,nmethod     ] GC(1) O: Purge NMethod: java.lang.ref.Reference.refersToImpl (0x00007cb613505608) [0x00007cb613505700, 0x00007cb613505838] 
[4,250s][debug][gc,nmethod     ] GC(1) O: Purge NMethod: jdk.internal.foreign.ArenaImpl.allocate (0x00007cb632d07e08) [0x00007cb632d07f00, 0x00007cb632d08838] 
[4,250s][debug][gc,nmethod     ] GC(1) O: Purge NMethod: jdk.internal.classfile.impl.AbstractElement.<init> (0x00007cb6134e9888) [0x00007cb6134e9980, 0x00007cb6134e9ad8] 
[4,250s][debug][gc,nmethod     ] GC(1) O: Purge NMethod: io.sirix.access.trx.page.NodePageTrx.prepareRecordForModification (0x00007cb632cf0a88) [0x00007cb632cf0b80, 0x00007cb632cf1b98] 
[4,250s][debug][gc,nmethod     ] GC(1) O: Purge NMethod: io.sirix.query.node.XmlDBNode.<init> (0x00007cb613bb4f88) [0x00007cb613bb5080, 0x00007cb613bb6910] 
[4,250s][debug][gc,nmethod     ] GC(1) O: Purge NMethod: io.brackit.query.jdm.AbstractItem$1.close (0x00007cb6140b6e88) [0x00007cb6140b6f80, 0x00007cb6140b7080] 
[4,250s][debug][gc,nmethod     ] GC(1) O: Purge NMethod: io.sirix.node.xml.TextNode.<init> (0x00007cb613c35088) [0x00007cb613c35180, 0x00007cb613c359a0] 
[4,250s][debug][gc,nmethod     ] GC(1) O: Purge NMethod: io.sirix.access.trx.node.AbstractNodeReadOnlyTrx.moveToParent (0x00007cb61408d688) [0x00007cb61408d780, 0x00007cb61408dfe0] 
[4,250s][debug][gc,nmethod     ] GC(1) O: Purge NMethod: net.openhft.hashing.XXH3.XXH3_mix16B (0x00007cb613afa688) [0x00007cb613afa780, 0x00007cb613afc110] 
[4,250s][debug][gc,nmethod     ] GC(1) O: Purge NMethod: it.unimi.dsi.fastutil.longs.LongArrayList.removeLong (0x00007cb613b76a88) [0x00007cb613b76b80, 0x00007cb613b782b0] 
[4,250s][debug][gc,nmethod     ] GC(1) O: Purge NMethod: java.lang.Integer.hashCode (0x00007cb61352d288) [0x00007cb61352d380, 0x00007cb61352d4d8] 
[4,250s][debug][gc,nmethod     ] GC(1) O: Purge NMethod: com.sun.org.apache.xerces.internal.impl.XMLNSDocumentScannerImpl.scanStartElement (0x00007cb613ca9188) [0x00007cb613ca9280, 0x00007cb613cb1560] 
[4,250s][debug][gc,nmethod     ] GC(1) O: Purge NMethod: io.sirix.access.trx.node.AbstractResourceSession.getResourceConfig (0x00007cb613b13d88) [0x00007cb613b13e80, 0x00007cb613b14120] 
[4,250s][debug][gc,nmethod     ] GC(1) O: Purge NMethod: io.sirix.access.trx.node.AbstractNodeHashing.setAddDescendants (0x00007cb613aeca08) [0x00007cb613aecb00, 0x00007cb613aed688] 
[4,250s][debug][gc,nmethod     ] GC(1) O: Purge NMethod: java.util.stream.ReduceOps.makeRef (0x00007cb6137d8208) [0x00007cb6137d8300, 0x00007cb6137d8cc8] 
[4,250s][debug][gc,nmethod     ] GC(1) O: Purge NMethod: it.unimi.dsi.fastutil.longs.LongArrayList.add (0x00007cb613b41988) [0x00007cb613b41a80, 0x00007cb613b41d58] 
[4,250s][debug][gc,nmethod     ] GC(1) O: Purge NMethod: com.sun.org.apache.xerces.internal.util.NamespaceSupport.pushContext (0x00007cb632d6a088) [0x00007cb632d6a180, 0x00007cb632d6a2c0] 
[4,250s][debug][gc,nmethod     ] GC(1) O: Purge NMethod: jdk.internal.foreign.layout.ValueLayouts$OfByteImpl.dup (0x00007cb613f30b08) [0x00007cb613f30c00, 0x00007cb613f30d18] 
[4,250s][debug][gc,nmethod     ] GC(1) O: Purge NMethod: java.lang.invoke.VarHandleReferences$FieldInstanceReadWrite.set (0x00007cb61341cc88) [0x00007cb61341cd80, 0x00007cb61341dda8] 
[4,250s][debug][gc,nmethod     ] GC(1) O: Purge NMethod: java.util.BitSet.nextSetBit (0x00007cb613ffd688) [0x00007cb613ffd780, 0x00007cb613ffe770] 
[4,250s][debug][gc,nmethod     ] GC(1) O: Purge NMethod: org.magicwerk.brownies.collections.GapList.get (0x00007cb632d36788) [0x00007cb632d36880, 0x00007cb632d36a18] 
[4,250s][debug][gc,nmethod     ] GC(1) O: Purge NMethod: io.sirix.utils.XMLToken.cp (0x00007cb613b1cd88) [0x00007cb613b1ce80, 0x00007cb613b1d2b8] 
[4,250s][debug][gc,nmethod     ] GC(1) O: Purge NMethod: io.sirix.query.node.SubtreeProcessor.notifyText (0x00007cb613c41488) [0x00007cb613c41580, 0x00007cb613c41fe0] 
[4,250s][debug][gc,nmethod     ] GC(1) O: Purge NMethod: io.sirix.access.trx.page.NodePageTrx.getMostRecentPageContainer (0x00007cb632cdbf08) [0x00007cb632cdc000, 0x00007cb632cdc418] 
[4,250s][debug][gc,nmethod     ] GC(1) O: Purge NMethod: java.nio.Buffer.session (0x00007cb613485208) [0x00007cb613485300, 0x00007cb613485708] 
[4,250s][debug][gc,nmethod     ] GC(1) O: Purge NMethod: io.sirix.access.trx.node.AbstractNodeTrxImpl.getDeweyID (0x00007cb613b24508) [0x00007cb613b24600, 0x00007cb613b25128] 
[4,250s][debug][gc,nmethod     ] GC(1) O: Purge NMethod: io.sirix.node.xml.AttributeNode.getPrefixKey (0x00007cb613d53088) [0x00007cb613d53180, 0x00007cb613d58170] 
[4,250s][debug][gc,nmethod     ] GC(1) O: Purge NMethod: it.unimi.dsi.fastutil.shorts.AbstractShortList.ensureIndex (0x00007cb614001e88) [0x00007cb614001f80, 0x00007cb614004260] 
[4,250s][debug][gc,nmethod     ] GC(1) O: Purge NMethod: com.sun.org.apache.xerces.internal.impl.XMLNSDocumentScannerImpl.scanAttribute (0x00007cb613da1688) [0x00007cb613da1780, 0x00007cb613da9820] 
[4,250s][debug][gc,nmethod     ] GC(1) O: Purge NMethod: java.io.File.<init> (0x00007cb6136ef888) [0x00007cb6136ef980, 0x00007cb6136f0848] 
[4,250s][debug][gc,nmethod     ] GC(1) O: Purge NMethod: sun.nio.cs.UTF_8$Decoder.decodeArrayLoop (0x00007cb613de5b08) [0x00007cb613de5c00, 0x00007cb613defaf0] 
[4,250s][debug][gc,nmethod     ] GC(1) O: Purge NMethod: io.sirix.page.KeyValueLeafPage.setDeweyId (0x00007cb613f35a88) [0x00007cb613f35b80, 0x00007cb613f35dc8] 
[4,250s][debug][gc,nmethod     ] GC(1) O: Purge NMethod: java.lang.AbstractStringBuilder.append (0x00007cb632c23c88) [0x00007cb632c23d80, 0x00007cb632c24520] 
[4,250s][debug][gc,nmethod     ] GC(1) O: Purge NMethod: jdk.internal.foreign.SegmentFactories.allocateNativeInternal (0x00007cb613e28f08) [0x00007cb613e29000, 0x00007cb613e2c448] 
[4,250s][debug][gc,nmethod     ] GC(1) O: Purge NMethod: java.lang.Math.min (0x00007cb613412308) [0x00007cb613412400, 0x00007cb613412528] 
[4,250s][debug][gc,nmethod     ] GC(1) O: Purge NMethod: java.lang.Long.hashCode (0x00007cb61351e108) [0x00007cb61351e200, 0x00007cb61351e2f0] 
[4,250s][debug][gc,nmethod     ] GC(1) O: Purge NMethod: java.lang.invoke.MethodType.methodType (0x00007cb613458e08) [0x00007cb613458f00, 0x00007cb6134593e0] 
[4,250s][debug][gc,nmethod     ] GC(1) O: Purge NMethod: jdk.internal.misc.ScopedMemoryAccess.putIntUnaligned (0x00007cb613a8b788) [0x00007cb613a8b880, 0x00007cb613a8c708] 
[4,250s][debug][gc,nmethod     ] GC(1) O: Purge NMethod: java.io.UnixFileSystem.hasBooleanAttributes (0x00007cb613560b08) [0x00007cb613560c00, 0x00007cb613561788] 
[4,250s][debug][gc,nmethod     ] GC(1) O: Purge NMethod: jdk.internal.foreign.AbstractMemorySegmentImpl.set (0x00007cb613aad908) [0x00007cb613aada00, 0x00007cb613ab2f80] 
[4,250s][debug][gc,nmethod     ] GC(1) O: Purge NMethod: io.brackit.query.node.parser.SAX2SubtreeHandlerAdapter$TrimmingStringBuilder.append (0x00007cb613c26b88) [0x00007cb613c26c80, 0x00007cb613c27110] 
[4,250s][debug][gc,nmethod     ] GC(1) O: Purge NMethod: io.sirix.axis.AbstractAxis.hasNext (0x00007cb61408ca88) [0x00007cb61408cb80, 0x00007cb61408d648] 
[4,250s][debug][gc,nmethod     ] GC(1) O: Purge NMethod: jdk.internal.misc.Unsafe.getLongUnaligned (0x00007cb613a8f208) [0x00007cb613a8f300, 0x00007cb613a8f4e0] 
[4,250s][debug][gc,nmethod     ] GC(1) O: Purge NMethod: java.lang.Thread.onSpinWait (0x00007cb613810588) [0x00007cb613810680, 0x00007cb613810760] 
[4,250s][debug][gc,nmethod     ] GC(1) O: Purge NMethod: io.sirix.node.NullNode.<init> (0x00007cb613dde708) [0x00007cb613dde800, 0x00007cb613dded38] 
[4,250s][debug][gc,nmethod     ] GC(1) O: Purge NMethod: io.sirix.page.PageKind$1.deserializePage (0x00007cb614266388) [0x00007cb614266480, 0x00007cb61426a428] 
[4,250s][debug][gc,nmethod     ] GC(1) O: Purge NMethod: com.sun.org.apache.xerces.internal.impl.XMLEntityScanner.scanContent (0x00007cb613b2f988) [0x00007cb613b2fa80, 0x00007cb613b30a38] 
[4,250s][debug][gc,nmethod     ] GC(1) O: Purge NMethod: java.util.Spliterator.getExactSizeIfKnown (0x00007cb632c7e308) [0x00007cb632c7e400, 0x00007cb632c7e648] 
[4,250s][debug][gc,nmethod     ] GC(1) O: Purge NMethod: io.sirix.axis.filter.FilterAxis.nextKey (0x00007cb613c6c808) [0x00007cb613c6c900, 0x00007cb613c6df10] 
[4,250s][debug][gc,nmethod     ] GC(1) O: Purge NMethod: java.util.ArrayDeque.push (0x00007cb614189e88) [0x00007cb614189f80, 0x00007cb61418a0b0] 
[4,250s][debug][gc,nmethod     ] GC(1) O: Purge NMethod: jdk.internal.misc.Unsafe.checkNativeAddress (0x00007cb613744a08) [0x00007cb613744b00, 0x00007cb613744c10] 
[4,250s][debug][gc,nmethod     ] GC(1) O: Purge NMethod: net.openhft.hashing.XXH3$AsLongHashFunction.hash (0x00007cb613baa608) [0x00007cb613baa700, 0x00007cb613baaf50] 
[4,250s][debug][gc,nmethod     ] GC(1) O: Purge NMethod: io.sirix.page.NamePage.getName (0x00007cb632f12208) [0x00007cb632f12300, 0x00007cb632f14b98] 
[4,250s][debug][gc,nmethod     ] GC(1) O: Purge NMethod: com.sun.org.apache.xerces.internal.parsers.AbstractSAXParser.endNamespaceMapping (0x00007cb613cb7d08) [0x00007cb613cb7e00, 0x00007cb613cb8558] 
[4,251s][debug][gc,nmethod     ] GC(1) O: Purge NMethod: java.util.BitSet.recalculateWordsInUse (0x00007cb613a8e788) [0x00007cb613a8e880, 0x00007cb613a8eac0] 
[4,251s][debug][gc,nmethod     ] GC(1) O: Purge NMethod: com.sun.org.apache.xerces.internal.parsers.AbstractSAXParser$AttributesProxy.getQName (0x00007cb613d4e288) [0x00007cb613d4e380, 0x00007cb613d4e6e0] 
[4,251s][debug][gc,nmethod     ] GC(1) O: Purge NMethod: sun.net.www.protocol.file.Handler.parseURL (0x00007cb6136de108) [0x00007cb6136de200, 0x00007cb6136de570] 
[4,251s][debug][gc,nmethod     ] GC(1) O: Purge NMethod: io.brackit.query.node.parser.SAX2SubtreeHandlerAdapter.handleText (0x00007cb613c27488) [0x00007cb613c27580, 0x00007cb613c27ef0] 
[4,251s][debug][gc,nmethod     ] GC(1) O: Purge NMethod: io.sirix.node.xml.AttributeNode.computeHash (0x00007cb613d88788) [0x00007cb613d88880, 0x00007cb613d9f0e0] 
[4,251s][debug][gc,nmethod     ] GC(1) O: Purge NMethod: io.sirix.query.node.XmlDBNode.<init> (0x00007cb632d13c88) [0x00007cb632d13d80, 0x00007cb632d14818] 
[4,251s][debug][gc,nmethod     ] GC(1) O: Purge NMethod: io.sirix.access.trx.node.xml.XmlNodeTrxImpl.adaptForInsert (0x00007cb632d22a08) [0x00007cb632d22b00, 0x00007cb632d280c8] 
[4,251s][debug][gc,nmethod     ] GC(1) O: Purge NMethod: java.io.File.isInvalid (0x00007cb613477288) [0x00007cb613477380, 0x00007cb613477930] 
[4,251s][debug][gc,nmethod     ] GC(1) O: Purge NMethod: jdk.internal.foreign.SegmentFactories.initNativeMemory (0x00007cb613535908) [0x00007cb613535a00, 0x00007cb613535ba0] 
[4,251s][debug][gc,nmethod     ] GC(1) O: Purge NMethod: io.sirix.index.path.summary.PathSummaryWriter.movePathSummary (0x00007cb613cfac88) [0x00007cb613cfad80, 0x00007cb613cfd458] 
[4,251s][debug][gc,nmethod     ] GC(1) O: Purge NMethod: com.sun.org.apache.xerces.internal.impl.XMLEntityScanner.skipSpaces (0x00007cb632d8ca08) [0x00007cb632d8cb00, 0x00007cb632d8d068] 
[4,251s][debug][gc,nmethod     ] GC(1) O: Purge NMethod: com.sun.org.apache.xerces.internal.impl.XMLEntityScanner.peekChar (0x00007cb632cf8588) [0x00007cb632cf8680, 0x00007cb632cf8838] 
[4,251s][debug][gc,nmethod     ] GC(1) O: Purge NMethod: java.util.concurrent.locks.AbstractQueuedSynchronizer.release (0x00007cb6139ef308) [0x00007cb6139ef400, 0x00007cb6139f0238] 
[4,251s][debug][gc,nmethod     ] GC(1) O: Purge NMethod: net.openhft.hashing.XXH3.access$500 (0x00007cb613bb0708) [0x00007cb613bb0800, 0x00007cb613bb0910] 
[4,251s][debug][gc,nmethod     ] GC(1) O: Purge NMethod: io.sirix.access.trx.page.NodePageReadOnlyTrx.getValue (0x00007cb613ac6308) [0x00007cb613ac6400, 0x00007cb613ac7f60] 
[4,251s][debug][gc,nmethod     ] GC(1) O: Purge NMethod: io.sirix.access.trx.node.xml.ForwardingXmlNodeReadOnlyTrx.hasFirstChild (0x00007cb632d7f688) [0x00007cb632d7f780, 0x00007cb632d7fdd0] 
[4,251s][debug][gc,nmethod     ] GC(1) O: Purge NMethod: java.util.HashMap.putVal (0x00007cb613478b08) [0x00007cb613478c00, 0x00007cb61347af90] 
[4,251s][debug][gc,nmethod     ] GC(1) O: Purge NMethod: jdk.internal.foreign.ArenaImpl.allocate (0x00007cb613e0dc08) [0x00007cb613e0dd00, 0x00007cb613e0de80] 
[4,251s][debug][gc,nmethod     ] GC(1) O: Purge NMethod: io.brackit.query.node.parser.SAX2SubtreeHandlerAdapter.characters (0x00007cb632d19c88) [0x00007cb632d19d80, 0x00007cb632d1a430] 
[4,251s][debug][gc,nmethod     ] GC(1) O: Purge NMethod: com.sun.org.apache.xerces.internal.impl.XMLDocumentFragmentScannerImpl$FragmentContentDriver.next (0x00007cb614197488) [0x00007cb614197580, 0x00007cb6141a5040] 
[4,251s][debug][gc,nmethod     ] GC(1) O: Purge NMethod: io.sirix.node.xml.AbstractStructForwardingNode.getRightSiblingKey (0x00007cb613c25588) [0x00007cb613c25680, 0x00007cb613c259b0] 
[4,251s][debug][gc,nmethod     ] GC(1) O: Purge NMethod: com.sun.org.apache.xerces.internal.parsers.AbstractSAXParser.startElement (0x00007cb61417c588) [0x00007cb61417c680, 0x00007cb61417e948] 
[4,251s][debug][gc,nmethod     ] GC(1) O: Purge NMethod: io.sirix.access.trx.node.xml.XmlNodeFactoryImpl.createTextNode (0x00007cb613c3eb88) [0x00007cb613c3ec80, 0x00007cb613c40cc8] 
[4,251s][debug][gc,nmethod     ] GC(1) O: Purge NMethod: io.sirix.query.node.SubtreeBuilder.attribute (0x00007cb613d9f508) [0x00007cb613d9f600, 0x00007cb613da0800] 
[4,251s][debug][gc,nmethod     ] GC(1) O: Purge NMethod: net.openhft.hashing.LongHashFunction.hashByteBuffer (0x00007cb613c0b988) [0x00007cb613c0ba80, 0x00007cb613c0cfe8] 
[4,251s][debug][gc,nmethod     ] GC(1) O: Purge NMethod: io.sirix.access.trx.page.NodePageTrx.getMostRecentPageContainer (0x00007cb614008108) [0x00007cb614008200, 0x00007cb614008830] 
[4,251s][debug][gc,nmethod     ] GC(1) O: Purge NMethod: io.sirix.query.node.SubtreeBuilder.startElement (0x00007cb613c9a688) [0x00007cb613c9a780, 0x00007cb613c9cfa0] 
[4,251s][debug][gc,nmethod     ] GC(1) O: Purge NMethod: io.sirix.access.trx.node.AbstractNodeReadOnlyTrx.hasFirstChild (0x00007cb632d80108) [0x00007cb632d80200, 0x00007cb632d807c0] 
[4,251s][debug][gc,nmethod     ] GC(1) O: Purge NMethod: io.sirix.page.KeyValueLeafPage.processEntries (0x00007cb6141b9188) [0x00007cb6141b9280, 0x00007cb6141bc6b0] 
[4,251s][debug][gc,nmethod     ] GC(1) O: Purge NMethod: io.sirix.node.xml.ElementNode.getLeftSiblingKey (0x00007cb613b46788) [0x00007cb613b46880, 0x00007cb613b4b870] 
[4,251s][debug][gc,nmethod     ] GC(1) O: Purge NMethod: com.sun.org.apache.xerces.internal.xni.XMLString.append (0x00007cb613d4c688) [0x00007cb613d4c780, 0x00007cb613d4cc58] 
[4,251s][debug][gc,nmethod     ] GC(1) O: Purge NMethod: java.lang.foreign.MemorySegment.ofArray (0x00007cb613ee9d08) [0x00007cb613ee9e00, 0x00007cb613ee9ef8] 
[4,251s][debug][gc,nmethod     ] GC(1) O: Purge NMethod: io.sirix.service.xml.shredder.AbstractShredder.processText (0x00007cb613c32c88) [0x00007cb613c32d80, 0x00007cb613c35048] 
[4,251s][debug][gc,nmethod     ] GC(1) O: Purge NMethod: io.sirix.page.KeyValueLeafPage.getNumberOfNonNullEntries (0x00007cb614126008) [0x00007cb614126100, 0x00007cb6141266b0] 
[4,251s][debug][gc,nmethod     ] GC(1) O: Purge NMethod: io.sirix.node.MemorySegmentBytesIn.getUnderlying (0x00007cb613ba8388) [0x00007cb613ba8480, 0x00007cb613ba8a68] 
[4,251s][debug][gc,nmethod     ] GC(1) O: Purge NMethod: io.brackit.query.expr.StepExpr$AxisStepSequenceIter.next (0x00007cb6140a8408) [0x00007cb6140a8500, 0x00007cb6140a8c98] 
[4,251s][debug][gc,nmethod     ] GC(1) O: Purge NMethod: net.openhft.hashing.LongHashFunction.hashBytes (0x00007cb613cbd208) [0x00007cb613cbd300, 0x00007cb613cbd448] 
[4,251s][debug][gc,nmethod     ] GC(1) O: Purge NMethod: io.sirix.query.stream.node.SirixNodeStream.next (0x00007cb6140a9088) [0x00007cb6140a9180, 0x00007cb6140aa068] 
[4,251s][debug][gc,nmethod     ] GC(1) O: Purge NMethod: io.sirix.index.path.summary.PathSummaryReader.getNodeKey (0x00007cb613b08a88) [0x00007cb613b08b80, 0x00007cb613b09030] 
[4,251s][debug][gc,nmethod     ] GC(1) O: Purge NMethod: it.unimi.dsi.fastutil.ints.Int2LongOpenHashMap.get (0x00007cb613c1bc08) [0x00007cb613c1bd00, 0x00007cb613c1c250] 
[4,251s][debug][gc,nmethod     ] GC(1) O: Purge NMethod: io.brackit.query.compiler.optimizer.walker.Walker.walkInternal (0x00007cb61406c188) [0x00007cb61406c280, 0x00007cb61406cfc8] 
[4,251s][debug][gc,nmethod     ] GC(1) O: Purge NMethod: io.sirix.node.json.JsonNodeSerializer.writeSizePrefix (0x00007cb613f39c88) [0x00007cb613f39d80, 0x00007cb613f3a108] 
[4,251s][debug][gc,nmethod     ] GC(1) O: Purge NMethod: jdk.internal.foreign.AbstractMemorySegmentImpl.checkArraySize (0x00007cb613c03008) [0x00007cb613c03100, 0x00007cb613c05f00] 
[4,251s][debug][gc,nmethod     ] GC(1) O: Purge NMethod: com.sun.org.apache.xerces.internal.impl.XMLNSDocumentScannerImpl.next (0x00007cb632cfb188) [0x00007cb632cfb280, 0x00007cb632cfcb08] 
[4,251s][debug][gc,nmethod     ] GC(1) O: Purge NMethod: it.unimi.dsi.fastutil.longs.AbstractLongList.popLong (0x00007cb613b74788) [0x00007cb613b74880, 0x00007cb613b74ba8] 
[4,251s][debug][gc,nmethod     ] GC(1) O: Purge NMethod: com.sun.org.apache.xerces.internal.impl.XMLNSDocumentScannerImpl.scanStartElement (0x00007cb61418f088) [0x00007cb61418f180, 0x00007cb6141973e0] 
[4,251s][debug][gc,nmethod     ] GC(1) O: Purge NMethod: io.sirix.node.AbstractForwardingNode.getNodeKey (0x00007cb613ac5888) [0x00007cb613ac5980, 0x00007cb613ac5cb0] 
[4,251s][debug][gc,nmethod     ] GC(1) O: Purge NMethod: java.util.Collection.stream (0x00007cb613863f88) [0x00007cb613864080, 0x00007cb6138643b8] 
[4,251s][debug][gc,nmethod     ] GC(1) O: Purge NMethod: java.util.WeakHashMap.expungeStaleEntries (0x00007cb61348b808) [0x00007cb61348b900, 0x00007cb61348c698] 
[4,251s][debug][gc,nmethod     ] GC(1) O: Purge NMethod: sun.security.provider.SHA2.implCompress0 (0x00007cb613e4e488) [0x00007cb613e4e580, 0x00007cb613e4f230] 
[4,251s][debug][gc,nmethod     ] GC(1) O: Purge NMethod: java.lang.invoke.DirectMethodHandle.internalMemberName (0x00007cb613691688) [0x00007cb613691780, 0x00007cb613691aa0] 
[4,251s][debug][gc,nmethod     ] GC(1) O: Purge NMethod: java.util.concurrent.locks.ReentrantLock.unlock (0x00007cb632d04d88) [0x00007cb632d04e80, 0x00007cb632d05218] 
[4,251s][debug][gc,nmethod     ] GC(1) O: Purge NMethod: io.sirix.access.trx.page.NodePageTrx.prepareRecordPage (0x00007cb613acdc08) [0x00007cb613acdd00, 0x00007cb613ad02a8] 
[4,251s][debug][gc,nmethod     ] GC(1) O: Purge NMethod: jdk.internal.foreign.Utils.checkAlign (0x00007cb613b89208) [0x00007cb613b89300, 0x00007cb613b8a058] 
[4,251s][debug][gc,nmethod     ] GC(1) O: Purge NMethod: jdk.internal.misc.Unsafe.getReferenceAcquire (0x00007cb613413b08) [0x00007cb613413c00, 0x00007cb613413d30] 
[4,251s][debug][gc,nmethod     ] GC(1) O: Purge NMethod: java.nio.DirectByteBuffer.address (0x00007cb632d1e088) [0x00007cb632d1e180, 0x00007cb632d1e348] 
[4,251s][debug][gc,nmethod     ] GC(1) O: Purge NMethod: io.sirix.node.MemorySegmentBytesIn.read (0x00007cb613fdf288) [0x00007cb613fdf380, 0x00007cb613fe5e78] 
[4,251s][debug][gc,nmethod     ] GC(1) O: Purge NMethod: jdk.internal.foreign.SegmentFactories.ensureInitialized (0x00007cb613b37408) [0x00007cb613b37500, 0x00007cb613b375e0] 
[4,251s][debug][gc,nmethod     ] GC(1) O: Purge NMethod: io.sirix.access.trx.page.NodePageReadOnlyTrx.assertNotClosed (0x00007cb613a7ce88) [0x00007cb613a7cf80, 0x00007cb613a7d198] 
[4,251s][debug][gc,nmethod     ] GC(1) O: Purge NMethod: io.sirix.page.KeyValueLeafPage.getSlot (0x00007cb613a46308) [0x00007cb613a46400, 0x00007cb613a5c620] 
[4,251s][debug][gc,nmethod     ] GC(1) O: Purge NMethod: io.sirix.access.trx.node.xml.XmlNodeReadOnlyTrxImpl.getNode (0x00007cb61417fb08) [0x00007cb61417fc00, 0x00007cb61417fef8] 
[4,251s][debug][gc,nmethod     ] GC(1) O: Purge NMethod: io.sirix.access.trx.node.AbstractNodeReadOnlyTrx.storeDeweyIDs (0x00007cb613ba5588) [0x00007cb613ba5680, 0x00007cb613ba5bb0] 
[4,251s][debug][gc,nmethod     ] GC(1) O: Purge NMethod: jdk.internal.foreign.Utils.checkElementAlignment (0x00007cb613a61b88) [0x00007cb613a61c80, 0x00007cb613a62328] 
[4,251s][debug][gc,nmethod     ] GC(1) O: Purge NMethod: io.sirix.page.PathSummaryPage.incrementAndGetMaxNodeKey (0x00007cb613dd4b88) [0x00007cb613dd4c80, 0x00007cb613dd4ef8] 
[4,251s][debug][gc,nmethod     ] GC(1) O: Purge NMethod: java.lang.invoke.VarHandleGuards.guard_L_L (0x00007cb613b14b08) [0x00007cb613b14c00, 0x00007cb613b18080] 
[4,251s][debug][gc,nmethod     ] GC(1) O: Purge NMethod: com.sun.org.apache.xerces.internal.impl.XMLNSDocumentScannerImpl.next (0x00007cb613db0208) [0x00007cb613db0300, 0x00007cb613db07d0] 
[4,251s][debug][gc,nmethod     ] GC(1) O: Purge NMethod: io.sirix.access.trx.node.AbstractNodeReadOnlyTrx.getStructuralNode (0x00007cb613b27908) [0x00007cb613b27a00, 0x00007cb613b284b8] 
[4,251s][debug][gc,nmethod     ] GC(1) O: Purge NMethod: io.sirix.node.NodeKind$4.deserialize (0x00007cb6140c0108) [0x00007cb6140c0200, 0x00007cb6140c1db8] 
[4,251s][debug][gc,nmethod     ] GC(1) O: Purge NMethod: java.lang.String.checkBoundsOffCount (0x00007cb613464388) [0x00007cb613464480, 0x00007cb613464678] 
[4,251s][debug][gc,nmethod     ] GC(1) O: Purge NMethod: com.sun.org.apache.xerces.internal.impl.XMLDocumentFragmentScannerImpl$FragmentContentDriver.startOfMarkup (0x00007cb613daa008) [0x00007cb613daa100, 0x00007cb613dac168] 
[4,251s][debug][gc,nmethod     ] GC(1) O: Purge NMethod: io.sirix.node.GrowingMemorySegment.<init> (0x00007cb613b91008) [0x00007cb613b91100, 0x00007cb613b91cd0] 
[4,251s][debug][gc,nmethod     ] GC(1) O: Purge NMethod: io.sirix.utils.XMLToken.ncName (0x00007cb613dd7d08) [0x00007cb613dd7e00, 0x00007cb613dd8258] 
[4,251s][debug][gc,nmethod     ] GC(1) O: Purge NMethod: io.sirix.access.trx.page.NodePageReadOnlyTrx.loadPage (0x00007cb632d3dc08) [0x00007cb632d3dd00, 0x00007cb632d3de00] 
[4,251s][debug][gc,nmethod     ] GC(1) O: Purge NMethod: io.sirix.page.delegates.BitmapReferencesPage.index (0x00007cb613b1bc08) [0x00007cb613b1bd00, 0x00007cb613b1c288] 
[4,251s][debug][gc,nmethod     ] GC(1) O: Purge NMethod: io.sirix.access.trx.page.NodePageTrx.getMostRecentPageContainer (0x00007cb613ac3b08) [0x00007cb613ac3c00, 0x00007cb613ac4230] 
[4,251s][debug][gc,nmethod     ] GC(1) O: Purge NMethod: jdk.internal.classfile.impl.SplitConstantPool.findEntry (0x00007cb6134f4708) [0x00007cb6134f4800, 0x00007cb6134f5f08] 
[4,251s][debug][gc,nmethod     ] GC(1) O: Purge NMethod: io.sirix.axis.filter.PathKindFilter.filter (0x00007cb613cd6788) [0x00007cb613cd6880, 0x00007cb613cd7818] 
[4,251s][debug][gc,nmethod     ] GC(1) O: Purge NMethod: jdk.internal.classfile.impl.BufWriterImpl.writeU1 (0x00007cb6134f5f88) [0x00007cb6134f6080, 0x00007cb6134f64c8] 
[4,251s][debug][gc,nmethod     ] GC(1) O: Purge NMethod: io.sirix.access.trx.node.AbstractNodeReadOnlyTrx.moveTo (0x00007cb632ce9f08) [0x00007cb632cea000, 0x00007cb632cead70] 
[4,251s][debug][gc,nmethod     ] GC(1) O: Purge NMethod: it.unimi.dsi.fastutil.ints.Int2IntOpenHashMap.find (0x00007cb613fe6508) [0x00007cb613fe6600, 0x00007cb613fe6a68] 
[4,251s][debug][gc,nmethod     ] GC(1) O: Purge NMethod: io.sirix.index.path.summary.PathSummaryReader.getName (0x00007cb632f4f208) [0x00007cb632f4f300, 0x00007cb632f4f488] 
[4,251s][debug][gc,nmethod     ] GC(1) O: Purge NMethod: io.sirix.access.trx.node.AbstractDeweyIDManager.newFirstChildID (0x00007cb632d68908) [0x00007cb632d68a00, 0x00007cb632d698c0] 
[4,251s][debug][gc,nmethod     ] GC(1) O: Purge NMethod: jdk.internal.misc.Unsafe.weakCompareAndSetInt (0x00007cb61377eb88) [0x00007cb61377ec80, 0x00007cb61377ed98] 
[4,251s][debug][gc,nmethod     ] GC(1) O: Purge NMethod: java.lang.invoke.VarHandleGuards.guard_LJ_I (0x00007cb613a5eb88) [0x00007cb613a5ec80, 0x00007cb613a61b40] 
[4,251s][debug][gc,nmethod     ] GC(1) O: Purge NMethod: com.sun.org.apache.xerces.internal.impl.XMLDocumentFragmentScannerImpl.scanDocument (0x00007cb632eb5b88) [0x00007cb632eb5c80, 0x00007cb632ec65b8] 
[4,251s][debug][gc,nmethod     ] GC(1) O: Purge NMethod: jdk.internal.classfile.impl.DirectCodeBuilder.parameterSlot (0x00007cb613853788) [0x00007cb613853880, 0x00007cb613853a38] 
[4,251s][debug][gc,nmethod     ] GC(1) O: Purge NMethod: io.sirix.page.KeyValueLeafPage.getSlotAsByteArray (0x00007cb61351be88) [0x00007cb61351bf80, 0x00007cb61351c618] 
[4,251s][debug][gc,nmethod     ] GC(1) O: Purge NMethod: java.nio.charset.Charset.defaultCharset (0x00007cb613c65b08) [0x00007cb613c65c00, 0x00007cb613c65cf8] 
[4,251s][debug][gc,nmethod     ] GC(1) O: Purge NMethod: com.github.benmanes.caffeine.cache.PSMW.getPreviousInAccessOrder (0x00007cb6140bc788) [0x00007cb6140bc880, 0x00007cb6140bcb80] 
[4,251s][debug][gc,nmethod     ] GC(1) O: Purge NMethod: java.util.concurrent.ConcurrentHashMap.putIfAbsent (0x00007cb632c95588) [0x00007cb632c95680, 0x00007cb632c97e30] 
[4,251s][debug][gc,nmethod     ] GC(1) O: Purge NMethod: jdk.internal.ref.CleanerImpl$CleanableList.insert (0x00007cb6134dcb88) [0x00007cb6134dcc80, 0x00007cb6134dd700] 
[4,251s][debug][gc,nmethod     ] GC(1) O: Purge NMethod: com.sun.org.apache.xerces.internal.impl.XMLEntityScanner.skipString (0x00007cb613cf9a08) [0x00007cb613cf9b00, 0x00007cb613cfac20] 
[4,251s][debug][gc,nmethod     ] GC(1) O: Purge NMethod: java.lang.invoke.InnerClassLambdaMetafactory$3.accept (0x00007cb613949588) [0x00007cb613949680, 0x00007cb61394bc18] 
[4,251s][debug][gc,nmethod     ] GC(1) O: Purge NMethod: io.sirix.node.NodeKind$2.serialize (0x00007cb613e4f288) [0x00007cb613e4f380, 0x00007cb613e73d00] 
[4,251s][debug][gc,nmethod     ] GC(1) O: Purge NMethod: java.lang.invoke.VarHandleReferences$FieldInstanceReadWrite.compareAndSet (0x00007cb613879188) [0x00007cb613879280, 0x00007cb61387a838] 
[4,251s][debug][gc,nmethod     ] GC(1) O: Purge NMethod: com.sun.org.apache.xerces.internal.impl.XMLEntityScanner.checkNodeCount (0x00007cb613c47188) [0x00007cb613c47280, 0x00007cb613c47448] 
[4,251s][debug][gc,nmethod     ] GC(1) O: Purge NMethod: com.sun.org.apache.xerces.internal.impl.XMLEntityScanner.peekChar (0x00007cb613b26488) [0x00007cb613b26580, 0x00007cb613b26a38] 
[4,251s][debug][gc,nmethod     ] GC(1) O: Purge NMethod: com.sun.org.apache.xerces.internal.impl.XMLDocumentFragmentScannerImpl.getString (0x00007cb613d4eb08) [0x00007cb613d4ec00, 0x00007cb613d4f830] 
[4,251s][debug][gc,nmethod     ] GC(1) O: Purge NMethod: io.sirix.access.trx.node.AbstractNodeTrxImpl.getCurrentNode (0x00007cb613aec588) [0x00007cb613aec680, 0x00007cb613aec9f0] 
[4,251s][debug][gc,nmethod     ] GC(1) O: Purge NMethod: com.sun.org.apache.xerces.internal.impl.XMLEntityScanner.scanContent (0x00007cb613dd6008) [0x00007cb613dd6100, 0x00007cb613dd7078] 
[4,251s][debug][gc,nmethod     ] GC(1) O: Purge NMethod: io.sirix.node.xml.ElementNode.getLastChildKey (0x00007cb613c16788) [0x00007cb613c16880, 0x00007cb613c1b870] 
[4,251s][debug][gc,nmethod     ] GC(1) O: Purge NMethod: io.sirix.node.xml.AbstractStructForwardingNode.hasFirstChild (0x00007cb632d46088) [0x00007cb632d46180, 0x00007cb632d46298] 
[4,251s][debug][gc,nmethod     ] GC(1) O: Purge NMethod: jdk.internal.misc.Unsafe.getIntUnaligned (0x00007cb613585988) [0x00007cb613585a80, 0x00007cb613585cc8] 
[4,251s][debug][gc,nmethod     ] GC(1) O: Purge NMethod: io.sirix.node.MemorySegmentBytesOut.writeByte (0x00007cb613afe188) [0x00007cb613afe280, 0x00007cb613afe418] 
[4,251s][debug][gc,nmethod     ] GC(1) O: Purge NMethod: io.sirix.page.RevisionRootPage.incrementAndGetMaxNodeKeyInDocumentIndex (0x00007cb613bced88) [0x00007cb613bcee80, 0x00007cb613bcef90] 
[4,251s][debug][gc,nmethod     ] GC(1) O: Purge NMethod: jdk.internal.classfile.impl.SplitConstantPool.classEntry (0x00007cb61350e788) [0x00007cb61350e880, 0x00007cb613510538] 
[4,251s][debug][gc,nmethod     ] GC(1) O: Purge NMethod: io.sirix.utils.NamePageHash.generateHashForString (0x00007cb613c25a08) [0x00007cb613c25b00, 0x00007cb613c25dd8] 
[4,251s][debug][gc,nmethod     ] GC(1) O: Purge NMethod: io.sirix.axis.filter.xml.XmlNameFilter.filter (0x00007cb6140b4188) [0x00007cb6140b4280, 0x00007cb6140b56c8] 
[4,251s][debug][gc,nmethod     ] GC(1) O: Purge NMethod: com.sun.org.apache.xerces.internal.impl.XMLDocumentFragmentScannerImpl.scanEndElement (0x00007cb613d15288) [0x00007cb613d15380, 0x00007cb613d16aa8] 
[4,251s][debug][gc,nmethod     ] GC(1) O: Purge NMethod: java.util.WeakHashMap.hash (0x00007cb61348ad88) [0x00007cb61348ae80, 0x00007cb61348b1a8] 
[4,251s][debug][gc,nmethod     ] GC(1) O: Purge NMethod: java.util.Arrays.copyOf (0x00007cb613b35c08) [0x00007cb613b35d00, 0x00007cb613b360c8] 
[4,251s][debug][gc,nmethod     ] GC(1) O: Purge NMethod: io.sirix.node.xml.TextNode.hasRightSibling (0x00007cb613bc4808) [0x00007cb613bc4900, 0x00007cb613bc9d38] 
[4,251s][debug][gc,nmethod     ] GC(1) O: Purge NMethod: io.sirix.node.xml.TextNode.getParentKey (0x00007cb613aed708) [0x00007cb613aed800, 0x00007cb613af27e8] 
[4,251s][debug][gc,nmethod     ] GC(1) O: Purge NMethod: io.sirix.node.xml.ElementNode.setChildCount (0x00007cb613bc9d88) [0x00007cb613bc9e80, 0x00007cb613bcd9a0] 
[4,251s][debug][gc,nmethod     ] GC(1) O: Purge NMethod: io.sirix.access.trx.node.AbstractNodeReadOnlyTrx.moveToParent (0x00007cb613be2b88) [0x00007cb613be2c80, 0x00007cb613be34e0] 
[4,251s][debug][gc,nmethod     ] GC(1) O: Purge NMethod: sun.security.provider.DigestBase.implCompressMultiBlock0 (0x00007cb613f70188) [0x00007cb613f70280, 0x00007cb613f70650] 
[4,251s][debug][gc,nmethod     ] GC(1) O: Purge NMethod: io.sirix.node.xml.ElementNode.getHash (0x00007cb613adeb08) [0x00007cb613adec00, 0x00007cb613ae2470] 
[4,251s][debug][gc,nmethod     ] GC(1) O: Purge NMethod: jdk.internal.foreign.AbstractMemorySegmentImpl.asSliceNoCheck (0x00007cb632ca1a88) [0x00007cb632ca1b80, 0x00007cb632ca1cf8] 
[4,251s][debug][gc,nmethod     ] GC(1) O: Purge NMethod: jdk.internal.classfile.impl.AbstractPoolEntry$ClassEntryImpl.hashCode (0x00007cb6134f2108) [0x00007cb6134f2200, 0x00007cb6134f30f8] 
[4,251s][debug][gc,nmethod     ] GC(1) O: Purge NMethod: java.util.ArrayList.isEmpty (0x00007cb613517608) [0x00007cb613517700, 0x00007cb613517850] 
[4,251s][debug][gc,nmethod     ] GC(1) O: Purge NMethod: java.util.stream.AbstractPipeline.wrapSink (0x00007cb632c7a808) [0x00007cb632c7a900, 0x00007cb632c7af90] 
[4,251s][debug][gc,nmethod     ] GC(1) O: Purge NMethod: jdk.internal.classfile.impl.RawBytecodeHelper.isStoreIntoLocal (0x00007cb61347e908) [0x00007cb61347ea00, 0x00007cb61347eb58] 
[4,251s][debug][gc,nmethod     ] GC(1) O: Purge NMethod: java.lang.classfile.CodeBuilder.loadConstant (0x00007cb61343ed88) [0x00007cb61343ee80, 0x00007cb613441e58] 
[4,251s][debug][gc,nmethod     ] GC(1) O: Purge NMethod: java.nio.channels.spi.AbstractInterruptibleChannel.blockedOn (0x00007cb613f72f88) [0x00007cb613f73080, 0x00007cb613f73740] 
[4,251s][debug][gc,nmethod     ] GC(1) O: Purge NMethod: jdk.internal.classfile.impl.SplitConstantPool.maybeCloneUtf8Entry (0x00007cb6134e8688) [0x00007cb6134e8780, 0x00007cb6134e9820] 
[4,251s][debug][gc,nmethod     ] GC(1) O: Purge NMethod: java.lang.String.indexOf (0x00007cb61358ce08) [0x00007cb61358cf00, 0x00007cb61358d9b8] 
[4,251s][debug][gc,nmethod     ] GC(1) O: Purge NMethod: jdk.internal.foreign.AbstractMemorySegmentImpl.<init> (0x00007cb613525908) [0x00007cb613525a00, 0x00007cb613525be0] 
[4,251s][debug][gc,nmethod     ] GC(1) O: Purge NMethod: jdk.internal.misc.Unsafe.checkOffset (0x00007cb613449f88) [0x00007cb61344a080, 0x00007cb61344a2e0] 
[4,251s][debug][gc,nmethod     ] GC(1) O: Purge NMethod: com.sun.org.apache.xerces.internal.impl.XMLNSDocumentScannerImpl.scanStartElement (0x00007cb632d6d488) [0x00007cb632d6d580, 0x00007cb632d6fc10] 
[4,251s][debug][gc,nmethod     ] GC(1) O: Purge NMethod: java.lang.String.getBytes (0x00007cb632c17a08) [0x00007cb632c17b00, 0x00007cb632c17e40] 
[4,251s][debug][gc,nmethod     ] GC(1) O: Purge NMethod: io.sirix.access.trx.node.AbstractNodeReadOnlyTrx.getNodeKey (0x00007cb613b27188) [0x00007cb613b27280, 0x00007cb613b278e8] 
[4,251s][debug][gc,nmethod     ] GC(1) O: Purge NMethod: net.jpountz.lz4.LZ4BlockOutputStream.writeIntLE (0x00007cb613f5b288) [0x00007cb613f5b380, 0x00007cb613f5b508] 
[4,251s][debug][gc,nmethod     ] GC(1) O: Purge NMethod: io.sirix.access.trx.page.NodePageTrx.createNameKey (0x00007cb6141a6088) [0x00007cb6141a6180, 0x00007cb6141a7bb8] 
[4,251s][debug][gc,nmethod     ] GC(1) O: Purge NMethod: com.sun.org.apache.xerces.internal.impl.XMLEntityScanner.scanQName (0x00007cb613ddb308) [0x00007cb613ddb400, 0x00007cb613ddd638] 
[4,251s][debug][gc,nmethod     ] GC(1) O: Purge NMethod: io.sirix.node.MemorySegmentBytesOut.writeLong (0x00007cb613ac5588) [0x00007cb613ac5680, 0x00007cb613ac5818] 
[4,251s][debug][gc,nmethod     ] GC(1) O: Purge NMethod: jdk.internal.misc.Unsafe.checkPointer (0x00007cb61354b508) [0x00007cb61354b600, 0x00007cb61354b970] 
[4,251s][debug][gc,nmethod     ] GC(1) O: Purge NMethod: com.sun.org.apache.xerces.internal.util.XMLAttributesImpl.getQName (0x00007cb613d4e708) [0x00007cb613d4e800, 0x00007cb613d4ead0] 
[4,251s][debug][gc,nmethod     ] GC(1) O: Purge NMethod: com.sun.org.apache.xerces.internal.impl.XMLDocumentFragmentScannerImpl$ElementStack.popElement (0x00007cb613cb1608) [0x00007cb613cb1700, 0x00007cb613cb1a50] 
[4,251s][debug][gc,nmethod     ] GC(1) O: Purge NMethod: io.sirix.node.GrowingMemorySegment.writeLong (0x00007cb613ac9308) [0x00007cb613ac9400, 0x00007cb613acd230] 
[4,251s][debug][gc,nmethod     ] GC(1) O: Purge NMethod: jdk.internal.loader.URLClassPath$FileLoader.getResource (0x00007cb613710f88) [0x00007cb613711080, 0x00007cb613713298] 
[4,251s][debug][gc,nmethod     ] GC(1) O: Purge NMethod: jdk.internal.foreign.SegmentFactories.allocateNativeInternal (0x00007cb613b8ab88) [0x00007cb613b8ac80, 0x00007cb613b8e0d8] 
[4,251s][debug][gc,nmethod     ] GC(1) O: Purge NMethod: io.sirix.access.trx.node.xml.XmlNodeTrxImpl.adaptForInsert (0x00007cb613bc1908) [0x00007cb613bc1a00, 0x00007cb613bc47c8] 
[4,251s][debug][gc,nmethod     ] GC(1) O: Purge NMethod: io.sirix.index.path.summary.PathSummaryReader.getLevel (0x00007cb632d56788) [0x00007cb632d56880, 0x00007cb632d569a0] 
[4,251s][debug][gc,nmethod     ] GC(1) O: Purge NMethod: io.sirix.index.path.summary.PathSummaryWriter.getPathNodeKey (0x00007cb61417ff08) [0x00007cb614180000, 0x00007cb614183e60] 
[4,251s][debug][gc,nmethod     ] GC(1) O: Purge NMethod: io.brackit.query.atomic.QNm.<init> (0x00007cb61417f508) [0x00007cb61417f600, 0x00007cb61417faa8] 
[4,251s][debug][gc,nmethod     ] GC(1) O: Purge NMethod: java.util.RegularEnumSet.contains (0x00007cb61386b108) [0x00007cb61386b200, 0x00007cb61386bca0] 
[4,251s][debug][gc,nmethod     ] GC(1) O: Purge NMethod: com.sun.org.apache.xerces.internal.impl.XMLEntityScanner.skipChar (0x00007cb613b25908) [0x00007cb613b25a00, 0x00007cb613b25f48] 
[4,251s][debug][gc,nmethod     ] GC(1) O: Purge NMethod: java.lang.String.<init> (0x00007cb613cc4f08) [0x00007cb613cc5000, 0x00007cb613cc5228] 
[4,251s][debug][gc,nmethod     ] GC(1) O: Purge NMethod: java.lang.String.compareTo (0x00007cb6137bc088) [0x00007cb6137bc180, 0x00007cb6137bc9b0] 
[4,251s][debug][gc,nmethod     ] GC(1) O: Purge NMethod: java.nio.DirectByteBuffer.<init> (0x00007cb613c08608) [0x00007cb613c08700, 0x00007cb613c08978] 
[4,251s][debug][gc,nmethod     ] GC(1) O: Purge NMethod: io.brackit.query.expr.StepExpr$AxisStepSequenceIter.next (0x00007cb632f15788) [0x00007cb632f15880, 0x00007cb632f172f8] 
[4,251s][debug][gc,nmethod     ] GC(1) O: Purge NMethod: io.sirix.axis.AbstractAxis.resetToLastKey (0x00007cb632e14b88) [0x00007cb632e14c80, 0x00007cb632e14ff0] 
[4,251s][debug][gc,nmethod     ] GC(1) O: Purge NMethod: java.util.concurrent.ConcurrentHashMap.replaceNode (0x00007cb613f75988) [0x00007cb613f75a80, 0x00007cb613f77e08] 
[4,251s][debug][gc,nmethod     ] GC(1) O: Purge NMethod: java.lang.Integer.numberOfTrailingZeros (0x00007cb613fdc608) [0x00007cb613fdc700, 0x00007cb613fdc918] 
[4,251s][debug][gc,nmethod     ] GC(1) O: Purge NMethod: io.sirix.node.GrowingMemorySegment.grow (0x00007cb6141b8488) [0x00007cb6141b8580, 0x00007cb6141b9130] 
[4,251s][debug][gc,nmethod     ] GC(1) O: Purge NMethod: io.sirix.axis.AbstractAxis.hasNext (0x00007cb632cf0208) [0x00007cb632cf0300, 0x00007cb632cf0a70] 
[4,251s][debug][gc,nmethod     ] GC(1) O: Purge NMethod: io.sirix.node.xml.ElementNode.incrementChildCount (0x00007cb613bbfc88) [0x00007cb613bbfd80, 0x00007cb613bc04b0] 
[4,251s][debug][gc,nmethod     ] GC(1) O: Purge NMethod: java.util.HashSet.isEmpty (0x00007cb613445d08) [0x00007cb613445e00, 0x00007cb6134461a8] 
[4,251s][debug][gc,nmethod     ] GC(1) O: Purge NMethod: io.sirix.axis.filter.FilterAxis.<init> (0x00007cb6140aa088) [0x00007cb6140aa180, 0x00007cb6140acd08] 
[4,251s][debug][gc,nmethod     ] GC(1) O: Purge NMethod: io.sirix.access.trx.node.xml.ForwardingXmlNodeReadOnlyTrx.hasFirstChild (0x00007cb613ce1188) [0x00007cb613ce1280, 0x00007cb613ce1880] 
[4,251s][debug][gc,nmethod     ] GC(1) O: Purge NMethod: java.lang.Integer.rotateRight (0x00007cb613414b08) [0x00007cb613414c00, 0x00007cb613414cf0] 
[4,251s][debug][gc,nmethod     ] GC(1) O: Purge NMethod: io.sirix.access.trx.page.NodePageTrx.lambda$getPageContainer$0 (0x00007cb614005e88) [0x00007cb614005f80, 0x00007cb614006e78] 
[4,252s][debug][gc,nmethod     ] GC(1) O: Purge NMethod: jdk.internal.foreign.Utils$BaseAndScale.of (0x00007cb613a83608) [0x00007cb613a83700, 0x00007cb613a84d18] 
[4,252s][debug][gc,nmethod     ] GC(1) O: Purge NMethod: io.sirix.node.xml.ElementNode.getAttributeCount (0x00007cb613d46b08) [0x00007cb613d46c00, 0x00007cb613d46d90] 
[4,252s][debug][gc,nmethod     ] GC(1) O: Purge NMethod: io.sirix.node.xml.ElementNode.hasLeftSibling (0x00007cb632d20b08) [0x00007cb632d20c00, 0x00007cb632d21050] 
[4,252s][debug][gc,nmethod     ] GC(1) O: Purge NMethod: java.lang.String.<init> (0x00007cb613647208) [0x00007cb613647300, 0x00007cb6136478d8] 
[4,252s][debug][gc,nmethod     ] GC(1) O: Purge NMethod: java.util.BitSet.set (0x00007cb632c55e08) [0x00007cb632c55f00, 0x00007cb632c56070] 
[4,252s][debug][gc,nmethod     ] GC(1) O: Purge NMethod: java.nio.Buffer.<init> (0x00007cb613806d88) [0x00007cb613806e80, 0x00007cb613808878] 
[4,252s][debug][gc,nmethod     ] GC(1) O: Purge NMethod: io.sirix.index.path.summary.PathSummaryReader.getRightSiblingKey (0x00007cb613c47488) [0x00007cb613c47580, 0x00007cb613c47d10] 
[4,252s][debug][gc,nmethod     ] GC(1) O: Purge NMethod: io.sirix.service.xml.shredder.AbstractShredder.processStartTag (0x00007cb613c9e188) [0x00007cb613c9e280, 0x00007cb613ca3fc0] 
[4,252s][debug][gc,nmethod     ] GC(1) O: Purge NMethod: java.lang.invoke.VarHandleGuards.guard_LJJ_V (0x00007cb613ab3008) [0x00007cb613ab3100, 0x00007cb613ab7cd0] 
[4,252s][debug][gc,nmethod     ] GC(1) O: Purge NMethod: java.util.ArrayList.iterator (0x00007cb6135bf008) [0x00007cb6135bf100, 0x00007cb6135bf400] 
[4,252s][debug][gc,nmethod     ] GC(1) O: Purge NMethod: jdk.internal.classfile.impl.StackMapGenerator$Frame.checkLocal (0x00007cb613569f08) [0x00007cb61356a000, 0x00007cb61356ac58] 
[4,252s][debug][gc,nmethod     ] GC(1) O: Purge NMethod: java.lang.AbstractStringBuilder.newCapacity (0x00007cb61347ec08) [0x00007cb61347ed00, 0x00007cb61347f098] 
[4,252s][debug][gc,nmethod     ] GC(1) O: Purge NMethod: java.lang.StringBuilder.append (0x00007cb613f8c808) [0x00007cb613f8c900, 0x00007cb613f8ca48] 
[4,252s][debug][gc,nmethod     ] GC(1) O: Purge NMethod: io.sirix.node.xml.TextNode.setRightSiblingKey (0x00007cb613cd1508) [0x00007cb613cd1600, 0x00007cb613cd6728] 
[4,252s][debug][gc,nmethod     ] GC(1) O: Purge NMethod: io.sirix.node.GrowingMemorySegment.<init> (0x00007cb632d09f88) [0x00007cb632d0a080, 0x00007cb632d0ab28] 
[4,252s][debug][gc,nmethod     ] GC(1) O: Purge NMethod: io.sirix.page.NamePage.getName (0x00007cb614015f08) [0x00007cb614016000, 0x00007cb614017670] 
[4,252s][debug][gc,nmethod     ] GC(1) O: Purge NMethod: io.sirix.axis.AbstractAxis.hasNext (0x00007cb61423c308) [0x00007cb61423c400, 0x00007cb61423cec8] 
[4,252s][debug][gc,nmethod     ] GC(1) O: Purge NMethod: io.sirix.page.KeyValueLeafPage.setSlot (0x00007cb613eea308) [0x00007cb613eea400, 0x00007cb613eea588] 
[4,252s][debug][gc,nmethod     ] GC(1) O: Purge NMethod: io.sirix.node.delegates.StructNodeDelegate.incrementChildCount (0x00007cb613dc1d08) [0x00007cb613dc1e00, 0x00007cb613dc1f10] 
[4,252s][debug][gc,nmethod     ] GC(1) O: Purge NMethod: jdk.internal.misc.ScopedMemoryAccess.getShortUnaligned (0x00007cb61376b788) [0x00007cb61376b880, 0x00007cb61376bdb8] 
[4,252s][debug][gc,nmethod     ] GC(1) O: Purge NMethod: java.lang.String.<init> (0x00007cb61385da08) [0x00007cb61385db00, 0x00007cb61385de40] 
[4,252s][debug][gc,nmethod     ] GC(1) O: Purge NMethod: io.sirix.access.trx.node.xml.XmlNodeTrxImpl.insertAttribute (0x00007cb613d78508) [0x00007cb613d78600, 0x00007cb613d886f0] 
[4,252s][debug][gc,nmethod     ] GC(1) O: Purge NMethod: java.util.concurrent.ForkJoinPool.deactivate (0x00007cb6142c0b88) [0x00007cb6142c0c80, 0x00007cb6142c1728] 
[4,252s][debug][gc,nmethod     ] GC(1) O: Purge NMethod: io.brackit.query.atomic.Una.<init> (0x00007cb613c08988) [0x00007cb613c08a80, 0x00007cb613c08da0] 
[4,252s][debug][gc,nmethod     ] GC(1) O: Purge NMethod: jdk.internal.foreign.ArenaImpl.allocate (0x00007cb613b74388) [0x00007cb613b74480, 0x00007cb613b74778] 
[4,252s][debug][gc,nmethod     ] GC(1) O: Purge NMethod: java.util.Objects.checkFromIndexSize (0x00007cb61347bd08) [0x00007cb61347be00, 0x00007cb61347bff8] 
[4,252s][debug][gc,nmethod     ] GC(1) O: Purge NMethod: jdk.internal.foreign.SegmentFactories$1.cleanup (0x00007cb613f30208) [0x00007cb613f30300, 0x00007cb613f304c8] 
[4,252s][debug][gc,nmethod     ] GC(1) O: Purge NMethod: io.sirix.query.node.SubtreeBuilder.startElement (0x00007cb632d65108) [0x00007cb632d65200, 0x00007cb632d66ab8] 
[4,252s][debug][gc,nmethod     ] GC(1) O: Purge NMethod: java.lang.Class.getSimpleName (0x00007cb632db1b08) [0x00007cb632db1c00, 0x00007cb632db22d8] 
[4,252s][debug][gc,nmethod     ] GC(1) O: Purge NMethod: io.sirix.node.json.JsonNodeSerializer.readSizePrefix (0x00007cb6140b3488) [0x00007cb6140b3580, 0x00007cb6140b37a0] 
[4,252s][debug][gc,nmethod     ] GC(1) O: Purge NMethod: jdk.internal.ref.PhantomCleanable.<init> (0x00007cb6134de508) [0x00007cb6134de600, 0x00007cb6134df7f0] 
[4,252s][debug][gc,nmethod     ] GC(1) O: Purge NMethod: io.sirix.access.trx.page.NodePageTrx.getRecord (0x00007cb632cee988) [0x00007cb632ceea80, 0x00007cb632cef5c8] 
[4,252s][debug][gc,nmethod     ] GC(1) O: Purge NMethod: io.sirix.node.SirixDeweyID.getDivisionBits (0x00007cb613ee8688) [0x00007cb613ee8780, 0x00007cb613ee8c00] 
[4,252s][debug][gc,nmethod     ] GC(1) O: Purge NMethod: io.sirix.node.MemorySegmentBytesIn.readLong (0x00007cb61400a688) [0x00007cb61400a780, 0x00007cb61400e390] 
[4,252s][debug][gc,nmethod     ] GC(1) O: Purge NMethod: io.sirix.access.trx.page.NodePageTrx.prepareRecordForModification (0x00007cb61415c188) [0x00007cb61415c280, 0x00007cb61415e108] 
[4,252s][debug][gc,nmethod     ] GC(1) O: Purge NMethod: org.magicwerk.brownies.collections.GapList.doGet (0x00007cb632d47088) [0x00007cb632d47180, 0x00007cb632d47318] 
[4,252s][debug][gc,nmethod     ] GC(1) O: Purge NMethod: java.lang.invoke.MethodTypeForm.canonicalize (0x00007cb61344be08) [0x00007cb61344bf00, 0x00007cb61344cb58] 
[4,252s][debug][gc,nmethod     ] GC(1) O: Purge NMethod: io.sirix.service.xml.shredder.AbstractShredder.processStartTag (0x00007cb61416e288) [0x00007cb61416e380, 0x00007cb614174098] 
[4,252s][debug][gc,nmethod     ] GC(1) O: Purge NMethod: java.util.concurrent.locks.AbstractQueuedSynchronizer.compareAndSetState (0x00007cb61399fb08) [0x00007cb61399fc00, 0x00007cb61399fd18] 
[4,252s][debug][gc,nmethod     ] GC(1) O: Purge NMethod: io.sirix.page.KeyValueLeafPage.setSlot (0x00007cb613ffd388) [0x00007cb613ffd480, 0x00007cb613ffd628] 
[4,252s][debug][gc,nmethod     ] GC(1) O: Purge NMethod: io.sirix.page.KeyValueLeafPage.isSlotSet (0x00007cb613865888) [0x00007cb613865980, 0x00007cb613865b28] 
[4,252s][debug][gc,nmethod     ] GC(1) O: Purge NMethod: jdk.internal.foreign.layout.ValueLayouts$AbstractValueLayout.assertCarrierSize (0x00007cb613ea1c88) [0x00007cb613ea1d80, 0x00007cb613ea1e90] 
[4,252s][debug][gc,nmethod     ] GC(1) O: Purge NMethod: java.nio.charset.CoderResult.isUnderflow (0x00007cb613402088) [0x00007cb613402180, 0x00007cb6134022d0] 
[4,252s][debug][gc,nmethod     ] GC(1) O: Purge NMethod: java.nio.ByteBuffer.<init> (0x00007cb613819f88) [0x00007cb61381a080, 0x00007cb61381a2c8] 
[4,252s][debug][gc,nmethod     ] GC(1) O: Purge NMethod: io.sirix.node.SirixDeweyID.toBytes (0x00007cb613e9ab08) [0x00007cb613e9ac00, 0x00007cb613e9ad68] 
[4,252s][debug][gc,nmethod     ] GC(1) O: Purge NMethod: java.lang.String.regionMatches (0x00007cb632c98788) [0x00007cb632c98880, 0x00007cb632c98bc8] 
[4,252s][debug][gc,nmethod     ] GC(1) O: Purge NMethod: com.sun.org.apache.xerces.internal.parsers.AbstractSAXParser$AttributesProxy.getLength (0x00007cb613c67b08) [0x00007cb613c67c00, 0x00007cb613c67f40] 
[4,252s][debug][gc,nmethod     ] GC(1) O: Purge NMethod: java.lang.invoke.VarHandle.checkAccessModeThenIsDirect (0x00007cb613586588) [0x00007cb613586680, 0x00007cb613587828] 
[4,252s][debug][gc,nmethod     ] GC(1) O: Purge NMethod: io.sirix.node.NodeSerializerImpl.deserializeDeweyID (0x00007cb61405cf88) [0x00007cb61405d080, 0x00007cb61405e008] 
[4,252s][debug][gc,nmethod     ] GC(1) O: Purge NMethod: it.unimi.dsi.fastutil.ints.Int2LongOpenHashMap.get (0x00007cb614169688) [0x00007cb614169780, 0x00007cb614169cd0] 
[4,252s][debug][gc,nmethod     ] GC(1) O: Purge NMethod: io.sirix.node.xml.ElementNode.getKind (0x00007cb613ac9008) [0x00007cb613ac9100, 0x00007cb613ac9208] 
[4,252s][debug][gc,nmethod     ] GC(1) O: Purge NMethod: io.sirix.node.SirixDeweyID.<init> (0x00007cb61409f008) [0x00007cb61409f100, 0x00007cb61409fca0] 
[4,252s][debug][gc,nmethod     ] GC(1) O: Purge NMethod: jdk.internal.misc.ScopedMemoryAccess.getByte (0x00007cb61348fd08) [0x00007cb61348fe00, 0x00007cb613490118] 
[4,252s][debug][gc,nmethod     ] GC(1) O: Purge NMethod: jdk.internal.classfile.impl.AbstractPoolEntry$Utf8EntryImpl.methodTypeSymbol (0x00007cb6134f8e88) [0x00007cb6134f8f80, 0x00007cb6134f9a50] 
[4,252s][debug][gc,nmethod     ] GC(1) O: Purge NMethod: io.sirix.access.trx.node.AbstractNodeReadOnlyTrx.getKind (0x00007cb613b21908) [0x00007cb613b21a00, 0x00007cb613b22068] 
[4,252s][debug][gc,nmethod     ] GC(1) O: Purge NMethod: io.sirix.node.xml.TextNode.hasRightSibling (0x00007cb632d0b288) [0x00007cb632d0b380, 0x00007cb632d0b7d0] 
[4,252s][debug][gc,nmethod     ] GC(1) O: Purge NMethod: io.sirix.access.trx.page.NodePageReadOnlyTrx.getPathSummaryPage (0x00007cb613db1788) [0x00007cb613db1880, 0x00007cb613db2858] 
[4,252s][debug][gc,nmethod     ] GC(1) O: Purge NMethod: org.magicwerk.brownies.collections.GapList.get (0x00007cb614121088) [0x00007cb614121180, 0x00007cb614122b78] 
[4,252s][debug][gc,nmethod     ] GC(1) O: Purge NMethod: java.nio.MappedByteBuffer.limit (0x00007cb613bddf88) [0x00007cb613bde080, 0x00007cb613bde440] 
[4,252s][debug][gc,nmethod     ] GC(1) O: Purge NMethod: io.brackit.query.atomic.Una.type (0x00007cb6142e8408) [0x00007cb6142e8500, 0x00007cb6142e8608] 
[4,252s][debug][gc,nmethod     ] GC(1) O: Purge NMethod: java.util.stream.AbstractPipeline.sourceSpliterator (0x00007cb632c7f388) [0x00007cb632c7f480, 0x00007cb632c7f6a8] 
[4,252s][debug][gc,nmethod     ] GC(1) O: Purge NMethod: java.nio.HeapByteBuffer.putLong (0x00007cb613f37208) [0x00007cb613f37300, 0x00007cb613f377d8] 
[4,252s][debug][gc,nmethod     ] GC(1) O: Purge NMethod: io.sirix.node.xml.TextNode.<init> (0x00007cb6140be588) [0x00007cb6140be680, 0x00007cb6140be968] 
[4,252s][debug][gc,nmethod     ] GC(1) O: Purge NMethod: io.sirix.page.PageKind$1.serializePage (0x00007cb613f5cb88) [0x00007cb613f5cc80, 0x00007cb613f6a5d0] 
[4,252s][debug][gc,nmethod     ] GC(1) O: Purge NMethod: java.lang.String.indexOf (0x00007cb632ca7c88) [0x00007cb632ca7d80, 0x00007cb632ca8058] 
[4,252s][debug][gc,nmethod     ] GC(1) O: Purge NMethod: java.lang.foreign.MemorySegment.copy (0x00007cb613e73d88) [0x00007cb613e73e80, 0x00007cb613e84788] 
[4,252s][debug][gc,nmethod     ] GC(1) O: Purge NMethod: jdk.internal.classfile.impl.AbstractPoolEntry$AbstractRefsEntry.<init> (0x00007cb6134fad08) [0x00007cb6134fae00, 0x00007cb6134fb600] 
[4,252s][debug][gc,nmethod     ] GC(1) O: Purge NMethod: io.sirix.node.MemorySegmentBytesOut.writeStopBit (0x00007cb613e15288) [0x00007cb613e15380, 0x00007cb613e15720] 
[4,252s][debug][gc,nmethod     ] GC(1) O: Purge NMethod: it.unimi.dsi.fastutil.ints.Int2IntOpenHashMap.get (0x00007cb613c50408) [0x00007cb613c50500, 0x00007cb613c50a60] 
[4,252s][debug][gc,nmethod     ] GC(1) O: Purge NMethod: java.lang.Character.isLowSurrogate (0x00007cb613989408) [0x00007cb613989500, 0x00007cb613989660] 
[4,252s][debug][gc,nmethod     ] GC(1) O: Purge NMethod: io.sirix.index.path.summary.PathSummaryReader.assertNotClosed (0x00007cb613ac4288) [0x00007cb613ac4380, 0x00007cb613ac4588] 
[4,252s][debug][gc,nmethod     ] GC(1) O: Purge NMethod: io.sirix.access.trx.node.AbstractNodeReadOnlyTrx.getNodeKey (0x00007cb614081488) [0x00007cb614081580, 0x00007cb614081be8] 
[4,252s][debug][gc,nmethod     ] GC(1) O: Purge NMethod: java.lang.invoke.VarHandleGuards.guard_LJ_J (0x00007cb613a99788) [0x00007cb613a99880, 0x00007cb613a9c740] 
[4,252s][debug][gc,nmethod     ] GC(1) O: Purge NMethod: io.sirix.cache.IndexLogKey.equals (0x00007cb632cefc08) [0x00007cb632cefd00, 0x00007cb632cefea8] 
[4,252s][debug][gc,nmethod     ] GC(1) O: Purge NMethod: io.sirix.access.trx.page.NodePageTrx.getMostRecentPageContainer (0x00007cb613d0e988) [0x00007cb613d0ea80, 0x00007cb613d0f0b0] 
[4,252s][debug][gc,nmethod     ] GC(1) O: Purge NMethod: net.openhft.hashing.LongHashFunction.unsafeHash (0x00007cb613baa188) [0x00007cb613baa280, 0x00007cb613baa590] 
[4,252s][debug][gc,nmethod     ] GC(1) O: Purge NMethod: net.openhft.hashing.UnsafeAccess.getLong (0x00007cb613aad308) [0x00007cb613aad400, 0x00007cb613aad8a0] 
[4,252s][debug][gc,nmethod     ] GC(1) O: Purge NMethod: java.lang.classfile.CodeBuilder.invoke (0x00007cb61379b108) [0x00007cb61379b200, 0x00007cb61379b998] 
[4,252s][debug][gc,nmethod     ] GC(1) O: Purge NMethod: io.brackit.query.node.parser.SAX2SubtreeHandlerAdapter.handleText (0x00007cb6141a5088) [0x00007cb6141a5180, 0x00007cb6141a6020] 
[4,252s][debug][gc,nmethod     ] GC(1) O: Purge NMethod: jdk.internal.foreign.SegmentBulkOperations.copy (0x00007cb613e18908) [0x00007cb613e18a00, 0x00007cb613e28ec0] 
[4,252s][debug][gc,nmethod     ] GC(1) O: Purge NMethod: io.sirix.node.MemorySegmentBytesOut.writeLong (0x00007cb632cddf88) [0x00007cb632cde080, 0x00007cb632cde598] 
[4,252s][debug][gc,nmethod     ] GC(1) O: Purge NMethod: net.jpountz.util.SafeUtils.readIntLE (0x00007cb613ffd088) [0x00007cb613ffd180, 0x00007cb613ffd320] 
[4,252s][debug][gc,nmethod     ] GC(1) O: Purge NMethod: io.sirix.node.xml.ElementNode.<init> (0x00007cb6140be988) [0x00007cb6140bea80, 0x00007cb6140bed80] 
[4,252s][debug][gc,nmethod     ] GC(1) O: Purge NMethod: java.util.zip.Checksum.update (0x00007cb61362db08) [0x00007cb61362dc00, 0x00007cb61362df38] 
[4,252s][debug][gc,nmethod     ] GC(1) O: Purge NMethod: java.util.concurrent.locks.ReentrantLock.lock (0x00007cb632d04a88) [0x00007cb632d04b80, 0x00007cb632d04d68] 
[4,252s][debug][gc,nmethod     ] GC(1) O: Purge NMethod: java.lang.Math.clamp (0x00007cb613575008) [0x00007cb613575100, 0x00007cb6135761c8] 
[4,252s][debug][gc,nmethod     ] GC(1) O: Purge NMethod: com.sun.org.apache.xerces.internal.impl.XMLNSDocumentScannerImpl.next (0x00007cb613b41388) [0x00007cb613b41480, 0x00007cb613b41968] 
[4,252s][debug][gc,nmethod     ] GC(1) O: Purge NMethod: io.sirix.node.xml.AttributeNode.getKind (0x00007cb613c1b908) [0x00007cb613c1ba00, 0x00007cb613c1bb08] 
[4,252s][debug][gc,nmethod     ] GC(1) O: Purge NMethod: io.sirix.node.GrowingMemorySegment.toByteArray (0x00007cb613c8b508) [0x00007cb613c8b600, 0x00007cb613c92118] 
[4,252s][debug][gc,nmethod     ] GC(1) O: Purge NMethod: sun.security.provider.DigestBase.implCompressMultiBlock0 (0x00007cb613f6fc08) [0x00007cb613f6fd00, 0x00007cb613f70168] 
[4,252s][debug][gc,nmethod     ] GC(1) O: Purge NMethod: java.nio.ByteBuffer.position (0x00007cb61377b788) [0x00007cb61377b880, 0x00007cb61377b9c8] 
[4,252s][debug][gc,nmethod     ] GC(1) O: Purge NMethod: io.sirix.index.path.summary.PathSummaryReader.getLevel (0x00007cb613d05588) [0x00007cb613d05680, 0x00007cb613d06df0] 
[4,252s][debug][gc,nmethod     ] GC(1) O: Purge NMethod: io.sirix.node.NodeKind$4.serialize (0x00007cb613e2ea08) [0x00007cb613e2eb00, 0x00007cb613e49278] 
[4,252s][debug][gc,nmethod     ] GC(1) O: Purge NMethod: io.sirix.page.KeyValueLeafPage.alignOffset (0x00007cb613534188) [0x00007cb613534280, 0x00007cb613534368] 
[4,252s][debug][gc,nmethod     ] GC(1) O: Purge NMethod: io.sirix.node.xml.TextNode.getLeftSiblingKey (0x00007cb613b2a508) [0x00007cb613b2a600, 0x00007cb613b2f5f0] 
[4,252s][debug][gc,nmethod     ] GC(1) O: Purge NMethod: jdk.internal.misc.Unsafe.putIntUnaligned (0x00007cb61381c608) [0x00007cb61381c700, 0x00007cb61381c930] 
[4,252s][debug][gc,nmethod     ] GC(1) O: Purge NMethod: java.nio.DirectByteBuffer.address (0x00007cb613c09f08) [0x00007cb613c0a000, 0x00007cb613c0b940] 
[4,252s][debug][gc,nmethod     ] GC(1) O: Purge NMethod: io.sirix.utils.XMLToken.isValidQName (0x00007cb613c6e588) [0x00007cb613c6e680, 0x00007cb613c6fbd0] 
[4,252s][debug][gc,nmethod     ] GC(1) O: Purge NMethod: io.sirix.node.GrowingMemorySegment.writeInt (0x00007cb632ced788) [0x00007cb632ced880, 0x00007cb632cedd08] 
[4,252s][debug][gc,nmethod     ] GC(1) O: Purge NMethod: java.lang.Thread.interrupted (0x00007cb613a7c988) [0x00007cb613a7ca80, 0x00007cb613a7ce48] 
[4,252s][debug][gc,nmethod     ] GC(1) O: Purge NMethod: jdk.internal.foreign.Utils.checkNonNegativeIndex (0x00007cb613b36108) [0x00007cb613b36200, 0x00007cb613b373c8] 
[4,252s][debug][gc,nmethod     ] GC(1) O: Purge NMethod: java.util.concurrent.ConcurrentHashMap.sumCount (0x00007cb613f6f808) [0x00007cb613f6f900, 0x00007cb613f6fb90] 
[4,252s][debug][gc,nmethod     ] GC(1) O: Purge NMethod: java.nio.Buffer$2.newDirectByteBuffer (0x00007cb613c08308) [0x00007cb613c08400, 0x00007cb613c085b0] 
[4,252s][debug][gc,nmethod     ] GC(1) O: Purge NMethod: io.sirix.axis.AbstractAxis.nextLong (0x00007cb632cfa508) [0x00007cb632cfa600, 0x00007cb632cfabf8] 
[4,252s][debug][gc,nmethod     ] GC(1) O: Purge NMethod: java.nio.Bits.reserveMemory (0x00007cb613b5e788) [0x00007cb613b5e880, 0x00007cb613b617c0] 
[4,252s][debug][gc,nmethod     ] GC(1) O: Purge NMethod: com.sun.org.apache.xerces.internal.impl.XMLScanner.scanAttributeValue (0x00007cb613d6a108) [0x00007cb613d6a200, 0x00007cb613d74900] 
[4,252s][debug][gc,nmethod     ] GC(1) O: Purge NMethod: jdk.internal.util.DecimalDigits.uncheckedPutCharLatin1 (0x00007cb6138a5b08) [0x00007cb6138a5c00, 0x00007cb6138a5d00] 
[4,252s][debug][gc,nmethod     ] GC(1) O: Purge NMethod: io.sirix.page.KeyValueLeafPage.setDeweyId (0x00007cb613fdd488) [0x00007cb613fdd580, 0x00007cb613fdd7d8] 
[4,252s][debug][gc,nmethod     ] GC(1) O: Purge NMethod: jdk.internal.foreign.SegmentFactories.allocateNativeInternal (0x00007cb632d0b808) [0x00007cb632d0b920, 0x00007cb632d0c1e0] 
[4,252s][debug][gc,nmethod     ] GC(1) O: Purge NMethod: io.sirix.access.trx.node.AbstractNodeHashing.rollingAdd (0x00007cb632d47b08) [0x00007cb632d47c00, 0x00007cb632d55908] 
[4,252s][debug][gc,nmethod     ] GC(1) O: Purge NMethod: com.sun.org.apache.xerces.internal.impl.XMLEntityScanner.scanQName (0x00007cb613c69e88) [0x00007cb613c69f80, 0x00007cb613c6c220] 
[4,252s][debug][gc,nmethod     ] GC(1) O: Purge NMethod: io.brackit.query.atomic.QNm.atomicCmpInternal (0x00007cb613d4bd08) [0x00007cb613d4be00, 0x00007cb613d4c630] 
[4,252s][debug][gc,nmethod     ] GC(1) O: Purge NMethod: java.util.regex.Pattern$Slice.match (0x00007cb632c8a608) [0x00007cb632c8a700, 0x00007cb632c8aa50] 
[4,252s][debug][gc,nmethod     ] GC(1) O: Purge NMethod: io.sirix.access.trx.page.NodePageReadOnlyTrx.getReferenceToLeafOfSubtree (0x00007cb614006e88) [0x00007cb614006f80, 0x00007cb6140080b0] 
[4,252s][debug][gc,nmethod     ] GC(1) O: Purge NMethod: jdk.internal.foreign.HeapMemorySegmentImpl$OfByte.unsafeGetOffset (0x00007cb613e85288) [0x00007cb613e85380, 0x00007cb613e85498] 
[4,252s][debug][gc,nmethod     ] GC(1) O: Purge NMethod: io.sirix.node.NodeSerializerImpl.writeDeweyID (0x00007cb613f36a88) [0x00007cb613f36b80, 0x00007cb613f36ea0] 
[4,252s][debug][gc,nmethod     ] GC(1) O: Purge NMethod: io.sirix.axis.AbstractAxis.tryToComputeNext (0x00007cb632ee7188) [0x00007cb632ee7280, 0x00007cb632ee9ce8] 
[4,252s][debug][gc,nmethod     ] GC(1) O: Purge NMethod: java.util.ArrayDeque.addFirst (0x00007cb613c02608) [0x00007cb613c02700, 0x00007cb613c02ce0] 
[4,252s][debug][gc,nmethod     ] GC(1) O: Purge NMethod: com.google.common.collect.ForwardingObject.<init> (0x00007cb613d06e08) [0x00007cb613d06f00, 0x00007cb613d07070] 
[4,252s][debug][gc,nmethod     ] GC(1) O: Purge NMethod: io.sirix.query.node.SubtreeProcessor.notifyAttribute (0x00007cb613d69588) [0x00007cb613d69680, 0x00007cb613d6a0e0] 
[4,252s][debug][gc,nmethod     ] GC(1) O: Purge NMethod: java.util.BitSet.flip (0x00007cb613b1c308) [0x00007cb613b1c400, 0x00007cb613b1ca08] 
[4,252s][debug][gc,nmethod     ] GC(1) O: Purge NMethod: io.sirix.access.trx.node.xml.XmlNodeReadOnlyTrxImpl.getLocalNameKey (0x00007cb6140b5708) [0x00007cb6140b5800, 0x00007cb6140b66e0] 
[4,252s][debug][gc,nmethod     ] GC(1) O: Purge NMethod: io.sirix.node.xml.ElementNode.hasRightSibling (0x00007cb613c1c588) [0x00007cb613c1c680, 0x00007cb613c21ab8] 
[4,252s][debug][gc,nmethod     ] GC(1) O: Purge NMethod: io.sirix.index.path.summary.PathSummaryReader.moveTo (0x00007cb632e3af88) [0x00007cb632e3b080, 0x00007cb632e3ba50] 
[4,252s][debug][gc,nmethod     ] GC(1) O: Purge NMethod: java.lang.classfile.CodeBuilder.checkcast (0x00007cb6136ee988) [0x00007cb6136eea80, 0x00007cb6136ef3b8] 
[4,252s][debug][gc,nmethod     ] GC(1) O: Purge NMethod: io.sirix.axis.AbstractAxis.nextLong (0x00007cb613b6f788) [0x00007cb613b6f880, 0x00007cb613b70310] 
[4,252s][debug][gc,nmethod     ] GC(1) O: Purge NMethod: java.lang.String.encodeUTF8 (0x00007cb613fe7208) [0x00007cb613fe7300, 0x00007cb613fe7988] 
[4,252s][debug][gc,nmethod     ] GC(1) O: Purge NMethod: io.brackit.query.node.parser.SAX2SubtreeHandlerAdapter.handleText (0x00007cb632d30e88) [0x00007cb632d30f80, 0x00007cb632d329a0] 
[4,252s][debug][gc,nmethod     ] GC(1) O: Purge NMethod: com.sun.org.apache.xerces.internal.parsers.AbstractSAXParser.startElement (0x00007cb613c95b08) [0x00007cb613c95c00, 0x00007cb613c97ee8] 
[4,252s][debug][gc,nmethod     ] GC(1) O: Purge NMethod: io.brackit.query.atomic.QNm.<init> (0x00007cb613be2588) [0x00007cb613be2680, 0x00007cb613be2b28] 
[4,252s][debug][gc,nmethod     ] GC(1) O: Purge NMethod: io.brackit.query.compiler.AST.getChild (0x00007cb61406aa08) [0x00007cb61406ab00, 0x00007cb61406c130] 
[4,252s][debug][gc,nmethod     ] GC(1) O: Purge NMethod: java.util.zip.Inflater.ensureOpen (0x00007cb6134c2f88) [0x00007cb6134c3080, 0x00007cb6134c3308] 
[4,252s][debug][gc,nmethod     ] GC(1) O: Purge NMethod: jdk.internal.misc.ScopedMemoryAccess.getLongUnaligned (0x00007cb613a8fd88) [0x00007cb613a8fe80, 0x00007cb613a90ce8] 
[4,252s][debug][gc,nmethod     ] GC(1) O: Purge NMethod: io.sirix.access.trx.node.xml.XmlNodeReadOnlyTrxImpl.getNode (0x00007cb632cff788) [0x00007cb632cff880, 0x00007cb632cffa60] 
[4,252s][debug][gc,nmethod     ] GC(1) O: Purge NMethod: io.sirix.access.trx.page.NodePageTrx.createRecord (0x00007cb613b38a08) [0x00007cb613b38b00, 0x00007cb613b3ef58] 
[4,252s][debug][gc,nmethod     ] GC(1) O: Purge NMethod: java.lang.String.indexOf (0x00007cb61358c488) [0x00007cb61358c580, 0x00007cb61358cda0] 
[4,252s][debug][gc,nmethod     ] GC(1) O: Purge NMethod: java.lang.invoke.InvokerBytecodeGenerator.emitReferenceCast (0x00007cb61340e708) [0x00007cb61340e800, 0x00007cb613411b50] 
[4,252s][debug][gc,nmethod     ] GC(1) O: Purge NMethod: io.sirix.access.trx.node.AbstractDeweyIDManager.newFirstChildID (0x00007cb613ce2288) [0x00007cb613ce2380, 0x00007cb613ce5260] 
[4,252s][debug][gc,nmethod     ] GC(1) O: Purge NMethod: io.sirix.axis.AbstractAxis.<init> (0x00007cb613bd7d08) [0x00007cb613bd7e00, 0x00007cb613bd8850] 
[4,252s][debug][gc,nmethod     ] GC(1) O: Purge NMethod: io.sirix.axis.filter.FilterAxis.reset (0x00007cb613c76708) [0x00007cb613c76800, 0x00007cb613c76c50] 
[4,252s][debug][gc,nmethod     ] GC(1) O: Purge NMethod: it.unimi.dsi.fastutil.longs.LongArrayList.grow (0x00007cb613b41d88) [0x00007cb613b41e80, 0x00007cb613b423e0] 
[4,252s][debug][gc,nmethod     ] GC(1) O: Purge NMethod: io.sirix.node.NodeKind$1.serialize (0x00007cb613ead088) [0x00007cb613ead180, 0x00007cb613ee8148] 
[4,252s][debug][gc,nmethod     ] GC(1) O: Purge NMethod: java.lang.Class.getPackageName (0x00007cb61348c708) [0x00007cb61348c800, 0x00007cb61348ea08] 
[4,252s][debug][gc,nmethod     ] GC(1) O: Purge NMethod: io.sirix.utils.XMLToken.isNCStartChar (0x00007cb613dd7588) [0x00007cb613dd7680, 0x00007cb613dd7cf0] 
[4,252s][debug][gc,nmethod     ] GC(1) O: Purge NMethod: jdk.internal.foreign.MemorySessionImpl.addInternal (0x00007cb613e13b08) [0x00007cb613e13c00, 0x00007cb613e14b70] 
[4,252s][debug][gc,nmethod     ] GC(1) O: Purge NMethod: io.sirix.page.PageKind$1.serializePage (0x00007cb613f4c308) [0x00007cb613f4c400, 0x00007cb613f5a260] 
[4,252s][debug][gc,nmethod     ] GC(1) O: Purge NMethod: io.sirix.access.trx.node.xml.XmlNodeTrxImpl.insertTextAsRightSibling (0x00007cb613ce5c08) [0x00007cb613ce5d00, 0x00007cb613cf4758] 
[4,252s][debug][gc,nmethod     ] GC(1) O: Purge NMethod: io.sirix.access.trx.page.NodePageTrx.getPageContainer (0x00007cb613ae3988) [0x00007cb613ae3a80, 0x00007cb613ae4bc0] 
[4,253s][debug][gc,nmethod     ] GC(1) O: Purge NMethod: io.sirix.page.UberPage.getPageCountExp (0x00007cb613fe9688) [0x00007cb613fe9780, 0x00007cb613fe9cc8] 
[4,253s][debug][gc,nmethod     ] GC(1) O: Purge NMethod: io.sirix.index.path.summary.PathSummaryReader.putMapping (0x00007cb61417ba08) [0x00007cb61417bb00, 0x00007cb61417c538] 
[4,253s][debug][gc,nmethod     ] GC(1) O: Purge NMethod: io.sirix.access.trx.node.xml.XmlNodeReadOnlyTrxImpl.hasAttributes (0x00007cb613d67a08) [0x00007cb613d67b00, 0x00007cb613d68a80] 
[4,253s][debug][gc,nmethod     ] GC(1) O: Purge NMethod: jdk.internal.util.Preconditions.checkFromIndexSize (0x00007cb613453808) [0x00007cb613453900, 0x00007cb613453a98] 
[4,253s][debug][gc,nmethod     ] GC(1) O: Purge NMethod: java.util.concurrent.locks.ReentrantLock$Sync.tryRelease (0x00007cb6139f4e08) [0x00007cb6139f4f00, 0x00007cb6139f5a00] 
[4,253s][debug][gc,nmethod     ] GC(1) O: Purge NMethod: io.sirix.index.path.summary.PathSummaryReader.getNodeKey (0x00007cb61415b308) [0x00007cb61415b400, 0x00007cb61415b8b0] 
[4,253s][debug][gc,nmethod     ] GC(1) O: Purge NMethod: io.sirix.node.xml.ElementNode.getKind (0x00007cb613f3b388) [0x00007cb613f3b480, 0x00007cb613f3b588] 
[4,253s][debug][gc,nmethod     ] GC(1) O: Purge NMethod: io.brackit.query.node.parser.SAX2SubtreeHandlerAdapter$TrimmingStringBuilder.append (0x00007cb614183e88) [0x00007cb614183f80, 0x00007cb614184410] 
[4,253s][debug][gc,nmethod     ] GC(1) O: Purge NMethod: io.brackit.query.compiler.parser.Tokenizer.ws (0x00007cb614068b88) [0x00007cb614068c80, 0x00007cb6140690d8] 
[4,253s][debug][gc,nmethod     ] GC(1) O: Purge NMethod: io.sirix.access.trx.node.AbstractNodeReadOnlyTrx.hasRightSibling (0x00007cb613c0d788) [0x00007cb613c0d880, 0x00007cb613c0e0a0] 
[4,253s][debug][gc,nmethod     ] GC(1) O: Purge NMethod: io.sirix.access.trx.node.AbstractNodeReadOnlyTrx.moveTo (0x00007cb632cdfe88) [0x00007cb632cdff80, 0x00007cb632ce0a68] 
[4,253s][debug][gc,nmethod     ] GC(1) O: Purge NMethod: jdk.internal.classfile.impl.StackMapGenerator.processBlock (0x00007cb632c9e788) [0x00007cb632c9e880, 0x00007cb632ca0ba0] 
[4,253s][debug][gc,nmethod     ] GC(1) O: Purge NMethod: io.sirix.node.xml.ElementNode.getLocalNameKey (0x00007cb613cb1a88) [0x00007cb613cb1b80, 0x00007cb613cb6b70] 
[4,253s][debug][gc,nmethod     ] GC(1) O: Purge NMethod: com.sun.org.apache.xerces.internal.impl.XMLEntityScanner.checkBeforeLoad (0x00007cb613b14488) [0x00007cb613b14580, 0x00007cb613b14ad8] 
[4,253s][debug][gc,nmethod     ] GC(1) O: Purge NMethod: com.github.benmanes.caffeine.cache.NodeFactory.newLookupKey (0x00007cb613e07d88) [0x00007cb613e07e80, 0x00007cb613e07f80] 
[4,253s][debug][gc,nmethod     ] GC(1) O: Purge NMethod: io.sirix.access.trx.node.AbstractNodeReadOnlyTrx.hasRightSibling (0x00007cb61409ca88) [0x00007cb61409cb80, 0x00007cb61409d3a0] 
[4,253s][debug][gc,nmethod     ] GC(1) O: Purge NMethod: io.sirix.page.KeyValueLeafPage.getDeweyId (0x00007cb632cc9288) [0x00007cb632cc9380, 0x00007cb632cc94b8] 
[4,253s][debug][gc,nmethod     ] GC(1) O: Purge NMethod: io.sirix.page.NamePage.setName (0x00007cb613c4d188) [0x00007cb613c4d280, 0x00007cb613c4e840] 
[4,253s][debug][gc,nmethod     ] GC(1) O: Purge NMethod: io.sirix.utils.XMLToken.isNCChar (0x00007cb613dd7088) [0x00007cb613dd7180, 0x00007cb613dd7568] 
[4,253s][debug][gc,nmethod     ] GC(1) O: Purge NMethod: io.sirix.page.NamePage.setName (0x00007cb632d44608) [0x00007cb632d44700, 0x00007cb632d449d0] 
[4,253s][debug][gc,nmethod     ] GC(1) O: Purge NMethod: io.sirix.index.path.summary.PathSummaryReader.getStructuralNode (0x00007cb613b21408) [0x00007cb613b21500, 0x00007cb613b218b8] 
[4,253s][debug][gc,nmethod     ] GC(1) O: Purge NMethod: io.sirix.access.trx.node.xml.XmlNodeReadOnlyTrxImpl.isDocumentRoot (0x00007cb613cd0908) [0x00007cb613cd0a00, 0x00007cb613cd14a8] 
[4,253s][debug][gc,nmethod     ] GC(1) O: Purge NMethod: io.sirix.access.trx.page.NodePageTrx.prepareRecordPage (0x00007cb632cdee88) [0x00007cb632cdef80, 0x00007cb632cdfb38] 
[4,253s][debug][gc,nmethod     ] GC(1) O: Purge NMethod: it.unimi.dsi.fastutil.ints.Int2LongOpenHashMap.find (0x00007cb613d4a508) [0x00007cb613d4a600, 0x00007cb613d4aa68] 
[4,253s][debug][gc,nmethod     ] GC(1) O: Purge NMethod: java.io.UnixFileSystem.normalize (0x00007cb61351c688) [0x00007cb61351c780, 0x00007cb61351dd78] 
[4,253s][debug][gc,nmethod     ] GC(1) O: Purge NMethod: java.net.URLStreamHandler.setURL (0x00007cb6135c5488) [0x00007cb6135c5580, 0x00007cb6135c71b8] 
[4,253s][debug][gc,nmethod     ] GC(1) O: Purge NMethod: io.sirix.access.trx.node.xml.ForwardingXmlNodeReadOnlyTrx.getResourceSession (0x00007cb613bb6988) [0x00007cb613bb6a80, 0x00007cb613bb7078] 
[4,253s][debug][gc,nmethod     ] GC(1) O: Purge NMethod: io.sirix.node.xml.ElementNode.hasFirstChild (0x00007cb632d80d88) [0x00007cb632d80e80, 0x00007cb632d812d0] 
[4,253s][debug][gc,nmethod     ] GC(1) O: Purge NMethod: java.lang.invoke.Invokers$Holder.linkToTargetMethod (0x00007cb6136daa08) [0x00007cb6136dab00, 0x00007cb6136daff8] 
[4,253s][debug][gc,nmethod     ] GC(1) O: Purge NMethod: io.sirix.access.trx.page.NodePageReadOnlyTrx.getNamePage (0x00007cb613c48f88) [0x00007cb613c49080, 0x00007cb613c4a058] 
[4,253s][debug][gc,nmethod     ] GC(1) O: Purge NMethod: java.lang.ThreadLocal.getMap (0x00007cb613535c08) [0x00007cb613535d00, 0x00007cb6135364f0] 
[4,253s][debug][gc,nmethod     ] GC(1) O: Purge NMethod: net.openhft.hashing.XXH3.XXH3_mix2Accs (0x00007cb613d46e08) [0x00007cb613d46f00, 0x00007cb613d48000] 
[4,253s][debug][gc,nmethod     ] GC(1) O: Purge NMethod: io.sirix.access.trx.page.NodePageReadOnlyTrx.getRecordPage (0x00007cb614018c88) [0x00007cb614018d80, 0x00007cb61401e0d0] 
[4,253s][debug][gc,nmethod     ] GC(1) O: Purge NMethod: jdk.internal.misc.ScopedMemoryAccess.putLongUnaligned (0x00007cb613a91988) [0x00007cb613a91a80, 0x00007cb613a92908] 
[4,253s][debug][gc,nmethod     ] GC(1) O: Purge NMethod: java.lang.invoke.MethodType.makeImpl (0x00007cb613459408) [0x00007cb613459500, 0x00007cb61345bcb0] 
[4,253s][debug][gc,nmethod     ] GC(1) O: Purge NMethod: jdk.internal.foreign.GlobalSession.acquire0 (0x00007cb613f70988) [0x00007cb613f70a80, 0x00007cb613f70b80] 
[4,253s][debug][gc,nmethod     ] GC(1) O: Purge NMethod: io.sirix.node.MemorySegmentBytesOut.<init> (0x00007cb613ba3608) [0x00007cb613ba3700, 0x00007cb613ba44d0] 
[4,253s][debug][gc,nmethod     ] GC(1) O: Purge NMethod: com.sun.org.apache.xerces.internal.impl.XMLEntityScanner.skipString (0x00007cb632d33188) [0x00007cb632d33280, 0x00007cb632d33f48] 
[4,253s][debug][gc,nmethod     ] GC(1) O: Purge NMethod: io.sirix.access.trx.node.xml.ForwardingXmlNodeReadOnlyTrx.getNodeKey (0x00007cb613b26a88) [0x00007cb613b26b80, 0x00007cb613b27178] 
[4,253s][debug][gc,nmethod     ] GC(1) O: Purge NMethod: java.util.BitSet.toByteArray (0x00007cb613f6bc08) [0x00007cb613f6bd00, 0x00007cb613f6c980] 
[4,253s][debug][gc,nmethod     ] GC(1) O: Purge NMethod: io.sirix.node.GrowingMemorySegment.grow (0x00007cb613f3b688) [0x00007cb613f3b780, 0x00007cb613f3df48] 
[4,253s][debug][gc,nmethod     ] GC(1) O: Purge NMethod: io.sirix.access.trx.page.NodePageReadOnlyTrx.pageKey (0x00007cb613ac2f08) [0x00007cb613ac3000, 0x00007cb613ac3780] 
[4,253s][debug][gc,nmethod     ] GC(1) O: Purge NMethod: java.util.HashMap.afterNodeAccess (0x00007cb6138d5288) [0x00007cb6138d5380, 0x00007cb6138d5480] 
[4,253s][debug][gc,nmethod     ] GC(1) O: Purge NMethod: io.sirix.node.Utils.putVarLong (0x00007cb613e16a88) [0x00007cb613e16b80, 0x00007cb613e16cd0] 
[4,253s][debug][gc,nmethod     ] GC(1) O: Purge NMethod: java.util.HashMap.computeIfAbsent (0x00007cb613dad888) [0x00007cb613dad980, 0x00007cb613db0188] 
[4,253s][debug][gc,nmethod     ] GC(1) O: Purge NMethod: io.sirix.node.xml.ElementNode.getPrefixKey (0x00007cb613ca4008) [0x00007cb613ca4100, 0x00007cb613ca90f0] 
[4,253s][debug][gc,nmethod     ] GC(1) O: Purge NMethod: java.util.ArrayDeque.push (0x00007cb632d5c508) [0x00007cb632d5c600, 0x00007cb632d5c808] 
[4,253s][debug][gc,nmethod     ] GC(1) O: Purge NMethod: com.sun.org.apache.xerces.internal.impl.XMLDocumentFragmentScannerImpl.scanDocument (0x00007cb613e05088) [0x00007cb613e05180, 0x00007cb613e07d78] 
[4,253s][debug][gc,nmethod     ] GC(1) O: Purge NMethod: io.sirix.index.path.summary.PathSummaryReader.getName (0x00007cb613dd0788) [0x00007cb613dd0880, 0x00007cb613dd3868] 
[4,253s][debug][gc,nmethod     ] GC(1) O: Purge NMethod: jdk.internal.misc.ScopedMemoryAccess.getScopedMemoryAccess (0x00007cb613a82808) [0x00007cb613a82900, 0x00007cb613a829e8] 
[4,253s][debug][gc,nmethod     ] GC(1) O: Purge NMethod: io.sirix.access.trx.node.xml.XmlNodeTrxImpl.adaptForInsert (0x00007cb61416a808) [0x00007cb61416a900, 0x00007cb61416d6a8] 
[4,253s][debug][gc,nmethod     ] GC(1) O: Purge NMethod: java.util.Arrays.fill (0x00007cb632c70488) [0x00007cb632c70580, 0x00007cb632c707a8] 
[4,253s][debug][gc,nmethod     ] GC(1) O: Purge NMethod: java.nio.Bits.tryReserveMemory (0x00007cb613b4d308) [0x00007cb613b4d400, 0x00007cb613b4ddf0] 
[4,253s][debug][gc,nmethod     ] GC(1) O: Purge NMethod: it.unimi.dsi.fastutil.ints.Int2ObjectOpenHashMap.get (0x00007cb632d34988) [0x00007cb632d34a80, 0x00007cb632d34ee8] 
[4,253s][debug][gc,nmethod     ] GC(1) O: Purge NMethod: io.sirix.access.trx.node.AbstractNodeHashing.isValueNode (0x00007cb613bb1688) [0x00007cb613bb1780, 0x00007cb613bb3348] 
[4,253s][debug][gc,nmethod     ] GC(1) O: Purge NMethod: io.brackit.query.atomic.AbstractAtomic.atomize (0x00007cb6142e7c88) [0x00007cb6142e7d80, 0x00007cb6142e7e80] 
[4,253s][debug][gc,nmethod     ] GC(1) O: Purge NMethod: io.sirix.cache.LinuxMemorySegmentAllocator.partitionVirtualRegion (0x00007cb632ca3508) [0x00007cb632ca3600, 0x00007cb632ca4570] 
[4,253s][debug][gc,nmethod     ] GC(1) O: Purge NMethod: net.openhft.hashing.Access.i64 (0x00007cb613aace88) [0x00007cb613aacf80, 0x00007cb613aad280] 
[4,253s][debug][gc,nmethod     ] GC(1) O: Purge NMethod: io.sirix.axis.filter.PathNameFilter.filter (0x00007cb613bcf088) [0x00007cb613bcf180, 0x00007cb613bd1980] 
[4,253s][debug][gc,nmethod     ] GC(1) O: Purge NMethod: io.sirix.page.KeyValueLeafPage.setRecord (0x00007cb613b25188) [0x00007cb613b25280, 0x00007cb613b258b8] 
[4,253s][debug][gc,nmethod     ] GC(1) O: Purge NMethod: com.sun.org.apache.xerces.internal.parsers.AbstractSAXParser.characters (0x00007cb613c21b08) [0x00007cb613c21c00, 0x00007cb613c221a8] 
[4,253s][debug][gc,nmethod     ] GC(1) O: Purge NMethod: jdk.internal.foreign.SegmentBulkOperations.copy (0x00007cb613e87a08) [0x00007cb613e87b00, 0x00007cb613e97fc0] 
[4,253s][debug][gc,nmethod     ] GC(1) O: Purge NMethod: com.sun.org.apache.xerces.internal.util.XMLChar.isValid (0x00007cb6139f8308) [0x00007cb6139f8400, 0x00007cb6139f85e8] 
[4,253s][debug][gc,nmethod     ] GC(1) O: Purge NMethod: java.util.concurrent.locks.ReentrantLock$NonfairSync.initialTryLock (0x00007cb6134d1488) [0x00007cb6134d1580, 0x00007cb6134d2270] 
[4,253s][debug][gc,nmethod     ] GC(1) O: Purge NMethod: io.sirix.utils.XMLToken.isNCChar (0x00007cb613b20f08) [0x00007cb613b21000, 0x00007cb613b213e8] 
[4,253s][debug][gc,nmethod     ] GC(1) O: Purge NMethod: io.sirix.axis.AbstractAxis.<init> (0x00007cb614098008) [0x00007cb614098100, 0x00007cb614098b50] 
[4,253s][debug][gc,nmethod     ] GC(1) O: Purge NMethod: io.sirix.node.xml.ElementNode.setHash (0x00007cb613af2888) [0x00007cb613af2980, 0x00007cb613af6308] 
[4,253s][debug][gc,nmethod     ] GC(1) O: Purge NMethod: com.sun.org.apache.xerces.internal.parsers.AbstractSAXParser.characters (0x00007cb61416db88) [0x00007cb61416dc80, 0x00007cb61416e228] 
[4,253s][debug][gc,nmethod     ] GC(1) O: Purge NMethod: io.sirix.page.delegates.BitmapReferencesPage.getOrCreateReference (0x00007cb61413dd08) [0x00007cb61413de00, 0x00007cb61413e4a8] 
[4,253s][debug][gc,nmethod     ] GC(1) O: Purge NMethod: jdk.internal.foreign.AbstractMemorySegmentImpl.asSlice (0x00007cb632cba588) [0x00007cb632cba680, 0x00007cb632cba998] 
[4,253s][debug][gc,nmethod     ] GC(1) O: Purge NMethod: io.sirix.page.KeyValueLeafPage.updateFreeSpaceStart (0x00007cb613e18208) [0x00007cb613e18300, 0x00007cb613e18888] 
[4,253s][debug][gc,nmethod     ] GC(1) O: Purge NMethod: io.sirix.node.xml.ElementNode.hasLeftSibling (0x00007cb613c11208) [0x00007cb613c11300, 0x00007cb613c16738] 
[4,253s][debug][gc,nmethod     ] GC(1) O: Purge NMethod: io.sirix.node.xml.TextNode.hasRightSibling (0x00007cb6140a2488) [0x00007cb6140a2580, 0x00007cb6140a79b8] 
[4,253s][debug][gc,nmethod     ] GC(1) O: Purge NMethod: io.sirix.access.trx.page.NodePageTrx.getName (0x00007cb61401e408) [0x00007cb61401e500, 0x00007cb614020868] 
[4,253s][debug][gc,nmethod     ] GC(1) O: Purge NMethod: io.sirix.cache.IndexLogKey.equals (0x00007cb613cdaa08) [0x00007cb613cdab00, 0x00007cb613cdb448] 
[4,253s][debug][gc,nmethod     ] GC(1) O: Purge NMethod: jdk.internal.foreign.MemorySessionImpl.addInternal (0x00007cb613b6e708) [0x00007cb613b6e800, 0x00007cb613b6f770] 
[4,253s][debug][gc,nmethod     ] GC(1) O: Purge NMethod: java.lang.Object.<init> (0x00007cb632be6e08) [0x00007cb632be6f00, 0x00007cb632be6f80] 
[4,253s][debug][gc,nmethod     ] GC(1) O: Purge NMethod: jdk.internal.foreign.SegmentFactories.allocateNativeSegment (0x00007cb632d0c208) [0x00007cb632d0c320, 0x00007cb632d0cc88] 
[4,253s][debug][gc,nmethod     ] GC(1) O: Purge NMethod: io.sirix.page.PageReference.hashCode (0x00007cb613df0a88) [0x00007cb613df0b80, 0x00007cb613df1c00] 
[4,253s][debug][gc,nmethod     ] GC(1) O: Purge NMethod: java.io.UnixFileSystem.resolve (0x00007cb6136eab08) [0x00007cb6136eac00, 0x00007cb6136ee090] 
[4,253s][debug][gc,nmethod     ] GC(1) O: Purge NMethod: io.sirix.page.NamePage.incrementAndGetMaxNodeKey (0x00007cb6141afa08) [0x00007cb6141afb00, 0x00007cb6141afd78] 
[4,253s][debug][gc,nmethod     ] GC(1) O: Purge NMethod: io.sirix.page.KeyValueLeafPage.findFreeSpaceForSlots (0x00007cb613e2cd88) [0x00007cb613e2ce80, 0x00007cb613e2db60] 
[4,253s][debug][gc,nmethod     ] GC(1) O: Purge NMethod: com.sun.org.apache.xerces.internal.impl.XMLEntityScanner.scanContent (0x00007cb632d3cf88) [0x00007cb632d3d120, 0x00007cb632d3dbd0] 
[4,253s][debug][gc,nmethod     ] GC(1) O: Purge NMethod: com.sun.org.apache.xerces.internal.impl.XMLDocumentFragmentScannerImpl.scanDocument (0x00007cb632f2e788) [0x00007cb632f2e880, 0x00007cb632f3d538] 
[4,253s][debug][gc,nmethod     ] GC(1) O: Purge NMethod: jdk.internal.misc.Unsafe.convEndian (0x00007cb61344eb08) [0x00007cb61344ec00, 0x00007cb61344eda0] 
[4,253s][debug][gc,nmethod     ] GC(1) O: Purge NMethod: com.sun.org.apache.xerces.internal.impl.XMLDocumentFragmentScannerImpl$FragmentContentDriver.next (0x00007cb613b79b88) [0x00007cb613b79c80, 0x00007cb613b877b0] 
[4,253s][debug][gc,nmethod     ] GC(1) O: Purge NMethod: io.sirix.page.KeyValueLeafPage.getSlot (0x00007cb613a62388) [0x00007cb613a62480, 0x00007cb613a78688] 
[4,253s][debug][gc,nmethod     ] GC(1) O: Purge NMethod: io.sirix.access.trx.page.AbstractForwardingPageReadOnlyTrx.getResourceSession (0x00007cb613c77e88) [0x00007cb613c77f80, 0x00007cb613c784b8] 
[4,253s][debug][gc,nmethod     ] GC(1) O: Purge NMethod: java.util.BitSet.wordIndex (0x00007cb613527288) [0x00007cb613527380, 0x00007cb613527468] 
[4,253s][debug][gc,nmethod     ] GC(1) O: Purge NMethod: java.util.concurrent.atomic.AtomicInteger.decrementAndGet (0x00007cb613df0488) [0x00007cb613df0580, 0x00007cb613df0690] 
[4,253s][debug][gc,nmethod     ] GC(1) O: Purge NMethod: io.sirix.access.trx.node.xml.XmlNodeReadOnlyTrxImpl.getNode (0x00007cb613b5c088) [0x00007cb613b5c180, 0x00007cb613b5e700] 
[4,253s][debug][gc,nmethod     ] GC(1) O: Purge NMethod: io.sirix.axis.filter.PathNameFilter.<init> (0x00007cb613c73a88) [0x00007cb613c73b80, 0x00007cb613c75808] 
[4,253s][debug][gc,nmethod     ] GC(1) O: Purge NMethod: io.sirix.access.trx.page.NodePageTrx.prepareRecordForModification (0x00007cb613adcb08) [0x00007cb613adcc00, 0x00007cb613adea88] 
[4,253s][debug][gc,nmethod     ] GC(1) O: Purge NMethod: java.lang.ref.Cleaner$1.apply (0x00007cb61347d088) [0x00007cb61347d180, 0x00007cb61347d530] 
[4,253s][debug][gc,nmethod     ] GC(1) O: Purge NMethod: io.sirix.page.PageKind$1.serializePage (0x00007cb632eaa288) [0x00007cb632eaa380, 0x00007cb632eb0958] 
[4,253s][debug][gc,nmethod     ] GC(1) O: Purge NMethod: java.lang.String.encodeUTF8 (0x00007cb632cfcb88) [0x00007cb632cfcc80, 0x00007cb632cfce38] 
[4,253s][debug][gc,nmethod     ] GC(1) O: Purge NMethod: java.util.LinkedHashMap.afterNodeAccess (0x00007cb613a92988) [0x00007cb613a92a80, 0x00007cb613a93b30] 
[4,253s][debug][gc,nmethod     ] GC(1) O: Purge NMethod: java.lang.invoke.DirectMethodHandle.constructorMethod (0x00007cb6135bb088) [0x00007cb6135bb180, 0x00007cb6135bb4a0] 
[4,253s][debug][gc,nmethod     ] GC(1) O: Purge NMethod: io.sirix.access.trx.node.AbstractNodeTrxImpl.checkAccessAndCommit (0x00007cb613ba6388) [0x00007cb613ba6480, 0x00007cb613ba7008] 
[4,253s][debug][gc,nmethod     ] GC(1) O: Purge NMethod: io.sirix.access.trx.node.AbstractNodeReadOnlyTrx.moveTo (0x00007cb613d0f108) [0x00007cb613d0f200, 0x00007cb613d10d68] 
[4,253s][debug][gc,nmethod     ] GC(1) O: Purge NMethod: java.lang.ref.Cleaner.register (0x00007cb613507708) [0x00007cb613507800, 0x00007cb613507d18] 
[4,253s][debug][gc,nmethod     ] GC(1) O: Purge NMethod: com.sun.org.apache.xerces.internal.impl.XMLDocumentFragmentScannerImpl$FragmentContentDriver.next (0x00007cb613db2888) [0x00007cb613db2980, 0x00007cb613dc0440] 
[4,253s][debug][gc,nmethod     ] GC(1) O: Purge NMethod: java.lang.invoke.VarHandleGuards.guard_LLL_Z (0x00007cb61384f988) [0x00007cb61384fa80, 0x00007cb613852980] 
[4,253s][debug][gc,nmethod     ] GC(1) O: Purge NMethod: io.sirix.index.path.summary.PathSummaryWriter.getPathNodeKey (0x00007cb632d5ff08) [0x00007cb632d60000, 0x00007cb632d61420] 
[4,253s][debug][gc,nmethod     ] GC(1) O: Purge NMethod: io.sirix.axis.AbstractAxis.<init> (0x00007cb632e42888) [0x00007cb632e42980, 0x00007cb632e43110] 
[4,253s][debug][gc,nmethod     ] GC(1) O: Purge NMethod: com.sun.org.apache.xerces.internal.impl.XMLDocumentFragmentScannerImpl.checkDepth (0x00007cb613c92188) [0x00007cb613c92280, 0x00007cb613c954d8] 
[4,253s][debug][gc,nmethod     ] GC(1) O: Purge NMethod: jdk.internal.misc.Unsafe.weakCompareAndSetLongRelease (0x00007cb614122f08) [0x00007cb614123000, 0x00007cb614123120] 
[4,253s][debug][gc,nmethod     ] GC(1) O: Purge NMethod: jdk.internal.util.ReferencedKeyMap.getNoCheckStale (0x00007cb613423988) [0x00007cb613423a80, 0x00007cb613424100] 
[4,253s][debug][gc,nmethod     ] GC(1) O: Purge NMethod: com.sun.org.apache.xerces.internal.parsers.AbstractSAXParser.startNamespaceMapping (0x00007cb613c97f08) [0x00007cb613c98000, 0x00007cb613c98818] 
[4,253s][debug][gc,nmethod     ] GC(1) O: Purge NMethod: java.util.stream.StreamOpFlag.isKnown (0x00007cb6137bb888) [0x00007cb6137bb980, 0x00007cb6137bbad8] 
[4,253s][debug][gc,nmethod     ] GC(1) O: Purge NMethod: io.sirix.axis.AbstractAxis.<init> (0x00007cb632d10b08) [0x00007cb632d10c00, 0x00007cb632d10fc8] 
[4,253s][debug][gc,nmethod     ] GC(1) O: Purge NMethod: com.github.benmanes.caffeine.cache.PS.isAlive (0x00007cb6140d6c88) [0x00007cb6140d6d80, 0x00007cb6140d81f8] 
[4,253s][debug][gc,nmethod     ] GC(1) O: Purge NMethod: java.lang.invoke.InvokerBytecodeGenerator.emitPushArgument (0x00007cb613697b08) [0x00007cb613697c00, 0x00007cb61369a7c8] 
[4,253s][debug][gc,nmethod     ] GC(1) O: Purge NMethod: java.lang.StringLatin1.inflate (0x00007cb61340bd08) [0x00007cb61340be00, 0x00007cb61340bff0] 
[4,253s][debug][gc,nmethod     ] GC(1) O: Purge NMethod: jdk.internal.foreign.AbstractMemorySegmentImpl.toArray (0x00007cb613f33788) [0x00007cb613f33880, 0x00007cb613f339f0] 
[4,253s][debug][gc,nmethod     ] GC(1) O: Purge NMethod: jdk.internal.foreign.MemorySessionImpl$ResourceList.cleanup (0x00007cb613f6dc08) [0x00007cb613f6dd00, 0x00007cb613f6e430] 
[4,253s][debug][gc,nmethod     ] GC(1) O: Purge NMethod: io.sirix.node.BytesOut.asBytesIn (0x00007cb613ba0d08) [0x00007cb613ba0e00, 0x00007cb613ba1aa8] 
[4,253s][debug][gc,nmethod     ] GC(1) O: Purge NMethod: java.lang.String.substring (0x00007cb613881088) [0x00007cb613881180, 0x00007cb613881918] 
[4,253s][debug][gc,nmethod     ] GC(1) O: Purge NMethod: java.util.stream.Collectors.toMap (0x00007cb6140ecb88) [0x00007cb6140ecc80, 0x00007cb6140ed588] 
[4,253s][debug][gc,nmethod     ] GC(1) O: Purge NMethod: jdk.internal.foreign.SegmentFactories.allocateNativeSegment (0x00007cb613e14b88) [0x00007cb613e14c80, 0x00007cb613e15240] 
[4,253s][debug][gc,nmethod     ] GC(1) O: Purge NMethod: java.util.concurrent.ConcurrentHashMap$Traverser.<init> (0x00007cb613f70c88) [0x00007cb613f70d80, 0x00007cb613f70fe0] 
[4,253s][debug][gc,nmethod     ] GC(1) O: Purge NMethod: io.sirix.axis.AbstractAxis.nextLong (0x00007cb614090708) [0x00007cb614090800, 0x00007cb614091290] 
[4,253s][debug][gc,nmethod     ] GC(1) O: Purge NMethod: com.sun.org.apache.xerces.internal.impl.XMLDocumentFragmentScannerImpl$ElementStack.nextElement (0x00007cb613c8a588) [0x00007cb613c8a680, 0x00007cb613c8b080] 
[4,253s][debug][gc,nmethod     ] GC(1) O: Purge NMethod: io.sirix.access.trx.page.NodePageTrx.createRecord (0x00007cb632d05588) [0x00007cb632d05680, 0x00007cb632d06b30] 
[4,253s][debug][gc,nmethod     ] GC(1) O: Purge NMethod: java.lang.CharacterDataLatin1.equalsIgnoreCase (0x00007cb632c97e88) [0x00007cb632c97f80, 0x00007cb632c98090] 
[4,253s][debug][gc,nmethod     ] GC(1) O: Purge NMethod: io.sirix.node.MemorySegmentBytesIn.readStopBit (0x00007cb614018908) [0x00007cb614018a00, 0x00007cb614018c30] 
[4,253s][debug][gc,nmethod     ] GC(1) O: Purge NMethod: jdk.internal.foreign.AbstractMemorySegmentImpl.toArray (0x00007cb613f31a88) [0x00007cb613f31b80, 0x00007cb613f33740] 
[4,253s][debug][gc,nmethod     ] GC(1) O: Purge NMethod: io.sirix.index.path.summary.PathSummaryReader.moveTo (0x00007cb614000808) [0x00007cb614000900, 0x00007cb614001608] 
[4,253s][debug][gc,nmethod     ] GC(1) O: Purge NMethod: org.gradle.internal.io.StreamByteBuffer$StreamByteBufferChunk.spaceLeft (0x00007cb6139ff308) [0x00007cb6139ff400, 0x00007cb6139ff508] 
[4,253s][debug][gc,nmethod     ] GC(1) O: Purge NMethod: io.sirix.access.trx.page.NodePageReadOnlyTrx.getCurrentMaxIndirectPageTreeLevel (0x00007cb613fec588) [0x00007cb613fec680, 0x00007cb613ff3e58] 
[4,253s][debug][gc,nmethod     ] GC(1) O: Purge NMethod: io.sirix.page.KeyValueLeafPage.setData (0x00007cb613eea608) [0x00007cb613eea700, 0x00007cb613f2fe80] 
[4,253s][debug][gc,nmethod     ] GC(1) O: Purge NMethod: com.sun.org.apache.xerces.internal.xni.QName.setValues (0x00007cb613d46308) [0x00007cb613d46400, 0x00007cb613d467b8] 
[4,253s][debug][gc,nmethod     ] GC(1) O: Purge NMethod: io.sirix.query.node.SubtreeProcessor.notifyStartElement (0x00007cb613cbd508) [0x00007cb613cbd600, 0x00007cb613cbe060] 
[4,253s][debug][gc,nmethod     ] GC(1) O: Purge NMethod: java.lang.String.<init> (0x00007cb632d0db88) [0x00007cb632d0dc80, 0x00007cb632d0dfc8] 
[4,254s][debug][gc,nmethod     ] GC(1) O: Purge NMethod: java.nio.HeapByteBuffer.putLong (0x00007cb6141c9c08) [0x00007cb6141c9d00, 0x00007cb6141cb810] 
[4,254s][debug][gc,nmethod     ] GC(1) O: Purge NMethod: java.lang.ref.SoftReference.get (0x00007cb613422f88) [0x00007cb613423080, 0x00007cb613423240] 
[4,254s][debug][gc,nmethod     ] GC(1) O: Purge NMethod: java.lang.Long.valueOf (0x00007cb6134dfc08) [0x00007cb6134dfd00, 0x00007cb6134e0040] 
[4,254s][debug][gc,nmethod     ] GC(1) O: Purge NMethod: jdk.internal.foreign.Utils.isPowerOfTwo (0x00007cb613e9a808) [0x00007cb613e9a900, 0x00007cb613e9aa40] 
[4,254s][debug][gc,nmethod     ] GC(1) O: Purge NMethod: java.util.ArrayList.grow (0x00007cb61367e988) [0x00007cb61367ea80, 0x00007cb61367f2d0] 
[4,254s][debug][gc,nmethod     ] GC(1) O: Purge NMethod: jdk.internal.foreign.AbstractMemorySegmentImpl.asSlice (0x00007cb613761908) [0x00007cb613761a00, 0x00007cb613761cf8] 
[4,254s][debug][gc,nmethod     ] GC(1) O: Purge NMethod: jdk.internal.foreign.NativeMemorySegmentImpl.makeByteBuffer (0x00007cb613c07108) [0x00007cb613c07200, 0x00007cb613c07370] 
[4,254s][debug][gc,nmethod     ] GC(1) O: Purge NMethod: io.sirix.node.SirixDeweyID.<init> (0x00007cb613ce5688) [0x00007cb613ce5780, 0x00007cb613ce5be8] 
[4,254s][debug][gc,nmethod     ] GC(1) O: Purge NMethod: com.sun.org.apache.xerces.internal.util.AugmentationsImpl$SmallContainer.clear (0x00007cb613d4d008) [0x00007cb613d4d100, 0x00007cb613d4d880] 
[4,254s][debug][gc,nmethod     ] GC(1) O: Purge NMethod: java.lang.Math.max (0x00007cb6134f9a88) [0x00007cb6134f9b80, 0x00007cb6134f9ca8] 
[4,254s][debug][gc,nmethod     ] GC(1) O: Purge NMethod: java.lang.StringUTF16.toBytes (0x00007cb614335588) [0x00007cb614335680, 0x00007cb614335960] 
[4,254s][debug][gc,nmethod     ] GC(1) O: Purge NMethod: java.lang.invoke.VarHandleSegmentAsInts.set (0x00007cb613aa7108) [0x00007cb613aa7200, 0x00007cb613aac7d0] 
[4,254s][debug][gc,nmethod     ] GC(1) O: Purge NMethod: io.sirix.access.trx.node.AbstractDeweyIDManager.newRightSiblingID (0x00007cb613c0e108) [0x00007cb613c0e200, 0x00007cb613c111d8] 
[4,254s][debug][gc,nmethod     ] GC(1) O: Purge NMethod: jdk.internal.misc.ScopedMemoryAccess.getLongUnaligned (0x00007cb632d92f88) [0x00007cb632d93080, 0x00007cb632d93240] 
[4,254s][debug][gc,nmethod     ] GC(1) O: Purge NMethod: io.sirix.access.trx.node.AbstractNodeHashing.rollingAdd (0x00007cb614160888) [0x00007cb614160980, 0x00007cb614165c80] 
[4,254s][debug][gc,nmethod     ] GC(1) O: Purge NMethod: io.sirix.node.xml.ElementNode.getURIKey (0x00007cb613cc5288) [0x00007cb613cc5380, 0x00007cb613cca370] 
[4,254s][debug][gc,nmethod     ] GC(1) O: Purge NMethod: com.sun.org.apache.xerces.internal.impl.XMLEntityScanner.checkLimit (0x00007cb613c7c788) [0x00007cb613c7c880, 0x00007cb613c84ce0] 
[4,254s][debug][gc,nmethod     ] GC(1) O: Purge NMethod: java.lang.foreign.MemorySegment.copy (0x00007cb613c35a08) [0x00007cb613c35b00, 0x00007cb613c3eae8] 
[4,254s][debug][gc,nmethod     ] GC(1) O: Purge NMethod: java.lang.StringConcatHelper.prepend (0x00007cb632e1f788) [0x00007cb632e1f880, 0x00007cb632e1ff50] 
[4,254s][debug][gc,nmethod     ] GC(1) O: Purge NMethod: jdk.internal.classfile.impl.BufWriterImpl.writeU1U2U2 (0x00007cb613503f88) [0x00007cb613504080, 0x00007cb613504578] 
[4,254s][debug][gc,nmethod     ] GC(1) O: Purge NMethod: jdk.internal.foreign.ArenaImpl.allocate (0x00007cb613e16688) [0x00007cb613e16780, 0x00007cb613e16a78] 
[4,254s][debug][gc,nmethod     ] GC(1) O: Purge NMethod: com.sun.org.apache.xerces.internal.util.NamespaceSupport.getURI (0x00007cb613c67708) [0x00007cb613c67800, 0x00007cb613c67af0] 
[4,254s][debug][gc,nmethod     ] GC(1) O: Purge NMethod: java.lang.invoke.VarHandleSegmentAsLongs.set (0x00007cb613abd808) [0x00007cb613abd900, 0x00007cb613ac2ed0] 
[4,254s][debug][gc,nmethod     ] GC(1) O: Purge NMethod: jdk.internal.classfile.impl.StackMapGenerator$Type.referenceType (0x00007cb613567d08) [0x00007cb613567e00, 0x00007cb6135680d0] 
[4,254s][debug][gc,nmethod     ] GC(1) O: Purge NMethod: com.sun.org.apache.xerces.internal.impl.XMLDocumentFragmentScannerImpl$FragmentContentDriver.next (0x00007cb632cf8b88) [0x00007cb632cf8c80, 0x00007cb632cfa4e0] 
[4,254s][debug][gc,nmethod     ] GC(1) O: Purge NMethod: io.sirix.axis.AbstractAxis.hasNext (0x00007cb632e32708) [0x00007cb632e32800, 0x00007cb632e32eb8] 
[4,254s][debug][gc,nmethod     ] GC(1) O: Purge NMethod: io.sirix.cache.IndexLogKey.hashCode (0x00007cb613c8a088) [0x00007cb613c8a180, 0x00007cb613c8a528] 
[4,254s][debug][gc,nmethod     ] GC(1) O: Purge NMethod: io.sirix.axis.filter.FilterAxis.<init> (0x00007cb613c70d88) [0x00007cb613c70e80, 0x00007cb613c73a18] 
[4,254s][debug][gc,nmethod     ] GC(1) O: Purge NMethod: io.sirix.api.PageReadOnlyTrx.recordPageOffset (0x00007cb613abd188) [0x00007cb613abd280, 0x00007cb613abd378] 
[4,254s][debug][gc,nmethod     ] GC(1) O: Purge NMethod: io.sirix.index.path.summary.PathSummaryReader.hasRightSibling (0x00007cb613c26288) [0x00007cb613c26380, 0x00007cb613c26b18] 
[4,254s][debug][gc,nmethod     ] GC(1) O: Purge NMethod: io.sirix.node.MemorySegmentBytesOut.position (0x00007cb613e2db88) [0x00007cb613e2dc80, 0x00007cb613e2ddd0] 
[4,254s][debug][gc,nmethod     ] GC(1) O: Purge NMethod: jdk.internal.classfile.impl.UnboundAttribute$AdHocAttribute.writeTo (0x00007cb6136c0e88) [0x00007cb6136c0f80, 0x00007cb6136c29c0] 
[4,254s][debug][gc,nmethod     ] GC(1) O: Purge NMethod: io.sirix.index.path.summary.PathNode.getLocalNameKey (0x00007cb613bcea88) [0x00007cb613bceb80, 0x00007cb613bcece0] 
[4,254s][debug][gc,nmethod     ] GC(1) O: Purge NMethod: java.util.concurrent.ConcurrentHashMap.putVal (0x00007cb6136d1e88) [0x00007cb6136d1f80, 0x00007cb6136d44c8] 
[4,254s][debug][gc,nmethod     ] GC(1) O: Purge NMethod: io.sirix.node.MemorySegmentBytesIn.readInt (0x00007cb613fd6b08) [0x00007cb613fd6c00, 0x00007cb613fda810] 
[4,254s][debug][gc,nmethod     ] GC(1) O: Purge NMethod: io.sirix.node.NodeSerializerImpl.serializeDeweyID (0x00007cb613ea0708) [0x00007cb613ea0800, 0x00007cb613ea0de8] 
[4,254s][debug][gc,nmethod     ] GC(1) O: Purge NMethod: jdk.internal.misc.Unsafe.putLongRelease (0x00007cb614127988) [0x00007cb614127a80, 0x00007cb614127b98] 
[4,254s][debug][gc,nmethod     ] GC(1) O: Purge NMethod: com.sun.org.apache.xerces.internal.util.XMLAttributesImpl.addAttributeNS (0x00007cb613d50108) [0x00007cb613d50200, 0x00007cb613d516f0] 
[4,254s][debug][gc,nmethod     ] GC(1) O: Purge NMethod: jdk.internal.foreign.AbstractMemorySegmentImpl.asSliceNoCheck (0x00007cb61340d288) [0x00007cb61340d380, 0x00007cb61340d6c0] 
[4,254s][debug][gc,nmethod     ] GC(1) O: Purge NMethod: java.lang.Long.numberOfTrailingZeros (0x00007cb613fdc308) [0x00007cb613fdc400, 0x00007cb613fdc5a8] 
[4,254s][debug][gc,nmethod     ] GC(1) O: Purge NMethod: com.sun.org.apache.xerces.internal.impl.XMLDocumentFragmentScannerImpl.scanDocument (0x00007cb632f4f508) [0x00007cb632f4f600, 0x00007cb632f5d940] 
[4,254s][debug][gc,nmethod     ] GC(1) O: Purge NMethod: java.util.ArrayList.getFirst (0x00007cb613b20708) [0x00007cb613b20800, 0x00007cb613b20b00] 
[4,254s][debug][gc,nmethod     ] GC(1) O: Purge NMethod: io.sirix.node.xml.ElementNode.hasRightSibling (0x00007cb632d1e388) [0x00007cb632d1e480, 0x00007cb632d1e8d0] 
[4,254s][debug][gc,nmethod     ] GC(1) O: Purge NMethod: java.util.BitSet.cardinality (0x00007cb613aff708) [0x00007cb613aff800, 0x00007cb613affa60] 
[4,254s][debug][gc,nmethod     ] GC(1) O: Purge NMethod: java.util.HashMap.putVal (0x00007cb613b6a408) [0x00007cb613b6a500, 0x00007cb613b6c890] 
[4,254s][debug][gc,nmethod     ] GC(1) O: Purge NMethod: java.util.ArrayList.indexOfRange (0x00007cb61382f708) [0x00007cb61382f800, 0x00007cb61382fe38] 
[4,254s][debug][gc,nmethod     ] GC(1) O: Purge NMethod: io.sirix.node.NodeSerializerImpl.serializeDeweyID (0x00007cb632db8b88) [0x00007cb632db8c80, 0x00007cb632db9f60] 
[4,254s][debug][gc,nmethod     ] GC(1) O: Purge NMethod: com.github.benmanes.caffeine.cache.BoundedLocalCache.hasExpired (0x00007cb6140db588) [0x00007cb6140db680, 0x00007cb6140dd728] 
[4,254s][debug][gc,nmethod     ] GC(1) O: Purge NMethod: java.lang.StringConcatHelper.prepend (0x00007cb6134e9b88) [0x00007cb6134e9c80, 0x00007cb6134eb3d0] 
[4,254s][debug][gc,nmethod     ] GC(1) O: Purge NMethod: io.sirix.access.trx.node.AbstractNodeReadOnlyTrx.getRightSiblingKey (0x00007cb6140af288) [0x00007cb6140af380, 0x00007cb6140afba0] 
[4,254s][debug][gc,nmethod     ] GC(1) O: Purge NMethod: jdk.internal.classfile.impl.SplitConstantPool.classEntryForClassOrInterface (0x00007cb613510e88) [0x00007cb613510f80, 0x00007cb613513510] 
[4,254s][debug][gc,nmethod     ] GC(1) O: Purge NMethod: io.sirix.access.trx.page.NodePageTrx.getPageContainer (0x00007cb632ce6b08) [0x00007cb632ce6c00, 0x00007cb632ce72e8] 
[4,254s][debug][gc,nmethod     ] GC(1) O: Purge NMethod: java.util.concurrent.ConcurrentLinkedDeque.linkLast (0x00007cb613485788) [0x00007cb613485880, 0x00007cb61348a978] 
[4,254s][debug][gc,nmethod     ] GC(1) O: Purge NMethod: java.util.HashMap.putIfAbsent (0x00007cb61343e388) [0x00007cb61343e480, 0x00007cb61343ea68] 
[4,254s][debug][gc,nmethod     ] GC(1) O: Purge NMethod: java.util.concurrent.ForkJoinPool$WorkQueue.unlockPhase (0x00007cb614120d88) [0x00007cb614120e80, 0x00007cb614120f90] 
[4,254s][debug][gc,nmethod     ] GC(1) O: Purge NMethod: it.unimi.dsi.fastutil.ints.Int2IntOpenHashMap.put (0x00007cb613fdde08) [0x00007cb613fddf00, 0x00007cb613fde168] 
[4,254s][debug][gc,nmethod     ] GC(1) O: Purge NMethod: io.sirix.page.AbstractForwardingPage.getOrCreateReference (0x00007cb613aff088) [0x00007cb613aff180, 0x00007cb613aff690] 
[4,254s][debug][gc,nmethod     ] GC(1) O: Purge NMethod: jdk.internal.foreign.ArenaImpl.allocate (0x00007cb632d08c08) [0x00007cb632d08d00, 0x00007cb632d09638] 
[4,254s][debug][gc,nmethod     ] GC(1) O: Purge NMethod: io.brackit.query.node.parser.SAX2SubtreeHandlerAdapter$TrimmingStringBuilder.append (0x00007cb632d5f788) [0x00007cb632d5f880, 0x00007cb632d5feb0] 
[4,254s][debug][gc,nmethod     ] GC(1) O: Purge NMethod: io.sirix.access.trx.node.xml.ForwardingXmlNodeReadOnlyTrx.hasRightSibling (0x00007cb613c0d008) [0x00007cb613c0d100, 0x00007cb613c0d700] 
[4,254s][debug][gc,nmethod     ] GC(1) O: Purge NMethod: java.nio.Buffer.position (0x00007cb61376b408) [0x00007cb61376b500, 0x00007cb61376b740] 
[4,254s][debug][gc,nmethod     ] GC(1) O: Purge NMethod: java.nio.HeapByteBuffer.put (0x00007cb613f44308) [0x00007cb613f44400, 0x00007cb613f445e8] 
[4,254s][debug][gc,nmethod     ] GC(1) O: Purge NMethod: io.sirix.access.trx.node.AbstractNodeReadOnlyTrx.hasNode (0x00007cb613c31f08) [0x00007cb613c32000, 0x00007cb613c32c30] 
[4,254s][debug][gc,nmethod     ] GC(1) O: Purge NMethod: io.sirix.node.GrowingMemorySegment.writeByte (0x00007cb613b42408) [0x00007cb613b42500, 0x00007cb613b46120] 
[4,254s][debug][gc,nmethod     ] GC(1) O: Purge NMethod: com.sun.org.apache.xerces.internal.impl.XMLEntityScanner.peekChar (0x00007cb613db0808) [0x00007cb613db0900, 0x00007cb613db0db8] 
[4,254s][debug][gc,nmethod     ] GC(1) O: Purge NMethod: io.sirix.axis.filter.xml.ElementFilter.filter (0x00007cb6140ad908) [0x00007cb6140ada00, 0x00007cb6140ae180] 
[4,254s][debug][gc,nmethod     ] GC(1) O: Purge NMethod: io.brackit.query.node.parser.SAX2SubtreeHandlerAdapter.startElement (0x00007cb632d85d88) [0x00007cb632d85e80, 0x00007cb632d89a68] 
[4,254s][debug][gc,nmethod     ] GC(1) O: Purge NMethod: it.unimi.dsi.fastutil.ints.Int2ObjectOpenHashMap.get (0x00007cb613c4b808) [0x00007cb613c4b900, 0x00007cb613c4bf70] 
[4,254s][debug][gc,nmethod     ] GC(1) O: Purge NMethod: io.sirix.axis.ChildAxis.nextKey (0x00007cb613bbeb08) [0x00007cb613bbec00, 0x00007cb613bbfc30] 
[4,254s][debug][gc,nmethod     ] GC(1) O: Purge NMethod: io.sirix.access.trx.page.NodePageTrx.getRecord (0x00007cb613fe9d08) [0x00007cb613fe9e00, 0x00007cb613febda0] 
[4,254s][debug][gc,nmethod     ] GC(1) O: Purge NMethod: com.sun.org.apache.xerces.internal.impl.XMLEntityScanner.skipSpaces (0x00007cb632d0e008) [0x00007cb632d0e100, 0x00007cb632d0e400] 
[4,254s][debug][gc,nmethod     ] GC(1) O: Purge NMethod: it.unimi.dsi.fastutil.shorts.ShortListIterator.next (0x00007cb613fe5f08) [0x00007cb613fe6000, 0x00007cb613fe64a8] 
[4,254s][debug][gc,nmethod     ] GC(1) O: Purge NMethod: io.sirix.node.xml.AttributeNode.getDeweyID (0x00007cb613ee8208) [0x00007cb613ee8300, 0x00007cb613ee8628] 
[4,254s][debug][gc,nmethod     ] GC(1) O: Purge NMethod: io.sirix.index.path.summary.PathSummaryReader.putMapping (0x00007cb613c47d88) [0x00007cb613c47e80, 0x00007cb613c488b8] 
[4,254s][debug][gc,nmethod     ] GC(1) O: Purge NMethod: java.lang.Character.isHighSurrogate (0x00007cb613980e88) [0x00007cb613980f80, 0x00007cb6139810e0] 
[4,254s][debug][gc,nmethod     ] GC(1) O: Purge NMethod: net.openhft.hashing.UnsafeAccess.byteOrder (0x00007cb613ba4508) [0x00007cb613ba4600, 0x00007cb613ba4760] 
[4,254s][debug][gc,nmethod     ] GC(1) O: Purge NMethod: io.sirix.node.xml.AbstractStructForwardingNode.hasFirstChild (0x00007cb613c67008) [0x00007cb613c67100, 0x00007cb613c676c8] 
[4,254s][debug][gc,nmethod     ] GC(1) O: Purge NMethod: java.lang.Long.bitCount (0x00007cb613832008) [0x00007cb613832100, 0x00007cb613832268] 
[4,254s][debug][gc,nmethod     ] GC(1) O: Purge NMethod: java.lang.String.encode (0x00007cb613b4de08) [0x00007cb613b4df00, 0x00007cb613b4e238] 
[4,254s][debug][gc,nmethod     ] GC(1) O: Purge NMethod: jdk.internal.classfile.impl.StackMapGenerator.of (0x00007cb613718308) [0x00007cb613718400, 0x00007cb613719970] 
[4,254s][debug][gc,nmethod     ] GC(1) O: Purge NMethod: java.lang.invoke.VarHandleGuards.guard_LJI_V (0x00007cb613a3c808) [0x00007cb613a3c900, 0x00007cb613a41508] 
[4,254s][debug][gc,nmethod     ] GC(1) O: Purge NMethod: java.util.LinkedHashMap.get (0x00007cb613855708) [0x00007cb613855800, 0x00007cb613855dc0] 
[4,254s][debug][gc,nmethod     ] GC(1) O: Purge NMethod: java.lang.String.encodeUTF8 (0x00007cb613b4e288) [0x00007cb613b4e380, 0x00007cb613b4ea08] 
[4,254s][debug][gc,nmethod     ] GC(1) O: Purge NMethod: io.sirix.cache.LinuxMemorySegmentAllocator.partitionVirtualRegion (0x00007cb613490188) [0x00007cb613490280, 0x00007cb613491098] 
[4,254s][debug][gc,nmethod     ] GC(1) O: Purge NMethod: io.brackit.query.node.parser.SAX2SubtreeHandlerAdapter.characters (0x00007cb613c25e08) [0x00007cb613c25f00, 0x00007cb613c26220] 
[4,254s][debug][gc,nmethod     ] GC(1) O: Purge NMethod: io.sirix.utils.XMLToken.isNCStartChar (0x00007cb613b1d308) [0x00007cb613b1d400, 0x00007cb613b1da70] 
[4,254s][debug][gc,nmethod     ] GC(1) O: Purge NMethod: io.sirix.cache.LinuxMemorySegmentAllocator.partitionVirtualRegion (0x00007cb632ca5988) [0x00007cb632ca5a80, 0x00007cb632ca68e8] 
[4,254s][debug][gc,nmethod     ] GC(1) O: Purge NMethod: java.nio.HeapByteBuffer.ix (0x00007cb613cda708) [0x00007cb613cda800, 0x00007cb613cda908] 
[4,254s][debug][gc,nmethod     ] GC(1) O: Purge NMethod: io.sirix.access.trx.node.AbstractNodeReadOnlyTrx.getKind (0x00007cb61407d708) [0x00007cb61407d800, 0x00007cb61407de68] 
[4,254s][debug][gc,nmethod     ] GC(1) O: Purge NMethod: it.unimi.dsi.fastutil.longs.LongArrayList.initArrayFromCapacity (0x00007cb6140afc08) [0x00007cb6140afd00, 0x00007cb6140b0e48] 
[4,254s][debug][gc,nmethod     ] GC(1) O: Purge NMethod: java.nio.ByteBuffer.order (0x00007cb613ba0988) [0x00007cb613ba0a80, 0x00007cb613ba0ca0] 
[4,254s][debug][gc,nmethod     ] GC(1) O: Purge NMethod: io.sirix.access.trx.node.AbstractNodeReadOnlyTrx.hasFirstChild (0x00007cb613ce1908) [0x00007cb613ce1a00, 0x00007cb613ce2220] 
[4,254s][debug][gc,nmethod     ] GC(1) O: Purge NMethod: jdk.internal.foreign.layout.ValueLayouts$OfByteImpl.withOrder (0x00007cb613f31788) [0x00007cb613f31880, 0x00007cb613f319e0] 
[4,254s][debug][gc,nmethod     ] GC(1) O: Purge NMethod: io.sirix.node.xml.ElementNode.getParentKey (0x00007cb613ae7108) [0x00007cb613ae7200, 0x00007cb613aec1e8] 
[4,254s][debug][gc,nmethod     ] GC(1) O: Purge NMethod: java.lang.ClassLoader.getClassLoadingLock (0x00007cb6134c7788) [0x00007cb6134c7880, 0x00007cb6134c7d50] 
[4,254s][debug][gc,nmethod     ] GC(1) O: Purge NMethod: java.net.URL.<init> (0x00007cb6135c7208) [0x00007cb6135c7300, 0x00007cb6135cda18] 
[4,254s][debug][gc,nmethod     ] GC(1) O: Purge NMethod: io.sirix.page.NamePage.getCurrentMaxLevelOfIndirectPages (0x00007cb6143a8d88) [0x00007cb6143a8e80, 0x00007cb6143a9028] 
[4,254s][debug][gc,nmethod     ] GC(1) O: Purge NMethod: io.sirix.index.name.Names.setName (0x00007cb613c63788) [0x00007cb613c63880, 0x00007cb613c65ad0] 
[4,254s][debug][gc,nmethod     ] GC(1) O: Purge NMethod: java.lang.String.<init> (0x00007cb6134e1c88) [0x00007cb6134e1d80, 0x00007cb6134e5bf0] 
[4,254s][debug][gc,nmethod     ] GC(1) O: Purge NMethod: io.sirix.node.GrowingMemorySegment.<init> (0x00007cb613e0d688) [0x00007cb613e0d780, 0x00007cb613e0dbf8] 
[4,254s][debug][gc,nmethod     ] GC(1) O: Purge NMethod: io.sirix.page.KeyValueLeafPage.getAvailableSpace (0x00007cb613e0df08) [0x00007cb613e0e000, 0x00007cb613e13ac0] 
[4,254s][debug][gc,nmethod     ] GC(1) O: Purge NMethod: java.lang.Class.reflectionData (0x00007cb6135b3708) [0x00007cb6135b3800, 0x00007cb6135b3e58] 
[4,254s][debug][gc,nmethod     ] GC(1) O: Purge NMethod: io.sirix.index.name.Names.setName (0x00007cb614110708) [0x00007cb614110800, 0x00007cb6141129f0] 
[4,254s][debug][gc,nmethod     ] GC(1) O: Purge NMethod: java.lang.String.getBytes (0x00007cb613bd9908) [0x00007cb613bd9a00, 0x00007cb613bd9e98] 
[4,254s][debug][gc,nmethod     ] GC(1) O: Purge NMethod: io.sirix.page.KeyValueLeafPage.processEntries (0x00007cb614113c88) [0x00007cb614113d80, 0x00007cb614116ac0] 
[4,254s][debug][gc,nmethod     ] GC(1) O: Purge NMethod: jdk.internal.foreign.NativeMemorySegmentImpl.dup (0x00007cb632ca1d88) [0x00007cb632ca1ea0, 0x00007cb632ca1ff0] 
[4,254s][debug][gc,nmethod     ] GC(1) O: Purge NMethod: io.sirix.node.GrowingMemorySegment.<init> (0x00007cb613b74f08) [0x00007cb613b75000, 0x00007cb613b75478] 
[4,254s][debug][gc,nmethod     ] GC(1) O: Purge NMethod: io.sirix.axis.filter.FilterAxis.<init> (0x00007cb632d57208) [0x00007cb632d57300, 0x00007cb632d582d0] 
[4,254s][debug][gc,nmethod     ] GC(1) O: Purge NMethod: jdk.internal.foreign.AbstractMemorySegmentImpl.asSlice (0x00007cb632ca1788) [0x00007cb632ca1880, 0x00007cb632ca1a68] 
[4,254s][debug][gc,nmethod     ] GC(1) O: Purge NMethod: io.sirix.access.trx.node.AbstractIndexController.notifyChange (0x00007cb613bb3f88) [0x00007cb613bb4080, 0x00007cb613bb4f38] 
[4,254s][debug][gc,nmethod     ] GC(1) O: Purge NMethod: java.util.stream.AbstractPipeline.wrapAndCopyInto (0x00007cb632c82888) [0x00007cb632c82980, 0x00007cb632c82fa0] 
[4,254s][debug][gc,nmethod     ] GC(1) O: Purge NMethod: java.net.URLStreamHandler.parseURL (0x00007cb6136f1f08) [0x00007cb6136f2000, 0x00007cb613710f18] 
[4,254s][debug][gc,nmethod     ] GC(1) O: Purge NMethod: io.sirix.page.PageReference.setDatabaseId (0x00007cb61404ea88) [0x00007cb61404eb80, 0x00007cb61404ec90] 
[4,254s][debug][gc,nmethod     ] GC(1) O: Purge NMethod: java.lang.invoke.VarHandleGuards.guard_LL_V (0x00007cb6137c0c08) [0x00007cb6137c0d00, 0x00007cb6137c58e8] 
[4,254s][debug][gc,nmethod     ] GC(1) O: Purge NMethod: io.sirix.node.delegates.NodeDelegate.<init> (0x00007cb613dc3688) [0x00007cb613dc3780, 0x00007cb613dc3cd8] 
[4,254s][debug][gc,nmethod     ] GC(1) O: Purge NMethod: com.sun.org.apache.xerces.internal.impl.XMLEntityScanner.skipSpaces (0x00007cb614174108) [0x00007cb614174200, 0x00007cb614175480] 
[4,254s][debug][gc,nmethod     ] GC(1) O: Purge NMethod: io.sirix.node.xml.TextNode.getRawValue (0x00007cb613c40d08) [0x00007cb613c40e00, 0x00007cb613c41118] 
[4,254s][debug][gc,nmethod     ] GC(1) O: Purge NMethod: io.sirix.node.MemorySegmentBytesIn.readByte (0x00007cb613f93388) [0x00007cb613f93480, 0x00007cb613f96ea0] 
[4,254s][debug][gc,nmethod     ] GC(1) O: Purge NMethod: java.util.ArrayList.<init> (0x00007cb61359f708) [0x00007cb61359f800, 0x00007cb61359faa0] 
[4,254s][debug][gc,nmethod     ] GC(1) O: Purge NMethod: jdk.internal.foreign.SegmentFactories.initNativeMemory (0x00007cb6135e6588) [0x00007cb6135e6680, 0x00007cb6135e68a0] 
[4,254s][debug][gc,nmethod     ] GC(1) O: Purge NMethod: io.sirix.node.xml.ElementNode.getFirstChildKey (0x00007cb613bd1a08) [0x00007cb613bd1b00, 0x00007cb613bd6af0] 
[4,254s][debug][gc,nmethod     ] GC(1) O: Purge NMethod: jdk.internal.classfile.impl.AbstractPoolEntry$AbstractRefsEntry.writeTo (0x00007cb613504588) [0x00007cb613504680, 0x00007cb613505020] 
[4,254s][debug][gc,nmethod     ] GC(1) O: Purge NMethod: io.sirix.axis.AbstractAxis.hasNext (0x00007cb613b1e388) [0x00007cb613b1e480, 0x00007cb613b1ef48] 
[4,254s][debug][gc,nmethod     ] GC(1) O: Purge NMethod: net.openhft.hashing.MathsJDK9.unsignedLongMulXorFoldImp (0x00007cb613af6988) [0x00007cb613af6a80, 0x00007cb613af6c00] 
[4,254s][debug][gc,nmethod     ] GC(1) O: Purge NMethod: java.lang.StringUTF16.compress (0x00007cb61402eb88) [0x00007cb61402ec80, 0x00007cb61402eeb0] 
[4,254s][debug][gc,nmethod     ] GC(1) O: Purge NMethod: org.magicwerk.brownies.collections.GapList.doGet (0x00007cb613afc188) [0x00007cb613afc280, 0x00007cb613afc5b8] 
[4,254s][debug][gc,nmethod     ] GC(1) O: Purge NMethod: java.util.HashMap.computeIfAbsent (0x00007cb632cf4188) [0x00007cb632cf4280, 0x00007cb632cf57f8] 
[4,254s][debug][gc,nmethod     ] GC(1) O: Purge NMethod: io.sirix.index.name.Names.getName (0x00007cb614014408) [0x00007cb614014500, 0x00007cb6140149b8] 
[4,254s][debug][gc,nmethod     ] GC(1) O: Purge NMethod: io.sirix.node.GrowingMemorySegment.ensureCapacity (0x00007cb61344ab08) [0x00007cb61344ac00, 0x00007cb61344ad60] 
[4,254s][debug][gc,nmethod     ] GC(1) O: Purge NMethod: jdk.internal.foreign.AbstractMemorySegmentImpl$$Lambda/0x0000000026260bd0.apply (0x00007cb613f30508) [0x00007cb613f30600, 0x00007cb613f30748] 
[4,254s][debug][gc,nmethod     ] GC(1) O: Purge NMethod: java.lang.invoke.SegmentVarHandle.offset (0x00007cb613406008) [0x00007cb613406100, 0x00007cb613406218] 
[4,254s][debug][gc,nmethod     ] GC(1) O: Purge NMethod: io.sirix.utils.XMLToken.ncName (0x00007cb613c6c288) [0x00007cb613c6c380, 0x00007cb613c6c7d8] 
[4,254s][debug][gc,nmethod     ] GC(1) O: Purge NMethod: io.sirix.access.trx.page.NodePageTrx.createRecord (0x00007cb614175488) [0x00007cb614175580, 0x00007cb61417b9c8] 
[4,255s][debug][gc,nmethod     ] GC(1) O: Purge NMethod: io.sirix.access.trx.node.AbstractNodeReadOnlyTrx.getKind (0x00007cb632cf2e08) [0x00007cb632cf2f00, 0x00007cb632cf3080] 
[4,255s][debug][gc,nmethod     ] GC(1) O: Purge NMethod: java.util.concurrent.ForkJoinPool.deactivate (0x00007cb613f6e788) [0x00007cb613f6e880, 0x00007cb613f6f328] 
[4,255s][debug][gc,nmethod     ] GC(1) O: Purge NMethod: io.sirix.access.trx.page.NodePageReadOnlyTrx.getLeafPageReference (0x00007cb614008888) [0x00007cb614008980, 0x00007cb614008c78] 
[4,255s][debug][gc,nmethod     ] GC(1) O: Purge NMethod: jdk.internal.misc.Unsafe.putLongUnaligned (0x00007cb632caea08) [0x00007cb632caeb00, 0x00007cb632caebc0] 
[4,255s][debug][gc,nmethod     ] GC(1) O: Purge NMethod: java.nio.ByteOrder.nativeOrder (0x00007cb61380f908) [0x00007cb61380fa00, 0x00007cb61380fae8] 
[4,255s][debug][gc,nmethod     ] GC(1) O: Purge NMethod: com.sun.org.apache.xerces.internal.parsers.AbstractSAXParser.characters (0x00007cb632d1b888) [0x00007cb632d1b980, 0x00007cb632d1c140] 
[4,255s][debug][gc,nmethod     ] GC(1) O: Purge NMethod: java.lang.String.<init> (0x00007cb632d15d08) [0x00007cb632d15e00, 0x00007cb632d16180] 
[4,255s][debug][gc,nmethod     ] GC(1) O: Purge NMethod: java.lang.String.indexOf (0x00007cb6134dda08) [0x00007cb6134ddb00, 0x00007cb6134de4b8] 
[4,255s][debug][gc,nmethod     ] GC(1) O: Purge NMethod: java.lang.classfile.CodeBuilder.getfield (0x00007cb6138ddd88) [0x00007cb6138dde80, 0x00007cb6138de860] 
[4,255s][debug][gc,nmethod     ] GC(1) O: Purge NMethod: java.lang.invoke.VarHandleGuards.guard_LI_I (0x00007cb613589488) [0x00007cb613589580, 0x00007cb61358c458] 
[4,255s][debug][gc,nmethod     ] GC(1) O: Purge NMethod: java.lang.invoke.VarHandleSegmentAsInts.get (0x00007cb613a7d208) [0x00007cb613a7d300, 0x00007cb613a827a0] 
[4,255s][debug][gc,nmethod     ] GC(1) O: Purge NMethod: io.sirix.query.node.SubtreeBuilder.startElement (0x00007cb614166888) [0x00007cb614166980, 0x00007cb614169188] 
[4,255s][debug][gc,nmethod     ] GC(1) O: Purge NMethod: io.sirix.service.xml.shredder.AbstractShredder.processStartTag (0x00007cb632d90f88) [0x00007cb632d91080, 0x00007cb632d91e48] 
[4,255s][debug][gc,nmethod     ] GC(1) O: Purge NMethod: java.nio.ByteBuffer.<init> (0x00007cb613bd9608) [0x00007cb613bd9700, 0x00007cb613bd9848] 
[4,255s][debug][gc,nmethod     ] GC(1) O: Purge NMethod: com.sun.org.apache.xerces.internal.impl.XMLEntityScanner.skipSpaces (0x00007cb613dded88) [0x00007cb613ddee80, 0x00007cb613de0110] 
[4,255s][debug][gc,nmethod     ] GC(1) O: Purge NMethod: io.sirix.node.NodeSerializerImpl.serialize (0x00007cb613f37808) [0x00007cb613f37900, 0x00007cb613f37b58] 
[4,255s][debug][gc,nmethod     ] GC(1) O: Purge NMethod: io.sirix.page.delegates.BitmapReferencesPage.getOrCreateReference (0x00007cb632d45788) [0x00007cb632d45880, 0x00007cb632d46068] 
[4,255s][debug][gc,nmethod     ] GC(1) O: Purge NMethod: io.sirix.node.NodeSerializerImpl.deserialize (0x00007cb614014a08) [0x00007cb614014b00, 0x00007cb614014f68] 
[4,255s][debug][gc,nmethod     ] GC(1) O: Purge NMethod: com.sun.org.apache.xerces.internal.impl.XMLDocumentFragmentScannerImpl.scanContent (0x00007cb613dac188) [0x00007cb613dac280, 0x00007cb613dad870] 
[4,255s][debug][gc,nmethod     ] GC(1) O: Purge NMethod: io.sirix.node.xml.TextNode.computeHash (0x00007cb613c51108) [0x00007cb613c51200, 0x00007cb613c629a8] 
[4,255s][debug][gc,nmethod     ] GC(1) O: Purge NMethod: java.util.ArrayList.elementData (0x00007cb61347b308) [0x00007cb61347b400, 0x00007cb61347b590] 
[4,255s][debug][gc,nmethod     ] GC(1) O: Purge NMethod: java.util.HashMap.put (0x00007cb632c83e88) [0x00007cb632c83fa0, 0x00007cb632c851b0] 
[4,255s][debug][gc,nmethod     ] GC(1) O: Purge NMethod: java.util.concurrent.locks.ReentrantLock$NonfairSync.initialTryLock (0x00007cb614074a88) [0x00007cb614074b80, 0x00007cb614075870] 
[4,255s][debug][gc,nmethod     ] GC(1) O: Purge NMethod: java.lang.Long.hashCode (0x00007cb6138d5888) [0x00007cb6138d5980, 0x00007cb6138d5ab8] 
[4,255s][debug][gc,nmethod     ] GC(1) O: Purge NMethod: io.sirix.access.trx.node.xml.XmlNodeReadOnlyTrxImpl.isNameNode (0x00007cb6140b3808) [0x00007cb6140b3900, 0x00007cb6140b4150] 
[4,255s][debug][gc,nmethod     ] GC(1) O: Purge NMethod: io.sirix.page.KeyValueLeafPage.getNumberOfNonNullEntries (0x00007cb614126e88) [0x00007cb614126f80, 0x00007cb6141274a0] 
[4,255s][debug][gc,nmethod     ] GC(1) O: Purge NMethod: io.sirix.access.trx.page.NodePageReadOnlyTrx.loadPage (0x00007cb613fd4b88) [0x00007cb613fd4c80, 0x00007cb613fd6af0] 
[4,255s][debug][gc,nmethod     ] GC(1) O: Purge NMethod: io.sirix.access.trx.page.NodePageReadOnlyTrx.loadPage (0x00007cb613b28508) [0x00007cb613b28600, 0x00007cb613b2a4a0] 
[4,255s][debug][gc,nmethod     ] GC(1) O: Purge NMethod: io.sirix.node.GrowingMemorySegment.writeLong (0x00007cb632ce1388) [0x00007cb632ce1480, 0x00007cb632ce1910] 
[4,255s][debug][gc,nmethod     ] GC(1) O: Purge NMethod: jdk.internal.access.SharedSecrets.getJavaLangAccess (0x00007cb613618688) [0x00007cb613618780, 0x00007cb6136188a8] 
[4,255s][debug][gc,nmethod     ] GC(1) O: Purge NMethod: jdk.internal.foreign.AbstractMemorySegmentImpl.asSlice (0x00007cb613839788) [0x00007cb613839880, 0x00007cb613839d78] 
[4,255s][debug][gc,nmethod     ] GC(1) O: Purge NMethod: java.util.BitSet.get (0x00007cb6136aae88) [0x00007cb6136aaf80, 0x00007cb6136abe28] 
[4,255s][debug][gc,nmethod     ] GC(1) O: Purge NMethod: java.util.concurrent.locks.AbstractQueuedSynchronizer.signalNext (0x00007cb613a84d88) [0x00007cb613a84e80, 0x00007cb613a860f8] 
[4,255s][debug][gc,nmethod     ] GC(1) O: Purge NMethod: java.util.HashMap.put (0x00007cb6137dc808) [0x00007cb6137dc900, 0x00007cb6137dcee8] 
[4,255s][debug][gc,nmethod     ] GC(1) O: Purge NMethod: io.sirix.access.trx.node.AbstractNodeReadOnlyTrx.hasRightSibling (0x00007cb632d29f08) [0x00007cb632d2a000, 0x00007cb632d2aa90] 
[4,255s][debug][gc,nmethod     ] GC(1) O: Purge NMethod: java.util.concurrent.atomic.AtomicLong.incrementAndGet (0x00007cb613a83308) [0x00007cb613a83400, 0x00007cb613a83518] 
[4,255s][debug][gc,nmethod     ] GC(1) O: Purge NMethod: sun.security.provider.DigestBase.engineUpdate (0x00007cb6141c3808) [0x00007cb6141c3900, 0x00007cb6141c4ae0] 
[4,255s][debug][gc,nmethod     ] GC(1) O: Purge NMethod: com.sun.org.apache.xerces.internal.util.XMLChar.isContent (0x00007cb613acd908) [0x00007cb613acda00, 0x00007cb613acdbe8] 
[4,255s][debug][gc,nmethod     ] GC(1) O: Purge NMethod: java.util.concurrent.ForkJoinPool.deactivate (0x00007cb632e2e908) [0x00007cb632e2ea00, 0x00007cb632e2f970] 
[4,255s][debug][gc,nmethod     ] GC(1) O: Purge NMethod: java.lang.AbstractStringBuilder.append (0x00007cb613fa4508) [0x00007cb613fa4600, 0x00007cb613fa5250] 
[4,255s][debug][gc,nmethod     ] GC(1) O: Purge NMethod: java.util.concurrent.ForkJoinPool.slotOffset (0x00007cb6135e5b08) [0x00007cb6135e5c00, 0x00007cb6135e5cf8] 
[4,255s][debug][gc,nmethod     ] GC(1) O: Purge NMethod: jdk.internal.classfile.impl.StackMapGenerator$Type.<init> (0x00007cb6134f1d88) [0x00007cb6134f1e80, 0x00007cb6134f20b8] 
[4,255s][debug][gc,nmethod     ] GC(1) O: Purge NMethod: jdk.internal.foreign.NativeMemorySegmentImpl.<init> (0x00007cb613554508) [0x00007cb613554600, 0x00007cb613554ac8] 
[4,255s][debug][gc,nmethod     ] GC(1) O: Purge NMethod: java.lang.StringUTF16.putChar (0x00007cb613f8cb08) [0x00007cb613f8cc00, 0x00007cb613f8cd40] 
[4,255s][debug][gc,nmethod     ] GC(1) O: Purge NMethod: jdk.internal.foreign.MemorySessionImpl.addInternal (0x00007cb632d06b88) [0x00007cb632d06c80, 0x00007cb632d07138] 
[4,255s][debug][gc,nmethod     ] GC(1) O: Purge NMethod: java.lang.Math.multiplyHigh (0x00007cb613af6688) [0x00007cb613af6780, 0x00007cb613af68d8] 
[4,255s][debug][gc,nmethod     ] GC(1) O: Purge NMethod: com.sun.org.apache.xerces.internal.impl.XMLEntityScanner.skipSpaces (0x00007cb613bc0508) [0x00007cb613bc0600, 0x00007cb613bc18a0] 
[4,255s][debug][gc,nmethod     ] GC(1) O: Purge NMethod: com.sun.org.apache.xerces.internal.impl.XMLDocumentFragmentScannerImpl.seekCloseOfStartTag (0x00007cb613c67f88) [0x00007cb613c68080, 0x00007cb613c69650] 
[4,255s][debug][gc,nmethod     ] GC(1) O: Purge NMethod: jdk.internal.misc.Unsafe.putLongUnaligned (0x00007cb613a90d08) [0x00007cb613a90e00, 0x00007cb613a91008] 
[4,255s][debug][gc,nmethod     ] GC(1) O: Purge NMethod: io.sirix.index.name.Names.setName (0x00007cb632d58308) [0x00007cb632d58400, 0x00007cb632d5a988] 
[4,255s][debug][gc,nmethod     ] GC(1) O: Purge NMethod: java.util.Arrays.copyOf (0x00007cb61347df88) [0x00007cb61347e080, 0x00007cb61347e900] 
[4,255s][debug][gc,nmethod     ] GC(1) O: Purge NMethod: java.util.BitSet.checkRange (0x00007cb613b19108) [0x00007cb613b19200, 0x00007cb613b1bb88] 
[4,255s][debug][gc,nmethod     ] GC(1) O: Purge NMethod: io.sirix.axis.ChildAxis.reset (0x00007cb613c6e288) [0x00007cb613c6e380, 0x00007cb613c6e568] 
[4,255s][debug][gc,nmethod     ] GC(1) O: Purge NMethod: com.sun.org.apache.xerces.internal.impl.XMLDocumentFragmentScannerImpl.scanDocument (0x00007cb613e08088) [0x00007cb613e08180, 0x00007cb613e0ac28] 
[4,255s][debug][gc,nmethod     ] GC(1) O: Purge NMethod: jdk.internal.misc.Unsafe.putIntOpaque (0x00007cb614316b88) [0x00007cb614316c80, 0x00007cb614316d88] 
[4,255s][debug][gc,nmethod     ] GC(1) O: Purge NMethod: java.util.ArrayList.getLast (0x00007cb613c76c88) [0x00007cb613c76d80, 0x00007cb613c77088] 
[4,255s][debug][gc,nmethod     ] GC(1) O: Purge NMethod: java.lang.String.encode (0x00007cb61402e708) [0x00007cb61402e800, 0x00007cb61402eb38] 
[4,255s][debug][gc,nmethod     ] GC(1) O: Purge NMethod: io.sirix.node.AbstractForwardingNode.getParentKey (0x00007cb613b8f088) [0x00007cb613b8f180, 0x00007cb613b8f4b0] 
[4,255s][debug][gc,nmethod     ] GC(1) O: Purge NMethod: io.sirix.node.xml.AttributeNode.getKind (0x00007cb613f3df88) [0x00007cb613f3e080, 0x00007cb613f3e3a0] 
[4,255s][debug][gc,nmethod     ] GC(1) O: Purge NMethod: io.sirix.page.PageKind$1.deserializePage (0x00007cb61424f588) [0x00007cb61424f680, 0x00007cb6142539c8] 
[4,255s][debug][gc,nmethod     ] GC(1) O: Purge NMethod: io.sirix.node.xml.ElementNode.hasLeftSibling (0x00007cb614184908) [0x00007cb614184a00, 0x00007cb614189e38] 
[4,255s][debug][gc,nmethod     ] GC(1) O: Purge NMethod: java.lang.String.<init> (0x00007cb632c8b588) [0x00007cb632c8b680, 0x00007cb632c8bab8] 
[4,255s][debug][gc,nmethod     ] GC(1) O: Purge NMethod: it.unimi.dsi.fastutil.ints.Int2LongOpenHashMap.get (0x00007cb632d36e88) [0x00007cb632d36f80, 0x00007cb632d372e0] 
[4,255s][debug][gc,nmethod     ] GC(1) O: Purge NMethod: java.util.stream.AbstractPipeline.evaluate (0x00007cb632c92608) [0x00007cb632c92700, 0x00007cb632c937b8] 
[4,255s][debug][gc,nmethod     ] GC(1) O: Purge NMethod: io.sirix.axis.filter.FilterAxis.nextKey (0x00007cb614096888) [0x00007cb614096980, 0x00007cb614097f90] 
[4,255s][debug][gc,nmethod     ] GC(1) O: Purge NMethod: io.sirix.node.xml.TextNode.hasLeftSibling (0x00007cb613b95708) [0x00007cb613b95800, 0x00007cb613b9ac38] 
[4,255s][debug][gc,nmethod     ] GC(1) O: Purge NMethod: com.sun.org.apache.xerces.internal.impl.XMLEntityScanner.checkBeforeLoad (0x00007cb632cf2508) [0x00007cb632cf2600, 0x00007cb632cf26f0] 
[4,255s][debug][gc,nmethod     ] GC(1) O: Purge NMethod: java.lang.System$1.blockedOn (0x00007cb613f73788) [0x00007cb613f73880, 0x00007cb613f73e20] 
[4,255s][debug][gc,nmethod     ] GC(1) O: Purge NMethod: io.sirix.access.trx.node.xml.XmlNodeReadOnlyTrxImpl.getNode (0x00007cb632cfee88) [0x00007cb632cfef80, 0x00007cb632cff160] 
[4,255s][debug][gc,nmethod     ] GC(1) O: Purge NMethod: java.util.ArrayDeque.pollFirst (0x00007cb613503908) [0x00007cb613503a00, 0x00007cb613503f60] 
[4,255s][debug][gc,nmethod     ] GC(1) O: Purge NMethod: jdk.internal.misc.Unsafe.checkSize (0x00007cb61380e808) [0x00007cb61380e900, 0x00007cb61380eb60] 
[4,255s][debug][gc,nmethod     ] GC(1) O: Purge NMethod: io.sirix.node.NodeKind$1.deserialize (0x00007cb6140cf908) [0x00007cb6140cfa00, 0x00007cb6140d3048] 
[4,255s][debug][gc,nmethod     ] GC(1) O: Purge NMethod: io.sirix.utils.XMLToken.isNCChar (0x00007cb632cf2b08) [0x00007cb632cf2c00, 0x00007cb632cf2ce0] 
[4,255s][debug][gc,nmethod     ] GC(1) O: Purge NMethod: jdk.internal.misc.Unsafe.copyMemory (0x00007cb6135bca08) [0x00007cb6135bcb00, 0x00007cb6135be0c0] 
[4,255s][debug][gc,nmethod     ] GC(1) O: Purge NMethod: java.util.concurrent.ConcurrentHashMap$Node.<init> (0x00007cb613414788) [0x00007cb613414880, 0x00007cb613414ad0] 
[4,255s][debug][gc,nmethod     ] GC(1) O: Purge NMethod: jdk.internal.foreign.ConfinedSession$ConfinedResourceList.add (0x00007cb613e16088) [0x00007cb613e16180, 0x00007cb613e16628] 
[4,255s][debug][gc,nmethod     ] GC(1) O: Purge NMethod: io.sirix.settings.VersioningType$4.combineRecordPages (0x00007cb614248788) [0x00007cb614248880, 0x00007cb61424d4e0] 
[4,255s][debug][gc,nmethod     ] GC(1) O: Purge NMethod: com.sun.org.apache.xerces.internal.impl.XMLEntityScanner.scanChar (0x00007cb613c4a088) [0x00007cb613c4a180, 0x00007cb613c4aba8] 
[4,255s][debug][gc,nmethod     ] GC(1) O: Purge NMethod: io.sirix.access.trx.node.xml.XmlNodeFactoryImpl.createAttributeNode (0x00007cb613d74e88) [0x00007cb613d74f80, 0x00007cb613d77678] 
[4,255s][debug][gc,nmethod     ] GC(1) O: Purge NMethod: java.nio.Buffer.flip (0x00007cb613df0788) [0x00007cb613df0880, 0x00007cb613df0998] 
[4,255s][debug][gc,nmethod     ] GC(1) O: Purge NMethod: java.lang.AbstractStringBuilder.ensureCapacityNewCoder (0x00007cb613473308) [0x00007cb613473400, 0x00007cb613473710] 
[4,255s][debug][gc,nmethod     ] GC(1) O: Purge NMethod: io.sirix.node.xml.AbstractStructForwardingNode.getFirstChildKey (0x00007cb613c62a08) [0x00007cb613c62b00, 0x00007cb613c62e30] 
[4,255s][debug][gc,nmethod     ] GC(1) O: Purge NMethod: com.sun.org.apache.xerces.internal.xni.XMLString.toString (0x00007cb613d4cc88) [0x00007cb613d4cd80, 0x00007cb613d4cfc8] 
[4,255s][debug][gc,nmethod     ] GC(1) O: Purge NMethod: io.sirix.page.PathSummaryPage.getMaxNodeKey (0x00007cb613dc1588) [0x00007cb613dc1680, 0x00007cb613dc1838] 
[4,255s][debug][gc,nmethod     ] GC(1) O: Purge NMethod: java.lang.invoke.TypeConvertingMethodAdapter.convertType (0x00007cb61376fd08) [0x00007cb61376fe00, 0x00007cb6137782e8] 
[4,255s][debug][gc,nmethod     ] GC(1) O: Purge NMethod: java.lang.invoke.InvokerBytecodeGenerator.emitStaticInvoke (0x00007cb6139ea108) [0x00007cb6139ea200, 0x00007cb6139ec8e8] 
[4,255s][debug][gc,nmethod     ] GC(1) O: Purge NMethod: io.sirix.axis.ChildAxis.<init> (0x00007cb613c6df88) [0x00007cb613c6e080, 0x00007cb613c6e1b0] 
[4,255s][debug][gc,nmethod     ] GC(1) O: Purge NMethod: com.sun.org.apache.xerces.internal.impl.XMLEntityScanner.scanLiteral (0x00007cb613d49188) [0x00007cb613d49280, 0x00007cb613d4a4c8] 
[4,255s][debug][gc,nmethod     ] GC(1) O: Purge NMethod: com.sun.org.apache.xerces.internal.util.NamespaceSupport.pushContext (0x00007cb61416d708) [0x00007cb61416d800, 0x00007cb61416db70] 
[4,255s][debug][gc,nmethod     ] GC(1) O: Purge NMethod: jdk.internal.foreign.HeapMemorySegmentImpl$OfByte.unsafeGetBase (0x00007cb613ee9008) [0x00007cb613ee9100, 0x00007cb613ee9308] 
[4,255s][debug][gc,nmethod     ] GC(1) O: Purge NMethod: java.util.concurrent.locks.ReentrantLock.unlock (0x00007cb614126708) [0x00007cb614126800, 0x00007cb614126e18] 
[4,255s][debug][gc,nmethod     ] GC(1) O: Purge NMethod: io.sirix.node.xml.AbstractStructForwardingNode.hasRightSibling (0x00007cb613be0f08) [0x00007cb613be1000, 0x00007cb613be15c8] 
[4,255s][debug][gc,nmethod     ] GC(1) O: Purge NMethod: java.util.BitSet.<init> (0x00007cb6137ba808) [0x00007cb6137ba900, 0x00007cb6137bb848] 
[4,255s][debug][gc,nmethod     ] GC(1) O: Purge NMethod: java.util.ArrayDeque.addFirst (0x00007cb61418a188) [0x00007cb61418a280, 0x00007cb61418a860] 
[4,255s][debug][gc,nmethod     ] GC(1) O: Purge NMethod: java.util.concurrent.ConcurrentHashMap$Traverser.advance (0x00007cb613684c08) [0x00007cb613684d00, 0x00007cb613685df8] 
[4,255s][debug][gc,nmethod     ] GC(1) O: Purge NMethod: java.util.HashMap$HashIterator.hasNext (0x00007cb613430e88) [0x00007cb613430f80, 0x00007cb613431100] 
[4,255s][debug][gc,nmethod     ] GC(1) O: Purge NMethod: java.util.concurrent.atomic.AtomicLong.addAndGet (0x00007cb613b22788) [0x00007cb613b22880, 0x00007cb613b22990] 
[4,255s][debug][gc,nmethod     ] GC(1) O: Purge NMethod: io.sirix.page.KeyValueLeafPage.addReferences (0x00007cb614112a08) [0x00007cb614112b00, 0x00007cb614113c20] 
[4,255s][debug][gc,nmethod     ] GC(1) O: Purge NMethod: it.unimi.dsi.fastutil.ints.Int2LongOpenHashMap.put (0x00007cb613d77708) [0x00007cb613d77800, 0x00007cb613d77a68] 
[4,255s][debug][gc,nmethod     ] GC(1) O: Purge NMethod: jdk.internal.foreign.AbstractMemorySegmentImpl.checkAccess (0x00007cb613405488) [0x00007cb613405580, 0x00007cb613405d90] 
[4,255s][debug][gc,nmethod     ] GC(1) O: Purge NMethod: io.sirix.access.trx.page.NodePageReadOnlyTrx.getRecord (0x00007cb614011e88) [0x00007cb614011f80, 0x00007cb6140139b8] 
[4,255s][debug][gc,nmethod     ] GC(1) O: Purge NMethod: jdk.internal.foreign.HeapMemorySegmentImpl$OfByte.<init> (0x00007cb613e86588) [0x00007cb613e86680, 0x00007cb613e86998] 
[4,255s][debug][gc,nmethod     ] GC(1) O: Purge NMethod: java.util.Arrays.copyOf (0x00007cb6134eef88) [0x00007cb6134ef080, 0x00007cb6134ef3a0] 
[4,255s][debug][gc,nmethod     ] GC(1) O: Purge NMethod: java.util.concurrent.locks.ReentrantLock.lock (0x00007cb61404c708) [0x00007cb61404c800, 0x00007cb61404cfd0] 
[4,255s][debug][gc,nmethod     ] GC(1) O: Purge NMethod: jdk.internal.classfile.impl.StackMapGenerator.processBlock (0x00007cb613491108) [0x00007cb613491200, 0x00007cb6134c04c8] 
[4,256s][debug][gc,nmethod     ] GC(1) O: Purge NMethod: io.sirix.access.trx.page.NodePageReadOnlyTrx.getDataRecord (0x00007cb614017688) [0x00007cb614017780, 0x00007cb614018588] 
[4,256s][debug][gc,nmethod     ] GC(1) O: Purge NMethod: java.util.concurrent.atomic.LongAdder.add (0x00007cb614123208) [0x00007cb614123300, 0x00007cb614123c78] 
[4,256s][debug][gc,nmethod     ] GC(1) O: Purge NMethod: java.lang.StringUTF16.compress (0x00007cb632c65c08) [0x00007cb632c65dc0, 0x00007cb632c66218] 
[4,256s][debug][gc,nmethod     ] GC(1) O: Purge NMethod: io.sirix.access.trx.node.AbstractNodeTrxImpl.intermediateCommitIfRequired (0x00007cb613ba7088) [0x00007cb613ba7180, 0x00007cb613ba7ef8] 
[4,256s][debug][gc,nmethod     ] GC(1) O: Purge NMethod: io.sirix.access.trx.page.NodePageTrx.prepareRecordPage (0x00007cb61415e188) [0x00007cb61415e280, 0x00007cb614160828] 
[4,256s][debug][gc,nmethod     ] GC(1) O: Purge NMethod: io.sirix.axis.filter.FilterAxis.reset (0x00007cb632e3e188) [0x00007cb632e3e280, 0x00007cb632e3e3e8] 
[4,256s][debug][gc,nmethod     ] GC(1) O: Purge NMethod: jdk.internal.foreign.AbstractMemorySegmentImpl.asSlice (0x00007cb613ba9608) [0x00007cb613ba9700, 0x00007cb613ba9b40] 
[4,256s][debug][gc,nmethod     ] GC(1) O: Purge NMethod: java.util.Spliterator.getExactSizeIfKnown (0x00007cb613f5ac08) [0x00007cb613f5ad00, 0x00007cb613f5b250] 
[4,256s][debug][gc,nmethod     ] Register NMethod: com.github.benmanes.caffeine.cache.PSMW.getNextInAccessOrder (0x00007cb632f95588) [0x00007cb632f95680, 0x00007cb632f95730] Compiler: jvmci, Barriers: 1, Oops: 1, ImmediateOops: 0, NonImmediateOops: No
[4,256s][debug][gc,nmethod     ] Register NMethod: com.github.benmanes.caffeine.cache.LocalManualCache.asMap (0x00007cb632f95888) [0x00007cb632f95980, 0x00007cb632f95a68] Compiler: jvmci, Barriers: 1, Oops: 1, ImmediateOops: 0, NonImmediateOops: No
[4,256s][debug][gc,nmethod     ] Register NMethod: com.github.benmanes.caffeine.cache.AccessOrderDeque.contains (0x00007cb632f95b88) [0x00007cb632f95c80, 0x00007cb632f95f30] Compiler: jvmci, Barriers: 5, Oops: 1, ImmediateOops: 0, NonImmediateOops: No
[4,256s][debug][gc,nmethod     ] GC(1) O: Purge NMethod: io.sirix.page.KeyValueLeafPage.setData (0x00007cb613faf688) [0x00007cb613faf780, 0x00007cb613fd4ac0] 
[4,256s][debug][gc,nmethod     ] GC(1) O: Purge NMethod: io.brackit.query.node.parser.SAX2SubtreeHandlerAdapter.endElement (0x00007cb613ccd908) [0x00007cb613ccda00, 0x00007cb613ccf658] 
[4,256s][debug][gc,nmethod     ] GC(1) O: Purge NMethod: io.sirix.page.delegates.BitmapReferencesPage.getOrCreateReference (0x00007cb613b18608) [0x00007cb613b18700, 0x00007cb613b18db8] 
[4,256s][debug][gc,nmethod     ] GC(1) O: Purge NMethod: jdk.xml.internal.XMLSecurityManager.isOverLimit (0x00007cb613b4b908) [0x00007cb613b4ba00, 0x00007cb613b4cfe0] 
[4,256s][debug][gc,nmethod     ] GC(1) O: Purge NMethod: io.sirix.access.trx.node.xml.XmlNodeFactoryImpl.createElementNode (0x00007cb613cb8588) [0x00007cb613cb8680, 0x00007cb613cbcee0] 
[4,256s][debug][gc,nmethod     ] GC(1) O: Purge NMethod: io.sirix.node.xml.ElementNode.getPathNodeKey (0x00007cb613bb9508) [0x00007cb613bb9600, 0x00007cb613bbe5f0] 
[4,256s][debug][gc,nmethod     ] GC(1) O: Purge NMethod: io.sirix.access.trx.node.AbstractNodeReadOnlyTrx.assertNotClosed (0x00007cb613a99408) [0x00007cb613a99500, 0x00007cb613a99708] 
[4,256s][debug][gc,nmethod     ] GC(1) O: Purge NMethod: io.sirix.access.trx.page.NodePageTrx.prepareRecordForModification (0x00007cb613d0c988) [0x00007cb613d0ca80, 0x00007cb613d0e908] 
[4,256s][debug][gc,nmethod     ] GC(1) O: Purge NMethod: java.util.zip.Inflater.needsInput (0x00007cb613537408) [0x00007cb613537500, 0x00007cb613537b28] 
[4,256s][debug][gc,nmethod     ] GC(1) O: Purge NMethod: io.sirix.node.SirixDeweyID.getNewAttributeID (0x00007cb613d74988) [0x00007cb613d74a80, 0x00007cb613d74e68] 
[4,256s][debug][gc,nmethod     ] GC(1) O: Purge NMethod: io.sirix.node.xml.ElementNode.getAttributeKey (0x00007cb613e2e488) [0x00007cb613e2e580, 0x00007cb613e2e998] 
[4,256s][debug][gc,nmethod     ] GC(1) O: Purge NMethod: jdk.internal.foreign.SegmentBulkOperations.copy (0x00007cb632d99508) [0x00007cb632d99600, 0x00007cb632d9a478] 
[4,256s][debug][gc,nmethod     ] GC(1) O: Purge NMethod: it.unimi.dsi.fastutil.ints.Int2ObjectOpenHashMap.get (0x00007cb614165d08) [0x00007cb614165e00, 0x00007cb614166470] 
[4,256s][debug][gc,nmethod     ] GC(1) O: Purge NMethod: io.sirix.query.stream.node.SirixNodeStream.next (0x00007cb632f1d808) [0x00007cb632f1d900, 0x00007cb632f1f170] 
[4,256s][debug][gc,nmethod     ] GC(1) O: Purge NMethod: java.lang.invoke.InnerClassLambdaMetafactory.convertArgumentTypes (0x00007cb613948188) [0x00007cb613948280, 0x00007cb613949548] 
[4,256s][debug][gc,nmethod     ] GC(1) O: Purge NMethod: jdk.internal.classfile.impl.StackMapGenerator$Frame.pushStack (0x00007cb613568108) [0x00007cb613568200, 0x00007cb613568660] 
[4,256s][debug][gc,nmethod     ] GC(1) O: Purge NMethod: com.sun.org.apache.xerces.internal.impl.XMLDocumentFragmentScannerImpl.scanDocument (0x00007cb6144df088) [0x00007cb6144df180, 0x00007cb6144e1c18] 
[4,256s][debug][gc,nmethod     ] GC(1) O: Purge NMethod: java.lang.Class.getSimpleName (0x00007cb613ea1f88) [0x00007cb613ea2080, 0x00007cb613ea22e0] 
[4,256s][debug][gc,nmethod     ] GC(1) O: Purge NMethod: com.sun.org.apache.xerces.internal.parsers.AbstractSAXParser.endElement (0x00007cb613cb6c08) [0x00007cb613cb6d00, 0x00007cb613cb75f8] 
[4,256s][debug][gc,nmethod     ] GC(1) O: Purge NMethod: sun.misc.Unsafe.isMemoryAccessWarned (0x00007cb613aacb88) [0x00007cb613aacc80, 0x00007cb613aacd80] 
[4,256s][debug][gc,nmethod     ] GC(1) O: Purge NMethod: io.sirix.node.GrowingMemorySegment.getUsedSegment (0x00007cb613b22088) [0x00007cb613b22180, 0x00007cb613b22770] 
[4,256s][debug][gc,nmethod     ] GC(1) O: Purge NMethod: it.unimi.dsi.fastutil.HashCommon.mix (0x00007cb613ac8d08) [0x00007cb613ac8e00, 0x00007cb613ac8ef0] 
[4,256s][debug][gc,nmethod     ] GC(1) O: Purge NMethod: io.sirix.node.xml.ElementNode.getRightSiblingKey (0x00007cb613b56f08) [0x00007cb613b57000, 0x00007cb613b5bff0] 
[4,256s][debug][gc,nmethod     ] GC(1) O: Purge NMethod: io.sirix.access.trx.node.AbstractNodeReadOnlyTrx.hasNode (0x00007cb632d35308) [0x00007cb632d35400, 0x00007cb632d36330] 
[4,256s][debug][gc,nmethod     ] GC(1) O: Purge NMethod: java.lang.String.encode (0x00007cb632d01a08) [0x00007cb632d01b00, 0x00007cb632d01cd8] 
[4,256s][debug][gc,nmethod     ] GC(1) O: Purge NMethod: io.brackit.query.node.parser.SAX2SubtreeHandlerAdapter.characters (0x00007cb614184488) [0x00007cb614184580, 0x00007cb614184890] 
[4,256s][debug][gc,nmethod     ] GC(1) O: Purge NMethod: jdk.internal.ref.CleanerFactory.cleaner (0x00007cb6134dd708) [0x00007cb6134dd800, 0x00007cb6134dd8e8] 
[4,256s][debug][gc,nmethod     ] GC(1) O: Purge NMethod: java.util.HashMap.resize (0x00007cb613614188) [0x00007cb6136142a0, 0x00007cb613615f80] 
[4,256s][debug][gc,nmethod     ] GC(1) O: Purge NMethod: it.unimi.dsi.fastutil.shorts.ShortArrayList$1.<init> (0x00007cb614001688) [0x00007cb614001780, 0x00007cb614001960] 
[4,256s][debug][gc,nmethod     ] GC(1) O: Purge NMethod: io.sirix.service.xml.xpath.ItemListImpl.size (0x00007cb613de0508) [0x00007cb613de0600, 0x00007cb613de0940] 
[4,256s][debug][gc,nmethod     ] GC(1) O: Purge NMethod: java.lang.Integer.valueOf (0x00007cb613529d08) [0x00007cb613529e00, 0x00007cb61352a118] 
[4,256s][debug][gc,nmethod     ] GC(1) O: Purge NMethod: io.sirix.access.trx.page.NodePageTrx.prepareRecordForModification (0x00007cb632ce2608) [0x00007cb632ce2700, 0x00007cb632ce3730] 
[4,256s][debug][gc,nmethod     ] GC(1) O: Purge NMethod: io.sirix.access.trx.page.NodePageTrx.getMostRecentPageContainer (0x00007cb632ce7c08) [0x00007cb632ce7d00, 0x00007cb632ce8100] 
[4,256s][debug][gc,nmethod     ] GC(1) O: Purge NMethod: java.util.ArrayDeque.pop (0x00007cb613c65e08) [0x00007cb613c65f00, 0x00007cb613c661a0] 
[4,256s][debug][gc,nmethod     ] GC(1) O: Purge NMethod: jdk.internal.misc.Unsafe.putIntRelease (0x00007cb614089888) [0x00007cb614089980, 0x00007cb614089a88] 
[4,256s][debug][gc,nmethod     ] GC(1) O: Purge NMethod: io.sirix.index.path.summary.PathSummaryReader.moveTo (0x00007cb632cf3108) [0x00007cb632cf3200, 0x00007cb632cf3440] 
[4,256s][debug][gc,nmethod     ] GC(1) O: Purge NMethod: java.lang.classfile.CodeBuilder.newBoundLabel (0x00007cb6138cab88) [0x00007cb6138cac80, 0x00007cb6138cb6d8] 
[4,256s][debug][gc,nmethod     ] GC(1) O: Purge NMethod: io.sirix.access.trx.page.NodePageTrx.prepareRecordPage (0x00007cb613d11a08) [0x00007cb613d11b00, 0x00007cb613d140a8] 
[4,256s][debug][gc,nmethod     ] GC(1) O: Purge NMethod: jdk.internal.util.ArraysSupport.hashCode (0x00007cb613758b08) [0x00007cb613758c00, 0x00007cb6137590b0] 
[4,256s][debug][gc,nmethod     ] GC(1) O: Purge NMethod: jdk.internal.misc.Unsafe.putReferenceOpaque (0x00007cb613f6e488) [0x00007cb613f6e580, 0x00007cb613f6e6f8] 
[4,256s][debug][gc,nmethod     ] GC(1) O: Purge NMethod: jdk.internal.foreign.ArenaImpl.<init> (0x00007cb613b8a088) [0x00007cb613b8a180, 0x00007cb613b8a560] 
[4,256s][debug][gc,nmethod     ] GC(1) O: Purge NMethod: java.nio.MappedByteBuffer.<init> (0x00007cb613bddc88) [0x00007cb613bddd80, 0x00007cb613bddf50] 
[4,256s][debug][gc,nmethod     ] GC(1) O: Purge NMethod: java.util.stream.StreamOpFlag.fromCharacteristics (0x00007cb632c71d08) [0x00007cb632c71e00, 0x00007cb632c71f70] 
[4,256s][debug][gc,nmethod     ] GC(1) O: Purge NMethod: io.sirix.access.trx.node.AbstractNodeReadOnlyTrx.moveToParent (0x00007cb632d1a488) [0x00007cb632d1a580, 0x00007cb632d1b808] 
[4,256s][debug][gc,nmethod     ] GC(1) O: Purge NMethod: java.util.BitSet.and (0x00007cb61410e608) [0x00007cb61410e700, 0x00007cb61410eb50] 
[4,256s][debug][gc,nmethod     ] GC(1) O: Purge NMethod: io.sirix.node.NodeSerializerImpl.serializeDeweyID (0x00007cb613f5c488) [0x00007cb613f5c580, 0x00007cb613f5cb40] 
[4,256s][debug][gc,nmethod     ] GC(1) O: Purge NMethod: java.nio.Buffer.limit (0x00007cb613790f88) [0x00007cb613791080, 0x00007cb6137912f0] 
[4,256s][debug][gc,nmethod     ] GC(1) O: Purge NMethod: it.unimi.dsi.fastutil.ints.Int2IntOpenHashMap.find (0x00007cb613c4af88) [0x00007cb613c4b080, 0x00007cb613c4b4e8] 
[4,256s][debug][gc,nmethod     ] GC(1) O: Purge NMethod: java.util.ImmutableCollections$ListN.get (0x00007cb61340b088) [0x00007cb61340b180, 0x00007cb61340b308] 
[4,256s][debug][gc,nmethod     ] GC(1) O: Purge NMethod: java.util.BitSet.nextSetBit (0x00007cb632e0e088) [0x00007cb632e0e180, 0x00007cb632e0e300] 
[4,256s][debug][gc,nmethod     ] GC(1) O: Purge NMethod: java.lang.Integer.numberOfLeadingZeros (0x00007cb6134e6788) [0x00007cb6134e6880, 0x00007cb6134e6b00] 
[4,256s][debug][gc,nmethod     ] GC(1) O: Purge NMethod: java.lang.invoke.VarHandleSegmentAsLongs.get (0x00007cb613a9c788) [0x00007cb613a9c880, 0x00007cb613aa1d20] 
[4,256s][debug][gc,nmethod     ] GC(1) O: Purge NMethod: java.nio.MappedByteBuffer.rewind (0x00007cb613bdfc08) [0x00007cb613bdfd00, 0x00007cb613be00e8] 
[4,256s][debug][gc,nmethod     ] GC(1) O: Purge NMethod: net.openhft.hashing.Maths.unsignedLongMulXorFold (0x00007cb613af6388) [0x00007cb613af6480, 0x00007cb613af65b8] 
[4,256s][debug][gc,nmethod     ] GC(1) O: Purge NMethod: jdk.internal.classfile.impl.SplitConstantPool.utf8Entry (0x00007cb6134e7208) [0x00007cb6134e7300, 0x00007cb6134e75f8] 
[4,256s][debug][gc,nmethod     ] GC(1) O: Purge NMethod: java.util.stream.ReferencePipeline.collect (0x00007cb6137d8d08) [0x00007cb6137d8e00, 0x00007cb6137da958] 
[4,256s][debug][gc,nmethod     ] GC(1) O: Purge NMethod: com.sun.org.apache.xerces.internal.impl.XMLEntityScanner.scanChar (0x00007cb632d43c88) [0x00007cb632d43d80, 0x00007cb632d43fa8] 
[4,256s][debug][gc,nmethod     ] GC(1) O: Purge NMethod: jdk.internal.foreign.MemorySessionImpl$ResourceList.cleanupSingle (0x00007cb613ee9a08) [0x00007cb613ee9b00, 0x00007cb613ee9c88] 
[4,256s][debug][gc,nmethod     ] GC(1) O: Purge NMethod: io.sirix.node.xml.TextNode.getKind (0x00007cb613f37b88) [0x00007cb613f37c80, 0x00007cb613f37d88] 
[4,256s][debug][gc,nmethod     ] GC(1) O: Purge NMethod: java.util.stream.Collectors$CollectorImpl.<init> (0x00007cb61387ab88) [0x00007cb61387ac80, 0x00007cb61387b1f8] 
[4,256s][debug][gc,nmethod     ] GC(1) O: Purge NMethod: io.sirix.cache.SegmentAllocators.getIndexForSize (0x00007cb613defe08) [0x00007cb613deff00, 0x00007cb613df0438] 
[4,256s][debug][gc,nmethod     ] GC(1) O: Purge NMethod: java.lang.invoke.InnerClassLambdaMetafactory$6.accept (0x00007cb613981e08) [0x00007cb613981f00, 0x00007cb613988218] 
[4,256s][debug][gc,nmethod     ] GC(1) O: Purge NMethod: io.sirix.page.delegates.BitmapReferencesPage.index (0x00007cb632d38088) [0x00007cb632d38180, 0x00007cb632d38718] 
[4,256s][debug][gc,nmethod     ] GC(1) O: Purge NMethod: java.nio.Buffer.remaining (0x00007cb6135e9288) [0x00007cb6135e9380, 0x00007cb6135e94f0] 
[4,256s][debug][gc,nmethod     ] GC(1) O: Purge NMethod: jdk.internal.misc.Unsafe.putLongUnaligned (0x00007cb613637288) [0x00007cb613637380, 0x00007cb6136377b8] 
[4,256s][debug][gc,nmethod     ] GC(1) O: Purge NMethod: jdk.internal.foreign.HeapMemorySegmentImpl$OfByte.maxAlignMask (0x00007cb613f35788) [0x00007cb613f35880, 0x00007cb613f35980] 
[4,256s][debug][gc,nmethod     ] GC(1) O: Purge NMethod: java.lang.Short.valueOf (0x00007cb613fdea88) [0x00007cb613fdeb80, 0x00007cb613fdee98] 
[4,256s][debug][gc,nmethod     ] GC(1) O: Purge NMethod: jdk.internal.foreign.AbstractMemorySegmentImpl.set (0x00007cb613ad1508) [0x00007cb613ad1600, 0x00007cb613ad6b80] 
[4,256s][debug][gc,nmethod     ] GC(1) O: Purge NMethod: io.sirix.index.path.summary.PathNode.getPrefixKey (0x00007cb613cd0208) [0x00007cb613cd0300, 0x00007cb613cd0460] 
[4,256s][debug][gc,nmethod     ] GC(1) O: Purge NMethod: io.sirix.index.path.summary.PathSummaryReader.getNodeKey (0x00007cb632cf1c08) [0x00007cb632cf1d00, 0x00007cb632cf1e80] 
[4,256s][debug][gc,nmethod     ] GC(1) O: Purge NMethod: jdk.internal.foreign.layout.ValueLayouts$AbstractValueLayout.withOrder (0x00007cb613f31108) [0x00007cb613f31200, 0x00007cb613f31420] 
[4,256s][debug][gc,nmethod     ] GC(1) O: Purge NMethod: jdk.internal.classfile.impl.SplitConstantPool.maybeCloneUtf8Entry (0x00007cb632c47108) [0x00007cb632c47200, 0x00007cb632c47740] 
[4,256s][debug][gc,nmethod     ] GC(1) O: Purge NMethod: jdk.xml.internal.XMLLimitAnalyzer.addValue (0x00007cb613bdaa08) [0x00007cb613bdab20, 0x00007cb613bddc40] 
[4,257s][debug][gc,nmethod     ] GC(1) O: Purge NMethod: io.sirix.page.delegates.ReferencesPage4.getOrCreateReference (0x00007cb614004308) [0x00007cb614004400, 0x00007cb614005e18] 
[4,257s][debug][gc,nmethod     ] GC(1) O: Purge NMethod: java.util.ArrayDeque.addFirst (0x00007cb632d5c888) [0x00007cb632d5c980, 0x00007cb632d5cb88] 
[4,257s][debug][gc,nmethod     ] GC(1) O: Purge NMethod: java.lang.Math.min (0x00007cb613563188) [0x00007cb613563280, 0x00007cb6135633a8] 
[4,257s][debug][gc,nmethod     ] GC(1) O: Purge NMethod: io.sirix.node.SirixDeweyID.toBytes (0x00007cb613e84808) [0x00007cb613e84900, 0x00007cb613e85260] 
[4,257s][debug][gc,nmethod     ] GC(1) O: Purge NMethod: it.unimi.dsi.fastutil.ints.Int2IntOpenHashMap.find (0x00007cb632d36388) [0x00007cb632d36480, 0x00007cb632d36718] 
[4,257s][debug][gc,nmethod     ] GC(1) O: Purge NMethod: java.util.HashMap.getOrDefault (0x00007cb6136ef408) [0x00007cb6136ef500, 0x00007cb6136ef878] 
[4,257s][debug][gc,nmethod     ] GC(1) O: Purge NMethod: jdk.internal.foreign.layout.ValueLayouts$OfByteImpl.<init> (0x00007cb613eacd88) [0x00007cb613eace80, 0x00007cb613eacfd8] 
[4,257s][debug][gc,nmethod     ] GC(1) O: Purge NMethod: com.sun.org.apache.xerces.internal.parsers.AbstractSAXParser$AttributesProxy.getValue (0x00007cb613d51b08) [0x00007cb613d51c00, 0x00007cb613d51f60] 
[4,257s][debug][gc,nmethod     ] GC(1) O: Purge NMethod: java.lang.ref.WeakReference.<init> (0x00007cb61347d588) [0x00007cb61347d680, 0x00007cb61347d970] 
[4,257s][debug][gc,nmethod     ] GC(1) O: Purge NMethod: io.sirix.access.trx.node.xml.XmlNodeTrxImpl.nodeReadOnlyTrxDelegate (0x00007cb613ad1088) [0x00007cb613ad1180, 0x00007cb613ad14d0] 
[4,257s][debug][gc,nmethod     ] GC(1) O: Purge NMethod: java.lang.invoke.VarForm.getMemberName (0x00007cb613585d08) [0x00007cb613585e00, 0x00007cb613586580] 
[4,257s][debug][gc,nmethod     ] GC(1) O: Purge NMethod: java.lang.StringBuilder.toString (0x00007cb632c5ad88) [0x00007cb632c5ae80, 0x00007cb632c5b288] 
[4,257s][debug][gc,nmethod     ] GC(1) O: Purge NMethod: io.sirix.node.xml.ElementNode.setRightSiblingKey (0x00007cb613cdbf08) [0x00007cb613cdc000, 0x00007cb613ce1128] 
[4,257s][debug][gc,nmethod     ] GC(1) O: Purge NMethod: jdk.internal.foreign.MemorySessionImpl.checkValidStateRaw (0x00007cb613861188) [0x00007cb613861280, 0x00007cb6138614b0] 
[4,257s][debug][gc,nmethod     ] GC(1) O: Purge NMethod: io.sirix.access.trx.page.NodePageTrx.getPageContainer (0x00007cb614008c88) [0x00007cb614008d80, 0x00007cb614009ec0] 
[4,257s][debug][gc,nmethod     ] GC(1) O: Purge NMethod: io.sirix.page.KeyValueLeafPage.getDeweyId (0x00007cb613e9ae08) [0x00007cb613e9af00, 0x00007cb613ea06b0] 
[4,257s][debug][gc,nmethod     ] GC(1) O: Purge NMethod: jdk.internal.foreign.AbstractMemorySegmentImpl.get (0x00007cb613a78f08) [0x00007cb613a79000, 0x00007cb613a7c930] 
[4,257s][debug][gc,nmethod     ] GC(1) O: Purge NMethod: jdk.internal.misc.ScopedMemoryAccess.putByte (0x00007cb613ad0308) [0x00007cb613ad0400, 0x00007cb613ad1078] 
[4,257s][debug][gc,nmethod     ] GC(1) O: Purge NMethod: io.sirix.node.xml.ElementNode.<init> (0x00007cb613c9d008) [0x00007cb613c9d100, 0x00007cb613c9e110] 
[4,257s][debug][gc,nmethod     ] GC(1) O: Purge NMethod: io.sirix.node.xml.ElementNode.hasRightSibling (0x00007cb614091308) [0x00007cb614091400, 0x00007cb614096838] 
[4,257s][debug][gc,nmethod     ] GC(1) O: Purge NMethod: io.sirix.access.trx.page.NodePageTrx.prepareRecordPage (0x00007cb632ceb708) [0x00007cb632ceb800, 0x00007cb632cec388] 
[4,257s][debug][gc,nmethod     ] GC(1) O: Purge NMethod: io.sirix.node.xml.ElementNode.getChildCount (0x00007cb613b70388) [0x00007cb613b70480, 0x00007cb613b73e88] 
[4,257s][debug][gc,nmethod     ] GC(1) O: Purge NMethod: java.util.BitSet.and (0x00007cb613b18088) [0x00007cb613b18180, 0x00007cb613b185d0] 
[4,257s][debug][gc,nmethod     ] GC(1) O: Purge NMethod: io.sirix.node.xml.AttributeNode.<init> (0x00007cb613d68b08) [0x00007cb613d68c00, 0x00007cb613d69270] 
[4,257s][debug][gc,nmethod     ] GC(1) O: Purge NMethod: io.sirix.access.trx.node.xml.XmlNodeReadOnlyTrxImpl.getResourceSession (0x00007cb613bb7b08) [0x00007cb613bb7c00, 0x00007cb613bb8278] 
[4,257s][debug][gc,nmethod     ] GC(1) O: Purge NMethod: jdk.internal.foreign.AbstractMemorySegmentImpl.isAlignedForElement (0x00007cb6137cb188) [0x00007cb6137cb280, 0x00007cb6137cbc40] 
[4,257s][debug][gc,nmethod     ] GC(1) O: Purge NMethod: io.sirix.access.trx.page.NodePageTrx$$Lambda/0x000000002628d158.apply (0x00007cb614001988) [0x00007cb614001a80, 0x00007cb614001e48] 
[4,257s][debug][gc,nmethod     ] GC(1) O: Purge NMethod: jdk.internal.foreign.AbstractMemorySegmentImpl$$Lambda/0x000000002625f620.apply (0x00007cb613f31488) [0x00007cb613f31580, 0x00007cb613f31700] 
[4,257s][debug][gc,nmethod     ] GC(1) O: Purge NMethod: java.lang.String.concat (0x00007cb6134d4b08) [0x00007cb6134d4c00, 0x00007cb6134d6f00] 
[4,257s][debug][gc,nmethod     ] GC(1) O: Purge NMethod: io.sirix.node.immutable.xml.ImmutableElement.getPathNodeKey (0x00007cb613c84d08) [0x00007cb613c84e00, 0x00007cb613c8a048] 
[4,257s][debug][gc,nmethod     ] GC(1) O: Purge NMethod: io.sirix.access.trx.node.xml.XmlDeweyIDManager.newAttributeID (0x00007cb613d5e508) [0x00007cb613d5e600, 0x00007cb613d62828] 
[4,257s][debug][gc,nmethod     ] GC(1) O: Purge NMethod: io.sirix.query.node.XmlDBNode.<init> (0x00007cb614087788) [0x00007cb614087880, 0x00007cb614089110] 
[4,257s][debug][gc,nmethod     ] GC(1) O: Purge NMethod: com.sun.org.apache.xerces.internal.impl.XMLDocumentFragmentScannerImpl.getCharacterData (0x00007cb613c1c288) [0x00007cb613c1c380, 0x00007cb613c1c548] 
[4,257s][debug][gc,nmethod     ] GC(1) O: Purge NMethod: com.google.common.base.Preconditions.checkArgument (0x00007cb613ac7f88) [0x00007cb613ac8080, 0x00007cb613ac8500] 
[4,257s][debug][gc,nmethod     ] GC(1) O: Purge NMethod: org.gradle.internal.io.LineBufferingOutputStream.write (0x00007cb613a00888) [0x00007cb613a00980, 0x00007cb613a02168] 
[4,257s][debug][gc,nmethod     ] GC(1) O: Purge NMethod: jdk.internal.foreign.Utils.alignUp (0x00007cb613b78988) [0x00007cb613b78a80, 0x00007cb613b78b78] 
[4,257s][debug][gc,nmethod     ] GC(1) O: Purge NMethod: jdk.internal.foreign.AbstractMemorySegmentImpl.asSlice (0x00007cb632ca1488) [0x00007cb632ca1580, 0x00007cb632ca1768] 
[4,257s][debug][gc,nmethod     ] GC(1) O: Purge NMethod: io.sirix.node.xml.ElementNode.setFirstChildKey (0x00007cb613cf4788) [0x00007cb613cf4880, 0x00007cb613cf99a8] 
[4,257s][debug][gc,nmethod     ] GC(1) O: Purge NMethod: jdk.internal.foreign.layout.MemoryLayoutUtil.requireByteSizeValid (0x00007cb613ea0e08) [0x00007cb613ea0f00, 0x00007cb613ea1c68] 
[4,257s][debug][gc,nmethod     ] GC(1) O: Purge NMethod: io.sirix.axis.pathsummary.AbstractAxis.hasNext (0x00007cb614020888) [0x00007cb614020980, 0x00007cb614021028] 
[4,257s][debug][gc,nmethod     ] GC(1) O: Purge NMethod: io.sirix.node.GrowingMemorySegment.write (0x00007cb613b9ac88) [0x00007cb613b9ad80, 0x00007cb613ba0930] 
[4,257s][debug][gc,nmethod     ] GC(1) O: Purge NMethod: jdk.internal.classfile.impl.StackMapGenerator$Frame.checkStack (0x00007cb6134f6508) [0x00007cb6134f6600, 0x00007cb6134f7248] 
[4,257s][debug][gc,nmethod     ] GC(1) O: Purge NMethod: io.sirix.cache.LinuxMemorySegmentAllocator.partitionVirtualRegion (0x00007cb61378c108) [0x00007cb61378c200, 0x00007cb61378d180] 
[4,257s][debug][gc,nmethod     ] GC(1) O: Purge NMethod: io.sirix.node.SirixDeweyID.newBetween (0x00007cb613c22208) [0x00007cb613c22300, 0x00007cb613c25518] 
[4,257s][debug][gc,nmethod     ] GC(1) O: Purge NMethod: io.sirix.utils.XMLToken.ncName (0x00007cb632d19808) [0x00007cb632d19900, 0x00007cb632d19c58] 
[4,257s][debug][gc,nmethod     ] GC(1) O: Purge NMethod: io.sirix.access.trx.page.NodePageReadOnlyTrx.getValue (0x00007cb632cdb608) [0x00007cb632cdb700, 0x00007cb632cdb8a0] 
[4,257s][debug][gc,nmethod     ] GC(1) O: Purge NMethod: io.sirix.query.node.SubtreeProcessor.notifyEndElement (0x00007cb613ccf688) [0x00007cb613ccf780, 0x00007cb613cd01e0] 
[4,257s][debug][gc,nmethod     ] GC(1) O: Purge NMethod: java.util.BitSet.and (0x00007cb632d37608) [0x00007cb632d37740, 0x00007cb632d37c60] 
[4,257s][debug][gc,nmethod     ] GC(1) O: Purge NMethod: io.sirix.query.node.SubtreeBuilder.text (0x00007cb613c30c88) [0x00007cb613c30d80, 0x00007cb613c31718] 
[4,257s][debug][gc,nmethod     ] GC(1) O: Purge NMethod: com.sun.org.apache.xerces.internal.impl.XMLEntityScanner.scanContent (0x00007cb613ddd688) [0x00007cb613ddd780, 0x00007cb613dde6f8] 
[4,257s][debug][gc,nmethod     ] GC(1) O: Purge NMethod: io.sirix.node.xml.AttributeNode.getParentKey (0x00007cb613c42008) [0x00007cb613c42100, 0x00007cb613c470e8] 
[4,257s][debug][gc,nmethod     ] GC(1) O: Purge NMethod: it.unimi.dsi.fastutil.shorts.ShortArrayList$1.nextShort (0x00007cb613fe6d88) [0x00007cb613fe6e80, 0x00007cb613fe71d8] 
[4,257s][debug][gc,nmethod     ] GC(1) O: Purge NMethod: java.util.HashMap.computeIfAbsent (0x00007cb61352ee08) [0x00007cb61352ef00, 0x00007cb613531708] 
[4,257s][debug][gc,nmethod     ] GC(1) O: Purge NMethod: io.sirix.access.trx.node.AbstractNodeReadOnlyTrx.getNodeKey (0x00007cb632cf5808) [0x00007cb632cf5900, 0x00007cb632cf5a50] 
[4,257s][debug][gc,nmethod     ] GC(1) O: Purge NMethod: io.sirix.access.trx.node.xml.XmlNodeTrxImpl.insertTextAsFirstChild (0x00007cb613cfd488) [0x00007cb613cfd580, 0x00007cb613d05540] 
[4,257s][debug][gc,nmethod     ] GC(1) O: Purge NMethod: io.sirix.node.xml.ElementNode.getDescendantCount (0x00007cb613af6c88) [0x00007cb613af6d80, 0x00007cb613afa5f8] 
[4,257s][debug][gc,nmethod     ] GC(1) O: Purge NMethod: io.sirix.access.trx.node.AbstractNodeReadOnlyTrx.moveTo (0x00007cb613adae88) [0x00007cb613adaf80, 0x00007cb613adcaf8] 
[4,257s][debug][gc,nmethod     ] GC(1) O: Purge NMethod: jdk.internal.foreign.SegmentFactories.allocateNativeSegment (0x00007cb613b79488) [0x00007cb613b79580, 0x00007cb613b79b40] 
[4,257s][debug][gc,nmethod     ] GC(1) O: Purge NMethod: jdk.internal.classfile.impl.TerminalCodeBuilder.setupTopLocal (0x00007cb6136bb308) [0x00007cb6136bb400, 0x00007cb6136bd988] 
[4,257s][debug][gc,nmethod     ] GC(1) O: Purge NMethod: io.sirix.index.path.summary.PathSummaryReader.moveTo (0x00007cb613b1f288) [0x00007cb613b1f380, 0x00007cb613b20088] 
[4,257s][debug][gc,nmethod     ] GC(1) O: Purge NMethod: io.sirix.node.xml.ElementNode.computeHash (0x00007cb613d16b08) [0x00007cb613d16c00, 0x00007cb613d46248] 
[4,257s][debug][gc,nmethod     ] GC(1) O: Purge NMethod: io.sirix.access.trx.node.xml.XmlNodeFactoryImpl.createPathNode (0x00007cb613dcc688) [0x00007cb613dcc780, 0x00007cb613dcf8f8] 
[4,257s][debug][gc,nmethod     ] GC(1) O: Purge NMethod: io.sirix.node.MemorySegmentBytesOut.<init> (0x00007cb613e2c988) [0x00007cb613e2ca80, 0x00007cb613e2cd08] 
