[0.006s][debug][gc,heap] Minimum heap 5368709120  Initial heap 5368709120  Maximum heap 12884901888
[0.006s][info ][gc,init] Initializing The Z Garbage Collector
[0.006s][info ][gc,init] Version: 25+37-LTS-jvmci-b01 (release)
[0.006s][info ][gc,init] NUMA Support: Disabled
[0.006s][info ][gc,init] CPUs: 20 total, 20 available
[0.006s][info ][gc,init] Memory: 31764M
[0.006s][info ][gc,init] Large Page Support: Disabled
[0.006s][info ][gc,init] Address Space Size: unlimited
[0.006s][debug][gc,init] Reserved Space: limit 4096G, desired 192G, requested 192G
[0.006s][info ][gc,init] Reserved Space Type: Contiguous/Unrestricted/Complete
[0.006s][info ][gc,init] Reserved Space Size: 192G
[0.006s][info ][gc,init] Heap Backing File: /memfd:java_heap
[0.006s][info ][gc,init] Heap Backing Filesystem: tmpfs (0x1021994)
[0.006s][info ][gc,init] Min Capacity: 5120M
[0.006s][info ][gc,init] Initial Capacity: 5120M
[0.006s][info ][gc,init] Max Capacity: 12288M
[0.006s][info ][gc,init] Soft Max Capacity: 12288M
[0.006s][info ][gc,init] Page Size Medium: Range [4M, 32M]
[0.006s][info ][gc,init] Pre-touch: Enabled
[0.006s][info ][gc,init] Available space on backing filesystem: N/A
[0.007s][info ][gc,init] Uncommit: Enabled
[0.007s][info ][gc,init] Uncommit Delay: 300s
[0.007s][info ][gc,init] GC Workers for Old Generation: 5 (dynamic)
[0.007s][info ][gc,init] GC Workers for Young Generation: 5 (dynamic)
[0.735s][debug][gc,task] Executing ZPreTouchTask using ZWorkerOld with 5 workers
[1.005s][info ][gc,init] GC Workers Max: 5 (dynamic)
[1.006s][info ][gc,init] Runtime Workers: 12
[1.006s][info ][gc     ] Using The Z Garbage Collector
[1.006s][info ][gc,metaspace] CDS archive(s) not mapped
[1.007s][info ][gc,metaspace] Compressed class space mapped at: 0x0000000092000000-0x00000000d2000000, reserved size: 1073741824
[1.007s][info ][gc,metaspace] UseCompressedClassPointers 1, UseCompactObjectHeaders 0
[1.007s][info ][gc,metaspace] Narrow klass pointer bits 32, Max shift 3
[1.007s][info ][gc,metaspace] Narrow klass base: 0x0000000000000000, Narrow klass shift: 0
[1.007s][info ][gc,metaspace] Encoding Range: [0x0000000000000000 - 0x0000000100000000), (4294967296 bytes)
[1.007s][info ][gc,metaspace] Klass Range:    [0x0000000092000000 - 0x00000000d2000000), (1073741824 bytes)
[1.007s][info ][gc,metaspace] Klass ID Range:  [2449473536 - 3523215353) (1073741817)
[1.007s][info ][gc,metaspace] No protection zone.
[1,021s][debug][gc,heap     ] Uncommitter (0) Timeout: 300000ms
[1,022s][debug][gc,nmethod  ] Register NMethod: jdk.internal.util.ArraysSupport.unsignedHashCode (0x000078e2df400008) [0x000078e2df400100, 0x000078e2df400310] Compiler: c1, Barriers: 0, Oops: 0, ImmediateOops: 0, NonImmediateOops: No
[1,022s][debug][gc,nmethod  ] Rebuilding NMethod Table: 0->1024 entries, 0(0%->0%) registered, 0(0%->0%) unregistered
[1,022s][debug][gc,nmethod  ] Register NMethod: java.lang.Object.<init> (0x000078e2df400388) [0x000078e2df400480, 0x000078e2df400580] Compiler: c1, Barriers: 0, Oops: 0, ImmediateOops: 0, NonImmediateOops: No
[1,022s][debug][gc,nmethod  ] Register NMethod: java.lang.Byte.toUnsignedInt (0x000078e2df400688) [0x000078e2df400780, 0x000078e2df400868] Compiler: c1, Barriers: 0, Oops: 0, ImmediateOops: 0, NonImmediateOops: No
[1,022s][debug][gc,nmethod  ] Register NMethod: java.lang.String.hashCode (0x000078e2df400988) [0x000078e2df400a80, 0x000078e2df401028] Compiler: c1, Barriers: 2, Oops: 0, ImmediateOops: 0, NonImmediateOops: No
[1,023s][debug][gc,nmethod  ] Register NMethod: jdk.internal.misc.Unsafe.getReferenceVolatile (0x000078e2febe5008) [0x000078e2febe5100, 0x000078e2febe5430] Compiler: , Barriers: 0, Oops: 0, ImmediateOops: 0, NonImmediateOops: No
[1,025s][debug][gc,nmethod  ] Register NMethod: java.util.ImmutableCollections$SetN.probe (0x000078e2df401088) [0x000078e2df401180, 0x000078e2df4019a8] Compiler: c1, Barriers: 4, Oops: 0, ImmediateOops: 0, NonImmediateOops: No
[1,025s][debug][gc,nmethod  ] Register NMethod: java.lang.StringLatin1.equals (0x000078e2df401a08) [0x000078e2df401b00, 0x000078e2df401d68] Compiler: c1, Barriers: 0, Oops: 0, ImmediateOops: 0, NonImmediateOops: No
[1,025s][debug][gc,nmethod  ] Register NMethod: java.lang.Math.floorMod (0x000078e2df401d88) [0x000078e2df401e80, 0x000078e2df402010] Compiler: c1, Barriers: 0, Oops: 0, ImmediateOops: 0, NonImmediateOops: No
[1,026s][debug][gc,nmethod  ] Register NMethod: jdk.internal.util.ArraysSupport.hashCodeOfUnsigned (0x000078e2df402088) [0x000078e2df402180, 0x000078e2df4023f8] Compiler: c1, Barriers: 0, Oops: 0, ImmediateOops: 0, NonImmediateOops: No
[1,026s][debug][gc,nmethod  ] Register NMethod: jdk.internal.util.ArraysSupport.vectorizedHashCode (0x000078e2df402408) [0x000078e2df402500, 0x000078e2df404358] Compiler: c1, Barriers: 0, Oops: 1, ImmediateOops: 2, NonImmediateOops: No
[1,027s][debug][gc,nmethod  ] Register NMethod: java.util.Objects.requireNonNull (0x000078e2df404388) [0x000078e2df404480, 0x000078e2df404650] Compiler: c1, Barriers: 0, Oops: 0, ImmediateOops: 0, NonImmediateOops: No
[1,027s][debug][gc,nmethod  ] Register NMethod: java.util.ImmutableCollections$SetN.hashCode (0x000078e2df404688) [0x000078e2df404780, 0x000078e2df404bf0] Compiler: c1, Barriers: 2, Oops: 0, ImmediateOops: 0, NonImmediateOops: No
[1,027s][debug][gc,nmethod  ] Register NMethod: java.lang.module.ModuleDescriptor.modsHashCode (0x000078e2df404c08) [0x000078e2df404d00, 0x000078e2df405ab8] Compiler: c1, Barriers: 1, Oops: 0, ImmediateOops: 0, NonImmediateOops: No
[1,027s][debug][gc,nmethod  ] Register NMethod: java.util.ImmutableCollections$SetN.iterator (0x000078e2df405b08) [0x000078e2df405c00, 0x000078e2df405da0] Compiler: c1, Barriers: 0, Oops: 0, ImmediateOops: 0, NonImmediateOops: No
[1,027s][debug][gc,nmethod  ] Register NMethod: java.lang.String.equals (0x000078e2df405e08) [0x000078e2df405f00, 0x000078e2df4065c0] Compiler: c1, Barriers: 2, Oops: 0, ImmediateOops: 0, NonImmediateOops: No
[1,027s][debug][gc,nmethod  ] Register NMethod: java.util.ImmutableCollections$SetN$SetNIterator.hasNext (0x000078e2df406608) [0x000078e2df406700, 0x000078e2df406850] Compiler: c1, Barriers: 0, Oops: 0, ImmediateOops: 0, NonImmediateOops: No
[1,027s][debug][gc,nmethod  ] Register NMethod: java.util.Objects.equals (0x000078e2df406908) [0x000078e2df406a00, 0x000078e2df406d88] Compiler: c1, Barriers: 0, Oops: 0, ImmediateOops: 0, NonImmediateOops: No
[1,027s][debug][gc,nmethod  ] Register NMethod: java.util.ImmutableCollections$SetN$SetNIterator.<init> (0x000078e2df406e08) [0x000078e2df406f00, 0x000078e2df407280] Compiler: c1, Barriers: 4, Oops: 0, ImmediateOops: 0, NonImmediateOops: No
[1,027s][debug][gc,nmethod  ] Register NMethod: java.util.AbstractCollection.<init> (0x000078e2df407288) [0x000078e2df407380, 0x000078e2df4074d8] Compiler: c1, Barriers: 0, Oops: 0, ImmediateOops: 0, NonImmediateOops: No
[1,027s][debug][gc,nmethod  ] Register NMethod: java.util.ImmutableCollections$AbstractImmutableCollection.<init> (0x000078e2df407588) [0x000078e2df407680, 0x000078e2df407838] Compiler: c1, Barriers: 0, Oops: 0, ImmediateOops: 0, NonImmediateOops: No
[1,027s][debug][gc,nmethod  ] Register NMethod: java.util.Set.of (0x000078e2df407888) [0x000078e2df407980, 0x000078e2df407a68] Compiler: c1, Barriers: 0, Oops: 0, ImmediateOops: 1, NonImmediateOops: No
[1,028s][debug][gc,nmethod  ] Register NMethod: java.util.ImmutableCollections$SetN.<init> (0x000078e2df407b88) [0x000078e2df407c80, 0x000078e2df409550] Compiler: c1, Barriers: 8, Oops: 1, ImmediateOops: 3, NonImmediateOops: No
[1,028s][debug][gc,nmethod  ] Register NMethod: java.util.ImmutableCollections$AbstractImmutableSet.<init> (0x000078e2df409588) [0x000078e2df409680, 0x000078e2df409898] Compiler: c1, Barriers: 0, Oops: 0, ImmediateOops: 0, NonImmediateOops: No
[1,028s][debug][gc,nmethod  ] Register NMethod: java.lang.module.ModuleDescriptor$Exports.<init> (0x000078e2df409908) [0x000078e2df409a00, 0x000078e2df409cc0] Compiler: c1, Barriers: 9, Oops: 0, ImmediateOops: 0, NonImmediateOops: No
[1,028s][debug][gc,nmethod  ] Register NMethod: java.lang.System.arraycopy (0x000078e2febe5488) [0x000078e2febe5580, 0x000078e2febe5700] Compiler: , Barriers: 0, Oops: 0, ImmediateOops: 1, NonImmediateOops: No
[1,028s][debug][gc,nmethod  ] Register NMethod: jdk.internal.module.Builder.newExports (0x000078e2df409d08) [0x000078e2df409e00, 0x000078e2df409f40] Compiler: c1, Barriers: 0, Oops: 0, ImmediateOops: 1, NonImmediateOops: No
[1,028s][debug][gc,nmethod  ] Register NMethod: java.lang.module.ModuleDescriptor$1.newExports (0x000078e2df40a008) [0x000078e2df40a100, 0x000078e2df40a478] Compiler: c1, Barriers: 9, Oops: 0, ImmediateOops: 0, NonImmediateOops: No
[1,028s][debug][gc,nmethod  ] Register NMethod: java.util.Set.of (0x000078e2df40a488) [0x000078e2df40a580, 0x000078e2df40adf0] Compiler: c1, Barriers: 9, Oops: 0, ImmediateOops: 2, NonImmediateOops: No
[1,028s][debug][gc,nmethod  ] Register NMethod: java.lang.module.ModuleDescriptor$Exports.hashCode (0x000078e2df40ae08) [0x000078e2df40af00, 0x000078e2df40b518] Compiler: c1, Barriers: 3, Oops: 0, ImmediateOops: 0, NonImmediateOops: No
[1,028s][debug][gc,nmethod  ] Register NMethod: java.util.ImmutableCollections$ListN.get (0x000078e2df40b588) [0x000078e2df40b680, 0x000078e2df40b808] Compiler: c1, Barriers: 2, Oops: 0, ImmediateOops: 0, NonImmediateOops: No
[1,028s][debug][gc,nmethod  ] Register NMethod: java.lang.String.coder (0x000078e2df40b888) [0x000078e2df40b980, 0x000078e2df40baa8] Compiler: c1, Barriers: 0, Oops: 0, ImmediateOops: 0, NonImmediateOops: No
[1,028s][debug][gc,nmethod  ] Register NMethod: java.util.Objects.hashCode (0x000078e2df40bb88) [0x000078e2df40bc80, 0x000078e2df40bfd0] Compiler: c1, Barriers: 0, Oops: 0, ImmediateOops: 0, NonImmediateOops: No
[1,028s][debug][gc,nmethod  ] Register NMethod: java.lang.module.ModuleDescriptor.name (0x000078e2febe5788) [0x000078e2febe5880, 0x000078e2febe5968] Compiler: c1, Barriers: 1, Oops: 0, ImmediateOops: 0, NonImmediateOops: No
[1,028s][debug][gc,nmethod  ] Register NMethod: java.lang.String.isLatin1 (0x000078e2df40c008) [0x000078e2df40c100, 0x000078e2df40c260] Compiler: c1, Barriers: 0, Oops: 0, ImmediateOops: 0, NonImmediateOops: No
[1,028s][debug][gc,nmethod  ] Register NMethod: java.lang.String.length (0x000078e2df40c308) [0x000078e2df40c400, 0x000078e2df40c780] Compiler: c1, Barriers: 1, Oops: 0, ImmediateOops: 0, NonImmediateOops: No
[1,028s][debug][gc,nmethod  ] Register NMethod: java.lang.module.ModuleDescriptor$Exports.equals (0x000078e2df40c788) [0x000078e2df40c880, 0x000078e2df40d6f8] Compiler: c1, Barriers: 6, Oops: 0, ImmediateOops: 0, NonImmediateOops: No
[1,028s][debug][gc,nmethod  ] Register NMethod: java.lang.StringLatin1.charAt (0x000078e2df40d708) [0x000078e2df40d800, 0x000078e2df40d9c0] Compiler: c1, Barriers: 0, Oops: 1, ImmediateOops: 1, NonImmediateOops: No
[1,028s][debug][gc,nmethod  ] Register NMethod: java.net.URI.hash (0x000078e2df40da08) [0x000078e2df40db00, 0x000078e2df40e0c0] Compiler: c1, Barriers: 0, Oops: 0, ImmediateOops: 0, NonImmediateOops: No
[1,028s][debug][gc,nmethod  ] Register NMethod: java.lang.module.ModuleReference.descriptor (0x000078e2febe5a88) [0x000078e2febe5b80, 0x000078e2febe5c68] Compiler: c1, Barriers: 1, Oops: 0, ImmediateOops: 0, NonImmediateOops: No
[1,028s][debug][gc,nmethod  ] Register NMethod: java.lang.String.charAt (0x000078e2df40e108) [0x000078e2df40e200, 0x000078e2df40e790] Compiler: c1, Barriers: 2, Oops: 1, ImmediateOops: 1, NonImmediateOops: No
[1,028s][debug][gc,nmethod  ] Register NMethod: java.lang.String.checkIndex (0x000078e2df40e808) [0x000078e2df40e900, 0x000078e2df40ea28] Compiler: c1, Barriers: 0, Oops: 1, ImmediateOops: 1, NonImmediateOops: No
[1,028s][debug][gc,nmethod  ] Register NMethod: jdk.internal.util.Preconditions.checkIndex (0x000078e2df40eb08) [0x000078e2df40ec00, 0x000078e2df40ed88] Compiler: c1, Barriers: 0, Oops: 0, ImmediateOops: 0, NonImmediateOops: No
[1,030s][debug][gc,nmethod  ] Register NMethod: java.lang.StringLatin1.indexOfChar (0x000078e2df40ee08) [0x000078e2df40ef00, 0x000078e2df40f100] Compiler: c1, Barriers: 0, Oops: 0, ImmediateOops: 0, NonImmediateOops: No
[1,030s][debug][gc,nmethod  ] Register NMethod: java.lang.Object.getClass (0x000078e2febe5d88) [0x000078e2febe5e80, 0x000078e2febe61a0] Compiler: , Barriers: 0, Oops: 0, ImmediateOops: 0, NonImmediateOops: No
[1,030s][debug][gc,nmethod  ] Register NMethod: java.io.File.getPath (0x000078e2febe6208) [0x000078e2febe6300, 0x000078e2febe63e8] Compiler: c1, Barriers: 1, Oops: 0, ImmediateOops: 0, NonImmediateOops: No
[1,031s][debug][gc,nmethod  ] Register NMethod: jdk.internal.misc.Unsafe.getLong (0x000078e2febe6508) [0x000078e2febe6600, 0x000078e2febe6768] Compiler: , Barriers: 0, Oops: 0, ImmediateOops: 0, NonImmediateOops: No
[1,031s][debug][gc,nmethod  ] Register NMethod: java.lang.String.indexOf (0x000078e2df40f108) [0x000078e2df40f200, 0x000078e2df40f828] Compiler: c1, Barriers: 2, Oops: 0, ImmediateOops: 0, NonImmediateOops: No
[1,031s][debug][gc,director ] Rule Major: Warmup 10%, Used: 6MB, UsedThreshold: 1228MB
[1,031s][debug][gc,nmethod  ] Register NMethod: java.lang.String.startsWith (0x000078e2df40f888) [0x000078e2df40f980, 0x000078e2df410c00] Compiler: c1, Barriers: 2, Oops: 0, ImmediateOops: 0, NonImmediateOops: No
[1,031s][debug][gc,nmethod  ] Register NMethod: java.lang.String.startsWith (0x000078e2df410c08) [0x000078e2df410d00, 0x000078e2df410ff8] Compiler: c1, Barriers: 0, Oops: 0, ImmediateOops: 0, NonImmediateOops: No
[1,031s][debug][gc,nmethod  ] Register NMethod: java.lang.String.isEmpty (0x000078e2df411008) [0x000078e2df411100, 0x000078e2df411288] Compiler: c1, Barriers: 1, Oops: 0, ImmediateOops: 0, NonImmediateOops: No
[1,031s][debug][gc,nmethod  ] Register NMethod: java.lang.StringLatin1.indexOf (0x000078e2df411308) [0x000078e2df411400, 0x000078e2df411888] Compiler: c1, Barriers: 0, Oops: 0, ImmediateOops: 0, NonImmediateOops: No
[1,032s][debug][gc,nmethod  ] Register NMethod: jdk.internal.misc.Unsafe.getInt (0x000078e2febe6808) [0x000078e2febe6900, 0x000078e2febe6a68] Compiler: , Barriers: 0, Oops: 0, ImmediateOops: 0, NonImmediateOops: No
[1,032s][debug][gc,nmethod  ] Register NMethod: java.lang.Object.<init> (0x000078e2febe6b08) [0x000078e2febe6c00, 0x000078e2febe6c80] Compiler: jvmci, Barriers: 0, Oops: 0, ImmediateOops: 0, NonImmediateOops: No
[1,032s][debug][gc,nmethod  ] Register NMethod: java.io.File.getPrefixLength (0x000078e2febe6e08) [0x000078e2febe6f00, 0x000078e2febe6fc0] Compiler: c1, Barriers: 0, Oops: 0, ImmediateOops: 0, NonImmediateOops: No
[1,032s][debug][gc,nmethod  ] Register NMethod: jdk.internal.util.ArraysSupport.mismatch (0x000078e2df411908) [0x000078e2df411a00, 0x000078e2df411de0] Compiler: c1, Barriers: 0, Oops: 0, ImmediateOops: 0, NonImmediateOops: No
[1,032s][debug][gc,nmethod  ] Register NMethod: jdk.internal.misc.Unsafe.getLongUnaligned (0x000078e2df411e08) [0x000078e2df411f00, 0x000078e2df4122b0] Compiler: c1, Barriers: 0, Oops: 0, ImmediateOops: 0, NonImmediateOops: No
[1,033s][debug][gc,nmethod  ] Register NMethod: java.lang.StringLatin1.lastIndexOf (0x000078e2df412308) [0x000078e2df412400, 0x000078e2df4127c8] Compiler: c1, Barriers: 0, Oops: 0, ImmediateOops: 0, NonImmediateOops: No
[1,033s][debug][gc,nmethod  ] Register NMethod: sun.net.www.ParseUtil.firstEncodeIndex (0x000078e2df412808) [0x000078e2df412900, 0x000078e2df4137d8] Compiler: c1, Barriers: 3, Oops: 1, ImmediateOops: 1, NonImmediateOops: No
[1,033s][debug][gc,nmethod  ] Register NMethod: jdk.internal.misc.Unsafe.compareAndSetLong (0x000078e2febe7108) [0x000078e2febe7200, 0x000078e2febe7370] Compiler: , Barriers: 0, Oops: 0, ImmediateOops: 0, NonImmediateOops: No
[1,033s][debug][gc,nmethod  ] Register NMethod: jdk.internal.misc.Unsafe.compareAndSetReference (0x000078e2febe7408) [0x000078e2febe7500, 0x000078e2febe7698] Compiler: , Barriers: 0, Oops: 0, ImmediateOops: 0, NonImmediateOops: No
[1,034s][debug][gc,nmethod  ] Register NMethod: java.util.concurrent.ConcurrentHashMap.spread (0x000078e2df413808) [0x000078e2df413900, 0x000078e2df4139f0] Compiler: c1, Barriers: 0, Oops: 0, ImmediateOops: 0, NonImmediateOops: No
[1,034s][debug][gc,nmethod  ] Register NMethod: jdk.internal.misc.Unsafe.getReferenceAcquire (0x000078e2df413b08) [0x000078e2df413c00, 0x000078e2df413d30] Compiler: c1, Barriers: 1, Oops: 0, ImmediateOops: 0, NonImmediateOops: No
[1,034s][debug][gc,nmethod  ] Register NMethod: java.util.concurrent.ConcurrentHashMap.tabAt (0x000078e2df413e08) [0x000078e2df413f00, 0x000078e2df414448] Compiler: c1, Barriers: 1, Oops: 1, ImmediateOops: 1, NonImmediateOops: No
[1,034s][debug][gc,nmethod  ] Register NMethod: java.util.concurrent.ConcurrentHashMap$Node.<init> (0x000078e2df414488) [0x000078e2df414580, 0x000078e2df4147d0] Compiler: c1, Barriers: 6, Oops: 0, ImmediateOops: 0, NonImmediateOops: No
[1,034s][debug][gc,nmethod  ] Register NMethod: java.util.ImmutableCollections$SetN$SetNIterator.next (0x000078e2df414808) [0x000078e2df414900, 0x000078e2df414c78] Compiler: c1, Barriers: 3, Oops: 0, ImmediateOops: 0, NonImmediateOops: No
[1,035s][debug][gc,nmethod  ] Register NMethod: java.util.concurrent.ConcurrentHashMap.addCount (0x000078e2df414c88) [0x000078e2df414d80, 0x000078e2df415a20] Compiler: c1, Barriers: 4, Oops: 0, ImmediateOops: 0, NonImmediateOops: No
[1,035s][debug][gc,nmethod  ] Register NMethod: java.util.concurrent.ConcurrentHashMap.putVal (0x000078e2df415a88) [0x000078e2df415b80, 0x000078e2df418078] Compiler: c1, Barriers: 28, Oops: 0, ImmediateOops: 1, NonImmediateOops: No
[1,038s][debug][gc,nmethod  ] Register NMethod: java.lang.invoke.MethodHandle.linkToStatic (0x000078e2febe7708) [0x000078e2febe7800, 0x000078e2febe78f0] Compiler: , Barriers: 0, Oops: 0, ImmediateOops: 0, NonImmediateOops: No
[1,038s][debug][gc,nmethod  ] Register NMethod: jdk.internal.util.ArraysSupport.unsignedHashCode (0x000078e2febe7a08) [0x000078e2febe7b20, 0x000078e2febe7d18] Compiler: jvmci, Barriers: 0, Oops: 0, ImmediateOops: 0, NonImmediateOops: No
[1,040s][debug][gc,nmethod  ] Register NMethod: java.lang.Enum.ordinal (0x000078e2febe7d88) [0x000078e2febe7e80, 0x000078e2febe7f40] Compiler: c1, Barriers: 0, Oops: 0, ImmediateOops: 0, NonImmediateOops: No
[1,040s][debug][gc,nmethod  ] Register NMethod: java.lang.String.charAt (0x000078e2febe8088) [0x000078e2febe8180, 0x000078e2febe82b0] Compiler: jvmci, Barriers: 1, Oops: 0, ImmediateOops: 0, NonImmediateOops: No
[1,040s][debug][gc,nmethod  ] Register NMethod: java.lang.Object.hashCode (0x000078e2febe8388) [0x000078e2febe8480, 0x000078e2febe85f0] Compiler: , Barriers: 0, Oops: 0, ImmediateOops: 0, NonImmediateOops: No
[1,040s][debug][gc,nmethod  ] Register NMethod: java.lang.Class.isPrimitive (0x000078e2febe8688) [0x000078e2febe8780, 0x000078e2febe8840] Compiler: c1, Barriers: 0, Oops: 0, ImmediateOops: 0, NonImmediateOops: No
[1,040s][debug][gc,nmethod  ] Register NMethod: java.lang.invoke.MethodHandle.linkToStatic (0x000078e2febe8988) [0x000078e2febe8a80, 0x000078e2febe8b70] Compiler: , Barriers: 0, Oops: 0, ImmediateOops: 0, NonImmediateOops: No
[1,040s][debug][gc,nmethod  ] Register NMethod: java.lang.invoke.MethodHandle.linkToStatic (0x000078e2febe8c88) [0x000078e2febe8d80, 0x000078e2febe8e70] Compiler: , Barriers: 0, Oops: 0, ImmediateOops: 0, NonImmediateOops: No
[1,041s][debug][gc,director ] Rule Major: Warmup 10%, Used: 8MB, UsedThreshold: 1228MB
[1,041s][debug][gc,nmethod  ] Register NMethod: java.lang.invoke.MethodHandle.invokeBasic (0x000078e2febe8f88) [0x000078e2febe9080, 0x000078e2febe9318] Compiler: , Barriers: 0, Oops: 0, ImmediateOops: 0, NonImmediateOops: No
[1,041s][debug][gc,nmethod  ] Register NMethod: java.lang.invoke.MethodHandle.linkToSpecial (0x000078e2febe9388) [0x000078e2febe9480, 0x000078e2febe9578] Compiler: , Barriers: 0, Oops: 0, ImmediateOops: 0, NonImmediateOops: No
[1,042s][debug][gc,nmethod  ] Register NMethod: java.lang.String.hashCode (0x000078e2febe9688) [0x000078e2febe9780, 0x000078e2febe9928] Compiler: jvmci, Barriers: 1, Oops: 0, ImmediateOops: 0, NonImmediateOops: No
[1,044s][debug][gc,nmethod  ] Register NMethod: java.lang.Enum.<init> (0x000078e2df418088) [0x000078e2df418180, 0x000078e2df418358] Compiler: c1, Barriers: 3, Oops: 0, ImmediateOops: 0, NonImmediateOops: No
[1,046s][debug][gc,nmethod  ] Register NMethod: java.lang.invoke.MethodHandle.invokeBasic (0x000078e2febe9988) [0x000078e2febe9a80, 0x000078e2febe9d18] Compiler: , Barriers: 0, Oops: 0, ImmediateOops: 0, NonImmediateOops: No
[1,046s][debug][gc,nmethod  ] Register NMethod: java.lang.invoke.MethodHandle.linkToSpecial (0x000078e2febe9d88) [0x000078e2febe9e80, 0x000078e2febe9f78] Compiler: , Barriers: 0, Oops: 0, ImmediateOops: 0, NonImmediateOops: No
[1,046s][debug][gc,nmethod  ] Register NMethod: jdk.internal.util.StrongReferenceKey.get (0x000078e2febea088) [0x000078e2febea180, 0x000078e2febea268] Compiler: c1, Barriers: 1, Oops: 0, ImmediateOops: 0, NonImmediateOops: No
[1,047s][debug][gc,nmethod  ] Register NMethod: java.lang.invoke.MethodHandle.linkToStatic (0x000078e2febea388) [0x000078e2febea480, 0x000078e2febea578] Compiler: , Barriers: 0, Oops: 0, ImmediateOops: 0, NonImmediateOops: No
[1,047s][debug][gc,nmethod  ] Register NMethod: java.lang.Object.clone (0x000078e2febea688) [0x000078e2febea780, 0x000078e2febeaaa0] Compiler: , Barriers: 0, Oops: 0, ImmediateOops: 0, NonImmediateOops: No
[1,047s][debug][gc,nmethod  ] Register NMethod: java.lang.invoke.MethodHandle.linkToStatic (0x000078e2febeab08) [0x000078e2febeac00, 0x000078e2febeacf0] Compiler: , Barriers: 0, Oops: 0, ImmediateOops: 0, NonImmediateOops: No
[1,047s][debug][gc,nmethod  ] Register NMethod: java.lang.Class.getClassLoader (0x000078e2febeae08) [0x000078e2febeaf00, 0x000078e2febeafe8] Compiler: c1, Barriers: 1, Oops: 0, ImmediateOops: 0, NonImmediateOops: No
[1,047s][debug][gc,nmethod  ] Register NMethod: java.lang.invoke.MethodType.returnType (0x000078e2febeb108) [0x000078e2febeb200, 0x000078e2febeb2e8] Compiler: c1, Barriers: 1, Oops: 0, ImmediateOops: 0, NonImmediateOops: No
[1,047s][debug][gc,nmethod  ] Register NMethod: java.lang.invoke.MethodHandle.invokeBasic (0x000078e2febeb408) [0x000078e2febeb500, 0x000078e2febeb798] Compiler: , Barriers: 0, Oops: 0, ImmediateOops: 0, NonImmediateOops: No
[1,047s][debug][gc,nmethod  ] Register NMethod: jdk.internal.classfile.impl.AbstractPoolEntry.index (0x000078e2febeb808) [0x000078e2febeb900, 0x000078e2febeb9c0] Compiler: c1, Barriers: 0, Oops: 0, ImmediateOops: 0, NonImmediateOops: No
[1,047s][debug][gc,nmethod  ] Register NMethod: java.util.concurrent.ConcurrentHashMap.putIfAbsent (0x000078e2df418388) [0x000078e2df418480, 0x000078e2df418780] Compiler: c1, Barriers: 0, Oops: 0, ImmediateOops: 0, NonImmediateOops: No
[1,048s][debug][gc,nmethod  ] Register NMethod: jdk.internal.classfile.impl.SplitConstantPool.size (0x000078e2febebb08) [0x000078e2febebc00, 0x000078e2febebcc0] Compiler: c1, Barriers: 0, Oops: 0, ImmediateOops: 0, NonImmediateOops: No
[1,048s][debug][gc,nmethod  ] Register NMethod: java.lang.invoke.MethodHandle.linkToSpecial (0x000078e2febebe08) [0x000078e2febebf00, 0x000078e2febebff8] Compiler: , Barriers: 0, Oops: 0, ImmediateOops: 0, NonImmediateOops: No
[1,048s][debug][gc,nmethod  ] Register NMethod: java.lang.String.<init> (0x000078e2df418788) [0x000078e2df418880, 0x000078e2df418a58] Compiler: c1, Barriers: 3, Oops: 0, ImmediateOops: 0, NonImmediateOops: No
[1,048s][debug][gc,nmethod  ] Register NMethod: jdk.internal.classfile.impl.AbstractPoolEntry.width (0x000078e2febec108) [0x000078e2febec200, 0x000078e2febec2c0] Compiler: c1, Barriers: 0, Oops: 0, ImmediateOops: 0, NonImmediateOops: No
[1,048s][debug][gc,nmethod  ] Register NMethod: java.lang.Math.min (0x000078e2df418a88) [0x000078e2df418b80, 0x000078e2df418ca8] Compiler: c1, Barriers: 0, Oops: 0, ImmediateOops: 0, NonImmediateOops: No
[1,048s][debug][gc,nmethod  ] Register NMethod: java.lang.String.getBytes (0x000078e2df418d88) [0x000078e2df418e80, 0x000078e2df419388] Compiler: c1, Barriers: 2, Oops: 0, ImmediateOops: 0, NonImmediateOops: No
[1,048s][debug][gc,nmethod  ] Register NMethod: java.lang.ref.ReferenceQueue.poll (0x000078e2df419408) [0x000078e2df419500, 0x000078e2df419920] Compiler: c1, Barriers: 2, Oops: 0, ImmediateOops: 0, NonImmediateOops: No
[1,048s][debug][gc,nmethod  ] Register NMethod: java.lang.invoke.MethodHandle.linkToStatic (0x000078e2febec408) [0x000078e2febec500, 0x000078e2febec5f0] Compiler: , Barriers: 0, Oops: 0, ImmediateOops: 0, NonImmediateOops: No
[1,048s][debug][gc,nmethod  ] Register NMethod: jdk.internal.util.ReferencedKeyMap.removeStaleReferences (0x000078e2df419988) [0x000078e2df419a80, 0x000078e2df41a0a0] Compiler: c1, Barriers: 2, Oops: 0, ImmediateOops: 0, NonImmediateOops: No
[1,049s][debug][gc,nmethod  ] Register NMethod: java.lang.invoke.MethodHandle.linkToSpecial (0x000078e2febec708) [0x000078e2febec800, 0x000078e2febec8f8] Compiler: , Barriers: 0, Oops: 0, ImmediateOops: 0, NonImmediateOops: No
[1,049s][debug][gc,nmethod  ] Register NMethod: jdk.internal.classfile.impl.BufWriterImpl.reserveSpace (0x000078e2df41a108) [0x000078e2df41a200, 0x000078e2df41a518] Compiler: c1, Barriers: 4, Oops: 0, ImmediateOops: 0, NonImmediateOops: No
[1,049s][debug][gc,nmethod  ] Register NMethod: java.lang.invoke.MemberName.getDeclaringClass (0x000078e2febeca08) [0x000078e2febecb00, 0x000078e2febecbe8] Compiler: c1, Barriers: 1, Oops: 0, ImmediateOops: 0, NonImmediateOops: No
[1,049s][debug][gc,nmethod  ] Register NMethod: jdk.internal.classfile.impl.RawBytecodeHelper.bci (0x000078e2febecd08) [0x000078e2febece00, 0x000078e2febecec0] Compiler: c1, Barriers: 0, Oops: 0, ImmediateOops: 0, NonImmediateOops: No
[1,049s][debug][gc,nmethod  ] Register NMethod: jdk.internal.classfile.impl.SplitConstantPool.map (0x000078e2df41a588) [0x000078e2df41a6a0, 0x000078e2df41bda0] Compiler: c1, Barriers: 9, Oops: 0, ImmediateOops: 0, NonImmediateOops: No
[1,050s][debug][gc,nmethod  ] Register NMethod: java.lang.String.isLatin1 (0x000078e2febed008) [0x000078e2febed100, 0x000078e2febed1c0] Compiler: jvmci, Barriers: 0, Oops: 0, ImmediateOops: 0, NonImmediateOops: No
[1,050s][debug][gc,nmethod  ] Register NMethod: java.lang.invoke.MethodType.hashCode (0x000078e2df41be08) [0x000078e2df41bf00, 0x000078e2df41c580] Compiler: c1, Barriers: 3, Oops: 0, ImmediateOops: 0, NonImmediateOops: No
[1,050s][debug][gc,nmethod  ] Register NMethod: java.lang.invoke.MemberName.isInvocable (0x000078e2df41c588) [0x000078e2df41c680, 0x000078e2df41c838] Compiler: c1, Barriers: 0, Oops: 0, ImmediateOops: 0, NonImmediateOops: No
[1,050s][debug][gc,nmethod  ] Register NMethod: java.util.concurrent.ConcurrentHashMap.get (0x000078e2df41c888) [0x000078e2df41c980, 0x000078e2df41d998] Compiler: c1, Barriers: 7, Oops: 0, ImmediateOops: 0, NonImmediateOops: No
[1,050s][debug][gc,nmethod  ] Register NMethod: java.lang.invoke.MemberName.anyFlagSet (0x000078e2df41da08) [0x000078e2df41db00, 0x000078e2df41dc50] Compiler: c1, Barriers: 0, Oops: 0, ImmediateOops: 0, NonImmediateOops: No
[1,050s][debug][gc,nmethod  ] Register NMethod: jdk.internal.util.StrongReferenceKey.<init> (0x000078e2df41dd08) [0x000078e2df41de00, 0x000078e2df41dfd0] Compiler: c1, Barriers: 3, Oops: 0, ImmediateOops: 0, NonImmediateOops: No
[1,050s][debug][gc,nmethod  ] Register NMethod: jdk.internal.util.ReferencedKeyMap.lookupKey (0x000078e2df41e008) [0x000078e2df41e100, 0x000078e2df41e388] Compiler: c1, Barriers: 3, Oops: 0, ImmediateOops: 0, NonImmediateOops: No
[1,050s][debug][gc,nmethod  ] Register NMethod: jdk.internal.util.StrongReferenceKey.hashCode (0x000078e2df41e408) [0x000078e2df41e500, 0x000078e2df41ea10] Compiler: c1, Barriers: 1, Oops: 0, ImmediateOops: 0, NonImmediateOops: No
[1,050s][debug][gc,nmethod  ] Register NMethod: java.lang.StringLatin1.hashCode (0x000078e2df41ea88) [0x000078e2df41eb80, 0x000078e2df41eca8] Compiler: c1, Barriers: 0, Oops: 0, ImmediateOops: 0, NonImmediateOops: No
[1,050s][debug][gc,nmethod  ] Register NMethod: jdk.internal.classfile.impl.AbstractPoolEntry.constantPool (0x000078e2febed308) [0x000078e2febed400, 0x000078e2febed4e8] Compiler: c1, Barriers: 1, Oops: 0, ImmediateOops: 0, NonImmediateOops: No
[1,050s][debug][gc,nmethod  ] Register NMethod: java.lang.invoke.MethodHandle.linkToInterface (0x000078e2febed608) [0x000078e2febed700, 0x000078e2febed830] Compiler: , Barriers: 0, Oops: 0, ImmediateOops: 0, NonImmediateOops: No
[1,051s][debug][gc,nmethod  ] Register NMethod: java.lang.Class.isArray (0x000078e2df41ed88) [0x000078e2df41ee80, 0x000078e2df41f000] Compiler: c1, Barriers: 1, Oops: 0, ImmediateOops: 0, NonImmediateOops: No
[1,051s][debug][gc,nmethod  ] Register NMethod: jdk.internal.util.Preconditions.checkFromToIndex (0x000078e2df41f088) [0x000078e2df41f180, 0x000078e2df41f338] Compiler: c1, Barriers: 0, Oops: 0, ImmediateOops: 0, NonImmediateOops: No
[1,051s][debug][gc,nmethod  ] Register NMethod: java.lang.String.checkBoundsBeginEnd (0x000078e2df41f388) [0x000078e2df41f480, 0x000078e2df41f698] Compiler: c1, Barriers: 0, Oops: 1, ImmediateOops: 1, NonImmediateOops: No
[1,051s][debug][gc,director ] Rule Major: Warmup 10%, Used: 8MB, UsedThreshold: 1228MB
[1,051s][debug][gc,nmethod  ] Register NMethod: java.lang.String.hashCode (0x000078e2df41f708) [0x000078e2df41f800, 0x000078e2df41fda8] Compiler: c1, Barriers: 2, Oops: 0, ImmediateOops: 0, NonImmediateOops: No
[1,051s][debug][gc,nmethod  ] Register NMethod: java.lang.StringCoding.countNonZeroAsciiLatin1 (0x000078e2df41fe08) [0x000078e2df41ff00, 0x000078e2df420108] Compiler: c1, Barriers: 0, Oops: 0, ImmediateOops: 0, NonImmediateOops: No
[1,051s][debug][gc,nmethod  ] Register NMethod: java.lang.invoke.MethodHandle.linkToStatic (0x000078e2febed908) [0x000078e2febeda00, 0x000078e2febedaf0] Compiler: , Barriers: 0, Oops: 0, ImmediateOops: 0, NonImmediateOops: No
[1,051s][debug][gc,nmethod  ] Register NMethod: jdk.internal.classfile.impl.AbstractPoolEntry.hashString (0x000078e2df420188) [0x000078e2df420280, 0x000078e2df420368] Compiler: c1, Barriers: 0, Oops: 0, ImmediateOops: 0, NonImmediateOops: No
[1,051s][debug][gc,nmethod  ] Register NMethod: jdk.internal.classfile.impl.BufWriterImpl.size (0x000078e2febedc08) [0x000078e2febedd00, 0x000078e2febeddc0] Compiler: c1, Barriers: 0, Oops: 0, ImmediateOops: 0, NonImmediateOops: No
[1,051s][debug][gc,nmethod  ] Register NMethod: java.lang.String.coder (0x000078e2febedf08) [0x000078e2febee000, 0x000078e2febee088] Compiler: jvmci, Barriers: 0, Oops: 0, ImmediateOops: 0, NonImmediateOops: No
[1,052s][debug][gc,nmethod  ] Register NMethod: jdk.internal.classfile.impl.SplitConstantPool.entryByIndex (0x000078e2df420488) [0x000078e2df420580, 0x000078e2df422630] Compiler: c1, Barriers: 3, Oops: 2, ImmediateOops: 5, NonImmediateOops: No
[1,052s][debug][gc,nmethod  ] Register NMethod: java.lang.String.value (0x000078e2febee208) [0x000078e2febee300, 0x000078e2febee3e8] Compiler: c1, Barriers: 1, Oops: 0, ImmediateOops: 0, NonImmediateOops: No
[1,052s][debug][gc,nmethod  ] Register NMethod: jdk.internal.classfile.impl.EntryMap.firstToken (0x000078e2df422688) [0x000078e2df422780, 0x000078e2df422c70] Compiler: c1, Barriers: 1, Oops: 0, ImmediateOops: 1, NonImmediateOops: No
[1,052s][debug][gc,nmethod  ] Register NMethod: java.lang.invoke.MethodType.form (0x000078e2febee508) [0x000078e2febee600, 0x000078e2febee6e8] Compiler: c1, Barriers: 1, Oops: 0, ImmediateOops: 0, NonImmediateOops: No
[1,052s][debug][gc,nmethod  ] Register NMethod: java.lang.invoke.MethodHandle.linkToSpecial (0x000078e2febee808) [0x000078e2febee900, 0x000078e2febee9f8] Compiler: , Barriers: 0, Oops: 0, ImmediateOops: 0, NonImmediateOops: No
[1,052s][debug][gc,nmethod  ] Register NMethod: java.util.Objects.requireNonNull (0x000078e2df422c88) [0x000078e2df422d80, 0x000078e2df422f58] Compiler: c1, Barriers: 0, Oops: 0, ImmediateOops: 0, NonImmediateOops: No
[1,052s][debug][gc,nmethod  ] Register NMethod: jdk.internal.classfile.impl.AbstractPoolEntry.<init> (0x000078e2df422f88) [0x000078e2df423080, 0x000078e2df423258] Compiler: c1, Barriers: 3, Oops: 0, ImmediateOops: 0, NonImmediateOops: No
[1,053s][debug][gc,nmethod  ] Register NMethod: jdk.internal.constant.ClassOrInterfaceDescImpl.descriptorString (0x000078e2febeeb08) [0x000078e2febeec00, 0x000078e2febeece8] Compiler: c1, Barriers: 1, Oops: 0, ImmediateOops: 0, NonImmediateOops: No
[1,053s][debug][gc,nmethod  ] Register NMethod: jdk.internal.util.ReferencedKeyMap.get (0x000078e2df423288) [0x000078e2df423380, 0x000078e2df4241a8] Compiler: c1, Barriers: 6, Oops: 1, ImmediateOops: 1, NonImmediateOops: No
[1,053s][debug][gc,nmethod  ] Register NMethod: jdk.internal.util.ReferencedKeyMap.getNoCheckStale (0x000078e2df424208) [0x000078e2df424300, 0x000078e2df424980] Compiler: c1, Barriers: 4, Oops: 1, ImmediateOops: 1, NonImmediateOops: No
[1,053s][debug][gc,nmethod  ] Register NMethod: java.lang.invoke.MethodType.parameterCount (0x000078e2df424a08) [0x000078e2df424b00, 0x000078e2df424c38] Compiler: c1, Barriers: 1, Oops: 0, ImmediateOops: 0, NonImmediateOops: No
[1,053s][debug][gc,nmethod  ] Register NMethod: java.lang.StringConcatHelper.newArray (0x000078e2df424d08) [0x000078e2df424e00, 0x000078e2df4253d8] Compiler: c1, Barriers: 0, Oops: 0, ImmediateOops: 3, NonImmediateOops: No
[1,053s][debug][gc,nmethod  ] Register NMethod: jdk.internal.misc.Unsafe.allocateUninitializedArray (0x000078e2df425408) [0x000078e2df425500, 0x000078e2df425ac8] Compiler: c1, Barriers: 0, Oops: 0, ImmediateOops: 3, NonImmediateOops: No
[1,053s][debug][gc,nmethod  ] Register NMethod: jdk.internal.classfile.impl.SplitConstantPool.internalAdd (0x000078e2df425b08) [0x000078e2df425c00, 0x000078e2df425f58] Compiler: c1, Barriers: 0, Oops: 0, ImmediateOops: 0, NonImmediateOops: No
[1,053s][debug][gc,nmethod  ] Register NMethod: jdk.internal.misc.Unsafe.allocateUninitializedArray0 (0x000078e2df425f88) [0x000078e2df426080, 0x000078e2df4268a0] Compiler: c1, Barriers: 0, Oops: 0, ImmediateOops: 8, NonImmediateOops: No
[1,053s][debug][gc,nmethod  ] Register NMethod: java.util.HashMap.hash (0x000078e2df426908) [0x000078e2df426a00, 0x000078e2df426d38] Compiler: c1, Barriers: 0, Oops: 0, ImmediateOops: 0, NonImmediateOops: No
[1,053s][debug][gc,nmethod  ] Register NMethod: jdk.internal.classfile.impl.SplitConstantPool.internalAdd (0x000078e2df426d88) [0x000078e2df426e80, 0x000078e2df427c68] Compiler: c1, Barriers: 8, Oops: 0, ImmediateOops: 1, NonImmediateOops: No
[1,053s][debug][gc,nmethod  ] Register NMethod: java.util.stream.FindOps$FindSink.cancellationRequested (0x000078e2febeee08) [0x000078e2febeef00, 0x000078e2febeefc0] Compiler: c1, Barriers: 0, Oops: 0, ImmediateOops: 0, NonImmediateOops: No
[1,053s][debug][gc,nmethod  ] Register NMethod: jdk.internal.classfile.impl.EntryMap.put (0x000078e2df427c88) [0x000078e2df427d80, 0x000078e2df428450] Compiler: c1, Barriers: 1, Oops: 0, ImmediateOops: 1, NonImmediateOops: No
[1,053s][debug][gc,nmethod  ] Register NMethod: java.util.stream.ReferencePipeline$2$1.accept (0x000078e2df428488) [0x000078e2df428580, 0x000078e2df428b40] Compiler: c1, Barriers: 2, Oops: 0, ImmediateOops: 0, NonImmediateOops: No
[1,053s][debug][gc,nmethod  ] Register NMethod: java.util.stream.Sink$ChainedReference.cancellationRequested (0x000078e2df428b88) [0x000078e2df428c80, 0x000078e2df428fc8] Compiler: c1, Barriers: 1, Oops: 0, ImmediateOops: 0, NonImmediateOops: No
[1,054s][debug][gc,nmethod  ] Register NMethod: java.lang.module.ModuleDescriptor$Exports.isQualified (0x000078e2df429008) [0x000078e2df429100, 0x000078e2df429490] Compiler: c1, Barriers: 1, Oops: 0, ImmediateOops: 0, NonImmediateOops: No
[1,054s][debug][gc,nmethod  ] Register NMethod: java.util.ImmutableCollections$SetN.isEmpty (0x000078e2df429508) [0x000078e2df429600, 0x000078e2df429750] Compiler: c1, Barriers: 0, Oops: 0, ImmediateOops: 0, NonImmediateOops: No
[1,054s][debug][gc,nmethod  ] Register NMethod: jdk.internal.module.DefaultRoots.lambda$exportsAPI$0 (0x000078e2df429808) [0x000078e2df429900, 0x000078e2df429ed8] Compiler: c1, Barriers: 1, Oops: 0, ImmediateOops: 0, NonImmediateOops: No
[1,054s][debug][gc,nmethod  ] Register NMethod: jdk.internal.module.DefaultRoots$$Lambda/0x0000000092057da8.test (0x000078e2df429f08) [0x000078e2df42a000, 0x000078e2df42a858] Compiler: c1, Barriers: 1, Oops: 0, ImmediateOops: 0, NonImmediateOops: No
[1,054s][debug][gc,nmethod  ] Register NMethod: java.util.Spliterators$IteratorSpliterator.tryAdvance (0x000078e2df42a888) [0x000078e2df42a980, 0x000078e2df42b7b0] Compiler: c1, Barriers: 8, Oops: 0, ImmediateOops: 0, NonImmediateOops: No
[1,054s][debug][gc,nmethod  ] Register NMethod: java.util.HashMap.afterNodeInsertion (0x000078e2df42b808) [0x000078e2df42b900, 0x000078e2df42ba00] Compiler: c1, Barriers: 0, Oops: 0, ImmediateOops: 0, NonImmediateOops: No
[1,054s][debug][gc,nmethod  ] Register NMethod: java.util.HashMap$Node.<init> (0x000078e2df42bb08) [0x000078e2df42bc00, 0x000078e2df42bec0] Compiler: c1, Barriers: 9, Oops: 0, ImmediateOops: 0, NonImmediateOops: No
[1,054s][debug][gc,nmethod  ] Register NMethod: java.util.HashMap.newNode (0x000078e2df42bf08) [0x000078e2df42c000, 0x000078e2df42c380] Compiler: c1, Barriers: 9, Oops: 0, ImmediateOops: 0, NonImmediateOops: No
[1,054s][debug][gc,nmethod  ] Register NMethod: java.util.HashMap.put (0x000078e2df42c388) [0x000078e2df42c480, 0x000078e2df42ca68] Compiler: c1, Barriers: 0, Oops: 0, ImmediateOops: 0, NonImmediateOops: No
[1,054s][debug][gc,nmethod  ] Register NMethod: java.util.Optional.<init> (0x000078e2df42ca88) [0x000078e2df42cb80, 0x000078e2df42cd50] Compiler: c1, Barriers: 3, Oops: 0, ImmediateOops: 0, NonImmediateOops: No
[1,054s][debug][gc,nmethod  ] Register NMethod: java.util.ImmutableCollections$MapN.get (0x000078e2df42cd88) [0x000078e2df42ce80, 0x000078e2df42d258] Compiler: c1, Barriers: 2, Oops: 0, ImmediateOops: 0, NonImmediateOops: No
[1,054s][debug][gc,nmethod  ] Register NMethod: java.util.ImmutableCollections$Set12$1.hasNext (0x000078e2df42d288) [0x000078e2df42d380, 0x000078e2df42d4d0] Compiler: c1, Barriers: 0, Oops: 0, ImmediateOops: 0, NonImmediateOops: No
[1,054s][debug][gc,nmethod  ] Register NMethod: jdk.internal.module.ModuleReferenceImpl.moduleResolution (0x000078e2febef108) [0x000078e2febef200, 0x000078e2febef2e8] Compiler: c1, Barriers: 1, Oops: 0, ImmediateOops: 0, NonImmediateOops: No
[1,054s][debug][gc,nmethod  ] Register NMethod: java.util.ImmutableCollections$MapN.probe (0x000078e2df42d588) [0x000078e2df42d680, 0x000078e2df42deb0] Compiler: c1, Barriers: 4, Oops: 0, ImmediateOops: 0, NonImmediateOops: No
[1,055s][debug][gc,nmethod  ] Register NMethod: java.util.HashMap.getNode (0x000078e2df42df08) [0x000078e2df42e000, 0x000078e2df42f310] Compiler: c1, Barriers: 6, Oops: 0, ImmediateOops: 0, NonImmediateOops: No
[1,055s][debug][gc,nmethod  ] Register NMethod: java.util.HashSet.add (0x000078e2df42f388) [0x000078e2df42f480, 0x000078e2df42f660] Compiler: c1, Barriers: 1, Oops: 0, ImmediateOops: 1, NonImmediateOops: No
[1,055s][debug][gc,nmethod  ] Register NMethod: java.util.HashMap$HashIterator.hasNext (0x000078e2df42f688) [0x000078e2df42f780, 0x000078e2df42f900] Compiler: c1, Barriers: 1, Oops: 0, ImmediateOops: 0, NonImmediateOops: No
[1,055s][debug][gc,nmethod  ] Register NMethod: java.util.HashMap.putVal (0x000078e2df42f988) [0x000078e2df42fa80, 0x000078e2df431770] Compiler: c1, Barriers: 15, Oops: 0, ImmediateOops: 0, NonImmediateOops: No
[1,055s][debug][gc,nmethod  ] Register NMethod: java.util.HashMap.get (0x000078e2df431788) [0x000078e2df431880, 0x000078e2df431c18] Compiler: c1, Barriers: 1, Oops: 0, ImmediateOops: 0, NonImmediateOops: No
[1,055s][debug][gc,nmethod  ] Register NMethod: java.util.HashMap$HashIterator.nextNode (0x000078e2df431c88) [0x000078e2df431d80, 0x000078e2df432398] Compiler: c1, Barriers: 14, Oops: 0, ImmediateOops: 0, NonImmediateOops: No
[1,055s][debug][gc,nmethod  ] Register NMethod: java.util.Optional.ofNullable (0x000078e2df432408) [0x000078e2df432500, 0x000078e2df4327b8] Compiler: c1, Barriers: 3, Oops: 0, ImmediateOops: 1, NonImmediateOops: No
[1,055s][debug][gc,nmethod  ] Register NMethod: java.lang.module.ModuleDescriptor$Requires.modifiers (0x000078e2febef408) [0x000078e2febef500, 0x000078e2febef5e8] Compiler: c1, Barriers: 1, Oops: 0, ImmediateOops: 0, NonImmediateOops: No
[1,055s][debug][gc,nmethod  ] Register NMethod: java.lang.module.ModuleDescriptor$Requires.name (0x000078e2febef708) [0x000078e2febef800, 0x000078e2febef8e8] Compiler: c1, Barriers: 1, Oops: 0, ImmediateOops: 0, NonImmediateOops: No
[1,055s][debug][gc,nmethod  ] Register NMethod: java.lang.module.Resolver.isTracing (0x000078e2df432808) [0x000078e2df432900, 0x000078e2df432a80] Compiler: c1, Barriers: 1, Oops: 0, ImmediateOops: 0, NonImmediateOops: No
[1,055s][debug][gc,nmethod  ] Register NMethod: jdk.internal.module.SystemModuleFinders$SystemModuleFinder.find (0x000078e2df432b08) [0x000078e2df432c00, 0x000078e2df4334d0] Compiler: c1, Barriers: 4, Oops: 0, ImmediateOops: 1, NonImmediateOops: No
[1,055s][debug][gc,nmethod  ] Register NMethod: java.util.HashMap.containsKey (0x000078e2df433508) [0x000078e2df433600, 0x000078e2df433940] Compiler: c1, Barriers: 0, Oops: 0, ImmediateOops: 0, NonImmediateOops: No
[1,056s][debug][gc,nmethod  ] Register NMethod: java.util.HashMap.get (0x000078e2df433988) [0x000078e2df433a80, 0x000078e2df433e18] Compiler: c1, Barriers: 1, Oops: 0, ImmediateOops: 0, NonImmediateOops: No
[1,056s][debug][gc,nmethod  ] Register NMethod: java.util.HashSet.add (0x000078e2df433e88) [0x000078e2df433f80, 0x000078e2df434310] Compiler: c1, Barriers: 1, Oops: 0, ImmediateOops: 1, NonImmediateOops: No
[1,056s][debug][gc,nmethod  ] Register NMethod: java.util.ImmutableCollections$Set12$1.next (0x000078e2df434388) [0x000078e2df434480, 0x000078e2df4347b0] Compiler: c1, Barriers: 4, Oops: 0, ImmediateOops: 0, NonImmediateOops: No
[1,056s][debug][gc,nmethod  ] Register NMethod: java.util.HashMap.put (0x000078e2df434808) [0x000078e2df434900, 0x000078e2df434ee8] Compiler: c1, Barriers: 0, Oops: 0, ImmediateOops: 0, NonImmediateOops: No
[1,056s][debug][gc,nmethod  ] Register NMethod: java.util.HashMap$KeyIterator.next (0x000078e2df434f08) [0x000078e2df435000, 0x000078e2df435330] Compiler: c1, Barriers: 1, Oops: 0, ImmediateOops: 0, NonImmediateOops: No
[1,056s][debug][gc,nmethod  ] Register NMethod: java.lang.module.ModuleDescriptor.hashCode (0x000078e2df435388) [0x000078e2df435480, 0x000078e2df436cf8] Compiler: c1, Barriers: 12, Oops: 0, ImmediateOops: 0, NonImmediateOops: No
[1,056s][debug][gc,nmethod  ] Register NMethod: java.lang.module.ModuleDescriptor.requires (0x000078e2febefa08) [0x000078e2febefb00, 0x000078e2febefbe8] Compiler: c1, Barriers: 1, Oops: 0, ImmediateOops: 0, NonImmediateOops: No
[1,056s][debug][gc,nmethod  ] Register NMethod: java.util.HashMap.putVal (0x000078e2df436d08) [0x000078e2df436e00, 0x000078e2df439190] Compiler: c1, Barriers: 15, Oops: 0, ImmediateOops: 0, NonImmediateOops: No
[1,056s][debug][gc,nmethod  ] Register NMethod: java.util.ImmutableCollections$SetN.contains (0x000078e2df439208) [0x000078e2df439300, 0x000078e2df439600] Compiler: c1, Barriers: 0, Oops: 0, ImmediateOops: 0, NonImmediateOops: No
[1,056s][debug][gc,nmethod  ] Register NMethod: jdk.internal.module.ModuleReferenceImpl.hashCode (0x000078e2df439608) [0x000078e2df439700, 0x000078e2df43a088] Compiler: c1, Barriers: 3, Oops: 0, ImmediateOops: 0, NonImmediateOops: No
[1,056s][debug][gc,nmethod  ] Register NMethod: java.util.ImmutableCollections$Set12.iterator (0x000078e2df43a108) [0x000078e2df43a200, 0x000078e2df43a3a0] Compiler: c1, Barriers: 0, Oops: 0, ImmediateOops: 0, NonImmediateOops: No
[1,056s][debug][gc,nmethod  ] Register NMethod: java.util.AbstractMap.<init> (0x000078e2df43a408) [0x000078e2df43a500, 0x000078e2df43a658] Compiler: c1, Barriers: 0, Oops: 0, ImmediateOops: 0, NonImmediateOops: No
[1,056s][debug][gc,nmethod  ] Register NMethod: java.lang.module.ResolvedModule.hashCode (0x000078e2df43a708) [0x000078e2df43a800, 0x000078e2df43abd0] Compiler: c1, Barriers: 2, Oops: 0, ImmediateOops: 0, NonImmediateOops: No
[1,056s][debug][gc,nmethod  ] Register NMethod: java.util.AbstractSet.<init> (0x000078e2df43ac08) [0x000078e2df43ad00, 0x000078e2df43aeb8] Compiler: c1, Barriers: 0, Oops: 0, ImmediateOops: 0, NonImmediateOops: No
[1,056s][debug][gc,nmethod  ] Register NMethod: java.lang.Object.equals (0x000078e2df43af08) [0x000078e2df43b000, 0x000078e2df43b150] Compiler: c1, Barriers: 0, Oops: 0, ImmediateOops: 0, NonImmediateOops: No
[1,056s][debug][gc,nmethod  ] Register NMethod: java.lang.module.ModuleDescriptor.isAutomatic (0x000078e2febefd08) [0x000078e2febefe00, 0x000078e2febefec0] Compiler: c1, Barriers: 0, Oops: 0, ImmediateOops: 0, NonImmediateOops: No
[1,056s][debug][gc,nmethod  ] Register NMethod: java.util.HashMap$ValueIterator.next (0x000078e2df43b208) [0x000078e2df43b300, 0x000078e2df43b630] Compiler: c1, Barriers: 1, Oops: 0, ImmediateOops: 0, NonImmediateOops: No
[1,056s][debug][gc,nmethod  ] Register NMethod: java.util.ImmutableCollections$Set12$1.<init> (0x000078e2df43b688) [0x000078e2df43b780, 0x000078e2df43bb30] Compiler: c1, Barriers: 4, Oops: 0, ImmediateOops: 1, NonImmediateOops: No
[1,057s][debug][gc,nmethod  ] Register NMethod: java.util.HashSet.contains (0x000078e2df43bb88) [0x000078e2df43bc80, 0x000078e2df43c218] Compiler: c1, Barriers: 1, Oops: 0, ImmediateOops: 0, NonImmediateOops: No
[1,057s][debug][gc,nmethod  ] Register NMethod: java.util.HashMap$Node.getKey (0x000078e2febf0008) [0x000078e2febf0100, 0x000078e2febf01e8] Compiler: c1, Barriers: 1, Oops: 0, ImmediateOops: 0, NonImmediateOops: No
[1,057s][debug][gc,nmethod  ] Register NMethod: java.util.HashMap$Node.getValue (0x000078e2febf0308) [0x000078e2febf0400, 0x000078e2febf04e8] Compiler: c1, Barriers: 1, Oops: 0, ImmediateOops: 0, NonImmediateOops: No
[1,057s][debug][gc,nmethod  ] Register NMethod: java.util.HashMap$HashIterator.<init> (0x000078e2df43c288) [0x000078e2df43c380, 0x000078e2df43c9d0] Compiler: c1, Barriers: 14, Oops: 0, ImmediateOops: 0, NonImmediateOops: No
[1,057s][debug][gc,nmethod  ] Register NMethod: java.util.HashMap.keySet (0x000078e2df43ca08) [0x000078e2df43cb00, 0x000078e2df43cf88] Compiler: c1, Barriers: 7, Oops: 0, ImmediateOops: 0, NonImmediateOops: No
[1,057s][debug][gc,nmethod  ] Register NMethod: java.util.HashMap$KeyIterator.<init> (0x000078e2df43d008) [0x000078e2df43d100, 0x000078e2df43d380] Compiler: c1, Barriers: 0, Oops: 0, ImmediateOops: 0, NonImmediateOops: No
[1,057s][debug][gc,nmethod  ] Register NMethod: java.util.HashMap$KeySet.iterator (0x000078e2df43d388) [0x000078e2df43d480, 0x000078e2df43d800] Compiler: c1, Barriers: 1, Oops: 0, ImmediateOops: 0, NonImmediateOops: No
[1,057s][debug][gc,nmethod  ] Register NMethod: java.util.ImmutableCollections$Set12.isEmpty (0x000078e2febf0608) [0x000078e2febf0700, 0x000078e2febf07c0] Compiler: c1, Barriers: 0, Oops: 0, ImmediateOops: 0, NonImmediateOops: No
[1,057s][debug][gc,nmethod  ] Register NMethod: java.util.HashSet.iterator (0x000078e2df43d808) [0x000078e2df43d900, 0x000078e2df43de48] Compiler: c1, Barriers: 1, Oops: 0, ImmediateOops: 0, NonImmediateOops: No
[1,057s][debug][gc,nmethod  ] Register NMethod: java.lang.module.ModuleDescriptor$Exports.source (0x000078e2febf0908) [0x000078e2febf0a00, 0x000078e2febf0ae8] Compiler: c1, Barriers: 1, Oops: 0, ImmediateOops: 0, NonImmediateOops: No
[1,057s][debug][gc,nmethod  ] Register NMethod: java.util.ImmutableCollections$Set12.contains (0x000078e2df43de88) [0x000078e2df43df80, 0x000078e2df43e588] Compiler: c1, Barriers: 2, Oops: 0, ImmediateOops: 0, NonImmediateOops: No
[1,057s][debug][gc,nmethod  ] Register NMethod: java.lang.module.ModuleDescriptor$Exports.targets (0x000078e2febf0c08) [0x000078e2febf0d00, 0x000078e2febf0de8] Compiler: c1, Barriers: 1, Oops: 0, ImmediateOops: 0, NonImmediateOops: No
[1,057s][debug][gc,nmethod  ] Register NMethod: java.util.Objects.requireNonNull (0x000078e2febf0f08) [0x000078e2febf1000, 0x000078e2febf1098] Compiler: jvmci, Barriers: 0, Oops: 0, ImmediateOops: 0, NonImmediateOops: No
[1,057s][debug][gc,nmethod  ] Register NMethod: java.util.HashMap.putIfAbsent (0x000078e2df43e608) [0x000078e2df43e700, 0x000078e2df43ece8] Compiler: c1, Barriers: 0, Oops: 0, ImmediateOops: 0, NonImmediateOops: No
[1,057s][debug][gc,nmethod  ] Register NMethod: java.util.HashMap.<init> (0x000078e2df43ed08) [0x000078e2df43ee00, 0x000078e2df43efc0] Compiler: c1, Barriers: 0, Oops: 0, ImmediateOops: 0, NonImmediateOops: No
[1,058s][debug][gc,nmethod  ] Register NMethod: java.util.HashMap.resize (0x000078e2df43f008) [0x000078e2df43f120, 0x000078e2df440e00] Compiler: c1, Barriers: 31, Oops: 0, ImmediateOops: 0, NonImmediateOops: No
[1,058s][debug][gc,nmethod  ] Register NMethod: java.util.HashMap.afterNodeInsertion (0x000078e2febf1208) [0x000078e2febf1300, 0x000078e2febf1380] Compiler: jvmci, Barriers: 0, Oops: 0, ImmediateOops: 0, NonImmediateOops: No
[1,058s][debug][gc,nmethod  ] Register NMethod: java.lang.module.ModuleDescriptor.provides (0x000078e2febf1508) [0x000078e2febf1600, 0x000078e2febf16e8] Compiler: c1, Barriers: 1, Oops: 0, ImmediateOops: 0, NonImmediateOops: No
[1,058s][debug][gc,nmethod  ] Register NMethod: java.util.Arrays.copyOfRange (0x000078e2df440e08) [0x000078e2df440f00, 0x000078e2df4421d0] Compiler: c1, Barriers: 0, Oops: 1, ImmediateOops: 2, NonImmediateOops: No
[1,058s][debug][gc,nmethod  ] Register NMethod: java.lang.module.ModuleDescriptor.exports (0x000078e2febf1808) [0x000078e2febf1900, 0x000078e2febf19e8] Compiler: c1, Barriers: 1, Oops: 0, ImmediateOops: 0, NonImmediateOops: No
[1,059s][debug][gc,nmethod  ] Register NMethod: java.lang.module.ModuleDescriptor$Provides.service (0x000078e2febf1b08) [0x000078e2febf1c00, 0x000078e2febf1ce8] Compiler: c1, Barriers: 1, Oops: 0, ImmediateOops: 0, NonImmediateOops: No
[1,059s][debug][gc,nmethod  ] Register NMethod: java.lang.StringLatin1.newString (0x000078e2df442208) [0x000078e2df442300, 0x000078e2df442620] Compiler: c1, Barriers: 3, Oops: 0, ImmediateOops: 1, NonImmediateOops: No
[1,059s][debug][gc,nmethod  ] Register NMethod: java.lang.String.substring (0x000078e2df442688) [0x000078e2df442780, 0x000078e2df4432a0] Compiler: c1, Barriers: 1, Oops: 1, ImmediateOops: 1, NonImmediateOops: No
[1,059s][debug][gc,nmethod  ] Register NMethod: java.lang.module.ModuleDescriptor.uses (0x000078e2febf1e08) [0x000078e2febf1f00, 0x000078e2febf1fe8] Compiler: c1, Barriers: 1, Oops: 0, ImmediateOops: 0, NonImmediateOops: No
[1,059s][debug][gc,nmethod  ] Register NMethod: java.lang.module.ResolvedModule.descriptor (0x000078e2df443308) [0x000078e2df443400, 0x000078e2df443740] Compiler: c1, Barriers: 2, Oops: 0, ImmediateOops: 0, NonImmediateOops: No
[1,059s][debug][gc,nmethod  ] Register NMethod: java.util.ImmutableCollections$SetN$SetNIterator.hasNext (0x000078e2febf2108) [0x000078e2febf2200, 0x000078e2febf2290] Compiler: jvmci, Barriers: 0, Oops: 0, ImmediateOops: 0, NonImmediateOops: No
[1,059s][debug][gc,nmethod  ] Register NMethod: java.util.HashMap$EntryIterator.next (0x000078e2df443788) [0x000078e2df443880, 0x000078e2df443d90] Compiler: c1, Barriers: 0, Oops: 0, ImmediateOops: 0, NonImmediateOops: No
[1,059s][debug][gc,nmethod  ] Register NMethod: java.util.HashMap$EntryIterator.next (0x000078e2df443e08) [0x000078e2df443f00, 0x000078e2df4441f8] Compiler: c1, Barriers: 0, Oops: 0, ImmediateOops: 0, NonImmediateOops: No
[1,059s][debug][gc,nmethod  ] Register NMethod: java.lang.StringLatin1.lastIndexOf (0x000078e2df444208) [0x000078e2df444300, 0x000078e2df444720] Compiler: c1, Barriers: 0, Oops: 0, ImmediateOops: 0, NonImmediateOops: No
[1,059s][debug][gc,nmethod  ] Register NMethod: java.util.HashSet.<init> (0x000078e2df444788) [0x000078e2df444880, 0x000078e2df444c88] Compiler: c1, Barriers: 3, Oops: 0, ImmediateOops: 0, NonImmediateOops: No
[1,060s][debug][gc,nmethod  ] Register NMethod: java.util.KeyValueHolder.getKey (0x000078e2febf2408) [0x000078e2febf2500, 0x000078e2febf25e8] Compiler: c1, Barriers: 1, Oops: 0, ImmediateOops: 0, NonImmediateOops: No
[1,061s][debug][gc,nmethod  ] Register NMethod: java.util.KeyValueHolder.getValue (0x000078e2febf2708) [0x000078e2febf2800, 0x000078e2febf28e8] Compiler: c1, Barriers: 1, Oops: 0, ImmediateOops: 0, NonImmediateOops: No
[1,061s][debug][gc,nmethod  ] Register NMethod: java.lang.module.ModuleDescriptor.packages (0x000078e2febf2a08) [0x000078e2febf2b00, 0x000078e2febf2be8] Compiler: c1, Barriers: 1, Oops: 0, ImmediateOops: 0, NonImmediateOops: No
[1,061s][debug][gc,nmethod  ] Register NMethod: java.util.concurrent.ConcurrentHashMap.casTabAt (0x000078e2df444d08) [0x000078e2df444e00, 0x000078e2df444f70] Compiler: c1, Barriers: 5, Oops: 0, ImmediateOops: 0, NonImmediateOops: No
[1,061s][debug][gc,nmethod  ] Register NMethod: java.util.Optional.orElse (0x000078e2df445008) [0x000078e2df445100, 0x000078e2df445298] Compiler: c1, Barriers: 1, Oops: 0, ImmediateOops: 0, NonImmediateOops: No
[1,061s][debug][gc,nmethod  ] Register NMethod: java.lang.module.ResolvedModule.reference (0x000078e2febf2d08) [0x000078e2febf2e00, 0x000078e2febf2ee8] Compiler: c1, Barriers: 1, Oops: 0, ImmediateOops: 0, NonImmediateOops: No
[1,061s][debug][gc,director ] Rule Major: Warmup 10%, Used: 12MB, UsedThreshold: 1228MB
[1,061s][debug][gc,nmethod  ] Register NMethod: java.lang.String.hashCode (0x000078e2febf3008) [0x000078e2febf3100, 0x000078e2febf32a0] Compiler: jvmci, Barriers: 1, Oops: 0, ImmediateOops: 0, NonImmediateOops: No
[1,061s][debug][gc,nmethod  ] Register NMethod: java.lang.module.ResolvedModule.name (0x000078e2df445308) [0x000078e2df445400, 0x000078e2df445948] Compiler: c1, Barriers: 3, Oops: 0, ImmediateOops: 0, NonImmediateOops: No
[1,062s][debug][gc,nmethod  ] Register NMethod: java.lang.AbstractStringBuilder.length (0x000078e2febf3308) [0x000078e2febf3400, 0x000078e2febf34c0] Compiler: c1, Barriers: 0, Oops: 0, ImmediateOops: 0, NonImmediateOops: No
[1,062s][debug][gc,nmethod  ] Register NMethod: java.lang.module.ModuleDescriptor$Version.toString (0x000078e2febf3608) [0x000078e2febf3700, 0x000078e2febf37e8] Compiler: c1, Barriers: 1, Oops: 0, ImmediateOops: 0, NonImmediateOops: No
[1,062s][debug][gc,nmethod  ] Register NMethod: java.lang.AbstractStringBuilder.needsNewBuffer (0x000078e2df445988) [0x000078e2df445a80, 0x000078e2df445c20] Compiler: c1, Barriers: 0, Oops: 0, ImmediateOops: 0, NonImmediateOops: No
[1,063s][debug][gc,nmethod  ] Register NMethod: java.lang.Module.addExports0 (0x000078e2febf3908) [0x000078e2febf3a00, 0x000078e2febf3b80] Compiler: , Barriers: 0, Oops: 0, ImmediateOops: 1, NonImmediateOops: No
[1,064s][debug][gc,nmethod  ] Register NMethod: java.util.ImmutableCollections$ListItr.hasNext (0x000078e2df445c88) [0x000078e2df445d80, 0x000078e2df445ed0] Compiler: c1, Barriers: 0, Oops: 0, ImmediateOops: 0, NonImmediateOops: No
[1,064s][debug][gc,nmethod  ] Register NMethod: java.util.ImmutableCollections$List12.size (0x000078e2df445f88) [0x000078e2df446080, 0x000078e2df446228] Compiler: c1, Barriers: 1, Oops: 0, ImmediateOops: 1, NonImmediateOops: No
[1,064s][debug][gc,nmethod  ] Register NMethod: java.util.ImmutableCollections$List12.get (0x000078e2df446288) [0x000078e2df446380, 0x000078e2df446798] Compiler: c1, Barriers: 2, Oops: 0, ImmediateOops: 1, NonImmediateOops: No
[1,064s][debug][gc,nmethod  ] Register NMethod: java.util.ImmutableCollections$ListItr.next (0x000078e2df446808) [0x000078e2df446900, 0x000078e2df446cf0] Compiler: c1, Barriers: 1, Oops: 0, ImmediateOops: 0, NonImmediateOops: No
[1,064s][debug][gc,nmethod  ] Register NMethod: java.util.ImmutableCollections$ListItr.<init> (0x000078e2df446d08) [0x000078e2df446e00, 0x000078e2df446fe0] Compiler: c1, Barriers: 3, Oops: 0, ImmediateOops: 0, NonImmediateOops: No
[1,064s][debug][gc,nmethod  ] Register NMethod: java.util.Optional.empty (0x000078e2df447008) [0x000078e2df447100, 0x000078e2df4471e8] Compiler: c1, Barriers: 0, Oops: 0, ImmediateOops: 1, NonImmediateOops: No
[1,064s][debug][gc,nmethod  ] Register NMethod: java.util.HashMap.isEmpty (0x000078e2df447308) [0x000078e2df447400, 0x000078e2df447550] Compiler: c1, Barriers: 0, Oops: 0, ImmediateOops: 0, NonImmediateOops: No
[1,064s][debug][gc,nmethod  ] Register NMethod: java.util.ImmutableCollections$AbstractImmutableList.iterator (0x000078e2df447608) [0x000078e2df447700, 0x000078e2df447bb0] Compiler: c1, Barriers: 3, Oops: 0, ImmediateOops: 0, NonImmediateOops: No
[1,064s][debug][gc,nmethod  ] Register NMethod: java.lang.Module.addExportsToAll0 (0x000078e2febf3c08) [0x000078e2febf3d00, 0x000078e2febf3e70] Compiler: , Barriers: 0, Oops: 0, ImmediateOops: 1, NonImmediateOops: No
[1,064s][debug][gc,nmethod  ] Register NMethod: java.util.HashSet.isEmpty (0x000078e2df447c08) [0x000078e2df447d00, 0x000078e2df4480a8] Compiler: c1, Barriers: 1, Oops: 0, ImmediateOops: 0, NonImmediateOops: No
[1,064s][debug][gc,nmethod  ] Register NMethod: java.lang.Module.findModule (0x000078e2df448108) [0x000078e2df448200, 0x000078e2df449b28] Compiler: c1, Barriers: 1, Oops: 0, ImmediateOops: 0, NonImmediateOops: No
[1,064s][debug][gc,nmethod  ] Register NMethod: java.lang.ModuleLayer.findModule (0x000078e2df449b88) [0x000078e2df449c80, 0x000078e2df44b718] Compiler: c1, Barriers: 4, Oops: 0, ImmediateOops: 3, NonImmediateOops: No
[1,065s][debug][gc,nmethod  ] Register NMethod: java.lang.Double.doubleToRawLongBits (0x000078e2febf3f08) [0x000078e2febf4000, 0x000078e2febf4158] Compiler: , Barriers: 0, Oops: 0, ImmediateOops: 1, NonImmediateOops: No
[1,065s][debug][gc,nmethod  ] Register NMethod: java.lang.Module.addReads0 (0x000078e2febf4208) [0x000078e2febf4300, 0x000078e2febf4470] Compiler: , Barriers: 0, Oops: 0, ImmediateOops: 1, NonImmediateOops: No
[1,065s][debug][gc,nmethod  ] Register NMethod: java.lang.module.ResolvedModule.configuration (0x000078e2febf4508) [0x000078e2febf4600, 0x000078e2febf46e8] Compiler: c1, Barriers: 1, Oops: 0, ImmediateOops: 0, NonImmediateOops: No
[1,065s][debug][gc,nmethod  ] Register NMethod: java.lang.Math.max (0x000078e2df44b788) [0x000078e2df44b880, 0x000078e2df44b9a8] Compiler: c1, Barriers: 0, Oops: 0, ImmediateOops: 0, NonImmediateOops: No
[1,065s][debug][gc,nmethod  ] Register NMethod: java.lang.module.ModuleDescriptor.isOpen (0x000078e2febf4808) [0x000078e2febf4900, 0x000078e2febf49c0] Compiler: c1, Barriers: 0, Oops: 0, ImmediateOops: 0, NonImmediateOops: No
[1,065s][debug][gc,nmethod  ] Register NMethod: java.util.HashMap.size (0x000078e2febf4b08) [0x000078e2febf4c00, 0x000078e2febf4cc0] Compiler: c1, Barriers: 0, Oops: 0, ImmediateOops: 0, NonImmediateOops: No
[1,066s][debug][gc,nmethod  ] Register NMethod: jdk.internal.module.ServicesCatalog$ServiceProvider.<init> (0x000078e2df44ba88) [0x000078e2df44bb80, 0x000078e2df44bdc8] Compiler: c1, Barriers: 6, Oops: 0, ImmediateOops: 0, NonImmediateOops: No
[1,066s][debug][gc,nmethod  ] Register NMethod: jdk.internal.classfile.impl.AbstractPoolEntry.maybeClone (0x000078e2df44be08) [0x000078e2df44bf00, 0x000078e2df44c868] Compiler: c1, Barriers: 0, Oops: 0, ImmediateOops: 0, NonImmediateOops: No
[1,066s][debug][gc,nmethod  ] Register NMethod: jdk.internal.classfile.impl.RawBytecodeHelper.endBci (0x000078e2df44c888) [0x000078e2df44c980, 0x000078e2df44cab8] Compiler: c1, Barriers: 1, Oops: 0, ImmediateOops: 0, NonImmediateOops: No
[1,066s][debug][gc,nmethod  ] Register NMethod: jdk.internal.classfile.impl.SplitConstantPool.canWriteDirect (0x000078e2df44cb88) [0x000078e2df44cc80, 0x000078e2df44cf78] Compiler: c1, Barriers: 1, Oops: 0, ImmediateOops: 0, NonImmediateOops: No
[1,067s][debug][gc,nmethod  ] Register NMethod: java.lang.invoke.MethodType.ptypes (0x000078e2febf4e08) [0x000078e2febf4f00, 0x000078e2febf4fe8] Compiler: c1, Barriers: 1, Oops: 0, ImmediateOops: 0, NonImmediateOops: No
[1,067s][debug][gc,nmethod  ] Register NMethod: jdk.internal.classfile.impl.RawBytecodeHelper.next (0x000078e2df44cf88) [0x000078e2df44d080, 0x000078e2df44d7f8] Compiler: c1, Barriers: 2, Oops: 0, ImmediateOops: 1, NonImmediateOops: No
[1,067s][debug][gc,nmethod  ] Register NMethod: java.lang.StringLatin1.indexOf (0x000078e2df44d808) [0x000078e2df44d900, 0x000078e2df44dc58] Compiler: c1, Barriers: 0, Oops: 0, ImmediateOops: 0, NonImmediateOops: No
[1,068s][debug][gc,nmethod  ] Register NMethod: java.lang.invoke.MethodTypeForm.canonicalize (0x000078e2df44dc88) [0x000078e2df44dd80, 0x000078e2df44e9d8] Compiler: c1, Barriers: 1, Oops: 0, ImmediateOops: 2, NonImmediateOops: No
[1,068s][debug][gc,nmethod  ] Register NMethod: java.util.ImmutableCollections$SetN$SetNIterator.next (0x000078e2febf5108) [0x000078e2febf5200, 0x000078e2febf5410] Compiler: jvmci, Barriers: 3, Oops: 0, ImmediateOops: 0, NonImmediateOops: No
[1,068s][debug][gc,nmethod  ] Register NMethod: java.lang.Class.isInstance (0x000078e2febf5488) [0x000078e2febf5580, 0x000078e2febf56f0] Compiler: , Barriers: 0, Oops: 0, ImmediateOops: 0, NonImmediateOops: No
[1,068s][debug][gc,nmethod  ] Register NMethod: jdk.internal.classfile.impl.RawBytecodeHelper.opcode (0x000078e2df44ea08) [0x000078e2df44eb00, 0x000078e2df44ec08] Compiler: c1, Barriers: 0, Oops: 0, ImmediateOops: 0, NonImmediateOops: No
[1,068s][debug][gc,nmethod  ] Register NMethod: java.lang.invoke.MethodType.parameterType (0x000078e2df44ed08) [0x000078e2df44ee00, 0x000078e2df44ef88] Compiler: c1, Barriers: 2, Oops: 0, ImmediateOops: 0, NonImmediateOops: No
[1,068s][debug][gc,nmethod  ] Register NMethod: java.lang.AbstractStringBuilder.isLatin1 (0x000078e2df44f008) [0x000078e2df44f100, 0x000078e2df44f240] Compiler: c1, Barriers: 0, Oops: 0, ImmediateOops: 0, NonImmediateOops: No
[1,069s][debug][gc,nmethod  ] Register NMethod: jdk.internal.vm.Continuation.enterSpecial (0x000078e2febf5788) [0x000078e2febf5880, 0x000078e2febf5a78] Compiler: , Barriers: 0, Oops: 0, ImmediateOops: 0, NonImmediateOops: No
[1,069s][debug][gc,nmethod  ] Register NMethod: jdk.internal.vm.Continuation.doYield (0x000078e2febf5a88) [0x000078e2febf5b80, 0x000078e2febf5c48] Compiler: , Barriers: 0, Oops: 0, ImmediateOops: 0, NonImmediateOops: No
[1,071s][debug][gc,director ] Rule Major: Warmup 10%, Used: 12MB, UsedThreshold: 1228MB
[1,074s][debug][gc,nmethod  ] Register NMethod: java.lang.AbstractStringBuilder.getValue (0x000078e2febf5d88) [0x000078e2febf5e80, 0x000078e2febf5f68] Compiler: c1, Barriers: 1, Oops: 0, ImmediateOops: 0, NonImmediateOops: No
[1,074s][debug][gc,nmethod  ] Register NMethod: java.lang.StringBuilder.append (0x000078e2df44f308) [0x000078e2df44f400, 0x000078e2df44f548] Compiler: c1, Barriers: 0, Oops: 0, ImmediateOops: 0, NonImmediateOops: No
[1,074s][debug][gc,nmethod  ] Register NMethod: java.lang.AbstractStringBuilder.append (0x000078e2df44f608) [0x000078e2df44f700, 0x000078e2df450350] Compiler: c1, Barriers: 5, Oops: 0, ImmediateOops: 0, NonImmediateOops: No
[1,077s][debug][gc,nmethod  ] Register NMethod: java.util.HashMap.resize (0x000078e2febf6088) [0x000078e2febf61a0, 0x000078e2febf6cf0] Compiler: jvmci, Barriers: 33, Oops: 0, ImmediateOops: 0, NonImmediateOops: No
[1,078s][debug][gc,nmethod  ] Register NMethod: jdk.internal.misc.Unsafe.getByte (0x000078e2febf6d08) [0x000078e2febf6e00, 0x000078e2febf6f68] Compiler: , Barriers: 0, Oops: 0, ImmediateOops: 0, NonImmediateOops: No
[1,078s][debug][gc,nmethod  ] Register NMethod: jdk.internal.misc.Unsafe.getShort (0x000078e2febf7008) [0x000078e2febf7100, 0x000078e2febf7268] Compiler: , Barriers: 0, Oops: 0, ImmediateOops: 0, NonImmediateOops: No
[1,078s][debug][gc,nmethod  ] Register NMethod: jdk.internal.misc.Unsafe.toUnsignedInt (0x000078e2df450388) [0x000078e2df450480, 0x000078e2df450568] Compiler: c1, Barriers: 0, Oops: 0, ImmediateOops: 0, NonImmediateOops: No
[1,078s][debug][gc,nmethod  ] Register NMethod: jdk.internal.misc.Unsafe.pickPos (0x000078e2df450688) [0x000078e2df450780, 0x000078e2df450870] Compiler: c1, Barriers: 0, Oops: 0, ImmediateOops: 0, NonImmediateOops: No
[1,078s][debug][gc,nmethod  ] Register NMethod: java.util.zip.ZipUtils.get16 (0x000078e2df450988) [0x000078e2df450a80, 0x000078e2df450e80] Compiler: c1, Barriers: 0, Oops: 1, ImmediateOops: 2, NonImmediateOops: No
[1,078s][debug][gc,nmethod  ] Register NMethod: jdk.internal.misc.Unsafe.getIntUnaligned (0x000078e2df450f08) [0x000078e2df451000, 0x000078e2df451450] Compiler: c1, Barriers: 0, Oops: 0, ImmediateOops: 0, NonImmediateOops: No
[1,079s][debug][gc,nmethod  ] Register NMethod: java.lang.Short.toUnsignedInt (0x000078e2df451488) [0x000078e2df451580, 0x000078e2df451668] Compiler: c1, Barriers: 0, Oops: 0, ImmediateOops: 0, NonImmediateOops: No
[1,079s][debug][gc,nmethod  ] Register NMethod: jdk.internal.misc.Unsafe.getShortUnaligned (0x000078e2df451788) [0x000078e2df451880, 0x000078e2df451aa8] Compiler: c1, Barriers: 0, Oops: 0, ImmediateOops: 0, NonImmediateOops: No
[1,079s][debug][gc,nmethod  ] Register NMethod: jdk.internal.misc.Unsafe.convEndian (0x000078e2df451b08) [0x000078e2df451c00, 0x000078e2df451da0] Compiler: c1, Barriers: 0, Oops: 0, ImmediateOops: 0, NonImmediateOops: No
[1,079s][debug][gc,nmethod  ] Register NMethod: jdk.internal.misc.Unsafe.getShortUnaligned (0x000078e2df451e08) [0x000078e2df451f00, 0x000078e2df452290] Compiler: c1, Barriers: 0, Oops: 0, ImmediateOops: 0, NonImmediateOops: No
[1,079s][debug][gc,nmethod  ] Register NMethod: java.lang.StringLatin1.equals (0x000078e2febf7308) [0x000078e2febf7400, 0x000078e2febf7698] Compiler: jvmci, Barriers: 0, Oops: 0, ImmediateOops: 0, NonImmediateOops: No
[1,080s][debug][gc,nmethod  ] Register NMethod: java.lang.StringBuilder.length (0x000078e2df452308) [0x000078e2df452400, 0x000078e2df452518] Compiler: c1, Barriers: 0, Oops: 0, ImmediateOops: 0, NonImmediateOops: No
[1,080s][debug][gc,nmethod  ] Register NMethod: java.util.HashMap.putVal (0x000078e2febf7708) [0x000078e2febf7820, 0x000078e2febf91d8] Compiler: jvmci, Barriers: 83, Oops: 0, ImmediateOops: 0, NonImmediateOops: No
[1,081s][debug][gc,director ] Rule Major: Warmup 10%, Used: 12MB, UsedThreshold: 1228MB
[1,081s][debug][gc,nmethod  ] Register NMethod: java.lang.module.ModuleDescriptor$Exports.isQualified (0x000078e2febf9208) [0x000078e2febf9300, 0x000078e2febf9458] Compiler: jvmci, Barriers: 1, Oops: 0, ImmediateOops: 0, NonImmediateOops: No
[1,082s][debug][gc,nmethod  ] Register NMethod: java.util.HashMap.newNode (0x000078e2febf9508) [0x000078e2febf9600, 0x000078e2febf9760] Compiler: jvmci, Barriers: 6, Oops: 0, ImmediateOops: 0, NonImmediateOops: No
[1,083s][debug][gc,nmethod  ] Register NMethod: java.lang.invoke.MethodType.checkSlotCount (0x000078e2df452608) [0x000078e2df452700, 0x000078e2df453438] Compiler: c1, Barriers: 0, Oops: 1, ImmediateOops: 2, NonImmediateOops: No
[1,083s][debug][gc,nmethod  ] Register NMethod: jdk.internal.util.WeakReferenceKey.hashCode (0x000078e2febf9808) [0x000078e2febf9900, 0x000078e2febf99c0] Compiler: c1, Barriers: 0, Oops: 0, ImmediateOops: 0, NonImmediateOops: No
[1,083s][debug][gc,nmethod  ] Register NMethod: java.lang.invoke.MethodHandle.linkToStatic (0x000078e2febf9b08) [0x000078e2febf9c00, 0x000078e2febf9cf0] Compiler: , Barriers: 0, Oops: 0, ImmediateOops: 0, NonImmediateOops: No
[1,083s][debug][gc,nmethod  ] Register NMethod: java.io.BufferedInputStream.getBufIfOpen (0x000078e2df453488) [0x000078e2df453580, 0x000078e2df4536b8] Compiler: c1, Barriers: 0, Oops: 0, ImmediateOops: 0, NonImmediateOops: No
[1,083s][debug][gc,nmethod  ] Register NMethod: java.io.BufferedInputStream.getBufIfOpen (0x000078e2df453788) [0x000078e2df453880, 0x000078e2df453c98] Compiler: c1, Barriers: 7, Oops: 0, ImmediateOops: 3, NonImmediateOops: No
[1,084s][debug][gc,nmethod  ] Register NMethod: worker.org.gradle.internal.stream.EncodedStream$EncodedInput.hexToByte (0x000078e2df453d08) [0x000078e2df453e00, 0x000078e2df454548] Compiler: c1, Barriers: 3, Oops: 2, ImmediateOops: 1, NonImmediateOops: No
[1,084s][debug][gc,nmethod  ] Register NMethod: java.io.BufferedInputStream.read (0x000078e2df454588) [0x000078e2df454680, 0x000078e2df454ad8] Compiler: c1, Barriers: 0, Oops: 0, ImmediateOops: 0, NonImmediateOops: No
[1,084s][debug][gc,nmethod  ] Register NMethod: java.lang.Class.getName (0x000078e2df454b08) [0x000078e2df454c00, 0x000078e2df454db0] Compiler: c1, Barriers: 1, Oops: 0, ImmediateOops: 0, NonImmediateOops: No
[1,084s][debug][gc,nmethod  ] Register NMethod: jdk.internal.util.Preconditions.checkFromIndexSize (0x000078e2df454e08) [0x000078e2df454f00, 0x000078e2df455098] Compiler: c1, Barriers: 0, Oops: 0, ImmediateOops: 0, NonImmediateOops: No
[1,084s][debug][gc,nmethod  ] Register NMethod: worker.org.gradle.internal.stream.EncodedStream$EncodedInput.read (0x000078e2df455108) [0x000078e2df455200, 0x000078e2df455958] Compiler: c1, Barriers: 2, Oops: 1, ImmediateOops: 1, NonImmediateOops: No
[1,084s][debug][gc,nmethod  ] Register NMethod: java.net.URL.getHost (0x000078e2febf9e08) [0x000078e2febf9f00, 0x000078e2febf9fe8] Compiler: c1, Barriers: 1, Oops: 0, ImmediateOops: 0, NonImmediateOops: No
[1,084s][debug][gc,nmethod  ] Register NMethod: sun.net.util.IPAddressUtil.earlyURLParsing (0x000078e2df455988) [0x000078e2df455a80, 0x000078e2df455b88] Compiler: c1, Barriers: 0, Oops: 0, ImmediateOops: 0, NonImmediateOops: No
[1,084s][debug][gc,nmethod  ] Register NMethod: java.net.URL.getUserInfo (0x000078e2febfa108) [0x000078e2febfa200, 0x000078e2febfa2e8] Compiler: c1, Barriers: 1, Oops: 0, ImmediateOops: 0, NonImmediateOops: No
[1,085s][debug][gc,nmethod  ] Register NMethod: java.lang.StringLatin1.replace (0x000078e2df455c88) [0x000078e2df455d80, 0x000078e2df456e20] Compiler: c1, Barriers: 6, Oops: 0, ImmediateOops: 3, NonImmediateOops: No
[1,085s][debug][gc,nmethod  ] Register NMethod: java.lang.Record.<init> (0x000078e2df456e88) [0x000078e2df456f80, 0x000078e2df4570d8] Compiler: c1, Barriers: 0, Oops: 0, ImmediateOops: 0, NonImmediateOops: No
[1,085s][debug][gc,nmethod  ] Register NMethod: java.lang.StringLatin1.indexOfChar (0x000078e2febfa408) [0x000078e2febfa500, 0x000078e2febfa770] Compiler: jvmci, Barriers: 0, Oops: 0, ImmediateOops: 0, NonImmediateOops: No
[1,085s][debug][gc,nmethod  ] Register NMethod: java.lang.String.equals (0x000078e2febfa788) [0x000078e2febfa880, 0x000078e2febfabe8] Compiler: jvmci, Barriers: 2, Oops: 0, ImmediateOops: 0, NonImmediateOops: No
[1,085s][debug][gc,nmethod  ] Register NMethod: java.io.BufferedInputStream.getBufIfOpen (0x000078e2febfac08) [0x000078e2febfad00, 0x000078e2febfae30] Compiler: jvmci, Barriers: 1, Oops: 0, ImmediateOops: 1, NonImmediateOops: No
[1,086s][debug][gc,nmethod  ] Register NMethod: java.lang.String.lastIndexOf (0x000078e2df457188) [0x000078e2df457280, 0x000078e2df457720] Compiler: c1, Barriers: 2, Oops: 0, ImmediateOops: 0, NonImmediateOops: No
[1,086s][debug][gc,nmethod  ] Register NMethod: worker.org.gradle.internal.stream.EncodedStream$EncodedInput.hexToByte (0x000078e2febfaf08) [0x000078e2febfb000, 0x000078e2febfb0e8] Compiler: jvmci, Barriers: 0, Oops: 1, ImmediateOops: 0, NonImmediateOops: No
[1,086s][debug][gc,nmethod  ] Register NMethod: jdk.internal.misc.Unsafe.putReferenceVolatile (0x000078e2febfb208) [0x000078e2febfb300, 0x000078e2febfb470] Compiler: , Barriers: 0, Oops: 0, ImmediateOops: 0, NonImmediateOops: No
[1,086s][debug][gc,nmethod  ] Register NMethod: java.lang.String.lastIndexOf (0x000078e2df457788) [0x000078e2df457880, 0x000078e2df458378] Compiler: c1, Barriers: 1, Oops: 0, ImmediateOops: 0, NonImmediateOops: No
[1,086s][debug][gc,nmethod  ] Register NMethod: jdk.internal.misc.Unsafe.getIntUnaligned (0x000078e2df458388) [0x000078e2df458480, 0x000078e2df4586c8] Compiler: c1, Barriers: 0, Oops: 0, ImmediateOops: 0, NonImmediateOops: No
[1,086s][debug][gc,nmethod  ] Register NMethod: java.util.zip.ZipUtils.get32 (0x000078e2df458708) [0x000078e2df458800, 0x000078e2df458c08] Compiler: c1, Barriers: 0, Oops: 1, ImmediateOops: 2, NonImmediateOops: No
[1,086s][debug][gc,nmethod  ] Register NMethod: jdk.internal.misc.Unsafe.convEndian (0x000078e2df458c88) [0x000078e2df458d80, 0x000078e2df458f28] Compiler: c1, Barriers: 0, Oops: 0, ImmediateOops: 0, NonImmediateOops: No
[1,086s][debug][gc,nmethod  ] Register NMethod: java.lang.Integer.toUnsignedLong (0x000078e2df458f88) [0x000078e2df459080, 0x000078e2df459170] Compiler: c1, Barriers: 0, Oops: 0, ImmediateOops: 0, NonImmediateOops: No
[1,087s][debug][gc,nmethod  ] Register NMethod: java.lang.invoke.MethodType.<init> (0x000078e2df459288) [0x000078e2df459380, 0x000078e2df4595c8] Compiler: c1, Barriers: 6, Oops: 0, ImmediateOops: 0, NonImmediateOops: No
[1,087s][debug][gc,nmethod  ] Register NMethod: java.lang.String.length (0x000078e2febfb508) [0x000078e2febfb600, 0x000078e2febfb6e8] Compiler: jvmci, Barriers: 1, Oops: 0, ImmediateOops: 0, NonImmediateOops: No
[1,087s][debug][gc,nmethod  ] Register NMethod: java.lang.Class.isHidden (0x000078e2febfb808) [0x000078e2febfb900, 0x000078e2febfba60] Compiler: , Barriers: 0, Oops: 0, ImmediateOops: 0, NonImmediateOops: No
[1,088s][debug][gc,nmethod  ] Register NMethod: jdk.internal.util.ReferencedKeySet.get (0x000078e2df459608) [0x000078e2df459700, 0x000078e2df45ac00] Compiler: c1, Barriers: 7, Oops: 1, ImmediateOops: 1, NonImmediateOops: No
[1,088s][debug][gc,nmethod  ] Register NMethod: java.lang.invoke.MethodType.makeImpl (0x000078e2df45ac88) [0x000078e2df45ad80, 0x000078e2df45d530] Compiler: c1, Barriers: 23, Oops: 2, ImmediateOops: 3, NonImmediateOops: No
[1,088s][debug][gc,nmethod  ] Register NMethod: java.lang.invoke.MethodType.methodType (0x000078e2df45d588) [0x000078e2df45d680, 0x000078e2df45db60] Compiler: c1, Barriers: 2, Oops: 0, ImmediateOops: 4, NonImmediateOops: No
[1,088s][debug][gc,nmethod  ] Register NMethod: jdk.internal.classfile.impl.AbstractDirectBuilder.constantPool (0x000078e2febfbb08) [0x000078e2febfbc00, 0x000078e2febfbce8] Compiler: c1, Barriers: 1, Oops: 0, ImmediateOops: 0, NonImmediateOops: No
[1,088s][debug][gc,nmethod  ] Register NMethod: java.util.ArrayList.size (0x000078e2febfbe08) [0x000078e2febfbf00, 0x000078e2febfbfc0] Compiler: c1, Barriers: 0, Oops: 0, ImmediateOops: 0, NonImmediateOops: No
[1,088s][debug][gc,nmethod  ] Register NMethod: java.lang.invoke.MethodHandle.linkToStatic (0x000078e2febfc108) [0x000078e2febfc200, 0x000078e2febfc2f0] Compiler: , Barriers: 0, Oops: 0, ImmediateOops: 0, NonImmediateOops: No
[1,088s][debug][gc,nmethod  ] Register NMethod: java.lang.invoke.MemberName.allFlagsSet (0x000078e2df45db88) [0x000078e2df45dc80, 0x000078e2df45ddd0] Compiler: c1, Barriers: 0, Oops: 0, ImmediateOops: 0, NonImmediateOops: No
[1,088s][debug][gc,nmethod  ] Register NMethod: jdk.internal.classfile.impl.SplitConstantPool.tryFindUtf8 (0x000078e2df45de88) [0x000078e2df45df80, 0x000078e2df45f7b8] Compiler: c1, Barriers: 1, Oops: 0, ImmediateOops: 0, NonImmediateOops: No
[1,089s][debug][gc,nmethod  ] Register NMethod: jdk.internal.classfile.impl.AbstractPoolEntry$Utf8EntryImpl.contentHash (0x000078e2df45f808) [0x000078e2df45f900, 0x000078e2df45fab8] Compiler: c1, Barriers: 1, Oops: 0, ImmediateOops: 1, NonImmediateOops: No
[1,089s][debug][gc,nmethod  ] Register NMethod: jdk.internal.classfile.impl.BufWriterImpl.writeU2 (0x000078e2df45fb08) [0x000078e2df45fc00, 0x000078e2df460070] Compiler: c1, Barriers: 2, Oops: 0, ImmediateOops: 0, NonImmediateOops: No
[1,089s][debug][gc,nmethod  ] Register NMethod: java.io.BufferedInputStream.read (0x000078e2febfc408) [0x000078e2febfc500, 0x000078e2febfc820] Compiler: jvmci, Barriers: 1, Oops: 0, ImmediateOops: 1, NonImmediateOops: No
[1,089s][debug][gc,nmethod  ] Register NMethod: java.lang.invoke.MethodHandle.linkToInterface (0x000078e2febfc888) [0x000078e2febfc980, 0x000078e2febfcab0] Compiler: , Barriers: 0, Oops: 0, ImmediateOops: 0, NonImmediateOops: No
[1,090s][debug][gc,nmethod  ] Register NMethod: jdk.internal.classfile.impl.AbstractPoolEntry$Utf8EntryImpl.hashCode (0x000078e2df460088) [0x000078e2df460180, 0x000078e2df4605b0] Compiler: c1, Barriers: 1, Oops: 0, ImmediateOops: 1, NonImmediateOops: No
[1,090s][debug][gc,nmethod  ] Register NMethod: jdk.internal.classfile.impl.AbstractPoolEntry$Utf8EntryImpl.<init> (0x000078e2df460608) [0x000078e2df460700, 0x000078e2df460f68] Compiler: c1, Barriers: 13, Oops: 0, ImmediateOops: 1, NonImmediateOops: No
[1,090s][debug][gc,nmethod  ] Register NMethod: jdk.internal.classfile.impl.AbstractPoolEntry$Utf8EntryImpl.writeTo (0x000078e2df460f88) [0x000078e2df461080, 0x000078e2df461890] Compiler: c1, Barriers: 3, Oops: 0, ImmediateOops: 0, NonImmediateOops: No
[1,090s][debug][gc,nmethod  ] Register NMethod: java.lang.System$1.countNonZeroAscii (0x000078e2df461908) [0x000078e2df461a00, 0x000078e2df462500] Compiler: c1, Barriers: 1, Oops: 0, ImmediateOops: 0, NonImmediateOops: No
[1,090s][debug][gc,nmethod  ] Register NMethod: jdk.internal.classfile.impl.BufWriterImpl.cpIndex (0x000078e2df462508) [0x000078e2df462600, 0x000078e2df4645f8] Compiler: c1, Barriers: 1, Oops: 1, ImmediateOops: 3, NonImmediateOops: No
[1,090s][debug][gc,nmethod  ] Register NMethod: java.lang.StringCoding.countNonZeroAscii (0x000078e2df464608) [0x000078e2df464700, 0x000078e2df465290] Compiler: c1, Barriers: 1, Oops: 0, ImmediateOops: 0, NonImmediateOops: No
[1,090s][debug][gc,nmethod  ] Register NMethod: java.lang.String.checkBoundsOffCount (0x000078e2df465308) [0x000078e2df465400, 0x000078e2df4655f8] Compiler: c1, Barriers: 0, Oops: 1, ImmediateOops: 1, NonImmediateOops: No
[1,090s][debug][gc,nmethod  ] Register NMethod: java.lang.StringLatin1.getBytes (0x000078e2df465608) [0x000078e2df465700, 0x000078e2df465898] Compiler: c1, Barriers: 0, Oops: 0, ImmediateOops: 0, NonImmediateOops: No
[1,090s][debug][gc,nmethod  ] Register NMethod: jdk.internal.util.ModifiedUtf.utfLen (0x000078e2df465908) [0x000078e2df465a00, 0x000078e2df4667a0] Compiler: c1, Barriers: 3, Oops: 1, ImmediateOops: 1, NonImmediateOops: No
[1,090s][debug][gc,nmethod  ] Register NMethod: java.lang.String.getBytes (0x000078e2df466808) [0x000078e2df466900, 0x000078e2df467688] Compiler: c1, Barriers: 1, Oops: 1, ImmediateOops: 2, NonImmediateOops: No
[1,090s][debug][gc,nmethod  ] Register NMethod: jdk.internal.classfile.impl.AbstractPoolEntry$ClassEntryImpl.tag (0x000078e2febfcb88) [0x000078e2febfcc80, 0x000078e2febfcd40] Compiler: c1, Barriers: 0, Oops: 0, ImmediateOops: 0, NonImmediateOops: No
[1,090s][debug][gc,nmethod  ] Register NMethod: java.lang.invoke.MethodHandle.linkToSpecial (0x000078e2febfce88) [0x000078e2febfcf80, 0x000078e2febfd078] Compiler: , Barriers: 0, Oops: 0, ImmediateOops: 0, NonImmediateOops: No
[1,090s][debug][gc,nmethod  ] Register NMethod: jdk.internal.classfile.impl.SplitConstantPool.utf8Entry (0x000078e2df467708) [0x000078e2df467800, 0x000078e2df4682f8] Compiler: c1, Barriers: 1, Oops: 0, ImmediateOops: 1, NonImmediateOops: No
[1,090s][debug][gc,nmethod  ] Register NMethod: jdk.internal.classfile.impl.BufWriterImpl.writeUtfEntry (0x000078e2df468308) [0x000078e2df468400, 0x000078e2df46b1c0] Compiler: c1, Barriers: 8, Oops: 1, ImmediateOops: 4, NonImmediateOops: No
[1,091s][debug][gc,nmethod  ] Register NMethod: jdk.internal.constant.ClassOrInterfaceDescImpl.isClassOrInterface (0x000078e2febfd188) [0x000078e2febfd280, 0x000078e2febfd340] Compiler: c1, Barriers: 0, Oops: 0, ImmediateOops: 0, NonImmediateOops: No
[1,091s][debug][gc,nmethod  ] Register NMethod: jdk.internal.classfile.impl.AbstractPoolEntry.hash1 (0x000078e2df46b208) [0x000078e2df46b300, 0x000078e2df46b3f0] Compiler: c1, Barriers: 0, Oops: 0, ImmediateOops: 0, NonImmediateOops: No
[1,091s][debug][gc,nmethod  ] Register NMethod: java.lang.invoke.MethodHandle.linkToSpecial (0x000078e2febfd488) [0x000078e2febfd580, 0x000078e2febfd678] Compiler: , Barriers: 0, Oops: 0, ImmediateOops: 0, NonImmediateOops: No
[1,091s][debug][gc,nmethod  ] Register NMethod: java.lang.invoke.MethodHandle.invokeBasic (0x000078e2febfd788) [0x000078e2febfd880, 0x000078e2febfdb18] Compiler: , Barriers: 0, Oops: 0, ImmediateOops: 0, NonImmediateOops: No
[1,091s][debug][gc,nmethod  ] Register NMethod: java.lang.invoke.MethodHandle.linkToSpecial (0x000078e2febfdb88) [0x000078e2febfdc80, 0x000078e2febfdd78] Compiler: , Barriers: 0, Oops: 0, ImmediateOops: 0, NonImmediateOops: No
[1,091s][debug][gc,nmethod  ] Register NMethod: java.lang.invoke.MemberName.initResolved (0x000078e2df46b508) [0x000078e2df46b600, 0x000078e2df46b7c0] Compiler: c1, Barriers: 3, Oops: 0, ImmediateOops: 0, NonImmediateOops: No
[1,091s][debug][gc,nmethod  ] Register NMethod: java.lang.ref.Reference.<init> (0x000078e2df46b808) [0x000078e2df46b900, 0x000078e2df46bb98] Compiler: c1, Barriers: 6, Oops: 0, ImmediateOops: 1, NonImmediateOops: No
[1,091s][debug][gc,nmethod  ] Register NMethod: java.lang.String.intern (0x000078e2febfde88) [0x000078e2febfdf80, 0x000078e2febfe2a0] Compiler: , Barriers: 0, Oops: 0, ImmediateOops: 0, NonImmediateOops: No
[1,091s][debug][gc,nmethod  ] Register NMethod: java.lang.invoke.MemberName.getMethodType (0x000078e2df46bc08) [0x000078e2df46bd00, 0x000078e2df46e1f8] Compiler: c1, Barriers: 16, Oops: 1, ImmediateOops: 1, NonImmediateOops: No
[1,091s][debug][gc,nmethod  ] Register NMethod: jdk.internal.misc.Unsafe.putReferenceRelease (0x000078e2df46e208) [0x000078e2df46e300, 0x000078e2df46e478] Compiler: c1, Barriers: 3, Oops: 0, ImmediateOops: 0, NonImmediateOops: No
[1,091s][debug][gc,nmethod  ] Register NMethod: jdk.internal.misc.Unsafe.allocateInstance (0x000078e2febfe308) [0x000078e2febfe400, 0x000078e2febfe730] Compiler: , Barriers: 0, Oops: 0, ImmediateOops: 0, NonImmediateOops: No
[1,091s][debug][gc,nmethod  ] Register NMethod: java.util.concurrent.ConcurrentHashMap.setTabAt (0x000078e2df46e508) [0x000078e2df46e600, 0x000078e2df46e900] Compiler: c1, Barriers: 0, Oops: 0, ImmediateOops: 1, NonImmediateOops: No
[1,091s][debug][gc,nmethod  ] Register NMethod: java.lang.String.replace (0x000078e2df46e908) [0x000078e2df46ea00, 0x000078e2df46ef08] Compiler: c1, Barriers: 2, Oops: 0, ImmediateOops: 0, NonImmediateOops: No
[1,091s][debug][gc,director ] Rule Major: Warmup 10%, Used: 12MB, UsedThreshold: 1228MB
[1,092s][debug][gc,nmethod  ] Register NMethod: java.util.concurrent.ConcurrentHashMap.casTabAt (0x000078e2febfe788) [0x000078e2febfe880, 0x000078e2febfe958] Compiler: jvmci, Barriers: 5, Oops: 0, ImmediateOops: 0, NonImmediateOops: No
[1,092s][debug][gc,nmethod  ] Register NMethod: java.net.URL.getProtocol (0x000078e2febfea88) [0x000078e2febfeb80, 0x000078e2febfec68] Compiler: c1, Barriers: 1, Oops: 0, ImmediateOops: 0, NonImmediateOops: No
[1,092s][debug][gc,nmethod  ] Register NMethod: java.util.ArrayDeque.inc (0x000078e2df46ef88) [0x000078e2df46f080, 0x000078e2df46f198] Compiler: c1, Barriers: 0, Oops: 0, ImmediateOops: 0, NonImmediateOops: No
[1,092s][debug][gc,nmethod  ] Register NMethod: java.util.ArrayList.add (0x000078e2df46f288) [0x000078e2df46f380, 0x000078e2df46f840] Compiler: c1, Barriers: 3, Oops: 0, ImmediateOops: 0, NonImmediateOops: No
[1,092s][debug][gc,nmethod  ] Register NMethod: java.util.ArrayList.add (0x000078e2df46f888) [0x000078e2df46f980, 0x000078e2df46fef0] Compiler: c1, Barriers: 4, Oops: 0, ImmediateOops: 0, NonImmediateOops: No
[1,092s][debug][gc,nmethod  ] Register NMethod: java.lang.StringCoding.countPositives (0x000078e2df46ff08) [0x000078e2df470000, 0x000078e2df470208] Compiler: c1, Barriers: 0, Oops: 0, ImmediateOops: 0, NonImmediateOops: No
[1,093s][debug][gc,nmethod  ] Register NMethod: java.util.zip.ZipCoder$UTF8ZipCoder.isUTF8 (0x000078e2febfed88) [0x000078e2febfee80, 0x000078e2febfef40] Compiler: c1, Barriers: 0, Oops: 0, ImmediateOops: 0, NonImmediateOops: No
[1,093s][debug][gc,nmethod  ] Register NMethod: java.util.zip.ZipUtils.CENEXT (0x000078e2df470288) [0x000078e2df470380, 0x000078e2df470490] Compiler: c1, Barriers: 0, Oops: 0, ImmediateOops: 0, NonImmediateOops: No
[1,093s][debug][gc,nmethod  ] Register NMethod: java.util.zip.ZipUtils.CENCOM (0x000078e2df470588) [0x000078e2df470680, 0x000078e2df470790] Compiler: c1, Barriers: 0, Oops: 0, ImmediateOops: 0, NonImmediateOops: No
[1,093s][debug][gc,nmethod  ] Register NMethod: sun.nio.fs.UnixPath.checkNotNul (0x000078e2df470888) [0x000078e2df470980, 0x000078e2df470b20] Compiler: c1, Barriers: 0, Oops: 0, ImmediateOops: 1, NonImmediateOops: No
[1,093s][debug][gc,nmethod  ] Register NMethod: java.util.zip.Inflater$InflaterZStreamRef.address (0x000078e2febff088) [0x000078e2febff180, 0x000078e2febff240] Compiler: c1, Barriers: 0, Oops: 0, ImmediateOops: 0, NonImmediateOops: No
[1,094s][debug][gc,nmethod  ] Register NMethod: java.util.zip.ZipUtils.CENSIZ (0x000078e2df470b88) [0x000078e2df470c80, 0x000078e2df470d90] Compiler: c1, Barriers: 0, Oops: 0, ImmediateOops: 0, NonImmediateOops: No
[1,094s][debug][gc,nmethod  ] Register NMethod: java.util.zip.ZipUtils.CENLEN (0x000078e2df470e88) [0x000078e2df470f80, 0x000078e2df471090] Compiler: c1, Barriers: 0, Oops: 0, ImmediateOops: 0, NonImmediateOops: No
[1,094s][debug][gc,nmethod  ] Register NMethod: java.util.zip.ZipUtils.CENNAM (0x000078e2df471188) [0x000078e2df471280, 0x000078e2df471390] Compiler: c1, Barriers: 0, Oops: 0, ImmediateOops: 0, NonImmediateOops: No
[1,094s][debug][gc,nmethod  ] Register NMethod: java.lang.System$1.uncheckedCountPositives (0x000078e2df471488) [0x000078e2df471580, 0x000078e2df4717d8] Compiler: c1, Barriers: 0, Oops: 0, ImmediateOops: 0, NonImmediateOops: No
[1,094s][debug][gc,nmethod  ] Register NMethod: java.util.zip.ZipUtils.CENHOW (0x000078e2df471808) [0x000078e2df471900, 0x000078e2df471a10] Compiler: c1, Barriers: 0, Oops: 0, ImmediateOops: 0, NonImmediateOops: No
[1,094s][debug][gc,nmethod  ] Register NMethod: java.util.zip.ZipUtils.CENFLG (0x000078e2df471b08) [0x000078e2df471c00, 0x000078e2df471d10] Compiler: c1, Barriers: 0, Oops: 0, ImmediateOops: 0, NonImmediateOops: No
[1,094s][debug][gc,nmethod  ] Register NMethod: java.util.zip.ZipUtils.CENOFF (0x000078e2df471e08) [0x000078e2df471f00, 0x000078e2df472010] Compiler: c1, Barriers: 0, Oops: 0, ImmediateOops: 0, NonImmediateOops: No
[1,094s][debug][gc,nmethod  ] Register NMethod: java.util.zip.ZipFile.zipCoderFor (0x000078e2df472108) [0x000078e2df472200, 0x000078e2df472650] Compiler: c1, Barriers: 0, Oops: 0, ImmediateOops: 1, NonImmediateOops: No
[1,094s][debug][gc,nmethod  ] Register NMethod: java.util.zip.ZipUtils.CENSIG (0x000078e2df472688) [0x000078e2df472780, 0x000078e2df472890] Compiler: c1, Barriers: 0, Oops: 0, ImmediateOops: 0, NonImmediateOops: No
[1,094s][debug][gc,nmethod  ] Register NMethod: java.util.zip.ZipUtils.CENDSK (0x000078e2df472988) [0x000078e2df472a80, 0x000078e2df472b90] Compiler: c1, Barriers: 0, Oops: 0, ImmediateOops: 0, NonImmediateOops: No
[1,094s][debug][gc,nmethod  ] Register NMethod: java.util.zip.ZipFile$Source.nextEntryPos (0x000078e2df472c88) [0x000078e2df472d80, 0x000078e2df473038] Compiler: c1, Barriers: 2, Oops: 0, ImmediateOops: 0, NonImmediateOops: No
[1,094s][debug][gc,nmethod  ] Register NMethod: java.util.zip.ZipCoder$UTF8ZipCoder.checkedHash (0x000078e2df473088) [0x000078e2df473180, 0x000078e2df4735a0] Compiler: c1, Barriers: 0, Oops: 0, ImmediateOops: 2, NonImmediateOops: No
[1,094s][debug][gc,nmethod  ] Register NMethod: java.util.zip.ZipFile$Source.isMetaName (0x000078e2df473608) [0x000078e2df473700, 0x000078e2df473b60] Compiler: c1, Barriers: 0, Oops: 0, ImmediateOops: 0, NonImmediateOops: No
[1,095s][debug][gc,nmethod  ] Register NMethod: java.lang.String.endsWith (0x000078e2df473b88) [0x000078e2df473c80, 0x000078e2df4748b0] Compiler: c1, Barriers: 2, Oops: 0, ImmediateOops: 0, NonImmediateOops: No
[1,095s][debug][gc,nmethod  ] Register NMethod: java.util.Arrays.copyOf (0x000078e2df474908) [0x000078e2df474a00, 0x000078e2df474dc8] Compiler: c1, Barriers: 0, Oops: 0, ImmediateOops: 0, NonImmediateOops: No
[1,095s][debug][gc,nmethod  ] Register NMethod: jdk.internal.misc.Unsafe.getShortUnaligned (0x000078e2febff388) [0x000078e2febff480, 0x000078e2febff540] Compiler: jvmci, Barriers: 0, Oops: 0, ImmediateOops: 0, NonImmediateOops: No
[1,095s][debug][gc,nmethod  ] Register NMethod: java.lang.AbstractStringBuilder.ensureCapacityNewCoder (0x000078e2df474e08) [0x000078e2df474f00, 0x000078e2df475210] Compiler: c1, Barriers: 0, Oops: 0, ImmediateOops: 0, NonImmediateOops: No
[1,095s][debug][gc,nmethod  ] Register NMethod: java.io.UnixFileSystem.prefixLength (0x000078e2df475288) [0x000078e2df475380, 0x000078e2df475918] Compiler: c1, Barriers: 0, Oops: 1, ImmediateOops: 1, NonImmediateOops: No
[1,095s][debug][gc,nmethod  ] Register NMethod: java.util.zip.ZipFile$Source.checkAndAddEntry (0x000078e2df475988) [0x000078e2df475a80, 0x000078e2df477d80] Compiler: c1, Barriers: 3, Oops: 7, ImmediateOops: 8, NonImmediateOops: No
[1,095s][debug][gc,nmethod  ] Register NMethod: java.lang.AbstractStringBuilder.isLatin1 (0x000078e2df477e08) [0x000078e2df477f00, 0x000078e2df4780c0] Compiler: c1, Barriers: 0, Oops: 0, ImmediateOops: 0, NonImmediateOops: No
[1,095s][debug][gc,nmethod  ] Register NMethod: java.io.UnixFileSystem.getBooleanAttributes0 (0x000078e2febff688) [0x000078e2febff780, 0x000078e2febff8e8] Compiler: , Barriers: 0, Oops: 0, ImmediateOops: 0, NonImmediateOops: No
[1,095s][debug][gc,nmethod  ] Register NMethod: java.lang.AbstractStringBuilder.<init> (0x000078e2df478108) [0x000078e2df478200, 0x000078e2df478488] Compiler: c1, Barriers: 3, Oops: 0, ImmediateOops: 0, NonImmediateOops: No
[1,096s][debug][gc,nmethod  ] Register NMethod: java.lang.ref.Reference.reachabilityFence (0x000078e2df478508) [0x000078e2df478600, 0x000078e2df4786e0] Compiler: c1, Barriers: 0, Oops: 0, ImmediateOops: 0, NonImmediateOops: No
[1,096s][debug][gc,nmethod  ] Register NMethod: java.io.RandomAccessFile.readBytes0 (0x000078e2febff988) [0x000078e2febffa80, 0x000078e2febffbe8] Compiler: , Barriers: 0, Oops: 0, ImmediateOops: 0, NonImmediateOops: No
[1,096s][debug][gc,nmethod  ] Register NMethod: java.lang.StringBuilder.toString (0x000078e2df478808) [0x000078e2df478900, 0x000078e2df478d38] Compiler: c1, Barriers: 0, Oops: 0, ImmediateOops: 1, NonImmediateOops: No
[1,096s][debug][gc,nmethod  ] Register NMethod: java.io.RandomAccessFile.seek0 (0x000078e2febffc88) [0x000078e2febffd80, 0x000078e2febffec8] Compiler: , Barriers: 0, Oops: 0, ImmediateOops: 0, NonImmediateOops: No
[1,096s][debug][gc,nmethod  ] Register NMethod: java.lang.String.<init> (0x000078e2df478d88) [0x000078e2df478e80, 0x000078e2df479820] Compiler: c1, Barriers: 10, Oops: 0, ImmediateOops: 0, NonImmediateOops: No
[1,096s][debug][gc,nmethod  ] Register NMethod: java.io.File.isInvalid (0x000078e2df479888) [0x000078e2df479980, 0x000078e2df479f30] Compiler: c1, Barriers: 5, Oops: 0, ImmediateOops: 4, NonImmediateOops: No
[1,096s][debug][gc,nmethod  ] Register NMethod: jdk.internal.util.ArraysSupport.newLength (0x000078e2df479f88) [0x000078e2df47a080, 0x000078e2df47a2b8] Compiler: c1, Barriers: 0, Oops: 0, ImmediateOops: 0, NonImmediateOops: No
[1,096s][debug][gc,nmethod  ] Register NMethod: java.lang.StringLatin1.indexOfChar (0x000078e2febfff88) [0x000078e2fec00080, 0x000078e2fec002d8] Compiler: jvmci, Barriers: 0, Oops: 0, ImmediateOops: 0, NonImmediateOops: No
[1,097s][debug][gc,nmethod  ] Register NMethod: java.util.zip.ZipUtils.get16 (0x000078e2fec00308) [0x000078e2fec00400, 0x000078e2fec004d8] Compiler: jvmci, Barriers: 0, Oops: 0, ImmediateOops: 0, NonImmediateOops: No
[1,097s][debug][gc,nmethod  ] Register NMethod: java.lang.StringBuilder.<init> (0x000078e2df47a308) [0x000078e2df47a400, 0x000078e2df47a538] Compiler: c1, Barriers: 0, Oops: 0, ImmediateOops: 0, NonImmediateOops: No
[1,097s][debug][gc,nmethod  ] Register NMethod: jdk.internal.misc.Unsafe.getIntUnaligned (0x000078e2fec00608) [0x000078e2fec00700, 0x000078e2fec007c0] Compiler: jvmci, Barriers: 0, Oops: 0, ImmediateOops: 0, NonImmediateOops: No
[1,098s][debug][gc,nmethod  ] Register NMethod: java.util.Objects.checkIndex (0x000078e2df47a608) [0x000078e2df47a700, 0x000078e2df47a830] Compiler: c1, Barriers: 0, Oops: 0, ImmediateOops: 0, NonImmediateOops: No
[1,098s][debug][gc,nmethod  ] Register NMethod: java.util.ArrayList.elementData (0x000078e2df47a908) [0x000078e2df47aa00, 0x000078e2df47ab90] Compiler: c1, Barriers: 2, Oops: 0, ImmediateOops: 0, NonImmediateOops: No
[1,098s][debug][gc,nmethod  ] Register NMethod: java.util.zip.ZipFile$Source.getEntryHash (0x000078e2df47ac08) [0x000078e2df47ad00, 0x000078e2df47ae58] Compiler: c1, Barriers: 1, Oops: 0, ImmediateOops: 0, NonImmediateOops: No
[1,098s][debug][gc,nmethod  ] Register NMethod: java.util.ArrayList.get (0x000078e2df47af08) [0x000078e2df47b000, 0x000078e2df47b2a8] Compiler: c1, Barriers: 2, Oops: 0, ImmediateOops: 0, NonImmediateOops: No
[1,098s][debug][gc,nmethod  ] Register NMethod: java.util.Objects.checkFromIndexSize (0x000078e2df47b308) [0x000078e2df47b400, 0x000078e2df47b5f8] Compiler: c1, Barriers: 0, Oops: 0, ImmediateOops: 0, NonImmediateOops: No
[1,098s][debug][gc,nmethod  ] Register NMethod: java.util.zip.ZipUtils.get32 (0x000078e2fec00908) [0x000078e2fec00a00, 0x000078e2fec00ad0] Compiler: jvmci, Barriers: 0, Oops: 0, ImmediateOops: 0, NonImmediateOops: No
[1,098s][debug][gc,nmethod  ] Register NMethod: java.util.zip.ZipFile$Source.getEntryNext (0x000078e2df47b608) [0x000078e2df47b700, 0x000078e2df47b858] Compiler: c1, Barriers: 1, Oops: 0, ImmediateOops: 0, NonImmediateOops: No
[1,098s][debug][gc,nmethod  ] Register NMethod: java.util.zip.ZipFile.ensureOpen (0x000078e2df47b908) [0x000078e2df47ba00, 0x000078e2df47bcd0] Compiler: c1, Barriers: 2, Oops: 0, ImmediateOops: 2, NonImmediateOops: No
[1,098s][debug][gc,nmethod  ] Register NMethod: java.lang.ref.Cleaner$1.apply (0x000078e2df47bd08) [0x000078e2df47be00, 0x000078e2df47bf30] Compiler: c1, Barriers: 1, Oops: 0, ImmediateOops: 0, NonImmediateOops: No
[1,098s][debug][gc,nmethod  ] Register NMethod: jdk.internal.ref.CleanerImpl.getCleanerImpl (0x000078e2df47c008) [0x000078e2df47c100, 0x000078e2df47c638] Compiler: c1, Barriers: 1, Oops: 0, ImmediateOops: 1, NonImmediateOops: No
[1,098s][debug][gc,nmethod  ] Register NMethod: java.lang.ref.Cleaner$1.apply (0x000078e2df47c688) [0x000078e2df47c780, 0x000078e2df47cb30] Compiler: c1, Barriers: 1, Oops: 0, ImmediateOops: 0, NonImmediateOops: No
[1,098s][debug][gc,nmethod  ] Register NMethod: java.net.URL.getFile (0x000078e2fec00c08) [0x000078e2fec00d00, 0x000078e2fec00de8] Compiler: c1, Barriers: 1, Oops: 0, ImmediateOops: 0, NonImmediateOops: No
[1,098s][debug][gc,nmethod  ] Register NMethod: java.util.HashMap.putVal (0x000078e2df47cb88) [0x000078e2df47cc80, 0x000078e2df47f010] Compiler: c1, Barriers: 15, Oops: 0, ImmediateOops: 0, NonImmediateOops: No
[1,099s][debug][gc,nmethod  ] Register NMethod: java.lang.Class.getComponentType (0x000078e2fec00f08) [0x000078e2fec01000, 0x000078e2fec010e8] Compiler: c1, Barriers: 1, Oops: 0, ImmediateOops: 0, NonImmediateOops: No
[1,099s][debug][gc,nmethod  ] Register NMethod: java.lang.ref.Reference.refersTo0 (0x000078e2fec01208) [0x000078e2fec01300, 0x000078e2fec01470] Compiler: , Barriers: 0, Oops: 0, ImmediateOops: 0, NonImmediateOops: No
[1,099s][debug][gc,nmethod  ] Register NMethod: java.lang.StringCoding.countPositives (0x000078e2fec01508) [0x000078e2fec01600, 0x000078e2fec01988] Compiler: jvmci, Barriers: 0, Oops: 0, ImmediateOops: 0, NonImmediateOops: No
[1,099s][debug][gc,nmethod  ] Register NMethod: java.lang.invoke.MethodHandleNatives.resolve (0x000078e2fec01a08) [0x000078e2fec01b00, 0x000078e2fec01e50] Compiler: , Barriers: 0, Oops: 0, ImmediateOops: 1, NonImmediateOops: No
[1,099s][debug][gc,nmethod  ] Register NMethod: java.lang.ref.WeakReference.<init> (0x000078e2df47f088) [0x000078e2df47f180, 0x000078e2df47f470] Compiler: c1, Barriers: 6, Oops: 0, ImmediateOops: 1, NonImmediateOops: No
[1,099s][debug][gc,nmethod  ] Register NMethod: java.lang.invoke.MethodHandle.linkToStatic (0x000078e2fec01e88) [0x000078e2fec01f80, 0x000078e2fec02070] Compiler: , Barriers: 0, Oops: 0, ImmediateOops: 0, NonImmediateOops: No
[1,100s][debug][gc,nmethod  ] Register NMethod: java.lang.invoke.MethodHandles$Lookup.lookupClass (0x000078e2fec02188) [0x000078e2fec02280, 0x000078e2fec02368] Compiler: c1, Barriers: 1, Oops: 0, ImmediateOops: 0, NonImmediateOops: No
[1,100s][debug][gc,nmethod  ] Register NMethod: java.lang.invoke.MethodTypeForm.erasedType (0x000078e2fec02488) [0x000078e2fec02580, 0x000078e2fec02668] Compiler: c1, Barriers: 1, Oops: 0, ImmediateOops: 0, NonImmediateOops: No
[1,100s][debug][gc,nmethod  ] Register NMethod: java.lang.invoke.MethodHandle.invokeBasic (0x000078e2fec02788) [0x000078e2fec02880, 0x000078e2fec02b18] Compiler: , Barriers: 0, Oops: 0, ImmediateOops: 0, NonImmediateOops: No
[1,100s][debug][gc,nmethod  ] Register NMethod: java.lang.invoke.MemberName.getReferenceKind (0x000078e2df47f488) [0x000078e2df47f580, 0x000078e2df47f690] Compiler: c1, Barriers: 0, Oops: 0, ImmediateOops: 0, NonImmediateOops: No
[1,100s][debug][gc,nmethod  ] Register NMethod: java.lang.Class.isAssignableFrom (0x000078e2fec02b88) [0x000078e2fec02c80, 0x000078e2fec02df0] Compiler: , Barriers: 0, Oops: 0, ImmediateOops: 0, NonImmediateOops: No
[1,100s][debug][gc,nmethod  ] Register NMethod: jdk.internal.classfile.impl.AbstractPoolEntry.hash2 (0x000078e2df47f788) [0x000078e2df47f880, 0x000078e2df47f980] Compiler: c1, Barriers: 0, Oops: 0, ImmediateOops: 0, NonImmediateOops: No
[1,100s][debug][gc,nmethod  ] Register NMethod: java.util.Arrays.copyOf (0x000078e2df47fa88) [0x000078e2df47fb80, 0x000078e2df480400] Compiler: c1, Barriers: 1, Oops: 0, ImmediateOops: 1, NonImmediateOops: No
[1,100s][debug][gc,nmethod  ] Register NMethod: java.lang.invoke.MethodHandle.type (0x000078e2fec02e88) [0x000078e2fec02f80, 0x000078e2fec03068] Compiler: c1, Barriers: 1, Oops: 0, ImmediateOops: 0, NonImmediateOops: No
[1,100s][debug][gc,nmethod  ] Register NMethod: jdk.internal.classfile.impl.AbstractPoolEntry.hashCode (0x000078e2fec03188) [0x000078e2fec03280, 0x000078e2fec03340] Compiler: c1, Barriers: 0, Oops: 0, ImmediateOops: 0, NonImmediateOops: No
[1,101s][debug][gc,nmethod  ] Register NMethod: jdk.internal.classfile.impl.RawBytecodeHelper.isStoreIntoLocal (0x000078e2df480408) [0x000078e2df480500, 0x000078e2df480658] Compiler: c1, Barriers: 0, Oops: 0, ImmediateOops: 0, NonImmediateOops: No
[1,101s][debug][gc,nmethod  ] Register NMethod: java.lang.AbstractStringBuilder.newCapacity (0x000078e2df480708) [0x000078e2df480800, 0x000078e2df480b98] Compiler: c1, Barriers: 0, Oops: 0, ImmediateOops: 1, NonImmediateOops: No
[1,101s][debug][gc,nmethod  ] Register NMethod: java.lang.System.nanoTime (0x000078e2fec03488) [0x000078e2fec03580, 0x000078e2fec036d8] Compiler: , Barriers: 0, Oops: 0, ImmediateOops: 1, NonImmediateOops: No
[1,101s][debug][gc,director ] Rule Major: Warmup 10%, Used: 14MB, UsedThreshold: 1228MB
[1,102s][debug][gc,nmethod  ] Register NMethod: java.lang.ClassLoader.findLoadedClass0 (0x000078e2fec03788) [0x000078e2fec03880, 0x000078e2fec03bb0] Compiler: , Barriers: 0, Oops: 0, ImmediateOops: 0, NonImmediateOops: No
[1,102s][debug][gc,nmethod  ] Register NMethod: java.io.RandomAccessFile.readBytes (0x000078e2df480c08) [0x000078e2df480d00, 0x000078e2df480f58] Compiler: c1, Barriers: 0, Oops: 0, ImmediateOops: 1, NonImmediateOops: No
[1,102s][debug][gc,nmethod  ] Register NMethod: java.io.RandomAccessFile.read (0x000078e2df480f88) [0x000078e2df481080, 0x000078e2df481338] Compiler: c1, Barriers: 0, Oops: 0, ImmediateOops: 1, NonImmediateOops: No
[1,102s][debug][gc,nmethod  ] Register NMethod: java.security.ProtectionDomain.getCodeSource (0x000078e2fec03c08) [0x000078e2fec03d00, 0x000078e2fec03de8] Compiler: c1, Barriers: 1, Oops: 0, ImmediateOops: 0, NonImmediateOops: No
[1,102s][debug][gc,nmethod  ] Register NMethod: jdk.internal.loader.URLClassPath$JarLoader.ensureOpen (0x000078e2df481388) [0x000078e2df481480, 0x000078e2df4816e8] Compiler: c1, Barriers: 5, Oops: 0, ImmediateOops: 0, NonImmediateOops: No
[1,102s][debug][gc,nmethod  ] Register NMethod: java.lang.ClassLoader.checkName (0x000078e2df481708) [0x000078e2df481800, 0x000078e2df482548] Compiler: c1, Barriers: 3, Oops: 1, ImmediateOops: 1, NonImmediateOops: No
[1,102s][debug][gc,nmethod  ] Register NMethod: java.io.RandomAccessFile.seek (0x000078e2df482588) [0x000078e2df482680, 0x000078e2df4828c8] Compiler: c1, Barriers: 0, Oops: 0, ImmediateOops: 1, NonImmediateOops: No
[1,102s][debug][gc,nmethod  ] Register NMethod: java.lang.Integer.intValue (0x000078e2fec03f08) [0x000078e2fec04000, 0x000078e2fec040c0] Compiler: c1, Barriers: 0, Oops: 0, ImmediateOops: 0, NonImmediateOops: No
[1,103s][debug][gc,nmethod  ] Register NMethod: java.util.jar.JarFile.checkForSpecialAttributes (0x000078e2df482908) [0x000078e2df482a00, 0x000078e2df483f68] Compiler: c1, Barriers: 10, Oops: 1, ImmediateOops: 8, NonImmediateOops: No
[1,103s][debug][gc,nmethod  ] Register NMethod: java.util.zip.ZipFile$Source.getEntryPos (0x000078e2df483f88) [0x000078e2df484080, 0x000078e2df485d28] Compiler: c1, Barriers: 12, Oops: 1, ImmediateOops: 3, NonImmediateOops: No
[1,103s][debug][gc,nmethod  ] Register NMethod: java.util.jar.JarFile.isMultiRelease (0x000078e2df485d88) [0x000078e2df485e80, 0x000078e2df486078] Compiler: c1, Barriers: 0, Oops: 0, ImmediateOops: 0, NonImmediateOops: No
[1,103s][debug][gc,nmethod  ] Register NMethod: java.util.jar.Attributes$Name.hashCode (0x000078e2fec04208) [0x000078e2fec04300, 0x000078e2fec043c0] Compiler: c1, Barriers: 0, Oops: 0, ImmediateOops: 0, NonImmediateOops: No
[1,103s][debug][gc,nmethod  ] Register NMethod: java.util.LinkedHashMap.removeEldestEntry (0x000078e2fec04508) [0x000078e2fec04600, 0x000078e2fec046c0] Compiler: c1, Barriers: 0, Oops: 0, ImmediateOops: 0, NonImmediateOops: No
[1,104s][debug][gc,nmethod  ] Register NMethod: java.util.jar.Manifest$FastInputStream.readLine (0x000078e2df486088) [0x000078e2df486180, 0x000078e2df4869d8] Compiler: c1, Barriers: 1, Oops: 0, ImmediateOops: 0, NonImmediateOops: No
[1,104s][debug][gc,nmethod  ] Register NMethod: jdk.internal.misc.Unsafe.putLong (0x000078e2fec04808) [0x000078e2fec04900, 0x000078e2fec04a58] Compiler: , Barriers: 0, Oops: 0, ImmediateOops: 0, NonImmediateOops: No
[1,104s][debug][gc,nmethod  ] Register NMethod: java.nio.Buffer.session (0x000078e2df486a08) [0x000078e2df486b00, 0x000078e2df486f08] Compiler: c1, Barriers: 1, Oops: 0, ImmediateOops: 0, NonImmediateOops: No
[1,104s][debug][gc,nmethod  ] Register NMethod: java.nio.Buffer.checkIndex (0x000078e2df486f88) [0x000078e2df487080, 0x000078e2df4871d0] Compiler: c1, Barriers: 0, Oops: 1, ImmediateOops: 1, NonImmediateOops: No
[1,104s][debug][gc,nmethod  ] Register NMethod: java.util.zip.ZipCoder.hash (0x000078e2df487288) [0x000078e2df487380, 0x000078e2df4881b8] Compiler: c1, Barriers: 1, Oops: 1, ImmediateOops: 1, NonImmediateOops: No
[1,104s][debug][gc,nmethod  ] Register NMethod: java.util.zip.ZipFile.getEntry (0x000078e2df488208) [0x000078e2df488300, 0x000078e2df4888c8] Compiler: c1, Barriers: 4, Oops: 1, ImmediateOops: 1, NonImmediateOops: No
[1,104s][debug][gc,nmethod  ] Register NMethod: java.nio.DirectLongBufferU.ix (0x000078e2df488908) [0x000078e2df488a00, 0x000078e2df488b10] Compiler: c1, Barriers: 0, Oops: 0, ImmediateOops: 0, NonImmediateOops: No
[1,104s][debug][gc,nmethod  ] Register NMethod: jdk.internal.loader.URLClassPath$JarLoader.getResource (0x000078e2df488c08) [0x000078e2df488d00, 0x000078e2df4892d0] Compiler: c1, Barriers: 1, Oops: 0, ImmediateOops: 0, NonImmediateOops: No
[1,105s][debug][gc,nmethod  ] Register NMethod: java.util.jar.JarFile.getJarEntry (0x000078e2df489308) [0x000078e2df489400, 0x000078e2df489ca8] Compiler: c1, Barriers: 0, Oops: 0, ImmediateOops: 0, NonImmediateOops: No
[1,105s][debug][gc,nmethod  ] Register NMethod: java.util.jar.JarFile.getEntry (0x000078e2df489d08) [0x000078e2df489e00, 0x000078e2df48a548] Compiler: c1, Barriers: 0, Oops: 0, ImmediateOops: 0, NonImmediateOops: No
[1,105s][debug][gc,nmethod  ] Register NMethod: jdk.internal.loader.URLClassPath.getLoader (0x000078e2df48a588) [0x000078e2df48a680, 0x000078e2df48c548] Compiler: c1, Barriers: 12, Oops: 0, ImmediateOops: 0, NonImmediateOops: No
[1,105s][debug][gc,nmethod  ] Register NMethod: java.util.WeakHashMap.maskNull (0x000078e2df48c588) [0x000078e2df48c680, 0x000078e2df48c7a8] Compiler: c1, Barriers: 0, Oops: 0, ImmediateOops: 1, NonImmediateOops: No
[1,105s][debug][gc,nmethod  ] Register NMethod: java.util.WeakHashMap.hash (0x000078e2df48c888) [0x000078e2df48c980, 0x000078e2df48cca8] Compiler: c1, Barriers: 0, Oops: 0, ImmediateOops: 0, NonImmediateOops: No
[1,105s][debug][gc,nmethod  ] Register NMethod: java.util.WeakHashMap.indexFor (0x000078e2df48cd08) [0x000078e2df48ce00, 0x000078e2df48cee8] Compiler: c1, Barriers: 0, Oops: 0, ImmediateOops: 0, NonImmediateOops: No
[1,105s][debug][gc,nmethod  ] Register NMethod: java.util.WeakHashMap.getTable (0x000078e2df48d008) [0x000078e2df48d100, 0x000078e2df48d278] Compiler: c1, Barriers: 1, Oops: 0, ImmediateOops: 0, NonImmediateOops: No
[1,105s][debug][gc,nmethod  ] Register NMethod: java.lang.Class.getModule (0x000078e2fec04b08) [0x000078e2fec04c00, 0x000078e2fec04ce8] Compiler: c1, Barriers: 1, Oops: 0, ImmediateOops: 0, NonImmediateOops: No
[1,105s][debug][gc,nmethod  ] Register NMethod: java.util.WeakHashMap.expungeStaleEntries (0x000078e2df48d308) [0x000078e2df48d400, 0x000078e2df48e198] Compiler: c1, Barriers: 14, Oops: 0, ImmediateOops: 0, NonImmediateOops: No
[1,106s][debug][gc,nmethod  ] Register NMethod: java.lang.Class.getPackageName (0x000078e2df48e208) [0x000078e2df48e300, 0x000078e2df490508] Compiler: c1, Barriers: 8, Oops: 0, ImmediateOops: 2, NonImmediateOops: No
[1,107s][debug][gc,nmethod  ] Register NMethod: java.util.zip.Inflater.inflateBytesBytes (0x000078e2fec04e08) [0x000078e2fec04f00, 0x000078e2fec05098] Compiler: , Barriers: 0, Oops: 0, ImmediateOops: 0, NonImmediateOops: No
[1,108s][debug][gc,nmethod  ] Register NMethod: java.lang.ClassLoader.findBootstrapClass (0x000078e2fec05108) [0x000078e2fec05200, 0x000078e2fec05538] Compiler: , Barriers: 0, Oops: 0, ImmediateOops: 1, NonImmediateOops: No
[1,108s][debug][gc,nmethod  ] Register NMethod: java.security.CodeSource.getLocationNoFragString (0x000078e2fec05588) [0x000078e2fec05680, 0x000078e2fec05768] Compiler: c1, Barriers: 1, Oops: 0, ImmediateOops: 0, NonImmediateOops: No
[1,108s][debug][gc,nmethod  ] Register NMethod: java.lang.Module.getDescriptor (0x000078e2fec05888) [0x000078e2fec05980, 0x000078e2fec05a68] Compiler: c1, Barriers: 1, Oops: 0, ImmediateOops: 0, NonImmediateOops: No
[1,109s][debug][gc,nmethod  ] Register NMethod: java.util.concurrent.CopyOnWriteArrayList.setArray (0x000078e2fec05b88) [0x000078e2fec05c80, 0x000078e2fec05db0] Compiler: c1, Barriers: 3, Oops: 0, ImmediateOops: 0, NonImmediateOops: No
[1,109s][debug][gc,nmethod  ] Register NMethod: java.lang.module.ModuleDescriptor$Provides.providers (0x000078e2fec05e88) [0x000078e2fec05f80, 0x000078e2fec06068] Compiler: c1, Barriers: 1, Oops: 0, ImmediateOops: 0, NonImmediateOops: No
[1,109s][debug][gc,nmethod  ] Register NMethod: java.lang.Class.initClassName (0x000078e2fec06188) [0x000078e2fec06280, 0x000078e2fec065a0] Compiler: , Barriers: 0, Oops: 0, ImmediateOops: 0, NonImmediateOops: No
[1,109s][debug][gc,nmethod  ] Register NMethod: java.lang.StringBuilder.append (0x000078e2df490588) [0x000078e2df490680, 0x000078e2df4907c8] Compiler: c1, Barriers: 0, Oops: 0, ImmediateOops: 0, NonImmediateOops: No
[1,109s][debug][gc,nmethod  ] Register NMethod: java.lang.StringLatin1.coderFromChar (0x000078e2df490888) [0x000078e2df490980, 0x000078e2df490a70] Compiler: c1, Barriers: 0, Oops: 0, ImmediateOops: 0, NonImmediateOops: No
[1,109s][debug][gc,nmethod  ] Register NMethod: java.lang.AbstractStringBuilder.append (0x000078e2df490b88) [0x000078e2df490c80, 0x000078e2df491138] Compiler: c1, Barriers: 4, Oops: 0, ImmediateOops: 0, NonImmediateOops: No
[1,110s][debug][gc,nmethod  ] Register NMethod: java.nio.DirectByteBuffer.ix (0x000078e2df491188) [0x000078e2df491280, 0x000078e2df491388] Compiler: c1, Barriers: 0, Oops: 0, ImmediateOops: 0, NonImmediateOops: No
[1,111s][debug][gc,nmethod  ] Register NMethod: jdk.internal.misc.ScopedMemoryAccess.getByte (0x000078e2df491488) [0x000078e2df491580, 0x000078e2df491898] Compiler: c1, Barriers: 0, Oops: 0, ImmediateOops: 0, NonImmediateOops: No
[1,111s][debug][gc,nmethod  ] Register NMethod: jdk.internal.misc.ScopedMemoryAccess.getByteInternal (0x000078e2df491908) [0x000078e2df491a00, 0x000078e2df491c50] Compiler: c1, Barriers: 0, Oops: 0, ImmediateOops: 0, NonImmediateOops: No
[1,111s][debug][gc,nmethod  ] Register NMethod: java.nio.DirectByteBuffer.get (0x000078e2df491c88) [0x000078e2df491d80, 0x000078e2df492b80] Compiler: c1, Barriers: 1, Oops: 2, ImmediateOops: 2, NonImmediateOops: No
[1,111s][debug][gc,nmethod  ] Register NMethod: jdk.internal.classfile.impl.StackMapGenerator.processBlock (0x000078e2df492c08) [0x000078e2df492d00, 0x000078e2df4c1fc8] Compiler: c1, Barriers: 287, Oops: 4, ImmediateOops: 158, NonImmediateOops: No
[1,111s][debug][gc,nmethod  ] Register NMethod: java.lang.ref.Reference.reachabilityFence (0x000078e2fec06608) [0x000078e2fec06700, 0x000078e2fec06760] Compiler: jvmci, Barriers: 0, Oops: 0, ImmediateOops: 0, NonImmediateOops: No
[1,111s][debug][gc,nmethod  ] Register NMethod: java.util.concurrent.ConcurrentHashMap.tabAt (0x000078e2fec06908) [0x000078e2fec06a00, 0x000078e2fec06a98] Compiler: jvmci, Barriers: 1, Oops: 0, ImmediateOops: 0, NonImmediateOops: No
[1,112s][debug][gc,director ] Rule Major: Warmup 10%, Used: 14MB, UsedThreshold: 1228MB
[1,112s][debug][gc,nmethod  ] Register NMethod: java.lang.StringLatin1.canEncode (0x000078e2df4c2008) [0x000078e2df4c2100, 0x000078e2df4c2260] Compiler: c1, Barriers: 0, Oops: 0, ImmediateOops: 0, NonImmediateOops: No
[1,112s][debug][gc,nmethod  ] Register NMethod: java.lang.invoke.LambdaForm$Name.<init> (0x000078e2df4c2308) [0x000078e2df4c2400, 0x000078e2df4c2768] Compiler: c1, Barriers: 12, Oops: 0, ImmediateOops: 0, NonImmediateOops: No
[1,112s][debug][gc,nmethod  ] Register NMethod: jdk.internal.constant.MethodTypeDescImpl.parameterCount (0x000078e2df4c2788) [0x000078e2df4c2880, 0x000078e2df4c29b8] Compiler: c1, Barriers: 1, Oops: 0, ImmediateOops: 0, NonImmediateOops: No
[1,113s][debug][gc,nmethod  ] Register NMethod: java.lang.Class.desiredAssertionStatus0 (0x000078e2fec06c08) [0x000078e2fec06d00, 0x000078e2fec06e70] Compiler: , Barriers: 0, Oops: 0, ImmediateOops: 1, NonImmediateOops: No
[1,115s][debug][gc,nmethod  ] Register NMethod: jdk.internal.loader.URLClassPath$JarLoader.getResource (0x000078e2df4c2a88) [0x000078e2df4c2b80, 0x000078e2df4c34b0] Compiler: c1, Barriers: 1, Oops: 0, ImmediateOops: 0, NonImmediateOops: No
[1,116s][debug][gc,nmethod  ] Register NMethod: java.io.RandomAccessFile.readFully (0x000078e2df4c3508) [0x000078e2df4c3600, 0x000078e2df4c3ad8] Compiler: c1, Barriers: 0, Oops: 0, ImmediateOops: 1, NonImmediateOops: No
[1,116s][debug][gc,nmethod  ] Register NMethod: jdk.internal.misc.Unsafe.compareAndSetInt (0x000078e2fec06f08) [0x000078e2fec07000, 0x000078e2fec07170] Compiler: , Barriers: 0, Oops: 0, ImmediateOops: 0, NonImmediateOops: No
[1,116s][debug][gc,nmethod  ] Register NMethod: java.util.jar.JarFile.getEntry (0x000078e2df4c3b08) [0x000078e2df4c3c00, 0x000078e2df4c4348] Compiler: c1, Barriers: 0, Oops: 0, ImmediateOops: 0, NonImmediateOops: No
[1,116s][debug][gc,nmethod  ] Register NMethod: java.net.URL.getRef (0x000078e2fec07208) [0x000078e2fec07300, 0x000078e2fec073e8] Compiler: c1, Barriers: 1, Oops: 0, ImmediateOops: 0, NonImmediateOops: No
[1,116s][debug][gc,nmethod  ] Register NMethod: java.net.URL.getPath (0x000078e2fec07508) [0x000078e2fec07600, 0x000078e2fec076e8] Compiler: c1, Barriers: 1, Oops: 0, ImmediateOops: 0, NonImmediateOops: No
[1,117s][debug][gc,nmethod  ] Register NMethod: java.net.URL.getPort (0x000078e2fec07808) [0x000078e2fec07900, 0x000078e2fec079c0] Compiler: c1, Barriers: 0, Oops: 0, ImmediateOops: 0, NonImmediateOops: No
[1,117s][debug][gc,nmethod  ] Register NMethod: java.net.URL.getQuery (0x000078e2fec07b08) [0x000078e2fec07c00, 0x000078e2fec07ce8] Compiler: c1, Barriers: 1, Oops: 0, ImmediateOops: 0, NonImmediateOops: No
[1,117s][debug][gc,nmethod  ] Register NMethod: java.net.URL.getAuthority (0x000078e2fec07e08) [0x000078e2fec07f00, 0x000078e2fec07fe8] Compiler: c1, Barriers: 1, Oops: 0, ImmediateOops: 0, NonImmediateOops: No
[1,117s][debug][gc,nmethod  ] Register NMethod: java.lang.CharacterDataLatin1.equalsIgnoreCase (0x000078e2df4c4388) [0x000078e2df4c4480, 0x000078e2df4c4718] Compiler: c1, Barriers: 0, Oops: 0, ImmediateOops: 0, NonImmediateOops: No
[1,117s][debug][gc,nmethod  ] Register NMethod: java.util.zip.Inflater.ensureOpen (0x000078e2df4c4788) [0x000078e2df4c4880, 0x000078e2df4c4b08] Compiler: c1, Barriers: 1, Oops: 0, ImmediateOops: 1, NonImmediateOops: No
[1,117s][debug][gc,nmethod  ] Register NMethod: java.util.ArrayDeque.addLast (0x000078e2df4c4b88) [0x000078e2df4c4c80, 0x000078e2df4c5260] Compiler: c1, Barriers: 4, Oops: 0, ImmediateOops: 0, NonImmediateOops: No
[1,117s][debug][gc,nmethod  ] Register NMethod: java.lang.StringLatin1.regionMatchesCI (0x000078e2df4c5288) [0x000078e2df4c5380, 0x000078e2df4c5620] Compiler: c1, Barriers: 0, Oops: 0, ImmediateOops: 0, NonImmediateOops: No
[1,118s][debug][gc,nmethod  ] Register NMethod: java.lang.String.regionMatches (0x000078e2df4c5688) [0x000078e2df4c5780, 0x000078e2df4c6b78] Compiler: c1, Barriers: 2, Oops: 0, ImmediateOops: 0, NonImmediateOops: No
[1,118s][debug][gc,nmethod  ] Register NMethod: java.util.jar.JarFile.checkForSpecialAttributes (0x000078e2df4c6b88) [0x000078e2df4c6c80, 0x000078e2df4c8260] Compiler: c1, Barriers: 13, Oops: 1, ImmediateOops: 8, NonImmediateOops: No
[1,118s][debug][gc,nmethod  ] Register NMethod: java.util.zip.ZipFile$Source.readFullyAt (0x000078e2df4c8288) [0x000078e2df4c8380, 0x000078e2df4c8c18] Compiler: c1, Barriers: 3, Oops: 0, ImmediateOops: 1, NonImmediateOops: No
[1,118s][debug][gc,nmethod  ] Register NMethod: java.lang.ClassLoader.findLoadedClass (0x000078e2df4c8c88) [0x000078e2df4c8d80, 0x000078e2df4c8f50] Compiler: c1, Barriers: 0, Oops: 0, ImmediateOops: 0, NonImmediateOops: No
[1,118s][debug][gc,nmethod  ] Register NMethod: java.lang.ClassLoader.getClassLoadingLock (0x000078e2df4c8f88) [0x000078e2df4c9080, 0x000078e2df4c9550] Compiler: c1, Barriers: 1, Oops: 0, ImmediateOops: 0, NonImmediateOops: No
[1,118s][debug][gc,nmethod  ] Register NMethod: java.util.ArrayDeque.add (0x000078e2df4c9588) [0x000078e2df4c9680, 0x000078e2df4c97d0] Compiler: c1, Barriers: 0, Oops: 0, ImmediateOops: 0, NonImmediateOops: No
[1,118s][debug][gc,nmethod  ] Register NMethod: java.security.CodeSource.getLocation (0x000078e2fec08108) [0x000078e2fec08200, 0x000078e2fec082e8] Compiler: c1, Barriers: 1, Oops: 0, ImmediateOops: 0, NonImmediateOops: No
[1,119s][debug][gc,nmethod  ] Register NMethod: jdk.internal.perf.PerfCounter.get (0x000078e2df4c9888) [0x000078e2df4c9980, 0x000078e2df4c9c60] Compiler: c1, Barriers: 1, Oops: 0, ImmediateOops: 0, NonImmediateOops: No
[1,119s][debug][gc,nmethod  ] Register NMethod: jdk.internal.perf.PerfCounter.add (0x000078e2df4c9c88) [0x000078e2df4c9d80, 0x000078e2df4ca2e0] Compiler: c1, Barriers: 2, Oops: 0, ImmediateOops: 0, NonImmediateOops: No
[1,119s][debug][gc,nmethod  ] Register NMethod: jdk.internal.misc.ScopedMemoryAccess.getLong (0x000078e2df4ca308) [0x000078e2df4ca400, 0x000078e2df4ca710] Compiler: c1, Barriers: 0, Oops: 0, ImmediateOops: 0, NonImmediateOops: No
[1,119s][debug][gc,nmethod  ] Register NMethod: jdk.internal.misc.ScopedMemoryAccess.getLongInternal (0x000078e2df4ca788) [0x000078e2df4ca880, 0x000078e2df4caad0] Compiler: c1, Barriers: 0, Oops: 0, ImmediateOops: 0, NonImmediateOops: No
[1,119s][debug][gc,nmethod  ] Register NMethod: java.nio.DirectLongBufferU.get (0x000078e2df4cab08) [0x000078e2df4cac00, 0x000078e2df4cb9f0] Compiler: c1, Barriers: 1, Oops: 2, ImmediateOops: 2, NonImmediateOops: No
[1,119s][debug][gc,nmethod  ] Register NMethod: jdk.internal.misc.ScopedMemoryAccess.putLongInternal (0x000078e2df4cba08) [0x000078e2df4cbb00, 0x000078e2df4cbd60] Compiler: c1, Barriers: 0, Oops: 0, ImmediateOops: 0, NonImmediateOops: No
[1,119s][debug][gc,nmethod  ] Register NMethod: jdk.internal.misc.ScopedMemoryAccess.putLong (0x000078e2df4cbd88) [0x000078e2df4cbe80, 0x000078e2df4cc1d0] Compiler: c1, Barriers: 0, Oops: 0, ImmediateOops: 0, NonImmediateOops: No
[1,119s][debug][gc,nmethod  ] Register NMethod: java.nio.DirectLongBufferU.put (0x000078e2df4cc208) [0x000078e2df4cc300, 0x000078e2df4cd140] Compiler: c1, Barriers: 1, Oops: 2, ImmediateOops: 2, NonImmediateOops: No
[1,120s][debug][gc,nmethod  ] Register NMethod: jdk.internal.misc.Unsafe.putReferenceRelease (0x000078e2fec08408) [0x000078e2fec08500, 0x000078e2fec085f0] Compiler: jvmci, Barriers: 3, Oops: 0, ImmediateOops: 0, NonImmediateOops: No
[1,120s][debug][gc,nmethod  ] Register NMethod: java.lang.ClassLoader.loadClass (0x000078e2df4cd188) [0x000078e2df4cd280, 0x000078e2df4cd588] Compiler: c1, Barriers: 0, Oops: 0, ImmediateOops: 0, NonImmediateOops: No
[1,120s][debug][gc,nmethod  ] Register NMethod: java.net.URL.isBuiltinStreamHandler (0x000078e2df4cd608) [0x000078e2df4cd700, 0x000078e2df4cdc30] Compiler: c1, Barriers: 0, Oops: 1, ImmediateOops: 1, NonImmediateOops: No
[1,120s][debug][gc,nmethod  ] Register NMethod: sun.net.util.IPAddressUtil.checkHostString (0x000078e2df4cdc88) [0x000078e2df4cdd80, 0x000078e2df4cdf80] Compiler: c1, Barriers: 0, Oops: 0, ImmediateOops: 0, NonImmediateOops: No
[1,120s][debug][gc,nmethod  ] Register NMethod: java.net.URL.isBuiltinStreamHandler (0x000078e2df4cdf88) [0x000078e2df4ce080, 0x000078e2df4cef68] Compiler: c1, Barriers: 3, Oops: 1, ImmediateOops: 2, NonImmediateOops: No
[1,121s][debug][gc,nmethod  ] Register NMethod: java.util.Arrays.rangeCheck (0x000078e2df4cef88) [0x000078e2df4cf080, 0x000078e2df4d0668] Compiler: c1, Barriers: 0, Oops: 3, ImmediateOops: 4, NonImmediateOops: No
[1,121s][debug][gc,nmethod  ] Register NMethod: sun.net.util.IPAddressUtil.scan (0x000078e2df4d0688) [0x000078e2df4d0780, 0x000078e2df4d19d8] Compiler: c1, Barriers: 3, Oops: 1, ImmediateOops: 2, NonImmediateOops: No
[1,121s][debug][gc,nmethod  ] Register NMethod: sun.net.util.IPAddressUtil.checkHost (0x000078e2df4d1a08) [0x000078e2df4d1b00, 0x000078e2df4d68e8] Compiler: c1, Barriers: 7, Oops: 5, ImmediateOops: 13, NonImmediateOops: No
[1,121s][debug][gc,nmethod  ] Register NMethod: java.lang.ref.PhantomReference.clear0 (0x000078e2fec08708) [0x000078e2fec08800, 0x000078e2fec08948] Compiler: , Barriers: 0, Oops: 0, ImmediateOops: 0, NonImmediateOops: No
[1,121s][debug][gc,nmethod  ] Register NMethod: java.util.zip.Inflater.reset (0x000078e2fec08a08) [0x000078e2fec08b00, 0x000078e2fec08c50] Compiler: , Barriers: 0, Oops: 0, ImmediateOops: 1, NonImmediateOops: No
[1,121s][debug][gc,nmethod  ] Register NMethod: java.io.InputStream.<init> (0x000078e2df4d6988) [0x000078e2df4d6a80, 0x000078e2df4d6bd8] Compiler: c1, Barriers: 0, Oops: 0, ImmediateOops: 0, NonImmediateOops: No
[1,121s][debug][gc,nmethod  ] Register NMethod: java.util.zip.Inflater.hasPendingOutput (0x000078e2fec08d08) [0x000078e2fec08e00, 0x000078e2fec08ec0] Compiler: c1, Barriers: 0, Oops: 0, ImmediateOops: 0, NonImmediateOops: No
[1,122s][debug][gc,nmethod  ] Register NMethod: java.util.Collections$SetFromMap.remove (0x000078e2df4d6c88) [0x000078e2df4d6d80, 0x000078e2df4d7110] Compiler: c1, Barriers: 1, Oops: 0, ImmediateOops: 0, NonImmediateOops: No
[1,122s][debug][gc,nmethod  ] Register NMethod: java.util.zip.ZipFile$ZipFileInputStream.close (0x000078e2df4d7188) [0x000078e2df4d7280, 0x000078e2df4d78c8] Compiler: c1, Barriers: 6, Oops: 0, ImmediateOops: 0, NonImmediateOops: No
[1,122s][debug][gc,director ] Rule Major: Warmup 10%, Used: 14MB, UsedThreshold: 1228MB
[1,122s][debug][gc,nmethod  ] Register NMethod: java.lang.StringConcatHelper.checkOverflow (0x000078e2df4d7908) [0x000078e2df4d7a00, 0x000078e2df4d7bd8] Compiler: c1, Barriers: 0, Oops: 0, ImmediateOops: 1, NonImmediateOops: No
[1,122s][debug][gc,nmethod  ] Register NMethod: java.lang.Throwable.fillInStackTrace (0x000078e2fec09008) [0x000078e2fec09100, 0x000078e2fec09420] Compiler: , Barriers: 0, Oops: 0, ImmediateOops: 0, NonImmediateOops: No
[1,122s][debug][gc,nmethod  ] Register NMethod: java.lang.String.concat (0x000078e2df4d7c08) [0x000078e2df4d7d00, 0x000078e2df4da000] Compiler: c1, Barriers: 6, Oops: 0, ImmediateOops: 4, NonImmediateOops: No
[1,122s][debug][gc,nmethod  ] Register NMethod: java.util.WeakHashMap.remove (0x000078e2df4da008) [0x000078e2df4da100, 0x000078e2df4db510] Compiler: c1, Barriers: 12, Oops: 0, ImmediateOops: 1, NonImmediateOops: No
[1,122s][debug][gc,nmethod  ] Register NMethod: java.lang.StringConcatHelper.doConcat (0x000078e2df4db588) [0x000078e2df4db680, 0x000078e2df4dd620] Compiler: c1, Barriers: 6, Oops: 0, ImmediateOops: 4, NonImmediateOops: No
[1,123s][debug][gc,nmethod  ] Register NMethod: java.util.jar.JarFile.maybeInstantiateVerifier (0x000078e2df4dd688) [0x000078e2df4dd780, 0x000078e2df4ddc50] Compiler: c1, Barriers: 1, Oops: 0, ImmediateOops: 1, NonImmediateOops: No
[1,123s][debug][gc,nmethod  ] Register NMethod: java.util.ArrayDeque.elementAt (0x000078e2df4ddc88) [0x000078e2df4ddd80, 0x000078e2df4ddeb8] Compiler: c1, Barriers: 1, Oops: 0, ImmediateOops: 0, NonImmediateOops: No
[1,123s][debug][gc,nmethod  ] Register NMethod: java.lang.ref.PhantomReference.<init> (0x000078e2df4ddf88) [0x000078e2df4de080, 0x000078e2df4de370] Compiler: c1, Barriers: 6, Oops: 0, ImmediateOops: 1, NonImmediateOops: No
[1,124s][debug][gc,nmethod  ] Register NMethod: jdk.internal.ref.CleanerImpl$CleanableList.insert (0x000078e2df4de388) [0x000078e2df4de480, 0x000078e2df4def00] Compiler: c1, Barriers: 22, Oops: 0, ImmediateOops: 0, NonImmediateOops: No
[1,124s][debug][gc,nmethod  ] Register NMethod: java.lang.String.indexOf (0x000078e2df4def08) [0x000078e2df4df000, 0x000078e2df4df9b8] Compiler: c1, Barriers: 2, Oops: 0, ImmediateOops: 0, NonImmediateOops: No
[1,124s][debug][gc,nmethod  ] Register NMethod: jdk.internal.ref.CleanerFactory.cleaner (0x000078e2df4dfa08) [0x000078e2df4dfb00, 0x000078e2df4dfbe8] Compiler: c1, Barriers: 0, Oops: 0, ImmediateOops: 1, NonImmediateOops: No
[1,124s][debug][gc,nmethod  ] Register NMethod: jdk.internal.ref.PhantomCleanable.<init> (0x000078e2df4dfd08) [0x000078e2df4dfe00, 0x000078e2df4e0ff0] Compiler: c1, Barriers: 13, Oops: 0, ImmediateOops: 3, NonImmediateOops: No
[1,124s][debug][gc,nmethod  ] Register NMethod: java.net.URLStreamHandler.getDefaultPort (0x000078e2fec09488) [0x000078e2fec09580, 0x000078e2fec09640] Compiler: c1, Barriers: 0, Oops: 0, ImmediateOops: 0, NonImmediateOops: No
[1,124s][debug][gc,nmethod  ] Register NMethod: java.util.zip.ZipEntry.getSize (0x000078e2fec09788) [0x000078e2fec09880, 0x000078e2fec09940] Compiler: c1, Barriers: 0, Oops: 0, ImmediateOops: 0, NonImmediateOops: No
[1,124s][debug][gc,nmethod  ] Register NMethod: java.lang.StringLatin1.lastIndexOf (0x000078e2fec09a88) [0x000078e2fec09b80, 0x000078e2fec09df0] Compiler: jvmci, Barriers: 0, Oops: 0, ImmediateOops: 0, NonImmediateOops: No
[1,124s][debug][gc,nmethod  ] Register NMethod: java.lang.NamedPackage.module (0x000078e2fec09e08) [0x000078e2fec09f00, 0x000078e2fec09fe8] Compiler: c1, Barriers: 1, Oops: 0, ImmediateOops: 0, NonImmediateOops: No
[1,125s][debug][gc,nmethod  ] Register NMethod: java.util.zip.InflaterInputStream.ensureOpen (0x000078e2df4e1008) [0x000078e2df4e1100, 0x000078e2df4e1308] Compiler: c1, Barriers: 0, Oops: 0, ImmediateOops: 1, NonImmediateOops: No
[1,125s][debug][gc,nmethod  ] Register NMethod: java.util.LinkedHashMap.get (0x000078e2df4e1388) [0x000078e2df4e1480, 0x000078e2df4e1898] Compiler: c1, Barriers: 1, Oops: 0, ImmediateOops: 0, NonImmediateOops: No
[1,125s][debug][gc,nmethod  ] Register NMethod: java.util.zip.Inflater.finished (0x000078e2df4e1908) [0x000078e2df4e1a00, 0x000078e2df4e1cb0] Compiler: c1, Barriers: 1, Oops: 0, ImmediateOops: 0, NonImmediateOops: No
[1,125s][debug][gc,nmethod  ] Register NMethod: java.lang.String.<init> (0x000078e2df4e1d08) [0x000078e2df4e1e00, 0x000078e2df4e2238] Compiler: c1, Barriers: 0, Oops: 1, ImmediateOops: 1, NonImmediateOops: No
[1,125s][debug][gc,nmethod  ] Register NMethod: java.util.zip.InflaterInputStream.read (0x000078e2df4e2288) [0x000078e2df4e2380, 0x000078e2df4e3408] Compiler: c1, Barriers: 7, Oops: 0, ImmediateOops: 2, NonImmediateOops: No
[1,126s][debug][gc,nmethod  ] Register NMethod: java.lang.String.<init> (0x000078e2df4e3488) [0x000078e2df4e3580, 0x000078e2df4e7558] Compiler: c1, Barriers: 45, Oops: 1, ImmediateOops: 12, NonImmediateOops: No
[1,127s][debug][gc,nmethod  ] Register NMethod: java.lang.reflect.Array.newArray (0x000078e2fec0a108) [0x000078e2fec0a200, 0x000078e2fec0a538] Compiler: , Barriers: 0, Oops: 0, ImmediateOops: 1, NonImmediateOops: No
[1,127s][debug][gc,nmethod  ] Register NMethod: jdk.internal.classfile.impl.AbstractDirectBuilder.setOriginal (0x000078e2fec0a588) [0x000078e2fec0a680, 0x000078e2fec0a7b0] Compiler: c1, Barriers: 3, Oops: 0, ImmediateOops: 0, NonImmediateOops: No
[1,128s][debug][gc,nmethod  ] Register NMethod: java.lang.CharacterDataLatin1.getProperties (0x000078e2df4e7588) [0x000078e2df4e7680, 0x000078e2df4e77b0] Compiler: c1, Barriers: 0, Oops: 0, ImmediateOops: 1, NonImmediateOops: No
[1,128s][debug][gc,nmethod  ] Register NMethod: java.lang.CharacterData.of (0x000078e2df4e7888) [0x000078e2df4e7980, 0x000078e2df4e80c0] Compiler: c1, Barriers: 7, Oops: 0, ImmediateOops: 1, NonImmediateOops: No
[1,128s][debug][gc,nmethod  ] Register NMethod: java.lang.Integer.numberOfLeadingZeros (0x000078e2df4e8108) [0x000078e2df4e8200, 0x000078e2df4e8480] Compiler: c1, Barriers: 0, Oops: 0, ImmediateOops: 0, NonImmediateOops: No
[1,128s][debug][gc,nmethod  ] Register NMethod: jdk.internal.constant.ClassOrInterfaceDescImpl.<init> (0x000078e2df4e8488) [0x000078e2df4e8580, 0x000078e2df4e8750] Compiler: c1, Barriers: 3, Oops: 0, ImmediateOops: 0, NonImmediateOops: No
[1,128s][debug][gc,nmethod  ] Register NMethod: jdk.internal.constant.ClassOrInterfaceDescImpl.ofValidated (0x000078e2df4e8788) [0x000078e2df4e8880, 0x000078e2df4e8b08] Compiler: c1, Barriers: 3, Oops: 0, ImmediateOops: 0, NonImmediateOops: No
[1,128s][debug][gc,nmethod  ] Register NMethod: jdk.internal.classfile.impl.DirectMethodBuilder.methodFlags (0x000078e2fec0a888) [0x000078e2fec0a980, 0x000078e2fec0aa40] Compiler: c1, Barriers: 0, Oops: 0, ImmediateOops: 0, NonImmediateOops: No
[1,128s][debug][gc,nmethod  ] Register NMethod: jdk.internal.classfile.impl.DirectMethodBuilder.methodType (0x000078e2fec0ab88) [0x000078e2fec0ac80, 0x000078e2fec0ad68] Compiler: c1, Barriers: 1, Oops: 0, ImmediateOops: 0, NonImmediateOops: No
[1,129s][debug][gc,nmethod  ] Register NMethod: jdk.internal.classfile.impl.SplitConstantPool.utf8Entry (0x000078e2df4e8b88) [0x000078e2df4e8c80, 0x000078e2df4e8f78] Compiler: c1, Barriers: 0, Oops: 0, ImmediateOops: 0, NonImmediateOops: No
[1,129s][debug][gc,nmethod  ] Register NMethod: java.lang.String.toString (0x000078e2df4e8f88) [0x000078e2df4e9080, 0x000078e2df4e9180] Compiler: c1, Barriers: 0, Oops: 0, ImmediateOops: 0, NonImmediateOops: No
[1,130s][debug][gc,nmethod  ] Register NMethod: jdk.internal.classfile.impl.AbstractPoolEntry$Utf8EntryImpl.tag (0x000078e2fec0ae88) [0x000078e2fec0af80, 0x000078e2fec0b040] Compiler: c1, Barriers: 0, Oops: 0, ImmediateOops: 0, NonImmediateOops: No
[1,130s][debug][gc,nmethod  ] Register NMethod: jdk.internal.classfile.impl.BufWriterImpl.writeU1U2 (0x000078e2df4e9288) [0x000078e2df4e9380, 0x000078e2df4e9818] Compiler: c1, Barriers: 2, Oops: 0, ImmediateOops: 0, NonImmediateOops: No
[1,130s][debug][gc,nmethod  ] Register NMethod: java.lang.constant.ClassDesc.isPrimitive (0x000078e2fec0b188) [0x000078e2fec0b280, 0x000078e2fec0b340] Compiler: c1, Barriers: 0, Oops: 0, ImmediateOops: 0, NonImmediateOops: No
[1,130s][debug][gc,nmethod  ] Register NMethod: java.util.AbstractList.<init> (0x000078e2df4e9888) [0x000078e2df4e9980, 0x000078e2df4e9b40] Compiler: c1, Barriers: 0, Oops: 0, ImmediateOops: 0, NonImmediateOops: No
[1,130s][debug][gc,nmethod  ] Register NMethod: jdk.internal.classfile.impl.SplitConstantPool.maybeCloneUtf8Entry (0x000078e2df4e9b88) [0x000078e2df4e9c80, 0x000078e2df4ead20] Compiler: c1, Barriers: 4, Oops: 0, ImmediateOops: 2, NonImmediateOops: No
[1,131s][debug][gc,nmethod  ] Register NMethod: java.lang.StringConcatHelper.stringOf (0x000078e2df4ead88) [0x000078e2df4eae80, 0x000078e2df4eb1d8] Compiler: c1, Barriers: 0, Oops: 0, ImmediateOops: 1, NonImmediateOops: No
[1,131s][debug][gc,nmethod  ] Register NMethod: java.lang.StringConcatHelper.newArrayWithSuffix (0x000078e2df4eb208) [0x000078e2df4eb300, 0x000078e2df4ec250] Compiler: c1, Barriers: 1, Oops: 0, ImmediateOops: 3, NonImmediateOops: No
[1,131s][debug][gc,nmethod  ] Register NMethod: jdk.internal.classfile.impl.AbstractElement.<init> (0x000078e2df4ec288) [0x000078e2df4ec380, 0x000078e2df4ec4d8] Compiler: c1, Barriers: 0, Oops: 0, ImmediateOops: 0, NonImmediateOops: No
[1,131s][debug][gc,nmethod  ] Register NMethod: jdk.internal.classfile.impl.AbstractPoolEntry$Utf8EntryImpl.stringValue (0x000078e2df4ec588) [0x000078e2df4ec680, 0x000078e2df4ec978] Compiler: c1, Barriers: 0, Oops: 0, ImmediateOops: 0, NonImmediateOops: No
[1,131s][debug][gc,nmethod  ] Register NMethod: java.lang.StringConcatHelper.prepend (0x000078e2df4ec988) [0x000078e2df4eca80, 0x000078e2df4ee1d0] Compiler: c1, Barriers: 3, Oops: 0, ImmediateOops: 0, NonImmediateOops: No
[1,131s][debug][gc,nmethod  ] Register NMethod: jdk.internal.classfile.impl.AbstractPoolEntry$Utf8EntryImpl.toString (0x000078e2df4ee208) [0x000078e2df4ee300, 0x000078e2df4ee848] Compiler: c1, Barriers: 11, Oops: 0, ImmediateOops: 5, NonImmediateOops: No
[1,131s][debug][gc,nmethod  ] Register NMethod: java.lang.StringConcatHelper.concat0 (0x000078e2df4ee888) [0x000078e2df4ee980, 0x000078e2df4f0b68] Compiler: c1, Barriers: 6, Oops: 0, ImmediateOops: 3, NonImmediateOops: No
[1,131s][debug][gc,nmethod  ] Register NMethod: java.util.Arrays.copyOf (0x000078e2df4f0b88) [0x000078e2df4f0c80, 0x000078e2df4f0fa0] Compiler: c1, Barriers: 1, Oops: 0, ImmediateOops: 0, NonImmediateOops: No
[1,131s][debug][gc,nmethod  ] Register NMethod: java.lang.StringConcatHelper.concat (0x000078e2df4f1008) [0x000078e2df4f1100, 0x000078e2df4f36a8] Compiler: c1, Barriers: 6, Oops: 0, ImmediateOops: 6, NonImmediateOops: No
[1,131s][debug][gc,nmethod  ] Register NMethod: jdk.internal.classfile.impl.StackMapGenerator$Type.<init> (0x000078e2df4f3708) [0x000078e2df4f3800, 0x000078e2df4f3a38] Compiler: c1, Barriers: 3, Oops: 0, ImmediateOops: 0, NonImmediateOops: No
[1,132s][debug][gc,nmethod  ] Register NMethod: jdk.internal.constant.MethodTypeDescImpl.parameterType (0x000078e2df4f3a88) [0x000078e2df4f3b80, 0x000078e2df4f3d08] Compiler: c1, Barriers: 2, Oops: 0, ImmediateOops: 0, NonImmediateOops: No
[1,132s][debug][gc,nmethod  ] Register NMethod: jdk.internal.classfile.impl.AbstractPoolEntry$ClassEntryImpl.hashCode (0x000078e2df4f3d88) [0x000078e2df4f3e80, 0x000078e2df4f4d78] Compiler: c1, Barriers: 4, Oops: 0, ImmediateOops: 2, NonImmediateOops: No
[1,132s][debug][gc,director ] Rule Major: Warmup 10%, Used: 14MB, UsedThreshold: 1228MB
[1,132s][debug][gc,nmethod  ] Register NMethod: sun.invoke.util.VerifyAccess.ensureTypeVisible (0x000078e2df4f4d88) [0x000078e2df4f4e80, 0x000078e2df4f6010] Compiler: c1, Barriers: 4, Oops: 0, ImmediateOops: 1, NonImmediateOops: No
[1,132s][debug][gc,nmethod  ] Register NMethod: jdk.internal.classfile.impl.SplitConstantPool.findEntry (0x000078e2df4f6088) [0x000078e2df4f6180, 0x000078e2df4f7888] Compiler: c1, Barriers: 3, Oops: 0, ImmediateOops: 0, NonImmediateOops: No
[1,132s][debug][gc,nmethod  ] Register NMethod: jdk.internal.classfile.impl.BufWriterImpl.writeU1 (0x000078e2df4f7908) [0x000078e2df4f7a00, 0x000078e2df4f7e48] Compiler: c1, Barriers: 2, Oops: 0, ImmediateOops: 0, NonImmediateOops: No
[1,132s][debug][gc,nmethod  ] Register NMethod: java.lang.invoke.MethodTypeForm.basicType (0x000078e2fec0b488) [0x000078e2fec0b580, 0x000078e2fec0b668] Compiler: c1, Barriers: 1, Oops: 0, ImmediateOops: 0, NonImmediateOops: No
[1,133s][debug][gc,nmethod  ] Register NMethod: jdk.internal.classfile.impl.StackMapGenerator$Frame.checkStack (0x000078e2df4f7e88) [0x000078e2df4f7f80, 0x000078e2df4f8bc8] Compiler: c1, Barriers: 11, Oops: 1, ImmediateOops: 2, NonImmediateOops: No
[1,133s][debug][gc,nmethod  ] Register NMethod: java.lang.invoke.MethodType.equals (0x000078e2df4f8c08) [0x000078e2df4f8d00, 0x000078e2df4f94a0] Compiler: c1, Barriers: 4, Oops: 0, ImmediateOops: 0, NonImmediateOops: No
[1,133s][debug][gc,nmethod  ] Register NMethod: java.lang.reflect.Modifier.isProtected (0x000078e2df4f9508) [0x000078e2df4f9600, 0x000078e2df4f9730] Compiler: c1, Barriers: 0, Oops: 0, ImmediateOops: 0, NonImmediateOops: No
[1,133s][debug][gc,nmethod  ] Register NMethod: jdk.internal.classfile.impl.AbstractPoolEntry$Utf8EntryImpl.methodTypeSymbol (0x000078e2df4f9808) [0x000078e2df4f9900, 0x000078e2df4fa3d0] Compiler: c1, Barriers: 4, Oops: 0, ImmediateOops: 0, NonImmediateOops: No
[1,133s][debug][gc,nmethod  ] Register NMethod: jdk.internal.classfile.impl.Util.methodTypeSymbol (0x000078e2df4fa408) [0x000078e2df4fa500, 0x000078e2df4fb3c0] Compiler: c1, Barriers: 4, Oops: 0, ImmediateOops: 0, NonImmediateOops: No
[1,133s][debug][gc,nmethod  ] Register NMethod: java.lang.Math.max (0x000078e2df4fb408) [0x000078e2df4fb500, 0x000078e2df4fb628] Compiler: c1, Barriers: 0, Oops: 0, ImmediateOops: 0, NonImmediateOops: No
[1,134s][debug][gc,nmethod  ] Register NMethod: jdk.internal.classfile.impl.Util.parameterSlots (0x000078e2df4fb708) [0x000078e2df4fb800, 0x000078e2df4fbc90] Compiler: c1, Barriers: 3, Oops: 0, ImmediateOops: 2, NonImmediateOops: No
[1,134s][debug][gc,nmethod  ] Register NMethod: jdk.internal.classfile.impl.AbstractPoolEntry$AbstractRefEntry.<init> (0x000078e2df4fbd08) [0x000078e2df4fbe00, 0x000078e2df4fc358] Compiler: c1, Barriers: 6, Oops: 0, ImmediateOops: 0, NonImmediateOops: No
[1,134s][debug][gc,nmethod  ] Register NMethod: jdk.internal.classfile.impl.AbstractPoolEntry$AbstractNamedEntry.<init> (0x000078e2df4fc388) [0x000078e2df4fc480, 0x000078e2df4fc5b0] Compiler: c1, Barriers: 0, Oops: 0, ImmediateOops: 0, NonImmediateOops: No
[1,134s][debug][gc,nmethod  ] Register NMethod: jdk.internal.classfile.impl.AbstractPoolEntry$AbstractRefsEntry.<init> (0x000078e2df4fc688) [0x000078e2df4fc780, 0x000078e2df4fcf80] Compiler: c1, Barriers: 9, Oops: 0, ImmediateOops: 0, NonImmediateOops: No
[1,134s][debug][gc,nmethod  ] Register NMethod: java.lang.invoke.MethodType.checkPtypes (0x000078e2df4fcf88) [0x000078e2df4fd080, 0x000078e2df4fe258] Compiler: c1, Barriers: 1, Oops: 2, ImmediateOops: 6, NonImmediateOops: No
[1,134s][debug][gc,nmethod  ] Register NMethod: jdk.internal.classfile.impl.AbstractPoolEntry$NameAndTypeEntryImpl.tag (0x000078e2fec0b788) [0x000078e2fec0b880, 0x000078e2fec0b940] Compiler: c1, Barriers: 0, Oops: 0, ImmediateOops: 0, NonImmediateOops: No
[1,134s][debug][gc,nmethod  ] Register NMethod: java.lang.Class.descriptorString (0x000078e2df4fe288) [0x000078e2df4fe380, 0x000078e2df505f10] Compiler: c1, Barriers: 14, Oops: 3, ImmediateOops: 21, NonImmediateOops: No
[1,134s][debug][gc,nmethod  ] Register NMethod: java.util.HashMap.getNode (0x000078e2fec0ba88) [0x000078e2fec0bb80, 0x000078e2fec0c358] Compiler: jvmci, Barriers: 11, Oops: 0, ImmediateOops: 0, NonImmediateOops: No
[1,135s][debug][gc,nmethod  ] Register NMethod: jdk.internal.classfile.impl.LabelImpl.labelContext (0x000078e2fec0c388) [0x000078e2fec0c480, 0x000078e2fec0c568] Compiler: c1, Barriers: 1, Oops: 0, ImmediateOops: 0, NonImmediateOops: No
[1,135s][debug][gc,nmethod  ] Register NMethod: jdk.internal.classfile.impl.LabelImpl.getBCI (0x000078e2fec0c688) [0x000078e2fec0c780, 0x000078e2fec0c840] Compiler: c1, Barriers: 0, Oops: 0, ImmediateOops: 0, NonImmediateOops: No
[1,135s][debug][gc,nmethod  ] Register NMethod: java.util.ArrayDeque.poll (0x000078e2df505f88) [0x000078e2df506080, 0x000078e2df5061c8] Compiler: c1, Barriers: 0, Oops: 0, ImmediateOops: 0, NonImmediateOops: No
[1,135s][debug][gc,nmethod  ] Register NMethod: jdk.internal.misc.Unsafe.getChar (0x000078e2fec0c988) [0x000078e2fec0ca80, 0x000078e2fec0cbe8] Compiler: , Barriers: 0, Oops: 0, ImmediateOops: 0, NonImmediateOops: No
[1,135s][debug][gc,nmethod  ] Register NMethod: jdk.internal.classfile.impl.RawBytecodeHelper.getU1Unchecked (0x000078e2df506288) [0x000078e2df506380, 0x000078e2df506570] Compiler: c1, Barriers: 2, Oops: 0, ImmediateOops: 0, NonImmediateOops: No
[1,135s][debug][gc,nmethod  ] Register NMethod: java.util.ArrayDeque.pollFirst (0x000078e2df506588) [0x000078e2df506680, 0x000078e2df506be0] Compiler: c1, Barriers: 5, Oops: 0, ImmediateOops: 0, NonImmediateOops: No
[1,135s][debug][gc,nmethod  ] Register NMethod: jdk.internal.classfile.impl.AbstractPoolEntry$AbstractRefsEntry.writeTo (0x000078e2df506c08) [0x000078e2df506d00, 0x000078e2df5076a0] Compiler: c1, Barriers: 2, Oops: 0, ImmediateOops: 0, NonImmediateOops: No
[1,135s][debug][gc,nmethod  ] Register NMethod: jdk.internal.classfile.impl.BufWriterImpl.writeU1U2U2 (0x000078e2df507708) [0x000078e2df507800, 0x000078e2df507cf8] Compiler: c1, Barriers: 2, Oops: 0, ImmediateOops: 0, NonImmediateOops: No
[1,135s][debug][gc,nmethod  ] Register NMethod: java.lang.invoke.MemberName.clone (0x000078e2df507d08) [0x000078e2df507e00, 0x000078e2df508270] Compiler: c1, Barriers: 0, Oops: 0, ImmediateOops: 0, NonImmediateOops: No
[1,137s][debug][gc,nmethod  ] Register NMethod: java.lang.ref.Reference.refersToImpl (0x000078e2df508288) [0x000078e2df508380, 0x000078e2df5084b8] Compiler: c1, Barriers: 0, Oops: 0, ImmediateOops: 0, NonImmediateOops: No
[1,138s][debug][gc,nmethod  ] Register NMethod: jdk.internal.access.SharedSecrets.javaUtilJarAccess (0x000078e2df508588) [0x000078e2df508680, 0x000078e2df508d60] Compiler: c1, Barriers: 2, Oops: 1, ImmediateOops: 4, NonImmediateOops: No
[1,139s][debug][gc,nmethod  ] Register NMethod: java.lang.invoke.MethodHandle.linkToStatic (0x000078e2fec0cc88) [0x000078e2fec0cd80, 0x000078e2fec0ce70] Compiler: , Barriers: 0, Oops: 0, ImmediateOops: 0, NonImmediateOops: No
[1,141s][debug][gc,nmethod  ] Register NMethod: jdk.internal.ref.CleanerImpl$PhantomCleanableRef.<init> (0x000078e2df508d88) [0x000078e2df508e80, 0x000078e2df509040] Compiler: c1, Barriers: 3, Oops: 0, ImmediateOops: 0, NonImmediateOops: No
[1,141s][debug][gc,nmethod  ] Register NMethod: java.lang.ref.Cleaner.register (0x000078e2df509088) [0x000078e2df509180, 0x000078e2df509698] Compiler: c1, Barriers: 3, Oops: 2, ImmediateOops: 2, NonImmediateOops: No
[1,142s][debug][gc,nmethod  ] Register NMethod: java.nio.Buffer.limit (0x000078e2fec0cf88) [0x000078e2fec0d080, 0x000078e2fec0d140] Compiler: c1, Barriers: 0, Oops: 0, ImmediateOops: 0, NonImmediateOops: No
[1,142s][debug][gc,director ] Rule Major: Warmup 10%, Used: 16MB, UsedThreshold: 1228MB
[1,143s][debug][gc,nmethod  ] Register NMethod: java.lang.invoke.MemberName.getModifiers (0x000078e2df509708) [0x000078e2df509800, 0x000078e2df509908] Compiler: c1, Barriers: 0, Oops: 0, ImmediateOops: 0, NonImmediateOops: No
[1,143s][debug][gc,nmethod  ] Register NMethod: java.util.Properties$LineReader.readLine (0x000078e2df509a08) [0x000078e2df509b00, 0x000078e2df50d530] Compiler: c1, Barriers: 14, Oops: 0, ImmediateOops: 0, NonImmediateOops: No
[1,144s][debug][gc,nmethod  ] Register NMethod: sun.invoke.util.VerifyAccess.isSamePackage (0x000078e2df50d588) [0x000078e2df50d680, 0x000078e2df50e060] Compiler: c1, Barriers: 2, Oops: 0, ImmediateOops: 0, NonImmediateOops: No
[1,144s][debug][gc,nmethod  ] Register NMethod: jdk.internal.loader.URLClassPath$Loader.getBaseURL (0x000078e2fec0d288) [0x000078e2fec0d380, 0x000078e2fec0d468] Compiler: c1, Barriers: 1, Oops: 0, ImmediateOops: 0, NonImmediateOops: No
[1,144s][debug][gc,nmethod  ] Register NMethod: java.lang.ClassLoader.defineClass1 (0x000078e2fec0d588) [0x000078e2fec0d680, 0x000078e2fec0da18] Compiler: , Barriers: 0, Oops: 0, ImmediateOops: 1, NonImmediateOops: No
[1,144s][debug][gc,nmethod  ] Register NMethod: java.util.zip.ZipEntry.getCrc (0x000078e2fec0da88) [0x000078e2fec0db80, 0x000078e2fec0dc40] Compiler: c1, Barriers: 0, Oops: 0, ImmediateOops: 0, NonImmediateOops: No
[1,144s][debug][gc,nmethod  ] Register NMethod: jdk.internal.perf.PerfCounter.addElapsedTimeFrom (0x000078e2df50e088) [0x000078e2df50e180, 0x000078e2df50e308] Compiler: c1, Barriers: 0, Oops: 0, ImmediateOops: 0, NonImmediateOops: No
[1,144s][debug][gc,nmethod  ] Register NMethod: jdk.internal.loader.Resource.cachedInputStream (0x000078e2df50e388) [0x000078e2df50e480, 0x000078e2df50eaf8] Compiler: c1, Barriers: 8, Oops: 0, ImmediateOops: 0, NonImmediateOops: No
[1,144s][debug][gc,nmethod  ] Register NMethod: java.security.CodeSource.getCertificates (0x000078e2df50eb08) [0x000078e2df50ec00, 0x000078e2df50fdd8] Compiler: c1, Barriers: 10, Oops: 0, ImmediateOops: 1, NonImmediateOops: No
[1,145s][debug][gc,nmethod  ] Register NMethod: java.lang.invoke.MethodHandle.linkToSpecial (0x000078e2fec0dd88) [0x000078e2fec0de80, 0x000078e2fec0df78] Compiler: , Barriers: 0, Oops: 0, ImmediateOops: 0, NonImmediateOops: No
[1,145s][debug][gc,nmethod  ] Register NMethod: jdk.internal.classfile.impl.UnboundAttribute.attributeMapper (0x000078e2fec0e088) [0x000078e2fec0e180, 0x000078e2fec0e268] Compiler: c1, Barriers: 1, Oops: 0, ImmediateOops: 0, NonImmediateOops: No
[1,145s][debug][gc,nmethod  ] Register NMethod: java.lang.invoke.MemberName.isConstructor (0x000078e2df50fe08) [0x000078e2df50ff00, 0x000078e2df5100b8] Compiler: c1, Barriers: 0, Oops: 0, ImmediateOops: 0, NonImmediateOops: No
[1,145s][debug][gc,nmethod  ] Register NMethod: java.lang.reflect.Modifier.isPublic (0x000078e2df510108) [0x000078e2df510200, 0x000078e2df510330] Compiler: c1, Barriers: 0, Oops: 0, ImmediateOops: 0, NonImmediateOops: No
[1,145s][debug][gc,nmethod  ] Register NMethod: jdk.internal.classfile.impl.SplitConstantPool.classEntry (0x000078e2df510408) [0x000078e2df510500, 0x000078e2df5121b8] Compiler: c1, Barriers: 4, Oops: 1, ImmediateOops: 2, NonImmediateOops: No
[1,145s][debug][gc,nmethod  ] Register NMethod: java.lang.Class.isInterface (0x000078e2df512208) [0x000078e2df512300, 0x000078e2df5124b8] Compiler: c1, Barriers: 0, Oops: 0, ImmediateOops: 0, NonImmediateOops: No
[1,145s][debug][gc,nmethod  ] Register NMethod: jdk.internal.classfile.impl.SplitConstantPool.classEntryForClassOrInterface (0x000078e2df512508) [0x000078e2df512600, 0x000078e2df514b90] Compiler: c1, Barriers: 7, Oops: 0, ImmediateOops: 1, NonImmediateOops: No
[1,146s][debug][gc,nmethod  ] Register NMethod: java.lang.reflect.Modifier.isInterface (0x000078e2df514c08) [0x000078e2df514d00, 0x000078e2df514e30] Compiler: c1, Barriers: 0, Oops: 0, ImmediateOops: 0, NonImmediateOops: No
[1,146s][debug][gc,nmethod  ] Register NMethod: java.lang.invoke.MethodTypeForm.parameterSlotCount (0x000078e2fec0e388) [0x000078e2fec0e480, 0x000078e2fec0e540] Compiler: c1, Barriers: 0, Oops: 0, ImmediateOops: 0, NonImmediateOops: No
[1,146s][debug][gc,nmethod  ] Register NMethod: java.lang.invoke.MethodTypeForm.canonicalizeAll (0x000078e2df514f08) [0x000078e2df515000, 0x000078e2df5159b8] Compiler: c1, Barriers: 4, Oops: 0, ImmediateOops: 1, NonImmediateOops: No
[1,146s][debug][gc,nmethod  ] Register NMethod: jdk.internal.classfile.impl.SplitConstantPool.tryFindClassOrInterface (0x000078e2df515a08) [0x000078e2df515b00, 0x000078e2df5186b8] Compiler: c1, Barriers: 12, Oops: 0, ImmediateOops: 0, NonImmediateOops: No
[1,146s][debug][gc,nmethod  ] Register NMethod: jdk.internal.classfile.impl.AttributeHolder.<init> (0x000078e2df518708) [0x000078e2df518800, 0x000078e2df5189e0] Compiler: c1, Barriers: 3, Oops: 0, ImmediateOops: 1, NonImmediateOops: No
[1,146s][debug][gc,nmethod  ] Register NMethod: java.util.ArrayList.isEmpty (0x000078e2df518a08) [0x000078e2df518b00, 0x000078e2df518c50] Compiler: c1, Barriers: 0, Oops: 0, ImmediateOops: 0, NonImmediateOops: No
[1,146s][debug][gc,nmethod  ] Register NMethod: jdk.internal.classfile.impl.AbstractDirectBuilder.<init> (0x000078e2df518d08) [0x000078e2df518e00, 0x000078e2df519250] Compiler: c1, Barriers: 12, Oops: 0, ImmediateOops: 1, NonImmediateOops: No
[1,146s][debug][gc,nmethod  ] Register NMethod: jdk.internal.constant.ConstantUtils.referenceClassDesc (0x000078e2df519288) [0x000078e2df519380, 0x000078e2df519d60] Compiler: c1, Barriers: 2, Oops: 1, ImmediateOops: 2, NonImmediateOops: No
[1,146s][debug][gc,nmethod  ] Register NMethod: java.lang.classfile.Opcode.bytecode (0x000078e2fec0e688) [0x000078e2fec0e780, 0x000078e2fec0e840] Compiler: c1, Barriers: 0, Oops: 0, ImmediateOops: 0, NonImmediateOops: No
[1,146s][debug][gc,nmethod  ] Register NMethod: java.lang.invoke.MethodHandles$Lookup.lookupClassOrNull (0x000078e2df519d88) [0x000078e2df519e80, 0x000078e2df51a020] Compiler: c1, Barriers: 1, Oops: 0, ImmediateOops: 0, NonImmediateOops: No
[1,146s][debug][gc,nmethod  ] Register NMethod: jdk.internal.classfile.impl.AttributeHolder.writeTo (0x000078e2df51a088) [0x000078e2df51a180, 0x000078e2df51a980] Compiler: c1, Barriers: 4, Oops: 0, ImmediateOops: 0, NonImmediateOops: No
[1,147s][debug][gc,nmethod  ] Register NMethod: jdk.internal.util.StrongReferenceKey.equals (0x000078e2df51a988) [0x000078e2df51aa80, 0x000078e2df51b708] Compiler: c1, Barriers: 1, Oops: 0, ImmediateOops: 0, NonImmediateOops: No
[1,147s][debug][gc,nmethod  ] Register NMethod: jdk.internal.jimage.ImageLocation.readValue (0x000078e2df51b788) [0x000078e2df51b880, 0x000078e2df51bd50] Compiler: c1, Barriers: 0, Oops: 0, ImmediateOops: 1, NonImmediateOops: No
[1,147s][debug][gc,nmethod  ] Register NMethod: jdk.internal.jimage.ImageStringsReader.unmaskedHashCode (0x000078e2df51bd88) [0x000078e2df51be80, 0x000078e2df51d080] Compiler: c1, Barriers: 3, Oops: 1, ImmediateOops: 2, NonImmediateOops: No
[1,147s][debug][gc,nmethod  ] Register NMethod: java.lang.StringLatin1.indexOf (0x000078e2df51d108) [0x000078e2df51d200, 0x000078e2df51d3e0] Compiler: c1, Barriers: 0, Oops: 0, ImmediateOops: 0, NonImmediateOops: No
[1,148s][debug][gc,nmethod  ] Register NMethod: java.lang.String.indexOf (0x000078e2df51d408) [0x000078e2df51d500, 0x000078e2df51e000] Compiler: c1, Barriers: 6, Oops: 0, ImmediateOops: 0, NonImmediateOops: No
[1,148s][debug][gc,nmethod  ] Register NMethod: java.nio.DirectByteBuffer.ix (0x000078e2fec0e988) [0x000078e2fec0ea80, 0x000078e2fec0eb08] Compiler: jvmci, Barriers: 0, Oops: 0, ImmediateOops: 0, NonImmediateOops: No
[1,148s][debug][gc,nmethod  ] Register NMethod: jdk.internal.misc.Unsafe.putByte (0x000078e2fec0ec88) [0x000078e2fec0ed80, 0x000078e2fec0eed8] Compiler: , Barriers: 0, Oops: 0, ImmediateOops: 0, NonImmediateOops: No
[1,148s][debug][gc,nmethod  ] Register NMethod: sun.nio.fs.NativeBuffer.address (0x000078e2fec0ef88) [0x000078e2fec0f080, 0x000078e2fec0f140] Compiler: c1, Barriers: 0, Oops: 0, ImmediateOops: 0, NonImmediateOops: No
[1,148s][debug][gc,nmethod  ] Register NMethod: java.io.FilterInputStream.<init> (0x000078e2df51e008) [0x000078e2df51e100, 0x000078e2df51e338] Compiler: c1, Barriers: 3, Oops: 0, ImmediateOops: 0, NonImmediateOops: No
[1,149s][debug][gc,nmethod  ] Register NMethod: java.io.UnixFileSystem.normalize (0x000078e2df51e388) [0x000078e2df51e480, 0x000078e2df51fa78] Compiler: c1, Barriers: 2, Oops: 1, ImmediateOops: 3, NonImmediateOops: No
[1,149s][debug][gc,nmethod  ] Register NMethod: worker.org.gradle.internal.stream.EncodedStream$EncodedInput.read (0x000078e2fec0f288) [0x000078e2fec0f380, 0x000078e2fec0fbd0] Compiler: jvmci, Barriers: 4, Oops: 1, ImmediateOops: 1, NonImmediateOops: No
[1,150s][debug][gc,nmethod  ] Register NMethod: jdk.internal.util.ArraysSupport.hashCodeOfUnsigned (0x000078e2fec0fc08) [0x000078e2fec0fd00, 0x000078e2fec0fe30] Compiler: jvmci, Barriers: 0, Oops: 0, ImmediateOops: 0, NonImmediateOops: No
[1,152s][debug][gc,nmethod  ] Register NMethod: java.lang.Long.hashCode (0x000078e2df51fa88) [0x000078e2df51fb80, 0x000078e2df51fc70] Compiler: c1, Barriers: 0, Oops: 0, ImmediateOops: 0, NonImmediateOops: No
[1,152s][debug][gc,director ] Rule Major: Warmup 10%, Used: 48MB, UsedThreshold: 1228MB
[1,152s][debug][gc,nmethod  ] Register NMethod: java.lang.Thread.currentCarrierThread (0x000078e2fec0ff08) [0x000078e2fec10000, 0x000078e2fec10328] Compiler: , Barriers: 0, Oops: 0, ImmediateOops: 1, NonImmediateOops: No
[1,153s][debug][gc,nmethod  ] Register NMethod: java.io.File.<init> (0x000078e2df51fd88) [0x000078e2df51fe80, 0x000078e2df520710] Compiler: c1, Barriers: 6, Oops: 1, ImmediateOops: 2, NonImmediateOops: No
[1,153s][debug][gc,nmethod  ] Register NMethod: java.lang.String.equalsIgnoreCase (0x000078e2df520788) [0x000078e2df520880, 0x000078e2df521a08] Compiler: c1, Barriers: 2, Oops: 0, ImmediateOops: 0, NonImmediateOops: No
[1,153s][debug][gc,nmethod  ] Register NMethod: jdk.internal.util.ArraysSupport.vectorizedHashCode (0x000078e2fec10388) [0x000078e2fec104a0, 0x000078e2fec10758] Compiler: jvmci, Barriers: 0, Oops: 0, ImmediateOops: 0, NonImmediateOops: No
[1,153s][debug][gc,nmethod  ] Register NMethod: java.lang.ref.Reference.refersTo (0x000078e2df521a88) [0x000078e2df521b80, 0x000078e2df521e80] Compiler: c1, Barriers: 0, Oops: 0, ImmediateOops: 0, NonImmediateOops: No
[1,154s][debug][gc,nmethod  ] Register NMethod: java.lang.String.getBytesNoRepl (0x000078e2df521e88) [0x000078e2df521f80, 0x000078e2df522c00] Compiler: c1, Barriers: 1, Oops: 0, ImmediateOops: 0, NonImmediateOops: No
[1,154s][debug][gc,nmethod  ] Register NMethod: java.lang.String.isASCII (0x000078e2df522c08) [0x000078e2df522d00, 0x000078e2df522f20] Compiler: c1, Barriers: 0, Oops: 0, ImmediateOops: 0, NonImmediateOops: No
[1,154s][debug][gc,nmethod  ] Register NMethod: java.lang.System$1.uncheckedGetBytesNoRepl (0x000078e2df522f88) [0x000078e2df523080, 0x000078e2df523d80] Compiler: c1, Barriers: 1, Oops: 0, ImmediateOops: 0, NonImmediateOops: No
[1,154s][debug][gc,nmethod  ] Register NMethod: java.lang.String.getBytesNoRepl1 (0x000078e2df523d88) [0x000078e2df523e80, 0x000078e2df524ad8] Compiler: c1, Barriers: 1, Oops: 0, ImmediateOops: 3, NonImmediateOops: No
[1,154s][debug][gc,nmethod  ] Register NMethod: java.util.jar.JarFile.match (0x000078e2df524b08) [0x000078e2df524c00, 0x000078e2df525110] Compiler: c1, Barriers: 0, Oops: 0, ImmediateOops: 0, NonImmediateOops: No
[1,154s][debug][gc,nmethod  ] Register NMethod: java.util.zip.ZipUtils.LOCSIG (0x000078e2df525188) [0x000078e2df525280, 0x000078e2df525398] Compiler: c1, Barriers: 0, Oops: 0, ImmediateOops: 0, NonImmediateOops: No
[1,154s][debug][gc,nmethod  ] Register NMethod: java.lang.Math.abs (0x000078e2df525488) [0x000078e2df525580, 0x000078e2df5256d8] Compiler: c1, Barriers: 0, Oops: 0, ImmediateOops: 0, NonImmediateOops: No
[1,155s][debug][gc,nmethod  ] Register NMethod: java.util.zip.ZipCoder$UTF8ZipCoder.checkedHash (0x000078e2fec10788) [0x000078e2fec10880, 0x000078e2fec10a90] Compiler: jvmci, Barriers: 0, Oops: 0, ImmediateOops: 0, NonImmediateOops: No
[1,156s][debug][gc,nmethod  ] Register NMethod: java.util.zip.ZipFile.zipCoderFor (0x000078e2fec10b08) [0x000078e2fec10c00, 0x000078e2fec10cc0] Compiler: jvmci, Barriers: 0, Oops: 0, ImmediateOops: 0, NonImmediateOops: No
[1,157s][debug][gc,nmethod  ] Register NMethod: sun.nio.fs.UnixPath.getFileSystem (0x000078e2fec10e08) [0x000078e2fec10f00, 0x000078e2fec10fe8] Compiler: c1, Barriers: 1, Oops: 0, ImmediateOops: 0, NonImmediateOops: No
[1,157s][debug][gc,nmethod  ] Register NMethod: java.nio.charset.Charset.name (0x000078e2fec11108) [0x000078e2fec11200, 0x000078e2fec112e8] Compiler: c1, Barriers: 1, Oops: 0, ImmediateOops: 0, NonImmediateOops: No
[1,157s][debug][gc,nmethod  ] Register NMethod: java.util.zip.ZipFile$Source.isMetaName (0x000078e2fec11408) [0x000078e2fec11500, 0x000078e2fec11830] Compiler: jvmci, Barriers: 0, Oops: 0, ImmediateOops: 0, NonImmediateOops: No
[1,158s][debug][gc,nmethod  ] Register NMethod: java.util.zip.ZipFile$Source.isMetaName (0x000078e2df525788) [0x000078e2df525880, 0x000078e2df525ce0] Compiler: c1, Barriers: 0, Oops: 0, ImmediateOops: 0, NonImmediateOops: No
[1,158s][debug][gc,nmethod  ] Register NMethod: java.util.jar.Manifest$FastInputStream.readLine (0x000078e2df525d08) [0x000078e2df525e00, 0x000078e2df525f58] Compiler: c1, Barriers: 0, Oops: 0, ImmediateOops: 0, NonImmediateOops: No
[1,158s][debug][gc,nmethod  ] Register NMethod: java.util.zip.ZipFile$Source.nextEntryPos (0x000078e2fec11888) [0x000078e2fec11980, 0x000078e2fec11ad0] Compiler: jvmci, Barriers: 1, Oops: 0, ImmediateOops: 0, NonImmediateOops: No
[1,159s][debug][gc,nmethod  ] Register NMethod: java.lang.StringLatin1.indexOf (0x000078e2fec11b88) [0x000078e2fec11c80, 0x000078e2fec121d8] Compiler: jvmci, Barriers: 0, Oops: 0, ImmediateOops: 0, NonImmediateOops: No
[1,159s][debug][gc,nmethod  ] Register NMethod: java.util.zip.ZipUtils.CENNAM (0x000078e2fec12208) [0x000078e2fec12300, 0x000078e2fec123d8] Compiler: jvmci, Barriers: 0, Oops: 0, ImmediateOops: 0, NonImmediateOops: No
[1,159s][debug][gc,nmethod  ] Register NMethod: java.util.zip.ZipFile$Source.checkExtraFields (0x000078e2df526008) [0x000078e2df526100, 0x000078e2df527790] Compiler: c1, Barriers: 15, Oops: 3, ImmediateOops: 5, NonImmediateOops: No
[1,159s][debug][gc,nmethod  ] Register NMethod: java.util.LinkedHashMap.newNode (0x000078e2df527808) [0x000078e2df527900, 0x000078e2df527ae8] Compiler: c1, Barriers: 0, Oops: 0, ImmediateOops: 0, NonImmediateOops: No
[1,159s][debug][gc,nmethod  ] Register NMethod: java.util.LinkedHashMap$Entry.<init> (0x000078e2df527b08) [0x000078e2df527c00, 0x000078e2df527f20] Compiler: c1, Barriers: 9, Oops: 0, ImmediateOops: 0, NonImmediateOops: No
[1,159s][debug][gc,nmethod  ] Register NMethod: java.util.LinkedHashMap.linkNodeAtEnd (0x000078e2df527f88) [0x000078e2df528080, 0x000078e2df5286b8] Compiler: c1, Barriers: 26, Oops: 0, ImmediateOops: 0, NonImmediateOops: No
[1,159s][debug][gc,nmethod  ] Register NMethod: java.util.LinkedHashMap.afterNodeInsertion (0x000078e2df528708) [0x000078e2df528800, 0x000078e2df528a08] Compiler: c1, Barriers: 1, Oops: 0, ImmediateOops: 0, NonImmediateOops: No
[1,159s][debug][gc,nmethod  ] Register NMethod: java.util.zip.ZipFile$Source.checkAndAddEntry (0x000078e2fec12508) [0x000078e2fec12600, 0x000078e2fec13048] Compiler: jvmci, Barriers: 3, Oops: 0, ImmediateOops: 0, NonImmediateOops: No
[1,159s][debug][gc,nmethod  ] Register NMethod: java.util.zip.ZipUtils.CENSIZ (0x000078e2fec13088) [0x000078e2fec13180, 0x000078e2fec13258] Compiler: jvmci, Barriers: 0, Oops: 0, ImmediateOops: 0, NonImmediateOops: No
[1,160s][debug][gc,nmethod  ] Register NMethod: java.lang.Math.max (0x000078e2fec13388) [0x000078e2fec13480, 0x000078e2fec134e8] Compiler: jvmci, Barriers: 0, Oops: 0, ImmediateOops: 0, NonImmediateOops: No
[1,160s][debug][gc,nmethod  ] Register NMethod: java.util.jar.Manifest$FastInputStream.peek (0x000078e2df528a88) [0x000078e2df528b80, 0x000078e2df528db0] Compiler: c1, Barriers: 1, Oops: 0, ImmediateOops: 0, NonImmediateOops: No
[1,160s][debug][gc,nmethod  ] Register NMethod: sun.nio.fs.UnixPath.checkNotNul (0x000078e2fec13688) [0x000078e2fec13780, 0x000078e2fec13818] Compiler: jvmci, Barriers: 0, Oops: 0, ImmediateOops: 0, NonImmediateOops: No
[1,160s][debug][gc,nmethod  ] Register NMethod: java.util.BitSet.wordIndex (0x000078e2df528e08) [0x000078e2df528f00, 0x000078e2df528fe8] Compiler: c1, Barriers: 0, Oops: 0, ImmediateOops: 0, NonImmediateOops: No
[1,160s][debug][gc,nmethod  ] Register NMethod: java.lang.Number.<init> (0x000078e2df529108) [0x000078e2df529200, 0x000078e2df529358] Compiler: c1, Barriers: 0, Oops: 0, ImmediateOops: 0, NonImmediateOops: No
[1,160s][debug][gc,nmethod  ] Register NMethod: java.util.BitSet.checkInvariants (0x000078e2df529408) [0x000078e2df529500, 0x000078e2df529630] Compiler: c1, Barriers: 0, Oops: 0, ImmediateOops: 0, NonImmediateOops: No
[1,160s][debug][gc,nmethod  ] Register NMethod: java.util.zip.ZipFile$Source.isManifestName (0x000078e2df529708) [0x000078e2df529800, 0x000078e2df529d08] Compiler: c1, Barriers: 1, Oops: 0, ImmediateOops: 0, NonImmediateOops: No
[1,160s][debug][gc,nmethod  ] Register NMethod: java.lang.Integer.<init> (0x000078e2df529d88) [0x000078e2df529e80, 0x000078e2df52a040] Compiler: c1, Barriers: 0, Oops: 0, ImmediateOops: 0, NonImmediateOops: No
[1,160s][debug][gc,nmethod  ] Register NMethod: java.util.jar.Attributes$Name.hash (0x000078e2df52a088) [0x000078e2df52a180, 0x000078e2df52b508] Compiler: c1, Barriers: 3, Oops: 2, ImmediateOops: 3, NonImmediateOops: No
[1,160s][debug][gc,nmethod  ] Register NMethod: java.util.zip.ZipFile$Source.getMetaVersion (0x000078e2df52b588) [0x000078e2df52b680, 0x000078e2df52bd48] Compiler: c1, Barriers: 1, Oops: 0, ImmediateOops: 0, NonImmediateOops: No
[1,160s][debug][gc,nmethod  ] Register NMethod: jdk.internal.util.DecimalDigits.stringSize (0x000078e2df52bd88) [0x000078e2df52be80, 0x000078e2df52c0a8] Compiler: c1, Barriers: 0, Oops: 0, ImmediateOops: 0, NonImmediateOops: No
[1,160s][debug][gc,nmethod  ] Register NMethod: java.util.BitSet.expandTo (0x000078e2df52c108) [0x000078e2df52c200, 0x000078e2df52c388] Compiler: c1, Barriers: 0, Oops: 0, ImmediateOops: 0, NonImmediateOops: No
[1,160s][debug][gc,nmethod  ] Register NMethod: java.util.zip.ZipFile$Source.isSignatureRelated (0x000078e2df52c408) [0x000078e2df52c500, 0x000078e2df52cb08] Compiler: c1, Barriers: 1, Oops: 0, ImmediateOops: 0, NonImmediateOops: No
[1,161s][debug][gc,nmethod  ] Register NMethod: java.lang.Integer.valueOf (0x000078e2df52cb88) [0x000078e2df52cc80, 0x000078e2df52cf98] Compiler: c1, Barriers: 1, Oops: 0, ImmediateOops: 1, NonImmediateOops: No
[1,161s][debug][gc,nmethod  ] Register NMethod: java.lang.invoke.LambdaForm$Holder.constant_L (0x000078e2df52d008) [0x000078e2df52d100, 0x000078e2df52d420] Compiler: c1, Barriers: 1, Oops: 0, ImmediateOops: 0, NonImmediateOops: No
[1,161s][debug][gc,nmethod  ] Register NMethod: java.lang.invoke.Invokers$Holder.linkToTargetMethod (0x000078e2df52d488) [0x000078e2df52d580, 0x000078e2df52da68] Compiler: c1, Barriers: 0, Oops: 0, ImmediateOops: 0, NonImmediateOops: No
[1,161s][debug][gc,nmethod  ] Register NMethod: java.lang.Integer.hashCode (0x000078e2df52da88) [0x000078e2df52db80, 0x000078e2df52dc60] Compiler: c1, Barriers: 0, Oops: 0, ImmediateOops: 0, NonImmediateOops: No
[1,161s][debug][gc,nmethod  ] Register NMethod: java.util.BitSet.set (0x000078e2df52dd88) [0x000078e2df52de80, 0x000078e2df52edc8] Compiler: c1, Barriers: 1, Oops: 1, ImmediateOops: 2, NonImmediateOops: No
[1,161s][debug][gc,nmethod  ] Register NMethod: java.lang.Integer.hashCode (0x000078e2df52ee08) [0x000078e2df52ef00, 0x000078e2df52f058] Compiler: c1, Barriers: 0, Oops: 0, ImmediateOops: 0, NonImmediateOops: No
[1,161s][debug][gc,nmethod  ] Register NMethod: java.util.BitSet.initWords (0x000078e2df52f108) [0x000078e2df52f200, 0x000078e2df52f460] Compiler: c1, Barriers: 3, Oops: 0, ImmediateOops: 0, NonImmediateOops: No
[1,161s][debug][gc,nmethod  ] Register NMethod: java.util.BitSet.ensureCapacity (0x000078e2df52f488) [0x000078e2df52f580, 0x000078e2df52f840] Compiler: c1, Barriers: 4, Oops: 0, ImmediateOops: 0, NonImmediateOops: No
[1,161s][debug][gc,nmethod  ] Register NMethod: java.util.BitSet.<init> (0x000078e2df52f888) [0x000078e2df52f980, 0x000078e2df52fca8] Compiler: c1, Barriers: 3, Oops: 0, ImmediateOops: 0, NonImmediateOops: No
[1,161s][debug][gc,nmethod  ] Register NMethod: java.util.zip.ZipFile$Source$$Lambda/0x000000009207b820.apply (0x000078e2df52fd08) [0x000078e2df52fe00, 0x000078e2df530430] Compiler: c1, Barriers: 3, Oops: 0, ImmediateOops: 0, NonImmediateOops: No
[1,161s][debug][gc,nmethod  ] Register NMethod: java.util.zip.ZipFile$Source.lambda$initCEN$0 (0x000078e2df530488) [0x000078e2df530580, 0x000078e2df530930] Compiler: c1, Barriers: 3, Oops: 0, ImmediateOops: 0, NonImmediateOops: No
[1,161s][debug][gc,nmethod  ] Register NMethod: java.util.HashMap.computeIfAbsent (0x000078e2df530988) [0x000078e2df530a80, 0x000078e2df533288] Compiler: c1, Barriers: 11, Oops: 0, ImmediateOops: 0, NonImmediateOops: No
[1,162s][debug][gc,nmethod  ] Register NMethod: java.lang.StringCoding.countPositives (0x000078e2fec13988) [0x000078e2fec13a80, 0x000078e2fec13cf0] Compiler: jvmci, Barriers: 0, Oops: 0, ImmediateOops: 0, NonImmediateOops: No
[1,162s][debug][gc,director ] Rule Major: Warmup 10%, Used: 50MB, UsedThreshold: 1228MB
[1,163s][debug][gc,nmethod  ] Register NMethod: java.util.HashMap.hash (0x000078e2fec13d08) [0x000078e2fec13e00, 0x000078e2fec13ff0] Compiler: jvmci, Barriers: 1, Oops: 0, ImmediateOops: 0, NonImmediateOops: No
[1,164s][debug][gc,nmethod  ] Register NMethod: java.lang.Runtime$Version.feature (0x000078e2df533308) [0x000078e2df533400, 0x000078e2df533b20] Compiler: c1, Barriers: 1, Oops: 0, ImmediateOops: 0, NonImmediateOops: No
[1,164s][debug][gc,nmethod  ] Register NMethod: java.util.zip.ZipFile$Source.isMetaName (0x000078e2fec14008) [0x000078e2fec14100, 0x000078e2fec14348] Compiler: jvmci, Barriers: 0, Oops: 0, ImmediateOops: 0, NonImmediateOops: No
[1,166s][debug][gc,nmethod  ] Register NMethod: java.nio.DirectLongBufferU.ix (0x000078e2fec14388) [0x000078e2fec14480, 0x000078e2fec14510] Compiler: jvmci, Barriers: 0, Oops: 0, ImmediateOops: 0, NonImmediateOops: No
[1,166s][debug][gc,nmethod  ] Register NMethod: sun.nio.fs.UnixPath.normalizeAndCheck (0x000078e2df533b88) [0x000078e2df533c80, 0x000078e2df534f78] Compiler: c1, Barriers: 3, Oops: 1, ImmediateOops: 3, NonImmediateOops: No
[1,167s][debug][gc,nmethod  ] Register NMethod: java.util.Collections$SetFromMap.add (0x000078e2df534f88) [0x000078e2df535080, 0x000078e2df535418] Compiler: c1, Barriers: 1, Oops: 0, ImmediateOops: 1, NonImmediateOops: No
[1,167s][debug][gc,nmethod  ] Register NMethod: java.util.Arrays.fill (0x000078e2df535488) [0x000078e2df535580, 0x000078e2df535708] Compiler: c1, Barriers: 0, Oops: 0, ImmediateOops: 0, NonImmediateOops: No
[1,167s][debug][gc,nmethod  ] Register NMethod: java.util.WeakHashMap$Entry.<init> (0x000078e2df535788) [0x000078e2df535880, 0x000078e2df535cb8] Compiler: c1, Barriers: 12, Oops: 0, ImmediateOops: 1, NonImmediateOops: No
[1,167s][debug][gc,nmethod  ] Register NMethod: java.net.URL.lowerCaseProtocol (0x000078e2df535d08) [0x000078e2df535e00, 0x000078e2df536bb0] Compiler: c1, Barriers: 2, Oops: 1, ImmediateOops: 8, NonImmediateOops: No
[1,167s][debug][gc,nmethod  ] Register NMethod: java.util.zip.Inflater.needsInput (0x000078e2df536c08) [0x000078e2df536d00, 0x000078e2df537328] Compiler: c1, Barriers: 2, Oops: 0, ImmediateOops: 0, NonImmediateOops: No
[1,167s][debug][gc,nmethod  ] Register NMethod: java.util.WeakHashMap.put (0x000078e2df537388) [0x000078e2df537480, 0x000078e2df538dc0] Compiler: c1, Barriers: 26, Oops: 0, ImmediateOops: 2, NonImmediateOops: No
[1,168s][debug][gc,nmethod  ] Register NMethod: java.lang.Thread.terminatingThreadLocals (0x000078e2df538e08) [0x000078e2df538f00, 0x000078e2df539068] Compiler: c1, Barriers: 2, Oops: 0, ImmediateOops: 0, NonImmediateOops: No
[1,168s][debug][gc,nmethod  ] Register NMethod: java.lang.ThreadLocal.getMap (0x000078e2df539108) [0x000078e2df539200, 0x000078e2df5399f0] Compiler: c1, Barriers: 3, Oops: 0, ImmediateOops: 0, NonImmediateOops: No
[1,168s][debug][gc,nmethod  ] Register NMethod: jdk.internal.misc.CarrierThreadLocal.get (0x000078e2df539a08) [0x000078e2df539b00, 0x000078e2df539f20] Compiler: c1, Barriers: 1, Oops: 0, ImmediateOops: 1, NonImmediateOops: No
[1,168s][debug][gc,nmethod  ] Register NMethod: java.lang.System$1.getCarrierThreadLocal (0x000078e2df539f88) [0x000078e2df53a080, 0x000078e2df53a440] Compiler: c1, Barriers: 1, Oops: 0, ImmediateOops: 0, NonImmediateOops: No
[1,168s][debug][gc,nmethod  ] Register NMethod: java.lang.ThreadLocal.getCarrierThreadLocal (0x000078e2df53a488) [0x000078e2df53a580, 0x000078e2df53a718] Compiler: c1, Barriers: 1, Oops: 0, ImmediateOops: 0, NonImmediateOops: No
[1,168s][debug][gc,nmethod  ] Register NMethod: java.lang.ThreadLocal.get (0x000078e2df53a788) [0x000078e2df53a880, 0x000078e2df53acc8] Compiler: c1, Barriers: 1, Oops: 0, ImmediateOops: 0, NonImmediateOops: No
[1,168s][debug][gc,nmethod  ] Register NMethod: java.lang.ThreadLocal$ThreadLocalMap.getEntry (0x000078e2df53ad08) [0x000078e2df53ae00, 0x000078e2df53b500] Compiler: c1, Barriers: 2, Oops: 0, ImmediateOops: 0, NonImmediateOops: No
[1,168s][debug][gc,nmethod  ] Register NMethod: java.util.zip.ZipFile$Source.initCEN (0x000078e2df53b508) [0x000078e2df53b600, 0x000078e2df53f188] Compiler: c1, Barriers: 39, Oops: 8, ImmediateOops: 13, NonImmediateOops: No
[1,168s][debug][gc,nmethod  ] Register NMethod: jdk.internal.misc.Unsafe.copyMemory0 (0x000078e2fec14688) [0x000078e2fec14780, 0x000078e2fec148f0] Compiler: , Barriers: 0, Oops: 0, ImmediateOops: 0, NonImmediateOops: No
[1,168s][debug][gc,nmethod  ] Rebuilding NMethod Table: 1024->2048 entries, 717(70%->35%) registered, 0(0%->0%) unregistered
[1,169s][debug][gc,nmethod  ] Register NMethod: java.util.Arrays.mismatch (0x000078e2df53f208) [0x000078e2df53f300, 0x000078e2df53f5f8] Compiler: c1, Barriers: 0, Oops: 0, ImmediateOops: 0, NonImmediateOops: No
[1,169s][debug][gc,nmethod  ] Register NMethod: java.util.zip.ZipCoder$UTF8ZipCoder.compare (0x000078e2df53f608) [0x000078e2df53f700, 0x000078e2df5407c8] Compiler: c1, Barriers: 1, Oops: 1, ImmediateOops: 2, NonImmediateOops: No
[1,169s][debug][gc,nmethod  ] Register NMethod: jdk.internal.ref.PhantomCleanable.clean (0x000078e2df540808) [0x000078e2df540900, 0x000078e2df541120] Compiler: c1, Barriers: 1, Oops: 0, ImmediateOops: 0, NonImmediateOops: No
[1,169s][debug][gc,nmethod  ] Register NMethod: java.lang.ref.Reference.clear (0x000078e2df541188) [0x000078e2df541280, 0x000078e2df541580] Compiler: c1, Barriers: 0, Oops: 0, ImmediateOops: 0, NonImmediateOops: No
[1,169s][debug][gc,nmethod  ] Register NMethod: java.util.zip.Inflater.inflate (0x000078e2df541588) [0x000078e2df541680, 0x000078e2df544470] Compiler: c1, Barriers: 10, Oops: 1, ImmediateOops: 5, NonImmediateOops: No
[1,169s][debug][gc,nmethod  ] Register NMethod: java.lang.StringLatin1.indexOf (0x000078e2fec14988) [0x000078e2fec14a80, 0x000078e2fec14d70] Compiler: jvmci, Barriers: 0, Oops: 0, ImmediateOops: 0, NonImmediateOops: No
[1,169s][debug][gc,nmethod  ] Register NMethod: jdk.internal.ref.CleanerImpl$CleanableList.remove (0x000078e2df544488) [0x000078e2df544580, 0x000078e2df5453b0] Compiler: c1, Barriers: 30, Oops: 0, ImmediateOops: 0, NonImmediateOops: No
[1,169s][debug][gc,nmethod  ] Register NMethod: java.lang.ref.PhantomReference.clearImpl (0x000078e2df545408) [0x000078e2df545500, 0x000078e2df545630] Compiler: c1, Barriers: 0, Oops: 0, ImmediateOops: 0, NonImmediateOops: No
[1,169s][debug][gc,nmethod  ] Register NMethod: jdk.internal.ref.CleanerImpl$PhantomCleanableRef.performCleanup (0x000078e2df545708) [0x000078e2df545800, 0x000078e2df545b40] Compiler: c1, Barriers: 1, Oops: 0, ImmediateOops: 0, NonImmediateOops: No
[1,169s][debug][gc,nmethod  ] Register NMethod: java.util.zip.ZipFile.ensureOpenOrZipException (0x000078e2df545b88) [0x000078e2df545c80, 0x000078e2df545e38] Compiler: c1, Barriers: 0, Oops: 0, ImmediateOops: 1, NonImmediateOops: No
[1,169s][debug][gc,nmethod  ] Register NMethod: java.util.zip.ZipUtils.LOCNAM (0x000078e2df545e88) [0x000078e2df545f80, 0x000078e2df546098] Compiler: c1, Barriers: 0, Oops: 0, ImmediateOops: 0, NonImmediateOops: No
[1,169s][debug][gc,nmethod  ] Register NMethod: java.util.zip.ZipFile$ZipFileInputStream.<init> (0x000078e2df546188) [0x000078e2df546280, 0x000078e2df546960] Compiler: c1, Barriers: 5, Oops: 0, ImmediateOops: 0, NonImmediateOops: No
[1,170s][debug][gc,nmethod  ] Register NMethod: java.util.zip.ZipFile$ZipFileInputStream.initDataOffset (0x000078e2df546988) [0x000078e2df546a80, 0x000078e2df5470b8] Compiler: c1, Barriers: 3, Oops: 0, ImmediateOops: 2, NonImmediateOops: No
[1,170s][debug][gc,nmethod  ] Register NMethod: java.util.zip.ZipFile$ZipFileInputStream.read (0x000078e2df547108) [0x000078e2df547200, 0x000078e2df547a50] Compiler: c1, Barriers: 5, Oops: 0, ImmediateOops: 1, NonImmediateOops: No
[1,170s][debug][gc,nmethod  ] Register NMethod: jdk.internal.misc.Unsafe.checkPrimitivePointer (0x000078e2df547a88) [0x000078e2df547b80, 0x000078e2df5485e8] Compiler: c1, Barriers: 2, Oops: 0, ImmediateOops: 0, NonImmediateOops: No
[1,170s][debug][gc,nmethod  ] Register NMethod: java.util.zip.ZipFile.getInputStream (0x000078e2df548608) [0x000078e2df548700, 0x000078e2df549c78] Compiler: c1, Barriers: 11, Oops: 1, ImmediateOops: 2, NonImmediateOops: No
[1,170s][debug][gc,nmethod  ] Register NMethod: java.util.zip.ZipUtils.LOCEXT (0x000078e2df549c88) [0x000078e2df549d80, 0x000078e2df549e98] Compiler: c1, Barriers: 0, Oops: 0, ImmediateOops: 0, NonImmediateOops: No
[1,170s][debug][gc,nmethod  ] Register NMethod: jdk.internal.misc.Unsafe.checkPointer (0x000078e2df549f88) [0x000078e2df54a080, 0x000078e2df54a3f0] Compiler: c1, Barriers: 0, Oops: 0, ImmediateOops: 0, NonImmediateOops: No
[1,170s][debug][gc,nmethod  ] Register NMethod: java.util.zip.ZipFile$ZipFileInflaterInputStream.<init> (0x000078e2df54a408) [0x000078e2df54a500, 0x000078e2df54a6a8] Compiler: c1, Barriers: 0, Oops: 0, ImmediateOops: 0, NonImmediateOops: No
[1,170s][debug][gc,nmethod  ] Register NMethod: java.util.zip.Inflater.reset (0x000078e2df54a708) [0x000078e2df54a800, 0x000078e2df54acc8] Compiler: c1, Barriers: 8, Oops: 0, ImmediateOops: 1, NonImmediateOops: No
[1,170s][debug][gc,nmethod  ] Register NMethod: java.util.zip.ZipFile$Source.readAt (0x000078e2df54ad08) [0x000078e2df54ae00, 0x000078e2df54b540] Compiler: c1, Barriers: 3, Oops: 0, ImmediateOops: 2, NonImmediateOops: No
[1,170s][debug][gc,nmethod  ] Register NMethod: java.util.zip.ZipFile$ZipFileInflaterInputStream.close (0x000078e2df54b588) [0x000078e2df54b680, 0x000078e2df54c990] Compiler: c1, Barriers: 10, Oops: 0, ImmediateOops: 0, NonImmediateOops: No
[1,170s][debug][gc,nmethod  ] Register NMethod: java.util.zip.ZipFile$ZipFileInflaterInputStream.<init> (0x000078e2df54ca08) [0x000078e2df54cb00, 0x000078e2df54d310] Compiler: c1, Barriers: 12, Oops: 1, ImmediateOops: 1, NonImmediateOops: No
[1,170s][debug][gc,nmethod  ] Register NMethod: java.util.zip.ZipFile$CleanableResource.getInflater (0x000078e2df54d388) [0x000078e2df54d480, 0x000078e2df54dbb0] Compiler: c1, Barriers: 2, Oops: 0, ImmediateOops: 0, NonImmediateOops: No
[1,170s][debug][gc,nmethod  ] Register NMethod: java.util.zip.ZipFile$InflaterCleanupAction.<init> (0x000078e2df54dc08) [0x000078e2df54dd00, 0x000078e2df54df48] Compiler: c1, Barriers: 6, Oops: 0, ImmediateOops: 0, NonImmediateOops: No
[1,170s][debug][gc,nmethod  ] Register NMethod: java.nio.file.attribute.FileTime.<init> (0x000078e2df54df88) [0x000078e2df54e080, 0x000078e2df54e2d0] Compiler: c1, Barriers: 6, Oops: 0, ImmediateOops: 0, NonImmediateOops: No
[1,170s][debug][gc,nmethod  ] Register NMethod: java.util.zip.InflaterInputStream.<init> (0x000078e2df54e308) [0x000078e2df54e400, 0x000078e2df54eb20] Compiler: c1, Barriers: 12, Oops: 0, ImmediateOops: 1, NonImmediateOops: No
[1,170s][debug][gc,nmethod  ] Register NMethod: java.nio.file.attribute.FileTime.from (0x000078e2df54eb88) [0x000078e2df54ec80, 0x000078e2df54f058] Compiler: c1, Barriers: 3, Oops: 1, ImmediateOops: 1, NonImmediateOops: No
[1,170s][debug][gc,nmethod  ] Register NMethod: java.util.zip.ZipFile$ZipFileInflaterInputStream.fill (0x000078e2df54f088) [0x000078e2df54f180, 0x000078e2df54f778] Compiler: c1, Barriers: 5, Oops: 0, ImmediateOops: 1, NonImmediateOops: No
[1,171s][debug][gc,nmethod  ] Register NMethod: sun.nio.fs.UnixFileAttributes.lastModifiedTime (0x000078e2df54f788) [0x000078e2df54f880, 0x000078e2df54f9c0] Compiler: c1, Barriers: 0, Oops: 0, ImmediateOops: 0, NonImmediateOops: No
[1,171s][debug][gc,nmethod  ] Register NMethod: sun.nio.fs.UnixFileAttributes.toFileTime (0x000078e2df54fa88) [0x000078e2df54fb80, 0x000078e2df54fe70] Compiler: c1, Barriers: 0, Oops: 0, ImmediateOops: 3, NonImmediateOops: No
[1,171s][debug][gc,nmethod  ] Register NMethod: sun.nio.fs.UnixFileAttributes$UnixAsBasicFileAttributes.lastModifiedTime (0x000078e2df54fe88) [0x000078e2df54ff80, 0x000078e2df550168] Compiler: c1, Barriers: 1, Oops: 0, ImmediateOops: 0, NonImmediateOops: No
[1,171s][debug][gc,nmethod  ] Register NMethod: java.lang.Math.addExact (0x000078e2df550188) [0x000078e2df550280, 0x000078e2df550470] Compiler: c1, Barriers: 0, Oops: 0, ImmediateOops: 1, NonImmediateOops: No
[1,171s][debug][gc,nmethod  ] Register NMethod: java.lang.Math.multiplyExact (0x000078e2df550488) [0x000078e2df550580, 0x000078e2df550a20] Compiler: c1, Barriers: 0, Oops: 0, ImmediateOops: 1, NonImmediateOops: No
[1,171s][debug][gc,nmethod  ] Register NMethod: java.util.zip.InflaterInputStream.close (0x000078e2df550a88) [0x000078e2df550b80, 0x000078e2df550fb0] Compiler: c1, Barriers: 2, Oops: 0, ImmediateOops: 0, NonImmediateOops: No
[1,171s][debug][gc,nmethod  ] Register NMethod: java.util.zip.Inflater.setInput (0x000078e2df551008) [0x000078e2df551100, 0x000078e2df5515f0] Compiler: c1, Barriers: 7, Oops: 1, ImmediateOops: 1, NonImmediateOops: No
[1,171s][debug][gc,nmethod  ] Register NMethod: java.util.zip.ZipFile$InflaterCleanupAction.run (0x000078e2df551608) [0x000078e2df551700, 0x000078e2df5518c0] Compiler: c1, Barriers: 2, Oops: 0, ImmediateOops: 0, NonImmediateOops: No
[1,171s][debug][gc,nmethod  ] Register NMethod: java.lang.Float.isNaN (0x000078e2df551908) [0x000078e2df551a00, 0x000078e2df551b50] Compiler: c1, Barriers: 0, Oops: 0, ImmediateOops: 0, NonImmediateOops: No
[1,171s][debug][gc,nmethod  ] Register NMethod: java.net.URL.getDefaultPort (0x000078e2df551c08) [0x000078e2df551d00, 0x000078e2df552050] Compiler: c1, Barriers: 1, Oops: 0, ImmediateOops: 0, NonImmediateOops: No
[1,171s][debug][gc,nmethod  ] Register NMethod: java.util.HashMap.tableSizeFor (0x000078e2df552088) [0x000078e2df552180, 0x000078e2df552370] Compiler: c1, Barriers: 0, Oops: 0, ImmediateOops: 0, NonImmediateOops: No
[1,171s][debug][gc,nmethod  ] Register NMethod: java.util.zip.ZipFile$CleanableResource.releaseInflater (0x000078e2df552388) [0x000078e2df552480, 0x000078e2df5529d8] Compiler: c1, Barriers: 2, Oops: 0, ImmediateOops: 0, NonImmediateOops: No
[1,171s][debug][gc,nmethod  ] Register NMethod: java.util.zip.ZipEntry.isCENHeaderValid (0x000078e2df552a08) [0x000078e2df552b00, 0x000078e2df553620] Compiler: c1, Barriers: 2, Oops: 0, ImmediateOops: 0, NonImmediateOops: No
[1,171s][debug][gc,nmethod  ] Register NMethod: sun.nio.fs.UnixFileSystem.provider (0x000078e2fec14d88) [0x000078e2fec14e80, 0x000078e2fec14f68] Compiler: c1, Barriers: 1, Oops: 0, ImmediateOops: 0, NonImmediateOops: No
[1,171s][debug][gc,nmethod  ] Register NMethod: sun.nio.fs.UnixNativeDispatcher.stat0 (0x000078e2fec15088) [0x000078e2fec15180, 0x000078e2fec152f0] Compiler: , Barriers: 0, Oops: 0, ImmediateOops: 1, NonImmediateOops: No
[1,171s][debug][gc,nmethod  ] Register NMethod: java.io.ByteArrayOutputStream.write (0x000078e2df553688) [0x000078e2df553780, 0x000078e2df553cc0] Compiler: c1, Barriers: 1, Oops: 0, ImmediateOops: 0, NonImmediateOops: No
[1,171s][debug][gc,nmethod  ] Register NMethod: java.io.ByteArrayOutputStream.ensureCapacity (0x000078e2df553d08) [0x000078e2df553e00, 0x000078e2df5541c8] Compiler: c1, Barriers: 4, Oops: 0, ImmediateOops: 0, NonImmediateOops: No
[1,171s][debug][gc,nmethod  ] Register NMethod: java.util.jar.Attributes.put (0x000078e2df554208) [0x000078e2df554300, 0x000078e2df554a48] Compiler: c1, Barriers: 1, Oops: 0, ImmediateOops: 0, NonImmediateOops: No
[1,171s][debug][gc,nmethod  ] Register NMethod: java.util.jar.Attributes.putValue (0x000078e2df554a88) [0x000078e2df554b80, 0x000078e2df555a08] Compiler: c1, Barriers: 4, Oops: 0, ImmediateOops: 1, NonImmediateOops: No
[1,171s][debug][gc,nmethod  ] Register NMethod: java.util.jar.Attributes$Name.of (0x000078e2df555a88) [0x000078e2df555b80, 0x000078e2df5563f8] Compiler: c1, Barriers: 4, Oops: 1, ImmediateOops: 3, NonImmediateOops: No
[1,171s][debug][gc,nmethod  ] Register NMethod: sun.nio.fs.UnixFileSystem.needToResolveAgainstDefaultDirectory (0x000078e2fec15388) [0x000078e2fec15480, 0x000078e2fec15540] Compiler: c1, Barriers: 0, Oops: 0, ImmediateOops: 0, NonImmediateOops: No
[1,172s][debug][gc,nmethod  ] Register NMethod: sun.net.www.protocol.jar.Handler.checkNestedProtocol (0x000078e2df556408) [0x000078e2df556500, 0x000078e2df556888] Compiler: c1, Barriers: 0, Oops: 0, ImmediateOops: 2, NonImmediateOops: No
[1,172s][debug][gc,nmethod  ] Register NMethod: java.net.URL.toString (0x000078e2df556908) [0x000078e2df556a00, 0x000078e2df556f50] Compiler: c1, Barriers: 1, Oops: 0, ImmediateOops: 0, NonImmediateOops: No
[1,172s][debug][gc,nmethod  ] Register NMethod: sun.nio.fs.UnixFileAttributes$UnixAsBasicFileAttributes.fileKey (0x000078e2df556f88) [0x000078e2df557080, 0x000078e2df557208] Compiler: c1, Barriers: 1, Oops: 0, ImmediateOops: 0, NonImmediateOops: No
[1,172s][debug][gc,nmethod  ] Register NMethod: java.net.URL.toExternalForm (0x000078e2df557288) [0x000078e2df557380, 0x000078e2df5576b8] Compiler: c1, Barriers: 1, Oops: 0, ImmediateOops: 0, NonImmediateOops: No
[1,172s][debug][gc,nmethod  ] Register NMethod: sun.nio.fs.NativeBuffer.size (0x000078e2fec15688) [0x000078e2fec15780, 0x000078e2fec15840] Compiler: c1, Barriers: 0, Oops: 0, ImmediateOops: 0, NonImmediateOops: No
[1,172s][debug][gc,nmethod  ] Register NMethod: java.io.RandomAccessFile.open0 (0x000078e2fec15988) [0x000078e2fec15a80, 0x000078e2fec15bd8] Compiler: , Barriers: 0, Oops: 0, ImmediateOops: 0, NonImmediateOops: No
[1,172s][debug][gc,nmethod  ] Register NMethod: sun.nio.fs.NativeBuffer.owner (0x000078e2fec15c88) [0x000078e2fec15d80, 0x000078e2fec15e68] Compiler: c1, Barriers: 1, Oops: 0, ImmediateOops: 0, NonImmediateOops: No
[1,172s][debug][gc,nmethod  ] Register NMethod: java.io.RandomAccessFile.length0 (0x000078e2fec15f88) [0x000078e2fec16080, 0x000078e2fec161d8] Compiler: , Barriers: 0, Oops: 0, ImmediateOops: 0, NonImmediateOops: No
[1,172s][debug][gc,nmethod  ] Register NMethod: sun.nio.fs.UnixFileAttributes.fileKey (0x000078e2df557708) [0x000078e2df557800, 0x000078e2df557d38] Compiler: c1, Barriers: 6, Oops: 0, ImmediateOops: 0, NonImmediateOops: No
[1,172s][debug][gc,nmethod  ] Register NMethod: java.util.concurrent.TimeUnit.toMillis (0x000078e2df557d88) [0x000078e2df557e80, 0x000078e2df558138] Compiler: c1, Barriers: 0, Oops: 0, ImmediateOops: 0, NonImmediateOops: No
[1,172s][debug][gc,nmethod  ] Register NMethod: java.nio.charset.Charset.hashCode (0x000078e2df558188) [0x000078e2df558280, 0x000078e2df558780] Compiler: c1, Barriers: 1, Oops: 0, ImmediateOops: 0, NonImmediateOops: No
[1,172s][debug][gc,director ] Rule Major: Warmup 10%, Used: 54MB, UsedThreshold: 1228MB
[1,172s][debug][gc,nmethod  ] Register NMethod: jdk.internal.loader.FileURLMapper.getPath (0x000078e2df558788) [0x000078e2df558880, 0x000078e2df559658] Compiler: c1, Barriers: 14, Oops: 0, ImmediateOops: 1, NonImmediateOops: No
[1,172s][debug][gc,nmethod  ] Register NMethod: java.net.URLStreamHandler.toExternalForm (0x000078e2df559688) [0x000078e2df559780, 0x000078e2df55dbc0] Compiler: c1, Barriers: 6, Oops: 1, ImmediateOops: 9, NonImmediateOops: No
[1,172s][debug][gc,nmethod  ] Register NMethod: java.util.zip.Inflater.init (0x000078e2fec16288) [0x000078e2fec16380, 0x000078e2fec164e0] Compiler: , Barriers: 0, Oops: 0, ImmediateOops: 1, NonImmediateOops: No
[1,172s][debug][gc,nmethod  ] Register NMethod: sun.nio.fs.UnixFileKey.hashCode (0x000078e2df55dc08) [0x000078e2df55dd00, 0x000078e2df55de80] Compiler: c1, Barriers: 0, Oops: 0, ImmediateOops: 0, NonImmediateOops: No
[1,172s][debug][gc,nmethod  ] Register NMethod: java.lang.String.<init> (0x000078e2df55df08) [0x000078e2df55e000, 0x000078e2df561e70] Compiler: c1, Barriers: 45, Oops: 1, ImmediateOops: 12, NonImmediateOops: No
[1,172s][debug][gc,nmethod  ] Register NMethod: java.util.jar.JarFile.entryFor (0x000078e2df561e88) [0x000078e2df561f80, 0x000078e2df562368] Compiler: c1, Barriers: 6, Oops: 0, ImmediateOops: 0, NonImmediateOops: No
[1,172s][debug][gc,nmethod  ] Register NMethod: java.util.zip.ZipFile$Source$Key.hashCode (0x000078e2df562388) [0x000078e2df562480, 0x000078e2df563878] Compiler: c1, Barriers: 6, Oops: 0, ImmediateOops: 1, NonImmediateOops: No
[1,172s][debug][gc,nmethod  ] Register NMethod: java.util.jar.JavaUtilJarAccessImpl.entryFor (0x000078e2df563888) [0x000078e2df563980, 0x000078e2df564068] Compiler: c1, Barriers: 6, Oops: 0, ImmediateOops: 0, NonImmediateOops: No
[1,173s][debug][gc,nmethod  ] Register NMethod: java.nio.file.attribute.FileTime.toMillis (0x000078e2df564088) [0x000078e2df564180, 0x000078e2df564848] Compiler: c1, Barriers: 3, Oops: 0, ImmediateOops: 0, NonImmediateOops: No
[1,173s][debug][gc,nmethod  ] Register NMethod: java.util.jar.JarEntry.<init> (0x000078e2df564888) [0x000078e2df564980, 0x000078e2df564ab0] Compiler: c1, Barriers: 0, Oops: 0, ImmediateOops: 0, NonImmediateOops: No
[1,173s][debug][gc,nmethod  ] Register NMethod: java.util.zip.ZipUtils.CENTIM (0x000078e2df564b88) [0x000078e2df564c80, 0x000078e2df564d90] Compiler: c1, Barriers: 0, Oops: 0, ImmediateOops: 0, NonImmediateOops: No
[1,173s][debug][gc,nmethod  ] Register NMethod: java.util.zip.ZipUtils.CENCRC (0x000078e2df564e88) [0x000078e2df564f80, 0x000078e2df565090] Compiler: c1, Barriers: 0, Oops: 0, ImmediateOops: 0, NonImmediateOops: No
[1,173s][debug][gc,nmethod  ] Register NMethod: java.util.jar.JarFile$JarFileEntry.<init> (0x000078e2df565188) [0x000078e2df565280, 0x000078e2df565670] Compiler: c1, Barriers: 6, Oops: 0, ImmediateOops: 0, NonImmediateOops: No
[1,173s][debug][gc,nmethod  ] Register NMethod: java.util.zip.ZipUtils.CENVEM_FA (0x000078e2df565688) [0x000078e2df565780, 0x000078e2df5658e8] Compiler: c1, Barriers: 0, Oops: 0, ImmediateOops: 0, NonImmediateOops: No
[1,173s][debug][gc,nmethod  ] Register NMethod: java.util.zip.ZipCoder.charset (0x000078e2fec16588) [0x000078e2fec16680, 0x000078e2fec16768] Compiler: c1, Barriers: 1, Oops: 0, ImmediateOops: 0, NonImmediateOops: No
[1,173s][debug][gc,nmethod  ] Register NMethod: sun.nio.fs.NativeBuffer.setOwner (0x000078e2fec16888) [0x000078e2fec16980, 0x000078e2fec16ab0] Compiler: c1, Barriers: 3, Oops: 0, ImmediateOops: 0, NonImmediateOops: No
[1,173s][debug][gc,nmethod  ] Register NMethod: java.io.UnixFileSystem.getFileForSysCalls (0x000078e2df565988) [0x000078e2df565a80, 0x000078e2df565fc0] Compiler: c1, Barriers: 3, Oops: 0, ImmediateOops: 0, NonImmediateOops: No
[1,173s][debug][gc,nmethod  ] Register NMethod: java.util.zip.ZipEntry.<init> (0x000078e2df566008) [0x000078e2df566100, 0x000078e2df5665b0] Compiler: c1, Barriers: 3, Oops: 1, ImmediateOops: 2, NonImmediateOops: No
[1,173s][debug][gc,nmethod  ] Register NMethod: java.io.UnixFileSystem.hasBooleanAttributes (0x000078e2df566608) [0x000078e2df566700, 0x000078e2df567288] Compiler: c1, Barriers: 3, Oops: 1, ImmediateOops: 1, NonImmediateOops: No
[1,174s][debug][gc,nmethod  ] Register NMethod: java.lang.invoke.MemberName.isResolved (0x000078e2df567308) [0x000078e2df567400, 0x000078e2df567580] Compiler: c1, Barriers: 1, Oops: 0, ImmediateOops: 0, NonImmediateOops: No
[1,174s][debug][gc,nmethod  ] Register NMethod: java.lang.Class.cast (0x000078e2df567608) [0x000078e2df567700, 0x000078e2df567b58] Compiler: c1, Barriers: 0, Oops: 0, ImmediateOops: 0, NonImmediateOops: No
[1,174s][debug][gc,nmethod  ] Register NMethod: jdk.internal.util.ReferencedKeyMap.entryKey (0x000078e2df567b88) [0x000078e2df567c80, 0x000078e2df568498] Compiler: c1, Barriers: 8, Oops: 0, ImmediateOops: 1, NonImmediateOops: No
[1,174s][debug][gc,nmethod  ] Register NMethod: jdk.internal.util.WeakReferenceKey.<init> (0x000078e2df568508) [0x000078e2df568600, 0x000078e2df568c08] Compiler: c1, Barriers: 6, Oops: 0, ImmediateOops: 1, NonImmediateOops: No
[1,175s][debug][gc,nmethod  ] Register NMethod: java.lang.Math.min (0x000078e2df568c88) [0x000078e2df568d80, 0x000078e2df568ea8] Compiler: c1, Barriers: 0, Oops: 0, ImmediateOops: 0, NonImmediateOops: No
[1,175s][debug][gc,nmethod  ] Register NMethod: java.lang.StringUTF16.compress (0x000078e2df568f88) [0x000078e2df569080, 0x000078e2df5692b0] Compiler: c1, Barriers: 0, Oops: 0, ImmediateOops: 0, NonImmediateOops: No
[1,175s][debug][gc,nmethod  ] Register NMethod: java.util.jar.Attributes.getValue (0x000078e2df569308) [0x000078e2df569400, 0x000078e2df5699a0] Compiler: c1, Barriers: 1, Oops: 0, ImmediateOops: 0, NonImmediateOops: No
[1,175s][debug][gc,nmethod  ] Register NMethod: java.util.jar.Attributes.get (0x000078e2df569a08) [0x000078e2df569b00, 0x000078e2df569e40] Compiler: c1, Barriers: 1, Oops: 0, ImmediateOops: 0, NonImmediateOops: No
[1,176s][debug][gc,nmethod  ] Register NMethod: jdk.internal.perf.PerfCounter.increment (0x000078e2df569e88) [0x000078e2df569f80, 0x000078e2df56a0c8] Compiler: c1, Barriers: 0, Oops: 0, ImmediateOops: 0, NonImmediateOops: No
[1,176s][debug][gc,nmethod  ] Register NMethod: jdk.internal.loader.BuiltinClassLoader.loadClassOrNull (0x000078e2df56a188) [0x000078e2df56a280, 0x000078e2df56a588] Compiler: c1, Barriers: 0, Oops: 0, ImmediateOops: 0, NonImmediateOops: No
[1,177s][debug][gc,nmethod  ] Register NMethod: jdk.internal.loader.BuiltinClassLoader.findLoadedModule (0x000078e2df56a608) [0x000078e2df56a700, 0x000078e2df56b8c0] Compiler: c1, Barriers: 1, Oops: 0, ImmediateOops: 1, NonImmediateOops: No
[1,177s][debug][gc,nmethod  ] Register NMethod: java.util.WeakHashMap.getTable (0x000078e2df56b908) [0x000078e2df56ba00, 0x000078e2df56bb78] Compiler: c1, Barriers: 1, Oops: 0, ImmediateOops: 0, NonImmediateOops: No
[1,177s][debug][gc,nmethod  ] Register NMethod: java.lang.invoke.MethodHandles$Lookup.previousLookupClass (0x000078e2fec16b88) [0x000078e2fec16c80, 0x000078e2fec16d68] Compiler: c1, Barriers: 1, Oops: 0, ImmediateOops: 0, NonImmediateOops: No
[1,177s][debug][gc,nmethod  ] Register NMethod: jdk.internal.loader.BuiltinClassLoader.loadClassOrNull (0x000078e2df56bc08) [0x000078e2df56bd00, 0x000078e2df56d798] Compiler: c1, Barriers: 3, Oops: 0, ImmediateOops: 2, NonImmediateOops: No
[1,177s][debug][gc,nmethod  ] Register NMethod: jdk.internal.classfile.impl.StackMapGenerator$Frame.pushStack (0x000078e2df56d808) [0x000078e2df56d900, 0x000078e2df56dd60] Compiler: c1, Barriers: 4, Oops: 0, ImmediateOops: 0, NonImmediateOops: No
[1,177s][debug][gc,nmethod  ] Register NMethod: jdk.internal.classfile.impl.StackMapGenerator$Type.referenceType (0x000078e2df56dd88) [0x000078e2df56de80, 0x000078e2df56e150] Compiler: c1, Barriers: 3, Oops: 0, ImmediateOops: 0, NonImmediateOops: No
[1,177s][debug][gc,nmethod  ] Register NMethod: jdk.internal.classfile.impl.DirectClassBuilder.constantPool (0x000078e2df56e188) [0x000078e2df56e280, 0x000078e2df56e3c0] Compiler: c1, Barriers: 1, Oops: 0, ImmediateOops: 0, NonImmediateOops: No
[1,178s][debug][gc,nmethod  ] Register NMethod: jdk.internal.classfile.impl.RawBytecodeHelper.getIndexU2 (0x000078e2df56e488) [0x000078e2df56e580, 0x000078e2df56e878] Compiler: c1, Barriers: 0, Oops: 0, ImmediateOops: 0, NonImmediateOops: No
[1,178s][debug][gc,nmethod  ] Register NMethod: jdk.internal.classfile.impl.RawBytecodeHelper.getU2Unchecked (0x000078e2df56e888) [0x000078e2df56e980, 0x000078e2df56ed08] Compiler: c1, Barriers: 2, Oops: 0, ImmediateOops: 1, NonImmediateOops: No
[1,178s][debug][gc,nmethod  ] Register NMethod: jdk.internal.classfile.impl.AbstractPoolEntry$AbstractRefEntry.writeTo (0x000078e2df56ed88) [0x000078e2df56ee80, 0x000078e2df56f5d8] Compiler: c1, Barriers: 1, Oops: 0, ImmediateOops: 0, NonImmediateOops: No
[1,178s][debug][gc,nmethod  ] Register NMethod: java.lang.invoke.MethodHandle.linkToSpecial (0x000078e2fec16e88) [0x000078e2fec16f80, 0x000078e2fec17078] Compiler: , Barriers: 0, Oops: 0, ImmediateOops: 0, NonImmediateOops: No
[1,178s][debug][gc,nmethod  ] Register NMethod: jdk.internal.classfile.impl.BufWriterImpl.writeIndex (0x000078e2df56f608) [0x000078e2df56f700, 0x000078e2df571b28] Compiler: c1, Barriers: 1, Oops: 1, ImmediateOops: 3, NonImmediateOops: No
[1,178s][debug][gc,nmethod  ] Register NMethod: java.lang.invoke.MethodHandle.invokeBasic (0x000078e2fec17188) [0x000078e2fec17280, 0x000078e2fec17518] Compiler: , Barriers: 0, Oops: 0, ImmediateOops: 0, NonImmediateOops: No
[1,178s][debug][gc,nmethod  ] Register NMethod: java.lang.invoke.LambdaForm$Name.withIndex (0x000078e2df571b88) [0x000078e2df571c80, 0x000078e2df571f68] Compiler: c1, Barriers: 4, Oops: 0, ImmediateOops: 0, NonImmediateOops: No
[1,178s][debug][gc,nmethod  ] Register NMethod: jdk.internal.classfile.impl.StackMapGenerator$Frame.checkLocal (0x000078e2df571f88) [0x000078e2df572080, 0x000078e2df572cd8] Compiler: c1, Barriers: 11, Oops: 1, ImmediateOops: 2, NonImmediateOops: No
[1,178s][debug][gc,nmethod  ] Register NMethod: java.lang.reflect.Modifier.isStatic (0x000078e2df572d08) [0x000078e2df572e00, 0x000078e2df572f30] Compiler: c1, Barriers: 0, Oops: 0, ImmediateOops: 0, NonImmediateOops: No
[1,178s][debug][gc,nmethod  ] Register NMethod: jdk.internal.classfile.impl.AbstractAttributeMapper.allowMultiple (0x000078e2fec17588) [0x000078e2fec17680, 0x000078e2fec17740] Compiler: c1, Barriers: 0, Oops: 0, ImmediateOops: 0, NonImmediateOops: No
[1,178s][debug][gc,nmethod  ] Register NMethod: jdk.internal.constant.MethodTypeDescImpl.returnType (0x000078e2fec17888) [0x000078e2fec17980, 0x000078e2fec17a68] Compiler: c1, Barriers: 1, Oops: 0, ImmediateOops: 0, NonImmediateOops: No
[1,179s][debug][gc,nmethod  ] Register NMethod: sun.invoke.util.VerifyAccess.isClassAccessible (0x000078e2df573008) [0x000078e2df573100, 0x000078e2df575080] Compiler: c1, Barriers: 4, Oops: 0, ImmediateOops: 3, NonImmediateOops: No
[1,179s][debug][gc,nmethod  ] Register NMethod: jdk.internal.classfile.impl.StackMapGenerator$Frame.decStack (0x000078e2df575088) [0x000078e2df575180, 0x000078e2df5753e0] Compiler: c1, Barriers: 2, Oops: 1, ImmediateOops: 1, NonImmediateOops: No
[1,179s][debug][gc,nmethod  ] Register NMethod: java.lang.reflect.Method.getName (0x000078e2fec17b88) [0x000078e2fec17c80, 0x000078e2fec17d68] Compiler: c1, Barriers: 1, Oops: 0, ImmediateOops: 0, NonImmediateOops: No
[1,179s][debug][gc,nmethod  ] Register NMethod: java.lang.Long.<init> (0x000078e2df575408) [0x000078e2df575500, 0x000078e2df5756c0] Compiler: c1, Barriers: 0, Oops: 0, ImmediateOops: 0, NonImmediateOops: No
[1,179s][debug][gc,nmethod  ] Register NMethod: java.lang.invoke.MethodHandle.linkToStatic (0x000078e2fec17e88) [0x000078e2fec17f80, 0x000078e2fec18070] Compiler: , Barriers: 0, Oops: 0, ImmediateOops: 0, NonImmediateOops: No
[1,179s][debug][gc,nmethod  ] Register NMethod: java.lang.invoke.MethodTypeForm.canonicalize (0x000078e2df575708) [0x000078e2df575800, 0x000078e2df575eb0] Compiler: c1, Barriers: 2, Oops: 0, ImmediateOops: 0, NonImmediateOops: No
[1,179s][debug][gc,nmethod  ] Register NMethod: java.lang.ref.SoftReference.get (0x000078e2df575f08) [0x000078e2df576000, 0x000078e2df5761c0] Compiler: c1, Barriers: 2, Oops: 0, ImmediateOops: 1, NonImmediateOops: No
[1,180s][debug][gc,nmethod  ] Register NMethod: jdk.internal.util.ReferencedKeyMap.internKey (0x000078e2df576208) [0x000078e2df576300, 0x000078e2df577aa8] Compiler: c1, Barriers: 5, Oops: 0, ImmediateOops: 0, NonImmediateOops: No
[1,180s][debug][gc,nmethod  ] Register NMethod: jdk.internal.util.ReferencedKeyMap.existingKey (0x000078e2df577b08) [0x000078e2df577c00, 0x000078e2df579910] Compiler: c1, Barriers: 11, Oops: 1, ImmediateOops: 0, NonImmediateOops: No
[1,180s][debug][gc,nmethod  ] Register NMethod: java.lang.String.getBytes (0x000078e2fec18188) [0x000078e2fec18280, 0x000078e2fec185c0] Compiler: jvmci, Barriers: 1, Oops: 0, ImmediateOops: 0, NonImmediateOops: No
[1,180s][debug][gc,nmethod  ] Register NMethod: java.util.jar.Manifest$FastInputStream.readLine (0x000078e2fec18608) [0x000078e2fec18700, 0x000078e2fec19048] Compiler: jvmci, Barriers: 3, Oops: 0, ImmediateOops: 0, NonImmediateOops: No
[1,180s][debug][gc,nmethod  ] Register NMethod: jdk.internal.classfile.impl.RawBytecodeHelper.opcode (0x000078e2fec19088) [0x000078e2fec19180, 0x000078e2fec19208] Compiler: jvmci, Barriers: 0, Oops: 0, ImmediateOops: 0, NonImmediateOops: No
[1,180s][debug][gc,nmethod  ] Register NMethod: jdk.internal.classfile.impl.Util.powerOctal (0x000078e2df579988) [0x000078e2df579a80, 0x000078e2df579c40] Compiler: c1, Barriers: 0, Oops: 1, ImmediateOops: 1, NonImmediateOops: No
[1,181s][debug][gc,nmethod  ] Register NMethod: java.lang.Character.reverseBytes (0x000078e2df579c88) [0x000078e2df579d80, 0x000078e2df579e78] Compiler: c1, Barriers: 0, Oops: 0, ImmediateOops: 0, NonImmediateOops: No
[1,181s][debug][gc,nmethod  ] Register NMethod: jdk.internal.misc.Unsafe.convEndian (0x000078e2df579f88) [0x000078e2df57a080, 0x000078e2df57a220] Compiler: c1, Barriers: 0, Oops: 0, ImmediateOops: 0, NonImmediateOops: No
[1,181s][debug][gc,nmethod  ] Register NMethod: jdk.internal.misc.Unsafe.getCharUnaligned (0x000078e2df57a288) [0x000078e2df57a380, 0x000078e2df57a710] Compiler: c1, Barriers: 0, Oops: 0, ImmediateOops: 0, NonImmediateOops: No
[1,181s][debug][gc,nmethod  ] Register NMethod: java.lang.CharacterDataLatin1.toLowerCase (0x000078e2df57a788) [0x000078e2df57a880, 0x000078e2df57aac0] Compiler: c1, Barriers: 0, Oops: 0, ImmediateOops: 0, NonImmediateOops: No
[1,182s][debug][gc,nmethod  ] Register NMethod: java.lang.Math.clamp (0x000078e2df57ab08) [0x000078e2df57ac00, 0x000078e2df57bcc8] Compiler: c1, Barriers: 0, Oops: 1, ImmediateOops: 2, NonImmediateOops: No
[1,182s][debug][gc,director ] Rule Major: Warmup 10%, Used: 54MB, UsedThreshold: 1228MB
[1,184s][debug][gc,nmethod  ] Register NMethod: java.lang.Enum.name (0x000078e2fec19388) [0x000078e2fec19480, 0x000078e2fec19568] Compiler: c1, Barriers: 1, Oops: 0, ImmediateOops: 0, NonImmediateOops: No
[1,184s][debug][gc,nmethod  ] Register NMethod: java.lang.CharacterDataLatin1.toUpperCaseEx (0x000078e2df57bd08) [0x000078e2df57be00, 0x000078e2df57c230] Compiler: c1, Barriers: 0, Oops: 0, ImmediateOops: 1, NonImmediateOops: No
[1,184s][debug][gc,nmethod  ] Register NMethod: java.util.concurrent.ConcurrentHashMap.put (0x000078e2df57c288) [0x000078e2df57c380, 0x000078e2df57c680] Compiler: c1, Barriers: 0, Oops: 0, ImmediateOops: 0, NonImmediateOops: No
[1,184s][debug][gc,nmethod  ] Register NMethod: sun.util.locale.BaseLocale.getLanguage (0x000078e2fec19688) [0x000078e2fec19780, 0x000078e2fec19868] Compiler: c1, Barriers: 1, Oops: 0, ImmediateOops: 0, NonImmediateOops: No
[1,184s][debug][gc,nmethod  ] Register NMethod: java.util.concurrent.ConcurrentHashMap$Node.<init> (0x000078e2df57c688) [0x000078e2df57c780, 0x000078e2df57caa8] Compiler: c1, Barriers: 9, Oops: 0, ImmediateOops: 0, NonImmediateOops: No
[1,185s][debug][gc,nmethod  ] Register NMethod: java.util.Objects.nonNull (0x000078e2df57cb08) [0x000078e2df57cc00, 0x000078e2df57cd30] Compiler: c1, Barriers: 0, Oops: 0, ImmediateOops: 0, NonImmediateOops: No
[1,185s][debug][gc,nmethod  ] Register NMethod: java.lang.String.toUpperCase (0x000078e2df57ce08) [0x000078e2df57cf00, 0x000078e2df57d3b0] Compiler: c1, Barriers: 2, Oops: 0, ImmediateOops: 0, NonImmediateOops: No
[1,185s][debug][gc,nmethod  ] Register NMethod: java.lang.StringLatin1.toUpperCase (0x000078e2df57d408) [0x000078e2df57d500, 0x000078e2df57e5c8] Compiler: c1, Barriers: 5, Oops: 0, ImmediateOops: 4, NonImmediateOops: No
[1,185s][debug][gc,nmethod  ] Register NMethod: java.lang.StringLatin1.canEncode (0x000078e2fec19988) [0x000078e2fec19a80, 0x000078e2fec19b20] Compiler: jvmci, Barriers: 0, Oops: 0, ImmediateOops: 0, NonImmediateOops: No
[1,185s][debug][gc,nmethod  ] Register NMethod: java.util.Locale.getLanguage (0x000078e2df57e608) [0x000078e2df57e700, 0x000078e2df57ea40] Compiler: c1, Barriers: 2, Oops: 0, ImmediateOops: 0, NonImmediateOops: No
[1,185s][debug][gc,nmethod  ] Register NMethod: java.util.ArrayList$Itr.hasNext (0x000078e2df57ea88) [0x000078e2df57eb80, 0x000078e2df57ed10] Compiler: c1, Barriers: 1, Oops: 0, ImmediateOops: 0, NonImmediateOops: No
[1,185s][debug][gc,nmethod  ] Register NMethod: java.util.Properties.put (0x000078e2df57ed88) [0x000078e2df57ee80, 0x000078e2df57f380] Compiler: c1, Barriers: 1, Oops: 0, ImmediateOops: 0, NonImmediateOops: No
[1,186s][debug][gc,nmethod  ] Register NMethod: java.security.Provider$Service.getType (0x000078e2fec19c88) [0x000078e2fec19d80, 0x000078e2fec19e68] Compiler: c1, Barriers: 1, Oops: 0, ImmediateOops: 0, NonImmediateOops: No
[1,186s][debug][gc,nmethod  ] Register NMethod: java.util.ArrayList$Itr.checkForComodification (0x000078e2df57f388) [0x000078e2df57f480, 0x000078e2df57f668] Compiler: c1, Barriers: 1, Oops: 0, ImmediateOops: 0, NonImmediateOops: No
[1,186s][debug][gc,nmethod  ] Register NMethod: java.security.Provider$Service.getAlgorithm (0x000078e2fec19f88) [0x000078e2fec1a080, 0x000078e2fec1a168] Compiler: c1, Barriers: 1, Oops: 0, ImmediateOops: 0, NonImmediateOops: No
[1,186s][debug][gc,nmethod  ] Register NMethod: java.security.Provider$Service.getAliases (0x000078e2fec1a288) [0x000078e2fec1a380, 0x000078e2fec1a468] Compiler: c1, Barriers: 1, Oops: 0, ImmediateOops: 0, NonImmediateOops: No
[1,186s][debug][gc,nmethod  ] Register NMethod: java.util.ArrayList$Itr.next (0x000078e2df57f688) [0x000078e2df57f780, 0x000078e2df57fd70] Compiler: c1, Barriers: 3, Oops: 0, ImmediateOops: 0, NonImmediateOops: No
[1,186s][debug][gc,nmethod  ] Register NMethod: java.lang.Integer.rotateLeft (0x000078e2df57fd88) [0x000078e2df57fe80, 0x000078e2df57ff70] Compiler: c1, Barriers: 0, Oops: 0, ImmediateOops: 0, NonImmediateOops: No
[1,186s][debug][gc,nmethod  ] Register NMethod: sun.security.util.KnownOIDs.register (0x000078e2df580088) [0x000078e2df580180, 0x000078e2df588af8] Compiler: c1, Barriers: 24, Oops: 6, ImmediateOops: 22, NonImmediateOops: No
[1,186s][debug][gc,nmethod  ] Register NMethod: jdk.internal.misc.Unsafe.getIntUnaligned (0x000078e2df588b88) [0x000078e2df588c80, 0x000078e2df588ec8] Compiler: c1, Barriers: 0, Oops: 0, ImmediateOops: 0, NonImmediateOops: No
[1,187s][debug][gc,nmethod  ] Register NMethod: java.lang.invoke.VarHandleByteArrayAsInts$ArrayHandle.index (0x000078e2df588f08) [0x000078e2df589000, 0x000078e2df589138] Compiler: c1, Barriers: 0, Oops: 1, ImmediateOops: 1, NonImmediateOops: No
[1,187s][debug][gc,nmethod  ] Register NMethod: java.lang.invoke.MemberName.getMethodOrFieldType (0x000078e2df589208) [0x000078e2df589300, 0x000078e2df58b798] Compiler: c1, Barriers: 0, Oops: 2, ImmediateOops: 5, NonImmediateOops: No
[1,187s][debug][gc,nmethod  ] Register NMethod: java.lang.invoke.VarForm.getMemberName (0x000078e2df58b808) [0x000078e2df58b900, 0x000078e2df58c080] Compiler: c1, Barriers: 4, Oops: 0, ImmediateOops: 1, NonImmediateOops: No
[1,187s][debug][gc,nmethod  ] Register NMethod: java.lang.Integer.rotateLeft (0x000078e2fec1a588) [0x000078e2fec1a680, 0x000078e2fec1a6f0] Compiler: jvmci, Barriers: 0, Oops: 0, ImmediateOops: 0, NonImmediateOops: No
[1,187s][debug][gc,nmethod  ] Register NMethod: java.lang.invoke.VarHandle.checkAccessModeThenIsDirect (0x000078e2df58c088) [0x000078e2df58c180, 0x000078e2df58d328] Compiler: c1, Barriers: 10, Oops: 0, ImmediateOops: 1, NonImmediateOops: No
[1,187s][debug][gc,nmethod  ] Register NMethod: java.lang.invoke.MethodHandle.invokeBasic (0x000078e2fec1a888) [0x000078e2fec1a980, 0x000078e2fec1ac18] Compiler: , Barriers: 0, Oops: 0, ImmediateOops: 0, NonImmediateOops: No
[1,187s][debug][gc,nmethod  ] Register NMethod: java.lang.invoke.VarHandleByteArrayAsInts$ArrayHandle.get (0x000078e2df58d388) [0x000078e2df58d480, 0x000078e2df58dc30] Compiler: c1, Barriers: 0, Oops: 2, ImmediateOops: 2, NonImmediateOops: No
[1,187s][debug][gc,nmethod  ] Register NMethod: java.lang.invoke.VarHandle.accessModeType (0x000078e2df58dc88) [0x000078e2df58dd80, 0x000078e2df58ec28] Compiler: c1, Barriers: 9, Oops: 0, ImmediateOops: 1, NonImmediateOops: No
[1,187s][debug][gc,nmethod  ] Register NMethod: java.lang.invoke.VarHandleGuards.guard_LI_I (0x000078e2df58ec88) [0x000078e2df58ed80, 0x000078e2df591c58] Compiler: c1, Barriers: 28, Oops: 0, ImmediateOops: 2, NonImmediateOops: No
[1,188s][debug][gc,nmethod  ] Register NMethod: java.lang.String.indexOf (0x000078e2df591c88) [0x000078e2df591d80, 0x000078e2df5925a0] Compiler: c1, Barriers: 1, Oops: 0, ImmediateOops: 0, NonImmediateOops: No
[1,188s][debug][gc,nmethod  ] Register NMethod: java.lang.String.indexOf (0x000078e2df592608) [0x000078e2df592700, 0x000078e2df5931b8] Compiler: c1, Barriers: 1, Oops: 0, ImmediateOops: 0, NonImmediateOops: No
[1,188s][debug][gc,nmethod  ] Register NMethod: java.lang.Throwable.fillInStackTrace (0x000078e2df593208) [0x000078e2df593300, 0x000078e2df5936d8] Compiler: c1, Barriers: 5, Oops: 0, ImmediateOops: 1, NonImmediateOops: No
[1,189s][debug][gc,nmethod  ] Register NMethod: java.lang.AbstractStringBuilder.needsNewBuffer (0x000078e2fec1ac88) [0x000078e2fec1ad80, 0x000078e2fec1ae68] Compiler: jvmci, Barriers: 0, Oops: 0, ImmediateOops: 0, NonImmediateOops: No
[1,189s][debug][gc,nmethod  ] Register NMethod: java.io.ObjectStreamField.getName (0x000078e2fec1af88) [0x000078e2fec1b080, 0x000078e2fec1b168] Compiler: c1, Barriers: 1, Oops: 0, ImmediateOops: 0, NonImmediateOops: No
[1,191s][debug][gc,nmethod  ] Register NMethod: java.lang.invoke.MethodHandle.invokeBasic (0x000078e2fec1b288) [0x000078e2fec1b380, 0x000078e2fec1b618] Compiler: , Barriers: 0, Oops: 0, ImmediateOops: 0, NonImmediateOops: No
[1,191s][debug][gc,nmethod  ] Register NMethod: java.lang.invoke.MethodHandle.linkToSpecial (0x000078e2fec1b688) [0x000078e2fec1b780, 0x000078e2fec1b878] Compiler: , Barriers: 0, Oops: 0, ImmediateOops: 0, NonImmediateOops: No
[1,191s][debug][gc,nmethod  ] Register NMethod: java.lang.invoke.LambdaForm$BasicType.basicType (0x000078e2df593708) [0x000078e2df593800, 0x000078e2df593d98] Compiler: c1, Barriers: 0, Oops: 0, ImmediateOops: 0, NonImmediateOops: No
[1,191s][debug][gc,nmethod  ] Register NMethod: sun.invoke.util.Wrapper.basicTypeChar (0x000078e2df593e08) [0x000078e2df593f00, 0x000078e2df594430] Compiler: c1, Barriers: 0, Oops: 0, ImmediateOops: 0, NonImmediateOops: No
[1,191s][debug][gc,nmethod  ] Register NMethod: java.lang.invoke.MemberName.flagsMods (0x000078e2df594488) [0x000078e2df594580, 0x000078e2df594680] Compiler: c1, Barriers: 0, Oops: 0, ImmediateOops: 0, NonImmediateOops: No
[1,191s][debug][gc,nmethod  ] Register NMethod: java.lang.invoke.MemberName.init (0x000078e2df594788) [0x000078e2df594880, 0x000078e2df594af8] Compiler: c1, Barriers: 9, Oops: 0, ImmediateOops: 0, NonImmediateOops: No
[1,191s][debug][gc,nmethod  ] Register NMethod: java.lang.invoke.LambdaForm$BasicType.basicType (0x000078e2df594b08) [0x000078e2df594c00, 0x000078e2df595f08] Compiler: c1, Barriers: 0, Oops: 2, ImmediateOops: 10, NonImmediateOops: No
[1,191s][debug][gc,nmethod  ] Register NMethod: java.util.HashMap.putIfAbsent (0x000078e2fec1b988) [0x000078e2fec1baa0, 0x000078e2fec1d288] Compiler: jvmci, Barriers: 59, Oops: 0, ImmediateOops: 0, NonImmediateOops: No
[1,192s][debug][gc,nmethod  ] Register NMethod: java.lang.StringCoding.countNonZeroAsciiLatin1 (0x000078e2fec1d308) [0x000078e2fec1d420, 0x000078e2fec1d7a8] Compiler: jvmci, Barriers: 0, Oops: 0, ImmediateOops: 0, NonImmediateOops: No
[1,192s][debug][gc,nmethod  ] Register NMethod: java.lang.invoke.MethodHandle.invokeBasic (0x000078e2fec1d808) [0x000078e2fec1d900, 0x000078e2fec1db98] Compiler: , Barriers: 0, Oops: 0, ImmediateOops: 0, NonImmediateOops: No
[1,192s][debug][gc,nmethod  ] Register NMethod: java.lang.invoke.MemberName.isStatic (0x000078e2df595f88) [0x000078e2df596080, 0x000078e2df596230] Compiler: c1, Barriers: 0, Oops: 0, ImmediateOops: 0, NonImmediateOops: No
[1,192s][debug][gc,nmethod  ] Register NMethod: java.util.concurrent.ConcurrentHashMap.setTabAt (0x000078e2fec1dc08) [0x000078e2fec1dd00, 0x000078e2fec1ddd0] Compiler: jvmci, Barriers: 3, Oops: 0, ImmediateOops: 0, NonImmediateOops: No
[1,192s][debug][gc,nmethod  ] Register NMethod: java.lang.invoke.MethodType.genericMethodType (0x000078e2df596288) [0x000078e2df596380, 0x000078e2df5979d0] Compiler: c1, Barriers: 7, Oops: 1, ImmediateOops: 7, NonImmediateOops: No
[1,192s][debug][gc,nmethod  ] Register NMethod: jdk.internal.classfile.impl.AbstractPoolEntry$MethodRefEntryImpl.tag (0x000078e2fec1df08) [0x000078e2fec1e000, 0x000078e2fec1e0c0] Compiler: c1, Barriers: 0, Oops: 0, ImmediateOops: 0, NonImmediateOops: No
[1,192s][debug][gc,nmethod  ] Register NMethod: java.util.Arrays.equals (0x000078e2df597a08) [0x000078e2df597b00, 0x000078e2df5981d0] Compiler: c1, Barriers: 2, Oops: 0, ImmediateOops: 0, NonImmediateOops: No
[1,192s][debug][gc,director ] Rule Major: Warmup 10%, Used: 56MB, UsedThreshold: 1228MB
[1,192s][debug][gc,nmethod  ] Register NMethod: java.lang.invoke.MethodHandle.linkToStatic (0x000078e2fec1e208) [0x000078e2fec1e300, 0x000078e2fec1e3f0] Compiler: , Barriers: 0, Oops: 0, ImmediateOops: 0, NonImmediateOops: No
[1,192s][debug][gc,nmethod  ] Register NMethod: sun.invoke.util.Wrapper.forPrimitiveType (0x000078e2df598208) [0x000078e2df598300, 0x000078e2df599690] Compiler: c1, Barriers: 0, Oops: 1, ImmediateOops: 21, NonImmediateOops: No
[1,192s][debug][gc,nmethod  ] Register NMethod: java.lang.invoke.MethodHandle.invokeBasic (0x000078e2fec1e508) [0x000078e2fec1e600, 0x000078e2fec1e898] Compiler: , Barriers: 0, Oops: 0, ImmediateOops: 0, NonImmediateOops: No
[1,193s][debug][gc,nmethod  ] Register NMethod: jdk.internal.classfile.impl.AbstractPoolEntry$AbstractMemberRefEntry.nameAndType (0x000078e2df599708) [0x000078e2df599800, 0x000078e2df599b38] Compiler: c1, Barriers: 1, Oops: 0, ImmediateOops: 0, NonImmediateOops: No
[1,193s][debug][gc,nmethod  ] Register NMethod: jdk.internal.classfile.impl.AbstractPoolEntry$AbstractMemberRefEntry.nameAndType (0x000078e2df599b88) [0x000078e2df599c80, 0x000078e2df59a1d0] Compiler: c1, Barriers: 1, Oops: 0, ImmediateOops: 0, NonImmediateOops: No
[1,193s][debug][gc,nmethod  ] Register NMethod: jdk.internal.classfile.impl.LabelImpl.setBCI (0x000078e2fec1e908) [0x000078e2fec1ea00, 0x000078e2fec1eac0] Compiler: c1, Barriers: 0, Oops: 0, ImmediateOops: 0, NonImmediateOops: No
[1,193s][debug][gc,nmethod  ] Register NMethod: jdk.internal.classfile.impl.AbstractPoolEntry$NameAndTypeEntryImpl.type (0x000078e2df59a208) [0x000078e2df59a300, 0x000078e2df59a650] Compiler: c1, Barriers: 1, Oops: 0, ImmediateOops: 0, NonImmediateOops: No
[1,193s][debug][gc,nmethod  ] Register NMethod: jdk.internal.classfile.impl.AttributeHolder.withAttribute (0x000078e2df59a688) [0x000078e2df59a780, 0x000078e2df59b9e8] Compiler: c1, Barriers: 9, Oops: 0, ImmediateOops: 0, NonImmediateOops: No
[1,194s][debug][gc,nmethod  ] Register NMethod: java.lang.Math.min (0x000078e2fec1ec08) [0x000078e2fec1ed00, 0x000078e2fec1ed68] Compiler: jvmci, Barriers: 0, Oops: 0, ImmediateOops: 0, NonImmediateOops: No
[1,194s][debug][gc,nmethod  ] Register NMethod: java.lang.invoke.LambdaForm.forceInterpretation (0x000078e2df59ba08) [0x000078e2df59bb00, 0x000078e2df59bc50] Compiler: c1, Barriers: 0, Oops: 0, ImmediateOops: 0, NonImmediateOops: No
[1,194s][debug][gc,nmethod  ] Register NMethod: java.lang.Class.getSuperclass (0x000078e2fec1ef08) [0x000078e2fec1f000, 0x000078e2fec1f320] Compiler: , Barriers: 0, Oops: 0, ImmediateOops: 0, NonImmediateOops: No
[1,194s][debug][gc,nmethod  ] Register NMethod: jdk.internal.constant.MethodTypeDescImpl.descriptorString (0x000078e2df59bd08) [0x000078e2df59be00, 0x000078e2df59bfc0] Compiler: c1, Barriers: 1, Oops: 0, ImmediateOops: 0, NonImmediateOops: No
[1,194s][debug][gc,nmethod  ] Register NMethod: jdk.internal.classfile.impl.SplitConstantPool.utf8Entry (0x000078e2df59c008) [0x000078e2df59c100, 0x000078e2df59c620] Compiler: c1, Barriers: 5, Oops: 0, ImmediateOops: 0, NonImmediateOops: No
[1,195s][debug][gc,nmethod  ] Register NMethod: jdk.internal.classfile.impl.DirectMethodBuilder.methodTypeSymbol (0x000078e2df59c688) [0x000078e2df59c780, 0x000078e2df59cee8] Compiler: c1, Barriers: 1, Oops: 0, ImmediateOops: 0, NonImmediateOops: No
[1,195s][debug][gc,nmethod  ] Register NMethod: java.lang.invoke.MemberName$Factory.resolve (0x000078e2df59cf08) [0x000078e2df59d000, 0x000078e2df59df68] Compiler: c1, Barriers: 7, Oops: 0, ImmediateOops: 0, NonImmediateOops: No
[1,195s][debug][gc,nmethod  ] Register NMethod: java.lang.invoke.LambdaForm.argument (0x000078e2df59df88) [0x000078e2df59e080, 0x000078e2df59e4f0] Compiler: c1, Barriers: 2, Oops: 0, ImmediateOops: 1, NonImmediateOops: No
[1,195s][debug][gc,nmethod  ] Register NMethod: java.lang.invoke.LambdaForm$Name.index (0x000078e2fec1f388) [0x000078e2fec1f480, 0x000078e2fec1f540] Compiler: c1, Barriers: 0, Oops: 0, ImmediateOops: 0, NonImmediateOops: No
[1,195s][debug][gc,nmethod  ] Register NMethod: jdk.internal.classfile.impl.DirectCodeBuilder.curPc (0x000078e2df59e508) [0x000078e2df59e600, 0x000078e2df59e910] Compiler: c1, Barriers: 1, Oops: 0, ImmediateOops: 0, NonImmediateOops: No
[1,195s][debug][gc,nmethod  ] Register NMethod: java.lang.invoke.MemberName.getName (0x000078e2df59e988) [0x000078e2df59ea80, 0x000078e2df59f068] Compiler: c1, Barriers: 5, Oops: 0, ImmediateOops: 0, NonImmediateOops: No
[1,195s][debug][gc,nmethod  ] Register NMethod: java.lang.invoke.LambdaForm$BasicType.basicTypeKind (0x000078e2fec1f688) [0x000078e2fec1f780, 0x000078e2fec1f868] Compiler: c1, Barriers: 1, Oops: 0, ImmediateOops: 0, NonImmediateOops: No
[1,195s][debug][gc,nmethod  ] Register NMethod: jdk.internal.classfile.impl.LabelImpl.<init> (0x000078e2df59f088) [0x000078e2df59f180, 0x000078e2df59f3b8] Compiler: c1, Barriers: 3, Oops: 0, ImmediateOops: 0, NonImmediateOops: No
[1,195s][debug][gc,nmethod  ] Register NMethod: jdk.internal.classfile.impl.BufWriterImpl.thisClass (0x000078e2fec1f988) [0x000078e2fec1fa80, 0x000078e2fec1fb68] Compiler: c1, Barriers: 1, Oops: 0, ImmediateOops: 0, NonImmediateOops: No
[1,195s][debug][gc,nmethod  ] Register NMethod: jdk.internal.classfile.impl.DirectMethodBuilder.methodName (0x000078e2fec1fc88) [0x000078e2fec1fd80, 0x000078e2fec1fe68] Compiler: c1, Barriers: 1, Oops: 0, ImmediateOops: 0, NonImmediateOops: No
[1,196s][debug][gc,nmethod  ] Register NMethod: java.lang.ClassLoader.findBootstrapClassOrNull (0x000078e2df59f408) [0x000078e2df59f500, 0x000078e2df59f6a0] Compiler: c1, Barriers: 0, Oops: 0, ImmediateOops: 0, NonImmediateOops: No
[1,196s][debug][gc,nmethod  ] Register NMethod: java.lang.System$1.findBootstrapClassOrNull (0x000078e2df59f708) [0x000078e2df59f800, 0x000078e2df59fa08] Compiler: c1, Barriers: 0, Oops: 0, ImmediateOops: 0, NonImmediateOops: No
[1,196s][debug][gc,nmethod  ] Register NMethod: jdk.internal.classfile.impl.AbstractPoolEntry$ClassEntryImpl.asSymbol (0x000078e2df59fa88) [0x000078e2df59fb80, 0x000078e2df5a4110] Compiler: c1, Barriers: 16, Oops: 2, ImmediateOops: 11, NonImmediateOops: No
[1,196s][debug][gc,nmethod  ] Register NMethod: java.lang.reflect.Field.getName (0x000078e2fec1ff88) [0x000078e2fec20080, 0x000078e2fec20168] Compiler: c1, Barriers: 1, Oops: 0, ImmediateOops: 0, NonImmediateOops: No
[1,196s][debug][gc,nmethod  ] Register NMethod: java.io.ObjectStreamField.getSignature (0x000078e2df5a4188) [0x000078e2df5a4280, 0x000078e2df5a4918] Compiler: c1, Barriers: 6, Oops: 0, ImmediateOops: 0, NonImmediateOops: No
[1,196s][debug][gc,nmethod  ] Register NMethod: java.lang.StringLatin1.replace (0x000078e2fec20288) [0x000078e2fec20380, 0x000078e2fec20958] Compiler: jvmci, Barriers: 2, Oops: 0, ImmediateOops: 0, NonImmediateOops: No
[1,196s][debug][gc,nmethod  ] Register NMethod: java.lang.invoke.LambdaForm.uncustomize (0x000078e2df5a4988) [0x000078e2df5a4a80, 0x000078e2df5a4ef8] Compiler: c1, Barriers: 2, Oops: 0, ImmediateOops: 0, NonImmediateOops: No
[1,197s][debug][gc,nmethod  ] Register NMethod: java.util.ArrayList.<init> (0x000078e2df5a4f08) [0x000078e2df5a5000, 0x000078e2df5a52a0] Compiler: c1, Barriers: 3, Oops: 0, ImmediateOops: 1, NonImmediateOops: No
[1,197s][debug][gc,nmethod  ] Register NMethod: jdk.internal.loader.BuiltinClassLoader.loadClass (0x000078e2df5a5308) [0x000078e2df5a5400, 0x000078e2df5a57d8] Compiler: c1, Barriers: 0, Oops: 0, ImmediateOops: 0, NonImmediateOops: No
[1,197s][debug][gc,nmethod  ] Register NMethod: jdk.internal.loader.ClassLoaders$BootClassLoader.loadClassOrNull (0x000078e2df5a5808) [0x000078e2df5a5900, 0x000078e2df5a5b80] Compiler: c1, Barriers: 0, Oops: 0, ImmediateOops: 1, NonImmediateOops: No
[1,197s][debug][gc,nmethod  ] Register NMethod: sun.net.www.ParseUtil.encodePath (0x000078e2df5a5b88) [0x000078e2df5a5c80, 0x000078e2df5a5e68] Compiler: c1, Barriers: 0, Oops: 0, ImmediateOops: 0, NonImmediateOops: No
[1,197s][debug][gc,nmethod  ] Register NMethod: worker.org.gradle.internal.classloader.FilteringClassLoader$TrieSet.find (0x000078e2df5a5e88) [0x000078e2df5a5f80, 0x000078e2df5a6108] Compiler: c1, Barriers: 1, Oops: 1, ImmediateOops: 0, NonImmediateOops: No
[1,197s][debug][gc,nmethod  ] Register NMethod: java.lang.ReflectiveOperationException.<init> (0x000078e2df5a6188) [0x000078e2df5a6280, 0x000078e2df5a6410] Compiler: c1, Barriers: 0, Oops: 0, ImmediateOops: 0, NonImmediateOops: No
[1,197s][debug][gc,nmethod  ] Register NMethod: java.lang.Exception.<init> (0x000078e2df5a6488) [0x000078e2df5a6580, 0x000078e2df5a66b0] Compiler: c1, Barriers: 0, Oops: 0, ImmediateOops: 0, NonImmediateOops: No
[1,198s][debug][gc,nmethod  ] Register NMethod: worker.org.gradle.internal.classloader.FilteringClassLoader$Trie.find (0x000078e2df5a6788) [0x000078e2df5a6880, 0x000078e2df5a7540] Compiler: c1, Barriers: 2, Oops: 1, ImmediateOops: 0, NonImmediateOops: No
[1,198s][debug][gc,nmethod  ] Register NMethod: java.util.jar.Manifest.getEntries (0x000078e2fec20988) [0x000078e2fec20a80, 0x000078e2fec20b68] Compiler: c1, Barriers: 1, Oops: 0, ImmediateOops: 0, NonImmediateOops: No
[1,198s][debug][gc,nmethod  ] Register NMethod: java.util.jar.Manifest.getMainAttributes (0x000078e2fec20c88) [0x000078e2fec20d80, 0x000078e2fec20e68] Compiler: c1, Barriers: 1, Oops: 0, ImmediateOops: 0, NonImmediateOops: No
[1,198s][debug][gc,nmethod  ] Register NMethod: java.lang.Throwable.<init> (0x000078e2df5a7588) [0x000078e2df5a7680, 0x000078e2df5a7ec0] Compiler: c1, Barriers: 16, Oops: 0, ImmediateOops: 3, NonImmediateOops: No
[1,200s][debug][gc,nmethod  ] Register NMethod: java.util.WeakHashMap.remove (0x000078e2df5a7f08) [0x000078e2df5a8000, 0x000078e2df5a9410] Compiler: c1, Barriers: 12, Oops: 0, ImmediateOops: 1, NonImmediateOops: No
[1,200s][debug][gc,nmethod  ] Register NMethod: jdk.internal.loader.URLClassPath.getResource (0x000078e2df5a9488) [0x000078e2df5a9580, 0x000078e2df5a99e8] Compiler: c1, Barriers: 0, Oops: 0, ImmediateOops: 0, NonImmediateOops: No
[1,201s][debug][gc,nmethod  ] Register NMethod: java.util.concurrent.ConcurrentHashMap.computeIfAbsent (0x000078e2df5a9a08) [0x000078e2df5a9b00, 0x000078e2df5acca0] Compiler: c1, Barriers: 24, Oops: 0, ImmediateOops: 2, NonImmediateOops: No
[1,202s][debug][gc,nmethod  ] Register NMethod: sun.net.util.URLUtil.urlNoFragString (0x000078e2df5acd08) [0x000078e2df5ace00, 0x000078e2df5afee8] Compiler: c1, Barriers: 7, Oops: 3, ImmediateOops: 10, NonImmediateOops: No
[1,202s][debug][gc,nmethod  ] Register NMethod: java.util.zip.ZipFile.getZipEntry (0x000078e2df5aff08) [0x000078e2df5b0000, 0x000078e2df5b1e98] Compiler: c1, Barriers: 17, Oops: 0, ImmediateOops: 2, NonImmediateOops: No
[1,202s][debug][gc,director ] Rule Major: Warmup 10%, Used: 56MB, UsedThreshold: 1228MB
[1,203s][debug][gc,nmethod  ] Register NMethod: java.lang.ClassLoader.loadClass (0x000078e2df5b1f08) [0x000078e2df5b2000, 0x000078e2df5b3440] Compiler: c1, Barriers: 1, Oops: 2, ImmediateOops: 3, NonImmediateOops: No
[1,203s][debug][gc,nmethod  ] Register NMethod: worker.org.gradle.internal.classloader.FilteringClassLoader.loadClass (0x000078e2df5b3488) [0x000078e2df5b3580, 0x000078e2df5b4d98] Compiler: c1, Barriers: 0, Oops: 3, ImmediateOops: 3, NonImmediateOops: No
[1,204s][debug][gc,nmethod  ] Register NMethod: jdk.internal.classfile.impl.DirectCodeBuilder.aload (0x000078e2df5b4e08) [0x000078e2df5b4f00, 0x000078e2df5b52f0] Compiler: c1, Barriers: 1, Oops: 0, ImmediateOops: 0, NonImmediateOops: No
[1,204s][debug][gc,nmethod  ] Register NMethod: java.lang.invoke.MethodHandle.<init> (0x000078e2df5b5308) [0x000078e2df5b5400, 0x000078e2df5b5978] Compiler: c1, Barriers: 6, Oops: 0, ImmediateOops: 0, NonImmediateOops: No
[1,204s][debug][gc,nmethod  ] Register NMethod: java.lang.invoke.LambdaForm.prepare (0x000078e2df5b5988) [0x000078e2df5b5a80, 0x000078e2df5b6960] Compiler: c1, Barriers: 6, Oops: 0, ImmediateOops: 0, NonImmediateOops: No
[1,204s][debug][gc,nmethod  ] Register NMethod: java.lang.System.identityHashCode (0x000078e2fec20f88) [0x000078e2fec21080, 0x000078e2fec21210] Compiler: , Barriers: 0, Oops: 0, ImmediateOops: 1, NonImmediateOops: No
[1,205s][debug][gc,nmethod  ] Register NMethod: java.util.ImmutableCollections$AbstractImmutableList.<init> (0x000078e2df5b6988) [0x000078e2df5b6a80, 0x000078e2df5b6c98] Compiler: c1, Barriers: 0, Oops: 0, ImmediateOops: 0, NonImmediateOops: No
[1,205s][debug][gc,nmethod  ] Register NMethod: jdk.internal.classfile.impl.SplitConstantPool.nameAndTypeEntry (0x000078e2df5b6d08) [0x000078e2df5b6e00, 0x000078e2df5b70f8] Compiler: c1, Barriers: 0, Oops: 0, ImmediateOops: 0, NonImmediateOops: No
[1,205s][debug][gc,nmethod  ] Register NMethod: java.lang.CharacterDataLatin1.getProperties (0x000078e2fec21288) [0x000078e2fec21380, 0x000078e2fec21450] Compiler: jvmci, Barriers: 0, Oops: 0, ImmediateOops: 1, NonImmediateOops: No
[1,205s][debug][gc,nmethod  ] Register NMethod: jdk.internal.classfile.impl.BufWriterImpl.constantPool (0x000078e2fec21588) [0x000078e2fec21680, 0x000078e2fec21768] Compiler: c1, Barriers: 1, Oops: 0, ImmediateOops: 0, NonImmediateOops: No
[1,205s][debug][gc,nmethod  ] Register NMethod: jdk.internal.classfile.impl.SplitConstantPool.nameAndTypeEntry (0x000078e2df5b7108) [0x000078e2df5b7200, 0x000078e2df5b7f00] Compiler: c1, Barriers: 0, Oops: 0, ImmediateOops: 0, NonImmediateOops: No
[1,205s][debug][gc,nmethod  ] Register NMethod: jdk.internal.classfile.impl.AbstractAttributeMapper.name (0x000078e2fec21888) [0x000078e2fec21980, 0x000078e2fec21a68] Compiler: c1, Barriers: 1, Oops: 0, ImmediateOops: 0, NonImmediateOops: No
[1,205s][debug][gc,nmethod  ] Register NMethod: java.util.ImmutableCollections$ListN.size (0x000078e2df5b7f08) [0x000078e2df5b8000, 0x000078e2df5b8138] Compiler: c1, Barriers: 1, Oops: 0, ImmediateOops: 0, NonImmediateOops: No
[1,205s][debug][gc,nmethod  ] Register NMethod: jdk.internal.classfile.impl.BufWriterImpl.setLabelContext (0x000078e2df5b8208) [0x000078e2df5b8300, 0x000078e2df5b8478] Compiler: c1, Barriers: 3, Oops: 0, ImmediateOops: 0, NonImmediateOops: No
[1,205s][debug][gc,nmethod  ] Register NMethod: jdk.internal.misc.Unsafe.getCharUnaligned (0x000078e2df5b8508) [0x000078e2df5b8600, 0x000078e2df5b8828] Compiler: c1, Barriers: 0, Oops: 0, ImmediateOops: 0, NonImmediateOops: No
[1,205s][debug][gc,nmethod  ] Register NMethod: jdk.internal.classfile.impl.BufWriterImpl.writeU2U2U2 (0x000078e2df5b8888) [0x000078e2df5b8980, 0x000078e2df5b8ea0] Compiler: c1, Barriers: 2, Oops: 0, ImmediateOops: 0, NonImmediateOops: No
[1,206s][debug][gc,nmethod  ] Register NMethod: java.lang.reflect.Method.getModifiers (0x000078e2fec21b88) [0x000078e2fec21c80, 0x000078e2fec21d40] Compiler: c1, Barriers: 0, Oops: 0, ImmediateOops: 0, NonImmediateOops: No
[1,206s][debug][gc,nmethod  ] Register NMethod: java.lang.Module.isNamed (0x000078e2df5b8f08) [0x000078e2df5b9000, 0x000078e2df5b9180] Compiler: c1, Barriers: 1, Oops: 0, ImmediateOops: 0, NonImmediateOops: No
[1,206s][debug][gc,nmethod  ] Register NMethod: java.lang.Class.reflectionData (0x000078e2df5b9208) [0x000078e2df5b9300, 0x000078e2df5b9958] Compiler: c1, Barriers: 1, Oops: 0, ImmediateOops: 0, NonImmediateOops: No
[1,206s][debug][gc,nmethod  ] Register NMethod: jdk.internal.classfile.impl.BufWriterImpl.<init> (0x000078e2df5b9988) [0x000078e2df5b9a80, 0x000078e2df5b9e50] Compiler: c1, Barriers: 12, Oops: 0, ImmediateOops: 0, NonImmediateOops: No
[1,206s][debug][gc,nmethod  ] Register NMethod: jdk.internal.constant.ClassOrInterfaceDescImpl.equals (0x000078e2df5b9e88) [0x000078e2df5b9f80, 0x000078e2df5ba7a8] Compiler: c1, Barriers: 2, Oops: 0, ImmediateOops: 0, NonImmediateOops: No
[1,206s][debug][gc,nmethod  ] Register NMethod: jdk.internal.classfile.impl.AbstractPoolEntry$ClassEntryImpl.<init> (0x000078e2df5ba808) [0x000078e2df5ba900, 0x000078e2df5baae8] Compiler: c1, Barriers: 3, Oops: 0, ImmediateOops: 0, NonImmediateOops: No
[1,206s][debug][gc,nmethod  ] Register NMethod: jdk.internal.classfile.impl.DirectCodeBuilder.constantPool (0x000078e2df5bab08) [0x000078e2df5bac00, 0x000078e2df5bad40] Compiler: c1, Barriers: 1, Oops: 0, ImmediateOops: 0, NonImmediateOops: No
[1,206s][debug][gc,nmethod  ] Register NMethod: jdk.internal.classfile.impl.StackMapDecoder$StackMapFrameImpl.stack (0x000078e2fec21e88) [0x000078e2fec21f80, 0x000078e2fec22068] Compiler: c1, Barriers: 1, Oops: 0, ImmediateOops: 0, NonImmediateOops: No
[1,206s][debug][gc,nmethod  ] Register NMethod: jdk.internal.classfile.impl.StackCounter.addStackSlot (0x000078e2df5bae08) [0x000078e2df5baf00, 0x000078e2df5bb038] Compiler: c1, Barriers: 0, Oops: 0, ImmediateOops: 0, NonImmediateOops: No
[1,206s][debug][gc,nmethod  ] Register NMethod: java.lang.reflect.Array.newInstance (0x000078e2df5bb108) [0x000078e2df5bb200, 0x000078e2df5bb310] Compiler: c1, Barriers: 0, Oops: 0, ImmediateOops: 0, NonImmediateOops: No
[1,206s][debug][gc,nmethod  ] Register NMethod: jdk.internal.classfile.impl.DirectCodeBuilder.labelToBci (0x000078e2df5bb408) [0x000078e2df5bb500, 0x000078e2df5bbc70] Compiler: c1, Barriers: 1, Oops: 0, ImmediateOops: 0, NonImmediateOops: No
[1,206s][debug][gc,nmethod  ] Register NMethod: jdk.internal.classfile.impl.RawBytecodeHelper.<init> (0x000078e2df5bbc88) [0x000078e2df5bbd80, 0x000078e2df5bbf50] Compiler: c1, Barriers: 3, Oops: 0, ImmediateOops: 0, NonImmediateOops: No
[1,206s][debug][gc,nmethod  ] Register NMethod: jdk.internal.classfile.impl.RawBytecodeHelper$CodeRange.start (0x000078e2df5bbf88) [0x000078e2df5bc080, 0x000078e2df5bc308] Compiler: c1, Barriers: 3, Oops: 0, ImmediateOops: 0, NonImmediateOops: No
[1,206s][debug][gc,nmethod  ] Register NMethod: java.lang.reflect.Method.getSharedParameterTypes (0x000078e2fec22188) [0x000078e2fec22280, 0x000078e2fec22368] Compiler: c1, Barriers: 1, Oops: 0, ImmediateOops: 0, NonImmediateOops: No
[1,207s][debug][gc,nmethod  ] Register NMethod: jdk.internal.classfile.impl.BufWriterImpl.writeIndex (0x000078e2df5bc388) [0x000078e2df5bc480, 0x000078e2df5bec18] Compiler: c1, Barriers: 3, Oops: 1, ImmediateOops: 3, NonImmediateOops: No
[1,207s][debug][gc,nmethod  ] Register NMethod: java.util.WeakHashMap.put (0x000078e2df5bec88) [0x000078e2df5bed80, 0x000078e2df5c0868] Compiler: c1, Barriers: 26, Oops: 0, ImmediateOops: 2, NonImmediateOops: No
[1,207s][debug][gc,nmethod  ] Register NMethod: java.lang.StringBuilder.append (0x000078e2fec22488) [0x000078e2fec22580, 0x000078e2fec22d30] Compiler: jvmci, Barriers: 5, Oops: 0, ImmediateOops: 0, NonImmediateOops: No
[1,207s][debug][gc,nmethod  ] Register NMethod: java.lang.invoke.DirectMethodHandle.constructorMethod (0x000078e2df5c0888) [0x000078e2df5c0980, 0x000078e2df5c0ca0] Compiler: c1, Barriers: 1, Oops: 0, ImmediateOops: 0, NonImmediateOops: No
[1,207s][debug][gc,nmethod  ] Register NMethod: java.lang.invoke.DirectMethodHandle.allocateInstance (0x000078e2df5c0d08) [0x000078e2df5c0e00, 0x000078e2df5c1320] Compiler: c1, Barriers: 1, Oops: 0, ImmediateOops: 1, NonImmediateOops: No
[1,207s][debug][gc,nmethod  ] Register NMethod: java.lang.Character.isWhitespace (0x000078e2df5c1388) [0x000078e2df5c1480, 0x000078e2df5c1808] Compiler: c1, Barriers: 0, Oops: 0, ImmediateOops: 0, NonImmediateOops: No
[1,207s][debug][gc,nmethod  ] Register NMethod: java.lang.CharacterDataLatin1.isWhitespace (0x000078e2df5c1888) [0x000078e2df5c1980, 0x000078e2df5c1d20] Compiler: c1, Barriers: 0, Oops: 0, ImmediateOops: 1, NonImmediateOops: No
[1,207s][debug][gc,nmethod  ] Register NMethod: java.lang.Character.isWhitespace (0x000078e2df5c1d88) [0x000078e2df5c1e80, 0x000078e2df5c21b0] Compiler: c1, Barriers: 0, Oops: 0, ImmediateOops: 0, NonImmediateOops: No
[1,208s][debug][gc,nmethod  ] Register NMethod: sun.reflect.generics.parser.SignatureParser.advance (0x000078e2df5c2208) [0x000078e2df5c2300, 0x000078e2df5c2918] Compiler: c1, Barriers: 2, Oops: 0, ImmediateOops: 0, NonImmediateOops: No
[1,208s][debug][gc,nmethod  ] Register NMethod: java.lang.reflect.Method.getReturnType (0x000078e2fec22d88) [0x000078e2fec22e80, 0x000078e2fec22f68] Compiler: c1, Barriers: 1, Oops: 0, ImmediateOops: 0, NonImmediateOops: No
[1,208s][debug][gc,nmethod  ] Register NMethod: java.lang.Class.getModifiers (0x000078e2fec23088) [0x000078e2fec23180, 0x000078e2fec23240] Compiler: c1, Barriers: 0, Oops: 0, ImmediateOops: 0, NonImmediateOops: No
[1,208s][debug][gc,nmethod  ] Register NMethod: sun.reflect.generics.parser.SignatureParser.current (0x000078e2df5c2988) [0x000078e2df5c2a80, 0x000078e2df5c3890] Compiler: c1, Barriers: 2, Oops: 1, ImmediateOops: 2, NonImmediateOops: No
[1,208s][debug][gc,nmethod  ] Register NMethod: java.lang.ClassLoader.getDefinedPackage (0x000078e2df5c3908) [0x000078e2df5c3a00, 0x000078e2df5c4358] Compiler: c1, Barriers: 2, Oops: 1, ImmediateOops: 1, NonImmediateOops: No
[1,209s][debug][gc,nmethod  ] Register NMethod: java.lang.invoke.MethodHandle.linkToStatic (0x000078e2fec23388) [0x000078e2fec23480, 0x000078e2fec23570] Compiler: , Barriers: 0, Oops: 0, ImmediateOops: 0, NonImmediateOops: No
[1,209s][debug][gc,nmethod  ] Register NMethod: java.util.ArrayList.iterator (0x000078e2df5c4388) [0x000078e2df5c4480, 0x000078e2df5c4780] Compiler: c1, Barriers: 3, Oops: 0, ImmediateOops: 0, NonImmediateOops: No
[1,209s][debug][gc,nmethod  ] Register NMethod: java.util.ArrayList$Itr.<init> (0x000078e2df5c4788) [0x000078e2df5c4880, 0x000078e2df5c4bb0] Compiler: c1, Barriers: 3, Oops: 0, ImmediateOops: 0, NonImmediateOops: No
[1,209s][debug][gc,nmethod  ] Register NMethod: java.lang.invoke.MethodHandle.linkToStatic (0x000078e2fec23688) [0x000078e2fec23780, 0x000078e2fec23870] Compiler: , Barriers: 0, Oops: 0, ImmediateOops: 0, NonImmediateOops: No
[1,209s][debug][gc,nmethod  ] Register NMethod: java.lang.invoke.MethodHandle.linkToVirtual (0x000078e2fec23988) [0x000078e2fec23a80, 0x000078e2fec23aa8] Compiler: , Barriers: 0, Oops: 0, ImmediateOops: 0, NonImmediateOops: No
[1,209s][debug][gc,nmethod  ] Register NMethod: java.lang.invoke.MethodHandle.linkToVirtual (0x000078e2fec23c88) [0x000078e2fec23d80, 0x000078e2fec23da8] Compiler: , Barriers: 0, Oops: 0, ImmediateOops: 0, NonImmediateOops: No
[1,209s][debug][gc,nmethod  ] Register NMethod: java.util.HashMap.get (0x000078e2fec23f88) [0x000078e2fec24080, 0x000078e2fec24868] Compiler: jvmci, Barriers: 12, Oops: 0, ImmediateOops: 0, NonImmediateOops: No
[1,210s][debug][gc,nmethod  ] Register NMethod: jdk.internal.classfile.impl.AbstractPoolEntry$AbstractMemberRefEntry.<init> (0x000078e2df5c4c08) [0x000078e2df5c4d00, 0x000078e2df5c4e30] Compiler: c1, Barriers: 0, Oops: 0, ImmediateOops: 0, NonImmediateOops: No
[1,210s][debug][gc,nmethod  ] Register NMethod: java.lang.invoke.InvokerBytecodeGenerator.classDesc (0x000078e2df5c4f08) [0x000078e2df5c5000, 0x000078e2df5c6310] Compiler: c1, Barriers: 3, Oops: 1, ImmediateOops: 12, NonImmediateOops: No
[1,210s][debug][gc,nmethod  ] Register NMethod: java.lang.invoke.LambdaForm$BasicType.basicTypeClass (0x000078e2fec24888) [0x000078e2fec24980, 0x000078e2fec24a68] Compiler: c1, Barriers: 1, Oops: 0, ImmediateOops: 0, NonImmediateOops: No
[1,210s][debug][gc,nmethod  ] Register NMethod: jdk.internal.classfile.impl.BufWriterImpl.writeU2U2 (0x000078e2df5c6388) [0x000078e2df5c6480, 0x000078e2df5c6948] Compiler: c1, Barriers: 2, Oops: 0, ImmediateOops: 0, NonImmediateOops: No
[1,210s][debug][gc,nmethod  ] Register NMethod: jdk.internal.classfile.impl.SplitConstantPool.entryByIndex (0x000078e2df5c6988) [0x000078e2df5c6a80, 0x000078e2df5c77d0] Compiler: c1, Barriers: 0, Oops: 0, ImmediateOops: 0, NonImmediateOops: No
[1,210s][debug][gc,nmethod  ] Register NMethod: jdk.internal.classfile.impl.ClassReaderImpl.checkType (0x000078e2df5c7808) [0x000078e2df5c7900, 0x000078e2df5c83e0] Compiler: c1, Barriers: 0, Oops: 0, ImmediateOops: 0, NonImmediateOops: No
[1,210s][debug][gc,nmethod  ] Register NMethod: java.lang.invoke.LambdaForm$NamedFunction.methodType (0x000078e2df5c8408) [0x000078e2df5c8500, 0x000078e2df5c8be8] Compiler: c1, Barriers: 7, Oops: 0, ImmediateOops: 0, NonImmediateOops: No
[1,210s][debug][gc,nmethod  ] Register NMethod: java.lang.invoke.MethodType.erase (0x000078e2df5c8c08) [0x000078e2df5c8d00, 0x000078e2df5c9040] Compiler: c1, Barriers: 2, Oops: 0, ImmediateOops: 0, NonImmediateOops: No
[1,210s][debug][gc,nmethod  ] Register NMethod: java.lang.ClassNotFoundException.<init> (0x000078e2df5c9088) [0x000078e2df5c9180, 0x000078e2df5c9380] Compiler: c1, Barriers: 0, Oops: 0, ImmediateOops: 0, NonImmediateOops: No
[1,211s][debug][gc,nmethod  ] Register NMethod: java.net.URL.<init> (0x000078e2df5c9388) [0x000078e2df5c9480, 0x000078e2df5c95c0] Compiler: c1, Barriers: 0, Oops: 0, ImmediateOops: 0, NonImmediateOops: No
[1,211s][debug][gc,nmethod  ] Register NMethod: java.net.URL.set (0x000078e2df5c9688) [0x000078e2df5c9780, 0x000078e2df5cac78] Compiler: c1, Barriers: 27, Oops: 1, ImmediateOops: 2, NonImmediateOops: No
[1,211s][debug][gc,nmethod  ] Register NMethod: java.net.URLStreamHandler.setURL (0x000078e2df5cac88) [0x000078e2df5cad80, 0x000078e2df5cc9b8] Compiler: c1, Barriers: 5, Oops: 1, ImmediateOops: 3, NonImmediateOops: No
[1,212s][debug][gc,director ] Rule Major: Warmup 10%, Used: 58MB, UsedThreshold: 1228MB
[1,213s][debug][gc,nmethod  ] Register NMethod: java.util.Arrays.fill (0x000078e2df5cca08) [0x000078e2df5ccb00, 0x000078e2df5ccf28] Compiler: c1, Barriers: 3, Oops: 0, ImmediateOops: 0, NonImmediateOops: No
[1,213s][debug][gc,nmethod  ] Register NMethod: java.lang.Double.longBitsToDouble (0x000078e2fec24b88) [0x000078e2fec24c80, 0x000078e2fec24de0] Compiler: , Barriers: 0, Oops: 0, ImmediateOops: 1, NonImmediateOops: No
[1,213s][debug][gc,nmethod  ] Register NMethod: java.lang.invoke.MethodTypeForm.cachedLambdaForm (0x000078e2df5ccf88) [0x000078e2df5cd080, 0x000078e2df5cd678] Compiler: c1, Barriers: 2, Oops: 0, ImmediateOops: 0, NonImmediateOops: No
[1,213s][debug][gc,nmethod  ] Register NMethod: java.lang.invoke.InnerClassLambdaMetafactory.classDesc (0x000078e2df5cd688) [0x000078e2df5cd780, 0x000078e2df5ce838] Compiler: c1, Barriers: 3, Oops: 1, ImmediateOops: 2, NonImmediateOops: No
[1,213s][debug][gc,nmethod  ] Register NMethod: jdk.internal.classfile.impl.BufWriterImpl.getMajorVersion (0x000078e2fec24e88) [0x000078e2fec24f80, 0x000078e2fec25040] Compiler: c1, Barriers: 0, Oops: 0, ImmediateOops: 0, NonImmediateOops: No
[1,213s][debug][gc,nmethod  ] Register NMethod: java.net.URL.<init> (0x000078e2df5ce888) [0x000078e2df5ce980, 0x000078e2df5d5098] Compiler: c1, Barriers: 55, Oops: 4, ImmediateOops: 14, NonImmediateOops: No
[1,213s][debug][gc,nmethod  ] Register NMethod: jdk.internal.classfile.impl.StackMapGenerator.maxStack (0x000078e2fec25188) [0x000078e2fec25280, 0x000078e2fec25340] Compiler: c1, Barriers: 0, Oops: 0, ImmediateOops: 0, NonImmediateOops: No
[1,213s][debug][gc,nmethod  ] Register NMethod: jdk.internal.classfile.impl.RawBytecodeHelper$CodeRange.length (0x000078e2fec25488) [0x000078e2fec25580, 0x000078e2fec25640] Compiler: c1, Barriers: 0, Oops: 0, ImmediateOops: 0, NonImmediateOops: No
[1,213s][debug][gc,nmethod  ] Register NMethod: jdk.internal.classfile.impl.StackMapGenerator.maxLocals (0x000078e2fec25788) [0x000078e2fec25880, 0x000078e2fec25940] Compiler: c1, Barriers: 0, Oops: 0, ImmediateOops: 0, NonImmediateOops: No
[1,213s][debug][gc,nmethod  ] Register NMethod: java.lang.invoke.MethodType.basicType (0x000078e2df5d5108) [0x000078e2df5d5200, 0x000078e2df5d5540] Compiler: c1, Barriers: 2, Oops: 0, ImmediateOops: 0, NonImmediateOops: No
[1,214s][debug][gc,nmethod  ] Register NMethod: java.lang.invoke.MethodHandle.linkToSpecial (0x000078e2fec25a88) [0x000078e2fec25b80, 0x000078e2fec25c78] Compiler: , Barriers: 0, Oops: 0, ImmediateOops: 0, NonImmediateOops: No
[1,214s][debug][gc,nmethod  ] Register NMethod: java.lang.invoke.MethodType.parameterSlotCount (0x000078e2df5d5588) [0x000078e2df5d5680, 0x000078e2df5d5990] Compiler: c1, Barriers: 1, Oops: 0, ImmediateOops: 0, NonImmediateOops: No
[1,215s][debug][gc,nmethod  ] Register NMethod: java.lang.invoke.MethodType.parameterType (0x000078e2fec25d88) [0x000078e2fec25e80, 0x000078e2fec25fc0] Compiler: jvmci, Barriers: 2, Oops: 0, ImmediateOops: 0, NonImmediateOops: No
[1,215s][debug][gc,nmethod  ] Register NMethod: jdk.internal.util.ClassFileDumper.isEnabled (0x000078e2fec26088) [0x000078e2fec26180, 0x000078e2fec26240] Compiler: c1, Barriers: 0, Oops: 0, ImmediateOops: 0, NonImmediateOops: No
[1,217s][debug][gc,nmethod  ] Register NMethod: java.util.Properties$LineReader.readLine (0x000078e2df5d5a08) [0x000078e2df5d5b00, 0x000078e2df5d9008] Compiler: c1, Barriers: 14, Oops: 0, ImmediateOops: 0, NonImmediateOops: No
[1,217s][debug][gc,nmethod  ] Register NMethod: java.lang.invoke.MethodType.parameterCount (0x000078e2fec26388) [0x000078e2fec26480, 0x000078e2fec26560] Compiler: jvmci, Barriers: 1, Oops: 0, ImmediateOops: 0, NonImmediateOops: No
[1,217s][debug][gc,nmethod  ] Register NMethod: java.lang.Class.getReflectionFactory (0x000078e2df5d9088) [0x000078e2df5d9180, 0x000078e2df5d93f8] Compiler: c1, Barriers: 4, Oops: 0, ImmediateOops: 4, NonImmediateOops: No
[1,220s][debug][gc,nmethod  ] Register NMethod: java.lang.AbstractStringBuilder.append (0x000078e2fec26688) [0x000078e2fec26780, 0x000078e2fec26f30] Compiler: jvmci, Barriers: 5, Oops: 0, ImmediateOops: 0, NonImmediateOops: No
[1,222s][debug][gc,nmethod  ] Register NMethod: sun.net.www.protocol.jar.Handler.indexOfBangSlash (0x000078e2df5d9408) [0x000078e2df5d9500, 0x000078e2df5dae00] Compiler: c1, Barriers: 4, Oops: 1, ImmediateOops: 2, NonImmediateOops: No
[1,222s][debug][gc,nmethod  ] Register NMethod: sun.net.www.protocol.jar.Handler.parseURL (0x000078e2df5dae88) [0x000078e2df5daf80, 0x000078e2df5dca98] Compiler: c1, Barriers: 3, Oops: 0, ImmediateOops: 3, NonImmediateOops: No
[1,222s][debug][gc,nmethod  ] Register NMethod: jdk.internal.loader.Resource.getBytes (0x000078e2df5dcb08) [0x000078e2df5dcc00, 0x000078e2df5de0f0] Compiler: c1, Barriers: 9, Oops: 0, ImmediateOops: 1, NonImmediateOops: No
[1,222s][debug][gc,nmethod  ] Register NMethod: sun.net.www.protocol.jar.Handler.parseContextSpec (0x000078e2df5de108) [0x000078e2df5de200, 0x000078e2df5e1fb0] Compiler: c1, Barriers: 11, Oops: 3, ImmediateOops: 8, NonImmediateOops: No
[1,223s][debug][gc,nmethod  ] Register NMethod: sun.net.www.protocol.jar.Handler.canonicalizeString (0x000078e2df5e2008) [0x000078e2df5e2100, 0x000078e2df5e47b0] Compiler: c1, Barriers: 4, Oops: 1, ImmediateOops: 4, NonImmediateOops: No
[1,223s][debug][gc,director ] Rule Major: Warmup 10%, Used: 58MB, UsedThreshold: 1228MB
[1,223s][debug][gc,nmethod  ] Register NMethod: jdk.internal.loader.Resource.<init> (0x000078e2df5e4808) [0x000078e2df5e4900, 0x000078e2df5e4a58] Compiler: c1, Barriers: 0, Oops: 0, ImmediateOops: 0, NonImmediateOops: No
[1,223s][debug][gc,nmethod  ] Register NMethod: jdk.internal.loader.URLClassPath$JarLoader$1.<init> (0x000078e2df5e4b08) [0x000078e2df5e4c00, 0x000078e2df5e5160] Compiler: c1, Barriers: 15, Oops: 0, ImmediateOops: 0, NonImmediateOops: No
[1,223s][debug][gc,nmethod  ] Register NMethod: jdk.internal.loader.URLClassPath$JarLoader$1.getCodeSourceURL (0x000078e2df5e5188) [0x000078e2df5e5280, 0x000078e2df5e53e8] Compiler: c1, Barriers: 2, Oops: 0, ImmediateOops: 0, NonImmediateOops: No
[1,223s][debug][gc,nmethod  ] Register NMethod: java.lang.ClassLoader.addClass (0x000078e2df5e5488) [0x000078e2df5e5580, 0x000078e2df5e5d80] Compiler: c1, Barriers: 6, Oops: 0, ImmediateOops: 0, NonImmediateOops: No
[1,223s][debug][gc,nmethod  ] Register NMethod: java.util.jar.JavaUtilJarAccessImpl.ensureInitialization (0x000078e2df5e5d88) [0x000078e2df5e5e80, 0x000078e2df5e6180] Compiler: c1, Barriers: 0, Oops: 0, ImmediateOops: 0, NonImmediateOops: No
[1,223s][debug][gc,nmethod  ] Register NMethod: java.util.jar.JarFile.getManifest (0x000078e2df5e6188) [0x000078e2df5e6280, 0x000078e2df5e63b0] Compiler: c1, Barriers: 0, Oops: 0, ImmediateOops: 0, NonImmediateOops: No
[1,223s][debug][gc,nmethod  ] Register NMethod: java.lang.invoke.MethodHandle.linkToVirtual (0x000078e2fec26f88) [0x000078e2fec27080, 0x000078e2fec270a8] Compiler: , Barriers: 0, Oops: 0, ImmediateOops: 0, NonImmediateOops: No
[1,223s][debug][gc,nmethod  ] Register NMethod: java.util.jar.JarFile.getInputStream (0x000078e2df5e6488) [0x000078e2df5e6580, 0x000078e2df5e6ed0] Compiler: c1, Barriers: 3, Oops: 1, ImmediateOops: 1, NonImmediateOops: No
[1,223s][debug][gc,nmethod  ] Register NMethod: jdk.internal.loader.URLClassPath$JarLoader$1.getManifest (0x000078e2df5e6f08) [0x000078e2df5e7000, 0x000078e2df5e7cf0] Compiler: c1, Barriers: 6, Oops: 1, ImmediateOops: 4, NonImmediateOops: No
[1,223s][debug][gc,nmethod  ] Register NMethod: java.util.jar.JarFile.ensureInitialization (0x000078e2df5e7d08) [0x000078e2df5e7e00, 0x000078e2df5e85f0] Compiler: c1, Barriers: 4, Oops: 0, ImmediateOops: 0, NonImmediateOops: No
[1,223s][debug][gc,nmethod  ] Register NMethod: jdk.internal.loader.URLClassPath$JarLoader$1.getContentLength (0x000078e2df5e8608) [0x000078e2df5e8700, 0x000078e2df5e8a18] Compiler: c1, Barriers: 1, Oops: 0, ImmediateOops: 0, NonImmediateOops: No
[1,223s][debug][gc,nmethod  ] Register NMethod: java.util.zip.CRC32.<init> (0x000078e2df5e8a88) [0x000078e2df5e8b80, 0x000078e2df5e8cd8] Compiler: c1, Barriers: 0, Oops: 0, ImmediateOops: 0, NonImmediateOops: No
[1,223s][debug][gc,nmethod  ] Register NMethod: jdk.internal.loader.Resource.getByteBuffer (0x000078e2df5e8d88) [0x000078e2df5e8e80, 0x000078e2df5e9bf8] Compiler: c1, Barriers: 8, Oops: 0, ImmediateOops: 0, NonImmediateOops: No
[1,223s][debug][gc,nmethod  ] Register NMethod: jdk.internal.loader.URLClassPath$JarLoader$1.getBytes (0x000078e2df5e9c08) [0x000078e2df5e9d00, 0x000078e2df5ea5e8] Compiler: c1, Barriers: 4, Oops: 0, ImmediateOops: 1, NonImmediateOops: No
[1,223s][debug][gc,nmethod  ] Register NMethod: java.lang.ClassLoader.postDefineClass (0x000078e2df5ea608) [0x000078e2df5ea700, 0x000078e2df5ebc00] Compiler: c1, Barriers: 6, Oops: 0, ImmediateOops: 0, NonImmediateOops: No
[1,223s][debug][gc,nmethod  ] Register NMethod: java.util.zip.Checksum.update (0x000078e2df5ebc08) [0x000078e2df5ebd00, 0x000078e2df5ebe78] Compiler: c1, Barriers: 0, Oops: 0, ImmediateOops: 0, NonImmediateOops: No
[1,224s][debug][gc,nmethod  ] Register NMethod: java.util.zip.CRC32.updateBytes (0x000078e2df5ebf08) [0x000078e2df5ec000, 0x000078e2df5ec398] Compiler: c1, Barriers: 0, Oops: 1, ImmediateOops: 1, NonImmediateOops: No
[1,224s][debug][gc,nmethod  ] Register NMethod: java.util.zip.CRC32.update (0x000078e2df5ec408) [0x000078e2df5ec500, 0x000078e2df5ec8f8] Compiler: c1, Barriers: 0, Oops: 1, ImmediateOops: 1, NonImmediateOops: No
[1,224s][debug][gc,nmethod  ] Register NMethod: java.lang.ClassLoader.getNamedPackage (0x000078e2df5ec908) [0x000078e2df5eca00, 0x000078e2df5ed378] Compiler: c1, Barriers: 2, Oops: 0, ImmediateOops: 0, NonImmediateOops: No
[1,224s][debug][gc,nmethod  ] Register NMethod: java.util.zip.CRC32.updateBytesCheck (0x000078e2df5ed388) [0x000078e2df5ed480, 0x000078e2df5ed7a0] Compiler: c1, Barriers: 0, Oops: 1, ImmediateOops: 1, NonImmediateOops: No
[1,224s][debug][gc,nmethod  ] Register NMethod: java.net.URLStreamHandler.setURL (0x000078e2df5ed808) [0x000078e2df5ed900, 0x000078e2df5f1cb0] Compiler: c1, Barriers: 5, Oops: 1, ImmediateOops: 2, NonImmediateOops: No
[1,224s][debug][gc,nmethod  ] Register NMethod: java.util.jar.JarFile.getManifestFromReference (0x000078e2df5f1d08) [0x000078e2df5f1e00, 0x000078e2df5f4018] Compiler: c1, Barriers: 23, Oops: 0, ImmediateOops: 4, NonImmediateOops: No
[1,224s][debug][gc,nmethod  ] Register NMethod: java.util.zip.CRC32.getValue (0x000078e2df5f4088) [0x000078e2df5f4180, 0x000078e2df5f4290] Compiler: c1, Barriers: 0, Oops: 0, ImmediateOops: 0, NonImmediateOops: No
[1,224s][debug][gc,nmethod  ] Register NMethod: jdk.internal.loader.URLClassPath$JarLoader$1.getCodeSigners (0x000078e2df5f4388) [0x000078e2df5f4480, 0x000078e2df5f47c0] Compiler: c1, Barriers: 1, Oops: 0, ImmediateOops: 0, NonImmediateOops: No
[1,224s][debug][gc,nmethod  ] Register NMethod: java.util.Arrays.copyOfRange (0x000078e2fec27288) [0x000078e2fec27380, 0x000078e2fec277d0] Compiler: jvmci, Barriers: 0, Oops: 0, ImmediateOops: 0, NonImmediateOops: No
[1,224s][debug][gc,nmethod  ] Register NMethod: java.security.SecureClassLoader.defineClass (0x000078e2df5f4808) [0x000078e2df5f4900, 0x000078e2df5f4c68] Compiler: c1, Barriers: 0, Oops: 0, ImmediateOops: 0, NonImmediateOops: No
[1,224s][debug][gc,nmethod  ] Register NMethod: java.security.SecureClassLoader$CodeSourceKey.<init> (0x000078e2df5f4c88) [0x000078e2df5f4d80, 0x000078e2df5f4fb0] Compiler: c1, Barriers: 3, Oops: 0, ImmediateOops: 0, NonImmediateOops: No
[1,224s][debug][gc,nmethod  ] Register NMethod: java.util.jar.JarFile$JarFileEntry.getCodeSigners (0x000078e2df5f5008) [0x000078e2df5f5100, 0x000078e2df5f58a0] Compiler: c1, Barriers: 8, Oops: 0, ImmediateOops: 0, NonImmediateOops: No
[1,224s][debug][gc,nmethod  ] Register NMethod: java.security.CodeSource.<init> (0x000078e2df5f5908) [0x000078e2df5f5a00, 0x000078e2df5f6158] Compiler: c1, Barriers: 18, Oops: 0, ImmediateOops: 0, NonImmediateOops: No
[1,224s][debug][gc,nmethod  ] Register NMethod: java.security.SecureClassLoader$1.<init> (0x000078e2df5f6188) [0x000078e2df5f6280, 0x000078e2df5f65a8] Compiler: c1, Barriers: 3, Oops: 0, ImmediateOops: 0, NonImmediateOops: No
[1,224s][debug][gc,nmethod  ] Register NMethod: java.security.SecureClassLoader$CodeSourceKey.hashCode (0x000078e2df5f6608) [0x000078e2df5f6700, 0x000078e2df5f6998] Compiler: c1, Barriers: 2, Oops: 0, ImmediateOops: 0, NonImmediateOops: No
[1,225s][debug][gc,nmethod  ] Register NMethod: java.lang.ClassLoader.defineClass (0x000078e2df5f6a08) [0x000078e2df5f6b00, 0x000078e2df5f7a68] Compiler: c1, Barriers: 3, Oops: 0, ImmediateOops: 0, NonImmediateOops: No
[1,225s][debug][gc,nmethod  ] Register NMethod: java.lang.reflect.Method.getDeclaringClass (0x000078e2fec27808) [0x000078e2fec27900, 0x000078e2fec279e8] Compiler: c1, Barriers: 1, Oops: 0, ImmediateOops: 0, NonImmediateOops: No
[1,225s][debug][gc,nmethod  ] Register NMethod: java.lang.invoke.LambdaForm$Name.type (0x000078e2fec27b08) [0x000078e2fec27c00, 0x000078e2fec27ce8] Compiler: c1, Barriers: 1, Oops: 0, ImmediateOops: 0, NonImmediateOops: No
[1,225s][debug][gc,nmethod  ] Register NMethod: java.lang.ClassLoader.defineClassSourceLocation (0x000078e2df5f7a88) [0x000078e2df5f7b80, 0x000078e2df5f8948] Compiler: c1, Barriers: 3, Oops: 0, ImmediateOops: 0, NonImmediateOops: No
[1,225s][debug][gc,nmethod  ] Register NMethod: java.security.SecureClassLoader.getProtectionDomain (0x000078e2df5f8988) [0x000078e2df5f8a80, 0x000078e2df5f93f8] Compiler: c1, Barriers: 7, Oops: 0, ImmediateOops: 0, NonImmediateOops: No
[1,225s][debug][gc,nmethod  ] Register NMethod: java.lang.ClassLoader.preDefineClass (0x000078e2df5f9408) [0x000078e2df5f9500, 0x000078e2df5fc4e0] Compiler: c1, Barriers: 3, Oops: 3, ImmediateOops: 6, NonImmediateOops: No
[1,225s][debug][gc,nmethod  ] Register NMethod: java.lang.invoke.MethodHandle.linkToStatic (0x000078e2fec27e08) [0x000078e2fec27f00, 0x000078e2fec27ff0] Compiler: , Barriers: 0, Oops: 0, ImmediateOops: 0, NonImmediateOops: No
[1,225s][debug][gc,nmethod  ] Register NMethod: java.lang.invoke.MethodHandle.invokeBasic (0x000078e2fec28108) [0x000078e2fec28200, 0x000078e2fec28498] Compiler: , Barriers: 0, Oops: 0, ImmediateOops: 0, NonImmediateOops: No
[1,225s][debug][gc,nmethod  ] Register NMethod: java.lang.invoke.MethodHandle.linkToSpecial (0x000078e2fec28508) [0x000078e2fec28600, 0x000078e2fec286f8] Compiler: , Barriers: 0, Oops: 0, ImmediateOops: 0, NonImmediateOops: No
[1,225s][debug][gc,nmethod  ] Register NMethod: java.lang.ClassLoader.checkCerts (0x000078e2df5fc508) [0x000078e2df5fc600, 0x000078e2df5febd0] Compiler: c1, Barriers: 2, Oops: 2, ImmediateOops: 5, NonImmediateOops: No
[1,225s][debug][gc,nmethod  ] Register NMethod: java.lang.invoke.MethodHandle.linkToStatic (0x000078e2fec28808) [0x000078e2fec28900, 0x000078e2fec289f0] Compiler: , Barriers: 0, Oops: 0, ImmediateOops: 0, NonImmediateOops: No
[1,225s][debug][gc,nmethod  ] Register NMethod: jdk.internal.classfile.impl.Util.writeAttribute (0x000078e2df5fec08) [0x000078e2df5fed00, 0x000078e2df5ffac0] Compiler: c1, Barriers: 0, Oops: 0, ImmediateOops: 0, NonImmediateOops: No
[1,226s][debug][gc,nmethod  ] Register NMethod: java.lang.invoke.MethodHandle.invokeBasic (0x000078e2fec28b08) [0x000078e2fec28c00, 0x000078e2fec28e98] Compiler: , Barriers: 0, Oops: 0, ImmediateOops: 0, NonImmediateOops: No
[1,226s][debug][gc,nmethod  ] Register NMethod: java.lang.invoke.MethodHandle.linkToSpecial (0x000078e2fec28f08) [0x000078e2fec29000, 0x000078e2fec290f8] Compiler: , Barriers: 0, Oops: 0, ImmediateOops: 0, NonImmediateOops: No
[1,226s][debug][gc,nmethod  ] Register NMethod: jdk.internal.classfile.impl.BufWriterImpl.skip (0x000078e2df5ffb08) [0x000078e2df5ffc00, 0x000078e2df5ffff8] Compiler: c1, Barriers: 1, Oops: 0, ImmediateOops: 0, NonImmediateOops: No
[1,226s][debug][gc,nmethod  ] Register NMethod: jdk.internal.classfile.impl.AbstractDirectBuilder.writeAttribute (0x000078e2df600008) [0x000078e2df600100, 0x000078e2df600338] Compiler: c1, Barriers: 2, Oops: 0, ImmediateOops: 0, NonImmediateOops: No
[1,226s][debug][gc,nmethod  ] Register NMethod: jdk.internal.constant.MethodTypeDescImpl.<init> (0x000078e2df600388) [0x000078e2df600480, 0x000078e2df6006c8] Compiler: c1, Barriers: 6, Oops: 0, ImmediateOops: 0, NonImmediateOops: No
[1,226s][debug][gc,nmethod  ] Register NMethod: jdk.internal.classfile.impl.BufWriterImpl.patchInt (0x000078e2df600708) [0x000078e2df600800, 0x000078e2df6009e0] Compiler: c1, Barriers: 1, Oops: 0, ImmediateOops: 0, NonImmediateOops: No
[1,226s][debug][gc,nmethod  ] Register NMethod: jdk.internal.constant.MethodTypeDescImpl.ofValidated (0x000078e2df600a08) [0x000078e2df600b00, 0x000078e2df601048] Compiler: c1, Barriers: 12, Oops: 1, ImmediateOops: 1, NonImmediateOops: No
[1,226s][debug][gc,nmethod  ] Register NMethod: java.lang.invoke.MethodHandle.invokeBasic (0x000078e2fec29208) [0x000078e2fec29300, 0x000078e2fec29598] Compiler: , Barriers: 0, Oops: 0, ImmediateOops: 0, NonImmediateOops: No
[1,226s][debug][gc,nmethod  ] Register NMethod: jdk.internal.classfile.impl.Util.isAttributeAllowed (0x000078e2df601088) [0x000078e2df601180, 0x000078e2df6020c8] Compiler: c1, Barriers: 3, Oops: 0, ImmediateOops: 0, NonImmediateOops: No
[1,226s][debug][gc,nmethod  ] Register NMethod: java.lang.invoke.MethodHandle.linkToSpecial (0x000078e2fec29608) [0x000078e2fec29700, 0x000078e2fec297f8] Compiler: , Barriers: 0, Oops: 0, ImmediateOops: 0, NonImmediateOops: No
[1,226s][debug][gc,nmethod  ] Register NMethod: jdk.internal.constant.PrimitiveClassDescImpl.descriptorString (0x000078e2fec29908) [0x000078e2fec29a00, 0x000078e2fec29ae8] Compiler: c1, Barriers: 1, Oops: 0, ImmediateOops: 0, NonImmediateOops: No
[1,226s][debug][gc,nmethod  ] Register NMethod: java.lang.invoke.LambdaForm$NamedFunction.returnType (0x000078e2df602108) [0x000078e2df602200, 0x000078e2df603070] Compiler: c1, Barriers: 8, Oops: 0, ImmediateOops: 0, NonImmediateOops: No
[1,227s][debug][gc,nmethod  ] Register NMethod: java.lang.Math.ceil (0x000078e2df603088) [0x000078e2df603180, 0x000078e2df603290] Compiler: c1, Barriers: 0, Oops: 0, ImmediateOops: 0, NonImmediateOops: No
[1,227s][debug][gc,nmethod  ] Register NMethod: java.lang.StrictMath.ceil (0x000078e2df603388) [0x000078e2df6034a0, 0x000078e2df6035c8] Compiler: c1, Barriers: 0, Oops: 0, ImmediateOops: 0, NonImmediateOops: No
[1,227s][debug][gc,nmethod  ] Register NMethod: java.util.ArrayList.<init> (0x000078e2df603688) [0x000078e2df603780, 0x000078e2df604798] Compiler: c1, Barriers: 6, Oops: 1, ImmediateOops: 3, NonImmediateOops: No
[1,227s][debug][gc,nmethod  ] Register NMethod: java.lang.invoke.LambdaForm.internArgument (0x000078e2df604808) [0x000078e2df604900, 0x000078e2df604eb0] Compiler: c1, Barriers: 4, Oops: 0, ImmediateOops: 1, NonImmediateOops: No
[1,227s][debug][gc,nmethod  ] Register NMethod: java.lang.invoke.LambdaForm$Name.replaceNames (0x000078e2df604f08) [0x000078e2df605000, 0x000078e2df606280] Compiler: c1, Barriers: 10, Oops: 0, ImmediateOops: 0, NonImmediateOops: No
[1,227s][debug][gc,nmethod  ] Register NMethod: java.lang.Math.getExponent (0x000078e2df606288) [0x000078e2df606380, 0x000078e2df6064a0] Compiler: c1, Barriers: 0, Oops: 0, ImmediateOops: 0, NonImmediateOops: No
[1,227s][debug][gc,nmethod  ] Register NMethod: jdk.internal.classfile.impl.AbstractPoolEntry$FieldRefEntryImpl.tag (0x000078e2fec29c08) [0x000078e2fec29d00, 0x000078e2fec29dc0] Compiler: c1, Barriers: 0, Oops: 0, ImmediateOops: 0, NonImmediateOops: No
[1,227s][debug][gc,nmethod  ] Register NMethod: jdk.internal.classfile.impl.BufWriterImpl.writeInt (0x000078e2df606588) [0x000078e2df606680, 0x000078e2df606b48] Compiler: c1, Barriers: 2, Oops: 0, ImmediateOops: 0, NonImmediateOops: No
[1,227s][debug][gc,nmethod  ] Register NMethod: java.lang.StrictMath.floorOrCeil (0x000078e2df606b88) [0x000078e2df606c80, 0x000078e2df6070b0] Compiler: c1, Barriers: 0, Oops: 0, ImmediateOops: 0, NonImmediateOops: No
[1,227s][debug][gc,nmethod  ] Register NMethod: sun.invoke.util.VerifyType.isNullConversion (0x000078e2df607108) [0x000078e2df607200, 0x000078e2df60acd0] Compiler: c1, Barriers: 0, Oops: 0, ImmediateOops: 5, NonImmediateOops: No
[1,228s][debug][gc,nmethod  ] Register NMethod: jdk.internal.classfile.impl.SplitConstantPool.map (0x000078e2fec29f08) [0x000078e2fec2a020, 0x000078e2fec2a4b0] Compiler: jvmci, Barriers: 6, Oops: 1, ImmediateOops: 0, NonImmediateOops: No
[1,228s][debug][gc,nmethod  ] Register NMethod: worker.org.gradle.internal.classloader.FilteringClassLoader$TrieSet.contains (0x000078e2df60ad08) [0x000078e2df60ae00, 0x000078e2df60b148] Compiler: c1, Barriers: 1, Oops: 1, ImmediateOops: 0, NonImmediateOops: No
[1,228s][debug][gc,nmethod  ] Register NMethod: java.util.jar.JavaUtilJarAccessImpl.getTrustedAttributes (0x000078e2df60b188) [0x000078e2df60b280, 0x000078e2df60b3d8] Compiler: c1, Barriers: 0, Oops: 0, ImmediateOops: 0, NonImmediateOops: No
[1,228s][debug][gc,nmethod  ] Register NMethod: java.util.jar.Manifest.getAttributes (0x000078e2df60b488) [0x000078e2df60b580, 0x000078e2df60bae8] Compiler: c1, Barriers: 1, Oops: 0, ImmediateOops: 0, NonImmediateOops: No
[1,228s][debug][gc,nmethod  ] Register NMethod: jdk.internal.perf.PerfCounter.getReadClassBytesTime (0x000078e2df60bb08) [0x000078e2df60bc00, 0x000078e2df60bce8] Compiler: c1, Barriers: 0, Oops: 0, ImmediateOops: 1, NonImmediateOops: No
[1,228s][debug][gc,nmethod  ] Register NMethod: java.util.jar.Manifest.getTrustedAttributes (0x000078e2df60be08) [0x000078e2df60bf00, 0x000078e2df60d200] Compiler: c1, Barriers: 2, Oops: 1, ImmediateOops: 2, NonImmediateOops: No
[1,229s][debug][gc,nmethod  ] Register NMethod: java.net.URLClassLoader.findClass (0x000078e2df60d288) [0x000078e2df60d380, 0x000078e2df60ffa0] Compiler: c1, Barriers: 7, Oops: 1, ImmediateOops: 8, NonImmediateOops: No
[1,229s][debug][gc,nmethod  ] Register NMethod: java.net.URLClassLoader.getAndVerifyPackage (0x000078e2df610008) [0x000078e2df610100, 0x000078e2df612c58] Compiler: c1, Barriers: 4, Oops: 4, ImmediateOops: 6, NonImmediateOops: No
[1,229s][debug][gc,nmethod  ] Register NMethod: java.lang.reflect.AccessibleObject.<init> (0x000078e2df612c88) [0x000078e2df612d80, 0x000078e2df612ed8] Compiler: c1, Barriers: 0, Oops: 0, ImmediateOops: 0, NonImmediateOops: No
[1,229s][debug][gc,nmethod  ] Register NMethod: java.net.URLClassLoader.defineClass (0x000078e2df612f88) [0x000078e2df613080, 0x000078e2df617918] Compiler: c1, Barriers: 19, Oops: 2, ImmediateOops: 8, NonImmediateOops: No
[1,229s][debug][gc,nmethod  ] Register NMethod: java.util.Collections$1.hasNext (0x000078e2fec2a508) [0x000078e2fec2a600, 0x000078e2fec2a6c0] Compiler: c1, Barriers: 0, Oops: 0, ImmediateOops: 0, NonImmediateOops: No
[1,230s][debug][gc,nmethod  ] Register NMethod: java.util.HashMap.resize (0x000078e2df617988) [0x000078e2df617aa0, 0x000078e2df619780] Compiler: c1, Barriers: 31, Oops: 0, ImmediateOops: 0, NonImmediateOops: No
[1,230s][debug][gc,nmethod  ] Register NMethod: java.security.SecureClassLoader$CodeSourceKey.equals (0x000078e2df619788) [0x000078e2df619880, 0x000078e2df61a1d8] Compiler: c1, Barriers: 6, Oops: 0, ImmediateOops: 0, NonImmediateOops: No
[1,230s][debug][gc,nmethod  ] Register NMethod: java.security.CodeSource.matchCerts (0x000078e2df61a208) [0x000078e2df61a300, 0x000078e2df61b1b0] Compiler: c1, Barriers: 17, Oops: 0, ImmediateOops: 0, NonImmediateOops: No
[1,231s][debug][gc,nmethod  ] Register NMethod: jdk.internal.loader.URLClassPath$JarLoader.createResource (0x000078e2df61b208) [0x000078e2df61b300, 0x000078e2df61be20] Compiler: c1, Barriers: 2, Oops: 0, ImmediateOops: 0, NonImmediateOops: No
[1,232s][debug][gc,nmethod  ] Register NMethod: jdk.internal.access.SharedSecrets.getJavaLangAccess (0x000078e2df61be88) [0x000078e2df61bf80, 0x000078e2df61c0a8] Compiler: c1, Barriers: 1, Oops: 0, ImmediateOops: 1, NonImmediateOops: No
[1,233s][debug][gc,director ] Rule Major: Warmup 10%, Used: 60MB, UsedThreshold: 1228MB
[1,233s][debug][gc,nmethod  ] Register NMethod: java.lang.invoke.MemberName$Factory.resolveOrFail (0x000078e2df61c188) [0x000078e2df61c280, 0x000078e2df61d268] Compiler: c1, Barriers: 1, Oops: 0, ImmediateOops: 0, NonImmediateOops: No
[1,234s][debug][gc,nmethod  ] Register NMethod: java.lang.invoke.MethodType.rtype (0x000078e2fec2a808) [0x000078e2fec2a900, 0x000078e2fec2a9e8] Compiler: c1, Barriers: 1, Oops: 0, ImmediateOops: 0, NonImmediateOops: No
[1,234s][debug][gc,nmethod  ] Register NMethod: java.lang.invoke.MethodType.insertParameterTypes (0x000078e2df61d288) [0x000078e2df61d380, 0x000078e2df61edf8] Compiler: c1, Barriers: 6, Oops: 1, ImmediateOops: 3, NonImmediateOops: No
[1,234s][debug][gc,nmethod  ] Register NMethod: jdk.internal.classfile.impl.StackMapGenerator$Frame.pushStack (0x000078e2df61ee08) [0x000078e2df61ef00, 0x000078e2df61fa20] Compiler: c1, Barriers: 0, Oops: 0, ImmediateOops: 10, NonImmediateOops: No
[1,234s][debug][gc,nmethod  ] Register NMethod: jdk.internal.classfile.impl.DirectCodeBuilder.loadLocal (0x000078e2df61fa88) [0x000078e2df61fb80, 0x000078e2df621a08] Compiler: c1, Barriers: 5, Oops: 0, ImmediateOops: 2, NonImmediateOops: No
[1,236s][debug][gc,nmethod  ] Register NMethod: java.lang.invoke.VarHandleByteArrayAsShorts$ArrayHandle.index (0x000078e2df621a88) [0x000078e2df621b80, 0x000078e2df621cb8] Compiler: c1, Barriers: 0, Oops: 1, ImmediateOops: 1, NonImmediateOops: No
[1,236s][debug][gc,nmethod  ] Register NMethod: java.io.BufferedInputStream.getBufIfOpen (0x000078e2df621d88) [0x000078e2df621e80, 0x000078e2df622298] Compiler: c1, Barriers: 7, Oops: 0, ImmediateOops: 3, NonImmediateOops: No
[1,236s][debug][gc,nmethod  ] Register NMethod: java.io.BufferedInputStream.ensureOpen (0x000078e2df622308) [0x000078e2df622400, 0x000078e2df622640] Compiler: c1, Barriers: 1, Oops: 0, ImmediateOops: 1, NonImmediateOops: No
[1,236s][debug][gc,nmethod  ] Register NMethod: java.io.DataInputStream.readFully (0x000078e2df622688) [0x000078e2df622780, 0x000078e2df622e30] Compiler: c1, Barriers: 1, Oops: 0, ImmediateOops: 0, NonImmediateOops: No
[1,236s][debug][gc,nmethod  ] Register NMethod: java.io.DataInputStream.readUTF (0x000078e2df622e88) [0x000078e2df622f80, 0x000078e2df6230b0] Compiler: c1, Barriers: 0, Oops: 0, ImmediateOops: 0, NonImmediateOops: No
[1,236s][debug][gc,nmethod  ] Register NMethod: java.lang.invoke.VarHandleByteArrayAsShorts$ArrayHandle.get (0x000078e2df623188) [0x000078e2df623280, 0x000078e2df623a30] Compiler: c1, Barriers: 0, Oops: 2, ImmediateOops: 2, NonImmediateOops: No
[1,236s][debug][gc,nmethod  ] Register NMethod: java.io.BufferedInputStream.read (0x000078e2df623a88) [0x000078e2df623b80, 0x000078e2df6246b8] Compiler: c1, Barriers: 2, Oops: 0, ImmediateOops: 1, NonImmediateOops: No
[1,236s][debug][gc,nmethod  ] Register NMethod: java.io.BufferedInputStream.read1 (0x000078e2df624708) [0x000078e2df624800, 0x000078e2df6250d0] Compiler: c1, Barriers: 1, Oops: 0, ImmediateOops: 1, NonImmediateOops: No
[1,236s][debug][gc,nmethod  ] Register NMethod: java.io.DataInputStream.readUnsignedShort (0x000078e2df625108) [0x000078e2df625200, 0x000078e2df625e58] Compiler: c1, Barriers: 2, Oops: 5, ImmediateOops: 4, NonImmediateOops: No
[1,236s][debug][gc,nmethod  ] Register NMethod: java.lang.System$1.uncheckedNewStringNoRepl (0x000078e2df625e88) [0x000078e2df625f80, 0x000078e2df6260b8] Compiler: c1, Barriers: 0, Oops: 0, ImmediateOops: 0, NonImmediateOops: No
[1,236s][debug][gc,nmethod  ] Register NMethod: java.lang.String.newStringNoRepl (0x000078e2df626188) [0x000078e2df626280, 0x000078e2df626f00] Compiler: c1, Barriers: 1, Oops: 0, ImmediateOops: 0, NonImmediateOops: No
[1,236s][debug][gc,nmethod  ] Register NMethod: jdk.internal.util.ByteArray.getUnsignedShort (0x000078e2df626f08) [0x000078e2df627000, 0x000078e2df627970] Compiler: c1, Barriers: 0, Oops: 5, ImmediateOops: 4, NonImmediateOops: No
[1,236s][debug][gc,nmethod  ] Register NMethod: java.io.DataInputStream.readFully (0x000078e2df627a08) [0x000078e2df627b00, 0x000078e2df627e08] Compiler: c1, Barriers: 0, Oops: 0, ImmediateOops: 0, NonImmediateOops: No
[1,236s][debug][gc,nmethod  ] Register NMethod: jdk.internal.util.ByteArray.getShort (0x000078e2df627e88) [0x000078e2df627f80, 0x000078e2df628890] Compiler: c1, Barriers: 0, Oops: 5, ImmediateOops: 4, NonImmediateOops: No
[1,236s][debug][gc,nmethod  ] Register NMethod: java.io.DataInputStream.readShort (0x000078e2df628908) [0x000078e2df628a00, 0x000078e2df629600] Compiler: c1, Barriers: 2, Oops: 5, ImmediateOops: 4, NonImmediateOops: No
[1,237s][debug][gc,nmethod  ] Register NMethod: java.lang.System$1.uncheckedCountPositives (0x000078e2fec2ab08) [0x000078e2fec2ac00, 0x000078e2fec2ad08] Compiler: jvmci, Barriers: 0, Oops: 0, ImmediateOops: 0, NonImmediateOops: No
[1,237s][debug][gc,nmethod  ] Register NMethod: java.io.ByteArrayInputStream.read (0x000078e2df629688) [0x000078e2df629780, 0x000078e2df629a88] Compiler: c1, Barriers: 1, Oops: 0, ImmediateOops: 0, NonImmediateOops: No
[1,237s][debug][gc,nmethod  ] Register NMethod: java.io.DataInputStream.readUnsignedByte (0x000078e2df629b08) [0x000078e2df629c00, 0x000078e2df62a040] Compiler: c1, Barriers: 1, Oops: 0, ImmediateOops: 0, NonImmediateOops: No
[1,237s][debug][gc,nmethod  ] Register NMethod: java.io.DataInputStream.readByte (0x000078e2df62a088) [0x000078e2df62a180, 0x000078e2df62a7d8] Compiler: c1, Barriers: 1, Oops: 0, ImmediateOops: 0, NonImmediateOops: No
[1,237s][debug][gc,nmethod  ] Register NMethod: java.lang.String.newStringNoRepl1 (0x000078e2df62a808) [0x000078e2df62a900, 0x000078e2df62c390] Compiler: c1, Barriers: 12, Oops: 0, ImmediateOops: 4, NonImmediateOops: No
[1,237s][debug][gc,nmethod  ] Register NMethod: sun.util.calendar.ZoneInfoFile.indexOf (0x000078e2df62c408) [0x000078e2df62c500, 0x000078e2df62c728] Compiler: c1, Barriers: 0, Oops: 0, ImmediateOops: 0, NonImmediateOops: No
[1,237s][debug][gc,nmethod  ] Register NMethod: java.io.DataInputStream.readUTF (0x000078e2df62c788) [0x000078e2df62c880, 0x000078e2df630c90] Compiler: c1, Barriers: 9, Oops: 2, ImmediateOops: 13, NonImmediateOops: No
[1,237s][debug][gc,nmethod  ] Register NMethod: sun.util.calendar.ZoneInfoFile.addTrans (0x000078e2df630d08) [0x000078e2df630e00, 0x000078e2df6312f0] Compiler: c1, Barriers: 0, Oops: 0, ImmediateOops: 0, NonImmediateOops: No
[1,237s][debug][gc,nmethod  ] Register NMethod: java.util.zip.Checksum.update (0x000078e2df631308) [0x000078e2df631400, 0x000078e2df631738] Compiler: c1, Barriers: 0, Oops: 0, ImmediateOops: 0, NonImmediateOops: No
[1,237s][debug][gc,nmethod  ] Register NMethod: sun.util.calendar.ZoneInfoFile$Checksum.update (0x000078e2df631788) [0x000078e2df631880, 0x000078e2df631ea0] Compiler: c1, Barriers: 0, Oops: 0, ImmediateOops: 0, NonImmediateOops: No
[1,237s][debug][gc,nmethod  ] Register NMethod: sun.util.calendar.ZoneInfoFile$Checksum.update (0x000078e2df631f08) [0x000078e2df632000, 0x000078e2df6325c8] Compiler: c1, Barriers: 0, Oops: 0, ImmediateOops: 0, NonImmediateOops: No
[1,238s][debug][gc,nmethod  ] Register NMethod: java.io.BufferedInputStream.getBufIfOpen (0x000078e2fec2ae08) [0x000078e2fec2af00, 0x000078e2fec2b238] Compiler: jvmci, Barriers: 6, Oops: 0, ImmediateOops: 1, NonImmediateOops: No
[1,238s][debug][gc,nmethod  ] Register NMethod: sun.util.locale.LocaleUtils.isUpper (0x000078e2df632608) [0x000078e2df632700, 0x000078e2df632858] Compiler: c1, Barriers: 0, Oops: 0, ImmediateOops: 0, NonImmediateOops: No
[1,239s][debug][gc,nmethod  ] Register NMethod: jdk.internal.util.ReferencedKeyMap.internKey (0x000078e2df576208) [0x000078e2df576300, 0x000078e2df577aa8] Compiler: c1, Barriers: 5, Oops: 0, ImmediateOops: 0, NonImmediateOops: No
[1,239s][debug][gc,nmethod  ] Register NMethod: jdk.internal.util.ReferencedKeyMap.entryKey (0x000078e2df567b88) [0x000078e2df567c80, 0x000078e2df568498] Compiler: c1, Barriers: 8, Oops: 0, ImmediateOops: 1, NonImmediateOops: No
[1,239s][debug][gc,nmethod  ] Register NMethod: jdk.internal.util.ReferencedKeySet.intern (0x000078e2df632908) [0x000078e2df632a00, 0x000078e2df632c38] Compiler: c1, Barriers: 1, Oops: 0, ImmediateOops: 0, NonImmediateOops: No
[1,239s][debug][gc,nmethod  ] Register NMethod: jdk.internal.util.ReferencedKeyMap.intern (0x000078e2df632c88) [0x000078e2df632d80, 0x000078e2df634620] Compiler: c1, Barriers: 9, Oops: 1, ImmediateOops: 0, NonImmediateOops: No
[1,240s][debug][gc,nmethod  ] Register NMethod: java.lang.invoke.MethodHandle.linkToStatic (0x000078e2fec2b288) [0x000078e2fec2b380, 0x000078e2fec2b470] Compiler: , Barriers: 0, Oops: 0, ImmediateOops: 0, NonImmediateOops: No
[1,240s][debug][gc,nmethod  ] Register NMethod: java.lang.invoke.MethodHandle.linkToSpecial (0x000078e2fec2b588) [0x000078e2fec2b680, 0x000078e2fec2b778] Compiler: , Barriers: 0, Oops: 0, ImmediateOops: 0, NonImmediateOops: No
[1,241s][debug][gc,nmethod  ] Register NMethod: java.lang.invoke.MethodHandle.invokeBasic (0x000078e2fec2b888) [0x000078e2fec2b980, 0x000078e2fec2bc18] Compiler: , Barriers: 0, Oops: 0, ImmediateOops: 0, NonImmediateOops: No
[1,241s][debug][gc,nmethod  ] Register NMethod: java.lang.invoke.MethodHandle.linkToSpecial (0x000078e2fec2bc88) [0x000078e2fec2bd80, 0x000078e2fec2be78] Compiler: , Barriers: 0, Oops: 0, ImmediateOops: 0, NonImmediateOops: No
[1,241s][debug][gc,nmethod  ] Register NMethod: java.lang.invoke.LambdaForm.parameter (0x000078e2df634688) [0x000078e2df634780, 0x000078e2df634918] Compiler: c1, Barriers: 2, Oops: 0, ImmediateOops: 0, NonImmediateOops: No
[1,241s][debug][gc,nmethod  ] Register NMethod: java.lang.invoke.MemberName.<init> (0x000078e2df634988) [0x000078e2df634a80, 0x000078e2df635100] Compiler: c1, Barriers: 0, Oops: 0, ImmediateOops: 1, NonImmediateOops: No
[1,241s][debug][gc,nmethod  ] Register NMethod: java.util.regex.Pattern.lambda$Single$0 (0x000078e2df635108) [0x000078e2df635200, 0x000078e2df635330] Compiler: c1, Barriers: 0, Oops: 0, ImmediateOops: 0, NonImmediateOops: No
[1,241s][debug][gc,nmethod  ] Register NMethod: java.util.regex.Pattern$$Lambda/0x00000000920b27a0.is (0x000078e2df635408) [0x000078e2df635500, 0x000078e2df6356b0] Compiler: c1, Barriers: 0, Oops: 0, ImmediateOops: 0, NonImmediateOops: No
[1,241s][debug][gc,nmethod  ] Register NMethod: java.util.regex.Matcher.hasMatch (0x000078e2df635708) [0x000078e2df635800, 0x000078e2df635950] Compiler: c1, Barriers: 0, Oops: 0, ImmediateOops: 0, NonImmediateOops: No
[1,241s][debug][gc,nmethod  ] Register NMethod: java.util.regex.Matcher.checkMatch (0x000078e2df635a08) [0x000078e2df635b00, 0x000078e2df635f70] Compiler: c1, Barriers: 0, Oops: 0, ImmediateOops: 1, NonImmediateOops: No
[1,242s][debug][gc,nmethod  ] Register NMethod: java.util.regex.Matcher.start (0x000078e2df635f88) [0x000078e2df636080, 0x000078e2df636558] Compiler: c1, Barriers: 0, Oops: 0, ImmediateOops: 1, NonImmediateOops: No
[1,242s][debug][gc,nmethod  ] Register NMethod: java.util.regex.Pattern$BmpCharPropertyGreedy.match (0x000078e2df636588) [0x000078e2df636680, 0x000078e2df636ff0] Compiler: c1, Barriers: 2, Oops: 0, ImmediateOops: 0, NonImmediateOops: No
[1,242s][debug][gc,nmethod  ] Register NMethod: java.util.regex.Matcher.end (0x000078e2df637008) [0x000078e2df637100, 0x000078e2df6375d8] Compiler: c1, Barriers: 0, Oops: 0, ImmediateOops: 1, NonImmediateOops: No
[1,242s][debug][gc,nmethod  ] Register NMethod: java.util.regex.Matcher.find (0x000078e2df637608) [0x000078e2df637700, 0x000078e2df637b98] Compiler: c1, Barriers: 1, Oops: 0, ImmediateOops: 0, NonImmediateOops: No
[1,242s][debug][gc,nmethod  ] Register NMethod: java.lang.String.subSequence (0x000078e2df637c08) [0x000078e2df637d00, 0x000078e2df637ff8] Compiler: c1, Barriers: 0, Oops: 0, ImmediateOops: 0, NonImmediateOops: No
[1,242s][debug][gc,nmethod  ] Register NMethod: java.util.regex.Pattern$LastNode.match (0x000078e2df638008) [0x000078e2df638100, 0x000078e2df638310] Compiler: c1, Barriers: 1, Oops: 0, ImmediateOops: 0, NonImmediateOops: No
[1,242s][debug][gc,nmethod  ] Register NMethod: java.util.regex.Pattern$Start.match (0x000078e2df638388) [0x000078e2df638480, 0x000078e2df6389e0] Compiler: c1, Barriers: 2, Oops: 0, ImmediateOops: 0, NonImmediateOops: No
[1,242s][debug][gc,nmethod  ] Register NMethod: java.util.regex.Matcher.search (0x000078e2df638a08) [0x000078e2df638b00, 0x000078e2df6393d0] Compiler: c1, Barriers: 6, Oops: 0, ImmediateOops: 0, NonImmediateOops: No
[1,242s][debug][gc,nmethod  ] Register NMethod: java.lang.String.toString (0x000078e2fec2bf88) [0x000078e2fec2c080, 0x000078e2fec2c108] Compiler: jvmci, Barriers: 0, Oops: 0, ImmediateOops: 0, NonImmediateOops: No
[1,243s][debug][gc,director ] Rule Major: Warmup 10%, Used: 60MB, UsedThreshold: 1228MB
[1,243s][debug][gc,nmethod  ] Register NMethod: jdk.internal.classfile.impl.UnboundAttribute.<init> (0x000078e2df639408) [0x000078e2df639500, 0x000078e2df639730] Compiler: c1, Barriers: 3, Oops: 0, ImmediateOops: 0, NonImmediateOops: No
[1,244s][debug][gc,nmethod  ] Register NMethod: java.lang.invoke.MemberName.getType (0x000078e2df639788) [0x000078e2df639880, 0x000078e2df63a088] Compiler: c1, Barriers: 0, Oops: 0, ImmediateOops: 0, NonImmediateOops: No
[1,244s][debug][gc,nmethod  ] Register NMethod: java.util.regex.Pattern$BmpCharPropertyGreedy.match (0x000078e2fec2c288) [0x000078e2fec2c380, 0x000078e2fec2c750] Compiler: jvmci, Barriers: 4, Oops: 0, ImmediateOops: 0, NonImmediateOops: No
[1,245s][debug][gc,nmethod  ] Register NMethod: sun.util.locale.StringTokenIterator.isDone (0x000078e2fec2c788) [0x000078e2fec2c880, 0x000078e2fec2c940] Compiler: c1, Barriers: 0, Oops: 0, ImmediateOops: 0, NonImmediateOops: No
[1,245s][debug][gc,nmethod  ] Register NMethod: sun.util.locale.LocaleUtils.toLower (0x000078e2df63a108) [0x000078e2df63a200, 0x000078e2df63a400] Compiler: c1, Barriers: 0, Oops: 0, ImmediateOops: 0, NonImmediateOops: No
[1,245s][debug][gc,nmethod  ] Register NMethod: java.text.ParsePosition.getErrorIndex (0x000078e2fec2ca88) [0x000078e2fec2cb80, 0x000078e2fec2cc40] Compiler: c1, Barriers: 0, Oops: 0, ImmediateOops: 0, NonImmediateOops: No
[1,245s][debug][gc,nmethod  ] Register NMethod: sun.util.locale.StringTokenIterator.current (0x000078e2fec2cd88) [0x000078e2fec2ce80, 0x000078e2fec2cf68] Compiler: c1, Barriers: 1, Oops: 0, ImmediateOops: 0, NonImmediateOops: No
[1,245s][debug][gc,nmethod  ] Register NMethod: java.util.Collections$EmptyList.isEmpty (0x000078e2fec2d088) [0x000078e2fec2d180, 0x000078e2fec2d240] Compiler: c1, Barriers: 0, Oops: 0, ImmediateOops: 0, NonImmediateOops: No
[1,245s][debug][gc,nmethod  ] Register NMethod: sun.util.locale.LocaleUtils.isAlpha (0x000078e2df63a408) [0x000078e2df63a500, 0x000078e2df63a6b0] Compiler: c1, Barriers: 0, Oops: 0, ImmediateOops: 0, NonImmediateOops: No
[1,246s][debug][gc,nmethod  ] Register NMethod: sun.util.locale.StringTokenIterator.currentEnd (0x000078e2fec2d388) [0x000078e2fec2d480, 0x000078e2fec2d540] Compiler: c1, Barriers: 0, Oops: 0, ImmediateOops: 0, NonImmediateOops: No
[1,246s][debug][gc,nmethod  ] Register NMethod: java.text.ParsePosition.setIndex (0x000078e2fec2d688) [0x000078e2fec2d780, 0x000078e2fec2d840] Compiler: c1, Barriers: 0, Oops: 0, ImmediateOops: 0, NonImmediateOops: No
[1,246s][debug][gc,nmethod  ] Register NMethod: jdk.internal.util.SoftReferenceKey.hashCode (0x000078e2fec2d988) [0x000078e2fec2da80, 0x000078e2fec2db40] Compiler: c1, Barriers: 0, Oops: 0, ImmediateOops: 0, NonImmediateOops: No
[1,246s][debug][gc,nmethod  ] Register NMethod: java.util.stream.ReferencePipeline$3$1.accept (0x000078e2df63a708) [0x000078e2df63a800, 0x000078e2df63ad88] Compiler: c1, Barriers: 2, Oops: 0, ImmediateOops: 0, NonImmediateOops: No
[1,246s][debug][gc,nmethod  ] Register NMethod: sun.util.locale.BaseLocale.hashCode (0x000078e2df63ae08) [0x000078e2df63af00, 0x000078e2df63ed88] Compiler: c1, Barriers: 20, Oops: 1, ImmediateOops: 8, NonImmediateOops: No
[1,246s][debug][gc,nmethod  ] Register NMethod: java.lang.ref.SoftReference.<init> (0x000078e2df63ee08) [0x000078e2df63ef00, 0x000078e2df63f208] Compiler: c1, Barriers: 6, Oops: 0, ImmediateOops: 2, NonImmediateOops: No
[1,246s][debug][gc,nmethod  ] Register NMethod: sun.util.locale.StringTokenIterator.hasNext (0x000078e2df63f288) [0x000078e2df63f380, 0x000078e2df63f9a8] Compiler: c1, Barriers: 2, Oops: 0, ImmediateOops: 0, NonImmediateOops: No
[1,246s][debug][gc,nmethod  ] Register NMethod: java.lang.String.isEmpty (0x000078e2fec2dc88) [0x000078e2fec2dd80, 0x000078e2fec2de68] Compiler: jvmci, Barriers: 1, Oops: 0, ImmediateOops: 0, NonImmediateOops: No
[1,246s][debug][gc,nmethod  ] Register NMethod: sun.util.locale.InternalLocaleBuilder.clearExtensions (0x000078e2df63fa08) [0x000078e2df63fb00, 0x000078e2df640358] Compiler: c1, Barriers: 3, Oops: 0, ImmediateOops: 0, NonImmediateOops: No
[1,246s][debug][gc,nmethod  ] Register NMethod: sun.util.locale.StringTokenIterator.next (0x000078e2df640388) [0x000078e2df640480, 0x000078e2df640ef8] Compiler: c1, Barriers: 10, Oops: 0, ImmediateOops: 0, NonImmediateOops: No
[1,247s][debug][gc,nmethod  ] Register NMethod: sun.util.locale.LocaleUtils.isEmpty (0x000078e2df640f08) [0x000078e2df641000, 0x000078e2df641360] Compiler: c1, Barriers: 0, Oops: 0, ImmediateOops: 0, NonImmediateOops: No
[1,247s][debug][gc,nmethod  ] Register NMethod: sun.util.locale.LocaleUtils.isAlphaString (0x000078e2df641388) [0x000078e2df641480, 0x000078e2df642468] Compiler: c1, Barriers: 3, Oops: 1, ImmediateOops: 2, NonImmediateOops: No
[1,247s][debug][gc,nmethod  ] Register NMethod: java.util.ImmutableCollections$SetN.probe (0x000078e2fec2df88) [0x000078e2fec2e080, 0x000078e2fec2e7d0] Compiler: jvmci, Barriers: 7, Oops: 0, ImmediateOops: 0, NonImmediateOops: No
[1,247s][debug][gc,nmethod  ] Register NMethod: sun.util.locale.LocaleUtils.isLower (0x000078e2df642488) [0x000078e2df642580, 0x000078e2df6426d8] Compiler: c1, Barriers: 0, Oops: 0, ImmediateOops: 0, NonImmediateOops: No
[1,247s][debug][gc,nmethod  ] Register NMethod: jdk.internal.util.SoftReferenceKey.<init> (0x000078e2df642788) [0x000078e2df642880, 0x000078e2df642e98] Compiler: c1, Barriers: 6, Oops: 0, ImmediateOops: 2, NonImmediateOops: No
[1,247s][debug][gc,nmethod  ] Register NMethod: sun.util.locale.BaseLocale.getVariant (0x000078e2fec2e808) [0x000078e2fec2e900, 0x000078e2fec2e9e8] Compiler: c1, Barriers: 1, Oops: 0, ImmediateOops: 0, NonImmediateOops: No
[1,247s][debug][gc,nmethod  ] Register NMethod: sun.util.locale.StringTokenIterator.nextDelimiter (0x000078e2df642f08) [0x000078e2df643000, 0x000078e2df645758] Compiler: c1, Barriers: 13, Oops: 1, ImmediateOops: 6, NonImmediateOops: No
[1,247s][debug][gc,nmethod  ] Register NMethod: sun.util.locale.LanguageTag.extlangs (0x000078e2fec2eb08) [0x000078e2fec2ec00, 0x000078e2fec2ece8] Compiler: c1, Barriers: 1, Oops: 0, ImmediateOops: 0, NonImmediateOops: No
[1,247s][debug][gc,nmethod  ] Register NMethod: sun.util.locale.LocaleUtils.toLowerString (0x000078e2df645788) [0x000078e2df645880, 0x000078e2df647420] Compiler: c1, Barriers: 5, Oops: 1, ImmediateOops: 4, NonImmediateOops: No
[1,247s][debug][gc,nmethod  ] Register NMethod: sun.util.locale.LanguageTag.language (0x000078e2fec2ee08) [0x000078e2fec2ef00, 0x000078e2fec2efe8] Compiler: c1, Barriers: 1, Oops: 0, ImmediateOops: 0, NonImmediateOops: No
[1,247s][debug][gc,nmethod  ] Register NMethod: sun.util.locale.LanguageTag.script (0x000078e2fec2f108) [0x000078e2fec2f200, 0x000078e2fec2f2e8] Compiler: c1, Barriers: 1, Oops: 0, ImmediateOops: 0, NonImmediateOops: No
[1,247s][debug][gc,nmethod  ] Register NMethod: sun.util.locale.LanguageTag.variants (0x000078e2fec2f408) [0x000078e2fec2f500, 0x000078e2fec2f5e8] Compiler: c1, Barriers: 1, Oops: 0, ImmediateOops: 0, NonImmediateOops: No
[1,247s][debug][gc,nmethod  ] Register NMethod: sun.util.locale.LanguageTag.extensions (0x000078e2fec2f708) [0x000078e2fec2f800, 0x000078e2fec2f8e8] Compiler: c1, Barriers: 1, Oops: 0, ImmediateOops: 0, NonImmediateOops: No
[1,247s][debug][gc,nmethod  ] Register NMethod: sun.util.locale.LanguageTag.region (0x000078e2fec2fa08) [0x000078e2fec2fb00, 0x000078e2fec2fbe8] Compiler: c1, Barriers: 1, Oops: 0, ImmediateOops: 0, NonImmediateOops: No
[1,247s][debug][gc,nmethod  ] Register NMethod: sun.util.locale.LanguageTag.privateuse (0x000078e2fec2fd08) [0x000078e2fec2fe00, 0x000078e2fec2fee8] Compiler: c1, Barriers: 1, Oops: 0, ImmediateOops: 0, NonImmediateOops: No
[1,247s][debug][gc,nmethod  ] Register NMethod: java.lang.String.<init> (0x000078e2df647488) [0x000078e2df647580, 0x000078e2df647b58] Compiler: c1, Barriers: 6, Oops: 0, ImmediateOops: 1, NonImmediateOops: No
[1,248s][debug][gc,nmethod  ] Register NMethod: sun.util.locale.BaseLocale.getInstance (0x000078e2df647b88) [0x000078e2df647c80, 0x000078e2df649e50] Compiler: c1, Barriers: 19, Oops: 2, ImmediateOops: 6, NonImmediateOops: No
[1,248s][debug][gc,nmethod  ] Register NMethod: java.util.HashMap.put (0x000078e2fec30008) [0x000078e2fec30120, 0x000078e2fec31930] Compiler: jvmci, Barriers: 59, Oops: 0, ImmediateOops: 0, NonImmediateOops: No
[1,248s][debug][gc,nmethod  ] Register NMethod: java.util.stream.Nodes$SpinedNodeBuilder.accept (0x000078e2df649e88) [0x000078e2df649f80, 0x000078e2df64a0c0] Compiler: c1, Barriers: 0, Oops: 0, ImmediateOops: 0, NonImmediateOops: No
[1,248s][debug][gc,nmethod  ] Register NMethod: java.util.stream.SpinedBuffer.accept (0x000078e2df64a188) [0x000078e2df64a280, 0x000078e2df64b070] Compiler: c1, Barriers: 22, Oops: 0, ImmediateOops: 0, NonImmediateOops: No
[1,248s][debug][gc,nmethod  ] Register NMethod: java.util.Locale.<init> (0x000078e2df64b088) [0x000078e2df64b180, 0x000078e2df64b3c8] Compiler: c1, Barriers: 6, Oops: 0, ImmediateOops: 0, NonImmediateOops: No
[1,248s][debug][gc,nmethod  ] Register NMethod: java.util.Locale.hashCode (0x000078e2df64b408) [0x000078e2df64b500, 0x000078e2df64b918] Compiler: c1, Barriers: 2, Oops: 0, ImmediateOops: 0, NonImmediateOops: No
[1,249s][debug][gc,nmethod  ] Register NMethod: sun.util.locale.InternalLocaleBuilder.<init> (0x000078e2df64b988) [0x000078e2df64ba80, 0x000078e2df64bde8] Compiler: c1, Barriers: 12, Oops: 0, ImmediateOops: 5, NonImmediateOops: No
[1,249s][debug][gc,nmethod  ] Register NMethod: java.text.ParsePosition.<init> (0x000078e2df64be08) [0x000078e2df64bf00, 0x000078e2df64c068] Compiler: c1, Barriers: 0, Oops: 0, ImmediateOops: 0, NonImmediateOops: No
[1,249s][debug][gc,nmethod  ] Register NMethod: java.util.Locale.getInstance (0x000078e2df64c108) [0x000078e2df64c200, 0x000078e2df64d370] Compiler: c1, Barriers: 1, Oops: 1, ImmediateOops: 5, NonImmediateOops: No
[1,249s][debug][gc,nmethod  ] Register NMethod: sun.util.locale.StringTokenIterator.setStart (0x000078e2df64d388) [0x000078e2df64d480, 0x000078e2df64de40] Compiler: c1, Barriers: 6, Oops: 0, ImmediateOops: 0, NonImmediateOops: No
[1,249s][debug][gc,nmethod  ] Register NMethod: java.util.Locale.forLanguageTag (0x000078e2df64de88) [0x000078e2df64df80, 0x000078e2df64f828] Compiler: c1, Barriers: 17, Oops: 0, ImmediateOops: 5, NonImmediateOops: No
[1,249s][debug][gc,nmethod  ] Register NMethod: sun.util.locale.StringTokenIterator.<init> (0x000078e2df64f888) [0x000078e2df64f980, 0x000078e2df650958] Compiler: c1, Barriers: 10, Oops: 1, ImmediateOops: 2, NonImmediateOops: No
[1,249s][debug][gc,nmethod  ] Register NMethod: sun.util.locale.LanguageTag.parseLanguage (0x000078e2df650988) [0x000078e2df650a80, 0x000078e2df651348] Compiler: c1, Barriers: 2, Oops: 0, ImmediateOops: 2, NonImmediateOops: No
[1,249s][debug][gc,nmethod  ] Register NMethod: sun.util.locale.LanguageTag.parse (0x000078e2df651388) [0x000078e2df651480, 0x000078e2df653808] Compiler: c1, Barriers: 5, Oops: 3, ImmediateOops: 11, NonImmediateOops: No
[1,249s][debug][gc,nmethod  ] Register NMethod: sun.util.locale.LanguageTag.parseScript (0x000078e2df653888) [0x000078e2df653980, 0x000078e2df654210] Compiler: c1, Barriers: 2, Oops: 0, ImmediateOops: 2, NonImmediateOops: No
[1,250s][debug][gc,nmethod  ] Register NMethod: java.lang.ref.ReferenceQueue.poll (0x000078e2fec31988) [0x000078e2fec31a80, 0x000078e2fec31b68] Compiler: jvmci, Barriers: 1, Oops: 0, ImmediateOops: 0, NonImmediateOops: No
[1,250s][debug][gc,nmethod  ] Register NMethod: sun.util.locale.LanguageTag.parseRegion (0x000078e2df654288) [0x000078e2df654380, 0x000078e2df654690] Compiler: c1, Barriers: 1, Oops: 0, ImmediateOops: 2, NonImmediateOops: No
[1,250s][debug][gc,nmethod  ] Register NMethod: sun.util.locale.LanguageTag.isLanguage (0x000078e2df654708) [0x000078e2df654800, 0x000078e2df655d18] Compiler: c1, Barriers: 3, Oops: 1, ImmediateOops: 2, NonImmediateOops: No
[1,250s][debug][gc,nmethod  ] Register NMethod: sun.util.locale.LanguageTag.parseExtlangs (0x000078e2df655d88) [0x000078e2df655e80, 0x000078e2df656de8] Compiler: c1, Barriers: 2, Oops: 0, ImmediateOops: 2, NonImmediateOops: No
[1,250s][debug][gc,nmethod  ] Register NMethod: sun.util.locale.LocaleUtils.toUpperString (0x000078e2df656e08) [0x000078e2df656f00, 0x000078e2df658aa0] Compiler: c1, Barriers: 5, Oops: 1, ImmediateOops: 4, NonImmediateOops: No
[1,250s][debug][gc,nmethod  ] Register NMethod: sun.util.locale.LanguageTag.parseVariants (0x000078e2df658b08) [0x000078e2df658c00, 0x000078e2df659358] Compiler: c1, Barriers: 1, Oops: 0, ImmediateOops: 2, NonImmediateOops: No
[1,250s][debug][gc,nmethod  ] Register NMethod: sun.util.locale.LanguageTag.<init> (0x000078e2df659388) [0x000078e2df659480, 0x000078e2df659980] Compiler: c1, Barriers: 21, Oops: 0, ImmediateOops: 0, NonImmediateOops: No
[1,250s][debug][gc,nmethod  ] Register NMethod: sun.util.locale.InternalLocaleBuilder.clear (0x000078e2df659988) [0x000078e2df659a80, 0x000078e2df659f88] Compiler: c1, Barriers: 12, Oops: 0, ImmediateOops: 5, NonImmediateOops: No
[1,250s][debug][gc,nmethod  ] Register NMethod: sun.util.locale.LocaleUtils.toTitleString (0x000078e2df65a008) [0x000078e2df65a100, 0x000078e2df65c7d8] Compiler: c1, Barriers: 5, Oops: 1, ImmediateOops: 6, NonImmediateOops: No
[1,250s][debug][gc,nmethod  ] Register NMethod: java.util.Objects.requireNonNull (0x000078e2fec31c88) [0x000078e2fec31d80, 0x000078e2fec31e18] Compiler: jvmci, Barriers: 0, Oops: 0, ImmediateOops: 0, NonImmediateOops: No
[1,251s][debug][gc,nmethod  ] Register NMethod: sun.util.locale.LocaleUtils.isEmpty (0x000078e2df65c808) [0x000078e2df65c900, 0x000078e2df65cc60] Compiler: c1, Barriers: 0, Oops: 0, ImmediateOops: 0, NonImmediateOops: No
[1,251s][debug][gc,nmethod  ] Register NMethod: sun.util.locale.InternalLocaleBuilder.setLanguageTag (0x000078e2df65cc88) [0x000078e2df65cd80, 0x000078e2df660840] Compiler: c1, Barriers: 35, Oops: 1, ImmediateOops: 8, NonImmediateOops: No
[1,251s][debug][gc,nmethod  ] Register NMethod: sun.util.locale.LanguageTag.parsePrivateuse (0x000078e2df660888) [0x000078e2df660980, 0x000078e2df662860] Compiler: c1, Barriers: 4, Oops: 2, ImmediateOops: 6, NonImmediateOops: No
[1,251s][debug][gc,nmethod  ] Register NMethod: sun.util.locale.LanguageTag.parseExtensions (0x000078e2df662888) [0x000078e2df662980, 0x000078e2df665198] Compiler: c1, Barriers: 4, Oops: 3, ImmediateOops: 7, NonImmediateOops: No
[1,251s][debug][gc,nmethod  ] Register NMethod: sun.util.locale.LocaleUtils.isEmpty (0x000078e2df665208) [0x000078e2df665300, 0x000078e2df665660] Compiler: c1, Barriers: 0, Oops: 0, ImmediateOops: 0, NonImmediateOops: No
[1,251s][debug][gc,nmethod  ] Register NMethod: sun.util.locale.provider.LocaleProviderAdapter$$Lambda/0x00000000920b6ec8.apply (0x000078e2df665688) [0x000078e2df665780, 0x000078e2df665ac0] Compiler: c1, Barriers: 0, Oops: 0, ImmediateOops: 0, NonImmediateOops: No
[1,251s][debug][gc,nmethod  ] Register NMethod: sun.util.locale.InternalLocaleBuilder.getLocaleExtensions (0x000078e2df665b08) [0x000078e2df665c00, 0x000078e2df6668a8] Compiler: c1, Barriers: 6, Oops: 0, ImmediateOops: 0, NonImmediateOops: No
[1,251s][debug][gc,nmethod  ] Register NMethod: sun.util.locale.BaseLocale.convertOldISOCodes (0x000078e2df666908) [0x000078e2df666a00, 0x000078e2df667c80] Compiler: c1, Barriers: 0, Oops: 0, ImmediateOops: 9, NonImmediateOops: No
[1,251s][debug][gc,nmethod  ] Register NMethod: sun.util.locale.InternalLocaleBuilder.setExtensions (0x000078e2df667c88) [0x000078e2df667da0, 0x000078e2df66d960] Compiler: c1, Barriers: 20, Oops: 1, ImmediateOops: 5, NonImmediateOops: No
[1,251s][debug][gc,nmethod  ] Register NMethod: java.util.stream.DistinctOps$1$2.accept (0x000078e2df66d988) [0x000078e2df66da80, 0x000078e2df66e040] Compiler: c1, Barriers: 2, Oops: 0, ImmediateOops: 0, NonImmediateOops: No
[1,251s][debug][gc,nmethod  ] Register NMethod: sun.util.locale.provider.LocaleProviderAdapter.lambda$toLocaleArray$0 (0x000078e2df66e088) [0x000078e2df66e180, 0x000078e2df66ee98] Compiler: c1, Barriers: 3, Oops: 0, ImmediateOops: 3, NonImmediateOops: No
[1,252s][debug][gc,nmethod  ] Register NMethod: java.util.Locale$LocaleCache.apply (0x000078e2df66ef08) [0x000078e2df66f000, 0x000078e2df66f2f8] Compiler: c1, Barriers: 0, Oops: 0, ImmediateOops: 0, NonImmediateOops: No
[1,252s][debug][gc,nmethod  ] Register NMethod: sun.util.locale.InternalLocaleBuilder.getBaseLocale (0x000078e2df66f308) [0x000078e2df66f400, 0x000078e2df671c10] Compiler: c1, Barriers: 7, Oops: 2, ImmediateOops: 7, NonImmediateOops: No
[1,252s][debug][gc,nmethod  ] Register NMethod: java.util.Map.computeIfAbsent (0x000078e2df671c88) [0x000078e2df671d80, 0x000078e2df672688] Compiler: c1, Barriers: 0, Oops: 0, ImmediateOops: 0, NonImmediateOops: No
[1,252s][debug][gc,nmethod  ] Register NMethod: java.util.Locale$LocaleCache.apply (0x000078e2df672708) [0x000078e2df672800, 0x000078e2df6733f0] Compiler: c1, Barriers: 11, Oops: 0, ImmediateOops: 0, NonImmediateOops: No
[1,252s][debug][gc,nmethod  ] Register NMethod: java.lang.String.<init> (0x000078e2df673408) [0x000078e2df673500, 0x000078e2df673650] Compiler: c1, Barriers: 0, Oops: 0, ImmediateOops: 0, NonImmediateOops: No
[1,252s][debug][gc,nmethod  ] Register NMethod: sun.util.locale.LanguageTag.isExtlang (0x000078e2df673708) [0x000078e2df673800, 0x000078e2df674cf0] Compiler: c1, Barriers: 3, Oops: 1, ImmediateOops: 2, NonImmediateOops: No
[1,252s][debug][gc,nmethod  ] Register NMethod: jdk.internal.util.ReferencedKeyMap.put (0x000078e2df674d08) [0x000078e2df674e00, 0x000078e2df6766e8] Compiler: c1, Barriers: 5, Oops: 2, ImmediateOops: 3, NonImmediateOops: No
[1,252s][debug][gc,nmethod  ] Register NMethod: sun.util.locale.LanguageTag.isScript (0x000078e2df676708) [0x000078e2df676800, 0x000078e2df677cf0] Compiler: c1, Barriers: 3, Oops: 1, ImmediateOops: 2, NonImmediateOops: No
[1,253s][debug][gc,nmethod  ] Register NMethod: sun.util.locale.LanguageTag.isRegion (0x000078e2df677d08) [0x000078e2df677e00, 0x000078e2df67a658] Compiler: c1, Barriers: 6, Oops: 1, ImmediateOops: 4, NonImmediateOops: No
[1,253s][debug][gc,director ] Rule Major: Warmup 10%, Used: 60MB, UsedThreshold: 1228MB
[1,254s][debug][gc,nmethod  ] Register NMethod: java.util.Locale.hasExtensions (0x000078e2df67a688) [0x000078e2df67a780, 0x000078e2df67a900] Compiler: c1, Barriers: 1, Oops: 0, ImmediateOops: 0, NonImmediateOops: No
[1,254s][debug][gc,nmethod  ] Register NMethod: java.util.Locale.stripExtensions (0x000078e2df67a988) [0x000078e2df67aa80, 0x000078e2df67aef8] Compiler: c1, Barriers: 2, Oops: 0, ImmediateOops: 0, NonImmediateOops: No
[1,255s][debug][gc,nmethod  ] Register NMethod: sun.util.locale.BaseLocale.equals (0x000078e2df67af08) [0x000078e2df67b000, 0x000078e2df67bad8] Compiler: c1, Barriers: 8, Oops: 0, ImmediateOops: 0, NonImmediateOops: No
[1,255s][debug][gc,nmethod  ] Register NMethod: java.util.Locale.equals (0x000078e2df67bb08) [0x000078e2df67bc00, 0x000078e2df67ca08] Compiler: c1, Barriers: 5, Oops: 0, ImmediateOops: 0, NonImmediateOops: No
[1,255s][debug][gc,nmethod  ] Register NMethod: sun.util.locale.LocaleUtils.caseIgnoreMatch (0x000078e2df67ca88) [0x000078e2df67cb80, 0x000078e2df67eb68] Compiler: c1, Barriers: 6, Oops: 1, ImmediateOops: 4, NonImmediateOops: No
[1,256s][debug][gc,nmethod  ] Register NMethod: java.lang.String.substring (0x000078e2fec31f88) [0x000078e2fec32080, 0x000078e2fec32548] Compiler: jvmci, Barriers: 3, Oops: 0, ImmediateOops: 1, NonImmediateOops: No
[1,256s][debug][gc,nmethod  ] Register NMethod: java.lang.invoke.MethodHandles$Lookup.checkAccess (0x000078e2df67eb88) [0x000078e2df67ec80, 0x000078e2df680798] Compiler: c1, Barriers: 5, Oops: 0, ImmediateOops: 1, NonImmediateOops: No
[1,259s][debug][gc,nmethod  ] Register NMethod: java.lang.StringUTF16.getChar (0x000078e2df680808) [0x000078e2df680900, 0x000078e2df680a60] Compiler: c1, Barriers: 0, Oops: 0, ImmediateOops: 0, NonImmediateOops: No
[1,260s][debug][gc,nmethod  ] Register NMethod: java.util.concurrent.ConcurrentHashMap.putVal (0x000078e2fec32588) [0x000078e2fec32680, 0x000078e2fec33798] Compiler: jvmci, Barriers: 28, Oops: 0, ImmediateOops: 0, NonImmediateOops: No
[1,260s][debug][gc,nmethod  ] Register NMethod: java.lang.CharacterData.of (0x000078e2df4e7888) [0x000078e2df4e7980, 0x000078e2df4e80c0] Compiler: c1, Barriers: 7, Oops: 0, ImmediateOops: 3, NonImmediateOops: No
[1,260s][debug][gc,nmethod  ] Register NMethod: java.lang.CharacterData.of (0x000078e2df4e7888) [0x000078e2df4e7980, 0x000078e2df4e80c0] Compiler: c1, Barriers: 7, Oops: 0, ImmediateOops: 3, NonImmediateOops: No
[1,260s][debug][gc,nmethod  ] Register NMethod: sun.util.locale.BaseLocale.hashCode (0x000078e2fec33808) [0x000078e2fec33900, 0x000078e2fec33f58] Compiler: jvmci, Barriers: 8, Oops: 0, ImmediateOops: 0, NonImmediateOops: No
[1,261s][debug][gc,nmethod  ] Register NMethod: java.lang.String.isLatin1 (0x000078e2df680b08) [0x000078e2df680c00, 0x000078e2df680d60] Compiler: c1, Barriers: 0, Oops: 0, ImmediateOops: 0, NonImmediateOops: No
[1,261s][debug][gc,nmethod  ] Register NMethod: java.lang.StringUTF16.getChar (0x000078e2fec33f88) [0x000078e2fec34080, 0x000078e2fec34168] Compiler: jvmci, Barriers: 0, Oops: 0, ImmediateOops: 0, NonImmediateOops: No
[1,261s][debug][gc,nmethod  ] Register NMethod: sun.util.locale.LocaleUtils.toLower (0x000078e2fec34288) [0x000078e2fec34380, 0x000078e2fec343f8] Compiler: jvmci, Barriers: 0, Oops: 0, ImmediateOops: 0, NonImmediateOops: No
[1,262s][debug][gc,nmethod  ] Register NMethod: java.util.ImmutableCollections$SetN.isEmpty (0x000078e2fec34588) [0x000078e2fec34680, 0x000078e2fec34710] Compiler: jvmci, Barriers: 0, Oops: 0, ImmediateOops: 0, NonImmediateOops: No
[1,262s][debug][gc,nmethod  ] Register NMethod: java.lang.invoke.MethodHandle.linkToVirtual (0x000078e2fec34888) [0x000078e2fec34980, 0x000078e2fec349a8] Compiler: , Barriers: 0, Oops: 0, ImmediateOops: 0, NonImmediateOops: No
[1,262s][debug][gc,nmethod  ] Register NMethod: jdk.internal.classfile.impl.AbstractPoolEntry$NameAndTypeEntryImpl.<init> (0x000078e2df680e08) [0x000078e2df680f00, 0x000078e2df681050] Compiler: c1, Barriers: 0, Oops: 0, ImmediateOops: 0, NonImmediateOops: No
[1,262s][debug][gc,nmethod  ] Register NMethod: java.util.zip.ZipFile.ensureOpen (0x000078e2fec34b88) [0x000078e2fec34c80, 0x000078e2fec34de0] Compiler: jvmci, Barriers: 2, Oops: 0, ImmediateOops: 0, NonImmediateOops: No
[1,262s][debug][gc,nmethod  ] Register NMethod: java.lang.invoke.LambdaForm.parameterType (0x000078e2df681108) [0x000078e2df681200, 0x000078e2df681380] Compiler: c1, Barriers: 1, Oops: 0, ImmediateOops: 0, NonImmediateOops: No
[1,263s][debug][gc,nmethod  ] Register NMethod: java.lang.String.charAt (0x000078e2df681408) [0x000078e2df681500, 0x000078e2df681c38] Compiler: c1, Barriers: 2, Oops: 1, ImmediateOops: 2, NonImmediateOops: No
[1,263s][debug][gc,nmethod  ] Register NMethod: java.lang.classfile.constantpool.ConstantPoolBuilder.nameAndTypeEntry (0x000078e2df681c88) [0x000078e2df681d80, 0x000078e2df6824a0] Compiler: c1, Barriers: 0, Oops: 0, ImmediateOops: 0, NonImmediateOops: No
[1,263s][debug][gc,nmethod  ] Register NMethod: jdk.internal.classfile.impl.SplitConstantPool.methodRefEntry (0x000078e2df682508) [0x000078e2df682600, 0x000078e2df684f58] Compiler: c1, Barriers: 6, Oops: 0, ImmediateOops: 0, NonImmediateOops: No
[1,263s][debug][gc,director ] Rule Major: Warmup 10%, Used: 62MB, UsedThreshold: 1228MB
[1,263s][debug][gc,nmethod  ] Register NMethod: java.util.ArrayList.grow (0x000078e2df684f88) [0x000078e2df685080, 0x000078e2df6858d0] Compiler: c1, Barriers: 9, Oops: 0, ImmediateOops: 1, NonImmediateOops: No
[1,264s][debug][gc,nmethod  ] Register NMethod: java.lang.invoke.InvokerBytecodeGenerator.emitImplicitConversion (0x000078e2df685908) [0x000078e2df685a00, 0x000078e2df687e30] Compiler: c1, Barriers: 3, Oops: 2, ImmediateOops: 10, NonImmediateOops: No
[1,264s][debug][gc,nmethod  ] Register NMethod: worker.org.gradle.internal.classloader.FilteringClassLoader.classAllowed (0x000078e2df687e88) [0x000078e2df687f80, 0x000078e2df689188] Compiler: c1, Barriers: 8, Oops: 3, ImmediateOops: 2, NonImmediateOops: No
[1,265s][debug][gc,nmethod  ] Register NMethod: jdk.internal.jimage.ImageHeader.getTableLength (0x000078e2fec34e88) [0x000078e2fec34f80, 0x000078e2fec35040] Compiler: c1, Barriers: 0, Oops: 0, ImmediateOops: 0, NonImmediateOops: No
[1,265s][debug][gc,nmethod  ] Register NMethod: java.nio.DirectIntBufferU.ix (0x000078e2df689208) [0x000078e2df689300, 0x000078e2df689410] Compiler: c1, Barriers: 0, Oops: 0, ImmediateOops: 0, NonImmediateOops: No
[1,265s][debug][gc,nmethod  ] Register NMethod: java.util.concurrent.ConcurrentHashMap$BaseIterator.hasNext (0x000078e2df689508) [0x000078e2df689600, 0x000078e2df689780] Compiler: c1, Barriers: 1, Oops: 0, ImmediateOops: 0, NonImmediateOops: No
[1,265s][debug][gc,nmethod  ] Register NMethod: jdk.internal.misc.ScopedMemoryAccess.getIntInternal (0x000078e2df689808) [0x000078e2df689900, 0x000078e2df689b50] Compiler: c1, Barriers: 0, Oops: 0, ImmediateOops: 0, NonImmediateOops: No
[1,265s][debug][gc,nmethod  ] Register NMethod: jdk.internal.misc.ScopedMemoryAccess.getInt (0x000078e2df689b88) [0x000078e2df689c80, 0x000078e2df689f90] Compiler: c1, Barriers: 0, Oops: 0, ImmediateOops: 0, NonImmediateOops: No
[1,265s][debug][gc,nmethod  ] Register NMethod: java.lang.AbstractStringBuilder.needsNewBuffer (0x000078e2df68a008) [0x000078e2df68a100, 0x000078e2df68a2a0] Compiler: c1, Barriers: 0, Oops: 0, ImmediateOops: 0, NonImmediateOops: No
[1,265s][debug][gc,nmethod  ] Register NMethod: java.nio.DirectIntBufferU.get (0x000078e2df68a308) [0x000078e2df68a400, 0x000078e2df68b1f0] Compiler: c1, Barriers: 1, Oops: 2, ImmediateOops: 2, NonImmediateOops: No
[1,265s][debug][gc,nmethod  ] Register NMethod: java.util.concurrent.ConcurrentHashMap$Traverser.advance (0x000078e2df68b208) [0x000078e2df68b300, 0x000078e2df68c3f8] Compiler: c1, Barriers: 15, Oops: 0, ImmediateOops: 0, NonImmediateOops: No
[1,265s][debug][gc,nmethod  ] Register NMethod: jdk.internal.loader.URLClassPath$JarLoader.findResource (0x000078e2df68c408) [0x000078e2df68c500, 0x000078e2df68c708] Compiler: c1, Barriers: 1, Oops: 0, ImmediateOops: 0, NonImmediateOops: No
[1,267s][debug][gc,nmethod  ] Register NMethod: java.util.concurrent.ConcurrentHashMap$ValueIterator.next (0x000078e2df68c788) [0x000078e2df68c880, 0x000078e2df68cd60] Compiler: c1, Barriers: 5, Oops: 0, ImmediateOops: 0, NonImmediateOops: No
[1,268s][debug][gc,nmethod  ] Register NMethod: java.util.concurrent.ConcurrentHashMap.get (0x000078e2fec35188) [0x000078e2fec35280, 0x000078e2fec35db8] Compiler: jvmci, Barriers: 15, Oops: 0, ImmediateOops: 0, NonImmediateOops: No
[1,270s][debug][gc,nmethod  ] Register NMethod: java.lang.ClassLoader.definePackage (0x000078e2df68cd88) [0x000078e2df68ce80, 0x000078e2df68f2d8] Compiler: c1, Barriers: 10, Oops: 2, ImmediateOops: 5, NonImmediateOops: No
[1,271s][debug][gc,nmethod  ] Register NMethod: jdk.internal.reflect.Reflection.getCallerClass (0x000078e2fec35e08) [0x000078e2fec35f00, 0x000078e2fec36228] Compiler: , Barriers: 0, Oops: 0, ImmediateOops: 1, NonImmediateOops: No
[1,271s][debug][gc,nmethod  ] Register NMethod: java.lang.invoke.MethodHandles$Lookup.isClassAccessible (0x000078e2df68f308) [0x000078e2df68f400, 0x000078e2df68fd28] Compiler: c1, Barriers: 3, Oops: 0, ImmediateOops: 0, NonImmediateOops: No
[1,272s][debug][gc,nmethod  ] Register NMethod: java.lang.invoke.MemberName.ensureTypeVisible (0x000078e2df68fd88) [0x000078e2df68fe80, 0x000078e2df694720] Compiler: c1, Barriers: 10, Oops: 3, ImmediateOops: 10, NonImmediateOops: No
[1,273s][debug][gc,director ] Rule Major: Warmup 10%, Used: 62MB, UsedThreshold: 1228MB
[1,273s][debug][gc,nmethod  ] Register NMethod: java.util.concurrent.ConcurrentHashMap.addCount (0x000078e2fec36288) [0x000078e2fec36380, 0x000078e2fec37860] Compiler: jvmci, Barriers: 56, Oops: 0, ImmediateOops: 0, NonImmediateOops: No
[1,274s][debug][gc,nmethod  ] Register NMethod: java.lang.invoke.MethodHandle.linkToStatic (0x000078e2fec37888) [0x000078e2fec37980, 0x000078e2fec37a70] Compiler: , Barriers: 0, Oops: 0, ImmediateOops: 0, NonImmediateOops: No
[1,275s][debug][gc,nmethod  ] Register NMethod: java.util.zip.ZipCoder.hash (0x000078e2fec37b88) [0x000078e2fec37c80, 0x000078e2fec37ee8] Compiler: jvmci, Barriers: 1, Oops: 0, ImmediateOops: 0, NonImmediateOops: No
[1,275s][debug][gc,nmethod  ] Register NMethod: java.lang.invoke.MethodType.changeReturnType (0x000078e2df694788) [0x000078e2df694880, 0x000078e2df694c50] Compiler: c1, Barriers: 2, Oops: 0, ImmediateOops: 0, NonImmediateOops: No
[1,275s][debug][gc,nmethod  ] Register NMethod: jdk.internal.loader.URLClassPath$JarLoader.ensureOpen (0x000078e2fec37f08) [0x000078e2fec38000, 0x000078e2fec381b8] Compiler: jvmci, Barriers: 5, Oops: 0, ImmediateOops: 0, NonImmediateOops: No
[1,275s][debug][gc,nmethod  ] Register NMethod: java.util.zip.CRC32.<init> (0x000078e2df694c88) [0x000078e2df694d80, 0x000078e2df694ed8] Compiler: c1, Barriers: 0, Oops: 0, ImmediateOops: 0, NonImmediateOops: No
[1,276s][debug][gc,nmethod  ] Register NMethod: jdk.internal.loader.URLClassPath$JarLoader$1.getBytes (0x000078e2df694f88) [0x000078e2df695080, 0x000078e2df695cc0] Compiler: c1, Barriers: 4, Oops: 0, ImmediateOops: 1, NonImmediateOops: No
[1,276s][debug][gc,nmethod  ] Register NMethod: java.lang.String.valueOf (0x000078e2df695d08) [0x000078e2df695e00, 0x000078e2df696138] Compiler: c1, Barriers: 0, Oops: 0, ImmediateOops: 1, NonImmediateOops: No
[1,276s][debug][gc,nmethod  ] Register NMethod: java.lang.classfile.TypeKind.slotSize (0x000078e2fec38208) [0x000078e2fec38300, 0x000078e2fec383c0] Compiler: c1, Barriers: 0, Oops: 0, ImmediateOops: 0, NonImmediateOops: No
[1,276s][debug][gc,nmethod  ] Register NMethod: jdk.internal.classfile.impl.DirectCodeBuilder.setLabelTarget (0x000078e2df696188) [0x000078e2df696280, 0x000078e2df696cb8] Compiler: c1, Barriers: 1, Oops: 0, ImmediateOops: 1, NonImmediateOops: No
[1,276s][debug][gc,nmethod  ] Register NMethod: jdk.internal.classfile.impl.StackMapDecoder$StackMapFrameImpl.locals (0x000078e2fec38508) [0x000078e2fec38600, 0x000078e2fec386e8] Compiler: c1, Barriers: 1, Oops: 0, ImmediateOops: 0, NonImmediateOops: No
[1,276s][debug][gc,nmethod  ] Register NMethod: jdk.internal.classfile.impl.StackMapDecoder$StackMapFrameImpl.target (0x000078e2fec38808) [0x000078e2fec38900, 0x000078e2fec389e8] Compiler: c1, Barriers: 1, Oops: 0, ImmediateOops: 0, NonImmediateOops: No
[1,277s][debug][gc,nmethod  ] Register NMethod: jdk.internal.classfile.impl.AbstractPseudoInstruction$ExceptionCatchImpl.catchTypeEntry (0x000078e2fec38b08) [0x000078e2fec38c00, 0x000078e2fec38ce8] Compiler: c1, Barriers: 1, Oops: 0, ImmediateOops: 0, NonImmediateOops: No
[1,278s][debug][gc,nmethod  ] Register NMethod: java.util.jar.JarFile.checkForSpecialAttributes (0x000078e2fec38e08) [0x000078e2fec38f00, 0x000078e2fec39858] Compiler: jvmci, Barriers: 7, Oops: 2, ImmediateOops: 8, NonImmediateOops: No
[1,278s][debug][gc,nmethod  ] Register NMethod: jdk.internal.loader.AbstractClassLoaderValue$Sub.parent (0x000078e2fec39888) [0x000078e2fec39980, 0x000078e2fec39a68] Compiler: c1, Barriers: 1, Oops: 0, ImmediateOops: 0, NonImmediateOops: No
[1,278s][debug][gc,nmethod  ] Register NMethod: java.lang.ClassLoader.compareCerts (0x000078e2df696d08) [0x000078e2df696e00, 0x000078e2df697940] Compiler: c1, Barriers: 4, Oops: 0, ImmediateOops: 0, NonImmediateOops: No
[1,278s][debug][gc,nmethod  ] Register NMethod: java.lang.invoke.DirectMethodHandle.internalMemberName (0x000078e2df697988) [0x000078e2df697a80, 0x000078e2df697da0] Compiler: c1, Barriers: 1, Oops: 0, ImmediateOops: 0, NonImmediateOops: No
[1,279s][debug][gc,nmethod  ] Register NMethod: java.lang.reflect.Method.getRoot (0x000078e2fec39b88) [0x000078e2fec39c80, 0x000078e2fec39d68] Compiler: c1, Barriers: 1, Oops: 0, ImmediateOops: 0, NonImmediateOops: No
[1,279s][debug][gc,nmethod  ] Register NMethod: java.lang.invoke.MemberName.getInvocationType (0x000078e2df697e08) [0x000078e2df697f00, 0x000078e2df699500] Compiler: c1, Barriers: 7, Oops: 0, ImmediateOops: 0, NonImmediateOops: No
[1,280s][debug][gc,nmethod  ] Register NMethod: java.lang.invoke.MethodHandle.linkToSpecial (0x000078e2fec39e88) [0x000078e2fec39f80, 0x000078e2fec3a078] Compiler: , Barriers: 0, Oops: 0, ImmediateOops: 0, NonImmediateOops: No
[1,281s][debug][gc,nmethod  ] Register NMethod: java.lang.invoke.MethodHandle.linkToSpecial (0x000078e2fec3a188) [0x000078e2fec3a280, 0x000078e2fec3a378] Compiler: , Barriers: 0, Oops: 0, ImmediateOops: 0, NonImmediateOops: No
[1,281s][debug][gc,nmethod  ] Register NMethod: java.lang.invoke.LambdaForm$BasicType.basicTypeSlots (0x000078e2df699508) [0x000078e2df699600, 0x000078e2df699958] Compiler: c1, Barriers: 1, Oops: 0, ImmediateOops: 0, NonImmediateOops: No
[1,281s][debug][gc,nmethod  ] Register NMethod: sun.invoke.util.Wrapper.stackSlots (0x000078e2df699988) [0x000078e2df699a80, 0x000078e2df699b88] Compiler: c1, Barriers: 0, Oops: 0, ImmediateOops: 0, NonImmediateOops: No
[1,281s][debug][gc,nmethod  ] Register NMethod: java.net.URLClassLoader.isSealed (0x000078e2df699c88) [0x000078e2df699d80, 0x000078e2df69d830] Compiler: c1, Barriers: 10, Oops: 3, ImmediateOops: 15, NonImmediateOops: No
[1,281s][debug][gc,nmethod  ] Register NMethod: jdk.internal.classfile.impl.BufWriterImpl.writeU1U1 (0x000078e2df69d888) [0x000078e2df69d980, 0x000078e2df69ddf0] Compiler: c1, Barriers: 2, Oops: 0, ImmediateOops: 0, NonImmediateOops: No
[1,282s][debug][gc,nmethod  ] Register NMethod: java.lang.invoke.MethodHandle.linkToStatic (0x000078e2fec3a488) [0x000078e2fec3a580, 0x000078e2fec3a678] Compiler: , Barriers: 0, Oops: 0, ImmediateOops: 0, NonImmediateOops: No
[1,282s][debug][gc,nmethod  ] Register NMethod: java.lang.invoke.InvokerBytecodeGenerator.emitPushArgument (0x000078e2df69de08) [0x000078e2df69df00, 0x000078e2df6a0ac8] Compiler: c1, Barriers: 6, Oops: 1, ImmediateOops: 5, NonImmediateOops: No
[1,282s][debug][gc,nmethod  ] Register NMethod: jdk.internal.constant.MethodTypeDescImpl.parameterCount (0x000078e2fec3a788) [0x000078e2fec3a880, 0x000078e2fec3a960] Compiler: jvmci, Barriers: 1, Oops: 0, ImmediateOops: 0, NonImmediateOops: No
[1,282s][debug][gc,nmethod  ] Register NMethod: java.lang.invoke.MethodHandle.invokeBasic (0x000078e2fec3aa88) [0x000078e2fec3ab80, 0x000078e2fec3ae18] Compiler: , Barriers: 0, Oops: 0, ImmediateOops: 0, NonImmediateOops: No
[1,282s][debug][gc,nmethod  ] Register NMethod: java.lang.invoke.LambdaForm$Name.isParam (0x000078e2df6a0b08) [0x000078e2df6a0c00, 0x000078e2df6a0d80] Compiler: c1, Barriers: 1, Oops: 0, ImmediateOops: 0, NonImmediateOops: No
[1,282s][debug][gc,nmethod  ] Register NMethod: java.lang.invoke.MethodHandles$Lookup.checkSymbolicClass (0x000078e2df6a0e08) [0x000078e2df6a0f00, 0x000078e2df6a14e8] Compiler: c1, Barriers: 0, Oops: 0, ImmediateOops: 1, NonImmediateOops: No
[1,282s][debug][gc,nmethod  ] Register NMethod: java.lang.classfile.constantpool.ConstantPoolBuilder.methodRefEntry (0x000078e2df6a1508) [0x000078e2df6a1600, 0x000078e2df6a1d30] Compiler: c1, Barriers: 0, Oops: 0, ImmediateOops: 0, NonImmediateOops: No
[1,282s][debug][gc,nmethod  ] Register NMethod: jdk.internal.classfile.impl.StackMapGenerator$Frame.getLocalRawInternal (0x000078e2df6a1d88) [0x000078e2df6a1e80, 0x000078e2df6a2218] Compiler: c1, Barriers: 2, Oops: 0, ImmediateOops: 0, NonImmediateOops: No
[1,282s][debug][gc,nmethod  ] Register NMethod: java.lang.classfile.constantpool.MemberRefEntry.type (0x000078e2df6a2288) [0x000078e2df6a2380, 0x000078e2df6a2de0] Compiler: c1, Barriers: 2, Oops: 0, ImmediateOops: 0, NonImmediateOops: No
[1,282s][debug][gc,nmethod  ] Register NMethod: java.lang.invoke.DirectMethodHandle.<init> (0x000078e2df6a2e08) [0x000078e2df6a2f00, 0x000078e2df6a5390] Compiler: c1, Barriers: 9, Oops: 2, ImmediateOops: 2, NonImmediateOops: No
[1,283s][debug][gc,nmethod  ] Register NMethod: jdk.internal.constant.MethodTypeDescImpl.buildDescriptorString (0x000078e2df6a5408) [0x000078e2df6a5500, 0x000078e2df6ac1a0] Compiler: c1, Barriers: 18, Oops: 3, ImmediateOops: 27, NonImmediateOops: No
[1,283s][debug][gc,nmethod  ] Register NMethod: java.lang.invoke.LambdaForm.useCount (0x000078e2df6ac208) [0x000078e2df6ac300, 0x000078e2df6ac7a8] Compiler: c1, Barriers: 4, Oops: 0, ImmediateOops: 0, NonImmediateOops: No
[1,283s][debug][gc,nmethod  ] Register NMethod: java.lang.invoke.LambdaForm$Name.<init> (0x000078e2df6ac808) [0x000078e2df6ac900, 0x000078e2df6ad8c8] Compiler: c1, Barriers: 8, Oops: 0, ImmediateOops: 1, NonImmediateOops: No
[1,283s][debug][gc,nmethod  ] Register NMethod: jdk.internal.classfile.impl.SplitConstantPool.entryByIndex (0x000078e2fec3ae88) [0x000078e2fec3af80, 0x000078e2fec3b140] Compiler: jvmci, Barriers: 2, Oops: 0, ImmediateOops: 0, NonImmediateOops: No
[1,283s][debug][gc,director ] Rule Major: Warmup 10%, Used: 64MB, UsedThreshold: 1228MB
[1,286s][debug][gc,nmethod  ] Register NMethod: jdk.internal.classfile.impl.BufWriterImpl.reserveSpace (0x000078e2fec3b188) [0x000078e2fec3b280, 0x000078e2fec3b638] Compiler: jvmci, Barriers: 4, Oops: 0, ImmediateOops: 0, NonImmediateOops: No
[1,286s][debug][gc,nmethod  ] Register NMethod: java.util.List.copyOf (0x000078e2df6ad908) [0x000078e2df6ada00, 0x000078e2df6adb10] Compiler: c1, Barriers: 0, Oops: 0, ImmediateOops: 0, NonImmediateOops: No
[1,286s][debug][gc,nmethod  ] Register NMethod: java.util.ImmutableCollections.listCopy (0x000078e2df6adc08) [0x000078e2df6add00, 0x000078e2df6aebb8] Compiler: c1, Barriers: 0, Oops: 0, ImmediateOops: 1, NonImmediateOops: No
[1,286s][debug][gc,nmethod  ] Register NMethod: jdk.internal.classfile.impl.AbstractPoolEntry$Utf8EntryImpl.clone (0x000078e2df6aec08) [0x000078e2df6aed00, 0x000078e2df6aeff8] Compiler: c1, Barriers: 0, Oops: 0, ImmediateOops: 0, NonImmediateOops: No
[1,286s][debug][gc,nmethod  ] Register NMethod: jdk.internal.classfile.impl.AbstractPoolEntry$Utf8EntryImpl.clone (0x000078e2df6af008) [0x000078e2df6af100, 0x000078e2df6afc68] Compiler: c1, Barriers: 8, Oops: 0, ImmediateOops: 1, NonImmediateOops: No
[1,287s][debug][gc,nmethod  ] Register NMethod: java.lang.StringLatin1.getChar (0x000078e2df6afc88) [0x000078e2df6afd80, 0x000078e2df6afe90] Compiler: c1, Barriers: 0, Oops: 0, ImmediateOops: 0, NonImmediateOops: No
[1,289s][debug][gc,nmethod  ] Register NMethod: java.lang.reflect.Executable.<init> (0x000078e2df6aff88) [0x000078e2df6b0080, 0x000078e2df6b0238] Compiler: c1, Barriers: 0, Oops: 0, ImmediateOops: 0, NonImmediateOops: No
[1,289s][debug][gc,nmethod  ] Register NMethod: java.util.ImmutableCollections$List12.<init> (0x000078e2df6b0288) [0x000078e2df6b0380, 0x000078e2df6b0830] Compiler: c1, Barriers: 6, Oops: 0, ImmediateOops: 1, NonImmediateOops: No
[1,289s][debug][gc,nmethod  ] Register NMethod: java.lang.classfile.Opcode.sizeIfFixed (0x000078e2fec3b688) [0x000078e2fec3b780, 0x000078e2fec3b840] Compiler: c1, Barriers: 0, Oops: 0, ImmediateOops: 0, NonImmediateOops: No
[1,289s][debug][gc,nmethod  ] Register NMethod: jdk.internal.classfile.impl.SplitConstantPool.utf8Entry (0x000078e2df6b0888) [0x000078e2df6b0980, 0x000078e2df6b1180] Compiler: c1, Barriers: 4, Oops: 0, ImmediateOops: 0, NonImmediateOops: No
[1,290s][debug][gc,nmethod  ] Register NMethod: jdk.internal.classfile.impl.Util.isDoubleSlot (0x000078e2df6b1188) [0x000078e2df6b1280, 0x000078e2df6b13f0] Compiler: c1, Barriers: 0, Oops: 0, ImmediateOops: 2, NonImmediateOops: No
[1,290s][debug][gc,nmethod  ] Register NMethod: java.util.BitSet.get (0x000078e2df6b1488) [0x000078e2df6b1580, 0x000078e2df6b2428] Compiler: c1, Barriers: 1, Oops: 1, ImmediateOops: 2, NonImmediateOops: No
[1,290s][debug][gc,nmethod  ] Register NMethod: java.lang.PublicMethods$Key.matches (0x000078e2df6b2488) [0x000078e2df6b2580, 0x000078e2df6b2c70] Compiler: c1, Barriers: 2, Oops: 1, ImmediateOops: 2, NonImmediateOops: No
[1,292s][debug][gc,nmethod  ] Register NMethod: jdk.internal.loader.URLClassPath$JarLoader.getResource (0x000078e2fec3b988) [0x000078e2fec3ba80, 0x000078e2fec3d180] Compiler: jvmci, Barriers: 19, Oops: 2, ImmediateOops: 8, NonImmediateOops: No
[1,293s][debug][gc,nmethod  ] Register NMethod: java.util.zip.ZipFile$Source.getEntryPos (0x000078e2fec3d208) [0x000078e2fec3d300, 0x000078e2fec3da78] Compiler: jvmci, Barriers: 6, Oops: 0, ImmediateOops: 0, NonImmediateOops: No
[1,293s][debug][gc,director ] Rule Major: Warmup 10%, Used: 66MB, UsedThreshold: 1228MB
[1,294s][debug][gc,nmethod  ] Register NMethod: java.util.zip.ZipFile.getEntry (0x000078e2fec3da88) [0x000078e2fec3db80, 0x000078e2fec3e618] Compiler: jvmci, Barriers: 7, Oops: 0, ImmediateOops: 0, NonImmediateOops: No
[1,297s][debug][gc,nmethod  ] Register NMethod: jdk.internal.loader.NativeLibrary.findEntry0 (0x000078e2fec3e688) [0x000078e2fec3e780, 0x000078e2fec3e8f0] Compiler: , Barriers: 0, Oops: 0, ImmediateOops: 1, NonImmediateOops: No
[1,297s][debug][gc,nmethod  ] Register NMethod: java.lang.Class.forName0 (0x000078e2fec3e988) [0x000078e2fec3ea80, 0x000078e2fec3ede0] Compiler: , Barriers: 0, Oops: 0, ImmediateOops: 1, NonImmediateOops: No
[1,298s][debug][gc,nmethod  ] Register NMethod: java.lang.invoke.MethodHandle.linkToInterface (0x000078e2fec3ee08) [0x000078e2fec3ef00, 0x000078e2fec3f030] Compiler: , Barriers: 0, Oops: 0, ImmediateOops: 0, NonImmediateOops: No
[1,298s][debug][gc,nmethod  ] Register NMethod: java.lang.invoke.MethodHandle.invokeBasic (0x000078e2fec3f108) [0x000078e2fec3f200, 0x000078e2fec3f498] Compiler: , Barriers: 0, Oops: 0, ImmediateOops: 0, NonImmediateOops: No
[1,298s][debug][gc,nmethod  ] Register NMethod: jdk.internal.loader.URLClassPath.getLoader (0x000078e2fec3f508) [0x000078e2fec3f600, 0x000078e2fec402f8] Compiler: jvmci, Barriers: 12, Oops: 0, ImmediateOops: 0, NonImmediateOops: No
[1,299s][debug][gc,nmethod  ] Register NMethod: java.lang.invoke.DirectMethodHandle.internalMemberName (0x000078e2fec40308) [0x000078e2fec40400, 0x000078e2fec404e8] Compiler: c1, Barriers: 1, Oops: 0, ImmediateOops: 0, NonImmediateOops: No
[1,299s][debug][gc,nmethod  ] Register NMethod: java.lang.ref.Reference.<init> (0x000078e2df6b2c88) [0x000078e2df6b2d80, 0x000078e2df6b3058] Compiler: c1, Barriers: 6, Oops: 0, ImmediateOops: 1, NonImmediateOops: No
[1,299s][debug][gc,nmethod  ] Register NMethod: jdk.internal.classfile.impl.AnnotationImpl.elements (0x000078e2fec40608) [0x000078e2fec40700, 0x000078e2fec407e8] Compiler: c1, Barriers: 1, Oops: 0, ImmediateOops: 0, NonImmediateOops: No
[1,299s][debug][gc,nmethod  ] Register NMethod: jdk.internal.classfile.impl.AnnotationImpl.className (0x000078e2fec40908) [0x000078e2fec40a00, 0x000078e2fec40ae8] Compiler: c1, Barriers: 1, Oops: 0, ImmediateOops: 0, NonImmediateOops: No
[1,299s][debug][gc,nmethod  ] Register NMethod: jdk.internal.classfile.impl.StackMapGenerator$Type.equals (0x000078e2df6b3088) [0x000078e2df6b3180, 0x000078e2df6b3ad0] Compiler: c1, Barriers: 2, Oops: 0, ImmediateOops: 0, NonImmediateOops: No
[1,299s][debug][gc,nmethod  ] Register NMethod: jdk.internal.classfile.impl.AbstractPoolEntry$Utf8EntryImpl.fieldTypeSymbol (0x000078e2df6b3b08) [0x000078e2df6b3c00, 0x000078e2df6b4bf8] Compiler: c1, Barriers: 5, Oops: 0, ImmediateOops: 0, NonImmediateOops: No
[1,299s][debug][gc,nmethod  ] Register NMethod: java.lang.invoke.MethodHandle.isBuiltinLoader (0x000078e2df6b4c08) [0x000078e2df6b4d00, 0x000078e2df6b4f50] Compiler: c1, Barriers: 0, Oops: 0, ImmediateOops: 2, NonImmediateOops: No
[1,300s][debug][gc,nmethod  ] Register NMethod: java.lang.Character.charCount (0x000078e2df6b4f88) [0x000078e2df6b5080, 0x000078e2df6b51d0] Compiler: c1, Barriers: 0, Oops: 0, ImmediateOops: 0, NonImmediateOops: No
[1,300s][debug][gc,nmethod  ] Register NMethod: jdk.internal.classfile.impl.SplitConstantPool.writeTo (0x000078e2df6b5288) [0x000078e2df6b5380, 0x000078e2df6b7b60] Compiler: c1, Barriers: 10, Oops: 1, ImmediateOops: 2, NonImmediateOops: No
[1,301s][debug][gc,nmethod  ] Register NMethod: java.lang.Character$Subset.<init> (0x000078e2df6b7b88) [0x000078e2df6b7c80, 0x000078e2df6b7f48] Compiler: c1, Barriers: 3, Oops: 0, ImmediateOops: 1, NonImmediateOops: No
[1,302s][debug][gc,nmethod  ] Register NMethod: java.lang.Character$UnicodeBlock.<init> (0x000078e2df6b7f88) [0x000078e2df6b8080, 0x000078e2df6b8630] Compiler: c1, Barriers: 4, Oops: 0, ImmediateOops: 1, NonImmediateOops: No
[1,302s][debug][gc,nmethod  ] Register NMethod: java.lang.invoke.MethodHandle.linkToStatic (0x000078e2fec40c08) [0x000078e2fec40d00, 0x000078e2fec40df0] Compiler: , Barriers: 0, Oops: 0, ImmediateOops: 0, NonImmediateOops: No
[1,302s][debug][gc,nmethod  ] Register NMethod: java.util.concurrent.locks.AbstractQueuedSynchronizer.getState (0x000078e2fec40f08) [0x000078e2fec41000, 0x000078e2fec410c0] Compiler: c1, Barriers: 0, Oops: 0, ImmediateOops: 0, NonImmediateOops: No
[1,302s][debug][gc,nmethod  ] Register NMethod: sun.net.util.IPAddressUtil.scan (0x000078e2df6b8688) [0x000078e2df6b8780, 0x000078e2df6b97d0] Compiler: c1, Barriers: 3, Oops: 1, ImmediateOops: 2, NonImmediateOops: No
[1,303s][debug][gc,nmethod  ] Register NMethod: java.util.concurrent.locks.AbstractOwnableSynchronizer.getExclusiveOwnerThread (0x000078e2fec41208) [0x000078e2fec41300, 0x000078e2fec413e8] Compiler: c1, Barriers: 1, Oops: 0, ImmediateOops: 0, NonImmediateOops: No
[1,303s][debug][gc,nmethod  ] Register NMethod: java.util.concurrent.locks.AbstractQueuedSynchronizer.setState (0x000078e2fec41508) [0x000078e2fec41600, 0x000078e2fec416c8] Compiler: c1, Barriers: 0, Oops: 0, ImmediateOops: 0, NonImmediateOops: No
[1,303s][debug][gc,nmethod  ] Register NMethod: java.util.concurrent.locks.AbstractOwnableSynchronizer.setExclusiveOwnerThread (0x000078e2fec41808) [0x000078e2fec41900, 0x000078e2fec41a30] Compiler: c1, Barriers: 3, Oops: 0, ImmediateOops: 0, NonImmediateOops: No
[1,303s][debug][gc,nmethod  ] Register NMethod: jdk.internal.util.ReferencedKeyMap.removeStaleReferences (0x000078e2fec41b08) [0x000078e2fec41c00, 0x000078e2fec41d38] Compiler: jvmci, Barriers: 2, Oops: 0, ImmediateOops: 0, NonImmediateOops: No
[1,303s][debug][gc,nmethod  ] Register NMethod: java.util.ArrayDeque.elementAt (0x000078e2fec41e08) [0x000078e2fec41f00, 0x000078e2fec41ff0] Compiler: jvmci, Barriers: 1, Oops: 0, ImmediateOops: 0, NonImmediateOops: No
[1,303s][debug][gc,nmethod  ] Register NMethod: java.lang.String.charAt (0x000078e2fec42108) [0x000078e2fec42200, 0x000078e2fec42360] Compiler: jvmci, Barriers: 1, Oops: 0, ImmediateOops: 0, NonImmediateOops: No
[1,303s][debug][gc,director ] Rule Major: Warmup 10%, Used: 68MB, UsedThreshold: 1228MB
[1,306s][debug][gc,nmethod  ] Register NMethod: java.lang.String.startsWith (0x000078e2fec42408) [0x000078e2fec42500, 0x000078e2fec42818] Compiler: jvmci, Barriers: 2, Oops: 0, ImmediateOops: 0, NonImmediateOops: No
[1,306s][debug][gc,nmethod  ] Register NMethod: jdk.internal.classfile.impl.DirectMethodBuilder.run (0x000078e2df6b9808) [0x000078e2df6b9900, 0x000078e2df6b9c18] Compiler: c1, Barriers: 0, Oops: 0, ImmediateOops: 0, NonImmediateOops: No
[1,306s][debug][gc,nmethod  ] Register NMethod: jdk.internal.classfile.impl.DirectClassBuilder.withMethod (0x000078e2df6b9c88) [0x000078e2df6b9d80, 0x000078e2df6ba5e0] Compiler: c1, Barriers: 2, Oops: 0, ImmediateOops: 0, NonImmediateOops: No
[1,306s][debug][gc,nmethod  ] Register NMethod: jdk.internal.classfile.impl.DirectMethodBuilder.withCode (0x000078e2df6ba608) [0x000078e2df6ba700, 0x000078e2df6ba840] Compiler: c1, Barriers: 0, Oops: 0, ImmediateOops: 0, NonImmediateOops: No
[1,306s][debug][gc,nmethod  ] Register NMethod: java.util.concurrent.ConcurrentHashMap.putVal (0x000078e2df6ba908) [0x000078e2df6baa00, 0x000078e2df6bcf48] Compiler: c1, Barriers: 28, Oops: 0, ImmediateOops: 1, NonImmediateOops: No
[1,306s][debug][gc,nmethod  ] Register NMethod: java.lang.classfile.ClassBuilder.withMethod (0x000078e2df6bcf88) [0x000078e2df6bd080, 0x000078e2df6bdb00] Compiler: c1, Barriers: 7, Oops: 0, ImmediateOops: 0, NonImmediateOops: No
[1,306s][debug][gc,nmethod  ] Register NMethod: jdk.internal.classfile.impl.DirectMethodBuilder.<init> (0x000078e2df6bdb08) [0x000078e2df6bdc00, 0x000078e2df6beac8] Compiler: c1, Barriers: 21, Oops: 0, ImmediateOops: 1, NonImmediateOops: No
[1,306s][debug][gc,nmethod  ] Register NMethod: jdk.internal.classfile.impl.DirectCodeBuilder.processDeferredLabels (0x000078e2df6beb08) [0x000078e2df6bec00, 0x000078e2df6bf610] Compiler: c1, Barriers: 5, Oops: 0, ImmediateOops: 0, NonImmediateOops: No
[1,306s][debug][gc,nmethod  ] Register NMethod: jdk.internal.classfile.impl.DirectMethodBuilder.withCode (0x000078e2df6bf688) [0x000078e2df6bf780, 0x000078e2df6bfc80] Compiler: c1, Barriers: 4, Oops: 0, ImmediateOops: 0, NonImmediateOops: No
[1,306s][debug][gc,nmethod  ] Register NMethod: jdk.internal.classfile.impl.ClassFileImpl.fixShortJumps (0x000078e2df6bfc88) [0x000078e2df6bfd80, 0x000078e2df6bffc0] Compiler: c1, Barriers: 2, Oops: 0, ImmediateOops: 0, NonImmediateOops: No
[1,306s][debug][gc,nmethod  ] Register NMethod: jdk.internal.classfile.impl.DirectCodeBuilder.build (0x000078e2df6c0008) [0x000078e2df6c0100, 0x000078e2df6c0c68] Compiler: c1, Barriers: 3, Oops: 0, ImmediateOops: 0, NonImmediateOops: No
[1,306s][debug][gc,nmethod  ] Register NMethod: jdk.internal.module.SystemModuleFinders$SystemImage.reader (0x000078e2df6c0c88) [0x000078e2df6c0d80, 0x000078e2df6c0e68] Compiler: c1, Barriers: 0, Oops: 0, ImmediateOops: 1, NonImmediateOops: No
[1,306s][debug][gc,nmethod  ] Register NMethod: jdk.internal.jimage.ImageStringsReader.hashCode (0x000078e2df6c0f88) [0x000078e2df6c1080, 0x000078e2df6c11e0] Compiler: c1, Barriers: 0, Oops: 0, ImmediateOops: 0, NonImmediateOops: No
[1,306s][debug][gc,nmethod  ] Register NMethod: java.util.jar.JarFile.getEntry (0x000078e2fec42888) [0x000078e2fec42980, 0x000078e2fec43dc0] Compiler: jvmci, Barriers: 14, Oops: 2, ImmediateOops: 8, NonImmediateOops: No
[1,306s][debug][gc,nmethod  ] Register NMethod: jdk.internal.jimage.ImageReader.requireOpen (0x000078e2df6c1288) [0x000078e2df6c1380, 0x000078e2df6c1588] Compiler: c1, Barriers: 0, Oops: 0, ImmediateOops: 1, NonImmediateOops: No
[1,306s][debug][gc,nmethod  ] Register NMethod: jdk.internal.classfile.impl.BufWriterImpl.<init> (0x000078e2df6c1608) [0x000078e2df6c1700, 0x000078e2df6c1850] Compiler: c1, Barriers: 0, Oops: 0, ImmediateOops: 0, NonImmediateOops: No
[1,307s][debug][gc,nmethod  ] Register NMethod: jdk.internal.jimage.ImageStringsReader.hashCode (0x000078e2df6c1908) [0x000078e2df6c1a00, 0x000078e2df6c1bb0] Compiler: c1, Barriers: 0, Oops: 0, ImmediateOops: 0, NonImmediateOops: No
[1,307s][debug][gc,nmethod  ] Register NMethod: jdk.internal.jimage.BasicImageReader.getLocationIndex (0x000078e2df6c1c08) [0x000078e2df6c1d00, 0x000078e2df6c24c8] Compiler: c1, Barriers: 2, Oops: 0, ImmediateOops: 0, NonImmediateOops: No
[1,307s][debug][gc,nmethod  ] Register NMethod: jdk.internal.loader.BuiltinClassLoader.moduleReaderFor (0x000078e2df6c2508) [0x000078e2df6c2600, 0x000078e2df6c3208] Compiler: c1, Barriers: 5, Oops: 0, ImmediateOops: 0, NonImmediateOops: No
[1,307s][debug][gc,nmethod  ] Register NMethod: jdk.internal.classfile.impl.DirectCodeBuilder.<init> (0x000078e2df6c3288) [0x000078e2df6c3380, 0x000078e2df6c5030] Compiler: c1, Barriers: 56, Oops: 0, ImmediateOops: 6, NonImmediateOops: No
[1,307s][debug][gc,nmethod  ] Register NMethod: jdk.internal.jimage.ImageReader.verifyLocation (0x000078e2df6c5088) [0x000078e2df6c5180, 0x000078e2df6c5630] Compiler: c1, Barriers: 1, Oops: 0, ImmediateOops: 1, NonImmediateOops: No
[1,307s][debug][gc,nmethod  ] Register NMethod: jdk.internal.jimage.BasicImageReader.verifyLocation (0x000078e2df6c5688) [0x000078e2df6c5780, 0x000078e2df6c5c18] Compiler: c1, Barriers: 3, Oops: 0, ImmediateOops: 0, NonImmediateOops: No
[1,307s][debug][gc,nmethod  ] Register NMethod: jdk.internal.classfile.impl.Util.maxLocals (0x000078e2df6c5c88) [0x000078e2df6c5d80, 0x000078e2df6c5ef0] Compiler: c1, Barriers: 0, Oops: 0, ImmediateOops: 0, NonImmediateOops: No
[1,307s][debug][gc,nmethod  ] Register NMethod: jdk.internal.module.SystemModuleFinders$SystemModuleReader.containsImageLocation (0x000078e2df6c5f88) [0x000078e2df6c6080, 0x000078e2df6c6a60] Compiler: c1, Barriers: 2, Oops: 1, ImmediateOops: 4, NonImmediateOops: No
[1,307s][debug][gc,nmethod  ] Register NMethod: jdk.internal.classfile.impl.DirectCodeBuilder.setLabelTarget (0x000078e2df6c6a88) [0x000078e2df6c6b80, 0x000078e2df6c7298] Compiler: c1, Barriers: 1, Oops: 0, ImmediateOops: 0, NonImmediateOops: No
[1,307s][debug][gc,nmethod  ] Register NMethod: jdk.internal.classfile.impl.ClassFileImpl.passDebugElements (0x000078e2df6c7308) [0x000078e2df6c7400, 0x000078e2df6c7640] Compiler: c1, Barriers: 2, Oops: 0, ImmediateOops: 0, NonImmediateOops: No
[1,307s][debug][gc,nmethod  ] Register NMethod: java.lang.classfile.Attributes.code (0x000078e2df6c7688) [0x000078e2df6c7780, 0x000078e2df6c7868] Compiler: c1, Barriers: 0, Oops: 0, ImmediateOops: 1, NonImmediateOops: No
[1,307s][debug][gc,nmethod  ] Register NMethod: jdk.internal.classfile.impl.EntryMap.firstToken (0x000078e2fec43e08) [0x000078e2fec43f00, 0x000078e2fec44120] Compiler: jvmci, Barriers: 1, Oops: 0, ImmediateOops: 0, NonImmediateOops: No
[1,307s][debug][gc,nmethod  ] Register NMethod: jdk.internal.module.SystemModuleFinders$SystemModuleReader.find (0x000078e2df6c7988) [0x000078e2df6c7a80, 0x000078e2df6c90f0] Compiler: c1, Barriers: 5, Oops: 2, ImmediateOops: 4, NonImmediateOops: No
[1,307s][debug][gc,nmethod  ] Register NMethod: jdk.internal.classfile.impl.UnboundAttribute$AdHocAttribute.<init> (0x000078e2df6c9108) [0x000078e2df6c9200, 0x000078e2df6c9490] Compiler: c1, Barriers: 3, Oops: 0, ImmediateOops: 0, NonImmediateOops: No
[1,307s][debug][gc,nmethod  ] Register NMethod: jdk.internal.classfile.impl.DirectCodeBuilder$4.<init> (0x000078e2df6c9508) [0x000078e2df6c9600, 0x000078e2df6c9ac0] Compiler: c1, Barriers: 6, Oops: 0, ImmediateOops: 0, NonImmediateOops: No
[1,307s][debug][gc,nmethod  ] Register NMethod: jdk.internal.classfile.impl.DirectCodeBuilder.buildContent (0x000078e2df6c9b08) [0x000078e2df6c9c00, 0x000078e2df6cb600] Compiler: c1, Barriers: 23, Oops: 1, ImmediateOops: 2, NonImmediateOops: No
[1,307s][debug][gc,nmethod  ] Register NMethod: jdk.internal.classfile.impl.DirectClassBuilder.withMethod (0x000078e2df6cb688) [0x000078e2df6cb780, 0x000078e2df6cc138] Compiler: c1, Barriers: 9, Oops: 0, ImmediateOops: 0, NonImmediateOops: No
[1,307s][debug][gc,nmethod  ] Register NMethod: jdk.internal.classfile.impl.TerminalCodeBuilder.setupTopLocal (0x000078e2df6cc188) [0x000078e2df6cc280, 0x000078e2df6ce808] Compiler: c1, Barriers: 1, Oops: 1, ImmediateOops: 3, NonImmediateOops: No
[1,308s][debug][gc,nmethod  ] Register NMethod: jdk.internal.classfile.impl.ClassFileImpl.stackMapsWhenRequired (0x000078e2df6ce888) [0x000078e2df6ce980, 0x000078e2df6ceb38] Compiler: c1, Barriers: 1, Oops: 0, ImmediateOops: 1, NonImmediateOops: No
[1,308s][debug][gc,nmethod  ] Register NMethod: java.io.File.exists (0x000078e2df6ceb88) [0x000078e2df6cec80, 0x000078e2df6cf030] Compiler: c1, Barriers: 0, Oops: 0, ImmediateOops: 1, NonImmediateOops: No
[1,308s][debug][gc,nmethod  ] Register NMethod: java.lang.ref.SoftReference.<init> (0x000078e2df6cf088) [0x000078e2df6cf180, 0x000078e2df6cf4c8] Compiler: c1, Barriers: 6, Oops: 0, ImmediateOops: 2, NonImmediateOops: No
[1,308s][debug][gc,nmethod  ] Register NMethod: jdk.internal.classfile.impl.BufWriterImpl.bytecodeView (0x000078e2df6cf508) [0x000078e2df6cf600, 0x000078e2df6cf980] Compiler: c1, Barriers: 4, Oops: 0, ImmediateOops: 0, NonImmediateOops: No
[1,308s][debug][gc,nmethod  ] Register NMethod: jdk.internal.classfile.impl.UnboundAttribute$AdHocAttribute.writeTo (0x000078e2df6cf988) [0x000078e2df6cfa80, 0x000078e2df6d14c0] Compiler: c1, Barriers: 5, Oops: 0, ImmediateOops: 0, NonImmediateOops: No
[1,308s][debug][gc,nmethod  ] Register NMethod: jdk.internal.classfile.impl.RawBytecodeHelper$CodeRange.<init> (0x000078e2df6d1508) [0x000078e2df6d1600, 0x000078e2df6d1838] Compiler: c1, Barriers: 3, Oops: 0, ImmediateOops: 0, NonImmediateOops: No
[1,308s][debug][gc,nmethod  ] Register NMethod: jdk.internal.classfile.impl.RawBytecodeHelper.of (0x000078e2df6d1888) [0x000078e2df6d1980, 0x000078e2df6d1c48] Compiler: c1, Barriers: 3, Oops: 0, ImmediateOops: 0, NonImmediateOops: No
[1,308s][debug][gc,nmethod  ] Register NMethod: jdk.internal.classfile.impl.BufWriterImpl.writeBytes (0x000078e2df6d1c88) [0x000078e2df6d1d80, 0x000078e2df6d20c0] Compiler: c1, Barriers: 1, Oops: 0, ImmediateOops: 0, NonImmediateOops: No
[1,308s][debug][gc,nmethod  ] Register NMethod: java.lang.StringBuilder.<init> (0x000078e2df6d2108) [0x000078e2df6d2200, 0x000078e2df6d2330] Compiler: c1, Barriers: 0, Oops: 0, ImmediateOops: 0, NonImmediateOops: No
[1,308s][debug][gc,nmethod  ] Register NMethod: jdk.internal.classfile.impl.DirectMethodBuilder.writeTo (0x000078e2df6d2408) [0x000078e2df6d2500, 0x000078e2df6d6b10] Compiler: c1, Barriers: 5, Oops: 1, ImmediateOops: 6, NonImmediateOops: No
[1,308s][debug][gc,nmethod  ] Register NMethod: jdk.internal.classfile.impl.DirectCodeBuilder.writeExceptionHandlers (0x000078e2df6d6b88) [0x000078e2df6d6c80, 0x000078e2df6d77a0] Compiler: c1, Barriers: 3, Oops: 0, ImmediateOops: 0, NonImmediateOops: No
[1,308s][debug][gc,nmethod  ] Register NMethod: jdk.internal.classfile.impl.DirectCodeBuilder$4.writeBody (0x000078e2df6d7808) [0x000078e2df6d7900, 0x000078e2df6db8e8] Compiler: c1, Barriers: 31, Oops: 1, ImmediateOops: 6, NonImmediateOops: No
[1,308s][debug][gc,nmethod  ] Register NMethod: java.util.zip.ZipFile.getManifestName (0x000078e2df6db908) [0x000078e2df6dba00, 0x000078e2df6dbec8] Compiler: c1, Barriers: 3, Oops: 0, ImmediateOops: 0, NonImmediateOops: No
[1,308s][debug][gc,nmethod  ] Register NMethod: java.lang.String.codePointAt (0x000078e2df6dbf08) [0x000078e2df6dc000, 0x000078e2df6dc658] Compiler: c1, Barriers: 2, Oops: 1, ImmediateOops: 2, NonImmediateOops: No
[1,308s][debug][gc,nmethod  ] Register NMethod: jdk.internal.reflect.Reflection.getClassAccessFlags (0x000078e2fec44188) [0x000078e2fec44280, 0x000078e2fec443e8] Compiler: , Barriers: 0, Oops: 0, ImmediateOops: 1, NonImmediateOops: No
[1,309s][debug][gc,nmethod  ] Register NMethod: jdk.internal.misc.Unsafe.fullFence (0x000078e2fec44488) [0x000078e2fec44580, 0x000078e2fec446c8] Compiler: , Barriers: 0, Oops: 0, ImmediateOops: 0, NonImmediateOops: No
[1,311s][debug][gc,nmethod  ] Register NMethod: java.lang.Package.isSealed (0x000078e2df6dc688) [0x000078e2df6dc780, 0x000078e2df6dce08] Compiler: c1, Barriers: 4, Oops: 0, ImmediateOops: 0, NonImmediateOops: No
[1,312s][debug][gc,nmethod  ] Register NMethod: java.lang.invoke.MethodHandle.linkToStatic (0x000078e2fec44788) [0x000078e2fec44880, 0x000078e2fec44970] Compiler: , Barriers: 0, Oops: 0, ImmediateOops: 0, NonImmediateOops: No
[1,312s][debug][gc,nmethod  ] Register NMethod: java.lang.invoke.MethodHandleNatives.refKindIsField (0x000078e2df6dce88) [0x000078e2df6dcf80, 0x000078e2df6dd0c0] Compiler: c1, Barriers: 0, Oops: 0, ImmediateOops: 0, NonImmediateOops: No
[1,313s][debug][gc,nmethod  ] Register NMethod: java.util.logging.LogManager$LoggerContext.getOwner (0x000078e2fec44a88) [0x000078e2fec44b80, 0x000078e2fec44c68] Compiler: c1, Barriers: 1, Oops: 0, ImmediateOops: 0, NonImmediateOops: No
[1,313s][debug][gc,nmethod  ] Register NMethod: java.lang.AbstractStringBuilder.<init> (0x000078e2fec44d88) [0x000078e2fec44e80, 0x000078e2fec450f0] Compiler: jvmci, Barriers: 3, Oops: 0, ImmediateOops: 0, NonImmediateOops: No
[1,313s][debug][gc,nmethod  ] Register NMethod: jdk.internal.jimage.ImageStringsReader.unmaskedHashCode (0x000078e2fec45108) [0x000078e2fec45200, 0x000078e2fec456b0] Compiler: jvmci, Barriers: 1, Oops: 0, ImmediateOops: 0, NonImmediateOops: No
[1,313s][debug][gc,nmethod  ] Register NMethod: sun.net.www.ParseUtil.firstEncodeIndex (0x000078e2fec45708) [0x000078e2fec45800, 0x000078e2fec45de8] Compiler: jvmci, Barriers: 1, Oops: 0, ImmediateOops: 0, NonImmediateOops: No
[1,313s][debug][gc,nmethod  ] Register NMethod: java.util.jar.JarFile.getVersionedEntry (0x000078e2df6dd188) [0x000078e2df6dd280, 0x000078e2df6dedb0] Compiler: c1, Barriers: 3, Oops: 3, ImmediateOops: 5, NonImmediateOops: No
[1,313s][debug][gc,nmethod  ] Register NMethod: jdk.internal.jimage.ImageStringsReader.match (0x000078e2df6dee08) [0x000078e2df6def00, 0x000078e2df6df230] Compiler: c1, Barriers: 1, Oops: 0, ImmediateOops: 0, NonImmediateOops: No
[1,313s][debug][gc,nmethod  ] Register NMethod: jdk.internal.jimage.BasicImageReader.match (0x000078e2df6df288) [0x000078e2df6df380, 0x000078e2df6df7d8] Compiler: c1, Barriers: 1, Oops: 0, ImmediateOops: 1, NonImmediateOops: No
[1,313s][debug][gc,nmethod  ] Register NMethod: java.lang.invoke.MemberName.getReferenceKind (0x000078e2fec45e08) [0x000078e2fec45f00, 0x000078e2fec45f90] Compiler: jvmci, Barriers: 0, Oops: 0, ImmediateOops: 0, NonImmediateOops: No
[1,313s][debug][gc,director ] Rule Major: Warmup 10%, Used: 70MB, UsedThreshold: 1228MB
[1,314s][debug][gc,nmethod  ] Register NMethod: java.lang.invoke.MemberName.isCallerSensitive (0x000078e2df6df808) [0x000078e2df6df900, 0x000078e2df6dfab8] Compiler: c1, Barriers: 0, Oops: 0, ImmediateOops: 0, NonImmediateOops: No
[1,314s][debug][gc,nmethod  ] Register NMethod: jdk.internal.jimage.ImageStringsReader.stringFromByteBufferMatches (0x000078e2df6dfb08) [0x000078e2df6dfc00, 0x000078e2df6e1af0] Compiler: c1, Barriers: 5, Oops: 1, ImmediateOops: 4, NonImmediateOops: No
[1,315s][debug][gc,nmethod  ] Register NMethod: jdk.internal.jimage.ImageLocation.verifyName (0x000078e2df6e1b08) [0x000078e2df6e1c00, 0x000078e2df6e41d8] Compiler: c1, Barriers: 9, Oops: 1, ImmediateOops: 4, NonImmediateOops: No
[1,315s][debug][gc,nmethod  ] Register NMethod: java.util.Properties.getProperty (0x000078e2df6e4208) [0x000078e2df6e4300, 0x000078e2df6e4ba0] Compiler: c1, Barriers: 2, Oops: 0, ImmediateOops: 0, NonImmediateOops: No
[1,315s][debug][gc,nmethod  ] Register NMethod: java.lang.invoke.Invokers$Holder.linkToTargetMethod (0x000078e2df6e4c08) [0x000078e2df6e4d00, 0x000078e2df6e51f8] Compiler: c1, Barriers: 0, Oops: 0, ImmediateOops: 0, NonImmediateOops: No
[1,315s][debug][gc,nmethod  ] Register NMethod: sun.net.www.protocol.file.Handler.parseURL (0x000078e2df6e5208) [0x000078e2df6e5300, 0x000078e2df6e5670] Compiler: c1, Barriers: 0, Oops: 0, ImmediateOops: 0, NonImmediateOops: No
[1,315s][debug][gc,nmethod  ] Register NMethod: java.lang.invoke.MethodHandle.linkToStatic (0x000078e2fec46108) [0x000078e2fec46200, 0x000078e2fec462f0] Compiler: , Barriers: 0, Oops: 0, ImmediateOops: 0, NonImmediateOops: No
[1,316s][debug][gc,nmethod  ] Register NMethod: jdk.internal.misc.Unsafe.shouldBeInitialized0 (0x000078e2fec46408) [0x000078e2fec46500, 0x000078e2fec46670] Compiler: , Barriers: 0, Oops: 0, ImmediateOops: 0, NonImmediateOops: No
[1,316s][debug][gc,nmethod  ] Register NMethod: java.lang.String.indexOf (0x000078e2fec46708) [0x000078e2fec46800, 0x000078e2fec46948] Compiler: jvmci, Barriers: 1, Oops: 0, ImmediateOops: 0, NonImmediateOops: No
[1,317s][debug][gc,nmethod  ] Register NMethod: jdk.internal.jimage.ImageLocation.verify (0x000078e2df6e5688) [0x000078e2df6e5780, 0x000078e2df6e71f0] Compiler: c1, Barriers: 1, Oops: 1, ImmediateOops: 2, NonImmediateOops: No
[1,317s][debug][gc,nmethod  ] Register NMethod: java.nio.DirectByteBuffer.get (0x000078e2fec46a08) [0x000078e2fec46b00, 0x000078e2fec46c28] Compiler: jvmci, Barriers: 1, Oops: 0, ImmediateOops: 0, NonImmediateOops: No
[1,318s][debug][gc,nmethod  ] Register NMethod: jdk.internal.classfile.impl.AbstractPoolEntry$MethodRefEntryImpl.<init> (0x000078e2df6e7208) [0x000078e2df6e7300, 0x000078e2df6e7450] Compiler: c1, Barriers: 0, Oops: 0, ImmediateOops: 0, NonImmediateOops: No
[1,318s][debug][gc,nmethod  ] Register NMethod: java.util.stream.AbstractPipeline.getStreamAndOpFlags (0x000078e2fec46d08) [0x000078e2fec46e00, 0x000078e2fec46ec0] Compiler: c1, Barriers: 0, Oops: 0, ImmediateOops: 0, NonImmediateOops: No
[1,319s][debug][gc,nmethod  ] Register NMethod: java.nio.Buffer.position (0x000078e2fec47008) [0x000078e2fec47100, 0x000078e2fec471c0] Compiler: c1, Barriers: 0, Oops: 0, ImmediateOops: 0, NonImmediateOops: No
[1,319s][debug][gc,nmethod  ] Register NMethod: java.nio.Buffer.hasRemaining (0x000078e2df6e7508) [0x000078e2df6e7600, 0x000078e2df6e7750] Compiler: c1, Barriers: 0, Oops: 0, ImmediateOops: 0, NonImmediateOops: No
[1,319s][debug][gc,nmethod  ] Register NMethod: java.lang.CharacterDataLatin1.isJavaIdentifierPart (0x000078e2df6e7808) [0x000078e2df6e7900, 0x000078e2df6e7c98] Compiler: c1, Barriers: 0, Oops: 0, ImmediateOops: 1, NonImmediateOops: No
[1,319s][debug][gc,nmethod  ] Rebuilding NMethod Table: 2048->4096 entries, 1434(70%->35%) registered, 0(0%->0%) unregistered
[1,319s][debug][gc,nmethod  ] Register NMethod: java.lang.Character.isJavaIdentifierPart (0x000078e2df6e7d08) [0x000078e2df6e7e00, 0x000078e2df6e8130] Compiler: c1, Barriers: 0, Oops: 0, ImmediateOops: 0, NonImmediateOops: No
[1,319s][debug][gc,nmethod  ] Register NMethod: java.lang.invoke.InfoFromMemberName.getReferenceKind (0x000078e2fec47308) [0x000078e2fec47400, 0x000078e2fec474c0] Compiler: c1, Barriers: 0, Oops: 0, ImmediateOops: 0, NonImmediateOops: No
[1,319s][debug][gc,nmethod  ] Register NMethod: java.lang.classfile.ClassFile.latestMajorVersion (0x000078e2fec47608) [0x000078e2fec47700, 0x000078e2fec477a0] Compiler: c1, Barriers: 0, Oops: 0, ImmediateOops: 0, NonImmediateOops: No
[1,319s][debug][gc,nmethod  ] Register NMethod: java.lang.classfile.ClassFile.latestMinorVersion (0x000078e2fec47908) [0x000078e2fec47a00, 0x000078e2fec47aa0] Compiler: c1, Barriers: 0, Oops: 0, ImmediateOops: 0, NonImmediateOops: No
[1,319s][debug][gc,nmethod  ] Register NMethod: jdk.internal.classfile.impl.DirectClassBuilder.setFlags (0x000078e2fec47c08) [0x000078e2fec47d00, 0x000078e2fec47dc0] Compiler: c1, Barriers: 0, Oops: 0, ImmediateOops: 0, NonImmediateOops: No
[1,320s][debug][gc,nmethod  ] Register NMethod: jdk.internal.classfile.impl.StackMapGenerator$Frame.popStack (0x000078e2df6e8188) [0x000078e2df6e8280, 0x000078e2df6e8578] Compiler: c1, Barriers: 4, Oops: 1, ImmediateOops: 1, NonImmediateOops: No
[1,320s][debug][gc,nmethod  ] Register NMethod: jdk.internal.classfile.impl.Util.writeList (0x000078e2df6e8588) [0x000078e2df6e8680, 0x000078e2df6e9010] Compiler: c1, Barriers: 3, Oops: 0, ImmediateOops: 0, NonImmediateOops: No
[1,320s][debug][gc,nmethod  ] Register NMethod: jdk.internal.classfile.impl.StackMapGenerator.processInvokeInstructions (0x000078e2df6e9088) [0x000078e2df6e9180, 0x000078e2df6efc50] Compiler: c1, Barriers: 19, Oops: 5, ImmediateOops: 17, NonImmediateOops: No
[1,320s][debug][gc,nmethod  ] Register NMethod: jdk.internal.classfile.impl.BufWriterImpl.writeBytes (0x000078e2df6efc88) [0x000078e2df6efd80, 0x000078e2df6f0270] Compiler: c1, Barriers: 2, Oops: 0, ImmediateOops: 0, NonImmediateOops: No
[1,320s][debug][gc,nmethod  ] Register NMethod: jdk.internal.classfile.impl.BufWriterImpl.copyTo (0x000078e2df6f0288) [0x000078e2df6f0380, 0x000078e2df6f0740] Compiler: c1, Barriers: 1, Oops: 0, ImmediateOops: 0, NonImmediateOops: No
[1,320s][debug][gc,nmethod  ] Register NMethod: java.lang.invoke.MethodHandles$Lookup.<init> (0x000078e2df6f0788) [0x000078e2df6f0880, 0x000078e2df6f0af0] Compiler: c1, Barriers: 6, Oops: 0, ImmediateOops: 0, NonImmediateOops: No
[1,320s][debug][gc,nmethod  ] Register NMethod: java.io.UnixFileSystem.trimSeparator (0x000078e2df6f0b08) [0x000078e2df6f0c00, 0x000078e2df6f1bf0] Compiler: c1, Barriers: 1, Oops: 1, ImmediateOops: 2, NonImmediateOops: No
[1,320s][debug][gc,nmethod  ] Register NMethod: java.io.UnixFileSystem.resolve (0x000078e2df6f1c08) [0x000078e2df6f1d00, 0x000078e2df6f5190] Compiler: c1, Barriers: 1, Oops: 1, ImmediateOops: 7, NonImmediateOops: No
[1,321s][debug][gc,nmethod  ] Register NMethod: jdk.internal.classfile.impl.RawBytecodeHelper.next (0x000078e2fec47f08) [0x000078e2fec48000, 0x000078e2fec48228] Compiler: jvmci, Barriers: 2, Oops: 0, ImmediateOops: 1, NonImmediateOops: No
[1,321s][debug][gc,nmethod  ] Register NMethod: jdk.internal.classfile.impl.DirectCodeBuilder.checkcast (0x000078e2df6f5208) [0x000078e2df6f5300, 0x000078e2df6f5a50] Compiler: c1, Barriers: 1, Oops: 0, ImmediateOops: 0, NonImmediateOops: No
[1,321s][debug][gc,nmethod  ] Register NMethod: java.lang.classfile.CodeBuilder.checkcast (0x000078e2df6f5a88) [0x000078e2df6f5b80, 0x000078e2df6f64b8] Compiler: c1, Barriers: 2, Oops: 0, ImmediateOops: 0, NonImmediateOops: No
[1,321s][debug][gc,nmethod  ] Register NMethod: java.util.HashMap.getOrDefault (0x000078e2df6f6508) [0x000078e2df6f6600, 0x000078e2df6f6978] Compiler: c1, Barriers: 1, Oops: 0, ImmediateOops: 0, NonImmediateOops: No
[1,321s][debug][gc,nmethod  ] Register NMethod: java.io.File.<init> (0x000078e2df6f6988) [0x000078e2df6f6a80, 0x000078e2df6f7948] Compiler: c1, Barriers: 15, Oops: 2, ImmediateOops: 6, NonImmediateOops: No
[1,321s][debug][gc,nmethod  ] Register NMethod: sun.net.util.IPAddressUtil.checkAuth (0x000078e2df6f7988) [0x000078e2df6f7a80, 0x000078e2df6f8fc8] Compiler: c1, Barriers: 2, Oops: 2, ImmediateOops: 4, NonImmediateOops: No
[1,321s][debug][gc,nmethod  ] Register NMethod: jdk.internal.loader.URLClassPath$FileLoader.getResource (0x000078e2df6f9008) [0x000078e2df6f9100, 0x000078e2df6fb318] Compiler: c1, Barriers: 9, Oops: 1, ImmediateOops: 2, NonImmediateOops: No
[1,321s][debug][gc,nmethod  ] Register NMethod: java.lang.invoke.DirectMethodHandle.preparedLambdaForm (0x000078e2df6fb388) [0x000078e2df6fb480, 0x000078e2df6fc310] Compiler: c1, Barriers: 4, Oops: 0, ImmediateOops: 0, NonImmediateOops: No
[1,322s][debug][gc,nmethod  ] Register NMethod: java.lang.invoke.MethodHandleImpl.isCompileConstant (0x000078e2fec48288) [0x000078e2fec48380, 0x000078e2fec48420] Compiler: c1, Barriers: 0, Oops: 0, ImmediateOops: 0, NonImmediateOops: No
[1,322s][debug][gc,nmethod  ] Register NMethod: java.lang.invoke.BoundMethodHandle.<init> (0x000078e2df6fc388) [0x000078e2df6fc480, 0x000078e2df6fc5d8] Compiler: c1, Barriers: 0, Oops: 0, ImmediateOops: 0, NonImmediateOops: No
[1,322s][debug][gc,nmethod  ] Register NMethod: jdk.internal.loader.URLClassPath$FileLoader.getResource (0x000078e2df6f9008) [0x000078e2df6f9100, 0x000078e2df6fb318] Compiler: c1, Barriers: 9, Oops: 1, ImmediateOops: 2, NonImmediateOops: No
[1,322s][debug][gc,nmethod  ] Register NMethod: java.util.BitSet.length (0x000078e2df6fc688) [0x000078e2df6fc780, 0x000078e2df6fca58] Compiler: c1, Barriers: 1, Oops: 0, ImmediateOops: 0, NonImmediateOops: No
[1,323s][debug][gc,nmethod  ] Register NMethod: java.net.URLStreamHandler.parseURL (0x000078e2df6fca88) [0x000078e2df6fcb80, 0x000078e2df71ba98] Compiler: c1, Barriers: 68, Oops: 8, ImmediateOops: 75, NonImmediateOops: No
[1,323s][debug][gc,nmethod  ] Register NMethod: sun.net.www.ParseUtil.firstEncodeIndex (0x000078e2fec48588) [0x000078e2fec48680, 0x000078e2fec48ae0] Compiler: jvmci, Barriers: 1, Oops: 0, ImmediateOops: 0, NonImmediateOops: No
[1,324s][debug][gc,director ] Rule Major: Warmup 10%, Used: 70MB, UsedThreshold: 1228MB
[1,326s][debug][gc,nmethod  ] Register NMethod: jdk.internal.misc.Unsafe.putInt (0x000078e2fec48b08) [0x000078e2fec48c00, 0x000078e2fec48d58] Compiler: , Barriers: 0, Oops: 0, ImmediateOops: 0, NonImmediateOops: No
[1,326s][debug][gc,nmethod  ] Register NMethod: jdk.internal.misc.Unsafe.getIntVolatile (0x000078e2fec48e08) [0x000078e2fec48f00, 0x000078e2fec49068] Compiler: , Barriers: 0, Oops: 0, ImmediateOops: 0, NonImmediateOops: No
[1,329s][debug][gc,nmethod  ] Register NMethod: java.lang.ClassLoader.defineClass0 (0x000078e2fec49108) [0x000078e2fec49200, 0x000078e2fec495b8] Compiler: , Barriers: 0, Oops: 0, ImmediateOops: 1, NonImmediateOops: No
[1,329s][debug][gc,nmethod  ] Register NMethod: jdk.internal.classfile.impl.ClassFileImpl.classHierarchyResolver (0x000078e2df71bb08) [0x000078e2df71bc00, 0x000078e2df71c000] Compiler: c1, Barriers: 1, Oops: 0, ImmediateOops: 1, NonImmediateOops: No
[1,329s][debug][gc,nmethod  ] Register NMethod: java.lang.invoke.DirectMethodHandle.preparedLambdaForm (0x000078e2df71c008) [0x000078e2df71c100, 0x000078e2df71eb68] Compiler: c1, Barriers: 10, Oops: 0, ImmediateOops: 0, NonImmediateOops: No
[1,329s][debug][gc,nmethod  ] Register NMethod: jdk.internal.classfile.impl.StackMapGenerator.of (0x000078e2df71eb88) [0x000078e2df71ec80, 0x000078e2df7201f0] Compiler: c1, Barriers: 14, Oops: 0, ImmediateOops: 0, NonImmediateOops: No
[1,329s][debug][gc,nmethod  ] Register NMethod: jdk.internal.classfile.impl.ClassHierarchyImpl.<init> (0x000078e2df720208) [0x000078e2df720300, 0x000078e2df720a70] Compiler: c1, Barriers: 3, Oops: 0, ImmediateOops: 0, NonImmediateOops: No
[1,329s][debug][gc,nmethod  ] Register NMethod: java.lang.classfile.ClassHierarchyResolver.cached (0x000078e2df720a88) [0x000078e2df720b80, 0x000078e2df720e88] Compiler: c1, Barriers: 0, Oops: 0, ImmediateOops: 1, NonImmediateOops: No
[1,329s][debug][gc,nmethod  ] Register NMethod: java.lang.classfile.ClassHierarchyResolver.cached (0x000078e2df720f08) [0x000078e2df721000, 0x000078e2df7215d0] Compiler: c1, Barriers: 0, Oops: 0, ImmediateOops: 0, NonImmediateOops: No
[1,329s][debug][gc,nmethod  ] Register NMethod: java.lang.classfile.ClassHierarchyResolver$1Factory.get (0x000078e2df721608) [0x000078e2df721700, 0x000078e2df721b90] Compiler: c1, Barriers: 0, Oops: 0, ImmediateOops: 0, NonImmediateOops: No
[1,329s][debug][gc,nmethod  ] Register NMethod: jdk.internal.classfile.impl.StackMapGenerator.<init> (0x000078e2df721c08) [0x000078e2df721d00, 0x000078e2df723af0] Compiler: c1, Barriers: 42, Oops: 0, ImmediateOops: 2, NonImmediateOops: No
[1,329s][debug][gc,nmethod  ] Register NMethod: java.lang.classfile.ClassHierarchyResolver$1Factory.get (0x000078e2df723b08) [0x000078e2df723c00, 0x000078e2df723e80] Compiler: c1, Barriers: 0, Oops: 0, ImmediateOops: 0, NonImmediateOops: No
[1,329s][debug][gc,nmethod  ] Register NMethod: jdk.internal.classfile.impl.StackMapGenerator.processMethod (0x000078e2df723e88) [0x000078e2df723f80, 0x000078e2df7264d8] Compiler: c1, Barriers: 15, Oops: 3, ImmediateOops: 4, NonImmediateOops: No
[1,329s][debug][gc,nmethod  ] Register NMethod: jdk.internal.classfile.impl.ClassHierarchyImpl$CachedClassHierarchyResolver.<init> (0x000078e2df726508) [0x000078e2df726600, 0x000078e2df726a38] Compiler: c1, Barriers: 9, Oops: 0, ImmediateOops: 0, NonImmediateOops: No
[1,329s][debug][gc,nmethod  ] Register NMethod: jdk.internal.classfile.impl.ClassHierarchyImpl$CachedClassHierarchyResolver$1.<init> (0x000078e2df726a88) [0x000078e2df726b80, 0x000078e2df726ea8] Compiler: c1, Barriers: 3, Oops: 0, ImmediateOops: 0, NonImmediateOops: No
[1,329s][debug][gc,nmethod  ] Register NMethod: jdk.internal.classfile.impl.ClassFileImpl.patchDeadCode (0x000078e2df726f08) [0x000078e2df727000, 0x000078e2df727240] Compiler: c1, Barriers: 2, Oops: 0, ImmediateOops: 0, NonImmediateOops: No
[1,329s][debug][gc,nmethod  ] Register NMethod: jdk.internal.classfile.impl.ClassFileImpl.dropDeadLabels (0x000078e2df727288) [0x000078e2df727380, 0x000078e2df7275c0] Compiler: c1, Barriers: 2, Oops: 0, ImmediateOops: 0, NonImmediateOops: No
[1,329s][debug][gc,nmethod  ] Register NMethod: jdk.internal.classfile.impl.StackMapGenerator$Frame.setLocalsFromArg (0x000078e2df727608) [0x000078e2df727700, 0x000078e2df729c28] Compiler: c1, Barriers: 24, Oops: 1, ImmediateOops: 13, NonImmediateOops: No
[1,330s][debug][gc,nmethod  ] Register NMethod: jdk.internal.classfile.impl.StackMapGenerator$Frame.<init> (0x000078e2df729c88) [0x000078e2df729d80, 0x000078e2df729ee8] Compiler: c1, Barriers: 0, Oops: 0, ImmediateOops: 0, NonImmediateOops: No
[1,330s][debug][gc,nmethod  ] Register NMethod: jdk.internal.classfile.impl.StackMapGenerator$Frame.<init> (0x000078e2df729f88) [0x000078e2df72a080, 0x000078e2df72a550] Compiler: c1, Barriers: 12, Oops: 0, ImmediateOops: 0, NonImmediateOops: No
[1,330s][debug][gc,nmethod  ] Register NMethod: jdk.internal.classfile.impl.StackMapGenerator.isAnyFrameDirty (0x000078e2df72a588) [0x000078e2df72a680, 0x000078e2df72a918] Compiler: c1, Barriers: 2, Oops: 0, ImmediateOops: 0, NonImmediateOops: No
[1,330s][debug][gc,nmethod  ] Register NMethod: jdk.internal.classfile.impl.StackMapGenerator.stackMapTableAttribute (0x000078e2df72a988) [0x000078e2df72aa80, 0x000078e2df72acb8] Compiler: c1, Barriers: 0, Oops: 0, ImmediateOops: 1, NonImmediateOops: No
[1,330s][debug][gc,nmethod  ] Register NMethod: java.util.stream.AbstractPipeline.isParallel (0x000078e2df72ad08) [0x000078e2df72ae00, 0x000078e2df72af38] Compiler: c1, Barriers: 1, Oops: 0, ImmediateOops: 0, NonImmediateOops: No
[1,330s][debug][gc,nmethod  ] Register NMethod: java.lang.invoke.MemberName.changeReferenceKind (0x000078e2df72b008) [0x000078e2df72b100, 0x000078e2df72b220] Compiler: c1, Barriers: 0, Oops: 0, ImmediateOops: 0, NonImmediateOops: No
[1,330s][debug][gc,nmethod  ] Register NMethod: jdk.internal.classfile.impl.StackMapGenerator.generate (0x000078e2df72b308) [0x000078e2df72b400, 0x000078e2df72bec0] Compiler: c1, Barriers: 7, Oops: 0, ImmediateOops: 0, NonImmediateOops: No
[1,330s][debug][gc,nmethod  ] Register NMethod: jdk.internal.classfile.impl.StackMapGenerator.detectFrames (0x000078e2df72bf08) [0x000078e2df72c000, 0x000078e2df72f658] Compiler: c1, Barriers: 7, Oops: 1, ImmediateOops: 2, NonImmediateOops: No
[1,330s][debug][gc,nmethod  ] Register NMethod: java.net.URLClassLoader.findClass (0x000078e2df72f688) [0x000078e2df72f780, 0x000078e2df732720] Compiler: c1, Barriers: 6, Oops: 1, ImmediateOops: 8, NonImmediateOops: No
[1,334s][debug][gc,director ] Rule Major: Warmup 10%, Used: 72MB, UsedThreshold: 1228MB
[1,337s][debug][gc,nmethod  ] Register NMethod: java.util.jar.JarFile.getJarEntry (0x000078e2fec49608) [0x000078e2fec49700, 0x000078e2fec4acf0] Compiler: jvmci, Barriers: 14, Oops: 2, ImmediateOops: 8, NonImmediateOops: No
[1,338s][debug][gc,nmethod  ] Register NMethod: jdk.internal.loader.URLClassPath$JarLoader.getResource (0x000078e2fec4ad08) [0x000078e2fec4ae00, 0x000078e2fec4c510] Compiler: jvmci, Barriers: 19, Oops: 2, ImmediateOops: 8, NonImmediateOops: No
[1,341s][debug][gc,nmethod  ] Register NMethod: java.net.URLClassLoader.defineClass (0x000078e2df732788) [0x000078e2df732880, 0x000078e2df736720] Compiler: c1, Barriers: 6, Oops: 1, ImmediateOops: 4, NonImmediateOops: No
[1,344s][debug][gc,director ] Rule Major: Warmup 10%, Used: 72MB, UsedThreshold: 1228MB
[1,345s][debug][gc,nmethod  ] Register NMethod: java.util.regex.Pattern.has (0x000078e2df736788) [0x000078e2df736880, 0x000078e2df7369d0] Compiler: c1, Barriers: 0, Oops: 0, ImmediateOops: 0, NonImmediateOops: No
[1,346s][debug][gc,nmethod  ] Register NMethod: jdk.internal.loader.Resource.cachedInputStream (0x000078e2df736a88) [0x000078e2df736b80, 0x000078e2df7370e0] Compiler: c1, Barriers: 5, Oops: 0, ImmediateOops: 0, NonImmediateOops: No
[1,346s][debug][gc,nmethod  ] Register NMethod: jdk.internal.loader.URLClassPath$JarLoader.findResource (0x000078e2df737108) [0x000078e2df737200, 0x000078e2df737590] Compiler: c1, Barriers: 0, Oops: 0, ImmediateOops: 0, NonImmediateOops: No
[1,346s][debug][gc,nmethod  ] Register NMethod: java.lang.invoke.DirectMethodHandle.preparedLambdaForm (0x000078e2df737608) [0x000078e2df737700, 0x000078e2df737818] Compiler: c1, Barriers: 0, Oops: 0, ImmediateOops: 0, NonImmediateOops: No
[1,347s][debug][gc,nmethod  ] Register NMethod: java.util.zip.ZipFile.getMetaInfVersions (0x000078e2df737908) [0x000078e2df737a00, 0x000078e2df738450] Compiler: c1, Barriers: 4, Oops: 0, ImmediateOops: 2, NonImmediateOops: No
[1,347s][debug][gc,nmethod  ] Register NMethod: java.util.BitSet.previousSetBit (0x000078e2df738488) [0x000078e2df738580, 0x000078e2df739700] Compiler: c1, Barriers: 1, Oops: 1, ImmediateOops: 2, NonImmediateOops: No
[1,347s][debug][gc,nmethod  ] Register NMethod: java.lang.invoke.MemberName.isVarargs (0x000078e2df739788) [0x000078e2df739880, 0x000078e2df739d78] Compiler: c1, Barriers: 0, Oops: 0, ImmediateOops: 0, NonImmediateOops: No
[1,347s][debug][gc,nmethod  ] Register NMethod: java.lang.invoke.MethodHandles$Lookup.isArrayClone (0x000078e2df739d88) [0x000078e2df739e80, 0x000078e2df73b0f8] Compiler: c1, Barriers: 7, Oops: 0, ImmediateOops: 2, NonImmediateOops: No
[1,347s][debug][gc,nmethod  ] Register NMethod: sun.invoke.util.VerifyAccess.isMemberAccessible (0x000078e2df73b108) [0x000078e2df73b200, 0x000078e2df73d7e8] Compiler: c1, Barriers: 0, Oops: 1, ImmediateOops: 2, NonImmediateOops: No
[1,347s][debug][gc,nmethod  ] Register NMethod: jdk.internal.loader.Resource.getBytes (0x000078e2df73d808) [0x000078e2df73d900, 0x000078e2df73ec60] Compiler: c1, Barriers: 5, Oops: 0, ImmediateOops: 1, NonImmediateOops: No
[1,347s][debug][gc,nmethod  ] Register NMethod: java.lang.invoke.MethodHandle.setVarargs (0x000078e2df73ec88) [0x000078e2df73ed80, 0x000078e2df740898] Compiler: c1, Barriers: 0, Oops: 2, ImmediateOops: 4, NonImmediateOops: No
[1,349s][debug][gc,nmethod  ] Register NMethod: java.lang.invoke.MethodHandleNatives.findMethodHandleType (0x000078e2df740908) [0x000078e2df740a00, 0x000078e2df740b18] Compiler: c1, Barriers: 0, Oops: 0, ImmediateOops: 0, NonImmediateOops: No
[1,349s][debug][gc,nmethod  ] Register NMethod: java.lang.invoke.MethodHandle.linkToVirtual (0x000078e2fec4c588) [0x000078e2fec4c680, 0x000078e2fec4c6a8] Compiler: , Barriers: 0, Oops: 0, ImmediateOops: 0, NonImmediateOops: No
[1,350s][debug][gc,nmethod  ] Register NMethod: jdk.internal.constant.ConstantUtils.concat (0x000078e2df740c08) [0x000078e2df740d00, 0x000078e2df743368] Compiler: c1, Barriers: 6, Oops: 0, ImmediateOops: 7, NonImmediateOops: No
[1,350s][debug][gc,nmethod  ] Register NMethod: java.lang.System$1.concat (0x000078e2df743388) [0x000078e2df743480, 0x000078e2df745a98] Compiler: c1, Barriers: 6, Oops: 0, ImmediateOops: 6, NonImmediateOops: No
[1,350s][debug][gc,nmethod  ] Register NMethod: java.lang.invoke.MethodHandleNatives.refKindIsMethod (0x000078e2df745b08) [0x000078e2df745c00, 0x000078e2df745e10] Compiler: c1, Barriers: 0, Oops: 0, ImmediateOops: 0, NonImmediateOops: No
[1,350s][debug][gc,nmethod  ] Register NMethod: jdk.internal.classfile.impl.BufWriterImpl.cpIndexOrZero (0x000078e2df745e88) [0x000078e2df745f80, 0x000078e2df748430] Compiler: c1, Barriers: 1, Oops: 1, ImmediateOops: 3, NonImmediateOops: No
[1,350s][debug][gc,nmethod  ] Register NMethod: jdk.internal.classfile.impl.Util.fieldTypeSymbol (0x000078e2df748488) [0x000078e2df748580, 0x000078e2df749988] Compiler: c1, Barriers: 5, Oops: 0, ImmediateOops: 0, NonImmediateOops: No
[1,351s][debug][gc,nmethod  ] Register NMethod: java.lang.invoke.MethodHandleNatives.refKindHasReceiver (0x000078e2df749a08) [0x000078e2df749b00, 0x000078e2df749c40] Compiler: c1, Barriers: 0, Oops: 0, ImmediateOops: 0, NonImmediateOops: No
[1,352s][debug][gc,nmethod  ] Register NMethod: jdk.internal.classfile.impl.Util$1WithCodeMethodHandler.<init> (0x000078e2df749d08) [0x000078e2df749e00, 0x000078e2df74a030] Compiler: c1, Barriers: 3, Oops: 0, ImmediateOops: 0, NonImmediateOops: No
[1,352s][debug][gc,nmethod  ] Register NMethod: jdk.internal.classfile.impl.Util.buildingCode (0x000078e2df74a088) [0x000078e2df74a180, 0x000078e2df74a440] Compiler: c1, Barriers: 3, Oops: 0, ImmediateOops: 0, NonImmediateOops: No
[1,352s][debug][gc,nmethod  ] Register NMethod: java.lang.classfile.ClassBuilder.withMethodBody (0x000078e2df74a488) [0x000078e2df74a580, 0x000078e2df74aaf8] Compiler: c1, Barriers: 3, Oops: 0, ImmediateOops: 0, NonImmediateOops: No
[1,353s][debug][gc,nmethod  ] Register NMethod: jdk.internal.classfile.impl.Util$1WithCodeMethodHandler.accept (0x000078e2df74ab08) [0x000078e2df74ac00, 0x000078e2df74b250] Compiler: c1, Barriers: 1, Oops: 0, ImmediateOops: 0, NonImmediateOops: No
[1,353s][debug][gc,nmethod  ] Register NMethod: jdk.internal.classfile.impl.Util$1WithCodeMethodHandler.accept (0x000078e2df74b288) [0x000078e2df74b380, 0x000078e2df74b5a0] Compiler: c1, Barriers: 1, Oops: 0, ImmediateOops: 0, NonImmediateOops: No
[1,354s][debug][gc,director ] Rule Major: Warmup 10%, Used: 74MB, UsedThreshold: 1228MB
[1,355s][debug][gc,nmethod  ] Register NMethod: java.math.BigInteger.implMulAdd (0x000078e2df74b608) [0x000078e2df74b700, 0x000078e2df74b920] Compiler: c1, Barriers: 0, Oops: 0, ImmediateOops: 0, NonImmediateOops: No
[1,355s][debug][gc,nmethod  ] Register NMethod: java.math.BigInteger.mulAdd (0x000078e2df74b988) [0x000078e2df74ba80, 0x000078e2df74bc10] Compiler: c1, Barriers: 0, Oops: 0, ImmediateOops: 0, NonImmediateOops: No
[1,355s][debug][gc,nmethod  ] Register NMethod: java.math.BigInteger.addOne (0x000078e2df74bc88) [0x000078e2df74bd80, 0x000078e2df74c098] Compiler: c1, Barriers: 0, Oops: 0, ImmediateOops: 0, NonImmediateOops: No
[1,355s][debug][gc,nmethod  ] Register NMethod: jdk.internal.classfile.impl.EntryMap.put (0x000078e2fec4c888) [0x000078e2fec4c980, 0x000078e2fec4cc60] Compiler: jvmci, Barriers: 1, Oops: 0, ImmediateOops: 0, NonImmediateOops: No
[1,355s][debug][gc,nmethod  ] Register NMethod: java.math.BigInteger.implMulAddCheck (0x000078e2df74c108) [0x000078e2df74c200, 0x000078e2df750190] Compiler: c1, Barriers: 0, Oops: 5, ImmediateOops: 11, NonImmediateOops: No
[1,357s][debug][gc,nmethod  ] Register NMethod: java.math.BigInteger.<init> (0x000078e2df750208) [0x000078e2df750300, 0x000078e2df750808] Compiler: c1, Barriers: 4, Oops: 0, ImmediateOops: 1, NonImmediateOops: No
[1,358s][debug][gc,nmethod  ] Register NMethod: java.math.BigInteger.add (0x000078e2df750888) [0x000078e2df750980, 0x000078e2df751118] Compiler: c1, Barriers: 0, Oops: 0, ImmediateOops: 0, NonImmediateOops: No
[1,358s][debug][gc,nmethod  ] Register NMethod: java.math.BigInteger.trustedStripLeadingZeroInts (0x000078e2df751188) [0x000078e2df751280, 0x000078e2df751398] Compiler: c1, Barriers: 0, Oops: 0, ImmediateOops: 0, NonImmediateOops: No
[1,358s][debug][gc,nmethod  ] Register NMethod: java.math.BigInteger.stripLeadingZeroInts (0x000078e2df751488) [0x000078e2df751580, 0x000078e2df751800] Compiler: c1, Barriers: 0, Oops: 0, ImmediateOops: 0, NonImmediateOops: No
[1,358s][debug][gc,nmethod  ] Register NMethod: java.math.BigInteger.shiftLeftImplWorker (0x000078e2df751808) [0x000078e2df751900, 0x000078e2df751b18] Compiler: c1, Barriers: 0, Oops: 0, ImmediateOops: 0, NonImmediateOops: No
[1,358s][debug][gc,nmethod  ] Register NMethod: java.math.BigInteger.subtract (0x000078e2df751b88) [0x000078e2df751c80, 0x000078e2df752178] Compiler: c1, Barriers: 0, Oops: 0, ImmediateOops: 0, NonImmediateOops: No
[1,359s][debug][gc,nmethod  ] Register NMethod: java.math.BigInteger.implSquareToLen (0x000078e2df752188) [0x000078e2df752280, 0x000078e2df752718] Compiler: c1, Barriers: 0, Oops: 0, ImmediateOops: 0, NonImmediateOops: No
[1,359s][debug][gc,nmethod  ] Register NMethod: java.math.BigInteger.mulAdd (0x000078e2fec4cc88) [0x000078e2fec4cd80, 0x000078e2fec4ceb8] Compiler: jvmci, Barriers: 0, Oops: 0, ImmediateOops: 0, NonImmediateOops: No
[1,359s][debug][gc,nmethod  ] Register NMethod: java.math.BigInteger.implMulAddCheck (0x000078e2fec4cf88) [0x000078e2fec4d080, 0x000078e2fec4d1a8] Compiler: jvmci, Barriers: 0, Oops: 0, ImmediateOops: 0, NonImmediateOops: No
[1,359s][debug][gc,nmethod  ] Register NMethod: java.math.BigInteger.implMulAdd (0x000078e2fec4d288) [0x000078e2fec4d380, 0x000078e2fec4d758] Compiler: jvmci, Barriers: 0, Oops: 0, ImmediateOops: 0, NonImmediateOops: No
[1,359s][debug][gc,nmethod  ] Register NMethod: java.util.Objects.checkFromToIndex (0x000078e2df752788) [0x000078e2df752880, 0x000078e2df752a98] Compiler: c1, Barriers: 0, Oops: 0, ImmediateOops: 0, NonImmediateOops: No
[1,359s][debug][gc,nmethod  ] Register NMethod: java.util.concurrent.RecursiveTask.getRawResult (0x000078e2fec4d788) [0x000078e2fec4d880, 0x000078e2fec4d968] Compiler: c1, Barriers: 1, Oops: 0, ImmediateOops: 0, NonImmediateOops: No
[1,359s][debug][gc,nmethod  ] Register NMethod: java.math.BigInteger.add (0x000078e2df752b08) [0x000078e2df752c00, 0x000078e2df7534c0] Compiler: c1, Barriers: 6, Oops: 0, ImmediateOops: 1, NonImmediateOops: No
[1,360s][debug][gc,nmethod  ] Register NMethod: java.math.BigInteger.subtract (0x000078e2df753508) [0x000078e2df753600, 0x000078e2df753ff8] Compiler: c1, Barriers: 7, Oops: 0, ImmediateOops: 1, NonImmediateOops: No
[1,360s][debug][gc,nmethod  ] Register NMethod: java.math.BigInteger.addOne (0x000078e2fec4da88) [0x000078e2fec4db80, 0x000078e2fec4dd30] Compiler: jvmci, Barriers: 0, Oops: 0, ImmediateOops: 0, NonImmediateOops: No
[1,360s][debug][gc,nmethod  ] Register NMethod: java.math.BigInteger.square (0x000078e2df754008) [0x000078e2df754100, 0x000078e2df754708] Compiler: c1, Barriers: 1, Oops: 0, ImmediateOops: 2, NonImmediateOops: No
[1,360s][debug][gc,nmethod  ] Register NMethod: java.math.BigInteger.compareMagnitude (0x000078e2df754788) [0x000078e2df754880, 0x000078e2df754d48] Compiler: c1, Barriers: 2, Oops: 0, ImmediateOops: 0, NonImmediateOops: No
[1,360s][debug][gc,nmethod  ] Register NMethod: java.math.BigInteger.shiftLeft (0x000078e2df754d88) [0x000078e2df754e80, 0x000078e2df7551d0] Compiler: c1, Barriers: 1, Oops: 0, ImmediateOops: 1, NonImmediateOops: No
[1,360s][debug][gc,nmethod  ] Register NMethod: jdk.internal.misc.Unsafe.weakCompareAndSetInt (0x000078e2df755208) [0x000078e2df755300, 0x000078e2df755418] Compiler: c1, Barriers: 0, Oops: 0, ImmediateOops: 0, NonImmediateOops: No
[1,360s][debug][gc,nmethod  ] Register NMethod: java.math.BigInteger.shiftLeft (0x000078e2df755508) [0x000078e2df755600, 0x000078e2df755f18] Compiler: c1, Barriers: 0, Oops: 0, ImmediateOops: 0, NonImmediateOops: No
[1,361s][debug][gc,nmethod  ] Register NMethod: java.lang.constant.ClassDesc.isArray (0x000078e2fec4dd88) [0x000078e2fec4de80, 0x000078e2fec4df40] Compiler: c1, Barriers: 0, Oops: 0, ImmediateOops: 0, NonImmediateOops: No
[1,362s][debug][gc,nmethod  ] Register NMethod: java.lang.classfile.TypeKind.from (0x000078e2df755f88) [0x000078e2df756080, 0x000078e2df756610] Compiler: c1, Barriers: 0, Oops: 0, ImmediateOops: 1, NonImmediateOops: No
[1,363s][debug][gc,nmethod  ] Register NMethod: java.lang.invoke.MethodHandles$Lookup.in (0x000078e2df756688) [0x000078e2df756780, 0x000078e2df75a390] Compiler: c1, Barriers: 9, Oops: 2, ImmediateOops: 6, NonImmediateOops: No
[1,363s][debug][gc,nmethod  ] Register NMethod: java.lang.classfile.constantpool.ConstantPoolBuilder.nameAndTypeEntry (0x000078e2df75a408) [0x000078e2df75a500, 0x000078e2df75ac20] Compiler: c1, Barriers: 0, Oops: 0, ImmediateOops: 0, NonImmediateOops: No
[1,363s][debug][gc,nmethod  ] Register NMethod: jdk.internal.loader.URLClassPath$JarLoader$1.getInputStream (0x000078e2df75ac88) [0x000078e2df75ad80, 0x000078e2df75b128] Compiler: c1, Barriers: 3, Oops: 0, ImmediateOops: 0, NonImmediateOops: No
[1,363s][debug][gc,nmethod  ] Register NMethod: jdk.internal.classfile.impl.SplitConstantPool.fieldRefEntry (0x000078e2df75b188) [0x000078e2df75b280, 0x000078e2df75dbb8] Compiler: c1, Barriers: 6, Oops: 0, ImmediateOops: 0, NonImmediateOops: No
[1,364s][debug][gc,director ] Rule Major: Warmup 10%, Used: 76MB, UsedThreshold: 1228MB
[1,364s][debug][gc,nmethod  ] Register NMethod: java.util.stream.PipelineHelper.<init> (0x000078e2df75dc08) [0x000078e2df75dd00, 0x000078e2df75de58] Compiler: c1, Barriers: 0, Oops: 0, ImmediateOops: 0, NonImmediateOops: No
[1,365s][debug][gc,nmethod  ] Register NMethod: java.lang.invoke.AbstractValidatingLambdaMetafactory.isAdaptableTo (0x000078e2df75df08) [0x000078e2df75e000, 0x000078e2df75fbd0] Compiler: c1, Barriers: 2, Oops: 0, ImmediateOops: 0, NonImmediateOops: No
[1,365s][debug][gc,nmethod  ] Register NMethod: java.util.Arrays.hashCode (0x000078e2df75fc08) [0x000078e2df75fd00, 0x000078e2df75fe80] Compiler: c1, Barriers: 0, Oops: 0, ImmediateOops: 0, NonImmediateOops: No
[1,365s][debug][gc,nmethod  ] Register NMethod: jdk.internal.util.ArraysSupport.hashCode (0x000078e2df75ff08) [0x000078e2df760000, 0x000078e2df7604b0] Compiler: c1, Barriers: 1, Oops: 0, ImmediateOops: 0, NonImmediateOops: No
[1,367s][debug][gc,nmethod  ] Register NMethod: java.math.BigInteger.add (0x000078e2fec4e088) [0x000078e2fec4e180, 0x000078e2fec4e6a8] Compiler: jvmci, Barriers: 0, Oops: 0, ImmediateOops: 0, NonImmediateOops: No
[1,367s][debug][gc,nmethod  ] Register NMethod: java.math.BigInteger.subtract (0x000078e2fec4e708) [0x000078e2fec4e800, 0x000078e2fec4ecd0] Compiler: jvmci, Barriers: 0, Oops: 0, ImmediateOops: 0, NonImmediateOops: No
[1,370s][debug][gc,nmethod  ] Register NMethod: jdk.internal.classfile.impl.BufWriterImpl.grow (0x000078e2df760508) [0x000078e2df760600, 0x000078e2df760890] Compiler: c1, Barriers: 4, Oops: 0, ImmediateOops: 0, NonImmediateOops: No
[1,371s][debug][gc,nmethod  ] Register NMethod: java.lang.invoke.MethodHandleNatives.isCallerSensitive (0x000078e2df760908) [0x000078e2df760a00, 0x000078e2df761188] Compiler: c1, Barriers: 0, Oops: 0, ImmediateOops: 0, NonImmediateOops: No
[1,371s][debug][gc,nmethod  ] Register NMethod: java.lang.invoke.MethodHandleNatives.canBeCalledVirtual (0x000078e2df761208) [0x000078e2df761300, 0x000078e2df761d98] Compiler: c1, Barriers: 5, Oops: 0, ImmediateOops: 2, NonImmediateOops: No
[1,371s][debug][gc,nmethod  ] Register NMethod: jdk.internal.classfile.impl.DirectCodeBuilder.fieldAccess (0x000078e2df761e08) [0x000078e2df761f00, 0x000078e2df762838] Compiler: c1, Barriers: 1, Oops: 0, ImmediateOops: 0, NonImmediateOops: No
[1,373s][debug][gc,nmethod  ] Register NMethod: java.util.regex.Pattern.isSupplementary (0x000078e2df762888) [0x000078e2df762980, 0x000078e2df762bb8] Compiler: c1, Barriers: 0, Oops: 0, ImmediateOops: 0, NonImmediateOops: No
[1,373s][debug][gc,nmethod  ] Register NMethod: java.lang.Character.isSurrogate (0x000078e2df762c08) [0x000078e2df762d00, 0x000078e2df762e60] Compiler: c1, Barriers: 0, Oops: 0, ImmediateOops: 0, NonImmediateOops: No
[1,373s][debug][gc,nmethod  ] Register NMethod: java.lang.String.startsWith (0x000078e2fec4ed08) [0x000078e2fec4ee00, 0x000078e2fec4f0f8] Compiler: jvmci, Barriers: 2, Oops: 0, ImmediateOops: 0, NonImmediateOops: No
[1,373s][debug][gc,nmethod  ] Register NMethod: jdk.internal.classfile.impl.DirectCodeBuilder$4.tryGenerateStackMaps (0x000078e2df762f08) [0x000078e2df763000, 0x000078e2df763660] Compiler: c1, Barriers: 0, Oops: 0, ImmediateOops: 0, NonImmediateOops: No
[1,373s][debug][gc,nmethod  ] Register NMethod: java.lang.invoke.DirectMethodHandle$Holder.newInvokeSpecial (0x000078e2df763688) [0x000078e2df763780, 0x000078e2df763ff8] Compiler: c1, Barriers: 2, Oops: 0, ImmediateOops: 1, NonImmediateOops: No
[1,373s][debug][gc,nmethod  ] Register NMethod: jdk.internal.classfile.impl.DirectCodeBuilder$4.generateStackMaps (0x000078e2df764008) [0x000078e2df764100, 0x000078e2df764c20] Compiler: c1, Barriers: 2, Oops: 0, ImmediateOops: 1, NonImmediateOops: No
[1,374s][debug][gc,nmethod  ] Register NMethod: java.util.logging.Logger.getName (0x000078e2fec4f108) [0x000078e2fec4f200, 0x000078e2fec4f2e8] Compiler: c1, Barriers: 1, Oops: 0, ImmediateOops: 0, NonImmediateOops: No
[1,374s][debug][gc,director ] Rule Major: Warmup 10%, Used: 76MB, UsedThreshold: 1228MB
[1,374s][debug][gc,nmethod  ] Register NMethod: jdk.internal.classfile.impl.DirectClassBuilder.setInterfaces (0x000078e2fec4f408) [0x000078e2fec4f500, 0x000078e2fec4f630] Compiler: c1, Barriers: 3, Oops: 0, ImmediateOops: 0, NonImmediateOops: No
[1,374s][debug][gc,nmethod  ] Register NMethod: java.util.Arrays.copyOf (0x000078e2fec4f708) [0x000078e2fec4f800, 0x000078e2fec4fbd0] Compiler: jvmci, Barriers: 0, Oops: 0, ImmediateOops: 0, NonImmediateOops: No
[1,375s][debug][gc,nmethod  ] Register NMethod: java.lang.invoke.MethodHandleNatives.isPullModeBSM (0x000078e2fec4fc08) [0x000078e2fec4fd00, 0x000078e2fec4fda0] Compiler: c1, Barriers: 0, Oops: 0, ImmediateOops: 0, NonImmediateOops: No
[1,375s][debug][gc,nmethod  ] Register NMethod: java.lang.Class.getEnclosingMethod0 (0x000078e2fec4ff08) [0x000078e2fec50000, 0x000078e2fec50320] Compiler: , Barriers: 0, Oops: 0, ImmediateOops: 0, NonImmediateOops: No
[1,375s][debug][gc,nmethod  ] Register NMethod: java.lang.invoke.ConstantCallSite.getTarget (0x000078e2df764c88) [0x000078e2df764d80, 0x000078e2df764fb8] Compiler: c1, Barriers: 1, Oops: 0, ImmediateOops: 0, NonImmediateOops: No
[1,377s][debug][gc,nmethod  ] Register NMethod: java.util.LinkedHashMap$LinkedHashIterator.hasNext (0x000078e2df765008) [0x000078e2df765100, 0x000078e2df765280] Compiler: c1, Barriers: 1, Oops: 0, ImmediateOops: 0, NonImmediateOops: No
[1,377s][debug][gc,nmethod  ] Register NMethod: java.lang.reflect.ReflectAccess.getExecutableSharedParameterTypes (0x000078e2df765308) [0x000078e2df765400, 0x000078e2df765708] Compiler: c1, Barriers: 0, Oops: 0, ImmediateOops: 0, NonImmediateOops: No
[1,377s][debug][gc,nmethod  ] Register NMethod: jdk.internal.reflect.ReflectionFactory.getExecutableSharedParameterTypes (0x000078e2df765788) [0x000078e2df765880, 0x000078e2df765c50] Compiler: c1, Barriers: 1, Oops: 0, ImmediateOops: 0, NonImmediateOops: No
[1,377s][debug][gc,nmethod  ] Register NMethod: java.lang.PublicMethods$Key.hashCode (0x000078e2df765c88) [0x000078e2df765d80, 0x000078e2df766018] Compiler: c1, Barriers: 2, Oops: 0, ImmediateOops: 0, NonImmediateOops: No
[1,377s][debug][gc,nmethod  ] Register NMethod: java.util.LinkedHashMap$LinkedHashIterator.nextNode (0x000078e2df766088) [0x000078e2df766180, 0x000078e2df766640] Compiler: c1, Barriers: 10, Oops: 0, ImmediateOops: 0, NonImmediateOops: No
[1,377s][debug][gc,nmethod  ] Register NMethod: java.lang.reflect.ReflectAccess.copyMethod (0x000078e2df766688) [0x000078e2df766780, 0x000078e2df766a80] Compiler: c1, Barriers: 0, Oops: 0, ImmediateOops: 0, NonImmediateOops: No
[1,377s][debug][gc,nmethod  ] Register NMethod: java.lang.reflect.Method.<init> (0x000078e2df766a88) [0x000078e2df766b80, 0x000078e2df7671f0] Compiler: c1, Barriers: 27, Oops: 0, ImmediateOops: 0, NonImmediateOops: No
[1,377s][debug][gc,nmethod  ] Register NMethod: jdk.internal.reflect.ReflectionFactory.copyMethod (0x000078e2df767208) [0x000078e2df767300, 0x000078e2df7676d8] Compiler: c1, Barriers: 1, Oops: 0, ImmediateOops: 0, NonImmediateOops: No
[1,377s][debug][gc,nmethod  ] Register NMethod: java.lang.reflect.Method.copy (0x000078e2df767708) [0x000078e2df767800, 0x000078e2df767f00] Compiler: c1, Barriers: 21, Oops: 0, ImmediateOops: 1, NonImmediateOops: No
[1,378s][debug][gc,nmethod  ] Register NMethod: java.lang.invoke.DirectMethodHandle.isCrackable (0x000078e2fec50388) [0x000078e2fec50480, 0x000078e2fec50540] Compiler: c1, Barriers: 0, Oops: 0, ImmediateOops: 0, NonImmediateOops: No
[1,378s][debug][gc,nmethod  ] Register NMethod: jdk.internal.reflect.Reflection.areNestMates (0x000078e2fec50688) [0x000078e2fec50780, 0x000078e2fec50908] Compiler: , Barriers: 0, Oops: 0, ImmediateOops: 1, NonImmediateOops: No
[1,378s][debug][gc,nmethod  ] Register NMethod: java.lang.Integer.compare (0x000078e2df767f08) [0x000078e2df768000, 0x000078e2df7681b0] Compiler: c1, Barriers: 0, Oops: 0, ImmediateOops: 0, NonImmediateOops: No
[1,378s][debug][gc,nmethod  ] Register NMethod: java.lang.String.<init> (0x000078e2fec50988) [0x000078e2fec50a80, 0x000078e2fec50e60] Compiler: jvmci, Barriers: 4, Oops: 0, ImmediateOops: 0, NonImmediateOops: No
[1,378s][debug][gc,nmethod  ] Register NMethod: org.junit.platform.commons.util.ReflectionUtils$$Lambda/0x000000009217d518.compare (0x000078e2df768208) [0x000078e2df768300, 0x000078e2df768840] Compiler: c1, Barriers: 0, Oops: 1, ImmediateOops: 0, NonImmediateOops: No
[1,378s][debug][gc,nmethod  ] Register NMethod: org.junit.platform.commons.util.ReflectionUtils.defaultMethodSorter (0x000078e2df768888) [0x000078e2df768980, 0x000078e2df769b98] Compiler: c1, Barriers: 2, Oops: 1, ImmediateOops: 0, NonImmediateOops: No
[1,379s][debug][gc,nmethod  ] Register NMethod: sun.reflect.generics.parser.SignatureParser.skipIdentifier (0x000078e2df769c08) [0x000078e2df769d00, 0x000078e2df76a378] Compiler: c1, Barriers: 0, Oops: 0, ImmediateOops: 0, NonImmediateOops: No
[1,379s][debug][gc,nmethod  ] Register NMethod: java.lang.invoke.InnerClassLambdaMetafactory.methodDesc (0x000078e2df76a388) [0x000078e2df76a480, 0x000078e2df76d4d8] Compiler: c1, Barriers: 25, Oops: 2, ImmediateOops: 5, NonImmediateOops: No
[1,379s][debug][gc,nmethod  ] Register NMethod: jdk.internal.classfile.impl.SplitConstantPool.internalAdd (0x000078e2fec50e88) [0x000078e2fec50fa0, 0x000078e2fec51ad8] Compiler: jvmci, Barriers: 11, Oops: 1, ImmediateOops: 0, NonImmediateOops: No
[1,379s][debug][gc,nmethod  ] Register NMethod: java.util.LinkedHashMap$LinkedValueIterator.next (0x000078e2df76d508) [0x000078e2df76d600, 0x000078e2df76d930] Compiler: c1, Barriers: 1, Oops: 0, ImmediateOops: 0, NonImmediateOops: No
[1,379s][debug][gc,nmethod  ] Register NMethod: jdk.internal.classfile.impl.StackCounter$Target.<init> (0x000078e2df76d988) [0x000078e2df76da80, 0x000078e2df76dc40] Compiler: c1, Barriers: 0, Oops: 0, ImmediateOops: 0, NonImmediateOops: No
[1,380s][debug][gc,nmethod  ] Register NMethod: java.lang.Record.<init> (0x000078e2fec51b08) [0x000078e2fec51c00, 0x000078e2fec51c80] Compiler: jvmci, Barriers: 0, Oops: 0, ImmediateOops: 0, NonImmediateOops: No
[1,380s][debug][gc,nmethod  ] Register NMethod: jdk.internal.classfile.impl.StackCounter.next (0x000078e2df76dc88) [0x000078e2df76dd80, 0x000078e2df76f080] Compiler: c1, Barriers: 6, Oops: 1, ImmediateOops: 2, NonImmediateOops: No
[1,380s][debug][gc,nmethod  ] Register NMethod: jdk.internal.classfile.impl.SplitConstantPool.canWriteDirect (0x000078e2fec51e08) [0x000078e2fec51f00, 0x000078e2fec52048] Compiler: jvmci, Barriers: 1, Oops: 0, ImmediateOops: 0, NonImmediateOops: No
[1,380s][debug][gc,nmethod  ] Register NMethod: java.lang.Class.getAnnotationType (0x000078e2fec52108) [0x000078e2fec52200, 0x000078e2fec522f0] Compiler: c1, Barriers: 1, Oops: 0, ImmediateOops: 0, NonImmediateOops: No
[1,380s][debug][gc,nmethod  ] Register NMethod: java.lang.invoke.LambdaForm$MH/0x0000000092084400.invoke (0x000078e2df76f108) [0x000078e2df76f200, 0x000078e2df76f970] Compiler: c1, Barriers: 2, Oops: 1, ImmediateOops: 0, NonImmediateOops: No
[1,380s][debug][gc,nmethod  ] Register NMethod: java.lang.invoke.DirectMethodHandle$Holder.invokeSpecial (0x000078e2df76f988) [0x000078e2df76fa80, 0x000078e2df76fe48] Compiler: c1, Barriers: 1, Oops: 0, ImmediateOops: 0, NonImmediateOops: No
[1,380s][debug][gc,nmethod  ] Register NMethod: java.nio.HeapByteBuffer.byteOffset (0x000078e2df76fe88) [0x000078e2df76ff80, 0x000078e2df770088] Compiler: c1, Barriers: 0, Oops: 0, ImmediateOops: 0, NonImmediateOops: No
[1,380s][debug][gc,nmethod  ] Register NMethod: java.nio.Buffer.nextGetIndex (0x000078e2df770188) [0x000078e2df770280, 0x000078e2df770440] Compiler: c1, Barriers: 0, Oops: 0, ImmediateOops: 0, NonImmediateOops: No
[1,380s][debug][gc,nmethod  ] Register NMethod: jdk.internal.misc.ScopedMemoryAccess.getShortUnalignedInternal (0x000078e2df770488) [0x000078e2df770580, 0x000078e2df7709d8] Compiler: c1, Barriers: 0, Oops: 0, ImmediateOops: 1, NonImmediateOops: No
[1,380s][debug][gc,nmethod  ] Register NMethod: java.nio.Buffer.position (0x000078e2df770a08) [0x000078e2df770b00, 0x000078e2df770d40] Compiler: c1, Barriers: 0, Oops: 0, ImmediateOops: 0, NonImmediateOops: No
[1,380s][debug][gc,nmethod  ] Register NMethod: java.lang.reflect.Executable.declaredAnnotations (0x000078e2df770d88) [0x000078e2df770e80, 0x000078e2df772050] Compiler: c1, Barriers: 6, Oops: 0, ImmediateOops: 1, NonImmediateOops: No
[1,380s][debug][gc,nmethod  ] Register NMethod: java.lang.reflect.Method.getRoot (0x000078e2df772088) [0x000078e2df772180, 0x000078e2df772480] Compiler: c1, Barriers: 1, Oops: 0, ImmediateOops: 0, NonImmediateOops: No
[1,380s][debug][gc,nmethod  ] Register NMethod: jdk.internal.misc.ScopedMemoryAccess.getShortUnaligned (0x000078e2df772488) [0x000078e2df772580, 0x000078e2df772ab8] Compiler: c1, Barriers: 0, Oops: 0, ImmediateOops: 1, NonImmediateOops: No
[1,381s][debug][gc,nmethod  ] Register NMethod: java.nio.HeapByteBuffer.getShort (0x000078e2df772b08) [0x000078e2df772c00, 0x000078e2df773c08] Compiler: c1, Barriers: 2, Oops: 1, ImmediateOops: 2, NonImmediateOops: No
[1,381s][debug][gc,nmethod  ] Register NMethod: java.lang.invoke.Invokers.maybeCustomize (0x000078e2df773c88) [0x000078e2df773d80, 0x000078e2df774058] Compiler: c1, Barriers: 0, Oops: 0, ImmediateOops: 0, NonImmediateOops: No
[1,381s][debug][gc,nmethod  ] Register NMethod: java.lang.Class.getConstantPool (0x000078e2fec52408) [0x000078e2fec52500, 0x000078e2fec52820] Compiler: , Barriers: 0, Oops: 0, ImmediateOops: 0, NonImmediateOops: No
[1,381s][debug][gc,nmethod  ] Register NMethod: java.lang.invoke.Invokers.checkCustomized (0x000078e2df774088) [0x000078e2df774180, 0x000078e2df7743a0] Compiler: c1, Barriers: 2, Oops: 0, ImmediateOops: 0, NonImmediateOops: No
[1,381s][debug][gc,nmethod  ] Register NMethod: java.lang.invoke.MethodHandle.maybeCustomize (0x000078e2df774408) [0x000078e2df774500, 0x000078e2df774b98] Compiler: c1, Barriers: 2, Oops: 0, ImmediateOops: 0, NonImmediateOops: No
[1,381s][debug][gc,nmethod  ] Register NMethod: java.lang.invoke.Invokers.checkExactType (0x000078e2df774c08) [0x000078e2df774d00, 0x000078e2df775060] Compiler: c1, Barriers: 1, Oops: 0, ImmediateOops: 0, NonImmediateOops: No
[1,381s][debug][gc,nmethod  ] Register NMethod: jdk.internal.reflect.ConstantPool.getUTF8At0 (0x000078e2fec52888) [0x000078e2fec52980, 0x000078e2fec52cb0] Compiler: , Barriers: 0, Oops: 0, ImmediateOops: 0, NonImmediateOops: No
[1,381s][debug][gc,nmethod  ] Register NMethod: java.lang.reflect.Method.getAnnotationBytes (0x000078e2fec52d08) [0x000078e2fec52e00, 0x000078e2fec52ee8] Compiler: c1, Barriers: 1, Oops: 0, ImmediateOops: 0, NonImmediateOops: No
[1,381s][debug][gc,nmethod  ] Register NMethod: sun.reflect.generics.visitor.Reifier.getFactory (0x000078e2fec53008) [0x000078e2fec53100, 0x000078e2fec531e8] Compiler: c1, Barriers: 1, Oops: 0, ImmediateOops: 0, NonImmediateOops: No
[1,381s][debug][gc,nmethod  ] Register NMethod: sun.reflect.generics.tree.SimpleClassTypeSignature.getName (0x000078e2fec53308) [0x000078e2fec53400, 0x000078e2fec534e8] Compiler: c1, Barriers: 1, Oops: 0, ImmediateOops: 0, NonImmediateOops: No
[1,381s][debug][gc,nmethod  ] Register NMethod: sun.reflect.generics.tree.SimpleClassTypeSignature.getDollar (0x000078e2fec53608) [0x000078e2fec53700, 0x000078e2fec537c0] Compiler: c1, Barriers: 0, Oops: 0, ImmediateOops: 0, NonImmediateOops: No
[1,381s][debug][gc,nmethod  ] Register NMethod: sun.reflect.generics.tree.SimpleClassTypeSignature.getTypeArguments (0x000078e2fec53908) [0x000078e2fec53a00, 0x000078e2fec53ae8] Compiler: c1, Barriers: 1, Oops: 0, ImmediateOops: 0, NonImmediateOops: No
[1,381s][debug][gc,nmethod  ] Register NMethod: sun.reflect.generics.tree.ClassTypeSignature.getPath (0x000078e2fec53c08) [0x000078e2fec53d00, 0x000078e2fec53de8] Compiler: c1, Barriers: 1, Oops: 0, ImmediateOops: 0, NonImmediateOops: No
[1,381s][debug][gc,nmethod  ] Register NMethod: sun.reflect.annotation.AnnotationType.memberDefaults (0x000078e2fec53f08) [0x000078e2fec54000, 0x000078e2fec540e8] Compiler: c1, Barriers: 1, Oops: 0, ImmediateOops: 0, NonImmediateOops: No
[1,381s][debug][gc,nmethod  ] Register NMethod: sun.reflect.annotation.AnnotationType.retention (0x000078e2fec54208) [0x000078e2fec54300, 0x000078e2fec543e8] Compiler: c1, Barriers: 1, Oops: 0, ImmediateOops: 0, NonImmediateOops: No
[1,381s][debug][gc,nmethod  ] Register NMethod: sun.reflect.annotation.AnnotationType.memberTypes (0x000078e2fec54508) [0x000078e2fec54600, 0x000078e2fec546e8] Compiler: c1, Barriers: 1, Oops: 0, ImmediateOops: 0, NonImmediateOops: No
[1,381s][debug][gc,nmethod  ] Register NMethod: java.lang.System$1.getAnnotationType (0x000078e2df775088) [0x000078e2df775180, 0x000078e2df775490] Compiler: c1, Barriers: 1, Oops: 0, ImmediateOops: 0, NonImmediateOops: No
[1,381s][debug][gc,nmethod  ] Register NMethod: java.lang.invoke.MethodHandle.linkToInterface (0x000078e2fec54808) [0x000078e2fec54900, 0x000078e2fec54a30] Compiler: , Barriers: 0, Oops: 0, ImmediateOops: 0, NonImmediateOops: No
[1,381s][debug][gc,nmethod  ] Register NMethod: sun.reflect.annotation.AnnotationType.getInstance (0x000078e2df775508) [0x000078e2df775600, 0x000078e2df776110] Compiler: c1, Barriers: 3, Oops: 0, ImmediateOops: 1, NonImmediateOops: No
[1,382s][debug][gc,nmethod  ] Register NMethod: java.util.stream.ReduceOps$3ReducingSink.accept (0x000078e2df776188) [0x000078e2df776280, 0x000078e2df7765f8] Compiler: c1, Barriers: 2, Oops: 0, ImmediateOops: 0, NonImmediateOops: No
[1,382s][debug][gc,nmethod  ] Register NMethod: sun.reflect.generics.parser.SignatureParser.current (0x000078e2fec54b08) [0x000078e2fec54c00, 0x000078e2fec54dc8] Compiler: jvmci, Barriers: 2, Oops: 0, ImmediateOops: 0, NonImmediateOops: No
[1,382s][debug][gc,nmethod  ] Register NMethod: jdk.internal.classfile.impl.AbstractPseudoInstruction$ExceptionCatchImpl.handler (0x000078e2fec54e08) [0x000078e2fec54f00, 0x000078e2fec54fe8] Compiler: c1, Barriers: 1, Oops: 0, ImmediateOops: 0, NonImmediateOops: No
[1,383s][debug][gc,nmethod  ] Register NMethod: jdk.internal.classfile.impl.AbstractPseudoInstruction$ExceptionCatchImpl.tryEnd (0x000078e2fec55108) [0x000078e2fec55200, 0x000078e2fec552e8] Compiler: c1, Barriers: 1, Oops: 0, ImmediateOops: 0, NonImmediateOops: No
[1,383s][debug][gc,nmethod  ] Register NMethod: jdk.internal.classfile.impl.AbstractPseudoInstruction$ExceptionCatchImpl.tryStart (0x000078e2fec55408) [0x000078e2fec55500, 0x000078e2fec555e8] Compiler: c1, Barriers: 1, Oops: 0, ImmediateOops: 0, NonImmediateOops: No
[1,383s][debug][gc,nmethod  ] Register NMethod: jdk.internal.classfile.impl.AbstractPoolEntry$StringEntryImpl.tag (0x000078e2fec55708) [0x000078e2fec55800, 0x000078e2fec558c0] Compiler: c1, Barriers: 0, Oops: 0, ImmediateOops: 0, NonImmediateOops: No
[1,383s][debug][gc,nmethod  ] Register NMethod: java.util.BitSet.checkInvariants (0x000078e2fec55a08) [0x000078e2fec55b00, 0x000078e2fec55b80] Compiler: jvmci, Barriers: 0, Oops: 0, ImmediateOops: 0, NonImmediateOops: No
[1,383s][debug][gc,nmethod  ] Register NMethod: java.lang.Class.forName (0x000078e2df776608) [0x000078e2df776700, 0x000078e2df776820] Compiler: c1, Barriers: 0, Oops: 0, ImmediateOops: 0, NonImmediateOops: No
[1,383s][debug][gc,nmethod  ] Register NMethod: java.lang.invoke.TypeConvertingMethodAdapter.convertType (0x000078e2df776908) [0x000078e2df776a00, 0x000078e2df77eee8] Compiler: c1, Barriers: 12, Oops: 3, ImmediateOops: 31, NonImmediateOops: No
[1,383s][debug][gc,nmethod  ] Register NMethod: jdk.internal.classfile.impl.DirectCodeBuilder.startLabel (0x000078e2fec55d08) [0x000078e2fec55e00, 0x000078e2fec55ee8] Compiler: c1, Barriers: 1, Oops: 0, ImmediateOops: 0, NonImmediateOops: No
[1,383s][debug][gc,nmethod  ] Register NMethod: jdk.internal.classfile.impl.Util.slotSize (0x000078e2df77ef08) [0x000078e2df77f000, 0x000078e2df77f2a0] Compiler: c1, Barriers: 0, Oops: 0, ImmediateOops: 3, NonImmediateOops: No
[1,383s][debug][gc,nmethod  ] Register NMethod: java.util.ImmutableCollections$List12.isEmpty (0x000078e2fec56008) [0x000078e2fec56100, 0x000078e2fec561c0] Compiler: c1, Barriers: 0, Oops: 0, ImmediateOops: 0, NonImmediateOops: No
[1,384s][debug][gc,nmethod  ] Register NMethod: jdk.internal.classfile.impl.AbstractAttributeMapper.writeAttribute (0x000078e2df77f308) [0x000078e2df77f400, 0x000078e2df780d80] Compiler: c1, Barriers: 2, Oops: 0, ImmediateOops: 0, NonImmediateOops: No
[1,384s][debug][gc,nmethod  ] Register NMethod: jdk.internal.classfile.impl.AbstractPoolEntry$Utf8EntryImpl.charAt (0x000078e2df780d88) [0x000078e2df780e80, 0x000078e2df781a20] Compiler: c1, Barriers: 6, Oops: 1, ImmediateOops: 4, NonImmediateOops: No
[1,384s][debug][gc,director ] Rule Major: Warmup 10%, Used: 78MB, UsedThreshold: 1228MB
[1,384s][debug][gc,nmethod  ] Register NMethod: java.lang.ClassLoader.getUnnamedModule (0x000078e2fec56308) [0x000078e2fec56400, 0x000078e2fec564e8] Compiler: c1, Barriers: 1, Oops: 0, ImmediateOops: 0, NonImmediateOops: No
[1,384s][debug][gc,nmethod  ] Register NMethod: java.util.stream.StreamOpFlag.getMask (0x000078e2df781a88) [0x000078e2df781b80, 0x000078e2df781ce0] Compiler: c1, Barriers: 0, Oops: 0, ImmediateOops: 0, NonImmediateOops: No
[1,384s][debug][gc,nmethod  ] Register NMethod: java.util.stream.StreamOpFlag.combineOpFlags (0x000078e2df781d88) [0x000078e2df781e80, 0x000078e2df782020] Compiler: c1, Barriers: 0, Oops: 0, ImmediateOops: 0, NonImmediateOops: No
[1,385s][debug][gc,nmethod  ] Register NMethod: java.nio.ByteBuffer.position (0x000078e2df782088) [0x000078e2df782180, 0x000078e2df7822c8] Compiler: c1, Barriers: 0, Oops: 0, ImmediateOops: 0, NonImmediateOops: No
[1,385s][debug][gc,nmethod  ] Register NMethod: jdk.internal.classfile.impl.UnboundAttribute$UnboundStackMapTableAttribute.entries (0x000078e2fec56608) [0x000078e2fec56700, 0x000078e2fec567e8] Compiler: c1, Barriers: 1, Oops: 0, ImmediateOops: 0, NonImmediateOops: No
[1,385s][debug][gc,nmethod  ] Register NMethod: jdk.internal.classfile.impl.AbstractPoolEntry$Utf8EntryImpl.length (0x000078e2df782388) [0x000078e2df782480, 0x000078e2df782638] Compiler: c1, Barriers: 1, Oops: 0, ImmediateOops: 1, NonImmediateOops: No
[1,385s][debug][gc,nmethod  ] Register NMethod: jdk.internal.classfile.impl.StackMapDecoder$ObjectVerificationTypeInfoImpl.tag (0x000078e2fec56908) [0x000078e2fec56a00, 0x000078e2fec56ac0] Compiler: c1, Barriers: 0, Oops: 0, ImmediateOops: 0, NonImmediateOops: No
[1,385s][debug][gc,nmethod  ] Register NMethod: jdk.internal.classfile.impl.StackMapDecoder$ObjectVerificationTypeInfoImpl.className (0x000078e2fec56c08) [0x000078e2fec56d00, 0x000078e2fec56de8] Compiler: c1, Barriers: 1, Oops: 0, ImmediateOops: 0, NonImmediateOops: No
[1,385s][debug][gc,nmethod  ] Register NMethod: jdk.internal.classfile.impl.RawBytecodeHelper.getIndexU1 (0x000078e2df782688) [0x000078e2df782780, 0x000078e2df782b98] Compiler: c1, Barriers: 2, Oops: 0, ImmediateOops: 0, NonImmediateOops: No
[1,386s][debug][gc,nmethod  ] Register NMethod: jdk.internal.classfile.impl.DirectCodeBuilder.with (0x000078e2df782c08) [0x000078e2df782d00, 0x000078e2df783f20] Compiler: c1, Barriers: 2, Oops: 0, ImmediateOops: 0, NonImmediateOops: No
[1,386s][debug][gc,nmethod  ] Register NMethod: jdk.internal.classfile.impl.DirectCodeBuilder.with (0x000078e2df783f88) [0x000078e2df784080, 0x000078e2df784e60] Compiler: c1, Barriers: 2, Oops: 0, ImmediateOops: 0, NonImmediateOops: No
[1,386s][debug][gc,nmethod  ] Register NMethod: java.lang.PublicMethods$MethodList.<init> (0x000078e2df784e88) [0x000078e2df784f80, 0x000078e2df785150] Compiler: c1, Barriers: 3, Oops: 0, ImmediateOops: 0, NonImmediateOops: No
[1,390s][debug][gc,nmethod  ] Register NMethod: java.util.Collections$SingletonList.size (0x000078e2fec56f08) [0x000078e2fec57000, 0x000078e2fec570c0] Compiler: c1, Barriers: 0, Oops: 0, ImmediateOops: 0, NonImmediateOops: No
[1,390s][debug][gc,nmethod  ] Register NMethod: java.lang.reflect.Method.getSharedExceptionTypes (0x000078e2fec57208) [0x000078e2fec57300, 0x000078e2fec573e8] Compiler: c1, Barriers: 1, Oops: 0, ImmediateOops: 0, NonImmediateOops: No
[1,391s][debug][gc,nmethod  ] Register NMethod: java.lang.String.<init> (0x000078e2fec57508) [0x000078e2fec57600, 0x000078e2fec576f0] Compiler: jvmci, Barriers: 3, Oops: 0, ImmediateOops: 0, NonImmediateOops: No
[1,391s][debug][gc,nmethod  ] Register NMethod: java.lang.reflect.Method.getParameterCount (0x000078e2df785188) [0x000078e2df785280, 0x000078e2df7853b8] Compiler: c1, Barriers: 1, Oops: 0, ImmediateOops: 0, NonImmediateOops: No
[1,391s][debug][gc,nmethod  ] Register NMethod: java.util.Spliterators$ArraySpliterator.characteristics (0x000078e2fec57808) [0x000078e2fec57900, 0x000078e2fec579c0] Compiler: c1, Barriers: 0, Oops: 0, ImmediateOops: 0, NonImmediateOops: No
[1,391s][debug][gc,nmethod  ] Register NMethod: java.util.stream.Collectors$CollectorImpl.characteristics (0x000078e2fec57b08) [0x000078e2fec57c00, 0x000078e2fec57ce8] Compiler: c1, Barriers: 1, Oops: 0, ImmediateOops: 0, NonImmediateOops: No
[1,391s][debug][gc,nmethod  ] Register NMethod: java.util.StringJoiner.checkAddLength (0x000078e2df785488) [0x000078e2df785580, 0x000078e2df786140] Compiler: c1, Barriers: 4, Oops: 0, ImmediateOops: 1, NonImmediateOops: No
[1,391s][debug][gc,nmethod  ] Register NMethod: java.lang.Class.privateGetDeclaredMethods (0x000078e2df786188) [0x000078e2df786280, 0x000078e2df786e00] Compiler: c1, Barriers: 10, Oops: 0, ImmediateOops: 2, NonImmediateOops: No
[1,392s][debug][gc,nmethod  ] Register NMethod: jdk.internal.classfile.impl.DirectClassBuilder.with (0x000078e2df786e08) [0x000078e2df786f00, 0x000078e2df788120] Compiler: c1, Barriers: 2, Oops: 0, ImmediateOops: 0, NonImmediateOops: No
[1,392s][debug][gc,nmethod  ] Register NMethod: jdk.internal.classfile.impl.StackCounter.ensureLocalSlot (0x000078e2df788188) [0x000078e2df788280, 0x000078e2df7883b0] Compiler: c1, Barriers: 0, Oops: 0, ImmediateOops: 0, NonImmediateOops: No
[1,392s][debug][gc,nmethod  ] Register NMethod: jdk.internal.classfile.impl.UnboundAttribute.writeTo (0x000078e2df788488) [0x000078e2df788580, 0x000078e2df7888e8] Compiler: c1, Barriers: 1, Oops: 0, ImmediateOops: 0, NonImmediateOops: No
[1,392s][debug][gc,nmethod  ] Register NMethod: jdk.internal.classfile.impl.DirectClassBuilder.with (0x000078e2df788908) [0x000078e2df788a00, 0x000078e2df7897e0] Compiler: c1, Barriers: 2, Oops: 0, ImmediateOops: 0, NonImmediateOops: No
[1,392s][debug][gc,nmethod  ] Register NMethod: jdk.internal.misc.Unsafe.allocateUninitializedArray (0x000078e2fec57e08) [0x000078e2fec57f00, 0x000078e2fec58168] Compiler: jvmci, Barriers: 0, Oops: 0, ImmediateOops: 1, NonImmediateOops: No
[1,392s][debug][gc,nmethod  ] Register NMethod: java.util.ArrayDeque.<init> (0x000078e2df789808) [0x000078e2df789900, 0x000078e2df789bc0] Compiler: c1, Barriers: 3, Oops: 0, ImmediateOops: 0, NonImmediateOops: No
[1,392s][debug][gc,nmethod  ] Register NMethod: sun.reflect.generics.parser.SignatureParser.advance (0x000078e2fec58188) [0x000078e2fec58280, 0x000078e2fec583f8] Compiler: jvmci, Barriers: 2, Oops: 0, ImmediateOops: 0, NonImmediateOops: No
[1,393s][debug][gc,nmethod  ] Register NMethod: java.lang.Class.getInterfaces (0x000078e2df789c08) [0x000078e2df789d00, 0x000078e2df78a3d8] Compiler: c1, Barriers: 4, Oops: 0, ImmediateOops: 0, NonImmediateOops: No
[1,393s][debug][gc,nmethod  ] Register NMethod: jdk.internal.loader.Resource.getByteBuffer (0x000078e2df78a408) [0x000078e2df78a500, 0x000078e2df78b180] Compiler: c1, Barriers: 5, Oops: 0, ImmediateOops: 0, NonImmediateOops: No
[1,393s][debug][gc,nmethod  ] Register NMethod: jdk.internal.loader.ClassLoaders$AppClassLoader.defineOrCheckPackage (0x000078e2df78b188) [0x000078e2df78b280, 0x000078e2df78b3b0] Compiler: c1, Barriers: 0, Oops: 0, ImmediateOops: 0, NonImmediateOops: No
[1,393s][debug][gc,nmethod  ] Register NMethod: jdk.internal.loader.BuiltinClassLoader.defineClass (0x000078e2df78b488) [0x000078e2df78b580, 0x000078e2df78e488] Compiler: c1, Barriers: 6, Oops: 0, ImmediateOops: 0, NonImmediateOops: No
[1,394s][debug][gc,nmethod  ] Register NMethod: jdk.internal.loader.BuiltinClassLoader.defineOrCheckPackage (0x000078e2df78e508) [0x000078e2df78e600, 0x000078e2df78f738] Compiler: c1, Barriers: 0, Oops: 1, ImmediateOops: 2, NonImmediateOops: No
[1,394s][debug][gc,nmethod  ] Register NMethod: jdk.internal.loader.BuiltinClassLoader.getAndVerifyPackage (0x000078e2df78f788) [0x000078e2df78f880, 0x000078e2df7923d8] Compiler: c1, Barriers: 4, Oops: 4, ImmediateOops: 6, NonImmediateOops: No
[1,394s][debug][gc,nmethod  ] Register NMethod: java.util.concurrent.ConcurrentHashMap.get (0x000078e2df792408) [0x000078e2df792500, 0x000078e2df793518] Compiler: c1, Barriers: 7, Oops: 0, ImmediateOops: 0, NonImmediateOops: No
[1,394s][debug][gc,director ] Rule Major: Warmup 10%, Used: 80MB, UsedThreshold: 1228MB
[1,395s][debug][gc,nmethod  ] Register NMethod: java.util.HashMap.put (0x000078e2df793588) [0x000078e2df793680, 0x000078e2df793c68] Compiler: c1, Barriers: 0, Oops: 0, ImmediateOops: 0, NonImmediateOops: No
[1,395s][debug][gc,nmethod  ] Register NMethod: java.lang.classfile.constantpool.LoadableConstantEntry.typeKind (0x000078e2df793c88) [0x000078e2df793d80, 0x000078e2df793e88] Compiler: c1, Barriers: 0, Oops: 0, ImmediateOops: 1, NonImmediateOops: No
[1,395s][debug][gc,nmethod  ] Register NMethod: jdk.internal.classfile.impl.BytecodeHelpers.ldcOpcode (0x000078e2df793f88) [0x000078e2df794080, 0x000078e2df794830] Compiler: c1, Barriers: 0, Oops: 0, ImmediateOops: 3, NonImmediateOops: No
[1,395s][debug][gc,nmethod  ] Register NMethod: java.util.List.of (0x000078e2df794888) [0x000078e2df794980, 0x000078e2df795688] Compiler: c1, Barriers: 15, Oops: 0, ImmediateOops: 2, NonImmediateOops: No
[1,395s][debug][gc,nmethod  ] Register NMethod: jdk.internal.classfile.impl.DirectCodeBuilder.ldc (0x000078e2df795708) [0x000078e2df795800, 0x000078e2df7966b8] Compiler: c1, Barriers: 2, Oops: 0, ImmediateOops: 0, NonImmediateOops: No
[1,396s][debug][gc,nmethod  ] Register NMethod: jdk.internal.classfile.impl.DirectCodeBuilder.writeDirectLoadConstant (0x000078e2df796708) [0x000078e2df796800, 0x000078e2df797918] Compiler: c1, Barriers: 4, Oops: 0, ImmediateOops: 0, NonImmediateOops: No
[1,396s][debug][gc,nmethod  ] Register NMethod: java.lang.CharacterData.of (0x000078e2fec58488) [0x000078e2fec58580, 0x000078e2fec58668] Compiler: jvmci, Barriers: 0, Oops: 0, ImmediateOops: 2, NonImmediateOops: No
[1,396s][debug][gc,nmethod  ] Register NMethod: java.nio.Buffer.limit (0x000078e2df797988) [0x000078e2df797a80, 0x000078e2df797cf0] Compiler: c1, Barriers: 0, Oops: 0, ImmediateOops: 0, NonImmediateOops: No
[1,396s][debug][gc,nmethod  ] Register NMethod: java.lang.classfile.Attributes.stackMapTable (0x000078e2df797d08) [0x000078e2df797e00, 0x000078e2df797ee8] Compiler: c1, Barriers: 0, Oops: 0, ImmediateOops: 1, NonImmediateOops: No
[1,396s][debug][gc,nmethod  ] Register NMethod: jdk.internal.classfile.impl.AbstractPseudoInstruction.<init> (0x000078e2df798008) [0x000078e2df798100, 0x000078e2df7982b8] Compiler: c1, Barriers: 0, Oops: 0, ImmediateOops: 0, NonImmediateOops: No
[1,396s][debug][gc,nmethod  ] Register NMethod: jdk.internal.classfile.impl.AbstractPseudoInstruction$ExceptionCatchImpl.writeTo (0x000078e2df798308) [0x000078e2df798400, 0x000078e2df798700] Compiler: c1, Barriers: 0, Oops: 0, ImmediateOops: 0, NonImmediateOops: No
[1,396s][debug][gc,nmethod  ] Register NMethod: java.lang.invoke.MethodHandle.keepsAlive (0x000078e2df798708) [0x000078e2df798800, 0x000078e2df799400] Compiler: c1, Barriers: 2, Oops: 0, ImmediateOops: 6, NonImmediateOops: No
[1,396s][debug][gc,nmethod  ] Register NMethod: jdk.internal.classfile.impl.AbstractPseudoInstruction$ExceptionCatchImpl.<init> (0x000078e2df799408) [0x000078e2df799500, 0x000078e2df79a310] Compiler: c1, Barriers: 12, Oops: 0, ImmediateOops: 0, NonImmediateOops: No
[1,396s][debug][gc,nmethod  ] Register NMethod: jdk.internal.classfile.impl.BufWriterImpl.writeIndexOrZero (0x000078e2df79a388) [0x000078e2df79a480, 0x000078e2df79b190] Compiler: c1, Barriers: 2, Oops: 0, ImmediateOops: 0, NonImmediateOops: No
[1,396s][debug][gc,nmethod  ] Register NMethod: java.lang.invoke.DirectMethodHandle$Constructor.<init> (0x000078e2df79b208) [0x000078e2df79b300, 0x000078e2df79b550] Compiler: c1, Barriers: 6, Oops: 0, ImmediateOops: 0, NonImmediateOops: No
[1,396s][debug][gc,nmethod  ] Register NMethod: jdk.internal.classfile.impl.DirectCodeBuilder.addHandler (0x000078e2df79b588) [0x000078e2df79b680, 0x000078e2df79d288] Compiler: c1, Barriers: 9, Oops: 0, ImmediateOops: 0, NonImmediateOops: No
[1,396s][debug][gc,nmethod  ] Register NMethod: jdk.internal.reflect.ConstantPool.getUTF8At (0x000078e2df79d308) [0x000078e2df79d400, 0x000078e2df79d570] Compiler: c1, Barriers: 1, Oops: 0, ImmediateOops: 0, NonImmediateOops: No
[1,396s][debug][gc,nmethod  ] Register NMethod: java.lang.classfile.TypeKind.fromDescriptor (0x000078e2df79d608) [0x000078e2df79d700, 0x000078e2df79f1f0] Compiler: c1, Barriers: 0, Oops: 1, ImmediateOops: 14, NonImmediateOops: No
[1,397s][debug][gc,nmethod  ] Register NMethod: java.util.BitSet.set (0x000078e2fec58788) [0x000078e2fec58880, 0x000078e2fec589f0] Compiler: jvmci, Barriers: 1, Oops: 0, ImmediateOops: 0, NonImmediateOops: No
[1,398s][debug][gc,nmethod  ] Register NMethod: jdk.internal.loader.BuiltinClassLoader.findClassOnClassPathOrNull (0x000078e2df79f208) [0x000078e2df79f300, 0x000078e2df7a1ac0] Compiler: c1, Barriers: 6, Oops: 1, ImmediateOops: 8, NonImmediateOops: No
[1,398s][debug][gc,nmethod  ] Register NMethod: java.lang.CharacterDataLatin1.isWhitespace (0x000078e2fec58a88) [0x000078e2fec58b80, 0x000078e2fec58c78] Compiler: jvmci, Barriers: 0, Oops: 0, ImmediateOops: 1, NonImmediateOops: No
[1,398s][debug][gc,nmethod  ] Register NMethod: java.util.regex.Pattern.peek (0x000078e2df7a1b08) [0x000078e2df7a1c00, 0x000078e2df7a1e80] Compiler: c1, Barriers: 1, Oops: 0, ImmediateOops: 0, NonImmediateOops: No
[1,398s][debug][gc,nmethod  ] Register NMethod: java.lang.classfile.CodeBuilder.invoke (0x000078e2df7a1e88) [0x000078e2df7a1f80, 0x000078e2df7a2718] Compiler: c1, Barriers: 2, Oops: 0, ImmediateOops: 0, NonImmediateOops: No
[1,399s][debug][gc,nmethod  ] Register NMethod: jdk.internal.classfile.impl.DirectCodeBuilder.invoke (0x000078e2df7a2788) [0x000078e2df7a2880, 0x000078e2df7a56c8] Compiler: c1, Barriers: 7, Oops: 0, ImmediateOops: 1, NonImmediateOops: No
[1,401s][debug][gc,nmethod  ] Register NMethod: sun.invoke.util.VerifyAccess.ensureTypeVisible (0x000078e2df7a5708) [0x000078e2df7a5800, 0x000078e2df7a61d0] Compiler: c1, Barriers: 4, Oops: 0, ImmediateOops: 0, NonImmediateOops: No
[1,401s][debug][gc,nmethod  ] Register NMethod: jdk.internal.classfile.impl.SplitConstantPool.tryFindUtf8 (0x000078e2fec58d88) [0x000078e2fec58ea0, 0x000078e2fec597a8] Compiler: jvmci, Barriers: 12, Oops: 0, ImmediateOops: 2, NonImmediateOops: No
[1,401s][debug][gc,nmethod  ] Register NMethod: java.lang.invoke.MemberName.isMethod (0x000078e2df7a6208) [0x000078e2df7a6300, 0x000078e2df7a64b8] Compiler: c1, Barriers: 0, Oops: 0, ImmediateOops: 0, NonImmediateOops: No
[1,402s][debug][gc,nmethod  ] Register NMethod: jdk.internal.loader.AbstractClassLoaderValue.map (0x000078e2df7a6508) [0x000078e2df7a6600, 0x000078e2df7a69f8] Compiler: c1, Barriers: 0, Oops: 0, ImmediateOops: 2, NonImmediateOops: No
[1,403s][debug][gc,nmethod  ] Register NMethod: jdk.internal.classfile.impl.StackCounter.<init> (0x000078e2df7a6a08) [0x000078e2df7a6b00, 0x000078e2df7bd4d0] Compiler: c1, Barriers: 95, Oops: 2, ImmediateOops: 18, NonImmediateOops: No
[1,404s][debug][gc,nmethod  ] Register NMethod: java.util.Collections$EmptySet.contains (0x000078e2fec59808) [0x000078e2fec59900, 0x000078e2fec599c0] Compiler: c1, Barriers: 0, Oops: 0, ImmediateOops: 0, NonImmediateOops: No
[1,404s][debug][gc,nmethod  ] Register NMethod: jdk.internal.classfile.impl.AbstractPoolEntry.maybeClone (0x000078e2fec59b08) [0x000078e2fec59c00, 0x000078e2fec59ff0] Compiler: jvmci, Barriers: 5, Oops: 0, ImmediateOops: 0, NonImmediateOops: No
[1,404s][debug][gc,director ] Rule Major: Warmup 10%, Used: 80MB, UsedThreshold: 1228MB
[1,405s][debug][gc,nmethod  ] Register NMethod: jdk.internal.util.ArraysSupport.mismatch (0x000078e2df7bd508) [0x000078e2df7bd600, 0x000078e2df7bd9b8] Compiler: c1, Barriers: 0, Oops: 0, ImmediateOops: 0, NonImmediateOops: No
[1,405s][debug][gc,nmethod  ] Register NMethod: java.lang.StringLatin1.compareTo (0x000078e2df7bda08) [0x000078e2df7bdb00, 0x000078e2df7bde50] Compiler: c1, Barriers: 0, Oops: 0, ImmediateOops: 0, NonImmediateOops: No
[1,405s][debug][gc,nmethod  ] Register NMethod: jdk.internal.util.ArraysSupport.vectorizedMismatch (0x000078e2df7bde88) [0x000078e2df7bdf80, 0x000078e2df7be390] Compiler: c1, Barriers: 0, Oops: 0, ImmediateOops: 0, NonImmediateOops: No
[1,405s][debug][gc,nmethod  ] Register NMethod: java.lang.StringLatin1.compareTo (0x000078e2df7be408) [0x000078e2df7be500, 0x000078e2df7be630] Compiler: c1, Barriers: 0, Oops: 0, ImmediateOops: 0, NonImmediateOops: No
[1,405s][debug][gc,nmethod  ] Register NMethod: java.lang.Class.isArray (0x000078e2fec5a008) [0x000078e2fec5a100, 0x000078e2fec5a1b8] Compiler: jvmci, Barriers: 1, Oops: 0, ImmediateOops: 0, NonImmediateOops: No
[1,405s][debug][gc,nmethod  ] Register NMethod: java.util.StringJoiner.<init> (0x000078e2df7be708) [0x000078e2df7be800, 0x000078e2df7bf500] Compiler: c1, Barriers: 9, Oops: 3, ImmediateOops: 3, NonImmediateOops: No
[1,405s][debug][gc,nmethod  ] Register NMethod: java.util.stream.AbstractPipeline.evaluate (0x000078e2df7bf588) [0x000078e2df7bf680, 0x000078e2df7c0770] Compiler: c1, Barriers: 1, Oops: 0, ImmediateOops: 1, NonImmediateOops: No
[1,405s][debug][gc,nmethod  ] Register NMethod: java.util.StringJoiner.toString (0x000078e2df7c0788) [0x000078e2df7c0880, 0x000078e2df7c0b60] Compiler: c1, Barriers: 5, Oops: 0, ImmediateOops: 2, NonImmediateOops: No
[1,405s][debug][gc,nmethod  ] Register NMethod: java.util.StringJoiner.add (0x000078e2df7c0b88) [0x000078e2df7c0c80, 0x000078e2df7c2438] Compiler: c1, Barriers: 15, Oops: 0, ImmediateOops: 1, NonImmediateOops: No
[1,405s][debug][gc,nmethod  ] Register NMethod: java.lang.StringConcatHelper.newArray (0x000078e2df7c2488) [0x000078e2df7c2580, 0x000078e2df7c2bc8] Compiler: c1, Barriers: 0, Oops: 0, ImmediateOops: 3, NonImmediateOops: No
[1,405s][debug][gc,nmethod  ] Register NMethod: java.util.stream.Collectors$$Lambda/0x00000000920e07a8.accept (0x000078e2df7c2c08) [0x000078e2df7c2d00, 0x000078e2df7c3428] Compiler: c1, Barriers: 0, Oops: 0, ImmediateOops: 0, NonImmediateOops: No
[1,405s][debug][gc,nmethod  ] Register NMethod: java.util.stream.StreamOpFlag.isKnown (0x000078e2df7c3488) [0x000078e2df7c3580, 0x000078e2df7c36d8] Compiler: c1, Barriers: 0, Oops: 0, ImmediateOops: 0, NonImmediateOops: No
[1,406s][debug][gc,nmethod  ] Register NMethod: java.util.stream.Collectors$CollectorImpl.supplier (0x000078e2fec5a308) [0x000078e2fec5a400, 0x000078e2fec5a4e8] Compiler: c1, Barriers: 1, Oops: 0, ImmediateOops: 0, NonImmediateOops: No
[1,406s][debug][gc,nmethod  ] Register NMethod: java.util.stream.Collectors$CollectorImpl.accumulator (0x000078e2fec5a608) [0x000078e2fec5a700, 0x000078e2fec5a7e8] Compiler: c1, Barriers: 1, Oops: 0, ImmediateOops: 0, NonImmediateOops: No
[1,406s][debug][gc,nmethod  ] Register NMethod: java.util.stream.Collectors$CollectorImpl.combiner (0x000078e2fec5a908) [0x000078e2fec5aa00, 0x000078e2fec5aae8] Compiler: c1, Barriers: 1, Oops: 0, ImmediateOops: 0, NonImmediateOops: No
[1,406s][debug][gc,nmethod  ] Register NMethod: java.lang.Class.getTypeName (0x000078e2df7c3788) [0x000078e2df7c3880, 0x000078e2df7c6e10] Compiler: c1, Barriers: 11, Oops: 0, ImmediateOops: 5, NonImmediateOops: No
[1,406s][debug][gc,nmethod  ] Register NMethod: java.util.stream.ReduceOps$Box.get (0x000078e2fec5ac08) [0x000078e2fec5ad00, 0x000078e2fec5ade8] Compiler: c1, Barriers: 1, Oops: 0, ImmediateOops: 0, NonImmediateOops: No
[1,406s][debug][gc,nmethod  ] Register NMethod: java.util.stream.StreamSupport.stream (0x000078e2df7c6e88) [0x000078e2df7c6f80, 0x000078e2df7c7370] Compiler: c1, Barriers: 0, Oops: 0, ImmediateOops: 0, NonImmediateOops: No
[1,406s][debug][gc,nmethod  ] Register NMethod: java.util.stream.StreamOpFlag.fromCharacteristics (0x000078e2df7c7388) [0x000078e2df7c7480, 0x000078e2df7c7a08] Compiler: c1, Barriers: 0, Oops: 0, ImmediateOops: 0, NonImmediateOops: No
[1,406s][debug][gc,nmethod  ] Register NMethod: java.util.stream.AbstractPipeline.wrapSink (0x000078e2df7c7a88) [0x000078e2df7c7b80, 0x000078e2df7c80f8] Compiler: c1, Barriers: 2, Oops: 0, ImmediateOops: 0, NonImmediateOops: No
[1,406s][debug][gc,nmethod  ] Register NMethod: java.util.stream.ReferencePipeline.<init> (0x000078e2df7c8108) [0x000078e2df7c8200, 0x000078e2df7c8330] Compiler: c1, Barriers: 0, Oops: 0, ImmediateOops: 0, NonImmediateOops: No
[1,406s][debug][gc,nmethod  ] Register NMethod: java.util.stream.ReferencePipeline$Head.<init> (0x000078e2df7c8408) [0x000078e2df7c8500, 0x000078e2df7c8690] Compiler: c1, Barriers: 0, Oops: 0, ImmediateOops: 0, NonImmediateOops: No
[1,406s][debug][gc,nmethod  ] Register NMethod: java.util.stream.ReferencePipeline.<init> (0x000078e2df7c8708) [0x000078e2df7c8800, 0x000078e2df7c8930] Compiler: c1, Barriers: 0, Oops: 0, ImmediateOops: 0, NonImmediateOops: No
[1,406s][debug][gc,nmethod  ] Register NMethod: java.lang.String.join (0x000078e2df7c8a08) [0x000078e2df7c8b00, 0x000078e2df7cd0c8] Compiler: c1, Barriers: 14, Oops: 0, ImmediateOops: 4, NonImmediateOops: No
[1,406s][debug][gc,nmethod  ] Register NMethod: java.util.stream.AbstractPipeline.<init> (0x000078e2df7cd108) [0x000078e2df7cd200, 0x000078e2df7cd548] Compiler: c1, Barriers: 9, Oops: 0, ImmediateOops: 0, NonImmediateOops: No
[1,406s][debug][gc,nmethod  ] Register NMethod: java.util.stream.Collectors$CollectorImpl.finisher (0x000078e2fec5af08) [0x000078e2fec5b000, 0x000078e2fec5b0e8] Compiler: c1, Barriers: 1, Oops: 0, ImmediateOops: 0, NonImmediateOops: No
[1,406s][debug][gc,nmethod  ] Register NMethod: java.lang.reflect.Executable$$Lambda/0x0000000092117c60.apply (0x000078e2df7cd588) [0x000078e2df7cd680, 0x000078e2df7cd9d0] Compiler: c1, Barriers: 0, Oops: 0, ImmediateOops: 0, NonImmediateOops: No
[1,406s][debug][gc,nmethod  ] Register NMethod: java.util.stream.AbstractPipeline.<init> (0x000078e2df7cda08) [0x000078e2df7cdb00, 0x000078e2df7ce090] Compiler: c1, Barriers: 10, Oops: 0, ImmediateOops: 1, NonImmediateOops: No
[1,406s][debug][gc,nmethod  ] Register NMethod: java.util.stream.ReferencePipeline$StatelessOp.<init> (0x000078e2df7ce108) [0x000078e2df7ce200, 0x000078e2df7ce3b8] Compiler: c1, Barriers: 0, Oops: 0, ImmediateOops: 0, NonImmediateOops: No
[1,406s][debug][gc,nmethod  ] Register NMethod: java.util.stream.Sink$ChainedReference.end (0x000078e2df7ce408) [0x000078e2df7ce500, 0x000078e2df7ce840] Compiler: c1, Barriers: 1, Oops: 0, ImmediateOops: 0, NonImmediateOops: No
[1,406s][debug][gc,nmethod  ] Register NMethod: java.util.Spliterator.getExactSizeIfKnown (0x000078e2df7ce888) [0x000078e2df7ce980, 0x000078e2df7ceed0] Compiler: c1, Barriers: 0, Oops: 0, ImmediateOops: 0, NonImmediateOops: No
[1,406s][debug][gc,nmethod  ] Register NMethod: java.util.stream.Sink$ChainedReference.<init> (0x000078e2df7cef08) [0x000078e2df7cf000, 0x000078e2df7cf538] Compiler: c1, Barriers: 3, Oops: 0, ImmediateOops: 0, NonImmediateOops: No
[1,406s][debug][gc,nmethod  ] Register NMethod: java.util.stream.Sink.end (0x000078e2df7cf588) [0x000078e2df7cf680, 0x000078e2df7cf780] Compiler: c1, Barriers: 0, Oops: 0, ImmediateOops: 0, NonImmediateOops: No
[1,406s][debug][gc,nmethod  ] Register NMethod: java.lang.String.compareTo (0x000078e2df7cf888) [0x000078e2df7cf980, 0x000078e2df7d01b0] Compiler: c1, Barriers: 2, Oops: 0, ImmediateOops: 0, NonImmediateOops: No
[1,406s][debug][gc,nmethod  ] Register NMethod: java.util.stream.AbstractPipeline.copyInto (0x000078e2df7d0208) [0x000078e2df7d0300, 0x000078e2df7d1420] Compiler: c1, Barriers: 0, Oops: 1, ImmediateOops: 1, NonImmediateOops: No
[1,406s][debug][gc,nmethod  ] Register NMethod: java.lang.reflect.Method.isDefault (0x000078e2df7d1488) [0x000078e2df7d1580, 0x000078e2df7d1da8] Compiler: c1, Barriers: 1, Oops: 0, ImmediateOops: 0, NonImmediateOops: No
[1,406s][debug][gc,nmethod  ] Register NMethod: java.util.stream.AbstractPipeline.wrapAndCopyInto (0x000078e2df7d1e08) [0x000078e2df7d1f00, 0x000078e2df7d2770] Compiler: c1, Barriers: 0, Oops: 0, ImmediateOops: 0, NonImmediateOops: No
[1,407s][debug][gc,nmethod  ] Register NMethod: java.lang.String.replace (0x000078e2fec5b208) [0x000078e2fec5b300, 0x000078e2fec5b9b8] Compiler: jvmci, Barriers: 3, Oops: 0, ImmediateOops: 0, NonImmediateOops: No
[1,407s][debug][gc,nmethod  ] Register NMethod: java.lang.reflect.Modifier.methodModifiers (0x000078e2fec5ba08) [0x000078e2fec5bb00, 0x000078e2fec5bba0] Compiler: c1, Barriers: 0, Oops: 0, ImmediateOops: 0, NonImmediateOops: No
[1,407s][debug][gc,nmethod  ] Register NMethod: java.lang.System$1.join (0x000078e2df7d2788) [0x000078e2df7d2880, 0x000078e2df7d6ec0] Compiler: c1, Barriers: 14, Oops: 0, ImmediateOops: 4, NonImmediateOops: No
[1,407s][debug][gc,nmethod  ] Register NMethod: java.lang.reflect.Method.getParameterTypes (0x000078e2df7d6f08) [0x000078e2df7d7000, 0x000078e2df7d7578] Compiler: c1, Barriers: 1, Oops: 0, ImmediateOops: 0, NonImmediateOops: No
[1,407s][debug][gc,nmethod  ] Register NMethod: org.junit.internal.MethodSorter$1.compare (0x000078e2df7d7588) [0x000078e2df7d7680, 0x000078e2df7d7d78] Compiler: c1, Barriers: 0, Oops: 1, ImmediateOops: 0, NonImmediateOops: No
[1,407s][debug][gc,nmethod  ] Register NMethod: java.util.stream.ReferencePipeline$3.<init> (0x000078e2df7d7d88) [0x000078e2df7d7e80, 0x000078e2df7d8260] Compiler: c1, Barriers: 3, Oops: 0, ImmediateOops: 0, NonImmediateOops: No
[1,408s][debug][gc,nmethod  ] Register NMethod: java.util.stream.ReferencePipeline$3.opWrapSink (0x000078e2df7d8288) [0x000078e2df7d8380, 0x000078e2df7d8af8] Compiler: c1, Barriers: 7, Oops: 0, ImmediateOops: 0, NonImmediateOops: No
[1,408s][debug][gc,nmethod  ] Register NMethod: org.junit.internal.MethodSorter$1.compare (0x000078e2df7d8b08) [0x000078e2df7d8c00, 0x000078e2df7da488] Compiler: c1, Barriers: 4, Oops: 2, ImmediateOops: 1, NonImmediateOops: No
[1,408s][debug][gc,nmethod  ] Register NMethod: java.util.stream.ReferencePipeline$3$1.<init> (0x000078e2df7da508) [0x000078e2df7da600, 0x000078e2df7dad58] Compiler: c1, Barriers: 6, Oops: 0, ImmediateOops: 0, NonImmediateOops: No
[1,408s][debug][gc,nmethod  ] Register NMethod: java.util.Spliterators$ArraySpliterator.forEachRemaining (0x000078e2df7dad88) [0x000078e2df7dae80, 0x000078e2df7db450] Compiler: c1, Barriers: 2, Oops: 0, ImmediateOops: 0, NonImmediateOops: No
[1,408s][debug][gc,nmethod  ] Register NMethod: java.util.stream.ReferencePipeline.map (0x000078e2df7db488) [0x000078e2df7db580, 0x000078e2df7dba90] Compiler: c1, Barriers: 3, Oops: 1, ImmediateOops: 0, NonImmediateOops: No
[1,408s][debug][gc,nmethod  ] Register NMethod: java.util.Spliterators$ArraySpliterator.<init> (0x000078e2df7dbb08) [0x000078e2df7dbc00, 0x000078e2df7dbdf8] Compiler: c1, Barriers: 3, Oops: 0, ImmediateOops: 0, NonImmediateOops: No
[1,408s][debug][gc,nmethod  ] Register NMethod: java.util.stream.Sink$ChainedReference.begin (0x000078e2df7dbe08) [0x000078e2df7dbf00, 0x000078e2df7dc240] Compiler: c1, Barriers: 1, Oops: 0, ImmediateOops: 0, NonImmediateOops: No
[1,408s][debug][gc,nmethod  ] Register NMethod: java.util.stream.Collectors$CollectorImpl.<init> (0x000078e2df7dc288) [0x000078e2df7dc380, 0x000078e2df7dc780] Compiler: c1, Barriers: 15, Oops: 0, ImmediateOops: 0, NonImmediateOops: No
[1,408s][debug][gc,nmethod  ] Register NMethod: java.util.stream.ReduceOps$ReduceOp.<init> (0x000078e2df7dc788) [0x000078e2df7dc880, 0x000078e2df7dca50] Compiler: c1, Barriers: 3, Oops: 0, ImmediateOops: 0, NonImmediateOops: No
[1,408s][debug][gc,nmethod  ] Register NMethod: java.util.stream.ReduceOps$3.<init> (0x000078e2df7dca88) [0x000078e2df7dcb80, 0x000078e2df7dcf88] Compiler: c1, Barriers: 15, Oops: 0, ImmediateOops: 0, NonImmediateOops: No
[1,408s][debug][gc,nmethod  ] Register NMethod: java.util.stream.ReduceOps.makeRef (0x000078e2df7dd008) [0x000078e2df7dd100, 0x000078e2df7ddac8] Compiler: c1, Barriers: 18, Oops: 1, ImmediateOops: 1, NonImmediateOops: No
[1,408s][debug][gc,nmethod  ] Register NMethod: java.util.stream.ReduceOps$3.makeSink (0x000078e2df7ddb08) [0x000078e2df7ddc00, 0x000078e2df7ddd48] Compiler: c1, Barriers: 0, Oops: 0, ImmediateOops: 0, NonImmediateOops: No
[1,408s][debug][gc,nmethod  ] Register NMethod: java.util.stream.ReduceOps$ReduceOp.evaluateSequential (0x000078e2df7dde08) [0x000078e2df7ddf00, 0x000078e2df7de728] Compiler: c1, Barriers: 1, Oops: 0, ImmediateOops: 0, NonImmediateOops: No
[1,408s][debug][gc,nmethod  ] Register NMethod: java.util.stream.ReduceOps$3.getOpFlags (0x000078e2df7de788) [0x000078e2df7de880, 0x000078e2df7decc0] Compiler: c1, Barriers: 2, Oops: 0, ImmediateOops: 1, NonImmediateOops: No
[1,408s][debug][gc,nmethod  ] Register NMethod: java.util.stream.AbstractPipeline.sourceSpliterator (0x000078e2df7ded08) [0x000078e2df7dee00, 0x000078e2df7e08c8] Compiler: c1, Barriers: 14, Oops: 1, ImmediateOops: 2, NonImmediateOops: No
[1,408s][debug][gc,nmethod  ] Register NMethod: java.util.stream.ReferencePipeline.collect (0x000078e2df7e0908) [0x000078e2df7e0a00, 0x000078e2df7e2558] Compiler: c1, Barriers: 7, Oops: 1, ImmediateOops: 4, NonImmediateOops: No
[1,408s][debug][gc,nmethod  ] Register NMethod: java.lang.Class.getDeclaringClass0 (0x000078e2fec5bd08) [0x000078e2fec5be00, 0x000078e2fec5c120] Compiler: , Barriers: 0, Oops: 0, ImmediateOops: 0, NonImmediateOops: No
[1,408s][debug][gc,nmethod  ] Register NMethod: java.util.stream.ReduceOps$3.makeSink (0x000078e2df7e2588) [0x000078e2df7e2680, 0x000078e2df7e2af8] Compiler: c1, Barriers: 12, Oops: 0, ImmediateOops: 0, NonImmediateOops: No
[1,408s][debug][gc,nmethod  ] Register NMethod: java.util.stream.ReduceOps$Box.<init> (0x000078e2df7e2b08) [0x000078e2df7e2c00, 0x000078e2df7e2d58] Compiler: c1, Barriers: 0, Oops: 0, ImmediateOops: 0, NonImmediateOops: No
[1,408s][debug][gc,nmethod  ] Register NMethod: java.util.Arrays.stream (0x000078e2df7e2e08) [0x000078e2df7e2f00, 0x000078e2df7e30a8] Compiler: c1, Barriers: 0, Oops: 0, ImmediateOops: 0, NonImmediateOops: No
[1,408s][debug][gc,nmethod  ] Register NMethod: java.util.Arrays.stream (0x000078e2df7e3108) [0x000078e2df7e3200, 0x000078e2df7e3418] Compiler: c1, Barriers: 0, Oops: 0, ImmediateOops: 0, NonImmediateOops: No
[1,408s][debug][gc,nmethod  ] Register NMethod: java.util.stream.ReduceOps$3ReducingSink.begin (0x000078e2df7e3488) [0x000078e2df7e3580, 0x000078e2df7e3940] Compiler: c1, Barriers: 4, Oops: 0, ImmediateOops: 0, NonImmediateOops: No
[1,408s][debug][gc,nmethod  ] Register NMethod: java.lang.StringBuilder.toString (0x000078e2fec5c188) [0x000078e2fec5c280, 0x000078e2fec5c688] Compiler: jvmci, Barriers: 3, Oops: 0, ImmediateOops: 1, NonImmediateOops: No
[1,408s][debug][gc,nmethod  ] Register NMethod: java.util.stream.ReduceOps$3ReducingSink.<init> (0x000078e2df7e3988) [0x000078e2df7e3a80, 0x000078e2df7e3da0] Compiler: c1, Barriers: 9, Oops: 0, ImmediateOops: 0, NonImmediateOops: No
[1,408s][debug][gc,nmethod  ] Register NMethod: java.util.Arrays.spliterator (0x000078e2df7e3e08) [0x000078e2df7e3f00, 0x000078e2df7e4018] Compiler: c1, Barriers: 0, Oops: 0, ImmediateOops: 0, NonImmediateOops: No
[1,409s][debug][gc,nmethod  ] Register NMethod: java.util.stream.AbstractPipeline.isParallel (0x000078e2fec5c708) [0x000078e2fec5c800, 0x000078e2fec5c8e0] Compiler: jvmci, Barriers: 1, Oops: 0, ImmediateOops: 0, NonImmediateOops: No
[1,409s][debug][gc,nmethod  ] Register NMethod: java.util.Spliterators$ArraySpliterator.estimateSize (0x000078e2df7e4108) [0x000078e2df7e4200, 0x000078e2df7e4378] Compiler: c1, Barriers: 0, Oops: 0, ImmediateOops: 0, NonImmediateOops: No
[1,409s][debug][gc,nmethod  ] Register NMethod: java.util.Spliterators.spliterator (0x000078e2df7e4408) [0x000078e2df7e4500, 0x000078e2df7e4830] Compiler: c1, Barriers: 0, Oops: 0, ImmediateOops: 0, NonImmediateOops: No
[1,409s][debug][gc,nmethod  ] Register NMethod: java.lang.invoke.Invokers$Holder.linkToTargetMethod (0x000078e2df7e4888) [0x000078e2df7e4980, 0x000078e2df7e4e80] Compiler: c1, Barriers: 0, Oops: 0, ImmediateOops: 0, NonImmediateOops: No
[1,409s][debug][gc,nmethod  ] Register NMethod: java.util.stream.Collectors$$Lambda/0x00000000920e0578.<init> (0x000078e2df7e4e88) [0x000078e2df7e4f80, 0x000078e2df7e5240] Compiler: c1, Barriers: 9, Oops: 0, ImmediateOops: 0, NonImmediateOops: No
[1,409s][debug][gc,nmethod  ] Register NMethod: java.lang.invoke.DirectMethodHandle$Holder.newInvokeSpecial (0x000078e2df7e5288) [0x000078e2df7e5380, 0x000078e2df7e5c18] Compiler: c1, Barriers: 2, Oops: 0, ImmediateOops: 1, NonImmediateOops: No
[1,409s][debug][gc,nmethod  ] Register NMethod: java.util.stream.Collectors$$Lambda/0x00000000920e0578.get (0x000078e2df7e5c88) [0x000078e2df7e5d80, 0x000078e2df7e5f58] Compiler: c1, Barriers: 3, Oops: 0, ImmediateOops: 0, NonImmediateOops: No
[1,409s][debug][gc,nmethod  ] Register NMethod: java.util.stream.Collectors$$Lambda/0x00000000920e0c30.apply (0x000078e2df7e5f88) [0x000078e2df7e6080, 0x000078e2df7e6580] Compiler: c1, Barriers: 0, Oops: 0, ImmediateOops: 0, NonImmediateOops: No
[1,409s][debug][gc,nmethod  ] Register NMethod: java.util.stream.Collectors.lambda$joining$1 (0x000078e2df7e6588) [0x000078e2df7e6680, 0x000078e2df7e6810] Compiler: c1, Barriers: 0, Oops: 0, ImmediateOops: 0, NonImmediateOops: No
[1,409s][debug][gc,nmethod  ] Register NMethod: java.util.Spliterators.checkFromToBounds (0x000078e2df7e6888) [0x000078e2df7e6980, 0x000078e2df7e7f68] Compiler: c1, Barriers: 0, Oops: 3, ImmediateOops: 4, NonImmediateOops: No
[1,409s][debug][gc,nmethod  ] Register NMethod: java.util.StringJoiner.<init> (0x000078e2df7e7f88) [0x000078e2df7e8080, 0x000078e2df7e81c8] Compiler: c1, Barriers: 0, Oops: 0, ImmediateOops: 1, NonImmediateOops: No
[1,409s][debug][gc,nmethod  ] Register NMethod: java.lang.reflect.Method.specificToStringHeader (0x000078e2df7e8288) [0x000078e2df7e8380, 0x000078e2df7e9a58] Compiler: c1, Barriers: 3, Oops: 0, ImmediateOops: 0, NonImmediateOops: No
[1,409s][debug][gc,nmethod  ] Register NMethod: java.lang.reflect.Executable.printModifiersIfNonzero (0x000078e2df7e9a88) [0x000078e2df7e9b80, 0x000078e2df7eb0e8] Compiler: c1, Barriers: 0, Oops: 1, ImmediateOops: 1, NonImmediateOops: No
[1,409s][debug][gc,nmethod  ] Register NMethod: java.util.stream.Collectors.joining (0x000078e2df7eb108) [0x000078e2df7eb200, 0x000078e2df7ebed0] Compiler: c1, Barriers: 24, Oops: 8, ImmediateOops: 6, NonImmediateOops: No
[1,409s][debug][gc,nmethod  ] Register NMethod: java.lang.reflect.Method.toString (0x000078e2df7ebf88) [0x000078e2df7ec080, 0x000078e2df7ecda0] Compiler: c1, Barriers: 3, Oops: 0, ImmediateOops: 0, NonImmediateOops: No
[1,409s][debug][gc,nmethod  ] Register NMethod: java.lang.invoke.Invokers$Holder.linkToTargetMethod (0x000078e2fec5ca08) [0x000078e2fec5cb00, 0x000078e2fec5cbf0] Compiler: jvmci, Barriers: 0, Oops: 0, ImmediateOops: 0, NonImmediateOops: No
[1,409s][debug][gc,nmethod  ] Register NMethod: java.lang.reflect.Modifier.toString (0x000078e2df7ece08) [0x000078e2df7ecf00, 0x000078e2df7eec98] Compiler: c1, Barriers: 0, Oops: 1, ImmediateOops: 14, NonImmediateOops: No
[1,409s][debug][gc,nmethod  ] Register NMethod: java.lang.reflect.Executable.sharedToString (0x000078e2df7eed08) [0x000078e2df7eee00, 0x000078e2df7f22b0] Compiler: c1, Barriers: 0, Oops: 4, ImmediateOops: 13, NonImmediateOops: No
[1,409s][debug][gc,nmethod  ] Register NMethod: junit.framework.TestSuite.isTestMethod (0x000078e2df7f2308) [0x000078e2df7f2400, 0x000078e2df7f36f0] Compiler: c1, Barriers: 3, Oops: 3, ImmediateOops: 2, NonImmediateOops: No
[1,410s][debug][gc,nmethod  ] Register NMethod: java.util.HashMap.<init> (0x000078e2df7f3788) [0x000078e2df7f3880, 0x000078e2df7f54c8] Compiler: c1, Barriers: 0, Oops: 2, ImmediateOops: 4, NonImmediateOops: No
[1,410s][debug][gc,nmethod  ] Register NMethod: java.lang.invoke.LambdaForm$Holder.constant_L (0x000078e2fec5cd08) [0x000078e2fec5ce00, 0x000078e2fec5cf20] Compiler: jvmci, Barriers: 1, Oops: 0, ImmediateOops: 0, NonImmediateOops: No
[1,410s][debug][gc,nmethod  ] Register NMethod: java.lang.StringBuilder.append (0x000078e2df7f5508) [0x000078e2df7f5600, 0x000078e2df7f5960] Compiler: c1, Barriers: 0, Oops: 0, ImmediateOops: 0, NonImmediateOops: No
[1,410s][debug][gc,nmethod  ] Register NMethod: java.lang.AbstractStringBuilder.ensureCapacitySameCoder (0x000078e2df7f5988) [0x000078e2df7f5a80, 0x000078e2df7f5c28] Compiler: c1, Barriers: 0, Oops: 0, ImmediateOops: 0, NonImmediateOops: No
[1,410s][debug][gc,nmethod  ] Register NMethod: java.util.StringJoiner.checkAddLength (0x000078e2fec5d008) [0x000078e2fec5d100, 0x000078e2fec5d330] Compiler: jvmci, Barriers: 4, Oops: 0, ImmediateOops: 0, NonImmediateOops: No
[1,410s][debug][gc,nmethod  ] Register NMethod: java.io.FileInputStream.readBytes (0x000078e2fec5d388) [0x000078e2fec5d480, 0x000078e2fec5d5e8] Compiler: , Barriers: 0, Oops: 0, ImmediateOops: 0, NonImmediateOops: No
[1,411s][debug][gc,nmethod  ] Register NMethod: java.lang.Class.getInterfaces (0x000078e2df7f5c88) [0x000078e2df7f5d80, 0x000078e2df7f5eb8] Compiler: c1, Barriers: 0, Oops: 0, ImmediateOops: 0, NonImmediateOops: No
[1,411s][debug][gc,nmethod  ] Register NMethod: jdk.internal.loader.AbstractClassLoaderValue.extractValue (0x000078e2df7f5f88) [0x000078e2df7f6080, 0x000078e2df7f67d8] Compiler: c1, Barriers: 0, Oops: 0, ImmediateOops: 0, NonImmediateOops: No
[1,411s][debug][gc,nmethod  ] Register NMethod: java.nio.ByteBuffer.limit (0x000078e2df7f6808) [0x000078e2df7f6900, 0x000078e2df7f6a48] Compiler: c1, Barriers: 0, Oops: 0, ImmediateOops: 0, NonImmediateOops: No
[1,411s][debug][gc,nmethod  ] Register NMethod: java.lang.reflect.Field.getModifiers (0x000078e2fec5d688) [0x000078e2fec5d780, 0x000078e2fec5d840] Compiler: c1, Barriers: 0, Oops: 0, ImmediateOops: 0, NonImmediateOops: No
[1,411s][debug][gc,nmethod  ] Register NMethod: sun.reflect.annotation.AnnotationInvocationHandler.invoke (0x000078e2df7f6b08) [0x000078e2df7f6c00, 0x000078e2df7f8e90] Compiler: c1, Barriers: 10, Oops: 0, ImmediateOops: 7, NonImmediateOops: No
[1,411s][debug][gc,nmethod  ] Register NMethod: java.lang.Module.allows (0x000078e2df7f8f08) [0x000078e2df7f9000, 0x000078e2df7f9b68] Compiler: c1, Barriers: 1, Oops: 0, ImmediateOops: 3, NonImmediateOops: No
[1,411s][debug][gc,nmethod  ] Register NMethod: org.junit.internal.MethodSorter$2.compare (0x000078e2df7f9b88) [0x000078e2df7f9c80, 0x000078e2df7fa9c0] Compiler: c1, Barriers: 2, Oops: 1, ImmediateOops: 0, NonImmediateOops: No
[1,411s][debug][gc,nmethod  ] Register NMethod: org.junit.internal.MethodSorter$2.compare (0x000078e2df7faa08) [0x000078e2df7fab00, 0x000078e2df7fbe30] Compiler: c1, Barriers: 2, Oops: 1, ImmediateOops: 0, NonImmediateOops: No
[1,411s][debug][gc,nmethod  ] Register NMethod: sun.reflect.generics.parser.SignatureParser.mark (0x000078e2df7fbe88) [0x000078e2df7fbf80, 0x000078e2df7fc088] Compiler: c1, Barriers: 0, Oops: 0, ImmediateOops: 0, NonImmediateOops: No
[1,411s][debug][gc,nmethod  ] Register NMethod: org.junit.runners.model.FrameworkMethod.getMethod (0x000078e2fec5d988) [0x000078e2fec5da80, 0x000078e2fec5db68] Compiler: c1, Barriers: 1, Oops: 1, ImmediateOops: 0, NonImmediateOops: No
[1,411s][debug][gc,nmethod  ] Register NMethod: sun.reflect.generics.tree.SimpleClassTypeSignature.make (0x000078e2df7fc188) [0x000078e2df7fc280, 0x000078e2df7fc570] Compiler: c1, Barriers: 6, Oops: 0, ImmediateOops: 0, NonImmediateOops: No
[1,412s][debug][gc,nmethod  ] Register NMethod: sun.reflect.generics.parser.SignatureParser.markToCurrent (0x000078e2df7fc588) [0x000078e2df7fc680, 0x000078e2df7fc9b8] Compiler: c1, Barriers: 1, Oops: 0, ImmediateOops: 0, NonImmediateOops: No
[1,412s][debug][gc,nmethod  ] Register NMethod: sun.reflect.generics.tree.SimpleClassTypeSignature.<init> (0x000078e2df7fca08) [0x000078e2df7fcb00, 0x000078e2df7fcd50] Compiler: c1, Barriers: 6, Oops: 0, ImmediateOops: 0, NonImmediateOops: No
[1,412s][debug][gc,nmethod  ] Register NMethod: sun.reflect.generics.parser.SignatureParser.parseClassTypeSignatureSuffix (0x000078e2df7fcd88) [0x000078e2df7fce80, 0x000078e2df7fd2f0] Compiler: c1, Barriers: 0, Oops: 0, ImmediateOops: 0, NonImmediateOops: No
[1,412s][debug][gc,nmethod  ] Register NMethod: sun.reflect.generics.tree.ClassTypeSignature.make (0x000078e2df7fd308) [0x000078e2df7fd400, 0x000078e2df7fd668] Compiler: c1, Barriers: 3, Oops: 0, ImmediateOops: 0, NonImmediateOops: No
[1,412s][debug][gc,nmethod  ] Register NMethod: sun.reflect.generics.tree.ClassTypeSignature.<init> (0x000078e2df7fd688) [0x000078e2df7fd780, 0x000078e2df7fd950] Compiler: c1, Barriers: 3, Oops: 0, ImmediateOops: 0, NonImmediateOops: No
[1,412s][debug][gc,nmethod  ] Register NMethod: jdk.internal.misc.Unsafe.putReference (0x000078e2fec5dc88) [0x000078e2fec5dd80, 0x000078e2fec5def0] Compiler: , Barriers: 0, Oops: 0, ImmediateOops: 0, NonImmediateOops: No
[1,412s][debug][gc,nmethod  ] Register NMethod: java.util.Collections.emptyList (0x000078e2df7fd988) [0x000078e2df7fda80, 0x000078e2df7fdb68] Compiler: c1, Barriers: 0, Oops: 0, ImmediateOops: 1, NonImmediateOops: No
[1,412s][debug][gc,nmethod  ] Register NMethod: sun.reflect.generics.parser.SignatureParser.make (0x000078e2df7fdc88) [0x000078e2df7fdd80, 0x000078e2df7fdf70] Compiler: c1, Barriers: 0, Oops: 0, ImmediateOops: 0, NonImmediateOops: No
[1,412s][debug][gc,nmethod  ] Register NMethod: sun.reflect.generics.parser.SignatureParser.<init> (0x000078e2df7fdf88) [0x000078e2df7fe080, 0x000078e2df7fe1d8] Compiler: c1, Barriers: 0, Oops: 0, ImmediateOops: 0, NonImmediateOops: No
[1,412s][debug][gc,nmethod  ] Register NMethod: sun.reflect.generics.parser.SignatureParser.parseClassTypeSignature (0x000078e2df7fe288) [0x000078e2df7fe380, 0x000078e2df800230] Compiler: c1, Barriers: 11, Oops: 2, ImmediateOops: 4, NonImmediateOops: No
[1,412s][debug][gc,nmethod  ] Register NMethod: sun.reflect.generics.parser.SignatureParser.parseFieldTypeSignature (0x000078e2df800288) [0x000078e2df800380, 0x000078e2df8004b8] Compiler: c1, Barriers: 0, Oops: 0, ImmediateOops: 0, NonImmediateOops: No
[1,412s][debug][gc,nmethod  ] Register NMethod: sun.reflect.generics.parser.SignatureParser.init (0x000078e2df800588) [0x000078e2df800680, 0x000078e2df800800] Compiler: c1, Barriers: 3, Oops: 0, ImmediateOops: 0, NonImmediateOops: No
[1,412s][debug][gc,nmethod  ] Register NMethod: sun.reflect.generics.scope.AbstractScope.<init> (0x000078e2df800888) [0x000078e2df800980, 0x000078e2df800b50] Compiler: c1, Barriers: 3, Oops: 0, ImmediateOops: 0, NonImmediateOops: No
[1,412s][debug][gc,nmethod  ] Register NMethod: sun.reflect.generics.parser.SignatureParser.parsePackageNameAndSimpleClassTypeSignature (0x000078e2df800b88) [0x000078e2df800c80, 0x000078e2df802170] Compiler: c1, Barriers: 1, Oops: 1, ImmediateOops: 2, NonImmediateOops: No
[1,412s][debug][gc,nmethod  ] Register NMethod: sun.reflect.generics.parser.SignatureParser.parseFieldTypeSignature (0x000078e2df802188) [0x000078e2df802280, 0x000078e2df802740] Compiler: c1, Barriers: 0, Oops: 0, ImmediateOops: 3, NonImmediateOops: No
[1,412s][debug][gc,nmethod  ] Register NMethod: java.lang.PublicMethods$MethodList.merge (0x000078e2df802788) [0x000078e2df802880, 0x000078e2df8047a0] Compiler: c1, Barriers: 25, Oops: 0, ImmediateOops: 0, NonImmediateOops: No
[1,412s][debug][gc,nmethod  ] Register NMethod: sun.reflect.generics.factory.CoreReflectionFactory.make (0x000078e2df804808) [0x000078e2df804900, 0x000078e2df804be0] Compiler: c1, Barriers: 6, Oops: 0, ImmediateOops: 0, NonImmediateOops: No
[1,412s][debug][gc,nmethod  ] Register NMethod: sun.reflect.generics.factory.CoreReflectionFactory.<init> (0x000078e2df804c08) [0x000078e2df804d00, 0x000078e2df804f48] Compiler: c1, Barriers: 6, Oops: 0, ImmediateOops: 0, NonImmediateOops: No
[1,412s][debug][gc,nmethod  ] Register NMethod: sun.reflect.generics.visitor.Reifier.make (0x000078e2df804f88) [0x000078e2df805080, 0x000078e2df8052e8] Compiler: c1, Barriers: 3, Oops: 0, ImmediateOops: 0, NonImmediateOops: No
[1,412s][debug][gc,nmethod  ] Register NMethod: sun.reflect.generics.visitor.Reifier.<init> (0x000078e2df805308) [0x000078e2df805400, 0x000078e2df8055d0] Compiler: c1, Barriers: 3, Oops: 0, ImmediateOops: 0, NonImmediateOops: No
[1,412s][debug][gc,nmethod  ] Register NMethod: sun.reflect.generics.tree.ClassTypeSignature.accept (0x000078e2df805608) [0x000078e2df805700, 0x000078e2df805888] Compiler: c1, Barriers: 0, Oops: 0, ImmediateOops: 0, NonImmediateOops: No
[1,412s][debug][gc,nmethod  ] Register NMethod: sun.reflect.generics.parser.SignatureParser.parseTypeSignature (0x000078e2df805908) [0x000078e2df805a00, 0x000078e2df805e20] Compiler: c1, Barriers: 0, Oops: 0, ImmediateOops: 0, NonImmediateOops: No
[1,412s][debug][gc,nmethod  ] Register NMethod: sun.reflect.generics.factory.CoreReflectionFactory.makeNamedType (0x000078e2df805e88) [0x000078e2df805f80, 0x000078e2df806230] Compiler: c1, Barriers: 0, Oops: 0, ImmediateOops: 0, NonImmediateOops: No
[1,413s][debug][gc,nmethod  ] Register NMethod: sun.reflect.generics.scope.ClassScope.make (0x000078e2df806288) [0x000078e2df806380, 0x000078e2df806648] Compiler: c1, Barriers: 3, Oops: 0, ImmediateOops: 0, NonImmediateOops: No
[1,413s][debug][gc,nmethod  ] Register NMethod: sun.reflect.generics.scope.ClassScope.<init> (0x000078e2df806688) [0x000078e2df806780, 0x000078e2df8069b0] Compiler: c1, Barriers: 3, Oops: 0, ImmediateOops: 0, NonImmediateOops: No
[1,413s][debug][gc,nmethod  ] Register NMethod: sun.reflect.generics.parser.SignatureParser.parseTypeSig (0x000078e2df806a08) [0x000078e2df806b00, 0x000078e2df806d20] Compiler: c1, Barriers: 3, Oops: 0, ImmediateOops: 0, NonImmediateOops: No
[1,413s][debug][gc,nmethod  ] Register NMethod: sun.reflect.generics.factory.CoreReflectionFactory.getDeclsLoader (0x000078e2df806d88) [0x000078e2df806e80, 0x000078e2df8084b8] Compiler: c1, Barriers: 6, Oops: 0, ImmediateOops: 0, NonImmediateOops: No
[1,413s][debug][gc,nmethod  ] Register NMethod: java.lang.PublicMethods$MethodList.length (0x000078e2df808508) [0x000078e2df808600, 0x000078e2df808808] Compiler: c1, Barriers: 2, Oops: 0, ImmediateOops: 0, NonImmediateOops: No
[1,413s][debug][gc,nmethod  ] Register NMethod: sun.reflect.generics.visitor.Reifier.getResult (0x000078e2df808888) [0x000078e2df808980, 0x000078e2df808ac0] Compiler: c1, Barriers: 1, Oops: 0, ImmediateOops: 0, NonImmediateOops: No
[1,413s][debug][gc,nmethod  ] Register NMethod: java.lang.PublicMethods$Key.<init> (0x000078e2df808b88) [0x000078e2df808c80, 0x000078e2df809200] Compiler: c1, Barriers: 8, Oops: 1, ImmediateOops: 2, NonImmediateOops: No
[1,413s][debug][gc,nmethod  ] Register NMethod: java.lang.PublicMethods.merge (0x000078e2df809288) [0x000078e2df809380, 0x000078e2df80a420] Compiler: c1, Barriers: 14, Oops: 1, ImmediateOops: 2, NonImmediateOops: No
[1,413s][debug][gc,nmethod  ] Register NMethod: sun.reflect.annotation.AnnotationParser.parseSig (0x000078e2df80a488) [0x000078e2df80a580, 0x000078e2df80d248] Compiler: c1, Barriers: 18, Oops: 0, ImmediateOops: 2, NonImmediateOops: No
[1,413s][debug][gc,nmethod  ] Register NMethod: sun.reflect.generics.visitor.Reifier.visitClassTypeSignature (0x000078e2df80d288) [0x000078e2df80d380, 0x000078e2df810bd8] Compiler: c1, Barriers: 17, Oops: 0, ImmediateOops: 6, NonImmediateOops: No
[1,413s][debug][gc,nmethod  ] Register NMethod: java.util.LinkedHashMap.<init> (0x000078e2df810c08) [0x000078e2df810d00, 0x000078e2df810f30] Compiler: c1, Barriers: 0, Oops: 0, ImmediateOops: 0, NonImmediateOops: No
[1,413s][debug][gc,nmethod  ] Register NMethod: java.util.Collections$UnmodifiableCollection$1.hasNext (0x000078e2df810f88) [0x000078e2df811080, 0x000078e2df8113c8] Compiler: c1, Barriers: 1, Oops: 0, ImmediateOops: 0, NonImmediateOops: No
[1,413s][debug][gc,nmethod  ] Register NMethod: jdk.internal.loader.AbstractClassLoaderValue$Sub.hashCode (0x000078e2df811408) [0x000078e2df811500, 0x000078e2df811d00] Compiler: c1, Barriers: 2, Oops: 0, ImmediateOops: 0, NonImmediateOops: No
[1,413s][debug][gc,nmethod  ] Register NMethod: java.nio.ByteOrder.nativeOrder (0x000078e2df811d08) [0x000078e2df811e00, 0x000078e2df811ee8] Compiler: c1, Barriers: 0, Oops: 0, ImmediateOops: 1, NonImmediateOops: No
[1,413s][debug][gc,nmethod  ] Register NMethod: org.junit.runners.model.FrameworkMethod.getName (0x000078e2df812008) [0x000078e2df812100, 0x000078e2df812440] Compiler: c1, Barriers: 2, Oops: 1, ImmediateOops: 0, NonImmediateOops: No
[1,413s][debug][gc,nmethod  ] Register NMethod: java.nio.Buffer.<init> (0x000078e2df812488) [0x000078e2df812580, 0x000078e2df813f78] Compiler: c1, Barriers: 3, Oops: 3, ImmediateOops: 4, NonImmediateOops: No
[1,413s][debug][gc,nmethod  ] Register NMethod: sun.reflect.annotation.AnnotationParser.parseAnnotations (0x000078e2df814008) [0x000078e2df814100, 0x000078e2df814420] Compiler: c1, Barriers: 0, Oops: 0, ImmediateOops: 2, NonImmediateOops: No
[1,413s][debug][gc,nmethod  ] Register NMethod: sun.reflect.annotation.AnnotationParser.toClass (0x000078e2df814488) [0x000078e2df814580, 0x000078e2df816360] Compiler: c1, Barriers: 2, Oops: 0, ImmediateOops: 0, NonImmediateOops: No
[1,413s][debug][gc,nmethod  ] Register NMethod: java.lang.reflect.Constructor.newInstance (0x000078e2df816388) [0x000078e2df816480, 0x000078e2df816860] Compiler: c1, Barriers: 0, Oops: 0, ImmediateOops: 0, NonImmediateOops: No
[1,414s][debug][gc,nmethod  ] Register NMethod: java.lang.reflect.Constructor.newInstanceWithCaller (0x000078e2df816888) [0x000078e2df816980, 0x000078e2df816f98] Compiler: c1, Barriers: 2, Oops: 0, ImmediateOops: 0, NonImmediateOops: No
[1,414s][debug][gc,nmethod  ] Register NMethod: org.junit.platform.commons.util.Preconditions.condition (0x000078e2df817008) [0x000078e2df817100, 0x000078e2df8172e0] Compiler: c1, Barriers: 0, Oops: 1, ImmediateOops: 0, NonImmediateOops: No
[1,414s][debug][gc,nmethod  ] Register NMethod: jdk.internal.reflect.DirectConstructorHandleAccessor.invokeImpl (0x000078e2df817308) [0x000078e2df817400, 0x000078e2df819250] Compiler: c1, Barriers: 20, Oops: 3, ImmediateOops: 6, NonImmediateOops: No
[1,414s][debug][gc,nmethod  ] Register NMethod: java.lang.reflect.Executable.getAnnotation (0x000078e2df819288) [0x000078e2df819380, 0x000078e2df819fb8] Compiler: c1, Barriers: 0, Oops: 0, ImmediateOops: 0, NonImmediateOops: No
[1,414s][debug][gc,nmethod  ] Register NMethod: java.lang.reflect.Method.getAnnotation (0x000078e2df81a008) [0x000078e2df81a100, 0x000078e2df81ada0] Compiler: c1, Barriers: 0, Oops: 0, ImmediateOops: 0, NonImmediateOops: No
[1,414s][debug][gc,nmethod  ] Register NMethod: jdk.internal.reflect.DirectConstructorHandleAccessor.newInstance (0x000078e2df81ae08) [0x000078e2df81af00, 0x000078e2df81e540] Compiler: c1, Barriers: 20, Oops: 5, ImmediateOops: 12, NonImmediateOops: No
[1,415s][debug][gc,director ] Rule Major: Warmup 10%, Used: 82MB, UsedThreshold: 1228MB
[1,415s][debug][gc,nmethod  ] Register NMethod: org.junit.runners.ParentRunner.getTestClass (0x000078e2fec5df88) [0x000078e2fec5e080, 0x000078e2fec5e168] Compiler: c1, Barriers: 1, Oops: 1, ImmediateOops: 0, NonImmediateOops: No
[1,415s][debug][gc,nmethod  ] Register NMethod: org.junit.platform.commons.util.Preconditions.notNull (0x000078e2df81e588) [0x000078e2df81e680, 0x000078e2df81e910] Compiler: c1, Barriers: 0, Oops: 1, ImmediateOops: 0, NonImmediateOops: No
[1,415s][debug][gc,nmethod  ] Register NMethod: java.lang.Class.isAnnotation (0x000078e2df81e988) [0x000078e2df81ea80, 0x000078e2df81eda8] Compiler: c1, Barriers: 0, Oops: 0, ImmediateOops: 0, NonImmediateOops: No
[1,415s][debug][gc,nmethod  ] Register NMethod: org.junit.platform.commons.util.ReflectionUtils$$Lambda/0x000000009217d098.test (0x000078e2df81ee08) [0x000078e2df81ef00, 0x000078e2df81fb58] Compiler: c1, Barriers: 1, Oops: 1, ImmediateOops: 0, NonImmediateOops: No
[1,415s][debug][gc,nmethod  ] Register NMethod: java.nio.ByteBuffer.position (0x000078e2df81fb88) [0x000078e2df81fc80, 0x000078e2df81ff80] Compiler: c1, Barriers: 0, Oops: 0, ImmediateOops: 0, NonImmediateOops: No
[1,415s][debug][gc,nmethod  ] Register NMethod: jdk.internal.loader.AbstractClassLoaderValue.<init> (0x000078e2df81ff88) [0x000078e2df820080, 0x000078e2df8201d8] Compiler: c1, Barriers: 0, Oops: 0, ImmediateOops: 0, NonImmediateOops: No
[1,415s][debug][gc,nmethod  ] Register NMethod: java.nio.ByteBuffer.<init> (0x000078e2df820288) [0x000078e2df820380, 0x000078e2df8205c8] Compiler: c1, Barriers: 3, Oops: 0, ImmediateOops: 0, NonImmediateOops: No
[1,415s][debug][gc,nmethod  ] Register NMethod: java.util.LinkedHashMap.values (0x000078e2df820608) [0x000078e2df820700, 0x000078e2df820848] Compiler: c1, Barriers: 0, Oops: 0, ImmediateOops: 0, NonImmediateOops: No
[1,415s][debug][gc,nmethod  ] Register NMethod: java.util.Collections$EmptyIterator.hasNext (0x000078e2fec5e288) [0x000078e2fec5e380, 0x000078e2fec5e440] Compiler: c1, Barriers: 0, Oops: 0, ImmediateOops: 0, NonImmediateOops: No
[1,416s][debug][gc,nmethod  ] Register NMethod: java.util.LinkedHashMap.sequencedValues (0x000078e2df820908) [0x000078e2df820a00, 0x000078e2df821070] Compiler: c1, Barriers: 7, Oops: 0, ImmediateOops: 0, NonImmediateOops: No
[1,416s][debug][gc,nmethod  ] Register NMethod: java.util.Collections$UnmodifiableCollection$1.next (0x000078e2df821088) [0x000078e2df821180, 0x000078e2df8214c0] Compiler: c1, Barriers: 1, Oops: 0, ImmediateOops: 0, NonImmediateOops: No
[1,416s][debug][gc,nmethod  ] Register NMethod: java.lang.Module.implIsExportedOrOpen (0x000078e2df821508) [0x000078e2df821600, 0x000078e2df8228a0] Compiler: c1, Barriers: 5, Oops: 0, ImmediateOops: 0, NonImmediateOops: No
[1,416s][debug][gc,nmethod  ] Register NMethod: java.lang.AbstractStringBuilder.<init> (0x000078e2df822908) [0x000078e2df822a00, 0x000078e2df823860] Compiler: c1, Barriers: 4, Oops: 0, ImmediateOops: 0, NonImmediateOops: No
[1,416s][debug][gc,nmethod  ] Register NMethod: jdk.internal.loader.AbstractClassLoaderValue$Sub.<init> (0x000078e2df823888) [0x000078e2df823980, 0x000078e2df823d80] Compiler: c1, Barriers: 6, Oops: 0, ImmediateOops: 0, NonImmediateOops: No
[1,416s][debug][gc,nmethod  ] Register NMethod: jdk.internal.loader.AbstractClassLoaderValue.sub (0x000078e2df823d88) [0x000078e2df823e80, 0x000078e2df824248] Compiler: c1, Barriers: 6, Oops: 0, ImmediateOops: 0, NonImmediateOops: No
[1,416s][debug][gc,nmethod  ] Register NMethod: java.lang.reflect.AccessibleObject.checkCanSetAccessible (0x000078e2df824288) [0x000078e2df824380, 0x000078e2df8244b8] Compiler: c1, Barriers: 0, Oops: 0, ImmediateOops: 0, NonImmediateOops: No
[1,416s][debug][gc,nmethod  ] Register NMethod: sun.reflect.annotation.AnnotationParser.toArray (0x000078e2df824588) [0x000078e2df824680, 0x000078e2df824d90] Compiler: c1, Barriers: 0, Oops: 0, ImmediateOops: 1, NonImmediateOops: No
[1,416s][debug][gc,nmethod  ] Register NMethod: java.lang.reflect.AccessibleObject.setAccessible0 (0x000078e2df824e08) [0x000078e2df824f00, 0x000078e2df825010] Compiler: c1, Barriers: 0, Oops: 0, ImmediateOops: 0, NonImmediateOops: No
[1,416s][debug][gc,nmethod  ] Register NMethod: jdk.internal.loader.AbstractClassLoaderValue.computeIfAbsent (0x000078e2df825108) [0x000078e2df825200, 0x000078e2df826a88] Compiler: c1, Barriers: 9, Oops: 0, ImmediateOops: 2, NonImmediateOops: No
[1,416s][debug][gc,nmethod  ] Register NMethod: sun.reflect.annotation.AnnotationParser.parseAnnotation2 (0x000078e2df826b08) [0x000078e2df826c00, 0x000078e2df829378] Compiler: c1, Barriers: 5, Oops: 1, ImmediateOops: 2, NonImmediateOops: No
[1,416s][debug][gc,nmethod  ] Register NMethod: java.lang.reflect.AccessibleObject.getAnnotations (0x000078e2df829388) [0x000078e2df829480, 0x000078e2df829780] Compiler: c1, Barriers: 0, Oops: 0, ImmediateOops: 0, NonImmediateOops: No
[1,417s][debug][gc,nmethod  ] Register NMethod: java.lang.reflect.Method.getDeclaredAnnotations (0x000078e2df829788) [0x000078e2df829880, 0x000078e2df82a0a0] Compiler: c1, Barriers: 0, Oops: 0, ImmediateOops: 1, NonImmediateOops: No
[1,417s][debug][gc,nmethod  ] Register NMethod: java.lang.reflect.Executable.getDeclaredAnnotations (0x000078e2df82a108) [0x000078e2df82a200, 0x000078e2df82a9c0] Compiler: c1, Barriers: 0, Oops: 0, ImmediateOops: 1, NonImmediateOops: No
[1,417s][debug][gc,nmethod  ] Register NMethod: java.lang.reflect.AccessibleObject.checkCanSetAccessible (0x000078e2df82aa08) [0x000078e2df82ab00, 0x000078e2df82d418] Compiler: c1, Barriers: 3, Oops: 0, ImmediateOops: 3, NonImmediateOops: No
[1,417s][debug][gc,nmethod  ] Register NMethod: java.util.TimSort.binarySort (0x000078e2df82d488) [0x000078e2df82d580, 0x000078e2df82e5c8] Compiler: c1, Barriers: 13, Oops: 0, ImmediateOops: 0, NonImmediateOops: No
[1,419s][debug][gc,nmethod  ] Register NMethod: java.util.Properties.loadConvert (0x000078e2df82e608) [0x000078e2df82e700, 0x000078e2df830570] Compiler: c1, Barriers: 0, Oops: 0, ImmediateOops: 3, NonImmediateOops: No
[1,420s][debug][gc,nmethod  ] Register NMethod: java.util.Objects.hash (0x000078e2df830588) [0x000078e2df830680, 0x000078e2df830840] Compiler: c1, Barriers: 0, Oops: 0, ImmediateOops: 0, NonImmediateOops: No
[1,420s][debug][gc,nmethod  ] Register NMethod: java.lang.invoke.MethodHandle.linkToStatic (0x000078e2fec5e588) [0x000078e2fec5e680, 0x000078e2fec5e770] Compiler: , Barriers: 0, Oops: 0, ImmediateOops: 0, NonImmediateOops: No
[1,420s][debug][gc,nmethod  ] Register NMethod: java.util.ArrayList.add (0x000078e2fec5e888) [0x000078e2fec5e980, 0x000078e2fec5f0d8] Compiler: jvmci, Barriers: 16, Oops: 0, ImmediateOops: 1, NonImmediateOops: No
[1,421s][debug][gc,nmethod  ] Register NMethod: jdk.internal.classfile.impl.DirectCodeBuilder.return_ (0x000078e2df830888) [0x000078e2df830980, 0x000078e2df830cc8] Compiler: c1, Barriers: 1, Oops: 0, ImmediateOops: 0, NonImmediateOops: No
[1,422s][debug][gc,nmethod  ] Register NMethod: jdk.internal.classfile.impl.StackMapGenerator.processFieldInstructions (0x000078e2df830d08) [0x000078e2df830e00, 0x000078e2df8349b8] Compiler: c1, Barriers: 10, Oops: 2, ImmediateOops: 13, NonImmediateOops: No
[1,422s][debug][gc,nmethod  ] Register NMethod: java.util.ArrayList.indexOf (0x000078e2df834a08) [0x000078e2df834b00, 0x000078e2df834c50] Compiler: c1, Barriers: 0, Oops: 0, ImmediateOops: 0, NonImmediateOops: No
[1,422s][debug][gc,nmethod  ] Register NMethod: java.lang.String.<init> (0x000078e2df834d08) [0x000078e2df834e00, 0x000078e2df8359c0] Compiler: c1, Barriers: 10, Oops: 0, ImmediateOops: 0, NonImmediateOops: No
[1,422s][debug][gc,nmethod  ] Register NMethod: java.util.ArrayList.contains (0x000078e2df835a08) [0x000078e2df835b00, 0x000078e2df835d18] Compiler: c1, Barriers: 0, Oops: 0, ImmediateOops: 0, NonImmediateOops: No
[1,422s][debug][gc,nmethod  ] Register NMethod: java.util.ArrayList.indexOfRange (0x000078e2df835d88) [0x000078e2df835e80, 0x000078e2df8364b8] Compiler: c1, Barriers: 3, Oops: 0, ImmediateOops: 0, NonImmediateOops: No
[1,423s][debug][gc,nmethod  ] Register NMethod: junit.framework.TestSuite.isPublicTestMethod (0x000078e2df836508) [0x000078e2df836600, 0x000078e2df836a48] Compiler: c1, Barriers: 0, Oops: 1, ImmediateOops: 0, NonImmediateOops: No
[1,423s][debug][gc,nmethod  ] Register NMethod: java.lang.StringBuilder.append (0x000078e2fec5f108) [0x000078e2fec5f200, 0x000078e2fec5fa20] Compiler: jvmci, Barriers: 4, Oops: 0, ImmediateOops: 0, NonImmediateOops: No
[1,423s][debug][gc,nmethod  ] Register NMethod: java.lang.AbstractStringBuilder.isLatin1 (0x000078e2fec5fa88) [0x000078e2fec5fb80, 0x000078e2fec5fc10] Compiler: jvmci, Barriers: 0, Oops: 0, ImmediateOops: 0, NonImmediateOops: No
[1,423s][debug][gc,nmethod  ] Register NMethod: java.lang.invoke.LambdaForm$MH/0x0000000092085000.invoke (0x000078e2df836a88) [0x000078e2df836b80, 0x000078e2df8376e0] Compiler: c1, Barriers: 2, Oops: 1, ImmediateOops: 0, NonImmediateOops: No
[1,423s][debug][gc,nmethod  ] Register NMethod: junit.framework.TestSuite.addTestMethod (0x000078e2df837708) [0x000078e2df837800, 0x000078e2df83a9b8] Compiler: c1, Barriers: 12, Oops: 4, ImmediateOops: 5, NonImmediateOops: No
[1,423s][debug][gc,nmethod  ] Register NMethod: org.junit.runners.model.FrameworkMethod.getAnnotations (0x000078e2df83aa08) [0x000078e2df83ab00, 0x000078e2df83b5d8] Compiler: c1, Barriers: 1, Oops: 1, ImmediateOops: 1, NonImmediateOops: No
[1,424s][debug][gc,nmethod  ] Register NMethod: java.util.ArrayList.addAll (0x000078e2df83b608) [0x000078e2df83b700, 0x000078e2df83bca0] Compiler: c1, Barriers: 1, Oops: 0, ImmediateOops: 0, NonImmediateOops: No
[1,424s][debug][gc,nmethod  ] Register NMethod: java.lang.StringBuilder.length (0x000078e2fec5fd88) [0x000078e2fec5fe80, 0x000078e2fec5ff08] Compiler: jvmci, Barriers: 0, Oops: 0, ImmediateOops: 0, NonImmediateOops: No
[1,424s][debug][gc,nmethod  ] Register NMethod: java.nio.ByteBuffer.limit (0x000078e2df83bd08) [0x000078e2df83be00, 0x000078e2df83c100] Compiler: c1, Barriers: 0, Oops: 0, ImmediateOops: 0, NonImmediateOops: No
[1,425s][debug][gc,nmethod  ] Register NMethod: java.lang.Class.getDeclaredMethods0 (0x000078e2fec60088) [0x000078e2fec60180, 0x000078e2fec604a0] Compiler: , Barriers: 0, Oops: 0, ImmediateOops: 0, NonImmediateOops: No
[1,425s][debug][gc,director ] Rule Major: Warmup 10%, Used: 82MB, UsedThreshold: 1228MB
[1,425s][debug][gc,nmethod  ] Register NMethod: java.lang.reflect.Method.setAccessible (0x000078e2df83c108) [0x000078e2df83c200, 0x000078e2df83ca50] Compiler: c1, Barriers: 1, Oops: 0, ImmediateOops: 0, NonImmediateOops: No
[1,425s][debug][gc,nmethod  ] Register NMethod: java.lang.reflect.Method.checkCanSetAccessible (0x000078e2df83ca88) [0x000078e2df83cb80, 0x000078e2df83cf18] Compiler: c1, Barriers: 1, Oops: 0, ImmediateOops: 0, NonImmediateOops: No
[1,425s][debug][gc,nmethod  ] Register NMethod: org.junit.runners.model.TestClass$MethodComparator.compare (0x000078e2df83cf88) [0x000078e2df83d080, 0x000078e2df83d928] Compiler: c1, Barriers: 2, Oops: 2, ImmediateOops: 1, NonImmediateOops: No
[1,425s][debug][gc,nmethod  ] Register NMethod: java.util.LinkedHashMap.valuesToArray (0x000078e2df83d988) [0x000078e2df83da80, 0x000078e2df83e3e8] Compiler: c1, Barriers: 12, Oops: 0, ImmediateOops: 0, NonImmediateOops: No
[1,425s][debug][gc,nmethod  ] Register NMethod: java.util.ArrayList.toArray (0x000078e2df83e408) [0x000078e2df83e500, 0x000078e2df83e8e0] Compiler: c1, Barriers: 2, Oops: 0, ImmediateOops: 0, NonImmediateOops: No
[1,425s][debug][gc,nmethod  ] Register NMethod: java.util.LinkedHashMap$LinkedValues.toArray (0x000078e2df83e908) [0x000078e2df83ea00, 0x000078e2df83ef38] Compiler: c1, Barriers: 1, Oops: 0, ImmediateOops: 0, NonImmediateOops: No
[1,425s][debug][gc,nmethod  ] Register NMethod: java.util.HashMap.prepareArray (0x000078e2df83ef88) [0x000078e2df83f080, 0x000078e2df83fb78] Compiler: c1, Barriers: 5, Oops: 0, ImmediateOops: 0, NonImmediateOops: No
[1,425s][debug][gc,nmethod  ] Register NMethod: org.junit.runners.model.TestClass$MethodComparator.compare (0x000078e2df83fb88) [0x000078e2df83fc80, 0x000078e2df840cf0] Compiler: c1, Barriers: 4, Oops: 2, ImmediateOops: 1, NonImmediateOops: No
[1,425s][debug][gc,nmethod  ] Register NMethod: java.lang.Class.annotationData (0x000078e2df840d08) [0x000078e2df840e00, 0x000078e2df8410e8] Compiler: c1, Barriers: 1, Oops: 0, ImmediateOops: 0, NonImmediateOops: No
[1,426s][debug][gc,nmethod  ] Register NMethod: java.lang.AbstractStringBuilder.needsNewBuffer (0x000078e2fec60508) [0x000078e2fec60600, 0x000078e2fec606d8] Compiler: jvmci, Barriers: 0, Oops: 0, ImmediateOops: 0, NonImmediateOops: No
[1,426s][debug][gc,nmethod  ] Register NMethod: java.util.stream.Sink.end (0x000078e2fec60808) [0x000078e2fec60900, 0x000078e2fec60980] Compiler: jvmci, Barriers: 0, Oops: 0, ImmediateOops: 0, NonImmediateOops: No
[1,426s][debug][gc,nmethod  ] Register NMethod: java.lang.reflect.Proxy.newProxyInstance (0x000078e2df841108) [0x000078e2df841200, 0x000078e2df841498] Compiler: c1, Barriers: 0, Oops: 0, ImmediateOops: 0, NonImmediateOops: No
[1,426s][debug][gc,nmethod  ] Register NMethod: org.junit.runners.model.FrameworkMethod.getModifiers (0x000078e2df841508) [0x000078e2df841600, 0x000078e2df841910] Compiler: c1, Barriers: 1, Oops: 1, ImmediateOops: 0, NonImmediateOops: No
[1,426s][debug][gc,nmethod  ] Register NMethod: java.lang.reflect.Proxy.<init> (0x000078e2df841988) [0x000078e2df841a80, 0x000078e2df841da0] Compiler: c1, Barriers: 3, Oops: 0, ImmediateOops: 0, NonImmediateOops: No
[1,426s][debug][gc,nmethod  ] Register NMethod: java.util.Collections$UnmodifiableMap.get (0x000078e2df841e08) [0x000078e2df841f00, 0x000078e2df842240] Compiler: c1, Barriers: 1, Oops: 0, ImmediateOops: 0, NonImmediateOops: No
[1,427s][debug][gc,nmethod  ] Register NMethod: java.lang.reflect.Proxy.newProxyInstance (0x000078e2df842288) [0x000078e2df842380, 0x000078e2df8438d0] Compiler: c1, Barriers: 3, Oops: 0, ImmediateOops: 0, NonImmediateOops: No
[1,427s][debug][gc,nmethod  ] Register NMethod: java.util.List.of (0x000078e2df843908) [0x000078e2df843a00, 0x000078e2df843f50] Compiler: c1, Barriers: 6, Oops: 0, ImmediateOops: 1, NonImmediateOops: No
[1,427s][debug][gc,nmethod  ] Register NMethod: java.lang.reflect.Proxy.getProxyConstructor (0x000078e2df843f88) [0x000078e2df844080, 0x000078e2df845d58] Compiler: c1, Barriers: 16, Oops: 3, ImmediateOops: 8, NonImmediateOops: No
[1,427s][debug][gc,nmethod  ] Register NMethod: jdk.internal.classfile.impl.StackCounter.maxStack (0x000078e2fec60b08) [0x000078e2fec60c00, 0x000078e2fec60cc0] Compiler: c1, Barriers: 0, Oops: 0, ImmediateOops: 0, NonImmediateOops: No
[1,427s][debug][gc,nmethod  ] Register NMethod: jdk.internal.constant.ConstantUtils.referenceClassDesc (0x000078e2df845d88) [0x000078e2df845e80, 0x000078e2df846ac0] Compiler: c1, Barriers: 2, Oops: 1, ImmediateOops: 2, NonImmediateOops: No
[1,427s][debug][gc,nmethod  ] Register NMethod: jdk.internal.classfile.impl.StackCounter.maxLocals (0x000078e2fec60e08) [0x000078e2fec60f00, 0x000078e2fec60fc0] Compiler: c1, Barriers: 0, Oops: 0, ImmediateOops: 0, NonImmediateOops: No
[1,427s][debug][gc,nmethod  ] Register NMethod: java.lang.reflect.Constructor.getModifiers (0x000078e2fec61108) [0x000078e2fec61200, 0x000078e2fec612c0] Compiler: c1, Barriers: 0, Oops: 0, ImmediateOops: 0, NonImmediateOops: No
[1,428s][debug][gc,nmethod  ] Register NMethod: java.nio.ByteBuffer.wrap (0x000078e2df846b08) [0x000078e2df846c00, 0x000078e2df846d20] Compiler: c1, Barriers: 0, Oops: 0, ImmediateOops: 0, NonImmediateOops: No
[1,428s][debug][gc,nmethod  ] Register NMethod: java.nio.ByteBuffer.wrap (0x000078e2df846e08) [0x000078e2df846f00, 0x000078e2df847170] Compiler: c1, Barriers: 0, Oops: 0, ImmediateOops: 0, NonImmediateOops: No
[1,428s][debug][gc,nmethod  ] Register NMethod: org.junit.runners.model.FrameworkMember.isPublic (0x000078e2df847188) [0x000078e2df847280, 0x000078e2df847628] Compiler: c1, Barriers: 0, Oops: 1, ImmediateOops: 0, NonImmediateOops: No
[1,428s][debug][gc,nmethod  ] Register NMethod: java.nio.HeapByteBuffer.<init> (0x000078e2df847688) [0x000078e2df847780, 0x000078e2df8478f8] Compiler: c1, Barriers: 0, Oops: 0, ImmediateOops: 0, NonImmediateOops: No
[1,428s][debug][gc,nmethod  ] Register NMethod: java.util.HashMap$EntrySet.iterator (0x000078e2df847988) [0x000078e2df847a80, 0x000078e2df847e00] Compiler: c1, Barriers: 1, Oops: 0, ImmediateOops: 0, NonImmediateOops: No
[1,428s][debug][gc,nmethod  ] Register NMethod: org.junit.runners.model.FrameworkMethod.isShadowedBy (0x000078e2df847e08) [0x000078e2df847f00, 0x000078e2df848250] Compiler: c1, Barriers: 0, Oops: 1, ImmediateOops: 0, NonImmediateOops: No
[1,428s][debug][gc,nmethod  ] Register NMethod: java.util.HashMap.entrySet (0x000078e2df848288) [0x000078e2df848380, 0x000078e2df848848] Compiler: c1, Barriers: 7, Oops: 0, ImmediateOops: 0, NonImmediateOops: No
[1,428s][debug][gc,nmethod  ] Register NMethod: java.util.HashMap$EntryIterator.<init> (0x000078e2df848888) [0x000078e2df848980, 0x000078e2df848c00] Compiler: c1, Barriers: 0, Oops: 0, ImmediateOops: 0, NonImmediateOops: No
[1,428s][debug][gc,nmethod  ] Register NMethod: sun.reflect.annotation.AnnotationInvocationHandler.<init> (0x000078e2df848c08) [0x000078e2df848d00, 0x000078e2df84a580] Compiler: c1, Barriers: 8, Oops: 1, ImmediateOops: 3, NonImmediateOops: No
[1,429s][debug][gc,nmethod  ] Register NMethod: jdk.internal.loader.AbstractClassLoaderValue$Sub.equals (0x000078e2df84a608) [0x000078e2df84a700, 0x000078e2df84b6c0] Compiler: c1, Barriers: 4, Oops: 0, ImmediateOops: 0, NonImmediateOops: No
[1,429s][debug][gc,nmethod  ] Register NMethod: java.lang.CharacterDataLatin1.getPropertiesEx (0x000078e2df84b708) [0x000078e2df84b800, 0x000078e2df84b930] Compiler: c1, Barriers: 0, Oops: 0, ImmediateOops: 1, NonImmediateOops: No
[1,429s][debug][gc,nmethod  ] Register NMethod: org.junit.runners.model.FrameworkMethod.isShadowedBy (0x000078e2df84ba08) [0x000078e2df84bb00, 0x000078e2df84ec08] Compiler: c1, Barriers: 16, Oops: 1, ImmediateOops: 0, NonImmediateOops: No
[1,429s][debug][gc,nmethod  ] Register NMethod: java.util.Formatter$FormatSpecifier.index (0x000078e2fec61408) [0x000078e2fec61500, 0x000078e2fec615c0] Compiler: c1, Barriers: 0, Oops: 0, ImmediateOops: 0, NonImmediateOops: No
[1,429s][debug][gc,nmethod  ] Register NMethod: java.util.Formatter$Flags.contains (0x000078e2df84ec88) [0x000078e2df84ed80, 0x000078e2df84eeb0] Compiler: c1, Barriers: 0, Oops: 0, ImmediateOops: 0, NonImmediateOops: No
[1,429s][debug][gc,nmethod  ] Register NMethod: java.lang.CharacterDataLatin1.isUpperCase (0x000078e2df84ef88) [0x000078e2df84f080, 0x000078e2df84f418] Compiler: c1, Barriers: 0, Oops: 0, ImmediateOops: 1, NonImmediateOops: No
[1,429s][debug][gc,nmethod  ] Register NMethod: org.junit.runners.model.TestClass.getAnnotatedMembers (0x000078e2df84f488) [0x000078e2df84f580, 0x000078e2df850200] Compiler: c1, Barriers: 3, Oops: 1, ImmediateOops: 2, NonImmediateOops: No
[1,429s][debug][gc,nmethod  ] Register NMethod: java.util.Formatter$FixedString.index (0x000078e2fec61708) [0x000078e2fec61800, 0x000078e2fec618c0] Compiler: c1, Barriers: 0, Oops: 0, ImmediateOops: 0, NonImmediateOops: No
[1,429s][debug][gc,nmethod  ] Register NMethod: java.util.Collections.emptySet (0x000078e2df850288) [0x000078e2df850380, 0x000078e2df850468] Compiler: c1, Barriers: 0, Oops: 0, ImmediateOops: 1, NonImmediateOops: No
[1,429s][debug][gc,nmethod  ] Register NMethod: java.util.Collections$EmptyMap.get (0x000078e2fec61a08) [0x000078e2fec61b00, 0x000078e2fec61bc8] Compiler: c1, Barriers: 0, Oops: 0, ImmediateOops: 0, NonImmediateOops: No
[1,429s][debug][gc,nmethod  ] Register NMethod: java.util.Arrays$ArrayItr.hasNext (0x000078e2df850588) [0x000078e2df850680, 0x000078e2df850810] Compiler: c1, Barriers: 1, Oops: 0, ImmediateOops: 0, NonImmediateOops: No
[1,429s][debug][gc,nmethod  ] Register NMethod: org.junit.runners.model.FrameworkMethod.hashCode (0x000078e2df850888) [0x000078e2df850980, 0x000078e2df8517e8] Compiler: c1, Barriers: 4, Oops: 1, ImmediateOops: 0, NonImmediateOops: No
[1,429s][debug][gc,nmethod  ] Register NMethod: java.lang.reflect.Method.hashCode (0x000078e2df851808) [0x000078e2df851900, 0x000078e2df852510] Compiler: c1, Barriers: 3, Oops: 0, ImmediateOops: 0, NonImmediateOops: No
[1,430s][debug][gc,nmethod  ] Register NMethod: org.junit.runners.model.FrameworkMember.<init> (0x000078e2df852588) [0x000078e2df852680, 0x000078e2df8527d8] Compiler: c1, Barriers: 0, Oops: 1, ImmediateOops: 0, NonImmediateOops: No
[1,430s][debug][gc,nmethod  ] Register NMethod: org.junit.runners.model.TestClass.addToAnnotationLists (0x000078e2df852888) [0x000078e2df852980, 0x000078e2df853c28] Compiler: c1, Barriers: 1, Oops: 3, ImmediateOops: 2, NonImmediateOops: No
[1,430s][debug][gc,nmethod  ] Register NMethod: java.lang.ClassLoader.createOrGetClassLoaderValueMap (0x000078e2df853c88) [0x000078e2df853d80, 0x000078e2df854130] Compiler: c1, Barriers: 2, Oops: 0, ImmediateOops: 1, NonImmediateOops: No
[1,430s][debug][gc,nmethod  ] Register NMethod: org.junit.runners.model.FrameworkMethod.<init> (0x000078e2df854188) [0x000078e2df854280, 0x000078e2df855450] Compiler: c1, Barriers: 4, Oops: 1, ImmediateOops: 1, NonImmediateOops: No
[1,430s][debug][gc,nmethod  ] Register NMethod: org.junit.runners.model.TestClass.getJavaClass (0x000078e2fec61d08) [0x000078e2fec61e00, 0x000078e2fec61ee8] Compiler: c1, Barriers: 1, Oops: 1, ImmediateOops: 0, NonImmediateOops: No
[1,430s][debug][gc,nmethod  ] Register NMethod: java.lang.Class.getAnnotation (0x000078e2df855488) [0x000078e2df855580, 0x000078e2df855c68] Compiler: c1, Barriers: 1, Oops: 0, ImmediateOops: 0, NonImmediateOops: No
[1,430s][debug][gc,nmethod  ] Register NMethod: java.lang.invoke.MethodHandle.invokeBasic (0x000078e2fec62008) [0x000078e2fec62100, 0x000078e2fec62398] Compiler: , Barriers: 0, Oops: 0, ImmediateOops: 0, NonImmediateOops: No
[1,431s][debug][gc,nmethod  ] Register NMethod: java.lang.invoke.VarHandleGuards.guard_LLL_Z (0x000078e2df855c88) [0x000078e2df855d80, 0x000078e2df858c80] Compiler: c1, Barriers: 28, Oops: 0, ImmediateOops: 2, NonImmediateOops: No
[1,431s][debug][gc,nmethod  ] Register NMethod: java.util.Objects.equals (0x000078e2fec62408) [0x000078e2fec62500, 0x000078e2fec62980] Compiler: jvmci, Barriers: 8, Oops: 0, ImmediateOops: 0, NonImmediateOops: No
[1,432s][debug][gc,nmethod  ] Register NMethod: java.util.Collections$UnmodifiableCollection.iterator (0x000078e2df858c88) [0x000078e2df858d80, 0x000078e2df859330] Compiler: c1, Barriers: 7, Oops: 0, ImmediateOops: 0, NonImmediateOops: No
[1,432s][debug][gc,nmethod  ] Register NMethod: java.util.Collections$UnmodifiableCollection$1.<init> (0x000078e2df859388) [0x000078e2df859480, 0x000078e2df859a60] Compiler: c1, Barriers: 7, Oops: 0, ImmediateOops: 0, NonImmediateOops: No
[1,433s][debug][gc,nmethod  ] Register NMethod: java.lang.invoke.MethodHandle.linkToStatic (0x000078e2fec62988) [0x000078e2fec62a80, 0x000078e2fec62b70] Compiler: , Barriers: 0, Oops: 0, ImmediateOops: 0, NonImmediateOops: No
[1,433s][debug][gc,nmethod  ] Register NMethod: jdk.internal.classfile.impl.DirectCodeBuilder.parameterSlot (0x000078e2df859a88) [0x000078e2df859b80, 0x000078e2df859d38] Compiler: c1, Barriers: 1, Oops: 0, ImmediateOops: 0, NonImmediateOops: No
[1,433s][debug][gc,nmethod  ] Register NMethod: java.lang.AbstractStringBuilder.append (0x000078e2fec62c88) [0x000078e2fec62d80, 0x000078e2fec635a0] Compiler: jvmci, Barriers: 4, Oops: 0, ImmediateOops: 0, NonImmediateOops: No
[1,433s][debug][gc,nmethod  ] Register NMethod: jdk.internal.classfile.impl.DirectMethodBuilder.parameterSlot (0x000078e2df859d88) [0x000078e2df859e80, 0x000078e2df85ac00] Compiler: c1, Barriers: 6, Oops: 0, ImmediateOops: 0, NonImmediateOops: No
[1,433s][debug][gc,nmethod  ] Register NMethod: java.lang.invoke.InnerClassLambdaMetafactory.argName (0x000078e2df85ac08) [0x000078e2df85ad00, 0x000078e2df85b990] Compiler: c1, Barriers: 1, Oops: 1, ImmediateOops: 3, NonImmediateOops: No
[1,434s][debug][gc,nmethod  ] Register NMethod: java.util.LinkedHashMap.get (0x000078e2df85ba08) [0x000078e2df85bb00, 0x000078e2df85c0c0] Compiler: c1, Barriers: 1, Oops: 0, ImmediateOops: 0, NonImmediateOops: No
[1,435s][debug][gc,nmethod  ] Register NMethod: java.lang.Byte.hashCode (0x000078e2df85c108) [0x000078e2df85c200, 0x000078e2df85c2e0] Compiler: c1, Barriers: 0, Oops: 0, ImmediateOops: 0, NonImmediateOops: No
[1,435s][debug][gc,nmethod  ] Register NMethod: java.lang.Byte.<init> (0x000078e2df85c408) [0x000078e2df85c500, 0x000078e2df85c6c0] Compiler: c1, Barriers: 0, Oops: 0, ImmediateOops: 0, NonImmediateOops: No
[1,435s][debug][gc,nmethod  ] Register NMethod: java.lang.Byte.hashCode (0x000078e2df85c708) [0x000078e2df85c800, 0x000078e2df85c958] Compiler: c1, Barriers: 0, Oops: 0, ImmediateOops: 0, NonImmediateOops: No
[1,435s][debug][gc,director ] Rule Major: Warmup 10%, Used: 84MB, UsedThreshold: 1228MB
[1,435s][debug][gc,nmethod  ] Register NMethod: java.lang.invoke.MemberName.<init> (0x000078e2df85ca08) [0x000078e2df85cb00, 0x000078e2df85ea08] Compiler: c1, Barriers: 0, Oops: 4, ImmediateOops: 6, NonImmediateOops: No
[1,435s][debug][gc,nmethod  ] Register NMethod: java.lang.invoke.MemberName.hashCode (0x000078e2df85ea88) [0x000078e2df85eb80, 0x000078e2df8605a0] Compiler: c1, Barriers: 14, Oops: 0, ImmediateOops: 0, NonImmediateOops: No
[1,436s][debug][gc,nmethod  ] Register NMethod: jdk.internal.classfile.impl.AbstractPoolEntry$Utf8EntryImpl.equalsString (0x000078e2df860608) [0x000078e2df860700, 0x000078e2df8633d0] Compiler: c1, Barriers: 23, Oops: 1, ImmediateOops: 8, NonImmediateOops: No
[1,437s][debug][gc,nmethod  ] Register NMethod: jdk.internal.classfile.impl.BufWriterImpl.<init> (0x000078e2df863408) [0x000078e2df863500, 0x000078e2df863648] Compiler: c1, Barriers: 0, Oops: 0, ImmediateOops: 0, NonImmediateOops: No
[1,438s][debug][gc,nmethod  ] Register NMethod: java.lang.invoke.MethodHandle.linkToStatic (0x000078e2fec63608) [0x000078e2fec63700, 0x000078e2fec637f0] Compiler: , Barriers: 0, Oops: 0, ImmediateOops: 0, NonImmediateOops: No
[1,440s][debug][gc,nmethod  ] Register NMethod: jdk.internal.classfile.impl.AbstractPoolEntry$FieldRefEntryImpl.<init> (0x000078e2df863708) [0x000078e2df863800, 0x000078e2df863950] Compiler: c1, Barriers: 0, Oops: 0, ImmediateOops: 0, NonImmediateOops: No
[1,440s][debug][gc,nmethod  ] Register NMethod: java.util.LinkedHashMap.newNode (0x000078e2df863a08) [0x000078e2df863b00, 0x000078e2df863ce8] Compiler: c1, Barriers: 0, Oops: 0, ImmediateOops: 0, NonImmediateOops: No
[1,440s][debug][gc,nmethod  ] Register NMethod: java.util.LinkedHashMap.afterNodeInsertion (0x000078e2df863d08) [0x000078e2df863e00, 0x000078e2df8646e0] Compiler: c1, Barriers: 2, Oops: 0, ImmediateOops: 0, NonImmediateOops: No
[1,440s][debug][gc,nmethod  ] Register NMethod: java.util.stream.SortedOps$SizedRefSortingSink.accept (0x000078e2df864708) [0x000078e2df864800, 0x000078e2df864c08] Compiler: c1, Barriers: 4, Oops: 0, ImmediateOops: 0, NonImmediateOops: No
[1,440s][debug][gc,nmethod  ] Register NMethod: java.util.stream.Collectors$$Lambda/0x0000000092114238.accept (0x000078e2df864c88) [0x000078e2df864d80, 0x000078e2df8652a8] Compiler: c1, Barriers: 0, Oops: 0, ImmediateOops: 0, NonImmediateOops: No
[1,441s][debug][gc,nmethod  ] Register NMethod: java.util.ArrayList$ArrayListSpliterator.characteristics (0x000078e2fec63908) [0x000078e2fec63a00, 0x000078e2fec63ac0] Compiler: c1, Barriers: 0, Oops: 0, ImmediateOops: 0, NonImmediateOops: No
[1,441s][debug][gc,nmethod  ] Register NMethod: java.util.stream.MatchOps$BooleanTerminalSink.cancellationRequested (0x000078e2fec63c08) [0x000078e2fec63d00, 0x000078e2fec63dc0] Compiler: c1, Barriers: 0, Oops: 0, ImmediateOops: 0, NonImmediateOops: No
[1,441s][debug][gc,nmethod  ] Register NMethod: java.util.ArrayList$ArrayListSpliterator.getFence (0x000078e2df865308) [0x000078e2df865400, 0x000078e2df865570] Compiler: c1, Barriers: 1, Oops: 0, ImmediateOops: 0, NonImmediateOops: No
[1,441s][debug][gc,nmethod  ] Register NMethod: java.util.stream.MatchOps$1MatchSink.accept (0x000078e2df865608) [0x000078e2df865700, 0x000078e2df865af0] Compiler: c1, Barriers: 2, Oops: 0, ImmediateOops: 0, NonImmediateOops: No
[1,441s][debug][gc,nmethod  ] Register NMethod: org.junit.platform.commons.util.ReflectionUtils.isMethodShadowedBy (0x000078e2df865b08) [0x000078e2df865c00, 0x000078e2df8665d8] Compiler: c1, Barriers: 2, Oops: 1, ImmediateOops: 0, NonImmediateOops: No
[1,441s][debug][gc,nmethod  ] Register NMethod: java.util.ArrayList$ArrayListSpliterator.tryAdvance (0x000078e2df866608) [0x000078e2df866700, 0x000078e2df866de8] Compiler: c1, Barriers: 5, Oops: 0, ImmediateOops: 0, NonImmediateOops: No
[1,441s][debug][gc,nmethod  ] Register NMethod: org.junit.platform.commons.util.ReflectionUtils.lambda$isMethodShadowedByLocalMethods$34 (0x000078e2df866e08) [0x000078e2df866f00, 0x000078e2df867938] Compiler: c1, Barriers: 2, Oops: 1, ImmediateOops: 0, NonImmediateOops: No
[1,441s][debug][gc,nmethod  ] Register NMethod: org.junit.platform.commons.util.ReflectionUtils$$Lambda/0x000000009218a488.test (0x000078e2df867988) [0x000078e2df867a80, 0x000078e2df868778] Compiler: c1, Barriers: 3, Oops: 1, ImmediateOops: 0, NonImmediateOops: No
[1,441s][debug][gc,nmethod  ] Register NMethod: org.junit.platform.commons.util.ReflectionUtils.hasCompatibleSignature (0x000078e2df868788) [0x000078e2df868880, 0x000078e2df86a250] Compiler: c1, Barriers: 5, Oops: 1, ImmediateOops: 0, NonImmediateOops: No
[1,441s][debug][gc,nmethod  ] Register NMethod: java.lang.Boolean.booleanValue (0x000078e2fec63f08) [0x000078e2fec64000, 0x000078e2fec640c0] Compiler: c1, Barriers: 0, Oops: 0, ImmediateOops: 0, NonImmediateOops: No
[1,442s][debug][gc,nmethod  ] Register NMethod: java.util.Collection.stream (0x000078e2df86a288) [0x000078e2df86a380, 0x000078e2df86a6b8] Compiler: c1, Barriers: 0, Oops: 0, ImmediateOops: 0, NonImmediateOops: No
[1,442s][debug][gc,nmethod  ] Register NMethod: java.util.stream.Collectors$$Lambda/0x000000009210ff00.accept (0x000078e2df86a708) [0x000078e2df86a800, 0x000078e2df86aff0] Compiler: c1, Barriers: 4, Oops: 0, ImmediateOops: 0, NonImmediateOops: No
[1,442s][debug][gc,nmethod  ] Register NMethod: java.lang.Class.copyMethods (0x000078e2df86b008) [0x000078e2df86b100, 0x000078e2df86bb48] Compiler: c1, Barriers: 9, Oops: 0, ImmediateOops: 4, NonImmediateOops: No
[1,442s][debug][gc,nmethod  ] Register NMethod: java.util.stream.Sink.begin (0x000078e2df86bb88) [0x000078e2df86bc80, 0x000078e2df86bd80] Compiler: c1, Barriers: 0, Oops: 0, ImmediateOops: 0, NonImmediateOops: No
[1,442s][debug][gc,nmethod  ] Register NMethod: java.util.stream.AbstractPipeline.copyIntoWithCancel (0x000078e2df86be88) [0x000078e2df86bf80, 0x000078e2df86c990] Compiler: c1, Barriers: 1, Oops: 0, ImmediateOops: 0, NonImmediateOops: No
[1,442s][debug][gc,nmethod  ] Register NMethod: java.util.stream.MatchOps$BooleanTerminalSink.getAndClearState (0x000078e2fec64208) [0x000078e2fec64300, 0x000078e2fec643c0] Compiler: c1, Barriers: 0, Oops: 0, ImmediateOops: 0, NonImmediateOops: No
[1,442s][debug][gc,nmethod  ] Register NMethod: java.util.stream.ReferencePipeline.forEachWithCancel (0x000078e2df86ca08) [0x000078e2df86cb00, 0x000078e2df86d100] Compiler: c1, Barriers: 0, Oops: 0, ImmediateOops: 0, NonImmediateOops: No
[1,442s][debug][gc,nmethod  ] Register NMethod: java.lang.invoke.Invokers$Holder.linkToTargetMethod (0x000078e2df86d108) [0x000078e2df86d200, 0x000078e2df86d6f8] Compiler: c1, Barriers: 0, Oops: 0, ImmediateOops: 0, NonImmediateOops: No
[1,443s][debug][gc,nmethod  ] Register NMethod: java.lang.invoke.DirectMethodHandle$Holder.newInvokeSpecial (0x000078e2df86d708) [0x000078e2df86d800, 0x000078e2df86e080] Compiler: c1, Barriers: 2, Oops: 0, ImmediateOops: 1, NonImmediateOops: No
[1,443s][debug][gc,nmethod  ] Register NMethod: java.lang.reflect.Modifier.isSynthetic (0x000078e2df86e088) [0x000078e2df86e180, 0x000078e2df86e2b0] Compiler: c1, Barriers: 0, Oops: 0, ImmediateOops: 0, NonImmediateOops: No
[1,443s][debug][gc,nmethod  ] Register NMethod: java.lang.reflect.Method.isSynthetic (0x000078e2df86e388) [0x000078e2df86e480, 0x000078e2df86e6c0] Compiler: c1, Barriers: 0, Oops: 0, ImmediateOops: 0, NonImmediateOops: No
[1,443s][debug][gc,nmethod  ] Register NMethod: java.lang.reflect.Executable.isSynthetic (0x000078e2df86e708) [0x000078e2df86e800, 0x000078e2df86eba8] Compiler: c1, Barriers: 0, Oops: 0, ImmediateOops: 0, NonImmediateOops: No
[1,443s][debug][gc,nmethod  ] Register NMethod: org.junit.platform.commons.util.ReflectionUtils$$Lambda/0x000000009218e828.test (0x000078e2df86ec08) [0x000078e2df86ed00, 0x000078e2df86f3f8] Compiler: c1, Barriers: 0, Oops: 1, ImmediateOops: 0, NonImmediateOops: No
[1,443s][debug][gc,nmethod  ] Register NMethod: org.junit.platform.commons.util.ReflectionUtils.lambda$findAllMethodsInHierarchy$27 (0x000078e2df86f408) [0x000078e2df86f500, 0x000078e2df86f978] Compiler: c1, Barriers: 0, Oops: 1, ImmediateOops: 0, NonImmediateOops: No
[1,443s][debug][gc,nmethod  ] Register NMethod: java.util.stream.ReferencePipeline.filter (0x000078e2df86f988) [0x000078e2df86fa80, 0x000078e2df86ff90] Compiler: c1, Barriers: 3, Oops: 1, ImmediateOops: 0, NonImmediateOops: No
[1,443s][debug][gc,nmethod  ] Register NMethod: java.util.Collections$UnmodifiableCollection.contains (0x000078e2df870008) [0x000078e2df870100, 0x000078e2df870448] Compiler: c1, Barriers: 1, Oops: 0, ImmediateOops: 0, NonImmediateOops: No
[1,443s][debug][gc,nmethod  ] Register NMethod: java.util.ArrayList$ArrayListSpliterator.<init> (0x000078e2df870488) [0x000078e2df870580, 0x000078e2df8708c0] Compiler: c1, Barriers: 3, Oops: 0, ImmediateOops: 0, NonImmediateOops: No
[1,443s][debug][gc,nmethod  ] Register NMethod: java.util.ArrayList.spliterator (0x000078e2df870908) [0x000078e2df870a00, 0x000078e2df870d10] Compiler: c1, Barriers: 3, Oops: 0, ImmediateOops: 0, NonImmediateOops: No
[1,443s][debug][gc,nmethod  ] Register NMethod: java.util.RegularEnumSet.contains (0x000078e2df870d88) [0x000078e2df870e80, 0x000078e2df871920] Compiler: c1, Barriers: 3, Oops: 0, ImmediateOops: 0, NonImmediateOops: No
[1,443s][debug][gc,nmethod  ] Register NMethod: java.lang.Boolean.valueOf (0x000078e2df871988) [0x000078e2df871a80, 0x000078e2df871bd8] Compiler: c1, Barriers: 0, Oops: 0, ImmediateOops: 2, NonImmediateOops: No
[1,443s][debug][gc,nmethod  ] Register NMethod: java.util.ArrayList$ArrayListSpliterator.estimateSize (0x000078e2df871c88) [0x000078e2df871d80, 0x000078e2df871f58] Compiler: c1, Barriers: 1, Oops: 0, ImmediateOops: 0, NonImmediateOops: No
[1,443s][debug][gc,nmethod  ] Register NMethod: java.util.stream.MatchOps$MatchOp.<init> (0x000078e2df871f88) [0x000078e2df872080, 0x000078e2df872340] Compiler: c1, Barriers: 9, Oops: 0, ImmediateOops: 0, NonImmediateOops: No
[1,443s][debug][gc,nmethod  ] Register NMethod: java.util.stream.MatchOps$$Lambda/0x00000000920f77d0.<init> (0x000078e2df872388) [0x000078e2df872480, 0x000078e2df8726c8] Compiler: c1, Barriers: 6, Oops: 0, ImmediateOops: 0, NonImmediateOops: No
[1,444s][debug][gc,nmethod  ] Register NMethod: java.util.stream.MatchOps$MatchOp.getOpFlags (0x000078e2df872708) [0x000078e2df872800, 0x000078e2df872908] Compiler: c1, Barriers: 0, Oops: 0, ImmediateOops: 0, NonImmediateOops: No
[1,444s][debug][gc,nmethod  ] Register NMethod: java.util.stream.MatchOps.makeRef (0x000078e2df872a08) [0x000078e2df872b00, 0x000078e2df873630] Compiler: c1, Barriers: 15, Oops: 2, ImmediateOops: 3, NonImmediateOops: No
[1,444s][debug][gc,nmethod  ] Register NMethod: java.util.stream.MatchOps.lambda$makeRef$0 (0x000078e2df873688) [0x000078e2df873780, 0x000078e2df873b18] Compiler: c1, Barriers: 6, Oops: 0, ImmediateOops: 0, NonImmediateOops: No
[1,444s][debug][gc,nmethod  ] Register NMethod: java.util.stream.MatchOps$$Lambda/0x00000000920f77d0.get (0x000078e2df873b88) [0x000078e2df873c80, 0x000078e2df874100] Compiler: c1, Barriers: 8, Oops: 0, ImmediateOops: 0, NonImmediateOops: No
[1,444s][debug][gc,nmethod  ] Register NMethod: java.util.stream.MatchOps$1MatchSink.<init> (0x000078e2df874108) [0x000078e2df874200, 0x000078e2df874500] Compiler: c1, Barriers: 6, Oops: 0, ImmediateOops: 0, NonImmediateOops: No
[1,444s][debug][gc,nmethod  ] Register NMethod: java.util.stream.MatchOps$MatchOp.evaluateSequential (0x000078e2df874508) [0x000078e2df874600, 0x000078e2df875210] Compiler: c1, Barriers: 1, Oops: 0, ImmediateOops: 2, NonImmediateOops: No
[1,444s][debug][gc,nmethod  ] Register NMethod: java.util.stream.MatchOps$MatchOp.evaluateSequential (0x000078e2df875288) [0x000078e2df875380, 0x000078e2df8761a8] Compiler: c1, Barriers: 1, Oops: 0, ImmediateOops: 2, NonImmediateOops: No
[1,444s][debug][gc,nmethod  ] Register NMethod: java.util.TimSort.sort (0x000078e2df876208) [0x000078e2df876300, 0x000078e2df876a18] Compiler: c1, Barriers: 2, Oops: 0, ImmediateOops: 0, NonImmediateOops: No
[1,444s][debug][gc,nmethod  ] Register NMethod: java.util.stream.MatchOps$BooleanTerminalSink.<init> (0x000078e2df876a88) [0x000078e2df876b80, 0x000078e2df876d38] Compiler: c1, Barriers: 0, Oops: 0, ImmediateOops: 0, NonImmediateOops: No
[1,444s][debug][gc,nmethod  ] Register NMethod: org.junit.vintage.engine.descriptor.TestSourceProvider.lambda$findMethod$0 (0x000078e2fec64508) [0x000078e2fec64600, 0x000078e2fec646a0] Compiler: c1, Barriers: 0, Oops: 1, ImmediateOops: 0, NonImmediateOops: No
[1,444s][debug][gc,nmethod  ] Register NMethod: java.util.stream.ReferencePipeline.anyMatch (0x000078e2df876d88) [0x000078e2df876e80, 0x000078e2df877598] Compiler: c1, Barriers: 0, Oops: 0, ImmediateOops: 1, NonImmediateOops: No
[1,444s][debug][gc,nmethod  ] Register NMethod: org.junit.platform.commons.util.ReflectionUtils$$Lambda/0x000000009218a488.<init> (0x000078e2df877608) [0x000078e2df877700, 0x000078e2df8778d0] Compiler: c1, Barriers: 3, Oops: 1, ImmediateOops: 0, NonImmediateOops: No
[1,444s][debug][gc,nmethod  ] Register NMethod: org.junit.platform.commons.util.FunctionUtils.lambda$where$0 (0x000078e2df877908) [0x000078e2df877a00, 0x000078e2df877f00] Compiler: c1, Barriers: 0, Oops: 1, ImmediateOops: 0, NonImmediateOops: No
[1,444s][debug][gc,nmethod  ] Register NMethod: org.junit.platform.commons.util.FunctionUtils$$Lambda/0x000000009218f7f0.test (0x000078e2df877f88) [0x000078e2df878080, 0x000078e2df878668] Compiler: c1, Barriers: 2, Oops: 1, ImmediateOops: 0, NonImmediateOops: No
[1,444s][debug][gc,nmethod  ] Register NMethod: org.junit.platform.commons.util.ReflectionUtils$$Lambda/0x000000009218ea80.test (0x000078e2df878688) [0x000078e2df878780, 0x000078e2df879b10] Compiler: c1, Barriers: 4, Oops: 2, ImmediateOops: 3, NonImmediateOops: No
[1,444s][debug][gc,nmethod  ] Register NMethod: org.junit.platform.commons.util.ReflectionUtils.isMethodShadowedByLocalMethods (0x000078e2df879b88) [0x000078e2df879c80, 0x000078e2df87ac98] Compiler: c1, Barriers: 3, Oops: 2, ImmediateOops: 3, NonImmediateOops: No
[1,444s][debug][gc,nmethod  ] Register NMethod: java.util.function.Predicate.lambda$isEqual$0 (0x000078e2df87ad08) [0x000078e2df87ae00, 0x000078e2df87b0e8] Compiler: c1, Barriers: 0, Oops: 0, ImmediateOops: 0, NonImmediateOops: No
[1,444s][debug][gc,nmethod  ] Register NMethod: org.junit.vintage.engine.descriptor.TestSourceProvider$$Lambda/0x000000009218f398.apply (0x000078e2df87b108) [0x000078e2df87b200, 0x000078e2df87b718] Compiler: c1, Barriers: 1, Oops: 1, ImmediateOops: 0, NonImmediateOops: No
[1,444s][debug][gc,nmethod  ] Register NMethod: org.junit.platform.commons.util.ReflectionUtils.lambda$findAllMethodsInHierarchy$28 (0x000078e2df87b788) [0x000078e2df87b880, 0x000078e2df87c950] Compiler: c1, Barriers: 3, Oops: 2, ImmediateOops: 3, NonImmediateOops: No
[1,444s][debug][gc,nmethod  ] Register NMethod: java.util.function.Predicate$$Lambda/0x0000000092120c58.test (0x000078e2df87c988) [0x000078e2df87ca80, 0x000078e2df87ce20] Compiler: c1, Barriers: 1, Oops: 0, ImmediateOops: 0, NonImmediateOops: No
[1,445s][debug][gc,nmethod  ] Register NMethod: java.util.stream.ReferencePipeline$2$1.begin (0x000078e2df87ce88) [0x000078e2df87cf80, 0x000078e2df87d2c0] Compiler: c1, Barriers: 1, Oops: 0, ImmediateOops: 0, NonImmediateOops: No
[1,445s][debug][gc,nmethod  ] Register NMethod: java.util.stream.ReferencePipeline$2.opWrapSink (0x000078e2df87d308) [0x000078e2df87d400, 0x000078e2df87db78] Compiler: c1, Barriers: 7, Oops: 0, ImmediateOops: 0, NonImmediateOops: No
[1,445s][debug][gc,nmethod  ] Register NMethod: java.util.stream.ReferencePipeline$2$1.<init> (0x000078e2df87db88) [0x000078e2df87dc80, 0x000078e2df87e3d8] Compiler: c1, Barriers: 6, Oops: 0, ImmediateOops: 0, NonImmediateOops: No
[1,445s][debug][gc,nmethod  ] Register NMethod: java.lang.StringLatin1.trim (0x000078e2df87e408) [0x000078e2df87e500, 0x000078e2df87e878] Compiler: c1, Barriers: 0, Oops: 0, ImmediateOops: 0, NonImmediateOops: No
[1,445s][debug][gc,nmethod  ] Register NMethod: java.lang.String.trim (0x000078e2df87e888) [0x000078e2df87e980, 0x000078e2df87ee58] Compiler: c1, Barriers: 2, Oops: 0, ImmediateOops: 0, NonImmediateOops: No
[1,445s][debug][gc,director ] Rule Major: Warmup 10%, Used: 88MB, UsedThreshold: 1228MB
[1,445s][debug][gc,nmethod  ] Register NMethod: java.util.stream.Collectors.castingIdentity (0x000078e2df87ee88) [0x000078e2df87ef80, 0x000078e2df87f120] Compiler: c1, Barriers: 0, Oops: 1, ImmediateOops: 1, NonImmediateOops: No
[1,445s][debug][gc,nmethod  ] Register NMethod: org.junit.vintage.engine.descriptor.TestSourceProvider$$Lambda/0x000000009218e5d0.test (0x000078e2df87f188) [0x000078e2df87f280, 0x000078e2df87f5e8] Compiler: c1, Barriers: 0, Oops: 1, ImmediateOops: 0, NonImmediateOops: No
[1,445s][debug][gc,nmethod  ] Register NMethod: java.util.stream.Collectors$CollectorImpl.<init> (0x000078e2df87f608) [0x000078e2df87f700, 0x000078e2df87fc78] Compiler: c1, Barriers: 15, Oops: 2, ImmediateOops: 1, NonImmediateOops: No
[1,446s][debug][gc,nmethod  ] Register NMethod: java.util.ArrayList$ArrayListSpliterator.forEachRemaining (0x000078e2df87fd08) [0x000078e2df87fe00, 0x000078e2df880558] Compiler: c1, Barriers: 4, Oops: 0, ImmediateOops: 0, NonImmediateOops: No
[1,446s][debug][gc,nmethod  ] Register NMethod: java.lang.invoke.VarHandleReferences$FieldInstanceReadWrite.compareAndSet (0x000078e2df880588) [0x000078e2df880680, 0x000078e2df881c38] Compiler: c1, Barriers: 7, Oops: 1, ImmediateOops: 0, NonImmediateOops: No
[1,447s][debug][gc,nmethod  ] Register NMethod: org.junit.platform.engine.support.descriptor.AbstractTestDescriptor.getUniqueId (0x000078e2fec64808) [0x000078e2fec64900, 0x000078e2fec649e8] Compiler: c1, Barriers: 1, Oops: 1, ImmediateOops: 0, NonImmediateOops: No
[1,447s][debug][gc,nmethod  ] Register NMethod: org.junit.platform.commons.util.StringUtils.isNotBlank (0x000078e2df881c88) [0x000078e2df881d80, 0x000078e2df882420] Compiler: c1, Barriers: 1, Oops: 1, ImmediateOops: 0, NonImmediateOops: No
[1,447s][debug][gc,nmethod  ] Register NMethod: org.junit.platform.commons.util.StringUtils.isBlank (0x000078e2df882488) [0x000078e2df882580, 0x000078e2df882f78] Compiler: c1, Barriers: 3, Oops: 1, ImmediateOops: 0, NonImmediateOops: No
[1,447s][debug][gc,nmethod  ] Register NMethod: org.junit.platform.commons.util.Preconditions.notBlank (0x000078e2df882f88) [0x000078e2df883080, 0x000078e2df8838e8] Compiler: c1, Barriers: 1, Oops: 1, ImmediateOops: 0, NonImmediateOops: No
[1,447s][debug][gc,nmethod  ] Register NMethod: java.lang.invoke.Invokers$Holder.invokeExact_MT (0x000078e2df883908) [0x000078e2df883a00, 0x000078e2df884568] Compiler: c1, Barriers: 3, Oops: 0, ImmediateOops: 0, NonImmediateOops: No
[1,448s][debug][gc,nmethod  ] Register NMethod: org.junit.platform.commons.function.Try.of (0x000078e2df884588) [0x000078e2df884680, 0x000078e2df884f08] Compiler: c1, Barriers: 0, Oops: 1, ImmediateOops: 1, NonImmediateOops: No
[1,448s][debug][gc,nmethod  ] Register NMethod: org.junit.platform.commons.function.Try.checkNotNull (0x000078e2df884f88) [0x000078e2df885080, 0x000078e2df885d80] Compiler: c1, Barriers: 0, Oops: 2, ImmediateOops: 2, NonImmediateOops: No
[1,448s][debug][gc,nmethod  ] Register NMethod: org.junit.runner.Description.getDisplayName (0x000078e2fec64b08) [0x000078e2fec64c00, 0x000078e2fec64ce8] Compiler: c1, Barriers: 1, Oops: 1, ImmediateOops: 0, NonImmediateOops: No
[1,448s][debug][gc,nmethod  ] Register NMethod: java.util.jar.JarFile.getEntry (0x000078e2fec64e08) [0x000078e2fec64f00, 0x000078e2fec66370] Compiler: jvmci, Barriers: 14, Oops: 2, ImmediateOops: 8, NonImmediateOops: No
[1,448s][debug][gc,nmethod  ] Register NMethod: jdk.internal.loader.URLClassPath$JarLoader.getResource (0x000078e2fec66388) [0x000078e2fec66480, 0x000078e2fec67b48] Compiler: jvmci, Barriers: 19, Oops: 2, ImmediateOops: 8, NonImmediateOops: No
[1,449s][debug][gc,nmethod  ] Register NMethod: jdk.internal.classfile.impl.BytecodeHelpers.returnBytecode (0x000078e2df885e08) [0x000078e2df885f00, 0x000078e2df886260] Compiler: c1, Barriers: 0, Oops: 0, ImmediateOops: 0, NonImmediateOops: No
[1,449s][debug][gc,nmethod  ] Register NMethod: jdk.internal.classfile.impl.DirectCodeBuilder.return_ (0x000078e2df886288) [0x000078e2df886380, 0x000078e2df886998] Compiler: c1, Barriers: 1, Oops: 0, ImmediateOops: 0, NonImmediateOops: No
[1,450s][debug][gc,nmethod  ] Register NMethod: jdk.internal.misc.VM.isSystemDomainLoader (0x000078e2df886a08) [0x000078e2df886b00, 0x000078e2df886d70] Compiler: c1, Barriers: 0, Oops: 0, ImmediateOops: 1, NonImmediateOops: No
[1,450s][debug][gc,nmethod  ] Register NMethod: java.lang.String.substring (0x000078e2df886d88) [0x000078e2df886e80, 0x000078e2df887618] Compiler: c1, Barriers: 1, Oops: 0, ImmediateOops: 0, NonImmediateOops: No
[1,452s][debug][gc,nmethod  ] Register NMethod: java.lang.invoke.MethodHandle.linkToSpecial (0x000078e2fec67b88) [0x000078e2fec67c80, 0x000078e2fec67d78] Compiler: , Barriers: 0, Oops: 0, ImmediateOops: 0, NonImmediateOops: No
[1,452s][debug][gc,nmethod  ] Register NMethod: java.lang.classfile.constantpool.ConstantPoolBuilder.of (0x000078e2df887688) [0x000078e2df887780, 0x000078e2df887900] Compiler: c1, Barriers: 0, Oops: 0, ImmediateOops: 0, NonImmediateOops: No
[1,452s][debug][gc,nmethod  ] Register NMethod: jdk.internal.classfile.impl.EntryMap.nextPowerOfTwo (0x000078e2df887988) [0x000078e2df887a80, 0x000078e2df887c80] Compiler: c1, Barriers: 0, Oops: 0, ImmediateOops: 0, NonImmediateOops: No
[1,452s][debug][gc,nmethod  ] Register NMethod: jdk.internal.classfile.impl.SplitConstantPool.<init> (0x000078e2df887c88) [0x000078e2df887d80, 0x000078e2df888188] Compiler: c1, Barriers: 9, Oops: 0, ImmediateOops: 0, NonImmediateOops: No
[1,452s][debug][gc,nmethod  ] Register NMethod: jdk.internal.classfile.impl.DirectClassBuilder.withFlags (0x000078e2df888208) [0x000078e2df888300, 0x000078e2df8885d8] Compiler: c1, Barriers: 0, Oops: 0, ImmediateOops: 0, NonImmediateOops: No
[1,452s][debug][gc,nmethod  ] Register NMethod: jdk.internal.classfile.impl.EntryMap.arraySize (0x000078e2df888608) [0x000078e2df888700, 0x000078e2df889ca0] Compiler: c1, Barriers: 0, Oops: 3, ImmediateOops: 4, NonImmediateOops: No
[1,453s][debug][gc,nmethod  ] Register NMethod: jdk.internal.classfile.impl.ClassFileImpl.build (0x000078e2df889d08) [0x000078e2df889e00, 0x000078e2df88b0a0] Compiler: c1, Barriers: 0, Oops: 0, ImmediateOops: 0, NonImmediateOops: No
[1,453s][debug][gc,nmethod  ] Register NMethod: java.lang.Class.getName (0x000078e2fec67e88) [0x000078e2fec67f80, 0x000078e2fec68088] Compiler: jvmci, Barriers: 1, Oops: 0, ImmediateOops: 0, NonImmediateOops: No
[1,453s][debug][gc,nmethod  ] Register NMethod: jdk.internal.classfile.impl.SplitConstantPool.writeBootstrapMethods (0x000078e2df88b108) [0x000078e2df88b200, 0x000078e2df88c5f0] Compiler: c1, Barriers: 2, Oops: 0, ImmediateOops: 0, NonImmediateOops: No
[1,453s][debug][gc,nmethod  ] Register NMethod: jdk.internal.classfile.impl.DirectClassBuilder.<init> (0x000078e2df88c608) [0x000078e2df88c700, 0x000078e2df88daa0] Compiler: c1, Barriers: 28, Oops: 0, ImmediateOops: 5, NonImmediateOops: No
[1,453s][debug][gc,nmethod  ] Register NMethod: jdk.internal.classfile.impl.BufWriterImpl.join (0x000078e2df88db08) [0x000078e2df88dc00, 0x000078e2df88e6f8] Compiler: c1, Barriers: 0, Oops: 0, ImmediateOops: 0, NonImmediateOops: No
[1,453s][debug][gc,nmethod  ] Register NMethod: java.lang.invoke.MemberName.asSpecial (0x000078e2df88e708) [0x000078e2df88e800, 0x000078e2df890048] Compiler: c1, Barriers: 0, Oops: 0, ImmediateOops: 0, NonImmediateOops: No
[1,453s][debug][gc,nmethod  ] Register NMethod: java.lang.Class.getTypeName (0x000078e2fec68188) [0x000078e2fec68280, 0x000078e2fec683e8] Compiler: jvmci, Barriers: 2, Oops: 0, ImmediateOops: 0, NonImmediateOops: No
[1,454s][debug][gc,nmethod  ] Register NMethod: java.util.jar.JarFile.checkForSpecialAttributes (0x000078e2fec68488) [0x000078e2fec68580, 0x000078e2fec68ed8] Compiler: jvmci, Barriers: 7, Oops: 2, ImmediateOops: 8, NonImmediateOops: No
[1,454s][debug][gc,nmethod  ] Register NMethod: jdk.internal.constant.ClassOrInterfaceDescImpl.internalName (0x000078e2df890088) [0x000078e2df890180, 0x000078e2df890aa0] Compiler: c1, Barriers: 6, Oops: 0, ImmediateOops: 0, NonImmediateOops: No
[1,454s][debug][gc,nmethod  ] Register NMethod: jdk.internal.classfile.impl.DirectClassBuilder.build (0x000078e2df890b08) [0x000078e2df890c00, 0x000078e2df898ec0] Compiler: c1, Barriers: 26, Oops: 2, ImmediateOops: 6, NonImmediateOops: No
[1,455s][debug][gc,director ] Rule Major: Warmup 10%, Used: 90MB, UsedThreshold: 1228MB
[1,457s][debug][gc,nmethod  ] Register NMethod: java.lang.reflect.ProxyGenerator$ProxyMethod.parameterTypes (0x000078e2df898f08) [0x000078e2df899000, 0x000078e2df899340] Compiler: c1, Barriers: 2, Oops: 0, ImmediateOops: 0, NonImmediateOops: No
[1,457s][debug][gc,nmethod  ] Register NMethod: jdk.internal.classfile.impl.DirectClassBuilder.withField (0x000078e2df899388) [0x000078e2df899480, 0x000078e2df8998a0] Compiler: c1, Barriers: 2, Oops: 0, ImmediateOops: 0, NonImmediateOops: No
[1,457s][debug][gc,nmethod  ] Register NMethod: java.util.StringJoiner.add (0x000078e2fec68f08) [0x000078e2fec69000, 0x000078e2fec69668] Compiler: jvmci, Barriers: 15, Oops: 0, ImmediateOops: 0, NonImmediateOops: No
[1,457s][debug][gc,nmethod  ] Register NMethod: jdk.internal.classfile.impl.DirectClassBuilder.withField (0x000078e2df899908) [0x000078e2df899a00, 0x000078e2df89a3b8] Compiler: c1, Barriers: 9, Oops: 0, ImmediateOops: 0, NonImmediateOops: No
[1,457s][debug][gc,nmethod  ] Register NMethod: java.lang.CharSequence.isEmpty (0x000078e2df89a408) [0x000078e2df89a500, 0x000078e2df89a848] Compiler: c1, Barriers: 0, Oops: 0, ImmediateOops: 0, NonImmediateOops: No
[1,458s][debug][gc,nmethod  ] Register NMethod: jdk.internal.classfile.impl.DirectFieldBuilder.<init> (0x000078e2df89a888) [0x000078e2df89a980, 0x000078e2df89b848] Compiler: c1, Barriers: 21, Oops: 0, ImmediateOops: 1, NonImmediateOops: No
[1,458s][debug][gc,nmethod  ] Register NMethod: java.util.Collections$1.<init> (0x000078e2df89b888) [0x000078e2df89b980, 0x000078e2df89bb58] Compiler: c1, Barriers: 3, Oops: 0, ImmediateOops: 0, NonImmediateOops: No
[1,458s][debug][gc,nmethod  ] Register NMethod: java.util.Collections.singletonIterator (0x000078e2df89bb88) [0x000078e2df89bc80, 0x000078e2df89bee8] Compiler: c1, Barriers: 3, Oops: 0, ImmediateOops: 0, NonImmediateOops: No
[1,458s][debug][gc,nmethod  ] Register NMethod: java.util.Collections$SingletonList.iterator (0x000078e2df89bf08) [0x000078e2df89c000, 0x000078e2df89c318] Compiler: c1, Barriers: 4, Oops: 0, ImmediateOops: 0, NonImmediateOops: No
[1,458s][debug][gc,nmethod  ] Register NMethod: java.util.Collections$1.next (0x000078e2df89c388) [0x000078e2df89c480, 0x000078e2df89c6c0] Compiler: c1, Barriers: 1, Oops: 0, ImmediateOops: 0, NonImmediateOops: No
[1,458s][debug][gc,nmethod  ] Register NMethod: java.util.List.of (0x000078e2df89c708) [0x000078e2df89c800, 0x000078e2df89c8e8] Compiler: c1, Barriers: 0, Oops: 0, ImmediateOops: 1, NonImmediateOops: No
[1,458s][debug][gc,nmethod  ] Register NMethod: jdk.internal.classfile.impl.DirectCodeBuilder.newLabel (0x000078e2df89ca08) [0x000078e2df89cb00, 0x000078e2df89cde8] Compiler: c1, Barriers: 3, Oops: 0, ImmediateOops: 0, NonImmediateOops: No
[1,458s][debug][gc,nmethod  ] Register NMethod: jdk.internal.classfile.impl.DirectCodeBuilder.labelBinding (0x000078e2df89ce08) [0x000078e2df89cf00, 0x000078e2df89d630] Compiler: c1, Barriers: 1, Oops: 0, ImmediateOops: 0, NonImmediateOops: No
[1,458s][debug][gc,nmethod  ] Register NMethod: jdk.internal.classfile.impl.BufWriterImpl.labelContext (0x000078e2fec69688) [0x000078e2fec69780, 0x000078e2fec69868] Compiler: c1, Barriers: 1, Oops: 0, ImmediateOops: 0, NonImmediateOops: No
[1,458s][debug][gc,nmethod  ] Register NMethod: jdk.internal.classfile.impl.DirectCodeBuilder.methodInfo (0x000078e2fec69988) [0x000078e2fec69a80, 0x000078e2fec69b68] Compiler: c1, Barriers: 1, Oops: 0, ImmediateOops: 0, NonImmediateOops: No
[1,458s][debug][gc,nmethod  ] Register NMethod: jdk.internal.classfile.impl.DirectFieldBuilder.writeTo (0x000078e2df89d688) [0x000078e2df89d780, 0x000078e2df8a1d90] Compiler: c1, Barriers: 5, Oops: 1, ImmediateOops: 6, NonImmediateOops: No
[1,458s][debug][gc,nmethod  ] Register NMethod: java.lang.invoke.MemberName.isField (0x000078e2df8a1e08) [0x000078e2df8a1f00, 0x000078e2df8a20b8] Compiler: c1, Barriers: 0, Oops: 0, ImmediateOops: 0, NonImmediateOops: No
[1,458s][debug][gc,nmethod  ] Register NMethod: java.lang.invoke.MethodHandleNatives.linkMethodHandleConstant (0x000078e2df8a2108) [0x000078e2df8a2200, 0x000078e2df8a2770] Compiler: c1, Barriers: 0, Oops: 0, ImmediateOops: 1, NonImmediateOops: No
[1,459s][debug][gc,nmethod  ] Register NMethod: java.lang.invoke.DirectMethodHandle.make (0x000078e2df8a2788) [0x000078e2df8a2880, 0x000078e2df8a50c8] Compiler: c1, Barriers: 4, Oops: 0, ImmediateOops: 1, NonImmediateOops: No
[1,459s][debug][gc,nmethod  ] Register NMethod: java.lang.invoke.MethodHandles$Lookup.linkMethodHandleConstant (0x000078e2df8a5108) [0x000078e2df8a5200, 0x000078e2df8a8a78] Compiler: c1, Barriers: 12, Oops: 0, ImmediateOops: 6, NonImmediateOops: No
[1,461s][debug][gc,nmethod  ] Register NMethod: java.util.logging.LogManager.getProperty (0x000078e2df8a8a88) [0x000078e2df8a8b80, 0x000078e2df8a8ec0] Compiler: c1, Barriers: 1, Oops: 0, ImmediateOops: 0, NonImmediateOops: No
[1,462s][debug][gc,nmethod  ] Register NMethod: java.lang.invoke.DirectMethodHandle$Holder.invokeStatic (0x000078e2df8a8f08) [0x000078e2df8a9000, 0x000078e2df8a93c8] Compiler: c1, Barriers: 1, Oops: 0, ImmediateOops: 0, NonImmediateOops: No
[1,462s][debug][gc,nmethod  ] Register NMethod: java.lang.invoke.LambdaForm$MH/0x000000009209cc00.invoke (0x000078e2df8a9408) [0x000078e2df8a9500, 0x000078e2df8a9c68] Compiler: c1, Barriers: 2, Oops: 1, ImmediateOops: 0, NonImmediateOops: No
[1,462s][debug][gc,nmethod  ] Register NMethod: java.util.stream.ReduceOps$3ReducingSink.accept (0x000078e2fec69c88) [0x000078e2fec69d80, 0x000078e2fec6ab58] Compiler: jvmci, Barriers: 32, Oops: 0, ImmediateOops: 1, NonImmediateOops: No
[1,462s][debug][gc,nmethod  ] Register NMethod: java.lang.StringConcatHelper.simpleConcat (0x000078e2df8a9c88) [0x000078e2df8a9d80, 0x000078e2df8aca30] Compiler: c1, Barriers: 6, Oops: 0, ImmediateOops: 6, NonImmediateOops: No
[1,462s][debug][gc,nmethod  ] Register NMethod: java.util.ImmutableCollections$ListN.size (0x000078e2fec6ab88) [0x000078e2fec6ac80, 0x000078e2fec6ad60] Compiler: jvmci, Barriers: 1, Oops: 0, ImmediateOops: 0, NonImmediateOops: No
[1,463s][debug][gc,nmethod  ] Register NMethod: java.lang.invoke.DirectMethodHandle.make (0x000078e2df8aca88) [0x000078e2df8acb80, 0x000078e2df8ad3f8] Compiler: c1, Barriers: 2, Oops: 0, ImmediateOops: 0, NonImmediateOops: No
[1,463s][debug][gc,nmethod  ] Register NMethod: jdk.internal.classfile.impl.TemporaryConstantPool.utf8Entry (0x000078e2df8ad408) [0x000078e2df8ad500, 0x000078e2df8ad6b0] Compiler: c1, Barriers: 0, Oops: 0, ImmediateOops: 0, NonImmediateOops: No
[1,463s][debug][gc,nmethod  ] Register NMethod: java.lang.invoke.MethodHandles$Lookup.resolveOrFail (0x000078e2df8ad708) [0x000078e2df8ad800, 0x000078e2df8ae580] Compiler: c1, Barriers: 1, Oops: 1, ImmediateOops: 3, NonImmediateOops: No
[1,463s][debug][gc,nmethod  ] Register NMethod: java.lang.invoke.MemberName.asConstructor (0x000078e2df8ae608) [0x000078e2df8ae700, 0x000078e2df8af330] Compiler: c1, Barriers: 0, Oops: 0, ImmediateOops: 0, NonImmediateOops: No
[1,463s][debug][gc,nmethod  ] Register NMethod: jdk.internal.classfile.impl.AbstractPoolEntry$Utf8EntryImpl.<init> (0x000078e2df8af388) [0x000078e2df8af480, 0x000078e2df8af7d8] Compiler: c1, Barriers: 0, Oops: 0, ImmediateOops: 0, NonImmediateOops: No
[1,463s][debug][gc,nmethod  ] Register NMethod: java.lang.invoke.DirectMethodHandle.makeAllocator (0x000078e2df8af808) [0x000078e2df8af900, 0x000078e2df8b0668] Compiler: c1, Barriers: 2, Oops: 0, ImmediateOops: 0, NonImmediateOops: No
[1,464s][debug][gc,nmethod  ] Register NMethod: java.lang.invoke.MethodHandles$Lookup.checkMethodName (0x000078e2df8b0688) [0x000078e2df8b0780, 0x000078e2df8b18e8] Compiler: c1, Barriers: 0, Oops: 2, ImmediateOops: 3, NonImmediateOops: No
[1,464s][debug][gc,nmethod  ] Register NMethod: java.util.stream.ReferencePipeline$3$1.accept (0x000078e2fec6ae88) [0x000078e2fec6af80, 0x000078e2fec6bc60] Compiler: jvmci, Barriers: 26, Oops: 0, ImmediateOops: 0, NonImmediateOops: No
[1,464s][debug][gc,nmethod  ] Register NMethod: jdk.internal.classfile.impl.StackMapGenerator$Frame.initializeObject (0x000078e2df8b1908) [0x000078e2df8b1a00, 0x000078e2df8b2828] Compiler: c1, Barriers: 12, Oops: 0, ImmediateOops: 1, NonImmediateOops: No
[1,464s][debug][gc,nmethod  ] Register NMethod: java.lang.classfile.ClassFile.of (0x000078e2df8b2888) [0x000078e2df8b2980, 0x000078e2df8b2a68] Compiler: c1, Barriers: 0, Oops: 0, ImmediateOops: 1, NonImmediateOops: No
[1,465s][debug][gc,nmethod  ] Register NMethod: jdk.internal.util.DecimalDigits.uncheckedPutCharLatin1 (0x000078e2df8b2b88) [0x000078e2df8b2c80, 0x000078e2df8b2d80] Compiler: c1, Barriers: 0, Oops: 0, ImmediateOops: 0, NonImmediateOops: No
[1,465s][debug][gc,nmethod  ] Register NMethod: java.lang.Module.isExplicitlyExportedOrOpened (0x000078e2df8b2e88) [0x000078e2df8b2f80, 0x000078e2df8b3b10] Compiler: c1, Barriers: 2, Oops: 0, ImmediateOops: 0, NonImmediateOops: No
[1,465s][debug][gc,nmethod  ] Register NMethod: jdk.internal.classfile.impl.DirectCodeBuilder.invokevirtual (0x000078e2df8b3b88) [0x000078e2df8b3c80, 0x000078e2df8b43d0] Compiler: c1, Barriers: 1, Oops: 0, ImmediateOops: 0, NonImmediateOops: No
[1,465s][debug][gc,director ] Rule Major: Warmup 10%, Used: 90MB, UsedThreshold: 1228MB
[1,465s][debug][gc,nmethod  ] Register NMethod: jdk.internal.misc.Unsafe.ensureClassInitialized0 (0x000078e2fec6bc88) [0x000078e2fec6bd80, 0x000078e2fec6bed8] Compiler: , Barriers: 0, Oops: 0, ImmediateOops: 0, NonImmediateOops: No
[1,465s][debug][gc,nmethod  ] Register NMethod: java.lang.reflect.Constructor.getSharedParameterTypes (0x000078e2fec6bf88) [0x000078e2fec6c080, 0x000078e2fec6c168] Compiler: c1, Barriers: 1, Oops: 0, ImmediateOops: 0, NonImmediateOops: No
[1,466s][debug][gc,nmethod  ] Register NMethod: java.util.jar.JarFile.getJarEntry (0x000078e2fec6c288) [0x000078e2fec6c380, 0x000078e2fec6d988] Compiler: jvmci, Barriers: 14, Oops: 2, ImmediateOops: 8, NonImmediateOops: No
[1,466s][debug][gc,nmethod  ] Register NMethod: java.lang.System$1.defineClass (0x000078e2df8b4408) [0x000078e2df8b4500, 0x000078e2df8b4670] Compiler: c1, Barriers: 0, Oops: 0, ImmediateOops: 0, NonImmediateOops: No
[1,466s][debug][gc,nmethod  ] Register NMethod: java.lang.invoke.MethodHandles$Lookup$ClassDefiner.<init> (0x000078e2df8b4708) [0x000078e2df8b4800, 0x000078e2df8b4ba0] Compiler: c1, Barriers: 12, Oops: 0, ImmediateOops: 0, NonImmediateOops: No
[1,466s][debug][gc,nmethod  ] Register NMethod: java.lang.invoke.MethodHandles$Lookup.makeHiddenClassDefiner (0x000078e2df8b4c08) [0x000078e2df8b4d00, 0x000078e2df8b5328] Compiler: c1, Barriers: 2, Oops: 0, ImmediateOops: 1, NonImmediateOops: No
[1,466s][debug][gc,nmethod  ] Register NMethod: jdk.internal.classfile.impl.AbstractPoolEntry$ClassEntryImpl.<init> (0x000078e2df8b5388) [0x000078e2df8b5480, 0x000078e2df8b55c8] Compiler: c1, Barriers: 0, Oops: 0, ImmediateOops: 0, NonImmediateOops: No
[1,466s][debug][gc,nmethod  ] Register NMethod: jdk.internal.classfile.impl.TemporaryConstantPool.classEntry (0x000078e2df8b5688) [0x000078e2df8b5780, 0x000078e2df8b5b38] Compiler: c1, Barriers: 0, Oops: 0, ImmediateOops: 0, NonImmediateOops: No
[1,466s][debug][gc,nmethod  ] Register NMethod: java.lang.invoke.MethodHandles$Lookup$ClassDefiner.defineClass (0x000078e2df8b5b88) [0x000078e2df8b5c80, 0x000078e2df8b79c8] Compiler: c1, Barriers: 21, Oops: 0, ImmediateOops: 2, NonImmediateOops: No
[1,466s][debug][gc,nmethod  ] Register NMethod: java.lang.classfile.constantpool.ConstantPoolBuilder.classEntry (0x000078e2df8b7a08) [0x000078e2df8b7b00, 0x000078e2df8bac38] Compiler: c1, Barriers: 9, Oops: 1, ImmediateOops: 2, NonImmediateOops: No
[1,467s][debug][gc,nmethod  ] Register NMethod: java.lang.invoke.MethodHandles$Lookup.getDirectConstructor (0x000078e2df8bac88) [0x000078e2df8bad80, 0x000078e2df8baeb0] Compiler: c1, Barriers: 0, Oops: 0, ImmediateOops: 0, NonImmediateOops: No
[1,467s][debug][gc,nmethod  ] Register NMethod: jdk.internal.misc.Unsafe.storeFence (0x000078e2df8baf88) [0x000078e2df8bb080, 0x000078e2df8bb358] Compiler: c1, Barriers: 0, Oops: 0, ImmediateOops: 0, NonImmediateOops: No
[1,467s][debug][gc,nmethod  ] Register NMethod: java.lang.invoke.MethodHandles$Lookup.getDirectConstructorCommon (0x000078e2df8bb388) [0x000078e2df8bb480, 0x000078e2df8bc198] Compiler: c1, Barriers: 2, Oops: 0, ImmediateOops: 0, NonImmediateOops: No
[1,467s][debug][gc,nmethod  ] Register NMethod: java.util.stream.Collectors$$Lambda/0x00000000920e07a8.accept (0x000078e2fec6da08) [0x000078e2fec6db00, 0x000078e2fec6e140] Compiler: jvmci, Barriers: 14, Oops: 0, ImmediateOops: 0, NonImmediateOops: No
[1,468s][debug][gc,nmethod  ] Register NMethod: java.lang.invoke.MethodHandle.linkToInterface (0x000078e2fec6e188) [0x000078e2fec6e280, 0x000078e2fec6e3b0] Compiler: , Barriers: 0, Oops: 0, ImmediateOops: 0, NonImmediateOops: No
[1,469s][debug][gc,nmethod  ] Register NMethod: java.util.Optional.isPresent (0x000078e2df8bc208) [0x000078e2df8bc300, 0x000078e2df8bc480] Compiler: c1, Barriers: 1, Oops: 0, ImmediateOops: 0, NonImmediateOops: No
[1,469s][debug][gc,nmethod  ] Register NMethod: java.lang.reflect.Modifier.isPrivate (0x000078e2df8bc508) [0x000078e2df8bc600, 0x000078e2df8bc730] Compiler: c1, Barriers: 0, Oops: 0, ImmediateOops: 0, NonImmediateOops: No
[1,469s][debug][gc,nmethod  ] Register NMethod: java.lang.AbstractStringBuilder.<init> (0x000078e2df8bc808) [0x000078e2df8bc900, 0x000078e2df8bd6a8] Compiler: c1, Barriers: 4, Oops: 0, ImmediateOops: 0, NonImmediateOops: No
[1,469s][debug][gc,nmethod  ] Register NMethod: java.lang.reflect.AnnotatedElement.isAnnotationPresent (0x000078e2df8bd708) [0x000078e2df8bd800, 0x000078e2df8bdb48] Compiler: c1, Barriers: 0, Oops: 0, ImmediateOops: 0, NonImmediateOops: No
[1,470s][debug][gc,nmethod  ] Register NMethod: java.util.Collections$UnmodifiableCollection.<init> (0x000078e2df8bdb88) [0x000078e2df8bdc80, 0x000078e2df8bdf40] Compiler: c1, Barriers: 3, Oops: 0, ImmediateOops: 0, NonImmediateOops: No
[1,470s][debug][gc,nmethod  ] Register NMethod: java.lang.invoke.BoundMethodHandle$Species_L.<init> (0x000078e2df8bdf88) [0x000078e2df8be080, 0x000078e2df8be2c0] Compiler: c1, Barriers: 3, Oops: 0, ImmediateOops: 0, NonImmediateOops: No
[1,471s][debug][gc,nmethod  ] Register NMethod: java.util.LinkedHashMap$LinkedKeyIterator.next (0x000078e2df8be308) [0x000078e2df8be400, 0x000078e2df8be900] Compiler: c1, Barriers: 1, Oops: 0, ImmediateOops: 0, NonImmediateOops: No
[1,471s][debug][gc,nmethod  ] Register NMethod: java.util.LinkedHashMap$LinkedHashIterator.<init> (0x000078e2df8be908) [0x000078e2df8bea00, 0x000078e2df8beed8] Compiler: c1, Barriers: 11, Oops: 0, ImmediateOops: 0, NonImmediateOops: No
[1,472s][debug][gc,nmethod  ] Register NMethod: jdk.internal.util.StrongReferenceKey.hashCode (0x000078e2fec6e488) [0x000078e2fec6e580, 0x000078e2fec6eae0] Compiler: jvmci, Barriers: 8, Oops: 0, ImmediateOops: 0, NonImmediateOops: No
[1,472s][debug][gc,nmethod  ] Register NMethod: java.util.Collections$EmptyMap.values (0x000078e2df8bef08) [0x000078e2df8bf000, 0x000078e2df8bf160] Compiler: c1, Barriers: 0, Oops: 0, ImmediateOops: 1, NonImmediateOops: No
[1,472s][debug][gc,nmethod  ] Register NMethod: java.lang.reflect.Modifier.isAbstract (0x000078e2df8bf208) [0x000078e2df8bf300, 0x000078e2df8bf430] Compiler: c1, Barriers: 0, Oops: 0, ImmediateOops: 0, NonImmediateOops: No
[1,472s][debug][gc,nmethod  ] Register NMethod: java.util.Collections$EmptySet.toArray (0x000078e2df8bf508) [0x000078e2df8bf600, 0x000078e2df8bfa00] Compiler: c1, Barriers: 3, Oops: 0, ImmediateOops: 0, NonImmediateOops: No
[1,472s][debug][gc,nmethod  ] Register NMethod: java.util.function.Predicate$$Lambda/0x00000000921211c8.test (0x000078e2df8bfa08) [0x000078e2df8bfb00, 0x000078e2df8c0378] Compiler: c1, Barriers: 2, Oops: 0, ImmediateOops: 0, NonImmediateOops: No
[1,472s][debug][gc,nmethod  ] Register NMethod: java.util.function.Predicate.lambda$or$0 (0x000078e2df8c0388) [0x000078e2df8c0480, 0x000078e2df8c0a18] Compiler: c1, Barriers: 0, Oops: 0, ImmediateOops: 0, NonImmediateOops: No
[1,472s][debug][gc,nmethod  ] Register NMethod: org.junit.jupiter.engine.discovery.predicates.IsTestableMethod.test (0x000078e2df8c0a88) [0x000078e2df8c0b80, 0x000078e2df8c1080] Compiler: c1, Barriers: 0, Oops: 1, ImmediateOops: 0, NonImmediateOops: No
[1,472s][debug][gc,nmethod  ] Register NMethod: java.util.jar.JarFile.isMultiRelease (0x000078e2fec6eb08) [0x000078e2fec6ec00, 0x000078e2fec6f5a0] Compiler: jvmci, Barriers: 7, Oops: 2, ImmediateOops: 8, NonImmediateOops: No
[1,473s][debug][gc,nmethod  ] Register NMethod: org.junit.platform.commons.util.ReflectionUtils.isStatic (0x000078e2df8c1108) [0x000078e2df8c1200, 0x000078e2df8c1798] Compiler: c1, Barriers: 0, Oops: 2, ImmediateOops: 1, NonImmediateOops: No
[1,473s][debug][gc,nmethod  ] Register NMethod: org.junit.jupiter.engine.discovery.predicates.IsTestableMethod.test (0x000078e2df8c1808) [0x000078e2df8c1900, 0x000078e2df8c2d68] Compiler: c1, Barriers: 3, Oops: 3, ImmediateOops: 4, NonImmediateOops: No
[1,473s][debug][gc,nmethod  ] Register NMethod: org.junit.jupiter.engine.discovery.predicates.IsTestMethod.test (0x000078e2df8c2d88) [0x000078e2df8c2e80, 0x000078e2df8c2fb8] Compiler: c1, Barriers: 0, Oops: 1, ImmediateOops: 0, NonImmediateOops: No
[1,474s][debug][gc,nmethod  ] Register NMethod: org.junit.jupiter.engine.discovery.predicates.IsTestFactoryMethod.test (0x000078e2df8c3088) [0x000078e2df8c3180, 0x000078e2df8c32b8] Compiler: c1, Barriers: 0, Oops: 1, ImmediateOops: 0, NonImmediateOops: No
[1,474s][debug][gc,nmethod  ] Register NMethod: org.junit.jupiter.engine.discovery.predicates.IsTestTemplateMethod.test (0x000078e2df8c3388) [0x000078e2df8c3480, 0x000078e2df8c35b8] Compiler: c1, Barriers: 0, Oops: 1, ImmediateOops: 0, NonImmediateOops: No
[1,474s][debug][gc,nmethod  ] Register NMethod: java.util.LinkedHashMap.values (0x000078e2df8c3688) [0x000078e2df8c3780, 0x000078e2df8c3a78] Compiler: c1, Barriers: 0, Oops: 0, ImmediateOops: 0, NonImmediateOops: No
[1,474s][debug][gc,nmethod  ] Register NMethod: java.util.LinkedHashMap$LinkedValues.toArray (0x000078e2df8c3a88) [0x000078e2df8c3b80, 0x000078e2df8c40b8] Compiler: c1, Barriers: 1, Oops: 0, ImmediateOops: 0, NonImmediateOops: No
[1,475s][debug][gc,nmethod  ] Register NMethod: org.junit.platform.commons.util.AnnotationUtils.findMetaAnnotation (0x000078e2df8c4108) [0x000078e2df8c4200, 0x000078e2df8c53f8] Compiler: c1, Barriers: 3, Oops: 2, ImmediateOops: 2, NonImmediateOops: No
[1,475s][debug][gc,nmethod  ] Register NMethod: java.util.LinkedHashMap$LinkedEntryIterator.next (0x000078e2df8c5488) [0x000078e2df8c5580, 0x000078e2df8c5878] Compiler: c1, Barriers: 0, Oops: 0, ImmediateOops: 0, NonImmediateOops: No
[1,475s][debug][gc,nmethod  ] Register NMethod: java.util.LinkedHashMap$LinkedEntryIterator.next (0x000078e2df8c5888) [0x000078e2df8c5980, 0x000078e2df8c5e90] Compiler: c1, Barriers: 0, Oops: 0, ImmediateOops: 0, NonImmediateOops: No
[1,475s][debug][gc,nmethod  ] Register NMethod: jdk.proxy3.$Proxy10.annotationType (0x000078e2df8c5f08) [0x000078e2df8c6000, 0x000078e2df8c6668] Compiler: c1, Barriers: 1, Oops: 1, ImmediateOops: 1, NonImmediateOops: No
[1,475s][debug][gc,director ] Rule Major: Warmup 10%, Used: 94MB, UsedThreshold: 1228MB
[1,475s][debug][gc,nmethod  ] Register NMethod: java.util.Collections.unmodifiableList (0x000078e2df8c6688) [0x000078e2df8c6780, 0x000078e2df8c7658] Compiler: c1, Barriers: 12, Oops: 0, ImmediateOops: 2, NonImmediateOops: No
[1,475s][debug][gc,nmethod  ] Register NMethod: java.lang.Class.isAnnotationPresent (0x000078e2df8c7688) [0x000078e2df8c7780, 0x000078e2df8c7f78] Compiler: c1, Barriers: 1, Oops: 0, ImmediateOops: 0, NonImmediateOops: No
[1,475s][debug][gc,nmethod  ] Register NMethod: java.lang.reflect.AccessibleObject.getDeclaredAnnotation (0x000078e2df8c7f88) [0x000078e2df8c8080, 0x000078e2df8c8380] Compiler: c1, Barriers: 0, Oops: 0, ImmediateOops: 0, NonImmediateOops: No
[1,475s][debug][gc,nmethod  ] Register NMethod: java.util.ArrayList$ArrayListSpliterator.tryAdvance (0x000078e2fec6f608) [0x000078e2fec6f700, 0x000078e2fec70b40] Compiler: jvmci, Barriers: 19, Oops: 1, ImmediateOops: 0, NonImmediateOops: No
[1,475s][debug][gc,nmethod  ] Register NMethod: java.util.stream.FindOps$FindOp.getOpFlags (0x000078e2fec70b88) [0x000078e2fec70c80, 0x000078e2fec70d40] Compiler: c1, Barriers: 0, Oops: 0, ImmediateOops: 0, NonImmediateOops: No
[1,476s][debug][gc,nmethod  ] Register NMethod: org.junit.platform.commons.util.AnnotationUtils.findAnnotation (0x000078e2df8c8388) [0x000078e2df8c8480, 0x000078e2df8c93b8] Compiler: c1, Barriers: 4, Oops: 3, ImmediateOops: 2, NonImmediateOops: No
[1,476s][debug][gc,nmethod  ] Register NMethod: java.util.Optional.empty (0x000078e2fec70e88) [0x000078e2fec70f80, 0x000078e2fec70ff0] Compiler: jvmci, Barriers: 0, Oops: 0, ImmediateOops: 1, NonImmediateOops: No
[1,476s][debug][gc,nmethod  ] Register NMethod: java.lang.Class.isLocalOrAnonymousClass (0x000078e2df8c9408) [0x000078e2df8c9500, 0x000078e2df8c9700] Compiler: c1, Barriers: 0, Oops: 0, ImmediateOops: 0, NonImmediateOops: No
[1,476s][debug][gc,nmethod  ] Register NMethod: java.util.LinkedHashMap.entrySet (0x000078e2df8c9708) [0x000078e2df8c9800, 0x000078e2df8c9af8] Compiler: c1, Barriers: 0, Oops: 0, ImmediateOops: 0, NonImmediateOops: No
[1,476s][debug][gc,nmethod  ] Register NMethod: java.lang.Class.hasEnclosingMethodInfo (0x000078e2df8c9b08) [0x000078e2df8c9c00, 0x000078e2df8c9dc0] Compiler: c1, Barriers: 0, Oops: 0, ImmediateOops: 0, NonImmediateOops: No
[1,476s][debug][gc,nmethod  ] Register NMethod: org.junit.platform.commons.util.AnnotationUtils.findAnnotation (0x000078e2df8c9e08) [0x000078e2df8c9f00, 0x000078e2df8cc0b8] Compiler: c1, Barriers: 7, Oops: 2, ImmediateOops: 4, NonImmediateOops: No
[1,476s][debug][gc,nmethod  ] Register NMethod: java.util.Optional.of (0x000078e2df8cc108) [0x000078e2df8cc200, 0x000078e2df8cc5a8] Compiler: c1, Barriers: 3, Oops: 0, ImmediateOops: 0, NonImmediateOops: No
[1,476s][debug][gc,nmethod  ] Register NMethod: java.util.LinkedHashMap$LinkedEntrySet.iterator (0x000078e2df8cc608) [0x000078e2df8cc700, 0x000078e2df8cca90] Compiler: c1, Barriers: 1, Oops: 0, ImmediateOops: 0, NonImmediateOops: No
[1,476s][debug][gc,nmethod  ] Register NMethod: java.util.LinkedHashMap$LinkedEntryIterator.<init> (0x000078e2df8ccb08) [0x000078e2df8ccc00, 0x000078e2df8cce88] Compiler: c1, Barriers: 0, Oops: 0, ImmediateOops: 0, NonImmediateOops: No
[1,476s][debug][gc,nmethod  ] Register NMethod: java.util.LinkedHashMap.sequencedEntrySet (0x000078e2df8ccf08) [0x000078e2df8cd000, 0x000078e2df8cd6d8] Compiler: c1, Barriers: 7, Oops: 0, ImmediateOops: 0, NonImmediateOops: No
[1,476s][debug][gc,nmethod  ] Register NMethod: jdk.proxy2.$Proxy1.annotationType (0x000078e2df8cd708) [0x000078e2df8cd800, 0x000078e2df8cde68] Compiler: c1, Barriers: 1, Oops: 0, ImmediateOops: 1, NonImmediateOops: No
[1,476s][debug][gc,nmethod  ] Register NMethod: jdk.proxy2.$Proxy14.annotationType (0x000078e2df8cde88) [0x000078e2df8cdf80, 0x000078e2df8ce5e8] Compiler: c1, Barriers: 1, Oops: 0, ImmediateOops: 1, NonImmediateOops: No
[1,476s][debug][gc,nmethod  ] Register NMethod: org.junit.platform.engine.UniqueId$Segment.hashCode (0x000078e2df8ce608) [0x000078e2df8ce700, 0x000078e2df8cef40] Compiler: c1, Barriers: 8, Oops: 1, ImmediateOops: 0, NonImmediateOops: No
[1,476s][debug][gc,nmethod  ] Register NMethod: java.util.stream.Collectors$$Lambda/0x000000009210fcd8.get (0x000078e2df8cef88) [0x000078e2df8cf080, 0x000078e2df8cf3c8] Compiler: c1, Barriers: 3, Oops: 0, ImmediateOops: 1, NonImmediateOops: No
[1,476s][debug][gc,nmethod  ] Register NMethod: java.util.stream.Collectors.toList (0x000078e2df8cf408) [0x000078e2df8cf500, 0x000078e2df8cf8c8] Compiler: c1, Barriers: 0, Oops: 5, ImmediateOops: 4, NonImmediateOops: No
[1,477s][debug][gc,nmethod  ] Register NMethod: sun.reflect.annotation.AnnotationInvocationHandler.hashCodeImpl (0x000078e2df8cf908) [0x000078e2df8cfa00, 0x000078e2df8d0e80] Compiler: c1, Barriers: 1, Oops: 0, ImmediateOops: 0, NonImmediateOops: No
[1,477s][debug][gc,nmethod  ] Register NMethod: java.util.stream.Collectors.toCollection (0x000078e2df8d0e88) [0x000078e2df8d0f80, 0x000078e2df8d1288] Compiler: c1, Barriers: 0, Oops: 3, ImmediateOops: 3, NonImmediateOops: No
[1,477s][debug][gc,nmethod  ] Register NMethod: java.lang.Class.getAnnotations (0x000078e2df8d1308) [0x000078e2df8d1400, 0x000078e2df8d1bf8] Compiler: c1, Barriers: 1, Oops: 0, ImmediateOops: 1, NonImmediateOops: No
[1,478s][debug][gc,nmethod  ] Register NMethod: jdk.internal.constant.ConstantUtils.internalNameToDesc (0x000078e2df8d1c08) [0x000078e2df8d1d00, 0x000078e2df8d4118] Compiler: c1, Barriers: 4, Oops: 2, ImmediateOops: 12, NonImmediateOops: No
[1,479s][debug][gc,nmethod  ] Register NMethod: java.util.TimSort.countRunAndMakeAscending (0x000078e2df8d4188) [0x000078e2df8d4280, 0x000078e2df8d4e38] Compiler: c1, Barriers: 6, Oops: 0, ImmediateOops: 0, NonImmediateOops: No
[1,479s][debug][gc,nmethod  ] Register NMethod: java.lang.String.startsWith (0x000078e2df8d4e88) [0x000078e2df8d4f80, 0x000078e2df8d61a0] Compiler: c1, Barriers: 2, Oops: 0, ImmediateOops: 0, NonImmediateOops: No
[1,479s][debug][gc,nmethod  ] Register NMethod: java.lang.Module.isExported (0x000078e2df8d6208) [0x000078e2df8d6300, 0x000078e2df8d66c8] Compiler: c1, Barriers: 0, Oops: 0, ImmediateOops: 0, NonImmediateOops: No
[1,479s][debug][gc,nmethod  ] Register NMethod: java.lang.classfile.attribute.StackMapFrameInfo.of (0x000078e2df8d6708) [0x000078e2df8d6800, 0x000078e2df8d6998] Compiler: c1, Barriers: 0, Oops: 0, ImmediateOops: 0, NonImmediateOops: No
[1,479s][debug][gc,nmethod  ] Register NMethod: jdk.internal.classfile.impl.DirectCodeBuilder.athrow (0x000078e2df8d6a08) [0x000078e2df8d6b00, 0x000078e2df8d6e48] Compiler: c1, Barriers: 1, Oops: 0, ImmediateOops: 0, NonImmediateOops: No
[1,480s][debug][gc,nmethod  ] Register NMethod: java.lang.classfile.CodeBuilder.newBoundLabel (0x000078e2df8d6e88) [0x000078e2df8d6f80, 0x000078e2df8d79d8] Compiler: c1, Barriers: 4, Oops: 0, ImmediateOops: 0, NonImmediateOops: No
[1,480s][debug][gc,nmethod  ] Register NMethod: jdk.internal.classfile.impl.StackMapDecoder$StackMapFrameImpl.<init> (0x000078e2df8d7a08) [0x000078e2df8d7b00, 0x000078e2df8d80a0] Compiler: c1, Barriers: 9, Oops: 0, ImmediateOops: 0, NonImmediateOops: No
[1,480s][debug][gc,nmethod  ] Register NMethod: java.util.HashMap.calculateHashMapCapacity (0x000078e2df8d8108) [0x000078e2df8d8220, 0x000078e2df8d83b8] Compiler: c1, Barriers: 0, Oops: 0, ImmediateOops: 0, NonImmediateOops: No
[1,480s][debug][gc,nmethod  ] Register NMethod: jdk.internal.classfile.impl.StackMapDecoder.writeTypeInfo (0x000078e2df8d8408) [0x000078e2df8d8500, 0x000078e2df8dc618] Compiler: c1, Barriers: 3, Oops: 2, ImmediateOops: 5, NonImmediateOops: No
[1,480s][debug][gc,nmethod  ] Register NMethod: org.junit.platform.commons.util.ReflectionUtils.hasCompatibleSignature (0x000078e2fec71188) [0x000078e2fec71280, 0x000078e2fec71f68] Compiler: jvmci, Barriers: 8, Oops: 1, ImmediateOops: 0, NonImmediateOops: No
[1,481s][debug][gc,nmethod  ] Register NMethod: jdk.internal.classfile.impl.StackMapDecoder.writeFrame (0x000078e2df8dc688) [0x000078e2df8dc780, 0x000078e2df8e1308] Compiler: c1, Barriers: 15, Oops: 0, ImmediateOops: 1, NonImmediateOops: No
[1,481s][debug][gc,nmethod  ] Register NMethod: java.lang.Class.getDeclaredAnnotations (0x000078e2df8e1388) [0x000078e2df8e1480, 0x000078e2df8e1c78] Compiler: c1, Barriers: 1, Oops: 0, ImmediateOops: 1, NonImmediateOops: No
[1,481s][debug][gc,nmethod  ] Register NMethod: org.junit.platform.commons.util.ReflectionUtils.isSearchable (0x000078e2df8e1c88) [0x000078e2df8e1d80, 0x000078e2df8e1ee8] Compiler: c1, Barriers: 0, Oops: 1, ImmediateOops: 1, NonImmediateOops: No
[1,481s][debug][gc,nmethod  ] Register NMethod: java.lang.Class.getDeclaredAnnotation (0x000078e2df8e1f88) [0x000078e2df8e2080, 0x000078e2df8e2768] Compiler: c1, Barriers: 1, Oops: 0, ImmediateOops: 0, NonImmediateOops: No
[1,481s][debug][gc,nmethod  ] Register NMethod: sun.reflect.annotation.AnnotationInvocationHandler.memberValueHashCode (0x000078e2df8e2788) [0x000078e2df8e2880, 0x000078e2df8e4a80] Compiler: c1, Barriers: 2, Oops: 0, ImmediateOops: 8, NonImmediateOops: No
[1,481s][debug][gc,nmethod  ] Register NMethod: java.util.HashMap.afterNodeAccess (0x000078e2df8e4a88) [0x000078e2df8e4b80, 0x000078e2df8e4c80] Compiler: c1, Barriers: 0, Oops: 0, ImmediateOops: 0, NonImmediateOops: No
[1,482s][debug][gc,nmethod  ] Register NMethod: java.lang.Long.hashCode (0x000078e2df8e4d88) [0x000078e2df8e4e80, 0x000078e2df8e4fb8] Compiler: c1, Barriers: 0, Oops: 0, ImmediateOops: 0, NonImmediateOops: No
[1,482s][debug][gc,nmethod  ] Register NMethod: org.junit.platform.engine.SelectorResolutionResult.getStatus (0x000078e2fec71f88) [0x000078e2fec72080, 0x000078e2fec72168] Compiler: c1, Barriers: 1, Oops: 1, ImmediateOops: 0, NonImmediateOops: No
[1,482s][debug][gc,nmethod  ] Register NMethod: jdk.proxy3.$Proxy10.hashCode (0x000078e2df8e5088) [0x000078e2df8e5180, 0x000078e2df8e59c8] Compiler: c1, Barriers: 1, Oops: 1, ImmediateOops: 1, NonImmediateOops: No
[1,482s][debug][gc,nmethod  ] Register NMethod: java.util.StringJoiner.<init> (0x000078e2fec72288) [0x000078e2fec72380, 0x000078e2fec72710] Compiler: jvmci, Barriers: 11, Oops: 0, ImmediateOops: 0, NonImmediateOops: No
[1,483s][debug][gc,nmethod  ] Register NMethod: java.util.stream.MatchOps$1MatchSink.accept (0x000078e2fec72788) [0x000078e2fec72880, 0x000078e2fec73808] Compiler: jvmci, Barriers: 13, Oops: 1, ImmediateOops: 0, NonImmediateOops: No
[1,483s][debug][gc,nmethod  ] Register NMethod: java.util.stream.SortedOps$SizedRefSortingSink.end (0x000078e2df8e5a08) [0x000078e2df8e5b00, 0x000078e2df8e6b68] Compiler: c1, Barriers: 14, Oops: 0, ImmediateOops: 0, NonImmediateOops: No
[1,484s][debug][gc,nmethod  ] Register NMethod: java.lang.invoke.MethodHandle.linkToSpecial (0x000078e2fec73888) [0x000078e2fec73980, 0x000078e2fec73a78] Compiler: , Barriers: 0, Oops: 0, ImmediateOops: 0, NonImmediateOops: No
[1,485s][debug][gc,director ] Rule Major: Warmup 10%, Used: 96MB, UsedThreshold: 1228MB
[1,488s][debug][gc,nmethod  ] Register NMethod: java.lang.invoke.MethodHandle.linkToInterface (0x000078e2fec73b88) [0x000078e2fec73c80, 0x000078e2fec73db0] Compiler: , Barriers: 0, Oops: 0, ImmediateOops: 0, NonImmediateOops: No
[1,489s][debug][gc,nmethod  ] Register NMethod: jdk.internal.loader.BuiltinClassLoader.isSealed (0x000078e2df8e6b88) [0x000078e2df8e6c80, 0x000078e2df8ea730] Compiler: c1, Barriers: 10, Oops: 3, ImmediateOops: 15, NonImmediateOops: No
[1,489s][debug][gc,nmethod  ] Register NMethod: java.lang.classfile.CodeBuilder.getfield (0x000078e2df8ea788) [0x000078e2df8ea880, 0x000078e2df8eb260] Compiler: c1, Barriers: 1, Oops: 1, ImmediateOops: 1, NonImmediateOops: No
[1,489s][debug][gc,nmethod  ] Register NMethod: java.lang.classfile.ClassBuilder.withField (0x000078e2df8eb288) [0x000078e2df8eb380, 0x000078e2df8ec0c0] Compiler: c1, Barriers: 6, Oops: 0, ImmediateOops: 0, NonImmediateOops: No
[1,490s][debug][gc,nmethod  ] Register NMethod: org.junit.platform.commons.util.AnnotationUtils.isInJavaLangAnnotationPackage (0x000078e2df8ec108) [0x000078e2df8ec200, 0x000078e2df8eca48] Compiler: c1, Barriers: 1, Oops: 2, ImmediateOops: 1, NonImmediateOops: No
[1,490s][debug][gc,nmethod  ] Register NMethod: java.lang.invoke.TypeConvertingMethodAdapter.classDesc (0x000078e2df8eca88) [0x000078e2df8ecb80, 0x000078e2df8edd28] Compiler: c1, Barriers: 3, Oops: 1, ImmediateOops: 6, NonImmediateOops: No
[1,491s][debug][gc,nmethod  ] Register NMethod: org.junit.platform.engine.UniqueId.hashCode (0x000078e2df8edd88) [0x000078e2df8ede80, 0x000078e2df8ee230] Compiler: c1, Barriers: 1, Oops: 1, ImmediateOops: 0, NonImmediateOops: No
[1,491s][debug][gc,nmethod  ] Register NMethod: org.junit.platform.engine.discovery.MethodSelector.hashCode (0x000078e2df8ee288) [0x000078e2df8ee380, 0x000078e2df8eee98] Compiler: c1, Barriers: 12, Oops: 1, ImmediateOops: 0, NonImmediateOops: No
[1,491s][debug][gc,nmethod  ] Register NMethod: jdk.proxy2.$Proxy15.annotationType (0x000078e2df8eef08) [0x000078e2df8ef000, 0x000078e2df8ef668] Compiler: c1, Barriers: 1, Oops: 0, ImmediateOops: 1, NonImmediateOops: No
[1,491s][debug][gc,nmethod  ] Register NMethod: java.util.ArrayDeque.isEmpty (0x000078e2df8ef688) [0x000078e2df8ef780, 0x000078e2df8ef8d0] Compiler: c1, Barriers: 0, Oops: 0, ImmediateOops: 0, NonImmediateOops: No
[1,492s][debug][gc,nmethod  ] Register NMethod: java.util.HashMap.<init> (0x000078e2df8ef988) [0x000078e2df8efaa0, 0x000078e2df8efbd8] Compiler: c1, Barriers: 0, Oops: 0, ImmediateOops: 0, NonImmediateOops: No
[1,492s][debug][gc,nmethod  ] Register NMethod: java.util.LinkedHashMap.<init> (0x000078e2df8efc88) [0x000078e2df8efd80, 0x000078e2df8efed0] Compiler: c1, Barriers: 0, Oops: 0, ImmediateOops: 0, NonImmediateOops: No
[1,492s][debug][gc,alloc    ] Mutator Allocation Rate: 197,5MB/s Predicted: 197,5MB/s, Avg: 197,5(+/-0,0)MB/s
[1,492s][debug][gc,director ] Rule Major: Warmup 10%, Used: 98MB, UsedThreshold: 1228MB
[1,492s][debug][gc,nmethod  ] Register NMethod: java.lang.Class.privateGetPublicMethods (0x000078e2df8eff88) [0x000078e2df8f0080, 0x000078e2df8f1810] Compiler: c1, Barriers: 11, Oops: 0, ImmediateOops: 0, NonImmediateOops: No
[1,492s][debug][gc,nmethod  ] Register NMethod: java.util.HashSet.<init> (0x000078e2df8f1888) [0x000078e2df8f1980, 0x000078e2df8f1d28] Compiler: c1, Barriers: 3, Oops: 0, ImmediateOops: 0, NonImmediateOops: No
[1,493s][debug][gc,nmethod  ] Register NMethod: org.junit.platform.commons.util.ReflectionUtils$$Lambda/0x000000009218a488.test (0x000078e2fec73e88) [0x000078e2fec73f80, 0x000078e2fec74d40] Compiler: jvmci, Barriers: 11, Oops: 1, ImmediateOops: 0, NonImmediateOops: No
[1,493s][debug][gc,nmethod  ] Register NMethod: java.lang.Class.isMemberClass (0x000078e2df8f1d88) [0x000078e2df8f1e80, 0x000078e2df8f21a0] Compiler: c1, Barriers: 0, Oops: 0, ImmediateOops: 0, NonImmediateOops: No
[1,493s][debug][gc,nmethod  ] Register NMethod: jdk.proxy3.$Proxy6.annotationType (0x000078e2df8f2208) [0x000078e2df8f2300, 0x000078e2df8f2968] Compiler: c1, Barriers: 1, Oops: 1, ImmediateOops: 1, NonImmediateOops: No
[1,493s][debug][gc,nmethod  ] Register NMethod: java.util.TimSort.gallopLeft (0x000078e2df8f2988) [0x000078e2df8f2a80, 0x000078e2df8f3a68] Compiler: c1, Barriers: 4, Oops: 0, ImmediateOops: 0, NonImmediateOops: No
[1,494s][debug][gc,nmethod  ] Register NMethod: java.util.TimSort.gallopRight (0x000078e2df8f3a88) [0x000078e2df8f3b80, 0x000078e2df8f4b98] Compiler: c1, Barriers: 4, Oops: 0, ImmediateOops: 0, NonImmediateOops: No
[1,494s][debug][gc,nmethod  ] Register NMethod: java.util.Optional.isEmpty (0x000078e2df8f4c08) [0x000078e2df8f4d00, 0x000078e2df8f4e80] Compiler: c1, Barriers: 1, Oops: 0, ImmediateOops: 0, NonImmediateOops: No
[1,494s][debug][gc,nmethod  ] Register NMethod: org.junit.platform.commons.util.ClassUtils.nullSafeToString (0x000078e2df8f4f08) [0x000078e2df8f5000, 0x000078e2df8f5c90] Compiler: c1, Barriers: 0, Oops: 3, ImmediateOops: 4, NonImmediateOops: No
[1,494s][debug][gc,nmethod  ] Register NMethod: org.junit.platform.engine.support.descriptor.AbstractTestDescriptor.setParent (0x000078e2fec74d88) [0x000078e2fec74e80, 0x000078e2fec74fb0] Compiler: c1, Barriers: 3, Oops: 1, ImmediateOops: 0, NonImmediateOops: No
[1,494s][debug][gc,nmethod  ] Register NMethod: org.junit.platform.engine.support.discovery.EngineDiscoveryRequestResolution$$Lambda/0x0000000092176168.apply (0x000078e2df8f5d08) [0x000078e2df8f5e00, 0x000078e2df8f61d0] Compiler: c1, Barriers: 2, Oops: 1, ImmediateOops: 0, NonImmediateOops: No
[1,494s][debug][gc,nmethod  ] Register NMethod: org.junit.platform.engine.support.discovery.SelectorResolver$Resolution.isResolved (0x000078e2df8f6208) [0x000078e2df8f6300, 0x000078e2df8f6458] Compiler: c1, Barriers: 0, Oops: 1, ImmediateOops: 1, NonImmediateOops: No
[1,494s][debug][gc,nmethod  ] Register NMethod: org.junit.platform.engine.support.discovery.EngineDiscoveryRequestResolution$$Lambda/0x00000000921763b8.test (0x000078e2df8f6508) [0x000078e2df8f6600, 0x000078e2df8f69d8] Compiler: c1, Barriers: 0, Oops: 1, ImmediateOops: 1, NonImmediateOops: No
[1,494s][debug][gc,nmethod  ] Register NMethod: org.junit.platform.engine.support.discovery.EngineDiscoveryRequestResolution.getContext (0x000078e2df8f6a08) [0x000078e2df8f6b00, 0x000078e2df8f7090] Compiler: c1, Barriers: 2, Oops: 1, ImmediateOops: 0, NonImmediateOops: No
[1,494s][debug][gc,nmethod  ] Register NMethod: org.junit.platform.engine.support.discovery.SelectorResolver$Resolution.getMatches (0x000078e2fec75088) [0x000078e2fec75180, 0x000078e2fec75268] Compiler: c1, Barriers: 1, Oops: 1, ImmediateOops: 0, NonImmediateOops: No
[1,494s][debug][gc,nmethod  ] Register NMethod: java.util.Optional.map (0x000078e2df8f7108) [0x000078e2df8f7200, 0x000078e2df8f7be8] Compiler: c1, Barriers: 4, Oops: 0, ImmediateOops: 2, NonImmediateOops: No
[1,495s][debug][gc,nmethod  ] Register NMethod: org.junit.platform.engine.support.discovery.EngineDiscoveryRequestResolution.lambda$resolve$2 (0x000078e2df8f7c08) [0x000078e2df8f7d00, 0x000078e2df8fcd78] Compiler: c1, Barriers: 2, Oops: 1, ImmediateOops: 0, NonImmediateOops: No
[1,495s][debug][gc,nmethod  ] Register NMethod: java.util.Optional.get (0x000078e2df8fcd88) [0x000078e2df8fce80, 0x000078e2df8fd0c0] Compiler: c1, Barriers: 1, Oops: 0, ImmediateOops: 1, NonImmediateOops: No
[1,495s][debug][gc,nmethod  ] Register NMethod: java.lang.Character.isUpperCase (0x000078e2df8fd108) [0x000078e2df8fd200, 0x000078e2df8fd530] Compiler: c1, Barriers: 0, Oops: 0, ImmediateOops: 0, NonImmediateOops: No
[1,495s][debug][gc,nmethod  ] Register NMethod: java.lang.Character.isUpperCase (0x000078e2df8fd588) [0x000078e2df8fd680, 0x000078e2df8fda08] Compiler: c1, Barriers: 0, Oops: 0, ImmediateOops: 0, NonImmediateOops: No
[1,495s][debug][gc,nmethod  ] Register NMethod: java.util.Formatter$Conversion.isText (0x000078e2df8fda88) [0x000078e2df8fdb80, 0x000078e2df8fdcd8] Compiler: c1, Barriers: 0, Oops: 0, ImmediateOops: 0, NonImmediateOops: No
[1,495s][debug][gc,nmethod  ] Register NMethod: java.util.Formatter$Conversion.isValid (0x000078e2df8fdd88) [0x000078e2df8fde80, 0x000078e2df8fe3a8] Compiler: c1, Barriers: 0, Oops: 0, ImmediateOops: 0, NonImmediateOops: No
[1,495s][debug][gc,nmethod  ] Register NMethod: java.util.Formatter$FixedString.<init> (0x000078e2df8fe408) [0x000078e2df8fe500, 0x000078e2df8fe738] Compiler: c1, Barriers: 3, Oops: 0, ImmediateOops: 0, NonImmediateOops: No
[1,496s][debug][gc,nmethod  ] Register NMethod: java.util.Formatter$FormatSpecifier.<init> (0x000078e2df8fe788) [0x000078e2df8fe880, 0x000078e2df8ff148] Compiler: c1, Barriers: 0, Oops: 0, ImmediateOops: 0, NonImmediateOops: No
[1,496s][debug][gc,nmethod  ] Register NMethod: java.util.Formatter$FormatSpecifier.print (0x000078e2df8ff188) [0x000078e2df8ff280, 0x000078e2df8ffb90] Compiler: c1, Barriers: 2, Oops: 0, ImmediateOops: 2, NonImmediateOops: No
[1,496s][debug][gc,nmethod  ] Register NMethod: java.lang.StringBuilder.append (0x000078e2df8ffc08) [0x000078e2df8ffd00, 0x000078e2df900060] Compiler: c1, Barriers: 0, Oops: 0, ImmediateOops: 0, NonImmediateOops: No
[1,496s][debug][gc,nmethod  ] Register NMethod: java.util.Formatter$FormatSpecifier.appendJustified (0x000078e2df900088) [0x000078e2df900180, 0x000078e2df900ee8] Compiler: c1, Barriers: 0, Oops: 0, ImmediateOops: 0, NonImmediateOops: No
[1,496s][debug][gc,nmethod  ] Register NMethod: java.util.Formatter$FormatSpecifier.printString (0x000078e2df900f08) [0x000078e2df901000, 0x000078e2df902718] Compiler: c1, Barriers: 8, Oops: 0, ImmediateOops: 1, NonImmediateOops: No
[1,496s][debug][gc,nmethod  ] Register NMethod: java.util.Formatter$FormatSpecifier.print (0x000078e2df902788) [0x000078e2df902880, 0x000078e2df903c58] Compiler: c1, Barriers: 4, Oops: 1, ImmediateOops: 2, NonImmediateOops: No
[1,496s][debug][gc,nmethod  ] Register NMethod: java.lang.StringBuilder.append (0x000078e2df903c88) [0x000078e2df903d80, 0x000078e2df903ec8] Compiler: c1, Barriers: 0, Oops: 0, ImmediateOops: 0, NonImmediateOops: No
[1,496s][debug][gc,nmethod  ] Register NMethod: java.util.Formatter$FixedString.print (0x000078e2df903f88) [0x000078e2df904080, 0x000078e2df904400] Compiler: c1, Barriers: 2, Oops: 0, ImmediateOops: 0, NonImmediateOops: No
[1,496s][debug][gc,nmethod  ] Register NMethod: java.lang.StringBuilder.append (0x000078e2df904408) [0x000078e2df904500, 0x000078e2df904860] Compiler: c1, Barriers: 0, Oops: 0, ImmediateOops: 0, NonImmediateOops: No
[1,496s][debug][gc,nmethod  ] Register NMethod: java.lang.AbstractStringBuilder.append (0x000078e2df904888) [0x000078e2df904980, 0x000078e2df905bd8] Compiler: c1, Barriers: 0, Oops: 0, ImmediateOops: 0, NonImmediateOops: No
[1,496s][debug][gc,nmethod  ] Register NMethod: jdk.proxy2.$Proxy17.annotationType (0x000078e2df905c08) [0x000078e2df905d00, 0x000078e2df906368] Compiler: c1, Barriers: 1, Oops: 0, ImmediateOops: 1, NonImmediateOops: No
[1,496s][debug][gc,nmethod  ] Register NMethod: jdk.proxy3.$Proxy18.annotationType (0x000078e2df906388) [0x000078e2df906480, 0x000078e2df906ae8] Compiler: c1, Barriers: 1, Oops: 1, ImmediateOops: 1, NonImmediateOops: No
[1,496s][debug][gc,nmethod  ] Register NMethod: jdk.proxy3.$Proxy18.hashCode (0x000078e2df906b08) [0x000078e2df906c00, 0x000078e2df907448] Compiler: c1, Barriers: 1, Oops: 1, ImmediateOops: 1, NonImmediateOops: No
[1,497s][debug][gc,nmethod  ] Register NMethod: org.junit.platform.commons.util.AnnotationUtils.findRepeatableAnnotations (0x000078e2df907488) [0x000078e2df907580, 0x000078e2df90e3f8] Compiler: c1, Barriers: 21, Oops: 8, ImmediateOops: 21, NonImmediateOops: No
[1,497s][debug][gc,nmethod  ] Register NMethod: jdk.proxy3.$Proxy6.hashCode (0x000078e2df90e488) [0x000078e2df90e580, 0x000078e2df90edc8] Compiler: c1, Barriers: 1, Oops: 1, ImmediateOops: 1, NonImmediateOops: No
[1,497s][debug][gc,nmethod  ] Register NMethod: jdk.proxy3.$Proxy18.equals (0x000078e2df90ee08) [0x000078e2df90ef00, 0x000078e2df90fa70] Compiler: c1, Barriers: 4, Oops: 2, ImmediateOops: 1, NonImmediateOops: No
[1,497s][debug][gc,nmethod  ] Register NMethod: java.lang.StringBuilder.append (0x000078e2df90fa88) [0x000078e2df90fb80, 0x000078e2df90fcc8] Compiler: c1, Barriers: 0, Oops: 0, ImmediateOops: 0, NonImmediateOops: No
[1,497s][debug][gc,nmethod  ] Register NMethod: java.lang.AbstractStringBuilder.appendChars (0x000078e2df90fd88) [0x000078e2df90fe80, 0x000078e2df911958] Compiler: c1, Barriers: 5, Oops: 1, ImmediateOops: 2, NonImmediateOops: No
[1,497s][debug][gc,nmethod  ] Register NMethod: java.util.Formatter.ensureOpen (0x000078e2df911988) [0x000078e2df911a80, 0x000078e2df911c60] Compiler: c1, Barriers: 1, Oops: 0, ImmediateOops: 0, NonImmediateOops: No
[1,497s][debug][gc,nmethod  ] Register NMethod: java.util.TimSort.mergeCollapse (0x000078e2df911c88) [0x000078e2df911d80, 0x000078e2df9122f0] Compiler: c1, Barriers: 4, Oops: 0, ImmediateOops: 0, NonImmediateOops: No
[1,497s][debug][gc,nmethod  ] Register NMethod: org.junit.platform.engine.support.discovery.SelectorResolver$Resolution.unresolved (0x000078e2df912308) [0x000078e2df912400, 0x000078e2df9124e8] Compiler: c1, Barriers: 0, Oops: 1, ImmediateOops: 1, NonImmediateOops: No
[1,497s][debug][gc,nmethod  ] Register NMethod: org.junit.platform.commons.util.ClassUtils.nullSafeToString (0x000078e2df912608) [0x000078e2df912700, 0x000078e2df9128d8] Compiler: c1, Barriers: 0, Oops: 2, ImmediateOops: 1, NonImmediateOops: No
[1,497s][debug][gc,nmethod  ] Register NMethod: java.util.stream.FindOps.makeRef (0x000078e2df912908) [0x000078e2df912a00, 0x000078e2df912b58] Compiler: c1, Barriers: 0, Oops: 0, ImmediateOops: 2, NonImmediateOops: No
[1,497s][debug][gc,nmethod  ] Register NMethod: java.lang.AbstractStringBuilder.append (0x000078e2df912c08) [0x000078e2df912d00, 0x000078e2df913810] Compiler: c1, Barriers: 4, Oops: 1, ImmediateOops: 2, NonImmediateOops: No
[1,497s][debug][gc,nmethod  ] Register NMethod: org.junit.platform.commons.util.ReflectionUtils.isStatic (0x000078e2df913888) [0x000078e2df913980, 0x000078e2df913ef0] Compiler: c1, Barriers: 0, Oops: 2, ImmediateOops: 1, NonImmediateOops: No
[1,498s][debug][gc,nmethod  ] Register NMethod: org.junit.platform.commons.util.ReflectionUtils.isInnerClass (0x000078e2df913f08) [0x000078e2df914000, 0x000078e2df914c80] Compiler: c1, Barriers: 0, Oops: 2, ImmediateOops: 2, NonImmediateOops: No
[1,498s][debug][gc,nmethod  ] Register NMethod: org.junit.platform.launcher.core.DefaultDiscoveryRequest.getDiscoveryListener (0x000078e2fec75388) [0x000078e2fec75480, 0x000078e2fec75568] Compiler: c1, Barriers: 1, Oops: 1, ImmediateOops: 0, NonImmediateOops: No
[1,498s][debug][gc,nmethod  ] Register NMethod: java.lang.System$1.join (0x000078e2fec75688) [0x000078e2fec75780, 0x000078e2fec76ec0] Compiler: jvmci, Barriers: 12, Oops: 0, ImmediateOops: 0, NonImmediateOops: No
[1,498s][debug][gc,nmethod  ] Register NMethod: java.lang.Class.getMethods (0x000078e2df914d08) [0x000078e2df914e00, 0x000078e2df914f60] Compiler: c1, Barriers: 0, Oops: 0, ImmediateOops: 0, NonImmediateOops: No
[1,498s][debug][gc,nmethod  ] Register NMethod: java.util.TimSort.mergeHi (0x000078e2df915008) [0x000078e2df915100, 0x000078e2df917fd0] Compiler: c1, Barriers: 34, Oops: 0, ImmediateOops: 1, NonImmediateOops: No
[1,499s][debug][gc,nmethod  ] Register NMethod: sun.reflect.annotation.AnnotationInvocationHandler.equalsImpl (0x000078e2df918008) [0x000078e2df918100, 0x000078e2df91cb28] Compiler: c1, Barriers: 21, Oops: 2, ImmediateOops: 13, NonImmediateOops: No
[1,499s][debug][gc,nmethod  ] Register NMethod: java.util.LinkedHashSet.<init> (0x000078e2df91cb88) [0x000078e2df91cca0, 0x000078e2df91cde0] Compiler: c1, Barriers: 0, Oops: 0, ImmediateOops: 0, NonImmediateOops: No
[1,499s][debug][gc,nmethod  ] Register NMethod: java.util.ArrayList.<init> (0x000078e2df91ce88) [0x000078e2df91cf80, 0x000078e2df91d850] Compiler: c1, Barriers: 9, Oops: 0, ImmediateOops: 3, NonImmediateOops: No
[1,499s][debug][gc,nmethod  ] Register NMethod: org.junit.platform.engine.support.discovery.SelectorResolver.resolve (0x000078e2df91d888) [0x000078e2df91d980, 0x000078e2df91dae0] Compiler: c1, Barriers: 0, Oops: 1, ImmediateOops: 1, NonImmediateOops: No
[1,500s][debug][gc,nmethod  ] Register NMethod: jdk.internal.util.ArraysSupport.mismatch (0x000078e2fec76f08) [0x000078e2fec77000, 0x000078e2fec77298] Compiler: jvmci, Barriers: 0, Oops: 0, ImmediateOops: 0, NonImmediateOops: No
[1,500s][debug][gc,nmethod  ] Register NMethod: java.util.ArrayDeque.sub (0x000078e2df91db88) [0x000078e2df91dc80, 0x000078e2df91dd90] Compiler: c1, Barriers: 0, Oops: 0, ImmediateOops: 0, NonImmediateOops: No
[1,500s][debug][gc,nmethod  ] Register NMethod: java.util.ArrayDeque.size (0x000078e2df91de88) [0x000078e2df91df80, 0x000078e2df91e150] Compiler: c1, Barriers: 1, Oops: 0, ImmediateOops: 0, NonImmediateOops: No
[1,500s][debug][gc,nmethod  ] Register NMethod: org.junit.jupiter.engine.discovery.MethodSelectorResolver$MethodType.access$300 (0x000078e2df91e188) [0x000078e2df91e280, 0x000078e2df91e3a0] Compiler: c1, Barriers: 0, Oops: 1, ImmediateOops: 0, NonImmediateOops: No
[1,500s][debug][gc,nmethod  ] Register NMethod: org.junit.jupiter.engine.discovery.MethodSelectorResolver.lambda$resolve$0 (0x000078e2df91e488) [0x000078e2df91e580, 0x000078e2df91e6e8] Compiler: c1, Barriers: 1, Oops: 1, ImmediateOops: 0, NonImmediateOops: No
[1,500s][debug][gc,nmethod  ] Register NMethod: org.junit.jupiter.engine.discovery.MethodSelectorResolver$$Lambda/0x000000009219ba50.apply (0x000078e2df91e788) [0x000078e2df91e880, 0x000078e2df91ece8] Compiler: c1, Barriers: 5, Oops: 1, ImmediateOops: 0, NonImmediateOops: No
[1,500s][debug][gc,nmethod  ] Register NMethod: org.junit.platform.commons.util.AnnotationUtils.findRepeatableAnnotations (0x000078e2df91ed08) [0x000078e2df91ee00, 0x000078e2df91fee0] Compiler: c1, Barriers: 1, Oops: 1, ImmediateOops: 2, NonImmediateOops: No
[1,500s][debug][gc,nmethod  ] Register NMethod: org.junit.platform.engine.support.discovery.SelectorResolver$Match.getTestDescriptor (0x000078e2fec77308) [0x000078e2fec77400, 0x000078e2fec774e8] Compiler: c1, Barriers: 1, Oops: 1, ImmediateOops: 0, NonImmediateOops: No
[1,500s][debug][gc,nmethod  ] Register NMethod: org.junit.jupiter.engine.discovery.MethodSelectorResolver$$Lambda/0x000000009219bca0.test (0x000078e2df91ff08) [0x000078e2df920000, 0x000078e2df9205b0] Compiler: c1, Barriers: 1, Oops: 1, ImmediateOops: 0, NonImmediateOops: No
[1,501s][debug][gc,nmethod  ] Register NMethod: java.util.TimSort.mergeLo (0x000078e2df920608) [0x000078e2df920700, 0x000078e2df923528] Compiler: c1, Barriers: 34, Oops: 0, ImmediateOops: 1, NonImmediateOops: No
[1,501s][debug][gc,nmethod  ] Register NMethod: org.junit.jupiter.engine.discovery.MethodSelectorResolver$MethodType.resolve (0x000078e2df923588) [0x000078e2df923680, 0x000078e2df9246f8] Compiler: c1, Barriers: 22, Oops: 4, ImmediateOops: 4, NonImmediateOops: No
[1,501s][debug][gc,nmethod  ] Register NMethod: org.junit.platform.engine.support.discovery.EngineDiscoveryRequestResolution.access$200 (0x000078e2fec77608) [0x000078e2fec77700, 0x000078e2fec777d0] Compiler: c1, Barriers: 1, Oops: 1, ImmediateOops: 0, NonImmediateOops: No
[1,501s][debug][gc,nmethod  ] Register NMethod: java.util.Collections$EmptySet.size (0x000078e2fec77908) [0x000078e2fec77a00, 0x000078e2fec77ac0] Compiler: c1, Barriers: 0, Oops: 0, ImmediateOops: 0, NonImmediateOops: No
[1,501s][debug][gc,nmethod  ] Register NMethod: org.junit.platform.engine.support.discovery.SelectorResolver$Resolution.getSelectors (0x000078e2fec77c08) [0x000078e2fec77d00, 0x000078e2fec77de8] Compiler: c1, Barriers: 1, Oops: 1, ImmediateOops: 0, NonImmediateOops: No
[1,501s][debug][gc,nmethod  ] Register NMethod: java.util.HashSet.toArray (0x000078e2df924788) [0x000078e2df924880, 0x000078e2df924e20] Compiler: c1, Barriers: 1, Oops: 0, ImmediateOops: 0, NonImmediateOops: No
[1,502s][debug][gc,nmethod  ] Register NMethod: java.util.stream.ForEachOps$ForEachOp.get (0x000078e2fec77f08) [0x000078e2fec78000, 0x000078e2fec780c8] Compiler: c1, Barriers: 0, Oops: 0, ImmediateOops: 0, NonImmediateOops: No
[1,502s][debug][gc,nmethod  ] Register NMethod: java.util.stream.FindOps$FindSink$OfRef$$Lambda/0x0000000092058768.get (0x000078e2df924e88) [0x000078e2df924f80, 0x000078e2df9251e8] Compiler: c1, Barriers: 0, Oops: 0, ImmediateOops: 0, NonImmediateOops: No
[1,502s][debug][gc,nmethod  ] Register NMethod: java.util.stream.FindOps$FindSink.<init> (0x000078e2df925208) [0x000078e2df925300, 0x000078e2df925458] Compiler: c1, Barriers: 0, Oops: 0, ImmediateOops: 0, NonImmediateOops: No
[1,502s][debug][gc,nmethod  ] Register NMethod: java.util.stream.FindOps$FindOp.evaluateSequential (0x000078e2df925508) [0x000078e2df925600, 0x000078e2df926238] Compiler: c1, Barriers: 2, Oops: 0, ImmediateOops: 0, NonImmediateOops: No
[1,502s][debug][gc,nmethod  ] Register NMethod: java.util.stream.FindOps$FindSink$OfRef.<init> (0x000078e2df926288) [0x000078e2df926380, 0x000078e2df926538] Compiler: c1, Barriers: 0, Oops: 0, ImmediateOops: 0, NonImmediateOops: No
[1,502s][debug][gc,nmethod  ] Register NMethod: java.lang.invoke.InfoFromMemberName.getModifiers (0x000078e2df926588) [0x000078e2df926680, 0x000078e2df9269d8] Compiler: c1, Barriers: 1, Oops: 0, ImmediateOops: 0, NonImmediateOops: No
[1,502s][debug][gc,nmethod  ] Register NMethod: java.util.stream.FindOps$FindSink$OfRef.get (0x000078e2df926a08) [0x000078e2df926b00, 0x000078e2df926fc8] Compiler: c1, Barriers: 4, Oops: 0, ImmediateOops: 0, NonImmediateOops: No
[1,502s][debug][gc,director ] Rule Major: Warmup 10%, Used: 100MB, UsedThreshold: 1228MB
[1,502s][debug][gc,nmethod  ] Register NMethod: java.util.stream.FindOps$FindSink$OfRef.get (0x000078e2df927008) [0x000078e2df927100, 0x000078e2df9277f0] Compiler: c1, Barriers: 4, Oops: 0, ImmediateOops: 0, NonImmediateOops: No
[1,503s][debug][gc,nmethod  ] Register NMethod: java.lang.invoke.MethodHandles$Lookup.getDirectMethod (0x000078e2df927808) [0x000078e2df927900, 0x000078e2df927a40] Compiler: c1, Barriers: 0, Oops: 0, ImmediateOops: 0, NonImmediateOops: No
[1,503s][debug][gc,nmethod  ] Register NMethod: java.lang.invoke.MethodHandles$Lookup.findBoundCallerLookup (0x000078e2df927b08) [0x000078e2df927c00, 0x000078e2df928750] Compiler: c1, Barriers: 0, Oops: 0, ImmediateOops: 1, NonImmediateOops: No
[1,503s][debug][gc,nmethod  ] Register NMethod: java.lang.classfile.Interfaces.of (0x000078e2df928788) [0x000078e2df928880, 0x000078e2df928bd8] Compiler: c1, Barriers: 3, Oops: 0, ImmediateOops: 0, NonImmediateOops: No
[1,503s][debug][gc,nmethod  ] Register NMethod: java.lang.invoke.MethodHandles$Lookup.checkMethod (0x000078e2df928c08) [0x000078e2df928d00, 0x000078e2df929be8] Compiler: c1, Barriers: 0, Oops: 0, ImmediateOops: 4, NonImmediateOops: No
[1,503s][debug][gc,nmethod  ] Register NMethod: java.lang.classfile.ClassBuilder.withInterfaces (0x000078e2df929c08) [0x000078e2df929d00, 0x000078e2df92a590] Compiler: c1, Barriers: 3, Oops: 0, ImmediateOops: 0, NonImmediateOops: No
[1,503s][debug][gc,nmethod  ] Register NMethod: jdk.internal.classfile.impl.InterfacesImpl.<init> (0x000078e2df92a608) [0x000078e2df92a700, 0x000078e2df92a9c8] Compiler: c1, Barriers: 3, Oops: 0, ImmediateOops: 0, NonImmediateOops: No
[1,503s][debug][gc,nmethod  ] Register NMethod: java.lang.invoke.MethodHandles$Lookup.maybeBindCaller (0x000078e2df92aa08) [0x000078e2df92ab00, 0x000078e2df92b790] Compiler: c1, Barriers: 1, Oops: 0, ImmediateOops: 1, NonImmediateOops: No
[1,503s][debug][gc,nmethod  ] Register NMethod: jdk.internal.classfile.impl.InterfacesImpl.writeTo (0x000078e2df92b808) [0x000078e2df92b900, 0x000078e2df92bc88] Compiler: c1, Barriers: 4, Oops: 0, ImmediateOops: 0, NonImmediateOops: No
[1,503s][debug][gc,nmethod  ] Register NMethod: java.lang.invoke.MethodHandles$Lookup.getDirectMethodCommon (0x000078e2df92bd08) [0x000078e2df92be00, 0x000078e2df92f270] Compiler: c1, Barriers: 11, Oops: 1, ImmediateOops: 1, NonImmediateOops: No
[1,505s][debug][gc,nmethod  ] Register NMethod: java.util.StringJoiner.toString (0x000078e2fec78208) [0x000078e2fec78300, 0x000078e2fec79ab8] Compiler: jvmci, Barriers: 17, Oops: 0, ImmediateOops: 1, NonImmediateOops: No
[1,505s][debug][gc,nmethod  ] Register NMethod: org.junit.platform.commons.util.ReflectionUtils.defaultMethodSorter (0x000078e2fec79b08) [0x000078e2fec79c00, 0x000078e2fec7a1a8] Compiler: jvmci, Barriers: 7, Oops: 1, ImmediateOops: 0, NonImmediateOops: No
[1,506s][debug][gc,nmethod  ] Register NMethod: java.util.Spliterators$IteratorSpliterator.characteristics (0x000078e2fec7a208) [0x000078e2fec7a300, 0x000078e2fec7a3c0] Compiler: c1, Barriers: 0, Oops: 0, ImmediateOops: 0, NonImmediateOops: No
[1,506s][debug][gc,nmethod  ] Register NMethod: org.junit.platform.engine.support.descriptor.AbstractTestDescriptor.hashCode (0x000078e2df92f288) [0x000078e2df92f380, 0x000078e2df92f7d8] Compiler: c1, Barriers: 2, Oops: 1, ImmediateOops: 0, NonImmediateOops: No
[1,506s][debug][gc,nmethod  ] Register NMethod: jdk.internal.classfile.impl.SplitConstantPool.tryFindClassEntry (0x000078e2df92f808) [0x000078e2df92f900, 0x000078e2df930f60] Compiler: c1, Barriers: 2, Oops: 0, ImmediateOops: 0, NonImmediateOops: No
[1,506s][debug][gc,nmethod  ] Register NMethod: java.util.HashSet.size (0x000078e2df930f88) [0x000078e2df931080, 0x000078e2df931390] Compiler: c1, Barriers: 1, Oops: 0, ImmediateOops: 0, NonImmediateOops: No
[1,506s][debug][gc,nmethod  ] Register NMethod: java.lang.Iterable.forEach (0x000078e2df931408) [0x000078e2df931500, 0x000078e2df931ff8] Compiler: c1, Barriers: 0, Oops: 0, ImmediateOops: 0, NonImmediateOops: No
[1,506s][debug][gc,nmethod  ] Register NMethod: java.util.AbstractCollection.addAll (0x000078e2df932008) [0x000078e2df932100, 0x000078e2df932b08] Compiler: c1, Barriers: 0, Oops: 0, ImmediateOops: 0, NonImmediateOops: No
[1,507s][debug][gc,nmethod  ] Register NMethod: java.util.LinkedHashMap.keySet (0x000078e2df932b88) [0x000078e2df932c80, 0x000078e2df932f78] Compiler: c1, Barriers: 0, Oops: 0, ImmediateOops: 0, NonImmediateOops: No
[1,507s][debug][gc,nmethod  ] Register NMethod: java.lang.reflect.Method.copy (0x000078e2fec7a508) [0x000078e2fec7a600, 0x000078e2fec7aaf0] Compiler: jvmci, Barriers: 36, Oops: 1, ImmediateOops: 0, NonImmediateOops: No
[1,507s][debug][gc,nmethod  ] Register NMethod: java.util.LinkedHashMap.sequencedKeySet (0x000078e2df932f88) [0x000078e2df933080, 0x000078e2df933758] Compiler: c1, Barriers: 7, Oops: 0, ImmediateOops: 0, NonImmediateOops: No
[1,507s][debug][gc,nmethod  ] Register NMethod: java.util.LinkedHashMap$LinkedKeyIterator.<init> (0x000078e2df933788) [0x000078e2df933880, 0x000078e2df933b08] Compiler: c1, Barriers: 0, Oops: 0, ImmediateOops: 0, NonImmediateOops: No
[1,507s][debug][gc,nmethod  ] Register NMethod: java.util.Collections$UnmodifiableCollection.size (0x000078e2df933b88) [0x000078e2df933c80, 0x000078e2df933fc0] Compiler: c1, Barriers: 1, Oops: 0, ImmediateOops: 0, NonImmediateOops: No
[1,507s][debug][gc,nmethod  ] Register NMethod: java.util.LinkedHashMap$LinkedKeySet.iterator (0x000078e2df934008) [0x000078e2df934100, 0x000078e2df934490] Compiler: c1, Barriers: 1, Oops: 0, ImmediateOops: 0, NonImmediateOops: No
[1,507s][debug][gc,nmethod  ] Register NMethod: java.util.Collections.unmodifiableSet (0x000078e2df934508) [0x000078e2df934600, 0x000078e2df934c18] Compiler: c1, Barriers: 3, Oops: 0, ImmediateOops: 1, NonImmediateOops: No
[1,507s][debug][gc,nmethod  ] Register NMethod: java.util.Collections$UnmodifiableSet.<init> (0x000078e2df934c88) [0x000078e2df934d80, 0x000078e2df9350a0] Compiler: c1, Barriers: 3, Oops: 0, ImmediateOops: 0, NonImmediateOops: No
[1,507s][debug][gc,nmethod  ] Register NMethod: java.lang.reflect.Method.<init> (0x000078e2fec7ab08) [0x000078e2fec7ac00, 0x000078e2fec7b070] Compiler: jvmci, Barriers: 27, Oops: 0, ImmediateOops: 0, NonImmediateOops: No
[1,508s][debug][gc,nmethod  ] Register NMethod: java.lang.invoke.MethodHandleNatives.linkCallSite (0x000078e2df935108) [0x000078e2df935200, 0x000078e2df935d70] Compiler: c1, Barriers: 0, Oops: 0, ImmediateOops: 0, NonImmediateOops: No
[1,508s][debug][gc,nmethod  ] Register NMethod: java.lang.invoke.MethodHandleNatives.linkCallSiteImpl (0x000078e2df935d88) [0x000078e2df935e80, 0x000078e2df936d08] Compiler: c1, Barriers: 9, Oops: 0, ImmediateOops: 0, NonImmediateOops: No
[1,508s][debug][gc,nmethod  ] Register NMethod: java.lang.invoke.ConstantCallSite.<init> (0x000078e2df936d88) [0x000078e2df936e80, 0x000078e2df937498] Compiler: c1, Barriers: 4, Oops: 0, ImmediateOops: 1, NonImmediateOops: No
[1,508s][debug][gc,nmethod  ] Register NMethod: java.lang.invoke.CallSite.<init> (0x000078e2df937508) [0x000078e2df937600, 0x000078e2df9379e0] Compiler: c1, Barriers: 4, Oops: 0, ImmediateOops: 0, NonImmediateOops: No
[1,508s][debug][gc,nmethod  ] Register NMethod: jdk.internal.misc.Unsafe.storeStoreFence (0x000078e2df937a08) [0x000078e2df937b00, 0x000078e2df937dd0] Compiler: c1, Barriers: 0, Oops: 0, ImmediateOops: 0, NonImmediateOops: No
[1,508s][debug][gc,nmethod  ] Register NMethod: java.util.ImmutableCollections.listFromTrustedArray (0x000078e2df937e08) [0x000078e2df937f00, 0x000078e2df9390e0] Compiler: c1, Barriers: 19, Oops: 0, ImmediateOops: 2, NonImmediateOops: No
[1,508s][debug][gc,nmethod  ] Register NMethod: java.lang.invoke.MethodHandleNatives.staticArgumentsPulled (0x000078e2df939108) [0x000078e2df939200, 0x000078e2df9394e8] Compiler: c1, Barriers: 0, Oops: 0, ImmediateOops: 0, NonImmediateOops: No
[1,509s][debug][gc,nmethod  ] Register NMethod: java.lang.invoke.BootstrapMethodInvoker.widenAndCast (0x000078e2df939508) [0x000078e2df939600, 0x000078e2df93ad30] Compiler: c1, Barriers: 0, Oops: 0, ImmediateOops: 0, NonImmediateOops: No
[1,509s][debug][gc,nmethod  ] Register NMethod: java.lang.invoke.ConstantCallSite.dynamicInvoker (0x000078e2df93ad88) [0x000078e2df93ae80, 0x000078e2df93b2d0] Compiler: c1, Barriers: 1, Oops: 0, ImmediateOops: 0, NonImmediateOops: No
[1,509s][debug][gc,nmethod  ] Register NMethod: java.lang.invoke.Invokers.linkToTargetMethod (0x000078e2df93b308) [0x000078e2df93b400, 0x000078e2df93b550] Compiler: c1, Barriers: 1, Oops: 0, ImmediateOops: 0, NonImmediateOops: No
[1,509s][debug][gc,nmethod  ] Register NMethod: java.util.Collections$SynchronizedCollection.iterator (0x000078e2df93b608) [0x000078e2df93b700, 0x000078e2df93ba40] Compiler: c1, Barriers: 1, Oops: 0, ImmediateOops: 0, NonImmediateOops: No
[1,509s][debug][gc,nmethod  ] Register NMethod: java.lang.invoke.CallSite.makeSite (0x000078e2df93ba88) [0x000078e2df93bb80, 0x000078e2df93e3a0] Compiler: c1, Barriers: 7, Oops: 1, ImmediateOops: 7, NonImmediateOops: No
[1,509s][debug][gc,nmethod  ] Register NMethod: org.junit.platform.engine.support.descriptor.AbstractTestDescriptor.getChildren (0x000078e2df93e408) [0x000078e2df93e500, 0x000078e2df93ebc8] Compiler: c1, Barriers: 4, Oops: 1, ImmediateOops: 1, NonImmediateOops: No
[1,509s][debug][gc,nmethod  ] Register NMethod: jdk.internal.misc.CDS.isDumpingArchive (0x000078e2df93ec08) [0x000078e2df93ed00, 0x000078e2df93edf8] Compiler: c1, Barriers: 0, Oops: 0, ImmediateOops: 0, NonImmediateOops: No
[1,509s][debug][gc,nmethod  ] Register NMethod: java.lang.invoke.DirectMethodHandle$Holder.invokeStatic (0x000078e2df93ef08) [0x000078e2df93f000, 0x000078e2df93f3d8] Compiler: c1, Barriers: 1, Oops: 0, ImmediateOops: 0, NonImmediateOops: No
[1,509s][debug][gc,nmethod  ] Register NMethod: java.lang.invoke.BoundMethodHandle$Species_L.make (0x000078e2df93f408) [0x000078e2df93f500, 0x000078e2df93f768] Compiler: c1, Barriers: 3, Oops: 0, ImmediateOops: 0, NonImmediateOops: No
[1,509s][debug][gc,nmethod  ] Register NMethod: java.util.LinkedHashSet.<init> (0x000078e2df93f788) [0x000078e2df93f8a0, 0x000078e2df93ffb8] Compiler: c1, Barriers: 0, Oops: 0, ImmediateOops: 0, NonImmediateOops: No
[1,509s][debug][gc,nmethod  ] Register NMethod: java.util.Collections$SynchronizedCollection.size (0x000078e2df940008) [0x000078e2df940100, 0x000078e2df9405f0] Compiler: c1, Barriers: 2, Oops: 0, ImmediateOops: 0, NonImmediateOops: No
[1,509s][debug][gc,nmethod  ] Register NMethod: org.junit.platform.engine.TestDescriptor$$Lambda/0x00000000921a4920.<init> (0x000078e2df940608) [0x000078e2df940700, 0x000078e2df9408d0] Compiler: c1, Barriers: 3, Oops: 1, ImmediateOops: 0, NonImmediateOops: No
[1,509s][debug][gc,nmethod  ] Register NMethod: java.lang.invoke.Invokers.callSiteForm (0x000078e2df940908) [0x000078e2df940a00, 0x000078e2df943450] Compiler: c1, Barriers: 23, Oops: 1, ImmediateOops: 5, NonImmediateOops: No
[1,509s][debug][gc,nmethod  ] Register NMethod: org.junit.platform.engine.TestDescriptor$$Lambda/0x00000000921a4920.accept (0x000078e2df943488) [0x000078e2df943580, 0x000078e2df943b58] Compiler: c1, Barriers: 1, Oops: 1, ImmediateOops: 0, NonImmediateOops: No
[1,509s][debug][gc,nmethod  ] Register NMethod: org.junit.platform.engine.TestDescriptor.lambda$accept$0 (0x000078e2df943b88) [0x000078e2df943c80, 0x000078e2df943f90] Compiler: c1, Barriers: 0, Oops: 1, ImmediateOops: 0, NonImmediateOops: No
[1,510s][debug][gc,nmethod  ] Register NMethod: org.junit.platform.commons.util.ReflectionUtils$$Lambda/0x000000009217d518.compare (0x000078e2fec7b088) [0x000078e2fec7b180, 0x000078e2fec7b7c0] Compiler: jvmci, Barriers: 7, Oops: 1, ImmediateOops: 0, NonImmediateOops: No
[1,510s][debug][gc,nmethod  ] Register NMethod: org.junit.platform.engine.TestDescriptor.accept (0x000078e2df944008) [0x000078e2df944120, 0x000078e2df945bc8] Compiler: c1, Barriers: 7, Oops: 3, ImmediateOops: 4, NonImmediateOops: No
[1,510s][debug][gc,nmethod  ] Register NMethod: jdk.internal.misc.Unsafe.shouldBeInitialized (0x000078e2df945c08) [0x000078e2df945d00, 0x000078e2df945f20] Compiler: c1, Barriers: 0, Oops: 0, ImmediateOops: 0, NonImmediateOops: No
[1,510s][debug][gc,nmethod  ] Register NMethod: java.lang.invoke.BootstrapMethodInvoker.invoke (0x000078e2df945f88) [0x000078e2df946080, 0x000078e2df94fe98] Compiler: c1, Barriers: 54, Oops: 0, ImmediateOops: 9, NonImmediateOops: No
[1,510s][debug][gc,nmethod  ] Register NMethod: org.junit.platform.commons.util.Preconditions.notNull (0x000078e2fec7b808) [0x000078e2fec7b900, 0x000078e2fec7b998] Compiler: jvmci, Barriers: 0, Oops: 1, ImmediateOops: 0, NonImmediateOops: No
[1,510s][debug][gc,nmethod  ] Register NMethod: java.lang.invoke.LambdaMetafactory.metafactory (0x000078e2df94ff08) [0x000078e2df950000, 0x000078e2df950bb8] Compiler: c1, Barriers: 0, Oops: 0, ImmediateOops: 2, NonImmediateOops: No
[1,510s][debug][gc,nmethod  ] Register NMethod: jdk.internal.classfile.impl.Util.pow31 (0x000078e2df950c08) [0x000078e2df950d00, 0x000078e2df950fb0] Compiler: c1, Barriers: 0, Oops: 1, ImmediateOops: 1, NonImmediateOops: No
[1,511s][debug][gc,nmethod  ] Register NMethod: jdk.internal.classfile.impl.Util.entryList (0x000078e2df951008) [0x000078e2df951100, 0x000078e2df951ef8] Compiler: c1, Barriers: 3, Oops: 1, ImmediateOops: 1, NonImmediateOops: No
[1,511s][debug][gc,nmethod  ] Register NMethod: java.util.stream.ReferencePipeline$2$1.accept (0x000078e2fec7bb08) [0x000078e2fec7bc00, 0x000078e2fec7c1d8] Compiler: jvmci, Barriers: 9, Oops: 1, ImmediateOops: 0, NonImmediateOops: No
[1,511s][debug][gc,nmethod  ] Register NMethod: java.lang.invoke.InnerClassLambdaMetafactory.convertArgumentTypes (0x000078e2df951f08) [0x000078e2df952000, 0x000078e2df9532c8] Compiler: c1, Barriers: 12, Oops: 0, ImmediateOops: 1, NonImmediateOops: No
[1,512s][debug][gc,nmethod  ] Register NMethod: java.lang.invoke.AbstractValidatingLambdaMetafactory.checkDescriptor (0x000078e2df953308) [0x000078e2df953400, 0x000078e2df9579a0] Compiler: c1, Barriers: 37, Oops: 3, ImmediateOops: 7, NonImmediateOops: No
[1,512s][debug][gc,nmethod  ] Register NMethod: java.lang.StringBuilder.<init> (0x000078e2fec7c208) [0x000078e2fec7c300, 0x000078e2fec7c4a8] Compiler: jvmci, Barriers: 3, Oops: 0, ImmediateOops: 0, NonImmediateOops: No
[1,512s][debug][gc,nmethod  ] Register NMethod: org.junit.platform.commons.util.ReflectionUtils$$Lambda/0x000000009217d098.test (0x000078e2fec7c508) [0x000078e2fec7c600, 0x000078e2fec7c7a0] Compiler: jvmci, Barriers: 1, Oops: 1, ImmediateOops: 0, NonImmediateOops: No
[1,512s][debug][gc,nmethod  ] Register NMethod: java.lang.invoke.InnerClassLambdaMetafactory$1.accept (0x000078e2df957a08) [0x000078e2df957b00, 0x000078e2df95b370] Compiler: c1, Barriers: 41, Oops: 0, ImmediateOops: 0, NonImmediateOops: No
[1,512s][debug][gc,director ] Rule Major: Warmup 10%, Used: 102MB, UsedThreshold: 1228MB
[1,513s][debug][gc,nmethod  ] Register NMethod: java.lang.invoke.InnerClassLambdaMetafactory$3.accept (0x000078e2df95b388) [0x000078e2df95b480, 0x000078e2df95da18] Compiler: c1, Barriers: 18, Oops: 1, ImmediateOops: 5, NonImmediateOops: No
[1,513s][debug][gc,nmethod  ] Register NMethod: java.lang.invoke.AbstractValidatingLambdaMetafactory.<init> (0x000078e2df95da88) [0x000078e2df95db80, 0x000078e2df968c98] Compiler: c1, Barriers: 117, Oops: 5, ImmediateOops: 13, NonImmediateOops: No
[1,513s][debug][gc,nmethod  ] Register NMethod: java.lang.invoke.InnerClassLambdaMetafactory$6.accept (0x000078e2df968d08) [0x000078e2df968e00, 0x000078e2df96f118] Compiler: c1, Barriers: 44, Oops: 4, ImmediateOops: 10, NonImmediateOops: No
[1,513s][debug][gc,nmethod  ] Register NMethod: java.util.regex.Pattern$CharPropertyGreedy.match (0x000078e2df96f188) [0x000078e2df96f280, 0x000078e2df96ffd0] Compiler: c1, Barriers: 2, Oops: 0, ImmediateOops: 0, NonImmediateOops: No
[1,514s][debug][gc,nmethod  ] Register NMethod: java.lang.invoke.InnerClassLambdaMetafactory.<init> (0x000078e2df970008) [0x000078e2df970100, 0x000078e2df97a0f8] Compiler: c1, Barriers: 79, Oops: 7, ImmediateOops: 32, NonImmediateOops: No
[1,514s][debug][gc,nmethod  ] Register NMethod: java.lang.Character.isHighSurrogate (0x000078e2df97a188) [0x000078e2df97a280, 0x000078e2df97a3e0] Compiler: c1, Barriers: 0, Oops: 0, ImmediateOops: 0, NonImmediateOops: No
[1,514s][debug][gc,nmethod  ] Register NMethod: java.lang.invoke.AbstractValidatingLambdaMetafactory.validateMetafactoryArgs (0x000078e2df97a488) [0x000078e2df97a580, 0x000078e2df9884d0] Compiler: c1, Barriers: 156, Oops: 7, ImmediateOops: 25, NonImmediateOops: No
[1,514s][debug][gc,nmethod  ] Register NMethod: java.util.regex.Pattern.lambda$DOT$0 (0x000078e2df988588) [0x000078e2df988680, 0x000078e2df988840] Compiler: c1, Barriers: 0, Oops: 0, ImmediateOops: 0, NonImmediateOops: No
[1,514s][debug][gc,nmethod  ] Register NMethod: java.util.regex.Pattern$$Lambda/0x0000000092110988.is (0x000078e2df988888) [0x000078e2df988980, 0x000078e2df988bb8] Compiler: c1, Barriers: 0, Oops: 0, ImmediateOops: 0, NonImmediateOops: No
[1,514s][debug][gc,nmethod  ] Register NMethod: java.util.regex.Pattern$Slice.match (0x000078e2df988c08) [0x000078e2df988d00, 0x000078e2df989440] Compiler: c1, Barriers: 2, Oops: 0, ImmediateOops: 0, NonImmediateOops: No
[1,514s][debug][gc,nmethod  ] Register NMethod: java.lang.Character.isLowSurrogate (0x000078e2df989488) [0x000078e2df989580, 0x000078e2df9896e0] Compiler: c1, Barriers: 0, Oops: 0, ImmediateOops: 0, NonImmediateOops: No
[1,514s][debug][gc,nmethod  ] Register NMethod: java.lang.Character.codePointAt (0x000078e2df989788) [0x000078e2df989880, 0x000078e2df98a250] Compiler: c1, Barriers: 0, Oops: 0, ImmediateOops: 0, NonImmediateOops: No
[1,514s][debug][gc,nmethod  ] Register NMethod: java.lang.Character.codePointBefore (0x000078e2df98a288) [0x000078e2df98a380, 0x000078e2df98ab48] Compiler: c1, Barriers: 0, Oops: 0, ImmediateOops: 0, NonImmediateOops: No
[1,514s][debug][gc,nmethod  ] Register NMethod: java.lang.invoke.MethodHandles$Lookup.hasFullPrivilegeAccess (0x000078e2df98ab88) [0x000078e2df98ac80, 0x000078e2df98add8] Compiler: c1, Barriers: 0, Oops: 0, ImmediateOops: 0, NonImmediateOops: No
[1,514s][debug][gc,nmethod  ] Register NMethod: java.lang.invoke.InfoFromMemberName.<init> (0x000078e2df98ae88) [0x000078e2df98af80, 0x000078e2df98b178] Compiler: c1, Barriers: 3, Oops: 0, ImmediateOops: 0, NonImmediateOops: No
[1,514s][debug][gc,nmethod  ] Register NMethod: java.lang.invoke.MethodHandle.isAncestorLoaderOf (0x000078e2df98b188) [0x000078e2df98b280, 0x000078e2df98ba38] Compiler: c1, Barriers: 1, Oops: 0, ImmediateOops: 4, NonImmediateOops: No
[1,514s][debug][gc,nmethod  ] Register NMethod: java.lang.invoke.InfoFromMemberName.getMethodType (0x000078e2df98ba88) [0x000078e2df98bb80, 0x000078e2df98beb0] Compiler: c1, Barriers: 1, Oops: 0, ImmediateOops: 0, NonImmediateOops: No
[1,514s][debug][gc,nmethod  ] Register NMethod: java.lang.invoke.InfoFromMemberName.getName (0x000078e2df98bf08) [0x000078e2df98c000, 0x000078e2df98c838] Compiler: c1, Barriers: 6, Oops: 0, ImmediateOops: 0, NonImmediateOops: No
[1,515s][debug][gc,nmethod  ] Register NMethod: java.lang.invoke.InnerClassLambdaMetafactory.implClassDesc (0x000078e2df98c888) [0x000078e2df98c980, 0x000078e2df98d828] Compiler: c1, Barriers: 2, Oops: 1, ImmediateOops: 2, NonImmediateOops: No
[1,515s][debug][gc,nmethod  ] Register NMethod: java.lang.invoke.InnerClassLambdaMetafactory.sanitizedTargetClassName (0x000078e2df98d888) [0x000078e2df98d980, 0x000078e2df98e360] Compiler: c1, Barriers: 1, Oops: 0, ImmediateOops: 0, NonImmediateOops: No
[1,515s][debug][gc,nmethod  ] Register NMethod: java.lang.invoke.AbstractValidatingLambdaMetafactory.isAdaptableToAsReturn (0x000078e2df98e388) [0x000078e2df98e480, 0x000078e2df98eb60] Compiler: c1, Barriers: 0, Oops: 1, ImmediateOops: 2, NonImmediateOops: No
[1,515s][debug][gc,nmethod  ] Register NMethod: java.lang.invoke.MethodHandles$Lookup.revealDirect (0x000078e2df98eb88) [0x000078e2df98ec80, 0x000078e2df9919a8] Compiler: c1, Barriers: 2, Oops: 2, ImmediateOops: 4, NonImmediateOops: No
[1,515s][debug][gc,nmethod  ] Register NMethod: java.lang.invoke.InnerClassLambdaMetafactory.spinInnerClass (0x000078e2df991a08) [0x000078e2df991b00, 0x000078e2df991d78] Compiler: c1, Barriers: 0, Oops: 0, ImmediateOops: 0, NonImmediateOops: No
[1,515s][debug][gc,nmethod  ] Register NMethod: java.lang.invoke.AbstractValidatingLambdaMetafactory.isAdaptableToAsReturnStrict (0x000078e2df991d88) [0x000078e2df991e80, 0x000078e2df9927a8] Compiler: c1, Barriers: 0, Oops: 1, ImmediateOops: 2, NonImmediateOops: No
[1,515s][debug][gc,nmethod  ] Register NMethod: jdk.internal.misc.CDS.isUsingArchive (0x000078e2df992808) [0x000078e2df992900, 0x000078e2df9929f8] Compiler: c1, Barriers: 0, Oops: 0, ImmediateOops: 0, NonImmediateOops: No
[1,515s][debug][gc,nmethod  ] Register NMethod: java.lang.invoke.InnerClassLambdaMetafactory.lambdaClassName (0x000078e2df992b08) [0x000078e2df992c00, 0x000078e2df995998] Compiler: c1, Barriers: 6, Oops: 1, ImmediateOops: 8, NonImmediateOops: No
[1,515s][debug][gc,nmethod  ] Register NMethod: java.util.Spliterators$ArraySpliterator.forEachRemaining (0x000078e2fec7c808) [0x000078e2fec7c900, 0x000078e2fec7d7c0] Compiler: jvmci, Barriers: 26, Oops: 1, ImmediateOops: 0, NonImmediateOops: No
[1,515s][debug][gc,nmethod  ] Register NMethod: java.lang.invoke.InnerClassLambdaMetafactory$1.<init> (0x000078e2df995a08) [0x000078e2df995b00, 0x000078e2df995e98] Compiler: c1, Barriers: 6, Oops: 0, ImmediateOops: 0, NonImmediateOops: No
[1,515s][debug][gc,nmethod  ] Register NMethod: java.lang.invoke.InnerClassLambdaMetafactory$1.accept (0x000078e2df995f08) [0x000078e2df996000, 0x000078e2df996368] Compiler: c1, Barriers: 0, Oops: 0, ImmediateOops: 0, NonImmediateOops: No
[1,515s][debug][gc,nmethod  ] Register NMethod: java.util.ImmutableCollections$Access$1.listFromTrustedArray (0x000078e2df996388) [0x000078e2df996480, 0x000078e2df9965b0] Compiler: c1, Barriers: 0, Oops: 0, ImmediateOops: 0, NonImmediateOops: No
[1,515s][debug][gc,nmethod  ] Register NMethod: jdk.internal.access.SharedSecrets.getJavaUtilCollectionAccess (0x000078e2df996688) [0x000078e2df996780, 0x000078e2df996a10] Compiler: c1, Barriers: 2, Oops: 1, ImmediateOops: 3, NonImmediateOops: No
[1,515s][debug][gc,nmethod  ] Register NMethod: java.lang.classfile.ClassBuilder.withInterfaceSymbols (0x000078e2df996a88) [0x000078e2df996b80, 0x000078e2df997688] Compiler: c1, Barriers: 3, Oops: 0, ImmediateOops: 0, NonImmediateOops: No
[1,515s][debug][gc,nmethod  ] Register NMethod: java.lang.invoke.InnerClassLambdaMetafactory$3.accept (0x000078e2df997708) [0x000078e2df997800, 0x000078e2df997b68] Compiler: c1, Barriers: 0, Oops: 0, ImmediateOops: 0, NonImmediateOops: No
[1,515s][debug][gc,nmethod  ] Register NMethod: java.lang.invoke.InnerClassLambdaMetafactory.generateConstructor (0x000078e2df997b88) [0x000078e2df997c80, 0x000078e2df9981f8] Compiler: c1, Barriers: 4, Oops: 1, ImmediateOops: 1, NonImmediateOops: No
[1,516s][debug][gc,nmethod  ] Register NMethod: java.lang.invoke.InnerClassLambdaMetafactory$3.<init> (0x000078e2df998208) [0x000078e2df998300, 0x000078e2df998628] Compiler: c1, Barriers: 3, Oops: 0, ImmediateOops: 0, NonImmediateOops: No
[1,516s][debug][gc,nmethod  ] Register NMethod: java.lang.invoke.InnerClassLambdaMetafactory.forwardingMethod (0x000078e2df998688) [0x000078e2df998780, 0x000078e2df998ae8] Compiler: c1, Barriers: 6, Oops: 0, ImmediateOops: 0, NonImmediateOops: No
[1,516s][debug][gc,nmethod  ] Register NMethod: jdk.internal.classfile.impl.DirectCodeBuilder.invokespecial (0x000078e2df998b08) [0x000078e2df998c00, 0x000078e2df999770] Compiler: c1, Barriers: 2, Oops: 0, ImmediateOops: 0, NonImmediateOops: No
[1,516s][debug][gc,nmethod  ] Register NMethod: java.lang.invoke.InnerClassLambdaMetafactory$6.<init> (0x000078e2df999788) [0x000078e2df999880, 0x000078e2df999c10] Compiler: c1, Barriers: 6, Oops: 0, ImmediateOops: 0, NonImmediateOops: No
[1,516s][debug][gc,nmethod  ] Register NMethod: java.lang.invoke.InnerClassLambdaMetafactory$6.accept (0x000078e2df999c88) [0x000078e2df999d80, 0x000078e2df99a0e8] Compiler: c1, Barriers: 0, Oops: 0, ImmediateOops: 0, NonImmediateOops: No
[1,516s][debug][gc,nmethod  ] Register NMethod: java.lang.invoke.InnerClassLambdaMetafactory.buildCallSite (0x000078e2df99a108) [0x000078e2df99a200, 0x000078e2df99c1a8] Compiler: c1, Barriers: 16, Oops: 1, ImmediateOops: 6, NonImmediateOops: No
[1,516s][debug][gc,nmethod  ] Register NMethod: java.lang.invoke.MethodHandles$Lookup.makeHiddenClassDefiner (0x000078e2df99c208) [0x000078e2df99c300, 0x000078e2df99c5a8] Compiler: c1, Barriers: 0, Oops: 0, ImmediateOops: 0, NonImmediateOops: No
[1,516s][debug][gc,nmethod  ] Register NMethod: java.lang.invoke.InnerClassLambdaMetafactory.invocationOpcode (0x000078e2df99c608) [0x000078e2df99c700, 0x000078e2df99d5a8] Compiler: c1, Barriers: 0, Oops: 1, ImmediateOops: 7, NonImmediateOops: No
[1,516s][debug][gc,nmethod  ] Register NMethod: java.lang.invoke.MethodHandles$Lookup.findConstructor (0x000078e2df99d608) [0x000078e2df99d700, 0x000078e2df99ec28] Compiler: c1, Barriers: 2, Oops: 1, ImmediateOops: 3, NonImmediateOops: No
[1,516s][debug][gc,nmethod  ] Register NMethod: java.lang.invoke.MethodHandle.linkToStatic (0x000078e2fec7d808) [0x000078e2fec7d900, 0x000078e2fec7d9f0] Compiler: , Barriers: 0, Oops: 0, ImmediateOops: 0, NonImmediateOops: No
[1,517s][debug][gc,nmethod  ] Register NMethod: java.lang.invoke.InnerClassLambdaMetafactory.generateInnerClass (0x000078e2df99ec88) [0x000078e2df99ed80, 0x000078e2df9a2e78] Compiler: c1, Barriers: 30, Oops: 2, ImmediateOops: 11, NonImmediateOops: No
[1,518s][debug][gc,nmethod  ] Register NMethod: sun.reflect.annotation.AnnotationInvocationHandler.invoke (0x000078e2fec7db08) [0x000078e2fec7dc00, 0x000078e2fec7e2e8] Compiler: jvmci, Barriers: 9, Oops: 0, ImmediateOops: 6, NonImmediateOops: No
[1,519s][debug][gc,nmethod  ] Register NMethod: java.util.regex.Pattern$Slice.match (0x000078e2fec7e308) [0x000078e2fec7e400, 0x000078e2fec7e6d8] Compiler: jvmci, Barriers: 2, Oops: 0, ImmediateOops: 0, NonImmediateOops: No
[1,520s][debug][gc,nmethod  ] Register NMethod: java.lang.Character.charCount (0x000078e2fec7e708) [0x000078e2fec7e800, 0x000078e2fec7e8a0] Compiler: jvmci, Barriers: 0, Oops: 0, ImmediateOops: 0, NonImmediateOops: No
[1,521s][debug][gc,nmethod  ] Register NMethod: java.lang.Character.codePointAt (0x000078e2fec7ea08) [0x000078e2fec7eb00, 0x000078e2fec7eca8] Compiler: jvmci, Barriers: 1, Oops: 0, ImmediateOops: 0, NonImmediateOops: No
[1,522s][debug][gc,nmethod  ] Register NMethod: java.util.regex.Pattern$$Lambda/0x0000000092110988.is (0x000078e2fec7ed08) [0x000078e2fec7ee00, 0x000078e2fec7eee8] Compiler: jvmci, Barriers: 0, Oops: 0, ImmediateOops: 0, NonImmediateOops: No
[1,522s][debug][gc,director ] Rule Major: Warmup 10%, Used: 102MB, UsedThreshold: 1228MB
[1,522s][debug][gc,nmethod  ] Register NMethod: java.util.stream.Collectors$$Lambda/0x0000000092114238.accept (0x000078e2fec7f008) [0x000078e2fec7f100, 0x000078e2fec7f9b0] Compiler: jvmci, Barriers: 16, Oops: 0, ImmediateOops: 1, NonImmediateOops: No
[1,523s][debug][gc,nmethod  ] Register NMethod: java.lang.Class.getMethodsRecursive (0x000078e2df9a2f08) [0x000078e2df9a3000, 0x000078e2df9a3808] Compiler: c1, Barriers: 3, Oops: 0, ImmediateOops: 0, NonImmediateOops: No
[1,523s][debug][gc,nmethod  ] Register NMethod: java.lang.Character.codePointBefore (0x000078e2fec7fa08) [0x000078e2fec7fb00, 0x000078e2fec7fcb0] Compiler: jvmci, Barriers: 1, Oops: 0, ImmediateOops: 0, NonImmediateOops: No
[1,523s][debug][gc,nmethod  ] Register NMethod: java.lang.PublicMethods$MethodList.filter (0x000078e2df9a3888) [0x000078e2df9a3980, 0x000078e2df9a4950] Compiler: c1, Barriers: 12, Oops: 1, ImmediateOops: 2, NonImmediateOops: No
[1,523s][debug][gc,nmethod  ] Register NMethod: java.lang.Object.equals (0x000078e2fec7fd08) [0x000078e2fec7fe00, 0x000078e2fec7fe90] Compiler: jvmci, Barriers: 0, Oops: 0, ImmediateOops: 0, NonImmediateOops: No
[1,523s][debug][gc,nmethod  ] Register NMethod: java.util.stream.SortedOps$SizedRefSortingSink.accept (0x000078e2fec80008) [0x000078e2fec80100, 0x000078e2fec802b0] Compiler: jvmci, Barriers: 4, Oops: 0, ImmediateOops: 0, NonImmediateOops: No
[1,526s][debug][gc,nmethod  ] Register NMethod: jdk.internal.classfile.impl.BufWriterImpl.cpIndex (0x000078e2fec80308) [0x000078e2fec80400, 0x000078e2fec80888] Compiler: jvmci, Barriers: 5, Oops: 0, ImmediateOops: 0, NonImmediateOops: No
[1,527s][debug][gc,nmethod  ] Register NMethod: java.util.LinkedHashMap$LinkedHashIterator.hasNext (0x000078e2fec80908) [0x000078e2fec80a00, 0x000078e2fec80ab8] Compiler: jvmci, Barriers: 1, Oops: 0, ImmediateOops: 0, NonImmediateOops: No
[1,527s][debug][gc,nmethod  ] Register NMethod: java.util.HashMap.removeNode (0x000078e2df9a4988) [0x000078e2df9a4a80, 0x000078e2df9a6b28] Compiler: c1, Barriers: 15, Oops: 0, ImmediateOops: 0, NonImmediateOops: No
[1,527s][debug][gc,nmethod  ] Register NMethod: org.junit.platform.engine.support.descriptor.AbstractTestDescriptor.getParent (0x000078e2df9a6b88) [0x000078e2df9a6c80, 0x000078e2df9a6fe0] Compiler: c1, Barriers: 4, Oops: 1, ImmediateOops: 1, NonImmediateOops: No
[1,528s][debug][gc,nmethod  ] Register NMethod: org.junit.runners.BlockJUnit4ClassRunner.describeChild (0x000078e2df9a7008) [0x000078e2df9a7100, 0x000078e2df9a75f8] Compiler: c1, Barriers: 0, Oops: 1, ImmediateOops: 0, NonImmediateOops: No
[1,529s][debug][gc,nmethod  ] Register NMethod: org.junit.runners.BlockJUnit4ClassRunner.describeChild (0x000078e2df9a7608) [0x000078e2df9a7700, 0x000078e2df9a9090] Compiler: c1, Barriers: 6, Oops: 1, ImmediateOops: 1, NonImmediateOops: No
[1,529s][debug][gc,nmethod  ] Register NMethod: org.junit.platform.engine.support.descriptor.AbstractTestDescriptor.getSource (0x000078e2df9a9108) [0x000078e2df9a9200, 0x000078e2df9a9560] Compiler: c1, Barriers: 4, Oops: 1, ImmediateOops: 1, NonImmediateOops: No
[1,530s][debug][gc,nmethod  ] Register NMethod: org.gradle.api.internal.tasks.testing.filter.TestSelectionMatcher.matchesPattern (0x000078e2df9a9588) [0x000078e2df9a9680, 0x000078e2df9a9a38] Compiler: c1, Barriers: 0, Oops: 1, ImmediateOops: 0, NonImmediateOops: No
[1,530s][debug][gc,nmethod  ] Register NMethod: java.util.regex.Matcher.<init> (0x000078e2df9a9a88) [0x000078e2df9a9b80, 0x000078e2df9aa2f8] Compiler: c1, Barriers: 15, Oops: 0, ImmediateOops: 0, NonImmediateOops: No
[1,530s][debug][gc,nmethod  ] Register NMethod: java.util.regex.Matcher.getTextLength (0x000078e2df9aa308) [0x000078e2df9aa400, 0x000078e2df9aa740] Compiler: c1, Barriers: 1, Oops: 0, ImmediateOops: 0, NonImmediateOops: No
[1,530s][debug][gc,nmethod  ] Register NMethod: java.util.regex.Matcher.reset (0x000078e2df9aa788) [0x000078e2df9aa880, 0x000078e2df9ab318] Compiler: c1, Barriers: 5, Oops: 0, ImmediateOops: 0, NonImmediateOops: No
[1,530s][debug][gc,nmethod  ] Register NMethod: org.gradle.api.internal.tasks.testing.filter.TestSelectionMatcher$FullQualifiedClassNameSelector.determineTargetClassName (0x000078e2df9ab388) [0x000078e2df9ab480, 0x000078e2df9ab580] Compiler: c1, Barriers: 0, Oops: 1, ImmediateOops: 0, NonImmediateOops: No
[1,530s][debug][gc,nmethod  ] Register NMethod: java.util.regex.Matcher.matches (0x000078e2df9ab688) [0x000078e2df9ab780, 0x000078e2df9aba80] Compiler: c1, Barriers: 0, Oops: 0, ImmediateOops: 0, NonImmediateOops: No
[1,530s][debug][gc,nmethod  ] Register NMethod: java.util.regex.Pattern.matcher (0x000078e2df9aba88) [0x000078e2df9abb80, 0x000078e2df9abf58] Compiler: c1, Barriers: 0, Oops: 0, ImmediateOops: 0, NonImmediateOops: No
[1,530s][debug][gc,nmethod  ] Register NMethod: java.util.regex.Matcher.match (0x000078e2df9abf88) [0x000078e2df9ac080, 0x000078e2df9ac960] Compiler: c1, Barriers: 6, Oops: 0, ImmediateOops: 0, NonImmediateOops: No
[1,531s][debug][gc,nmethod  ] Register NMethod: java.util.regex.Pattern$CharPropertyGreedy.match (0x000078e2fec80c08) [0x000078e2fec80d00, 0x000078e2fec819b0] Compiler: jvmci, Barriers: 8, Oops: 0, ImmediateOops: 0, NonImmediateOops: No
[1,532s][debug][gc,director ] Rule Major: Warmup 10%, Used: 102MB, UsedThreshold: 1228MB
[1,533s][debug][gc,nmethod  ] Register NMethod: java.util.ArrayList$Itr.hasNext (0x000078e2fec81a08) [0x000078e2fec81b00, 0x000078e2fec81be8] Compiler: jvmci, Barriers: 1, Oops: 0, ImmediateOops: 0, NonImmediateOops: No
[1,533s][debug][gc,nmethod  ] Register NMethod: org.junit.platform.engine.support.descriptor.ClassSource.getClassName (0x000078e2fec81d08) [0x000078e2fec81e00, 0x000078e2fec81ee8] Compiler: c1, Barriers: 1, Oops: 1, ImmediateOops: 0, NonImmediateOops: No
[1,534s][debug][gc,nmethod  ] Register NMethod: java.util.Optional.filter (0x000078e2df9ac988) [0x000078e2df9aca80, 0x000078e2df9ad270] Compiler: c1, Barriers: 1, Oops: 0, ImmediateOops: 1, NonImmediateOops: No
[1,534s][debug][gc,nmethod  ] Register NMethod: java.util.HashMap.remove (0x000078e2df9ad288) [0x000078e2df9ad380, 0x000078e2df9ada00] Compiler: c1, Barriers: 1, Oops: 0, ImmediateOops: 0, NonImmediateOops: No
[1,535s][debug][gc,nmethod  ] Register NMethod: org.junit.platform.engine.support.descriptor.MethodSource.getMethodName (0x000078e2fec82008) [0x000078e2fec82100, 0x000078e2fec821e8] Compiler: c1, Barriers: 1, Oops: 1, ImmediateOops: 0, NonImmediateOops: No
[1,535s][debug][gc,nmethod  ] Register NMethod: java.util.concurrent.locks.AbstractQueuedSynchronizer.compareAndSetState (0x000078e2df9ada08) [0x000078e2df9adb00, 0x000078e2df9adc18] Compiler: c1, Barriers: 0, Oops: 0, ImmediateOops: 0, NonImmediateOops: No
[1,536s][debug][gc,nmethod  ] Register NMethod: org.gradle.api.internal.tasks.testing.filter.TestSelectionMatcher$TestPattern.access$300 (0x000078e2df9add08) [0x000078e2df9ade00, 0x000078e2df9adf20] Compiler: c1, Barriers: 0, Oops: 1, ImmediateOops: 0, NonImmediateOops: No
[1,536s][debug][gc,nmethod  ] Register NMethod: org.gradle.api.internal.tasks.testing.filter.TestSelectionMatcher$TestPattern.access$100 (0x000078e2df9ae008) [0x000078e2df9ae100, 0x000078e2df9ae970] Compiler: c1, Barriers: 2, Oops: 1, ImmediateOops: 0, NonImmediateOops: No
[1,536s][debug][gc,nmethod  ] Register NMethod: org.gradle.api.internal.tasks.testing.filter.TestSelectionMatcher.matchesTest (0x000078e2df9ae988) [0x000078e2df9aea80, 0x000078e2df9af2b8] Compiler: c1, Barriers: 2, Oops: 1, ImmediateOops: 0, NonImmediateOops: No
[1,536s][debug][gc,nmethod  ] Register NMethod: org.gradle.api.internal.tasks.testing.filter.TestSelectionMatcher$TestPattern.matchesClass (0x000078e2df9af308) [0x000078e2df9af400, 0x000078e2df9afc18] Compiler: c1, Barriers: 2, Oops: 1, ImmediateOops: 0, NonImmediateOops: No
[1,536s][debug][gc,nmethod  ] Register NMethod: org.gradle.api.internal.tasks.testing.filter.TestSelectionMatcher.matchesClassAndMethod (0x000078e2df9afc88) [0x000078e2df9afd80, 0x000078e2df9b10a0] Compiler: c1, Barriers: 2, Oops: 1, ImmediateOops: 0, NonImmediateOops: No
[1,536s][debug][gc,nmethod  ] Register NMethod: org.gradle.api.internal.tasks.testing.filter.TestSelectionMatcher$TestPattern.matchesClassAndMethod (0x000078e2df9b1108) [0x000078e2df9b1200, 0x000078e2df9b2800] Compiler: c1, Barriers: 2, Oops: 2, ImmediateOops: 2, NonImmediateOops: No
[1,536s][debug][gc,nmethod  ] Register NMethod: java.util.Optional.isPresent (0x000078e2fec82308) [0x000078e2fec82400, 0x000078e2fec824b8] Compiler: jvmci, Barriers: 1, Oops: 0, ImmediateOops: 0, NonImmediateOops: No
[1,537s][debug][gc,nmethod  ] Register NMethod: java.util.concurrent.locks.AbstractQueuedSynchronizer.release (0x000078e2df9b2888) [0x000078e2df9b2980, 0x000078e2df9b37b8] Compiler: c1, Barriers: 3, Oops: 0, ImmediateOops: 2, NonImmediateOops: No
[1,537s][debug][gc,nmethod  ] Register NMethod: org.junit.vintage.engine.descriptor.RunnerTestDescriptor$ExcludeDescriptionFilter.shouldRun (0x000078e2df9b3808) [0x000078e2df9b3900, 0x000078e2df9b3fd8] Compiler: c1, Barriers: 3, Oops: 1, ImmediateOops: 0, NonImmediateOops: No
[1,537s][debug][gc,nmethod  ] Register NMethod: org.junit.runner.Description.equals (0x000078e2df9b4008) [0x000078e2df9b4100, 0x000078e2df9b48d8] Compiler: c1, Barriers: 2, Oops: 1, ImmediateOops: 0, NonImmediateOops: No
[1,537s][debug][gc,nmethod  ] Register NMethod: org.junit.runners.ParentRunner.shouldRun (0x000078e2df9b4908) [0x000078e2df9b4a00, 0x000078e2df9b5328] Compiler: c1, Barriers: 0, Oops: 1, ImmediateOops: 0, NonImmediateOops: No
[1,537s][debug][gc,nmethod  ] Register NMethod: java.util.concurrent.locks.ReentrantLock$Sync.tryRelease (0x000078e2df9b5388) [0x000078e2df9b5480, 0x000078e2df9b5f80] Compiler: c1, Barriers: 5, Oops: 0, ImmediateOops: 0, NonImmediateOops: No
[1,537s][debug][gc,nmethod  ] Register NMethod: org.junit.runner.manipulation.Filter.apply (0x000078e2df9b5f88) [0x000078e2df9b6080, 0x000078e2df9b6818] Compiler: c1, Barriers: 0, Oops: 1, ImmediateOops: 0, NonImmediateOops: No
[1,537s][debug][gc,nmethod  ] Register NMethod: org.gradle.api.internal.tasks.testing.junitplatform.JUnitPlatformTestClassProcessor$ClassMethodNameFilter$$Lambda/0x0000000092166c28.<init> (0x000078e2df9b6888) [0x000078e2df9b6980, 0x000078e2df9b6b50] Compiler: c1, Barriers: 3, Oops: 1, ImmediateOops: 0, NonImmediateOops: No
[1,537s][debug][gc,nmethod  ] Register NMethod: org.gradle.api.internal.tasks.testing.junitplatform.JUnitPlatformTestClassProcessor$ClassMethodNameFilter$$Lambda/0x0000000092166e88.<init> (0x000078e2df9b6b88) [0x000078e2df9b6c80, 0x000078e2df9b6e50] Compiler: c1, Barriers: 3, Oops: 1, ImmediateOops: 0, NonImmediateOops: No
[1,538s][debug][gc,nmethod  ] Register NMethod: org.gradle.api.internal.tasks.testing.junitplatform.JUnitPlatformTestClassProcessor$ClassMethodNameFilter$$Lambda/0x0000000092166c28.test (0x000078e2df9b6e88) [0x000078e2df9b6f80, 0x000078e2df9b74c0] Compiler: c1, Barriers: 1, Oops: 2, ImmediateOops: 0, NonImmediateOops: No
[1,538s][debug][gc,nmethod  ] Register NMethod: org.junit.platform.engine.TestDescriptor.isRoot (0x000078e2df9b7508) [0x000078e2df9b7600, 0x000078e2df9b7e90] Compiler: c1, Barriers: 5, Oops: 1, ImmediateOops: 1, NonImmediateOops: No
[1,538s][debug][gc,nmethod  ] Register NMethod: org.junit.platform.engine.support.descriptor.MethodSource.getClassName (0x000078e2fec82608) [0x000078e2fec82700, 0x000078e2fec827e8] Compiler: c1, Barriers: 1, Oops: 1, ImmediateOops: 0, NonImmediateOops: No
[1,538s][debug][gc,nmethod  ] Register NMethod: org.gradle.api.internal.tasks.testing.junitplatform.JUnitPlatformTestClassProcessor$ClassMethodNameFilter.className (0x000078e2df9b7f08) [0x000078e2df9b8000, 0x000078e2df9bb0b8] Compiler: c1, Barriers: 20, Oops: 7, ImmediateOops: 15, NonImmediateOops: No
[1,540s][debug][gc,nmethod  ] Register NMethod: java.lang.String.<init> (0x000078e2fec82908) [0x000078e2fec82a00, 0x000078e2fec82e38] Compiler: jvmci, Barriers: 4, Oops: 0, ImmediateOops: 0, NonImmediateOops: No
[1,541s][debug][gc,nmethod  ] Register NMethod: java.lang.Class.cast (0x000078e2fec82e88) [0x000078e2fec82f80, 0x000078e2fec83170] Compiler: jvmci, Barriers: 0, Oops: 0, ImmediateOops: 0, NonImmediateOops: No
[1,542s][debug][gc,nmethod  ] Register NMethod: org.gradle.api.internal.tasks.testing.junitplatform.JUnitPlatformTestClassProcessor$ClassMethodNameFilter$$Lambda/0x0000000092166e88.apply (0x000078e2df9bb108) [0x000078e2df9bb200, 0x000078e2df9bbad0] Compiler: c1, Barriers: 1, Oops: 2, ImmediateOops: 0, NonImmediateOops: No
[1,542s][debug][gc,director ] Rule Major: Warmup 10%, Used: 102MB, UsedThreshold: 1228MB
[1,543s][debug][gc,nmethod  ] Register NMethod: java.lang.invoke.DirectMethodHandle$Holder.newInvokeSpecial (0x000078e2fec83188) [0x000078e2fec83280, 0x000078e2fec83640] Compiler: jvmci, Barriers: 3, Oops: 0, ImmediateOops: 1, NonImmediateOops: No
[1,546s][debug][gc,nmethod  ] Register NMethod: java.util.ArrayList$Itr.next (0x000078e2fec83688) [0x000078e2fec83780, 0x000078e2fec83960] Compiler: jvmci, Barriers: 3, Oops: 0, ImmediateOops: 0, NonImmediateOops: No
[1,547s][debug][gc,nmethod  ] Register NMethod: org.gradle.api.internal.tasks.testing.junitplatform.JUnitPlatformTestClassProcessor$ClassMethodNameFilter.shouldRun (0x000078e2df9bbb08) [0x000078e2df9bbc00, 0x000078e2df9bbd40] Compiler: c1, Barriers: 0, Oops: 1, ImmediateOops: 0, NonImmediateOops: No
[1,549s][debug][gc,nmethod  ] Register NMethod: org.gradle.api.internal.tasks.testing.junitplatform.JUnitPlatformTestClassProcessor$ClassMethodNameFilter.shouldRun (0x000078e2df9bbe08) [0x000078e2df9bbf00, 0x000078e2df9bfcc8] Compiler: c1, Barriers: 27, Oops: 4, ImmediateOops: 8, NonImmediateOops: No
[1,551s][debug][gc,nmethod  ] Register NMethod: org.gradle.api.internal.tasks.testing.junitplatform.JUnitPlatformTestClassProcessor$ClassMethodNameFilter.lambda$matchesParentMethod$2 (0x000078e2df9bfd08) [0x000078e2df9bfe00, 0x000078e2df9bff90] Compiler: c1, Barriers: 1, Oops: 1, ImmediateOops: 0, NonImmediateOops: No
[1,551s][debug][gc,nmethod  ] Register NMethod: org.gradle.api.internal.tasks.testing.junitplatform.JUnitPlatformTestClassProcessor$ClassMethodNameFilter$$Lambda/0x0000000092167320.apply (0x000078e2df9c0008) [0x000078e2df9c0100, 0x000078e2df9c0490] Compiler: c1, Barriers: 1, Oops: 2, ImmediateOops: 0, NonImmediateOops: No
[1,551s][debug][gc,nmethod  ] Register NMethod: org.gradle.api.internal.tasks.testing.junitplatform.JUnitPlatformTestClassProcessor$ClassMethodNameFilter$$Lambda/0x0000000092167570.test (0x000078e2df9c0508) [0x000078e2df9c0600, 0x000078e2df9c0a68] Compiler: c1, Barriers: 3, Oops: 1, ImmediateOops: 0, NonImmediateOops: No
[1,552s][debug][gc,nmethod  ] Register NMethod: java.util.stream.AbstractPipeline.evaluate (0x000078e2fec83988) [0x000078e2fec83a80, 0x000078e2fec84dc8] Compiler: jvmci, Barriers: 51, Oops: 0, ImmediateOops: 1, NonImmediateOops: No
[1,553s][debug][gc,director ] Rule Major: Warmup 10%, Used: 102MB, UsedThreshold: 1228MB
[1,553s][debug][gc,nmethod  ] Register NMethod: java.util.Collections$UnmodifiableCollection.isEmpty (0x000078e2df9c0a88) [0x000078e2df9c0b80, 0x000078e2df9c0ec8] Compiler: c1, Barriers: 1, Oops: 0, ImmediateOops: 0, NonImmediateOops: No
[1,554s][debug][gc,nmethod  ] Register NMethod: org.junit.platform.engine.FilterResult.included (0x000078e2fec84e08) [0x000078e2fec84f00, 0x000078e2fec84fc0] Compiler: c1, Barriers: 0, Oops: 1, ImmediateOops: 0, NonImmediateOops: No
[1,554s][debug][gc,nmethod  ] Register NMethod: org.junit.platform.engine.FilterResult.getReason (0x000078e2fec85108) [0x000078e2fec85200, 0x000078e2fec852e8] Compiler: c1, Barriers: 1, Oops: 1, ImmediateOops: 0, NonImmediateOops: No
[1,554s][debug][gc,nmethod  ] Register NMethod: org.gradle.api.internal.tasks.testing.junitplatform.JUnitPlatformTestClassProcessor$ClassMethodNameFilter.lambda$apply$1 (0x000078e2fec85408) [0x000078e2fec85500, 0x000078e2fec855a8] Compiler: c1, Barriers: 0, Oops: 1, ImmediateOops: 1, NonImmediateOops: No
[1,558s][debug][gc,nmethod  ] Register NMethod: java.util.LinkedHashMap.afterNodeAccess (0x000078e2df9c0f08) [0x000078e2df9c1000, 0x000078e2df9c20b0] Compiler: c1, Barriers: 54, Oops: 0, ImmediateOops: 0, NonImmediateOops: No
[1,561s][debug][gc,nmethod  ] Register NMethod: java.util.regex.Pattern$Slice.match (0x000078e2df9c2108) [0x000078e2df9c2200, 0x000078e2df9c2940] Compiler: c1, Barriers: 2, Oops: 0, ImmediateOops: 0, NonImmediateOops: No
[1,563s][debug][gc,director ] Rule Major: Warmup 10%, Used: 104MB, UsedThreshold: 1228MB
[1,563s][debug][gc,nmethod  ] Register NMethod: java.util.stream.ReduceOps$3ReducingSink.accept (0x000078e2df9c2988) [0x000078e2df9c2a80, 0x000078e2df9c2df8] Compiler: c1, Barriers: 2, Oops: 0, ImmediateOops: 0, NonImmediateOops: No
[1,564s][debug][gc,nmethod  ] Register NMethod: java.util.StringJoiner.add (0x000078e2df9c2e08) [0x000078e2df9c2f00, 0x000078e2df9c46b8] Compiler: c1, Barriers: 15, Oops: 0, ImmediateOops: 1, NonImmediateOops: No
[1,564s][debug][gc,nmethod  ] Register NMethod: java.util.stream.Collectors$$Lambda/0x00000000920e07a8.accept (0x000078e2df9c4708) [0x000078e2df9c4800, 0x000078e2df9c4f28] Compiler: c1, Barriers: 0, Oops: 0, ImmediateOops: 0, NonImmediateOops: No
[1,564s][debug][gc,nmethod  ] Register NMethod: java.util.stream.ReferencePipeline$3$1.accept (0x000078e2df9c4f88) [0x000078e2df9c5080, 0x000078e2df9c5608] Compiler: c1, Barriers: 2, Oops: 0, ImmediateOops: 0, NonImmediateOops: No
[1,564s][debug][gc,nmethod  ] Register NMethod: org.junit.platform.engine.support.descriptor.AbstractTestDescriptor.getDisplayName (0x000078e2fec85708) [0x000078e2fec85800, 0x000078e2fec858e8] Compiler: c1, Barriers: 1, Oops: 1, ImmediateOops: 0, NonImmediateOops: No
[1,564s][debug][gc,nmethod  ] Register NMethod: java.lang.invoke.MethodHandle.linkToInterface (0x000078e2fec85a08) [0x000078e2fec85b00, 0x000078e2fec85c30] Compiler: , Barriers: 0, Oops: 0, ImmediateOops: 0, NonImmediateOops: No
[1,564s][debug][gc,nmethod  ] Register NMethod: java.util.regex.Pattern$Slice.match (0x000078e2fec85d08) [0x000078e2fec85e00, 0x000078e2fec86208] Compiler: jvmci, Barriers: 4, Oops: 0, ImmediateOops: 0, NonImmediateOops: No
[1,565s][debug][gc,nmethod  ] Register NMethod: org.junit.platform.engine.TestDescriptor.isContainer (0x000078e2df9c5688) [0x000078e2df9c5780, 0x000078e2df9c5d30] Compiler: c1, Barriers: 0, Oops: 1, ImmediateOops: 2, NonImmediateOops: No
[1,565s][debug][gc,nmethod  ] Register NMethod: org.junit.jupiter.engine.descriptor.TestMethodTestDescriptor.getType (0x000078e2df9c5d88) [0x000078e2df9c5e80, 0x000078e2df9c5f88] Compiler: c1, Barriers: 0, Oops: 1, ImmediateOops: 1, NonImmediateOops: No
[1,565s][debug][gc,nmethod  ] Register NMethod: org.junit.platform.engine.TestDescriptor$Type.isContainer (0x000078e2df9c6088) [0x000078e2df9c6180, 0x000078e2df9c6310] Compiler: c1, Barriers: 0, Oops: 1, ImmediateOops: 2, NonImmediateOops: No
[1,565s][debug][gc,nmethod  ] Register NMethod: java.lang.invoke.MethodHandle.linkToStatic (0x000078e2fec86288) [0x000078e2fec86380, 0x000078e2fec86470] Compiler: , Barriers: 0, Oops: 0, ImmediateOops: 0, NonImmediateOops: No
[1,565s][debug][gc,nmethod  ] Register NMethod: java.util.concurrent.ConcurrentLinkedQueue.isEmpty (0x000078e2df9c6388) [0x000078e2df9c6480, 0x000078e2df9c6618] Compiler: c1, Barriers: 0, Oops: 0, ImmediateOops: 0, NonImmediateOops: No
[1,565s][debug][gc,nmethod  ] Register NMethod: org.junit.runner.Description.isTest (0x000078e2df9c6688) [0x000078e2df9c6780, 0x000078e2df9c6ac8] Compiler: c1, Barriers: 1, Oops: 1, ImmediateOops: 0, NonImmediateOops: No
[1,566s][debug][gc,nmethod  ] Register NMethod: org.junit.platform.engine.TestDescriptor.isTest (0x000078e2df9c6b08) [0x000078e2df9c6c00, 0x000078e2df9c71b0] Compiler: c1, Barriers: 0, Oops: 1, ImmediateOops: 2, NonImmediateOops: No
[1,566s][debug][gc,nmethod  ] Register NMethod: org.junit.platform.engine.TestDescriptor$Type.isTest (0x000078e2df9c7208) [0x000078e2df9c7300, 0x000078e2df9c7490] Compiler: c1, Barriers: 0, Oops: 1, ImmediateOops: 2, NonImmediateOops: No
[1,566s][debug][gc,nmethod  ] Register NMethod: java.lang.invoke.MethodHandle.linkToSpecial (0x000078e2fec86588) [0x000078e2fec86680, 0x000078e2fec86778] Compiler: , Barriers: 0, Oops: 0, ImmediateOops: 0, NonImmediateOops: No
[1,566s][debug][gc,nmethod  ] Register NMethod: java.util.concurrent.ConcurrentLinkedQueue.first (0x000078e2df9c7508) [0x000078e2df9c7600, 0x000078e2df9ca700] Compiler: c1, Barriers: 8, Oops: 8, ImmediateOops: 20, NonImmediateOops: No
[1,566s][debug][gc,nmethod  ] Register NMethod: java.lang.invoke.MethodHandle.invokeBasic (0x000078e2fec86888) [0x000078e2fec86980, 0x000078e2fec86c18] Compiler: , Barriers: 0, Oops: 0, ImmediateOops: 0, NonImmediateOops: No
[1,566s][debug][gc,nmethod  ] Register NMethod: java.lang.invoke.MethodHandle.linkToSpecial (0x000078e2fec86c88) [0x000078e2fec86d80, 0x000078e2fec86e78] Compiler: , Barriers: 0, Oops: 0, ImmediateOops: 0, NonImmediateOops: No
[1,566s][debug][gc,nmethod  ] Register NMethod: java.lang.invoke.MethodHandleStatics.dumper (0x000078e2df9ca788) [0x000078e2df9ca880, 0x000078e2df9ca968] Compiler: c1, Barriers: 0, Oops: 0, ImmediateOops: 1, NonImmediateOops: No
[1,566s][debug][gc,nmethod  ] Register NMethod: java.util.concurrent.ConcurrentLinkedQueue.updateHead (0x000078e2df9caa88) [0x000078e2df9cab80, 0x000078e2df9cd778] Compiler: c1, Barriers: 5, Oops: 8, ImmediateOops: 20, NonImmediateOops: No
[1,567s][debug][gc,nmethod  ] Register NMethod: jdk.internal.classfile.impl.AbstractPoolEntry$Utf8EntryImpl.<init> (0x000078e2df9cd808) [0x000078e2df9cd900, 0x000078e2df9cdeb8] Compiler: c1, Barriers: 23, Oops: 0, ImmediateOops: 0, NonImmediateOops: No
[1,567s][debug][gc,nmethod  ] Register NMethod: jdk.internal.classfile.impl.SplitConstantPool.tryFindUtf8 (0x000078e2df9cdf08) [0x000078e2df9ce000, 0x000078e2df9cf428] Compiler: c1, Barriers: 1, Oops: 0, ImmediateOops: 0, NonImmediateOops: No
[1,567s][debug][gc,nmethod  ] Register NMethod: java.util.HashSet.remove (0x000078e2df9cf488) [0x000078e2df9cf580, 0x000078e2df9cf908] Compiler: c1, Barriers: 1, Oops: 0, ImmediateOops: 1, NonImmediateOops: No
[1,568s][debug][gc,nmethod  ] Register NMethod: java.util.LinkedHashMap.afterNodeRemoval (0x000078e2df9cf988) [0x000078e2df9cfa80, 0x000078e2df9d0170] Compiler: c1, Barriers: 20, Oops: 0, ImmediateOops: 0, NonImmediateOops: No
[1,568s][debug][gc,nmethod  ] Register NMethod: java.util.Collections$UnmodifiableCollection.stream (0x000078e2df9d0188) [0x000078e2df9d0280, 0x000078e2df9d05c0] Compiler: c1, Barriers: 1, Oops: 0, ImmediateOops: 0, NonImmediateOops: No
[1,568s][debug][gc,nmethod  ] Register NMethod: java.lang.Module.canRead (0x000078e2df9d0608) [0x000078e2df9d0700, 0x000078e2df9d3650] Compiler: c1, Barriers: 16, Oops: 3, ImmediateOops: 10, NonImmediateOops: No
[1,569s][debug][gc,nmethod  ] Register NMethod: java.io.ObjectStreamField.getField (0x000078e2fec86f88) [0x000078e2fec87080, 0x000078e2fec87168] Compiler: c1, Barriers: 1, Oops: 0, ImmediateOops: 0, NonImmediateOops: No
[1,570s][debug][gc,nmethod  ] Register NMethod: java.lang.reflect.Field.getType (0x000078e2fec87288) [0x000078e2fec87380, 0x000078e2fec87468] Compiler: c1, Barriers: 1, Oops: 0, ImmediateOops: 0, NonImmediateOops: No
[1,570s][debug][gc,nmethod  ] Register NMethod: java.io.ObjectStreamField.getTypeCode (0x000078e2df9d3688) [0x000078e2df9d3780, 0x000078e2df9d4110] Compiler: c1, Barriers: 2, Oops: 1, ImmediateOops: 2, NonImmediateOops: No
[1,570s][debug][gc,nmethod  ] Register NMethod: java.lang.invoke.MethodHandle.linkToStatic (0x000078e2fec87588) [0x000078e2fec87680, 0x000078e2fec87770] Compiler: , Barriers: 0, Oops: 0, ImmediateOops: 0, NonImmediateOops: No
[1,571s][debug][gc,nmethod  ] Register NMethod: jdk.internal.classfile.impl.AbstractPoolEntry$Utf8EntryImpl.mayBeArrayDescriptor (0x000078e2df9d4188) [0x000078e2df9d4280, 0x000078e2df9d4760] Compiler: c1, Barriers: 2, Oops: 0, ImmediateOops: 1, NonImmediateOops: No
[1,571s][debug][gc,nmethod  ] Register NMethod: java.lang.invoke.MethodHandle.linkToInterface (0x000078e2fec87888) [0x000078e2fec87980, 0x000078e2fec87ab0] Compiler: , Barriers: 0, Oops: 0, ImmediateOops: 0, NonImmediateOops: No
[1,571s][debug][gc,nmethod  ] Register NMethod: jdk.internal.classfile.impl.Util.descriptorStringHash (0x000078e2df9d4788) [0x000078e2df9d4880, 0x000078e2df9d6e68] Compiler: c1, Barriers: 4, Oops: 1, ImmediateOops: 9, NonImmediateOops: No
[1,573s][debug][gc,director ] Rule Major: Warmup 10%, Used: 104MB, UsedThreshold: 1228MB
[1,575s][debug][gc,nmethod  ] Register NMethod: jdk.internal.classfile.impl.AbstractPoolEntry$ClassEntryImpl.clone (0x000078e2df9d6e88) [0x000078e2df9d6f80, 0x000078e2df9d76a0] Compiler: c1, Barriers: 0, Oops: 0, ImmediateOops: 0, NonImmediateOops: No
[1,575s][debug][gc,nmethod  ] Register NMethod: jdk.internal.classfile.impl.AbstractPoolEntry$ClassEntryImpl.clone (0x000078e2df9d7708) [0x000078e2df9d7800, 0x000078e2df9d7d00] Compiler: c1, Barriers: 0, Oops: 0, ImmediateOops: 0, NonImmediateOops: No
[1,575s][debug][gc,nmethod  ] Register NMethod: jdk.internal.classfile.impl.SplitConstantPool.cloneClassEntry (0x000078e2df9d7d08) [0x000078e2df9d7e00, 0x000078e2df9d8f28] Compiler: c1, Barriers: 8, Oops: 0, ImmediateOops: 0, NonImmediateOops: No
[1,576s][debug][gc,nmethod  ] Register NMethod: jdk.internal.classfile.impl.DirectClassBuilder.buildInterfaceEnties (0x000078e2df9d8f88) [0x000078e2df9d9080, 0x000078e2df9da588] Compiler: c1, Barriers: 6, Oops: 0, ImmediateOops: 0, NonImmediateOops: No
[1,578s][debug][gc,nmethod  ] Register NMethod: java.lang.invoke.MethodHandle.linkToSpecial (0x000078e2fec87b88) [0x000078e2fec87c80, 0x000078e2fec87d78] Compiler: , Barriers: 0, Oops: 0, ImmediateOops: 0, NonImmediateOops: No
[1,578s][debug][gc,nmethod  ] Register NMethod: sun.invoke.util.Wrapper.basicTypeChar (0x000078e2fec87e88) [0x000078e2fec87f80, 0x000078e2fec88048] Compiler: c1, Barriers: 0, Oops: 0, ImmediateOops: 0, NonImmediateOops: No
[1,578s][debug][gc,nmethod  ] Register NMethod: java.lang.invoke.LambdaForm$NamedFunction.intrinsicName (0x000078e2df9da608) [0x000078e2df9da700, 0x000078e2df9daaa8] Compiler: c1, Barriers: 1, Oops: 0, ImmediateOops: 1, NonImmediateOops: No
[1,579s][debug][gc,nmethod  ] Register NMethod: java.lang.invoke.InvokerBytecodeGenerator.emitStoreResult (0x000078e2df9dab08) [0x000078e2df9dac00, 0x000078e2df9db2b8] Compiler: c1, Barriers: 3, Oops: 0, ImmediateOops: 1, NonImmediateOops: No
[1,579s][debug][gc,nmethod  ] Register NMethod: java.lang.invoke.MethodHandleImpl.makePairwiseConvert (0x000078e2df9db308) [0x000078e2df9db400, 0x000078e2df9db518] Compiler: c1, Barriers: 0, Oops: 0, ImmediateOops: 0, NonImmediateOops: No
[1,579s][debug][gc,nmethod  ] Register NMethod: java.lang.invoke.InvokerBytecodeGenerator.emitPushArguments (0x000078e2df9db608) [0x000078e2df9db700, 0x000078e2df9dc320] Compiler: c1, Barriers: 12, Oops: 0, ImmediateOops: 0, NonImmediateOops: No
[1,579s][debug][gc,nmethod  ] Register NMethod: java.lang.invoke.MethodHandle.setAsTypeCache (0x000078e2df9dc388) [0x000078e2df9dc480, 0x000078e2df9dcd58] Compiler: c1, Barriers: 14, Oops: 0, ImmediateOops: 2, NonImmediateOops: No
[1,579s][debug][gc,nmethod  ] Register NMethod: java.lang.invoke.MethodHandle.getApproximateCommonClassLoader (0x000078e2df9dcd88) [0x000078e2df9dce80, 0x000078e2df9ddfd0] Compiler: c1, Barriers: 6, Oops: 0, ImmediateOops: 4, NonImmediateOops: No
[1,579s][debug][gc,nmethod  ] Register NMethod: java.lang.invoke.MethodHandleImpl.computeValueConversions (0x000078e2df9de008) [0x000078e2df9de100, 0x000078e2df9df3e0] Compiler: c1, Barriers: 10, Oops: 0, ImmediateOops: 0, NonImmediateOops: No
[1,579s][debug][gc,nmethod  ] Register NMethod: java.lang.invoke.MethodHandle.keepsAlive (0x000078e2df9df408) [0x000078e2df9df500, 0x000078e2df9e04c8] Compiler: c1, Barriers: 5, Oops: 0, ImmediateOops: 4, NonImmediateOops: No
[1,579s][debug][gc,nmethod  ] Register NMethod: java.lang.invoke.MethodHandle.asTypeUncached (0x000078e2df9e0508) [0x000078e2df9e0600, 0x000078e2df9e2230] Compiler: c1, Barriers: 1, Oops: 2, ImmediateOops: 4, NonImmediateOops: No
[1,579s][debug][gc,nmethod  ] Register NMethod: java.lang.invoke.MethodType.isConvertibleTo (0x000078e2df9e2288) [0x000078e2df9e2380, 0x000078e2df9e38e0] Compiler: c1, Barriers: 12, Oops: 0, ImmediateOops: 0, NonImmediateOops: No
[1,580s][debug][gc,nmethod  ] Register NMethod: java.lang.invoke.MethodHandle.isSafeToCache (0x000078e2df9e3908) [0x000078e2df9e3a00, 0x000078e2df9e3ba8] Compiler: c1, Barriers: 1, Oops: 0, ImmediateOops: 0, NonImmediateOops: No
[1,580s][debug][gc,nmethod  ] Register NMethod: java.lang.invoke.MethodHandleImpl.countNonNull (0x000078e2df9e3c08) [0x000078e2df9e3d00, 0x000078e2df9e3f48] Compiler: c1, Barriers: 1, Oops: 0, ImmediateOops: 0, NonImmediateOops: No
[1,580s][debug][gc,nmethod  ] Register NMethod: java.lang.invoke.MethodHandleImpl.makePairwiseConvert (0x000078e2df9e3f88) [0x000078e2df9e4080, 0x000078e2df9e43f0] Compiler: c1, Barriers: 1, Oops: 0, ImmediateOops: 0, NonImmediateOops: No
[1,581s][debug][gc,nmethod  ] Register NMethod: sun.reflect.annotation.AnnotationParser.annotationForMap (0x000078e2df9e4408) [0x000078e2df9e4500, 0x000078e2df9e4f28] Compiler: c1, Barriers: 4, Oops: 0, ImmediateOops: 0, NonImmediateOops: No
[1,581s][debug][gc,nmethod  ] Register NMethod: java.lang.invoke.DirectMethodHandle.shouldBeInitialized (0x000078e2df9e4f88) [0x000078e2df9e5080, 0x000078e2df9e61b8] Compiler: c1, Barriers: 1, Oops: 1, ImmediateOops: 9, NonImmediateOops: No
[1,581s][debug][gc,nmethod  ] Register NMethod: java.lang.invoke.MethodHandleImpl.makePairwiseConvertByEditor (0x000078e2df9e6208) [0x000078e2df9e6300, 0x000078e2df9f1478] Compiler: c1, Barriers: 43, Oops: 3, ImmediateOops: 15, NonImmediateOops: No
[1,582s][debug][gc,nmethod  ] Register NMethod: java.util.HashMap.putMapEntries (0x000078e2df9f1508) [0x000078e2df9f1620, 0x000078e2df9f3330] Compiler: c1, Barriers: 2, Oops: 0, ImmediateOops: 0, NonImmediateOops: No
[1,582s][debug][gc,nmethod  ] Register NMethod: jdk.internal.classfile.impl.SplitConstantPool.utf8Entry (0x000078e2fec88188) [0x000078e2fec882a0, 0x000078e2fec896e8] Compiler: jvmci, Barriers: 31, Oops: 0, ImmediateOops: 2, NonImmediateOops: No
[1,582s][debug][gc,nmethod  ] Register NMethod: java.lang.invoke.MethodHandle.linkToStatic (0x000078e2fec89708) [0x000078e2fec89800, 0x000078e2fec898f0] Compiler: , Barriers: 0, Oops: 0, ImmediateOops: 0, NonImmediateOops: No
[1,583s][debug][gc,director ] Rule Major: Warmup 10%, Used: 106MB, UsedThreshold: 1228MB
[1,584s][debug][gc,nmethod  ] Register NMethod: java.util.stream.AbstractPipeline.evaluate (0x000078e2fec89a08) [0x000078e2fec89b00, 0x000078e2fec8abb8] Compiler: jvmci, Barriers: 51, Oops: 0, ImmediateOops: 1, NonImmediateOops: No
[1,586s][debug][gc,nmethod  ] Register NMethod: java.lang.String.startsWith (0x000078e2fec8ac08) [0x000078e2fec8ad00, 0x000078e2fec8aff8] Compiler: jvmci, Barriers: 2, Oops: 0, ImmediateOops: 0, NonImmediateOops: No
[1,587s][debug][gc,nmethod  ] Register NMethod: org.junit.platform.commons.util.Preconditions.condition (0x000078e2fec8b008) [0x000078e2fec8b100, 0x000078e2fec8b198] Compiler: jvmci, Barriers: 0, Oops: 1, ImmediateOops: 0, NonImmediateOops: No
[1,587s][debug][gc,nmethod  ] Register NMethod: java.util.zip.ZipFile$CleanableResource.getInflater (0x000078e2df9f3388) [0x000078e2df9f3480, 0x000078e2df9f3ce0] Compiler: c1, Barriers: 2, Oops: 0, ImmediateOops: 0, NonImmediateOops: No
[1,589s][debug][gc,nmethod  ] Register NMethod: java.util.zip.ZipFile$CleanableResource.releaseInflater (0x000078e2df9f3d08) [0x000078e2df9f3e00, 0x000078e2df9f4478] Compiler: c1, Barriers: 2, Oops: 0, ImmediateOops: 0, NonImmediateOops: No
[1,589s][debug][gc,nmethod  ] Register NMethod: java.lang.StringLatin1.getBytes (0x000078e2fec8b308) [0x000078e2fec8b400, 0x000078e2fec8b678] Compiler: jvmci, Barriers: 0, Oops: 0, ImmediateOops: 0, NonImmediateOops: No
[1,589s][debug][gc,nmethod  ] Register NMethod: java.lang.String.getBytes (0x000078e2fec8b688) [0x000078e2fec8b780, 0x000078e2fec8bb20] Compiler: jvmci, Barriers: 1, Oops: 0, ImmediateOops: 0, NonImmediateOops: No
[1,589s][debug][gc,nmethod  ] Register NMethod: jdk.internal.classfile.impl.BufWriterImpl.patchInt (0x000078e2fec8bb88) [0x000078e2fec8bc80, 0x000078e2fec8bde8] Compiler: jvmci, Barriers: 1, Oops: 0, ImmediateOops: 0, NonImmediateOops: No
[1,590s][debug][gc,nmethod  ] Register NMethod: java.lang.invoke.MethodHandles$Lookup.resolveOrFail (0x000078e2df9f4488) [0x000078e2df9f4580, 0x000078e2df9f6370] Compiler: c1, Barriers: 7, Oops: 1, ImmediateOops: 3, NonImmediateOops: No
[1,590s][debug][gc,nmethod  ] Register NMethod: java.lang.invoke.MethodHandles$Lookup.getDirectMethodForConstant (0x000078e2df9f6388) [0x000078e2df9f6480, 0x000078e2df9f85b8] Compiler: c1, Barriers: 0, Oops: 1, ImmediateOops: 4, NonImmediateOops: No
[1,591s][debug][gc,nmethod  ] Register NMethod: java.lang.invoke.MethodHandles$Lookup.canBeCached (0x000078e2df9f8608) [0x000078e2df9f8700, 0x000078e2df9faf40] Compiler: c1, Barriers: 8, Oops: 1, ImmediateOops: 1, NonImmediateOops: No
[1,591s][debug][gc,nmethod  ] Register NMethod: java.lang.invoke.MemberName$Factory.resolveOrNull (0x000078e2df9faf88) [0x000078e2df9fb080, 0x000078e2df9fb4f8] Compiler: c1, Barriers: 1, Oops: 0, ImmediateOops: 0, NonImmediateOops: No
[1,593s][debug][gc,director ] Rule Major: Warmup 10%, Used: 108MB, UsedThreshold: 1228MB
[1,594s][debug][gc,nmethod  ] Register NMethod: java.lang.invoke.MethodHandle.asTypeCached (0x000078e2df9fb508) [0x000078e2df9fb600, 0x000078e2df9fbd20] Compiler: c1, Barriers: 4, Oops: 0, ImmediateOops: 0, NonImmediateOops: No
[1,594s][debug][gc,nmethod  ] Register NMethod: sun.invoke.util.VerifyAccess.getClassModifiers (0x000078e2df9fbd88) [0x000078e2df9fbe80, 0x000078e2df9fc660] Compiler: c1, Barriers: 1, Oops: 0, ImmediateOops: 0, NonImmediateOops: No
[1,595s][debug][gc,nmethod  ] Register NMethod: org.junit.platform.commons.util.AnnotationUtils.isAnnotated (0x000078e2df9fc688) [0x000078e2df9fc780, 0x000078e2df9fcb38] Compiler: c1, Barriers: 1, Oops: 1, ImmediateOops: 0, NonImmediateOops: No
[1,597s][debug][gc,nmethod  ] Register NMethod: java.util.regex.Pattern.lambda$ALL$0 (0x000078e2fec8be88) [0x000078e2fec8bf80, 0x000078e2fec8c020] Compiler: c1, Barriers: 0, Oops: 0, ImmediateOops: 0, NonImmediateOops: No
[1,598s][debug][gc,nmethod  ] Register NMethod: java.util.regex.Pattern$$Lambda/0x0000000092111960.is (0x000078e2df9fcb88) [0x000078e2df9fcc80, 0x000078e2df9fcde0] Compiler: c1, Barriers: 0, Oops: 0, ImmediateOops: 0, NonImmediateOops: No
[1,598s][debug][gc,nmethod  ] Register NMethod: org.junit.platform.commons.util.Preconditions.condition (0x000078e2df9fce88) [0x000078e2df9fcf80, 0x000078e2df9fd570] Compiler: c1, Barriers: 0, Oops: 1, ImmediateOops: 0, NonImmediateOops: No
[1,599s][debug][gc,nmethod  ] Register NMethod: java.lang.invoke.MethodHandle.invokeBasic (0x000078e2fec8c188) [0x000078e2fec8c280, 0x000078e2fec8c518] Compiler: , Barriers: 0, Oops: 0, ImmediateOops: 0, NonImmediateOops: No
[1,599s][debug][gc,nmethod  ] Register NMethod: java.lang.invoke.LambdaFormBuffer.ownedCount (0x000078e2df9fd588) [0x000078e2df9fd680, 0x000078e2df9fd788] Compiler: c1, Barriers: 0, Oops: 0, ImmediateOops: 0, NonImmediateOops: No
[1,600s][debug][gc,nmethod  ] Register NMethod: java.lang.invoke.LambdaForm$NamedFunction.member (0x000078e2df9fd888) [0x000078e2df9fd980, 0x000078e2df9fdac0] Compiler: c1, Barriers: 1, Oops: 0, ImmediateOops: 0, NonImmediateOops: No
[1,600s][debug][gc,nmethod  ] Register NMethod: java.lang.invoke.MemberName.isPrivate (0x000078e2df9fdb88) [0x000078e2df9fdc80, 0x000078e2df9fde30] Compiler: c1, Barriers: 0, Oops: 0, ImmediateOops: 0, NonImmediateOops: No
[1,600s][debug][gc,nmethod  ] Register NMethod: jdk.internal.classfile.impl.AbstractPoolEntry$NameAndTypeEntryImpl.name (0x000078e2df9fde88) [0x000078e2df9fdf80, 0x000078e2df9fe2d0] Compiler: c1, Barriers: 1, Oops: 0, ImmediateOops: 0, NonImmediateOops: No
[1,600s][debug][gc,nmethod  ] Register NMethod: java.lang.invoke.InvokerBytecodeGenerator.refKindOpcode (0x000078e2df9fe308) [0x000078e2df9fe400, 0x000078e2df9ff320] Compiler: c1, Barriers: 0, Oops: 1, ImmediateOops: 10, NonImmediateOops: No
[1,600s][debug][gc,nmethod  ] Register NMethod: jdk.internal.classfile.impl.DirectCodeBuilder.astore (0x000078e2df9ff388) [0x000078e2df9ff480, 0x000078e2df9ff870] Compiler: c1, Barriers: 1, Oops: 0, ImmediateOops: 0, NonImmediateOops: No
[1,601s][debug][gc,nmethod  ] Register NMethod: java.lang.invoke.InvokerBytecodeGenerator.emitStaticInvoke (0x000078e2df9ff888) [0x000078e2df9ff980, 0x000078e2dfa02068] Compiler: c1, Barriers: 9, Oops: 0, ImmediateOops: 2, NonImmediateOops: No
[1,601s][debug][gc,nmethod  ] Register NMethod: java.lang.invoke.InvokerBytecodeGenerator.isStaticallyInvocable (0x000078e2dfa02088) [0x000078e2dfa02180, 0x000078e2dfa05078] Compiler: c1, Barriers: 4, Oops: 0, ImmediateOops: 3, NonImmediateOops: No
[1,601s][debug][gc,nmethod  ] Register NMethod: java.lang.invoke.MemberName.getFieldType (0x000078e2dfa05088) [0x000078e2dfa05180, 0x000078e2dfa07a18] Compiler: c1, Barriers: 12, Oops: 2, ImmediateOops: 3, NonImmediateOops: No
[1,601s][debug][gc,nmethod  ] Register NMethod: jdk.internal.classfile.impl.DirectCodeBuilder.localAccess (0x000078e2dfa07a88) [0x000078e2dfa07b80, 0x000078e2dfa0aa80] Compiler: c1, Barriers: 8, Oops: 1, ImmediateOops: 13, NonImmediateOops: No
[1,602s][debug][gc,nmethod  ] Register NMethod: jdk.internal.classfile.impl.AbstractPoolEntry$Utf8EntryImpl.writeTo (0x000078e2fec8c588) [0x000078e2fec8c6a0, 0x000078e2fec8d210] Compiler: jvmci, Barriers: 7, Oops: 0, ImmediateOops: 0, NonImmediateOops: No
[1,602s][debug][gc,nmethod  ] Register NMethod: java.nio.HeapByteBuffer.ix (0x000078e2dfa0ab08) [0x000078e2dfa0ac00, 0x000078e2dfa0ad08] Compiler: c1, Barriers: 0, Oops: 0, ImmediateOops: 0, NonImmediateOops: No
[1,603s][debug][gc,director ] Rule Major: Warmup 10%, Used: 110MB, UsedThreshold: 1228MB
[1,603s][debug][gc,nmethod  ] Register NMethod: java.lang.invoke.MethodHandle.linkToSpecial (0x000078e2fec8d288) [0x000078e2fec8d380, 0x000078e2fec8d478] Compiler: , Barriers: 0, Oops: 0, ImmediateOops: 0, NonImmediateOops: No
[1,604s][debug][gc,nmethod  ] Register NMethod: java.lang.invoke.MethodHandle.linkToSpecial (0x000078e2fec8d588) [0x000078e2fec8d680, 0x000078e2fec8d778] Compiler: , Barriers: 0, Oops: 0, ImmediateOops: 0, NonImmediateOops: No
[1,604s][debug][gc,nmethod  ] Register NMethod: java.lang.invoke.MethodHandle.linkToInterface (0x000078e2fec8d888) [0x000078e2fec8d980, 0x000078e2fec8dab0] Compiler: , Barriers: 0, Oops: 0, ImmediateOops: 0, NonImmediateOops: No
[1,605s][debug][gc,nmethod  ] Register NMethod: java.util.stream.AbstractPipeline.evaluate (0x000078e2dfa0ae08) [0x000078e2dfa0af00, 0x000078e2dfa0bff0] Compiler: c1, Barriers: 1, Oops: 0, ImmediateOops: 1, NonImmediateOops: No
[1,606s][debug][gc,nmethod  ] Register NMethod: java.lang.reflect.Constructor.getDeclaringClass (0x000078e2fec8db88) [0x000078e2fec8dc80, 0x000078e2fec8dd68] Compiler: c1, Barriers: 1, Oops: 0, ImmediateOops: 0, NonImmediateOops: No
[1,606s][debug][gc,nmethod  ] Register NMethod: java.lang.invoke.DirectMethodHandle$Constructor.viewAsType (0x000078e2dfa0c008) [0x000078e2dfa0c100, 0x000078e2dfa0c3a0] Compiler: c1, Barriers: 4, Oops: 0, ImmediateOops: 0, NonImmediateOops: No
[1,606s][debug][gc,nmethod  ] Register NMethod: jdk.internal.classfile.impl.Util.paramSlotSize (0x000078e2dfa0c408) [0x000078e2dfa0c500, 0x000078e2dfa0c730] Compiler: c1, Barriers: 0, Oops: 0, ImmediateOops: 2, NonImmediateOops: No
[1,607s][debug][gc,nmethod  ] Register NMethod: java.util.regex.Pattern$GroupTail.match (0x000078e2dfa0c788) [0x000078e2dfa0c880, 0x000078e2dfa0ce18] Compiler: c1, Barriers: 4, Oops: 0, ImmediateOops: 0, NonImmediateOops: No
[1,607s][debug][gc,nmethod  ] Register NMethod: java.util.Objects.equals (0x000078e2dfa0ce88) [0x000078e2dfa0cf80, 0x000078e2dfa0d308] Compiler: c1, Barriers: 0, Oops: 0, ImmediateOops: 0, NonImmediateOops: No
[1,607s][debug][gc,nmethod  ] Register NMethod: java.util.regex.Pattern$BmpCharProperty.match (0x000078e2dfa0d388) [0x000078e2dfa0d480, 0x000078e2dfa0dd18] Compiler: c1, Barriers: 2, Oops: 0, ImmediateOops: 0, NonImmediateOops: No
[1,609s][debug][gc,nmethod  ] Register NMethod: java.lang.invoke.MethodHandle.linkToStatic (0x000078e2fec8de88) [0x000078e2fec8df80, 0x000078e2fec8e070] Compiler: , Barriers: 0, Oops: 0, ImmediateOops: 0, NonImmediateOops: No
[1,610s][debug][gc,nmethod  ] Register NMethod: java.lang.invoke.MethodHandle.linkToSpecial (0x000078e2fec8e188) [0x000078e2fec8e280, 0x000078e2fec8e378] Compiler: , Barriers: 0, Oops: 0, ImmediateOops: 0, NonImmediateOops: No
[1,610s][debug][gc,nmethod  ] Register NMethod: java.lang.invoke.MethodHandle.invokeBasic (0x000078e2fec8e488) [0x000078e2fec8e580, 0x000078e2fec8e818] Compiler: , Barriers: 0, Oops: 0, ImmediateOops: 0, NonImmediateOops: No
[1,610s][debug][gc,nmethod  ] Register NMethod: java.lang.invoke.MethodHandle.linkToSpecial (0x000078e2fec8e888) [0x000078e2fec8e980, 0x000078e2fec8ea78] Compiler: , Barriers: 0, Oops: 0, ImmediateOops: 0, NonImmediateOops: No
[1,610s][debug][gc,nmethod  ] Register NMethod: java.lang.invoke.LambdaForm.normalizeNames (0x000078e2dfa0dd88) [0x000078e2dfa0de80, 0x000078e2dfa0fb18] Compiler: c1, Barriers: 14, Oops: 0, ImmediateOops: 0, NonImmediateOops: No
[1,611s][debug][gc,nmethod  ] Register NMethod: java.lang.String.hashCode (0x000078e2dfa0fb88) [0x000078e2dfa0fc80, 0x000078e2dfa102a8] Compiler: c1, Barriers: 2, Oops: 0, ImmediateOops: 0, NonImmediateOops: No
[1,611s][debug][gc,nmethod  ] Register NMethod: java.lang.reflect.AccessibleObject.isAccessible (0x000078e2fec8eb88) [0x000078e2fec8ec80, 0x000078e2fec8ed40] Compiler: c1, Barriers: 0, Oops: 0, ImmediateOops: 0, NonImmediateOops: No
[1,613s][debug][gc,director ] Rule Major: Warmup 10%, Used: 112MB, UsedThreshold: 1228MB
[1,613s][debug][gc,nmethod  ] Register NMethod: jdk.internal.classfile.impl.BufWriterImpl.writeUtfEntry (0x000078e2fec8ee88) [0x000078e2fec8efa0, 0x000078e2fec8fab0] Compiler: jvmci, Barriers: 5, Oops: 0, ImmediateOops: 0, NonImmediateOops: No
[1,614s][debug][gc,nmethod  ] Register NMethod: java.util.stream.StreamOpFlag.isKnown (0x000078e2fec8fb08) [0x000078e2fec8fc00, 0x000078e2fec8fc98] Compiler: jvmci, Barriers: 0, Oops: 0, ImmediateOops: 0, NonImmediateOops: No
[1,615s][debug][gc,nmethod  ] Register NMethod: jdk.internal.classfile.impl.AbstractPoolEntry$Utf8EntryImpl.<init> (0x000078e2fec8fe08) [0x000078e2fec8ff00, 0x000078e2fec901e0] Compiler: jvmci, Barriers: 12, Oops: 0, ImmediateOops: 1, NonImmediateOops: No
[1,615s][debug][gc,nmethod  ] Register NMethod: java.util.stream.Sink$ChainedReference.end (0x000078e2fec90208) [0x000078e2fec90300, 0x000078e2fec90440] Compiler: jvmci, Barriers: 1, Oops: 0, ImmediateOops: 0, NonImmediateOops: No
[1,618s][debug][gc,nmethod  ] Register NMethod: java.lang.String.indexOf (0x000078e2fec90508) [0x000078e2fec90600, 0x000078e2fec908e0] Compiler: jvmci, Barriers: 2, Oops: 0, ImmediateOops: 0, NonImmediateOops: No
[1,619s][debug][gc,nmethod  ] Register NMethod: java.lang.StringLatin1.indexOf (0x000078e2fec90908) [0x000078e2fec90a00, 0x000078e2fec90c10] Compiler: jvmci, Barriers: 0, Oops: 0, ImmediateOops: 0, NonImmediateOops: No
[1,620s][debug][gc,nmethod  ] Register NMethod: java.nio.DirectIntBufferU.ix (0x000078e2fec90c88) [0x000078e2fec90d80, 0x000078e2fec90e10] Compiler: jvmci, Barriers: 0, Oops: 0, ImmediateOops: 0, NonImmediateOops: No
[1,620s][debug][gc,nmethod  ] Register NMethod: java.util.concurrent.ConcurrentHashMap.putIfAbsent (0x000078e2fec90f88) [0x000078e2fec91080, 0x000078e2fec93820] Compiler: jvmci, Barriers: 92, Oops: 0, ImmediateOops: 0, NonImmediateOops: No
[1,620s][debug][gc,nmethod  ] Register NMethod: java.util.stream.Sink.begin (0x000078e2fec93888) [0x000078e2fec93980, 0x000078e2fec93a00] Compiler: jvmci, Barriers: 0, Oops: 0, ImmediateOops: 0, NonImmediateOops: No
[1,623s][debug][gc,director ] Rule Major: Warmup 10%, Used: 112MB, UsedThreshold: 1228MB
[1,623s][debug][gc,nmethod  ] Register NMethod: jdk.internal.classfile.impl.BufWriterImpl.writeU1U2 (0x000078e2fec93b88) [0x000078e2fec93c80, 0x000078e2fec94180] Compiler: jvmci, Barriers: 4, Oops: 0, ImmediateOops: 0, NonImmediateOops: No
[1,624s][debug][gc,nmethod  ] Register NMethod: java.lang.Integer.hashCode (0x000078e2fec94188) [0x000078e2fec94280, 0x000078e2fec94308] Compiler: jvmci, Barriers: 0, Oops: 0, ImmediateOops: 0, NonImmediateOops: No
[1,624s][debug][gc,nmethod  ] Register NMethod: jdk.xml.internal.XMLSecurityManager$Limit.systemProperty (0x000078e2fec94488) [0x000078e2fec94580, 0x000078e2fec94668] Compiler: c1, Barriers: 1, Oops: 0, ImmediateOops: 0, NonImmediateOops: No
[1,628s][info ][gc          ] GC(0) Major Collection (Metadata GC Threshold)
[1,628s][info ][gc,task     ] GC(0) Using 1 Workers for Young Generation
[1,628s][info ][gc,task     ] GC(0) Using 1 Workers for Old Generation
[1,628s][debug][gc,heap     ] GC(0) Y: Heap Before GC invocations=0 (full 0):
[1,628s][debug][gc,heap     ] GC(0) Y:  ZHeap           used 114M, capacity 5120M, max capacity 12288M
[1,628s][debug][gc,heap     ] GC(0) Y:   Cache          5006M (1)
[1,628s][debug][gc,heap     ] GC(0) Y:    size classes  4G (1)
[1,628s][debug][gc,metaspace] GC(0) Y: Metaspace Before GC invocations=0 (full 0):
[1,628s][debug][gc,metaspace] GC(0) Y:  Metaspace       used 21328K, committed 21568K, reserved 1114112K
[1,628s][debug][gc,metaspace] GC(0) Y:   class space    used 1771K, committed 1856K, reserved 1048576K
[1,628s][info ][gc,phases   ] GC(0) Y: Young Generation
[1,628s][debug][gc,reloc    ] Synchronize all workers 1 _nworkers: 0 _nsynchronized: 0
[1,628s][debug][gc,reloc    ] Synchronize all workers 1 _nworkers: 0 _nsynchronized: 0
[1,628s][debug][gc,phases,start] GC(0) Y: Pause Mark Start (Major)
[1,628s][debug][gc,tlab        ] GC(0) Y: TLAB usage update: used 0M -> 82M, capacity: 0M -> 82M
[1,628s][debug][gc,marking     ] GC(0) Y: Using 1 mark stripes
[1,628s][debug][gc,marking     ] GC(0) Y: Mark Worker/Stripe Distribution
[1,628s][debug][gc,marking     ] GC(0) Y:   Worker 0(1) -> Stripe 0(1)
[1,628s][debug][gc,marking     ] GC(0) Y: Using 1 mark stripes
[1,628s][debug][gc,marking     ] GC(0) Y: Mark Worker/Stripe Distribution
[1,628s][debug][gc,marking     ] GC(0) Y:   Worker 0(1) -> Stripe 0(1)
[1,629s][info ][gc,phases      ] GC(0) Y: Pause Mark Start (Major) 0,078ms
[1,629s][debug][gc,reloc       ] Desynchronize all workers _nworkers: 0 _nsynchronized: 0
[1,629s][debug][gc,reloc       ] Desynchronize all workers _nworkers: 0 _nsynchronized: 0
[1,629s][debug][gc,phases,start] GC(0) Y: Concurrent Mark
[1,629s][debug][gc,phases,start] GC(0) Y: Concurrent Mark Roots
[1,629s][debug][gc,marking     ] Resurrection broke termination
[1,629s][debug][gc,task        ] GC(0) Y: Executing ZMarkYoungRootsTask using ZWorkerYoung with 1 workers
[1,631s][debug][gc,nmethod     ] Register NMethod: java.util.ArrayList$Itr.next (0x000078e2dfa10308) [0x000078e2dfa10400, 0x000078e2dfa10780] Compiler: c1, Barriers: 3, Oops: 0, ImmediateOops: 0, NonImmediateOops: No
[1,632s][debug][gc,nmethod     ] Register NMethod: java.lang.Enum.compareTo (0x000078e2dfa10788) [0x000078e2dfa10880, 0x000078e2dfa11ba0] Compiler: c1, Barriers: 4, Oops: 0, ImmediateOops: 2, NonImmediateOops: No
[1,632s][debug][gc,nmethod     ] Register NMethod: java.util.concurrent.ConcurrentHashMap.get (0x000078e2fec94788) [0x000078e2fec94880, 0x000078e2fec956e0] Compiler: jvmci, Barriers: 22, Oops: 0, ImmediateOops: 1, NonImmediateOops: No
[1,632s][debug][gc,tlab        ] GC(0) Y: TLAB totals: thrds: 12  refills: 273 max: 261 slow allocs: 80 max 80 waste:  4,3% gc: 2723264B max: 261840B slow: 276488B max: 275912B
[1,632s][debug][gc,phases      ] GC(0) Y: Concurrent Mark Roots 3,710ms
[1,632s][debug][gc,phases,start] GC(0) Y: Concurrent Mark Follow
[1,632s][debug][gc,marking     ] GC(0) Y: Using 1 mark stripes
[1,632s][debug][gc,task        ] GC(0) Y: Executing ZRememberedScanMarkFollowTask using ZWorkerYoung with 1 workers
[1,633s][debug][gc,nmethod     ] Register NMethod: java.util.Arrays.fill (0x000078e2dfa11c08) [0x000078e2dfa11d00, 0x000078e2dfa11f08] Compiler: c1, Barriers: 0, Oops: 0, ImmediateOops: 0, NonImmediateOops: No
[1,633s][debug][gc,nmethod     ] Register NMethod: java.lang.String.isLatin1 (0x000078e2fec95708) [0x000078e2fec95800, 0x000078e2fec95890] Compiler: jvmci, Barriers: 0, Oops: 0, ImmediateOops: 0, NonImmediateOops: No
[1,633s][debug][gc,nmethod     ] Register NMethod: com.sun.org.apache.xerces.internal.util.Status.isExceptional (0x000078e2fec95a08) [0x000078e2fec95b00, 0x000078e2fec95bc0] Compiler: c1, Barriers: 0, Oops: 0, ImmediateOops: 0, NonImmediateOops: No
[1,634s][debug][gc,nmethod     ] Register NMethod: java.lang.String.startsWith (0x000078e2fec95d08) [0x000078e2fec95e00, 0x000078e2fec960f0] Compiler: jvmci, Barriers: 2, Oops: 0, ImmediateOops: 0, NonImmediateOops: No
[1,634s][debug][gc,nmethod     ] Register NMethod: java.util.ArrayList$Itr.hasNext (0x000078e2fec96108) [0x000078e2fec96200, 0x000078e2fec962e8] Compiler: jvmci, Barriers: 1, Oops: 0, ImmediateOops: 0, NonImmediateOops: No
[1,634s][debug][gc,nmethod     ] Register NMethod: com.sun.org.apache.xerces.internal.util.XMLChar.isValid (0x000078e2dfa11f88) [0x000078e2dfa12080, 0x000078e2dfa12268] Compiler: c1, Barriers: 0, Oops: 0, ImmediateOops: 1, NonImmediateOops: No
[1,634s][debug][gc,nmethod     ] Register NMethod: com.sun.org.apache.xerces.internal.util.XMLChar.isInvalid (0x000078e2dfa12288) [0x000078e2dfa12380, 0x000078e2dfa12610] Compiler: c1, Barriers: 0, Oops: 0, ImmediateOops: 1, NonImmediateOops: No
[1,634s][debug][gc,nmethod     ] Register NMethod: java.util.HashMap.afterNodeAccess (0x000078e2fec96408) [0x000078e2fec96500, 0x000078e2fec96580] Compiler: jvmci, Barriers: 0, Oops: 0, ImmediateOops: 0, NonImmediateOops: No
[1,637s][debug][gc,nmethod     ] Register NMethod: java.lang.StringLatin1.toLowerCase (0x000078e2dfa12688) [0x000078e2dfa12780, 0x000078e2dfa13a50] Compiler: c1, Barriers: 5, Oops: 1, ImmediateOops: 6, NonImmediateOops: No
[1,637s][debug][gc,nmethod     ] Register NMethod: java.util.Arrays.fill (0x000078e2fec96708) [0x000078e2fec96800, 0x000078e2fec969f8] Compiler: jvmci, Barriers: 0, Oops: 0, ImmediateOops: 0, NonImmediateOops: No
[1,637s][debug][gc,nmethod     ] Register NMethod: java.lang.String.toLowerCase (0x000078e2dfa13a88) [0x000078e2dfa13b80, 0x000078e2dfa14030] Compiler: c1, Barriers: 2, Oops: 0, ImmediateOops: 0, NonImmediateOops: No
[1,638s][debug][gc,nmethod     ] Register NMethod: java.util.ArrayList.get (0x000078e2fec96a08) [0x000078e2fec96b00, 0x000078e2fec96c68] Compiler: jvmci, Barriers: 2, Oops: 0, ImmediateOops: 0, NonImmediateOops: No
[1,640s][debug][gc,nmethod     ] Register NMethod: java.lang.NamedPackage.<init> (0x000078e2dfa14088) [0x000078e2dfa14180, 0x000078e2dfa15a50] Compiler: c1, Barriers: 8, Oops: 1, ImmediateOops: 3, NonImmediateOops: No
[1,641s][debug][gc,nmethod     ] Register NMethod: java.lang.CharacterDataLatin1.equalsIgnoreCase (0x000078e2fec96d08) [0x000078e2fec96e00, 0x000078e2fec96f10] Compiler: jvmci, Barriers: 0, Oops: 0, ImmediateOops: 0, NonImmediateOops: No
[1,642s][debug][gc,remset      ] GC(0) Y: Remset forwarding retained: 0,000ms count: 0 ZWorkerYoung#1
[1,642s][debug][gc,remset      ] GC(0) Y: Remset forwarding released: 0,000ms count: 0 ZWorkerYoung#1
[1,642s][debug][gc,marking     ] GC(0) Y: Try terminate after resurrection
[1,642s][debug][gc,phases      ] GC(0) Y: Concurrent Mark Follow 9,756ms
[1,642s][info ][gc,phases      ] GC(0) Y: Concurrent Mark 13,509ms
[1,642s][debug][gc,reloc       ] Synchronize all workers 1 _nworkers: 0 _nsynchronized: 0
[1,642s][debug][gc,reloc       ] Synchronize all workers 1 _nworkers: 0 _nsynchronized: 0
[1,642s][debug][gc,phases,start] GC(0) Y: Pause Mark End
[1,642s][info ][gc,phases      ] GC(0) Y: Pause Mark End 0,019ms
[1,642s][debug][gc,reloc       ] Desynchronize all workers _nworkers: 0 _nsynchronized: 0
[1,642s][debug][gc,reloc       ] Desynchronize all workers _nworkers: 0 _nsynchronized: 0
[1,642s][debug][gc,phases,start] GC(0) Y: Concurrent Mark Free
[1,642s][info ][gc,phases      ] GC(0) Y: Concurrent Mark Free 0,013ms
[1,642s][debug][gc,phases,start] GC(0) Y: Concurrent Reset Relocation Set
[1,642s][info ][gc,phases      ] GC(0) Y: Concurrent Reset Relocation Set 0,008ms
[1,642s][debug][gc,phases,start] GC(0) Y: Concurrent Select Relocation Set
[1,643s][debug][gc,reloc       ] GC(0) Y: Relocation Set (Medium Pages): 0->0, 1 skipped, 0 forwarding entries
[1,643s][debug][gc,reloc       ] GC(0) Y: Relocation Set (Small Pages): 40->5, 0 skipped, 308352 forwarding entries
[1,643s][debug][gc,reloc       ] GC(0) Y: Allocated To Garbage: 2097152,0
[1,643s][debug][gc,reloc       ] GC(0) Y: Young Log Residency: 2,5
[1,643s][debug][gc,reloc       ] GC(0) Y: Life Decay Factor: 1,0
[1,643s][info ][gc,reloc       ] GC(0) Y: Using tenuring threshold: 1 (Computed)
[1,643s][debug][gc,task        ] GC(0) Y: Executing ZRelocationSetInstallTask using ZWorkerYoung with 1 workers
[1,643s][debug][gc,nmethod     ] Register NMethod: java.lang.StringLatin1.regionMatchesCI (0x000078e2fec97008) [0x000078e2fec97100, 0x000078e2fec972d0] Compiler: jvmci, Barriers: 0, Oops: 0, ImmediateOops: 0, NonImmediateOops: No
[1,643s][debug][gc,nmethod     ] Register NMethod: ch.qos.logback.core.joran.spi.ElementPath.get (0x000078e2dfa15a88) [0x000078e2dfa15b80, 0x000078e2dfa160c0] Compiler: c1, Barriers: 3, Oops: 1, ImmediateOops: 0, NonImmediateOops: No
[1,644s][debug][gc,nmethod     ] Register NMethod: ch.qos.logback.core.joran.spi.ElementPath.size (0x000078e2dfa16108) [0x000078e2dfa16200, 0x000078e2dfa16360] Compiler: c1, Barriers: 1, Oops: 1, ImmediateOops: 0, NonImmediateOops: No
[1,644s][debug][gc,task        ] GC(0) Y: Executing ZPromotePagesTask using ZWorkerYoung with 1 workers
[1,644s][debug][gc,task        ] GC(0) Y: Executing ZPromotePagesTask using ZWorkerYoung with 1 workers
[1,644s][debug][gc,task        ] GC(0) Y: Executing ZPromotePagesTask using ZWorkerYoung with 1 workers
[1,644s][info ][gc,phases      ] GC(0) Y: Concurrent Select Relocation Set 1,754ms
[1,644s][debug][gc,reloc       ] Synchronize all workers 1 _nworkers: 0 _nsynchronized: 0
[1,644s][debug][gc,reloc       ] Synchronize all workers 1 _nworkers: 0 _nsynchronized: 0
[1,644s][debug][gc,phases,start] GC(0) Y: Pause Relocate Start
[1,644s][debug][gc,reloc       ] GC(0) Y: Joining workers: 1
[1,644s][info ][gc,phases      ] GC(0) Y: Pause Relocate Start 0,023ms
[1,644s][debug][gc,reloc       ] Desynchronize all workers _nworkers: 0 _nsynchronized: 0
[1,644s][debug][gc,reloc       ] Desynchronize all workers _nworkers: 1 _nsynchronized: 0
[1,644s][debug][gc,phases,start] GC(0) Y: Concurrent Relocate
[1,644s][debug][gc,task        ] GC(0) Y: Executing ZRelocateStoreBufferInstallBasePointersTask using ZWorkerYoung with 1 workers
[1,644s][debug][gc             ] JNI Critical Stall (Test worker) 0,099ms
[1,644s][debug][gc,task        ] GC(0) Y: Executing ZRelocateTask using ZWorkerYoung with 1 workers
[1,644s][debug][gc,nmethod     ] Register NMethod: java.lang.Class$ReflectionData.<init> (0x000078e2dfa16408) [0x000078e2dfa16500, 0x000078e2dfa16660] Compiler: c1, Barriers: 0, Oops: 0, ImmediateOops: 0, NonImmediateOops: No
[1,644s][debug][gc,nmethod     ] Register NMethod: java.lang.Class$Atomic.casReflectionData (0x000078e2dfa16708) [0x000078e2dfa16800, 0x000078e2dfa16960] Compiler: c1, Barriers: 5, Oops: 0, ImmediateOops: 0, NonImmediateOops: No
[1,646s][debug][gc,nmethod     ] Register NMethod: java.util.Spliterators$ArraySpliterator.forEachRemaining (0x000078e2dfa16a08) [0x000078e2dfa16b00, 0x000078e2dfa170d0] Compiler: c1, Barriers: 2, Oops: 0, ImmediateOops: 0, NonImmediateOops: No
[1,646s][debug][gc,nmethod     ] Register NMethod: java.lang.Class.getInterfaces0 (0x000078e2fec97308) [0x000078e2fec97400, 0x000078e2fec97720] Compiler: , Barriers: 0, Oops: 0, ImmediateOops: 0, NonImmediateOops: No
[1,646s][debug][gc,nmethod     ] Register NMethod: java.lang.String.regionMatches (0x000078e2fec97788) [0x000078e2fec97880, 0x000078e2fec97bc8] Compiler: jvmci, Barriers: 2, Oops: 0, ImmediateOops: 0, NonImmediateOops: No
[1,650s][debug][gc,reloc       ] GC(0) Y: Leaving workers: left: 0 _synchronize: 0 _nsynchronized: 0
[1,650s][debug][gc,phases,start] GC(0) Y: Concurrent Relocate Remset FP
[1,650s][debug][gc,task        ] GC(0) Y: Executing ZRelocateAddRemsetForFlipPromoted using ZWorkerYoung with 1 workers
[1,651s][debug][gc,phases      ] GC(0) Y: Concurrent Relocate Remset FP 0,130ms
[1,651s][info ][gc,phases      ] GC(0) Y: Concurrent Relocate 6,481ms
[1,651s][debug][gc,heap        ] GC(0) Y: Heap After GC invocations=1 (full 1):
[1,651s][debug][gc,heap        ] GC(0) Y:  ZHeap           used 50M, capacity 5120M, max capacity 12288M
[1,651s][debug][gc,heap        ] GC(0) Y:   Cache          5070M (3)
[1,651s][debug][gc,heap        ] GC(0) Y:    size classes  8M (1), 64M (1), 4G (1)
[1,651s][debug][gc,metaspace   ] GC(0) Y: Metaspace After GC invocations=1 (full 1):
[1,651s][debug][gc,metaspace   ] GC(0) Y:  Metaspace       used 22347K, committed 22592K, reserved 1114112K
[1,651s][debug][gc,metaspace   ] GC(0) Y:   class space    used 1895K, committed 1984K, reserved 1048576K
[1,651s][info ][gc,alloc       ] GC(0) Y:                         Mark Start        Mark End      Relocate Start    Relocate End   
[1,651s][info ][gc,alloc       ] GC(0) Y: Allocation Stalls:          0                0                0                0         
[1,651s][info ][gc,load        ] GC(0) Y: Load: 1,27 (6%) / 1,78 (9%) / 1,92 (10%)
[1,651s][info ][gc,mmu         ] GC(0) Y: MMU: 2ms/96,1%, 5ms/98,4%, 10ms/99,2%, 20ms/99,4%, 50ms/99,8%, 100ms/99,9%
[1,651s][info ][gc,marking     ] GC(0) Y: Mark: 1 stripe(s), 2 proactive flush(es), 1 terminate flush(es), 0 completion(s), 0 continuation(s) 
[1,651s][info ][gc,nmethod     ] GC(0) Y: NMethods: 2603 registered, 0 unregistered
[1,651s][info ][gc,metaspace   ] GC(0) Y: Metaspace: 21M used, 22M committed, 1088M reserved
[1,651s][info ][gc,reloc       ] GC(0) Y:                        Candidates     Selected     In-Place         Size        Empty    Relocated 
[1,651s][info ][gc,reloc       ] GC(0) Y: Small Pages:                   41           35            0          82M           0M           5M 
[1,651s][info ][gc,reloc       ] GC(0) Y: Medium Pages:                   1            0            0          32M           0M           0M 
[1,651s][info ][gc,reloc       ] GC(0) Y: Large Pages:                    0            0            0           0M           0M           0M 
[1,651s][info ][gc,reloc       ] GC(0) Y: Forwarding Usage: 2M
[1,651s][info ][gc,reloc       ] GC(0) Y: Age Table:
[1,651s][info ][gc,reloc       ] GC(0) Y:                    Live             Garbage             Small              Medium             Large        
[1,651s][info ][gc,reloc       ] GC(0) Y: Eden              13M (0%)          100M (1%)          41 / 35             1 / 0              0 / 0        
[1,651s][info ][gc,heap        ] GC(0) Y: Min Capacity: 5120M(42%)
[1,651s][info ][gc,heap        ] GC(0) Y: Max Capacity: 12288M(100%)
[1,651s][info ][gc,heap        ] GC(0) Y: Soft Max Capacity: 12288M(100%)
[1,651s][info ][gc,heap        ] GC(0) Y: Heap Statistics:
[1,651s][info ][gc,heap        ] GC(0) Y:                Mark Start          Mark End        Relocate Start      Relocate End           High               Low         
[1,651s][info ][gc,heap        ] GC(0) Y:  Capacity:     5120M (42%)        5120M (42%)        5120M (42%)        5120M (42%)        5120M (42%)        5120M (42%)    
[1,651s][info ][gc,heap        ] GC(0) Y:      Free:    12174M (99%)       12172M (99%)       12172M (99%)       12238M (100%)      12238M (100%)      12164M (99%)    
[1,651s][info ][gc,heap        ] GC(0) Y:      Used:      114M (1%)          116M (1%)          116M (1%)           50M (0%)          124M (1%)           50M (0%)     
[1,651s][info ][gc,heap        ] GC(0) Y: Young Generation Statistics:
[1,651s][info ][gc,heap        ] GC(0) Y:                Mark Start          Mark End        Relocate Start      Relocate End    
[1,651s][info ][gc,heap        ] GC(0) Y:      Used:      114M (1%)          116M (1%)          116M (1%)           50M (0%)     
[1,651s][info ][gc,heap        ] GC(0) Y:      Live:         -                13M (0%)           13M (0%)           13M (0%)     
[1,651s][info ][gc,heap        ] GC(0) Y:   Garbage:         -               100M (1%)          100M (1%)           29M (0%)     
[1,651s][info ][gc,heap        ] GC(0) Y: Allocated:         -                 2M (0%)            2M (0%)            7M (0%)     
[1,651s][info ][gc,heap        ] GC(0) Y: Reclaimed:         -                  -                 0M (0%)           71M (1%)     
[1,651s][info ][gc,heap        ] GC(0) Y:  Promoted:         -                  -                 0M (0%)            0M (0%)     
[1,651s][info ][gc,heap        ] GC(0) Y: Compacted:         -                  -                  -                 8M (0%)     
[1,651s][info ][gc,phases      ] GC(0) Y: Young Generation 114M(1%)->50M(0%) 0,023s
[1,651s][debug][gc,heap        ] GC(0) O: Heap Before GC invocations=1 (full 1):
[1,651s][debug][gc,heap        ] GC(0) O:  ZHeap           used 52M, capacity 5120M, max capacity 12288M
[1,651s][debug][gc,heap        ] GC(0) O:   Cache          5068M (3)
[1,651s][debug][gc,heap        ] GC(0) O:    size classes  8M (1), 64M (1), 4G (1)
[1,651s][debug][gc,metaspace   ] GC(0) O: Metaspace Before GC invocations=1 (full 1):
[1,651s][debug][gc,metaspace   ] GC(0) O:  Metaspace       used 22361K, committed 22592K, reserved 1114112K
[1,651s][debug][gc,metaspace   ] GC(0) O:   class space    used 1901K, committed 1984K, reserved 1048576K
[1,651s][info ][gc,phases      ] GC(0) O: Old Generation
[1,651s][debug][gc,phases,start] GC(0) O: Concurrent Mark
[1,651s][debug][gc,phases,start] GC(0) O: Concurrent Mark Roots
[1,651s][debug][gc,task        ] GC(0) O: Executing ZMarkOldRootsTask using ZWorkerOld with 1 workers
[1,652s][debug][gc,tlab        ] GC(0) O: TLAB totals: thrds: 1  refills: 5 max: 5 slow allocs: 0 max 0 waste:  6,3% gc: 78296B max: 78296B slow: 4920B max: 4920B
[1,652s][debug][gc,phases      ] GC(0) O: Concurrent Mark Roots 0,505ms
[1,652s][debug][gc,phases,start] GC(0) O: Concurrent Mark Follow
[1,652s][debug][gc,marking     ] GC(0) O: Using 1 mark stripes
[1,652s][debug][gc,task        ] GC(0) O: Executing ZMarkTask using ZWorkerOld with 1 workers
[1,652s][debug][gc,phases      ] GC(0) O: Concurrent Mark Follow 0,261ms
[1,652s][info ][gc,phases      ] GC(0) O: Concurrent Mark 0,799ms
[1,652s][debug][gc,reloc       ] Synchronize all workers 1 _nworkers: 0 _nsynchronized: 0
[1,652s][debug][gc,reloc       ] Synchronize all workers 1 _nworkers: 0 _nsynchronized: 0
[1,652s][debug][gc,phases,start] GC(0) O: Pause Mark End
[1,652s][info ][gc,phases      ] GC(0) O: Pause Mark End 0,022ms
[1,652s][debug][gc,reloc       ] Desynchronize all workers _nworkers: 0 _nsynchronized: 0
[1,652s][debug][gc,reloc       ] Desynchronize all workers _nworkers: 0 _nsynchronized: 0
[1,652s][debug][gc,phases,start] GC(0) O: Concurrent Mark Free
[1,652s][info ][gc,phases      ] GC(0) O: Concurrent Mark Free 0,010ms
[1,652s][debug][gc,phases,start] GC(0) O: Concurrent Process Non-Strong
[1,652s][debug][gc,phases,start] GC(0) O: Concurrent References Process
[1,652s][debug][gc,task        ] GC(0) O: Executing ZReferenceProcessorTask using ZWorkerOld with 1 workers
[1,652s][debug][gc,phases      ] GC(0) O: Concurrent References Process 0,142ms
[1,652s][debug][gc,task        ] GC(0) O: Executing ZProcessWeakRootsTask using ZWorkerOld with 1 workers
[1,653s][debug][gc,phases,start] GC(0) O: Concurrent Classes Unlink
[1,653s][debug][gc,phases,start] GC(0) O: ClassLoaderData
[1,653s][debug][gc,phases      ] GC(0) O: ClassLoaderData 0,014ms
[1,653s][debug][gc,phases,start] GC(0) O: Trigger cleanups
[1,653s][debug][gc,phases      ] GC(0) O: Trigger cleanups 0,009ms
[1,653s][debug][gc,task        ] GC(0) O: Executing ZNMethodUnlinkTask using ZWorkerOld with 1 workers
[1,653s][debug][gc,nmethod     ] GC(0) O: Unregister NMethod: java.lang.Class.cast (0x000078e2df567608) [0x000078e2df567700, 0x000078e2df567b58] 
[1,653s][debug][gc,nmethod     ] GC(0) O: Unregister NMethod: java.util.regex.Pattern$Slice.match (0x000078e2fec7e308) [0x000078e2fec7e400, 0x000078e2fec7e6d8] 
[1,653s][debug][gc,nmethod     ] GC(0) O: Unregister NMethod: java.util.stream.AbstractPipeline.evaluate (0x000078e2fec89a08) [0x000078e2fec89b00, 0x000078e2fec8abb8] 
[1,653s][debug][gc,nmethod     ] GC(0) O: Unregister NMethod: java.lang.invoke.DirectMethodHandle$Holder.newInvokeSpecial (0x000078e2df763688) [0x000078e2df763780, 0x000078e2df763ff8] 
[1,654s][debug][gc,nmethod     ] GC(0) O: Unregister NMethod: java.util.stream.ReferencePipeline$3$1.accept (0x000078e2fec6ae88) [0x000078e2fec6af80, 0x000078e2fec6bc60] 
[1,654s][debug][gc,nmethod     ] GC(0) O: Unregister NMethod: java.util.Objects.requireNonNull (0x000078e2df422c88) [0x000078e2df422d80, 0x000078e2df422f58] 
[1,654s][debug][gc,nmethod     ] GC(0) O: Unregister NMethod: java.util.Objects.equals (0x000078e2df406908) [0x000078e2df406a00, 0x000078e2df406d88] 
[1,654s][debug][gc,nmethod     ] GC(0) O: Unregister NMethod: java.lang.String.isLatin1 (0x000078e2df40c008) [0x000078e2df40c100, 0x000078e2df40c260] 
[1,654s][debug][gc,nmethod     ] GC(0) O: Unregister NMethod: java.net.URLClassLoader.findClass (0x000078e2df60d288) [0x000078e2df60d380, 0x000078e2df60ffa0] 
[1,654s][debug][gc,nmethod     ] GC(0) O: Unregister NMethod: org.junit.platform.commons.util.ReflectionUtils$$Lambda/0x000000009217d518.compare (0x000078e2df768208) [0x000078e2df768300, 0x000078e2df768840] 
[1,654s][debug][gc,nmethod     ] GC(0) O: Unregister NMethod: java.util.zip.ZipCoder.hash (0x000078e2df487288) [0x000078e2df487380, 0x000078e2df4881b8] 
[1,654s][debug][gc,nmethod     ] GC(0) O: Unregister NMethod: java.lang.String.<init> (0x000078e2df834d08) [0x000078e2df834e00, 0x000078e2df8359c0] 
[1,654s][debug][gc,nmethod     ] GC(0) O: Unregister NMethod: java.lang.String.hashCode (0x000078e2df400988) [0x000078e2df400a80, 0x000078e2df401028] 
[1,654s][debug][gc,nmethod     ] GC(0) O: Unregister NMethod: java.util.stream.ReduceOps$ReduceOp.evaluateSequential (0x000078e2df7dde08) [0x000078e2df7ddf00, 0x000078e2df7de728] 
[1,654s][debug][gc,nmethod     ] GC(0) O: Unregister NMethod: org.junit.platform.commons.util.ReflectionUtils.defaultMethodSorter (0x000078e2df768888) [0x000078e2df768980, 0x000078e2df769b98] 
[1,654s][debug][gc,nmethod     ] GC(0) O: Unregister NMethod: java.lang.AbstractStringBuilder.isLatin1 (0x000078e2df477e08) [0x000078e2df477f00, 0x000078e2df4780c0] 
[1,654s][debug][gc,nmethod     ] GC(0) O: Unregister NMethod: java.util.zip.ZipFile$Source.isMetaName (0x000078e2df525788) [0x000078e2df525880, 0x000078e2df525ce0] 
[1,654s][debug][gc,nmethod     ] GC(0) O: Unregister NMethod: java.lang.String.<init> (0x000078e2df4e3488) [0x000078e2df4e3580, 0x000078e2df4e7558] 
[1,654s][debug][gc,nmethod     ] GC(0) O: Unregister NMethod: jdk.internal.misc.Unsafe.getShortUnaligned (0x000078e2df451788) [0x000078e2df451880, 0x000078e2df451aa8] 
[1,654s][debug][gc,nmethod     ] GC(0) O: Unregister NMethod: java.lang.String.charAt (0x000078e2febe8088) [0x000078e2febe8180, 0x000078e2febe82b0] 
[1,654s][debug][gc,nmethod     ] GC(0) O: Unregister NMethod: java.util.LinkedHashMap$LinkedHashIterator.hasNext (0x000078e2df765008) [0x000078e2df765100, 0x000078e2df765280] 
[1,654s][debug][gc,nmethod     ] GC(0) O: Unregister NMethod: java.util.WeakHashMap.remove (0x000078e2df4da008) [0x000078e2df4da100, 0x000078e2df4db510] 
[1,654s][debug][gc,nmethod     ] GC(0) O: Unregister NMethod: java.util.Arrays.copyOf (0x000078e2df474908) [0x000078e2df474a00, 0x000078e2df474dc8] 
[1,654s][debug][gc,nmethod     ] GC(0) O: Unregister NMethod: java.lang.String.charAt (0x000078e2df40e108) [0x000078e2df40e200, 0x000078e2df40e790] 
[1,654s][debug][gc,nmethod     ] GC(0) O: Unregister NMethod: java.util.HashMap.get (0x000078e2df431788) [0x000078e2df431880, 0x000078e2df431c18] 
[1,654s][debug][gc,nmethod     ] GC(0) O: Unregister NMethod: java.util.ImmutableCollections$SetN.isEmpty (0x000078e2df429508) [0x000078e2df429600, 0x000078e2df429750] 
[1,654s][debug][gc,nmethod     ] GC(0) O: Unregister NMethod: jdk.internal.classfile.impl.RawBytecodeHelper.next (0x000078e2df44cf88) [0x000078e2df44d080, 0x000078e2df44d7f8] 
[1,654s][debug][gc,nmethod     ] GC(0) O: Unregister NMethod: java.lang.String.length (0x000078e2df40c308) [0x000078e2df40c400, 0x000078e2df40c780] 
[1,654s][debug][gc,nmethod     ] GC(0) O: Unregister NMethod: java.util.StringJoiner.add (0x000078e2df7c0b88) [0x000078e2df7c0c80, 0x000078e2df7c2438] 
[1,654s][debug][gc,nmethod     ] GC(0) O: Unregister NMethod: java.util.regex.Pattern$BmpCharPropertyGreedy.match (0x000078e2df636588) [0x000078e2df636680, 0x000078e2df636ff0] 
[1,654s][debug][gc,nmethod     ] GC(0) O: Unregister NMethod: worker.org.gradle.internal.stream.EncodedStream$EncodedInput.hexToByte (0x000078e2df453d08) [0x000078e2df453e00, 0x000078e2df454548] 
[1,654s][debug][gc,nmethod     ] GC(0) O: Unregister NMethod: java.lang.Integer.rotateLeft (0x000078e2df57fd88) [0x000078e2df57fe80, 0x000078e2df57ff70] 
[1,654s][debug][gc,nmethod     ] GC(0) O: Unregister NMethod: java.lang.Class.getName (0x000078e2df454b08) [0x000078e2df454c00, 0x000078e2df454db0] 
[1,654s][debug][gc,nmethod     ] GC(0) O: Unregister NMethod: jdk.internal.classfile.impl.AbstractPoolEntry$Utf8EntryImpl.writeTo (0x000078e2df460f88) [0x000078e2df461080, 0x000078e2df461890] 
[1,654s][debug][gc,nmethod     ] GC(0) O: Unregister NMethod: jdk.internal.misc.Unsafe.allocateUninitializedArray (0x000078e2df425408) [0x000078e2df425500, 0x000078e2df425ac8] 
[1,654s][debug][gc,nmethod     ] GC(0) O: Unregister NMethod: jdk.internal.jimage.ImageStringsReader.unmaskedHashCode (0x000078e2df51bd88) [0x000078e2df51be80, 0x000078e2df51d080] 
[1,654s][debug][gc,nmethod     ] GC(0) O: Unregister NMethod: java.util.LinkedHashMap.get (0x000078e2df4e1388) [0x000078e2df4e1480, 0x000078e2df4e1898] 
[1,654s][debug][gc,nmethod     ] GC(0) O: Unregister NMethod: java.lang.StringBuilder.<init> (0x000078e2df47a308) [0x000078e2df47a400, 0x000078e2df47a538] 
[1,654s][debug][gc,nmethod     ] GC(0) O: Unregister NMethod: java.util.regex.Pattern$BmpCharPropertyGreedy.match (0x000078e2fec2c288) [0x000078e2fec2c380, 0x000078e2fec2c750] 
[1,654s][debug][gc,nmethod     ] GC(0) O: Unregister NMethod: java.lang.String.charAt (0x000078e2df681408) [0x000078e2df681500, 0x000078e2df681c38] 
[1,654s][debug][gc,nmethod     ] GC(0) O: Unregister NMethod: java.util.zip.ZipFile$Source.checkAndAddEntry (0x000078e2df475988) [0x000078e2df475a80, 0x000078e2df477d80] 
[1,654s][debug][gc,nmethod     ] GC(0) O: Unregister NMethod: jdk.internal.classfile.impl.BufWriterImpl.writeU1U2 (0x000078e2df4e9288) [0x000078e2df4e9380, 0x000078e2df4e9818] 
[1,654s][debug][gc,nmethod     ] GC(0) O: Unregister NMethod: java.math.BigInteger.mulAdd (0x000078e2df74b988) [0x000078e2df74ba80, 0x000078e2df74bc10] 
[1,654s][debug][gc,nmethod     ] GC(0) O: Unregister NMethod: java.lang.String.getBytes (0x000078e2df466808) [0x000078e2df466900, 0x000078e2df467688] 
[1,654s][debug][gc,nmethod     ] GC(0) O: Unregister NMethod: java.lang.Object.<init> (0x000078e2df400388) [0x000078e2df400480, 0x000078e2df400580] 
[1,654s][debug][gc,nmethod     ] GC(0) O: Unregister NMethod: java.util.jar.JarFile.checkForSpecialAttributes (0x000078e2fec38e08) [0x000078e2fec38f00, 0x000078e2fec39858] 
[1,654s][debug][gc,nmethod     ] GC(0) O: Unregister NMethod: java.lang.CharacterData.of (0x000078e2df4e7888) [0x000078e2df4e7980, 0x000078e2df4e80c0] 
[1,654s][debug][gc,nmethod     ] GC(0) O: Unregister NMethod: java.lang.Character.codePointBefore (0x000078e2df98a288) [0x000078e2df98a380, 0x000078e2df98ab48] 
[1,654s][debug][gc,nmethod     ] GC(0) O: Unregister NMethod: java.math.BigInteger.implMulAddCheck (0x000078e2df74c108) [0x000078e2df74c200, 0x000078e2df750190] 
[1,654s][debug][gc,nmethod     ] GC(0) O: Unregister NMethod: java.util.zip.ZipUtils.CENSIZ (0x000078e2df470b88) [0x000078e2df470c80, 0x000078e2df470d90] 
[1,654s][debug][gc,nmethod     ] GC(0) O: Unregister NMethod: java.util.regex.Pattern$Slice.match (0x000078e2df9c2108) [0x000078e2df9c2200, 0x000078e2df9c2940] 
[1,654s][debug][gc,nmethod     ] GC(0) O: Unregister NMethod: java.lang.String.getBytes (0x000078e2df418d88) [0x000078e2df418e80, 0x000078e2df419388] 
[1,654s][debug][gc,nmethod     ] GC(0) O: Unregister NMethod: java.lang.StringBuilder.append (0x000078e2df490588) [0x000078e2df490680, 0x000078e2df4907c8] 
[1,654s][debug][gc,nmethod     ] GC(0) O: Unregister NMethod: java.util.HashSet.add (0x000078e2df42f388) [0x000078e2df42f480, 0x000078e2df42f660] 
[1,654s][debug][gc,nmethod     ] GC(0) O: Unregister NMethod: java.util.BitSet.checkInvariants (0x000078e2df529408) [0x000078e2df529500, 0x000078e2df529630] 
[1,654s][debug][gc,nmethod     ] GC(0) O: Unregister NMethod: jdk.internal.classfile.impl.BufWriterImpl.cpIndex (0x000078e2df462508) [0x000078e2df462600, 0x000078e2df4645f8] 
[1,654s][debug][gc,nmethod     ] GC(0) O: Unregister NMethod: java.util.HashMap.hash (0x000078e2df426908) [0x000078e2df426a00, 0x000078e2df426d38] 
[1,654s][debug][gc,nmethod     ] GC(0) O: Unregister NMethod: java.lang.Class.isArray (0x000078e2df41ed88) [0x000078e2df41ee80, 0x000078e2df41f000] 
[1,654s][debug][gc,nmethod     ] GC(0) O: Unregister NMethod: java.lang.reflect.Method.<init> (0x000078e2df766a88) [0x000078e2df766b80, 0x000078e2df7671f0] 
[1,654s][debug][gc,nmethod     ] GC(0) O: Unregister NMethod: java.util.zip.ZipFile$Source.isMetaName (0x000078e2df473608) [0x000078e2df473700, 0x000078e2df473b60] 
[1,654s][debug][gc,nmethod     ] GC(0) O: Unregister NMethod: java.util.LinkedHashMap$LinkedValues.toArray (0x000078e2df83e908) [0x000078e2df83ea00, 0x000078e2df83ef38] 
[1,654s][debug][gc,nmethod     ] GC(0) O: Unregister NMethod: java.util.stream.Sink$ChainedReference.end (0x000078e2df7ce408) [0x000078e2df7ce500, 0x000078e2df7ce840] 
[1,654s][debug][gc,nmethod     ] GC(0) O: Unregister NMethod: java.util.HashMap.put (0x000078e2fec30008) [0x000078e2fec30120, 0x000078e2fec31930] 
[1,654s][debug][gc,nmethod     ] GC(0) O: Unregister NMethod: jdk.internal.misc.Unsafe.putReferenceRelease (0x000078e2df46e208) [0x000078e2df46e300, 0x000078e2df46e478] 
[1,654s][debug][gc,nmethod     ] GC(0) O: Unregister NMethod: java.util.zip.ZipFile$Source.nextEntryPos (0x000078e2df472c88) [0x000078e2df472d80, 0x000078e2df473038] 
[1,654s][debug][gc,nmethod     ] GC(0) O: Unregister NMethod: java.util.concurrent.ConcurrentHashMap.addCount (0x000078e2df414c88) [0x000078e2df414d80, 0x000078e2df415a20] 
[1,654s][debug][gc,nmethod     ] GC(0) O: Unregister NMethod: java.util.ArrayList$Itr.next (0x000078e2df57f688) [0x000078e2df57f780, 0x000078e2df57fd70] 
[1,654s][debug][gc,nmethod     ] GC(0) O: Unregister NMethod: java.lang.AbstractStringBuilder.<init> (0x000078e2df478108) [0x000078e2df478200, 0x000078e2df478488] 
[1,654s][debug][gc,nmethod     ] GC(0) O: Unregister NMethod: org.junit.platform.commons.util.Preconditions.notNull (0x000078e2df81e588) [0x000078e2df81e680, 0x000078e2df81e910] 
[1,655s][debug][gc,nmethod     ] GC(0) O: Unregister NMethod: java.lang.String.<init> (0x000078e2df418788) [0x000078e2df418880, 0x000078e2df418a58] 
[1,655s][debug][gc,nmethod     ] GC(0) O: Unregister NMethod: java.util.jar.JarFile.getJarEntry (0x000078e2df489308) [0x000078e2df489400, 0x000078e2df489ca8] 
[1,655s][debug][gc,nmethod     ] GC(0) O: Unregister NMethod: java.util.jar.JarFile.checkForSpecialAttributes (0x000078e2df4c6b88) [0x000078e2df4c6c80, 0x000078e2df4c8260] 
[1,655s][debug][gc,nmethod     ] GC(0) O: Unregister NMethod: java.util.jar.JarFile.isMultiRelease (0x000078e2df485d88) [0x000078e2df485e80, 0x000078e2df486078] 
[1,655s][debug][gc,nmethod     ] GC(0) O: Unregister NMethod: java.lang.StringLatin1.equals (0x000078e2df401a08) [0x000078e2df401b00, 0x000078e2df401d68] 
[1,655s][debug][gc,nmethod     ] GC(0) O: Unregister NMethod: org.junit.platform.commons.util.Preconditions.condition (0x000078e2df817008) [0x000078e2df817100, 0x000078e2df8172e0] 
[1,655s][debug][gc,nmethod     ] GC(0) O: Unregister NMethod: java.lang.String.<init> (0x000078e2fec50988) [0x000078e2fec50a80, 0x000078e2fec50e60] 
[1,655s][debug][gc,nmethod     ] GC(0) O: Unregister NMethod: jdk.internal.util.ArraysSupport.mismatch (0x000078e2df411908) [0x000078e2df411a00, 0x000078e2df411de0] 
[1,655s][debug][gc,nmethod     ] GC(0) O: Unregister NMethod: java.util.zip.ZipUtils.CENNAM (0x000078e2df471188) [0x000078e2df471280, 0x000078e2df471390] 
[1,655s][debug][gc,nmethod     ] GC(0) O: Unregister NMethod: org.junit.platform.commons.util.ReflectionUtils$$Lambda/0x000000009218a488.test (0x000078e2df867988) [0x000078e2df867a80, 0x000078e2df868778] 
[1,655s][debug][gc,nmethod     ] GC(0) O: Unregister NMethod: java.net.URLClassLoader.defineClass (0x000078e2df612f88) [0x000078e2df613080, 0x000078e2df617918] 
[1,655s][debug][gc,nmethod     ] GC(0) O: Unregister NMethod: java.util.WeakHashMap.getTable (0x000078e2df48d008) [0x000078e2df48d100, 0x000078e2df48d278] 
[1,655s][debug][gc,nmethod     ] GC(0) O: Unregister NMethod: java.nio.DirectByteBuffer.get (0x000078e2df491c88) [0x000078e2df491d80, 0x000078e2df492b80] 
[1,655s][debug][gc,nmethod     ] GC(0) O: Unregister NMethod: java.lang.StringCoding.countNonZeroAsciiLatin1 (0x000078e2df41fe08) [0x000078e2df41ff00, 0x000078e2df420108] 
[1,655s][debug][gc,nmethod     ] GC(0) O: Unregister NMethod: java.lang.invoke.MethodType.parameterType (0x000078e2df44ed08) [0x000078e2df44ee00, 0x000078e2df44ef88] 
[1,655s][debug][gc,nmethod     ] GC(0) O: Unregister NMethod: java.util.ImmutableCollections$ListN.size (0x000078e2df5b7f08) [0x000078e2df5b8000, 0x000078e2df5b8138] 
[1,655s][debug][gc,nmethod     ] GC(0) O: Unregister NMethod: java.lang.AbstractStringBuilder.needsNewBuffer (0x000078e2df68a008) [0x000078e2df68a100, 0x000078e2df68a2a0] 
[1,655s][debug][gc,nmethod     ] GC(0) O: Unregister NMethod: java.lang.Math.min (0x000078e2df418a88) [0x000078e2df418b80, 0x000078e2df418ca8] 
[1,655s][debug][gc,nmethod     ] GC(0) O: Unregister NMethod: java.util.Objects.requireNonNull (0x000078e2df404388) [0x000078e2df404480, 0x000078e2df404650] 
[1,655s][debug][gc,nmethod     ] GC(0) O: Unregister NMethod: java.lang.Character.charCount (0x000078e2df6b4f88) [0x000078e2df6b5080, 0x000078e2df6b51d0] 
[1,655s][debug][gc,nmethod     ] GC(0) O: Unregister NMethod: java.lang.System$1.uncheckedCountPositives (0x000078e2df471488) [0x000078e2df471580, 0x000078e2df4717d8] 
[1,655s][debug][gc,nmethod     ] GC(0) O: Unregister NMethod: java.nio.DirectIntBufferU.ix (0x000078e2df689208) [0x000078e2df689300, 0x000078e2df689410] 
[1,655s][debug][gc,nmethod     ] GC(0) O: Unregister NMethod: java.lang.module.ModuleDescriptor$Exports.isQualified (0x000078e2df429008) [0x000078e2df429100, 0x000078e2df429490] 
[1,655s][debug][gc,nmethod     ] GC(0) O: Unregister NMethod: java.lang.String.coder (0x000078e2df40b888) [0x000078e2df40b980, 0x000078e2df40baa8] 
[1,655s][debug][gc,nmethod     ] GC(0) O: Unregister NMethod: jdk.internal.util.ReferencedKeyMap.removeStaleReferences (0x000078e2df419988) [0x000078e2df419a80, 0x000078e2df41a0a0] 
[1,655s][debug][gc,nmethod     ] GC(0) O: Unregister NMethod: java.util.stream.StreamOpFlag.isKnown (0x000078e2df7c3488) [0x000078e2df7c3580, 0x000078e2df7c36d8] 
[1,655s][debug][gc,nmethod     ] GC(0) O: Unregister NMethod: java.util.StringJoiner.toString (0x000078e2df7c0788) [0x000078e2df7c0880, 0x000078e2df7c0b60] 
[1,655s][debug][gc,nmethod     ] GC(0) O: Unregister NMethod: jdk.internal.classfile.impl.RawBytecodeHelper.opcode (0x000078e2df44ea08) [0x000078e2df44eb00, 0x000078e2df44ec08] 
[1,655s][debug][gc,nmethod     ] GC(0) O: Unregister NMethod: java.util.stream.ReferencePipeline$3$1.accept (0x000078e2df63a708) [0x000078e2df63a800, 0x000078e2df63ad88] 
[1,655s][debug][gc,nmethod     ] GC(0) O: Unregister NMethod: java.lang.String.hashCode (0x000078e2febe9688) [0x000078e2febe9780, 0x000078e2febe9928] 
[1,655s][debug][gc,nmethod     ] GC(0) O: Unregister NMethod: sun.reflect.generics.parser.SignatureParser.current (0x000078e2df5c2988) [0x000078e2df5c2a80, 0x000078e2df5c3890] 
[1,655s][debug][gc,nmethod     ] GC(0) O: Unregister NMethod: java.io.BufferedInputStream.read (0x000078e2df454588) [0x000078e2df454680, 0x000078e2df454ad8] 
[1,655s][debug][gc,nmethod     ] GC(0) O: Unregister NMethod: jdk.internal.loader.URLClassPath$JarLoader.getResource (0x000078e2fec4ad08) [0x000078e2fec4ae00, 0x000078e2fec4c510] 
[1,655s][debug][gc,nmethod     ] GC(0) O: Unregister NMethod: jdk.internal.loader.URLClassPath$JarLoader.getResource (0x000078e2df4c2a88) [0x000078e2df4c2b80, 0x000078e2df4c34b0] 
[1,655s][debug][gc,nmethod     ] GC(0) O: Unregister NMethod: java.lang.Class.getTypeName (0x000078e2df7c3788) [0x000078e2df7c3880, 0x000078e2df7c6e10] 
[1,655s][debug][gc,nmethod     ] GC(0) O: Unregister NMethod: java.util.jar.Manifest$FastInputStream.readLine (0x000078e2df486088) [0x000078e2df486180, 0x000078e2df4869d8] 
[1,655s][debug][gc,nmethod     ] GC(0) O: Unregister NMethod: java.util.LinkedHashMap.<init> (0x000078e2df810c08) [0x000078e2df810d00, 0x000078e2df810f30] 
[1,655s][debug][gc,nmethod     ] GC(0) O: Unregister NMethod: java.util.stream.MatchOps$1MatchSink.accept (0x000078e2fec72788) [0x000078e2fec72880, 0x000078e2fec73808] 
[1,655s][debug][gc,nmethod     ] GC(0) O: Unregister NMethod: java.util.HashMap.get (0x000078e2df433988) [0x000078e2df433a80, 0x000078e2df433e18] 
[1,655s][debug][gc,nmethod     ] GC(0) O: Unregister NMethod: java.lang.AbstractStringBuilder.needsNewBuffer (0x000078e2df445988) [0x000078e2df445a80, 0x000078e2df445c20] 
[1,655s][debug][gc,nmethod     ] GC(0) O: Unregister NMethod: java.lang.String.<init> (0x000078e2df478d88) [0x000078e2df478e80, 0x000078e2df479820] 
[1,655s][debug][gc,nmethod     ] GC(0) O: Unregister NMethod: java.util.concurrent.ConcurrentHashMap.setTabAt (0x000078e2df46e508) [0x000078e2df46e600, 0x000078e2df46e900] 
[1,655s][debug][gc,nmethod     ] GC(0) O: Unregister NMethod: jdk.internal.misc.Unsafe.getIntUnaligned (0x000078e2df458388) [0x000078e2df458480, 0x000078e2df4586c8] 
[1,655s][debug][gc,nmethod     ] GC(0) O: Unregister NMethod: java.util.stream.Sink.begin (0x000078e2df86bb88) [0x000078e2df86bc80, 0x000078e2df86bd80] 
[1,655s][debug][gc,nmethod     ] GC(0) O: Unregister NMethod: java.util.Objects.equals (0x000078e2fec62408) [0x000078e2fec62500, 0x000078e2fec62980] 
[1,655s][debug][gc,nmethod     ] GC(0) O: Unregister NMethod: java.util.zip.ZipFile.getEntry (0x000078e2df488208) [0x000078e2df488300, 0x000078e2df4888c8] 
[1,655s][debug][gc,nmethod     ] GC(0) O: Unregister NMethod: jdk.internal.classfile.impl.BufWriterImpl.writeUtfEntry (0x000078e2df468308) [0x000078e2df468400, 0x000078e2df46b1c0] 
[1,655s][debug][gc,nmethod     ] GC(0) O: Unregister NMethod: java.lang.StringLatin1.indexOf (0x000078e2df51d108) [0x000078e2df51d200, 0x000078e2df51d3e0] 
[1,655s][debug][gc,nmethod     ] GC(0) O: Unregister NMethod: java.util.ArrayList$Itr.hasNext (0x000078e2df57ea88) [0x000078e2df57eb80, 0x000078e2df57ed10] 
[1,655s][debug][gc,nmethod     ] GC(0) O: Unregister NMethod: java.util.regex.Pattern$$Lambda/0x0000000092110988.is (0x000078e2df988888) [0x000078e2df988980, 0x000078e2df988bb8] 
[1,655s][debug][gc,nmethod     ] GC(0) O: Unregister NMethod: jdk.internal.classfile.impl.SplitConstantPool.canWriteDirect (0x000078e2df44cb88) [0x000078e2df44cc80, 0x000078e2df44cf78] 
[1,655s][debug][gc,nmethod     ] GC(0) O: Unregister NMethod: java.lang.AbstractStringBuilder.needsNewBuffer (0x000078e2fec1ac88) [0x000078e2fec1ad80, 0x000078e2fec1ae68] 
[1,655s][debug][gc,nmethod     ] GC(0) O: Unregister NMethod: java.lang.String.startsWith (0x000078e2df410c08) [0x000078e2df410d00, 0x000078e2df410ff8] 
[1,655s][debug][gc,nmethod     ] GC(0) O: Unregister NMethod: java.util.HashMap.putVal (0x000078e2df42f988) [0x000078e2df42fa80, 0x000078e2df431770] 
[1,655s][debug][gc,nmethod     ] GC(0) O: Unregister NMethod: java.util.StringJoiner.checkAddLength (0x000078e2df785488) [0x000078e2df785580, 0x000078e2df786140] 
[1,655s][debug][gc,nmethod     ] GC(0) O: Unregister NMethod: java.lang.String.isEmpty (0x000078e2df411008) [0x000078e2df411100, 0x000078e2df411288] 
[1,655s][debug][gc,nmethod     ] GC(0) O: Unregister NMethod: java.util.stream.AbstractPipeline.isParallel (0x000078e2df72ad08) [0x000078e2df72ae00, 0x000078e2df72af38] 
[1,655s][debug][gc,nmethod     ] GC(0) O: Unregister NMethod: java.util.stream.SortedOps$SizedRefSortingSink.accept (0x000078e2df864708) [0x000078e2df864800, 0x000078e2df864c08] 
[1,655s][debug][gc,nmethod     ] GC(0) O: Unregister NMethod: java.util.Spliterators$ArraySpliterator.forEachRemaining (0x000078e2fec7c808) [0x000078e2fec7c900, 0x000078e2fec7d7c0] 
[1,655s][debug][gc,nmethod     ] GC(0) O: Unregister NMethod: jdk.internal.loader.Resource.getBytes (0x000078e2df5dcb08) [0x000078e2df5dcc00, 0x000078e2df5de0f0] 
[1,655s][debug][gc,nmethod     ] GC(0) O: Unregister NMethod: java.util.ArrayDeque.elementAt (0x000078e2df4ddc88) [0x000078e2df4ddd80, 0x000078e2df4ddeb8] 
[1,655s][debug][gc,nmethod     ] GC(0) O: Unregister NMethod: java.nio.DirectByteBuffer.ix (0x000078e2df491188) [0x000078e2df491280, 0x000078e2df491388] 
[1,655s][debug][gc,nmethod     ] GC(0) O: Unregister NMethod: java.util.Optional.isPresent (0x000078e2df8bc208) [0x000078e2df8bc300, 0x000078e2df8bc480] 
[1,655s][debug][gc,nmethod     ] GC(0) O: Unregister NMethod: java.util.stream.Collectors$$Lambda/0x00000000920e07a8.accept (0x000078e2fec6da08) [0x000078e2fec6db00, 0x000078e2fec6e140] 
[1,655s][debug][gc,nmethod     ] GC(0) O: Unregister NMethod: java.util.stream.Collectors$$Lambda/0x0000000092114238.accept (0x000078e2df864c88) [0x000078e2df864d80, 0x000078e2df8652a8] 
[1,655s][debug][gc,nmethod     ] GC(0) O: Unregister NMethod: jdk.internal.constant.MethodTypeDescImpl.parameterCount (0x000078e2df4c2788) [0x000078e2df4c2880, 0x000078e2df4c29b8] 
[1,655s][debug][gc,nmethod     ] GC(0) O: Unregister NMethod: jdk.internal.util.ArraysSupport.vectorizedHashCode (0x000078e2df402408) [0x000078e2df402500, 0x000078e2df404358] 
[1,655s][debug][gc,nmethod     ] GC(0) O: Unregister NMethod: jdk.internal.loader.URLClassPath$JarLoader.getResource (0x000078e2fec3b988) [0x000078e2fec3ba80, 0x000078e2fec3d180] 
[1,656s][debug][gc,nmethod     ] GC(0) O: Unregister NMethod: java.util.HashMap.getNode (0x000078e2df42df08) [0x000078e2df42e000, 0x000078e2df42f310] 
[1,656s][debug][gc,nmethod     ] GC(0) O: Unregister NMethod: java.lang.String.replace (0x000078e2df46e908) [0x000078e2df46ea00, 0x000078e2df46ef08] 
[1,656s][debug][gc,nmethod     ] GC(0) O: Unregister NMethod: org.junit.platform.commons.util.ReflectionUtils$$Lambda/0x000000009217d098.test (0x000078e2df81ee08) [0x000078e2df81ef00, 0x000078e2df81fb58] 
[1,656s][debug][gc,nmethod     ] GC(0) O: Unregister NMethod: jdk.internal.classfile.impl.AbstractPoolEntry.maybeClone (0x000078e2df44be08) [0x000078e2df44bf00, 0x000078e2df44c868] 
[1,656s][debug][gc,nmethod     ] GC(0) O: Unregister NMethod: jdk.internal.loader.URLClassPath$JarLoader$1.getBytes (0x000078e2df5e9c08) [0x000078e2df5e9d00, 0x000078e2df5ea5e8] 
[1,656s][debug][gc,nmethod     ] GC(0) O: Unregister NMethod: java.util.concurrent.ConcurrentHashMap.get (0x000078e2df41c888) [0x000078e2df41c980, 0x000078e2df41d998] 
[1,656s][debug][gc,nmethod     ] GC(0) O: Unregister NMethod: jdk.internal.classfile.impl.SplitConstantPool.utf8Entry (0x000078e2df467708) [0x000078e2df467800, 0x000078e2df4682f8] 
[1,656s][debug][gc,nmethod     ] GC(0) O: Unregister NMethod: java.util.HashMap.put (0x000078e2df434808) [0x000078e2df434900, 0x000078e2df434ee8] 
[1,656s][debug][gc,nmethod     ] GC(0) O: Unregister NMethod: java.util.concurrent.ConcurrentHashMap.putVal (0x000078e2df415a88) [0x000078e2df415b80, 0x000078e2df418078] 
[1,656s][debug][gc,nmethod     ] GC(0) O: Unregister NMethod: java.lang.StringLatin1.canEncode (0x000078e2df4c2008) [0x000078e2df4c2100, 0x000078e2df4c2260] 
[1,656s][debug][gc,nmethod     ] GC(0) O: Unregister NMethod: java.math.BigInteger.addOne (0x000078e2df74bc88) [0x000078e2df74bd80, 0x000078e2df74c098] 
[1,656s][debug][gc,nmethod     ] GC(0) O: Unregister NMethod: java.util.zip.ZipFile.zipCoderFor (0x000078e2df472108) [0x000078e2df472200, 0x000078e2df472650] 
[1,656s][debug][gc,nmethod     ] GC(0) O: Unregister NMethod: java.io.BufferedInputStream.getBufIfOpen (0x000078e2febfac08) [0x000078e2febfad00, 0x000078e2febfae30] 
[1,656s][debug][gc,nmethod     ] GC(0) O: Unregister NMethod: java.util.LinkedHashMap.values (0x000078e2df820608) [0x000078e2df820700, 0x000078e2df820848] 
[1,656s][debug][gc,nmethod     ] GC(0) O: Unregister NMethod: java.math.BigInteger.implMulAdd (0x000078e2df74b608) [0x000078e2df74b700, 0x000078e2df74b920] 
[1,656s][debug][gc,nmethod     ] GC(0) O: Unregister NMethod: java.lang.Object.equals (0x000078e2df43af08) [0x000078e2df43b000, 0x000078e2df43b150] 
[1,656s][debug][gc,nmethod     ] GC(0) O: Unregister NMethod: java.util.HashMap.resize (0x000078e2df43f008) [0x000078e2df43f120, 0x000078e2df440e00] 
[1,656s][debug][gc,nmethod     ] GC(0) O: Unregister NMethod: java.util.HashMap.putVal (0x000078e2df436d08) [0x000078e2df436e00, 0x000078e2df439190] 
[1,656s][debug][gc,nmethod     ] GC(0) O: Unregister NMethod: java.lang.String.indexOf (0x000078e2df51d408) [0x000078e2df51d500, 0x000078e2df51e000] 
[1,656s][debug][gc,nmethod     ] GC(0) O: Unregister NMethod: java.io.BufferedInputStream.getBufIfOpen (0x000078e2df453488) [0x000078e2df453580, 0x000078e2df4536b8] 
[1,656s][debug][gc,nmethod     ] GC(0) O: Unregister NMethod: java.util.zip.Checksum.update (0x000078e2df5ebc08) [0x000078e2df5ebd00, 0x000078e2df5ebe78] 
[1,656s][debug][gc,nmethod     ] GC(0) O: Unregister NMethod: java.lang.StringCoding.countPositives (0x000078e2df46ff08) [0x000078e2df470000, 0x000078e2df470208] 
[1,656s][debug][gc,nmethod     ] GC(0) O: Unregister NMethod: java.util.zip.ZipFile.ensureOpen (0x000078e2df47b908) [0x000078e2df47ba00, 0x000078e2df47bcd0] 
[1,656s][debug][gc,nmethod     ] Register NMethod: java.util.Calendar.internalSet (0x000078e2dfa17108) [0x000078e2dfa17200, 0x000078e2dfa17358] Compiler: c1, Barriers: 1, Oops: 0, ImmediateOops: 0, NonImmediateOops: No
[1,656s][debug][gc,nmethod     ] GC(0) O: Unregister NMethod: java.lang.StringLatin1.replace (0x000078e2df455c88) [0x000078e2df455d80, 0x000078e2df456e20] 
[1,656s][debug][gc,nmethod     ] GC(0) O: Unregister NMethod: java.util.HashMap.newNode (0x000078e2df42bf08) [0x000078e2df42c000, 0x000078e2df42c380] 
[1,656s][debug][gc,nmethod     ] GC(0) O: Unregister NMethod: java.lang.reflect.Method.copy (0x000078e2df767708) [0x000078e2df767800, 0x000078e2df767f00] 
[1,656s][debug][gc,nmethod     ] GC(0) O: Unregister NMethod: java.util.HashMap.putIfAbsent (0x000078e2fec1b988) [0x000078e2fec1baa0, 0x000078e2fec1d288] 
[1,656s][debug][gc,nmethod     ] GC(0) O: Unregister NMethod: java.util.LinkedHashMap.newNode (0x000078e2df527808) [0x000078e2df527900, 0x000078e2df527ae8] 
[1,656s][debug][gc,nmethod     ] GC(0) O: Unregister NMethod: java.util.WeakHashMap.put (0x000078e2df537388) [0x000078e2df537480, 0x000078e2df538dc0] 
[1,656s][debug][gc,nmethod     ] GC(0) O: Unregister NMethod: java.lang.String.hashCode (0x000078e2febf3008) [0x000078e2febf3100, 0x000078e2febf32a0] 
[1,656s][debug][gc,nmethod     ] GC(0) O: Unregister NMethod: java.lang.String.startsWith (0x000078e2df40f888) [0x000078e2df40f980, 0x000078e2df410c00] 
[1,656s][debug][gc,nmethod     ] GC(0) O: Unregister NMethod: java.lang.System$1.join (0x000078e2df7d2788) [0x000078e2df7d2880, 0x000078e2df7d6ec0] 
[1,656s][debug][gc,nmethod     ] GC(0) O: Unregister NMethod: java.lang.CharacterDataLatin1.isWhitespace (0x000078e2df5c1888) [0x000078e2df5c1980, 0x000078e2df5c1d20] 
[1,656s][debug][gc,nmethod     ] GC(0) O: Unregister NMethod: java.util.regex.Pattern$Slice.match (0x000078e2df988c08) [0x000078e2df988d00, 0x000078e2df989440] 
[1,656s][debug][gc,nmethod     ] GC(0) O: Unregister NMethod: java.lang.ref.ReferenceQueue.poll (0x000078e2df419408) [0x000078e2df419500, 0x000078e2df419920] 
[1,656s][debug][gc,nmethod     ] GC(0) O: Unregister NMethod: jdk.internal.classfile.impl.EntryMap.firstToken (0x000078e2df422688) [0x000078e2df422780, 0x000078e2df422c70] 
[1,656s][debug][gc,nmethod     ] GC(0) O: Unregister NMethod: java.util.StringJoiner.add (0x000078e2fec68f08) [0x000078e2fec69000, 0x000078e2fec69668] 
[1,656s][debug][gc,nmethod     ] GC(0) O: Unregister NMethod: java.lang.String.equals (0x000078e2df405e08) [0x000078e2df405f00, 0x000078e2df4065c0] 
[1,656s][debug][gc,nmethod     ] GC(0) O: Unregister NMethod: java.lang.StringBuilder.length (0x000078e2df452308) [0x000078e2df452400, 0x000078e2df452518] 
[1,656s][debug][gc,nmethod     ] GC(0) O: Unregister NMethod: java.util.ArrayList.add (0x000078e2df46f888) [0x000078e2df46f980, 0x000078e2df46fef0] 
[1,656s][debug][gc,nmethod     ] GC(0) O: Unregister NMethod: java.util.stream.AbstractPipeline.evaluate (0x000078e2df7bf588) [0x000078e2df7bf680, 0x000078e2df7c0770] 
[1,656s][debug][gc,nmethod     ] GC(0) O: Unregister NMethod: jdk.internal.misc.Unsafe.getIntUnaligned (0x000078e2fec00608) [0x000078e2fec00700, 0x000078e2fec007c0] 
[1,656s][debug][gc,nmethod     ] GC(0) O: Unregister NMethod: jdk.internal.loader.URLClassPath$JarLoader.ensureOpen (0x000078e2df481388) [0x000078e2df481480, 0x000078e2df4816e8] 
[1,656s][debug][gc,nmethod     ] GC(0) O: Unregister NMethod: java.util.jar.JarFile.getJarEntry (0x000078e2fec49608) [0x000078e2fec49700, 0x000078e2fec4acf0] 
[1,656s][debug][gc,nmethod     ] GC(0) O: Unregister NMethod: java.lang.CharacterDataLatin1.getProperties (0x000078e2df4e7588) [0x000078e2df4e7680, 0x000078e2df4e77b0] 
[1,656s][debug][gc,nmethod     ] GC(0) O: Unregister NMethod: java.util.HashMap.putVal (0x000078e2febf7708) [0x000078e2febf7820, 0x000078e2febf91d8] 
[1,656s][debug][gc,nmethod     ] GC(0) O: Unregister NMethod: java.util.concurrent.ConcurrentHashMap.putVal (0x000078e2fec32588) [0x000078e2fec32680, 0x000078e2fec33798] 
[1,656s][debug][gc,nmethod     ] GC(0) O: Unregister NMethod: java.lang.StringBuilder.append (0x000078e2df44f308) [0x000078e2df44f400, 0x000078e2df44f548] 
[1,656s][debug][gc,nmethod     ] GC(0) O: Unregister NMethod: jdk.internal.util.StrongReferenceKey.hashCode (0x000078e2df41e408) [0x000078e2df41e500, 0x000078e2df41ea10] 
[1,656s][debug][gc,nmethod     ] GC(0) O: Unregister NMethod: java.util.zip.ZipCoder$UTF8ZipCoder.checkedHash (0x000078e2df473088) [0x000078e2df473180, 0x000078e2df4735a0] 
[1,656s][debug][gc,nmethod     ] GC(0) O: Unregister NMethod: java.lang.invoke.Invokers$Holder.linkToTargetMethod (0x000078e2df52d488) [0x000078e2df52d580, 0x000078e2df52da68] 
[1,656s][debug][gc,nmethod     ] GC(0) O: Unregister NMethod: java.util.jar.JarFile.getEntry (0x000078e2df4c3b08) [0x000078e2df4c3c00, 0x000078e2df4c4348] 
[1,656s][debug][gc,nmethod     ] GC(0) O: Unregister NMethod: jdk.internal.util.ArraysSupport.hashCodeOfUnsigned (0x000078e2df402088) [0x000078e2df402180, 0x000078e2df4023f8] 
[1,656s][debug][gc,nmethod     ] GC(0) O: Unregister NMethod: java.util.jar.JarFile.getEntry (0x000078e2df489d08) [0x000078e2df489e00, 0x000078e2df48a548] 
[1,656s][debug][gc,nmethod     ] GC(0) O: Unregister NMethod: worker.org.gradle.internal.stream.EncodedStream$EncodedInput.read (0x000078e2df455108) [0x000078e2df455200, 0x000078e2df455958] 
[1,656s][debug][gc,nmethod     ] GC(0) O: Unregister NMethod: java.util.HashMap.putIfAbsent (0x000078e2df43e608) [0x000078e2df43e700, 0x000078e2df43ece8] 
[1,656s][debug][gc,nmethod     ] GC(0) O: Unregister NMethod: java.lang.StringLatin1.indexOf (0x000078e2df411308) [0x000078e2df411400, 0x000078e2df411888] 
[1,656s][debug][gc,nmethod     ] GC(0) O: Unregister NMethod: java.lang.String.startsWith (0x000078e2fec4ed08) [0x000078e2fec4ee00, 0x000078e2fec4f0f8] 
[1,656s][debug][gc,nmethod     ] GC(0) O: Unregister NMethod: sun.nio.fs.UnixPath.checkNotNul (0x000078e2df470888) [0x000078e2df470980, 0x000078e2df470b20] 
[1,656s][debug][gc,nmethod     ] GC(0) O: Unregister NMethod: junit.framework.TestSuite.addTestMethod (0x000078e2df837708) [0x000078e2df837800, 0x000078e2df83a9b8] 
[1,656s][debug][gc,nmethod     ] GC(0) O: Unregister NMethod: java.util.ArrayList$ArrayListSpliterator.tryAdvance (0x000078e2df866608) [0x000078e2df866700, 0x000078e2df866de8] 
[1,656s][debug][gc,nmethod     ] Register NMethod: java.lang.String.regionMatches (0x000078e2dfa17408) [0x000078e2dfa17500, 0x000078e2dfa188f8] Compiler: c1, Barriers: 2, Oops: 0, ImmediateOops: 0, NonImmediateOops: No
[1,656s][debug][gc,nmethod     ] GC(0) O: Unregister NMethod: java.lang.Character.codePointAt (0x000078e2df989788) [0x000078e2df989880, 0x000078e2df98a250] 
[1,656s][debug][gc,nmethod     ] GC(0) O: Unregister NMethod: java.util.stream.ReferencePipeline$2$1.accept (0x000078e2df428488) [0x000078e2df428580, 0x000078e2df428b40] 
[1,656s][debug][gc,nmethod     ] GC(0) O: Unregister NMethod: java.lang.StringBuilder.toString (0x000078e2df478808) [0x000078e2df478900, 0x000078e2df478d38] 
[1,656s][debug][gc,nmethod     ] GC(0) O: Unregister NMethod: jdk.internal.classfile.impl.BufWriterImpl.patchInt (0x000078e2df600708) [0x000078e2df600800, 0x000078e2df6009e0] 
[1,656s][debug][gc,nmethod     ] GC(0) O: Unregister NMethod: java.lang.invoke.MemberName.getReferenceKind (0x000078e2df47f488) [0x000078e2df47f580, 0x000078e2df47f690] 
[1,656s][debug][gc,nmethod     ] GC(0) O: Unregister NMethod: jdk.internal.loader.URLClassPath$JarLoader.getResource (0x000078e2df488c08) [0x000078e2df488d00, 0x000078e2df4892d0] 
[1,656s][debug][gc,nmethod     ] GC(0) O: Unregister NMethod: java.util.HashMap.resize (0x000078e2febf6088) [0x000078e2febf61a0, 0x000078e2febf6cf0] 
[1,656s][debug][gc,nmethod     ] GC(0) O: Unregister NMethod: java.util.ArrayList$Itr.hasNext (0x000078e2fec81a08) [0x000078e2fec81b00, 0x000078e2fec81be8] 
[1,656s][debug][gc,nmethod     ] GC(0) O: Unregister NMethod: java.util.zip.ZipUtils.get16 (0x000078e2df450988) [0x000078e2df450a80, 0x000078e2df450e80] 
[1,656s][debug][gc,nmethod     ] GC(0) O: Unregister NMethod: jdk.internal.loader.URLClassPath.getLoader (0x000078e2df48a588) [0x000078e2df48a680, 0x000078e2df48c548] 
[1,656s][debug][gc,nmethod     ] GC(0) O: Unregister NMethod: java.lang.invoke.MethodType.parameterCount (0x000078e2df424a08) [0x000078e2df424b00, 0x000078e2df424c38] 
[1,656s][debug][gc,nmethod     ] GC(0) O: Unregister NMethod: sun.reflect.generics.parser.SignatureParser.advance (0x000078e2df5c2208) [0x000078e2df5c2300, 0x000078e2df5c2918] 
[1,656s][debug][gc,nmethod     ] GC(0) O: Unregister NMethod: sun.util.locale.LocaleUtils.toLower (0x000078e2df63a108) [0x000078e2df63a200, 0x000078e2df63a400] 
[1,656s][debug][gc,nmethod     ] GC(0) O: Unregister NMethod: java.util.jar.JarFile.getEntry (0x000078e2fec42888) [0x000078e2fec42980, 0x000078e2fec43dc0] 
[1,656s][debug][gc,nmethod     ] GC(0) O: Unregister NMethod: jdk.internal.classfile.impl.SplitConstantPool.entryByIndex (0x000078e2df420488) [0x000078e2df420580, 0x000078e2df422630] 
[1,656s][debug][gc,nmethod     ] GC(0) O: Unregister NMethod: java.util.Arrays.copyOfRange (0x000078e2df440e08) [0x000078e2df440f00, 0x000078e2df4421d0] 
[1,656s][debug][gc,nmethod     ] GC(0) O: Unregister NMethod: java.util.zip.ZipUtils.get32 (0x000078e2df458708) [0x000078e2df458800, 0x000078e2df458c08] 
[1,656s][debug][gc,nmethod     ] GC(0) O: Unregister NMethod: java.lang.AbstractStringBuilder.append (0x000078e2df44f608) [0x000078e2df44f700, 0x000078e2df450350] 
[1,656s][debug][gc,nmethod     ] GC(0) O: Unregister NMethod: jdk.internal.classfile.impl.SplitConstantPool.internalAdd (0x000078e2df426d88) [0x000078e2df426e80, 0x000078e2df427c68] 
[1,656s][debug][gc,nmethod     ] GC(0) O: Unregister NMethod: jdk.internal.classfile.impl.BufWriterImpl.reserveSpace (0x000078e2df41a108) [0x000078e2df41a200, 0x000078e2df41a518] 
[1,656s][debug][gc,nmethod     ] GC(0) O: Unregister NMethod: jdk.internal.loader.Resource.cachedInputStream (0x000078e2df50e388) [0x000078e2df50e480, 0x000078e2df50eaf8] 
[1,657s][debug][gc,nmethod     ] GC(0) O: Unregister NMethod: java.lang.StringLatin1.lastIndexOf (0x000078e2df412308) [0x000078e2df412400, 0x000078e2df4127c8] 
[1,657s][debug][gc,nmethod     ] GC(0) O: Unregister NMethod: java.util.zip.ZipFile$CleanableResource.getInflater (0x000078e2df54d388) [0x000078e2df54d480, 0x000078e2df54dbb0] 
[1,657s][debug][gc,nmethod     ] GC(0) O: Unregister NMethod: java.util.LinkedHashMap.afterNodeInsertion (0x000078e2df528708) [0x000078e2df528800, 0x000078e2df528a08] 
[1,657s][debug][gc,nmethod     ] GC(0) O: Unregister NMethod: java.lang.StringUTF16.getChar (0x000078e2df680808) [0x000078e2df680900, 0x000078e2df680a60] 
[1,657s][debug][gc,nmethod     ] GC(0) O: Unregister NMethod: java.io.BufferedInputStream.getBufIfOpen (0x000078e2df453788) [0x000078e2df453880, 0x000078e2df453c98] 
[1,657s][debug][gc,nmethod     ] GC(0) O: Unregister NMethod: java.lang.invoke.LambdaForm$Holder.constant_L (0x000078e2df52d008) [0x000078e2df52d100, 0x000078e2df52d420] 
[1,657s][debug][gc,nmethod     ] GC(0) O: Unregister NMethod: java.lang.Integer.hashCode (0x000078e2df52ee08) [0x000078e2df52ef00, 0x000078e2df52f058] 
[1,657s][debug][gc,nmethod     ] GC(0) O: Unregister NMethod: java.util.concurrent.ConcurrentHashMap.casTabAt (0x000078e2df444d08) [0x000078e2df444e00, 0x000078e2df444f70] 
[1,657s][debug][gc,nmethod     ] GC(0) O: Unregister NMethod: java.util.stream.ReduceOps$3ReducingSink.accept (0x000078e2df776188) [0x000078e2df776280, 0x000078e2df7765f8] 
[1,657s][debug][gc,nmethod     ] GC(0) O: Unregister NMethod: sun.reflect.annotation.AnnotationInvocationHandler.invoke (0x000078e2df7f6b08) [0x000078e2df7f6c00, 0x000078e2df7f8e90] 
[1,657s][debug][gc,nmethod     ] GC(0) O: Unregister NMethod: java.util.zip.ZipFile$Source.isMetaName (0x000078e2fec11408) [0x000078e2fec11500, 0x000078e2fec11830] 
[1,657s][debug][gc,nmethod     ] GC(0) O: Unregister NMethod: java.util.stream.MatchOps$1MatchSink.accept (0x000078e2df865608) [0x000078e2df865700, 0x000078e2df865af0] 
[1,657s][debug][gc,nmethod     ] GC(0) O: Unregister NMethod: java.util.HashMap.afterNodeInsertion (0x000078e2df42b808) [0x000078e2df42b900, 0x000078e2df42ba00] 
[1,657s][debug][gc,nmethod     ] GC(0) O: Unregister NMethod: java.lang.ref.Reference.reachabilityFence (0x000078e2df478508) [0x000078e2df478600, 0x000078e2df4786e0] 
[1,657s][debug][gc,nmethod     ] GC(0) O: Unregister NMethod: sun.net.www.ParseUtil.firstEncodeIndex (0x000078e2df412808) [0x000078e2df412900, 0x000078e2df4137d8] 
[1,657s][debug][gc,nmethod     ] GC(0) O: Unregister NMethod: java.util.zip.CRC32.<init> (0x000078e2df5e8a88) [0x000078e2df5e8b80, 0x000078e2df5e8cd8] 
[1,657s][debug][gc,nmethod     ] Register NMethod: org.gradle.internal.io.StreamByteBuffer.access$000 (0x000078e2fec97c08) [0x000078e2fec97d00, 0x000078e2fec97dd0] Compiler: c1, Barriers: 1, Oops: 1, ImmediateOops: 0, NonImmediateOops: No
[1,657s][debug][gc,nmethod     ] GC(0) O: Unregister NMethod: java.lang.StringLatin1.indexOfChar (0x000078e2df40ee08) [0x000078e2df40ef00, 0x000078e2df40f100] 
[1,657s][debug][gc,nmethod     ] GC(0) O: Unregister NMethod: jdk.internal.util.ArraysSupport.vectorizedHashCode (0x000078e2fec10388) [0x000078e2fec104a0, 0x000078e2fec10758] 
[1,657s][debug][gc,nmethod     ] GC(0) O: Unregister NMethod: java.util.BitSet.set (0x000078e2df52dd88) [0x000078e2df52de80, 0x000078e2df52edc8] 
[1,657s][debug][gc,nmethod     ] GC(0) O: Unregister NMethod: java.util.ArrayList$Itr.next (0x000078e2fec83688) [0x000078e2fec83780, 0x000078e2fec83960] 
[1,657s][debug][gc,nmethod     ] GC(0) O: Unregister NMethod: java.lang.StringLatin1.getBytes (0x000078e2df465608) [0x000078e2df465700, 0x000078e2df465898] 
[1,657s][debug][gc,nmethod     ] GC(0) O: Unregister NMethod: java.util.stream.ReduceOps$3ReducingSink.accept (0x000078e2fec69c88) [0x000078e2fec69d80, 0x000078e2fec6ab58] 
[1,657s][debug][gc,nmethod     ] GC(0) O: Unregister NMethod: java.lang.AbstractStringBuilder.<init> (0x000078e2df822908) [0x000078e2df822a00, 0x000078e2df823860] 
[1,657s][debug][gc,nmethod     ] GC(0) O: Unregister NMethod: java.util.stream.Sink.end (0x000078e2df7cf588) [0x000078e2df7cf680, 0x000078e2df7cf780] 
[1,657s][debug][gc,nmethod     ] GC(0) O: Unregister NMethod: java.lang.String.isLatin1 (0x000078e2febed008) [0x000078e2febed100, 0x000078e2febed1c0] 
[1,657s][debug][gc,nmethod     ] GC(0) O: Unregister NMethod: java.lang.Record.<init> (0x000078e2df456e88) [0x000078e2df456f80, 0x000078e2df4570d8] 
[1,657s][debug][gc,nmethod     ] GC(0) O: Unregister NMethod: java.util.ArrayList$Itr.<init> (0x000078e2df5c4788) [0x000078e2df5c4880, 0x000078e2df5c4bb0] 
[1,657s][debug][gc,nmethod     ] GC(0) O: Unregister NMethod: java.util.concurrent.ConcurrentHashMap.get (0x000078e2fec35188) [0x000078e2fec35280, 0x000078e2fec35db8] 
[1,657s][debug][gc,nmethod     ] GC(0) O: Unregister NMethod: java.util.ImmutableCollections$SetN$SetNIterator.hasNext (0x000078e2df406608) [0x000078e2df406700, 0x000078e2df406850] 
[1,657s][debug][gc,nmethod     ] GC(0) O: Unregister NMethod: jdk.internal.loader.URLClassPath$JarLoader.findResource (0x000078e2df68c408) [0x000078e2df68c500, 0x000078e2df68c708] 
[1,657s][debug][gc,nmethod     ] GC(0) O: Unregister NMethod: java.util.zip.ZipFile$CleanableResource.releaseInflater (0x000078e2df552388) [0x000078e2df552480, 0x000078e2df5529d8] 
[1,657s][debug][gc,nmethod     ] GC(0) O: Unregister NMethod: jdk.internal.classfile.impl.AbstractPoolEntry$Utf8EntryImpl.<init> (0x000078e2df460608) [0x000078e2df460700, 0x000078e2df460f68] 
[1,657s][debug][gc,nmethod     ] Register NMethod: org.gradle.internal.io.StreamByteBuffer$StreamByteBufferChunk.spaceLeft (0x000078e2dfa18908) [0x000078e2dfa18a00, 0x000078e2dfa18b08] Compiler: c1, Barriers: 0, Oops: 1, ImmediateOops: 0, NonImmediateOops: No
[1,657s][debug][gc,nmethod     ] GC(0) O: Unregister NMethod: java.lang.AbstractStringBuilder.append (0x000078e2df490b88) [0x000078e2df490c80, 0x000078e2df491138] 
[1,657s][debug][gc,nmethod     ] GC(0) O: Unregister NMethod: java.util.ImmutableCollections$SetN$SetNIterator.next (0x000078e2df414808) [0x000078e2df414900, 0x000078e2df414c78] 
[1,657s][debug][gc,nmethod     ] Register NMethod: org.gradle.internal.io.StreamByteBuffer$StreamByteBufferOutputStream.write (0x000078e2dfa18c08) [0x000078e2dfa18d00, 0x000078e2dfa18f70] Compiler: c1, Barriers: 3, Oops: 1, ImmediateOops: 0, NonImmediateOops: No
[1,657s][debug][gc,nmethod     ] GC(0) O: Unregister NMethod: java.util.HashMap.put (0x000078e2df42c388) [0x000078e2df42c480, 0x000078e2df42ca68] 
[1,657s][debug][gc,nmethod     ] GC(0) O: Unregister NMethod: java.util.StringJoiner.<init> (0x000078e2df7be708) [0x000078e2df7be800, 0x000078e2df7bf500] 
[1,657s][debug][gc,nmethod     ] GC(0) O: Unregister NMethod: jdk.internal.classfile.impl.SplitConstantPool.map (0x000078e2df41a588) [0x000078e2df41a6a0, 0x000078e2df41bda0] 
[1,657s][debug][gc,nmethod     ] GC(0) O: Unregister NMethod: java.lang.String.toString (0x000078e2df4e8f88) [0x000078e2df4e9080, 0x000078e2df4e9180] 
[1,657s][debug][gc,nmethod     ] GC(0) O: Unregister NMethod: jdk.internal.util.ArraysSupport.unsignedHashCode (0x000078e2df400008) [0x000078e2df400100, 0x000078e2df400310] 
[1,657s][debug][gc,nmethod     ] GC(0) O: Unregister NMethod: java.nio.DirectLongBufferU.ix (0x000078e2df488908) [0x000078e2df488a00, 0x000078e2df488b10] 
[1,657s][debug][gc,nmethod     ] GC(0) O: Unregister NMethod: java.util.jar.JarFile.checkForSpecialAttributes (0x000078e2df482908) [0x000078e2df482a00, 0x000078e2df483f68] 
[1,657s][debug][gc,nmethod     ] GC(0) O: Unregister NMethod: java.util.concurrent.ConcurrentHashMap.putIfAbsent (0x000078e2df418388) [0x000078e2df418480, 0x000078e2df418780] 
[1,657s][debug][gc,nmethod     ] GC(0) O: Unregister NMethod: java.util.Spliterators$ArraySpliterator.forEachRemaining (0x000078e2df7dad88) [0x000078e2df7dae80, 0x000078e2df7db450] 
[1,657s][debug][gc,nmethod     ] GC(0) O: Unregister NMethod: java.util.stream.Collectors$$Lambda/0x00000000920e07a8.accept (0x000078e2df7c2c08) [0x000078e2df7c2d00, 0x000078e2df7c3428] 
[1,657s][debug][gc,nmethod     ] Register NMethod: org.gradle.internal.io.StreamByteBuffer$StreamByteBufferChunk.write (0x000078e2dfa18f88) [0x000078e2dfa19080, 0x000078e2dfa19248] Compiler: c1, Barriers: 1, Oops: 1, ImmediateOops: 0, NonImmediateOops: No
[1,657s][debug][gc,nmethod     ] GC(0) O: Unregister NMethod: java.lang.String.substring (0x000078e2df442688) [0x000078e2df442780, 0x000078e2df4432a0] 
[1,657s][debug][gc,nmethod     ] GC(0) O: Unregister NMethod: java.lang.String.startsWith (0x000078e2df8d4e88) [0x000078e2df8d4f80, 0x000078e2df8d61a0] 
[1,657s][debug][gc,nmethod     ] GC(0) O: Unregister NMethod: java.lang.String.hashCode (0x000078e2df41f708) [0x000078e2df41f800, 0x000078e2df41fda8] 
[1,657s][debug][gc,nmethod     ] GC(0) O: Unregister NMethod: java.lang.Math.max (0x000078e2df44b788) [0x000078e2df44b880, 0x000078e2df44b9a8] 
[1,657s][debug][gc,nmethod     ] Register NMethod: org.gradle.internal.io.LineBufferingOutputStream.endsWithLineSeparator (0x000078e2dfa19288) [0x000078e2dfa19380, 0x000078e2dfa19508] Compiler: c1, Barriers: 0, Oops: 1, ImmediateOops: 0, NonImmediateOops: No
[1,657s][debug][gc,nmethod     ] GC(0) O: Unregister NMethod: jdk.internal.classfile.impl.EntryMap.put (0x000078e2df427c88) [0x000078e2df427d80, 0x000078e2df428450] 
[1,657s][debug][gc,nmethod     ] Register NMethod: org.gradle.internal.io.StreamByteBuffer.allocateSpace (0x000078e2dfa19588) [0x000078e2dfa19680, 0x000078e2dfa19e58] Compiler: c1, Barriers: 9, Oops: 1, ImmediateOops: 0, NonImmediateOops: No
[1,657s][debug][gc,nmethod     ] GC(0) O: Unregister NMethod: java.util.zip.ZipFile$Source.getEntryPos (0x000078e2df483f88) [0x000078e2df484080, 0x000078e2df485d28] 
[1,657s][debug][gc,nmethod     ] GC(0) O: Unregister NMethod: jdk.internal.loader.Resource.getByteBuffer (0x000078e2df5e8d88) [0x000078e2df5e8e80, 0x000078e2df5e9bf8] 
[1,657s][debug][gc,nmethod     ] GC(0) O: Unregister NMethod: jdk.internal.classfile.impl.SplitConstantPool.tryFindUtf8 (0x000078e2df45de88) [0x000078e2df45df80, 0x000078e2df45f7b8] 
[1,657s][debug][gc,nmethod     ] GC(0) O: Unregister NMethod: java.util.concurrent.ConcurrentHashMap.tabAt (0x000078e2df413e08) [0x000078e2df413f00, 0x000078e2df414448] 
[1,657s][debug][gc,nmethod     ] GC(0) O: Unregister NMethod: java.util.Optional.empty (0x000078e2df447008) [0x000078e2df447100, 0x000078e2df4471e8] 
[1,657s][debug][gc,nmethod     ] GC(0) O: Unregister NMethod: java.lang.String.indexOf (0x000078e2df40f108) [0x000078e2df40f200, 0x000078e2df40f828] 
[1,657s][debug][gc,nmethod     ] GC(0) O: Unregister NMethod: java.util.ImmutableCollections$SetN.probe (0x000078e2df401088) [0x000078e2df401180, 0x000078e2df4019a8] 
[1,657s][debug][gc,nmethod     ] GC(0) O: Unregister NMethod: java.lang.String.startsWith (0x000078e2fec42408) [0x000078e2fec42500, 0x000078e2fec42818] 
[1,657s][debug][gc,nmethod     ] GC(0) O: Unregister NMethod: org.junit.platform.commons.util.ReflectionUtils.hasCompatibleSignature (0x000078e2df868788) [0x000078e2df868880, 0x000078e2df86a250] 
[1,657s][debug][gc,nmethod     ] GC(0) O: Unregister NMethod: java.util.stream.AbstractPipeline.evaluate (0x000078e2fec83988) [0x000078e2fec83a80, 0x000078e2fec84dc8] 
[1,657s][debug][gc,nmethod     ] Register NMethod: java.util.concurrent.locks.ReentrantLock.unlock (0x000078e2dfa19e88) [0x000078e2dfa19f80, 0x000078e2dfa1a598] Compiler: c1, Barriers: 2, Oops: 0, ImmediateOops: 0, NonImmediateOops: No
[1,657s][debug][gc,nmethod     ] GC(0) O: Unregister NMethod: sun.util.locale.BaseLocale.hashCode (0x000078e2df63ae08) [0x000078e2df63af00, 0x000078e2df63ed88] 
[1,657s][debug][gc,phases      ] GC(0) O: Concurrent Classes Unlink 4,235ms
[1,658s][debug][gc,phases,start] GC(0) O: Concurrent Classes Purge
[1,658s][debug][gc,nmethod     ] GC(0) O: Purge NMethod: java.lang.Class.cast (0x000078e2df567608) [0x000078e2df567700, 0x000078e2df567b58] 
[1,658s][debug][gc,nmethod     ] GC(0) O: Purge NMethod: java.util.regex.Pattern$Slice.match (0x000078e2fec7e308) [0x000078e2fec7e400, 0x000078e2fec7e6d8] 
[1,658s][debug][gc,nmethod     ] GC(0) O: Purge NMethod: java.util.stream.AbstractPipeline.evaluate (0x000078e2fec89a08) [0x000078e2fec89b00, 0x000078e2fec8abb8] 
[1,658s][debug][gc,nmethod     ] GC(0) O: Purge NMethod: java.lang.invoke.DirectMethodHandle$Holder.newInvokeSpecial (0x000078e2df763688) [0x000078e2df763780, 0x000078e2df763ff8] 
[1,658s][debug][gc,nmethod     ] GC(0) O: Purge NMethod: java.util.stream.ReferencePipeline$3$1.accept (0x000078e2fec6ae88) [0x000078e2fec6af80, 0x000078e2fec6bc60] 
[1,658s][debug][gc,nmethod     ] GC(0) O: Purge NMethod: java.util.Objects.requireNonNull (0x000078e2df422c88) [0x000078e2df422d80, 0x000078e2df422f58] 
[1,658s][debug][gc,nmethod     ] GC(0) O: Purge NMethod: java.util.Objects.equals (0x000078e2df406908) [0x000078e2df406a00, 0x000078e2df406d88] 
[1,658s][debug][gc,nmethod     ] GC(0) O: Purge NMethod: java.lang.String.isLatin1 (0x000078e2df40c008) [0x000078e2df40c100, 0x000078e2df40c260] 
[1,658s][debug][gc,nmethod     ] GC(0) O: Purge NMethod: java.net.URLClassLoader.findClass (0x000078e2df60d288) [0x000078e2df60d380, 0x000078e2df60ffa0] 
[1,658s][debug][gc,nmethod     ] GC(0) O: Purge NMethod: org.junit.platform.commons.util.ReflectionUtils$$Lambda/0x000000009217d518.compare (0x000078e2df768208) [0x000078e2df768300, 0x000078e2df768840] 
[1,658s][debug][gc,nmethod     ] GC(0) O: Purge NMethod: java.util.zip.ZipCoder.hash (0x000078e2df487288) [0x000078e2df487380, 0x000078e2df4881b8] 
[1,658s][debug][gc,nmethod     ] GC(0) O: Purge NMethod: java.lang.String.<init> (0x000078e2df834d08) [0x000078e2df834e00, 0x000078e2df8359c0] 
[1,658s][debug][gc,nmethod     ] GC(0) O: Purge NMethod: java.lang.String.hashCode (0x000078e2df400988) [0x000078e2df400a80, 0x000078e2df401028] 
[1,658s][debug][gc,nmethod     ] GC(0) O: Purge NMethod: java.util.stream.ReduceOps$ReduceOp.evaluateSequential (0x000078e2df7dde08) [0x000078e2df7ddf00, 0x000078e2df7de728] 
[1,658s][debug][gc,nmethod     ] GC(0) O: Purge NMethod: org.junit.platform.commons.util.ReflectionUtils.defaultMethodSorter (0x000078e2df768888) [0x000078e2df768980, 0x000078e2df769b98] 
[1,658s][debug][gc,nmethod     ] GC(0) O: Purge NMethod: java.lang.AbstractStringBuilder.isLatin1 (0x000078e2df477e08) [0x000078e2df477f00, 0x000078e2df4780c0] 
[1,658s][debug][gc,nmethod     ] GC(0) O: Purge NMethod: java.util.zip.ZipFile$Source.isMetaName (0x000078e2df525788) [0x000078e2df525880, 0x000078e2df525ce0] 
[1,658s][debug][gc,nmethod     ] GC(0) O: Purge NMethod: java.lang.String.<init> (0x000078e2df4e3488) [0x000078e2df4e3580, 0x000078e2df4e7558] 
[1,658s][debug][gc,nmethod     ] GC(0) O: Purge NMethod: jdk.internal.misc.Unsafe.getShortUnaligned (0x000078e2df451788) [0x000078e2df451880, 0x000078e2df451aa8] 
[1,658s][debug][gc,nmethod     ] GC(0) O: Purge NMethod: java.lang.String.charAt (0x000078e2febe8088) [0x000078e2febe8180, 0x000078e2febe82b0] 
[1,658s][debug][gc,nmethod     ] GC(0) O: Purge NMethod: java.util.LinkedHashMap$LinkedHashIterator.hasNext (0x000078e2df765008) [0x000078e2df765100, 0x000078e2df765280] 
[1,658s][debug][gc,nmethod     ] GC(0) O: Purge NMethod: java.util.WeakHashMap.remove (0x000078e2df4da008) [0x000078e2df4da100, 0x000078e2df4db510] 
[1,658s][debug][gc,nmethod     ] GC(0) O: Purge NMethod: java.util.Arrays.copyOf (0x000078e2df474908) [0x000078e2df474a00, 0x000078e2df474dc8] 
[1,658s][debug][gc,nmethod     ] GC(0) O: Purge NMethod: java.lang.String.charAt (0x000078e2df40e108) [0x000078e2df40e200, 0x000078e2df40e790] 
[1,658s][debug][gc,nmethod     ] GC(0) O: Purge NMethod: java.util.HashMap.get (0x000078e2df431788) [0x000078e2df431880, 0x000078e2df431c18] 
[1,658s][debug][gc,nmethod     ] GC(0) O: Purge NMethod: java.util.ImmutableCollections$SetN.isEmpty (0x000078e2df429508) [0x000078e2df429600, 0x000078e2df429750] 
[1,658s][debug][gc,nmethod     ] GC(0) O: Purge NMethod: jdk.internal.classfile.impl.RawBytecodeHelper.next (0x000078e2df44cf88) [0x000078e2df44d080, 0x000078e2df44d7f8] 
[1,658s][debug][gc,nmethod     ] GC(0) O: Purge NMethod: java.lang.String.length (0x000078e2df40c308) [0x000078e2df40c400, 0x000078e2df40c780] 
[1,658s][debug][gc,nmethod     ] GC(0) O: Purge NMethod: java.util.StringJoiner.add (0x000078e2df7c0b88) [0x000078e2df7c0c80, 0x000078e2df7c2438] 
[1,658s][debug][gc,nmethod     ] GC(0) O: Purge NMethod: java.util.regex.Pattern$BmpCharPropertyGreedy.match (0x000078e2df636588) [0x000078e2df636680, 0x000078e2df636ff0] 
[1,658s][debug][gc,nmethod     ] GC(0) O: Purge NMethod: worker.org.gradle.internal.stream.EncodedStream$EncodedInput.hexToByte (0x000078e2df453d08) [0x000078e2df453e00, 0x000078e2df454548] 
[1,658s][debug][gc,nmethod     ] GC(0) O: Purge NMethod: java.lang.Integer.rotateLeft (0x000078e2df57fd88) [0x000078e2df57fe80, 0x000078e2df57ff70] 
[1,658s][debug][gc,nmethod     ] GC(0) O: Purge NMethod: java.lang.Class.getName (0x000078e2df454b08) [0x000078e2df454c00, 0x000078e2df454db0] 
[1,658s][debug][gc,nmethod     ] GC(0) O: Purge NMethod: jdk.internal.classfile.impl.AbstractPoolEntry$Utf8EntryImpl.writeTo (0x000078e2df460f88) [0x000078e2df461080, 0x000078e2df461890] 
[1,658s][debug][gc,nmethod     ] GC(0) O: Purge NMethod: jdk.internal.misc.Unsafe.allocateUninitializedArray (0x000078e2df425408) [0x000078e2df425500, 0x000078e2df425ac8] 
[1,658s][debug][gc,nmethod     ] GC(0) O: Purge NMethod: jdk.internal.jimage.ImageStringsReader.unmaskedHashCode (0x000078e2df51bd88) [0x000078e2df51be80, 0x000078e2df51d080] 
[1,658s][debug][gc,nmethod     ] GC(0) O: Purge NMethod: java.util.LinkedHashMap.get (0x000078e2df4e1388) [0x000078e2df4e1480, 0x000078e2df4e1898] 
[1,658s][debug][gc,nmethod     ] GC(0) O: Purge NMethod: java.lang.StringBuilder.<init> (0x000078e2df47a308) [0x000078e2df47a400, 0x000078e2df47a538] 
[1,658s][debug][gc,nmethod     ] GC(0) O: Purge NMethod: java.util.regex.Pattern$BmpCharPropertyGreedy.match (0x000078e2fec2c288) [0x000078e2fec2c380, 0x000078e2fec2c750] 
[1,658s][debug][gc,nmethod     ] GC(0) O: Purge NMethod: java.lang.String.charAt (0x000078e2df681408) [0x000078e2df681500, 0x000078e2df681c38] 
[1,658s][debug][gc,nmethod     ] GC(0) O: Purge NMethod: java.util.zip.ZipFile$Source.checkAndAddEntry (0x000078e2df475988) [0x000078e2df475a80, 0x000078e2df477d80] 
[1,658s][debug][gc,nmethod     ] GC(0) O: Purge NMethod: jdk.internal.classfile.impl.BufWriterImpl.writeU1U2 (0x000078e2df4e9288) [0x000078e2df4e9380, 0x000078e2df4e9818] 
[1,658s][debug][gc,nmethod     ] GC(0) O: Purge NMethod: java.math.BigInteger.mulAdd (0x000078e2df74b988) [0x000078e2df74ba80, 0x000078e2df74bc10] 
[1,658s][debug][gc,nmethod     ] GC(0) O: Purge NMethod: java.lang.String.getBytes (0x000078e2df466808) [0x000078e2df466900, 0x000078e2df467688] 
[1,658s][debug][gc,nmethod     ] GC(0) O: Purge NMethod: java.lang.Object.<init> (0x000078e2df400388) [0x000078e2df400480, 0x000078e2df400580] 
[1,658s][debug][gc,nmethod     ] GC(0) O: Purge NMethod: java.util.jar.JarFile.checkForSpecialAttributes (0x000078e2fec38e08) [0x000078e2fec38f00, 0x000078e2fec39858] 
[1,658s][debug][gc,nmethod     ] GC(0) O: Purge NMethod: java.lang.CharacterData.of (0x000078e2df4e7888) [0x000078e2df4e7980, 0x000078e2df4e80c0] 
[1,658s][debug][gc,nmethod     ] GC(0) O: Purge NMethod: java.lang.Character.codePointBefore (0x000078e2df98a288) [0x000078e2df98a380, 0x000078e2df98ab48] 
[1,658s][debug][gc,nmethod     ] GC(0) O: Purge NMethod: java.math.BigInteger.implMulAddCheck (0x000078e2df74c108) [0x000078e2df74c200, 0x000078e2df750190] 
[1,658s][debug][gc,nmethod     ] GC(0) O: Purge NMethod: java.util.zip.ZipUtils.CENSIZ (0x000078e2df470b88) [0x000078e2df470c80, 0x000078e2df470d90] 
[1,658s][debug][gc,nmethod     ] GC(0) O: Purge NMethod: java.util.regex.Pattern$Slice.match (0x000078e2df9c2108) [0x000078e2df9c2200, 0x000078e2df9c2940] 
[1,658s][debug][gc,nmethod     ] GC(0) O: Purge NMethod: java.lang.String.getBytes (0x000078e2df418d88) [0x000078e2df418e80, 0x000078e2df419388] 
[1,658s][debug][gc,nmethod     ] GC(0) O: Purge NMethod: java.lang.StringBuilder.append (0x000078e2df490588) [0x000078e2df490680, 0x000078e2df4907c8] 
[1,658s][debug][gc,nmethod     ] GC(0) O: Purge NMethod: java.util.HashSet.add (0x000078e2df42f388) [0x000078e2df42f480, 0x000078e2df42f660] 
[1,658s][debug][gc,nmethod     ] GC(0) O: Purge NMethod: java.util.BitSet.checkInvariants (0x000078e2df529408) [0x000078e2df529500, 0x000078e2df529630] 
[1,658s][debug][gc,nmethod     ] GC(0) O: Purge NMethod: jdk.internal.classfile.impl.BufWriterImpl.cpIndex (0x000078e2df462508) [0x000078e2df462600, 0x000078e2df4645f8] 
[1,658s][debug][gc,nmethod     ] GC(0) O: Purge NMethod: java.util.HashMap.hash (0x000078e2df426908) [0x000078e2df426a00, 0x000078e2df426d38] 
[1,658s][debug][gc,nmethod     ] GC(0) O: Purge NMethod: java.lang.Class.isArray (0x000078e2df41ed88) [0x000078e2df41ee80, 0x000078e2df41f000] 
[1,658s][debug][gc,nmethod     ] GC(0) O: Purge NMethod: java.lang.reflect.Method.<init> (0x000078e2df766a88) [0x000078e2df766b80, 0x000078e2df7671f0] 
[1,658s][debug][gc,nmethod     ] GC(0) O: Purge NMethod: java.util.zip.ZipFile$Source.isMetaName (0x000078e2df473608) [0x000078e2df473700, 0x000078e2df473b60] 
[1,658s][debug][gc,nmethod     ] GC(0) O: Purge NMethod: java.util.LinkedHashMap$LinkedValues.toArray (0x000078e2df83e908) [0x000078e2df83ea00, 0x000078e2df83ef38] 
[1,658s][debug][gc,nmethod     ] GC(0) O: Purge NMethod: java.util.stream.Sink$ChainedReference.end (0x000078e2df7ce408) [0x000078e2df7ce500, 0x000078e2df7ce840] 
[1,658s][debug][gc,nmethod     ] GC(0) O: Purge NMethod: java.util.HashMap.put (0x000078e2fec30008) [0x000078e2fec30120, 0x000078e2fec31930] 
[1,658s][debug][gc,nmethod     ] GC(0) O: Purge NMethod: jdk.internal.misc.Unsafe.putReferenceRelease (0x000078e2df46e208) [0x000078e2df46e300, 0x000078e2df46e478] 
[1,658s][debug][gc,nmethod     ] GC(0) O: Purge NMethod: java.util.zip.ZipFile$Source.nextEntryPos (0x000078e2df472c88) [0x000078e2df472d80, 0x000078e2df473038] 
[1,658s][debug][gc,nmethod     ] GC(0) O: Purge NMethod: java.util.concurrent.ConcurrentHashMap.addCount (0x000078e2df414c88) [0x000078e2df414d80, 0x000078e2df415a20] 
[1,658s][debug][gc,nmethod     ] GC(0) O: Purge NMethod: java.util.ArrayList$Itr.next (0x000078e2df57f688) [0x000078e2df57f780, 0x000078e2df57fd70] 
[1,658s][debug][gc,nmethod     ] GC(0) O: Purge NMethod: java.lang.AbstractStringBuilder.<init> (0x000078e2df478108) [0x000078e2df478200, 0x000078e2df478488] 
[1,658s][debug][gc,nmethod     ] GC(0) O: Purge NMethod: org.junit.platform.commons.util.Preconditions.notNull (0x000078e2df81e588) [0x000078e2df81e680, 0x000078e2df81e910] 
[1,658s][debug][gc,nmethod     ] GC(0) O: Purge NMethod: java.lang.String.<init> (0x000078e2df418788) [0x000078e2df418880, 0x000078e2df418a58] 
[1,658s][debug][gc,nmethod     ] GC(0) O: Purge NMethod: java.util.jar.JarFile.getJarEntry (0x000078e2df489308) [0x000078e2df489400, 0x000078e2df489ca8] 
[1,658s][debug][gc,nmethod     ] GC(0) O: Purge NMethod: java.util.jar.JarFile.checkForSpecialAttributes (0x000078e2df4c6b88) [0x000078e2df4c6c80, 0x000078e2df4c8260] 
[1,658s][debug][gc,nmethod     ] GC(0) O: Purge NMethod: java.util.jar.JarFile.isMultiRelease (0x000078e2df485d88) [0x000078e2df485e80, 0x000078e2df486078] 
[1,658s][debug][gc,nmethod     ] GC(0) O: Purge NMethod: java.lang.StringLatin1.equals (0x000078e2df401a08) [0x000078e2df401b00, 0x000078e2df401d68] 
[1,658s][debug][gc,nmethod     ] GC(0) O: Purge NMethod: org.junit.platform.commons.util.Preconditions.condition (0x000078e2df817008) [0x000078e2df817100, 0x000078e2df8172e0] 
[1,658s][debug][gc,nmethod     ] GC(0) O: Purge NMethod: java.lang.String.<init> (0x000078e2fec50988) [0x000078e2fec50a80, 0x000078e2fec50e60] 
[1,658s][debug][gc,nmethod     ] GC(0) O: Purge NMethod: jdk.internal.util.ArraysSupport.mismatch (0x000078e2df411908) [0x000078e2df411a00, 0x000078e2df411de0] 
[1,658s][debug][gc,nmethod     ] GC(0) O: Purge NMethod: java.util.zip.ZipUtils.CENNAM (0x000078e2df471188) [0x000078e2df471280, 0x000078e2df471390] 
[1,658s][debug][gc,nmethod     ] GC(0) O: Purge NMethod: org.junit.platform.commons.util.ReflectionUtils$$Lambda/0x000000009218a488.test (0x000078e2df867988) [0x000078e2df867a80, 0x000078e2df868778] 
[1,658s][debug][gc,nmethod     ] GC(0) O: Purge NMethod: java.net.URLClassLoader.defineClass (0x000078e2df612f88) [0x000078e2df613080, 0x000078e2df617918] 
[1,658s][debug][gc,nmethod     ] GC(0) O: Purge NMethod: java.util.WeakHashMap.getTable (0x000078e2df48d008) [0x000078e2df48d100, 0x000078e2df48d278] 
[1,658s][debug][gc,nmethod     ] GC(0) O: Purge NMethod: java.nio.DirectByteBuffer.get (0x000078e2df491c88) [0x000078e2df491d80, 0x000078e2df492b80] 
[1,658s][debug][gc,nmethod     ] GC(0) O: Purge NMethod: java.lang.StringCoding.countNonZeroAsciiLatin1 (0x000078e2df41fe08) [0x000078e2df41ff00, 0x000078e2df420108] 
[1,658s][debug][gc,nmethod     ] GC(0) O: Purge NMethod: java.lang.invoke.MethodType.parameterType (0x000078e2df44ed08) [0x000078e2df44ee00, 0x000078e2df44ef88] 
[1,658s][debug][gc,nmethod     ] GC(0) O: Purge NMethod: java.util.ImmutableCollections$ListN.size (0x000078e2df5b7f08) [0x000078e2df5b8000, 0x000078e2df5b8138] 
[1,658s][debug][gc,nmethod     ] GC(0) O: Purge NMethod: java.lang.AbstractStringBuilder.needsNewBuffer (0x000078e2df68a008) [0x000078e2df68a100, 0x000078e2df68a2a0] 
[1,658s][debug][gc,nmethod     ] GC(0) O: Purge NMethod: java.lang.Math.min (0x000078e2df418a88) [0x000078e2df418b80, 0x000078e2df418ca8] 
[1,658s][debug][gc,nmethod     ] GC(0) O: Purge NMethod: java.util.Objects.requireNonNull (0x000078e2df404388) [0x000078e2df404480, 0x000078e2df404650] 
[1,659s][debug][gc,nmethod     ] GC(0) O: Purge NMethod: java.lang.Character.charCount (0x000078e2df6b4f88) [0x000078e2df6b5080, 0x000078e2df6b51d0] 
[1,659s][debug][gc,nmethod     ] GC(0) O: Purge NMethod: java.lang.System$1.uncheckedCountPositives (0x000078e2df471488) [0x000078e2df471580, 0x000078e2df4717d8] 
[1,659s][debug][gc,nmethod     ] GC(0) O: Purge NMethod: java.nio.DirectIntBufferU.ix (0x000078e2df689208) [0x000078e2df689300, 0x000078e2df689410] 
[1,659s][debug][gc,nmethod     ] GC(0) O: Purge NMethod: java.lang.module.ModuleDescriptor$Exports.isQualified (0x000078e2df429008) [0x000078e2df429100, 0x000078e2df429490] 
[1,659s][debug][gc,nmethod     ] GC(0) O: Purge NMethod: java.lang.String.coder (0x000078e2df40b888) [0x000078e2df40b980, 0x000078e2df40baa8] 
[1,659s][debug][gc,nmethod     ] GC(0) O: Purge NMethod: jdk.internal.util.ReferencedKeyMap.removeStaleReferences (0x000078e2df419988) [0x000078e2df419a80, 0x000078e2df41a0a0] 
[1,659s][debug][gc,nmethod     ] GC(0) O: Purge NMethod: java.util.stream.StreamOpFlag.isKnown (0x000078e2df7c3488) [0x000078e2df7c3580, 0x000078e2df7c36d8] 
[1,659s][debug][gc,nmethod     ] GC(0) O: Purge NMethod: java.util.StringJoiner.toString (0x000078e2df7c0788) [0x000078e2df7c0880, 0x000078e2df7c0b60] 
[1,659s][debug][gc,nmethod     ] GC(0) O: Purge NMethod: jdk.internal.classfile.impl.RawBytecodeHelper.opcode (0x000078e2df44ea08) [0x000078e2df44eb00, 0x000078e2df44ec08] 
[1,659s][debug][gc,nmethod     ] GC(0) O: Purge NMethod: java.util.stream.ReferencePipeline$3$1.accept (0x000078e2df63a708) [0x000078e2df63a800, 0x000078e2df63ad88] 
[1,659s][debug][gc,nmethod     ] GC(0) O: Purge NMethod: java.lang.String.hashCode (0x000078e2febe9688) [0x000078e2febe9780, 0x000078e2febe9928] 
[1,659s][debug][gc,nmethod     ] GC(0) O: Purge NMethod: sun.reflect.generics.parser.SignatureParser.current (0x000078e2df5c2988) [0x000078e2df5c2a80, 0x000078e2df5c3890] 
[1,659s][debug][gc,nmethod     ] GC(0) O: Purge NMethod: java.io.BufferedInputStream.read (0x000078e2df454588) [0x000078e2df454680, 0x000078e2df454ad8] 
[1,659s][debug][gc,nmethod     ] GC(0) O: Purge NMethod: jdk.internal.loader.URLClassPath$JarLoader.getResource (0x000078e2fec4ad08) [0x000078e2fec4ae00, 0x000078e2fec4c510] 
[1,659s][debug][gc,nmethod     ] GC(0) O: Purge NMethod: jdk.internal.loader.URLClassPath$JarLoader.getResource (0x000078e2df4c2a88) [0x000078e2df4c2b80, 0x000078e2df4c34b0] 
[1,659s][debug][gc,nmethod     ] GC(0) O: Purge NMethod: java.lang.Class.getTypeName (0x000078e2df7c3788) [0x000078e2df7c3880, 0x000078e2df7c6e10] 
[1,659s][debug][gc,nmethod     ] GC(0) O: Purge NMethod: java.util.jar.Manifest$FastInputStream.readLine (0x000078e2df486088) [0x000078e2df486180, 0x000078e2df4869d8] 
[1,659s][debug][gc,nmethod     ] GC(0) O: Purge NMethod: java.util.LinkedHashMap.<init> (0x000078e2df810c08) [0x000078e2df810d00, 0x000078e2df810f30] 
[1,659s][debug][gc,nmethod     ] GC(0) O: Purge NMethod: java.util.stream.MatchOps$1MatchSink.accept (0x000078e2fec72788) [0x000078e2fec72880, 0x000078e2fec73808] 
[1,659s][debug][gc,nmethod     ] GC(0) O: Purge NMethod: java.util.HashMap.get (0x000078e2df433988) [0x000078e2df433a80, 0x000078e2df433e18] 
[1,659s][debug][gc,nmethod     ] GC(0) O: Purge NMethod: java.lang.AbstractStringBuilder.needsNewBuffer (0x000078e2df445988) [0x000078e2df445a80, 0x000078e2df445c20] 
[1,659s][debug][gc,nmethod     ] GC(0) O: Purge NMethod: java.lang.String.<init> (0x000078e2df478d88) [0x000078e2df478e80, 0x000078e2df479820] 
[1,659s][debug][gc,nmethod     ] GC(0) O: Purge NMethod: java.util.concurrent.ConcurrentHashMap.setTabAt (0x000078e2df46e508) [0x000078e2df46e600, 0x000078e2df46e900] 
[1,659s][debug][gc,nmethod     ] GC(0) O: Purge NMethod: jdk.internal.misc.Unsafe.getIntUnaligned (0x000078e2df458388) [0x000078e2df458480, 0x000078e2df4586c8] 
[1,659s][debug][gc,nmethod     ] GC(0) O: Purge NMethod: java.util.stream.Sink.begin (0x000078e2df86bb88) [0x000078e2df86bc80, 0x000078e2df86bd80] 
[1,659s][debug][gc,nmethod     ] GC(0) O: Purge NMethod: java.util.Objects.equals (0x000078e2fec62408) [0x000078e2fec62500, 0x000078e2fec62980] 
[1,659s][debug][gc,nmethod     ] GC(0) O: Purge NMethod: java.util.zip.ZipFile.getEntry (0x000078e2df488208) [0x000078e2df488300, 0x000078e2df4888c8] 
[1,659s][debug][gc,nmethod     ] GC(0) O: Purge NMethod: jdk.internal.classfile.impl.BufWriterImpl.writeUtfEntry (0x000078e2df468308) [0x000078e2df468400, 0x000078e2df46b1c0] 
[1,659s][debug][gc,nmethod     ] GC(0) O: Purge NMethod: java.lang.StringLatin1.indexOf (0x000078e2df51d108) [0x000078e2df51d200, 0x000078e2df51d3e0] 
[1,659s][debug][gc,nmethod     ] GC(0) O: Purge NMethod: java.util.ArrayList$Itr.hasNext (0x000078e2df57ea88) [0x000078e2df57eb80, 0x000078e2df57ed10] 
[1,659s][debug][gc,nmethod     ] GC(0) O: Purge NMethod: java.util.regex.Pattern$$Lambda/0x0000000092110988.is (0x000078e2df988888) [0x000078e2df988980, 0x000078e2df988bb8] 
[1,659s][debug][gc,nmethod     ] GC(0) O: Purge NMethod: jdk.internal.classfile.impl.SplitConstantPool.canWriteDirect (0x000078e2df44cb88) [0x000078e2df44cc80, 0x000078e2df44cf78] 
[1,659s][debug][gc,nmethod     ] GC(0) O: Purge NMethod: java.lang.AbstractStringBuilder.needsNewBuffer (0x000078e2fec1ac88) [0x000078e2fec1ad80, 0x000078e2fec1ae68] 
[1,659s][debug][gc,nmethod     ] GC(0) O: Purge NMethod: java.lang.String.startsWith (0x000078e2df410c08) [0x000078e2df410d00, 0x000078e2df410ff8] 
[1,659s][debug][gc,nmethod     ] GC(0) O: Purge NMethod: java.util.HashMap.putVal (0x000078e2df42f988) [0x000078e2df42fa80, 0x000078e2df431770] 
[1,659s][debug][gc,nmethod     ] GC(0) O: Purge NMethod: java.util.StringJoiner.checkAddLength (0x000078e2df785488) [0x000078e2df785580, 0x000078e2df786140] 
[1,659s][debug][gc,nmethod     ] GC(0) O: Purge NMethod: java.lang.String.isEmpty (0x000078e2df411008) [0x000078e2df411100, 0x000078e2df411288] 
[1,659s][debug][gc,nmethod     ] GC(0) O: Purge NMethod: java.util.stream.AbstractPipeline.isParallel (0x000078e2df72ad08) [0x000078e2df72ae00, 0x000078e2df72af38] 
[1,659s][debug][gc,nmethod     ] GC(0) O: Purge NMethod: java.util.stream.SortedOps$SizedRefSortingSink.accept (0x000078e2df864708) [0x000078e2df864800, 0x000078e2df864c08] 
[1,659s][debug][gc,nmethod     ] GC(0) O: Purge NMethod: java.util.Spliterators$ArraySpliterator.forEachRemaining (0x000078e2fec7c808) [0x000078e2fec7c900, 0x000078e2fec7d7c0] 
[1,659s][debug][gc,nmethod     ] GC(0) O: Purge NMethod: jdk.internal.loader.Resource.getBytes (0x000078e2df5dcb08) [0x000078e2df5dcc00, 0x000078e2df5de0f0] 
[1,659s][debug][gc,nmethod     ] GC(0) O: Purge NMethod: java.util.ArrayDeque.elementAt (0x000078e2df4ddc88) [0x000078e2df4ddd80, 0x000078e2df4ddeb8] 
[1,659s][debug][gc,nmethod     ] GC(0) O: Purge NMethod: java.nio.DirectByteBuffer.ix (0x000078e2df491188) [0x000078e2df491280, 0x000078e2df491388] 
[1,659s][debug][gc,nmethod     ] GC(0) O: Purge NMethod: java.util.Optional.isPresent (0x000078e2df8bc208) [0x000078e2df8bc300, 0x000078e2df8bc480] 
[1,659s][debug][gc,nmethod     ] GC(0) O: Purge NMethod: java.util.stream.Collectors$$Lambda/0x00000000920e07a8.accept (0x000078e2fec6da08) [0x000078e2fec6db00, 0x000078e2fec6e140] 
[1,659s][debug][gc,nmethod     ] GC(0) O: Purge NMethod: java.util.stream.Collectors$$Lambda/0x0000000092114238.accept (0x000078e2df864c88) [0x000078e2df864d80, 0x000078e2df8652a8] 
[1,659s][debug][gc,nmethod     ] GC(0) O: Purge NMethod: jdk.internal.constant.MethodTypeDescImpl.parameterCount (0x000078e2df4c2788) [0x000078e2df4c2880, 0x000078e2df4c29b8] 
[1,659s][debug][gc,nmethod     ] GC(0) O: Purge NMethod: jdk.internal.util.ArraysSupport.vectorizedHashCode (0x000078e2df402408) [0x000078e2df402500, 0x000078e2df404358] 
[1,659s][debug][gc,nmethod     ] GC(0) O: Purge NMethod: jdk.internal.loader.URLClassPath$JarLoader.getResource (0x000078e2fec3b988) [0x000078e2fec3ba80, 0x000078e2fec3d180] 
[1,659s][debug][gc,nmethod     ] GC(0) O: Purge NMethod: java.util.HashMap.getNode (0x000078e2df42df08) [0x000078e2df42e000, 0x000078e2df42f310] 
[1,659s][debug][gc,nmethod     ] GC(0) O: Purge NMethod: java.lang.String.replace (0x000078e2df46e908) [0x000078e2df46ea00, 0x000078e2df46ef08] 
[1,659s][debug][gc,nmethod     ] GC(0) O: Purge NMethod: org.junit.platform.commons.util.ReflectionUtils$$Lambda/0x000000009217d098.test (0x000078e2df81ee08) [0x000078e2df81ef00, 0x000078e2df81fb58] 
[1,659s][debug][gc,nmethod     ] GC(0) O: Purge NMethod: jdk.internal.classfile.impl.AbstractPoolEntry.maybeClone (0x000078e2df44be08) [0x000078e2df44bf00, 0x000078e2df44c868] 
[1,659s][debug][gc,nmethod     ] GC(0) O: Purge NMethod: jdk.internal.loader.URLClassPath$JarLoader$1.getBytes (0x000078e2df5e9c08) [0x000078e2df5e9d00, 0x000078e2df5ea5e8] 
[1,659s][debug][gc,nmethod     ] GC(0) O: Purge NMethod: java.util.concurrent.ConcurrentHashMap.get (0x000078e2df41c888) [0x000078e2df41c980, 0x000078e2df41d998] 
[1,659s][debug][gc,nmethod     ] GC(0) O: Purge NMethod: jdk.internal.classfile.impl.SplitConstantPool.utf8Entry (0x000078e2df467708) [0x000078e2df467800, 0x000078e2df4682f8] 
[1,659s][debug][gc,nmethod     ] GC(0) O: Purge NMethod: java.util.HashMap.put (0x000078e2df434808) [0x000078e2df434900, 0x000078e2df434ee8] 
[1,659s][debug][gc,nmethod     ] GC(0) O: Purge NMethod: java.util.concurrent.ConcurrentHashMap.putVal (0x000078e2df415a88) [0x000078e2df415b80, 0x000078e2df418078] 
[1,659s][debug][gc,nmethod     ] GC(0) O: Purge NMethod: java.lang.StringLatin1.canEncode (0x000078e2df4c2008) [0x000078e2df4c2100, 0x000078e2df4c2260] 
[1,659s][debug][gc,nmethod     ] GC(0) O: Purge NMethod: java.math.BigInteger.addOne (0x000078e2df74bc88) [0x000078e2df74bd80, 0x000078e2df74c098] 
[1,659s][debug][gc,nmethod     ] GC(0) O: Purge NMethod: java.util.zip.ZipFile.zipCoderFor (0x000078e2df472108) [0x000078e2df472200, 0x000078e2df472650] 
[1,659s][debug][gc,nmethod     ] GC(0) O: Purge NMethod: java.io.BufferedInputStream.getBufIfOpen (0x000078e2febfac08) [0x000078e2febfad00, 0x000078e2febfae30] 
[1,659s][debug][gc,nmethod     ] GC(0) O: Purge NMethod: java.util.LinkedHashMap.values (0x000078e2df820608) [0x000078e2df820700, 0x000078e2df820848] 
[1,659s][debug][gc,nmethod     ] GC(0) O: Purge NMethod: java.math.BigInteger.implMulAdd (0x000078e2df74b608) [0x000078e2df74b700, 0x000078e2df74b920] 
[1,659s][debug][gc,nmethod     ] GC(0) O: Purge NMethod: java.lang.Object.equals (0x000078e2df43af08) [0x000078e2df43b000, 0x000078e2df43b150] 
[1,659s][debug][gc,nmethod     ] GC(0) O: Purge NMethod: java.util.HashMap.resize (0x000078e2df43f008) [0x000078e2df43f120, 0x000078e2df440e00] 
[1,659s][debug][gc,nmethod     ] GC(0) O: Purge NMethod: java.util.HashMap.putVal (0x000078e2df436d08) [0x000078e2df436e00, 0x000078e2df439190] 
[1,659s][debug][gc,nmethod     ] GC(0) O: Purge NMethod: java.lang.String.indexOf (0x000078e2df51d408) [0x000078e2df51d500, 0x000078e2df51e000] 
[1,659s][debug][gc,nmethod     ] GC(0) O: Purge NMethod: java.io.BufferedInputStream.getBufIfOpen (0x000078e2df453488) [0x000078e2df453580, 0x000078e2df4536b8] 
[1,659s][debug][gc,nmethod     ] GC(0) O: Purge NMethod: java.util.zip.Checksum.update (0x000078e2df5ebc08) [0x000078e2df5ebd00, 0x000078e2df5ebe78] 
[1,659s][debug][gc,nmethod     ] GC(0) O: Purge NMethod: java.lang.StringCoding.countPositives (0x000078e2df46ff08) [0x000078e2df470000, 0x000078e2df470208] 
[1,659s][debug][gc,nmethod     ] GC(0) O: Purge NMethod: java.util.zip.ZipFile.ensureOpen (0x000078e2df47b908) [0x000078e2df47ba00, 0x000078e2df47bcd0] 
[1,659s][debug][gc,nmethod     ] GC(0) O: Purge NMethod: java.lang.StringLatin1.replace (0x000078e2df455c88) [0x000078e2df455d80, 0x000078e2df456e20] 
[1,659s][debug][gc,nmethod     ] GC(0) O: Purge NMethod: java.util.HashMap.newNode (0x000078e2df42bf08) [0x000078e2df42c000, 0x000078e2df42c380] 
[1,659s][debug][gc,nmethod     ] GC(0) O: Purge NMethod: java.lang.reflect.Method.copy (0x000078e2df767708) [0x000078e2df767800, 0x000078e2df767f00] 
[1,659s][debug][gc,nmethod     ] GC(0) O: Purge NMethod: java.util.HashMap.putIfAbsent (0x000078e2fec1b988) [0x000078e2fec1baa0, 0x000078e2fec1d288] 
[1,659s][debug][gc,nmethod     ] GC(0) O: Purge NMethod: java.util.LinkedHashMap.newNode (0x000078e2df527808) [0x000078e2df527900, 0x000078e2df527ae8] 
[1,659s][debug][gc,nmethod     ] GC(0) O: Purge NMethod: java.util.WeakHashMap.put (0x000078e2df537388) [0x000078e2df537480, 0x000078e2df538dc0] 
[1,659s][debug][gc,nmethod     ] GC(0) O: Purge NMethod: java.lang.String.hashCode (0x000078e2febf3008) [0x000078e2febf3100, 0x000078e2febf32a0] 
[1,659s][debug][gc,nmethod     ] GC(0) O: Purge NMethod: java.lang.String.startsWith (0x000078e2df40f888) [0x000078e2df40f980, 0x000078e2df410c00] 
[1,659s][debug][gc,nmethod     ] GC(0) O: Purge NMethod: java.lang.System$1.join (0x000078e2df7d2788) [0x000078e2df7d2880, 0x000078e2df7d6ec0] 
[1,659s][debug][gc,nmethod     ] GC(0) O: Purge NMethod: java.lang.CharacterDataLatin1.isWhitespace (0x000078e2df5c1888) [0x000078e2df5c1980, 0x000078e2df5c1d20] 
[1,659s][debug][gc,nmethod     ] GC(0) O: Purge NMethod: java.util.regex.Pattern$Slice.match (0x000078e2df988c08) [0x000078e2df988d00, 0x000078e2df989440] 
[1,659s][debug][gc,nmethod     ] GC(0) O: Purge NMethod: java.lang.ref.ReferenceQueue.poll (0x000078e2df419408) [0x000078e2df419500, 0x000078e2df419920] 
[1,659s][debug][gc,nmethod     ] GC(0) O: Purge NMethod: jdk.internal.classfile.impl.EntryMap.firstToken (0x000078e2df422688) [0x000078e2df422780, 0x000078e2df422c70] 
[1,659s][debug][gc,nmethod     ] GC(0) O: Purge NMethod: java.util.StringJoiner.add (0x000078e2fec68f08) [0x000078e2fec69000, 0x000078e2fec69668] 
[1,659s][debug][gc,nmethod     ] GC(0) O: Purge NMethod: java.lang.String.equals (0x000078e2df405e08) [0x000078e2df405f00, 0x000078e2df4065c0] 
[1,659s][debug][gc,nmethod     ] GC(0) O: Purge NMethod: java.lang.StringBuilder.length (0x000078e2df452308) [0x000078e2df452400, 0x000078e2df452518] 
[1,659s][debug][gc,nmethod     ] GC(0) O: Purge NMethod: java.util.ArrayList.add (0x000078e2df46f888) [0x000078e2df46f980, 0x000078e2df46fef0] 
[1,659s][debug][gc,nmethod     ] GC(0) O: Purge NMethod: java.util.stream.AbstractPipeline.evaluate (0x000078e2df7bf588) [0x000078e2df7bf680, 0x000078e2df7c0770] 
[1,659s][debug][gc,nmethod     ] GC(0) O: Purge NMethod: jdk.internal.misc.Unsafe.getIntUnaligned (0x000078e2fec00608) [0x000078e2fec00700, 0x000078e2fec007c0] 
[1,660s][debug][gc,nmethod     ] GC(0) O: Purge NMethod: jdk.internal.loader.URLClassPath$JarLoader.ensureOpen (0x000078e2df481388) [0x000078e2df481480, 0x000078e2df4816e8] 
[1,660s][debug][gc,nmethod     ] GC(0) O: Purge NMethod: java.util.jar.JarFile.getJarEntry (0x000078e2fec49608) [0x000078e2fec49700, 0x000078e2fec4acf0] 
[1,660s][debug][gc,nmethod     ] GC(0) O: Purge NMethod: java.lang.CharacterDataLatin1.getProperties (0x000078e2df4e7588) [0x000078e2df4e7680, 0x000078e2df4e77b0] 
[1,660s][debug][gc,nmethod     ] GC(0) O: Purge NMethod: java.util.HashMap.putVal (0x000078e2febf7708) [0x000078e2febf7820, 0x000078e2febf91d8] 
[1,660s][debug][gc,nmethod     ] GC(0) O: Purge NMethod: java.util.concurrent.ConcurrentHashMap.putVal (0x000078e2fec32588) [0x000078e2fec32680, 0x000078e2fec33798] 
[1,660s][debug][gc,nmethod     ] GC(0) O: Purge NMethod: java.lang.StringBuilder.append (0x000078e2df44f308) [0x000078e2df44f400, 0x000078e2df44f548] 
[1,660s][debug][gc,nmethod     ] GC(0) O: Purge NMethod: jdk.internal.util.StrongReferenceKey.hashCode (0x000078e2df41e408) [0x000078e2df41e500, 0x000078e2df41ea10] 
[1,660s][debug][gc,nmethod     ] GC(0) O: Purge NMethod: java.util.zip.ZipCoder$UTF8ZipCoder.checkedHash (0x000078e2df473088) [0x000078e2df473180, 0x000078e2df4735a0] 
[1,660s][debug][gc,nmethod     ] GC(0) O: Purge NMethod: java.lang.invoke.Invokers$Holder.linkToTargetMethod (0x000078e2df52d488) [0x000078e2df52d580, 0x000078e2df52da68] 
[1,660s][debug][gc,nmethod     ] GC(0) O: Purge NMethod: java.util.jar.JarFile.getEntry (0x000078e2df4c3b08) [0x000078e2df4c3c00, 0x000078e2df4c4348] 
[1,660s][debug][gc,nmethod     ] GC(0) O: Purge NMethod: jdk.internal.util.ArraysSupport.hashCodeOfUnsigned (0x000078e2df402088) [0x000078e2df402180, 0x000078e2df4023f8] 
[1,660s][debug][gc,nmethod     ] GC(0) O: Purge NMethod: java.util.jar.JarFile.getEntry (0x000078e2df489d08) [0x000078e2df489e00, 0x000078e2df48a548] 
[1,660s][debug][gc,nmethod     ] GC(0) O: Purge NMethod: worker.org.gradle.internal.stream.EncodedStream$EncodedInput.read (0x000078e2df455108) [0x000078e2df455200, 0x000078e2df455958] 
[1,660s][debug][gc,nmethod     ] GC(0) O: Purge NMethod: java.util.HashMap.putIfAbsent (0x000078e2df43e608) [0x000078e2df43e700, 0x000078e2df43ece8] 
[1,660s][debug][gc,nmethod     ] GC(0) O: Purge NMethod: java.lang.StringLatin1.indexOf (0x000078e2df411308) [0x000078e2df411400, 0x000078e2df411888] 
[1,660s][debug][gc,nmethod     ] GC(0) O: Purge NMethod: java.lang.String.startsWith (0x000078e2fec4ed08) [0x000078e2fec4ee00, 0x000078e2fec4f0f8] 
[1,660s][debug][gc,nmethod     ] GC(0) O: Purge NMethod: sun.nio.fs.UnixPath.checkNotNul (0x000078e2df470888) [0x000078e2df470980, 0x000078e2df470b20] 
[1,660s][debug][gc,nmethod     ] GC(0) O: Purge NMethod: junit.framework.TestSuite.addTestMethod (0x000078e2df837708) [0x000078e2df837800, 0x000078e2df83a9b8] 
[1,660s][debug][gc,nmethod     ] GC(0) O: Purge NMethod: java.util.ArrayList$ArrayListSpliterator.tryAdvance (0x000078e2df866608) [0x000078e2df866700, 0x000078e2df866de8] 
[1,660s][debug][gc,nmethod     ] GC(0) O: Purge NMethod: java.lang.Character.codePointAt (0x000078e2df989788) [0x000078e2df989880, 0x000078e2df98a250] 
[1,660s][debug][gc,nmethod     ] GC(0) O: Purge NMethod: java.util.stream.ReferencePipeline$2$1.accept (0x000078e2df428488) [0x000078e2df428580, 0x000078e2df428b40] 
[1,660s][debug][gc,nmethod     ] GC(0) O: Purge NMethod: java.lang.StringBuilder.toString (0x000078e2df478808) [0x000078e2df478900, 0x000078e2df478d38] 
[1,660s][debug][gc,nmethod     ] GC(0) O: Purge NMethod: jdk.internal.classfile.impl.BufWriterImpl.patchInt (0x000078e2df600708) [0x000078e2df600800, 0x000078e2df6009e0] 
[1,660s][debug][gc,nmethod     ] GC(0) O: Purge NMethod: java.lang.invoke.MemberName.getReferenceKind (0x000078e2df47f488) [0x000078e2df47f580, 0x000078e2df47f690] 
[1,660s][debug][gc,nmethod     ] GC(0) O: Purge NMethod: jdk.internal.loader.URLClassPath$JarLoader.getResource (0x000078e2df488c08) [0x000078e2df488d00, 0x000078e2df4892d0] 
[1,660s][debug][gc,nmethod     ] GC(0) O: Purge NMethod: java.util.HashMap.resize (0x000078e2febf6088) [0x000078e2febf61a0, 0x000078e2febf6cf0] 
[1,660s][debug][gc,nmethod     ] GC(0) O: Purge NMethod: java.util.ArrayList$Itr.hasNext (0x000078e2fec81a08) [0x000078e2fec81b00, 0x000078e2fec81be8] 
[1,660s][debug][gc,nmethod     ] GC(0) O: Purge NMethod: java.util.zip.ZipUtils.get16 (0x000078e2df450988) [0x000078e2df450a80, 0x000078e2df450e80] 
[1,660s][debug][gc,nmethod     ] GC(0) O: Purge NMethod: jdk.internal.loader.URLClassPath.getLoader (0x000078e2df48a588) [0x000078e2df48a680, 0x000078e2df48c548] 
[1,660s][debug][gc,nmethod     ] GC(0) O: Purge NMethod: java.lang.invoke.MethodType.parameterCount (0x000078e2df424a08) [0x000078e2df424b00, 0x000078e2df424c38] 
[1,660s][debug][gc,nmethod     ] GC(0) O: Purge NMethod: sun.reflect.generics.parser.SignatureParser.advance (0x000078e2df5c2208) [0x000078e2df5c2300, 0x000078e2df5c2918] 
[1,660s][debug][gc,nmethod     ] GC(0) O: Purge NMethod: sun.util.locale.LocaleUtils.toLower (0x000078e2df63a108) [0x000078e2df63a200, 0x000078e2df63a400] 
[1,660s][debug][gc,nmethod     ] GC(0) O: Purge NMethod: java.util.jar.JarFile.getEntry (0x000078e2fec42888) [0x000078e2fec42980, 0x000078e2fec43dc0] 
[1,660s][debug][gc,nmethod     ] GC(0) O: Purge NMethod: jdk.internal.classfile.impl.SplitConstantPool.entryByIndex (0x000078e2df420488) [0x000078e2df420580, 0x000078e2df422630] 
[1,660s][debug][gc,nmethod     ] GC(0) O: Purge NMethod: java.util.Arrays.copyOfRange (0x000078e2df440e08) [0x000078e2df440f00, 0x000078e2df4421d0] 
[1,660s][debug][gc,nmethod     ] GC(0) O: Purge NMethod: java.util.zip.ZipUtils.get32 (0x000078e2df458708) [0x000078e2df458800, 0x000078e2df458c08] 
[1,660s][debug][gc,nmethod     ] GC(0) O: Purge NMethod: java.lang.AbstractStringBuilder.append (0x000078e2df44f608) [0x000078e2df44f700, 0x000078e2df450350] 
[1,660s][debug][gc,nmethod     ] GC(0) O: Purge NMethod: jdk.internal.classfile.impl.SplitConstantPool.internalAdd (0x000078e2df426d88) [0x000078e2df426e80, 0x000078e2df427c68] 
[1,660s][debug][gc,nmethod     ] GC(0) O: Purge NMethod: jdk.internal.classfile.impl.BufWriterImpl.reserveSpace (0x000078e2df41a108) [0x000078e2df41a200, 0x000078e2df41a518] 
[1,660s][debug][gc,nmethod     ] GC(0) O: Purge NMethod: jdk.internal.loader.Resource.cachedInputStream (0x000078e2df50e388) [0x000078e2df50e480, 0x000078e2df50eaf8] 
[1,660s][debug][gc,nmethod     ] GC(0) O: Purge NMethod: java.lang.StringLatin1.lastIndexOf (0x000078e2df412308) [0x000078e2df412400, 0x000078e2df4127c8] 
[1,660s][debug][gc,nmethod     ] GC(0) O: Purge NMethod: java.util.zip.ZipFile$CleanableResource.getInflater (0x000078e2df54d388) [0x000078e2df54d480, 0x000078e2df54dbb0] 
[1,660s][debug][gc,nmethod     ] GC(0) O: Purge NMethod: java.util.LinkedHashMap.afterNodeInsertion (0x000078e2df528708) [0x000078e2df528800, 0x000078e2df528a08] 
[1,660s][debug][gc,nmethod     ] GC(0) O: Purge NMethod: java.lang.StringUTF16.getChar (0x000078e2df680808) [0x000078e2df680900, 0x000078e2df680a60] 
[1,660s][debug][gc,nmethod     ] GC(0) O: Purge NMethod: java.io.BufferedInputStream.getBufIfOpen (0x000078e2df453788) [0x000078e2df453880, 0x000078e2df453c98] 
[1,660s][debug][gc,nmethod     ] GC(0) O: Purge NMethod: java.lang.invoke.LambdaForm$Holder.constant_L (0x000078e2df52d008) [0x000078e2df52d100, 0x000078e2df52d420] 
[1,660s][debug][gc,nmethod     ] GC(0) O: Purge NMethod: java.lang.Integer.hashCode (0x000078e2df52ee08) [0x000078e2df52ef00, 0x000078e2df52f058] 
[1,660s][debug][gc,nmethod     ] GC(0) O: Purge NMethod: java.util.concurrent.ConcurrentHashMap.casTabAt (0x000078e2df444d08) [0x000078e2df444e00, 0x000078e2df444f70] 
[1,660s][debug][gc,nmethod     ] GC(0) O: Purge NMethod: java.util.stream.ReduceOps$3ReducingSink.accept (0x000078e2df776188) [0x000078e2df776280, 0x000078e2df7765f8] 
[1,660s][debug][gc,nmethod     ] GC(0) O: Purge NMethod: sun.reflect.annotation.AnnotationInvocationHandler.invoke (0x000078e2df7f6b08) [0x000078e2df7f6c00, 0x000078e2df7f8e90] 
[1,660s][debug][gc,nmethod     ] GC(0) O: Purge NMethod: java.util.zip.ZipFile$Source.isMetaName (0x000078e2fec11408) [0x000078e2fec11500, 0x000078e2fec11830] 
[1,660s][debug][gc,nmethod     ] GC(0) O: Purge NMethod: java.util.stream.MatchOps$1MatchSink.accept (0x000078e2df865608) [0x000078e2df865700, 0x000078e2df865af0] 
[1,660s][debug][gc,nmethod     ] GC(0) O: Purge NMethod: java.util.HashMap.afterNodeInsertion (0x000078e2df42b808) [0x000078e2df42b900, 0x000078e2df42ba00] 
[1,660s][debug][gc,nmethod     ] GC(0) O: Purge NMethod: java.lang.ref.Reference.reachabilityFence (0x000078e2df478508) [0x000078e2df478600, 0x000078e2df4786e0] 
[1,660s][debug][gc,nmethod     ] GC(0) O: Purge NMethod: sun.net.www.ParseUtil.firstEncodeIndex (0x000078e2df412808) [0x000078e2df412900, 0x000078e2df4137d8] 
[1,660s][debug][gc,nmethod     ] GC(0) O: Purge NMethod: java.util.zip.CRC32.<init> (0x000078e2df5e8a88) [0x000078e2df5e8b80, 0x000078e2df5e8cd8] 
[1,660s][debug][gc,nmethod     ] GC(0) O: Purge NMethod: java.lang.StringLatin1.indexOfChar (0x000078e2df40ee08) [0x000078e2df40ef00, 0x000078e2df40f100] 
[1,660s][debug][gc,nmethod     ] GC(0) O: Purge NMethod: jdk.internal.util.ArraysSupport.vectorizedHashCode (0x000078e2fec10388) [0x000078e2fec104a0, 0x000078e2fec10758] 
[1,660s][debug][gc,nmethod     ] GC(0) O: Purge NMethod: java.util.BitSet.set (0x000078e2df52dd88) [0x000078e2df52de80, 0x000078e2df52edc8] 
[1,660s][debug][gc,nmethod     ] GC(0) O: Purge NMethod: java.util.ArrayList$Itr.next (0x000078e2fec83688) [0x000078e2fec83780, 0x000078e2fec83960] 
[1,660s][debug][gc,nmethod     ] GC(0) O: Purge NMethod: java.lang.StringLatin1.getBytes (0x000078e2df465608) [0x000078e2df465700, 0x000078e2df465898] 
[1,660s][debug][gc,nmethod     ] GC(0) O: Purge NMethod: java.util.stream.ReduceOps$3ReducingSink.accept (0x000078e2fec69c88) [0x000078e2fec69d80, 0x000078e2fec6ab58] 
[1,660s][debug][gc,nmethod     ] GC(0) O: Purge NMethod: java.lang.AbstractStringBuilder.<init> (0x000078e2df822908) [0x000078e2df822a00, 0x000078e2df823860] 
[1,660s][debug][gc,nmethod     ] GC(0) O: Purge NMethod: java.util.stream.Sink.end (0x000078e2df7cf588) [0x000078e2df7cf680, 0x000078e2df7cf780] 
[1,660s][debug][gc,nmethod     ] GC(0) O: Purge NMethod: java.lang.String.isLatin1 (0x000078e2febed008) [0x000078e2febed100, 0x000078e2febed1c0] 
[1,660s][debug][gc,nmethod     ] GC(0) O: Purge NMethod: java.lang.Record.<init> (0x000078e2df456e88) [0x000078e2df456f80, 0x000078e2df4570d8] 
[1,660s][debug][gc,nmethod     ] GC(0) O: Purge NMethod: java.util.ArrayList$Itr.<init> (0x000078e2df5c4788) [0x000078e2df5c4880, 0x000078e2df5c4bb0] 
[1,660s][debug][gc,nmethod     ] GC(0) O: Purge NMethod: java.util.concurrent.ConcurrentHashMap.get (0x000078e2fec35188) [0x000078e2fec35280, 0x000078e2fec35db8] 
[1,660s][debug][gc,nmethod     ] GC(0) O: Purge NMethod: java.util.ImmutableCollections$SetN$SetNIterator.hasNext (0x000078e2df406608) [0x000078e2df406700, 0x000078e2df406850] 
[1,660s][debug][gc,nmethod     ] GC(0) O: Purge NMethod: jdk.internal.loader.URLClassPath$JarLoader.findResource (0x000078e2df68c408) [0x000078e2df68c500, 0x000078e2df68c708] 
[1,660s][debug][gc,nmethod     ] GC(0) O: Purge NMethod: java.util.zip.ZipFile$CleanableResource.releaseInflater (0x000078e2df552388) [0x000078e2df552480, 0x000078e2df5529d8] 
[1,660s][debug][gc,nmethod     ] GC(0) O: Purge NMethod: jdk.internal.classfile.impl.AbstractPoolEntry$Utf8EntryImpl.<init> (0x000078e2df460608) [0x000078e2df460700, 0x000078e2df460f68] 
[1,660s][debug][gc,nmethod     ] GC(0) O: Purge NMethod: java.lang.AbstractStringBuilder.append (0x000078e2df490b88) [0x000078e2df490c80, 0x000078e2df491138] 
[1,660s][debug][gc,nmethod     ] GC(0) O: Purge NMethod: java.util.ImmutableCollections$SetN$SetNIterator.next (0x000078e2df414808) [0x000078e2df414900, 0x000078e2df414c78] 
[1,660s][debug][gc,nmethod     ] GC(0) O: Purge NMethod: java.util.HashMap.put (0x000078e2df42c388) [0x000078e2df42c480, 0x000078e2df42ca68] 
[1,660s][debug][gc,nmethod     ] GC(0) O: Purge NMethod: java.util.StringJoiner.<init> (0x000078e2df7be708) [0x000078e2df7be800, 0x000078e2df7bf500] 
[1,660s][debug][gc,nmethod     ] GC(0) O: Purge NMethod: jdk.internal.classfile.impl.SplitConstantPool.map (0x000078e2df41a588) [0x000078e2df41a6a0, 0x000078e2df41bda0] 
[1,660s][debug][gc,nmethod     ] GC(0) O: Purge NMethod: java.lang.String.toString (0x000078e2df4e8f88) [0x000078e2df4e9080, 0x000078e2df4e9180] 
[1,660s][debug][gc,nmethod     ] GC(0) O: Purge NMethod: jdk.internal.util.ArraysSupport.unsignedHashCode (0x000078e2df400008) [0x000078e2df400100, 0x000078e2df400310] 
[1,660s][debug][gc,nmethod     ] GC(0) O: Purge NMethod: java.nio.DirectLongBufferU.ix (0x000078e2df488908) [0x000078e2df488a00, 0x000078e2df488b10] 
[1,660s][debug][gc,nmethod     ] GC(0) O: Purge NMethod: java.util.jar.JarFile.checkForSpecialAttributes (0x000078e2df482908) [0x000078e2df482a00, 0x000078e2df483f68] 
[1,660s][debug][gc,nmethod     ] GC(0) O: Purge NMethod: java.util.concurrent.ConcurrentHashMap.putIfAbsent (0x000078e2df418388) [0x000078e2df418480, 0x000078e2df418780] 
[1,660s][debug][gc,nmethod     ] GC(0) O: Purge NMethod: java.util.Spliterators$ArraySpliterator.forEachRemaining (0x000078e2df7dad88) [0x000078e2df7dae80, 0x000078e2df7db450] 
[1,660s][debug][gc,nmethod     ] GC(0) O: Purge NMethod: java.util.stream.Collectors$$Lambda/0x00000000920e07a8.accept (0x000078e2df7c2c08) [0x000078e2df7c2d00, 0x000078e2df7c3428] 
[1,660s][debug][gc,nmethod     ] GC(0) O: Purge NMethod: java.lang.String.substring (0x000078e2df442688) [0x000078e2df442780, 0x000078e2df4432a0] 
[1,660s][debug][gc,nmethod     ] GC(0) O: Purge NMethod: java.lang.String.startsWith (0x000078e2df8d4e88) [0x000078e2df8d4f80, 0x000078e2df8d61a0] 
[1,660s][debug][gc,nmethod     ] GC(0) O: Purge NMethod: java.lang.String.hashCode (0x000078e2df41f708) [0x000078e2df41f800, 0x000078e2df41fda8] 
[1,660s][debug][gc,nmethod     ] GC(0) O: Purge NMethod: java.lang.Math.max (0x000078e2df44b788) [0x000078e2df44b880, 0x000078e2df44b9a8] 
[1,660s][debug][gc,nmethod     ] GC(0) O: Purge NMethod: jdk.internal.classfile.impl.EntryMap.put (0x000078e2df427c88) [0x000078e2df427d80, 0x000078e2df428450] 
[1,660s][debug][gc,nmethod     ] GC(0) O: Purge NMethod: java.util.zip.ZipFile$Source.getEntryPos (0x000078e2df483f88) [0x000078e2df484080, 0x000078e2df485d28] 
[1,660s][debug][gc,nmethod     ] GC(0) O: Purge NMethod: jdk.internal.loader.Resource.getByteBuffer (0x000078e2df5e8d88) [0x000078e2df5e8e80, 0x000078e2df5e9bf8] 
[1,660s][debug][gc,nmethod     ] GC(0) O: Purge NMethod: jdk.internal.classfile.impl.SplitConstantPool.tryFindUtf8 (0x000078e2df45de88) [0x000078e2df45df80, 0x000078e2df45f7b8] 
[1,661s][debug][gc,nmethod     ] GC(0) O: Purge NMethod: java.util.concurrent.ConcurrentHashMap.tabAt (0x000078e2df413e08) [0x000078e2df413f00, 0x000078e2df414448] 
[1,661s][debug][gc,nmethod     ] GC(0) O: Purge NMethod: java.util.Optional.empty (0x000078e2df447008) [0x000078e2df447100, 0x000078e2df4471e8] 
[1,661s][debug][gc,nmethod     ] GC(0) O: Purge NMethod: java.lang.String.indexOf (0x000078e2df40f108) [0x000078e2df40f200, 0x000078e2df40f828] 
[1,661s][debug][gc,nmethod     ] GC(0) O: Purge NMethod: java.util.ImmutableCollections$SetN.probe (0x000078e2df401088) [0x000078e2df401180, 0x000078e2df4019a8] 
[1,661s][debug][gc,nmethod     ] GC(0) O: Purge NMethod: java.lang.String.startsWith (0x000078e2fec42408) [0x000078e2fec42500, 0x000078e2fec42818] 
[1,661s][debug][gc,nmethod     ] GC(0) O: Purge NMethod: org.junit.platform.commons.util.ReflectionUtils.hasCompatibleSignature (0x000078e2df868788) [0x000078e2df868880, 0x000078e2df86a250] 
[1,661s][debug][gc,nmethod     ] GC(0) O: Purge NMethod: java.util.stream.AbstractPipeline.evaluate (0x000078e2fec83988) [0x000078e2fec83a80, 0x000078e2fec84dc8] 
[1,661s][debug][gc,nmethod     ] GC(0) O: Purge NMethod: sun.util.locale.BaseLocale.hashCode (0x000078e2df63ae08) [0x000078e2df63af00, 0x000078e2df63ed88] 
[1,661s][debug][gc,nmethod     ] Register NMethod: java.util.concurrent.locks.ReentrantLock$NonfairSync.initialTryLock (0x000078e2dfa1a608) [0x000078e2dfa1a700, 0x000078e2dfa1b3f0] Compiler: c1, Barriers: 5, Oops: 0, ImmediateOops: 1, NonImmediateOops: No
[1,661s][debug][gc,phases      ] GC(0) O: Concurrent Classes Purge 3,206ms
[1,661s][debug][gc,phases,start] GC(0) O: Concurrent References Enqueue
[1,661s][debug][gc,phases      ] GC(0) O: Concurrent References Enqueue 0,009ms
[1,661s][info ][gc,phases      ] GC(0) O: Concurrent Process Non-Strong 8,662ms
[1,661s][debug][gc,phases,start] GC(0) O: Concurrent Reset Relocation Set
[1,661s][info ][gc,phases      ] GC(0) O: Concurrent Reset Relocation Set 0,010ms
[1,661s][debug][gc,phases,start] GC(0) O: Concurrent Select Relocation Set
[1,661s][debug][gc,reloc       ] Synchronize all workers 1 _nworkers: 0 _nsynchronized: 0
[1,661s][debug][gc,reloc       ] Synchronize all workers 1 _nworkers: 0 _nsynchronized: 0
[1,661s][debug][gc,nmethod     ] Register NMethod: org.gradle.internal.io.LineBufferingOutputStream.write (0x000078e2df453488) [0x000078e2df453580, 0x000078e2df454d58] Compiler: c1, Barriers: 4, Oops: 1, ImmediateOops: 2, NonImmediateOops: No
[1,661s][debug][gc,reloc       ] GC(0) O: Relocation Set (Medium Pages): 0->0, 0 skipped, 0 forwarding entries
[1,661s][debug][gc,reloc       ] GC(0) O: Relocation Set (Small Pages): 0->0, 0 skipped, 0 forwarding entries
[1,661s][debug][gc,task        ] GC(0) O: Executing ZRelocationSetInstallTask using ZWorkerOld with 1 workers
[1,661s][debug][gc,reloc       ] Desynchronize all workers _nworkers: 0 _nsynchronized: 0
[1,661s][debug][gc,reloc       ] Desynchronize all workers _nworkers: 0 _nsynchronized: 0
[1,661s][info ][gc,phases      ] GC(0) O: Concurrent Select Relocation Set 0,332ms
[1,661s][debug][gc,phases,start] GC(0) O: Concurrent Remap Roots
[1,661s][debug][gc,nmethod     ] Register NMethod: java.util.HashMap.putVal (0x000078e2fec72788) [0x000078e2fec72880, 0x000078e2fec737f0] Compiler: jvmci, Barriers: 45, Oops: 0, ImmediateOops: 0, NonImmediateOops: No
[1,661s][info ][gc,task        ] GC(0) O: Using 2 Workers for Old Generation
[1,661s][debug][gc,task        ] GC(0) O: Executing ZRemapYoungRootsTask using ZWorkerOld with 2 workers
[1,662s][info ][gc,task        ] GC(0) O: Using 1 Workers for Old Generation
[1,662s][info ][gc,phases      ] GC(0) O: Concurrent Remap Roots 0,969ms
[1,662s][debug][gc,reloc       ] Synchronize all workers 1 _nworkers: 0 _nsynchronized: 0
[1,662s][debug][gc,reloc       ] Synchronize all workers 1 _nworkers: 0 _nsynchronized: 0
[1,662s][debug][gc,phases,start] GC(0) O: Pause Relocate Start
[1,662s][debug][gc,reloc       ] GC(0) O: Joining workers: 1
[1,662s][info ][gc,phases      ] GC(0) O: Pause Relocate Start 0,026ms
[1,662s][debug][gc,reloc       ] Desynchronize all workers _nworkers: 1 _nsynchronized: 0
[1,662s][debug][gc,reloc       ] Desynchronize all workers _nworkers: 0 _nsynchronized: 0
[1,662s][debug][gc,phases,start] GC(0) O: Concurrent Relocate
[1,662s][debug][gc,task        ] GC(0) O: Executing ZRelocateStoreBufferInstallBasePointersTask using ZWorkerOld with 1 workers
[1,662s][debug][gc             ] JNI Critical Stall (Test worker) 0,157ms
[1,662s][debug][gc,task        ] GC(0) O: Executing ZRelocateTask using ZWorkerOld with 1 workers
[1,662s][debug][gc,reloc       ] GC(0) O: Leaving workers: left: 0 _synchronize: 0 _nsynchronized: 0
[1,662s][info ][gc,phases      ] GC(0) O: Concurrent Relocate 0,250ms
[1,662s][debug][gc,heap        ] GC(0) O: Heap After GC invocations=1 (full 1):
[1,662s][debug][gc,heap        ] GC(0) O:  ZHeap           used 58M, capacity 5120M, max capacity 12288M
[1,663s][debug][gc,heap        ] GC(0) O:   Cache          5062M (3)
[1,663s][debug][gc,heap        ] GC(0) O:    size classes  2M (1), 64M (1), 4G (1)
[1,663s][debug][gc,metaspace   ] GC(0) O: Metaspace After GC invocations=1 (full 1):
[1,663s][debug][gc,metaspace   ] GC(0) O:  Metaspace       used 22542K, committed 22784K, reserved 1114112K
[1,663s][debug][gc,metaspace   ] GC(0) O:   class space    used 1926K, committed 2048K, reserved 1048576K
[1,663s][info ][gc,alloc       ] GC(0) O:                         Mark Start        Mark End      Relocate Start    Relocate End   
[1,663s][info ][gc,alloc       ] GC(0) O: Allocation Stalls:          0                0                0                0         
[1,663s][info ][gc,load        ] GC(0) O: Load: 1,27 (6%) / 1,78 (9%) / 1,92 (10%)
[1,663s][info ][gc,mmu         ] GC(0) O: MMU: 2ms/96,1%, 5ms/98,4%, 10ms/99,2%, 20ms/99,4%, 50ms/99,7%, 100ms/99,8%
[1,663s][info ][gc,marking     ] GC(0) O: Mark: 1 stripe(s), 1 proactive flush(es), 1 terminate flush(es), 0 completion(s), 0 continuation(s) 
[1,663s][info ][gc,nmethod     ] GC(0) O: NMethods: 2336 registered, 279 unregistered
[1,663s][info ][gc,metaspace   ] GC(0) O: Metaspace: 22M used, 22M committed, 1088M reserved
[1,663s][info ][gc,ref         ] GC(0) O:                       Encountered   Discovered     Enqueued 
[1,663s][info ][gc,ref         ] GC(0) O: Soft References:             2773            0            0 
[1,663s][info ][gc,ref         ] GC(0) O: Weak References:             1825            0            0 
[1,663s][info ][gc,ref         ] GC(0) O: Final References:               0            0            0 
[1,663s][info ][gc,ref         ] GC(0) O: Phantom References:           422            0            0 
[1,663s][info ][gc,heap        ] GC(0) O: Min Capacity: 5120M(42%)
[1,663s][info ][gc,heap        ] GC(0) O: Max Capacity: 12288M(100%)
[1,663s][info ][gc,heap        ] GC(0) O: Soft Max Capacity: 12288M(100%)
[1,663s][info ][gc,heap        ] GC(0) O: Heap Statistics:
[1,663s][info ][gc,heap        ] GC(0) O:                Mark Start          Mark End        Relocate Start      Relocate End           High               Low         
[1,663s][info ][gc,heap        ] GC(0) O:  Capacity:     5120M (42%)        5120M (42%)        5120M (42%)        5120M (42%)        5120M (42%)        5120M (42%)    
[1,663s][info ][gc,heap        ] GC(0) O:      Free:    12174M (99%)       12236M (100%)      12230M (100%)      12230M (100%)      12238M (100%)      12164M (99%)    
[1,663s][info ][gc,heap        ] GC(0) O:      Used:      114M (1%)           52M (0%)           58M (0%)           58M (0%)          124M (1%)           50M (0%)     
[1,663s][info ][gc,heap        ] GC(0) O: Old Generation Statistics:
[1,663s][info ][gc,heap        ] GC(0) O:                Mark Start          Mark End        Relocate Start      Relocate End    
[1,663s][info ][gc,heap        ] GC(0) O:      Used:        0M (0%)            0M (0%)            0M (0%)            0M (0%)     
[1,663s][info ][gc,heap        ] GC(0) O:      Live:         -                 0M (0%)            0M (0%)            0M (0%)     
[1,663s][info ][gc,heap        ] GC(0) O:   Garbage:         -                 0M (0%)            0M (0%)            0M (0%)     
[1,663s][info ][gc,heap        ] GC(0) O: Allocated:         -                 0M (0%)            0M (0%)            0M (0%)     
[1,663s][info ][gc,heap        ] GC(0) O: Reclaimed:         -                  -                 0M (0%)            0M (0%)     
[1,663s][info ][gc,heap        ] GC(0) O: Compacted:         -                  -                  -                 0M (0%)     
[1,663s][info ][gc,phases      ] GC(0) O: Old Generation 52M(0%)->58M(0%) 0,011s
[1,663s][info ][gc             ] GC(0) Major Collection (Metadata GC Threshold) 114M(1%)->58M(0%) 0,035s
[1,664s][debug][gc,director    ] Rule Major: Warmup 10%, Used: 58MB, UsedThreshold: 1228MB
[1,665s][debug][gc,nmethod     ] Register NMethod: java.lang.StringUTF16.compress (0x000078e2fec68f08) [0x000078e2fec690c0, 0x000078e2fec69518] Compiler: jvmci, Barriers: 0, Oops: 0, ImmediateOops: 0, NonImmediateOops: No
[1,666s][debug][gc,nmethod     ] Register NMethod: org.gradle.internal.io.StreamByteBuffer$StreamByteBufferChunk.spaceLeft (0x000078e2febe8088) [0x000078e2febe8180, 0x000078e2febe8208] Compiler: jvmci, Barriers: 0, Oops: 1, ImmediateOops: 0, NonImmediateOops: No
[1,668s][debug][gc,nmethod     ] Register NMethod: java.lang.StringLatin1.inflate (0x000078e2df40b888) [0x000078e2df40b980, 0x000078e2df40bb70] Compiler: c1, Barriers: 0, Oops: 0, ImmediateOops: 0, NonImmediateOops: No
[1,668s][debug][gc,nmethod     ] Register NMethod: java.lang.String.rangeCheck (0x000078e2df451788) [0x000078e2df451880, 0x000078e2df451ae8] Compiler: c1, Barriers: 0, Oops: 1, ImmediateOops: 1, NonImmediateOops: No
[1,668s][debug][gc,nmethod     ] Register NMethod: java.lang.reflect.Method.getParameterTypes (0x000078e2fec10388) [0x000078e2fec10480, 0x000078e2fec106e8] Compiler: jvmci, Barriers: 1, Oops: 0, ImmediateOops: 0, NonImmediateOops: No
[1,670s][debug][gc,nmethod     ] Register NMethod: java.lang.invoke.MethodHandle.linkToStatic (0x000078e2febe9688) [0x000078e2febe9780, 0x000078e2febe9870] Compiler: , Barriers: 0, Oops: 0, ImmediateOops: 0, NonImmediateOops: No
[1,671s][debug][gc,nmethod     ] Register NMethod: java.lang.invoke.MethodHandle.linkToStatic (0x000078e2febed008) [0x000078e2febed100, 0x000078e2febed1f0] Compiler: , Barriers: 0, Oops: 0, ImmediateOops: 0, NonImmediateOops: No
[1,671s][debug][gc,nmethod     ] Register NMethod: java.lang.invoke.MethodHandle.linkToStatic (0x000078e2febf3008) [0x000078e2febf3100, 0x000078e2febf31f0] Compiler: , Barriers: 0, Oops: 0, ImmediateOops: 0, NonImmediateOops: No
[1,672s][debug][gc,nmethod     ] Register NMethod: java.lang.invoke.MethodHandle.linkToSpecial (0x000078e2febfac08) [0x000078e2febfad00, 0x000078e2febfadf8] Compiler: , Barriers: 0, Oops: 0, ImmediateOops: 0, NonImmediateOops: No
[1,672s][debug][gc,nmethod     ] Register NMethod: jdk.internal.loader.URLClassPath.getResource (0x000078e2fec49608) [0x000078e2fec49700, 0x000078e2fec4c4d0] Compiler: jvmci, Barriers: 38, Oops: 2, ImmediateOops: 8, NonImmediateOops: No
[1,672s][debug][gc,nmethod     ] Register NMethod: java.lang.invoke.MethodHandle.invokeBasic (0x000078e2fec4ed08) [0x000078e2fec4ee00, 0x000078e2fec4f098] Compiler: , Barriers: 0, Oops: 0, ImmediateOops: 0, NonImmediateOops: No
[1,673s][debug][gc,nmethod     ] Register NMethod: sun.invoke.util.Wrapper.isNumeric (0x000078e2df41ed88) [0x000078e2df41ee80, 0x000078e2df41efd0] Compiler: c1, Barriers: 0, Oops: 0, ImmediateOops: 0, NonImmediateOops: No
[1,673s][debug][gc,nmethod     ] Register NMethod: java.lang.invoke.MethodHandle.linkToSpecial (0x000078e2fec00608) [0x000078e2fec00700, 0x000078e2fec007f8] Compiler: , Barriers: 0, Oops: 0, ImmediateOops: 0, NonImmediateOops: No
[1,673s][debug][gc,nmethod     ] Register NMethod: sun.invoke.util.Wrapper.isIntegral (0x000078e2df433988) [0x000078e2df433a80, 0x000078e2df433e68] Compiler: c1, Barriers: 0, Oops: 0, ImmediateOops: 0, NonImmediateOops: No
[1,673s][debug][gc,nmethod     ] Register NMethod: sun.invoke.util.Wrapper.isSubwordOrInt (0x000078e2df46f888) [0x000078e2df46f980, 0x000078e2df470260] Compiler: c1, Barriers: 0, Oops: 0, ImmediateOops: 0, NonImmediateOops: No
[1,673s][debug][gc,nmethod     ] Register NMethod: jdk.internal.classfile.impl.StackMapGenerator$Frame.setLocalRawInternal (0x000078e2df41f708) [0x000078e2df41f800, 0x000078e2df420110] Compiler: c1, Barriers: 6, Oops: 0, ImmediateOops: 0, NonImmediateOops: No
[1,673s][debug][gc,nmethod     ] Register NMethod: java.lang.invoke.MethodHandle.linkToStatic (0x000078e2fec1ac88) [0x000078e2fec1ad80, 0x000078e2fec1ae70] Compiler: , Barriers: 0, Oops: 0, ImmediateOops: 0, NonImmediateOops: No
[1,673s][debug][gc,nmethod     ] Register NMethod: java.lang.String.indexOf (0x000078e2fec81a08) [0x000078e2fec81b00, 0x000078e2fec81c58] Compiler: jvmci, Barriers: 1, Oops: 0, ImmediateOops: 0, NonImmediateOops: No
[1,674s][debug][gc,nmethod     ] Register NMethod: jdk.internal.classfile.impl.AnnotationReader.writeAnnotation (0x000078e2df482908) [0x000078e2df482a00, 0x000078e2df486800] Compiler: c1, Barriers: 5, Oops: 1, ImmediateOops: 3, NonImmediateOops: No
[1,674s][debug][gc,director    ] Rule Major: Warmup 10%, Used: 58MB, UsedThreshold: 1228MB
[1,674s][debug][gc,nmethod     ] Register NMethod: java.lang.ref.SoftReference.get (0x000078e2fec7e308) [0x000078e2fec7e400, 0x000078e2fec7e538] Compiler: jvmci, Barriers: 2, Oops: 0, ImmediateOops: 1, NonImmediateOops: No
[1,674s][debug][gc,nmethod     ] Register NMethod: jdk.internal.loader.URLClassPath$JarLoader$1.getCodeSourceURL (0x000078e2fec11408) [0x000078e2fec11500, 0x000078e2fec11608] Compiler: jvmci, Barriers: 2, Oops: 0, ImmediateOops: 0, NonImmediateOops: No
[1,674s][debug][gc,nmethod     ] Register NMethod: java.lang.invoke.InvokerBytecodeGenerator.emitReferenceCast (0x000078e2df414c08) [0x000078e2df414d00, 0x000078e2df418050] Compiler: c1, Barriers: 9, Oops: 3, ImmediateOops: 7, NonImmediateOops: No
[1,674s][debug][gc,nmethod     ] Register NMethod: java.util.KeyValueHolder.<init> (0x000078e2df44ea08) [0x000078e2df44eb00, 0x000078e2df44efc8] Compiler: c1, Barriers: 6, Oops: 0, ImmediateOops: 0, NonImmediateOops: No
[1,675s][debug][gc,nmethod     ] Register NMethod: java.util.LinkedHashMap.get (0x000078e2fec38e08) [0x000078e2fec38f00, 0x000078e2fec397f8] Compiler: jvmci, Barriers: 12, Oops: 0, ImmediateOops: 0, NonImmediateOops: No
[1,677s][debug][gc,nmethod     ] Register NMethod: java.lang.invoke.MemberName.equals (0x000078e2df462508) [0x000078e2df462600, 0x000078e2df464410] Compiler: c1, Barriers: 4, Oops: 0, ImmediateOops: 0, NonImmediateOops: No
[1,677s][debug][gc,nmethod     ] Register NMethod: java.lang.invoke.LambdaForm.returnType (0x000078e2df481388) [0x000078e2df481480, 0x000078e2df4816a0] Compiler: c1, Barriers: 3, Oops: 0, ImmediateOops: 1, NonImmediateOops: No
[1,677s][debug][gc,nmethod     ] Register NMethod: java.lang.invoke.MethodHandle.linkToStatic (0x000078e2fec2c288) [0x000078e2fec2c380, 0x000078e2fec2c478] Compiler: , Barriers: 0, Oops: 0, ImmediateOops: 0, NonImmediateOops: No
[1,677s][debug][gc,nmethod     ] Register NMethod: jdk.internal.constant.PrimitiveClassDescImpl.isPrimitive (0x000078e2fec50988) [0x000078e2fec50a80, 0x000078e2fec50b40] Compiler: c1, Barriers: 0, Oops: 0, ImmediateOops: 0, NonImmediateOops: No
[1,677s][debug][gc,nmethod     ] Register NMethod: java.lang.invoke.MethodHandle.linkToSpecial (0x000078e2fec62408) [0x000078e2fec62500, 0x000078e2fec625f8] Compiler: , Barriers: 0, Oops: 0, ImmediateOops: 0, NonImmediateOops: No
[1,678s][debug][gc,nmethod     ] Register NMethod: java.lang.invoke.MethodHandle.invokeBasic (0x000078e2fec6dd88) [0x000078e2fec6de80, 0x000078e2fec6e118] Compiler: , Barriers: 0, Oops: 0, ImmediateOops: 0, NonImmediateOops: No
[1,678s][debug][gc,nmethod     ] Register NMethod: java.lang.invoke.MethodHandle.linkToSpecial (0x000078e2fec6da08) [0x000078e2fec6db00, 0x000078e2fec6dbf8] Compiler: , Barriers: 0, Oops: 0, ImmediateOops: 0, NonImmediateOops: No
[1,678s][debug][gc,nmethod     ] Register NMethod: java.lang.invoke.MethodHandle.linkToStatic (0x000078e2febf6a08) [0x000078e2febf6b00, 0x000078e2febf6bf8] Compiler: , Barriers: 0, Oops: 0, ImmediateOops: 0, NonImmediateOops: No
[1,678s][debug][gc,nmethod     ] Register NMethod: java.lang.invoke.InnerClassLambdaMetafactory.argName (0x000078e2df85ac08) [0x000078e2df85ad00, 0x000078e2df85b990] Compiler: c1, Barriers: 1, Oops: 1, ImmediateOops: 3, NonImmediateOops: No
[1,678s][debug][gc,nmethod     ] Register NMethod: java.lang.invoke.MethodHandle.linkToSpecial (0x000078e2febf6708) [0x000078e2febf6800, 0x000078e2febf68f8] Compiler: , Barriers: 0, Oops: 0, ImmediateOops: 0, NonImmediateOops: No
[1,678s][debug][gc,nmethod     ] Register NMethod: java.lang.invoke.MethodHandle.invokeBasic (0x000078e2febf6088) [0x000078e2febf6180, 0x000078e2febf6418] Compiler: , Barriers: 0, Oops: 0, ImmediateOops: 0, NonImmediateOops: No
[1,678s][debug][gc,nmethod     ] Register NMethod: java.lang.invoke.MethodHandle.linkToSpecial (0x000078e2fec35b08) [0x000078e2fec35c00, 0x000078e2fec35cf8] Compiler: , Barriers: 0, Oops: 0, ImmediateOops: 0, NonImmediateOops: No
[1,679s][debug][gc,nmethod     ] Register NMethod: java.lang.invoke.MethodHandle.invokeBasic (0x000078e2fec35708) [0x000078e2fec35800, 0x000078e2fec35a98] Compiler: , Barriers: 0, Oops: 0, ImmediateOops: 0, NonImmediateOops: No
[1,679s][debug][gc,nmethod     ] Register NMethod: java.lang.invoke.MethodHandle.linkToSpecial (0x000078e2fec35188) [0x000078e2fec35280, 0x000078e2fec35378] Compiler: , Barriers: 0, Oops: 0, ImmediateOops: 0, NonImmediateOops: No
[1,680s][debug][gc,nmethod     ] Register NMethod: sun.invoke.util.Wrapper.isDoubleWord (0x000078e2df424a08) [0x000078e2df424b00, 0x000078e2df424c50] Compiler: c1, Barriers: 0, Oops: 0, ImmediateOops: 0, NonImmediateOops: No
[1,682s][debug][gc,nmethod     ] Register NMethod: jdk.internal.classfile.impl.BufWriterImpl.writeU1 (0x000078e2fec6b708) [0x000078e2fec6b800, 0x000078e2fec6bc20] Compiler: jvmci, Barriers: 4, Oops: 0, ImmediateOops: 0, NonImmediateOops: No
[1,682s][debug][gc,nmethod     ] Register NMethod: java.lang.invoke.DirectMethodHandle$Holder.newInvokeSpecial (0x000078e2df763688) [0x000078e2df763780, 0x000078e2df763ff0] Compiler: c1, Barriers: 2, Oops: 0, ImmediateOops: 1, NonImmediateOops: No
[1,682s][debug][gc,nmethod     ] Register NMethod: java.lang.invoke.MethodHandle.linkToInterface (0x000078e2fec6b408) [0x000078e2fec6b500, 0x000078e2fec6b630] Compiler: , Barriers: 0, Oops: 0, ImmediateOops: 0, NonImmediateOops: No
[1,683s][debug][gc,nmethod     ] Register NMethod: java.lang.Throwable.<init> (0x000078e2df458388) [0x000078e2df458480, 0x000078e2df458c40] Compiler: c1, Barriers: 13, Oops: 0, ImmediateOops: 3, NonImmediateOops: No
[1,684s][debug][gc,director    ] Rule Major: Warmup 10%, Used: 60MB, UsedThreshold: 1228MB
[1,684s][debug][gc,nmethod     ] Register NMethod: java.lang.Enum.equals (0x000078e2df42b808) [0x000078e2df42b900, 0x000078e2df42ba50] Compiler: c1, Barriers: 0, Oops: 0, ImmediateOops: 0, NonImmediateOops: No
[1,685s][debug][gc,nmethod     ] Register NMethod: java.util.ImmutableCollections$ListN.get (0x000078e2fec6ae88) [0x000078e2fec6af80, 0x000078e2fec6b0c0] Compiler: jvmci, Barriers: 2, Oops: 0, ImmediateOops: 0, NonImmediateOops: No
[1,686s][debug][gc,nmethod     ] Register NMethod: java.lang.invoke.MethodHandle.linkToVirtual (0x000078e2fec6a888) [0x000078e2fec6a980, 0x000078e2fec6a9a8] Compiler: , Barriers: 0, Oops: 0, ImmediateOops: 0, NonImmediateOops: No
[1,688s][debug][gc,nmethod     ] Register NMethod: jdk.internal.classfile.impl.TerminalCodeBuilder.setupTopLocal (0x000078e2df7f6b08) [0x000078e2df7f6c00, 0x000078e2df7f8e60] Compiler: c1, Barriers: 0, Oops: 1, ImmediateOops: 3, NonImmediateOops: No
[1,688s][debug][gc,nmethod     ] Register NMethod: java.lang.invoke.MethodHandle.linkToStatic (0x000078e2fec6a588) [0x000078e2fec6a680, 0x000078e2fec6a778] Compiler: , Barriers: 0, Oops: 0, ImmediateOops: 0, NonImmediateOops: No
[1,688s][debug][gc,nmethod     ] Register NMethod: jdk.internal.classfile.impl.DirectCodeBuilder$4.writeBody (0x000078e2df466808) [0x000078e2df466900, 0x000078e2df46b1b8] Compiler: c1, Barriers: 36, Oops: 1, ImmediateOops: 7, NonImmediateOops: No
[1,689s][debug][gc,nmethod     ] Register NMethod: java.lang.invoke.MethodHandle.linkToSpecial (0x000078e2fec6a288) [0x000078e2fec6a380, 0x000078e2fec6a478] Compiler: , Barriers: 0, Oops: 0, ImmediateOops: 0, NonImmediateOops: No
[1,689s][debug][gc,nmethod     ] Register NMethod: java.util.Arrays.fill (0x000078e2fec69f88) [0x000078e2fec6a080, 0x000078e2fec6a218] Compiler: jvmci, Barriers: 3, Oops: 0, ImmediateOops: 0, NonImmediateOops: No
[1,689s][debug][gc,nmethod     ] Register NMethod: java.lang.invoke.MethodHandle.invokeBasic (0x000078e2fec7d408) [0x000078e2fec7d500, 0x000078e2fec7d798] Compiler: , Barriers: 0, Oops: 0, ImmediateOops: 0, NonImmediateOops: No
[1,689s][debug][gc,nmethod     ] Register NMethod: java.lang.invoke.MethodHandle.linkToSpecial (0x000078e2fec69c88) [0x000078e2fec69d80, 0x000078e2fec69e78] Compiler: , Barriers: 0, Oops: 0, ImmediateOops: 0, NonImmediateOops: No
[1,689s][debug][gc,nmethod     ] Register NMethod: jdk.internal.classfile.impl.StackMapGenerator$Frame.setLocal (0x000078e2df40e108) [0x000078e2df40e200, 0x000078e2df40e7d8] Compiler: c1, Barriers: 2, Oops: 0, ImmediateOops: 6, NonImmediateOops: No
[1,690s][debug][gc,nmethod     ] Register NMethod: java.lang.Short.<init> (0x000078e2df43af08) [0x000078e2df43b000, 0x000078e2df43b1c0] Compiler: c1, Barriers: 0, Oops: 0, ImmediateOops: 0, NonImmediateOops: No
[1,690s][debug][gc,nmethod     ] Register NMethod: java.lang.invoke.MethodHandle.linkToStatic (0x000078e2fec7d108) [0x000078e2fec7d200, 0x000078e2fec7d2f0] Compiler: , Barriers: 0, Oops: 0, ImmediateOops: 0, NonImmediateOops: No
[1,690s][debug][gc,nmethod     ] Register NMethod: java.util.Arrays$ArrayItr.next (0x000078e2df414808) [0x000078e2df414900, 0x000078e2df414ba0] Compiler: c1, Barriers: 2, Oops: 0, ImmediateOops: 0, NonImmediateOops: No
[1,690s][debug][gc,nmethod     ] Register NMethod: java.lang.Number.<init> (0x000078e2fec7ce08) [0x000078e2fec7cf00, 0x000078e2fec7cf80] Compiler: jvmci, Barriers: 0, Oops: 0, ImmediateOops: 0, NonImmediateOops: No
[1,690s][debug][gc,nmethod     ] Register NMethod: java.lang.invoke.MethodHandle.linkToSpecial (0x000078e2fec7cb08) [0x000078e2fec7cc00, 0x000078e2fec7ccf8] Compiler: , Barriers: 0, Oops: 0, ImmediateOops: 0, NonImmediateOops: No
[1,690s][debug][gc,nmethod     ] Register NMethod: java.lang.invoke.MethodHandle.invokeBasic (0x000078e2fec8a808) [0x000078e2fec8a900, 0x000078e2fec8ab98] Compiler: , Barriers: 0, Oops: 0, ImmediateOops: 0, NonImmediateOops: No
[1,690s][debug][gc,nmethod     ] Register NMethod: java.lang.invoke.MethodHandle.linkToSpecial (0x000078e2fec7c808) [0x000078e2fec7c900, 0x000078e2fec7c9f8] Compiler: , Barriers: 0, Oops: 0, ImmediateOops: 0, NonImmediateOops: No
[1,691s][debug][gc,nmethod     ] Register NMethod: java.lang.invoke.MethodHandle.linkToNative (0x000078e2fec8a508) [0x000078e2fec8a600, 0x000078e2fec8a610] Compiler: , Barriers: 0, Oops: 0, ImmediateOops: 0, NonImmediateOops: No
[1,693s][debug][gc,nmethod     ] Register NMethod: sun.invoke.util.Wrapper.forBasicType (0x000078e2df450988) [0x000078e2df450a80, 0x000078e2df450ef8] Compiler: c1, Barriers: 0, Oops: 0, ImmediateOops: 19, NonImmediateOops: No
[1,693s][debug][gc,nmethod     ] Register NMethod: jdk.internal.classfile.impl.StackMapDecoder$1.compare (0x000078e2df490b88) [0x000078e2df490c80, 0x000078e2df491440] Compiler: c1, Barriers: 4, Oops: 0, ImmediateOops: 0, NonImmediateOops: No
[1,693s][debug][gc,nmethod     ] Register NMethod: jdk.internal.classfile.impl.StackMapDecoder$1.compare (0x000078e2df46e208) [0x000078e2df46e300, 0x000078e2df46ef70] Compiler: c1, Barriers: 4, Oops: 0, ImmediateOops: 0, NonImmediateOops: No
[1,694s][debug][gc,nmethod     ] Register NMethod: java.lang.classfile.CodeBuilder.loadConstant (0x000078e2df43f008) [0x000078e2df43f100, 0x000078e2df4420c8] Compiler: c1, Barriers: 14, Oops: 0, ImmediateOops: 0, NonImmediateOops: No
[1,694s][debug][gc,director    ] Rule Major: Warmup 10%, Used: 62MB, UsedThreshold: 1228MB
[1,694s][debug][gc,nmethod     ] Register NMethod: jdk.internal.classfile.impl.SplitConstantPool.findEntry (0x000078e2fec89a08) [0x000078e2fec89b20, 0x000078e2fec8a360] Compiler: jvmci, Barriers: 10, Oops: 0, ImmediateOops: 0, NonImmediateOops: No
[1,694s][debug][gc,nmethod     ] Register NMethod: sun.invoke.util.Wrapper.basicClassDescriptor (0x000078e2fec33508) [0x000078e2fec33600, 0x000078e2fec336e8] Compiler: c1, Barriers: 1, Oops: 0, ImmediateOops: 0, NonImmediateOops: No
[1,695s][debug][gc,nmethod     ] Register NMethod: jdk.internal.classfile.impl.StackMapGenerator.of (0x000078e2df412308) [0x000078e2df412400, 0x000078e2df413788] Compiler: c1, Barriers: 12, Oops: 0, ImmediateOops: 0, NonImmediateOops: No
[1,695s][debug][gc,nmethod     ] Register NMethod: java.lang.invoke.MethodHandle.linkToStatic (0x000078e2fec33208) [0x000078e2fec33300, 0x000078e2fec333f0] Compiler: , Barriers: 0, Oops: 0, ImmediateOops: 0, NonImmediateOops: No
[1,698s][debug][gc,nmethod     ] Register NMethod: java.util.Arrays.fill (0x000078e2fec32e88) [0x000078e2fec32f80, 0x000078e2fec331a8] Compiler: jvmci, Barriers: 6, Oops: 0, ImmediateOops: 0, NonImmediateOops: No
[1,698s][debug][gc,nmethod     ] Register NMethod: jdk.internal.classfile.impl.StackMapGenerator.detectFrames (0x000078e2df72bf08) [0x000078e2df72c000, 0x000078e2df72f658] Compiler: c1, Barriers: 7, Oops: 1, ImmediateOops: 2, NonImmediateOops: No
[1,698s][debug][gc,nmethod     ] Register NMethod: jdk.internal.classfile.impl.DirectCodeBuilder$4.generateStackMaps (0x000078e2df764008) [0x000078e2df764100, 0x000078e2df764c20] Compiler: c1, Barriers: 2, Oops: 0, ImmediateOops: 1, NonImmediateOops: No
[1,698s][debug][gc,nmethod     ] Register NMethod: jdk.internal.classfile.impl.StackMapGenerator$Frame.merge (0x000078e2df57f688) [0x000078e2df57f780, 0x000078e2df580038] Compiler: c1, Barriers: 5, Oops: 0, ImmediateOops: 0, NonImmediateOops: No
[1,698s][debug][gc,nmethod     ] Register NMethod: jdk.internal.classfile.impl.StackMapGenerator$Type.mergeFrom (0x000078e2df864708) [0x000078e2df864800, 0x000078e2df8652a8] Compiler: c1, Barriers: 0, Oops: 0, ImmediateOops: 6, NonImmediateOops: No
[1,699s][debug][gc,nmethod     ] Register NMethod: jdk.internal.classfile.impl.SplitConstantPool.writeBootstrapMethods (0x000078e2df88b108) [0x000078e2df88b200, 0x000078e2df88c5f0] Compiler: c1, Barriers: 2, Oops: 0, ImmediateOops: 0, NonImmediateOops: No
[1,699s][debug][gc,nmethod     ] Register NMethod: jdk.internal.classfile.impl.SplitConstantPool.writeBootstrapMethods (0x000078e2df88b108) [0x000078e2df88b200, 0x000078e2df88c5f0] Compiler: c1, Barriers: 2, Oops: 0, ImmediateOops: 2, NonImmediateOops: No
[1,699s][debug][gc,nmethod     ] Register NMethod: jdk.internal.classfile.impl.SplitConstantPool.writeBootstrapMethods (0x000078e2df88b108) [0x000078e2df88b200, 0x000078e2df88c5f0] Compiler: c1, Barriers: 2, Oops: 0, ImmediateOops: 2, NonImmediateOops: No
[1,699s][debug][gc,nmethod     ] Register NMethod: java.lang.invoke.MethodHandle.linkToStatic (0x000078e2fec32b88) [0x000078e2fec32c80, 0x000078e2fec32d78] Compiler: , Barriers: 0, Oops: 0, ImmediateOops: 0, NonImmediateOops: No
[1,700s][debug][gc,nmethod     ] Register NMethod: java.lang.invoke.MethodHandle.invokeBasic (0x000078e2fec32588) [0x000078e2fec32680, 0x000078e2fec32918] Compiler: , Barriers: 0, Oops: 0, ImmediateOops: 0, NonImmediateOops: No
[1,700s][debug][gc,nmethod     ] Register NMethod: java.lang.invoke.MethodHandle.linkToSpecial (0x000078e2fec84b08) [0x000078e2fec84c00, 0x000078e2fec84cf8] Compiler: , Barriers: 0, Oops: 0, ImmediateOops: 0, NonImmediateOops: No
[1,702s][debug][gc,nmethod     ] Register NMethod: jdk.internal.classfile.impl.DirectClassBuilder.setSuperclass (0x000078e2fec84808) [0x000078e2fec84900, 0x000078e2fec84a30] Compiler: c1, Barriers: 3, Oops: 0, ImmediateOops: 0, NonImmediateOops: No
[1,702s][debug][gc,nmethod     ] Register NMethod: java.lang.classfile.CodeBuilder.checkcast (0x000078e2df455108) [0x000078e2df455200, 0x000078e2df455920] Compiler: c1, Barriers: 0, Oops: 0, ImmediateOops: 0, NonImmediateOops: No
[1,703s][debug][gc,nmethod     ] Register NMethod: java.lang.invoke.InvokerBytecodeGenerator.emitLoadInsn (0x000078e2df5c4788) [0x000078e2df5c4880, 0x000078e2df5c4bf0] Compiler: c1, Barriers: 1, Oops: 0, ImmediateOops: 0, NonImmediateOops: No
[1,703s][debug][gc,nmethod     ] Register NMethod: java.lang.invoke.InvokerBytecodeGenerator.emitPushArgument (0x000078e2df436d08) [0x000078e2df436e00, 0x000078e2df4391a8] Compiler: c1, Barriers: 5, Oops: 0, ImmediateOops: 4, NonImmediateOops: No
[1,703s][debug][gc,nmethod     ] Register NMethod: java.lang.invoke.MethodHandle.linkToNative (0x000078e2fec84508) [0x000078e2fec84600, 0x000078e2fec84608] Compiler: , Barriers: 0, Oops: 0, ImmediateOops: 0, NonImmediateOops: No
[1,704s][debug][gc,nmethod     ] Register NMethod: jdk.internal.classfile.impl.SplitConstantPool.findEntry (0x000078e2df45de88) [0x000078e2df45df80, 0x000078e2df45f688] Compiler: c1, Barriers: 3, Oops: 0, ImmediateOops: 0, NonImmediateOops: No
[1,704s][debug][gc,director    ] Rule Major: Warmup 10%, Used: 62MB, UsedThreshold: 1228MB
[1,704s][debug][gc,nmethod     ] Register NMethod: java.lang.invoke.MethodHandle.linkToStatic (0x000078e2fec84208) [0x000078e2fec84300, 0x000078e2fec843f0] Compiler: , Barriers: 0, Oops: 0, ImmediateOops: 0, NonImmediateOops: No
[1,704s][debug][gc,nmethod     ] Register NMethod: java.lang.Class.getPackageName (0x000078e2fec83a08) [0x000078e2fec83b00, 0x000078e2fec841a8] Compiler: jvmci, Barriers: 9, Oops: 0, ImmediateOops: 1, NonImmediateOops: No
[1,704s][debug][gc,nmethod     ] Register NMethod: jdk.internal.classfile.impl.ClassReaderImpl.readU1 (0x000078e2df47b908) [0x000078e2df47ba00, 0x000078e2df47bca8] Compiler: c1, Barriers: 1, Oops: 0, ImmediateOops: 1, NonImmediateOops: No
[1,705s][debug][gc,nmethod     ] Register NMethod: java.lang.invoke.MethodHandle.invokeBasic (0x000078e2fec3ce08) [0x000078e2fec3cf00, 0x000078e2fec3d198] Compiler: , Barriers: 0, Oops: 0, ImmediateOops: 0, NonImmediateOops: No
[1,705s][debug][gc,nmethod     ] Register NMethod: java.lang.invoke.MethodHandle.linkToSpecial (0x000078e2fec83688) [0x000078e2fec83780, 0x000078e2fec83878] Compiler: , Barriers: 0, Oops: 0, ImmediateOops: 0, NonImmediateOops: No
[1,706s][debug][gc,nmethod     ] Register NMethod: java.lang.invoke.InvokerBytecodeGenerator.methodDesc (0x000078e2df460608) [0x000078e2df460700, 0x000078e2df461808] Compiler: c1, Barriers: 19, Oops: 1, ImmediateOops: 1, NonImmediateOops: No
[1,706s][debug][gc,nmethod     ] Register NMethod: java.lang.invoke.InvokerBytecodeGenerator.emitStoreResult (0x000078e2df7dde08) [0x000078e2df7ddf00, 0x000078e2df7de748] Compiler: c1, Barriers: 3, Oops: 0, ImmediateOops: 1, NonImmediateOops: No
[1,706s][debug][gc,nmethod     ] Register NMethod: jdk.internal.util.DecimalDigits.uncheckedGetCharsLatin1 (0x000078e2df474908) [0x000078e2df474a00, 0x000078e2df474dc0] Compiler: c1, Barriers: 0, Oops: 0, ImmediateOops: 0, NonImmediateOops: No
[1,706s][debug][gc,nmethod     ] Register NMethod: java.lang.invoke.InvokerBytecodeGenerator.emitStaticInvoke (0x000078e2df867988) [0x000078e2df867a80, 0x000078e2df86a100] Compiler: c1, Barriers: 9, Oops: 0, ImmediateOops: 2, NonImmediateOops: No
[1,707s][debug][gc,nmethod     ] Register NMethod: java.lang.invoke.MethodHandle.linkToNative (0x000078e2fec3cb08) [0x000078e2fec3cc00, 0x000078e2fec3cc08] Compiler: , Barriers: 0, Oops: 0, ImmediateOops: 0, NonImmediateOops: No
[1,707s][debug][gc,nmethod     ] Register NMethod: java.util.Arrays.fill (0x000078e2fec3c708) [0x000078e2fec3c800, 0x000078e2fec3ca98] Compiler: jvmci, Barriers: 3, Oops: 0, ImmediateOops: 0, NonImmediateOops: No
[1,707s][debug][gc,nmethod     ] Register NMethod: jdk.internal.classfile.impl.StackMapGenerator$Type.isCategory2_2nd (0x000078e2df444d08) [0x000078e2df444e00, 0x000078e2df444f90] Compiler: c1, Barriers: 0, Oops: 0, ImmediateOops: 2, NonImmediateOops: No
[1,707s][debug][gc,nmethod     ] Register NMethod: java.lang.invoke.MethodHandle.linkToStatic (0x000078e2fec3c408) [0x000078e2fec3c500, 0x000078e2fec3c5f0] Compiler: , Barriers: 0, Oops: 0, ImmediateOops: 0, NonImmediateOops: No
[1,707s][debug][gc,nmethod     ] Register NMethod: jdk.internal.classfile.impl.StackMapGenerator.processBlock (0x000078e2fec97f08) [0x000078e2fec98000, 0x000078e2fec99ae0] Compiler: jvmci, Barriers: 31, Oops: 1, ImmediateOops: 9, NonImmediateOops: No
[1,707s][debug][gc,nmethod     ] Register NMethod: java.lang.ref.Reference.<init> (0x000078e2fec3c088) [0x000078e2fec3c180, 0x000078e2fec3c388] Compiler: jvmci, Barriers: 9, Oops: 0, ImmediateOops: 1, NonImmediateOops: No
[1,707s][debug][gc,nmethod     ] Register NMethod: jdk.internal.classfile.impl.ClassReaderImpl.readU2 (0x000078e2df81e588) [0x000078e2df81e680, 0x000078e2df81e958] Compiler: c1, Barriers: 1, Oops: 0, ImmediateOops: 1, NonImmediateOops: No
[1,708s][debug][gc,nmethod     ] Register NMethod: java.lang.invoke.MethodHandle.invokeBasic (0x000078e2fec3bc88) [0x000078e2fec3bd80, 0x000078e2fec3c018] Compiler: , Barriers: 0, Oops: 0, ImmediateOops: 0, NonImmediateOops: No
[1,708s][debug][gc,nmethod     ] Register NMethod: java.lang.invoke.MethodHandle.linkToSpecial (0x000078e2fec3b988) [0x000078e2fec3ba80, 0x000078e2fec3bb78] Compiler: , Barriers: 0, Oops: 0, ImmediateOops: 0, NonImmediateOops: No
[1,708s][debug][gc,nmethod     ] Register NMethod: java.lang.classfile.CodeBuilder.invoke (0x000078e2df785488) [0x000078e2df785580, 0x000078e2df786110] Compiler: c1, Barriers: 0, Oops: 0, ImmediateOops: 0, NonImmediateOops: No
[1,708s][debug][gc,nmethod     ] Register NMethod: java.util.Collections$EmptyList.size (0x000078e2fec1d008) [0x000078e2fec1d100, 0x000078e2fec1d1c0] Compiler: c1, Barriers: 0, Oops: 0, ImmediateOops: 0, NonImmediateOops: No
[1,708s][debug][gc,nmethod     ] Register NMethod: java.lang.invoke.MethodTypeForm.canonicalize (0x000078e2fec1cd08) [0x000078e2fec1ce00, 0x000078e2fec1cf28] Compiler: jvmci, Barriers: 0, Oops: 0, ImmediateOops: 1, NonImmediateOops: No
[1,708s][debug][gc,nmethod     ] Register NMethod: jdk.internal.classfile.impl.RawBytecodeHelper.isWide (0x000078e2df445988) [0x000078e2df445a80, 0x000078e2df445bd8] Compiler: c1, Barriers: 0, Oops: 0, ImmediateOops: 0, NonImmediateOops: No
[1,708s][debug][gc,nmethod     ] Register NMethod: jdk.internal.classfile.impl.RawBytecodeHelper.getIndex (0x000078e2df988888) [0x000078e2df988980, 0x000078e2df989480] Compiler: c1, Barriers: 2, Oops: 0, ImmediateOops: 0, NonImmediateOops: No
[1,708s][debug][gc,nmethod     ] Register NMethod: jdk.internal.classfile.impl.UnboundAttribute$UnboundRuntimeVisibleAnnotationsAttribute.annotations (0x000078e2fec1ca08) [0x000078e2fec1cb00, 0x000078e2fec1cbe8] Compiler: c1, Barriers: 1, Oops: 0, ImmediateOops: 0, NonImmediateOops: No
[1,709s][debug][gc,nmethod     ] Register NMethod: jdk.internal.classfile.impl.DirectCodeBuilder.storeLocal (0x000078e2df426908) [0x000078e2df426a00, 0x000078e2df428888] Compiler: c1, Barriers: 5, Oops: 0, ImmediateOops: 2, NonImmediateOops: No
[1,709s][debug][gc,nmethod     ] Register NMethod: java.lang.invoke.MethodHandle.linkToNative (0x000078e2fec1c708) [0x000078e2fec1c800, 0x000078e2fec1c808] Compiler: , Barriers: 0, Oops: 0, ImmediateOops: 0, NonImmediateOops: No
[1,710s][debug][gc,nmethod     ] Register NMethod: java.lang.invoke.MethodHandle.invokeBasic (0x000078e2fec1c308) [0x000078e2fec1c400, 0x000078e2fec1c698] Compiler: , Barriers: 0, Oops: 0, ImmediateOops: 0, NonImmediateOops: No
[1,710s][debug][gc,nmethod     ] Register NMethod: jdk.internal.classfile.impl.UnboundAttribute$UnboundSourceFileAttribute.sourceFile (0x000078e2fec1c008) [0x000078e2fec1c100, 0x000078e2fec1c1e8] Compiler: c1, Barriers: 1, Oops: 0, ImmediateOops: 0, NonImmediateOops: No
[1,710s][debug][gc,nmethod     ] Register NMethod: java.lang.invoke.MethodHandle.linkToSpecial (0x000078e2fec1bd08) [0x000078e2fec1be00, 0x000078e2fec1bef8] Compiler: , Barriers: 0, Oops: 0, ImmediateOops: 0, NonImmediateOops: No
[1,710s][debug][gc,nmethod     ] Register NMethod: java.lang.Class.getClassData (0x000078e2fec1b988) [0x000078e2fec1ba80, 0x000078e2fec1bb68] Compiler: c1, Barriers: 1, Oops: 0, ImmediateOops: 0, NonImmediateOops: No
[1,710s][debug][gc,nmethod     ] Register NMethod: jdk.internal.classfile.impl.UnboundAttribute.writeTo (0x000078e2df472108) [0x000078e2df472200, 0x000078e2df472648] Compiler: c1, Barriers: 2, Oops: 0, ImmediateOops: 0, NonImmediateOops: No
[1,710s][debug][gc,nmethod     ] Register NMethod: jdk.internal.classfile.impl.DirectMethodBuilder.with (0x000078e2df52dd88) [0x000078e2df52de80, 0x000078e2df52f0a0] Compiler: c1, Barriers: 2, Oops: 0, ImmediateOops: 0, NonImmediateOops: No
[1,710s][debug][gc,nmethod     ] Register NMethod: jdk.internal.classfile.impl.DirectMethodBuilder.with (0x000078e2df472c88) [0x000078e2df472d80, 0x000078e2df473b60] Compiler: c1, Barriers: 2, Oops: 0, ImmediateOops: 0, NonImmediateOops: No
[1,710s][debug][gc,nmethod     ] Register NMethod: java.lang.invoke.MethodHandle.intrinsicName (0x000078e2df447008) [0x000078e2df447100, 0x000078e2df447208] Compiler: c1, Barriers: 0, Oops: 0, ImmediateOops: 1, NonImmediateOops: No
[1,710s][debug][gc,nmethod     ] Register NMethod: jdk.internal.classfile.impl.StackMapGenerator$Frame.getLocal (0x000078e2df4e1388) [0x000078e2df4e1480, 0x000078e2df4e18b0] Compiler: c1, Barriers: 2, Oops: 0, ImmediateOops: 0, NonImmediateOops: No
[1,710s][debug][gc,nmethod     ] Register NMethod: java.lang.invoke.InvokerBytecodeGenerator.emitStoreInsn (0x000078e2df776188) [0x000078e2df776280, 0x000078e2df7765f0] Compiler: c1, Barriers: 1, Oops: 0, ImmediateOops: 0, NonImmediateOops: No
[1,711s][debug][gc,nmethod     ] Register NMethod: jdk.internal.classfile.impl.UnboundAttribute$AdHocAttribute.writeTo (0x000078e2df51c308) [0x000078e2df51c400, 0x000078e2df51dff0] Compiler: c1, Barriers: 5, Oops: 0, ImmediateOops: 0, NonImmediateOops: No
[1,711s][debug][gc,nmethod     ] Register NMethod: java.lang.invoke.MethodHandle.invokeBasic (0x000078e2fec31588) [0x000078e2fec31680, 0x000078e2fec31918] Compiler: , Barriers: 0, Oops: 0, ImmediateOops: 0, NonImmediateOops: No
[1,711s][debug][gc,nmethod     ] Register NMethod: java.lang.invoke.MethodHandle.linkToSpecial (0x000078e2fec31288) [0x000078e2fec31380, 0x000078e2fec31478] Compiler: , Barriers: 0, Oops: 0, ImmediateOops: 0, NonImmediateOops: No
[1,711s][debug][gc,nmethod     ] Register NMethod: jdk.internal.classfile.impl.SplitConstantPool.maybeCloneUtf8Entry (0x000078e2fec30c08) [0x000078e2fec30d00, 0x000078e2fec31240] Compiler: jvmci, Barriers: 20, Oops: 0, ImmediateOops: 1, NonImmediateOops: No
[1,711s][debug][gc,nmethod     ] Register NMethod: java.lang.invoke.BootstrapMethodInvoker.invoke (0x000078e2df945f88) [0x000078e2df946080, 0x000078e2df94fe98] Compiler: c1, Barriers: 54, Oops: 0, ImmediateOops: 10, NonImmediateOops: No
[1,711s][debug][gc,nmethod     ] Register NMethod: java.lang.invoke.MethodHandle.invokeBasic (0x000078e2fec30808) [0x000078e2fec30900, 0x000078e2fec30b98] Compiler: , Barriers: 0, Oops: 0, ImmediateOops: 0, NonImmediateOops: No
[1,711s][debug][gc,nmethod     ] Register NMethod: java.lang.invoke.MethodHandle.linkToSpecial (0x000078e2fec30508) [0x000078e2fec30600, 0x000078e2fec306f8] Compiler: , Barriers: 0, Oops: 0, ImmediateOops: 0, NonImmediateOops: No
[1,712s][debug][gc,nmethod     ] Register NMethod: java.lang.String.<init> (0x000078e2df7ce408) [0x000078e2df7ce500, 0x000078e2df7ce840] Compiler: c1, Barriers: 0, Oops: 1, ImmediateOops: 1, NonImmediateOops: No
[1,712s][debug][gc,nmethod     ] Register NMethod: java.lang.Long.valueOf (0x000078e2df5c1888) [0x000078e2df5c1980, 0x000078e2df5c1cc0] Compiler: c1, Barriers: 1, Oops: 0, ImmediateOops: 1, NonImmediateOops: No
[1,712s][debug][gc,nmethod     ] Register NMethod: java.lang.invoke.MethodHandle.invokeBasic (0x000078e2fec30008) [0x000078e2fec30100, 0x000078e2fec30398] Compiler: , Barriers: 0, Oops: 0, ImmediateOops: 0, NonImmediateOops: No
[1,712s][debug][gc,nmethod     ] Register NMethod: java.lang.invoke.MethodHandle.linkToSpecial (0x000078e2fec43b08) [0x000078e2fec43c00, 0x000078e2fec43cf8] Compiler: , Barriers: 0, Oops: 0, ImmediateOops: 0, NonImmediateOops: No
[1,713s][debug][gc,nmethod     ] Register NMethod: java.lang.invoke.MemberName.getFactory (0x000078e2df44b788) [0x000078e2df44b880, 0x000078e2df44b968] Compiler: c1, Barriers: 0, Oops: 0, ImmediateOops: 1, NonImmediateOops: No
[1,713s][debug][gc,nmethod     ] Register NMethod: java.lang.invoke.MethodHandle.invokeBasic (0x000078e2fec43708) [0x000078e2fec43800, 0x000078e2fec43a98] Compiler: , Barriers: 0, Oops: 0, ImmediateOops: 0, NonImmediateOops: No
[1,713s][debug][gc,nmethod     ] Register NMethod: java.lang.invoke.MethodHandle.linkToSpecial (0x000078e2fec43408) [0x000078e2fec43500, 0x000078e2fec435f8] Compiler: , Barriers: 0, Oops: 0, ImmediateOops: 0, NonImmediateOops: No
[1,713s][debug][gc,nmethod     ] Register NMethod: java.lang.invoke.InvokerBytecodeGenerator.isStaticallyNameable (0x000078e2df42df08) [0x000078e2df42e000, 0x000078e2df42f650] Compiler: c1, Barriers: 3, Oops: 1, ImmediateOops: 5, NonImmediateOops: No
[1,713s][debug][gc,nmethod     ] Register NMethod: jdk.internal.classfile.impl.StackMapGenerator.cpIndexToType (0x000078e2df425408) [0x000078e2df425500, 0x000078e2df425ac0] Compiler: c1, Barriers: 0, Oops: 0, ImmediateOops: 1, NonImmediateOops: No
[1,714s][debug][gc,nmethod     ] Register NMethod: java.lang.invoke.InvokerBytecodeGenerator.emitReferenceCast (0x000078e2df430008) [0x000078e2df430100, 0x000078e2df431c68] Compiler: c1, Barriers: 2, Oops: 1, ImmediateOops: 6, NonImmediateOops: No
[1,714s][debug][gc,nmethod     ] Register NMethod: java.lang.invoke.VarHandleReferences$FieldInstanceReadWrite.set (0x000078e2df41c888) [0x000078e2df41c980, 0x000078e2df41d9a8] Compiler: c1, Barriers: 5, Oops: 1, ImmediateOops: 0, NonImmediateOops: No
[1,714s][debug][gc,nmethod     ] Register NMethod: jdk.internal.misc.Unsafe.getUnsafe (0x000078e2df452308) [0x000078e2df452400, 0x000078e2df4524e8] Compiler: c1, Barriers: 0, Oops: 0, ImmediateOops: 1, NonImmediateOops: No
[1,714s][debug][gc,nmethod     ] Register NMethod: java.util.stream.Sink$ChainedReference.begin (0x000078e2fec42d08) [0x000078e2fec42e00, 0x000078e2fec43400] Compiler: jvmci, Barriers: 19, Oops: 0, ImmediateOops: 0, NonImmediateOops: No
[1,714s][debug][gc,nmethod     ] Register NMethod: jdk.internal.misc.Unsafe.addressSize (0x000078e2df465608) [0x000078e2df465700, 0x000078e2df465808] Compiler: c1, Barriers: 0, Oops: 0, ImmediateOops: 0, NonImmediateOops: No
[1,714s][debug][gc,nmethod     ] Register NMethod: java.util.concurrent.ConcurrentLinkedDeque$Node.<init> (0x000078e2df47a308) [0x000078e2df47a400, 0x000078e2df47a558] Compiler: c1, Barriers: 0, Oops: 0, ImmediateOops: 0, NonImmediateOops: No
[1,714s][debug][gc,nmethod     ] Register NMethod: jdk.internal.foreign.AbstractMemorySegmentImpl.<init> (0x000078e2df47f488) [0x000078e2df47f580, 0x000078e2df47f760] Compiler: c1, Barriers: 3, Oops: 0, ImmediateOops: 0, NonImmediateOops: No
[1,714s][debug][gc,nmethod     ] Register NMethod: jdk.internal.foreign.NativeMemorySegmentImpl.<init> (0x000078e2df470888) [0x000078e2df470980, 0x000078e2df470e48] Compiler: c1, Barriers: 3, Oops: 0, ImmediateOops: 1, NonImmediateOops: No
[1,714s][debug][gc,nmethod     ] Register NMethod: jdk.internal.foreign.AbstractMemorySegmentImpl.asSlice (0x000078e2df865608) [0x000078e2df865700, 0x000078e2df8659f8] Compiler: c1, Barriers: 0, Oops: 0, ImmediateOops: 0, NonImmediateOops: No
[1,714s][debug][gc,director    ] Rule Major: Warmup 10%, Used: 64MB, UsedThreshold: 1228MB
[1,714s][debug][gc,nmethod     ] Register NMethod: jdk.internal.util.Preconditions.checkIndex (0x000078e2df48d008) [0x000078e2df48d100, 0x000078e2df48d290] Compiler: c1, Barriers: 0, Oops: 0, ImmediateOops: 0, NonImmediateOops: No
[1,714s][debug][gc,nmethod     ] Register NMethod: jdk.internal.classfile.impl.RawBytecodeHelper.isStoreIntoLocal (0x000078e2fec42a08) [0x000078e2fec42b00, 0x000078e2fec42b78] Compiler: jvmci, Barriers: 0, Oops: 0, ImmediateOops: 0, NonImmediateOops: No
[1,714s][debug][gc,nmethod     ] Register NMethod: jdk.internal.foreign.AbstractMemorySegmentImpl.checkBounds (0x000078e2df51bd88) [0x000078e2df51be80, 0x000078e2df51c110] Compiler: c1, Barriers: 0, Oops: 0, ImmediateOops: 0, NonImmediateOops: No
[1,714s][debug][gc,nmethod     ] Register NMethod: jdk.internal.foreign.AbstractMemorySegmentImpl.asSlice (0x000078e2df400008) [0x000078e2df400100, 0x000078e2df4005f8] Compiler: c1, Barriers: 0, Oops: 0, ImmediateOops: 0, NonImmediateOops: No
[1,715s][debug][gc,nmethod     ] Register NMethod: jdk.internal.foreign.AbstractMemorySegmentImpl.asSliceNoCheck (0x000078e2df525788) [0x000078e2df525880, 0x000078e2df525bc0] Compiler: c1, Barriers: 1, Oops: 0, ImmediateOops: 0, NonImmediateOops: No
[1,715s][debug][gc,nmethod     ] Register NMethod: jdk.internal.foreign.NativeMemorySegmentImpl.dup (0x000078e2df434808) [0x000078e2df434900, 0x000078e2df434e98] Compiler: c1, Barriers: 3, Oops: 0, ImmediateOops: 1, NonImmediateOops: No
[1,715s][debug][gc,nmethod     ] Register NMethod: java.util.concurrent.ConcurrentLinkedDeque.offer (0x000078e2df490588) [0x000078e2df490680, 0x000078e2df490818] Compiler: c1, Barriers: 0, Oops: 0, ImmediateOops: 0, NonImmediateOops: No
[1,715s][debug][gc,nmethod     ] Register NMethod: jdk.internal.foreign.NativeMemorySegmentImpl.dup (0x000078e2df43e608) [0x000078e2df43e700, 0x000078e2df43ecf8] Compiler: c1, Barriers: 3, Oops: 0, ImmediateOops: 1, NonImmediateOops: No
[1,715s][debug][gc,nmethod     ] Register NMethod: java.util.concurrent.ConcurrentLinkedDeque.offerLast (0x000078e2df4c2008) [0x000078e2df4c2100, 0x000078e2df4c2238] Compiler: c1, Barriers: 0, Oops: 0, ImmediateOops: 0, NonImmediateOops: No
[1,715s][debug][gc,nmethod     ] Register NMethod: java.lang.invoke.VarHandleGuards.guard_LL_V (0x000078e2df487888) [0x000078e2df487980, 0x000078e2df48c568] Compiler: c1, Barriers: 46, Oops: 1, ImmediateOops: 6, NonImmediateOops: No
[1,715s][debug][gc,nmethod     ] Register NMethod: jdk.internal.misc.Unsafe.weakCompareAndSetReference (0x000078e2df4ddc88) [0x000078e2df4ddd80, 0x000078e2df4ddf00] Compiler: c1, Barriers: 5, Oops: 0, ImmediateOops: 0, NonImmediateOops: No
[1,715s][debug][gc,nmethod     ] Register NMethod: java.util.concurrent.ConcurrentLinkedDeque.newNode (0x000078e2df8d4e88) [0x000078e2df8d4f80, 0x000078e2df8d6150] Compiler: c1, Barriers: 3, Oops: 6, ImmediateOops: 7, NonImmediateOops: No
[1,715s][debug][gc,nmethod     ] Register NMethod: java.lang.invoke.VarHandleReferences$FieldInstanceReadWrite.weakCompareAndSet (0x000078e2df768208) [0x000078e2df768300, 0x000078e2df769a38] Compiler: c1, Barriers: 2, Oops: 1, ImmediateOops: 1, NonImmediateOops: No
[1,717s][debug][gc,nmethod     ] Register NMethod: java.util.concurrent.ConcurrentLinkedDeque.linkLast (0x000078e2dfa1b408) [0x000078e2dfa1b500, 0x000078e2dfa205f8] Compiler: c1, Barriers: 16, Oops: 13, ImmediateOops: 33, NonImmediateOops: No
[1,718s][debug][gc,nmethod     ] Register NMethod: java.lang.invoke.VarHandle.checkAccessModeThenIsDirect (0x000078e2febf8b88) [0x000078e2febf8c80, 0x000078e2febf91e8] Compiler: jvmci, Barriers: 15, Oops: 0, ImmediateOops: 2, NonImmediateOops: No
[1,719s][debug][gc,nmethod     ] Register NMethod: java.lang.invoke.VarForm.getMemberName (0x000078e2fec42708) [0x000078e2fec42800, 0x000078e2fec429c0] Compiler: jvmci, Barriers: 2, Oops: 0, ImmediateOops: 0, NonImmediateOops: No
[1,723s][debug][gc,nmethod     ] Register NMethod: java.lang.invoke.VarHandleGuards.guard_LL_V (0x000078e2febf8188) [0x000078e2febf8280, 0x000078e2febf8b10] Compiler: jvmci, Barriers: 26, Oops: 0, ImmediateOops: 5, NonImmediateOops: No
[1,723s][debug][gc,nmethod     ] Register NMethod: io.sirix.cache.LinuxMemorySegmentAllocator.partitionVirtualRegion (0x000078e2df400c88) [0x000078e2df400d80, 0x000078e2df401d00] Compiler: c1, Barriers: 7, Oops: 4, ImmediateOops: 5, NonImmediateOops: No
[1,723s][debug][gc,nmethod     ] Register NMethod: jdk.internal.classfile.impl.SplitConstantPool.utf8Entry (0x000078e2fec99b08) [0x000078e2fec99c20, 0x000078e2fec9b1c8] Compiler: jvmci, Barriers: 37, Oops: 0, ImmediateOops: 2, NonImmediateOops: No
[1,724s][debug][gc,nmethod     ] Register NMethod: jdk.internal.classfile.impl.StackMapGenerator.processBlock (0x000078e2dfa20688) [0x000078e2dfa20780, 0x000078e2dfa50620] Compiler: c1, Barriers: 294, Oops: 4, ImmediateOops: 159, NonImmediateOops: No
[1,724s][debug][gc,nmethod     ] Register NMethod: io.sirix.cache.LinuxMemorySegmentAllocator.partitionVirtualRegion (0x000078e2df491c88) [0x000078e2df491d80, 0x000078e2df492b98] Compiler: c1, Barriers: 7, Oops: 4, ImmediateOops: 5, NonImmediateOops: No
[1,724s][debug][gc,director    ] Rule Major: Warmup 10%, Used: 70MB, UsedThreshold: 1228MB
[1,725s][debug][gc,nmethod     ] Register NMethod: java.lang.invoke.VarHandleReferences$FieldInstanceReadWrite.set (0x000078e2febf7a88) [0x000078e2febf7b80, 0x000078e2febf8118] Compiler: jvmci, Barriers: 5, Oops: 0, ImmediateOops: 0, NonImmediateOops: No
[1,729s][debug][gc,nmethod     ] Register NMethod: java.lang.invoke.VarHandleGuards.guard_LLL_Z (0x000078e2fec9b208) [0x000078e2fec9b320, 0x000078e2fec9bc08] Compiler: jvmci, Barriers: 26, Oops: 0, ImmediateOops: 5, NonImmediateOops: No
[1,734s][debug][gc,director    ] Rule Major: Warmup 10%, Used: 82MB, UsedThreshold: 1228MB
[1,735s][debug][gc,nmethod     ] Register NMethod: java.lang.invoke.VarHandleReferences$FieldInstanceReadWrite.compareAndSet (0x000078e2fec9bc88) [0x000078e2fec9bd80, 0x000078e2fec9c4b8] Compiler: jvmci, Barriers: 7, Oops: 0, ImmediateOops: 0, NonImmediateOops: No
[1,737s][debug][gc,nmethod     ] Register NMethod: io.sirix.cache.LinuxMemorySegmentAllocator.partitionVirtualRegion (0x000078e2fec9c508) [0x000078e2fec9c600, 0x000078e2fec9d568] Compiler: jvmci, Barriers: 57, Oops: 3, ImmediateOops: 0, NonImmediateOops: No
[1,737s][debug][gc,nmethod     ] Register NMethod: jdk.internal.foreign.AbstractMemorySegmentImpl.asSlice (0x000078e2fec42408) [0x000078e2fec42500, 0x000078e2fec426e8] Compiler: jvmci, Barriers: 3, Oops: 0, ImmediateOops: 0, NonImmediateOops: No
[1,738s][debug][gc,nmethod     ] Register NMethod: jdk.internal.foreign.AbstractMemorySegmentImpl.asSlice (0x000078e2febf7708) [0x000078e2febf7800, 0x000078e2febf79e8] Compiler: jvmci, Barriers: 3, Oops: 0, ImmediateOops: 0, NonImmediateOops: No
[1,739s][debug][gc,nmethod     ] Register NMethod: java.util.concurrent.ConcurrentLinkedDeque.offer (0x000078e2fec9d588) [0x000078e2fec9d680, 0x000078e2fec9da58] Compiler: jvmci, Barriers: 18, Oops: 1, ImmediateOops: 0, NonImmediateOops: No
[1,740s][debug][gc,nmethod     ] Register NMethod: java.util.concurrent.ConcurrentLinkedDeque.linkLast (0x000078e2fec9da88) [0x000078e2fec9db80, 0x000078e2fec9df58] Compiler: jvmci, Barriers: 18, Oops: 1, ImmediateOops: 0, NonImmediateOops: No
[1,740s][debug][gc,nmethod     ] Register NMethod: jdk.internal.foreign.AbstractMemorySegmentImpl.asSliceNoCheck (0x000078e2fec9df88) [0x000078e2fec9e080, 0x000078e2fec9e1f8] Compiler: jvmci, Barriers: 3, Oops: 0, ImmediateOops: 0, NonImmediateOops: No
[1,740s][debug][gc,nmethod     ] Register NMethod: jdk.internal.misc.Unsafe.weakCompareAndSetReference (0x000078e2fec9e288) [0x000078e2fec9e380, 0x000078e2fec9e470] Compiler: jvmci, Barriers: 5, Oops: 0, ImmediateOops: 0, NonImmediateOops: No
[1,741s][debug][gc,nmethod     ] Register NMethod: jdk.internal.foreign.NativeMemorySegmentImpl.dup (0x000078e2fec9e588) [0x000078e2fec9e6a0, 0x000078e2fec9e7f0] Compiler: jvmci, Barriers: 2, Oops: 0, ImmediateOops: 0, NonImmediateOops: No
[1,745s][debug][gc,director    ] Rule Major: Warmup 10%, Used: 108MB, UsedThreshold: 1228MB
[1,746s][debug][gc,nmethod     ] Register NMethod: jdk.internal.classfile.impl.StackMapGenerator$Frame.checkLocal (0x000078e2fec9e888) [0x000078e2fec9e980, 0x000078e2fec9f040] Compiler: jvmci, Barriers: 17, Oops: 1, ImmediateOops: 2, NonImmediateOops: No
[1,748s][debug][gc,alloc       ] Mutator Allocation Rate: 258,5MB/s Predicted: 319,5MB/s, Avg: 228,0(+/-30,5)MB/s
[1,749s][debug][gc,director    ] Rule Major: Warmup 10%, Used: 122MB, UsedThreshold: 1228MB
[1,759s][debug][gc,director    ] Rule Major: Warmup 10%, Used: 152MB, UsedThreshold: 1228MB
[1,768s][debug][gc,nmethod     ] Register NMethod: io.sirix.cache.LinuxMemorySegmentAllocator.partitionVirtualRegion (0x000078e2fec9f088) [0x000078e2fec9f180, 0x000078e2feca0340] Compiler: jvmci, Barriers: 60, Oops: 10, ImmediateOops: 2, NonImmediateOops: No
[1,769s][debug][gc,director    ] Rule Major: Warmup 10%, Used: 184MB, UsedThreshold: 1228MB
[1,779s][debug][gc,nmethod     ] Register NMethod: io.sirix.cache.LinuxMemorySegmentAllocator.partitionVirtualRegion (0x000078e2feca0408) [0x000078e2feca0500, 0x000078e2feca1368] Compiler: jvmci, Barriers: 43, Oops: 12, ImmediateOops: 2, NonImmediateOops: No
[1,779s][debug][gc,director    ] Rule Major: Warmup 10%, Used: 216MB, UsedThreshold: 1228MB
[1,779s][debug][gc,alloc       ] Mutator Allocation Rate: 372,3MB/s Predicted: 450,9MB/s, Avg: 276,1(+/-72,4)MB/s
[1,779s][debug][gc,director    ] Rule Major: Warmup 10%, Used: 218MB, UsedThreshold: 1228MB
[1,781s][debug][gc,nmethod     ] Register NMethod: java.util.concurrent.CopyOnWriteArrayList.getArray (0x000078e2feca1408) [0x000078e2feca1500, 0x000078e2feca15e8] Compiler: c1, Barriers: 1, Oops: 0, ImmediateOops: 0, NonImmediateOops: No
[1,790s][debug][gc,nmethod     ] Register NMethod: java.lang.invoke.MethodHandle.linkToSpecial (0x000078e2feca1708) [0x000078e2feca1800, 0x000078e2feca18f8] Compiler: , Barriers: 0, Oops: 0, ImmediateOops: 0, NonImmediateOops: No
[1,790s][debug][gc,director    ] Rule Major: Warmup 10%, Used: 224MB, UsedThreshold: 1228MB
[1,790s][debug][gc,nmethod     ] Register NMethod: java.lang.invoke.MethodHandle.invokeBasic (0x000078e2feca1a08) [0x000078e2feca1b00, 0x000078e2feca1d98] Compiler: , Barriers: 0, Oops: 0, ImmediateOops: 0, NonImmediateOops: No
[1,790s][debug][gc,nmethod     ] Register NMethod: java.lang.invoke.MethodHandle.linkToSpecial (0x000078e2feca1e08) [0x000078e2feca1f00, 0x000078e2feca1ff8] Compiler: , Barriers: 0, Oops: 0, ImmediateOops: 0, NonImmediateOops: No
[1,793s][debug][gc,nmethod     ] Register NMethod: java.lang.invoke.MethodHandle.linkToStatic (0x000078e2feca2108) [0x000078e2feca2200, 0x000078e2feca22f0] Compiler: , Barriers: 0, Oops: 0, ImmediateOops: 0, NonImmediateOops: No
[1,795s][debug][gc,nmethod     ] Register NMethod: jdk.internal.classfile.impl.DirectCodeBuilder.parameterSlot (0x000078e2df567608) [0x000078e2df567700, 0x000078e2df567a40] Compiler: c1, Barriers: 1, Oops: 0, ImmediateOops: 0, NonImmediateOops: No
[1,798s][debug][gc,nmethod     ] Register NMethod: java.lang.invoke.MethodHandle.asType (0x000078e2df528708) [0x000078e2df528800, 0x000078e2df528a68] Compiler: c1, Barriers: 1, Oops: 0, ImmediateOops: 0, NonImmediateOops: No
[1,800s][debug][gc,director    ] Rule Major: Warmup 10%, Used: 256MB, UsedThreshold: 1228MB
[1,800s][debug][gc,nmethod     ] Register NMethod: java.lang.Object.<init> (0x000078e2feca2408) [0x000078e2feca2500, 0x000078e2feca25b8] Compiler: jvmci, Barriers: 0, Oops: 0, ImmediateOops: 0, NonImmediateOops: No
[1,801s][debug][gc,nmethod     ] Register NMethod: java.lang.invoke.MemberName.getMethodType (0x000078e2feca2708) [0x000078e2feca2800, 0x000078e2feca2d48] Compiler: jvmci, Barriers: 8, Oops: 0, ImmediateOops: 0, NonImmediateOops: No
[1,802s][debug][gc,nmethod     ] Register NMethod: sun.net.util.IPAddressUtil.checkHostString (0x000078e2feca2d88) [0x000078e2feca2e80, 0x000078e2feca2fe8] Compiler: jvmci, Barriers: 1, Oops: 0, ImmediateOops: 0, NonImmediateOops: No
[1,804s][debug][gc,nmethod     ] Register NMethod: java.lang.Math.clamp (0x000078e2feca3088) [0x000078e2feca3180, 0x000078e2feca3230] Compiler: jvmci, Barriers: 0, Oops: 0, ImmediateOops: 0, NonImmediateOops: No
[1,806s][debug][gc,nmethod     ] Register NMethod: java.lang.String.indexOf (0x000078e2feca3388) [0x000078e2feca3480, 0x000078e2feca3758] Compiler: jvmci, Barriers: 2, Oops: 0, ImmediateOops: 0, NonImmediateOops: No
[1,808s][debug][gc,nmethod     ] Register NMethod: java.lang.String.hashCode (0x000078e2feca3788) [0x000078e2feca3880, 0x000078e2feca3a38] Compiler: jvmci, Barriers: 1, Oops: 0, ImmediateOops: 0, NonImmediateOops: No
[1,810s][debug][gc,nmethod     ] Register NMethod: sun.net.www.ParseUtil.encodePath (0x000078e2feca3a88) [0x000078e2feca3b80, 0x000078e2feca4000] Compiler: jvmci, Barriers: 1, Oops: 0, ImmediateOops: 0, NonImmediateOops: No
[1,810s][debug][gc,director    ] Rule Major: Warmup 10%, Used: 258MB, UsedThreshold: 1228MB
[1,814s][debug][gc,nmethod     ] Register NMethod: java.util.stream.ReferencePipeline$StatefulOp.<init> (0x000078e2df400988) [0x000078e2df400a80, 0x000078e2df400c38] Compiler: c1, Barriers: 0, Oops: 0, ImmediateOops: 0, NonImmediateOops: No
[1,817s][debug][gc,nmethod     ] Register NMethod: java.lang.invoke.MethodHandle.linkToVirtual (0x000078e2feca4008) [0x000078e2feca4100, 0x000078e2feca4128] Compiler: , Barriers: 0, Oops: 0, ImmediateOops: 0, NonImmediateOops: No
[1,818s][debug][gc,nmethod     ] Register NMethod: java.net.URL.<init> (0x000078e2feca4308) [0x000078e2feca4400, 0x000078e2feca56b8] Compiler: jvmci, Barriers: 52, Oops: 1, ImmediateOops: 0, NonImmediateOops: No
[1,818s][debug][gc,nmethod     ] Register NMethod: jdk.internal.classfile.impl.BufWriterImpl.writeU1U2U2 (0x000078e2feca5708) [0x000078e2feca5800, 0x000078e2feca5d90] Compiler: jvmci, Barriers: 4, Oops: 0, ImmediateOops: 0, NonImmediateOops: No
[1,819s][debug][gc,nmethod     ] Register NMethod: java.lang.ClassLoader.checkName (0x000078e2feca5e08) [0x000078e2feca5f00, 0x000078e2feca6088] Compiler: jvmci, Barriers: 1, Oops: 0, ImmediateOops: 0, NonImmediateOops: No
[1,820s][debug][gc,nmethod     ] Register NMethod: java.lang.invoke.MethodType.methodType (0x000078e2df527808) [0x000078e2df527900, 0x000078e2df527ab0] Compiler: c1, Barriers: 0, Oops: 0, ImmediateOops: 2, NonImmediateOops: No
[1,820s][debug][gc,director    ] Rule Major: Warmup 10%, Used: 260MB, UsedThreshold: 1228MB
[1,820s][debug][gc,nmethod     ] Register NMethod: sun.nio.fs.UnixPath.<init> (0x000078e2df68c408) [0x000078e2df68c500, 0x000078e2df68c748] Compiler: c1, Barriers: 6, Oops: 0, ImmediateOops: 0, NonImmediateOops: No
[1,820s][debug][gc,nmethod     ] Register NMethod: java.util.stream.ReferencePipeline.sorted (0x000078e2df810c08) [0x000078e2df810d00, 0x000078e2df810f08] Compiler: c1, Barriers: 0, Oops: 0, ImmediateOops: 0, NonImmediateOops: No
[1,820s][debug][gc,nmethod     ] Register NMethod: java.util.stream.SortedOps.makeRef (0x000078e2df529408) [0x000078e2df529500, 0x000078e2df529690] Compiler: c1, Barriers: 0, Oops: 0, ImmediateOops: 0, NonImmediateOops: No
[1,820s][debug][gc,nmethod     ] Register NMethod: java.util.stream.SortedOps$OfRef.<init> (0x000078e2df40c008) [0x000078e2df40c100, 0x000078e2df40c710] Compiler: c1, Barriers: 3, Oops: 1, ImmediateOops: 0, NonImmediateOops: No
[1,821s][debug][gc,nmethod     ] Register NMethod: java.util.stream.StreamSpliterators$AbstractWrappingSpliterator.init (0x000078e2df429008) [0x000078e2df429100, 0x000078e2df4297b8] Compiler: c1, Barriers: 8, Oops: 0, ImmediateOops: 0, NonImmediateOops: No
[1,822s][debug][gc,nmethod     ] Register NMethod: sun.nio.fs.UnixPath.toUnixPath (0x000078e2df50e388) [0x000078e2df50e480, 0x000078e2df50eb00] Compiler: c1, Barriers: 0, Oops: 0, ImmediateOops: 0, NonImmediateOops: No
[1,823s][debug][gc,nmethod     ] Register NMethod: java.lang.Character.digit (0x000078e2df487288) [0x000078e2df487380, 0x000078e2df4876b0] Compiler: c1, Barriers: 0, Oops: 0, ImmediateOops: 0, NonImmediateOops: No
[1,823s][debug][gc,nmethod     ] Register NMethod: java.lang.Character.digit (0x000078e2df413e08) [0x000078e2df413f00, 0x000078e2df414288] Compiler: c1, Barriers: 0, Oops: 0, ImmediateOops: 0, NonImmediateOops: No
[1,823s][debug][gc,nmethod     ] Register NMethod: java.lang.CharacterDataLatin1.digit (0x000078e2df41e708) [0x000078e2df41e800, 0x000078e2df41ea18] Compiler: c1, Barriers: 0, Oops: 0, ImmediateOops: 1, NonImmediateOops: No
[1,824s][debug][gc,nmethod     ] Register NMethod: java.nio.ByteBuffer.arrayOffset (0x000078e2df42f988) [0x000078e2df42fa80, 0x000078e2df42fd60] Compiler: c1, Barriers: 1, Oops: 0, ImmediateOops: 0, NonImmediateOops: No
[1,824s][debug][gc,nmethod     ] Register NMethod: jdk.internal.classfile.impl.AbstractPoolEntry$AbstractRefsEntry.<init> (0x000078e2feca6108) [0x000078e2feca6200, 0x000078e2feca64d8] Compiler: jvmci, Barriers: 9, Oops: 0, ImmediateOops: 0, NonImmediateOops: No
[1,824s][debug][gc,nmethod     ] Register NMethod: java.nio.Buffer.capacity (0x000078e2feca6508) [0x000078e2feca6600, 0x000078e2feca66c0] Compiler: c1, Barriers: 0, Oops: 0, ImmediateOops: 0, NonImmediateOops: No
[1,824s][debug][gc,nmethod     ] Register NMethod: java.nio.charset.CoderResult.isUnderflow (0x000078e2df41e408) [0x000078e2df41e500, 0x000078e2df41e650] Compiler: c1, Barriers: 0, Oops: 0, ImmediateOops: 0, NonImmediateOops: No
[1,824s][debug][gc,nmethod     ] Register NMethod: java.nio.CharBuffer.arrayOffset (0x000078e2df471188) [0x000078e2df471280, 0x000078e2df471560] Compiler: c1, Barriers: 1, Oops: 0, ImmediateOops: 0, NonImmediateOops: No
[1,830s][debug][gc,director    ] Rule Major: Warmup 10%, Used: 260MB, UsedThreshold: 1228MB
[1,831s][debug][gc,nmethod     ] Register NMethod: java.lang.invoke.MethodType.methodType (0x000078e2feca6808) [0x000078e2feca6900, 0x000078e2feca76f0] Compiler: jvmci, Barriers: 25, Oops: 3, ImmediateOops: 9, NonImmediateOops: No
[1,831s][debug][gc,nmethod     ] Register NMethod: java.lang.invoke.MethodType.makeImpl (0x000078e2feca7788) [0x000078e2feca7880, 0x000078e2feca81a8] Compiler: jvmci, Barriers: 19, Oops: 3, ImmediateOops: 6, NonImmediateOops: No
[1,832s][debug][gc,nmethod     ] Register NMethod: java.util.WeakHashMap.hash (0x000078e2feca8208) [0x000078e2feca8300, 0x000078e2feca8450] Compiler: jvmci, Barriers: 0, Oops: 0, ImmediateOops: 0, NonImmediateOops: No
[1,835s][debug][gc,nmethod     ] Register NMethod: java.util.Locale.getDefault (0x000078e2df57ea88) [0x000078e2df57eb80, 0x000078e2df57eca8] Compiler: c1, Barriers: 1, Oops: 0, ImmediateOops: 1, NonImmediateOops: No
[1,835s][debug][gc,nmethod     ] Register NMethod: java.lang.String.toLowerCase (0x000078e2df4c3b08) [0x000078e2df4c3c00, 0x000078e2df4c4368] Compiler: c1, Barriers: 3, Oops: 0, ImmediateOops: 1, NonImmediateOops: No
[1,837s][debug][gc,nmethod     ] Register NMethod: java.util.zip.Inflater.ensureOpen (0x000078e2feca8508) [0x000078e2feca8600, 0x000078e2feca8708] Compiler: jvmci, Barriers: 1, Oops: 0, ImmediateOops: 0, NonImmediateOops: No
[1,838s][debug][gc,nmethod     ] Register NMethod: com.google.protobuf.GeneratedMessageV3$Builder.onChanged (0x000078e2df552388) [0x000078e2df552480, 0x000078e2df552820] Compiler: c1, Barriers: 1, Oops: 1, ImmediateOops: 0, NonImmediateOops: No
[1,838s][debug][gc,nmethod     ] Register NMethod: java.nio.CharBuffer.position (0x000078e2df83e908) [0x000078e2df83ea00, 0x000078e2df83ed60] Compiler: c1, Barriers: 0, Oops: 0, ImmediateOops: 0, NonImmediateOops: No
[1,839s][debug][gc,nmethod     ] Register NMethod: java.nio.CharBuffer.position (0x000078e2df5b7f08) [0x000078e2df5b8000, 0x000078e2df5b8148] Compiler: c1, Barriers: 0, Oops: 0, ImmediateOops: 0, NonImmediateOops: No
[1,839s][debug][gc,nmethod     ] Register NMethod: java.lang.Float.floatToRawIntBits (0x000078e2feca8808) [0x000078e2feca8900, 0x000078e2feca8a58] Compiler: , Barriers: 0, Oops: 0, ImmediateOops: 1, NonImmediateOops: No
[1,839s][debug][gc,nmethod     ] Register NMethod: java.nio.Buffer.remaining (0x000078e2df5ebc08) [0x000078e2df5ebd00, 0x000078e2df5ebe70] Compiler: c1, Barriers: 0, Oops: 0, ImmediateOops: 0, NonImmediateOops: No
[1,839s][debug][gc,nmethod     ] Register NMethod: java.nio.charset.CharsetEncoder.maxBytesPerChar (0x000078e2feca8b08) [0x000078e2feca8c00, 0x000078e2feca8cc0] Compiler: c1, Barriers: 0, Oops: 0, ImmediateOops: 0, NonImmediateOops: No
[1,839s][debug][gc,nmethod     ] Register NMethod: java.lang.StringCoding.implEncodeAsciiArray (0x000078e2df7db108) [0x000078e2df7db200, 0x000078e2df7db428] Compiler: c1, Barriers: 0, Oops: 0, ImmediateOops: 0, NonImmediateOops: No
[1,839s][debug][gc,nmethod     ] Register NMethod: java.nio.charset.CoderResult.isOverflow (0x000078e2df600708) [0x000078e2df600800, 0x000078e2df600950] Compiler: c1, Barriers: 0, Oops: 0, ImmediateOops: 0, NonImmediateOops: No
[1,839s][debug][gc,nmethod     ] Register NMethod: java.nio.ByteBuffer.array (0x000078e2df766e08) [0x000078e2df766f00, 0x000078e2df7671e0] Compiler: c1, Barriers: 1, Oops: 0, ImmediateOops: 0, NonImmediateOops: No
[1,839s][debug][gc,nmethod     ] Register NMethod: java.nio.CharBuffer.hasArray (0x000078e2df63a108) [0x000078e2df63a200, 0x000078e2df63a3b0] Compiler: c1, Barriers: 1, Oops: 0, ImmediateOops: 0, NonImmediateOops: No
[1,839s][debug][gc,nmethod     ] Register NMethod: java.nio.ByteBuffer.hasArray (0x000078e2df680808) [0x000078e2df680900, 0x000078e2df680ab0] Compiler: c1, Barriers: 1, Oops: 0, ImmediateOops: 0, NonImmediateOops: No
[1,839s][debug][gc,nmethod     ] Register NMethod: java.nio.CharBuffer.array (0x000078e2df767b08) [0x000078e2df767c00, 0x000078e2df767ee0] Compiler: c1, Barriers: 1, Oops: 0, ImmediateOops: 0, NonImmediateOops: No
[1,839s][debug][gc,nmethod     ] Register NMethod: java.nio.CharBuffer.<init> (0x000078e2df689208) [0x000078e2df689300, 0x000078e2df6894d0] Compiler: c1, Barriers: 3, Oops: 0, ImmediateOops: 0, NonImmediateOops: No
[1,839s][debug][gc,nmethod     ] Register NMethod: java.nio.CharBuffer.limit (0x000078e2df68a008) [0x000078e2df68a100, 0x000078e2df68a248] Compiler: c1, Barriers: 0, Oops: 0, ImmediateOops: 0, NonImmediateOops: No
[1,839s][debug][gc,nmethod     ] Register NMethod: java.nio.CharBuffer.limit (0x000078e2df866988) [0x000078e2df866a80, 0x000078e2df866de0] Compiler: c1, Barriers: 0, Oops: 0, ImmediateOops: 0, NonImmediateOops: No
[1,839s][debug][gc,nmethod     ] Register NMethod: sun.nio.fs.UnixPath.getFileSystem (0x000078e2df6b4f88) [0x000078e2df6b5080, 0x000078e2df6b51d8] Compiler: c1, Barriers: 1, Oops: 0, ImmediateOops: 0, NonImmediateOops: No
[1,839s][debug][gc,nmethod     ] Register NMethod: sun.nio.cs.UTF_8.updatePositions (0x000078e2df44be08) [0x000078e2df44bf00, 0x000078e2df44c828] Compiler: c1, Barriers: 0, Oops: 0, ImmediateOops: 0, NonImmediateOops: No
[1,840s][debug][gc,director    ] Rule Major: Warmup 10%, Used: 264MB, UsedThreshold: 1228MB
[1,841s][debug][gc,nmethod     ] Register NMethod: com.google.gson.stream.JsonReader.nextNonWhitespace (0x000078e2df475988) [0x000078e2df475a80, 0x000078e2df479728] Compiler: c1, Barriers: 1, Oops: 4, ImmediateOops: 9, NonImmediateOops: No
[1,841s][debug][gc,nmethod     ] Register NMethod: sun.invoke.util.VerifyAccess.isModuleAccessible (0x000078e2df402908) [0x000078e2df402a00, 0x000078e2df404638] Compiler: c1, Barriers: 2, Oops: 0, ImmediateOops: 0, NonImmediateOops: No
[1,843s][debug][gc,nmethod     ] Register NMethod: java.lang.invoke.InnerClassLambdaMetafactory.convertArgumentTypes (0x000078e2df4c6b88) [0x000078e2df4c6c80, 0x000078e2df4c8198] Compiler: c1, Barriers: 11, Oops: 0, ImmediateOops: 1, NonImmediateOops: No
[1,843s][debug][gc,nmethod     ] Register NMethod: jdk.internal.classfile.impl.Util.parameterSlots (0x000078e2feca8e08) [0x000078e2feca8f00, 0x000078e2feca9108] Compiler: jvmci, Barriers: 2, Oops: 0, ImmediateOops: 2, NonImmediateOops: No
[1,845s][debug][gc,nmethod     ] Register NMethod: jdk.internal.classfile.impl.AbstractPoolEntry$AbstractRefsEntry.writeTo (0x000078e2feca9188) [0x000078e2feca9280, 0x000078e2feca9a00] Compiler: jvmci, Barriers: 6, Oops: 0, ImmediateOops: 0, NonImmediateOops: No
[1,850s][debug][gc,nmethod     ] Register NMethod: java.net.URL.set (0x000078e2feca9a08) [0x000078e2feca9b00, 0x000078e2fecaa0e8] Compiler: jvmci, Barriers: 25, Oops: 0, ImmediateOops: 0, NonImmediateOops: No
[1,850s][debug][gc,director    ] Rule Major: Warmup 10%, Used: 264MB, UsedThreshold: 1228MB
[1,851s][debug][gc,nmethod     ] Register NMethod: java.io.File.isInvalid (0x000078e2fecaa108) [0x000078e2fecaa200, 0x000078e2fecaa490] Compiler: jvmci, Barriers: 6, Oops: 0, ImmediateOops: 2, NonImmediateOops: No
[1,852s][debug][gc,nmethod     ] Register NMethod: jdk.internal.misc.Unsafe.putLongUnaligned (0x000078e2df402388) [0x000078e2df402480, 0x000078e2df4028b8] Compiler: c1, Barriers: 0, Oops: 0, ImmediateOops: 0, NonImmediateOops: No
[1,853s][debug][gc,nmethod     ] Register NMethod: java.lang.invoke.MethodHandle.linkToSpecial (0x000078e2fecaa508) [0x000078e2fecaa600, 0x000078e2fecaa6f8] Compiler: , Barriers: 0, Oops: 0, ImmediateOops: 0, NonImmediateOops: No
[1,855s][debug][gc,nmethod     ] Register NMethod: java.io.UnixFileSystem.normalize (0x000078e2fecaa808) [0x000078e2fecaa900, 0x000078e2fecaaae8] Compiler: jvmci, Barriers: 1, Oops: 0, ImmediateOops: 0, NonImmediateOops: No
[1,855s][debug][gc,nmethod     ] Register NMethod: java.net.URLStreamHandler.setURL (0x000078e2fecaab08) [0x000078e2fecaac00, 0x000078e2fecab8c0] Compiler: jvmci, Barriers: 32, Oops: 1, ImmediateOops: 1, NonImmediateOops: No
[1,858s][debug][gc,nmethod     ] Register NMethod: java.lang.Class.desiredAssertionStatus (0x000078e2df52d008) [0x000078e2df52d100, 0x000078e2df52da60] Compiler: c1, Barriers: 4, Oops: 0, ImmediateOops: 0, NonImmediateOops: No
[1,860s][debug][gc,director    ] Rule Major: Warmup 10%, Used: 266MB, UsedThreshold: 1228MB
[1,868s][debug][gc,nmethod     ] Register NMethod: java.io.UnixFileSystem.hasBooleanAttributes (0x000078e2fecab908) [0x000078e2fecaba00, 0x000078e2fecabc00] Compiler: jvmci, Barriers: 2, Oops: 0, ImmediateOops: 0, NonImmediateOops: No
[1,868s][debug][gc,nmethod     ] Register NMethod: java.lang.invoke.MethodHandle.linkToSpecial (0x000078e2fecabc08) [0x000078e2fecabd00, 0x000078e2fecabdf8] Compiler: , Barriers: 0, Oops: 0, ImmediateOops: 0, NonImmediateOops: No
[1,869s][debug][gc,nmethod     ] Register NMethod: java.lang.invoke.MethodHandle.linkToSpecial (0x000078e2fecabf08) [0x000078e2fecac000, 0x000078e2fecac0f8] Compiler: , Barriers: 0, Oops: 0, ImmediateOops: 0, NonImmediateOops: No
[1,869s][debug][gc,nmethod     ] Register NMethod: java.lang.invoke.MethodHandle.linkToSpecial (0x000078e2fecac208) [0x000078e2fecac300, 0x000078e2fecac3f8] Compiler: , Barriers: 0, Oops: 0, ImmediateOops: 0, NonImmediateOops: No
[1,870s][debug][gc,director    ] Rule Major: Warmup 10%, Used: 268MB, UsedThreshold: 1228MB
[1,871s][debug][gc,nmethod     ] Register NMethod: java.lang.invoke.DirectMethodHandle.constructorMethod (0x000078e2fecac508) [0x000078e2fecac600, 0x000078e2fecac720] Compiler: jvmci, Barriers: 1, Oops: 0, ImmediateOops: 0, NonImmediateOops: No
[1,872s][debug][gc,nmethod     ] Register NMethod: java.lang.invoke.DirectMethodHandle.allocateInstance (0x000078e2fecac808) [0x000078e2fecac900, 0x000078e2fecacc60] Compiler: jvmci, Barriers: 2, Oops: 0, ImmediateOops: 1, NonImmediateOops: No
[1,872s][debug][gc,nmethod     ] Register NMethod: java.lang.Package$VersionInfo.getInstance (0x000078e2df54d788) [0x000078e2df54d880, 0x000078e2df54dbc8] Compiler: c1, Barriers: 0, Oops: 0, ImmediateOops: 1, NonImmediateOops: No
[1,872s][debug][gc,nmethod     ] Register NMethod: java.lang.Package.<init> (0x000078e2df681408) [0x000078e2df681500, 0x000078e2df681b38] Compiler: c1, Barriers: 4, Oops: 0, ImmediateOops: 1, NonImmediateOops: No
[1,874s][debug][gc,nmethod     ] Register NMethod: java.lang.Long.hashCode (0x000078e2fecacc88) [0x000078e2fecacd80, 0x000078e2fecacdf0] Compiler: jvmci, Barriers: 0, Oops: 0, ImmediateOops: 0, NonImmediateOops: No
[1,874s][debug][gc,nmethod     ] Rebuilding NMethod Table: 4096->4096 entries, 2589(63%->63%) registered, 279(7%->0%) unregistered
[1,875s][debug][gc,nmethod     ] Register NMethod: java.util.jar.JarFile.maybeInstantiateVerifier (0x000078e2fecacf88) [0x000078e2fecad080, 0x000078e2fecad588] Compiler: jvmci, Barriers: 4, Oops: 0, ImmediateOops: 0, NonImmediateOops: No
[1,875s][debug][gc,nmethod     ] Register NMethod: jdk.internal.misc.Unsafe.putLongUnaligned (0x000078e2fecad608) [0x000078e2fecad700, 0x000078e2fecad7c0] Compiler: jvmci, Barriers: 0, Oops: 0, ImmediateOops: 0, NonImmediateOops: No
[1,875s][debug][gc,nmethod     ] Register NMethod: java.lang.invoke.MethodHandle.linkToSpecial (0x000078e2fecad908) [0x000078e2fecada00, 0x000078e2fecadaf8] Compiler: , Barriers: 0, Oops: 0, ImmediateOops: 0, NonImmediateOops: No
[1,876s][debug][gc,nmethod     ] Register NMethod: java.lang.classfile.CodeBuilder.putfield (0x000078e2df9c2508) [0x000078e2df9c2600, 0x000078e2df9c2910] Compiler: c1, Barriers: 0, Oops: 0, ImmediateOops: 1, NonImmediateOops: No
[1,876s][debug][gc,nmethod     ] Register NMethod: java.lang.invoke.MethodHandle.linkToSpecial (0x000078e2fecadc08) [0x000078e2fecadd00, 0x000078e2fecaddf8] Compiler: , Barriers: 0, Oops: 0, ImmediateOops: 0, NonImmediateOops: No
[1,876s][debug][gc,nmethod     ] Register NMethod: java.lang.invoke.MethodHandle.invokeBasic (0x000078e2fecadf08) [0x000078e2fecae000, 0x000078e2fecae298] Compiler: , Barriers: 0, Oops: 0, ImmediateOops: 0, NonImmediateOops: No
[1,876s][debug][gc,nmethod     ] Register NMethod: java.lang.invoke.MethodHandle.linkToSpecial (0x000078e2fecae308) [0x000078e2fecae400, 0x000078e2fecae4f8] Compiler: , Barriers: 0, Oops: 0, ImmediateOops: 0, NonImmediateOops: No
[1,876s][debug][gc,nmethod     ] Register NMethod: java.lang.invoke.MethodType.methodType (0x000078e2df4e9288) [0x000078e2df4e9380, 0x000078e2df4e9860] Compiler: c1, Barriers: 2, Oops: 0, ImmediateOops: 4, NonImmediateOops: No
[1,876s][debug][gc,nmethod     ] Register NMethod: java.lang.invoke.MethodType.isAllObject (0x000078e2df766a88) [0x000078e2df766b80, 0x000078e2df766dc0] Compiler: c1, Barriers: 1, Oops: 0, ImmediateOops: 1, NonImmediateOops: No
[1,876s][debug][gc,nmethod     ] Register NMethod: java.lang.StringBuilder.append (0x000078e2df402088) [0x000078e2df402180, 0x000078e2df4022c8] Compiler: c1, Barriers: 0, Oops: 0, ImmediateOops: 0, NonImmediateOops: No
[1,877s][debug][gc,nmethod     ] Register NMethod: java.util.concurrent.ConcurrentHashMap.putVal (0x000078e2fecae608) [0x000078e2fecae700, 0x000078e2fecaf768] Compiler: jvmci, Barriers: 31, Oops: 0, ImmediateOops: 0, NonImmediateOops: No
[1,877s][debug][gc,nmethod     ] Register NMethod: java.lang.AbstractStringBuilder.append (0x000078e2df636b08) [0x000078e2df636c00, 0x000078e2df636fd8] Compiler: c1, Barriers: 4, Oops: 0, ImmediateOops: 0, NonImmediateOops: No
[1,881s][debug][gc,director    ] Rule Major: Warmup 10%, Used: 268MB, UsedThreshold: 1228MB
[1,881s][debug][gc,nmethod     ] Register NMethod: sun.net.www.protocol.file.Handler.parseURL (0x000078e2fecaf788) [0x000078e2fecaf880, 0x000078e2fecaf950] Compiler: jvmci, Barriers: 0, Oops: 0, ImmediateOops: 0, NonImmediateOops: No
[1,884s][debug][gc,nmethod     ] Register NMethod: java.lang.invoke.MethodHandle.linkToStatic (0x000078e2fecafa88) [0x000078e2fecafb80, 0x000078e2fecafc70] Compiler: , Barriers: 0, Oops: 0, ImmediateOops: 0, NonImmediateOops: No
[1,885s][debug][gc,nmethod     ] Register NMethod: java.lang.invoke.LambdaForm$Name.<init> (0x000078e2df989788) [0x000078e2df989880, 0x000078e2df98ab28] Compiler: c1, Barriers: 11, Oops: 0, ImmediateOops: 0, NonImmediateOops: No
[1,885s][debug][gc,nmethod     ] Register NMethod: java.lang.invoke.MethodHandle.linkToStatic (0x000078e2fecafd88) [0x000078e2fecafe80, 0x000078e2fecaff70] Compiler: , Barriers: 0, Oops: 0, ImmediateOops: 0, NonImmediateOops: No
[1,885s][debug][gc,nmethod     ] Register NMethod: java.lang.invoke.LambdaForm.fixResult (0x000078e2df7dad88) [0x000078e2df7dae80, 0x000078e2df7db090] Compiler: c1, Barriers: 2, Oops: 0, ImmediateOops: 1, NonImmediateOops: No
[1,885s][debug][gc,nmethod     ] Register NMethod: java.lang.invoke.LambdaForm.<init> (0x000078e2df636588) [0x000078e2df636680, 0x000078e2df6369e0] Compiler: c1, Barriers: 12, Oops: 0, ImmediateOops: 0, NonImmediateOops: No
[1,885s][debug][gc,nmethod     ] Register NMethod: java.lang.invoke.MethodHandle.linkToStatic (0x000078e2fecb0088) [0x000078e2fecb0180, 0x000078e2fecb0270] Compiler: , Barriers: 0, Oops: 0, ImmediateOops: 0, NonImmediateOops: No
[1,885s][debug][gc,nmethod     ] Register NMethod: java.lang.invoke.LambdaForm.create (0x000078e2df42bf08) [0x000078e2df42c000, 0x000078e2df42c858] Compiler: c1, Barriers: 2, Oops: 0, ImmediateOops: 1, NonImmediateOops: No
[1,885s][debug][gc,nmethod     ] Register NMethod: java.lang.invoke.MethodHandle.linkToStatic (0x000078e2fecb0388) [0x000078e2fecb0480, 0x000078e2fecb0570] Compiler: , Barriers: 0, Oops: 0, ImmediateOops: 0, NonImmediateOops: No
[1,885s][debug][gc,nmethod     ] Register NMethod: java.lang.invoke.InvokerBytecodeGenerator.generateCustomizedCode (0x000078e2df54d388) [0x000078e2df54d480, 0x000078e2df54d728] Compiler: c1, Barriers: 0, Oops: 0, ImmediateOops: 1, NonImmediateOops: No
[1,885s][debug][gc,nmethod     ] Register NMethod: java.lang.invoke.MethodHandle.linkToStatic (0x000078e2fecb0688) [0x000078e2fecb0780, 0x000078e2fecb0870] Compiler: , Barriers: 0, Oops: 0, ImmediateOops: 0, NonImmediateOops: No
[1,885s][debug][gc,nmethod     ] Register NMethod: java.lang.invoke.MethodHandle.linkToStatic (0x000078e2fecb0988) [0x000078e2fecb0a80, 0x000078e2fecb0b70] Compiler: , Barriers: 0, Oops: 0, ImmediateOops: 0, NonImmediateOops: No
[1,885s][debug][gc,nmethod     ] Register NMethod: java.lang.invoke.MethodHandle.linkToStatic (0x000078e2fecb0c88) [0x000078e2fecb0d80, 0x000078e2fecb0e70] Compiler: , Barriers: 0, Oops: 0, ImmediateOops: 0, NonImmediateOops: No
[1,885s][debug][gc,nmethod     ] Register NMethod: java.lang.invoke.MethodHandle.linkToStatic (0x000078e2fecb0f88) [0x000078e2fecb1080, 0x000078e2fecb1170] Compiler: , Barriers: 0, Oops: 0, ImmediateOops: 0, NonImmediateOops: No
[1,886s][debug][gc,nmethod     ] Register NMethod: java.lang.invoke.MethodHandle.linkToStatic (0x000078e2fecb1288) [0x000078e2fecb1380, 0x000078e2fecb1470] Compiler: , Barriers: 0, Oops: 0, ImmediateOops: 0, NonImmediateOops: No
[1,886s][debug][gc,nmethod     ] Register NMethod: java.util.Arrays.copyOfRange (0x000078e2df537388) [0x000078e2df537480, 0x000078e2df538bb8] Compiler: c1, Barriers: 1, Oops: 1, ImmediateOops: 3, NonImmediateOops: No
[1,886s][debug][gc,nmethod     ] Register NMethod: java.lang.invoke.InvokerBytecodeGenerator.lookupPregenerated (0x000078e2df418a88) [0x000078e2df418b80, 0x000078e2df41bda8] Compiler: c1, Barriers: 10, Oops: 1, ImmediateOops: 13, NonImmediateOops: No
[1,886s][debug][gc,nmethod     ] Register NMethod: java.lang.invoke.InnerClassLambdaMetafactory$3.accept (0x000078e2df421088) [0x000078e2df421180, 0x000078e2df422f08] Compiler: c1, Barriers: 13, Oops: 0, ImmediateOops: 4, NonImmediateOops: No
[1,886s][debug][gc,nmethod     ] Register NMethod: java.lang.invoke.MethodHandle.invokeBasic (0x000078e2fecb1588) [0x000078e2fecb1680, 0x000078e2fecb1918] Compiler: , Barriers: 0, Oops: 0, ImmediateOops: 0, NonImmediateOops: No
[1,886s][debug][gc,nmethod     ] Register NMethod: java.lang.invoke.MethodHandle.linkToSpecial (0x000078e2fecb1988) [0x000078e2fecb1a80, 0x000078e2fecb1b78] Compiler: , Barriers: 0, Oops: 0, ImmediateOops: 0, NonImmediateOops: No
[1,887s][debug][gc,nmethod     ] Register NMethod: java.lang.classfile.CodeBuilder.putstatic (0x000078e2df418388) [0x000078e2df418480, 0x000078e2df418790] Compiler: c1, Barriers: 0, Oops: 0, ImmediateOops: 1, NonImmediateOops: No
[1,887s][debug][gc,nmethod     ] Register NMethod: java.lang.invoke.InnerClassLambdaMetafactory$6.accept (0x000078e2df7bea08) [0x000078e2df7beb00, 0x000078e2df7c2428] Compiler: c1, Barriers: 30, Oops: 2, ImmediateOops: 7, NonImmediateOops: No
[1,887s][debug][gc,nmethod     ] Register NMethod: java.lang.invoke.MethodHandle.invokeBasic (0x000078e2fecb1c88) [0x000078e2fecb1d80, 0x000078e2fecb2018] Compiler: , Barriers: 0, Oops: 0, ImmediateOops: 0, NonImmediateOops: No
[1,887s][debug][gc,nmethod     ] Register NMethod: java.lang.invoke.MethodHandle.linkToSpecial (0x000078e2fecb2088) [0x000078e2fecb2180, 0x000078e2fecb2278] Compiler: , Barriers: 0, Oops: 0, ImmediateOops: 0, NonImmediateOops: No
[1,887s][debug][gc,nmethod     ] Register NMethod: java.lang.invoke.MethodHandle.invokeBasic (0x000078e2fecb2388) [0x000078e2fecb2480, 0x000078e2fecb2718] Compiler: , Barriers: 0, Oops: 0, ImmediateOops: 0, NonImmediateOops: No
[1,887s][debug][gc,nmethod     ] Register NMethod: java.lang.invoke.MethodHandle.linkToSpecial (0x000078e2fecb2788) [0x000078e2fecb2880, 0x000078e2fecb2978] Compiler: , Barriers: 0, Oops: 0, ImmediateOops: 0, NonImmediateOops: No
[1,888s][debug][gc,nmethod     ] Register NMethod: java.util.Arrays.fill (0x000078e2df420a88) [0x000078e2df420b80, 0x000078e2df421028] Compiler: c1, Barriers: 3, Oops: 0, ImmediateOops: 0, NonImmediateOops: No
[1,888s][debug][gc,nmethod     ] Register NMethod: java.lang.invoke.MethodHandle.invokeBasic (0x000078e2fecb2a88) [0x000078e2fecb2b80, 0x000078e2fecb2e18] Compiler: , Barriers: 0, Oops: 0, ImmediateOops: 0, NonImmediateOops: No
[1,888s][debug][gc,nmethod     ] Register NMethod: java.lang.invoke.MethodHandle.linkToSpecial (0x000078e2fecb2e88) [0x000078e2fecb2f80, 0x000078e2fecb3078] Compiler: , Barriers: 0, Oops: 0, ImmediateOops: 0, NonImmediateOops: No
[1,888s][debug][gc,nmethod     ] Register NMethod: java.lang.invoke.LambdaFormBuffer.changeName (0x000078e2df442688) [0x000078e2df442780, 0x000078e2df4431f0] Compiler: c1, Barriers: 10, Oops: 0, ImmediateOops: 0, NonImmediateOops: No
[1,889s][debug][gc,nmethod     ] Register NMethod: java.lang.invoke.MethodTypeForm.<init> (0x000078e2df837708) [0x000078e2df837800, 0x000078e2df83a790] Compiler: c1, Barriers: 28, Oops: 1, ImmediateOops: 7, NonImmediateOops: No
[1,889s][debug][gc,nmethod     ] Register NMethod: java.lang.invoke.MethodType.makeImpl (0x000078e2df60d708) [0x000078e2df60d800, 0x000078e2df60ffb0] Compiler: c1, Barriers: 23, Oops: 2, ImmediateOops: 3, NonImmediateOops: No
[1,891s][debug][gc,director    ] Rule Major: Warmup 10%, Used: 270MB, UsedThreshold: 1228MB
[1,891s][debug][gc,nmethod     ] Register NMethod: java.io.UnixFileSystem.resolve (0x000078e2fecb3188) [0x000078e2fecb3380, 0x000078e2fecb41d0] Compiler: jvmci, Barriers: 6, Oops: 0, ImmediateOops: 2, NonImmediateOops: No
[1,892s][debug][gc,nmethod     ] Register NMethod: jdk.internal.classfile.impl.StackMapGenerator$Frame.checkStack (0x000078e2fecb4208) [0x000078e2fecb4300, 0x000078e2fecb49d0] Compiler: jvmci, Barriers: 17, Oops: 1, ImmediateOops: 2, NonImmediateOops: No
[1,896s][debug][gc,nmethod     ] Register NMethod: jdk.internal.misc.Unsafe.getLongVolatile (0x000078e2fecb4a08) [0x000078e2fecb4b00, 0x000078e2fecb4c68] Compiler: , Barriers: 0, Oops: 0, ImmediateOops: 0, NonImmediateOops: No
[1,896s][debug][gc,nmethod     ] Register NMethod: java.lang.Thread.onSpinWait (0x000078e2df4e8f88) [0x000078e2df4e9080, 0x000078e2df4e9160] Compiler: c1, Barriers: 0, Oops: 0, ImmediateOops: 0, NonImmediateOops: No
[1,897s][debug][gc,nmethod     ] Register NMethod: java.lang.invoke.MethodHandle.linkToStatic (0x000078e2fecb4d08) [0x000078e2fecb4e00, 0x000078e2fecb4ef0] Compiler: , Barriers: 0, Oops: 0, ImmediateOops: 0, NonImmediateOops: No
[1,897s][debug][gc,nmethod     ] Register NMethod: java.lang.invoke.MethodHandle.linkToInterface (0x000078e2fecb5008) [0x000078e2fecb5100, 0x000078e2fecb5230] Compiler: , Barriers: 0, Oops: 0, ImmediateOops: 0, NonImmediateOops: No
[1,898s][debug][gc,nmethod     ] Register NMethod: java.lang.invoke.MethodHandle.linkToInterface (0x000078e2fecb5308) [0x000078e2fecb5400, 0x000078e2fecb5530] Compiler: , Barriers: 0, Oops: 0, ImmediateOops: 0, NonImmediateOops: No
[1,898s][debug][gc,nmethod     ] Register NMethod: java.lang.invoke.MethodHandle.linkToStatic (0x000078e2fecb5608) [0x000078e2fecb5700, 0x000078e2fecb57f0] Compiler: , Barriers: 0, Oops: 0, ImmediateOops: 0, NonImmediateOops: No
[1,898s][debug][gc,nmethod     ] Register NMethod: jdk.internal.foreign.SegmentFactories.initNativeMemory (0x000078e2df866608) [0x000078e2df866700, 0x000078e2df866920] Compiler: c1, Barriers: 0, Oops: 0, ImmediateOops: 0, NonImmediateOops: No
[1,898s][debug][gc,nmethod     ] Register NMethod: jdk.internal.classfile.impl.StackMapGenerator$Frame.pushStack (0x000078e2fecb5908) [0x000078e2fecb5a00, 0x000078e2fecb6170] Compiler: jvmci, Barriers: 20, Oops: 1, ImmediateOops: 2, NonImmediateOops: No
[1,898s][debug][gc,nmethod     ] Register NMethod: java.lang.invoke.MethodHandle.linkToStatic (0x000078e2fecb6188) [0x000078e2fecb6280, 0x000078e2fecb6370] Compiler: , Barriers: 0, Oops: 0, ImmediateOops: 0, NonImmediateOops: No
[1,899s][debug][gc,nmethod     ] Register NMethod: java.lang.invoke.TypeConvertingMethodAdapter.cast (0x000078e2df44d188) [0x000078e2df44d280, 0x000078e2df44d7b8] Compiler: c1, Barriers: 0, Oops: 0, ImmediateOops: 1, NonImmediateOops: No
[1,899s][debug][gc,nmethod     ] Register NMethod: java.lang.invoke.MethodHandle.linkToStatic (0x000078e2fecb6488) [0x000078e2fecb6580, 0x000078e2fecb6670] Compiler: , Barriers: 0, Oops: 0, ImmediateOops: 0, NonImmediateOops: No
[1,899s][debug][gc,nmethod     ] Register NMethod: jdk.internal.misc.Unsafe.checkSize (0x000078e2df767708) [0x000078e2df767800, 0x000078e2df767a60] Compiler: c1, Barriers: 0, Oops: 0, ImmediateOops: 0, NonImmediateOops: No
[1,900s][debug][gc,nmethod     ] Register NMethod: jdk.internal.foreign.NativeMemorySegmentImpl.unsafeGetOffset (0x000078e2fecb6788) [0x000078e2fecb6880, 0x000078e2fecb6940] Compiler: c1, Barriers: 0, Oops: 0, ImmediateOops: 0, NonImmediateOops: No
[1,900s][debug][gc,nmethod     ] Register NMethod: jdk.internal.foreign.layout.AbstractLayout.byteSize (0x000078e2fecb6a88) [0x000078e2fecb6b80, 0x000078e2fecb6c40] Compiler: c1, Barriers: 0, Oops: 0, ImmediateOops: 0, NonImmediateOops: No
[1,900s][debug][gc,nmethod     ] Register NMethod: jdk.internal.foreign.NativeMemorySegmentImpl.unsafeGetBase (0x000078e2fecb6d88) [0x000078e2fecb6e80, 0x000078e2fecb6f48] Compiler: c1, Barriers: 0, Oops: 0, ImmediateOops: 0, NonImmediateOops: No
[1,900s][debug][gc,nmethod     ] Register NMethod: jdk.internal.foreign.AbstractMemorySegmentImpl.sessionImpl (0x000078e2fecb7088) [0x000078e2fecb7180, 0x000078e2fecb7268] Compiler: c1, Barriers: 1, Oops: 0, ImmediateOops: 0, NonImmediateOops: No
[1,900s][debug][gc,nmethod     ] Register NMethod: jdk.internal.foreign.layout.AbstractLayout.byteAlignment (0x000078e2fecb7388) [0x000078e2fecb7480, 0x000078e2fecb7540] Compiler: c1, Barriers: 0, Oops: 0, ImmediateOops: 0, NonImmediateOops: No
[1,900s][debug][gc,nmethod     ] Register NMethod: java.lang.invoke.MethodHandle.linkToStatic (0x000078e2fecb7688) [0x000078e2fecb7780, 0x000078e2fecb7870] Compiler: , Barriers: 0, Oops: 0, ImmediateOops: 0, NonImmediateOops: No
[1,900s][debug][gc,nmethod     ] Register NMethod: jdk.internal.foreign.NativeMemorySegmentImpl.maxAlignMask (0x000078e2fecb7988) [0x000078e2fecb7a80, 0x000078e2fecb7b40] Compiler: c1, Barriers: 0, Oops: 0, ImmediateOops: 0, NonImmediateOops: No
[1,900s][debug][gc,nmethod     ] Register NMethod: java.io.File.<init> (0x000078e2fecb7c88) [0x000078e2fecb7e80, 0x000078e2fecb8d28] Compiler: jvmci, Barriers: 15, Oops: 1, ImmediateOops: 4, NonImmediateOops: No
[1,900s][debug][gc,nmethod     ] Register NMethod: java.lang.invoke.TypeConvertingMethodAdapter.convertType (0x000078e2dfa50688) [0x000078e2dfa50780, 0x000078e2dfa55ab8] Compiler: c1, Barriers: 0, Oops: 3, ImmediateOops: 31, NonImmediateOops: No
[1,900s][debug][gc,nmethod     ] Register NMethod: java.lang.invoke.MethodHandle.linkToStatic (0x000078e2fecb8d88) [0x000078e2fecb8e80, 0x000078e2fecb8f70] Compiler: , Barriers: 0, Oops: 0, ImmediateOops: 0, NonImmediateOops: No
[1,901s][debug][gc,nmethod     ] Register NMethod: jdk.internal.foreign.AbstractMemorySegmentImpl.checkBounds (0x000078e2fecb9088) [0x000078e2fecb9180, 0x000078e2fecb9278] Compiler: jvmci, Barriers: 0, Oops: 0, ImmediateOops: 0, NonImmediateOops: No
[1,901s][debug][gc,nmethod     ] Register NMethod: jdk.internal.misc.Unsafe.ensureClassInitialized (0x000078e2df9c2108) [0x000078e2df9c2200, 0x000078e2df9c2420] Compiler: c1, Barriers: 0, Oops: 0, ImmediateOops: 0, NonImmediateOops: No
[1,901s][debug][gc,director    ] Rule Major: Warmup 10%, Used: 280MB, UsedThreshold: 1228MB
[1,901s][debug][gc,nmethod     ] Register NMethod: jdk.internal.foreign.MemorySessionImpl.checkValidStateRaw (0x000078e2df60d288) [0x000078e2df60d380, 0x000078e2df60d5b0] Compiler: c1, Barriers: 2, Oops: 0, ImmediateOops: 2, NonImmediateOops: No
[1,901s][debug][gc,nmethod     ] Register NMethod: jdk.internal.reflect.Reflection.filter (0x000078e2df5e8a88) [0x000078e2df5e8b80, 0x000078e2df5ea470] Compiler: c1, Barriers: 6, Oops: 0, ImmediateOops: 1, NonImmediateOops: No
[1,901s][debug][gc,nmethod     ] Register NMethod: java.util.concurrent.ConcurrentHashMap.putIfAbsent (0x000078e2df420488) [0x000078e2df420580, 0x000078e2df420880] Compiler: c1, Barriers: 0, Oops: 0, ImmediateOops: 0, NonImmediateOops: No
[1,901s][debug][gc,nmethod     ] Register NMethod: io.sirix.page.KeyValueLeafPage.isSlotSet (0x000078e2df72ad08) [0x000078e2df72ae00, 0x000078e2df72afa8] Compiler: c1, Barriers: 1, Oops: 1, ImmediateOops: 0, NonImmediateOops: No
[1,901s][debug][gc,nmethod     ] Register NMethod: java.lang.StringConcatHelper.prepend (0x000078e2fecb9388) [0x000078e2fecb9480, 0x000078e2fecb9aa0] Compiler: jvmci, Barriers: 2, Oops: 0, ImmediateOops: 0, NonImmediateOops: No
[1,902s][debug][gc,nmethod     ] Register NMethod: jdk.internal.classfile.impl.DirectCodeBuilder$DeferredLabel.<init> (0x000078e2df44cb88) [0x000078e2df44cc80, 0x000078e2df44cec0] Compiler: c1, Barriers: 3, Oops: 0, ImmediateOops: 0, NonImmediateOops: No
[1,902s][debug][gc,nmethod     ] Register NMethod: jdk.internal.classfile.impl.DirectCodeBuilder.addLabel (0x000078e2df834d08) [0x000078e2df834e00, 0x000078e2df8357d0] Compiler: c1, Barriers: 9, Oops: 0, ImmediateOops: 0, NonImmediateOops: No
[1,903s][debug][gc,nmethod     ] Register NMethod: jdk.internal.foreign.AbstractMemorySegmentImpl.checkReadOnly (0x000078e2df4c3188) [0x000078e2df4c3280, 0x000078e2df4c34a8] Compiler: c1, Barriers: 0, Oops: 0, ImmediateOops: 1, NonImmediateOops: No
[1,903s][debug][gc,nmethod     ] Register NMethod: jdk.internal.constant.ConstantUtils.classDesc (0x000078e2df455c88) [0x000078e2df455d80, 0x000078e2df456e80] Compiler: c1, Barriers: 3, Oops: 1, ImmediateOops: 2, NonImmediateOops: No
[1,903s][debug][gc,nmethod     ] Register NMethod: jdk.internal.classfile.impl.AbstractPoolEntry.hashClassFromDescriptor (0x000078e2fecb9b08) [0x000078e2fecb9c00, 0x000078e2fecb9c70] Compiler: jvmci, Barriers: 0, Oops: 0, ImmediateOops: 0, NonImmediateOops: No
[1,903s][debug][gc,nmethod     ] Register NMethod: jdk.internal.foreign.AbstractMemorySegmentImpl.isAlignedForElement (0x000078e2df765008) [0x000078e2df765100, 0x000078e2df7652f8] Compiler: c1, Barriers: 0, Oops: 0, ImmediateOops: 0, NonImmediateOops: No
[1,903s][debug][gc,nmethod     ] Register NMethod: jdk.internal.foreign.AbstractMemorySegmentImpl.isAlignedForElement (0x000078e2df4c2788) [0x000078e2df4c2880, 0x000078e2df4c2ec8] Compiler: c1, Barriers: 0, Oops: 0, ImmediateOops: 0, NonImmediateOops: No
[1,903s][debug][gc,nmethod     ] Register NMethod: jdk.internal.foreign.layout.ValueLayouts$AbstractValueLayout.varHandle (0x000078e2df81ee08) [0x000078e2df81ef00, 0x000078e2df81f8b8] Compiler: c1, Barriers: 4, Oops: 3, ImmediateOops: 3, NonImmediateOops: No
[1,903s][debug][gc,nmethod     ] Register NMethod: jdk.internal.foreign.AbstractMemorySegmentImpl.checkAccess (0x000078e2df822f08) [0x000078e2df823000, 0x000078e2df823810] Compiler: c1, Barriers: 0, Oops: 0, ImmediateOops: 1, NonImmediateOops: No
[1,903s][debug][gc,nmethod     ] Register NMethod: java.lang.invoke.SegmentVarHandle.offset (0x000078e2df7be708) [0x000078e2df7be800, 0x000078e2df7be918] Compiler: c1, Barriers: 0, Oops: 0, ImmediateOops: 0, NonImmediateOops: No
[1,903s][debug][gc,nmethod     ] Register NMethod: jdk.internal.foreign.AbstractMemorySegmentImpl.byteSize (0x000078e2fecb9e08) [0x000078e2fecb9f00, 0x000078e2fecb9fc0] Compiler: c1, Barriers: 0, Oops: 0, ImmediateOops: 0, NonImmediateOops: No
[1,904s][debug][gc,nmethod     ] Register NMethod: java.lang.classfile.CodeBuilder.ldc (0x000078e2df406208) [0x000078e2df406300, 0x000078e2df406d90] Compiler: c1, Barriers: 0, Oops: 0, ImmediateOops: 0, NonImmediateOops: No
[1,904s][debug][gc,nmethod     ] Register NMethod: jdk.internal.foreign.AbstractMemorySegmentImpl.checkEnclosingLayout (0x000078e2df7c3d88) [0x000078e2df7c3e80, 0x000078e2df7c6e28] Compiler: c1, Barriers: 19, Oops: 1, ImmediateOops: 3, NonImmediateOops: No
[1,904s][debug][gc,nmethod     ] Register NMethod: java.lang.invoke.SegmentVarHandle.checkSegment (0x000078e2df63b788) [0x000078e2df63b880, 0x000078e2df63ede8] Compiler: c1, Barriers: 20, Oops: 1, ImmediateOops: 3, NonImmediateOops: No
[1,904s][debug][gc,nmethod     ] Register NMethod: java.lang.classfile.constantpool.ConstantPoolBuilder.loadableConstantEntry (0x000078e2dfa55b08) [0x000078e2dfa55c00, 0x000078e2dfa5b398] Compiler: c1, Barriers: 0, Oops: 1, ImmediateOops: 3, NonImmediateOops: No
[1,904s][debug][gc,nmethod     ] Register NMethod: java.lang.invoke.LambdaForm.constantForm (0x000078e2df822908) [0x000078e2df822a00, 0x000078e2df822db8] Compiler: c1, Barriers: 1, Oops: 0, ImmediateOops: 1, NonImmediateOops: No
[1,905s][debug][gc,nmethod     ] Register NMethod: java.lang.invoke.BoundMethodHandle.bindSingleL (0x000078e2df7cf588) [0x000078e2df7cf680, 0x000078e2df7cf790] Compiler: c1, Barriers: 0, Oops: 0, ImmediateOops: 0, NonImmediateOops: No
[1,905s][debug][gc,nmethod     ] Register NMethod: java.util.stream.SortedOps$AbstractRefSortingSink.<init> (0x000078e2df44fc08) [0x000078e2df44fd00, 0x000078e2df450310] Compiler: c1, Barriers: 6, Oops: 0, ImmediateOops: 0, NonImmediateOops: No
[1,905s][debug][gc,nmethod     ] Register NMethod: jdk.internal.classfile.impl.StackMapGenerator.processLdc (0x000078e2dfa5b408) [0x000078e2dfa5b500, 0x000078e2dfa61128] Compiler: c1, Barriers: 31, Oops: 2, ImmediateOops: 20, NonImmediateOops: No
[1,905s][debug][gc,nmethod     ] Register NMethod: java.util.stream.SortedOps$OfRef.opWrapSink (0x000078e2df5c2208) [0x000078e2df5c2300, 0x000078e2df5c3810] Compiler: c1, Barriers: 14, Oops: 2, ImmediateOops: 2, NonImmediateOops: No
[1,906s][debug][gc,nmethod     ] Register NMethod: java.util.concurrent.ConcurrentHashMap.putVal (0x000078e2df40f788) [0x000078e2df40f880, 0x000078e2df411dc8] Compiler: c1, Barriers: 28, Oops: 0, ImmediateOops: 1, NonImmediateOops: No
[1,906s][debug][gc,nmethod     ] Register NMethod: java.lang.invoke.MethodHandleImpl.makeConstantReturning (0x000078e2df7d4708) [0x000078e2df7d4800, 0x000078e2df7d6e98] Compiler: c1, Barriers: 0, Oops: 0, ImmediateOops: 3, NonImmediateOops: No
[1,906s][debug][gc,nmethod     ] Register NMethod: jdk.internal.foreign.Utils$BaseAndScale.scale (0x000078e2fecba108) [0x000078e2fecba200, 0x000078e2fecba2c0] Compiler: c1, Barriers: 0, Oops: 0, ImmediateOops: 0, NonImmediateOops: No
[1,906s][debug][gc,nmethod     ] Register NMethod: jdk.internal.misc.Unsafe.checkOffset (0x000078e2df405e08) [0x000078e2df405f00, 0x000078e2df406160] Compiler: c1, Barriers: 0, Oops: 0, ImmediateOops: 0, NonImmediateOops: No
[1,906s][debug][gc,nmethod     ] Register NMethod: io.sirix.page.KeyValueLeafPage.getSlotAsByteArray (0x000078e2df44f308) [0x000078e2df44f400, 0x000078e2df44fa98] Compiler: c1, Barriers: 0, Oops: 1, ImmediateOops: 1, NonImmediateOops: No
[1,906s][debug][gc,nmethod     ] Register NMethod: io.sirix.node.GrowingMemorySegment.ensureCapacity (0x000078e2df817008) [0x000078e2df817100, 0x000078e2df817260] Compiler: c1, Barriers: 0, Oops: 1, ImmediateOops: 0, NonImmediateOops: No
[1,906s][debug][gc,nmethod     ] Register NMethod: jdk.internal.misc.Unsafe.copyMemory (0x000078e2df7d3008) [0x000078e2df7d3100, 0x000078e2df7d46c0] Compiler: c1, Barriers: 4, Oops: 0, ImmediateOops: 0, NonImmediateOops: No
[1,906s][debug][gc,nmethod     ] Register NMethod: jdk.internal.misc.Unsafe.copyMemoryChecks (0x000078e2df616288) [0x000078e2df616380, 0x000078e2df617938] Compiler: c1, Barriers: 4, Oops: 0, ImmediateOops: 0, NonImmediateOops: No
[1,907s][debug][gc,nmethod     ] Register NMethod: jdk.internal.foreign.AbstractMemorySegmentImpl.isAlignedForElement (0x000078e2df63ac88) [0x000078e2df63ad80, 0x000078e2df63b740] Compiler: c1, Barriers: 0, Oops: 0, ImmediateOops: 0, NonImmediateOops: No
[1,907s][debug][gc,nmethod     ] Register NMethod: java.lang.Integer.rotateRight (0x000078e2df820608) [0x000078e2df820700, 0x000078e2df8207f0] Compiler: c1, Barriers: 0, Oops: 0, ImmediateOops: 0, NonImmediateOops: No
[1,907s][debug][gc,nmethod     ] Register NMethod: jdk.internal.misc.Unsafe.putIntUnaligned (0x000078e2df63a708) [0x000078e2df63a800, 0x000078e2df63aa30] Compiler: c1, Barriers: 0, Oops: 0, ImmediateOops: 0, NonImmediateOops: No
[1,907s][debug][gc,nmethod     ] Register NMethod: jdk.internal.misc.Unsafe.putIntUnaligned (0x000078e2df7d2c08) [0x000078e2df7d2d00, 0x000078e2df7d2fa0] Compiler: c1, Barriers: 0, Oops: 0, ImmediateOops: 0, NonImmediateOops: No
[1,907s][debug][gc,nmethod     ] Register NMethod: jdk.internal.foreign.AbstractMemorySegmentImpl.asSliceNoCheck (0x000078e2fecba408) [0x000078e2fecba500, 0x000078e2fecba6b0] Compiler: jvmci, Barriers: 3, Oops: 0, ImmediateOops: 0, NonImmediateOops: No
[1,908s][debug][gc,nmethod     ] Register NMethod: java.lang.invoke.MethodHandle.invokeBasic (0x000078e2fecba708) [0x000078e2fecba800, 0x000078e2fecbaa98] Compiler: , Barriers: 0, Oops: 0, ImmediateOops: 0, NonImmediateOops: No
[1,908s][debug][gc,nmethod     ] Register NMethod: jdk.internal.foreign.NativeMemorySegmentImpl.dup (0x000078e2fecbab08) [0x000078e2fecbac20, 0x000078e2fecbad70] Compiler: jvmci, Barriers: 2, Oops: 0, ImmediateOops: 0, NonImmediateOops: No
[1,908s][debug][gc,nmethod     ] Register NMethod: java.util.WeakHashMap.expungeStaleEntries (0x000078e2fecbae08) [0x000078e2fecbaf00, 0x000078e2fecbb038] Compiler: jvmci, Barriers: 2, Oops: 0, ImmediateOops: 0, NonImmediateOops: No
[1,908s][debug][gc,nmethod     ] Register NMethod: java.lang.Integer.rotateRight (0x000078e2fecbb108) [0x000078e2fecbb200, 0x000078e2fecbb270] Compiler: jvmci, Barriers: 0, Oops: 0, ImmediateOops: 0, NonImmediateOops: No
[1,908s][debug][gc,nmethod     ] Register NMethod: java.lang.invoke.VarHandleGuards.guard_LII_V (0x000078e2dfa61188) [0x000078e2dfa61280, 0x000078e2dfa65e80] Compiler: c1, Barriers: 46, Oops: 1, ImmediateOops: 6, NonImmediateOops: No
[1,910s][debug][gc,nmethod     ] Register NMethod: jdk.internal.classfile.impl.AbstractPoolEntry$ClassEntryImpl.hashCode (0x000078e2fecbb408) [0x000078e2fecbb500, 0x000078e2fecbba58] Compiler: jvmci, Barriers: 7, Oops: 0, ImmediateOops: 2, NonImmediateOops: No
[1,910s][debug][gc,nmethod     ] Register NMethod: jdk.internal.classfile.impl.SplitConstantPool.maybeCloneUtf8Entry (0x000078e2df4da388) [0x000078e2df4da480, 0x000078e2df4db520] Compiler: c1, Barriers: 4, Oops: 0, ImmediateOops: 2, NonImmediateOops: No
[1,910s][debug][gc,nmethod     ] Register NMethod: jdk.internal.classfile.impl.UnboundAttribute$UnboundExceptionsAttribute.exceptions (0x000078e2fecbba88) [0x000078e2fecbbb80, 0x000078e2fecbbc68] Compiler: c1, Barriers: 1, Oops: 0, ImmediateOops: 0, NonImmediateOops: No
[1,911s][debug][gc,nmethod     ] Register NMethod: java.lang.invoke.MethodHandle.linkToStatic (0x000078e2fecbbd88) [0x000078e2fecbbe80, 0x000078e2fecbbf70] Compiler: , Barriers: 0, Oops: 0, ImmediateOops: 0, NonImmediateOops: No
[1,911s][debug][gc,nmethod     ] Register NMethod: java.lang.invoke.MethodHandle.invokeBasic (0x000078e2fecbc088) [0x000078e2fecbc180, 0x000078e2fecbc418] Compiler: , Barriers: 0, Oops: 0, ImmediateOops: 0, NonImmediateOops: No
[1,911s][debug][gc,nmethod     ] Register NMethod: jdk.internal.constant.MethodTypeDescImpl.parameterType (0x000078e2fecbc488) [0x000078e2fecbc580, 0x000078e2fecbc6c0] Compiler: jvmci, Barriers: 2, Oops: 0, ImmediateOops: 0, NonImmediateOops: No
[1,911s][debug][gc,director    ] Rule Major: Warmup 10%, Used: 282MB, UsedThreshold: 1228MB
[1,912s][debug][gc,nmethod     ] Register NMethod: io.sirix.page.KeyValueLeafPage.getSlot (0x000078e2dfa65f08) [0x000078e2dfa66000, 0x000078e2dfa7c220] Compiler: c1, Barriers: 194, Oops: 13, ImmediateOops: 50, NonImmediateOops: No
[1,912s][debug][gc,nmethod     ] Register NMethod: jdk.internal.classfile.impl.StackMapGenerator$Type.referenceType (0x000078e2fecbc788) [0x000078e2fecbc880, 0x000078e2fecbc998] Compiler: jvmci, Barriers: 2, Oops: 0, ImmediateOops: 0, NonImmediateOops: No
[1,914s][debug][gc,nmethod     ] Register NMethod: java.io.UnixFileSystem.canonicalize0 (0x000078e2fecbca88) [0x000078e2fecbcb80, 0x000078e2fecbceb0] Compiler: , Barriers: 0, Oops: 0, ImmediateOops: 0, NonImmediateOops: No
[1,916s][debug][gc,nmethod     ] Register NMethod: java.util.concurrent.atomic.AtomicLong.get (0x000078e2fecbcf08) [0x000078e2fecbd000, 0x000078e2fecbd0c8] Compiler: c1, Barriers: 0, Oops: 0, ImmediateOops: 0, NonImmediateOops: No
[1,916s][debug][gc,nmethod     ] Register NMethod: jdk.internal.misc.Unsafe.putLongUnaligned (0x000078e2df40f208) [0x000078e2df40f300, 0x000078e2df40f738] Compiler: c1, Barriers: 0, Oops: 0, ImmediateOops: 0, NonImmediateOops: No
[1,917s][debug][gc,nmethod     ] Register NMethod: java.util.concurrent.ForkJoinPool.slotOffset (0x000078e2df86bb88) [0x000078e2df86bc80, 0x000078e2df86bd78] Compiler: c1, Barriers: 0, Oops: 0, ImmediateOops: 0, NonImmediateOops: No
[1,917s][debug][gc,nmethod     ] Register NMethod: jdk.internal.foreign.SegmentFactories.initNativeMemory (0x000078e2df8bc208) [0x000078e2df8bc300, 0x000078e2df8bc4a0] Compiler: c1, Barriers: 0, Oops: 0, ImmediateOops: 0, NonImmediateOops: No
[1,917s][debug][gc,nmethod     ] Register NMethod: java.lang.Thread.onSpinWait (0x000078e2fecbd208) [0x000078e2fecbd300, 0x000078e2fecbd360] Compiler: jvmci, Barriers: 0, Oops: 0, ImmediateOops: 0, NonImmediateOops: No
[1,917s][debug][gc,nmethod     ] Register NMethod: java.lang.invoke.MethodHandle.invokeBasic (0x000078e2fecbd508) [0x000078e2fecbd600, 0x000078e2fecbd898] Compiler: , Barriers: 0, Oops: 0, ImmediateOops: 0, NonImmediateOops: No
[1,917s][debug][gc,nmethod     ] Register NMethod: java.lang.invoke.MethodHandle.linkToSpecial (0x000078e2fecbd908) [0x000078e2fecbda00, 0x000078e2fecbdaf8] Compiler: , Barriers: 0, Oops: 0, ImmediateOops: 0, NonImmediateOops: No
[1,917s][debug][gc,nmethod     ] Register NMethod: java.util.Arrays.copyOf (0x000078e2fecbdc08) [0x000078e2fecbdd00, 0x000078e2fecbe300] Compiler: jvmci, Barriers: 1, Oops: 0, ImmediateOops: 2, NonImmediateOops: No
[1,917s][debug][gc,nmethod     ] Register NMethod: java.lang.invoke.LambdaForm.methodType (0x000078e2df7c3488) [0x000078e2df7c3580, 0x000078e2df7c3d78] Compiler: c1, Barriers: 9, Oops: 0, ImmediateOops: 1, NonImmediateOops: No
[1,918s][debug][gc,nmethod     ] Register NMethod: java.lang.invoke.MethodHandle.invokeBasic (0x000078e2fecbe308) [0x000078e2fecbe400, 0x000078e2fecbe698] Compiler: , Barriers: 0, Oops: 0, ImmediateOops: 0, NonImmediateOops: No
[1,918s][debug][gc,nmethod     ] Register NMethod: java.lang.invoke.MethodHandle.linkToSpecial (0x000078e2fecbe708) [0x000078e2fecbe800, 0x000078e2fecbe8f8] Compiler: , Barriers: 0, Oops: 0, ImmediateOops: 0, NonImmediateOops: No
[1,919s][debug][gc,nmethod     ] Register NMethod: java.lang.Long.longValue (0x000078e2fecbea08) [0x000078e2fecbeb00, 0x000078e2fecbebc0] Compiler: c1, Barriers: 0, Oops: 0, ImmediateOops: 0, NonImmediateOops: No
[1,919s][debug][gc,nmethod     ] Register NMethod: java.lang.invoke.MethodHandle.invokeBasic (0x000078e2fecbed08) [0x000078e2fecbee00, 0x000078e2fecbf098] Compiler: , Barriers: 0, Oops: 0, ImmediateOops: 0, NonImmediateOops: No
[1,920s][debug][gc,nmethod     ] Register NMethod: java.lang.reflect.Array.getLength (0x000078e2fecbf108) [0x000078e2fecbf200, 0x000078e2fecbf368] Compiler: , Barriers: 0, Oops: 0, ImmediateOops: 1, NonImmediateOops: No
[1,920s][debug][gc,nmethod     ] Register NMethod: jdk.internal.foreign.layout.ValueLayouts$AbstractValueLayout.carrier (0x000078e2fecbf408) [0x000078e2fecbf500, 0x000078e2fecbf5e8] Compiler: c1, Barriers: 1, Oops: 0, ImmediateOops: 0, NonImmediateOops: No
[1,920s][debug][gc,nmethod     ] Register NMethod: java.lang.invoke.VarHandleGuards.guard_LJI_V (0x000078e2dfa7c308) [0x000078e2dfa7c400, 0x000078e2dfa81008] Compiler: c1, Barriers: 46, Oops: 1, ImmediateOops: 6, NonImmediateOops: No
[1,921s][debug][gc,nmethod     ] Register NMethod: jdk.internal.classfile.impl.SplitConstantPool.classEntry (0x000078e2fecbf708) [0x000078e2fecbf800, 0x000078e2fecbf990] Compiler: jvmci, Barriers: 0, Oops: 0, ImmediateOops: 0, NonImmediateOops: No
[1,921s][debug][gc,nmethod     ] Register NMethod: jdk.internal.foreign.Utils$BaseAndScale.base (0x000078e2fecbfa08) [0x000078e2fecbfb00, 0x000078e2fecbfbc0] Compiler: c1, Barriers: 0, Oops: 0, ImmediateOops: 0, NonImmediateOops: No
[1,921s][debug][gc,nmethod     ] Register NMethod: java.lang.invoke.SegmentVarHandle.offset (0x000078e2df40ee08) [0x000078e2df40ef00, 0x000078e2df40f200] Compiler: c1, Barriers: 0, Oops: 0, ImmediateOops: 0, NonImmediateOops: No
[1,921s][debug][gc,nmethod     ] Register NMethod: jdk.internal.misc.Unsafe.checkNativeAddress (0x000078e2df4da008) [0x000078e2df4da100, 0x000078e2df4da210] Compiler: c1, Barriers: 0, Oops: 0, ImmediateOops: 0, NonImmediateOops: No
[1,921s][debug][gc,director    ] Rule Major: Warmup 10%, Used: 284MB, UsedThreshold: 1228MB
[1,921s][debug][gc,nmethod     ] Register NMethod: jdk.internal.misc.Unsafe.pick (0x000078e2df7d2788) [0x000078e2df7d2880, 0x000078e2df7d2978] Compiler: c1, Barriers: 0, Oops: 0, ImmediateOops: 0, NonImmediateOops: No
[1,922s][debug][gc,nmethod     ] Register NMethod: java.lang.invoke.SegmentVarHandle.checkSegment (0x000078e2df74c788) [0x000078e2df74c880, 0x000078e2df750198] Compiler: c1, Barriers: 20, Oops: 1, ImmediateOops: 3, NonImmediateOops: No
[1,922s][debug][gc,nmethod     ] Register NMethod: java.lang.invoke.MethodHandle.linkToStatic (0x000078e2fecbfd08) [0x000078e2fecbfe00, 0x000078e2fecbfef0] Compiler: , Barriers: 0, Oops: 0, ImmediateOops: 0, NonImmediateOops: No
[1,922s][debug][gc,nmethod     ] Register NMethod: jdk.internal.foreign.AbstractMemorySegmentImpl.checkEnclosingLayout (0x000078e2df4e4c88) [0x000078e2df4e4d80, 0x000078e2df4e80d8] Compiler: c1, Barriers: 19, Oops: 1, ImmediateOops: 3, NonImmediateOops: No
[1,924s][debug][gc,nmethod     ] Register NMethod: java.lang.invoke.MethodHandle.linkToSpecial (0x000078e2fecc0008) [0x000078e2fecc0100, 0x000078e2fecc01f8] Compiler: , Barriers: 0, Oops: 0, ImmediateOops: 0, NonImmediateOops: No
[1,924s][debug][gc,nmethod     ] Register NMethod: jdk.internal.classfile.impl.Util.parameterSlots (0x000078e2df7c2f08) [0x000078e2df7c3000, 0x000078e2df7c3470] Compiler: c1, Barriers: 3, Oops: 0, ImmediateOops: 2, NonImmediateOops: No
[1,924s][debug][gc,nmethod     ] Register NMethod: java.lang.invoke.MethodHandle.linkToSpecial (0x000078e2fecc0308) [0x000078e2fecc0400, 0x000078e2fecc04f8] Compiler: , Barriers: 0, Oops: 0, ImmediateOops: 0, NonImmediateOops: No
[1,925s][debug][gc,nmethod     ] Register NMethod: java.lang.invoke.MethodHandle.invokeBasic (0x000078e2fecc0608) [0x000078e2fecc0700, 0x000078e2fecc0998] Compiler: , Barriers: 0, Oops: 0, ImmediateOops: 0, NonImmediateOops: No
[1,925s][debug][gc,nmethod     ] Register NMethod: java.lang.invoke.MethodHandle.linkToSpecial (0x000078e2fecc0a08) [0x000078e2fecc0b00, 0x000078e2fecc0bf8] Compiler: , Barriers: 0, Oops: 0, ImmediateOops: 0, NonImmediateOops: No
[1,925s][debug][gc,nmethod     ] Register NMethod: java.lang.invoke.MethodHandle.linkToSpecial (0x000078e2fecc0d08) [0x000078e2fecc0e00, 0x000078e2fecc0ef8] Compiler: , Barriers: 0, Oops: 0, ImmediateOops: 0, NonImmediateOops: No
[1,925s][debug][gc,nmethod     ] Register NMethod: java.lang.invoke.MethodHandle.linkToSpecial (0x000078e2fecc1008) [0x000078e2fecc1100, 0x000078e2fecc11f8] Compiler: , Barriers: 0, Oops: 0, ImmediateOops: 0, NonImmediateOops: No
[1,925s][debug][gc,nmethod     ] Register NMethod: java.lang.invoke.MethodHandle.invokeBasic (0x000078e2fecc1308) [0x000078e2fecc1400, 0x000078e2fecc1698] Compiler: , Barriers: 0, Oops: 0, ImmediateOops: 0, NonImmediateOops: No
[1,925s][debug][gc,nmethod     ] Register NMethod: java.lang.invoke.MethodHandle.linkToSpecial (0x000078e2fecc1708) [0x000078e2fecc1800, 0x000078e2fecc18f8] Compiler: , Barriers: 0, Oops: 0, ImmediateOops: 0, NonImmediateOops: No
[1,926s][debug][gc,nmethod     ] Register NMethod: java.nio.Buffer.session (0x000078e2df486a08) [0x000078e2df486b00, 0x000078e2df486f08] Compiler: c1, Barriers: 1, Oops: 0, ImmediateOops: 0, NonImmediateOops: No
[1,926s][debug][gc,nmethod     ] Register NMethod: java.lang.invoke.LambdaForm.compileToBytecode (0x000078e2df74bc88) [0x000078e2df74bd80, 0x000078e2df74c760] Compiler: c1, Barriers: 9, Oops: 1, ImmediateOops: 4, NonImmediateOops: No
[1,926s][debug][gc,nmethod     ] Register NMethod: java.lang.invoke.VarHandleByteArrayAsInts$ArrayHandle.set (0x000078e2df5dd808) [0x000078e2df5dd900, 0x000078e2df5de0b0] Compiler: c1, Barriers: 0, Oops: 2, ImmediateOops: 2, NonImmediateOops: No
[1,929s][debug][gc,nmethod     ] Register NMethod: java.lang.invoke.MethodHandle.linkToStatic (0x000078e2fecc1a08) [0x000078e2fecc1b00, 0x000078e2fecc1bf0] Compiler: , Barriers: 0, Oops: 0, ImmediateOops: 0, NonImmediateOops: No
[1,929s][debug][gc,nmethod     ] Register NMethod: java.lang.invoke.MethodHandle.linkToStatic (0x000078e2fecc1d08) [0x000078e2fecc1e00, 0x000078e2fecc1ef0] Compiler: , Barriers: 0, Oops: 0, ImmediateOops: 0, NonImmediateOops: No
[1,931s][debug][gc,director    ] Rule Major: Warmup 10%, Used: 284MB, UsedThreshold: 1228MB
[1,933s][debug][gc,nmethod     ] Register NMethod: sun.nio.fs.UnixPath.isEmpty (0x000078e2df7c2c08) [0x000078e2df7c2d00, 0x000078e2df7c2e88] Compiler: c1, Barriers: 1, Oops: 0, ImmediateOops: 0, NonImmediateOops: No
[1,935s][debug][gc,nmethod     ] Register NMethod: java.lang.invoke.MethodHandle.linkToStatic (0x000078e2fecc2008) [0x000078e2fecc2100, 0x000078e2fecc21f0] Compiler: , Barriers: 0, Oops: 0, ImmediateOops: 0, NonImmediateOops: No
[1,935s][debug][gc,nmethod     ] Register NMethod: java.lang.invoke.MethodHandleNatives.getCharType (0x000078e2df74b608) [0x000078e2df74b700, 0x000078e2df74b9f8] Compiler: c1, Barriers: 0, Oops: 0, ImmediateOops: 0, NonImmediateOops: No
[1,936s][debug][gc,nmethod     ] Register NMethod: org.magicwerk.brownies.collections.GapList.size (0x000078e2fecc2308) [0x000078e2fecc2400, 0x000078e2fecc24c0] Compiler: c1, Barriers: 0, Oops: 1, ImmediateOops: 0, NonImmediateOops: No
[1,936s][debug][gc,nmethod     ] Register NMethod: java.lang.invoke.MethodHandle.linkToSpecial (0x000078e2fecc2608) [0x000078e2fecc2700, 0x000078e2fecc27f8] Compiler: , Barriers: 0, Oops: 0, ImmediateOops: 0, NonImmediateOops: No
[1,937s][debug][gc,nmethod     ] Register NMethod: java.lang.invoke.MethodHandle.linkToSpecial (0x000078e2fecc2908) [0x000078e2fecc2a00, 0x000078e2fecc2af8] Compiler: , Barriers: 0, Oops: 0, ImmediateOops: 0, NonImmediateOops: No
[1,937s][debug][gc,nmethod     ] Register NMethod: jdk.internal.misc.CDS.isLoggingLambdaFormInvokers (0x000078e2df5dd508) [0x000078e2df5dd600, 0x000078e2df5dd6f8] Compiler: c1, Barriers: 0, Oops: 0, ImmediateOops: 0, NonImmediateOops: No
[1,937s][debug][gc,nmethod     ] Register NMethod: java.lang.invoke.MethodHandle.invokeBasic (0x000078e2fecc2c08) [0x000078e2fecc2d00, 0x000078e2fecc2f98] Compiler: , Barriers: 0, Oops: 0, ImmediateOops: 0, NonImmediateOops: No
[1,937s][debug][gc,nmethod     ] Register NMethod: java.lang.invoke.MethodHandle.linkToSpecial (0x000078e2fecc3008) [0x000078e2fecc3100, 0x000078e2fecc31f8] Compiler: , Barriers: 0, Oops: 0, ImmediateOops: 0, NonImmediateOops: No
[1,938s][debug][gc,nmethod     ] Register NMethod: jdk.internal.constant.ClassOrInterfaceDescImpl.ofValidated (0x000078e2fecc3308) [0x000078e2fecc3400, 0x000078e2fecc3510] Compiler: jvmci, Barriers: 2, Oops: 0, ImmediateOops: 0, NonImmediateOops: No
[1,938s][debug][gc,nmethod     ] Register NMethod: java.lang.invoke.MethodHandle.linkToSpecial (0x000078e2fecc3608) [0x000078e2fecc3700, 0x000078e2fecc37f8] Compiler: , Barriers: 0, Oops: 0, ImmediateOops: 0, NonImmediateOops: No
[1,938s][debug][gc,nmethod     ] Register NMethod: jdk.internal.classfile.impl.AbstractPoolEntry$Utf8EntryImpl.methodTypeSymbol (0x000078e2fecc3908) [0x000078e2fecc3a00, 0x000078e2fecc3b08] Compiler: jvmci, Barriers: 1, Oops: 0, ImmediateOops: 0, NonImmediateOops: No
[1,938s][debug][gc,nmethod     ] Register NMethod: jdk.internal.classfile.impl.AbstractPoolEntry$AbstractRefEntry.<init> (0x000078e2fecc3c08) [0x000078e2fecc3d00, 0x000078e2fecc3ed8] Compiler: jvmci, Barriers: 6, Oops: 0, ImmediateOops: 0, NonImmediateOops: No
[1,938s][debug][gc,nmethod     ] Register NMethod: java.lang.invoke.MethodHandle.linkToSpecial (0x000078e2fecc3f08) [0x000078e2fecc4000, 0x000078e2fecc40f8] Compiler: , Barriers: 0, Oops: 0, ImmediateOops: 0, NonImmediateOops: No
[1,938s][debug][gc,nmethod     ] Register NMethod: java.lang.invoke.MethodHandle.invokeBasic (0x000078e2fecc4208) [0x000078e2fecc4300, 0x000078e2fecc4598] Compiler: , Barriers: 0, Oops: 0, ImmediateOops: 0, NonImmediateOops: No
[1,938s][debug][gc,nmethod     ] Register NMethod: java.lang.invoke.MethodHandle.linkToSpecial (0x000078e2fecc4608) [0x000078e2fecc4700, 0x000078e2fecc47f8] Compiler: , Barriers: 0, Oops: 0, ImmediateOops: 0, NonImmediateOops: No
[1,939s][debug][gc,nmethod     ] Register NMethod: jdk.internal.classfile.impl.SplitConstantPool.classEntryForClassOrInterface (0x000078e2fecc4908) [0x000078e2fecc4a20, 0x000078e2fecc5af0] Compiler: jvmci, Barriers: 37, Oops: 0, ImmediateOops: 1, NonImmediateOops: No
[1,939s][debug][gc,nmethod     ] Register NMethod: java.lang.invoke.MethodHandle.linkToStatic (0x000078e2fecc5b08) [0x000078e2fecc5c00, 0x000078e2fecc5cf0] Compiler: , Barriers: 0, Oops: 0, ImmediateOops: 0, NonImmediateOops: No
[1,940s][debug][gc,nmethod     ] Register NMethod: java.lang.invoke.DirectMethodHandle$Holder.invokeStatic (0x000078e2df5dd008) [0x000078e2df5dd100, 0x000078e2df5dd4c8] Compiler: c1, Barriers: 1, Oops: 0, ImmediateOops: 0, NonImmediateOops: No
[1,940s][debug][gc,nmethod     ] Register NMethod: java.lang.Thread.isInterrupted (0x000078e2fecc5e08) [0x000078e2fecc5f00, 0x000078e2fecc5fc0] Compiler: c1, Barriers: 0, Oops: 0, ImmediateOops: 0, NonImmediateOops: No
[1,940s][debug][gc,nmethod     ] Register NMethod: java.lang.invoke.Invokers$Holder.linkToTargetMethod (0x000078e2df4e4688) [0x000078e2df4e4780, 0x000078e2df4e4c78] Compiler: c1, Barriers: 0, Oops: 0, ImmediateOops: 0, NonImmediateOops: No
[1,940s][debug][gc,nmethod     ] Register NMethod: java.lang.Thread.isVirtual (0x000078e2df5dcb08) [0x000078e2df5dcc00, 0x000078e2df5dcf08] Compiler: c1, Barriers: 0, Oops: 0, ImmediateOops: 0, NonImmediateOops: No
[1,940s][debug][gc,nmethod     ] Register NMethod: jdk.internal.misc.Unsafe.getReference (0x000078e2fecc6108) [0x000078e2fecc6200, 0x000078e2fecc6530] Compiler: , Barriers: 0, Oops: 0, ImmediateOops: 0, NonImmediateOops: No
[1,941s][debug][gc,nmethod     ] Register NMethod: jdk.internal.misc.Unsafe.weakCompareAndSetLong (0x000078e2df4e4388) [0x000078e2df4e4480, 0x000078e2df4e45a0] Compiler: c1, Barriers: 0, Oops: 0, ImmediateOops: 0, NonImmediateOops: No
[1,941s][debug][gc,director    ] Rule Major: Warmup 10%, Used: 286MB, UsedThreshold: 1228MB
[1,941s][debug][gc,nmethod     ] Register NMethod: jdk.internal.misc.Unsafe.toUnsignedLong (0x000078e2df4e4088) [0x000078e2df4e4180, 0x000078e2df4e4270] Compiler: c1, Barriers: 0, Oops: 0, ImmediateOops: 0, NonImmediateOops: No
[1,941s][debug][gc,nmethod     ] Register NMethod: java.util.BitSet.<init> (0x000078e2df615208) [0x000078e2df615300, 0x000078e2df616248] Compiler: c1, Barriers: 3, Oops: 1, ImmediateOops: 2, NonImmediateOops: No
[1,942s][debug][gc,nmethod     ] Register NMethod: java.lang.invoke.MethodHandle.linkToSpecial (0x000078e2fecc6588) [0x000078e2fecc6680, 0x000078e2fecc6778] Compiler: , Barriers: 0, Oops: 0, ImmediateOops: 0, NonImmediateOops: No
[1,942s][debug][gc,nmethod     ] Register NMethod: java.lang.invoke.MethodHandle.invokeBasic (0x000078e2fecc6888) [0x000078e2fecc6980, 0x000078e2fecc6c18] Compiler: , Barriers: 0, Oops: 0, ImmediateOops: 0, NonImmediateOops: No
[1,942s][debug][gc,nmethod     ] Register NMethod: java.lang.invoke.MethodHandle.linkToSpecial (0x000078e2fecc6c88) [0x000078e2fecc6d80, 0x000078e2fecc6e78] Compiler: , Barriers: 0, Oops: 0, ImmediateOops: 0, NonImmediateOops: No
[1,942s][debug][gc,nmethod     ] Register NMethod: java.lang.invoke.MethodHandleStatics.traceLambdaForm (0x000078e2df4e3d88) [0x000078e2df4e3e80, 0x000078e2df4e3fe8] Compiler: c1, Barriers: 0, Oops: 0, ImmediateOops: 0, NonImmediateOops: No
[1,942s][debug][gc,nmethod     ] Register NMethod: java.lang.invoke.MethodHandle.invokeBasic (0x000078e2fecc6f88) [0x000078e2fecc7080, 0x000078e2fecc7318] Compiler: , Barriers: 0, Oops: 0, ImmediateOops: 0, NonImmediateOops: No
[1,942s][debug][gc,nmethod     ] Register NMethod: jdk.internal.classfile.impl.RawBytecodeHelper.getU2Unchecked (0x000078e2fecc7388) [0x000078e2fecc7480, 0x000078e2fecc7598] Compiler: jvmci, Barriers: 2, Oops: 0, ImmediateOops: 0, NonImmediateOops: No
[1,944s][debug][gc,nmethod     ] Register NMethod: io.sirix.page.KeyValueLeafPage.isSlotSet (0x000078e2fecc7688) [0x000078e2fecc7780, 0x000078e2fecc7898] Compiler: jvmci, Barriers: 1, Oops: 1, ImmediateOops: 0, NonImmediateOops: No
[1,944s][debug][gc,nmethod     ] Register NMethod: jdk.internal.classfile.impl.DirectCodeBuilder.invokestatic (0x000078e2df614588) [0x000078e2df614680, 0x000078e2df6151f0] Compiler: c1, Barriers: 2, Oops: 0, ImmediateOops: 0, NonImmediateOops: No
[1,945s][debug][gc,nmethod     ] Register NMethod: java.lang.invoke.MethodHandle.invokeBasic (0x000078e2fecc7988) [0x000078e2fecc7a80, 0x000078e2fecc7d18] Compiler: , Barriers: 0, Oops: 0, ImmediateOops: 0, NonImmediateOops: No
[1,945s][debug][gc,nmethod     ] Register NMethod: java.lang.invoke.MethodHandle.linkToSpecial (0x000078e2fecc7d88) [0x000078e2fecc7e80, 0x000078e2fecc7f78] Compiler: , Barriers: 0, Oops: 0, ImmediateOops: 0, NonImmediateOops: No
[1,945s][debug][gc,nmethod     ] Register NMethod: jdk.internal.constant.ArrayClassDescImpl.descriptorString (0x000078e2dfa81088) [0x000078e2dfa81180, 0x000078e2dfa83c60] Compiler: c1, Barriers: 11, Oops: 0, ImmediateOops: 5, NonImmediateOops: No
[1,947s][debug][gc,nmethod     ] Register NMethod: java.lang.Long.numberOfLeadingZeros (0x000078e2df4e3a88) [0x000078e2df4e3b80, 0x000078e2df4e3d28] Compiler: c1, Barriers: 0, Oops: 0, ImmediateOops: 0, NonImmediateOops: No
[1,947s][debug][gc,nmethod     ] Register NMethod: jdk.internal.misc.Unsafe.getAndAddLong (0x000078e2df4e3488) [0x000078e2df4e3580, 0x000078e2df4e3970] Compiler: c1, Barriers: 0, Oops: 0, ImmediateOops: 0, NonImmediateOops: No
[1,947s][debug][gc,nmethod     ] Register NMethod: jdk.internal.misc.ScopedMemoryAccess.copyMemoryInternal (0x000078e2df613808) [0x000078e2df613900, 0x000078e2df614560] Compiler: c1, Barriers: 4, Oops: 0, ImmediateOops: 5, NonImmediateOops: No
[1,947s][debug][gc,nmethod     ] Register NMethod: jdk.internal.misc.ScopedMemoryAccess.copyMemory (0x000078e2dfa83c88) [0x000078e2dfa83d80, 0x000078e2dfa850f8] Compiler: c1, Barriers: 5, Oops: 0, ImmediateOops: 5, NonImmediateOops: No
[1,948s][debug][gc,nmethod     ] Register NMethod: jdk.internal.misc.ScopedMemoryAccess.getIntUnalignedInternal (0x000078e2df612f88) [0x000078e2df613080, 0x000078e2df6137f8] Compiler: c1, Barriers: 2, Oops: 0, ImmediateOops: 3, NonImmediateOops: No
[1,948s][debug][gc,nmethod     ] Register NMethod: jdk.internal.util.Architecture.isLittleEndian (0x000078e2fecc8088) [0x000078e2fecc8180, 0x000078e2fecc8220] Compiler: c1, Barriers: 0, Oops: 0, ImmediateOops: 0, NonImmediateOops: No
[1,948s][debug][gc,nmethod     ] Register NMethod: jdk.internal.misc.ScopedMemoryAccess.getIntUnaligned (0x000078e2dfa85108) [0x000078e2dfa85200, 0x000078e2dfa86068] Compiler: c1, Barriers: 3, Oops: 0, ImmediateOops: 3, NonImmediateOops: No
[1,948s][debug][gc,nmethod     ] Register NMethod: java.lang.invoke.MethodHandle.invokeBasic (0x000078e2fecc8388) [0x000078e2fecc8480, 0x000078e2fecc8718] Compiler: , Barriers: 0, Oops: 0, ImmediateOops: 0, NonImmediateOops: No
[1,948s][debug][gc,nmethod     ] Register NMethod: jdk.internal.misc.Unsafe.putShort (0x000078e2fecc8788) [0x000078e2fecc8880, 0x000078e2fecc89d8] Compiler: , Barriers: 0, Oops: 0, ImmediateOops: 0, NonImmediateOops: No
[1,948s][debug][gc,nmethod     ] Register NMethod: io.sirix.page.KeyValueLeafPage.alignOffset (0x000078e2dfa86088) [0x000078e2dfa86180, 0x000078e2dfa86268] Compiler: c1, Barriers: 0, Oops: 1, ImmediateOops: 0, NonImmediateOops: No
[1,949s][debug][gc,nmethod     ] Register NMethod: java.lang.invoke.VarHandleGuards.guard_LJ_I (0x000078e2dfa86388) [0x000078e2dfa86480, 0x000078e2dfa89340] Compiler: c1, Barriers: 28, Oops: 0, ImmediateOops: 2, NonImmediateOops: No
[1,949s][debug][gc,nmethod     ] Register NMethod: io.sirix.page.PageReference.setPage (0x000078e2fecc8a88) [0x000078e2fecc8b80, 0x000078e2fecc8cb0] Compiler: c1, Barriers: 3, Oops: 1, ImmediateOops: 0, NonImmediateOops: No
[1,949s][debug][gc,nmethod     ] Register NMethod: io.sirix.page.KeyValueLeafPage.getDeweyId (0x000078e2dfa89388) [0x000078e2dfa89480, 0x000078e2dfa8ec48] Compiler: c1, Barriers: 21, Oops: 7, ImmediateOops: 12, NonImmediateOops: No
[1,949s][debug][gc,nmethod     ] Register NMethod: java.lang.Long.bitCount (0x000078e2dfa8ec88) [0x000078e2dfa8ed80, 0x000078e2dfa8eee8] Compiler: c1, Barriers: 0, Oops: 0, ImmediateOops: 0, NonImmediateOops: No
[1,949s][debug][gc,nmethod     ] Register NMethod: java.io.ByteArrayInputStream.read (0x000078e2dfa8ef88) [0x000078e2dfa8f080, 0x000078e2dfa8f768] Compiler: c1, Barriers: 1, Oops: 0, ImmediateOops: 0, NonImmediateOops: No
[1,949s][debug][gc,nmethod     ] Register NMethod: com.github.benmanes.caffeine.cache.BoundedLocalCache.expiresVariable (0x000078e2fecc8d88) [0x000078e2fecc8e80, 0x000078e2fecc8f40] Compiler: c1, Barriers: 0, Oops: 1, ImmediateOops: 0, NonImmediateOops: No
[1,949s][debug][gc,nmethod     ] Register NMethod: jdk.internal.foreign.Utils.checkElementAlignment (0x000078e2dfa8f788) [0x000078e2dfa8f880, 0x000078e2dfa8ff28] Compiler: c1, Barriers: 0, Oops: 0, ImmediateOops: 0, NonImmediateOops: No
[1,950s][debug][gc,nmethod     ] Register NMethod: java.lang.Thread.interrupted (0x000078e2dfa8ff88) [0x000078e2dfa90080, 0x000078e2dfa90448] Compiler: c1, Barriers: 1, Oops: 0, ImmediateOops: 0, NonImmediateOops: No
[1,950s][debug][gc,nmethod     ] Register NMethod: java.lang.Thread.getAndClearInterrupt (0x000078e2dfa90488) [0x000078e2dfa90580, 0x000078e2dfa90700] Compiler: c1, Barriers: 0, Oops: 0, ImmediateOops: 0, NonImmediateOops: No
[1,950s][debug][gc,nmethod     ] Register NMethod: io.sirix.access.trx.page.NodePageReadOnlyTrx.assertNotClosed (0x000078e2dfa90788) [0x000078e2dfa90880, 0x000078e2dfa90a98] Compiler: c1, Barriers: 0, Oops: 1, ImmediateOops: 1, NonImmediateOops: No
[1,950s][debug][gc,nmethod     ] Register NMethod: jdk.internal.misc.ScopedMemoryAccess.getScopedMemoryAccess (0x000078e2dfa90b08) [0x000078e2dfa90c00, 0x000078e2dfa90ce8] Compiler: c1, Barriers: 0, Oops: 0, ImmediateOops: 1, NonImmediateOops: No
[1,950s][debug][gc,nmethod     ] Register NMethod: com.github.benmanes.caffeine.cache.BoundedLocalCache$BoundedLocalManualCache.cache (0x000078e2fecc9088) [0x000078e2fecc9180, 0x000078e2fecc9268] Compiler: c1, Barriers: 1, Oops: 1, ImmediateOops: 0, NonImmediateOops: No
[1,950s][debug][gc,nmethod     ] Register NMethod: java.util.concurrent.locks.AbstractQueuedSynchronizer.signalNext (0x000078e2dfa90e08) [0x000078e2dfa90f00, 0x000078e2dfa92178] Compiler: c1, Barriers: 2, Oops: 0, ImmediateOops: 2, NonImmediateOops: No
[1,951s][debug][gc,nmethod     ] Register NMethod: jdk.internal.foreign.AbstractMemorySegmentImpl.asSlice (0x000078e2fecc9388) [0x000078e2fecc9480, 0x000078e2fecc9798] Compiler: jvmci, Barriers: 5, Oops: 0, ImmediateOops: 0, NonImmediateOops: No
[1,951s][debug][gc,nmethod     ] Register NMethod: java.util.Arrays.fill (0x000078e2fecc9808) [0x000078e2fecc9900, 0x000078e2fecc9af8] Compiler: jvmci, Barriers: 0, Oops: 0, ImmediateOops: 0, NonImmediateOops: No
[1,951s][debug][gc,nmethod     ] Register NMethod: com.github.benmanes.caffeine.cache.BoundedLocalCache.expiresAfterWrite (0x000078e2fecc9b08) [0x000078e2fecc9c00, 0x000078e2fecc9cc0] Compiler: c1, Barriers: 0, Oops: 1, ImmediateOops: 0, NonImmediateOops: No
[1,951s][debug][gc,nmethod     ] Register NMethod: jdk.internal.misc.Unsafe.convEndian (0x000078e2dfa92188) [0x000078e2dfa92280, 0x000078e2dfa923d8] Compiler: c1, Barriers: 0, Oops: 0, ImmediateOops: 0, NonImmediateOops: No
[1,951s][debug][gc,nmethod     ] Register NMethod: jdk.internal.foreign.AbstractMemorySegmentImpl.checkBounds (0x000078e2fecc9e08) [0x000078e2fecc9f00, 0x000078e2fecca058] Compiler: jvmci, Barriers: 0, Oops: 0, ImmediateOops: 0, NonImmediateOops: No
[1,951s][debug][gc,director    ] Rule Major: Warmup 10%, Used: 286MB, UsedThreshold: 1228MB
[1,951s][debug][gc,nmethod     ] Register NMethod: com.github.benmanes.caffeine.cache.DisabledTicker.read (0x000078e2fecca108) [0x000078e2fecca200, 0x000078e2fecca2c0] Compiler: c1, Barriers: 0, Oops: 1, ImmediateOops: 0, NonImmediateOops: No
[1,952s][debug][gc,nmethod     ] Register NMethod: jdk.internal.misc.Unsafe.putIntVolatile (0x000078e2fecca408) [0x000078e2fecca500, 0x000078e2fecca658] Compiler: , Barriers: 0, Oops: 0, ImmediateOops: 0, NonImmediateOops: No
[1,954s][debug][gc,nmethod     ] Register NMethod: jdk.internal.foreign.AbstractMemorySegmentImpl.asSlice (0x000078e2fecca708) [0x000078e2fecca800, 0x000078e2feccab18] Compiler: jvmci, Barriers: 5, Oops: 0, ImmediateOops: 0, NonImmediateOops: No
[1,954s][debug][gc,nmethod     ] Register NMethod: java.util.concurrent.ForkJoinPool.slotOffset (0x000078e2feccab88) [0x000078e2feccac80, 0x000078e2feccacf0] Compiler: jvmci, Barriers: 0, Oops: 0, ImmediateOops: 0, NonImmediateOops: No
[1,955s][debug][gc,nmethod     ] Register NMethod: jdk.internal.misc.Unsafe.getReferenceAcquire (0x000078e2feccae88) [0x000078e2feccaf80, 0x000078e2feccb030] Compiler: jvmci, Barriers: 1, Oops: 0, ImmediateOops: 0, NonImmediateOops: No
[1,955s][debug][gc,nmethod     ] Register NMethod: java.lang.Math.max (0x000078e2feccb188) [0x000078e2feccb280, 0x000078e2feccb2f0] Compiler: jvmci, Barriers: 0, Oops: 0, ImmediateOops: 0, NonImmediateOops: No
[1,955s][debug][gc,nmethod     ] Register NMethod: java.lang.System.checkKey (0x000078e2dfa92488) [0x000078e2dfa92580, 0x000078e2dfa92ae8] Compiler: c1, Barriers: 1, Oops: 0, ImmediateOops: 2, NonImmediateOops: No
[1,955s][debug][gc,nmethod     ] Register NMethod: java.lang.Class.newReflectionData (0x000078e2dfa92b08) [0x000078e2dfa92c00, 0x000078e2dfa93740] Compiler: c1, Barriers: 7, Oops: 0, ImmediateOops: 2, NonImmediateOops: No
[1,956s][debug][gc,nmethod     ] Register NMethod: jdk.xml.internal.XMLSecurityManager$Limit.is (0x000078e2dfa93788) [0x000078e2dfa93880, 0x000078e2dfa93e90] Compiler: c1, Barriers: 2, Oops: 0, ImmediateOops: 0, NonImmediateOops: No
[1,960s][debug][gc,nmethod     ] Register NMethod: io.sirix.page.KeyValueLeafPage.getSlot (0x000078e2feccb488) [0x000078e2feccb580, 0x000078e2feccbcb8] Compiler: jvmci, Barriers: 9, Oops: 4, ImmediateOops: 0, NonImmediateOops: No
[1,960s][debug][gc,nmethod     ] Register NMethod: com.sun.org.apache.xerces.internal.util.XMLChar.isContent (0x000078e2dfa93f08) [0x000078e2dfa94000, 0x000078e2dfa941e8] Compiler: c1, Barriers: 0, Oops: 0, ImmediateOops: 1, NonImmediateOops: No
[1,961s][debug][gc,director    ] Rule Major: Warmup 10%, Used: 288MB, UsedThreshold: 1228MB
[1,962s][debug][gc,nmethod     ] Register NMethod: io.sirix.settings.Fixed.getStandardProperty (0x000078e2feccbd08) [0x000078e2feccbe00, 0x000078e2feccbec0] Compiler: c1, Barriers: 0, Oops: 1, ImmediateOops: 0, NonImmediateOops: No
[1,963s][debug][gc,nmethod     ] Register NMethod: jdk.internal.misc.Unsafe.getAndAddInt (0x000078e2dfa94208) [0x000078e2dfa94300, 0x000078e2dfa946d8] Compiler: c1, Barriers: 0, Oops: 0, ImmediateOops: 0, NonImmediateOops: No
[1,963s][debug][gc,nmethod     ] Register NMethod: java.util.concurrent.locks.ReentrantLock.lock (0x000078e2dfa94708) [0x000078e2dfa94800, 0x000078e2dfa94fd0] Compiler: c1, Barriers: 1, Oops: 0, ImmediateOops: 0, NonImmediateOops: No
[1,963s][debug][gc,nmethod     ] Register NMethod: java.util.concurrent.locks.ReentrantLock$Sync.lock (0x000078e2dfa95008) [0x000078e2dfa95100, 0x000078e2dfa95678] Compiler: c1, Barriers: 0, Oops: 0, ImmediateOops: 0, NonImmediateOops: No
[1,964s][debug][gc,nmethod     ] Register NMethod: io.sirix.page.RevisionRootPage.delegate (0x000078e2feccc008) [0x000078e2feccc100, 0x000078e2feccc1e8] Compiler: c1, Barriers: 1, Oops: 1, ImmediateOops: 0, NonImmediateOops: No
[1,965s][debug][gc,nmethod     ] Register NMethod: java.util.Arrays.fill (0x000078e2feccc308) [0x000078e2feccc400, 0x000078e2feccc5b0] Compiler: jvmci, Barriers: 0, Oops: 0, ImmediateOops: 0, NonImmediateOops: No
[1,965s][debug][gc,nmethod     ] Register NMethod: jdk.internal.foreign.layout.AbstractLayout.name (0x000078e2feccc608) [0x000078e2feccc700, 0x000078e2feccc7e8] Compiler: c1, Barriers: 1, Oops: 0, ImmediateOops: 0, NonImmediateOops: No
[1,965s][debug][gc,nmethod     ] Register NMethod: jdk.internal.foreign.layout.AbstractGroupLayout.memberLayouts (0x000078e2feccc908) [0x000078e2feccca00, 0x000078e2fecccae8] Compiler: c1, Barriers: 1, Oops: 0, ImmediateOops: 0, NonImmediateOops: No
[1,966s][debug][gc,nmethod     ] Register NMethod: io.sirix.page.RevisionRootPage.getRevision (0x000078e2fecccc08) [0x000078e2fecccd00, 0x000078e2fecccdc0] Compiler: c1, Barriers: 0, Oops: 1, ImmediateOops: 0, NonImmediateOops: No
[1,966s][debug][gc,nmethod     ] Register NMethod: java.lang.Class.descriptorString (0x000078e2fecccf08) [0x000078e2feccd080, 0x000078e2fecce360] Compiler: jvmci, Barriers: 13, Oops: 3, ImmediateOops: 5, NonImmediateOops: No
[1,966s][debug][gc,nmethod     ] Register NMethod: jdk.internal.misc.Unsafe.getIntOpaque (0x000078e2dfa95688) [0x000078e2dfa95780, 0x000078e2dfa95880] Compiler: c1, Barriers: 0, Oops: 0, ImmediateOops: 0, NonImmediateOops: No
[1,966s][debug][gc,nmethod     ] Register NMethod: java.lang.invoke.MethodHandle.invokeBasic (0x000078e2fecce388) [0x000078e2fecce480, 0x000078e2fecce718] Compiler: , Barriers: 0, Oops: 0, ImmediateOops: 0, NonImmediateOops: No
[1,967s][debug][gc,nmethod     ] Register NMethod: java.lang.invoke.VarHandleGuards.guard_L_I (0x000078e2dfa95988) [0x000078e2dfa95a80, 0x000078e2dfa98920] Compiler: c1, Barriers: 28, Oops: 0, ImmediateOops: 2, NonImmediateOops: No
[1,967s][debug][gc,nmethod     ] Register NMethod: io.sirix.page.KeyValueLeafPage.getDeweyId (0x000078e2fecce788) [0x000078e2fecce880, 0x000078e2fecce9b8] Compiler: jvmci, Barriers: 1, Oops: 1, ImmediateOops: 0, NonImmediateOops: No
[1,968s][debug][gc,nmethod     ] Register NMethod: java.util.BitSet.recalculateWordsInUse (0x000078e2dfa98988) [0x000078e2dfa98a80, 0x000078e2dfa98cc0] Compiler: c1, Barriers: 1, Oops: 0, ImmediateOops: 0, NonImmediateOops: No
[1,968s][debug][gc,nmethod     ] Register NMethod: io.sirix.page.PageReference.getPage (0x000078e2feccea88) [0x000078e2fecceb80, 0x000078e2feccec68] Compiler: c1, Barriers: 1, Oops: 1, ImmediateOops: 0, NonImmediateOops: No
[1,969s][debug][gc,nmethod     ] Register NMethod: io.sirix.page.KeyValueLeafPage.isClosed (0x000078e2fecced88) [0x000078e2feccee80, 0x000078e2feccef40] Compiler: c1, Barriers: 0, Oops: 1, ImmediateOops: 0, NonImmediateOops: No
[1,969s][debug][gc,nmethod     ] Register NMethod: jdk.internal.misc.Unsafe.getBooleanVolatile (0x000078e2feccf088) [0x000078e2feccf180, 0x000078e2feccf2f0] Compiler: , Barriers: 0, Oops: 0, ImmediateOops: 0, NonImmediateOops: No
[1,969s][debug][gc,nmethod     ] Register NMethod: java.lang.String.<init> (0x000078e2dfa98d08) [0x000078e2dfa98e00, 0x000078e2dfa990a0] Compiler: c1, Barriers: 0, Oops: 0, ImmediateOops: 0, NonImmediateOops: No
[1,969s][debug][gc,nmethod     ] Register NMethod: jdk.internal.misc.ScopedMemoryAccess.putIntUnaligned (0x000078e2dfa99108) [0x000078e2dfa99200, 0x000078e2dfa9a088] Compiler: c1, Barriers: 3, Oops: 0, ImmediateOops: 3, NonImmediateOops: No
[1,969s][debug][gc,nmethod     ] Register NMethod: io.sirix.cache.PageContainer.getModified (0x000078e2feccf388) [0x000078e2feccf480, 0x000078e2feccf568] Compiler: c1, Barriers: 1, Oops: 1, ImmediateOops: 0, NonImmediateOops: No
[1,969s][debug][gc,nmethod     ] Register NMethod: io.sirix.access.trx.page.NodePageTrx.delegate (0x000078e2feccf688) [0x000078e2feccf780, 0x000078e2feccf868] Compiler: c1, Barriers: 1, Oops: 1, ImmediateOops: 0, NonImmediateOops: No
[1,969s][debug][gc,nmethod     ] Register NMethod: io.sirix.node.delegates.NodeDelegate.getNodeKey (0x000078e2feccf988) [0x000078e2feccfa80, 0x000078e2feccfb40] Compiler: c1, Barriers: 0, Oops: 1, ImmediateOops: 0, NonImmediateOops: No
[1,971s][debug][gc,nmethod     ] Register NMethod: it.unimi.dsi.fastutil.HashCommon.mix (0x000078e2dfa9a108) [0x000078e2dfa9a200, 0x000078e2dfa9a2f0] Compiler: c1, Barriers: 0, Oops: 1, ImmediateOops: 0, NonImmediateOops: No
[1,971s][debug][gc,nmethod     ] Register NMethod: io.sirix.index.path.summary.PathNode.delegate (0x000078e2feccfc88) [0x000078e2feccfd80, 0x000078e2feccfe68] Compiler: c1, Barriers: 1, Oops: 1, ImmediateOops: 0, NonImmediateOops: No
[1,971s][debug][gc,nmethod     ] Register NMethod: jdk.internal.misc.Unsafe.getLongUnaligned (0x000078e2dfa9a408) [0x000078e2dfa9a500, 0x000078e2dfa9a6e0] Compiler: c1, Barriers: 0, Oops: 0, ImmediateOops: 0, NonImmediateOops: No
[1,971s][debug][gc,nmethod     ] Register NMethod: io.sirix.index.path.summary.PathSummaryReader.assertNotClosed (0x000078e2dfa9a708) [0x000078e2dfa9a800, 0x000078e2dfa9aa08] Compiler: c1, Barriers: 0, Oops: 1, ImmediateOops: 1, NonImmediateOops: No
[1,972s][debug][gc,director    ] Rule Major: Warmup 10%, Used: 288MB, UsedThreshold: 1228MB
[1,972s][debug][gc,nmethod     ] Register NMethod: jdk.internal.misc.Unsafe.pick (0x000078e2dfa9aa88) [0x000078e2dfa9ab80, 0x000078e2dfa9ac70] Compiler: c1, Barriers: 0, Oops: 0, ImmediateOops: 0, NonImmediateOops: No
[1,972s][debug][gc,nmethod     ] Register NMethod: jdk.internal.misc.ScopedMemoryAccess.getLongUnalignedInternal (0x000078e2dfa9ad88) [0x000078e2dfa9ae80, 0x000078e2dfa9b5f8] Compiler: c1, Barriers: 2, Oops: 0, ImmediateOops: 3, NonImmediateOops: No
[1,972s][debug][gc,nmethod     ] Register NMethod: jdk.internal.misc.ScopedMemoryAccess.getLongUnaligned (0x000078e2dfa9b608) [0x000078e2dfa9b700, 0x000078e2dfa9c568] Compiler: c1, Barriers: 3, Oops: 0, ImmediateOops: 3, NonImmediateOops: No
[1,972s][debug][gc,nmethod     ] Register NMethod: io.sirix.cache.PageContainer.getComplete (0x000078e2feccff88) [0x000078e2fecd0080, 0x000078e2fecd0168] Compiler: c1, Barriers: 1, Oops: 1, ImmediateOops: 0, NonImmediateOops: No
[1,972s][debug][gc,nmethod     ] Register NMethod: jdk.internal.misc.Unsafe.putLongUnaligned (0x000078e2dfa9c588) [0x000078e2dfa9c680, 0x000078e2dfa9c888] Compiler: c1, Barriers: 0, Oops: 0, ImmediateOops: 0, NonImmediateOops: No
[1,972s][debug][gc,nmethod     ] Register NMethod: jdk.internal.misc.ScopedMemoryAccess.putLongUnaligned (0x000078e2dfa9c908) [0x000078e2dfa9ca00, 0x000078e2dfa9d888] Compiler: c1, Barriers: 3, Oops: 0, ImmediateOops: 3, NonImmediateOops: No
[1,972s][debug][gc,nmethod     ] Register NMethod: io.sirix.access.trx.node.AbstractNodeReadOnlyTrx.assertNotClosed (0x000078e2dfa9d908) [0x000078e2dfa9da00, 0x000078e2dfa9dc08] Compiler: c1, Barriers: 0, Oops: 1, ImmediateOops: 1, NonImmediateOops: No
[1,972s][debug][gc,nmethod     ] Register NMethod: jdk.internal.misc.ScopedMemoryAccess.putLongUnalignedInternal (0x000078e2dfa9dc88) [0x000078e2dfa9dd80, 0x000078e2dfa9e508] Compiler: c1, Barriers: 2, Oops: 0, ImmediateOops: 3, NonImmediateOops: No
[1,972s][debug][gc,nmethod     ] Register NMethod: io.sirix.node.AbstractForwardingNode.getNodeKey (0x000078e2dfa9e588) [0x000078e2dfa9e680, 0x000078e2dfa9e9b0] Compiler: c1, Barriers: 0, Oops: 1, ImmediateOops: 0, NonImmediateOops: No
[1,972s][debug][gc,nmethod     ] Register NMethod: io.sirix.access.trx.node.AbstractNodeReadOnlyTrx.getCurrentNode (0x000078e2fecd0288) [0x000078e2fecd0380, 0x000078e2fecd0468] Compiler: c1, Barriers: 1, Oops: 1, ImmediateOops: 0, NonImmediateOops: No
[1,973s][debug][gc,nmethod     ] Register NMethod: org.magicwerk.brownies.collections.GapList.doGet (0x000078e2dfa9ea08) [0x000078e2dfa9eb00, 0x000078e2dfa9ee38] Compiler: c1, Barriers: 2, Oops: 1, ImmediateOops: 0, NonImmediateOops: No
[1,973s][debug][gc,nmethod     ] Register NMethod: org.magicwerk.brownies.collections.GapList.get (0x000078e2dfa9ee88) [0x000078e2dfa9ef80, 0x000078e2dfaa0978] Compiler: c1, Barriers: 0, Oops: 4, ImmediateOops: 4, NonImmediateOops: No
[1,973s][debug][gc,nmethod     ] Register NMethod: java.lang.invoke.MethodHandle.invokeBasic (0x000078e2fecd0588) [0x000078e2fecd0680, 0x000078e2fecd0918] Compiler: , Barriers: 0, Oops: 0, ImmediateOops: 0, NonImmediateOops: No
[1,973s][debug][gc,nmethod     ] Register NMethod: java.lang.invoke.VarHandleSegmentAsInts.set (0x000078e2dfaa0a08) [0x000078e2dfaa0b00, 0x000078e2dfaa60d0] Compiler: c1, Barriers: 24, Oops: 2, ImmediateOops: 7, NonImmediateOops: No
[1,973s][debug][gc,nmethod     ] Register NMethod: jdk.internal.foreign.AbstractMemorySegmentImpl.set (0x000078e2dfaa6108) [0x000078e2dfaa6200, 0x000078e2dfaab780] Compiler: c1, Barriers: 42, Oops: 6, ImmediateOops: 18, NonImmediateOops: No
[1,974s][debug][gc,nmethod     ] Register NMethod: java.lang.invoke.VarHandleGuards.guard_LJ_J (0x000078e2dfaab808) [0x000078e2dfaab900, 0x000078e2dfaae7c0] Compiler: c1, Barriers: 28, Oops: 0, ImmediateOops: 2, NonImmediateOops: No
[1,974s][debug][gc,nmethod     ] Register NMethod: java.lang.invoke.VarHandleSegmentAsInts.set (0x000078e2dfaae808) [0x000078e2dfaae900, 0x000078e2dfab3c58] Compiler: c1, Barriers: 24, Oops: 2, ImmediateOops: 7, NonImmediateOops: No
[1,974s][debug][gc,nmethod     ] Rebuilding NMethod Table: 4096->8192 entries, 2868(70%->35%) registered, 0(0%->0%) unregistered
[1,974s][debug][gc,nmethod     ] Register NMethod: java.util.BitSet.cardinality (0x000078e2dfab3c88) [0x000078e2dfab3d80, 0x000078e2dfab3fe0] Compiler: c1, Barriers: 1, Oops: 0, ImmediateOops: 0, NonImmediateOops: No
[1,974s][debug][gc,nmethod     ] Register NMethod: sun.misc.Unsafe.isMemoryAccessWarned (0x000078e2dfab4008) [0x000078e2dfab4100, 0x000078e2dfab4200] Compiler: c1, Barriers: 0, Oops: 0, ImmediateOops: 1, NonImmediateOops: No
[1,974s][debug][gc,nmethod     ] Register NMethod: sun.misc.Unsafe.beforeMemoryAccess (0x000078e2dfab4308) [0x000078e2dfab4400, 0x000078e2dfab4608] Compiler: c1, Barriers: 0, Oops: 0, ImmediateOops: 1, NonImmediateOops: No
[1,974s][debug][gc,nmethod     ] Register NMethod: io.sirix.access.trx.page.NodePageReadOnlyTrx.pageKey (0x000078e2dfab4688) [0x000078e2dfab4780, 0x000078e2dfab4f00] Compiler: c1, Barriers: 0, Oops: 1, ImmediateOops: 2, NonImmediateOops: No
[1,974s][debug][gc,nmethod     ] Register NMethod: java.util.BitSet.and (0x000078e2dfab4f88) [0x000078e2dfab5080, 0x000078e2dfab54d0] Compiler: c1, Barriers: 3, Oops: 0, ImmediateOops: 0, NonImmediateOops: No
[1,974s][debug][gc,nmethod     ] Register NMethod: java.lang.invoke.VarHandleSegmentAsLongs.get (0x000078e2dfab5508) [0x000078e2dfab5600, 0x000078e2dfabaaa0] Compiler: c1, Barriers: 24, Oops: 2, ImmediateOops: 6, NonImmediateOops: No
[1,974s][debug][gc,nmethod     ] Register NMethod: net.openhft.hashing.Access.i64 (0x000078e2dfabab08) [0x000078e2dfabac00, 0x000078e2dfabaf00] Compiler: c1, Barriers: 0, Oops: 1, ImmediateOops: 0, NonImmediateOops: No
[1,974s][debug][gc,nmethod     ] Register NMethod: net.openhft.hashing.UnsafeAccess.getLong (0x000078e2dfabaf88) [0x000078e2dfabb080, 0x000078e2dfabb520] Compiler: c1, Barriers: 0, Oops: 1, ImmediateOops: 2, NonImmediateOops: No
[1,974s][debug][gc,nmethod     ] Register NMethod: sun.misc.Unsafe.getLong (0x000078e2dfabb588) [0x000078e2dfabb680, 0x000078e2dfabb8f8] Compiler: c1, Barriers: 0, Oops: 0, ImmediateOops: 1, NonImmediateOops: No
[1,974s][debug][gc,nmethod     ] Register NMethod: io.sirix.access.trx.page.NodePageTrx.getMostRecentPageContainer (0x000078e2dfabb908) [0x000078e2dfabba00, 0x000078e2dfabc030] Compiler: c1, Barriers: 9, Oops: 1, ImmediateOops: 1, NonImmediateOops: No
[1,975s][debug][gc,nmethod     ] Register NMethod: java.lang.invoke.MethodHandle.invokeBasic (0x000078e2fecd0988) [0x000078e2fecd0a80, 0x000078e2fecd0d18] Compiler: , Barriers: 0, Oops: 0, ImmediateOops: 0, NonImmediateOops: No
[1,975s][debug][gc,nmethod     ] Register NMethod: java.lang.invoke.VarHandleSegmentAsLongs.get (0x000078e2dfabc088) [0x000078e2dfabc180, 0x000078e2dfac13a8] Compiler: c1, Barriers: 24, Oops: 2, ImmediateOops: 6, NonImmediateOops: No
[1,975s][debug][gc,nmethod     ] Register NMethod: java.util.BitSet.wordIndex (0x000078e2fecd0d88) [0x000078e2fecd0e80, 0x000078e2fecd0ee8] Compiler: jvmci, Barriers: 0, Oops: 0, ImmediateOops: 0, NonImmediateOops: No
[1,975s][debug][gc,nmethod     ] Register NMethod: java.lang.invoke.VarHandleSegmentAsLongs.set (0x000078e2dfac1408) [0x000078e2dfac1500, 0x000078e2dfac6ad0] Compiler: c1, Barriers: 24, Oops: 2, ImmediateOops: 7, NonImmediateOops: No
[1,975s][debug][gc,nmethod     ] Register NMethod: io.sirix.api.PageReadOnlyTrx.recordPageOffset (0x000078e2dfac6b08) [0x000078e2dfac6c00, 0x000078e2dfac6cf8] Compiler: c1, Barriers: 0, Oops: 1, ImmediateOops: 0, NonImmediateOops: No
[1,976s][debug][gc,nmethod     ] Register NMethod: java.lang.invoke.VarHandleSegmentAsLongs.set (0x000078e2dfac6e08) [0x000078e2dfac6f00, 0x000078e2dfacc258] Compiler: c1, Barriers: 24, Oops: 2, ImmediateOops: 7, NonImmediateOops: No
[1,976s][debug][gc,nmethod     ] Register NMethod: java.lang.invoke.VarHandleGuards.guard_LJJ_V (0x000078e2dfacc288) [0x000078e2dfacc380, 0x000078e2dfad0f50] Compiler: c1, Barriers: 46, Oops: 1, ImmediateOops: 6, NonImmediateOops: No
[1,976s][debug][gc,nmethod     ] Register NMethod: java.lang.invoke.VarHandleSegmentAsInts.get (0x000078e2dfad0f88) [0x000078e2dfad1080, 0x000078e2dfad62a8] Compiler: c1, Barriers: 24, Oops: 2, ImmediateOops: 6, NonImmediateOops: No
[1,976s][debug][gc,nmethod     ] Register NMethod: io.sirix.access.trx.page.NodePageReadOnlyTrx.getValue (0x000078e2dfad6308) [0x000078e2dfad6400, 0x000078e2dfad7f60] Compiler: c1, Barriers: 6, Oops: 1, ImmediateOops: 1, NonImmediateOops: No
[1,976s][debug][gc,nmethod     ] Register NMethod: io.sirix.node.xml.ElementNode.getNodeKey (0x000078e2fecd1088) [0x000078e2fecd1180, 0x000078e2fecd1240] Compiler: c1, Barriers: 0, Oops: 1, ImmediateOops: 0, NonImmediateOops: No
[1,976s][debug][gc,nmethod     ] Register NMethod: io.sirix.page.KeyValueLeafPage.getRecord (0x000078e2dfad7f88) [0x000078e2dfad8080, 0x000078e2dfad8210] Compiler: c1, Barriers: 2, Oops: 1, ImmediateOops: 0, NonImmediateOops: No
[1,976s][debug][gc,nmethod     ] Register NMethod: io.sirix.cache.PageContainer.getModifiedAsUnorderedKeyValuePage (0x000078e2dfad8288) [0x000078e2dfad8380, 0x000078e2dfad86b8] Compiler: c1, Barriers: 1, Oops: 1, ImmediateOops: 0, NonImmediateOops: No
[1,976s][debug][gc,nmethod     ] Register NMethod: io.sirix.node.xml.ElementNode.getKind (0x000078e2dfad8708) [0x000078e2dfad8800, 0x000078e2dfad8908] Compiler: c1, Barriers: 0, Oops: 1, ImmediateOops: 1, NonImmediateOops: No
[1,976s][debug][gc,nmethod     ] Register NMethod: io.sirix.index.path.summary.PathNode.structDelegate (0x000078e2fecd1388) [0x000078e2fecd1480, 0x000078e2fecd1568] Compiler: c1, Barriers: 1, Oops: 1, ImmediateOops: 0, NonImmediateOops: No
[1,976s][debug][gc,nmethod     ] Register NMethod: io.sirix.node.MemorySegmentBytesOut.writeLong (0x000078e2dfad8a08) [0x000078e2dfad8b00, 0x000078e2dfad8c98] Compiler: c1, Barriers: 1, Oops: 1, ImmediateOops: 0, NonImmediateOops: No
[1,976s][debug][gc,nmethod     ] Register NMethod: java.lang.invoke.VarHandleSegmentAsInts.get (0x000078e2dfad8d08) [0x000078e2dfad8e00, 0x000078e2dfade2a0] Compiler: c1, Barriers: 24, Oops: 2, ImmediateOops: 6, NonImmediateOops: No
[1,976s][debug][gc,nmethod     ] Register NMethod: io.sirix.index.path.summary.PathSummaryReader.getNodeKey (0x000078e2dfade308) [0x000078e2dfade400, 0x000078e2dfade8b0] Compiler: c1, Barriers: 1, Oops: 1, ImmediateOops: 1, NonImmediateOops: No
[1,977s][debug][gc,nmethod     ] Register NMethod: com.google.common.base.Preconditions.checkArgument (0x000078e2dfade908) [0x000078e2dfadea00, 0x000078e2dfadee80] Compiler: c1, Barriers: 0, Oops: 1, ImmediateOops: 1, NonImmediateOops: No
[1,977s][debug][gc,nmethod     ] Register NMethod: io.sirix.page.AbstractForwardingPage.getOrCreateReference (0x000078e2dfadef08) [0x000078e2dfadf000, 0x000078e2dfadf510] Compiler: c1, Barriers: 0, Oops: 1, ImmediateOops: 0, NonImmediateOops: No
[1,977s][debug][gc,nmethod     ] Register NMethod: java.util.BitSet.size (0x000078e2dfadf588) [0x000078e2dfadf680, 0x000078e2dfadf7b8] Compiler: c1, Barriers: 1, Oops: 0, ImmediateOops: 0, NonImmediateOops: No
[1,977s][debug][gc,nmethod     ] Register NMethod: io.sirix.page.delegates.BitmapReferencesPage.getOrCreateReference (0x000078e2dfadf888) [0x000078e2dfadf980, 0x000078e2dfae0038] Compiler: c1, Barriers: 2, Oops: 1, ImmediateOops: 0, NonImmediateOops: No
[1,977s][debug][gc,nmethod     ] Register NMethod: io.sirix.access.trx.page.NodePageTrx.prepareRecordPage (0x000078e2dfae0088) [0x000078e2dfae0180, 0x000078e2dfae2728] Compiler: c1, Barriers: 38, Oops: 4, ImmediateOops: 3, NonImmediateOops: No
[1,977s][debug][gc,nmethod     ] Register NMethod: io.sirix.page.delegates.BitmapReferencesPage.index (0x000078e2dfae2788) [0x000078e2dfae2880, 0x000078e2dfae2da0] Compiler: c1, Barriers: 4, Oops: 1, ImmediateOops: 0, NonImmediateOops: No
[1,977s][debug][gc,nmethod     ] Register NMethod: java.util.BitSet.checkRange (0x000078e2dfae2e08) [0x000078e2dfae2f00, 0x000078e2dfae5888] Compiler: c1, Barriers: 0, Oops: 4, ImmediateOops: 7, NonImmediateOops: No
[1,977s][debug][gc,nmethod     ] Register NMethod: java.util.BitSet.clear (0x000078e2dfae5908) [0x000078e2dfae5a00, 0x000078e2dfae5c00] Compiler: c1, Barriers: 1, Oops: 0, ImmediateOops: 0, NonImmediateOops: No
[1,977s][debug][gc,nmethod     ] Register NMethod: io.sirix.access.trx.node.AbstractNodeReadOnlyTrx.setCurrentNode (0x000078e2dfae5c08) [0x000078e2dfae5d00, 0x000078e2dfae61a0] Compiler: c1, Barriers: 3, Oops: 1, ImmediateOops: 1, NonImmediateOops: No
[1,977s][debug][gc,nmethod     ] Register NMethod: jdk.internal.foreign.AbstractMemorySegmentImpl.set (0x000078e2dfae6208) [0x000078e2dfae6300, 0x000078e2dfaeb880] Compiler: c1, Barriers: 42, Oops: 6, ImmediateOops: 18, NonImmediateOops: No
[1,977s][debug][gc,nmethod     ] Register NMethod: com.sun.org.apache.xerces.internal.impl.XMLEntityScanner.checkEntityLimit (0x000078e2dfaeb908) [0x000078e2dfaeba00, 0x000078e2dfaebcf8] Compiler: c1, Barriers: 0, Oops: 0, ImmediateOops: 4, NonImmediateOops: No
[1,977s][debug][gc,nmethod     ] Register NMethod: java.util.BitSet.flip (0x000078e2dfaebd08) [0x000078e2dfaebe00, 0x000078e2dfaec408] Compiler: c1, Barriers: 2, Oops: 0, ImmediateOops: 0, NonImmediateOops: No
[1,977s][debug][gc,nmethod     ] Register NMethod: io.sirix.node.MemorySegmentBytesOut.writeInt (0x000078e2dfaec488) [0x000078e2dfaec580, 0x000078e2dfaec718] Compiler: c1, Barriers: 1, Oops: 1, ImmediateOops: 0, NonImmediateOops: No
[1,978s][debug][gc,nmethod     ] Register NMethod: io.sirix.axis.filter.AbstractFilter.getTrx (0x000078e2fecd1688) [0x000078e2fecd1780, 0x000078e2fecd1868] Compiler: c1, Barriers: 1, Oops: 1, ImmediateOops: 0, NonImmediateOops: No
[1,978s][debug][gc,nmethod     ] Register NMethod: java.util.HashMap.put (0x000078e2fecd1988) [0x000078e2fecd1aa0, 0x000078e2fecd2cb0] Compiler: jvmci, Barriers: 39, Oops: 1, ImmediateOops: 1, NonImmediateOops: No
[1,978s][debug][gc,nmethod     ] Register NMethod: io.sirix.node.GrowingMemorySegment.writeLong (0x000078e2dfaec788) [0x000078e2dfaec880, 0x000078e2dfaf06c0] Compiler: c1, Barriers: 5, Oops: 6, ImmediateOops: 11, NonImmediateOops: No
[1,978s][debug][gc,nmethod     ] Register NMethod: io.brackit.query.atomic.QNm.getPrefix (0x000078e2fecd2d08) [0x000078e2fecd2e00, 0x000078e2fecd2ee8] Compiler: c1, Barriers: 1, Oops: 1, ImmediateOops: 0, NonImmediateOops: No
[1,978s][debug][gc,nmethod     ] Register NMethod: io.sirix.axis.AbstractAxis.getCursor (0x000078e2fecd3008) [0x000078e2fecd3100, 0x000078e2fecd31e8] Compiler: c1, Barriers: 1, Oops: 1, ImmediateOops: 0, NonImmediateOops: No
[1,978s][debug][gc,nmethod     ] Register NMethod: io.sirix.access.trx.page.NodePageReadOnlyTrx.getPage (0x000078e2dfaf0708) [0x000078e2dfaf0800, 0x000078e2dfaf0ba0] Compiler: c1, Barriers: 3, Oops: 1, ImmediateOops: 0, NonImmediateOops: No
[1,978s][debug][gc,nmethod     ] Register NMethod: io.sirix.node.xml.XmlDocumentRootNode.delegate (0x000078e2fecd3308) [0x000078e2fecd3400, 0x000078e2fecd34e8] Compiler: c1, Barriers: 1, Oops: 1, ImmediateOops: 0, NonImmediateOops: No
[1,978s][debug][gc,nmethod     ] Register NMethod: io.brackit.query.atomic.QNm.getLocalName (0x000078e2fecd3608) [0x000078e2fecd3700, 0x000078e2fecd37e8] Compiler: c1, Barriers: 1, Oops: 1, ImmediateOops: 0, NonImmediateOops: No
[1,978s][debug][gc,nmethod     ] Register NMethod: java.lang.StringCoding.hasNegatives (0x000078e2dfaf0c08) [0x000078e2dfaf0d00, 0x000078e2dfaf0e68] Compiler: c1, Barriers: 0, Oops: 0, ImmediateOops: 0, NonImmediateOops: No
[1,978s][debug][gc,nmethod     ] Register NMethod: com.sun.org.apache.xerces.internal.impl.XMLEntityScanner.checkBeforeLoad (0x000078e2dfaf0f08) [0x000078e2dfaf1000, 0x000078e2dfaf1558] Compiler: c1, Barriers: 4, Oops: 0, ImmediateOops: 1, NonImmediateOops: No
[1,978s][debug][gc,nmethod     ] Register NMethod: jdk.internal.foreign.Utils$BaseAndScale$$TypeSwitch/0x000000009222b7c8.typeSwitch (0x000078e2dfaf1588) [0x000078e2dfaf1680, 0x000078e2dfaf29a8] Compiler: c1, Barriers: 0, Oops: 0, ImmediateOops: 0, NonImmediateOops: No
[1,978s][debug][gc,nmethod     ] Register NMethod: com.google.common.base.Preconditions.checkArgument (0x000078e2dfaf2a08) [0x000078e2dfaf2b00, 0x000078e2dfaf2cd0] Compiler: c1, Barriers: 0, Oops: 1, ImmediateOops: 0, NonImmediateOops: No
[1,978s][debug][gc,nmethod     ] Register NMethod: io.sirix.access.trx.page.NodePageReadOnlyTrx.loadPage (0x000078e2dfaf2d08) [0x000078e2dfaf2e00, 0x000078e2dfaf4ca0] Compiler: c1, Barriers: 15, Oops: 2, ImmediateOops: 2, NonImmediateOops: No
[1,978s][debug][gc,nmethod     ] Register NMethod: jdk.internal.foreign.Utils$BaseAndScale.of (0x000078e2dfaf4d08) [0x000078e2dfaf4e00, 0x000078e2dfaf6418] Compiler: c1, Barriers: 1, Oops: 2, ImmediateOops: 10, NonImmediateOops: No
[1,979s][debug][gc,nmethod     ] Register NMethod: io.sirix.access.trx.page.NodePageTrx.prepareRecordForModification (0x000078e2dfaf6488) [0x000078e2dfaf6580, 0x000078e2dfaf8408] Compiler: c1, Barriers: 7, Oops: 2, ImmediateOops: 4, NonImmediateOops: No
[1,979s][debug][gc,nmethod     ] Register NMethod: io.sirix.node.delegates.StructNodeDelegate.getRightSiblingKey (0x000078e2fecd3908) [0x000078e2fecd3a00, 0x000078e2fecd3ac0] Compiler: c1, Barriers: 0, Oops: 1, ImmediateOops: 0, NonImmediateOops: No
[1,979s][debug][gc,nmethod     ] Register NMethod: io.sirix.index.IndexType.getID (0x000078e2fecd3c08) [0x000078e2fecd3d00, 0x000078e2fecd3dc8] Compiler: c1, Barriers: 0, Oops: 1, ImmediateOops: 0, NonImmediateOops: No
[1,979s][debug][gc,nmethod     ] Register NMethod: io.sirix.access.trx.page.NodePageReadOnlyTrx.checkItemIfDeleted (0x000078e2dfaf8488) [0x000078e2dfaf8580, 0x000078e2dfaf88e0] Compiler: c1, Barriers: 0, Oops: 1, ImmediateOops: 0, NonImmediateOops: No
[1,979s][debug][gc,nmethod     ] Register NMethod: jdk.internal.misc.Unsafe.allocateMemory0 (0x000078e2fecd3f08) [0x000078e2fecd4000, 0x000078e2fecd4158] Compiler: , Barriers: 0, Oops: 0, ImmediateOops: 0, NonImmediateOops: No
[1,979s][debug][gc,nmethod     ] Register NMethod: java.lang.Class.componentType (0x000078e2dfaf8908) [0x000078e2dfaf8a00, 0x000078e2dfaf8d00] Compiler: c1, Barriers: 1, Oops: 0, ImmediateOops: 0, NonImmediateOops: No
[1,979s][debug][gc,nmethod     ] Register NMethod: io.sirix.access.trx.node.AbstractNodeReadOnlyTrx.moveTo (0x000078e2dfaf8d08) [0x000078e2dfaf8e00, 0x000078e2dfafa978] Compiler: c1, Barriers: 11, Oops: 1, ImmediateOops: 4, NonImmediateOops: No
[1,979s][debug][gc,nmethod     ] Register NMethod: io.sirix.page.RevisionRootPage.getNamePageReference (0x000078e2dfafa988) [0x000078e2dfafaa80, 0x000078e2dfafaff0] Compiler: c1, Barriers: 1, Oops: 1, ImmediateOops: 0, NonImmediateOops: No
[1,979s][debug][gc,nmethod     ] Register NMethod: io.sirix.access.trx.page.NodePageTrx.getPageContainer (0x000078e2dfafb008) [0x000078e2dfafb100, 0x000078e2dfafc240] Compiler: c1, Barriers: 12, Oops: 4, ImmediateOops: 2, NonImmediateOops: No
[1,979s][debug][gc,nmethod     ] Register NMethod: jdk.internal.misc.ScopedMemoryAccess.putByteInternal (0x000078e2dfafc288) [0x000078e2dfafc380, 0x000078e2dfafc8f8] Compiler: c1, Barriers: 2, Oops: 0, ImmediateOops: 2, NonImmediateOops: No
[1,979s][debug][gc,nmethod     ] Register NMethod: io.sirix.access.trx.page.NodePageTrx.getRecord (0x000078e2dfafc908) [0x000078e2dfafca00, 0x000078e2dfafe9a0] Compiler: c1, Barriers: 8, Oops: 1, ImmediateOops: 2, NonImmediateOops: No
[1,979s][debug][gc,nmethod     ] Register NMethod: io.sirix.node.xml.AttributeNode.getNodeKey (0x000078e2fecd4208) [0x000078e2fecd4300, 0x000078e2fecd43c0] Compiler: c1, Barriers: 0, Oops: 1, ImmediateOops: 0, NonImmediateOops: No
[1,979s][debug][gc,nmethod     ] Register NMethod: io.sirix.node.GrowingMemorySegment.writeInt (0x000078e2dfafea08) [0x000078e2dfafeb00, 0x000078e2dfb02940] Compiler: c1, Barriers: 5, Oops: 6, ImmediateOops: 11, NonImmediateOops: No
[1,979s][debug][gc,nmethod     ] Register NMethod: jdk.internal.misc.ScopedMemoryAccess.putByte (0x000078e2dfb02988) [0x000078e2dfb02a80, 0x000078e2dfb036f8] Compiler: c1, Barriers: 3, Oops: 0, ImmediateOops: 2, NonImmediateOops: No
[1,979s][debug][gc,nmethod     ] Register NMethod: java.util.ArrayList.getFirst (0x000078e2dfb03708) [0x000078e2dfb03800, 0x000078e2dfb03b00] Compiler: c1, Barriers: 2, Oops: 0, ImmediateOops: 0, NonImmediateOops: No
[1,979s][debug][gc,nmethod     ] Register NMethod: io.sirix.node.xml.AttributeNode.getKind (0x000078e2dfb03b08) [0x000078e2dfb03c00, 0x000078e2dfb03d08] Compiler: c1, Barriers: 0, Oops: 1, ImmediateOops: 1, NonImmediateOops: No
[1,980s][debug][gc,nmethod     ] Register NMethod: com.google.common.base.Preconditions.checkState (0x000078e2dfb03e08) [0x000078e2dfb03f00, 0x000078e2dfb040e0] Compiler: c1, Barriers: 0, Oops: 1, ImmediateOops: 0, NonImmediateOops: No
[1,980s][debug][gc,nmethod     ] Register NMethod: io.sirix.access.trx.node.xml.XmlNodeHashing.getCurrentNode (0x000078e2dfb04108) [0x000078e2dfb04200, 0x000078e2dfb049a8] Compiler: c1, Barriers: 2, Oops: 1, ImmediateOops: 0, NonImmediateOops: No
[1,980s][debug][gc,nmethod     ] Register NMethod: io.sirix.access.trx.node.xml.XmlNodeHashing.getCurrentNode (0x000078e2dfb04a08) [0x000078e2dfb04b00, 0x000078e2dfb05090] Compiler: c1, Barriers: 2, Oops: 1, ImmediateOops: 0, NonImmediateOops: No
[1,980s][debug][gc,nmethod     ] Register NMethod: io.sirix.axis.AbstractAxis.hasNext (0x000078e2dfb05108) [0x000078e2dfb05200, 0x000078e2dfb05cc8] Compiler: c1, Barriers: 2, Oops: 1, ImmediateOops: 1, NonImmediateOops: No
[1,980s][debug][gc,nmethod     ] Register NMethod: it.unimi.dsi.fastutil.longs.LongArrayList.size (0x000078e2fecd4508) [0x000078e2fecd4600, 0x000078e2fecd46c0] Compiler: c1, Barriers: 0, Oops: 1, ImmediateOops: 0, NonImmediateOops: No
[1,980s][debug][gc,nmethod     ] Register NMethod: io.sirix.index.path.summary.PathSummaryReader.moveTo (0x000078e2dfb05d08) [0x000078e2dfb05e00, 0x000078e2dfb06b08] Compiler: c1, Barriers: 13, Oops: 1, ImmediateOops: 2, NonImmediateOops: No
[1,980s][debug][gc,nmethod     ] Register NMethod: io.sirix.index.path.summary.PathSummaryReader.getStructuralNode (0x000078e2dfb06b88) [0x000078e2dfb06c80, 0x000078e2dfb07038] Compiler: c1, Barriers: 1, Oops: 1, ImmediateOops: 0, NonImmediateOops: No
[1,980s][debug][gc,nmethod     ] Register NMethod: com.sun.org.apache.xerces.internal.impl.XMLDocumentFragmentScannerImpl.setScannerState (0x000078e2fecd4808) [0x000078e2fecd4900, 0x000078e2fecd49c0] Compiler: c1, Barriers: 0, Oops: 0, ImmediateOops: 0, NonImmediateOops: No
[1,980s][debug][gc,nmethod     ] Register NMethod: io.sirix.access.trx.page.NodePageReadOnlyTrx.getNamePage (0x000078e2dfb07088) [0x000078e2dfb07180, 0x000078e2dfb08158] Compiler: c1, Barriers: 4, Oops: 1, ImmediateOops: 1, NonImmediateOops: No
[1,980s][debug][gc,nmethod     ] Register NMethod: io.sirix.node.delegates.StructNodeDelegate.getFirstChildKey (0x000078e2fecd4b08) [0x000078e2fecd4c00, 0x000078e2fecd4cc0] Compiler: c1, Barriers: 0, Oops: 1, ImmediateOops: 0, NonImmediateOops: No
[1,980s][debug][gc,nmethod     ] Register NMethod: java.lang.Math.multiplyHigh (0x000078e2dfb08188) [0x000078e2dfb08280, 0x000078e2dfb083d8] Compiler: c1, Barriers: 0, Oops: 0, ImmediateOops: 0, NonImmediateOops: No
[1,980s][debug][gc,nmethod     ] Register NMethod: net.openhft.hashing.Maths.unsignedLongMulXorFold (0x000078e2dfb08488) [0x000078e2dfb08580, 0x000078e2dfb086b8] Compiler: c1, Barriers: 0, Oops: 1, ImmediateOops: 1, NonImmediateOops: No
[1,980s][debug][gc,nmethod     ] Register NMethod: io.sirix.node.xml.ElementNode.getHash (0x000078e2dfb08788) [0x000078e2dfb08880, 0x000078e2dfb0c0f0] Compiler: c1, Barriers: 7, Oops: 6, ImmediateOops: 10, NonImmediateOops: No
[1,980s][debug][gc,nmethod     ] Register NMethod: net.openhft.hashing.MathsJDK9.unsignedLongMulXorFoldImp (0x000078e2dfb0c188) [0x000078e2dfb0c280, 0x000078e2dfb0c400] Compiler: c1, Barriers: 0, Oops: 1, ImmediateOops: 0, NonImmediateOops: No
[1,981s][debug][gc,nmethod     ] Register NMethod: jdk.internal.foreign.MemorySessionImpl.checkValidState (0x000078e2dfb0c488) [0x000078e2dfb0c580, 0x000078e2dfb0d068] Compiler: c1, Barriers: 3, Oops: 0, ImmediateOops: 2, NonImmediateOops: No
[1,981s][debug][gc,nmethod     ] Register NMethod: it.unimi.dsi.fastutil.ints.Int2ObjectOpenHashMap.get (0x000078e2dfb0d088) [0x000078e2dfb0d180, 0x000078e2dfb0d7f0] Compiler: c1, Barriers: 10, Oops: 1, ImmediateOops: 0, NonImmediateOops: No
[1,981s][debug][gc,nmethod     ] Register NMethod: io.sirix.access.ResourceConfiguration.storeChildCount (0x000078e2fecd4e08) [0x000078e2fecd4f00, 0x000078e2fecd4fc0] Compiler: c1, Barriers: 0, Oops: 1, ImmediateOops: 0, NonImmediateOops: No
[1,981s][debug][gc,nmethod     ] Register NMethod: net.openhft.hashing.XXH3.XXH3_mix16B (0x000078e2dfb0d808) [0x000078e2dfb0d900, 0x000078e2dfb0f290] Compiler: c1, Barriers: 0, Oops: 3, ImmediateOops: 8, NonImmediateOops: No
[1,981s][debug][gc,nmethod     ] Register NMethod: io.sirix.node.xml.ElementNode.getParentKey (0x000078e2dfb0f308) [0x000078e2dfb0f400, 0x000078e2dfb143e8] Compiler: c1, Barriers: 19, Oops: 7, ImmediateOops: 11, NonImmediateOops: No
[1,981s][debug][gc,nmethod     ] Register NMethod: io.sirix.access.trx.node.AbstractNodeHashing.setAddDescendants (0x000078e2dfb14488) [0x000078e2dfb14580, 0x000078e2dfb15108] Compiler: c1, Barriers: 0, Oops: 1, ImmediateOops: 0, NonImmediateOops: No
[1,981s][debug][gc,nmethod     ] Register NMethod: java.lang.invoke.VarHandleSegmentAsBytes.set (0x000078e2dfb15188) [0x000078e2dfb15280, 0x000078e2dfb1a3c0] Compiler: c1, Barriers: 24, Oops: 2, ImmediateOops: 6, NonImmediateOops: No
[1,981s][debug][gc,nmethod     ] Register NMethod: io.sirix.node.MemorySegmentBytesOut.writeByte (0x000078e2dfb1a408) [0x000078e2dfb1a500, 0x000078e2dfb1a698] Compiler: c1, Barriers: 1, Oops: 1, ImmediateOops: 0, NonImmediateOops: No
[1,981s][debug][gc,nmethod     ] Register NMethod: io.sirix.access.trx.node.xml.XmlNodeTrxImpl.nodeReadOnlyTrxDelegate (0x000078e2dfb1a708) [0x000078e2dfb1a800, 0x000078e2dfb1ab50] Compiler: c1, Barriers: 1, Oops: 1, ImmediateOops: 0, NonImmediateOops: No
[1,981s][debug][gc,nmethod     ] Register NMethod: com.sun.org.apache.xerces.internal.util.XMLChar.isSpace (0x000078e2dfb1ab88) [0x000078e2dfb1ac80, 0x000078e2dfb1ae08] Compiler: c1, Barriers: 0, Oops: 0, ImmediateOops: 1, NonImmediateOops: No
[1,982s][debug][gc,director    ] Rule Major: Warmup 10%, Used: 288MB, UsedThreshold: 1228MB
[1,982s][debug][gc,nmethod     ] Register NMethod: io.sirix.node.xml.AttributeNode.getParentKey (0x000078e2dfb1ae88) [0x000078e2dfb1af80, 0x000078e2dfb1ff68] Compiler: c1, Barriers: 19, Oops: 7, ImmediateOops: 11, NonImmediateOops: No
[1,982s][debug][gc,nmethod     ] Register NMethod: io.sirix.node.xml.XmlDocumentRootNode.getHash (0x000078e2fecd5108) [0x000078e2fecd5200, 0x000078e2fecd52c0] Compiler: c1, Barriers: 0, Oops: 1, ImmediateOops: 0, NonImmediateOops: No
[1,982s][debug][gc,nmethod     ] Register NMethod: io.brackit.query.atomic.QNm.getNamespaceURI (0x000078e2fecd5408) [0x000078e2fecd5500, 0x000078e2fecd55e8] Compiler: c1, Barriers: 1, Oops: 1, ImmediateOops: 0, NonImmediateOops: No
[1,982s][debug][gc,nmethod     ] Register NMethod: com.sun.org.apache.xerces.internal.util.XMLAttributesImpl.getLength (0x000078e2fecd5708) [0x000078e2fecd5800, 0x000078e2fecd58c0] Compiler: c1, Barriers: 0, Oops: 0, ImmediateOops: 0, NonImmediateOops: No
[1,982s][debug][gc,nmethod     ] Register NMethod: java.util.concurrent.atomic.AtomicLong.incrementAndGet (0x000078e2dfb20008) [0x000078e2dfb20100, 0x000078e2dfb20218] Compiler: c1, Barriers: 0, Oops: 0, ImmediateOops: 0, NonImmediateOops: No
[1,982s][debug][gc,nmethod     ] Register NMethod: io.sirix.node.delegates.NameNodeDelegate.getLocalNameKey (0x000078e2fecd5a08) [0x000078e2fecd5b00, 0x000078e2fecd5bc0] Compiler: c1, Barriers: 0, Oops: 1, ImmediateOops: 0, NonImmediateOops: No
[1,982s][debug][gc,nmethod     ] Register NMethod: com.sun.xml.internal.stream.events.DummyEvent.getEventType (0x000078e2fecd5d08) [0x000078e2fecd5e00, 0x000078e2fecd5ec0] Compiler: c1, Barriers: 0, Oops: 0, ImmediateOops: 0, NonImmediateOops: No
[1,982s][debug][gc,nmethod     ] Register NMethod: com.sun.xml.internal.stream.events.DummyEvent.setEventType (0x000078e2fecd6008) [0x000078e2fecd6100, 0x000078e2fecd61c0] Compiler: c1, Barriers: 0, Oops: 0, ImmediateOops: 0, NonImmediateOops: No
[1,982s][debug][gc,nmethod     ] Register NMethod: io.sirix.access.trx.node.AbstractNodeTrxImpl.getCurrentNode (0x000078e2dfb20308) [0x000078e2dfb20400, 0x000078e2dfb20770] Compiler: c1, Barriers: 2, Oops: 1, ImmediateOops: 0, NonImmediateOops: No
[1,982s][debug][gc,nmethod     ] Register NMethod: io.sirix.node.GrowingMemorySegment.writeByte (0x000078e2dfb20788) [0x000078e2dfb20880, 0x000078e2dfb244a0] Compiler: c1, Barriers: 5, Oops: 6, ImmediateOops: 10, NonImmediateOops: No
[1,982s][debug][gc,nmethod     ] Register NMethod: io.sirix.node.xml.ElementNode.setHash (0x000078e2dfb24508) [0x000078e2dfb24600, 0x000078e2dfb27f88] Compiler: c1, Barriers: 7, Oops: 6, ImmediateOops: 11, NonImmediateOops: No
[1,982s][debug][gc,nmethod     ] Register NMethod: io.sirix.utils.XMLToken.isNCStartChar (0x000078e2dfb28008) [0x000078e2dfb28100, 0x000078e2dfb28770] Compiler: c1, Barriers: 0, Oops: 1, ImmediateOops: 0, NonImmediateOops: No
[1,983s][debug][gc,nmethod     ] Register NMethod: java.lang.invoke.VarHandleSegmentAsBytes.set (0x000078e2dfb28788) [0x000078e2dfb28880, 0x000078e2dfb2dc20] Compiler: c1, Barriers: 24, Oops: 2, ImmediateOops: 6, NonImmediateOops: No
[1,983s][debug][gc,nmethod     ] Register NMethod: io.sirix.utils.XMLToken.cp (0x000078e2dfb2dc88) [0x000078e2dfb2dd80, 0x000078e2dfb2e1b8] Compiler: c1, Barriers: 0, Oops: 1, ImmediateOops: 1, NonImmediateOops: No
[1,983s][debug][gc,nmethod     ] Register NMethod: jdk.internal.foreign.AbstractMemorySegmentImpl.set (0x000078e2dfb2e208) [0x000078e2dfb2e300, 0x000078e2dfb33880] Compiler: c1, Barriers: 42, Oops: 6, ImmediateOops: 18, NonImmediateOops: No
[1,983s][debug][gc,nmethod     ] Register NMethod: io.sirix.utils.XMLToken.cl (0x000078e2dfb33908) [0x000078e2dfb33a00, 0x000078e2dfb33be0] Compiler: c1, Barriers: 0, Oops: 1, ImmediateOops: 1, NonImmediateOops: No
[1,983s][debug][gc,nmethod     ] Register NMethod: io.sirix.utils.XMLToken.cl (0x000078e2dfb33c08) [0x000078e2dfb33d00, 0x000078e2dfb33e60] Compiler: c1, Barriers: 0, Oops: 1, ImmediateOops: 1, NonImmediateOops: No
[1,983s][debug][gc,nmethod     ] Register NMethod: jdk.xml.internal.XMLSecurityPropertyManager$Property.equalsName (0x000078e2dfb33f08) [0x000078e2dfb34000, 0x000078e2dfb34630] Compiler: c1, Barriers: 2, Oops: 0, ImmediateOops: 0, NonImmediateOops: No
[1,983s][debug][gc,nmethod     ] Register NMethod: com.sun.org.apache.xerces.internal.impl.XMLStreamReaderImpl.hasNext (0x000078e2dfb34688) [0x000078e2dfb34780, 0x000078e2dfb34928] Compiler: c1, Barriers: 0, Oops: 0, ImmediateOops: 0, NonImmediateOops: No
[1,983s][debug][gc,nmethod     ] Register NMethod: com.sun.org.apache.xerces.internal.impl.XMLEntityScanner.peekChar (0x000078e2dfb34988) [0x000078e2dfb34a80, 0x000078e2dfb34f38] Compiler: c1, Barriers: 3, Oops: 0, ImmediateOops: 0, NonImmediateOops: No
[1,983s][debug][gc,nmethod     ] Register NMethod: jdk.xml.internal.XMLLimitAnalyzer.getTotalValue (0x000078e2dfb34f88) [0x000078e2dfb35080, 0x000078e2dfb351d8] Compiler: c1, Barriers: 1, Oops: 0, ImmediateOops: 0, NonImmediateOops: No
[1,983s][debug][gc,nmethod     ] Register NMethod: com.sun.org.apache.xerces.internal.util.XMLResourceIdentifierImpl.getExpandedSystemId (0x000078e2fecd6308) [0x000078e2fecd6400, 0x000078e2fecd64e8] Compiler: c1, Barriers: 1, Oops: 0, ImmediateOops: 0, NonImmediateOops: No
[1,983s][debug][gc,nmethod     ] Register NMethod: com.sun.org.apache.xerces.internal.util.XMLResourceIdentifierImpl.getPublicId (0x000078e2fecd6608) [0x000078e2fecd6700, 0x000078e2fecd67e8] Compiler: c1, Barriers: 1, Oops: 0, ImmediateOops: 0, NonImmediateOops: No
[1,983s][debug][gc,nmethod     ] Register NMethod: io.sirix.access.trx.page.AbstractForwardingPageReadOnlyTrx.getNamePage (0x000078e2dfb35288) [0x000078e2dfb35380, 0x000078e2dfb36428] Compiler: c1, Barriers: 5, Oops: 1, ImmediateOops: 1, NonImmediateOops: No
[1,983s][debug][gc,nmethod     ] Register NMethod: io.sirix.cache.IndexLogKey.hashCode (0x000078e2dfb36488) [0x000078e2dfb36580, 0x000078e2dfb36928] Compiler: c1, Barriers: 1, Oops: 1, ImmediateOops: 0, NonImmediateOops: No
[1,983s][debug][gc,nmethod     ] Register NMethod: jdk.xml.internal.XMLSecurityManager.isOverLimit (0x000078e2dfb36988) [0x000078e2dfb36a80, 0x000078e2dfb38060] Compiler: c1, Barriers: 4, Oops: 0, ImmediateOops: 7, NonImmediateOops: No
[1,983s][debug][gc,nmethod     ] Register NMethod: io.sirix.access.trx.node.xml.XmlNodeReadOnlyTrxImpl.getNode (0x000078e2dfb38088) [0x000078e2dfb38180, 0x000078e2dfb38478] Compiler: c1, Barriers: 0, Oops: 1, ImmediateOops: 0, NonImmediateOops: No
[1,983s][debug][gc,nmethod     ] Register NMethod: java.lang.invoke.VarHandleGuards.guard_L_L (0x000078e2dfb38488) [0x000078e2dfb38580, 0x000078e2dfb3ba00] Compiler: c1, Barriers: 29, Oops: 0, ImmediateOops: 2, NonImmediateOops: No
[1,983s][debug][gc,nmethod     ] Register NMethod: jdk.xml.internal.XMLSecurityManager.isOverLimit (0x000078e2dfb3ba08) [0x000078e2dfb3bb00, 0x000078e2dfb3bfd8] Compiler: c1, Barriers: 0, Oops: 0, ImmediateOops: 0, NonImmediateOops: No
[1,984s][debug][gc,nmethod     ] Register NMethod: io.sirix.node.MemorySegmentBytesOut.clear (0x000078e2dfb3c008) [0x000078e2dfb3c100, 0x000078e2dfb3c2b8] Compiler: c1, Barriers: 1, Oops: 1, ImmediateOops: 0, NonImmediateOops: No
[1,984s][debug][gc,nmethod     ] Register NMethod: io.sirix.node.GrowingMemorySegment.reset (0x000078e2dfb3c308) [0x000078e2dfb3c400, 0x000078e2dfb3c508] Compiler: c1, Barriers: 0, Oops: 1, ImmediateOops: 0, NonImmediateOops: No
[1,984s][debug][gc,nmethod     ] Register NMethod: com.sun.org.apache.xerces.internal.impl.XMLEntityScanner.skipChar (0x000078e2dfb3c608) [0x000078e2dfb3c700, 0x000078e2dfb3cc48] Compiler: c1, Barriers: 3, Oops: 0, ImmediateOops: 0, NonImmediateOops: No
[1,984s][debug][gc,nmethod     ] Register NMethod: io.sirix.node.delegates.NodeDelegate.getParentKey (0x000078e2fecd6908) [0x000078e2fecd6a00, 0x000078e2fecd6ac0] Compiler: c1, Barriers: 0, Oops: 1, ImmediateOops: 0, NonImmediateOops: No
[1,984s][debug][gc,nmethod     ] Register NMethod: io.sirix.api.PageReadOnlyTrx.recordPageOffset (0x000078e2fecd6c08) [0x000078e2fecd6d00, 0x000078e2fecd6d70] Compiler: jvmci, Barriers: 0, Oops: 1, ImmediateOops: 0, NonImmediateOops: No
[1,984s][debug][gc,nmethod     ] Register NMethod: com.sun.org.apache.xerces.internal.impl.XMLEntityScanner.skipSpaces (0x000078e2dfb3cc88) [0x000078e2dfb3cd80, 0x000078e2dfb3e020] Compiler: c1, Barriers: 16, Oops: 0, ImmediateOops: 2, NonImmediateOops: No
[1,984s][debug][gc,nmethod     ] Register NMethod: io.sirix.access.trx.node.AbstractResourceSession.assertNotClosed (0x000078e2dfb3e088) [0x000078e2dfb3e180, 0x000078e2dfb3e388] Compiler: c1, Barriers: 0, Oops: 1, ImmediateOops: 1, NonImmediateOops: No
[1,984s][debug][gc,nmethod     ] Register NMethod: io.sirix.access.trx.node.AbstractNodeReadOnlyTrx.getKind (0x000078e2dfb3e408) [0x000078e2dfb3e500, 0x000078e2dfb3eb68] Compiler: c1, Barriers: 1, Oops: 1, ImmediateOops: 1, NonImmediateOops: No
[1,984s][debug][gc,nmethod     ] Register NMethod: io.sirix.access.trx.node.AbstractResourceSession.getResourceConfig (0x000078e2dfb3eb88) [0x000078e2dfb3ec80, 0x000078e2dfb3ef20] Compiler: c1, Barriers: 1, Oops: 1, ImmediateOops: 1, NonImmediateOops: No
[1,984s][debug][gc,nmethod     ] Register NMethod: io.sirix.axis.AbstractAxis.resetToLastKey (0x000078e2dfb3ef88) [0x000078e2dfb3f080, 0x000078e2dfb3f638] Compiler: c1, Barriers: 2, Oops: 1, ImmediateOops: 0, NonImmediateOops: No
[1,984s][debug][gc,nmethod     ] Register NMethod: io.sirix.axis.AbstractAxis.tryToComputeNext (0x000078e2dfb3f688) [0x000078e2dfb3f780, 0x000078e2dfb3feb0] Compiler: c1, Barriers: 10, Oops: 1, ImmediateOops: 5, NonImmediateOops: No
[1,984s][debug][gc,nmethod     ] Register NMethod: io.sirix.cache.IndexLogKey.equals (0x000078e2dfb3ff08) [0x000078e2dfb40000, 0x000078e2dfb40948] Compiler: c1, Barriers: 4, Oops: 1, ImmediateOops: 0, NonImmediateOops: No
[1,984s][debug][gc,nmethod     ] Register NMethod: io.sirix.access.trx.node.xml.XmlNodeReadOnlyTrxImpl.getNode (0x000078e2dfb40988) [0x000078e2dfb40a80, 0x000078e2dfb42fc0] Compiler: c1, Barriers: 7, Oops: 2, ImmediateOops: 3, NonImmediateOops: No
[1,984s][debug][gc,nmethod     ] Register NMethod: io.sirix.node.xml.XmlDocumentRootNode.structDelegate (0x000078e2fecd6f08) [0x000078e2fecd7000, 0x000078e2fecd70e8] Compiler: c1, Barriers: 1, Oops: 1, ImmediateOops: 0, NonImmediateOops: No
[1,984s][debug][gc,nmethod     ] Register NMethod: com.sun.org.apache.xerces.internal.impl.XMLStreamReaderImpl.getEventType (0x000078e2fecd7208) [0x000078e2fecd7300, 0x000078e2fecd73c0] Compiler: c1, Barriers: 0, Oops: 0, ImmediateOops: 0, NonImmediateOops: No
[1,984s][debug][gc,nmethod     ] Register NMethod: io.sirix.axis.AbstractAxis.nextLong (0x000078e2dfb43008) [0x000078e2dfb43100, 0x000078e2dfb43b90] Compiler: c1, Barriers: 5, Oops: 1, ImmediateOops: 1, NonImmediateOops: No
[1,985s][debug][gc,nmethod     ] Register NMethod: com.sun.org.apache.xerces.internal.util.NamespaceSupport.getURI (0x000078e2dfb43c08) [0x000078e2dfb43d00, 0x000078e2dfb43ff0] Compiler: c1, Barriers: 3, Oops: 0, ImmediateOops: 0, NonImmediateOops: No
[1,985s][debug][gc,nmethod     ] Register NMethod: javax.xml.namespace.QName.getLocalPart (0x000078e2fecd7508) [0x000078e2fecd7600, 0x000078e2fecd76e8] Compiler: c1, Barriers: 1, Oops: 0, ImmediateOops: 0, NonImmediateOops: No
[1,985s][debug][gc,nmethod     ] Register NMethod: javax.xml.namespace.QName.getNamespaceURI (0x000078e2fecd7808) [0x000078e2fecd7900, 0x000078e2fecd79e8] Compiler: c1, Barriers: 1, Oops: 0, ImmediateOops: 0, NonImmediateOops: No
[1,985s][debug][gc,nmethod     ] Register NMethod: javax.xml.namespace.QName.getPrefix (0x000078e2fecd7b08) [0x000078e2fecd7c00, 0x000078e2fecd7ce8] Compiler: c1, Barriers: 1, Oops: 0, ImmediateOops: 0, NonImmediateOops: No
[1,985s][debug][gc,nmethod     ] Register NMethod: io.sirix.node.NodeKind.getId (0x000078e2fecd7e08) [0x000078e2fecd7f00, 0x000078e2fecd7fc8] Compiler: c1, Barriers: 0, Oops: 1, ImmediateOops: 0, NonImmediateOops: No
[1,985s][debug][gc,nmethod     ] Register NMethod: io.sirix.node.xml.TextNode.getNodeKey (0x000078e2fecd8108) [0x000078e2fecd8200, 0x000078e2fecd82c0] Compiler: c1, Barriers: 0, Oops: 1, ImmediateOops: 0, NonImmediateOops: No
[1,986s][debug][gc,nmethod     ] Register NMethod: io.sirix.node.xml.ElementNode.getDescendantCount (0x000078e2dfb44008) [0x000078e2dfb44100, 0x000078e2dfb47978] Compiler: c1, Barriers: 7, Oops: 6, ImmediateOops: 10, NonImmediateOops: No
[1,986s][debug][gc,nmethod     ] Register NMethod: io.sirix.node.GrowingMemorySegment.position (0x000078e2fecd8408) [0x000078e2fecd8500, 0x000078e2fecd85c0] Compiler: c1, Barriers: 0, Oops: 1, ImmediateOops: 0, NonImmediateOops: No
[1,986s][debug][gc,nmethod     ] Register NMethod: io.sirix.axis.ChildAxis.nextKey (0x000078e2dfb47a08) [0x000078e2dfb47b00, 0x000078e2dfb48b30] Compiler: c1, Barriers: 1, Oops: 1, ImmediateOops: 1, NonImmediateOops: No
[1,986s][debug][gc,nmethod     ] Register NMethod: com.sun.org.apache.xerces.internal.impl.XMLDocumentFragmentScannerImpl.getAttributeIterator (0x000078e2dfb48b88) [0x000078e2dfb48c80, 0x000078e2dfb48f18] Compiler: c1, Barriers: 4, Oops: 0, ImmediateOops: 0, NonImmediateOops: No
[1,986s][debug][gc,nmethod     ] Register NMethod: io.sirix.node.GrowingMemorySegment.getUsedSegment (0x000078e2dfb48f88) [0x000078e2dfb49080, 0x000078e2dfb49690] Compiler: c1, Barriers: 2, Oops: 1, ImmediateOops: 0, NonImmediateOops: No
[1,986s][debug][gc,nmethod     ] Register NMethod: com.sun.org.apache.xerces.internal.xni.QName.setValues (0x000078e2dfb49708) [0x000078e2dfb49800, 0x000078e2dfb49bb8] Compiler: c1, Barriers: 16, Oops: 0, ImmediateOops: 0, NonImmediateOops: No
[1,986s][debug][gc,nmethod     ] Register NMethod: it.unimi.dsi.fastutil.ints.Int2LongOpenHashMap.get (0x000078e2dfb49c08) [0x000078e2dfb49d00, 0x000078e2dfb4a250] Compiler: c1, Barriers: 4, Oops: 1, ImmediateOops: 0, NonImmediateOops: No
[1,986s][debug][gc,nmethod     ] Register NMethod: io.sirix.page.RevisionRootPage.getMaxNodeKeyInDocumentIndex (0x000078e2fecd8708) [0x000078e2fecd8800, 0x000078e2fecd88c0] Compiler: c1, Barriers: 0, Oops: 1, ImmediateOops: 0, NonImmediateOops: No
[1,986s][debug][gc,nmethod     ] Register NMethod: com.sun.xml.internal.stream.events.AttributeImpl.getName (0x000078e2fecd8a08) [0x000078e2fecd8b00, 0x000078e2fecd8be8] Compiler: c1, Barriers: 1, Oops: 0, ImmediateOops: 0, NonImmediateOops: No
[1,986s][debug][gc,nmethod     ] Register NMethod: java.nio.MappedByteBuffer.limit (0x000078e2dfb4a288) [0x000078e2dfb4a380, 0x000078e2dfb4a520] Compiler: c1, Barriers: 0, Oops: 0, ImmediateOops: 0, NonImmediateOops: No
[1,986s][debug][gc,nmethod     ] Register NMethod: io.sirix.node.xml.XmlDocumentRootNode.setHash (0x000078e2fecd8d08) [0x000078e2fecd8e00, 0x000078e2fecd8ec0] Compiler: c1, Barriers: 0, Oops: 1, ImmediateOops: 0, NonImmediateOops: No
[1,987s][debug][gc,nmethod     ] Register NMethod: com.sun.org.apache.xerces.internal.impl.XMLDocumentFragmentScannerImpl.getElementQName (0x000078e2dfb4a588) [0x000078e2dfb4a680, 0x000078e2dfb4ac98] Compiler: c1, Barriers: 21, Oops: 0, ImmediateOops: 0, NonImmediateOops: No
[1,987s][debug][gc,nmethod     ] Register NMethod: it.unimi.dsi.fastutil.ints.Int2IntOpenHashMap.find (0x000078e2dfb4ad08) [0x000078e2dfb4ae00, 0x000078e2dfb4b268] Compiler: c1, Barriers: 1, Oops: 1, ImmediateOops: 0, NonImmediateOops: No
[1,987s][debug][gc,nmethod     ] Register NMethod: com.sun.org.apache.xerces.internal.util.XMLChar.isNameStart (0x000078e2dfb4b288) [0x000078e2dfb4b380, 0x000078e2dfb4b510] Compiler: c1, Barriers: 0, Oops: 0, ImmediateOops: 1, NonImmediateOops: No
[1,987s][debug][gc,nmethod     ] Register NMethod: com.sun.xml.internal.stream.XMLEventReaderImpl.hasNext (0x000078e2dfb4b588) [0x000078e2dfb4b680, 0x000078e2dfb4b9c0] Compiler: c1, Barriers: 2, Oops: 0, ImmediateOops: 0, NonImmediateOops: No
[1,987s][debug][gc,nmethod     ] Register NMethod: io.sirix.node.xml.ElementNode.getKind (0x000078e2fecd9008) [0x000078e2fecd9100, 0x000078e2fecd9190] Compiler: jvmci, Barriers: 0, Oops: 1, ImmediateOops: 1, NonImmediateOops: No
[1,987s][debug][gc,nmethod     ] Register NMethod: it.unimi.dsi.fastutil.ints.Int2IntOpenHashMap.put (0x000078e2dfb4ba08) [0x000078e2dfb4bb00, 0x000078e2dfb4bd68] Compiler: c1, Barriers: 1, Oops: 1, ImmediateOops: 0, NonImmediateOops: No
[1,987s][debug][gc,nmethod     ] Register NMethod: io.sirix.index.path.summary.PathNode.getLocalNameKey (0x000078e2dfb4bd88) [0x000078e2dfb4be80, 0x000078e2dfb4bfe0] Compiler: c1, Barriers: 1, Oops: 1, ImmediateOops: 0, NonImmediateOops: No
[1,987s][debug][gc,nmethod     ] Register NMethod: io.sirix.index.path.summary.PathSummaryReader.getLocalNameKey (0x000078e2dfb4c088) [0x000078e2dfb4c180, 0x000078e2dfb4cab8] Compiler: c1, Barriers: 1, Oops: 1, ImmediateOops: 1, NonImmediateOops: No
[1,987s][debug][gc,nmethod     ] Register NMethod: java.lang.String.encode (0x000078e2dfb4cb08) [0x000078e2dfb4cc00, 0x000078e2dfb4cf38] Compiler: c1, Barriers: 0, Oops: 0, ImmediateOops: 3, NonImmediateOops: No
[1,987s][debug][gc,nmethod     ] Register NMethod: io.sirix.index.path.summary.PathSummaryReader.isNameNode (0x000078e2dfb4cf88) [0x000078e2dfb4d080, 0x000078e2dfb4d540] Compiler: c1, Barriers: 1, Oops: 1, ImmediateOops: 1, NonImmediateOops: No
[1,987s][debug][gc,nmethod     ] Register NMethod: java.util.concurrent.atomic.AtomicLong.compareAndSet (0x000078e2dfb4d588) [0x000078e2dfb4d680, 0x000078e2dfb4d7a0] Compiler: c1, Barriers: 0, Oops: 0, ImmediateOops: 0, NonImmediateOops: No
[1,987s][debug][gc,nmethod     ] Register NMethod: io.sirix.axis.filter.PathNameFilter.filter (0x000078e2dfb4d888) [0x000078e2dfb4d980, 0x000078e2dfb50180] Compiler: c1, Barriers: 5, Oops: 1, ImmediateOops: 3, NonImmediateOops: No
[1,987s][debug][gc,nmethod     ] Register NMethod: java.nio.MappedByteBuffer.position (0x000078e2dfb50208) [0x000078e2dfb50300, 0x000078e2dfb504a0] Compiler: c1, Barriers: 0, Oops: 0, ImmediateOops: 0, NonImmediateOops: No
[1,987s][debug][gc,nmethod     ] Register NMethod: java.lang.String.encodeUTF8 (0x000078e2dfb50508) [0x000078e2dfb50600, 0x000078e2dfb50c88] Compiler: c1, Barriers: 0, Oops: 0, ImmediateOops: 0, NonImmediateOops: No
[1,987s][debug][gc,nmethod     ] Register NMethod: jdk.xml.internal.XMLSecurityManager.getIndex (0x000078e2dfb50d08) [0x000078e2dfb50e00, 0x000078e2dfb52008] Compiler: c1, Barriers: 3, Oops: 0, ImmediateOops: 2, NonImmediateOops: No
[1,987s][debug][gc,nmethod     ] Register NMethod: com.sun.xml.internal.stream.events.DummyEvent.<init> (0x000078e2dfb52088) [0x000078e2dfb52180, 0x000078e2dfb523a0] Compiler: c1, Barriers: 4, Oops: 0, ImmediateOops: 1, NonImmediateOops: No
[1,988s][debug][gc,nmethod     ] Register NMethod: java.util.HashMap.<init> (0x000078e2fecd9308) [0x000078e2fecd9420, 0x000078e2fecd94b0] Compiler: jvmci, Barriers: 0, Oops: 0, ImmediateOops: 0, NonImmediateOops: No
[1,988s][debug][gc,nmethod     ] Register NMethod: io.sirix.page.NamePage.setName (0x000078e2dfb52408) [0x000078e2dfb52500, 0x000078e2dfb53ac0] Compiler: c1, Barriers: 25, Oops: 1, ImmediateOops: 2, NonImmediateOops: No
[1,988s][debug][gc,nmethod     ] Register NMethod: io.sirix.access.trx.page.NodePageTrx.createNameKey (0x000078e2dfb53b08) [0x000078e2dfb53c00, 0x000078e2dfb55638] Compiler: c1, Barriers: 7, Oops: 1, ImmediateOops: 3, NonImmediateOops: No
[1,988s][debug][gc,nmethod     ] Register NMethod: io.brackit.query.atomic.QNm.atomicCode (0x000078e2fecd9608) [0x000078e2fecd9700, 0x000078e2fecd97c0] Compiler: c1, Barriers: 0, Oops: 1, ImmediateOops: 0, NonImmediateOops: No
[1,988s][debug][gc,nmethod     ] Register NMethod: io.sirix.index.name.Names.getName (0x000078e2dfb55688) [0x000078e2dfb55780, 0x000078e2dfb55c38] Compiler: c1, Barriers: 1, Oops: 1, ImmediateOops: 1, NonImmediateOops: No
[1,988s][debug][gc,nmethod     ] Register NMethod: com.sun.org.apache.xerces.internal.util.NamespaceSupport$Prefixes.hasMoreElements (0x000078e2dfb55c88) [0x000078e2dfb55d80, 0x000078e2dfb55ed0] Compiler: c1, Barriers: 0, Oops: 0, ImmediateOops: 0, NonImmediateOops: No
[1,988s][debug][gc,nmethod     ] Register NMethod: io.sirix.page.NamePage.getName (0x000078e2dfb55f88) [0x000078e2dfb56080, 0x000078e2dfb576f0] Compiler: c1, Barriers: 25, Oops: 1, ImmediateOops: 4, NonImmediateOops: No
[1,988s][debug][gc,nmethod     ] Register NMethod: io.sirix.axis.filter.AbstractFilter.<init> (0x000078e2dfb57708) [0x000078e2dfb57800, 0x000078e2dfb57d38] Compiler: c1, Barriers: 3, Oops: 1, ImmediateOops: 0, NonImmediateOops: No
[1,988s][debug][gc,nmethod     ] Register NMethod: io.sirix.axis.AbstractAxis.reset (0x000078e2dfb57d88) [0x000078e2dfb57e80, 0x000078e2dfb58008] Compiler: c1, Barriers: 3, Oops: 1, ImmediateOops: 1, NonImmediateOops: No
[1,988s][debug][gc,nmethod     ] Register NMethod: io.sirix.axis.filter.AbstractFilter.getTrx (0x000078e2dfb58088) [0x000078e2dfb58180, 0x000078e2dfb58480] Compiler: c1, Barriers: 1, Oops: 1, ImmediateOops: 0, NonImmediateOops: No
[1,988s][debug][gc,nmethod     ] Register NMethod: io.sirix.axis.AbstractAxis.<init> (0x000078e2dfb58508) [0x000078e2dfb58600, 0x000078e2dfb59050] Compiler: c1, Barriers: 9, Oops: 1, ImmediateOops: 2, NonImmediateOops: No
[1,988s][debug][gc,nmethod     ] Register NMethod: io.sirix.index.path.summary.PathNode.getLevel (0x000078e2fecd9908) [0x000078e2fecd9a00, 0x000078e2fecd9ac0] Compiler: c1, Barriers: 0, Oops: 1, ImmediateOops: 0, NonImmediateOops: No
[1,988s][debug][gc,nmethod     ] Register NMethod: io.sirix.index.path.summary.PathSummaryReader.getPathNode (0x000078e2dfb59088) [0x000078e2dfb59180, 0x000078e2dfb59880] Compiler: c1, Barriers: 1, Oops: 1, ImmediateOops: 1, NonImmediateOops: No
[1,989s][debug][gc,nmethod     ] Register NMethod: io.sirix.index.name.Names.setName (0x000078e2dfb59908) [0x000078e2dfb59a00, 0x000078e2dfb5bca8] Compiler: c1, Barriers: 12, Oops: 2, ImmediateOops: 4, NonImmediateOops: No
[1,989s][debug][gc,nmethod     ] Register NMethod: it.unimi.dsi.fastutil.HashCommon.mix (0x000078e2fecd9c08) [0x000078e2fecd9d00, 0x000078e2fecd9d70] Compiler: jvmci, Barriers: 0, Oops: 1, ImmediateOops: 0, NonImmediateOops: No
[1,989s][debug][gc,nmethod     ] Register NMethod: io.brackit.query.sequence.AbstractSequence.<init> (0x000078e2dfb5bd08) [0x000078e2dfb5be00, 0x000078e2dfb5bf58] Compiler: c1, Barriers: 0, Oops: 1, ImmediateOops: 0, NonImmediateOops: No
[1,989s][debug][gc,nmethod     ] Register NMethod: io.brackit.query.jdm.AbstractItem.<init> (0x000078e2dfb5c008) [0x000078e2dfb5c100, 0x000078e2dfb5c2b8] Compiler: c1, Barriers: 0, Oops: 1, ImmediateOops: 0, NonImmediateOops: No
[1,989s][debug][gc,nmethod     ] Register NMethod: io.brackit.query.atomic.AbstractAtomic.<init> (0x000078e2dfb5c308) [0x000078e2dfb5c400, 0x000078e2dfb5c618] Compiler: c1, Barriers: 0, Oops: 1, ImmediateOops: 0, NonImmediateOops: No
[1,989s][debug][gc,nmethod     ] Register NMethod: io.brackit.query.atomic.QNm.<init> (0x000078e2dfb5c688) [0x000078e2dfb5c780, 0x000078e2dfb5cc28] Compiler: c1, Barriers: 9, Oops: 1, ImmediateOops: 3, NonImmediateOops: No
[1,989s][debug][gc,nmethod     ] Register NMethod: it.unimi.dsi.fastutil.longs.LongArrayList.isEmpty (0x000078e2dfb5cc88) [0x000078e2dfb5cd80, 0x000078e2dfb5ced0] Compiler: c1, Barriers: 0, Oops: 1, ImmediateOops: 0, NonImmediateOops: No
[1,989s][debug][gc,nmethod     ] Register NMethod: java.util.concurrent.atomic.AtomicLong.addAndGet (0x000078e2dfb5cf88) [0x000078e2dfb5d080, 0x000078e2dfb5d190] Compiler: c1, Barriers: 0, Oops: 0, ImmediateOops: 0, NonImmediateOops: No
[1,989s][debug][gc,nmethod     ] Register NMethod: io.sirix.node.xml.ElementNode.setDescendantCount (0x000078e2dfb5d288) [0x000078e2dfb5d380, 0x000078e2dfb60d10] Compiler: c1, Barriers: 7, Oops: 6, ImmediateOops: 11, NonImmediateOops: No
[1,989s][debug][gc,nmethod     ] Register NMethod: io.sirix.node.delegates.StructNodeDelegate.hasRightSibling (0x000078e2dfb60d88) [0x000078e2dfb60e80, 0x000078e2dfb611d8] Compiler: c1, Barriers: 0, Oops: 1, ImmediateOops: 1, NonImmediateOops: No
[1,989s][debug][gc,nmethod     ] Register NMethod: io.sirix.node.xml.AbstractStructForwardingNode.hasRightSibling (0x000078e2dfb61208) [0x000078e2dfb61300, 0x000078e2dfb618c8] Compiler: c1, Barriers: 0, Oops: 1, ImmediateOops: 1, NonImmediateOops: No
[1,989s][debug][gc,nmethod     ] Register NMethod: com.sun.org.apache.xerces.internal.impl.XMLEntityScanner.scanChar (0x000078e2dfb61908) [0x000078e2dfb61a00, 0x000078e2dfb62438] Compiler: c1, Barriers: 8, Oops: 0, ImmediateOops: 0, NonImmediateOops: No
[1,989s][debug][gc,nmethod     ] Register NMethod: io.sirix.page.KeyValueLeafPage.setRecord (0x000078e2dfb62488) [0x000078e2dfb62580, 0x000078e2dfb62bb8] Compiler: c1, Barriers: 4, Oops: 1, ImmediateOops: 0, NonImmediateOops: No
[1,990s][debug][gc,nmethod     ] Register NMethod: com.sun.org.apache.xerces.internal.impl.XMLDocumentScannerImpl.getNamespaceContext (0x000078e2fecd9f08) [0x000078e2fecda000, 0x000078e2fecda0f0] Compiler: c1, Barriers: 1, Oops: 0, ImmediateOops: 0, NonImmediateOops: No
[1,990s][debug][gc,nmethod     ] Register NMethod: com.sun.org.apache.xerces.internal.impl.XMLDocumentScannerImpl.next (0x000078e2dfb62c08) [0x000078e2dfb62d00, 0x000078e2dfb63048] Compiler: c1, Barriers: 1, Oops: 0, ImmediateOops: 0, NonImmediateOops: No
[1,990s][debug][gc,nmethod     ] Register NMethod: com.sun.org.apache.xerces.internal.impl.XMLNSDocumentScannerImpl.next (0x000078e2dfb63088) [0x000078e2dfb63180, 0x000078e2dfb63668] Compiler: c1, Barriers: 2, Oops: 0, ImmediateOops: 0, NonImmediateOops: No
[1,990s][debug][gc,nmethod     ] Register NMethod: jdk.internal.foreign.SegmentFactories.ensureInitialized (0x000078e2dfb63688) [0x000078e2dfb63780, 0x000078e2dfb63860] Compiler: c1, Barriers: 0, Oops: 0, ImmediateOops: 0, NonImmediateOops: No
[1,990s][debug][gc,nmethod     ] Register NMethod: com.sun.org.apache.xerces.internal.impl.XMLEntityScanner.normalizeNewlines (0x000078e2dfb63988) [0x000078e2dfb63a80, 0x000078e2dfb64da0] Compiler: c1, Barriers: 17, Oops: 0, ImmediateOops: 0, NonImmediateOops: No
[1,990s][debug][gc,nmethod     ] Register NMethod: io.sirix.node.xml.TextNode.getKind (0x000078e2dfb64e08) [0x000078e2dfb64f00, 0x000078e2dfb65008] Compiler: c1, Barriers: 0, Oops: 1, ImmediateOops: 1, NonImmediateOops: No
[1,990s][debug][gc,nmethod     ] Register NMethod: io.sirix.access.trx.page.NodePageReadOnlyTrx.assertNotClosed (0x000078e2fecda208) [0x000078e2fecda300, 0x000078e2fecda3c0] Compiler: jvmci, Barriers: 0, Oops: 1, ImmediateOops: 0, NonImmediateOops: No
[1,991s][debug][gc,nmethod     ] Register NMethod: jdk.internal.misc.Unsafe.allocateMemoryChecks (0x000078e2dfb65108) [0x000078e2dfb65200, 0x000078e2dfb654b8] Compiler: c1, Barriers: 0, Oops: 0, ImmediateOops: 0, NonImmediateOops: No
[1,991s][debug][gc,nmethod     ] Register NMethod: jdk.internal.misc.Unsafe.alignToHeapWordSize (0x000078e2dfb65508) [0x000078e2dfb65600, 0x000078e2dfb65870] Compiler: c1, Barriers: 0, Oops: 0, ImmediateOops: 0, NonImmediateOops: No
[1,991s][debug][gc,nmethod     ] Register NMethod: jdk.xml.internal.XMLLimitAnalyzer.addValue (0x000078e2dfb65888) [0x000078e2dfb65980, 0x000078e2dfb65e50] Compiler: c1, Barriers: 0, Oops: 0, ImmediateOops: 0, NonImmediateOops: No
[1,991s][debug][gc,nmethod     ] Register NMethod: com.sun.org.apache.xerces.internal.impl.XMLEntityScanner.getExpandedSystemId (0x000078e2dfb65e88) [0x000078e2dfb65f80, 0x000078e2dfb663b8] Compiler: c1, Barriers: 3, Oops: 0, ImmediateOops: 0, NonImmediateOops: No
[1,991s][debug][gc,nmethod     ] Register NMethod: jdk.xml.internal.XMLLimitAnalyzer.addValue (0x000078e2dfb66408) [0x000078e2dfb66520, 0x000078e2dfb69640] Compiler: c1, Barriers: 17, Oops: 0, ImmediateOops: 12, NonImmediateOops: No
[1,991s][debug][gc,nmethod     ] Register NMethod: com.sun.org.apache.xerces.internal.util.NamespaceSupport.declarePrefix (0x000078e2dfb69688) [0x000078e2dfb69780, 0x000078e2dfb6a5b8] Compiler: c1, Barriers: 17, Oops: 0, ImmediateOops: 2, NonImmediateOops: No
[1,991s][debug][gc,nmethod     ] Register NMethod: com.sun.org.apache.xerces.internal.impl.XMLEntityScanner.getColumnNumber (0x000078e2dfb6a608) [0x000078e2dfb6a700, 0x000078e2dfb6a8a0] Compiler: c1, Barriers: 1, Oops: 0, ImmediateOops: 0, NonImmediateOops: No
[1,991s][debug][gc,nmethod     ] Register NMethod: jdk.internal.misc.Unsafe.allocateMemory (0x000078e2dfb6a908) [0x000078e2dfb6aa00, 0x000078e2dfb6bcb0] Compiler: c1, Barriers: 0, Oops: 2, ImmediateOops: 3, NonImmediateOops: No
[1,991s][debug][gc,nmethod     ] Register NMethod: com.sun.org.apache.xerces.internal.impl.XMLEntityScanner.getPublicId (0x000078e2dfb6bd08) [0x000078e2dfb6be00, 0x000078e2dfb6c238] Compiler: c1, Barriers: 3, Oops: 0, ImmediateOops: 0, NonImmediateOops: No
[1,991s][debug][gc,nmethod     ] Register NMethod: com.sun.org.apache.xerces.internal.impl.XMLEntityScanner.getLineNumber (0x000078e2dfb6c288) [0x000078e2dfb6c380, 0x000078e2dfb6c520] Compiler: c1, Barriers: 1, Oops: 0, ImmediateOops: 0, NonImmediateOops: No
[1,991s][debug][gc,nmethod     ] Register NMethod: com.sun.org.apache.xerces.internal.util.NamespaceSupport$Prefixes.nextElement (0x000078e2dfb6c588) [0x000078e2dfb6c680, 0x000078e2dfb6c978] Compiler: c1, Barriers: 0, Oops: 0, ImmediateOops: 0, NonImmediateOops: No
[1,991s][debug][gc,nmethod     ] Register NMethod: com.sun.org.apache.xerces.internal.util.NamespaceSupport$Prefixes.nextElement (0x000078e2dfb6c988) [0x000078e2dfb6ca80, 0x000078e2dfb6cd68] Compiler: c1, Barriers: 3, Oops: 0, ImmediateOops: 1, NonImmediateOops: No
[1,991s][debug][gc,nmethod     ] Register NMethod: io.sirix.node.xml.AbstractStructForwardingNode.getRightSiblingKey (0x000078e2dfb6cd88) [0x000078e2dfb6ce80, 0x000078e2dfb6d1b0] Compiler: c1, Barriers: 0, Oops: 1, ImmediateOops: 0, NonImmediateOops: No
[1,991s][debug][gc,nmethod     ] Register NMethod: jdk.internal.misc.VM.isDirectMemoryPageAligned (0x000078e2dfb6d208) [0x000078e2dfb6d300, 0x000078e2dfb6d5e0] Compiler: c1, Barriers: 0, Oops: 0, ImmediateOops: 1, NonImmediateOops: No
[1,991s][debug][gc,nmethod     ] Register NMethod: io.sirix.index.path.summary.PathSummaryReader.hasRightSibling (0x000078e2dfb6d608) [0x000078e2dfb6d700, 0x000078e2dfb6de98] Compiler: c1, Barriers: 1, Oops: 1, ImmediateOops: 1, NonImmediateOops: No
[1,991s][debug][gc,nmethod     ] Register NMethod: io.sirix.node.delegates.NameNodeDelegate.getPrefixKey (0x000078e2fecda508) [0x000078e2fecda600, 0x000078e2fecda6c0] Compiler: c1, Barriers: 0, Oops: 1, ImmediateOops: 0, NonImmediateOops: No
[1,991s][debug][gc,nmethod     ] Register NMethod: io.sirix.index.path.summary.PathNode.getPathKind (0x000078e2fecda808) [0x000078e2fecda900, 0x000078e2fecda9e8] Compiler: c1, Barriers: 1, Oops: 1, ImmediateOops: 0, NonImmediateOops: No
[1,991s][debug][gc,nmethod     ] Register NMethod: it.unimi.dsi.fastutil.longs.LongArrayList.add (0x000078e2dfb6df08) [0x000078e2dfb6e000, 0x000078e2dfb6e2d8] Compiler: c1, Barriers: 1, Oops: 1, ImmediateOops: 0, NonImmediateOops: No
[1,992s][debug][gc,nmethod     ] Register NMethod: it.unimi.dsi.fastutil.longs.LongArrayList.grow (0x000078e2dfb6e308) [0x000078e2dfb6e400, 0x000078e2dfb6e960] Compiler: c1, Barriers: 5, Oops: 1, ImmediateOops: 1, NonImmediateOops: No
[1,992s][debug][gc,nmethod     ] Register NMethod: jdk.internal.misc.Unsafe.getLongUnaligned (0x000078e2fecdab08) [0x000078e2fecdac00, 0x000078e2fecdacc0] Compiler: jvmci, Barriers: 0, Oops: 0, ImmediateOops: 0, NonImmediateOops: No
[1,992s][debug][gc,nmethod     ] Register NMethod: com.sun.xml.internal.stream.events.XMLEventAllocatorImpl.allocate (0x000078e2dfb6e988) [0x000078e2dfb6ea80, 0x000078e2dfb6ecd0] Compiler: c1, Barriers: 0, Oops: 0, ImmediateOops: 1, NonImmediateOops: No
[1,992s][debug][gc,director    ] Rule Major: Warmup 10%, Used: 288MB, UsedThreshold: 1228MB
[1,992s][debug][gc,nmethod     ] Register NMethod: jdk.internal.foreign.Utils.checkNonNegativeIndex (0x000078e2dfb6ed08) [0x000078e2dfb6ee00, 0x000078e2dfb6ffc8] Compiler: c1, Barriers: 0, Oops: 2, ImmediateOops: 3, NonImmediateOops: No
[1,992s][debug][gc,nmethod     ] Register NMethod: com.sun.org.apache.xerces.internal.impl.XMLStreamReaderImpl.getLocation (0x000078e2dfb70008) [0x000078e2dfb70100, 0x000078e2dfb702a8] Compiler: c1, Barriers: 0, Oops: 0, ImmediateOops: 0, NonImmediateOops: No
[1,993s][debug][gc,nmethod     ] Register NMethod: com.sun.org.apache.xerces.internal.impl.XMLStreamReaderImpl$1.<init> (0x000078e2dfb70308) [0x000078e2dfb70400, 0x000078e2dfb71a70] Compiler: c1, Barriers: 18, Oops: 0, ImmediateOops: 0, NonImmediateOops: No
[1,993s][debug][gc,nmethod     ] Register NMethod: com.sun.org.apache.xerces.internal.impl.XMLEntityScanner.getCharacterOffset (0x000078e2dfb71a88) [0x000078e2dfb71b80, 0x000078e2dfb71d08] Compiler: c1, Barriers: 1, Oops: 0, ImmediateOops: 0, NonImmediateOops: No
[1,993s][debug][gc,nmethod     ] Register NMethod: com.sun.xml.internal.stream.XMLEventReaderImpl.nextEvent (0x000078e2dfb71d88) [0x000078e2dfb71e80, 0x000078e2dfb72720] Compiler: c1, Barriers: 16, Oops: 0, ImmediateOops: 1, NonImmediateOops: No
[1,993s][debug][gc,nmethod     ] Register NMethod: com.sun.xml.internal.stream.events.DummyEvent.setLocation (0x000078e2dfb72788) [0x000078e2dfb72880, 0x000078e2dfb72b18] Compiler: c1, Barriers: 7, Oops: 0, ImmediateOops: 1, NonImmediateOops: No
[1,993s][debug][gc,nmethod     ] Register NMethod: io.sirix.node.xml.TextNode.getParentKey (0x000078e2dfb72b88) [0x000078e2dfb72c80, 0x000078e2dfb77c68] Compiler: c1, Barriers: 19, Oops: 7, ImmediateOops: 11, NonImmediateOops: No
[1,993s][debug][gc,nmethod     ] Register NMethod: io.sirix.index.path.summary.PathSummaryReader.getRightSiblingKey (0x000078e2dfb77d08) [0x000078e2dfb77e00, 0x000078e2dfb78590] Compiler: c1, Barriers: 1, Oops: 1, ImmediateOops: 1, NonImmediateOops: No
[1,993s][debug][gc,nmethod     ] Register NMethod: io.sirix.node.MemorySegmentBytesIn.<init> (0x000078e2dfb78608) [0x000078e2dfb78700, 0x000078e2dfb788e0] Compiler: c1, Barriers: 3, Oops: 1, ImmediateOops: 0, NonImmediateOops: No
[1,993s][debug][gc,nmethod     ] Register NMethod: java.nio.Bits.tryReserveMemory (0x000078e2dfb78908) [0x000078e2dfb78a00, 0x000078e2dfb793f0] Compiler: c1, Barriers: 0, Oops: 0, ImmediateOops: 5, NonImmediateOops: No
[1,993s][debug][gc,nmethod     ] Register NMethod: com.sun.xml.internal.stream.events.CharacterEvent.getData (0x000078e2fecdae08) [0x000078e2fecdaf00, 0x000078e2fecdafe8] Compiler: c1, Barriers: 1, Oops: 0, ImmediateOops: 0, NonImmediateOops: No
[1,993s][debug][gc,nmethod     ] Register NMethod: jdk.internal.foreign.MemorySessionImpl.ownerThread (0x000078e2fecdb108) [0x000078e2fecdb200, 0x000078e2fecdb2e8] Compiler: c1, Barriers: 1, Oops: 0, ImmediateOops: 0, NonImmediateOops: No
[1,993s][debug][gc,nmethod     ] Register NMethod: com.sun.org.apache.xerces.internal.impl.XMLStreamReaderImpl.next (0x000078e2dfb79408) [0x000078e2dfb79500, 0x000078e2dfb7bd68] Compiler: c1, Barriers: 24, Oops: 0, ImmediateOops: 6, NonImmediateOops: No
[1,993s][debug][gc,nmethod     ] Register NMethod: it.unimi.dsi.fastutil.longs.LongArrayList.getLong (0x000078e2dfb7bd88) [0x000078e2dfb7be80, 0x000078e2dfb7d310] Compiler: c1, Barriers: 1, Oops: 4, ImmediateOops: 4, NonImmediateOops: No
[1,993s][debug][gc,nmethod     ] Register NMethod: jdk.internal.foreign.MemorySessionImpl.<init> (0x000078e2dfb7d388) [0x000078e2dfb7d480, 0x000078e2dfb7d6c8] Compiler: c1, Barriers: 6, Oops: 0, ImmediateOops: 0, NonImmediateOops: No
[1,994s][debug][gc,nmethod     ] Register NMethod: it.unimi.dsi.fastutil.ints.Int2IntOpenHashMap.get (0x000078e2dfb7d708) [0x000078e2dfb7d800, 0x000078e2dfb7dd60] Compiler: c1, Barriers: 4, Oops: 1, ImmediateOops: 0, NonImmediateOops: No
[1,994s][debug][gc,nmethod     ] Register NMethod: io.sirix.utils.NamePageHash.generateHashForString (0x000078e2dfb7dd88) [0x000078e2dfb7de80, 0x000078e2dfb7e158] Compiler: c1, Barriers: 0, Oops: 1, ImmediateOops: 0, NonImmediateOops: No
[1,994s][debug][gc,nmethod     ] Register NMethod: com.sun.xml.internal.stream.events.XMLEventAllocatorImpl.getXMLEvent (0x000078e2dfb7e188) [0x000078e2dfb7e280, 0x000078e2dfb85cf0] Compiler: c1, Barriers: 89, Oops: 0, ImmediateOops: 12, NonImmediateOops: No
[1,994s][debug][gc,nmethod     ] Register NMethod: java.nio.Bits.reserveMemory (0x000078e2dfb85d08) [0x000078e2dfb85e00, 0x000078e2dfb88d40] Compiler: c1, Barriers: 4, Oops: 4, ImmediateOops: 13, NonImmediateOops: No
[1,994s][debug][gc,nmethod     ] Register NMethod: jdk.internal.foreign.Utils.checkNonNegativeArgument (0x000078e2dfb88d88) [0x000078e2dfb88e80, 0x000078e2dfb8a048] Compiler: c1, Barriers: 0, Oops: 2, ImmediateOops: 3, NonImmediateOops: No
[1,994s][debug][gc,nmethod     ] Register NMethod: jdk.internal.foreign.MemorySessionImpl$ResourceList$ResourceCleanup.<init> (0x000078e2dfb8a088) [0x000078e2dfb8a180, 0x000078e2dfb8a2d8] Compiler: c1, Barriers: 0, Oops: 0, ImmediateOops: 0, NonImmediateOops: No
[1,994s][debug][gc,nmethod     ] Register NMethod: jdk.internal.foreign.MemorySessionImpl.addOrCleanupIfFail (0x000078e2dfb8a388) [0x000078e2dfb8a480, 0x000078e2dfb8a9d0] Compiler: c1, Barriers: 0, Oops: 0, ImmediateOops: 0, NonImmediateOops: No
[1,994s][debug][gc,nmethod     ] Register NMethod: jdk.internal.foreign.Utils.checkAllocationSizeAndAlign (0x000078e2dfb8aa08) [0x000078e2dfb8ab00, 0x000078e2dfb8bd90] Compiler: c1, Barriers: 0, Oops: 3, ImmediateOops: 4, NonImmediateOops: No
[1,994s][debug][gc,nmethod     ] Register NMethod: com.sun.xml.internal.stream.util.ReadOnlyIterator.hasNext (0x000078e2dfb8be08) [0x000078e2dfb8bf00, 0x000078e2dfb8c298] Compiler: c1, Barriers: 1, Oops: 0, ImmediateOops: 0, NonImmediateOops: No
[1,995s][debug][gc,nmethod     ] Register NMethod: io.sirix.access.trx.page.NodePageTrx.getActualRevisionRootPage (0x000078e2dfb8c308) [0x000078e2dfb8c400, 0x000078e2dfb8c8a8] Compiler: c1, Barriers: 2, Oops: 1, ImmediateOops: 1, NonImmediateOops: No
[1,995s][debug][gc,nmethod     ] Register NMethod: jdk.internal.foreign.MemorySessionImpl.asArena (0x000078e2dfb8c908) [0x000078e2dfb8ca00, 0x000078e2dfb8ce90] Compiler: c1, Barriers: 3, Oops: 0, ImmediateOops: 0, NonImmediateOops: No
[1,995s][debug][gc,nmethod     ] Register NMethod: io.sirix.node.MemorySegmentBytesOut.getDestination (0x000078e2dfb8cf08) [0x000078e2dfb8d000, 0x000078e2dfb8d188] Compiler: c1, Barriers: 1, Oops: 1, ImmediateOops: 0, NonImmediateOops: No
[1,995s][debug][gc,nmethod     ] Register NMethod: java.lang.invoke.VarHandleSegmentAsLongs.get (0x000078e2fecdb408) [0x000078e2fecdb500, 0x000078e2fecdbae8] Compiler: jvmci, Barriers: 4, Oops: 0, ImmediateOops: 0, NonImmediateOops: No
[1,995s][debug][gc,nmethod     ] Register NMethod: javax.xml.namespace.QName.<init> (0x000078e2dfb8d208) [0x000078e2dfb8d300, 0x000078e2dfb8d850] Compiler: c1, Barriers: 12, Oops: 0, ImmediateOops: 3, NonImmediateOops: No
[1,995s][debug][gc,nmethod     ] Register NMethod: jdk.internal.foreign.ArenaImpl.allocate (0x000078e2dfb8d888) [0x000078e2dfb8d980, 0x000078e2dfb8dc78] Compiler: c1, Barriers: 0, Oops: 0, ImmediateOops: 0, NonImmediateOops: No
[1,995s][debug][gc,nmethod     ] Register NMethod: com.sun.org.apache.xerces.internal.impl.XMLDocumentFragmentScannerImpl$FragmentContentDriver.next (0x000078e2dfb8dc88) [0x000078e2dfb8dd80, 0x000078e2dfb9bc00] Compiler: c1, Barriers: 140, Oops: 1, ImmediateOops: 14, NonImmediateOops: No
[1,995s][debug][gc,nmethod     ] Register NMethod: com.sun.org.apache.xerces.internal.xni.XMLString.toString (0x000078e2dfb9bc88) [0x000078e2dfb9bd80, 0x000078e2dfb9bfc8] Compiler: c1, Barriers: 1, Oops: 0, ImmediateOops: 1, NonImmediateOops: No
[1,996s][debug][gc,nmethod     ] Register NMethod: io.sirix.node.xml.ElementNode.getLeftSiblingKey (0x000078e2dfb9c008) [0x000078e2dfb9c100, 0x000078e2dfba10f0] Compiler: c1, Barriers: 19, Oops: 7, ImmediateOops: 11, NonImmediateOops: No
[1,996s][debug][gc,nmethod     ] Register NMethod: jdk.internal.foreign.AbstractMemorySegmentImpl.copy (0x000078e2dfba1188) [0x000078e2dfba1280, 0x000078e2dfba8e68] Compiler: c1, Barriers: 10, Oops: 3, ImmediateOops: 15, NonImmediateOops: No
[1,996s][debug][gc,nmethod     ] Register NMethod: java.lang.foreign.MemorySegment.copy (0x000078e2dfba8e88) [0x000078e2dfba8f80, 0x000078e2dfbb0f70] Compiler: c1, Barriers: 10, Oops: 3, ImmediateOops: 15, NonImmediateOops: No
[1,996s][debug][gc,nmethod     ] Register NMethod: io.sirix.access.trx.node.AbstractNodeReadOnlyTrx.assertNotClosed (0x000078e2fecdbb08) [0x000078e2fecdbc00, 0x000078e2fecdbcc0] Compiler: jvmci, Barriers: 0, Oops: 1, ImmediateOops: 0, NonImmediateOops: No
[1,996s][debug][gc,nmethod     ] Register NMethod: jdk.internal.foreign.SegmentFactories.initNativeMemory (0x000078e2fecdbe08) [0x000078e2fecdbf00, 0x000078e2fecdc1a8] Compiler: jvmci, Barriers: 0, Oops: 0, ImmediateOops: 0, NonImmediateOops: No
[1,996s][debug][gc,nmethod     ] Register NMethod: jdk.internal.foreign.SegmentFactories.allocateMemoryWrapper (0x000078e2dfbb1008) [0x000078e2dfbb1100, 0x000078e2dfbb14b8] Compiler: c1, Barriers: 0, Oops: 0, ImmediateOops: 1, NonImmediateOops: No
[1,996s][debug][gc,nmethod     ] Register NMethod: io.sirix.node.GrowingMemorySegment.<init> (0x000078e2dfbb1508) [0x000078e2dfbb1600, 0x000078e2dfbb1a78] Compiler: c1, Barriers: 6, Oops: 1, ImmediateOops: 0, NonImmediateOops: No
[1,996s][debug][gc,nmethod     ] Register NMethod: jdk.internal.foreign.Utils.checkAlign (0x000078e2dfbb1a88) [0x000078e2dfbb1b80, 0x000078e2dfbb28d8] Compiler: c1, Barriers: 0, Oops: 1, ImmediateOops: 2, NonImmediateOops: No
[1,996s][debug][gc,nmethod     ] Register NMethod: jdk.internal.foreign.SegmentFactories$1.<init> (0x000078e2dfbb2908) [0x000078e2dfbb2a00, 0x000078e2dfbb2bd0] Compiler: c1, Barriers: 0, Oops: 0, ImmediateOops: 0, NonImmediateOops: No
[1,996s][debug][gc,nmethod     ] Register NMethod: jdk.internal.foreign.MemorySessionImpl.addInternal (0x000078e2dfbb2c08) [0x000078e2dfbb2d00, 0x000078e2dfbb3c70] Compiler: c1, Barriers: 4, Oops: 0, ImmediateOops: 2, NonImmediateOops: No
[1,996s][debug][gc,nmethod     ] Register NMethod: jdk.internal.foreign.Utils.alignUp (0x000078e2dfbb3c88) [0x000078e2dfbb3d80, 0x000078e2dfbb3e78] Compiler: c1, Barriers: 0, Oops: 0, ImmediateOops: 0, NonImmediateOops: No
[1,996s][debug][gc,nmethod     ] Register NMethod: jdk.internal.foreign.ArenaImpl.allocate (0x000078e2dfbb3f88) [0x000078e2dfbb4080, 0x000078e2dfbb4200] Compiler: c1, Barriers: 1, Oops: 0, ImmediateOops: 0, NonImmediateOops: No
[1,996s][debug][gc,nmethod     ] Register NMethod: io.sirix.node.xml.AttributeNode.getKind (0x000078e2fecdc208) [0x000078e2fecdc300, 0x000078e2fecdc390] Compiler: jvmci, Barriers: 0, Oops: 1, ImmediateOops: 1, NonImmediateOops: No
[1,996s][debug][gc,nmethod     ] Register NMethod: jdk.internal.foreign.MemorySessionImpl$ResourceList.<init> (0x000078e2dfbb4288) [0x000078e2dfbb4380, 0x000078e2dfbb44d8] Compiler: c1, Barriers: 0, Oops: 0, ImmediateOops: 0, NonImmediateOops: No
[1,996s][debug][gc,nmethod     ] Register NMethod: io.sirix.node.AbstractForwardingNode.getParentKey (0x000078e2dfbb4588) [0x000078e2dfbb4680, 0x000078e2dfbb49b0] Compiler: c1, Barriers: 0, Oops: 1, ImmediateOops: 0, NonImmediateOops: No
[1,996s][debug][gc,nmethod     ] Register NMethod: jdk.internal.foreign.SharedSession.<init> (0x000078e2dfbb4a08) [0x000078e2dfbb4b00, 0x000078e2dfbb4f18] Compiler: c1, Barriers: 6, Oops: 0, ImmediateOops: 0, NonImmediateOops: No
[1,996s][debug][gc,nmethod     ] Register NMethod: jdk.internal.foreign.ArenaImpl.<init> (0x000078e2dfbb4f88) [0x000078e2dfbb5080, 0x000078e2dfbb5460] Compiler: c1, Barriers: 3, Oops: 0, ImmediateOops: 0, NonImmediateOops: No
[1,996s][debug][gc,nmethod     ] Register NMethod: java.lang.invoke.VarHandleGuards.guard_LJ_J (0x000078e2fecdc508) [0x000078e2fecdc600, 0x000078e2fecdcd40] Compiler: jvmci, Barriers: 23, Oops: 0, ImmediateOops: 5, NonImmediateOops: No
[1,997s][debug][gc,nmethod     ] Register NMethod: jdk.internal.foreign.SegmentFactories.allocateNativeSegment (0x000078e2dfbb5488) [0x000078e2dfbb5580, 0x000078e2dfbb5b40] Compiler: c1, Barriers: 3, Oops: 0, ImmediateOops: 1, NonImmediateOops: No
[1,997s][debug][gc,nmethod     ] Register NMethod: jdk.internal.foreign.ImplicitSession.<init> (0x000078e2dfbb5b88) [0x000078e2dfbb5c80, 0x000078e2dfbb6310] Compiler: c1, Barriers: 6, Oops: 0, ImmediateOops: 0, NonImmediateOops: No
[1,997s][debug][gc,nmethod     ] Register NMethod: java.nio.Buffer$2.reserveMemory (0x000078e2dfbb6388) [0x000078e2dfbb6480, 0x000078e2dfbb65b8] Compiler: c1, Barriers: 0, Oops: 0, ImmediateOops: 0, NonImmediateOops: No
[1,997s][debug][gc,nmethod     ] Register NMethod: com.sun.org.apache.xerces.internal.util.SymbolTable.hash (0x000078e2dfbb6688) [0x000078e2dfbb6780, 0x000078e2dfbb6a20] Compiler: c1, Barriers: 1, Oops: 0, ImmediateOops: 0, NonImmediateOops: No
[1,997s][debug][gc,nmethod     ] Register NMethod: io.sirix.access.trx.node.AbstractNodeHashing.rollingAdd (0x000078e2dfbb6a88) [0x000078e2dfbb6b80, 0x000078e2dfbbbee0] Compiler: c1, Barriers: 15, Oops: 1, ImmediateOops: 2, NonImmediateOops: No
[1,997s][debug][gc,nmethod     ] Register NMethod: io.sirix.node.GrowingMemorySegment.<init> (0x000078e2dfbbbf08) [0x000078e2dfbbc000, 0x000078e2dfbbcbd0] Compiler: c1, Barriers: 6, Oops: 2, ImmediateOops: 1, NonImmediateOops: No
[1,997s][debug][gc,nmethod     ] Register NMethod: java.lang.foreign.Arena.ofAuto (0x000078e2dfbbcc08) [0x000078e2dfbbcd00, 0x000078e2dfbbd808] Compiler: c1, Barriers: 6, Oops: 1, ImmediateOops: 1, NonImmediateOops: No
[1,997s][debug][gc,nmethod     ] Register NMethod: jdk.internal.foreign.SharedSession$SharedResourceList.add (0x000078e2dfbbd888) [0x000078e2dfbbd980, 0x000078e2dfbc0468] Compiler: c1, Barriers: 9, Oops: 7, ImmediateOops: 21, NonImmediateOops: No
[1,997s][debug][gc,nmethod     ] Register NMethod: jdk.internal.foreign.SegmentFactories.allocateNativeInternal (0x000078e2dfbc0508) [0x000078e2dfbc0600, 0x000078e2dfbc3a58] Compiler: c1, Barriers: 3, Oops: 3, ImmediateOops: 11, NonImmediateOops: No
[1,997s][debug][gc,nmethod     ] Register NMethod: jdk.internal.foreign.SharedSession$SharedResourceList.<init> (0x000078e2dfbc3a88) [0x000078e2dfbc3b80, 0x000078e2dfbc3d38] Compiler: c1, Barriers: 0, Oops: 0, ImmediateOops: 0, NonImmediateOops: No
[1,997s][debug][gc,nmethod     ] Register NMethod: jdk.internal.foreign.MemorySessionImpl.createImplicit (0x000078e2dfbc3d88) [0x000078e2dfbc3e80, 0x000078e2dfbc4538] Compiler: c1, Barriers: 3, Oops: 0, ImmediateOops: 0, NonImmediateOops: No
[1,997s][debug][gc,nmethod     ] Register NMethod: io.sirix.node.BytesOut.asBytesIn (0x000078e2dfbc4588) [0x000078e2dfbc4680, 0x000078e2dfbc5328] Compiler: c1, Barriers: 4, Oops: 1, ImmediateOops: 0, NonImmediateOops: No
[1,997s][debug][gc,nmethod     ] Register NMethod: io.sirix.index.path.summary.PathSummaryReader.putMapping (0x000078e2dfbc5388) [0x000078e2dfbc5480, 0x000078e2dfbc5eb8] Compiler: c1, Barriers: 9, Oops: 1, ImmediateOops: 0, NonImmediateOops: No
[1,997s][debug][gc,nmethod     ] Register NMethod: java.lang.invoke.VarHandleReferences$FieldInstanceReadOnly.getVolatile (0x000078e2dfbc5f08) [0x000078e2dfbc6000, 0x000078e2dfbc6a28] Compiler: c1, Barriers: 2, Oops: 1, ImmediateOops: 0, NonImmediateOops: No
[1,997s][debug][gc,nmethod     ] Register NMethod: io.sirix.utils.XMLToken.isNCChar (0x000078e2dfbc6a88) [0x000078e2dfbc6b80, 0x000078e2dfbc6f68] Compiler: c1, Barriers: 0, Oops: 1, ImmediateOops: 0, NonImmediateOops: No
[1,998s][debug][gc,nmethod     ] Register NMethod: io.sirix.access.trx.node.AbstractNodeTrxImpl.assertRunning (0x000078e2dfbc6f88) [0x000078e2dfbc7080, 0x000078e2dfbc7600] Compiler: c1, Barriers: 3, Oops: 1, ImmediateOops: 2, NonImmediateOops: No
[1,998s][debug][gc,nmethod     ] Register NMethod: io.sirix.node.GrowingMemorySegment.<init> (0x000078e2dfbc7688) [0x000078e2dfbc7780, 0x000078e2dfbc83b0] Compiler: c1, Barriers: 6, Oops: 2, ImmediateOops: 1, NonImmediateOops: No
[1,998s][debug][gc,nmethod     ] Register NMethod: io.sirix.access.trx.node.xml.ForwardingXmlNodeReadOnlyTrx.storeDeweyIDs (0x000078e2dfbc8408) [0x000078e2dfbc8500, 0x000078e2dfbc8b00] Compiler: c1, Barriers: 1, Oops: 1, ImmediateOops: 0, NonImmediateOops: No
[1,998s][debug][gc,nmethod     ] Register NMethod: io.sirix.node.Bytes.elasticOffHeapByteBuffer (0x000078e2dfbc8b88) [0x000078e2dfbc8c80, 0x000078e2dfbc95c8] Compiler: c1, Barriers: 6, Oops: 2, ImmediateOops: 1, NonImmediateOops: No
[1,998s][debug][gc,nmethod     ] Register NMethod: io.sirix.node.MemorySegmentBytesOut.<init> (0x000078e2dfbc9608) [0x000078e2dfbc9700, 0x000078e2dfbca4d0] Compiler: c1, Barriers: 9, Oops: 2, ImmediateOops: 1, NonImmediateOops: No
[1,998s][debug][gc,nmethod     ] Register NMethod: io.sirix.access.trx.node.AbstractNodeTrxImpl.intermediateCommitIfRequired (0x000078e2dfbca508) [0x000078e2dfbca600, 0x000078e2dfbcb378] Compiler: c1, Barriers: 1, Oops: 3, ImmediateOops: 4, NonImmediateOops: No
[1,998s][debug][gc,nmethod     ] Register NMethod: io.sirix.access.trx.node.AbstractNodeReadOnlyTrx.storeDeweyIDs (0x000078e2dfbcb408) [0x000078e2dfbcb500, 0x000078e2dfbcba30] Compiler: c1, Barriers: 2, Oops: 1, ImmediateOops: 1, NonImmediateOops: No
[1,998s][debug][gc,nmethod     ] Register NMethod: io.sirix.node.MemorySegmentBytesIn.getUnderlying (0x000078e2dfbcba88) [0x000078e2dfbcbb80, 0x000078e2dfbcc168] Compiler: c1, Barriers: 1, Oops: 1, ImmediateOops: 0, NonImmediateOops: No
[1,998s][debug][gc,nmethod     ] Register NMethod: io.sirix.node.MemorySegmentBytesIn.getUnderlying (0x000078e2dfbcc188) [0x000078e2dfbcc280, 0x000078e2dfbcc800] Compiler: c1, Barriers: 1, Oops: 1, ImmediateOops: 0, NonImmediateOops: No
[1,998s][debug][gc,nmethod     ] Register NMethod: jdk.internal.foreign.AbstractMemorySegmentImpl.asSlice (0x000078e2dfbcc888) [0x000078e2dfbcc980, 0x000078e2dfbccc78] Compiler: c1, Barriers: 0, Oops: 0, ImmediateOops: 0, NonImmediateOops: No
[1,998s][debug][gc,nmethod     ] Register NMethod: net.openhft.hashing.UnsafeAccess.byteOrder (0x000078e2dfbccc88) [0x000078e2dfbccd80, 0x000078e2dfbccee0] Compiler: c1, Barriers: 0, Oops: 1, ImmediateOops: 1, NonImmediateOops: No
[1,998s][debug][gc,nmethod     ] Register NMethod: net.openhft.hashing.Access.byteOrder (0x000078e2dfbccf88) [0x000078e2dfbcd080, 0x000078e2dfbcd5d8] Compiler: c1, Barriers: 0, Oops: 1, ImmediateOops: 0, NonImmediateOops: No
[1,998s][debug][gc,nmethod     ] Register NMethod: net.openhft.hashing.LongHashFunction.unsafeHash (0x000078e2dfbcd608) [0x000078e2dfbcd700, 0x000078e2dfbcda10] Compiler: c1, Barriers: 0, Oops: 1, ImmediateOops: 1, NonImmediateOops: No
[1,998s][debug][gc,nmethod     ] Register NMethod: jdk.internal.foreign.AbstractMemorySegmentImpl.asSlice (0x000078e2dfbcda88) [0x000078e2dfbcdb80, 0x000078e2dfbcdfc0] Compiler: c1, Barriers: 0, Oops: 0, ImmediateOops: 0, NonImmediateOops: No
[1,998s][debug][gc,nmethod     ] Register NMethod: io.sirix.access.trx.node.AbstractNodeTrxImpl.checkAccessAndCommit (0x000078e2dfbce008) [0x000078e2dfbce100, 0x000078e2dfbcec88] Compiler: c1, Barriers: 4, Oops: 1, ImmediateOops: 3, NonImmediateOops: No
[1,998s][debug][gc,nmethod     ] Register NMethod: net.openhft.hashing.XXH3.access$100 (0x000078e2dfbced08) [0x000078e2dfbcee00, 0x000078e2dfbceee8] Compiler: c1, Barriers: 0, Oops: 1, ImmediateOops: 1, NonImmediateOops: No
[1,998s][debug][gc,nmethod     ] Register NMethod: io.sirix.access.trx.node.AbstractNodeHashing.adaptHashesWithAdd (0x000078e2dfbcf008) [0x000078e2dfbcf100, 0x000078e2dfbcf5d8] Compiler: c1, Barriers: 1, Oops: 1, ImmediateOops: 1, NonImmediateOops: No
[1,998s][debug][gc,nmethod     ] Register NMethod: java.lang.Math.multiplyHigh (0x000078e2fecdcd88) [0x000078e2fecdce80, 0x000078e2fecdcf30] Compiler: jvmci, Barriers: 0, Oops: 0, ImmediateOops: 0, NonImmediateOops: No
[1,998s][debug][gc,nmethod     ] Register NMethod: net.openhft.hashing.XXH3$AsLongHashFunction.hash (0x000078e2dfbcf608) [0x000078e2dfbcf700, 0x000078e2dfbcff50] Compiler: c1, Barriers: 0, Oops: 3, ImmediateOops: 2, NonImmediateOops: No
[1,998s][debug][gc,nmethod     ] Register NMethod: io.sirix.page.RevisionRootPage.incrementAndGetMaxNodeKeyInDocumentIndex (0x000078e2dfbcff88) [0x000078e2dfbd0080, 0x000078e2dfbd0190] Compiler: c1, Barriers: 0, Oops: 1, ImmediateOops: 0, NonImmediateOops: No
[1,999s][debug][gc,nmethod     ] Register NMethod: net.openhft.hashing.XXH3.XXH3_avalanche (0x000078e2dfbd0288) [0x000078e2dfbd0380, 0x000078e2dfbd0490] Compiler: c1, Barriers: 0, Oops: 1, ImmediateOops: 0, NonImmediateOops: No
[1,999s][debug][gc,nmethod     ] Register NMethod: net.openhft.hashing.XXH3.access$500 (0x000078e2dfbd0588) [0x000078e2dfbd0680, 0x000078e2dfbd0790] Compiler: c1, Barriers: 0, Oops: 1, ImmediateOops: 0, NonImmediateOops: No
[1,999s][debug][gc,nmethod     ] Register NMethod: io.sirix.access.trx.node.AbstractIndexController.notifyChange (0x000078e2dfbd0888) [0x000078e2dfbd0980, 0x000078e2dfbd1838] Compiler: c1, Barriers: 2, Oops: 1, ImmediateOops: 0, NonImmediateOops: No
[2,000s][debug][gc,nmethod     ] Register NMethod: com.sun.org.apache.xerces.internal.impl.XMLEntityScanner.scanQName (0x000078e2dfbd1888) [0x000078e2dfbd1980, 0x000078e2dfbd3dc8] Compiler: c1, Barriers: 55, Oops: 2, ImmediateOops: 10, NonImmediateOops: No
[2,000s][debug][gc,nmethod     ] Register NMethod: com.sun.org.apache.xerces.internal.xni.XMLString.setValues (0x000078e2dfbd3e08) [0x000078e2dfbd3f00, 0x000078e2dfbd4080] Compiler: c1, Barriers: 3, Oops: 0, ImmediateOops: 0, NonImmediateOops: No
[2,000s][debug][gc,nmethod     ] Register NMethod: io.sirix.access.trx.page.NodePageTrx.createRecord (0x000078e2dfbd4108) [0x000078e2dfbd4200, 0x000078e2dfbda648] Compiler: c1, Barriers: 30, Oops: 1, ImmediateOops: 6, NonImmediateOops: No
[2,000s][debug][gc,nmethod     ] Register NMethod: io.sirix.node.xml.ElementNode.getPathNodeKey (0x000078e2dfbda688) [0x000078e2dfbda780, 0x000078e2dfbdf770] Compiler: c1, Barriers: 19, Oops: 7, ImmediateOops: 11, NonImmediateOops: No
[2,000s][debug][gc,nmethod     ] Register NMethod: java.nio.charset.Charset.defaultCharset (0x000078e2dfbdf808) [0x000078e2dfbdf900, 0x000078e2dfbdf9f8] Compiler: c1, Barriers: 0, Oops: 0, ImmediateOops: 1, NonImmediateOops: No
[2,000s][debug][gc,nmethod     ] Register NMethod: io.sirix.node.xml.AbstractStructForwardingNode.getFirstChildKey (0x000078e2dfbdfb08) [0x000078e2dfbdfc00, 0x000078e2dfbdff30] Compiler: c1, Barriers: 0, Oops: 1, ImmediateOops: 0, NonImmediateOops: No
[2,000s][debug][gc,nmethod     ] Register NMethod: io.sirix.access.trx.node.xml.ForwardingXmlNodeReadOnlyTrx.moveTo (0x000078e2dfbdff88) [0x000078e2dfbe0080, 0x000078e2dfbe0680] Compiler: c1, Barriers: 1, Oops: 1, ImmediateOops: 0, NonImmediateOops: No
[2,000s][debug][gc,nmethod     ] Register NMethod: io.sirix.utils.XMLToken.ncName (0x000078e2dfbe0708) [0x000078e2dfbe0800, 0x000078e2dfbe0c58] Compiler: c1, Barriers: 0, Oops: 1, ImmediateOops: 1, NonImmediateOops: No
[2,000s][debug][gc,nmethod     ] Register NMethod: io.sirix.node.MemorySegmentBytesOut.write (0x000078e2dfbe0c88) [0x000078e2dfbe0d80, 0x000078e2dfbe0f98] Compiler: c1, Barriers: 1, Oops: 1, ImmediateOops: 0, NonImmediateOops: No
[2,000s][debug][gc,nmethod     ] Register NMethod: io.sirix.node.xml.ElementNode.getAttributeCount (0x000078e2dfbe1008) [0x000078e2dfbe1100, 0x000078e2dfbe1290] Compiler: c1, Barriers: 1, Oops: 1, ImmediateOops: 0, NonImmediateOops: No
[2,000s][debug][gc,nmethod     ] Register NMethod: io.sirix.index.path.summary.PathSummaryReader.getFirstChildKey (0x000078e2dfbe1308) [0x000078e2dfbe1400, 0x000078e2dfbe1b90] Compiler: c1, Barriers: 1, Oops: 1, ImmediateOops: 1, NonImmediateOops: No
[2,001s][debug][gc,nmethod     ] Register NMethod: io.sirix.node.xml.AbstractStructForwardingNode.hasFirstChild (0x000078e2dfbe1c08) [0x000078e2dfbe1d00, 0x000078e2dfbe22c8] Compiler: c1, Barriers: 0, Oops: 1, ImmediateOops: 1, NonImmediateOops: No
[2,001s][debug][gc,nmethod     ] Register NMethod: io.sirix.node.delegates.StructNodeDelegate.hasFirstChild (0x000078e2dfbe2308) [0x000078e2dfbe2400, 0x000078e2dfbe2758] Compiler: c1, Barriers: 0, Oops: 1, ImmediateOops: 1, NonImmediateOops: No
[2,001s][debug][gc,nmethod     ] Register NMethod: java.lang.String.getBytes (0x000078e2dfbe2788) [0x000078e2dfbe2880, 0x000078e2dfbe2c68] Compiler: c1, Barriers: 1, Oops: 0, ImmediateOops: 0, NonImmediateOops: No
[2,001s][debug][gc,nmethod     ] Register NMethod: io.sirix.index.path.summary.PathSummaryReader.keyForName (0x000078e2dfbe2c88) [0x000078e2dfbe2d80, 0x000078e2dfbe3248] Compiler: c1, Barriers: 0, Oops: 1, ImmediateOops: 1, NonImmediateOops: No
[2,001s][debug][gc,nmethod     ] Register NMethod: io.sirix.node.MemorySegmentBytesOut.write (0x000078e2dfbe3288) [0x000078e2dfbe3380, 0x000078e2dfbe3508] Compiler: c1, Barriers: 1, Oops: 1, ImmediateOops: 0, NonImmediateOops: No
[2,002s][debug][gc,nmethod     ] Register NMethod: io.sirix.node.xml.AttributeNode.getLocalNameKey (0x000078e2dfbe3588) [0x000078e2dfbe3680, 0x000078e2dfbe8670] Compiler: c1, Barriers: 19, Oops: 7, ImmediateOops: 11, NonImmediateOops: No
[2,002s][debug][gc,nmethod     ] Register NMethod: io.sirix.node.xml.AttributeNode.getURIKey (0x000078e2dfbe8708) [0x000078e2dfbe8800, 0x000078e2dfbed7f0] Compiler: c1, Barriers: 19, Oops: 7, ImmediateOops: 11, NonImmediateOops: No
[2,002s][debug][gc,nmethod     ] Register NMethod: jdk.internal.misc.Unsafe.putLongUnaligned (0x000078e2fecdd088) [0x000078e2fecdd180, 0x000078e2fecdd240] Compiler: jvmci, Barriers: 0, Oops: 0, ImmediateOops: 0, NonImmediateOops: No
[2,002s][debug][gc,director    ] Rule Major: Warmup 10%, Used: 288MB, UsedThreshold: 1228MB
[2,002s][debug][gc,nmethod     ] Register NMethod: io.sirix.node.xml.AttributeNode.getPrefixKey (0x000078e2dfbed888) [0x000078e2dfbed980, 0x000078e2dfbf2970] Compiler: c1, Barriers: 19, Oops: 7, ImmediateOops: 11, NonImmediateOops: No
[2,002s][debug][gc,nmethod     ] Register NMethod: io.sirix.axis.filter.FilterAxis.nextKey (0x000078e2dfbf2a08) [0x000078e2dfbf2b00, 0x000078e2dfbf4110] Compiler: c1, Barriers: 3, Oops: 1, ImmediateOops: 1, NonImmediateOops: No
[2,002s][debug][gc,nmethod     ] Register NMethod: io.sirix.node.GrowingMemorySegment.write (0x000078e2dfbf4188) [0x000078e2dfbf4280, 0x000078e2dfbf9e18] Compiler: c1, Barriers: 7, Oops: 6, ImmediateOops: 13, NonImmediateOops: No
[2,002s][debug][gc,nmethod     ] Register NMethod: com.sun.org.apache.xerces.internal.xni.QName.setValues (0x000078e2dfbf9e88) [0x000078e2dfbf9f80, 0x000078e2dfbfa258] Compiler: c1, Barriers: 12, Oops: 0, ImmediateOops: 0, NonImmediateOops: No
[2,002s][debug][gc,nmethod     ] Register NMethod: it.unimi.dsi.fastutil.longs.AbstractLongList.topLong (0x000078e2dfbfa288) [0x000078e2dfbfa380, 0x000078e2dfbfa6a8] Compiler: c1, Barriers: 0, Oops: 1, ImmediateOops: 0, NonImmediateOops: No
[2,003s][debug][gc,nmethod     ] Register NMethod: io.sirix.axis.filter.FilterAxis.<init> (0x000078e2dfbfa708) [0x000078e2dfbfa800, 0x000078e2dfbfd398] Compiler: c1, Barriers: 24, Oops: 1, ImmediateOops: 3, NonImmediateOops: No
[2,003s][debug][gc,nmethod     ] Register NMethod: it.unimi.dsi.fastutil.longs.AbstractLongList.push (0x000078e2dfbfd408) [0x000078e2dfbfd500, 0x000078e2dfbfd648] Compiler: c1, Barriers: 0, Oops: 1, ImmediateOops: 0, NonImmediateOops: No
[2,003s][debug][gc,nmethod     ] Register NMethod: com.sun.org.apache.xerces.internal.impl.XMLDocumentFragmentScannerImpl.seekCloseOfStartTag (0x000078e2dfbfd708) [0x000078e2dfbfd800, 0x000078e2dfbfedd0] Compiler: c1, Barriers: 15, Oops: 1, ImmediateOops: 4, NonImmediateOops: No
[2,003s][debug][gc,nmethod     ] Register NMethod: io.sirix.node.immutable.xml.ImmutableElement.getKind (0x000078e2dfbfee08) [0x000078e2dfbfef00, 0x000078e2dfbff258] Compiler: c1, Barriers: 1, Oops: 1, ImmediateOops: 1, NonImmediateOops: No
[2,003s][debug][gc,nmethod     ] Register NMethod: io.sirix.node.xml.ElementNode.getChildCount (0x000078e2dfbff288) [0x000078e2dfbff380, 0x000078e2dfc02d88] Compiler: c1, Barriers: 6, Oops: 6, ImmediateOops: 9, NonImmediateOops: No
[2,003s][debug][gc,nmethod     ] Register NMethod: io.sirix.index.path.summary.PathSummaryWriter.movePathSummary (0x000078e2dfc02e08) [0x000078e2dfc02f00, 0x000078e2dfc055d8] Compiler: c1, Barriers: 11, Oops: 1, ImmediateOops: 3, NonImmediateOops: No
[2,003s][debug][gc,nmethod     ] Register NMethod: jdk.xml.internal.XMLSecurityPropertyManager.getIndex (0x000078e2dfc05608) [0x000078e2dfc05700, 0x000078e2dfc06190] Compiler: c1, Barriers: 1, Oops: 0, ImmediateOops: 1, NonImmediateOops: No
[2,003s][debug][gc,nmethod     ] Register NMethod: io.sirix.axis.ChildAxis.<init> (0x000078e2dfc06208) [0x000078e2dfc06300, 0x000078e2dfc06430] Compiler: c1, Barriers: 0, Oops: 1, ImmediateOops: 0, NonImmediateOops: No
[2,003s][debug][gc,nmethod     ] Register NMethod: io.sirix.node.xml.ElementNode.getRightSiblingKey (0x000078e2dfc06508) [0x000078e2dfc06600, 0x000078e2dfc0b5f0] Compiler: c1, Barriers: 19, Oops: 7, ImmediateOops: 11, NonImmediateOops: No
[2,003s][debug][gc,nmethod     ] Register NMethod: io.sirix.utils.XMLToken.isNCName (0x000078e2dfc0b688) [0x000078e2dfc0b780, 0x000078e2dfc0b920] Compiler: c1, Barriers: 0, Oops: 1, ImmediateOops: 0, NonImmediateOops: No
[2,003s][debug][gc,nmethod     ] Register NMethod: io.sirix.axis.ChildAxis.reset (0x000078e2dfc0b988) [0x000078e2dfc0ba80, 0x000078e2dfc0bc68] Compiler: c1, Barriers: 3, Oops: 1, ImmediateOops: 1, NonImmediateOops: No
[2,004s][debug][gc,nmethod     ] Register NMethod: io.sirix.axis.filter.FilterAxis.reset (0x000078e2dfc0bc88) [0x000078e2dfc0bd80, 0x000078e2dfc0c1d0] Compiler: c1, Barriers: 4, Oops: 1, ImmediateOops: 1, NonImmediateOops: No
[2,004s][debug][gc,nmethod     ] Register NMethod: java.util.ArrayList.getLast (0x000078e2dfc0c208) [0x000078e2dfc0c300, 0x000078e2dfc0c608] Compiler: c1, Barriers: 2, Oops: 0, ImmediateOops: 0, NonImmediateOops: No
[2,004s][debug][gc,nmethod     ] Register NMethod: io.sirix.axis.filter.PathKindFilter.<init> (0x000078e2dfc0c688) [0x000078e2dfc0c780, 0x000078e2dfc0cec0] Compiler: c1, Barriers: 6, Oops: 1, ImmediateOops: 0, NonImmediateOops: No
[2,004s][debug][gc,nmethod     ] Register NMethod: io.sirix.axis.filter.PathNameFilter.<init> (0x000078e2dfc0cf08) [0x000078e2dfc0d000, 0x000078e2dfc0ec88] Compiler: c1, Barriers: 4, Oops: 1, ImmediateOops: 3, NonImmediateOops: No
[2,004s][debug][gc,nmethod     ] Register NMethod: io.sirix.index.path.summary.PathSummaryReader.hasFirstChild (0x000078e2dfc0ed08) [0x000078e2dfc0ee00, 0x000078e2dfc0f598] Compiler: c1, Barriers: 1, Oops: 1, ImmediateOops: 1, NonImmediateOops: No
[2,004s][debug][gc,nmethod     ] Register NMethod: io.sirix.node.immutable.xml.ImmutableElement.getPathNodeKey (0x000078e2dfc0f608) [0x000078e2dfc0f700, 0x000078e2dfc14948] Compiler: c1, Barriers: 20, Oops: 7, ImmediateOops: 11, NonImmediateOops: No
[2,004s][debug][gc,nmethod     ] Register NMethod: io.sirix.access.Utils.buildName (0x000078e2dfc14988) [0x000078e2dfc14a80, 0x000078e2dfc15a78] Compiler: c1, Barriers: 4, Oops: 2, ImmediateOops: 2, NonImmediateOops: No
[2,004s][debug][gc,nmethod     ] Register NMethod: io.sirix.index.path.summary.PathSummaryReader.getLevel (0x000078e2dfc15b08) [0x000078e2dfc15c00, 0x000078e2dfc17370] Compiler: c1, Barriers: 1, Oops: 1, ImmediateOops: 3, NonImmediateOops: No
[2,004s][debug][gc,nmethod     ] Register NMethod: io.sirix.utils.XMLToken.isValidQName (0x000078e2dfc17388) [0x000078e2dfc17480, 0x000078e2dfc189d0] Compiler: c1, Barriers: 6, Oops: 1, ImmediateOops: 0, NonImmediateOops: No
[2,004s][debug][gc,nmethod     ] Register NMethod: java.nio.ByteBuffer.order (0x000078e2dfc18a08) [0x000078e2dfc18b00, 0x000078e2dfc18d20] Compiler: c1, Barriers: 0, Oops: 0, ImmediateOops: 1, NonImmediateOops: No
[2,004s][debug][gc,nmethod     ] Register NMethod: com.sun.org.apache.xerces.internal.util.SymbolTable.addSymbol (0x000078e2dfc18d88) [0x000078e2dfc18e80, 0x000078e2dfc193c0] Compiler: c1, Barriers: 5, Oops: 0, ImmediateOops: 0, NonImmediateOops: No
[2,005s][debug][gc,nmethod     ] Register NMethod: it.unimi.dsi.fastutil.longs.AbstractLongList.popLong (0x000078e2dfc19408) [0x000078e2dfc19500, 0x000078e2dfc19828] Compiler: c1, Barriers: 0, Oops: 1, ImmediateOops: 0, NonImmediateOops: No
[2,005s][debug][gc,nmethod     ] Register NMethod: java.nio.MappedByteBuffer.limit (0x000078e2dfc19888) [0x000078e2dfc19980, 0x000078e2dfc19d40] Compiler: c1, Barriers: 0, Oops: 0, ImmediateOops: 0, NonImmediateOops: No
[2,005s][debug][gc,nmethod     ] Register NMethod: net.openhft.hashing.XXH3.XXH3_64bits_internal (0x000078e2dfc19d88) [0x000078e2dfc19e80, 0x000078e2dfc38848] Compiler: c1, Barriers: 0, Oops: 3, ImmediateOops: 136, NonImmediateOops: No
[2,005s][debug][gc,nmethod     ] Register NMethod: jdk.xml.internal.JdkProperty$ImplPropMap.is (0x000078e2dfc38888) [0x000078e2dfc38980, 0x000078e2dfc39248] Compiler: c1, Barriers: 3, Oops: 0, ImmediateOops: 0, NonImmediateOops: No
[2,005s][debug][gc,nmethod     ] Register NMethod: io.sirix.access.trx.page.NodePageReadOnlyTrx.pageKey (0x000078e2fecdd388) [0x000078e2fecdd480, 0x000078e2fecdd5d0] Compiler: jvmci, Barriers: 0, Oops: 1, ImmediateOops: 0, NonImmediateOops: No
[2,005s][debug][gc,nmethod     ] Register NMethod: it.unimi.dsi.fastutil.longs.LongArrayList.removeLong (0x000078e2dfc39288) [0x000078e2dfc39380, 0x000078e2dfc3aab0] Compiler: c1, Barriers: 2, Oops: 4, ImmediateOops: 4, NonImmediateOops: No
[2,005s][debug][gc,nmethod     ] Register NMethod: io.sirix.index.path.summary.PathSummaryWriter.getPathNodeKey (0x000078e2dfc3ab08) [0x000078e2dfc3ac00, 0x000078e2dfc3ea78] Compiler: c1, Barriers: 25, Oops: 1, ImmediateOops: 8, NonImmediateOops: No
[2,005s][debug][gc,nmethod     ] Register NMethod: io.sirix.access.trx.page.NodePageTrx.getName (0x000078e2dfc3ea88) [0x000078e2dfc3eb80, 0x000078e2dfc40ee8] Compiler: c1, Barriers: 11, Oops: 1, ImmediateOops: 3, NonImmediateOops: No
[2,005s][debug][gc,nmethod     ] Register NMethod: java.lang.Long.bitCount (0x000078e2fecdd688) [0x000078e2fecdd780, 0x000078e2fecdd850] Compiler: jvmci, Barriers: 0, Oops: 0, ImmediateOops: 0, NonImmediateOops: No
[2,005s][debug][gc,nmethod     ] Register NMethod: io.sirix.access.trx.page.NodePageTrx.getMostRecentPageContainer (0x000078e2fecdd988) [0x000078e2fecdda80, 0x000078e2fecdde58] Compiler: jvmci, Barriers: 8, Oops: 1, ImmediateOops: 1, NonImmediateOops: No
[2,005s][debug][gc,nmethod     ] Register NMethod: jdk.xml.internal.XMLSecurityPropertyManager$Property.values (0x000078e2dfc40f08) [0x000078e2dfc41000, 0x000078e2dfc414e0] Compiler: c1, Barriers: 0, Oops: 0, ImmediateOops: 1, NonImmediateOops: No
[2,005s][debug][gc,nmethod     ] Register NMethod: java.nio.ByteBuffer.<init> (0x000078e2dfc41508) [0x000078e2dfc41600, 0x000078e2dfc41748] Compiler: c1, Barriers: 0, Oops: 0, ImmediateOops: 0, NonImmediateOops: No
[2,005s][debug][gc,nmethod     ] Register NMethod: jdk.xml.internal.FeaturePropertyBase.getValue (0x000078e2dfc41808) [0x000078e2dfc41900, 0x000078e2dfc41d60] Compiler: c1, Barriers: 2, Oops: 0, ImmediateOops: 0, NonImmediateOops: No
[2,005s][debug][gc,nmethod     ] Register NMethod: jdk.xml.internal.JdkXmlUtils.getProperty (0x000078e2dfc41d88) [0x000078e2dfc41e80, 0x000078e2dfc42bd8] Compiler: c1, Barriers: 2, Oops: 0, ImmediateOops: 0, NonImmediateOops: No
[2,005s][debug][gc,nmethod     ] Register NMethod: java.nio.MappedByteBuffer.position (0x000078e2dfc42c08) [0x000078e2dfc42d00, 0x000078e2dfc430c0] Compiler: c1, Barriers: 0, Oops: 0, ImmediateOops: 0, NonImmediateOops: No
[2,005s][debug][gc,nmethod     ] Register NMethod: jdk.xml.internal.XMLSecurityManager.getLimitAsString (0x000078e2dfc43108) [0x000078e2dfc43200, 0x000078e2dfc44118] Compiler: c1, Barriers: 4, Oops: 0, ImmediateOops: 1, NonImmediateOops: No
[2,005s][debug][gc,nmethod     ] Register NMethod: java.nio.MappedByteBuffer.<init> (0x000078e2dfc44188) [0x000078e2dfc44280, 0x000078e2dfc44450] Compiler: c1, Barriers: 3, Oops: 0, ImmediateOops: 0, NonImmediateOops: No
[2,005s][debug][gc,nmethod     ] Register NMethod: io.sirix.node.delegates.StructNodeDelegate.getDescendantCount (0x000078e2fecdde88) [0x000078e2fecddf80, 0x000078e2fecde040] Compiler: c1, Barriers: 0, Oops: 1, ImmediateOops: 0, NonImmediateOops: No
[2,006s][debug][gc,nmethod     ] Register NMethod: io.sirix.index.path.summary.PathNode.getPrefixKey (0x000078e2dfc44488) [0x000078e2dfc44580, 0x000078e2dfc446e0] Compiler: c1, Barriers: 1, Oops: 1, ImmediateOops: 0, NonImmediateOops: No
[2,006s][debug][gc,nmethod     ] Register NMethod: java.nio.MappedByteBuffer.limit (0x000078e2dfc44788) [0x000078e2dfc44880, 0x000078e2dfc44c40] Compiler: c1, Barriers: 0, Oops: 0, ImmediateOops: 0, NonImmediateOops: No
[2,006s][debug][gc,nmethod     ] Register NMethod: java.lang.AbstractStringBuilder.setLength (0x000078e2dfc44c88) [0x000078e2dfc44d80, 0x000078e2dfc45128] Compiler: c1, Barriers: 4, Oops: 0, ImmediateOops: 0, NonImmediateOops: No
[2,006s][debug][gc,nmethod     ] Register NMethod: io.sirix.node.NullNode.getDescendantCount (0x000078e2fecde188) [0x000078e2fecde280, 0x000078e2fecde340] Compiler: c1, Barriers: 0, Oops: 1, ImmediateOops: 0, NonImmediateOops: No
[2,006s][debug][gc,nmethod     ] Register NMethod: java.lang.String.getBytes (0x000078e2dfc45188) [0x000078e2dfc45280, 0x000078e2dfc45718] Compiler: c1, Barriers: 1, Oops: 0, ImmediateOops: 0, NonImmediateOops: No
[2,006s][debug][gc,nmethod     ] Register NMethod: io.sirix.axis.filter.PathKindFilter.filter (0x000078e2dfc45788) [0x000078e2dfc45880, 0x000078e2dfc46818] Compiler: c1, Barriers: 4, Oops: 1, ImmediateOops: 2, NonImmediateOops: No
[2,006s][debug][gc,nmethod     ] Register NMethod: io.sirix.node.delegates.StructNodeDelegate.setDescendantCount (0x000078e2fecde488) [0x000078e2fecde580, 0x000078e2fecde640] Compiler: c1, Barriers: 0, Oops: 1, ImmediateOops: 0, NonImmediateOops: No
[2,006s][debug][gc,nmethod     ] Register NMethod: io.sirix.index.path.summary.PathSummaryReader.getPathKind (0x000078e2dfc46888) [0x000078e2dfc46980, 0x000078e2dfc47290] Compiler: c1, Barriers: 2, Oops: 1, ImmediateOops: 2, NonImmediateOops: No
[2,006s][debug][gc,nmethod     ] Register NMethod: com.sun.xml.internal.stream.events.AttributeImpl.getValue (0x000078e2fecde788) [0x000078e2fecde880, 0x000078e2fecde968] Compiler: c1, Barriers: 1, Oops: 0, ImmediateOops: 0, NonImmediateOops: No
[2,006s][debug][gc,nmethod     ] Register NMethod: java.util.ArrayList$Itr.next (0x000078e2fecdea88) [0x000078e2fecdeb80, 0x000078e2fecded60] Compiler: jvmci, Barriers: 3, Oops: 0, ImmediateOops: 0, NonImmediateOops: No
[2,006s][debug][gc,nmethod     ] Register NMethod: java.nio.MappedByteBuffer.rewind (0x000078e2dfc47308) [0x000078e2dfc47400, 0x000078e2dfc477e8] Compiler: c1, Barriers: 0, Oops: 0, ImmediateOops: 0, NonImmediateOops: No
[2,006s][debug][gc,nmethod     ] Register NMethod: com.sun.xml.internal.stream.events.AttributeImpl.setSpecified (0x000078e2fecded88) [0x000078e2fecdee80, 0x000078e2fecdef40] Compiler: c1, Barriers: 0, Oops: 0, ImmediateOops: 0, NonImmediateOops: No
[2,006s][debug][gc,nmethod     ] Register NMethod: com.sun.xml.internal.stream.events.AttributeImpl.setAttributeType (0x000078e2fecdf088) [0x000078e2fecdf180, 0x000078e2fecdf2b0] Compiler: c1, Barriers: 3, Oops: 0, ImmediateOops: 0, NonImmediateOops: No
[2,006s][debug][gc,nmethod     ] Register NMethod: com.sun.org.apache.xerces.internal.impl.XMLEntityScanner.checkLimit (0x000078e2dfc47808) [0x000078e2dfc47900, 0x000078e2dfc500c0] Compiler: c1, Barriers: 73, Oops: 3, ImmediateOops: 18, NonImmediateOops: No
[2,006s][debug][gc,nmethod     ] Register NMethod: com.sun.xml.internal.stream.events.AttributeImpl.setValue (0x000078e2fecdf388) [0x000078e2fecdf480, 0x000078e2fecdf5b0] Compiler: c1, Barriers: 3, Oops: 0, ImmediateOops: 0, NonImmediateOops: No
[2,006s][debug][gc,nmethod     ] Register NMethod: com.sun.xml.internal.stream.events.AttributeImpl.setName (0x000078e2fecdf688) [0x000078e2fecdf780, 0x000078e2fecdf8b0] Compiler: c1, Barriers: 3, Oops: 0, ImmediateOops: 0, NonImmediateOops: No
[2,006s][debug][gc,nmethod     ] Register NMethod: java.nio.MappedByteBuffer.rewind (0x000078e2dfc50108) [0x000078e2dfc50200, 0x000078e2dfc503d0] Compiler: c1, Barriers: 0, Oops: 0, ImmediateOops: 0, NonImmediateOops: No
[2,006s][debug][gc,nmethod     ] Register NMethod: java.nio.ByteBuffer.rewind (0x000078e2dfc50408) [0x000078e2dfc50500, 0x000078e2dfc50668] Compiler: c1, Barriers: 0, Oops: 0, ImmediateOops: 0, NonImmediateOops: No
[2,006s][debug][gc,nmethod     ] Register NMethod: java.nio.Buffer.rewind (0x000078e2dfc50708) [0x000078e2dfc50800, 0x000078e2dfc50910] Compiler: c1, Barriers: 0, Oops: 0, ImmediateOops: 0, NonImmediateOops: No
[2,007s][debug][gc,nmethod     ] Register NMethod: com.sun.org.apache.xerces.internal.util.NamespaceSupport.getDeclaredPrefixCount (0x000078e2dfc50a08) [0x000078e2dfc50b00, 0x000078e2dfc50c88] Compiler: c1, Barriers: 1, Oops: 0, ImmediateOops: 0, NonImmediateOops: No
[2,007s][debug][gc,nmethod     ] Register NMethod: io.sirix.index.path.summary.PathSummaryReader.assertNotClosed (0x000078e2fecdf988) [0x000078e2fecdfa80, 0x000078e2fecdfb38] Compiler: jvmci, Barriers: 0, Oops: 1, ImmediateOops: 0, NonImmediateOops: No
[2,007s][debug][gc,nmethod     ] Register NMethod: com.sun.org.apache.xerces.internal.util.NamespaceSupport.pushContext (0x000078e2dfc50d08) [0x000078e2dfc50e00, 0x000078e2dfc51170] Compiler: c1, Barriers: 5, Oops: 0, ImmediateOops: 0, NonImmediateOops: No
[2,007s][debug][gc,nmethod     ] Register NMethod: jdk.internal.foreign.Utils.isAligned (0x000078e2dfc51188) [0x000078e2dfc51280, 0x000078e2dfc513c0] Compiler: c1, Barriers: 0, Oops: 0, ImmediateOops: 0, NonImmediateOops: No
[2,007s][debug][gc,nmethod     ] Register NMethod: java.lang.StringBuilder.setLength (0x000078e2dfc51488) [0x000078e2dfc51580, 0x000078e2dfc516b0] Compiler: c1, Barriers: 0, Oops: 0, ImmediateOops: 0, NonImmediateOops: No
[2,007s][debug][gc,nmethod     ] Register NMethod: com.sun.xml.internal.stream.events.StartElementEvent.getName (0x000078e2fecdfc88) [0x000078e2fecdfd80, 0x000078e2fecdfe68] Compiler: c1, Barriers: 1, Oops: 0, ImmediateOops: 0, NonImmediateOops: No
[2,007s][debug][gc,nmethod     ] Register NMethod: com.sun.org.apache.xerces.internal.impl.XMLDocumentFragmentScannerImpl.getCharacterData (0x000078e2dfc51788) [0x000078e2dfc51880, 0x000078e2dfc51a48] Compiler: c1, Barriers: 2, Oops: 0, ImmediateOops: 0, NonImmediateOops: No
[2,007s][debug][gc,nmethod     ] Register NMethod: com.sun.org.apache.xerces.internal.impl.XMLStreamReaderImpl.getNamespaceContext (0x000078e2fecdff88) [0x000078e2fece0080, 0x000078e2fece0168] Compiler: c1, Barriers: 1, Oops: 0, ImmediateOops: 0, NonImmediateOops: No
[2,007s][debug][gc,nmethod     ] Register NMethod: com.sun.org.apache.xerces.internal.util.NamespaceContextWrapper.getNamespaceContext (0x000078e2fece0288) [0x000078e2fece0380, 0x000078e2fece0468] Compiler: c1, Barriers: 1, Oops: 0, ImmediateOops: 0, NonImmediateOops: No
[2,007s][debug][gc,nmethod     ] Register NMethod: com.sun.xml.internal.stream.events.StartElementEvent.setNamespaceContext (0x000078e2fece0588) [0x000078e2fece0680, 0x000078e2fece07b0] Compiler: c1, Barriers: 3, Oops: 0, ImmediateOops: 0, NonImmediateOops: No
[2,007s][debug][gc,nmethod     ] Register NMethod: it.unimi.dsi.fastutil.longs.LongArrayList.<init> (0x000078e2dfc51a88) [0x000078e2dfc51b80, 0x000078e2dfc51e78] Compiler: c1, Barriers: 3, Oops: 1, ImmediateOops: 1, NonImmediateOops: No
[2,007s][debug][gc,nmethod     ] Register NMethod: it.unimi.dsi.fastutil.longs.AbstractLongList.<init> (0x000078e2dfc51e88) [0x000078e2dfc51f80, 0x000078e2dfc52198] Compiler: c1, Barriers: 0, Oops: 1, ImmediateOops: 0, NonImmediateOops: No
[2,007s][debug][gc,nmethod     ] Register NMethod: it.unimi.dsi.fastutil.longs.AbstractLongCollection.<init> (0x000078e2dfc52208) [0x000078e2dfc52300, 0x000078e2dfc524b8] Compiler: c1, Barriers: 0, Oops: 1, ImmediateOops: 0, NonImmediateOops: No
[2,007s][debug][gc,nmethod     ] Register NMethod: com.sun.xml.internal.stream.util.ReadOnlyIterator.<init> (0x000078e2dfc52508) [0x000078e2dfc52600, 0x000078e2dfc52858] Compiler: c1, Barriers: 6, Oops: 0, ImmediateOops: 0, NonImmediateOops: No
[2,007s][debug][gc,nmethod     ] Register NMethod: com.sun.org.apache.xerces.internal.impl.XMLStreamReaderImpl.getNamespaceURI (0x000078e2dfc52888) [0x000078e2dfc52980, 0x000078e2dfc52fc8] Compiler: c1, Barriers: 7, Oops: 0, ImmediateOops: 0, NonImmediateOops: No
[2,008s][debug][gc,nmethod     ] Register NMethod: com.sun.org.apache.xerces.internal.impl.XMLStreamReaderImpl.getPrefix (0x000078e2dfc53008) [0x000078e2dfc53100, 0x000078e2dfc53790] Compiler: c1, Barriers: 7, Oops: 0, ImmediateOops: 1, NonImmediateOops: No
[2,008s][debug][gc,nmethod     ] Register NMethod: com.sun.org.apache.xerces.internal.impl.XMLStreamReaderImpl.getNamespaceCount (0x000078e2dfc53808) [0x000078e2dfc53900, 0x000078e2dfc54000] Compiler: c1, Barriers: 3, Oops: 0, ImmediateOops: 0, NonImmediateOops: No
[2,008s][debug][gc,nmethod     ] Register NMethod: jdk.internal.foreign.AbstractMemorySegmentImpl.checkArraySize (0x000078e2dfc54008) [0x000078e2dfc54100, 0x000078e2dfc56f00] Compiler: c1, Barriers: 27, Oops: 2, ImmediateOops: 5, NonImmediateOops: No
[2,008s][debug][gc,nmethod     ] Register NMethod: io.sirix.access.trx.page.NodePageReadOnlyTrx.getValue (0x000078e2fece0888) [0x000078e2fece0980, 0x000078e2fece0b20] Compiler: jvmci, Barriers: 2, Oops: 1, ImmediateOops: 0, NonImmediateOops: No
[2,008s][debug][gc,nmethod     ] Register NMethod: com.sun.xml.internal.stream.events.XMLEventAllocatorImpl.getQName (0x000078e2dfc56f88) [0x000078e2dfc57080, 0x000078e2dfc57900] Compiler: c1, Barriers: 7, Oops: 0, ImmediateOops: 0, NonImmediateOops: No
[2,008s][debug][gc,nmethod     ] Register NMethod: jdk.internal.util.Preconditions.checkFromIndexSize (0x000078e2fece0b88) [0x000078e2fece0c80, 0x000078e2fece0d30] Compiler: jvmci, Barriers: 0, Oops: 0, ImmediateOops: 0, NonImmediateOops: No
[2,008s][debug][gc,nmethod     ] Register NMethod: jdk.internal.foreign.SegmentFactories.initNativeMemory (0x000078e2fece0e88) [0x000078e2fece0f80, 0x000078e2fece1128] Compiler: jvmci, Barriers: 0, Oops: 0, ImmediateOops: 0, NonImmediateOops: No
[2,008s][debug][gc,nmethod     ] Register NMethod: io.sirix.node.xml.ElementNode.getLastChildKey (0x000078e2dfc57908) [0x000078e2dfc57a00, 0x000078e2dfc5c9f0] Compiler: c1, Barriers: 19, Oops: 7, ImmediateOops: 11, NonImmediateOops: No
[2,008s][debug][gc,nmethod     ] Register NMethod: com.sun.org.apache.xerces.internal.impl.XMLStreamReaderImpl.getProperty (0x000078e2dfc5ca88) [0x000078e2dfc5cb80, 0x000078e2dfc5d3b0] Compiler: c1, Barriers: 2, Oops: 0, ImmediateOops: 2, NonImmediateOops: No
[2,008s][debug][gc,nmethod     ] Register NMethod: io.sirix.access.trx.node.xml.ForwardingXmlNodeReadOnlyTrx.moveToParent (0x000078e2dfc5d408) [0x000078e2dfc5d500, 0x000078e2dfc5db00] Compiler: c1, Barriers: 1, Oops: 1, ImmediateOops: 0, NonImmediateOops: No
[2,008s][debug][gc,nmethod     ] Register NMethod: io.sirix.access.trx.node.AbstractNodeReadOnlyTrx.getStructuralNode (0x000078e2dfc5db88) [0x000078e2dfc5dc80, 0x000078e2dfc5e738] Compiler: c1, Barriers: 4, Oops: 1, ImmediateOops: 0, NonImmediateOops: No
[2,008s][debug][gc,nmethod     ] Register NMethod: io.sirix.access.trx.node.AbstractNodeReadOnlyTrx.moveToParent (0x000078e2dfc5e788) [0x000078e2dfc5e880, 0x000078e2dfc5f0e0] Compiler: c1, Barriers: 1, Oops: 1, ImmediateOops: 1, NonImmediateOops: No
[2,008s][debug][gc,nmethod     ] Register NMethod: com.sun.org.apache.xerces.internal.impl.XMLEntityScanner.scanContent (0x000078e2dfc5f108) [0x000078e2dfc5f200, 0x000078e2dfc60190] Compiler: c1, Barriers: 11, Oops: 0, ImmediateOops: 1, NonImmediateOops: No
[2,009s][debug][gc,nmethod     ] Register NMethod: io.sirix.access.trx.node.AbstractNodeHashing.isValueNode (0x000078e2dfc60208) [0x000078e2dfc60300, 0x000078e2dfc61ec8] Compiler: c1, Barriers: 0, Oops: 1, ImmediateOops: 12, NonImmediateOops: No
[2,009s][debug][gc,nmethod     ] Register NMethod: io.sirix.node.xml.ElementNode.hasLeftSibling (0x000078e2dfc61f08) [0x000078e2dfc62000, 0x000078e2dfc67438] Compiler: c1, Barriers: 19, Oops: 7, ImmediateOops: 12, NonImmediateOops: No
[2,009s][debug][gc,nmethod     ] Register NMethod: com.sun.xml.internal.stream.events.DummyEvent.asCharacters (0x000078e2dfc67488) [0x000078e2dfc67580, 0x000078e2dfc678a0] Compiler: c1, Barriers: 0, Oops: 0, ImmediateOops: 0, NonImmediateOops: No
[2,009s][debug][gc,nmethod     ] Register NMethod: com.sun.xml.internal.stream.events.EndElementEvent.getName (0x000078e2fece1188) [0x000078e2fece1280, 0x000078e2fece1368] Compiler: c1, Barriers: 1, Oops: 0, ImmediateOops: 0, NonImmediateOops: No
[2,009s][debug][gc,nmethod     ] Register NMethod: com.sun.xml.internal.stream.XMLEventReaderImpl.peek (0x000078e2dfc67908) [0x000078e2dfc67a00, 0x000078e2dfc68198] Compiler: c1, Barriers: 8, Oops: 0, ImmediateOops: 1, NonImmediateOops: No
[2,009s][debug][gc,nmethod     ] Register NMethod: com.sun.org.apache.xerces.internal.impl.XMLStreamReaderImpl.getLocalName (0x000078e2dfc68208) [0x000078e2dfc68300, 0x000078e2dfc68d10] Compiler: c1, Barriers: 9, Oops: 0, ImmediateOops: 0, NonImmediateOops: No
[2,009s][debug][gc,nmethod     ] Register NMethod: com.sun.org.apache.xerces.internal.impl.PropertyManager.getProperty (0x000078e2dfc68d88) [0x000078e2dfc68e80, 0x000078e2dfc6a940] Compiler: c1, Barriers: 7, Oops: 1, ImmediateOops: 4, NonImmediateOops: No
[2,009s][debug][gc,nmethod     ] Register NMethod: com.sun.org.apache.xerces.internal.impl.XMLStreamReaderImpl.getText (0x000078e2dfc6a988) [0x000078e2dfc6aa80, 0x000078e2dfc6cf80] Compiler: c1, Barriers: 18, Oops: 0, ImmediateOops: 0, NonImmediateOops: No
[2,009s][debug][gc,nmethod     ] Register NMethod: jdk.internal.foreign.AbstractMemorySegmentImpl.asByteBuffer (0x000078e2dfc6cf88) [0x000078e2dfc6d080, 0x000078e2dfc6d608] Compiler: c1, Barriers: 0, Oops: 0, ImmediateOops: 1, NonImmediateOops: No
[2,009s][debug][gc,nmethod     ] Register NMethod: io.sirix.node.MemorySegmentBytesOut.underlyingObject (0x000078e2dfc6d688) [0x000078e2dfc6d780, 0x000078e2dfc6e238] Compiler: c1, Barriers: 1, Oops: 1, ImmediateOops: 2, NonImmediateOops: No
[2,009s][debug][gc,nmethod     ] Register NMethod: java.lang.String.compareTo (0x000078e2fece1488) [0x000078e2fece1580, 0x000078e2fece1738] Compiler: jvmci, Barriers: 2, Oops: 0, ImmediateOops: 0, NonImmediateOops: No
[2,009s][debug][gc,nmethod     ] Register NMethod: jdk.internal.foreign.NativeMemorySegmentImpl.makeByteBuffer (0x000078e2dfc6e288) [0x000078e2dfc6e380, 0x000078e2dfc6e4f0] Compiler: c1, Barriers: 0, Oops: 0, ImmediateOops: 1, NonImmediateOops: No
[2,009s][debug][gc,nmethod     ] Register NMethod: java.nio.DirectByteBuffer.<init> (0x000078e2dfc6e588) [0x000078e2dfc6e680, 0x000078e2dfc6e8f8] Compiler: c1, Barriers: 6, Oops: 0, ImmediateOops: 0, NonImmediateOops: No
[2,009s][debug][gc,nmethod     ] Register NMethod: java.nio.Buffer$2.newDirectByteBuffer (0x000078e2dfc6e908) [0x000078e2dfc6ea00, 0x000078e2dfc6ebb0] Compiler: c1, Barriers: 0, Oops: 0, ImmediateOops: 0, NonImmediateOops: No
[2,009s][debug][gc,nmethod     ] Register NMethod: io.sirix.node.MemorySegmentBytesOut.readLimit (0x000078e2dfc6ec08) [0x000078e2dfc6ed00, 0x000078e2dfc6ee60] Compiler: c1, Barriers: 1, Oops: 1, ImmediateOops: 0, NonImmediateOops: No
[2,009s][debug][gc,nmethod     ] Register NMethod: io.sirix.service.xml.shredder.AbstractShredder.processText (0x000078e2dfc6ef08) [0x000078e2dfc6f000, 0x000078e2dfc71308] Compiler: c1, Barriers: 8, Oops: 1, ImmediateOops: 1, NonImmediateOops: No
[2,009s][debug][gc,nmethod     ] Register NMethod: net.openhft.hashing.LongHashFunction.hashBytes (0x000078e2dfc71388) [0x000078e2dfc71480, 0x000078e2dfc71a00] Compiler: c1, Barriers: 0, Oops: 1, ImmediateOops: 0, NonImmediateOops: No
[2,009s][debug][gc,nmethod     ] Register NMethod: jdk.internal.foreign.MemorySessionImpl.isCloseable (0x000078e2dfc71a88) [0x000078e2dfc71b80, 0x000078e2dfc71cd0] Compiler: c1, Barriers: 0, Oops: 0, ImmediateOops: 0, NonImmediateOops: No
[2,010s][debug][gc,nmethod     ] Register NMethod: io.sirix.node.xml.ElementNode.getFirstChildKey (0x000078e2dfc71d88) [0x000078e2dfc71e80, 0x000078e2dfc76e70] Compiler: c1, Barriers: 19, Oops: 7, ImmediateOops: 11, NonImmediateOops: No
[2,010s][debug][gc,nmethod     ] Register NMethod: net.openhft.hashing.LongHashFunction.hashByteBuffer (0x000078e2dfc76f08) [0x000078e2dfc77000, 0x000078e2dfc78568] Compiler: c1, Barriers: 2, Oops: 1, ImmediateOops: 0, NonImmediateOops: No
[2,010s][debug][gc,nmethod     ] Register NMethod: com.sun.org.apache.xerces.internal.impl.XMLEntityScanner.checkNodeCount (0x000078e2dfc78588) [0x000078e2dfc78680, 0x000078e2dfc78848] Compiler: c1, Barriers: 0, Oops: 0, ImmediateOops: 1, NonImmediateOops: No
[2,010s][debug][gc,nmethod     ] Register NMethod: io.sirix.access.trx.node.xml.XmlNodeTrxImpl.getBytes (0x000078e2dfc78888) [0x000078e2dfc78980, 0x000078e2dfc78f48] Compiler: c1, Barriers: 1, Oops: 2, ImmediateOops: 1, NonImmediateOops: No
[2,010s][debug][gc,nmethod     ] Register NMethod: java.nio.DirectByteBuffer.address (0x000078e2dfc78f88) [0x000078e2dfc79080, 0x000078e2dfc7a9c0] Compiler: c1, Barriers: 5, Oops: 0, ImmediateOops: 3, NonImmediateOops: No
[2,011s][debug][gc,nmethod     ] Register NMethod: jdk.internal.util.ArraysSupport.mismatch (0x000078e2fece1788) [0x000078e2fece1880, 0x000078e2fece1af8] Compiler: jvmci, Barriers: 0, Oops: 0, ImmediateOops: 0, NonImmediateOops: No
[2,011s][debug][gc,nmethod     ] Register NMethod: jdk.internal.foreign.AbstractMemorySegmentImpl.copy (0x000078e2dfc7aa08) [0x000078e2dfc7ab00, 0x000078e2dfc836d8] Compiler: c1, Barriers: 10, Oops: 6, ImmediateOops: 18, NonImmediateOops: No
[2,011s][debug][gc,nmethod     ] Register NMethod: java.lang.foreign.MemorySegment.copy (0x000078e2dfc83788) [0x000078e2dfc83880, 0x000078e2dfc8c868] Compiler: c1, Barriers: 10, Oops: 6, ImmediateOops: 18, NonImmediateOops: No
[2,011s][debug][gc,nmethod     ] Register NMethod: java.util.HashMap$HashIterator.hasNext (0x000078e2fece1b08) [0x000078e2fece1c00, 0x000078e2fece1cb8] Compiler: jvmci, Barriers: 1, Oops: 0, ImmediateOops: 0, NonImmediateOops: No
[2,011s][debug][gc,nmethod     ] Register NMethod: java.lang.ref.Cleaner$1.apply (0x000078e2fece1e08) [0x000078e2fece1f00, 0x000078e2fece2040] Compiler: jvmci, Barriers: 1, Oops: 0, ImmediateOops: 0, NonImmediateOops: No
[2,012s][debug][gc,nmethod     ] Register NMethod: com.sun.org.apache.xerces.internal.impl.XMLEntityScanner.scanLiteral (0x000078e2dfc8c908) [0x000078e2dfc8ca00, 0x000078e2dfc8dc48] Compiler: c1, Barriers: 13, Oops: 0, ImmediateOops: 2, NonImmediateOops: No
[2,012s][debug][gc,nmethod     ] Register NMethod: io.sirix.node.xml.AbstractStructForwardingNode.getDescendantCount (0x000078e2dfc8dc88) [0x000078e2dfc8dd80, 0x000078e2dfc8e0b0] Compiler: c1, Barriers: 0, Oops: 1, ImmediateOops: 0, NonImmediateOops: No
[2,012s][debug][gc,director    ] Rule Major: Warmup 10%, Used: 290MB, UsedThreshold: 1228MB
[2,012s][debug][gc,nmethod     ] Register NMethod: io.sirix.access.trx.node.AbstractNodeReadOnlyTrx.getNodeKey (0x000078e2dfc8e108) [0x000078e2dfc8e200, 0x000078e2dfc8e868] Compiler: c1, Barriers: 1, Oops: 1, ImmediateOops: 1, NonImmediateOops: No
[2,012s][debug][gc,nmethod     ] Register NMethod: io.sirix.node.xml.AbstractStructForwardingNode.setDescendantCount (0x000078e2dfc8e888) [0x000078e2dfc8e980, 0x000078e2dfc8ecc0] Compiler: c1, Barriers: 0, Oops: 1, ImmediateOops: 0, NonImmediateOops: No
[2,012s][debug][gc,nmethod     ] Register NMethod: io.sirix.node.xml.ElementNode.incrementChildCount (0x000078e2dfc8ed08) [0x000078e2dfc8ee00, 0x000078e2dfc8f530] Compiler: c1, Barriers: 1, Oops: 1, ImmediateOops: 0, NonImmediateOops: No
[2,013s][debug][gc,nmethod     ] Register NMethod: io.sirix.access.trx.node.xml.XmlNodeTrxImpl.adaptForInsert (0x000078e2dfc8f588) [0x000078e2dfc8f680, 0x000078e2dfc92448] Compiler: c1, Barriers: 3, Oops: 1, ImmediateOops: 3, NonImmediateOops: No
[2,013s][debug][gc,nmethod     ] Register NMethod: com.sun.org.apache.xerces.internal.impl.XMLDocumentFragmentScannerImpl.getString (0x000078e2dfc92488) [0x000078e2dfc92580, 0x000078e2dfc931b0] Compiler: c1, Barriers: 8, Oops: 0, ImmediateOops: 0, NonImmediateOops: No
[2,013s][debug][gc,nmethod     ] Register NMethod: jdk.xml.internal.XMLSecurityManager.isNoLimit (0x000078e2dfc93208) [0x000078e2dfc93300, 0x000078e2dfc93450] Compiler: c1, Barriers: 0, Oops: 0, ImmediateOops: 0, NonImmediateOops: No
[2,013s][debug][gc,nmethod     ] Register NMethod: com.sun.org.apache.xerces.internal.util.AugmentationsImpl$SmallContainer.clear (0x000078e2dfc93508) [0x000078e2dfc93600, 0x000078e2dfc93d80] Compiler: c1, Barriers: 7, Oops: 0, ImmediateOops: 0, NonImmediateOops: No
[2,013s][debug][gc,nmethod     ] Register NMethod: com.sun.org.apache.xerces.internal.util.XMLAttributesImpl.getName (0x000078e2dfc93d88) [0x000078e2dfc93e80, 0x000078e2dfc94378] Compiler: c1, Barriers: 19, Oops: 0, ImmediateOops: 0, NonImmediateOops: No
[2,013s][debug][gc,nmethod     ] Register NMethod: com.sun.org.apache.xerces.internal.util.AugmentationsImpl.removeAllItems (0x000078e2dfc94388) [0x000078e2dfc94480, 0x000078e2dfc94608] Compiler: c1, Barriers: 1, Oops: 0, ImmediateOops: 0, NonImmediateOops: No
[2,013s][debug][gc,nmethod     ] Register NMethod: com.sun.org.apache.xerces.internal.util.XMLAttributesImpl.setValue (0x000078e2dfc94688) [0x000078e2dfc94780, 0x000078e2dfc94a78] Compiler: c1, Barriers: 11, Oops: 0, ImmediateOops: 0, NonImmediateOops: No
[2,013s][debug][gc,nmethod     ] Register NMethod: com.sun.org.apache.xerces.internal.util.XMLAttributesImpl.setSpecified (0x000078e2dfc94a88) [0x000078e2dfc94b80, 0x000078e2dfc94d18] Compiler: c1, Barriers: 2, Oops: 0, ImmediateOops: 0, NonImmediateOops: No
[2,013s][debug][gc,nmethod     ] Register NMethod: io.sirix.node.xml.ElementNode.setChildCount (0x000078e2dfc94d88) [0x000078e2dfc94e80, 0x000078e2dfc989a0] Compiler: c1, Barriers: 6, Oops: 6, ImmediateOops: 10, NonImmediateOops: No
[2,013s][debug][gc,nmethod     ] Register NMethod: com.sun.org.apache.xerces.internal.util.XMLAttributesImpl.addAttributeNS (0x000078e2dfc98a08) [0x000078e2dfc98b00, 0x000078e2dfc9a000] Compiler: c1, Barriers: 47, Oops: 0, ImmediateOops: 0, NonImmediateOops: No
[2,013s][debug][gc,nmethod     ] Register NMethod: com.sun.org.apache.xerces.internal.util.XMLAttributesImpl.getType (0x000078e2dfc9a008) [0x000078e2dfc9a100, 0x000078e2dfc9ac28] Compiler: c1, Barriers: 5, Oops: 1, ImmediateOops: 3, NonImmediateOops: No
[2,013s][debug][gc,nmethod     ] Register NMethod: com.sun.org.apache.xerces.internal.util.XMLAttributesImpl.getReportableType (0x000078e2dfc9ac88) [0x000078e2dfc9ad80, 0x000078e2dfc9b720] Compiler: c1, Barriers: 2, Oops: 1, ImmediateOops: 3, NonImmediateOops: No
[2,013s][debug][gc,nmethod     ] Register NMethod: net.openhft.hashing.LongHashFunction.xx3 (0x000078e2dfc9b788) [0x000078e2dfc9b880, 0x000078e2dfc9ba20] Compiler: c1, Barriers: 0, Oops: 1, ImmediateOops: 1, NonImmediateOops: No
[2,013s][debug][gc,nmethod     ] Register NMethod: com.sun.xml.internal.stream.util.ReadOnlyIterator.next (0x000078e2dfc9ba88) [0x000078e2dfc9bb80, 0x000078e2dfc9bf18] Compiler: c1, Barriers: 1, Oops: 0, ImmediateOops: 0, NonImmediateOops: No
[2,013s][debug][gc,nmethod     ] Register NMethod: com.sun.org.apache.xerces.internal.util.XMLAttributesImpl.getValue (0x000078e2dfc9bf88) [0x000078e2dfc9c080, 0x000078e2dfc9c6b0] Compiler: c1, Barriers: 10, Oops: 0, ImmediateOops: 0, NonImmediateOops: No
[2,013s][debug][gc,nmethod     ] Register NMethod: net.openhft.hashing.XXH3$AsLongHashFunction.access$000 (0x000078e2dfc9c708) [0x000078e2dfc9c800, 0x000078e2dfc9c8e8] Compiler: c1, Barriers: 0, Oops: 1, ImmediateOops: 1, NonImmediateOops: No
[2,013s][debug][gc,nmethod     ] Register NMethod: net.openhft.hashing.XXH3.asLongHashFunctionWithoutSeed (0x000078e2dfc9ca08) [0x000078e2dfc9cb00, 0x000078e2dfc9cc40] Compiler: c1, Barriers: 0, Oops: 1, ImmediateOops: 1, NonImmediateOops: No
[2,013s][debug][gc,nmethod     ] Register NMethod: com.sun.org.apache.xerces.internal.util.XMLAttributesImpl.getQualifiedName (0x000078e2dfc9cd08) [0x000078e2dfc9ce00, 0x000078e2dfc9d050] Compiler: c1, Barriers: 3, Oops: 0, ImmediateOops: 0, NonImmediateOops: No
[2,014s][debug][gc,nmethod     ] Register NMethod: com.sun.org.apache.xerces.internal.impl.XMLStreamReaderImpl.convertXNIQNametoJavaxQName (0x000078e2dfc9d088) [0x000078e2dfc9d180, 0x000078e2dfc9d5d0] Compiler: c1, Barriers: 5, Oops: 0, ImmediateOops: 1, NonImmediateOops: No
[2,014s][debug][gc,nmethod     ] Register NMethod: com.sun.org.apache.xerces.internal.impl.XMLStreamReaderImpl.getAttributeName (0x000078e2dfc9d608) [0x000078e2dfc9d700, 0x000078e2dfc9dfd0] Compiler: c1, Barriers: 4, Oops: 0, ImmediateOops: 0, NonImmediateOops: No
[2,014s][debug][gc,nmethod     ] Register NMethod: com.sun.xml.internal.stream.events.AttributeImpl.init (0x000078e2dfc9e008) [0x000078e2dfc9e100, 0x000078e2dfc9e3d8] Compiler: c1, Barriers: 0, Oops: 0, ImmediateOops: 0, NonImmediateOops: No
[2,014s][debug][gc,nmethod     ] Register NMethod: com.sun.xml.internal.stream.events.AttributeImpl.<init> (0x000078e2dfc9e408) [0x000078e2dfc9e500, 0x000078e2dfc9e9f0] Compiler: c1, Barriers: 7, Oops: 0, ImmediateOops: 2, NonImmediateOops: No
[2,014s][debug][gc,nmethod     ] Register NMethod: com.sun.org.apache.xerces.internal.impl.XMLStreamReaderImpl.isAttributeSpecified (0x000078e2dfc9ea08) [0x000078e2dfc9eb00, 0x000078e2dfc9f2e0] Compiler: c1, Barriers: 3, Oops: 0, ImmediateOops: 0, NonImmediateOops: No
[2,014s][debug][gc,nmethod     ] Register NMethod: com.sun.org.apache.xerces.internal.util.XMLAttributesImpl.isSpecified (0x000078e2dfc9f308) [0x000078e2dfc9f400, 0x000078e2dfc9f598] Compiler: c1, Barriers: 2, Oops: 0, ImmediateOops: 0, NonImmediateOops: No
[2,014s][debug][gc,nmethod     ] Register NMethod: com.sun.org.apache.xerces.internal.impl.XMLStreamReaderImpl.getAttributeType (0x000078e2dfc9f608) [0x000078e2dfc9f700, 0x000078e2dfca0860] Compiler: c1, Barriers: 6, Oops: 1, ImmediateOops: 3, NonImmediateOops: No
[2,014s][debug][gc,nmethod     ] Register NMethod: com.sun.org.apache.xerces.internal.impl.XMLStreamReaderImpl.getAttributeValue (0x000078e2dfca0888) [0x000078e2dfca0980, 0x000078e2dfca10a0] Compiler: c1, Barriers: 1, Oops: 0, ImmediateOops: 0, NonImmediateOops: No
[2,014s][debug][gc,nmethod     ] Register NMethod: com.sun.org.apache.xerces.internal.impl.XMLNSDocumentScannerImpl.scanAttribute (0x000078e2dfca1108) [0x000078e2dfca1200, 0x000078e2dfca9cb8] Compiler: c1, Barriers: 128, Oops: 9, ImmediateOops: 41, NonImmediateOops: No
[2,014s][debug][gc,nmethod     ] Register NMethod: com.sun.xml.internal.stream.events.DummyEvent.isNamespace (0x000078e2dfca9d08) [0x000078e2dfca9e00, 0x000078e2dfca9f50] Compiler: c1, Barriers: 0, Oops: 0, ImmediateOops: 0, NonImmediateOops: No
[2,015s][debug][gc,nmethod     ] Register NMethod: io.sirix.node.AbstractForwardingNode.getNodeKey (0x000078e2fece2108) [0x000078e2fece2200, 0x000078e2fece23a0] Compiler: jvmci, Barriers: 2, Oops: 1, ImmediateOops: 0, NonImmediateOops: No
[2,015s][debug][gc,nmethod     ] Register NMethod: io.sirix.node.MemorySegmentBytesOut.writeLong (0x000078e2fece2408) [0x000078e2fece2500, 0x000078e2fece2820] Compiler: jvmci, Barriers: 5, Oops: 1, ImmediateOops: 0, NonImmediateOops: No
[2,015s][debug][gc,nmethod     ] Register NMethod: javax.xml.namespace.QName.hashCode (0x000078e2dfcaa008) [0x000078e2dfcaa100, 0x000078e2dfcaa670] Compiler: c1, Barriers: 2, Oops: 0, ImmediateOops: 0, NonImmediateOops: No
[2,015s][debug][gc,nmethod     ] Register NMethod: com.sun.xml.internal.stream.events.StartElementEvent.addAttribute (0x000078e2dfcaa688) [0x000078e2dfcaa780, 0x000078e2dfcab3c8] Compiler: c1, Barriers: 3, Oops: 0, ImmediateOops: 0, NonImmediateOops: No
[2,015s][debug][gc,nmethod     ] Register NMethod: io.sirix.access.trx.node.xml.XmlNodeTrxImpl.insertAttribute (0x000078e2dfcab408) [0x000078e2dfcab500, 0x000078e2dfcab800] Compiler: c1, Barriers: 0, Oops: 1, ImmediateOops: 1, NonImmediateOops: No
[2,015s][debug][gc,nmethod     ] Register NMethod: com.sun.org.apache.xerces.internal.impl.XMLScanner.scanAttributeValue (0x000078e2dfcab888) [0x000078e2dfcab980, 0x000078e2dfcb6238] Compiler: c1, Barriers: 92, Oops: 8, ImmediateOops: 16, NonImmediateOops: No
[2,015s][debug][gc,nmethod     ] Register NMethod: io.sirix.node.xml.AttributeNode.<init> (0x000078e2dfcb6288) [0x000078e2dfcb6380, 0x000078e2dfcb69f0] Compiler: c1, Barriers: 12, Oops: 1, ImmediateOops: 0, NonImmediateOops: No
[2,015s][debug][gc,nmethod     ] Register NMethod: io.sirix.node.xml.ElementNode.insertAttribute (0x000078e2dfcb6a08) [0x000078e2dfcb6b00, 0x000078e2dfcb6cb8] Compiler: c1, Barriers: 1, Oops: 1, ImmediateOops: 0, NonImmediateOops: No
[2,015s][debug][gc,nmethod     ] Register NMethod: io.sirix.access.trx.page.NodePageReadOnlyTrx.getResourceSession (0x000078e2dfcb6d08) [0x000078e2dfcb6e00, 0x000078e2dfcb7270] Compiler: c1, Barriers: 1, Oops: 1, ImmediateOops: 1, NonImmediateOops: No
[2,015s][debug][gc,nmethod     ] Register NMethod: java.util.AbstractCollection.<init> (0x000078e2fece2888) [0x000078e2fece2980, 0x000078e2fece2a00] Compiler: jvmci, Barriers: 0, Oops: 0, ImmediateOops: 0, NonImmediateOops: No
[2,016s][debug][gc,nmethod     ] Register NMethod: io.sirix.access.trx.node.xml.XmlDeweyIDManager.newAttributeID (0x000078e2dfcb7288) [0x000078e2dfcb7380, 0x000078e2dfcbb5a8] Compiler: c1, Barriers: 17, Oops: 1, ImmediateOops: 2, NonImmediateOops: No
[2,016s][debug][gc,nmethod     ] Register NMethod: io.sirix.access.trx.node.xml.XmlNodeFactoryImpl.createAttributeNode (0x000078e2dfcbb608) [0x000078e2dfcbb700, 0x000078e2dfcbddf8] Compiler: c1, Barriers: 21, Oops: 2, ImmediateOops: 6, NonImmediateOops: No
[2,016s][debug][gc,nmethod     ] Register NMethod: io.sirix.node.xml.TextNode.getLeftSiblingKey (0x000078e2dfcbde88) [0x000078e2dfcbdf80, 0x000078e2dfcc2f70] Compiler: c1, Barriers: 19, Oops: 7, ImmediateOops: 11, NonImmediateOops: No
[2,017s][debug][gc,nmethod     ] Register NMethod: com.sun.org.apache.xerces.internal.util.NamespaceSupport.getAllPrefixes (0x000078e2dfcc3008) [0x000078e2dfcc3100, 0x000078e2dfcc3c68] Compiler: c1, Barriers: 20, Oops: 0, ImmediateOops: 0, NonImmediateOops: No
[2,017s][debug][gc,nmethod     ] Register NMethod: io.sirix.access.trx.node.xml.XmlNodeTrxImpl.insertAttribute (0x000078e2dfcc3c88) [0x000078e2dfcc3d80, 0x000078e2dfcd3e60] Compiler: c1, Barriers: 58, Oops: 8, ImmediateOops: 23, NonImmediateOops: No
[2,017s][debug][gc,nmethod     ] Register NMethod: io.sirix.access.trx.page.AbstractForwardingPageReadOnlyTrx.getResourceSession (0x000078e2dfcd3f08) [0x000078e2dfcd4000, 0x000078e2dfcd4538] Compiler: c1, Barriers: 2, Oops: 1, ImmediateOops: 1, NonImmediateOops: No
[2,019s][debug][gc,nmethod     ] Register NMethod: io.brackit.query.atomic.QNm.atomicCmpInternal (0x000078e2dfcd4588) [0x000078e2dfcd4680, 0x000078e2dfcd4eb0] Compiler: c1, Barriers: 4, Oops: 1, ImmediateOops: 0, NonImmediateOops: No
[2,020s][debug][gc,nmethod     ] Register NMethod: java.util.ArrayList.iterator (0x000078e2fece2b88) [0x000078e2fece2c80, 0x000078e2fece2dc0] Compiler: jvmci, Barriers: 2, Oops: 0, ImmediateOops: 0, NonImmediateOops: No
[2,020s][debug][gc,nmethod     ] Register NMethod: io.sirix.access.trx.node.xml.XmlNodeReadOnlyTrxImpl.getName (0x000078e2dfcd4f08) [0x000078e2dfcd5000, 0x000078e2dfcd71b0] Compiler: c1, Barriers: 4, Oops: 1, ImmediateOops: 4, NonImmediateOops: No
[2,021s][debug][gc,nmethod     ] Register NMethod: io.sirix.node.xml.AttributeNode.computeHash (0x000078e2dfcd7208) [0x000078e2dfcd7300, 0x000078e2dfcedb60] Compiler: c1, Barriers: 86, Oops: 13, ImmediateOops: 49, NonImmediateOops: No
[2,021s][debug][gc,nmethod     ] Register NMethod: io.sirix.node.MemorySegmentBytesOut.toByteArray (0x000078e2dfcedc08) [0x000078e2dfcedd00, 0x000078e2dfcede88] Compiler: c1, Barriers: 1, Oops: 1, ImmediateOops: 0, NonImmediateOops: No
[2,021s][debug][gc,nmethod     ] Register NMethod: java.util.HashMap.values (0x000078e2dfcedf08) [0x000078e2dfcee000, 0x000078e2dfcee428] Compiler: c1, Barriers: 7, Oops: 0, ImmediateOops: 0, NonImmediateOops: No
[2,021s][debug][gc,nmethod     ] Register NMethod: java.util.HashMap$ValueIterator.<init> (0x000078e2dfcee488) [0x000078e2dfcee580, 0x000078e2dfcee800] Compiler: c1, Barriers: 0, Oops: 0, ImmediateOops: 0, NonImmediateOops: No
[2,021s][debug][gc,nmethod     ] Register NMethod: java.util.HashMap$Values.iterator (0x000078e2dfcee808) [0x000078e2dfcee900, 0x000078e2dfceec80] Compiler: c1, Barriers: 1, Oops: 0, ImmediateOops: 0, NonImmediateOops: No
[2,022s][debug][gc,nmethod     ] Register NMethod: com.sun.org.apache.xerces.internal.util.XMLAttributesIteratorImpl.removeAllAttributes (0x000078e2dfceec88) [0x000078e2dfceed80, 0x000078e2dfceeee8] Compiler: c1, Barriers: 0, Oops: 0, ImmediateOops: 0, NonImmediateOops: No
[2,022s][debug][gc,nmethod     ] Register NMethod: com.sun.org.apache.xerces.internal.util.XMLAttributesImpl.removeAllAttributes (0x000078e2dfceef88) [0x000078e2dfcef080, 0x000078e2dfcef188] Compiler: c1, Barriers: 0, Oops: 0, ImmediateOops: 0, NonImmediateOops: No
[2,022s][debug][gc,nmethod     ] Register NMethod: com.sun.org.apache.xerces.internal.impl.XMLDocumentFragmentScannerImpl$ElementStack.nextElement (0x000078e2dfcef288) [0x000078e2dfcef380, 0x000078e2dfcefd90] Compiler: c1, Barriers: 13, Oops: 0, ImmediateOops: 0, NonImmediateOops: No
[2,022s][debug][gc,nmethod     ] Register NMethod: com.sun.org.apache.xerces.internal.impl.XMLDocumentFragmentScannerImpl$ElementStack.popElement (0x000078e2dfcefe08) [0x000078e2dfceff00, 0x000078e2dfcf0250] Compiler: c1, Barriers: 6, Oops: 0, ImmediateOops: 0, NonImmediateOops: No
[2,022s][debug][gc,director    ] Rule Major: Warmup 10%, Used: 290MB, UsedThreshold: 1228MB
[2,022s][debug][gc,nmethod     ] Register NMethod: com.sun.org.apache.xerces.internal.impl.XMLDocumentFragmentScannerImpl.checkDepth (0x000078e2dfcf0288) [0x000078e2dfcf0380, 0x000078e2dfcf35d8] Compiler: c1, Barriers: 26, Oops: 2, ImmediateOops: 8, NonImmediateOops: No
[2,022s][debug][gc,nmethod     ] Register NMethod: com.sun.xml.internal.stream.events.DummyEvent.asStartElement (0x000078e2dfcf3608) [0x000078e2dfcf3700, 0x000078e2dfcf3a20] Compiler: c1, Barriers: 0, Oops: 0, ImmediateOops: 0, NonImmediateOops: No
[2,022s][debug][gc,nmethod     ] Register NMethod: com.sun.org.apache.xerces.internal.util.NamespaceContextWrapper.<init> (0x000078e2dfcf3a88) [0x000078e2dfcf3b80, 0x000078e2dfcf3d50] Compiler: c1, Barriers: 3, Oops: 0, ImmediateOops: 0, NonImmediateOops: No
[2,022s][debug][gc,nmethod     ] Register NMethod: com.sun.org.apache.xerces.internal.impl.XMLStreamReaderImpl.getAttributeCount (0x000078e2dfcf3d88) [0x000078e2dfcf3e80, 0x000078e2dfcf4578] Compiler: c1, Barriers: 1, Oops: 0, ImmediateOops: 0, NonImmediateOops: No
[2,022s][debug][gc,nmethod     ] Register NMethod: com.sun.org.apache.xerces.internal.util.NamespaceSupport.<init> (0x000078e2dfcf4588) [0x000078e2dfcf4680, 0x000078e2dfcf5340] Compiler: c1, Barriers: 9, Oops: 0, ImmediateOops: 0, NonImmediateOops: No
[2,023s][debug][gc,nmethod     ] Register NMethod: io.sirix.node.GrowingMemorySegment.toByteArray (0x000078e2dfcf5388) [0x000078e2dfcf5480, 0x000078e2dfcfbf98] Compiler: c1, Barriers: 7, Oops: 9, ImmediateOops: 16, NonImmediateOops: No
[2,023s][debug][gc,nmethod     ] Register NMethod: com.sun.org.apache.xerces.internal.impl.XMLEntityScanner.arrangeCapacity (0x000078e2dfcfc008) [0x000078e2dfcfc100, 0x000078e2dfcfca58] Compiler: c1, Barriers: 10, Oops: 0, ImmediateOops: 0, NonImmediateOops: No
[2,023s][debug][gc,nmethod     ] Register NMethod: io.sirix.service.xml.shredder.AbstractShredder.processStartTag (0x000078e2dfcfca88) [0x000078e2dfcfcb80, 0x000078e2dfd028e8] Compiler: c1, Barriers: 27, Oops: 1, ImmediateOops: 11, NonImmediateOops: No
[2,023s][debug][gc,nmethod     ] Register NMethod: com.sun.org.apache.xerces.internal.impl.XMLNSDocumentScannerImpl.scanStartElement (0x000078e2dfd02908) [0x000078e2dfd02a00, 0x000078e2dfd0ba20] Compiler: c1, Barriers: 176, Oops: 11, ImmediateOops: 26, NonImmediateOops: No
[2,024s][debug][gc,nmethod     ] Register NMethod: io.sirix.service.xml.shredder.XmlShredder.addNewElement (0x000078e2dfd0ba88) [0x000078e2dfd0bb80, 0x000078e2dfd0f7a8] Compiler: c1, Barriers: 25, Oops: 1, ImmediateOops: 3, NonImmediateOops: No
[2,024s][debug][gc,nmethod     ] Register NMethod: io.sirix.node.xml.ElementNode.<init> (0x000078e2dfd0f808) [0x000078e2dfd0f900, 0x000078e2dfd10910] Compiler: c1, Barriers: 19, Oops: 1, ImmediateOops: 3, NonImmediateOops: No
[2,024s][debug][gc,nmethod     ] Register NMethod: io.sirix.access.trx.node.xml.XmlNodeFactoryImpl.createElementNode (0x000078e2dfd10988) [0x000078e2dfd10a80, 0x000078e2dfd15248] Compiler: c1, Barriers: 40, Oops: 2, ImmediateOops: 13, NonImmediateOops: No
[2,024s][debug][gc,nmethod     ] Register NMethod: io.sirix.node.xml.ElementNode.getLocalNameKey (0x000078e2dfd15288) [0x000078e2dfd15380, 0x000078e2dfd1a370] Compiler: c1, Barriers: 19, Oops: 7, ImmediateOops: 11, NonImmediateOops: No
[2,025s][debug][gc,nmethod     ] Register NMethod: io.sirix.node.xml.ElementNode.hasRightSibling (0x000078e2dfd1a408) [0x000078e2dfd1a500, 0x000078e2dfd1f938] Compiler: c1, Barriers: 19, Oops: 7, ImmediateOops: 12, NonImmediateOops: No
[2,025s][debug][gc,nmethod     ] Register NMethod: com.sun.xml.internal.stream.events.DummyEvent.asEndElement (0x000078e2dfd1f988) [0x000078e2dfd1fa80, 0x000078e2dfd1fda0] Compiler: c1, Barriers: 0, Oops: 0, ImmediateOops: 0, NonImmediateOops: No
[2,025s][debug][gc,nmethod     ] Register NMethod: io.sirix.node.xml.ElementNode.getHashFunction (0x000078e2dfd1fe08) [0x000078e2dfd1ff00, 0x000078e2dfd20068] Compiler: c1, Barriers: 2, Oops: 1, ImmediateOops: 0, NonImmediateOops: No
[2,025s][debug][gc,nmethod     ] Register NMethod: net.openhft.hashing.LongHashFunction.hashBytes (0x000078e2dfd20108) [0x000078e2dfd20200, 0x000078e2dfd20348] Compiler: c1, Barriers: 0, Oops: 1, ImmediateOops: 0, NonImmediateOops: No
[2,025s][debug][gc,nmethod     ] Register NMethod: io.sirix.node.xml.ElementNode.getPrefixKey (0x000078e2dfd20408) [0x000078e2dfd20500, 0x000078e2dfd254f0] Compiler: c1, Barriers: 19, Oops: 7, ImmediateOops: 11, NonImmediateOops: No
[2,025s][debug][gc,nmethod     ] Register NMethod: com.sun.xml.internal.stream.events.StartElementEvent.getNamespaces (0x000078e2dfd25588) [0x000078e2dfd25680, 0x000078e2dfd25d28] Compiler: c1, Barriers: 7, Oops: 0, ImmediateOops: 0, NonImmediateOops: No
[2,025s][debug][gc,nmethod     ] Register NMethod: com.sun.xml.internal.stream.events.StartElementEvent.getAttributes (0x000078e2dfd25d88) [0x000078e2dfd25e80, 0x000078e2dfd26730] Compiler: c1, Barriers: 7, Oops: 0, ImmediateOops: 0, NonImmediateOops: No
[2,025s][debug][gc,nmethod     ] Register NMethod: io.sirix.service.xml.shredder.AbstractShredder.processEndTag (0x000078e2dfd26788) [0x000078e2dfd26880, 0x000078e2dfd27a00] Compiler: c1, Barriers: 4, Oops: 1, ImmediateOops: 0, NonImmediateOops: No
[2,025s][debug][gc,nmethod     ] Register NMethod: io.sirix.access.trx.node.AbstractDeweyIDManager.newFirstChildID (0x000078e2dfd27a88) [0x000078e2dfd27b80, 0x000078e2dfd2aa60] Compiler: c1, Barriers: 12, Oops: 1, ImmediateOops: 2, NonImmediateOops: No
[2,026s][debug][gc,nmethod     ] Register NMethod: io.sirix.node.xml.ElementNode.getURIKey (0x000078e2dfd2aa88) [0x000078e2dfd2ab80, 0x000078e2dfd2fb70] Compiler: c1, Barriers: 19, Oops: 7, ImmediateOops: 11, NonImmediateOops: No
[2,026s][debug][gc,nmethod     ] Register NMethod: com.sun.xml.internal.stream.events.XMLEventAllocatorImpl.fillAttributes (0x000078e2dfd2fc08) [0x000078e2dfd2fd00, 0x000078e2dfd310b0] Compiler: c1, Barriers: 16, Oops: 0, ImmediateOops: 2, NonImmediateOops: No
[2,026s][debug][gc,nmethod     ] Register NMethod: io.brackit.query.atomic.AbstractAtomic.atomicCmp (0x000078e2dfd31108) [0x000078e2dfd31200, 0x000078e2dfd31bb8] Compiler: c1, Barriers: 4, Oops: 1, ImmediateOops: 0, NonImmediateOops: No
[2,026s][debug][gc,nmethod     ] Register NMethod: com.sun.xml.internal.stream.events.XMLEventAllocatorImpl.fillNamespaceAttributes (0x000078e2dfd31c08) [0x000078e2dfd31d00, 0x000078e2dfd323d0] Compiler: c1, Barriers: 1, Oops: 0, ImmediateOops: 1, NonImmediateOops: No
[2,026s][debug][gc,nmethod     ] Register NMethod: io.sirix.node.xml.TextNode.getRightSiblingKey (0x000078e2dfd32408) [0x000078e2dfd32500, 0x000078e2dfd374f0] Compiler: c1, Barriers: 19, Oops: 7, ImmediateOops: 11, NonImmediateOops: No
[2,026s][debug][gc,nmethod     ] Register NMethod: io.sirix.access.trx.page.NodePageTrx.prepareRecordPage (0x000078e2fece2e88) [0x000078e2fece2f80, 0x000078e2fece3c88] Compiler: jvmci, Barriers: 33, Oops: 3, ImmediateOops: 1, NonImmediateOops: No
[2,026s][debug][gc,nmethod     ] Register NMethod: com.sun.org.apache.xerces.internal.util.NamespaceSupport.popContext (0x000078e2dfd37588) [0x000078e2dfd37680, 0x000078e2dfd377e8] Compiler: c1, Barriers: 1, Oops: 0, ImmediateOops: 0, NonImmediateOops: No
[2,026s][debug][gc,nmethod     ] Register NMethod: io.sirix.node.xml.ElementNode.setFirstChildKey (0x000078e2dfd37888) [0x000078e2dfd37980, 0x000078e2dfd3caa8] Compiler: c1, Barriers: 19, Oops: 7, ImmediateOops: 12, NonImmediateOops: No
[2,027s][debug][gc,nmethod     ] Register NMethod: io.sirix.node.xml.TextNode.hasLeftSibling (0x000078e2dfd3cb08) [0x000078e2dfd3cc00, 0x000078e2dfd42038] Compiler: c1, Barriers: 19, Oops: 7, ImmediateOops: 12, NonImmediateOops: No
[2,027s][debug][gc,nmethod     ] Register NMethod: com.sun.xml.internal.stream.events.XMLEventAllocatorImpl.setNamespaceContext (0x000078e2dfd42088) [0x000078e2dfd42180, 0x000078e2dfd42610] Compiler: c1, Barriers: 8, Oops: 0, ImmediateOops: 0, NonImmediateOops: No
[2,027s][debug][gc,nmethod     ] Register NMethod: com.sun.org.apache.xerces.internal.impl.XMLEntityScanner.skipString (0x000078e2dfd42688) [0x000078e2dfd42780, 0x000078e2dfd438a0] Compiler: c1, Barriers: 6, Oops: 1, ImmediateOops: 2, NonImmediateOops: No
[2,027s][debug][gc,nmethod     ] Register NMethod: io.sirix.node.xml.TextNode.getDescendantCount (0x000078e2fece3d08) [0x000078e2fece3e00, 0x000078e2fece3ec0] Compiler: c1, Barriers: 0, Oops: 1, ImmediateOops: 0, NonImmediateOops: No
[2,027s][debug][gc,nmethod     ] Register NMethod: io.sirix.node.xml.TextNode.getKind (0x000078e2fece4008) [0x000078e2fece4100, 0x000078e2fece4190] Compiler: jvmci, Barriers: 0, Oops: 1, ImmediateOops: 1, NonImmediateOops: No
[2,027s][debug][gc,nmethod     ] Register NMethod: com.sun.xml.internal.stream.events.XMLEventAllocatorImpl.fillNamespaceAttributes (0x000078e2dfd43908) [0x000078e2dfd43a00, 0x000078e2dfd440d0] Compiler: c1, Barriers: 1, Oops: 0, ImmediateOops: 1, NonImmediateOops: No
[2,027s][debug][gc,nmethod     ] Register NMethod: com.sun.org.apache.xerces.internal.impl.XMLDocumentFragmentScannerImpl.scanEndElement (0x000078e2dfd44108) [0x000078e2dfd44200, 0x000078e2dfd45928] Compiler: c1, Barriers: 17, Oops: 3, ImmediateOops: 4, NonImmediateOops: No
[2,027s][debug][gc,nmethod     ] Register NMethod: io.sirix.access.trx.page.NodePageTrx.prepareRecordForModification (0x000078e2fece4308) [0x000078e2fece4400, 0x000078e2fece55d8] Compiler: jvmci, Barriers: 41, Oops: 3, ImmediateOops: 1, NonImmediateOops: No
[2,028s][debug][gc,nmethod     ] Register NMethod: io.sirix.access.trx.node.AbstractNodeReadOnlyTrx.setCurrentNode (0x000078e2fece5608) [0x000078e2fece5700, 0x000078e2fece5828] Compiler: jvmci, Barriers: 3, Oops: 1, ImmediateOops: 0, NonImmediateOops: No
[2,029s][debug][gc,nmethod     ] Register NMethod: io.sirix.access.trx.page.NodePageTrx.getMostRecentPageContainer (0x000078e2dfd45988) [0x000078e2dfd45a80, 0x000078e2dfd460b0] Compiler: c1, Barriers: 9, Oops: 1, ImmediateOops: 1, NonImmediateOops: No
[2,029s][debug][gc,nmethod     ] Register NMethod: io.sirix.access.trx.page.NodePageTrx.prepareRecordPage (0x000078e2dfd46108) [0x000078e2dfd46200, 0x000078e2dfd487a8] Compiler: c1, Barriers: 38, Oops: 4, ImmediateOops: 3, NonImmediateOops: No
[2,029s][debug][gc,nmethod     ] Register NMethod: io.sirix.access.trx.page.NodePageTrx$$Lambda/0x0000000092298210.<init> (0x000078e2dfd48808) [0x000078e2dfd48900, 0x000078e2dfd48b50] Compiler: c1, Barriers: 6, Oops: 1, ImmediateOops: 0, NonImmediateOops: No
[2,029s][debug][gc,nmethod     ] Register NMethod: io.sirix.access.trx.page.NodePageTrx$IndexLogKeyToPageContainer.<init> (0x000078e2dfd48b88) [0x000078e2dfd48c80, 0x000078e2dfd48f30] Compiler: c1, Barriers: 6, Oops: 1, ImmediateOops: 0, NonImmediateOops: No
[2,029s][debug][gc,nmethod     ] Register NMethod: io.sirix.access.trx.page.NodePageTrx.prepareRecordForModification (0x000078e2dfd48f88) [0x000078e2dfd49080, 0x000078e2dfd4af08] Compiler: c1, Barriers: 7, Oops: 2, ImmediateOops: 4, NonImmediateOops: No
[2,030s][debug][gc,nmethod     ] Register NMethod: io.sirix.node.GrowingMemorySegment.writeLong (0x000078e2fece5908) [0x000078e2fece5a00, 0x000078e2fece5cc8] Compiler: jvmci, Barriers: 4, Oops: 1, ImmediateOops: 0, NonImmediateOops: No
[2,031s][debug][gc,nmethod     ] Register NMethod: java.util.concurrent.atomic.AtomicLong.incrementAndGet (0x000078e2fece5d08) [0x000078e2fece5e00, 0x000078e2fece5e90] Compiler: jvmci, Barriers: 0, Oops: 0, ImmediateOops: 0, NonImmediateOops: No
[2,031s][debug][gc,nmethod     ] Register NMethod: io.sirix.access.trx.node.AbstractNodeReadOnlyTrx.moveTo (0x000078e2fece6008) [0x000078e2fece6100, 0x000078e2fece6bf8] Compiler: jvmci, Barriers: 22, Oops: 2, ImmediateOops: 1, NonImmediateOops: No
[2,031s][debug][gc,nmethod     ] Register NMethod: java.util.concurrent.atomic.AtomicLong.addAndGet (0x000078e2fece6c88) [0x000078e2fece6d80, 0x000078e2fece6e10] Compiler: jvmci, Barriers: 0, Oops: 0, ImmediateOops: 0, NonImmediateOops: No
[2,032s][debug][gc,nmethod     ] Register NMethod: java.util.concurrent.atomic.AtomicLong.compareAndSet (0x000078e2fece6f88) [0x000078e2fece7080, 0x000078e2fece7110] Compiler: jvmci, Barriers: 0, Oops: 0, ImmediateOops: 0, NonImmediateOops: No
[2,032s][debug][gc,nmethod     ] Register NMethod: io.sirix.access.trx.node.AbstractNodeReadOnlyTrx.moveTo (0x000078e2dfd4af88) [0x000078e2dfd4b080, 0x000078e2dfd4cbe8] Compiler: c1, Barriers: 11, Oops: 1, ImmediateOops: 4, NonImmediateOops: No
[2,032s][debug][gc,director    ] Rule Major: Warmup 10%, Used: 292MB, UsedThreshold: 1228MB
[2,032s][debug][gc,nmethod     ] Register NMethod: io.sirix.service.xml.xpath.ItemListImpl.size (0x000078e2dfd4cc08) [0x000078e2dfd4cd00, 0x000078e2dfd4d040] Compiler: c1, Barriers: 1, Oops: 1, ImmediateOops: 0, NonImmediateOops: No
[2,033s][debug][gc,nmethod     ] Register NMethod: io.sirix.node.xml.ElementNode.getParentKey (0x000078e2fece7288) [0x000078e2fece7380, 0x000078e2fece7618] Compiler: jvmci, Barriers: 4, Oops: 1, ImmediateOops: 0, NonImmediateOops: No
[2,033s][debug][gc,nmethod     ] Register NMethod: net.openhft.hashing.XXH3.XXH3_avalanche (0x000078e2fece7688) [0x000078e2fece7780, 0x000078e2fece7808] Compiler: jvmci, Barriers: 0, Oops: 1, ImmediateOops: 0, NonImmediateOops: No
[2,034s][debug][gc,nmethod     ] Register NMethod: io.sirix.page.RevisionRootPage.incrementAndGetMaxNodeKeyInDocumentIndex (0x000078e2fece7988) [0x000078e2fece7a80, 0x000078e2fece7b10] Compiler: jvmci, Barriers: 0, Oops: 1, ImmediateOops: 0, NonImmediateOops: No
[2,034s][debug][gc,nmethod     ] Register NMethod: io.sirix.node.xml.ElementNode.getHash (0x000078e2fece7c88) [0x000078e2fece7d80, 0x000078e2fece80a8] Compiler: jvmci, Barriers: 6, Oops: 1, ImmediateOops: 1, NonImmediateOops: No
[2,035s][debug][gc,nmethod     ] Register NMethod: io.sirix.node.xml.ElementNode.computeHash (0x000078e2dfd4d088) [0x000078e2dfd4d180, 0x000078e2dfd7c7c8] Compiler: c1, Barriers: 186, Oops: 16, ImmediateOops: 101, NonImmediateOops: No
[2,036s][debug][gc,nmethod     ] Register NMethod: com.sun.org.apache.xerces.internal.util.XMLAttributesImpl.checkDuplicatesNS (0x000078e2dfd7c888) [0x000078e2dfd7c980, 0x000078e2dfd7cf20] Compiler: c1, Barriers: 9, Oops: 0, ImmediateOops: 0, NonImmediateOops: No
[2,037s][debug][gc,nmethod     ] Register NMethod: io.sirix.access.trx.node.xml.ForwardingXmlNodeReadOnlyTrx.isDocumentRoot (0x000078e2dfd7cf88) [0x000078e2dfd7d080, 0x000078e2dfd7d680] Compiler: c1, Barriers: 1, Oops: 1, ImmediateOops: 0, NonImmediateOops: No
[2,037s][debug][gc,nmethod     ] Register NMethod: io.sirix.access.trx.node.xml.XmlNodeReadOnlyTrxImpl.isDocumentRoot (0x000078e2dfd7d708) [0x000078e2dfd7d800, 0x000078e2dfd7e2a8] Compiler: c1, Barriers: 1, Oops: 1, ImmediateOops: 2, NonImmediateOops: No
[2,037s][debug][gc,nmethod     ] Register NMethod: io.sirix.access.trx.node.AbstractDeweyIDManager.newRightSiblingID (0x000078e2dfd7e308) [0x000078e2dfd7e400, 0x000078e2dfd813d8] Compiler: c1, Barriers: 13, Oops: 1, ImmediateOops: 2, NonImmediateOops: No
[2,037s][debug][gc,nmethod     ] Register NMethod: io.sirix.access.trx.node.xml.XmlNodeTrxImpl.insertElementAsFirstChild (0x000078e2dfd81408) [0x000078e2dfd81500, 0x000078e2dfd86060] Compiler: c1, Barriers: 25, Oops: 1, ImmediateOops: 10, NonImmediateOops: No
[2,038s][debug][gc,nmethod     ] Register NMethod: it.unimi.dsi.fastutil.longs.LongArrays.forceCapacity (0x000078e2dfd86088) [0x000078e2dfd86180, 0x000078e2dfd86398] Compiler: c1, Barriers: 0, Oops: 1, ImmediateOops: 0, NonImmediateOops: No
[2,038s][debug][gc,nmethod     ] Register NMethod: io.sirix.access.trx.node.xml.XmlNodeTrxImpl.insertElementAsRightSibling (0x000078e2dfd86408) [0x000078e2dfd86500, 0x000078e2dfd8d248] Compiler: c1, Barriers: 31, Oops: 1, ImmediateOops: 7, NonImmediateOops: No
[2,038s][debug][gc,nmethod     ] Register NMethod: io.sirix.access.trx.node.xml.ForwardingXmlNodeReadOnlyTrx.hasNode (0x000078e2dfd8d288) [0x000078e2dfd8d380, 0x000078e2dfd8d980] Compiler: c1, Barriers: 1, Oops: 1, ImmediateOops: 0, NonImmediateOops: No
[2,038s][debug][gc,nmethod     ] Register NMethod: io.sirix.node.xml.ElementNode.setRightSiblingKey (0x000078e2dfd8da08) [0x000078e2dfd8db00, 0x000078e2dfd92c28] Compiler: c1, Barriers: 19, Oops: 7, ImmediateOops: 12, NonImmediateOops: No
[2,038s][debug][gc,nmethod     ] Register NMethod: io.sirix.access.trx.node.AbstractNodeReadOnlyTrx.hasNode (0x000078e2dfd92c88) [0x000078e2dfd92d80, 0x000078e2dfd939b0] Compiler: c1, Barriers: 4, Oops: 1, ImmediateOops: 2, NonImmediateOops: No
[2,038s][debug][gc,nmethod     ] Register NMethod: io.sirix.node.xml.TextNode.<init> (0x000078e2dfd93a08) [0x000078e2dfd93b00, 0x000078e2dfd94320] Compiler: c1, Barriers: 21, Oops: 1, ImmediateOops: 0, NonImmediateOops: No
[2,038s][debug][gc,nmethod     ] Register NMethod: io.sirix.node.xml.TextNode.getRawValue (0x000078e2dfd94388) [0x000078e2dfd94480, 0x000078e2dfd94798] Compiler: c1, Barriers: 9, Oops: 1, ImmediateOops: 0, NonImmediateOops: No
[2,039s][debug][gc,nmethod     ] Register NMethod: io.sirix.access.trx.node.xml.XmlNodeFactoryImpl.createTextNode (0x000078e2dfd94808) [0x000078e2dfd94900, 0x000078e2dfd96948] Compiler: c1, Barriers: 13, Oops: 2, ImmediateOops: 3, NonImmediateOops: No
[2,039s][debug][gc,nmethod     ] Register NMethod: io.sirix.node.xml.TextNode.hasRightSibling (0x000078e2dfd96988) [0x000078e2dfd96a80, 0x000078e2dfd9beb8] Compiler: c1, Barriers: 19, Oops: 7, ImmediateOops: 12, NonImmediateOops: No
[2,039s][debug][gc,nmethod     ] Register NMethod: io.sirix.access.trx.page.NodePageTrx.getPageContainer (0x000078e2fece8108) [0x000078e2fece8200, 0x000078e2fece88e8] Compiler: jvmci, Barriers: 17, Oops: 3, ImmediateOops: 1, NonImmediateOops: No
[2,040s][debug][gc,nmethod     ] Register NMethod: io.sirix.page.KeyValueLeafPage.getLastIndex (0x000078e2dfd9bf08) [0x000078e2dfd9c000, 0x000078e2dfd9c158] Compiler: c1, Barriers: 0, Oops: 1, ImmediateOops: 0, NonImmediateOops: No
[2,041s][debug][gc,nmethod     ] Register NMethod: net.jpountz.util.SafeUtils.checkRange (0x000078e2dfd9c208) [0x000078e2dfd9c300, 0x000078e2dfd9c500] Compiler: c1, Barriers: 0, Oops: 1, ImmediateOops: 0, NonImmediateOops: No
[2,041s][debug][gc,nmethod     ] Register NMethod: io.sirix.access.trx.page.NodePageTrx.getMostRecentPageContainer (0x000078e2fece8908) [0x000078e2fece8a00, 0x000078e2fece8dd0] Compiler: jvmci, Barriers: 9, Oops: 1, ImmediateOops: 1, NonImmediateOops: No
[2,041s][debug][gc,nmethod     ] Register NMethod: jdk.internal.foreign.HeapMemorySegmentImpl.unsafeGetOffset (0x000078e2fece8e08) [0x000078e2fece8f00, 0x000078e2fece8fc0] Compiler: c1, Barriers: 0, Oops: 0, ImmediateOops: 0, NonImmediateOops: No
[2,041s][debug][gc,nmethod     ] Register NMethod: jdk.internal.misc.Unsafe.park (0x000078e2fece9108) [0x000078e2fece9200, 0x000078e2fece9348] Compiler: , Barriers: 0, Oops: 0, ImmediateOops: 0, NonImmediateOops: No
[2,041s][debug][gc,nmethod     ] Register NMethod: jdk.internal.misc.Unsafe.getIntUnaligned (0x000078e2fece9408) [0x000078e2fece9500, 0x000078e2fece95c0] Compiler: jvmci, Barriers: 0, Oops: 0, ImmediateOops: 0, NonImmediateOops: No
[2,041s][debug][gc,nmethod     ] Register NMethod: java.util.HashMap.computeIfAbsent (0x000078e2fece9708) [0x000078e2fece9820, 0x000078e2feceb998] Compiler: jvmci, Barriers: 95, Oops: 1, ImmediateOops: 0, NonImmediateOops: No
[2,042s][debug][gc,nmethod     ] Register NMethod: jdk.internal.foreign.AbstractMemorySegmentImpl.get (0x000078e2dfd9c588) [0x000078e2dfd9c680, 0x000078e2dfd9ffb0] Compiler: c1, Barriers: 27, Oops: 5, ImmediateOops: 12, NonImmediateOops: No
[2,042s][debug][gc,nmethod     ] Register NMethod: io.sirix.page.KeyValueLeafPage.getAvailableSpace (0x000078e2dfda0008) [0x000078e2dfda0100, 0x000078e2dfda5bc0] Compiler: c1, Barriers: 19, Oops: 7, ImmediateOops: 12, NonImmediateOops: No
[2,042s][debug][gc,nmethod     ] Register NMethod: io.sirix.page.KeyValueLeafPage.alignOffset (0x000078e2feceba08) [0x000078e2fecebb00, 0x000078e2fecebb68] Compiler: jvmci, Barriers: 0, Oops: 1, ImmediateOops: 0, NonImmediateOops: No
[2,042s][debug][gc,nmethod     ] Register NMethod: io.sirix.node.GrowingMemorySegment.writeLong (0x000078e2dfda5c08) [0x000078e2dfda5d00, 0x000078e2dfda6438] Compiler: c1, Barriers: 5, Oops: 4, ImmediateOops: 4, NonImmediateOops: No
[2,042s][debug][gc,nmethod     ] Register NMethod: io.sirix.node.xml.TextNode.computeHash (0x000078e2dfda6488) [0x000078e2dfda6580, 0x000078e2dfdb7d28] Compiler: c1, Barriers: 75, Oops: 9, ImmediateOops: 36, NonImmediateOops: No
[2,042s][debug][gc,nmethod     ] Register NMethod: jdk.internal.misc.Unsafe.freeMemory0 (0x000078e2fecebd08) [0x000078e2fecebe00, 0x000078e2fecebf48] Compiler: , Barriers: 0, Oops: 0, ImmediateOops: 0, NonImmediateOops: No
[2,042s][debug][gc,nmethod     ] Register NMethod: io.sirix.node.MemorySegmentBytesOut.writePosition (0x000078e2dfdb7d88) [0x000078e2dfdb7e80, 0x000078e2dfdb8058] Compiler: c1, Barriers: 1, Oops: 1, ImmediateOops: 0, NonImmediateOops: No
[2,042s][debug][gc,director    ] Rule Major: Warmup 10%, Used: 292MB, UsedThreshold: 1228MB
[2,042s][debug][gc,nmethod     ] Register NMethod: io.sirix.node.MemorySegmentBytesOut.position (0x000078e2dfdb8088) [0x000078e2dfdb8180, 0x000078e2dfdb82d0] Compiler: c1, Barriers: 1, Oops: 1, ImmediateOops: 0, NonImmediateOops: No
[2,042s][debug][gc,nmethod     ] Register NMethod: io.sirix.page.KeyValueLeafPage.updateFreeSpaceStart (0x000078e2dfdb8388) [0x000078e2dfdb8480, 0x000078e2dfdb8a08] Compiler: c1, Barriers: 0, Oops: 1, ImmediateOops: 0, NonImmediateOops: No
[2,043s][debug][gc,nmethod     ] Register NMethod: jdk.internal.foreign.ConfinedSession$ConfinedResourceList.add (0x000078e2dfdb8a88) [0x000078e2dfdb8b80, 0x000078e2dfdb9028] Compiler: c1, Barriers: 11, Oops: 0, ImmediateOops: 2, NonImmediateOops: No
[2,043s][debug][gc,nmethod     ] Register NMethod: jdk.internal.foreign.AbstractMemorySegmentImpl.<init> (0x000078e2fecec008) [0x000078e2fecec120, 0x000078e2fecec218] Compiler: jvmci, Barriers: 3, Oops: 0, ImmediateOops: 0, NonImmediateOops: No
[2,043s][debug][gc,nmethod     ] Register NMethod: io.sirix.page.KeyValueLeafPage.updateLastSlotIndex (0x000078e2dfdb9088) [0x000078e2dfdb9180, 0x000078e2dfdb9500] Compiler: c1, Barriers: 2, Oops: 1, ImmediateOops: 0, NonImmediateOops: No
[2,043s][debug][gc,nmethod     ] Register NMethod: io.sirix.page.KeyValueLeafPage.setSlot (0x000078e2dfdb9588) [0x000078e2dfdb9680, 0x000078e2dfdb9828] Compiler: c1, Barriers: 2, Oops: 1, ImmediateOops: 0, NonImmediateOops: No
[2,043s][debug][gc,nmethod     ] Register NMethod: io.sirix.page.KeyValueLeafPage.findFreeSpaceForSlots (0x000078e2dfdb9888) [0x000078e2dfdb9980, 0x000078e2dfdba660] Compiler: c1, Barriers: 4, Oops: 1, ImmediateOops: 0, NonImmediateOops: No
[2,043s][debug][gc,nmethod     ] Register NMethod: io.sirix.node.GrowingMemorySegment.setPosition (0x000078e2fecec308) [0x000078e2fecec400, 0x000078e2fecec4c0] Compiler: c1, Barriers: 0, Oops: 1, ImmediateOops: 0, NonImmediateOops: No
[2,043s][debug][gc,nmethod     ] Register NMethod: io.sirix.node.MemorySegmentBytesOut.<init> (0x000078e2dfdba688) [0x000078e2dfdba780, 0x000078e2dfdbaa08] Compiler: c1, Barriers: 3, Oops: 1, ImmediateOops: 0, NonImmediateOops: No
[2,043s][debug][gc,nmethod     ] Register NMethod: jdk.internal.foreign.AbstractMemorySegmentImpl.overlaps (0x000078e2dfdbaa88) [0x000078e2dfdbab80, 0x000078e2dfdbb940] Compiler: c1, Barriers: 0, Oops: 0, ImmediateOops: 0, NonImmediateOops: No
[2,043s][debug][gc,nmethod     ] Register NMethod: io.sirix.page.KeyValueLeafPage.hasEnoughSpace (0x000078e2dfdbb988) [0x000078e2dfdbba80, 0x000078e2dfdbbe20] Compiler: c1, Barriers: 0, Oops: 1, ImmediateOops: 0, NonImmediateOops: No
[2,043s][debug][gc,nmethod     ] Register NMethod: io.sirix.node.xml.ElementNode.getAttributeKey (0x000078e2dfdbbe88) [0x000078e2dfdbbf80, 0x000078e2dfdbc398] Compiler: c1, Barriers: 1, Oops: 1, ImmediateOops: 1, NonImmediateOops: No
[2,043s][debug][gc,nmethod     ] Register NMethod: io.sirix.node.MemorySegmentBytesOut.writePosition (0x000078e2dfdbc408) [0x000078e2dfdbc500, 0x000078e2dfdbc6d8] Compiler: c1, Barriers: 1, Oops: 1, ImmediateOops: 0, NonImmediateOops: No
[2,043s][debug][gc,nmethod     ] Register NMethod: io.sirix.node.MemorySegmentBytesOut.position (0x000078e2dfdbc708) [0x000078e2dfdbc800, 0x000078e2dfdbc950] Compiler: c1, Barriers: 1, Oops: 1, ImmediateOops: 0, NonImmediateOops: No
[2,044s][debug][gc,nmethod     ] Register NMethod: jdk.internal.foreign.HeapMemorySegmentImpl$OfByte.unsafeGetOffset (0x000078e2dfdbca08) [0x000078e2dfdbcb00, 0x000078e2dfdbcc18] Compiler: c1, Barriers: 0, Oops: 0, ImmediateOops: 0, NonImmediateOops: No
[2,044s][debug][gc,nmethod     ] Register NMethod: io.sirix.node.NodeSerializerImpl.serialize (0x000078e2dfdbcd08) [0x000078e2dfdbce00, 0x000078e2dfdbd830] Compiler: c1, Barriers: 1, Oops: 1, ImmediateOops: 0, NonImmediateOops: No
[2,044s][debug][gc,nmethod     ] Register NMethod: java.util.BitSet.recalculateWordsInUse (0x000078e2fecec608) [0x000078e2fecec700, 0x000078e2fecec878] Compiler: jvmci, Barriers: 1, Oops: 0, ImmediateOops: 0, NonImmediateOops: No
[2,044s][debug][gc,nmethod     ] Register NMethod: sun.security.provider.SHA2.implCompress0 (0x000078e2dfdbd888) [0x000078e2dfdbd980, 0x000078e2dfdbe630] Compiler: c1, Barriers: 8, Oops: 0, ImmediateOops: 1, NonImmediateOops: No
[2,044s][debug][gc,nmethod     ] Register NMethod: io.sirix.node.xml.AttributeNode.getRawValue (0x000078e2fecec908) [0x000078e2fececa00, 0x000078e2fececae8] Compiler: c1, Barriers: 1, Oops: 1, ImmediateOops: 0, NonImmediateOops: No
[2,044s][debug][gc,nmethod     ] Register NMethod: io.sirix.node.xml.AttributeNode.isCompressed (0x000078e2fececc08) [0x000078e2fececd00, 0x000078e2fececdc0] Compiler: c1, Barriers: 0, Oops: 1, ImmediateOops: 0, NonImmediateOops: No
[2,044s][debug][gc,nmethod     ] Register NMethod: io.sirix.node.json.JsonNodeSerializer.writeEndPadding (0x000078e2dfdbe688) [0x000078e2dfdbe780, 0x000078e2dfdbebe8] Compiler: c1, Barriers: 2, Oops: 1, ImmediateOops: 0, NonImmediateOops: No
[2,044s][debug][gc,nmethod     ] Register NMethod: io.sirix.node.json.JsonNodeSerializer.writeSizePrefix (0x000078e2dfdbec08) [0x000078e2dfdbed00, 0x000078e2dfdbf378] Compiler: c1, Barriers: 4, Oops: 1, ImmediateOops: 0, NonImmediateOops: No
[2,045s][debug][gc,nmethod     ] Register NMethod: io.sirix.node.json.JsonNodeSerializer.updateSizePrefix (0x000078e2dfdbf388) [0x000078e2dfdbf480, 0x000078e2dfdbfb48] Compiler: c1, Barriers: 2, Oops: 1, ImmediateOops: 0, NonImmediateOops: No
[2,045s][debug][gc,nmethod     ] Register NMethod: jdk.internal.misc.Unsafe.putShortUnaligned (0x000078e2dfdbfb88) [0x000078e2dfdbfc80, 0x000078e2dfdbfe48] Compiler: c1, Barriers: 0, Oops: 0, ImmediateOops: 0, NonImmediateOops: No
[2,045s][debug][gc,nmethod     ] Register NMethod: io.sirix.node.xml.ElementNode.getNamespaceCount (0x000078e2dfdbfe88) [0x000078e2dfdbff80, 0x000078e2dfdc0110] Compiler: c1, Barriers: 1, Oops: 1, ImmediateOops: 0, NonImmediateOops: No
[2,045s][debug][gc,nmethod     ] Register NMethod: jdk.internal.foreign.AbstractMemorySegmentImpl.checkAccess (0x000078e2fececf08) [0x000078e2feced000, 0x000078e2feced190] Compiler: jvmci, Barriers: 0, Oops: 0, ImmediateOops: 0, NonImmediateOops: No
[2,045s][debug][gc,nmethod     ] Register NMethod: java.lang.foreign.MemorySegment.copy (0x000078e2dfdc0188) [0x000078e2dfdc0280, 0x000078e2dfdd0b88] Compiler: c1, Barriers: 39, Oops: 4, ImmediateOops: 41, NonImmediateOops: No
[2,045s][debug][gc,nmethod     ] Register NMethod: io.sirix.node.Utils.putVarLong (0x000078e2dfdd0c08) [0x000078e2dfdd0d00, 0x000078e2dfdd0e60] Compiler: c1, Barriers: 0, Oops: 1, ImmediateOops: 0, NonImmediateOops: No
[2,046s][debug][gc,nmethod     ] Register NMethod: io.sirix.node.MemorySegmentBytesOut.writeStopBit (0x000078e2dfdd0f08) [0x000078e2dfdd1000, 0x000078e2dfdd13c8] Compiler: c1, Barriers: 2, Oops: 1, ImmediateOops: 0, NonImmediateOops: No
[2,046s][debug][gc,nmethod     ] Register NMethod: io.sirix.access.trx.page.NodePageTrx.getRecord (0x000078e2feced208) [0x000078e2feced300, 0x000078e2fecede48] Compiler: jvmci, Barriers: 23, Oops: 3, ImmediateOops: 1, NonImmediateOops: No
[2,046s][debug][gc,nmethod     ] Register NMethod: io.sirix.node.MemorySegmentBytesOut.writeLong (0x000078e2fecede88) [0x000078e2fecedf80, 0x000078e2fecee418] Compiler: jvmci, Barriers: 7, Oops: 1, ImmediateOops: 0, NonImmediateOops: No
[2,047s][debug][gc,nmethod     ] Register NMethod: jdk.internal.foreign.SegmentBulkOperations.copy (0x000078e2dfdd1408) [0x000078e2dfdd1500, 0x000078e2dfde19c0] Compiler: c1, Barriers: 39, Oops: 4, ImmediateOops: 41, NonImmediateOops: No
[2,047s][debug][gc,nmethod     ] Register NMethod: jdk.internal.foreign.AbstractMemorySegmentImpl.isAlignedForElement (0x000078e2fecee488) [0x000078e2fecee580, 0x000078e2fecee770] Compiler: jvmci, Barriers: 0, Oops: 0, ImmediateOops: 0, NonImmediateOops: No
[2,047s][debug][gc,nmethod     ] Register NMethod: io.sirix.node.xml.AttributeNode.getKind (0x000078e2dfde1a08) [0x000078e2dfde1b00, 0x000078e2dfde1e20] Compiler: c1, Barriers: 0, Oops: 1, ImmediateOops: 1, NonImmediateOops: No
[2,047s][debug][gc,nmethod     ] Register NMethod: jdk.internal.misc.ScopedMemoryAccess.getLongUnaligned (0x000078e2fecee788) [0x000078e2fecee880, 0x000078e2feceea40] Compiler: jvmci, Barriers: 2, Oops: 0, ImmediateOops: 0, NonImmediateOops: No
[2,047s][debug][gc,nmethod     ] Register NMethod: jdk.internal.foreign.layout.ValueLayouts$AbstractValueLayout.varHandle (0x000078e2feceea88) [0x000078e2feceeb80, 0x000078e2feceec60] Compiler: jvmci, Barriers: 1, Oops: 0, ImmediateOops: 0, NonImmediateOops: No
[2,048s][debug][gc,nmethod     ] Register NMethod: io.sirix.node.xml.AttributeNode.getPreviousRevisionNumber (0x000078e2dfde1e88) [0x000078e2dfde1f80, 0x000078e2dfde6f70] Compiler: c1, Barriers: 19, Oops: 7, ImmediateOops: 11, NonImmediateOops: No
[2,048s][debug][gc,nmethod     ] Register NMethod: io.sirix.node.xml.AttributeNode.getLastModifiedRevisionNumber (0x000078e2dfde7008) [0x000078e2dfde7100, 0x000078e2dfdec0f0] Compiler: c1, Barriers: 19, Oops: 7, ImmediateOops: 11, NonImmediateOops: No
[2,048s][debug][gc,nmethod     ] Register NMethod: jdk.internal.misc.ScopedMemoryAccess.putLongUnaligned (0x000078e2feceed88) [0x000078e2feceee80, 0x000078e2fecef040] Compiler: jvmci, Barriers: 2, Oops: 0, ImmediateOops: 0, NonImmediateOops: No
[2,048s][debug][gc,nmethod     ] Register NMethod: io.sirix.node.xml.ElementNode.getKind (0x000078e2dfdec188) [0x000078e2dfdec280, 0x000078e2dfdec5a0] Compiler: c1, Barriers: 0, Oops: 1, ImmediateOops: 1, NonImmediateOops: No
[2,049s][debug][gc,nmethod     ] Register NMethod: io.sirix.node.GrowingMemorySegment.grow (0x000078e2dfdec608) [0x000078e2dfdec700, 0x000078e2dfdfd548] Compiler: c1, Barriers: 44, Oops: 5, ImmediateOops: 42, NonImmediateOops: No
[2,049s][debug][gc,nmethod     ] Register NMethod: io.sirix.node.xml.AttributeNode.getPathNodeKey (0x000078e2dfdfd588) [0x000078e2dfdfd680, 0x000078e2dfe02670] Compiler: c1, Barriers: 19, Oops: 7, ImmediateOops: 11, NonImmediateOops: No
[2,050s][debug][gc,nmethod     ] Register NMethod: io.sirix.node.xml.ElementNode.getPreviousRevisionNumber (0x000078e2dfe02708) [0x000078e2dfe02800, 0x000078e2dfe077f0] Compiler: c1, Barriers: 19, Oops: 7, ImmediateOops: 11, NonImmediateOops: No
[2,050s][debug][gc,nmethod     ] Register NMethod: io.sirix.node.xml.ElementNode.getLastModifiedRevisionNumber (0x000078e2dfe07888) [0x000078e2dfe07980, 0x000078e2dfe0c970] Compiler: c1, Barriers: 19, Oops: 7, ImmediateOops: 11, NonImmediateOops: No
[2,050s][debug][gc,nmethod     ] Register NMethod: io.sirix.node.xml.TextNode.isCompressed (0x000078e2fecef088) [0x000078e2fecef180, 0x000078e2fecef240] Compiler: c1, Barriers: 0, Oops: 1, ImmediateOops: 0, NonImmediateOops: No
[2,050s][debug][gc,nmethod     ] Register NMethod: io.sirix.node.NodeKind.writeHash (0x000078e2dfe0ca08) [0x000078e2dfe0cb00, 0x000078e2dfe0cd08] Compiler: c1, Barriers: 1, Oops: 1, ImmediateOops: 0, NonImmediateOops: No
[2,050s][debug][gc,nmethod     ] Register NMethod: io.sirix.node.GrowingMemorySegment.ensureCapacity (0x000078e2fecef388) [0x000078e2fecef480, 0x000078e2fecef560] Compiler: jvmci, Barriers: 0, Oops: 1, ImmediateOops: 0, NonImmediateOops: No
[2,051s][debug][gc,nmethod     ] Register NMethod: jdk.internal.misc.Unsafe.putIntUnaligned (0x000078e2fecef688) [0x000078e2fecef780, 0x000078e2fecef838] Compiler: jvmci, Barriers: 0, Oops: 0, ImmediateOops: 0, NonImmediateOops: No
[2,051s][debug][gc,nmethod     ] Register NMethod: java.lang.invoke.VarHandleSegmentAsLongs.set (0x000078e2fecef988) [0x000078e2fecefa80, 0x000078e2fecf00a8] Compiler: jvmci, Barriers: 4, Oops: 0, ImmediateOops: 0, NonImmediateOops: No
[2,052s][debug][gc,nmethod     ] Register NMethod: jdk.internal.misc.Unsafe.freeMemoryChecks (0x000078e2dfe0cd88) [0x000078e2dfe0ce80, 0x000078e2dfe0d078] Compiler: c1, Barriers: 0, Oops: 0, ImmediateOops: 0, NonImmediateOops: No
[2,052s][debug][gc,nmethod     ] Register NMethod: jdk.internal.foreign.SegmentFactories$1.cleanup (0x000078e2dfe0d088) [0x000078e2dfe0d180, 0x000078e2dfe0d740] Compiler: c1, Barriers: 0, Oops: 1, ImmediateOops: 4, NonImmediateOops: No
[2,052s][debug][gc,nmethod     ] Register NMethod: jdk.internal.foreign.MemorySessionImpl$ResourceList.cleanupSingle (0x000078e2dfe0d788) [0x000078e2dfe0d880, 0x000078e2dfe0de28] Compiler: c1, Barriers: 0, Oops: 0, ImmediateOops: 0, NonImmediateOops: No
[2,052s][debug][gc,director    ] Rule Major: Warmup 10%, Used: 292MB, UsedThreshold: 1228MB
[2,052s][debug][gc,nmethod     ] Register NMethod: jdk.internal.misc.Unsafe.freeMemory (0x000078e2dfe0de88) [0x000078e2dfe0df80, 0x000078e2dfe0e248] Compiler: c1, Barriers: 0, Oops: 0, ImmediateOops: 0, NonImmediateOops: No
[2,053s][debug][gc,nmethod     ] Register NMethod: jdk.internal.foreign.layout.AbstractLayout.<init> (0x000078e2dfe0e288) [0x000078e2dfe0e380, 0x000078e2dfe0e728] Compiler: c1, Barriers: 3, Oops: 0, ImmediateOops: 0, NonImmediateOops: No
[2,053s][debug][gc,nmethod     ] Register NMethod: jdk.internal.foreign.layout.MemoryLayoutUtil.requireByteSizeValid (0x000078e2dfe0e788) [0x000078e2dfe0e880, 0x000078e2dfe0f5e8] Compiler: c1, Barriers: 0, Oops: 1, ImmediateOops: 2, NonImmediateOops: No
[2,053s][debug][gc,nmethod     ] Register NMethod: jdk.internal.foreign.layout.AbstractLayout.requirePowerOfTwoAndGreaterOrEqualToOne (0x000078e2dfe0f608) [0x000078e2dfe0f700, 0x000078e2dfe10480] Compiler: c1, Barriers: 0, Oops: 1, ImmediateOops: 2, NonImmediateOops: No
[2,053s][debug][gc,nmethod     ] Register NMethod: jdk.internal.foreign.Utils.isPowerOfTwo (0x000078e2dfe10508) [0x000078e2dfe10600, 0x000078e2dfe10740] Compiler: c1, Barriers: 0, Oops: 0, ImmediateOops: 0, NonImmediateOops: No
[2,053s][debug][gc,nmethod     ] Register NMethod: java.lang.Class.getSimpleName (0x000078e2dfe10808) [0x000078e2dfe10900, 0x000078e2dfe10b60] Compiler: c1, Barriers: 4, Oops: 0, ImmediateOops: 0, NonImmediateOops: No
[2,053s][debug][gc,nmethod     ] Register NMethod: jdk.internal.foreign.layout.ValueLayouts$AbstractValueLayout.assertCarrierSize (0x000078e2dfe10b88) [0x000078e2dfe10c80, 0x000078e2dfe10d90] Compiler: c1, Barriers: 0, Oops: 0, ImmediateOops: 0, NonImmediateOops: No
[2,053s][debug][gc,nmethod     ] Register NMethod: jdk.internal.foreign.AbstractMemorySegmentImpl.set (0x000078e2fecf0108) [0x000078e2fecf0200, 0x000078e2fecf09b0] Compiler: jvmci, Barriers: 16, Oops: 1, ImmediateOops: 3, NonImmediateOops: No
[2,053s][debug][gc,nmethod     ] Register NMethod: jdk.internal.foreign.layout.ValueLayouts$AbstractValueLayout.<init> (0x000078e2dfe10e88) [0x000078e2dfe10f80, 0x000078e2dfe114e8] Compiler: c1, Barriers: 9, Oops: 0, ImmediateOops: 0, NonImmediateOops: No
[2,053s][debug][gc,nmethod     ] Register NMethod: jdk.internal.foreign.GlobalSession.<init> (0x000078e2dfe11508) [0x000078e2dfe11600, 0x000078e2dfe118c0] Compiler: c1, Barriers: 6, Oops: 0, ImmediateOops: 0, NonImmediateOops: No
[2,054s][debug][gc,nmethod     ] Register NMethod: jdk.internal.foreign.AbstractMemorySegmentImpl$$Lambda/0x000000009222e268.apply (0x000078e2dfe11908) [0x000078e2dfe11a00, 0x000078e2dfe11be0] Compiler: c1, Barriers: 0, Oops: 0, ImmediateOops: 0, NonImmediateOops: No
[2,054s][debug][gc,nmethod     ] Register NMethod: jdk.internal.foreign.AbstractMemorySegmentImpl.lambda$toArray$0 (0x000078e2dfe11c08) [0x000078e2dfe11d00, 0x000078e2dfe11e68] Compiler: c1, Barriers: 0, Oops: 0, ImmediateOops: 0, NonImmediateOops: No
[2,054s][debug][gc,nmethod     ] Register NMethod: jdk.internal.foreign.AbstractMemorySegmentImpl$$Lambda/0x000000009222f818.apply (0x000078e2dfe11f08) [0x000078e2dfe12000, 0x000078e2dfe12398] Compiler: c1, Barriers: 0, Oops: 0, ImmediateOops: 0, NonImmediateOops: No
[2,054s][debug][gc,nmethod     ] Register NMethod: java.lang.foreign.MemorySegment.ofArray (0x000078e2dfe12408) [0x000078e2dfe12500, 0x000078e2dfe12610] Compiler: c1, Barriers: 0, Oops: 0, ImmediateOops: 0, NonImmediateOops: No
[2,054s][debug][gc,nmethod     ] Register NMethod: jdk.internal.foreign.MemorySessionImpl.checkValidStateRaw (0x000078e2fecf0a08) [0x000078e2fecf0b00, 0x000078e2fecf0c78] Compiler: jvmci, Barriers: 2, Oops: 0, ImmediateOops: 0, NonImmediateOops: No
[2,055s][debug][gc,nmethod     ] Register NMethod: jdk.internal.foreign.SegmentFactories.fromArray (0x000078e2dfe12708) [0x000078e2dfe12800, 0x000078e2dfe13300] Compiler: c1, Barriers: 3, Oops: 0, ImmediateOops: 1, NonImmediateOops: No
[2,055s][debug][gc,nmethod     ] Register NMethod: jdk.internal.foreign.layout.ValueLayouts$OfByteImpl.withOrder (0x000078e2dfe13308) [0x000078e2dfe13400, 0x000078e2dfe13750] Compiler: c1, Barriers: 0, Oops: 0, ImmediateOops: 0, NonImmediateOops: No
[2,055s][debug][gc,nmethod     ] Register NMethod: jdk.internal.foreign.layout.ValueLayouts$AbstractValueLayout.withOrder (0x000078e2dfe13788) [0x000078e2dfe13880, 0x000078e2dfe140b0] Compiler: c1, Barriers: 1, Oops: 0, ImmediateOops: 0, NonImmediateOops: No
[2,055s][debug][gc,nmethod     ] Register NMethod: io.sirix.node.GrowingMemorySegment.writeLong (0x000078e2fecf0d08) [0x000078e2fecf0e00, 0x000078e2fecf1230] Compiler: jvmci, Barriers: 6, Oops: 1, ImmediateOops: 0, NonImmediateOops: No
[2,056s][debug][gc,nmethod     ] Register NMethod: jdk.internal.foreign.MemorySessionImpl.createHeap (0x000078e2dfe14108) [0x000078e2dfe14200, 0x000078e2dfe14688] Compiler: c1, Barriers: 3, Oops: 0, ImmediateOops: 0, NonImmediateOops: No
[2,056s][debug][gc,nmethod     ] Register NMethod: jdk.internal.foreign.HeapMemorySegmentImpl$OfByte.unsafeGetBase (0x000078e2dfe14708) [0x000078e2dfe14800, 0x000078e2dfe14e90] Compiler: c1, Barriers: 1, Oops: 0, ImmediateOops: 0, NonImmediateOops: No
[2,056s][debug][gc,nmethod     ] Register NMethod: io.sirix.node.MemorySegmentBytesOut.writeInt (0x000078e2fecf1288) [0x000078e2fecf1380, 0x000078e2fecf1810] Compiler: jvmci, Barriers: 7, Oops: 1, ImmediateOops: 0, NonImmediateOops: No
[2,056s][debug][gc,nmethod     ] Register NMethod: io.sirix.node.NodeKind$2.serialize (0x000078e2dfe14f08) [0x000078e2dfe15000, 0x000078e2dfe39a30] Compiler: c1, Barriers: 145, Oops: 15, ImmediateOops: 77, NonImmediateOops: No
[2,056s][debug][gc,nmethod     ] Register NMethod: jdk.internal.foreign.HeapMemorySegmentImpl$OfByte.unsafeGetBase (0x000078e2dfe39b08) [0x000078e2dfe39c00, 0x000078e2dfe3a078] Compiler: c1, Barriers: 1, Oops: 0, ImmediateOops: 0, NonImmediateOops: No
[2,057s][debug][gc,nmethod     ] Register NMethod: sun.security.provider.SHA2.implCompress (0x000078e2dfe3a088) [0x000078e2dfe3a180, 0x000078e2dfe3a590] Compiler: c1, Barriers: 0, Oops: 1, ImmediateOops: 1, NonImmediateOops: No
[2,057s][debug][gc,nmethod     ] Register NMethod: sun.security.provider.SHA2.implCompressCheck (0x000078e2dfe3a608) [0x000078e2dfe3a700, 0x000078e2dfe3aa68] Compiler: c1, Barriers: 0, Oops: 1, ImmediateOops: 1, NonImmediateOops: No
[2,057s][debug][gc,nmethod     ] Register NMethod: jdk.internal.foreign.AbstractMemorySegmentImpl.toArray (0x000078e2dfe3aa88) [0x000078e2dfe3ab80, 0x000078e2dfe45870] Compiler: c1, Barriers: 14, Oops: 6, ImmediateOops: 23, NonImmediateOops: No
[2,058s][debug][gc,nmethod     ] Register NMethod: jdk.internal.foreign.AbstractMemorySegmentImpl.toArray (0x000078e2dfe45908) [0x000078e2dfe45a00, 0x000078e2dfe45ee0] Compiler: c1, Barriers: 0, Oops: 4, ImmediateOops: 3, NonImmediateOops: No
[2,058s][debug][gc,nmethod     ] Register NMethod: jdk.internal.foreign.GlobalSession$HeapSession.<init> (0x000078e2dfe45f08) [0x000078e2dfe46000, 0x000078e2dfe464d8] Compiler: c1, Barriers: 9, Oops: 0, ImmediateOops: 0, NonImmediateOops: No
[2,058s][debug][gc,nmethod     ] Register NMethod: jdk.internal.foreign.HeapMemorySegmentImpl$OfByte.<init> (0x000078e2dfe46508) [0x000078e2dfe46600, 0x000078e2dfe46918] Compiler: c1, Barriers: 6, Oops: 0, ImmediateOops: 0, NonImmediateOops: No
[2,058s][debug][gc,nmethod     ] Register NMethod: jdk.internal.foreign.HeapMemorySegmentImpl.<init> (0x000078e2dfe46988) [0x000078e2dfe46a80, 0x000078e2dfe46d38] Compiler: c1, Barriers: 6, Oops: 0, ImmediateOops: 0, NonImmediateOops: No
[2,058s][debug][gc,nmethod     ] Register NMethod: jdk.internal.foreign.layout.ValueLayouts$OfByteImpl.<init> (0x000078e2dfe46d88) [0x000078e2dfe46e80, 0x000078e2dfe46fd8] Compiler: c1, Barriers: 0, Oops: 0, ImmediateOops: 1, NonImmediateOops: No
[2,058s][debug][gc,nmethod     ] Register NMethod: java.lang.foreign.MemorySegment.copy (0x000078e2dfe47088) [0x000078e2dfe47180, 0x000078e2dfe514a0] Compiler: c1, Barriers: 14, Oops: 6, ImmediateOops: 22, NonImmediateOops: No
[2,058s][debug][gc,nmethod     ] Register NMethod: jdk.internal.foreign.layout.ValueLayouts$OfByteImpl.dup (0x000078e2dfe51508) [0x000078e2dfe51600, 0x000078e2dfe518f8] Compiler: c1, Barriers: 0, Oops: 0, ImmediateOops: 0, NonImmediateOops: No
[2,059s][debug][gc,nmethod     ] Register NMethod: jdk.internal.foreign.layout.ValueLayouts$OfByteImpl.dup (0x000078e2dfe51908) [0x000078e2dfe51a00, 0x000078e2dfe51bb0] Compiler: c1, Barriers: 0, Oops: 0, ImmediateOops: 0, NonImmediateOops: No
[2,059s][debug][gc,nmethod     ] Register NMethod: jdk.internal.foreign.HeapMemorySegmentImpl$OfByte.maxAlignMask (0x000078e2dfe51c08) [0x000078e2dfe51d00, 0x000078e2dfe51e08] Compiler: c1, Barriers: 0, Oops: 0, ImmediateOops: 0, NonImmediateOops: No
[2,059s][debug][gc,nmethod     ] Register NMethod: io.sirix.node.GrowingMemorySegment.writeInt (0x000078e2fecf1888) [0x000078e2fecf1980, 0x000078e2fecf1db0] Compiler: jvmci, Barriers: 6, Oops: 1, ImmediateOops: 0, NonImmediateOops: No
[2,059s][debug][gc,nmethod     ] Register NMethod: jdk.internal.misc.Unsafe.putShortUnaligned (0x000078e2dfe51f08) [0x000078e2dfe52000, 0x000078e2dfe52230] Compiler: c1, Barriers: 0, Oops: 0, ImmediateOops: 0, NonImmediateOops: No
[2,059s][debug][gc,nmethod     ] Register NMethod: sun.security.provider.ByteArrayAccess.b2iBig64 (0x000078e2dfe52288) [0x000078e2dfe52380, 0x000078e2dfe5ccc0] Compiler: c1, Barriers: 0, Oops: 5, ImmediateOops: 80, NonImmediateOops: No
[2,059s][debug][gc,nmethod     ] Register NMethod: java.lang.invoke.VarHandleSegmentAsInts.get (0x000078e2fecf1e08) [0x000078e2fecf1f00, 0x000078e2fecf24d0] Compiler: jvmci, Barriers: 4, Oops: 0, ImmediateOops: 0, NonImmediateOops: No
[2,059s][debug][gc,nmethod     ] Register NMethod: io.sirix.node.xml.TextNode.getKind (0x000078e2dfe5cd08) [0x000078e2dfe5ce00, 0x000078e2dfe5d120] Compiler: c1, Barriers: 0, Oops: 1, ImmediateOops: 1, NonImmediateOops: No
[2,060s][debug][gc,nmethod     ] Register NMethod: jdk.internal.foreign.AbstractMemorySegmentImpl.copy (0x000078e2dfe5d188) [0x000078e2dfe5d280, 0x000078e2dfe67050] Compiler: c1, Barriers: 14, Oops: 6, ImmediateOops: 22, NonImmediateOops: No
[2,060s][debug][gc,nmethod     ] Register NMethod: io.sirix.node.xml.TextNode.getLastModifiedRevisionNumber (0x000078e2dfe67088) [0x000078e2dfe67180, 0x000078e2dfe6c170] Compiler: c1, Barriers: 19, Oops: 7, ImmediateOops: 11, NonImmediateOops: No
[2,060s][debug][gc,nmethod     ] Register NMethod: java.util.Arrays.sort (0x000078e2dfe6c208) [0x000078e2dfe6c300, 0x000078e2dfe6c530] Compiler: c1, Barriers: 0, Oops: 0, ImmediateOops: 0, NonImmediateOops: No
[2,061s][debug][gc,nmethod     ] Register NMethod: io.sirix.node.NodeKind$1.serialize (0x000078e2dfe6c588) [0x000078e2dfe6c680, 0x000078e2dfea7648] Compiler: c1, Barriers: 235, Oops: 19, ImmediateOops: 124, NonImmediateOops: No
[2,061s][debug][gc,nmethod     ] Register NMethod: java.util.concurrent.atomic.AtomicInteger.get (0x000078e2fecf2508) [0x000078e2fecf2600, 0x000078e2fecf26c0] Compiler: c1, Barriers: 0, Oops: 0, ImmediateOops: 0, NonImmediateOops: No
[2,061s][debug][gc,nmethod     ] Register NMethod: java.lang.invoke.VarHandleGuards.guard_LJ_I (0x000078e2fecf2808) [0x000078e2fecf2900, 0x000078e2fecf3040] Compiler: jvmci, Barriers: 23, Oops: 0, ImmediateOops: 5, NonImmediateOops: No
[2,061s][debug][gc,nmethod     ] Register NMethod: io.sirix.page.PageReference.getLogKey (0x000078e2fecf3088) [0x000078e2fecf3180, 0x000078e2fecf3240] Compiler: c1, Barriers: 0, Oops: 1, ImmediateOops: 0, NonImmediateOops: No
[2,062s][debug][gc,nmethod     ] Register NMethod: io.sirix.node.xml.TextNode.getPreviousRevisionNumber (0x000078e2dfea7708) [0x000078e2dfea7800, 0x000078e2dfeac7f0] Compiler: c1, Barriers: 19, Oops: 7, ImmediateOops: 11, NonImmediateOops: No
[2,062s][debug][gc,director    ] Rule Major: Warmup 10%, Used: 294MB, UsedThreshold: 1228MB
[2,063s][debug][gc,nmethod     ] Register NMethod: java.lang.invoke.VarHandleByteArrayAsInts$ArrayHandle.get (0x000078e2fecf3388) [0x000078e2fecf3480, 0x000078e2fecf3660] Compiler: jvmci, Barriers: 0, Oops: 0, ImmediateOops: 0, NonImmediateOops: No
[2,063s][debug][gc,nmethod     ] Register NMethod: sun.security.provider.SHA2.implCompress0 (0x000078e2fecf3688) [0x000078e2fecf3780, 0x000078e2fecf3c38] Compiler: jvmci, Barriers: 2, Oops: 0, ImmediateOops: 1, NonImmediateOops: No
[2,064s][debug][gc,nmethod     ] Register NMethod: jdk.internal.misc.Unsafe.checkPointer (0x000078e2fecf3c88) [0x000078e2fecf3d80, 0x000078e2fecf3e40] Compiler: jvmci, Barriers: 0, Oops: 0, ImmediateOops: 0, NonImmediateOops: No
[2,064s][debug][gc,nmethod     ] Register NMethod: jdk.internal.misc.Unsafe.checkSize (0x000078e2fecf3f88) [0x000078e2fecf4080, 0x000078e2fecf4138] Compiler: jvmci, Barriers: 0, Oops: 0, ImmediateOops: 0, NonImmediateOops: No
[2,064s][debug][gc,nmethod     ] Register NMethod: jdk.internal.misc.Unsafe.checkNativeAddress (0x000078e2fecf4288) [0x000078e2fecf4380, 0x000078e2fecf4400] Compiler: jvmci, Barriers: 0, Oops: 0, ImmediateOops: 0, NonImmediateOops: No
[2,066s][debug][gc,nmethod     ] Register NMethod: io.sirix.node.NodeKind$4.serialize (0x000078e2dfeac888) [0x000078e2dfeac980, 0x000078e2dfec7158] Compiler: c1, Barriers: 110, Oops: 13, ImmediateOops: 55, NonImmediateOops: No
[2,067s][debug][gc,nmethod     ] Register NMethod: java.lang.invoke.VarHandleGuards.guard_LI_I (0x000078e2fecf4588) [0x000078e2fecf4680, 0x000078e2fecf4db8] Compiler: jvmci, Barriers: 23, Oops: 0, ImmediateOops: 5, NonImmediateOops: No
[2,067s][debug][gc,nmethod     ] Register NMethod: io.sirix.node.GrowingMemorySegment.writeByte (0x000078e2fecf4e08) [0x000078e2fecf4f00, 0x000078e2fecf5328] Compiler: jvmci, Barriers: 6, Oops: 1, ImmediateOops: 0, NonImmediateOops: No
[2,067s][debug][gc,nmethod     ] Register NMethod: com.sun.org.apache.xerces.internal.impl.XMLEntityScanner.checkEntityLimit (0x000078e2fecf5388) [0x000078e2fecf5480, 0x000078e2fecf5560] Compiler: jvmci, Barriers: 0, Oops: 0, ImmediateOops: 0, NonImmediateOops: No
[2,068s][debug][gc,nmethod     ] Register NMethod: io.sirix.axis.AbstractAxis.hasNext (0x000078e2fecf5688) [0x000078e2fecf5780, 0x000078e2fecf5b40] Compiler: jvmci, Barriers: 5, Oops: 1, ImmediateOops: 1, NonImmediateOops: No
[2,068s][debug][gc,nmethod     ] Register NMethod: io.sirix.index.path.summary.PathSummaryReader.getNodeKey (0x000078e2fecf5b88) [0x000078e2fecf5c80, 0x000078e2fecf5e00] Compiler: jvmci, Barriers: 2, Oops: 1, ImmediateOops: 0, NonImmediateOops: No
[2,068s][debug][gc,nmethod     ] Register NMethod: java.nio.ByteOrder.nativeOrder (0x000078e2fecf5e88) [0x000078e2fecf5f80, 0x000078e2fecf5ff0] Compiler: jvmci, Barriers: 0, Oops: 0, ImmediateOops: 1, NonImmediateOops: No
[2,068s][debug][gc,nmethod     ] Register NMethod: jdk.internal.misc.ScopedMemoryAccess.getScopedMemoryAccess (0x000078e2fecf6188) [0x000078e2fecf6280, 0x000078e2fecf62f0] Compiler: jvmci, Barriers: 0, Oops: 0, ImmediateOops: 1, NonImmediateOops: No
[2,068s][debug][gc,nmethod     ] Register NMethod: jdk.internal.foreign.SegmentFactories.ensureInitialized (0x000078e2fecf6488) [0x000078e2fecf6580, 0x000078e2fecf65e0] Compiler: jvmci, Barriers: 0, Oops: 0, ImmediateOops: 0, NonImmediateOops: No
[2,069s][debug][gc,nmethod     ] Register NMethod: io.sirix.page.KeyValueLeafPage.setData (0x000078e2dfec7208) [0x000078e2dfec7300, 0x000078e2dff0ca80] Compiler: c1, Barriers: 182, Oops: 16, ImmediateOops: 164, NonImmediateOops: No
[2,073s][debug][gc,director    ] Rule Major: Warmup 10%, Used: 294MB, UsedThreshold: 1228MB
[2,074s][debug][gc,nmethod     ] Register NMethod: io.sirix.access.trx.node.AbstractNodeHashing.setAddDescendants (0x000078e2fecf6788) [0x000078e2fecf6880, 0x000078e2fecf70b0] Compiler: jvmci, Barriers: 13, Oops: 1, ImmediateOops: 1, NonImmediateOops: No
[2,074s][debug][gc,nmethod     ] Register NMethod: com.github.benmanes.caffeine.cache.BLCHeader$DrainStatusRef.drainStatusOpaque (0x000078e2dff0cb08) [0x000078e2dff0cc00, 0x000078e2dff0da40] Compiler: c1, Barriers: 0, Oops: 6, ImmediateOops: 6, NonImmediateOops: No
[2,074s][debug][gc,nmethod     ] Register NMethod: sun.nio.fs.UnixPath.getByteArrayForSysCalls (0x000078e2dff0da88) [0x000078e2dff0db80, 0x000078e2dff0e378] Compiler: c1, Barriers: 4, Oops: 0, ImmediateOops: 0, NonImmediateOops: No
[2,074s][debug][gc,nmethod     ] Register NMethod: java.lang.invoke.VarHandleInts$FieldInstanceReadOnly.getOpaque (0x000078e2dff0e388) [0x000078e2dff0e480, 0x000078e2dff0f090] Compiler: c1, Barriers: 1, Oops: 1, ImmediateOops: 1, NonImmediateOops: No
[2,074s][debug][gc,nmethod     ] Register NMethod: com.github.benmanes.caffeine.cache.BoundedLocalCache.expiresAfterAccess (0x000078e2fecf7108) [0x000078e2fecf7200, 0x000078e2fecf72c0] Compiler: c1, Barriers: 0, Oops: 1, ImmediateOops: 0, NonImmediateOops: No
[2,078s][debug][gc,nmethod     ] Register NMethod: net.jpountz.xxhash.XXHashJNI.XXH32_init (0x000078e2fecf7408) [0x000078e2fecf7500, 0x000078e2fecf7668] Compiler: , Barriers: 0, Oops: 1, ImmediateOops: 1, NonImmediateOops: No
[2,078s][debug][gc,nmethod     ] Register NMethod: java.util.concurrent.atomic.AtomicReference.get (0x000078e2fecf7708) [0x000078e2fecf7800, 0x000078e2fecf78e8] Compiler: c1, Barriers: 1, Oops: 0, ImmediateOops: 0, NonImmediateOops: No
[2,078s][debug][gc,nmethod     ] Register NMethod: java.lang.System.currentTimeMillis (0x000078e2fecf7a08) [0x000078e2fecf7b00, 0x000078e2fecf7c58] Compiler: , Barriers: 0, Oops: 0, ImmediateOops: 1, NonImmediateOops: No
[2,079s][debug][gc,nmethod     ] Register NMethod: jdk.internal.misc.Unsafe.putReferenceOpaque (0x000078e2dff0f108) [0x000078e2dff0f200, 0x000078e2dff0f378] Compiler: c1, Barriers: 3, Oops: 0, ImmediateOops: 0, NonImmediateOops: No
[2,079s][debug][gc,nmethod     ] Register NMethod: sun.nio.ch.NativeThread.current0 (0x000078e2fecf7d08) [0x000078e2fecf7e00, 0x000078e2fecf7f58] Compiler: , Barriers: 0, Oops: 0, ImmediateOops: 1, NonImmediateOops: No
[2,079s][debug][gc,nmethod     ] Register NMethod: jdk.internal.misc.Unsafe.unpark (0x000078e2fecf8008) [0x000078e2fecf8100, 0x000078e2fecf8258] Compiler: , Barriers: 0, Oops: 0, ImmediateOops: 0, NonImmediateOops: No
[2,079s][debug][gc,nmethod     ] Register NMethod: java.nio.channels.spi.AbstractInterruptibleChannel.isOpen (0x000078e2dff0f408) [0x000078e2dff0f500, 0x000078e2dff0f650] Compiler: c1, Barriers: 0, Oops: 0, ImmediateOops: 0, NonImmediateOops: No
[2,079s][debug][gc,nmethod     ] Register NMethod: io.sirix.node.MemorySegmentBytesIn.readByte (0x000078e2dff0f708) [0x000078e2dff0f800, 0x000078e2dff13220] Compiler: c1, Barriers: 5, Oops: 6, ImmediateOops: 9, NonImmediateOops: No
[2,079s][debug][gc,nmethod     ] Register NMethod: java.util.concurrent.ForkJoinPool.deactivate (0x000078e2dff13288) [0x000078e2dff13380, 0x000078e2dff13e28] Compiler: c1, Barriers: 4, Oops: 0, ImmediateOops: 0, NonImmediateOops: No
[2,079s][debug][gc,nmethod     ] Register NMethod: jdk.internal.foreign.AbstractMemorySegmentImpl.get (0x000078e2dff13e88) [0x000078e2dff13f80, 0x000078e2dff17890] Compiler: c1, Barriers: 27, Oops: 5, ImmediateOops: 12, NonImmediateOops: No
[2,080s][debug][gc,nmethod     ] Register NMethod: com.github.benmanes.caffeine.cache.SSLSMW.evicts (0x000078e2fecf8308) [0x000078e2fecf8400, 0x000078e2fecf84c0] Compiler: c1, Barriers: 0, Oops: 1, ImmediateOops: 0, NonImmediateOops: No
[2,080s][debug][gc,nmethod     ] Register NMethod: io.sirix.page.PageReference.getKey (0x000078e2fecf8608) [0x000078e2fecf8700, 0x000078e2fecf87c0] Compiler: c1, Barriers: 0, Oops: 1, ImmediateOops: 0, NonImmediateOops: No
[2,080s][debug][gc,nmethod     ] Register NMethod: java.util.concurrent.locks.LockSupport.setCurrentBlocker (0x000078e2dff17908) [0x000078e2dff17a00, 0x000078e2dff17d38] Compiler: c1, Barriers: 1, Oops: 0, ImmediateOops: 1, NonImmediateOops: No
[2,080s][debug][gc,nmethod     ] Register NMethod: com.github.benmanes.caffeine.cache.AbstractLinkedDeque.peekFirst (0x000078e2fecf8908) [0x000078e2fecf8a00, 0x000078e2fecf8ae8] Compiler: c1, Barriers: 1, Oops: 1, ImmediateOops: 0, NonImmediateOops: No
[2,080s][debug][gc,nmethod     ] Register NMethod: java.lang.invoke.VarHandleSegmentAsBytes.get (0x000078e2dff17d88) [0x000078e2dff17e80, 0x000078e2dff1d108] Compiler: c1, Barriers: 24, Oops: 2, ImmediateOops: 5, NonImmediateOops: No
[2,080s][debug][gc,nmethod     ] Register NMethod: sun.nio.fs.NativeBuffer.close (0x000078e2dff1d188) [0x000078e2dff1d280, 0x000078e2dff1d420] Compiler: c1, Barriers: 0, Oops: 0, ImmediateOops: 0, NonImmediateOops: No
[2,080s][debug][gc,nmethod     ] Register NMethod: java.lang.invoke.VarHandleSegmentAsBytes.get (0x000078e2dff1d488) [0x000078e2dff1d580, 0x000078e2dff225a0] Compiler: c1, Barriers: 24, Oops: 2, ImmediateOops: 5, NonImmediateOops: No
[2,080s][debug][gc,nmethod     ] Register NMethod: sun.nio.fs.NativeBuffer.release (0x000078e2dff22608) [0x000078e2dff22700, 0x000078e2dff22830] Compiler: c1, Barriers: 0, Oops: 0, ImmediateOops: 0, NonImmediateOops: No
[2,080s][debug][gc,nmethod     ] Register NMethod: jdk.internal.misc.Unsafe.checkOffset (0x000078e2fecf8c08) [0x000078e2fecf8d00, 0x000078e2fecf8db8] Compiler: jvmci, Barriers: 0, Oops: 0, ImmediateOops: 0, NonImmediateOops: No
[2,080s][debug][gc,nmethod     ] Register NMethod: sun.nio.fs.NativeBuffers.getNativeBufferFromCache (0x000078e2dff22908) [0x000078e2dff22a00, 0x000078e2dff23608] Compiler: c1, Barriers: 4, Oops: 1, ImmediateOops: 2, NonImmediateOops: No
[2,080s][debug][gc,nmethod     ] Register NMethod: sun.nio.fs.UnixNativeDispatcher.copyToNativeBuffer (0x000078e2dff23688) [0x000078e2dff23780, 0x000078e2dff23c30] Compiler: c1, Barriers: 4, Oops: 0, ImmediateOops: 0, NonImmediateOops: No
[2,081s][debug][gc,nmethod     ] Register NMethod: sun.nio.fs.NativeBuffers.releaseNativeBuffer (0x000078e2dff23c88) [0x000078e2dff23d80, 0x000078e2dff272b8] Compiler: c1, Barriers: 15, Oops: 2, ImmediateOops: 7, NonImmediateOops: No
[2,083s][debug][gc,director    ] Rule Major: Warmup 10%, Used: 294MB, UsedThreshold: 1228MB
[2,083s][debug][gc,nmethod     ] Register NMethod: io.sirix.node.MemorySegmentBytesIn.readInt (0x000078e2dff27308) [0x000078e2dff27400, 0x000078e2dff2b010] Compiler: c1, Barriers: 5, Oops: 6, ImmediateOops: 10, NonImmediateOops: No
[2,083s][debug][gc,nmethod     ] Register NMethod: jdk.internal.classfile.impl.DirectCodeBuilder.iload (0x000078e2dff2b088) [0x000078e2dff2b180, 0x000078e2dff2b570] Compiler: c1, Barriers: 1, Oops: 0, ImmediateOops: 0, NonImmediateOops: No
[2,083s][debug][gc,nmethod     ] Register NMethod: java.lang.invoke.MethodHandle.linkToSpecial (0x000078e2fecf8f08) [0x000078e2fecf9000, 0x000078e2fecf90f8] Compiler: , Barriers: 0, Oops: 0, ImmediateOops: 0, NonImmediateOops: No
[2,083s][debug][gc,nmethod     ] Register NMethod: java.lang.invoke.MethodHandle.invokeBasic (0x000078e2fecf9208) [0x000078e2fecf9300, 0x000078e2fecf9598] Compiler: , Barriers: 0, Oops: 0, ImmediateOops: 0, NonImmediateOops: No
[2,084s][debug][gc,nmethod     ] Register NMethod: java.lang.invoke.MethodHandle.linkToSpecial (0x000078e2fecf9608) [0x000078e2fecf9700, 0x000078e2fecf97f8] Compiler: , Barriers: 0, Oops: 0, ImmediateOops: 0, NonImmediateOops: No
[2,084s][debug][gc,nmethod     ] Register NMethod: java.lang.invoke.MethodHandle.invokeBasic (0x000078e2fecf9908) [0x000078e2fecf9a00, 0x000078e2fecf9c98] Compiler: , Barriers: 0, Oops: 0, ImmediateOops: 0, NonImmediateOops: No
[2,084s][debug][gc,nmethod     ] Register NMethod: io.sirix.node.HashCountEntryNode.getNodeKey (0x000078e2fecf9d08) [0x000078e2fecf9e00, 0x000078e2fecf9ec0] Compiler: c1, Barriers: 0, Oops: 1, ImmediateOops: 0, NonImmediateOops: No
[2,084s][debug][gc,nmethod     ] Register NMethod: io.sirix.node.HashEntryNode.getNodeKey (0x000078e2fecfa008) [0x000078e2fecfa100, 0x000078e2fecfa1c0] Compiler: c1, Barriers: 0, Oops: 1, ImmediateOops: 0, NonImmediateOops: No
[2,084s][debug][gc,nmethod     ] Register NMethod: io.sirix.cache.IndexLogKey.getIndexType (0x000078e2fecfa308) [0x000078e2fecfa400, 0x000078e2fecfa4e8] Compiler: c1, Barriers: 1, Oops: 1, ImmediateOops: 0, NonImmediateOops: No
[2,084s][debug][gc,nmethod     ] Register NMethod: io.sirix.cache.IndexLogKey.getRecordPageKey (0x000078e2fecfa608) [0x000078e2fecfa700, 0x000078e2fecfa7c0] Compiler: c1, Barriers: 0, Oops: 1, ImmediateOops: 0, NonImmediateOops: No
[2,085s][debug][gc,nmethod     ] Register NMethod: it.unimi.dsi.fastutil.shorts.ShortArrayList$1.hasNext (0x000078e2dff2b588) [0x000078e2dff2b680, 0x000078e2dff2b810] Compiler: c1, Barriers: 1, Oops: 1, ImmediateOops: 0, NonImmediateOops: No
[2,085s][debug][gc,nmethod     ] Register NMethod: java.util.Arrays.equals (0x000078e2fecfa908) [0x000078e2fecfaa00, 0x000078e2fecfb028] Compiler: jvmci, Barriers: 10, Oops: 0, ImmediateOops: 0, NonImmediateOops: No
[2,085s][debug][gc,nmethod     ] Register NMethod: java.lang.Short.shortValue (0x000078e2fecfb088) [0x000078e2fecfb180, 0x000078e2fecfb248] Compiler: c1, Barriers: 0, Oops: 0, ImmediateOops: 0, NonImmediateOops: No
[2,085s][debug][gc,nmethod     ] Register NMethod: com.github.benmanes.caffeine.cache.SSLMW.evicts (0x000078e2fecfb388) [0x000078e2fecfb480, 0x000078e2fecfb540] Compiler: c1, Barriers: 0, Oops: 1, ImmediateOops: 0, NonImmediateOops: No
[2,085s][debug][gc,nmethod     ] Register NMethod: it.unimi.dsi.fastutil.ints.Int2LongOpenHashMap.find (0x000078e2dff2b888) [0x000078e2dff2b980, 0x000078e2dff2bde8] Compiler: c1, Barriers: 1, Oops: 1, ImmediateOops: 0, NonImmediateOops: No
[2,085s][debug][gc,nmethod     ] Register NMethod: io.sirix.cache.IndexLogKey.<init> (0x000078e2fecfb688) [0x000078e2fecfb780, 0x000078e2fecfb878] Compiler: jvmci, Barriers: 3, Oops: 1, ImmediateOops: 0, NonImmediateOops: No
[2,085s][debug][gc,nmethod     ] Register NMethod: java.util.stream.SortedOps$SizedRefSortingSink.begin (0x000078e2dff2be08) [0x000078e2dff2bf00, 0x000078e2dff2c200] Compiler: c1, Barriers: 3, Oops: 0, ImmediateOops: 1, NonImmediateOops: No
[2,085s][debug][gc,nmethod     ] Register NMethod: io.sirix.cache.IndexLogKey.hashCode (0x000078e2fecfb988) [0x000078e2fecfba80, 0x000078e2fecfbbb8] Compiler: jvmci, Barriers: 1, Oops: 1, ImmediateOops: 0, NonImmediateOops: No
[2,085s][debug][gc,nmethod     ] Register NMethod: io.sirix.access.trx.page.NodePageTrx.getRecord (0x000078e2dff2c208) [0x000078e2dff2c300, 0x000078e2dff2e2a0] Compiler: c1, Barriers: 8, Oops: 1, ImmediateOops: 2, NonImmediateOops: No
[2,086s][debug][gc,nmethod     ] Register NMethod: java.util.concurrent.ConcurrentHashMap.<init> (0x000078e2dff2e308) [0x000078e2dff2e400, 0x000078e2dff2e5b8] Compiler: c1, Barriers: 0, Oops: 0, ImmediateOops: 0, NonImmediateOops: No
[2,086s][debug][gc,nmethod     ] Register NMethod: java.nio.HeapByteBuffer.get (0x000078e2dff2e608) [0x000078e2dff2e700, 0x000078e2dff2ebb8] Compiler: c1, Barriers: 1, Oops: 0, ImmediateOops: 0, NonImmediateOops: No
[2,086s][debug][gc,nmethod     ] Register NMethod: java.nio.Buffer.nextGetIndex (0x000078e2dff2ec08) [0x000078e2dff2ed00, 0x000078e2dff2eec0] Compiler: c1, Barriers: 0, Oops: 0, ImmediateOops: 0, NonImmediateOops: No
[2,086s][debug][gc,nmethod     ] Register NMethod: java.util.stream.ReduceOps$ReduceOp.evaluateSequential (0x000078e2dff2ef08) [0x000078e2dff2f000, 0x000078e2dff2f938] Compiler: c1, Barriers: 0, Oops: 0, ImmediateOops: 0, NonImmediateOops: No
[2,087s][debug][gc,nmethod     ] Register NMethod: jdk.internal.misc.Unsafe.compareAndExchangeLong (0x000078e2fecfbc88) [0x000078e2fecfbd80, 0x000078e2fecfbee8] Compiler: , Barriers: 0, Oops: 0, ImmediateOops: 0, NonImmediateOops: No
[2,087s][debug][gc,nmethod     ] Register NMethod: it.unimi.dsi.fastutil.shorts.ShortArrayList.size (0x000078e2fecfbf88) [0x000078e2fecfc080, 0x000078e2fecfc140] Compiler: c1, Barriers: 0, Oops: 1, ImmediateOops: 0, NonImmediateOops: No
[2,087s][debug][gc,nmethod     ] Register NMethod: io.sirix.page.KeyValueLeafPage.setDeweyId (0x000078e2dff2f988) [0x000078e2dff2fa80, 0x000078e2dff2fcd8] Compiler: c1, Barriers: 5, Oops: 1, ImmediateOops: 0, NonImmediateOops: No
[2,087s][debug][gc,nmethod     ] Register NMethod: java.util.concurrent.ForkJoinTask.noUserHelp (0x000078e2dff2fd08) [0x000078e2dff2fe00, 0x000078e2dff2ff10] Compiler: c1, Barriers: 0, Oops: 0, ImmediateOops: 0, NonImmediateOops: No
[2,087s][debug][gc,nmethod     ] Register NMethod: com.github.benmanes.caffeine.cache.SSLMW.frequencySketch (0x000078e2fecfc288) [0x000078e2fecfc380, 0x000078e2fecfc470] Compiler: c1, Barriers: 1, Oops: 1, ImmediateOops: 0, NonImmediateOops: No
[2,088s][debug][gc,nmethod     ] Register NMethod: java.lang.System$1.blockedOn (0x000078e2dff30008) [0x000078e2dff30100, 0x000078e2dff30458] Compiler: c1, Barriers: 1, Oops: 0, ImmediateOops: 0, NonImmediateOops: No
[2,088s][debug][gc,nmethod     ] Register NMethod: java.nio.channels.spi.AbstractInterruptibleChannel.blockedOn (0x000078e2dff30488) [0x000078e2dff30580, 0x000078e2dff309f8] Compiler: c1, Barriers: 2, Oops: 0, ImmediateOops: 1, NonImmediateOops: No
[2,088s][debug][gc,nmethod     ] Register NMethod: java.lang.invoke.VarHandleReferences$FieldInstanceReadOnly.get (0x000078e2dff30a08) [0x000078e2dff30b00, 0x000078e2dff31528] Compiler: c1, Barriers: 2, Oops: 1, ImmediateOops: 0, NonImmediateOops: No
[2,088s][debug][gc,nmethod     ] Register NMethod: io.sirix.node.MemorySegmentBytesIn.read (0x000078e2dff31588) [0x000078e2dff31680, 0x000078e2dff317d8] Compiler: c1, Barriers: 0, Oops: 1, ImmediateOops: 0, NonImmediateOops: No
[2,088s][debug][gc,nmethod     ] Register NMethod: java.lang.Thread.blockedOn (0x000078e2dff31888) [0x000078e2dff31980, 0x000078e2dff31cb8] Compiler: c1, Barriers: 4, Oops: 0, ImmediateOops: 0, NonImmediateOops: No
[2,088s][debug][gc,nmethod     ] Register NMethod: java.lang.Long.numberOfTrailingZeros (0x000078e2dff31d08) [0x000078e2dff31e00, 0x000078e2dff31fa8] Compiler: c1, Barriers: 0, Oops: 0, ImmediateOops: 0, NonImmediateOops: No
[2,088s][debug][gc,nmethod     ] Register NMethod: java.lang.Integer.numberOfTrailingZeros (0x000078e2dff32008) [0x000078e2dff32100, 0x000078e2dff32318] Compiler: c1, Barriers: 0, Oops: 0, ImmediateOops: 0, NonImmediateOops: No
[2,088s][debug][gc,nmethod     ] Register NMethod: java.lang.System$1.currentCarrierThread (0x000078e2dff32388) [0x000078e2dff32480, 0x000078e2dff325c8] Compiler: c1, Barriers: 1, Oops: 0, ImmediateOops: 0, NonImmediateOops: No
[2,088s][debug][gc,nmethod     ] Register NMethod: com.github.benmanes.caffeine.cache.Ticker.disabledTicker (0x000078e2dff32688) [0x000078e2dff32780, 0x000078e2dff32868] Compiler: c1, Barriers: 0, Oops: 1, ImmediateOops: 1, NonImmediateOops: No
[2,088s][debug][gc,nmethod     ] Register NMethod: java.util.concurrent.ForkJoinTask.doExec (0x000078e2dff32988) [0x000078e2dff32a80, 0x000078e2dff33540] Compiler: c1, Barriers: 0, Oops: 0, ImmediateOops: 0, NonImmediateOops: No
[2,089s][debug][gc,nmethod     ] Register NMethod: com.github.benmanes.caffeine.cache.BoundedLocalCache.expirationTicker (0x000078e2dff33588) [0x000078e2dff33680, 0x000078e2dff337e0] Compiler: c1, Barriers: 0, Oops: 1, ImmediateOops: 1, NonImmediateOops: No
[2,089s][debug][gc,nmethod     ] Register NMethod: io.sirix.cache.IndexLogKey.getIndexNumber (0x000078e2fecfc588) [0x000078e2fecfc680, 0x000078e2fecfc740] Compiler: c1, Barriers: 0, Oops: 1, ImmediateOops: 0, NonImmediateOops: No
[2,089s][debug][gc,nmethod     ] Register NMethod: io.sirix.page.NamePage.delegate (0x000078e2fecfc888) [0x000078e2fecfc980, 0x000078e2fecfca68] Compiler: c1, Barriers: 1, Oops: 1, ImmediateOops: 0, NonImmediateOops: No
[2,089s][debug][gc,nmethod     ] Register NMethod: java.lang.Short.valueOf (0x000078e2dff33888) [0x000078e2dff33980, 0x000078e2dff33c98] Compiler: c1, Barriers: 1, Oops: 0, ImmediateOops: 1, NonImmediateOops: No
[2,089s][debug][gc,nmethod     ] Register NMethod: it.unimi.dsi.fastutil.shorts.ShortListIterator.next (0x000078e2dff33d08) [0x000078e2dff33e00, 0x000078e2dff34068] Compiler: c1, Barriers: 0, Oops: 1, ImmediateOops: 0, NonImmediateOops: No
[2,089s][debug][gc,nmethod     ] Register NMethod: it.unimi.dsi.fastutil.shorts.ShortListIterator.next (0x000078e2dff34088) [0x000078e2dff34180, 0x000078e2dff34628] Compiler: c1, Barriers: 0, Oops: 1, ImmediateOops: 0, NonImmediateOops: No
[2,089s][debug][gc,nmethod     ] Register NMethod: it.unimi.dsi.fastutil.shorts.ShortIterator.next (0x000078e2dff34688) [0x000078e2dff34780, 0x000078e2dff34930] Compiler: c1, Barriers: 0, Oops: 1, ImmediateOops: 0, NonImmediateOops: No
[2,089s][debug][gc,nmethod     ] Register NMethod: com.github.benmanes.caffeine.cache.BaseMpscLinkedArrayQueue.modifiedCalcElementOffset (0x000078e2dff34988) [0x000078e2dff34a80, 0x000078e2dff34b70] Compiler: c1, Barriers: 0, Oops: 1, ImmediateOops: 0, NonImmediateOops: No
[2,089s][debug][gc,nmethod     ] Register NMethod: com.github.benmanes.caffeine.cache.SSLMW.weightedSize (0x000078e2fecfcb88) [0x000078e2fecfcc80, 0x000078e2fecfcd40] Compiler: c1, Barriers: 0, Oops: 1, ImmediateOops: 0, NonImmediateOops: No
[2,089s][debug][gc,nmethod     ] Register NMethod: com.github.benmanes.caffeine.cache.FrequencySketch.isNotInitialized (0x000078e2dff34c88) [0x000078e2dff34d80, 0x000078e2dff34f00] Compiler: c1, Barriers: 1, Oops: 1, ImmediateOops: 0, NonImmediateOops: No
[2,089s][debug][gc,nmethod     ] Register NMethod: io.sirix.access.trx.page.NodePageReadOnlyTrx.getValue (0x000078e2dff34f88) [0x000078e2dff35080, 0x000078e2dff36be0] Compiler: c1, Barriers: 6, Oops: 1, ImmediateOops: 1, NonImmediateOops: No
[2,089s][debug][gc,nmethod     ] Register NMethod: it.unimi.dsi.fastutil.shorts.ShortArrayList$1.nextShort (0x000078e2dff36c08) [0x000078e2dff36d00, 0x000078e2dff37070] Compiler: c1, Barriers: 2, Oops: 1, ImmediateOops: 0, NonImmediateOops: No
[2,089s][debug][gc,nmethod     ] Register NMethod: jdk.internal.foreign.NativeMemorySegmentImpl.address (0x000078e2fecfce88) [0x000078e2fecfcf80, 0x000078e2fecfd040] Compiler: c1, Barriers: 0, Oops: 0, ImmediateOops: 0, NonImmediateOops: No
[2,089s][debug][gc,nmethod     ] Register NMethod: com.github.benmanes.caffeine.cache.BoundedLocalCache$BoundedLocalManualCache.cache (0x000078e2dff37088) [0x000078e2dff37180, 0x000078e2dff372d8] Compiler: c1, Barriers: 1, Oops: 1, ImmediateOops: 0, NonImmediateOops: No
[2,089s][debug][gc,nmethod     ] Register NMethod: java.util.BitSet.get (0x000078e2fecfd188) [0x000078e2fecfd280, 0x000078e2fecfd408] Compiler: jvmci, Barriers: 1, Oops: 0, ImmediateOops: 0, NonImmediateOops: No
[2,090s][debug][gc,nmethod     ] Register NMethod: io.sirix.node.MemorySegmentBytesIn.read (0x000078e2dff37388) [0x000078e2dff37480, 0x000078e2dff3df78] Compiler: c1, Barriers: 7, Oops: 9, ImmediateOops: 16, NonImmediateOops: No
[2,090s][debug][gc,nmethod     ] Register NMethod: jdk.internal.misc.Unsafe.copyMemory (0x000078e2fecfd488) [0x000078e2fecfd580, 0x000078e2fecfd860] Compiler: jvmci, Barriers: 4, Oops: 0, ImmediateOops: 0, NonImmediateOops: No
[2,090s][debug][gc,nmethod     ] Register NMethod: io.sirix.cache.BufferManagerImpl.getRecordPageFragmentCache (0x000078e2fecfd888) [0x000078e2fecfd980, 0x000078e2fecfda68] Compiler: c1, Barriers: 1, Oops: 1, ImmediateOops: 0, NonImmediateOops: No
[2,090s][debug][gc,nmethod     ] Register NMethod: io.sirix.cache.IndexLogKey.getRevisionNumber (0x000078e2fecfdb88) [0x000078e2fecfdc80, 0x000078e2fecfdd40] Compiler: c1, Barriers: 0, Oops: 1, ImmediateOops: 0, NonImmediateOops: No
[2,090s][debug][gc,nmethod     ] Register NMethod: io.sirix.page.PageReference.getPageFragments (0x000078e2fecfde88) [0x000078e2fecfdf80, 0x000078e2fecfe068] Compiler: c1, Barriers: 1, Oops: 1, ImmediateOops: 0, NonImmediateOops: No
[2,090s][debug][gc,nmethod     ] Register NMethod: com.github.benmanes.caffeine.cache.PSMW.getPolicyWeight (0x000078e2fecfe188) [0x000078e2fecfe280, 0x000078e2fecfe340] Compiler: c1, Barriers: 0, Oops: 1, ImmediateOops: 0, NonImmediateOops: No
[2,090s][debug][gc,nmethod     ] Register NMethod: com.github.benmanes.caffeine.cache.PSMW.getPreviousInAccessOrder (0x000078e2fecfe488) [0x000078e2fecfe580, 0x000078e2fecfe668] Compiler: c1, Barriers: 1, Oops: 1, ImmediateOops: 0, NonImmediateOops: No
[2,090s][debug][gc,nmethod     ] Register NMethod: java.lang.Thread.interrupted (0x000078e2dff3e008) [0x000078e2dff3e100, 0x000078e2dff3e438] Compiler: c1, Barriers: 1, Oops: 0, ImmediateOops: 0, NonImmediateOops: No
[2,091s][debug][gc,nmethod     ] Register NMethod: net.jpountz.util.SafeUtils.readIntLE (0x000078e2dff3e488) [0x000078e2dff3e580, 0x000078e2dff3e720] Compiler: c1, Barriers: 0, Oops: 1, ImmediateOops: 0, NonImmediateOops: No
[2,091s][debug][gc,nmethod     ] Register NMethod: java.util.LinkedHashMap.<init> (0x000078e2dff3e788) [0x000078e2dff3e880, 0x000078e2dff3eab0] Compiler: c1, Barriers: 0, Oops: 0, ImmediateOops: 0, NonImmediateOops: No
[2,091s][debug][gc,nmethod     ] Register NMethod: java.nio.file.Files.provider (0x000078e2dff3eb08) [0x000078e2dff3ec00, 0x000078e2dff3efd8] Compiler: c1, Barriers: 2, Oops: 0, ImmediateOops: 0, NonImmediateOops: No
[2,091s][debug][gc,nmethod     ] Register NMethod: com.github.benmanes.caffeine.cache.BoundedLocalCache.collectValues (0x000078e2fecfe788) [0x000078e2fecfe880, 0x000078e2fecfe940] Compiler: c1, Barriers: 0, Oops: 1, ImmediateOops: 0, NonImmediateOops: No
[2,091s][debug][gc,nmethod     ] Register NMethod: com.github.benmanes.caffeine.cache.PSMW.getQueueType (0x000078e2fecfea88) [0x000078e2fecfeb80, 0x000078e2fecfec40] Compiler: c1, Barriers: 0, Oops: 1, ImmediateOops: 0, NonImmediateOops: No
[2,091s][debug][gc,nmethod     ] Register NMethod: com.github.benmanes.caffeine.cache.SSLMW.maximum (0x000078e2fecfed88) [0x000078e2fecfee80, 0x000078e2fecfef40] Compiler: c1, Barriers: 0, Oops: 1, ImmediateOops: 0, NonImmediateOops: No
[2,091s][debug][gc,nmethod     ] Register NMethod: jdk.internal.foreign.Utils$BaseAndScale$$TypeSwitch/0x000000009222b7c8.typeSwitch (0x000078e2fecff088) [0x000078e2fecff180, 0x000078e2fecff278] Compiler: jvmci, Barriers: 0, Oops: 0, ImmediateOops: 0, NonImmediateOops: No
[2,092s][debug][gc,nmethod     ] Register NMethod: java.nio.Bits.reserveMemory (0x000078e2dff3f008) [0x000078e2dff3f100, 0x000078e2dff42058] Compiler: c1, Barriers: 4, Oops: 4, ImmediateOops: 13, NonImmediateOops: No
[2,092s][debug][gc,nmethod     ] Register NMethod: io.sirix.access.trx.page.NodePageReadOnlyTrx$RecordPage.page (0x000078e2fecff388) [0x000078e2fecff480, 0x000078e2fecff568] Compiler: c1, Barriers: 1, Oops: 1, ImmediateOops: 0, NonImmediateOops: No
[2,093s][debug][gc,nmethod     ] Register NMethod: java.lang.invoke.LambdaForm$DMH/0x000000009228c800.newInvokeSpecial (0x000078e2dff42088) [0x000078e2dff42180, 0x000078e2dff423e0] Compiler: c1, Barriers: 2, Oops: 1, ImmediateOops: 1, NonImmediateOops: No
[2,093s][debug][gc,nmethod     ] Register NMethod: io.sirix.page.RevisionRootPage.getPathSummaryPageReference (0x000078e2dff42408) [0x000078e2dff42500, 0x000078e2dff42a70] Compiler: c1, Barriers: 1, Oops: 1, ImmediateOops: 0, NonImmediateOops: No
[2,093s][debug][gc,nmethod     ] Register NMethod: io.sirix.access.trx.page.NodePageTrx.getPageContainer (0x000078e2dff42a88) [0x000078e2dff42b80, 0x000078e2dff43cc0] Compiler: c1, Barriers: 12, Oops: 4, ImmediateOops: 2, NonImmediateOops: No
[2,093s][debug][gc,nmethod     ] Register NMethod: io.sirix.access.trx.page.NodePageTrx.getMostRecentPageContainer (0x000078e2dff43d08) [0x000078e2dff43e00, 0x000078e2dff44430] Compiler: c1, Barriers: 9, Oops: 1, ImmediateOops: 1, NonImmediateOops: No
[2,093s][debug][gc,nmethod     ] Register NMethod: com.google.common.collect.ForwardingObject.<init> (0x000078e2dff44488) [0x000078e2dff44580, 0x000078e2dff446f0] Compiler: c1, Barriers: 0, Oops: 1, ImmediateOops: 0, NonImmediateOops: No
[2,093s][debug][gc,director    ] Rule Major: Warmup 10%, Used: 296MB, UsedThreshold: 1228MB
[2,093s][debug][gc,nmethod     ] Register NMethod: io.sirix.access.trx.page.NodePageReadOnlyTrx.getPathSummaryPage (0x000078e2dff44788) [0x000078e2dff44880, 0x000078e2dff45858] Compiler: c1, Barriers: 4, Oops: 1, ImmediateOops: 1, NonImmediateOops: No
[2,093s][debug][gc,nmethod     ] Register NMethod: it.unimi.dsi.fastutil.shorts.AbstractShortList.iterator (0x000078e2dff45888) [0x000078e2dff45980, 0x000078e2dff45f98] Compiler: c1, Barriers: 0, Oops: 1, ImmediateOops: 0, NonImmediateOops: No
[2,093s][debug][gc,nmethod     ] Register NMethod: it.unimi.dsi.fastutil.shorts.AbstractShortList.listIterator (0x000078e2dff46008) [0x000078e2dff46100, 0x000078e2dff46600] Compiler: c1, Barriers: 3, Oops: 1, ImmediateOops: 0, NonImmediateOops: No
[2,093s][debug][gc,nmethod     ] Register NMethod: java.lang.invoke.LambdaForm$MH/0x000000009228d000.linkToTargetMethod (0x000078e2fecff688) [0x000078e2fecff780, 0x000078e2fecff890] Compiler: jvmci, Barriers: 0, Oops: 1, ImmediateOops: 0, NonImmediateOops: No
[2,093s][debug][gc,nmethod     ] Register NMethod: io.sirix.cache.TransactionIntentLog.get (0x000078e2dff46688) [0x000078e2dff46780, 0x000078e2dff46f20] Compiler: c1, Barriers: 1, Oops: 1, ImmediateOops: 0, NonImmediateOops: No
[2,093s][debug][gc,nmethod     ] Register NMethod: it.unimi.dsi.fastutil.shorts.ShortArrayList.listIterator (0x000078e2dff46f88) [0x000078e2dff47080, 0x000078e2dff47520] Compiler: c1, Barriers: 3, Oops: 1, ImmediateOops: 0, NonImmediateOops: No
[2,093s][debug][gc,nmethod     ] Register NMethod: java.lang.invoke.SegmentVarHandle.checkSegment (0x000078e2fecff988) [0x000078e2fecffa80, 0x000078e2fecffea8] Compiler: jvmci, Barriers: 1, Oops: 0, ImmediateOops: 0, NonImmediateOops: No
[2,093s][debug][gc,nmethod     ] Register NMethod: it.unimi.dsi.fastutil.shorts.ShortArrayList$1.<init> (0x000078e2dff47588) [0x000078e2dff47680, 0x000078e2dff47860] Compiler: c1, Barriers: 3, Oops: 1, ImmediateOops: 0, NonImmediateOops: No
[2,094s][debug][gc,nmethod     ] Register NMethod: io.sirix.page.delegates.ReferencesPage4.getOrCreateReference (0x000078e2dff47888) [0x000078e2dff47980, 0x000078e2dff49398] Compiler: c1, Barriers: 5, Oops: 1, ImmediateOops: 0, NonImmediateOops: No
[2,094s][debug][gc,nmethod     ] Register NMethod: io.sirix.page.UberPage.getPageCountExp (0x000078e2dff49408) [0x000078e2dff49500, 0x000078e2dff49a48] Compiler: c1, Barriers: 0, Oops: 1, ImmediateOops: 4, NonImmediateOops: No
[2,094s][debug][gc,nmethod     ] Register NMethod: jdk.internal.foreign.AbstractMemorySegmentImpl.get (0x000078e2dff49a88) [0x000078e2dff49b80, 0x000078e2dff4d4b0] Compiler: c1, Barriers: 27, Oops: 5, ImmediateOops: 12, NonImmediateOops: No
[2,094s][debug][gc,nmethod     ] Register NMethod: io.sirix.node.MemorySegmentBytesIn.readLong (0x000078e2dff4d508) [0x000078e2dff4d600, 0x000078e2dff51210] Compiler: c1, Barriers: 5, Oops: 6, ImmediateOops: 10, NonImmediateOops: No
[2,094s][debug][gc,nmethod     ] Register NMethod: it.unimi.dsi.fastutil.shorts.AbstractShortList.ensureIndex (0x000078e2dff51288) [0x000078e2dff51380, 0x000078e2dff53660] Compiler: c1, Barriers: 0, Oops: 5, ImmediateOops: 7, NonImmediateOops: No
[2,094s][debug][gc,nmethod     ] Register NMethod: io.sirix.page.PathSummaryPage.delegate (0x000078e2fecfff08) [0x000078e2fed00000, 0x000078e2fed000e8] Compiler: c1, Barriers: 1, Oops: 1, ImmediateOops: 0, NonImmediateOops: No
[2,094s][debug][gc,nmethod     ] Register NMethod: io.sirix.access.trx.page.NodePageTrx$$Lambda/0x000000009228fd10.apply (0x000078e2dff53708) [0x000078e2dff53800, 0x000078e2dff53bc8] Compiler: c1, Barriers: 2, Oops: 1, ImmediateOops: 0, NonImmediateOops: No
[2,094s][debug][gc,nmethod     ] Register NMethod: io.sirix.access.trx.page.NodePageReadOnlyTrx.getLeafPageReference (0x000078e2dff53c08) [0x000078e2dff53d00, 0x000078e2dff53ff8] Compiler: c1, Barriers: 0, Oops: 1, ImmediateOops: 0, NonImmediateOops: No
[2,094s][debug][gc,nmethod     ] Register NMethod: java.lang.invoke.MethodHandle.linkToStatic (0x000078e2fed00208) [0x000078e2fed00300, 0x000078e2fed003f0] Compiler: , Barriers: 0, Oops: 0, ImmediateOops: 0, NonImmediateOops: No
[2,094s][debug][gc,nmethod     ] Register NMethod: io.sirix.access.trx.page.NodePageTrx.lambda$getPageContainer$0 (0x000078e2dff54008) [0x000078e2dff54100, 0x000078e2dff54ff8] Compiler: c1, Barriers: 6, Oops: 1, ImmediateOops: 0, NonImmediateOops: No
[2,094s][debug][gc,nmethod     ] Register NMethod: com.google.common.base.Objects.hashCode (0x000078e2dff55008) [0x000078e2dff55100, 0x000078e2dff552c0] Compiler: c1, Barriers: 0, Oops: 1, ImmediateOops: 0, NonImmediateOops: No
[2,095s][debug][gc,nmethod     ] Register NMethod: io.sirix.access.trx.page.NodePageReadOnlyTrx$PageReferenceToPage.<init> (0x000078e2dff55308) [0x000078e2dff55400, 0x000078e2dff556a8] Compiler: c1, Barriers: 6, Oops: 1, ImmediateOops: 0, NonImmediateOops: No
[2,095s][debug][gc,nmethod     ] Register NMethod: io.sirix.access.trx.page.NodePageReadOnlyTrx.getReferenceToLeafOfSubtree (0x000078e2dff55708) [0x000078e2dff55800, 0x000078e2dff56930] Compiler: c1, Barriers: 1, Oops: 1, ImmediateOops: 2, NonImmediateOops: No
[2,095s][debug][gc,nmethod     ] Register NMethod: io.sirix.node.AbstractForwardingNode.<init> (0x000078e2dff56988) [0x000078e2dff56a80, 0x000078e2dff56c38] Compiler: c1, Barriers: 0, Oops: 1, ImmediateOops: 0, NonImmediateOops: No
[2,095s][debug][gc,nmethod     ] Register NMethod: jdk.internal.foreign.NativeMemorySegmentImpl.isNative (0x000078e2fed00508) [0x000078e2fed00600, 0x000078e2fed006c0] Compiler: c1, Barriers: 0, Oops: 0, ImmediateOops: 0, NonImmediateOops: No
[2,095s][debug][gc,nmethod     ] Register NMethod: io.sirix.node.delegates.NameNodeDelegate.getURIKey (0x000078e2fed00808) [0x000078e2fed00900, 0x000078e2fed009c0] Compiler: c1, Barriers: 0, Oops: 1, ImmediateOops: 0, NonImmediateOops: No
[2,095s][debug][gc,nmethod     ] Register NMethod: java.util.concurrent.ConcurrentHashMap.sumCount (0x000078e2dff56c88) [0x000078e2dff56d80, 0x000078e2dff57010] Compiler: c1, Barriers: 2, Oops: 0, ImmediateOops: 0, NonImmediateOops: No
[2,095s][debug][gc,nmethod     ] Register NMethod: io.sirix.access.trx.page.NodePageReadOnlyTrx.getPageReference (0x000078e2dff57088) [0x000078e2dff57180, 0x000078e2dff60238] Compiler: c1, Barriers: 28, Oops: 1, ImmediateOops: 7, NonImmediateOops: No
[2,095s][debug][gc,nmethod     ] Register NMethod: io.sirix.index.path.summary.PathNode.getName (0x000078e2fed00b08) [0x000078e2fed00c00, 0x000078e2fed00ce8] Compiler: c1, Barriers: 1, Oops: 1, ImmediateOops: 0, NonImmediateOops: No
[2,095s][debug][gc,nmethod     ] Register NMethod: io.sirix.access.trx.page.NodePageReadOnlyTrx.getRecord (0x000078e2dff60288) [0x000078e2dff60380, 0x000078e2dff61db8] Compiler: c1, Barriers: 4, Oops: 1, ImmediateOops: 3, NonImmediateOops: No
[2,095s][debug][gc,nmethod     ] Register NMethod: io.sirix.access.trx.page.NodePageReadOnlyTrx.getCurrentMaxIndirectPageTreeLevel (0x000078e2dff61e08) [0x000078e2dff61f00, 0x000078e2dff696d8] Compiler: c1, Barriers: 20, Oops: 1, ImmediateOops: 6, NonImmediateOops: No
[2,095s][debug][gc,nmethod     ] Register NMethod: com.github.benmanes.caffeine.cache.SSLSMW.frequencySketch (0x000078e2fed00e08) [0x000078e2fed00f00, 0x000078e2fed00ff0] Compiler: c1, Barriers: 1, Oops: 1, ImmediateOops: 0, NonImmediateOops: No
[2,095s][debug][gc,nmethod     ] Register NMethod: java.util.BitSet.<init> (0x000078e2fed01108) [0x000078e2fed01200, 0x000078e2fed014c0] Compiler: jvmci, Barriers: 3, Oops: 0, ImmediateOops: 0, NonImmediateOops: No
[2,096s][debug][gc,nmethod     ] Register NMethod: io.sirix.page.PageReference.hashCode (0x000078e2dff69708) [0x000078e2dff69800, 0x000078e2dff6a880] Compiler: c1, Barriers: 13, Oops: 1, ImmediateOops: 1, NonImmediateOops: No
[2,096s][debug][gc,nmethod     ] Register NMethod: io.sirix.access.trx.page.NodePageReadOnlyTrx.getRecordPage (0x000078e2dff6a908) [0x000078e2dff6aa00, 0x000078e2dff6fd50] Compiler: c1, Barriers: 45, Oops: 2, ImmediateOops: 5, NonImmediateOops: No
[2,096s][debug][gc,nmethod     ] Register NMethod: com.google.gson.stream.JsonReader.nextQuotedValue (0x000078e2dff6fd88) [0x000078e2dff6fe80, 0x000078e2dff723e0] Compiler: c1, Barriers: 1, Oops: 2, ImmediateOops: 3, NonImmediateOops: No
[2,097s][debug][gc,nmethod     ] Register NMethod: java.util.concurrent.ConcurrentHashMap.containsKey (0x000078e2dff72408) [0x000078e2dff72500, 0x000078e2dff72680] Compiler: c1, Barriers: 0, Oops: 0, ImmediateOops: 0, NonImmediateOops: No
[2,098s][debug][gc,nmethod     ] Register NMethod: java.lang.invoke.MethodHandle.linkToSpecial (0x000078e2fed01508) [0x000078e2fed01600, 0x000078e2fed016f8] Compiler: , Barriers: 0, Oops: 0, ImmediateOops: 0, NonImmediateOops: No
[2,098s][debug][gc,nmethod     ] Register NMethod: com.google.gson.stream.JsonReader.doPeek (0x000078e2dff72708) [0x000078e2dff72800, 0x000078e2dff80788] Compiler: c1, Barriers: 4, Oops: 8, ImmediateOops: 33, NonImmediateOops: No
[2,099s][debug][gc,nmethod     ] Register NMethod: java.lang.invoke.MethodHandles$Lookup.restrictProtectedReceiver (0x000078e2dff80808) [0x000078e2dff80900, 0x000078e2dff81878] Compiler: c1, Barriers: 2, Oops: 0, ImmediateOops: 0, NonImmediateOops: No
[2,099s][debug][gc,nmethod     ] Register NMethod: java.lang.invoke.MethodHandle.invokeBasic (0x000078e2fed01808) [0x000078e2fed01900, 0x000078e2fed01b98] Compiler: , Barriers: 0, Oops: 0, ImmediateOops: 0, NonImmediateOops: No
[2,099s][debug][gc,nmethod     ] Register NMethod: java.lang.invoke.VarHandleLongs$FieldInstanceReadOnly.getVolatile (0x000078e2dff81888) [0x000078e2dff81980, 0x000078e2dff82378] Compiler: c1, Barriers: 1, Oops: 1, ImmediateOops: 0, NonImmediateOops: No
[2,100s][debug][gc,nmethod     ] Register NMethod: java.lang.invoke.VarHandleGuards.guard_L_J (0x000078e2dff82388) [0x000078e2dff82480, 0x000078e2dff85320] Compiler: c1, Barriers: 28, Oops: 0, ImmediateOops: 2, NonImmediateOops: No
[2,100s][debug][gc,nmethod     ] Register NMethod: java.lang.invoke.LambdaFormEditor$TransformKey.<init> (0x000078e2dff85388) [0x000078e2dff85480, 0x000078e2dff85660] Compiler: c1, Barriers: 3, Oops: 0, ImmediateOops: 0, NonImmediateOops: No
[2,100s][debug][gc,nmethod     ] Register NMethod: java.lang.invoke.LambdaFormEditor$TransformKey.inRange (0x000078e2dff85688) [0x000078e2dff85780, 0x000078e2dff858c0] Compiler: c1, Barriers: 0, Oops: 0, ImmediateOops: 0, NonImmediateOops: No
[2,100s][debug][gc,nmethod     ] Register NMethod: java.lang.invoke.MethodHandle.invokeBasic (0x000078e2fed01c08) [0x000078e2fed01d00, 0x000078e2fed01f98] Compiler: , Barriers: 0, Oops: 0, ImmediateOops: 0, NonImmediateOops: No
[2,100s][debug][gc,nmethod     ] Register NMethod: java.lang.invoke.MethodHandle.linkToSpecial (0x000078e2fed02008) [0x000078e2fed02100, 0x000078e2fed021f8] Compiler: , Barriers: 0, Oops: 0, ImmediateOops: 0, NonImmediateOops: No
[2,100s][debug][gc,nmethod     ] Register NMethod: java.lang.invoke.LambdaFormEditor.getInCache (0x000078e2dff85988) [0x000078e2dff85a80, 0x000078e2dff872b0] Compiler: c1, Barriers: 7, Oops: 0, ImmediateOops: 0, NonImmediateOops: No
[2,101s][debug][gc,nmethod     ] Register NMethod: java.lang.invoke.MethodHandle.invokeBasic (0x000078e2fed02308) [0x000078e2fed02400, 0x000078e2fed02698] Compiler: , Barriers: 0, Oops: 0, ImmediateOops: 0, NonImmediateOops: No
[2,103s][debug][gc,director    ] Rule Major: Warmup 10%, Used: 296MB, UsedThreshold: 1228MB
[2,103s][debug][gc,nmethod     ] Register NMethod: io.sirix.page.AbstractForwardingPage.getOrCreateReference (0x000078e2fed02708) [0x000078e2fed02800, 0x000078e2fed03108] Compiler: jvmci, Barriers: 8, Oops: 2, ImmediateOops: 0, NonImmediateOops: No
[2,103s][debug][gc,nmethod     ] Register NMethod: java.lang.invoke.InvokerBytecodeGenerator.assertStaticType (0x000078e2dff87308) [0x000078e2dff87400, 0x000078e2dff87f98] Compiler: c1, Barriers: 6, Oops: 0, ImmediateOops: 0, NonImmediateOops: No
[2,104s][debug][gc,nmethod     ] Register NMethod: net.jpountz.xxhash.StreamingXXHash32JNI.checkState (0x000078e2dff88008) [0x000078e2dff88100, 0x000078e2dff88310] Compiler: c1, Barriers: 0, Oops: 1, ImmediateOops: 1, NonImmediateOops: No
[2,104s][debug][gc,nmethod     ] Register NMethod: io.sirix.page.PageReference.setKey (0x000078e2dff88388) [0x000078e2dff88480, 0x000078e2dff88590] Compiler: c1, Barriers: 0, Oops: 1, ImmediateOops: 0, NonImmediateOops: No
[2,105s][debug][gc,nmethod     ] Register NMethod: java.lang.invoke.MethodHandle.linkToStatic (0x000078e2fed03188) [0x000078e2fed03280, 0x000078e2fed03370] Compiler: , Barriers: 0, Oops: 0, ImmediateOops: 0, NonImmediateOops: No
[2,105s][debug][gc,nmethod     ] Register NMethod: java.lang.invoke.MethodHandle.invokeBasic (0x000078e2fed03488) [0x000078e2fed03580, 0x000078e2fed03818] Compiler: , Barriers: 0, Oops: 0, ImmediateOops: 0, NonImmediateOops: No
[2,105s][debug][gc,nmethod     ] Register NMethod: java.lang.invoke.MethodHandle.linkToSpecial (0x000078e2fed03888) [0x000078e2fed03980, 0x000078e2fed03a78] Compiler: , Barriers: 0, Oops: 0, ImmediateOops: 0, NonImmediateOops: No
[2,106s][debug][gc,nmethod     ] Register NMethod: java.lang.invoke.MethodHandle.invokeBasic (0x000078e2fed03b88) [0x000078e2fed03c80, 0x000078e2fed03f18] Compiler: , Barriers: 0, Oops: 0, ImmediateOops: 0, NonImmediateOops: No
[2,106s][debug][gc,nmethod     ] Register NMethod: java.lang.invoke.LambdaForm$Name.internArguments (0x000078e2dff88688) [0x000078e2dff88780, 0x000078e2dff893a8] Compiler: c1, Barriers: 6, Oops: 0, ImmediateOops: 0, NonImmediateOops: No
[2,106s][debug][gc,nmethod     ] Register NMethod: it.unimi.dsi.fastutil.ints.Int2LongOpenHashMap.put (0x000078e2dff89408) [0x000078e2dff89500, 0x000078e2dff89768] Compiler: c1, Barriers: 1, Oops: 1, ImmediateOops: 0, NonImmediateOops: No
[2,106s][debug][gc,nmethod     ] Register NMethod: jdk.internal.misc.Unsafe.putByte (0x000078e2dff89788) [0x000078e2dff89880, 0x000078e2dff89990] Compiler: c1, Barriers: 0, Oops: 0, ImmediateOops: 0, NonImmediateOops: No
[2,106s][debug][gc,nmethod     ] Register NMethod: net.jpountz.util.SafeUtils.checkLength (0x000078e2dff89a88) [0x000078e2dff89b80, 0x000078e2dff89d58] Compiler: c1, Barriers: 0, Oops: 1, ImmediateOops: 1, NonImmediateOops: No
[2,106s][debug][gc,nmethod     ] Register NMethod: net.jpountz.util.SafeUtils.checkRange (0x000078e2dff89d88) [0x000078e2dff89e80, 0x000078e2dff8a3b8] Compiler: c1, Barriers: 0, Oops: 1, ImmediateOops: 1, NonImmediateOops: No
[2,106s][debug][gc,nmethod     ] Register NMethod: sun.nio.fs.UnixFileSystem.normalizeNativePath (0x000078e2dff8a408) [0x000078e2dff8a500, 0x000078e2dff8a600] Compiler: c1, Barriers: 0, Oops: 0, ImmediateOops: 0, NonImmediateOops: No
[2,106s][debug][gc,nmethod     ] Register NMethod: sun.nio.fs.Util.jnuEncoding (0x000078e2dff8a708) [0x000078e2dff8a800, 0x000078e2dff8a8e8] Compiler: c1, Barriers: 0, Oops: 0, ImmediateOops: 1, NonImmediateOops: No
[2,107s][debug][gc,nmethod     ] Register NMethod: sun.nio.fs.UnixPath.<init> (0x000078e2dff8aa08) [0x000078e2dff8ab00, 0x000078e2dff8ae28] Compiler: c1, Barriers: 6, Oops: 0, ImmediateOops: 0, NonImmediateOops: No
[2,107s][debug][gc,nmethod     ] Register NMethod: io.sirix.page.PageReference.setHash (0x000078e2fed03f88) [0x000078e2fed04080, 0x000078e2fed041b0] Compiler: c1, Barriers: 3, Oops: 1, ImmediateOops: 0, NonImmediateOops: No
[2,107s][debug][gc,nmethod     ] Register NMethod: sun.nio.fs.UnixPath.encode (0x000078e2dff8ae88) [0x000078e2dff8af80, 0x000078e2dff8c050] Compiler: c1, Barriers: 1, Oops: 2, ImmediateOops: 3, NonImmediateOops: No
[2,107s][debug][gc,nmethod     ] Register NMethod: java.nio.Buffer.flip (0x000078e2dff8c088) [0x000078e2dff8c180, 0x000078e2dff8c298] Compiler: c1, Barriers: 0, Oops: 0, ImmediateOops: 0, NonImmediateOops: No
[2,107s][debug][gc,nmethod     ] Register NMethod: sun.nio.fs.UnixFileSystem.getPath (0x000078e2dff8c388) [0x000078e2dff8c480, 0x000078e2dff8ddb0] Compiler: c1, Barriers: 8, Oops: 0, ImmediateOops: 1, NonImmediateOops: No
[2,107s][debug][gc,nmethod     ] Register NMethod: sun.nio.ch.NativeDispatcher.needsPositionLock (0x000078e2fed04288) [0x000078e2fed04380, 0x000078e2fed04440] Compiler: c1, Barriers: 0, Oops: 0, ImmediateOops: 0, NonImmediateOops: No
[2,108s][debug][gc,nmethod     ] Register NMethod: sun.nio.ch.UnixFileDispatcherImpl.pread0 (0x000078e2fed04588) [0x000078e2fed04680, 0x000078e2fed047f8] Compiler: , Barriers: 0, Oops: 0, ImmediateOops: 1, NonImmediateOops: No
[2,108s][debug][gc,nmethod     ] Register NMethod: io.sirix.page.PageReference.setDatabaseId (0x000078e2dff8de08) [0x000078e2dff8df00, 0x000078e2dff8e010] Compiler: c1, Barriers: 0, Oops: 1, ImmediateOops: 0, NonImmediateOops: No
[2,108s][debug][gc,nmethod     ] Register NMethod: io.sirix.page.PageReference.setResourceId (0x000078e2dff8e108) [0x000078e2dff8e200, 0x000078e2dff8e310] Compiler: c1, Barriers: 0, Oops: 1, ImmediateOops: 0, NonImmediateOops: No
[2,108s][debug][gc,nmethod     ] Register NMethod: java.nio.MappedByteBuffer.position (0x000078e2dff8e408) [0x000078e2dff8e500, 0x000078e2dff8e8c0] Compiler: c1, Barriers: 0, Oops: 0, ImmediateOops: 0, NonImmediateOops: No
[2,108s][debug][gc,nmethod     ] Register NMethod: com.github.benmanes.caffeine.cache.BoundedLocalCache.refreshAfterWrite (0x000078e2fed04888) [0x000078e2fed04980, 0x000078e2fed04a40] Compiler: c1, Barriers: 0, Oops: 1, ImmediateOops: 0, NonImmediateOops: No
[2,109s][debug][gc,nmethod     ] Register NMethod: java.nio.ByteBuffer.flip (0x000078e2dff8e908) [0x000078e2dff8ea00, 0x000078e2dff8eb78] Compiler: c1, Barriers: 0, Oops: 0, ImmediateOops: 0, NonImmediateOops: No
[2,109s][debug][gc,nmethod     ] Register NMethod: java.lang.Enum.hashCode (0x000078e2dff8ec08) [0x000078e2dff8ed00, 0x000078e2dff8ee78] Compiler: c1, Barriers: 0, Oops: 0, ImmediateOops: 0, NonImmediateOops: No
[2,109s][debug][gc,nmethod     ] Register NMethod: io.sirix.page.PageReference.<init> (0x000078e2dff8ef08) [0x000078e2dff8f000, 0x000078e2dff8f450] Compiler: c1, Barriers: 6, Oops: 1, ImmediateOops: 1, NonImmediateOops: No
[2,109s][debug][gc,nmethod     ] Register NMethod: java.nio.HeapByteBuffer.isReadOnly (0x000078e2fed04b88) [0x000078e2fed04c80, 0x000078e2fed04d40] Compiler: c1, Barriers: 0, Oops: 0, ImmediateOops: 0, NonImmediateOops: No
[2,109s][debug][gc,nmethod     ] Register NMethod: java.lang.invoke.MethodType.hashCode (0x000078e2fed04e88) [0x000078e2fed04f80, 0x000078e2fed051e8] Compiler: jvmci, Barriers: 3, Oops: 0, ImmediateOops: 0, NonImmediateOops: No
[2,109s][debug][gc,nmethod     ] Register NMethod: java.io.FileDescriptor.<init> (0x000078e2dff8f488) [0x000078e2dff8f580, 0x000078e2dff8f6f0] Compiler: c1, Barriers: 0, Oops: 0, ImmediateOops: 0, NonImmediateOops: No
[2,109s][debug][gc,nmethod     ] Register NMethod: sun.nio.fs.Util.followLinks (0x000078e2dff8f788) [0x000078e2dff8f880, 0x000078e2dff8fc68] Compiler: c1, Barriers: 1, Oops: 0, ImmediateOops: 2, NonImmediateOops: No
[2,109s][debug][gc,nmethod     ] Register NMethod: com.github.benmanes.caffeine.cache.BoundedLocalCache.expiry (0x000078e2fed05208) [0x000078e2fed05300, 0x000078e2fed053c8] Compiler: c1, Barriers: 0, Oops: 1, ImmediateOops: 0, NonImmediateOops: No
[2,110s][debug][gc,nmethod     ] Register NMethod: java.lang.invoke.MethodHandle.invokeBasic (0x000078e2fed05508) [0x000078e2fed05600, 0x000078e2fed05898] Compiler: , Barriers: 0, Oops: 0, ImmediateOops: 0, NonImmediateOops: No
[2,110s][debug][gc,nmethod     ] Register NMethod: java.nio.HeapCharBuffer.<init> (0x000078e2dff8fc88) [0x000078e2dff8fd80, 0x000078e2dff8fef8] Compiler: c1, Barriers: 0, Oops: 0, ImmediateOops: 0, NonImmediateOops: No
[2,111s][debug][gc,nmethod     ] Register NMethod: java.nio.CharBuffer.wrap (0x000078e2dff8ff88) [0x000078e2dff90080, 0x000078e2dff902f0] Compiler: c1, Barriers: 0, Oops: 0, ImmediateOops: 0, NonImmediateOops: No
[2,111s][debug][gc,nmethod     ] Register NMethod: java.lang.invoke.VarHandleGuards.guard_LJJ_Z (0x000078e2dff90308) [0x000078e2dff90400, 0x000078e2dff932e0] Compiler: c1, Barriers: 28, Oops: 0, ImmediateOops: 2, NonImmediateOops: No
[2,111s][debug][gc,nmethod     ] Register NMethod: java.lang.String.<init> (0x000078e2fed05908) [0x000078e2fed05a00, 0x000078e2fed07140] Compiler: jvmci, Barriers: 9, Oops: 0, ImmediateOops: 3, NonImmediateOops: No
[2,112s][debug][gc,nmethod     ] Register NMethod: com.github.benmanes.caffeine.cache.SSLMW.windowWeightedSize (0x000078e2fed07188) [0x000078e2fed07280, 0x000078e2fed07340] Compiler: c1, Barriers: 0, Oops: 1, ImmediateOops: 0, NonImmediateOops: No
[2,112s][debug][gc,nmethod     ] Register NMethod: com.github.benmanes.caffeine.cache.SSLMW.accessOrderWindowDeque (0x000078e2fed07488) [0x000078e2fed07580, 0x000078e2fed07670] Compiler: c1, Barriers: 1, Oops: 1, ImmediateOops: 0, NonImmediateOops: No
[2,112s][debug][gc,nmethod     ] Register NMethod: java.lang.invoke.MethodHandle.linkToStatic (0x000078e2fed07788) [0x000078e2fed07880, 0x000078e2fed07970] Compiler: , Barriers: 0, Oops: 0, ImmediateOops: 0, NonImmediateOops: No
[2,112s][debug][gc,nmethod     ] Register NMethod: java.nio.Buffer.session (0x000078e2fed07a88) [0x000078e2fed07b80, 0x000078e2fed07cd8] Compiler: jvmci, Barriers: 2, Oops: 0, ImmediateOops: 0, NonImmediateOops: No
[2,112s][debug][gc,nmethod     ] Register NMethod: java.util.HashMap$HashIterator.nextNode (0x000078e2fed07d88) [0x000078e2fed07e80, 0x000078e2fed084d8] Compiler: jvmci, Barriers: 26, Oops: 0, ImmediateOops: 0, NonImmediateOops: No
[2,112s][debug][gc,nmethod     ] Register NMethod: java.lang.invoke.DirectMethodHandle.getFunction (0x000078e2dff93308) [0x000078e2dff93400, 0x000078e2dff93898] Compiler: c1, Barriers: 4, Oops: 1, ImmediateOops: 2, NonImmediateOops: No
[2,112s][debug][gc,nmethod     ] Register NMethod: java.lang.invoke.MethodHandle.linkToSpecial (0x000078e2fed08508) [0x000078e2fed08600, 0x000078e2fed086f8] Compiler: , Barriers: 0, Oops: 0, ImmediateOops: 0, NonImmediateOops: No
[2,113s][debug][gc,nmethod     ] Register NMethod: java.lang.invoke.MethodHandle.invokeBasic (0x000078e2fed08808) [0x000078e2fed08900, 0x000078e2fed08b98] Compiler: , Barriers: 0, Oops: 0, ImmediateOops: 0, NonImmediateOops: No
[2,113s][debug][gc,nmethod     ] Register NMethod: java.lang.invoke.MethodHandle.linkToSpecial (0x000078e2fed08c08) [0x000078e2fed08d00, 0x000078e2fed08df8] Compiler: , Barriers: 0, Oops: 0, ImmediateOops: 0, NonImmediateOops: No
[2,113s][debug][gc,director    ] Rule Major: Warmup 10%, Used: 298MB, UsedThreshold: 1228MB
[2,113s][debug][gc,nmethod     ] Register NMethod: java.lang.invoke.LambdaFormEditor.<init> (0x000078e2dff93908) [0x000078e2dff93a00, 0x000078e2dff93bd0] Compiler: c1, Barriers: 3, Oops: 0, ImmediateOops: 0, NonImmediateOops: No
[2,113s][debug][gc,nmethod     ] Register NMethod: java.lang.invoke.LambdaForm.editor (0x000078e2dff93c08) [0x000078e2dff93d00, 0x000078e2dff94028] Compiler: c1, Barriers: 3, Oops: 0, ImmediateOops: 0, NonImmediateOops: No
[2,113s][debug][gc,nmethod     ] Register NMethod: jdk.internal.classfile.impl.AttributeHolder.writeTo (0x000078e2fed08f08) [0x000078e2fed09000, 0x000078e2fed09b50] Compiler: jvmci, Barriers: 13, Oops: 0, ImmediateOops: 0, NonImmediateOops: No
[2,113s][debug][gc,nmethod     ] Register NMethod: java.lang.invoke.LambdaFormEditor.lambdaFormEditor (0x000078e2dff94088) [0x000078e2dff94180, 0x000078e2dff94438] Compiler: c1, Barriers: 3, Oops: 0, ImmediateOops: 0, NonImmediateOops: No
[2,113s][debug][gc,nmethod     ] Register NMethod: io.sirix.page.KeyValueLeafPage.getPinCount (0x000078e2dff94488) [0x000078e2dff94580, 0x000078e2dff94890] Compiler: c1, Barriers: 1, Oops: 1, ImmediateOops: 0, NonImmediateOops: No
[2,114s][debug][gc,nmethod     ] Register NMethod: java.lang.invoke.DirectMethodHandle.internalMemberName (0x000078e2fed09b88) [0x000078e2fed09c80, 0x000078e2fed09d78] Compiler: jvmci, Barriers: 1, Oops: 0, ImmediateOops: 0, NonImmediateOops: No
[2,114s][debug][gc,nmethod     ] Register NMethod: com.github.benmanes.caffeine.cache.SSLMW.windowMaximum (0x000078e2fed09e88) [0x000078e2fed09f80, 0x000078e2fed0a040] Compiler: c1, Barriers: 0, Oops: 1, ImmediateOops: 0, NonImmediateOops: No
[2,114s][debug][gc,nmethod     ] Register NMethod: com.github.benmanes.caffeine.cache.SSLSMW.weightedSize (0x000078e2fed0a188) [0x000078e2fed0a280, 0x000078e2fed0a340] Compiler: c1, Barriers: 0, Oops: 1, ImmediateOops: 0, NonImmediateOops: No
[2,120s][debug][gc,nmethod     ] Register NMethod: jdk.internal.misc.Unsafe.putLongVolatile (0x000078e2fed0a488) [0x000078e2fed0a580, 0x000078e2fed0a6d8] Compiler: , Barriers: 0, Oops: 0, ImmediateOops: 0, NonImmediateOops: No
[2,120s][debug][gc,nmethod     ] Register NMethod: com.github.benmanes.caffeine.cache.BoundedLocalCache.collectKeys (0x000078e2fed0a788) [0x000078e2fed0a880, 0x000078e2fed0a940] Compiler: c1, Barriers: 0, Oops: 1, ImmediateOops: 0, NonImmediateOops: No
[2,120s][debug][gc,nmethod     ] Register NMethod: com.github.benmanes.caffeine.cache.BoundedLocalCache.pacer (0x000078e2fed0aa88) [0x000078e2fed0ab80, 0x000078e2fed0ac48] Compiler: c1, Barriers: 0, Oops: 1, ImmediateOops: 0, NonImmediateOops: No
[2,120s][debug][gc,nmethod     ] Register NMethod: io.sirix.node.HashCountEntryNode.getValue (0x000078e2fed0ad88) [0x000078e2fed0ae80, 0x000078e2fed0af40] Compiler: c1, Barriers: 0, Oops: 1, ImmediateOops: 0, NonImmediateOops: No
[2,120s][debug][gc,nmethod     ] Register NMethod: io.sirix.node.NodeKind.getKind (0x000078e2dff94908) [0x000078e2dff94a00, 0x000078e2dff94b38] Compiler: c1, Barriers: 1, Oops: 1, ImmediateOops: 1, NonImmediateOops: No
[2,120s][debug][gc,nmethod     ] Register NMethod: io.sirix.node.HashEntryNode.getKey (0x000078e2fed0b088) [0x000078e2fed0b180, 0x000078e2fed0b240] Compiler: c1, Barriers: 0, Oops: 1, ImmediateOops: 0, NonImmediateOops: No
[2,120s][debug][gc,nmethod     ] Register NMethod: io.sirix.node.HashEntryNode.getValue (0x000078e2fed0b388) [0x000078e2fed0b480, 0x000078e2fed0b568] Compiler: c1, Barriers: 1, Oops: 1, ImmediateOops: 0, NonImmediateOops: No
[2,120s][debug][gc,nmethod     ] Register NMethod: java.lang.invoke.VarHandleReferences$Array.runtimeTypeCheck (0x000078e2dff94c08) [0x000078e2dff94d00, 0x000078e2dff960d0] Compiler: c1, Barriers: 5, Oops: 0, ImmediateOops: 0, NonImmediateOops: No
[2,120s][debug][gc,nmethod     ] Register NMethod: java.lang.invoke.MethodHandle.invokeBasic (0x000078e2fed0b688) [0x000078e2fed0b780, 0x000078e2fed0ba18] Compiler: , Barriers: 0, Oops: 0, ImmediateOops: 0, NonImmediateOops: No
[2,121s][debug][gc,nmethod     ] Register NMethod: java.lang.invoke.VarHandleReferences$Array.setRelease (0x000078e2dff96108) [0x000078e2dff96200, 0x000078e2dff98268] Compiler: c1, Barriers: 5, Oops: 2, ImmediateOops: 2, NonImmediateOops: No
[2,121s][debug][gc,nmethod     ] Register NMethod: com.github.benmanes.caffeine.cache.BaseMpscLinkedArrayQueue.lvElement (0x000078e2dff98288) [0x000078e2dff98380, 0x000078e2dff99548] Compiler: c1, Barriers: 1, Oops: 8, ImmediateOops: 9, NonImmediateOops: No
[2,121s][debug][gc,nmethod     ] Register NMethod: java.lang.invoke.VarHandleGuards.guard_LI_V (0x000078e2dff99608) [0x000078e2dff99700, 0x000078e2dff9e2a8] Compiler: c1, Barriers: 46, Oops: 1, ImmediateOops: 6, NonImmediateOops: No
[2,121s][debug][gc,nmethod     ] Register NMethod: java.lang.invoke.VarHandleReferences$Array.getVolatile (0x000078e2dff9e308) [0x000078e2dff9e400, 0x000078e2dff9ef68] Compiler: c1, Barriers: 2, Oops: 2, ImmediateOops: 1, NonImmediateOops: No
[2,121s][debug][gc,nmethod     ] Register NMethod: com.github.benmanes.caffeine.cache.BaseMpscLinkedArrayQueue.lvProducerIndex (0x000078e2dff9ef88) [0x000078e2dff9f080, 0x000078e2dff9fd88] Compiler: c1, Barriers: 0, Oops: 6, ImmediateOops: 5, NonImmediateOops: No
[2,121s][debug][gc,nmethod     ] Register NMethod: java.lang.invoke.Invokers$Holder.linkToTargetMethod (0x000078e2fed0ba88) [0x000078e2fed0bb80, 0x000078e2fed0bc88] Compiler: jvmci, Barriers: 0, Oops: 0, ImmediateOops: 0, NonImmediateOops: No
[2,121s][debug][gc,nmethod     ] Register NMethod: java.lang.invoke.VarHandleGuards.guard_LIL_V (0x000078e2dff9fe08) [0x000078e2dff9ff00, 0x000078e2dffa4ac8] Compiler: c1, Barriers: 46, Oops: 1, ImmediateOops: 6, NonImmediateOops: No
[2,121s][debug][gc,nmethod     ] Register NMethod: io.sirix.page.KeyValueLeafPage.getDeweyIdAsByteArray (0x000078e2dffa4b08) [0x000078e2dffa4c00, 0x000078e2dffa5188] Compiler: c1, Barriers: 0, Oops: 1, ImmediateOops: 1, NonImmediateOops: No
[2,122s][debug][gc,nmethod     ] Register NMethod: java.lang.Integer.valueOf (0x000078e2fed0bd88) [0x000078e2fed0be80, 0x000078e2fed0bff0] Compiler: jvmci, Barriers: 1, Oops: 0, ImmediateOops: 1, NonImmediateOops: No
[2,122s][debug][gc,nmethod     ] Register NMethod: java.lang.invoke.VarHandleGuards.guard_LI_L (0x000078e2dffa5208) [0x000078e2dffa5300, 0x000078e2dffa8798] Compiler: c1, Barriers: 29, Oops: 0, ImmediateOops: 2, NonImmediateOops: No
[2,122s][debug][gc,nmethod     ] Register NMethod: io.sirix.node.NodeSerializerImpl.deserialize (0x000078e2dffa8808) [0x000078e2dffa8900, 0x000078e2dffa8d68] Compiler: c1, Barriers: 1, Oops: 1, ImmediateOops: 1, NonImmediateOops: No
[2,122s][debug][gc,nmethod     ] Register NMethod: java.lang.invoke.MethodHandle.invokeBasic (0x000078e2fed0c088) [0x000078e2fed0c180, 0x000078e2fed0c418] Compiler: , Barriers: 0, Oops: 0, ImmediateOops: 0, NonImmediateOops: No
[2,122s][debug][gc,nmethod     ] Register NMethod: it.unimi.dsi.fastutil.ints.Int2LongOpenHashMap.insert (0x000078e2dffa8d88) [0x000078e2dffa8e80, 0x000078e2dffa9140] Compiler: c1, Barriers: 2, Oops: 1, ImmediateOops: 0, NonImmediateOops: No
[2,122s][debug][gc,nmethod     ] Register NMethod: io.sirix.access.trx.page.NodePageReadOnlyTrx.getDataRecord (0x000078e2dffa9188) [0x000078e2dffa9280, 0x000078e2dffaa088] Compiler: c1, Barriers: 6, Oops: 1, ImmediateOops: 1, NonImmediateOops: No
[2,122s][debug][gc,nmethod     ] Register NMethod: io.sirix.page.KeyValueLeafPage.setSlot (0x000078e2dffaa108) [0x000078e2dffaa200, 0x000078e2dffaa3a8] Compiler: c1, Barriers: 2, Oops: 1, ImmediateOops: 0, NonImmediateOops: No
[2,122s][debug][gc,nmethod     ] Register NMethod: java.util.BitSet.nextSetBit (0x000078e2dffaa408) [0x000078e2dffaa500, 0x000078e2dffab4f0] Compiler: c1, Barriers: 1, Oops: 1, ImmediateOops: 2, NonImmediateOops: No
[2,122s][debug][gc,nmethod     ] Register NMethod: java.lang.invoke.VarHandleInts$FieldInstanceReadWrite.setRelease (0x000078e2dffab508) [0x000078e2dffab600, 0x000078e2dffac200] Compiler: c1, Barriers: 1, Oops: 1, ImmediateOops: 1, NonImmediateOops: No
[2,122s][debug][gc,nmethod     ] Register NMethod: com.github.benmanes.caffeine.cache.BaseMpscLinkedArrayQueue.poll (0x000078e2dffac288) [0x000078e2dffac380, 0x000078e2dffb1d48] Compiler: c1, Barriers: 6, Oops: 16, ImmediateOops: 39, NonImmediateOops: No
[2,122s][debug][gc,nmethod     ] Register NMethod: java.lang.invoke.VarHandleInts$FieldInstanceReadWrite.compareAndSet (0x000078e2dffb1e08) [0x000078e2dffb1f00, 0x000078e2dffb2930] Compiler: c1, Barriers: 1, Oops: 1, ImmediateOops: 0, NonImmediateOops: No
[2,122s][debug][gc,nmethod     ] Register NMethod: java.lang.invoke.VarHandleGuards.guard_LII_Z (0x000078e2dffb2988) [0x000078e2dffb2a80, 0x000078e2dffb5958] Compiler: c1, Barriers: 28, Oops: 0, ImmediateOops: 2, NonImmediateOops: No
[2,123s][debug][gc,nmethod     ] Register NMethod: com.github.benmanes.caffeine.cache.BLCHeader$DrainStatusRef.setDrainStatusRelease (0x000078e2dffb5988) [0x000078e2dffb5a80, 0x000078e2dffb68e0] Compiler: c1, Barriers: 0, Oops: 6, ImmediateOops: 6, NonImmediateOops: No
[2,123s][debug][gc,nmethod     ] Register NMethod: io.sirix.access.trx.page.NodePageReadOnlyTrx.isMostRecentlyReadPathSummaryPage (0x000078e2dffb6988) [0x000078e2dffb6a80, 0x000078e2dffb7218] Compiler: c1, Barriers: 1, Oops: 1, ImmediateOops: 0, NonImmediateOops: No
[2,123s][debug][gc,nmethod     ] Register NMethod: com.github.benmanes.caffeine.cache.PSMW.setPreviousInAccessOrder (0x000078e2fed0c488) [0x000078e2fed0c580, 0x000078e2fed0c6b0] Compiler: c1, Barriers: 3, Oops: 1, ImmediateOops: 0, NonImmediateOops: No
[2,123s][debug][gc,nmethod     ] Register NMethod: com.github.benmanes.caffeine.cache.PSMW.setNextInAccessOrder (0x000078e2fed0c788) [0x000078e2fed0c880, 0x000078e2fed0c9b0] Compiler: c1, Barriers: 3, Oops: 1, ImmediateOops: 0, NonImmediateOops: No
[2,123s][debug][gc,nmethod     ] Register NMethod: io.sirix.index.path.summary.PathNode.getRightSibling (0x000078e2fed0ca88) [0x000078e2fed0cb80, 0x000078e2fed0cc68] Compiler: c1, Barriers: 1, Oops: 1, ImmediateOops: 0, NonImmediateOops: No
[2,123s][debug][gc,nmethod     ] Register NMethod: com.github.benmanes.caffeine.cache.BoundedLocalCache.valueReferenceQueue (0x000078e2fed0cd88) [0x000078e2fed0ce80, 0x000078e2fed0cf48] Compiler: c1, Barriers: 0, Oops: 1, ImmediateOops: 0, NonImmediateOops: No
[2,123s][debug][gc,nmethod     ] Register NMethod: com.github.benmanes.caffeine.cache.BaseMpscLinkedArrayQueue.lvProducerLimit (0x000078e2fed0d088) [0x000078e2fed0d180, 0x000078e2fed0d248] Compiler: c1, Barriers: 0, Oops: 1, ImmediateOops: 0, NonImmediateOops: No
[2,123s][debug][gc,nmethod     ] Register NMethod: jdk.internal.misc.Unsafe.putIntRelease (0x000078e2dffb7288) [0x000078e2dffb7380, 0x000078e2dffb7488] Compiler: c1, Barriers: 0, Oops: 0, ImmediateOops: 0, NonImmediateOops: No
[2,123s][debug][gc,nmethod     ] Register NMethod: java.lang.invoke.MethodHandle.invokeBasic (0x000078e2fed0d388) [0x000078e2fed0d480, 0x000078e2fed0d718] Compiler: , Barriers: 0, Oops: 0, ImmediateOops: 0, NonImmediateOops: No
[2,123s][debug][gc,nmethod     ] Register NMethod: java.lang.invoke.MethodHandle.linkToSpecial (0x000078e2fed0d788) [0x000078e2fed0d880, 0x000078e2fed0d978] Compiler: , Barriers: 0, Oops: 0, ImmediateOops: 0, NonImmediateOops: No
[2,123s][debug][gc,nmethod     ] Register NMethod: com.github.benmanes.caffeine.cache.PS.getKeyReference (0x000078e2dffb7588) [0x000078e2dffb7680, 0x000078e2dffb8858] Compiler: c1, Barriers: 1, Oops: 7, ImmediateOops: 8, NonImmediateOops: No
[2,123s][debug][gc,nmethod     ] Register NMethod: com.github.benmanes.caffeine.cache.BLCHeader$DrainStatusRef.casDrainStatus (0x000078e2dffb8908) [0x000078e2dffb8a00, 0x000078e2dffb9650] Compiler: c1, Barriers: 0, Oops: 6, ImmediateOops: 5, NonImmediateOops: No
[2,123s][debug][gc,nmethod     ] Register NMethod: java.lang.invoke.MethodType.appendParameterTypes (0x000078e2dffb9688) [0x000078e2dffb9780, 0x000078e2dffb9cc8] Compiler: c1, Barriers: 1, Oops: 0, ImmediateOops: 0, NonImmediateOops: No
[2,123s][debug][gc,nmethod     ] Register NMethod: java.lang.invoke.LambdaForm.invokeArguments (0x000078e2dffb9d08) [0x000078e2dffb9e00, 0x000078e2dffbb6a0] Compiler: c1, Barriers: 13, Oops: 1, ImmediateOops: 3, NonImmediateOops: No
[2,123s][debug][gc,nmethod     ] Register NMethod: io.sirix.page.KeyValueLeafPage.getAvailableSpace (0x000078e2fed0da88) [0x000078e2fed0db80, 0x000078e2fed0dec8] Compiler: jvmci, Barriers: 4, Oops: 1, ImmediateOops: 0, NonImmediateOops: No
[2,123s][debug][gc,director    ] Rule Major: Warmup 10%, Used: 298MB, UsedThreshold: 1228MB
[2,125s][debug][gc,nmethod     ] Register NMethod: java.lang.System$1.uncheckedEncodeASCII (0x000078e2dffbb708) [0x000078e2dffbb800, 0x000078e2dffbb940] Compiler: c1, Barriers: 0, Oops: 0, ImmediateOops: 0, NonImmediateOops: No
[2,125s][debug][gc,nmethod     ] Register NMethod: sun.nio.cs.UTF_8$Encoder.encodeLoop (0x000078e2dffbba08) [0x000078e2dffbbb00, 0x000078e2dffbc288] Compiler: c1, Barriers: 2, Oops: 0, ImmediateOops: 0, NonImmediateOops: No
[2,125s][debug][gc,nmethod     ] Register NMethod: org.gradle.internal.dispatch.MethodInvocation.getMethod (0x000078e2fed0df08) [0x000078e2fed0e000, 0x000078e2fed0e0e8] Compiler: c1, Barriers: 1, Oops: 1, ImmediateOops: 0, NonImmediateOops: No
[2,125s][debug][gc,nmethod     ] Register NMethod: org.gradle.internal.dispatch.MethodInvocation.getArguments (0x000078e2fed0e208) [0x000078e2fed0e300, 0x000078e2fed0e3e8] Compiler: c1, Barriers: 1, Oops: 1, ImmediateOops: 0, NonImmediateOops: No
[2,125s][debug][gc,nmethod     ] Register NMethod: sun.nio.cs.UTF_8$Encoder.encodeArrayLoop (0x000078e2dffbc308) [0x000078e2dffbc400, 0x000078e2dffbf0c0] Compiler: c1, Barriers: 2, Oops: 1, ImmediateOops: 2, NonImmediateOops: No
[2,125s][debug][gc,nmethod     ] Register NMethod: java.lang.StringBuilder.append (0x000078e2dffbf108) [0x000078e2dffbf200, 0x000078e2dffbf818] Compiler: c1, Barriers: 0, Oops: 0, ImmediateOops: 1, NonImmediateOops: No
[2,125s][debug][gc,nmethod     ] Register NMethod: java.nio.charset.CharsetEncoder.encode (0x000078e2dffbf888) [0x000078e2dffbf980, 0x000078e2dffc2748] Compiler: c1, Barriers: 5, Oops: 0, ImmediateOops: 5, NonImmediateOops: No
[2,125s][debug][gc,nmethod     ] Register NMethod: sun.nio.cs.StreamEncoder.ensureOpen (0x000078e2dffc2788) [0x000078e2dffc2880, 0x000078e2dffc2a78] Compiler: c1, Barriers: 0, Oops: 0, ImmediateOops: 1, NonImmediateOops: No
[2,125s][debug][gc,nmethod     ] Register NMethod: java.lang.StringConcatHelper.checkOverflow (0x000078e2fed0e508) [0x000078e2fed0e600, 0x000078e2fed0e698] Compiler: jvmci, Barriers: 0, Oops: 0, ImmediateOops: 0, NonImmediateOops: No
[2,125s][debug][gc,nmethod     ] Register NMethod: sun.nio.cs.StreamEncoder.implWrite (0x000078e2dffc2a88) [0x000078e2dffc2b80, 0x000078e2dffc2eb8] Compiler: c1, Barriers: 0, Oops: 0, ImmediateOops: 0, NonImmediateOops: No
[2,125s][debug][gc,nmethod     ] Register NMethod: sun.nio.cs.StreamEncoder.write (0x000078e2dffc2f08) [0x000078e2dffc3000, 0x000078e2dffc3ae8] Compiler: c1, Barriers: 1, Oops: 0, ImmediateOops: 1, NonImmediateOops: No
[2,125s][debug][gc,nmethod     ] Register NMethod: java.nio.DirectByteBuffer.isReadOnly (0x000078e2fed0e808) [0x000078e2fed0e900, 0x000078e2fed0e9c0] Compiler: c1, Barriers: 0, Oops: 0, ImmediateOops: 0, NonImmediateOops: No
[2,126s][debug][gc,nmethod     ] Register NMethod: org.gradle.internal.remote.internal.hub.MessageHub.access$300 (0x000078e2fed0eb08) [0x000078e2fed0ec00, 0x000078e2fed0ecd0] Compiler: c1, Barriers: 1, Oops: 1, ImmediateOops: 0, NonImmediateOops: No
[2,126s][debug][gc,nmethod     ] Register NMethod: java.lang.Math.round (0x000078e2dffc3b08) [0x000078e2dffc3c00, 0x000078e2dffc3dc8] Compiler: c1, Barriers: 0, Oops: 0, ImmediateOops: 0, NonImmediateOops: No
[2,126s][debug][gc,nmethod     ] Register NMethod: sun.nio.cs.StreamEncoder.implWrite (0x000078e2dffc3e08) [0x000078e2dffc3f00, 0x000078e2dffc5928] Compiler: c1, Barriers: 3, Oops: 0, ImmediateOops: 0, NonImmediateOops: No
[2,126s][debug][gc,nmethod     ] Register NMethod: sun.nio.cs.StreamEncoder.growByteBufferIfNeeded (0x000078e2dffc5988) [0x000078e2dffc5a80, 0x000078e2dffc6630] Compiler: c1, Barriers: 6, Oops: 0, ImmediateOops: 0, NonImmediateOops: No
[2,126s][debug][gc,nmethod     ] Register NMethod: org.gradle.internal.io.StreamByteBuffer.hasRemaining (0x000078e2dffc6688) [0x000078e2dffc6780, 0x000078e2dffc6b70] Compiler: c1, Barriers: 0, Oops: 1, ImmediateOops: 0, NonImmediateOops: No
[2,126s][debug][gc,nmethod     ] Register NMethod: com.esotericsoftware.kryo.io.Output.require (0x000078e2dffc6b88) [0x000078e2dffc6c80, 0x000078e2dffc93c0] Compiler: c1, Barriers: 4, Oops: 4, ImmediateOops: 6, NonImmediateOops: No
[2,126s][debug][gc,nmethod     ] Register NMethod: java.nio.DirectByteBuffer.base (0x000078e2fed0ee08) [0x000078e2fed0ef00, 0x000078e2fed0efc8] Compiler: c1, Barriers: 0, Oops: 0, ImmediateOops: 0, NonImmediateOops: No
[2,126s][debug][gc,nmethod     ] Register NMethod: io.sirix.index.path.summary.PathNode.getParent (0x000078e2fed0f108) [0x000078e2fed0f200, 0x000078e2fed0f2e8] Compiler: c1, Barriers: 1, Oops: 1, ImmediateOops: 0, NonImmediateOops: No
[2,127s][debug][gc,nmethod     ] Register NMethod: org.gradle.internal.io.StreamByteBuffer$StreamByteBufferChunk.bytesUnread (0x000078e2dffc9408) [0x000078e2dffc9500, 0x000078e2dffc9608] Compiler: c1, Barriers: 0, Oops: 1, ImmediateOops: 0, NonImmediateOops: No
[2,127s][debug][gc,nmethod     ] Register NMethod: java.util.concurrent.locks.ReentrantLock$Sync.isHeldExclusively (0x000078e2dffc9708) [0x000078e2dffc9800, 0x000078e2dffc9b98] Compiler: c1, Barriers: 2, Oops: 0, ImmediateOops: 0, NonImmediateOops: No
[2,127s][debug][gc,nmethod     ] Register NMethod: io.sirix.axis.AbstractAxis.hasNext (0x000078e2dffc9c08) [0x000078e2dffc9d00, 0x000078e2dffca7c8] Compiler: c1, Barriers: 2, Oops: 1, ImmediateOops: 1, NonImmediateOops: No
[2,127s][debug][gc,nmethod     ] Register NMethod: com.esotericsoftware.kryo.io.Output.writeInt (0x000078e2dffca808) [0x000078e2dffca900, 0x000078e2dffcaa30] Compiler: c1, Barriers: 0, Oops: 1, ImmediateOops: 0, NonImmediateOops: No
[2,127s][debug][gc,nmethod     ] Register NMethod: java.util.LinkedList.size (0x000078e2fed0f408) [0x000078e2fed0f500, 0x000078e2fed0f5c0] Compiler: c1, Barriers: 0, Oops: 0, ImmediateOops: 0, NonImmediateOops: No
[2,127s][debug][gc,nmethod     ] Register NMethod: org.gradle.internal.serialize.kryo.KryoBackedEncoder.writeSmallInt (0x000078e2dffcab08) [0x000078e2dffcac00, 0x000078e2dffcadf8] Compiler: c1, Barriers: 1, Oops: 1, ImmediateOops: 0, NonImmediateOops: No
[2,127s][debug][gc,nmethod     ] Register NMethod: com.esotericsoftware.kryo.io.Output.writeVarInt (0x000078e2dffcae08) [0x000078e2dffcaf00, 0x000078e2dffcb778] Compiler: c1, Barriers: 5, Oops: 1, ImmediateOops: 0, NonImmediateOops: No
[2,127s][debug][gc,nmethod     ] Register NMethod: java.lang.String.checkBoundsBeginEnd (0x000078e2fed0f708) [0x000078e2fed0f800, 0x000078e2fed0f8a8] Compiler: jvmci, Barriers: 0, Oops: 0, ImmediateOops: 0, NonImmediateOops: No
[2,127s][debug][gc,nmethod     ] Register NMethod: java.util.ArrayList.isEmpty (0x000078e2fed0fa08) [0x000078e2fed0fb00, 0x000078e2fed0fb90] Compiler: jvmci, Barriers: 0, Oops: 0, ImmediateOops: 0, NonImmediateOops: No
[2,127s][debug][gc,nmethod     ] Register NMethod: sun.nio.ch.IOStatus.normalize (0x000078e2dffcb788) [0x000078e2dffcb880, 0x000078e2dffcb9b8] Compiler: c1, Barriers: 0, Oops: 0, ImmediateOops: 0, NonImmediateOops: No
[2,127s][debug][gc,nmethod     ] Register NMethod: sun.nio.ch.IOUtil.bufferAddress (0x000078e2dffcba88) [0x000078e2dffcbb80, 0x000078e2dffcbce0] Compiler: c1, Barriers: 0, Oops: 0, ImmediateOops: 1, NonImmediateOops: No
[2,128s][debug][gc,nmethod     ] Register NMethod: java.io.BufferedWriter.ensureOpen (0x000078e2dffcbd88) [0x000078e2dffcbe80, 0x000078e2dffcc0b0] Compiler: c1, Barriers: 1, Oops: 0, ImmediateOops: 1, NonImmediateOops: No
[2,128s][debug][gc,nmethod     ] Register NMethod: sun.nio.ch.IOUtil.acquireScope (0x000078e2dffcc108) [0x000078e2dffcc200, 0x000078e2dffcd6f8] Compiler: c1, Barriers: 5, Oops: 0, ImmediateOops: 3, NonImmediateOops: No
[2,128s][debug][gc,nmethod     ] Register NMethod: java.io.PrintStream.ensureOpen (0x000078e2dffcd708) [0x000078e2dffcd800, 0x000078e2dffcda30] Compiler: c1, Barriers: 1, Oops: 0, ImmediateOops: 1, NonImmediateOops: No
[2,128s][debug][gc,nmethod     ] Register NMethod: org.gradle.internal.serialize.kryo.KryoBackedEncoder.writeLong (0x000078e2dffcda88) [0x000078e2dffcdb80, 0x000078e2dffcdd08] Compiler: c1, Barriers: 1, Oops: 1, ImmediateOops: 0, NonImmediateOops: No
[2,128s][debug][gc,nmethod     ] Register NMethod: sun.nio.ch.IOUtil.releaseScope (0x000078e2dffcdd88) [0x000078e2dffcde80, 0x000078e2dffceaa0] Compiler: c1, Barriers: 2, Oops: 0, ImmediateOops: 1, NonImmediateOops: No
[2,128s][debug][gc,nmethod     ] Register NMethod: java.io.OutputStream.write (0x000078e2dffceb08) [0x000078e2dffcec00, 0x000078e2dffcf178] Compiler: c1, Barriers: 0, Oops: 0, ImmediateOops: 0, NonImmediateOops: No
[2,128s][debug][gc,nmethod     ] Register NMethod: com.esotericsoftware.kryo.io.Output.writeLong (0x000078e2dffcf188) [0x000078e2dffcf280, 0x000078e2dffcf5c8] Compiler: c1, Barriers: 1, Oops: 1, ImmediateOops: 0, NonImmediateOops: No
[2,128s][debug][gc,nmethod     ] Register NMethod: java.nio.MappedByteBuffer.flip (0x000078e2dffcf608) [0x000078e2dffcf700, 0x000078e2dffcf8d8] Compiler: c1, Barriers: 0, Oops: 0, ImmediateOops: 0, NonImmediateOops: No
[2,128s][debug][gc,nmethod     ] Register NMethod: java.util.concurrent.locks.AbstractQueuedSynchronizer$ConditionNode.isReleasable (0x000078e2dffcf908) [0x000078e2dffcfa00, 0x000078e2dffcfdc8] Compiler: c1, Barriers: 1, Oops: 0, ImmediateOops: 0, NonImmediateOops: No
[2,128s][debug][gc,nmethod     ] Register NMethod: org.gradle.internal.remote.internal.hub.protocol.ChannelMessage.getChannel (0x000078e2fed0fd08) [0x000078e2fed0fe00, 0x000078e2fed0fee8] Compiler: c1, Barriers: 1, Oops: 1, ImmediateOops: 0, NonImmediateOops: No
[2,128s][debug][gc,nmethod     ] Register NMethod: org.gradle.internal.io.StreamByteBuffer.prepareRead (0x000078e2dffcfe08) [0x000078e2dffcff00, 0x000078e2dffd0a80] Compiler: c1, Barriers: 10, Oops: 1, ImmediateOops: 0, NonImmediateOops: No
[2,128s][debug][gc,nmethod     ] Register NMethod: java.util.ArrayDeque.removeFirst (0x000078e2dffd0b08) [0x000078e2dffd0c00, 0x000078e2dffd0e48] Compiler: c1, Barriers: 0, Oops: 0, ImmediateOops: 0, NonImmediateOops: No
[2,128s][debug][gc,nmethod     ] Register NMethod: org.gradle.internal.remote.internal.hub.protocol.ChannelMessage.getPayload (0x000078e2fed10008) [0x000078e2fed10100, 0x000078e2fed101e8] Compiler: c1, Barriers: 1, Oops: 1, ImmediateOops: 0, NonImmediateOops: No
[2,128s][debug][gc,nmethod     ] Register NMethod: java.lang.StringLatin1.getChars (0x000078e2dffd0e88) [0x000078e2dffd0f80, 0x000078e2dffd10a0] Compiler: c1, Barriers: 0, Oops: 0, ImmediateOops: 0, NonImmediateOops: No
[2,128s][debug][gc,nmethod     ] Register NMethod: io.sirix.index.path.summary.PathSummaryReader.getNodeKey (0x000078e2dffd1188) [0x000078e2dffd1280, 0x000078e2dffd1730] Compiler: c1, Barriers: 1, Oops: 1, ImmediateOops: 1, NonImmediateOops: No
[2,129s][debug][gc,nmethod     ] Register NMethod: java.lang.String.getChars (0x000078e2dffd1788) [0x000078e2dffd1880, 0x000078e2dffd24c0] Compiler: c1, Barriers: 1, Oops: 1, ImmediateOops: 2, NonImmediateOops: No
[2,129s][debug][gc,nmethod     ] Register NMethod: org.gradle.internal.remote.internal.hub.protocol.ChannelMessage.getDelivery (0x000078e2dffd2508) [0x000078e2dffd2600, 0x000078e2dffd2708] Compiler: c1, Barriers: 0, Oops: 1, ImmediateOops: 1, NonImmediateOops: No
[2,129s][debug][gc,nmethod     ] Register NMethod: java.util.ArrayList.clear (0x000078e2dffd2808) [0x000078e2dffd2900, 0x000078e2dffd2db8] Compiler: c1, Barriers: 4, Oops: 0, ImmediateOops: 0, NonImmediateOops: No
[2,129s][debug][gc,nmethod     ] Register NMethod: java.lang.System$1.uncheckedDecodeASCII (0x000078e2dffd2e08) [0x000078e2dffd2f00, 0x000078e2dffd3040] Compiler: c1, Barriers: 0, Oops: 0, ImmediateOops: 0, NonImmediateOops: No
[2,129s][debug][gc,nmethod     ] Register NMethod: sun.nio.cs.UTF_8$Decoder.decodeLoop (0x000078e2dffd3108) [0x000078e2dffd3200, 0x000078e2dffd3988] Compiler: c1, Barriers: 2, Oops: 0, ImmediateOops: 0, NonImmediateOops: No
[2,129s][debug][gc,nmethod     ] Register NMethod: java.lang.String.decodeASCII (0x000078e2dffd3a08) [0x000078e2dffd3b00, 0x000078e2dffd3d90] Compiler: c1, Barriers: 0, Oops: 0, ImmediateOops: 0, NonImmediateOops: No
[2,129s][debug][gc,nmethod     ] Register NMethod: sun.nio.cs.UTF_8$Decoder.xflow (0x000078e2dffd3e08) [0x000078e2dffd3f00, 0x000078e2dffd4930] Compiler: c1, Barriers: 0, Oops: 0, ImmediateOops: 2, NonImmediateOops: No
[2,129s][debug][gc,nmethod     ] Register NMethod: java.util.ArrayDeque.peekFirst (0x000078e2dffd4988) [0x000078e2dffd4a80, 0x000078e2dffd4c70] Compiler: c1, Barriers: 2, Oops: 0, ImmediateOops: 0, NonImmediateOops: No
[2,129s][debug][gc,nmethod     ] Register NMethod: java.io.Writer.write (0x000078e2dffd4c88) [0x000078e2dffd4d80, 0x000078e2dffd5530] Compiler: c1, Barriers: 1, Oops: 0, ImmediateOops: 0, NonImmediateOops: No
[2,129s][debug][gc,nmethod     ] Register NMethod: java.util.concurrent.locks.AbstractQueuedSynchronizer$Node.getAndUnsetStatus (0x000078e2dffd5588) [0x000078e2dffd5680, 0x000078e2dffd5c90] Compiler: c1, Barriers: 0, Oops: 1, ImmediateOops: 2, NonImmediateOops: No
[2,129s][debug][gc,nmethod     ] Register NMethod: com.esotericsoftware.kryo.io.Output.writeString (0x000078e2dffd5d08) [0x000078e2dffd5e00, 0x000078e2dffd66c0] Compiler: c1, Barriers: 1, Oops: 1, ImmediateOops: 0, NonImmediateOops: No
[2,129s][debug][gc,nmethod     ] Register NMethod: java.util.Objects.checkFromIndexSize (0x000078e2fed10308) [0x000078e2fed10400, 0x000078e2fed104b0] Compiler: jvmci, Barriers: 0, Oops: 0, ImmediateOops: 0, NonImmediateOops: No
[2,129s][debug][gc,nmethod     ] Register NMethod: org.gradle.internal.id.CompositeIdGenerator$CompositeId.getScope (0x000078e2fed10608) [0x000078e2fed10700, 0x000078e2fed107e8] Compiler: c1, Barriers: 1, Oops: 1, ImmediateOops: 0, NonImmediateOops: No
[2,130s][debug][gc,nmethod     ] Register NMethod: org.gradle.internal.id.CompositeIdGenerator$CompositeId.getId (0x000078e2fed10908) [0x000078e2fed10a00, 0x000078e2fed10ae8] Compiler: c1, Barriers: 1, Oops: 1, ImmediateOops: 0, NonImmediateOops: No
[2,130s][debug][gc,nmethod     ] Register NMethod: org.gradle.internal.remote.internal.hub.queue.MultiEndPointQueue.flush (0x000078e2dffd6708) [0x000078e2dffd6800, 0x000078e2dffda760] Compiler: c1, Barriers: 14, Oops: 5, ImmediateOops: 6, NonImmediateOops: No
[2,130s][debug][gc,nmethod     ] Register NMethod: java.lang.String.contains (0x000078e2fed10c08) [0x000078e2fed10d00, 0x000078e2fed11008] Compiler: jvmci, Barriers: 2, Oops: 0, ImmediateOops: 0, NonImmediateOops: No
[2,130s][debug][gc,nmethod     ] Register NMethod: org.gradle.internal.remote.internal.hub.MessageHub.access$700 (0x000078e2fed11088) [0x000078e2fed11180, 0x000078e2fed11250] Compiler: c1, Barriers: 1, Oops: 1, ImmediateOops: 0, NonImmediateOops: No
[2,130s][debug][gc,nmethod     ] Register NMethod: org.gradle.internal.serialize.kryo.TypeSafeSerializer.access$000 (0x000078e2fed11388) [0x000078e2fed11480, 0x000078e2fed11550] Compiler: c1, Barriers: 1, Oops: 1, ImmediateOops: 0, NonImmediateOops: No
[2,130s][debug][gc,nmethod     ] Register NMethod: java.nio.HeapByteBuffer.<init> (0x000078e2dffda808) [0x000078e2dffda900, 0x000078e2dffdab00] Compiler: c1, Barriers: 0, Oops: 0, ImmediateOops: 0, NonImmediateOops: No
[2,130s][debug][gc,nmethod     ] Register NMethod: java.nio.charset.CharsetDecoder.decode (0x000078e2dffdab08) [0x000078e2dffdac00, 0x000078e2dffde0e0] Compiler: c1, Barriers: 6, Oops: 0, ImmediateOops: 5, NonImmediateOops: No
[2,130s][debug][gc,nmethod     ] Register NMethod: org.gradle.api.internal.tasks.testing.DefaultTestOutputEvent.getMessage (0x000078e2fed11688) [0x000078e2fed11780, 0x000078e2fed11868] Compiler: c1, Barriers: 1, Oops: 1, ImmediateOops: 0, NonImmediateOops: No
[2,130s][debug][gc,nmethod     ] Register NMethod: org.gradle.api.internal.tasks.testing.DefaultTestOutputEvent.getLogTime (0x000078e2fed11988) [0x000078e2fed11a80, 0x000078e2fed11b40] Compiler: c1, Barriers: 0, Oops: 1, ImmediateOops: 0, NonImmediateOops: No
[2,130s][debug][gc,nmethod     ] Register NMethod: org.gradle.api.internal.tasks.testing.DefaultTestOutputEvent.getDestination (0x000078e2fed11c88) [0x000078e2fed11d80, 0x000078e2fed11e68] Compiler: c1, Barriers: 1, Oops: 1, ImmediateOops: 0, NonImmediateOops: No
[2,130s][debug][gc,nmethod     ] Register NMethod: java.nio.Buffer.clear (0x000078e2dffde108) [0x000078e2dffde200, 0x000078e2dffde318] Compiler: c1, Barriers: 0, Oops: 0, ImmediateOops: 0, NonImmediateOops: No
[2,130s][debug][gc,nmethod     ] Register NMethod: org.gradle.internal.io.BufferCaster.cast (0x000078e2dffde408) [0x000078e2dffde500, 0x000078e2dffde5e0] Compiler: c1, Barriers: 0, Oops: 1, ImmediateOops: 0, NonImmediateOops: No
[2,131s][debug][gc,nmethod     ] Register NMethod: java.nio.ByteBuffer.clear (0x000078e2dffde708) [0x000078e2dffde800, 0x000078e2dffde978] Compiler: c1, Barriers: 0, Oops: 0, ImmediateOops: 0, NonImmediateOops: No
[2,131s][debug][gc,nmethod     ] Register NMethod: org.gradle.internal.io.StreamByteBuffer.totalBytesUnread (0x000078e2dffdea08) [0x000078e2dffdeb00, 0x000078e2dffdede8] Compiler: c1, Barriers: 2, Oops: 1, ImmediateOops: 0, NonImmediateOops: No
[2,131s][debug][gc,nmethod     ] Register NMethod: sun.nio.ch.SocketDispatcher.write0 (0x000078e2fed11f88) [0x000078e2fed12080, 0x000078e2fed121f0] Compiler: , Barriers: 0, Oops: 0, ImmediateOops: 1, NonImmediateOops: No
[2,131s][debug][gc,nmethod     ] Register NMethod: sun.nio.cs.UTF_8$Decoder.decodeArrayLoop (0x000078e2dffdee08) [0x000078e2dffdef00, 0x000078e2dffe8df0] Compiler: c1, Barriers: 2, Oops: 1, ImmediateOops: 10, NonImmediateOops: No
[2,131s][debug][gc,nmethod     ] Register NMethod: java.io.BufferedWriter.min (0x000078e2dffe8e08) [0x000078e2dffe8f00, 0x000078e2dffe9058] Compiler: c1, Barriers: 0, Oops: 0, ImmediateOops: 0, NonImmediateOops: No
[2,131s][debug][gc,nmethod     ] Register NMethod: jdk.internal.event.SocketWriteEvent.enabled (0x000078e2fed12288) [0x000078e2fed12380, 0x000078e2fed12420] Compiler: c1, Barriers: 0, Oops: 0, ImmediateOops: 0, NonImmediateOops: No
[2,131s][debug][gc,nmethod     ] Register NMethod: io.sirix.index.path.summary.PathSummaryReader.moveTo (0x000078e2fed12588) [0x000078e2fed12680, 0x000078e2fed12e58] Compiler: jvmci, Barriers: 15, Oops: 2, ImmediateOops: 1, NonImmediateOops: No
[2,132s][debug][gc,nmethod     ] Register NMethod: java.io.BufferedWriter.growIfNeeded (0x000078e2dffe9108) [0x000078e2dffe9200, 0x000078e2dffe9518] Compiler: c1, Barriers: 4, Oops: 0, ImmediateOops: 0, NonImmediateOops: No
[2,132s][debug][gc,nmethod     ] Register NMethod: java.io.OutputStreamWriter.flushBuffer (0x000078e2dffe9588) [0x000078e2dffe9680, 0x000078e2dffe99b0] Compiler: c1, Barriers: 1, Oops: 0, ImmediateOops: 0, NonImmediateOops: No
[2,132s][debug][gc,nmethod     ] Register NMethod: java.io.OutputStreamWriter.write (0x000078e2dffe9a08) [0x000078e2dffe9b00, 0x000078e2dffe9e30] Compiler: c1, Barriers: 1, Oops: 0, ImmediateOops: 0, NonImmediateOops: No
[2,132s][debug][gc,nmethod     ] Register NMethod: java.io.BufferedWriter.write (0x000078e2dffe9e88) [0x000078e2dffe9f80, 0x000078e2dffea870] Compiler: c1, Barriers: 3, Oops: 0, ImmediateOops: 1, NonImmediateOops: No
[2,132s][debug][gc,nmethod     ] Register NMethod: sun.nio.cs.StreamEncoder.isOpen (0x000078e2dffea888) [0x000078e2dffea980, 0x000078e2dffeaad0] Compiler: c1, Barriers: 0, Oops: 0, ImmediateOops: 0, NonImmediateOops: No
[2,132s][debug][gc,nmethod     ] Register NMethod: java.io.BufferedWriter.flushBuffer (0x000078e2dffeab88) [0x000078e2dffeac80, 0x000078e2dffeb3f0] Compiler: c1, Barriers: 3, Oops: 0, ImmediateOops: 1, NonImmediateOops: No
[2,132s][debug][gc,nmethod     ] Register NMethod: java.io.PrintStream.print (0x000078e2dffeb408) [0x000078e2dffeb500, 0x000078e2dffeb748] Compiler: c1, Barriers: 0, Oops: 0, ImmediateOops: 1, NonImmediateOops: No
[2,132s][debug][gc,nmethod     ] Register NMethod: sun.nio.cs.StreamEncoder.flushBuffer (0x000078e2dffeb788) [0x000078e2dffeb880, 0x000078e2dffec178] Compiler: c1, Barriers: 2, Oops: 0, ImmediateOops: 1, NonImmediateOops: No
[2,132s][debug][gc,nmethod     ] Register NMethod: java.io.PrintStream.write (0x000078e2dffec188) [0x000078e2dffec280, 0x000078e2dffece28] Compiler: c1, Barriers: 3, Oops: 0, ImmediateOops: 1, NonImmediateOops: No
[2,132s][debug][gc,nmethod     ] Register NMethod: io.sirix.index.path.summary.PathSummaryReader.getName (0x000078e2dffece88) [0x000078e2dffecf80, 0x000078e2dffeff48] Compiler: c1, Barriers: 12, Oops: 1, ImmediateOops: 5, NonImmediateOops: No
[2,132s][debug][gc,nmethod     ] Register NMethod: java.io.PrintStream.write (0x000078e2dffeff88) [0x000078e2dfff0080, 0x000078e2dfff18c8] Compiler: c1, Barriers: 8, Oops: 0, ImmediateOops: 1, NonImmediateOops: No
[2,132s][debug][gc,nmethod     ] Register NMethod: java.nio.ByteBuffer.allocate (0x000078e2dfff1908) [0x000078e2dfff1a00, 0x000078e2dfff1bf8] Compiler: c1, Barriers: 0, Oops: 0, ImmediateOops: 0, NonImmediateOops: No
[2,132s][debug][gc,nmethod     ] Register NMethod: io.brackit.query.util.path.Path$Axis.getText (0x000078e2fed12e88) [0x000078e2fed12f80, 0x000078e2fed13068] Compiler: c1, Barriers: 1, Oops: 1, ImmediateOops: 0, NonImmediateOops: No
[2,133s][debug][gc,nmethod     ] Register NMethod: java.nio.Buffer.position (0x000078e2fed13188) [0x000078e2fed13280, 0x000078e2fed13360] Compiler: jvmci, Barriers: 0, Oops: 0, ImmediateOops: 0, NonImmediateOops: No
[2,133s][debug][gc,nmethod     ] Register NMethod: sun.nio.cs.StreamEncoder.writeBytes (0x000078e2dfff1c08) [0x000078e2dfff1d00, 0x000078e2dfff3100] Compiler: c1, Barriers: 5, Oops: 0, ImmediateOops: 0, NonImmediateOops: No
[2,133s][debug][gc,nmethod     ] Register NMethod: java.util.concurrent.locks.ReentrantLock$NonfairSync.tryAcquire (0x000078e2dfff3108) [0x000078e2dfff3200, 0x000078e2dfff39f0] Compiler: c1, Barriers: 4, Oops: 0, ImmediateOops: 0, NonImmediateOops: No
[2,133s][debug][gc,nmethod     ] Register NMethod: org.gradle.internal.Cast.uncheckedNonnullCast (0x000078e2dfff3a08) [0x000078e2dfff3b00, 0x000078e2dfff3be0] Compiler: c1, Barriers: 0, Oops: 1, ImmediateOops: 0, NonImmediateOops: No
[2,133s][debug][gc,nmethod     ] Register NMethod: org.gradle.internal.dispatch.MethodInvocation.<init> (0x000078e2dfff3d08) [0x000078e2dfff3e00, 0x000078e2dfff4090] Compiler: c1, Barriers: 6, Oops: 1, ImmediateOops: 1, NonImmediateOops: No
[2,133s][debug][gc,nmethod     ] Register NMethod: java.util.ArrayList.fastRemove (0x000078e2dfff4108) [0x000078e2dfff4200, 0x000078e2dfff46f8] Compiler: c1, Barriers: 3, Oops: 0, ImmediateOops: 0, NonImmediateOops: No
[2,133s][debug][gc,nmethod     ] Register NMethod: io.sirix.node.delegates.StructNodeDelegate.getLeftSiblingKey (0x000078e2fed13488) [0x000078e2fed13580, 0x000078e2fed13640] Compiler: c1, Barriers: 0, Oops: 1, ImmediateOops: 0, NonImmediateOops: No
[2,134s][debug][gc,nmethod     ] Register NMethod: java.util.concurrent.locks.AbstractQueuedSynchronizer$ConditionObject.canReacquire (0x000078e2dfff4708) [0x000078e2dfff4800, 0x000078e2dfff4dd0] Compiler: c1, Barriers: 5, Oops: 0, ImmediateOops: 0, NonImmediateOops: No
[2,134s][debug][gc,director    ] Rule Major: Warmup 10%, Used: 300MB, UsedThreshold: 1228MB
[2,134s][debug][gc,nmethod     ] Register NMethod: java.util.concurrent.locks.AbstractQueuedSynchronizer.compareAndSetState (0x000078e2fed13788) [0x000078e2fed13880, 0x000078e2fed13910] Compiler: jvmci, Barriers: 0, Oops: 0, ImmediateOops: 0, NonImmediateOops: No
[2,136s][debug][gc,nmethod     ] Register NMethod: ch.qos.logback.classic.Logger.getName (0x000078e2fed13a88) [0x000078e2fed13b80, 0x000078e2fed13c68] Compiler: c1, Barriers: 1, Oops: 1, ImmediateOops: 0, NonImmediateOops: No
[2,137s][debug][gc,nmethod     ] Register NMethod: io.sirix.page.SerializationType.readHash (0x000078e2dfff4e08) [0x000078e2dfff4f00, 0x000078e2dfff5468] Compiler: c1, Barriers: 3, Oops: 1, ImmediateOops: 0, NonImmediateOops: No
[2,137s][debug][gc,nmethod     ] Register NMethod: com.github.benmanes.caffeine.cache.PSMW.getWeight (0x000078e2fed13d88) [0x000078e2fed13e80, 0x000078e2fed13f40] Compiler: c1, Barriers: 0, Oops: 1, ImmediateOops: 0, NonImmediateOops: No
[2,137s][debug][gc,nmethod     ] Register NMethod: io.sirix.page.SerializationType.readPageFragments (0x000078e2dfff5488) [0x000078e2dfff5580, 0x000078e2dfff6180] Compiler: c1, Barriers: 1, Oops: 1, ImmediateOops: 0, NonImmediateOops: No
[2,137s][debug][gc,nmethod     ] Register NMethod: java.lang.invoke.Invokers$Holder.linkToTargetMethod (0x000078e2dfff6208) [0x000078e2dfff6300, 0x000078e2dfff6808] Compiler: c1, Barriers: 0, Oops: 0, ImmediateOops: 0, NonImmediateOops: No
[2,137s][debug][gc,nmethod     ] Register NMethod: net.jpountz.lz4.LZ4BlockInputStream.tryReadFully (0x000078e2dfff6888) [0x000078e2dfff6980, 0x000078e2dfff6f00] Compiler: c1, Barriers: 1, Oops: 1, ImmediateOops: 0, NonImmediateOops: No
[2,138s][debug][gc,nmethod     ] Register NMethod: jdk.internal.misc.ScopedMemoryAccess.getLongUnaligned (0x000078e2dfff6f88) [0x000078e2dfff7080, 0x000078e2dfff7ee8] Compiler: c1, Barriers: 3, Oops: 0, ImmediateOops: 3, NonImmediateOops: No
[2,139s][debug][gc,nmethod     ] Register NMethod: jdk.internal.foreign.Utils$BaseAndScale.of (0x000078e2fed14088) [0x000078e2fed14180, 0x000078e2fed14248] Compiler: jvmci, Barriers: 0, Oops: 0, ImmediateOops: 1, NonImmediateOops: No
[2,139s][debug][gc,nmethod     ] Register NMethod: io.sirix.axis.AbstractAxis.nextLong (0x000078e2fed14388) [0x000078e2fed14480, 0x000078e2fed15150] Compiler: jvmci, Barriers: 33, Oops: 1, ImmediateOops: 5, NonImmediateOops: No
[2,140s][debug][gc,nmethod     ] Register NMethod: com.github.benmanes.caffeine.cache.SSLMW.setHitsInSample (0x000078e2fed15188) [0x000078e2fed15280, 0x000078e2fed15340] Compiler: c1, Barriers: 0, Oops: 1, ImmediateOops: 0, NonImmediateOops: No
[2,141s][debug][gc,nmethod     ] Register NMethod: io.sirix.page.KeyValueLeafPage.updateLastSlotIndex (0x000078e2fed15488) [0x000078e2fed15580, 0x000078e2fed15710] Compiler: jvmci, Barriers: 1, Oops: 1, ImmediateOops: 0, NonImmediateOops: No
[2,142s][debug][gc,nmethod     ] Register NMethod: java.lang.invoke.DirectMethodHandle.fieldOffset (0x000078e2dfff7f08) [0x000078e2dfff8000, 0x000078e2dfff82f0] Compiler: c1, Barriers: 0, Oops: 0, ImmediateOops: 0, NonImmediateOops: No
[2,142s][debug][gc,nmethod     ] Register NMethod: java.lang.invoke.DirectMethodHandle.checkBase (0x000078e2dfff8308) [0x000078e2dfff8400, 0x000078e2dfff8630] Compiler: c1, Barriers: 0, Oops: 0, ImmediateOops: 0, NonImmediateOops: No
[2,142s][debug][gc,nmethod     ] Register NMethod: java.lang.invoke.ClassSpecializer$SpeciesData.getterFunction (0x000078e2dfff8688) [0x000078e2dfff8780, 0x000078e2dfff8cf0] Compiler: c1, Barriers: 1, Oops: 0, ImmediateOops: 0, NonImmediateOops: No
[2,142s][debug][gc,nmethod     ] Register NMethod: java.lang.invoke.DelegatingMethodHandle.whichKind (0x000078e2dfff8d08) [0x000078e2dfff8e00, 0x000078e2dfff8fc0] Compiler: c1, Barriers: 0, Oops: 0, ImmediateOops: 3, NonImmediateOops: No
[2,142s][debug][gc,nmethod     ] Register NMethod: java.lang.invoke.LambdaForm$DMH/0x0000000092148000.newInvokeSpecial (0x000078e2dfff9008) [0x000078e2dfff9100, 0x000078e2dfff99a8] Compiler: c1, Barriers: 2, Oops: 1, ImmediateOops: 1, NonImmediateOops: No
[2,142s][debug][gc,nmethod     ] Register NMethod: it.unimi.dsi.fastutil.ints.Int2IntOpenHashMap.insert (0x000078e2dfff9a08) [0x000078e2dfff9b00, 0x000078e2dfff9db0] Compiler: c1, Barriers: 2, Oops: 1, ImmediateOops: 0, NonImmediateOops: No
[2,143s][debug][gc,nmethod     ] Register NMethod: io.sirix.access.trx.page.NodePageReadOnlyTrx.getMostRecentPage (0x000078e2dfff9e08) [0x000078e2dfff9f00, 0x000078e2dfffa808] Compiler: c1, Barriers: 11, Oops: 1, ImmediateOops: 1, NonImmediateOops: No
[2,143s][debug][gc,nmethod     ] Register NMethod: it.unimi.dsi.fastutil.ints.Int2ObjectOpenHashMap.insert (0x000078e2dfffa888) [0x000078e2dfffa980, 0x000078e2dfffaed8] Compiler: c1, Barriers: 5, Oops: 1, ImmediateOops: 0, NonImmediateOops: No
[2,143s][debug][gc,nmethod     ] Register NMethod: it.unimi.dsi.fastutil.ints.Int2ObjectOpenHashMap.find (0x000078e2dfffaf08) [0x000078e2dfffb000, 0x000078e2dfffb468] Compiler: c1, Barriers: 1, Oops: 1, ImmediateOops: 0, NonImmediateOops: No
[2,143s][debug][gc,nmethod     ] Register NMethod: it.unimi.dsi.fastutil.ints.Int2ObjectOpenHashMap.put (0x000078e2dfffb488) [0x000078e2dfffb580, 0x000078e2dfffbae8] Compiler: c1, Barriers: 6, Oops: 1, ImmediateOops: 0, NonImmediateOops: No
[2,143s][debug][gc,nmethod     ] Register NMethod: java.lang.invoke.DelegatingMethodHandle.makeReinvokerForm (0x000078e2dfffbb08) [0x000078e2dfffbc00, 0x000078e2dffff770] Compiler: c1, Barriers: 37, Oops: 0, ImmediateOops: 2, NonImmediateOops: No
[2,143s][debug][gc,nmethod     ] Register NMethod: io.sirix.node.MemorySegmentBytesIn.position (0x000078e2fed15788) [0x000078e2fed15880, 0x000078e2fed15940] Compiler: c1, Barriers: 0, Oops: 1, ImmediateOops: 0, NonImmediateOops: No
[2,143s][debug][gc,nmethod     ] Register NMethod: io.sirix.settings.CharsForSerializing.getBytes (0x000078e2fed15a88) [0x000078e2fed15b80, 0x000078e2fed15c68] Compiler: c1, Barriers: 1, Oops: 1, ImmediateOops: 0, NonImmediateOops: No
[2,143s][debug][gc,nmethod     ] Register NMethod: java.io.FilterOutputStream.write (0x000078e2dffff788) [0x000078e2dffff880, 0x000078e2dffffb90] Compiler: c1, Barriers: 0, Oops: 0, ImmediateOops: 0, NonImmediateOops: No
[2,144s][debug][gc,nmethod     ] Register NMethod: java.io.BufferedOutputStream.growIfNeeded (0x000078e2dffffc08) [0x000078e2dffffd00, 0x000078e2e0000028] Compiler: c1, Barriers: 4, Oops: 0, ImmediateOops: 0, NonImmediateOops: No
[2,144s][debug][gc,nmethod     ] Register NMethod: java.io.BufferedOutputStream.write (0x000078e2e0000088) [0x000078e2e0000180, 0x000078e2e0000e98] Compiler: c1, Barriers: 6, Oops: 0, ImmediateOops: 0, NonImmediateOops: No
[2,144s][debug][gc,nmethod     ] Register NMethod: io.sirix.node.MemorySegmentBytesIn.position (0x000078e2fed15d88) [0x000078e2fed15e80, 0x000078e2fed15f40] Compiler: c1, Barriers: 0, Oops: 1, ImmediateOops: 0, NonImmediateOops: No
[2,144s][debug][gc,nmethod     ] Register NMethod: io.sirix.node.Utils.getVarLong (0x000078e2e0000f08) [0x000078e2e0001000, 0x000078e2e0001160] Compiler: c1, Barriers: 0, Oops: 1, ImmediateOops: 0, NonImmediateOops: No
[2,144s][debug][gc,nmethod     ] Register NMethod: io.sirix.node.MemorySegmentBytesIn.readStopBit (0x000078e2e0001208) [0x000078e2e0001300, 0x000078e2e0001530] Compiler: c1, Barriers: 0, Oops: 1, ImmediateOops: 0, NonImmediateOops: No
[2,144s][debug][gc,director    ] Rule Major: Warmup 10%, Used: 302MB, UsedThreshold: 1228MB
[2,145s][debug][gc,nmethod     ] Register NMethod: io.sirix.access.trx.node.AbstractNodeReadOnlyTrx.hasFirstChild (0x000078e2e0001588) [0x000078e2e0001680, 0x000078e2e0001ea0] Compiler: c1, Barriers: 0, Oops: 1, ImmediateOops: 1, NonImmediateOops: No
[2,145s][debug][gc,nmethod     ] Register NMethod: io.sirix.access.trx.node.xml.XmlNodeReadOnlyTrxImpl.getPrefixKey (0x000078e2e0001f08) [0x000078e2e0002000, 0x000078e2e0002ee0] Compiler: c1, Barriers: 1, Oops: 1, ImmediateOops: 1, NonImmediateOops: No
[2,145s][debug][gc,nmethod     ] Register NMethod: io.sirix.index.name.Names.getRawName (0x000078e2e0002f08) [0x000078e2e0003000, 0x000078e2e0003548] Compiler: c1, Barriers: 1, Oops: 1, ImmediateOops: 0, NonImmediateOops: No
[2,145s][debug][gc,nmethod     ] Register NMethod: io.sirix.access.trx.node.xml.XmlNodeReadOnlyTrxImpl.rawNameForKey (0x000078e2e0003588) [0x000078e2e0003680, 0x000078e2e0004330] Compiler: c1, Barriers: 2, Oops: 1, ImmediateOops: 1, NonImmediateOops: No
[2,145s][debug][gc,nmethod     ] Register NMethod: io.sirix.access.trx.page.NodePageReadOnlyTrx.getRawName (0x000078e2e0004388) [0x000078e2e0004480, 0x000078e2e0004b00] Compiler: c1, Barriers: 1, Oops: 1, ImmediateOops: 1, NonImmediateOops: No
[2,145s][debug][gc,nmethod     ] Register NMethod: io.sirix.service.xml.serialize.XmlSerializer.writeQName (0x000078e2e0004b88) [0x000078e2e0004c80, 0x000078e2e00060c0] Compiler: c1, Barriers: 4, Oops: 1, ImmediateOops: 1, NonImmediateOops: No
[2,145s][debug][gc,nmethod     ] Register NMethod: io.sirix.service.xml.serialize.XmlSerializer.areSiblingNodesGoingToBeSkipped (0x000078e2fed16088) [0x000078e2fed16180, 0x000078e2fed16240] Compiler: c1, Barriers: 0, Oops: 1, ImmediateOops: 0, NonImmediateOops: No
[2,145s][debug][gc,nmethod     ] Register NMethod: io.sirix.access.trx.node.xml.XmlNodeReadOnlyTrxImpl.getLocalNameKey (0x000078e2e0006108) [0x000078e2e0006200, 0x000078e2e00070e0] Compiler: c1, Barriers: 1, Oops: 1, ImmediateOops: 1, NonImmediateOops: No
[2,145s][debug][gc,nmethod     ] Register NMethod: io.sirix.page.NamePage.getRawName (0x000078e2e0007108) [0x000078e2e0007200, 0x000078e2e0009d60] Compiler: c1, Barriers: 30, Oops: 1, ImmediateOops: 2, NonImmediateOops: No
[2,146s][debug][gc,nmethod     ] Register NMethod: io.sirix.axis.AbstractAxis.nextLong (0x000078e2e0009d88) [0x000078e2e0009e80, 0x000078e2e000a910] Compiler: c1, Barriers: 5, Oops: 1, ImmediateOops: 1, NonImmediateOops: No
[2,146s][debug][gc,nmethod     ] Register NMethod: java.lang.String.toCharArray (0x000078e2e000a988) [0x000078e2e000aa80, 0x000078e2e000af28] Compiler: c1, Barriers: 2, Oops: 0, ImmediateOops: 0, NonImmediateOops: No
[2,146s][debug][gc,nmethod     ] Register NMethod: io.sirix.node.json.JsonNodeSerializer.readSizePrefix (0x000078e2e000af88) [0x000078e2e000b080, 0x000078e2e000b2a0] Compiler: c1, Barriers: 0, Oops: 1, ImmediateOops: 0, NonImmediateOops: No
[2,146s][debug][gc,nmethod     ] Register NMethod: io.sirix.access.trx.node.AbstractNodeReadOnlyTrx.hasRightSibling (0x000078e2e000b308) [0x000078e2e000b400, 0x000078e2e000bc20] Compiler: c1, Barriers: 0, Oops: 1, ImmediateOops: 1, NonImmediateOops: No
[2,146s][debug][gc,nmethod     ] Register NMethod: io.brackit.query.atomic.QNm.<init> (0x000078e2e000bc88) [0x000078e2e000bd80, 0x000078e2e000c1b8] Compiler: c1, Barriers: 9, Oops: 1, ImmediateOops: 4, NonImmediateOops: No
[2,146s][debug][gc,nmethod     ] Register NMethod: it.unimi.dsi.fastutil.longs.LongArrayList.<init> (0x000078e2e000c208) [0x000078e2e000c300, 0x000078e2e000c5a8] Compiler: c1, Barriers: 0, Oops: 1, ImmediateOops: 0, NonImmediateOops: No
[2,146s][debug][gc,nmethod     ] Register NMethod: it.unimi.dsi.fastutil.longs.LongArrayList.initArrayFromCapacity (0x000078e2e000c608) [0x000078e2e000c700, 0x000078e2e000d848] Compiler: c1, Barriers: 6, Oops: 3, ImmediateOops: 4, NonImmediateOops: No
[2,146s][debug][gc,nmethod     ] Register NMethod: io.sirix.node.xml.ElementNode.hasFirstChild (0x000078e2e000d888) [0x000078e2e000d980, 0x000078e2e0012db8] Compiler: c1, Barriers: 19, Oops: 7, ImmediateOops: 12, NonImmediateOops: No
[2,147s][debug][gc,nmethod     ] Register NMethod: io.sirix.node.xml.TextNode.hasFirstChild (0x000078e2fed16388) [0x000078e2fed16480, 0x000078e2fed16540] Compiler: c1, Barriers: 0, Oops: 1, ImmediateOops: 0, NonImmediateOops: No
[2,147s][debug][gc,nmethod     ] Register NMethod: java.lang.StringLatin1.toChars (0x000078e2e0012e08) [0x000078e2e0012f00, 0x000078e2e00130c0] Compiler: c1, Barriers: 0, Oops: 0, ImmediateOops: 0, NonImmediateOops: No
[2,147s][debug][gc,nmethod     ] Register NMethod: io.sirix.service.xml.serialize.XmlSerializer.emitNode (0x000078e2e0013108) [0x000078e2e0013200, 0x000078e2e0013710] Compiler: c1, Barriers: 0, Oops: 1, ImmediateOops: 0, NonImmediateOops: No
[2,147s][debug][gc,nmethod     ] Register NMethod: io.sirix.service.xml.serialize.XmlSerializer.areSiblingNodesGoingToBeSkipped (0x000078e2e0013788) [0x000078e2e0013880, 0x000078e2e0013db8] Compiler: c1, Barriers: 0, Oops: 1, ImmediateOops: 0, NonImmediateOops: No
[2,147s][debug][gc,nmethod     ] Register NMethod: io.sirix.access.trx.node.AbstractNodeReadOnlyTrx.getLeftSiblingKey (0x000078e2e0013e08) [0x000078e2e0013f00, 0x000078e2e0014720] Compiler: c1, Barriers: 0, Oops: 1, ImmediateOops: 1, NonImmediateOops: No
[2,147s][debug][gc,nmethod     ] Register NMethod: io.sirix.access.trx.node.xml.XmlNodeReadOnlyTrxImpl.getValue (0x000078e2e0014788) [0x000078e2e0014880, 0x000078e2e001b038] Compiler: c1, Barriers: 21, Oops: 7, ImmediateOops: 16, NonImmediateOops: No
[2,147s][debug][gc,nmethod     ] Register NMethod: io.sirix.access.trx.node.xml.XmlNodeReadOnlyTrxImpl.moveToAttribute (0x000078e2e001b088) [0x000078e2e001b180, 0x000078e2e001c828] Compiler: c1, Barriers: 2, Oops: 1, ImmediateOops: 3, NonImmediateOops: No
[2,148s][debug][gc,nmethod     ] Register NMethod: io.sirix.node.MemorySegmentBytesIn.readInt (0x000078e2fed16688) [0x000078e2fed16780, 0x000078e2fed16a28] Compiler: jvmci, Barriers: 4, Oops: 1, ImmediateOops: 0, NonImmediateOops: No
[2,148s][debug][gc,nmethod     ] Register NMethod: io.sirix.utils.XMLToken.escapeAttribute (0x000078e2e001c888) [0x000078e2e001c980, 0x000078e2e001e7d0] Compiler: c1, Barriers: 2, Oops: 6, ImmediateOops: 6, NonImmediateOops: No
[2,148s][debug][gc,nmethod     ] Register NMethod: io.sirix.node.xml.AttributeNode.<init> (0x000078e2e001e808) [0x000078e2e001e900, 0x000078e2e001ec00] Compiler: c1, Barriers: 3, Oops: 1, ImmediateOops: 0, NonImmediateOops: No
[2,148s][debug][gc,nmethod     ] Register NMethod: io.sirix.axis.visitor.VisitorDescendantAxis.nextKey (0x000078e2e001ec88) [0x000078e2e001ed80, 0x000078e2e0024478] Compiler: c1, Barriers: 8, Oops: 1, ImmediateOops: 11, NonImmediateOops: No
[2,148s][debug][gc,nmethod     ] Register NMethod: io.sirix.axis.AbstractAxis.getStartKey (0x000078e2fed16a88) [0x000078e2fed16b80, 0x000078e2fed16c40] Compiler: c1, Barriers: 0, Oops: 1, ImmediateOops: 0, NonImmediateOops: No
[2,148s][debug][gc,nmethod     ] Register NMethod: io.sirix.node.xml.ElementNode.<init> (0x000078e2e0024488) [0x000078e2e0024580, 0x000078e2e0024898] Compiler: c1, Barriers: 3, Oops: 1, ImmediateOops: 0, NonImmediateOops: No
[2,148s][debug][gc,nmethod     ] Register NMethod: io.sirix.access.trx.node.xml.XmlNodeReadOnlyTrxImpl.getNamespaceCount (0x000078e2e0024908) [0x000078e2e0024a00, 0x000078e2e0025960] Compiler: c1, Barriers: 2, Oops: 1, ImmediateOops: 2, NonImmediateOops: No
[2,149s][debug][gc,nmethod     ] Register NMethod: io.sirix.node.NodeKind$2.deserialize (0x000078e2e0025988) [0x000078e2e0025a80, 0x000078e2e0027de0] Compiler: c1, Barriers: 20, Oops: 3, ImmediateOops: 6, NonImmediateOops: No
[2,149s][debug][gc,nmethod     ] Register NMethod: io.sirix.access.trx.node.AbstractNodeReadOnlyTrx.getFirstChildKey (0x000078e2e0027e08) [0x000078e2e0027f00, 0x000078e2e0028720] Compiler: c1, Barriers: 0, Oops: 1, ImmediateOops: 1, NonImmediateOops: No
[2,149s][debug][gc,nmethod     ] Register NMethod: io.sirix.access.trx.node.AbstractNodeReadOnlyTrx.getRightSiblingKey (0x000078e2e0028788) [0x000078e2e0028880, 0x000078e2e00290a0] Compiler: c1, Barriers: 0, Oops: 1, ImmediateOops: 1, NonImmediateOops: No
[2,149s][debug][gc,nmethod     ] Register NMethod: io.sirix.access.trx.node.xml.XmlNodeReadOnlyTrxImpl.getAttributeCount (0x000078e2e0029108) [0x000078e2e0029200, 0x000078e2e002a160] Compiler: c1, Barriers: 2, Oops: 1, ImmediateOops: 2, NonImmediateOops: No
[2,149s][debug][gc,nmethod     ] Register NMethod: io.sirix.service.xml.serialize.XmlSerializer.isSubtreeGoingToBeVisited (0x000078e2e002a188) [0x000078e2e002a280, 0x000078e2e002af28] Compiler: c1, Barriers: 2, Oops: 1, ImmediateOops: 0, NonImmediateOops: No
[2,149s][debug][gc,nmethod     ] Register NMethod: it.unimi.dsi.fastutil.longs.AbstractLongList.peekLong (0x000078e2e002af88) [0x000078e2e002b080, 0x000078e2e002b200] Compiler: c1, Barriers: 0, Oops: 1, ImmediateOops: 0, NonImmediateOops: No
[2,149s][debug][gc,nmethod     ] Register NMethod: io.sirix.service.xml.serialize.XmlSerializer.emitEndNode (0x000078e2e002b288) [0x000078e2e002b380, 0x000078e2e002b890] Compiler: c1, Barriers: 0, Oops: 1, ImmediateOops: 0, NonImmediateOops: No
[2,149s][debug][gc,nmethod     ] Register NMethod: io.sirix.service.xml.serialize.XmlSerializer.isSubtreeGoingToBeVisited (0x000078e2e002b908) [0x000078e2e002ba00, 0x000078e2e002c260] Compiler: c1, Barriers: 2, Oops: 1, ImmediateOops: 0, NonImmediateOops: No
[2,149s][debug][gc,nmethod     ] Register NMethod: java.util.ArrayDeque.push (0x000078e2e002c288) [0x000078e2e002c380, 0x000078e2e002c4c8] Compiler: c1, Barriers: 0, Oops: 0, ImmediateOops: 0, NonImmediateOops: No
[2,149s][debug][gc,nmethod     ] Register NMethod: java.util.ArrayDeque.addFirst (0x000078e2e002c588) [0x000078e2e002c680, 0x000078e2e002cc60] Compiler: c1, Barriers: 4, Oops: 0, ImmediateOops: 0, NonImmediateOops: No
[2,149s][debug][gc,nmethod     ] Register NMethod: io.sirix.service.xml.serialize.XmlSerializer.emitEndNode (0x000078e2e002cc88) [0x000078e2e002cd80, 0x000078e2e002ec70] Compiler: c1, Barriers: 11, Oops: 2, ImmediateOops: 6, NonImmediateOops: No
[2,149s][debug][gc,nmethod     ] Register NMethod: java.util.ArrayDeque.dec (0x000078e2e002ec88) [0x000078e2e002ed80, 0x000078e2e002ee98] Compiler: c1, Barriers: 0, Oops: 0, ImmediateOops: 0, NonImmediateOops: No
[2,150s][debug][gc,nmethod     ] Register NMethod: io.sirix.service.xml.serialize.XmlSerializer.indent (0x000078e2e002ef88) [0x000078e2e002f080, 0x000078e2e002fa80] Compiler: c1, Barriers: 3, Oops: 3, ImmediateOops: 4, NonImmediateOops: No
[2,150s][debug][gc,nmethod     ] Register NMethod: java.util.ArrayDeque.pop (0x000078e2e002fb08) [0x000078e2e002fc00, 0x000078e2e002fe90] Compiler: c1, Barriers: 0, Oops: 0, ImmediateOops: 0, NonImmediateOops: No
[2,150s][debug][gc,nmethod     ] Register NMethod: io.sirix.node.NodeKind$1.deserialize (0x000078e2e002ff08) [0x000078e2e0030000, 0x000078e2e0033648] Compiler: c1, Barriers: 28, Oops: 3, ImmediateOops: 7, NonImmediateOops: No
[2,150s][debug][gc,nmethod     ] Register NMethod: io.sirix.service.xml.serialize.XmlSerializer.emitNode (0x000078e2e0033688) [0x000078e2e0033780, 0x000078e2e0044fd0] Compiler: c1, Barriers: 87, Oops: 4, ImmediateOops: 44, NonImmediateOops: No
[2,151s][debug][gc,nmethod     ] Register NMethod: java.lang.invoke.MethodHandle.linkToStatic (0x000078e2fed16d88) [0x000078e2fed16e80, 0x000078e2fed16f70] Compiler: , Barriers: 0, Oops: 0, ImmediateOops: 0, NonImmediateOops: No
[2,152s][debug][gc,nmethod     ] Register NMethod: java.lang.invoke.MethodHandle.linkToSpecial (0x000078e2fed17088) [0x000078e2fed17180, 0x000078e2fed17278] Compiler: , Barriers: 0, Oops: 0, ImmediateOops: 0, NonImmediateOops: No
[2,152s][debug][gc,nmethod     ] Register NMethod: java.lang.invoke.MethodHandle.invokeBasic (0x000078e2fed17388) [0x000078e2fed17480, 0x000078e2fed17718] Compiler: , Barriers: 0, Oops: 0, ImmediateOops: 0, NonImmediateOops: No
[2,152s][debug][gc,nmethod     ] Register NMethod: java.util.concurrent.ForkJoinPool.compareAndSetCtl (0x000078e2e0045008) [0x000078e2e0045100, 0x000078e2e0045220] Compiler: c1, Barriers: 0, Oops: 0, ImmediateOops: 0, NonImmediateOops: No
[2,152s][debug][gc,nmethod     ] Register NMethod: com.github.benmanes.caffeine.cache.PSMW.getNextInAccessOrder (0x000078e2fed17788) [0x000078e2fed17880, 0x000078e2fed17968] Compiler: c1, Barriers: 1, Oops: 1, ImmediateOops: 0, NonImmediateOops: No
[2,152s][debug][gc,nmethod     ] Register NMethod: com.github.benmanes.caffeine.cache.SSLSMW.maximum (0x000078e2fed17a88) [0x000078e2fed17b80, 0x000078e2fed17c40] Compiler: c1, Barriers: 0, Oops: 1, ImmediateOops: 0, NonImmediateOops: No
[2,152s][debug][gc,nmethod     ] Register NMethod: com.github.benmanes.caffeine.cache.SSLSMW.windowWeightedSize (0x000078e2fed17d88) [0x000078e2fed17e80, 0x000078e2fed17f40] Compiler: c1, Barriers: 0, Oops: 1, ImmediateOops: 0, NonImmediateOops: No
[2,152s][debug][gc,nmethod     ] Register NMethod: com.github.benmanes.caffeine.cache.SSLSMW.accessOrderWindowDeque (0x000078e2fed18088) [0x000078e2fed18180, 0x000078e2fed18270] Compiler: c1, Barriers: 1, Oops: 1, ImmediateOops: 0, NonImmediateOops: No
[2,153s][debug][gc,nmethod     ] Register NMethod: com.github.benmanes.caffeine.cache.BoundedLocalCache.isComputingAsync (0x000078e2e0045308) [0x000078e2e0045400, 0x000078e2e0046ba0] Compiler: c1, Barriers: 1, Oops: 7, ImmediateOops: 8, NonImmediateOops: No
[2,153s][debug][gc,nmethod     ] Register NMethod: io.sirix.axis.visitor.VisitorDescendantAxis.getNextNodeKey (0x000078e2e0046c08) [0x000078e2e0046d00, 0x000078e2e0047a48] Compiler: c1, Barriers: 1, Oops: 1, ImmediateOops: 1, NonImmediateOops: No
[2,154s][debug][gc,nmethod     ] Register NMethod: java.util.ArrayDeque.peek (0x000078e2e0047a88) [0x000078e2e0047b80, 0x000078e2e0047de0] Compiler: c1, Barriers: 2, Oops: 0, ImmediateOops: 0, NonImmediateOops: No
[2,154s][debug][gc,nmethod     ] Register NMethod: io.sirix.utils.XMLToken.escapeContent (0x000078e2e0047e08) [0x000078e2e0047f00, 0x000078e2e0049818] Compiler: c1, Barriers: 2, Oops: 4, ImmediateOops: 4, NonImmediateOops: No
[2,154s][debug][gc,nmethod     ] Register NMethod: io.sirix.axis.visitor.VisitorDescendantAxis.nextSiblingNodeKeyIfAvailable (0x000078e2e0049888) [0x000078e2e0049980, 0x000078e2e004dd50] Compiler: c1, Barriers: 4, Oops: 1, ImmediateOops: 8, NonImmediateOops: No
[2,155s][debug][gc,nmethod     ] Register NMethod: io.sirix.node.xml.TextNode.<init> (0x000078e2e004dd88) [0x000078e2e004de80, 0x000078e2e004e180] Compiler: c1, Barriers: 3, Oops: 1, ImmediateOops: 0, NonImmediateOops: No
[2,155s][debug][gc,nmethod     ] Register NMethod: io.sirix.access.trx.node.AbstractNodeReadOnlyTrx.hasLeftSibling (0x000078e2e004e208) [0x000078e2e004e300, 0x000078e2e004eb20] Compiler: c1, Barriers: 0, Oops: 1, ImmediateOops: 1, NonImmediateOops: No
[2,155s][debug][gc,director    ] Rule Major: Warmup 10%, Used: 304MB, UsedThreshold: 1228MB
[2,155s][debug][gc,nmethod     ] Register NMethod: com.github.benmanes.caffeine.cache.NodeFactory.newLookupKey (0x000078e2e004eb88) [0x000078e2e004ec80, 0x000078e2e004ed80] Compiler: c1, Barriers: 0, Oops: 1, ImmediateOops: 0, NonImmediateOops: No
[2,155s][debug][gc,nmethod     ] Register NMethod: io.sirix.node.NodeKind$4.deserialize (0x000078e2e004ee88) [0x000078e2e004ef80, 0x000078e2e0050b38] Compiler: c1, Barriers: 10, Oops: 2, ImmediateOops: 1, NonImmediateOops: No
[2,155s][debug][gc,nmethod     ] Register NMethod: com.github.benmanes.caffeine.cache.SSLSMW.windowMaximum (0x000078e2fed18388) [0x000078e2fed18480, 0x000078e2fed18540] Compiler: c1, Barriers: 0, Oops: 1, ImmediateOops: 0, NonImmediateOops: No
[2,156s][debug][gc,nmethod     ] Register NMethod: java.io.BufferedReader.readLine (0x000078e2e0050b88) [0x000078e2e0050c80, 0x000078e2e0050dc0] Compiler: c1, Barriers: 0, Oops: 0, ImmediateOops: 0, NonImmediateOops: No
[2,156s][debug][gc,nmethod     ] Register NMethod: java.io.BufferedReader.ensureOpen (0x000078e2e0050e88) [0x000078e2e0050f80, 0x000078e2e00511b0] Compiler: c1, Barriers: 1, Oops: 0, ImmediateOops: 1, NonImmediateOops: No
[2,156s][debug][gc,nmethod     ] Register NMethod: java.io.BufferedReader.readLine (0x000078e2e0051208) [0x000078e2e0051300, 0x000078e2e00532e8] Compiler: c1, Barriers: 7, Oops: 0, ImmediateOops: 3, NonImmediateOops: No
[2,157s][debug][gc,nmethod     ] Register NMethod: java.lang.System.getProperty (0x000078e2e0053308) [0x000078e2e0053400, 0x000078e2e0053c20] Compiler: c1, Barriers: 2, Oops: 0, ImmediateOops: 3, NonImmediateOops: No
[2,158s][debug][gc,nmethod     ] Register NMethod: java.lang.String.<init> (0x000078e2fed18688) [0x000078e2fed18780, 0x000078e2fed197b8] Compiler: jvmci, Barriers: 6, Oops: 0, ImmediateOops: 3, NonImmediateOops: No
[2,160s][debug][gc,nmethod     ] Register NMethod: com.sun.org.apache.xerces.internal.impl.XMLScanner.isValidNameStartChar (0x000078e2e0053c88) [0x000078e2e0053d80, 0x000078e2e0053f88] Compiler: c1, Barriers: 0, Oops: 0, ImmediateOops: 1, NonImmediateOops: No
[2,160s][debug][gc,nmethod     ] Register NMethod: com.sun.org.apache.xerces.internal.dom.DeferredDocumentImpl.getChunkIndex (0x000078e2e0054008) [0x000078e2e0054100, 0x000078e2e00542e8] Compiler: c1, Barriers: 1, Oops: 0, ImmediateOops: 0, NonImmediateOops: No
[2,160s][debug][gc,nmethod     ] Register NMethod: com.sun.org.apache.xerces.internal.dom.DeferredDocumentImpl.setChunkIndex (0x000078e2e0054308) [0x000078e2e0054400, 0x000078e2e0054740] Compiler: c1, Barriers: 2, Oops: 0, ImmediateOops: 0, NonImmediateOops: No
[2,160s][debug][gc,nmethod     ] Register NMethod: com.sun.org.apache.xerces.internal.dom.DeferredDocumentImpl.setChunkValue (0x000078e2e0054788) [0x000078e2e0054880, 0x000078e2e0055a28] Compiler: c1, Barriers: 14, Oops: 0, ImmediateOops: 0, NonImmediateOops: No
[2,160s][debug][gc,nmethod     ] Register NMethod: com.sun.org.apache.xerces.internal.util.AugmentationsImpl.getItem (0x000078e2e0055a88) [0x000078e2e0055b80, 0x000078e2e0055d08] Compiler: c1, Barriers: 1, Oops: 0, ImmediateOops: 0, NonImmediateOops: No
[2,160s][debug][gc,nmethod     ] Register NMethod: com.sun.org.apache.xerces.internal.util.XMLAttributesImpl.getAugmentations (0x000078e2e0055d88) [0x000078e2e0055e80, 0x000078e2e00560d0] Compiler: c1, Barriers: 3, Oops: 0, ImmediateOops: 0, NonImmediateOops: No
[2,160s][debug][gc,nmethod     ] Register NMethod: com.sun.org.apache.xerces.internal.dom.DeferredDocumentImpl.createNode (0x000078e2e0056108) [0x000078e2e0056200, 0x000078e2e0056408] Compiler: c1, Barriers: 1, Oops: 0, ImmediateOops: 0, NonImmediateOops: No
[2,160s][debug][gc,nmethod     ] Register NMethod: com.sun.org.apache.xerces.internal.util.AugmentationsImpl$SmallContainer.getItem (0x000078e2e0056488) [0x000078e2e0056580, 0x000078e2e0056ad0] Compiler: c1, Barriers: 4, Oops: 0, ImmediateOops: 0, NonImmediateOops: No
[2,160s][debug][gc,nmethod     ] Register NMethod: com.sun.org.apache.xerces.internal.util.XMLAttributesImpl.getURI (0x000078e2e0056b08) [0x000078e2e0056c00, 0x000078e2e0056e88] Compiler: c1, Barriers: 4, Oops: 0, ImmediateOops: 0, NonImmediateOops: No
[2,161s][debug][gc,nmethod     ] Register NMethod: com.sun.org.apache.xerces.internal.util.XMLAttributesImpl.getQName (0x000078e2e0056f08) [0x000078e2e0057000, 0x000078e2e00572d0] Compiler: c1, Barriers: 4, Oops: 0, ImmediateOops: 1, NonImmediateOops: No
[2,161s][debug][gc,nmethod     ] Register NMethod: com.sun.org.apache.xerces.internal.dom.DeferredDocumentImpl.appendChild (0x000078e2e0057308) [0x000078e2e0057400, 0x000078e2e0057838] Compiler: c1, Barriers: 5, Oops: 0, ImmediateOops: 0, NonImmediateOops: No
[2,161s][debug][gc,nmethod     ] Register NMethod: com.sun.org.apache.xerces.internal.impl.XMLDocumentFragmentScannerImpl$FragmentContentDriver.startOfMarkup (0x000078e2e0057888) [0x000078e2e0057980, 0x000078e2e00599e8] Compiler: c1, Barriers: 16, Oops: 0, ImmediateOops: 7, NonImmediateOops: No
[2,161s][debug][gc,nmethod     ] Register NMethod: com.sun.org.apache.xerces.internal.dom.DeferredDocumentImpl.clearChunkIndex (0x000078e2e0059a08) [0x000078e2e0059b00, 0x000078e2e005a030] Compiler: c1, Barriers: 4, Oops: 0, ImmediateOops: 0, NonImmediateOops: No
[2,161s][debug][gc,nmethod     ] Register NMethod: java.lang.Boolean.equals (0x000078e2e005a088) [0x000078e2e005a180, 0x000078e2e005a910] Compiler: c1, Barriers: 0, Oops: 0, ImmediateOops: 0, NonImmediateOops: No
[2,161s][debug][gc,nmethod     ] Register NMethod: com.sun.org.apache.xerces.internal.dom.DeferredDocumentImpl.ensureCapacity (0x000078e2e005a988) [0x000078e2e005aa80, 0x000078e2e005dfd8] Compiler: c1, Barriers: 86, Oops: 0, ImmediateOops: 0, NonImmediateOops: No
[2,161s][debug][gc,nmethod     ] Register NMethod: com.sun.org.apache.xerces.internal.dom.DeferredDocumentImpl.clearChunkValue (0x000078e2e005e008) [0x000078e2e005e100, 0x000078e2e005eda0] Compiler: c1, Barriers: 10, Oops: 0, ImmediateOops: 0, NonImmediateOops: No
[2,161s][debug][gc,nmethod     ] Register NMethod: io.sirix.access.trx.node.AbstractNodeReadOnlyTrx.moveTo (0x000078e2fed19808) [0x000078e2fed19900, 0x000078e2fed1ac10] Compiler: jvmci, Barriers: 37, Oops: 4, ImmediateOops: 1, NonImmediateOops: No
[2,161s][debug][gc,nmethod     ] Register NMethod: com.sun.org.apache.xerces.internal.dom.DeferredDocumentImpl.createDeferredElement (0x000078e2e005ee08) [0x000078e2e005ef00, 0x000078e2e005f188] Compiler: c1, Barriers: 2, Oops: 0, ImmediateOops: 0, NonImmediateOops: No
[2,161s][debug][gc,nmethod     ] Register NMethod: com.sun.org.apache.xerces.internal.dom.DeferredDocumentImpl.createDeferredAttribute (0x000078e2e005f208) [0x000078e2e005f300, 0x000078e2e005f6d8] Compiler: c1, Barriers: 4, Oops: 0, ImmediateOops: 0, NonImmediateOops: No
[2,161s][debug][gc,nmethod     ] Register NMethod: com.sun.org.apache.xerces.internal.dom.DeferredDocumentImpl.setDeferredAttribute (0x000078e2e005f708) [0x000078e2e005f800, 0x000078e2e0060460] Compiler: c1, Barriers: 12, Oops: 0, ImmediateOops: 0, NonImmediateOops: No
[2,161s][debug][gc,nmethod     ] Register NMethod: com.sun.org.apache.xerces.internal.impl.XMLScanner.isValidNameStartHighSurrogate (0x000078e2fed1ac88) [0x000078e2fed1ad80, 0x000078e2fed1ae40] Compiler: c1, Barriers: 0, Oops: 0, ImmediateOops: 0, NonImmediateOops: No
[2,161s][debug][gc,nmethod     ] Register NMethod: com.sun.org.apache.xerces.internal.dom.DeferredDocumentImpl.getParentNode (0x000078e2e0060488) [0x000078e2e0060580, 0x000078e2e0060910] Compiler: c1, Barriers: 3, Oops: 0, ImmediateOops: 0, NonImmediateOops: No
[2,162s][debug][gc,nmethod     ] Register NMethod: com.sun.org.apache.xerces.internal.dom.DeferredDocumentImpl.createDeferredTextNode (0x000078e2e0060988) [0x000078e2e0060a80, 0x000078e2e0060d68] Compiler: c1, Barriers: 2, Oops: 0, ImmediateOops: 0, NonImmediateOops: No
[2,162s][debug][gc,nmethod     ] Register NMethod: jdk.xml.internal.JdkXmlConfig.getJaxpConfig (0x000078e2fed1af88) [0x000078e2fed1b080, 0x000078e2fed1b168] Compiler: c1, Barriers: 1, Oops: 0, ImmediateOops: 0, NonImmediateOops: No
[2,162s][debug][gc,nmethod     ] Register NMethod: com.sun.org.apache.xerces.internal.xni.QName.clear (0x000078e2e0060d88) [0x000078e2e0060e80, 0x000078e2e0061180] Compiler: c1, Barriers: 12, Oops: 0, ImmediateOops: 0, NonImmediateOops: No
[2,162s][debug][gc,nmethod     ] Register NMethod: com.sun.org.apache.xerces.internal.xni.QName.<init> (0x000078e2e0061188) [0x000078e2e0061280, 0x000078e2e0061638] Compiler: c1, Barriers: 12, Oops: 0, ImmediateOops: 0, NonImmediateOops: No
[2,162s][debug][gc,nmethod     ] Register NMethod: com.sun.org.apache.xerces.internal.parsers.AbstractDOMParser.characters (0x000078e2e0061688) [0x000078e2e0061780, 0x000078e2e00649c8] Compiler: c1, Barriers: 21, Oops: 0, ImmediateOops: 0, NonImmediateOops: No
[2,163s][debug][gc,nmethod     ] Register NMethod: com.sun.org.apache.xerces.internal.parsers.AbstractDOMParser.endElement (0x000078e2e0064a08) [0x000078e2e0064b00, 0x000078e2e0069878] Compiler: c1, Barriers: 37, Oops: 1, ImmediateOops: 3, NonImmediateOops: No
[2,163s][debug][gc,nmethod     ] Register NMethod: it.unimi.dsi.fastutil.ints.Int2ObjectOpenHashMap.get (0x000078e2fed1b288) [0x000078e2fed1b380, 0x000078e2fed1b7e8] Compiler: jvmci, Barriers: 7, Oops: 1, ImmediateOops: 0, NonImmediateOops: No
[2,163s][debug][gc,nmethod     ] Register NMethod: com.sun.org.apache.xerces.internal.util.NamespaceSupport.popContext (0x000078e2fed1b808) [0x000078e2fed1b900, 0x000078e2fed1ba28] Compiler: jvmci, Barriers: 1, Oops: 0, ImmediateOops: 0, NonImmediateOops: No
[2,164s][debug][gc,nmethod     ] Register NMethod: io.sirix.page.KeyValueLeafPage.setData (0x000078e2fed1bb08) [0x000078e2fed1bc00, 0x000078e2fed1df30] Compiler: jvmci, Barriers: 30, Oops: 3, ImmediateOops: 3, NonImmediateOops: No
[2,165s][debug][gc,nmethod     ] Register NMethod: java.lang.StringLatin1.inflate (0x000078e2fed1df88) [0x000078e2fed1e080, 0x000078e2fed1e2f8] Compiler: jvmci, Barriers: 0, Oops: 0, ImmediateOops: 0, NonImmediateOops: No
[2,165s][debug][gc,director    ] Rule Major: Warmup 10%, Used: 304MB, UsedThreshold: 1228MB
[2,165s][debug][gc,nmethod     ] Register NMethod: com.sun.org.apache.xerces.internal.parsers.AbstractDOMParser.startElement (0x000078e2e0069888) [0x000078e2e0069980, 0x000078e2e0074830] Compiler: c1, Barriers: 70, Oops: 6, ImmediateOops: 18, NonImmediateOops: No
[2,165s][debug][gc,nmethod     ] Register NMethod: com.sun.org.apache.xerces.internal.dom.DeferredDocumentImpl.setChunkIndex (0x000078e2fed1e308) [0x000078e2fed1e400, 0x000078e2fed1e610] Compiler: jvmci, Barriers: 1, Oops: 0, ImmediateOops: 0, NonImmediateOops: No
[2,166s][debug][gc,nmethod     ] Register NMethod: jdk.xml.internal.XMLSecurityManager.isOverLimit (0x000078e2fed1e688) [0x000078e2fed1e780, 0x000078e2fed1e9e8] Compiler: jvmci, Barriers: 2, Oops: 0, ImmediateOops: 0, NonImmediateOops: No
[2,167s][debug][gc,nmethod     ] Register NMethod: com.sun.org.apache.xerces.internal.dom.ParentNode.ownerDocument (0x000078e2fed1ea08) [0x000078e2fed1eb00, 0x000078e2fed1ebe8] Compiler: c1, Barriers: 1, Oops: 0, ImmediateOops: 0, NonImmediateOops: No
[2,167s][debug][gc,nmethod     ] Register NMethod: com.sun.org.apache.xerces.internal.dom.NodeImpl.needsSyncData (0x000078e2e0074888) [0x000078e2e0074980, 0x000078e2e0074ad8] Compiler: c1, Barriers: 0, Oops: 0, ImmediateOops: 0, NonImmediateOops: No
[2,167s][debug][gc,nmethod     ] Register NMethod: com.sun.org.apache.xerces.internal.dom.NodeImpl.isOwned (0x000078e2e0074b88) [0x000078e2e0074c80, 0x000078e2e0074dd8] Compiler: c1, Barriers: 0, Oops: 0, ImmediateOops: 0, NonImmediateOops: No
[2,167s][debug][gc,nmethod     ] Register NMethod: com.sun.org.apache.xerces.internal.impl.XMLEntityScanner.peekChar (0x000078e2fed1ed08) [0x000078e2fed1ee00, 0x000078e2fed1f118] Compiler: jvmci, Barriers: 4, Oops: 0, ImmediateOops: 0, NonImmediateOops: No
[2,168s][debug][gc,nmethod     ] Register NMethod: com.sun.org.apache.xerces.internal.dom.AttrImpl.getNodeType (0x000078e2fed1f188) [0x000078e2fed1f280, 0x000078e2fed1f340] Compiler: c1, Barriers: 0, Oops: 0, ImmediateOops: 0, NonImmediateOops: No
[2,168s][debug][gc,nmethod     ] Register NMethod: com.sun.org.apache.xerces.internal.dom.DocumentImpl.setMutationEvents (0x000078e2fed1f488) [0x000078e2fed1f580, 0x000078e2fed1f648] Compiler: c1, Barriers: 0, Oops: 0, ImmediateOops: 0, NonImmediateOops: No
[2,168s][debug][gc,nmethod     ] Register NMethod: com.sun.org.apache.xerces.internal.dom.ElementImpl.getNodeType (0x000078e2fed1f788) [0x000078e2fed1f880, 0x000078e2fed1f940] Compiler: c1, Barriers: 0, Oops: 0, ImmediateOops: 0, NonImmediateOops: No
[2,168s][debug][gc,nmethod     ] Register NMethod: com.sun.org.apache.xerces.internal.dom.DocumentImpl.getMutationEvents (0x000078e2fed1fa88) [0x000078e2fed1fb80, 0x000078e2fed1fc48] Compiler: c1, Barriers: 0, Oops: 0, ImmediateOops: 0, NonImmediateOops: No
[2,168s][debug][gc,nmethod     ] Register NMethod: com.sun.org.apache.xerces.internal.dom.NodeImpl.ownerDocument (0x000078e2e0074e88) [0x000078e2e0074f80, 0x000078e2e00757b0] Compiler: c1, Barriers: 2, Oops: 0, ImmediateOops: 0, NonImmediateOops: No
[2,168s][debug][gc,nmethod     ] Register NMethod: com.sun.org.apache.xerces.internal.dom.NodeImpl.needsSyncData (0x000078e2e0075808) [0x000078e2e0075900, 0x000078e2e0075a50] Compiler: c1, Barriers: 0, Oops: 0, ImmediateOops: 0, NonImmediateOops: No
[2,168s][debug][gc,nmethod     ] Register NMethod: com.sun.org.apache.xerces.internal.dom.NodeImpl.isNormalized (0x000078e2e0075b08) [0x000078e2e0075c00, 0x000078e2e0075d58] Compiler: c1, Barriers: 0, Oops: 0, ImmediateOops: 0, NonImmediateOops: No
[2,168s][debug][gc,nmethod     ] Register NMethod: io.sirix.node.MemorySegmentBytesIn.readLong (0x000078e2fed1fd88) [0x000078e2fed1fe80, 0x000078e2fed20128] Compiler: jvmci, Barriers: 4, Oops: 1, ImmediateOops: 0, NonImmediateOops: No
[2,168s][debug][gc,nmethod     ] Register NMethod: com.sun.org.apache.xerces.internal.dom.AttrImpl.getNodeName (0x000078e2e0075e08) [0x000078e2e0075f00, 0x000078e2e00764d0] Compiler: c1, Barriers: 1, Oops: 0, ImmediateOops: 0, NonImmediateOops: No
[2,168s][debug][gc,nmethod     ] Register NMethod: com.sun.org.apache.xerces.internal.dom.NodeImpl.<init> (0x000078e2e0076508) [0x000078e2e0076600, 0x000078e2e00767d0] Compiler: c1, Barriers: 3, Oops: 0, ImmediateOops: 0, NonImmediateOops: No
[2,168s][debug][gc,nmethod     ] Register NMethod: com.sun.org.apache.xerces.internal.dom.NodeImpl.needsSyncChildren (0x000078e2e0076808) [0x000078e2e0076900, 0x000078e2e0076a58] Compiler: c1, Barriers: 0, Oops: 0, ImmediateOops: 0, NonImmediateOops: No
[2,168s][debug][gc,nmethod     ] Register NMethod: com.sun.org.apache.xerces.internal.dom.NodeImpl.isOwned (0x000078e2e0076b08) [0x000078e2e0076c00, 0x000078e2e0076d50] Compiler: c1, Barriers: 0, Oops: 0, ImmediateOops: 0, NonImmediateOops: No
[2,168s][debug][gc,nmethod     ] Register NMethod: com.sun.org.apache.xerces.internal.dom.NodeImpl.isSpecified (0x000078e2e0076e08) [0x000078e2e0076f00, 0x000078e2e0077050] Compiler: c1, Barriers: 0, Oops: 0, ImmediateOops: 0, NonImmediateOops: No
[2,168s][debug][gc,nmethod     ] Register NMethod: com.sun.org.apache.xerces.internal.dom.NodeImpl.needsSyncChildren (0x000078e2e0077108) [0x000078e2e0077200, 0x000078e2e0077350] Compiler: c1, Barriers: 0, Oops: 0, ImmediateOops: 0, NonImmediateOops: No
[2,168s][debug][gc,nmethod     ] Register NMethod: com.sun.org.apache.xerces.internal.dom.NodeImpl.getOwnerDocument (0x000078e2e0077408) [0x000078e2e0077500, 0x000078e2e0077d48] Compiler: c1, Barriers: 2, Oops: 0, ImmediateOops: 0, NonImmediateOops: No
[2,168s][debug][gc,nmethod     ] Register NMethod: com.sun.org.apache.xerces.internal.dom.NodeImpl.hasStringValue (0x000078e2e0077d88) [0x000078e2e0077e80, 0x000078e2e0077fd8] Compiler: c1, Barriers: 0, Oops: 0, ImmediateOops: 0, NonImmediateOops: No
[2,169s][debug][gc,nmethod     ] Register NMethod: com.sun.org.apache.xerces.internal.dom.AttrNSImpl.getLocalName (0x000078e2e0078088) [0x000078e2e0078180, 0x000078e2e0078750] Compiler: c1, Barriers: 1, Oops: 0, ImmediateOops: 0, NonImmediateOops: No
[2,169s][debug][gc,nmethod     ] Register NMethod: com.sun.org.apache.xerces.internal.dom.DeferredDocumentImpl.getPrevSibling (0x000078e2e0078788) [0x000078e2e0078880, 0x000078e2e00789c8] Compiler: c1, Barriers: 0, Oops: 0, ImmediateOops: 0, NonImmediateOops: No
[2,169s][debug][gc,nmethod     ] Register NMethod: com.sun.org.apache.xerces.internal.impl.XMLEntityScanner.skipSpaces (0x000078e2fed20188) [0x000078e2fed20280, 0x000078e2fed207e8] Compiler: jvmci, Barriers: 4, Oops: 0, ImmediateOops: 2, NonImmediateOops: No
[2,169s][debug][gc,nmethod     ] Register NMethod: com.sun.org.apache.xerces.internal.util.XMLChar.isNCNameStart (0x000078e2e0078a88) [0x000078e2e0078b80, 0x000078e2e0078d10] Compiler: c1, Barriers: 0, Oops: 0, ImmediateOops: 1, NonImmediateOops: No
[2,169s][debug][gc,nmethod     ] Register NMethod: com.sun.org.apache.xerces.internal.dom.NodeImpl.isReadOnly (0x000078e2e0078d88) [0x000078e2e0078e80, 0x000078e2e0078fd8] Compiler: c1, Barriers: 0, Oops: 0, ImmediateOops: 0, NonImmediateOops: No
[2,169s][debug][gc,nmethod     ] Register NMethod: com.sun.org.apache.xerces.internal.dom.DeferredDocumentImpl.getPrevSibling (0x000078e2e0079088) [0x000078e2e0079180, 0x000078e2e0079a18] Compiler: c1, Barriers: 8, Oops: 0, ImmediateOops: 0, NonImmediateOops: No
[2,169s][debug][gc,nmethod     ] Register NMethod: com.sun.org.apache.xerces.internal.dom.AttrNSImpl.getNamespaceURI (0x000078e2e0079a88) [0x000078e2e0079b80, 0x000078e2e007a150] Compiler: c1, Barriers: 1, Oops: 0, ImmediateOops: 0, NonImmediateOops: No
[2,169s][debug][gc,nmethod     ] Register NMethod: com.sun.org.apache.xerces.internal.dom.TextImpl.getNodeType (0x000078e2fed20808) [0x000078e2fed20900, 0x000078e2fed209c0] Compiler: c1, Barriers: 0, Oops: 0, ImmediateOops: 0, NonImmediateOops: No
[2,169s][debug][gc,nmethod     ] Register NMethod: com.sun.org.apache.xerces.internal.dom.DeferredDocumentImpl.getLastChild (0x000078e2e007a188) [0x000078e2e007a280, 0x000078e2e007a3c8] Compiler: c1, Barriers: 0, Oops: 0, ImmediateOops: 0, NonImmediateOops: No
[2,169s][debug][gc,nmethod     ] Register NMethod: com.sun.org.apache.xerces.internal.dom.ParentNode.getOwnerDocument (0x000078e2fed20b08) [0x000078e2fed20c00, 0x000078e2fed20ce8] Compiler: c1, Barriers: 1, Oops: 0, ImmediateOops: 0, NonImmediateOops: No
[2,169s][debug][gc,nmethod     ] Register NMethod: com.sun.org.apache.xerces.internal.dom.DeferredDocumentImpl.getLastChild (0x000078e2e007a488) [0x000078e2e007a580, 0x000078e2e007a910] Compiler: c1, Barriers: 3, Oops: 0, ImmediateOops: 0, NonImmediateOops: No
[2,169s][debug][gc,nmethod     ] Register NMethod: com.sun.org.apache.xerces.internal.dom.NodeImpl.isNormalized (0x000078e2e007a988) [0x000078e2e007aa80, 0x000078e2e007b128] Compiler: c1, Barriers: 1, Oops: 0, ImmediateOops: 0, NonImmediateOops: No
[2,169s][debug][gc,nmethod     ] Register NMethod: com.sun.org.apache.xerces.internal.util.XMLChar.isNCName (0x000078e2e007b188) [0x000078e2e007b280, 0x000078e2e007b410] Compiler: c1, Barriers: 0, Oops: 0, ImmediateOops: 1, NonImmediateOops: No
[2,169s][debug][gc,nmethod     ] Register NMethod: com.sun.org.apache.xerces.internal.impl.XMLEntityScanner.scanChar (0x000078e2fed20e08) [0x000078e2fed20f00, 0x000078e2fed21148] Compiler: jvmci, Barriers: 2, Oops: 0, ImmediateOops: 0, NonImmediateOops: No
[2,169s][debug][gc,nmethod     ] Register NMethod: com.sun.org.apache.xerces.internal.dom.ChildNode.<init> (0x000078e2e007b488) [0x000078e2e007b580, 0x000078e2e007b7b0] Compiler: c1, Barriers: 3, Oops: 0, ImmediateOops: 0, NonImmediateOops: No
[2,169s][debug][gc,nmethod     ] Register NMethod: java.util.ArrayList.rangeCheckForAdd (0x000078e2e007b808) [0x000078e2e007b900, 0x000078e2e007cba0] Compiler: c1, Barriers: 0, Oops: 2, ImmediateOops: 3, NonImmediateOops: No
[2,169s][debug][gc,nmethod     ] Register NMethod: com.sun.org.apache.xerces.internal.dom.NodeImpl.isSpecified (0x000078e2e007cc08) [0x000078e2e007cd00, 0x000078e2e007ce58] Compiler: c1, Barriers: 0, Oops: 0, ImmediateOops: 0, NonImmediateOops: No
[2,170s][debug][gc,nmethod     ] Register NMethod: com.sun.org.apache.xerces.internal.dom.AttrImpl.getSpecified (0x000078e2e007cf08) [0x000078e2e007d000, 0x000078e2e007d810] Compiler: c1, Barriers: 0, Oops: 0, ImmediateOops: 0, NonImmediateOops: No
[2,170s][debug][gc,nmethod     ] Register NMethod: java.util.ArrayList.add (0x000078e2e007d888) [0x000078e2e007d980, 0x000078e2e007e120] Compiler: c1, Barriers: 4, Oops: 0, ImmediateOops: 0, NonImmediateOops: No
[2,170s][debug][gc,nmethod     ] Register NMethod: java.util.ArrayList.grow (0x000078e2e007e188) [0x000078e2e007e280, 0x000078e2e007e3b8] Compiler: c1, Barriers: 0, Oops: 0, ImmediateOops: 0, NonImmediateOops: No
[2,170s][debug][gc,nmethod     ] Register NMethod: com.sun.org.apache.xerces.internal.dom.NamedNodeMapImpl.isReadOnly (0x000078e2e007e488) [0x000078e2e007e580, 0x000078e2e007e6d8] Compiler: c1, Barriers: 0, Oops: 0, ImmediateOops: 0, NonImmediateOops: No
[2,170s][debug][gc,nmethod     ] Register NMethod: com.sun.org.apache.xerces.internal.dom.NamedNodeMapImpl.findNamePoint (0x000078e2e007e788) [0x000078e2e007e880, 0x000078e2e007f628] Compiler: c1, Barriers: 2, Oops: 0, ImmediateOops: 0, NonImmediateOops: No
[2,170s][debug][gc,nmethod     ] Register NMethod: com.sun.org.apache.xerces.internal.dom.NodeImpl.hasStringValue (0x000078e2e007f688) [0x000078e2e007f780, 0x000078e2e007f8d8] Compiler: c1, Barriers: 0, Oops: 0, ImmediateOops: 0, NonImmediateOops: No
[2,170s][debug][gc,nmethod     ] Register NMethod: com.sun.org.apache.xerces.internal.dom.DeferredDocumentImpl.getNodeExtra (0x000078e2e007f988) [0x000078e2e007fa80, 0x000078e2e007fbc8] Compiler: c1, Barriers: 0, Oops: 0, ImmediateOops: 0, NonImmediateOops: No
[2,170s][debug][gc,nmethod     ] Register NMethod: com.sun.org.apache.xerces.internal.dom.DocumentImpl.setAttrNode (0x000078e2e007fc88) [0x000078e2e007fd80, 0x000078e2e00807d0] Compiler: c1, Barriers: 2, Oops: 0, ImmediateOops: 0, NonImmediateOops: No
[2,170s][debug][gc,nmethod     ] Register NMethod: com.sun.org.apache.xerces.internal.dom.DeferredDocumentImpl.getNodeExtra (0x000078e2e0080808) [0x000078e2e0080900, 0x000078e2e0080c90] Compiler: c1, Barriers: 3, Oops: 0, ImmediateOops: 0, NonImmediateOops: No
[2,170s][debug][gc,nmethod     ] Register NMethod: com.sun.org.apache.xerces.internal.dom.NodeImpl.getUserDataRecord (0x000078e2e0080d08) [0x000078e2e0080e00, 0x000078e2e0081810] Compiler: c1, Barriers: 1, Oops: 0, ImmediateOops: 0, NonImmediateOops: No
[2,170s][debug][gc,nmethod     ] Register NMethod: com.sun.org.apache.xerces.internal.dom.CoreDocumentImpl.getUserDataRecord (0x000078e2e0081888) [0x000078e2e0081980, 0x000078e2e0081f98] Compiler: c1, Barriers: 1, Oops: 0, ImmediateOops: 0, NonImmediateOops: No
[2,170s][debug][gc,nmethod     ] Register NMethod: com.sun.org.apache.xerces.internal.dom.CoreDocumentImpl.changed (0x000078e2e0082008) [0x000078e2e0082100, 0x000078e2e0082210] Compiler: c1, Barriers: 0, Oops: 0, ImmediateOops: 0, NonImmediateOops: No
[2,170s][debug][gc,nmethod     ] Register NMethod: com.sun.org.apache.xerces.internal.dom.NodeImpl.changed (0x000078e2e0082308) [0x000078e2e0082400, 0x000078e2e0082928] Compiler: c1, Barriers: 0, Oops: 0, ImmediateOops: 0, NonImmediateOops: No
[2,170s][debug][gc,nmethod     ] Register NMethod: com.sun.org.apache.xerces.internal.dom.DeferredDocumentImpl.getNodeObject (0x000078e2e0082988) [0x000078e2e0082a80, 0x000078e2e0086250] Compiler: c1, Barriers: 30, Oops: 0, ImmediateOops: 0, NonImmediateOops: No
[2,170s][debug][gc,nmethod     ] Register NMethod: com.sun.org.apache.xerces.internal.util.XMLChar.isValidNCName (0x000078e2e0086288) [0x000078e2e0086380, 0x000078e2e0087c90] Compiler: c1, Barriers: 3, Oops: 1, ImmediateOops: 6, NonImmediateOops: No
[2,171s][debug][gc,nmethod     ] Register NMethod: com.sun.org.apache.xerces.internal.dom.DeferredDocumentImpl.getNodeName (0x000078e2e0087d08) [0x000078e2e0087e00, 0x000078e2e0087f48] Compiler: c1, Barriers: 0, Oops: 0, ImmediateOops: 0, NonImmediateOops: No
[2,171s][debug][gc,nmethod     ] Register NMethod: com.sun.org.apache.xerces.internal.dom.ChildNode.parentNode (0x000078e2e0088008) [0x000078e2e0088100, 0x000078e2e0088508] Compiler: c1, Barriers: 1, Oops: 0, ImmediateOops: 0, NonImmediateOops: No
[2,171s][debug][gc,nmethod     ] Register NMethod: com.sun.org.apache.xerces.internal.dom.DeferredDocumentImpl.getNodeURI (0x000078e2e0088588) [0x000078e2e0088680, 0x000078e2e00887b8] Compiler: c1, Barriers: 0, Oops: 0, ImmediateOops: 0, NonImmediateOops: No
[2,171s][debug][gc,nmethod     ] Register NMethod: com.sun.org.apache.xerces.internal.dom.DeferredDocumentImpl.getNodeName (0x000078e2e0088888) [0x000078e2e0088980, 0x000078e2e0088f58] Compiler: c1, Barriers: 4, Oops: 0, ImmediateOops: 0, NonImmediateOops: No
[2,171s][debug][gc,nmethod     ] Register NMethod: com.sun.org.apache.xerces.internal.dom.DeferredDocumentImpl.getImplementation (0x000078e2e0088f88) [0x000078e2e0089080, 0x000078e2e0089220] Compiler: c1, Barriers: 1, Oops: 0, ImmediateOops: 1, NonImmediateOops: No
[2,171s][debug][gc,nmethod     ] Register NMethod: com.sun.org.apache.xerces.internal.dom.DeferredDOMImplementationImpl.getDOMImplementation (0x000078e2e0089288) [0x000078e2e0089380, 0x000078e2e00894a8] Compiler: c1, Barriers: 1, Oops: 0, ImmediateOops: 1, NonImmediateOops: No
[2,171s][debug][gc,nmethod     ] Register NMethod: com.sun.org.apache.xerces.internal.dom.DeferredDocumentImpl.getTypeInfo (0x000078e2e0089588) [0x000078e2e0089680, 0x000078e2e008a1c8] Compiler: c1, Barriers: 11, Oops: 0, ImmediateOops: 0, NonImmediateOops: No
[2,171s][debug][gc,nmethod     ] Register NMethod: com.sun.org.apache.xerces.internal.dom.DeferredDocumentImpl.getNodeURI (0x000078e2e008a208) [0x000078e2e008a300, 0x000078e2e008a8d8] Compiler: c1, Barriers: 4, Oops: 0, ImmediateOops: 0, NonImmediateOops: No
[2,171s][debug][gc,nmethod     ] Register NMethod: com.sun.org.apache.xerces.internal.dom.CoreDocumentImpl.checkQName (0x000078e2e008a908) [0x000078e2e008aa00, 0x000078e2e008ae78] Compiler: c1, Barriers: 0, Oops: 0, ImmediateOops: 2, NonImmediateOops: No
[2,171s][debug][gc,nmethod     ] Register NMethod: com.sun.org.apache.xerces.internal.dom.CoreDocumentImpl.checkNamespaceWF (0x000078e2e008ae88) [0x000078e2e008af80, 0x000078e2e008b6c8] Compiler: c1, Barriers: 1, Oops: 0, ImmediateOops: 2, NonImmediateOops: No
[2,171s][debug][gc,nmethod     ] Register NMethod: com.sun.org.apache.xerces.internal.dom.ChildNode.getNextSibling (0x000078e2fed21188) [0x000078e2fed21280, 0x000078e2fed21368] Compiler: c1, Barriers: 1, Oops: 0, ImmediateOops: 0, NonImmediateOops: No
[2,171s][debug][gc,nmethod     ] Register NMethod: com.sun.org.apache.xerces.internal.dom.ParentNode.<init> (0x000078e2e008b708) [0x000078e2e008b800, 0x000078e2e008bc00] Compiler: c1, Barriers: 12, Oops: 0, ImmediateOops: 0, NonImmediateOops: No
[2,171s][debug][gc,nmethod     ] Register NMethod: com.sun.org.apache.xerces.internal.dom.AttrImpl.<init> (0x000078e2e008bc08) [0x000078e2e008bd00, 0x000078e2e008c4b0] Compiler: c1, Barriers: 9, Oops: 0, ImmediateOops: 0, NonImmediateOops: No
[2,171s][debug][gc,nmethod     ] Register NMethod: com.sun.org.apache.xerces.internal.dom.NodeImpl.isFirstChild (0x000078e2e008c508) [0x000078e2e008c600, 0x000078e2e008c750] Compiler: c1, Barriers: 0, Oops: 0, ImmediateOops: 0, NonImmediateOops: No
[2,171s][debug][gc,nmethod     ] Register NMethod: com.sun.org.apache.xerces.internal.dom.DeferredDocumentImpl.getNodeValueString (0x000078e2e008c808) [0x000078e2e008c900, 0x000078e2e008ca48] Compiler: c1, Barriers: 0, Oops: 0, ImmediateOops: 0, NonImmediateOops: No
[2,171s][debug][gc,nmethod     ] Register NMethod: com.sun.org.apache.xerces.internal.dom.DOMImplementationImpl.hasFeature (0x000078e2e008cb08) [0x000078e2e008cc00, 0x000078e2e008fb98] Compiler: c1, Barriers: 3, Oops: 1, ImmediateOops: 11, NonImmediateOops: No
[2,172s][debug][gc,nmethod     ] Register NMethod: com.sun.org.apache.xerces.internal.dom.CoreDOMImplementationImpl.hasFeature (0x000078e2e008fc08) [0x000078e2e008fd00, 0x000078e2e0093128] Compiler: c1, Barriers: 2, Oops: 1, ImmediateOops: 16, NonImmediateOops: No
[2,172s][debug][gc,nmethod     ] Register NMethod: com.sun.org.apache.xerces.internal.dom.NamedNodeMapImpl.findNamePoint (0x000078e2e0093188) [0x000078e2e0093280, 0x000078e2e0094af0] Compiler: c1, Barriers: 2, Oops: 0, ImmediateOops: 0, NonImmediateOops: No
[2,172s][debug][gc,nmethod     ] Register NMethod: com.sun.org.apache.xerces.internal.dom.ElementImpl.<init> (0x000078e2e0094b08) [0x000078e2e0094c00, 0x000078e2e0095318] Compiler: c1, Barriers: 15, Oops: 0, ImmediateOops: 0, NonImmediateOops: No
[2,172s][debug][gc,nmethod     ] Register NMethod: com.sun.org.apache.xerces.internal.dom.ElementImpl.getAttributes (0x000078e2e0095388) [0x000078e2e0095480, 0x000078e2e0095d28] Compiler: c1, Barriers: 8, Oops: 0, ImmediateOops: 0, NonImmediateOops: No
[2,172s][debug][gc,nmethod     ] Register NMethod: com.sun.org.apache.xerces.internal.dom.ElementImpl.setupDefaultAttributes (0x000078e2e0095d88) [0x000078e2e0095e80, 0x000078e2e0096748] Compiler: c1, Barriers: 7, Oops: 0, ImmediateOops: 0, NonImmediateOops: No
[2,172s][debug][gc,nmethod     ] Register NMethod: com.sun.org.apache.xerces.internal.dom.ElementImpl.getDefaultAttributes (0x000078e2e0096788) [0x000078e2e0096880, 0x000078e2e00987c8] Compiler: c1, Barriers: 4, Oops: 0, ImmediateOops: 0, NonImmediateOops: No
[2,172s][debug][gc,nmethod     ] Register NMethod: com.sun.org.apache.xerces.internal.dom.CoreDocumentImpl.getDoctype (0x000078e2e0098808) [0x000078e2e0098900, 0x000078e2e0098ed0] Compiler: c1, Barriers: 1, Oops: 0, ImmediateOops: 0, NonImmediateOops: No
[2,172s][debug][gc,nmethod     ] Register NMethod: com.sun.org.apache.xerces.internal.dom.NamedNodeMapImpl.<init> (0x000078e2e0098f08) [0x000078e2e0099000, 0x000078e2e00991d0] Compiler: c1, Barriers: 3, Oops: 0, ImmediateOops: 0, NonImmediateOops: No
[2,172s][debug][gc,nmethod     ] Register NMethod: com.sun.org.apache.xerces.internal.dom.AttributeMap.<init> (0x000078e2e0099208) [0x000078e2e0099300, 0x000078e2e0099860] Compiler: c1, Barriers: 4, Oops: 0, ImmediateOops: 0, NonImmediateOops: No
[2,173s][debug][gc,nmethod     ] Register NMethod: com.sun.org.apache.xerces.internal.dom.NodeImpl.appendChild (0x000078e2e0099888) [0x000078e2e0099980, 0x000078e2e0099c88] Compiler: c1, Barriers: 0, Oops: 0, ImmediateOops: 0, NonImmediateOops: No
[2,173s][debug][gc,nmethod     ] Register NMethod: java.lang.String.lastIndexOf (0x000078e2fed21488) [0x000078e2fed21580, 0x000078e2fed21818] Compiler: jvmci, Barriers: 1, Oops: 0, ImmediateOops: 0, NonImmediateOops: No
[2,173s][debug][gc,nmethod     ] Register NMethod: com.sun.org.apache.xerces.internal.dom.ParentNode.internalInsertBefore (0x000078e2e0099d08) [0x000078e2e0099e00, 0x000078e2e009f420] Compiler: c1, Barriers: 57, Oops: 0, ImmediateOops: 12, NonImmediateOops: No
[2,173s][debug][gc,nmethod     ] Register NMethod: com.sun.org.apache.xerces.internal.dom.ParentNode.insertBefore (0x000078e2e009f488) [0x000078e2e009f580, 0x000078e2e009f880] Compiler: c1, Barriers: 0, Oops: 0, ImmediateOops: 0, NonImmediateOops: No
[2,173s][debug][gc,nmethod     ] Register NMethod: com.sun.org.apache.xerces.internal.dom.DeferredDocumentImpl.getNodeValueString (0x000078e2e009f888) [0x000078e2e009f980, 0x000078e2e00a4298] Compiler: c1, Barriers: 32, Oops: 0, ImmediateOops: 2, NonImmediateOops: No
[2,173s][debug][gc,nmethod     ] Register NMethod: com.sun.org.apache.xerces.internal.dom.CoreDocumentImpl.isKidOK (0x000078e2e00a4308) [0x000078e2e00a4400, 0x000078e2e00a4e98] Compiler: c1, Barriers: 0, Oops: 1, ImmediateOops: 1, NonImmediateOops: No
[2,173s][debug][gc,nmethod     ] Register NMethod: com.sun.org.apache.xerces.internal.dom.DeferredDocumentImpl.synchronizeChildren (0x000078e2e00a4f08) [0x000078e2e00a5000, 0x000078e2e00a6788] Compiler: c1, Barriers: 16, Oops: 0, ImmediateOops: 0, NonImmediateOops: No
[2,173s][debug][gc,nmethod     ] Register NMethod: com.sun.org.apache.xerces.internal.dom.DocumentImpl.insertingNode (0x000078e2e00a6808) [0x000078e2e00a6900, 0x000078e2e00a6c50] Compiler: c1, Barriers: 0, Oops: 0, ImmediateOops: 0, NonImmediateOops: No
[2,173s][debug][gc,nmethod     ] Register NMethod: java.io.BufferedOutputStream.growIfNeeded (0x000078e2fed21888) [0x000078e2fed21980, 0x000078e2fed21ae0] Compiler: jvmci, Barriers: 1, Oops: 0, ImmediateOops: 0, NonImmediateOops: No
[2,173s][debug][gc,nmethod     ] Register NMethod: com.sun.org.apache.xerces.internal.dom.ParentNode.checkNormalizationAfterInsert (0x000078e2e00a6c88) [0x000078e2e00a6d80, 0x000078e2e00a8168] Compiler: c1, Barriers: 2, Oops: 0, ImmediateOops: 0, NonImmediateOops: No
[2,174s][debug][gc,nmethod     ] Register NMethod: com.sun.org.apache.xerces.internal.dom.CoreDocumentImpl.importNode (0x000078e2e00a8188) [0x000078e2e00a8280, 0x000078e2e00b6c18] Compiler: c1, Barriers: 15, Oops: 0, ImmediateOops: 8, NonImmediateOops: No
[2,174s][debug][gc,nmethod     ] Register NMethod: com.sun.org.apache.xerces.internal.dom.NodeImpl.isIdAttribute (0x000078e2e00b6c88) [0x000078e2e00b6d80, 0x000078e2e00b6ed8] Compiler: c1, Barriers: 0, Oops: 0, ImmediateOops: 0, NonImmediateOops: No
[2,174s][debug][gc,nmethod     ] Register NMethod: com.sun.org.apache.xerces.internal.dom.NodeImpl.needsSyncData (0x000078e2fed21b88) [0x000078e2fed21c80, 0x000078e2fed21d20] Compiler: jvmci, Barriers: 0, Oops: 0, ImmediateOops: 0, NonImmediateOops: No
[2,174s][debug][gc,nmethod     ] Register NMethod: com.sun.org.apache.xerces.internal.dom.DeferredElementNSImpl.synchronizeData (0x000078e2e00b6f88) [0x000078e2e00b7080, 0x000078e2e00babf8] Compiler: c1, Barriers: 20, Oops: 0, ImmediateOops: 1, NonImmediateOops: No
[2,174s][debug][gc,nmethod     ] Register NMethod: com.sun.org.apache.xerces.internal.dom.DocumentImpl.insertedNode (0x000078e2e00bac08) [0x000078e2e00bad00, 0x000078e2e00bdcc8] Compiler: c1, Barriers: 7, Oops: 0, ImmediateOops: 4, NonImmediateOops: No
[2,174s][debug][gc,nmethod     ] Register NMethod: com.sun.org.apache.xerces.internal.dom.AttrNSImpl.<init> (0x000078e2e00bdd08) [0x000078e2e00bde00, 0x000078e2e00be648] Compiler: c1, Barriers: 9, Oops: 0, ImmediateOops: 0, NonImmediateOops: No
[2,174s][debug][gc,nmethod     ] Register NMethod: com.sun.org.apache.xerces.internal.dom.DeferredAttrNSImpl.synchronizeData (0x000078e2e00be688) [0x000078e2e00be780, 0x000078e2e00c0c68] Compiler: c1, Barriers: 20, Oops: 0, ImmediateOops: 0, NonImmediateOops: No
[2,174s][debug][gc,nmethod     ] Register NMethod: com.sun.org.apache.xerces.internal.dom.NamedNodeMapImpl.item (0x000078e2e00c0c88) [0x000078e2e00c0d80, 0x000078e2e00c15a0] Compiler: c1, Barriers: 2, Oops: 0, ImmediateOops: 0, NonImmediateOops: No
[2,174s][debug][gc,nmethod     ] Register NMethod: com.sun.org.apache.xerces.internal.dom.DeferredAttrNSImpl.synchronizeChildren (0x000078e2e00c1608) [0x000078e2e00c1700, 0x000078e2e00c2540] Compiler: c1, Barriers: 2, Oops: 0, ImmediateOops: 0, NonImmediateOops: No
[2,174s][debug][gc,nmethod     ] Register NMethod: com.sun.org.apache.xerces.internal.dom.NodeImpl.isIdAttribute (0x000078e2e00c2588) [0x000078e2e00c2680, 0x000078e2e00c27d8] Compiler: c1, Barriers: 0, Oops: 0, ImmediateOops: 0, NonImmediateOops: No
[2,174s][debug][gc,nmethod     ] Register NMethod: com.sun.org.apache.xerces.internal.dom.AttrImpl.getOwnerElement (0x000078e2e00c2888) [0x000078e2e00c2980, 0x000078e2e00c2f88] Compiler: c1, Barriers: 1, Oops: 0, ImmediateOops: 0, NonImmediateOops: No
[2,175s][debug][gc,nmethod     ] Register NMethod: java.io.BufferedOutputStream.write (0x000078e2fed21e88) [0x000078e2fed21f80, 0x000078e2fed225a0] Compiler: jvmci, Barriers: 3, Oops: 0, ImmediateOops: 0, NonImmediateOops: No
[2,175s][debug][gc,nmethod     ] Register NMethod: com.sun.org.apache.xerces.internal.dom.AttributeMap.setNamedItem (0x000078e2e00c3008) [0x000078e2e00c3100, 0x000078e2e00c7638] Compiler: c1, Barriers: 25, Oops: 0, ImmediateOops: 9, NonImmediateOops: No
[2,175s][debug][gc,director    ] Rule Major: Warmup 10%, Used: 306MB, UsedThreshold: 1228MB
[2,175s][debug][gc,nmethod     ] Register NMethod: com.sun.org.apache.xerces.internal.dom.ElementImpl.setAttributeNodeNS (0x000078e2e00c7688) [0x000078e2e00c7780, 0x000078e2e00c9120] Compiler: c1, Barriers: 12, Oops: 0, ImmediateOops: 4, NonImmediateOops: No
[2,175s][debug][gc,nmethod     ] Register NMethod: com.sun.org.apache.xerces.internal.dom.AttrNSImpl.setName (0x000078e2e00c9188) [0x000078e2e00c9280, 0x000078e2e00ccf70] Compiler: c1, Barriers: 18, Oops: 0, ImmediateOops: 6, NonImmediateOops: No
[2,175s][debug][gc,nmethod     ] Register NMethod: com.sun.org.apache.xerces.internal.dom.AttrImpl.getValue (0x000078e2e00ccf88) [0x000078e2e00cd080, 0x000078e2e00cfd70] Compiler: c1, Barriers: 9, Oops: 0, ImmediateOops: 3, NonImmediateOops: No
[2,175s][debug][gc,nmethod     ] Register NMethod: com.sun.org.apache.xerces.internal.dom.DeferredDocumentImpl.synchronizeChildren (0x000078e2e00cfd88) [0x000078e2e00cfe80, 0x000078e2e00d1e88] Compiler: c1, Barriers: 19, Oops: 0, ImmediateOops: 0, NonImmediateOops: No
[2,175s][debug][gc,nmethod     ] Register NMethod: com.sun.org.apache.xerces.internal.dom.AttributeMap.setNamedItemNS (0x000078e2e00d1f08) [0x000078e2e00d2000, 0x000078e2e00d6d60] Compiler: c1, Barriers: 26, Oops: 0, ImmediateOops: 9, NonImmediateOops: No
[2,175s][debug][gc,nmethod     ] Register NMethod: com.sun.org.apache.xerces.internal.dom.ParentNode.getFirstChild (0x000078e2e00d6d88) [0x000078e2e00d6e80, 0x000078e2e00d7450] Compiler: c1, Barriers: 1, Oops: 0, ImmediateOops: 0, NonImmediateOops: No
[2,176s][debug][gc,nmethod     ] Register NMethod: com.sun.org.apache.xerces.internal.dom.DeferredElementNSImpl.synchronizeChildren (0x000078e2e00d7488) [0x000078e2e00d7580, 0x000078e2e00d7c90] Compiler: c1, Barriers: 1, Oops: 0, ImmediateOops: 0, NonImmediateOops: No
[2,176s][debug][gc,nmethod     ] Register NMethod: com.sun.org.apache.xerces.internal.dom.CoreDocumentImpl.createAttributeNS (0x000078e2e00d7d08) [0x000078e2e00d7e00, 0x000078e2e00d8670] Compiler: c1, Barriers: 6, Oops: 0, ImmediateOops: 0, NonImmediateOops: No
[2,176s][debug][gc,nmethod     ] Register NMethod: java.io.FilterOutputStream.write (0x000078e2fed22608) [0x000078e2fed22700, 0x000078e2fed22d60] Compiler: jvmci, Barriers: 3, Oops: 0, ImmediateOops: 0, NonImmediateOops: No
[2,176s][debug][gc,nmethod     ] Register NMethod: com.sun.org.apache.xerces.internal.dom.NamedNodeMapImpl.getLength (0x000078e2e00d8688) [0x000078e2e00d8780, 0x000078e2e00d8b28] Compiler: c1, Barriers: 1, Oops: 0, ImmediateOops: 0, NonImmediateOops: No
[2,176s][debug][gc,nmethod     ] Register NMethod: com.sun.org.apache.xerces.internal.dom.ParentNode.nodeListGetLength (0x000078e2e00d8b88) [0x000078e2e00d8c80, 0x000078e2e00d9ad0] Compiler: c1, Barriers: 11, Oops: 0, ImmediateOops: 0, NonImmediateOops: No
[2,176s][debug][gc,nmethod     ] Register NMethod: com.sun.org.apache.xerces.internal.dom.CoreDocumentImpl.createElementNS (0x000078e2e00d9b08) [0x000078e2e00d9c00, 0x000078e2e00da390] Compiler: c1, Barriers: 9, Oops: 0, ImmediateOops: 0, NonImmediateOops: No
[2,176s][debug][gc,nmethod     ] Register NMethod: io.sirix.access.trx.node.AbstractNodeReadOnlyTrx.getStructuralNode (0x000078e2fed22d88) [0x000078e2fed22e80, 0x000078e2fed23198] Compiler: jvmci, Barriers: 3, Oops: 1, ImmediateOops: 0, NonImmediateOops: No
[2,176s][debug][gc,nmethod     ] Register NMethod: com.sun.org.apache.xerces.internal.dom.ElementNSImpl.getLocalName (0x000078e2e00da408) [0x000078e2e00da500, 0x000078e2e00daad0] Compiler: c1, Barriers: 1, Oops: 0, ImmediateOops: 0, NonImmediateOops: No
[2,176s][debug][gc,nmethod     ] Register NMethod: org.custommonkey.xmlunit.XMLUnit.stripEmptyTextNodes (0x000078e2e00dab08) [0x000078e2e00dac00, 0x000078e2e00dc770] Compiler: c1, Barriers: 3, Oops: 1, ImmediateOops: 0, NonImmediateOops: No
[2,176s][debug][gc,nmethod     ] Register NMethod: com.sun.org.apache.xerces.internal.dom.ElementNSImpl.getNamespaceURI (0x000078e2e00dc788) [0x000078e2e00dc880, 0x000078e2e00dce50] Compiler: c1, Barriers: 1, Oops: 0, ImmediateOops: 0, NonImmediateOops: No
[2,176s][debug][gc,nmethod     ] Register NMethod: com.sun.org.apache.xerces.internal.dom.ParentNode.nodeListItem (0x000078e2e00dce88) [0x000078e2e00dcf80, 0x000078e2e00dede8] Compiler: c1, Barriers: 31, Oops: 0, ImmediateOops: 0, NonImmediateOops: No
[2,176s][debug][gc,nmethod     ] Register NMethod: com.sun.org.apache.xerces.internal.dom.ElementNSImpl.<init> (0x000078e2e00dee08) [0x000078e2e00def00, 0x000078e2e00df6b8] Compiler: c1, Barriers: 15, Oops: 0, ImmediateOops: 0, NonImmediateOops: No
[2,176s][debug][gc,nmethod     ] Register NMethod: com.sun.org.apache.xerces.internal.dom.ParentNode.lastChild (0x000078e2e00df708) [0x000078e2e00df800, 0x000078e2e00df9b8] Compiler: c1, Barriers: 2, Oops: 0, ImmediateOops: 0, NonImmediateOops: No
[2,176s][debug][gc,nmethod     ] Register NMethod: com.sun.org.apache.xerces.internal.dom.ParentNode.getLength (0x000078e2e00dfa08) [0x000078e2e00dfb00, 0x000078e2e00dfc30] Compiler: c1, Barriers: 0, Oops: 0, ImmediateOops: 0, NonImmediateOops: No
[2,176s][debug][gc,nmethod     ] Register NMethod: com.sun.org.apache.xerces.internal.dom.ElementImpl.getNodeName (0x000078e2e00dfd08) [0x000078e2e00dfe00, 0x000078e2e00e03d0] Compiler: c1, Barriers: 1, Oops: 0, ImmediateOops: 0, NonImmediateOops: No
[2,176s][debug][gc,nmethod     ] Register NMethod: com.sun.org.apache.xerces.internal.dom.ParentNode.item (0x000078e2e00e0408) [0x000078e2e00e0500, 0x000078e2e00e0630] Compiler: c1, Barriers: 0, Oops: 0, ImmediateOops: 0, NonImmediateOops: No
[2,176s][debug][gc,nmethod     ] Register NMethod: com.sun.org.apache.xerces.internal.dom.ParentNode.lastChild (0x000078e2e00e0708) [0x000078e2e00e0800, 0x000078e2e00e09e0] Compiler: c1, Barriers: 4, Oops: 0, ImmediateOops: 0, NonImmediateOops: No
[2,176s][debug][gc,nmethod     ] Register NMethod: com.sun.org.apache.xerces.internal.dom.CharacterDataImpl.getNodeValue (0x000078e2e00e0a08) [0x000078e2e00e0b00, 0x000078e2e00e10d0] Compiler: c1, Barriers: 1, Oops: 0, ImmediateOops: 0, NonImmediateOops: No
[2,177s][debug][gc,nmethod     ] Register NMethod: com.sun.org.apache.xerces.internal.dom.ParentNode.getChildNodes (0x000078e2e00e1108) [0x000078e2e00e1200, 0x000078e2e00e17a8] Compiler: c1, Barriers: 0, Oops: 0, ImmediateOops: 0, NonImmediateOops: No
[2,177s][debug][gc,nmethod     ] Register NMethod: com.sun.org.apache.xerces.internal.dom.CharacterDataImpl.<init> (0x000078e2e00e1808) [0x000078e2e00e1900, 0x000078e2e00e1c08] Compiler: c1, Barriers: 6, Oops: 0, ImmediateOops: 0, NonImmediateOops: No
[2,177s][debug][gc,nmethod     ] Register NMethod: com.sun.org.apache.xerces.internal.dom.TextImpl.<init> (0x000078e2e00e1c88) [0x000078e2e00e1d80, 0x000078e2e00e20e8] Compiler: c1, Barriers: 6, Oops: 0, ImmediateOops: 0, NonImmediateOops: No
[2,177s][debug][gc,nmethod     ] Register NMethod: com.sun.org.apache.xerces.internal.dom.DeferredDocumentImpl.clearChunkIndex (0x000078e2fed23208) [0x000078e2fed23300, 0x000078e2fed234d0] Compiler: jvmci, Barriers: 3, Oops: 0, ImmediateOops: 0, NonImmediateOops: No
[2,177s][debug][gc,nmethod     ] Register NMethod: com.sun.org.apache.xerces.internal.dom.NodeImpl.getFirstChild (0x000078e2fed23508) [0x000078e2fed23600, 0x000078e2fed236c8] Compiler: c1, Barriers: 0, Oops: 0, ImmediateOops: 0, NonImmediateOops: No
[2,177s][debug][gc,nmethod     ] Register NMethod: com.sun.org.apache.xerces.internal.dom.ElementImpl.synchronizeData (0x000078e2e00e2108) [0x000078e2e00e2200, 0x000078e2e00e2e00] Compiler: c1, Barriers: 3, Oops: 0, ImmediateOops: 0, NonImmediateOops: No
[2,177s][debug][gc,nmethod     ] Register NMethod: com.sun.org.apache.xerces.internal.dom.DeferredDocumentImpl.getRealPrevSibling (0x000078e2e00e2e08) [0x000078e2e00e2f00, 0x000078e2e00e3290] Compiler: c1, Barriers: 3, Oops: 0, ImmediateOops: 0, NonImmediateOops: No
[2,177s][debug][gc,nmethod     ] Register NMethod: com.sun.org.apache.xerces.internal.dom.NodeImpl.isIgnorableWhitespace (0x000078e2e00e3308) [0x000078e2e00e3400, 0x000078e2e00e3550] Compiler: c1, Barriers: 0, Oops: 0, ImmediateOops: 0, NonImmediateOops: No
[2,177s][debug][gc,nmethod     ] Register NMethod: com.sun.org.apache.xerces.internal.dom.DeferredTextImpl.synchronizeData (0x000078e2e00e3608) [0x000078e2e00e3700, 0x000078e2e00e4a18] Compiler: c1, Barriers: 5, Oops: 0, ImmediateOops: 0, NonImmediateOops: No
[2,177s][debug][gc,nmethod     ] Register NMethod: com.sun.org.apache.xerces.internal.xni.QName.setValues (0x000078e2fed23808) [0x000078e2fed23900, 0x000078e2fed23c18] Compiler: jvmci, Barriers: 16, Oops: 0, ImmediateOops: 0, NonImmediateOops: No
[2,177s][debug][gc,nmethod     ] Register NMethod: com.sun.org.apache.xerces.internal.dom.ElementNSImpl.setName (0x000078e2e00e4a88) [0x000078e2e00e4b80, 0x000078e2e00e86d8] Compiler: c1, Barriers: 22, Oops: 0, ImmediateOops: 12, NonImmediateOops: No
[2,177s][debug][gc,nmethod     ] Register NMethod: com.sun.org.apache.xerces.internal.dom.AttrImpl.setValue (0x000078e2e00e8708) [0x000078e2e00e8800, 0x000078e2e00f0878] Compiler: c1, Barriers: 47, Oops: 1, ImmediateOops: 3, NonImmediateOops: No
[2,177s][debug][gc,nmethod     ] Register NMethod: com.sun.org.apache.xerces.internal.dom.NodeImpl.needsSyncChildren (0x000078e2fed23c88) [0x000078e2fed23d80, 0x000078e2fed23e20] Compiler: jvmci, Barriers: 0, Oops: 0, ImmediateOops: 0, NonImmediateOops: No
[2,178s][debug][gc,nmethod     ] Register NMethod: java.lang.StringLatin1.newString (0x000078e2fed23f88) [0x000078e2fed24080, 0x000078e2fed24450] Compiler: jvmci, Barriers: 2, Oops: 0, ImmediateOops: 1, NonImmediateOops: No
[2,178s][debug][gc,nmethod     ] Register NMethod: io.sirix.axis.AbstractAxis.resetToLastKey (0x000078e2fed24488) [0x000078e2fed24580, 0x000078e2fed24910] Compiler: jvmci, Barriers: 4, Oops: 1, ImmediateOops: 0, NonImmediateOops: No
[2,178s][debug][gc,nmethod     ] Register NMethod: com.sun.org.apache.xerces.internal.util.XMLAttributesImpl.isSpecified (0x000078e2fed24988) [0x000078e2fed24a80, 0x000078e2fed24be0] Compiler: jvmci, Barriers: 2, Oops: 0, ImmediateOops: 0, NonImmediateOops: No
[2,179s][debug][gc,nmethod     ] Register NMethod: java.lang.StringBuilder.charAt (0x000078e2e00f0888) [0x000078e2e00f0980, 0x000078e2e00f0ab8] Compiler: c1, Barriers: 0, Oops: 0, ImmediateOops: 0, NonImmediateOops: No
[2,179s][debug][gc,nmethod     ] Register NMethod: java.lang.String.checkIndex (0x000078e2fed24c88) [0x000078e2fed24d80, 0x000078e2fed24e20] Compiler: jvmci, Barriers: 0, Oops: 0, ImmediateOops: 0, NonImmediateOops: No
[2,179s][debug][gc,nmethod     ] Register NMethod: java.lang.AbstractStringBuilder.charAt (0x000078e2e00f0b88) [0x000078e2e00f0c80, 0x000078e2e00f1050] Compiler: c1, Barriers: 1, Oops: 1, ImmediateOops: 1, NonImmediateOops: No
[2,180s][debug][gc,nmethod     ] Register NMethod: java.lang.AbstractStringBuilder.isLatin1 (0x000078e2fed24f88) [0x000078e2fed25080, 0x000078e2fed250e8] Compiler: jvmci, Barriers: 0, Oops: 0, ImmediateOops: 0, NonImmediateOops: No
[2,181s][debug][gc,nmethod     ] Register NMethod: java.lang.AbstractStringBuilder.charAt (0x000078e2fed25288) [0x000078e2fed25380, 0x000078e2fed25510] Compiler: jvmci, Barriers: 1, Oops: 0, ImmediateOops: 0, NonImmediateOops: No
[2,181s][debug][gc,nmethod     ] Register NMethod: java.lang.invoke.BoundMethodHandle$SpeciesData.extendWith (0x000078e2e00f1088) [0x000078e2e00f1180, 0x000078e2e00f2d28] Compiler: c1, Barriers: 7, Oops: 1, ImmediateOops: 2, NonImmediateOops: No
[2,181s][debug][gc,nmethod     ] Register NMethod: java.lang.StringBuilder.charAt (0x000078e2fed25588) [0x000078e2fed25680, 0x000078e2fed25810] Compiler: jvmci, Barriers: 1, Oops: 0, ImmediateOops: 0, NonImmediateOops: No
[2,181s][debug][gc,nmethod     ] Register NMethod: java.lang.StringConcatHelper.stringOf (0x000078e2fed25888) [0x000078e2fed25980, 0x000078e2fed25a40] Compiler: jvmci, Barriers: 0, Oops: 0, ImmediateOops: 0, NonImmediateOops: No
[2,181s][debug][gc,nmethod     ] Register NMethod: jdk.xml.internal.XMLSecurityManager$Limit.values (0x000078e2e00f2d88) [0x000078e2e00f2e80, 0x000078e2e00f3360] Compiler: c1, Barriers: 0, Oops: 0, ImmediateOops: 1, NonImmediateOops: No
[2,181s][debug][gc,nmethod     ] Register NMethod: java.util.ArrayList.<init> (0x000078e2fed25b88) [0x000078e2fed25c80, 0x000078e2fed25d78] Compiler: jvmci, Barriers: 3, Oops: 0, ImmediateOops: 1, NonImmediateOops: No
[2,181s][debug][gc,nmethod     ] Register NMethod: com.sun.org.apache.xalan.internal.xsltc.compiler.QName.getStringRep (0x000078e2fed25e88) [0x000078e2fed25f80, 0x000078e2fed26068] Compiler: c1, Barriers: 1, Oops: 0, ImmediateOops: 0, NonImmediateOops: No
[2,182s][debug][gc,nmethod     ] Register NMethod: java.lang.StringConcatHelper.stringSize (0x000078e2e00f3388) [0x000078e2e00f3480, 0x000078e2e00f3b50] Compiler: c1, Barriers: 1, Oops: 0, ImmediateOops: 1, NonImmediateOops: No
[2,182s][debug][gc,nmethod     ] Register NMethod: java.lang.invoke.DirectMethodHandle$Holder.invokeStatic (0x000078e2e00f3b88) [0x000078e2e00f3c80, 0x000078e2e00f4050] Compiler: c1, Barriers: 1, Oops: 0, ImmediateOops: 0, NonImmediateOops: No
[2,182s][debug][gc,nmethod     ] Register NMethod: jdk.xml.internal.XMLSecurityManager$Limit.spOld (0x000078e2fed26188) [0x000078e2fed26280, 0x000078e2fed26368] Compiler: c1, Barriers: 1, Oops: 0, ImmediateOops: 0, NonImmediateOops: No
[2,182s][debug][gc,nmethod     ] Register NMethod: jdk.xml.internal.XMLSecurityManager$Limit.mapper (0x000078e2fed26488) [0x000078e2fed26580, 0x000078e2fed26668] Compiler: c1, Barriers: 1, Oops: 0, ImmediateOops: 0, NonImmediateOops: No
[2,182s][debug][gc,nmethod     ] Register NMethod: jdk.xml.internal.XMLSecurityManager.getSystemProperty (0x000078e2e00f4088) [0x000078e2e00f4180, 0x000078e2e00f4df8] Compiler: c1, Barriers: 2, Oops: 0, ImmediateOops: 3, NonImmediateOops: No
[2,182s][debug][gc,nmethod     ] Register NMethod: com.sun.org.apache.xerces.internal.util.PropertyState.isExceptional (0x000078e2e00f4e08) [0x000078e2e00f4f00, 0x000078e2e00f5218] Compiler: c1, Barriers: 1, Oops: 0, ImmediateOops: 0, NonImmediateOops: No
[2,182s][debug][gc,nmethod     ] Register NMethod: com.sun.org.apache.xerces.internal.xni.XMLString.<init> (0x000078e2e00f5288) [0x000078e2e00f5380, 0x000078e2e00f54d8] Compiler: c1, Barriers: 0, Oops: 0, ImmediateOops: 0, NonImmediateOops: No
[2,185s][debug][gc,director    ] Rule Major: Warmup 10%, Used: 308MB, UsedThreshold: 1228MB
[2,185s][debug][gc,nmethod     ] Register NMethod: java.lang.reflect.Executable.isVarArgs (0x000078e2e00f5588) [0x000078e2e00f5680, 0x000078e2e00f59d0] Compiler: c1, Barriers: 0, Oops: 0, ImmediateOops: 0, NonImmediateOops: No
[2,186s][debug][gc,nmethod     ] Register NMethod: java.lang.Integer.parseInt (0x000078e2e00f5a08) [0x000078e2e00f5b00, 0x000078e2e00f5c18] Compiler: c1, Barriers: 0, Oops: 0, ImmediateOops: 0, NonImmediateOops: No
[2,187s][debug][gc,nmethod     ] Register NMethod: java.lang.StringConcatHelper.newArrayWithSuffix (0x000078e2fed26788) [0x000078e2fed26880, 0x000078e2fed26c88] Compiler: jvmci, Barriers: 1, Oops: 0, ImmediateOops: 0, NonImmediateOops: No
[2,187s][debug][gc,nmethod     ] Register NMethod: java.lang.Integer.parseInt (0x000078e2e00f5d08) [0x000078e2e00f5e00, 0x000078e2e00fa998] Compiler: c1, Barriers: 25, Oops: 3, ImmediateOops: 12, NonImmediateOops: No
[2,188s][debug][gc,nmethod     ] Register NMethod: com.sun.org.apache.xalan.internal.xsltc.compiler.XPathLexer.unpackFromString (0x000078e2e00faa08) [0x000078e2e00fab00, 0x000078e2e00fcd40] Compiler: c1, Barriers: 5, Oops: 0, ImmediateOops: 0, NonImmediateOops: No
[2,188s][debug][gc,alloc       ] Mutator Allocation Rate: 324,8MB/s Predicted: 412,2MB/s, Avg: 288,3(+/-66,2)MB/s
[2,188s][debug][gc,director    ] Rule Major: Warmup 10%, Used: 314MB, UsedThreshold: 1228MB
[2,188s][debug][gc,nmethod     ] Register NMethod: com.sun.org.apache.xerces.internal.impl.XMLEntityScanner.skipChar (0x000078e2fed26d08) [0x000078e2fed26e00, 0x000078e2fed271f8] Compiler: jvmci, Barriers: 4, Oops: 0, ImmediateOops: 0, NonImmediateOops: No
[2,188s][debug][gc,nmethod     ] Register NMethod: com.sun.org.apache.xalan.internal.xsltc.compiler.XPathLexer.unpackFromString (0x000078e2e00fcd88) [0x000078e2e00fce80, 0x000078e2e00fef60] Compiler: c1, Barriers: 5, Oops: 0, ImmediateOops: 0, NonImmediateOops: No
[2,189s][debug][gc,nmethod     ] Register NMethod: java.lang.CharacterDataLatin1.digit (0x000078e2fed27208) [0x000078e2fed27300, 0x000078e2fed27420] Compiler: jvmci, Barriers: 0, Oops: 0, ImmediateOops: 1, NonImmediateOops: No
[2,190s][debug][gc,nmethod     ] Register NMethod: java.lang.classfile.CodeBuilder.getfield (0x000078e2e00fef88) [0x000078e2e00ff080, 0x000078e2e00ff390] Compiler: c1, Barriers: 0, Oops: 0, ImmediateOops: 1, NonImmediateOops: No
[2,190s][debug][gc,nmethod     ] Register NMethod: java.util.Vector.size (0x000078e2fed27508) [0x000078e2fed27600, 0x000078e2fed27808] Compiler: c1, Barriers: 0, Oops: 0, ImmediateOops: 0, NonImmediateOops: No
[2,191s][debug][gc,nmethod     ] Register NMethod: java.util.Vector.elementData (0x000078e2e00ff408) [0x000078e2e00ff500, 0x000078e2e00ff690] Compiler: c1, Barriers: 2, Oops: 0, ImmediateOops: 0, NonImmediateOops: No
[2,191s][debug][gc,nmethod     ] Register NMethod: com.sun.java_cup.internal.runtime.lr_parser.lambda$contains$0 (0x000078e2e00ff708) [0x000078e2e00ff800, 0x000078e2e00ff930] Compiler: c1, Barriers: 0, Oops: 0, ImmediateOops: 0, NonImmediateOops: No
[2,191s][debug][gc,nmethod     ] Register NMethod: java.util.Spliterators$IntArraySpliterator.tryAdvance (0x000078e2e00ffa08) [0x000078e2e00ffb00, 0x000078e2e00fffe8] Compiler: c1, Barriers: 1, Oops: 0, ImmediateOops: 0, NonImmediateOops: No
[2,191s][debug][gc,nmethod     ] Register NMethod: com.sun.java_cup.internal.runtime.lr_parser$$Lambda/0x00000000922f0730.test (0x000078e2e0100008) [0x000078e2e0100100, 0x000078e2e01002b0] Compiler: c1, Barriers: 0, Oops: 0, ImmediateOops: 0, NonImmediateOops: No
[2,191s][debug][gc,nmethod     ] Register NMethod: java.util.stream.MatchOps$2MatchSink.accept (0x000078e2e0100308) [0x000078e2e0100400, 0x000078e2e01007f0] Compiler: c1, Barriers: 2, Oops: 0, ImmediateOops: 0, NonImmediateOops: No
[2,191s][debug][gc,nmethod     ] Register NMethod: java.util.Stack.peek (0x000078e2e0100808) [0x000078e2e0100900, 0x000078e2e0101130] Compiler: c1, Barriers: 0, Oops: 0, ImmediateOops: 0, NonImmediateOops: No
[2,191s][debug][gc,nmethod     ] Register NMethod: java.util.Vector.get (0x000078e2e0101188) [0x000078e2e0101280, 0x000078e2e0101868] Compiler: c1, Barriers: 2, Oops: 0, ImmediateOops: 0, NonImmediateOops: No
[2,192s][debug][gc,nmethod     ] Register NMethod: java.util.Vector.elementAt (0x000078e2e0101888) [0x000078e2e0101980, 0x000078e2e0102cf8] Compiler: c1, Barriers: 2, Oops: 1, ImmediateOops: 2, NonImmediateOops: No
[2,193s][debug][gc,nmethod     ] Register NMethod: java.lang.invoke.MethodHandle.linkToStatic (0x000078e2fed27888) [0x000078e2fed27980, 0x000078e2fed27a70] Compiler: , Barriers: 0, Oops: 0, ImmediateOops: 0, NonImmediateOops: No
[2,195s][debug][gc,nmethod     ] Register NMethod: jdk.internal.constant.ConstantUtils.dropFirstAndLastChar (0x000078e2e0102d08) [0x000078e2e0102e00, 0x000078e2e0103580] Compiler: c1, Barriers: 1, Oops: 0, ImmediateOops: 0, NonImmediateOops: No
[2,197s][debug][gc,nmethod     ] Register NMethod: java.lang.classfile.CodeBuilder.loadConstant (0x000078e2e0103588) [0x000078e2e0103680, 0x000078e2e0105340] Compiler: c1, Barriers: 0, Oops: 0, ImmediateOops: 0, NonImmediateOops: No
[2,197s][debug][gc,nmethod     ] Register NMethod: jdk.internal.classfile.impl.SuperclassImpl.writeTo (0x000078e2e0105388) [0x000078e2e0105480, 0x000078e2e0105808] Compiler: c1, Barriers: 4, Oops: 0, ImmediateOops: 0, NonImmediateOops: No
[2,197s][debug][gc,nmethod     ] Register NMethod: jdk.internal.classfile.impl.SuperclassImpl.<init> (0x000078e2e0105888) [0x000078e2e0105980, 0x000078e2e0105d00] Compiler: c1, Barriers: 3, Oops: 0, ImmediateOops: 0, NonImmediateOops: No
[2,197s][debug][gc,nmethod     ] Register NMethod: java.lang.classfile.Superclass.of (0x000078e2e0105d08) [0x000078e2e0105e00, 0x000078e2e0106218] Compiler: c1, Barriers: 3, Oops: 0, ImmediateOops: 0, NonImmediateOops: No
[2,197s][debug][gc,nmethod     ] Register NMethod: java.lang.classfile.ClassBuilder.withSuperclass (0x000078e2e0106288) [0x000078e2e0106380, 0x000078e2e0106cc8] Compiler: c1, Barriers: 3, Oops: 0, ImmediateOops: 0, NonImmediateOops: No
[2,197s][debug][gc,nmethod     ] Register NMethod: java.lang.StringConcatHelper.stringOf (0x000078e2e0106d08) [0x000078e2e0106e00, 0x000078e2e0107158] Compiler: c1, Barriers: 0, Oops: 0, ImmediateOops: 1, NonImmediateOops: No
[2,197s][debug][gc,nmethod     ] Register NMethod: java.lang.invoke.BoundMethodHandle$Species_LL.make (0x000078e2e0107188) [0x000078e2e0107280, 0x000078e2e0107570] Compiler: c1, Barriers: 6, Oops: 0, ImmediateOops: 0, NonImmediateOops: No
[2,197s][debug][gc,nmethod     ] Register NMethod: java.lang.invoke.BoundMethodHandle$Species_LL.<init> (0x000078e2e0107588) [0x000078e2e0107680, 0x000078e2e0107940] Compiler: c1, Barriers: 6, Oops: 0, ImmediateOops: 0, NonImmediateOops: No
[2,198s][debug][gc,nmethod     ] Register NMethod: java.lang.invoke.LambdaForm$MH/0x0000000092268400.invoke (0x000078e2e0107988) [0x000078e2e0107a80, 0x000078e2e01081f0] Compiler: c1, Barriers: 2, Oops: 1, ImmediateOops: 0, NonImmediateOops: No
[2,198s][debug][gc,nmethod     ] Register NMethod: java.lang.invoke.DirectMethodHandle$Holder.invokeSpecial (0x000078e2e0108208) [0x000078e2e0108300, 0x000078e2e01086d0] Compiler: c1, Barriers: 1, Oops: 0, ImmediateOops: 0, NonImmediateOops: No
[2,198s][debug][gc,nmethod     ] Register NMethod: java.lang.String$$StringConcat/0x0000000092268000.coder (0x000078e2e0108708) [0x000078e2e0108800, 0x000078e2e0108d80] Compiler: c1, Barriers: 0, Oops: 1, ImmediateOops: 0, NonImmediateOops: No
[2,198s][debug][gc,nmethod     ] Register NMethod: java.lang.String$$StringConcat/0x0000000092268000.prepend (0x000078e2e0108e08) [0x000078e2e0108f00, 0x000078e2e0109108] Compiler: c1, Barriers: 2, Oops: 1, ImmediateOops: 0, NonImmediateOops: No
[2,198s][debug][gc,nmethod     ] Register NMethod: java.lang.invoke.Invokers$Holder.linkToTargetMethod (0x000078e2e0109188) [0x000078e2e0109280, 0x000078e2e0109778] Compiler: c1, Barriers: 0, Oops: 0, ImmediateOops: 0, NonImmediateOops: No
[2,198s][debug][gc,nmethod     ] Register NMethod: java.lang.invoke.DelegatingMethodHandle.makeReinvokerForm (0x000078e2e0109788) [0x000078e2e0109880, 0x000078e2e01099a8] Compiler: c1, Barriers: 0, Oops: 0, ImmediateOops: 0, NonImmediateOops: No
[2,198s][debug][gc,nmethod     ] Register NMethod: java.lang.String$$StringConcat/0x0000000092268000.length (0x000078e2e0109a88) [0x000078e2e0109b80, 0x000078e2e010a900] Compiler: c1, Barriers: 2, Oops: 1, ImmediateOops: 2, NonImmediateOops: No
[2,198s][debug][gc,director    ] Rule Major: Warmup 10%, Used: 324MB, UsedThreshold: 1228MB
[2,198s][debug][gc,nmethod     ] Register NMethod: java.lang.String$$StringConcat/0x0000000092268000.concat (0x000078e2e010a988) [0x000078e2e010aa80, 0x000078e2e010daa0] Compiler: c1, Barriers: 10, Oops: 1, ImmediateOops: 7, NonImmediateOops: No
[2,202s][debug][gc,nmethod     ] Register NMethod: com.sun.org.apache.bcel.internal.generic.InstructionHandle.getNext (0x000078e2fed27b88) [0x000078e2fed27c80, 0x000078e2fed27d68] Compiler: c1, Barriers: 1, Oops: 0, ImmediateOops: 0, NonImmediateOops: No
[2,202s][debug][gc,nmethod     ] Register NMethod: com.sun.org.apache.bcel.internal.generic.InstructionHandle.getInstruction (0x000078e2fed27e88) [0x000078e2fed27f80, 0x000078e2fed28068] Compiler: c1, Barriers: 1, Oops: 0, ImmediateOops: 0, NonImmediateOops: No
[2,202s][debug][gc,nmethod     ] Register NMethod: com.sun.org.apache.bcel.internal.generic.Instruction.getLength (0x000078e2fed28188) [0x000078e2fed28280, 0x000078e2fed28340] Compiler: c1, Barriers: 0, Oops: 0, ImmediateOops: 0, NonImmediateOops: No
[2,202s][debug][gc,nmethod     ] Register NMethod: com.sun.org.apache.bcel.internal.generic.Instruction.getOpcode (0x000078e2fed28488) [0x000078e2fed28580, 0x000078e2fed28648] Compiler: c1, Barriers: 0, Oops: 0, ImmediateOops: 0, NonImmediateOops: No
[2,202s][debug][gc,nmethod     ] Register NMethod: com.sun.org.apache.bcel.internal.generic.InstructionHandle.setPosition (0x000078e2fed28788) [0x000078e2fed28880, 0x000078e2fed28940] Compiler: c1, Barriers: 0, Oops: 0, ImmediateOops: 0, NonImmediateOops: No
[2,204s][debug][gc,nmethod     ] Register NMethod: java.lang.invoke.BoundMethodHandle.editor (0x000078e2e010db08) [0x000078e2e010dc00, 0x000078e2e010dfc8] Compiler: c1, Barriers: 4, Oops: 0, ImmediateOops: 0, NonImmediateOops: No
[2,204s][debug][gc,nmethod     ] Register NMethod: java.lang.invoke.DirectMethodHandle$Holder.newInvokeSpecial (0x000078e2e010e008) [0x000078e2e010e100, 0x000078e2e010e970] Compiler: c1, Barriers: 2, Oops: 0, ImmediateOops: 1, NonImmediateOops: No
[2,204s][debug][gc,nmethod     ] Register NMethod: com.sun.org.apache.bcel.internal.generic.ConstantPoolGen.toIndex (0x000078e2e010e988) [0x000078e2e010ea80, 0x000078e2e010edc8] Compiler: c1, Barriers: 0, Oops: 0, ImmediateOops: 0, NonImmediateOops: No
[2,204s][debug][gc,nmethod     ] Register NMethod: com.sun.org.apache.bcel.internal.generic.Instruction.<init> (0x000078e2e010ee08) [0x000078e2e010ef00, 0x000078e2e010f078] Compiler: c1, Barriers: 0, Oops: 0, ImmediateOops: 0, NonImmediateOops: No
[2,204s][debug][gc,nmethod     ] Register NMethod: com.sun.org.apache.bcel.internal.generic.ConstantPoolGen.getIndex (0x000078e2e010f108) [0x000078e2e010f200, 0x000078e2e010f9b8] Compiler: c1, Barriers: 0, Oops: 0, ImmediateOops: 0, NonImmediateOops: No
[2,205s][debug][gc,nmethod     ] Register NMethod: jdk.internal.classfile.impl.DirectCodeBuilder.dup (0x000078e2e010fa08) [0x000078e2e010fb00, 0x000078e2e010fe48] Compiler: c1, Barriers: 1, Oops: 0, ImmediateOops: 0, NonImmediateOops: No
[2,205s][debug][gc,nmethod     ] Register NMethod: jdk.internal.classfile.impl.UnboundAttribute$UnboundRuntimeVisibleAnnotationsAttribute.attributeName (0x000078e2e010fe88) [0x000078e2e010ff80, 0x000078e2e0110088] Compiler: c1, Barriers: 0, Oops: 0, ImmediateOops: 1, NonImmediateOops: No
[2,205s][debug][gc,nmethod     ] Register NMethod: jdk.internal.classfile.impl.AbstractAttributeMapper$RuntimeVisibleAnnotationsMapper.writeBody (0x000078e2e0110188) [0x000078e2e0110280, 0x000078e2e0110450] Compiler: c1, Barriers: 1, Oops: 0, ImmediateOops: 0, NonImmediateOops: No
[2,205s][debug][gc,nmethod     ] Register NMethod: jdk.internal.classfile.impl.AbstractAttributeMapper$RuntimeVisibleAnnotationsMapper.writeBody (0x000078e2e0110488) [0x000078e2e0110580, 0x000078e2e0110b80] Compiler: c1, Barriers: 1, Oops: 0, ImmediateOops: 0, NonImmediateOops: No
[2,205s][debug][gc,nmethod     ] Register NMethod: jdk.internal.classfile.impl.AnnotationReader.writeAnnotations (0x000078e2e0110b88) [0x000078e2e0110c80, 0x000078e2e0112000] Compiler: c1, Barriers: 2, Oops: 0, ImmediateOops: 0, NonImmediateOops: No
[2,205s][debug][gc,nmethod     ] Register NMethod: java.io.DataOutputStream.incCount (0x000078e2e0112008) [0x000078e2e0112100, 0x000078e2e0112238] Compiler: c1, Barriers: 0, Oops: 0, ImmediateOops: 0, NonImmediateOops: No
[2,206s][debug][gc,nmethod     ] Register NMethod: com.sun.org.apache.bcel.internal.generic.LocalVariableGen.getIndex (0x000078e2fed28a88) [0x000078e2fed28b80, 0x000078e2fed28c40] Compiler: c1, Barriers: 0, Oops: 0, ImmediateOops: 0, NonImmediateOops: No
[2,206s][debug][gc,nmethod     ] Register NMethod: com.sun.org.apache.bcel.internal.generic.InstructionHandle.setNext (0x000078e2e0112308) [0x000078e2e0112400, 0x000078e2e0112578] Compiler: c1, Barriers: 3, Oops: 0, ImmediateOops: 0, NonImmediateOops: No
[2,206s][debug][gc,nmethod     ] Register NMethod: com.sun.org.apache.bcel.internal.generic.InstructionHandle.updatePosition (0x000078e2e0112608) [0x000078e2e0112700, 0x000078e2e0112810] Compiler: c1, Barriers: 0, Oops: 0, ImmediateOops: 0, NonImmediateOops: No
[2,206s][debug][gc,nmethod     ] Register NMethod: java.lang.invoke.VarHandleByteArrayAsShorts$ArrayHandle.set (0x000078e2e0112908) [0x000078e2e0112a00, 0x000078e2e01131b0] Compiler: c1, Barriers: 0, Oops: 2, ImmediateOops: 2, NonImmediateOops: No
[2,206s][debug][gc,nmethod     ] Register NMethod: jdk.internal.util.ByteArray.setUnsignedShort (0x000078e2e0113208) [0x000078e2e0113300, 0x000078e2e0113c20] Compiler: c1, Barriers: 0, Oops: 5, ImmediateOops: 4, NonImmediateOops: No
[2,207s][debug][gc,nmethod     ] Register NMethod: java.lang.Integer.compare (0x000078e2fed28d88) [0x000078e2fed28e80, 0x000078e2fed28ef8] Compiler: jvmci, Barriers: 0, Oops: 0, ImmediateOops: 0, NonImmediateOops: No
[2,207s][debug][gc,nmethod     ] Register NMethod: java.util.HashMap.get (0x000078e2e0113c88) [0x000078e2e0113d80, 0x000078e2e0114118] Compiler: c1, Barriers: 1, Oops: 0, ImmediateOops: 0, NonImmediateOops: No
[2,207s][debug][gc,nmethod     ] Register NMethod: com.sun.org.apache.bcel.internal.generic.InstructionList.isEmpty (0x000078e2e0114188) [0x000078e2e0114280, 0x000078e2e0114400] Compiler: c1, Barriers: 1, Oops: 0, ImmediateOops: 0, NonImmediateOops: No
[2,207s][debug][gc,nmethod     ] Register NMethod: java.lang.String.getBytes (0x000078e2e0114488) [0x000078e2e0114580, 0x000078e2e0114a88] Compiler: c1, Barriers: 2, Oops: 0, ImmediateOops: 0, NonImmediateOops: No
[2,207s][debug][gc,nmethod     ] Register NMethod: com.sun.org.apache.bcel.internal.Const.getOpcodeName (0x000078e2e0114b08) [0x000078e2e0114c00, 0x000078e2e0114d38] Compiler: c1, Barriers: 1, Oops: 0, ImmediateOops: 1, NonImmediateOops: No
[2,207s][debug][gc,nmethod     ] Register NMethod: java.lang.Character.getType (0x000078e2e0114e08) [0x000078e2e0114f00, 0x000078e2e0115228] Compiler: c1, Barriers: 0, Oops: 0, ImmediateOops: 0, NonImmediateOops: No
[2,207s][debug][gc,nmethod     ] Register NMethod: java.lang.StringBuilder.toString (0x000078e2e0115288) [0x000078e2e0115380, 0x000078e2e01157b8] Compiler: c1, Barriers: 0, Oops: 0, ImmediateOops: 1, NonImmediateOops: No
[2,207s][debug][gc,nmethod     ] Register NMethod: java.lang.CharacterDataLatin1.getType (0x000078e2e0115808) [0x000078e2e0115900, 0x000078e2e0115c48] Compiler: c1, Barriers: 0, Oops: 0, ImmediateOops: 1, NonImmediateOops: No
[2,207s][debug][gc,nmethod     ] Register NMethod: java.lang.Character.isLetterOrDigit (0x000078e2e0115c88) [0x000078e2e0115d80, 0x000078e2e01161c0] Compiler: c1, Barriers: 0, Oops: 0, ImmediateOops: 0, NonImmediateOops: No
[2,207s][debug][gc,nmethod     ] Register NMethod: java.lang.Character.isLetterOrDigit (0x000078e2e0116208) [0x000078e2e0116300, 0x000078e2e01166e0] Compiler: c1, Barriers: 0, Oops: 0, ImmediateOops: 0, NonImmediateOops: No
[2,208s][debug][gc,nmethod     ] Register NMethod: java.lang.String.<init> (0x000078e2e0116708) [0x000078e2e0116800, 0x000078e2e01173c0] Compiler: c1, Barriers: 10, Oops: 0, ImmediateOops: 0, NonImmediateOops: No
[2,208s][debug][gc,nmethod     ] Register NMethod: java.lang.StringBuilder.append (0x000078e2e0117408) [0x000078e2e0117500, 0x000078e2e0117648] Compiler: c1, Barriers: 0, Oops: 0, ImmediateOops: 0, NonImmediateOops: No
[2,208s][debug][gc,nmethod     ] Register NMethod: java.lang.StringLatin1.canEncode (0x000078e2e0117708) [0x000078e2e0117800, 0x000078e2e0117930] Compiler: c1, Barriers: 0, Oops: 0, ImmediateOops: 0, NonImmediateOops: No
[2,208s][debug][gc,nmethod     ] Register NMethod: com.sun.org.apache.bcel.internal.Const.getOpcodeName (0x000078e2fed29088) [0x000078e2fed29180, 0x000078e2fed29258] Compiler: jvmci, Barriers: 1, Oops: 0, ImmediateOops: 1, NonImmediateOops: No
[2,208s][debug][gc,nmethod     ] Register NMethod: java.util.HashMap.hash (0x000078e2e0117a08) [0x000078e2e0117b00, 0x000078e2e0117e38] Compiler: c1, Barriers: 0, Oops: 0, ImmediateOops: 0, NonImmediateOops: No
[2,208s][debug][gc,nmethod     ] Register NMethod: java.util.HashMap.getNode (0x000078e2e0117e88) [0x000078e2e0117f80, 0x000078e2e0119290] Compiler: c1, Barriers: 6, Oops: 0, ImmediateOops: 0, NonImmediateOops: No
[2,208s][debug][gc,director    ] Rule Major: Warmup 10%, Used: 324MB, UsedThreshold: 1228MB
[2,208s][debug][gc,nmethod     ] Register NMethod: com.sun.org.apache.bcel.internal.util.InstructionFinder.mapName (0x000078e2e0119308) [0x000078e2e0119400, 0x000078e2e0119f08] Compiler: c1, Barriers: 2, Oops: 0, ImmediateOops: 1, NonImmediateOops: No
[2,208s][debug][gc,nmethod     ] Register NMethod: com.sun.org.apache.bcel.internal.util.InstructionFinder.mapName (0x000078e2e0119308) [0x000078e2e0119400, 0x000078e2e0119f08] Compiler: c1, Barriers: 2, Oops: 0, ImmediateOops: 2, NonImmediateOops: No
[2,208s][debug][gc,nmethod     ] Register NMethod: java.lang.AbstractStringBuilder.append (0x000078e2e0119f88) [0x000078e2e011a080, 0x000078e2e011acd0] Compiler: c1, Barriers: 5, Oops: 0, ImmediateOops: 0, NonImmediateOops: No
[2,208s][debug][gc,nmethod     ] Register NMethod: com.sun.org.apache.bcel.internal.util.InstructionFinder.makeChar (0x000078e2e011ad08) [0x000078e2e011ae00, 0x000078e2e011af20] Compiler: c1, Barriers: 0, Oops: 0, ImmediateOops: 0, NonImmediateOops: No
[2,209s][debug][gc,nmethod     ] Register NMethod: java.lang.StringUTF16.putChar (0x000078e2e011b008) [0x000078e2e011b100, 0x000078e2e011b240] Compiler: c1, Barriers: 0, Oops: 0, ImmediateOops: 0, NonImmediateOops: No
[2,209s][debug][gc,nmethod     ] Register NMethod: java.lang.StringUTF16.toBytes (0x000078e2e011b308) [0x000078e2e011b400, 0x000078e2e011b570] Compiler: c1, Barriers: 0, Oops: 0, ImmediateOops: 0, NonImmediateOops: No
[2,209s][debug][gc,nmethod     ] Register NMethod: java.lang.String.valueOf (0x000078e2e011b608) [0x000078e2e011b700, 0x000078e2e011bdd8] Compiler: c1, Barriers: 6, Oops: 0, ImmediateOops: 0, NonImmediateOops: No
[2,209s][debug][gc,nmethod     ] Register NMethod: java.lang.Character.isWhitespace (0x000078e2fed29388) [0x000078e2fed29480, 0x000078e2fed29578] Compiler: jvmci, Barriers: 0, Oops: 0, ImmediateOops: 1, NonImmediateOops: No
[2,209s][debug][gc,nmethod     ] Register NMethod: com.sun.org.apache.bcel.internal.util.InstructionFinder.mapName (0x000078e2e0119308) [0x000078e2e0119400, 0x000078e2e0119f08] Compiler: c1, Barriers: 2, Oops: 0, ImmediateOops: 3, NonImmediateOops: No
[2,209s][debug][gc,nmethod     ] Register NMethod: com.sun.org.apache.bcel.internal.Const.getNoOfOperands (0x000078e2e011be08) [0x000078e2e011bf00, 0x000078e2e011c010] Compiler: c1, Barriers: 0, Oops: 0, ImmediateOops: 1, NonImmediateOops: No
[2,209s][debug][gc,nmethod     ] Register NMethod: java.util.regex.Pattern.next (0x000078e2e011c108) [0x000078e2e011c200, 0x000078e2e011c480] Compiler: c1, Barriers: 1, Oops: 0, ImmediateOops: 0, NonImmediateOops: No
[2,209s][debug][gc,nmethod     ] Register NMethod: java.lang.CharacterDataLatin1.getType (0x000078e2fed29688) [0x000078e2fed29780, 0x000078e2fed29858] Compiler: jvmci, Barriers: 0, Oops: 0, ImmediateOops: 1, NonImmediateOops: No
[2,209s][debug][gc,nmethod     ] Register NMethod: java.util.regex.Pattern$GroupHead.match (0x000078e2e011c488) [0x000078e2e011c580, 0x000078e2e011c9b0] Compiler: c1, Barriers: 3, Oops: 0, ImmediateOops: 0, NonImmediateOops: No
[2,209s][debug][gc,nmethod     ] Register NMethod: java.util.regex.Pattern$Node.<init> (0x000078e2e011ca08) [0x000078e2e011cb00, 0x000078e2e011cce0] Compiler: c1, Barriers: 3, Oops: 0, ImmediateOops: 1, NonImmediateOops: No
[2,209s][debug][gc,nmethod     ] Register NMethod: java.util.regex.Pattern$Branch.match (0x000078e2e011cd08) [0x000078e2e011ce00, 0x000078e2e011d5d8] Compiler: c1, Barriers: 4, Oops: 0, ImmediateOops: 0, NonImmediateOops: No
[2,210s][debug][gc,nmethod     ] Register NMethod: com.sun.org.apache.bcel.internal.generic.InstructionHandle.setPrev (0x000078e2e011d608) [0x000078e2e011d700, 0x000078e2e011d878] Compiler: c1, Barriers: 3, Oops: 0, ImmediateOops: 0, NonImmediateOops: No
[2,210s][debug][gc,nmethod     ] Register NMethod: java.util.regex.Pattern$$Lambda/0x00000000920b27a0.is (0x000078e2fed29988) [0x000078e2fed29a80, 0x000078e2fed29b10] Compiler: jvmci, Barriers: 0, Oops: 0, ImmediateOops: 0, NonImmediateOops: No
[2,210s][debug][gc,nmethod     ] Register NMethod: java.lang.Character.isLetterOrDigit (0x000078e2fed29c88) [0x000078e2fed29d80, 0x000078e2fed29e68] Compiler: jvmci, Barriers: 0, Oops: 0, ImmediateOops: 1, NonImmediateOops: No
[2,210s][debug][gc,nmethod     ] Register NMethod: java.lang.StringUTF16.codePointAt (0x000078e2e011d908) [0x000078e2e011da00, 0x000078e2e011e0e8] Compiler: c1, Barriers: 0, Oops: 1, ImmediateOops: 2, NonImmediateOops: No
[2,210s][debug][gc,nmethod     ] Register NMethod: com.sun.org.apache.bcel.internal.generic.BranchInstruction.setPosition (0x000078e2fed29f88) [0x000078e2fed2a080, 0x000078e2fed2a140] Compiler: c1, Barriers: 0, Oops: 0, ImmediateOops: 0, NonImmediateOops: No
[2,210s][debug][gc,nmethod     ] Register NMethod: java.io.DataOutputStream.writeByte (0x000078e2e011e108) [0x000078e2e011e200, 0x000078e2e011e5e0] Compiler: c1, Barriers: 1, Oops: 0, ImmediateOops: 0, NonImmediateOops: No
[2,210s][debug][gc,nmethod     ] Register NMethod: java.io.ByteArrayOutputStream.write (0x000078e2e011e608) [0x000078e2e011e700, 0x000078e2e011ea00] Compiler: c1, Barriers: 1, Oops: 0, ImmediateOops: 0, NonImmediateOops: No
[2,210s][debug][gc,nmethod     ] Register NMethod: java.util.ArrayList.remove (0x000078e2e011ea08) [0x000078e2e011eb00, 0x000078e2e011f170] Compiler: c1, Barriers: 3, Oops: 0, ImmediateOops: 0, NonImmediateOops: No
[2,211s][debug][gc,nmethod     ] Register NMethod: com.sun.org.apache.bcel.internal.generic.InstructionHandle.<init> (0x000078e2e011f188) [0x000078e2e011f280, 0x000078e2e011f5e0] Compiler: c1, Barriers: 0, Oops: 0, ImmediateOops: 0, NonImmediateOops: No
[2,211s][debug][gc,nmethod     ] Register NMethod: com.sun.org.apache.bcel.internal.generic.InstructionList.append (0x000078e2e011f608) [0x000078e2e011f700, 0x000078e2e01207c8] Compiler: c1, Barriers: 26, Oops: 0, ImmediateOops: 0, NonImmediateOops: No
[2,211s][debug][gc,nmethod     ] Register NMethod: com.sun.org.apache.bcel.internal.generic.CPInstruction.getIndex (0x000078e2fed2a288) [0x000078e2fed2a380, 0x000078e2fed2a440] Compiler: c1, Barriers: 0, Oops: 0, ImmediateOops: 0, NonImmediateOops: No
[2,211s][debug][gc,nmethod     ] Register NMethod: com.sun.org.apache.bcel.internal.classfile.ConstantPool.getConstant (0x000078e2e0120808) [0x000078e2e0120900, 0x000078e2e0120a50] Compiler: c1, Barriers: 0, Oops: 0, ImmediateOops: 1, NonImmediateOops: No
[2,211s][debug][gc,nmethod     ] Register NMethod: com.sun.org.apache.bcel.internal.generic.InstructionHandle.setInstruction (0x000078e2e0120b08) [0x000078e2e0120c00, 0x000078e2e0121890] Compiler: c1, Barriers: 5, Oops: 0, ImmediateOops: 3, NonImmediateOops: No
[2,211s][debug][gc,nmethod     ] Register NMethod: com.sun.org.apache.bcel.internal.classfile.Constant.getTag (0x000078e2fed2a588) [0x000078e2fed2a680, 0x000078e2fed2a748] Compiler: c1, Barriers: 0, Oops: 0, ImmediateOops: 0, NonImmediateOops: No
[2,211s][debug][gc,nmethod     ] Register NMethod: java.io.DataOutputStream.write (0x000078e2e0121908) [0x000078e2e0121a00, 0x000078e2e0121f30] Compiler: c1, Barriers: 1, Oops: 0, ImmediateOops: 0, NonImmediateOops: No
[2,211s][debug][gc,nmethod     ] Register NMethod: com.sun.org.apache.bcel.internal.classfile.ConstantPool.getConstant (0x000078e2e0121f88) [0x000078e2e0122080, 0x000078e2e0123b28] Compiler: c1, Barriers: 10, Oops: 0, ImmediateOops: 2, NonImmediateOops: No
[2,211s][debug][gc,nmethod     ] Register NMethod: java.io.DataOutputStream.writeShort (0x000078e2e0123b88) [0x000078e2e0123c80, 0x000078e2e0124988] Compiler: c1, Barriers: 3, Oops: 5, ImmediateOops: 4, NonImmediateOops: No
[2,212s][debug][gc,nmethod     ] Register NMethod: java.util.regex.Pattern$BmpCharProperty.match (0x000078e2fed2a888) [0x000078e2fed2a980, 0x000078e2fed2ad28] Compiler: jvmci, Barriers: 4, Oops: 0, ImmediateOops: 0, NonImmediateOops: No
[2,213s][debug][gc,nmethod     ] Register NMethod: java.util.Collections$2.characteristics (0x000078e2e0124a08) [0x000078e2e0124b00, 0x000078e2e0124c90] Compiler: c1, Barriers: 1, Oops: 0, ImmediateOops: 0, NonImmediateOops: No
[2,214s][debug][gc,nmethod     ] Register NMethod: java.lang.module.ResolvedModule.hashCode (0x000078e2e0124d08) [0x000078e2e0124e00, 0x000078e2e0125388] Compiler: c1, Barriers: 2, Oops: 0, ImmediateOops: 0, NonImmediateOops: No
[2,214s][debug][gc,nmethod     ] Register NMethod: java.util.Map.entry (0x000078e2e0125408) [0x000078e2e0125500, 0x000078e2e0125a70] Compiler: c1, Barriers: 6, Oops: 0, ImmediateOops: 0, NonImmediateOops: No
[2,214s][debug][gc,nmethod     ] Register NMethod: com.sun.org.apache.bcel.internal.util.InstructionFinder.mapName (0x000078e2fed2ad88) [0x000078e2fed2ae80, 0x000078e2fed2b440] Compiler: jvmci, Barriers: 7, Oops: 1, ImmediateOops: 1, NonImmediateOops: No
[2,215s][debug][gc,nmethod     ] Register NMethod: java.lang.invoke.MethodType.equals (0x000078e2fed2b488) [0x000078e2fed2b580, 0x000078e2fed2b880] Compiler: jvmci, Barriers: 6, Oops: 0, ImmediateOops: 0, NonImmediateOops: No
[2,216s][debug][gc,nmethod     ] Register NMethod: java.util.concurrent.ConcurrentHashMap$Traverser.<init> (0x000078e2e0125a88) [0x000078e2e0125b80, 0x000078e2e0125de0] Compiler: c1, Barriers: 6, Oops: 0, ImmediateOops: 0, NonImmediateOops: No
[2,216s][debug][gc,nmethod     ] Register NMethod: com.sun.org.apache.xerces.internal.util.FeatureState.isExceptional (0x000078e2e0125e08) [0x000078e2e0125f00, 0x000078e2e0126218] Compiler: c1, Barriers: 1, Oops: 0, ImmediateOops: 0, NonImmediateOops: No
[2,218s][debug][gc,director    ] Rule Major: Warmup 10%, Used: 326MB, UsedThreshold: 1228MB
[2,220s][debug][gc,nmethod     ] Register NMethod: com.sun.org.apache.xml.internal.utils.SuballocatedIntVector.addElement (0x000078e2e0126288) [0x000078e2e0126380, 0x000078e2e0126c58] Compiler: c1, Barriers: 13, Oops: 0, ImmediateOops: 0, NonImmediateOops: No
[2,220s][debug][gc,nmethod     ] Register NMethod: com.sun.org.apache.xml.internal.utils.IntStack.peek (0x000078e2e0126c88) [0x000078e2e0126d80, 0x000078e2e0126f78] Compiler: c1, Barriers: 1, Oops: 0, ImmediateOops: 0, NonImmediateOops: No
[2,221s][debug][gc,nmethod     ] Register NMethod: com.sun.org.apache.xml.internal.dtm.ref.ExpandedNameTable.getExpandedTypeID (0x000078e2e0126f88) [0x000078e2e0127080, 0x000078e2e01271d0] Compiler: c1, Barriers: 0, Oops: 0, ImmediateOops: 0, NonImmediateOops: No
[2,221s][debug][gc,nmethod     ] Register NMethod: com.sun.org.apache.xml.internal.dtm.ref.ExtendedType.redefine (0x000078e2e0127288) [0x000078e2e0127380, 0x000078e2e0127570] Compiler: c1, Barriers: 6, Oops: 0, ImmediateOops: 0, NonImmediateOops: No
[2,221s][debug][gc,nmethod     ] Register NMethod: com.sun.org.apache.xml.internal.dtm.ref.ExtendedType.equals (0x000078e2e0127588) [0x000078e2e0127680, 0x000078e2e0127d50] Compiler: c1, Barriers: 4, Oops: 0, ImmediateOops: 0, NonImmediateOops: No
[2,221s][debug][gc,nmethod     ] Register NMethod: com.sun.org.apache.xml.internal.utils.IntStack.push (0x000078e2e0127d88) [0x000078e2e0127e80, 0x000078e2e0128210] Compiler: c1, Barriers: 5, Oops: 0, ImmediateOops: 0, NonImmediateOops: No
[2,221s][debug][gc,nmethod     ] Register NMethod: com.sun.org.apache.xml.internal.dtm.ref.sax2dtm.SAX2DTM2.addNode (0x000078e2e0128288) [0x000078e2e0128380, 0x000078e2e01290f0] Compiler: c1, Barriers: 9, Oops: 0, ImmediateOops: 0, NonImmediateOops: No
[2,221s][debug][gc,nmethod     ] Register NMethod: org.xml.sax.helpers.AttributesImpl.getLength (0x000078e2fed2b888) [0x000078e2fed2b980, 0x000078e2fed2ba40] Compiler: c1, Barriers: 0, Oops: 0, ImmediateOops: 0, NonImmediateOops: No
[2,221s][debug][gc,nmethod     ] Register NMethod: com.sun.org.apache.xerces.internal.dom.AttrImpl.getNodeValue (0x000078e2e0129108) [0x000078e2e0129200, 0x000078e2e01294f8] Compiler: c1, Barriers: 0, Oops: 0, ImmediateOops: 0, NonImmediateOops: No
[2,221s][debug][gc,nmethod     ] Register NMethod: com.sun.org.apache.xalan.internal.xsltc.dom.SAXImpl.handleTextEscaping (0x000078e2e0129508) [0x000078e2e0129600, 0x000078e2e012a4b8] Compiler: c1, Barriers: 11, Oops: 0, ImmediateOops: 0, NonImmediateOops: No
[2,221s][debug][gc,nmethod     ] Register NMethod: org.xml.sax.helpers.AttributesImpl.addAttribute (0x000078e2e012a508) [0x000078e2e012a600, 0x000078e2e012b5b8] Compiler: c1, Barriers: 16, Oops: 0, ImmediateOops: 0, NonImmediateOops: No
[2,221s][debug][gc,nmethod     ] Register NMethod: com.sun.org.apache.xml.internal.dtm.ref.ExpandedNameTable.getExpandedTypeID (0x000078e2e012b608) [0x000078e2e012b700, 0x000078e2e012d298] Compiler: c1, Barriers: 37, Oops: 0, ImmediateOops: 2, NonImmediateOops: No
[2,221s][debug][gc,nmethod     ] Register NMethod: com.sun.org.apache.xml.internal.dtm.ref.sax2dtm.SAX2DTM2.charactersFlush (0x000078e2e012d308) [0x000078e2e012d400, 0x000078e2e012eac0] Compiler: c1, Barriers: 10, Oops: 0, ImmediateOops: 0, NonImmediateOops: No
[2,221s][debug][gc,nmethod     ] Register NMethod: org.xml.sax.helpers.AttributesImpl.getURI (0x000078e2e012eb08) [0x000078e2e012ec00, 0x000078e2e012ee20] Compiler: c1, Barriers: 2, Oops: 0, ImmediateOops: 0, NonImmediateOops: No
[2,222s][debug][gc,nmethod     ] Register NMethod: org.xml.sax.helpers.AttributesImpl.getLocalName (0x000078e2e012ee88) [0x000078e2e012ef80, 0x000078e2e012f1a0] Compiler: c1, Barriers: 2, Oops: 0, ImmediateOops: 0, NonImmediateOops: No
[2,222s][debug][gc,nmethod     ] Register NMethod: org.xml.sax.helpers.AttributesImpl.ensureCapacity (0x000078e2e012f208) [0x000078e2e012f300, 0x000078e2e012f808] Compiler: c1, Barriers: 4, Oops: 0, ImmediateOops: 0, NonImmediateOops: No
[2,222s][debug][gc,nmethod     ] Register NMethod: org.xml.sax.helpers.AttributesImpl.getQName (0x000078e2e012f888) [0x000078e2e012f980, 0x000078e2e012fba8] Compiler: c1, Barriers: 2, Oops: 0, ImmediateOops: 0, NonImmediateOops: No
[2,222s][debug][gc,nmethod     ] Register NMethod: org.xml.sax.helpers.AttributesImpl.getValue (0x000078e2e012fc08) [0x000078e2e012fd00, 0x000078e2e012ff28] Compiler: c1, Barriers: 2, Oops: 0, ImmediateOops: 0, NonImmediateOops: No
[2,222s][debug][gc,nmethod     ] Register NMethod: java.util.Vector.isEmpty (0x000078e2e012ff88) [0x000078e2e0130080, 0x000078e2e0130318] Compiler: c1, Barriers: 0, Oops: 0, ImmediateOops: 0, NonImmediateOops: No
[2,222s][debug][gc,nmethod     ] Register NMethod: com.sun.org.apache.xml.internal.utils.SuballocatedIntVector.setElementAt (0x000078e2e0130388) [0x000078e2e0130480, 0x000078e2e0130cb8] Compiler: c1, Barriers: 10, Oops: 0, ImmediateOops: 0, NonImmediateOops: No
[2,222s][debug][gc,nmethod     ] Register NMethod: org.xml.sax.helpers.AttributesImpl.<init> (0x000078e2e0130d08) [0x000078e2e0130e00, 0x000078e2e0130fe0] Compiler: c1, Barriers: 3, Oops: 0, ImmediateOops: 0, NonImmediateOops: No
[2,222s][debug][gc,nmethod     ] Register NMethod: com.sun.org.apache.xalan.internal.xsltc.dom.SAXImpl.startElement (0x000078e2e0131008) [0x000078e2e0131100, 0x000078e2e0131c88] Compiler: c1, Barriers: 4, Oops: 0, ImmediateOops: 1, NonImmediateOops: No
[2,222s][debug][gc,nmethod     ] Register NMethod: com.sun.org.apache.xalan.internal.xsltc.dom.SAXImpl.startElement (0x000078e2e0131d08) [0x000078e2e0131e00, 0x000078e2e01327f8] Compiler: c1, Barriers: 3, Oops: 0, ImmediateOops: 1, NonImmediateOops: No
[2,222s][debug][gc,nmethod     ] Register NMethod: com.sun.org.apache.xalan.internal.xsltc.dom.SAXImpl.endElement (0x000078e2e0132808) [0x000078e2e0132900, 0x000078e2e0132b28] Compiler: c1, Barriers: 1, Oops: 0, ImmediateOops: 0, NonImmediateOops: No
[2,222s][debug][gc,nmethod     ] Register NMethod: com.sun.org.apache.xml.internal.utils.IntStack.quickPop (0x000078e2e0132b88) [0x000078e2e0132c80, 0x000078e2e0132d88] Compiler: c1, Barriers: 0, Oops: 0, ImmediateOops: 0, NonImmediateOops: No
[2,223s][debug][gc,nmethod     ] Register NMethod: com.sun.org.apache.xml.internal.utils.IntStack.pop (0x000078e2e0132e88) [0x000078e2e0132f80, 0x000078e2e01330e0] Compiler: c1, Barriers: 1, Oops: 0, ImmediateOops: 0, NonImmediateOops: No
[2,223s][debug][gc,nmethod     ] Register NMethod: com.sun.org.apache.xml.internal.dtm.ref.sax2dtm.SAX2DTM2.endElement (0x000078e2e0133188) [0x000078e2e0133280, 0x000078e2e0134660] Compiler: c1, Barriers: 7, Oops: 0, ImmediateOops: 0, NonImmediateOops: No
[2,223s][debug][gc,nmethod     ] Register NMethod: com.sun.org.apache.xml.internal.dtm.ref.DTMDefaultBase.popShouldStripWhitespace (0x000078e2e0134688) [0x000078e2e0134780, 0x000078e2e0134930] Compiler: c1, Barriers: 1, Oops: 0, ImmediateOops: 0, NonImmediateOops: No
[2,223s][debug][gc,nmethod     ] Register NMethod: com.sun.org.apache.xml.internal.dtm.ref.sax2dtm.SAX2DTM.getNumberOfNodes (0x000078e2fed2bb88) [0x000078e2fed2bc80, 0x000078e2fed2bd40] Compiler: c1, Barriers: 0, Oops: 0, ImmediateOops: 0, NonImmediateOops: No
[2,223s][debug][gc,nmethod     ] Register NMethod: com.sun.org.apache.xalan.internal.xsltc.trax.DOM2SAX.startPrefixMapping (0x000078e2e0134988) [0x000078e2e0134a80, 0x000078e2e0138510] Compiler: c1, Barriers: 17, Oops: 0, ImmediateOops: 0, NonImmediateOops: No
[2,223s][debug][gc,nmethod     ] Register NMethod: com.sun.org.apache.xml.internal.dtm.ref.DTMDefaultBase.getShouldStripWhitespace (0x000078e2fed2be88) [0x000078e2fed2bf80, 0x000078e2fed2c040] Compiler: c1, Barriers: 0, Oops: 0, ImmediateOops: 0, NonImmediateOops: No
[2,223s][debug][gc,nmethod     ] Register NMethod: com.sun.org.apache.xalan.internal.xsltc.dom.SAXImpl.characters (0x000078e2e0138588) [0x000078e2e0138680, 0x000078e2e0138a00] Compiler: c1, Barriers: 0, Oops: 0, ImmediateOops: 0, NonImmediateOops: No
[2,223s][debug][gc,nmethod     ] Register NMethod: com.sun.org.apache.xml.internal.dtm.ref.sax2dtm.SAX2DTM.characters (0x000078e2e0138a08) [0x000078e2e0138b00, 0x000078e2e0139148] Compiler: c1, Barriers: 2, Oops: 0, ImmediateOops: 0, NonImmediateOops: No
[2,223s][debug][gc,nmethod     ] Register NMethod: com.sun.org.apache.xalan.internal.xsltc.dom.SAXImpl.getShouldStripWhitespace (0x000078e2e0139188) [0x000078e2e0139280, 0x000078e2e01393f0] Compiler: c1, Barriers: 0, Oops: 0, ImmediateOops: 0, NonImmediateOops: No
[2,223s][debug][gc,nmethod     ] Register NMethod: com.sun.org.apache.xml.internal.utils.FastStringBuffer.append (0x000078e2e0139488) [0x000078e2e0139580, 0x000078e2e013a2b0] Compiler: c1, Barriers: 17, Oops: 0, ImmediateOops: 0, NonImmediateOops: No
[2,224s][debug][gc,nmethod     ] Register NMethod: com.sun.org.apache.xml.internal.dtm.ref.sax2dtm.SAX2DTM2.startElement (0x000078e2e013a308) [0x000078e2e013a400, 0x000078e2e0146928] Compiler: c1, Barriers: 42, Oops: 2, ImmediateOops: 6, NonImmediateOops: No
[2,225s][debug][gc,nmethod     ] Register NMethod: com.sun.org.apache.xalan.internal.xsltc.trax.DOM2SAX.parse (0x000078e2e0146988) [0x000078e2e0146a80, 0x000078e2e0154ba8] Compiler: c1, Barriers: 50, Oops: 2, ImmediateOops: 6, NonImmediateOops: No
[2,225s][debug][gc,nmethod     ] Register NMethod: java.util.HashSet.add (0x000078e2fed2c188) [0x000078e2fed2c2a0, 0x000078e2fed2d608] Compiler: jvmci, Barriers: 41, Oops: 2, ImmediateOops: 2, NonImmediateOops: No
[2,226s][debug][gc,nmethod     ] Register NMethod: com.sun.org.apache.xml.internal.utils.SuballocatedIntVector.size (0x000078e2fed2d688) [0x000078e2fed2d780, 0x000078e2fed2d840] Compiler: c1, Barriers: 0, Oops: 0, ImmediateOops: 0, NonImmediateOops: No
[2,226s][debug][gc,nmethod     ] Register NMethod: com.sun.org.apache.xml.internal.dtm.ref.ExtendedType.getNodeType (0x000078e2fed2d988) [0x000078e2fed2da80, 0x000078e2fed2db40] Compiler: c1, Barriers: 0, Oops: 0, ImmediateOops: 0, NonImmediateOops: No
[2,226s][debug][gc,nmethod     ] Register NMethod: com.sun.org.apache.xml.internal.utils.SuballocatedIntVector.elementAt (0x000078e2e0154c08) [0x000078e2e0154d00, 0x000078e2e0154f70] Compiler: c1, Barriers: 3, Oops: 0, ImmediateOops: 0, NonImmediateOops: No
[2,226s][debug][gc,nmethod     ] Register NMethod: com.sun.org.apache.xml.internal.dtm.ref.ExtendedType.getLocalName (0x000078e2fed2dc88) [0x000078e2fed2dd80, 0x000078e2fed2de68] Compiler: c1, Barriers: 1, Oops: 0, ImmediateOops: 0, NonImmediateOops: No
[2,226s][debug][gc,nmethod     ] Register NMethod: com.sun.org.apache.xml.internal.dtm.ref.DTMDefaultBase.makeNodeIdentity (0x000078e2e0154f88) [0x000078e2e0155080, 0x000078e2e0155538] Compiler: c1, Barriers: 5, Oops: 0, ImmediateOops: 0, NonImmediateOops: No
[2,226s][debug][gc,nmethod     ] Register NMethod: java.lang.StringUTF16.compress (0x000078e2e0155588) [0x000078e2e0155680, 0x000078e2e01558b0] Compiler: c1, Barriers: 0, Oops: 0, ImmediateOops: 0, NonImmediateOops: No
[2,226s][debug][gc,nmethod     ] Register NMethod: com.sun.org.apache.xml.internal.dtm.ref.DTMAxisIteratorBase.returnNode (0x000078e2e0155908) [0x000078e2e0155a00, 0x000078e2e0155b08] Compiler: c1, Barriers: 0, Oops: 0, ImmediateOops: 0, NonImmediateOops: No
[2,226s][debug][gc,nmethod     ] Register NMethod: com.sun.org.apache.xml.internal.dtm.ref.sax2dtm.SAX2DTM2._exptype2 (0x000078e2e0155c08) [0x000078e2e0155d00, 0x000078e2e0155f90] Compiler: c1, Barriers: 3, Oops: 0, ImmediateOops: 0, NonImmediateOops: No
[2,227s][debug][gc,nmethod     ] Register NMethod: java.util.Vector.add (0x000078e2e0156008) [0x000078e2e0156100, 0x000078e2e01565c0] Compiler: c1, Barriers: 3, Oops: 0, ImmediateOops: 0, NonImmediateOops: No
[2,227s][debug][gc,nmethod     ] Register NMethod: com.sun.org.apache.xml.internal.serializer.ToXMLSAXHandler.namespaceAfterStartElement (0x000078e2e0156608) [0x000078e2e0156700, 0x000078e2e0156a00] Compiler: c1, Barriers: 0, Oops: 0, ImmediateOops: 0, NonImmediateOops: No
[2,227s][debug][gc,nmethod     ] Register NMethod: java.util.Stack.empty (0x000078e2e0156a08) [0x000078e2e0156b00, 0x000078e2e0156f88] Compiler: c1, Barriers: 0, Oops: 0, ImmediateOops: 0, NonImmediateOops: No
[2,227s][debug][gc,nmethod     ] Register NMethod: com.sun.org.apache.xml.internal.dtm.ref.DTMAxisIteratorBase.<init> (0x000078e2e0157008) [0x000078e2e0157100, 0x000078e2e0157278] Compiler: c1, Barriers: 0, Oops: 0, ImmediateOops: 0, NonImmediateOops: No
[2,227s][debug][gc,nmethod     ] Register NMethod: com.sun.org.apache.xml.internal.dtm.ref.DTMAxisIteratorBase.resetPosition (0x000078e2e0157308) [0x000078e2e0157400, 0x000078e2e0157508] Compiler: c1, Barriers: 0, Oops: 0, ImmediateOops: 0, NonImmediateOops: No
[2,227s][debug][gc,nmethod     ] Register NMethod: com.sun.org.apache.xml.internal.dtm.ref.sax2dtm.SAX2DTM2._type2 (0x000078e2e0157608) [0x000078e2e0157700, 0x000078e2e0157c48] Compiler: c1, Barriers: 5, Oops: 0, ImmediateOops: 0, NonImmediateOops: No
[2,227s][debug][gc,nmethod     ] Register NMethod: com.sun.org.apache.xml.internal.dtm.ref.ExtendedType.getNamespace (0x000078e2fed2df88) [0x000078e2fed2e080, 0x000078e2fed2e168] Compiler: c1, Barriers: 1, Oops: 0, ImmediateOops: 0, NonImmediateOops: No
[2,227s][debug][gc,nmethod     ] Register NMethod: com.sun.org.apache.xalan.internal.xsltc.dom.UnionIterator$LookAheadIterator.step (0x000078e2e0157c88) [0x000078e2e0157d80, 0x000078e2e01580c8] Compiler: c1, Barriers: 1, Oops: 0, ImmediateOops: 0, NonImmediateOops: No
[2,227s][debug][gc,nmethod     ] Register NMethod: com.sun.org.apache.xalan.internal.xsltc.dom.MultiValuedNodeHeapIterator.heapify (0x000078e2e0158108) [0x000078e2e0158200, 0x000078e2e01596c0] Compiler: c1, Barriers: 19, Oops: 0, ImmediateOops: 0, NonImmediateOops: No
[2,227s][debug][gc,nmethod     ] Register NMethod: com.sun.org.apache.xalan.internal.xsltc.util.IntegerArray.cardinality (0x000078e2fed2e288) [0x000078e2fed2e380, 0x000078e2fed2e440] Compiler: c1, Barriers: 0, Oops: 0, ImmediateOops: 0, NonImmediateOops: No
[2,227s][debug][gc,nmethod     ] Register NMethod: com.sun.org.apache.xml.internal.utils.SuballocatedIntVector.addElement (0x000078e2fed2e588) [0x000078e2fed2e680, 0x000078e2fed2eb28] Compiler: jvmci, Barriers: 9, Oops: 0, ImmediateOops: 0, NonImmediateOops: No
[2,227s][debug][gc,nmethod     ] Register NMethod: com.sun.org.apache.xml.internal.dtm.ref.DTMDefaultBase.makeNodeHandle (0x000078e2e0159708) [0x000078e2e0159800, 0x000078e2e0159b58] Compiler: c1, Barriers: 4, Oops: 0, ImmediateOops: 0, NonImmediateOops: No
[2,227s][debug][gc,nmethod     ] Register NMethod: com.sun.org.apache.xalan.internal.xsltc.dom.DOMAdapter.getMapping (0x000078e2e0159b88) [0x000078e2e0159c80, 0x000078e2e015a010] Compiler: c1, Barriers: 9, Oops: 0, ImmediateOops: 0, NonImmediateOops: No
[2,227s][debug][gc,nmethod     ] Register NMethod: com.sun.org.apache.xalan.internal.xsltc.dom.DOMAdapter.getExpandedTypeID (0x000078e2e015a088) [0x000078e2e015a180, 0x000078e2e015aa98] Compiler: c1, Barriers: 3, Oops: 0, ImmediateOops: 0, NonImmediateOops: No
[2,227s][debug][gc,nmethod     ] Register NMethod: com.sun.org.apache.xml.internal.dtm.ref.sax2dtm.SAX2DTM2.getExpandedTypeID2 (0x000078e2e015ab08) [0x000078e2e015ac00, 0x000078e2e015b0f0] Compiler: c1, Barriers: 3, Oops: 0, ImmediateOops: 0, NonImmediateOops: No
[2,227s][debug][gc,nmethod     ] Register NMethod: com.sun.org.apache.xalan.internal.xsltc.dom.DOMAdapter.lessThan (0x000078e2e015b108) [0x000078e2e015b200, 0x000078e2e015b548] Compiler: c1, Barriers: 1, Oops: 0, ImmediateOops: 0, NonImmediateOops: No
[2,227s][debug][gc,nmethod     ] Register NMethod: com.sun.org.apache.xalan.internal.xsltc.dom.SAXImpl.lessThan (0x000078e2e015b588) [0x000078e2e015b680, 0x000078e2e015b878] Compiler: c1, Barriers: 0, Oops: 0, ImmediateOops: 0, NonImmediateOops: No
[2,228s][debug][gc,nmethod     ] Register NMethod: com.sun.org.apache.xml.internal.serializer.NamespaceMappings.pushNamespace (0x000078e2e015b888) [0x000078e2e015b980, 0x000078e2e015ec60] Compiler: c1, Barriers: 18, Oops: 1, ImmediateOops: 1, NonImmediateOops: No
[2,228s][debug][gc,nmethod     ] Register NMethod: com.sun.org.apache.xerces.internal.dom.AttrImpl.getNodeName (0x000078e2fed2eb88) [0x000078e2fed2ec80, 0x000078e2fed2ed68] Compiler: jvmci, Barriers: 1, Oops: 0, ImmediateOops: 0, NonImmediateOops: No
[2,228s][debug][gc,nmethod     ] Register NMethod: java.util.HashMap.putIfAbsent (0x000078e2fed2ee88) [0x000078e2fed2efa0, 0x000078e2fed302b0] Compiler: jvmci, Barriers: 40, Oops: 1, ImmediateOops: 1, NonImmediateOops: No
[2,228s][debug][gc,nmethod     ] Register NMethod: java.util.Stack.push (0x000078e2e015ec88) [0x000078e2e015ed80, 0x000078e2e015f690] Compiler: c1, Barriers: 4, Oops: 0, ImmediateOops: 0, NonImmediateOops: No
[2,228s][debug][gc,nmethod     ] Register NMethod: java.util.Vector.addElement (0x000078e2e015f708) [0x000078e2e015f800, 0x000078e2e015fec0] Compiler: c1, Barriers: 4, Oops: 0, ImmediateOops: 0, NonImmediateOops: No
[2,228s][debug][gc,nmethod     ] Register NMethod: com.sun.org.apache.xalan.internal.xsltc.dom.MultiValuedNodeHeapIterator.next (0x000078e2e015ff08) [0x000078e2e0160000, 0x000078e2e0161110] Compiler: c1, Barriers: 11, Oops: 0, ImmediateOops: 0, NonImmediateOops: No
[2,228s][debug][gc,nmethod     ] Register NMethod: com.sun.org.apache.xml.internal.serializer.ToXMLSAXHandler.startPrefixMapping (0x000078e2e0161188) [0x000078e2e0161280, 0x000078e2e0164c70] Compiler: c1, Barriers: 8, Oops: 4, ImmediateOops: 18, NonImmediateOops: No
[2,228s][debug][gc,nmethod     ] Register NMethod: com.sun.org.apache.xml.internal.dtm.ref.DTMDefaultBaseIterators$InternalAxisIteratorBase.<init> (0x000078e2e0164d08) [0x000078e2e0164e00, 0x000078e2e0165128] Compiler: c1, Barriers: 0, Oops: 0, ImmediateOops: 0, NonImmediateOops: No
[2,228s][debug][gc,nmethod     ] Register NMethod: org.xml.sax.helpers.AttributesImpl.getType (0x000078e2e0165188) [0x000078e2e0165280, 0x000078e2e01654a8] Compiler: c1, Barriers: 2, Oops: 0, ImmediateOops: 0, NonImmediateOops: No
[2,228s][debug][gc,nmethod     ] Register NMethod: java.util.Vector.removeElementAt (0x000078e2e0165508) [0x000078e2e0165600, 0x000078e2e0166c08] Compiler: c1, Barriers: 5, Oops: 1, ImmediateOops: 2, NonImmediateOops: No
[2,228s][debug][gc,nmethod     ] Register NMethod: com.sun.org.apache.xalan.internal.xsltc.dom.DOMAdapter.shallowCopy (0x000078e2e0166c88) [0x000078e2e0166d80, 0x000078e2e01671c0] Compiler: c1, Barriers: 2, Oops: 0, ImmediateOops: 0, NonImmediateOops: No
[2,228s][debug][gc,director    ] Rule Major: Warmup 10%, Used: 326MB, UsedThreshold: 1228MB
[2,228s][debug][gc,nmethod     ] Register NMethod: com.sun.org.apache.xml.internal.dtm.ref.sax2dtm.SAX2DTM2._exptype2Type (0x000078e2e0167208) [0x000078e2e0167300, 0x000078e2e01676c8] Compiler: c1, Barriers: 2, Oops: 0, ImmediateOops: 0, NonImmediateOops: No
[2,228s][debug][gc,nmethod     ] Register NMethod: java.util.Stack.pop (0x000078e2e0167708) [0x000078e2e0167800, 0x000078e2e0168798] Compiler: c1, Barriers: 0, Oops: 0, ImmediateOops: 0, NonImmediateOops: No
[2,229s][debug][gc,nmethod     ] Register NMethod: die.verwandlung.GregorSamsa.template$dot$0 (0x000078e2e0168808) [0x000078e2e0168900, 0x000078e2e016a2e8] Compiler: c1, Barriers: 4, Oops: 1, ImmediateOops: 0, NonImmediateOops: No
[2,229s][debug][gc,nmethod     ] Register NMethod: com.sun.org.apache.xml.internal.dtm.ref.sax2dtm.SAX2DTM2$ChildrenIterator.next (0x000078e2e016a308) [0x000078e2e016a400, 0x000078e2e016ae30] Compiler: c1, Barriers: 5, Oops: 0, ImmediateOops: 0, NonImmediateOops: No
[2,229s][debug][gc,nmethod     ] Register NMethod: com.sun.org.apache.xalan.internal.xsltc.dom.CurrentNodeListIterator.next (0x000078e2e016ae88) [0x000078e2e016af80, 0x000078e2e016ba00] Compiler: c1, Barriers: 5, Oops: 1, ImmediateOops: 0, NonImmediateOops: No
[2,229s][debug][gc,nmethod     ] Register NMethod: com.sun.org.apache.xml.internal.dtm.ref.sax2dtm.SAX2DTM2$AttributeIterator.next (0x000078e2e016ba88) [0x000078e2e016bb80, 0x000078e2e016c770] Compiler: c1, Barriers: 3, Oops: 0, ImmediateOops: 0, NonImmediateOops: No
[2,229s][debug][gc,nmethod     ] Register NMethod: com.sun.org.apache.xml.internal.serializer.ToSAXHandler.flushPending (0x000078e2e016c788) [0x000078e2e016c880, 0x000078e2e016d8f8] Compiler: c1, Barriers: 7, Oops: 0, ImmediateOops: 0, NonImmediateOops: No
[2,229s][debug][gc,nmethod     ] Register NMethod: com.sun.org.apache.xalan.internal.xsltc.dom.SAXImpl.shallowCopy (0x000078e2e016d908) [0x000078e2e016da00, 0x000078e2e01719c0] Compiler: c1, Barriers: 11, Oops: 0, ImmediateOops: 4, NonImmediateOops: No
[2,229s][debug][gc,nmethod     ] Register NMethod: com.sun.org.apache.xalan.internal.xsltc.dom.DOMAdapter.getAxisIterator (0x000078e2e0171a08) [0x000078e2e0171b00, 0x000078e2e0171f40] Compiler: c1, Barriers: 2, Oops: 0, ImmediateOops: 0, NonImmediateOops: No
[2,229s][debug][gc,nmethod     ] Register NMethod: com.sun.org.apache.xalan.internal.xsltc.dom.UnionIterator$LookAheadIterator.setStartNode (0x000078e2e0171f88) [0x000078e2e0172080, 0x000078e2e01723c8] Compiler: c1, Barriers: 1, Oops: 0, ImmediateOops: 0, NonImmediateOops: No
[2,229s][debug][gc,nmethod     ] Register NMethod: com.sun.org.apache.xalan.internal.xsltc.dom.MultiValuedNodeHeapIterator$HeapNode.<init> (0x000078e2e0172408) [0x000078e2e0172500, 0x000078e2e01727b0] Compiler: c1, Barriers: 0, Oops: 0, ImmediateOops: 0, NonImmediateOops: No
[2,229s][debug][gc,nmethod     ] Register NMethod: com.sun.org.apache.xalan.internal.xsltc.dom.MultiValuedNodeHeapIterator.addHeapNode (0x000078e2e0172808) [0x000078e2e0172900, 0x000078e2e0172f38] Compiler: c1, Barriers: 8, Oops: 0, ImmediateOops: 0, NonImmediateOops: No
[2,229s][debug][gc,nmethod     ] Register NMethod: com.sun.org.apache.xalan.internal.xsltc.dom.UnionIterator$LookAheadIterator.<init> (0x000078e2e0172f88) [0x000078e2e0173080, 0x000078e2e01735b8] Compiler: c1, Barriers: 6, Oops: 0, ImmediateOops: 0, NonImmediateOops: No
[2,230s][debug][gc,nmethod     ] Register NMethod: com.sun.org.apache.xalan.internal.xsltc.dom.SAXImpl.getAxisIterator (0x000078e2e0173608) [0x000078e2e0173700, 0x000078e2e0174b90] Compiler: c1, Barriers: 10, Oops: 1, ImmediateOops: 2, NonImmediateOops: No
[2,230s][debug][gc,nmethod     ] Register NMethod: com.sun.org.apache.xml.internal.dtm.ref.DTMAxisIteratorBase.isReverse (0x000078e2fed30308) [0x000078e2fed30400, 0x000078e2fed304c0] Compiler: c1, Barriers: 0, Oops: 0, ImmediateOops: 0, NonImmediateOops: No
[2,230s][debug][gc,nmethod     ] Register NMethod: com.sun.org.apache.xml.internal.dtm.ref.DTMDefaultBase.getManager (0x000078e2fed30608) [0x000078e2fed30700, 0x000078e2fed307e8] Compiler: c1, Barriers: 1, Oops: 0, ImmediateOops: 0, NonImmediateOops: No
[2,230s][debug][gc,nmethod     ] Register NMethod: com.sun.org.apache.xml.internal.serializer.SerializerBase.getLocalName (0x000078e2e0174c08) [0x000078e2e0174d00, 0x000078e2e0176310] Compiler: c1, Barriers: 2, Oops: 0, ImmediateOops: 0, NonImmediateOops: No
[2,230s][debug][gc,nmethod     ] Register NMethod: com.sun.org.apache.xml.internal.serializer.NamespaceMappings.lookupNamespace (0x000078e2e0176388) [0x000078e2e0176480, 0x000078e2e0177830] Compiler: c1, Barriers: 2, Oops: 0, ImmediateOops: 0, NonImmediateOops: No
[2,230s][debug][gc,nmethod     ] Register NMethod: com.sun.org.apache.xalan.internal.xsltc.util.IntegerArray.add (0x000078e2e0177888) [0x000078e2e0177980, 0x000078e2e0177b70] Compiler: c1, Barriers: 1, Oops: 0, ImmediateOops: 0, NonImmediateOops: No
[2,230s][debug][gc,nmethod     ] Register NMethod: com.sun.org.apache.xalan.internal.xsltc.dom.UnionIterator.addIterator (0x000078e2e0177b88) [0x000078e2e0177c80, 0x000078e2e01782c8] Compiler: c1, Barriers: 6, Oops: 0, ImmediateOops: 0, NonImmediateOops: No
[2,230s][debug][gc,nmethod     ] Register NMethod: com.sun.org.apache.xml.internal.serializer.SerializerBase.getNamespaceURI (0x000078e2e0178308) [0x000078e2e0178400, 0x000078e2e017a028] Compiler: c1, Barriers: 6, Oops: 2, ImmediateOops: 7, NonImmediateOops: No
[2,230s][debug][gc,nmethod     ] Register NMethod: com.sun.org.apache.xalan.internal.xsltc.dom.DOMAdapter.getTypedAxisIterator (0x000078e2e017a088) [0x000078e2e017a180, 0x000078e2e017a640] Compiler: c1, Barriers: 2, Oops: 0, ImmediateOops: 0, NonImmediateOops: No
[2,230s][debug][gc,nmethod     ] Register NMethod: com.sun.org.apache.xalan.internal.xsltc.dom.DOMAdapter.getReverse (0x000078e2e017a688) [0x000078e2e017a780, 0x000078e2e017ab10] Compiler: c1, Barriers: 9, Oops: 0, ImmediateOops: 0, NonImmediateOops: No
[2,230s][debug][gc,nmethod     ] Register NMethod: com.sun.org.apache.xalan.internal.xsltc.trax.SAX2DOM.appendTextNode (0x000078e2e017ab88) [0x000078e2e017ac80, 0x000078e2e017dbb8] Compiler: c1, Barriers: 28, Oops: 0, ImmediateOops: 2, NonImmediateOops: No
[2,230s][debug][gc,nmethod     ] Register NMethod: com.sun.org.apache.xml.internal.dtm.ref.DTMDefaultBaseIterators$SingletonIterator.setStartNode (0x000078e2e017dc08) [0x000078e2e017dd00, 0x000078e2e017e618] Compiler: c1, Barriers: 2, Oops: 0, ImmediateOops: 0, NonImmediateOops: No
[2,230s][debug][gc,nmethod     ] Register NMethod: com.sun.org.apache.xml.internal.dtm.ref.sax2dtm.SAX2DTM2$TypedSingletonIterator.next (0x000078e2e017e688) [0x000078e2e017e780, 0x000078e2e017f810] Compiler: c1, Barriers: 5, Oops: 0, ImmediateOops: 0, NonImmediateOops: No
[2,231s][debug][gc,nmethod     ] Register NMethod: com.sun.org.apache.xml.internal.dtm.ref.sax2dtm.SAX2DTM2$TypedSingletonIterator.<init> (0x000078e2e017f888) [0x000078e2e017f980, 0x000078e2e01800b8] Compiler: c1, Barriers: 6, Oops: 0, ImmediateOops: 0, NonImmediateOops: No
[2,231s][debug][gc,nmethod     ] Register NMethod: com.sun.org.apache.xalan.internal.xsltc.dom.SAXImpl.getTypedAxisIterator (0x000078e2e0180108) [0x000078e2e0180200, 0x000078e2e01812d8] Compiler: c1, Barriers: 4, Oops: 1, ImmediateOops: 3, NonImmediateOops: No
[2,231s][debug][gc,nmethod     ] Register NMethod: com.sun.org.apache.xerces.internal.dom.ElementImpl.getAttributeNodeNS (0x000078e2e0181308) [0x000078e2e0181400, 0x000078e2e0182528] Compiler: c1, Barriers: 2, Oops: 0, ImmediateOops: 0, NonImmediateOops: No
[2,231s][debug][gc,nmethod     ] Register NMethod: com.sun.org.apache.xerces.internal.dom.AttrImpl.setNodeValue (0x000078e2e0182588) [0x000078e2e0182680, 0x000078e2e0182978] Compiler: c1, Barriers: 0, Oops: 0, ImmediateOops: 0, NonImmediateOops: No
[2,231s][debug][gc,nmethod     ] Register NMethod: die.verwandlung.GregorSamsa$0.test (0x000078e2e0182988) [0x000078e2e0182a80, 0x000078e2e0183440] Compiler: c1, Barriers: 1, Oops: 1, ImmediateOops: 0, NonImmediateOops: No
[2,231s][debug][gc,nmethod     ] Register NMethod: com.sun.org.apache.xml.internal.dtm.ref.sax2dtm.SAX2DTM._dataOrQName (0x000078e2e0183488) [0x000078e2e0183580, 0x000078e2e0183de8] Compiler: c1, Barriers: 8, Oops: 0, ImmediateOops: 0, NonImmediateOops: No
[2,231s][debug][gc,nmethod     ] Register NMethod: org.xml.sax.helpers.AttributesImpl.getIndex (0x000078e2e0183e08) [0x000078e2e0183f00, 0x000078e2e01843e0] Compiler: c1, Barriers: 2, Oops: 0, ImmediateOops: 0, NonImmediateOops: No
[2,231s][debug][gc,nmethod     ] Register NMethod: com.sun.org.apache.xml.internal.serializer.SerializerBase.addAttribute (0x000078e2e0184408) [0x000078e2e0184500, 0x000078e2e0184868] Compiler: c1, Barriers: 1, Oops: 0, ImmediateOops: 0, NonImmediateOops: No
[2,231s][debug][gc,nmethod     ] Register NMethod: com.sun.org.apache.xml.internal.dtm.ref.ExpandedNameTable.getType (0x000078e2e0184888) [0x000078e2e0184980, 0x000078e2e0184cf0] Compiler: c1, Barriers: 2, Oops: 0, ImmediateOops: 0, NonImmediateOops: No
[2,231s][debug][gc,nmethod     ] Register NMethod: com.sun.org.apache.xml.internal.serializer.AttributesImplSerializer.getIndex (0x000078e2e0184d08) [0x000078e2e0184e00, 0x000078e2e0185628] Compiler: c1, Barriers: 1, Oops: 0, ImmediateOops: 0, NonImmediateOops: No
[2,231s][debug][gc,nmethod     ] Register NMethod: com.sun.org.apache.xalan.internal.xsltc.dom.MultiValuedNodeHeapIterator.<init> (0x000078e2e0185688) [0x000078e2e0185780, 0x000078e2e0185a80] Compiler: c1, Barriers: 3, Oops: 0, ImmediateOops: 0, NonImmediateOops: No
[2,231s][debug][gc,nmethod     ] Register NMethod: com.sun.org.apache.xml.internal.serializer.AttributesImplSerializer.addAttribute (0x000078e2e0185a88) [0x000078e2e0185b80, 0x000078e2e0187db8] Compiler: c1, Barriers: 21, Oops: 0, ImmediateOops: 1, NonImmediateOops: No
[2,231s][debug][gc,nmethod     ] Register NMethod: com.sun.org.apache.xml.internal.dtm.ref.sax2dtm.SAX2DTM2.copyAttribute (0x000078e2e0187e08) [0x000078e2e0187f00, 0x000078e2e018a258] Compiler: c1, Barriers: 15, Oops: 0, ImmediateOops: 1, NonImmediateOops: No
[2,232s][debug][gc,nmethod     ] Register NMethod: die.verwandlung.GregorSamsa.applyTemplates (0x000078e2e018a288) [0x000078e2e018a380, 0x000078e2e018bbe0] Compiler: c1, Barriers: 0, Oops: 1, ImmediateOops: 0, NonImmediateOops: No
[2,232s][debug][gc,nmethod     ] Register NMethod: com.sun.org.apache.xml.internal.dtm.ref.DTMDefaultBaseIterators$SingletonIterator.<init> (0x000078e2e018bc08) [0x000078e2e018bd00, 0x000078e2e018c250] Compiler: c1, Barriers: 3, Oops: 0, ImmediateOops: 0, NonImmediateOops: No
[2,232s][debug][gc,nmethod     ] Register NMethod: com.sun.org.apache.xalan.internal.xsltc.dom.MultiValuedNodeHeapIterator.setStartNode (0x000078e2e018c288) [0x000078e2e018c380, 0x000078e2e018d008] Compiler: c1, Barriers: 8, Oops: 0, ImmediateOops: 0, NonImmediateOops: No
[2,232s][debug][gc,nmethod     ] Register NMethod: org.xml.sax.helpers.AttributesImpl.clear (0x000078e2e018d088) [0x000078e2e018d180, 0x000078e2e018d660] Compiler: c1, Barriers: 4, Oops: 0, ImmediateOops: 0, NonImmediateOops: No
[2,232s][debug][gc,nmethod     ] Register NMethod: com.sun.org.apache.xalan.internal.xsltc.dom.CurrentNodeListIterator.<init> (0x000078e2e018d688) [0x000078e2e018d780, 0x000078e2e018db38] Compiler: c1, Barriers: 0, Oops: 0, ImmediateOops: 0, NonImmediateOops: No
[2,232s][debug][gc,nmethod     ] Register NMethod: com.sun.org.apache.xerces.internal.dom.ElementImpl.setAttributeNS (0x000078e2e018db88) [0x000078e2e018dc80, 0x000078e2e01957f0] Compiler: c1, Barriers: 26, Oops: 7, ImmediateOops: 16, NonImmediateOops: No
[2,232s][debug][gc,nmethod     ] Register NMethod: com.sun.org.apache.xml.internal.dtm.ref.sax2dtm.SAX2DTM2.copyNS (0x000078e2e0195888) [0x000078e2e0195980, 0x000078e2e0198c10] Compiler: c1, Barriers: 25, Oops: 0, ImmediateOops: 0, NonImmediateOops: No
[2,232s][debug][gc,nmethod     ] Register NMethod: com.sun.org.apache.xml.internal.serializer.SerializerBase.addAttributeAlways (0x000078e2e0198c88) [0x000078e2e0198d80, 0x000078e2e019a2a0] Compiler: c1, Barriers: 9, Oops: 0, ImmediateOops: 0, NonImmediateOops: No
[2,232s][debug][gc,nmethod     ] Register NMethod: com.sun.org.apache.xml.internal.dtm.ref.DTMAxisIteratorBase.resetPosition (0x000078e2fed30908) [0x000078e2fed30a00, 0x000078e2fed30a90] Compiler: jvmci, Barriers: 0, Oops: 0, ImmediateOops: 0, NonImmediateOops: No
[2,232s][debug][gc,nmethod     ] Register NMethod: com.sun.org.apache.xml.internal.utils.SuballocatedIntVector.elementAt (0x000078e2fed30c08) [0x000078e2fed30d00, 0x000078e2fed30f18] Compiler: jvmci, Barriers: 3, Oops: 0, ImmediateOops: 0, NonImmediateOops: No
[2,232s][debug][gc,nmethod     ] Register NMethod: com.sun.org.apache.xml.internal.dtm.ref.sax2dtm.SAX2DTM2.getFirstAttributeIdentity (0x000078e2e019a308) [0x000078e2e019a400, 0x000078e2e019aa90] Compiler: c1, Barriers: 0, Oops: 0, ImmediateOops: 0, NonImmediateOops: No
[2,232s][debug][gc,nmethod     ] Register NMethod: com.sun.org.apache.xalan.internal.xsltc.dom.CurrentNodeListIterator.setStartNode (0x000078e2e019ab08) [0x000078e2e019ac00, 0x000078e2e019b908] Compiler: c1, Barriers: 4, Oops: 0, ImmediateOops: 0, NonImmediateOops: No
[2,233s][debug][gc,nmethod     ] Register NMethod: com.sun.org.apache.xml.internal.dtm.ref.DTMDefaultBase.findInSortedSuballocatedIntVector (0x000078e2e019b988) [0x000078e2e019ba80, 0x000078e2e019bf68] Compiler: c1, Barriers: 3, Oops: 0, ImmediateOops: 0, NonImmediateOops: No
[2,233s][debug][gc,nmethod     ] Register NMethod: com.sun.org.apache.xalan.internal.xsltc.util.IntegerArray.<init> (0x000078e2e019bf88) [0x000078e2e019c080, 0x000078e2e019c2e8] Compiler: c1, Barriers: 3, Oops: 0, ImmediateOops: 0, NonImmediateOops: No
[2,233s][debug][gc,nmethod     ] Register NMethod: com.sun.org.apache.xml.internal.dtm.ref.sax2dtm.SAX2DTM2._firstch2 (0x000078e2e019c308) [0x000078e2e019c400, 0x000078e2e019c690] Compiler: c1, Barriers: 3, Oops: 0, ImmediateOops: 0, NonImmediateOops: No
[2,233s][debug][gc,nmethod     ] Register NMethod: com.sun.org.apache.xml.internal.serializer.ToXMLSAXHandler.startElement (0x000078e2e019c708) [0x000078e2e019c800, 0x000078e2e019cb18] Compiler: c1, Barriers: 0, Oops: 0, ImmediateOops: 0, NonImmediateOops: No
[2,233s][debug][gc,nmethod     ] Register NMethod: com.sun.org.apache.xml.internal.serializer.ToXMLSAXHandler.closeStartTag (0x000078e2e019cb88) [0x000078e2e019cc80, 0x000078e2e019f6f0] Compiler: c1, Barriers: 17, Oops: 0, ImmediateOops: 0, NonImmediateOops: No
[2,233s][debug][gc,nmethod     ] Register NMethod: com.sun.org.apache.xml.internal.dtm.ref.sax2dtm.SAX2DTM2$ChildrenIterator.setStartNode (0x000078e2e019f708) [0x000078e2e019f800, 0x000078e2e01a04a0] Compiler: c1, Barriers: 6, Oops: 0, ImmediateOops: 0, NonImmediateOops: No
[2,233s][debug][gc,nmethod     ] Register NMethod: com.sun.org.apache.xml.internal.dtm.ref.sax2dtm.SAX2DTM2.copyElement (0x000078e2e01a0508) [0x000078e2e01a0600, 0x000078e2e01a2920] Compiler: c1, Barriers: 15, Oops: 0, ImmediateOops: 1, NonImmediateOops: No
[2,233s][debug][gc,nmethod     ] Register NMethod: com.sun.org.apache.xml.internal.serializer.ElemContext.push (0x000078e2e01a2988) [0x000078e2e01a2a80, 0x000078e2e01a2e90] Compiler: c1, Barriers: 13, Oops: 0, ImmediateOops: 0, NonImmediateOops: No
[2,233s][debug][gc,nmethod     ] Register NMethod: com.sun.org.apache.xalan.internal.xsltc.util.IntegerArray.<init> (0x000078e2e01a2f08) [0x000078e2e01a3000, 0x000078e2e01a32d0] Compiler: c1, Barriers: 3, Oops: 0, ImmediateOops: 0, NonImmediateOops: No
[2,233s][debug][gc,nmethod     ] Register NMethod: com.sun.org.apache.xml.internal.serializer.ToSAXHandler.startElement (0x000078e2e01a3308) [0x000078e2e01a3400, 0x000078e2e01a3c38] Compiler: c1, Barriers: 6, Oops: 0, ImmediateOops: 0, NonImmediateOops: No
[2,233s][debug][gc,nmethod     ] Register NMethod: com.sun.org.apache.xml.internal.serializer.ToXMLSAXHandler.startElement (0x000078e2e01a3c88) [0x000078e2e01a3d80, 0x000078e2e01a5748] Compiler: c1, Barriers: 14, Oops: 0, ImmediateOops: 0, NonImmediateOops: No
[2,233s][debug][gc,nmethod     ] Register NMethod: com.sun.org.apache.xml.internal.dtm.ref.sax2dtm.SAX2DTM2._exptype (0x000078e2e01a5788) [0x000078e2e01a5880, 0x000078e2e01a5b78] Compiler: c1, Barriers: 4, Oops: 0, ImmediateOops: 0, NonImmediateOops: No
[2,233s][debug][gc,nmethod     ] Register NMethod: com.sun.org.apache.xml.internal.serializer.ToXMLSAXHandler.endElement (0x000078e2e01a5b88) [0x000078e2e01a5c80, 0x000078e2e01a5f90] Compiler: c1, Barriers: 0, Oops: 0, ImmediateOops: 0, NonImmediateOops: No
[2,233s][debug][gc,nmethod     ] Register NMethod: com.sun.org.apache.xml.internal.dtm.ref.DTMDefaultBase.makeNodeIdentity (0x000078e2fed30f88) [0x000078e2fed31080, 0x000078e2fed312c0] Compiler: jvmci, Barriers: 4, Oops: 0, ImmediateOops: 0, NonImmediateOops: No
[2,233s][debug][gc,nmethod     ] Register NMethod: com.sun.org.apache.xalan.internal.xsltc.trax.SAX2DOM.endElement (0x000078e2e01a6008) [0x000078e2e01a6100, 0x000078e2e01a6358] Compiler: c1, Barriers: 4, Oops: 0, ImmediateOops: 0, NonImmediateOops: No
[2,233s][debug][gc,nmethod     ] Register NMethod: com.sun.org.apache.xml.internal.serializer.AttributesImplSerializer.clear (0x000078e2e01a6388) [0x000078e2e01a6480, 0x000078e2e01a6848] Compiler: c1, Barriers: 1, Oops: 0, ImmediateOops: 0, NonImmediateOops: No
[2,234s][debug][gc,nmethod     ] Register NMethod: com.sun.org.apache.xml.internal.dtm.ref.sax2dtm.SAX2DTM2$AttributeIterator.setStartNode (0x000078e2e01a6888) [0x000078e2e01a6980, 0x000078e2e01a7438] Compiler: c1, Barriers: 3, Oops: 0, ImmediateOops: 0, NonImmediateOops: No
[2,234s][debug][gc,nmethod     ] Register NMethod: com.sun.org.apache.xml.internal.serializer.SerializerBase.isCdataSection (0x000078e2e01a7488) [0x000078e2e01a7580, 0x000078e2e01aa478] Compiler: c1, Barriers: 32, Oops: 0, ImmediateOops: 0, NonImmediateOops: No
[2,234s][debug][gc,nmethod     ] Register NMethod: com.sun.org.apache.xml.internal.serializer.NamespaceMappings.popNamespaces (0x000078e2e01aa488) [0x000078e2e01aa580, 0x000078e2e01abb68] Compiler: c1, Barriers: 4, Oops: 0, ImmediateOops: 0, NonImmediateOops: No
[2,234s][debug][gc,nmethod     ] Register NMethod: com.sun.org.apache.xalan.internal.xsltc.util.IntegerArray.clear (0x000078e2e01abb88) [0x000078e2e01abc80, 0x000078e2e01abd88] Compiler: c1, Barriers: 0, Oops: 0, ImmediateOops: 0, NonImmediateOops: No
[2,234s][debug][gc,nmethod     ] Register NMethod: com.sun.org.apache.xml.internal.serializer.ToXMLSAXHandler.endElement (0x000078e2e01abe88) [0x000078e2e01abf80, 0x000078e2e01ae190] Compiler: c1, Barriers: 18, Oops: 0, ImmediateOops: 0, NonImmediateOops: No
[2,234s][debug][gc,nmethod     ] Register NMethod: com.sun.org.apache.xalan.internal.xsltc.trax.SAX2DOM.startElement (0x000078e2e01ae208) [0x000078e2e01ae300, 0x000078e2e01b6de8] Compiler: c1, Barriers: 26, Oops: 6, ImmediateOops: 19, NonImmediateOops: No
[2,234s][debug][gc,nmethod     ] Register NMethod: com.sun.org.apache.xerces.internal.dom.AttrNSImpl.getLocalName (0x000078e2fed31308) [0x000078e2fed31400, 0x000078e2fed314e8] Compiler: jvmci, Barriers: 1, Oops: 0, ImmediateOops: 0, NonImmediateOops: No
[2,234s][debug][gc,nmethod     ] Register NMethod: com.sun.org.apache.xml.internal.dtm.ref.DTMManagerDefault.getDTM (0x000078e2e01b6e88) [0x000078e2e01b6f80, 0x000078e2e01b7350] Compiler: c1, Barriers: 2, Oops: 0, ImmediateOops: 0, NonImmediateOops: No
[2,234s][debug][gc,nmethod     ] Register NMethod: com.sun.org.apache.xml.internal.dtm.ref.DTMDefaultBase._parent (0x000078e2e01b7388) [0x000078e2e01b7480, 0x000078e2e01b7cf8] Compiler: c1, Barriers: 8, Oops: 0, ImmediateOops: 0, NonImmediateOops: No
[2,234s][debug][gc,nmethod     ] Register NMethod: com.sun.org.apache.xml.internal.dtm.ref.DTMDefaultBase.getDocumentRoot (0x000078e2e01b7d08) [0x000078e2e01b7e00, 0x000078e2e01b88c0] Compiler: c1, Barriers: 4, Oops: 0, ImmediateOops: 0, NonImmediateOops: No
[2,234s][debug][gc,nmethod     ] Register NMethod: com.sun.org.apache.xml.internal.dtm.ref.DTMDefaultBase.getDocument (0x000078e2e01b8908) [0x000078e2e01b8a00, 0x000078e2e01b8d08] Compiler: c1, Barriers: 4, Oops: 0, ImmediateOops: 0, NonImmediateOops: No
[2,235s][debug][gc,nmethod     ] Register NMethod: com.sun.org.apache.xalan.internal.xsltc.dom.CurrentNodeListIterator.<init> (0x000078e2e01b8d88) [0x000078e2e01b8e80, 0x000078e2e01b94d8] Compiler: c1, Barriers: 15, Oops: 0, ImmediateOops: 0, NonImmediateOops: No
[2,235s][debug][gc,nmethod     ] Register NMethod: com.sun.org.apache.xml.internal.dtm.ref.DTMDefaultBase.getNodeType (0x000078e2e01b9508) [0x000078e2e01b9600, 0x000078e2e01ba040] Compiler: c1, Barriers: 3, Oops: 0, ImmediateOops: 0, NonImmediateOops: No
[2,235s][debug][gc,nmethod     ] Register NMethod: java.lang.StringBuilder.append (0x000078e2e01ba088) [0x000078e2e01ba180, 0x000078e2e01ba2c8] Compiler: c1, Barriers: 0, Oops: 0, ImmediateOops: 0, NonImmediateOops: No
[2,235s][debug][gc,nmethod     ] Register NMethod: com.sun.org.apache.xml.internal.dtm.ref.DTMDefaultBase._firstch (0x000078e2e01ba388) [0x000078e2e01ba480, 0x000078e2e01bad78] Compiler: c1, Barriers: 8, Oops: 0, ImmediateOops: 0, NonImmediateOops: No
[2,235s][debug][gc,nmethod     ] Register NMethod: java.lang.AbstractStringBuilder.append (0x000078e2e01bad88) [0x000078e2e01bae80, 0x000078e2e01bb298] Compiler: c1, Barriers: 4, Oops: 1, ImmediateOops: 1, NonImmediateOops: No
[2,235s][debug][gc,nmethod     ] Register NMethod: java.lang.AbstractStringBuilder.appendChars (0x000078e2e01bb308) [0x000078e2e01bb400, 0x000078e2e01bbb50] Compiler: c1, Barriers: 0, Oops: 1, ImmediateOops: 1, NonImmediateOops: No
[2,235s][debug][gc,nmethod     ] Register NMethod: com.sun.org.apache.xml.internal.utils.FastStringBuffer.sendSAXcharacters (0x000078e2e01bbb88) [0x000078e2e01bbc80, 0x000078e2e01bc990] Compiler: c1, Barriers: 9, Oops: 0, ImmediateOops: 0, NonImmediateOops: No
[2,235s][debug][gc,nmethod     ] Register NMethod: com.sun.org.apache.xml.internal.serializer.ToXMLSAXHandler.characters (0x000078e2e01bca08) [0x000078e2e01bcb00, 0x000078e2e01be258] Compiler: c1, Barriers: 10, Oops: 0, ImmediateOops: 0, NonImmediateOops: No
[2,235s][debug][gc,nmethod     ] Register NMethod: com.sun.org.apache.xalan.internal.xsltc.trax.SAX2DOM.characters (0x000078e2e01be288) [0x000078e2e01be380, 0x000078e2e01bf308] Compiler: c1, Barriers: 7, Oops: 0, ImmediateOops: 0, NonImmediateOops: No
[2,235s][debug][gc,nmethod     ] Register NMethod: com.sun.org.apache.xml.internal.dtm.ref.DTMDefaultBase.findNamespaceContext (0x000078e2e01bf388) [0x000078e2e01bf480, 0x000078e2e01c3f98] Compiler: c1, Barriers: 26, Oops: 0, ImmediateOops: 0, NonImmediateOops: No
[2,236s][debug][gc,nmethod     ] Register NMethod: java.util.Vector.elementAt (0x000078e2fed31608) [0x000078e2fed31700, 0x000078e2fed319c8] Compiler: jvmci, Barriers: 2, Oops: 0, ImmediateOops: 0, NonImmediateOops: No
[2,237s][debug][gc,nmethod     ] Register NMethod: java.util.Stack.peek (0x000078e2fed31a08) [0x000078e2fed31b00, 0x000078e2fed31e00] Compiler: jvmci, Barriers: 2, Oops: 0, ImmediateOops: 0, NonImmediateOops: No
[2,238s][debug][gc,director    ] Rule Major: Warmup 10%, Used: 326MB, UsedThreshold: 1228MB
[2,239s][debug][gc,nmethod     ] Register NMethod: com.sun.org.apache.xerces.internal.dom.CoreDocumentImpl.getNodeListCache (0x000078e2e01c4008) [0x000078e2e01c4100, 0x000078e2e01c46b8] Compiler: c1, Barriers: 18, Oops: 0, ImmediateOops: 0, NonImmediateOops: No
[2,239s][debug][gc,nmethod     ] Register NMethod: com.sun.org.apache.xerces.internal.dom.NodeImpl.ownerDocument (0x000078e2fed31e08) [0x000078e2fed31f00, 0x000078e2fed320b0] Compiler: jvmci, Barriers: 2, Oops: 0, ImmediateOops: 0, NonImmediateOops: No
[2,239s][debug][gc,nmethod     ] Register NMethod: jdk.xml.internal.JdkXmlConfig.getInstance (0x000078e2e01c4708) [0x000078e2e01c4800, 0x000078e2e01c4ce0] Compiler: c1, Barriers: 6, Oops: 1, ImmediateOops: 7, NonImmediateOops: No
[2,239s][debug][gc,nmethod     ] Register NMethod: com.sun.org.apache.xalan.internal.xsltc.compiler.SymbolTable.addPrimop (0x000078e2e01c4d08) [0x000078e2e01c4e00, 0x000078e2e01c5a60] Compiler: c1, Barriers: 5, Oops: 0, ImmediateOops: 1, NonImmediateOops: No
[2,239s][debug][gc,nmethod     ] Register NMethod: java.util.Arrays.asList (0x000078e2e01c5a88) [0x000078e2e01c5b80, 0x000078e2e01c5ff0] Compiler: c1, Barriers: 3, Oops: 0, ImmediateOops: 0, NonImmediateOops: No
[2,240s][debug][gc,nmethod     ] Register NMethod: java.util.Arrays$ArrayList.<init> (0x000078e2e01c6008) [0x000078e2e01c6100, 0x000078e2e01c64d8] Compiler: c1, Barriers: 3, Oops: 0, ImmediateOops: 0, NonImmediateOops: No
[2,240s][debug][gc,nmethod     ] Register NMethod: java.util.concurrent.ConcurrentHashMap.get (0x000078e2e01c6508) [0x000078e2e01c6600, 0x000078e2e01c7618] Compiler: c1, Barriers: 7, Oops: 0, ImmediateOops: 0, NonImmediateOops: No
[2,240s][debug][gc,nmethod     ] Register NMethod: com.sun.org.apache.xalan.internal.xsltc.compiler.Parser.getQName (0x000078e2e01c7688) [0x000078e2e01c7780, 0x000078e2e01cc598] Compiler: c1, Barriers: 10, Oops: 7, ImmediateOops: 15, NonImmediateOops: No
[2,241s][debug][gc,nmethod     ] Register NMethod: com.sun.java_cup.internal.runtime.Symbol.<init> (0x000078e2e01cc608) [0x000078e2e01cc700, 0x000078e2e01cc868] Compiler: c1, Barriers: 0, Oops: 0, ImmediateOops: 0, NonImmediateOops: No
[2,241s][debug][gc,nmethod     ] Register NMethod: com.sun.java_cup.internal.runtime.Symbol.<init> (0x000078e2e01cc908) [0x000078e2e01cca00, 0x000078e2e01ccc58] Compiler: c1, Barriers: 3, Oops: 0, ImmediateOops: 0, NonImmediateOops: No
[2,241s][debug][gc,nmethod     ] Register NMethod: com.sun.java_cup.internal.runtime.lr_parser.get_action (0x000078e2e01ccc88) [0x000078e2e01ccd80, 0x000078e2e01cd330] Compiler: c1, Barriers: 2, Oops: 0, ImmediateOops: 0, NonImmediateOops: No
[2,241s][debug][gc,nmethod     ] Register NMethod: com.sun.org.apache.bcel.internal.generic.ConstantPoolGen$$Lambda/0x00000000922f6a98.<init> (0x000078e2e01cd388) [0x000078e2e01cd480, 0x000078e2e01cd5e0] Compiler: c1, Barriers: 0, Oops: 0, ImmediateOops: 0, NonImmediateOops: No
[2,241s][debug][gc,nmethod     ] Register NMethod: com.sun.org.apache.bcel.internal.classfile.Constant.<init> (0x000078e2e01cd688) [0x000078e2e01cd780, 0x000078e2e01cd8e0] Compiler: c1, Barriers: 0, Oops: 0, ImmediateOops: 0, NonImmediateOops: No
[2,241s][debug][gc,nmethod     ] Register NMethod: com.sun.org.apache.bcel.internal.generic.ConstantPoolGen$$Lambda/0x00000000922f6a98.apply (0x000078e2e01cd988) [0x000078e2e01cda80, 0x000078e2e01cde18] Compiler: c1, Barriers: 0, Oops: 0, ImmediateOops: 0, NonImmediateOops: No
[2,241s][debug][gc,nmethod     ] Register NMethod: com.sun.org.apache.bcel.internal.generic.ConstantPoolGen.adjustSize (0x000078e2e01cde88) [0x000078e2e01cdf80, 0x000078e2e01ce498] Compiler: c1, Barriers: 4, Oops: 0, ImmediateOops: 0, NonImmediateOops: No
[2,241s][debug][gc,nmethod     ] Register NMethod: com.sun.org.apache.bcel.internal.generic.ConstantPoolGen.computeIfAbsent (0x000078e2e01ce508) [0x000078e2e01ce600, 0x000078e2e01cf150] Compiler: c1, Barriers: 0, Oops: 1, ImmediateOops: 2, NonImmediateOops: No
[2,241s][debug][gc,nmethod     ] Register NMethod: com.sun.org.apache.bcel.internal.generic.ConstantPoolGen.lambda$computeIfAbsent$0 (0x000078e2e01cf188) [0x000078e2e01cf280, 0x000078e2e01cf5f0] Compiler: c1, Barriers: 1, Oops: 0, ImmediateOops: 1, NonImmediateOops: No
[2,241s][debug][gc,nmethod     ] Register NMethod: com.sun.org.apache.bcel.internal.generic.InstructionHandle.getInstructionHandle (0x000078e2e01cf608) [0x000078e2e01cf700, 0x000078e2e01cfb00] Compiler: c1, Barriers: 0, Oops: 0, ImmediateOops: 0, NonImmediateOops: No
[2,241s][debug][gc,nmethod     ] Register NMethod: com.sun.org.apache.bcel.internal.generic.InstructionList.append (0x000078e2e01cfb08) [0x000078e2e01cfc00, 0x000078e2e01d00c0] Compiler: c1, Barriers: 0, Oops: 0, ImmediateOops: 0, NonImmediateOops: No
[2,242s][debug][gc,nmethod     ] Register NMethod: com.sun.org.apache.xerces.internal.dom.DeferredDocumentImpl.clearChunkValue (0x000078e2fed32108) [0x000078e2fed32200, 0x000078e2fed325c8] Compiler: jvmci, Barriers: 8, Oops: 0, ImmediateOops: 0, NonImmediateOops: No
[2,242s][debug][gc,nmethod     ] Register NMethod: com.sun.org.apache.bcel.internal.generic.BranchInstruction.notifyTarget (0x000078e2e01d0108) [0x000078e2e01d0200, 0x000078e2e01d10f8] Compiler: c1, Barriers: 9, Oops: 0, ImmediateOops: 0, NonImmediateOops: No
[2,242s][debug][gc,nmethod     ] Register NMethod: com.sun.org.apache.bcel.internal.generic.Instruction.setOpcode (0x000078e2fed32608) [0x000078e2fed32700, 0x000078e2fed327c0] Compiler: c1, Barriers: 0, Oops: 0, ImmediateOops: 0, NonImmediateOops: No
[2,242s][debug][gc,nmethod     ] Register NMethod: com.sun.org.apache.bcel.internal.generic.Instruction.setLength (0x000078e2e01d1108) [0x000078e2e01d1200, 0x000078e2e01d1308] Compiler: c1, Barriers: 0, Oops: 0, ImmediateOops: 0, NonImmediateOops: No
[2,242s][debug][gc,nmethod     ] Register NMethod: java.lang.invoke.LambdaForm$MH/0x00000000922d5800.invoke (0x000078e2e01d1408) [0x000078e2e01d1500, 0x000078e2e01d1c80] Compiler: c1, Barriers: 2, Oops: 1, ImmediateOops: 0, NonImmediateOops: No
[2,242s][debug][gc,nmethod     ] Register NMethod: java.lang.invoke.DirectMethodHandle$Holder.invokeSpecial (0x000078e2e01d1d08) [0x000078e2e01d1e00, 0x000078e2e01d21d0] Compiler: c1, Barriers: 1, Oops: 0, ImmediateOops: 0, NonImmediateOops: No
[2,242s][debug][gc,nmethod     ] Register NMethod: java.lang.String$$StringConcat/0x00000000922d5400.coder (0x000078e2e01d2208) [0x000078e2e01d2300, 0x000078e2e01d2ac8] Compiler: c1, Barriers: 0, Oops: 1, ImmediateOops: 0, NonImmediateOops: No
[2,242s][debug][gc,nmethod     ] Register NMethod: java.lang.String$$StringConcat/0x00000000922d5400.prepend (0x000078e2e01d2b08) [0x000078e2e01d2c00, 0x000078e2e01d2e80] Compiler: c1, Barriers: 3, Oops: 1, ImmediateOops: 0, NonImmediateOops: No
[2,242s][debug][gc,nmethod     ] Register NMethod: com.sun.org.apache.bcel.internal.generic.LocalVariableGen.getName (0x000078e2fed32908) [0x000078e2fed32a00, 0x000078e2fed32ae8] Compiler: c1, Barriers: 1, Oops: 0, ImmediateOops: 0, NonImmediateOops: No
[2,242s][debug][gc,nmethod     ] Register NMethod: com.sun.org.apache.bcel.internal.classfile.Utility.packageToPath (0x000078e2e01d2f08) [0x000078e2e01d3000, 0x000078e2e01d32e0] Compiler: c1, Barriers: 0, Oops: 0, ImmediateOops: 0, NonImmediateOops: No
[2,242s][debug][gc,nmethod     ] Register NMethod: java.lang.String$$StringConcat/0x00000000922d5400.length (0x000078e2e01d3308) [0x000078e2e01d3400, 0x000078e2e01d47b0] Compiler: c1, Barriers: 3, Oops: 1, ImmediateOops: 3, NonImmediateOops: No
[2,242s][debug][gc,nmethod     ] Register NMethod: com.sun.org.apache.bcel.internal.generic.ConstantPoolGen.lookupUtf8 (0x000078e2e01d4808) [0x000078e2e01d4900, 0x000078e2e01d5148] Compiler: c1, Barriers: 1, Oops: 0, ImmediateOops: 0, NonImmediateOops: No
[2,242s][debug][gc,nmethod     ] Register NMethod: com.sun.org.apache.bcel.internal.generic.Type.getType (0x000078e2fed32c08) [0x000078e2fed32d00, 0x000078e2fed32dc8] Compiler: c1, Barriers: 0, Oops: 0, ImmediateOops: 0, NonImmediateOops: No
[2,243s][debug][gc,nmethod     ] Register NMethod: java.util.HashMap.get (0x000078e2fed32f08) [0x000078e2fed33000, 0x000078e2fed33938] Compiler: jvmci, Barriers: 13, Oops: 0, ImmediateOops: 0, NonImmediateOops: No
[2,243s][debug][gc,nmethod     ] Register NMethod: com.sun.org.apache.bcel.internal.generic.ConstantPoolGen.addUtf8 (0x000078e2e01d5188) [0x000078e2e01d5280, 0x000078e2e01d6d28] Compiler: c1, Barriers: 9, Oops: 2, ImmediateOops: 4, NonImmediateOops: No
[2,243s][debug][gc,nmethod     ] Register NMethod: com.sun.org.apache.bcel.internal.generic.Instruction.produceStack (0x000078e2e01d6d88) [0x000078e2e01d6e80, 0x000078e2e01d7008] Compiler: c1, Barriers: 0, Oops: 0, ImmediateOops: 1, NonImmediateOops: No
[2,243s][debug][gc,nmethod     ] Register NMethod: com.sun.org.apache.bcel.internal.Const.getProduceStack (0x000078e2e01d7088) [0x000078e2e01d7180, 0x000078e2e01d7290] Compiler: c1, Barriers: 0, Oops: 0, ImmediateOops: 1, NonImmediateOops: No
[2,243s][debug][gc,nmethod     ] Register NMethod: com.sun.org.apache.bcel.internal.Const.getConsumeStack (0x000078e2e01d7388) [0x000078e2e01d7480, 0x000078e2e01d7590] Compiler: c1, Barriers: 0, Oops: 0, ImmediateOops: 1, NonImmediateOops: No
[2,243s][debug][gc,nmethod     ] Register NMethod: com.sun.org.apache.bcel.internal.generic.Instruction.consumeStack (0x000078e2e01d7688) [0x000078e2e01d7780, 0x000078e2e01d7908] Compiler: c1, Barriers: 0, Oops: 0, ImmediateOops: 1, NonImmediateOops: No
[2,243s][debug][gc,nmethod     ] Register NMethod: com.sun.org.apache.bcel.internal.classfile.ConstantUtf8.getBytes (0x000078e2fed33988) [0x000078e2fed33a80, 0x000078e2fed33b68] Compiler: c1, Barriers: 1, Oops: 0, ImmediateOops: 0, NonImmediateOops: No
[2,243s][debug][gc,nmethod     ] Register NMethod: java.util.ArrayList.toArray (0x000078e2e01d7988) [0x000078e2e01d7a80, 0x000078e2e01d82f8] Compiler: c1, Barriers: 6, Oops: 0, ImmediateOops: 0, NonImmediateOops: No
[2,243s][debug][gc,nmethod     ] Register NMethod: com.sun.org.apache.bcel.internal.classfile.ConstantCP.getNameAndTypeIndex (0x000078e2fed33c88) [0x000078e2fed33d80, 0x000078e2fed33e40] Compiler: c1, Barriers: 0, Oops: 0, ImmediateOops: 0, NonImmediateOops: No
[2,243s][debug][gc,nmethod     ] Register NMethod: com.sun.org.apache.bcel.internal.classfile.ConstantNameAndType.getSignatureIndex (0x000078e2fed33f88) [0x000078e2fed34080, 0x000078e2fed34140] Compiler: c1, Barriers: 0, Oops: 0, ImmediateOops: 0, NonImmediateOops: No
[2,243s][debug][gc,nmethod     ] Register NMethod: com.sun.org.apache.xerces.internal.dom.ChildNode.parentNode (0x000078e2fed34288) [0x000078e2fed34380, 0x000078e2fed34440] Compiler: jvmci, Barriers: 1, Oops: 0, ImmediateOops: 0, NonImmediateOops: No
[2,243s][debug][gc,nmethod     ] Register NMethod: java.lang.String$$StringConcat/0x00000000922d5400.concat (0x000078e2e01d8308) [0x000078e2e01d8400, 0x000078e2e01dc058] Compiler: c1, Barriers: 12, Oops: 1, ImmediateOops: 9, NonImmediateOops: No
[2,244s][debug][gc,nmethod     ] Register NMethod: com.sun.org.apache.bcel.internal.generic.InstructionList$1.next (0x000078e2e01dc088) [0x000078e2e01dc180, 0x000078e2e01dc638] Compiler: c1, Barriers: 5, Oops: 0, ImmediateOops: 0, NonImmediateOops: No
[2,244s][debug][gc,nmethod     ] Register NMethod: com.sun.org.apache.bcel.internal.generic.InstructionList$1.next (0x000078e2e01dc688) [0x000078e2e01dc780, 0x000078e2e01dcca0] Compiler: c1, Barriers: 5, Oops: 0, ImmediateOops: 0, NonImmediateOops: No
[2,244s][debug][gc,nmethod     ] Register NMethod: com.sun.org.apache.bcel.internal.generic.Instruction.hashCode (0x000078e2fed34588) [0x000078e2fed34680, 0x000078e2fed34740] Compiler: c1, Barriers: 0, Oops: 0, ImmediateOops: 0, NonImmediateOops: No
[2,244s][debug][gc,nmethod     ] Register NMethod: com.sun.org.apache.xerces.internal.dom.AttrNSImpl.getNamespaceURI (0x000078e2fed34888) [0x000078e2fed34980, 0x000078e2fed34a68] Compiler: jvmci, Barriers: 1, Oops: 0, ImmediateOops: 0, NonImmediateOops: No
[2,244s][debug][gc,nmethod     ] Register NMethod: java.util.regex.Pattern$TreeInfo.reset (0x000078e2e01dcd08) [0x000078e2e01dce00, 0x000078e2e01dcf18] Compiler: c1, Barriers: 0, Oops: 0, ImmediateOops: 0, NonImmediateOops: No
[2,244s][debug][gc,nmethod     ] Register NMethod: java.util.regex.Pattern$CharProperty.<init> (0x000078e2e01dd008) [0x000078e2e01dd100, 0x000078e2e01dd3b0] Compiler: c1, Barriers: 6, Oops: 0, ImmediateOops: 1, NonImmediateOops: No
[2,244s][debug][gc,nmethod     ] Register NMethod: java.util.regex.Pattern$BranchConn.match (0x000078e2e01dd408) [0x000078e2e01dd500, 0x000078e2e01dd848] Compiler: c1, Barriers: 1, Oops: 0, ImmediateOops: 0, NonImmediateOops: No
[2,244s][debug][gc,nmethod     ] Register NMethod: com.sun.org.apache.bcel.internal.generic.BranchInstruction.getPosition (0x000078e2fed34b88) [0x000078e2fed34c80, 0x000078e2fed34d40] Compiler: c1, Barriers: 0, Oops: 0, ImmediateOops: 0, NonImmediateOops: No
[2,244s][debug][gc,nmethod     ] Register NMethod: java.util.regex.Pattern.append (0x000078e2e01dd888) [0x000078e2e01dd980, 0x000078e2e01dddf8] Compiler: c1, Barriers: 6, Oops: 0, ImmediateOops: 0, NonImmediateOops: No
[2,244s][debug][gc,nmethod     ] Register NMethod: java.util.regex.Pattern.newCharProperty (0x000078e2e01dde08) [0x000078e2e01ddf00, 0x000078e2e01dea20] Compiler: c1, Barriers: 12, Oops: 0, ImmediateOops: 2, NonImmediateOops: No
[2,244s][debug][gc,nmethod     ] Register NMethod: com.sun.org.apache.bcel.internal.generic.InstructionList.getStart (0x000078e2fed34e88) [0x000078e2fed34f80, 0x000078e2fed35068] Compiler: c1, Barriers: 1, Oops: 0, ImmediateOops: 0, NonImmediateOops: No
[2,244s][debug][gc,nmethod     ] Register NMethod: java.util.Arrays.sort (0x000078e2e01dea88) [0x000078e2e01deb80, 0x000078e2e01ded58] Compiler: c1, Barriers: 0, Oops: 0, ImmediateOops: 0, NonImmediateOops: No
[2,244s][debug][gc,nmethod     ] Register NMethod: jdk.xml.internal.XMLSecurityManager$Limit.is (0x000078e2fed35188) [0x000078e2fed35280, 0x000078e2fed356c8] Compiler: jvmci, Barriers: 6, Oops: 0, ImmediateOops: 0, NonImmediateOops: No
[2,245s][debug][gc,nmethod     ] Register NMethod: java.util.regex.Pattern.closure (0x000078e2e01ded88) [0x000078e2e01dee80, 0x000078e2e01e0850] Compiler: c1, Barriers: 28, Oops: 0, ImmediateOops: 9, NonImmediateOops: No
[2,245s][debug][gc,nmethod     ] Register NMethod: com.sun.org.apache.bcel.internal.generic.InstructionHandle.getPosition (0x000078e2fed35708) [0x000078e2fed35800, 0x000078e2fed358c0] Compiler: c1, Barriers: 0, Oops: 0, ImmediateOops: 0, NonImmediateOops: No
[2,245s][debug][gc,nmethod     ] Register NMethod: com.sun.org.apache.bcel.internal.generic.BranchHandle.setPosition (0x000078e2e01e0888) [0x000078e2e01e0980, 0x000078e2e01e0cb0] Compiler: c1, Barriers: 1, Oops: 0, ImmediateOops: 0, NonImmediateOops: No
[2,245s][debug][gc,nmethod     ] Register NMethod: com.sun.org.apache.bcel.internal.generic.LocalVariableInstruction.wide (0x000078e2e01e0d08) [0x000078e2e01e0e00, 0x000078e2e01e0f50] Compiler: c1, Barriers: 0, Oops: 0, ImmediateOops: 0, NonImmediateOops: No
[2,245s][debug][gc,nmethod     ] Register NMethod: com.sun.org.apache.bcel.internal.generic.CPInstruction.<init> (0x000078e2e01e1008) [0x000078e2e01e1100, 0x000078e2e01e14d8] Compiler: c1, Barriers: 0, Oops: 0, ImmediateOops: 0, NonImmediateOops: No
[2,245s][debug][gc,nmethod     ] Register NMethod: com.sun.org.apache.bcel.internal.generic.CPInstruction.setIndex (0x000078e2e01e1508) [0x000078e2e01e1600, 0x000078e2e01e1808] Compiler: c1, Barriers: 0, Oops: 0, ImmediateOops: 0, NonImmediateOops: No
[2,245s][debug][gc,nmethod     ] Register NMethod: com.sun.org.apache.bcel.internal.classfile.Utility.typeOfSignature (0x000078e2e01e1888) [0x000078e2e01e1980, 0x000078e2e01e3420] Compiler: c1, Barriers: 3, Oops: 1, ImmediateOops: 2, NonImmediateOops: No
[2,245s][debug][gc,nmethod     ] Register NMethod: java.io.DataOutputStream.writeUTF (0x000078e2e01e3488) [0x000078e2e01e3580, 0x000078e2e01e36b8] Compiler: c1, Barriers: 0, Oops: 0, ImmediateOops: 0, NonImmediateOops: No
[2,246s][debug][gc,nmethod     ] Register NMethod: java.util.HashMap.keysToArray (0x000078e2e01e3788) [0x000078e2e01e3880, 0x000078e2e01e3ee0] Compiler: c1, Barriers: 7, Oops: 0, ImmediateOops: 0, NonImmediateOops: No
[2,246s][debug][gc,nmethod     ] Register NMethod: java.util.stream.ForEachOps$ForEachOp$OfRef.<init> (0x000078e2e01e3f08) [0x000078e2e01e4000, 0x000078e2e01e4238] Compiler: c1, Barriers: 3, Oops: 0, ImmediateOops: 0, NonImmediateOops: No
[2,246s][debug][gc,nmethod     ] Register NMethod: java.util.stream.ForEachOps$ForEachOp.<init> (0x000078e2e01e4288) [0x000078e2e01e4380, 0x000078e2e01e44e0] Compiler: c1, Barriers: 0, Oops: 0, ImmediateOops: 0, NonImmediateOops: No
[2,246s][debug][gc,nmethod     ] Register NMethod: java.util.stream.ReferencePipeline.forEach (0x000078e2e01e4588) [0x000078e2e01e4680, 0x000078e2e01e4d08] Compiler: c1, Barriers: 3, Oops: 0, ImmediateOops: 0, NonImmediateOops: No
[2,246s][debug][gc,nmethod     ] Register NMethod: java.util.stream.ForEachOps$ForEachOp.getOpFlags (0x000078e2e01e4d88) [0x000078e2e01e4e80, 0x000078e2e01e4ff0] Compiler: c1, Barriers: 0, Oops: 0, ImmediateOops: 0, NonImmediateOops: No
[2,246s][debug][gc,nmethod     ] Register NMethod: java.util.stream.ForEachOps.makeRef (0x000078e2e01e5088) [0x000078e2e01e5180, 0x000078e2e01e55a8] Compiler: c1, Barriers: 3, Oops: 0, ImmediateOops: 0, NonImmediateOops: No
[2,246s][debug][gc,nmethod     ] Register NMethod: java.lang.String.equalsIgnoreCase (0x000078e2fed35a08) [0x000078e2fed35b00, 0x000078e2fed35d80] Compiler: jvmci, Barriers: 2, Oops: 0, ImmediateOops: 0, NonImmediateOops: No
[2,246s][debug][gc,nmethod     ] Register NMethod: java.util.stream.ForEachOps$ForEachOp.evaluateSequential (0x000078e2e01e5608) [0x000078e2e01e5700, 0x000078e2e01e5e38] Compiler: c1, Barriers: 0, Oops: 0, ImmediateOops: 0, NonImmediateOops: No
[2,246s][debug][gc,nmethod     ] Register NMethod: java.util.stream.ForEachOps$ForEachOp$OfRef.evaluateSequential (0x000078e2e01e5e88) [0x000078e2e01e5f80, 0x000078e2e01e6718] Compiler: c1, Barriers: 0, Oops: 0, ImmediateOops: 0, NonImmediateOops: No
[2,246s][debug][gc,nmethod     ] Register NMethod: java.util.Collections$2.estimateSize (0x000078e2fed35d88) [0x000078e2fed35e80, 0x000078e2fed35f40] Compiler: c1, Barriers: 0, Oops: 0, ImmediateOops: 0, NonImmediateOops: No
[2,246s][debug][gc,nmethod     ] Register NMethod: java.lang.module.Resolver.lambda$makeGraph$2 (0x000078e2e01e6788) [0x000078e2e01e6880, 0x000078e2e01e6d80] Compiler: c1, Barriers: 1, Oops: 0, ImmediateOops: 1, NonImmediateOops: No
[2,246s][debug][gc,nmethod     ] Register NMethod: java.lang.module.Resolver$$Lambda/0x0000000092312bf0.test (0x000078e2e01e6d88) [0x000078e2e01e6e80, 0x000078e2e01e7600] Compiler: c1, Barriers: 1, Oops: 0, ImmediateOops: 1, NonImmediateOops: No
[2,246s][debug][gc,nmethod     ] Register NMethod: java.util.stream.ForEachOps$ForEachOp$OfRef.accept (0x000078e2e01e7608) [0x000078e2e01e7700, 0x000078e2e01e7a40] Compiler: c1, Barriers: 1, Oops: 0, ImmediateOops: 0, NonImmediateOops: No
[2,246s][debug][gc,nmethod     ] Register NMethod: java.io.DataOutputStream.writeUTF (0x000078e2e01e7a88) [0x000078e2e01e7b80, 0x000078e2e01ebcf8] Compiler: c1, Barriers: 11, Oops: 6, ImmediateOops: 9, NonImmediateOops: No
[2,246s][debug][gc,nmethod     ] Register NMethod: java.util.regex.Pattern.sequence (0x000078e2e01ebd88) [0x000078e2e01ebe80, 0x000078e2e01ef690] Compiler: c1, Barriers: 38, Oops: 6, ImmediateOops: 10, NonImmediateOops: No
[2,247s][debug][gc,nmethod     ] Register NMethod: com.sun.org.apache.xerces.internal.dom.NodeImpl.getOwnerDocument (0x000078e2fed36088) [0x000078e2fed36180, 0x000078e2fed363d0] Compiler: jvmci, Barriers: 2, Oops: 0, ImmediateOops: 0, NonImmediateOops: No
[2,247s][debug][gc,nmethod     ] Register NMethod: java.util.stream.StreamOpFlag.fromCharacteristics (0x000078e2fed36408) [0x000078e2fed36500, 0x000078e2fed366d0] Compiler: jvmci, Barriers: 0, Oops: 0, ImmediateOops: 0, NonImmediateOops: No
[2,248s][debug][gc,nmethod     ] Register NMethod: jdk.internal.classfile.impl.SplitConstantPool.writeTo (0x000078e2fed36708) [0x000078e2fed36820, 0x000078e2fed389b0] Compiler: jvmci, Barriers: 23, Oops: 0, ImmediateOops: 0, NonImmediateOops: No
[2,248s][debug][gc,nmethod     ] Register NMethod: java.util.stream.AbstractPipeline.<init> (0x000078e2fed38a08) [0x000078e2fed38b20, 0x000078e2fed38d00] Compiler: jvmci, Barriers: 8, Oops: 0, ImmediateOops: 0, NonImmediateOops: No
[2,248s][debug][gc,nmethod     ] Register NMethod: java.util.concurrent.ConcurrentHashMap$MapEntry.getValue (0x000078e2fed38d08) [0x000078e2fed38e00, 0x000078e2fed38ee8] Compiler: c1, Barriers: 1, Oops: 0, ImmediateOops: 0, NonImmediateOops: No
[2,248s][debug][gc,nmethod     ] Register NMethod: java.util.concurrent.ConcurrentHashMap$MapEntry.getKey (0x000078e2fed39008) [0x000078e2fed39100, 0x000078e2fed391e8] Compiler: c1, Barriers: 1, Oops: 0, ImmediateOops: 0, NonImmediateOops: No
[2,248s][debug][gc,nmethod     ] Register NMethod: jdk.xml.internal.SecuritySupport.readConfig (0x000078e2e01ef708) [0x000078e2e01ef800, 0x000078e2e01efb88] Compiler: c1, Barriers: 1, Oops: 0, ImmediateOops: 0, NonImmediateOops: No
[2,248s][debug][gc,nmethod     ] Register NMethod: jdk.xml.internal.SecuritySupport.readConfig (0x000078e2e01efc08) [0x000078e2e01efd00, 0x000078e2e01f00d0] Compiler: c1, Barriers: 1, Oops: 0, ImmediateOops: 0, NonImmediateOops: No
[2,248s][debug][gc,nmethod     ] Register NMethod: java.util.stream.AbstractPipeline.<init> (0x000078e2fed39308) [0x000078e2fed39400, 0x000078e2fed396d0] Compiler: jvmci, Barriers: 10, Oops: 0, ImmediateOops: 0, NonImmediateOops: No
[2,249s][debug][gc,director    ] Rule Major: Warmup 10%, Used: 328MB, UsedThreshold: 1228MB
[2,251s][debug][gc,nmethod     ] Register NMethod: com.sun.org.apache.xalan.internal.xsltc.util.IntegerArray.at (0x000078e2e01f0108) [0x000078e2e01f0200, 0x000078e2e01f0358] Compiler: c1, Barriers: 1, Oops: 0, ImmediateOops: 0, NonImmediateOops: No
[2,251s][debug][gc,nmethod     ] Register NMethod: com.sun.org.apache.xalan.internal.xsltc.dom.CurrentNodeListIterator.next (0x000078e2e01f0408) [0x000078e2e01f0500, 0x000078e2e01f1100] Compiler: c1, Barriers: 5, Oops: 0, ImmediateOops: 0, NonImmediateOops: No
[2,251s][debug][gc,nmethod     ] Register NMethod: com.sun.org.apache.xml.internal.dtm.ref.sax2dtm.SAX2DTM2.copyTextNode (0x000078e2e01f1108) [0x000078e2e01f1200, 0x000078e2e01f1ac0] Compiler: c1, Barriers: 13, Oops: 0, ImmediateOops: 0, NonImmediateOops: No
[2,251s][debug][gc,nmethod     ] Register NMethod: com.sun.org.apache.xalan.internal.xsltc.dom.UnionIterator.<init> (0x000078e2e01f1b08) [0x000078e2e01f1c00, 0x000078e2e01f1fd8] Compiler: c1, Barriers: 6, Oops: 0, ImmediateOops: 0, NonImmediateOops: No
[2,251s][debug][gc,nmethod     ] Register NMethod: die.verwandlung.GregorSamsa.template$dot$0 (0x000078e2e01f2008) [0x000078e2e01f2100, 0x000078e2e01f3ae8] Compiler: c1, Barriers: 4, Oops: 1, ImmediateOops: 0, NonImmediateOops: No
[2,252s][debug][gc,nmethod     ] Register NMethod: die.verwandlung.GregorSamsa$0.test (0x000078e2e01f3b08) [0x000078e2e01f3c00, 0x000078e2e01f45c0] Compiler: c1, Barriers: 1, Oops: 1, ImmediateOops: 0, NonImmediateOops: No
[2,252s][debug][gc,nmethod     ] Register NMethod: die.verwandlung.GregorSamsa.applyTemplates (0x000078e2e01f4608) [0x000078e2e01f4700, 0x000078e2e01f5f60] Compiler: c1, Barriers: 0, Oops: 1, ImmediateOops: 0, NonImmediateOops: No
[2,252s][debug][gc,nmethod     ] Register NMethod: com.sun.org.apache.xerces.internal.dom.NodeImpl.hasStringValue (0x000078e2fed39708) [0x000078e2fed39800, 0x000078e2fed398c8] Compiler: jvmci, Barriers: 0, Oops: 0, ImmediateOops: 0, NonImmediateOops: No
[2,253s][debug][gc,nmethod     ] Register NMethod: com.sun.org.apache.xerces.internal.dom.NodeImpl.isNormalized (0x000078e2fed39a08) [0x000078e2fed39b00, 0x000078e2fed39bd0] Compiler: jvmci, Barriers: 0, Oops: 0, ImmediateOops: 0, NonImmediateOops: No
[2,254s][debug][gc,nmethod     ] Register NMethod: com.sun.org.apache.xerces.internal.dom.NodeImpl.getOwnerDocument (0x000078e2e01f5f88) [0x000078e2e01f6080, 0x000078e2e01f68c8] Compiler: c1, Barriers: 2, Oops: 0, ImmediateOops: 0, NonImmediateOops: No
[2,254s][debug][gc,nmethod     ] Register NMethod: com.sun.org.apache.xerces.internal.dom.DOMImplementationImpl.getDOMImplementation (0x000078e2e01f6908) [0x000078e2e01f6a00, 0x000078e2e01f6b28] Compiler: c1, Barriers: 1, Oops: 0, ImmediateOops: 1, NonImmediateOops: No
[2,254s][debug][gc,nmethod     ] Register NMethod: com.sun.org.apache.xerces.internal.dom.DocumentImpl.getImplementation (0x000078e2e01f6c08) [0x000078e2e01f6d00, 0x000078e2e01f6ea0] Compiler: c1, Barriers: 1, Oops: 0, ImmediateOops: 1, NonImmediateOops: No
[2,254s][debug][gc,nmethod     ] Register NMethod: com.sun.org.apache.xalan.internal.xsltc.compiler.util.Type.<init> (0x000078e2e01f6f08) [0x000078e2e01f7000, 0x000078e2e01f7158] Compiler: c1, Barriers: 0, Oops: 0, ImmediateOops: 0, NonImmediateOops: No
[2,255s][debug][gc,nmethod     ] Register NMethod: java.util.HashMap.clear (0x000078e2e01f7208) [0x000078e2e01f7300, 0x000078e2e01f77f0] Compiler: c1, Barriers: 4, Oops: 0, ImmediateOops: 0, NonImmediateOops: No
[2,255s][debug][gc,nmethod     ] Register NMethod: com.sun.org.apache.xerces.internal.util.PropertyState.<init> (0x000078e2e01f7808) [0x000078e2e01f7900, 0x000078e2e01f7b48] Compiler: c1, Barriers: 6, Oops: 0, ImmediateOops: 0, NonImmediateOops: No
[2,255s][debug][gc,nmethod     ] Register NMethod: com.sun.org.apache.xerces.internal.util.PropertyState.is (0x000078e2e01f7b88) [0x000078e2e01f7c80, 0x000078e2e01f7f68] Compiler: c1, Barriers: 6, Oops: 1, ImmediateOops: 1, NonImmediateOops: No
[2,255s][debug][gc,nmethod     ] Register NMethod: com.sun.org.apache.xerces.internal.util.URI.isPathCharacter (0x000078e2e01f7f88) [0x000078e2e01f8080, 0x000078e2e01f8210] Compiler: c1, Barriers: 0, Oops: 0, ImmediateOops: 1, NonImmediateOops: No
[2,255s][debug][gc,nmethod     ] Register NMethod: com.sun.org.apache.xerces.internal.util.ParserConfigurationSettings.getPropertyState (0x000078e2e01f8288) [0x000078e2e01f8380, 0x000078e2e01f8e58] Compiler: c1, Barriers: 8, Oops: 1, ImmediateOops: 1, NonImmediateOops: No
[2,255s][debug][gc,nmethod     ] Register NMethod: com.sun.org.apache.xerces.internal.util.FeatureState.<init> (0x000078e2e01f8e88) [0x000078e2e01f8f80, 0x000078e2e01f9158] Compiler: c1, Barriers: 3, Oops: 0, ImmediateOops: 0, NonImmediateOops: No
[2,255s][debug][gc,nmethod     ] Register NMethod: com.sun.org.apache.xerces.internal.parsers.XML11Configuration.getPropertyState (0x000078e2e01f9188) [0x000078e2e01f9280, 0x000078e2e01fa438] Compiler: c1, Barriers: 15, Oops: 1, ImmediateOops: 3, NonImmediateOops: No
[2,255s][debug][gc,nmethod     ] Register NMethod: com.sun.org.apache.xerces.internal.impl.XMLScanner.setProperty (0x000078e2e01fa488) [0x000078e2e01fa580, 0x000078e2e01fcab8] Compiler: c1, Barriers: 13, Oops: 1, ImmediateOops: 6, NonImmediateOops: No
[2,255s][debug][gc,nmethod     ] Register NMethod: com.sun.org.apache.xerces.internal.parsers.XIncludeAwareParserConfiguration.getFeatureState (0x000078e2e01fcb08) [0x000078e2e01fcc00, 0x000078e2e01fd638] Compiler: c1, Barriers: 6, Oops: 1, ImmediateOops: 4, NonImmediateOops: No
[2,255s][debug][gc,nmethod     ] Register NMethod: java.lang.StringBuffer.charAt (0x000078e2e01fd688) [0x000078e2e01fd780, 0x000078e2e01fda08] Compiler: c1, Barriers: 0, Oops: 0, ImmediateOops: 0, NonImmediateOops: No
[2,255s][debug][gc,nmethod     ] Register NMethod: java.util.Spliterators$IntArraySpliterator.characteristics (0x000078e2fed39d08) [0x000078e2fed39e00, 0x000078e2fed39ec0] Compiler: c1, Barriers: 0, Oops: 0, ImmediateOops: 0, NonImmediateOops: No
[2,255s][debug][gc,nmethod     ] Register NMethod: com.sun.java_cup.internal.runtime.lr_parser.get_reduce (0x000078e2e01fda88) [0x000078e2e01fdb80, 0x000078e2e01fded0] Compiler: c1, Barriers: 2, Oops: 0, ImmediateOops: 0, NonImmediateOops: No
[2,255s][debug][gc,nmethod     ] Register NMethod: com.sun.java_cup.internal.runtime.Symbol.<init> (0x000078e2e01fdf08) [0x000078e2e01fe000, 0x000078e2e01fe330] Compiler: c1, Barriers: 6, Oops: 0, ImmediateOops: 0, NonImmediateOops: No
[2,255s][debug][gc,nmethod     ] Register NMethod: java.util.ArrayList.indexOfRange (0x000078e2fed3a008) [0x000078e2fed3a100, 0x000078e2fed3a8c0] Compiler: jvmci, Barriers: 11, Oops: 0, ImmediateOops: 0, NonImmediateOops: No
[2,256s][debug][gc,nmethod     ] Register NMethod: com.sun.org.apache.xalan.internal.xsltc.compiler.XPathLexer.yy_advance (0x000078e2e01fe388) [0x000078e2e01fe480, 0x000078e2e01fec20] Compiler: c1, Barriers: 11, Oops: 0, ImmediateOops: 0, NonImmediateOops: No
[2,256s][debug][gc,nmethod     ] Register NMethod: com.sun.org.apache.bcel.internal.generic.FieldOrMethod.<init> (0x000078e2e01fec88) [0x000078e2e01fed80, 0x000078e2e01ff2c8] Compiler: c1, Barriers: 0, Oops: 0, ImmediateOops: 0, NonImmediateOops: No
[2,256s][debug][gc,nmethod     ] Register NMethod: com.sun.org.apache.xalan.internal.xsltc.compiler.XPathParser.do_action (0x000078e2e01ff308) [0x000078e2e01ff400, 0x000078e2e01ff730] Compiler: c1, Barriers: 1, Oops: 0, ImmediateOops: 0, NonImmediateOops: No
[2,256s][debug][gc,nmethod     ] Register NMethod: com.sun.org.apache.bcel.internal.generic.Type.getSize (0x000078e2e01ff788) [0x000078e2e01ff880, 0x000078e2e01ffa50] Compiler: c1, Barriers: 0, Oops: 0, ImmediateOops: 0, NonImmediateOops: No
[2,256s][debug][gc,nmethod     ] Register NMethod: com.sun.org.apache.bcel.internal.classfile.ConstantPool.<init> (0x000078e2e01ffa88) [0x000078e2e01ffb80, 0x000078e2e01ffd50] Compiler: c1, Barriers: 3, Oops: 0, ImmediateOops: 0, NonImmediateOops: No
[2,256s][debug][gc,nmethod     ] Register NMethod: com.sun.org.apache.bcel.internal.generic.ConstantPoolGen.getConstantPool (0x000078e2e01ffd88) [0x000078e2e01ffe80, 0x000078e2e0200138] Compiler: c1, Barriers: 4, Oops: 0, ImmediateOops: 0, NonImmediateOops: No
[2,256s][debug][gc,nmethod     ] Register NMethod: com.sun.org.apache.bcel.internal.generic.InvokeInstruction.<init> (0x000078e2e0200188) [0x000078e2e0200280, 0x000078e2e0200840] Compiler: c1, Barriers: 0, Oops: 0, ImmediateOops: 0, NonImmediateOops: No
[2,256s][debug][gc,nmethod     ] Register NMethod: com.sun.org.apache.bcel.internal.classfile.Utility.pathToPackage (0x000078e2e0200888) [0x000078e2e0200980, 0x000078e2e0200c60] Compiler: c1, Barriers: 0, Oops: 0, ImmediateOops: 0, NonImmediateOops: No
[2,256s][debug][gc,nmethod     ] Register NMethod: com.sun.org.apache.bcel.internal.generic.MethodGen.getInstructionList (0x000078e2fed3a908) [0x000078e2fed3aa00, 0x000078e2fed3aae8] Compiler: c1, Barriers: 1, Oops: 0, ImmediateOops: 0, NonImmediateOops: No
[2,256s][debug][gc,nmethod     ] Register NMethod: java.lang.StringBuilder.<init> (0x000078e2e0200c88) [0x000078e2e0200d80, 0x000078e2e0200eb0] Compiler: c1, Barriers: 0, Oops: 0, ImmediateOops: 0, NonImmediateOops: No
[2,256s][debug][gc,nmethod     ] Register NMethod: com.sun.org.apache.xalan.internal.xsltc.dom.MultiValuedNodeHeapIterator.heapify (0x000078e2fed3ac08) [0x000078e2fed3ad00, 0x000078e2fed3b270] Compiler: jvmci, Barriers: 14, Oops: 0, ImmediateOops: 0, NonImmediateOops: No
[2,256s][debug][gc,nmethod     ] Register NMethod: java.io.OutputStream.<init> (0x000078e2e0200f88) [0x000078e2e0201080, 0x000078e2e02011d8] Compiler: c1, Barriers: 0, Oops: 0, ImmediateOops: 0, NonImmediateOops: No
[2,257s][debug][gc,nmethod     ] Register NMethod: com.sun.org.apache.bcel.internal.classfile.ConstantUtf8.dump (0x000078e2e0201288) [0x000078e2e0201380, 0x000078e2e0201c28] Compiler: c1, Barriers: 2, Oops: 0, ImmediateOops: 0, NonImmediateOops: No
[2,257s][debug][gc,nmethod     ] Register NMethod: com.sun.org.apache.bcel.internal.generic.Type.encode (0x000078e2e0201c88) [0x000078e2e0201d80, 0x000078e2e0201e68] Compiler: c1, Barriers: 0, Oops: 0, ImmediateOops: 0, NonImmediateOops: No
[2,257s][debug][gc,nmethod     ] Register NMethod: java.lang.ThreadLocal$ThreadLocalMap.set (0x000078e2e0201f88) [0x000078e2e0202080, 0x000078e2e0203500] Compiler: c1, Barriers: 12, Oops: 0, ImmediateOops: 0, NonImmediateOops: No
[2,257s][debug][gc,nmethod     ] Register NMethod: com.sun.org.apache.bcel.internal.generic.Type.size (0x000078e2e0203508) [0x000078e2e0203600, 0x000078e2e02036e8] Compiler: c1, Barriers: 0, Oops: 0, ImmediateOops: 0, NonImmediateOops: No
[2,257s][debug][gc,nmethod     ] Register NMethod: com.sun.org.apache.bcel.internal.generic.InstructionList$1.hasNext (0x000078e2e0203808) [0x000078e2e0203900, 0x000078e2e0203a80] Compiler: c1, Barriers: 1, Oops: 0, ImmediateOops: 0, NonImmediateOops: No
[2,257s][debug][gc,nmethod     ] Register NMethod: com.sun.org.apache.bcel.internal.generic.BranchInstruction.getTarget (0x000078e2fed3b288) [0x000078e2fed3b380, 0x000078e2fed3b468] Compiler: c1, Barriers: 1, Oops: 0, ImmediateOops: 0, NonImmediateOops: No
[2,257s][debug][gc,nmethod     ] Register NMethod: com.sun.org.apache.xerces.internal.dom.NodeImpl.isOwned (0x000078e2fed3b588) [0x000078e2fed3b680, 0x000078e2fed3b720] Compiler: jvmci, Barriers: 0, Oops: 0, ImmediateOops: 0, NonImmediateOops: No
[2,257s][debug][gc,nmethod     ] Register NMethod: java.lang.Character.isWhitespace (0x000078e2e0203b08) [0x000078e2e0203c00, 0x000078e2e0203f88] Compiler: c1, Barriers: 0, Oops: 0, ImmediateOops: 0, NonImmediateOops: No
[2,257s][debug][gc,nmethod     ] Register NMethod: com.sun.org.apache.bcel.internal.generic.Type.getTypeSize (0x000078e2e0204008) [0x000078e2e0204100, 0x000078e2e0205b88] Compiler: c1, Barriers: 3, Oops: 1, ImmediateOops: 2, NonImmediateOops: No
[2,257s][debug][gc,nmethod     ] Register NMethod: java.util.regex.Pattern$BranchConn.study (0x000078e2e0205c08) [0x000078e2e0205d00, 0x000078e2e0205e10] Compiler: c1, Barriers: 0, Oops: 0, ImmediateOops: 0, NonImmediateOops: No
[2,257s][debug][gc,nmethod     ] Register NMethod: java.util.regex.Pattern$CharProperty.study (0x000078e2e0205f08) [0x000078e2e0206000, 0x000078e2e0206358] Compiler: c1, Barriers: 1, Oops: 0, ImmediateOops: 0, NonImmediateOops: No
[2,257s][debug][gc,nmethod     ] Register NMethod: java.util.regex.Pattern.Single (0x000078e2e0206388) [0x000078e2e0206480, 0x000078e2e02069a8] Compiler: c1, Barriers: 0, Oops: 1, ImmediateOops: 2, NonImmediateOops: No
[2,257s][debug][gc,nmethod     ] Register NMethod: java.util.regex.Pattern$$Lambda/0x00000000920b27a0.<init> (0x000078e2e0206a08) [0x000078e2e0206b00, 0x000078e2e0206c60] Compiler: c1, Barriers: 0, Oops: 0, ImmediateOops: 0, NonImmediateOops: No
[2,257s][debug][gc,nmethod     ] Register NMethod: com.sun.org.apache.bcel.internal.generic.LocalVariableGen.hashCode (0x000078e2e0206d08) [0x000078e2e0206e00, 0x000078e2e0207388] Compiler: c1, Barriers: 2, Oops: 0, ImmediateOops: 0, NonImmediateOops: No
[2,257s][debug][gc,nmethod     ] Register NMethod: java.lang.StringConcatHelper.stringSize (0x000078e2e0207408) [0x000078e2e0207500, 0x000078e2e0207768] Compiler: c1, Barriers: 0, Oops: 0, ImmediateOops: 1, NonImmediateOops: No
[2,258s][debug][gc,nmethod     ] Register NMethod: java.util.regex.Pattern.single (0x000078e2e0207788) [0x000078e2e0207880, 0x000078e2e0209160] Compiler: c1, Barriers: 0, Oops: 2, ImmediateOops: 4, NonImmediateOops: No
[2,258s][debug][gc,nmethod     ] Register NMethod: java.lang.StringConcatHelper.prepend (0x000078e2e0209188) [0x000078e2e0209280, 0x000078e2e020a1a8] Compiler: c1, Barriers: 2, Oops: 0, ImmediateOops: 0, NonImmediateOops: No
[2,258s][debug][gc,nmethod     ] Register NMethod: java.lang.ThreadLocal.set (0x000078e2e020a208) [0x000078e2e020a300, 0x000078e2e020a8c8] Compiler: c1, Barriers: 0, Oops: 0, ImmediateOops: 0, NonImmediateOops: No
[2,258s][debug][gc,nmethod     ] Register NMethod: com.sun.org.apache.bcel.internal.generic.INVOKEINTERFACE.<init> (0x000078e2e020a908) [0x000078e2e020aa00, 0x000078e2e020b128] Compiler: c1, Barriers: 0, Oops: 0, ImmediateOops: 0, NonImmediateOops: No
[2,258s][debug][gc,nmethod     ] Register NMethod: java.lang.ThreadLocal.set (0x000078e2e020b188) [0x000078e2e020b280, 0x000078e2e020b8e8] Compiler: c1, Barriers: 1, Oops: 0, ImmediateOops: 0, NonImmediateOops: No
[2,258s][debug][gc,nmethod     ] Register NMethod: com.sun.org.apache.xerces.internal.util.XMLChar.isValidNCName (0x000078e2fed3b888) [0x000078e2fed3b980, 0x000078e2fed3bbd8] Compiler: jvmci, Barriers: 1, Oops: 0, ImmediateOops: 1, NonImmediateOops: No
[2,258s][debug][gc,nmethod     ] Register NMethod: com.sun.org.apache.bcel.internal.generic.Type.getSignature (0x000078e2fed3bc08) [0x000078e2fed3bd00, 0x000078e2fed3bde8] Compiler: c1, Barriers: 1, Oops: 0, ImmediateOops: 0, NonImmediateOops: No
[2,258s][debug][gc,nmethod     ] Register NMethod: com.sun.org.apache.bcel.internal.generic.FieldOrMethod.getSignature (0x000078e2e020b908) [0x000078e2e020ba00, 0x000078e2e020cb38] Compiler: c1, Barriers: 5, Oops: 0, ImmediateOops: 1, NonImmediateOops: No
[2,258s][debug][gc,nmethod     ] Register NMethod: java.util.stream.AbstractPipeline.close (0x000078e2e020cb88) [0x000078e2e020cc80, 0x000078e2e020d1a0] Compiler: c1, Barriers: 11, Oops: 0, ImmediateOops: 0, NonImmediateOops: No
[2,258s][debug][gc,nmethod     ] Register NMethod: com.sun.org.apache.bcel.internal.generic.ConstantPoolGen.addInterfaceMethodref (0x000078e2e020d208) [0x000078e2e020d300, 0x000078e2e0211db8] Compiler: c1, Barriers: 11, Oops: 8, ImmediateOops: 19, NonImmediateOops: No
[2,258s][debug][gc,nmethod     ] Register NMethod: java.util.stream.AbstractPipeline.sequential (0x000078e2e0211e08) [0x000078e2e0211f00, 0x000078e2e0212038] Compiler: c1, Barriers: 1, Oops: 0, ImmediateOops: 0, NonImmediateOops: No
[2,258s][debug][gc,nmethod     ] Register NMethod: com.sun.org.apache.bcel.internal.generic.LocalVariableInstruction.dump (0x000078e2e0212108) [0x000078e2e0212200, 0x000078e2e0214298] Compiler: c1, Barriers: 6, Oops: 5, ImmediateOops: 4, NonImmediateOops: No
[2,258s][debug][gc,nmethod     ] Register NMethod: com.sun.org.apache.bcel.internal.generic.ConstantPoolGen.lookupInterfaceMethodref (0x000078e2e0214308) [0x000078e2e0214400, 0x000078e2e0218170] Compiler: c1, Barriers: 7, Oops: 7, ImmediateOops: 17, NonImmediateOops: No
[2,258s][debug][gc,nmethod     ] Register NMethod: java.util.ImmutableCollections$SetN.size (0x000078e2fed3bf08) [0x000078e2fed3c000, 0x000078e2fed3c0c0] Compiler: c1, Barriers: 0, Oops: 0, ImmediateOops: 0, NonImmediateOops: No
[2,258s][debug][gc,nmethod     ] Register NMethod: java.lang.WeakPairMap$Pair.hashCode (0x000078e2e0218208) [0x000078e2e0218300, 0x000078e2e0218450] Compiler: c1, Barriers: 0, Oops: 0, ImmediateOops: 0, NonImmediateOops: No
[2,259s][debug][gc,nmethod     ] Register NMethod: java.util.stream.ReferencePipeline$7$1FlatMap.accept (0x000078e2e0218508) [0x000078e2e0218600, 0x000078e2e021a6f8] Compiler: c1, Barriers: 4, Oops: 0, ImmediateOops: 1, NonImmediateOops: No
[2,259s][debug][gc,director    ] Rule Major: Warmup 10%, Used: 328MB, UsedThreshold: 1228MB
[2,259s][debug][gc,nmethod     ] Register NMethod: java.lang.String.lastIndexOf (0x000078e2fed3c208) [0x000078e2fed3c300, 0x000078e2fed3c5d8] Compiler: jvmci, Barriers: 1, Oops: 0, ImmediateOops: 0, NonImmediateOops: No
[2,259s][debug][gc,nmethod     ] Register NMethod: java.lang.ClassLoader.checkName (0x000078e2e021a708) [0x000078e2e021a800, 0x000078e2e021b6e0] Compiler: c1, Barriers: 3, Oops: 1, ImmediateOops: 2, NonImmediateOops: No
[2,259s][debug][gc,nmethod     ] Register NMethod: com.sun.org.apache.xerces.internal.dom.NodeImpl.changed (0x000078e2fed3c608) [0x000078e2fed3c700, 0x000078e2fed3c958] Compiler: jvmci, Barriers: 3, Oops: 0, ImmediateOops: 0, NonImmediateOops: No
[2,259s][debug][gc,nmethod     ] Register NMethod: com.sun.org.apache.xerces.internal.impl.XMLScanner.setFeature (0x000078e2e021b708) [0x000078e2e021b800, 0x000078e2e021bda8] Compiler: c1, Barriers: 0, Oops: 0, ImmediateOops: 2, NonImmediateOops: No
[2,259s][debug][gc,nmethod     ] Register NMethod: com.sun.org.apache.bcel.internal.generic.InstructionHandle.updatePosition (0x000078e2fed3c988) [0x000078e2fed3ca80, 0x000078e2fed3cb08] Compiler: jvmci, Barriers: 0, Oops: 0, ImmediateOops: 0, NonImmediateOops: No
[2,261s][debug][gc,nmethod     ] Register NMethod: die.verwandlung.GregorSamsa.template$dot$0 (0x000078e2e021be08) [0x000078e2e021bf00, 0x000078e2e021d8e8] Compiler: c1, Barriers: 4, Oops: 1, ImmediateOops: 0, NonImmediateOops: No
[2,261s][debug][gc,nmethod     ] Register NMethod: die.verwandlung.GregorSamsa$0.test (0x000078e2e021d908) [0x000078e2e021da00, 0x000078e2e021e3c0] Compiler: c1, Barriers: 1, Oops: 1, ImmediateOops: 0, NonImmediateOops: No
[2,261s][debug][gc,nmethod     ] Register NMethod: die.verwandlung.GregorSamsa.applyTemplates (0x000078e2e021e408) [0x000078e2e021e500, 0x000078e2e021fd60] Compiler: c1, Barriers: 0, Oops: 1, ImmediateOops: 0, NonImmediateOops: No
[2,262s][debug][gc,nmethod     ] Register NMethod: java.util.Spliterator.getExactSizeIfKnown (0x000078e2fed3cc88) [0x000078e2fed3cd80, 0x000078e2fed3cfc0] Compiler: jvmci, Barriers: 1, Oops: 0, ImmediateOops: 0, NonImmediateOops: No
[2,262s][debug][gc,nmethod     ] Register NMethod: java.util.regex.Pattern$Branch.match (0x000078e2fed3d008) [0x000078e2fed3d100, 0x000078e2fed3d6a8] Compiler: jvmci, Barriers: 6, Oops: 0, ImmediateOops: 0, NonImmediateOops: No
[2,262s][debug][gc,nmethod     ] Register NMethod: com.sun.org.apache.xerces.internal.dom.CoreDocumentImpl.checkDOMNSErr (0x000078e2e021fd88) [0x000078e2e021fe80, 0x000078e2e0220f10] Compiler: c1, Barriers: 0, Oops: 0, ImmediateOops: 12, NonImmediateOops: No
[2,263s][debug][gc,nmethod     ] Register NMethod: java.io.UnixFileSystem.isAbsolute (0x000078e2e0220f88) [0x000078e2e0221080, 0x000078e2e0221200] Compiler: c1, Barriers: 0, Oops: 0, ImmediateOops: 0, NonImmediateOops: No
[2,263s][debug][gc,nmethod     ] Register NMethod: sun.net.util.IPAddressUtil.checkExternalForm (0x000078e2e0221288) [0x000078e2e0221380, 0x000078e2e0221a78] Compiler: c1, Barriers: 2, Oops: 0, ImmediateOops: 0, NonImmediateOops: No
[2,263s][debug][gc,nmethod     ] Register NMethod: com.sun.org.apache.xalan.internal.xsltc.compiler.Parser.initAttrTable (0x000078e2e0221a88) [0x000078e2e0221b80, 0x000078e2e0222138] Compiler: c1, Barriers: 2, Oops: 0, ImmediateOops: 2, NonImmediateOops: No
[2,263s][debug][gc,nmethod     ] Register NMethod: jdk.xml.internal.XMLSecurityManager.setLimit (0x000078e2e0222188) [0x000078e2e0222280, 0x000078e2e0222b00] Compiler: c1, Barriers: 11, Oops: 0, ImmediateOops: 1, NonImmediateOops: No
[2,263s][debug][gc,nmethod     ] Register NMethod: jdk.xml.internal.XMLSecurityManager.getPropertyConfig (0x000078e2e0222b08) [0x000078e2e0222c00, 0x000078e2e02238a8] Compiler: c1, Barriers: 2, Oops: 0, ImmediateOops: 2, NonImmediateOops: No
[2,263s][debug][gc,nmethod     ] Register NMethod: javax.xml.catalog.CatalogFeatures$Feature.getPropertyName (0x000078e2fed3d708) [0x000078e2fed3d800, 0x000078e2fed3d8e8] Compiler: c1, Barriers: 1, Oops: 0, ImmediateOops: 0, NonImmediateOops: No
[2,263s][debug][gc,nmethod     ] Register NMethod: com.sun.org.apache.xerces.internal.util.ParserConfigurationSettings.getProperty (0x000078e2e0223908) [0x000078e2e0223a00, 0x000078e2e02240a8] Compiler: c1, Barriers: 3, Oops: 0, ImmediateOops: 0, NonImmediateOops: No
[2,263s][debug][gc,nmethod     ] Register NMethod: com.sun.org.apache.xerces.internal.util.ParserConfigurationSettings.getFeature (0x000078e2e0224108) [0x000078e2e0224200, 0x000078e2e02247f8] Compiler: c1, Barriers: 1, Oops: 0, ImmediateOops: 0, NonImmediateOops: No
[2,263s][debug][gc,nmethod     ] Register NMethod: com.sun.org.apache.xalan.internal.xsltc.compiler.Parser.initStdClass (0x000078e2e0224808) [0x000078e2e0224900, 0x000078e2e02276e0] Compiler: c1, Barriers: 6, Oops: 4, ImmediateOops: 13, NonImmediateOops: No
[2,263s][debug][gc,nmethod     ] Register NMethod: com.sun.org.apache.xalan.internal.xsltc.compiler.QName.<init> (0x000078e2e0227708) [0x000078e2e0227800, 0x000078e2e022aaf8] Compiler: c1, Barriers: 17, Oops: 7, ImmediateOops: 15, NonImmediateOops: No
[2,264s][debug][gc,nmethod     ] Register NMethod: com.sun.org.apache.xalan.internal.xsltc.compiler.XPathLexer.yy_mark_end (0x000078e2e022ab88) [0x000078e2e022ac80, 0x000078e2e022ad88] Compiler: c1, Barriers: 0, Oops: 0, ImmediateOops: 0, NonImmediateOops: No
[2,264s][debug][gc,nmethod     ] Register NMethod: java.net.URL.<init> (0x000078e2e022ae88) [0x000078e2e022af80, 0x000078e2e0233cc8] Compiler: c1, Barriers: 38, Oops: 7, ImmediateOops: 15, NonImmediateOops: No
[2,264s][debug][gc,nmethod     ] Register NMethod: com.sun.org.apache.bcel.internal.generic.InstructionList.getEnd (0x000078e2fed3da08) [0x000078e2fed3db00, 0x000078e2fed3dbe8] Compiler: c1, Barriers: 1, Oops: 0, ImmediateOops: 0, NonImmediateOops: No
[2,264s][debug][gc,nmethod     ] Register NMethod: com.sun.org.apache.bcel.internal.generic.LocalVariableInstruction.<init> (0x000078e2e0233d08) [0x000078e2e0233e00, 0x000078e2e02341f0] Compiler: c1, Barriers: 0, Oops: 0, ImmediateOops: 0, NonImmediateOops: No
[2,264s][debug][gc,nmethod     ] Register NMethod: com.sun.org.apache.bcel.internal.generic.LocalVariableGen.getStart (0x000078e2fed3dd08) [0x000078e2fed3de00, 0x000078e2fed3dee8] Compiler: c1, Barriers: 1, Oops: 0, ImmediateOops: 0, NonImmediateOops: No
[2,264s][debug][gc,nmethod     ] Register NMethod: com.sun.org.apache.bcel.internal.generic.LocalVariableGen.getEnd (0x000078e2fed3e008) [0x000078e2fed3e100, 0x000078e2fed3e1e8] Compiler: c1, Barriers: 1, Oops: 0, ImmediateOops: 0, NonImmediateOops: No
[2,264s][debug][gc,nmethod     ] Register NMethod: com.sun.org.apache.bcel.internal.generic.LocalVariableInstruction.setIndex (0x000078e2e0234208) [0x000078e2e0234300, 0x000078e2e0234808] Compiler: c1, Barriers: 0, Oops: 0, ImmediateOops: 0, NonImmediateOops: No
[2,264s][debug][gc,nmethod     ] Register NMethod: com.sun.org.apache.bcel.internal.generic.ClassGen.getConstantPool (0x000078e2fed3e308) [0x000078e2fed3e400, 0x000078e2fed3e4e8] Compiler: c1, Barriers: 1, Oops: 0, ImmediateOops: 0, NonImmediateOops: No
[2,264s][debug][gc,nmethod     ] Register NMethod: com.sun.org.apache.bcel.internal.generic.LocalVariableGen.setEnd (0x000078e2e0234888) [0x000078e2e0234980, 0x000078e2e02359a0] Compiler: c1, Barriers: 13, Oops: 0, ImmediateOops: 0, NonImmediateOops: No
[2,264s][debug][gc,nmethod     ] Register NMethod: com.sun.org.apache.bcel.internal.generic.LocalVariableGen.setStart (0x000078e2e0235a08) [0x000078e2e0235b00, 0x000078e2e0236b20] Compiler: c1, Barriers: 13, Oops: 0, ImmediateOops: 0, NonImmediateOops: No
[2,264s][debug][gc,nmethod     ] Register NMethod: java.util.stream.StreamSupport.stream (0x000078e2fed3e608) [0x000078e2fed3e720, 0x000078e2fed3eaf8] Compiler: jvmci, Barriers: 8, Oops: 1, ImmediateOops: 0, NonImmediateOops: No
[2,264s][debug][gc,nmethod     ] Register NMethod: com.sun.org.apache.bcel.internal.generic.ConstantPoolGen.lookupClass (0x000078e2e0236b88) [0x000078e2e0236c80, 0x000078e2e0237748] Compiler: c1, Barriers: 1, Oops: 0, ImmediateOops: 0, NonImmediateOops: No
[2,265s][debug][gc,nmethod     ] Register NMethod: com.sun.org.apache.bcel.internal.generic.LocalVariableGen.equals (0x000078e2e0237788) [0x000078e2e0237880, 0x000078e2e0237f60] Compiler: c1, Barriers: 4, Oops: 0, ImmediateOops: 0, NonImmediateOops: No
[2,265s][debug][gc,nmethod     ] Register NMethod: java.util.Arrays.copyOfRange (0x000078e2e0237f88) [0x000078e2e0238080, 0x000078e2e02383a8] Compiler: c1, Barriers: 1, Oops: 0, ImmediateOops: 0, NonImmediateOops: No
[2,265s][debug][gc,nmethod     ] Register NMethod: java.util.regex.Pattern$Node.study (0x000078e2e0238408) [0x000078e2e0238500, 0x000078e2e02388a0] Compiler: c1, Barriers: 1, Oops: 0, ImmediateOops: 0, NonImmediateOops: No
[2,265s][debug][gc,nmethod     ] Register NMethod: com.sun.org.apache.bcel.internal.generic.ObjectType.hashCode (0x000078e2e0238908) [0x000078e2e0238a00, 0x000078e2e0238d30] Compiler: c1, Barriers: 1, Oops: 0, ImmediateOops: 0, NonImmediateOops: No
[2,265s][debug][gc,nmethod     ] Register NMethod: java.util.regex.Pattern$Branch.add (0x000078e2e0238d88) [0x000078e2e0238e80, 0x000078e2e0239498] Compiler: c1, Barriers: 8, Oops: 0, ImmediateOops: 0, NonImmediateOops: No
[2,265s][debug][gc,nmethod     ] Register NMethod: com.sun.org.apache.bcel.internal.generic.FieldGenOrMethodGen.getConstantPool (0x000078e2fed3eb08) [0x000078e2fed3ec00, 0x000078e2fed3ece8] Compiler: c1, Barriers: 1, Oops: 0, ImmediateOops: 0, NonImmediateOops: No
[2,265s][debug][gc,nmethod     ] Register NMethod: com.sun.org.apache.bcel.internal.generic.BranchInstruction.getTargetOffset (0x000078e2e0239508) [0x000078e2e0239600, 0x000078e2e0239930] Compiler: c1, Barriers: 1, Oops: 0, ImmediateOops: 0, NonImmediateOops: No
[2,265s][debug][gc,nmethod     ] Register NMethod: com.sun.org.apache.bcel.internal.generic.BranchHandle.updatePosition (0x000078e2e0239988) [0x000078e2e0239a80, 0x000078e2e0239ff0] Compiler: c1, Barriers: 2, Oops: 0, ImmediateOops: 0, NonImmediateOops: No
[2,265s][debug][gc,nmethod     ] Register NMethod: com.sun.org.apache.bcel.internal.generic.LocalVariableGen.getType (0x000078e2fed3ee08) [0x000078e2fed3ef00, 0x000078e2fed3efe8] Compiler: c1, Barriers: 1, Oops: 0, ImmediateOops: 0, NonImmediateOops: No
[2,266s][debug][gc,nmethod     ] Register NMethod: java.util.regex.Pattern.atom (0x000078e2e023a008) [0x000078e2e023a100, 0x000078e2e023b6e8] Compiler: c1, Barriers: 5, Oops: 0, ImmediateOops: 0, NonImmediateOops: No
[2,266s][debug][gc,nmethod     ] Register NMethod: com.sun.org.apache.bcel.internal.classfile.AccessFlags.getAccessFlags (0x000078e2fed3f108) [0x000078e2fed3f200, 0x000078e2fed3f2c0] Compiler: c1, Barriers: 0, Oops: 0, ImmediateOops: 0, NonImmediateOops: No
[2,266s][debug][gc,nmethod     ] Register NMethod: jdk.internal.util.ByteArray.setInt (0x000078e2e023b708) [0x000078e2e023b800, 0x000078e2e023c118] Compiler: c1, Barriers: 0, Oops: 5, ImmediateOops: 4, NonImmediateOops: No
[2,266s][debug][gc,nmethod     ] Register NMethod: java.util.Spliterators.spliterator (0x000078e2e023c188) [0x000078e2e023c280, 0x000078e2e023c770] Compiler: c1, Barriers: 0, Oops: 0, ImmediateOops: 0, NonImmediateOops: No
[2,266s][debug][gc,nmethod     ] Register NMethod: java.io.DataOutputStream.writeInt (0x000078e2e023c788) [0x000078e2e023c880, 0x000078e2e023d578] Compiler: c1, Barriers: 3, Oops: 5, ImmediateOops: 4, NonImmediateOops: No
[2,266s][debug][gc,nmethod     ] Register NMethod: java.util.Iterator.forEachRemaining (0x000078e2e023d608) [0x000078e2e023d700, 0x000078e2e023dff8] Compiler: c1, Barriers: 0, Oops: 0, ImmediateOops: 0, NonImmediateOops: No
[2,266s][debug][gc,nmethod     ] Register NMethod: java.util.stream.AbstractPipeline.isShortCircuitingPipeline (0x000078e2e023e008) [0x000078e2e023e100, 0x000078e2e023e608] Compiler: c1, Barriers: 3, Oops: 1, ImmediateOops: 1, NonImmediateOops: No
[2,266s][debug][gc,nmethod     ] Register NMethod: java.util.stream.ReferencePipeline.flatMap (0x000078e2e023e688) [0x000078e2e023e780, 0x000078e2e023ec90] Compiler: c1, Barriers: 3, Oops: 1, ImmediateOops: 0, NonImmediateOops: No
[2,266s][debug][gc,nmethod     ] Register NMethod: java.util.stream.ReferencePipeline$7.<init> (0x000078e2e023ed08) [0x000078e2e023ee00, 0x000078e2e023f1e0] Compiler: c1, Barriers: 3, Oops: 0, ImmediateOops: 0, NonImmediateOops: No
[2,266s][debug][gc,nmethod     ] Register NMethod: com.sun.org.apache.bcel.internal.generic.BranchInstruction.getTargetOffset (0x000078e2e023f208) [0x000078e2e023f300, 0x000078e2e0247158] Compiler: c1, Barriers: 11, Oops: 15, ImmediateOops: 42, NonImmediateOops: No
[2,266s][debug][gc,nmethod     ] Register NMethod: java.util.stream.ReferencePipeline$7.opWrapSink (0x000078e2e0247208) [0x000078e2e0247300, 0x000078e2e02478b8] Compiler: c1, Barriers: 7, Oops: 0, ImmediateOops: 0, NonImmediateOops: No
[2,266s][debug][gc,nmethod     ] Register NMethod: com.sun.org.apache.bcel.internal.util.Args.requireU2 (0x000078e2e0247908) [0x000078e2e0247a00, 0x000078e2e024cd50] Compiler: c1, Barriers: 52, Oops: 3, ImmediateOops: 10, NonImmediateOops: No
[2,266s][debug][gc,nmethod     ] Register NMethod: java.util.stream.ReferencePipeline$7$1FlatMap.begin (0x000078e2e024cd88) [0x000078e2e024ce80, 0x000078e2e024d1c0] Compiler: c1, Barriers: 1, Oops: 0, ImmediateOops: 0, NonImmediateOops: No
[2,266s][debug][gc,nmethod     ] Register NMethod: java.util.stream.ReferencePipeline$7$1FlatMap.end (0x000078e2e024d208) [0x000078e2e024d300, 0x000078e2e024d640] Compiler: c1, Barriers: 1, Oops: 0, ImmediateOops: 0, NonImmediateOops: No
[2,267s][debug][gc,nmethod     ] Register NMethod: java.util.Spliterators$IteratorSpliterator.<init> (0x000078e2e024d688) [0x000078e2e024d780, 0x000078e2e024da20] Compiler: c1, Barriers: 6, Oops: 0, ImmediateOops: 0, NonImmediateOops: No
[2,267s][debug][gc,nmethod     ] Register NMethod: java.util.stream.ReferencePipeline$7$1FlatMap.<init> (0x000078e2e024da88) [0x000078e2e024db80, 0x000078e2e024df18] Compiler: c1, Barriers: 6, Oops: 0, ImmediateOops: 0, NonImmediateOops: No
[2,267s][debug][gc,nmethod     ] Register NMethod: java.util.Spliterators$IteratorSpliterator.estimateSize (0x000078e2e024df88) [0x000078e2e024e080, 0x000078e2e024e708] Compiler: c1, Barriers: 6, Oops: 0, ImmediateOops: 0, NonImmediateOops: No
[2,267s][debug][gc,nmethod     ] Register NMethod: java.lang.module.Resolver$$Lambda/0x00000000923129a0.apply (0x000078e2e024e788) [0x000078e2e024e880, 0x000078e2e024ebf0] Compiler: c1, Barriers: 1, Oops: 0, ImmediateOops: 0, NonImmediateOops: No
[2,267s][debug][gc,nmethod     ] Register NMethod: java.util.stream.Streams$AbstractStreamBuilderImpl.characteristics (0x000078e2fed3f408) [0x000078e2fed3f500, 0x000078e2fed3f5c0] Compiler: c1, Barriers: 0, Oops: 0, ImmediateOops: 0, NonImmediateOops: No
[2,267s][debug][gc,nmethod     ] Register NMethod: java.lang.module.Resolver$$Lambda/0x0000000092313098.<init> (0x000078e2e024ec08) [0x000078e2e024ed00, 0x000078e2e024eed0] Compiler: c1, Barriers: 3, Oops: 0, ImmediateOops: 0, NonImmediateOops: No
[2,267s][debug][gc,nmethod     ] Register NMethod: java.lang.module.Resolver$$Lambda/0x0000000092312e48.<init> (0x000078e2e024ef08) [0x000078e2e024f000, 0x000078e2e024f1d0] Compiler: c1, Barriers: 3, Oops: 0, ImmediateOops: 0, NonImmediateOops: No
[2,267s][debug][gc,nmethod     ] Register NMethod: java.util.stream.Collectors$$Lambda/0x0000000092056998.accept (0x000078e2e024f208) [0x000078e2e024f300, 0x000078e2e024fab0] Compiler: c1, Barriers: 1, Oops: 0, ImmediateOops: 1, NonImmediateOops: No
[2,267s][debug][gc,nmethod     ] Register NMethod: java.lang.module.Resolver.lambda$makeGraph$1 (0x000078e2e024fb08) [0x000078e2e024fc00, 0x000078e2e0251610] Compiler: c1, Barriers: 9, Oops: 3, ImmediateOops: 4, NonImmediateOops: No
[2,267s][debug][gc,nmethod     ] Register NMethod: jdk.xml.internal.XMLSecurityManager.setLimit (0x000078e2e0251688) [0x000078e2e0251780, 0x000078e2e02520b0] Compiler: c1, Barriers: 1, Oops: 0, ImmediateOops: 0, NonImmediateOops: No
[2,269s][debug][gc,director    ] Rule Major: Warmup 10%, Used: 330MB, UsedThreshold: 1228MB
[2,269s][debug][gc,nmethod     ] Register NMethod: die.verwandlung.GregorSamsa.template$dot$0 (0x000078e2e0252108) [0x000078e2e0252200, 0x000078e2e0253be8] Compiler: c1, Barriers: 4, Oops: 1, ImmediateOops: 0, NonImmediateOops: No
[2,269s][debug][gc,nmethod     ] Register NMethod: die.verwandlung.GregorSamsa$0.test (0x000078e2e0253c08) [0x000078e2e0253d00, 0x000078e2e02546c0] Compiler: c1, Barriers: 1, Oops: 1, ImmediateOops: 0, NonImmediateOops: No
[2,269s][debug][gc,nmethod     ] Register NMethod: die.verwandlung.GregorSamsa.applyTemplates (0x000078e2e0254708) [0x000078e2e0254800, 0x000078e2e0256060] Compiler: c1, Barriers: 0, Oops: 1, ImmediateOops: 0, NonImmediateOops: No
[2,271s][debug][gc,nmethod     ] Register NMethod: com.sun.org.apache.xerces.internal.impl.XMLEntityScanner.skipSpaces (0x000078e2fed3f708) [0x000078e2fed3f800, 0x000078e2fed3fd90] Compiler: jvmci, Barriers: 4, Oops: 0, ImmediateOops: 2, NonImmediateOops: No
[2,272s][debug][gc,nmethod     ] Register NMethod: com.sun.org.apache.bcel.internal.generic.InstructionHandle.setPrev (0x000078e2fed3fe08) [0x000078e2fed3ff00, 0x000078e2fed3fff0] Compiler: jvmci, Barriers: 3, Oops: 0, ImmediateOops: 0, NonImmediateOops: No
[2,272s][debug][gc,nmethod     ] Register NMethod: java.lang.StringBuffer.length (0x000078e2fed40108) [0x000078e2fed40200, 0x000078e2fed40408] Compiler: c1, Barriers: 0, Oops: 0, ImmediateOops: 0, NonImmediateOops: No
[2,273s][debug][gc,nmethod     ] Register NMethod: java.lang.StringBuffer.append (0x000078e2e0256088) [0x000078e2e0256180, 0x000078e2e0256498] Compiler: c1, Barriers: 3, Oops: 0, ImmediateOops: 0, NonImmediateOops: No
[2,273s][debug][gc,nmethod     ] Register NMethod: org.custommonkey.xmlunit.XpathNodeTracker$Int.getValue (0x000078e2fed40488) [0x000078e2fed40580, 0x000078e2fed40640] Compiler: c1, Barriers: 0, Oops: 1, ImmediateOops: 0, NonImmediateOops: No
[2,273s][debug][gc,nmethod     ] Register NMethod: java.lang.StringBuffer.append (0x000078e2e0256508) [0x000078e2e0256600, 0x000078e2e0256918] Compiler: c1, Barriers: 3, Oops: 0, ImmediateOops: 0, NonImmediateOops: No
[2,273s][debug][gc,nmethod     ] Register NMethod: org.custommonkey.xmlunit.XpathNodeTracker$TrackingEntry.lookup (0x000078e2e0256988) [0x000078e2e0256a80, 0x000078e2e0256fc8] Compiler: c1, Barriers: 1, Oops: 1, ImmediateOops: 0, NonImmediateOops: No
[2,273s][debug][gc,nmethod     ] Register NMethod: org.custommonkey.xmlunit.XpathNodeTracker$TrackingEntry.appendEntryTo (0x000078e2e0257008) [0x000078e2e0257100, 0x000078e2e0259ec0] Compiler: c1, Barriers: 31, Oops: 5, ImmediateOops: 5, NonImmediateOops: No
[2,273s][debug][gc,nmethod     ] Register NMethod: java.lang.StringBuffer.<init> (0x000078e2e0259f08) [0x000078e2e025a000, 0x000078e2e025a138] Compiler: c1, Barriers: 0, Oops: 0, ImmediateOops: 0, NonImmediateOops: No
[2,273s][debug][gc,nmethod     ] Register NMethod: org.custommonkey.xmlunit.Difference.getDescription (0x000078e2fed40788) [0x000078e2fed40880, 0x000078e2fed40968] Compiler: c1, Barriers: 1, Oops: 1, ImmediateOops: 0, NonImmediateOops: No
[2,273s][debug][gc,nmethod     ] Register NMethod: org.custommonkey.xmlunit.Difference.getId (0x000078e2fed40a88) [0x000078e2fed40b80, 0x000078e2fed40c40] Compiler: c1, Barriers: 0, Oops: 1, ImmediateOops: 0, NonImmediateOops: No
[2,273s][debug][gc,nmethod     ] Register NMethod: org.custommonkey.xmlunit.NodeDetail.<init> (0x000078e2e025a208) [0x000078e2e025a300, 0x000078e2e025a5c0] Compiler: c1, Barriers: 9, Oops: 1, ImmediateOops: 0, NonImmediateOops: No
[2,273s][debug][gc,nmethod     ] Register NMethod: java.lang.StringBuffer.toString (0x000078e2e025a608) [0x000078e2e025a700, 0x000078e2e025b008] Compiler: c1, Barriers: 4, Oops: 0, ImmediateOops: 1, NonImmediateOops: No
[2,273s][debug][gc,nmethod     ] Register NMethod: org.custommonkey.xmlunit.XpathNodeTracker.toXpathString (0x000078e2e025b088) [0x000078e2e025b180, 0x000078e2e025c060] Compiler: c1, Barriers: 1, Oops: 1, ImmediateOops: 0, NonImmediateOops: No
[2,273s][debug][gc,nmethod     ] Register NMethod: org.custommonkey.xmlunit.Difference.isRecoverable (0x000078e2fed40d88) [0x000078e2fed40e80, 0x000078e2fed40f40] Compiler: c1, Barriers: 0, Oops: 1, ImmediateOops: 0, NonImmediateOops: No
[2,274s][debug][gc,nmethod     ] Register NMethod: org.custommonkey.xmlunit.XMLUnit.getIgnoreComments (0x000078e2e025c088) [0x000078e2e025c180, 0x000078e2e025c278] Compiler: c1, Barriers: 0, Oops: 1, ImmediateOops: 1, NonImmediateOops: No
[2,274s][debug][gc,nmethod     ] Register NMethod: org.custommonkey.xmlunit.Difference.<init> (0x000078e2e025c388) [0x000078e2e025c480, 0x000078e2e025c760] Compiler: c1, Barriers: 9, Oops: 1, ImmediateOops: 0, NonImmediateOops: No
[2,274s][debug][gc,nmethod     ] Register NMethod: org.custommonkey.xmlunit.DifferenceEngine.compare (0x000078e2e025c788) [0x000078e2e025c880, 0x000078e2e025ca40] Compiler: c1, Barriers: 2, Oops: 1, ImmediateOops: 0, NonImmediateOops: No
[2,274s][debug][gc,nmethod     ] Register NMethod: org.custommonkey.xmlunit.DifferenceEngine.unequal (0x000078e2e025ca88) [0x000078e2e025cb80, 0x000078e2e025cd50] Compiler: c1, Barriers: 0, Oops: 1, ImmediateOops: 0, NonImmediateOops: No
[2,274s][debug][gc,nmethod     ] Register NMethod: org.custommonkey.xmlunit.Difference.<init> (0x000078e2e025cd88) [0x000078e2e025ce80, 0x000078e2e025d330] Compiler: c1, Barriers: 16, Oops: 1, ImmediateOops: 0, NonImmediateOops: No
[2,274s][debug][gc,nmethod     ] Register NMethod: org.custommonkey.xmlunit.XMLUnit.getIgnoreWhitespace (0x000078e2e025d388) [0x000078e2e025d480, 0x000078e2e025d578] Compiler: c1, Barriers: 0, Oops: 1, ImmediateOops: 1, NonImmediateOops: No
[2,274s][debug][gc,nmethod     ] Register NMethod: org.custommonkey.xmlunit.DifferenceEngine.compare (0x000078e2e025d688) [0x000078e2e025d780, 0x000078e2e025ef10] Compiler: c1, Barriers: 30, Oops: 1, ImmediateOops: 3, NonImmediateOops: No
[2,274s][debug][gc,nmethod     ] Register NMethod: java.lang.Integer.toString (0x000078e2e025ef88) [0x000078e2e025f080, 0x000078e2e025f400] Compiler: c1, Barriers: 3, Oops: 0, ImmediateOops: 0, NonImmediateOops: No
[2,274s][debug][gc,nmethod     ] Register NMethod: org.custommonkey.xmlunit.XpathNodeTracker$TrackingEntry.clearTrackedAttribute (0x000078e2e025f408) [0x000078e2e025f500, 0x000078e2e025f680] Compiler: c1, Barriers: 3, Oops: 1, ImmediateOops: 0, NonImmediateOops: No
[2,274s][debug][gc,nmethod     ] Register NMethod: com.sun.org.apache.xerces.internal.dom.AttrNSImpl.getPrefix (0x000078e2e025f708) [0x000078e2e025f800, 0x000078e2e0260268] Compiler: c1, Barriers: 2, Oops: 0, ImmediateOops: 0, NonImmediateOops: No
[2,275s][debug][gc,nmethod     ] Register NMethod: org.custommonkey.xmlunit.DifferenceEngine.unequalNotNull (0x000078e2e0260288) [0x000078e2e0260380, 0x000078e2e0261fe0] Compiler: c1, Barriers: 4, Oops: 1, ImmediateOops: 3, NonImmediateOops: No
[2,275s][debug][gc,nmethod     ] Register NMethod: java.lang.Integer.toString (0x000078e2e0262008) [0x000078e2e0262100, 0x000078e2e0262230] Compiler: c1, Barriers: 0, Oops: 0, ImmediateOops: 0, NonImmediateOops: No
[2,275s][debug][gc,nmethod     ] Register NMethod: org.custommonkey.xmlunit.XpathNodeTracker.visited (0x000078e2e0262308) [0x000078e2e0262400, 0x000078e2e0264cd0] Compiler: c1, Barriers: 10, Oops: 4, ImmediateOops: 3, NonImmediateOops: No
[2,275s][debug][gc,nmethod     ] Register NMethod: org.custommonkey.xmlunit.DifferenceEngine.isXMLNSAttribute (0x000078e2e0264d08) [0x000078e2e0264e00, 0x000078e2e0265c88] Compiler: c1, Barriers: 1, Oops: 2, ImmediateOops: 2, NonImmediateOops: No
[2,275s][debug][gc,nmethod     ] Register NMethod: com.sun.org.apache.xerces.internal.dom.AttrImpl.getName (0x000078e2e0265d08) [0x000078e2e0265e00, 0x000078e2e02663d0] Compiler: c1, Barriers: 1, Oops: 0, ImmediateOops: 0, NonImmediateOops: No
[2,275s][debug][gc,nmethod     ] Register NMethod: java.lang.String.valueOf (0x000078e2e0266408) [0x000078e2e0266500, 0x000078e2e0266658] Compiler: c1, Barriers: 0, Oops: 0, ImmediateOops: 2, NonImmediateOops: No
[2,275s][debug][gc,nmethod     ] Register NMethod: java.lang.Boolean.toString (0x000078e2e0266708) [0x000078e2e0266800, 0x000078e2e02669d8] Compiler: c1, Barriers: 0, Oops: 0, ImmediateOops: 2, NonImmediateOops: No
[2,276s][debug][gc,nmethod     ] Register NMethod: com.sun.org.apache.xerces.internal.dom.ParentNode.hasChildNodes (0x000078e2e0266a08) [0x000078e2e0266b00, 0x000078e2e0267120] Compiler: c1, Barriers: 1, Oops: 0, ImmediateOops: 0, NonImmediateOops: No
[2,276s][debug][gc,nmethod     ] Register NMethod: org.custommonkey.xmlunit.DifferenceEngine.getUnNamespacedNodeName (0x000078e2e0267188) [0x000078e2e0267280, 0x000078e2e02677e0] Compiler: c1, Barriers: 0, Oops: 1, ImmediateOops: 0, NonImmediateOops: No
[2,276s][debug][gc,nmethod     ] Register NMethod: org.custommonkey.xmlunit.DifferenceEngine.isNamespaced (0x000078e2e0267808) [0x000078e2e0267900, 0x000078e2e0268120] Compiler: c1, Barriers: 1, Oops: 1, ImmediateOops: 0, NonImmediateOops: No
[2,276s][debug][gc,nmethod     ] Register NMethod: com.sun.org.apache.xml.internal.serializer.NamespaceMappings.pushNamespace (0x000078e2fed41088) [0x000078e2fed41180, 0x000078e2fed42928] Compiler: jvmci, Barriers: 25, Oops: 0, ImmediateOops: 0, NonImmediateOops: No
[2,276s][debug][gc,nmethod     ] Register NMethod: java.lang.String.endsWith (0x000078e2fed42988) [0x000078e2fed42a80, 0x000078e2fed42d80] Compiler: jvmci, Barriers: 2, Oops: 0, ImmediateOops: 0, NonImmediateOops: No
[2,276s][debug][gc,nmethod     ] Register NMethod: org.custommonkey.xmlunit.DifferenceEngine.nodeList2List (0x000078e2e0268188) [0x000078e2e0268280, 0x000078e2e02690b8] Compiler: c1, Barriers: 4, Oops: 1, ImmediateOops: 1, NonImmediateOops: No
[2,276s][debug][gc,nmethod     ] Register NMethod: org.custommonkey.xmlunit.DifferenceEngine.isRecognizedXMLSchemaInstanceAttribute (0x000078e2e0269108) [0x000078e2e0269200, 0x000078e2e0269f90] Compiler: c1, Barriers: 0, Oops: 4, ImmediateOops: 3, NonImmediateOops: No
[2,276s][debug][gc,nmethod     ] Register NMethod: java.util.ArrayList.remove (0x000078e2e026a008) [0x000078e2e026a100, 0x000078e2e026a388] Compiler: c1, Barriers: 2, Oops: 0, ImmediateOops: 0, NonImmediateOops: No
[2,277s][debug][gc,nmethod     ] Register NMethod: org.custommonkey.xmlunit.XpathNodeTracker$TrackingEntry.trackNode (0x000078e2e026a408) [0x000078e2e026a500, 0x000078e2e026bee0] Compiler: c1, Barriers: 13, Oops: 1, ImmediateOops: 0, NonImmediateOops: No
[2,277s][debug][gc,nmethod     ] Register NMethod: java.lang.Integer.equals (0x000078e2e026bf08) [0x000078e2e026c000, 0x000078e2e026c788] Compiler: c1, Barriers: 0, Oops: 0, ImmediateOops: 0, NonImmediateOops: No
[2,277s][debug][gc,nmethod     ] Register NMethod: com.sun.org.apache.xerces.internal.dom.NodeImpl.hasChildNodes (0x000078e2fed42d88) [0x000078e2fed42e80, 0x000078e2fed42f40] Compiler: c1, Barriers: 0, Oops: 0, ImmediateOops: 0, NonImmediateOops: No
[2,277s][debug][gc,nmethod     ] Register NMethod: org.custommonkey.xmlunit.DifferenceEngine.getUnNamespacedNodeName (0x000078e2e026c808) [0x000078e2e026c900, 0x000078e2e026d648] Compiler: c1, Barriers: 1, Oops: 1, ImmediateOops: 0, NonImmediateOops: No
[2,277s][debug][gc,nmethod     ] Register NMethod: java.lang.Short.toString (0x000078e2e026d688) [0x000078e2e026d780, 0x000078e2e026d8b8] Compiler: c1, Barriers: 0, Oops: 0, ImmediateOops: 0, NonImmediateOops: No
[2,277s][debug][gc,nmethod     ] Register NMethod: org.custommonkey.xmlunit.XpathNodeTracker$TrackingEntry.<init> (0x000078e2e026d988) [0x000078e2e026da80, 0x000078e2e026de58] Compiler: c1, Barriers: 6, Oops: 1, ImmediateOops: 0, NonImmediateOops: No
[2,277s][debug][gc,nmethod     ] Register NMethod: org.custommonkey.xmlunit.XpathNodeTracker$TrackingEntry.<init> (0x000078e2e026de88) [0x000078e2e026df80, 0x000078e2e026e3b0] Compiler: c1, Barriers: 6, Oops: 1, ImmediateOops: 0, NonImmediateOops: No
[2,278s][debug][gc,nmethod     ] Register NMethod: org.custommonkey.xmlunit.XpathNodeTracker.newLevel (0x000078e2e026e408) [0x000078e2e026e500, 0x000078e2e026ec28] Compiler: c1, Barriers: 7, Oops: 1, ImmediateOops: 0, NonImmediateOops: No
[2,278s][debug][gc,nmethod     ] Register NMethod: java.lang.Short.equals (0x000078e2e026ec88) [0x000078e2e026ed80, 0x000078e2e026f510] Compiler: c1, Barriers: 0, Oops: 0, ImmediateOops: 0, NonImmediateOops: No
[2,278s][debug][gc,nmethod     ] Register NMethod: org.custommonkey.xmlunit.ElementNameQualifier.getNonNamespacedNodeName (0x000078e2e026f588) [0x000078e2e026f680, 0x000078e2e026fbe0] Compiler: c1, Barriers: 0, Oops: 1, ImmediateOops: 0, NonImmediateOops: No
[2,278s][debug][gc,nmethod     ] Register NMethod: org.custommonkey.xmlunit.DifferenceEngine.hasChildNodes (0x000078e2e026fc08) [0x000078e2e026fd00, 0x000078e2e02705c8] Compiler: c1, Barriers: 0, Oops: 1, ImmediateOops: 3, NonImmediateOops: No
[2,278s][debug][gc,nmethod     ] Register NMethod: org.custommonkey.xmlunit.XpathNodeTracker.outdent (0x000078e2e0270608) [0x000078e2e0270700, 0x000078e2e0271180] Compiler: c1, Barriers: 6, Oops: 1, ImmediateOops: 0, NonImmediateOops: No
[2,278s][debug][gc,nmethod     ] Register NMethod: org.custommonkey.xmlunit.XpathNodeTracker.indent (0x000078e2e0271208) [0x000078e2e0271300, 0x000078e2e0271d80] Compiler: c1, Barriers: 11, Oops: 1, ImmediateOops: 0, NonImmediateOops: No
[2,279s][debug][gc,director    ] Rule Major: Warmup 10%, Used: 334MB, UsedThreshold: 1228MB
[2,279s][debug][gc,nmethod     ] Register NMethod: org.custommonkey.xmlunit.XpathNodeTracker.clearTrackedAttribute (0x000078e2e0271e08) [0x000078e2e0271f00, 0x000078e2e0272300] Compiler: c1, Barriers: 4, Oops: 1, ImmediateOops: 0, NonImmediateOops: No
[2,279s][debug][gc,nmethod     ] Register NMethod: com.sun.org.apache.xerces.internal.dom.ElementNSImpl.getPrefix (0x000078e2e0272388) [0x000078e2e0272480, 0x000078e2e0272ee8] Compiler: c1, Barriers: 2, Oops: 0, ImmediateOops: 0, NonImmediateOops: No
[2,279s][debug][gc,nmethod     ] Register NMethod: org.custommonkey.xmlunit.XpathNodeTracker$TrackingEntry.trackNodesAsWellAsValues (0x000078e2e0272f08) [0x000078e2e0273000, 0x000078e2e0273328] Compiler: c1, Barriers: 3, Oops: 1, ImmediateOops: 0, NonImmediateOops: No
[2,279s][debug][gc,nmethod     ] Register NMethod: org.custommonkey.xmlunit.DifferenceEngine.getNonSpecialAttrLength (0x000078e2e0273388) [0x000078e2e0273480, 0x000078e2e0274f68] Compiler: c1, Barriers: 2, Oops: 2, ImmediateOops: 2, NonImmediateOops: No
[2,280s][debug][gc,nmethod     ] Register NMethod: com.sun.org.apache.xerces.internal.dom.NodeImpl.getNamespaceURI (0x000078e2fed43088) [0x000078e2fed43180, 0x000078e2fed43248] Compiler: c1, Barriers: 0, Oops: 0, ImmediateOops: 0, NonImmediateOops: No
[2,280s][debug][gc,nmethod     ] Register NMethod: com.sun.org.apache.xerces.internal.dom.NodeImpl.getPrefix (0x000078e2fed43388) [0x000078e2fed43480, 0x000078e2fed43548] Compiler: c1, Barriers: 0, Oops: 0, ImmediateOops: 0, NonImmediateOops: No
[2,280s][debug][gc,nmethod     ] Register NMethod: com.sun.org.apache.xml.internal.serializer.ToXMLSAXHandler.namespaceAfterStartElement (0x000078e2fed43688) [0x000078e2fed43780, 0x000078e2fed45158] Compiler: jvmci, Barriers: 25, Oops: 3, ImmediateOops: 8, NonImmediateOops: No
[2,280s][debug][gc,nmethod     ] Register NMethod: com.sun.org.apache.xerces.internal.dom.CharacterDataImpl$1.getLength (0x000078e2fed45188) [0x000078e2fed45280, 0x000078e2fed45340] Compiler: c1, Barriers: 0, Oops: 0, ImmediateOops: 0, NonImmediateOops: No
[2,280s][debug][gc,nmethod     ] Register NMethod: java.lang.String.getBytes (0x000078e2fed45488) [0x000078e2fed45580, 0x000078e2fed45920] Compiler: jvmci, Barriers: 1, Oops: 0, ImmediateOops: 0, NonImmediateOops: No
[2,280s][debug][gc,nmethod     ] Register NMethod: jdk.internal.util.DecimalDigits.uncheckedPutPairLatin1 (0x000078e2e0274f88) [0x000078e2e0275080, 0x000078e2e0275208] Compiler: c1, Barriers: 0, Oops: 0, ImmediateOops: 1, NonImmediateOops: No
[2,281s][debug][gc,nmethod     ] Register NMethod: jdk.internal.util.DecimalDigits.stringSize (0x000078e2fed45988) [0x000078e2fed45a80, 0x000078e2fed45c00] Compiler: jvmci, Barriers: 0, Oops: 0, ImmediateOops: 0, NonImmediateOops: No
[2,281s][debug][gc,nmethod     ] Register NMethod: org.custommonkey.xmlunit.XMLUnit.getIgnoreDiffBetweenTextAndCDATA (0x000078e2e0275288) [0x000078e2e0275380, 0x000078e2e0275478] Compiler: c1, Barriers: 0, Oops: 1, ImmediateOops: 1, NonImmediateOops: No
[2,281s][debug][gc,nmethod     ] Register NMethod: org.custommonkey.xmlunit.DifferenceEngine.compareHasChildNodes (0x000078e2e0275588) [0x000078e2e0275680, 0x000078e2e0275880] Compiler: c1, Barriers: 0, Oops: 1, ImmediateOops: 1, NonImmediateOops: No
[2,281s][debug][gc,nmethod     ] Register NMethod: org.custommonkey.xmlunit.DifferenceEngine.comparingTextAndCDATA (0x000078e2e0275908) [0x000078e2e0275a00, 0x000078e2e0275c68] Compiler: c1, Barriers: 0, Oops: 1, ImmediateOops: 1, NonImmediateOops: No
[2,281s][debug][gc,nmethod     ] Register NMethod: org.custommonkey.xmlunit.DifferenceEngine.isXMLSchemaTypeAttribute (0x000078e2e0275c88) [0x000078e2e0275d80, 0x000078e2e02766f8] Compiler: c1, Barriers: 0, Oops: 3, ImmediateOops: 2, NonImmediateOops: No
[2,281s][debug][gc,nmethod     ] Register NMethod: org.custommonkey.xmlunit.XMLUnit.getIgnoreAttributeOrder (0x000078e2e0276788) [0x000078e2e0276880, 0x000078e2e0276978] Compiler: c1, Barriers: 0, Oops: 1, ImmediateOops: 1, NonImmediateOops: No
[2,281s][debug][gc,nmethod     ] Register NMethod: org.custommonkey.xmlunit.DifferenceEngine.compareNodeBasics (0x000078e2e0276a88) [0x000078e2e0276b80, 0x000078e2e0278978] Compiler: c1, Barriers: 2, Oops: 1, ImmediateOops: 4, NonImmediateOops: No
[2,281s][debug][gc,nmethod     ] Register NMethod: org.custommonkey.xmlunit.DifferenceEngine.compareNodeChildren (0x000078e2e0278988) [0x000078e2e0278a80, 0x000078e2e027b590] Compiler: c1, Barriers: 0, Oops: 1, ImmediateOops: 1, NonImmediateOops: No
[2,282s][debug][gc,nmethod     ] Register NMethod: com.sun.org.apache.xerces.internal.dom.NamedNodeMapImpl.getNamedItem (0x000078e2e027b608) [0x000078e2e027b700, 0x000078e2e027beb8] Compiler: c1, Barriers: 1, Oops: 0, ImmediateOops: 0, NonImmediateOops: No
[2,282s][debug][gc,nmethod     ] Register NMethod: org.custommonkey.xmlunit.DifferenceEngine.compareAttribute (0x000078e2e027bf08) [0x000078e2e027c000, 0x000078e2e027f1a0] Compiler: c1, Barriers: 2, Oops: 3, ImmediateOops: 11, NonImmediateOops: No
[2,282s][debug][gc,nmethod     ] Register NMethod: org.custommonkey.xmlunit.DifferenceEngine.compareNode (0x000078e2e027f208) [0x000078e2e027f300, 0x000078e2e0283cf8] Compiler: c1, Barriers: 22, Oops: 1, ImmediateOops: 0, NonImmediateOops: No
[2,282s][debug][gc,nmethod     ] Register NMethod: jdk.internal.util.DecimalDigits.uncheckedGetCharsLatin1 (0x000078e2fed45c88) [0x000078e2fed45d80, 0x000078e2fed45f00] Compiler: jvmci, Barriers: 0, Oops: 0, ImmediateOops: 2, NonImmediateOops: No
[2,283s][debug][gc,nmethod     ] Register NMethod: org.custommonkey.xmlunit.ElementNameQualifier.equalsNamespace (0x000078e2e0283d08) [0x000078e2e0283e00, 0x000078e2e02845b8] Compiler: c1, Barriers: 0, Oops: 1, ImmediateOops: 0, NonImmediateOops: No
[2,283s][debug][gc,nmethod     ] Register NMethod: org.custommonkey.xmlunit.ElementNameQualifier.qualifyForComparison (0x000078e2e0284608) [0x000078e2e0284700, 0x000078e2e0285488] Compiler: c1, Barriers: 0, Oops: 1, ImmediateOops: 0, NonImmediateOops: No
[2,284s][debug][gc,nmethod     ] Register NMethod: org.custommonkey.xmlunit.XpathNodeTracker.preloadChildList (0x000078e2e0285508) [0x000078e2e0285600, 0x000078e2e0286510] Compiler: c1, Barriers: 5, Oops: 1, ImmediateOops: 0, NonImmediateOops: No
[2,285s][debug][gc,nmethod     ] Register NMethod: com.sun.org.apache.xerces.internal.dom.CharacterDataImpl.getChildNodes (0x000078e2e0286588) [0x000078e2e0286680, 0x000078e2e02867c8] Compiler: c1, Barriers: 1, Oops: 0, ImmediateOops: 1, NonImmediateOops: No
[2,285s][debug][gc,nmethod     ] Register NMethod: com.sun.org.apache.xerces.internal.dom.CharacterDataImpl.getData (0x000078e2e0286888) [0x000078e2e0286980, 0x000078e2e0286f50] Compiler: c1, Barriers: 1, Oops: 0, ImmediateOops: 0, NonImmediateOops: No
[2,285s][debug][gc,nmethod     ] Register NMethod: org.custommonkey.xmlunit.DifferenceEngine.compareElementAttributes (0x000078e2e0286f88) [0x000078e2e0287080, 0x000078e2e0290c70] Compiler: c1, Barriers: 49, Oops: 2, ImmediateOops: 10, NonImmediateOops: No
[2,286s][debug][gc,nmethod     ] Register NMethod: java.lang.AbstractStringBuilder.append (0x000078e2fed45f88) [0x000078e2fed46080, 0x000078e2fed46c18] Compiler: jvmci, Barriers: 6, Oops: 0, ImmediateOops: 0, NonImmediateOops: No
[2,286s][debug][gc,nmethod     ] Register NMethod: java.lang.AbstractStringBuilder.ensureCapacitySameCoder (0x000078e2fed46c88) [0x000078e2fed46d80, 0x000078e2fed470c0] Compiler: jvmci, Barriers: 0, Oops: 0, ImmediateOops: 0, NonImmediateOops: No
[2,286s][debug][gc,nmethod     ] Register NMethod: org.custommonkey.xmlunit.DifferenceEngine.compareElement (0x000078e2e0290c88) [0x000078e2e0290d80, 0x000078e2e0292de8] Compiler: c1, Barriers: 2, Oops: 1, ImmediateOops: 2, NonImmediateOops: No
[2,287s][debug][gc,nmethod     ] Register NMethod: org.custommonkey.xmlunit.DifferenceEngine.compareNodeList (0x000078e2e0292e08) [0x000078e2e0292f00, 0x000078e2e0298770] Compiler: c1, Barriers: 8, Oops: 1, ImmediateOops: 4, NonImmediateOops: No
[2,289s][debug][gc,nmethod     ] Register NMethod: org.custommonkey.xmlunit.DifferenceEngine.compareText (0x000078e2e0298788) [0x000078e2e0298880, 0x000078e2e0298c30] Compiler: c1, Barriers: 0, Oops: 1, ImmediateOops: 2, NonImmediateOops: No
[2,289s][debug][gc,director    ] Rule Major: Warmup 10%, Used: 338MB, UsedThreshold: 1228MB
[2,292s][debug][gc,nmethod     ] Register NMethod: java.lang.String.<init> (0x000078e2fed47108) [0x000078e2fed47200, 0x000078e2fed47a48] Compiler: jvmci, Barriers: 7, Oops: 0, ImmediateOops: 0, NonImmediateOops: No
[2,295s][debug][gc,nmethod     ] Register NMethod: org.custommonkey.xmlunit.DifferenceEngine.compareCharacterData (0x000078e2e0298c88) [0x000078e2e0298d80, 0x000078e2e0299d58] Compiler: c1, Barriers: 2, Oops: 1, ImmediateOops: 0, NonImmediateOops: No
[2,296s][debug][gc,nmethod     ] Register NMethod: java.lang.StringLatin1.trim (0x000078e2fed47a88) [0x000078e2fed47b80, 0x000078e2fed47f18] Compiler: jvmci, Barriers: 2, Oops: 0, ImmediateOops: 1, NonImmediateOops: No
[2,299s][debug][gc,director    ] Rule Major: Warmup 10%, Used: 346MB, UsedThreshold: 1228MB
[2,303s][debug][gc,nmethod     ] Register NMethod: java.lang.AbstractStringBuilder.append (0x000078e2fed47f88) [0x000078e2fed48080, 0x000078e2fed48780] Compiler: jvmci, Barriers: 7, Oops: 0, ImmediateOops: 2, NonImmediateOops: No
[2,303s][debug][gc,nmethod     ] Register NMethod: jdk.internal.util.DecimalDigits.uncheckedPutCharLatin1 (0x000078e2fed48788) [0x000078e2fed48880, 0x000078e2fed488e8] Compiler: jvmci, Barriers: 0, Oops: 0, ImmediateOops: 0, NonImmediateOops: No
[2,307s][debug][gc,nmethod     ] Register NMethod: jdk.internal.misc.VM.isModuleSystemInited (0x000078e2e0299d88) [0x000078e2e0299e80, 0x000078e2e0299fc0] Compiler: c1, Barriers: 0, Oops: 0, ImmediateOops: 1, NonImmediateOops: No
[2,307s][debug][gc,nmethod     ] Register NMethod: jdk.internal.misc.VM.isJavaLangInvokeInited (0x000078e2e029a088) [0x000078e2e029a180, 0x000078e2e029a268] Compiler: c1, Barriers: 0, Oops: 0, ImmediateOops: 0, NonImmediateOops: No
[2,308s][debug][gc,nmethod     ] Register NMethod: java.util.concurrent.locks.AbstractQueuedLongSynchronizer.getState (0x000078e2fed48a88) [0x000078e2fed48b80, 0x000078e2fed48c48] Compiler: c1, Barriers: 0, Oops: 0, ImmediateOops: 0, NonImmediateOops: No
[2,308s][debug][gc,nmethod     ] Register NMethod: sun.nio.fs.UnixPath.resolve (0x000078e2e029a388) [0x000078e2e029a480, 0x000078e2e029aa48] Compiler: c1, Barriers: 0, Oops: 0, ImmediateOops: 0, NonImmediateOops: No
[2,308s][debug][gc,nmethod     ] Register NMethod: sun.nio.fs.UnixPath.resolve (0x000078e2e029aa88) [0x000078e2e029ab80, 0x000078e2e029b838] Compiler: c1, Barriers: 9, Oops: 0, ImmediateOops: 0, NonImmediateOops: No
[2,309s][debug][gc,nmethod     ] Register NMethod: java.lang.StringBuffer.toString (0x000078e2fed48d88) [0x000078e2fed48e80, 0x000078e2fed495a0] Compiler: jvmci, Barriers: 7, Oops: 1, ImmediateOops: 1, NonImmediateOops: No
[2,309s][debug][gc,director    ] Rule Major: Warmup 10%, Used: 350MB, UsedThreshold: 1228MB
[2,310s][debug][gc,nmethod     ] Register NMethod: java.lang.AbstractStringBuilder.newCapacity (0x000078e2fed49608) [0x000078e2fed49700, 0x000078e2fed497f0] Compiler: jvmci, Barriers: 0, Oops: 0, ImmediateOops: 0, NonImmediateOops: No
[2,315s][debug][gc,nmethod     ] Register NMethod: java.lang.AbstractStringBuilder.ensureCapacityNewCoder (0x000078e2fed49908) [0x000078e2fed49a00, 0x000078e2fed49fb8] Compiler: jvmci, Barriers: 0, Oops: 0, ImmediateOops: 0, NonImmediateOops: No
[2,315s][debug][gc,nmethod     ] Register NMethod: java.util.Objects.checkIndex (0x000078e2fed4a008) [0x000078e2fed4a100, 0x000078e2fed4a1a0] Compiler: jvmci, Barriers: 0, Oops: 0, ImmediateOops: 0, NonImmediateOops: No
[2,317s][debug][gc,nmethod     ] Register NMethod: sun.nio.fs.UnixPath.resolve (0x000078e2e029b888) [0x000078e2e029b980, 0x000078e2e029bac8] Compiler: c1, Barriers: 0, Oops: 0, ImmediateOops: 0, NonImmediateOops: No
[2,318s][debug][gc,nmethod     ] Register NMethod: io.sirix.cache.BufferManagerImpl.getRecordPageCache (0x000078e2fed4a308) [0x000078e2fed4a400, 0x000078e2fed4a4e8] Compiler: c1, Barriers: 1, Oops: 1, ImmediateOops: 0, NonImmediateOops: No
[2,318s][debug][gc,nmethod     ] Register NMethod: java.util.concurrent.ForkJoinTask.<init> (0x000078e2e029bb88) [0x000078e2e029bc80, 0x000078e2e029bdd8] Compiler: c1, Barriers: 0, Oops: 0, ImmediateOops: 0, NonImmediateOops: No
[2,318s][debug][gc,nmethod     ] Register NMethod: java.util.concurrent.ForkJoinPool.compareAndExchangeCtl (0x000078e2e029be88) [0x000078e2e029bf80, 0x000078e2e029c290] Compiler: c1, Barriers: 0, Oops: 0, ImmediateOops: 1, NonImmediateOops: No
[2,319s][debug][gc,nmethod     ] Register NMethod: java.util.concurrent.ForkJoinPool.awaitWork (0x000078e2e029c308) [0x000078e2e029c400, 0x000078e2e029d110] Compiler: c1, Barriers: 2, Oops: 0, ImmediateOops: 1, NonImmediateOops: No
[2,319s][debug][gc,director    ] Rule Major: Warmup 10%, Used: 352MB, UsedThreshold: 1228MB
[2,319s][debug][gc,nmethod     ] Register NMethod: net.jpountz.xxhash.XXHashJNI.XXH32_free (0x000078e2fed4a608) [0x000078e2fed4a700, 0x000078e2fed4a858] Compiler: , Barriers: 0, Oops: 1, ImmediateOops: 1, NonImmediateOops: No
[2,319s][debug][gc,nmethod     ] Register NMethod: net.jpountz.util.Native.isLoaded (0x000078e2e029d188) [0x000078e2e029d280, 0x000078e2e029d4c8] Compiler: c1, Barriers: 0, Oops: 1, ImmediateOops: 2, NonImmediateOops: No
[2,319s][debug][gc,nmethod     ] Register NMethod: net.jpountz.xxhash.XXHashJNI.XXH32_update (0x000078e2fed4a908) [0x000078e2fed4aa00, 0x000078e2fed4ab70] Compiler: , Barriers: 0, Oops: 1, ImmediateOops: 1, NonImmediateOops: No
[2,320s][debug][gc,nmethod     ] Register NMethod: net.jpountz.xxhash.XXHashJNI.XXH32_digest (0x000078e2fed4ac08) [0x000078e2fed4ad00, 0x000078e2fed4ae68] Compiler: , Barriers: 0, Oops: 1, ImmediateOops: 1, NonImmediateOops: No
[2,320s][debug][gc,nmethod     ] Register NMethod: net.jpountz.lz4.LZ4BlockOutputStream.writeIntLE (0x000078e2e029d508) [0x000078e2e029d600, 0x000078e2e029d788] Compiler: c1, Barriers: 0, Oops: 1, ImmediateOops: 0, NonImmediateOops: No
[2,320s][debug][gc,nmethod     ] Register NMethod: java.util.concurrent.atomic.AtomicInteger.incrementAndGet (0x000078e2e029d808) [0x000078e2e029d900, 0x000078e2e029da10] Compiler: c1, Barriers: 0, Oops: 0, ImmediateOops: 0, NonImmediateOops: No
[2,320s][debug][gc,nmethod     ] Register NMethod: sun.nio.ch.NativeThread.current (0x000078e2e029db08) [0x000078e2e029dc00, 0x000078e2e029e1e0] Compiler: c1, Barriers: 1, Oops: 0, ImmediateOops: 0, NonImmediateOops: No
[2,320s][debug][gc,nmethod     ] Register NMethod: sun.nio.ch.FileChannelImpl.beginBlocking (0x000078e2e029e208) [0x000078e2e029e300, 0x000078e2e029e628] Compiler: c1, Barriers: 0, Oops: 0, ImmediateOops: 0, NonImmediateOops: No
[2,320s][debug][gc,nmethod     ] Register NMethod: sun.nio.ch.NativeThread.isNativeThread (0x000078e2e029e688) [0x000078e2e029e780, 0x000078e2e029e8e8] Compiler: c1, Barriers: 0, Oops: 0, ImmediateOops: 0, NonImmediateOops: No
[2,320s][debug][gc,nmethod     ] Register NMethod: sun.nio.ch.FileChannelImpl.ensureOpen (0x000078e2e029e988) [0x000078e2e029ea80, 0x000078e2e029ee98] Compiler: c1, Barriers: 0, Oops: 0, ImmediateOops: 0, NonImmediateOops: No
[2,320s][debug][gc,nmethod     ] Register NMethod: sun.nio.ch.NativeThreadSet.remove (0x000078e2e029ef08) [0x000078e2e029f000, 0x000078e2e029f6a8] Compiler: c1, Barriers: 1, Oops: 0, ImmediateOops: 0, NonImmediateOops: No
[2,320s][debug][gc,nmethod     ] Register NMethod: io.sirix.page.PageReference.getHash (0x000078e2fed4af08) [0x000078e2fed4b000, 0x000078e2fed4b0e8] Compiler: c1, Barriers: 1, Oops: 1, ImmediateOops: 0, NonImmediateOops: No
[2,320s][debug][gc,nmethod     ] Register NMethod: sun.nio.ch.FileChannelImpl.endBlocking (0x000078e2e029f708) [0x000078e2e029f800, 0x000078e2e029fb28] Compiler: c1, Barriers: 0, Oops: 0, ImmediateOops: 0, NonImmediateOops: No
[2,320s][debug][gc,nmethod     ] Register NMethod: sun.nio.ch.NativeThreadSet.add (0x000078e2e029fb88) [0x000078e2e029fc80, 0x000078e2e02a0b90] Compiler: c1, Barriers: 9, Oops: 0, ImmediateOops: 0, NonImmediateOops: No
[2,321s][debug][gc,nmethod     ] Register NMethod: java.util.concurrent.ForkJoinPool.signalWork (0x000078e2e02a0c08) [0x000078e2e02a0d00, 0x000078e2e02a15b8] Compiler: c1, Barriers: 3, Oops: 0, ImmediateOops: 1, NonImmediateOops: No
[2,321s][debug][gc,nmethod     ] Register NMethod: java.util.concurrent.ForkJoinPool$WorkQueue.push (0x000078e2e02a1608) [0x000078e2e02a1700, 0x000078e2e02a23a8] Compiler: c1, Barriers: 9, Oops: 0, ImmediateOops: 1, NonImmediateOops: No
[2,322s][debug][gc,nmethod     ] Register NMethod: org.custommonkey.xmlunit.XpathNodeTracker$TrackingEntry.appendEntryTo (0x000078e2fed4b208) [0x000078e2fed4b300, 0x000078e2fed4e0e8] Compiler: jvmci, Barriers: 59, Oops: 4, ImmediateOops: 5, NonImmediateOops: No
[2,323s][debug][gc,nmethod     ] Register NMethod: com.github.benmanes.caffeine.cache.BoundedLocalCache.skipReadBuffer (0x000078e2e02a2408) [0x000078e2e02a2500, 0x000078e2e02a2d18] Compiler: c1, Barriers: 1, Oops: 1, ImmediateOops: 0, NonImmediateOops: No
[2,324s][debug][gc,nmethod     ] Register NMethod: java.util.concurrent.ConcurrentHashMap$EntrySpliterator.characteristics (0x000078e2fed4e188) [0x000078e2fed4e280, 0x000078e2fed4e340] Compiler: c1, Barriers: 0, Oops: 0, ImmediateOops: 0, NonImmediateOops: No
[2,324s][debug][gc,nmethod     ] Register NMethod: io.sirix.page.KeyValueLeafPage.getPageKey (0x000078e2fed4e488) [0x000078e2fed4e580, 0x000078e2fed4e640] Compiler: c1, Barriers: 0, Oops: 1, ImmediateOops: 0, NonImmediateOops: No
[2,324s][debug][gc,nmethod     ] Register NMethod: com.github.benmanes.caffeine.cache.PS.isAlive (0x000078e2e02a2d88) [0x000078e2e02a2e80, 0x000078e2e02a42f8] Compiler: c1, Barriers: 1, Oops: 7, ImmediateOops: 10, NonImmediateOops: No
[2,327s][debug][gc,nmethod     ] Register NMethod: java.lang.invoke.VarHandleGuards.guard_LJI_V (0x000078e2fed4e788) [0x000078e2fed4e880, 0x000078e2fed4f138] Compiler: jvmci, Barriers: 26, Oops: 0, ImmediateOops: 5, NonImmediateOops: No
[2,329s][debug][gc,nmethod     ] Register NMethod: jdk.internal.misc.Unsafe.setMemory0 (0x000078e2fed4f188) [0x000078e2fed4f280, 0x000078e2fed4f3d8] Compiler: , Barriers: 0, Oops: 0, ImmediateOops: 0, NonImmediateOops: No
[2,329s][debug][gc,nmethod     ] Register NMethod: org.magicwerk.brownies.collections.IList$Iter.hasNext (0x000078e2e02a4388) [0x000078e2e02a4480, 0x000078e2e02a4890] Compiler: c1, Barriers: 1, Oops: 1, ImmediateOops: 0, NonImmediateOops: No
[2,329s][debug][gc,nmethod     ] Register NMethod: com.github.benmanes.caffeine.cache.SSLSMW.fastpath (0x000078e2fed4f488) [0x000078e2fed4f580, 0x000078e2fed4f640] Compiler: c1, Barriers: 0, Oops: 1, ImmediateOops: 0, NonImmediateOops: No
[2,329s][debug][gc,nmethod     ] Register NMethod: com.github.benmanes.caffeine.cache.PSMW.setPolicyWeight (0x000078e2fed4f788) [0x000078e2fed4f880, 0x000078e2fed4f940] Compiler: c1, Barriers: 0, Oops: 1, ImmediateOops: 0, NonImmediateOops: No
[2,329s][debug][gc,nmethod     ] Register NMethod: com.github.benmanes.caffeine.cache.BoundedLocalCache.keyReferenceQueue (0x000078e2fed4fa88) [0x000078e2fed4fb80, 0x000078e2fed4fc48] Compiler: c1, Barriers: 0, Oops: 1, ImmediateOops: 0, NonImmediateOops: No
[2,329s][debug][gc,director    ] Rule Major: Warmup 10%, Used: 354MB, UsedThreshold: 1228MB
[2,329s][debug][gc,nmethod     ] Register NMethod: com.github.benmanes.caffeine.cache.SSLSMW.setMissesInSample (0x000078e2fed4fd88) [0x000078e2fed4fe80, 0x000078e2fed4ff40] Compiler: c1, Barriers: 0, Oops: 1, ImmediateOops: 0, NonImmediateOops: No
[2,330s][debug][gc,nmethod     ] Register NMethod: com.github.benmanes.caffeine.cache.PS.getKey (0x000078e2e02a4908) [0x000078e2e02a4a00, 0x000078e2e02a5bd8] Compiler: c1, Barriers: 1, Oops: 7, ImmediateOops: 8, NonImmediateOops: No
[2,330s][debug][gc,nmethod     ] Register NMethod: java.util.concurrent.ForkJoinPool$WorkQueue.nextLocalTask (0x000078e2e02a5c88) [0x000078e2e02a5d80, 0x000078e2e02a6dd8] Compiler: c1, Barriers: 9, Oops: 1, ImmediateOops: 1, NonImmediateOops: No
[2,330s][debug][gc,nmethod     ] Register NMethod: java.lang.ref.Finalizer.register (0x000078e2e02a6e08) [0x000078e2e02a6f00, 0x000078e2e02a70a0] Compiler: c1, Barriers: 0, Oops: 0, ImmediateOops: 0, NonImmediateOops: No
[2,330s][debug][gc,nmethod     ] Register NMethod: java.lang.ref.FinalReference.<init> (0x000078e2e02a7108) [0x000078e2e02a7200, 0x000078e2e02a74f0] Compiler: c1, Barriers: 6, Oops: 0, ImmediateOops: 1, NonImmediateOops: No
[2,330s][debug][gc,nmethod     ] Register NMethod: com.github.benmanes.caffeine.cache.BoundedLocalCache.hasExpired (0x000078e2e02a7508) [0x000078e2e02a7600, 0x000078e2e02a96a8] Compiler: c1, Barriers: 1, Oops: 7, ImmediateOops: 8, NonImmediateOops: No
[2,330s][debug][gc,nmethod     ] Register NMethod: java.lang.ref.Finalizer.<init> (0x000078e2e02a9708) [0x000078e2e02a9800, 0x000078e2e02a9f28] Compiler: c1, Barriers: 17, Oops: 1, ImmediateOops: 7, NonImmediateOops: No
[2,330s][debug][gc,nmethod     ] Register NMethod: jdk.internal.misc.Blocker.end (0x000078e2e02a9f88) [0x000078e2e02aa080, 0x000078e2e02aa4f8] Compiler: c1, Barriers: 1, Oops: 0, ImmediateOops: 1, NonImmediateOops: No
[2,331s][debug][gc,nmethod     ] Register NMethod: java.util.concurrent.ForkJoinWorkerThread$InnocuousForkJoinWorkerThread.onThreadLocalReset (0x000078e2e02aa508) [0x000078e2e02aa600, 0x000078e2e02aa808] Compiler: c1, Barriers: 3, Oops: 0, ImmediateOops: 0, NonImmediateOops: No
[2,331s][debug][gc,nmethod     ] Register NMethod: java.util.concurrent.atomic.AtomicInteger.decrementAndGet (0x000078e2e02aa888) [0x000078e2e02aa980, 0x000078e2e02aaa90] Compiler: c1, Barriers: 0, Oops: 0, ImmediateOops: 0, NonImmediateOops: No
[2,331s][debug][gc,nmethod     ] Register NMethod: java.util.concurrent.ThreadLocalRandom.getProbe (0x000078e2e02aab88) [0x000078e2e02aac80, 0x000078e2e02aae20] Compiler: c1, Barriers: 1, Oops: 1, ImmediateOops: 1, NonImmediateOops: No
[2,331s][debug][gc,nmethod     ] Register NMethod: java.util.concurrent.ForkJoinPool$WorkQueue.topLevelExec (0x000078e2e02aae88) [0x000078e2e02aaf80, 0x000078e2e02abd40] Compiler: c1, Barriers: 0, Oops: 0, ImmediateOops: 0, NonImmediateOops: No
[2,331s][debug][gc,nmethod     ] Register NMethod: java.util.concurrent.CopyOnWriteArrayList.size (0x000078e2e02abd88) [0x000078e2e02abe80, 0x000078e2e02ac188] Compiler: c1, Barriers: 1, Oops: 0, ImmediateOops: 0, NonImmediateOops: No
[2,331s][debug][gc,nmethod     ] Register NMethod: io.sirix.page.KeyValueLeafPage.getNumberOfNonNullEntries (0x000078e2e02ac208) [0x000078e2e02ac300, 0x000078e2e02ac8b0] Compiler: c1, Barriers: 2, Oops: 1, ImmediateOops: 0, NonImmediateOops: No
[2,331s][debug][gc,nmethod     ] Register NMethod: com.github.benmanes.caffeine.cache.SSLMW.fastpath (0x000078e2fed50088) [0x000078e2fed50180, 0x000078e2fed50240] Compiler: c1, Barriers: 0, Oops: 1, ImmediateOops: 0, NonImmediateOops: No
[2,331s][debug][gc,nmethod     ] Register NMethod: com.github.benmanes.caffeine.cache.SSLSMW.setHitsInSample (0x000078e2fed50388) [0x000078e2fed50480, 0x000078e2fed50540] Compiler: c1, Barriers: 0, Oops: 1, ImmediateOops: 0, NonImmediateOops: No
[2,331s][debug][gc,nmethod     ] Register NMethod: java.lang.invoke.VarHandleReferences$FieldInstanceReadWrite.setRelease (0x000078e2e02ac908) [0x000078e2e02aca00, 0x000078e2e02adbb0] Compiler: c1, Barriers: 2, Oops: 1, ImmediateOops: 1, NonImmediateOops: No
[2,331s][debug][gc,nmethod     ] Register NMethod: io.sirix.page.KeyValueLeafPage.getNumberOfNonNullEntries (0x000078e2e02adc08) [0x000078e2e02add00, 0x000078e2e02ae220] Compiler: c1, Barriers: 2, Oops: 1, ImmediateOops: 0, NonImmediateOops: No
[2,332s][debug][gc,nmethod     ] Register NMethod: java.util.concurrent.ForkJoinPool.execute (0x000078e2e02ae288) [0x000078e2e02ae380, 0x000078e2e02aeeb8] Compiler: c1, Barriers: 3, Oops: 0, ImmediateOops: 0, NonImmediateOops: No
[2,332s][debug][gc,nmethod     ] Register NMethod: io.sirix.access.DatabaseConfiguration.getDatabaseId (0x000078e2fed50688) [0x000078e2fed50780, 0x000078e2fed50840] Compiler: c1, Barriers: 0, Oops: 1, ImmediateOops: 0, NonImmediateOops: No
[2,332s][debug][gc,nmethod     ] Register NMethod: java.util.concurrent.ForkJoinPool.poolSubmit (0x000078e2e02aef08) [0x000078e2e02af000, 0x000078e2e02afa90] Compiler: c1, Barriers: 4, Oops: 1, ImmediateOops: 2, NonImmediateOops: No
[2,332s][debug][gc,nmethod     ] Register NMethod: com.github.benmanes.caffeine.cache.PSMW.getPreviousInAccessOrder (0x000078e2e02afb08) [0x000078e2e02afc00, 0x000078e2e02aff00] Compiler: c1, Barriers: 1, Oops: 1, ImmediateOops: 0, NonImmediateOops: No
[2,332s][debug][gc,nmethod     ] Register NMethod: com.github.benmanes.caffeine.cache.SSLMW.setMissesInSample (0x000078e2fed50988) [0x000078e2fed50a80, 0x000078e2fed50b40] Compiler: c1, Barriers: 0, Oops: 1, ImmediateOops: 0, NonImmediateOops: No
[2,332s][debug][gc,nmethod     ] Register NMethod: java.lang.invoke.VarHandleLongs$FieldInstanceReadWrite.compareAndSet (0x000078e2e02aff88) [0x000078e2e02b0080, 0x000078e2e02b0ac0] Compiler: c1, Barriers: 1, Oops: 1, ImmediateOops: 0, NonImmediateOops: No
[2,332s][debug][gc,nmethod     ] Register NMethod: java.util.concurrent.ForkJoinPool$WorkQueue.tryLockPhase (0x000078e2e02b0b08) [0x000078e2e02b0c00, 0x000078e2e02b0da8] Compiler: c1, Barriers: 0, Oops: 0, ImmediateOops: 0, NonImmediateOops: No
[2,332s][debug][gc,nmethod     ] Register NMethod: io.sirix.access.ResourceConfiguration.getID (0x000078e2fed50c88) [0x000078e2fed50d80, 0x000078e2fed50e40] Compiler: c1, Barriers: 0, Oops: 1, ImmediateOops: 0, NonImmediateOops: No
[2,332s][debug][gc,nmethod     ] Register NMethod: com.github.benmanes.caffeine.cache.Node.inWindow (0x000078e2e02b0e08) [0x000078e2e02b0f00, 0x000078e2e02b1248] Compiler: c1, Barriers: 0, Oops: 1, ImmediateOops: 0, NonImmediateOops: No
[2,333s][debug][gc,nmethod     ] Register NMethod: io.sirix.page.KeyValueLeafPage.getAvailableSpace (0x000078e2e02b1288) [0x000078e2e02b1380, 0x000078e2e02b6e40] Compiler: c1, Barriers: 19, Oops: 7, ImmediateOops: 12, NonImmediateOops: No
[2,333s][debug][gc,nmethod     ] Register NMethod: com.sun.org.apache.xerces.internal.util.XMLStringBuffer.<init> (0x000078e2e02b6e88) [0x000078e2e02b6f80, 0x000078e2e02b7240] Compiler: c1, Barriers: 3, Oops: 0, ImmediateOops: 0, NonImmediateOops: No
[2,333s][debug][gc,nmethod     ] Register NMethod: jdk.xml.internal.XMLSecurityManager$Limit.is (0x000078e2e02b7288) [0x000078e2e02b7380, 0x000078e2e02b7990] Compiler: c1, Barriers: 2, Oops: 0, ImmediateOops: 0, NonImmediateOops: No
[2,333s][debug][gc,nmethod     ] Register NMethod: java.lang.ThreadLocal.get (0x000078e2e02b7a08) [0x000078e2e02b7b00, 0x000078e2e02b7c80] Compiler: c1, Barriers: 1, Oops: 0, ImmediateOops: 0, NonImmediateOops: No
[2,333s][debug][gc,nmethod     ] Register NMethod: jdk.xml.internal.XMLSecurityManager$IntegerMapper.toInt (0x000078e2e02b7d08) [0x000078e2e02b7e00, 0x000078e2e02b8f90] Compiler: c1, Barriers: 1, Oops: 0, ImmediateOops: 2, NonImmediateOops: No
[2,334s][debug][gc,nmethod     ] Register NMethod: com.sun.org.apache.xerces.internal.util.SymbolTable$Entry.<init> (0x000078e2e02b9008) [0x000078e2e02b9100, 0x000078e2e02b97d8] Compiler: c1, Barriers: 10, Oops: 0, ImmediateOops: 0, NonImmediateOops: No
[2,335s][debug][gc,nmethod     ] Register NMethod: io.sirix.cache.SegmentAllocators.getIndexForSize (0x000078e2e02b9808) [0x000078e2e02b9900, 0x000078e2e02b9e38] Compiler: c1, Barriers: 0, Oops: 1, ImmediateOops: 2, NonImmediateOops: No
[2,335s][debug][gc,nmethod     ] Register NMethod: io.sirix.index.name.Names.getName (0x000078e2e02b9e88) [0x000078e2e02b9f80, 0x000078e2e02ba5c0] Compiler: c1, Barriers: 1, Oops: 1, ImmediateOops: 1, NonImmediateOops: No
[2,336s][debug][gc,nmethod     ] Register NMethod: it.unimi.dsi.fastutil.HashCommon.nextPowerOfTwo (0x000078e2e02ba608) [0x000078e2e02ba700, 0x000078e2e02ba900] Compiler: c1, Barriers: 0, Oops: 1, ImmediateOops: 0, NonImmediateOops: No
[2,337s][debug][gc,nmethod     ] Register NMethod: it.unimi.dsi.fastutil.ints.Int2ObjectOpenHashMap.get (0x000078e2e02ba988) [0x000078e2e02baa80, 0x000078e2e02bb0f0] Compiler: c1, Barriers: 10, Oops: 1, ImmediateOops: 0, NonImmediateOops: No
[2,337s][debug][gc,nmethod     ] Register NMethod: org.custommonkey.xmlunit.XpathNodeTracker.toXpathString (0x000078e2fed50f88) [0x000078e2fed51080, 0x000078e2fed54fb0] Compiler: jvmci, Barriers: 64, Oops: 5, ImmediateOops: 6, NonImmediateOops: No
[2,337s][debug][gc,nmethod     ] Register NMethod: io.sirix.node.HashCountEntryNode.incrementValue (0x000078e2e02bb108) [0x000078e2e02bb200, 0x000078e2e02bb308] Compiler: c1, Barriers: 0, Oops: 1, ImmediateOops: 0, NonImmediateOops: No
[2,337s][debug][gc,nmethod     ] Register NMethod: com.sun.org.apache.xerces.internal.impl.XMLEntityScanner.skipSpaces (0x000078e2e02bb408) [0x000078e2e02bb500, 0x000078e2e02bc790] Compiler: c1, Barriers: 16, Oops: 0, ImmediateOops: 2, NonImmediateOops: No
[2,337s][debug][gc,nmethod     ] Register NMethod: jdk.xml.internal.XMLSecurityManager.isOverLimit (0x000078e2e02bc808) [0x000078e2e02bc900, 0x000078e2e02bdee0] Compiler: c1, Barriers: 4, Oops: 0, ImmediateOops: 7, NonImmediateOops: No
[2,337s][debug][gc,nmethod     ] Register NMethod: io.sirix.index.name.Names.setName (0x000078e2e02bdf08) [0x000078e2e02be000, 0x000078e2e02c0ea8] Compiler: c1, Barriers: 12, Oops: 2, ImmediateOops: 4, NonImmediateOops: No
[2,338s][debug][gc,nmethod     ] Register NMethod: java.util.Arrays.copyOf (0x000078e2e02c0f08) [0x000078e2e02c1000, 0x000078e2e02c13c8] Compiler: c1, Barriers: 0, Oops: 0, ImmediateOops: 0, NonImmediateOops: No
[2,338s][debug][gc,nmethod     ] Register NMethod: io.sirix.node.xml.ElementNode.getDeweyID (0x000078e2fed55008) [0x000078e2fed55100, 0x000078e2fed551e8] Compiler: c1, Barriers: 1, Oops: 1, ImmediateOops: 0, NonImmediateOops: No
[2,339s][debug][gc,director    ] Rule Major: Warmup 10%, Used: 356MB, UsedThreshold: 1228MB
[2,340s][debug][gc,nmethod     ] Register NMethod: io.sirix.node.SirixDeweyID.<init> (0x000078e2e02c1408) [0x000078e2e02c1500, 0x000078e2e02c1730] Compiler: c1, Barriers: 3, Oops: 1, ImmediateOops: 0, NonImmediateOops: No
[2,340s][debug][gc,nmethod     ] Register NMethod: io.sirix.access.trx.node.xml.XmlNodeTrxImpl.insertTextAsFirstChild (0x000078e2e02c1788) [0x000078e2e02c1880, 0x000078e2e02c9840] Compiler: c1, Barriers: 35, Oops: 2, ImmediateOops: 8, NonImmediateOops: No
[2,342s][debug][gc,nmethod     ] Register NMethod: io.sirix.access.trx.node.xml.XmlNodeReadOnlyTrxImpl.hasAttributes (0x000078e2e02c9888) [0x000078e2e02c9980, 0x000078e2e02ca900] Compiler: c1, Barriers: 2, Oops: 1, ImmediateOops: 2, NonImmediateOops: No
[2,344s][debug][gc,nmethod     ] Register NMethod: io.sirix.node.SirixDeweyID.newBetween (0x000078e2e02ca988) [0x000078e2e02caa80, 0x000078e2e02cdc98] Compiler: c1, Barriers: 19, Oops: 1, ImmediateOops: 2, NonImmediateOops: No
[2,344s][debug][gc,nmethod     ] Register NMethod: io.sirix.access.trx.node.xml.ForwardingXmlNodeReadOnlyTrx.hasFirstChild (0x000078e2e02cdd08) [0x000078e2e02cde00, 0x000078e2e02ce400] Compiler: c1, Barriers: 1, Oops: 1, ImmediateOops: 0, NonImmediateOops: No
[2,344s][debug][gc,nmethod     ] Register NMethod: io.sirix.node.SirixDeweyID.<init> (0x000078e2e02ce488) [0x000078e2e02ce580, 0x000078e2e02ce9e8] Compiler: c1, Barriers: 7, Oops: 1, ImmediateOops: 0, NonImmediateOops: No
[2,346s][debug][gc,nmethod     ] Register NMethod: io.sirix.node.xml.AttributeNode.getDeweyID (0x000078e2e02cea08) [0x000078e2e02ceb00, 0x000078e2e02cee28] Compiler: c1, Barriers: 6, Oops: 1, ImmediateOops: 0, NonImmediateOops: No
[2,350s][debug][gc,director    ] Rule Major: Warmup 10%, Used: 358MB, UsedThreshold: 1228MB
[2,351s][debug][gc,nmethod     ] Register NMethod: io.sirix.node.SirixDeweyID.getNewAttributeID (0x000078e2e02cee88) [0x000078e2e02cef80, 0x000078e2e02cf368] Compiler: c1, Barriers: 5, Oops: 1, ImmediateOops: 0, NonImmediateOops: No
[2,353s][debug][gc,nmethod     ] Register NMethod: io.sirix.access.trx.node.xml.ForwardingXmlNodeReadOnlyTrx.hasRightSibling (0x000078e2e02cf388) [0x000078e2e02cf480, 0x000078e2e02cfa80] Compiler: c1, Barriers: 1, Oops: 1, ImmediateOops: 0, NonImmediateOops: No
[2,354s][debug][gc,nmethod     ] Register NMethod: io.brackit.query.atomic.QNm.hashCode (0x000078e2e02cfb08) [0x000078e2e02cfc00, 0x000078e2e02d0170] Compiler: c1, Barriers: 2, Oops: 1, ImmediateOops: 0, NonImmediateOops: No
[2,354s][debug][gc,nmethod     ] Register NMethod: io.sirix.node.HashEntryNode.getKind (0x000078e2e02d0188) [0x000078e2e02d0280, 0x000078e2e02d05a0] Compiler: c1, Barriers: 0, Oops: 1, ImmediateOops: 1, NonImmediateOops: No
[2,354s][debug][gc,nmethod     ] Register NMethod: io.sirix.node.HashEntryNode.getKind (0x000078e2e02d0608) [0x000078e2e02d0700, 0x000078e2e02d0808] Compiler: c1, Barriers: 0, Oops: 1, ImmediateOops: 1, NonImmediateOops: No
[2,354s][debug][gc,nmethod     ] Register NMethod: io.sirix.index.path.summary.PathNode.getReferences (0x000078e2fed55308) [0x000078e2fed55400, 0x000078e2fed554c0] Compiler: c1, Barriers: 0, Oops: 1, ImmediateOops: 0, NonImmediateOops: No
[2,354s][debug][gc,nmethod     ] Register NMethod: io.sirix.access.trx.page.NodePageTrx.prepareRecordPage (0x000078e2fed55608) [0x000078e2fed55700, 0x000078e2fed56f88] Compiler: jvmci, Barriers: 70, Oops: 5, ImmediateOops: 1, NonImmediateOops: No
[2,356s][debug][gc,nmethod     ] Register NMethod: io.sirix.access.trx.page.NodePageTrx.getMostRecentPageContainer (0x000078e2fed57008) [0x000078e2fed57100, 0x000078e2fed574e8] Compiler: jvmci, Barriers: 9, Oops: 1, ImmediateOops: 1, NonImmediateOops: No
[2,360s][debug][gc,director    ] Rule Major: Warmup 10%, Used: 360MB, UsedThreshold: 1228MB
[2,360s][debug][gc,nmethod     ] Register NMethod: io.sirix.node.SirixDeweyID.getDivisionBits (0x000078e2e02d0908) [0x000078e2e02d0a00, 0x000078e2e02d0f98] Compiler: c1, Barriers: 1, Oops: 1, ImmediateOops: 17, NonImmediateOops: No
[2,360s][debug][gc,nmethod     ] Register NMethod: io.sirix.page.KeyValueLeafPage.updateLastSlotIndex (0x000078e2e02d1008) [0x000078e2e02d1100, 0x000078e2e02d1480] Compiler: c1, Barriers: 2, Oops: 1, ImmediateOops: 0, NonImmediateOops: No
[2,360s][debug][gc,nmethod     ] Register NMethod: io.sirix.node.SirixDeweyID.setDivisionBitArray (0x000078e2e02d1508) [0x000078e2e02d1600, 0x000078e2e02d1c30] Compiler: c1, Barriers: 2, Oops: 1, ImmediateOops: 5, NonImmediateOops: No
[2,361s][debug][gc,nmethod     ] Register NMethod: io.sirix.node.SirixDeweyID.toBytes (0x000078e2e02d1c88) [0x000078e2e02d1d80, 0x000078e2e02d26e0] Compiler: c1, Barriers: 4, Oops: 1, ImmediateOops: 17, NonImmediateOops: No
[2,361s][debug][gc,nmethod     ] Register NMethod: io.sirix.node.SirixDeweyID.toBytes (0x000078e2e02d2708) [0x000078e2e02d2800, 0x000078e2e02d2968] Compiler: c1, Barriers: 1, Oops: 1, ImmediateOops: 0, NonImmediateOops: No
[2,361s][debug][gc,nmethod     ] Register NMethod: io.sirix.page.KeyValueLeafPage.setDeweyId (0x000078e2e02d2a08) [0x000078e2e02d2b00, 0x000078e2e02d2de8] Compiler: c1, Barriers: 5, Oops: 1, ImmediateOops: 0, NonImmediateOops: No
[2,361s][debug][gc,nmethod     ] Register NMethod: io.sirix.node.xml.TextNode.getDeweyID (0x000078e2fed57508) [0x000078e2fed57600, 0x000078e2fed576e8] Compiler: c1, Barriers: 1, Oops: 1, ImmediateOops: 0, NonImmediateOops: No
[2,362s][debug][gc,nmethod     ] Register NMethod: io.sirix.node.NodeSerializerImpl.serializeDeweyID (0x000078e2e02d2e08) [0x000078e2e02d2f00, 0x000078e2e02d34e8] Compiler: c1, Barriers: 2, Oops: 1, ImmediateOops: 0, NonImmediateOops: No
[2,363s][debug][gc,nmethod     ] Register NMethod: io.sirix.node.NodeSerializerImpl.writeDeweyID (0x000078e2e02d3508) [0x000078e2e02d3600, 0x000078e2e02d3af0] Compiler: c1, Barriers: 3, Oops: 1, ImmediateOops: 0, NonImmediateOops: No
[2,363s][debug][gc,nmethod     ] Register NMethod: io.sirix.page.KeyValueLeafPage.getDeweyId (0x000078e2e02d3b08) [0x000078e2e02d3c00, 0x000078e2e02d93c8] Compiler: c1, Barriers: 21, Oops: 7, ImmediateOops: 12, NonImmediateOops: No
[2,366s][debug][gc,nmethod     ] Register NMethod: io.sirix.access.trx.page.NodePageTrx.prepareRecordForModification (0x000078e2fed57808) [0x000078e2fed57900, 0x000078e2fed58d90] Compiler: jvmci, Barriers: 45, Oops: 3, ImmediateOops: 2, NonImmediateOops: No
[2,368s][debug][gc,nmethod     ] Register NMethod: jdk.internal.foreign.GlobalSession.release0 (0x000078e2e02d9408) [0x000078e2e02d9500, 0x000078e2e02d9600] Compiler: c1, Barriers: 0, Oops: 0, ImmediateOops: 0, NonImmediateOops: No
[2,368s][debug][gc,nmethod     ] Register NMethod: jdk.internal.foreign.GlobalSession.acquire0 (0x000078e2e02d9708) [0x000078e2e02d9800, 0x000078e2e02d9900] Compiler: c1, Barriers: 0, Oops: 0, ImmediateOops: 0, NonImmediateOops: No
[2,368s][debug][gc,nmethod     ] Register NMethod: java.lang.invoke.MethodHandle.maybeCustomize (0x000078e2df774408) [0x000078e2df774500, 0x000078e2df774b98] Compiler: c1, Barriers: 2, Oops: 0, ImmediateOops: 0, NonImmediateOops: No
[2,368s][debug][gc,nmethod     ] Register NMethod: jdk.internal.foreign.abi.SharedUtils.checkNative (0x000078e2e02d9a08) [0x000078e2e02d9b00, 0x000078e2e02daea0] Compiler: c1, Barriers: 0, Oops: 1, ImmediateOops: 3, NonImmediateOops: No
[2,369s][debug][gc,nmethod     ] Register NMethod: org.magicwerk.brownies.collections.IList$Iter.next (0x000078e2e02daf08) [0x000078e2e02db000, 0x000078e2e02db7f8] Compiler: c1, Barriers: 2, Oops: 1, ImmediateOops: 0, NonImmediateOops: No
[2,370s][debug][gc,nmethod     ] Register NMethod: sun.security.provider.DigestBase.engineGetDigestLength (0x000078e2fed58e08) [0x000078e2fed58f00, 0x000078e2fed58fc0] Compiler: c1, Barriers: 0, Oops: 0, ImmediateOops: 0, NonImmediateOops: No
[2,370s][debug][gc,nmethod     ] Register NMethod: jdk.internal.misc.Blocker.begin (0x000078e2e02db808) [0x000078e2e02db900, 0x000078e2e02dba10] Compiler: c1, Barriers: 0, Oops: 0, ImmediateOops: 0, NonImmediateOops: No
[2,370s][debug][gc,director    ] Rule Major: Warmup 10%, Used: 360MB, UsedThreshold: 1228MB
[2,371s][debug][gc,nmethod     ] Register NMethod: java.util.concurrent.ConcurrentHashMap.remove (0x000078e2e02dbb08) [0x000078e2e02dbc00, 0x000078e2e02dbd30] Compiler: c1, Barriers: 0, Oops: 0, ImmediateOops: 0, NonImmediateOops: No
[2,371s][debug][gc,nmethod     ] Register NMethod: io.sirix.page.KeyValueLeafPage.getIndexType (0x000078e2fed59108) [0x000078e2fed59200, 0x000078e2fed592e8] Compiler: c1, Barriers: 1, Oops: 1, ImmediateOops: 0, NonImmediateOops: No
[2,371s][debug][gc,nmethod     ] Register NMethod: com.github.benmanes.caffeine.cache.PS.getValue (0x000078e2e02dbe08) [0x000078e2e02dbf00, 0x000078e2e02dc260] Compiler: c1, Barriers: 1, Oops: 6, ImmediateOops: 2, NonImmediateOops: No
[2,372s][debug][gc,nmethod     ] Register NMethod: java.util.concurrent.ConcurrentHashMap.replaceNode (0x000078e2e02dc308) [0x000078e2e02dc400, 0x000078e2e02dd348] Compiler: c1, Barriers: 18, Oops: 0, ImmediateOops: 1, NonImmediateOops: No
[2,372s][debug][gc,nmethod     ] Register NMethod: sun.nio.fs.UnixNativeDispatcher.access0 (0x000078e2fed59408) [0x000078e2fed59500, 0x000078e2fed59660] Compiler: , Barriers: 0, Oops: 0, ImmediateOops: 1, NonImmediateOops: No
[2,372s][debug][gc,nmethod     ] Register NMethod: io.sirix.access.trx.page.NodePageReadOnlyTrx.getValue (0x000078e2fed59708) [0x000078e2fed59800, 0x000078e2fed59c80] Compiler: jvmci, Barriers: 4, Oops: 1, ImmediateOops: 1, NonImmediateOops: No
[2,372s][debug][gc,nmethod     ] Register NMethod: org.magicwerk.brownies.collections.GapList.add (0x000078e2e02dd388) [0x000078e2e02dd480, 0x000078e2e02dd998] Compiler: c1, Barriers: 0, Oops: 1, ImmediateOops: 0, NonImmediateOops: No
[2,373s][debug][gc,nmethod     ] Register NMethod: org.magicwerk.brownies.collections.GapList.doEnsureCapacity (0x000078e2e02dda08) [0x000078e2e02ddb00, 0x000078e2e02de3a8] Compiler: c1, Barriers: 6, Oops: 1, ImmediateOops: 0, NonImmediateOops: No
[2,373s][debug][gc,nmethod     ] Register NMethod: org.magicwerk.brownies.collections.IList.checkIndexAdd (0x000078e2e02de408) [0x000078e2e02de500, 0x000078e2e02dfd08] Compiler: c1, Barriers: 0, Oops: 4, ImmediateOops: 4, NonImmediateOops: No
[2,373s][debug][gc,nmethod     ] Register NMethod: sun.nio.ch.IOUtil.read (0x000078e2e02dfd88) [0x000078e2e02dfe80, 0x000078e2e02e0e08] Compiler: c1, Barriers: 0, Oops: 0, ImmediateOops: 1, NonImmediateOops: No
[2,373s][debug][gc,nmethod     ] Register NMethod: jdk.internal.misc.ScopedMemoryAccess.putLongUnaligned (0x000078e2fed59d08) [0x000078e2fed59e00, 0x000078e2fed59fe8] Compiler: jvmci, Barriers: 2, Oops: 0, ImmediateOops: 0, NonImmediateOops: No
[2,373s][debug][gc,nmethod     ] Register NMethod: net.jpountz.lz4.LZ4BlockInputStream.read (0x000078e2e02e0e88) [0x000078e2e02e0f80, 0x000078e2e02e1860] Compiler: c1, Barriers: 1, Oops: 1, ImmediateOops: 1, NonImmediateOops: No
[2,373s][debug][gc,nmethod     ] Register NMethod: sun.nio.ch.IOUtil.read (0x000078e2e02e1888) [0x000078e2e02e1980, 0x000078e2e02e1aa8] Compiler: c1, Barriers: 0, Oops: 0, ImmediateOops: 0, NonImmediateOops: No
[2,374s][debug][gc,nmethod     ] Register NMethod: sun.nio.ch.IOUtil.readIntoNativeBuffer (0x000078e2e02e1b88) [0x000078e2e02e1c80, 0x000078e2e02e4338] Compiler: c1, Barriers: 4, Oops: 0, ImmediateOops: 4, NonImmediateOops: No
[2,374s][debug][gc,nmethod     ] Register NMethod: java.nio.MappedByteBuffer.flip (0x000078e2e02e4388) [0x000078e2e02e4480, 0x000078e2e02e4870] Compiler: c1, Barriers: 0, Oops: 0, ImmediateOops: 0, NonImmediateOops: No
[2,374s][debug][gc,nmethod     ] Register NMethod: org.magicwerk.brownies.collections.GapList.doAdd (0x000078e2e02e4888) [0x000078e2e02e4980, 0x000078e2e02e6940] Compiler: c1, Barriers: 13, Oops: 1, ImmediateOops: 0, NonImmediateOops: No
[2,374s][debug][gc,nmethod     ] Register NMethod: it.unimi.dsi.fastutil.HashCommon.maxFill (0x000078e2e02e6988) [0x000078e2e02e6a80, 0x000078e2e02e6ce0] Compiler: c1, Barriers: 0, Oops: 1, ImmediateOops: 0, NonImmediateOops: No
[2,374s][debug][gc,nmethod     ] Register NMethod: java.util.concurrent.ConcurrentHashMap.computeIfPresent (0x000078e2e02e6d08) [0x000078e2e02e6e00, 0x000078e2e02e90d0] Compiler: c1, Barriers: 17, Oops: 0, ImmediateOops: 1, NonImmediateOops: No
[2,374s][debug][gc,nmethod     ] Register NMethod: java.nio.DirectByteBuffer.attachment (0x000078e2fed5a008) [0x000078e2fed5a100, 0x000078e2fed5a1e8] Compiler: c1, Barriers: 1, Oops: 0, ImmediateOops: 0, NonImmediateOops: No
[2,374s][debug][gc,nmethod     ] Register NMethod: com.github.benmanes.caffeine.cache.BoundedLocalCache.discardRefresh (0x000078e2e02e9108) [0x000078e2e02e9200, 0x000078e2e02e97b0] Compiler: c1, Barriers: 1, Oops: 1, ImmediateOops: 0, NonImmediateOops: No
[2,374s][debug][gc,nmethod     ] Register NMethod: com.github.benmanes.caffeine.cache.BoundedLocalCache.setAccessTime (0x000078e2e02e9808) [0x000078e2e02e9900, 0x000078e2e02e9c28] Compiler: c1, Barriers: 0, Oops: 1, ImmediateOops: 0, NonImmediateOops: No
[2,374s][debug][gc,nmethod     ] Register NMethod: io.sirix.access.trx.page.NodePageReadOnlyTrx$PageFragmentsResult.pages (0x000078e2fed5a308) [0x000078e2fed5a400, 0x000078e2fed5a4e8] Compiler: c1, Barriers: 1, Oops: 1, ImmediateOops: 0, NonImmediateOops: No
[2,375s][debug][gc,nmethod     ] Register NMethod: com.github.benmanes.caffeine.cache.LocalManualCache.invalidate (0x000078e2e02e9c88) [0x000078e2e02e9d80, 0x000078e2e02ea168] Compiler: c1, Barriers: 1, Oops: 1, ImmediateOops: 0, NonImmediateOops: No
[2,375s][debug][gc,nmethod     ] Register NMethod: java.lang.invoke.LambdaForm$DMH/0x000000009228c000.newInvokeSpecial (0x000078e2e02ea188) [0x000078e2e02ea280, 0x000078e2e02eab90] Compiler: c1, Barriers: 2, Oops: 1, ImmediateOops: 1, NonImmediateOops: No
[2,375s][debug][gc,nmethod     ] Register NMethod: com.github.benmanes.caffeine.cache.BoundedLocalCache$$Lambda/0x0000000092288d60.<init> (0x000078e2e02eac08) [0x000078e2e02ead00, 0x000078e2e02eb1a0] Compiler: c1, Barriers: 21, Oops: 1, ImmediateOops: 0, NonImmediateOops: No
[2,375s][debug][gc,nmethod     ] Register NMethod: java.lang.invoke.Invokers$Holder.linkToTargetMethod (0x000078e2e02eb208) [0x000078e2e02eb300, 0x000078e2e02eb820] Compiler: c1, Barriers: 0, Oops: 0, ImmediateOops: 0, NonImmediateOops: No
[2,375s][debug][gc,nmethod     ] Register NMethod: sun.nio.ch.FileChannelImpl.read (0x000078e2e02eb888) [0x000078e2e02eb980, 0x000078e2e02ebbc8] Compiler: c1, Barriers: 0, Oops: 0, ImmediateOops: 1, NonImmediateOops: No
[2,375s][debug][gc,nmethod     ] Register NMethod: sun.nio.ch.UnixFileDispatcherImpl.pread (0x000078e2e02ebc08) [0x000078e2e02ebd00, 0x000078e2e02ebe40] Compiler: c1, Barriers: 0, Oops: 0, ImmediateOops: 0, NonImmediateOops: No
[2,375s][debug][gc,nmethod     ] Register NMethod: io.sirix.io.bytepipe.ByteHandler.supportsMemorySegments (0x000078e2fed5a608) [0x000078e2fed5a700, 0x000078e2fed5a7c0] Compiler: c1, Barriers: 0, Oops: 1, ImmediateOops: 0, NonImmediateOops: No
[2,375s][debug][gc,nmethod     ] Register NMethod: com.github.benmanes.caffeine.cache.BoundedLocalCache.remove (0x000078e2e02ebf08) [0x000078e2e02ec000, 0x000078e2e02ed208] Compiler: c1, Barriers: 14, Oops: 3, ImmediateOops: 4, NonImmediateOops: No
[2,376s][debug][gc,nmethod     ] Register NMethod: net.jpountz.lz4.LZ4Factory.fastDecompressor (0x000078e2fed5a908) [0x000078e2fed5aa00, 0x000078e2fed5aae8] Compiler: c1, Barriers: 1, Oops: 1, ImmediateOops: 0, NonImmediateOops: No
[2,376s][debug][gc,nmethod     ] Register NMethod: io.sirix.access.ResourceConfiguration$ResourcePaths.getPath (0x000078e2fed5ac08) [0x000078e2fed5ad00, 0x000078e2fed5ade8] Compiler: c1, Barriers: 1, Oops: 1, ImmediateOops: 0, NonImmediateOops: No
[2,376s][debug][gc,nmethod     ] Register NMethod: sun.nio.ch.FileChannelImpl.implRead (0x000078e2e02ed288) [0x000078e2e02ed380, 0x000078e2e02edd78] Compiler: c1, Barriers: 0, Oops: 0, ImmediateOops: 2, NonImmediateOops: No
[2,376s][debug][gc,nmethod     ] Register NMethod: io.sirix.utils.OS.isWindows (0x000078e2e02edd88) [0x000078e2e02ede80, 0x000078e2e02edf68] Compiler: c1, Barriers: 0, Oops: 1, ImmediateOops: 0, NonImmediateOops: No
[2,376s][debug][gc,nmethod     ] Register NMethod: io.sirix.cache.LinuxMemorySegmentAllocator.getInstance (0x000078e2e02ee088) [0x000078e2e02ee180, 0x000078e2e02ee268] Compiler: c1, Barriers: 0, Oops: 1, ImmediateOops: 1, NonImmediateOops: No
[2,376s][debug][gc,nmethod     ] Register NMethod: java.io.FileDescriptor.valid (0x000078e2e02ee388) [0x000078e2e02ee480, 0x000078e2e02ee608] Compiler: c1, Barriers: 0, Oops: 0, ImmediateOops: 0, NonImmediateOops: No
[2,376s][debug][gc,nmethod     ] Register NMethod: com.github.benmanes.caffeine.cache.SSLS.statsCounter (0x000078e2fed5af08) [0x000078e2fed5b000, 0x000078e2fed5b0f0] Compiler: c1, Barriers: 1, Oops: 1, ImmediateOops: 0, NonImmediateOops: No
[2,377s][debug][gc,nmethod     ] Register NMethod: sun.nio.ch.FileChannelImpl.readInternal (0x000078e2e02ee688) [0x000078e2e02ee780, 0x000078e2e02f07a0] Compiler: c1, Barriers: 7, Oops: 0, ImmediateOops: 3, NonImmediateOops: No
[2,377s][debug][gc,nmethod     ] Register NMethod: java.util.concurrent.ConcurrentHashMap.initTable (0x000078e2e02f0808) [0x000078e2e02f0900, 0x000078e2e02f1558] Compiler: c1, Barriers: 6, Oops: 0, ImmediateOops: 0, NonImmediateOops: No
[2,377s][debug][gc,nmethod     ] Register NMethod: io.sirix.access.trx.page.NodePageReadOnlyTrx.getCurrentMaxIndirectPageTreeLevel (0x000078e2e02f1588) [0x000078e2e02f1680, 0x000078e2e02f9470] Compiler: c1, Barriers: 20, Oops: 1, ImmediateOops: 6, NonImmediateOops: No
[2,377s][debug][gc,nmethod     ] Register NMethod: java.util.concurrent.atomic.AtomicInteger.<init> (0x000078e2e02f9488) [0x000078e2e02f9580, 0x000078e2e02f9740] Compiler: c1, Barriers: 0, Oops: 0, ImmediateOops: 0, NonImmediateOops: No
[2,377s][debug][gc,nmethod     ] Register NMethod: com.github.benmanes.caffeine.cache.PSMW.setWeight (0x000078e2fed5b208) [0x000078e2fed5b300, 0x000078e2fed5b3c0] Compiler: c1, Barriers: 0, Oops: 1, ImmediateOops: 0, NonImmediateOops: No
[2,378s][debug][gc,nmethod     ] Register NMethod: com.github.benmanes.caffeine.cache.BoundedLocalCache.drainReadBuffer (0x000078e2e02f9788) [0x000078e2e02f9880, 0x000078e2e02fa568] Compiler: c1, Barriers: 3, Oops: 1, ImmediateOops: 0, NonImmediateOops: No
[2,378s][debug][gc,nmethod     ] Register NMethod: com.github.benmanes.caffeine.cache.BoundedLocalCache.performCleanUp (0x000078e2e02fa588) [0x000078e2e02fa680, 0x000078e2e02fc3b0] Compiler: c1, Barriers: 8, Oops: 1, ImmediateOops: 0, NonImmediateOops: No
[2,378s][debug][gc,nmethod     ] Register NMethod: com.github.benmanes.caffeine.cache.BoundedLocalCache.drainWriteBuffer (0x000078e2e02fc408) [0x000078e2e02fc500, 0x000078e2e02fdcc8] Compiler: c1, Barriers: 1, Oops: 6, ImmediateOops: 6, NonImmediateOops: No
[2,378s][debug][gc,nmethod     ] Register NMethod: com.github.benmanes.caffeine.cache.BoundedLocalCache.evictFromWindow (0x000078e2e02fdd08) [0x000078e2e02fde00, 0x000078e2e0300ed8] Compiler: c1, Barriers: 1, Oops: 1, ImmediateOops: 0, NonImmediateOops: No
[2,378s][debug][gc,nmethod     ] Register NMethod: java.util.concurrent.ForkJoinWorkerThread.resetThreadLocals (0x000078e2e0300f08) [0x000078e2e0301000, 0x000078e2e03014d0] Compiler: c1, Barriers: 8, Oops: 0, ImmediateOops: 0, NonImmediateOops: No
[2,378s][debug][gc,nmethod     ] Register NMethod: com.github.benmanes.caffeine.cache.AccessOrderDeque.setNext (0x000078e2e0301508) [0x000078e2e0301600, 0x000078e2e0301f60] Compiler: c1, Barriers: 0, Oops: 1, ImmediateOops: 0, NonImmediateOops: No
[2,378s][debug][gc,nmethod     ] Register NMethod: com.github.benmanes.caffeine.cache.AccessOrderDeque.setNext (0x000078e2e0301f88) [0x000078e2e0302080, 0x000078e2e0302390] Compiler: c1, Barriers: 0, Oops: 1, ImmediateOops: 0, NonImmediateOops: No
[2,378s][debug][gc,nmethod     ] Register NMethod: com.github.benmanes.caffeine.cache.AccessOrderDeque.setPrevious (0x000078e2e0302408) [0x000078e2e0302500, 0x000078e2e0302810] Compiler: c1, Barriers: 0, Oops: 1, ImmediateOops: 0, NonImmediateOops: No
[2,378s][debug][gc,nmethod     ] Register NMethod: com.github.benmanes.caffeine.cache.AccessOrderDeque.setPrevious (0x000078e2e0302888) [0x000078e2e0302980, 0x000078e2e03032e0] Compiler: c1, Barriers: 0, Oops: 1, ImmediateOops: 0, NonImmediateOops: No
[2,378s][debug][gc,nmethod     ] Register NMethod: com.github.benmanes.caffeine.cache.PSMW.setPreviousInAccessOrder (0x000078e2e0303308) [0x000078e2e0303400, 0x000078e2e0303950] Compiler: c1, Barriers: 3, Oops: 1, ImmediateOops: 0, NonImmediateOops: No
[2,378s][debug][gc,nmethod     ] Register NMethod: com.github.benmanes.caffeine.cache.PSMW.setNextInAccessOrder (0x000078e2e0303988) [0x000078e2e0303a80, 0x000078e2e0303fd0] Compiler: c1, Barriers: 3, Oops: 1, ImmediateOops: 0, NonImmediateOops: No
[2,378s][debug][gc,nmethod     ] Register NMethod: com.github.benmanes.caffeine.cache.BoundedLocalCache.drainKeyReferences (0x000078e2e0304008) [0x000078e2e0304100, 0x000078e2e0304428] Compiler: c1, Barriers: 0, Oops: 1, ImmediateOops: 0, NonImmediateOops: No
[2,379s][debug][gc,nmethod     ] Register NMethod: com.github.benmanes.caffeine.cache.BoundedLocalCache.drainValueReferences (0x000078e2e0304488) [0x000078e2e0304580, 0x000078e2e03048a8] Compiler: c1, Barriers: 0, Oops: 1, ImmediateOops: 0, NonImmediateOops: No
[2,379s][debug][gc,nmethod     ] Register NMethod: com.github.benmanes.caffeine.cache.BoundedLocalCache.expireAfterAccessEntries (0x000078e2e0304908) [0x000078e2e0304a00, 0x000078e2e0304d28] Compiler: c1, Barriers: 0, Oops: 1, ImmediateOops: 0, NonImmediateOops: No
[2,379s][debug][gc,nmethod     ] Register NMethod: io.sirix.page.KeyValueLeafPage.setData (0x000078e2e0304d88) [0x000078e2e0304e80, 0x000078e2e034a600] Compiler: c1, Barriers: 182, Oops: 16, ImmediateOops: 164, NonImmediateOops: No
[2,379s][debug][gc,nmethod     ] Register NMethod: com.github.benmanes.caffeine.cache.BoundedLocalCache.expireAfterWriteEntries (0x000078e2e034a688) [0x000078e2e034a780, 0x000078e2e034aaa8] Compiler: c1, Barriers: 0, Oops: 1, ImmediateOops: 0, NonImmediateOops: No
[2,379s][debug][gc,nmethod     ] Register NMethod: com.github.benmanes.caffeine.cache.BoundedLocalCache.expireEntries (0x000078e2e034ab08) [0x000078e2e034ac00, 0x000078e2e034ba60] Compiler: c1, Barriers: 0, Oops: 1, ImmediateOops: 1, NonImmediateOops: No
[2,379s][debug][gc,nmethod     ] Register NMethod: com.github.benmanes.caffeine.cache.BoundedLocalCache.evictEntries (0x000078e2e034ba88) [0x000078e2e034bb80, 0x000078e2e034c2c8] Compiler: c1, Barriers: 0, Oops: 1, ImmediateOops: 0, NonImmediateOops: No
[2,379s][debug][gc,nmethod     ] Register NMethod: com.github.benmanes.caffeine.cache.BoundedLocalCache.expireVariableEntries (0x000078e2e034c308) [0x000078e2e034c400, 0x000078e2e034c728] Compiler: c1, Barriers: 0, Oops: 1, ImmediateOops: 0, NonImmediateOops: No
[2,380s][debug][gc,nmethod     ] Register NMethod: java.util.concurrent.ConcurrentHashMap.putVal (0x000078e2df40f788) [0x000078e2df40f880, 0x000078e2df411dc8] Compiler: c1, Barriers: 28, Oops: 0, ImmediateOops: 1, NonImmediateOops: No
[2,380s][debug][gc,nmethod     ] Register NMethod: java.util.concurrent.ConcurrentHashMap.putVal (0x000078e2df40f788) [0x000078e2df40f880, 0x000078e2df411dc8] Compiler: c1, Barriers: 28, Oops: 0, ImmediateOops: 1, NonImmediateOops: No
[2,380s][debug][gc,nmethod     ] Register NMethod: com.github.benmanes.caffeine.cache.BoundedLocalCache.climb (0x000078e2e034c788) [0x000078e2e034c880, 0x000078e2e034d680] Compiler: c1, Barriers: 0, Oops: 1, ImmediateOops: 0, NonImmediateOops: No
[2,380s][debug][gc,nmethod     ] Register NMethod: com.github.benmanes.caffeine.cache.BoundedLocalCache.determineAdjustment (0x000078e2e034d708) [0x000078e2e034d820, 0x000078e2e03500c0] Compiler: c1, Barriers: 1, Oops: 1, ImmediateOops: 0, NonImmediateOops: No
[2,380s][debug][gc,director    ] Rule Major: Warmup 10%, Used: 362MB, UsedThreshold: 1228MB
[2,380s][debug][gc,nmethod     ] Register NMethod: com.github.benmanes.caffeine.cache.SSLMW.accessOrderProbationDeque (0x000078e2fed5b508) [0x000078e2fed5b600, 0x000078e2fed5b6f0] Compiler: c1, Barriers: 1, Oops: 1, ImmediateOops: 0, NonImmediateOops: No
[2,380s][debug][gc,nmethod     ] Register NMethod: com.github.benmanes.caffeine.cache.BoundedLocalCache.demoteFromMainProtected (0x000078e2e0350108) [0x000078e2e0350200, 0x000078e2e0352960] Compiler: c1, Barriers: 1, Oops: 1, ImmediateOops: 0, NonImmediateOops: No
[2,380s][debug][gc,nmethod     ] Register NMethod: com.github.benmanes.caffeine.cache.BoundedLocalCache.maintenance (0x000078e2e0352988) [0x000078e2e0352a80, 0x000078e2e035b5e8] Compiler: c1, Barriers: 3, Oops: 9, ImmediateOops: 40, NonImmediateOops: No
[2,380s][debug][gc,nmethod     ] Register NMethod: com.github.benmanes.caffeine.cache.SSLMW.mainProtectedMaximum (0x000078e2fed5b808) [0x000078e2fed5b900, 0x000078e2fed5b9c0] Compiler: c1, Barriers: 0, Oops: 1, ImmediateOops: 0, NonImmediateOops: No
[2,380s][debug][gc,nmethod     ] Register NMethod: com.github.benmanes.caffeine.cache.SSLMW.mainProtectedWeightedSize (0x000078e2fed5bb08) [0x000078e2fed5bc00, 0x000078e2fed5bcc0] Compiler: c1, Barriers: 0, Oops: 1, ImmediateOops: 0, NonImmediateOops: No
[2,380s][debug][gc,nmethod     ] Register NMethod: com.github.benmanes.caffeine.cache.SSLMW.setPreviousSampleHitRate (0x000078e2fed5be08) [0x000078e2fed5bf00, 0x000078e2fed5bfc0] Compiler: c1, Barriers: 0, Oops: 1, ImmediateOops: 0, NonImmediateOops: No
[2,380s][debug][gc,nmethod     ] Register NMethod: com.github.benmanes.caffeine.cache.SSLMW.adjustment (0x000078e2fed5c108) [0x000078e2fed5c200, 0x000078e2fed5c2c0] Compiler: c1, Barriers: 0, Oops: 1, ImmediateOops: 0, NonImmediateOops: No
[2,380s][debug][gc,nmethod     ] Register NMethod: com.github.benmanes.caffeine.cache.SSLMW.setWindowWeightedSize (0x000078e2fed5c408) [0x000078e2fed5c500, 0x000078e2fed5c5c0] Compiler: c1, Barriers: 0, Oops: 1, ImmediateOops: 0, NonImmediateOops: No
[2,380s][debug][gc,nmethod     ] Register NMethod: com.github.benmanes.caffeine.cache.SSLMW.setWeightedSize (0x000078e2fed5c708) [0x000078e2fed5c800, 0x000078e2fed5c8c0] Compiler: c1, Barriers: 0, Oops: 1, ImmediateOops: 0, NonImmediateOops: No
[2,381s][debug][gc,nmethod     ] Register NMethod: com.github.benmanes.caffeine.cache.BoundedLocalCache.rescheduleCleanUpIfIncomplete (0x000078e2e035b688) [0x000078e2e035b780, 0x000078e2e035cd50] Compiler: c1, Barriers: 1, Oops: 6, ImmediateOops: 7, NonImmediateOops: No
[2,381s][debug][gc,nmethod     ] Register NMethod: java.util.concurrent.ConcurrentHashMap.replaceNode (0x000078e2e02dc308) [0x000078e2e02dc400, 0x000078e2e02dd348] Compiler: c1, Barriers: 18, Oops: 0, ImmediateOops: 1, NonImmediateOops: No
[2,381s][debug][gc,nmethod     ] Register NMethod: java.util.concurrent.ConcurrentHashMap.replaceNode (0x000078e2e02dc308) [0x000078e2e02dc400, 0x000078e2e02dd348] Compiler: c1, Barriers: 18, Oops: 0, ImmediateOops: 1, NonImmediateOops: No
[2,381s][debug][gc,nmethod     ] Register NMethod: java.util.concurrent.ConcurrentHashMap.replaceNode (0x000078e2e02dc308) [0x000078e2e02dc400, 0x000078e2e02dd348] Compiler: c1, Barriers: 18, Oops: 0, ImmediateOops: 1, NonImmediateOops: No
[2,381s][debug][gc,nmethod     ] Register NMethod: java.util.concurrent.ConcurrentHashMap.replaceNode (0x000078e2e02dc308) [0x000078e2e02dc400, 0x000078e2e02dd348] Compiler: c1, Barriers: 18, Oops: 0, ImmediateOops: 1, NonImmediateOops: No
[2,381s][debug][gc,nmethod     ] Register NMethod: jdk.internal.misc.Unsafe.putLongRelease (0x000078e2e035cd88) [0x000078e2e035ce80, 0x000078e2e035cf98] Compiler: c1, Barriers: 0, Oops: 0, ImmediateOops: 0, NonImmediateOops: No
[2,381s][debug][gc,nmethod     ] Register NMethod: com.github.benmanes.caffeine.cache.BoundedLocalCache.evictFromMain (0x000078e2e035d088) [0x000078e2e035d180, 0x000078e2e03689c8] Compiler: c1, Barriers: 8, Oops: 8, ImmediateOops: 46, NonImmediateOops: No
[2,381s][debug][gc,nmethod     ] Register NMethod: com.github.benmanes.caffeine.cache.SSLSMW.accessOrderProbationDeque (0x000078e2fed5ca08) [0x000078e2fed5cb00, 0x000078e2fed5cbf0] Compiler: c1, Barriers: 1, Oops: 1, ImmediateOops: 0, NonImmediateOops: No
[2,381s][debug][gc,nmethod     ] Register NMethod: com.github.benmanes.caffeine.cache.BaseMpscLinkedArrayQueue.casProducerIndex (0x000078e2e0368a88) [0x000078e2e0368b80, 0x000078e2e03698b0] Compiler: c1, Barriers: 0, Oops: 6, ImmediateOops: 5, NonImmediateOops: No
[2,382s][debug][gc,nmethod     ] Register NMethod: com.github.benmanes.caffeine.cache.SSLSMW.setPreviousSampleHitRate (0x000078e2fed5cd08) [0x000078e2fed5ce00, 0x000078e2fed5cec0] Compiler: c1, Barriers: 0, Oops: 1, ImmediateOops: 0, NonImmediateOops: No
[2,382s][debug][gc,nmethod     ] Register NMethod: com.github.benmanes.caffeine.cache.SSLSMW.mainProtectedWeightedSize (0x000078e2fed5d008) [0x000078e2fed5d100, 0x000078e2fed5d1c0] Compiler: c1, Barriers: 0, Oops: 1, ImmediateOops: 0, NonImmediateOops: No
[2,382s][debug][gc,nmethod     ] Register NMethod: com.github.benmanes.caffeine.cache.SSLSMW.mainProtectedMaximum (0x000078e2fed5d308) [0x000078e2fed5d400, 0x000078e2fed5d4c0] Compiler: c1, Barriers: 0, Oops: 1, ImmediateOops: 0, NonImmediateOops: No
[2,382s][debug][gc,nmethod     ] Register NMethod: com.github.benmanes.caffeine.cache.SSLSMW.adjustment (0x000078e2fed5d608) [0x000078e2fed5d700, 0x000078e2fed5d7c0] Compiler: c1, Barriers: 0, Oops: 1, ImmediateOops: 0, NonImmediateOops: No
[2,382s][debug][gc,nmethod     ] Register NMethod: com.github.benmanes.caffeine.cache.BoundedLocalCache.scheduleAfterWrite (0x000078e2e0369908) [0x000078e2e0369a00, 0x000078e2e036cfe0] Compiler: c1, Barriers: 0, Oops: 7, ImmediateOops: 17, NonImmediateOops: No
[2,382s][debug][gc,nmethod     ] Register NMethod: sun.nio.fs.NativeBuffers.copyCStringToNativeBuffer (0x000078e2e036d088) [0x000078e2e036d180, 0x000078e2e036d740] Compiler: c1, Barriers: 0, Oops: 1, ImmediateOops: 1, NonImmediateOops: No
[2,382s][debug][gc,nmethod     ] Register NMethod: java.nio.channels.spi.AbstractInterruptibleChannel.begin (0x000078e2e036d788) [0x000078e2e036d880, 0x000078e2e036e498] Compiler: c1, Barriers: 6, Oops: 0, ImmediateOops: 1, NonImmediateOops: No
[2,382s][debug][gc,nmethod     ] Register NMethod: java.util.concurrent.ForkJoinPool$WorkQueue.unlockPhase (0x000078e2e036e508) [0x000078e2e036e600, 0x000078e2e036e710] Compiler: c1, Barriers: 0, Oops: 0, ImmediateOops: 0, NonImmediateOops: No
[2,383s][debug][gc,nmethod     ] Register NMethod: com.github.benmanes.caffeine.cache.BaseMpscLinkedArrayQueue.offer (0x000078e2e036e808) [0x000078e2e036e900, 0x000078e2e0371c10] Compiler: c1, Barriers: 4, Oops: 12, ImmediateOops: 16, NonImmediateOops: No
[2,384s][debug][gc,nmethod     ] Register NMethod: io.sirix.index.path.summary.PathNode.getURIKey (0x000078e2e0371c88) [0x000078e2e0371d80, 0x000078e2e0371ee0] Compiler: c1, Barriers: 1, Oops: 1, ImmediateOops: 0, NonImmediateOops: No
[2,384s][debug][gc,nmethod     ] Register NMethod: it.unimi.dsi.fastutil.ints.Int2IntOpenHashMap.getOrDefault (0x000078e2e0371f88) [0x000078e2e0372080, 0x000078e2e03725f0] Compiler: c1, Barriers: 4, Oops: 1, ImmediateOops: 0, NonImmediateOops: No
[2,384s][debug][gc,nmethod     ] Register NMethod: io.sirix.index.path.summary.PathNode.setParent (0x000078e2fed5d908) [0x000078e2fed5da00, 0x000078e2fed5db30] Compiler: c1, Barriers: 3, Oops: 1, ImmediateOops: 0, NonImmediateOops: No
[2,384s][debug][gc,nmethod     ] Register NMethod: io.sirix.axis.pathsummary.AbstractAxis.hasNext (0x000078e2e0372608) [0x000078e2e0372700, 0x000078e2e0372da8] Compiler: c1, Barriers: 2, Oops: 1, ImmediateOops: 1, NonImmediateOops: No
[2,385s][debug][gc,nmethod     ] Register NMethod: java.nio.channels.spi.AbstractInterruptibleChannel.end (0x000078e2e0372e08) [0x000078e2e0372f00, 0x000078e2e03739a0] Compiler: c1, Barriers: 8, Oops: 0, ImmediateOops: 1, NonImmediateOops: No
[2,385s][debug][gc,nmethod     ] Register NMethod: jdk.internal.misc.Unsafe.weakCompareAndSetLongRelease (0x000078e2e0373a08) [0x000078e2e0373b00, 0x000078e2e0373c20] Compiler: c1, Barriers: 0, Oops: 0, ImmediateOops: 0, NonImmediateOops: No
[2,385s][debug][gc,nmethod     ] Register NMethod: java.util.concurrent.atomic.LongAdder.add (0x000078e2e0373d08) [0x000078e2e0373e00, 0x000078e2e0374778] Compiler: c1, Barriers: 3, Oops: 1, ImmediateOops: 2, NonImmediateOops: No
[2,385s][debug][gc,nmethod     ] Register NMethod: java.util.concurrent.atomic.Striped64.casBase (0x000078e2e0374788) [0x000078e2e0374880, 0x000078e2e03756f0] Compiler: c1, Barriers: 0, Oops: 5, ImmediateOops: 6, NonImmediateOops: No
[2,385s][debug][gc,nmethod     ] Register NMethod: java.lang.invoke.VarHandleLongs$FieldInstanceReadWrite.weakCompareAndSetRelease (0x000078e2e0375788) [0x000078e2e0375880, 0x000078e2e03764a8] Compiler: c1, Barriers: 1, Oops: 1, ImmediateOops: 1, NonImmediateOops: No
[2,385s][debug][gc,nmethod     ] Register NMethod: sun.security.provider.SHA2.implCompress0 (0x000078e2fed5dc08) [0x000078e2fed5dd00, 0x000078e2fed5ea68] Compiler: jvmci, Barriers: 5, Oops: 0, ImmediateOops: 1, NonImmediateOops: No
[2,387s][debug][gc,nmethod     ] Register NMethod: com.github.benmanes.caffeine.cache.BoundedLocalCache.setVariableTime (0x000078e2e0376508) [0x000078e2e0376600, 0x000078e2e0376928] Compiler: c1, Barriers: 0, Oops: 1, ImmediateOops: 0, NonImmediateOops: No
[2,388s][debug][gc,nmethod     ] Register NMethod: it.unimi.dsi.fastutil.HashCommon.arraySize (0x000078e2e0376988) [0x000078e2e0376a80, 0x000078e2e0378020] Compiler: c1, Barriers: 0, Oops: 4, ImmediateOops: 4, NonImmediateOops: No
[2,388s][debug][gc,nmethod     ] Register NMethod: java.util.UUID.parse4Nibbles (0x000078e2e0378088) [0x000078e2e0378180, 0x000078e2e037a528] Compiler: c1, Barriers: 8, Oops: 2, ImmediateOops: 9, NonImmediateOops: No
[2,388s][debug][gc,nmethod     ] Register NMethod: io.sirix.node.MemorySegmentBytesIn.readShort (0x000078e2e037a588) [0x000078e2e037a680, 0x000078e2e037e2b8] Compiler: c1, Barriers: 5, Oops: 6, ImmediateOops: 10, NonImmediateOops: No
[2,388s][debug][gc,nmethod     ] Register NMethod: com.github.benmanes.caffeine.cache.BoundedLocalCache.setWriteTime (0x000078e2e037e308) [0x000078e2e037e400, 0x000078e2e037e950] Compiler: c1, Barriers: 0, Oops: 1, ImmediateOops: 0, NonImmediateOops: No
[2,388s][debug][gc,nmethod     ] Register NMethod: sun.nio.ch.Util.isBufferTooLarge (0x000078e2e037e988) [0x000078e2e037ea80, 0x000078e2e037ebc0] Compiler: c1, Barriers: 0, Oops: 0, ImmediateOops: 0, NonImmediateOops: No
[2,389s][debug][gc,nmethod     ] Register NMethod: java.lang.invoke.MethodHandleImpl$CountingWrapper.getTarget (0x000078e2fed5ea88) [0x000078e2fed5eb80, 0x000078e2fed5ec68] Compiler: c1, Barriers: 1, Oops: 0, ImmediateOops: 0, NonImmediateOops: No
[2,389s][debug][gc,nmethod     ] Register NMethod: java.lang.invoke.VarHandleSegmentAsShorts.get (0x000078e2e037ec88) [0x000078e2e037ed80, 0x000078e2e0384238] Compiler: c1, Barriers: 24, Oops: 2, ImmediateOops: 6, NonImmediateOops: No
[2,389s][debug][gc,nmethod     ] Register NMethod: jdk.internal.foreign.AbstractMemorySegmentImpl.get (0x000078e2e0384288) [0x000078e2e0384380, 0x000078e2e0387c90] Compiler: c1, Barriers: 27, Oops: 5, ImmediateOops: 12, NonImmediateOops: No
[2,389s][debug][gc,nmethod     ] Register NMethod: java.nio.ByteBuffer.base (0x000078e2fed5ed88) [0x000078e2fed5ee80, 0x000078e2fed5ef68] Compiler: c1, Barriers: 1, Oops: 0, ImmediateOops: 0, NonImmediateOops: No
[2,389s][debug][gc,nmethod     ] Register NMethod: java.lang.invoke.VarHandleSegmentAsShorts.get (0x000078e2e0387d08) [0x000078e2e0387e00, 0x000078e2e038d038] Compiler: c1, Barriers: 24, Oops: 2, ImmediateOops: 6, NonImmediateOops: No
[2,390s][debug][gc,nmethod     ] Register NMethod: com.github.benmanes.caffeine.cache.LocalManualCache.asMap (0x000078e2e038d088) [0x000078e2e038d180, 0x000078e2e038d360] Compiler: c1, Barriers: 1, Oops: 1, ImmediateOops: 0, NonImmediateOops: No
[2,390s][debug][gc,nmethod     ] Register NMethod: net.jpountz.lz4.LZ4JNI.LZ4_decompress_fast (0x000078e2fed5f088) [0x000078e2fed5f180, 0x000078e2fed5f348] Compiler: , Barriers: 0, Oops: 1, ImmediateOops: 1, NonImmediateOops: No
[2,390s][debug][gc,director    ] Rule Major: Warmup 10%, Used: 362MB, UsedThreshold: 1228MB
[2,391s][debug][gc,nmethod     ] Register NMethod: java.lang.invoke.DirectMethodHandle$Holder.fieldAccess (0x000078e2e038d388) [0x000078e2e038d480, 0x000078e2e038d978] Compiler: c1, Barriers: 0, Oops: 0, ImmediateOops: 0, NonImmediateOops: No
[2,391s][debug][gc,nmethod     ] Register NMethod: sun.nio.fs.UnixNativeDispatcher.open0 (0x000078e2fed5f388) [0x000078e2fed5f480, 0x000078e2fed5f5e0] Compiler: , Barriers: 0, Oops: 0, ImmediateOops: 1, NonImmediateOops: No
[2,392s][debug][gc,nmethod     ] Register NMethod: com.github.benmanes.caffeine.cache.Caffeine.requireArgument (0x000078e2e038d988) [0x000078e2e038da80, 0x000078e2e038dc50] Compiler: c1, Barriers: 0, Oops: 1, ImmediateOops: 0, NonImmediateOops: No
[2,392s][debug][gc,nmethod     ] Register NMethod: java.util.concurrent.locks.ReentrantLock.tryLock (0x000078e2e038dc88) [0x000078e2e038dd80, 0x000078e2e038e0b8] Compiler: c1, Barriers: 1, Oops: 0, ImmediateOops: 0, NonImmediateOops: No
[2,392s][debug][gc,nmethod     ] Register NMethod: java.util.concurrent.locks.ReentrantLock$Sync.tryLock (0x000078e2e038e108) [0x000078e2e038e200, 0x000078e2e038eff8] Compiler: c1, Barriers: 5, Oops: 0, ImmediateOops: 1, NonImmediateOops: No
[2,392s][debug][gc,nmethod     ] Register NMethod: com.github.benmanes.caffeine.cache.BoundedLocalCache$PerformCleanupTask.run (0x000078e2e038f008) [0x000078e2e038f100, 0x000078e2e038f880] Compiler: c1, Barriers: 3, Oops: 1, ImmediateOops: 0, NonImmediateOops: No
[2,392s][debug][gc,nmethod     ] Register NMethod: com.github.benmanes.caffeine.cache.BoundedLocalCache$PerformCleanupTask.exec (0x000078e2e038f908) [0x000078e2e038fa00, 0x000078e2e03904a8] Compiler: c1, Barriers: 4, Oops: 2, ImmediateOops: 2, NonImmediateOops: No
[2,392s][debug][gc,nmethod     ] Register NMethod: java.util.concurrent.ForkJoinPool.tryTrim (0x000078e2e0390508) [0x000078e2e0390600, 0x000078e2e0390dc0] Compiler: c1, Barriers: 3, Oops: 0, ImmediateOops: 1, NonImmediateOops: No
[2,392s][debug][gc,nmethod     ] Register NMethod: com.github.benmanes.caffeine.cache.SSLSMW.setWeightedSize (0x000078e2fed5f688) [0x000078e2fed5f780, 0x000078e2fed5f840] Compiler: c1, Barriers: 0, Oops: 1, ImmediateOops: 0, NonImmediateOops: No
[2,393s][debug][gc,nmethod     ] Register NMethod: com.github.benmanes.caffeine.cache.SSLSMW.setWindowWeightedSize (0x000078e2fed5f988) [0x000078e2fed5fa80, 0x000078e2fed5fb40] Compiler: c1, Barriers: 0, Oops: 1, ImmediateOops: 0, NonImmediateOops: No
[2,393s][debug][gc,nmethod     ] Register NMethod: com.github.benmanes.caffeine.cache.SSLS.isRecordingStats (0x000078e2fed5fc88) [0x000078e2fed5fd80, 0x000078e2fed5fe40] Compiler: c1, Barriers: 0, Oops: 1, ImmediateOops: 0, NonImmediateOops: No
[2,393s][debug][gc,nmethod     ] Register NMethod: com.github.benmanes.caffeine.cache.Ticker.systemTicker (0x000078e2e0390e08) [0x000078e2e0390f00, 0x000078e2e0390fe8] Compiler: c1, Barriers: 0, Oops: 1, ImmediateOops: 1, NonImmediateOops: No
[2,393s][debug][gc,nmethod     ] Register NMethod: com.github.benmanes.caffeine.cache.SSLS.statsTicker (0x000078e2e0391108) [0x000078e2e0391200, 0x000078e2e0391360] Compiler: c1, Barriers: 0, Oops: 1, ImmediateOops: 1, NonImmediateOops: No
[2,393s][debug][gc,nmethod     ] Register NMethod: com.github.benmanes.caffeine.cache.SystemTicker.read (0x000078e2e0391408) [0x000078e2e0391500, 0x000078e2e0391620] Compiler: c1, Barriers: 0, Oops: 1, ImmediateOops: 0, NonImmediateOops: No
[2,393s][debug][gc,nmethod     ] Register NMethod: java.lang.Byte.valueOf (0x000078e2e0391708) [0x000078e2e0391800, 0x000078e2e0391940] Compiler: c1, Barriers: 1, Oops: 0, ImmediateOops: 1, NonImmediateOops: No
[2,393s][debug][gc,nmethod     ] Register NMethod: com.github.benmanes.caffeine.cache.BoundedWeigher.weigh (0x000078e2e0391a08) [0x000078e2e0391b00, 0x000078e2e0391fd0] Compiler: c1, Barriers: 1, Oops: 1, ImmediateOops: 0, NonImmediateOops: No
[2,394s][debug][gc,nmethod     ] Register NMethod: io.sirix.node.SirixDeweyID.setDivisionBitArray (0x000078e2fed5ff88) [0x000078e2fed60080, 0x000078e2fed608d8] Compiler: jvmci, Barriers: 4, Oops: 1, ImmediateOops: 3, NonImmediateOops: No
[2,394s][debug][gc,nmethod     ] Register NMethod: java.util.concurrent.ConcurrentHashMap.compute (0x000078e2e0392008) [0x000078e2e0392100, 0x000078e2e0395a68] Compiler: c1, Barriers: 33, Oops: 0, ImmediateOops: 2, NonImmediateOops: No
[2,394s][debug][gc,nmethod     ] Register NMethod: com.github.benmanes.caffeine.cache.PSMW.getNextInAccessOrder (0x000078e2e0395a88) [0x000078e2e0395b80, 0x000078e2e0395e80] Compiler: c1, Barriers: 1, Oops: 1, ImmediateOops: 0, NonImmediateOops: No
[2,394s][debug][gc,nmethod     ] Register NMethod: java.util.concurrent.ForkJoinPool.submissionQueue (0x000078e2e0395f08) [0x000078e2e0396000, 0x000078e2e03971e0] Compiler: c1, Barriers: 8, Oops: 1, ImmediateOops: 1, NonImmediateOops: No
[2,395s][debug][gc,nmethod     ] Register NMethod: java.lang.invoke.LambdaForm$MH/0x00000000922b1000.linkToTargetMethod (0x000078e2e0397208) [0x000078e2e0397300, 0x000078e2e03978b0] Compiler: c1, Barriers: 0, Oops: 1, ImmediateOops: 0, NonImmediateOops: No
[2,395s][debug][gc,nmethod     ] Register NMethod: java.lang.invoke.LambdaForm$DMH/0x00000000922b0800.newInvokeSpecial (0x000078e2e0397908) [0x000078e2e0397a00, 0x000078e2e0398338] Compiler: c1, Barriers: 2, Oops: 1, ImmediateOops: 1, NonImmediateOops: No
[2,395s][debug][gc,nmethod     ] Register NMethod: com.github.benmanes.caffeine.cache.LocalCache.statsAware (0x000078e2e0398388) [0x000078e2e0398480, 0x000078e2e0398d50] Compiler: c1, Barriers: 6, Oops: 4, ImmediateOops: 2, NonImmediateOops: No
[2,395s][debug][gc,nmethod     ] Register NMethod: com.github.benmanes.caffeine.cache.BoundedLocalCache$$Lambda/0x00000000922aad10.<init> (0x000078e2e0398d88) [0x000078e2e0398e80, 0x000078e2e0399590] Compiler: c1, Barriers: 36, Oops: 1, ImmediateOops: 0, NonImmediateOops: No
[2,395s][debug][gc,nmethod     ] Register NMethod: com.github.benmanes.caffeine.cache.BoundedLocalCache$$Lambda/0x00000000922aad10.apply (0x000078e2e0399608) [0x000078e2e0399700, 0x000078e2e0399da8] Compiler: c1, Barriers: 12, Oops: 1, ImmediateOops: 0, NonImmediateOops: No
[2,395s][debug][gc,nmethod     ] Register NMethod: com.github.benmanes.caffeine.cache.BoundedLocalCache.remap (0x000078e2e0399e08) [0x000078e2e0399f00, 0x000078e2e039ce68] Compiler: c1, Barriers: 31, Oops: 4, ImmediateOops: 4, NonImmediateOops: No
[2,396s][debug][gc,nmethod     ] Register NMethod: io.sirix.node.MemorySegmentBytesIn.readUtf8 (0x000078e2e039cf08) [0x000078e2e039d000, 0x000078e2e039d4f8] Compiler: c1, Barriers: 0, Oops: 1, ImmediateOops: 1, NonImmediateOops: No
[2,396s][debug][gc,nmethod     ] Register NMethod: io.sirix.page.PageReference.equals (0x000078e2e039d508) [0x000078e2e039d600, 0x000078e2e039dc50] Compiler: c1, Barriers: 0, Oops: 1, ImmediateOops: 0, NonImmediateOops: No
[2,396s][debug][gc,nmethod     ] Register NMethod: java.util.concurrent.ConcurrentHashMap$KeySetView.add (0x000078e2e039dc88) [0x000078e2e039dd80, 0x000078e2e039e228] Compiler: c1, Barriers: 2, Oops: 0, ImmediateOops: 0, NonImmediateOops: No
[2,396s][debug][gc,nmethod     ] Register NMethod: java.util.concurrent.ForkJoinTask$InterruptibleTask.postExec (0x000078e2fed60908) [0x000078e2fed60a00, 0x000078e2fed60ac0] Compiler: c1, Barriers: 0, Oops: 0, ImmediateOops: 0, NonImmediateOops: No
[2,396s][debug][gc,nmethod     ] Register NMethod: com.github.benmanes.caffeine.cache.BoundedLocalCache.isRecordingStats (0x000078e2fed60c08) [0x000078e2fed60d00, 0x000078e2fed60dc0] Compiler: c1, Barriers: 0, Oops: 1, ImmediateOops: 0, NonImmediateOops: No
[2,397s][debug][gc,nmethod     ] Register NMethod: io.sirix.node.xml.AbstractStructForwardingNode.<init> (0x000078e2e039e288) [0x000078e2e039e380, 0x000078e2e039e598] Compiler: c1, Barriers: 0, Oops: 1, ImmediateOops: 0, NonImmediateOops: No
[2,397s][debug][gc,nmethod     ] Register NMethod: io.sirix.node.delegates.NodeDelegate.<init> (0x000078e2e039e608) [0x000078e2e039e700, 0x000078e2e039ec58] Compiler: c1, Barriers: 6, Oops: 1, ImmediateOops: 1, NonImmediateOops: No
[2,397s][debug][gc,nmethod     ] Register NMethod: io.sirix.index.path.summary.PathNode.hashCode (0x000078e2e039ec88) [0x000078e2e039ed80, 0x000078e2e039f5c0] Compiler: c1, Barriers: 8, Oops: 1, ImmediateOops: 0, NonImmediateOops: No
[2,397s][debug][gc,nmethod     ] Register NMethod: io.sirix.node.delegates.NameNodeDelegate.<init> (0x000078e2e039f608) [0x000078e2e039f700, 0x000078e2e039fab0] Compiler: c1, Barriers: 3, Oops: 1, ImmediateOops: 1, NonImmediateOops: No
[2,397s][debug][gc,nmethod     ] Register NMethod: io.sirix.index.path.summary.PathNode.setRightSibling (0x000078e2fed60f08) [0x000078e2fed61000, 0x000078e2fed61130] Compiler: c1, Barriers: 3, Oops: 1, ImmediateOops: 0, NonImmediateOops: No
[2,397s][debug][gc,nmethod     ] Register NMethod: io.sirix.index.path.summary.PathNode.getLeftSibling (0x000078e2fed61208) [0x000078e2fed61300, 0x000078e2fed613e8] Compiler: c1, Barriers: 1, Oops: 1, ImmediateOops: 0, NonImmediateOops: No
[2,397s][debug][gc,nmethod     ] Register NMethod: io.sirix.index.path.summary.PathNode.setLeftSibling (0x000078e2fed61508) [0x000078e2fed61600, 0x000078e2fed61730] Compiler: c1, Barriers: 3, Oops: 1, ImmediateOops: 0, NonImmediateOops: No
[2,397s][debug][gc,nmethod     ] Register NMethod: io.sirix.page.KeyValueLeafPage.getDeweyId (0x000078e2fed61808) [0x000078e2fed61900, 0x000078e2fed61d70] Compiler: jvmci, Barriers: 7, Oops: 1, ImmediateOops: 0, NonImmediateOops: No
[2,398s][debug][gc,nmethod     ] Register NMethod: io.sirix.index.path.summary.PathNode.<init> (0x000078e2e039fb08) [0x000078e2e039fc00, 0x000078e2e03a0848] Compiler: c1, Barriers: 15, Oops: 2, ImmediateOops: 2, NonImmediateOops: No
[2,398s][debug][gc,nmethod     ] Register NMethod: io.sirix.node.delegates.NodeDelegate.hashCode (0x000078e2e03a0888) [0x000078e2e03a0980, 0x000078e2e03a16e8] Compiler: c1, Barriers: 10, Oops: 1, ImmediateOops: 1, NonImmediateOops: No
[2,398s][debug][gc,nmethod     ] Register NMethod: io.sirix.node.delegates.NameNodeDelegate.hashCode (0x000078e2e03a1708) [0x000078e2e03a1800, 0x000078e2e03a29d8] Compiler: c1, Barriers: 12, Oops: 1, ImmediateOops: 3, NonImmediateOops: No
[2,398s][debug][gc,nmethod     ] Register NMethod: java.io.FileDescriptor.close0 (0x000078e2fed61d88) [0x000078e2fed61e80, 0x000078e2fed61fc8] Compiler: , Barriers: 0, Oops: 0, ImmediateOops: 0, NonImmediateOops: No
[2,399s][debug][gc,nmethod     ] Register NMethod: java.lang.invoke.DirectMethodHandle$Holder.invokeStatic (0x000078e2e03a2a08) [0x000078e2e03a2b00, 0x000078e2e03a2ec8] Compiler: c1, Barriers: 1, Oops: 0, ImmediateOops: 0, NonImmediateOops: No
[2,399s][debug][gc,nmethod     ] Register NMethod: net.jpountz.xxhash.StreamingXXHash32JNI.update (0x000078e2e03a2f08) [0x000078e2e03a3000, 0x000078e2e03a3408] Compiler: c1, Barriers: 0, Oops: 1, ImmediateOops: 1, NonImmediateOops: No
[2,399s][debug][gc,nmethod     ] Register NMethod: net.jpountz.xxhash.StreamingXXHash32JNI.getValue (0x000078e2e03a3488) [0x000078e2e03a3580, 0x000078e2e03a3978] Compiler: c1, Barriers: 0, Oops: 1, ImmediateOops: 1, NonImmediateOops: No
[2,399s][debug][gc,nmethod     ] Register NMethod: java.lang.runtime.ObjectMethods.hashCombiner (0x000078e2e03a3988) [0x000078e2e03a3a80, 0x000078e2e03a3b70] Compiler: c1, Barriers: 0, Oops: 0, ImmediateOops: 0, NonImmediateOops: No
[2,399s][debug][gc,nmethod     ] Register NMethod: com.github.benmanes.caffeine.cache.BoundedLocalCache.lambda$remap$16 (0x000078e2e03a3c88) [0x000078e2e03a3d80, 0x000078e2e03b2180] Compiler: c1, Barriers: 64, Oops: 12, ImmediateOops: 54, NonImmediateOops: No
[2,399s][debug][gc,nmethod     ] Register NMethod: com.github.benmanes.caffeine.cache.FrequencySketch.increment (0x000078e2e03b2208) [0x000078e2e03b2300, 0x000078e2e03b3948] Compiler: c1, Barriers: 1, Oops: 1, ImmediateOops: 0, NonImmediateOops: No
[2,399s][debug][gc,nmethod     ] Register NMethod: java.lang.invoke.LambdaForm$MH/0x000000009229d800.invoke (0x000078e2e03b3988) [0x000078e2e03b3a80, 0x000078e2e03b4a38] Compiler: c1, Barriers: 3, Oops: 1, ImmediateOops: 0, NonImmediateOops: No
[2,399s][debug][gc,nmethod     ] Register NMethod: net.jpountz.xxhash.StreamingXXHash32$1.update (0x000078e2e03b4a88) [0x000078e2e03b4b80, 0x000078e2e03b4d08] Compiler: c1, Barriers: 1, Oops: 1, ImmediateOops: 0, NonImmediateOops: No
[2,399s][debug][gc,nmethod     ] Register NMethod: net.jpountz.xxhash.StreamingXXHash32$1.getValue (0x000078e2e03b4d88) [0x000078e2e03b4e80, 0x000078e2e03b5370] Compiler: c1, Barriers: 1, Oops: 1, ImmediateOops: 1, NonImmediateOops: No
[2,400s][debug][gc,nmethod     ] Register NMethod: net.jpountz.lz4.LZ4BlockInputStream.refill (0x000078e2e03b5388) [0x000078e2e03b5480, 0x000078e2e03b7490] Compiler: c1, Barriers: 22, Oops: 1, ImmediateOops: 11, NonImmediateOops: No
[2,400s][debug][gc,nmethod     ] Register NMethod: net.jpountz.xxhash.StreamingXXHash32.<init> (0x000078e2e03b7508) [0x000078e2e03b7600, 0x000078e2e03b7780] Compiler: c1, Barriers: 0, Oops: 1, ImmediateOops: 0, NonImmediateOops: No
[2,400s][debug][gc,nmethod     ] Register NMethod: net.jpountz.xxhash.StreamingXXHash32JNI.<init> (0x000078e2e03b7808) [0x000078e2e03b7900, 0x000078e2e03b7b20] Compiler: c1, Barriers: 0, Oops: 1, ImmediateOops: 0, NonImmediateOops: No
[2,400s][debug][gc,nmethod     ] Register NMethod: net.jpountz.xxhash.XXHashFactory.newStreamingHash32 (0x000078e2e03b7b88) [0x000078e2e03b7c80, 0x000078e2e03b8030] Compiler: c1, Barriers: 1, Oops: 1, ImmediateOops: 0, NonImmediateOops: No
[2,400s][debug][gc,nmethod     ] Register NMethod: net.jpountz.xxhash.StreamingXXHash32JNI$Factory.newStreamingHash (0x000078e2e03b8088) [0x000078e2e03b8180, 0x000078e2e03b8458] Compiler: c1, Barriers: 0, Oops: 1, ImmediateOops: 0, NonImmediateOops: No
[2,400s][debug][gc,nmethod     ] Register NMethod: net.jpountz.xxhash.StreamingXXHash32.asChecksum (0x000078e2e03b8488) [0x000078e2e03b8580, 0x000078e2e03b8808] Compiler: c1, Barriers: 3, Oops: 1, ImmediateOops: 0, NonImmediateOops: No
[2,400s][debug][gc,nmethod     ] Register NMethod: net.jpountz.xxhash.StreamingXXHash32$1.<init> (0x000078e2e03b8888) [0x000078e2e03b8980, 0x000078e2e03b8b58] Compiler: c1, Barriers: 3, Oops: 1, ImmediateOops: 0, NonImmediateOops: No
[2,400s][debug][gc,nmethod     ] Register NMethod: net.jpountz.xxhash.XXHashFactory.nativeInstance (0x000078e2e03b8b88) [0x000078e2e03b8c80, 0x000078e2e03b91f0] Compiler: c1, Barriers: 5, Oops: 2, ImmediateOops: 5, NonImmediateOops: No
[2,400s][debug][gc,nmethod     ] Register NMethod: net.jpountz.xxhash.StreamingXXHash32$1.reset (0x000078e2e03b9208) [0x000078e2e03b9300, 0x000078e2e03b9810] Compiler: c1, Barriers: 1, Oops: 1, ImmediateOops: 1, NonImmediateOops: No
[2,400s][debug][gc,nmethod     ] Register NMethod: net.jpountz.lz4.LZ4Factory.nativeInstance (0x000078e2e03b9888) [0x000078e2e03b9980, 0x000078e2e03b9ef0] Compiler: c1, Barriers: 5, Oops: 2, ImmediateOops: 5, NonImmediateOops: No
[2,400s][debug][gc,director    ] Rule Major: Warmup 10%, Used: 364MB, UsedThreshold: 1228MB
[2,400s][debug][gc,nmethod     ] Register NMethod: com.github.benmanes.caffeine.cache.UnboundedLocalCache$UnboundedLocalAsyncCache.cache (0x000078e2fed62088) [0x000078e2fed62180, 0x000078e2fed62268] Compiler: c1, Barriers: 1, Oops: 1, ImmediateOops: 0, NonImmediateOops: No
[2,401s][debug][gc,nmethod     ] Register NMethod: net.jpountz.xxhash.XXHashFactory.fastestInstance (0x000078e2e03b9f08) [0x000078e2e03ba000, 0x000078e2e03bcaa8] Compiler: c1, Barriers: 35, Oops: 5, ImmediateOops: 38, NonImmediateOops: No
[2,401s][debug][gc,nmethod     ] Register NMethod: java.lang.invoke.Invokers$Holder.linkToTargetMethod (0x000078e2e03bcb08) [0x000078e2e03bcc00, 0x000078e2e03bd0f8] Compiler: c1, Barriers: 0, Oops: 0, ImmediateOops: 0, NonImmediateOops: No
[2,401s][debug][gc,nmethod     ] Register NMethod: java.nio.ByteBuffer.allocateDirect (0x000078e2e03bd108) [0x000078e2e03bd200, 0x000078e2e03bd388] Compiler: c1, Barriers: 0, Oops: 0, ImmediateOops: 0, NonImmediateOops: No
[2,401s][debug][gc,nmethod     ] Register NMethod: jdk.internal.misc.Unsafe.setMemory (0x000078e2e03bd408) [0x000078e2e03bd500, 0x000078e2e03bd810] Compiler: c1, Barriers: 0, Oops: 0, ImmediateOops: 0, NonImmediateOops: No
[2,401s][debug][gc,nmethod     ] Register NMethod: net.jpountz.lz4.LZ4Factory.fastestInstance (0x000078e2e03bd888) [0x000078e2e03bd980, 0x000078e2e03c0428] Compiler: c1, Barriers: 35, Oops: 5, ImmediateOops: 38, NonImmediateOops: No
[2,401s][debug][gc,nmethod     ] Register NMethod: java.nio.Bits.pageSize (0x000078e2e03c0488) [0x000078e2e03c0580, 0x000078e2e03c08e0] Compiler: c1, Barriers: 0, Oops: 0, ImmediateOops: 4, NonImmediateOops: No
[2,401s][debug][gc,nmethod     ] Register NMethod: java.nio.DirectByteBuffer$Deallocator.<init> (0x000078e2e03c0908) [0x000078e2e03c0a00, 0x000078e2e03c0bd8] Compiler: c1, Barriers: 0, Oops: 0, ImmediateOops: 0, NonImmediateOops: No
[2,401s][debug][gc,nmethod     ] Register NMethod: jdk.internal.ref.Cleaner.create (0x000078e2e03c0c08) [0x000078e2e03c0d00, 0x000078e2e03c1668] Compiler: c1, Barriers: 25, Oops: 1, ImmediateOops: 4, NonImmediateOops: No
[2,401s][debug][gc,nmethod     ] Register NMethod: jdk.internal.misc.Unsafe.setMemory (0x000078e2e03c1688) [0x000078e2e03c1780, 0x000078e2e03c23b0] Compiler: c1, Barriers: 2, Oops: 0, ImmediateOops: 0, NonImmediateOops: No
[2,401s][debug][gc,nmethod     ] Register NMethod: jdk.internal.ref.Cleaner.<init> (0x000078e2e03c2408) [0x000078e2e03c2500, 0x000078e2e03c2998] Compiler: c1, Barriers: 15, Oops: 1, ImmediateOops: 1, NonImmediateOops: No
[2,401s][debug][gc,nmethod     ] Register NMethod: jdk.internal.ref.Cleaner.add (0x000078e2e03c2a08) [0x000078e2e03c2b00, 0x000078e2e03c2f28] Compiler: c1, Barriers: 10, Oops: 0, ImmediateOops: 3, NonImmediateOops: No
[2,402s][debug][gc,nmethod     ] Register NMethod: jdk.internal.misc.Unsafe.setMemoryChecks (0x000078e2e03c2f88) [0x000078e2e03c3080, 0x000078e2e03c3cd8] Compiler: c1, Barriers: 2, Oops: 0, ImmediateOops: 0, NonImmediateOops: No
[2,402s][debug][gc,nmethod     ] Register NMethod: jdk.internal.misc.Unsafe.getAndBitwiseOrInt (0x000078e2e03c3d08) [0x000078e2e03c3e00, 0x000078e2e03c41d8] Compiler: c1, Barriers: 0, Oops: 0, ImmediateOops: 0, NonImmediateOops: No
[2,402s][debug][gc,nmethod     ] Register NMethod: java.nio.DirectByteBuffer.<init> (0x000078e2e03c4208) [0x000078e2e03c4300, 0x000078e2e03c5c70] Compiler: c1, Barriers: 25, Oops: 2, ImmediateOops: 14, NonImmediateOops: No
[2,402s][debug][gc,nmethod     ] Register NMethod: io.sirix.page.delegates.ReferencesPage4.getReferences (0x000078e2fed62388) [0x000078e2fed62480, 0x000078e2fed62568] Compiler: c1, Barriers: 1, Oops: 1, ImmediateOops: 0, NonImmediateOops: No
[2,402s][debug][gc,nmethod     ] Register NMethod: com.github.benmanes.caffeine.cache.NodeFactory.newReferenceKey (0x000078e2e03c5c88) [0x000078e2e03c5d80, 0x000078e2e03c5e80] Compiler: c1, Barriers: 0, Oops: 1, ImmediateOops: 0, NonImmediateOops: No
[2,402s][debug][gc,nmethod     ] Register NMethod: com.github.benmanes.caffeine.cache.LocalCache.compute (0x000078e2e03c5f88) [0x000078e2e03c6080, 0x000078e2e03c65b0] Compiler: c1, Barriers: 0, Oops: 1, ImmediateOops: 0, NonImmediateOops: No
[2,402s][debug][gc,nmethod     ] Register NMethod: com.github.benmanes.caffeine.cache.SSL.hasRemovalListener (0x000078e2fed62688) [0x000078e2fed62780, 0x000078e2fed62840] Compiler: c1, Barriers: 0, Oops: 1, ImmediateOops: 0, NonImmediateOops: No
[2,402s][debug][gc,nmethod     ] Register NMethod: com.github.benmanes.caffeine.cache.SSL.removalListener (0x000078e2fed62988) [0x000078e2fed62a80, 0x000078e2fed62b70] Compiler: c1, Barriers: 1, Oops: 1, ImmediateOops: 0, NonImmediateOops: No
[2,402s][debug][gc,nmethod     ] Register NMethod: it.unimi.dsi.fastutil.shorts.ShortArrayList.grow (0x000078e2e03c6608) [0x000078e2e03c6700, 0x000078e2e03c6d48] Compiler: c1, Barriers: 8, Oops: 1, ImmediateOops: 0, NonImmediateOops: No
[2,402s][debug][gc,nmethod     ] Register NMethod: java.lang.Math.addExact (0x000078e2e03c6d88) [0x000078e2e03c6e80, 0x000078e2e03c7068] Compiler: c1, Barriers: 0, Oops: 0, ImmediateOops: 1, NonImmediateOops: No
[2,402s][debug][gc,nmethod     ] Register NMethod: java.lang.invoke.LambdaForm$DMH/0x00000000921ac800.newInvokeSpecial (0x000078e2e03c7088) [0x000078e2e03c7180, 0x000078e2e03c7a00] Compiler: c1, Barriers: 2, Oops: 1, ImmediateOops: 1, NonImmediateOops: No
[2,402s][debug][gc,nmethod     ] Register NMethod: com.github.benmanes.caffeine.cache.BoundedLocalCache.compute (0x000078e2e03c7a88) [0x000078e2e03c7b80, 0x000078e2e03c91c0] Compiler: c1, Barriers: 1, Oops: 4, ImmediateOops: 4, NonImmediateOops: No
[2,403s][debug][gc,nmethod     ] Register NMethod: io.sirix.node.MemorySegmentBytesOut.writeByte (0x000078e2fed62c88) [0x000078e2fed62d80, 0x000078e2fed63208] Compiler: jvmci, Barriers: 7, Oops: 1, ImmediateOops: 0, NonImmediateOops: No
[2,403s][debug][gc,nmethod     ] Register NMethod: io.sirix.access.ResourceConfiguration.getDatabaseId (0x000078e2e03c9208) [0x000078e2e03c9300, 0x000078e2e03c9658] Compiler: c1, Barriers: 1, Oops: 1, ImmediateOops: 0, NonImmediateOops: No
[2,404s][debug][gc,nmethod     ] Register NMethod: java.nio.ByteBuffer.put (0x000078e2e03c9688) [0x000078e2e03c9780, 0x000078e2e03c9a90] Compiler: c1, Barriers: 0, Oops: 0, ImmediateOops: 0, NonImmediateOops: No
[2,404s][debug][gc,nmethod     ] Register NMethod: java.nio.Buffer.checkSession (0x000078e2e03c9b08) [0x000078e2e03c9c00, 0x000078e2e03cafc0] Compiler: c1, Barriers: 5, Oops: 0, ImmediateOops: 2, NonImmediateOops: No
[2,404s][debug][gc,nmethod     ] Register NMethod: java.nio.HeapByteBuffer.put (0x000078e2e03cb008) [0x000078e2e03cb100, 0x000078e2e03cd0d0] Compiler: c1, Barriers: 6, Oops: 0, ImmediateOops: 2, NonImmediateOops: No
[2,404s][debug][gc,nmethod     ] Register NMethod: io.sirix.node.NodeSerializerImpl.deserializeDeweyID (0x000078e2e03cd108) [0x000078e2e03cd200, 0x000078e2e03ce1b8] Compiler: c1, Barriers: 0, Oops: 1, ImmediateOops: 0, NonImmediateOops: No
[2,407s][debug][gc,nmethod     ] Register NMethod: jdk.internal.foreign.AbstractMemorySegmentImpl.get (0x000078e2fed63288) [0x000078e2fed63380, 0x000078e2fed63c10] Compiler: jvmci, Barriers: 19, Oops: 1, ImmediateOops: 3, NonImmediateOops: No
[2,408s][debug][gc,nmethod     ] Register NMethod: org.custommonkey.xmlunit.DifferenceEngine.compare (0x000078e2fed63c88) [0x000078e2fed63d80, 0x000078e2fed6b760] Compiler: jvmci, Barriers: 140, Oops: 7, ImmediateOops: 12, NonImmediateOops: No
[2,408s][debug][gc,nmethod     ] Register NMethod: it.unimi.dsi.fastutil.shorts.ShortArrayList.add (0x000078e2e03ce208) [0x000078e2e03ce300, 0x000078e2e03ce5d8] Compiler: c1, Barriers: 1, Oops: 1, ImmediateOops: 0, NonImmediateOops: No
[2,409s][debug][gc,nmethod     ] Register NMethod: com.github.benmanes.caffeine.cache.AccessOrderDeque.contains (0x000078e2e03ce608) [0x000078e2e03ce700, 0x000078e2e03cecf8] Compiler: c1, Barriers: 1, Oops: 1, ImmediateOops: 0, NonImmediateOops: No
[2,409s][debug][gc,nmethod     ] Register NMethod: io.sirix.node.HashCountEntryNode.<init> (0x000078e2e03ced08) [0x000078e2e03cee00, 0x000078e2e03cef60] Compiler: c1, Barriers: 0, Oops: 1, ImmediateOops: 0, NonImmediateOops: No
[2,409s][debug][gc,nmethod     ] Register NMethod: it.unimi.dsi.fastutil.ints.Int2LongOpenHashMap$MapIterator.hasNext (0x000078e2e03cf008) [0x000078e2e03cf100, 0x000078e2e03cf250] Compiler: c1, Barriers: 0, Oops: 1, ImmediateOops: 0, NonImmediateOops: No
[2,409s][debug][gc,nmethod     ] Register NMethod: it.unimi.dsi.fastutil.ints.Int2ObjectOpenHashMap$MapIterator.hasNext (0x000078e2e03cf308) [0x000078e2e03cf400, 0x000078e2e03cf550] Compiler: c1, Barriers: 0, Oops: 1, ImmediateOops: 0, NonImmediateOops: No
[2,409s][debug][gc,nmethod     ] Register NMethod: it.unimi.dsi.fastutil.ints.Int2IntOpenHashMap$MapIterator.hasNext (0x000078e2e03cf608) [0x000078e2e03cf700, 0x000078e2e03cf850] Compiler: c1, Barriers: 0, Oops: 1, ImmediateOops: 0, NonImmediateOops: No
[2,409s][debug][gc,nmethod     ] Register NMethod: io.sirix.page.KeyValueLeafPage.getAvailableSpace (0x000078e2fed6b808) [0x000078e2fed6b900, 0x000078e2fed6bc50] Compiler: jvmci, Barriers: 4, Oops: 1, ImmediateOops: 0, NonImmediateOops: No
[2,410s][debug][gc,nmethod     ] Register NMethod: java.lang.Integer.<init> (0x000078e2fed6bc88) [0x000078e2fed6bd80, 0x000078e2fed6be08] Compiler: jvmci, Barriers: 0, Oops: 0, ImmediateOops: 0, NonImmediateOops: No
[2,410s][debug][gc,nmethod     ] Register NMethod: io.sirix.node.HashEntryNode.<init> (0x000078e2e03cf908) [0x000078e2e03cfa00, 0x000078e2e03cfd28] Compiler: c1, Barriers: 3, Oops: 1, ImmediateOops: 0, NonImmediateOops: No
[2,410s][debug][gc,director    ] Rule Major: Warmup 10%, Used: 366MB, UsedThreshold: 1228MB
[2,411s][debug][gc,nmethod     ] Register NMethod: io.sirix.access.trx.node.xml.ForwardingXmlNodeReadOnlyTrx.getNodeKey (0x000078e2e03cfd88) [0x000078e2e03cfe80, 0x000078e2e03d0460] Compiler: c1, Barriers: 1, Oops: 1, ImmediateOops: 0, NonImmediateOops: No
[2,411s][debug][gc,nmethod     ] Register NMethod: io.sirix.page.AbstractForwardingPage.getOrCreateReference (0x000078e2e03d0488) [0x000078e2e03d0580, 0x000078e2e03d06d8] Compiler: c1, Barriers: 0, Oops: 1, ImmediateOops: 0, NonImmediateOops: No
[2,411s][debug][gc,nmethod     ] Register NMethod: com.github.benmanes.caffeine.cache.BoundedLocalCache.isAsync (0x000078e2fed6bf88) [0x000078e2fed6c080, 0x000078e2fed6c148] Compiler: c1, Barriers: 0, Oops: 1, ImmediateOops: 0, NonImmediateOops: No
[2,411s][debug][gc,nmethod     ] Register NMethod: java.util.concurrent.ForkJoinTask.getAndBitwiseOrStatus (0x000078e2e03d0788) [0x000078e2e03d0880, 0x000078e2e03d0e78] Compiler: c1, Barriers: 0, Oops: 1, ImmediateOops: 2, NonImmediateOops: No
[2,411s][debug][gc,nmethod     ] Register NMethod: com.github.benmanes.caffeine.cache.RemovalCause$2.wasEvicted (0x000078e2fed6c288) [0x000078e2fed6c380, 0x000078e2fed6c440] Compiler: c1, Barriers: 0, Oops: 1, ImmediateOops: 0, NonImmediateOops: No
[2,411s][debug][gc,nmethod     ] Register NMethod: java.lang.invoke.VarHandleSegmentAsInts.set (0x000078e2fed6c588) [0x000078e2fed6c680, 0x000078e2fed6cca0] Compiler: jvmci, Barriers: 4, Oops: 0, ImmediateOops: 0, NonImmediateOops: No
[2,411s][debug][gc,nmethod     ] Register NMethod: java.util.concurrent.ForkJoinTask.signalWaiters (0x000078e2e03d0e88) [0x000078e2e03d0f80, 0x000078e2e03d2240] Compiler: c1, Barriers: 4, Oops: 0, ImmediateOops: 2, NonImmediateOops: No
[2,411s][debug][gc,nmethod     ] Register NMethod: io.sirix.page.IndirectPage.delegate (0x000078e2fed6cd08) [0x000078e2fed6ce00, 0x000078e2fed6cee8] Compiler: c1, Barriers: 1, Oops: 1, ImmediateOops: 0, NonImmediateOops: No
[2,412s][debug][gc,nmethod     ] Register NMethod: io.sirix.access.trx.node.xml.ForwardingXmlNodeReadOnlyTrx.getAttributeCount (0x000078e2e03d2288) [0x000078e2e03d2380, 0x000078e2e03d2960] Compiler: c1, Barriers: 1, Oops: 1, ImmediateOops: 0, NonImmediateOops: No
[2,412s][debug][gc,nmethod     ] Register NMethod: io.sirix.access.trx.node.xml.ForwardingXmlNodeReadOnlyTrx.moveToAttribute (0x000078e2e03d2988) [0x000078e2e03d2a80, 0x000078e2e03d3068] Compiler: c1, Barriers: 1, Oops: 1, ImmediateOops: 0, NonImmediateOops: No
[2,412s][debug][gc,nmethod     ] Register NMethod: io.sirix.node.immutable.xml.ImmutableElement.of (0x000078e2e03d3088) [0x000078e2e03d3180, 0x000078e2e03d33d8] Compiler: c1, Barriers: 3, Oops: 1, ImmediateOops: 0, NonImmediateOops: No
[2,412s][debug][gc,nmethod     ] Register NMethod: io.sirix.page.IndirectPage.getOrCreateReference (0x000078e2e03d3408) [0x000078e2e03d3500, 0x000078e2e03d4a30] Compiler: c1, Barriers: 8, Oops: 1, ImmediateOops: 0, NonImmediateOops: No
[2,412s][debug][gc,nmethod     ] Register NMethod: io.sirix.node.immutable.xml.ImmutableElement.<init> (0x000078e2e03d4a88) [0x000078e2e03d4b80, 0x000078e2e03d4da0] Compiler: c1, Barriers: 3, Oops: 1, ImmediateOops: 0, NonImmediateOops: No
[2,412s][debug][gc,nmethod     ] Register NMethod: io.sirix.axis.AbstractAxis.resetToLastKey (0x000078e2e03d4e08) [0x000078e2e03d4f00, 0x000078e2e03d54b8] Compiler: c1, Barriers: 2, Oops: 1, ImmediateOops: 0, NonImmediateOops: No
[2,412s][debug][gc,nmethod     ] Register NMethod: java.lang.Long.equals (0x000078e2e03d5508) [0x000078e2e03d5600, 0x000078e2e03d5d90] Compiler: c1, Barriers: 0, Oops: 0, ImmediateOops: 0, NonImmediateOops: No
[2,412s][debug][gc,nmethod     ] Register NMethod: io.sirix.axis.AbstractAxis.asXmlNodeReadTrx (0x000078e2e03d5e08) [0x000078e2e03d5f00, 0x000078e2e03d6560] Compiler: c1, Barriers: 1, Oops: 1, ImmediateOops: 1, NonImmediateOops: No
[2,413s][debug][gc,nmethod     ] Register NMethod: io.sirix.access.trx.node.xml.ForwardingXmlNodeReadOnlyTrx.getNamespaceCount (0x000078e2e03d6588) [0x000078e2e03d6680, 0x000078e2e03d6c78] Compiler: c1, Barriers: 1, Oops: 1, ImmediateOops: 0, NonImmediateOops: No
[2,413s][debug][gc,nmethod     ] Register NMethod: io.sirix.access.trx.node.xml.ForwardingXmlNodeReadOnlyTrx.moveToFirstChild (0x000078e2e03d6c88) [0x000078e2e03d6d80, 0x000078e2e03d7380] Compiler: c1, Barriers: 1, Oops: 1, ImmediateOops: 0, NonImmediateOops: No
[2,413s][debug][gc,nmethod     ] Register NMethod: io.sirix.access.trx.node.AbstractNodeReadOnlyTrx.moveToFirstChild (0x000078e2e03d7408) [0x000078e2e03d7500, 0x000078e2e03d8180] Compiler: c1, Barriers: 0, Oops: 1, ImmediateOops: 1, NonImmediateOops: No
[2,413s][debug][gc,nmethod     ] Register NMethod: io.sirix.access.trx.node.xml.ForwardingXmlNodeReadOnlyTrx.acceptVisitor (0x000078e2e03d8208) [0x000078e2e03d8300, 0x000078e2e03d88f8] Compiler: c1, Barriers: 1, Oops: 1, ImmediateOops: 0, NonImmediateOops: No
[2,413s][debug][gc,nmethod     ] Register NMethod: io.sirix.access.trx.node.xml.ForwardingXmlNodeReadOnlyTrx.getKind (0x000078e2e03d8908) [0x000078e2e03d8a00, 0x000078e2e03d8fe0] Compiler: c1, Barriers: 1, Oops: 1, ImmediateOops: 0, NonImmediateOops: No
[2,413s][debug][gc,nmethod     ] Register NMethod: io.sirix.diff.algorithm.fmse.FMSEVisitor.fillStructuralDataStructures (0x000078e2e03d9008) [0x000078e2e03d9100, 0x000078e2e03d9c30] Compiler: c1, Barriers: 4, Oops: 1, ImmediateOops: 1, NonImmediateOops: No
[2,413s][debug][gc,nmethod     ] Register NMethod: io.sirix.access.trx.node.xml.XmlNodeReadOnlyTrxImpl.acceptVisitor (0x000078e2e03d9c88) [0x000078e2e03d9d80, 0x000078e2e03da7d8] Compiler: c1, Barriers: 1, Oops: 1, ImmediateOops: 1, NonImmediateOops: No
[2,413s][debug][gc,nmethod     ] Register NMethod: io.sirix.axis.PostOrderAxis.nextKey (0x000078e2e03da808) [0x000078e2e03da900, 0x000078e2e03ddfe0] Compiler: c1, Barriers: 3, Oops: 1, ImmediateOops: 5, NonImmediateOops: No
[2,414s][debug][gc,nmethod     ] Register NMethod: io.sirix.diff.algorithm.fmse.FMSEVisitor.visit (0x000078e2e03de008) [0x000078e2e03de100, 0x000078e2e03de3f8] Compiler: c1, Barriers: 0, Oops: 1, ImmediateOops: 0, NonImmediateOops: No
[2,414s][debug][gc,nmethod     ] Register NMethod: io.sirix.node.immutable.xml.ImmutableElement.getNodeKey (0x000078e2e03de408) [0x000078e2e03de500, 0x000078e2e03de810] Compiler: c1, Barriers: 1, Oops: 1, ImmediateOops: 0, NonImmediateOops: No
[2,414s][debug][gc,nmethod     ] Register NMethod: io.sirix.node.xml.ElementNode.acceptVisitor (0x000078e2e03de888) [0x000078e2e03de980, 0x000078e2e03deed0] Compiler: c1, Barriers: 3, Oops: 1, ImmediateOops: 0, NonImmediateOops: No
[2,414s][debug][gc,nmethod     ] Register NMethod: io.sirix.diff.algorithm.fmse.FMSEVisitor.visit (0x000078e2e03def08) [0x000078e2e03df000, 0x000078e2e03e0560] Compiler: c1, Barriers: 8, Oops: 1, ImmediateOops: 1, NonImmediateOops: No
[2,414s][debug][gc,nmethod     ] Register NMethod: io.sirix.access.trx.node.xml.ForwardingXmlNodeReadOnlyTrx.getParentKey (0x000078e2e03e0588) [0x000078e2e03e0680, 0x000078e2e03e0c60] Compiler: c1, Barriers: 1, Oops: 1, ImmediateOops: 0, NonImmediateOops: No
[2,414s][debug][gc,nmethod     ] Register NMethod: io.sirix.access.trx.node.xml.ForwardingXmlNodeReadOnlyTrx.moveToRightSibling (0x000078e2e03e0c88) [0x000078e2e03e0d80, 0x000078e2e03e1380] Compiler: c1, Barriers: 1, Oops: 1, ImmediateOops: 0, NonImmediateOops: No
[2,414s][debug][gc,nmethod     ] Register NMethod: io.sirix.diff.algorithm.fmse.FMSEVisitor.countDescendants (0x000078e2e03e1408) [0x000078e2e03e1500, 0x000078e2e03e3e90] Compiler: c1, Barriers: 15, Oops: 1, ImmediateOops: 2, NonImmediateOops: No
[2,414s][debug][gc,nmethod     ] Register NMethod: io.sirix.access.trx.node.AbstractNodeReadOnlyTrx.getParentKey (0x000078e2e03e3f08) [0x000078e2e03e4000, 0x000078e2e03e4668] Compiler: c1, Barriers: 1, Oops: 1, ImmediateOops: 1, NonImmediateOops: No
[2,414s][debug][gc,nmethod     ] Register NMethod: io.sirix.access.trx.node.AbstractNodeReadOnlyTrx.moveToRightSibling (0x000078e2e03e4688) [0x000078e2e03e4780, 0x000078e2e03e5400] Compiler: c1, Barriers: 0, Oops: 1, ImmediateOops: 1, NonImmediateOops: No
[2,415s][debug][gc,nmethod     ] Register NMethod: java.io.ByteArrayInputStream.<init> (0x000078e2e03e5488) [0x000078e2e03e5580, 0x000078e2e03e5708] Compiler: c1, Barriers: 3, Oops: 0, ImmediateOops: 0, NonImmediateOops: No
[2,415s][debug][gc,nmethod     ] Register NMethod: java.io.FilterInputStream.close (0x000078e2e03e5788) [0x000078e2e03e5880, 0x000078e2e03e59d8] Compiler: c1, Barriers: 1, Oops: 0, ImmediateOops: 0, NonImmediateOops: No
[2,415s][debug][gc,nmethod     ] Register NMethod: java.util.concurrent.ConcurrentHashMap$MapEntry.<init> (0x000078e2e03e5a88) [0x000078e2e03e5b80, 0x000078e2e03e5de0] Compiler: c1, Barriers: 9, Oops: 0, ImmediateOops: 0, NonImmediateOops: No
[2,416s][debug][gc,nmethod     ] Register NMethod: java.util.BitSet.cardinality (0x000078e2fed6d008) [0x000078e2fed6d100, 0x000078e2fed6d250] Compiler: jvmci, Barriers: 1, Oops: 0, ImmediateOops: 0, NonImmediateOops: No
[2,417s][debug][gc,nmethod     ] Register NMethod: io.sirix.page.KeyValueLeafPage.getSlotAsByteArray (0x000078e2fed6d308) [0x000078e2fed6d400, 0x000078e2fed6db60] Compiler: jvmci, Barriers: 10, Oops: 6, ImmediateOops: 2, NonImmediateOops: No
[2,417s][debug][gc,nmethod     ] Register NMethod: io.sirix.diff.algorithm.fmse.FMSEVisitor.visit (0x000078e2e03e5e08) [0x000078e2e03e5f00, 0x000078e2e03e6018] Compiler: c1, Barriers: 0, Oops: 1, ImmediateOops: 0, NonImmediateOops: No
[2,417s][debug][gc,nmethod     ] Register NMethod: io.sirix.diff.algorithm.fmse.FMSEVisitor.visit (0x000078e2e03e6108) [0x000078e2e03e6200, 0x000078e2e03e6318] Compiler: c1, Barriers: 0, Oops: 1, ImmediateOops: 0, NonImmediateOops: No
[2,417s][debug][gc,nmethod     ] Register NMethod: io.sirix.node.xml.TextNode.acceptVisitor (0x000078e2e03e6408) [0x000078e2e03e6500, 0x000078e2e03e66f8] Compiler: c1, Barriers: 3, Oops: 1, ImmediateOops: 0, NonImmediateOops: No
[2,417s][debug][gc,nmethod     ] Register NMethod: io.sirix.node.immutable.xml.ImmutableText.of (0x000078e2e03e6708) [0x000078e2e03e6800, 0x000078e2e03e6a58] Compiler: c1, Barriers: 3, Oops: 1, ImmediateOops: 0, NonImmediateOops: No
[2,417s][debug][gc,nmethod     ] Register NMethod: io.sirix.node.immutable.xml.ImmutableText.<init> (0x000078e2e03e6a88) [0x000078e2e03e6b80, 0x000078e2e03e6da0] Compiler: c1, Barriers: 3, Oops: 1, ImmediateOops: 0, NonImmediateOops: No
[2,417s][debug][gc,nmethod     ] Register NMethod: io.sirix.node.immutable.xml.ImmutableText.getNodeKey (0x000078e2e03e6e08) [0x000078e2e03e6f00, 0x000078e2e03e7038] Compiler: c1, Barriers: 1, Oops: 1, ImmediateOops: 0, NonImmediateOops: No
[2,417s][debug][gc,nmethod     ] Register NMethod: io.sirix.diff.algorithm.fmse.FMSEVisitor.visiLeafNode (0x000078e2e03e7108) [0x000078e2e03e7200, 0x000078e2e03e75a0] Compiler: c1, Barriers: 5, Oops: 1, ImmediateOops: 2, NonImmediateOops: No
[2,417s][debug][gc,nmethod     ] Register NMethod: io.sirix.access.trx.node.xml.XmlNodeTrxImpl.nodeReadOnlyTrxDelegate (0x000078e2fed6dc08) [0x000078e2fed6dd00, 0x000078e2fed6de08] Compiler: jvmci, Barriers: 1, Oops: 1, ImmediateOops: 0, NonImmediateOops: No
[2,417s][debug][gc,nmethod     ] Register NMethod: io.sirix.BinaryEncodingVersion.values (0x000078e2e03e7608) [0x000078e2e03e7700, 0x000078e2e03e7830] Compiler: c1, Barriers: 0, Oops: 1, ImmediateOops: 1, NonImmediateOops: No
[2,417s][debug][gc,nmethod     ] Register NMethod: io.sirix.io.filechannel.FileChannelWriter.delegate (0x000078e2fed6df08) [0x000078e2fed6e000, 0x000078e2fed6e0e8] Compiler: c1, Barriers: 1, Oops: 1, ImmediateOops: 0, NonImmediateOops: No
[2,417s][debug][gc,nmethod     ] Register NMethod: java.io.ByteArrayInputStream.close (0x000078e2e03e7908) [0x000078e2e03e7a00, 0x000078e2e03e7af8] Compiler: c1, Barriers: 0, Oops: 0, ImmediateOops: 0, NonImmediateOops: No
[2,417s][debug][gc,nmethod     ] Register NMethod: com.github.benmanes.caffeine.cache.BoundedLocalCache.refreshIfNeeded (0x000078e2e03e7c08) [0x000078e2e03e7d00, 0x000078e2e03e7e10] Compiler: c1, Barriers: 0, Oops: 1, ImmediateOops: 0, NonImmediateOops: No
[2,417s][debug][gc,nmethod     ] Register NMethod: java.nio.DirectByteBuffer.getInt (0x000078e2e03e7f08) [0x000078e2e03e8000, 0x000078e2e03e8200] Compiler: c1, Barriers: 0, Oops: 0, ImmediateOops: 0, NonImmediateOops: No
[2,417s][debug][gc,nmethod     ] Register NMethod: io.sirix.io.bytepipe.ByteHandlerPipeline.deserialize (0x000078e2e03e8208) [0x000078e2e03e8300, 0x000078e2e03e85b0] Compiler: c1, Barriers: 1, Oops: 1, ImmediateOops: 0, NonImmediateOops: No
[2,418s][debug][gc,nmethod     ] Register NMethod: com.github.benmanes.caffeine.cache.BLCHeader$DrainStatusRef.shouldDrainBuffers (0x000078e2e03e8608) [0x000078e2e03e8700, 0x000078e2e03e8ae0] Compiler: c1, Barriers: 0, Oops: 4, ImmediateOops: 1, NonImmediateOops: No
[2,418s][debug][gc,nmethod     ] Register NMethod: java.nio.DirectByteBuffer.getInt (0x000078e2e03e8b08) [0x000078e2e03e8c00, 0x000078e2e03e9000] Compiler: c1, Barriers: 5, Oops: 1, ImmediateOops: 3, NonImmediateOops: No
[2,418s][debug][gc,nmethod     ] Register NMethod: io.sirix.node.xml.ElementNode.<init> (0x000078e2e0024488) [0x000078e2e0024580, 0x000078e2e0024898] Compiler: c1, Barriers: 3, Oops: 1, ImmediateOops: 0, NonImmediateOops: No
[2,418s][debug][gc,nmethod     ] Register NMethod: com.github.benmanes.caffeine.cache.AccessOrderDeque.contains (0x000078e2e03e9088) [0x000078e2e03e9180, 0x000078e2e03e9400] Compiler: c1, Barriers: 1, Oops: 1, ImmediateOops: 0, NonImmediateOops: No
[2,418s][debug][gc,nmethod     ] Register NMethod: net.jpountz.util.SafeUtils.readIntLE (0x000078e2fed6e208) [0x000078e2fed6e300, 0x000078e2fed6e418] Compiler: jvmci, Barriers: 0, Oops: 1, ImmediateOops: 0, NonImmediateOops: No
[2,418s][debug][gc,nmethod     ] Register NMethod: io.sirix.node.xml.AttributeNode.<init> (0x000078e2e001e808) [0x000078e2e001e900, 0x000078e2e001ec00] Compiler: c1, Barriers: 3, Oops: 1, ImmediateOops: 0, NonImmediateOops: No
[2,418s][debug][gc,nmethod     ] Register NMethod: java.io.InputStream.readNBytes (0x000078e2e03e9488) [0x000078e2e03e9580, 0x000078e2e03ea238] Compiler: c1, Barriers: 6, Oops: 0, ImmediateOops: 5, NonImmediateOops: No
[2,418s][debug][gc,nmethod     ] Register NMethod: io.sirix.node.xml.TextNode.<init> (0x000078e2e004dd88) [0x000078e2e004de80, 0x000078e2e004e180] Compiler: c1, Barriers: 3, Oops: 1, ImmediateOops: 0, NonImmediateOops: No
[2,418s][debug][gc,nmethod     ] Register NMethod: net.jpountz.lz4.LZ4BlockInputStream.<init> (0x000078e2e03ea288) [0x000078e2e03ea380, 0x000078e2e03ea800] Compiler: c1, Barriers: 15, Oops: 1, ImmediateOops: 0, NonImmediateOops: No
[2,418s][debug][gc,nmethod     ] Register NMethod: java.io.InputStream.readAllBytes (0x000078e2e03ea888) [0x000078e2e03ea980, 0x000078e2e03eaaa8] Compiler: c1, Barriers: 0, Oops: 0, ImmediateOops: 0, NonImmediateOops: No
[2,418s][debug][gc,nmethod     ] Register NMethod: io.sirix.page.PagePersister.deserializePage (0x000078e2e03eab88) [0x000078e2e03eac80, 0x000078e2e03eb000] Compiler: c1, Barriers: 2, Oops: 2, ImmediateOops: 2, NonImmediateOops: No
[2,418s][debug][gc,nmethod     ] Register NMethod: io.sirix.io.AbstractReader.deserialize (0x000078e2e03eb088) [0x000078e2e03eb180, 0x000078e2e03ebc58] Compiler: c1, Barriers: 15, Oops: 1, ImmediateOops: 2, NonImmediateOops: No
[2,419s][debug][gc,nmethod     ] Register NMethod: net.jpountz.lz4.LZ4BlockInputStream.<init> (0x000078e2e03ebc88) [0x000078e2e03ebd80, 0x000078e2e03ede10] Compiler: c1, Barriers: 36, Oops: 5, ImmediateOops: 37, NonImmediateOops: No
[2,419s][debug][gc,nmethod     ] Register NMethod: io.sirix.io.bytepipe.LZ4Compressor.deserialize (0x000078e2e03ede88) [0x000078e2e03edf80, 0x000078e2e03f0070] Compiler: c1, Barriers: 36, Oops: 5, ImmediateOops: 37, NonImmediateOops: No
[2,419s][debug][gc,nmethod     ] Register NMethod: io.sirix.page.DeserializedReferencesPage4Tuple.references (0x000078e2fed6e508) [0x000078e2fed6e600, 0x000078e2fed6e6e8] Compiler: c1, Barriers: 1, Oops: 1, ImmediateOops: 0, NonImmediateOops: No
[2,419s][debug][gc,nmethod     ] Register NMethod: io.sirix.page.DeserializedReferencesPage4Tuple.offsets (0x000078e2fed6e808) [0x000078e2fed6e900, 0x000078e2fed6e9e8] Compiler: c1, Barriers: 1, Oops: 1, ImmediateOops: 0, NonImmediateOops: No
[2,419s][debug][gc,nmethod     ] Register NMethod: io.sirix.page.PageKind.getKind (0x000078e2e03f0108) [0x000078e2e03f0200, 0x000078e2e03f04b8] Compiler: c1, Barriers: 2, Oops: 2, ImmediateOops: 2, NonImmediateOops: No
[2,419s][debug][gc,nmethod     ] Register NMethod: io.sirix.BinaryEncodingVersion.fromByte (0x000078e2e03f0508) [0x000078e2e03f0600, 0x000078e2e03f0908] Compiler: c1, Barriers: 1, Oops: 1, ImmediateOops: 1, NonImmediateOops: No
[2,419s][debug][gc,nmethod     ] Register NMethod: net.jpountz.lz4.LZ4BlockInputStream.<init> (0x000078e2e03f0988) [0x000078e2e03f0a80, 0x000078e2e03f2cd8] Compiler: c1, Barriers: 39, Oops: 5, ImmediateOops: 37, NonImmediateOops: No
[2,419s][debug][gc,nmethod     ] Register NMethod: org.magicwerk.brownies.collections.GapList.get (0x000078e2fed6eb08) [0x000078e2fed6ec00, 0x000078e2fed6ee00] Compiler: jvmci, Barriers: 3, Oops: 1, ImmediateOops: 0, NonImmediateOops: No
[2,419s][debug][gc,nmethod     ] Register NMethod: java.util.BitSet.and (0x000078e2fed6ee88) [0x000078e2fed6ef80, 0x000078e2fed6f2a8] Compiler: jvmci, Barriers: 2, Oops: 0, ImmediateOops: 0, NonImmediateOops: No
[2,419s][debug][gc,nmethod     ] Register NMethod: io.sirix.node.SirixDeweyID.<init> (0x000078e2e03f2d08) [0x000078e2e03f2e00, 0x000078e2e03f3678] Compiler: c1, Barriers: 3, Oops: 1, ImmediateOops: 2, NonImmediateOops: No
[2,419s][debug][gc,nmethod     ] Register NMethod: jdk.internal.misc.Unsafe.putReferenceOpaque (0x000078e2fed6f308) [0x000078e2fed6f400, 0x000078e2fed6f4f0] Compiler: jvmci, Barriers: 3, Oops: 0, ImmediateOops: 0, NonImmediateOops: No
[2,420s][debug][gc,nmethod     ] Register NMethod: org.magicwerk.brownies.collections.GapList.doGet (0x000078e2fed6f608) [0x000078e2fed6f700, 0x000078e2fed6f900] Compiler: jvmci, Barriers: 3, Oops: 1, ImmediateOops: 0, NonImmediateOops: No
[2,420s][debug][gc,director    ] Rule Major: Warmup 10%, Used: 368MB, UsedThreshold: 1228MB
[2,421s][debug][gc,nmethod     ] Register NMethod: io.sirix.node.SirixDeweyID.<init> (0x000078e2e03f3688) [0x000078e2e03f3780, 0x000078e2e03f4500] Compiler: c1, Barriers: 3, Oops: 1, ImmediateOops: 2, NonImmediateOops: No
[2,422s][debug][gc,nmethod     ] Register NMethod: io.sirix.node.SirixDeweyID.<init> (0x000078e2e03f4588) [0x000078e2e03f4680, 0x000078e2e03f5220] Compiler: c1, Barriers: 3, Oops: 1, ImmediateOops: 2, NonImmediateOops: No
[2,422s][debug][gc,nmethod     ] Register NMethod: com.sun.org.apache.xerces.internal.dom.NamedNodeMapImpl.item (0x000078e2fed6f988) [0x000078e2fed6fa80, 0x000078e2fed6fd90] Compiler: jvmci, Barriers: 3, Oops: 0, ImmediateOops: 0, NonImmediateOops: No
[2,423s][debug][gc,nmethod     ] Register NMethod: java.util.concurrent.ConcurrentLinkedDeque.poll (0x000078e2e03f5288) [0x000078e2e03f5380, 0x000078e2e03f5498] Compiler: c1, Barriers: 0, Oops: 0, ImmediateOops: 0, NonImmediateOops: No
[2,424s][debug][gc,nmethod     ] Register NMethod: io.sirix.access.trx.node.AbstractNodeReadOnlyTrx.getNodeKey (0x000078e2fed6fe08) [0x000078e2fed6ff00, 0x000078e2fed70080] Compiler: jvmci, Barriers: 1, Oops: 1, ImmediateOops: 0, NonImmediateOops: No
[2,424s][debug][gc,nmethod     ] Register NMethod: java.util.concurrent.ConcurrentLinkedDeque.first (0x000078e2e03f5588) [0x000078e2e03f5680, 0x000078e2e03f59c0] Compiler: c1, Barriers: 4, Oops: 1, ImmediateOops: 1, NonImmediateOops: No
[2,424s][debug][gc,nmethod     ] Register NMethod: java.util.concurrent.ConcurrentLinkedDeque.pollFirst (0x000078e2e03f5a08) [0x000078e2e03f5b00, 0x000078e2e03f62d0] Compiler: c1, Barriers: 9, Oops: 4, ImmediateOops: 2, NonImmediateOops: No
[2,424s][debug][gc,nmethod     ] Register NMethod: jdk.internal.foreign.HeapMemorySegmentImpl$OfByte.unsafeGetOffset (0x000078e2fed70108) [0x000078e2fed70200, 0x000078e2fed70288] Compiler: jvmci, Barriers: 0, Oops: 0, ImmediateOops: 0, NonImmediateOops: No
[2,424s][debug][gc,nmethod     ] Register NMethod: com.github.benmanes.caffeine.cache.BoundedLocalCache.expireAfterUpdate (0x000078e2e03f6308) [0x000078e2e03f6400, 0x000078e2e03f6500] Compiler: c1, Barriers: 0, Oops: 1, ImmediateOops: 0, NonImmediateOops: No
[2,424s][debug][gc,nmethod     ] Register NMethod: java.util.concurrent.ConcurrentLinkedDeque.unlink (0x000078e2e03f6608) [0x000078e2e03f6700, 0x000078e2e03f75c0] Compiler: c1, Barriers: 14, Oops: 4, ImmediateOops: 8, NonImmediateOops: No
[2,424s][debug][gc,nmethod     ] Register NMethod: java.lang.String.trim (0x000078e2fed70408) [0x000078e2fed70500, 0x000078e2fed70908] Compiler: jvmci, Barriers: 3, Oops: 0, ImmediateOops: 1, NonImmediateOops: No
[2,424s][debug][gc,nmethod     ] Register NMethod: com.github.benmanes.caffeine.cache.BoundedLocalCache.scheduleAfterWrite (0x000078e2e0369908) [0x000078e2e0369a00, 0x000078e2e036cfe0] Compiler: c1, Barriers: 0, Oops: 7, ImmediateOops: 18, NonImmediateOops: No
[2,425s][debug][gc,nmethod     ] Register NMethod: io.sirix.cache.LinuxMemorySegmentAllocator.allocate (0x000078e2e03f7608) [0x000078e2e03f7720, 0x000078e2e03f9470] Compiler: c1, Barriers: 54, Oops: 6, ImmediateOops: 11, NonImmediateOops: No
[2,425s][debug][gc,nmethod     ] Register NMethod: java.util.BitSet.checkRange (0x000078e2fed70988) [0x000078e2fed70a80, 0x000078e2fed70b38] Compiler: jvmci, Barriers: 0, Oops: 0, ImmediateOops: 0, NonImmediateOops: No
[2,425s][debug][gc,nmethod     ] Register NMethod: com.github.benmanes.caffeine.cache.BoundedLocalCache.afterWrite (0x000078e2e03f9508) [0x000078e2e03f9600, 0x000078e2e03f9d80] Compiler: c1, Barriers: 11, Oops: 2, ImmediateOops: 2, NonImmediateOops: No
[2,425s][debug][gc,nmethod     ] Register NMethod: com.github.benmanes.caffeine.cache.BoundedLocalCache.afterRead (0x000078e2e03f9e08) [0x000078e2e03f9f00, 0x000078e2e03fb658] Compiler: c1, Barriers: 2, Oops: 1, ImmediateOops: 0, NonImmediateOops: No
[2,425s][debug][gc,nmethod     ] Register NMethod: com.github.benmanes.caffeine.cache.LocalCache$$Lambda/0x00000000922aaad0.apply (0x000078e2e03fb688) [0x000078e2e03fb780, 0x000078e2e03fbb58] Compiler: c1, Barriers: 2, Oops: 1, ImmediateOops: 0, NonImmediateOops: No
[2,425s][debug][gc,nmethod     ] Register NMethod: java.util.concurrent.atomic.LongAdder.increment (0x000078e2e03fbb88) [0x000078e2e03fbc80, 0x000078e2e03fbdb8] Compiler: c1, Barriers: 0, Oops: 0, ImmediateOops: 0, NonImmediateOops: No
[2,425s][debug][gc,nmethod     ] Register NMethod: com.github.benmanes.caffeine.cache.BoundedLocalCache.requireIsAlive (0x000078e2e03fbe88) [0x000078e2e03fbf80, 0x000078e2e03fda40] Compiler: c1, Barriers: 1, Oops: 7, ImmediateOops: 10, NonImmediateOops: No
[2,425s][debug][gc,nmethod     ] Register NMethod: com.github.benmanes.caffeine.cache.stats.ConcurrentStatsCounter.recordLoadSuccess (0x000078e2e03fda88) [0x000078e2e03fdb80, 0x000078e2e03fde18] Compiler: c1, Barriers: 2, Oops: 1, ImmediateOops: 0, NonImmediateOops: No
[2,425s][debug][gc,nmethod     ] Register NMethod: com.github.benmanes.caffeine.cache.LocalCache.lambda$statsAware$3 (0x000078e2e03fde88) [0x000078e2e03fdf80, 0x000078e2e03ffc30] Compiler: c1, Barriers: 0, Oops: 1, ImmediateOops: 0, NonImmediateOops: No
[2,426s][debug][gc,nmethod     ] Register NMethod: com.github.benmanes.caffeine.cache.BoundedLocalCache.scheduleDrainBuffers (0x000078e2e03ffc88) [0x000078e2e03ffd80, 0x000078e2e0405570] Compiler: c1, Barriers: 17, Oops: 8, ImmediateOops: 20, NonImmediateOops: No
[2,427s][debug][gc,nmethod     ] Register NMethod: java.util.BitSet.flip (0x000078e2fed70c88) [0x000078e2fed70d80, 0x000078e2fed71038] Compiler: jvmci, Barriers: 1, Oops: 0, ImmediateOops: 0, NonImmediateOops: No
[2,428s][debug][gc,nmethod     ] Register NMethod: java.util.concurrent.ConcurrentHashMap.replaceNode (0x000078e2e0405608) [0x000078e2e0405700, 0x000078e2e0406508] Compiler: c1, Barriers: 18, Oops: 0, ImmediateOops: 1, NonImmediateOops: No
[2,428s][debug][gc,nmethod     ] Register NMethod: io.sirix.diff.algorithm.fmse.LabelFMSEVisitor.addLeafLabel (0x000078e2e0406588) [0x000078e2e0406680, 0x000078e2e0406b30] Compiler: c1, Barriers: 8, Oops: 1, ImmediateOops: 1, NonImmediateOops: No
[2,429s][debug][gc,nmethod     ] Register NMethod: io.sirix.diff.algorithm.fmse.LabelFMSEVisitor.visit (0x000078e2e0406b88) [0x000078e2e0406c80, 0x000078e2e0406d98] Compiler: c1, Barriers: 0, Oops: 1, ImmediateOops: 0, NonImmediateOops: No
[2,429s][debug][gc,nmethod     ] Register NMethod: io.sirix.diff.algorithm.fmse.LabelFMSEVisitor.visit (0x000078e2e0406e88) [0x000078e2e0406f80, 0x000078e2e0407900] Compiler: c1, Barriers: 18, Oops: 2, ImmediateOops: 5, NonImmediateOops: No
[2,430s][debug][gc,nmethod     ] Register NMethod: com.github.benmanes.caffeine.cache.BoundedLocalCache.notifyRemoval (0x000078e2e0407988) [0x000078e2e0407a80, 0x000078e2e0408008] Compiler: c1, Barriers: 14, Oops: 4, ImmediateOops: 4, NonImmediateOops: No
[2,430s][debug][gc,director    ] Rule Major: Warmup 10%, Used: 372MB, UsedThreshold: 1228MB
[2,430s][debug][gc,nmethod     ] Register NMethod: io.sirix.diff.algorithm.fmse.LabelFMSEVisitor.visit (0x000078e2e0408088) [0x000078e2e0408180, 0x000078e2e0408358] Compiler: c1, Barriers: 2, Oops: 1, ImmediateOops: 1, NonImmediateOops: No
[2,431s][debug][gc,nmethod     ] Register NMethod: io.sirix.diff.algorithm.fmse.LabelFMSEVisitor.visit (0x000078e2e0408388) [0x000078e2e0408480, 0x000078e2e0408668] Compiler: c1, Barriers: 2, Oops: 1, ImmediateOops: 1, NonImmediateOops: No
[2,432s][debug][gc,nmethod     ] Register NMethod: java.util.concurrent.ForkJoinPool.runWorker (0x000078e2e0408688) [0x000078e2e0408780, 0x000078e2e040a4c0] Compiler: c1, Barriers: 13, Oops: 1, ImmediateOops: 1, NonImmediateOops: No
[2,432s][debug][gc,nmethod     ] Register NMethod: com.github.benmanes.caffeine.cache.SSLSMW.hitsInSample (0x000078e2fed71088) [0x000078e2fed71180, 0x000078e2fed71240] Compiler: c1, Barriers: 0, Oops: 1, ImmediateOops: 0, NonImmediateOops: No
[2,432s][debug][gc,nmethod     ] Register NMethod: com.github.benmanes.caffeine.cache.AbstractLinkedDeque.moveToBack (0x000078e2e040a508) [0x000078e2e040a600, 0x000078e2e040a7a0] Compiler: c1, Barriers: 1, Oops: 1, ImmediateOops: 0, NonImmediateOops: No
[2,432s][debug][gc,nmethod     ] Register NMethod: com.github.benmanes.caffeine.cache.BoundedLocalCache.reorder (0x000078e2e040a808) [0x000078e2e040a900, 0x000078e2e040ab88] Compiler: c1, Barriers: 1, Oops: 1, ImmediateOops: 0, NonImmediateOops: No
[2,432s][debug][gc,nmethod     ] Register NMethod: io.sirix.page.delegates.BitmapReferencesPage.index (0x000078e2fed71388) [0x000078e2fed71480, 0x000078e2fed71a38] Compiler: jvmci, Barriers: 2, Oops: 2, ImmediateOops: 0, NonImmediateOops: No
[2,432s][debug][gc,nmethod     ] Register NMethod: java.util.concurrent.ConcurrentHashMap.entrySet (0x000078e2e040ac08) [0x000078e2e040ad00, 0x000078e2e040af98] Compiler: c1, Barriers: 7, Oops: 0, ImmediateOops: 0, NonImmediateOops: No
[2,432s][debug][gc,nmethod     ] Register NMethod: io.sirix.diff.algorithm.fmse.LabelFMSEVisitor.addLeafLabel (0x000078e2e040b008) [0x000078e2e040b100, 0x000078e2e040c440] Compiler: c1, Barriers: 8, Oops: 1, ImmediateOops: 1, NonImmediateOops: No
[2,433s][debug][gc,nmethod     ] Register NMethod: com.github.benmanes.caffeine.cache.BoundedLocalCache.onAccess (0x000078e2e040c488) [0x000078e2e040c580, 0x000078e2e040cf10] Compiler: c1, Barriers: 3, Oops: 6, ImmediateOops: 2, NonImmediateOops: No
[2,433s][debug][gc,nmethod     ] Register NMethod: io.sirix.access.trx.page.NodePageReadOnlyTrx.getRecordPage (0x000078e2fed71a88) [0x000078e2fed71b80, 0x000078e2fed72b00] Compiler: jvmci, Barriers: 37, Oops: 1, ImmediateOops: 1, NonImmediateOops: No
[2,435s][debug][gc,nmethod     ] Register NMethod: io.brackit.query.atomic.AbstractAtomic.equals (0x000078e2e040cf88) [0x000078e2e040d080, 0x000078e2e040d260] Compiler: c1, Barriers: 0, Oops: 1, ImmediateOops: 0, NonImmediateOops: No
[2,435s][debug][gc,nmethod     ] Register NMethod: java.lang.Math.min (0x000078e2e040d288) [0x000078e2e040d380, 0x000078e2e040d580] Compiler: c1, Barriers: 0, Oops: 0, ImmediateOops: 0, NonImmediateOops: No
[2,435s][debug][gc,nmethod     ] Register NMethod: io.sirix.diff.algorithm.fmse.Levenshtein.min3 (0x000078e2e040d588) [0x000078e2e040d680, 0x000078e2e040d7a0] Compiler: c1, Barriers: 0, Oops: 1, ImmediateOops: 0, NonImmediateOops: No
[2,436s][debug][gc,nmethod     ] Register NMethod: io.sirix.diff.algorithm.fmse.FMSENodeComparisonUtils.getNodeValue (0x000078e2e040d888) [0x000078e2e040d980, 0x000078e2e040e020] Compiler: c1, Barriers: 1, Oops: 2, ImmediateOops: 3, NonImmediateOops: No
[2,436s][debug][gc,nmethod     ] Register NMethod: io.sirix.diff.algorithm.fmse.utils.SubCost01.getCost (0x000078e2e040e088) [0x000078e2e040e1a0, 0x000078e2e040e5b0] Compiler: c1, Barriers: 4, Oops: 2, ImmediateOops: 4, NonImmediateOops: No
[2,436s][debug][gc,nmethod     ] Register NMethod: io.sirix.access.trx.node.xml.ForwardingXmlNodeReadOnlyTrx.getValue (0x000078e2e040e608) [0x000078e2e040e700, 0x000078e2e040e8d0] Compiler: c1, Barriers: 1, Oops: 1, ImmediateOops: 0, NonImmediateOops: No
[2,436s][debug][gc,nmethod     ] Register NMethod: io.sirix.access.trx.page.NodePageReadOnlyTrx.getName (0x000078e2e040e908) [0x000078e2e040ea00, 0x000078e2e040ec48] Compiler: c1, Barriers: 1, Oops: 1, ImmediateOops: 1, NonImmediateOops: No
[2,436s][debug][gc,nmethod     ] Register NMethod: io.sirix.index.path.summary.PathNode.getPath (0x000078e2fed72b88) [0x000078e2fed72c80, 0x000078e2fed72d68] Compiler: c1, Barriers: 1, Oops: 1, ImmediateOops: 0, NonImmediateOops: No
[2,436s][debug][gc,nmethod     ] Register NMethod: io.sirix.diff.algorithm.fmse.LeafNodeComparator.isEqual (0x000078e2e040ec88) [0x000078e2e040ed80, 0x000078e2e040eef8] Compiler: c1, Barriers: 0, Oops: 1, ImmediateOops: 0, NonImmediateOops: No
[2,436s][debug][gc,nmethod     ] Register NMethod: java.lang.Math.min (0x000078e2e040ef88) [0x000078e2e040f080, 0x000078e2e040f378] Compiler: c1, Barriers: 0, Oops: 0, ImmediateOops: 0, NonImmediateOops: No
[2,436s][debug][gc,nmethod     ] Register NMethod: io.sirix.diff.algorithm.fmse.FMSENodeComparisonUtils.calculateRatio (0x000078e2e040f388) [0x000078e2e040f480, 0x000078e2e040f830] Compiler: c1, Barriers: 2, Oops: 1, ImmediateOops: 0, NonImmediateOops: No
[2,437s][debug][gc,nmethod     ] Register NMethod: java.util.ArrayList.set (0x000078e2e040f888) [0x000078e2e040f980, 0x000078e2e040fc20] Compiler: c1, Barriers: 5, Oops: 0, ImmediateOops: 0, NonImmediateOops: No
[2,437s][debug][gc,nmethod     ] Register NMethod: io.sirix.access.trx.node.xml.ForwardingXmlNodeReadOnlyTrx.getName (0x000078e2e040fc88) [0x000078e2e040fd80, 0x000078e2e040ff50] Compiler: c1, Barriers: 1, Oops: 1, ImmediateOops: 0, NonImmediateOops: No
[2,437s][debug][gc,nmethod     ] Register NMethod: io.sirix.diff.algorithm.fmse.Levenshtein.getSimilarity (0x000078e2e040ff88) [0x000078e2e04100a0, 0x000078e2e04105e0] Compiler: c1, Barriers: 2, Oops: 1, ImmediateOops: 0, NonImmediateOops: No
[2,437s][debug][gc,nmethod     ] Register NMethod: io.sirix.diff.algorithm.fmse.FMSENodeComparisonUtils.nodeValuesEqual (0x000078e2e0410608) [0x000078e2e0410700, 0x000078e2e0410c00] Compiler: c1, Barriers: 0, Oops: 1, ImmediateOops: 0, NonImmediateOops: No
[2,437s][debug][gc,nmethod     ] Register NMethod: io.sirix.access.trx.node.AbstractNodeReadOnlyTrx.getPathNodeKey (0x000078e2e0410c88) [0x000078e2e0410d80, 0x000078e2e04113a0] Compiler: c1, Barriers: 1, Oops: 1, ImmediateOops: 3, NonImmediateOops: No
[2,437s][debug][gc,nmethod     ] Register NMethod: io.sirix.diff.algorithm.fmse.LeafNodeComparator.isEqual (0x000078e2e0411408) [0x000078e2e0411540, 0x000078e2e0412a68] Compiler: c1, Barriers: 36, Oops: 1, ImmediateOops: 5, NonImmediateOops: No
[2,437s][debug][gc,nmethod     ] Register NMethod: io.sirix.axis.AbstractAxis.hasNext (0x000078e2fed72e88) [0x000078e2fed72f80, 0x000078e2fed73620] Compiler: jvmci, Barriers: 8, Oops: 1, ImmediateOops: 1, NonImmediateOops: No
[2,438s][debug][gc,nmethod     ] Register NMethod: io.sirix.diff.algorithm.fmse.Levenshtein.min3 (0x000078e2e0412a88) [0x000078e2e0412b80, 0x000078e2e0412cd8] Compiler: c1, Barriers: 0, Oops: 1, ImmediateOops: 0, NonImmediateOops: No
[2,438s][debug][gc,nmethod     ] Register NMethod: io.sirix.diff.algorithm.fmse.utils.SubCost01.getCost (0x000078e2e0412d88) [0x000078e2e0412ea0, 0x000078e2e0414090] Compiler: c1, Barriers: 4, Oops: 2, ImmediateOops: 4, NonImmediateOops: No
[2,438s][debug][gc,nmethod     ] Register NMethod: io.sirix.diff.algorithm.fmse.FMSENodeComparisonUtils.getNodeValue (0x000078e2e0414108) [0x000078e2e0414200, 0x000078e2e04166c8] Compiler: c1, Barriers: 1, Oops: 3, ImmediateOops: 3, NonImmediateOops: No
[2,438s][debug][gc,nmethod     ] Register NMethod: io.sirix.access.trx.node.xml.ForwardingXmlNodeReadOnlyTrx.getPathNodeKey (0x000078e2e0416708) [0x000078e2e0416800, 0x000078e2e04169d0] Compiler: c1, Barriers: 1, Oops: 1, ImmediateOops: 0, NonImmediateOops: No
[2,438s][debug][gc,nmethod     ] Register NMethod: io.brackit.query.util.path.Path.getLength (0x000078e2e0416a08) [0x000078e2e0416b00, 0x000078e2e0416c30] Compiler: c1, Barriers: 1, Oops: 1, ImmediateOops: 0, NonImmediateOops: No
[2,439s][debug][gc,nmethod     ] Register NMethod: io.sirix.index.path.summary.PathSummaryReader.getPathNodeForPathNodeKey (0x000078e2e0416d08) [0x000078e2e0416e00, 0x000078e2e0417098] Compiler: c1, Barriers: 2, Oops: 1, ImmediateOops: 1, NonImmediateOops: No
[2,439s][debug][gc,nmethod     ] Register NMethod: io.sirix.access.trx.page.NodePageReadOnlyTrx.getMostRecentPage (0x000078e2fed73688) [0x000078e2fed73780, 0x000078e2fed73a18] Compiler: jvmci, Barriers: 4, Oops: 1, ImmediateOops: 0, NonImmediateOops: No
[2,439s][debug][gc,nmethod     ] Register NMethod: io.sirix.index.path.summary.PathSummaryReader.getPath (0x000078e2e0417108) [0x000078e2e0417200, 0x000078e2e0418258] Compiler: c1, Barriers: 20, Oops: 1, ImmediateOops: 8, NonImmediateOops: No
[2,439s][debug][gc,nmethod     ] Register NMethod: io.sirix.diff.algorithm.fmse.Levenshtein.getUnNormalisedSimilarity (0x000078e2e0418288) [0x000078e2e04183a0, 0x000078e2e0418fd0] Compiler: c1, Barriers: 11, Oops: 2, ImmediateOops: 4, NonImmediateOops: No
[2,440s][debug][gc,nmethod     ] Register NMethod: io.sirix.access.trx.node.xml.ForwardingXmlNodeReadOnlyTrx.getValue (0x000078e2e0419008) [0x000078e2e0419100, 0x000078e2e04196e0] Compiler: c1, Barriers: 1, Oops: 1, ImmediateOops: 0, NonImmediateOops: No
[2,441s][debug][gc,director    ] Rule Major: Warmup 10%, Used: 376MB, UsedThreshold: 1228MB
[2,441s][debug][gc,nmethod     ] Register NMethod: io.brackit.query.util.path.Path.matches (0x000078e2e0419708) [0x000078e2e0419800, 0x000078e2e041af38] Compiler: c1, Barriers: 29, Oops: 4, ImmediateOops: 36, NonImmediateOops: No
[2,441s][debug][gc,nmethod     ] Register NMethod: io.sirix.utils.Pair.<init> (0x000078e2e041af88) [0x000078e2e041b080, 0x000078e2e041b268] Compiler: c1, Barriers: 6, Oops: 1, ImmediateOops: 0, NonImmediateOops: No
[2,441s][debug][gc,nmethod     ] Register NMethod: java.util.concurrent.ForkJoinPool.deactivate (0x000078e2fed73a88) [0x000078e2fed73b80, 0x000078e2fed74680] Compiler: jvmci, Barriers: 21, Oops: 0, ImmediateOops: 1, NonImmediateOops: No
[2,442s][debug][gc,nmethod     ] Register NMethod: io.sirix.diff.algorithm.fmse.LeafNodeComparator.isEqual (0x000078e2e041b288) [0x000078e2e041b380, 0x000078e2e041ba78] Compiler: c1, Barriers: 0, Oops: 1, ImmediateOops: 0, NonImmediateOops: No
[2,442s][debug][gc,nmethod     ] Register NMethod: io.sirix.diff.algorithm.fmse.FMSENodeComparisonUtils.calculateRatio (0x000078e2e041ba88) [0x000078e2e041bb80, 0x000078e2e041c8e0] Compiler: c1, Barriers: 2, Oops: 1, ImmediateOops: 0, NonImmediateOops: No
[2,442s][debug][gc,nmethod     ] Register NMethod: io.sirix.diff.algorithm.fmse.FMSENodeComparisonUtils.nodeValuesEqual (0x000078e2e041c908) [0x000078e2e041ca00, 0x000078e2e041d130] Compiler: c1, Barriers: 0, Oops: 1, ImmediateOops: 0, NonImmediateOops: No
[2,442s][debug][gc,nmethod     ] Register NMethod: io.sirix.diff.algorithm.fmse.Levenshtein.getSimilarity (0x000078e2e041d188) [0x000078e2e041d2a0, 0x000078e2e041e568] Compiler: c1, Barriers: 2, Oops: 1, ImmediateOops: 0, NonImmediateOops: No
[2,442s][debug][gc,nmethod     ] Register NMethod: io.sirix.diff.algorithm.fmse.LeafNodeComparator.adaptRatioByUsingThePathChecks (0x000078e2e041e588) [0x000078e2e041e6a0, 0x000078e2e041ebc8] Compiler: c1, Barriers: 8, Oops: 1, ImmediateOops: 3, NonImmediateOops: No
[2,443s][debug][gc,nmethod     ] Register NMethod: java.util.ArrayList.set (0x000078e2e041ec08) [0x000078e2e041ed00, 0x000078e2e041f240] Compiler: c1, Barriers: 5, Oops: 0, ImmediateOops: 0, NonImmediateOops: No
[2,443s][debug][gc,nmethod     ] Register NMethod: io.sirix.diff.algorithm.fmse.LeafNodeComparator.checkPaths (0x000078e2e041f288) [0x000078e2e041f380, 0x000078e2e041fd88] Compiler: c1, Barriers: 18, Oops: 1, ImmediateOops: 6, NonImmediateOops: No
[2,443s][debug][gc,nmethod     ] Register NMethod: io.sirix.diff.algorithm.fmse.LeafNodeComparator.isEqual (0x000078e2e041fe08) [0x000078e2e041ff40, 0x000078e2e04253f0] Compiler: c1, Barriers: 36, Oops: 1, ImmediateOops: 5, NonImmediateOops: No
[2,444s][debug][gc,nmethod     ] Register NMethod: io.brackit.query.atomic.AbstractAtomic.equals (0x000078e2e0425408) [0x000078e2e0425500, 0x000078e2e0425cd0] Compiler: c1, Barriers: 0, Oops: 1, ImmediateOops: 0, NonImmediateOops: No
[2,444s][debug][gc,nmethod     ] Register NMethod: io.sirix.page.delegates.ReferencesPage4.getOrCreateReference (0x000078e2fed74688) [0x000078e2fed74780, 0x000078e2fed74de0] Compiler: jvmci, Barriers: 10, Oops: 2, ImmediateOops: 1, NonImmediateOops: No
[2,444s][debug][gc,nmethod     ] Register NMethod: io.sirix.diff.algorithm.fmse.Levenshtein.getUnNormalisedSimilarity (0x000078e2e0425d08) [0x000078e2e0425e20, 0x000078e2e0428540] Compiler: c1, Barriers: 11, Oops: 2, ImmediateOops: 5, NonImmediateOops: No
[2,445s][debug][gc,nmethod     ] Register NMethod: io.sirix.access.trx.node.AbstractNodeReadOnlyTrx.getKind (0x000078e2fed74e08) [0x000078e2fed74f00, 0x000078e2fed750a0] Compiler: jvmci, Barriers: 1, Oops: 1, ImmediateOops: 2, NonImmediateOops: No
[2,446s][debug][gc,nmethod     ] Register NMethod: io.sirix.access.trx.node.AbstractNodeReadOnlyTrx.getPathNodeKey (0x000078e2e0428588) [0x000078e2e0428680, 0x000078e2e042a038] Compiler: c1, Barriers: 1, Oops: 1, ImmediateOops: 3, NonImmediateOops: No
[2,447s][debug][gc,nmethod     ] Register NMethod: io.sirix.diff.algorithm.fmse.Levenshtein.getUnNormalisedSimilarity (0x000078e2e042a088) [0x000078e2e042a1a0, 0x000078e2e042c8f8] Compiler: c1, Barriers: 11, Oops: 2, ImmediateOops: 5, NonImmediateOops: No
[2,448s][debug][gc,nmethod     ] Register NMethod: com.github.benmanes.caffeine.cache.BoundedLocalCache$UpdateTask.run (0x000078e2e042c988) [0x000078e2e042ca80, 0x000078e2e042dc80] Compiler: c1, Barriers: 38, Oops: 1, ImmediateOops: 3, NonImmediateOops: No
[2,448s][debug][gc,nmethod     ] Register NMethod: java.util.concurrent.ForkJoinPool.runWorker (0x000078e2e042dd08) [0x000078e2e042de00, 0x000078e2e042f910] Compiler: c1, Barriers: 13, Oops: 1, ImmediateOops: 1, NonImmediateOops: No
[2,448s][debug][gc,nmethod     ] Register NMethod: sun.nio.ch.Util.getTemporaryDirectBuffer (0x000078e2e042f988) [0x000078e2e042fa80, 0x000078e2e042fe98] Compiler: c1, Barriers: 0, Oops: 1, ImmediateOops: 7, NonImmediateOops: No
[2,448s][debug][gc,nmethod     ] Register NMethod: sun.nio.ch.Util.offerFirstTemporaryDirectBuffer (0x000078e2e042ff08) [0x000078e2e0430000, 0x000078e2e04304a0] Compiler: c1, Barriers: 0, Oops: 1, ImmediateOops: 5, NonImmediateOops: No
[2,449s][debug][gc,nmethod     ] Register NMethod: com.github.benmanes.caffeine.cache.LocalCache$$Lambda/0x00000000922aaad0.<init> (0x000078e2e0430508) [0x000078e2e0430600, 0x000078e2e04307f8] Compiler: c1, Barriers: 6, Oops: 1, ImmediateOops: 0, NonImmediateOops: No
[2,449s][debug][gc,nmethod     ] Register NMethod: org.custommonkey.xmlunit.DifferenceEngine.compare (0x000078e2fed75108) [0x000078e2fed75200, 0x000078e2fed7cb80] Compiler: jvmci, Barriers: 138, Oops: 7, ImmediateOops: 12, NonImmediateOops: No
[2,450s][debug][gc,nmethod     ] Register NMethod: io.sirix.cache.RecordPageCache$$Lambda/0x0000000092255ae0.weigh (0x000078e2e0430808) [0x000078e2e0430900, 0x000078e2e0430ad8] Compiler: c1, Barriers: 1, Oops: 1, ImmediateOops: 0, NonImmediateOops: No
[2,450s][debug][gc,nmethod     ] Register NMethod: io.sirix.cache.RecordPageCache.lambda$new$1 (0x000078e2e0430b08) [0x000078e2e0430c00, 0x000078e2e0430d70] Compiler: c1, Barriers: 1, Oops: 1, ImmediateOops: 0, NonImmediateOops: No
[2,450s][debug][gc,nmethod     ] Register NMethod: java.lang.Math.min (0x000078e2fed7cc08) [0x000078e2fed7cd00, 0x000078e2fed7cdc8] Compiler: jvmci, Barriers: 0, Oops: 0, ImmediateOops: 0, NonImmediateOops: No
[2,450s][debug][gc,nmethod     ] Register NMethod: com.github.benmanes.caffeine.cache.AbstractLinkedDeque.linkLast (0x000078e2e0430e08) [0x000078e2e0430f00, 0x000078e2e04312e8] Compiler: c1, Barriers: 7, Oops: 1, ImmediateOops: 0, NonImmediateOops: No
[2,450s][debug][gc,nmethod     ] Register NMethod: java.util.concurrent.ConcurrentHashMap$EntrySpliterator.<init> (0x000078e2e0431308) [0x000078e2e0431400, 0x000078e2e04315b8] Compiler: c1, Barriers: 3, Oops: 0, ImmediateOops: 0, NonImmediateOops: No
[2,450s][debug][gc,nmethod     ] Register NMethod: java.util.concurrent.ConcurrentHashMap$EntrySetView.spliterator (0x000078e2e0431608) [0x000078e2e0431700, 0x000078e2e0431970] Compiler: c1, Barriers: 2, Oops: 0, ImmediateOops: 0, NonImmediateOops: No
[2,450s][debug][gc,nmethod     ] Register NMethod: java.util.concurrent.ConcurrentHashMap$EntrySpliterator.forEachRemaining (0x000078e2e0431988) [0x000078e2e0431a80, 0x000078e2e0431f60] Compiler: c1, Barriers: 12, Oops: 0, ImmediateOops: 0, NonImmediateOops: No
[2,450s][debug][gc,nmethod     ] Register NMethod: io.sirix.page.KeyValueLeafPage.lambda$incrementPinCount$0 (0x000078e2e0431f88) [0x000078e2e0432080, 0x000078e2e04321a0] Compiler: c1, Barriers: 0, Oops: 1, ImmediateOops: 0, NonImmediateOops: No
[2,451s][debug][gc,nmethod     ] Register NMethod: io.sirix.page.KeyValueLeafPage$$Lambda/0x00000000922b4440.apply (0x000078e2e0432288) [0x000078e2e0432380, 0x000078e2e04324f0] Compiler: c1, Barriers: 0, Oops: 1, ImmediateOops: 0, NonImmediateOops: No
[2,451s][debug][gc,director    ] Rule Major: Warmup 10%, Used: 386MB, UsedThreshold: 1228MB
[2,451s][debug][gc,nmethod     ] Register NMethod: com.github.benmanes.caffeine.cache.AbstractLinkedDeque.unlink (0x000078e2e0432588) [0x000078e2e0432680, 0x000078e2e0432c60] Compiler: c1, Barriers: 6, Oops: 1, ImmediateOops: 0, NonImmediateOops: No
[2,451s][debug][gc,nmethod     ] Register NMethod: java.util.stream.Collectors.uniqKeysMapMerger (0x000078e2e0432c88) [0x000078e2e0432d80, 0x000078e2e0432e68] Compiler: c1, Barriers: 0, Oops: 0, ImmediateOops: 1, NonImmediateOops: No
[2,451s][debug][gc,nmethod     ] Register NMethod: java.util.stream.Collectors$$Lambda/0x000000009211cb58.<init> (0x000078e2e0432f88) [0x000078e2e0433080, 0x000078e2e0433268] Compiler: c1, Barriers: 6, Oops: 0, ImmediateOops: 0, NonImmediateOops: No
[2,451s][debug][gc,nmethod     ] Register NMethod: java.util.stream.Collectors$$Lambda/0x000000009211c930.get (0x000078e2e0433288) [0x000078e2e0433380, 0x000078e2e04334e0] Compiler: c1, Barriers: 0, Oops: 0, ImmediateOops: 0, NonImmediateOops: No
[2,452s][debug][gc,nmethod     ] Register NMethod: java.util.stream.Collectors.uniqKeysMapAccumulator (0x000078e2e0433588) [0x000078e2e0433680, 0x000078e2e04338a8] Compiler: c1, Barriers: 6, Oops: 1, ImmediateOops: 2, NonImmediateOops: No
[2,452s][debug][gc,nmethod     ] Register NMethod: java.util.stream.Collectors.toMap (0x000078e2e0433908) [0x000078e2e0433a00, 0x000078e2e0433cd8] Compiler: c1, Barriers: 6, Oops: 2, ImmediateOops: 5, NonImmediateOops: No
[2,452s][debug][gc,nmethod     ] Register NMethod: com.github.benmanes.caffeine.cache.LocalManualCache.getIfPresent (0x000078e2e0433d08) [0x000078e2e0433e00, 0x000078e2e0433f88] Compiler: c1, Barriers: 1, Oops: 1, ImmediateOops: 0, NonImmediateOops: No
[2,452s][debug][gc,nmethod     ] Register NMethod: com.github.benmanes.caffeine.cache.LocalCache.notifyOnReplace (0x000078e2e0434008) [0x000078e2e0434100, 0x000078e2e0434550] Compiler: c1, Barriers: 0, Oops: 1, ImmediateOops: 1, NonImmediateOops: No
[2,452s][debug][gc,nmethod     ] Register NMethod: io.sirix.page.KeyValueLeafPage.getPinCountByTransaction (0x000078e2e0434588) [0x000078e2e0434680, 0x000078e2e04348f0] Compiler: c1, Barriers: 1, Oops: 1, ImmediateOops: 2, NonImmediateOops: No
[2,452s][debug][gc,nmethod     ] Register NMethod: io.sirix.page.KeyValueLeafPage.decrementPinCount (0x000078e2e0434908) [0x000078e2e0434a00, 0x000078e2e0435208] Compiler: c1, Barriers: 5, Oops: 1, ImmediateOops: 2, NonImmediateOops: No
[2,452s][debug][gc,nmethod     ] Register NMethod: sun.nio.ch.Util$BufferCache.next (0x000078e2e0435288) [0x000078e2e0435380, 0x000078e2e04354a8] Compiler: c1, Barriers: 0, Oops: 0, ImmediateOops: 0, NonImmediateOops: No
[2,453s][debug][gc,nmethod     ] Register NMethod: io.sirix.page.AbstractForwardingPage.<init> (0x000078e2e0435588) [0x000078e2e0435680, 0x000078e2e0435778] Compiler: c1, Barriers: 0, Oops: 1, ImmediateOops: 0, NonImmediateOops: No
[2,453s][debug][gc,nmethod     ] Register NMethod: com.github.benmanes.caffeine.cache.BoundedLocalCache.getIfPresent (0x000078e2e0435888) [0x000078e2e0435980, 0x000078e2e0436628] Compiler: c1, Barriers: 4, Oops: 8, ImmediateOops: 5, NonImmediateOops: No
[2,453s][debug][gc,nmethod     ] Register NMethod: java.nio.ByteBuffer.put (0x000078e2e0436688) [0x000078e2e0436780, 0x000078e2e0436b68] Compiler: c1, Barriers: 0, Oops: 0, ImmediateOops: 1, NonImmediateOops: No
[2,453s][debug][gc,nmethod     ] Register NMethod: java.nio.HeapByteBuffer.put (0x000078e2e0436b88) [0x000078e2e0436c80, 0x000078e2e0437008] Compiler: c1, Barriers: 5, Oops: 0, ImmediateOops: 2, NonImmediateOops: No
[2,453s][debug][gc,nmethod     ] Register NMethod: java.nio.ByteBuffer.putBuffer (0x000078e2e0437088) [0x000078e2e0437180, 0x000078e2e0437810] Compiler: c1, Barriers: 9, Oops: 1, ImmediateOops: 5, NonImmediateOops: No
[2,454s][debug][gc,nmethod     ] Register NMethod: java.util.stream.Collectors$$Lambda/0x000000009211cb58.accept (0x000078e2e0437888) [0x000078e2e0437980, 0x000078e2e0437b60] Compiler: c1, Barriers: 2, Oops: 0, ImmediateOops: 0, NonImmediateOops: No
[2,454s][debug][gc,nmethod     ] Register NMethod: java.util.stream.Collectors.lambda$uniqKeysMapAccumulator$0 (0x000078e2e0437b88) [0x000078e2e0437c80, 0x000078e2e0437f08] Compiler: c1, Barriers: 0, Oops: 0, ImmediateOops: 0, NonImmediateOops: No
[2,454s][debug][gc,nmethod     ] Register NMethod: io.sirix.access.trx.page.NodePageReadOnlyTrx.loadPage (0x000078e2fed7cf08) [0x000078e2fed7d000, 0x000078e2fed7d748] Compiler: jvmci, Barriers: 14, Oops: 1, ImmediateOops: 0, NonImmediateOops: No
[2,454s][debug][gc,nmethod     ] Register NMethod: io.sirix.page.delegates.BitmapReferencesPage.getOrCreateReference (0x000078e2fed7d788) [0x000078e2fed7d880, 0x000078e2fed7e100] Compiler: jvmci, Barriers: 6, Oops: 2, ImmediateOops: 0, NonImmediateOops: No
[2,455s][debug][gc,nmethod     ] Register NMethod: io.sirix.page.KeyValueLeafPage.incrementPinCount (0x000078e2e0437f88) [0x000078e2e0438080, 0x000078e2e0438670] Compiler: c1, Barriers: 5, Oops: 1, ImmediateOops: 3, NonImmediateOops: No
[2,455s][debug][gc,nmethod     ] Register NMethod: io.sirix.page.KeyValueLeafPage$$Lambda/0x00000000922be168.apply (0x000078e2e0438688) [0x000078e2e0438780, 0x000078e2e04388f8] Compiler: c1, Barriers: 0, Oops: 1, ImmediateOops: 0, NonImmediateOops: No
[2,455s][debug][gc,nmethod     ] Register NMethod: io.sirix.access.trx.page.NodePageReadOnlyTrx.unpinRecordPage (0x000078e2e0438988) [0x000078e2e0438a80, 0x000078e2e04393a0] Compiler: c1, Barriers: 11, Oops: 2, ImmediateOops: 6, NonImmediateOops: No
[2,455s][debug][gc,nmethod     ] Register NMethod: io.sirix.page.KeyValueLeafPage$$Lambda/0x00000000922be3b0.apply (0x000078e2e0439408) [0x000078e2e0439500, 0x000078e2e04396d0] Compiler: c1, Barriers: 0, Oops: 1, ImmediateOops: 0, NonImmediateOops: No
[2,455s][debug][gc,nmethod     ] Register NMethod: io.sirix.page.KeyValueLeafPage.lambda$getPinCountByTransaction$0 (0x000078e2e0439708) [0x000078e2e0439800, 0x000078e2e0439a10] Compiler: c1, Barriers: 1, Oops: 1, ImmediateOops: 1, NonImmediateOops: No
[2,455s][debug][gc,nmethod     ] Register NMethod: net.jpountz.lz4.LZ4JNIFastDecompressor.decompress (0x000078e2e0439a88) [0x000078e2e0439b80, 0x000078e2e043a2f0] Compiler: c1, Barriers: 0, Oops: 1, ImmediateOops: 4, NonImmediateOops: No
[2,455s][debug][gc,nmethod     ] Register NMethod: com.github.benmanes.caffeine.cache.BoundedLocalCache.computeIfPresent (0x000078e2e043a308) [0x000078e2e043a400, 0x000078e2e043ad58] Compiler: c1, Barriers: 3, Oops: 9, ImmediateOops: 5, NonImmediateOops: No
[2,456s][debug][gc,nmethod     ] Register NMethod: io.sirix.io.filechannel.FileChannelReader.read (0x000078e2e043ae08) [0x000078e2e043af00, 0x000078e2e043b668] Compiler: c1, Barriers: 3, Oops: 1, ImmediateOops: 4, NonImmediateOops: No
[2,457s][debug][gc,nmethod     ] Register NMethod: io.sirix.page.AbstractForwardingPage.getReferences (0x000078e2e043b688) [0x000078e2e043b780, 0x000078e2e043b8d0] Compiler: c1, Barriers: 0, Oops: 1, ImmediateOops: 0, NonImmediateOops: No
[2,457s][debug][gc,nmethod     ] Register NMethod: io.sirix.diff.algorithm.fmse.Levenshtein.getUnNormalisedSimilarity (0x000078e2e043b988) [0x000078e2e043baa0, 0x000078e2e043e090] Compiler: c1, Barriers: 11, Oops: 2, ImmediateOops: 5, NonImmediateOops: No
[2,458s][debug][gc,nmethod     ] Register NMethod: java.util.concurrent.ForkJoinTask$RunnableExecuteAction.compute (0x000078e2e043e108) [0x000078e2e043e200, 0x000078e2e043e360] Compiler: c1, Barriers: 1, Oops: 0, ImmediateOops: 0, NonImmediateOops: No
[2,458s][debug][gc,nmethod     ] Register NMethod: java.util.concurrent.ForkJoinTask$RunnableExecuteAction.setRawResult (0x000078e2e043e408) [0x000078e2e043e500, 0x000078e2e043e628] Compiler: c1, Barriers: 0, Oops: 0, ImmediateOops: 0, NonImmediateOops: No
[2,458s][debug][gc,nmethod     ] Register NMethod: java.util.concurrent.ForkJoinTask$RunnableExecuteAction.compute (0x000078e2e043e708) [0x000078e2e043e800, 0x000078e2e043e960] Compiler: c1, Barriers: 1, Oops: 0, ImmediateOops: 0, NonImmediateOops: No
[2,458s][debug][gc,nmethod     ] Register NMethod: java.util.concurrent.ForkJoinPool.poolIsStopping (0x000078e2e043ea08) [0x000078e2e043eb00, 0x000078e2e043ec18] Compiler: c1, Barriers: 0, Oops: 0, ImmediateOops: 0, NonImmediateOops: No
[2,458s][debug][gc,nmethod     ] Register NMethod: java.util.concurrent.ForkJoinTask$RunnableExecuteAction.setRawResult (0x000078e2e043ed08) [0x000078e2e043ee00, 0x000078e2e043eef8] Compiler: c1, Barriers: 0, Oops: 0, ImmediateOops: 0, NonImmediateOops: No
[2,458s][debug][gc,nmethod     ] Register NMethod: io.sirix.access.trx.page.NodePageReadOnlyTrx$RecordPage.<init> (0x000078e2e043f008) [0x000078e2e043f100, 0x000078e2e043f368] Compiler: c1, Barriers: 9, Oops: 1, ImmediateOops: 0, NonImmediateOops: No
[2,458s][debug][gc,nmethod     ] Register NMethod: java.util.concurrent.ForkJoinTask$InterruptibleTask.exec (0x000078e2e043f388) [0x000078e2e043f480, 0x000078e2e043fb08] Compiler: c1, Barriers: 13, Oops: 0, ImmediateOops: 0, NonImmediateOops: No
[2,459s][debug][gc,nmethod     ] Register NMethod: io.sirix.access.trx.page.NodePageReadOnlyTrx.getLeafPageReference (0x000078e2e043fb88) [0x000078e2e043fc80, 0x000078e2e043fe60] Compiler: c1, Barriers: 2, Oops: 1, ImmediateOops: 0, NonImmediateOops: No
[2,459s][debug][gc,nmethod     ] Register NMethod: io.sirix.access.trx.page.NodePageReadOnlyTrx.getInMemoryPageInstance (0x000078e2e043fe88) [0x000078e2e043ff80, 0x000078e2e0440450] Compiler: c1, Barriers: 9, Oops: 3, ImmediateOops: 3, NonImmediateOops: No
[2,459s][debug][gc,nmethod     ] Register NMethod: io.sirix.access.trx.page.NodePageReadOnlyTrx.setMostRecentlyReadRecordPage (0x000078e2e0440488) [0x000078e2e0440580, 0x000078e2e0441518] Compiler: c1, Barriers: 39, Oops: 2, ImmediateOops: 3, NonImmediateOops: No
[2,459s][debug][gc,nmethod     ] Register NMethod: io.sirix.access.trx.page.NodePageReadOnlyTrx.setMostRecentPage (0x000078e2e0441588) [0x000078e2e0441680, 0x000078e2e04420c8] Compiler: c1, Barriers: 35, Oops: 1, ImmediateOops: 1, NonImmediateOops: No
[2,460s][debug][gc,nmethod     ] Register NMethod: com.github.benmanes.caffeine.cache.BoundedLocalCache$$Lambda/0x00000000922aba30.run (0x000078e2e0442108) [0x000078e2e0442200, 0x000078e2e0442400] Compiler: c1, Barriers: 4, Oops: 1, ImmediateOops: 0, NonImmediateOops: No
[2,460s][debug][gc,nmethod     ] Register NMethod: com.github.benmanes.caffeine.cache.BoundedLocalCache.lambda$notifyRemoval$1 (0x000078e2e0442488) [0x000078e2e0442580, 0x000078e2e0442810] Compiler: c1, Barriers: 1, Oops: 2, ImmediateOops: 2, NonImmediateOops: No
[2,460s][debug][gc,nmethod     ] Register NMethod: io.sirix.page.SerializationType$1.deserializeReferencesPage4 (0x000078e2e0442888) [0x000078e2e0442980, 0x000078e2e04433d0] Compiler: c1, Barriers: 13, Oops: 1, ImmediateOops: 0, NonImmediateOops: No
[2,460s][debug][gc,nmethod     ] Register NMethod: io.sirix.cache.RecordPageCache$$Lambda/0x00000000922c48b0.apply (0x000078e2e0443408) [0x000078e2e0443500, 0x000078e2e0443698] Compiler: c1, Barriers: 0, Oops: 1, ImmediateOops: 0, NonImmediateOops: No
[2,460s][debug][gc,nmethod     ] Register NMethod: io.sirix.cache.RecordPageCache.lambda$unpinAndUpdateWeight$0 (0x000078e2e0443708) [0x000078e2e0443800, 0x000078e2e0443918] Compiler: c1, Barriers: 0, Oops: 1, ImmediateOops: 0, NonImmediateOops: No
[2,461s][debug][gc,director    ] Rule Major: Warmup 10%, Used: 394MB, UsedThreshold: 1228MB
[2,461s][debug][gc,nmethod     ] Register NMethod: com.github.benmanes.caffeine.cache.stats.ConcurrentStatsCounter.recordHits (0x000078e2e0443a08) [0x000078e2e0443b00, 0x000078e2e0443c60] Compiler: c1, Barriers: 1, Oops: 1, ImmediateOops: 0, NonImmediateOops: No
[2,462s][debug][gc,nmethod     ] Register NMethod: io.sirix.page.KeyValueLeafPage.getActualMemorySize (0x000078e2e0443d08) [0x000078e2e0443e00, 0x000078e2e0443ff8] Compiler: c1, Barriers: 2, Oops: 1, ImmediateOops: 0, NonImmediateOops: No
[2,462s][debug][gc,nmethod     ] Register NMethod: com.github.benmanes.caffeine.cache.BoundedLocalCache.tryExpireAfterRead (0x000078e2e0444008) [0x000078e2e0444100, 0x000078e2e04441f8] Compiler: c1, Barriers: 0, Oops: 1, ImmediateOops: 0, NonImmediateOops: No
[2,463s][debug][gc,nmethod     ] Register NMethod: java.util.concurrent.ForkJoinPool.deactivate (0x000078e2fed7e188) [0x000078e2fed7e280, 0x000078e2fed7f150] Compiler: jvmci, Barriers: 28, Oops: 0, ImmediateOops: 1, NonImmediateOops: No
[2,463s][debug][gc,nmethod     ] Register NMethod: jdk.internal.misc.Unsafe.putIntRelease (0x000078e2fed7f188) [0x000078e2fed7f280, 0x000078e2fed7f310] Compiler: jvmci, Barriers: 0, Oops: 0, ImmediateOops: 0, NonImmediateOops: No
[2,465s][debug][gc,nmethod     ] Register NMethod: io.sirix.access.trx.node.xml.ForwardingXmlNodeReadOnlyTrx.getKind (0x000078e2fed7f488) [0x000078e2fed7f580, 0x000078e2fed7f7b8] Compiler: jvmci, Barriers: 2, Oops: 1, ImmediateOops: 2, NonImmediateOops: No
[2,465s][debug][gc,nmethod     ] Register NMethod: io.sirix.access.trx.page.NodePageReadOnlyTrx.getReferenceToLeafOfSubtree (0x000078e2fed7f808) [0x000078e2fed7f900, 0x000078e2fed81560] Compiler: jvmci, Barriers: 35, Oops: 3, ImmediateOops: 2, NonImmediateOops: No
[2,466s][debug][gc,nmethod     ] Register NMethod: io.sirix.page.UberPage.getPageCountExp (0x000078e2fed81588) [0x000078e2fed81680, 0x000078e2fed817f8] Compiler: jvmci, Barriers: 0, Oops: 1, ImmediateOops: 2, NonImmediateOops: No
[2,467s][debug][gc,nmethod     ] Register NMethod: io.sirix.access.trx.node.xml.ForwardingXmlNodeReadOnlyTrx.getPathNodeKey (0x000078e2e0444308) [0x000078e2e0444400, 0x000078e2e04449e0] Compiler: c1, Barriers: 1, Oops: 1, ImmediateOops: 0, NonImmediateOops: No
[2,467s][debug][gc,nmethod     ] Register NMethod: io.sirix.page.delegates.ReferencesPage4.<init> (0x000078e2e0444a08) [0x000078e2e0444b00, 0x000078e2e0444d88] Compiler: c1, Barriers: 8, Oops: 1, ImmediateOops: 0, NonImmediateOops: No
[2,467s][debug][gc,nmethod     ] Register NMethod: io.sirix.cache.PageCache$$Lambda/0x00000000921f72f8.weigh (0x000078e2e0444e08) [0x000078e2e0444f00, 0x000078e2e0445168] Compiler: c1, Barriers: 1, Oops: 1, ImmediateOops: 0, NonImmediateOops: No
[2,467s][debug][gc,nmethod     ] Register NMethod: io.sirix.access.trx.page.NodePageReadOnlyTrx.lambda$loadPage$0 (0x000078e2e0445188) [0x000078e2e0445280, 0x000078e2e0445640] Compiler: c1, Barriers: 3, Oops: 1, ImmediateOops: 1, NonImmediateOops: No
[2,467s][debug][gc,nmethod     ] Register NMethod: io.sirix.cache.PageCache.lambda$new$1 (0x000078e2e0445688) [0x000078e2e0445780, 0x000078e2e0445980] Compiler: c1, Barriers: 1, Oops: 1, ImmediateOops: 0, NonImmediateOops: No
[2,467s][debug][gc,nmethod     ] Register NMethod: io.sirix.page.PageUtils.createDelegate (0x000078e2e0445a08) [0x000078e2e0445b00, 0x000078e2e0446240] Compiler: c1, Barriers: 16, Oops: 1, ImmediateOops: 0, NonImmediateOops: No
[2,467s][debug][gc,nmethod     ] Register NMethod: io.sirix.access.trx.page.NodePageReadOnlyTrx$$Lambda/0x00000000922aa890.apply (0x000078e2e0446288) [0x000078e2e0446380, 0x000078e2e0446848] Compiler: c1, Barriers: 5, Oops: 1, ImmediateOops: 1, NonImmediateOops: No
[2,468s][debug][gc,nmethod     ] Register NMethod: io.sirix.page.PageUtils.fixupPageReferenceIds (0x000078e2e0446888) [0x000078e2e0446980, 0x000078e2e0446c30] Compiler: c1, Barriers: 0, Oops: 1, ImmediateOops: 0, NonImmediateOops: No
[2,468s][debug][gc,nmethod     ] Register NMethod: io.sirix.access.trx.page.NodePageReadOnlyTrx.getName (0x000078e2e0446c88) [0x000078e2e0446d80, 0x000078e2e0447400] Compiler: c1, Barriers: 1, Oops: 1, ImmediateOops: 1, NonImmediateOops: No
[2,468s][debug][gc,nmethod     ] Register NMethod: io.sirix.index.path.summary.PathSummaryReader.getPath (0x000078e2e0447488) [0x000078e2e0447580, 0x000078e2e044ccd0] Compiler: c1, Barriers: 20, Oops: 1, ImmediateOops: 8, NonImmediateOops: No
[2,469s][debug][gc,nmethod     ] Register NMethod: io.sirix.access.trx.page.NodePageReadOnlyTrx.getRecord (0x000078e2fed81888) [0x000078e2fed81980, 0x000078e2fed82c78] Compiler: jvmci, Barriers: 27, Oops: 2, ImmediateOops: 6, NonImmediateOops: No
[2,469s][debug][gc,nmethod     ] Register NMethod: io.sirix.cache.PageCache$$Lambda/0x00000000921f6a38.onRemoval (0x000078e2e044cd08) [0x000078e2e044ce00, 0x000078e2e044cfa0] Compiler: c1, Barriers: 0, Oops: 1, ImmediateOops: 0, NonImmediateOops: No
[2,469s][debug][gc,nmethod     ] Register NMethod: io.sirix.cache.PageCache.lambda$new$0 (0x000078e2e044d008) [0x000078e2e044d100, 0x000078e2e044d6e8] Compiler: c1, Barriers: 5, Oops: 4, ImmediateOops: 3, NonImmediateOops: No
[2,471s][debug][gc,nmethod     ] Register NMethod: java.util.concurrent.ForkJoinTask.setNoUserHelp (0x000078e2e044d788) [0x000078e2e044d880, 0x000078e2e044d988] Compiler: c1, Barriers: 0, Oops: 0, ImmediateOops: 0, NonImmediateOops: No
[2,471s][debug][gc,director    ] Rule Major: Warmup 10%, Used: 404MB, UsedThreshold: 1228MB
[2,472s][debug][gc,nmethod     ] Register NMethod: io.sirix.io.AbstractForwardingReader.read (0x000078e2e044da88) [0x000078e2e044db80, 0x000078e2e044dce0] Compiler: c1, Barriers: 1, Oops: 1, ImmediateOops: 0, NonImmediateOops: No
[2,472s][debug][gc,nmethod     ] Register NMethod: sun.nio.ch.Util$BufferCache.offerFirst (0x000078e2e044dd88) [0x000078e2e044de80, 0x000078e2e044e118] Compiler: c1, Barriers: 4, Oops: 0, ImmediateOops: 0, NonImmediateOops: No
[2,472s][debug][gc,nmethod     ] Register NMethod: sun.nio.ch.Util$BufferCache.get (0x000078e2e044e188) [0x000078e2e044e280, 0x000078e2e044e7c8] Compiler: c1, Barriers: 9, Oops: 0, ImmediateOops: 0, NonImmediateOops: No
[2,473s][debug][gc,nmethod     ] Register NMethod: io.sirix.access.trx.page.NodePageReadOnlyTrx.getPageReference (0x000078e2fed82d08) [0x000078e2fed82e00, 0x000078e2fed839c0] Compiler: jvmci, Barriers: 16, Oops: 2, ImmediateOops: 0, NonImmediateOops: No
[2,475s][debug][gc,alloc       ] Mutator Allocation Rate: 326,7MB/s Predicted: 393,4MB/s, Avg: 296,0(+/-61,2)MB/s
[2,475s][debug][gc,director    ] Rule Major: Warmup 10%, Used: 410MB, UsedThreshold: 1228MB
[2,476s][debug][gc,nmethod     ] Register NMethod: io.sirix.cache.RecordPageCache$$Lambda/0x00000000922d2500.apply (0x000078e2e044e808) [0x000078e2e044e900, 0x000078e2e044eac8] Compiler: c1, Barriers: 1, Oops: 1, ImmediateOops: 0, NonImmediateOops: No
[2,476s][debug][gc,nmethod     ] Register NMethod: io.sirix.cache.RecordPageCache.lambda$pinAndUpdateWeight$0 (0x000078e2e044eb08) [0x000078e2e044ec00, 0x000078e2e044edd0] Compiler: c1, Barriers: 0, Oops: 3, ImmediateOops: 2, NonImmediateOops: No
[2,477s][debug][gc,nmethod     ] Register NMethod: jdk.internal.misc.Unsafe.putIntOpaque (0x000078e2e044ee08) [0x000078e2e044ef00, 0x000078e2e044f008] Compiler: c1, Barriers: 0, Oops: 0, ImmediateOops: 0, NonImmediateOops: No
[2,479s][debug][gc,nmethod     ] Register NMethod: io.sirix.access.trx.node.AbstractNodeReadOnlyTrx.hasParent (0x000078e2e044f108) [0x000078e2e044f200, 0x000078e2e044f438] Compiler: c1, Barriers: 1, Oops: 1, ImmediateOops: 1, NonImmediateOops: No
[2,479s][debug][gc,nmethod     ] Register NMethod: io.sirix.access.trx.node.xml.ForwardingXmlNodeReadOnlyTrx.hasParent (0x000078e2e044f488) [0x000078e2e044f580, 0x000078e2e044f758] Compiler: c1, Barriers: 1, Oops: 1, ImmediateOops: 0, NonImmediateOops: No
[2,479s][debug][gc,nmethod     ] Register NMethod: io.sirix.diff.algorithm.fmse.ConnectionMap.set (0x000078e2e044f788) [0x000078e2e044f880, 0x000078e2e044fd30] Compiler: c1, Barriers: 3, Oops: 1, ImmediateOops: 2, NonImmediateOops: No
[2,480s][debug][gc,nmethod     ] Register NMethod: io.sirix.node.AbstractForwardingNode.hasParent (0x000078e2e044fd88) [0x000078e2e044fe80, 0x000078e2e044ffd8] Compiler: c1, Barriers: 0, Oops: 1, ImmediateOops: 1, NonImmediateOops: No
[2,480s][debug][gc,nmethod     ] Register NMethod: io.sirix.node.delegates.NodeDelegate.hasParent (0x000078e2e0450088) [0x000078e2e0450180, 0x000078e2e04502a8] Compiler: c1, Barriers: 0, Oops: 1, ImmediateOops: 1, NonImmediateOops: No
[2,480s][debug][gc,nmethod     ] Register NMethod: java.util.HashMap.put (0x000078e2e0450388) [0x000078e2e0450480, 0x000078e2e0450a68] Compiler: c1, Barriers: 0, Oops: 0, ImmediateOops: 0, NonImmediateOops: No
[2,480s][debug][gc,nmethod     ] Register NMethod: io.sirix.utils.Pair.getFirst (0x000078e2fed83a08) [0x000078e2fed83b00, 0x000078e2fed83be8] Compiler: c1, Barriers: 1, Oops: 1, ImmediateOops: 0, NonImmediateOops: No
[2,480s][debug][gc,nmethod     ] Register NMethod: io.sirix.utils.Pair.getSecond (0x000078e2fed83d08) [0x000078e2fed83e00, 0x000078e2fed83ee8] Compiler: c1, Barriers: 1, Oops: 1, ImmediateOops: 0, NonImmediateOops: No
[2,480s][debug][gc,nmethod     ] Register NMethod: java.util.HashMap.putVal (0x000078e2e0450a88) [0x000078e2e0450b80, 0x000078e2e0452f10] Compiler: c1, Barriers: 15, Oops: 0, ImmediateOops: 0, NonImmediateOops: No
[2,480s][debug][gc,nmethod     ] Register NMethod: io.sirix.node.xml.ElementNode.hasParent (0x000078e2e0452f88) [0x000078e2e0453080, 0x000078e2e0453ce8] Compiler: c1, Barriers: 19, Oops: 5, ImmediateOops: 6, NonImmediateOops: No
[2,481s][debug][gc,nmethod     ] Register NMethod: io.sirix.access.trx.page.NodePageReadOnlyTrx$$Lambda/0x00000000922abc60.<init> (0x000078e2e0453d88) [0x000078e2e0453e80, 0x000078e2e04540e0] Compiler: c1, Barriers: 9, Oops: 1, ImmediateOops: 0, NonImmediateOops: No
[2,481s][debug][gc,nmethod     ] Register NMethod: io.sirix.cache.RecordPageCache.get (0x000078e2e0454108) [0x000078e2e0454200, 0x000078e2e04543d0] Compiler: c1, Barriers: 1, Oops: 1, ImmediateOops: 0, NonImmediateOops: No
[2,481s][debug][gc,nmethod     ] Register NMethod: io.sirix.access.trx.page.NodePageReadOnlyTrx$$Lambda/0x00000000922abc60.apply (0x000078e2e0454408) [0x000078e2e0454500, 0x000078e2e0454740] Compiler: c1, Barriers: 3, Oops: 1, ImmediateOops: 0, NonImmediateOops: No
[2,481s][debug][gc,nmethod     ] Register NMethod: io.sirix.cache.RecordPageCache.get (0x000078e2e0454788) [0x000078e2e0454880, 0x000078e2e0454a80] Compiler: c1, Barriers: 1, Oops: 1, ImmediateOops: 0, NonImmediateOops: No
[2,481s][debug][gc,nmethod     ] Register NMethod: io.sirix.node.xml.TextNode.hasParent (0x000078e2e0454b08) [0x000078e2e0454c00, 0x000078e2e0455868] Compiler: c1, Barriers: 19, Oops: 5, ImmediateOops: 6, NonImmediateOops: No
[2,481s][debug][gc,nmethod     ] Register NMethod: io.sirix.access.trx.page.NodePageReadOnlyTrx.lambda$getFromBufferManager$0 (0x000078e2e0455908) [0x000078e2e0455a00, 0x000078e2e0455bf8] Compiler: c1, Barriers: 0, Oops: 1, ImmediateOops: 0, NonImmediateOops: No
[2,481s][debug][gc,nmethod     ] Register NMethod: io.sirix.access.trx.node.AbstractNodeReadOnlyTrx.hasParent (0x000078e2e0455c08) [0x000078e2e0455d00, 0x000078e2e0456368] Compiler: c1, Barriers: 1, Oops: 1, ImmediateOops: 1, NonImmediateOops: No
[2,481s][debug][gc,nmethod     ] Register NMethod: io.sirix.access.trx.page.NodePageReadOnlyTrx.getFromBufferManager (0x000078e2e0456388) [0x000078e2e0456480, 0x000078e2e0456a70] Compiler: c1, Barriers: 15, Oops: 2, ImmediateOops: 2, NonImmediateOops: No
[2,481s][debug][gc,nmethod     ] Register NMethod: io.sirix.access.trx.page.NodePageTrx$$Lambda/0x000000009228fd10.apply (0x000078e2fed84008) [0x000078e2fed84100, 0x000078e2fed859e8] Compiler: jvmci, Barriers: 39, Oops: 2, ImmediateOops: 2, NonImmediateOops: No
[2,481s][debug][gc,nmethod     ] Register NMethod: io.sirix.diff.algorithm.fmse.Matching.updateSubtreeMap (0x000078e2e0456a88) [0x000078e2e0456b80, 0x000078e2e04570f8] Compiler: c1, Barriers: 2, Oops: 1, ImmediateOops: 0, NonImmediateOops: No
[2,482s][debug][gc,nmethod     ] Register NMethod: java.util.concurrent.ForkJoinPool$WorkQueue.unlockPhase (0x000078e2fed85a08) [0x000078e2fed85b00, 0x000078e2fed85b90] Compiler: jvmci, Barriers: 0, Oops: 0, ImmediateOops: 0, NonImmediateOops: No
[2,482s][debug][gc,nmethod     ] Register NMethod: java.util.concurrent.atomic.AtomicInteger.incrementAndGet (0x000078e2fed85d08) [0x000078e2fed85e00, 0x000078e2fed85e90] Compiler: jvmci, Barriers: 0, Oops: 0, ImmediateOops: 0, NonImmediateOops: No
[2,483s][debug][gc,nmethod     ] Register NMethod: io.sirix.diff.algorithm.fmse.ConnectionMap.set (0x000078e2e0457108) [0x000078e2e0457200, 0x000078e2e04582c8] Compiler: c1, Barriers: 3, Oops: 1, ImmediateOops: 2, NonImmediateOops: No
[2,483s][debug][gc,nmethod     ] Register NMethod: java.util.concurrent.atomic.AtomicInteger.decrementAndGet (0x000078e2fed86008) [0x000078e2fed86100, 0x000078e2fed86190] Compiler: jvmci, Barriers: 0, Oops: 0, ImmediateOops: 0, NonImmediateOops: No
[2,483s][debug][gc,nmethod     ] Register NMethod: java.util.concurrent.ForkJoinPool.runWorker (0x000078e2e0458308) [0x000078e2e0458400, 0x000078e2e045a048] Compiler: c1, Barriers: 13, Oops: 1, ImmediateOops: 1, NonImmediateOops: No
[2,483s][debug][gc,nmethod     ] Register NMethod: jdk.internal.misc.Unsafe.putLongRelease (0x000078e2fed86308) [0x000078e2fed86400, 0x000078e2fed86490] Compiler: jvmci, Barriers: 0, Oops: 0, ImmediateOops: 0, NonImmediateOops: No
[2,483s][debug][gc,nmethod     ] Register NMethod: com.github.benmanes.caffeine.cache.BaseMpscLinkedArrayQueue.offerSlowPath (0x000078e2e045a088) [0x000078e2e045a180, 0x000078e2e045a4e0] Compiler: c1, Barriers: 0, Oops: 4, ImmediateOops: 1, NonImmediateOops: No
[2,483s][debug][gc,nmethod     ] Register NMethod: java.util.ArrayList.elementAt (0x000078e2e045a508) [0x000078e2e045a600, 0x000078e2e045a730] Compiler: c1, Barriers: 1, Oops: 0, ImmediateOops: 0, NonImmediateOops: No
[2,484s][debug][gc,nmethod     ] Register NMethod: io.sirix.diff.algorithm.fmse.FMSE$$Lambda/0x0000000092347520.test (0x000078e2e045a808) [0x000078e2e045a900, 0x000078e2e045aa90] Compiler: c1, Barriers: 1, Oops: 1, ImmediateOops: 0, NonImmediateOops: No
[2,484s][debug][gc,nmethod     ] Register NMethod: java.util.ArrayList.isClear (0x000078e2e045ab08) [0x000078e2e045ac00, 0x000078e2e045ad30] Compiler: c1, Barriers: 0, Oops: 0, ImmediateOops: 0, NonImmediateOops: No
[2,484s][debug][gc,nmethod     ] Register NMethod: java.util.ArrayList.setBit (0x000078e2e045ae08) [0x000078e2e045af00, 0x000078e2e045b020] Compiler: c1, Barriers: 0, Oops: 0, ImmediateOops: 0, NonImmediateOops: No
[2,485s][debug][gc,director    ] Rule Major: Warmup 10%, Used: 418MB, UsedThreshold: 1228MB
[2,486s][debug][gc,nmethod     ] Register NMethod: com.github.benmanes.caffeine.cache.BoundedLocalCache.expireAfterUpdate (0x000078e2e045b108) [0x000078e2e045b200, 0x000078e2e045b530] Compiler: c1, Barriers: 0, Oops: 1, ImmediateOops: 0, NonImmediateOops: No
[2,489s][debug][gc,nmethod     ] Register NMethod: io.sirix.access.trx.page.NodePageTrx.lambda$getPageContainer$0 (0x000078e2fed86608) [0x000078e2fed86700, 0x000078e2fed87f68] Compiler: jvmci, Barriers: 37, Oops: 2, ImmediateOops: 2, NonImmediateOops: No
[2,489s][debug][gc,nmethod     ] Register NMethod: io.sirix.access.trx.page.NodePageReadOnlyTrx.getLeafPageReference (0x000078e2fed87f88) [0x000078e2fed88080, 0x000078e2fed89698] Compiler: jvmci, Barriers: 31, Oops: 3, ImmediateOops: 2, NonImmediateOops: No
[2,489s][debug][gc,nmethod     ] Register NMethod: io.sirix.node.xml.TextNode.getRawValue (0x000078e2fed89708) [0x000078e2fed89800, 0x000078e2fed898e0] Compiler: jvmci, Barriers: 1, Oops: 1, ImmediateOops: 0, NonImmediateOops: No
[2,490s][debug][gc,nmethod     ] Register NMethod: java.lang.invoke.MethodHandleImpl.profileBoolean (0x000078e2e045b588) [0x000078e2e045b680, 0x000078e2e045b970] Compiler: c1, Barriers: 0, Oops: 0, ImmediateOops: 1, NonImmediateOops: No
[2,490s][debug][gc,nmethod     ] Register NMethod: com.github.benmanes.caffeine.cache.SSMS.frequencySketch (0x000078e2fed89a08) [0x000078e2fed89b00, 0x000078e2fed89bf0] Compiler: c1, Barriers: 1, Oops: 1, ImmediateOops: 0, NonImmediateOops: No
[2,490s][debug][gc,nmethod     ] Register NMethod: it.unimi.dsi.fastutil.shorts.ShortArrayList.initArrayFromCapacity (0x000078e2e045b988) [0x000078e2e045ba80, 0x000078e2e045c068] Compiler: c1, Barriers: 7, Oops: 1, ImmediateOops: 3, NonImmediateOops: No
[2,490s][debug][gc,nmethod     ] Register NMethod: io.brackit.query.util.path.Path$Step.<init> (0x000078e2e045c088) [0x000078e2e045c180, 0x000078e2e045c418] Compiler: c1, Barriers: 6, Oops: 1, ImmediateOops: 0, NonImmediateOops: No
[2,491s][debug][gc,nmethod     ] Register NMethod: io.sirix.access.trx.node.xml.ForwardingXmlNodeReadOnlyTrx.getName (0x000078e2e045c488) [0x000078e2e045c580, 0x000078e2e045cb60] Compiler: c1, Barriers: 1, Oops: 1, ImmediateOops: 0, NonImmediateOops: No
[2,493s][debug][gc,nmethod     ] Register NMethod: io.sirix.utils.Pair.<init> (0x000078e2e045cb88) [0x000078e2e045cc80, 0x000078e2e045cec8] Compiler: c1, Barriers: 6, Oops: 1, ImmediateOops: 0, NonImmediateOops: No
[2,494s][debug][gc,nmethod     ] Register NMethod: io.sirix.index.path.summary.PathSummaryReader.moveToParent (0x000078e2e045cf08) [0x000078e2e045d000, 0x000078e2e045d7d0] Compiler: c1, Barriers: 6, Oops: 1, ImmediateOops: 1, NonImmediateOops: No
[2,494s][debug][gc,nmethod     ] Register NMethod: io.sirix.access.trx.node.xml.ForwardingXmlNodeReadOnlyTrx.moveTo (0x000078e2fed89d08) [0x000078e2fed89e00, 0x000078e2fed8b1f8] Compiler: jvmci, Barriers: 38, Oops: 4, ImmediateOops: 1, NonImmediateOops: No
[2,494s][debug][gc,nmethod     ] Register NMethod: io.sirix.access.trx.node.xml.ForwardingXmlNodeReadOnlyTrx.hasParent (0x000078e2e045d808) [0x000078e2e045d900, 0x000078e2e045dee8] Compiler: c1, Barriers: 1, Oops: 1, ImmediateOops: 0, NonImmediateOops: No
[2,494s][debug][gc,nmethod     ] Register NMethod: io.sirix.diff.algorithm.fmse.Matching.add (0x000078e2e045df08) [0x000078e2e045e000, 0x000078e2e045e5b0] Compiler: c1, Barriers: 8, Oops: 1, ImmediateOops: 0, NonImmediateOops: No
[2,495s][debug][gc,nmethod     ] Register NMethod: io.brackit.query.util.path.Path.matches (0x000078e2e045e608) [0x000078e2e045e700, 0x000078e2e0462308] Compiler: c1, Barriers: 29, Oops: 4, ImmediateOops: 36, NonImmediateOops: No
[2,495s][debug][gc,nmethod     ] Register NMethod: io.sirix.node.xml.AttributeNode.hasParent (0x000078e2e0462388) [0x000078e2e0462480, 0x000078e2e04630e8] Compiler: c1, Barriers: 19, Oops: 5, ImmediateOops: 6, NonImmediateOops: No
[2,495s][debug][gc,nmethod     ] Register NMethod: io.sirix.node.xml.ElementNode.hasParent (0x000078e2e0463188) [0x000078e2e0463280, 0x000078e2e04686b0] Compiler: c1, Barriers: 19, Oops: 7, ImmediateOops: 12, NonImmediateOops: No
[2,495s][debug][gc,director    ] Rule Major: Warmup 10%, Used: 430MB, UsedThreshold: 1228MB
[2,496s][debug][gc,nmethod     ] Register NMethod: it.unimi.dsi.fastutil.ints.Int2ObjectOpenHashMap.get (0x000078e2fed8b288) [0x000078e2fed8b380, 0x000078e2fed8b7f0] Compiler: jvmci, Barriers: 8, Oops: 1, ImmediateOops: 0, NonImmediateOops: No
[2,496s][debug][gc,nmethod     ] Register NMethod: io.sirix.cache.RecordPageCache$$Lambda/0x0000000092255ae0.weigh (0x000078e2e0468708) [0x000078e2e0468800, 0x000078e2e04693c0] Compiler: c1, Barriers: 1, Oops: 1, ImmediateOops: 0, NonImmediateOops: No
[2,496s][debug][gc,nmethod     ] Register NMethod: com.github.benmanes.caffeine.cache.LocalCache$$Lambda/0x00000000922aaad0.<init> (0x000078e2e0469408) [0x000078e2e0469500, 0x000078e2e0469758] Compiler: c1, Barriers: 6, Oops: 1, ImmediateOops: 0, NonImmediateOops: No
[2,497s][debug][gc,nmethod     ] Register NMethod: com.github.benmanes.caffeine.cache.BoundedLocalCache.refreshIfNeeded (0x000078e2e0469788) [0x000078e2e0469880, 0x000078e2e0469bc0] Compiler: c1, Barriers: 0, Oops: 1, ImmediateOops: 0, NonImmediateOops: No
[2,497s][debug][gc,nmethod     ] Register NMethod: com.github.benmanes.caffeine.cache.BLCHeader$DrainStatusRef.shouldDrainBuffers (0x000078e2e0469c08) [0x000078e2e0469d00, 0x000078e2e046afd8] Compiler: c1, Barriers: 0, Oops: 6, ImmediateOops: 6, NonImmediateOops: No
[2,498s][debug][gc,nmethod     ] Register NMethod: com.github.benmanes.caffeine.cache.BoundedLocalCache.computeIfPresent (0x000078e2e046b088) [0x000078e2e046b180, 0x000078e2e046e300] Compiler: c1, Barriers: 3, Oops: 10, ImmediateOops: 12, NonImmediateOops: No
[2,498s][debug][gc,nmethod     ] Register NMethod: com.github.benmanes.caffeine.cache.BoundedLocalCache.afterWrite (0x000078e2e046e388) [0x000078e2e046e480, 0x000078e2e0470a20] Compiler: c1, Barriers: 11, Oops: 2, ImmediateOops: 2, NonImmediateOops: No
[2,499s][debug][gc,nmethod     ] Register NMethod: com.github.benmanes.caffeine.cache.BoundedLocalCache.onAccess (0x000078e2e0470a88) [0x000078e2e0470b80, 0x000078e2e0475728] Compiler: c1, Barriers: 3, Oops: 7, ImmediateOops: 8, NonImmediateOops: No
[2,499s][debug][gc,nmethod     ] Register NMethod: com.github.benmanes.caffeine.cache.BoundedLocalCache$UpdateTask.run (0x000078e2e0475788) [0x000078e2e0475880, 0x000078e2e047cb88] Compiler: c1, Barriers: 38, Oops: 2, ImmediateOops: 6, NonImmediateOops: No
[2,499s][debug][gc,nmethod     ] Register NMethod: java.util.concurrent.ForkJoinPool$WorkQueue.updateTop (0x000078e2e047cc08) [0x000078e2e047cd00, 0x000078e2e047ce30] Compiler: c1, Barriers: 0, Oops: 0, ImmediateOops: 1, NonImmediateOops: No
[2,501s][debug][gc,nmethod     ] Register NMethod: io.sirix.page.KeyValueLeafPage$$Lambda/0x00000000922be168.apply (0x000078e2e047cf08) [0x000078e2e047d000, 0x000078e2e047d520] Compiler: c1, Barriers: 0, Oops: 1, ImmediateOops: 0, NonImmediateOops: No
[2,501s][debug][gc,nmethod     ] Register NMethod: java.util.stream.Collectors$$Lambda/0x000000009211cb58.accept (0x000078e2e047d588) [0x000078e2e047d680, 0x000078e2e047da50] Compiler: c1, Barriers: 2, Oops: 0, ImmediateOops: 0, NonImmediateOops: No
[2,501s][debug][gc,nmethod     ] Register NMethod: io.sirix.page.KeyValueLeafPage$$Lambda/0x00000000922be3b0.apply (0x000078e2e047da88) [0x000078e2e047db80, 0x000078e2e047e510] Compiler: c1, Barriers: 0, Oops: 1, ImmediateOops: 0, NonImmediateOops: No
[2,501s][debug][gc,nmethod     ] Register NMethod: java.util.stream.Collectors.lambda$uniqKeysMapAccumulator$0 (0x000078e2e047e588) [0x000078e2e047e680, 0x000078e2e047ef60] Compiler: c1, Barriers: 0, Oops: 0, ImmediateOops: 0, NonImmediateOops: No
[2,503s][debug][gc,nmethod     ] Register NMethod: io.sirix.node.AbstractForwardingNode.hasParent (0x000078e2e047ef88) [0x000078e2e047f080, 0x000078e2e047f618] Compiler: c1, Barriers: 0, Oops: 1, ImmediateOops: 1, NonImmediateOops: No
[2,503s][debug][gc,nmethod     ] Register NMethod: java.util.concurrent.ConcurrentHashMap.entrySet (0x000078e2e047f688) [0x000078e2e047f780, 0x000078e2e047fb58] Compiler: c1, Barriers: 7, Oops: 0, ImmediateOops: 0, NonImmediateOops: No
[2,504s][debug][gc,nmethod     ] Register NMethod: java.util.concurrent.ConcurrentHashMap$EntrySpliterator.<init> (0x000078e2e047fb88) [0x000078e2e047fc80, 0x000078e2e047fe50] Compiler: c1, Barriers: 3, Oops: 0, ImmediateOops: 0, NonImmediateOops: No
[2,504s][debug][gc,nmethod     ] Register NMethod: java.util.HashMap.getNode (0x000078e2fed8b808) [0x000078e2fed8b900, 0x000078e2fed8c2c0] Compiler: jvmci, Barriers: 13, Oops: 0, ImmediateOops: 0, NonImmediateOops: No
[2,504s][debug][gc,nmethod     ] Register NMethod: java.util.concurrent.ConcurrentHashMap$EntrySetView.spliterator (0x000078e2e047fe88) [0x000078e2e047ff80, 0x000078e2e0480440] Compiler: c1, Barriers: 2, Oops: 0, ImmediateOops: 0, NonImmediateOops: No
[2,504s][debug][gc,nmethod     ] Register NMethod: io.sirix.page.KeyValueLeafPage$$Lambda/0x00000000922b4440.apply (0x000078e2e0480488) [0x000078e2e0480580, 0x000078e2e0480a40] Compiler: c1, Barriers: 0, Oops: 1, ImmediateOops: 0, NonImmediateOops: No
[2,504s][debug][gc,nmethod     ] Register NMethod: java.util.concurrent.ConcurrentHashMap$EntrySpliterator.forEachRemaining (0x000078e2e0480a88) [0x000078e2e0480b80, 0x000078e2e0481540] Compiler: c1, Barriers: 12, Oops: 0, ImmediateOops: 0, NonImmediateOops: No
[2,504s][debug][gc,nmethod     ] Register NMethod: java.util.stream.Collectors$$Lambda/0x000000009211c930.get (0x000078e2e0481588) [0x000078e2e0481680, 0x000078e2e0481900] Compiler: c1, Barriers: 0, Oops: 0, ImmediateOops: 0, NonImmediateOops: No
[2,504s][debug][gc,nmethod     ] Register NMethod: com.github.benmanes.caffeine.cache.LocalManualCache.getIfPresent (0x000078e2e0481908) [0x000078e2e0481a00, 0x000078e2e0481dd8] Compiler: c1, Barriers: 1, Oops: 1, ImmediateOops: 0, NonImmediateOops: No
[2,504s][debug][gc,nmethod     ] Register NMethod: com.github.benmanes.caffeine.cache.AbstractLinkedDeque.linkLast (0x000078e2e0481e08) [0x000078e2e0481f00, 0x000078e2e0483320] Compiler: c1, Barriers: 7, Oops: 1, ImmediateOops: 0, NonImmediateOops: No
[2,504s][debug][gc,nmethod     ] Register NMethod: io.sirix.page.KeyValueLeafPage.decrementPinCount (0x000078e2e0483388) [0x000078e2e0483480, 0x000078e2e0484858] Compiler: c1, Barriers: 5, Oops: 1, ImmediateOops: 2, NonImmediateOops: No
[2,504s][debug][gc,nmethod     ] Register NMethod: java.util.stream.Collectors.toMap (0x000078e2e0484888) [0x000078e2e0484980, 0x000078e2e0485288] Compiler: c1, Barriers: 6, Oops: 4, ImmediateOops: 5, NonImmediateOops: No
[2,505s][debug][gc,nmethod     ] Register NMethod: io.sirix.access.trx.page.NodePageReadOnlyTrx$RecordPage.<init> (0x000078e2e0485308) [0x000078e2e0485400, 0x000078e2e0485738] Compiler: c1, Barriers: 9, Oops: 1, ImmediateOops: 0, NonImmediateOops: No
[2,505s][debug][gc,nmethod     ] Register NMethod: io.sirix.access.trx.node.xml.XmlNodeReadOnlyTrxImpl.getValue (0x000078e2fed8c308) [0x000078e2fed8c400, 0x000078e2fed8d670] Compiler: jvmci, Barriers: 7, Oops: 2, ImmediateOops: 2, NonImmediateOops: No
[2,505s][debug][gc,nmethod     ] Register NMethod: com.github.benmanes.caffeine.cache.AbstractLinkedDeque.unlink (0x000078e2e0485788) [0x000078e2e0485880, 0x000078e2e0488750] Compiler: c1, Barriers: 6, Oops: 1, ImmediateOops: 0, NonImmediateOops: No
[2,505s][debug][gc,nmethod     ] Register NMethod: io.sirix.cache.RecordPageCache$$Lambda/0x00000000922c48b0.apply (0x000078e2e0488788) [0x000078e2e0488880, 0x000078e2e0488ff0] Compiler: c1, Barriers: 0, Oops: 1, ImmediateOops: 0, NonImmediateOops: No
[2,505s][debug][gc,director    ] Rule Major: Warmup 10%, Used: 434MB, UsedThreshold: 1228MB
[2,505s][debug][gc,nmethod     ] Register NMethod: com.github.benmanes.caffeine.cache.stats.ConcurrentStatsCounter.recordHits (0x000078e2e0489008) [0x000078e2e0489100, 0x000078e2e0489288] Compiler: c1, Barriers: 1, Oops: 1, ImmediateOops: 0, NonImmediateOops: No
[2,506s][debug][gc,nmethod     ] Register NMethod: java.util.concurrent.ConcurrentHashMap.replaceNode (0x000078e2e0489308) [0x000078e2e0489400, 0x000078e2e048b9f0] Compiler: c1, Barriers: 18, Oops: 0, ImmediateOops: 1, NonImmediateOops: No
[2,506s][debug][gc,nmethod     ] Register NMethod: com.github.benmanes.caffeine.cache.BoundedLocalCache.tryExpireAfterRead (0x000078e2e048ba08) [0x000078e2e048bb00, 0x000078e2e048be28] Compiler: c1, Barriers: 0, Oops: 1, ImmediateOops: 0, NonImmediateOops: No
[2,506s][debug][gc,nmethod     ] Register NMethod: io.sirix.access.trx.page.NodePageReadOnlyTrx.unpinRecordPage (0x000078e2e048be88) [0x000078e2e048bf80, 0x000078e2e048f440] Compiler: c1, Barriers: 11, Oops: 5, ImmediateOops: 6, NonImmediateOops: No
[2,506s][debug][gc,nmethod     ] Register NMethod: io.sirix.node.xml.AttributeNode.hasParent (0x000078e2e048f488) [0x000078e2e048f580, 0x000078e2e04949b0] Compiler: c1, Barriers: 19, Oops: 7, ImmediateOops: 12, NonImmediateOops: No
[2,506s][debug][gc,nmethod     ] Register NMethod: com.github.benmanes.caffeine.cache.BoundedLocalCache.getIfPresent (0x000078e2e0494a08) [0x000078e2e0494b00, 0x000078e2e049ac88] Compiler: c1, Barriers: 4, Oops: 11, ImmediateOops: 23, NonImmediateOops: No
[2,506s][debug][gc,nmethod     ] Register NMethod: io.sirix.access.trx.page.NodePageReadOnlyTrx.getCurrentMaxIndirectPageTreeLevel (0x000078e2fed8d688) [0x000078e2fed8d780, 0x000078e2fed8da70] Compiler: jvmci, Barriers: 2, Oops: 1, ImmediateOops: 0, NonImmediateOops: No
[2,507s][debug][gc,nmethod     ] Register NMethod: java.lang.Long.hashCode (0x000078e2fed8da88) [0x000078e2fed8db80, 0x000078e2fed8dc18] Compiler: jvmci, Barriers: 0, Oops: 0, ImmediateOops: 0, NonImmediateOops: No
[2,507s][debug][gc,nmethod     ] Register NMethod: io.sirix.diff.algorithm.fmse.Matching.partner (0x000078e2e049ad08) [0x000078e2e049ae00, 0x000078e2e049afb8] Compiler: c1, Barriers: 1, Oops: 1, ImmediateOops: 0, NonImmediateOops: No
[2,507s][debug][gc,nmethod     ] Register NMethod: io.sirix.diff.algorithm.fmse.ConnectionMap.get (0x000078e2e049b008) [0x000078e2e049b100, 0x000078e2e049b3d8] Compiler: c1, Barriers: 2, Oops: 1, ImmediateOops: 0, NonImmediateOops: No
[2,508s][debug][gc,nmethod     ] Register NMethod: io.sirix.axis.DescendantAxis.nextKey (0x000078e2e049b408) [0x000078e2e049b500, 0x000078e2e049bc00] Compiler: c1, Barriers: 5, Oops: 1, ImmediateOops: 2, NonImmediateOops: No
[2,508s][debug][gc,nmethod     ] Register NMethod: io.sirix.access.trx.node.xml.ForwardingXmlNodeReadOnlyTrx.getFirstChildKey (0x000078e2e049bc88) [0x000078e2e049bd80, 0x000078e2e049bf50] Compiler: c1, Barriers: 1, Oops: 1, ImmediateOops: 0, NonImmediateOops: No
[2,508s][debug][gc,nmethod     ] Register NMethod: io.sirix.axis.AbstractAxis.done (0x000078e2e049bf88) [0x000078e2e049c080, 0x000078e2e049c188] Compiler: c1, Barriers: 0, Oops: 1, ImmediateOops: 1, NonImmediateOops: No
[2,509s][debug][gc,nmethod     ] Register NMethod: io.sirix.axis.DescendantAxis.hasNextNode (0x000078e2e049c288) [0x000078e2e049c380, 0x000078e2e049c5c0] Compiler: c1, Barriers: 1, Oops: 1, ImmediateOops: 1, NonImmediateOops: No
[2,509s][debug][gc,nmethod     ] Register NMethod: io.sirix.diff.algorithm.fmse.InnerNodeComparator.isEqual (0x000078e2e049c608) [0x000078e2e049c700, 0x000078e2e049c878] Compiler: c1, Barriers: 0, Oops: 1, ImmediateOops: 0, NonImmediateOops: No
[2,509s][debug][gc,nmethod     ] Register NMethod: io.sirix.axis.AbstractAxis.<init> (0x000078e2e049c908) [0x000078e2e049ca00, 0x000078e2e049ce70] Compiler: c1, Barriers: 9, Oops: 1, ImmediateOops: 1, NonImmediateOops: No
[2,509s][debug][gc,nmethod     ] Register NMethod: io.sirix.axis.DescendantAxis.reset (0x000078e2e049ce88) [0x000078e2e049cf80, 0x000078e2e049d258] Compiler: c1, Barriers: 9, Oops: 1, ImmediateOops: 2, NonImmediateOops: No
[2,509s][debug][gc,nmethod     ] Register NMethod: io.sirix.axis.DescendantAxis.<init> (0x000078e2e049d288) [0x000078e2e049d380, 0x000078e2e049d498] Compiler: c1, Barriers: 0, Oops: 1, ImmediateOops: 0, NonImmediateOops: No
[2,509s][debug][gc,nmethod     ] Register NMethod: io.sirix.access.trx.node.xml.ForwardingXmlNodeReadOnlyTrx.getRightSiblingKey (0x000078e2e049d588) [0x000078e2e049d680, 0x000078e2e049d850] Compiler: c1, Barriers: 1, Oops: 1, ImmediateOops: 0, NonImmediateOops: No
[2,509s][debug][gc,nmethod     ] Register NMethod: io.sirix.access.trx.node.xml.ForwardingXmlNodeReadOnlyTrx.getLeftSiblingKey (0x000078e2e049d888) [0x000078e2e049d980, 0x000078e2e049db50] Compiler: c1, Barriers: 1, Oops: 1, ImmediateOops: 0, NonImmediateOops: No
[2,509s][debug][gc,nmethod     ] Register NMethod: io.sirix.diff.algorithm.fmse.Matching.partner (0x000078e2e049db88) [0x000078e2e049dc80, 0x000078e2e049e208] Compiler: c1, Barriers: 1, Oops: 1, ImmediateOops: 0, NonImmediateOops: No
[2,510s][debug][gc,nmethod     ] Register NMethod: io.sirix.diff.algorithm.fmse.ConnectionMap.get (0x000078e2e049e288) [0x000078e2e049e380, 0x000078e2e049f1d0] Compiler: c1, Barriers: 2, Oops: 1, ImmediateOops: 0, NonImmediateOops: No
[2,510s][debug][gc,nmethod     ] Register NMethod: io.sirix.diff.algorithm.fmse.Matching.containedDescendants (0x000078e2e049f208) [0x000078e2e049f300, 0x000078e2e04a0310] Compiler: c1, Barriers: 18, Oops: 2, ImmediateOops: 4, NonImmediateOops: No
[2,510s][debug][gc,nmethod     ] Register NMethod: io.sirix.diff.algorithm.fmse.InnerNodeComparator.isEqual (0x000078e2e04a0388) [0x000078e2e04a04a0, 0x000078e2e04a17f0] Compiler: c1, Barriers: 34, Oops: 1, ImmediateOops: 0, NonImmediateOops: No
[2,511s][debug][gc,nmethod     ] Register NMethod: io.sirix.page.IndirectPage.getOrCreateReference (0x000078e2fed8dd88) [0x000078e2fed8de80, 0x000078e2fed8e380] Compiler: jvmci, Barriers: 7, Oops: 1, ImmediateOops: 0, NonImmediateOops: No
[2,511s][debug][gc,nmethod     ] Register NMethod: io.sirix.axis.DescendantAxis.nextKey (0x000078e2e04a1808) [0x000078e2e04a1900, 0x000078e2e04a3e90] Compiler: c1, Barriers: 5, Oops: 1, ImmediateOops: 2, NonImmediateOops: No
[2,511s][debug][gc,nmethod     ] Register NMethod: io.sirix.access.trx.node.xml.ForwardingXmlNodeReadOnlyTrx.hasAttributes (0x000078e2e04a3f08) [0x000078e2e04a4000, 0x000078e2e04a41d8] Compiler: c1, Barriers: 1, Oops: 1, ImmediateOops: 0, NonImmediateOops: No
[2,513s][debug][gc,nmethod     ] Register NMethod: io.sirix.access.trx.node.xml.ForwardingXmlNodeReadOnlyTrx.getFirstChildKey (0x000078e2e04a4208) [0x000078e2e04a4300, 0x000078e2e04a48e0] Compiler: c1, Barriers: 1, Oops: 1, ImmediateOops: 0, NonImmediateOops: No
[2,515s][debug][gc,nmethod     ] Register NMethod: java.lang.Long.valueOf (0x000078e2fed8e408) [0x000078e2fed8e500, 0x000078e2fed8e6a8] Compiler: jvmci, Barriers: 1, Oops: 0, ImmediateOops: 1, NonImmediateOops: No
[2,515s][debug][gc,director    ] Rule Major: Warmup 10%, Used: 440MB, UsedThreshold: 1228MB
[2,516s][debug][gc,nmethod     ] Register NMethod: io.sirix.diff.algorithm.fmse.InnerNodeComparator.isEqual (0x000078e2e04a4908) [0x000078e2e04a4a00, 0x000078e2e04a50f8] Compiler: c1, Barriers: 0, Oops: 1, ImmediateOops: 0, NonImmediateOops: No
[2,516s][debug][gc,nmethod     ] Register NMethod: io.sirix.access.trx.node.xml.ForwardingXmlNodeReadOnlyTrx.getLeftSiblingKey (0x000078e2e04a5108) [0x000078e2e04a5200, 0x000078e2e04a57e0] Compiler: c1, Barriers: 1, Oops: 1, ImmediateOops: 0, NonImmediateOops: No
[2,516s][debug][gc,nmethod     ] Register NMethod: io.sirix.access.trx.node.xml.ForwardingXmlNodeReadOnlyTrx.getRightSiblingKey (0x000078e2e04a5808) [0x000078e2e04a5900, 0x000078e2e04a5ee0] Compiler: c1, Barriers: 1, Oops: 1, ImmediateOops: 0, NonImmediateOops: No
[2,517s][debug][gc,nmethod     ] Register NMethod: io.sirix.axis.DescendantAxis.reset (0x000078e2e04a5f08) [0x000078e2e04a6000, 0x000078e2e04a6510] Compiler: c1, Barriers: 9, Oops: 1, ImmediateOops: 2, NonImmediateOops: No
[2,517s][debug][gc,nmethod     ] Register NMethod: io.sirix.axis.AbstractAxis.<init> (0x000078e2e04a6588) [0x000078e2e04a6680, 0x000078e2e04a7208] Compiler: c1, Barriers: 9, Oops: 1, ImmediateOops: 1, NonImmediateOops: No
[2,517s][debug][gc,nmethod     ] Register NMethod: io.sirix.axis.DescendantAxis.hasNextNode (0x000078e2e04a7288) [0x000078e2e04a7380, 0x000078e2e04a82e8] Compiler: c1, Barriers: 1, Oops: 1, ImmediateOops: 1, NonImmediateOops: No
[2,518s][debug][gc,nmethod     ] Register NMethod: io.sirix.diff.algorithm.fmse.Matching.containedDescendants (0x000078e2e04a8308) [0x000078e2e04a8400, 0x000078e2e04ad0c8] Compiler: c1, Barriers: 18, Oops: 3, ImmediateOops: 4, NonImmediateOops: No
[2,518s][debug][gc,nmethod     ] Register NMethod: io.sirix.diff.algorithm.fmse.InnerNodeComparator.isEqual (0x000078e2e04ad108) [0x000078e2e04ad220, 0x000078e2e04b30b0] Compiler: c1, Barriers: 34, Oops: 1, ImmediateOops: 0, NonImmediateOops: No
[2,521s][debug][gc,nmethod     ] Register NMethod: io.sirix.page.KeyValueLeafPage.incrementPinCount (0x000078e2e04b3108) [0x000078e2e04b3200, 0x000078e2e04b4288] Compiler: c1, Barriers: 5, Oops: 2, ImmediateOops: 3, NonImmediateOops: No
[2,524s][debug][gc,nmethod     ] Register NMethod: io.sirix.access.trx.page.NodePageReadOnlyTrx.getLeafPageReference (0x000078e2e04b4308) [0x000078e2e04b4400, 0x000078e2e04b4988] Compiler: c1, Barriers: 2, Oops: 1, ImmediateOops: 0, NonImmediateOops: No
[2,525s][debug][gc,nmethod     ] Register NMethod: io.sirix.diff.algorithm.fmse.FMSENodeComparisonUtils.getNodeValue (0x000078e2fed8e708) [0x000078e2fed8e800, 0x000078e2fed90b58] Compiler: jvmci, Barriers: 34, Oops: 4, ImmediateOops: 8, NonImmediateOops: No
[2,525s][debug][gc,nmethod     ] Register NMethod: io.sirix.access.trx.page.NodePageReadOnlyTrx.getInMemoryPageInstance (0x000078e2e04b4a08) [0x000078e2e04b4b00, 0x000078e2e04b6378] Compiler: c1, Barriers: 9, Oops: 3, ImmediateOops: 3, NonImmediateOops: No
[2,525s][debug][gc,nmethod     ] Register NMethod: io.sirix.cache.RecordPageCache$$Lambda/0x00000000922d2500.apply (0x000078e2e04b6408) [0x000078e2e04b6500, 0x000078e2e04b6a88] Compiler: c1, Barriers: 1, Oops: 1, ImmediateOops: 0, NonImmediateOops: No
[2,525s][debug][gc,nmethod     ] Register NMethod: io.sirix.cache.RecordPageCache.lambda$pinAndUpdateWeight$0 (0x000078e2e04b6b08) [0x000078e2e04b6c00, 0x000078e2e04b71c8] Compiler: c1, Barriers: 0, Oops: 3, ImmediateOops: 2, NonImmediateOops: No
[2,525s][debug][gc,nmethod     ] Register NMethod: io.sirix.access.trx.page.NodePageReadOnlyTrx.setMostRecentPage (0x000078e2e04b7208) [0x000078e2e04b7300, 0x000078e2e04b8710] Compiler: c1, Barriers: 35, Oops: 1, ImmediateOops: 1, NonImmediateOops: No
[2,525s][debug][gc,nmethod     ] Register NMethod: io.sirix.access.trx.page.NodePageReadOnlyTrx.setMostRecentlyReadRecordPage (0x000078e2e04b8788) [0x000078e2e04b8880, 0x000078e2e04bd370] Compiler: c1, Barriers: 39, Oops: 2, ImmediateOops: 3, NonImmediateOops: No
[2,526s][debug][gc,director    ] Rule Major: Warmup 10%, Used: 450MB, UsedThreshold: 1228MB
[2,531s][debug][gc,nmethod     ] Register NMethod: io.sirix.access.trx.node.xml.ForwardingXmlNodeReadOnlyTrx.getValue (0x000078e2fed90b88) [0x000078e2fed90c80, 0x000078e2fed91f88] Compiler: jvmci, Barriers: 8, Oops: 2, ImmediateOops: 2, NonImmediateOops: No
[2,532s][debug][gc,nmethod     ] Register NMethod: io.sirix.access.trx.node.xml.ForwardingXmlNodeReadOnlyTrx.getNodeKey (0x000078e2fed92008) [0x000078e2fed92100, 0x000078e2fed92320] Compiler: jvmci, Barriers: 2, Oops: 1, ImmediateOops: 0, NonImmediateOops: No
[2,533s][debug][gc,nmethod     ] Register NMethod: java.lang.Long.equals (0x000078e2fed92388) [0x000078e2fed92480, 0x000078e2fed92580] Compiler: jvmci, Barriers: 0, Oops: 0, ImmediateOops: 0, NonImmediateOops: No
[2,534s][debug][gc,nmethod     ] Register NMethod: io.sirix.axis.AbstractAxis.nextLong (0x000078e2fed92688) [0x000078e2fed92780, 0x000078e2fed93980] Compiler: jvmci, Barriers: 42, Oops: 1, ImmediateOops: 7, NonImmediateOops: No
[2,536s][debug][gc,director    ] Rule Major: Warmup 10%, Used: 460MB, UsedThreshold: 1228MB
[2,536s][debug][gc,nmethod     ] Register NMethod: io.sirix.node.xml.ElementNode.getFirstChildKey (0x000078e2fed93a08) [0x000078e2fed93b00, 0x000078e2fed93db0] Compiler: jvmci, Barriers: 4, Oops: 1, ImmediateOops: 0, NonImmediateOops: No
[2,540s][debug][gc,nmethod     ] Register NMethod: java.util.HashMap.containsKey (0x000078e2fed93e08) [0x000078e2fed93f00, 0x000078e2fed948a8] Compiler: jvmci, Barriers: 13, Oops: 0, ImmediateOops: 0, NonImmediateOops: No
[2,541s][debug][gc,nmethod     ] Register NMethod: io.sirix.access.trx.node.AbstractNodeReadOnlyTrx.hasFirstChild (0x000078e2fed94908) [0x000078e2fed94a00, 0x000078e2fed94f78] Compiler: jvmci, Barriers: 7, Oops: 1, ImmediateOops: 0, NonImmediateOops: No
[2,542s][debug][gc,nmethod     ] Register NMethod: io.sirix.node.xml.ElementNode.hasFirstChild (0x000078e2fed94f88) [0x000078e2fed95080, 0x000078e2fed95348] Compiler: jvmci, Barriers: 4, Oops: 1, ImmediateOops: 0, NonImmediateOops: No
[2,544s][debug][gc,nmethod     ] Register NMethod: io.sirix.axis.AbstractAxis.tryToComputeNext (0x000078e2fed95388) [0x000078e2fed95480, 0x000078e2fed95988] Compiler: jvmci, Barriers: 13, Oops: 1, ImmediateOops: 3, NonImmediateOops: No
[2,545s][debug][gc,nmethod     ] Register NMethod: io.sirix.diff.algorithm.fmse.Matching.updateSubtreeMap (0x000078e2e04bd388) [0x000078e2e04bd480, 0x000078e2e04be9d0] Compiler: c1, Barriers: 2, Oops: 1, ImmediateOops: 0, NonImmediateOops: No
[2,546s][debug][gc,director    ] Rule Major: Warmup 10%, Used: 468MB, UsedThreshold: 1228MB
[2,546s][debug][gc,nmethod     ] Register NMethod: io.sirix.node.xml.AttributeNode.getParentKey (0x000078e2fed95a08) [0x000078e2fed95b00, 0x000078e2fed95da8] Compiler: jvmci, Barriers: 4, Oops: 1, ImmediateOops: 0, NonImmediateOops: No
[2,547s][debug][gc,nmethod     ] Register NMethod: io.sirix.page.KeyValueLeafPage.getActualMemorySize (0x000078e2e04bea08) [0x000078e2e04beb00, 0x000078e2e04bf0e8] Compiler: c1, Barriers: 2, Oops: 1, ImmediateOops: 0, NonImmediateOops: No
[2,549s][debug][gc,nmethod     ] Register NMethod: com.github.benmanes.caffeine.cache.BaseMpscLinkedArrayQueue.casProducerLimit (0x000078e2e04bf108) [0x000078e2e04bf200, 0x000078e2e04bf518] Compiler: c1, Barriers: 0, Oops: 4, ImmediateOops: 1, NonImmediateOops: No
[2,549s][debug][gc,nmethod     ] Register NMethod: java.util.concurrent.locks.AbstractQueuedSynchronizer.acquire (0x000078e2e04bf588) [0x000078e2e04bf680, 0x000078e2e04c05d8] Compiler: c1, Barriers: 24, Oops: 0, ImmediateOops: 0, NonImmediateOops: No
[2,551s][debug][gc,nmethod     ] Register NMethod: io.sirix.diff.algorithm.fmse.FMSE$$Lambda/0x0000000092347520.test (0x000078e2e04c0608) [0x000078e2e04c0700, 0x000078e2e04c0c48] Compiler: c1, Barriers: 1, Oops: 1, ImmediateOops: 0, NonImmediateOops: No
[2,551s][debug][gc,nmethod     ] Register NMethod: java.util.ArrayList.isClear (0x000078e2e04c0c88) [0x000078e2e04c0d80, 0x000078e2e04c0ef0] Compiler: c1, Barriers: 0, Oops: 0, ImmediateOops: 0, NonImmediateOops: No
[2,553s][debug][gc,nmethod     ] Register NMethod: java.util.HashMap.resize (0x000078e2fed95e08) [0x000078e2fed95f20, 0x000078e2fed96a70] Compiler: jvmci, Barriers: 33, Oops: 0, ImmediateOops: 0, NonImmediateOops: No
[2,554s][debug][gc,nmethod     ] Register NMethod: io.sirix.diff.algorithm.fmse.ConnectionMap.get (0x000078e2fed96a88) [0x000078e2fed96b80, 0x000078e2fed98220] Compiler: jvmci, Barriers: 31, Oops: 1, ImmediateOops: 0, NonImmediateOops: No
[2,556s][debug][gc,director    ] Rule Major: Warmup 10%, Used: 472MB, UsedThreshold: 1228MB
[2,558s][debug][gc,nmethod     ] Register NMethod: io.sirix.node.xml.NamespaceNode.getNodeKey (0x000078e2fed98288) [0x000078e2fed98380, 0x000078e2fed98440] Compiler: c1, Barriers: 0, Oops: 1, ImmediateOops: 0, NonImmediateOops: No
[2,560s][debug][gc,nmethod     ] Register NMethod: java.lang.invoke.DirectMethodHandle$Holder.fieldAccess (0x000078e2e04c0f88) [0x000078e2e04c1080, 0x000078e2e04c1250] Compiler: c1, Barriers: 0, Oops: 0, ImmediateOops: 0, NonImmediateOops: No
[2,563s][debug][gc,nmethod     ] Register NMethod: java.util.HashMap.putVal (0x000078e2fed98588) [0x000078e2fed98680, 0x000078e2fed99450] Compiler: jvmci, Barriers: 32, Oops: 0, ImmediateOops: 0, NonImmediateOops: No
[2,565s][debug][gc,nmethod     ] Register NMethod: java.util.concurrent.ConcurrentHashMap$Traverser.advance (0x000078e2fed99488) [0x000078e2fed99580, 0x000078e2fed99940] Compiler: jvmci, Barriers: 10, Oops: 0, ImmediateOops: 0, NonImmediateOops: No
[2,565s][debug][gc,nmethod     ] Register NMethod: io.sirix.axis.AbstractAxis.tryToComputeNext (0x000078e2e04c1288) [0x000078e2e04c1380, 0x000078e2e04c1ab0] Compiler: c1, Barriers: 10, Oops: 1, ImmediateOops: 5, NonImmediateOops: No
[2,565s][debug][gc,nmethod     ] Register NMethod: io.sirix.axis.AbstractAxis.hasNext (0x000078e2e04c1b08) [0x000078e2e04c1c00, 0x000078e2e04c26c8] Compiler: c1, Barriers: 2, Oops: 1, ImmediateOops: 1, NonImmediateOops: No
[2,565s][debug][gc,nmethod     ] Register NMethod: io.sirix.access.trx.node.AbstractNodeReadOnlyTrx.moveTo (0x000078e2e04c2708) [0x000078e2e04c2800, 0x000078e2e04c4368] Compiler: c1, Barriers: 11, Oops: 1, ImmediateOops: 4, NonImmediateOops: No
[2,565s][debug][gc,nmethod     ] Register NMethod: java.util.LinkedList$Node.<init> (0x000078e2e04c4388) [0x000078e2e04c4480, 0x000078e2e04c46e0] Compiler: c1, Barriers: 9, Oops: 0, ImmediateOops: 0, NonImmediateOops: No
[2,565s][debug][gc,nmethod     ] Register NMethod: io.sirix.access.trx.node.xml.ForwardingXmlNodeReadOnlyTrx.moveTo (0x000078e2e04c4708) [0x000078e2e04c4800, 0x000078e2e04c4de8] Compiler: c1, Barriers: 1, Oops: 1, ImmediateOops: 0, NonImmediateOops: No
[2,566s][debug][gc,director    ] Rule Major: Warmup 10%, Used: 474MB, UsedThreshold: 1228MB
[2,566s][debug][gc,nmethod     ] Register NMethod: java.util.LinkedList.add (0x000078e2e04c4e08) [0x000078e2e04c4f00, 0x000078e2e04c5020] Compiler: c1, Barriers: 0, Oops: 0, ImmediateOops: 0, NonImmediateOops: No
[2,566s][debug][gc,nmethod     ] Register NMethod: java.util.LinkedList.linkLast (0x000078e2e04c5108) [0x000078e2e04c5200, 0x000078e2e04c5600] Compiler: c1, Barriers: 16, Oops: 0, ImmediateOops: 0, NonImmediateOops: No
[2,566s][debug][gc,nmethod     ] Register NMethod: java.util.LinkedList.node (0x000078e2e04c5608) [0x000078e2e04c5700, 0x000078e2e04c59d8] Compiler: c1, Barriers: 4, Oops: 0, ImmediateOops: 0, NonImmediateOops: No
[2,566s][debug][gc,nmethod     ] Register NMethod: java.util.LinkedList.isElementIndex (0x000078e2e04c5a08) [0x000078e2e04c5b00, 0x000078e2e04c5c20] Compiler: c1, Barriers: 0, Oops: 0, ImmediateOops: 0, NonImmediateOops: No
[2,566s][debug][gc,nmethod     ] Register NMethod: java.util.LinkedList.get (0x000078e2e04c5d08) [0x000078e2e04c5e00, 0x000078e2e04c6070] Compiler: c1, Barriers: 1, Oops: 0, ImmediateOops: 0, NonImmediateOops: No
[2,567s][debug][gc,nmethod     ] Register NMethod: java.util.LinkedList.checkElementIndex (0x000078e2e04c6088) [0x000078e2e04c6180, 0x000078e2e04c6598] Compiler: c1, Barriers: 0, Oops: 0, ImmediateOops: 3, NonImmediateOops: No
[2,567s][debug][gc,nmethod     ] Register NMethod: java.util.LinkedList$ListItr.hasNext (0x000078e2e04c6608) [0x000078e2e04c6700, 0x000078e2e04c6848] Compiler: c1, Barriers: 1, Oops: 0, ImmediateOops: 0, NonImmediateOops: No
[2,567s][debug][gc,nmethod     ] Register NMethod: io.sirix.diff.algorithm.fmse.Matching.reversePartner (0x000078e2e04c6908) [0x000078e2e04c6a00, 0x000078e2e04c6bb8] Compiler: c1, Barriers: 1, Oops: 1, ImmediateOops: 0, NonImmediateOops: No
[2,568s][debug][gc,nmethod     ] Register NMethod: io.sirix.diff.algorithm.fmse.FMSENodeComparisonUtils.getNodeValue (0x000078e2e04c6c08) [0x000078e2e04c6d00, 0x000078e2e04c91c8] Compiler: c1, Barriers: 1, Oops: 3, ImmediateOops: 3, NonImmediateOops: No
[2,568s][debug][gc,nmethod     ] Register NMethod: io.sirix.diff.algorithm.fmse.Matching.contains (0x000078e2e04c9208) [0x000078e2e04c9300, 0x000078e2e04c95c8] Compiler: c1, Barriers: 2, Oops: 1, ImmediateOops: 0, NonImmediateOops: No
[2,568s][debug][gc,nmethod     ] Register NMethod: io.sirix.diff.algorithm.fmse.FMSE$$Lambda/0x0000000092348450.isEqual (0x000078e2e04c9608) [0x000078e2e04c9700, 0x000078e2e04c98c0] Compiler: c1, Barriers: 1, Oops: 1, ImmediateOops: 0, NonImmediateOops: No
[2,568s][debug][gc,nmethod     ] Register NMethod: java.util.LinkedList$ListItr.checkForComodification (0x000078e2e04c9908) [0x000078e2e04c9a00, 0x000078e2e04c9ba8] Compiler: c1, Barriers: 1, Oops: 0, ImmediateOops: 0, NonImmediateOops: No
[2,568s][debug][gc,nmethod     ] Register NMethod: io.sirix.diff.algorithm.fmse.FMSE.lambda$alignChildren$0 (0x000078e2e04c9c08) [0x000078e2e04c9d00, 0x000078e2e04c9e70] Compiler: c1, Barriers: 1, Oops: 1, ImmediateOops: 0, NonImmediateOops: No
[2,569s][debug][gc,nmethod     ] Register NMethod: java.util.LinkedList$ListItr.next (0x000078e2e04c9f08) [0x000078e2e04ca000, 0x000078e2e04ca418] Compiler: c1, Barriers: 10, Oops: 0, ImmediateOops: 0, NonImmediateOops: No
[2,570s][debug][gc,nmethod     ] Register NMethod: io.sirix.node.NullNode.hasFirstChild (0x000078e2fed99988) [0x000078e2fed99a80, 0x000078e2fed99b40] Compiler: c1, Barriers: 0, Oops: 1, ImmediateOops: 0, NonImmediateOops: No
[2,571s][debug][gc,nmethod     ] Register NMethod: java.lang.invoke.DirectMethodHandle$Holder.invokeStatic (0x000078e2e04ca488) [0x000078e2e04ca580, 0x000078e2e04ca6f8] Compiler: c1, Barriers: 1, Oops: 0, ImmediateOops: 0, NonImmediateOops: No
[2,571s][debug][gc,nmethod     ] Register NMethod: java.lang.invoke.LambdaForm$MH/0x000000009229cc00.invoke (0x000078e2e04ca788) [0x000078e2e04ca880, 0x000078e2e04caac8] Compiler: c1, Barriers: 2, Oops: 1, ImmediateOops: 0, NonImmediateOops: No
[2,571s][debug][gc,nmethod     ] Register NMethod: it.unimi.dsi.fastutil.ints.Int2LongOpenHashMap$MapEntry.getIntKey (0x000078e2e04cab08) [0x000078e2e04cac00, 0x000078e2e04cad90] Compiler: c1, Barriers: 2, Oops: 1, ImmediateOops: 0, NonImmediateOops: No
[2,571s][debug][gc,nmethod     ] Register NMethod: it.unimi.dsi.fastutil.ints.Int2LongOpenHashMap$FastEntryIterator.next (0x000078e2e04cae08) [0x000078e2e04caf00, 0x000078e2e04cb0a0] Compiler: c1, Barriers: 2, Oops: 1, ImmediateOops: 0, NonImmediateOops: No
[2,571s][debug][gc,nmethod     ] Register NMethod: it.unimi.dsi.fastutil.ints.Int2LongOpenHashMap$MapEntry.getLongValue (0x000078e2e04cb108) [0x000078e2e04cb200, 0x000078e2e04cb390] Compiler: c1, Barriers: 2, Oops: 1, ImmediateOops: 0, NonImmediateOops: No
[2,571s][debug][gc,nmethod     ] Register NMethod: it.unimi.dsi.fastutil.ints.Int2LongOpenHashMap$FastEntryIterator.next (0x000078e2e04cb408) [0x000078e2e04cb500, 0x000078e2e04cb6a0] Compiler: c1, Barriers: 2, Oops: 1, ImmediateOops: 0, NonImmediateOops: No
[2,571s][debug][gc,nmethod     ] Register NMethod: it.unimi.dsi.fastutil.ints.Int2LongOpenHashMap$MapIterator.nextEntry (0x000078e2e04cb708) [0x000078e2e04cb800, 0x000078e2e04cbcf8] Compiler: c1, Barriers: 5, Oops: 1, ImmediateOops: 0, NonImmediateOops: No
[2,572s][debug][gc,nmethod     ] Register NMethod: it.unimi.dsi.fastutil.ints.Int2ObjectOpenHashMap$MapEntry.getIntKey (0x000078e2e04cbd08) [0x000078e2e04cbe00, 0x000078e2e04cbf90] Compiler: c1, Barriers: 2, Oops: 1, ImmediateOops: 0, NonImmediateOops: No
[2,572s][debug][gc,nmethod     ] Register NMethod: it.unimi.dsi.fastutil.ints.Int2ObjectOpenHashMap$FastEntryIterator.next (0x000078e2e04cc008) [0x000078e2e04cc100, 0x000078e2e04cc2a0] Compiler: c1, Barriers: 2, Oops: 1, ImmediateOops: 0, NonImmediateOops: No
[2,572s][debug][gc,nmethod     ] Register NMethod: it.unimi.dsi.fastutil.ints.Int2ObjectOpenHashMap$FastEntryIterator.next (0x000078e2e04cc308) [0x000078e2e04cc400, 0x000078e2e04cc5a0] Compiler: c1, Barriers: 2, Oops: 1, ImmediateOops: 0, NonImmediateOops: No
[2,572s][debug][gc,nmethod     ] Register NMethod: it.unimi.dsi.fastutil.ints.Int2ObjectOpenHashMap$MapEntry.getValue (0x000078e2e04cc608) [0x000078e2e04cc700, 0x000078e2e04cc8c0] Compiler: c1, Barriers: 3, Oops: 1, ImmediateOops: 0, NonImmediateOops: No
[2,572s][debug][gc,nmethod     ] Register NMethod: it.unimi.dsi.fastutil.ints.Int2ObjectOpenHashMap$MapIterator.nextEntry (0x000078e2e04cc908) [0x000078e2e04cca00, 0x000078e2e04ccef8] Compiler: c1, Barriers: 5, Oops: 1, ImmediateOops: 0, NonImmediateOops: No
[2,572s][debug][gc,nmethod     ] Register NMethod: it.unimi.dsi.fastutil.ints.Int2IntOpenHashMap$FastEntryIterator.next (0x000078e2e04ccf08) [0x000078e2e04cd000, 0x000078e2e04cd1a0] Compiler: c1, Barriers: 2, Oops: 1, ImmediateOops: 0, NonImmediateOops: No
[2,572s][debug][gc,nmethod     ] Register NMethod: it.unimi.dsi.fastutil.ints.Int2IntOpenHashMap$MapIterator.nextEntry (0x000078e2e04cd208) [0x000078e2e04cd300, 0x000078e2e04cd7f8] Compiler: c1, Barriers: 5, Oops: 1, ImmediateOops: 0, NonImmediateOops: No
[2,572s][debug][gc,nmethod     ] Register NMethod: it.unimi.dsi.fastutil.ints.Int2IntOpenHashMap$MapEntry.getIntKey (0x000078e2e04cd808) [0x000078e2e04cd900, 0x000078e2e04cda90] Compiler: c1, Barriers: 2, Oops: 1, ImmediateOops: 0, NonImmediateOops: No
[2,572s][debug][gc,nmethod     ] Register NMethod: it.unimi.dsi.fastutil.ints.Int2IntOpenHashMap$FastEntryIterator.next (0x000078e2e04cdb08) [0x000078e2e04cdc00, 0x000078e2e04cdda0] Compiler: c1, Barriers: 2, Oops: 1, ImmediateOops: 0, NonImmediateOops: No
[2,572s][debug][gc,nmethod     ] Register NMethod: it.unimi.dsi.fastutil.ints.Int2IntOpenHashMap$MapEntry.getIntValue (0x000078e2e04cde08) [0x000078e2e04cdf00, 0x000078e2e04ce090] Compiler: c1, Barriers: 2, Oops: 1, ImmediateOops: 0, NonImmediateOops: No
[2,572s][debug][gc,nmethod     ] Register NMethod: java.lang.Thread.getContextClassLoader (0x000078e2fed99c88) [0x000078e2fed99d80, 0x000078e2fed99e68] Compiler: c1, Barriers: 1, Oops: 0, ImmediateOops: 0, NonImmediateOops: No
[2,572s][debug][gc,nmethod     ] Register NMethod: io.sirix.node.AbstractForwardingNode.getNodeKey (0x000078e2e04ce108) [0x000078e2e04ce200, 0x000078e2e04ce520] Compiler: c1, Barriers: 0, Oops: 1, ImmediateOops: 0, NonImmediateOops: No
[2,572s][debug][gc,nmethod     ] Register NMethod: jdk.internal.loader.BuiltinClassLoader.hasClassPath (0x000078e2e04ce588) [0x000078e2e04ce680, 0x000078e2e04ce808] Compiler: c1, Barriers: 1, Oops: 0, ImmediateOops: 0, NonImmediateOops: No
[2,573s][debug][gc,nmethod     ] Register NMethod: java.lang.invoke.LambdaForm$MH/0x00000000922c3400.guard (0x000078e2e04ce888) [0x000078e2e04ce980, 0x000078e2e04ced38] Compiler: c1, Barriers: 4, Oops: 1, ImmediateOops: 0, NonImmediateOops: No
[2,573s][debug][gc,nmethod     ] Register NMethod: java.lang.ClassLoader.getParent (0x000078e2fed99f88) [0x000078e2fed9a080, 0x000078e2fed9a168] Compiler: c1, Barriers: 1, Oops: 0, ImmediateOops: 0, NonImmediateOops: No
[2,573s][debug][gc,nmethod     ] Register NMethod: jdk.internal.loader.ClassLoaders.platformClassLoader (0x000078e2e04ced88) [0x000078e2e04cee80, 0x000078e2e04cef68] Compiler: c1, Barriers: 0, Oops: 0, ImmediateOops: 1, NonImmediateOops: No
[2,573s][debug][gc,nmethod     ] Register NMethod: java.lang.reflect.Constructor.<init> (0x000078e2e04cf088) [0x000078e2e04cf180, 0x000078e2e04cf550] Compiler: c1, Barriers: 18, Oops: 0, ImmediateOops: 0, NonImmediateOops: No
[2,574s][debug][gc,nmethod     ] Register NMethod: java.lang.Class.privateGetDeclaredConstructors (0x000078e2e04cf588) [0x000078e2e04cf680, 0x000078e2e04cfa78] Compiler: c1, Barriers: 8, Oops: 0, ImmediateOops: 0, NonImmediateOops: No
[2,574s][debug][gc,nmethod     ] Register NMethod: java.lang.invoke.LambdaForm$MH/0x00000000922c3000.reinvoke (0x000078e2e04cfa88) [0x000078e2e04cfb80, 0x000078e2e04cfd38] Compiler: c1, Barriers: 0, Oops: 1, ImmediateOops: 0, NonImmediateOops: No
[2,574s][debug][gc,nmethod     ] Register NMethod: java.lang.invoke.MethodHandleImpl$CountingWrapper.countDown (0x000078e2e04cfd88) [0x000078e2e04cfe80, 0x000078e2e04d0070] Compiler: c1, Barriers: 1, Oops: 0, ImmediateOops: 0, NonImmediateOops: No
[2,574s][debug][gc,nmethod     ] Register NMethod: java.lang.invoke.MethodHandleImpl$CountingWrapper.maybeStopCounting (0x000078e2e04d0088) [0x000078e2e04d0180, 0x000078e2e04d03b8] Compiler: c1, Barriers: 3, Oops: 0, ImmediateOops: 0, NonImmediateOops: No
[2,574s][debug][gc,nmethod     ] Register NMethod: java.util.HashMap.put (0x000078e2fed9a288) [0x000078e2fed9a3a0, 0x000078e2fed9bed8] Compiler: jvmci, Barriers: 66, Oops: 0, ImmediateOops: 0, NonImmediateOops: No
[2,575s][debug][gc,nmethod     ] Register NMethod: jdk.internal.loader.ClassLoaders.bootLoader (0x000078e2e04d0408) [0x000078e2e04d0500, 0x000078e2e04d05e8] Compiler: c1, Barriers: 0, Oops: 0, ImmediateOops: 1, NonImmediateOops: No
[2,575s][debug][gc,nmethod     ] Register NMethod: com.github.benmanes.caffeine.cache.FrequencySketch.incrementAt (0x000078e2e04d0708) [0x000078e2e04d0800, 0x000078e2e04d09c0] Compiler: c1, Barriers: 1, Oops: 1, ImmediateOops: 0, NonImmediateOops: No
[2,576s][debug][gc,nmethod     ] Register NMethod: java.lang.reflect.ReflectAccess.copyConstructor (0x000078e2e04d0a08) [0x000078e2e04d0b00, 0x000078e2e04d0c28] Compiler: c1, Barriers: 0, Oops: 0, ImmediateOops: 0, NonImmediateOops: No
[2,576s][debug][gc,nmethod     ] Register NMethod: jdk.internal.reflect.ReflectionFactory.copyConstructor (0x000078e2e04d0d08) [0x000078e2e04d0e00, 0x000078e2e04d0f90] Compiler: c1, Barriers: 1, Oops: 0, ImmediateOops: 0, NonImmediateOops: No
[2,576s][debug][gc,nmethod     ] Register NMethod: java.lang.reflect.Constructor.copy (0x000078e2e04d1008) [0x000078e2e04d1100, 0x000078e2e04d16b0] Compiler: c1, Barriers: 18, Oops: 0, ImmediateOops: 1, NonImmediateOops: No
[2,576s][debug][gc,nmethod     ] Register NMethod: java.util.LinkedList.<init> (0x000078e2e04d1708) [0x000078e2e04d1800, 0x000078e2e04d1908] Compiler: c1, Barriers: 0, Oops: 0, ImmediateOops: 0, NonImmediateOops: No
[2,576s][debug][gc,nmethod     ] Register NMethod: java.util.AbstractSequentialList.<init> (0x000078e2e04d1a08) [0x000078e2e04d1b00, 0x000078e2e04d1c00] Compiler: c1, Barriers: 0, Oops: 0, ImmediateOops: 0, NonImmediateOops: No
[2,576s][debug][gc,nmethod     ] Register NMethod: io.sirix.node.xml.ElementNode.getRightSiblingKey (0x000078e2fed9bf08) [0x000078e2fed9c000, 0x000078e2fed9c2b0] Compiler: jvmci, Barriers: 4, Oops: 1, ImmediateOops: 0, NonImmediateOops: No
[2,576s][debug][gc,director    ] Rule Major: Warmup 10%, Used: 476MB, UsedThreshold: 1228MB
[2,576s][debug][gc,nmethod     ] Register NMethod: io.sirix.diff.algorithm.fmse.FMSE.markOutOfOrder (0x000078e2e04d1d08) [0x000078e2e04d1e00, 0x000078e2e04d2238] Compiler: c1, Barriers: 1, Oops: 1, ImmediateOops: 2, NonImmediateOops: No
[2,576s][debug][gc,nmethod     ] Register NMethod: sun.nio.fs.UnixPath.toString (0x000078e2e04d2288) [0x000078e2e04d2380, 0x000078e2e04d2650] Compiler: c1, Barriers: 6, Oops: 0, ImmediateOops: 1, NonImmediateOops: No
[2,577s][debug][gc,nmethod     ] Register NMethod: java.util.Collections$EmptyEnumeration.hasMoreElements (0x000078e2fed9c308) [0x000078e2fed9c400, 0x000078e2fed9c4c0] Compiler: c1, Barriers: 0, Oops: 0, ImmediateOops: 0, NonImmediateOops: No
[2,577s][debug][gc,nmethod     ] Register NMethod: jdk.internal.loader.URLClassPath$FileLoader.findResource (0x000078e2e04d2688) [0x000078e2e04d2780, 0x000078e2e04d2900] Compiler: c1, Barriers: 0, Oops: 0, ImmediateOops: 0, NonImmediateOops: No
[2,577s][debug][gc,nmethod     ] Register NMethod: it.unimi.dsi.fastutil.ints.Int2LongOpenHashMap.getOrDefault (0x000078e2e04d2988) [0x000078e2e04d2a80, 0x000078e2e04d2e88] Compiler: c1, Barriers: 4, Oops: 1, ImmediateOops: 0, NonImmediateOops: No
[2,577s][debug][gc,nmethod     ] Register NMethod: io.sirix.diff.algorithm.fmse.Util.longestCommonSubsequence (0x000078e2e04d2f08) [0x000078e2e04d3000, 0x000078e2e04d4890] Compiler: c1, Barriers: 33, Oops: 1, ImmediateOops: 4, NonImmediateOops: No
[2,577s][debug][gc,nmethod     ] Register NMethod: io.sirix.diff.algorithm.fmse.FMSE.commonChildren (0x000078e2e04d4908) [0x000078e2e04d4a00, 0x000078e2e04d54a0] Compiler: c1, Barriers: 4, Oops: 1, ImmediateOops: 1, NonImmediateOops: No
[2,577s][debug][gc,nmethod     ] Register NMethod: jdk.internal.module.ServicesCatalog.findServices (0x000078e2e04d5508) [0x000078e2e04d5600, 0x000078e2e04d57b8] Compiler: c1, Barriers: 1, Oops: 0, ImmediateOops: 1, NonImmediateOops: No
[2,577s][debug][gc,nmethod     ] Register NMethod: java.util.concurrent.ConcurrentHashMap.getOrDefault (0x000078e2e04d5808) [0x000078e2e04d5900, 0x000078e2e04d5a30] Compiler: c1, Barriers: 0, Oops: 0, ImmediateOops: 0, NonImmediateOops: No
[2,578s][debug][gc,nmethod     ] Register NMethod: io.sirix.access.trx.node.AbstractNodeReadOnlyTrx.moveToParent (0x000078e2fed9c608) [0x000078e2fed9c700, 0x000078e2fed9dfb8] Compiler: jvmci, Barriers: 49, Oops: 4, ImmediateOops: 1, NonImmediateOops: No
[2,579s][debug][gc,nmethod     ] Register NMethod: jdk.internal.loader.AbstractClassLoaderValue.get (0x000078e2e04d5b08) [0x000078e2e04d5c00, 0x000078e2e04d5e70] Compiler: c1, Barriers: 0, Oops: 0, ImmediateOops: 1, NonImmediateOops: No
[2,579s][debug][gc,nmethod     ] Register NMethod: jdk.internal.loader.BuiltinClassLoader$1.hasNext (0x000078e2e04d5e88) [0x000078e2e04d5f80, 0x000078e2e04d64e0] Compiler: c1, Barriers: 13, Oops: 0, ImmediateOops: 0, NonImmediateOops: No
[2,579s][debug][gc,nmethod     ] Register NMethod: jdk.internal.loader.BuiltinClassLoader$1.hasMoreElements (0x000078e2e04d6508) [0x000078e2e04d6600, 0x000078e2e04d6720] Compiler: c1, Barriers: 0, Oops: 0, ImmediateOops: 0, NonImmediateOops: No
[2,580s][debug][gc,nmethod     ] Register NMethod: jdk.internal.module.Resources.toPackageName (0x000078e2e04d6808) [0x000078e2e04d6900, 0x000078e2e04d6b98] Compiler: c1, Barriers: 2, Oops: 0, ImmediateOops: 1, NonImmediateOops: No
[2,580s][debug][gc,nmethod     ] Register NMethod: io.sirix.page.IndirectPage.<init> (0x000078e2e04d6c08) [0x000078e2e04d6d00, 0x000078e2e04d6e70] Compiler: c1, Barriers: 3, Oops: 1, ImmediateOops: 0, NonImmediateOops: No
[2,580s][debug][gc,nmethod     ] Register NMethod: io.sirix.page.PageKind$4.deserializePage (0x000078e2e04d6f08) [0x000078e2e04d7000, 0x000078e2e04d7380] Compiler: c1, Barriers: 3, Oops: 1, ImmediateOops: 1, NonImmediateOops: No
[2,580s][debug][gc,nmethod     ] Register NMethod: jdk.internal.loader.BuiltinClassLoader.findMiscResource (0x000078e2e04d7408) [0x000078e2e04d7500, 0x000078e2e04d7f88] Compiler: c1, Barriers: 15, Oops: 0, ImmediateOops: 5, NonImmediateOops: No
[2,580s][debug][gc,nmethod     ] Register NMethod: it.unimi.dsi.fastutil.ints.Int2LongOpenHashMap.size (0x000078e2fed9e008) [0x000078e2fed9e100, 0x000078e2fed9e1c0] Compiler: c1, Barriers: 0, Oops: 1, ImmediateOops: 0, NonImmediateOops: No
[2,580s][debug][gc,nmethod     ] Register NMethod: jdk.internal.loader.BuiltinClassLoader$1.<init> (0x000078e2e04d8008) [0x000078e2e04d8100, 0x000078e2e04d8480] Compiler: c1, Barriers: 10, Oops: 0, ImmediateOops: 0, NonImmediateOops: No
[2,580s][debug][gc,nmethod     ] Register NMethod: jdk.internal.loader.URLClassPath$1.next (0x000078e2e04d8488) [0x000078e2e04d8580, 0x000078e2e04d88e8] Compiler: c1, Barriers: 6, Oops: 0, ImmediateOops: 0, NonImmediateOops: No
[2,580s][debug][gc,nmethod     ] Register NMethod: jdk.internal.loader.BuiltinClassLoader.findResourcesOnClassPath (0x000078e2e04d8908) [0x000078e2e04d8a00, 0x000078e2e04d8e28] Compiler: c1, Barriers: 10, Oops: 0, ImmediateOops: 1, NonImmediateOops: No
[2,581s][debug][gc,nmethod     ] Register NMethod: it.unimi.dsi.fastutil.ints.Int2IntOpenHashMap.size (0x000078e2fed9e308) [0x000078e2fed9e400, 0x000078e2fed9e4c0] Compiler: c1, Barriers: 0, Oops: 1, ImmediateOops: 0, NonImmediateOops: No
[2,581s][debug][gc,nmethod     ] Register NMethod: jdk.internal.loader.BuiltinClassLoader.findResources (0x000078e2e04d8e88) [0x000078e2e04d8f80, 0x000078e2e04d9d70] Compiler: c1, Barriers: 30, Oops: 2, ImmediateOops: 5, NonImmediateOops: No
[2,581s][debug][gc,nmethod     ] Register NMethod: jdk.internal.reflect.Reflection.verifyModuleAccess (0x000078e2e04d9d88) [0x000078e2e04d9e80, 0x000078e2e04da1a0] Compiler: c1, Barriers: 1, Oops: 0, ImmediateOops: 0, NonImmediateOops: No
[2,581s][debug][gc,nmethod     ] Register NMethod: io.sirix.access.trx.node.xml.ForwardingXmlNodeReadOnlyTrx.hasFirstChild (0x000078e2fed9e608) [0x000078e2fed9e700, 0x000078e2fed9ed30] Compiler: jvmci, Barriers: 8, Oops: 1, ImmediateOops: 0, NonImmediateOops: No
[2,582s][debug][gc,nmethod     ] Register NMethod: jdk.internal.reflect.Reflection.verifyMemberAccess (0x000078e2e04da208) [0x000078e2e04da300, 0x000078e2e04dadc8] Compiler: c1, Barriers: 7, Oops: 0, ImmediateOops: 0, NonImmediateOops: No
[2,582s][debug][gc,nmethod     ] Register NMethod: java.util.ServiceLoader$ModuleServicesLookupIterator.iteratorFor (0x000078e2e04dae08) [0x000078e2e04daf00, 0x000078e2e04dbef8] Compiler: c1, Barriers: 19, Oops: 3, ImmediateOops: 11, NonImmediateOops: No
[2,582s][debug][gc,nmethod     ] Register NMethod: it.unimi.dsi.fastutil.ints.AbstractInt2LongFunction.<init> (0x000078e2e04dbf88) [0x000078e2e04dc080, 0x000078e2e04dc178] Compiler: c1, Barriers: 0, Oops: 1, ImmediateOops: 0, NonImmediateOops: No
[2,582s][debug][gc,nmethod     ] Register NMethod: it.unimi.dsi.fastutil.ints.Int2ObjectOpenHashMap.size (0x000078e2fed9ed88) [0x000078e2fed9ee80, 0x000078e2fed9ef40] Compiler: c1, Barriers: 0, Oops: 1, ImmediateOops: 0, NonImmediateOops: No
[2,582s][debug][gc,nmethod     ] Register NMethod: it.unimi.dsi.fastutil.ints.AbstractInt2IntFunction.<init> (0x000078e2e04dc288) [0x000078e2e04dc380, 0x000078e2e04dc478] Compiler: c1, Barriers: 0, Oops: 1, ImmediateOops: 0, NonImmediateOops: No
[2,583s][debug][gc,nmethod     ] Register NMethod: java.lang.invoke.DirectMethodHandle$Holder.invokeStatic (0x000078e2e04dc588) [0x000078e2e04dc680, 0x000078e2e04dc7f8] Compiler: c1, Barriers: 1, Oops: 0, ImmediateOops: 0, NonImmediateOops: No
[2,583s][debug][gc,nmethod     ] Register NMethod: java.lang.invoke.LambdaForm$MH/0x000000009229dc00.invoke (0x000078e2e04dc888) [0x000078e2e04dc980, 0x000078e2e04dcbc8] Compiler: c1, Barriers: 2, Oops: 1, ImmediateOops: 0, NonImmediateOops: No
[2,583s][debug][gc,nmethod     ] Register NMethod: it.unimi.dsi.fastutil.ints.AbstractInt2IntMap.<init> (0x000078e2e04dcc08) [0x000078e2e04dcd00, 0x000078e2e04dcdf8] Compiler: c1, Barriers: 0, Oops: 1, ImmediateOops: 0, NonImmediateOops: No
[2,583s][debug][gc,nmethod     ] Register NMethod: javax.xml.stream.FactoryFinder.dPrint (0x000078e2e04dcf08) [0x000078e2e04dd000, 0x000078e2e04dd218] Compiler: c1, Barriers: 1, Oops: 0, ImmediateOops: 2, NonImmediateOops: No
[2,583s][debug][gc,nmethod     ] Register NMethod: com.github.benmanes.caffeine.cache.SSMS.evicts (0x000078e2fed9f088) [0x000078e2fed9f180, 0x000078e2fed9f240] Compiler: c1, Barriers: 0, Oops: 1, ImmediateOops: 0, NonImmediateOops: No
[2,583s][debug][gc,nmethod     ] Register NMethod: com.github.benmanes.caffeine.cache.PSMS.getPreviousInAccessOrder (0x000078e2fed9f388) [0x000078e2fed9f480, 0x000078e2fed9f568] Compiler: c1, Barriers: 1, Oops: 1, ImmediateOops: 0, NonImmediateOops: No
[2,583s][debug][gc,nmethod     ] Register NMethod: it.unimi.dsi.fastutil.ints.AbstractInt2LongMap.<init> (0x000078e2e04dd288) [0x000078e2e04dd380, 0x000078e2e04dd478] Compiler: c1, Barriers: 0, Oops: 1, ImmediateOops: 0, NonImmediateOops: No
[2,583s][debug][gc,nmethod     ] Register NMethod: it.unimi.dsi.fastutil.ints.Int2LongOpenHashMap.<init> (0x000078e2e04dd588) [0x000078e2e04dd6a0, 0x000078e2e04ddc28] Compiler: c1, Barriers: 6, Oops: 1, ImmediateOops: 2, NonImmediateOops: No
[2,583s][debug][gc,nmethod     ] Register NMethod: it.unimi.dsi.fastutil.ints.Int2IntOpenHashMap.<init> (0x000078e2e04ddc88) [0x000078e2e04ddda0, 0x000078e2e04de328] Compiler: c1, Barriers: 6, Oops: 1, ImmediateOops: 2, NonImmediateOops: No
[2,583s][debug][gc,nmethod     ] Register NMethod: io.sirix.diff.algorithm.fmse.Matching.partner (0x000078e2fed9f688) [0x000078e2fed9f780, 0x000078e2fed9fe28] Compiler: jvmci, Barriers: 10, Oops: 2, ImmediateOops: 2, NonImmediateOops: No
[2,584s][debug][gc,nmethod     ] Register NMethod: java.lang.reflect.AccessibleObject.isAccessChecked (0x000078e2e04de388) [0x000078e2e04de480, 0x000078e2e04de678] Compiler: c1, Barriers: 1, Oops: 0, ImmediateOops: 0, NonImmediateOops: No
[2,584s][debug][gc,nmethod     ] Register NMethod: java.lang.reflect.AccessibleObject.verifyAccess (0x000078e2e04de688) [0x000078e2e04de780, 0x000078e2e04deb10] Compiler: c1, Barriers: 1, Oops: 0, ImmediateOops: 0, NonImmediateOops: No
[2,585s][debug][gc,nmethod     ] Register NMethod: io.sirix.page.delegates.BitmapReferencesPage.getReferences (0x000078e2fed9fe88) [0x000078e2fed9ff80, 0x000078e2feda0068] Compiler: c1, Barriers: 1, Oops: 1, ImmediateOops: 0, NonImmediateOops: No
[2,586s][debug][gc,nmethod     ] Register NMethod: java.lang.CompoundEnumeration.next (0x000078e2e04deb88) [0x000078e2e04dec80, 0x000078e2e04deee8] Compiler: c1, Barriers: 2, Oops: 0, ImmediateOops: 0, NonImmediateOops: No
[2,586s][debug][gc,nmethod     ] Register NMethod: java.util.Spliterators$ArraySpliterator.tryAdvance (0x000078e2e04def08) [0x000078e2e04df000, 0x000078e2e04df2c0] Compiler: c1, Barriers: 2, Oops: 0, ImmediateOops: 0, NonImmediateOops: No
[2,586s][debug][gc,nmethod     ] Register NMethod: java.lang.CompoundEnumeration.hasMoreElements (0x000078e2e04df308) [0x000078e2e04df400, 0x000078e2e04df520] Compiler: c1, Barriers: 0, Oops: 0, ImmediateOops: 0, NonImmediateOops: No
[2,586s][debug][gc,nmethod     ] Register NMethod: com.sun.xml.internal.stream.events.EndElementEvent.init (0x000078e2e04df608) [0x000078e2e04df700, 0x000078e2e04df950] Compiler: c1, Barriers: 6, Oops: 0, ImmediateOops: 1, NonImmediateOops: No
[2,586s][debug][gc,nmethod     ] Register NMethod: com.sun.xml.internal.stream.events.EndElementEvent.<init> (0x000078e2e04df988) [0x000078e2e04dfa80, 0x000078e2e04dfe88] Compiler: c1, Barriers: 16, Oops: 0, ImmediateOops: 2, NonImmediateOops: No
[2,586s][debug][gc,director    ] Rule Major: Warmup 10%, Used: 478MB, UsedThreshold: 1228MB
[2,586s][debug][gc,nmethod     ] Register NMethod: java.lang.Thread.threadId (0x000078e2feda0188) [0x000078e2feda0280, 0x000078e2feda0340] Compiler: c1, Barriers: 0, Oops: 0, ImmediateOops: 0, NonImmediateOops: No
[2,586s][debug][gc,nmethod     ] Register NMethod: jdk.internal.misc.VM.isBooted (0x000078e2e04dff08) [0x000078e2e04e0000, 0x000078e2e04e0100] Compiler: c1, Barriers: 0, Oops: 0, ImmediateOops: 1, NonImmediateOops: No
[2,587s][debug][gc,nmethod     ] Register NMethod: java.lang.CompoundEnumeration.<init> (0x000078e2e04e0208) [0x000078e2e04e0300, 0x000078e2e04e0470] Compiler: c1, Barriers: 3, Oops: 0, ImmediateOops: 0, NonImmediateOops: No
[2,587s][debug][gc,nmethod     ] Register NMethod: java.lang.ClassLoader.getResources (0x000078e2e04e0508) [0x000078e2e04e0600, 0x000078e2e04e0c60] Compiler: c1, Barriers: 13, Oops: 0, ImmediateOops: 1, NonImmediateOops: No
[2,587s][debug][gc,nmethod     ] Register NMethod: java.lang.ref.WeakReference.<init> (0x000078e2e04e0c88) [0x000078e2e04e0d80, 0x000078e2e04e0f78] Compiler: c1, Barriers: 6, Oops: 0, ImmediateOops: 1, NonImmediateOops: No
[2,587s][debug][gc,nmethod     ] Register NMethod: java.lang.Class.arrayContentsEq (0x000078e2e04e0f88) [0x000078e2e04e1080, 0x000078e2e04e1370] Compiler: c1, Barriers: 2, Oops: 0, ImmediateOops: 0, NonImmediateOops: No
[2,587s][debug][gc,nmethod     ] Register NMethod: java.lang.reflect.AccessibleObject.checkAccess (0x000078e2e04e1388) [0x000078e2e04e1480, 0x000078e2e04e16d8] Compiler: c1, Barriers: 1, Oops: 0, ImmediateOops: 1, NonImmediateOops: No
[2,588s][debug][gc,nmethod     ] Register NMethod: java.lang.invoke.DelegatingMethodHandle$Holder.delegate (0x000078e2e04e1708) [0x000078e2e04e1800, 0x000078e2e04e1980] Compiler: c1, Barriers: 0, Oops: 0, ImmediateOops: 0, NonImmediateOops: No
[2,588s][debug][gc,nmethod     ] Register NMethod: java.nio.file.Path.resolve (0x000078e2e04e1a08) [0x000078e2e04e1b00, 0x000078e2e04e1d78] Compiler: c1, Barriers: 1, Oops: 0, ImmediateOops: 0, NonImmediateOops: No
[2,589s][debug][gc,nmethod     ] Register NMethod: com.github.benmanes.caffeine.cache.SSMS.fastpath (0x000078e2feda0488) [0x000078e2feda0580, 0x000078e2feda0640] Compiler: c1, Barriers: 0, Oops: 1, ImmediateOops: 0, NonImmediateOops: No
[2,589s][debug][gc,nmethod     ] Register NMethod: java.lang.Class.getConstructor0 (0x000078e2e04e1d88) [0x000078e2e04e1e80, 0x000078e2e04e2350] Compiler: c1, Barriers: 7, Oops: 0, ImmediateOops: 5, NonImmediateOops: No
[2,589s][debug][gc,nmethod     ] Register NMethod: io.sirix.access.trx.node.AbstractNodeReadOnlyTrx.hasRightSibling (0x000078e2feda0788) [0x000078e2feda0880, 0x000078e2feda1010] Compiler: jvmci, Barriers: 11, Oops: 1, ImmediateOops: 0, NonImmediateOops: No
[2,590s][debug][gc,nmethod     ] Register NMethod: io.sirix.page.UberPage.getRevisionNumber (0x000078e2e04e2388) [0x000078e2e04e2480, 0x000078e2e04e2580] Compiler: c1, Barriers: 0, Oops: 1, ImmediateOops: 0, NonImmediateOops: No
[2,590s][debug][gc,nmethod     ] Register NMethod: com.github.benmanes.caffeine.cache.SingletonWeigher.weigh (0x000078e2feda1088) [0x000078e2feda1180, 0x000078e2feda1240] Compiler: c1, Barriers: 0, Oops: 1, ImmediateOops: 0, NonImmediateOops: No
[2,590s][debug][gc,nmethod     ] Register NMethod: com.github.benmanes.caffeine.cache.PSMS.setNextInAccessOrder (0x000078e2feda1388) [0x000078e2feda1480, 0x000078e2feda15b0] Compiler: c1, Barriers: 3, Oops: 1, ImmediateOops: 0, NonImmediateOops: No
[2,590s][debug][gc,nmethod     ] Register NMethod: com.github.benmanes.caffeine.cache.PSMS.setPreviousInAccessOrder (0x000078e2feda1688) [0x000078e2feda1780, 0x000078e2feda18b0] Compiler: c1, Barriers: 3, Oops: 1, ImmediateOops: 0, NonImmediateOops: No
[2,590s][debug][gc,nmethod     ] Register NMethod: java.util.concurrent.ConcurrentHashMap.get (0x000078e2feda1988) [0x000078e2feda1a80, 0x000078e2feda2758] Compiler: jvmci, Barriers: 20, Oops: 0, ImmediateOops: 0, NonImmediateOops: No
[2,590s][debug][gc,nmethod     ] Register NMethod: jdk.internal.loader.URLClassPath$1.next (0x000078e2e04e2688) [0x000078e2e04e2780, 0x000078e2e04e2da0] Compiler: c1, Barriers: 6, Oops: 0, ImmediateOops: 0, NonImmediateOops: No
[2,591s][debug][gc,nmethod     ] Register NMethod: java.nio.file.Files.exists (0x000078e2e04e2e08) [0x000078e2e04e2f00, 0x000078e2e04e3168] Compiler: c1, Barriers: 2, Oops: 0, ImmediateOops: 0, NonImmediateOops: No
[2,591s][debug][gc,nmethod     ] Register NMethod: sun.nio.fs.UnixFileSystemProvider.exists (0x000078e2e04e3188) [0x000078e2e04e3280, 0x000078e2e04e35c0] Compiler: c1, Barriers: 0, Oops: 0, ImmediateOops: 0, NonImmediateOops: No
[2,591s][debug][gc,nmethod     ] Register NMethod: sun.nio.fs.UnixNativeDispatcher.access (0x000078e2e04e3608) [0x000078e2e04e3700, 0x000078e2e04e3920] Compiler: c1, Barriers: 0, Oops: 0, ImmediateOops: 0, NonImmediateOops: No
[2,591s][debug][gc,nmethod     ] Register NMethod: java.util.AbstractList.listIterator (0x000078e2e04e3988) [0x000078e2e04e3a80, 0x000078e2e04e3ba8] Compiler: c1, Barriers: 0, Oops: 0, ImmediateOops: 0, NonImmediateOops: No
[2,591s][debug][gc,nmethod     ] Register NMethod: java.util.LinkedList.isPositionIndex (0x000078e2e04e3c88) [0x000078e2e04e3d80, 0x000078e2e04e3ea0] Compiler: c1, Barriers: 0, Oops: 0, ImmediateOops: 0, NonImmediateOops: No
[2,591s][debug][gc,nmethod     ] Register NMethod: io.sirix.diff.algorithm.fmse.FMSENodeComparisonUtils.<init> (0x000078e2e04e3f88) [0x000078e2e04e4080, 0x000078e2e04e4270] Compiler: c1, Barriers: 6, Oops: 1, ImmediateOops: 0, NonImmediateOops: No
[2,592s][debug][gc,nmethod     ] Register NMethod: java.util.LinkedList.listIterator (0x000078e2e04e4288) [0x000078e2e04e4380, 0x000078e2e04e4628] Compiler: c1, Barriers: 0, Oops: 0, ImmediateOops: 0, NonImmediateOops: No
[2,592s][debug][gc,nmethod     ] Register NMethod: java.util.AbstractSequentialList.iterator (0x000078e2e04e4688) [0x000078e2e04e4780, 0x000078e2e04e4a20] Compiler: c1, Barriers: 0, Oops: 0, ImmediateOops: 0, NonImmediateOops: No
[2,592s][debug][gc,nmethod     ] Register NMethod: java.util.LinkedList$ListItr.<init> (0x000078e2e04e4a88) [0x000078e2e04e4b80, 0x000078e2e04e4e80] Compiler: c1, Barriers: 6, Oops: 0, ImmediateOops: 0, NonImmediateOops: No
[2,592s][debug][gc,nmethod     ] Register NMethod: java.util.LinkedList.checkPositionIndex (0x000078e2e04e4e88) [0x000078e2e04e4f80, 0x000078e2e04e5398] Compiler: c1, Barriers: 0, Oops: 0, ImmediateOops: 3, NonImmediateOops: No
[2,592s][debug][gc,nmethod     ] Register NMethod: io.sirix.diff.algorithm.fmse.FMSE$$Lambda/0x0000000092348450.<init> (0x000078e2e04e5408) [0x000078e2e04e5500, 0x000078e2e04e5670] Compiler: c1, Barriers: 3, Oops: 1, ImmediateOops: 0, NonImmediateOops: No
[2,592s][debug][gc,nmethod     ] Register NMethod: java.lang.invoke.Invokers$Holder.linkToTargetMethod (0x000078e2e04e5708) [0x000078e2e04e5800, 0x000078e2e04e5948] Compiler: c1, Barriers: 0, Oops: 0, ImmediateOops: 0, NonImmediateOops: No
[2,592s][debug][gc,nmethod     ] Register NMethod: java.lang.invoke.LambdaForm$MH/0x000000009229c000.invoke (0x000078e2e04e5a08) [0x000078e2e04e5b00, 0x000078e2e04e5c10] Compiler: c1, Barriers: 0, Oops: 1, ImmediateOops: 0, NonImmediateOops: No
[2,592s][debug][gc,nmethod     ] Register NMethod: io.sirix.axis.LevelOrderAxis.nextKey (0x000078e2e04e5d08) [0x000078e2e04e5e00, 0x000078e2e04e6688] Compiler: c1, Barriers: 5, Oops: 1, ImmediateOops: 8, NonImmediateOops: No
[2,592s][debug][gc,nmethod     ] Register NMethod: io.sirix.axis.LevelOrderAxis.processElement (0x000078e2e04e6708) [0x000078e2e04e6800, 0x000078e2e04e6ed0] Compiler: c1, Barriers: 4, Oops: 1, ImmediateOops: 3, NonImmediateOops: No
[2,592s][debug][gc,nmethod     ] Register NMethod: com.github.benmanes.caffeine.cache.SSMS.accessOrderWindowDeque (0x000078e2feda2788) [0x000078e2feda2880, 0x000078e2feda2970] Compiler: c1, Barriers: 1, Oops: 1, ImmediateOops: 0, NonImmediateOops: No
[2,593s][debug][gc,nmethod     ] Register NMethod: java.lang.runtime.ObjectMethods.eq (0x000078e2e04e6f08) [0x000078e2e04e7000, 0x000078e2e04e70f8] Compiler: c1, Barriers: 0, Oops: 0, ImmediateOops: 0, NonImmediateOops: No
[2,593s][debug][gc,nmethod     ] Register NMethod: com.github.benmanes.caffeine.cache.Node.getWeight (0x000078e2feda2a88) [0x000078e2feda2b80, 0x000078e2feda2c40] Compiler: c1, Barriers: 0, Oops: 1, ImmediateOops: 0, NonImmediateOops: No
[2,593s][debug][gc,nmethod     ] Register NMethod: java.lang.invoke.LambdaForm$MH/0x00000000922c2c00.invoke (0x000078e2e04e7208) [0x000078e2e04e7300, 0x000078e2e04e7580] Compiler: c1, Barriers: 2, Oops: 1, ImmediateOops: 0, NonImmediateOops: No
[2,593s][debug][gc,nmethod     ] Register NMethod: com.github.benmanes.caffeine.cache.BoundedLocalCache.hasRemovalListener (0x000078e2feda2d88) [0x000078e2feda2e80, 0x000078e2feda2f40] Compiler: c1, Barriers: 0, Oops: 1, ImmediateOops: 0, NonImmediateOops: No
[2,593s][debug][gc,nmethod     ] Register NMethod: io.sirix.diff.algorithm.fmse.FMSE.doFirstFSMEStep (0x000078e2e04e7608) [0x000078e2e04e7700, 0x000078e2e04e9748] Compiler: c1, Barriers: 31, Oops: 2, ImmediateOops: 4, NonImmediateOops: No
[2,593s][debug][gc,nmethod     ] Register NMethod: it.unimi.dsi.fastutil.ints.Int2LongOpenHashMap.<init> (0x000078e2e04e9788) [0x000078e2e04e98a0, 0x000078e2e04e99c0] Compiler: c1, Barriers: 0, Oops: 1, ImmediateOops: 0, NonImmediateOops: No
[2,593s][debug][gc,nmethod     ] Register NMethod: java.lang.invoke.DirectMethodHandle$Holder.invokeStatic (0x000078e2e04e9a88) [0x000078e2e04e9b80, 0x000078e2e04e9d00] Compiler: c1, Barriers: 1, Oops: 0, ImmediateOops: 0, NonImmediateOops: No
[2,593s][debug][gc,nmethod     ] Register NMethod: io.sirix.diff.algorithm.fmse.FMSE.alignChildren (0x000078e2e04e9d88) [0x000078e2e04e9e80, 0x000078e2e04eb458] Compiler: c1, Barriers: 21, Oops: 3, ImmediateOops: 8, NonImmediateOops: No
[2,593s][debug][gc,nmethod     ] Register NMethod: it.unimi.dsi.fastutil.ints.Int2IntOpenHashMap.<init> (0x000078e2e04eb488) [0x000078e2e04eb5a0, 0x000078e2e04eb6c0] Compiler: c1, Barriers: 0, Oops: 1, ImmediateOops: 0, NonImmediateOops: No
[2,593s][debug][gc,nmethod     ] Register NMethod: com.sun.xml.internal.stream.events.StartElementEvent.<init> (0x000078e2e04eb788) [0x000078e2e04eb880, 0x000078e2e04ebd60] Compiler: c1, Barriers: 19, Oops: 0, ImmediateOops: 2, NonImmediateOops: No
[2,594s][debug][gc,nmethod     ] Register NMethod: io.sirix.access.trx.node.xml.XmlNodeReadOnlyTrxImpl.isAttribute (0x000078e2e04ebd88) [0x000078e2e04ebe80, 0x000078e2e04ec118] Compiler: c1, Barriers: 1, Oops: 1, ImmediateOops: 2, NonImmediateOops: No
[2,595s][debug][gc,nmethod     ] Register NMethod: io.sirix.access.trx.node.AbstractResourceSession.getMostRecentRevisionNumber (0x000078e2e04ec188) [0x000078e2e04ec280, 0x000078e2e04ec4f8] Compiler: c1, Barriers: 2, Oops: 1, ImmediateOops: 1, NonImmediateOops: No
[2,595s][debug][gc,nmethod     ] Register NMethod: java.lang.Class.getConstructor (0x000078e2e04ec508) [0x000078e2e04ec600, 0x000078e2e04ec8a8] Compiler: c1, Barriers: 5, Oops: 0, ImmediateOops: 4, NonImmediateOops: No
[2,596s][debug][gc,nmethod     ] Register NMethod: com.github.benmanes.caffeine.cache.SSMS.hitsInSample (0x000078e2feda3088) [0x000078e2feda3180, 0x000078e2feda3240] Compiler: c1, Barriers: 0, Oops: 1, ImmediateOops: 0, NonImmediateOops: No
[2,596s][debug][gc,nmethod     ] Register NMethod: com.github.benmanes.caffeine.cache.SSMS.setHitsInSample (0x000078e2feda3388) [0x000078e2feda3480, 0x000078e2feda3540] Compiler: c1, Barriers: 0, Oops: 1, ImmediateOops: 0, NonImmediateOops: No
[2,596s][debug][gc,director    ] Rule Major: Warmup 10%, Used: 480MB, UsedThreshold: 1228MB
[2,597s][debug][gc,nmethod     ] Register NMethod: io.sirix.service.xml.serialize.StAXSerializer.hasNext (0x000078e2e04ec908) [0x000078e2e04eca00, 0x000078e2e04ecc50] Compiler: c1, Barriers: 2, Oops: 1, ImmediateOops: 0, NonImmediateOops: No
[2,597s][debug][gc,nmethod     ] Register NMethod: java.util.HashMap.afterNodeRemoval (0x000078e2e04ecc88) [0x000078e2e04ecd80, 0x000078e2e04ece78] Compiler: c1, Barriers: 0, Oops: 0, ImmediateOops: 0, NonImmediateOops: No
[2,598s][debug][gc,nmethod     ] Register NMethod: it.unimi.dsi.fastutil.objects.AbstractObjectSet.<init> (0x000078e2e04ecf88) [0x000078e2e04ed080, 0x000078e2e04ed178] Compiler: c1, Barriers: 0, Oops: 1, ImmediateOops: 0, NonImmediateOops: No
[2,598s][debug][gc,nmethod     ] Register NMethod: it.unimi.dsi.fastutil.objects.AbstractObjectCollection.<init> (0x000078e2e04ed288) [0x000078e2e04ed380, 0x000078e2e04ed478] Compiler: c1, Barriers: 0, Oops: 1, ImmediateOops: 0, NonImmediateOops: No
[2,598s][debug][gc,nmethod     ] Register NMethod: jdk.internal.module.ServicesCatalog.getServicesCatalog (0x000078e2e04ed588) [0x000078e2e04ed6a0, 0x000078e2e04edb18] Compiler: c1, Barriers: 3, Oops: 1, ImmediateOops: 3, NonImmediateOops: No
[2,598s][debug][gc,nmethod     ] Register NMethod: jdk.internal.loader.URLClassPath$1.<init> (0x000078e2e04edb88) [0x000078e2e04edc80, 0x000078e2e04edfa8] Compiler: c1, Barriers: 9, Oops: 0, ImmediateOops: 0, NonImmediateOops: No
[2,598s][debug][gc,nmethod     ] Register NMethod: java.util.Spliterators$1Adapter.next (0x000078e2e04ee008) [0x000078e2e04ee100, 0x000078e2e04ee400] Compiler: c1, Barriers: 5, Oops: 0, ImmediateOops: 0, NonImmediateOops: No
[2,599s][debug][gc,nmethod     ] Register NMethod: java.util.LinkedList.node (0x000078e2e04ee408) [0x000078e2e04ee500, 0x000078e2e04ee870] Compiler: c1, Barriers: 4, Oops: 0, ImmediateOops: 0, NonImmediateOops: No
[2,599s][debug][gc,nmethod     ] Register NMethod: java.lang.ModuleLayer.getServicesCatalog (0x000078e2e04ee888) [0x000078e2e04ee9a0, 0x000078e2e04ef098] Compiler: c1, Barriers: 9, Oops: 0, ImmediateOops: 0, NonImmediateOops: No
[2,599s][debug][gc,nmethod     ] Register NMethod: java.util.Collections.addAll (0x000078e2e04ef108) [0x000078e2e04ef200, 0x000078e2e04ef3f0] Compiler: c1, Barriers: 1, Oops: 0, ImmediateOops: 0, NonImmediateOops: No
[2,599s][debug][gc,nmethod     ] Register NMethod: java.util.stream.AbstractPipeline.spliterator (0x000078e2e04ef408) [0x000078e2e04ef500, 0x000078e2e04efb30] Compiler: c1, Barriers: 13, Oops: 1, ImmediateOops: 4, NonImmediateOops: No
[2,599s][debug][gc,nmethod     ] Register NMethod: java.lang.StringBuilder.append (0x000078e2feda3688) [0x000078e2feda3780, 0x000078e2feda4320] Compiler: jvmci, Barriers: 6, Oops: 0, ImmediateOops: 0, NonImmediateOops: No
[2,600s][debug][gc,nmethod     ] Register NMethod: java.util.ArrayList.elementData (0x000078e2feda4388) [0x000078e2feda4480, 0x000078e2feda45c0] Compiler: jvmci, Barriers: 2, Oops: 0, ImmediateOops: 0, NonImmediateOops: No
[2,602s][debug][gc,nmethod     ] Register NMethod: java.lang.reflect.AccessibleObject.slowVerifyAccess (0x000078e2e04efb88) [0x000078e2e04efc80, 0x000078e2e04f00c8] Compiler: c1, Barriers: 9, Oops: 0, ImmediateOops: 1, NonImmediateOops: No
[2,602s][debug][gc,nmethod     ] Register NMethod: jdk.internal.loader.URLClassPath$1.hasMoreElements (0x000078e2e04f0108) [0x000078e2e04f0200, 0x000078e2e04f0320] Compiler: c1, Barriers: 0, Oops: 0, ImmediateOops: 0, NonImmediateOops: No
[2,602s][debug][gc,nmethod     ] Register NMethod: jdk.xml.internal.SecuritySupport.getContextClassLoader (0x000078e2e04f0408) [0x000078e2e04f0500, 0x000078e2e04f0678] Compiler: c1, Barriers: 2, Oops: 0, ImmediateOops: 0, NonImmediateOops: No
[2,602s][debug][gc,nmethod     ] Register NMethod: java.util.ServiceLoader$ModuleServicesLookupIterator.hasNext (0x000078e2e04f0708) [0x000078e2e04f0800, 0x000078e2e04f0e68] Compiler: c1, Barriers: 19, Oops: 0, ImmediateOops: 0, NonImmediateOops: No
[2,603s][debug][gc,nmethod     ] Register NMethod: java.lang.runtime.ObjectMethods.eq (0x000078e2e04f0e88) [0x000078e2e04f0f80, 0x000078e2e04f1068] Compiler: c1, Barriers: 0, Oops: 0, ImmediateOops: 0, NonImmediateOops: No
[2,603s][debug][gc,nmethod     ] Register NMethod: java.lang.invoke.LambdaForm$MH/0x00000000922c3800.invoke (0x000078e2e04f1188) [0x000078e2e04f1280, 0x000078e2e04f1500] Compiler: c1, Barriers: 2, Oops: 1, ImmediateOops: 0, NonImmediateOops: No
[2,603s][debug][gc,nmethod     ] Register NMethod: com.github.benmanes.caffeine.cache.PSMS.getQueueType (0x000078e2feda4688) [0x000078e2feda4780, 0x000078e2feda4840] Compiler: c1, Barriers: 0, Oops: 1, ImmediateOops: 0, NonImmediateOops: No
[2,603s][debug][gc,nmethod     ] Register NMethod: com.github.benmanes.caffeine.cache.PSMS.getNextInAccessOrder (0x000078e2feda4988) [0x000078e2feda4a80, 0x000078e2feda4b68] Compiler: c1, Barriers: 1, Oops: 1, ImmediateOops: 0, NonImmediateOops: No
[2,603s][debug][gc,nmethod     ] Register NMethod: java.util.ImmutableCollections$ListN.toArray (0x000078e2e04f1588) [0x000078e2e04f1680, 0x000078e2e04f1818] Compiler: c1, Barriers: 2, Oops: 0, ImmediateOops: 0, NonImmediateOops: No
[2,603s][debug][gc,nmethod     ] Register NMethod: java.util.ServiceLoader$2.checkReloadCount (0x000078e2e04f1888) [0x000078e2e04f1980, 0x000078e2e04f1b28] Compiler: c1, Barriers: 1, Oops: 0, ImmediateOops: 0, NonImmediateOops: No
[2,603s][debug][gc,nmethod     ] Register NMethod: java.util.ServiceLoader$LazyClassPathLookupIterator.hasNext (0x000078e2e04f1b88) [0x000078e2e04f1c80, 0x000078e2e04f1da0] Compiler: c1, Barriers: 0, Oops: 0, ImmediateOops: 0, NonImmediateOops: No
[2,603s][debug][gc,nmethod     ] Register NMethod: java.util.ServiceLoader$1.hasNext (0x000078e2e04f1e88) [0x000078e2e04f1f80, 0x000078e2e04f2170] Compiler: c1, Barriers: 2, Oops: 0, ImmediateOops: 0, NonImmediateOops: No
[2,604s][debug][gc,nmethod     ] Register NMethod: java.util.ServiceLoader$2.hasNext (0x000078e2e04f2188) [0x000078e2e04f2280, 0x000078e2e04f2570] Compiler: c1, Barriers: 4, Oops: 0, ImmediateOops: 0, NonImmediateOops: No
[2,604s][debug][gc,nmethod     ] Register NMethod: java.util.ServiceLoader$LazyClassPathLookupIterator.hasNextService (0x000078e2e04f2588) [0x000078e2e04f2680, 0x000078e2e04f33e0] Compiler: c1, Barriers: 28, Oops: 0, ImmediateOops: 4, NonImmediateOops: No
[2,604s][debug][gc,nmethod     ] Register NMethod: java.util.ServiceLoader$2.<init> (0x000078e2e04f3408) [0x000078e2e04f3500, 0x000078e2e04f3738] Compiler: c1, Barriers: 3, Oops: 0, ImmediateOops: 0, NonImmediateOops: No
[2,604s][debug][gc,nmethod     ] Register NMethod: java.util.ServiceLoader.iterator (0x000078e2e04f3788) [0x000078e2e04f3880, 0x000078e2e04f3b38] Compiler: c1, Barriers: 7, Oops: 0, ImmediateOops: 0, NonImmediateOops: No
[2,605s][debug][gc,nmethod     ] Register NMethod: java.util.ServiceLoader$ModuleServicesLookupIterator.<init> (0x000078e2e04f3b88) [0x000078e2e04f3c80, 0x000078e2e04f3ff8] Compiler: c1, Barriers: 10, Oops: 0, ImmediateOops: 0, NonImmediateOops: No
[2,605s][debug][gc,nmethod     ] Register NMethod: java.util.ServiceLoader$LazyClassPathLookupIterator.<init> (0x000078e2e04f4008) [0x000078e2e04f4100, 0x000078e2e04f44e0] Compiler: c1, Barriers: 9, Oops: 0, ImmediateOops: 0, NonImmediateOops: No
[2,605s][debug][gc,nmethod     ] Register NMethod: java.util.ServiceLoader$1.<init> (0x000078e2e04f4508) [0x000078e2e04f4600, 0x000078e2e04f48a0] Compiler: c1, Barriers: 6, Oops: 0, ImmediateOops: 0, NonImmediateOops: No
[2,605s][debug][gc,nmethod     ] Register NMethod: java.util.ServiceLoader.<init> (0x000078e2e04f4908) [0x000078e2e04f4a00, 0x000078e2e04f5760] Compiler: c1, Barriers: 28, Oops: 0, ImmediateOops: 12, NonImmediateOops: No
[2,605s][debug][gc,nmethod     ] Register NMethod: java.util.Spliterators$ArraySpliterator.<init> (0x000078e2e04f5788) [0x000078e2e04f5880, 0x000078e2e04f59b0] Compiler: c1, Barriers: 0, Oops: 0, ImmediateOops: 0, NonImmediateOops: No
[2,605s][debug][gc,nmethod     ] Register NMethod: java.util.concurrent.CopyOnWriteArrayList.spliterator (0x000078e2e04f5a88) [0x000078e2e04f5b80, 0x000078e2e04f5de8] Compiler: c1, Barriers: 1, Oops: 0, ImmediateOops: 0, NonImmediateOops: No
[2,605s][debug][gc,nmethod     ] Register NMethod: java.util.Spliterators.spliterator (0x000078e2e04f5e08) [0x000078e2e04f5f00, 0x000078e2e04f6118] Compiler: c1, Barriers: 0, Oops: 0, ImmediateOops: 0, NonImmediateOops: No
[2,605s][debug][gc,nmethod     ] Register NMethod: java.util.Spliterators$1Adapter.accept (0x000078e2e04f6188) [0x000078e2e04f6280, 0x000078e2e04f63f0] Compiler: c1, Barriers: 3, Oops: 0, ImmediateOops: 0, NonImmediateOops: No
[2,605s][debug][gc,nmethod     ] Register NMethod: java.lang.Module.canUse (0x000078e2e04f6488) [0x000078e2e04f6580, 0x000078e2e04f6cc8] Compiler: c1, Barriers: 10, Oops: 2, ImmediateOops: 3, NonImmediateOops: No
[2,605s][debug][gc,nmethod     ] Register NMethod: java.util.ServiceLoader.checkCaller (0x000078e2e04f6d08) [0x000078e2e04f6e00, 0x000078e2e04f7c88] Compiler: c1, Barriers: 4, Oops: 1, ImmediateOops: 13, NonImmediateOops: No
[2,607s][debug][gc,director    ] Rule Major: Warmup 10%, Used: 482MB, UsedThreshold: 1228MB
[2,607s][debug][gc,nmethod     ] Register NMethod: java.util.ServiceLoader.load (0x000078e2e04f7d08) [0x000078e2e04f7e00, 0x000078e2e04f8008] Compiler: c1, Barriers: 2, Oops: 0, ImmediateOops: 0, NonImmediateOops: No
[2,609s][debug][gc,nmethod     ] Register NMethod: javax.xml.stream.FactoryFinder.find (0x000078e2e04f8088) [0x000078e2e04f8180, 0x000078e2e04f8308] Compiler: c1, Barriers: 1, Oops: 0, ImmediateOops: 0, NonImmediateOops: No
[2,609s][debug][gc,nmethod     ] Register NMethod: javax.xml.stream.FactoryFinder$$Lambda/0x00000000922352b8.<init> (0x000078e2e04f8388) [0x000078e2e04f8480, 0x000078e2e04f85f0] Compiler: c1, Barriers: 3, Oops: 0, ImmediateOops: 0, NonImmediateOops: No
[2,609s][debug][gc,nmethod     ] Rebuilding NMethod Table: 8192->16384 entries, 5735(70%->35%) registered, 0(0%->0%) unregistered
[2,609s][debug][gc,nmethod     ] Register NMethod: io.sirix.index.name.Names.<init> (0x000078e2e04f8688) [0x000078e2e04f87a0, 0x000078e2e04f9170] Compiler: c1, Barriers: 14, Oops: 1, ImmediateOops: 4, NonImmediateOops: No
[2,609s][debug][gc,nmethod     ] Register NMethod: javax.xml.stream.FactoryFinder.newInstance (0x000078e2e04f9188) [0x000078e2e04f9280, 0x000078e2e04f9380] Compiler: c1, Barriers: 0, Oops: 0, ImmediateOops: 0, NonImmediateOops: No
[2,609s][debug][gc,nmethod     ] Register NMethod: javax.xml.stream.FactoryFinder$$Lambda/0x00000000922354e8.<init> (0x000078e2e04f9488) [0x000078e2e04f9580, 0x000078e2e04f96f0] Compiler: c1, Barriers: 3, Oops: 0, ImmediateOops: 0, NonImmediateOops: No
[2,609s][debug][gc,nmethod     ] Register NMethod: javax.xml.stream.FactoryFinder$$Lambda/0x0000000092235c38.<init> (0x000078e2e04f9788) [0x000078e2e04f9880, 0x000078e2e04f9a68] Compiler: c1, Barriers: 6, Oops: 0, ImmediateOops: 0, NonImmediateOops: No
[2,609s][debug][gc,nmethod     ] Register NMethod: javax.xml.stream.FactoryFinder.getProviderClass (0x000078e2e04f9a88) [0x000078e2e04f9b80, 0x000078e2e04f9f88] Compiler: c1, Barriers: 2, Oops: 0, ImmediateOops: 0, NonImmediateOops: No
[2,609s][debug][gc,nmethod     ] Register NMethod: javax.xml.stream.XMLEventFactory.<init> (0x000078e2e04fa008) [0x000078e2e04fa100, 0x000078e2e04fa1f8] Compiler: c1, Barriers: 0, Oops: 0, ImmediateOops: 0, NonImmediateOops: No
[2,609s][debug][gc,nmethod     ] Register NMethod: javax.xml.stream.FactoryFinder.findServiceProvider (0x000078e2e04fa308) [0x000078e2e04fa400, 0x000078e2e04faaf0] Compiler: c1, Barriers: 8, Oops: 0, ImmediateOops: 1, NonImmediateOops: No
[2,609s][debug][gc,nmethod     ] Register NMethod: com.sun.xml.internal.stream.events.XMLEventFactoryImpl.<init> (0x000078e2e04fab08) [0x000078e2e04fac00, 0x000078e2e04fad78] Compiler: c1, Barriers: 3, Oops: 0, ImmediateOops: 0, NonImmediateOops: No
[2,610s][debug][gc,nmethod     ] Register NMethod: javax.xml.stream.FactoryFinder.find (0x000078e2e04fae08) [0x000078e2e04faf00, 0x000078e2e04fbad0] Compiler: c1, Barriers: 14, Oops: 2, ImmediateOops: 12, NonImmediateOops: No
[2,610s][debug][gc,nmethod     ] Register NMethod: javax.xml.stream.FactoryFinder.newInstance (0x000078e2e04fbb08) [0x000078e2e04fbc00, 0x000078e2e04fca18] Compiler: c1, Barriers: 13, Oops: 1, ImmediateOops: 9, NonImmediateOops: No
[2,610s][debug][gc,nmethod     ] Register NMethod: io.sirix.access.trx.node.xml.ForwardingXmlNodeReadOnlyTrx.moveToParent (0x000078e2feda4c88) [0x000078e2feda4d80, 0x000078e2feda5bd0] Compiler: jvmci, Barriers: 25, Oops: 2, ImmediateOops: 1, NonImmediateOops: No
[2,611s][debug][gc,nmethod     ] Register NMethod: it.unimi.dsi.fastutil.longs.LongArrayList.getLong (0x000078e2feda5c08) [0x000078e2feda5d00, 0x000078e2feda5e30] Compiler: jvmci, Barriers: 1, Oops: 1, ImmediateOops: 0, NonImmediateOops: No
[2,612s][debug][gc,nmethod     ] Register NMethod: it.unimi.dsi.fastutil.ints.AbstractInt2ObjectFunction.<init> (0x000078e2e04fca88) [0x000078e2e04fcb80, 0x000078e2e04fcc78] Compiler: c1, Barriers: 0, Oops: 1, ImmediateOops: 0, NonImmediateOops: No
[2,612s][debug][gc,nmethod     ] Register NMethod: it.unimi.dsi.fastutil.ints.AbstractInt2ObjectMap.<init> (0x000078e2e04fcd88) [0x000078e2e04fce80, 0x000078e2e04fcf78] Compiler: c1, Barriers: 0, Oops: 1, ImmediateOops: 0, NonImmediateOops: No
[2,613s][debug][gc,nmethod     ] Register NMethod: java.util.LinkedList.get (0x000078e2e04fd088) [0x000078e2e04fd180, 0x000078e2e04fd570] Compiler: c1, Barriers: 1, Oops: 0, ImmediateOops: 0, NonImmediateOops: No
[2,616s][debug][gc,nmethod     ] Register NMethod: io.sirix.axis.DescendantAxis.nextKey (0x000078e2feda5f08) [0x000078e2feda6000, 0x000078e2feda8fb0] Compiler: jvmci, Barriers: 63, Oops: 1, ImmediateOops: 1, NonImmediateOops: No
[2,617s][debug][gc,director    ] Rule Major: Warmup 10%, Used: 486MB, UsedThreshold: 1228MB
[2,617s][debug][gc,nmethod     ] Register NMethod: io.sirix.diff.algorithm.fmse.FMSE.markOutOfOrder (0x000078e2e04fd588) [0x000078e2e04fd680, 0x000078e2e04fe928] Compiler: c1, Barriers: 1, Oops: 1, ImmediateOops: 2, NonImmediateOops: No
[2,618s][debug][gc,nmethod     ] Register NMethod: io.sirix.diff.algorithm.fmse.FMSE.commonChildren (0x000078e2e04fe988) [0x000078e2e04fea80, 0x000078e2e05019d8] Compiler: c1, Barriers: 4, Oops: 1, ImmediateOops: 1, NonImmediateOops: No
[2,618s][debug][gc,nmethod     ] Register NMethod: io.sirix.access.trx.node.xml.ForwardingXmlNodeReadOnlyTrx.hasRightSibling (0x000078e2feda9008) [0x000078e2feda9100, 0x000078e2feda9940] Compiler: jvmci, Barriers: 12, Oops: 1, ImmediateOops: 0, NonImmediateOops: No
[2,618s][debug][gc,nmethod     ] Register NMethod: java.util.LinkedList$ListItr.hasNext (0x000078e2e0501a08) [0x000078e2e0501b00, 0x000078e2e0501c90] Compiler: c1, Barriers: 1, Oops: 0, ImmediateOops: 0, NonImmediateOops: No
[2,619s][debug][gc,nmethod     ] Register NMethod: io.sirix.diff.algorithm.fmse.Matching.contains (0x000078e2e0501d08) [0x000078e2e0501e00, 0x000078e2e05028b8] Compiler: c1, Barriers: 2, Oops: 1, ImmediateOops: 0, NonImmediateOops: No
[2,621s][debug][gc,nmethod     ] Register NMethod: io.sirix.access.trx.node.AbstractNodeHashing.setRemoveDescendants (0x000078e2e0502908) [0x000078e2e0502a00, 0x000078e2e0502da0] Compiler: c1, Barriers: 1, Oops: 1, ImmediateOops: 0, NonImmediateOops: No
[2,622s][debug][gc,nmethod     ] Register NMethod: io.sirix.access.trx.node.AbstractNodeReadOnlyTrx.moveTo (0x000078e2feda9988) [0x000078e2feda9a80, 0x000078e2fedaa3a0] Compiler: jvmci, Barriers: 15, Oops: 2, ImmediateOops: 1, NonImmediateOops: No
[2,622s][debug][gc,nmethod     ] Register NMethod: io.sirix.node.DeletedNode.delegate (0x000078e2fedaa408) [0x000078e2fedaa500, 0x000078e2fedaa5e8] Compiler: c1, Barriers: 1, Oops: 1, ImmediateOops: 0, NonImmediateOops: No
[2,623s][debug][gc,nmethod     ] Register NMethod: io.sirix.axis.visitor.VisitorDescendantAxis.nextKey (0x000078e2e001ec88) [0x000078e2e001ed80, 0x000078e2e0024478] Compiler: c1, Barriers: 8, Oops: 1, ImmediateOops: 11, NonImmediateOops: No
[2,623s][debug][gc,nmethod     ] Register NMethod: io.sirix.page.NamePage.getName (0x000078e2fedaa708) [0x000078e2fedaa800, 0x000078e2fedaac90] Compiler: jvmci, Barriers: 12, Oops: 1, ImmediateOops: 0, NonImmediateOops: No
[2,623s][debug][gc,nmethod     ] Register NMethod: io.sirix.access.trx.page.NodePageReadOnlyTrx.getRevisionNumber (0x000078e2e0502e08) [0x000078e2e0502f00, 0x000078e2e0503108] Compiler: c1, Barriers: 1, Oops: 1, ImmediateOops: 1, NonImmediateOops: No
[2,625s][debug][gc,nmethod     ] Register NMethod: it.unimi.dsi.fastutil.longs.LongIterator.next (0x000078e2e0503188) [0x000078e2e0503280, 0x000078e2e05033e8] Compiler: c1, Barriers: 0, Oops: 1, ImmediateOops: 0, NonImmediateOops: No
[2,625s][debug][gc,nmethod     ] Register NMethod: io.sirix.index.path.summary.PathNode.getKind (0x000078e2e0503488) [0x000078e2e0503580, 0x000078e2e0503688] Compiler: c1, Barriers: 0, Oops: 1, ImmediateOops: 1, NonImmediateOops: No
[2,625s][debug][gc,nmethod     ] Register NMethod: it.unimi.dsi.fastutil.longs.LongIterator.next (0x000078e2e0503788) [0x000078e2e0503880, 0x000078e2e0503a18] Compiler: c1, Barriers: 0, Oops: 1, ImmediateOops: 0, NonImmediateOops: No
[2,625s][debug][gc,nmethod     ] Register NMethod: io.sirix.index.name.Names.removeName (0x000078e2e0503a88) [0x000078e2e0503b80, 0x000078e2e05040a0] Compiler: c1, Barriers: 5, Oops: 1, ImmediateOops: 2, NonImmediateOops: No
[2,625s][debug][gc,nmethod     ] Register NMethod: io.sirix.page.NamePage.removeName (0x000078e2e0504108) [0x000078e2e0504200, 0x000078e2e0504b28] Compiler: c1, Barriers: 25, Oops: 1, ImmediateOops: 2, NonImmediateOops: No
[2,626s][debug][gc,nmethod     ] Register NMethod: io.sirix.index.path.summary.PathSummaryReader.getReferences (0x000078e2e0504b88) [0x000078e2e0504c80, 0x000078e2e0505288] Compiler: c1, Barriers: 2, Oops: 1, ImmediateOops: 4, NonImmediateOops: No
[2,627s][debug][gc,nmethod     ] Register NMethod: io.sirix.axis.visitor.DeleteFMSEVisitor.visit (0x000078e2e0505308) [0x000078e2e0505400, 0x000078e2e0507558] Compiler: c1, Barriers: 53, Oops: 2, ImmediateOops: 4, NonImmediateOops: No
[2,627s][debug][gc,nmethod     ] Register NMethod: io.sirix.cache.PageContainer.getCompleteAsUnorderedKeyValuePage (0x000078e2e0507588) [0x000078e2e0507680, 0x000078e2e05077d8] Compiler: c1, Barriers: 1, Oops: 1, ImmediateOops: 0, NonImmediateOops: No
[2,627s][debug][gc,director    ] Rule Major: Warmup 10%, Used: 488MB, UsedThreshold: 1228MB
[2,627s][debug][gc,nmethod     ] Register NMethod: io.sirix.node.DeletedNode.<init> (0x000078e2e0507888) [0x000078e2e0507980, 0x000078e2e0507ba0] Compiler: c1, Barriers: 3, Oops: 1, ImmediateOops: 0, NonImmediateOops: No
[2,628s][debug][gc,nmethod     ] Register NMethod: io.sirix.access.trx.node.xml.XmlNodeTrxImpl.removeName (0x000078e2e0507c08) [0x000078e2e0507d00, 0x000078e2e0508838] Compiler: c1, Barriers: 15, Oops: 2, ImmediateOops: 5, NonImmediateOops: No
[2,628s][debug][gc,nmethod     ] Register NMethod: io.sirix.access.trx.page.NodePageTrx.removeRecord (0x000078e2e0508888) [0x000078e2e0508980, 0x000078e2e0509228] Compiler: c1, Barriers: 9, Oops: 1, ImmediateOops: 2, NonImmediateOops: No
[2,628s][debug][gc,nmethod     ] Register NMethod: io.sirix.access.trx.node.xml.XmlNodeTrxImpl.removeValue (0x000078e2e0509288) [0x000078e2e0509380, 0x000078e2e0509978] Compiler: c1, Barriers: 8, Oops: 2, ImmediateOops: 1, NonImmediateOops: No
[2,628s][debug][gc,nmethod     ] Register NMethod: io.sirix.axis.visitor.DeleteFMSEVisitor.visit (0x000078e2e0509a08) [0x000078e2e0509b00, 0x000078e2e0509c18] Compiler: c1, Barriers: 0, Oops: 1, ImmediateOops: 0, NonImmediateOops: No
[2,628s][debug][gc,nmethod     ] Register NMethod: io.sirix.axis.visitor.DeleteFMSEVisitor.deleteLeaf (0x000078e2e0509d08) [0x000078e2e0509e00, 0x000078e2e050a138] Compiler: c1, Barriers: 2, Oops: 1, ImmediateOops: 2, NonImmediateOops: No
[2,628s][debug][gc,nmethod     ] Register NMethod: io.sirix.page.KeyValueLeafPage.getRevision (0x000078e2fedaad08) [0x000078e2fedaae00, 0x000078e2fedaaec0] Compiler: c1, Barriers: 0, Oops: 1, ImmediateOops: 0, NonImmediateOops: No
[2,628s][debug][gc,nmethod     ] Register NMethod: java.io.OutputStream.flush (0x000078e2e050a188) [0x000078e2e050a280, 0x000078e2e050a378] Compiler: c1, Barriers: 0, Oops: 0, ImmediateOops: 0, NonImmediateOops: No
[2,629s][debug][gc,nmethod     ] Register NMethod: io.sirix.access.trx.page.NodePageTrx.getPageContainer (0x000078e2fedab008) [0x000078e2fedab100, 0x000078e2fedac6f8] Compiler: jvmci, Barriers: 51, Oops: 5, ImmediateOops: 1, NonImmediateOops: No
[2,630s][debug][gc,nmethod     ] Register NMethod: io.sirix.node.NodeKind$9.serialize (0x000078e2e050a488) [0x000078e2e050a580, 0x000078e2e050a678] Compiler: c1, Barriers: 0, Oops: 1, ImmediateOops: 0, NonImmediateOops: No
[2,630s][debug][gc,nmethod     ] Register NMethod: io.sirix.node.DeletedNode.getKind (0x000078e2e050a788) [0x000078e2e050a880, 0x000078e2e050a988] Compiler: c1, Barriers: 0, Oops: 1, ImmediateOops: 1, NonImmediateOops: No
[2,630s][debug][gc,nmethod     ] Register NMethod: io.sirix.node.DeletedNode.getKind (0x000078e2e050aa88) [0x000078e2e050ab80, 0x000078e2e050ac88] Compiler: c1, Barriers: 0, Oops: 1, ImmediateOops: 1, NonImmediateOops: No
[2,631s][debug][gc,nmethod     ] Register NMethod: java.util.concurrent.ConcurrentHashMap$BaseIterator.<init> (0x000078e2e050ad88) [0x000078e2e050ae80, 0x000078e2e050b040] Compiler: c1, Barriers: 3, Oops: 0, ImmediateOops: 0, NonImmediateOops: No
[2,631s][debug][gc,nmethod     ] Register NMethod: io.sirix.page.PageFragmentKeyImpl.key (0x000078e2fedac788) [0x000078e2fedac880, 0x000078e2fedac940] Compiler: c1, Barriers: 0, Oops: 1, ImmediateOops: 0, NonImmediateOops: No
[2,632s][debug][gc,nmethod     ] Register NMethod: io.sirix.page.PageKind$1.serializePage (0x000078e2e050b088) [0x000078e2e050b180, 0x000078e2e0518ec0] Compiler: c1, Barriers: 65, Oops: 7, ImmediateOops: 10, NonImmediateOops: No
[2,637s][debug][gc,director    ] Rule Major: Warmup 10%, Used: 494MB, UsedThreshold: 1228MB
[2,640s][debug][gc,nmethod     ] Register NMethod: io.sirix.index.name.Names.getName (0x000078e2fedaca88) [0x000078e2fedacb80, 0x000078e2fedadec8] Compiler: jvmci, Barriers: 13, Oops: 2, ImmediateOops: 1, NonImmediateOops: No
[2,641s][debug][gc,nmethod     ] Register NMethod: io.sirix.node.xml.ElementNode.hasRightSibling (0x000078e2fedadf08) [0x000078e2fedae000, 0x000078e2fedae2c8] Compiler: jvmci, Barriers: 4, Oops: 1, ImmediateOops: 0, NonImmediateOops: No
[2,642s][debug][gc,nmethod     ] Register NMethod: io.sirix.access.trx.page.NodePageTrx.getRecord (0x000078e2fedae308) [0x000078e2fedae400, 0x000078e2fedafd50] Compiler: jvmci, Barriers: 44, Oops: 5, ImmediateOops: 2, NonImmediateOops: No
[2,643s][debug][gc,nmethod     ] Register NMethod: io.sirix.axis.AbstractAxis.asXmlNodeReadTrx (0x000078e2fedafd88) [0x000078e2fedafe80, 0x000078e2fedb0018] Compiler: jvmci, Barriers: 1, Oops: 1, ImmediateOops: 0, NonImmediateOops: No
[2,643s][debug][gc,nmethod     ] Register NMethod: java.lang.Short.valueOf (0x000078e2fedb0088) [0x000078e2fedb0180, 0x000078e2fedb0260] Compiler: jvmci, Barriers: 1, Oops: 0, ImmediateOops: 1, NonImmediateOops: No
[2,644s][debug][gc,nmethod     ] Register NMethod: it.unimi.dsi.fastutil.shorts.ShortArrayList$1.nextShort (0x000078e2fedb0388) [0x000078e2fedb0480, 0x000078e2fedb0618] Compiler: jvmci, Barriers: 2, Oops: 1, ImmediateOops: 0, NonImmediateOops: No
[2,645s][debug][gc,nmethod     ] Register NMethod: jdk.internal.loader.URLClassPath$JarLoader.findResource (0x000078e2fedb0688) [0x000078e2fedb0780, 0x000078e2fedb0af8] Compiler: jvmci, Barriers: 6, Oops: 0, ImmediateOops: 0, NonImmediateOops: No
[2,646s][debug][gc,nmethod     ] Register NMethod: java.lang.Boolean.valueOf (0x000078e2fedb0b08) [0x000078e2fedb0c00, 0x000078e2fedb0ca0] Compiler: jvmci, Barriers: 0, Oops: 0, ImmediateOops: 2, NonImmediateOops: No
[2,647s][debug][gc,nmethod     ] Register NMethod: io.sirix.cache.BufferManagerImpl.getPageCache (0x000078e2fedb0e08) [0x000078e2fedb0f00, 0x000078e2fedb0fe8] Compiler: c1, Barriers: 1, Oops: 1, ImmediateOops: 0, NonImmediateOops: No
[2,647s][debug][gc,director    ] Rule Major: Warmup 10%, Used: 494MB, UsedThreshold: 1228MB
[2,647s][debug][gc,nmethod     ] Register NMethod: io.sirix.access.trx.node.xml.XmlNodeReadOnlyTrxImpl.getAttributeCount (0x000078e2fedb1108) [0x000078e2fedb1200, 0x000078e2fedb14b0] Compiler: jvmci, Barriers: 2, Oops: 1, ImmediateOops: 0, NonImmediateOops: No
[2,648s][debug][gc,nmethod     ] Register NMethod: io.sirix.node.NodeKind$32.deserialize (0x000078e2e0518f08) [0x000078e2e0519000, 0x000078e2e05191c8] Compiler: c1, Barriers: 0, Oops: 1, ImmediateOops: 0, NonImmediateOops: No
[2,648s][debug][gc,nmethod     ] Register NMethod: com.github.benmanes.caffeine.cache.SSLMW.hitsInSample (0x000078e2fedb1508) [0x000078e2fedb1600, 0x000078e2fedb16c0] Compiler: c1, Barriers: 0, Oops: 1, ImmediateOops: 0, NonImmediateOops: No
[2,649s][debug][gc,nmethod     ] Register NMethod: ch.qos.logback.classic.LoggerContext.getTurboFilterChainDecision_0_3OrMore (0x000078e2e0519208) [0x000078e2e0519300, 0x000078e2e0519510] Compiler: c1, Barriers: 3, Oops: 1, ImmediateOops: 1, NonImmediateOops: No
[2,649s][debug][gc,nmethod     ] Register NMethod: io.sirix.settings.VersioningType$4.combineRecordPages (0x000078e2e0519588) [0x000078e2e0519680, 0x000078e2e051e5a8] Compiler: c1, Barriers: 9, Oops: 1, ImmediateOops: 0, NonImmediateOops: No
[2,650s][debug][gc,nmethod     ] Register NMethod: ch.qos.logback.classic.Logger.filterAndLog_0_Or3Plus (0x000078e2e051e608) [0x000078e2e051e700, 0x000078e2e051e998] Compiler: c1, Barriers: 1, Oops: 1, ImmediateOops: 2, NonImmediateOops: No
[2,650s][debug][gc,nmethod     ] Register NMethod: io.sirix.node.NodeKind$31.deserialize (0x000078e2e051ea08) [0x000078e2e051eb00, 0x000078e2e051ee78] Compiler: c1, Barriers: 3, Oops: 1, ImmediateOops: 0, NonImmediateOops: No
[2,651s][debug][gc,nmethod     ] Register NMethod: io.sirix.access.trx.page.NodePageReadOnlyTrx.getRecord (0x000078e2e051ee88) [0x000078e2e051ef80, 0x000078e2e05209b8] Compiler: c1, Barriers: 4, Oops: 1, ImmediateOops: 3, NonImmediateOops: No
[2,651s][debug][gc,nmethod     ] Register NMethod: io.sirix.settings.VersioningType$4.combineRecordPages (0x000078e2e0520a08) [0x000078e2e0520b00, 0x000078e2e0525748] Compiler: c1, Barriers: 9, Oops: 1, ImmediateOops: 0, NonImmediateOops: No
[2,652s][debug][gc,nmethod     ] Register NMethod: io.sirix.index.path.summary.PathNode.getFirstChild (0x000078e2fedb1808) [0x000078e2fedb1900, 0x000078e2fedb19e8] Compiler: c1, Barriers: 1, Oops: 1, ImmediateOops: 0, NonImmediateOops: No
[2,652s][debug][gc,nmethod     ] Register NMethod: io.sirix.node.delegates.StructNodeDelegate.<init> (0x000078e2e0525788) [0x000078e2e0525880, 0x000078e2e0525ae0] Compiler: c1, Barriers: 3, Oops: 1, ImmediateOops: 1, NonImmediateOops: No
[2,653s][debug][gc,nmethod     ] Register NMethod: com.github.benmanes.caffeine.cache.PS.setValue (0x000078e2e0525b08) [0x000078e2e0525c00, 0x000078e2e0525f70] Compiler: c1, Barriers: 0, Oops: 5, ImmediateOops: 3, NonImmediateOops: No
[2,653s][debug][gc,nmethod     ] Register NMethod: io.sirix.node.NodeKind$13.deserialize (0x000078e2e0526008) [0x000078e2e0526100, 0x000078e2e0526500] Compiler: c1, Barriers: 1, Oops: 1, ImmediateOops: 1, NonImmediateOops: No
[2,653s][debug][gc,nmethod     ] Register NMethod: io.sirix.node.NodeKind.deserializeNodeDelegateWithoutIDs (0x000078e2e0526588) [0x000078e2e0526680, 0x000078e2e0526988] Compiler: c1, Barriers: 1, Oops: 1, ImmediateOops: 0, NonImmediateOops: No
[2,653s][debug][gc,nmethod     ] Register NMethod: io.sirix.node.NodeKind.deserializeStructDel (0x000078e2e0526a08) [0x000078e2e0526b00, 0x000078e2e0527048] Compiler: c1, Barriers: 1, Oops: 1, ImmediateOops: 6, NonImmediateOops: No
[2,653s][debug][gc,nmethod     ] Register NMethod: io.sirix.axis.pathsummary.AbstractAxis.tryToComputeNext (0x000078e2e0527088) [0x000078e2e0527180, 0x000078e2e0527520] Compiler: c1, Barriers: 13, Oops: 1, ImmediateOops: 4, NonImmediateOops: No
[2,653s][debug][gc,nmethod     ] Register NMethod: io.sirix.node.NodeKind.deserializeNameDelegate (0x000078e2e0527588) [0x000078e2e0527680, 0x000078e2e0527988] Compiler: c1, Barriers: 0, Oops: 1, ImmediateOops: 0, NonImmediateOops: No
[2,653s][debug][gc,nmethod     ] Register NMethod: io.sirix.axis.pathsummary.AbstractAxis.next (0x000078e2e0527a08) [0x000078e2e0527b00, 0x000078e2e0527d98] Compiler: c1, Barriers: 4, Oops: 1, ImmediateOops: 1, NonImmediateOops: No
[2,653s][debug][gc,nmethod     ] Register NMethod: java.util.AbstractMap$SimpleEntry.getValue (0x000078e2fedb1b08) [0x000078e2fedb1c00, 0x000078e2fedb1ce8] Compiler: c1, Barriers: 1, Oops: 0, ImmediateOops: 0, NonImmediateOops: No
[2,653s][debug][gc,nmethod     ] Register NMethod: java.util.AbstractMap$SimpleEntry.getKey (0x000078e2fedb1e08) [0x000078e2fedb1f00, 0x000078e2fedb1fe8] Compiler: c1, Barriers: 1, Oops: 0, ImmediateOops: 0, NonImmediateOops: No
[2,654s][debug][gc,nmethod     ] Register NMethod: java.lang.invoke.MethodHandle.linkToSpecial (0x000078e2fedb2108) [0x000078e2fedb2200, 0x000078e2fedb22f8] Compiler: , Barriers: 0, Oops: 0, ImmediateOops: 0, NonImmediateOops: No
[2,654s][debug][gc,nmethod     ] Register NMethod: io.sirix.axis.pathsummary.LevelOrderSettingInMemoryInstancesAxis.nextNode (0x000078e2e0527e08) [0x000078e2e0527f00, 0x000078e2e0528ff8] Compiler: c1, Barriers: 30, Oops: 1, ImmediateOops: 8, NonImmediateOops: No
[2,654s][debug][gc,nmethod     ] Register NMethod: com.github.benmanes.caffeine.cache.BoundedLocalCache$EntryIterator.hasNext (0x000078e2e0529008) [0x000078e2e0529100, 0x000078e2e052a250] Compiler: c1, Barriers: 30, Oops: 9, ImmediateOops: 8, NonImmediateOops: No
[2,654s][debug][gc,nmethod     ] Register NMethod: java.lang.invoke.MethodHandle.invokeBasic (0x000078e2fedb2408) [0x000078e2fedb2500, 0x000078e2fedb2798] Compiler: , Barriers: 0, Oops: 0, ImmediateOops: 0, NonImmediateOops: No
[2,654s][debug][gc,nmethod     ] Register NMethod: java.lang.invoke.MethodHandle.linkToSpecial (0x000078e2fedb2808) [0x000078e2fedb2900, 0x000078e2fedb29f8] Compiler: , Barriers: 0, Oops: 0, ImmediateOops: 0, NonImmediateOops: No
[2,655s][debug][gc,nmethod     ] Register NMethod: java.lang.invoke.MethodHandle.invokeBasic (0x000078e2fedb2b08) [0x000078e2fedb2c00, 0x000078e2fedb2e98] Compiler: , Barriers: 0, Oops: 0, ImmediateOops: 0, NonImmediateOops: No
[2,655s][debug][gc,nmethod     ] Register NMethod: com.github.benmanes.caffeine.cache.BoundedLocalCache$EntryIterator.next (0x000078e2e052a308) [0x000078e2e052a400, 0x000078e2e052a518] Compiler: c1, Barriers: 0, Oops: 1, ImmediateOops: 0, NonImmediateOops: No
[2,655s][debug][gc,nmethod     ] Register NMethod: com.github.benmanes.caffeine.cache.WriteThroughEntry.<init> (0x000078e2e052a608) [0x000078e2e052a700, 0x000078e2e052aa58] Compiler: c1, Barriers: 9, Oops: 1, ImmediateOops: 0, NonImmediateOops: No
[2,655s][debug][gc,nmethod     ] Register NMethod: java.util.AbstractMap$SimpleEntry.<init> (0x000078e2e052aa88) [0x000078e2e052ab80, 0x000078e2e052ad68] Compiler: c1, Barriers: 6, Oops: 0, ImmediateOops: 0, NonImmediateOops: No
[2,655s][debug][gc,nmethod     ] Register NMethod: io.sirix.access.trx.node.xml.XmlNodeReadOnlyTrxImpl.moveToAttribute (0x000078e2fedb2f08) [0x000078e2fedb3000, 0x000078e2fedb4528] Compiler: jvmci, Barriers: 42, Oops: 4, ImmediateOops: 1, NonImmediateOops: No
[2,655s][debug][gc,nmethod     ] Register NMethod: com.github.benmanes.caffeine.cache.BoundedLocalCache$EntryIterator.next (0x000078e2e052ad88) [0x000078e2e052ae80, 0x000078e2e052b588] Compiler: c1, Barriers: 24, Oops: 1, ImmediateOops: 0, NonImmediateOops: No
[2,656s][debug][gc,nmethod     ] Register NMethod: com.github.benmanes.caffeine.cache.BoundedLocalCache$EntryIterator.advance (0x000078e2e052b608) [0x000078e2e052b700, 0x000078e2e052b978] Compiler: c1, Barriers: 9, Oops: 1, ImmediateOops: 0, NonImmediateOops: No
[2,656s][debug][gc,nmethod     ] Register NMethod: java.util.concurrent.ConcurrentHashMap.values (0x000078e2e052b988) [0x000078e2e052ba80, 0x000078e2e052bd18] Compiler: c1, Barriers: 7, Oops: 0, ImmediateOops: 0, NonImmediateOops: No
[2,656s][debug][gc,nmethod     ] Register NMethod: java.util.concurrent.ConcurrentHashMap$ValuesView.iterator (0x000078e2e052bd88) [0x000078e2e052be80, 0x000078e2e052c0a8] Compiler: c1, Barriers: 2, Oops: 0, ImmediateOops: 0, NonImmediateOops: No
[2,656s][debug][gc,nmethod     ] Register NMethod: java.util.concurrent.ConcurrentHashMap$ValueIterator.<init> (0x000078e2e052c108) [0x000078e2e052c200, 0x000078e2e052c318] Compiler: c1, Barriers: 0, Oops: 0, ImmediateOops: 0, NonImmediateOops: No
[2,657s][debug][gc,director    ] Rule Major: Warmup 10%, Used: 496MB, UsedThreshold: 1228MB
[2,657s][debug][gc,nmethod     ] Register NMethod: com.github.benmanes.caffeine.cache.BoundedLocalCache$EntryIterator.hasNext (0x000078e2e052c408) [0x000078e2e052c500, 0x000078e2e0531a28] Compiler: c1, Barriers: 30, Oops: 10, ImmediateOops: 27, NonImmediateOops: No
[2,658s][debug][gc,nmethod     ] Register NMethod: com.github.benmanes.caffeine.cache.BoundedLocalCache$EntryIterator.next (0x000078e2e0531a88) [0x000078e2e0531b80, 0x000078e2e0531e78] Compiler: c1, Barriers: 0, Oops: 1, ImmediateOops: 0, NonImmediateOops: No
[2,658s][debug][gc,nmethod     ] Register NMethod: io.sirix.page.KeyValueLeafPage.getPinCountByTransaction (0x000078e2e0531e88) [0x000078e2e0531f80, 0x000078e2e05328f8] Compiler: c1, Barriers: 1, Oops: 4, ImmediateOops: 2, NonImmediateOops: No
[2,658s][debug][gc,nmethod     ] Register NMethod: cn.danielw.fop.PoolConfig.getShutdownWaitMilliseconds (0x000078e2fedb4588) [0x000078e2fedb4680, 0x000078e2fedb4740] Compiler: c1, Barriers: 0, Oops: 1, ImmediateOops: 0, NonImmediateOops: No
[2,658s][debug][gc,nmethod     ] Register NMethod: java.util.concurrent.ArrayBlockingQueue.poll (0x000078e2e0532988) [0x000078e2e0532a80, 0x000078e2e0532ef0] Compiler: c1, Barriers: 6, Oops: 0, ImmediateOops: 0, NonImmediateOops: No
[2,659s][debug][gc,nmethod     ] Register NMethod: java.util.concurrent.ArrayBlockingQueue.poll (0x000078e2e0532f08) [0x000078e2e0533000, 0x000078e2e0534920] Compiler: c1, Barriers: 6, Oops: 0, ImmediateOops: 0, NonImmediateOops: No
[2,659s][debug][gc,nmethod     ] Register NMethod: java.util.concurrent.ConcurrentHashMap$KeySetView.remove (0x000078e2e0534988) [0x000078e2e0534a80, 0x000078e2e0534c08] Compiler: c1, Barriers: 1, Oops: 0, ImmediateOops: 0, NonImmediateOops: No
[2,659s][debug][gc,nmethod     ] Register NMethod: jdk.internal.foreign.AbstractMemorySegmentImpl.equals (0x000078e2e0534c88) [0x000078e2e0534d80, 0x000078e2e0534ff0] Compiler: c1, Barriers: 0, Oops: 0, ImmediateOops: 0, NonImmediateOops: No
[2,659s][debug][gc,nmethod     ] Register NMethod: jdk.internal.foreign.abi.SharedUtils.checkSymbol (0x000078e2e0535008) [0x000078e2e0535100, 0x000078e2e05355d8] Compiler: c1, Barriers: 0, Oops: 0, ImmediateOops: 4, NonImmediateOops: No
[2,660s][debug][gc,nmethod     ] Register NMethod: com.github.benmanes.caffeine.cache.BoundedLocalCache$EntryIterator.next (0x000078e2e0535608) [0x000078e2e0535700, 0x000078e2e05363e8] Compiler: c1, Barriers: 24, Oops: 1, ImmediateOops: 0, NonImmediateOops: No
[2,660s][debug][gc,nmethod     ] Register NMethod: java.io.FileDescriptor.unregisterCleanup (0x000078e2e0536408) [0x000078e2e0536500, 0x000078e2e0536840] Compiler: c1, Barriers: 4, Oops: 0, ImmediateOops: 0, NonImmediateOops: No
[2,660s][debug][gc,nmethod     ] Register NMethod: java.io.FileDescriptor.close (0x000078e2e0536888) [0x000078e2e0536980, 0x000078e2e0536e48] Compiler: c1, Barriers: 4, Oops: 0, ImmediateOops: 0, NonImmediateOops: No
[2,660s][debug][gc,nmethod     ] Register NMethod: io.sirix.access.trx.node.xml.ForwardingXmlNodeReadOnlyTrx.moveToAttribute (0x000078e2fedb4888) [0x000078e2fedb4980, 0x000078e2fedb5fa0] Compiler: jvmci, Barriers: 43, Oops: 4, ImmediateOops: 1, NonImmediateOops: No
[2,660s][debug][gc,nmethod     ] Register NMethod: org.gradle.internal.remote.internal.hub.protocol.InterHubMessage.<init> (0x000078e2e0536e88) [0x000078e2e0536f80, 0x000078e2e0537078] Compiler: c1, Barriers: 0, Oops: 1, ImmediateOops: 0, NonImmediateOops: No
[2,660s][debug][gc,nmethod     ] Register NMethod: org.gradle.internal.remote.internal.hub.protocol.ChannelIdentifier.hashCode (0x000078e2e0537188) [0x000078e2e0537280, 0x000078e2e05373e0] Compiler: c1, Barriers: 1, Oops: 1, ImmediateOops: 0, NonImmediateOops: No
[2,660s][debug][gc,nmethod     ] Register NMethod: org.gradle.internal.remote.internal.hub.protocol.ChannelMessage.<init> (0x000078e2e0537488) [0x000078e2e0537580, 0x000078e2e0537768] Compiler: c1, Barriers: 6, Oops: 1, ImmediateOops: 0, NonImmediateOops: No
[2,660s][debug][gc,nmethod     ] Register NMethod: org.gradle.internal.remote.internal.hub.queue.MultiEndPointQueue.dispatch (0x000078e2e0537788) [0x000078e2e0537880, 0x000078e2e0537a08] Compiler: c1, Barriers: 1, Oops: 1, ImmediateOops: 0, NonImmediateOops: No
[2,661s][debug][gc,nmethod     ] Register NMethod: org.gradle.internal.dispatch.ProxyDispatchAdapter$DispatchingInvocationHandler.invoke (0x000078e2e0537a88) [0x000078e2e0537b80, 0x000078e2e0538a40] Compiler: c1, Barriers: 26, Oops: 2, ImmediateOops: 16, NonImmediateOops: No
[2,661s][debug][gc,nmethod     ] Register NMethod: com.github.benmanes.caffeine.cache.BoundedLocalCache$EntrySetView.iterator (0x000078e2e0538a88) [0x000078e2e0538b80, 0x000078e2e0538eb0] Compiler: c1, Barriers: 8, Oops: 1, ImmediateOops: 0, NonImmediateOops: No
[2,661s][debug][gc,nmethod     ] Register NMethod: com.github.benmanes.caffeine.cache.BoundedLocalCache$EntryIterator.<init> (0x000078e2e0538f08) [0x000078e2e0539000, 0x000078e2e0539298] Compiler: c1, Barriers: 7, Oops: 1, ImmediateOops: 0, NonImmediateOops: No
[2,661s][debug][gc,nmethod     ] Register NMethod: com.github.benmanes.caffeine.cache.BoundedLocalCache.entrySet (0x000078e2e0539308) [0x000078e2e0539400, 0x000078e2e05396b8] Compiler: c1, Barriers: 7, Oops: 1, ImmediateOops: 0, NonImmediateOops: No
[2,661s][debug][gc,nmethod     ] Register NMethod: java.nio.charset.CharsetDecoder.<init> (0x000078e2e0539708) [0x000078e2e0539800, 0x000078e2e0539920] Compiler: c1, Barriers: 0, Oops: 0, ImmediateOops: 1, NonImmediateOops: No
[2,661s][debug][gc,nmethod     ] Register NMethod: sun.nio.cs.UTF_8.newDecoder (0x000078e2e0539a08) [0x000078e2e0539b20, 0x000078e2e0539cc0] Compiler: c1, Barriers: 0, Oops: 0, ImmediateOops: 0, NonImmediateOops: No
[2,661s][debug][gc,nmethod     ] Register NMethod: sun.nio.cs.UTF_8$Decoder.<init> (0x000078e2e0539d08) [0x000078e2e0539e20, 0x000078e2e0539f48] Compiler: c1, Barriers: 0, Oops: 0, ImmediateOops: 0, NonImmediateOops: No
[2,661s][debug][gc,nmethod     ] Register NMethod: java.nio.charset.CharsetDecoder.implReplaceWith (0x000078e2e053a008) [0x000078e2e053a100, 0x000078e2e053a1f8] Compiler: c1, Barriers: 0, Oops: 0, ImmediateOops: 0, NonImmediateOops: No
[2,661s][debug][gc,nmethod     ] Register NMethod: java.nio.charset.CharsetDecoder.implOnMalformedInput (0x000078e2e053a308) [0x000078e2e053a400, 0x000078e2e053a4f8] Compiler: c1, Barriers: 0, Oops: 0, ImmediateOops: 0, NonImmediateOops: No
[2,661s][debug][gc,nmethod     ] Register NMethod: java.nio.charset.CharsetDecoder.<init> (0x000078e2e053a608) [0x000078e2e053a700, 0x000078e2e053aca8] Compiler: c1, Barriers: 12, Oops: 0, ImmediateOops: 6, NonImmediateOops: No
[2,661s][debug][gc,nmethod     ] Register NMethod: java.nio.charset.CharsetDecoder.onMalformedInput (0x000078e2e053ad08) [0x000078e2e053ae00, 0x000078e2e053b030] Compiler: c1, Barriers: 3, Oops: 0, ImmediateOops: 1, NonImmediateOops: No
[2,661s][debug][gc,nmethod     ] Register NMethod: java.nio.charset.CharsetDecoder.replaceWith (0x000078e2e053b088) [0x000078e2e053b180, 0x000078e2e053b588] Compiler: c1, Barriers: 4, Oops: 0, ImmediateOops: 3, NonImmediateOops: No
[2,661s][debug][gc,nmethod     ] Register NMethod: java.nio.charset.CharsetDecoder.implOnUnmappableCharacter (0x000078e2e053b608) [0x000078e2e053b700, 0x000078e2e053b7f8] Compiler: c1, Barriers: 0, Oops: 0, ImmediateOops: 0, NonImmediateOops: No
[2,662s][debug][gc,nmethod     ] Register NMethod: java.nio.charset.CharsetDecoder.onUnmappableCharacter (0x000078e2e053b908) [0x000078e2e053ba00, 0x000078e2e053bc30] Compiler: c1, Barriers: 3, Oops: 0, ImmediateOops: 1, NonImmediateOops: No
[2,662s][debug][gc,nmethod     ] Register NMethod: jdk.internal.foreign.abi.SharedUtils$1.close (0x000078e2e053bc88) [0x000078e2e053bd80, 0x000078e2e053be78] Compiler: c1, Barriers: 0, Oops: 0, ImmediateOops: 0, NonImmediateOops: No
[2,662s][debug][gc,nmethod     ] Register NMethod: java.lang.invoke.NativeMethodHandle.internalNativeEntryPoint (0x000078e2e053bf88) [0x000078e2e053c080, 0x000078e2e053c1c0] Compiler: c1, Barriers: 1, Oops: 0, ImmediateOops: 0, NonImmediateOops: No
[2,662s][debug][gc,nmethod     ] Register NMethod: java.lang.invoke.LambdaForm$DMH/0x00000000921a0800.invokeStatic (0x000078e2e053c288) [0x000078e2e053c380, 0x000078e2e053c4f8] Compiler: c1, Barriers: 1, Oops: 1, ImmediateOops: 0, NonImmediateOops: No
[2,662s][debug][gc,nmethod     ] Register NMethod: java.lang.StringCoding.countPositives (0x000078e2e053c588) [0x000078e2e053c680, 0x000078e2e053c888] Compiler: c1, Barriers: 0, Oops: 0, ImmediateOops: 0, NonImmediateOops: No
[2,662s][debug][gc,nmethod     ] Register NMethod: java.util.AbstractQueue.<init> (0x000078e2e053c908) [0x000078e2e053ca00, 0x000078e2e053caf8] Compiler: c1, Barriers: 0, Oops: 0, ImmediateOops: 0, NonImmediateOops: No
[2,663s][debug][gc,nmethod     ] Register NMethod: sun.nio.fs.UnixFileModeAttribute.toUnixMode (0x000078e2e053cc08) [0x000078e2e053cd00, 0x000078e2e053d3e8] Compiler: c1, Barriers: 2, Oops: 1, ImmediateOops: 8, NonImmediateOops: No
[2,663s][debug][gc,nmethod     ] Register NMethod: sun.nio.fs.UnixNativeDispatcher.open (0x000078e2e053d408) [0x000078e2e053d500, 0x000078e2e053d720] Compiler: c1, Barriers: 0, Oops: 0, ImmediateOops: 0, NonImmediateOops: No
[2,663s][debug][gc,nmethod     ] Register NMethod: java.nio.channels.spi.AbstractInterruptibleChannel.<init> (0x000078e2e053d788) [0x000078e2e053d880, 0x000078e2e053db78] Compiler: c1, Barriers: 9, Oops: 0, ImmediateOops: 0, NonImmediateOops: No
[2,663s][debug][gc,nmethod     ] Register NMethod: java.nio.channels.spi.AbstractInterruptibleChannel$1.<init> (0x000078e2e053db88) [0x000078e2e053dc80, 0x000078e2e053dea8] Compiler: c1, Barriers: 3, Oops: 0, ImmediateOops: 0, NonImmediateOops: No
[2,663s][debug][gc,nmethod     ] Register NMethod: sun.nio.fs.UnixChannelFactory$Flags.<init> (0x000078e2e053df08) [0x000078e2e053e000, 0x000078e2e053e0f8] Compiler: c1, Barriers: 0, Oops: 0, ImmediateOops: 0, NonImmediateOops: No
[2,663s][debug][gc,nmethod     ] Register NMethod: sun.nio.fs.UnixChannelFactory.newFileChannel (0x000078e2e053e208) [0x000078e2e053e300, 0x000078e2e053e410] Compiler: c1, Barriers: 0, Oops: 0, ImmediateOops: 0, NonImmediateOops: No
[2,664s][debug][gc,nmethod     ] Register NMethod: sun.nio.fs.UnixFileSystemProvider.newFileChannel (0x000078e2e053e508) [0x000078e2e053e600, 0x000078e2e053e978] Compiler: c1, Barriers: 0, Oops: 0, ImmediateOops: 0, NonImmediateOops: No
[2,664s][debug][gc,nmethod     ] Register NMethod: java.io.FileDescriptor.set (0x000078e2e053e988) [0x000078e2e053ea80, 0x000078e2e053edd0] Compiler: c1, Barriers: 4, Oops: 0, ImmediateOops: 0, NonImmediateOops: No
[2,664s][debug][gc,nmethod     ] Register NMethod: java.io.FileDescriptor$1.set (0x000078e2e053ee08) [0x000078e2e053ef00, 0x000078e2e053f278] Compiler: c1, Barriers: 4, Oops: 0, ImmediateOops: 0, NonImmediateOops: No
[2,664s][debug][gc,nmethod     ] Register NMethod: sun.nio.fs.UnixChannelFactory.newFileChannel (0x000078e2e053f288) [0x000078e2e053f380, 0x000078e2e053f918] Compiler: c1, Barriers: 6, Oops: 0, ImmediateOops: 3, NonImmediateOops: No
[2,664s][debug][gc,nmethod     ] Register NMethod: java.io.FileDescriptor$1.setAppend (0x000078e2e053f988) [0x000078e2e053fa80, 0x000078e2e053fb88] Compiler: c1, Barriers: 0, Oops: 0, ImmediateOops: 0, NonImmediateOops: No
[2,664s][debug][gc,nmethod     ] Register NMethod: sun.nio.ch.FileChannelImpl.open (0x000078e2e053fc88) [0x000078e2e053fd80, 0x000078e2e053ff18] Compiler: c1, Barriers: 0, Oops: 0, ImmediateOops: 0, NonImmediateOops: No
[2,664s][debug][gc,nmethod     ] Register NMethod: java.nio.channels.FileChannel.<init> (0x000078e2e053ff88) [0x000078e2e0540080, 0x000078e2e0540388] Compiler: c1, Barriers: 9, Oops: 0, ImmediateOops: 0, NonImmediateOops: No
[2,664s][debug][gc,nmethod     ] Register NMethod: sun.nio.fs.UnixChannelFactory$Flags.toFlags (0x000078e2e0540408) [0x000078e2e0540500, 0x000078e2e0541198] Compiler: c1, Barriers: 1, Oops: 0, ImmediateOops: 5, NonImmediateOops: No
[2,664s][debug][gc,nmethod     ] Register NMethod: sun.nio.ch.NativeThreadSet.<init> (0x000078e2e0541208) [0x000078e2e0541300, 0x000078e2e0541400] Compiler: c1, Barriers: 0, Oops: 0, ImmediateOops: 0, NonImmediateOops: No
[2,664s][debug][gc,nmethod     ] Register NMethod: sun.nio.ch.FileChannelImpl$Closer.<init> (0x000078e2e0541508) [0x000078e2e0541600, 0x000078e2e0541770] Compiler: c1, Barriers: 3, Oops: 0, ImmediateOops: 0, NonImmediateOops: No
[2,664s][debug][gc,nmethod     ] Register NMethod: com.github.benmanes.caffeine.cache.UnboundedLocalCache$UnboundedLocalAsyncCache.cache (0x000078e2e0541808) [0x000078e2e0541900, 0x000078e2e0541a28] Compiler: c1, Barriers: 1, Oops: 1, ImmediateOops: 0, NonImmediateOops: No
[2,664s][debug][gc,nmethod     ] Register NMethod: sun.nio.ch.FileChannelImpl.<init> (0x000078e2e0541b08) [0x000078e2e0541c00, 0x000078e2e0542448] Compiler: c1, Barriers: 30, Oops: 1, ImmediateOops: 2, NonImmediateOops: No
[2,664s][debug][gc,nmethod     ] Register NMethod: sun.nio.fs.UnixChannelFactory.open (0x000078e2e0542488) [0x000078e2e0542580, 0x000078e2e0543218] Compiler: c1, Barriers: 10, Oops: 0, ImmediateOops: 3, NonImmediateOops: No
[2,665s][debug][gc,nmethod     ] Register NMethod: java.nio.Buffer.discardMark (0x000078e2e0543288) [0x000078e2e0543380, 0x000078e2e0543480] Compiler: c1, Barriers: 0, Oops: 0, ImmediateOops: 0, NonImmediateOops: No
[2,666s][debug][gc,nmethod     ] Register NMethod: com.github.benmanes.caffeine.cache.PSMS.getPreviousInAccessOrder (0x000078e2e0543588) [0x000078e2e0543680, 0x000078e2e05437a8] Compiler: c1, Barriers: 1, Oops: 1, ImmediateOops: 0, NonImmediateOops: No
[2,666s][debug][gc,nmethod     ] Register NMethod: com.github.benmanes.caffeine.cache.PSMS.setPreviousInAccessOrder (0x000078e2e0543888) [0x000078e2e0543980, 0x000078e2e0543b20] Compiler: c1, Barriers: 3, Oops: 1, ImmediateOops: 0, NonImmediateOops: No
[2,666s][debug][gc,nmethod     ] Register NMethod: com.github.benmanes.caffeine.cache.PSMS.setNextInAccessOrder (0x000078e2e0543b88) [0x000078e2e0543c80, 0x000078e2e0543e20] Compiler: c1, Barriers: 3, Oops: 1, ImmediateOops: 0, NonImmediateOops: No
[2,666s][debug][gc,nmethod     ] Register NMethod: java.lang.StringConcatHelper.newArrayWithSuffix (0x000078e2e0543e88) [0x000078e2e0543f80, 0x000078e2e0544ed0] Compiler: c1, Barriers: 1, Oops: 0, ImmediateOops: 3, NonImmediateOops: No
[2,666s][debug][gc,nmethod     ] Register NMethod: io.sirix.index.path.summary.PathSummaryReader.lambda$new$0 (0x000078e2e0544f08) [0x000078e2e0545000, 0x000078e2e0545208] Compiler: c1, Barriers: 3, Oops: 1, ImmediateOops: 0, NonImmediateOops: No
[2,666s][debug][gc,nmethod     ] Register NMethod: io.sirix.index.path.summary.PathSummaryReader$$Lambda/0x00000000922c4450.apply (0x000078e2e0545288) [0x000078e2e0545380, 0x000078e2e05455e0] Compiler: c1, Barriers: 3, Oops: 1, ImmediateOops: 0, NonImmediateOops: No
[2,666s][debug][gc,nmethod     ] Register NMethod: io.sirix.access.trx.page.NodePageReadOnlyTrx.getBufferManager (0x000078e2fedb6008) [0x000078e2fedb6100, 0x000078e2fedb61e8] Compiler: c1, Barriers: 1, Oops: 1, ImmediateOops: 0, NonImmediateOops: No
[2,667s][debug][gc,director    ] Rule Major: Warmup 10%, Used: 498MB, UsedThreshold: 1228MB
[2,668s][debug][gc,nmethod     ] Register NMethod: java.nio.CharBuffer.flip (0x000078e2e0545608) [0x000078e2e0545700, 0x000078e2e0545810] Compiler: c1, Barriers: 0, Oops: 0, ImmediateOops: 0, NonImmediateOops: No
[2,668s][debug][gc,nmethod     ] Register NMethod: java.nio.CharBuffer.allocate (0x000078e2e0545908) [0x000078e2e0545a00, 0x000078e2e0545ba8] Compiler: c1, Barriers: 0, Oops: 0, ImmediateOops: 0, NonImmediateOops: No
[2,668s][debug][gc,nmethod     ] Register NMethod: java.util.concurrent.locks.AbstractQueuedSynchronizer$ConditionObject.signalAll (0x000078e2e0545c08) [0x000078e2e0545d00, 0x000078e2e0545f80] Compiler: c1, Barriers: 2, Oops: 0, ImmediateOops: 0, NonImmediateOops: No
[2,668s][debug][gc,nmethod     ] Register NMethod: java.nio.HeapCharBuffer.<init> (0x000078e2e0545f88) [0x000078e2e0546080, 0x000078e2e0546260] Compiler: c1, Barriers: 0, Oops: 0, ImmediateOops: 0, NonImmediateOops: No
[2,668s][debug][gc,nmethod     ] Register NMethod: org.gradle.internal.serialize.kryo.KryoBackedEncoder.writeString (0x000078e2e0546288) [0x000078e2e0546380, 0x000078e2e05465a0] Compiler: c1, Barriers: 1, Oops: 1, ImmediateOops: 1, NonImmediateOops: No
[2,668s][debug][gc,nmethod     ] Register NMethod: org.gradle.internal.time.TimeSource$1.nanoTime (0x000078e2e0546608) [0x000078e2e0546700, 0x000078e2e0546808] Compiler: c1, Barriers: 0, Oops: 1, ImmediateOops: 0, NonImmediateOops: No
[2,668s][debug][gc,nmethod     ] Register NMethod: org.gradle.api.internal.tasks.testing.worker.TestEventSerializer$IdSerializer.write (0x000078e2e0546908) [0x000078e2e0546a00, 0x000078e2e0546d50] Compiler: c1, Barriers: 4, Oops: 1, ImmediateOops: 0, NonImmediateOops: No
[2,668s][debug][gc,nmethod     ] Register NMethod: org.gradle.api.internal.tasks.testing.worker.TestEventSerializer$IdSerializer.write (0x000078e2e0546d88) [0x000078e2e0546e80, 0x000078e2e0547198] Compiler: c1, Barriers: 4, Oops: 1, ImmediateOops: 0, NonImmediateOops: No
[2,668s][debug][gc,nmethod     ] Register NMethod: org.gradle.internal.remote.internal.hub.DefaultMethodArgsSerializer$ArraySerializer.write (0x000078e2e0547208) [0x000078e2e0547300, 0x000078e2e0547588] Compiler: c1, Barriers: 3, Oops: 1, ImmediateOops: 0, NonImmediateOops: No
[2,668s][debug][gc,nmethod     ] Register NMethod: org.gradle.internal.remote.internal.hub.MessageHub.assertRunning (0x000078e2e0547608) [0x000078e2e0547700, 0x000078e2e0547eb0] Compiler: c1, Barriers: 15, Oops: 2, ImmediateOops: 3, NonImmediateOops: No
[2,668s][debug][gc,nmethod     ] Register NMethod: org.gradle.internal.time.MonotonicClock.getCurrentTime (0x000078e2e0547f08) [0x000078e2e0548000, 0x000078e2e0548310] Compiler: c1, Barriers: 3, Oops: 1, ImmediateOops: 1, NonImmediateOops: No
[2,669s][debug][gc,nmethod     ] Register NMethod: org.gradle.internal.time.MonotonicClock.syncIsDue (0x000078e2e0548388) [0x000078e2e0548480, 0x000078e2e0548618] Compiler: c1, Barriers: 1, Oops: 1, ImmediateOops: 0, NonImmediateOops: No
[2,669s][debug][gc,nmethod     ] Register NMethod: org.gradle.internal.time.MonotonicClock.advance (0x000078e2e0548688) [0x000078e2e0548780, 0x000078e2e05489e0] Compiler: c1, Barriers: 2, Oops: 1, ImmediateOops: 0, NonImmediateOops: No
[2,669s][debug][gc,nmethod     ] Register NMethod: com.esotericsoftware.kryo.io.Output.writeUtf8Length (0x000078e2e0548a08) [0x000078e2e0548b00, 0x000078e2e05491e0] Compiler: c1, Barriers: 5, Oops: 1, ImmediateOops: 0, NonImmediateOops: No
[2,669s][debug][gc,nmethod     ] Register NMethod: org.gradle.internal.remote.internal.hub.MessageHub.access$600 (0x000078e2e0549208) [0x000078e2e0549300, 0x000078e2e0549400] Compiler: c1, Barriers: 0, Oops: 1, ImmediateOops: 0, NonImmediateOops: No
[2,669s][debug][gc,nmethod     ] Register NMethod: org.gradle.internal.remote.internal.hub.InterHubMessageSerializer$MessageWriter.write (0x000078e2e0549508) [0x000078e2e0549600, 0x000078e2e0549748] Compiler: c1, Barriers: 0, Oops: 1, ImmediateOops: 0, NonImmediateOops: No
[2,669s][debug][gc,nmethod     ] Register NMethod: io.sirix.axis.DescendantAxis.nextKey (0x000078e2e0549808) [0x000078e2e0549900, 0x000078e2e054be90] Compiler: c1, Barriers: 5, Oops: 1, ImmediateOops: 2, NonImmediateOops: No
[2,669s][debug][gc,nmethod     ] Register NMethod: org.gradle.internal.remote.internal.hub.MessageHub$ChannelDispatch.dispatch (0x000078e2e054bf08) [0x000078e2e054c000, 0x000078e2e054c618] Compiler: c1, Barriers: 17, Oops: 1, ImmediateOops: 1, NonImmediateOops: No
[2,669s][debug][gc,nmethod     ] Register NMethod: org.gradle.internal.remote.internal.hub.MethodInvocationSerializer$MethodInvocationWriter.writeMethod (0x000078e2e054c688) [0x000078e2e054c780, 0x000078e2e054d848] Compiler: c1, Barriers: 31, Oops: 1, ImmediateOops: 3, NonImmediateOops: No
[2,669s][debug][gc,nmethod     ] Register NMethod: org.gradle.internal.io.StreamByteBuffer$StreamByteBufferChunk.readToNioBuffer (0x000078e2e054d888) [0x000078e2e054d980, 0x000078e2e054db98] Compiler: c1, Barriers: 2, Oops: 1, ImmediateOops: 0, NonImmediateOops: No
[2,669s][debug][gc,nmethod     ] Register NMethod: java.nio.charset.CharsetDecoder.implFlush (0x000078e2e054dc08) [0x000078e2e054dd00, 0x000078e2e054de08] Compiler: c1, Barriers: 0, Oops: 0, ImmediateOops: 1, NonImmediateOops: No
[2,669s][debug][gc,nmethod     ] Register NMethod: java.nio.charset.CharsetDecoder.flush (0x000078e2e054df08) [0x000078e2e054e000, 0x000078e2e054e1a8] Compiler: c1, Barriers: 0, Oops: 0, ImmediateOops: 3, NonImmediateOops: No
[2,670s][debug][gc,nmethod     ] Register NMethod: java.util.stream.ReduceOps$3ReducingSink.accept (0x000078e2fedb6308) [0x000078e2fedb6400, 0x000078e2fedb7228] Compiler: jvmci, Barriers: 30, Oops: 1, ImmediateOops: 1, NonImmediateOops: No
[2,670s][debug][gc,nmethod     ] Register NMethod: org.gradle.internal.remote.internal.hub.InterHubMessageSerializer$MessageWriter.write (0x000078e2e054e208) [0x000078e2e054e300, 0x000078e2e054e7e0] Compiler: c1, Barriers: 6, Oops: 1, ImmediateOops: 0, NonImmediateOops: No
[2,670s][debug][gc,nmethod     ] Register NMethod: org.gradle.internal.io.StreamByteBuffer.clear (0x000078e2e054e808) [0x000078e2e054e900, 0x000078e2e054eb38] Compiler: c1, Barriers: 5, Oops: 1, ImmediateOops: 0, NonImmediateOops: No
[2,670s][debug][gc,nmethod     ] Register NMethod: org.gradle.internal.io.StreamByteBuffer$StreamByteBufferChunk.clear (0x000078e2e054eb88) [0x000078e2e054ec80, 0x000078e2e054ed88] Compiler: c1, Barriers: 0, Oops: 1, ImmediateOops: 0, NonImmediateOops: No
[2,670s][debug][gc,nmethod     ] Register NMethod: java.util.LinkedList.clear (0x000078e2e054ee88) [0x000078e2e054ef80, 0x000078e2e054f3d0] Compiler: c1, Barriers: 17, Oops: 0, ImmediateOops: 0, NonImmediateOops: No
[2,670s][debug][gc,nmethod     ] Register NMethod: org.gradle.internal.remote.internal.hub.queue.EndPointQueue.take (0x000078e2e054f408) [0x000078e2e054f500, 0x000078e2e054f9c8] Compiler: c1, Barriers: 7, Oops: 1, ImmediateOops: 0, NonImmediateOops: No
[2,670s][debug][gc,nmethod     ] Register NMethod: java.nio.CharBuffer.flip (0x000078e2e054fa08) [0x000078e2e054fb00, 0x000078e2e054fc10] Compiler: c1, Barriers: 0, Oops: 0, ImmediateOops: 0, NonImmediateOops: No
[2,670s][debug][gc,nmethod     ] Register NMethod: org.gradle.internal.remote.internal.inet.SocketConnection.dispatch (0x000078e2e054fd08) [0x000078e2e054fe00, 0x000078e2e0551978] Compiler: c1, Barriers: 57, Oops: 2, ImmediateOops: 8, NonImmediateOops: No
[2,670s][debug][gc,nmethod     ] Register NMethod: java.nio.HeapCharBuffer.toString (0x000078e2e0551a08) [0x000078e2e0551b00, 0x000078e2e0551d80] Compiler: c1, Barriers: 1, Oops: 0, ImmediateOops: 0, NonImmediateOops: No
[2,670s][debug][gc,nmethod     ] Register NMethod: org.gradle.internal.remote.internal.inet.SocketConnection$SocketOutputStream.writeWithNonBlockingRetry (0x000078e2e0551d88) [0x000078e2e0551e80, 0x000078e2e05522d0] Compiler: c1, Barriers: 3, Oops: 1, ImmediateOops: 0, NonImmediateOops: No
[2,670s][debug][gc,nmethod     ] Register NMethod: org.gradle.internal.remote.internal.inet.SocketConnection$SocketOutputStream.flush (0x000078e2e0552308) [0x000078e2e0552400, 0x000078e2e0552688] Compiler: c1, Barriers: 2, Oops: 1, ImmediateOops: 0, NonImmediateOops: No
[2,670s][debug][gc,nmethod     ] Register NMethod: org.gradle.internal.remote.internal.inet.SocketConnection$SocketOutputStream.write (0x000078e2e0552708) [0x000078e2e0552800, 0x000078e2e0552bf8] Compiler: c1, Barriers: 3, Oops: 1, ImmediateOops: 0, NonImmediateOops: No
[2,670s][debug][gc,nmethod     ] Register NMethod: jdk.internal.util.DecimalDigits.stringSize (0x000078e2e0552c08) [0x000078e2e0552d00, 0x000078e2e0552eb0] Compiler: c1, Barriers: 0, Oops: 0, ImmediateOops: 0, NonImmediateOops: No
[2,670s][debug][gc,nmethod     ] Register NMethod: org.gradle.api.internal.tasks.testing.redirector.DefaultStandardOutputRedirector$WriteAction.text (0x000078e2e0552f08) [0x000078e2e0553000, 0x000078e2e0553190] Compiler: c1, Barriers: 1, Oops: 1, ImmediateOops: 0, NonImmediateOops: No
[2,670s][debug][gc,nmethod     ] Register NMethod: com.github.benmanes.caffeine.cache.BoundedLocalCache.expirationTicker (0x000078e2fedb7288) [0x000078e2fedb7380, 0x000078e2fedb7410] Compiler: jvmci, Barriers: 0, Oops: 1, ImmediateOops: 1, NonImmediateOops: No
[2,670s][debug][gc,nmethod     ] Register NMethod: com.esotericsoftware.kryo.io.Output.writeByte (0x000078e2e0553208) [0x000078e2e0553300, 0x000078e2e05534b0] Compiler: c1, Barriers: 1, Oops: 1, ImmediateOops: 0, NonImmediateOops: No
[2,671s][debug][gc,nmethod     ] Register NMethod: org.gradle.internal.remote.internal.hub.MethodInvocationSerializer$MethodInvocationWriter.write (0x000078e2e0553508) [0x000078e2e0553600, 0x000078e2e0553748] Compiler: c1, Barriers: 0, Oops: 1, ImmediateOops: 0, NonImmediateOops: No
[2,671s][debug][gc,nmethod     ] Register NMethod: org.gradle.internal.serialize.kryo.TypeSafeSerializer$2.write (0x000078e2e0553808) [0x000078e2e0553900, 0x000078e2e0553bf8] Compiler: c1, Barriers: 3, Oops: 1, ImmediateOops: 0, NonImmediateOops: No
[2,671s][debug][gc,nmethod     ] Register NMethod: org.gradle.internal.remote.internal.hub.MethodInvocationSerializer$MethodInvocationWriter.writeArgs (0x000078e2e0553c08) [0x000078e2e0553d00, 0x000078e2e0553ed8] Compiler: c1, Barriers: 3, Oops: 1, ImmediateOops: 0, NonImmediateOops: No
[2,671s][debug][gc,nmethod     ] Register NMethod: jdk.internal.util.DecimalDigits.uncheckedGetCharsLatin1 (0x000078e2e0553f08) [0x000078e2e0554000, 0x000078e2e05543a0] Compiler: c1, Barriers: 0, Oops: 0, ImmediateOops: 0, NonImmediateOops: No
[2,671s][debug][gc,nmethod     ] Register NMethod: org.gradle.internal.remote.internal.hub.DefaultMethodArgsSerializer$ArraySerializer.write (0x000078e2e0554408) [0x000078e2e0554500, 0x000078e2e0554648] Compiler: c1, Barriers: 0, Oops: 1, ImmediateOops: 0, NonImmediateOops: No
[2,671s][debug][gc,nmethod     ] Register NMethod: org.gradle.api.internal.tasks.testing.redirector.TestOutputRedirector$Forwarder.onOutput (0x000078e2e0554708) [0x000078e2e0554800, 0x000078e2e0554fd8] Compiler: c1, Barriers: 12, Oops: 1, ImmediateOops: 4, NonImmediateOops: No
[2,671s][debug][gc,nmethod     ] Register NMethod: org.gradle.internal.serialize.DefaultSerializerRegistry$TaggedTypeSerializer.write (0x000078e2e0555008) [0x000078e2e0555100, 0x000078e2e05553d0] Compiler: c1, Barriers: 3, Oops: 1, ImmediateOops: 0, NonImmediateOops: No
[2,671s][debug][gc,nmethod     ] Register NMethod: org.gradle.internal.remote.internal.hub.InterHubMessageSerializer$MessageWriter.writeChannelId (0x000078e2e0555408) [0x000078e2e0555500, 0x000078e2e0555ca8] Compiler: c1, Barriers: 14, Oops: 1, ImmediateOops: 2, NonImmediateOops: No
[2,671s][debug][gc,nmethod     ] Register NMethod: org.gradle.internal.remote.internal.hub.MethodInvocationSerializer$MethodInvocationWriter.write (0x000078e2e0555d08) [0x000078e2e0555e00, 0x000078e2e0556720] Compiler: c1, Barriers: 18, Oops: 2, ImmediateOops: 2, NonImmediateOops: No
[2,671s][debug][gc,nmethod     ] Register NMethod: org.gradle.internal.serialize.BaseSerializerFactory$EnumSerializer.write (0x000078e2e0556788) [0x000078e2e0556880, 0x000078e2e0556a58] Compiler: c1, Barriers: 1, Oops: 1, ImmediateOops: 0, NonImmediateOops: No
[2,671s][debug][gc,nmethod     ] Register NMethod: org.gradle.api.internal.tasks.testing.worker.TestEventSerializer$DefaultTestOutputEventSerializer.write (0x000078e2e0556a88) [0x000078e2e0556b80, 0x000078e2e0556f60] Compiler: c1, Barriers: 5, Oops: 1, ImmediateOops: 1, NonImmediateOops: No
[2,671s][debug][gc,nmethod     ] Register NMethod: org.gradle.api.internal.tasks.testing.worker.TestEventSerializer$DefaultTestOutputEventSerializer.write (0x000078e2e0556f88) [0x000078e2e0557080, 0x000078e2e0557498] Compiler: c1, Barriers: 5, Oops: 1, ImmediateOops: 1, NonImmediateOops: No
[2,671s][debug][gc,nmethod     ] Register NMethod: java.lang.String.<init> (0x000078e2e0557508) [0x000078e2e0557600, 0x000078e2e05581c0] Compiler: c1, Barriers: 10, Oops: 0, ImmediateOops: 0, NonImmediateOops: No
[2,672s][debug][gc,nmethod     ] Register NMethod: jdk.proxy1.$Proxy5.output (0x000078e2e0558208) [0x000078e2e0558300, 0x000078e2e0558798] Compiler: c1, Barriers: 7, Oops: 2, ImmediateOops: 1, NonImmediateOops: No
[2,672s][debug][gc,nmethod     ] Register NMethod: io.sirix.access.trx.node.xml.XmlNodeReadOnlyTrxImpl.getNamespaceCount (0x000078e2fedb7588) [0x000078e2fedb7680, 0x000078e2fedb7838] Compiler: jvmci, Barriers: 2, Oops: 1, ImmediateOops: 0, NonImmediateOops: No
[2,672s][debug][gc,nmethod     ] Register NMethod: org.gradle.internal.serialize.DefaultSerializerRegistry$TaggedTypeSerializer.map (0x000078e2e0558808) [0x000078e2e0558900, 0x000078e2e0559358] Compiler: c1, Barriers: 13, Oops: 2, ImmediateOops: 2, NonImmediateOops: No
[2,672s][debug][gc,nmethod     ] Register NMethod: org.gradle.internal.serialize.BaseSerializerFactory$EnumSerializer.write (0x000078e2e0559388) [0x000078e2e0559480, 0x000078e2e0559620] Compiler: c1, Barriers: 1, Oops: 1, ImmediateOops: 0, NonImmediateOops: No
[2,672s][debug][gc,nmethod     ] Register NMethod: org.gradle.api.internal.tasks.testing.DefaultTestOutputEvent.<init> (0x000078e2e0559688) [0x000078e2e0559780, 0x000078e2e0559968] Compiler: c1, Barriers: 6, Oops: 1, ImmediateOops: 0, NonImmediateOops: No
[2,672s][debug][gc,nmethod     ] Register NMethod: org.gradle.internal.io.LinePerThreadBufferingOutputStream.println (0x000078e2e0559988) [0x000078e2e0559a80, 0x000078e2e0559dc8] Compiler: c1, Barriers: 1, Oops: 1, ImmediateOops: 0, NonImmediateOops: No
[2,672s][debug][gc,nmethod     ] Register NMethod: java.lang.invoke.DelegatingMethodHandle$Holder.reinvoke_L (0x000078e2e0559e08) [0x000078e2e0559f00, 0x000078e2e055a0b0] Compiler: c1, Barriers: 1, Oops: 0, ImmediateOops: 0, NonImmediateOops: No
[2,672s][debug][gc,nmethod     ] Register NMethod: org.gradle.internal.io.LinePerThreadBufferingOutputStream.getStream (0x000078e2e055a108) [0x000078e2e055a200, 0x000078e2e055a5c8] Compiler: c1, Barriers: 4, Oops: 1, ImmediateOops: 0, NonImmediateOops: No
[2,672s][debug][gc,nmethod     ] Register NMethod: it.unimi.dsi.fastutil.shorts.AbstractShortList.ensureIndex (0x000078e2fedb7888) [0x000078e2fedb7980, 0x000078e2fedb7a48] Compiler: jvmci, Barriers: 0, Oops: 1, ImmediateOops: 0, NonImmediateOops: No
[2,672s][debug][gc,nmethod     ] Register NMethod: io.brackit.query.util.path.Path.child (0x000078e2e055a608) [0x000078e2e055a700, 0x000078e2e055ab48] Compiler: c1, Barriers: 11, Oops: 1, ImmediateOops: 1, NonImmediateOops: No
[2,672s][debug][gc,nmethod     ] Register NMethod: sun.nio.ch.IOUtil.write (0x000078e2e055ab88) [0x000078e2e055ac80, 0x000078e2e055b0c8] Compiler: c1, Barriers: 0, Oops: 0, ImmediateOops: 0, NonImmediateOops: No
[2,672s][debug][gc,nmethod     ] Register NMethod: java.nio.ByteBuffer.put (0x000078e2e055b108) [0x000078e2e055b200, 0x000078e2e055b570] Compiler: c1, Barriers: 0, Oops: 0, ImmediateOops: 0, NonImmediateOops: No
[2,672s][debug][gc,nmethod     ] Register NMethod: sun.nio.ch.IOUtil.writeFromNativeBuffer (0x000078e2e055b588) [0x000078e2e055b680, 0x000078e2e055be60] Compiler: c1, Barriers: 4, Oops: 0, ImmediateOops: 0, NonImmediateOops: No
[2,672s][debug][gc,nmethod     ] Register NMethod: java.lang.VirtualThread.notifyJvmtiDisableSuspend (0x000078e2fedb7b88) [0x000078e2fedb7c80, 0x000078e2fedb7dd0] Compiler: , Barriers: 0, Oops: 0, ImmediateOops: 1, NonImmediateOops: No
[2,673s][debug][gc,nmethod     ] Register NMethod: java.nio.channels.spi.AbstractSelectableChannel.isBlocking (0x000078e2e055be88) [0x000078e2e055bf80, 0x000078e2e055c090] Compiler: c1, Barriers: 0, Oops: 0, ImmediateOops: 0, NonImmediateOops: No
[2,673s][debug][gc,nmethod     ] Register NMethod: java.nio.MappedByteBuffer.flip (0x000078e2e055c188) [0x000078e2e055c280, 0x000078e2e055c390] Compiler: c1, Barriers: 0, Oops: 0, ImmediateOops: 0, NonImmediateOops: No
[2,673s][debug][gc,nmethod     ] Register NMethod: it.unimi.dsi.fastutil.shorts.ShortArrayList$1.<init> (0x000078e2fedb7e88) [0x000078e2fedb7f80, 0x000078e2fedb8078] Compiler: jvmci, Barriers: 3, Oops: 1, ImmediateOops: 0, NonImmediateOops: No
[2,673s][debug][gc,nmethod     ] Register NMethod: sun.nio.ch.SocketChannelImpl.ensureOpenAndConnected (0x000078e2e055c488) [0x000078e2e055c580, 0x000078e2e055c758] Compiler: c1, Barriers: 0, Oops: 0, ImmediateOops: 0, NonImmediateOops: No
[2,673s][debug][gc,nmethod     ] Register NMethod: org.gradle.internal.io.StreamByteBuffer.readAsCharBuffer (0x000078e2e055c788) [0x000078e2e055c880, 0x000078e2e055d8d0] Compiler: c1, Barriers: 17, Oops: 1, ImmediateOops: 5, NonImmediateOops: No
[2,673s][debug][gc,nmethod     ] Register NMethod: org.gradle.internal.serialize.kryo.KryoBackedEncoder.flush (0x000078e2e055d908) [0x000078e2e055da00, 0x000078e2e055db60] Compiler: c1, Barriers: 1, Oops: 1, ImmediateOops: 0, NonImmediateOops: No
[2,673s][debug][gc,nmethod     ] Register NMethod: sun.nio.ch.SocketChannelImpl.write (0x000078e2e055dc08) [0x000078e2e055dd00, 0x000078e2e055de18] Compiler: c1, Barriers: 0, Oops: 0, ImmediateOops: 0, NonImmediateOops: No
[2,673s][debug][gc,nmethod     ] Register NMethod: sun.nio.ch.SocketChannelImpl.configureSocketNonBlockingIfVirtualThread (0x000078e2e055df08) [0x000078e2e055e000, 0x000078e2e055e438] Compiler: c1, Barriers: 3, Oops: 0, ImmediateOops: 0, NonImmediateOops: No
[2,673s][debug][gc,nmethod     ] Register NMethod: sun.nio.ch.SocketChannelImpl.beginWrite (0x000078e2e055e488) [0x000078e2e055e580, 0x000078e2e055ea38] Compiler: c1, Barriers: 2, Oops: 0, ImmediateOops: 0, NonImmediateOops: No
[2,673s][debug][gc,nmethod     ] Register NMethod: sun.nio.ch.SocketDispatcher.write (0x000078e2e055ea88) [0x000078e2e055eb80, 0x000078e2e055eca0] Compiler: c1, Barriers: 0, Oops: 0, ImmediateOops: 0, NonImmediateOops: No
[2,673s][debug][gc,nmethod     ] Register NMethod: sun.nio.ch.IOUtil.write (0x000078e2e055ed88) [0x000078e2e055ee80, 0x000078e2e055ef98] Compiler: c1, Barriers: 0, Oops: 0, ImmediateOops: 0, NonImmediateOops: No
[2,673s][debug][gc,nmethod     ] Register NMethod: com.github.benmanes.caffeine.cache.BoundedLocalCache.hasExpired (0x000078e2fedb8188) [0x000078e2fedb8280, 0x000078e2fedb8340] Compiler: jvmci, Barriers: 0, Oops: 1, ImmediateOops: 0, NonImmediateOops: No
[2,673s][debug][gc,nmethod     ] Register NMethod: org.gradle.internal.remote.internal.inet.SocketConnection.flush (0x000078e2e055f088) [0x000078e2e055f180, 0x000078e2e055f988] Compiler: c1, Barriers: 14, Oops: 2, ImmediateOops: 2, NonImmediateOops: No
[2,673s][debug][gc,nmethod     ] Register NMethod: java.nio.ByteBuffer.putArray (0x000078e2e055fa08) [0x000078e2e055fb00, 0x000078e2e05600d8] Compiler: c1, Barriers: 5, Oops: 1, ImmediateOops: 3, NonImmediateOops: No
[2,673s][debug][gc,nmethod     ] Register NMethod: java.nio.DirectByteBuffer.compact (0x000078e2e0560108) [0x000078e2e0560200, 0x000078e2e0560320] Compiler: c1, Barriers: 0, Oops: 0, ImmediateOops: 0, NonImmediateOops: No
[2,673s][debug][gc,nmethod     ] Register NMethod: sun.nio.ch.SocketChannelImpl.implWrite (0x000078e2e0560408) [0x000078e2e0560500, 0x000078e2e0561008] Compiler: c1, Barriers: 10, Oops: 0, ImmediateOops: 2, NonImmediateOops: No
[2,674s][debug][gc,nmethod     ] Register NMethod: sun.nio.ch.SocketChannelImpl.endWrite (0x000078e2e0561088) [0x000078e2e0561180, 0x000078e2e05614c8] Compiler: c1, Barriers: 1, Oops: 0, ImmediateOops: 0, NonImmediateOops: No
[2,674s][debug][gc,nmethod     ] Register NMethod: org.gradle.internal.serialize.kryo.KryoBackedEncoder.writeByte (0x000078e2e0561508) [0x000078e2e0561600, 0x000078e2e0561760] Compiler: c1, Barriers: 1, Oops: 1, ImmediateOops: 0, NonImmediateOops: No
[2,674s][debug][gc,nmethod     ] Register NMethod: com.esotericsoftware.kryo.io.Output.flush (0x000078e2e0561808) [0x000078e2e0561900, 0x000078e2e0561bc8] Compiler: c1, Barriers: 2, Oops: 1, ImmediateOops: 0, NonImmediateOops: No
[2,674s][debug][gc,nmethod     ] Register NMethod: java.lang.invoke.LambdaForm$MH/0x0000000092280000.invoke (0x000078e2e0561c08) [0x000078e2e0561d00, 0x000078e2e0561ef0] Compiler: c1, Barriers: 2, Oops: 1, ImmediateOops: 0, NonImmediateOops: No
[2,674s][debug][gc,nmethod     ] Register NMethod: java.lang.invoke.DirectMethodHandle$Holder.invokeSpecial (0x000078e2e0561f08) [0x000078e2e0562000, 0x000078e2e0562180] Compiler: c1, Barriers: 1, Oops: 0, ImmediateOops: 0, NonImmediateOops: No
[2,674s][debug][gc,nmethod     ] Register NMethod: org.gradle.internal.remote.internal.inet.SocketConnection$SocketOutputStream.writeBufferToChannel (0x000078e2e0562208) [0x000078e2e0562300, 0x000078e2e0562528] Compiler: c1, Barriers: 2, Oops: 1, ImmediateOops: 0, NonImmediateOops: No
[2,674s][debug][gc,nmethod     ] Register NMethod: org.gradle.internal.remote.internal.hub.queue.MultiEndPointQueue.empty (0x000078e2e0562588) [0x000078e2e0562680, 0x000078e2e0562808] Compiler: c1, Barriers: 1, Oops: 1, ImmediateOops: 0, NonImmediateOops: No
[2,674s][debug][gc,nmethod     ] Register NMethod: java.nio.channels.FileChannel.open (0x000078e2e0562888) [0x000078e2e0562980, 0x000078e2e0562c18] Compiler: c1, Barriers: 3, Oops: 0, ImmediateOops: 2, NonImmediateOops: No
[2,674s][debug][gc,nmethod     ] Register NMethod: java.lang.StringConcatHelper$Concat1.concat (0x000078e2e0562c88) [0x000078e2e0562d80, 0x000078e2e05633e8] Compiler: c1, Barriers: 8, Oops: 0, ImmediateOops: 4, NonImmediateOops: No
[2,674s][debug][gc,nmethod     ] Register NMethod: java.nio.channels.FileChannel.open (0x000078e2e0563408) [0x000078e2e0563500, 0x000078e2e05636b8] Compiler: c1, Barriers: 2, Oops: 0, ImmediateOops: 0, NonImmediateOops: No
[2,674s][debug][gc,nmethod     ] Register NMethod: java.nio.DirectByteBuffer.compact (0x000078e2e0563708) [0x000078e2e0563800, 0x000078e2e0563d30] Compiler: c1, Barriers: 5, Oops: 1, ImmediateOops: 3, NonImmediateOops: No
[2,674s][debug][gc,nmethod     ] Register NMethod: io.sirix.page.KeyValueLeafPage.updateLastSlotIndex (0x000078e2fedb8488) [0x000078e2fedb8580, 0x000078e2fedb8798] Compiler: jvmci, Barriers: 2, Oops: 1, ImmediateOops: 0, NonImmediateOops: No
[2,674s][debug][gc,nmethod     ] Register NMethod: io.brackit.query.atomic.QNm.toString (0x000078e2e0563d88) [0x000078e2e0563e80, 0x000078e2e05646c0] Compiler: c1, Barriers: 9, Oops: 6, ImmediateOops: 13, NonImmediateOops: No
[2,675s][debug][gc,nmethod     ] Register NMethod: io.brackit.query.util.path.Path$Step.toString (0x000078e2e0564708) [0x000078e2e0564800, 0x000078e2e05652d0] Compiler: c1, Barriers: 10, Oops: 1, ImmediateOops: 26, NonImmediateOops: No
[2,676s][debug][gc,nmethod     ] Register NMethod: java.io.FilterOutputStream.write (0x000078e2e0565308) [0x000078e2e0565400, 0x000078e2e0565710] Compiler: c1, Barriers: 0, Oops: 0, ImmediateOops: 0, NonImmediateOops: No
[2,676s][debug][gc,nmethod     ] Register NMethod: java.util.BitSet.valueOf (0x000078e2e0565788) [0x000078e2e0565880, 0x000078e2e05659a0] Compiler: c1, Barriers: 0, Oops: 0, ImmediateOops: 0, NonImmediateOops: No
[2,676s][debug][gc,nmethod     ] Register NMethod: java.nio.HeapByteBuffer.<init> (0x000078e2e0565a88) [0x000078e2e0565b80, 0x000078e2e0565cf0] Compiler: c1, Barriers: 0, Oops: 0, ImmediateOops: 0, NonImmediateOops: No
[2,676s][debug][gc,nmethod     ] Register NMethod: java.nio.HeapByteBuffer.slice (0x000078e2e0565d88) [0x000078e2e0565e80, 0x000078e2e05660b8] Compiler: c1, Barriers: 2, Oops: 0, ImmediateOops: 0, NonImmediateOops: No
[2,676s][debug][gc,nmethod     ] Register NMethod: io.sirix.page.SerializationType.deserializeBitSet (0x000078e2e0566108) [0x000078e2e0566200, 0x000078e2e0566480] Compiler: c1, Barriers: 0, Oops: 1, ImmediateOops: 0, NonImmediateOops: No
[2,676s][debug][gc,nmethod     ] Register NMethod: java.util.BitSet.<init> (0x000078e2e0566508) [0x000078e2e0566600, 0x000078e2e05667a8] Compiler: c1, Barriers: 3, Oops: 0, ImmediateOops: 0, NonImmediateOops: No
[2,677s][debug][gc,nmethod     ] Register NMethod: java.util.ArrayList.toArray (0x000078e2fedb8808) [0x000078e2fedb8900, 0x000078e2fedb8c00] Compiler: jvmci, Barriers: 7, Oops: 0, ImmediateOops: 0, NonImmediateOops: No
[2,677s][debug][gc,nmethod     ] Register NMethod: java.util.BitSet.valueOf (0x000078e2e0566808) [0x000078e2e0566900, 0x000078e2e0566f10] Compiler: c1, Barriers: 3, Oops: 0, ImmediateOops: 1, NonImmediateOops: No
[2,677s][debug][gc,director    ] Rule Major: Warmup 10%, Used: 500MB, UsedThreshold: 1228MB
[2,680s][debug][gc,nmethod     ] Register NMethod: io.sirix.page.KeyValueLeafPage.getNumberOfNonNullEntries (0x000078e2fedb8c08) [0x000078e2fedb8d00, 0x000078e2fedb90d0] Compiler: jvmci, Barriers: 3, Oops: 1, ImmediateOops: 0, NonImmediateOops: No
[2,681s][debug][gc,nmethod     ] Register NMethod: io.sirix.page.KeyValueLeafPage.findFreeSpaceForSlots (0x000078e2fedb9108) [0x000078e2fedb9200, 0x000078e2fedb9408] Compiler: jvmci, Barriers: 2, Oops: 1, ImmediateOops: 0, NonImmediateOops: No
[2,684s][debug][gc,nmethod     ] Register NMethod: io.sirix.page.KeyValueLeafPage.updateFreeSpaceStart (0x000078e2fedb9488) [0x000078e2fedb9580, 0x000078e2fedb9900] Compiler: jvmci, Barriers: 4, Oops: 1, ImmediateOops: 0, NonImmediateOops: No
[2,687s][debug][gc,nmethod     ] Register NMethod: io.sirix.node.MemorySegmentBytesIn.readByte (0x000078e2fedb9988) [0x000078e2fedb9a80, 0x000078e2fedb9cf8] Compiler: jvmci, Barriers: 4, Oops: 1, ImmediateOops: 0, NonImmediateOops: No
[2,687s][debug][gc,director    ] Rule Major: Warmup 10%, Used: 502MB, UsedThreshold: 1228MB
[2,689s][debug][gc,nmethod     ] Register NMethod: com.sun.org.apache.xerces.internal.util.XMLStringBuffer.<init> (0x000078e2e0566f88) [0x000078e2e0567080, 0x000078e2e0567280] Compiler: c1, Barriers: 3, Oops: 0, ImmediateOops: 0, NonImmediateOops: No
[2,689s][debug][gc,nmethod     ] Register NMethod: com.sun.org.apache.xerces.internal.util.ParserConfigurationSettings.checkProperty (0x000078e2e0567288) [0x000078e2e0567380, 0x000078e2e0567620] Compiler: c1, Barriers: 3, Oops: 0, ImmediateOops: 2, NonImmediateOops: No
[2,689s][debug][gc,nmethod     ] Register NMethod: com.sun.org.apache.xerces.internal.util.SymbolTable.addSymbol0 (0x000078e2e0567688) [0x000078e2e0567780, 0x000078e2e0567eb0] Compiler: c1, Barriers: 14, Oops: 0, ImmediateOops: 0, NonImmediateOops: No
[2,690s][debug][gc,nmethod     ] Register NMethod: com.sun.org.apache.xerces.internal.parsers.AbstractDOMParser.endElement (0x000078e2e0567f08) [0x000078e2e0568000, 0x000078e2e0569460] Compiler: c1, Barriers: 38, Oops: 0, ImmediateOops: 3, NonImmediateOops: No
[2,690s][debug][gc,nmethod     ] Register NMethod: com.sun.org.apache.xerces.internal.parsers.AbstractDOMParser.characters (0x000078e2e0569488) [0x000078e2e0569580, 0x000078e2e056a960] Compiler: c1, Barriers: 37, Oops: 0, ImmediateOops: 1, NonImmediateOops: No
[2,690s][debug][gc,nmethod     ] Register NMethod: com.sun.org.apache.xerces.internal.util.FeatureState.is (0x000078e2e056a988) [0x000078e2e056aa80, 0x000078e2e056ac30] Compiler: c1, Barriers: 3, Oops: 0, ImmediateOops: 1, NonImmediateOops: No
[2,691s][debug][gc,nmethod     ] Register NMethod: io.sirix.page.KeyValueLeafPage.setData (0x000078e2fedb9d08) [0x000078e2fedb9e00, 0x000078e2fedbcc10] Compiler: jvmci, Barriers: 36, Oops: 4, ImmediateOops: 3, NonImmediateOops: No
[2,691s][debug][gc,nmethod     ] Register NMethod: java.util.ArrayList.<init> (0x000078e2fedbcc88) [0x000078e2fedbcd80, 0x000078e2fedbd3c8] Compiler: jvmci, Barriers: 16, Oops: 0, ImmediateOops: 1, NonImmediateOops: No
[2,691s][debug][gc,nmethod     ] Register NMethod: com.sun.org.apache.xerces.internal.util.XMLChar.isSpace (0x000078e2fedbd408) [0x000078e2fedbd500, 0x000078e2fedbd608] Compiler: jvmci, Barriers: 0, Oops: 0, ImmediateOops: 1, NonImmediateOops: No
[2,692s][debug][gc,nmethod     ] Register NMethod: com.sun.org.apache.xerces.internal.parsers.AbstractDOMParser.startElement (0x000078e2e056ac88) [0x000078e2e056ad80, 0x000078e2e056e308] Compiler: c1, Barriers: 82, Oops: 3, ImmediateOops: 16, NonImmediateOops: No
[2,693s][debug][gc,nmethod     ] Register NMethod: java.util.concurrent.ForkJoinPool.runWorker (0x000078e2fedbd708) [0x000078e2fedbd800, 0x000078e2fedc7ec0] Compiler: jvmci, Barriers: 298, Oops: 2, ImmediateOops: 6, NonImmediateOops: No
[2,693s][debug][gc,nmethod     ] Register NMethod: io.sirix.access.trx.node.xml.XmlNodeHashing.getCurrentNode (0x000078e2fedc7f08) [0x000078e2fedc8000, 0x000078e2fedc8220] Compiler: jvmci, Barriers: 2, Oops: 1, ImmediateOops: 0, NonImmediateOops: No
[2,693s][debug][gc,nmethod     ] Register NMethod: java.lang.StringBuffer.append (0x000078e2e056e388) [0x000078e2e056e480, 0x000078e2e056e778] Compiler: c1, Barriers: 3, Oops: 0, ImmediateOops: 0, NonImmediateOops: No
[2,693s][debug][gc,nmethod     ] Register NMethod: java.lang.StringConcatHelper.prepend (0x000078e2e056e788) [0x000078e2e056e880, 0x000078e2e056ffd0] Compiler: c1, Barriers: 3, Oops: 0, ImmediateOops: 0, NonImmediateOops: No
[2,693s][debug][gc,nmethod     ] Register NMethod: jdk.internal.misc.Unsafe.weakCompareAndSetLongRelease (0x000078e2fedc8288) [0x000078e2fedc8380, 0x000078e2fedc8410] Compiler: jvmci, Barriers: 0, Oops: 0, ImmediateOops: 0, NonImmediateOops: No
[2,693s][debug][gc,nmethod     ] Register NMethod: java.util.Arrays$ArrayList.toArray (0x000078e2e0570008) [0x000078e2e0570100, 0x000078e2e0570268] Compiler: c1, Barriers: 1, Oops: 0, ImmediateOops: 1, NonImmediateOops: No
[2,694s][debug][gc,nmethod     ] Register NMethod: com.sun.org.apache.xerces.internal.util.ParserConfigurationSettings.getFeatureState (0x000078e2e0570308) [0x000078e2e0570400, 0x000078e2e0570840] Compiler: c1, Barriers: 8, Oops: 0, ImmediateOops: 2, NonImmediateOops: No
[2,694s][debug][gc,nmethod     ] Register NMethod: com.sun.org.apache.xerces.internal.parsers.XML11Configuration.checkProperty (0x000078e2e0570888) [0x000078e2e0570980, 0x000078e2e0570f30] Compiler: c1, Barriers: 5, Oops: 2, ImmediateOops: 13, NonImmediateOops: No
[2,694s][debug][gc,nmethod     ] Register NMethod: java.util.concurrent.atomic.LongAdder.add (0x000078e2fedc8588) [0x000078e2fedc8680, 0x000078e2fedc87a0] Compiler: jvmci, Barriers: 1, Oops: 0, ImmediateOops: 0, NonImmediateOops: No
[2,694s][debug][gc,nmethod     ] Register NMethod: io.sirix.access.trx.node.AbstractNodeReadOnlyTrx.hasParent (0x000078e2fedc8888) [0x000078e2fedc8980, 0x000078e2fedc8f60] Compiler: jvmci, Barriers: 10, Oops: 1, ImmediateOops: 0, NonImmediateOops: No
[2,694s][debug][gc,nmethod     ] Register NMethod: com.sun.java_cup.internal.runtime.lr_parser.getScanner (0x000078e2fedc8f88) [0x000078e2fedc9080, 0x000078e2fedc9168] Compiler: c1, Barriers: 1, Oops: 0, ImmediateOops: 0, NonImmediateOops: No
[2,695s][debug][gc,nmethod     ] Register NMethod: java.util.stream.IntPipeline.forEachWithCancel (0x000078e2e0570f88) [0x000078e2e0571080, 0x000078e2e05714a0] Compiler: c1, Barriers: 0, Oops: 0, ImmediateOops: 3, NonImmediateOops: No
[2,695s][debug][gc,nmethod     ] Register NMethod: java.util.concurrent.atomic.Striped64.casBase (0x000078e2fedc9288) [0x000078e2fedc9380, 0x000078e2fedc9410] Compiler: jvmci, Barriers: 0, Oops: 0, ImmediateOops: 0, NonImmediateOops: No
[2,695s][debug][gc,nmethod     ] Register NMethod: com.sun.org.apache.bcel.internal.generic.MethodGen$$Lambda/0x0000000092305bf0.applyAsInt (0x000078e2e0571508) [0x000078e2e0571600, 0x000078e2e0571730] Compiler: c1, Barriers: 0, Oops: 0, ImmediateOops: 0, NonImmediateOops: No
[2,695s][debug][gc,nmethod     ] Register NMethod: io.sirix.access.trx.node.xml.ForwardingXmlNodeReadOnlyTrx.getAttributeCount (0x000078e2fedc9588) [0x000078e2fedc9680, 0x000078e2fedc99e0] Compiler: jvmci, Barriers: 3, Oops: 1, ImmediateOops: 0, NonImmediateOops: No
[2,695s][debug][gc,nmethod     ] Register NMethod: com.sun.org.apache.bcel.internal.classfile.ConstantNameAndType.<init> (0x000078e2e0571808) [0x000078e2e0571900, 0x000078e2e0571a08] Compiler: c1, Barriers: 0, Oops: 0, ImmediateOops: 0, NonImmediateOops: No
[2,696s][debug][gc,nmethod     ] Register NMethod: com.sun.org.apache.bcel.internal.generic.ConstantPoolGen.addClass_ (0x000078e2e0571b08) [0x000078e2e0571c00, 0x000078e2e0572140] Compiler: c1, Barriers: 6, Oops: 1, ImmediateOops: 2, NonImmediateOops: No
[2,696s][debug][gc,nmethod     ] Register NMethod: com.sun.org.apache.bcel.internal.generic.InstructionConst.getInstruction (0x000078e2e0572188) [0x000078e2e0572280, 0x000078e2e05723b0] Compiler: c1, Barriers: 1, Oops: 0, ImmediateOops: 1, NonImmediateOops: No
[2,696s][debug][gc,nmethod     ] Register NMethod: com.sun.org.apache.bcel.internal.generic.BranchInstruction.setTarget (0x000078e2e0572488) [0x000078e2e0572580, 0x000078e2e0572a50] Compiler: c1, Barriers: 13, Oops: 0, ImmediateOops: 0, NonImmediateOops: No
[2,696s][debug][gc,nmethod     ] Register NMethod: jdk.xml.internal.XMLSecurityManager$Limit.is (0x000078e2fedc9a08) [0x000078e2fedc9b00, 0x000078e2fedc9ee0] Compiler: jvmci, Barriers: 6, Oops: 0, ImmediateOops: 0, NonImmediateOops: No
[2,696s][debug][gc,nmethod     ] Register NMethod: com.sun.org.apache.bcel.internal.generic.ConstantPoolGen.lookupNameAndType (0x000078e2e0572a88) [0x000078e2e0572b80, 0x000078e2e0573388] Compiler: c1, Barriers: 6, Oops: 5, ImmediateOops: 13, NonImmediateOops: No
[2,696s][debug][gc,nmethod     ] Register NMethod: com.sun.org.apache.bcel.internal.generic.Instruction.copy (0x000078e2e0573408) [0x000078e2e0573500, 0x000078e2e0573770] Compiler: c1, Barriers: 2, Oops: 0, ImmediateOops: 2, NonImmediateOops: No
[2,696s][debug][gc,nmethod     ] Register NMethod: io.sirix.access.trx.node.xml.ForwardingXmlNodeReadOnlyTrx.getNamespaceCount (0x000078e2fedc9f08) [0x000078e2fedca000, 0x000078e2fedca240] Compiler: jvmci, Barriers: 3, Oops: 1, ImmediateOops: 0, NonImmediateOops: No
[2,696s][debug][gc,nmethod     ] Register NMethod: com.sun.org.apache.bcel.internal.generic.InstructionHandle.getPrev (0x000078e2fedca288) [0x000078e2fedca380, 0x000078e2fedca468] Compiler: c1, Barriers: 1, Oops: 0, ImmediateOops: 0, NonImmediateOops: No
[2,697s][debug][gc,nmethod     ] Register NMethod: com.sun.org.apache.bcel.internal.classfile.Utility.wrap (0x000078e2e0573788) [0x000078e2e0573880, 0x000078e2e0573a50] Compiler: c1, Barriers: 1, Oops: 0, ImmediateOops: 1, NonImmediateOops: No
[2,697s][debug][gc,nmethod     ] Register NMethod: com.sun.org.apache.bcel.internal.util.InstructionFinder.makeChar (0x000078e2fedca588) [0x000078e2fedca680, 0x000078e2fedca6f0] Compiler: jvmci, Barriers: 0, Oops: 0, ImmediateOops: 0, NonImmediateOops: No
[2,697s][debug][gc,nmethod     ] Register NMethod: com.sun.org.apache.bcel.internal.classfile.ConstantCP.<init> (0x000078e2e0573a88) [0x000078e2e0573b80, 0x000078e2e0573c88] Compiler: c1, Barriers: 0, Oops: 0, ImmediateOops: 0, NonImmediateOops: No
[2,697s][debug][gc,nmethod     ] Register NMethod: com.sun.org.apache.xalan.internal.xsltc.compiler.util.MarkerInstruction.produceStack (0x000078e2fedca888) [0x000078e2fedca980, 0x000078e2fedcaa40] Compiler: c1, Barriers: 0, Oops: 0, ImmediateOops: 0, NonImmediateOops: No
[2,697s][debug][gc,nmethod     ] Register NMethod: com.sun.org.apache.xalan.internal.xsltc.compiler.util.MarkerInstruction.consumeStack (0x000078e2fedcab88) [0x000078e2fedcac80, 0x000078e2fedcad40] Compiler: c1, Barriers: 0, Oops: 0, ImmediateOops: 0, NonImmediateOops: No
[2,697s][debug][gc,nmethod     ] Register NMethod: com.sun.org.apache.bcel.internal.classfile.ConstantCP.dump (0x000078e2e0573d88) [0x000078e2e0573e80, 0x000078e2e0574378] Compiler: c1, Barriers: 7, Oops: 3, ImmediateOops: 4, NonImmediateOops: No
[2,697s][debug][gc,nmethod     ] Register NMethod: java.util.Set.spliterator (0x000078e2e0574408) [0x000078e2e0574500, 0x000078e2e05746d8] Compiler: c1, Barriers: 0, Oops: 0, ImmediateOops: 0, NonImmediateOops: No
[2,697s][debug][gc,nmethod     ] Register NMethod: com.sun.org.apache.bcel.internal.classfile.ConstantNameAndType.dump (0x000078e2e0574708) [0x000078e2e0574800, 0x000078e2e0574cf8] Compiler: c1, Barriers: 7, Oops: 3, ImmediateOops: 4, NonImmediateOops: No
[2,697s][debug][gc,nmethod     ] Register NMethod: java.util.Collections$2.<init> (0x000078e2e0574d88) [0x000078e2e0574e80, 0x000078e2e0574ff8] Compiler: c1, Barriers: 3, Oops: 0, ImmediateOops: 0, NonImmediateOops: No
[2,697s][debug][gc,nmethod     ] Register NMethod: java.util.Collections$2.tryAdvance (0x000078e2e0575088) [0x000078e2e0575180, 0x000078e2e05753e8] Compiler: c1, Barriers: 1, Oops: 0, ImmediateOops: 0, NonImmediateOops: No
[2,697s][debug][gc,nmethod     ] Register NMethod: java.util.Collections.singletonSpliterator (0x000078e2e0575408) [0x000078e2e0575500, 0x000078e2e05756b0] Compiler: c1, Barriers: 3, Oops: 0, ImmediateOops: 0, NonImmediateOops: No
[2,698s][debug][gc,nmethod     ] Register NMethod: java.util.ImmutableCollections$Set12.spliterator (0x000078e2e0575708) [0x000078e2e0575800, 0x000078e2e0575b18] Compiler: c1, Barriers: 5, Oops: 0, ImmediateOops: 1, NonImmediateOops: No
[2,698s][debug][gc,director    ] Rule Major: Warmup 10%, Used: 504MB, UsedThreshold: 1228MB
[2,698s][debug][gc,nmethod     ] Register NMethod: java.lang.WeakPairMap$Pair$Lookup.hashCode (0x000078e2e0575b88) [0x000078e2e0575c80, 0x000078e2e0575e38] Compiler: c1, Barriers: 2, Oops: 0, ImmediateOops: 0, NonImmediateOops: No
[2,698s][debug][gc,nmethod     ] Register NMethod: io.sirix.diff.algorithm.fmse.LeafNodeComparator.isEqual (0x000078e2fedcae88) [0x000078e2fedcaf80, 0x000078e2fedcb0b8] Compiler: jvmci, Barriers: 0, Oops: 1, ImmediateOops: 0, NonImmediateOops: No
[2,698s][debug][gc,nmethod     ] Register NMethod: com.sun.org.apache.bcel.internal.generic.ConstantPoolGen.addNameAndType (0x000078e2e0575e88) [0x000078e2e0575f80, 0x000078e2e05770d8] Compiler: c1, Barriers: 16, Oops: 8, ImmediateOops: 25, NonImmediateOops: No
[2,699s][debug][gc,nmethod     ] Register NMethod: io.sirix.page.PageReference.hashCode (0x000078e2fedcb188) [0x000078e2fedcb280, 0x000078e2fedcb8c8] Compiler: jvmci, Barriers: 12, Oops: 1, ImmediateOops: 2, NonImmediateOops: No
[2,700s][debug][gc,nmethod     ] Register NMethod: die.verwandlung.GregorSamsa$0.test (0x000078e2e0577188) [0x000078e2e0577280, 0x000078e2e05774a0] Compiler: c1, Barriers: 1, Oops: 1, ImmediateOops: 0, NonImmediateOops: No
[2,700s][debug][gc,nmethod     ] Register NMethod: die.verwandlung.GregorSamsa.template$dot$0 (0x000078e2e0577508) [0x000078e2e0577600, 0x000078e2e0577b50] Compiler: c1, Barriers: 4, Oops: 1, ImmediateOops: 0, NonImmediateOops: No
[2,700s][debug][gc,nmethod     ] Register NMethod: die.verwandlung.GregorSamsa.applyTemplates (0x000078e2e0577b88) [0x000078e2e0577c80, 0x000078e2e0578128] Compiler: c1, Barriers: 0, Oops: 1, ImmediateOops: 0, NonImmediateOops: No
[2,701s][debug][gc,nmethod     ] Register NMethod: io.sirix.diff.algorithm.fmse.FMSENodeComparisonUtils.nodeValuesEqual (0x000078e2fedcb908) [0x000078e2fedcba00, 0x000078e2fedcbcf0] Compiler: jvmci, Barriers: 2, Oops: 1, ImmediateOops: 0, NonImmediateOops: No
[2,701s][debug][gc,alloc       ] Mutator Allocation Rate: 339,7MB/s Predicted: 390,1MB/s, Avg: 303,3(+/-58,2)MB/s
[2,701s][debug][gc,director    ] Rule Major: Warmup 10%, Used: 506MB, UsedThreshold: 1228MB
[2,703s][debug][gc,nmethod     ] Register NMethod: com.sun.org.apache.xalan.internal.xsltc.compiler.util.MethodType.<init> (0x000078e2e0578188) [0x000078e2e0578280, 0x000078e2e05787d0] Compiler: c1, Barriers: 16, Oops: 0, ImmediateOops: 2, NonImmediateOops: No
[2,704s][debug][gc,nmethod     ] Register NMethod: com.sun.org.apache.xalan.internal.xsltc.compiler.util.MethodGenerator.getLocalVariableRegistry (0x000078e2e0578808) [0x000078e2e0578900, 0x000078e2e0578b98] Compiler: c1, Barriers: 5, Oops: 0, ImmediateOops: 0, NonImmediateOops: No
[2,705s][debug][gc,nmethod     ] Register NMethod: com.sun.org.apache.bcel.internal.util.Args.requireU2 (0x000078e2e0578c08) [0x000078e2e0578d00, 0x000078e2e0578e00] Compiler: c1, Barriers: 0, Oops: 0, ImmediateOops: 0, NonImmediateOops: No
[2,705s][debug][gc,nmethod     ] Register NMethod: com.sun.org.apache.bcel.internal.util.Args.requireU2 (0x000078e2e0578f08) [0x000078e2e0579000, 0x000078e2e0579108] Compiler: c1, Barriers: 0, Oops: 0, ImmediateOops: 0, NonImmediateOops: No
[2,705s][debug][gc,nmethod     ] Register NMethod: com.sun.org.apache.bcel.internal.generic.Type.consumed (0x000078e2e0579208) [0x000078e2e0579300, 0x000078e2e05793e0] Compiler: c1, Barriers: 0, Oops: 0, ImmediateOops: 0, NonImmediateOops: No
[2,705s][debug][gc,nmethod     ] Register NMethod: java.lang.StringUTF16.compress (0x000078e2fedcbd08) [0x000078e2fedcbe00, 0x000078e2fedcc0d8] Compiler: jvmci, Barriers: 0, Oops: 0, ImmediateOops: 0, NonImmediateOops: No
[2,705s][debug][gc,nmethod     ] Register NMethod: com.sun.org.apache.bcel.internal.generic.Type.getReturnTypeSize (0x000078e2e0579508) [0x000078e2e0579600, 0x000078e2e0579848] Compiler: c1, Barriers: 2, Oops: 0, ImmediateOops: 0, NonImmediateOops: No
[2,705s][debug][gc,nmethod     ] Register NMethod: com.sun.org.apache.bcel.internal.generic.InvokeInstruction.produceStack (0x000078e2e0579888) [0x000078e2e0579980, 0x000078e2e0579bd0] Compiler: c1, Barriers: 2, Oops: 0, ImmediateOops: 0, NonImmediateOops: No
[2,705s][debug][gc,nmethod     ] Register NMethod: com.sun.org.apache.bcel.internal.generic.InstructionHandle.hasTargeters (0x000078e2e0579c08) [0x000078e2e0579d00, 0x000078e2e0579e88] Compiler: c1, Barriers: 1, Oops: 0, ImmediateOops: 0, NonImmediateOops: No
[2,705s][debug][gc,nmethod     ] Register NMethod: com.sun.org.apache.bcel.internal.generic.LocalVariableInstruction.getIndex (0x000078e2fedcc108) [0x000078e2fedcc200, 0x000078e2fedcc2c0] Compiler: c1, Barriers: 0, Oops: 0, ImmediateOops: 0, NonImmediateOops: No
[2,705s][debug][gc,nmethod     ] Register NMethod: com.sun.org.apache.bcel.internal.generic.MethodGen$BranchStack.visited (0x000078e2e0579f08) [0x000078e2e057a000, 0x000078e2e057a168] Compiler: c1, Barriers: 1, Oops: 0, ImmediateOops: 0, NonImmediateOops: No
[2,705s][debug][gc,nmethod     ] Register NMethod: com.sun.org.apache.bcel.internal.generic.BasicType.getType (0x000078e2e057a208) [0x000078e2e057a300, 0x000078e2e057a668] Compiler: c1, Barriers: 0, Oops: 0, ImmediateOops: 9, NonImmediateOops: No
[2,705s][debug][gc,nmethod     ] Register NMethod: com.sun.org.apache.bcel.internal.generic.BranchInstruction.setIndex (0x000078e2fedcc408) [0x000078e2fedcc500, 0x000078e2fedcc5c0] Compiler: c1, Barriers: 0, Oops: 0, ImmediateOops: 0, NonImmediateOops: No
[2,706s][debug][gc,nmethod     ] Register NMethod: com.sun.org.apache.bcel.internal.generic.LoadInstruction.<init> (0x000078e2e057a688) [0x000078e2e057a780, 0x000078e2e057a898] Compiler: c1, Barriers: 0, Oops: 0, ImmediateOops: 0, NonImmediateOops: No
[2,706s][debug][gc,nmethod     ] Register NMethod: com.sun.org.apache.bcel.internal.generic.MethodGen$BranchStack.push (0x000078e2e057a988) [0x000078e2e057aa80, 0x000078e2e057aff0] Compiler: c1, Barriers: 6, Oops: 0, ImmediateOops: 0, NonImmediateOops: No
[2,706s][debug][gc,nmethod     ] Register NMethod: java.util.Spliterators$IteratorSpliterator.forEachRemaining (0x000078e2e057b008) [0x000078e2e057b100, 0x000078e2e057b480] Compiler: c1, Barriers: 6, Oops: 0, ImmediateOops: 0, NonImmediateOops: No
[2,706s][debug][gc,nmethod     ] Register NMethod: java.util.stream.AbstractPipeline.sourceStageSpliterator (0x000078e2e057b488) [0x000078e2e057b580, 0x000078e2e057bb30] Compiler: c1, Barriers: 9, Oops: 0, ImmediateOops: 2, NonImmediateOops: No
[2,706s][debug][gc,nmethod     ] Register NMethod: java.util.stream.ReferencePipeline$Head.forEach (0x000078e2e057bb88) [0x000078e2e057bc80, 0x000078e2e057c010] Compiler: c1, Barriers: 4, Oops: 0, ImmediateOops: 0, NonImmediateOops: No
[2,706s][debug][gc,nmethod     ] Register NMethod: java.lang.WeakPairMap$Pair$Weak.first (0x000078e2e057c088) [0x000078e2e057c180, 0x000078e2e057c2b0] Compiler: c1, Barriers: 2, Oops: 0, ImmediateOops: 0, NonImmediateOops: No
[2,706s][debug][gc,nmethod     ] Register NMethod: java.lang.WeakPairMap$Pair$Weak.second (0x000078e2e057c388) [0x000078e2e057c480, 0x000078e2e057c5e8] Compiler: c1, Barriers: 3, Oops: 0, ImmediateOops: 0, NonImmediateOops: No
[2,706s][debug][gc,nmethod     ] Register NMethod: java.lang.WeakPairMap.expungeStaleAssociations (0x000078e2e057c688) [0x000078e2e057c780, 0x000078e2e057ca20] Compiler: c1, Barriers: 2, Oops: 0, ImmediateOops: 0, NonImmediateOops: No
[2,706s][info ][gc             ] GC(1) Major Collection (Metadata GC Threshold)
[2,707s][info ][gc,task        ] GC(1) Using 1 Workers for Young Generation
[2,707s][info ][gc,task        ] GC(1) Using 1 Workers for Old Generation
[2,707s][debug][gc,heap        ] GC(1) Y: Heap Before GC invocations=1 (full 1):
[2,707s][debug][gc,nmethod     ] Register NMethod: com.sun.org.apache.bcel.internal.generic.InstructionList.setPositions (0x000078e2e057ca88) [0x000078e2e057cb80, 0x000078e2e057dec8] Compiler: c1, Barriers: 28, Oops: 0, ImmediateOops: 6, NonImmediateOops: No
[2,707s][debug][gc,heap        ] GC(1) Y:  ZHeap           used 506M, capacity 5120M, max capacity 12288M
[2,707s][debug][gc,heap        ] GC(1) Y:   Cache          4614M (1)
[2,707s][debug][gc,heap        ] GC(1) Y:    size classes  4G (1)
[2,707s][debug][gc,metaspace   ] GC(1) Y: Metaspace Before GC invocations=1 (full 1):
[2,707s][debug][gc,metaspace   ] GC(1) Y:  Metaspace       used 37569K, committed 38080K, reserved 1114112K
[2,707s][debug][gc,metaspace   ] GC(1) Y:   class space    used 3128K, committed 3328K, reserved 1048576K
[2,707s][info ][gc,phases      ] GC(1) Y: Young Generation
[2,707s][debug][gc,reloc       ] Synchronize all workers 1 _nworkers: 0 _nsynchronized: 0
[2,707s][debug][gc,reloc       ] Synchronize all workers 1 _nworkers: 0 _nsynchronized: 0
[2,707s][debug][gc,nmethod     ] Register NMethod: com.sun.org.apache.xerces.internal.dom.NodeImpl.getOwnerDocument (0x000078e2fedcc708) [0x000078e2fedcc800, 0x000078e2fedcca38] Compiler: jvmci, Barriers: 2, Oops: 0, ImmediateOops: 0, NonImmediateOops: No
[2,707s][debug][gc,phases,start] GC(1) Y: Pause Mark Start (Major)
[2,707s][debug][gc,tlab        ] GC(1) Y: TLAB usage update: used 82M -> 426M, capacity: 82M -> 185M
[2,707s][debug][gc,marking     ] GC(1) Y: Using 1 mark stripes
[2,707s][debug][gc,marking     ] GC(1) Y: Mark Worker/Stripe Distribution
[2,707s][debug][gc,marking     ] GC(1) Y:   Worker 0(1) -> Stripe 0(1)
[2,707s][debug][gc,marking     ] GC(1) Y: Using 1 mark stripes
[2,707s][debug][gc,marking     ] GC(1) Y: Mark Worker/Stripe Distribution
[2,707s][debug][gc,marking     ] GC(1) Y:   Worker 0(1) -> Stripe 0(1)
[2,707s][info ][gc,phases      ] GC(1) Y: Pause Mark Start (Major) 0,101ms
[2,707s][debug][gc,reloc       ] Desynchronize all workers _nworkers: 0 _nsynchronized: 0
[2,707s][debug][gc,reloc       ] Desynchronize all workers _nworkers: 0 _nsynchronized: 0
[2,707s][debug][gc,marking     ] Resurrection broke termination
[2,707s][debug][gc,phases,start] GC(1) Y: Concurrent Mark
[2,707s][debug][gc,phases,start] GC(1) Y: Concurrent Mark Roots
[2,707s][debug][gc,task        ] GC(1) Y: Executing ZMarkYoungRootsTask using ZWorkerYoung with 1 workers
[2,708s][debug][gc,nmethod     ] Register NMethod: com.sun.org.apache.xerces.internal.parsers.XML11Configuration.checkFeature (0x000078e2e057df08) [0x000078e2e057e000, 0x000078e2e057e9d0] Compiler: c1, Barriers: 11, Oops: 10, ImmediateOops: 23, NonImmediateOops: No
[2,709s][debug][gc,nmethod     ] Register NMethod: die.verwandlung.GregorSamsa.template$dot$0 (0x000078e2e057ea88) [0x000078e2e057eb80, 0x000078e2e057f0d0] Compiler: c1, Barriers: 4, Oops: 1, ImmediateOops: 0, NonImmediateOops: No
[2,709s][debug][gc,nmethod     ] Register NMethod: die.verwandlung.GregorSamsa$0.test (0x000078e2e057f108) [0x000078e2e057f200, 0x000078e2e057f420] Compiler: c1, Barriers: 1, Oops: 1, ImmediateOops: 0, NonImmediateOops: No
[2,709s][debug][gc,nmethod     ] Register NMethod: die.verwandlung.GregorSamsa.applyTemplates (0x000078e2e057f488) [0x000078e2e057f580, 0x000078e2e057fa28] Compiler: c1, Barriers: 0, Oops: 1, ImmediateOops: 0, NonImmediateOops: No
[2,710s][debug][gc,nmethod     ] Register NMethod: org.xml.sax.helpers.AttributesImpl.getIndex (0x000078e2e057fa88) [0x000078e2e057fb80, 0x000078e2e057fef8] Compiler: c1, Barriers: 4, Oops: 0, ImmediateOops: 0, NonImmediateOops: No
[2,710s][debug][gc,nmethod     ] Register NMethod: io.sirix.diff.algorithm.fmse.LeafNodeComparator.isEqual (0x000078e2fedcca88) [0x000078e2fedccba0, 0x000078e2fedce770] Compiler: jvmci, Barriers: 47, Oops: 1, ImmediateOops: 7, NonImmediateOops: No
[2,711s][debug][gc,nmethod     ] Register NMethod: com.sun.org.apache.xerces.internal.dom.NodeImpl.needsSyncData (0x000078e2fedce788) [0x000078e2fedce880, 0x000078e2fedce920] Compiler: jvmci, Barriers: 0, Oops: 0, ImmediateOops: 0, NonImmediateOops: No
[2,711s][debug][gc,nmethod     ] Register NMethod: com.sun.org.apache.xerces.internal.impl.dtd.XMLDTDValidator.setProperty (0x000078e2e057ff08) [0x000078e2e0580000, 0x000078e2e05800f8] Compiler: c1, Barriers: 0, Oops: 0, ImmediateOops: 0, NonImmediateOops: No
[2,711s][debug][gc,nmethod     ] Register NMethod: com.sun.org.apache.xerces.internal.impl.dtd.XMLDTDProcessor.setProperty (0x000078e2e0580208) [0x000078e2e0580300, 0x000078e2e05803f8] Compiler: c1, Barriers: 0, Oops: 0, ImmediateOops: 0, NonImmediateOops: No
[2,712s][debug][gc,nmethod     ] Register NMethod: com.sun.org.apache.xerces.internal.parsers.XML11Configuration.setProperty (0x000078e2e0580508) [0x000078e2e0580600, 0x000078e2e0580df8] Compiler: c1, Barriers: 10, Oops: 0, ImmediateOops: 1, NonImmediateOops: No
[2,712s][debug][gc,nmethod     ] Register NMethod: com.sun.org.apache.xerces.internal.impl.XMLErrorReporter.setProperty (0x000078e2e0580e08) [0x000078e2e0580f00, 0x000078e2e05811b0] Compiler: c1, Barriers: 4, Oops: 0, ImmediateOops: 2, NonImmediateOops: No
[2,712s][debug][gc,nmethod     ] Register NMethod: com.sun.org.apache.xerces.internal.impl.XMLDocumentScannerImpl.setProperty (0x000078e2e0581208) [0x000078e2e0581300, 0x000078e2e05817d0] Compiler: c1, Barriers: 8, Oops: 1, ImmediateOops: 3, NonImmediateOops: No
[2,712s][debug][gc,nmethod     ] Register NMethod: com.sun.org.apache.xerces.internal.util.ParserConfigurationSettings.setProperty (0x000078e2e0581808) [0x000078e2e0581900, 0x000078e2e0581bb8] Compiler: c1, Barriers: 3, Oops: 0, ImmediateOops: 0, NonImmediateOops: No
[2,712s][debug][gc,nmethod     ] Register NMethod: com.sun.org.apache.xalan.internal.xsltc.compiler.SyntaxTreeNode.setParser (0x000078e2fedcea88) [0x000078e2fedceb80, 0x000078e2fedcecb0] Compiler: c1, Barriers: 3, Oops: 0, ImmediateOops: 0, NonImmediateOops: No
[2,712s][debug][gc,nmethod     ] Register NMethod: com.sun.org.apache.xerces.internal.impl.XMLDocumentFragmentScannerImpl.setProperty (0x000078e2e0581c08) [0x000078e2e0581d00, 0x000078e2e0582540] Compiler: c1, Barriers: 17, Oops: 1, ImmediateOops: 6, NonImmediateOops: No
[2,712s][debug][gc,nmethod     ] Register NMethod: com.sun.org.apache.xerces.internal.impl.XMLEntityManager.setProperty (0x000078e2e0582588) [0x000078e2e0582680, 0x000078e2e05834c0] Compiler: c1, Barriers: 35, Oops: 4, ImmediateOops: 11, NonImmediateOops: No
[2,712s][debug][gc,nmethod     ] Register NMethod: com.sun.org.apache.bcel.internal.generic.Type.<init> (0x000078e2e0583508) [0x000078e2e0583600, 0x000078e2e0583770] Compiler: c1, Barriers: 3, Oops: 0, ImmediateOops: 0, NonImmediateOops: No
[2,712s][debug][gc,nmethod     ] Register NMethod: com.sun.org.apache.bcel.internal.generic.ConstantPoolGen.addClass (0x000078e2e0583808) [0x000078e2e0583900, 0x000078e2e0583a58] Compiler: c1, Barriers: 0, Oops: 0, ImmediateOops: 0, NonImmediateOops: No
[2,713s][debug][gc,nmethod     ] Register NMethod: com.sun.org.apache.bcel.internal.generic.LocalVariableGen.<init> (0x000078e2e0583b08) [0x000078e2e0583c00, 0x000078e2e0583d30] Compiler: c1, Barriers: 0, Oops: 0, ImmediateOops: 0, NonImmediateOops: No
[2,713s][debug][gc,nmethod     ] Register NMethod: com.sun.org.apache.bcel.internal.generic.MethodGen.addLocalVariable (0x000078e2e0583e08) [0x000078e2e0583f00, 0x000078e2e0584020] Compiler: c1, Barriers: 0, Oops: 0, ImmediateOops: 0, NonImmediateOops: No
[2,713s][debug][gc,nmethod     ] Register NMethod: com.sun.org.apache.bcel.internal.generic.LocalVariableGen.<init> (0x000078e2e0584108) [0x000078e2e0584200, 0x000078e2e05847e8] Compiler: c1, Barriers: 16, Oops: 0, ImmediateOops: 0, NonImmediateOops: No
[2,713s][debug][gc,nmethod     ] Register NMethod: com.sun.org.apache.bcel.internal.generic.ReferenceType.<init> (0x000078e2e0584808) [0x000078e2e0584900, 0x000078e2e0584a70] Compiler: c1, Barriers: 3, Oops: 0, ImmediateOops: 0, NonImmediateOops: No
[2,713s][debug][gc,nmethod     ] Register NMethod: com.sun.org.apache.bcel.internal.generic.MethodGen.addLocalVariable (0x000078e2e0584b08) [0x000078e2e0584c00, 0x000078e2e05850e8] Compiler: c1, Barriers: 3, Oops: 0, ImmediateOops: 1, NonImmediateOops: No
[2,713s][debug][gc,tlab        ] GC(1) Y: TLAB totals: thrds: 21  refills: 1602 max: 1534 slow allocs: 538 max 468 waste:  0,7% gc: 1431336B max: 262104B slow: 1361360B max: 1313336B
[2,713s][debug][gc,phases      ] GC(1) Y: Concurrent Mark Roots 6,002ms
[2,713s][debug][gc,phases,start] GC(1) Y: Concurrent Mark Follow
[2,713s][debug][gc,marking     ] GC(1) Y: Using 1 mark stripes
[2,713s][debug][gc,task        ] GC(1) Y: Executing ZRememberedScanMarkFollowTask using ZWorkerYoung with 1 workers
[2,713s][debug][gc,nmethod     ] Register NMethod: com.sun.org.apache.xalan.internal.xsltc.compiler.Parser.getXSLTC (0x000078e2fedced88) [0x000078e2fedcee80, 0x000078e2fedcef68] Compiler: c1, Barriers: 1, Oops: 0, ImmediateOops: 0, NonImmediateOops: No
[2,713s][debug][gc,nmethod     ] Register NMethod: com.sun.org.apache.xalan.internal.xsltc.compiler.util.MethodGenerator$LocalVariableRegistry.registerByName (0x000078e2e0585108) [0x000078e2e0585200, 0x000078e2e0585a10] Compiler: c1, Barriers: 16, Oops: 0, ImmediateOops: 3, NonImmediateOops: No
[2,713s][debug][gc,nmethod     ] Register NMethod: com.sun.org.apache.xalan.internal.xsltc.compiler.util.MethodGenerator$LocalVariableRegistry.registerLocalVariable (0x000078e2e0585a88) [0x000078e2e0585b80, 0x000078e2e05864d8] Compiler: c1, Barriers: 16, Oops: 0, ImmediateOops: 3, NonImmediateOops: No
[2,714s][debug][gc,nmethod     ] Register NMethod: com.sun.org.apache.bcel.internal.generic.BranchInstruction.updatePosition (0x000078e2e0586508) [0x000078e2e0586600, 0x000078e2e0586708] Compiler: c1, Barriers: 0, Oops: 0, ImmediateOops: 0, NonImmediateOops: No
[2,714s][debug][gc,nmethod     ] Register NMethod: java.lang.Exception.<init> (0x000078e2e0586808) [0x000078e2e0586900, 0x000078e2e0586a18] Compiler: c1, Barriers: 0, Oops: 0, ImmediateOops: 0, NonImmediateOops: No
[2,714s][debug][gc,nmethod     ] Register NMethod: com.sun.org.apache.bcel.internal.generic.Instruction.dump (0x000078e2e0586b08) [0x000078e2e0586c00, 0x000078e2e0586d88] Compiler: c1, Barriers: 1, Oops: 0, ImmediateOops: 0, NonImmediateOops: No
[2,714s][debug][gc,nmethod     ] Register NMethod: java.util.HashMap.newHashMap (0x000078e2e0586e08) [0x000078e2e0586f20, 0x000078e2e0587358] Compiler: c1, Barriers: 0, Oops: 0, ImmediateOops: 2, NonImmediateOops: No
[2,714s][debug][gc,nmethod     ] Register NMethod: java.util.stream.Collectors$$Lambda/0x0000000092120a08.<init> (0x000078e2e0587388) [0x000078e2e0587480, 0x000078e2e05875f0] Compiler: c1, Barriers: 3, Oops: 0, ImmediateOops: 0, NonImmediateOops: No
[2,714s][debug][gc,nmethod     ] Register NMethod: java.util.stream.Collectors$$Lambda/0x0000000092120118.accept (0x000078e2e0587688) [0x000078e2e0587780, 0x000078e2e05879a0] Compiler: c1, Barriers: 3, Oops: 0, ImmediateOops: 0, NonImmediateOops: No
[2,714s][debug][gc,nmethod     ] Register NMethod: java.util.Collections$2.forEachRemaining (0x000078e2e0587a08) [0x000078e2e0587b00, 0x000078e2e0587c18] Compiler: c1, Barriers: 0, Oops: 0, ImmediateOops: 0, NonImmediateOops: No
[2,715s][debug][gc,nmethod     ] Register NMethod: java.util.stream.Collectors.lambda$groupingBy$0 (0x000078e2e0587d08) [0x000078e2e0587e00, 0x000078e2e0588130] Compiler: c1, Barriers: 3, Oops: 2, ImmediateOops: 3, NonImmediateOops: No
[2,715s][debug][gc,nmethod     ] Register NMethod: java.util.concurrent.ConcurrentHashMap$EntryIterator.next (0x000078e2e0588188) [0x000078e2e0588280, 0x000078e2e0588398] Compiler: c1, Barriers: 0, Oops: 0, ImmediateOops: 0, NonImmediateOops: No
[2,715s][debug][gc,nmethod     ] Register NMethod: java.util.concurrent.ConcurrentHashMap$EntryIterator.next (0x000078e2e0588488) [0x000078e2e0588580, 0x000078e2e0588a90] Compiler: c1, Barriers: 16, Oops: 0, ImmediateOops: 0, NonImmediateOops: No
[2,715s][debug][gc,nmethod     ] Register NMethod: com.sun.org.apache.xerces.internal.impl.dtd.XMLDTDProcessor.setFeature (0x000078e2e0588b08) [0x000078e2e0588c00, 0x000078e2e0588cf8] Compiler: c1, Barriers: 0, Oops: 0, ImmediateOops: 0, NonImmediateOops: No
[2,715s][debug][gc,nmethod     ] Register NMethod: com.sun.org.apache.xerces.internal.parsers.XIncludeAwareParserConfiguration.setFeature (0x000078e2e0588e08) [0x000078e2e0588f00, 0x000078e2e05890b8] Compiler: c1, Barriers: 0, Oops: 0, ImmediateOops: 1, NonImmediateOops: No
[2,715s][debug][gc,nmethod     ] Register NMethod: com.sun.org.apache.xerces.internal.parsers.XML11Configuration.setFeature (0x000078e2e0589108) [0x000078e2e0589200, 0x000078e2e0589840] Compiler: c1, Barriers: 3, Oops: 0, ImmediateOops: 0, NonImmediateOops: No
[2,716s][debug][gc,nmethod     ] Register NMethod: com.sun.org.apache.xerces.internal.impl.dtd.XMLDTDValidator.setFeature (0x000078e2e0589888) [0x000078e2e0589980, 0x000078e2e0589a78] Compiler: c1, Barriers: 0, Oops: 0, ImmediateOops: 0, NonImmediateOops: No
[2,716s][debug][gc,nmethod     ] Register NMethod: com.sun.org.apache.xerces.internal.impl.XMLDocumentScannerImpl.setFeature (0x000078e2e0589b88) [0x000078e2e0589c80, 0x000078e2e0589fa8] Compiler: c1, Barriers: 2, Oops: 1, ImmediateOops: 3, NonImmediateOops: No
[2,716s][debug][gc,nmethod     ] Register NMethod: com.sun.org.apache.xerces.internal.impl.XMLDocumentFragmentScannerImpl.setFeature (0x000078e2e058a008) [0x000078e2e058a100, 0x000078e2e058a398] Compiler: c1, Barriers: 1, Oops: 0, ImmediateOops: 4, NonImmediateOops: No
[2,716s][debug][gc,nmethod     ] Register NMethod: jdk.xml.internal.XMLSecurityManager.getEnumValue (0x000078e2e058a408) [0x000078e2e058a500, 0x000078e2e058a858] Compiler: c1, Barriers: 3, Oops: 0, ImmediateOops: 1, NonImmediateOops: No
[2,716s][debug][gc,nmethod     ] Register NMethod: com.sun.org.apache.xerces.internal.impl.XMLErrorReporter.setFeature (0x000078e2e058a888) [0x000078e2e058a980, 0x000078e2e058ab78] Compiler: c1, Barriers: 1, Oops: 0, ImmediateOops: 2, NonImmediateOops: No
[2,716s][debug][gc,nmethod     ] Register NMethod: com.sun.org.apache.xerces.internal.impl.XMLEntityManager.setFeature (0x000078e2e058ab88) [0x000078e2e058ac80, 0x000078e2e058af98] Compiler: c1, Barriers: 2, Oops: 1, ImmediateOops: 4, NonImmediateOops: No
[2,716s][debug][gc,nmethod     ] Register NMethod: com.sun.org.apache.xerces.internal.util.ParserConfigurationSettings.setFeature (0x000078e2e058b008) [0x000078e2e058b100, 0x000078e2e058b3d0] Compiler: c1, Barriers: 3, Oops: 0, ImmediateOops: 2, NonImmediateOops: No
[2,716s][debug][gc,nmethod     ] Register NMethod: com.sun.org.apache.xml.internal.dtm.ref.DTMStringPool.stringToIndex (0x000078e2e058b408) [0x000078e2e058b500, 0x000078e2e058b938] Compiler: c1, Barriers: 5, Oops: 0, ImmediateOops: 1, NonImmediateOops: No
[2,717s][debug][gc,nmethod     ] Register NMethod: die.verwandlung.GregorSamsa.template$dot$0 (0x000078e2e058b988) [0x000078e2e058ba80, 0x000078e2e058bfd0] Compiler: c1, Barriers: 4, Oops: 1, ImmediateOops: 0, NonImmediateOops: No
[2,717s][debug][gc,nmethod     ] Register NMethod: die.verwandlung.GregorSamsa$0.test (0x000078e2e058c008) [0x000078e2e058c100, 0x000078e2e058c320] Compiler: c1, Barriers: 1, Oops: 1, ImmediateOops: 0, NonImmediateOops: No
[2,717s][debug][gc,nmethod     ] Register NMethod: java.util.ArrayList.add (0x000078e2fedcf088) [0x000078e2fedcf180, 0x000078e2fedcf9a0] Compiler: jvmci, Barriers: 20, Oops: 0, ImmediateOops: 1, NonImmediateOops: No
[2,717s][debug][gc,nmethod     ] Register NMethod: com.sun.org.apache.xml.internal.serializer.AttributesImplSerializer.getIndex (0x000078e2e058c388) [0x000078e2e058c480, 0x000078e2e058d200] Compiler: c1, Barriers: 19, Oops: 0, ImmediateOops: 0, NonImmediateOops: No
[2,717s][debug][gc,nmethod     ] Register NMethod: die.verwandlung.GregorSamsa.applyTemplates (0x000078e2e058d208) [0x000078e2e058d300, 0x000078e2e058d7a8] Compiler: c1, Barriers: 0, Oops: 1, ImmediateOops: 0, NonImmediateOops: No
[2,718s][debug][gc,nmethod     ] Register NMethod: java.lang.StringBuffer.append (0x000078e2fedcfa08) [0x000078e2fedcfb00, 0x000078e2fedd0810] Compiler: jvmci, Barriers: 8, Oops: 0, ImmediateOops: 0, NonImmediateOops: No
[2,719s][debug][gc,nmethod     ] Register NMethod: java.io.UnixFileSystem.resolve (0x000078e2e058d808) [0x000078e2e058d900, 0x000078e2e058db08] Compiler: c1, Barriers: 3, Oops: 0, ImmediateOops: 0, NonImmediateOops: No
[2,719s][debug][gc,nmethod     ] Register NMethod: com.sun.org.apache.xerces.internal.impl.XMLEntityManager.getPropertyDefault (0x000078e2e058db88) [0x000078e2e058dc80, 0x000078e2e058dee8] Compiler: c1, Barriers: 2, Oops: 0, ImmediateOops: 2, NonImmediateOops: No
[2,720s][debug][gc,nmethod     ] Register NMethod: com.sun.org.apache.xalan.internal.xsltc.compiler.FlowList.<init> (0x000078e2e058df08) [0x000078e2e058e000, 0x000078e2e058e178] Compiler: c1, Barriers: 3, Oops: 0, ImmediateOops: 0, NonImmediateOops: No
[2,721s][debug][gc,nmethod     ] Register NMethod: com.sun.org.apache.xalan.internal.xsltc.compiler.util.ClassGenerator.loadTranslet (0x000078e2fedd0888) [0x000078e2fedd0980, 0x000078e2fedd0a70] Compiler: c1, Barriers: 1, Oops: 0, ImmediateOops: 0, NonImmediateOops: No
[2,721s][debug][gc,nmethod     ] Register NMethod: com.sun.org.apache.bcel.internal.generic.StoreInstruction.<init> (0x000078e2e058e208) [0x000078e2e058e300, 0x000078e2e058e418] Compiler: c1, Barriers: 0, Oops: 0, ImmediateOops: 0, NonImmediateOops: No
[2,721s][debug][gc,nmethod     ] Register NMethod: com.sun.org.apache.xalan.internal.xsltc.compiler.util.MethodGenerator.addLocalVariable (0x000078e2e058e508) [0x000078e2e058e600, 0x000078e2e058e968] Compiler: c1, Barriers: 5, Oops: 0, ImmediateOops: 0, NonImmediateOops: No
[2,721s][debug][gc,nmethod     ] Register NMethod: com.sun.org.apache.bcel.internal.generic.InstructionList.append (0x000078e2e058e988) [0x000078e2e058ea80, 0x000078e2e058ecc8] Compiler: c1, Barriers: 3, Oops: 0, ImmediateOops: 0, NonImmediateOops: No
[2,721s][debug][gc,nmethod     ] Register NMethod: java.lang.StringConcatHelper$Concat1.concat0 (0x000078e2e058ed08) [0x000078e2e058ee00, 0x000078e2e058f4f0] Compiler: c1, Barriers: 11, Oops: 0, ImmediateOops: 4, NonImmediateOops: No
[2,721s][debug][gc,nmethod     ] Register NMethod: com.sun.org.apache.bcel.internal.generic.BranchHandle.getBranchHandle (0x000078e2e058f508) [0x000078e2e058f600, 0x000078e2e058f7f0] Compiler: c1, Barriers: 3, Oops: 0, ImmediateOops: 0, NonImmediateOops: No
[2,721s][debug][gc,nmethod     ] Register NMethod: java.lang.StringConcatHelper$Concat1.concat (0x000078e2e058f808) [0x000078e2e058f900, 0x000078e2e0590080] Compiler: c1, Barriers: 11, Oops: 0, ImmediateOops: 6, NonImmediateOops: No
[2,721s][debug][gc,nmethod     ] Register NMethod: com.sun.org.apache.bcel.internal.generic.ObjectType.<init> (0x000078e2e0590088) [0x000078e2e0590180, 0x000078e2e0590878] Compiler: c1, Barriers: 11, Oops: 4, ImmediateOops: 8, NonImmediateOops: No
[2,721s][debug][gc,nmethod     ] Register NMethod: com.sun.org.apache.bcel.internal.generic.ALOAD.<init> (0x000078e2e0590908) [0x000078e2e0590a00, 0x000078e2e0590b28] Compiler: c1, Barriers: 0, Oops: 0, ImmediateOops: 0, NonImmediateOops: No
[2,721s][debug][gc,nmethod     ] Register NMethod: com.sun.org.apache.bcel.internal.generic.BranchHandle.<init> (0x000078e2e0590c08) [0x000078e2e0590d00, 0x000078e2e0590eb8] Compiler: c1, Barriers: 3, Oops: 0, ImmediateOops: 0, NonImmediateOops: No
[2,721s][debug][gc,nmethod     ] Register NMethod: com.sun.org.apache.xalan.internal.xsltc.compiler.LocationPathPattern.getTemplate (0x000078e2fedd0b88) [0x000078e2fedd0c80, 0x000078e2fedd0d68] Compiler: c1, Barriers: 1, Oops: 0, ImmediateOops: 0, NonImmediateOops: No
[2,721s][debug][gc,nmethod     ] Register NMethod: com.sun.org.apache.bcel.internal.generic.BranchHandle.setInstruction (0x000078e2e0590f08) [0x000078e2e0591000, 0x000078e2e0591318] Compiler: c1, Barriers: 3, Oops: 0, ImmediateOops: 1, NonImmediateOops: No
[2,722s][debug][gc,nmethod     ] Register NMethod: com.sun.org.apache.bcel.internal.generic.Instruction.dispose (0x000078e2e0591388) [0x000078e2e0591480, 0x000078e2e0591578] Compiler: c1, Barriers: 0, Oops: 0, ImmediateOops: 0, NonImmediateOops: No
[2,722s][debug][gc,nmethod     ] Register NMethod: com.sun.org.apache.bcel.internal.generic.MethodGen$BranchStack.pop (0x000078e2e0591688) [0x000078e2e0591780, 0x000078e2e0591b00] Compiler: c1, Barriers: 2, Oops: 0, ImmediateOops: 0, NonImmediateOops: No
[2,722s][debug][gc,nmethod     ] Register NMethod: java.util.regex.Pattern.expr (0x000078e2e0591b08) [0x000078e2e0591c00, 0x000078e2e0592350] Compiler: c1, Barriers: 14, Oops: 0, ImmediateOops: 1, NonImmediateOops: No
[2,722s][debug][gc,nmethod     ] Register NMethod: com.sun.org.apache.bcel.internal.generic.Type.wrap (0x000078e2e0592388) [0x000078e2e0592480, 0x000078e2e0592650] Compiler: c1, Barriers: 1, Oops: 0, ImmediateOops: 1, NonImmediateOops: No
[2,722s][debug][gc,nmethod     ] Register NMethod: com.sun.org.apache.bcel.internal.generic.ObjectType.getInstance (0x000078e2e0592688) [0x000078e2e0592780, 0x000078e2e0592f10] Compiler: c1, Barriers: 11, Oops: 4, ImmediateOops: 6, NonImmediateOops: No
[2,722s][debug][gc,nmethod     ] Register NMethod: com.sun.org.apache.bcel.internal.classfile.AccessFlags.<init> (0x000078e2e0592f88) [0x000078e2e0593080, 0x000078e2e0593180] Compiler: c1, Barriers: 0, Oops: 0, ImmediateOops: 0, NonImmediateOops: No
[2,722s][debug][gc,nmethod     ] Register NMethod: com.sun.org.apache.xerces.internal.dom.NamedNodeMapImpl.findNamePoint (0x000078e2fedd0e88) [0x000078e2fedd0f80, 0x000078e2fedd1628] Compiler: jvmci, Barriers: 7, Oops: 0, ImmediateOops: 0, NonImmediateOops: No
[2,723s][debug][gc,nmethod     ] Register NMethod: java.lang.module.Configuration.findModule (0x000078e2e0593288) [0x000078e2e0593380, 0x000078e2e0593aa0] Compiler: c1, Barriers: 5, Oops: 0, ImmediateOops: 2, NonImmediateOops: No
[2,723s][debug][gc,nmethod     ] Register NMethod: io.sirix.diff.algorithm.fmse.FMSENodeComparisonUtils.calculateRatio (0x000078e2fedd1688) [0x000078e2fedd17e0, 0x000078e2fedd2ab0] Compiler: jvmci, Barriers: 10, Oops: 1, ImmediateOops: 0, NonImmediateOops: No
[2,723s][debug][gc,nmethod     ] Register NMethod: java.lang.WeakPairMap$Pair$Lookup.<init> (0x000078e2e0593b08) [0x000078e2e0593c00, 0x000078e2e0593f40] Compiler: c1, Barriers: 6, Oops: 0, ImmediateOops: 0, NonImmediateOops: No
[2,723s][debug][gc,nmethod     ] Register NMethod: java.lang.WeakPairMap$Pair.lookup (0x000078e2e0593f88) [0x000078e2e0594080, 0x000078e2e0594408] Compiler: c1, Barriers: 6, Oops: 0, ImmediateOops: 0, NonImmediateOops: No
[2,723s][debug][gc,nmethod     ] Register NMethod: jdk.xml.internal.XMLSecurityPropertyManager$Property.systemProperty (0x000078e2fedd2b08) [0x000078e2fedd2c00, 0x000078e2fedd2ce8] Compiler: c1, Barriers: 1, Oops: 0, ImmediateOops: 0, NonImmediateOops: No
[2,724s][debug][gc,nmethod     ] Register NMethod: com.sun.org.apache.bcel.internal.generic.Type.getType (0x000078e2e0594488) [0x000078e2e0594580, 0x000078e2e0595760] Compiler: c1, Barriers: 25, Oops: 6, ImmediateOops: 17, NonImmediateOops: No
[2,724s][debug][gc,nmethod     ] Register NMethod: die.verwandlung.GregorSamsa.template$dot$0 (0x000078e2e0595808) [0x000078e2e0595900, 0x000078e2e0595e50] Compiler: c1, Barriers: 4, Oops: 1, ImmediateOops: 0, NonImmediateOops: No
[2,725s][debug][gc,nmethod     ] Register NMethod: die.verwandlung.GregorSamsa$0.test (0x000078e2e0595e88) [0x000078e2e0595f80, 0x000078e2e05961a0] Compiler: c1, Barriers: 1, Oops: 1, ImmediateOops: 0, NonImmediateOops: No
[2,725s][debug][gc,nmethod     ] Register NMethod: com.sun.org.apache.xerces.internal.dom.ParentNode.internalInsertBefore (0x000078e2fedd2e08) [0x000078e2fedd2f00, 0x000078e2fedd3da0] Compiler: jvmci, Barriers: 32, Oops: 1, ImmediateOops: 1, NonImmediateOops: No
[2,725s][debug][gc,nmethod     ] Register NMethod: die.verwandlung.GregorSamsa.applyTemplates (0x000078e2e0596208) [0x000078e2e0596300, 0x000078e2e05967a8] Compiler: c1, Barriers: 0, Oops: 1, ImmediateOops: 0, NonImmediateOops: No
[2,725s][debug][gc,nmethod     ] Register NMethod: com.sun.org.apache.xerces.internal.dom.ParentNode.nodeListGetLength (0x000078e2fedd3e08) [0x000078e2fedd3f00, 0x000078e2fedd4530] Compiler: jvmci, Barriers: 23, Oops: 0, ImmediateOops: 0, NonImmediateOops: No
[2,726s][debug][gc,nmethod     ] Register NMethod: com.sun.org.apache.bcel.internal.generic.Instruction.setLength (0x000078e2fedd4588) [0x000078e2fedd4680, 0x000078e2fedd4708] Compiler: jvmci, Barriers: 0, Oops: 0, ImmediateOops: 0, NonImmediateOops: No
[2,727s][debug][gc,nmethod     ] Register NMethod: com.sun.org.apache.xml.internal.dtm.ref.DTMAxisIteratorBase.<init> (0x000078e2fedd4888) [0x000078e2fedd4980, 0x000078e2fedd4a20] Compiler: jvmci, Barriers: 0, Oops: 0, ImmediateOops: 0, NonImmediateOops: No
[2,728s][debug][gc,nmethod     ] Register NMethod: com.sun.org.apache.xml.internal.dtm.ref.sax2dtm.SAX2DTM2._type2 (0x000078e2fedd4b88) [0x000078e2fedd4c80, 0x000078e2fedd5060] Compiler: jvmci, Barriers: 6, Oops: 0, ImmediateOops: 0, NonImmediateOops: No
[2,728s][debug][gc,nmethod     ] Register NMethod: com.sun.org.apache.xerces.internal.dom.CoreDocumentImpl.checkNamespaceWF (0x000078e2fedd5088) [0x000078e2fedd5180, 0x000078e2fedd52f8] Compiler: jvmci, Barriers: 1, Oops: 0, ImmediateOops: 0, NonImmediateOops: No
[2,729s][debug][gc,nmethod     ] Register NMethod: com.sun.org.apache.xerces.internal.dom.CharacterDataImpl.getChildNodes (0x000078e2fedd5388) [0x000078e2fedd5480, 0x000078e2fedd5548] Compiler: jvmci, Barriers: 1, Oops: 0, ImmediateOops: 1, NonImmediateOops: No
[2,730s][debug][gc,nmethod     ] Register NMethod: com.sun.org.apache.xerces.internal.dom.NamedNodeMapImpl.findNamePoint (0x000078e2fedd5688) [0x000078e2fedd5780, 0x000078e2fedd6010] Compiler: jvmci, Barriers: 11, Oops: 0, ImmediateOops: 0, NonImmediateOops: No
[2,731s][debug][gc,nmethod     ] Register NMethod: com.sun.org.apache.xerces.internal.dom.ParentNode.nodeListItem (0x000078e2fedd6088) [0x000078e2fedd6180, 0x000078e2fedd6718] Compiler: jvmci, Barriers: 19, Oops: 0, ImmediateOops: 0, NonImmediateOops: No
[2,733s][debug][gc,nmethod     ] Register NMethod: com.sun.org.apache.xerces.internal.dom.CoreDocumentImpl.checkQName (0x000078e2fedd6788) [0x000078e2fedd6880, 0x000078e2fedd6be8] Compiler: jvmci, Barriers: 1, Oops: 0, ImmediateOops: 1, NonImmediateOops: No
[2,736s][debug][gc,nmethod     ] Register NMethod: com.sun.org.apache.xerces.internal.dom.ElementNSImpl.getLocalName (0x000078e2fedd6c08) [0x000078e2fedd6d00, 0x000078e2fedd6f70] Compiler: jvmci, Barriers: 4, Oops: 0, ImmediateOops: 0, NonImmediateOops: No
[2,737s][debug][gc,nmethod     ] Register NMethod: com.sun.org.apache.xalan.internal.xsltc.dom.MultiValuedNodeHeapIterator.next (0x000078e2fedd6f88) [0x000078e2fedd7080, 0x000078e2fedd92d0] Compiler: jvmci, Barriers: 76, Oops: 4, ImmediateOops: 0, NonImmediateOops: No
[2,738s][debug][gc,nmethod     ] Register NMethod: jdk.internal.util.DecimalDigits.uncheckedPutPairLatin1 (0x000078e2fedd9308) [0x000078e2fedd9400, 0x000078e2fedd9490] Compiler: jvmci, Barriers: 0, Oops: 0, ImmediateOops: 1, NonImmediateOops: No
[2,740s][debug][gc,nmethod     ] Register NMethod: com.sun.org.apache.xerces.internal.dom.ElementNSImpl.getNamespaceURI (0x000078e2fedd9608) [0x000078e2fedd9700, 0x000078e2fedd9928] Compiler: jvmci, Barriers: 3, Oops: 0, ImmediateOops: 0, NonImmediateOops: No
[2,742s][debug][gc,nmethod     ] Register NMethod: java.lang.Integer.toString (0x000078e2fedd9988) [0x000078e2fedd9a80, 0x000078e2fedd9ff8] Compiler: jvmci, Barriers: 4, Oops: 0, ImmediateOops: 2, NonImmediateOops: No
[2,742s][debug][gc,nmethod     ] Register NMethod: java.lang.invoke.MemberName.equals (0x000078e2e0596808) [0x000078e2e0596900, 0x000078e2e0596a98] Compiler: c1, Barriers: 0, Oops: 0, ImmediateOops: 0, NonImmediateOops: No
[2,745s][debug][gc,nmethod     ] Register NMethod: java.util.Locale.getDefault (0x000078e2e0596b08) [0x000078e2e0596c00, 0x000078e2e0597388] Compiler: c1, Barriers: 10, Oops: 0, ImmediateOops: 13, NonImmediateOops: No
[2,745s][debug][gc,nmethod     ] Register NMethod: io.sirix.diff.algorithm.fmse.Levenshtein.getSimilarity (0x000078e2fedda008) [0x000078e2fedda160, 0x000078e2feddb260] Compiler: jvmci, Barriers: 10, Oops: 1, ImmediateOops: 0, NonImmediateOops: No
[2,745s][debug][gc,nmethod     ] Register NMethod: java.util.AbstractMap$SimpleImmutableEntry.getKey (0x000078e2feddb288) [0x000078e2feddb380, 0x000078e2feddb468] Compiler: c1, Barriers: 1, Oops: 0, ImmediateOops: 0, NonImmediateOops: No
[2,746s][debug][gc,nmethod     ] Register NMethod: java.lang.invoke.MethodHandle.linkToStatic (0x000078e2feddb588) [0x000078e2feddb680, 0x000078e2feddb770] Compiler: , Barriers: 0, Oops: 0, ImmediateOops: 0, NonImmediateOops: No
[2,748s][debug][gc,nmethod     ] Register NMethod: com.sun.org.apache.xerces.internal.dom.ParentNode.getLength (0x000078e2feddb888) [0x000078e2feddb980, 0x000078e2feddbf90] Compiler: jvmci, Barriers: 23, Oops: 0, ImmediateOops: 0, NonImmediateOops: No
[2,748s][debug][gc,nmethod     ] Register NMethod: io.sirix.cache.RecordPageFragmentCache.lambda$new$1 (0x000078e2e0597408) [0x000078e2e0597500, 0x000078e2e0597670] Compiler: c1, Barriers: 1, Oops: 1, ImmediateOops: 0, NonImmediateOops: No
[2,748s][debug][gc,nmethod     ] Register NMethod: io.sirix.cache.RecordPageFragmentCache$$Lambda/0x00000000922561b8.weigh (0x000078e2e0597708) [0x000078e2e0597800, 0x000078e2e05979d8] Compiler: c1, Barriers: 1, Oops: 1, ImmediateOops: 0, NonImmediateOops: No
[2,750s][debug][gc,nmethod     ] Register NMethod: java.io.BufferedOutputStream.write (0x000078e2e0597a08) [0x000078e2e0597b00, 0x000078e2e0597ec0] Compiler: c1, Barriers: 3, Oops: 0, ImmediateOops: 0, NonImmediateOops: No
[2,750s][debug][gc,nmethod     ] Register NMethod: io.sirix.page.KeyValueLeafPage.getNumberOfNonNullEntries (0x000078e2feddc008) [0x000078e2feddc100, 0x000078e2feddc300] Compiler: jvmci, Barriers: 2, Oops: 1, ImmediateOops: 0, NonImmediateOops: No
[2,750s][debug][gc,nmethod     ] Register NMethod: io.sirix.access.trx.node.AbstractNodeReadOnlyTrx.getFirstChildKind (0x000078e2e0597f08) [0x000078e2e0598000, 0x000078e2e0598740] Compiler: c1, Barriers: 5, Oops: 1, ImmediateOops: 5, NonImmediateOops: No
[2,751s][debug][gc,nmethod     ] Register NMethod: io.sirix.access.trx.node.AbstractNodeReadOnlyTrx.getChildCount (0x000078e2e0598788) [0x000078e2e0598880, 0x000078e2e0598aa8] Compiler: c1, Barriers: 0, Oops: 1, ImmediateOops: 1, NonImmediateOops: No
[2,751s][debug][gc,nmethod     ] Register NMethod: io.sirix.service.xml.serialize.XmlSerializer.write (0x000078e2e0598b08) [0x000078e2e0598c00, 0x000078e2e0598e90] Compiler: c1, Barriers: 1, Oops: 1, ImmediateOops: 1, NonImmediateOops: No
[2,753s][debug][gc,nmethod     ] Register NMethod: com.sun.org.apache.xerces.internal.dom.ParentNode.item (0x000078e2feddc388) [0x000078e2feddc480, 0x000078e2feddca00] Compiler: jvmci, Barriers: 19, Oops: 0, ImmediateOops: 0, NonImmediateOops: No
[2,754s][debug][gc,nmethod     ] Register NMethod: io.sirix.access.trx.page.NodePageReadOnlyTrx.getNamePage (0x000078e2feddca08) [0x000078e2feddcb00, 0x000078e2fedddd30] Compiler: jvmci, Barriers: 32, Oops: 3, ImmediateOops: 0, NonImmediateOops: No
[2,755s][debug][gc,nmethod     ] Register NMethod: it.unimi.dsi.fastutil.ints.Int2LongOpenHashMap$FastEntryIterator.next (0x000078e2e0598f08) [0x000078e2e0599000, 0x000078e2e0599590] Compiler: c1, Barriers: 2, Oops: 1, ImmediateOops: 0, NonImmediateOops: No
[2,755s][debug][gc,nmethod     ] Register NMethod: it.unimi.dsi.fastutil.ints.Int2IntOpenHashMap$FastEntryIterator.next (0x000078e2e0599608) [0x000078e2e0599700, 0x000078e2e0599c90] Compiler: c1, Barriers: 2, Oops: 1, ImmediateOops: 0, NonImmediateOops: No
[2,755s][debug][gc,nmethod     ] Register NMethod: it.unimi.dsi.fastutil.ints.Int2LongOpenHashMap$MapIterator.nextEntry (0x000078e2e0599d08) [0x000078e2e0599e00, 0x000078e2e059a698] Compiler: c1, Barriers: 5, Oops: 1, ImmediateOops: 0, NonImmediateOops: No
[2,755s][debug][gc,nmethod     ] Register NMethod: it.unimi.dsi.fastutil.ints.AbstractInt2LongMap.putAll (0x000078e2e059a708) [0x000078e2e059a800, 0x000078e2e059b0c0] Compiler: c1, Barriers: 4, Oops: 1, ImmediateOops: 0, NonImmediateOops: No
[2,755s][debug][gc,nmethod     ] Register NMethod: it.unimi.dsi.fastutil.ints.AbstractInt2ObjectMap.putAll (0x000078e2e059b108) [0x000078e2e059b200, 0x000078e2e059bac8] Compiler: c1, Barriers: 5, Oops: 1, ImmediateOops: 0, NonImmediateOops: No
[2,756s][debug][gc,nmethod     ] Register NMethod: it.unimi.dsi.fastutil.ints.AbstractInt2IntMap.putAll (0x000078e2e059bb08) [0x000078e2e059bc00, 0x000078e2e059c4c0] Compiler: c1, Barriers: 4, Oops: 1, ImmediateOops: 0, NonImmediateOops: No
[2,756s][debug][gc,nmethod     ] Register NMethod: java.io.BufferedOutputStream.write (0x000078e2e059c508) [0x000078e2e059c600, 0x000078e2e059cc50] Compiler: c1, Barriers: 3, Oops: 0, ImmediateOops: 0, NonImmediateOops: No
[2,756s][debug][gc,nmethod     ] Register NMethod: java.util.concurrent.locks.AbstractQueuedSynchronizer.acquire (0x000078e2e059cc88) [0x000078e2e059cd80, 0x000078e2e059cf18] Compiler: c1, Barriers: 0, Oops: 0, ImmediateOops: 0, NonImmediateOops: No
[2,759s][debug][gc,nmethod     ] Register NMethod: io.sirix.access.trx.node.AbstractNodeReadOnlyTrx.getFirstChildKind (0x000078e2e059cf88) [0x000078e2e059d080, 0x000078e2e059f648] Compiler: c1, Barriers: 5, Oops: 1, ImmediateOops: 5, NonImmediateOops: No
[2,759s][debug][gc,nmethod     ] Register NMethod: java.io.FilterOutputStream.write (0x000078e2fedddd88) [0x000078e2feddde80, 0x000078e2fedde508] Compiler: jvmci, Barriers: 3, Oops: 0, ImmediateOops: 0, NonImmediateOops: No
[2,760s][debug][gc,nmethod     ] Register NMethod: java.lang.String.encode (0x000078e2fedde588) [0x000078e2fedde680, 0x000078e2fedde858] Compiler: jvmci, Barriers: 0, Oops: 0, ImmediateOops: 1, NonImmediateOops: No
[2,761s][debug][gc,nmethod     ] Register NMethod: java.lang.StringCoding.countPositives (0x000078e2fedde888) [0x000078e2fedde980, 0x000078e2feddebc8] Compiler: jvmci, Barriers: 0, Oops: 0, ImmediateOops: 0, NonImmediateOops: No
[2,761s][debug][gc,nmethod     ] Register NMethod: java.util.concurrent.locks.AbstractQueuedSynchronizer$Node.setPrevRelaxed (0x000078e2e059f688) [0x000078e2e059f780, 0x000078e2e059f8f0] Compiler: c1, Barriers: 3, Oops: 0, ImmediateOops: 0, NonImmediateOops: No
[2,761s][debug][gc,nmethod     ] Register NMethod: java.util.concurrent.locks.AbstractQueuedSynchronizer.casTail (0x000078e2e059f988) [0x000078e2e059fa80, 0x000078e2e059fbf8] Compiler: c1, Barriers: 5, Oops: 0, ImmediateOops: 0, NonImmediateOops: No
[2,761s][debug][gc,nmethod     ] Register NMethod: sun.nio.cs.UTF_8.newDecoder (0x000078e2e059fc88) [0x000078e2e059fda0, 0x000078e2e059ffb0] Compiler: c1, Barriers: 0, Oops: 0, ImmediateOops: 0, NonImmediateOops: No
[2,762s][debug][gc,nmethod     ] Register NMethod: java.nio.charset.CharsetDecoder.<init> (0x000078e2e05a0008) [0x000078e2e05a0100, 0x000078e2e05a0240] Compiler: c1, Barriers: 0, Oops: 0, ImmediateOops: 1, NonImmediateOops: No
[2,762s][debug][gc,nmethod     ] Register NMethod: org.gradle.internal.remote.internal.hub.protocol.ChannelIdentifier.hashCode (0x000078e2e05a0308) [0x000078e2e05a0400, 0x000078e2e05a0730] Compiler: c1, Barriers: 1, Oops: 1, ImmediateOops: 0, NonImmediateOops: No
[2,762s][debug][gc,nmethod     ] Register NMethod: org.gradle.internal.remote.internal.hub.DefaultMethodArgsSerializer$ArraySerializer.write (0x000078e2e05a0788) [0x000078e2e05a0880, 0x000078e2e05a0d28] Compiler: c1, Barriers: 3, Oops: 1, ImmediateOops: 0, NonImmediateOops: No
[2,762s][debug][gc,nmethod     ] Register NMethod: java.nio.charset.CharsetDecoder.<init> (0x000078e2e05a0d88) [0x000078e2e05a0e80, 0x000078e2e05a16f0] Compiler: c1, Barriers: 12, Oops: 0, ImmediateOops: 6, NonImmediateOops: No
[2,762s][debug][gc,nmethod     ] Register NMethod: java.nio.CharBuffer.allocate (0x000078e2e05a1708) [0x000078e2e05a1800, 0x000078e2e05a19f8] Compiler: c1, Barriers: 0, Oops: 0, ImmediateOops: 0, NonImmediateOops: No
[2,762s][debug][gc,nmethod     ] Register NMethod: java.nio.charset.CharsetDecoder.replaceWith (0x000078e2e05a1a08) [0x000078e2e05a1b00, 0x000078e2e05a2610] Compiler: c1, Barriers: 4, Oops: 0, ImmediateOops: 3, NonImmediateOops: No
[2,762s][debug][gc,nmethod     ] Register NMethod: java.nio.HeapCharBuffer.<init> (0x000078e2e05a2688) [0x000078e2e05a2780, 0x000078e2e05a2980] Compiler: c1, Barriers: 0, Oops: 0, ImmediateOops: 0, NonImmediateOops: No
[2,762s][debug][gc,nmethod     ] Register NMethod: java.util.concurrent.locks.AbstractQueuedSynchronizer$ConditionObject.signalAll (0x000078e2e05a2988) [0x000078e2e05a2a80, 0x000078e2e05a2f60] Compiler: c1, Barriers: 2, Oops: 0, ImmediateOops: 0, NonImmediateOops: No
[2,762s][debug][gc,nmethod     ] Register NMethod: org.gradle.api.internal.tasks.testing.worker.TestEventSerializer$IdSerializer.write (0x000078e2e05a2f88) [0x000078e2e05a3080, 0x000078e2e05a3e68] Compiler: c1, Barriers: 4, Oops: 1, ImmediateOops: 0, NonImmediateOops: No
[2,763s][debug][gc,nmethod     ] Register NMethod: org.gradle.internal.remote.internal.hub.MessageHub.assertRunning (0x000078e2e05a3e88) [0x000078e2e05a3f80, 0x000078e2e05a5598] Compiler: c1, Barriers: 15, Oops: 2, ImmediateOops: 3, NonImmediateOops: No
[2,763s][debug][gc,nmethod     ] Register NMethod: com.esotericsoftware.kryo.io.Output.writeUtf8Length (0x000078e2e05a5608) [0x000078e2e05a5700, 0x000078e2e05a5f50] Compiler: c1, Barriers: 5, Oops: 1, ImmediateOops: 0, NonImmediateOops: No
[2,763s][debug][gc,nmethod     ] Register NMethod: org.gradle.internal.remote.internal.hub.InterHubMessageSerializer$MessageWriter.write (0x000078e2e05a5f88) [0x000078e2e05a6080, 0x000078e2e05a63c0] Compiler: c1, Barriers: 0, Oops: 1, ImmediateOops: 0, NonImmediateOops: No
[2,763s][debug][gc,nmethod     ] Register NMethod: org.gradle.internal.remote.internal.hub.MethodInvocationSerializer$MethodInvocationWriter.write (0x000078e2e05a6408) [0x000078e2e05a6500, 0x000078e2e05a6840] Compiler: c1, Barriers: 0, Oops: 1, ImmediateOops: 0, NonImmediateOops: No
[2,763s][debug][gc,nmethod     ] Register NMethod: org.gradle.internal.time.MonotonicClock.getCurrentTime (0x000078e2e05a6888) [0x000078e2e05a6980, 0x000078e2e05a72e8] Compiler: c1, Barriers: 3, Oops: 1, ImmediateOops: 1, NonImmediateOops: No
[2,763s][debug][gc,nmethod     ] Register NMethod: org.gradle.internal.remote.internal.hub.DefaultMethodArgsSerializer$ArraySerializer.write (0x000078e2e05a7308) [0x000078e2e05a7400, 0x000078e2e05a7740] Compiler: c1, Barriers: 0, Oops: 1, ImmediateOops: 0, NonImmediateOops: No
[2,763s][debug][gc,nmethod     ] Register NMethod: org.gradle.internal.remote.internal.hub.MethodInvocationSerializer$MethodInvocationWriter.writeMethod (0x000078e2e05a7788) [0x000078e2e05a7880, 0x000078e2e05ab8f8] Compiler: c1, Barriers: 31, Oops: 1, ImmediateOops: 3, NonImmediateOops: No
[2,763s][debug][gc,nmethod     ] Register NMethod: org.gradle.internal.time.MonotonicClock.syncIsDue (0x000078e2e05ab908) [0x000078e2e05aba00, 0x000078e2e05abdb8] Compiler: c1, Barriers: 1, Oops: 1, ImmediateOops: 0, NonImmediateOops: No
[2,763s][debug][gc,nmethod     ] Register NMethod: org.gradle.internal.time.MonotonicClock.advance (0x000078e2e05abe08) [0x000078e2e05abf00, 0x000078e2e05ac560] Compiler: c1, Barriers: 2, Oops: 1, ImmediateOops: 0, NonImmediateOops: No
[2,763s][debug][gc,nmethod     ] Register NMethod: org.gradle.internal.serialize.kryo.TypeSafeSerializer$2.write (0x000078e2e05ac588) [0x000078e2e05ac680, 0x000078e2e05acfc0] Compiler: c1, Barriers: 3, Oops: 1, ImmediateOops: 0, NonImmediateOops: No
[2,763s][debug][gc,nmethod     ] Register NMethod: org.gradle.internal.dispatch.ProxyDispatchAdapter$DispatchingInvocationHandler.invoke (0x000078e2e05ad008) [0x000078e2e05ad100, 0x000078e2e05b1d18] Compiler: c1, Barriers: 26, Oops: 4, ImmediateOops: 20, NonImmediateOops: No
[2,763s][debug][gc,nmethod     ] Register NMethod: org.gradle.internal.remote.internal.hub.MessageHub$ChannelDispatch.dispatch (0x000078e2e05b1d88) [0x000078e2e05b1e80, 0x000078e2e05b3000] Compiler: c1, Barriers: 17, Oops: 2, ImmediateOops: 1, NonImmediateOops: No
[2,764s][debug][gc,nmethod     ] Register NMethod: org.gradle.internal.serialize.DefaultSerializerRegistry$TaggedTypeSerializer.write (0x000078e2e05b3088) [0x000078e2e05b3180, 0x000078e2e05b3b10] Compiler: c1, Barriers: 3, Oops: 1, ImmediateOops: 0, NonImmediateOops: No
[2,764s][debug][gc,nmethod     ] Register NMethod: org.gradle.internal.remote.internal.hub.InterHubMessageSerializer$MessageWriter.write (0x000078e2e05b3b88) [0x000078e2e05b3c80, 0x000078e2e05b4a60] Compiler: c1, Barriers: 6, Oops: 1, ImmediateOops: 0, NonImmediateOops: No
[2,764s][debug][gc,nmethod     ] Register NMethod: com.esotericsoftware.kryo.io.Output.writeByte (0x000078e2e05b4a88) [0x000078e2e05b4b80, 0x000078e2e05b4d80] Compiler: c1, Barriers: 1, Oops: 1, ImmediateOops: 0, NonImmediateOops: No
[2,764s][debug][gc,nmethod     ] Register NMethod: org.gradle.internal.serialize.DefaultSerializerRegistry$TaggedTypeSerializer.map (0x000078e2e05b4e08) [0x000078e2e05b4f00, 0x000078e2e05b7ea0] Compiler: c1, Barriers: 13, Oops: 2, ImmediateOops: 2, NonImmediateOops: No
[2,764s][debug][gc,nmethod     ] Register NMethod: org.gradle.api.internal.tasks.testing.redirector.DefaultStandardOutputRedirector$WriteAction.text (0x000078e2e05b7f08) [0x000078e2e05b8000, 0x000078e2e05b81a8] Compiler: c1, Barriers: 1, Oops: 1, ImmediateOops: 0, NonImmediateOops: No
[2,764s][debug][gc,nmethod     ] Register NMethod: jdk.proxy1.$Proxy5.output (0x000078e2e05b8208) [0x000078e2e05b8300, 0x000078e2e05b8d38] Compiler: c1, Barriers: 7, Oops: 2, ImmediateOops: 1, NonImmediateOops: No
[2,764s][debug][gc,nmethod     ] Register NMethod: org.gradle.internal.io.StreamByteBuffer$StreamByteBufferChunk.readToNioBuffer (0x000078e2e05b8d88) [0x000078e2e05b8e80, 0x000078e2e05b9190] Compiler: c1, Barriers: 2, Oops: 1, ImmediateOops: 0, NonImmediateOops: No
[2,764s][debug][gc,nmethod     ] Register NMethod: org.gradle.internal.remote.internal.hub.MethodInvocationSerializer$MethodInvocationWriter.write (0x000078e2e05b9208) [0x000078e2e05b9300, 0x000078e2e05bb180] Compiler: c1, Barriers: 18, Oops: 2, ImmediateOops: 2, NonImmediateOops: No
[2,764s][debug][gc,nmethod     ] Register NMethod: org.gradle.internal.remote.internal.hub.InterHubMessageSerializer$MessageWriter.writeChannelId (0x000078e2e05bb208) [0x000078e2e05bb300, 0x000078e2e05bcaa8] Compiler: c1, Barriers: 14, Oops: 1, ImmediateOops: 2, NonImmediateOops: No
[2,764s][debug][gc,nmethod     ] Register NMethod: org.gradle.internal.io.LineBufferingOutputStream.write (0x000078e2feddec08) [0x000078e2fedded00, 0x000078e2feddf010] Compiler: jvmci, Barriers: 4, Oops: 1, ImmediateOops: 0, NonImmediateOops: No
[2,764s][debug][gc,nmethod     ] Register NMethod: org.gradle.internal.serialize.BaseSerializerFactory$EnumSerializer.write (0x000078e2e05bcb08) [0x000078e2e05bcc00, 0x000078e2e05bd2b0] Compiler: c1, Barriers: 1, Oops: 1, ImmediateOops: 0, NonImmediateOops: No
[2,765s][debug][gc,nmethod     ] Register NMethod: org.gradle.internal.io.StreamByteBuffer$StreamByteBufferOutputStream.write (0x000078e2feddf088) [0x000078e2feddf180, 0x000078e2feddf370] Compiler: jvmci, Barriers: 3, Oops: 1, ImmediateOops: 0, NonImmediateOops: No
[2,765s][debug][gc,nmethod     ] Register NMethod: java.nio.charset.CharsetDecoder.flush (0x000078e2e05bd308) [0x000078e2e05bd400, 0x000078e2e05bda90] Compiler: c1, Barriers: 0, Oops: 1, ImmediateOops: 3, NonImmediateOops: No
[2,765s][debug][gc,nmethod     ] Register NMethod: java.util.LinkedList.clear (0x000078e2e05bdb08) [0x000078e2e05bdc00, 0x000078e2e05be090] Compiler: c1, Barriers: 17, Oops: 0, ImmediateOops: 0, NonImmediateOops: No
[2,765s][debug][gc,nmethod     ] Register NMethod: org.gradle.api.internal.tasks.testing.worker.TestEventSerializer$DefaultTestOutputEventSerializer.write (0x000078e2e05be108) [0x000078e2e05be200, 0x000078e2e05beb80] Compiler: c1, Barriers: 5, Oops: 1, ImmediateOops: 1, NonImmediateOops: No
[2,765s][debug][gc,nmethod     ] Register NMethod: org.gradle.internal.remote.internal.inet.SocketConnection.dispatch (0x000078e2e05bec08) [0x000078e2e05bed00, 0x000078e2e05c4378] Compiler: c1, Barriers: 57, Oops: 2, ImmediateOops: 8, NonImmediateOops: No
[2,765s][debug][gc,nmethod     ] Register NMethod: java.nio.HeapCharBuffer.toString (0x000078e2e05c4408) [0x000078e2e05c4500, 0x000078e2e05c47b8] Compiler: c1, Barriers: 1, Oops: 0, ImmediateOops: 0, NonImmediateOops: No
[2,765s][debug][gc,nmethod     ] Register NMethod: org.gradle.internal.io.StreamByteBuffer.allocateSpace (0x000078e2feddf388) [0x000078e2feddf480, 0x000078e2feddf590] Compiler: jvmci, Barriers: 1, Oops: 1, ImmediateOops: 0, NonImmediateOops: No
[2,765s][debug][gc,nmethod     ] Register NMethod: org.gradle.internal.io.StreamByteBuffer$StreamByteBufferChunk.write (0x000078e2feddf688) [0x000078e2feddf780, 0x000078e2feddf8c8] Compiler: jvmci, Barriers: 1, Oops: 1, ImmediateOops: 0, NonImmediateOops: No
[2,765s][debug][gc,nmethod     ] Register NMethod: org.gradle.api.internal.tasks.testing.redirector.TestOutputRedirector$Forwarder.onOutput (0x000078e2e05c4808) [0x000078e2e05c4900, 0x000078e2e05c69d8] Compiler: c1, Barriers: 12, Oops: 3, ImmediateOops: 4, NonImmediateOops: No
[2,765s][debug][gc,nmethod     ] Register NMethod: it.unimi.dsi.fastutil.longs.LongArrayList.isEmpty (0x000078e2feddf988) [0x000078e2feddfa80, 0x000078e2feddfb10] Compiler: jvmci, Barriers: 0, Oops: 1, ImmediateOops: 0, NonImmediateOops: No
[2,766s][debug][gc,nmethod     ] Register NMethod: java.nio.ByteBuffer.position (0x000078e2feddfc88) [0x000078e2feddfd80, 0x000078e2feddfe60] Compiler: jvmci, Barriers: 0, Oops: 0, ImmediateOops: 0, NonImmediateOops: No
[2,766s][debug][gc,nmethod     ] Register NMethod: java.lang.String.encodeUTF8 (0x000078e2feddff88) [0x000078e2fede0080, 0x000078e2fede0238] Compiler: jvmci, Barriers: 0, Oops: 0, ImmediateOops: 0, NonImmediateOops: No
[2,767s][debug][gc,nmethod     ] Register NMethod: com.github.benmanes.caffeine.cache.SSLS.statsTicker (0x000078e2fede0288) [0x000078e2fede0380, 0x000078e2fede0410] Compiler: jvmci, Barriers: 0, Oops: 1, ImmediateOops: 1, NonImmediateOops: No
[2,767s][debug][gc,nmethod     ] Register NMethod: com.github.benmanes.caffeine.cache.SystemTicker.read (0x000078e2fede0588) [0x000078e2fede0680, 0x000078e2fede0710] Compiler: jvmci, Barriers: 0, Oops: 1, ImmediateOops: 0, NonImmediateOops: No
[2,770s][debug][gc,nmethod     ] Register NMethod: com.sun.org.apache.xalan.internal.xsltc.dom.DOMAdapter.getExpandedTypeID (0x000078e2fede0888) [0x000078e2fede0980, 0x000078e2fede1050] Compiler: jvmci, Barriers: 16, Oops: 0, ImmediateOops: 0, NonImmediateOops: No
[2,771s][debug][gc,nmethod     ] Register NMethod: io.sirix.access.trx.node.AbstractNodeReadOnlyTrx.getFirstChildKey (0x000078e2fede1088) [0x000078e2fede1180, 0x000078e2fede1708] Compiler: jvmci, Barriers: 7, Oops: 1, ImmediateOops: 0, NonImmediateOops: No
[2,772s][debug][gc,nmethod     ] Register NMethod: com.sun.org.apache.xml.internal.dtm.ref.sax2dtm.SAX2DTM2.getExpandedTypeID2 (0x000078e2fede1788) [0x000078e2fede1880, 0x000078e2fede1c80] Compiler: jvmci, Barriers: 7, Oops: 0, ImmediateOops: 0, NonImmediateOops: No
[2,772s][debug][gc,nmethod     ] Register NMethod: com.sun.org.apache.xalan.internal.xsltc.dom.DOMAdapter.getMapping (0x000078e2fede1c88) [0x000078e2fede1d80, 0x000078e2fede2018] Compiler: jvmci, Barriers: 8, Oops: 0, ImmediateOops: 0, NonImmediateOops: No
[2,773s][debug][gc,nmethod     ] Register NMethod: java.util.concurrent.locks.ReentrantLock$Sync.tryRelease (0x000078e2fede2088) [0x000078e2fede2180, 0x000078e2fede23b8] Compiler: jvmci, Barriers: 4, Oops: 0, ImmediateOops: 0, NonImmediateOops: No
[2,773s][debug][gc,nmethod     ] Register NMethod: jdk.internal.misc.Unsafe.allocateMemory (0x000078e2fede2408) [0x000078e2fede2500, 0x000078e2fede2648] Compiler: jvmci, Barriers: 0, Oops: 0, ImmediateOops: 0, NonImmediateOops: No
[2,774s][debug][gc,nmethod     ] Register NMethod: java.util.concurrent.locks.AbstractQueuedSynchronizer.signalNext (0x000078e2fede2708) [0x000078e2fede2800, 0x000078e2fede2990] Compiler: jvmci, Barriers: 2, Oops: 1, ImmediateOops: 1, NonImmediateOops: No
[2,775s][debug][gc,nmethod     ] Register NMethod: io.sirix.node.xml.ElementNode.getLeftSiblingKey (0x000078e2fede2a08) [0x000078e2fede2b00, 0x000078e2fede2db0] Compiler: jvmci, Barriers: 4, Oops: 1, ImmediateOops: 0, NonImmediateOops: No
[2,776s][debug][gc,nmethod     ] Register NMethod: io.brackit.query.atomic.AbstractAtomic.atomicCmp (0x000078e2e05c6a08) [0x000078e2e05c6b00, 0x000078e2e05c6d10] Compiler: c1, Barriers: 0, Oops: 1, ImmediateOops: 0, NonImmediateOops: No
[2,776s][debug][gc,nmethod     ] Register NMethod: io.sirix.node.GrowingMemorySegment.getUsedSegment (0x000078e2fede2e08) [0x000078e2fede2f00, 0x000078e2fede3270] Compiler: jvmci, Barriers: 6, Oops: 1, ImmediateOops: 0, NonImmediateOops: No
[2,780s][debug][gc,nmethod     ] Register NMethod: io.brackit.query.function.AbstractFunction.getName (0x000078e2fede3288) [0x000078e2fede3380, 0x000078e2fede3468] Compiler: c1, Barriers: 1, Oops: 1, ImmediateOops: 0, NonImmediateOops: No
[2,780s][debug][gc,nmethod     ] Register NMethod: com.sun.org.apache.xerces.internal.dom.AttrNSImpl.getPrefix (0x000078e2fede3588) [0x000078e2fede3680, 0x000078e2fede3b30] Compiler: jvmci, Barriers: 4, Oops: 0, ImmediateOops: 1, NonImmediateOops: No
[2,781s][debug][gc,nmethod     ] Register NMethod: io.brackit.query.jdm.type.SequenceType.<init> (0x000078e2e05c6d88) [0x000078e2e05c6e80, 0x000078e2e05c7068] Compiler: c1, Barriers: 6, Oops: 1, ImmediateOops: 0, NonImmediateOops: No
[2,781s][debug][gc,nmethod     ] Register NMethod: com.sun.org.apache.xerces.internal.dom.AttrImpl.getValue (0x000078e2fede3b88) [0x000078e2fede3c80, 0x000078e2fede49a8] Compiler: jvmci, Barriers: 24, Oops: 0, ImmediateOops: 0, NonImmediateOops: No
[2,790s][debug][gc,nmethod     ] Register NMethod: jdk.internal.foreign.ArenaImpl.allocate (0x000078e2fede4a08) [0x000078e2fede4b00, 0x000078e2fede5710] Compiler: jvmci, Barriers: 26, Oops: 1, ImmediateOops: 6, NonImmediateOops: No
[2,790s][debug][gc,nmethod     ] Register NMethod: jdk.internal.foreign.ArenaImpl.allocate (0x000078e2fede5788) [0x000078e2fede5880, 0x000078e2fede6490] Compiler: jvmci, Barriers: 26, Oops: 1, ImmediateOops: 6, NonImmediateOops: No
[2,791s][debug][gc,nmethod     ] Register NMethod: io.brackit.query.function.AbstractFunction.<init> (0x000078e2e05c7088) [0x000078e2e05c7180, 0x000078e2e05c7370] Compiler: c1, Barriers: 6, Oops: 1, ImmediateOops: 0, NonImmediateOops: No
[2,791s][debug][gc,nmethod     ] Register NMethod: java.io.FileInputStream.read (0x000078e2e05c7388) [0x000078e2e05c7480, 0x000078e2e05c7658] Compiler: c1, Barriers: 0, Oops: 0, ImmediateOops: 1, NonImmediateOops: No
[2,791s][debug][gc,nmethod     ] Register NMethod: io.brackit.query.module.Functions.predefine (0x000078e2e05c7688) [0x000078e2e05c7780, 0x000078e2e05c7d20] Compiler: c1, Barriers: 10, Oops: 1, ImmediateOops: 3, NonImmediateOops: No
[2,792s][debug][gc,nmethod     ] Register NMethod: java.io.FileDescriptor.attach (0x000078e2e05c7d88) [0x000078e2e05c7e80, 0x000078e2e05c85a8] Compiler: c1, Barriers: 16, Oops: 0, ImmediateOops: 1, NonImmediateOops: No
[2,792s][debug][gc,nmethod     ] Register NMethod: io.brackit.query.jdm.Signature.<init> (0x000078e2e05c8608) [0x000078e2e05c8700, 0x000078e2e05c8968] Compiler: c1, Barriers: 9, Oops: 1, ImmediateOops: 0, NonImmediateOops: No
[2,792s][debug][gc,nmethod     ] Register NMethod: java.io.FileDescriptor$1.getHandle (0x000078e2e05c8988) [0x000078e2e05c8a80, 0x000078e2e05c8b80] Compiler: c1, Barriers: 0, Oops: 0, ImmediateOops: 0, NonImmediateOops: No
[2,792s][debug][gc,nmethod     ] Register NMethod: java.io.FileDescriptor$1.get (0x000078e2e05c8c88) [0x000078e2e05c8d80, 0x000078e2e05c8e80] Compiler: c1, Barriers: 0, Oops: 0, ImmediateOops: 0, NonImmediateOops: No
[2,792s][debug][gc,nmethod     ] Register NMethod: java.io.FileCleanable.<init> (0x000078e2e05c8f88) [0x000078e2e05c9080, 0x000078e2e05c91c8] Compiler: c1, Barriers: 0, Oops: 0, ImmediateOops: 0, NonImmediateOops: No
[2,792s][debug][gc,nmethod     ] Register NMethod: java.io.FileDescriptor.registerCleanup (0x000078e2e05c9288) [0x000078e2e05c9380, 0x000078e2e05c9780] Compiler: c1, Barriers: 4, Oops: 1, ImmediateOops: 1, NonImmediateOops: No
[2,792s][debug][gc,nmethod     ] Register NMethod: jdk.internal.foreign.MemorySessionImpl.addInternal (0x000078e2fede6508) [0x000078e2fede6600, 0x000078e2fede6b68] Compiler: jvmci, Barriers: 23, Oops: 0, ImmediateOops: 1, NonImmediateOops: No
[2,792s][debug][gc,nmethod     ] Register NMethod: java.io.FileCleanable.register (0x000078e2e05c9808) [0x000078e2e05c9900, 0x000078e2e05c9d80] Compiler: c1, Barriers: 4, Oops: 0, ImmediateOops: 1, NonImmediateOops: No
[2,795s][debug][gc,nmethod     ] Register NMethod: java.io.FileInputStream.open0 (0x000078e2fede6b88) [0x000078e2fede6c80, 0x000078e2fede6dd8] Compiler: , Barriers: 0, Oops: 0, ImmediateOops: 0, NonImmediateOops: No
[2,799s][debug][gc,nmethod     ] Register NMethod: jdk.internal.foreign.SegmentFactories.allocateNativeSegment (0x000078e2fede6e88) [0x000078e2fede6fa0, 0x000078e2fede7b80] Compiler: jvmci, Barriers: 25, Oops: 1, ImmediateOops: 6, NonImmediateOops: No
[2,799s][debug][gc,nmethod     ] Register NMethod: jdk.internal.foreign.Utils.checkAlign (0x000078e2fede7c08) [0x000078e2fede7d00, 0x000078e2fede7da8] Compiler: jvmci, Barriers: 0, Oops: 0, ImmediateOops: 0, NonImmediateOops: No
[2,800s][debug][gc,nmethod     ] Register NMethod: jdk.internal.foreign.SegmentFactories.allocateNativeInternal (0x000078e2fede7f08) [0x000078e2fede8020, 0x000078e2fede8b68] Compiler: jvmci, Barriers: 23, Oops: 1, ImmediateOops: 6, NonImmediateOops: No
[2,803s][debug][gc,nmethod     ] Register NMethod: io.brackit.query.compiler.parser.Tokenizer.ws (0x000078e2e05c9d88) [0x000078e2e05c9e80, 0x000078e2e05ca2d8] Compiler: c1, Barriers: 1, Oops: 1, ImmediateOops: 0, NonImmediateOops: No
[2,804s][debug][gc,nmethod     ] Register NMethod: java.lang.Integer.toString (0x000078e2fede8b88) [0x000078e2fede8c80, 0x000078e2fede9098] Compiler: jvmci, Barriers: 2, Oops: 0, ImmediateOops: 2, NonImmediateOops: No
[2,805s][debug][gc,nmethod     ] Register NMethod: java.util.RegularEnumSet.contains (0x000078e2fede9108) [0x000078e2fede9200, 0x000078e2fede9398] Compiler: jvmci, Barriers: 2, Oops: 0, ImmediateOops: 0, NonImmediateOops: No
[2,807s][debug][gc,nmethod     ] Register NMethod: io.brackit.query.compiler.AST.getType (0x000078e2fede9408) [0x000078e2fede9500, 0x000078e2fede95c0] Compiler: c1, Barriers: 0, Oops: 1, ImmediateOops: 0, NonImmediateOops: No
[2,809s][debug][gc,nmethod     ] Register NMethod: it.unimi.dsi.fastutil.longs.LongArrayList.grow (0x000078e2fede9708) [0x000078e2fede9800, 0x000078e2fede9c70] Compiler: jvmci, Barriers: 4, Oops: 1, ImmediateOops: 1, NonImmediateOops: No
[2,809s][debug][gc,nmethod     ] Register NMethod: jdk.internal.foreign.HeapMemorySegmentImpl$OfByte.unsafeGetBase (0x000078e2fede9c88) [0x000078e2fede9d80, 0x000078e2fede9e88] Compiler: jvmci, Barriers: 1, Oops: 0, ImmediateOops: 0, NonImmediateOops: No
[2,810s][debug][gc,nmethod     ] Register NMethod: it.unimi.dsi.fastutil.longs.LongArrayList.add (0x000078e2fede9f88) [0x000078e2fedea080, 0x000078e2fedea580] Compiler: jvmci, Barriers: 4, Oops: 1, ImmediateOops: 1, NonImmediateOops: No
[2,811s][debug][gc,nmethod     ] Register NMethod: java.util.ArrayList.<init> (0x000078e2fedea608) [0x000078e2fedea700, 0x000078e2fedeaa38] Compiler: jvmci, Barriers: 6, Oops: 0, ImmediateOops: 1, NonImmediateOops: No
[2,812s][debug][gc,nmethod     ] Register NMethod: java.util.stream.AbstractPipeline.sourceSpliterator (0x000078e2fedeaa88) [0x000078e2fedeab80, 0x000078e2fedeae10] Compiler: jvmci, Barriers: 4, Oops: 0, ImmediateOops: 0, NonImmediateOops: No
[2,813s][debug][gc,nmethod     ] Register NMethod: net.openhft.hashing.XXH3.XXH3_mix16B (0x000078e2fedeae88) [0x000078e2fedeaf80, 0x000078e2fedeb098] Compiler: jvmci, Barriers: 0, Oops: 1, ImmediateOops: 1, NonImmediateOops: No
[2,814s][debug][gc,nmethod     ] Register NMethod: net.openhft.hashing.Maths.unsignedLongMulXorFold (0x000078e2fedeb188) [0x000078e2fedeb280, 0x000078e2fedeb310] Compiler: jvmci, Barriers: 0, Oops: 1, ImmediateOops: 0, NonImmediateOops: No
[2,814s][debug][gc,nmethod     ] Register NMethod: net.openhft.hashing.MathsJDK9.unsignedLongMulXorFoldImp (0x000078e2fedeb488) [0x000078e2fedeb580, 0x000078e2fedeb630] Compiler: jvmci, Barriers: 0, Oops: 1, ImmediateOops: 0, NonImmediateOops: No
[2,815s][debug][gc,nmethod     ] Register NMethod: java.io.UnixFileSystem.getLength0 (0x000078e2fedeb788) [0x000078e2fedeb880, 0x000078e2fedeb9e8] Compiler: , Barriers: 0, Oops: 0, ImmediateOops: 0, NonImmediateOops: No
[2,815s][debug][gc,nmethod     ] Register NMethod: jdk.internal.loader.Resource.getManifest (0x000078e2fedeba88) [0x000078e2fedebb80, 0x000078e2fedebc48] Compiler: c1, Barriers: 0, Oops: 0, ImmediateOops: 0, NonImmediateOops: No
[2,815s][debug][gc,nmethod     ] Register NMethod: jdk.internal.loader.Resource.getCodeSigners (0x000078e2fedebd88) [0x000078e2fedebe80, 0x000078e2fedebf48] Compiler: c1, Barriers: 0, Oops: 0, ImmediateOops: 0, NonImmediateOops: No
[2,817s][debug][gc,nmethod     ] Register NMethod: java.util.stream.AbstractPipeline.copyInto (0x000078e2fedec088) [0x000078e2fedec1a0, 0x000078e2fedecda8] Compiler: jvmci, Barriers: 24, Oops: 0, ImmediateOops: 0, NonImmediateOops: No
[2,819s][debug][gc,nmethod     ] Register NMethod: com.github.benmanes.caffeine.cache.UnboundedLocalCache.statsTicker (0x000078e2fedece08) [0x000078e2fedecf00, 0x000078e2fedecfe8] Compiler: c1, Barriers: 1, Oops: 1, ImmediateOops: 0, NonImmediateOops: No
[2,820s][debug][gc,nmethod     ] Register NMethod: com.google.gson.stream.JsonReader.nextName (0x000078e2e05ca308) [0x000078e2e05ca400, 0x000078e2e05cbdb0] Compiler: c1, Barriers: 4, Oops: 2, ImmediateOops: 3, NonImmediateOops: No
[2,820s][debug][gc,nmethod     ] Register NMethod: io.sirix.page.KeyValueLeafPage.setSlot (0x000078e2feded108) [0x000078e2feded200, 0x000078e2feded300] Compiler: jvmci, Barriers: 2, Oops: 1, ImmediateOops: 0, NonImmediateOops: No
[2,820s][debug][gc,nmethod     ] Register NMethod: com.github.benmanes.caffeine.cache.LocalAsyncCache$CacheView.asyncCache (0x000078e2feded408) [0x000078e2feded500, 0x000078e2feded5e8] Compiler: c1, Barriers: 1, Oops: 1, ImmediateOops: 0, NonImmediateOops: No
[2,820s][debug][gc,nmethod     ] Register NMethod: io.sirix.io.RevisionFileData.offset (0x000078e2feded708) [0x000078e2feded800, 0x000078e2feded8c0] Compiler: c1, Barriers: 0, Oops: 1, ImmediateOops: 0, NonImmediateOops: No
[2,820s][debug][gc,nmethod     ] Register NMethod: io.sirix.page.DeserializedBitmapReferencesPageTuple.getReferences (0x000078e2fededa08) [0x000078e2fededb00, 0x000078e2fededbe8] Compiler: c1, Barriers: 1, Oops: 1, ImmediateOops: 0, NonImmediateOops: No
[2,821s][debug][gc,nmethod     ] Register NMethod: io.sirix.page.DeserializedBitmapReferencesPageTuple.getBitmap (0x000078e2fededd08) [0x000078e2fedede00, 0x000078e2fededee8] Compiler: c1, Barriers: 1, Oops: 1, ImmediateOops: 0, NonImmediateOops: No
[2,821s][debug][gc,nmethod     ] Register NMethod: io.sirix.node.MemorySegmentBytesIn.readBoolean (0x000078e2e05cbe08) [0x000078e2e05cbf00, 0x000078e2e05cc098] Compiler: c1, Barriers: 0, Oops: 1, ImmediateOops: 0, NonImmediateOops: No
[2,821s][debug][gc,nmethod     ] Register NMethod: io.sirix.page.PageKind.deserializeMaxNodeKeys (0x000078e2e05cc108) [0x000078e2e05cc220, 0x000078e2e05cc6d8] Compiler: c1, Barriers: 0, Oops: 1, ImmediateOops: 0, NonImmediateOops: No
[2,821s][debug][gc,nmethod     ] Register NMethod: io.sirix.page.PageKind.deserializeCurrentMaxLevelsOfIndirectPages (0x000078e2e05cc708) [0x000078e2e05cc820, 0x000078e2e05cccd8] Compiler: c1, Barriers: 0, Oops: 1, ImmediateOops: 0, NonImmediateOops: No
[2,822s][debug][gc,nmethod     ] Register NMethod: io.sirix.node.xml.ElementNode.setHash (0x000078e2fedee008) [0x000078e2fedee100, 0x000078e2fedee458] Compiler: jvmci, Barriers: 6, Oops: 1, ImmediateOops: 1, NonImmediateOops: No
[2,823s][debug][gc,nmethod     ] Register NMethod: java.lang.invoke.MethodHandle.linkToSpecial (0x000078e2fedee488) [0x000078e2fedee580, 0x000078e2fedee678] Compiler: , Barriers: 0, Oops: 0, ImmediateOops: 0, NonImmediateOops: No
[2,823s][debug][gc,nmethod     ] Register NMethod: jdk.internal.constant.ConstantUtils.validateInternalClassName (0x000078e2e05ccd08) [0x000078e2e05cce00, 0x000078e2e05ccf18] Compiler: c1, Barriers: 0, Oops: 0, ImmediateOops: 0, NonImmediateOops: No
[2,824s][debug][gc,nmethod     ] Register NMethod: java.util.concurrent.locks.AbstractQueuedSynchronizer.acquire (0x000078e2e04bf588) [0x000078e2e04bf680, 0x000078e2e04c05d8] Compiler: c1, Barriers: 24, Oops: 0, ImmediateOops: 0, NonImmediateOops: No
[2,825s][debug][gc,nmethod     ] Register NMethod: jdk.internal.constant.ConstantUtils.validateClassOrPackageName (0x000078e2e05cd008) [0x000078e2e05cd100, 0x000078e2e05d4f28] Compiler: c1, Barriers: 15, Oops: 2, ImmediateOops: 41, NonImmediateOops: No
[2,825s][debug][gc,nmethod     ] Register NMethod: org.custommonkey.xmlunit.XpathNodeTracker.visited (0x000078e2fedee788) [0x000078e2fedee880, 0x000078e2fedef598] Compiler: jvmci, Barriers: 27, Oops: 1, ImmediateOops: 1, NonImmediateOops: No
[2,825s][debug][gc,nmethod     ] Register NMethod: io.sirix.node.MemorySegmentBytesIn.read (0x000078e2fedef608) [0x000078e2fedef700, 0x000078e2fedefaf0] Compiler: jvmci, Barriers: 4, Oops: 3, ImmediateOops: 0, NonImmediateOops: No
[2,826s][debug][gc,nmethod     ] Register NMethod: com.sun.org.apache.xerces.internal.dom.DocumentImpl.setAttrNode (0x000078e2fedefb88) [0x000078e2fedefc80, 0x000078e2fedefd40] Compiler: jvmci, Barriers: 0, Oops: 0, ImmediateOops: 0, NonImmediateOops: No
[2,829s][debug][gc,nmethod     ] Register NMethod: jdk.internal.ref.CleanerImpl$CleanableList.insert (0x000078e2fedefe88) [0x000078e2fedeff80, 0x000078e2fedf0678] Compiler: jvmci, Barriers: 22, Oops: 0, ImmediateOops: 0, NonImmediateOops: No
[2,832s][debug][gc,nmethod     ] Register NMethod: java.util.concurrent.locks.AbstractQueuedSynchronizer$Node.clearStatus (0x000078e2e05d4f88) [0x000078e2e05d5080, 0x000078e2e05d5390] Compiler: c1, Barriers: 0, Oops: 0, ImmediateOops: 1, NonImmediateOops: No
[2,833s][debug][gc,nmethod     ] Register NMethod: io.sirix.access.trx.node.AbstractNodeReadOnlyTrx.moveTo (0x000078e2e05d5408) [0x000078e2e05d5500, 0x000078e2e05d7068] Compiler: c1, Barriers: 11, Oops: 1, ImmediateOops: 4, NonImmediateOops: No
[2,833s][debug][gc,nmethod     ] Register NMethod: io.sirix.diff.XmlFullDiff.documentNode (0x000078e2e05d7088) [0x000078e2e05d7180, 0x000078e2e05d7288] Compiler: c1, Barriers: 0, Oops: 1, ImmediateOops: 1, NonImmediateOops: No
[2,833s][debug][gc,nmethod     ] Register NMethod: it.unimi.dsi.fastutil.longs.LongIterator.next (0x000078e2e05d7388) [0x000078e2e05d7480, 0x000078e2e05d77b8] Compiler: c1, Barriers: 0, Oops: 1, ImmediateOops: 0, NonImmediateOops: No
[2,833s][debug][gc,nmethod     ] Register NMethod: io.sirix.diff.DepthCounter.getNewDepth (0x000078e2fedf0688) [0x000078e2fedf0780, 0x000078e2fedf0840] Compiler: c1, Barriers: 0, Oops: 1, ImmediateOops: 0, NonImmediateOops: No
[2,833s][debug][gc,nmethod     ] Register NMethod: io.sirix.diff.DepthCounter.getOldDepth (0x000078e2fedf0988) [0x000078e2fedf0a80, 0x000078e2fedf0b40] Compiler: c1, Barriers: 0, Oops: 1, ImmediateOops: 0, NonImmediateOops: No
[2,834s][debug][gc,nmethod     ] Register NMethod: it.unimi.dsi.fastutil.longs.LongArrayList$1.hasNext (0x000078e2e05d7808) [0x000078e2e05d7900, 0x000078e2e05d7a90] Compiler: c1, Barriers: 1, Oops: 1, ImmediateOops: 0, NonImmediateOops: No
[2,834s][debug][gc,nmethod     ] Register NMethod: jdk.internal.ref.PhantomCleanable.<init> (0x000078e2fedf0c88) [0x000078e2fedf0d80, 0x000078e2fedf1850] Compiler: jvmci, Barriers: 37, Oops: 0, ImmediateOops: 2, NonImmediateOops: No
[2,834s][debug][gc,nmethod     ] Register NMethod: org.custommonkey.xmlunit.DifferenceEngine.unequalNotNull (0x000078e2fedf1888) [0x000078e2fedf1980, 0x000078e2fedf23b8] Compiler: jvmci, Barriers: 8, Oops: 1, ImmediateOops: 3, NonImmediateOops: No
[2,834s][debug][gc,nmethod     ] Register NMethod: io.sirix.query.function.xml.diff.Diff.diffListener (0x000078e2e05d7b08) [0x000078e2e05d7c00, 0x000078e2e05d7ff0] Compiler: c1, Barriers: 1, Oops: 1, ImmediateOops: 0, NonImmediateOops: No
[2,834s][debug][gc,nmethod     ] Register NMethod: io.sirix.diff.AbstractDiffObservable.fireDiff (0x000078e2e05d8008) [0x000078e2e05d8100, 0x000078e2e05d8ba8] Compiler: c1, Barriers: 1, Oops: 1, ImmediateOops: 0, NonImmediateOops: No
[2,834s][debug][gc,nmethod     ] Register NMethod: io.sirix.diff.DiffTuple.<init> (0x000078e2e05d8c08) [0x000078e2e05d8d00, 0x000078e2e05d93c8] Compiler: c1, Barriers: 6, Oops: 1, ImmediateOops: 0, NonImmediateOops: No
[2,834s][debug][gc,nmethod     ] Register NMethod: io.sirix.diff.AbstractDiff.moveCursor (0x000078e2e05d9408) [0x000078e2e05d9500, 0x000078e2e05da9c8] Compiler: c1, Barriers: 1, Oops: 1, ImmediateOops: 2, NonImmediateOops: No
[2,834s][debug][gc,nmethod     ] Register NMethod: com.google.common.base.Preconditions.checkArgument (0x000078e2fedf2408) [0x000078e2fedf2500, 0x000078e2fedf2598] Compiler: jvmci, Barriers: 0, Oops: 1, ImmediateOops: 0, NonImmediateOops: No
[2,834s][debug][gc,nmethod     ] Register NMethod: it.unimi.dsi.fastutil.longs.LongArrayList.listIterator (0x000078e2e05daa08) [0x000078e2e05dab00, 0x000078e2e05dafa0] Compiler: c1, Barriers: 3, Oops: 1, ImmediateOops: 0, NonImmediateOops: No
[2,835s][debug][gc,nmethod     ] Register NMethod: it.unimi.dsi.fastutil.longs.LongArrayList$1.<init> (0x000078e2e05db008) [0x000078e2e05db100, 0x000078e2e05db2e0] Compiler: c1, Barriers: 3, Oops: 1, ImmediateOops: 0, NonImmediateOops: No
[2,835s][debug][gc,nmethod     ] Register NMethod: io.sirix.access.trx.node.xml.XmlNodeReadOnlyTrxImpl.getURIKey (0x000078e2e05db308) [0x000078e2e05db400, 0x000078e2e05dc2e0] Compiler: c1, Barriers: 1, Oops: 1, ImmediateOops: 1, NonImmediateOops: No
[2,835s][debug][gc,nmethod     ] Register NMethod: it.unimi.dsi.fastutil.longs.AbstractLongList.ensureIndex (0x000078e2e05dc308) [0x000078e2e05dc400, 0x000078e2e05de6e0] Compiler: c1, Barriers: 0, Oops: 5, ImmediateOops: 7, NonImmediateOops: No
[2,835s][debug][gc,nmethod     ] Register NMethod: io.sirix.access.trx.node.AbstractNodeReadOnlyTrx.getHash (0x000078e2e05de788) [0x000078e2e05de880, 0x000078e2e05deee8] Compiler: c1, Barriers: 1, Oops: 1, ImmediateOops: 1, NonImmediateOops: No
[2,836s][debug][gc,nmethod     ] Register NMethod: it.unimi.dsi.fastutil.longs.LongListIterator.next (0x000078e2e05def08) [0x000078e2e05df000, 0x000078e2e05df3f0] Compiler: c1, Barriers: 0, Oops: 1, ImmediateOops: 0, NonImmediateOops: No
[2,836s][debug][gc,nmethod     ] Register NMethod: it.unimi.dsi.fastutil.longs.LongListIterator.next (0x000078e2e05df408) [0x000078e2e05df500, 0x000078e2e05dfb30] Compiler: c1, Barriers: 0, Oops: 1, ImmediateOops: 0, NonImmediateOops: No
[2,836s][debug][gc,nmethod     ] Register NMethod: it.unimi.dsi.fastutil.longs.LongArrayList$1.nextLong (0x000078e2e05dfb88) [0x000078e2e05dfc80, 0x000078e2e05dffe8] Compiler: c1, Barriers: 2, Oops: 1, ImmediateOops: 0, NonImmediateOops: No
[2,836s][debug][gc,nmethod     ] Register NMethod: io.sirix.access.trx.node.xml.XmlNodeReadOnlyTrxImpl.getAttributeCount (0x000078e2fedf2708) [0x000078e2fedf2800, 0x000078e2fedf2ab0] Compiler: jvmci, Barriers: 2, Oops: 1, ImmediateOops: 0, NonImmediateOops: No
[2,837s][debug][gc,nmethod     ] Register NMethod: it.unimi.dsi.fastutil.longs.AbstractLongList.listIterator (0x000078e2e05e0008) [0x000078e2e05e0100, 0x000078e2e05e0600] Compiler: c1, Barriers: 3, Oops: 1, ImmediateOops: 0, NonImmediateOops: No
[2,837s][debug][gc,nmethod     ] Register NMethod: io.sirix.access.trx.node.xml.XmlNodeReadOnlyTrxImpl.isElement (0x000078e2e05e0688) [0x000078e2e05e0780, 0x000078e2e05e1228] Compiler: c1, Barriers: 1, Oops: 1, ImmediateOops: 2, NonImmediateOops: No
[2,837s][debug][gc,nmethod     ] Register NMethod: io.sirix.diff.XmlFullDiff.emitNonStructuralDiff (0x000078e2e05e1288) [0x000078e2e05e1380, 0x000078e2e05e1ab0] Compiler: c1, Barriers: 0, Oops: 1, ImmediateOops: 0, NonImmediateOops: No
[2,837s][debug][gc,nmethod     ] Register NMethod: io.sirix.diff.DiffDepth.<init> (0x000078e2e05e1b08) [0x000078e2e05e1c00, 0x000078e2e05e2080] Compiler: c1, Barriers: 0, Oops: 1, ImmediateOops: 0, NonImmediateOops: No
[2,837s][debug][gc,nmethod     ] Register NMethod: io.sirix.diff.AbstractDiff.moveToNext (0x000078e2e05e2108) [0x000078e2e05e2200, 0x000078e2e05e5960] Compiler: c1, Barriers: 5, Oops: 1, ImmediateOops: 4, NonImmediateOops: No
[2,837s][debug][gc,nmethod     ] Register NMethod: io.sirix.diff.AbstractDiff.optimizedDiff (0x000078e2e05e5988) [0x000078e2e05e5a80, 0x000078e2e05e8300] Compiler: c1, Barriers: 0, Oops: 3, ImmediateOops: 2, NonImmediateOops: No
[2,837s][debug][gc,nmethod     ] Register NMethod: io.sirix.node.xml.ElementNode.getNamespaceKeys (0x000078e2e05e8388) [0x000078e2e05e8480, 0x000078e2e05e85e8] Compiler: c1, Barriers: 1, Oops: 1, ImmediateOops: 0, NonImmediateOops: No
[2,837s][debug][gc,nmethod     ] Register NMethod: io.sirix.node.xml.ElementNode.getAttributeKeys (0x000078e2e05e8688) [0x000078e2e05e8780, 0x000078e2e05e88e8] Compiler: c1, Barriers: 1, Oops: 1, ImmediateOops: 0, NonImmediateOops: No
[2,837s][debug][gc,nmethod     ] Register NMethod: io.sirix.access.trx.node.xml.XmlNodeReadOnlyTrxImpl.getNamespaceKeys (0x000078e2e05e8988) [0x000078e2e05e8a80, 0x000078e2e05e9a28] Compiler: c1, Barriers: 2, Oops: 1, ImmediateOops: 3, NonImmediateOops: No
[2,838s][debug][gc,nmethod     ] Register NMethod: io.sirix.access.trx.node.xml.XmlNodeReadOnlyTrxImpl.getNamespaceCount (0x000078e2fedf2b08) [0x000078e2fedf2c00, 0x000078e2fedf2db0] Compiler: jvmci, Barriers: 2, Oops: 1, ImmediateOops: 0, NonImmediateOops: No
[2,838s][debug][gc,nmethod     ] Register NMethod: io.sirix.access.trx.node.xml.XmlNodeReadOnlyTrxImpl.getAttributeKeys (0x000078e2e05e9a88) [0x000078e2e05e9b80, 0x000078e2e05eab28] Compiler: c1, Barriers: 2, Oops: 1, ImmediateOops: 3, NonImmediateOops: No
[2,838s][debug][gc,nmethod     ] Register NMethod: io.sirix.diff.XmlFullDiff.checkNamesForEquality (0x000078e2e05eab88) [0x000078e2e05eac80, 0x000078e2e05eba60] Compiler: c1, Barriers: 0, Oops: 1, ImmediateOops: 0, NonImmediateOops: No
[2,838s][debug][gc,nmethod     ] Register NMethod: io.sirix.diff.XmlFullDiff.documentNode (0x000078e2fedf2e08) [0x000078e2fedf2f00, 0x000078e2fedf2f90] Compiler: jvmci, Barriers: 0, Oops: 1, ImmediateOops: 1, NonImmediateOops: No
[2,838s][debug][gc,nmethod     ] Register NMethod: io.sirix.node.xml.ElementNode.getAttributeCount (0x000078e2fedf3108) [0x000078e2fedf3200, 0x000078e2fedf3310] Compiler: jvmci, Barriers: 1, Oops: 1, ImmediateOops: 0, NonImmediateOops: No
[2,838s][debug][gc,nmethod     ] Register NMethod: io.sirix.diff.DiffTuple.getDiff (0x000078e2fedf3408) [0x000078e2fedf3500, 0x000078e2fedf35e8] Compiler: c1, Barriers: 1, Oops: 1, ImmediateOops: 0, NonImmediateOops: No
[2,839s][debug][gc,nmethod     ] Register NMethod: io.sirix.diff.DiffTuple.getNewNodeKey (0x000078e2fedf3708) [0x000078e2fedf3800, 0x000078e2fedf38c0] Compiler: c1, Barriers: 0, Oops: 1, ImmediateOops: 0, NonImmediateOops: No
[2,839s][debug][gc,nmethod     ] Register NMethod: io.sirix.query.function.xml.diff.Diff.lambda$execute$1 (0x000078e2e05eba88) [0x000078e2e05ebb80, 0x000078e2e05ec0c8] Compiler: c1, Barriers: 1, Oops: 1, ImmediateOops: 2, NonImmediateOops: No
[2,839s][debug][gc,nmethod     ] Register NMethod: io.sirix.query.function.xml.diff.Diff$$Lambda/0x00000000923a2d98.test (0x000078e2e05ec108) [0x000078e2e05ec200, 0x000078e2e05ec9d0] Compiler: c1, Barriers: 1, Oops: 1, ImmediateOops: 2, NonImmediateOops: No
[2,839s][debug][gc,nmethod     ] Register NMethod: io.sirix.node.MemorySegmentBytesOut.writePosition (0x000078e2fedf3a08) [0x000078e2fedf3b00, 0x000078e2fedf3be0] Compiler: jvmci, Barriers: 1, Oops: 1, ImmediateOops: 0, NonImmediateOops: No
[2,839s][debug][gc,nmethod     ] Register NMethod: io.sirix.diff.DiffTuple.getOldNodeKey (0x000078e2fedf3d08) [0x000078e2fedf3e00, 0x000078e2fedf3ec0] Compiler: c1, Barriers: 0, Oops: 1, ImmediateOops: 0, NonImmediateOops: No
[2,839s][debug][gc,nmethod     ] Register NMethod: io.sirix.query.function.xml.diff.Diff.lambda$execute$2 (0x000078e2e05eca08) [0x000078e2e05ecb00, 0x000078e2e05ed048] Compiler: c1, Barriers: 1, Oops: 1, ImmediateOops: 2, NonImmediateOops: No
[2,839s][debug][gc,nmethod     ] Register NMethod: io.sirix.query.function.xml.diff.Diff$$Lambda/0x00000000923a3238.test (0x000078e2e05ed088) [0x000078e2e05ed180, 0x000078e2e05ed950] Compiler: c1, Barriers: 1, Oops: 1, ImmediateOops: 2, NonImmediateOops: No
[2,839s][debug][gc,nmethod     ] Register NMethod: io.sirix.diff.XmlFullDiff.emitNonStructuralDiff (0x000078e2e05ed988) [0x000078e2e05eda80, 0x000078e2e06003b0] Compiler: c1, Barriers: 19, Oops: 5, ImmediateOops: 12, NonImmediateOops: No
[2,840s][debug][gc,nmethod     ] Register NMethod: java.util.ArrayList$Itr.remove (0x000078e2e0600408) [0x000078e2e0600500, 0x000078e2e0600b48] Compiler: c1, Barriers: 2, Oops: 0, ImmediateOops: 0, NonImmediateOops: No
[2,840s][debug][gc,nmethod     ] Register NMethod: java.util.stream.ReduceOps$3.getOpFlags (0x000078e2fedf4008) [0x000078e2fedf4100, 0x000078e2fedf43a8] Compiler: jvmci, Barriers: 4, Oops: 0, ImmediateOops: 2, NonImmediateOops: No
[2,840s][debug][gc,nmethod     ] Register NMethod: it.unimi.dsi.fastutil.ints.Int2ObjectOpenHashMap$FastEntryIterator.next (0x000078e2e0600b88) [0x000078e2e0600c80, 0x000078e2e0601210] Compiler: c1, Barriers: 2, Oops: 1, ImmediateOops: 0, NonImmediateOops: No
[2,840s][debug][gc,nmethod     ] Register NMethod: io.sirix.cache.BufferManagerImpl.getNamesCache (0x000078e2fedf4408) [0x000078e2fedf4500, 0x000078e2fedf45e8] Compiler: c1, Barriers: 1, Oops: 1, ImmediateOops: 0, NonImmediateOops: No
[2,840s][debug][gc,nmethod     ] Register NMethod: it.unimi.dsi.fastutil.ints.Int2IntOpenHashMap$MapIterator.nextEntry (0x000078e2e0601288) [0x000078e2e0601380, 0x000078e2e0601c18] Compiler: c1, Barriers: 5, Oops: 1, ImmediateOops: 0, NonImmediateOops: No
[2,841s][debug][gc,nmethod     ] Register NMethod: it.unimi.dsi.fastutil.ints.Int2ObjectOpenHashMap$MapIterator.nextEntry (0x000078e2e0601c88) [0x000078e2e0601d80, 0x000078e2e0602618] Compiler: c1, Barriers: 5, Oops: 1, ImmediateOops: 0, NonImmediateOops: No
[2,841s][debug][gc,nmethod     ] Register NMethod: com.github.benmanes.caffeine.cache.stats.DisabledStatsCounter.recordHits (0x000078e2e0602688) [0x000078e2e0602780, 0x000078e2e0602880] Compiler: c1, Barriers: 0, Oops: 1, ImmediateOops: 0, NonImmediateOops: No
[2,841s][debug][gc,nmethod     ] Register NMethod: io.sirix.page.NamePage.<init> (0x000078e2e0602988) [0x000078e2e0602a80, 0x000078e2e0602e00] Compiler: c1, Barriers: 9, Oops: 1, ImmediateOops: 0, NonImmediateOops: No
[2,841s][debug][gc,nmethod     ] Register NMethod: io.sirix.page.PageKind$2.deserializePage (0x000078e2e0602e88) [0x000078e2e0602f80, 0x000078e2e06038f8] Compiler: c1, Barriers: 9, Oops: 1, ImmediateOops: 1, NonImmediateOops: No
[2,841s][debug][gc,nmethod     ] Register NMethod: java.util.concurrent.CompletableFuture.join (0x000078e2e0603908) [0x000078e2e0603a00, 0x000078e2e0603bd8] Compiler: c1, Barriers: 1, Oops: 0, ImmediateOops: 1, NonImmediateOops: No
[2,841s][debug][gc,nmethod     ] Register NMethod: jdk.internal.misc.Unsafe.getLongOpaque (0x000078e2e0603c08) [0x000078e2e0603d00, 0x000078e2e0603e08] Compiler: c1, Barriers: 0, Oops: 0, ImmediateOops: 0, NonImmediateOops: No
[2,841s][debug][gc,nmethod     ] Register NMethod: java.util.concurrent.CompletableFuture.reportJoin (0x000078e2e0603f08) [0x000078e2e0604000, 0x000078e2e0604f48] Compiler: c1, Barriers: 1, Oops: 0, ImmediateOops: 0, NonImmediateOops: No
[2,841s][debug][gc,nmethod     ] Register NMethod: java.lang.invoke.VarHandleLongs$FieldInstanceReadOnly.getOpaque (0x000078e2e0604f88) [0x000078e2e0605080, 0x000078e2e0605c98] Compiler: c1, Barriers: 1, Oops: 1, ImmediateOops: 1, NonImmediateOops: No
[2,841s][debug][gc,nmethod     ] Register NMethod: java.util.stream.ReduceOps$3.makeSink (0x000078e2fedf4708) [0x000078e2fedf4800, 0x000078e2fedf49f0] Compiler: jvmci, Barriers: 9, Oops: 0, ImmediateOops: 0, NonImmediateOops: No
[2,842s][debug][gc,nmethod     ] Register NMethod: com.github.benmanes.caffeine.cache.BBHeader$ReadAndWriteCounterRef.writeCounterOpaque (0x000078e2e0605d08) [0x000078e2e0605e00, 0x000078e2e0606c48] Compiler: c1, Barriers: 0, Oops: 6, ImmediateOops: 6, NonImmediateOops: No
[2,842s][debug][gc,nmethod     ] Register NMethod: com.github.benmanes.caffeine.cache.AbstractLinkedDeque.offerLast (0x000078e2e0606c88) [0x000078e2e0606d80, 0x000078e2e06077f8] Compiler: c1, Barriers: 0, Oops: 1, ImmediateOops: 0, NonImmediateOops: No
[2,842s][debug][gc,nmethod     ] Register NMethod: io.sirix.cache.NamesCacheKey.hashCode (0x000078e2e0607808) [0x000078e2e0607900, 0x000078e2e0608540] Compiler: c1, Barriers: 0, Oops: 11, ImmediateOops: 1, NonImmediateOops: No
[2,842s][debug][gc,nmethod     ] Register NMethod: java.lang.Thread.getId (0x000078e2e0608608) [0x000078e2e0608700, 0x000078e2e06089d8] Compiler: c1, Barriers: 0, Oops: 0, ImmediateOops: 0, NonImmediateOops: No
[2,842s][debug][gc,nmethod     ] Register NMethod: java.lang.invoke.Invokers$Holder.linkToTargetMethod (0x000078e2e0608a08) [0x000078e2e0608b00, 0x000078e2e0608ff8] Compiler: c1, Barriers: 0, Oops: 0, ImmediateOops: 0, NonImmediateOops: No
[2,842s][debug][gc,nmethod     ] Register NMethod: java.lang.runtime.ObjectMethods.eq (0x000078e2e0609008) [0x000078e2e0609100, 0x000078e2e0609230] Compiler: c1, Barriers: 0, Oops: 0, ImmediateOops: 0, NonImmediateOops: No
[2,842s][debug][gc,nmethod     ] Register NMethod: java.lang.invoke.LambdaForm$MH/0x00000000922c2400.invoke (0x000078e2e0609308) [0x000078e2e0609400, 0x000078e2e0609b68] Compiler: c1, Barriers: 2, Oops: 1, ImmediateOops: 0, NonImmediateOops: No
[2,842s][debug][gc,nmethod     ] Register NMethod: java.util.stream.ReduceOps$3.makeSink (0x000078e2fedf4a08) [0x000078e2fedf4b00, 0x000078e2fedf4cf0] Compiler: jvmci, Barriers: 9, Oops: 0, ImmediateOops: 0, NonImmediateOops: No
[2,842s][debug][gc,nmethod     ] Register NMethod: java.lang.invoke.LambdaForm$MH/0x00000000922c1c00.invoke (0x000078e2e0609b88) [0x000078e2e0609c80, 0x000078e2e0609f70] Compiler: c1, Barriers: 0, Oops: 1, ImmediateOops: 0, NonImmediateOops: No
[2,842s][debug][gc,nmethod     ] Register NMethod: java.lang.invoke.DirectMethodHandle$Holder.invokeSpecial (0x000078e2e0609f88) [0x000078e2e060a080, 0x000078e2e060a448] Compiler: c1, Barriers: 1, Oops: 0, ImmediateOops: 0, NonImmediateOops: No
[2,843s][debug][gc,nmethod     ] Register NMethod: com.github.benmanes.caffeine.cache.Node.setWeight (0x000078e2e060a488) [0x000078e2e060a580, 0x000078e2e060a680] Compiler: c1, Barriers: 0, Oops: 1, ImmediateOops: 0, NonImmediateOops: No
[2,843s][debug][gc,nmethod     ] Register NMethod: com.github.benmanes.caffeine.cache.StripedBuffer.mix64 (0x000078e2e060a788) [0x000078e2e060a880, 0x000078e2e060a9b0] Compiler: c1, Barriers: 0, Oops: 1, ImmediateOops: 0, NonImmediateOops: No
[2,843s][debug][gc,nmethod     ] Register NMethod: io.sirix.cache.BufferManagerImpl.getRevisionRootPageCache (0x000078e2fedf4d08) [0x000078e2fedf4e00, 0x000078e2fedf4ee8] Compiler: c1, Barriers: 1, Oops: 1, ImmediateOops: 0, NonImmediateOops: No
[2,843s][debug][gc,nmethod     ] Register NMethod: java.lang.invoke.LambdaForm$MH/0x00000000922c3c00.invoke (0x000078e2e060aa88) [0x000078e2e060ab80, 0x000078e2e060c258] Compiler: c1, Barriers: 5, Oops: 1, ImmediateOops: 0, NonImmediateOops: No
[2,843s][debug][gc,nmethod     ] Register NMethod: java.lang.invoke.DirectMethodHandle$Holder.invokeStatic (0x000078e2e060c288) [0x000078e2e060c380, 0x000078e2e060c748] Compiler: c1, Barriers: 1, Oops: 0, ImmediateOops: 0, NonImmediateOops: No
[2,843s][debug][gc,nmethod     ] Register NMethod: com.github.benmanes.caffeine.cache.StripedBuffer.offer (0x000078e2e060c788) [0x000078e2e060c880, 0x000078e2e060d430] Compiler: c1, Barriers: 3, Oops: 1, ImmediateOops: 0, NonImmediateOops: No
[2,843s][debug][gc,nmethod     ] Register NMethod: java.nio.Buffer.limit (0x000078e2fedf5008) [0x000078e2fedf5100, 0x000078e2fedf5210] Compiler: jvmci, Barriers: 0, Oops: 0, ImmediateOops: 0, NonImmediateOops: No
[2,843s][debug][gc,nmethod     ] Register NMethod: io.sirix.node.MemorySegmentBytesOut.<init> (0x000078e2e060d488) [0x000078e2e060d580, 0x000078e2e060e2f8] Compiler: c1, Barriers: 9, Oops: 2, ImmediateOops: 1, NonImmediateOops: No
[2,844s][debug][gc,nmethod     ] Register NMethod: com.github.benmanes.caffeine.cache.BoundedBuffer$RingBuffer.offer (0x000078e2e060e388) [0x000078e2e060e480, 0x000078e2e0611838] Compiler: c1, Barriers: 4, Oops: 12, ImmediateOops: 17, NonImmediateOops: No
[2,844s][debug][gc,nmethod     ] Register NMethod: java.lang.invoke.VarHandleLongs$FieldInstanceReadWrite.weakCompareAndSet (0x000078e2e0611908) [0x000078e2e0611a00, 0x000078e2e0612628] Compiler: c1, Barriers: 1, Oops: 1, ImmediateOops: 1, NonImmediateOops: No
[2,844s][debug][gc,nmethod     ] Register NMethod: it.unimi.dsi.fastutil.ints.Int2IntOpenHashMap.find (0x000078e2fedf5308) [0x000078e2fedf5400, 0x000078e2fedf5680] Compiler: jvmci, Barriers: 1, Oops: 1, ImmediateOops: 0, NonImmediateOops: No
[2,844s][debug][gc,nmethod     ] Register NMethod: io.sirix.cache.RevisionRootPageCacheKey.hashCode (0x000078e2e0612688) [0x000078e2e0612780, 0x000078e2e06133c0] Compiler: c1, Barriers: 0, Oops: 13, ImmediateOops: 2, NonImmediateOops: No
[2,846s][debug][gc,nmethod     ] Register NMethod: java.util.Collections$UnmodifiableCollection.contains (0x000078e2fedf5708) [0x000078e2fedf5800, 0x000078e2fedf5a40] Compiler: jvmci, Barriers: 3, Oops: 0, ImmediateOops: 0, NonImmediateOops: No
[2,846s][debug][gc,nmethod     ] Register NMethod: com.github.benmanes.caffeine.cache.BoundedLocalCache$$Lambda/0x00000000922540f8.accept (0x000078e2e0613488) [0x000078e2e0613580, 0x000078e2e0613ab8] Compiler: c1, Barriers: 1, Oops: 1, ImmediateOops: 0, NonImmediateOops: No
[2,846s][debug][gc,nmethod     ] Register NMethod: java.lang.invoke.VarHandleReferences$Array.getAcquire (0x000078e2e0613b08) [0x000078e2e0613c00, 0x000078e2e0614988] Compiler: c1, Barriers: 2, Oops: 2, ImmediateOops: 2, NonImmediateOops: No
[2,846s][debug][gc,nmethod     ] Register NMethod: it.unimi.dsi.fastutil.ints.Int2ObjectOpenHashMap.<init> (0x000078e2e0614a08) [0x000078e2e0614b20, 0x000078e2e06153c0] Compiler: c1, Barriers: 6, Oops: 1, ImmediateOops: 2, NonImmediateOops: No
[2,847s][debug][gc,nmethod     ] Register NMethod: io.sirix.access.trx.node.xml.XmlNodeReadOnlyTrxImpl.moveToAttribute (0x000078e2fedf5a88) [0x000078e2fedf5b80, 0x000078e2fedf70a0] Compiler: jvmci, Barriers: 42, Oops: 4, ImmediateOops: 1, NonImmediateOops: No
[2,848s][debug][gc,nmethod     ] Register NMethod: java.nio.Buffer.<init> (0x000078e2fedf7108) [0x000078e2fedf7200, 0x000078e2fedf7550] Compiler: jvmci, Barriers: 3, Oops: 0, ImmediateOops: 0, NonImmediateOops: No
[2,848s][debug][gc,nmethod     ] Register NMethod: io.sirix.access.trx.page.NodePageReadOnlyTrx.getResourceId (0x000078e2e0615408) [0x000078e2e0615500, 0x000078e2e0615938] Compiler: c1, Barriers: 0, Oops: 1, ImmediateOops: 1, NonImmediateOops: No
[2,848s][debug][gc,nmethod     ] Register NMethod: io.sirix.access.trx.page.NodePageReadOnlyTrx.getDatabaseId (0x000078e2e0615988) [0x000078e2e0615a80, 0x000078e2e0615eb8] Compiler: c1, Barriers: 0, Oops: 1, ImmediateOops: 1, NonImmediateOops: No
[2,848s][debug][gc,nmethod     ] Register NMethod: io.sirix.page.PageReference.equals (0x000078e2fedf7588) [0x000078e2fedf7680, 0x000078e2fedf77c0] Compiler: jvmci, Barriers: 0, Oops: 1, ImmediateOops: 0, NonImmediateOops: No
[2,849s][debug][gc,nmethod     ] Register NMethod: java.util.ArrayList.fastRemove (0x000078e2fedf7888) [0x000078e2fedf7980, 0x000078e2fedf7c20] Compiler: jvmci, Barriers: 6, Oops: 0, ImmediateOops: 0, NonImmediateOops: No
[2,850s][debug][gc,nmethod     ] Register NMethod: java.nio.channels.spi.AbstractInterruptibleChannel.close (0x000078e2e0615f08) [0x000078e2e0616000, 0x000078e2e0616588] Compiler: c1, Barriers: 1, Oops: 0, ImmediateOops: 0, NonImmediateOops: No
[2,850s][debug][gc,nmethod     ] Register NMethod: java.io.FileDescriptor$1.close (0x000078e2e0616608) [0x000078e2e0616700, 0x000078e2e0617260] Compiler: c1, Barriers: 4, Oops: 0, ImmediateOops: 0, NonImmediateOops: No
[2,850s][debug][gc,nmethod     ] Register NMethod: sun.nio.ch.FileChannelImpl$Closer.run (0x000078e2e0617288) [0x000078e2e0617380, 0x000078e2e06180b0] Compiler: c1, Barriers: 5, Oops: 0, ImmediateOops: 2, NonImmediateOops: No
[2,850s][debug][gc,nmethod     ] Register NMethod: sun.nio.ch.NativeThreadSet.signalAndWait (0x000078e2e0618108) [0x000078e2e0618200, 0x000078e2e0618d50] Compiler: c1, Barriers: 2, Oops: 0, ImmediateOops: 0, NonImmediateOops: No
[2,850s][debug][gc,nmethod     ] Register NMethod: sun.nio.ch.FileChannelImpl.implCloseChannel (0x000078e2e0618d88) [0x000078e2e0618e80, 0x000078e2e061b238] Compiler: c1, Barriers: 8, Oops: 1, ImmediateOops: 1, NonImmediateOops: No
[2,855s][debug][gc,nmethod     ] Register NMethod: org.gradle.internal.io.StreamByteBuffer.doReadAsString (0x000078e2e061b288) [0x000078e2e061b380, 0x000078e2e061bd20] Compiler: c1, Barriers: 0, Oops: 1, ImmediateOops: 1, NonImmediateOops: No
[2,855s][debug][gc,nmethod     ] Register NMethod: org.gradle.internal.io.StreamByteBuffer.readAsString (0x000078e2e061bd88) [0x000078e2e061be80, 0x000078e2e061c978] Compiler: c1, Barriers: 0, Oops: 1, ImmediateOops: 1, NonImmediateOops: No
[2,855s][debug][gc,nmethod     ] Register NMethod: org.gradle.internal.io.StreamByteBuffer.readAsString (0x000078e2e061c988) [0x000078e2e061ca80, 0x000078e2e061d4d8] Compiler: c1, Barriers: 0, Oops: 1, ImmediateOops: 1, NonImmediateOops: No
[2,855s][debug][gc,nmethod     ] Register NMethod: org.gradle.internal.io.LineBufferingOutputStream.flush (0x000078e2e061d508) [0x000078e2e061d600, 0x000078e2e061e8b8] Compiler: c1, Barriers: 3, Oops: 1, ImmediateOops: 1, NonImmediateOops: No
[2,855s][debug][gc,nmethod     ] Register NMethod: java.nio.CharBuffer.toString (0x000078e2e061e908) [0x000078e2e061ea00, 0x000078e2e061f0a8] Compiler: c1, Barriers: 0, Oops: 0, ImmediateOops: 0, NonImmediateOops: No
[2,855s][debug][gc,nmethod     ] Register NMethod: io.brackit.query.compiler.parser.Tokenizer.laSymSkipWS (0x000078e2e061f108) [0x000078e2e061f200, 0x000078e2e061f398] Compiler: c1, Barriers: 0, Oops: 1, ImmediateOops: 0, NonImmediateOops: No
[2,855s][debug][gc,nmethod     ] Register NMethod: io.brackit.query.compiler.parser.Tokenizer.laSymSkipWS (0x000078e2e061f408) [0x000078e2e061f500, 0x000078e2e061f6f0] Compiler: c1, Barriers: 0, Oops: 1, ImmediateOops: 0, NonImmediateOops: No
[2,855s][debug][gc,nmethod     ] Register NMethod: io.brackit.query.compiler.parser.Tokenizer.attemptSkipWS (0x000078e2e061f708) [0x000078e2e061f800, 0x000078e2e061fba0] Compiler: c1, Barriers: 0, Oops: 1, ImmediateOops: 0, NonImmediateOops: No
[2,856s][debug][gc,nmethod     ] Register NMethod: io.brackit.query.compiler.parser.Tokenizer.attemptSymSkipWS (0x000078e2e061fc08) [0x000078e2e061fd00, 0x000078e2e0620148] Compiler: c1, Barriers: 0, Oops: 1, ImmediateOops: 0, NonImmediateOops: No
[2,856s][debug][gc,nmethod     ] Register NMethod: io.brackit.query.compiler.parser.Tokenizer.laSym (0x000078e2e0620188) [0x000078e2e0620280, 0x000078e2e0621820] Compiler: c1, Barriers: 8, Oops: 2, ImmediateOops: 2, NonImmediateOops: No
[2,856s][debug][gc,nmethod     ] Register NMethod: io.brackit.query.compiler.parser.Tokenizer$Token.<init> (0x000078e2e0621888) [0x000078e2e0621980, 0x000078e2e0621b60] Compiler: c1, Barriers: 3, Oops: 1, ImmediateOops: 0, NonImmediateOops: No
[2,856s][debug][gc,nmethod     ] Register NMethod: io.brackit.query.jdm.XMLChar.isNameStartChar (0x000078e2e0621b88) [0x000078e2e0621c80, 0x000078e2e06222d8] Compiler: c1, Barriers: 0, Oops: 1, ImmediateOops: 0, NonImmediateOops: No
[2,856s][debug][gc,nmethod     ] Register NMethod: io.brackit.query.compiler.parser.Tokenizer.laSkipWS (0x000078e2e0622308) [0x000078e2e0622400, 0x000078e2e06235c8] Compiler: c1, Barriers: 7, Oops: 2, ImmediateOops: 2, NonImmediateOops: No
[2,856s][debug][gc,nmethod     ] Register NMethod: io.brackit.query.jdm.XMLChar.isNameChar (0x000078e2e0623608) [0x000078e2e0623700, 0x000078e2e0623a00] Compiler: c1, Barriers: 0, Oops: 1, ImmediateOops: 0, NonImmediateOops: No
[2,857s][debug][gc,nmethod     ] Register NMethod: io.brackit.query.compiler.parser.Tokenizer.la (0x000078e2e0623a88) [0x000078e2e0623b80, 0x000078e2e0624ce0] Compiler: c1, Barriers: 7, Oops: 2, ImmediateOops: 2, NonImmediateOops: No
[2,857s][debug][gc,nmethod     ] Register NMethod: io.brackit.query.compiler.parser.Tokenizer.consume (0x000078e2e0624d08) [0x000078e2e0624e00, 0x000078e2e0625d20] Compiler: c1, Barriers: 3, Oops: 3, ImmediateOops: 5, NonImmediateOops: No
[2,857s][debug][gc,nmethod     ] Register NMethod: io.brackit.query.compiler.AST.<init> (0x000078e2e0625d88) [0x000078e2e0625e80, 0x000078e2e0626058] Compiler: c1, Barriers: 3, Oops: 1, ImmediateOops: 0, NonImmediateOops: No
[2,857s][debug][gc,nmethod     ] Register NMethod: io.brackit.query.compiler.parser.Tokenizer.s (0x000078e2e0626088) [0x000078e2e0626180, 0x000078e2e0626428] Compiler: c1, Barriers: 1, Oops: 1, ImmediateOops: 0, NonImmediateOops: No
[2,857s][debug][gc,nmethod     ] Register NMethod: io.brackit.query.jdm.XMLChar.isWS (0x000078e2e0626488) [0x000078e2e0626580, 0x000078e2e0626730] Compiler: c1, Barriers: 0, Oops: 1, ImmediateOops: 0, NonImmediateOops: No
[2,857s][debug][gc,nmethod     ] Register NMethod: io.brackit.query.compiler.parser.Tokenizer.laSkipWS (0x000078e2e0626788) [0x000078e2e0626880, 0x000078e2e06269b8] Compiler: c1, Barriers: 0, Oops: 1, ImmediateOops: 0, NonImmediateOops: No
[2,857s][debug][gc,nmethod     ] Register NMethod: io.brackit.query.compiler.AST.addChild (0x000078e2e0626a88) [0x000078e2e0626b80, 0x000078e2e0627af8] Compiler: c1, Barriers: 17, Oops: 1, ImmediateOops: 0, NonImmediateOops: No
[2,857s][debug][gc,nmethod     ] Register NMethod: io.brackit.query.compiler.parser.Tokenizer.la (0x000078e2e0627b08) [0x000078e2e0627c00, 0x000078e2e0627f00] Compiler: c1, Barriers: 0, Oops: 1, ImmediateOops: 0, NonImmediateOops: No
[2,857s][debug][gc,nmethod     ] Register NMethod: io.brackit.query.compiler.parser.Tokenizer.attempt (0x000078e2e0627f88) [0x000078e2e0628080, 0x000078e2e06285d8] Compiler: c1, Barriers: 0, Oops: 1, ImmediateOops: 0, NonImmediateOops: No
[2,857s][debug][gc,nmethod     ] Register NMethod: io.brackit.query.compiler.parser.Tokenizer.isDelChar (0x000078e2e0628608) [0x000078e2e0628700, 0x000078e2e0628dd8] Compiler: c1, Barriers: 0, Oops: 1, ImmediateOops: 0, NonImmediateOops: No
[2,858s][debug][gc,nmethod     ] Register NMethod: io.brackit.query.compiler.parser.Tokenizer$Token.string (0x000078e2e0628e08) [0x000078e2e0628f00, 0x000078e2e0629128] Compiler: c1, Barriers: 2, Oops: 1, ImmediateOops: 0, NonImmediateOops: No
[2,858s][debug][gc,nmethod     ] Register NMethod: io.brackit.query.compiler.parser.Tokenizer.laNCName (0x000078e2e0629188) [0x000078e2e0629280, 0x000078e2e0629a50] Compiler: c1, Barriers: 6, Oops: 1, ImmediateOops: 0, NonImmediateOops: No
[2,858s][debug][gc,nmethod     ] Register NMethod: io.brackit.query.compiler.parser.JsoniqParser.initialClause (0x000078e2e0629a88) [0x000078e2e0629b80, 0x000078e2e0629dd8] Compiler: c1, Barriers: 0, Oops: 1, ImmediateOops: 0, NonImmediateOops: No
[2,858s][debug][gc,nmethod     ] Register NMethod: io.brackit.query.compiler.parser.Tokenizer.laSkipS (0x000078e2e0629e08) [0x000078e2e0629f00, 0x000078e2e062b0c8] Compiler: c1, Barriers: 7, Oops: 2, ImmediateOops: 2, NonImmediateOops: No
[2,858s][debug][gc,nmethod     ] Register NMethod: io.brackit.query.compiler.parser.Tokenizer.skipS (0x000078e2e062b108) [0x000078e2e062b200, 0x000078e2e062bcd8] Compiler: c1, Barriers: 3, Oops: 3, ImmediateOops: 4, NonImmediateOops: No
[2,858s][debug][gc,nmethod     ] Register NMethod: io.brackit.query.compiler.parser.Tokenizer.laQName (0x000078e2e062bd08) [0x000078e2e062be00, 0x000078e2e062da08] Compiler: c1, Barriers: 49, Oops: 1, ImmediateOops: 0, NonImmediateOops: No
[2,859s][debug][gc,nmethod     ] Register NMethod: io.brackit.query.compiler.parser.JsoniqParser.argumentList (0x000078e2e062da88) [0x000078e2e062db80, 0x000078e2e062fae8] Compiler: c1, Barriers: 8, Oops: 4, ImmediateOops: 5, NonImmediateOops: No
[2,859s][debug][gc,nmethod     ] Register NMethod: io.brackit.query.compiler.parser.JsoniqParser.forClause (0x000078e2e062fb88) [0x000078e2e062fc80, 0x000078e2e06313c8] Compiler: c1, Barriers: 4, Oops: 4, ImmediateOops: 3, NonImmediateOops: No
[2,859s][debug][gc,nmethod     ] Register NMethod: io.brackit.query.compiler.parser.JsoniqParser.letClause (0x000078e2e0631408) [0x000078e2e0631500, 0x000078e2e06331f8] Compiler: c1, Barriers: 8, Oops: 4, ImmediateOops: 5, NonImmediateOops: No
[2,859s][debug][gc,nmethod     ] Register NMethod: io.brackit.query.compiler.parser.Tokenizer.laInteger (0x000078e2e0633288) [0x000078e2e0633380, 0x000078e2e06339b0] Compiler: c1, Barriers: 5, Oops: 1, ImmediateOops: 0, NonImmediateOops: No
[2,859s][debug][gc,nmethod     ] Register NMethod: io.brackit.query.compiler.parser.JsoniqParser.exprSingle (0x000078e2e0633a08) [0x000078e2e0633b00, 0x000078e2e0634b08] Compiler: c1, Barriers: 3, Oops: 2, ImmediateOops: 1, NonImmediateOops: No
[2,860s][debug][gc,nmethod     ] Register NMethod: io.sirix.access.trx.page.NodePageReadOnlyTrx.unpinAllPagesForTransaction (0x000078e2e0634b88) [0x000078e2e0634c80, 0x000078e2e06516b0] Compiler: c1, Barriers: 103, Oops: 18, ImmediateOops: 61, NonImmediateOops: No
[2,860s][debug][gc,nmethod     ] Register NMethod: io.brackit.query.compiler.parser.JsoniqParser.windowClause (0x000078e2e0651788) [0x000078e2e0651880, 0x000078e2e0652e70] Compiler: c1, Barriers: 6, Oops: 4, ImmediateOops: 3, NonImmediateOops: No
[2,860s][debug][gc,nmethod     ] Register NMethod: io.brackit.query.compiler.parser.JsoniqParser.flowrExpr (0x000078e2e0652f08) [0x000078e2e0653000, 0x000078e2e0653c90] Compiler: c1, Barriers: 8, Oops: 1, ImmediateOops: 3, NonImmediateOops: No
[2,860s][debug][gc,nmethod     ] Register NMethod: io.brackit.query.compiler.parser.JsoniqParser.jsonLiteralExpr (0x000078e2e0653d08) [0x000078e2e0653e00, 0x000078e2e0656090] Compiler: c1, Barriers: 12, Oops: 5, ImmediateOops: 6, NonImmediateOops: No
[2,860s][debug][gc,nmethod     ] Register NMethod: it.unimi.dsi.fastutil.ints.Int2IntOpenHashMap.put (0x000078e2fedf7c88) [0x000078e2fedf7da0, 0x000078e2fedf89c0] Compiler: jvmci, Barriers: 8, Oops: 1, ImmediateOops: 0, NonImmediateOops: No
[2,860s][debug][gc,nmethod     ] Register NMethod: io.brackit.query.compiler.parser.JsoniqParser.ifExpr (0x000078e2e0656108) [0x000078e2e0656200, 0x000078e2e0657738] Compiler: c1, Barriers: 4, Oops: 3, ImmediateOops: 6, NonImmediateOops: No
[2,861s][debug][gc,nmethod     ] Register NMethod: io.brackit.query.compiler.parser.JsoniqParser.switchExpr (0x000078e2e0657788) [0x000078e2e0657880, 0x000078e2e0659590] Compiler: c1, Barriers: 7, Oops: 4, ImmediateOops: 7, NonImmediateOops: No
[2,861s][debug][gc,nmethod     ] Register NMethod: io.brackit.query.compiler.parser.JsoniqParser.tryCatchExpr (0x000078e2e0659608) [0x000078e2e0659700, 0x000078e2e065af70] Compiler: c1, Barriers: 7, Oops: 4, ImmediateOops: 5, NonImmediateOops: No
[2,861s][debug][gc,nmethod     ] Register NMethod: io.brackit.query.compiler.parser.JsoniqParser.insertExpr (0x000078e2e065b008) [0x000078e2e065b100, 0x000078e2e065c3d8] Compiler: c1, Barriers: 4, Oops: 4, ImmediateOops: 4, NonImmediateOops: No
[2,861s][debug][gc,nmethod     ] Register NMethod: io.brackit.query.compiler.parser.JsoniqParser.quantifiedExpr (0x000078e2e065c408) [0x000078e2e065c500, 0x000078e2e065f4a8] Compiler: c1, Barriers: 23, Oops: 6, ImmediateOops: 12, NonImmediateOops: No
[2,861s][debug][gc,nmethod     ] Register NMethod: io.brackit.query.compiler.parser.JsoniqParser.typeswitchExpr (0x000078e2e065f508) [0x000078e2e065f600, 0x000078e2e0661ca0] Compiler: c1, Barriers: 14, Oops: 5, ImmediateOops: 9, NonImmediateOops: No
[2,861s][debug][gc,nmethod     ] Register NMethod: io.brackit.query.compiler.parser.Tokenizer.attemptSkipS (0x000078e2e0661d08) [0x000078e2e0661e00, 0x000078e2e06621a0] Compiler: c1, Barriers: 0, Oops: 1, ImmediateOops: 0, NonImmediateOops: No
[2,861s][debug][gc,nmethod     ] Register NMethod: io.brackit.query.compiler.parser.JsoniqParser.renameExpr (0x000078e2e0662208) [0x000078e2e0662300, 0x000078e2e0663450] Compiler: c1, Barriers: 4, Oops: 3, ImmediateOops: 4, NonImmediateOops: No
[2,861s][debug][gc,nmethod     ] Register NMethod: io.brackit.query.compiler.parser.JsoniqParser.deleteExpr (0x000078e2e0663488) [0x000078e2e0663580, 0x000078e2e0664740] Compiler: c1, Barriers: 4, Oops: 4, ImmediateOops: 4, NonImmediateOops: No
[2,861s][debug][gc,nmethod     ] Register NMethod: io.brackit.query.compiler.parser.Tokenizer.laString (0x000078e2e0664788) [0x000078e2e0664880, 0x000078e2e0665338] Compiler: c1, Barriers: 18, Oops: 2, ImmediateOops: 6, NonImmediateOops: No
[2,861s][debug][gc,nmethod     ] Register NMethod: io.brackit.query.compiler.parser.JsoniqParser.derefDescendantStep (0x000078e2e0665388) [0x000078e2e0665480, 0x000078e2e0666ce0] Compiler: c1, Barriers: 6, Oops: 2, ImmediateOops: 1, NonImmediateOops: No
[2,862s][debug][gc,nmethod     ] Register NMethod: io.brackit.query.compiler.AST.<init> (0x000078e2e0666d08) [0x000078e2e0666e00, 0x000078e2e0667090] Compiler: c1, Barriers: 4, Oops: 1, ImmediateOops: 1, NonImmediateOops: No
[2,862s][debug][gc,nmethod     ] Register NMethod: io.brackit.query.compiler.parser.JsoniqParser.replaceExpr (0x000078e2e0667108) [0x000078e2e0667200, 0x000078e2e0669ab8] Compiler: c1, Barriers: 8, Oops: 5, ImmediateOops: 9, NonImmediateOops: No
[2,862s][debug][gc,nmethod     ] Register NMethod: io.brackit.query.compiler.parser.JsoniqParser.derefStep (0x000078e2e0669b08) [0x000078e2e0669c00, 0x000078e2e066b788] Compiler: c1, Barriers: 6, Oops: 3, ImmediateOops: 2, NonImmediateOops: No
[2,862s][debug][gc,nmethod     ] Register NMethod: io.brackit.query.compiler.parser.Tokenizer.consumeSkipWS (0x000078e2e066b808) [0x000078e2e066b900, 0x000078e2e066c538] Compiler: c1, Barriers: 6, Oops: 2, ImmediateOops: 1, NonImmediateOops: No
[2,862s][debug][gc,nmethod     ] Register NMethod: io.brackit.query.compiler.parser.Tokenizer.ws (0x000078e2fedf8a08) [0x000078e2fedf8b00, 0x000078e2fedf8db8] Compiler: jvmci, Barriers: 1, Oops: 1, ImmediateOops: 0, NonImmediateOops: No
[2,862s][debug][gc,nmethod     ] Register NMethod: io.brackit.query.compiler.parser.JsoniqParser.predicate (0x000078e2e066c588) [0x000078e2e066c680, 0x000078e2e066d670] Compiler: c1, Barriers: 4, Oops: 3, ImmediateOops: 4, NonImmediateOops: No
[2,862s][debug][gc,nmethod     ] Register NMethod: io.brackit.query.compiler.parser.JsoniqParser.transformExpr (0x000078e2e066d708) [0x000078e2e066d800, 0x000078e2e066f750] Compiler: c1, Barriers: 11, Oops: 4, ImmediateOops: 9, NonImmediateOops: No
[2,862s][debug][gc,nmethod     ] Register NMethod: io.brackit.query.compiler.parser.JsoniqParser.deleteJsonExpr (0x000078e2e066f788) [0x000078e2e066f880, 0x000078e2e0670730] Compiler: c1, Barriers: 4, Oops: 3, ImmediateOops: 3, NonImmediateOops: No
[2,863s][debug][gc,nmethod     ] Register NMethod: io.brackit.query.compiler.parser.JsoniqParser.insertJsonExpr (0x000078e2e0670788) [0x000078e2e0670880, 0x000078e2e0673420] Compiler: c1, Barriers: 14, Oops: 6, ImmediateOops: 9, NonImmediateOops: No
[2,863s][debug][gc,nmethod     ] Register NMethod: io.brackit.query.compiler.parser.JsoniqParser.projectionList (0x000078e2e0673488) [0x000078e2e0673580, 0x000078e2e0676d70] Compiler: c1, Barriers: 18, Oops: 3, ImmediateOops: 3, NonImmediateOops: No
[2,863s][debug][gc,nmethod     ] Register NMethod: io.brackit.query.compiler.AST.getValue (0x000078e2fedf8e08) [0x000078e2fedf8f00, 0x000078e2fedf8fe8] Compiler: c1, Barriers: 1, Oops: 1, ImmediateOops: 0, NonImmediateOops: No
[2,863s][debug][gc,nmethod     ] Register NMethod: io.brackit.query.compiler.AST.getChildCount (0x000078e2e0676e08) [0x000078e2e0676f00, 0x000078e2e06770a0] Compiler: c1, Barriers: 1, Oops: 1, ImmediateOops: 0, NonImmediateOops: No
[2,863s][debug][gc,nmethod     ] Register NMethod: io.brackit.query.compiler.parser.JsoniqParser.index (0x000078e2e0677108) [0x000078e2e0677200, 0x000078e2e067ef70] Compiler: c1, Barriers: 64, Oops: 4, ImmediateOops: 22, NonImmediateOops: No
[2,863s][debug][gc,nmethod     ] Register NMethod: io.brackit.query.compiler.analyzer.ExprAnalyzer.switchExpr (0x000078e2e067f008) [0x000078e2e067f100, 0x000078e2e067fbb8] Compiler: c1, Barriers: 1, Oops: 1, ImmediateOops: 0, NonImmediateOops: No
[2,863s][debug][gc,nmethod     ] Register NMethod: io.brackit.query.compiler.AST.getChild (0x000078e2e067fc08) [0x000078e2e067fd00, 0x000078e2e0681330] Compiler: c1, Barriers: 13, Oops: 2, ImmediateOops: 3, NonImmediateOops: No
[2,863s][debug][gc,nmethod     ] Register NMethod: io.brackit.query.compiler.optimizer.walker.Walker.walkInternal (0x000078e2e0681388) [0x000078e2e0681480, 0x000078e2e0681890] Compiler: c1, Barriers: 2, Oops: 1, ImmediateOops: 0, NonImmediateOops: No
[2,863s][debug][gc,nmethod     ] Register NMethod: io.brackit.query.compiler.analyzer.ExprAnalyzer.exprSingle (0x000078e2e0681908) [0x000078e2e0681a00, 0x000078e2e0683cc8] Compiler: c1, Barriers: 0, Oops: 1, ImmediateOops: 0, NonImmediateOops: No
[2,864s][debug][gc,nmethod     ] Register NMethod: io.brackit.query.compiler.AST.copyTree (0x000078e2e0683d08) [0x000078e2e0683e00, 0x000078e2e06843d0] Compiler: c1, Barriers: 15, Oops: 1, ImmediateOops: 0, NonImmediateOops: No
[2,864s][debug][gc,nmethod     ] Register NMethod: io.brackit.query.compiler.analyzer.ExprAnalyzer.flowrExpr (0x000078e2e0684408) [0x000078e2e0684500, 0x000078e2e06871f0] Compiler: c1, Barriers: 7, Oops: 4, ImmediateOops: 5, NonImmediateOops: No
[2,864s][debug][gc,nmethod     ] Register NMethod: io.brackit.query.compiler.optimizer.walker.Walker.walkInternal (0x000078e2e0687288) [0x000078e2e0687380, 0x000078e2e06880a8] Compiler: c1, Barriers: 2, Oops: 1, ImmediateOops: 0, NonImmediateOops: No
[2,864s][debug][gc,nmethod     ] Register NMethod: io.brackit.query.compiler.optimizer.walker.DoSNStepMerger.visit (0x000078e2e0688108) [0x000078e2e0688200, 0x000078e2e0688a10] Compiler: c1, Barriers: 14, Oops: 1, ImmediateOops: 1, NonImmediateOops: No
[2,864s][debug][gc,nmethod     ] Register NMethod: io.brackit.query.compiler.optimizer.walker.topdown.ScopeWalker.walkInspect (0x000078e2e0688a88) [0x000078e2e0688b80, 0x000078e2e0688de8] Compiler: c1, Barriers: 1, Oops: 1, ImmediateOops: 0, NonImmediateOops: No
[2,864s][debug][gc,nmethod     ] Register NMethod: io.brackit.query.compiler.analyzer.ExprAnalyzer.ifExpr (0x000078e2e0688e08) [0x000078e2e0688f00, 0x000078e2e0689768] Compiler: c1, Barriers: 0, Oops: 1, ImmediateOops: 0, NonImmediateOops: No
[2,864s][debug][gc,nmethod     ] Register NMethod: io.brackit.query.compiler.analyzer.ExprAnalyzer.quantifiedExpr (0x000078e2e0689788) [0x000078e2e0689880, 0x000078e2e068d170] Compiler: c1, Barriers: 29, Oops: 6, ImmediateOops: 15, NonImmediateOops: No
[2,864s][debug][gc,nmethod     ] Register NMethod: io.brackit.query.compiler.analyzer.ExprAnalyzer.typeswitchExpr (0x000078e2e068d208) [0x000078e2e068d300, 0x000078e2e068f610] Compiler: c1, Barriers: 19, Oops: 5, ImmediateOops: 10, NonImmediateOops: No
[2,864s][debug][gc,nmethod     ] Register NMethod: io.brackit.query.compiler.analyzer.ExprAnalyzer.insertExpr (0x000078e2e068f688) [0x000078e2e068f780, 0x000078e2e068fda0] Compiler: c1, Barriers: 0, Oops: 1, ImmediateOops: 0, NonImmediateOops: No
[2,865s][debug][gc,nmethod     ] Register NMethod: io.brackit.query.compiler.optimizer.walker.topdown.TopDownPipeline.visit (0x000078e2e068fe08) [0x000078e2e068ff00, 0x000078e2e06903b8] Compiler: c1, Barriers: 9, Oops: 1, ImmediateOops: 1, NonImmediateOops: No
[2,865s][debug][gc,nmethod     ] Register NMethod: io.brackit.query.compiler.optimizer.walker.topdown.PredicateSplit.visit (0x000078e2e0690408) [0x000078e2e0690500, 0x000078e2e06909a0] Compiler: c1, Barriers: 4, Oops: 1, ImmediateOops: 1, NonImmediateOops: No
[2,865s][debug][gc,nmethod     ] Register NMethod: io.brackit.query.compiler.AST.<init> (0x000078e2e0690a08) [0x000078e2e0690b00, 0x000078e2e0690d60] Compiler: c1, Barriers: 9, Oops: 1, ImmediateOops: 0, NonImmediateOops: No
[2,865s][debug][gc,nmethod     ] Register NMethod: io.brackit.query.compiler.AST.copy (0x000078e2e0690d88) [0x000078e2e0690e80, 0x000078e2e0691300] Compiler: c1, Barriers: 12, Oops: 1, ImmediateOops: 0, NonImmediateOops: No
[2,865s][debug][gc,nmethod     ] Register NMethod: io.brackit.query.compiler.analyzer.ExprAnalyzer.deleteExpr (0x000078e2e0691388) [0x000078e2e0691480, 0x000078e2e0691860] Compiler: c1, Barriers: 0, Oops: 1, ImmediateOops: 0, NonImmediateOops: No
[2,865s][debug][gc,nmethod     ] Register NMethod: io.brackit.query.compiler.optimizer.walker.topdown.SelectPullup.visit (0x000078e2e0691888) [0x000078e2e0691980, 0x000078e2e0692108] Compiler: c1, Barriers: 8, Oops: 1, ImmediateOops: 0, NonImmediateOops: No
[2,865s][debug][gc,nmethod     ] Register NMethod: io.brackit.query.compiler.optimizer.walker.topdown.ScopeWalker.walkInspect (0x000078e2e0692188) [0x000078e2e0692280, 0x000078e2e0692620] Compiler: c1, Barriers: 1, Oops: 1, ImmediateOops: 0, NonImmediateOops: No
[2,865s][debug][gc,nmethod     ] Register NMethod: io.brackit.query.compiler.optimizer.walker.topdown.JoinRewriter.visit (0x000078e2e0692688) [0x000078e2e0692780, 0x000078e2e0693348] Compiler: c1, Barriers: 9, Oops: 1, ImmediateOops: 0, NonImmediateOops: No
[2,865s][debug][gc,nmethod     ] Register NMethod: io.brackit.query.compiler.analyzer.ExprAnalyzer.tryCatchExpr (0x000078e2e0693388) [0x000078e2e0693480, 0x000078e2e0697ca8] Compiler: c1, Barriers: 28, Oops: 6, ImmediateOops: 25, NonImmediateOops: No
[2,866s][debug][gc,nmethod     ] Register NMethod: io.brackit.query.compiler.optimizer.walker.topdown.LetBindToLeftJoin.visit (0x000078e2e0697d08) [0x000078e2e0697e00, 0x000078e2e0697fe0] Compiler: c1, Barriers: 0, Oops: 1, ImmediateOops: 0, NonImmediateOops: No
[2,866s][debug][gc,nmethod     ] Register NMethod: io.brackit.query.compiler.optimizer.walker.topdown.ScopeWalker$Scope.open (0x000078e2e0698008) [0x000078e2e0698100, 0x000078e2e0698698] Compiler: c1, Barriers: 20, Oops: 1, ImmediateOops: 0, NonImmediateOops: No
[2,866s][debug][gc,nmethod     ] Register NMethod: io.brackit.query.compiler.optimizer.walker.topdown.LeftJoinUnnesting.visit (0x000078e2e0698708) [0x000078e2e0698800, 0x000078e2e0698c60] Compiler: c1, Barriers: 5, Oops: 1, ImmediateOops: 1, NonImmediateOops: No
[2,866s][debug][gc,nmethod     ] Register NMethod: io.brackit.query.compiler.optimizer.walker.topdown.JoinToSelectConversion.visit (0x000078e2e0698c88) [0x000078e2e0698d80, 0x000078e2e06997f0] Compiler: c1, Barriers: 17, Oops: 1, ImmediateOops: 4, NonImmediateOops: No
[2,866s][debug][gc,nmethod     ] Register NMethod: io.brackit.query.compiler.analyzer.ExprAnalyzer.transformExpr (0x000078e2e0699808) [0x000078e2e0699900, 0x000078e2e069d8e0] Compiler: c1, Barriers: 33, Oops: 6, ImmediateOops: 16, NonImmediateOops: No
[2,866s][debug][gc,nmethod     ] Register NMethod: io.brackit.query.compiler.optimizer.walker.topdown.PredicateMerge.visit (0x000078e2e069d988) [0x000078e2e069da80, 0x000078e2e069ded8] Compiler: c1, Barriers: 4, Oops: 1, ImmediateOops: 1, NonImmediateOops: No
[2,866s][debug][gc,nmethod     ] Register NMethod: io.brackit.query.compiler.optimizer.walker.topdown.LeftJoinRemoval.visit (0x000078e2e069df08) [0x000078e2e069e000, 0x000078e2e069eac0] Compiler: c1, Barriers: 7, Oops: 1, ImmediateOops: 2, NonImmediateOops: No
[2,867s][debug][gc,nmethod     ] Register NMethod: io.brackit.query.compiler.optimizer.walker.topdown.LeftJoinLifting.visit (0x000078e2e069eb08) [0x000078e2e069ec00, 0x000078e2e06a03c0] Compiler: c1, Barriers: 36, Oops: 4, ImmediateOops: 10, NonImmediateOops: No
[2,867s][debug][gc,nmethod     ] Register NMethod: io.brackit.query.compiler.optimizer.walker.topdown.GroupByAggregates.visit (0x000078e2e06a0408) [0x000078e2e06a0500, 0x000078e2e06a0bf8] Compiler: c1, Barriers: 7, Oops: 1, ImmediateOops: 1, NonImmediateOops: No
[2,867s][debug][gc,nmethod     ] Register NMethod: io.brackit.query.compiler.optimizer.walker.PathDDOElimination.visit (0x000078e2e06a0c08) [0x000078e2e06a0d00, 0x000078e2e06a19e8] Compiler: c1, Barriers: 16, Oops: 4, ImmediateOops: 6, NonImmediateOops: No
[2,867s][debug][gc,nmethod     ] Register NMethod: io.brackit.query.compiler.optimizer.walker.topdown.JoinGroupDemarcation.visit (0x000078e2e06a1a88) [0x000078e2e06a1b80, 0x000078e2e06a2988] Compiler: c1, Barriers: 27, Oops: 2, ImmediateOops: 3, NonImmediateOops: No
[2,868s][debug][gc,nmethod     ] Register NMethod: io.brackit.query.compiler.optimizer.walker.topdown.TrivialLeftJoinRemoval.visit (0x000078e2e06a2a08) [0x000078e2e06a2b00, 0x000078e2e06a3b88] Compiler: c1, Barriers: 25, Oops: 2, ImmediateOops: 5, NonImmediateOops: No
[2,868s][debug][gc,nmethod     ] Register NMethod: io.brackit.query.compiler.optimizer.walker.topdown.PullEvaluation.visit (0x000078e2e06a3c08) [0x000078e2e06a3d00, 0x000078e2e06a5018] Compiler: c1, Barriers: 39, Oops: 2, ImmediateOops: 8, NonImmediateOops: No
[2,868s][debug][gc,nmethod     ] Register NMethod: io.sirix.query.compiler.optimizer.walker.json.JsonCASStep.visit (0x000078e2e06a5088) [0x000078e2e06a5180, 0x000078e2e06a5948] Compiler: c1, Barriers: 6, Oops: 1, ImmediateOops: 8, NonImmediateOops: No
[2,868s][debug][gc,nmethod     ] Register NMethod: io.brackit.query.compiler.optimizer.walker.topdown.ScopeWalker$BindingTable.closeScope (0x000078e2e06a5988) [0x000078e2e06a5a80, 0x000078e2e06a5c60] Compiler: c1, Barriers: 5, Oops: 1, ImmediateOops: 0, NonImmediateOops: No
[2,868s][debug][gc,nmethod     ] Register NMethod: io.brackit.query.compiler.optimizer.walker.topdown.ScopeWalker$BindingTable.bind (0x000078e2e06a5c88) [0x000078e2e06a5d80, 0x000078e2e06a5ee0] Compiler: c1, Barriers: 1, Oops: 1, ImmediateOops: 0, NonImmediateOops: No
[2,868s][debug][gc,nmethod     ] Register NMethod: io.brackit.query.compiler.optimizer.walker.topdown.ScopeWalker$BindingTable.openScope (0x000078e2e06a5f88) [0x000078e2e06a6080, 0x000078e2e06a62d8] Compiler: c1, Barriers: 5, Oops: 1, ImmediateOops: 0, NonImmediateOops: No
[2,868s][debug][gc,nmethod     ] Register NMethod: io.sirix.query.compiler.optimizer.walker.json.JsonObjectKeyNameStep.visit (0x000078e2e06a6308) [0x000078e2e06a6400, 0x000078e2e06a65b0] Compiler: c1, Barriers: 0, Oops: 1, ImmediateOops: 0, NonImmediateOops: No
[2,868s][debug][gc,nmethod     ] Register NMethod: io.sirix.query.compiler.optimizer.walker.json.JsonPathStep.visit (0x000078e2e06a6608) [0x000078e2e06a6700, 0x000078e2e06a68c0] Compiler: c1, Barriers: 0, Oops: 1, ImmediateOops: 0, NonImmediateOops: No
[2,868s][debug][gc,nmethod     ] Register NMethod: io.brackit.query.compiler.optimizer.walker.topdown.ScopeWalker$Var.<init> (0x000078e2e06a6908) [0x000078e2e06a6a00, 0x000078e2e06a6c60] Compiler: c1, Barriers: 9, Oops: 1, ImmediateOops: 0, NonImmediateOops: No
[2,868s][debug][gc,nmethod     ] Register NMethod: io.brackit.query.compiler.optimizer.walker.topdown.ScopeWalker$Scope$Node.<init> (0x000078e2e06a6c88) [0x000078e2e06a6d80, 0x000078e2e06a7050] Compiler: c1, Barriers: 12, Oops: 1, ImmediateOops: 0, NonImmediateOops: No
[2,868s][debug][gc,nmethod     ] Register NMethod: io.brackit.query.compiler.optimizer.walker.topdown.ScopeWalker$Scope.bind (0x000078e2e06a7088) [0x000078e2e06a7180, 0x000078e2e06a78d8] Compiler: c1, Barriers: 27, Oops: 1, ImmediateOops: 0, NonImmediateOops: No
[2,868s][debug][gc,nmethod     ] Register NMethod: io.brackit.query.compiler.analyzer.ExprAnalyzer.insertJsonExpr (0x000078e2e06a7908) [0x000078e2e06a7a00, 0x000078e2e06a8390] Compiler: c1, Barriers: 1, Oops: 1, ImmediateOops: 0, NonImmediateOops: No
[2,868s][debug][gc,nmethod     ] Register NMethod: io.brackit.query.compiler.analyzer.ExprAnalyzer.deleteJsonExpr (0x000078e2e06a8408) [0x000078e2e06a8500, 0x000078e2e06a88e0] Compiler: c1, Barriers: 0, Oops: 1, ImmediateOops: 0, NonImmediateOops: No
[2,869s][debug][gc,nmethod     ] Register NMethod: io.brackit.query.compiler.analyzer.ExprAnalyzer.renameJsonExpr (0x000078e2e06a8908) [0x000078e2e06a8a00, 0x000078e2e06a9030] Compiler: c1, Barriers: 0, Oops: 1, ImmediateOops: 0, NonImmediateOops: No
[2,869s][debug][gc,nmethod     ] Register NMethod: io.brackit.query.compiler.analyzer.ExprAnalyzer.replaceJsonExpr (0x000078e2e06a9088) [0x000078e2e06a9180, 0x000078e2e06a97b0] Compiler: c1, Barriers: 0, Oops: 1, ImmediateOops: 0, NonImmediateOops: No
[2,869s][debug][gc,nmethod     ] Register NMethod: io.brackit.query.compiler.optimizer.walker.topdown.ScopeWalker.elementExpr (0x000078e2e06a9808) [0x000078e2e06a9900, 0x000078e2e06aa020] Compiler: c1, Barriers: 20, Oops: 2, ImmediateOops: 3, NonImmediateOops: No
[2,869s][debug][gc,nmethod     ] Register NMethod: io.brackit.query.compiler.analyzer.ExprAnalyzer.orExpr (0x000078e2e06aa088) [0x000078e2e06aa180, 0x000078e2e06aa9a0] Compiler: c1, Barriers: 0, Oops: 1, ImmediateOops: 0, NonImmediateOops: No
[2,869s][debug][gc,nmethod     ] Register NMethod: io.brackit.query.compiler.analyzer.ExprAnalyzer.appendJsonExpr (0x000078e2e06aaa08) [0x000078e2e06aab00, 0x000078e2e06ab130] Compiler: c1, Barriers: 0, Oops: 1, ImmediateOops: 0, NonImmediateOops: No
[2,869s][debug][gc,nmethod     ] Register NMethod: io.brackit.query.compiler.analyzer.ExprAnalyzer.andExpr (0x000078e2e06ab188) [0x000078e2e06ab280, 0x000078e2e06abaa0] Compiler: c1, Barriers: 0, Oops: 1, ImmediateOops: 0, NonImmediateOops: No
[2,869s][debug][gc,nmethod     ] Register NMethod: io.brackit.query.compiler.analyzer.ExprAnalyzer.comparisonExpr (0x000078e2e06abb08) [0x000078e2e06abc00, 0x000078e2e06ac420] Compiler: c1, Barriers: 0, Oops: 1, ImmediateOops: 0, NonImmediateOops: No
[2,869s][debug][gc,nmethod     ] Register NMethod: io.brackit.query.compiler.analyzer.ExprAnalyzer.rangeExpr (0x000078e2e06ac488) [0x000078e2e06ac580, 0x000078e2e06acda0] Compiler: c1, Barriers: 0, Oops: 1, ImmediateOops: 0, NonImmediateOops: No
[2,869s][debug][gc,nmethod     ] Register NMethod: io.brackit.query.compiler.analyzer.ExprAnalyzer.stringConcatExpr (0x000078e2e06ace08) [0x000078e2e06acf00, 0x000078e2e06ad658] Compiler: c1, Barriers: 1, Oops: 1, ImmediateOops: 0, NonImmediateOops: No
[2,869s][debug][gc,nmethod     ] Register NMethod: io.brackit.query.compiler.analyzer.ExprAnalyzer.additiveExpr (0x000078e2e06ad688) [0x000078e2e06ad780, 0x000078e2e06ae108] Compiler: c1, Barriers: 0, Oops: 1, ImmediateOops: 0, NonImmediateOops: No
[2,869s][debug][gc,nmethod     ] Register NMethod: io.brackit.query.compiler.analyzer.ExprAnalyzer.multiplicativeExpr (0x000078e2e06ae188) [0x000078e2e06ae280, 0x000078e2e06aeaa0] Compiler: c1, Barriers: 0, Oops: 1, ImmediateOops: 0, NonImmediateOops: No
[2,869s][debug][gc,nmethod     ] Register NMethod: io.brackit.query.compiler.analyzer.ExprAnalyzer.unionExpr (0x000078e2e06aeb08) [0x000078e2e06aec00, 0x000078e2e06af420] Compiler: c1, Barriers: 0, Oops: 1, ImmediateOops: 0, NonImmediateOops: No
[2,869s][debug][gc,nmethod     ] Register NMethod: io.brackit.query.compiler.analyzer.ExprAnalyzer.instanceOfExpr (0x000078e2e06af488) [0x000078e2e06af580, 0x000078e2e06afda0] Compiler: c1, Barriers: 0, Oops: 1, ImmediateOops: 0, NonImmediateOops: No
[2,869s][debug][gc,nmethod     ] Register NMethod: io.brackit.query.compiler.analyzer.ExprAnalyzer.intersectExpr (0x000078e2e06afe08) [0x000078e2e06aff00, 0x000078e2e06b0768] Compiler: c1, Barriers: 0, Oops: 1, ImmediateOops: 0, NonImmediateOops: No
[2,870s][debug][gc,nmethod     ] Register NMethod: io.brackit.query.compiler.analyzer.ExprAnalyzer.treatExpr (0x000078e2e06b0788) [0x000078e2e06b0880, 0x000078e2e06b10a0] Compiler: c1, Barriers: 0, Oops: 1, ImmediateOops: 0, NonImmediateOops: No
[2,870s][debug][gc,nmethod     ] Register NMethod: io.brackit.query.compiler.analyzer.ExprAnalyzer.castableExpr (0x000078e2e06b1108) [0x000078e2e06b1200, 0x000078e2e06b1a20] Compiler: c1, Barriers: 0, Oops: 1, ImmediateOops: 0, NonImmediateOops: No
[2,870s][debug][gc,nmethod     ] Register NMethod: io.brackit.query.compiler.analyzer.ExprAnalyzer.valueExpr (0x000078e2e06b1a88) [0x000078e2e06b1b80, 0x000078e2e06b2328] Compiler: c1, Barriers: 0, Oops: 1, ImmediateOops: 0, NonImmediateOops: No
[2,870s][debug][gc,nmethod     ] Register NMethod: io.brackit.query.compiler.analyzer.ExprAnalyzer.unaryExpr (0x000078e2e06b2388) [0x000078e2e06b2480, 0x000078e2e06b2e40] Compiler: c1, Barriers: 0, Oops: 1, ImmediateOops: 0, NonImmediateOops: No
[2,870s][debug][gc,nmethod     ] Register NMethod: io.brackit.query.compiler.analyzer.ExprAnalyzer.castExpr (0x000078e2e06b2e88) [0x000078e2e06b2f80, 0x000078e2e06b4958] Compiler: c1, Barriers: 0, Oops: 1, ImmediateOops: 0, NonImmediateOops: No
[2,870s][debug][gc,nmethod     ] Register NMethod: io.brackit.query.compiler.analyzer.ExprAnalyzer.stepExpr (0x000078e2e06b4988) [0x000078e2e06b4a80, 0x000078e2e06b5000] Compiler: c1, Barriers: 0, Oops: 1, ImmediateOops: 0, NonImmediateOops: No
[2,870s][debug][gc,nmethod     ] Register NMethod: io.brackit.query.compiler.analyzer.ExprAnalyzer.validateExpr (0x000078e2e06b5088) [0x000078e2e06b5180, 0x000078e2e06b5e58] Compiler: c1, Barriers: 5, Oops: 1, ImmediateOops: 1, NonImmediateOops: No
[2,870s][debug][gc,nmethod     ] Register NMethod: io.brackit.query.compiler.analyzer.ExprAnalyzer.pathExpr (0x000078e2e06b5e88) [0x000078e2e06b5f80, 0x000078e2e06b75b0] Compiler: c1, Barriers: 2, Oops: 1, ImmediateOops: 0, NonImmediateOops: No
[2,870s][debug][gc,nmethod     ] Register NMethod: io.brackit.query.compiler.analyzer.ExprAnalyzer.numericLiteral (0x000078e2e06b7608) [0x000078e2e06b7700, 0x000078e2e06b8048] Compiler: c1, Barriers: 0, Oops: 1, ImmediateOops: 0, NonImmediateOops: No
[2,870s][debug][gc,nmethod     ] Register NMethod: io.brackit.query.compiler.analyzer.ExprAnalyzer.literal (0x000078e2e06b8088) [0x000078e2e06b8180, 0x000078e2e06b8d80] Compiler: c1, Barriers: 0, Oops: 1, ImmediateOops: 0, NonImmediateOops: No
[2,870s][debug][gc,nmethod     ] Register NMethod: io.brackit.query.compiler.analyzer.ExprAnalyzer.integerLiteral (0x000078e2e06b8e08) [0x000078e2e06b8f00, 0x000078e2e06b9080] Compiler: c1, Barriers: 0, Oops: 1, ImmediateOops: 0, NonImmediateOops: No
[2,870s][debug][gc,nmethod     ] Register NMethod: io.brackit.query.compiler.analyzer.ExprAnalyzer.renameExpr (0x000078e2e06b9108) [0x000078e2e06b9200, 0x000078e2e06b9830] Compiler: c1, Barriers: 0, Oops: 1, ImmediateOops: 0, NonImmediateOops: No
[2,871s][debug][gc,nmethod     ] Register NMethod: io.brackit.query.compiler.AST.setValue (0x000078e2fedf9108) [0x000078e2fedf9200, 0x000078e2fedf9330] Compiler: c1, Barriers: 3, Oops: 1, ImmediateOops: 0, NonImmediateOops: No
[2,871s][debug][gc,nmethod     ] Register NMethod: io.brackit.query.compiler.analyzer.ExprAnalyzer.replaceExpr (0x000078e2e06b9888) [0x000078e2e06b9980, 0x000078e2e06ba4b8] Compiler: c1, Barriers: 0, Oops: 1, ImmediateOops: 0, NonImmediateOops: No
[2,871s][debug][gc,nmethod     ] Register NMethod: io.brackit.query.compiler.analyzer.ExprAnalyzer.postFixExpr (0x000078e2e06ba508) [0x000078e2e06ba600, 0x000078e2e06bd868] Compiler: c1, Barriers: 4, Oops: 1, ImmediateOops: 0, NonImmediateOops: No
[2,871s][debug][gc,nmethod     ] Register NMethod: io.brackit.query.compiler.optimizer.walker.topdown.ScopeWalker$Scope.<init> (0x000078e2e06bd888) [0x000078e2e06bd980, 0x000078e2e06bdb70] Compiler: c1, Barriers: 6, Oops: 1, ImmediateOops: 0, NonImmediateOops: No
[2,871s][debug][gc,nmethod     ] Register NMethod: io.brackit.query.module.ModuleContext.getNamespaces (0x000078e2fedf9408) [0x000078e2fedf9500, 0x000078e2fedf95e8] Compiler: c1, Barriers: 1, Oops: 1, ImmediateOops: 0, NonImmediateOops: No
[2,871s][debug][gc,nmethod     ] Register NMethod: io.brackit.query.compiler.parser.JsoniqParser.renameJsonExpr (0x000078e2e06bdb88) [0x000078e2e06bdc80, 0x000078e2e06bede8] Compiler: c1, Barriers: 4, Oops: 3, ImmediateOops: 4, NonImmediateOops: No
[2,871s][debug][gc,nmethod     ] Register NMethod: io.brackit.query.compiler.parser.JsoniqParser.appendJsonExpr (0x000078e2e06bee08) [0x000078e2e06bef00, 0x000078e2e06c0058] Compiler: c1, Barriers: 4, Oops: 3, ImmediateOops: 4, NonImmediateOops: No
[2,871s][debug][gc,nmethod     ] Register NMethod: io.brackit.query.compiler.parser.JsoniqParser.replaceJsonExpr (0x000078e2e06c0088) [0x000078e2e06c0180, 0x000078e2e06c1da0] Compiler: c1, Barriers: 4, Oops: 5, ImmediateOops: 6, NonImmediateOops: No
[2,871s][debug][gc,nmethod     ] Register NMethod: io.brackit.query.compiler.analyzer.ExprAnalyzer.primaryExpr (0x000078e2e06c1e08) [0x000078e2e06c1f00, 0x000078e2e06c5fd8] Compiler: c1, Barriers: 1, Oops: 1, ImmediateOops: 0, NonImmediateOops: No
[2,871s][debug][gc,nmethod     ] Register NMethod: io.brackit.query.sequence.AbstractSequence.isUpdating (0x000078e2fedf9708) [0x000078e2fedf9800, 0x000078e2fedf98c0] Compiler: c1, Barriers: 0, Oops: 1, ImmediateOops: 0, NonImmediateOops: No
[2,872s][debug][gc,nmethod     ] Register NMethod: io.brackit.query.compiler.analyzer.AbstractAnalyzer.expand (0x000078e2e06c6008) [0x000078e2e06c6100, 0x000078e2e06c85e8] Compiler: c1, Barriers: 22, Oops: 2, ImmediateOops: 6, NonImmediateOops: No
[2,872s][debug][gc,nmethod     ] Register NMethod: java.util.stream.AbstractPipeline.evaluate (0x000078e2fedf9a08) [0x000078e2fedf9b00, 0x000078e2fedfaac0] Compiler: jvmci, Barriers: 44, Oops: 0, ImmediateOops: 2, NonImmediateOops: No
[2,872s][debug][gc,nmethod     ] Register NMethod: io.brackit.query.compiler.parser.JsoniqParser.orExpr (0x000078e2e06c8608) [0x000078e2e06c8700, 0x000078e2e06c91a8] Compiler: c1, Barriers: 4, Oops: 2, ImmediateOops: 2, NonImmediateOops: No
[2,872s][debug][gc,nmethod     ] Register NMethod: io.brackit.query.function.AbstractFunction.getSignature (0x000078e2fedfab08) [0x000078e2fedfac00, 0x000078e2fedface8] Compiler: c1, Barriers: 1, Oops: 1, ImmediateOops: 0, NonImmediateOops: No
[2,872s][debug][gc,nmethod     ] Register NMethod: java.util.logging.Level.intValue (0x000078e2fedfae08) [0x000078e2fedfaf00, 0x000078e2fedfafc0] Compiler: c1, Barriers: 0, Oops: 0, ImmediateOops: 0, NonImmediateOops: No
[2,872s][debug][gc,nmethod     ] Register NMethod: io.brackit.query.compiler.translator.Compiler.expr (0x000078e2e06c9208) [0x000078e2e06c9300, 0x000078e2e06c95e0] Compiler: c1, Barriers: 1, Oops: 1, ImmediateOops: 1, NonImmediateOops: No
[2,872s][debug][gc,nmethod     ] Register NMethod: io.brackit.query.compiler.translator.TopDownTranslator.anyExpr (0x000078e2e06c9608) [0x000078e2e06c9700, 0x000078e2e06c9878] Compiler: c1, Barriers: 0, Oops: 1, ImmediateOops: 0, NonImmediateOops: No
[2,872s][debug][gc,nmethod     ] Register NMethod: io.brackit.query.jdm.Signature.getParams (0x000078e2fedfb108) [0x000078e2fedfb200, 0x000078e2fedfb2e8] Compiler: c1, Barriers: 1, Oops: 1, ImmediateOops: 0, NonImmediateOops: No
[2,872s][debug][gc,nmethod     ] Register NMethod: io.sirix.query.compiler.translator.SirixTranslator.anyExpr (0x000078e2e06c9908) [0x000078e2e06c9a00, 0x000078e2e06c9eb0] Compiler: c1, Barriers: 4, Oops: 1, ImmediateOops: 1, NonImmediateOops: No
[2,872s][debug][gc,nmethod     ] Register NMethod: io.brackit.query.compiler.parser.JsoniqParser.andExpr (0x000078e2e06c9f08) [0x000078e2e06ca000, 0x000078e2e06caaa8] Compiler: c1, Barriers: 4, Oops: 2, ImmediateOops: 2, NonImmediateOops: No
[2,872s][debug][gc,nmethod     ] Register NMethod: io.brackit.query.compiler.parser.JsoniqParser.rangeExpr (0x000078e2e06cab08) [0x000078e2e06cac00, 0x000078e2e06cb668] Compiler: c1, Barriers: 4, Oops: 2, ImmediateOops: 2, NonImmediateOops: No
[2,872s][debug][gc,nmethod     ] Register NMethod: com.esotericsoftware.kryo.io.Output.writeString (0x000078e2fedfb408) [0x000078e2fedfb500, 0x000078e2fedfc218] Compiler: jvmci, Barriers: 7, Oops: 1, ImmediateOops: 0, NonImmediateOops: No
[2,872s][debug][gc,nmethod     ] Register NMethod: io.brackit.query.compiler.AST.getParent (0x000078e2fedfc288) [0x000078e2fedfc380, 0x000078e2fedfc468] Compiler: c1, Barriers: 1, Oops: 1, ImmediateOops: 0, NonImmediateOops: No
[2,872s][debug][gc,nmethod     ] Register NMethod: io.brackit.query.compiler.AST.getStaticContext (0x000078e2e06cb688) [0x000078e2e06cb780, 0x000078e2e06cb980] Compiler: c1, Barriers: 2, Oops: 1, ImmediateOops: 0, NonImmediateOops: No
[2,872s][debug][gc,nmethod     ] Register NMethod: java.util.logging.Logger.isLoggable (0x000078e2e06cba08) [0x000078e2e06cbb00, 0x000078e2e06cbc80] Compiler: c1, Barriers: 1, Oops: 0, ImmediateOops: 0, NonImmediateOops: No
[2,872s][debug][gc,nmethod     ] Register NMethod: io.brackit.query.util.log.UtilLogger.isTraceEnabled (0x000078e2e06cbd08) [0x000078e2e06cbe00, 0x000078e2e06cbfa0] Compiler: c1, Barriers: 2, Oops: 1, ImmediateOops: 1, NonImmediateOops: No
[2,873s][debug][gc,nmethod     ] Register NMethod: io.brackit.query.compiler.parser.JsoniqParser.stringConcatExpr (0x000078e2e06cc008) [0x000078e2e06cc100, 0x000078e2e06cda98] Compiler: c1, Barriers: 14, Oops: 3, ImmediateOops: 5, NonImmediateOops: No
[2,873s][debug][gc,nmethod     ] Register NMethod: io.brackit.query.compiler.parser.JsoniqParser.additiveExpr (0x000078e2e06cdb08) [0x000078e2e06cdc00, 0x000078e2e06cefa0] Compiler: c1, Barriers: 12, Oops: 3, ImmediateOops: 5, NonImmediateOops: No
[2,873s][debug][gc,nmethod     ] Register NMethod: io.brackit.query.compiler.parser.JsoniqParser.multiplicativeExpr (0x000078e2e06cf008) [0x000078e2e06cf100, 0x000078e2e06d14a8] Compiler: c1, Barriers: 20, Oops: 5, ImmediateOops: 9, NonImmediateOops: No
[2,873s][debug][gc,nmethod     ] Register NMethod: io.brackit.query.compiler.parser.JsoniqParser.unionExpr (0x000078e2e06d1508) [0x000078e2e06d1600, 0x000078e2e06d28e8] Compiler: c1, Barriers: 0, Oops: 4, ImmediateOops: 6, NonImmediateOops: No
[2,873s][debug][gc,nmethod     ] Register NMethod: io.brackit.query.compiler.parser.JsoniqParser.treatExpr (0x000078e2e06d2988) [0x000078e2e06d2a80, 0x000078e2e06d3708] Compiler: c1, Barriers: 4, Oops: 2, ImmediateOops: 3, NonImmediateOops: No
[2,873s][debug][gc,nmethod     ] Register NMethod: io.brackit.query.compiler.parser.JsoniqParser.instanceOfExpr (0x000078e2e06d3788) [0x000078e2e06d3880, 0x000078e2e06d4508] Compiler: c1, Barriers: 4, Oops: 2, ImmediateOops: 3, NonImmediateOops: No
[2,873s][debug][gc,nmethod     ] Register NMethod: io.brackit.query.compiler.parser.JsoniqParser.intersectExpr (0x000078e2e06d4588) [0x000078e2e06d4680, 0x000078e2e06d58f0] Compiler: c1, Barriers: 8, Oops: 3, ImmediateOops: 4, NonImmediateOops: No
[2,874s][debug][gc,nmethod     ] Register NMethod: io.brackit.query.compiler.parser.JsoniqParser.castableExpr (0x000078e2e06d5988) [0x000078e2e06d5a80, 0x000078e2e06d6708] Compiler: c1, Barriers: 4, Oops: 2, ImmediateOops: 3, NonImmediateOops: No
[2,874s][debug][gc,nmethod     ] Register NMethod: io.brackit.query.compiler.parser.JsoniqParser.comparisonExpr (0x000078e2e06d6788) [0x000078e2e06d6880, 0x000078e2e06ddb60] Compiler: c1, Barriers: 64, Oops: 16, ImmediateOops: 31, NonImmediateOops: No
[2,874s][debug][gc,nmethod     ] Register NMethod: io.brackit.query.compiler.parser.JsoniqParser.castExpr (0x000078e2e06ddc08) [0x000078e2e06ddd00, 0x000078e2e06de988] Compiler: c1, Barriers: 4, Oops: 2, ImmediateOops: 3, NonImmediateOops: No
[2,874s][debug][gc,nmethod     ] Register NMethod: io.brackit.query.compiler.translator.Compiler.anyExpr (0x000078e2e06dea08) [0x000078e2e06deb00, 0x000078e2e06e0d90] Compiler: c1, Barriers: 21, Oops: 2, ImmediateOops: 6, NonImmediateOops: No
[2,874s][debug][gc,nmethod     ] Register NMethod: io.brackit.query.compiler.parser.JsoniqParser.valueExpr (0x000078e2e06e0e08) [0x000078e2e06e0f00, 0x000078e2e06e11b8] Compiler: c1, Barriers: 0, Oops: 1, ImmediateOops: 0, NonImmediateOops: No
[2,874s][debug][gc,nmethod     ] Register NMethod: io.brackit.query.compiler.parser.JsoniqParser.pathExpr (0x000078e2e06e1208) [0x000078e2e06e1300, 0x000078e2e06e1430] Compiler: c1, Barriers: 0, Oops: 1, ImmediateOops: 0, NonImmediateOops: No
[2,874s][debug][gc,nmethod     ] Register NMethod: io.brackit.query.compiler.parser.JsoniqParser.stepExpr (0x000078e2e06e1508) [0x000078e2e06e1600, 0x000078e2e06e17c8] Compiler: c1, Barriers: 0, Oops: 1, ImmediateOops: 0, NonImmediateOops: No
[2,874s][debug][gc,nmethod     ] Register NMethod: io.brackit.query.compiler.parser.JsoniqParser.primaryExpr (0x000078e2e06e1808) [0x000078e2e06e1900, 0x000078e2e06e1f50] Compiler: c1, Barriers: 0, Oops: 1, ImmediateOops: 0, NonImmediateOops: No
[2,874s][debug][gc,nmethod     ] Register NMethod: io.brackit.query.compiler.parser.JsoniqParser.unaryExpr (0x000078e2e06e1f88) [0x000078e2e06e2080, 0x000078e2e06e3760] Compiler: c1, Barriers: 11, Oops: 4, ImmediateOops: 4, NonImmediateOops: No
[2,875s][debug][gc,nmethod     ] Register NMethod: io.brackit.query.compiler.parser.JsoniqParser.literal (0x000078e2e06e3788) [0x000078e2e06e3880, 0x000078e2e06e47a0] Compiler: c1, Barriers: 6, Oops: 1, ImmediateOops: 1, NonImmediateOops: No
[2,875s][debug][gc,nmethod     ] Register NMethod: io.brackit.query.compiler.parser.JsoniqParser.numericLiteral (0x000078e2e06e4808) [0x000078e2e06e4900, 0x000078e2e06e4b70] Compiler: c1, Barriers: 0, Oops: 1, ImmediateOops: 0, NonImmediateOops: No
[2,875s][debug][gc,nmethod     ] Register NMethod: io.brackit.query.compiler.parser.JsoniqParser.validateExpr (0x000078e2e06e4b88) [0x000078e2e06e4c80, 0x000078e2e06e7fe8] Compiler: c1, Barriers: 16, Oops: 5, ImmediateOops: 13, NonImmediateOops: No
[2,875s][debug][gc,nmethod     ] Register NMethod: io.brackit.query.compiler.parser.Tokenizer.laIntegerSkipWS (0x000078e2e06e8088) [0x000078e2e06e8180, 0x000078e2e06e8318] Compiler: c1, Barriers: 0, Oops: 1, ImmediateOops: 0, NonImmediateOops: No
[2,875s][debug][gc,nmethod     ] Register NMethod: io.brackit.query.compiler.parser.JsoniqParser.relativePathExpr (0x000078e2e06e8388) [0x000078e2e06e8480, 0x000078e2e06ed708] Compiler: c1, Barriers: 40, Oops: 4, ImmediateOops: 8, NonImmediateOops: No
[2,875s][debug][gc,nmethod     ] Register NMethod: io.brackit.query.module.ModuleContext.getFunctions (0x000078e2fedfc588) [0x000078e2fedfc680, 0x000078e2fedfc768] Compiler: c1, Barriers: 1, Oops: 1, ImmediateOops: 0, NonImmediateOops: No
[2,875s][debug][gc,nmethod     ] Register NMethod: io.brackit.query.compiler.analyzer.ExprAnalyzer.decimalLiteral (0x000078e2e06ed788) [0x000078e2e06ed880, 0x000078e2e06ed998] Compiler: c1, Barriers: 0, Oops: 1, ImmediateOops: 0, NonImmediateOops: No
[2,875s][debug][gc,nmethod     ] Register NMethod: io.brackit.query.compiler.parser.JsoniqParser.integerLiteral (0x000078e2e06eda88) [0x000078e2e06edb80, 0x000078e2e06ef4d8] Compiler: c1, Barriers: 9, Oops: 3, ImmediateOops: 2, NonImmediateOops: No
[2,875s][debug][gc,nmethod     ] Register NMethod: io.brackit.query.compiler.analyzer.ExprAnalyzer.doubleLiteral (0x000078e2e06ef508) [0x000078e2e06ef600, 0x000078e2e06ef718] Compiler: c1, Barriers: 0, Oops: 1, ImmediateOops: 0, NonImmediateOops: No
[2,875s][debug][gc,nmethod     ] Register NMethod: io.brackit.query.compiler.parser.Tokenizer$EQNameToken.qname (0x000078e2e06ef808) [0x000078e2e06ef900, 0x000078e2e06efb48] Compiler: c1, Barriers: 3, Oops: 1, ImmediateOops: 0, NonImmediateOops: No
[2,875s][debug][gc,nmethod     ] Register NMethod: io.brackit.query.compiler.parser.Tokenizer.laStringSkipWS (0x000078e2e06efb88) [0x000078e2e06efc80, 0x000078e2e06effd8] Compiler: c1, Barriers: 0, Oops: 1, ImmediateOops: 0, NonImmediateOops: No
[2,875s][debug][gc,nmethod     ] Register NMethod: io.brackit.query.compiler.parser.Tokenizer.laDecimalSkipWS (0x000078e2e06f0008) [0x000078e2e06f0100, 0x000078e2e06f0298] Compiler: c1, Barriers: 0, Oops: 1, ImmediateOops: 0, NonImmediateOops: No
[2,875s][debug][gc,nmethod     ] Register NMethod: io.brackit.query.compiler.parser.Tokenizer.consume (0x000078e2e06f0308) [0x000078e2e06f0400, 0x000078e2e06f0898] Compiler: c1, Barriers: 6, Oops: 2, ImmediateOops: 1, NonImmediateOops: No
[2,875s][debug][gc,nmethod     ] Register NMethod: io.brackit.query.compiler.parser.Tokenizer.laDoubleSkipWS (0x000078e2e06f0908) [0x000078e2e06f0a00, 0x000078e2e06f0b98] Compiler: c1, Barriers: 0, Oops: 1, ImmediateOops: 0, NonImmediateOops: No
[2,876s][debug][gc,nmethod     ] Register NMethod: io.brackit.query.compiler.parser.Tokenizer.scanEscape (0x000078e2e06f0c08) [0x000078e2e06f0d00, 0x000078e2e06f0ed8] Compiler: c1, Barriers: 1, Oops: 1, ImmediateOops: 0, NonImmediateOops: No
[2,876s][debug][gc,nmethod     ] Register NMethod: io.brackit.query.compiler.parser.JsoniqParser.decimalLiteral (0x000078e2e06f0f08) [0x000078e2e06f1000, 0x000078e2e06f29b0] Compiler: c1, Barriers: 9, Oops: 3, ImmediateOops: 2, NonImmediateOops: No
[2,876s][debug][gc,nmethod     ] Register NMethod: io.brackit.query.compiler.analyzer.NestedContext.getNamespaces (0x000078e2fedfc888) [0x000078e2fedfc980, 0x000078e2fedfca68] Compiler: c1, Barriers: 1, Oops: 1, ImmediateOops: 0, NonImmediateOops: No
[2,876s][debug][gc,nmethod     ] Register NMethod: io.brackit.query.compiler.parser.JsoniqParser.doubleLiteral (0x000078e2e06f2a08) [0x000078e2e06f2b00, 0x000078e2e06f44b0] Compiler: c1, Barriers: 9, Oops: 3, ImmediateOops: 2, NonImmediateOops: No
[2,876s][debug][gc,nmethod     ] Register NMethod: io.brackit.query.compiler.parser.Tokenizer.laDecimal (0x000078e2e06f4508) [0x000078e2e06f4600, 0x000078e2e06f5920] Compiler: c1, Barriers: 14, Oops: 2, ImmediateOops: 1, NonImmediateOops: No
[2,876s][debug][gc,nmethod     ] Register NMethod: io.brackit.query.compiler.parser.Tokenizer.laQName (0x000078e2e06f5988) [0x000078e2e06f5a80, 0x000078e2e06f5bb8] Compiler: c1, Barriers: 0, Oops: 1, ImmediateOops: 0, NonImmediateOops: No
[2,876s][debug][gc,nmethod     ] Register NMethod: io.brackit.query.compiler.parser.Tokenizer$StringToken.string (0x000078e2fedfcb88) [0x000078e2fedfcc80, 0x000078e2fedfcd68] Compiler: c1, Barriers: 1, Oops: 1, ImmediateOops: 0, NonImmediateOops: No
[2,876s][debug][gc,nmethod     ] Register NMethod: java.lang.invoke.MethodHandle.invokeBasic (0x000078e2fedfce88) [0x000078e2fedfcf80, 0x000078e2fedfd218] Compiler: , Barriers: 0, Oops: 0, ImmediateOops: 0, NonImmediateOops: No
[2,876s][debug][gc,nmethod     ] Register NMethod: io.brackit.query.compiler.parser.Tokenizer.laDouble (0x000078e2e06f5c88) [0x000078e2e06f5d80, 0x000078e2e06f9168] Compiler: c1, Barriers: 34, Oops: 2, ImmediateOops: 4, NonImmediateOops: No
[2,876s][debug][gc,nmethod     ] Register NMethod: java.lang.invoke.MethodHandle.linkToSpecial (0x000078e2fedfd288) [0x000078e2fedfd380, 0x000078e2fedfd478] Compiler: , Barriers: 0, Oops: 0, ImmediateOops: 0, NonImmediateOops: No
[2,876s][debug][gc,nmethod     ] Register NMethod: io.brackit.query.compiler.parser.Tokenizer.laEQNameSkipWS (0x000078e2e06f9188) [0x000078e2e06f9280, 0x000078e2e06f9418] Compiler: c1, Barriers: 0, Oops: 1, ImmediateOops: 0, NonImmediateOops: No
[2,876s][debug][gc,nmethod     ] Register NMethod: java.lang.ClassLoader.definePackage (0x000078e2e06f9488) [0x000078e2e06f9580, 0x000078e2e06f9980] Compiler: c1, Barriers: 1, Oops: 0, ImmediateOops: 0, NonImmediateOops: No
[2,876s][debug][gc,nmethod     ] Register NMethod: io.brackit.query.compiler.analyzer.ExprAnalyzer.varRef (0x000078e2e06f9988) [0x000078e2e06f9a80, 0x000078e2e06f9d00] Compiler: c1, Barriers: 4, Oops: 1, ImmediateOops: 1, NonImmediateOops: No
[2,876s][debug][gc,nmethod     ] Register NMethod: io.brackit.query.compiler.parser.JsoniqParser.varRef (0x000078e2e06f9d88) [0x000078e2e06f9e80, 0x000078e2e06fa930] Compiler: c1, Barriers: 3, Oops: 3, ImmediateOops: 2, NonImmediateOops: No
[2,876s][debug][gc,nmethod     ] Register NMethod: io.brackit.query.compiler.parser.Tokenizer.laEQName (0x000078e2e06fa988) [0x000078e2e06faa80, 0x000078e2e06fbdc8] Compiler: c1, Barriers: 12, Oops: 2, ImmediateOops: 1, NonImmediateOops: No
[2,877s][debug][gc,nmethod     ] Register NMethod: io.brackit.query.compiler.optimizer.walker.topdown.ScopeWalker.inspect (0x000078e2e06fbe08) [0x000078e2e06fbf00, 0x000078e2e06fca38] Compiler: c1, Barriers: 12, Oops: 1, ImmediateOops: 0, NonImmediateOops: No
[2,877s][debug][gc,nmethod     ] Register NMethod: java.util.logging.LogManager.ensureLogManagerInitialized (0x000078e2e06fca88) [0x000078e2e06fcb80, 0x000078e2e06fd900] Compiler: c1, Barriers: 21, Oops: 2, ImmediateOops: 6, NonImmediateOops: No
[2,877s][debug][gc,nmethod     ] Register NMethod: java.lang.invoke.ClassSpecializer$SpeciesData.factory (0x000078e2e06fd988) [0x000078e2e06fda80, 0x000078e2e06fdc10] Compiler: c1, Barriers: 1, Oops: 0, ImmediateOops: 0, NonImmediateOops: No
[2,878s][debug][gc,nmethod     ] Register NMethod: io.brackit.query.compiler.parser.Tokenizer.laSym (0x000078e2fedfd588) [0x000078e2fedfd680, 0x000078e2fedfdc88] Compiler: jvmci, Barriers: 4, Oops: 1, ImmediateOops: 0, NonImmediateOops: No
[2,878s][debug][gc,nmethod     ] Register NMethod: io.brackit.query.compiler.AST.getChild (0x000078e2fedfdd08) [0x000078e2fedfde00, 0x000078e2fedfdf40] Compiler: jvmci, Barriers: 2, Oops: 1, ImmediateOops: 0, NonImmediateOops: No
[2,879s][debug][gc,nmethod     ] Register NMethod: java.util.AbstractMap.<init> (0x000078e2fedfe008) [0x000078e2fedfe100, 0x000078e2fedfe180] Compiler: jvmci, Barriers: 0, Oops: 0, ImmediateOops: 0, NonImmediateOops: No
[2,879s][debug][gc,nmethod     ] Register NMethod: io.brackit.query.compiler.optimizer.walker.Walker.walkInternal (0x000078e2fedfe308) [0x000078e2fedfe400, 0x000078e2fedfed78] Compiler: jvmci, Barriers: 8, Oops: 1, ImmediateOops: 4, NonImmediateOops: No
[2,880s][debug][gc,nmethod     ] Register NMethod: com.esotericsoftware.kryo.io.Output.require (0x000078e2fedfed88) [0x000078e2fedfee80, 0x000078e2fedff068] Compiler: jvmci, Barriers: 2, Oops: 1, ImmediateOops: 0, NonImmediateOops: No
[2,880s][debug][gc,nmethod     ] Register NMethod: io.sirix.node.Bytes.elasticOffHeapByteBuffer (0x000078e2e06fdc88) [0x000078e2e06fdd80, 0x000078e2e06feb88] Compiler: c1, Barriers: 9, Oops: 2, ImmediateOops: 1, NonImmediateOops: No
[2,880s][debug][gc,nmethod     ] Register NMethod: io.sirix.access.trx.node.AbstractResourceSession.assertAccess (0x000078e2e06fec08) [0x000078e2e06fed00, 0x000078e2e07004c0] Compiler: c1, Barriers: 4, Oops: 1, ImmediateOops: 3, NonImmediateOops: No
[2,881s][debug][gc,nmethod     ] Register NMethod: java.util.stream.ReduceOps.makeRef (0x000078e2fedff088) [0x000078e2fedff180, 0x000078e2fedff3e0] Compiler: jvmci, Barriers: 13, Oops: 0, ImmediateOops: 1, NonImmediateOops: No
[2,883s][debug][gc,nmethod     ] Register NMethod: java.util.concurrent.locks.ReentrantLock.unlock (0x000078e2fedff408) [0x000078e2fedff500, 0x000078e2fedff818] Compiler: jvmci, Barriers: 8, Oops: 1, ImmediateOops: 0, NonImmediateOops: No
[2,884s][debug][gc,nmethod     ] Register NMethod: io.brackit.query.atomic.QNm.<init> (0x000078e2fedff888) [0x000078e2fedff980, 0x000078e2fedffd38] Compiler: jvmci, Barriers: 18, Oops: 1, ImmediateOops: 2, NonImmediateOops: No
[2,886s][debug][gc,nmethod     ] Register NMethod: io.brackit.query.atomic.QNm.atomicCmpInternal (0x000078e2fedffd88) [0x000078e2fedffe80, 0x000078e2fee00300] Compiler: jvmci, Barriers: 8, Oops: 1, ImmediateOops: 0, NonImmediateOops: No
[2,888s][debug][gc,nmethod     ] Register NMethod: io.brackit.query.function.AbstractFunction.isBuiltIn (0x000078e2fee00388) [0x000078e2fee00480, 0x000078e2fee00540] Compiler: c1, Barriers: 0, Oops: 1, ImmediateOops: 0, NonImmediateOops: No
[2,888s][debug][gc,nmethod     ] Register NMethod: io.brackit.query.atomic.Str.stringValue (0x000078e2fee00688) [0x000078e2fee00780, 0x000078e2fee00868] Compiler: c1, Barriers: 1, Oops: 1, ImmediateOops: 0, NonImmediateOops: No
[2,889s][debug][gc,nmethod     ] Register NMethod: java.util.ArrayList$Itr.next (0x000078e2e0700508) [0x000078e2e0700600, 0x000078e2e0700980] Compiler: c1, Barriers: 3, Oops: 0, ImmediateOops: 0, NonImmediateOops: No
[2,889s][debug][gc,nmethod     ] Register NMethod: io.brackit.query.jdm.type.SequenceType.getItemType (0x000078e2fee00988) [0x000078e2fee00a80, 0x000078e2fee00b68] Compiler: c1, Barriers: 1, Oops: 1, ImmediateOops: 0, NonImmediateOops: No
[2,889s][debug][gc,nmethod     ] Register NMethod: io.brackit.query.jdm.Type.getPrimitiveBase (0x000078e2fee00c88) [0x000078e2fee00d80, 0x000078e2fee00e68] Compiler: c1, Barriers: 1, Oops: 1, ImmediateOops: 0, NonImmediateOops: No
[2,889s][debug][gc,nmethod     ] Register NMethod: io.brackit.query.node.AbstractNode.<init> (0x000078e2e0700988) [0x000078e2e0700a80, 0x000078e2e0700c98] Compiler: c1, Barriers: 0, Oops: 1, ImmediateOops: 0, NonImmediateOops: No
[2,889s][debug][gc,nmethod     ] Register NMethod: io.brackit.query.jdm.type.SequenceType.getCardinality (0x000078e2fee00f88) [0x000078e2fee01080, 0x000078e2fee01168] Compiler: c1, Barriers: 1, Oops: 1, ImmediateOops: 0, NonImmediateOops: No
[2,889s][debug][gc,nmethod     ] Register NMethod: io.brackit.query.jdm.Type.isNumeric (0x000078e2fee01288) [0x000078e2fee01380, 0x000078e2fee01440] Compiler: c1, Barriers: 0, Oops: 1, ImmediateOops: 0, NonImmediateOops: No
[2,889s][debug][gc,nmethod     ] Register NMethod: io.brackit.query.BrackitQueryContext.getNodeFactory (0x000078e2fee01588) [0x000078e2fee01680, 0x000078e2fee01768] Compiler: c1, Barriers: 1, Oops: 1, ImmediateOops: 0, NonImmediateOops: No
[2,889s][debug][gc,nmethod     ] Register NMethod: io.brackit.query.jdm.type.AnyItemType.matches (0x000078e2fee01888) [0x000078e2fee01980, 0x000078e2fee01a40] Compiler: c1, Barriers: 0, Oops: 1, ImmediateOops: 0, NonImmediateOops: No
[2,890s][debug][gc,nmethod     ] Register NMethod: java.util.ArrayList$Itr.hasNext (0x000078e2e0700d08) [0x000078e2e0700e00, 0x000078e2e0700f48] Compiler: c1, Barriers: 1, Oops: 0, ImmediateOops: 0, NonImmediateOops: No
[2,890s][debug][gc,nmethod     ] Register NMethod: io.brackit.query.node.d2linked.D2Node.<init> (0x000078e2e0701008) [0x000078e2e0701100, 0x000078e2e07014f8] Compiler: c1, Barriers: 6, Oops: 1, ImmediateOops: 0, NonImmediateOops: No
[2,891s][debug][gc,nmethod     ] Register NMethod: io.brackit.query.atomic.Int32.type (0x000078e2e0701508) [0x000078e2e0701600, 0x000078e2e0701708] Compiler: c1, Barriers: 0, Oops: 1, ImmediateOops: 1, NonImmediateOops: No
[2,891s][debug][gc,nmethod     ] Register NMethod: java.util.ArrayList.iterator (0x000078e2e0701808) [0x000078e2e0701900, 0x000078e2e0701ad0] Compiler: c1, Barriers: 3, Oops: 0, ImmediateOops: 0, NonImmediateOops: No
[2,891s][debug][gc,nmethod     ] Register NMethod: java.util.ArrayList$Itr.<init> (0x000078e2e0701b08) [0x000078e2e0701c00, 0x000078e2e0701e40] Compiler: c1, Barriers: 3, Oops: 0, ImmediateOops: 0, NonImmediateOops: No
[2,891s][debug][gc,nmethod     ] Register NMethod: io.brackit.query.node.d2linked.ElementD2Node.getKind (0x000078e2e0701e88) [0x000078e2e0701f80, 0x000078e2e0702088] Compiler: c1, Barriers: 0, Oops: 1, ImmediateOops: 1, NonImmediateOops: No
[2,891s][debug][gc,nmethod     ] Register NMethod: io.brackit.query.atomic.Int32.longValue (0x000078e2e0702188) [0x000078e2e0702280, 0x000078e2e0702380] Compiler: c1, Barriers: 0, Oops: 1, ImmediateOops: 0, NonImmediateOops: No
[2,891s][debug][gc,nmethod     ] Register NMethod: io.brackit.query.atomic.AbstractAtomic.atomize (0x000078e2e0702488) [0x000078e2e0702580, 0x000078e2e0702680] Compiler: c1, Barriers: 0, Oops: 1, ImmediateOops: 0, NonImmediateOops: No
[2,892s][debug][gc,nmethod     ] Register NMethod: io.sirix.query.node.XmlDBNode.moveRtx (0x000078e2e0702788) [0x000078e2e0702880, 0x000078e2e07029e0] Compiler: c1, Barriers: 1, Oops: 1, ImmediateOops: 0, NonImmediateOops: No
[2,892s][debug][gc,nmethod     ] Register NMethod: java.util.Spliterator.getExactSizeIfKnown (0x000078e2e0702a88) [0x000078e2e0702b80, 0x000078e2e0702d00] Compiler: c1, Barriers: 0, Oops: 0, ImmediateOops: 0, NonImmediateOops: No
[2,892s][debug][gc,nmethod     ] Register NMethod: io.brackit.query.atomic.Str.<init> (0x000078e2e0702d88) [0x000078e2e0702e80, 0x000078e2e0703000] Compiler: c1, Barriers: 3, Oops: 1, ImmediateOops: 1, NonImmediateOops: No
[2,892s][debug][gc,nmethod     ] Register NMethod: java.lang.ref.Cleaner.register (0x000078e2fee01b88) [0x000078e2fee01c80, 0x000078e2fee02888] Compiler: jvmci, Barriers: 40, Oops: 0, ImmediateOops: 2, NonImmediateOops: No
[2,892s][debug][gc,nmethod     ] Register NMethod: io.sirix.access.trx.node.xml.XmlNodeReadOnlyTrxImpl.getResourceSession (0x000078e2e0703088) [0x000078e2e0703180, 0x000078e2e07033d0] Compiler: c1, Barriers: 1, Oops: 1, ImmediateOops: 1, NonImmediateOops: No
[2,892s][debug][gc,nmethod     ] Register NMethod: io.brackit.query.node.d2linked.ElementD2Node.checkName (0x000078e2e0703408) [0x000078e2e0703500, 0x000078e2e0704318] Compiler: c1, Barriers: 28, Oops: 1, ImmediateOops: 0, NonImmediateOops: No
[2,893s][debug][gc,nmethod     ] Register NMethod: io.brackit.query.update.UpdateList$$Lambda/0x00000000923af1b0.apply (0x000078e2e0704388) [0x000078e2e0704480, 0x000078e2e07045f8] Compiler: c1, Barriers: 0, Oops: 1, ImmediateOops: 0, NonImmediateOops: No
[2,893s][debug][gc,nmethod     ] Register NMethod: java.lang.Enum.compareTo (0x000078e2e0704688) [0x000078e2e0704780, 0x000078e2e07048c8] Compiler: c1, Barriers: 0, Oops: 0, ImmediateOops: 0, NonImmediateOops: No
[2,893s][debug][gc,nmethod     ] Register NMethod: io.brackit.query.update.op.InsertBeforeOp.getType (0x000078e2e0704988) [0x000078e2e0704a80, 0x000078e2e0704b88] Compiler: c1, Barriers: 0, Oops: 1, ImmediateOops: 1, NonImmediateOops: No
[2,893s][debug][gc,nmethod     ] Register NMethod: java.util.Comparator$$Lambda/0x0000000092123d20.compare (0x000078e2e0704c88) [0x000078e2e0704d80, 0x000078e2e0704fa0] Compiler: c1, Barriers: 1, Oops: 0, ImmediateOops: 0, NonImmediateOops: No
[2,893s][debug][gc,nmethod     ] Register NMethod: io.brackit.query.update.op.DeleteOp.getType (0x000078e2e0705008) [0x000078e2e0705100, 0x000078e2e0705208] Compiler: c1, Barriers: 0, Oops: 1, ImmediateOops: 1, NonImmediateOops: No
[2,893s][debug][gc,nmethod     ] Register NMethod: io.brackit.query.update.op.ReplaceNodeOp.getType (0x000078e2e0705308) [0x000078e2e0705400, 0x000078e2e0705508] Compiler: c1, Barriers: 0, Oops: 1, ImmediateOops: 1, NonImmediateOops: No
[2,893s][debug][gc,nmethod     ] Register NMethod: java.util.Comparator.lambda$comparing$77a9974f$1 (0x000078e2e0705608) [0x000078e2e0705700, 0x000078e2e07058c8] Compiler: c1, Barriers: 0, Oops: 0, ImmediateOops: 0, NonImmediateOops: No
[2,894s][debug][gc,nmethod     ] Register NMethod: io.brackit.query.update.op.ReplaceNodeOp.getTarget (0x000078e2fee02908) [0x000078e2fee02a00, 0x000078e2fee02ae8] Compiler: c1, Barriers: 1, Oops: 1, ImmediateOops: 0, NonImmediateOops: No
[2,895s][debug][gc,nmethod     ] Register NMethod: java.util.concurrent.locks.LockSupport.setBlocker (0x000078e2e0705908) [0x000078e2e0705a00, 0x000078e2e0705b10] Compiler: c1, Barriers: 0, Oops: 0, ImmediateOops: 1, NonImmediateOops: No
[2,895s][debug][gc,nmethod     ] Register NMethod: com.github.benmanes.caffeine.cache.SSLSMW.accessOrderProtectedDeque (0x000078e2fee02c08) [0x000078e2fee02d00, 0x000078e2fee02df0] Compiler: c1, Barriers: 1, Oops: 1, ImmediateOops: 0, NonImmediateOops: No
[2,895s][debug][gc,nmethod     ] Register NMethod: com.github.benmanes.caffeine.cache.SSLSMW.setMainProtectedWeightedSize (0x000078e2fee02f08) [0x000078e2fee03000, 0x000078e2fee030c0] Compiler: c1, Barriers: 0, Oops: 1, ImmediateOops: 0, NonImmediateOops: No
[2,895s][debug][gc,nmethod     ] Register NMethod: io.sirix.query.node.XmlDBNode.getNodeClassID (0x000078e2fee03208) [0x000078e2fee03300, 0x000078e2fee033c0] Compiler: c1, Barriers: 0, Oops: 1, ImmediateOops: 0, NonImmediateOops: No
[2,895s][debug][gc,nmethod     ] Register NMethod: io.brackit.query.update.op.ReplaceNodeOp.getTarget (0x000078e2e0705c08) [0x000078e2e0705d00, 0x000078e2e0705e28] Compiler: c1, Barriers: 1, Oops: 1, ImmediateOops: 0, NonImmediateOops: No
[2,895s][debug][gc,nmethod     ] Register NMethod: java.util.stream.ReferencePipeline.collect (0x000078e2fee03508) [0x000078e2fee03600, 0x000078e2fee044c8] Compiler: jvmci, Barriers: 32, Oops: 2, ImmediateOops: 3, NonImmediateOops: No
[2,895s][debug][gc,nmethod     ] Register NMethod: io.sirix.query.node.XmlDBNode.getKind (0x000078e2e0705f08) [0x000078e2e0706000, 0x000078e2e0706438] Compiler: c1, Barriers: 2, Oops: 2, ImmediateOops: 9, NonImmediateOops: No
[2,896s][debug][gc,nmethod     ] Register NMethod: io.brackit.query.jdm.type.StructuredItemType.<init> (0x000078e2e0706488) [0x000078e2e0706580, 0x000078e2e0706678] Compiler: c1, Barriers: 0, Oops: 1, ImmediateOops: 0, NonImmediateOops: No
[2,896s][debug][gc,nmethod     ] Register NMethod: io.brackit.query.jdm.type.NodeType.<init> (0x000078e2e0706788) [0x000078e2e0706880, 0x000078e2e0706978] Compiler: c1, Barriers: 0, Oops: 1, ImmediateOops: 0, NonImmediateOops: No
[2,896s][debug][gc,nmethod     ] Register NMethod: io.brackit.query.jdm.type.NodeType.isObject (0x000078e2fee04508) [0x000078e2fee04600, 0x000078e2fee046c0] Compiler: c1, Barriers: 0, Oops: 1, ImmediateOops: 0, NonImmediateOops: No
[2,896s][debug][gc,nmethod     ] Register NMethod: io.brackit.query.jdm.type.NodeType.isArray (0x000078e2fee04808) [0x000078e2fee04900, 0x000078e2fee049c0] Compiler: c1, Barriers: 0, Oops: 1, ImmediateOops: 0, NonImmediateOops: No
[2,896s][debug][gc,nmethod     ] Register NMethod: io.sirix.query.node.XmlDBNode.getImmutableNode (0x000078e2e0706a88) [0x000078e2e0706b80, 0x000078e2e0706d58] Compiler: c1, Barriers: 2, Oops: 1, ImmediateOops: 0, NonImmediateOops: No
[2,896s][debug][gc,nmethod     ] Register NMethod: io.brackit.query.node.AbstractNode.itemType (0x000078e2e0706d88) [0x000078e2e0706e80, 0x000078e2e07074f0] Compiler: c1, Barriers: 6, Oops: 2, ImmediateOops: 3, NonImmediateOops: No
[2,897s][debug][gc,nmethod     ] Register NMethod: io.brackit.query.node.AbstractNode.equals (0x000078e2e0707508) [0x000078e2e0707600, 0x000078e2e07077d8] Compiler: c1, Barriers: 0, Oops: 1, ImmediateOops: 0, NonImmediateOops: No
[2,897s][debug][gc,nmethod     ] Register NMethod: io.sirix.query.node.XmlDBNode.isSelfOf (0x000078e2e0707808) [0x000078e2e0707900, 0x000078e2e0707d48] Compiler: c1, Barriers: 5, Oops: 1, ImmediateOops: 0, NonImmediateOops: No
[2,898s][debug][gc,nmethod     ] Register NMethod: io.brackit.query.update.UpdateList.checkCompatibility (0x000078e2e0707d88) [0x000078e2e0707e80, 0x000078e2e0709940] Compiler: c1, Barriers: 16, Oops: 6, ImmediateOops: 5, NonImmediateOops: No
[2,901s][debug][gc,nmethod     ] Register NMethod: io.sirix.page.delegates.ReferencesPage4.getOrCreateReference (0x000078e2fee04b08) [0x000078e2fee04c00, 0x000078e2fee05260] Compiler: jvmci, Barriers: 10, Oops: 2, ImmediateOops: 1, NonImmediateOops: No
[2,902s][debug][gc,nmethod     ] Register NMethod: io.sirix.node.immutable.xml.ImmutableText.getNodeKey (0x000078e2e0709988) [0x000078e2e0709a80, 0x000078e2e0709d90] Compiler: c1, Barriers: 1, Oops: 1, ImmediateOops: 0, NonImmediateOops: No
[2,902s][debug][gc,nmethod     ] Register NMethod: io.brackit.query.update.op.ReplaceNodeOp.getTarget (0x000078e2e0709e08) [0x000078e2e0709f00, 0x000078e2e070a040] Compiler: c1, Barriers: 1, Oops: 1, ImmediateOops: 0, NonImmediateOops: No
[2,908s][debug][gc,nmethod     ] Register NMethod: io.sirix.page.NamePage.getIndirectPageReference (0x000078e2e070a108) [0x000078e2e070a200, 0x000078e2e070a358] Compiler: c1, Barriers: 1, Oops: 1, ImmediateOops: 0, NonImmediateOops: No
[2,908s][debug][gc,nmethod     ] Register NMethod: io.sirix.access.trx.page.NodePageReadOnlyTrx.getReferenceToLeafOfSubtree (0x000078e2fee05288) [0x000078e2fee05380, 0x000078e2fee06648] Compiler: jvmci, Barriers: 26, Oops: 2, ImmediateOops: 2, NonImmediateOops: No
[2,909s][debug][gc,nmethod     ] Register NMethod: io.sirix.access.trx.page.NodePageReadOnlyTrx.getPageReference (0x000078e2fee06688) [0x000078e2fee06780, 0x000078e2fee07348] Compiler: jvmci, Barriers: 16, Oops: 2, ImmediateOops: 0, NonImmediateOops: No
[2,910s][debug][gc,nmethod     ] Register NMethod: java.lang.invoke.LambdaForm$MH/0x00000000922acc00.invokeExact_MT (0x000078e2e070a408) [0x000078e2e070a500, 0x000078e2e070a7c0] Compiler: c1, Barriers: 3, Oops: 1, ImmediateOops: 0, NonImmediateOops: No
[2,910s][debug][gc,nmethod     ] Register NMethod: java.lang.invoke.LambdaForm$MH/0x00000000922ac400.invokeExact_MT (0x000078e2e070a808) [0x000078e2e070a900, 0x000078e2e070abb0] Compiler: c1, Barriers: 3, Oops: 1, ImmediateOops: 0, NonImmediateOops: No
[2,911s][debug][gc,nmethod     ] Register NMethod: com.github.benmanes.caffeine.cache.Node.inMainProtected (0x000078e2e070ac08) [0x000078e2e070ad00, 0x000078e2e070ae38] Compiler: c1, Barriers: 0, Oops: 1, ImmediateOops: 0, NonImmediateOops: No
[2,911s][debug][gc,nmethod     ] Register NMethod: java.lang.invoke.LambdaForm$DMH/0x0000000092247c00.invokeStatic (0x000078e2e070af08) [0x000078e2e070b000, 0x000078e2e070b188] Compiler: c1, Barriers: 1, Oops: 1, ImmediateOops: 0, NonImmediateOops: No
[2,911s][debug][gc,nmethod     ] Register NMethod: jdk.internal.foreign.abi.DowncallStub/0x0000000092247800.invoke (0x000078e2e070b208) [0x000078e2e070b300, 0x000078e2e070b980] Compiler: c1, Barriers: 2, Oops: 4, ImmediateOops: 1, NonImmediateOops: No
[2,911s][debug][gc,remset      ] GC(1) Y: Remset forwarding retained: 0,000ms count: 0 ZWorkerYoung#0
[2,911s][debug][gc,remset      ] GC(1) Y: Remset forwarding released: 0,000ms count: 0 ZWorkerYoung#0
[2,911s][debug][gc,marking     ] GC(1) Y: Try terminate after resurrection
[2,911s][debug][gc,phases      ] GC(1) Y: Concurrent Mark Follow 198,264ms
[2,911s][info ][gc,phases      ] GC(1) Y: Concurrent Mark 204,327ms
[2,911s][debug][gc,reloc       ] Synchronize all workers 1 _nworkers: 0 _nsynchronized: 0
[2,911s][debug][gc,reloc       ] Synchronize all workers 1 _nworkers: 0 _nsynchronized: 0
[2,911s][debug][gc,phases,start] GC(1) Y: Pause Mark End
[2,911s][info ][gc,phases      ] GC(1) Y: Pause Mark End 0,015ms
[2,911s][debug][gc,reloc       ] Desynchronize all workers _nworkers: 0 _nsynchronized: 0
[2,911s][debug][gc,reloc       ] Desynchronize all workers _nworkers: 0 _nsynchronized: 0
[2,911s][debug][gc,phases,start] GC(1) Y: Concurrent Mark Free
[2,911s][info ][gc,phases      ] GC(1) Y: Concurrent Mark Free 0,014ms
[2,911s][debug][gc,phases,start] GC(1) Y: Concurrent Reset Relocation Set
[2,911s][info ][gc,phases      ] GC(1) Y: Concurrent Reset Relocation Set 0,012ms
[2,911s][debug][gc,phases,start] GC(1) Y: Concurrent Select Relocation Set
[2,912s][debug][gc,reloc       ] GC(1) Y: Relocation Set (Medium Pages): 2->1, 0 skipped, 12 forwarding entries
[2,912s][debug][gc,reloc       ] GC(1) Y: Relocation Set (Small Pages): 94->7, 0 skipped, 397092 forwarding entries
[2,912s][debug][gc,reloc       ] GC(1) Y: Allocated To Garbage: 0,7
[2,912s][debug][gc,reloc       ] GC(1) Y: Young Log Residency: 1,8
[2,912s][debug][gc,reloc       ] GC(1) Y: Life Decay Factor: 13,1
[2,912s][info ][gc,reloc       ] GC(1) Y: Using tenuring threshold: 2 (Computed)
[2,912s][debug][gc,task        ] GC(1) Y: Executing ZRelocationSetInstallTask using ZWorkerYoung with 1 workers
[2,912s][debug][gc,nmethod     ] Register NMethod: io.sirix.settings.VersioningType$4.combineRecordPagesForModification (0x000078e2e070ba08) [0x000078e2e070bb00, 0x000078e2e07155c8] Compiler: c1, Barriers: 27, Oops: 1, ImmediateOops: 0, NonImmediateOops: No
[2,912s][debug][gc,task        ] GC(1) Y: Executing ZPromotePagesTask using ZWorkerYoung with 1 workers
[2,912s][debug][gc,task        ] GC(1) Y: Executing ZPromotePagesTask using ZWorkerYoung with 1 workers
[2,912s][debug][gc,task        ] GC(1) Y: Executing ZPromotePagesTask using ZWorkerYoung with 1 workers
[2,912s][info ][gc,phases      ] GC(1) Y: Concurrent Select Relocation Set 0,805ms
[2,912s][debug][gc,reloc       ] Synchronize all workers 1 _nworkers: 0 _nsynchronized: 0
[2,912s][debug][gc,reloc       ] Synchronize all workers 1 _nworkers: 0 _nsynchronized: 0
[2,912s][debug][gc,phases,start] GC(1) Y: Pause Relocate Start
[2,912s][debug][gc,reloc       ] GC(1) Y: Joining workers: 1
[2,912s][info ][gc,phases      ] GC(1) Y: Pause Relocate Start 0,016ms
[2,912s][debug][gc,reloc       ] Desynchronize all workers _nworkers: 0 _nsynchronized: 0
[2,912s][debug][gc,reloc       ] Desynchronize all workers _nworkers: 1 _nsynchronized: 0
[2,912s][debug][gc,phases,start] GC(1) Y: Concurrent Relocate
[2,912s][debug][gc,task        ] GC(1) Y: Executing ZRelocateStoreBufferInstallBasePointersTask using ZWorkerYoung with 1 workers
[2,912s][debug][gc,task        ] GC(1) Y: Executing ZRelocateTask using ZWorkerYoung with 1 workers
[2,913s][debug][gc,nmethod     ] Register NMethod: io.sirix.cache.LinuxMemorySegmentAllocator.release (0x000078e2e0715608) [0x000078e2e0715700, 0x000078e2e0718a00] Compiler: c1, Barriers: 94, Oops: 21, ImmediateOops: 29, NonImmediateOops: No
[2,919s][debug][gc,reloc       ] GC(1) Y: Leaving workers: left: 0 _synchronize: 0 _nsynchronized: 0
[2,919s][debug][gc,phases,start] GC(1) Y: Concurrent Relocate Remset FP
[2,919s][debug][gc,task        ] GC(1) Y: Executing ZRelocateAddRemsetForFlipPromoted using ZWorkerYoung with 1 workers
[2,919s][debug][gc,phases      ] GC(1) Y: Concurrent Relocate Remset FP 0,050ms
[2,919s][info ][gc,phases      ] GC(1) Y: Concurrent Relocate 6,792ms
[2,919s][debug][gc,heap        ] GC(1) Y: Heap After GC invocations=2 (full 2):
[2,919s][debug][gc,heap        ] GC(1) Y:  ZHeap           used 330M, capacity 5120M, max capacity 12288M
[2,919s][debug][gc,heap        ] GC(1) Y:   Cache          4790M (8)
[2,919s][debug][gc,heap        ] GC(1) Y:    size classes  2M (3), 4M (1), 16M (1), 32M (1), 128M (1), 4G (1)
[2,919s][debug][gc,metaspace   ] GC(1) Y: Metaspace After GC invocations=2 (full 2):
[2,919s][debug][gc,metaspace   ] GC(1) Y:  Metaspace       used 41894K, committed 42304K, reserved 1114112K
[2,919s][debug][gc,metaspace   ] GC(1) Y:   class space    used 3564K, committed 3712K, reserved 1048576K
[2,919s][info ][gc,alloc       ] GC(1) Y:                         Mark Start        Mark End      Relocate Start    Relocate End   
[2,919s][info ][gc,alloc       ] GC(1) Y: Allocation Stalls:          0                0                0                0         
[2,919s][info ][gc,load        ] GC(1) Y: Load: 1,65 (8%) / 1,85 (9%) / 1,94 (10%)
[2,919s][info ][gc,mmu         ] GC(1) Y: MMU: 2ms/94,9%, 5ms/98,0%, 10ms/99,0%, 20ms/99,4%, 50ms/99,7%, 100ms/99,8%
[2,919s][info ][gc,marking     ] GC(1) Y: Mark: 1 stripe(s), 2 proactive flush(es), 1 terminate flush(es), 0 completion(s), 0 continuation(s) 
[2,919s][info ][gc,nmethod     ] GC(1) Y: NMethods: 6695 registered, 0 unregistered
[2,919s][info ][gc,metaspace   ] GC(1) Y: Metaspace: 40M used, 41M committed, 1088M reserved
[2,919s][info ][gc,reloc       ] GC(1) Y:                        Candidates     Selected     In-Place         Size        Empty    Relocated 
[2,919s][info ][gc,reloc       ] GC(1) Y: Small Pages:                  221           87            0         442M          84M           9M 
[2,919s][info ][gc,reloc       ] GC(1) Y: Medium Pages:                   2            1            0          64M           0M           3M 
[2,919s][info ][gc,reloc       ] GC(1) Y: Large Pages:                    0            0            0           0M           0M           0M 
[2,919s][info ][gc,reloc       ] GC(1) Y: Forwarding Usage: 3M
[2,919s][info ][gc,reloc       ] GC(1) Y: Age Table:
[2,919s][info ][gc,reloc       ] GC(1) Y:                    Live             Garbage             Small              Medium             Large        
[2,919s][info ][gc,reloc       ] GC(1) Y: Eden             170M (1%)          287M (2%)         213 / 85             1 / 0              0 / 0        
[2,919s][info ][gc,reloc       ] GC(1) Y: Survivor 1        13M (0%)           34M (0%)           8 / 2              1 / 1              0 / 0        
[2,919s][info ][gc,heap        ] GC(1) Y: Min Capacity: 5120M(42%)
[2,919s][info ][gc,heap        ] GC(1) Y: Max Capacity: 12288M(100%)
[2,919s][info ][gc,heap        ] GC(1) Y: Soft Max Capacity: 12288M(100%)
[2,919s][info ][gc,heap        ] GC(1) Y: Heap Statistics:
[2,919s][info ][gc,heap        ] GC(1) Y:                Mark Start          Mark End        Relocate Start      Relocate End           High               Low         
[2,919s][info ][gc,heap        ] GC(1) Y:  Capacity:     5120M (42%)        5120M (42%)        5120M (42%)        5120M (42%)        5120M (42%)        5120M (42%)    
[2,919s][info ][gc,heap        ] GC(1) Y:      Free:    11782M (96%)       11714M (95%)       11798M (96%)       11958M (97%)       11958M (97%)       11714M (95%)    
[2,919s][info ][gc,heap        ] GC(1) Y:      Used:      506M (4%)          574M (5%)          490M (4%)          330M (3%)          574M (5%)          330M (3%)     
[2,919s][info ][gc,heap        ] GC(1) Y: Young Generation Statistics:
[2,919s][info ][gc,heap        ] GC(1) Y:                Mark Start          Mark End        Relocate Start      Relocate End    
[2,919s][info ][gc,heap        ] GC(1) Y:      Used:      506M (4%)          574M (5%)          490M (4%)          330M (3%)     
[2,919s][info ][gc,heap        ] GC(1) Y:      Live:         -               183M (1%)          183M (1%)          183M (1%)     
[2,920s][info ][gc,heap        ] GC(1) Y:   Garbage:         -               322M (3%)          238M (2%)            1M (0%)     
[2,920s][info ][gc,heap        ] GC(1) Y: Allocated:         -                68M (1%)           68M (1%)          145M (1%)     
[2,920s][info ][gc,heap        ] GC(1) Y: Reclaimed:         -                  -                84M (1%)          321M (3%)     
[2,920s][info ][gc,heap        ] GC(1) Y:  Promoted:         -                  -                 0M (0%)            0M (0%)     
[2,920s][info ][gc,heap        ] GC(1) Y: Compacted:         -                  -                  -                14M (0%)     
[2,920s][info ][gc,phases      ] GC(1) Y: Young Generation 506M(4%)->330M(3%) 0,213s
[2,920s][debug][gc,heap        ] GC(1) O: Heap Before GC invocations=2 (full 2):
[2,920s][debug][gc,heap        ] GC(1) O:  ZHeap           used 330M, capacity 5120M, max capacity 12288M
[2,920s][debug][gc,heap        ] GC(1) O:   Cache          4790M (8)
[2,920s][debug][gc,heap        ] GC(1) O:    size classes  2M (3), 4M (1), 16M (1), 32M (1), 128M (1), 4G (1)
[2,920s][debug][gc,metaspace   ] GC(1) O: Metaspace Before GC invocations=2 (full 2):
[2,920s][debug][gc,metaspace   ] GC(1) O:  Metaspace       used 41894K, committed 42304K, reserved 1114112K
[2,920s][debug][gc,metaspace   ] GC(1) O:   class space    used 3564K, committed 3712K, reserved 1048576K
[2,920s][info ][gc,phases      ] GC(1) O: Old Generation
[2,920s][debug][gc,phases,start] GC(1) O: Concurrent Mark
[2,920s][debug][gc,phases,start] GC(1) O: Concurrent Mark Roots
[2,920s][debug][gc,task        ] GC(1) O: Executing ZMarkOldRootsTask using ZWorkerOld with 1 workers
[2,920s][debug][gc,tlab        ] GC(1) O: TLAB totals: thrds: 14  refills: 247 max: 186 slow allocs: 50 max 41 waste:  4,2% gc: 1964112B max: 262104B slow: 221080B max: 187408B
[2,920s][debug][gc,phases      ] GC(1) O: Concurrent Mark Roots 0,645ms
[2,920s][debug][gc,phases,start] GC(1) O: Concurrent Mark Follow
[2,920s][debug][gc,marking     ] GC(1) O: Using 1 mark stripes
[2,920s][debug][gc,task        ] GC(1) O: Executing ZMarkTask using ZWorkerOld with 1 workers
[2,921s][debug][gc,phases      ] GC(1) O: Concurrent Mark Follow 0,229ms
[2,921s][info ][gc,phases      ] GC(1) O: Concurrent Mark 0,908ms
[2,921s][debug][gc,reloc       ] Synchronize all workers 1 _nworkers: 0 _nsynchronized: 0
[2,921s][debug][gc,reloc       ] Synchronize all workers 1 _nworkers: 0 _nsynchronized: 0
[2,921s][debug][gc,phases,start] GC(1) O: Pause Mark End
[2,921s][info ][gc,phases      ] GC(1) O: Pause Mark End 0,017ms
[2,921s][debug][gc,reloc       ] Desynchronize all workers _nworkers: 0 _nsynchronized: 0
[2,921s][debug][gc,reloc       ] Desynchronize all workers _nworkers: 0 _nsynchronized: 0
[2,921s][debug][gc,phases,start] GC(1) O: Concurrent Mark Free
[2,921s][info ][gc,phases      ] GC(1) O: Concurrent Mark Free 0,012ms
[2,921s][debug][gc,phases,start] GC(1) O: Concurrent Process Non-Strong
[2,921s][debug][gc,phases,start] GC(1) O: Concurrent References Process
[2,921s][debug][gc,task        ] GC(1) O: Executing ZReferenceProcessorTask using ZWorkerOld with 1 workers
[2,921s][debug][gc,phases      ] GC(1) O: Concurrent References Process 0,035ms
[2,921s][debug][gc,task        ] GC(1) O: Executing ZProcessWeakRootsTask using ZWorkerOld with 1 workers
[2,922s][debug][gc,phases,start] GC(1) O: Concurrent Classes Unlink
[2,922s][debug][gc,phases,start] GC(1) O: ClassLoaderData
[2,922s][debug][gc,phases      ] GC(1) O: ClassLoaderData 0,025ms
[2,922s][debug][gc,phases,start] GC(1) O: Trigger cleanups
[2,922s][debug][gc,phases      ] GC(1) O: Trigger cleanups 0,012ms
[2,922s][debug][gc,task        ] GC(1) O: Executing ZNMethodUnlinkTask using ZWorkerOld with 1 workers
[2,922s][debug][gc,nmethod     ] GC(1) O: Unregister NMethod: io.sirix.page.KeyValueLeafPage.findFreeSpaceForSlots (0x000078e2dfdb9888) [0x000078e2dfdb9980, 0x000078e2dfdba660] 
[2,922s][debug][gc,nmethod     ] GC(1) O: Unregister NMethod: com.sun.org.apache.xerces.internal.dom.NodeImpl.changed (0x000078e2e0082308) [0x000078e2e0082400, 0x000078e2e0082928] 
[2,922s][debug][gc,nmethod     ] GC(1) O: Unregister NMethod: java.lang.String.endsWith (0x000078e2df473b88) [0x000078e2df473c80, 0x000078e2df4748b0] 
[2,922s][debug][gc,nmethod     ] GC(1) O: Unregister NMethod: io.sirix.node.xml.ElementNode.getRightSiblingKey (0x000078e2dfc06508) [0x000078e2dfc06600, 0x000078e2dfc0b5f0] 
[2,923s][debug][gc,nmethod     ] GC(1) O: Unregister NMethod: jdk.internal.classfile.impl.AbstractPoolEntry$Utf8EntryImpl.methodTypeSymbol (0x000078e2df4f9808) [0x000078e2df4f9900, 0x000078e2df4fa3d0] 
[2,923s][debug][gc,nmethod     ] GC(1) O: Unregister NMethod: java.lang.StringLatin1.newString (0x000078e2df442208) [0x000078e2df442300, 0x000078e2df442620] 
[2,923s][debug][gc,nmethod     ] GC(1) O: Unregister NMethod: org.custommonkey.xmlunit.DifferenceEngine.compare (0x000078e2e025d688) [0x000078e2e025d780, 0x000078e2e025ef10] 
[2,923s][debug][gc,nmethod     ] GC(1) O: Unregister NMethod: java.lang.invoke.MethodType.equals (0x000078e2df4f8c08) [0x000078e2df4f8d00, 0x000078e2df4f94a0] 
[2,923s][debug][gc,nmethod     ] GC(1) O: Unregister NMethod: com.sun.org.apache.xerces.internal.dom.ChildNode.parentNode (0x000078e2e0088008) [0x000078e2e0088100, 0x000078e2e0088508] 
[2,923s][debug][gc,nmethod     ] GC(1) O: Unregister NMethod: java.util.stream.Collectors.lambda$uniqKeysMapAccumulator$0 (0x000078e2e0437b88) [0x000078e2e0437c80, 0x000078e2e0437f08] 
[2,923s][debug][gc,nmethod     ] GC(1) O: Unregister NMethod: io.sirix.page.KeyValueLeafPage.alignOffset (0x000078e2dfa86088) [0x000078e2dfa86180, 0x000078e2dfa86268] 
[2,923s][debug][gc,nmethod     ] GC(1) O: Unregister NMethod: com.sun.org.apache.xerces.internal.dom.NodeImpl.isOwned (0x000078e2e0074b88) [0x000078e2e0074c80, 0x000078e2e0074dd8] 
[2,923s][debug][gc,nmethod     ] GC(1) O: Unregister NMethod: java.util.ArrayList.set (0x000078e2e040f888) [0x000078e2e040f980, 0x000078e2e040fc20] 
[2,923s][debug][gc,nmethod     ] GC(1) O: Unregister NMethod: jdk.internal.foreign.AbstractMemorySegmentImpl.isAlignedForElement (0x000078e2df765008) [0x000078e2df765100, 0x000078e2df7652f8] 
[2,923s][debug][gc,nmethod     ] GC(1) O: Unregister NMethod: io.sirix.access.trx.node.xml.ForwardingXmlNodeReadOnlyTrx.hasParent (0x000078e2e044f488) [0x000078e2e044f580, 0x000078e2e044f758] 
[2,923s][debug][gc,nmethod     ] GC(1) O: Unregister NMethod: java.util.concurrent.ConcurrentHashMap$EntrySpliterator.<init> (0x000078e2e0431308) [0x000078e2e0431400, 0x000078e2e04315b8] 
[2,923s][debug][gc,nmethod     ] GC(1) O: Unregister NMethod: io.sirix.access.trx.node.xml.ForwardingXmlNodeReadOnlyTrx.getName (0x000078e2e040fc88) [0x000078e2e040fd80, 0x000078e2e040ff50] 
[2,923s][debug][gc,nmethod     ] GC(1) O: Unregister NMethod: com.sun.org.apache.xerces.internal.impl.XMLEntityScanner.peekChar (0x000078e2dfb34988) [0x000078e2dfb34a80, 0x000078e2dfb34f38] 
[2,923s][debug][gc,nmethod     ] GC(1) O: Unregister NMethod: com.sun.org.apache.xerces.internal.dom.AttrNSImpl.getLocalName (0x000078e2e0078088) [0x000078e2e0078180, 0x000078e2e0078750] 
[2,923s][debug][gc,nmethod     ] GC(1) O: Unregister NMethod: java.util.ArrayList.indexOfRange (0x000078e2df835d88) [0x000078e2df835e80, 0x000078e2df8364b8] 
[2,923s][debug][gc,nmethod     ] GC(1) O: Unregister NMethod: io.sirix.page.PageReference.hashCode (0x000078e2dff69708) [0x000078e2dff69800, 0x000078e2dff6a880] 
[2,923s][debug][gc,nmethod     ] Register NMethod: io.sirix.access.trx.page.NodePageTrx.lambda$getPageContainer$0 (0x000078e2fee07388) [0x000078e2fee07480, 0x000078e2fee08ce8] Compiler: jvmci, Barriers: 37, Oops: 2, ImmediateOops: 2, NonImmediateOops: No
[2,923s][debug][gc,nmethod     ] GC(1) O: Unregister NMethod: com.github.benmanes.caffeine.cache.BoundedLocalCache$EntryIterator.hasNext (0x000078e2e0529008) [0x000078e2e0529100, 0x000078e2e052a250] 
[2,924s][debug][gc,nmethod     ] GC(1) O: Unregister NMethod: ch.qos.logback.core.joran.spi.ElementPath.get (0x000078e2dfa15a88) [0x000078e2dfa15b80, 0x000078e2dfa160c0] 
[2,924s][debug][gc,nmethod     ] GC(1) O: Unregister NMethod: java.lang.Character.isWhitespace (0x000078e2df5c1388) [0x000078e2df5c1480, 0x000078e2df5c1808] 
[2,924s][debug][gc,nmethod     ] GC(1) O: Unregister NMethod: jdk.internal.classfile.impl.SplitConstantPool.findEntry (0x000078e2df4f6088) [0x000078e2df4f6180, 0x000078e2df4f7888] 
[2,924s][debug][gc,nmethod     ] GC(1) O: Unregister NMethod: jdk.internal.foreign.NativeMemorySegmentImpl.dup (0x000078e2fec9e588) [0x000078e2fec9e6a0, 0x000078e2fec9e7f0] 
[2,924s][debug][gc,nmethod     ] GC(1) O: Unregister NMethod: jdk.internal.misc.Unsafe.getLongUnaligned (0x000078e2dfa9a408) [0x000078e2dfa9a500, 0x000078e2dfa9a6e0] 
[2,924s][debug][gc,nmethod     ] GC(1) O: Unregister NMethod: io.sirix.page.delegates.ReferencesPage4.getOrCreateReference (0x000078e2dff47888) [0x000078e2dff47980, 0x000078e2dff49398] 
[2,924s][debug][gc,nmethod     ] GC(1) O: Unregister NMethod: jdk.internal.classfile.impl.RawBytecodeHelper.isStoreIntoLocal (0x000078e2df480408) [0x000078e2df480500, 0x000078e2df480658] 
[2,924s][debug][gc,nmethod     ] GC(1) O: Unregister NMethod: io.sirix.access.trx.page.NodePageReadOnlyTrx.setMostRecentPage (0x000078e2e0441588) [0x000078e2e0441680, 0x000078e2e04420c8] 
[2,924s][debug][gc,nmethod     ] GC(1) O: Unregister NMethod: io.sirix.diff.algorithm.fmse.ConnectionMap.get (0x000078e2e049e288) [0x000078e2e049e380, 0x000078e2e049f1d0] 
[2,924s][debug][gc,nmethod     ] GC(1) O: Unregister NMethod: jdk.internal.classfile.impl.BufWriterImpl.writeU1U2U2 (0x000078e2df507708) [0x000078e2df507800, 0x000078e2df507cf8] 
[2,924s][debug][gc,nmethod     ] GC(1) O: Unregister NMethod: io.sirix.access.trx.page.NodePageReadOnlyTrx.getLeafPageReference (0x000078e2e043fb88) [0x000078e2e043fc80, 0x000078e2e043fe60] 
[2,924s][debug][gc,nmethod     ] GC(1) O: Unregister NMethod: jdk.internal.foreign.AbstractMemorySegmentImpl.asSliceNoCheck (0x000078e2fec9df88) [0x000078e2fec9e080, 0x000078e2fec9e1f8] 
[2,924s][debug][gc,nmethod     ] GC(1) O: Unregister NMethod: java.lang.invoke.InvokerBytecodeGenerator.emitStoreResult (0x000078e2df9dab08) [0x000078e2df9dac00, 0x000078e2df9db2b8] 
[2,924s][debug][gc,nmethod     ] GC(1) O: Unregister NMethod: java.lang.StringUTF16.compress (0x000078e2df568f88) [0x000078e2df569080, 0x000078e2df5692b0] 
[2,924s][debug][gc,nmethod     ] GC(1) O: Unregister NMethod: io.sirix.index.name.Names.setName (0x000078e2dfb59908) [0x000078e2dfb59a00, 0x000078e2dfb5bca8] 
[2,924s][debug][gc,nmethod     ] GC(1) O: Unregister NMethod: io.sirix.access.trx.node.xml.XmlNodeReadOnlyTrxImpl.getNamespaceCount (0x000078e2e0024908) [0x000078e2e0024a00, 0x000078e2e0025960] 
[2,924s][debug][gc,nmethod     ] GC(1) O: Unregister NMethod: io.sirix.cache.LinuxMemorySegmentAllocator.partitionVirtualRegion (0x000078e2df491c88) [0x000078e2df491d80, 0x000078e2df492b98] 
[2,924s][debug][gc,nmethod     ] GC(1) O: Unregister NMethod: io.sirix.diff.algorithm.fmse.FMSENodeComparisonUtils.calculateRatio (0x000078e2e041ba88) [0x000078e2e041bb80, 0x000078e2e041c8e0] 
[2,924s][debug][gc,nmethod     ] GC(1) O: Unregister NMethod: java.util.BitSet.<init> (0x000078e2df615208) [0x000078e2df615300, 0x000078e2df616248] 
[2,924s][debug][gc,nmethod     ] GC(1) O: Unregister NMethod: io.sirix.access.trx.page.NodePageReadOnlyTrx.getReferenceToLeafOfSubtree (0x000078e2dff55708) [0x000078e2dff55800, 0x000078e2dff56930] 
[2,924s][debug][gc,nmethod     ] GC(1) O: Unregister NMethod: it.unimi.dsi.fastutil.longs.LongIterator.next (0x000078e2e0503188) [0x000078e2e0503280, 0x000078e2e05033e8] 
[2,924s][debug][gc,nmethod     ] GC(1) O: Unregister NMethod: java.util.ImmutableCollections$ListN.get (0x000078e2df40b588) [0x000078e2df40b680, 0x000078e2df40b808] 
[2,924s][debug][gc,nmethod     ] GC(1) O: Unregister NMethod: io.sirix.access.trx.page.NodePageReadOnlyTrx.loadPage (0x000078e2dfaf2d08) [0x000078e2dfaf2e00, 0x000078e2dfaf4ca0] 
[2,924s][debug][gc,nmethod     ] GC(1) O: Unregister NMethod: java.lang.invoke.VarForm.getMemberName (0x000078e2df58b808) [0x000078e2df58b900, 0x000078e2df58c080] 
[2,924s][debug][gc,nmethod     ] GC(1) O: Unregister NMethod: java.lang.Math.max (0x000078e2df4fb408) [0x000078e2df4fb500, 0x000078e2df4fb628] 
[2,924s][debug][gc,nmethod     ] GC(1) O: Unregister NMethod: java.lang.invoke.SegmentVarHandle.checkSegment (0x000078e2df63b788) [0x000078e2df63b880, 0x000078e2df63ede8] 
[2,924s][debug][gc,nmethod     ] GC(1) O: Unregister NMethod: com.github.benmanes.caffeine.cache.stats.ConcurrentStatsCounter.recordHits (0x000078e2e0443a08) [0x000078e2e0443b00, 0x000078e2e0443c60] 
[2,924s][debug][gc,nmethod     ] GC(1) O: Unregister NMethod: java.util.WeakHashMap.hash (0x000078e2df48c888) [0x000078e2df48c980, 0x000078e2df48cca8] 
[2,924s][debug][gc,nmethod     ] GC(1) O: Unregister NMethod: com.sun.org.apache.xerces.internal.impl.XMLEntityScanner.skipChar (0x000078e2dfb3c608) [0x000078e2dfb3c700, 0x000078e2dfb3cc48] 
[2,925s][debug][gc,nmethod     ] GC(1) O: Unregister NMethod: it.unimi.dsi.fastutil.ints.Int2ObjectOpenHashMap.get (0x000078e2fed1b288) [0x000078e2fed1b380, 0x000078e2fed1b7e8] 
[2,925s][debug][gc,nmethod     ] GC(1) O: Unregister NMethod: io.sirix.index.path.summary.PathSummaryReader.getPath (0x000078e2e0417108) [0x000078e2e0417200, 0x000078e2e0418258] 
[2,925s][debug][gc,nmethod     ] GC(1) O: Unregister NMethod: io.sirix.diff.algorithm.fmse.utils.SubCost01.getCost (0x000078e2e040e088) [0x000078e2e040e1a0, 0x000078e2e040e5b0] 
[2,925s][debug][gc,nmethod     ] GC(1) O: Unregister NMethod: io.sirix.page.KeyValueLeafPage.updateLastSlotIndex (0x000078e2dfdb9088) [0x000078e2dfdb9180, 0x000078e2dfdb9500] 
[2,925s][debug][gc,nmethod     ] GC(1) O: Unregister NMethod: java.lang.CharacterDataLatin1.isWhitespace (0x000078e2fec58a88) [0x000078e2fec58b80, 0x000078e2fec58c78] 
[2,925s][debug][gc,nmethod     ] GC(1) O: Unregister NMethod: jdk.internal.foreign.AbstractMemorySegmentImpl.checkEnclosingLayout (0x000078e2df7c3d88) [0x000078e2df7c3e80, 0x000078e2df7c6e28] 
[2,925s][debug][gc,nmethod     ] GC(1) O: Unregister NMethod: java.util.HashMap.putVal (0x000078e2fec72788) [0x000078e2fec72880, 0x000078e2fec737f0] 
[2,925s][debug][gc,nmethod     ] GC(1) O: Unregister NMethod: java.lang.String.indexOf (0x000078e2df591c88) [0x000078e2df591d80, 0x000078e2df5925a0] 
[2,925s][debug][gc,nmethod     ] GC(1) O: Unregister NMethod: java.lang.Class.getPackageName (0x000078e2df48e208) [0x000078e2df48e300, 0x000078e2df490508] 
[2,925s][debug][gc,nmethod     ] GC(1) O: Unregister NMethod: java.util.concurrent.ForkJoinPool.slotOffset (0x000078e2df86bb88) [0x000078e2df86bc80, 0x000078e2df86bd78] 
[2,925s][debug][gc,nmethod     ] GC(1) O: Unregister NMethod: jdk.internal.foreign.HeapMemorySegmentImpl$OfByte.unsafeGetBase (0x000078e2dfe14708) [0x000078e2dfe14800, 0x000078e2dfe14e90] 
[2,925s][debug][gc,nmethod     ] GC(1) O: Unregister NMethod: io.sirix.diff.algorithm.fmse.Levenshtein.getSimilarity (0x000078e2e040ff88) [0x000078e2e04100a0, 0x000078e2e04105e0] 
[2,925s][debug][gc,nmethod     ] GC(1) O: Unregister NMethod: com.sun.org.apache.bcel.internal.generic.InstructionHandle.updatePosition (0x000078e2e0112608) [0x000078e2e0112700, 0x000078e2e0112810] 
[2,925s][debug][gc,nmethod     ] GC(1) O: Unregister NMethod: io.sirix.node.xml.TextNode.getKind (0x000078e2dfb64e08) [0x000078e2dfb64f00, 0x000078e2dfb65008] 
[2,925s][debug][gc,nmethod     ] GC(1) O: Unregister NMethod: java.util.concurrent.ConcurrentHashMap.get (0x000078e2df792408) [0x000078e2df792500, 0x000078e2df793518] 
[2,925s][debug][gc,nmethod     ] GC(1) O: Unregister NMethod: io.sirix.index.path.summary.PathSummaryReader.getNodeKey (0x000078e2fecf5b88) [0x000078e2fecf5c80, 0x000078e2fecf5e00] 
[2,925s][debug][gc,nmethod     ] GC(1) O: Unregister NMethod: io.sirix.page.KeyValueLeafPage.setData (0x000078e2e0304d88) [0x000078e2e0304e80, 0x000078e2e034a600] 
[2,925s][debug][gc,nmethod     ] GC(1) O: Unregister NMethod: java.util.regex.Pattern$BmpCharProperty.match (0x000078e2dfa0d388) [0x000078e2dfa0d480, 0x000078e2dfa0dd18] 
[2,925s][debug][gc,nmethod     ] GC(1) O: Unregister NMethod: it.unimi.dsi.fastutil.HashCommon.mix (0x000078e2dfa9a108) [0x000078e2dfa9a200, 0x000078e2dfa9a2f0] 
[2,925s][debug][gc,nmethod     ] GC(1) O: Unregister NMethod: io.sirix.page.KeyValueLeafPage$$Lambda/0x00000000922b4440.apply (0x000078e2e0432288) [0x000078e2e0432380, 0x000078e2e04324f0] 
[2,925s][debug][gc,nmethod     ] GC(1) O: Unregister NMethod: io.sirix.access.trx.page.NodePageTrx$$Lambda/0x000000009228fd10.apply (0x000078e2fed84008) [0x000078e2fed84100, 0x000078e2fed859e8] 
[2,925s][debug][gc,nmethod     ] GC(1) O: Unregister NMethod: io.sirix.node.GrowingMemorySegment.writeLong (0x000078e2dfaec788) [0x000078e2dfaec880, 0x000078e2dfaf06c0] 
[2,925s][debug][gc,nmethod     ] GC(1) O: Unregister NMethod: java.lang.invoke.MethodType.makeImpl (0x000078e2feca7788) [0x000078e2feca7880, 0x000078e2feca81a8] 
[2,925s][debug][gc,nmethod     ] GC(1) O: Unregister NMethod: io.sirix.page.KeyValueLeafPage.isSlotSet (0x000078e2df72ad08) [0x000078e2df72ae00, 0x000078e2df72afa8] 
[2,925s][debug][gc,nmethod     ] GC(1) O: Unregister NMethod: java.lang.invoke.VarHandleSegmentAsInts.set (0x000078e2dfaa0a08) [0x000078e2dfaa0b00, 0x000078e2dfaa60d0] 
[2,925s][debug][gc,nmethod     ] GC(1) O: Unregister NMethod: java.lang.AbstractStringBuilder.isLatin1 (0x000078e2df44f008) [0x000078e2df44f100, 0x000078e2df44f240] 
[2,925s][debug][gc,nmethod     ] GC(1) O: Unregister NMethod: io.sirix.cache.LinuxMemorySegmentAllocator.partitionVirtualRegion (0x000078e2feca0408) [0x000078e2feca0500, 0x000078e2feca1368] 
[2,925s][debug][gc,nmethod     ] GC(1) O: Unregister NMethod: io.sirix.index.path.summary.PathSummaryReader.getNodeKey (0x000078e2dfade308) [0x000078e2dfade400, 0x000078e2dfade8b0] 
[2,925s][debug][gc,nmethod     ] GC(1) O: Unregister NMethod: jdk.internal.misc.Unsafe.weakCompareAndSetReference (0x000078e2df4ddc88) [0x000078e2df4ddd80, 0x000078e2df4ddf00] 
[2,925s][debug][gc,nmethod     ] GC(1) O: Unregister NMethod: io.sirix.diff.algorithm.fmse.LeafNodeComparator.isEqual (0x000078e2e040ec88) [0x000078e2e040ed80, 0x000078e2e040eef8] 
[2,925s][debug][gc,nmethod     ] GC(1) O: Unregister NMethod: java.lang.StringBuilder.toString (0x000078e2fec5c188) [0x000078e2fec5c280, 0x000078e2fec5c688] 
[2,925s][debug][gc,nmethod     ] GC(1) O: Unregister NMethod: java.lang.Long.hashCode (0x000078e2df8e4d88) [0x000078e2df8e4e80, 0x000078e2df8e4fb8] 
[2,925s][debug][gc,nmethod     ] GC(1) O: Unregister NMethod: jdk.internal.foreign.AbstractMemorySegmentImpl.isAlignedForElement (0x000078e2df4c2788) [0x000078e2df4c2880, 0x000078e2df4c2ec8] 
[2,925s][debug][gc,nmethod     ] GC(1) O: Unregister NMethod: io.sirix.node.xml.ElementNode.getParentKey (0x000078e2dfb0f308) [0x000078e2dfb0f400, 0x000078e2dfb143e8] 
[2,925s][debug][gc,nmethod     ] GC(1) O: Unregister NMethod: io.sirix.access.trx.page.NodePageTrx.getPageContainer (0x000078e2fece8108) [0x000078e2fece8200, 0x000078e2fece88e8] 
[2,925s][debug][gc,nmethod     ] GC(1) O: Unregister NMethod: java.lang.StringConcatHelper.prepend (0x000078e2fecb9388) [0x000078e2fecb9480, 0x000078e2fecb9aa0] 
[2,925s][debug][gc,nmethod     ] GC(1) O: Unregister NMethod: io.sirix.page.KeyValueLeafPage.updateFreeSpaceStart (0x000078e2dfdb8388) [0x000078e2dfdb8480, 0x000078e2dfdb8a08] 
[2,925s][debug][gc,nmethod     ] GC(1) O: Unregister NMethod: io.sirix.access.trx.node.xml.XmlNodeHashing.getCurrentNode (0x000078e2dfb04108) [0x000078e2dfb04200, 0x000078e2dfb049a8] 
[2,925s][debug][gc,nmethod     ] GC(1) O: Unregister NMethod: jdk.internal.classfile.impl.DirectCodeBuilder$4.writeBody (0x000078e2df6d7808) [0x000078e2df6d7900, 0x000078e2df6db8e8] 
[2,925s][debug][gc,nmethod     ] GC(1) O: Unregister NMethod: io.sirix.node.MemorySegmentBytesOut.writeLong (0x000078e2dfad8a08) [0x000078e2dfad8b00, 0x000078e2dfad8c98] 
[2,925s][debug][gc,nmethod     ] GC(1) O: Unregister NMethod: io.sirix.access.trx.node.xml.ForwardingXmlNodeReadOnlyTrx.getFirstChildKey (0x000078e2e049bc88) [0x000078e2e049bd80, 0x000078e2e049bf50] 
[2,925s][debug][gc,nmethod     ] GC(1) O: Unregister NMethod: java.lang.Integer.rotateRight (0x000078e2df820608) [0x000078e2df820700, 0x000078e2df8207f0] 
[2,925s][debug][gc,nmethod     ] GC(1) O: Unregister NMethod: java.util.concurrent.ConcurrentHashMap.replaceNode (0x000078e2e0405608) [0x000078e2e0405700, 0x000078e2e0406508] 
[2,925s][debug][gc,nmethod     ] GC(1) O: Unregister NMethod: java.lang.invoke.InvokerBytecodeGenerator.emitStaticInvoke (0x000078e2df9ff888) [0x000078e2df9ff980, 0x000078e2dfa02068] 
[2,926s][debug][gc,nmethod     ] GC(1) O: Unregister NMethod: jdk.internal.misc.Unsafe.checkSize (0x000078e2df767708) [0x000078e2df767800, 0x000078e2df767a60] 
[2,926s][debug][gc,nmethod     ] GC(1) O: Unregister NMethod: io.sirix.access.trx.page.NodePageTrx.getRecord (0x000078e2feced208) [0x000078e2feced300, 0x000078e2fecede48] 
[2,926s][debug][gc,nmethod     ] GC(1) O: Unregister NMethod: it.unimi.dsi.fastutil.ints.Int2ObjectOpenHashMap.get (0x000078e2dfb0d088) [0x000078e2dfb0d180, 0x000078e2dfb0d7f0] 
[2,926s][debug][gc,nmethod     ] GC(1) O: Unregister NMethod: io.sirix.diff.algorithm.fmse.FMSE$$Lambda/0x0000000092347520.test (0x000078e2e045a808) [0x000078e2e045a900, 0x000078e2e045aa90] 
[2,926s][debug][gc,nmethod     ] GC(1) O: Unregister NMethod: java.lang.Long.valueOf (0x000078e2df5c1888) [0x000078e2df5c1980, 0x000078e2df5c1cc0] 
[2,926s][debug][gc,nmethod     ] GC(1) O: Unregister NMethod: java.util.concurrent.ConcurrentHashMap.replaceNode (0x000078e2e02dc308) [0x000078e2e02dc400, 0x000078e2e02dd348] 
[2,926s][debug][gc,nmethod     ] GC(1) O: Unregister NMethod: java.util.regex.Pattern$$Lambda/0x00000000920b27a0.is (0x000078e2df635408) [0x000078e2df635500, 0x000078e2df6356b0] 
[2,926s][debug][gc,nmethod     ] GC(1) O: Unregister NMethod: jdk.internal.misc.Unsafe.checkOffset (0x000078e2df405e08) [0x000078e2df405f00, 0x000078e2df406160] 
[2,926s][debug][gc,nmethod     ] Register NMethod: java.nio.HeapByteBuffer.get (0x000078e2e0718b08) [0x000078e2e0718c00, 0x000078e2e0718d98] Compiler: c1, Barriers: 1, Oops: 1, ImmediateOops: 1, NonImmediateOops: No
[2,926s][debug][gc,nmethod     ] GC(1) O: Unregister NMethod: java.lang.invoke.VarHandleGuards.guard_LJ_I (0x000078e2dfa86388) [0x000078e2dfa86480, 0x000078e2dfa89340] 
[2,926s][debug][gc,nmethod     ] GC(1) O: Unregister NMethod: java.util.HashMap.getNode (0x000078e2fec0ba88) [0x000078e2fec0bb80, 0x000078e2fec0c358] 
[2,926s][debug][gc,nmethod     ] GC(1) O: Unregister NMethod: java.util.concurrent.ConcurrentHashMap.get (0x000078e2e01c6508) [0x000078e2e01c6600, 0x000078e2e01c7618] 
[2,926s][debug][gc,nmethod     ] GC(1) O: Unregister NMethod: io.sirix.access.trx.node.AbstractNodeReadOnlyTrx.hasParent (0x000078e2e0455c08) [0x000078e2e0455d00, 0x000078e2e0456368] 
[2,926s][debug][gc,nmethod     ] GC(1) O: Unregister NMethod: io.sirix.page.KeyValueLeafPage.decrementPinCount (0x000078e2e0434908) [0x000078e2e0434a00, 0x000078e2e0435208] 
[2,926s][debug][gc,nmethod     ] GC(1) O: Unregister NMethod: io.sirix.diff.algorithm.fmse.FMSENodeComparisonUtils.calculateRatio (0x000078e2e040f388) [0x000078e2e040f480, 0x000078e2e040f830] 
[2,926s][debug][gc,nmethod     ] GC(1) O: Unregister NMethod: java.io.UnixFileSystem.normalize (0x000078e2df51e388) [0x000078e2df51e480, 0x000078e2df51fa78] 
[2,926s][debug][gc,nmethod     ] GC(1) O: Unregister NMethod: java.util.concurrent.ArrayBlockingQueue.poll (0x000078e2e0532988) [0x000078e2e0532a80, 0x000078e2e0532ef0] 
[2,926s][debug][gc,nmethod     ] GC(1) O: Unregister NMethod: java.util.zip.Checksum.update (0x000078e2df631308) [0x000078e2df631400, 0x000078e2df631738] 
[2,926s][debug][gc,nmethod     ] GC(1) O: Unregister NMethod: com.github.benmanes.caffeine.cache.BoundedLocalCache.onAccess (0x000078e2e040c488) [0x000078e2e040c580, 0x000078e2e040cf10] 
[2,926s][debug][gc,nmethod     ] GC(1) O: Unregister NMethod: java.util.HashMap.put (0x000078e2e0450388) [0x000078e2e0450480, 0x000078e2e0450a68] 
[2,926s][debug][gc,nmethod     ] GC(1) O: Unregister NMethod: jdk.internal.foreign.SegmentFactories.initNativeMemory (0x000078e2df866608) [0x000078e2df866700, 0x000078e2df866920] 
[2,926s][debug][gc,nmethod     ] GC(1) O: Unregister NMethod: org.gradle.internal.io.StreamByteBuffer$StreamByteBufferChunk.spaceLeft (0x000078e2dfa18908) [0x000078e2dfa18a00, 0x000078e2dfa18b08] 
[2,926s][debug][gc,nmethod     ] GC(1) O: Unregister NMethod: io.sirix.page.AbstractForwardingPage.getOrCreateReference (0x000078e2dfadef08) [0x000078e2dfadf000, 0x000078e2dfadf510] 
[2,926s][debug][gc,nmethod     ] GC(1) O: Unregister NMethod: it.unimi.dsi.fastutil.longs.LongArrayList.getLong (0x000078e2dfb7bd88) [0x000078e2dfb7be80, 0x000078e2dfb7d310] 
[2,926s][debug][gc,nmethod     ] GC(1) O: Unregister NMethod: java.lang.invoke.MethodType.methodType (0x000078e2df45d588) [0x000078e2df45d680, 0x000078e2df45db60] 
[2,926s][debug][gc,nmethod     ] GC(1) O: Unregister NMethod: com.sun.org.apache.xerces.internal.dom.DeferredDocumentImpl.clearChunkIndex (0x000078e2e0059a08) [0x000078e2e0059b00, 0x000078e2e005a030] 
[2,926s][debug][gc,nmethod     ] Register NMethod: java.util.stream.Collectors$$Lambda/0x000000009210ff00.accept (0x000078e2e0718e08) [0x000078e2e0718f00, 0x000078e2e0719898] Compiler: c1, Barriers: 4, Oops: 0, ImmediateOops: 0, NonImmediateOops: No
[2,926s][debug][gc,nmethod     ] GC(1) O: Unregister NMethod: java.util.concurrent.atomic.AtomicLong.incrementAndGet (0x000078e2dfb20008) [0x000078e2dfb20100, 0x000078e2dfb20218] 
[2,926s][debug][gc,nmethod     ] GC(1) O: Unregister NMethod: java.lang.String.compareTo (0x000078e2df7cf888) [0x000078e2df7cf980, 0x000078e2df7d01b0] 
[2,926s][debug][gc,nmethod     ] GC(1) O: Unregister NMethod: com.sun.org.apache.xerces.internal.parsers.AbstractDOMParser.startElement (0x000078e2e0069888) [0x000078e2e0069980, 0x000078e2e0074830] 
[2,926s][debug][gc,nmethod     ] GC(1) O: Unregister NMethod: io.sirix.access.trx.node.xml.XmlNodeReadOnlyTrxImpl.getValue (0x000078e2e0014788) [0x000078e2e0014880, 0x000078e2e001b038] 
[2,926s][debug][gc,nmethod     ] GC(1) O: Unregister NMethod: jdk.internal.misc.ScopedMemoryAccess.getLongUnaligned (0x000078e2dfa9b608) [0x000078e2dfa9b700, 0x000078e2dfa9c568] 
[2,927s][debug][gc,nmethod     ] GC(1) O: Unregister NMethod: java.lang.invoke.VarHandleSegmentAsInts.get (0x000078e2dfad8d08) [0x000078e2dfad8e00, 0x000078e2dfade2a0] 
[2,927s][debug][gc,nmethod     ] GC(1) O: Unregister NMethod: java.util.concurrent.ForkJoinPool$WorkQueue.unlockPhase (0x000078e2e036e508) [0x000078e2e036e600, 0x000078e2e036e710] 
[2,927s][debug][gc,nmethod     ] GC(1) O: Unregister NMethod: java.lang.StringCoding.countPositives (0x000078e2fec01508) [0x000078e2fec01600, 0x000078e2fec01988] 
[2,927s][debug][gc,nmethod     ] GC(1) O: Unregister NMethod: java.nio.ByteOrder.nativeOrder (0x000078e2df811d08) [0x000078e2df811e00, 0x000078e2df811ee8] 
[2,927s][debug][gc,nmethod     ] GC(1) O: Unregister NMethod: jdk.internal.classfile.impl.StackMapGenerator$Type.referenceType (0x000078e2df56dd88) [0x000078e2df56de80, 0x000078e2df56e150] 
[2,927s][debug][gc,nmethod     ] GC(1) O: Unregister NMethod: java.lang.StringLatin1.trim (0x000078e2df87e408) [0x000078e2df87e500, 0x000078e2df87e878] 
[2,927s][debug][gc,nmethod     ] GC(1) O: Unregister NMethod: io.sirix.access.trx.node.xml.ForwardingXmlNodeReadOnlyTrx.moveToAttribute (0x000078e2e03d2988) [0x000078e2e03d2a80, 0x000078e2e03d3068] 
[2,927s][debug][gc,nmethod     ] GC(1) O: Unregister NMethod: java.lang.StringBuilder.append (0x000078e2fec22488) [0x000078e2fec22580, 0x000078e2fec22d30] 
[2,927s][debug][gc,nmethod     ] GC(1) O: Unregister NMethod: io.sirix.node.MemorySegmentBytesIn.readInt (0x000078e2dff27308) [0x000078e2dff27400, 0x000078e2dff2b010] 
[2,927s][debug][gc,nmethod     ] GC(1) O: Unregister NMethod: java.io.File.isInvalid (0x000078e2df479888) [0x000078e2df479980, 0x000078e2df479f30] 
[2,927s][debug][gc,nmethod     ] GC(1) O: Unregister NMethod: com.github.benmanes.caffeine.cache.AbstractLinkedDeque.linkLast (0x000078e2e0430e08) [0x000078e2e0430f00, 0x000078e2e04312e8] 
[2,927s][debug][gc,nmethod     ] GC(1) O: Unregister NMethod: io.sirix.access.trx.node.AbstractNodeReadOnlyTrx.setCurrentNode (0x000078e2dfae5c08) [0x000078e2dfae5d00, 0x000078e2dfae61a0] 
[2,927s][debug][gc,nmethod     ] GC(1) O: Unregister NMethod: jdk.internal.misc.ScopedMemoryAccess.putLongUnaligned (0x000078e2feceed88) [0x000078e2feceee80, 0x000078e2fecef040] 
[2,927s][debug][gc,nmethod     ] Register NMethod: java.lang.invoke.VarHandleGuards.guard_LJ_V (0x000078e2e0719908) [0x000078e2e0719a00, 0x000078e2e071aed0] Compiler: c1, Barriers: 46, Oops: 0, ImmediateOops: 6, NonImmediateOops: No
[2,927s][debug][gc,nmethod     ] GC(1) O: Unregister NMethod: io.sirix.diff.algorithm.fmse.Levenshtein.min3 (0x000078e2e040d588) [0x000078e2e040d680, 0x000078e2e040d7a0] 
[2,927s][debug][gc,nmethod     ] GC(1) O: Unregister NMethod: java.util.BitSet.wordIndex (0x000078e2df528e08) [0x000078e2df528f00, 0x000078e2df528fe8] 
[2,927s][debug][gc,nmethod     ] GC(1) O: Unregister NMethod: com.github.benmanes.caffeine.cache.LocalCache$$Lambda/0x00000000922aaad0.<init> (0x000078e2e0430508) [0x000078e2e0430600, 0x000078e2e04307f8] 
[2,927s][debug][gc,nmethod     ] GC(1) O: Unregister NMethod: java.lang.invoke.VarHandleSegmentAsLongs.set (0x000078e2dfac1408) [0x000078e2dfac1500, 0x000078e2dfac6ad0] 
[2,927s][debug][gc,nmethod     ] GC(1) O: Unregister NMethod: java.util.stream.AbstractPipeline.<init> (0x000078e2df7cd108) [0x000078e2df7cd200, 0x000078e2df7cd548] 
[2,927s][debug][gc,nmethod     ] GC(1) O: Unregister NMethod: io.sirix.axis.DescendantAxis.nextKey (0x000078e2e04a1808) [0x000078e2e04a1900, 0x000078e2e04a3e90] 
[2,927s][debug][gc,nmethod     ] GC(1) O: Unregister NMethod: java.util.HashMap.get (0x000078e2fec23f88) [0x000078e2fec24080, 0x000078e2fec24868] 
[2,927s][debug][gc,nmethod     ] GC(1) O: Unregister NMethod: com.sun.org.apache.xerces.internal.dom.NodeImpl.isNormalized (0x000078e2e007a988) [0x000078e2e007aa80, 0x000078e2e007b128] 
[2,927s][debug][gc,nmethod     ] GC(1) O: Unregister NMethod: java.lang.classfile.CodeBuilder.checkcast (0x000078e2df6f5a88) [0x000078e2df6f5b80, 0x000078e2df6f64b8] 
[2,927s][debug][gc,nmethod     ] GC(1) O: Unregister NMethod: java.util.BitSet.and (0x000078e2dfab4f88) [0x000078e2dfab5080, 0x000078e2dfab54d0] 
[2,927s][debug][gc,nmethod     ] GC(1) O: Unregister NMethod: java.util.stream.AbstractPipeline.<init> (0x000078e2df7cda08) [0x000078e2df7cdb00, 0x000078e2df7ce090] 
[2,927s][debug][gc,nmethod     ] GC(1) O: Unregister NMethod: io.sirix.page.KeyValueLeafPage.setData (0x000078e2fed1bb08) [0x000078e2fed1bc00, 0x000078e2fed1df30] 
[2,927s][debug][gc,nmethod     ] GC(1) O: Unregister NMethod: java.util.jar.JarFile.maybeInstantiateVerifier (0x000078e2df4dd688) [0x000078e2df4dd780, 0x000078e2df4ddc50] 
[2,927s][debug][gc,nmethod     ] GC(1) O: Unregister NMethod: java.lang.invoke.MemberName.getMethodType (0x000078e2df46bc08) [0x000078e2df46bd00, 0x000078e2df46e1f8] 
[2,927s][debug][gc,nmethod     ] GC(1) O: Unregister NMethod: jdk.internal.foreign.Utils$BaseAndScale$$TypeSwitch/0x000000009222b7c8.typeSwitch (0x000078e2dfaf1588) [0x000078e2dfaf1680, 0x000078e2dfaf29a8] 
[2,927s][debug][gc,nmethod     ] GC(1) O: Unregister NMethod: java.util.concurrent.atomic.LongAdder.add (0x000078e2e0373d08) [0x000078e2e0373e00, 0x000078e2e0374778] 
[2,927s][debug][gc,nmethod     ] GC(1) O: Unregister NMethod: io.sirix.access.trx.node.AbstractNodeReadOnlyTrx.hasRightSibling (0x000078e2e000b308) [0x000078e2e000b400, 0x000078e2e000bc20] 
[2,927s][debug][gc,nmethod     ] GC(1) O: Unregister NMethod: java.lang.invoke.SegmentVarHandle.offset (0x000078e2df7be708) [0x000078e2df7be800, 0x000078e2df7be918] 
[2,927s][debug][gc,nmethod     ] GC(1) O: Unregister NMethod: io.sirix.cache.LinuxMemorySegmentAllocator.partitionVirtualRegion (0x000078e2fec9c508) [0x000078e2fec9c600, 0x000078e2fec9d568] 
[2,927s][debug][gc,nmethod     ] GC(1) O: Unregister NMethod: java.lang.Thread.onSpinWait (0x000078e2df4e8f88) [0x000078e2df4e9080, 0x000078e2df4e9160] 
[2,927s][debug][gc,nmethod     ] GC(1) O: Unregister NMethod: jdk.internal.foreign.AbstractMemorySegmentImpl.asSlice (0x000078e2df400008) [0x000078e2df400100, 0x000078e2df4005f8] 
[2,927s][debug][gc,nmethod     ] GC(1) O: Unregister NMethod: java.lang.String.hashCode (0x000078e2dfa0fb88) [0x000078e2dfa0fc80, 0x000078e2dfa102a8] 
[2,927s][debug][gc,nmethod     ] GC(1) O: Unregister NMethod: io.sirix.access.trx.page.NodePageTrx.prepareRecordPage (0x000078e2fece2e88) [0x000078e2fece2f80, 0x000078e2fece3c88] 
[2,927s][debug][gc,nmethod     ] GC(1) O: Unregister NMethod: java.util.HashMap.getNode (0x000078e2e0117e88) [0x000078e2e0117f80, 0x000078e2e0119290] 
[2,927s][debug][gc,nmethod     ] GC(1) O: Unregister NMethod: io.sirix.axis.AbstractAxis.nextLong (0x000078e2dfb43008) [0x000078e2dfb43100, 0x000078e2dfb43b90] 
[2,927s][debug][gc,nmethod     ] GC(1) O: Unregister NMethod: com.github.benmanes.caffeine.cache.BoundedLocalCache.expireAfterUpdate (0x000078e2e03f6308) [0x000078e2e03f6400, 0x000078e2e03f6500] 
[2,927s][debug][gc,nmethod     ] GC(1) O: Unregister NMethod: java.lang.classfile.CodeBuilder.newBoundLabel (0x000078e2df8d6e88) [0x000078e2df8d6f80, 0x000078e2df8d79d8] 
[2,927s][debug][gc,nmethod     ] GC(1) O: Unregister NMethod: java.lang.StringUTF16.compress (0x000078e2e0155588) [0x000078e2e0155680, 0x000078e2e01558b0] 
[2,927s][debug][gc,nmethod     ] GC(1) O: Unregister NMethod: io.sirix.access.trx.page.NodePageReadOnlyTrx.setMostRecentlyReadRecordPage (0x000078e2e0440488) [0x000078e2e0440580, 0x000078e2e0441518] 
[2,927s][debug][gc,nmethod     ] GC(1) O: Unregister NMethod: io.sirix.axis.AbstractAxis.<init> (0x000078e2e049c908) [0x000078e2e049ca00, 0x000078e2e049ce70] 
[2,927s][debug][gc,nmethod     ] GC(1) O: Unregister NMethod: java.lang.Character.isWhitespace (0x000078e2fed29388) [0x000078e2fed29480, 0x000078e2fed29578] 
[2,927s][debug][gc,nmethod     ] GC(1) O: Unregister NMethod: jdk.internal.foreign.AbstractMemorySegmentImpl.asSlice (0x000078e2fec42408) [0x000078e2fec42500, 0x000078e2fec426e8] 
[2,927s][debug][gc,nmethod     ] GC(1) O: Unregister NMethod: java.lang.ref.Reference.<init> (0x000078e2df46b808) [0x000078e2df46b900, 0x000078e2df46bb98] 
[2,927s][debug][gc,nmethod     ] GC(1) O: Unregister NMethod: io.sirix.node.AbstractForwardingNode.getNodeKey (0x000078e2dfa9e588) [0x000078e2dfa9e680, 0x000078e2dfa9e9b0] 
[2,927s][debug][gc,nmethod     ] GC(1) O: Unregister NMethod: java.util.BitSet.checkRange (0x000078e2dfae2e08) [0x000078e2dfae2f00, 0x000078e2dfae5888] 
[2,927s][debug][gc,nmethod     ] GC(1) O: Unregister NMethod: jdk.internal.classfile.impl.SplitConstantPool.findEntry (0x000078e2fec89a08) [0x000078e2fec89b20, 0x000078e2fec8a360] 
[2,927s][debug][gc,nmethod     ] Register NMethod: io.sirix.index.path.summary.PathSummaryReader.moveToRightSibling (0x000078e2e071af08) [0x000078e2e071b000, 0x000078e2e071b7d0] Compiler: c1, Barriers: 6, Oops: 1, ImmediateOops: 1, NonImmediateOops: No
[2,928s][debug][gc,nmethod     ] GC(1) O: Unregister NMethod: io.brackit.query.atomic.AbstractAtomic.equals (0x000078e2e040cf88) [0x000078e2e040d080, 0x000078e2e040d260] 
[2,928s][debug][gc,nmethod     ] GC(1) O: Unregister NMethod: java.lang.Math.min (0x000078e2e040d288) [0x000078e2e040d380, 0x000078e2e040d580] 
[2,928s][debug][gc,nmethod     ] GC(1) O: Unregister NMethod: org.magicwerk.brownies.collections.GapList.doGet (0x000078e2dfa9ea08) [0x000078e2dfa9eb00, 0x000078e2dfa9ee38] 
[2,928s][debug][gc,nmethod     ] GC(1) O: Unregister NMethod: java.util.concurrent.ConcurrentHashMap.get (0x000078e2fec94788) [0x000078e2fec94880, 0x000078e2fec956e0] 
[2,928s][debug][gc,nmethod     ] GC(1) O: Unregister NMethod: jdk.internal.foreign.AbstractMemorySegmentImpl.isAlignedForElement (0x000078e2df63ac88) [0x000078e2df63ad80, 0x000078e2df63b740] 
[2,928s][debug][gc,nmethod     ] GC(1) O: Unregister NMethod: jdk.internal.loader.URLClassPath$JarLoader.findResource (0x000078e2df737108) [0x000078e2df737200, 0x000078e2df737590] 
[2,928s][debug][gc,nmethod     ] GC(1) O: Unregister NMethod: io.sirix.api.PageReadOnlyTrx.recordPageOffset (0x000078e2dfac6b08) [0x000078e2dfac6c00, 0x000078e2dfac6cf8] 
[2,928s][debug][gc,nmethod     ] GC(1) O: Unregister NMethod: java.util.regex.Pattern$CharPropertyGreedy.match (0x000078e2fec80c08) [0x000078e2fec80d00, 0x000078e2fec819b0] 
[2,928s][debug][gc,nmethod     ] GC(1) O: Unregister NMethod: jdk.internal.constant.MethodTypeDescImpl.parameterType (0x000078e2df4f3a88) [0x000078e2df4f3b80, 0x000078e2df4f3d08] 
[2,928s][debug][gc,nmethod     ] GC(1) O: Unregister NMethod: java.util.concurrent.atomic.AtomicInteger.incrementAndGet (0x000078e2e029d808) [0x000078e2e029d900, 0x000078e2e029da10] 
[2,928s][debug][gc,nmethod     ] GC(1) O: Unregister NMethod: java.lang.invoke.Invokers$Holder.linkToTargetMethod (0x000078e2df6e4c08) [0x000078e2df6e4d00, 0x000078e2df6e51f8] 
[2,928s][debug][gc,nmethod     ] GC(1) O: Unregister NMethod: io.sirix.page.KeyValueLeafPage.updateLastSlotIndex (0x000078e2e02d1008) [0x000078e2e02d1100, 0x000078e2e02d1480] 
[2,928s][debug][gc,nmethod     ] GC(1) O: Unregister NMethod: io.sirix.node.MemorySegmentBytesIn.readByte (0x000078e2dff0f708) [0x000078e2dff0f800, 0x000078e2dff13220] 
[2,928s][debug][gc,nmethod     ] GC(1) O: Unregister NMethod: java.lang.String.isLatin1 (0x000078e2df680b08) [0x000078e2df680c00, 0x000078e2df680d60] 
[2,928s][debug][gc,nmethod     ] GC(1) O: Unregister NMethod: jdk.internal.misc.Unsafe.checkPointer (0x000078e2df549f88) [0x000078e2df54a080, 0x000078e2df54a3f0] 
[2,928s][debug][gc,nmethod     ] GC(1) O: Unregister NMethod: java.util.concurrent.atomic.AtomicInteger.decrementAndGet (0x000078e2e02aa888) [0x000078e2e02aa980, 0x000078e2e02aaa90] 
[2,928s][debug][gc,nmethod     ] GC(1) O: Unregister NMethod: io.sirix.access.trx.page.NodePageReadOnlyTrx.getName (0x000078e2e040e908) [0x000078e2e040ea00, 0x000078e2e040ec48] 
[2,928s][debug][gc,nmethod     ] GC(1) O: Unregister NMethod: jdk.internal.util.DecimalDigits.uncheckedGetCharsLatin1 (0x000078e2df474908) [0x000078e2df474a00, 0x000078e2df474dc0] 
[2,928s][debug][gc,nmethod     ] GC(1) O: Unregister NMethod: java.util.Objects.checkIndex (0x000078e2df47a608) [0x000078e2df47a700, 0x000078e2df47a830] 
[2,928s][debug][gc,nmethod     ] GC(1) O: Unregister NMethod: net.openhft.hashing.XXH3.XXH3_avalanche (0x000078e2dfbd0288) [0x000078e2dfbd0380, 0x000078e2dfbd0490] 
[2,928s][debug][gc,nmethod     ] GC(1) O: Unregister NMethod: io.sirix.node.xml.ElementNode.setHash (0x000078e2dfb24508) [0x000078e2dfb24600, 0x000078e2dfb27f88] 
[2,928s][debug][gc,nmethod     ] GC(1) O: Unregister NMethod: io.sirix.access.trx.node.xml.ForwardingXmlNodeReadOnlyTrx.getRightSiblingKey (0x000078e2e049d588) [0x000078e2e049d680, 0x000078e2e049d850] 
[2,928s][debug][gc,nmethod     ] GC(1) O: Unregister NMethod: java.util.LinkedList.node (0x000078e2e04c5608) [0x000078e2e04c5700, 0x000078e2e04c59d8] 
[2,928s][debug][gc,nmethod     ] GC(1) O: Unregister NMethod: jdk.internal.util.Preconditions.checkFromIndexSize (0x000078e2df454e08) [0x000078e2df454f00, 0x000078e2df455098] 
[2,928s][debug][gc,nmethod     ] GC(1) O: Unregister NMethod: it.unimi.dsi.fastutil.longs.LongIterator.next (0x000078e2e0503788) [0x000078e2e0503880, 0x000078e2e0503a18] 
[2,928s][debug][gc,nmethod     ] GC(1) O: Unregister NMethod: java.lang.classfile.CodeBuilder.getfield (0x000078e2df8ea788) [0x000078e2df8ea880, 0x000078e2df8eb260] 
[2,928s][debug][gc,nmethod     ] Register NMethod: java.lang.ClassLoader.addClass (0x000078e2e071b808) [0x000078e2e071b900, 0x000078e2e071c2a8] Compiler: c1, Barriers: 6, Oops: 0, ImmediateOops: 0, NonImmediateOops: No
[2,928s][debug][gc,nmethod     ] GC(1) O: Unregister NMethod: java.lang.StringConcatHelper.newArrayWithSuffix (0x000078e2df4eb208) [0x000078e2df4eb300, 0x000078e2df4ec250] 
[2,928s][debug][gc,nmethod     ] GC(1) O: Unregister NMethod: io.sirix.access.trx.page.NodePageTrx.getMostRecentPageContainer (0x000078e2dfabb908) [0x000078e2dfabba00, 0x000078e2dfabc030] 
[2,928s][debug][gc,nmethod     ] GC(1) O: Unregister NMethod: io.sirix.diff.algorithm.fmse.FMSE.commonChildren (0x000078e2e04d4908) [0x000078e2e04d4a00, 0x000078e2e04d54a0] 
[2,928s][debug][gc,nmethod     ] GC(1) O: Unregister NMethod: java.lang.invoke.VarHandleGuards.guard_LL_V (0x000078e2df487888) [0x000078e2df487980, 0x000078e2df48c568] 
[2,928s][debug][gc,nmethod     ] GC(1) O: Unregister NMethod: io.sirix.node.xml.ElementNode.getHash (0x000078e2dfb08788) [0x000078e2dfb08880, 0x000078e2dfb0c0f0] 
[2,928s][debug][gc,nmethod     ] GC(1) O: Unregister NMethod: java.lang.Math.min (0x000078e2e040ef88) [0x000078e2e040f080, 0x000078e2e040f378] 
[2,928s][debug][gc,nmethod     ] GC(1) O: Unregister NMethod: org.custommonkey.xmlunit.XpathNodeTracker.toXpathString (0x000078e2fed50f88) [0x000078e2fed51080, 0x000078e2fed54fb0] 
[2,928s][debug][gc,nmethod     ] GC(1) O: Unregister NMethod: java.util.concurrent.ConcurrentLinkedDeque.offer (0x000078e2df490588) [0x000078e2df490680, 0x000078e2df490818] 
[2,928s][debug][gc,nmethod     ] GC(1) O: Unregister NMethod: java.lang.invoke.InvokerBytecodeGenerator.emitReferenceCast (0x000078e2df414c08) [0x000078e2df414d00, 0x000078e2df418050] 
[2,928s][debug][gc,nmethod     ] GC(1) O: Unregister NMethod: jdk.internal.misc.ScopedMemoryAccess.getLongUnaligned (0x000078e2fecee788) [0x000078e2fecee880, 0x000078e2feceea40] 
[2,928s][debug][gc,nmethod     ] GC(1) O: Unregister NMethod: java.lang.classfile.CodeBuilder.invoke (0x000078e2df7a1e88) [0x000078e2df7a1f80, 0x000078e2df7a2718] 
[2,928s][debug][gc,nmethod     ] GC(1) O: Unregister NMethod: io.sirix.access.trx.node.AbstractNodeReadOnlyTrx.moveTo (0x000078e2dfd4af88) [0x000078e2dfd4b080, 0x000078e2dfd4cbe8] 
[2,928s][debug][gc,nmethod     ] GC(1) O: Unregister NMethod: sun.security.provider.SHA2.implCompress0 (0x000078e2dfdbd888) [0x000078e2dfdbd980, 0x000078e2dfdbe630] 
[2,928s][debug][gc,nmethod     ] GC(1) O: Unregister NMethod: com.github.benmanes.caffeine.cache.BoundedLocalCache.computeIfPresent (0x000078e2e043a308) [0x000078e2e043a400, 0x000078e2e043ad58] 
[2,928s][debug][gc,nmethod     ] GC(1) O: Unregister NMethod: java.lang.StringBuffer.toString (0x000078e2e025a608) [0x000078e2e025a700, 0x000078e2e025b008] 
[2,928s][debug][gc,nmethod     ] GC(1) O: Unregister NMethod: java.util.stream.Collectors$$Lambda/0x000000009211c930.get (0x000078e2e0433288) [0x000078e2e0433380, 0x000078e2e04334e0] 
[2,928s][debug][gc,nmethod     ] GC(1) O: Unregister NMethod: io.sirix.access.trx.node.xml.ForwardingXmlNodeReadOnlyTrx.getNamespaceCount (0x000078e2e03d6588) [0x000078e2e03d6680, 0x000078e2e03d6c78] 
[2,928s][debug][gc,nmethod     ] GC(1) O: Unregister NMethod: io.sirix.axis.AbstractAxis.nextLong (0x000078e2fed14388) [0x000078e2fed14480, 0x000078e2fed15150] 
[2,928s][debug][gc,nmethod     ] GC(1) O: Unregister NMethod: io.sirix.access.trx.page.NodePageReadOnlyTrx.getRecord (0x000078e2fed81888) [0x000078e2fed81980, 0x000078e2fed82c78] 
[2,928s][debug][gc,nmethod     ] GC(1) O: Unregister NMethod: io.sirix.page.UberPage.getPageCountExp (0x000078e2dff49408) [0x000078e2dff49500, 0x000078e2dff49a48] 
[2,928s][debug][gc,nmethod     ] GC(1) O: Unregister NMethod: java.io.FilterOutputStream.write (0x000078e2fed22608) [0x000078e2fed22700, 0x000078e2fed22d60] 
[2,928s][debug][gc,nmethod     ] GC(1) O: Unregister NMethod: io.sirix.node.GrowingMemorySegment.ensureCapacity (0x000078e2df817008) [0x000078e2df817100, 0x000078e2df817260] 
[2,928s][debug][gc,nmethod     ] GC(1) O: Unregister NMethod: java.lang.String.trim (0x000078e2df87e888) [0x000078e2df87e980, 0x000078e2df87ee58] 
[2,928s][debug][gc,nmethod     ] GC(1) O: Unregister NMethod: io.sirix.cache.LinuxMemorySegmentAllocator.partitionVirtualRegion (0x000078e2fec9f088) [0x000078e2fec9f180, 0x000078e2feca0340] 
[2,928s][debug][gc,nmethod     ] GC(1) O: Unregister NMethod: java.lang.invoke.TypeConvertingMethodAdapter.convertType (0x000078e2df776908) [0x000078e2df776a00, 0x000078e2df77eee8] 
[2,928s][debug][gc,nmethod     ] GC(1) O: Unregister NMethod: java.util.HashMap.get (0x000078e2e0113c88) [0x000078e2e0113d80, 0x000078e2e0114118] 
[2,928s][debug][gc,nmethod     ] GC(1) O: Unregister NMethod: org.custommonkey.xmlunit.XpathNodeTracker$TrackingEntry.appendEntryTo (0x000078e2e0257008) [0x000078e2e0257100, 0x000078e2e0259ec0] 
[2,928s][debug][gc,nmethod     ] GC(1) O: Unregister NMethod: io.sirix.page.KeyValueLeafPage.getDeweyId (0x000078e2e02d3b08) [0x000078e2e02d3c00, 0x000078e2e02d93c8] 
[2,928s][debug][gc,nmethod     ] GC(1) O: Unregister NMethod: java.lang.StringLatin1.inflate (0x000078e2df40b888) [0x000078e2df40b980, 0x000078e2df40bb70] 
[2,928s][debug][gc,nmethod     ] GC(1) O: Unregister NMethod: java.lang.Character.isLetterOrDigit (0x000078e2e0115c88) [0x000078e2e0115d80, 0x000078e2e01161c0] 
[2,928s][debug][gc,nmethod     ] GC(1) O: Unregister NMethod: io.sirix.diff.algorithm.fmse.Matching.updateSubtreeMap (0x000078e2e0456a88) [0x000078e2e0456b80, 0x000078e2e04570f8] 
[2,929s][debug][gc,nmethod     ] GC(1) O: Unregister NMethod: java.util.stream.Sink$ChainedReference.begin (0x000078e2df7dbe08) [0x000078e2df7dbf00, 0x000078e2df7dc240] 
[2,929s][debug][gc,nmethod     ] GC(1) O: Unregister NMethod: org.custommonkey.xmlunit.DifferenceEngine.compare (0x000078e2fed75108) [0x000078e2fed75200, 0x000078e2fed7cb80] 
[2,929s][debug][gc,nmethod     ] GC(1) O: Unregister NMethod: com.sun.org.apache.xerces.internal.dom.DeferredDocumentImpl.clearChunkValue (0x000078e2e005e008) [0x000078e2e005e100, 0x000078e2e005eda0] 
[2,929s][debug][gc,nmethod     ] GC(1) O: Unregister NMethod: java.lang.invoke.InnerClassLambdaMetafactory.convertArgumentTypes (0x000078e2df951f08) [0x000078e2df952000, 0x000078e2df9532c8] 
[2,929s][debug][gc,nmethod     ] GC(1) O: Unregister NMethod: io.sirix.access.trx.page.NodePageTrx.prepareRecordForModification (0x000078e2dfd48f88) [0x000078e2dfd49080, 0x000078e2dfd4af08] 
[2,929s][debug][gc,nmethod     ] GC(1) O: Unregister NMethod: io.sirix.access.trx.node.AbstractNodeReadOnlyTrx.getKind (0x000078e2dfb3e408) [0x000078e2dfb3e500, 0x000078e2dfb3eb68] 
[2,929s][debug][gc,nmethod     ] GC(1) O: Unregister NMethod: java.util.ArrayList.elementData (0x000078e2feda4388) [0x000078e2feda4480, 0x000078e2feda45c0] 
[2,929s][debug][gc,nmethod     ] GC(1) O: Unregister NMethod: io.sirix.diff.algorithm.fmse.Levenshtein.getSimilarity (0x000078e2e041d188) [0x000078e2e041d2a0, 0x000078e2e041e568] 
[2,929s][debug][gc,nmethod     ] GC(1) O: Unregister NMethod: java.lang.String.checkIndex (0x000078e2df40e808) [0x000078e2df40e900, 0x000078e2df40ea28] 
[2,929s][debug][gc,nmethod     ] GC(1) O: Unregister NMethod: java.util.zip.Inflater.ensureOpen (0x000078e2df4c4788) [0x000078e2df4c4880, 0x000078e2df4c4b08] 
[2,929s][debug][gc,nmethod     ] GC(1) O: Unregister NMethod: io.sirix.access.trx.node.xml.ForwardingXmlNodeReadOnlyTrx.moveToParent (0x000078e2dfc5d408) [0x000078e2dfc5d500, 0x000078e2dfc5db00] 
[2,929s][debug][gc,nmethod     ] GC(1) O: Unregister NMethod: java.lang.Long.bitCount (0x000078e2dfa8ec88) [0x000078e2dfa8ed80, 0x000078e2dfa8eee8] 
[2,929s][debug][gc,nmethod     ] GC(1) O: Unregister NMethod: io.sirix.access.trx.page.NodePageTrx.getRecord (0x000078e2dfafc908) [0x000078e2dfafca00, 0x000078e2dfafe9a0] 
[2,929s][debug][gc,nmethod     ] Register NMethod: io.sirix.settings.VersioningType$4.combineRecordPagesForModification (0x000078e2e071c308) [0x000078e2e071c400, 0x000078e2e0725880] Compiler: c1, Barriers: 27, Oops: 1, ImmediateOops: 0, NonImmediateOops: No
[2,929s][debug][gc,nmethod     ] GC(1) O: Unregister NMethod: io.sirix.access.trx.node.xml.ForwardingXmlNodeReadOnlyTrx.hasRightSibling (0x000078e2e02cf388) [0x000078e2e02cf480, 0x000078e2e02cfa80] 
[2,929s][debug][gc,nmethod     ] GC(1) O: Unregister NMethod: java.net.URLStreamHandler.setURL (0x000078e2df5cac88) [0x000078e2df5cad80, 0x000078e2df5cc9b8] 
[2,929s][debug][gc,nmethod     ] GC(1) O: Unregister NMethod: io.sirix.page.KeyValueLeafPage.setData (0x000078e2dfec7208) [0x000078e2dfec7300, 0x000078e2dff0ca80] 
[2,929s][debug][gc,nmethod     ] GC(1) O: Unregister NMethod: io.sirix.access.trx.node.xml.XmlNodeReadOnlyTrxImpl.moveToAttribute (0x000078e2e001b088) [0x000078e2e001b180, 0x000078e2e001c828] 
[2,929s][debug][gc,nmethod     ] GC(1) O: Unregister NMethod: java.util.concurrent.ConcurrentHashMap$EntrySpliterator.forEachRemaining (0x000078e2e0431988) [0x000078e2e0431a80, 0x000078e2e0431f60] 
[2,929s][debug][gc,nmethod     ] GC(1) O: Unregister NMethod: io.sirix.access.trx.node.xml.ForwardingXmlNodeReadOnlyTrx.getLeftSiblingKey (0x000078e2e049d888) [0x000078e2e049d980, 0x000078e2e049db50] 
[2,929s][debug][gc,nmethod     ] GC(1) O: Unregister NMethod: io.sirix.page.KeyValueLeafPage.getAvailableSpace (0x000078e2fed0da88) [0x000078e2fed0db80, 0x000078e2fed0dec8] 
[2,929s][debug][gc,nmethod     ] GC(1) O: Unregister NMethod: io.sirix.access.trx.page.NodePageTrx.lambda$getPageContainer$0 (0x000078e2dff54008) [0x000078e2dff54100, 0x000078e2dff54ff8] 
[2,929s][debug][gc,nmethod     ] GC(1) O: Unregister NMethod: java.util.HashMap$HashIterator.nextNode (0x000078e2df431c88) [0x000078e2df431d80, 0x000078e2df432398] 
[2,929s][debug][gc,nmethod     ] GC(1) O: Unregister NMethod: java.lang.String.<init> (0x000078e2fed47108) [0x000078e2fed47200, 0x000078e2fed47a48] 
[2,929s][debug][gc,nmethod     ] GC(1) O: Unregister NMethod: java.util.Arrays.copyOf (0x000078e2df47fa88) [0x000078e2df47fb80, 0x000078e2df480400] 
[2,929s][debug][gc,nmethod     ] GC(1) O: Unregister NMethod: jdk.internal.loader.URLClassPath$JarLoader$1.getCodeSourceURL (0x000078e2df5e5188) [0x000078e2df5e5280, 0x000078e2df5e53e8] 
[2,929s][debug][gc,nmethod     ] GC(1) O: Unregister NMethod: io.sirix.access.trx.node.AbstractNodeReadOnlyTrx.getStructuralNode (0x000078e2dfc5db88) [0x000078e2dfc5dc80, 0x000078e2dfc5e738] 
[2,929s][debug][gc,nmethod     ] GC(1) O: Unregister NMethod: io.sirix.node.xml.ElementNode.hasParent (0x000078e2e0452f88) [0x000078e2e0453080, 0x000078e2e0453ce8] 
[2,929s][debug][gc,nmethod     ] GC(1) O: Unregister NMethod: io.sirix.node.MemorySegmentBytesOut.writeInt (0x000078e2dfaec488) [0x000078e2dfaec580, 0x000078e2dfaec718] 
[2,929s][debug][gc,nmethod     ] GC(1) O: Unregister NMethod: it.unimi.dsi.fastutil.shorts.AbstractShortList.ensureIndex (0x000078e2dff51288) [0x000078e2dff51380, 0x000078e2dff53660] 
[2,929s][debug][gc,nmethod     ] Register NMethod: ch.qos.logback.classic.Logger.debug (0x000078e2e0725908) [0x000078e2e0725a00, 0x000078e2e0725b48] Compiler: c1, Barriers: 0, Oops: 1, ImmediateOops: 2, NonImmediateOops: No
[2,929s][debug][gc,nmethod     ] GC(1) O: Unregister NMethod: jdk.internal.classfile.impl.StackMapGenerator.processBlock (0x000078e2df492c08) [0x000078e2df492d00, 0x000078e2df4c1fc8] 
[2,929s][debug][gc,nmethod     ] GC(1) O: Unregister NMethod: java.util.regex.Pattern$Branch.match (0x000078e2e011cd08) [0x000078e2e011ce00, 0x000078e2e011d5d8] 
[2,929s][debug][gc,nmethod     ] GC(1) O: Unregister NMethod: java.lang.CharacterDataLatin1.digit (0x000078e2df41e708) [0x000078e2df41e800, 0x000078e2df41ea18] 
[2,929s][debug][gc,nmethod     ] GC(1) O: Unregister NMethod: io.sirix.access.trx.node.AbstractNodeReadOnlyTrx.moveTo (0x000078e2fece6008) [0x000078e2fece6100, 0x000078e2fece6bf8] 
[2,929s][debug][gc,nmethod     ] GC(1) O: Unregister NMethod: io.sirix.utils.Pair.<init> (0x000078e2e041af88) [0x000078e2e041b080, 0x000078e2e041b268] 
[2,929s][debug][gc,nmethod     ] GC(1) O: Unregister NMethod: io.sirix.access.trx.page.NodePageReadOnlyTrx.getMostRecentPage (0x000078e2dfff9e08) [0x000078e2dfff9f00, 0x000078e2dfffa808] 
[2,929s][debug][gc,nmethod     ] GC(1) O: Unregister NMethod: java.util.Vector.elementAt (0x000078e2e0101888) [0x000078e2e0101980, 0x000078e2e0102cf8] 
[2,929s][debug][gc,nmethod     ] GC(1) O: Unregister NMethod: java.util.concurrent.ConcurrentHashMap.putVal (0x000078e2df6ba908) [0x000078e2df6baa00, 0x000078e2df6bcf48] 
[2,929s][debug][gc,nmethod     ] GC(1) O: Unregister NMethod: jdk.internal.classfile.impl.UnboundAttribute$AdHocAttribute.writeTo (0x000078e2df6cf988) [0x000078e2df6cfa80, 0x000078e2df6d14c0] 
[2,929s][debug][gc,nmethod     ] GC(1) O: Unregister NMethod: jdk.internal.foreign.layout.ValueLayouts$AbstractValueLayout.varHandle (0x000078e2df81ee08) [0x000078e2df81ef00, 0x000078e2df81f8b8] 
[2,929s][debug][gc,nmethod     ] GC(1) O: Unregister NMethod: jdk.internal.classfile.impl.AbstractPoolEntry$AbstractRefsEntry.<init> (0x000078e2df4fc688) [0x000078e2df4fc780, 0x000078e2df4fcf80] 
[2,929s][debug][gc,nmethod     ] GC(1) O: Unregister NMethod: java.lang.ref.SoftReference.get (0x000078e2df575f08) [0x000078e2df576000, 0x000078e2df5761c0] 
[2,929s][debug][gc,nmethod     ] GC(1) O: Unregister NMethod: io.sirix.node.SirixDeweyID.<init> (0x000078e2e03f2d08) [0x000078e2e03f2e00, 0x000078e2e03f3678] 
[2,929s][debug][gc,nmethod     ] GC(1) O: Unregister NMethod: io.sirix.page.KeyValueLeafPage.getActualMemorySize (0x000078e2e0443d08) [0x000078e2e0443e00, 0x000078e2e0443ff8] 
[2,929s][debug][gc,nmethod     ] GC(1) O: Unregister NMethod: io.sirix.index.name.Names.getName (0x000078e2dfb55688) [0x000078e2dfb55780, 0x000078e2dfb55c38] 
[2,930s][debug][gc,nmethod     ] GC(1) O: Unregister NMethod: com.github.benmanes.caffeine.cache.LocalManualCache.getIfPresent (0x000078e2e0433d08) [0x000078e2e0433e00, 0x000078e2e0433f88] 
[2,930s][debug][gc,nmethod     ] GC(1) O: Unregister NMethod: io.sirix.access.trx.page.NodePageTrx.lambda$getPageContainer$0 (0x000078e2fed86608) [0x000078e2fed86700, 0x000078e2fed87f68] 
[2,930s][debug][gc,nmethod     ] GC(1) O: Unregister NMethod: java.lang.invoke.MethodType.methodType (0x000078e2feca6808) [0x000078e2feca6900, 0x000078e2feca76f0] 
[2,930s][debug][gc,nmethod     ] GC(1) O: Unregister NMethod: io.sirix.access.trx.page.NodePageReadOnlyTrx.getValue (0x000078e2dff34f88) [0x000078e2dff35080, 0x000078e2dff36be0] 
[2,930s][debug][gc,nmethod     ] GC(1) O: Unregister NMethod: io.sirix.cache.IndexLogKey.hashCode (0x000078e2dfb36488) [0x000078e2dfb36580, 0x000078e2dfb36928] 
[2,930s][debug][gc,nmethod     ] GC(1) O: Unregister NMethod: io.sirix.node.AbstractForwardingNode.hasParent (0x000078e2e044fd88) [0x000078e2e044fe80, 0x000078e2e044ffd8] 
[2,930s][debug][gc,nmethod     ] Register NMethod: java.util.ArrayList.getFirst (0x000078e2e0725c08) [0x000078e2e0725d00, 0x000078e2e07261a8] Compiler: c1, Barriers: 2, Oops: 0, ImmediateOops: 0, NonImmediateOops: No
[2,930s][debug][gc,nmethod     ] GC(1) O: Unregister NMethod: io.sirix.page.KeyValueLeafPage.getNumberOfNonNullEntries (0x000078e2e02ac208) [0x000078e2e02ac300, 0x000078e2e02ac8b0] 
[2,930s][debug][gc,nmethod     ] GC(1) O: Unregister NMethod: java.lang.StringUTF16.compress (0x000078e2fec68f08) [0x000078e2fec690c0, 0x000078e2fec69518] 
[2,930s][debug][gc,nmethod     ] GC(1) O: Unregister NMethod: jdk.internal.foreign.AbstractMemorySegmentImpl.checkAccess (0x000078e2df822f08) [0x000078e2df823000, 0x000078e2df823810] 
[2,930s][debug][gc,nmethod     ] GC(1) O: Unregister NMethod: java.io.File.<init> (0x000078e2df6f6988) [0x000078e2df6f6a80, 0x000078e2df6f7948] 
[2,930s][debug][gc,nmethod     ] GC(1) O: Unregister NMethod: jdk.internal.classfile.impl.SplitConstantPool.maybeCloneUtf8Entry (0x000078e2fec30c08) [0x000078e2fec30d00, 0x000078e2fec31240] 
[2,930s][debug][gc,nmethod     ] GC(1) O: Unregister NMethod: io.sirix.page.KeyValueLeafPage.getSlotAsByteArray (0x000078e2df44f308) [0x000078e2df44f400, 0x000078e2df44fa98] 
[2,930s][debug][gc,nmethod     ] GC(1) O: Unregister NMethod: io.sirix.access.trx.node.AbstractNodeReadOnlyTrx.moveTo (0x000078e2fed19808) [0x000078e2fed19900, 0x000078e2fed1ac10] 
[2,930s][debug][gc,nmethod     ] GC(1) O: Unregister NMethod: io.sirix.node.GrowingMemorySegment.writeByte (0x000078e2dfb20788) [0x000078e2dfb20880, 0x000078e2dfb244a0] 
[2,930s][debug][gc,nmethod     ] GC(1) O: Unregister NMethod: com.sun.org.apache.xerces.internal.dom.AttrNSImpl.getNamespaceURI (0x000078e2e0079a88) [0x000078e2e0079b80, 0x000078e2e007a150] 
[2,930s][debug][gc,nmethod     ] GC(1) O: Unregister NMethod: jdk.internal.misc.Unsafe.putReferenceOpaque (0x000078e2dff0f108) [0x000078e2dff0f200, 0x000078e2dff0f378] 
[2,930s][debug][gc,nmethod     ] GC(1) O: Unregister NMethod: io.sirix.access.trx.node.AbstractNodeHashing.setAddDescendants (0x000078e2dfb14488) [0x000078e2dfb14580, 0x000078e2dfb15108] 
[2,930s][debug][gc,nmethod     ] GC(1) O: Unregister NMethod: java.util.LinkedHashMap.get (0x000078e2df85ba08) [0x000078e2df85bb00, 0x000078e2df85c0c0] 
[2,930s][debug][gc,nmethod     ] GC(1) O: Unregister NMethod: java.util.concurrent.ConcurrentHashMap$EntrySetView.spliterator (0x000078e2e0431608) [0x000078e2e0431700, 0x000078e2e0431970] 
[2,930s][debug][gc,nmethod     ] GC(1) O: Unregister NMethod: java.util.ArrayList.elementData (0x000078e2df47a908) [0x000078e2df47aa00, 0x000078e2df47ab90] 
[2,930s][debug][gc,nmethod     ] GC(1) O: Unregister NMethod: io.sirix.access.trx.node.xml.ForwardingXmlNodeReadOnlyTrx.getValue (0x000078e2e040e608) [0x000078e2e040e700, 0x000078e2e040e8d0] 
[2,930s][debug][gc,nmethod     ] GC(1) O: Unregister NMethod: io.sirix.cache.RecordPageCache$$Lambda/0x00000000922c48b0.apply (0x000078e2e0443408) [0x000078e2e0443500, 0x000078e2e0443698] 
[2,930s][debug][gc,nmethod     ] GC(1) O: Unregister NMethod: java.lang.CharacterDataLatin1.getType (0x000078e2e0115808) [0x000078e2e0115900, 0x000078e2e0115c48] 
[2,930s][debug][gc,nmethod     ] GC(1) O: Unregister NMethod: com.sun.org.apache.xerces.internal.dom.NamedNodeMapImpl.item (0x000078e2e00c0c88) [0x000078e2e00c0d80, 0x000078e2e00c15a0] 
[2,930s][debug][gc,nmethod     ] GC(1) O: Unregister NMethod: io.sirix.page.delegates.BitmapReferencesPage.getOrCreateReference (0x000078e2dfadf888) [0x000078e2dfadf980, 0x000078e2dfae0038] 
[2,930s][debug][gc,nmethod     ] GC(1) O: Unregister NMethod: com.github.benmanes.caffeine.cache.BoundedLocalCache$EntryIterator.next (0x000078e2e052ad88) [0x000078e2e052ae80, 0x000078e2e052b588] 
[2,930s][debug][gc,nmethod     ] GC(1) O: Unregister NMethod: jdk.internal.misc.Unsafe.weakCompareAndSetLongRelease (0x000078e2e0373a08) [0x000078e2e0373b00, 0x000078e2e0373c20] 
[2,930s][debug][gc,nmethod     ] GC(1) O: Unregister NMethod: io.sirix.axis.DescendantAxis.nextKey (0x000078e2e049b408) [0x000078e2e049b500, 0x000078e2e049bc00] 
[2,930s][debug][gc,nmethod     ] GC(1) O: Unregister NMethod: io.sirix.axis.AbstractAxis.asXmlNodeReadTrx (0x000078e2e03d5e08) [0x000078e2e03d5f00, 0x000078e2e03d6560] 
[2,930s][debug][gc,nmethod     ] GC(1) O: Unregister NMethod: io.sirix.cache.LinuxMemorySegmentAllocator.partitionVirtualRegion (0x000078e2df400c88) [0x000078e2df400d80, 0x000078e2df401d00] 
[2,930s][debug][gc,nmethod     ] GC(1) O: Unregister NMethod: io.sirix.diff.algorithm.fmse.LeafNodeComparator.isEqual (0x000078e2e041fe08) [0x000078e2e041ff40, 0x000078e2e04253f0] 
[2,930s][debug][gc,nmethod     ] GC(1) O: Unregister NMethod: java.lang.invoke.InnerClassLambdaMetafactory$6.accept (0x000078e2df968d08) [0x000078e2df968e00, 0x000078e2df96f118] 
[2,930s][debug][gc,nmethod     ] GC(1) O: Unregister NMethod: jdk.internal.foreign.AbstractMemorySegmentImpl.asSlice (0x000078e2df865608) [0x000078e2df865700, 0x000078e2df8659f8] 
[2,930s][debug][gc,nmethod     ] GC(1) O: Unregister NMethod: io.sirix.access.trx.node.xml.XmlNodeTrxImpl.nodeReadOnlyTrxDelegate (0x000078e2dfb1a708) [0x000078e2dfb1a800, 0x000078e2dfb1ab50] 
[2,930s][debug][gc,nmethod     ] GC(1) O: Unregister NMethod: jdk.internal.misc.Unsafe.copyMemory (0x000078e2df7d3008) [0x000078e2df7d3100, 0x000078e2df7d46c0] 
[2,930s][debug][gc,nmethod     ] GC(1) O: Unregister NMethod: java.lang.AbstractStringBuilder.append (0x000078e2fec26688) [0x000078e2fec26780, 0x000078e2fec26f30] 
[2,930s][debug][gc,nmethod     ] GC(1) O: Unregister NMethod: jdk.internal.classfile.impl.Util.parameterSlots (0x000078e2df4fb708) [0x000078e2df4fb800, 0x000078e2df4fbc90] 
[2,930s][debug][gc,nmethod     ] GC(1) O: Unregister NMethod: jdk.internal.classfile.impl.RawBytecodeHelper.getU2Unchecked (0x000078e2df56e888) [0x000078e2df56e980, 0x000078e2df56ed08] 
[2,930s][debug][gc,nmethod     ] GC(1) O: Unregister NMethod: io.sirix.diff.algorithm.fmse.Matching.contains (0x000078e2e04c9208) [0x000078e2e04c9300, 0x000078e2e04c95c8] 
[2,930s][debug][gc,nmethod     ] GC(1) O: Unregister NMethod: jdk.internal.classfile.impl.SplitConstantPool.maybeCloneUtf8Entry (0x000078e2df4e9b88) [0x000078e2df4e9c80, 0x000078e2df4ead20] 
[2,930s][debug][gc,nmethod     ] GC(1) O: Unregister NMethod: java.lang.String.equalsIgnoreCase (0x000078e2df520788) [0x000078e2df520880, 0x000078e2df521a08] 
[2,930s][debug][gc,nmethod     ] GC(1) O: Unregister NMethod: com.sun.org.apache.xml.internal.serializer.ToXMLSAXHandler.namespaceAfterStartElement (0x000078e2e0156608) [0x000078e2e0156700, 0x000078e2e0156a00] 
[2,930s][debug][gc,nmethod     ] GC(1) O: Unregister NMethod: io.sirix.access.trx.node.xml.ForwardingXmlNodeReadOnlyTrx.hasFirstChild (0x000078e2e02cdd08) [0x000078e2e02cde00, 0x000078e2e02ce400] 
[2,930s][debug][gc,nmethod     ] GC(1) O: Unregister NMethod: io.sirix.axis.DescendantAxis.nextKey (0x000078e2feda5f08) [0x000078e2feda6000, 0x000078e2feda8fb0] 
[2,930s][debug][gc,nmethod     ] GC(1) O: Unregister NMethod: java.nio.Buffer.position (0x000078e2df770a08) [0x000078e2df770b00, 0x000078e2df770d40] 
[2,930s][debug][gc,nmethod     ] GC(1) O: Unregister NMethod: com.sun.org.apache.xerces.internal.impl.XMLEntityScanner.skipSpaces (0x000078e2fed20188) [0x000078e2fed20280, 0x000078e2fed207e8] 
[2,930s][debug][gc,nmethod     ] GC(1) O: Unregister NMethod: sun.net.www.protocol.file.Handler.parseURL (0x000078e2df6e5208) [0x000078e2df6e5300, 0x000078e2df6e5670] 
[2,931s][debug][gc,nmethod     ] GC(1) O: Unregister NMethod: com.github.benmanes.caffeine.cache.BoundedLocalCache.refreshIfNeeded (0x000078e2e03e7c08) [0x000078e2e03e7d00, 0x000078e2e03e7e10] 
[2,931s][debug][gc,nmethod     ] GC(1) O: Unregister NMethod: jdk.internal.classfile.impl.SplitConstantPool.writeTo (0x000078e2df6b5288) [0x000078e2df6b5380, 0x000078e2df6b7b60] 
[2,931s][debug][gc,nmethod     ] GC(1) O: Unregister NMethod: io.sirix.page.KeyValueLeafPage.getAvailableSpace (0x000078e2dfda0008) [0x000078e2dfda0100, 0x000078e2dfda5bc0] 
[2,931s][debug][gc,nmethod     ] GC(1) O: Unregister NMethod: java.lang.StringConcatHelper.prepend (0x000078e2df4ec988) [0x000078e2df4eca80, 0x000078e2df4ee1d0] 
[2,931s][debug][gc,nmethod     ] GC(1) O: Unregister NMethod: io.sirix.access.trx.page.NodePageReadOnlyTrx.getLeafPageReference (0x000078e2fed87f88) [0x000078e2fed88080, 0x000078e2fed89698] 
[2,931s][debug][gc,nmethod     ] GC(1) O: Unregister NMethod: io.sirix.access.trx.page.NodePageTrx.prepareRecordPage (0x000078e2dfd46108) [0x000078e2dfd46200, 0x000078e2dfd487a8] 
[2,931s][debug][gc,nmethod     ] GC(1) O: Unregister NMethod: java.lang.Object.<init> (0x000078e2febe6b08) [0x000078e2febe6c00, 0x000078e2febe6c80] 
[2,931s][debug][gc,nmethod     ] GC(1) O: Unregister NMethod: io.sirix.access.trx.node.xml.ForwardingXmlNodeReadOnlyTrx.getValue (0x000078e2e0419008) [0x000078e2e0419100, 0x000078e2e04196e0] 
[2,931s][debug][gc,nmethod     ] GC(1) O: Unregister NMethod: io.sirix.access.trx.page.NodePageTrx.prepareRecordForModification (0x000078e2fece4308) [0x000078e2fece4400, 0x000078e2fece55d8] 
[2,931s][debug][gc,nmethod     ] GC(1) O: Unregister NMethod: java.util.Arrays.fill (0x000078e2fec32e88) [0x000078e2fec32f80, 0x000078e2fec331a8] 
[2,931s][debug][gc,nmethod     ] GC(1) O: Unregister NMethod: io.sirix.access.trx.page.NodePageReadOnlyTrx.getLeafPageReference (0x000078e2dff53c08) [0x000078e2dff53d00, 0x000078e2dff53ff8] 
[2,931s][debug][gc,nmethod     ] GC(1) O: Unregister NMethod: io.sirix.node.GrowingMemorySegment.writeInt (0x000078e2dfafea08) [0x000078e2dfafeb00, 0x000078e2dfb02940] 
[2,931s][debug][gc,nmethod     ] GC(1) O: Unregister NMethod: java.util.ArrayList.iterator (0x000078e2df5c4388) [0x000078e2df5c4480, 0x000078e2df5c4780] 
[2,931s][debug][gc,nmethod     ] GC(1) O: Unregister NMethod: java.lang.Integer.valueOf (0x000078e2df52cb88) [0x000078e2df52cc80, 0x000078e2df52cf98] 
[2,931s][debug][gc,nmethod     ] GC(1) O: Unregister NMethod: java.lang.String.getBytes (0x000078e2e0114488) [0x000078e2e0114580, 0x000078e2e0114a88] 
[2,931s][debug][gc,nmethod     ] GC(1) O: Unregister NMethod: io.sirix.access.trx.node.xml.ForwardingXmlNodeReadOnlyTrx.getKind (0x000078e2e03d8908) [0x000078e2e03d8a00, 0x000078e2e03d8fe0] 
[2,931s][debug][gc,nmethod     ] GC(1) O: Unregister NMethod: java.io.UnixFileSystem.hasBooleanAttributes (0x000078e2df566608) [0x000078e2df566700, 0x000078e2df567288] 
[2,931s][debug][gc,nmethod     ] GC(1) O: Unregister NMethod: java.nio.Buffer.session (0x000078e2df486a08) [0x000078e2df486b00, 0x000078e2df486f08] 
[2,931s][debug][gc,nmethod     ] GC(1) O: Unregister NMethod: java.lang.Short.valueOf (0x000078e2dff33888) [0x000078e2dff33980, 0x000078e2dff33c98] 
[2,931s][debug][gc,nmethod     ] GC(1) O: Unregister NMethod: io.sirix.access.trx.page.NodePageTrx.getMostRecentPageContainer (0x000078e2dff43d08) [0x000078e2dff43e00, 0x000078e2dff44430] 
[2,931s][debug][gc,nmethod     ] GC(1) O: Unregister NMethod: jdk.internal.util.DecimalDigits.uncheckedPutCharLatin1 (0x000078e2df8b2b88) [0x000078e2df8b2c80, 0x000078e2df8b2d80] 
[2,931s][debug][gc,nmethod     ] GC(1) O: Unregister NMethod: io.sirix.access.trx.node.xml.ForwardingXmlNodeReadOnlyTrx.moveToAttribute (0x000078e2fedb4888) [0x000078e2fedb4980, 0x000078e2fedb5fa0] 
[2,931s][debug][gc,nmethod     ] GC(1) O: Unregister NMethod: java.lang.invoke.VarHandle.checkAccessModeThenIsDirect (0x000078e2df58c088) [0x000078e2df58c180, 0x000078e2df58d328] 
[2,931s][debug][gc,nmethod     ] GC(1) O: Unregister NMethod: java.lang.Thread.interrupted (0x000078e2dfa8ff88) [0x000078e2dfa90080, 0x000078e2dfa90448] 
[2,931s][debug][gc,nmethod     ] GC(1) O: Unregister NMethod: com.github.benmanes.caffeine.cache.BoundedLocalCache.hasExpired (0x000078e2e02a7508) [0x000078e2e02a7600, 0x000078e2e02a96a8] 
[2,931s][debug][gc,nmethod     ] GC(1) O: Unregister NMethod: jdk.internal.misc.ScopedMemoryAccess.putLongUnaligned (0x000078e2dfa9c908) [0x000078e2dfa9ca00, 0x000078e2dfa9d888] 
[2,931s][debug][gc,nmethod     ] GC(1) O: Unregister NMethod: java.lang.invoke.InnerClassLambdaMetafactory$3.accept (0x000078e2df95b388) [0x000078e2df95b480, 0x000078e2df95da18] 
[2,931s][debug][gc,nmethod     ] GC(1) O: Unregister NMethod: java.util.stream.Collectors$$Lambda/0x0000000092114238.accept (0x000078e2fec7f008) [0x000078e2fec7f100, 0x000078e2fec7f9b0] 
[2,931s][debug][gc,nmethod     ] GC(1) O: Unregister NMethod: io.sirix.page.KeyValueLeafPage.getAvailableSpace (0x000078e2e02b1288) [0x000078e2e02b1380, 0x000078e2e02b6e40] 
[2,931s][debug][gc,nmethod     ] GC(1) O: Unregister NMethod: java.lang.String.lastIndexOf (0x000078e2df457188) [0x000078e2df457280, 0x000078e2df457720] 
[2,931s][debug][gc,nmethod     ] GC(1) O: Unregister NMethod: io.sirix.node.xml.ElementNode.hasRightSibling (0x000078e2dfd1a408) [0x000078e2dfd1a500, 0x000078e2dfd1f938] 
[2,931s][debug][gc,nmethod     ] GC(1) O: Unregister NMethod: java.lang.String.checkBoundsBeginEnd (0x000078e2df41f388) [0x000078e2df41f480, 0x000078e2df41f698] 
[2,931s][debug][gc,nmethod     ] GC(1) O: Unregister NMethod: java.util.HashMap.containsKey (0x000078e2df433508) [0x000078e2df433600, 0x000078e2df433940] 
[2,931s][debug][gc,nmethod     ] GC(1) O: Unregister NMethod: io.sirix.access.trx.page.NodePageTrx.getPageContainer (0x000078e2fedab008) [0x000078e2fedab100, 0x000078e2fedac6f8] 
[2,931s][debug][gc,nmethod     ] GC(1) O: Unregister NMethod: java.util.ArrayList.get (0x000078e2df47af08) [0x000078e2df47b000, 0x000078e2df47b2a8] 
[2,931s][debug][gc,nmethod     ] GC(1) O: Unregister NMethod: java.util.ArrayList.toArray (0x000078e2df83e408) [0x000078e2df83e500, 0x000078e2df83e8e0] 
[2,931s][debug][gc,nmethod     ] GC(1) O: Unregister NMethod: jdk.internal.foreign.AbstractMemorySegmentImpl.checkBounds (0x000078e2df51bd88) [0x000078e2df51be80, 0x000078e2df51c110] 
[2,931s][debug][gc,nmethod     ] GC(1) O: Unregister NMethod: jdk.internal.misc.Unsafe.putLongUnaligned (0x000078e2df402388) [0x000078e2df402480, 0x000078e2df4028b8] 
[2,931s][debug][gc,nmethod     ] GC(1) O: Unregister NMethod: com.github.benmanes.caffeine.cache.BoundedLocalCache$UpdateTask.run (0x000078e2e042c988) [0x000078e2e042ca80, 0x000078e2e042dc80] 
[2,931s][debug][gc,nmethod     ] GC(1) O: Unregister NMethod: io.sirix.node.MemorySegmentBytesOut.writeByte (0x000078e2dfb1a408) [0x000078e2dfb1a500, 0x000078e2dfb1a698] 
[2,931s][debug][gc,nmethod     ] GC(1) O: Unregister NMethod: jdk.internal.classfile.impl.DirectCodeBuilder.parameterSlot (0x000078e2df859a88) [0x000078e2df859b80, 0x000078e2df859d38] 
[2,931s][debug][gc,nmethod     ] GC(1) O: Unregister NMethod: jdk.internal.misc.Unsafe.putIntRelease (0x000078e2dffb7288) [0x000078e2dffb7380, 0x000078e2dffb7488] 
[2,931s][debug][gc,nmethod     ] GC(1) O: Unregister NMethod: com.sun.org.apache.xerces.internal.xni.QName.setValues (0x000078e2dfb49708) [0x000078e2dfb49800, 0x000078e2dfb49bb8] 
[2,931s][debug][gc,nmethod     ] GC(1) O: Unregister NMethod: net.openhft.hashing.MathsJDK9.unsignedLongMulXorFoldImp (0x000078e2dfb0c188) [0x000078e2dfb0c280, 0x000078e2dfb0c400] 
[2,931s][debug][gc,nmethod     ] Register NMethod: java.util.concurrent.ConcurrentHashMap$ValueSpliterator.characteristics (0x000078e2fee08d08) [0x000078e2fee08e00, 0x000078e2fee08ec0] Compiler: c1, Barriers: 0, Oops: 0, ImmediateOops: 0, NonImmediateOops: No
[2,931s][debug][gc,nmethod     ] GC(1) O: Unregister NMethod: io.sirix.access.trx.node.xml.ForwardingXmlNodeReadOnlyTrx.getNodeKey (0x000078e2e03cfd88) [0x000078e2e03cfe80, 0x000078e2e03d0460] 
[2,931s][debug][gc,nmethod     ] GC(1) O: Unregister NMethod: io.sirix.access.trx.node.xml.ForwardingXmlNodeReadOnlyTrx.moveTo (0x000078e2fed89d08) [0x000078e2fed89e00, 0x000078e2fed8b1f8] 
[2,931s][debug][gc,nmethod     ] GC(1) O: Unregister NMethod: com.sun.org.apache.bcel.internal.util.InstructionFinder.makeChar (0x000078e2e011ad08) [0x000078e2e011ae00, 0x000078e2e011af20] 
[2,931s][debug][gc,nmethod     ] Register NMethod: java.util.stream.FindOps$FindSink.accept (0x000078e2e0726208) [0x000078e2e0726300, 0x000078e2e0726480] Compiler: c1, Barriers: 3, Oops: 0, ImmediateOops: 0, NonImmediateOops: No
[2,931s][debug][gc,nmethod     ] Register NMethod: java.util.stream.ReferencePipeline.findAny (0x000078e2e0726508) [0x000078e2e0726600, 0x000078e2e0726750] Compiler: c1, Barriers: 0, Oops: 0, ImmediateOops: 1, NonImmediateOops: No
[2,931s][debug][gc,nmethod     ] GC(1) O: Unregister NMethod: java.lang.StringBuilder.charAt (0x000078e2e00f0888) [0x000078e2e00f0980, 0x000078e2e00f0ab8] 
[2,931s][debug][gc,nmethod     ] GC(1) O: Unregister NMethod: java.lang.String.regionMatches (0x000078e2df4c5688) [0x000078e2df4c5780, 0x000078e2df4c6b78] 
[2,931s][debug][gc,nmethod     ] GC(1) O: Unregister NMethod: com.sun.org.apache.xml.internal.dtm.ref.DTMAxisIteratorBase.resetPosition (0x000078e2e0157308) [0x000078e2e0157400, 0x000078e2e0157508] 
[2,931s][debug][gc,nmethod     ] GC(1) O: Unregister NMethod: java.lang.Integer.<init> (0x000078e2df529d88) [0x000078e2df529e80, 0x000078e2df52a040] 
[2,931s][debug][gc,nmethod     ] GC(1) O: Unregister NMethod: jdk.internal.classfile.impl.SplitConstantPool.classEntryForClassOrInterface (0x000078e2df512508) [0x000078e2df512600, 0x000078e2df514b90] 
[2,932s][debug][gc,nmethod     ] GC(1) O: Unregister NMethod: java.lang.Integer.compare (0x000078e2df767f08) [0x000078e2df768000, 0x000078e2df7681b0] 
[2,932s][debug][gc,nmethod     ] GC(1) O: Unregister NMethod: java.util.stream.StreamOpFlag.fromCharacteristics (0x000078e2df7c7388) [0x000078e2df7c7480, 0x000078e2df7c7a08] 
[2,932s][debug][gc,nmethod     ] GC(1) O: Unregister NMethod: java.io.BufferedOutputStream.write (0x000078e2e0000088) [0x000078e2e0000180, 0x000078e2e0000e98] 
[2,932s][debug][gc,nmethod     ] GC(1) O: Unregister NMethod: io.sirix.access.trx.node.AbstractNodeReadOnlyTrx.hasParent (0x000078e2e044f108) [0x000078e2e044f200, 0x000078e2e044f438] 
[2,932s][debug][gc,nmethod     ] GC(1) O: Unregister NMethod: io.sirix.node.SirixDeweyID.setDivisionBitArray (0x000078e2e02d1508) [0x000078e2e02d1600, 0x000078e2e02d1c30] 
[2,932s][debug][gc,nmethod     ] GC(1) O: Unregister NMethod: com.github.benmanes.caffeine.cache.BoundedLocalCache.expirationTicker (0x000078e2dff33588) [0x000078e2dff33680, 0x000078e2dff337e0] 
[2,932s][debug][gc,nmethod     ] GC(1) O: Unregister NMethod: io.sirix.access.trx.node.xml.ForwardingXmlNodeReadOnlyTrx.getAttributeCount (0x000078e2fedc9588) [0x000078e2fedc9680, 0x000078e2fedc99e0] 
[2,932s][debug][gc,nmethod     ] GC(1) O: Unregister NMethod: io.sirix.access.trx.node.xml.XmlNodeReadOnlyTrxImpl.getAttributeCount (0x000078e2e0029108) [0x000078e2e0029200, 0x000078e2e002a160] 
[2,932s][debug][gc,nmethod     ] GC(1) O: Unregister NMethod: java.util.concurrent.ConcurrentLinkedDeque.linkLast (0x000078e2dfa1b408) [0x000078e2dfa1b500, 0x000078e2dfa205f8] 
[2,932s][debug][gc,nmethod     ] GC(1) O: Unregister NMethod: java.lang.String.lastIndexOf (0x000078e2df457788) [0x000078e2df457880, 0x000078e2df458378] 
[2,932s][debug][gc,nmethod     ] GC(1) O: Unregister NMethod: java.util.concurrent.atomic.AtomicLong.addAndGet (0x000078e2dfb5cf88) [0x000078e2dfb5d080, 0x000078e2dfb5d190] 
[2,932s][debug][gc,nmethod     ] GC(1) O: Unregister NMethod: java.util.Arrays.fill (0x000078e2df5cca08) [0x000078e2df5ccb00, 0x000078e2df5ccf28] 
[2,932s][debug][gc,nmethod     ] GC(1) O: Unregister NMethod: java.util.HashMap.resize (0x000078e2df617988) [0x000078e2df617aa0, 0x000078e2df619780] 
[2,932s][debug][gc,nmethod     ] GC(1) O: Unregister NMethod: jdk.internal.misc.Unsafe.putIntUnaligned (0x000078e2df63a708) [0x000078e2df63a800, 0x000078e2df63aa30] 
[2,932s][debug][gc,nmethod     ] GC(1) O: Unregister NMethod: jdk.internal.classfile.impl.StackMapGenerator$Frame.checkStack (0x000078e2df4f7e88) [0x000078e2df4f7f80, 0x000078e2df4f8bc8] 
[2,932s][debug][gc,nmethod     ] GC(1) O: Unregister NMethod: com.sun.org.apache.xerces.internal.impl.XMLEntityScanner.checkEntityLimit (0x000078e2dfaeb908) [0x000078e2dfaeba00, 0x000078e2dfaebcf8] 
[2,932s][debug][gc,nmethod     ] GC(1) O: Unregister NMethod: io.sirix.page.NamePage.getName (0x000078e2dfb55f88) [0x000078e2dfb56080, 0x000078e2dfb576f0] 
[2,932s][debug][gc,nmethod     ] GC(1) O: Unregister NMethod: java.lang.CharacterDataLatin1.equalsIgnoreCase (0x000078e2df4c4388) [0x000078e2df4c4480, 0x000078e2df4c4718] 
[2,932s][debug][gc,nmethod     ] GC(1) O: Unregister NMethod: java.lang.Boolean.valueOf (0x000078e2df871988) [0x000078e2df871a80, 0x000078e2df871bd8] 
[2,932s][debug][gc,nmethod     ] GC(1) O: Unregister NMethod: io.sirix.access.trx.node.AbstractNodeReadOnlyTrx.getPathNodeKey (0x000078e2e0410c88) [0x000078e2e0410d80, 0x000078e2e04113a0] 
[2,932s][debug][gc,nmethod     ] GC(1) O: Unregister NMethod: sun.net.www.ParseUtil.encodePath (0x000078e2df5a5b88) [0x000078e2df5a5c80, 0x000078e2df5a5e68] 
[2,932s][debug][gc,nmethod     ] GC(1) O: Unregister NMethod: java.util.concurrent.atomic.Striped64.casBase (0x000078e2e0374788) [0x000078e2e0374880, 0x000078e2e03756f0] 
[2,932s][debug][gc,nmethod     ] GC(1) O: Unregister NMethod: io.sirix.axis.AbstractAxis.hasNext (0x000078e2dfb05108) [0x000078e2dfb05200, 0x000078e2dfb05cc8] 
[2,932s][debug][gc,nmethod     ] GC(1) O: Unregister NMethod: io.sirix.index.path.summary.PathSummaryReader.assertNotClosed (0x000078e2dfa9a708) [0x000078e2dfa9a800, 0x000078e2dfa9aa08] 
[2,932s][debug][gc,nmethod     ] GC(1) O: Unregister NMethod: io.sirix.access.trx.page.NodePageReadOnlyTrx.getPageReference (0x000078e2dff57088) [0x000078e2dff57180, 0x000078e2dff60238] 
[2,932s][debug][gc,nmethod     ] GC(1) O: Unregister NMethod: io.sirix.diff.algorithm.fmse.FMSENodeComparisonUtils.nodeValuesEqual (0x000078e2e041c908) [0x000078e2e041ca00, 0x000078e2e041d130] 
[2,932s][debug][gc,nmethod     ] GC(1) O: Unregister NMethod: io.sirix.access.trx.page.NodePageTrx.getMostRecentPageContainer (0x000078e2fecdd988) [0x000078e2fecdda80, 0x000078e2fecdde58] 
[2,932s][debug][gc,nmethod     ] GC(1) O: Unregister NMethod: jdk.internal.classfile.impl.AbstractPoolEntry$AbstractRefEntry.<init> (0x000078e2df4fbd08) [0x000078e2df4fbe00, 0x000078e2df4fc358] 
[2,932s][debug][gc,nmethod     ] GC(1) O: Unregister NMethod: io.sirix.node.AbstractForwardingNode.getNodeKey (0x000078e2fece2108) [0x000078e2fece2200, 0x000078e2fece23a0] 
[2,932s][debug][gc,nmethod     ] GC(1) O: Unregister NMethod: com.sun.org.apache.xerces.internal.dom.DeferredDocumentImpl.setChunkIndex (0x000078e2e0054308) [0x000078e2e0054400, 0x000078e2e0054740] 
[2,932s][debug][gc,nmethod     ] GC(1) O: Unregister NMethod: io.sirix.access.trx.node.AbstractNodeReadOnlyTrx.moveToParent (0x000078e2dfc5e788) [0x000078e2dfc5e880, 0x000078e2dfc5f0e0] 
[2,932s][debug][gc,nmethod     ] GC(1) O: Unregister NMethod: java.util.BitSet.cardinality (0x000078e2dfab3c88) [0x000078e2dfab3d80, 0x000078e2dfab3fe0] 
[2,932s][debug][gc,nmethod     ] GC(1) O: Unregister NMethod: io.sirix.node.GrowingMemorySegment.writeLong (0x000078e2fece5908) [0x000078e2fece5a00, 0x000078e2fece5cc8] 
[2,932s][debug][gc,nmethod     ] GC(1) O: Unregister NMethod: com.github.benmanes.caffeine.cache.BoundedLocalCache.tryExpireAfterRead (0x000078e2e0444008) [0x000078e2e0444100, 0x000078e2e04441f8] 
[2,932s][debug][gc,nmethod     ] GC(1) O: Unregister NMethod: java.lang.String.<init> (0x000078e2df55df08) [0x000078e2df55e000, 0x000078e2df561e70] 
[2,932s][debug][gc,nmethod     ] GC(1) O: Unregister NMethod: jdk.xml.internal.XMLSecurityManager.isOverLimit (0x000078e2dfb36988) [0x000078e2dfb36a80, 0x000078e2dfb38060] 
[2,932s][debug][gc,nmethod     ] GC(1) O: Unregister NMethod: java.lang.invoke.VarHandleGuards.guard_LI_I (0x000078e2df58ec88) [0x000078e2df58ed80, 0x000078e2df591c58] 
[2,932s][debug][gc,nmethod     ] GC(1) O: Unregister NMethod: java.util.HashMap.computeIfAbsent (0x000078e2df530988) [0x000078e2df530a80, 0x000078e2df533288] 
[2,932s][debug][gc,nmethod     ] GC(1) O: Unregister NMethod: com.sun.org.apache.xerces.internal.util.XMLChar.isSpace (0x000078e2dfb1ab88) [0x000078e2dfb1ac80, 0x000078e2dfb1ae08] 
[2,932s][debug][gc,nmethod     ] GC(1) O: Unregister NMethod: jdk.internal.classfile.impl.StackMapGenerator.processBlock (0x000078e2fec97f08) [0x000078e2fec98000, 0x000078e2fec99ae0] 
[2,932s][debug][gc,nmethod     ] GC(1) O: Unregister NMethod: java.lang.invoke.VarHandleGuards.guard_LLL_Z (0x000078e2df855c88) [0x000078e2df855d80, 0x000078e2df858c80] 
[2,932s][debug][gc,nmethod     ] GC(1) O: Unregister NMethod: org.custommonkey.xmlunit.DifferenceEngine.unequalNotNull (0x000078e2e0260288) [0x000078e2e0260380, 0x000078e2e0261fe0] 
[2,932s][debug][gc,nmethod     ] GC(1) O: Unregister NMethod: jdk.internal.foreign.SegmentFactories.initNativeMemory (0x000078e2df8bc208) [0x000078e2df8bc300, 0x000078e2df8bc4a0] 
[2,932s][debug][gc,nmethod     ] GC(1) O: Unregister NMethod: java.lang.Number.<init> (0x000078e2df529108) [0x000078e2df529200, 0x000078e2df529358] 
[2,932s][debug][gc,nmethod     ] GC(1) O: Unregister NMethod: java.net.URL.<init> (0x000078e2df5ce888) [0x000078e2df5ce980, 0x000078e2df5d5098] 
[2,932s][debug][gc,nmethod     ] GC(1) O: Unregister NMethod: io.sirix.axis.AbstractAxis.hasNext (0x000078e2fed72e88) [0x000078e2fed72f80, 0x000078e2fed73620] 
[2,932s][debug][gc,nmethod     ] GC(1) O: Unregister NMethod: io.sirix.access.trx.node.AbstractNodeReadOnlyTrx.hasFirstChild (0x000078e2e0001588) [0x000078e2e0001680, 0x000078e2e0001ea0] 
[2,932s][debug][gc,nmethod     ] GC(1) O: Unregister NMethod: com.sun.org.apache.xml.internal.dtm.ref.DTMDefaultBase.makeNodeIdentity (0x000078e2e0154f88) [0x000078e2e0155080, 0x000078e2e0155538] 
[2,932s][debug][gc,nmethod     ] GC(1) O: Unregister NMethod: java.lang.StringLatin1.regionMatchesCI (0x000078e2df4c5288) [0x000078e2df4c5380, 0x000078e2df4c5620] 
[2,932s][debug][gc,nmethod     ] GC(1) O: Unregister NMethod: com.github.benmanes.caffeine.cache.AbstractLinkedDeque.unlink (0x000078e2e0432588) [0x000078e2e0432680, 0x000078e2e0432c60] 
[2,932s][debug][gc,nmethod     ] Register NMethod: io.brackit.query.jdm.node.AbstractTemporalNode.<init> (0x000078e2e0726808) [0x000078e2e0726900, 0x000078e2e07269f8] Compiler: c1, Barriers: 0, Oops: 1, ImmediateOops: 0, NonImmediateOops: No
[2,932s][debug][gc,nmethod     ] GC(1) O: Unregister NMethod: jdk.internal.foreign.AbstractMemorySegmentImpl.get (0x000078e2dfd9c588) [0x000078e2dfd9c680, 0x000078e2dfd9ffb0] 
[2,932s][debug][gc,nmethod     ] GC(1) O: Unregister NMethod: io.sirix.diff.algorithm.fmse.FMSE.markOutOfOrder (0x000078e2e04d1d08) [0x000078e2e04d1e00, 0x000078e2e04d2238] 
[2,932s][debug][gc,nmethod     ] GC(1) O: Unregister NMethod: java.nio.Bits.reserveMemory (0x000078e2dfb85d08) [0x000078e2dfb85e00, 0x000078e2dfb88d40] 
[2,932s][debug][gc,nmethod     ] GC(1) O: Unregister NMethod: java.util.Arrays.fill (0x000078e2fec69f88) [0x000078e2fec6a080, 0x000078e2fec6a218] 
[2,932s][debug][gc,nmethod     ] GC(1) O: Unregister NMethod: io.sirix.access.trx.page.NodePageTrx.prepareRecordPage (0x000078e2dfae0088) [0x000078e2dfae0180, 0x000078e2dfae2728] 
[2,933s][debug][gc,nmethod     ] GC(1) O: Unregister NMethod: io.sirix.node.MemorySegmentBytesIn.readLong (0x000078e2dff4d508) [0x000078e2dff4d600, 0x000078e2dff51210] 
[2,933s][debug][gc,nmethod     ] Register NMethod: io.sirix.access.trx.node.AbstractResourceSession.lambda$getNodeTrx$0 (0x000078e2e0726b08) [0x000078e2e0726c00, 0x000078e2e0726cf8] Compiler: c1, Barriers: 0, Oops: 1, ImmediateOops: 0, NonImmediateOops: No
[2,933s][debug][gc,nmethod     ] Register NMethod: io.sirix.access.trx.node.AbstractResourceSession$$Lambda/0x00000000923ad280.test (0x000078e2e0726e08) [0x000078e2e0726f00, 0x000078e2e0727098] Compiler: c1, Barriers: 1, Oops: 1, ImmediateOops: 0, NonImmediateOops: No
[2,933s][debug][gc,nmethod     ] GC(1) O: Unregister NMethod: com.sun.org.apache.xerces.internal.dom.NodeImpl.ownerDocument (0x000078e2e0074e88) [0x000078e2e0074f80, 0x000078e2e00757b0] 
[2,933s][debug][gc,nmethod     ] Register NMethod: java.util.concurrent.ConcurrentHashMap$ValueSpliterator.tryAdvance (0x000078e2e0727108) [0x000078e2e0727200, 0x000078e2e0727478] Compiler: c1, Barriers: 1, Oops: 0, ImmediateOops: 0, NonImmediateOops: No
[2,933s][debug][gc,nmethod     ] GC(1) O: Unregister NMethod: java.util.Stack.peek (0x000078e2e0100808) [0x000078e2e0100900, 0x000078e2e0101130] 
[2,933s][debug][gc,nmethod     ] Register NMethod: io.sirix.query.node.XmlDBNode.<init> (0x000078e2e0727488) [0x000078e2e0727580, 0x000078e2e0727d40] Compiler: c1, Barriers: 16, Oops: 1, ImmediateOops: 1, NonImmediateOops: No
[2,933s][debug][gc,nmethod     ] GC(1) O: Unregister NMethod: io.sirix.access.trx.page.NodePageTrx.getMostRecentPageContainer (0x000078e2fece8908) [0x000078e2fece8a00, 0x000078e2fece8dd0] 
[2,933s][debug][gc,nmethod     ] GC(1) O: Unregister NMethod: jdk.xml.internal.XMLSecurityManager$Limit.is (0x000078e2e02b7288) [0x000078e2e02b7380, 0x000078e2e02b7990] 
[2,933s][debug][gc,nmethod     ] GC(1) O: Unregister NMethod: sun.net.util.IPAddressUtil.checkHostString (0x000078e2df4cdc88) [0x000078e2df4cdd80, 0x000078e2df4cdf80] 
[2,933s][debug][gc,nmethod     ] GC(1) O: Unregister NMethod: java.lang.String.indexOf (0x000078e2df4def08) [0x000078e2df4df000, 0x000078e2df4df9b8] 
[2,933s][debug][gc,nmethod     ] GC(1) O: Unregister NMethod: io.sirix.diff.algorithm.fmse.Levenshtein.getUnNormalisedSimilarity (0x000078e2e0418288) [0x000078e2e04183a0, 0x000078e2e0418fd0] 
[2,933s][debug][gc,nmethod     ] GC(1) O: Unregister NMethod: io.sirix.axis.AbstractAxis.hasNext (0x000078e2dffc9c08) [0x000078e2dffc9d00, 0x000078e2dffca7c8] 
[2,933s][debug][gc,nmethod     ] GC(1) O: Unregister NMethod: java.util.HashMap.put (0x000078e2fecd1988) [0x000078e2fecd1aa0, 0x000078e2fecd2cb0] 
[2,933s][debug][gc,nmethod     ] GC(1) O: Unregister NMethod: jdk.internal.foreign.AbstractMemorySegmentImpl.asSlice (0x000078e2febf7708) [0x000078e2febf7800, 0x000078e2febf79e8] 
[2,933s][debug][gc,nmethod     ] GC(1) O: Unregister NMethod: java.lang.AbstractStringBuilder.ensureCapacitySameCoder (0x000078e2df7f5988) [0x000078e2df7f5a80, 0x000078e2df7f5c28] 
[2,933s][debug][gc,nmethod     ] GC(1) O: Unregister NMethod: java.lang.AbstractStringBuilder.ensureCapacityNewCoder (0x000078e2df474e08) [0x000078e2df474f00, 0x000078e2df475210] 
[2,933s][debug][gc,nmethod     ] GC(1) O: Unregister NMethod: java.lang.Math.clamp (0x000078e2df57ab08) [0x000078e2df57ac00, 0x000078e2df57bcc8] 
[2,933s][debug][gc,nmethod     ] GC(1) O: Unregister NMethod: java.util.BitSet.get (0x000078e2df6b1488) [0x000078e2df6b1580, 0x000078e2df6b2428] 
[2,933s][debug][gc,nmethod     ] GC(1) O: Unregister NMethod: io.sirix.page.AbstractForwardingPage.getOrCreateReference (0x000078e2fed02708) [0x000078e2fed02800, 0x000078e2fed03108] 
[2,933s][debug][gc,nmethod     ] Register NMethod: io.sirix.access.trx.node.xml.XmlNodeHashing.setCurrentNode (0x000078e2e0727d88) [0x000078e2e0727e80, 0x000078e2e07285a8] Compiler: c1, Barriers: 4, Oops: 1, ImmediateOops: 1, NonImmediateOops: No
[2,933s][debug][gc,nmethod     ] GC(1) O: Unregister NMethod: io.sirix.access.trx.page.NodePageReadOnlyTrx.pageKey (0x000078e2dfab4688) [0x000078e2dfab4780, 0x000078e2dfab4f00] 
[2,933s][debug][gc,nmethod     ] Register NMethod: io.sirix.access.trx.node.xml.XmlNodeHashing.setCurrentNode (0x000078e2e0728608) [0x000078e2e0728700, 0x000078e2e0729268] Compiler: c1, Barriers: 4, Oops: 1, ImmediateOops: 1, NonImmediateOops: No
[2,933s][debug][gc,nmethod     ] GC(1) O: Unregister NMethod: io.sirix.diff.algorithm.fmse.LeafNodeComparator.isEqual (0x000078e2e0411408) [0x000078e2e0411540, 0x000078e2e0412a68] 
[2,933s][debug][gc,nmethod     ] GC(1) O: Unregister NMethod: io.sirix.diff.algorithm.fmse.FMSENodeComparisonUtils.getNodeValue (0x000078e2fed8e708) [0x000078e2fed8e800, 0x000078e2fed90b58] 
[2,933s][debug][gc,nmethod     ] GC(1) O: Unregister NMethod: com.sun.org.apache.xerces.internal.impl.XMLEntityScanner.scanChar (0x000078e2dfb61908) [0x000078e2dfb61a00, 0x000078e2dfb62438] 
[2,933s][debug][gc,nmethod     ] GC(1) O: Unregister NMethod: io.sirix.page.KeyValueLeafPage$$Lambda/0x00000000922be168.apply (0x000078e2e0438688) [0x000078e2e0438780, 0x000078e2e04388f8] 
[2,933s][debug][gc,nmethod     ] GC(1) O: Unregister NMethod: io.sirix.axis.AbstractAxis.tryToComputeNext (0x000078e2dfb3f688) [0x000078e2dfb3f780, 0x000078e2dfb3feb0] 
[2,933s][debug][gc,nmethod     ] Register NMethod: io.sirix.access.trx.page.NodePageReadOnlyTrx.getLeafPageReference (0x000078e2fee09008) [0x000078e2fee09100, 0x000078e2fee0adc0] Compiler: jvmci, Barriers: 36, Oops: 3, ImmediateOops: 2, NonImmediateOops: No
[2,933s][debug][gc,nmethod     ] GC(1) O: Unregister NMethod: io.sirix.diff.algorithm.fmse.LeafNodeComparator.isEqual (0x000078e2e041b288) [0x000078e2e041b380, 0x000078e2e041ba78] 
[2,933s][debug][gc,nmethod     ] GC(1) O: Unregister NMethod: jdk.internal.classfile.impl.TerminalCodeBuilder.setupTopLocal (0x000078e2df6cc188) [0x000078e2df6cc280, 0x000078e2df6ce808] 
[2,933s][debug][gc,nmethod     ] GC(1) O: Unregister NMethod: io.sirix.access.trx.page.NodePageReadOnlyTrx.getValue (0x000078e2fece0888) [0x000078e2fece0980, 0x000078e2fece0b20] 
[2,933s][debug][gc,nmethod     ] GC(1) O: Unregister NMethod: java.util.stream.Collectors$$Lambda/0x000000009211cb58.accept (0x000078e2e0437888) [0x000078e2e0437980, 0x000078e2e0437b60] 
[2,933s][debug][gc,nmethod     ] GC(1) O: Unregister NMethod: java.lang.String.getBytes (0x000078e2fec18188) [0x000078e2fec18280, 0x000078e2fec185c0] 
[2,933s][debug][gc,nmethod     ] GC(1) O: Unregister NMethod: jdk.xml.internal.XMLSecurityManager$Limit.is (0x000078e2fed35188) [0x000078e2fed35280, 0x000078e2fed356c8] 
[2,933s][debug][gc,nmethod     ] GC(1) O: Unregister NMethod: java.lang.String.<init> (0x000078e2e0116708) [0x000078e2e0116800, 0x000078e2e01173c0] 
[2,933s][debug][gc,nmethod     ] GC(1) O: Unregister NMethod: java.util.HashMap.putVal (0x000078e2df47cb88) [0x000078e2df47cc80, 0x000078e2df47f010] 
[2,933s][debug][gc,nmethod     ] GC(1) O: Unregister NMethod: jdk.internal.foreign.AbstractMemorySegmentImpl.set (0x000078e2dfaa6108) [0x000078e2dfaa6200, 0x000078e2dfaab780] 
[2,933s][debug][gc,nmethod     ] GC(1) O: Unregister NMethod: jdk.internal.foreign.AbstractMemorySegmentImpl.<init> (0x000078e2df47f488) [0x000078e2df47f580, 0x000078e2df47f760] 
[2,933s][debug][gc,nmethod     ] GC(1) O: Unregister NMethod: net.openhft.hashing.Maths.unsignedLongMulXorFold (0x000078e2dfb08488) [0x000078e2dfb08580, 0x000078e2dfb086b8] 
[2,933s][debug][gc,nmethod     ] GC(1) O: Unregister NMethod: java.util.concurrent.ConcurrentHashMap.putIfAbsent (0x000078e2fec90f88) [0x000078e2fec91080, 0x000078e2fec93820] 
[2,933s][debug][gc,nmethod     ] GC(1) O: Unregister NMethod: java.lang.module.ResolvedModule.hashCode (0x000078e2df43a708) [0x000078e2df43a800, 0x000078e2df43abd0] 
[2,933s][debug][gc,nmethod     ] GC(1) O: Unregister NMethod: java.util.HashMap$HashIterator.hasNext (0x000078e2df42f688) [0x000078e2df42f780, 0x000078e2df42f900] 
[2,933s][debug][gc,nmethod     ] GC(1) O: Unregister NMethod: jdk.internal.foreign.SegmentFactories.ensureInitialized (0x000078e2dfb63688) [0x000078e2dfb63780, 0x000078e2dfb63860] 
[2,933s][debug][gc,nmethod     ] GC(1) O: Unregister NMethod: io.sirix.page.KeyValueLeafPage.getPinCountByTransaction (0x000078e2e0434588) [0x000078e2e0434680, 0x000078e2e04348f0] 
[2,933s][debug][gc,nmethod     ] GC(1) O: Unregister NMethod: io.sirix.page.KeyValueLeafPage.getSlot (0x000078e2dfa65f08) [0x000078e2dfa66000, 0x000078e2dfa7c220] 
[2,934s][debug][gc,nmethod     ] GC(1) O: Unregister NMethod: com.sun.org.apache.xerces.internal.util.XMLChar.isValidNCName (0x000078e2e0086288) [0x000078e2e0086380, 0x000078e2e0087c90] 
[2,934s][debug][gc,nmethod     ] GC(1) O: Unregister NMethod: com.sun.org.apache.xml.internal.utils.SuballocatedIntVector.elementAt (0x000078e2e0154c08) [0x000078e2e0154d00, 0x000078e2e0154f70] 
[2,934s][debug][gc,nmethod     ] GC(1) O: Unregister NMethod: io.sirix.page.delegates.BitmapReferencesPage.index (0x000078e2dfae2788) [0x000078e2dfae2880, 0x000078e2dfae2da0] 
[2,934s][debug][gc,nmethod     ] GC(1) O: Unregister NMethod: java.lang.AbstractStringBuilder.charAt (0x000078e2e00f0b88) [0x000078e2e00f0c80, 0x000078e2e00f1050] 
[2,934s][debug][gc,nmethod     ] GC(1) O: Unregister NMethod: java.util.Spliterator.getExactSizeIfKnown (0x000078e2df7ce888) [0x000078e2df7ce980, 0x000078e2df7ceed0] 
[2,934s][debug][gc,nmethod     ] GC(1) O: Unregister NMethod: jdk.internal.misc.Unsafe.putLongUnaligned (0x000078e2dfa9c588) [0x000078e2dfa9c680, 0x000078e2dfa9c888] 
[2,934s][debug][gc,nmethod     ] GC(1) O: Unregister NMethod: io.sirix.access.trx.node.xml.ForwardingXmlNodeReadOnlyTrx.moveToParent (0x000078e2feda4c88) [0x000078e2feda4d80, 0x000078e2feda5bd0] 
[2,934s][debug][gc,nmethod     ] GC(1) O: Unregister NMethod: com.sun.org.apache.xalan.internal.xsltc.dom.MultiValuedNodeHeapIterator.heapify (0x000078e2e0158108) [0x000078e2e0158200, 0x000078e2e01596c0] 
[2,934s][debug][gc,nmethod     ] GC(1) O: Unregister NMethod: java.util.HashMap.<init> (0x000078e2df43ed08) [0x000078e2df43ee00, 0x000078e2df43efc0] 
[2,934s][debug][gc,nmethod     ] GC(1) O: Unregister NMethod: java.util.LinkedList$ListItr.hasNext (0x000078e2e04c6608) [0x000078e2e04c6700, 0x000078e2e04c6848] 
[2,934s][debug][gc,nmethod     ] GC(1) O: Unregister NMethod: com.sun.org.apache.bcel.internal.Const.getOpcodeName (0x000078e2e0114b08) [0x000078e2e0114c00, 0x000078e2e0114d38] 
[2,934s][debug][gc,nmethod     ] GC(1) O: Unregister NMethod: java.lang.invoke.SegmentVarHandle.checkSegment (0x000078e2df74c788) [0x000078e2df74c880, 0x000078e2df750198] 
[2,934s][debug][gc,nmethod     ] Register NMethod: java.util.ArrayList.getLast (0x000078e2e0729288) [0x000078e2e0729380, 0x000078e2e0729830] Compiler: c1, Barriers: 2, Oops: 0, ImmediateOops: 0, NonImmediateOops: No
[2,934s][debug][gc,nmethod     ] GC(1) O: Unregister NMethod: jdk.internal.classfile.impl.StackMapGenerator$Frame.checkLocal (0x000078e2df571f88) [0x000078e2df572080, 0x000078e2df572cd8] 
[2,934s][debug][gc,nmethod     ] GC(1) O: Unregister NMethod: io.sirix.access.trx.page.NodePageTrx.getPageContainer (0x000078e2dff42a88) [0x000078e2dff42b80, 0x000078e2dff43cc0] 
[2,934s][debug][gc,nmethod     ] GC(1) O: Unregister NMethod: jdk.internal.classfile.impl.AttributeHolder.writeTo (0x000078e2df51a088) [0x000078e2df51a180, 0x000078e2df51a980] 
[2,934s][debug][gc,nmethod     ] GC(1) O: Unregister NMethod: io.sirix.diff.algorithm.fmse.FMSENodeComparisonUtils.getNodeValue (0x000078e2e040d888) [0x000078e2e040d980, 0x000078e2e040e020] 
[2,934s][debug][gc,nmethod     ] GC(1) O: Unregister NMethod: java.lang.Math.multiplyHigh (0x000078e2dfb08188) [0x000078e2dfb08280, 0x000078e2dfb083d8] 
[2,934s][debug][gc,nmethod     ] Register NMethod: io.sirix.access.trx.page.NodePageReadOnlyTrx.getRecordPage (0x000078e2e0729888) [0x000078e2e0729980, 0x000078e2e072ecb0] Compiler: c1, Barriers: 45, Oops: 2, ImmediateOops: 5, NonImmediateOops: No
[2,934s][debug][gc,nmethod     ] GC(1) O: Unregister NMethod: com.sun.org.apache.xerces.internal.parsers.AbstractDOMParser.characters (0x000078e2e0061688) [0x000078e2e0061780, 0x000078e2e00649c8] 
[2,934s][debug][gc,nmethod     ] Register NMethod: io.sirix.axis.filter.FilterAxis.<init> (0x000078e2e072ed08) [0x000078e2e072ee00, 0x000078e2e0731b40] Compiler: c1, Barriers: 24, Oops: 1, ImmediateOops: 3, NonImmediateOops: No
[2,934s][debug][gc,nmethod     ] GC(1) O: Unregister NMethod: java.util.LinkedList.get (0x000078e2e04c5d08) [0x000078e2e04c5e00, 0x000078e2e04c6070] 
[2,934s][debug][gc,nmethod     ] GC(1) O: Unregister NMethod: io.sirix.axis.filter.FilterAxis.<init> (0x000078e2dfbfa708) [0x000078e2dfbfa800, 0x000078e2dfbfd398] 
[2,934s][debug][gc,nmethod     ] GC(1) O: Unregister NMethod: java.util.ArrayList.isEmpty (0x000078e2df518a08) [0x000078e2df518b00, 0x000078e2df518c50] 
[2,934s][debug][gc,nmethod     ] GC(1) O: Unregister NMethod: io.sirix.access.trx.page.NodePageReadOnlyTrx.getCurrentMaxIndirectPageTreeLevel (0x000078e2dff61e08) [0x000078e2dff61f00, 0x000078e2dff696d8] 
[2,934s][debug][gc,nmethod     ] Register NMethod: io.brackit.query.node.d2linked.TextD2Node.getValue (0x000078e2fee0ae08) [0x000078e2fee0af00, 0x000078e2fee0afe8] Compiler: c1, Barriers: 1, Oops: 1, ImmediateOops: 0, NonImmediateOops: No
[2,934s][debug][gc,nmethod     ] GC(1) O: Unregister NMethod: java.util.Arrays.fill (0x000078e2df535488) [0x000078e2df535580, 0x000078e2df535708] 
[2,934s][debug][gc,nmethod     ] GC(1) O: Unregister NMethod: io.sirix.diff.algorithm.fmse.Matching.containedDescendants (0x000078e2e049f208) [0x000078e2e049f300, 0x000078e2e04a0310] 
[2,934s][debug][gc,nmethod     ] GC(1) O: Unregister NMethod: io.sirix.node.xml.ElementNode.getFirstChildKey (0x000078e2dfc71d88) [0x000078e2dfc71e80, 0x000078e2dfc76e70] 
[2,934s][debug][gc,nmethod     ] GC(1) O: Unregister NMethod: io.sirix.access.trx.page.NodePageReadOnlyTrx.getValue (0x000078e2dfad6308) [0x000078e2dfad6400, 0x000078e2dfad7f60] 
[2,934s][debug][gc,nmethod     ] GC(1) O: Unregister NMethod: io.sirix.axis.AbstractAxis.resetToLastKey (0x000078e2dfb3ef88) [0x000078e2dfb3f080, 0x000078e2dfb3f638] 
[2,934s][debug][gc,nmethod     ] GC(1) O: Unregister NMethod: java.lang.invoke.InvokerBytecodeGenerator.emitPushArgument (0x000078e2df69de08) [0x000078e2df69df00, 0x000078e2df6a0ac8] 
[2,934s][debug][gc,nmethod     ] GC(1) O: Unregister NMethod: io.sirix.cache.RecordPageCache$$Lambda/0x0000000092255ae0.weigh (0x000078e2e0430808) [0x000078e2e0430900, 0x000078e2e0430ad8] 
[2,934s][debug][gc,nmethod     ] GC(1) O: Unregister NMethod: java.lang.StringConcatHelper.stringOf (0x000078e2df4ead88) [0x000078e2df4eae80, 0x000078e2df4eb1d8] 
[2,934s][debug][gc,nmethod     ] GC(1) O: Unregister NMethod: io.sirix.page.KeyValueLeafPage.updateLastSlotIndex (0x000078e2fed15488) [0x000078e2fed15580, 0x000078e2fed15710] 
[2,935s][debug][gc,nmethod     ] GC(1) O: Unregister NMethod: java.lang.ref.Cleaner$1.apply (0x000078e2df47c688) [0x000078e2df47c780, 0x000078e2df47cb30] 
[2,935s][debug][gc,nmethod     ] GC(1) O: Unregister NMethod: it.unimi.dsi.fastutil.ints.Int2ObjectOpenHashMap.get (0x000078e2e02ba988) [0x000078e2e02baa80, 0x000078e2e02bb0f0] 
[2,935s][debug][gc,nmethod     ] GC(1) O: Unregister NMethod: io.sirix.node.xml.ElementNode.getKind (0x000078e2dfad8708) [0x000078e2dfad8800, 0x000078e2dfad8908] 
[2,935s][debug][gc,nmethod     ] GC(1) O: Unregister NMethod: io.sirix.page.KeyValueLeafPage$$Lambda/0x00000000922be3b0.apply (0x000078e2e0439408) [0x000078e2e0439500, 0x000078e2e04396d0] 
[2,935s][debug][gc,nmethod     ] GC(1) O: Unregister NMethod: com.sun.org.apache.xerces.internal.dom.NodeImpl.getOwnerDocument (0x000078e2fed36088) [0x000078e2fed36180, 0x000078e2fed363d0] 
[2,935s][debug][gc,nmethod     ] Register NMethod: io.brackit.query.atomic.Una.stringValue (0x000078e2fee0b108) [0x000078e2fee0b200, 0x000078e2fee0b2e8] Compiler: c1, Barriers: 1, Oops: 1, ImmediateOops: 0, NonImmediateOops: No
[2,935s][debug][gc,nmethod     ] GC(1) O: Unregister NMethod: jdk.internal.misc.Unsafe.putLongUnaligned (0x000078e2fecad608) [0x000078e2fecad700, 0x000078e2fecad7c0] 
[2,935s][debug][gc,nmethod     ] GC(1) O: Unregister NMethod: io.sirix.access.trx.page.NodePageTrx.getRecord (0x000078e2dff2c208) [0x000078e2dff2c300, 0x000078e2dff2e2a0] 
[2,935s][debug][gc,nmethod     ] GC(1) O: Unregister NMethod: java.util.HashMap.afterNodeAccess (0x000078e2df8e4a88) [0x000078e2df8e4b80, 0x000078e2df8e4c80] 
[2,935s][debug][gc,nmethod     ] GC(1) O: Unregister NMethod: jdk.internal.misc.ScopedMemoryAccess.getScopedMemoryAccess (0x000078e2dfa90b08) [0x000078e2dfa90c00, 0x000078e2dfa90ce8] 
[2,935s][debug][gc,nmethod     ] GC(1) O: Unregister NMethod: io.sirix.diff.algorithm.fmse.Matching.partner (0x000078e2e049ad08) [0x000078e2e049ae00, 0x000078e2e049afb8] 
[2,935s][debug][gc,nmethod     ] GC(1) O: Unregister NMethod: io.sirix.cache.RecordPageCache$$Lambda/0x00000000922d2500.apply (0x000078e2e044e808) [0x000078e2e044e900, 0x000078e2e044eac8] 
[2,935s][debug][gc,nmethod     ] GC(1) O: Unregister NMethod: java.lang.StringConcatHelper.newArrayWithSuffix (0x000078e2fed26788) [0x000078e2fed26880, 0x000078e2fed26c88] 
[2,935s][debug][gc,nmethod     ] GC(1) O: Unregister NMethod: java.util.concurrent.ConcurrentHashMap$Traverser.advance (0x000078e2df68b208) [0x000078e2df68b300, 0x000078e2df68c3f8] 
[2,935s][debug][gc,nmethod     ] GC(1) O: Unregister NMethod: java.util.concurrent.ConcurrentHashMap.putVal (0x000078e2fecae608) [0x000078e2fecae700, 0x000078e2fecaf768] 
[2,935s][debug][gc,nmethod     ] GC(1) O: Unregister NMethod: jdk.internal.foreign.MemorySessionImpl.checkValidStateRaw (0x000078e2df60d288) [0x000078e2df60d380, 0x000078e2df60d5b0] 
[2,935s][debug][gc,nmethod     ] GC(1) O: Unregister NMethod: java.util.ArrayList.isClear (0x000078e2e045ab08) [0x000078e2e045ac00, 0x000078e2e045ad30] 
[2,935s][debug][gc,nmethod     ] GC(1) O: Unregister NMethod: java.net.URL.set (0x000078e2df5c9688) [0x000078e2df5c9780, 0x000078e2df5cac78] 
[2,935s][debug][gc,nmethod     ] GC(1) O: Unregister NMethod: jdk.internal.foreign.AbstractMemorySegmentImpl.asSliceNoCheck (0x000078e2df525788) [0x000078e2df525880, 0x000078e2df525bc0] 
[2,935s][debug][gc,nmethod     ] GC(1) O: Unregister NMethod: io.brackit.query.atomic.AbstractAtomic.atomicCmp (0x000078e2dfd31108) [0x000078e2dfd31200, 0x000078e2dfd31bb8] 
[2,935s][debug][gc,nmethod     ] GC(1) O: Unregister NMethod: io.sirix.access.trx.node.xml.ForwardingXmlNodeReadOnlyTrx.getPathNodeKey (0x000078e2e0416708) [0x000078e2e0416800, 0x000078e2e04169d0] 
[2,935s][debug][gc,nmethod     ] GC(1) O: Unregister NMethod: jdk.internal.misc.Unsafe.checkNativeAddress (0x000078e2df4da008) [0x000078e2df4da100, 0x000078e2df4da210] 
[2,935s][debug][gc,nmethod     ] GC(1) O: Unregister NMethod: jdk.internal.misc.Unsafe.getReferenceAcquire (0x000078e2df413b08) [0x000078e2df413c00, 0x000078e2df413d30] 
[2,935s][debug][gc,nmethod     ] GC(1) O: Unregister NMethod: org.custommonkey.xmlunit.DifferenceEngine.compare (0x000078e2e025c788) [0x000078e2e025c880, 0x000078e2e025ca40] 
[2,935s][debug][gc,nmethod     ] GC(1) O: Unregister NMethod: java.io.BufferedOutputStream.growIfNeeded (0x000078e2dffffc08) [0x000078e2dffffd00, 0x000078e2e0000028] 
[2,935s][debug][gc,nmethod     ] GC(1) O: Unregister NMethod: io.sirix.access.trx.node.xml.ForwardingXmlNodeReadOnlyTrx.moveTo (0x000078e2dfbdff88) [0x000078e2dfbe0080, 0x000078e2dfbe0680] 
[2,935s][debug][gc,nmethod     ] GC(1) O: Unregister NMethod: com.sun.org.apache.xerces.internal.dom.NodeImpl.getOwnerDocument (0x000078e2e01f5f88) [0x000078e2e01f6080, 0x000078e2e01f68c8] 
[2,935s][debug][gc,nmethod     ] GC(1) O: Unregister NMethod: io.sirix.axis.AbstractAxis.tryToComputeNext (0x000078e2fed95388) [0x000078e2fed95480, 0x000078e2fed95988] 
[2,935s][debug][gc,nmethod     ] GC(1) O: Unregister NMethod: io.sirix.cache.RecordPageCache.lambda$pinAndUpdateWeight$0 (0x000078e2e044eb08) [0x000078e2e044ec00, 0x000078e2e044edd0] 
[2,935s][debug][gc,nmethod     ] GC(1) O: Unregister NMethod: com.sun.org.apache.xml.internal.serializer.NamespaceMappings.pushNamespace (0x000078e2e015b888) [0x000078e2e015b980, 0x000078e2e015ec60] 
[2,935s][debug][gc,nmethod     ] GC(1) O: Unregister NMethod: java.lang.invoke.MethodType.hashCode (0x000078e2df41be08) [0x000078e2df41bf00, 0x000078e2df41c580] 
[2,935s][debug][gc,nmethod     ] GC(1) O: Unregister NMethod: ch.qos.logback.core.joran.spi.ElementPath.size (0x000078e2dfa16108) [0x000078e2dfa16200, 0x000078e2dfa16360] 
[2,935s][debug][gc,nmethod     ] GC(1) O: Unregister NMethod: io.sirix.access.trx.node.xml.ForwardingXmlNodeReadOnlyTrx.getAttributeCount (0x000078e2e03d2288) [0x000078e2e03d2380, 0x000078e2e03d2960] 
[2,935s][debug][gc,nmethod     ] Register NMethod: io.sirix.index.path.summary.PathNode.decrementReferenceCount (0x000078e2e0731b88) [0x000078e2e0731c80, 0x000078e2e0731e48] Compiler: c1, Barriers: 0, Oops: 1, ImmediateOops: 0, NonImmediateOops: No
[2,935s][debug][gc,nmethod     ] GC(1) O: Unregister NMethod: io.sirix.access.trx.node.AbstractNodeReadOnlyTrx.moveTo (0x000078e2dfaf8d08) [0x000078e2dfaf8e00, 0x000078e2dfafa978] 
[2,935s][debug][gc,nmethod     ] GC(1) O: Unregister NMethod: java.io.UnixFileSystem.resolve (0x000078e2df6f1c08) [0x000078e2df6f1d00, 0x000078e2df6f5190] 
[2,935s][debug][gc,nmethod     ] GC(1) O: Unregister NMethod: io.sirix.access.trx.page.NodePageReadOnlyTrx.getInMemoryPageInstance (0x000078e2e043fe88) [0x000078e2e043ff80, 0x000078e2e0440450] 
[2,935s][debug][gc,nmethod     ] GC(1) O: Unregister NMethod: jdk.internal.classfile.impl.SplitConstantPool.utf8Entry (0x000078e2df4e8b88) [0x000078e2df4e8c80, 0x000078e2df4e8f78] 
[2,935s][debug][gc,nmethod     ] Register NMethod: java.util.concurrent.ConcurrentHashMap$ValueSpliterator.<init> (0x000078e2e0731e88) [0x000078e2e0731f80, 0x000078e2e07320b8] Compiler: c1, Barriers: 0, Oops: 0, ImmediateOops: 0, NonImmediateOops: No
[2,935s][debug][gc,nmethod     ] GC(1) O: Unregister NMethod: jdk.internal.classfile.impl.Util.parameterSlots (0x000078e2feca8e08) [0x000078e2feca8f00, 0x000078e2feca9108] 
[2,935s][debug][gc,nmethod     ] GC(1) O: Unregister NMethod: io.sirix.node.xml.AttributeNode.getKind (0x000078e2dfb03b08) [0x000078e2dfb03c00, 0x000078e2dfb03d08] 
[2,935s][debug][gc,nmethod     ] Register NMethod: java.util.concurrent.ConcurrentHashMap$ValuesView.spliterator (0x000078e2e0732188) [0x000078e2e0732280, 0x000078e2e07324e8] Compiler: c1, Barriers: 2, Oops: 0, ImmediateOops: 0, NonImmediateOops: No
[2,935s][debug][gc,nmethod     ] GC(1) O: Unregister NMethod: java.util.HashSet.add (0x000078e2df433e88) [0x000078e2df433f80, 0x000078e2df434310] 
[2,935s][debug][gc,nmethod     ] Register NMethod: io.sirix.access.trx.node.AbstractResourceSession$$Lambda/0x00000000923ad280.<init> (0x000078e2e0732508) [0x000078e2e0732600, 0x000078e2e0732770] Compiler: c1, Barriers: 3, Oops: 1, ImmediateOops: 0, NonImmediateOops: No
[2,935s][debug][gc,nmethod     ] GC(1) O: Unregister NMethod: jdk.internal.classfile.impl.AbstractPoolEntry$AbstractRefsEntry.writeTo (0x000078e2df506c08) [0x000078e2df506d00, 0x000078e2df5076a0] 
[2,935s][debug][gc,nmethod     ] Register NMethod: io.sirix.access.trx.node.AbstractResourceSession$$Lambda/0x00000000923ad4e0.apply (0x000078e2e0732808) [0x000078e2e0732900, 0x000078e2e0732a90] Compiler: c1, Barriers: 0, Oops: 1, ImmediateOops: 0, NonImmediateOops: No
[2,935s][debug][gc,nmethod     ] GC(1) O: Unregister NMethod: sun.reflect.generics.parser.SignatureParser.parseClassTypeSignature (0x000078e2df7fe288) [0x000078e2df7fe380, 0x000078e2df800230] 
[2,935s][debug][gc,nmethod     ] Register NMethod: io.sirix.access.trx.node.AbstractResourceSession.lambda$getNodeTrx$1 (0x000078e2e0732b08) [0x000078e2e0732c00, 0x000078e2e0732d28] Compiler: c1, Barriers: 0, Oops: 1, ImmediateOops: 0, NonImmediateOops: No
[2,936s][debug][gc,nmethod     ] GC(1) O: Unregister NMethod: java.lang.invoke.VarHandleByteArrayAsInts$ArrayHandle.get (0x000078e2df58d388) [0x000078e2df58d480, 0x000078e2df58dc30] 
[2,936s][debug][gc,nmethod     ] GC(1) O: Unregister NMethod: java.lang.Long.equals (0x000078e2e03d5508) [0x000078e2e03d5600, 0x000078e2e03d5d90] 
[2,936s][debug][gc,nmethod     ] GC(1) O: Unregister NMethod: com.sun.org.apache.xerces.internal.util.NamespaceSupport.popContext (0x000078e2dfd37588) [0x000078e2dfd37680, 0x000078e2dfd377e8] 
[2,936s][debug][gc,nmethod     ] GC(1) O: Unregister NMethod: java.util.HashMap.put (0x000078e2df793588) [0x000078e2df793680, 0x000078e2df793c68] 
[2,936s][debug][gc,nmethod     ] GC(1) O: Unregister NMethod: io.sirix.diff.algorithm.fmse.InnerNodeComparator.isEqual (0x000078e2e04a0388) [0x000078e2e04a04a0, 0x000078e2e04a17f0] 
[2,936s][debug][gc,nmethod     ] GC(1) O: Unregister NMethod: io.sirix.diff.algorithm.fmse.LabelFMSEVisitor.addLeafLabel (0x000078e2e0406588) [0x000078e2e0406680, 0x000078e2e0406b30] 
[2,936s][debug][gc,nmethod     ] GC(1) O: Unregister NMethod: jdk.internal.classfile.impl.BufWriterImpl.writeU1 (0x000078e2df4f7908) [0x000078e2df4f7a00, 0x000078e2df4f7e48] 
[2,936s][debug][gc,nmethod     ] Register NMethod: io.sirix.node.immutable.xml.ImmutableText.of (0x000078e2e0732e08) [0x000078e2e0732f00, 0x000078e2e07332a8] Compiler: c1, Barriers: 3, Oops: 1, ImmediateOops: 0, NonImmediateOops: No
[2,936s][debug][gc,nmethod     ] GC(1) O: Unregister NMethod: java.lang.invoke.VarHandleGuards.guard_LJI_V (0x000078e2dfa7c308) [0x000078e2dfa7c400, 0x000078e2dfa81008] 
[2,936s][debug][gc,nmethod     ] GC(1) O: Unregister NMethod: io.sirix.axis.DescendantAxis.hasNextNode (0x000078e2e049c288) [0x000078e2e049c380, 0x000078e2e049c5c0] 
[2,936s][debug][gc,nmethod     ] Register NMethod: io.sirix.access.trx.node.AbstractResourceSession.getNodeTrx (0x000078e2e0733308) [0x000078e2e0733400, 0x000078e2e07339e8] Compiler: c1, Barriers: 4, Oops: 3, ImmediateOops: 6, NonImmediateOops: No
[2,936s][debug][gc,nmethod     ] GC(1) O: Unregister NMethod: io.sirix.diff.algorithm.fmse.InnerNodeComparator.isEqual (0x000078e2e049c608) [0x000078e2e049c700, 0x000078e2e049c878] 
[2,936s][debug][gc,nmethod     ] GC(1) O: Unregister NMethod: org.custommonkey.xmlunit.XpathNodeTracker.toXpathString (0x000078e2e025b088) [0x000078e2e025b180, 0x000078e2e025c060] 
[2,936s][debug][gc,nmethod     ] GC(1) O: Unregister NMethod: java.lang.AbstractStringBuilder.append (0x000078e2e0119f88) [0x000078e2e011a080, 0x000078e2e011acd0] 
[2,936s][debug][gc,nmethod     ] GC(1) O: Unregister NMethod: java.util.Arrays.equals (0x000078e2df597a08) [0x000078e2df597b00, 0x000078e2df5981d0] 
[2,936s][debug][gc,nmethod     ] Register NMethod: io.sirix.index.path.summary.PathSummaryWriter.remove (0x000078e2e0733a08) [0x000078e2e0733b00, 0x000078e2e0734278] Compiler: c1, Barriers: 8, Oops: 1, ImmediateOops: 3, NonImmediateOops: No
[2,936s][debug][gc,nmethod     ] GC(1) O: Unregister NMethod: io.sirix.node.MemorySegmentBytesOut.writeLong (0x000078e2fece2408) [0x000078e2fece2500, 0x000078e2fece2820] 
[2,936s][debug][gc,nmethod     ] GC(1) O: Unregister NMethod: java.util.AbstractCollection.<init> (0x000078e2df407288) [0x000078e2df407380, 0x000078e2df4074d8] 
[2,936s][debug][gc,nmethod     ] GC(1) O: Unregister NMethod: java.lang.AbstractStringBuilder.newCapacity (0x000078e2df480708) [0x000078e2df480800, 0x000078e2df480b98] 
[2,936s][debug][gc,nmethod     ] GC(1) O: Unregister NMethod: io.sirix.access.trx.page.NodePageTrx.getPageContainer (0x000078e2dfafb008) [0x000078e2dfafb100, 0x000078e2dfafc240] 
[2,936s][debug][gc,nmethod     ] GC(1) O: Unregister NMethod: io.sirix.diff.algorithm.fmse.ConnectionMap.set (0x000078e2e044f788) [0x000078e2e044f880, 0x000078e2e044fd30] 
[2,936s][debug][gc,nmethod     ] GC(1) O: Unregister NMethod: io.sirix.access.trx.page.NodePageTrx.getMostRecentPageContainer (0x000078e2dfd45988) [0x000078e2dfd45a80, 0x000078e2dfd460b0] 
[2,936s][debug][gc,nmethod     ] GC(1) O: Unregister NMethod: com.github.benmanes.caffeine.cache.BoundedLocalCache.afterWrite (0x000078e2e03f9508) [0x000078e2e03f9600, 0x000078e2e03f9d80] 
[2,936s][debug][gc,nmethod     ] GC(1) O: Unregister NMethod: java.util.HashMap.putVal (0x000078e2e0450a88) [0x000078e2e0450b80, 0x000078e2e0452f10] 
[2,936s][debug][gc,nmethod     ] GC(1) O: Unregister NMethod: com.sun.org.apache.xerces.internal.dom.NodeImpl.getOwnerDocument (0x000078e2e0077408) [0x000078e2e0077500, 0x000078e2e0077d48] 
[2,936s][debug][gc,nmethod     ] GC(1) O: Unregister NMethod: java.util.stream.StreamSupport.stream (0x000078e2df7c6e88) [0x000078e2df7c6f80, 0x000078e2df7c7370] 
[2,936s][debug][gc,nmethod     ] GC(1) O: Unregister NMethod: jdk.internal.util.ArraysSupport.mismatch (0x000078e2df7bd508) [0x000078e2df7bd600, 0x000078e2df7bd9b8] 
[2,936s][debug][gc,nmethod     ] GC(1) O: Unregister NMethod: java.lang.invoke.DirectMethodHandle.allocateInstance (0x000078e2df5c0d08) [0x000078e2df5c0e00, 0x000078e2df5c1320] 
[2,937s][debug][gc,nmethod     ] GC(1) O: Unregister NMethod: jdk.internal.misc.Unsafe.putLongRelease (0x000078e2e035cd88) [0x000078e2e035ce80, 0x000078e2e035cf98] 
[2,937s][debug][gc,nmethod     ] GC(1) O: Unregister NMethod: io.sirix.diff.algorithm.fmse.FMSENodeComparisonUtils.getNodeValue (0x000078e2e0414108) [0x000078e2e0414200, 0x000078e2e04166c8] 
[2,937s][debug][gc,nmethod     ] GC(1) O: Unregister NMethod: java.lang.StringConcatHelper.stringOf (0x000078e2fed25888) [0x000078e2fed25980, 0x000078e2fed25a40] 
[2,937s][debug][gc,nmethod     ] GC(1) O: Unregister NMethod: io.sirix.page.KeyValueLeafPage.getDeweyId (0x000078e2dfa89388) [0x000078e2dfa89480, 0x000078e2dfa8ec48] 
[2,937s][debug][gc,nmethod     ] GC(1) O: Unregister NMethod: io.sirix.node.xml.TextNode.getRawValue (0x000078e2dfd94388) [0x000078e2dfd94480, 0x000078e2dfd94798] 
[2,937s][debug][gc,nmethod     ] GC(1) O: Unregister NMethod: jdk.internal.loader.URLClassPath.getResource (0x000078e2df5a9488) [0x000078e2df5a9580, 0x000078e2df5a99e8] 
[2,937s][debug][gc,nmethod     ] GC(1) O: Unregister NMethod: java.lang.StringBuilder.append (0x000078e2e0117408) [0x000078e2e0117500, 0x000078e2e0117648] 
[2,937s][debug][gc,nmethod     ] Register NMethod: io.sirix.access.trx.node.xml.XmlNodeTrxImpl.removeNonStructural (0x000078e2e0734288) [0x000078e2e0734380, 0x000078e2e0734ff8] Compiler: c1, Barriers: 14, Oops: 1, ImmediateOops: 4, NonImmediateOops: No
[2,937s][debug][gc,nmethod     ] GC(1) O: Unregister NMethod: com.sun.org.apache.xerces.internal.dom.AttrImpl.getNodeName (0x000078e2e0075e08) [0x000078e2e0075f00, 0x000078e2e00764d0] 
[2,937s][debug][gc,nmethod     ] GC(1) O: Unregister NMethod: jdk.internal.classfile.impl.StackMapGenerator$Frame.pushStack (0x000078e2df56d808) [0x000078e2df56d900, 0x000078e2df56dd60] 
[2,937s][debug][gc,nmethod     ] GC(1) O: Unregister NMethod: com.sun.org.apache.bcel.internal.generic.InstructionHandle.setPrev (0x000078e2e011d608) [0x000078e2e011d700, 0x000078e2e011d878] 
[2,937s][debug][gc,nmethod     ] GC(1) O: Unregister NMethod: jdk.internal.classfile.impl.SplitConstantPool.classEntry (0x000078e2df510408) [0x000078e2df510500, 0x000078e2df5121b8] 
[2,937s][debug][gc,nmethod     ] GC(1) O: Unregister NMethod: io.sirix.page.KeyValueLeafPage.incrementPinCount (0x000078e2e0437f88) [0x000078e2e0438080, 0x000078e2e0438670] 
[2,937s][debug][gc,nmethod     ] GC(1) O: Unregister NMethod: io.sirix.page.KeyValueLeafPage.getDeweyId (0x000078e2fecce788) [0x000078e2fecce880, 0x000078e2fecce9b8] 
[2,937s][debug][gc,nmethod     ] GC(1) O: Unregister NMethod: java.util.WeakHashMap.expungeStaleEntries (0x000078e2df48d308) [0x000078e2df48d400, 0x000078e2df48e198] 
[2,937s][debug][gc,nmethod     ] GC(1) O: Unregister NMethod: com.sun.org.apache.xerces.internal.util.XMLAttributesImpl.isSpecified (0x000078e2dfc9f308) [0x000078e2dfc9f400, 0x000078e2dfc9f598] 
[2,937s][debug][gc,nmethod     ] GC(1) O: Unregister NMethod: io.sirix.access.trx.page.NodePageReadOnlyTrx.getRecordPage (0x000078e2dff6a908) [0x000078e2dff6aa00, 0x000078e2dff6fd50] 
[2,937s][debug][gc,nmethod     ] GC(1) O: Unregister NMethod: io.sirix.access.trx.page.NodePageReadOnlyTrx.assertNotClosed (0x000078e2dfa90788) [0x000078e2dfa90880, 0x000078e2dfa90a98] 
[2,937s][debug][gc,nmethod     ] GC(1) O: Unregister NMethod: java.lang.CharacterDataLatin1.equalsIgnoreCase (0x000078e2fec96d08) [0x000078e2fec96e00, 0x000078e2fec96f10] 
[2,937s][debug][gc,nmethod     ] GC(1) O: Unregister NMethod: io.sirix.axis.AbstractAxis.resetToLastKey (0x000078e2fed24488) [0x000078e2fed24580, 0x000078e2fed24910] 
[2,937s][debug][gc,nmethod     ] GC(1) O: Unregister NMethod: jdk.xml.internal.XMLSecurityManager$Limit.is (0x000078e2dfa93788) [0x000078e2dfa93880, 0x000078e2dfa93e90] 
[2,937s][debug][gc,nmethod     ] GC(1) O: Unregister NMethod: java.lang.invoke.VarHandleGuards.guard_LJ_J (0x000078e2dfaab808) [0x000078e2dfaab900, 0x000078e2dfaae7c0] 
[2,937s][debug][gc,nmethod     ] GC(1) O: Unregister NMethod: com.github.benmanes.caffeine.cache.BoundedLocalCache$EntryIterator.next (0x000078e2e052a308) [0x000078e2e052a400, 0x000078e2e052a518] 
[2,937s][debug][gc,nmethod     ] GC(1) O: Unregister NMethod: com.github.benmanes.caffeine.cache.BoundedLocalCache.getIfPresent (0x000078e2e0435888) [0x000078e2e0435980, 0x000078e2e0436628] 
[2,937s][debug][gc,nmethod     ] GC(1) O: Unregister NMethod: io.sirix.page.RevisionRootPage.incrementAndGetMaxNodeKeyInDocumentIndex (0x000078e2dfbcff88) [0x000078e2dfbd0080, 0x000078e2dfbd0190] 
[2,937s][debug][gc,nmethod     ] GC(1) O: Unregister NMethod: io.sirix.access.trx.page.NodePageReadOnlyTrx.getRecord (0x000078e2dff60288) [0x000078e2dff60380, 0x000078e2dff61db8] 
[2,937s][debug][gc,nmethod     ] GC(1) O: Unregister NMethod: java.lang.Class.descriptorString (0x000078e2df4fe288) [0x000078e2df4fe380, 0x000078e2df505f10] 
[2,937s][debug][gc,nmethod     ] GC(1) O: Unregister NMethod: io.sirix.access.trx.page.NodePageReadOnlyTrx.getCurrentMaxIndirectPageTreeLevel (0x000078e2e02f1588) [0x000078e2e02f1680, 0x000078e2e02f9470] 
[2,937s][debug][gc,nmethod     ] GC(1) O: Unregister NMethod: java.lang.invoke.VarHandleReferences$FieldInstanceReadWrite.set (0x000078e2df41c888) [0x000078e2df41c980, 0x000078e2df41d9a8] 
[2,937s][debug][gc,nmethod     ] GC(1) O: Unregister NMethod: io.sirix.access.trx.node.AbstractNodeReadOnlyTrx.moveTo (0x000078e2e04c2708) [0x000078e2e04c2800, 0x000078e2e04c4368] 
[2,937s][debug][gc,nmethod     ] GC(1) O: Unregister NMethod: java.lang.classfile.CodeBuilder.loadConstant (0x000078e2df43f008) [0x000078e2df43f100, 0x000078e2df4420c8] 
[2,937s][debug][gc,nmethod     ] GC(1) O: Unregister NMethod: jdk.internal.foreign.Utils$BaseAndScale.of (0x000078e2dfaf4d08) [0x000078e2dfaf4e00, 0x000078e2dfaf6418] 
[2,937s][debug][gc,nmethod     ] GC(1) O: Unregister NMethod: java.util.ArrayList.<init> (0x000078e2df5a4f08) [0x000078e2df5a5000, 0x000078e2df5a52a0] 
[2,937s][debug][gc,nmethod     ] GC(1) O: Unregister NMethod: jdk.internal.constant.ClassOrInterfaceDescImpl.ofValidated (0x000078e2df4e8788) [0x000078e2df4e8880, 0x000078e2df4e8b08] 
[2,937s][debug][gc,nmethod     ] GC(1) O: Unregister NMethod: java.lang.invoke.MethodTypeForm.canonicalize (0x000078e2df44dc88) [0x000078e2df44dd80, 0x000078e2df44e9d8] 
[2,937s][debug][gc,nmethod     ] GC(1) O: Unregister NMethod: com.sun.org.apache.xerces.internal.impl.XMLEntityScanner.skipSpaces (0x000078e2fed3f708) [0x000078e2fed3f800, 0x000078e2fed3fd90] 
[2,937s][debug][gc,nmethod     ] GC(1) O: Unregister NMethod: java.util.ArrayList$Itr.next (0x000078e2dfa10308) [0x000078e2dfa10400, 0x000078e2dfa10780] 
[2,937s][debug][gc,nmethod     ] GC(1) O: Unregister NMethod: it.unimi.dsi.fastutil.shorts.ShortArrayList$1.nextShort (0x000078e2dff36c08) [0x000078e2dff36d00, 0x000078e2dff37070] 
[2,938s][debug][gc,nmethod     ] GC(1) O: Unregister NMethod: java.util.regex.Pattern$Slice.match (0x000078e2fec85d08) [0x000078e2fec85e00, 0x000078e2fec86208] 
[2,938s][debug][gc,nmethod     ] GC(1) O: Unregister NMethod: java.lang.Long.hashCode (0x000078e2df51fa88) [0x000078e2df51fb80, 0x000078e2df51fc70] 
[2,938s][debug][gc,nmethod     ] Register NMethod: jdk.internal.loader.URLClassPath.getLoader (0x000078e2e0735008) [0x000078e2e0735100, 0x000078e2e0735e18] Compiler: c1, Barriers: 12, Oops: 0, ImmediateOops: 0, NonImmediateOops: No
[2,938s][debug][gc,nmethod     ] GC(1) O: Unregister NMethod: java.util.stream.ReduceOps$3ReducingSink.accept (0x000078e2df9c2988) [0x000078e2df9c2a80, 0x000078e2df9c2df8] 
[2,938s][debug][gc,nmethod     ] GC(1) O: Unregister NMethod: com.sun.org.apache.xalan.internal.xsltc.dom.CurrentNodeListIterator.next (0x000078e2e016ae88) [0x000078e2e016af80, 0x000078e2e016ba00] 
[2,938s][debug][gc,nmethod     ] GC(1) O: Unregister NMethod: com.sun.org.apache.xerces.internal.impl.XMLEntityScanner.skipSpaces (0x000078e2dfb3cc88) [0x000078e2dfb3cd80, 0x000078e2dfb3e020] 
[2,938s][debug][gc,nmethod     ] GC(1) O: Unregister NMethod: io.sirix.page.IndirectPage.getOrCreateReference (0x000078e2e03d3408) [0x000078e2e03d3500, 0x000078e2e03d4a30] 
[2,938s][debug][gc,nmethod     ] GC(1) O: Unregister NMethod: io.sirix.axis.AbstractAxis.nextLong (0x000078e2e0009d88) [0x000078e2e0009e80, 0x000078e2e000a910] 
[2,938s][debug][gc,nmethod     ] GC(1) O: Unregister NMethod: jdk.internal.foreign.HeapMemorySegmentImpl$OfByte.unsafeGetOffset (0x000078e2dfdbca08) [0x000078e2dfdbcb00, 0x000078e2dfdbcc18] 
[2,938s][debug][gc,nmethod     ] GC(1) O: Unregister NMethod: io.sirix.access.trx.node.xml.ForwardingXmlNodeReadOnlyTrx.getNamespaceCount (0x000078e2fedc9f08) [0x000078e2fedca000, 0x000078e2fedca240] 
[2,938s][debug][gc,nmethod     ] GC(1) O: Unregister NMethod: com.github.benmanes.caffeine.cache.BLCHeader$DrainStatusRef.shouldDrainBuffers (0x000078e2e03e8608) [0x000078e2e03e8700, 0x000078e2e03e8ae0] 
[2,938s][debug][gc,nmethod     ] GC(1) O: Unregister NMethod: io.sirix.diff.algorithm.fmse.FMSENodeComparisonUtils.nodeValuesEqual (0x000078e2e0410608) [0x000078e2e0410700, 0x000078e2e0410c00] 
[2,938s][debug][gc,nmethod     ] GC(1) O: Unregister NMethod: java.util.concurrent.ConcurrentHashMap.entrySet (0x000078e2e040ac08) [0x000078e2e040ad00, 0x000078e2e040af98] 
[2,938s][debug][gc,nmethod     ] GC(1) O: Unregister NMethod: io.sirix.node.xml.AttributeNode.getParentKey (0x000078e2dfb1ae88) [0x000078e2dfb1af80, 0x000078e2dfb1ff68] 
[2,938s][debug][gc,nmethod     ] GC(1) O: Unregister NMethod: java.util.zip.ZipFile$Source.initCEN (0x000078e2df53b508) [0x000078e2df53b600, 0x000078e2df53f188] 
[2,938s][debug][gc,nmethod     ] GC(1) O: Unregister NMethod: java.util.stream.Collectors.toMap (0x000078e2e0433908) [0x000078e2e0433a00, 0x000078e2e0433cd8] 
[2,938s][debug][gc,nmethod     ] GC(1) O: Unregister NMethod: io.sirix.access.trx.page.NodePageTrx$$Lambda/0x000000009228fd10.apply (0x000078e2dff53708) [0x000078e2dff53800, 0x000078e2dff53bc8] 
[2,938s][debug][gc,nmethod     ] GC(1) O: Unregister NMethod: io.sirix.access.trx.node.AbstractNodeReadOnlyTrx.getNodeKey (0x000078e2dfc8e108) [0x000078e2dfc8e200, 0x000078e2dfc8e868] 
[2,938s][debug][gc,nmethod     ] GC(1) O: Unregister NMethod: jdk.internal.foreign.NativeMemorySegmentImpl.dup (0x000078e2df43e608) [0x000078e2df43e700, 0x000078e2df43ecf8] 
[2,938s][debug][gc,nmethod     ] GC(1) O: Unregister NMethod: jdk.xml.internal.XMLSecurityManager.isOverLimit (0x000078e2fed1e688) [0x000078e2fed1e780, 0x000078e2fed1e9e8] 
[2,938s][debug][gc,nmethod     ] GC(1) O: Unregister NMethod: jdk.internal.foreign.AbstractMemorySegmentImpl.checkBounds (0x000078e2fecb9088) [0x000078e2fecb9180, 0x000078e2fecb9278] 
[2,938s][debug][gc,nmethod     ] GC(1) O: Unregister NMethod: java.lang.String.<init> (0x000078e2fec82908) [0x000078e2fec82a00, 0x000078e2fec82e38] 
[2,938s][debug][gc,nmethod     ] GC(1) O: Unregister NMethod: com.sun.org.apache.xerces.internal.parsers.AbstractDOMParser.endElement (0x000078e2e0064a08) [0x000078e2e0064b00, 0x000078e2e0069878] 
[2,938s][debug][gc,nmethod     ] GC(1) O: Unregister NMethod: com.sun.org.apache.xml.internal.utils.SuballocatedIntVector.addElement (0x000078e2e0126288) [0x000078e2e0126380, 0x000078e2e0126c58] 
[2,938s][debug][gc,nmethod     ] GC(1) O: Unregister NMethod: io.sirix.diff.algorithm.fmse.Matching.partner (0x000078e2e049db88) [0x000078e2e049dc80, 0x000078e2e049e208] 
[2,938s][debug][gc,nmethod     ] GC(1) O: Unregister NMethod: java.io.FilterOutputStream.write (0x000078e2dffff788) [0x000078e2dffff880, 0x000078e2dffffb90] 
[2,938s][debug][gc,nmethod     ] GC(1) O: Unregister NMethod: io.sirix.node.GrowingMemorySegment.writeLong (0x000078e2dfda5c08) [0x000078e2dfda5d00, 0x000078e2dfda6438] 
[2,938s][debug][gc,nmethod     ] GC(1) O: Unregister NMethod: java.lang.String.regionMatches (0x000078e2fec97788) [0x000078e2fec97880, 0x000078e2fec97bc8] 
[2,938s][debug][gc,nmethod     ] GC(1) O: Unregister NMethod: io.sirix.axis.AbstractAxis.hasNext (0x000078e2fecf5688) [0x000078e2fecf5780, 0x000078e2fecf5b40] 
[2,938s][debug][gc,nmethod     ] GC(1) O: Unregister NMethod: io.sirix.node.xml.ElementNode.hasFirstChild (0x000078e2e000d888) [0x000078e2e000d980, 0x000078e2e0012db8] 
[2,938s][debug][gc,nmethod     ] GC(1) O: Unregister NMethod: java.util.concurrent.atomic.AtomicLong.compareAndSet (0x000078e2dfb4d588) [0x000078e2dfb4d680, 0x000078e2dfb4d7a0] 
[2,938s][debug][gc,nmethod     ] GC(1) O: Unregister NMethod: io.sirix.access.trx.page.NodePageTrx.prepareRecordForModification (0x000078e2dfaf6488) [0x000078e2dfaf6580, 0x000078e2dfaf8408] 
[2,938s][debug][gc,nmethod     ] GC(1) O: Unregister NMethod: java.util.BitSet.flip (0x000078e2dfaebd08) [0x000078e2dfaebe00, 0x000078e2dfaec408] 
[2,938s][debug][gc,nmethod     ] GC(1) O: Unregister NMethod: java.lang.invoke.MethodType.makeImpl (0x000078e2df45ac88) [0x000078e2df45ad80, 0x000078e2df45d530] 
[2,938s][debug][gc,nmethod     ] GC(1) O: Unregister NMethod: io.sirix.index.path.summary.PathSummaryReader.moveTo (0x000078e2dfb05d08) [0x000078e2dfb05e00, 0x000078e2dfb06b08] 
[2,938s][debug][gc,nmethod     ] GC(1) O: Unregister NMethod: java.util.HashMap.hash (0x000078e2fec13d08) [0x000078e2fec13e00, 0x000078e2fec13ff0] 
[2,938s][debug][gc,nmethod     ] GC(1) O: Unregister NMethod: java.lang.ClassLoader.checkName (0x000078e2df481708) [0x000078e2df481800, 0x000078e2df482548] 
[2,939s][debug][gc,nmethod     ] GC(1) O: Unregister NMethod: java.lang.invoke.VarHandleSegmentAsLongs.get (0x000078e2dfab5508) [0x000078e2dfab5600, 0x000078e2dfabaaa0] 
[2,939s][debug][gc,nmethod     ] GC(1) O: Unregister NMethod: io.sirix.index.name.Names.getName (0x000078e2e02b9e88) [0x000078e2e02b9f80, 0x000078e2e02ba5c0] 
[2,939s][debug][gc,nmethod     ] GC(1) O: Unregister NMethod: jdk.internal.classfile.impl.AbstractPoolEntry$ClassEntryImpl.hashCode (0x000078e2df4f3d88) [0x000078e2df4f3e80, 0x000078e2df4f4d78] 
[2,939s][debug][gc,nmethod     ] GC(1) O: Unregister NMethod: io.sirix.diff.algorithm.fmse.ConnectionMap.get (0x000078e2e049b008) [0x000078e2e049b100, 0x000078e2e049b3d8] 
[2,939s][debug][gc,nmethod     ] GC(1) O: Unregister NMethod: io.sirix.axis.DescendantAxis.reset (0x000078e2e049ce88) [0x000078e2e049cf80, 0x000078e2e049d258] 
[2,939s][debug][gc,nmethod     ] GC(1) O: Unregister NMethod: java.io.UnixFileSystem.normalize (0x000078e2fecaa808) [0x000078e2fecaa900, 0x000078e2fecaaae8] 
[2,939s][debug][gc,nmethod     ] GC(1) O: Unregister NMethod: java.util.concurrent.locks.AbstractQueuedSynchronizer.compareAndSetState (0x000078e2df9ada08) [0x000078e2df9adb00, 0x000078e2df9adc18] 
[2,939s][debug][gc,nmethod     ] GC(1) O: Unregister NMethod: java.util.Objects.checkFromIndexSize (0x000078e2df47b308) [0x000078e2df47b400, 0x000078e2df47b5f8] 
[2,939s][debug][gc,nmethod     ] GC(1) O: Unregister NMethod: io.brackit.query.util.path.Path.matches (0x000078e2e045e608) [0x000078e2e045e700, 0x000078e2e0462308] 
[2,939s][debug][gc,nmethod     ] GC(1) O: Unregister NMethod: com.sun.org.apache.xerces.internal.dom.NodeImpl.hasStringValue (0x000078e2e0077d88) [0x000078e2e0077e80, 0x000078e2e0077fd8] 
[2,939s][debug][gc,nmethod     ] GC(1) O: Unregister NMethod: java.util.BitSet.recalculateWordsInUse (0x000078e2dfa98988) [0x000078e2dfa98a80, 0x000078e2dfa98cc0] 
[2,939s][debug][gc,nmethod     ] GC(1) O: Unregister NMethod: java.lang.invoke.DirectMethodHandle.internalMemberName (0x000078e2df697988) [0x000078e2df697a80, 0x000078e2df697da0] 
[2,939s][debug][gc,nmethod     ] GC(1) O: Unregister NMethod: io.sirix.access.trx.node.AbstractNodeReadOnlyTrx.assertNotClosed (0x000078e2dfa9d908) [0x000078e2dfa9da00, 0x000078e2dfa9dc08] 
[2,939s][debug][gc,nmethod     ] GC(1) O: Unregister NMethod: java.lang.AbstractStringBuilder.append (0x000078e2df636b08) [0x000078e2df636c00, 0x000078e2df636fd8] 
[2,939s][debug][gc,nmethod     ] GC(1) O: Unregister NMethod: io.sirix.access.trx.page.NodePageReadOnlyTrx.unpinRecordPage (0x000078e2e0438988) [0x000078e2e0438a80, 0x000078e2e04393a0] 
[2,939s][debug][gc,nmethod     ] GC(1) O: Unregister NMethod: io.brackit.query.util.path.Path.matches (0x000078e2e0419708) [0x000078e2e0419800, 0x000078e2e041af38] 
[2,939s][debug][gc,nmethod     ] GC(1) O: Unregister NMethod: jdk.internal.misc.Unsafe.getIntUnaligned (0x000078e2df588b88) [0x000078e2df588c80, 0x000078e2df588ec8] 
[2,939s][debug][gc,nmethod     ] GC(1) O: Unregister NMethod: java.util.ArrayList.<init> (0x000078e2df91ce88) [0x000078e2df91cf80, 0x000078e2df91d850] 
[2,939s][debug][gc,nmethod     ] GC(1) O: Unregister NMethod: java.lang.invoke.DirectMethodHandle.constructorMethod (0x000078e2df5c0888) [0x000078e2df5c0980, 0x000078e2df5c0ca0] 
[2,939s][debug][gc,nmethod     ] GC(1) O: Unregister NMethod: java.lang.reflect.Method.getParameterTypes (0x000078e2df7d6f08) [0x000078e2df7d7000, 0x000078e2df7d7578] 
[2,939s][debug][gc,nmethod     ] GC(1) O: Unregister NMethod: java.lang.invoke.VarHandleReferences$FieldInstanceReadWrite.compareAndSet (0x000078e2df880588) [0x000078e2df880680, 0x000078e2df881c38] 
[2,939s][debug][gc,nmethod     ] GC(1) O: Unregister NMethod: it.unimi.dsi.fastutil.shorts.ShortArrayList$1.<init> (0x000078e2dff47588) [0x000078e2dff47680, 0x000078e2dff47860] 
[2,939s][debug][gc,nmethod     ] GC(1) O: Unregister NMethod: com.sun.org.apache.xerces.internal.dom.NodeImpl.needsSyncData (0x000078e2e0075808) [0x000078e2e0075900, 0x000078e2e0075a50] 
[2,939s][debug][gc,nmethod     ] GC(1) O: Unregister NMethod: java.lang.ClassLoader.checkName (0x000078e2feca5e08) [0x000078e2feca5f00, 0x000078e2feca6088] 
[2,939s][debug][gc,nmethod     ] GC(1) O: Unregister NMethod: jdk.internal.util.DecimalDigits.stringSize (0x000078e2df52bd88) [0x000078e2df52be80, 0x000078e2df52c0a8] 
[2,939s][debug][gc,nmethod     ] GC(1) O: Unregister NMethod: net.jpountz.util.SafeUtils.readIntLE (0x000078e2dff3e488) [0x000078e2dff3e580, 0x000078e2dff3e720] 
[2,939s][debug][gc,nmethod     ] GC(1) O: Unregister NMethod: java.lang.StringConcatHelper.checkOverflow (0x000078e2df4d7908) [0x000078e2df4d7a00, 0x000078e2df4d7bd8] 
[2,939s][debug][gc,nmethod     ] GC(1) O: Unregister NMethod: com.sun.org.apache.xerces.internal.dom.NodeImpl.needsSyncChildren (0x000078e2e0076808) [0x000078e2e0076900, 0x000078e2e0076a58] 
[2,939s][debug][gc,nmethod     ] GC(1) O: Unregister NMethod: java.util.ArrayList.getLast (0x000078e2dfc0c208) [0x000078e2dfc0c300, 0x000078e2dfc0c608] 
[2,939s][debug][gc,nmethod     ] GC(1) O: Unregister NMethod: java.lang.String.<init> (0x000078e2dfa98d08) [0x000078e2dfa98e00, 0x000078e2dfa990a0] 
[2,939s][debug][gc,nmethod     ] GC(1) O: Unregister NMethod: jdk.internal.classfile.impl.StackMapGenerator.of (0x000078e2df71eb88) [0x000078e2df71ec80, 0x000078e2df7201f0] 
[2,939s][debug][gc,nmethod     ] Register NMethod: io.sirix.access.trx.page.NodePageTrx$$Lambda/0x000000009228fd10.apply (0x000078e2fee0b408) [0x000078e2fee0b500, 0x000078e2fee0cde8] Compiler: jvmci, Barriers: 39, Oops: 2, ImmediateOops: 2, NonImmediateOops: No
[2,939s][debug][gc,nmethod     ] GC(1) O: Unregister NMethod: io.sirix.access.trx.page.NodePageReadOnlyTrx$RecordPage.<init> (0x000078e2e043f008) [0x000078e2e043f100, 0x000078e2e043f368] 
[2,939s][debug][gc,nmethod     ] GC(1) O: Unregister NMethod: com.sun.org.apache.xerces.internal.dom.NodeImpl.needsSyncData (0x000078e2e0074888) [0x000078e2e0074980, 0x000078e2e0074ad8] 
[2,939s][debug][gc,nmethod     ] GC(1) O: Unregister NMethod: io.sirix.node.MemorySegmentBytesOut.writePosition (0x000078e2dfdb7d88) [0x000078e2dfdb7e80, 0x000078e2dfdb8058] 
[2,939s][debug][gc,nmethod     ] GC(1) O: Unregister NMethod: net.openhft.hashing.XXH3.XXH3_mix16B (0x000078e2dfb0d808) [0x000078e2dfb0d900, 0x000078e2dfb0f290] 
[2,939s][debug][gc,nmethod     ] GC(1) O: Unregister NMethod: io.sirix.node.xml.AttributeNode.hasParent (0x000078e2e0462388) [0x000078e2e0462480, 0x000078e2e04630e8] 
[2,939s][debug][gc,nmethod     ] GC(1) O: Unregister NMethod: org.magicwerk.brownies.collections.GapList.get (0x000078e2dfa9ee88) [0x000078e2dfa9ef80, 0x000078e2dfaa0978] 
[2,939s][debug][gc,phases      ] GC(1) O: Concurrent Classes Unlink 17,437ms
[2,940s][debug][gc,phases,start] GC(1) O: Concurrent Classes Purge
[2,940s][debug][gc,nmethod     ] GC(1) O: Purge NMethod: io.sirix.page.KeyValueLeafPage.findFreeSpaceForSlots (0x000078e2dfdb9888) [0x000078e2dfdb9980, 0x000078e2dfdba660] 
[2,940s][debug][gc,nmethod     ] GC(1) O: Purge NMethod: com.sun.org.apache.xerces.internal.dom.NodeImpl.changed (0x000078e2e0082308) [0x000078e2e0082400, 0x000078e2e0082928] 
[2,940s][debug][gc,nmethod     ] GC(1) O: Purge NMethod: java.lang.String.endsWith (0x000078e2df473b88) [0x000078e2df473c80, 0x000078e2df4748b0] 
[2,940s][debug][gc,nmethod     ] GC(1) O: Purge NMethod: io.sirix.node.xml.ElementNode.getRightSiblingKey (0x000078e2dfc06508) [0x000078e2dfc06600, 0x000078e2dfc0b5f0] 
[2,940s][debug][gc,nmethod     ] GC(1) O: Purge NMethod: jdk.internal.classfile.impl.AbstractPoolEntry$Utf8EntryImpl.methodTypeSymbol (0x000078e2df4f9808) [0x000078e2df4f9900, 0x000078e2df4fa3d0] 
[2,940s][debug][gc,nmethod     ] GC(1) O: Purge NMethod: java.lang.StringLatin1.newString (0x000078e2df442208) [0x000078e2df442300, 0x000078e2df442620] 
[2,940s][debug][gc,nmethod     ] GC(1) O: Purge NMethod: org.custommonkey.xmlunit.DifferenceEngine.compare (0x000078e2e025d688) [0x000078e2e025d780, 0x000078e2e025ef10] 
[2,940s][debug][gc,nmethod     ] GC(1) O: Purge NMethod: java.lang.invoke.MethodType.equals (0x000078e2df4f8c08) [0x000078e2df4f8d00, 0x000078e2df4f94a0] 
[2,940s][debug][gc,nmethod     ] GC(1) O: Purge NMethod: com.sun.org.apache.xerces.internal.dom.ChildNode.parentNode (0x000078e2e0088008) [0x000078e2e0088100, 0x000078e2e0088508] 
[2,940s][debug][gc,nmethod     ] GC(1) O: Purge NMethod: java.util.stream.Collectors.lambda$uniqKeysMapAccumulator$0 (0x000078e2e0437b88) [0x000078e2e0437c80, 0x000078e2e0437f08] 
[2,940s][debug][gc,nmethod     ] GC(1) O: Purge NMethod: io.sirix.page.KeyValueLeafPage.alignOffset (0x000078e2dfa86088) [0x000078e2dfa86180, 0x000078e2dfa86268] 
[2,940s][debug][gc,nmethod     ] GC(1) O: Purge NMethod: com.sun.org.apache.xerces.internal.dom.NodeImpl.isOwned (0x000078e2e0074b88) [0x000078e2e0074c80, 0x000078e2e0074dd8] 
[2,940s][debug][gc,nmethod     ] GC(1) O: Purge NMethod: java.util.ArrayList.set (0x000078e2e040f888) [0x000078e2e040f980, 0x000078e2e040fc20] 
[2,940s][debug][gc,nmethod     ] GC(1) O: Purge NMethod: jdk.internal.foreign.AbstractMemorySegmentImpl.isAlignedForElement (0x000078e2df765008) [0x000078e2df765100, 0x000078e2df7652f8] 
[2,940s][debug][gc,nmethod     ] GC(1) O: Purge NMethod: io.sirix.access.trx.node.xml.ForwardingXmlNodeReadOnlyTrx.hasParent (0x000078e2e044f488) [0x000078e2e044f580, 0x000078e2e044f758] 
[2,940s][debug][gc,nmethod     ] GC(1) O: Purge NMethod: java.util.concurrent.ConcurrentHashMap$EntrySpliterator.<init> (0x000078e2e0431308) [0x000078e2e0431400, 0x000078e2e04315b8] 
[2,940s][debug][gc,nmethod     ] GC(1) O: Purge NMethod: io.sirix.access.trx.node.xml.ForwardingXmlNodeReadOnlyTrx.getName (0x000078e2e040fc88) [0x000078e2e040fd80, 0x000078e2e040ff50] 
[2,940s][debug][gc,nmethod     ] GC(1) O: Purge NMethod: com.sun.org.apache.xerces.internal.impl.XMLEntityScanner.peekChar (0x000078e2dfb34988) [0x000078e2dfb34a80, 0x000078e2dfb34f38] 
[2,940s][debug][gc,nmethod     ] GC(1) O: Purge NMethod: com.sun.org.apache.xerces.internal.dom.AttrNSImpl.getLocalName (0x000078e2e0078088) [0x000078e2e0078180, 0x000078e2e0078750] 
[2,940s][debug][gc,nmethod     ] GC(1) O: Purge NMethod: java.util.ArrayList.indexOfRange (0x000078e2df835d88) [0x000078e2df835e80, 0x000078e2df8364b8] 
[2,940s][debug][gc,nmethod     ] GC(1) O: Purge NMethod: io.sirix.page.PageReference.hashCode (0x000078e2dff69708) [0x000078e2dff69800, 0x000078e2dff6a880] 
[2,940s][debug][gc,nmethod     ] GC(1) O: Purge NMethod: com.github.benmanes.caffeine.cache.BoundedLocalCache$EntryIterator.hasNext (0x000078e2e0529008) [0x000078e2e0529100, 0x000078e2e052a250] 
[2,940s][debug][gc,nmethod     ] GC(1) O: Purge NMethod: ch.qos.logback.core.joran.spi.ElementPath.get (0x000078e2dfa15a88) [0x000078e2dfa15b80, 0x000078e2dfa160c0] 
[2,940s][debug][gc,nmethod     ] GC(1) O: Purge NMethod: java.lang.Character.isWhitespace (0x000078e2df5c1388) [0x000078e2df5c1480, 0x000078e2df5c1808] 
[2,940s][debug][gc,nmethod     ] GC(1) O: Purge NMethod: jdk.internal.classfile.impl.SplitConstantPool.findEntry (0x000078e2df4f6088) [0x000078e2df4f6180, 0x000078e2df4f7888] 
[2,940s][debug][gc,nmethod     ] GC(1) O: Purge NMethod: jdk.internal.foreign.NativeMemorySegmentImpl.dup (0x000078e2fec9e588) [0x000078e2fec9e6a0, 0x000078e2fec9e7f0] 
[2,940s][debug][gc,nmethod     ] GC(1) O: Purge NMethod: jdk.internal.misc.Unsafe.getLongUnaligned (0x000078e2dfa9a408) [0x000078e2dfa9a500, 0x000078e2dfa9a6e0] 
[2,940s][debug][gc,nmethod     ] GC(1) O: Purge NMethod: io.sirix.page.delegates.ReferencesPage4.getOrCreateReference (0x000078e2dff47888) [0x000078e2dff47980, 0x000078e2dff49398] 
[2,940s][debug][gc,nmethod     ] GC(1) O: Purge NMethod: jdk.internal.classfile.impl.RawBytecodeHelper.isStoreIntoLocal (0x000078e2df480408) [0x000078e2df480500, 0x000078e2df480658] 
[2,940s][debug][gc,nmethod     ] GC(1) O: Purge NMethod: io.sirix.access.trx.page.NodePageReadOnlyTrx.setMostRecentPage (0x000078e2e0441588) [0x000078e2e0441680, 0x000078e2e04420c8] 
[2,940s][debug][gc,nmethod     ] GC(1) O: Purge NMethod: io.sirix.diff.algorithm.fmse.ConnectionMap.get (0x000078e2e049e288) [0x000078e2e049e380, 0x000078e2e049f1d0] 
[2,940s][debug][gc,nmethod     ] GC(1) O: Purge NMethod: jdk.internal.classfile.impl.BufWriterImpl.writeU1U2U2 (0x000078e2df507708) [0x000078e2df507800, 0x000078e2df507cf8] 
[2,940s][debug][gc,nmethod     ] GC(1) O: Purge NMethod: io.sirix.access.trx.page.NodePageReadOnlyTrx.getLeafPageReference (0x000078e2e043fb88) [0x000078e2e043fc80, 0x000078e2e043fe60] 
[2,940s][debug][gc,nmethod     ] GC(1) O: Purge NMethod: jdk.internal.foreign.AbstractMemorySegmentImpl.asSliceNoCheck (0x000078e2fec9df88) [0x000078e2fec9e080, 0x000078e2fec9e1f8] 
[2,940s][debug][gc,nmethod     ] GC(1) O: Purge NMethod: java.lang.invoke.InvokerBytecodeGenerator.emitStoreResult (0x000078e2df9dab08) [0x000078e2df9dac00, 0x000078e2df9db2b8] 
[2,940s][debug][gc,nmethod     ] GC(1) O: Purge NMethod: java.lang.StringUTF16.compress (0x000078e2df568f88) [0x000078e2df569080, 0x000078e2df5692b0] 
[2,940s][debug][gc,nmethod     ] GC(1) O: Purge NMethod: io.sirix.index.name.Names.setName (0x000078e2dfb59908) [0x000078e2dfb59a00, 0x000078e2dfb5bca8] 
[2,940s][debug][gc,nmethod     ] GC(1) O: Purge NMethod: io.sirix.access.trx.node.xml.XmlNodeReadOnlyTrxImpl.getNamespaceCount (0x000078e2e0024908) [0x000078e2e0024a00, 0x000078e2e0025960] 
[2,940s][debug][gc,nmethod     ] GC(1) O: Purge NMethod: io.sirix.cache.LinuxMemorySegmentAllocator.partitionVirtualRegion (0x000078e2df491c88) [0x000078e2df491d80, 0x000078e2df492b98] 
[2,940s][debug][gc,nmethod     ] GC(1) O: Purge NMethod: io.sirix.diff.algorithm.fmse.FMSENodeComparisonUtils.calculateRatio (0x000078e2e041ba88) [0x000078e2e041bb80, 0x000078e2e041c8e0] 
[2,940s][debug][gc,nmethod     ] GC(1) O: Purge NMethod: java.util.BitSet.<init> (0x000078e2df615208) [0x000078e2df615300, 0x000078e2df616248] 
[2,940s][debug][gc,nmethod     ] GC(1) O: Purge NMethod: io.sirix.access.trx.page.NodePageReadOnlyTrx.getReferenceToLeafOfSubtree (0x000078e2dff55708) [0x000078e2dff55800, 0x000078e2dff56930] 
[2,940s][debug][gc,nmethod     ] GC(1) O: Purge NMethod: it.unimi.dsi.fastutil.longs.LongIterator.next (0x000078e2e0503188) [0x000078e2e0503280, 0x000078e2e05033e8] 
[2,940s][debug][gc,nmethod     ] GC(1) O: Purge NMethod: java.util.ImmutableCollections$ListN.get (0x000078e2df40b588) [0x000078e2df40b680, 0x000078e2df40b808] 
[2,940s][debug][gc,nmethod     ] GC(1) O: Purge NMethod: io.sirix.access.trx.page.NodePageReadOnlyTrx.loadPage (0x000078e2dfaf2d08) [0x000078e2dfaf2e00, 0x000078e2dfaf4ca0] 
[2,940s][debug][gc,nmethod     ] GC(1) O: Purge NMethod: java.lang.invoke.VarForm.getMemberName (0x000078e2df58b808) [0x000078e2df58b900, 0x000078e2df58c080] 
[2,940s][debug][gc,nmethod     ] GC(1) O: Purge NMethod: java.lang.Math.max (0x000078e2df4fb408) [0x000078e2df4fb500, 0x000078e2df4fb628] 
[2,940s][debug][gc,nmethod     ] GC(1) O: Purge NMethod: java.lang.invoke.SegmentVarHandle.checkSegment (0x000078e2df63b788) [0x000078e2df63b880, 0x000078e2df63ede8] 
[2,940s][debug][gc,nmethod     ] GC(1) O: Purge NMethod: com.github.benmanes.caffeine.cache.stats.ConcurrentStatsCounter.recordHits (0x000078e2e0443a08) [0x000078e2e0443b00, 0x000078e2e0443c60] 
[2,940s][debug][gc,nmethod     ] GC(1) O: Purge NMethod: java.util.WeakHashMap.hash (0x000078e2df48c888) [0x000078e2df48c980, 0x000078e2df48cca8] 
[2,940s][debug][gc,nmethod     ] GC(1) O: Purge NMethod: com.sun.org.apache.xerces.internal.impl.XMLEntityScanner.skipChar (0x000078e2dfb3c608) [0x000078e2dfb3c700, 0x000078e2dfb3cc48] 
[2,940s][debug][gc,nmethod     ] GC(1) O: Purge NMethod: it.unimi.dsi.fastutil.ints.Int2ObjectOpenHashMap.get (0x000078e2fed1b288) [0x000078e2fed1b380, 0x000078e2fed1b7e8] 
[2,940s][debug][gc,nmethod     ] GC(1) O: Purge NMethod: io.sirix.index.path.summary.PathSummaryReader.getPath (0x000078e2e0417108) [0x000078e2e0417200, 0x000078e2e0418258] 
[2,940s][debug][gc,nmethod     ] GC(1) O: Purge NMethod: io.sirix.diff.algorithm.fmse.utils.SubCost01.getCost (0x000078e2e040e088) [0x000078e2e040e1a0, 0x000078e2e040e5b0] 
[2,940s][debug][gc,nmethod     ] GC(1) O: Purge NMethod: io.sirix.page.KeyValueLeafPage.updateLastSlotIndex (0x000078e2dfdb9088) [0x000078e2dfdb9180, 0x000078e2dfdb9500] 
[2,940s][debug][gc,nmethod     ] GC(1) O: Purge NMethod: java.lang.CharacterDataLatin1.isWhitespace (0x000078e2fec58a88) [0x000078e2fec58b80, 0x000078e2fec58c78] 
[2,940s][debug][gc,nmethod     ] GC(1) O: Purge NMethod: jdk.internal.foreign.AbstractMemorySegmentImpl.checkEnclosingLayout (0x000078e2df7c3d88) [0x000078e2df7c3e80, 0x000078e2df7c6e28] 
[2,940s][debug][gc,nmethod     ] GC(1) O: Purge NMethod: java.util.HashMap.putVal (0x000078e2fec72788) [0x000078e2fec72880, 0x000078e2fec737f0] 
[2,940s][debug][gc,nmethod     ] GC(1) O: Purge NMethod: java.lang.String.indexOf (0x000078e2df591c88) [0x000078e2df591d80, 0x000078e2df5925a0] 
[2,940s][debug][gc,nmethod     ] GC(1) O: Purge NMethod: java.lang.Class.getPackageName (0x000078e2df48e208) [0x000078e2df48e300, 0x000078e2df490508] 
[2,940s][debug][gc,nmethod     ] GC(1) O: Purge NMethod: java.util.concurrent.ForkJoinPool.slotOffset (0x000078e2df86bb88) [0x000078e2df86bc80, 0x000078e2df86bd78] 
[2,940s][debug][gc,nmethod     ] GC(1) O: Purge NMethod: jdk.internal.foreign.HeapMemorySegmentImpl$OfByte.unsafeGetBase (0x000078e2dfe14708) [0x000078e2dfe14800, 0x000078e2dfe14e90] 
[2,940s][debug][gc,nmethod     ] GC(1) O: Purge NMethod: io.sirix.diff.algorithm.fmse.Levenshtein.getSimilarity (0x000078e2e040ff88) [0x000078e2e04100a0, 0x000078e2e04105e0] 
[2,940s][debug][gc,nmethod     ] GC(1) O: Purge NMethod: com.sun.org.apache.bcel.internal.generic.InstructionHandle.updatePosition (0x000078e2e0112608) [0x000078e2e0112700, 0x000078e2e0112810] 
[2,940s][debug][gc,nmethod     ] GC(1) O: Purge NMethod: io.sirix.node.xml.TextNode.getKind (0x000078e2dfb64e08) [0x000078e2dfb64f00, 0x000078e2dfb65008] 
[2,940s][debug][gc,nmethod     ] GC(1) O: Purge NMethod: java.util.concurrent.ConcurrentHashMap.get (0x000078e2df792408) [0x000078e2df792500, 0x000078e2df793518] 
[2,940s][debug][gc,nmethod     ] GC(1) O: Purge NMethod: io.sirix.index.path.summary.PathSummaryReader.getNodeKey (0x000078e2fecf5b88) [0x000078e2fecf5c80, 0x000078e2fecf5e00] 
[2,940s][debug][gc,nmethod     ] GC(1) O: Purge NMethod: io.sirix.page.KeyValueLeafPage.setData (0x000078e2e0304d88) [0x000078e2e0304e80, 0x000078e2e034a600] 
[2,940s][debug][gc,nmethod     ] GC(1) O: Purge NMethod: java.util.regex.Pattern$BmpCharProperty.match (0x000078e2dfa0d388) [0x000078e2dfa0d480, 0x000078e2dfa0dd18] 
[2,940s][debug][gc,nmethod     ] GC(1) O: Purge NMethod: it.unimi.dsi.fastutil.HashCommon.mix (0x000078e2dfa9a108) [0x000078e2dfa9a200, 0x000078e2dfa9a2f0] 
[2,940s][debug][gc,nmethod     ] GC(1) O: Purge NMethod: io.sirix.page.KeyValueLeafPage$$Lambda/0x00000000922b4440.apply (0x000078e2e0432288) [0x000078e2e0432380, 0x000078e2e04324f0] 
[2,940s][debug][gc,nmethod     ] GC(1) O: Purge NMethod: io.sirix.access.trx.page.NodePageTrx$$Lambda/0x000000009228fd10.apply (0x000078e2fed84008) [0x000078e2fed84100, 0x000078e2fed859e8] 
[2,940s][debug][gc,nmethod     ] GC(1) O: Purge NMethod: io.sirix.node.GrowingMemorySegment.writeLong (0x000078e2dfaec788) [0x000078e2dfaec880, 0x000078e2dfaf06c0] 
[2,940s][debug][gc,nmethod     ] GC(1) O: Purge NMethod: java.lang.invoke.MethodType.makeImpl (0x000078e2feca7788) [0x000078e2feca7880, 0x000078e2feca81a8] 
[2,941s][debug][gc,nmethod     ] GC(1) O: Purge NMethod: io.sirix.page.KeyValueLeafPage.isSlotSet (0x000078e2df72ad08) [0x000078e2df72ae00, 0x000078e2df72afa8] 
[2,941s][debug][gc,nmethod     ] GC(1) O: Purge NMethod: java.lang.invoke.VarHandleSegmentAsInts.set (0x000078e2dfaa0a08) [0x000078e2dfaa0b00, 0x000078e2dfaa60d0] 
[2,941s][debug][gc,nmethod     ] GC(1) O: Purge NMethod: java.lang.AbstractStringBuilder.isLatin1 (0x000078e2df44f008) [0x000078e2df44f100, 0x000078e2df44f240] 
[2,941s][debug][gc,nmethod     ] GC(1) O: Purge NMethod: io.sirix.cache.LinuxMemorySegmentAllocator.partitionVirtualRegion (0x000078e2feca0408) [0x000078e2feca0500, 0x000078e2feca1368] 
[2,941s][debug][gc,nmethod     ] GC(1) O: Purge NMethod: io.sirix.index.path.summary.PathSummaryReader.getNodeKey (0x000078e2dfade308) [0x000078e2dfade400, 0x000078e2dfade8b0] 
[2,941s][debug][gc,nmethod     ] GC(1) O: Purge NMethod: jdk.internal.misc.Unsafe.weakCompareAndSetReference (0x000078e2df4ddc88) [0x000078e2df4ddd80, 0x000078e2df4ddf00] 
[2,941s][debug][gc,nmethod     ] GC(1) O: Purge NMethod: io.sirix.diff.algorithm.fmse.LeafNodeComparator.isEqual (0x000078e2e040ec88) [0x000078e2e040ed80, 0x000078e2e040eef8] 
[2,941s][debug][gc,nmethod     ] GC(1) O: Purge NMethod: java.lang.StringBuilder.toString (0x000078e2fec5c188) [0x000078e2fec5c280, 0x000078e2fec5c688] 
[2,941s][debug][gc,nmethod     ] GC(1) O: Purge NMethod: java.lang.Long.hashCode (0x000078e2df8e4d88) [0x000078e2df8e4e80, 0x000078e2df8e4fb8] 
[2,941s][debug][gc,nmethod     ] GC(1) O: Purge NMethod: jdk.internal.foreign.AbstractMemorySegmentImpl.isAlignedForElement (0x000078e2df4c2788) [0x000078e2df4c2880, 0x000078e2df4c2ec8] 
[2,941s][debug][gc,nmethod     ] GC(1) O: Purge NMethod: io.sirix.node.xml.ElementNode.getParentKey (0x000078e2dfb0f308) [0x000078e2dfb0f400, 0x000078e2dfb143e8] 
[2,941s][debug][gc,nmethod     ] GC(1) O: Purge NMethod: io.sirix.access.trx.page.NodePageTrx.getPageContainer (0x000078e2fece8108) [0x000078e2fece8200, 0x000078e2fece88e8] 
[2,941s][debug][gc,nmethod     ] GC(1) O: Purge NMethod: java.lang.StringConcatHelper.prepend (0x000078e2fecb9388) [0x000078e2fecb9480, 0x000078e2fecb9aa0] 
[2,941s][debug][gc,nmethod     ] GC(1) O: Purge NMethod: io.sirix.page.KeyValueLeafPage.updateFreeSpaceStart (0x000078e2dfdb8388) [0x000078e2dfdb8480, 0x000078e2dfdb8a08] 
[2,941s][debug][gc,nmethod     ] GC(1) O: Purge NMethod: io.sirix.access.trx.node.xml.XmlNodeHashing.getCurrentNode (0x000078e2dfb04108) [0x000078e2dfb04200, 0x000078e2dfb049a8] 
[2,941s][debug][gc,nmethod     ] GC(1) O: Purge NMethod: jdk.internal.classfile.impl.DirectCodeBuilder$4.writeBody (0x000078e2df6d7808) [0x000078e2df6d7900, 0x000078e2df6db8e8] 
[2,941s][debug][gc,nmethod     ] GC(1) O: Purge NMethod: io.sirix.node.MemorySegmentBytesOut.writeLong (0x000078e2dfad8a08) [0x000078e2dfad8b00, 0x000078e2dfad8c98] 
[2,941s][debug][gc,nmethod     ] GC(1) O: Purge NMethod: io.sirix.access.trx.node.xml.ForwardingXmlNodeReadOnlyTrx.getFirstChildKey (0x000078e2e049bc88) [0x000078e2e049bd80, 0x000078e2e049bf50] 
[2,941s][debug][gc,nmethod     ] GC(1) O: Purge NMethod: java.lang.Integer.rotateRight (0x000078e2df820608) [0x000078e2df820700, 0x000078e2df8207f0] 
[2,941s][debug][gc,nmethod     ] GC(1) O: Purge NMethod: java.util.concurrent.ConcurrentHashMap.replaceNode (0x000078e2e0405608) [0x000078e2e0405700, 0x000078e2e0406508] 
[2,941s][debug][gc,nmethod     ] GC(1) O: Purge NMethod: java.lang.invoke.InvokerBytecodeGenerator.emitStaticInvoke (0x000078e2df9ff888) [0x000078e2df9ff980, 0x000078e2dfa02068] 
[2,941s][debug][gc,nmethod     ] GC(1) O: Purge NMethod: jdk.internal.misc.Unsafe.checkSize (0x000078e2df767708) [0x000078e2df767800, 0x000078e2df767a60] 
[2,941s][debug][gc,nmethod     ] GC(1) O: Purge NMethod: io.sirix.access.trx.page.NodePageTrx.getRecord (0x000078e2feced208) [0x000078e2feced300, 0x000078e2fecede48] 
[2,941s][debug][gc,nmethod     ] GC(1) O: Purge NMethod: it.unimi.dsi.fastutil.ints.Int2ObjectOpenHashMap.get (0x000078e2dfb0d088) [0x000078e2dfb0d180, 0x000078e2dfb0d7f0] 
[2,941s][debug][gc,nmethod     ] GC(1) O: Purge NMethod: io.sirix.diff.algorithm.fmse.FMSE$$Lambda/0x0000000092347520.test (0x000078e2e045a808) [0x000078e2e045a900, 0x000078e2e045aa90] 
[2,941s][debug][gc,nmethod     ] GC(1) O: Purge NMethod: java.lang.Long.valueOf (0x000078e2df5c1888) [0x000078e2df5c1980, 0x000078e2df5c1cc0] 
[2,941s][debug][gc,nmethod     ] GC(1) O: Purge NMethod: java.util.concurrent.ConcurrentHashMap.replaceNode (0x000078e2e02dc308) [0x000078e2e02dc400, 0x000078e2e02dd348] 
[2,941s][debug][gc,nmethod     ] GC(1) O: Purge NMethod: java.util.regex.Pattern$$Lambda/0x00000000920b27a0.is (0x000078e2df635408) [0x000078e2df635500, 0x000078e2df6356b0] 
[2,941s][debug][gc,nmethod     ] GC(1) O: Purge NMethod: jdk.internal.misc.Unsafe.checkOffset (0x000078e2df405e08) [0x000078e2df405f00, 0x000078e2df406160] 
[2,941s][debug][gc,nmethod     ] GC(1) O: Purge NMethod: java.lang.invoke.VarHandleGuards.guard_LJ_I (0x000078e2dfa86388) [0x000078e2dfa86480, 0x000078e2dfa89340] 
[2,941s][debug][gc,nmethod     ] GC(1) O: Purge NMethod: java.util.HashMap.getNode (0x000078e2fec0ba88) [0x000078e2fec0bb80, 0x000078e2fec0c358] 
[2,941s][debug][gc,nmethod     ] GC(1) O: Purge NMethod: java.util.concurrent.ConcurrentHashMap.get (0x000078e2e01c6508) [0x000078e2e01c6600, 0x000078e2e01c7618] 
[2,941s][debug][gc,nmethod     ] GC(1) O: Purge NMethod: io.sirix.access.trx.node.AbstractNodeReadOnlyTrx.hasParent (0x000078e2e0455c08) [0x000078e2e0455d00, 0x000078e2e0456368] 
[2,941s][debug][gc,nmethod     ] GC(1) O: Purge NMethod: io.sirix.page.KeyValueLeafPage.decrementPinCount (0x000078e2e0434908) [0x000078e2e0434a00, 0x000078e2e0435208] 
[2,941s][debug][gc,nmethod     ] GC(1) O: Purge NMethod: io.sirix.diff.algorithm.fmse.FMSENodeComparisonUtils.calculateRatio (0x000078e2e040f388) [0x000078e2e040f480, 0x000078e2e040f830] 
[2,941s][debug][gc,nmethod     ] GC(1) O: Purge NMethod: java.io.UnixFileSystem.normalize (0x000078e2df51e388) [0x000078e2df51e480, 0x000078e2df51fa78] 
[2,941s][debug][gc,nmethod     ] GC(1) O: Purge NMethod: java.util.concurrent.ArrayBlockingQueue.poll (0x000078e2e0532988) [0x000078e2e0532a80, 0x000078e2e0532ef0] 
[2,941s][debug][gc,nmethod     ] GC(1) O: Purge NMethod: java.util.zip.Checksum.update (0x000078e2df631308) [0x000078e2df631400, 0x000078e2df631738] 
[2,941s][debug][gc,nmethod     ] GC(1) O: Purge NMethod: com.github.benmanes.caffeine.cache.BoundedLocalCache.onAccess (0x000078e2e040c488) [0x000078e2e040c580, 0x000078e2e040cf10] 
[2,941s][debug][gc,nmethod     ] GC(1) O: Purge NMethod: java.util.HashMap.put (0x000078e2e0450388) [0x000078e2e0450480, 0x000078e2e0450a68] 
[2,941s][debug][gc,nmethod     ] GC(1) O: Purge NMethod: jdk.internal.foreign.SegmentFactories.initNativeMemory (0x000078e2df866608) [0x000078e2df866700, 0x000078e2df866920] 
[2,941s][debug][gc,nmethod     ] GC(1) O: Purge NMethod: org.gradle.internal.io.StreamByteBuffer$StreamByteBufferChunk.spaceLeft (0x000078e2dfa18908) [0x000078e2dfa18a00, 0x000078e2dfa18b08] 
[2,941s][debug][gc,nmethod     ] GC(1) O: Purge NMethod: io.sirix.page.AbstractForwardingPage.getOrCreateReference (0x000078e2dfadef08) [0x000078e2dfadf000, 0x000078e2dfadf510] 
[2,941s][debug][gc,nmethod     ] GC(1) O: Purge NMethod: it.unimi.dsi.fastutil.longs.LongArrayList.getLong (0x000078e2dfb7bd88) [0x000078e2dfb7be80, 0x000078e2dfb7d310] 
[2,941s][debug][gc,nmethod     ] GC(1) O: Purge NMethod: java.lang.invoke.MethodType.methodType (0x000078e2df45d588) [0x000078e2df45d680, 0x000078e2df45db60] 
[2,941s][debug][gc,nmethod     ] GC(1) O: Purge NMethod: com.sun.org.apache.xerces.internal.dom.DeferredDocumentImpl.clearChunkIndex (0x000078e2e0059a08) [0x000078e2e0059b00, 0x000078e2e005a030] 
[2,941s][debug][gc,nmethod     ] GC(1) O: Purge NMethod: java.util.concurrent.atomic.AtomicLong.incrementAndGet (0x000078e2dfb20008) [0x000078e2dfb20100, 0x000078e2dfb20218] 
[2,941s][debug][gc,nmethod     ] GC(1) O: Purge NMethod: java.lang.String.compareTo (0x000078e2df7cf888) [0x000078e2df7cf980, 0x000078e2df7d01b0] 
[2,941s][debug][gc,nmethod     ] GC(1) O: Purge NMethod: com.sun.org.apache.xerces.internal.parsers.AbstractDOMParser.startElement (0x000078e2e0069888) [0x000078e2e0069980, 0x000078e2e0074830] 
[2,941s][debug][gc,nmethod     ] GC(1) O: Purge NMethod: io.sirix.access.trx.node.xml.XmlNodeReadOnlyTrxImpl.getValue (0x000078e2e0014788) [0x000078e2e0014880, 0x000078e2e001b038] 
[2,941s][debug][gc,nmethod     ] GC(1) O: Purge NMethod: jdk.internal.misc.ScopedMemoryAccess.getLongUnaligned (0x000078e2dfa9b608) [0x000078e2dfa9b700, 0x000078e2dfa9c568] 
[2,941s][debug][gc,nmethod     ] GC(1) O: Purge NMethod: java.lang.invoke.VarHandleSegmentAsInts.get (0x000078e2dfad8d08) [0x000078e2dfad8e00, 0x000078e2dfade2a0] 
[2,941s][debug][gc,nmethod     ] GC(1) O: Purge NMethod: java.util.concurrent.ForkJoinPool$WorkQueue.unlockPhase (0x000078e2e036e508) [0x000078e2e036e600, 0x000078e2e036e710] 
[2,941s][debug][gc,nmethod     ] GC(1) O: Purge NMethod: java.lang.StringCoding.countPositives (0x000078e2fec01508) [0x000078e2fec01600, 0x000078e2fec01988] 
[2,941s][debug][gc,nmethod     ] GC(1) O: Purge NMethod: java.nio.ByteOrder.nativeOrder (0x000078e2df811d08) [0x000078e2df811e00, 0x000078e2df811ee8] 
[2,941s][debug][gc,nmethod     ] GC(1) O: Purge NMethod: jdk.internal.classfile.impl.StackMapGenerator$Type.referenceType (0x000078e2df56dd88) [0x000078e2df56de80, 0x000078e2df56e150] 
[2,941s][debug][gc,nmethod     ] GC(1) O: Purge NMethod: java.lang.StringLatin1.trim (0x000078e2df87e408) [0x000078e2df87e500, 0x000078e2df87e878] 
[2,941s][debug][gc,nmethod     ] GC(1) O: Purge NMethod: io.sirix.access.trx.node.xml.ForwardingXmlNodeReadOnlyTrx.moveToAttribute (0x000078e2e03d2988) [0x000078e2e03d2a80, 0x000078e2e03d3068] 
[2,941s][debug][gc,nmethod     ] GC(1) O: Purge NMethod: java.lang.StringBuilder.append (0x000078e2fec22488) [0x000078e2fec22580, 0x000078e2fec22d30] 
[2,941s][debug][gc,nmethod     ] GC(1) O: Purge NMethod: io.sirix.node.MemorySegmentBytesIn.readInt (0x000078e2dff27308) [0x000078e2dff27400, 0x000078e2dff2b010] 
[2,941s][debug][gc,nmethod     ] GC(1) O: Purge NMethod: java.io.File.isInvalid (0x000078e2df479888) [0x000078e2df479980, 0x000078e2df479f30] 
[2,941s][debug][gc,nmethod     ] GC(1) O: Purge NMethod: com.github.benmanes.caffeine.cache.AbstractLinkedDeque.linkLast (0x000078e2e0430e08) [0x000078e2e0430f00, 0x000078e2e04312e8] 
[2,941s][debug][gc,nmethod     ] GC(1) O: Purge NMethod: io.sirix.access.trx.node.AbstractNodeReadOnlyTrx.setCurrentNode (0x000078e2dfae5c08) [0x000078e2dfae5d00, 0x000078e2dfae61a0] 
[2,941s][debug][gc,nmethod     ] GC(1) O: Purge NMethod: jdk.internal.misc.ScopedMemoryAccess.putLongUnaligned (0x000078e2feceed88) [0x000078e2feceee80, 0x000078e2fecef040] 
[2,941s][debug][gc,nmethod     ] GC(1) O: Purge NMethod: io.sirix.diff.algorithm.fmse.Levenshtein.min3 (0x000078e2e040d588) [0x000078e2e040d680, 0x000078e2e040d7a0] 
[2,941s][debug][gc,nmethod     ] GC(1) O: Purge NMethod: java.util.BitSet.wordIndex (0x000078e2df528e08) [0x000078e2df528f00, 0x000078e2df528fe8] 
[2,941s][debug][gc,nmethod     ] GC(1) O: Purge NMethod: com.github.benmanes.caffeine.cache.LocalCache$$Lambda/0x00000000922aaad0.<init> (0x000078e2e0430508) [0x000078e2e0430600, 0x000078e2e04307f8] 
[2,941s][debug][gc,nmethod     ] GC(1) O: Purge NMethod: java.lang.invoke.VarHandleSegmentAsLongs.set (0x000078e2dfac1408) [0x000078e2dfac1500, 0x000078e2dfac6ad0] 
[2,941s][debug][gc,nmethod     ] GC(1) O: Purge NMethod: java.util.stream.AbstractPipeline.<init> (0x000078e2df7cd108) [0x000078e2df7cd200, 0x000078e2df7cd548] 
[2,941s][debug][gc,nmethod     ] GC(1) O: Purge NMethod: io.sirix.axis.DescendantAxis.nextKey (0x000078e2e04a1808) [0x000078e2e04a1900, 0x000078e2e04a3e90] 
[2,941s][debug][gc,nmethod     ] GC(1) O: Purge NMethod: java.util.HashMap.get (0x000078e2fec23f88) [0x000078e2fec24080, 0x000078e2fec24868] 
[2,941s][debug][gc,nmethod     ] GC(1) O: Purge NMethod: com.sun.org.apache.xerces.internal.dom.NodeImpl.isNormalized (0x000078e2e007a988) [0x000078e2e007aa80, 0x000078e2e007b128] 
[2,941s][debug][gc,nmethod     ] GC(1) O: Purge NMethod: java.lang.classfile.CodeBuilder.checkcast (0x000078e2df6f5a88) [0x000078e2df6f5b80, 0x000078e2df6f64b8] 
[2,941s][debug][gc,nmethod     ] GC(1) O: Purge NMethod: java.util.BitSet.and (0x000078e2dfab4f88) [0x000078e2dfab5080, 0x000078e2dfab54d0] 
[2,941s][debug][gc,nmethod     ] GC(1) O: Purge NMethod: java.util.stream.AbstractPipeline.<init> (0x000078e2df7cda08) [0x000078e2df7cdb00, 0x000078e2df7ce090] 
[2,941s][debug][gc,nmethod     ] GC(1) O: Purge NMethod: io.sirix.page.KeyValueLeafPage.setData (0x000078e2fed1bb08) [0x000078e2fed1bc00, 0x000078e2fed1df30] 
[2,941s][debug][gc,nmethod     ] GC(1) O: Purge NMethod: java.util.jar.JarFile.maybeInstantiateVerifier (0x000078e2df4dd688) [0x000078e2df4dd780, 0x000078e2df4ddc50] 
[2,941s][debug][gc,nmethod     ] GC(1) O: Purge NMethod: java.lang.invoke.MemberName.getMethodType (0x000078e2df46bc08) [0x000078e2df46bd00, 0x000078e2df46e1f8] 
[2,942s][debug][gc,nmethod     ] GC(1) O: Purge NMethod: jdk.internal.foreign.Utils$BaseAndScale$$TypeSwitch/0x000000009222b7c8.typeSwitch (0x000078e2dfaf1588) [0x000078e2dfaf1680, 0x000078e2dfaf29a8] 
[2,942s][debug][gc,nmethod     ] GC(1) O: Purge NMethod: java.util.concurrent.atomic.LongAdder.add (0x000078e2e0373d08) [0x000078e2e0373e00, 0x000078e2e0374778] 
[2,942s][debug][gc,nmethod     ] GC(1) O: Purge NMethod: io.sirix.access.trx.node.AbstractNodeReadOnlyTrx.hasRightSibling (0x000078e2e000b308) [0x000078e2e000b400, 0x000078e2e000bc20] 
[2,942s][debug][gc,nmethod     ] GC(1) O: Purge NMethod: java.lang.invoke.SegmentVarHandle.offset (0x000078e2df7be708) [0x000078e2df7be800, 0x000078e2df7be918] 
[2,942s][debug][gc,nmethod     ] GC(1) O: Purge NMethod: io.sirix.cache.LinuxMemorySegmentAllocator.partitionVirtualRegion (0x000078e2fec9c508) [0x000078e2fec9c600, 0x000078e2fec9d568] 
[2,942s][debug][gc,nmethod     ] GC(1) O: Purge NMethod: java.lang.Thread.onSpinWait (0x000078e2df4e8f88) [0x000078e2df4e9080, 0x000078e2df4e9160] 
[2,942s][debug][gc,nmethod     ] GC(1) O: Purge NMethod: jdk.internal.foreign.AbstractMemorySegmentImpl.asSlice (0x000078e2df400008) [0x000078e2df400100, 0x000078e2df4005f8] 
[2,942s][debug][gc,nmethod     ] GC(1) O: Purge NMethod: java.lang.String.hashCode (0x000078e2dfa0fb88) [0x000078e2dfa0fc80, 0x000078e2dfa102a8] 
[2,942s][debug][gc,nmethod     ] GC(1) O: Purge NMethod: io.sirix.access.trx.page.NodePageTrx.prepareRecordPage (0x000078e2fece2e88) [0x000078e2fece2f80, 0x000078e2fece3c88] 
[2,942s][debug][gc,nmethod     ] GC(1) O: Purge NMethod: java.util.HashMap.getNode (0x000078e2e0117e88) [0x000078e2e0117f80, 0x000078e2e0119290] 
[2,942s][debug][gc,nmethod     ] GC(1) O: Purge NMethod: io.sirix.axis.AbstractAxis.nextLong (0x000078e2dfb43008) [0x000078e2dfb43100, 0x000078e2dfb43b90] 
[2,942s][debug][gc,nmethod     ] GC(1) O: Purge NMethod: com.github.benmanes.caffeine.cache.BoundedLocalCache.expireAfterUpdate (0x000078e2e03f6308) [0x000078e2e03f6400, 0x000078e2e03f6500] 
[2,942s][debug][gc,nmethod     ] GC(1) O: Purge NMethod: java.lang.classfile.CodeBuilder.newBoundLabel (0x000078e2df8d6e88) [0x000078e2df8d6f80, 0x000078e2df8d79d8] 
[2,942s][debug][gc,nmethod     ] GC(1) O: Purge NMethod: java.lang.StringUTF16.compress (0x000078e2e0155588) [0x000078e2e0155680, 0x000078e2e01558b0] 
[2,942s][debug][gc,nmethod     ] GC(1) O: Purge NMethod: io.sirix.access.trx.page.NodePageReadOnlyTrx.setMostRecentlyReadRecordPage (0x000078e2e0440488) [0x000078e2e0440580, 0x000078e2e0441518] 
[2,942s][debug][gc,nmethod     ] GC(1) O: Purge NMethod: io.sirix.axis.AbstractAxis.<init> (0x000078e2e049c908) [0x000078e2e049ca00, 0x000078e2e049ce70] 
[2,942s][debug][gc,nmethod     ] GC(1) O: Purge NMethod: java.lang.Character.isWhitespace (0x000078e2fed29388) [0x000078e2fed29480, 0x000078e2fed29578] 
[2,942s][debug][gc,nmethod     ] GC(1) O: Purge NMethod: jdk.internal.foreign.AbstractMemorySegmentImpl.asSlice (0x000078e2fec42408) [0x000078e2fec42500, 0x000078e2fec426e8] 
[2,942s][debug][gc,nmethod     ] GC(1) O: Purge NMethod: java.lang.ref.Reference.<init> (0x000078e2df46b808) [0x000078e2df46b900, 0x000078e2df46bb98] 
[2,942s][debug][gc,nmethod     ] GC(1) O: Purge NMethod: io.sirix.node.AbstractForwardingNode.getNodeKey (0x000078e2dfa9e588) [0x000078e2dfa9e680, 0x000078e2dfa9e9b0] 
[2,942s][debug][gc,nmethod     ] GC(1) O: Purge NMethod: java.util.BitSet.checkRange (0x000078e2dfae2e08) [0x000078e2dfae2f00, 0x000078e2dfae5888] 
[2,942s][debug][gc,nmethod     ] GC(1) O: Purge NMethod: jdk.internal.classfile.impl.SplitConstantPool.findEntry (0x000078e2fec89a08) [0x000078e2fec89b20, 0x000078e2fec8a360] 
[2,942s][debug][gc,nmethod     ] GC(1) O: Purge NMethod: io.brackit.query.atomic.AbstractAtomic.equals (0x000078e2e040cf88) [0x000078e2e040d080, 0x000078e2e040d260] 
[2,942s][debug][gc,nmethod     ] GC(1) O: Purge NMethod: java.lang.Math.min (0x000078e2e040d288) [0x000078e2e040d380, 0x000078e2e040d580] 
[2,942s][debug][gc,nmethod     ] GC(1) O: Purge NMethod: org.magicwerk.brownies.collections.GapList.doGet (0x000078e2dfa9ea08) [0x000078e2dfa9eb00, 0x000078e2dfa9ee38] 
[2,942s][debug][gc,nmethod     ] GC(1) O: Purge NMethod: java.util.concurrent.ConcurrentHashMap.get (0x000078e2fec94788) [0x000078e2fec94880, 0x000078e2fec956e0] 
[2,942s][debug][gc,nmethod     ] GC(1) O: Purge NMethod: jdk.internal.foreign.AbstractMemorySegmentImpl.isAlignedForElement (0x000078e2df63ac88) [0x000078e2df63ad80, 0x000078e2df63b740] 
[2,942s][debug][gc,nmethod     ] GC(1) O: Purge NMethod: jdk.internal.loader.URLClassPath$JarLoader.findResource (0x000078e2df737108) [0x000078e2df737200, 0x000078e2df737590] 
[2,942s][debug][gc,nmethod     ] GC(1) O: Purge NMethod: io.sirix.api.PageReadOnlyTrx.recordPageOffset (0x000078e2dfac6b08) [0x000078e2dfac6c00, 0x000078e2dfac6cf8] 
[2,942s][debug][gc,nmethod     ] GC(1) O: Purge NMethod: java.util.regex.Pattern$CharPropertyGreedy.match (0x000078e2fec80c08) [0x000078e2fec80d00, 0x000078e2fec819b0] 
[2,942s][debug][gc,nmethod     ] GC(1) O: Purge NMethod: jdk.internal.constant.MethodTypeDescImpl.parameterType (0x000078e2df4f3a88) [0x000078e2df4f3b80, 0x000078e2df4f3d08] 
[2,942s][debug][gc,nmethod     ] GC(1) O: Purge NMethod: java.util.concurrent.atomic.AtomicInteger.incrementAndGet (0x000078e2e029d808) [0x000078e2e029d900, 0x000078e2e029da10] 
[2,942s][debug][gc,nmethod     ] GC(1) O: Purge NMethod: java.lang.invoke.Invokers$Holder.linkToTargetMethod (0x000078e2df6e4c08) [0x000078e2df6e4d00, 0x000078e2df6e51f8] 
[2,942s][debug][gc,nmethod     ] GC(1) O: Purge NMethod: io.sirix.page.KeyValueLeafPage.updateLastSlotIndex (0x000078e2e02d1008) [0x000078e2e02d1100, 0x000078e2e02d1480] 
[2,942s][debug][gc,nmethod     ] GC(1) O: Purge NMethod: io.sirix.node.MemorySegmentBytesIn.readByte (0x000078e2dff0f708) [0x000078e2dff0f800, 0x000078e2dff13220] 
[2,942s][debug][gc,nmethod     ] GC(1) O: Purge NMethod: java.lang.String.isLatin1 (0x000078e2df680b08) [0x000078e2df680c00, 0x000078e2df680d60] 
[2,942s][debug][gc,nmethod     ] GC(1) O: Purge NMethod: jdk.internal.misc.Unsafe.checkPointer (0x000078e2df549f88) [0x000078e2df54a080, 0x000078e2df54a3f0] 
[2,942s][debug][gc,nmethod     ] GC(1) O: Purge NMethod: java.util.concurrent.atomic.AtomicInteger.decrementAndGet (0x000078e2e02aa888) [0x000078e2e02aa980, 0x000078e2e02aaa90] 
[2,942s][debug][gc,nmethod     ] GC(1) O: Purge NMethod: io.sirix.access.trx.page.NodePageReadOnlyTrx.getName (0x000078e2e040e908) [0x000078e2e040ea00, 0x000078e2e040ec48] 
[2,942s][debug][gc,nmethod     ] GC(1) O: Purge NMethod: jdk.internal.util.DecimalDigits.uncheckedGetCharsLatin1 (0x000078e2df474908) [0x000078e2df474a00, 0x000078e2df474dc0] 
[2,942s][debug][gc,nmethod     ] GC(1) O: Purge NMethod: java.util.Objects.checkIndex (0x000078e2df47a608) [0x000078e2df47a700, 0x000078e2df47a830] 
[2,942s][debug][gc,nmethod     ] GC(1) O: Purge NMethod: net.openhft.hashing.XXH3.XXH3_avalanche (0x000078e2dfbd0288) [0x000078e2dfbd0380, 0x000078e2dfbd0490] 
[2,942s][debug][gc,nmethod     ] GC(1) O: Purge NMethod: io.sirix.node.xml.ElementNode.setHash (0x000078e2dfb24508) [0x000078e2dfb24600, 0x000078e2dfb27f88] 
[2,942s][debug][gc,nmethod     ] GC(1) O: Purge NMethod: io.sirix.access.trx.node.xml.ForwardingXmlNodeReadOnlyTrx.getRightSiblingKey (0x000078e2e049d588) [0x000078e2e049d680, 0x000078e2e049d850] 
[2,942s][debug][gc,nmethod     ] GC(1) O: Purge NMethod: java.util.LinkedList.node (0x000078e2e04c5608) [0x000078e2e04c5700, 0x000078e2e04c59d8] 
[2,942s][debug][gc,nmethod     ] GC(1) O: Purge NMethod: jdk.internal.util.Preconditions.checkFromIndexSize (0x000078e2df454e08) [0x000078e2df454f00, 0x000078e2df455098] 
[2,942s][debug][gc,nmethod     ] GC(1) O: Purge NMethod: it.unimi.dsi.fastutil.longs.LongIterator.next (0x000078e2e0503788) [0x000078e2e0503880, 0x000078e2e0503a18] 
[2,942s][debug][gc,nmethod     ] GC(1) O: Purge NMethod: java.lang.classfile.CodeBuilder.getfield (0x000078e2df8ea788) [0x000078e2df8ea880, 0x000078e2df8eb260] 
[2,942s][debug][gc,nmethod     ] GC(1) O: Purge NMethod: java.lang.StringConcatHelper.newArrayWithSuffix (0x000078e2df4eb208) [0x000078e2df4eb300, 0x000078e2df4ec250] 
[2,942s][debug][gc,nmethod     ] GC(1) O: Purge NMethod: io.sirix.access.trx.page.NodePageTrx.getMostRecentPageContainer (0x000078e2dfabb908) [0x000078e2dfabba00, 0x000078e2dfabc030] 
[2,942s][debug][gc,nmethod     ] GC(1) O: Purge NMethod: io.sirix.diff.algorithm.fmse.FMSE.commonChildren (0x000078e2e04d4908) [0x000078e2e04d4a00, 0x000078e2e04d54a0] 
[2,942s][debug][gc,nmethod     ] GC(1) O: Purge NMethod: java.lang.invoke.VarHandleGuards.guard_LL_V (0x000078e2df487888) [0x000078e2df487980, 0x000078e2df48c568] 
[2,942s][debug][gc,nmethod     ] GC(1) O: Purge NMethod: io.sirix.node.xml.ElementNode.getHash (0x000078e2dfb08788) [0x000078e2dfb08880, 0x000078e2dfb0c0f0] 
[2,942s][debug][gc,nmethod     ] GC(1) O: Purge NMethod: java.lang.Math.min (0x000078e2e040ef88) [0x000078e2e040f080, 0x000078e2e040f378] 
[2,942s][debug][gc,nmethod     ] GC(1) O: Purge NMethod: org.custommonkey.xmlunit.XpathNodeTracker.toXpathString (0x000078e2fed50f88) [0x000078e2fed51080, 0x000078e2fed54fb0] 
[2,942s][debug][gc,nmethod     ] GC(1) O: Purge NMethod: java.util.concurrent.ConcurrentLinkedDeque.offer (0x000078e2df490588) [0x000078e2df490680, 0x000078e2df490818] 
[2,942s][debug][gc,nmethod     ] GC(1) O: Purge NMethod: java.lang.invoke.InvokerBytecodeGenerator.emitReferenceCast (0x000078e2df414c08) [0x000078e2df414d00, 0x000078e2df418050] 
[2,942s][debug][gc,nmethod     ] GC(1) O: Purge NMethod: jdk.internal.misc.ScopedMemoryAccess.getLongUnaligned (0x000078e2fecee788) [0x000078e2fecee880, 0x000078e2feceea40] 
[2,942s][debug][gc,nmethod     ] GC(1) O: Purge NMethod: java.lang.classfile.CodeBuilder.invoke (0x000078e2df7a1e88) [0x000078e2df7a1f80, 0x000078e2df7a2718] 
[2,942s][debug][gc,nmethod     ] GC(1) O: Purge NMethod: io.sirix.access.trx.node.AbstractNodeReadOnlyTrx.moveTo (0x000078e2dfd4af88) [0x000078e2dfd4b080, 0x000078e2dfd4cbe8] 
[2,942s][debug][gc,nmethod     ] GC(1) O: Purge NMethod: sun.security.provider.SHA2.implCompress0 (0x000078e2dfdbd888) [0x000078e2dfdbd980, 0x000078e2dfdbe630] 
[2,942s][debug][gc,nmethod     ] GC(1) O: Purge NMethod: com.github.benmanes.caffeine.cache.BoundedLocalCache.computeIfPresent (0x000078e2e043a308) [0x000078e2e043a400, 0x000078e2e043ad58] 
[2,942s][debug][gc,nmethod     ] GC(1) O: Purge NMethod: java.lang.StringBuffer.toString (0x000078e2e025a608) [0x000078e2e025a700, 0x000078e2e025b008] 
[2,942s][debug][gc,nmethod     ] GC(1) O: Purge NMethod: java.util.stream.Collectors$$Lambda/0x000000009211c930.get (0x000078e2e0433288) [0x000078e2e0433380, 0x000078e2e04334e0] 
[2,942s][debug][gc,nmethod     ] GC(1) O: Purge NMethod: io.sirix.access.trx.node.xml.ForwardingXmlNodeReadOnlyTrx.getNamespaceCount (0x000078e2e03d6588) [0x000078e2e03d6680, 0x000078e2e03d6c78] 
[2,942s][debug][gc,nmethod     ] GC(1) O: Purge NMethod: io.sirix.axis.AbstractAxis.nextLong (0x000078e2fed14388) [0x000078e2fed14480, 0x000078e2fed15150] 
[2,942s][debug][gc,nmethod     ] GC(1) O: Purge NMethod: io.sirix.access.trx.page.NodePageReadOnlyTrx.getRecord (0x000078e2fed81888) [0x000078e2fed81980, 0x000078e2fed82c78] 
[2,942s][debug][gc,nmethod     ] GC(1) O: Purge NMethod: io.sirix.page.UberPage.getPageCountExp (0x000078e2dff49408) [0x000078e2dff49500, 0x000078e2dff49a48] 
[2,942s][debug][gc,nmethod     ] GC(1) O: Purge NMethod: java.io.FilterOutputStream.write (0x000078e2fed22608) [0x000078e2fed22700, 0x000078e2fed22d60] 
[2,942s][debug][gc,nmethod     ] GC(1) O: Purge NMethod: io.sirix.node.GrowingMemorySegment.ensureCapacity (0x000078e2df817008) [0x000078e2df817100, 0x000078e2df817260] 
[2,942s][debug][gc,nmethod     ] GC(1) O: Purge NMethod: java.lang.String.trim (0x000078e2df87e888) [0x000078e2df87e980, 0x000078e2df87ee58] 
[2,942s][debug][gc,nmethod     ] GC(1) O: Purge NMethod: io.sirix.cache.LinuxMemorySegmentAllocator.partitionVirtualRegion (0x000078e2fec9f088) [0x000078e2fec9f180, 0x000078e2feca0340] 
[2,942s][debug][gc,nmethod     ] GC(1) O: Purge NMethod: java.lang.invoke.TypeConvertingMethodAdapter.convertType (0x000078e2df776908) [0x000078e2df776a00, 0x000078e2df77eee8] 
[2,942s][debug][gc,nmethod     ] GC(1) O: Purge NMethod: java.util.HashMap.get (0x000078e2e0113c88) [0x000078e2e0113d80, 0x000078e2e0114118] 
[2,942s][debug][gc,nmethod     ] GC(1) O: Purge NMethod: org.custommonkey.xmlunit.XpathNodeTracker$TrackingEntry.appendEntryTo (0x000078e2e0257008) [0x000078e2e0257100, 0x000078e2e0259ec0] 
[2,942s][debug][gc,nmethod     ] GC(1) O: Purge NMethod: io.sirix.page.KeyValueLeafPage.getDeweyId (0x000078e2e02d3b08) [0x000078e2e02d3c00, 0x000078e2e02d93c8] 
[2,942s][debug][gc,nmethod     ] GC(1) O: Purge NMethod: java.lang.StringLatin1.inflate (0x000078e2df40b888) [0x000078e2df40b980, 0x000078e2df40bb70] 
[2,942s][debug][gc,nmethod     ] GC(1) O: Purge NMethod: java.lang.Character.isLetterOrDigit (0x000078e2e0115c88) [0x000078e2e0115d80, 0x000078e2e01161c0] 
[2,942s][debug][gc,nmethod     ] GC(1) O: Purge NMethod: io.sirix.diff.algorithm.fmse.Matching.updateSubtreeMap (0x000078e2e0456a88) [0x000078e2e0456b80, 0x000078e2e04570f8] 
[2,943s][debug][gc,nmethod     ] GC(1) O: Purge NMethod: java.util.stream.Sink$ChainedReference.begin (0x000078e2df7dbe08) [0x000078e2df7dbf00, 0x000078e2df7dc240] 
[2,943s][debug][gc,nmethod     ] GC(1) O: Purge NMethod: org.custommonkey.xmlunit.DifferenceEngine.compare (0x000078e2fed75108) [0x000078e2fed75200, 0x000078e2fed7cb80] 
[2,943s][debug][gc,nmethod     ] GC(1) O: Purge NMethod: com.sun.org.apache.xerces.internal.dom.DeferredDocumentImpl.clearChunkValue (0x000078e2e005e008) [0x000078e2e005e100, 0x000078e2e005eda0] 
[2,943s][debug][gc,nmethod     ] GC(1) O: Purge NMethod: java.lang.invoke.InnerClassLambdaMetafactory.convertArgumentTypes (0x000078e2df951f08) [0x000078e2df952000, 0x000078e2df9532c8] 
[2,943s][debug][gc,nmethod     ] GC(1) O: Purge NMethod: io.sirix.access.trx.page.NodePageTrx.prepareRecordForModification (0x000078e2dfd48f88) [0x000078e2dfd49080, 0x000078e2dfd4af08] 
[2,943s][debug][gc,nmethod     ] GC(1) O: Purge NMethod: io.sirix.access.trx.node.AbstractNodeReadOnlyTrx.getKind (0x000078e2dfb3e408) [0x000078e2dfb3e500, 0x000078e2dfb3eb68] 
[2,943s][debug][gc,nmethod     ] GC(1) O: Purge NMethod: java.util.ArrayList.elementData (0x000078e2feda4388) [0x000078e2feda4480, 0x000078e2feda45c0] 
[2,943s][debug][gc,nmethod     ] GC(1) O: Purge NMethod: io.sirix.diff.algorithm.fmse.Levenshtein.getSimilarity (0x000078e2e041d188) [0x000078e2e041d2a0, 0x000078e2e041e568] 
[2,943s][debug][gc,nmethod     ] GC(1) O: Purge NMethod: java.lang.String.checkIndex (0x000078e2df40e808) [0x000078e2df40e900, 0x000078e2df40ea28] 
[2,943s][debug][gc,nmethod     ] GC(1) O: Purge NMethod: java.util.zip.Inflater.ensureOpen (0x000078e2df4c4788) [0x000078e2df4c4880, 0x000078e2df4c4b08] 
[2,943s][debug][gc,nmethod     ] GC(1) O: Purge NMethod: io.sirix.access.trx.node.xml.ForwardingXmlNodeReadOnlyTrx.moveToParent (0x000078e2dfc5d408) [0x000078e2dfc5d500, 0x000078e2dfc5db00] 
[2,943s][debug][gc,nmethod     ] GC(1) O: Purge NMethod: java.lang.Long.bitCount (0x000078e2dfa8ec88) [0x000078e2dfa8ed80, 0x000078e2dfa8eee8] 
[2,943s][debug][gc,nmethod     ] GC(1) O: Purge NMethod: io.sirix.access.trx.page.NodePageTrx.getRecord (0x000078e2dfafc908) [0x000078e2dfafca00, 0x000078e2dfafe9a0] 
[2,943s][debug][gc,nmethod     ] GC(1) O: Purge NMethod: io.sirix.access.trx.node.xml.ForwardingXmlNodeReadOnlyTrx.hasRightSibling (0x000078e2e02cf388) [0x000078e2e02cf480, 0x000078e2e02cfa80] 
[2,943s][debug][gc,nmethod     ] GC(1) O: Purge NMethod: java.net.URLStreamHandler.setURL (0x000078e2df5cac88) [0x000078e2df5cad80, 0x000078e2df5cc9b8] 
[2,943s][debug][gc,nmethod     ] GC(1) O: Purge NMethod: io.sirix.page.KeyValueLeafPage.setData (0x000078e2dfec7208) [0x000078e2dfec7300, 0x000078e2dff0ca80] 
[2,943s][debug][gc,nmethod     ] GC(1) O: Purge NMethod: io.sirix.access.trx.node.xml.XmlNodeReadOnlyTrxImpl.moveToAttribute (0x000078e2e001b088) [0x000078e2e001b180, 0x000078e2e001c828] 
[2,943s][debug][gc,nmethod     ] GC(1) O: Purge NMethod: java.util.concurrent.ConcurrentHashMap$EntrySpliterator.forEachRemaining (0x000078e2e0431988) [0x000078e2e0431a80, 0x000078e2e0431f60] 
[2,943s][debug][gc,nmethod     ] GC(1) O: Purge NMethod: io.sirix.access.trx.node.xml.ForwardingXmlNodeReadOnlyTrx.getLeftSiblingKey (0x000078e2e049d888) [0x000078e2e049d980, 0x000078e2e049db50] 
[2,943s][debug][gc,nmethod     ] GC(1) O: Purge NMethod: io.sirix.page.KeyValueLeafPage.getAvailableSpace (0x000078e2fed0da88) [0x000078e2fed0db80, 0x000078e2fed0dec8] 
[2,943s][debug][gc,nmethod     ] GC(1) O: Purge NMethod: io.sirix.access.trx.page.NodePageTrx.lambda$getPageContainer$0 (0x000078e2dff54008) [0x000078e2dff54100, 0x000078e2dff54ff8] 
[2,943s][debug][gc,nmethod     ] GC(1) O: Purge NMethod: java.util.HashMap$HashIterator.nextNode (0x000078e2df431c88) [0x000078e2df431d80, 0x000078e2df432398] 
[2,943s][debug][gc,nmethod     ] GC(1) O: Purge NMethod: java.lang.String.<init> (0x000078e2fed47108) [0x000078e2fed47200, 0x000078e2fed47a48] 
[2,943s][debug][gc,nmethod     ] GC(1) O: Purge NMethod: java.util.Arrays.copyOf (0x000078e2df47fa88) [0x000078e2df47fb80, 0x000078e2df480400] 
[2,943s][debug][gc,nmethod     ] GC(1) O: Purge NMethod: jdk.internal.loader.URLClassPath$JarLoader$1.getCodeSourceURL (0x000078e2df5e5188) [0x000078e2df5e5280, 0x000078e2df5e53e8] 
[2,943s][debug][gc,nmethod     ] GC(1) O: Purge NMethod: io.sirix.access.trx.node.AbstractNodeReadOnlyTrx.getStructuralNode (0x000078e2dfc5db88) [0x000078e2dfc5dc80, 0x000078e2dfc5e738] 
[2,943s][debug][gc,nmethod     ] GC(1) O: Purge NMethod: io.sirix.node.xml.ElementNode.hasParent (0x000078e2e0452f88) [0x000078e2e0453080, 0x000078e2e0453ce8] 
[2,943s][debug][gc,nmethod     ] GC(1) O: Purge NMethod: io.sirix.node.MemorySegmentBytesOut.writeInt (0x000078e2dfaec488) [0x000078e2dfaec580, 0x000078e2dfaec718] 
[2,943s][debug][gc,nmethod     ] GC(1) O: Purge NMethod: it.unimi.dsi.fastutil.shorts.AbstractShortList.ensureIndex (0x000078e2dff51288) [0x000078e2dff51380, 0x000078e2dff53660] 
[2,943s][debug][gc,nmethod     ] GC(1) O: Purge NMethod: jdk.internal.classfile.impl.StackMapGenerator.processBlock (0x000078e2df492c08) [0x000078e2df492d00, 0x000078e2df4c1fc8] 
[2,943s][debug][gc,nmethod     ] GC(1) O: Purge NMethod: java.util.regex.Pattern$Branch.match (0x000078e2e011cd08) [0x000078e2e011ce00, 0x000078e2e011d5d8] 
[2,943s][debug][gc,nmethod     ] GC(1) O: Purge NMethod: java.lang.CharacterDataLatin1.digit (0x000078e2df41e708) [0x000078e2df41e800, 0x000078e2df41ea18] 
[2,943s][debug][gc,nmethod     ] GC(1) O: Purge NMethod: io.sirix.access.trx.node.AbstractNodeReadOnlyTrx.moveTo (0x000078e2fece6008) [0x000078e2fece6100, 0x000078e2fece6bf8] 
[2,943s][debug][gc,nmethod     ] GC(1) O: Purge NMethod: io.sirix.utils.Pair.<init> (0x000078e2e041af88) [0x000078e2e041b080, 0x000078e2e041b268] 
[2,943s][debug][gc,nmethod     ] GC(1) O: Purge NMethod: io.sirix.access.trx.page.NodePageReadOnlyTrx.getMostRecentPage (0x000078e2dfff9e08) [0x000078e2dfff9f00, 0x000078e2dfffa808] 
[2,943s][debug][gc,nmethod     ] GC(1) O: Purge NMethod: java.util.Vector.elementAt (0x000078e2e0101888) [0x000078e2e0101980, 0x000078e2e0102cf8] 
[2,943s][debug][gc,nmethod     ] GC(1) O: Purge NMethod: java.util.concurrent.ConcurrentHashMap.putVal (0x000078e2df6ba908) [0x000078e2df6baa00, 0x000078e2df6bcf48] 
[2,943s][debug][gc,nmethod     ] GC(1) O: Purge NMethod: jdk.internal.classfile.impl.UnboundAttribute$AdHocAttribute.writeTo (0x000078e2df6cf988) [0x000078e2df6cfa80, 0x000078e2df6d14c0] 
[2,943s][debug][gc,nmethod     ] GC(1) O: Purge NMethod: jdk.internal.foreign.layout.ValueLayouts$AbstractValueLayout.varHandle (0x000078e2df81ee08) [0x000078e2df81ef00, 0x000078e2df81f8b8] 
[2,943s][debug][gc,nmethod     ] GC(1) O: Purge NMethod: jdk.internal.classfile.impl.AbstractPoolEntry$AbstractRefsEntry.<init> (0x000078e2df4fc688) [0x000078e2df4fc780, 0x000078e2df4fcf80] 
[2,943s][debug][gc,nmethod     ] GC(1) O: Purge NMethod: java.lang.ref.SoftReference.get (0x000078e2df575f08) [0x000078e2df576000, 0x000078e2df5761c0] 
[2,943s][debug][gc,nmethod     ] GC(1) O: Purge NMethod: io.sirix.node.SirixDeweyID.<init> (0x000078e2e03f2d08) [0x000078e2e03f2e00, 0x000078e2e03f3678] 
[2,943s][debug][gc,nmethod     ] GC(1) O: Purge NMethod: io.sirix.page.KeyValueLeafPage.getActualMemorySize (0x000078e2e0443d08) [0x000078e2e0443e00, 0x000078e2e0443ff8] 
[2,943s][debug][gc,nmethod     ] GC(1) O: Purge NMethod: io.sirix.index.name.Names.getName (0x000078e2dfb55688) [0x000078e2dfb55780, 0x000078e2dfb55c38] 
[2,943s][debug][gc,nmethod     ] GC(1) O: Purge NMethod: com.github.benmanes.caffeine.cache.LocalManualCache.getIfPresent (0x000078e2e0433d08) [0x000078e2e0433e00, 0x000078e2e0433f88] 
[2,943s][debug][gc,nmethod     ] GC(1) O: Purge NMethod: io.sirix.access.trx.page.NodePageTrx.lambda$getPageContainer$0 (0x000078e2fed86608) [0x000078e2fed86700, 0x000078e2fed87f68] 
[2,943s][debug][gc,nmethod     ] GC(1) O: Purge NMethod: java.lang.invoke.MethodType.methodType (0x000078e2feca6808) [0x000078e2feca6900, 0x000078e2feca76f0] 
[2,943s][debug][gc,nmethod     ] GC(1) O: Purge NMethod: io.sirix.access.trx.page.NodePageReadOnlyTrx.getValue (0x000078e2dff34f88) [0x000078e2dff35080, 0x000078e2dff36be0] 
[2,943s][debug][gc,nmethod     ] GC(1) O: Purge NMethod: io.sirix.cache.IndexLogKey.hashCode (0x000078e2dfb36488) [0x000078e2dfb36580, 0x000078e2dfb36928] 
[2,943s][debug][gc,nmethod     ] GC(1) O: Purge NMethod: io.sirix.node.AbstractForwardingNode.hasParent (0x000078e2e044fd88) [0x000078e2e044fe80, 0x000078e2e044ffd8] 
[2,943s][debug][gc,nmethod     ] GC(1) O: Purge NMethod: io.sirix.page.KeyValueLeafPage.getNumberOfNonNullEntries (0x000078e2e02ac208) [0x000078e2e02ac300, 0x000078e2e02ac8b0] 
[2,943s][debug][gc,nmethod     ] GC(1) O: Purge NMethod: java.lang.StringUTF16.compress (0x000078e2fec68f08) [0x000078e2fec690c0, 0x000078e2fec69518] 
[2,943s][debug][gc,nmethod     ] GC(1) O: Purge NMethod: jdk.internal.foreign.AbstractMemorySegmentImpl.checkAccess (0x000078e2df822f08) [0x000078e2df823000, 0x000078e2df823810] 
[2,943s][debug][gc,nmethod     ] GC(1) O: Purge NMethod: java.io.File.<init> (0x000078e2df6f6988) [0x000078e2df6f6a80, 0x000078e2df6f7948] 
[2,943s][debug][gc,nmethod     ] GC(1) O: Purge NMethod: jdk.internal.classfile.impl.SplitConstantPool.maybeCloneUtf8Entry (0x000078e2fec30c08) [0x000078e2fec30d00, 0x000078e2fec31240] 
[2,943s][debug][gc,nmethod     ] GC(1) O: Purge NMethod: io.sirix.page.KeyValueLeafPage.getSlotAsByteArray (0x000078e2df44f308) [0x000078e2df44f400, 0x000078e2df44fa98] 
[2,943s][debug][gc,nmethod     ] GC(1) O: Purge NMethod: io.sirix.access.trx.node.AbstractNodeReadOnlyTrx.moveTo (0x000078e2fed19808) [0x000078e2fed19900, 0x000078e2fed1ac10] 
[2,943s][debug][gc,nmethod     ] GC(1) O: Purge NMethod: io.sirix.node.GrowingMemorySegment.writeByte (0x000078e2dfb20788) [0x000078e2dfb20880, 0x000078e2dfb244a0] 
[2,943s][debug][gc,nmethod     ] GC(1) O: Purge NMethod: com.sun.org.apache.xerces.internal.dom.AttrNSImpl.getNamespaceURI (0x000078e2e0079a88) [0x000078e2e0079b80, 0x000078e2e007a150] 
[2,943s][debug][gc,nmethod     ] GC(1) O: Purge NMethod: jdk.internal.misc.Unsafe.putReferenceOpaque (0x000078e2dff0f108) [0x000078e2dff0f200, 0x000078e2dff0f378] 
[2,943s][debug][gc,nmethod     ] GC(1) O: Purge NMethod: io.sirix.access.trx.node.AbstractNodeHashing.setAddDescendants (0x000078e2dfb14488) [0x000078e2dfb14580, 0x000078e2dfb15108] 
[2,943s][debug][gc,nmethod     ] GC(1) O: Purge NMethod: java.util.LinkedHashMap.get (0x000078e2df85ba08) [0x000078e2df85bb00, 0x000078e2df85c0c0] 
[2,943s][debug][gc,nmethod     ] GC(1) O: Purge NMethod: java.util.concurrent.ConcurrentHashMap$EntrySetView.spliterator (0x000078e2e0431608) [0x000078e2e0431700, 0x000078e2e0431970] 
[2,943s][debug][gc,nmethod     ] GC(1) O: Purge NMethod: java.util.ArrayList.elementData (0x000078e2df47a908) [0x000078e2df47aa00, 0x000078e2df47ab90] 
[2,943s][debug][gc,nmethod     ] GC(1) O: Purge NMethod: io.sirix.access.trx.node.xml.ForwardingXmlNodeReadOnlyTrx.getValue (0x000078e2e040e608) [0x000078e2e040e700, 0x000078e2e040e8d0] 
[2,943s][debug][gc,nmethod     ] GC(1) O: Purge NMethod: io.sirix.cache.RecordPageCache$$Lambda/0x00000000922c48b0.apply (0x000078e2e0443408) [0x000078e2e0443500, 0x000078e2e0443698] 
[2,943s][debug][gc,nmethod     ] GC(1) O: Purge NMethod: java.lang.CharacterDataLatin1.getType (0x000078e2e0115808) [0x000078e2e0115900, 0x000078e2e0115c48] 
[2,943s][debug][gc,nmethod     ] GC(1) O: Purge NMethod: com.sun.org.apache.xerces.internal.dom.NamedNodeMapImpl.item (0x000078e2e00c0c88) [0x000078e2e00c0d80, 0x000078e2e00c15a0] 
[2,943s][debug][gc,nmethod     ] GC(1) O: Purge NMethod: io.sirix.page.delegates.BitmapReferencesPage.getOrCreateReference (0x000078e2dfadf888) [0x000078e2dfadf980, 0x000078e2dfae0038] 
[2,943s][debug][gc,nmethod     ] GC(1) O: Purge NMethod: com.github.benmanes.caffeine.cache.BoundedLocalCache$EntryIterator.next (0x000078e2e052ad88) [0x000078e2e052ae80, 0x000078e2e052b588] 
[2,943s][debug][gc,nmethod     ] GC(1) O: Purge NMethod: jdk.internal.misc.Unsafe.weakCompareAndSetLongRelease (0x000078e2e0373a08) [0x000078e2e0373b00, 0x000078e2e0373c20] 
[2,943s][debug][gc,nmethod     ] GC(1) O: Purge NMethod: io.sirix.axis.DescendantAxis.nextKey (0x000078e2e049b408) [0x000078e2e049b500, 0x000078e2e049bc00] 
[2,943s][debug][gc,nmethod     ] GC(1) O: Purge NMethod: io.sirix.axis.AbstractAxis.asXmlNodeReadTrx (0x000078e2e03d5e08) [0x000078e2e03d5f00, 0x000078e2e03d6560] 
[2,943s][debug][gc,nmethod     ] GC(1) O: Purge NMethod: io.sirix.cache.LinuxMemorySegmentAllocator.partitionVirtualRegion (0x000078e2df400c88) [0x000078e2df400d80, 0x000078e2df401d00] 
[2,943s][debug][gc,nmethod     ] GC(1) O: Purge NMethod: io.sirix.diff.algorithm.fmse.LeafNodeComparator.isEqual (0x000078e2e041fe08) [0x000078e2e041ff40, 0x000078e2e04253f0] 
[2,943s][debug][gc,nmethod     ] GC(1) O: Purge NMethod: java.lang.invoke.InnerClassLambdaMetafactory$6.accept (0x000078e2df968d08) [0x000078e2df968e00, 0x000078e2df96f118] 
[2,943s][debug][gc,nmethod     ] GC(1) O: Purge NMethod: jdk.internal.foreign.AbstractMemorySegmentImpl.asSlice (0x000078e2df865608) [0x000078e2df865700, 0x000078e2df8659f8] 
[2,943s][debug][gc,nmethod     ] GC(1) O: Purge NMethod: io.sirix.access.trx.node.xml.XmlNodeTrxImpl.nodeReadOnlyTrxDelegate (0x000078e2dfb1a708) [0x000078e2dfb1a800, 0x000078e2dfb1ab50] 
[2,943s][debug][gc,nmethod     ] GC(1) O: Purge NMethod: jdk.internal.misc.Unsafe.copyMemory (0x000078e2df7d3008) [0x000078e2df7d3100, 0x000078e2df7d46c0] 
[2,944s][debug][gc,nmethod     ] GC(1) O: Purge NMethod: java.lang.AbstractStringBuilder.append (0x000078e2fec26688) [0x000078e2fec26780, 0x000078e2fec26f30] 
[2,944s][debug][gc,nmethod     ] GC(1) O: Purge NMethod: jdk.internal.classfile.impl.Util.parameterSlots (0x000078e2df4fb708) [0x000078e2df4fb800, 0x000078e2df4fbc90] 
[2,944s][debug][gc,nmethod     ] GC(1) O: Purge NMethod: jdk.internal.classfile.impl.RawBytecodeHelper.getU2Unchecked (0x000078e2df56e888) [0x000078e2df56e980, 0x000078e2df56ed08] 
[2,944s][debug][gc,nmethod     ] GC(1) O: Purge NMethod: io.sirix.diff.algorithm.fmse.Matching.contains (0x000078e2e04c9208) [0x000078e2e04c9300, 0x000078e2e04c95c8] 
[2,944s][debug][gc,nmethod     ] GC(1) O: Purge NMethod: jdk.internal.classfile.impl.SplitConstantPool.maybeCloneUtf8Entry (0x000078e2df4e9b88) [0x000078e2df4e9c80, 0x000078e2df4ead20] 
[2,944s][debug][gc,nmethod     ] GC(1) O: Purge NMethod: java.lang.String.equalsIgnoreCase (0x000078e2df520788) [0x000078e2df520880, 0x000078e2df521a08] 
[2,944s][debug][gc,nmethod     ] GC(1) O: Purge NMethod: com.sun.org.apache.xml.internal.serializer.ToXMLSAXHandler.namespaceAfterStartElement (0x000078e2e0156608) [0x000078e2e0156700, 0x000078e2e0156a00] 
[2,944s][debug][gc,nmethod     ] GC(1) O: Purge NMethod: io.sirix.access.trx.node.xml.ForwardingXmlNodeReadOnlyTrx.hasFirstChild (0x000078e2e02cdd08) [0x000078e2e02cde00, 0x000078e2e02ce400] 
[2,944s][debug][gc,nmethod     ] GC(1) O: Purge NMethod: io.sirix.axis.DescendantAxis.nextKey (0x000078e2feda5f08) [0x000078e2feda6000, 0x000078e2feda8fb0] 
[2,944s][debug][gc,nmethod     ] GC(1) O: Purge NMethod: java.nio.Buffer.position (0x000078e2df770a08) [0x000078e2df770b00, 0x000078e2df770d40] 
[2,944s][debug][gc,nmethod     ] GC(1) O: Purge NMethod: com.sun.org.apache.xerces.internal.impl.XMLEntityScanner.skipSpaces (0x000078e2fed20188) [0x000078e2fed20280, 0x000078e2fed207e8] 
[2,944s][debug][gc,nmethod     ] GC(1) O: Purge NMethod: sun.net.www.protocol.file.Handler.parseURL (0x000078e2df6e5208) [0x000078e2df6e5300, 0x000078e2df6e5670] 
[2,944s][debug][gc,nmethod     ] GC(1) O: Purge NMethod: com.github.benmanes.caffeine.cache.BoundedLocalCache.refreshIfNeeded (0x000078e2e03e7c08) [0x000078e2e03e7d00, 0x000078e2e03e7e10] 
[2,944s][debug][gc,nmethod     ] GC(1) O: Purge NMethod: jdk.internal.classfile.impl.SplitConstantPool.writeTo (0x000078e2df6b5288) [0x000078e2df6b5380, 0x000078e2df6b7b60] 
[2,944s][debug][gc,nmethod     ] GC(1) O: Purge NMethod: io.sirix.page.KeyValueLeafPage.getAvailableSpace (0x000078e2dfda0008) [0x000078e2dfda0100, 0x000078e2dfda5bc0] 
[2,944s][debug][gc,nmethod     ] GC(1) O: Purge NMethod: java.lang.StringConcatHelper.prepend (0x000078e2df4ec988) [0x000078e2df4eca80, 0x000078e2df4ee1d0] 
[2,944s][debug][gc,nmethod     ] GC(1) O: Purge NMethod: io.sirix.access.trx.page.NodePageReadOnlyTrx.getLeafPageReference (0x000078e2fed87f88) [0x000078e2fed88080, 0x000078e2fed89698] 
[2,944s][debug][gc,nmethod     ] GC(1) O: Purge NMethod: io.sirix.access.trx.page.NodePageTrx.prepareRecordPage (0x000078e2dfd46108) [0x000078e2dfd46200, 0x000078e2dfd487a8] 
[2,944s][debug][gc,nmethod     ] GC(1) O: Purge NMethod: java.lang.Object.<init> (0x000078e2febe6b08) [0x000078e2febe6c00, 0x000078e2febe6c80] 
[2,944s][debug][gc,nmethod     ] GC(1) O: Purge NMethod: io.sirix.access.trx.node.xml.ForwardingXmlNodeReadOnlyTrx.getValue (0x000078e2e0419008) [0x000078e2e0419100, 0x000078e2e04196e0] 
[2,944s][debug][gc,nmethod     ] GC(1) O: Purge NMethod: io.sirix.access.trx.page.NodePageTrx.prepareRecordForModification (0x000078e2fece4308) [0x000078e2fece4400, 0x000078e2fece55d8] 
[2,944s][debug][gc,nmethod     ] GC(1) O: Purge NMethod: java.util.Arrays.fill (0x000078e2fec32e88) [0x000078e2fec32f80, 0x000078e2fec331a8] 
[2,944s][debug][gc,nmethod     ] GC(1) O: Purge NMethod: io.sirix.access.trx.page.NodePageReadOnlyTrx.getLeafPageReference (0x000078e2dff53c08) [0x000078e2dff53d00, 0x000078e2dff53ff8] 
[2,944s][debug][gc,nmethod     ] GC(1) O: Purge NMethod: io.sirix.node.GrowingMemorySegment.writeInt (0x000078e2dfafea08) [0x000078e2dfafeb00, 0x000078e2dfb02940] 
[2,944s][debug][gc,nmethod     ] GC(1) O: Purge NMethod: java.util.ArrayList.iterator (0x000078e2df5c4388) [0x000078e2df5c4480, 0x000078e2df5c4780] 
[2,944s][debug][gc,nmethod     ] GC(1) O: Purge NMethod: java.lang.Integer.valueOf (0x000078e2df52cb88) [0x000078e2df52cc80, 0x000078e2df52cf98] 
[2,944s][debug][gc,nmethod     ] GC(1) O: Purge NMethod: java.lang.String.getBytes (0x000078e2e0114488) [0x000078e2e0114580, 0x000078e2e0114a88] 
[2,944s][debug][gc,nmethod     ] GC(1) O: Purge NMethod: io.sirix.access.trx.node.xml.ForwardingXmlNodeReadOnlyTrx.getKind (0x000078e2e03d8908) [0x000078e2e03d8a00, 0x000078e2e03d8fe0] 
[2,944s][debug][gc,nmethod     ] GC(1) O: Purge NMethod: java.io.UnixFileSystem.hasBooleanAttributes (0x000078e2df566608) [0x000078e2df566700, 0x000078e2df567288] 
[2,944s][debug][gc,nmethod     ] GC(1) O: Purge NMethod: java.nio.Buffer.session (0x000078e2df486a08) [0x000078e2df486b00, 0x000078e2df486f08] 
[2,944s][debug][gc,nmethod     ] GC(1) O: Purge NMethod: java.lang.Short.valueOf (0x000078e2dff33888) [0x000078e2dff33980, 0x000078e2dff33c98] 
[2,944s][debug][gc,nmethod     ] GC(1) O: Purge NMethod: io.sirix.access.trx.page.NodePageTrx.getMostRecentPageContainer (0x000078e2dff43d08) [0x000078e2dff43e00, 0x000078e2dff44430] 
[2,944s][debug][gc,nmethod     ] GC(1) O: Purge NMethod: jdk.internal.util.DecimalDigits.uncheckedPutCharLatin1 (0x000078e2df8b2b88) [0x000078e2df8b2c80, 0x000078e2df8b2d80] 
[2,944s][debug][gc,nmethod     ] GC(1) O: Purge NMethod: io.sirix.access.trx.node.xml.ForwardingXmlNodeReadOnlyTrx.moveToAttribute (0x000078e2fedb4888) [0x000078e2fedb4980, 0x000078e2fedb5fa0] 
[2,944s][debug][gc,nmethod     ] GC(1) O: Purge NMethod: java.lang.invoke.VarHandle.checkAccessModeThenIsDirect (0x000078e2df58c088) [0x000078e2df58c180, 0x000078e2df58d328] 
[2,944s][debug][gc,nmethod     ] GC(1) O: Purge NMethod: java.lang.Thread.interrupted (0x000078e2dfa8ff88) [0x000078e2dfa90080, 0x000078e2dfa90448] 
[2,944s][debug][gc,nmethod     ] GC(1) O: Purge NMethod: com.github.benmanes.caffeine.cache.BoundedLocalCache.hasExpired (0x000078e2e02a7508) [0x000078e2e02a7600, 0x000078e2e02a96a8] 
[2,944s][debug][gc,nmethod     ] GC(1) O: Purge NMethod: jdk.internal.misc.ScopedMemoryAccess.putLongUnaligned (0x000078e2dfa9c908) [0x000078e2dfa9ca00, 0x000078e2dfa9d888] 
[2,944s][debug][gc,nmethod     ] GC(1) O: Purge NMethod: java.lang.invoke.InnerClassLambdaMetafactory$3.accept (0x000078e2df95b388) [0x000078e2df95b480, 0x000078e2df95da18] 
[2,944s][debug][gc,nmethod     ] GC(1) O: Purge NMethod: java.util.stream.Collectors$$Lambda/0x0000000092114238.accept (0x000078e2fec7f008) [0x000078e2fec7f100, 0x000078e2fec7f9b0] 
[2,944s][debug][gc,nmethod     ] GC(1) O: Purge NMethod: io.sirix.page.KeyValueLeafPage.getAvailableSpace (0x000078e2e02b1288) [0x000078e2e02b1380, 0x000078e2e02b6e40] 
[2,944s][debug][gc,nmethod     ] GC(1) O: Purge NMethod: java.lang.String.lastIndexOf (0x000078e2df457188) [0x000078e2df457280, 0x000078e2df457720] 
[2,944s][debug][gc,nmethod     ] GC(1) O: Purge NMethod: io.sirix.node.xml.ElementNode.hasRightSibling (0x000078e2dfd1a408) [0x000078e2dfd1a500, 0x000078e2dfd1f938] 
[2,944s][debug][gc,nmethod     ] GC(1) O: Purge NMethod: java.lang.String.checkBoundsBeginEnd (0x000078e2df41f388) [0x000078e2df41f480, 0x000078e2df41f698] 
[2,944s][debug][gc,nmethod     ] GC(1) O: Purge NMethod: java.util.HashMap.containsKey (0x000078e2df433508) [0x000078e2df433600, 0x000078e2df433940] 
[2,944s][debug][gc,nmethod     ] GC(1) O: Purge NMethod: io.sirix.access.trx.page.NodePageTrx.getPageContainer (0x000078e2fedab008) [0x000078e2fedab100, 0x000078e2fedac6f8] 
[2,944s][debug][gc,nmethod     ] GC(1) O: Purge NMethod: java.util.ArrayList.get (0x000078e2df47af08) [0x000078e2df47b000, 0x000078e2df47b2a8] 
[2,944s][debug][gc,nmethod     ] GC(1) O: Purge NMethod: java.util.ArrayList.toArray (0x000078e2df83e408) [0x000078e2df83e500, 0x000078e2df83e8e0] 
[2,944s][debug][gc,nmethod     ] GC(1) O: Purge NMethod: jdk.internal.foreign.AbstractMemorySegmentImpl.checkBounds (0x000078e2df51bd88) [0x000078e2df51be80, 0x000078e2df51c110] 
[2,944s][debug][gc,nmethod     ] GC(1) O: Purge NMethod: jdk.internal.misc.Unsafe.putLongUnaligned (0x000078e2df402388) [0x000078e2df402480, 0x000078e2df4028b8] 
[2,944s][debug][gc,nmethod     ] GC(1) O: Purge NMethod: com.github.benmanes.caffeine.cache.BoundedLocalCache$UpdateTask.run (0x000078e2e042c988) [0x000078e2e042ca80, 0x000078e2e042dc80] 
[2,944s][debug][gc,nmethod     ] GC(1) O: Purge NMethod: io.sirix.node.MemorySegmentBytesOut.writeByte (0x000078e2dfb1a408) [0x000078e2dfb1a500, 0x000078e2dfb1a698] 
[2,944s][debug][gc,nmethod     ] GC(1) O: Purge NMethod: jdk.internal.classfile.impl.DirectCodeBuilder.parameterSlot (0x000078e2df859a88) [0x000078e2df859b80, 0x000078e2df859d38] 
[2,944s][debug][gc,nmethod     ] GC(1) O: Purge NMethod: jdk.internal.misc.Unsafe.putIntRelease (0x000078e2dffb7288) [0x000078e2dffb7380, 0x000078e2dffb7488] 
[2,944s][debug][gc,nmethod     ] GC(1) O: Purge NMethod: com.sun.org.apache.xerces.internal.xni.QName.setValues (0x000078e2dfb49708) [0x000078e2dfb49800, 0x000078e2dfb49bb8] 
[2,944s][debug][gc,nmethod     ] GC(1) O: Purge NMethod: net.openhft.hashing.MathsJDK9.unsignedLongMulXorFoldImp (0x000078e2dfb0c188) [0x000078e2dfb0c280, 0x000078e2dfb0c400] 
[2,944s][debug][gc,nmethod     ] GC(1) O: Purge NMethod: io.sirix.access.trx.node.xml.ForwardingXmlNodeReadOnlyTrx.getNodeKey (0x000078e2e03cfd88) [0x000078e2e03cfe80, 0x000078e2e03d0460] 
[2,944s][debug][gc,nmethod     ] GC(1) O: Purge NMethod: io.sirix.access.trx.node.xml.ForwardingXmlNodeReadOnlyTrx.moveTo (0x000078e2fed89d08) [0x000078e2fed89e00, 0x000078e2fed8b1f8] 
[2,944s][debug][gc,nmethod     ] GC(1) O: Purge NMethod: com.sun.org.apache.bcel.internal.util.InstructionFinder.makeChar (0x000078e2e011ad08) [0x000078e2e011ae00, 0x000078e2e011af20] 
[2,944s][debug][gc,nmethod     ] GC(1) O: Purge NMethod: java.lang.StringBuilder.charAt (0x000078e2e00f0888) [0x000078e2e00f0980, 0x000078e2e00f0ab8] 
[2,944s][debug][gc,nmethod     ] GC(1) O: Purge NMethod: java.lang.String.regionMatches (0x000078e2df4c5688) [0x000078e2df4c5780, 0x000078e2df4c6b78] 
[2,944s][debug][gc,nmethod     ] GC(1) O: Purge NMethod: com.sun.org.apache.xml.internal.dtm.ref.DTMAxisIteratorBase.resetPosition (0x000078e2e0157308) [0x000078e2e0157400, 0x000078e2e0157508] 
[2,944s][debug][gc,nmethod     ] GC(1) O: Purge NMethod: java.lang.Integer.<init> (0x000078e2df529d88) [0x000078e2df529e80, 0x000078e2df52a040] 
[2,944s][debug][gc,nmethod     ] GC(1) O: Purge NMethod: jdk.internal.classfile.impl.SplitConstantPool.classEntryForClassOrInterface (0x000078e2df512508) [0x000078e2df512600, 0x000078e2df514b90] 
[2,944s][debug][gc,nmethod     ] GC(1) O: Purge NMethod: java.lang.Integer.compare (0x000078e2df767f08) [0x000078e2df768000, 0x000078e2df7681b0] 
[2,944s][debug][gc,nmethod     ] GC(1) O: Purge NMethod: java.util.stream.StreamOpFlag.fromCharacteristics (0x000078e2df7c7388) [0x000078e2df7c7480, 0x000078e2df7c7a08] 
[2,944s][debug][gc,nmethod     ] GC(1) O: Purge NMethod: java.io.BufferedOutputStream.write (0x000078e2e0000088) [0x000078e2e0000180, 0x000078e2e0000e98] 
[2,944s][debug][gc,nmethod     ] GC(1) O: Purge NMethod: io.sirix.access.trx.node.AbstractNodeReadOnlyTrx.hasParent (0x000078e2e044f108) [0x000078e2e044f200, 0x000078e2e044f438] 
[2,944s][debug][gc,nmethod     ] GC(1) O: Purge NMethod: io.sirix.node.SirixDeweyID.setDivisionBitArray (0x000078e2e02d1508) [0x000078e2e02d1600, 0x000078e2e02d1c30] 
[2,944s][debug][gc,nmethod     ] GC(1) O: Purge NMethod: com.github.benmanes.caffeine.cache.BoundedLocalCache.expirationTicker (0x000078e2dff33588) [0x000078e2dff33680, 0x000078e2dff337e0] 
[2,944s][debug][gc,nmethod     ] GC(1) O: Purge NMethod: io.sirix.access.trx.node.xml.ForwardingXmlNodeReadOnlyTrx.getAttributeCount (0x000078e2fedc9588) [0x000078e2fedc9680, 0x000078e2fedc99e0] 
[2,944s][debug][gc,nmethod     ] GC(1) O: Purge NMethod: io.sirix.access.trx.node.xml.XmlNodeReadOnlyTrxImpl.getAttributeCount (0x000078e2e0029108) [0x000078e2e0029200, 0x000078e2e002a160] 
[2,944s][debug][gc,nmethod     ] GC(1) O: Purge NMethod: java.util.concurrent.ConcurrentLinkedDeque.linkLast (0x000078e2dfa1b408) [0x000078e2dfa1b500, 0x000078e2dfa205f8] 
[2,944s][debug][gc,nmethod     ] GC(1) O: Purge NMethod: java.lang.String.lastIndexOf (0x000078e2df457788) [0x000078e2df457880, 0x000078e2df458378] 
[2,944s][debug][gc,nmethod     ] GC(1) O: Purge NMethod: java.util.concurrent.atomic.AtomicLong.addAndGet (0x000078e2dfb5cf88) [0x000078e2dfb5d080, 0x000078e2dfb5d190] 
[2,944s][debug][gc,nmethod     ] GC(1) O: Purge NMethod: java.util.Arrays.fill (0x000078e2df5cca08) [0x000078e2df5ccb00, 0x000078e2df5ccf28] 
[2,944s][debug][gc,nmethod     ] GC(1) O: Purge NMethod: java.util.HashMap.resize (0x000078e2df617988) [0x000078e2df617aa0, 0x000078e2df619780] 
[2,944s][debug][gc,nmethod     ] GC(1) O: Purge NMethod: jdk.internal.misc.Unsafe.putIntUnaligned (0x000078e2df63a708) [0x000078e2df63a800, 0x000078e2df63aa30] 
[2,944s][debug][gc,nmethod     ] GC(1) O: Purge NMethod: jdk.internal.classfile.impl.StackMapGenerator$Frame.checkStack (0x000078e2df4f7e88) [0x000078e2df4f7f80, 0x000078e2df4f8bc8] 
[2,945s][debug][gc,nmethod     ] GC(1) O: Purge NMethod: com.sun.org.apache.xerces.internal.impl.XMLEntityScanner.checkEntityLimit (0x000078e2dfaeb908) [0x000078e2dfaeba00, 0x000078e2dfaebcf8] 
[2,945s][debug][gc,nmethod     ] GC(1) O: Purge NMethod: io.sirix.page.NamePage.getName (0x000078e2dfb55f88) [0x000078e2dfb56080, 0x000078e2dfb576f0] 
[2,945s][debug][gc,nmethod     ] GC(1) O: Purge NMethod: java.lang.CharacterDataLatin1.equalsIgnoreCase (0x000078e2df4c4388) [0x000078e2df4c4480, 0x000078e2df4c4718] 
[2,945s][debug][gc,nmethod     ] GC(1) O: Purge NMethod: java.lang.Boolean.valueOf (0x000078e2df871988) [0x000078e2df871a80, 0x000078e2df871bd8] 
[2,945s][debug][gc,nmethod     ] GC(1) O: Purge NMethod: io.sirix.access.trx.node.AbstractNodeReadOnlyTrx.getPathNodeKey (0x000078e2e0410c88) [0x000078e2e0410d80, 0x000078e2e04113a0] 
[2,945s][debug][gc,nmethod     ] GC(1) O: Purge NMethod: sun.net.www.ParseUtil.encodePath (0x000078e2df5a5b88) [0x000078e2df5a5c80, 0x000078e2df5a5e68] 
[2,945s][debug][gc,nmethod     ] GC(1) O: Purge NMethod: java.util.concurrent.atomic.Striped64.casBase (0x000078e2e0374788) [0x000078e2e0374880, 0x000078e2e03756f0] 
[2,945s][debug][gc,nmethod     ] GC(1) O: Purge NMethod: io.sirix.axis.AbstractAxis.hasNext (0x000078e2dfb05108) [0x000078e2dfb05200, 0x000078e2dfb05cc8] 
[2,945s][debug][gc,nmethod     ] GC(1) O: Purge NMethod: io.sirix.index.path.summary.PathSummaryReader.assertNotClosed (0x000078e2dfa9a708) [0x000078e2dfa9a800, 0x000078e2dfa9aa08] 
[2,945s][debug][gc,nmethod     ] GC(1) O: Purge NMethod: io.sirix.access.trx.page.NodePageReadOnlyTrx.getPageReference (0x000078e2dff57088) [0x000078e2dff57180, 0x000078e2dff60238] 
[2,945s][debug][gc,nmethod     ] GC(1) O: Purge NMethod: io.sirix.diff.algorithm.fmse.FMSENodeComparisonUtils.nodeValuesEqual (0x000078e2e041c908) [0x000078e2e041ca00, 0x000078e2e041d130] 
[2,945s][debug][gc,nmethod     ] GC(1) O: Purge NMethod: io.sirix.access.trx.page.NodePageTrx.getMostRecentPageContainer (0x000078e2fecdd988) [0x000078e2fecdda80, 0x000078e2fecdde58] 
[2,945s][debug][gc,nmethod     ] GC(1) O: Purge NMethod: jdk.internal.classfile.impl.AbstractPoolEntry$AbstractRefEntry.<init> (0x000078e2df4fbd08) [0x000078e2df4fbe00, 0x000078e2df4fc358] 
[2,945s][debug][gc,nmethod     ] GC(1) O: Purge NMethod: io.sirix.node.AbstractForwardingNode.getNodeKey (0x000078e2fece2108) [0x000078e2fece2200, 0x000078e2fece23a0] 
[2,945s][debug][gc,nmethod     ] GC(1) O: Purge NMethod: com.sun.org.apache.xerces.internal.dom.DeferredDocumentImpl.setChunkIndex (0x000078e2e0054308) [0x000078e2e0054400, 0x000078e2e0054740] 
[2,945s][debug][gc,nmethod     ] GC(1) O: Purge NMethod: io.sirix.access.trx.node.AbstractNodeReadOnlyTrx.moveToParent (0x000078e2dfc5e788) [0x000078e2dfc5e880, 0x000078e2dfc5f0e0] 
[2,945s][debug][gc,nmethod     ] GC(1) O: Purge NMethod: java.util.BitSet.cardinality (0x000078e2dfab3c88) [0x000078e2dfab3d80, 0x000078e2dfab3fe0] 
[2,945s][debug][gc,nmethod     ] GC(1) O: Purge NMethod: io.sirix.node.GrowingMemorySegment.writeLong (0x000078e2fece5908) [0x000078e2fece5a00, 0x000078e2fece5cc8] 
[2,945s][debug][gc,nmethod     ] GC(1) O: Purge NMethod: com.github.benmanes.caffeine.cache.BoundedLocalCache.tryExpireAfterRead (0x000078e2e0444008) [0x000078e2e0444100, 0x000078e2e04441f8] 
[2,945s][debug][gc,nmethod     ] GC(1) O: Purge NMethod: java.lang.String.<init> (0x000078e2df55df08) [0x000078e2df55e000, 0x000078e2df561e70] 
[2,945s][debug][gc,nmethod     ] GC(1) O: Purge NMethod: jdk.xml.internal.XMLSecurityManager.isOverLimit (0x000078e2dfb36988) [0x000078e2dfb36a80, 0x000078e2dfb38060] 
[2,945s][debug][gc,nmethod     ] GC(1) O: Purge NMethod: java.lang.invoke.VarHandleGuards.guard_LI_I (0x000078e2df58ec88) [0x000078e2df58ed80, 0x000078e2df591c58] 
[2,945s][debug][gc,nmethod     ] GC(1) O: Purge NMethod: java.util.HashMap.computeIfAbsent (0x000078e2df530988) [0x000078e2df530a80, 0x000078e2df533288] 
[2,945s][debug][gc,nmethod     ] GC(1) O: Purge NMethod: com.sun.org.apache.xerces.internal.util.XMLChar.isSpace (0x000078e2dfb1ab88) [0x000078e2dfb1ac80, 0x000078e2dfb1ae08] 
[2,945s][debug][gc,nmethod     ] GC(1) O: Purge NMethod: jdk.internal.classfile.impl.StackMapGenerator.processBlock (0x000078e2fec97f08) [0x000078e2fec98000, 0x000078e2fec99ae0] 
[2,945s][debug][gc,nmethod     ] GC(1) O: Purge NMethod: java.lang.invoke.VarHandleGuards.guard_LLL_Z (0x000078e2df855c88) [0x000078e2df855d80, 0x000078e2df858c80] 
[2,945s][debug][gc,nmethod     ] GC(1) O: Purge NMethod: org.custommonkey.xmlunit.DifferenceEngine.unequalNotNull (0x000078e2e0260288) [0x000078e2e0260380, 0x000078e2e0261fe0] 
[2,945s][debug][gc,nmethod     ] GC(1) O: Purge NMethod: jdk.internal.foreign.SegmentFactories.initNativeMemory (0x000078e2df8bc208) [0x000078e2df8bc300, 0x000078e2df8bc4a0] 
[2,945s][debug][gc,nmethod     ] GC(1) O: Purge NMethod: java.lang.Number.<init> (0x000078e2df529108) [0x000078e2df529200, 0x000078e2df529358] 
[2,945s][debug][gc,nmethod     ] GC(1) O: Purge NMethod: java.net.URL.<init> (0x000078e2df5ce888) [0x000078e2df5ce980, 0x000078e2df5d5098] 
[2,945s][debug][gc,nmethod     ] GC(1) O: Purge NMethod: io.sirix.axis.AbstractAxis.hasNext (0x000078e2fed72e88) [0x000078e2fed72f80, 0x000078e2fed73620] 
