ADMITTED,2026-10-05T22:33:33Z
WARNING: Using incubator modules: jdk.incubator.vector
RUN,p00-baseline,pid=2779818,java=25.0.3,identity=false,warmups=24,samples=17
JVM,p00-baseline,maxHeap=3221225472,arguments=[-XX:ThreadPriorityPolicy=1, -XX:+UnlockExperimentalVMOptions, -XX:+EnableJVMCIProduct, -XX:+EnableJVMCI, -XX:-UnlockExperimentalVMOptions, -ea, -Xms512m, -Xmx3g, --add-opens=java.base/sun.nio.ch=ALL-UNNAMED, --add-opens=java.base/java.nio=ALL-UNNAMED, --add-modules=jdk.incubator.vector, --enable-native-access=ALL-UNNAMED, -XX:+EnableDynamicAgentLoading, -XX:+UnlockDiagnosticVMOptions, -XX:+DebugNonSafepoints, --add-modules=jdk.incubator.vector, -Dfile.encoding=UTF-8, -Djava.io.tmpdir=/home/johannes/.treehouse/sirix-cdde48/20/sirix/build/replay/tmp, -Dlogback.configurationFile=/home/johannes/.treehouse/sirix-cdde48/20/sirix/build/replay/latency/quiet.xml, -Dsirix.replay.workDiag=false, -Dsirix.hot.mergeDiag=false, -Dsirix.replay.bench.scenarios=append]
COLUMNS,label,scenario,iteration,metric,nanos,threadAllocatedBytes,recordVisits,createdIdentities,stagedRecords,ancestorSteps,sidecarReads,fallbackPages,pathSteps,bookkeepingOperations
WARNING: A terminally deprecated method in sun.misc.Unsafe has been called
WARNING: sun.misc.Unsafe::arrayBaseOffset has been called by net.openhft.hashing.UnsafeAccess (file:/home/johannes/.gradle/caches/modules-2/files-2.1/net.openhft/zero-allocation-hashing/2026.0/2447494f7842ca377b4ccdba2089a8da5c1d1b50/zero-allocation-hashing-2026.0.jar)
WARNING: Please consider reporting this to the maintainers of class net.openhft.hashing.UnsafeAccess
WARNING: sun.misc.Unsafe::arrayBaseOffset will be removed in a future release
SAMPLE,p00-baseline,append,0,bulkAppendCommit,47456267,36767248,-1,-1,-1,-1,-1,-1,-1,-1
SAMPLE,p00-baseline,append,0,publicCompactDiff,31120019,35803696,-1,-1,-1,-1,-1,-1,-1,-1
SAMPLE,p00-baseline,append,0,publicMaterializedDiff,30917876,35614952,-1,-1,-1,-1,-1,-1,-1,-1
SAMPLE,p00-baseline,append,0,replayRead,37320676,35398256,-1,-1,-1,-1,-1,-1,-1,-1
SAMPLE,p00-baseline,append,0,unchangedPublicDiff,309393,16904,-1,-1,-1,-1,-1,-1,-1,-1
SAMPLE,p00-baseline,append,0,revisionCopy,93343859,49127824,-1,-1,-1,-1,-1,-1,-1,-1
SAMPLE,p00-baseline,append,1,bulkAppendCommit,51053009,36767552,-1,-1,-1,-1,-1,-1,-1,-1
SAMPLE,p00-baseline,append,1,publicCompactDiff,31815492,35803768,-1,-1,-1,-1,-1,-1,-1,-1
SAMPLE,p00-baseline,append,1,publicMaterializedDiff,31484962,35614888,-1,-1,-1,-1,-1,-1,-1,-1
SAMPLE,p00-baseline,append,1,replayRead,28926302,35398160,-1,-1,-1,-1,-1,-1,-1,-1
SAMPLE,p00-baseline,append,1,unchangedPublicDiff,283629,16840,-1,-1,-1,-1,-1,-1,-1,-1
SAMPLE,p00-baseline,append,1,revisionCopy,91890003,49130656,-1,-1,-1,-1,-1,-1,-1,-1
SAMPLE,p00-baseline,append,2,bulkAppendCommit,46745583,36768264,-1,-1,-1,-1,-1,-1,-1,-1
SAMPLE,p00-baseline,append,2,publicCompactDiff,32431210,35803792,-1,-1,-1,-1,-1,-1,-1,-1
SAMPLE,p00-baseline,append,2,publicMaterializedDiff,28744919,35614952,-1,-1,-1,-1,-1,-1,-1,-1
SAMPLE,p00-baseline,append,2,replayRead,32535931,35398256,-1,-1,-1,-1,-1,-1,-1,-1
SAMPLE,p00-baseline,append,2,unchangedPublicDiff,291419,16904,-1,-1,-1,-1,-1,-1,-1,-1
SAMPLE,p00-baseline,append,2,revisionCopy,94559067,49127160,-1,-1,-1,-1,-1,-1,-1,-1
SAMPLE,p00-baseline,append,3,bulkAppendCommit,47342074,36768728,-1,-1,-1,-1,-1,-1,-1,-1
SAMPLE,p00-baseline,append,3,publicCompactDiff,34575074,35803896,-1,-1,-1,-1,-1,-1,-1,-1
SAMPLE,p00-baseline,append,3,publicMaterializedDiff,30682962,35615016,-1,-1,-1,-1,-1,-1,-1,-1
SAMPLE,p00-baseline,append,3,replayRead,31019104,35398352,-1,-1,-1,-1,-1,-1,-1,-1
SAMPLE,p00-baseline,append,3,unchangedPublicDiff,255884,16904,-1,-1,-1,-1,-1,-1,-1,-1
SAMPLE,p00-baseline,append,3,revisionCopy,86780902,49119344,-1,-1,-1,-1,-1,-1,-1,-1
SAMPLE,p00-baseline,append,4,bulkAppendCommit,43221803,36762128,-1,-1,-1,-1,-1,-1,-1,-1
SAMPLE,p00-baseline,append,4,publicCompactDiff,28354444,35803728,-1,-1,-1,-1,-1,-1,-1,-1
SAMPLE,p00-baseline,append,4,publicMaterializedDiff,28985699,35614952,-1,-1,-1,-1,-1,-1,-1,-1
SAMPLE,p00-baseline,append,4,replayRead,27427023,35398256,-1,-1,-1,-1,-1,-1,-1,-1
SAMPLE,p00-baseline,append,4,unchangedPublicDiff,268686,17232,-1,-1,-1,-1,-1,-1,-1,-1
SAMPLE,p00-baseline,append,4,revisionCopy,94158384,49118536,-1,-1,-1,-1,-1,-1,-1,-1
SAMPLE,p00-baseline,append,5,bulkAppendCommit,47126543,36762808,-1,-1,-1,-1,-1,-1,-1,-1
SAMPLE,p00-baseline,append,5,publicCompactDiff,29904639,35803864,-1,-1,-1,-1,-1,-1,-1,-1
SAMPLE,p00-baseline,append,5,publicMaterializedDiff,32738157,35614952,-1,-1,-1,-1,-1,-1,-1,-1
SAMPLE,p00-baseline,append,5,replayRead,30838324,35398256,-1,-1,-1,-1,-1,-1,-1,-1
SAMPLE,p00-baseline,append,5,unchangedPublicDiff,208776,16904,-1,-1,-1,-1,-1,-1,-1,-1
SAMPLE,p00-baseline,append,5,revisionCopy,85790023,49118920,-1,-1,-1,-1,-1,-1,-1,-1
SAMPLE,p00-baseline,append,6,bulkAppendCommit,46095099,36762128,-1,-1,-1,-1,-1,-1,-1,-1
SAMPLE,p00-baseline,append,6,publicCompactDiff,32558172,35803696,-1,-1,-1,-1,-1,-1,-1,-1
SAMPLE,p00-baseline,append,6,publicMaterializedDiff,29048597,35614952,-1,-1,-1,-1,-1,-1,-1,-1
SAMPLE,p00-baseline,append,6,replayRead,28398938,35398256,-1,-1,-1,-1,-1,-1,-1,-1
SAMPLE,p00-baseline,append,6,unchangedPublicDiff,255194,16904,-1,-1,-1,-1,-1,-1,-1,-1
SAMPLE,p00-baseline,append,6,revisionCopy,84933436,49120000,-1,-1,-1,-1,-1,-1,-1,-1
SAMPLE,p00-baseline,append,7,bulkAppendCommit,44391011,36762048,-1,-1,-1,-1,-1,-1,-1,-1
SAMPLE,p00-baseline,append,7,publicCompactDiff,29896921,35803736,-1,-1,-1,-1,-1,-1,-1,-1
SAMPLE,p00-baseline,append,7,publicMaterializedDiff,29721101,35614888,-1,-1,-1,-1,-1,-1,-1,-1
SAMPLE,p00-baseline,append,7,replayRead,33786949,35398320,-1,-1,-1,-1,-1,-1,-1,-1
SAMPLE,p00-baseline,append,7,unchangedPublicDiff,270522,16840,-1,-1,-1,-1,-1,-1,-1,-1
SAMPLE,p00-baseline,append,7,revisionCopy,131283680,49118064,-1,-1,-1,-1,-1,-1,-1,-1
SAMPLE,p00-baseline,append,8,bulkAppendCommit,68048994,36760424,-1,-1,-1,-1,-1,-1,-1,-1
SAMPLE,p00-baseline,append,8,publicCompactDiff,30144268,35803312,-1,-1,-1,-1,-1,-1,-1,-1
SAMPLE,p00-baseline,append,8,publicMaterializedDiff,30027097,35614856,-1,-1,-1,-1,-1,-1,-1,-1
SAMPLE,p00-baseline,append,8,replayRead,29143438,35398272,-1,-1,-1,-1,-1,-1,-1,-1
SAMPLE,p00-baseline,append,8,unchangedPublicDiff,240764,16832,-1,-1,-1,-1,-1,-1,-1,-1
SAMPLE,p00-baseline,append,8,revisionCopy,86142777,48984648,-1,-1,-1,-1,-1,-1,-1,-1
SAMPLE,p00-baseline,append,9,bulkAppendCommit,52947753,36759544,-1,-1,-1,-1,-1,-1,-1,-1
SAMPLE,p00-baseline,append,9,publicCompactDiff,32584993,35803416,-1,-1,-1,-1,-1,-1,-1,-1
SAMPLE,p00-baseline,append,9,publicMaterializedDiff,27724826,35614792,-1,-1,-1,-1,-1,-1,-1,-1
SAMPLE,p00-baseline,append,9,replayRead,27545923,35398176,-1,-1,-1,-1,-1,-1,-1,-1
SAMPLE,p00-baseline,append,9,unchangedPublicDiff,198355,16768,-1,-1,-1,-1,-1,-1,-1,-1
SAMPLE,p00-baseline,append,9,revisionCopy,82927419,48984504,-1,-1,-1,-1,-1,-1,-1,-1
SAMPLE,p00-baseline,append,10,bulkAppendCommit,65688707,36760232,-1,-1,-1,-1,-1,-1,-1,-1
SAMPLE,p00-baseline,append,10,publicCompactDiff,33098185,35803312,-1,-1,-1,-1,-1,-1,-1,-1
SAMPLE,p00-baseline,append,10,publicMaterializedDiff,34633893,35614856,-1,-1,-1,-1,-1,-1,-1,-1
SAMPLE,p00-baseline,append,10,replayRead,38627810,35398272,-1,-1,-1,-1,-1,-1,-1,-1
SAMPLE,p00-baseline,append,10,unchangedPublicDiff,286563,16832,-1,-1,-1,-1,-1,-1,-1,-1
SAMPLE,p00-baseline,append,10,revisionCopy,122339012,48981208,-1,-1,-1,-1,-1,-1,-1,-1
SAMPLE,p00-baseline,append,11,bulkAppendCommit,47506770,36755880,-1,-1,-1,-1,-1,-1,-1,-1
SAMPLE,p00-baseline,append,11,publicCompactDiff,31371759,35803384,-1,-1,-1,-1,-1,-1,-1,-1
SAMPLE,p00-baseline,append,11,publicMaterializedDiff,29810061,35614792,-1,-1,-1,-1,-1,-1,-1,-1
SAMPLE,p00-baseline,append,11,replayRead,30002624,35398176,-1,-1,-1,-1,-1,-1,-1,-1
SAMPLE,p00-baseline,append,11,unchangedPublicDiff,232328,16768,-1,-1,-1,-1,-1,-1,-1,-1
SAMPLE,p00-baseline,append,11,revisionCopy,110529054,48977200,-1,-1,-1,-1,-1,-1,-1,-1
SAMPLE,p00-baseline,append,12,bulkAppendCommit,60042825,36755576,-1,-1,-1,-1,-1,-1,-1,-1
SAMPLE,p00-baseline,append,12,publicCompactDiff,55839417,35803312,-1,-1,-1,-1,-1,-1,-1,-1
SAMPLE,p00-baseline,append,12,publicMaterializedDiff,68795006,35614856,-1,-1,-1,-1,-1,-1,-1,-1
SAMPLE,p00-baseline,append,12,replayRead,67446249,35398272,-1,-1,-1,-1,-1,-1,-1,-1
SAMPLE,p00-baseline,append,12,unchangedPublicDiff,408993,16832,-1,-1,-1,-1,-1,-1,-1,-1
SAMPLE,p00-baseline,append,12,revisionCopy,186488783,48977264,-1,-1,-1,-1,-1,-1,-1,-1
SAMPLE,p00-baseline,append,13,bulkAppendCommit,45508455,36755880,-1,-1,-1,-1,-1,-1,-1,-1
SAMPLE,p00-baseline,append,13,publicCompactDiff,30758399,35803352,-1,-1,-1,-1,-1,-1,-1,-1
SAMPLE,p00-baseline,append,13,publicMaterializedDiff,29822547,35614792,-1,-1,-1,-1,-1,-1,-1,-1
SAMPLE,p00-baseline,append,13,replayRead,29584370,35398176,-1,-1,-1,-1,-1,-1,-1,-1
SAMPLE,p00-baseline,append,13,unchangedPublicDiff,280636,16768,-1,-1,-1,-1,-1,-1,-1,-1
SAMPLE,p00-baseline,append,13,revisionCopy,88147397,48976992,-1,-1,-1,-1,-1,-1,-1,-1
SAMPLE,p00-baseline,append,14,bulkAppendCommit,47918718,36755968,-1,-1,-1,-1,-1,-1,-1,-1
SAMPLE,p00-baseline,append,14,publicCompactDiff,31379245,35803376,-1,-1,-1,-1,-1,-1,-1,-1
SAMPLE,p00-baseline,append,14,publicMaterializedDiff,27785193,35614856,-1,-1,-1,-1,-1,-1,-1,-1
SAMPLE,p00-baseline,append,14,replayRead,27670051,35398272,-1,-1,-1,-1,-1,-1,-1,-1
SAMPLE,p00-baseline,append,14,unchangedPublicDiff,208921,16832,-1,-1,-1,-1,-1,-1,-1,-1
SAMPLE,p00-baseline,append,14,revisionCopy,111495792,48977960,-1,-1,-1,-1,-1,-1,-1,-1
SAMPLE,p00-baseline,append,15,bulkAppendCommit,50337043,36755880,-1,-1,-1,-1,-1,-1,-1,-1
SAMPLE,p00-baseline,append,15,publicCompactDiff,30078532,35803352,-1,-1,-1,-1,-1,-1,-1,-1
SAMPLE,p00-baseline,append,15,publicMaterializedDiff,31104215,35614792,-1,-1,-1,-1,-1,-1,-1,-1
SAMPLE,p00-baseline,append,15,replayRead,28994838,35398176,-1,-1,-1,-1,-1,-1,-1,-1
SAMPLE,p00-baseline,append,15,unchangedPublicDiff,246614,16768,-1,-1,-1,-1,-1,-1,-1,-1
SAMPLE,p00-baseline,append,15,revisionCopy,100368328,48977816,-1,-1,-1,-1,-1,-1,-1,-1
SAMPLE,p00-baseline,append,16,bulkAppendCommit,43713047,36755736,-1,-1,-1,-1,-1,-1,-1,-1
SAMPLE,p00-baseline,append,16,publicCompactDiff,29972441,35803312,-1,-1,-1,-1,-1,-1,-1,-1
SAMPLE,p00-baseline,append,16,publicMaterializedDiff,28611244,35614856,-1,-1,-1,-1,-1,-1,-1,-1
SAMPLE,p00-baseline,append,16,replayRead,28949264,35398272,-1,-1,-1,-1,-1,-1,-1,-1
SAMPLE,p00-baseline,append,16,unchangedPublicDiff,252880,16832,-1,-1,-1,-1,-1,-1,-1,-1
SAMPLE,p00-baseline,append,16,revisionCopy,101815480,48976864,-1,-1,-1,-1,-1,-1,-1,-1
END,p00-baseline,sink=556119
# [StorageProfile] dump called: enabled=false byKind.size=0
