ADMITTED,2026-10-05T22:33:50Z
WARNING: Using incubator modules: jdk.incubator.vector
RUN,p00-candidate,pid=2784223,java=25.0.3,identity=true,warmups=24,samples=17
JVM,p00-candidate,maxHeap=3221225472,arguments=[-XX:ThreadPriorityPolicy=1, -XX:+UnlockExperimentalVMOptions, -XX:+EnableJVMCIProduct, -XX:+EnableJVMCI, -XX:-UnlockExperimentalVMOptions, -ea, -Xms512m, -Xmx3g, --add-opens=java.base/sun.nio.ch=ALL-UNNAMED, --add-opens=java.base/java.nio=ALL-UNNAMED, --add-modules=jdk.incubator.vector, --enable-native-access=ALL-UNNAMED, -XX:+EnableDynamicAgentLoading, -XX:+UnlockDiagnosticVMOptions, -XX:+DebugNonSafepoints, --add-modules=jdk.incubator.vector, -Dfile.encoding=UTF-8, -Djava.io.tmpdir=/home/johannes/.treehouse/sirix-cdde48/20/sirix/build/replay/tmp, -Dlogback.configurationFile=/home/johannes/.treehouse/sirix-cdde48/20/sirix/build/replay/latency/quiet.xml, -Dsirix.replay.workDiag=false, -Dsirix.hot.mergeDiag=false, -Dsirix.replay.bench.scenarios=append]
COLUMNS,label,scenario,iteration,metric,nanos,threadAllocatedBytes,recordVisits,createdIdentities,stagedRecords,ancestorSteps,sidecarReads,fallbackPages,pathSteps,bookkeepingOperations
WARNING: A terminally deprecated method in sun.misc.Unsafe has been called
WARNING: sun.misc.Unsafe::arrayBaseOffset has been called by net.openhft.hashing.UnsafeAccess (file:/home/johannes/.gradle/caches/modules-2/files-2.1/net.openhft/zero-allocation-hashing/2026.0/2447494f7842ca377b4ccdba2089a8da5c1d1b50/zero-allocation-hashing-2026.0.jar)
WARNING: Please consider reporting this to the maintainers of class net.openhft.hashing.UnsafeAccess
WARNING: sun.misc.Unsafe::arrayBaseOffset will be removed in a future release
SAMPLE,p00-candidate,append,0,bulkAppendCommit,51428891,39470640,-1,-1,-1,-1,-1,-1,-1,-1
SAMPLE,p00-candidate,append,0,publicCompactDiff,32778707,37279312,-1,-1,-1,-1,-1,-1,-1,-1
SAMPLE,p00-candidate,append,0,publicMaterializedDiff,31021066,37090600,-1,-1,-1,-1,-1,-1,-1,-1
SAMPLE,p00-candidate,append,0,replayRead,4511132,2273112,-1,-1,-1,-1,-1,-1,-1,-1
SAMPLE,p00-candidate,append,0,unchangedPublicDiff,324132,16944,-1,-1,-1,-1,-1,-1,-1,-1
SAMPLE,p00-candidate,append,0,revisionCopy,37723554,14758848,-1,-1,-1,-1,-1,-1,-1,-1
SAMPLE,p00-candidate,append,1,bulkAppendCommit,52788506,39445648,-1,-1,-1,-1,-1,-1,-1,-1
SAMPLE,p00-candidate,append,1,publicCompactDiff,36248189,37279480,-1,-1,-1,-1,-1,-1,-1,-1
SAMPLE,p00-candidate,append,1,publicMaterializedDiff,29184582,37090664,-1,-1,-1,-1,-1,-1,-1,-1
SAMPLE,p00-candidate,append,1,replayRead,2801453,2273096,-1,-1,-1,-1,-1,-1,-1,-1
SAMPLE,p00-candidate,append,1,unchangedPublicDiff,250771,16944,-1,-1,-1,-1,-1,-1,-1,-1
SAMPLE,p00-candidate,append,1,revisionCopy,36875673,14718648,-1,-1,-1,-1,-1,-1,-1,-1
SAMPLE,p00-candidate,append,2,bulkAppendCommit,48049379,39445440,-1,-1,-1,-1,-1,-1,-1,-1
SAMPLE,p00-candidate,append,2,publicCompactDiff,30837897,37279376,-1,-1,-1,-1,-1,-1,-1,-1
SAMPLE,p00-candidate,append,2,publicMaterializedDiff,30547949,37090600,-1,-1,-1,-1,-1,-1,-1,-1
SAMPLE,p00-candidate,append,2,replayRead,2871499,2273064,-1,-1,-1,-1,-1,-1,-1,-1
SAMPLE,p00-candidate,append,2,unchangedPublicDiff,300479,16944,-1,-1,-1,-1,-1,-1,-1,-1
SAMPLE,p00-candidate,append,2,revisionCopy,36585539,14666288,-1,-1,-1,-1,-1,-1,-1,-1
SAMPLE,p00-candidate,append,3,bulkAppendCommit,51710836,39445600,-1,-1,-1,-1,-1,-1,-1,-1
SAMPLE,p00-candidate,append,3,publicCompactDiff,30205813,37279544,-1,-1,-1,-1,-1,-1,-1,-1
SAMPLE,p00-candidate,append,3,publicMaterializedDiff,28216986,37090664,-1,-1,-1,-1,-1,-1,-1,-1
SAMPLE,p00-candidate,append,3,replayRead,2700229,2273096,-1,-1,-1,-1,-1,-1,-1,-1
SAMPLE,p00-candidate,append,3,unchangedPublicDiff,222766,16944,-1,-1,-1,-1,-1,-1,-1,-1
SAMPLE,p00-candidate,append,3,revisionCopy,34402671,14688912,-1,-1,-1,-1,-1,-1,-1,-1
SAMPLE,p00-candidate,append,4,bulkAppendCommit,63332740,39464920,-1,-1,-1,-1,-1,-1,-1,-1
SAMPLE,p00-candidate,append,4,publicCompactDiff,32082293,37279312,-1,-1,-1,-1,-1,-1,-1,-1
SAMPLE,p00-candidate,append,4,publicMaterializedDiff,34317292,37090600,-1,-1,-1,-1,-1,-1,-1,-1
SAMPLE,p00-candidate,append,4,replayRead,3766735,2273064,-1,-1,-1,-1,-1,-1,-1,-1
SAMPLE,p00-candidate,append,4,unchangedPublicDiff,300891,16944,-1,-1,-1,-1,-1,-1,-1,-1
SAMPLE,p00-candidate,append,4,revisionCopy,37094759,14614000,-1,-1,-1,-1,-1,-1,-1,-1
SAMPLE,p00-candidate,append,5,bulkAppendCommit,49755458,39440448,-1,-1,-1,-1,-1,-1,-1,-1
SAMPLE,p00-candidate,append,5,publicCompactDiff,30548592,37279544,-1,-1,-1,-1,-1,-1,-1,-1
SAMPLE,p00-candidate,append,5,publicMaterializedDiff,28595641,37090664,-1,-1,-1,-1,-1,-1,-1,-1
SAMPLE,p00-candidate,append,5,replayRead,2716254,2273096,-1,-1,-1,-1,-1,-1,-1,-1
SAMPLE,p00-candidate,append,5,unchangedPublicDiff,220926,16944,-1,-1,-1,-1,-1,-1,-1,-1
SAMPLE,p00-candidate,append,5,revisionCopy,33142069,14617752,-1,-1,-1,-1,-1,-1,-1,-1
SAMPLE,p00-candidate,append,6,bulkAppendCommit,49807835,39464824,-1,-1,-1,-1,-1,-1,-1,-1
SAMPLE,p00-candidate,append,6,publicCompactDiff,30033483,37279312,-1,-1,-1,-1,-1,-1,-1,-1
SAMPLE,p00-candidate,append,6,publicMaterializedDiff,30386039,37090600,-1,-1,-1,-1,-1,-1,-1,-1
SAMPLE,p00-candidate,append,6,replayRead,2735580,2273064,-1,-1,-1,-1,-1,-1,-1,-1
SAMPLE,p00-candidate,append,6,unchangedPublicDiff,215738,16944,-1,-1,-1,-1,-1,-1,-1,-1
SAMPLE,p00-candidate,append,6,revisionCopy,33156011,14639208,-1,-1,-1,-1,-1,-1,-1,-1
SAMPLE,p00-candidate,append,7,bulkAppendCommit,49850308,39440112,-1,-1,-1,-1,-1,-1,-1,-1
SAMPLE,p00-candidate,append,7,publicCompactDiff,30286987,37279576,-1,-1,-1,-1,-1,-1,-1,-1
SAMPLE,p00-candidate,append,7,publicMaterializedDiff,28419314,37090664,-1,-1,-1,-1,-1,-1,-1,-1
SAMPLE,p00-candidate,append,7,replayRead,2706874,2273096,-1,-1,-1,-1,-1,-1,-1,-1
SAMPLE,p00-candidate,append,7,unchangedPublicDiff,213651,16944,-1,-1,-1,-1,-1,-1,-1,-1
SAMPLE,p00-candidate,append,7,revisionCopy,33434085,14572912,-1,-1,-1,-1,-1,-1,-1,-1
SAMPLE,p00-candidate,append,8,bulkAppendCommit,48266873,39440440,-1,-1,-1,-1,-1,-1,-1,-1
SAMPLE,p00-candidate,append,8,publicCompactDiff,29962727,37279344,-1,-1,-1,-1,-1,-1,-1,-1
SAMPLE,p00-candidate,append,8,publicMaterializedDiff,31178380,37090600,-1,-1,-1,-1,-1,-1,-1,-1
SAMPLE,p00-candidate,append,8,replayRead,2703075,2273064,-1,-1,-1,-1,-1,-1,-1,-1
SAMPLE,p00-candidate,append,8,unchangedPublicDiff,236121,16944,-1,-1,-1,-1,-1,-1,-1,-1
SAMPLE,p00-candidate,append,8,revisionCopy,33032243,14607224,-1,-1,-1,-1,-1,-1,-1,-1
SAMPLE,p00-candidate,append,9,bulkAppendCommit,48732716,39435888,-1,-1,-1,-1,-1,-1,-1,-1
SAMPLE,p00-candidate,append,9,publicCompactDiff,33165994,37279480,-1,-1,-1,-1,-1,-1,-1,-1
SAMPLE,p00-candidate,append,9,publicMaterializedDiff,30370762,37090664,-1,-1,-1,-1,-1,-1,-1,-1
SAMPLE,p00-candidate,append,9,replayRead,2711526,2273096,-1,-1,-1,-1,-1,-1,-1,-1
SAMPLE,p00-candidate,append,9,unchangedPublicDiff,218250,16944,-1,-1,-1,-1,-1,-1,-1,-1
SAMPLE,p00-candidate,append,9,revisionCopy,33450783,14674208,-1,-1,-1,-1,-1,-1,-1,-1
SAMPLE,p00-candidate,append,10,bulkAppendCommit,47685151,39337848,-1,-1,-1,-1,-1,-1,-1,-1
SAMPLE,p00-candidate,append,10,publicCompactDiff,30195920,37279312,-1,-1,-1,-1,-1,-1,-1,-1
SAMPLE,p00-candidate,append,10,publicMaterializedDiff,28295071,37090600,-1,-1,-1,-1,-1,-1,-1,-1
SAMPLE,p00-candidate,append,10,replayRead,2763315,2273064,-1,-1,-1,-1,-1,-1,-1,-1
SAMPLE,p00-candidate,append,10,unchangedPublicDiff,200447,16944,-1,-1,-1,-1,-1,-1,-1,-1
SAMPLE,p00-candidate,append,10,revisionCopy,32601592,14541112,-1,-1,-1,-1,-1,-1,-1,-1
SAMPLE,p00-candidate,append,11,bulkAppendCommit,47577554,39337920,-1,-1,-1,-1,-1,-1,-1,-1
SAMPLE,p00-candidate,append,11,publicCompactDiff,30981354,37279512,-1,-1,-1,-1,-1,-1,-1,-1
SAMPLE,p00-candidate,append,11,publicMaterializedDiff,29460141,37090664,-1,-1,-1,-1,-1,-1,-1,-1
SAMPLE,p00-candidate,append,11,replayRead,2693295,2273096,-1,-1,-1,-1,-1,-1,-1,-1
SAMPLE,p00-candidate,append,11,unchangedPublicDiff,293495,16944,-1,-1,-1,-1,-1,-1,-1,-1
SAMPLE,p00-candidate,append,11,revisionCopy,31988273,14674640,-1,-1,-1,-1,-1,-1,-1,-1
SAMPLE,p00-candidate,append,12,bulkAppendCommit,49072059,39337424,-1,-1,-1,-1,-1,-1,-1,-1
SAMPLE,p00-candidate,append,12,publicCompactDiff,31144730,37279312,-1,-1,-1,-1,-1,-1,-1,-1
SAMPLE,p00-candidate,append,12,publicMaterializedDiff,28012352,37090600,-1,-1,-1,-1,-1,-1,-1,-1
SAMPLE,p00-candidate,append,12,replayRead,2697131,2273064,-1,-1,-1,-1,-1,-1,-1,-1
SAMPLE,p00-candidate,append,12,unchangedPublicDiff,249237,16944,-1,-1,-1,-1,-1,-1,-1,-1
SAMPLE,p00-candidate,append,12,revisionCopy,31931882,14607880,-1,-1,-1,-1,-1,-1,-1,-1
SAMPLE,p00-candidate,append,13,bulkAppendCommit,48825086,39337696,-1,-1,-1,-1,-1,-1,-1,-1
SAMPLE,p00-candidate,append,13,publicCompactDiff,33034579,37279512,-1,-1,-1,-1,-1,-1,-1,-1
SAMPLE,p00-candidate,append,13,publicMaterializedDiff,31224326,37090664,-1,-1,-1,-1,-1,-1,-1,-1
SAMPLE,p00-candidate,append,13,replayRead,2682935,2273096,-1,-1,-1,-1,-1,-1,-1,-1
SAMPLE,p00-candidate,append,13,unchangedPublicDiff,211504,16944,-1,-1,-1,-1,-1,-1,-1,-1
SAMPLE,p00-candidate,append,13,revisionCopy,31123478,14673768,-1,-1,-1,-1,-1,-1,-1,-1
SAMPLE,p00-candidate,append,14,bulkAppendCommit,47372301,39337376,-1,-1,-1,-1,-1,-1,-1,-1
SAMPLE,p00-candidate,append,14,publicCompactDiff,32886282,37279344,-1,-1,-1,-1,-1,-1,-1,-1
SAMPLE,p00-candidate,append,14,publicMaterializedDiff,31074600,37090600,-1,-1,-1,-1,-1,-1,-1,-1
SAMPLE,p00-candidate,append,14,replayRead,2662245,2273064,-1,-1,-1,-1,-1,-1,-1,-1
SAMPLE,p00-candidate,append,14,unchangedPublicDiff,216680,16944,-1,-1,-1,-1,-1,-1,-1,-1
SAMPLE,p00-candidate,append,14,revisionCopy,35879442,14633032,-1,-1,-1,-1,-1,-1,-1,-1
SAMPLE,p00-candidate,append,15,bulkAppendCommit,50027962,39337472,-1,-1,-1,-1,-1,-1,-1,-1
SAMPLE,p00-candidate,append,15,publicCompactDiff,31697889,37279160,-1,-1,-1,-1,-1,-1,-1,-1
SAMPLE,p00-candidate,append,15,publicMaterializedDiff,31587089,37090568,-1,-1,-1,-1,-1,-1,-1,-1
SAMPLE,p00-candidate,append,15,replayRead,2634186,2273048,-1,-1,-1,-1,-1,-1,-1,-1
SAMPLE,p00-candidate,append,15,unchangedPublicDiff,197281,16872,-1,-1,-1,-1,-1,-1,-1,-1
SAMPLE,p00-candidate,append,15,revisionCopy,32794421,14581536,-1,-1,-1,-1,-1,-1,-1,-1
SAMPLE,p00-candidate,append,16,bulkAppendCommit,51894553,39335560,-1,-1,-1,-1,-1,-1,-1,-1
SAMPLE,p00-candidate,append,16,publicCompactDiff,39490628,37278960,-1,-1,-1,-1,-1,-1,-1,-1
SAMPLE,p00-candidate,append,16,publicMaterializedDiff,28413563,37090504,-1,-1,-1,-1,-1,-1,-1,-1
SAMPLE,p00-candidate,append,16,replayRead,2659249,2273016,-1,-1,-1,-1,-1,-1,-1,-1
SAMPLE,p00-candidate,append,16,unchangedPublicDiff,186925,16872,-1,-1,-1,-1,-1,-1,-1,-1
SAMPLE,p00-candidate,append,16,revisionCopy,29484369,14602960,-1,-1,-1,-1,-1,-1,-1,-1
END,p00-candidate,sink=957099525
# [StorageProfile] dump called: enabled=false byKind.size=0
