ADMITTED,2026-10-05T22:34:03Z
WARNING: Using incubator modules: jdk.incubator.vector
RUN,p01-candidate,pid=2785703,java=25.0.3,identity=true,warmups=24,samples=17
JVM,p01-candidate,maxHeap=3221225472,arguments=[-XX:ThreadPriorityPolicy=1, -XX:+UnlockExperimentalVMOptions, -XX:+EnableJVMCIProduct, -XX:+EnableJVMCI, -XX:-UnlockExperimentalVMOptions, -ea, -Xms512m, -Xmx3g, --add-opens=java.base/sun.nio.ch=ALL-UNNAMED, --add-opens=java.base/java.nio=ALL-UNNAMED, --add-modules=jdk.incubator.vector, --enable-native-access=ALL-UNNAMED, -XX:+EnableDynamicAgentLoading, -XX:+UnlockDiagnosticVMOptions, -XX:+DebugNonSafepoints, --add-modules=jdk.incubator.vector, -Dfile.encoding=UTF-8, -Djava.io.tmpdir=/home/johannes/.treehouse/sirix-cdde48/20/sirix/build/replay/tmp, -Dlogback.configurationFile=/home/johannes/.treehouse/sirix-cdde48/20/sirix/build/replay/latency/quiet.xml, -Dsirix.replay.workDiag=false, -Dsirix.hot.mergeDiag=false, -Dsirix.replay.bench.scenarios=append]
COLUMNS,label,scenario,iteration,metric,nanos,threadAllocatedBytes,recordVisits,createdIdentities,stagedRecords,ancestorSteps,sidecarReads,fallbackPages,pathSteps,bookkeepingOperations
WARNING: A terminally deprecated method in sun.misc.Unsafe has been called
WARNING: sun.misc.Unsafe::arrayBaseOffset has been called by net.openhft.hashing.UnsafeAccess (file:/home/johannes/.gradle/caches/modules-2/files-2.1/net.openhft/zero-allocation-hashing/2026.0/2447494f7842ca377b4ccdba2089a8da5c1d1b50/zero-allocation-hashing-2026.0.jar)
WARNING: Please consider reporting this to the maintainers of class net.openhft.hashing.UnsafeAccess
WARNING: sun.misc.Unsafe::arrayBaseOffset will be removed in a future release
SAMPLE,p01-candidate,append,0,bulkAppendCommit,63289860,39150232,-1,-1,-1,-1,-1,-1,-1,-1
SAMPLE,p01-candidate,append,0,publicCompactDiff,33217326,36984472,-1,-1,-1,-1,-1,-1,-1,-1
SAMPLE,p01-candidate,append,0,publicMaterializedDiff,32054176,36795664,-1,-1,-1,-1,-1,-1,-1,-1
SAMPLE,p01-candidate,append,0,replayRead,4230779,2273112,-1,-1,-1,-1,-1,-1,-1,-1
SAMPLE,p01-candidate,append,0,unchangedPublicDiff,251146,16896,-1,-1,-1,-1,-1,-1,-1,-1
SAMPLE,p01-candidate,append,0,revisionCopy,40044681,14784568,-1,-1,-1,-1,-1,-1,-1,-1
SAMPLE,p01-candidate,append,1,bulkAppendCommit,61898236,39150872,-1,-1,-1,-1,-1,-1,-1,-1
SAMPLE,p01-candidate,append,1,publicCompactDiff,35439499,36984608,-1,-1,-1,-1,-1,-1,-1,-1
SAMPLE,p01-candidate,append,1,publicMaterializedDiff,34175846,36796888,-1,-1,-1,-1,-1,-1,-1,-1
SAMPLE,p01-candidate,append,1,replayRead,3244112,2273144,-1,-1,-1,-1,-1,-1,-1,-1
SAMPLE,p01-candidate,append,1,unchangedPublicDiff,277398,16896,-1,-1,-1,-1,-1,-1,-1,-1
SAMPLE,p01-candidate,append,1,revisionCopy,43498094,14677560,-1,-1,-1,-1,-1,-1,-1,-1
SAMPLE,p01-candidate,append,2,bulkAppendCommit,51272977,39150232,-1,-1,-1,-1,-1,-1,-1,-1
SAMPLE,p01-candidate,append,2,publicCompactDiff,31698989,36984472,-1,-1,-1,-1,-1,-1,-1,-1
SAMPLE,p01-candidate,append,2,publicMaterializedDiff,30336695,36795664,-1,-1,-1,-1,-1,-1,-1,-1
SAMPLE,p01-candidate,append,2,replayRead,3730423,2273112,-1,-1,-1,-1,-1,-1,-1,-1
SAMPLE,p01-candidate,append,2,unchangedPublicDiff,256810,16896,-1,-1,-1,-1,-1,-1,-1,-1
SAMPLE,p01-candidate,append,2,revisionCopy,39780261,14784512,-1,-1,-1,-1,-1,-1,-1,-1
SAMPLE,p01-candidate,append,3,bulkAppendCommit,55796694,39175672,-1,-1,-1,-1,-1,-1,-1,-1
SAMPLE,p01-candidate,append,3,publicCompactDiff,34850145,36984608,-1,-1,-1,-1,-1,-1,-1,-1
SAMPLE,p01-candidate,append,3,publicMaterializedDiff,32807992,36795728,-1,-1,-1,-1,-1,-1,-1,-1
SAMPLE,p01-candidate,append,3,replayRead,3422331,2273144,-1,-1,-1,-1,-1,-1,-1,-1
SAMPLE,p01-candidate,append,3,unchangedPublicDiff,327016,16896,-1,-1,-1,-1,-1,-1,-1,-1
SAMPLE,p01-candidate,append,3,revisionCopy,39233184,14759528,-1,-1,-1,-1,-1,-1,-1,-1
SAMPLE,p01-candidate,append,4,bulkAppendCommit,51673811,39150272,-1,-1,-1,-1,-1,-1,-1,-1
SAMPLE,p01-candidate,append,4,publicCompactDiff,30949943,36984448,-1,-1,-1,-1,-1,-1,-1,-1
SAMPLE,p01-candidate,append,4,publicMaterializedDiff,32541034,36795640,-1,-1,-1,-1,-1,-1,-1,-1
SAMPLE,p01-candidate,append,4,replayRead,3448234,2273112,-1,-1,-1,-1,-1,-1,-1,-1
SAMPLE,p01-candidate,append,4,unchangedPublicDiff,266765,16896,-1,-1,-1,-1,-1,-1,-1,-1
SAMPLE,p01-candidate,append,4,revisionCopy,40921288,14758640,-1,-1,-1,-1,-1,-1,-1,-1
SAMPLE,p01-candidate,append,5,bulkAppendCommit,50567832,39150808,-1,-1,-1,-1,-1,-1,-1,-1
SAMPLE,p01-candidate,append,5,publicCompactDiff,30252201,36984584,-1,-1,-1,-1,-1,-1,-1,-1
SAMPLE,p01-candidate,append,5,publicMaterializedDiff,28712883,36795704,-1,-1,-1,-1,-1,-1,-1,-1
SAMPLE,p01-candidate,append,5,replayRead,4002359,2273096,-1,-1,-1,-1,-1,-1,-1,-1
SAMPLE,p01-candidate,append,5,unchangedPublicDiff,313965,16896,-1,-1,-1,-1,-1,-1,-1,-1
SAMPLE,p01-candidate,append,5,revisionCopy,40246811,14763200,-1,-1,-1,-1,-1,-1,-1,-1
SAMPLE,p01-candidate,append,6,bulkAppendCommit,51804547,39150368,-1,-1,-1,-1,-1,-1,-1,-1
SAMPLE,p01-candidate,append,6,publicCompactDiff,32334179,36984448,-1,-1,-1,-1,-1,-1,-1,-1
SAMPLE,p01-candidate,append,6,publicMaterializedDiff,28430432,36795640,-1,-1,-1,-1,-1,-1,-1,-1
SAMPLE,p01-candidate,append,6,replayRead,2823754,2273064,-1,-1,-1,-1,-1,-1,-1,-1
SAMPLE,p01-candidate,append,6,unchangedPublicDiff,239466,16896,-1,-1,-1,-1,-1,-1,-1,-1
SAMPLE,p01-candidate,append,6,revisionCopy,44057184,14680712,-1,-1,-1,-1,-1,-1,-1,-1
SAMPLE,p01-candidate,append,7,bulkAppendCommit,49606753,39145200,-1,-1,-1,-1,-1,-1,-1,-1
SAMPLE,p01-candidate,append,7,publicCompactDiff,33110010,36984616,-1,-1,-1,-1,-1,-1,-1,-1
SAMPLE,p01-candidate,append,7,publicMaterializedDiff,31075797,36795704,-1,-1,-1,-1,-1,-1,-1,-1
SAMPLE,p01-candidate,append,7,replayRead,2919061,2273096,-1,-1,-1,-1,-1,-1,-1,-1
SAMPLE,p01-candidate,append,7,unchangedPublicDiff,227390,16896,-1,-1,-1,-1,-1,-1,-1,-1
SAMPLE,p01-candidate,append,7,revisionCopy,36183655,14681016,-1,-1,-1,-1,-1,-1,-1,-1
SAMPLE,p01-candidate,append,8,bulkAppendCommit,50893945,39145040,-1,-1,-1,-1,-1,-1,-1,-1
SAMPLE,p01-candidate,append,8,publicCompactDiff,34521040,36984448,-1,-1,-1,-1,-1,-1,-1,-1
SAMPLE,p01-candidate,append,8,publicMaterializedDiff,32885389,36795640,-1,-1,-1,-1,-1,-1,-1,-1
SAMPLE,p01-candidate,append,8,replayRead,2973280,2273064,-1,-1,-1,-1,-1,-1,-1,-1
SAMPLE,p01-candidate,append,8,unchangedPublicDiff,255343,16896,-1,-1,-1,-1,-1,-1,-1,-1
SAMPLE,p01-candidate,append,8,revisionCopy,35654689,14680000,-1,-1,-1,-1,-1,-1,-1,-1
SAMPLE,p01-candidate,append,9,bulkAppendCommit,47133803,39145168,-1,-1,-1,-1,-1,-1,-1,-1
SAMPLE,p01-candidate,append,9,publicCompactDiff,31837685,36984584,-1,-1,-1,-1,-1,-1,-1,-1
SAMPLE,p01-candidate,append,9,publicMaterializedDiff,29073127,36795704,-1,-1,-1,-1,-1,-1,-1,-1
SAMPLE,p01-candidate,append,9,replayRead,2948000,2273096,-1,-1,-1,-1,-1,-1,-1,-1
SAMPLE,p01-candidate,append,9,unchangedPublicDiff,219248,16896,-1,-1,-1,-1,-1,-1,-1,-1
SAMPLE,p01-candidate,append,9,revisionCopy,34312887,14639552,-1,-1,-1,-1,-1,-1,-1,-1
SAMPLE,p01-candidate,append,10,bulkAppendCommit,48386707,39145144,-1,-1,-1,-1,-1,-1,-1,-1
SAMPLE,p01-candidate,append,10,publicCompactDiff,32006933,36984544,-1,-1,-1,-1,-1,-1,-1,-1
SAMPLE,p01-candidate,append,10,publicMaterializedDiff,33540936,36795704,-1,-1,-1,-1,-1,-1,-1,-1
SAMPLE,p01-candidate,append,10,replayRead,3017612,2273096,-1,-1,-1,-1,-1,-1,-1,-1
SAMPLE,p01-candidate,append,10,unchangedPublicDiff,233228,16896,-1,-1,-1,-1,-1,-1,-1,-1
SAMPLE,p01-candidate,append,10,revisionCopy,34991615,14547704,-1,-1,-1,-1,-1,-1,-1,-1
SAMPLE,p01-candidate,append,11,bulkAppendCommit,69703105,39047040,-1,-1,-1,-1,-1,-1,-1,-1
SAMPLE,p01-candidate,append,11,publicCompactDiff,32380426,36984584,-1,-1,-1,-1,-1,-1,-1,-1
SAMPLE,p01-candidate,append,11,publicMaterializedDiff,31641528,36795704,-1,-1,-1,-1,-1,-1,-1,-1
SAMPLE,p01-candidate,append,11,replayRead,2926730,2273096,-1,-1,-1,-1,-1,-1,-1,-1
SAMPLE,p01-candidate,append,11,unchangedPublicDiff,254322,16896,-1,-1,-1,-1,-1,-1,-1,-1
SAMPLE,p01-candidate,append,11,revisionCopy,32112683,14608448,-1,-1,-1,-1,-1,-1,-1,-1
SAMPLE,p01-candidate,append,12,bulkAppendCommit,48155784,39042304,-1,-1,-1,-1,-1,-1,-1,-1
SAMPLE,p01-candidate,append,12,publicCompactDiff,32687868,36984448,-1,-1,-1,-1,-1,-1,-1,-1
SAMPLE,p01-candidate,append,12,publicMaterializedDiff,29545495,36795640,-1,-1,-1,-1,-1,-1,-1,-1
SAMPLE,p01-candidate,append,12,replayRead,2842913,2273064,-1,-1,-1,-1,-1,-1,-1,-1
SAMPLE,p01-candidate,append,12,unchangedPublicDiff,246693,16896,-1,-1,-1,-1,-1,-1,-1,-1
SAMPLE,p01-candidate,append,12,revisionCopy,39814313,14672848,-1,-1,-1,-1,-1,-1,-1,-1
SAMPLE,p01-candidate,append,13,bulkAppendCommit,49194171,39042688,-1,-1,-1,-1,-1,-1,-1,-1
SAMPLE,p01-candidate,append,13,publicCompactDiff,32306021,36984584,-1,-1,-1,-1,-1,-1,-1,-1
SAMPLE,p01-candidate,append,13,publicMaterializedDiff,35282714,36795704,-1,-1,-1,-1,-1,-1,-1,-1
SAMPLE,p01-candidate,append,13,replayRead,2888596,2273096,-1,-1,-1,-1,-1,-1,-1,-1
SAMPLE,p01-candidate,append,13,unchangedPublicDiff,235770,16896,-1,-1,-1,-1,-1,-1,-1,-1
SAMPLE,p01-candidate,append,13,revisionCopy,29852365,14673944,-1,-1,-1,-1,-1,-1,-1,-1
SAMPLE,p01-candidate,append,14,bulkAppendCommit,48321796,39042480,-1,-1,-1,-1,-1,-1,-1,-1
SAMPLE,p01-candidate,append,14,publicCompactDiff,45365378,36984448,-1,-1,-1,-1,-1,-1,-1,-1
SAMPLE,p01-candidate,append,14,publicMaterializedDiff,29999763,36795640,-1,-1,-1,-1,-1,-1,-1,-1
SAMPLE,p01-candidate,append,14,replayRead,3021019,2273064,-1,-1,-1,-1,-1,-1,-1,-1
SAMPLE,p01-candidate,append,14,unchangedPublicDiff,228163,16896,-1,-1,-1,-1,-1,-1,-1,-1
SAMPLE,p01-candidate,append,14,revisionCopy,29976065,14673976,-1,-1,-1,-1,-1,-1,-1,-1
SAMPLE,p01-candidate,append,15,bulkAppendCommit,47121686,39042472,-1,-1,-1,-1,-1,-1,-1,-1
SAMPLE,p01-candidate,append,15,publicCompactDiff,30827273,36984200,-1,-1,-1,-1,-1,-1,-1,-1
SAMPLE,p01-candidate,append,15,publicMaterializedDiff,30641854,36795608,-1,-1,-1,-1,-1,-1,-1,-1
SAMPLE,p01-candidate,append,15,replayRead,2822811,2273048,-1,-1,-1,-1,-1,-1,-1,-1
SAMPLE,p01-candidate,append,15,unchangedPublicDiff,169634,16824,-1,-1,-1,-1,-1,-1,-1,-1
SAMPLE,p01-candidate,append,15,revisionCopy,33172511,14628568,-1,-1,-1,-1,-1,-1,-1,-1
SAMPLE,p01-candidate,append,16,bulkAppendCommit,44985231,39040392,-1,-1,-1,-1,-1,-1,-1,-1
SAMPLE,p01-candidate,append,16,publicCompactDiff,30893361,36984064,-1,-1,-1,-1,-1,-1,-1,-1
SAMPLE,p01-candidate,append,16,publicMaterializedDiff,30141177,36795544,-1,-1,-1,-1,-1,-1,-1,-1
SAMPLE,p01-candidate,append,16,replayRead,2803321,2273016,-1,-1,-1,-1,-1,-1,-1,-1
SAMPLE,p01-candidate,append,16,unchangedPublicDiff,175884,16824,-1,-1,-1,-1,-1,-1,-1,-1
SAMPLE,p01-candidate,append,16,revisionCopy,28326315,14669536,-1,-1,-1,-1,-1,-1,-1,-1
END,p01-candidate,sink=779305877
# [StorageProfile] dump called: enabled=false byKind.size=0
