ADMITTED,2026-10-05T22:34:16Z
WARNING: Using incubator modules: jdk.incubator.vector
RUN,p01-baseline,pid=2786145,java=25.0.3,identity=false,warmups=24,samples=17
JVM,p01-baseline,maxHeap=3221225472,arguments=[-XX:ThreadPriorityPolicy=1, -XX:+UnlockExperimentalVMOptions, -XX:+EnableJVMCIProduct, -XX:+EnableJVMCI, -XX:-UnlockExperimentalVMOptions, -ea, -Xms512m, -Xmx3g, --add-opens=java.base/sun.nio.ch=ALL-UNNAMED, --add-opens=java.base/java.nio=ALL-UNNAMED, --add-modules=jdk.incubator.vector, --enable-native-access=ALL-UNNAMED, -XX:+EnableDynamicAgentLoading, -XX:+UnlockDiagnosticVMOptions, -XX:+DebugNonSafepoints, --add-modules=jdk.incubator.vector, -Dfile.encoding=UTF-8, -Djava.io.tmpdir=/home/johannes/.treehouse/sirix-cdde48/20/sirix/build/replay/tmp, -Dlogback.configurationFile=/home/johannes/.treehouse/sirix-cdde48/20/sirix/build/replay/latency/quiet.xml, -Dsirix.replay.workDiag=false, -Dsirix.hot.mergeDiag=false, -Dsirix.replay.bench.scenarios=append]
COLUMNS,label,scenario,iteration,metric,nanos,threadAllocatedBytes,recordVisits,createdIdentities,stagedRecords,ancestorSteps,sidecarReads,fallbackPages,pathSteps,bookkeepingOperations
WARNING: A terminally deprecated method in sun.misc.Unsafe has been called
WARNING: sun.misc.Unsafe::arrayBaseOffset has been called by net.openhft.hashing.UnsafeAccess (file:/home/johannes/.gradle/caches/modules-2/files-2.1/net.openhft/zero-allocation-hashing/2026.0/2447494f7842ca377b4ccdba2089a8da5c1d1b50/zero-allocation-hashing-2026.0.jar)
WARNING: Please consider reporting this to the maintainers of class net.openhft.hashing.UnsafeAccess
WARNING: sun.misc.Unsafe::arrayBaseOffset will be removed in a future release
SAMPLE,p01-baseline,append,0,bulkAppendCommit,46232348,36762176,-1,-1,-1,-1,-1,-1,-1,-1
SAMPLE,p01-baseline,append,0,publicCompactDiff,30452461,35803696,-1,-1,-1,-1,-1,-1,-1,-1
SAMPLE,p01-baseline,append,0,publicMaterializedDiff,31264230,35614952,-1,-1,-1,-1,-1,-1,-1,-1
SAMPLE,p01-baseline,append,0,replayRead,34516206,35529328,-1,-1,-1,-1,-1,-1,-1,-1
SAMPLE,p01-baseline,append,0,unchangedPublicDiff,284640,16904,-1,-1,-1,-1,-1,-1,-1,-1
SAMPLE,p01-baseline,append,0,revisionCopy,119083141,49119152,-1,-1,-1,-1,-1,-1,-1,-1
SAMPLE,p01-baseline,append,1,bulkAppendCommit,51146441,36762192,-1,-1,-1,-1,-1,-1,-1,-1
SAMPLE,p01-baseline,append,1,publicCompactDiff,32076997,35803736,-1,-1,-1,-1,-1,-1,-1,-1
SAMPLE,p01-baseline,append,1,publicMaterializedDiff,29526596,35614888,-1,-1,-1,-1,-1,-1,-1,-1
SAMPLE,p01-baseline,append,1,replayRead,30152479,35529232,-1,-1,-1,-1,-1,-1,-1,-1
SAMPLE,p01-baseline,append,1,unchangedPublicDiff,347792,16840,-1,-1,-1,-1,-1,-1,-1,-1
SAMPLE,p01-baseline,append,1,revisionCopy,105761550,49118512,-1,-1,-1,-1,-1,-1,-1,-1
SAMPLE,p01-baseline,append,2,bulkAppendCommit,47209568,36761280,-1,-1,-1,-1,-1,-1,-1,-1
SAMPLE,p01-baseline,append,2,publicCompactDiff,41760550,35803696,-1,-1,-1,-1,-1,-1,-1,-1
SAMPLE,p01-baseline,append,2,publicMaterializedDiff,31410445,35614952,-1,-1,-1,-1,-1,-1,-1,-1
SAMPLE,p01-baseline,append,2,replayRead,31293144,35529328,-1,-1,-1,-1,-1,-1,-1,-1
SAMPLE,p01-baseline,append,2,unchangedPublicDiff,301659,16904,-1,-1,-1,-1,-1,-1,-1,-1
SAMPLE,p01-baseline,append,2,revisionCopy,90539622,49119552,-1,-1,-1,-1,-1,-1,-1,-1
SAMPLE,p01-baseline,append,3,bulkAppendCommit,50116104,36762544,-1,-1,-1,-1,-1,-1,-1,-1
SAMPLE,p01-baseline,append,3,publicCompactDiff,31073089,35803896,-1,-1,-1,-1,-1,-1,-1,-1
SAMPLE,p01-baseline,append,3,publicMaterializedDiff,28766781,35615016,-1,-1,-1,-1,-1,-1,-1,-1
SAMPLE,p01-baseline,append,3,replayRead,29544149,35529584,-1,-1,-1,-1,-1,-1,-1,-1
SAMPLE,p01-baseline,append,3,unchangedPublicDiff,361673,16976,-1,-1,-1,-1,-1,-1,-1,-1
SAMPLE,p01-baseline,append,3,revisionCopy,123921984,49117160,-1,-1,-1,-1,-1,-1,-1,-1
SAMPLE,p01-baseline,append,4,bulkAppendCommit,44355670,36761280,-1,-1,-1,-1,-1,-1,-1,-1
SAMPLE,p01-baseline,append,4,publicCompactDiff,29715335,35803696,-1,-1,-1,-1,-1,-1,-1,-1
SAMPLE,p01-baseline,append,4,publicMaterializedDiff,29846565,35614856,-1,-1,-1,-1,-1,-1,-1,-1
SAMPLE,p01-baseline,append,4,replayRead,31012560,35529344,-1,-1,-1,-1,-1,-1,-1,-1
SAMPLE,p01-baseline,append,4,unchangedPublicDiff,404590,17160,-1,-1,-1,-1,-1,-1,-1,-1
SAMPLE,p01-baseline,append,4,revisionCopy,92116707,49114688,-1,-1,-1,-1,-1,-1,-1,-1
SAMPLE,p01-baseline,append,5,bulkAppendCommit,44674539,36760648,-1,-1,-1,-1,-1,-1,-1,-1
SAMPLE,p01-baseline,append,5,publicCompactDiff,30640904,35803480,-1,-1,-1,-1,-1,-1,-1,-1
SAMPLE,p01-baseline,append,5,publicMaterializedDiff,32274273,35614920,-1,-1,-1,-1,-1,-1,-1,-1
SAMPLE,p01-baseline,append,5,replayRead,29160082,35529440,-1,-1,-1,-1,-1,-1,-1,-1
SAMPLE,p01-baseline,append,5,unchangedPublicDiff,228920,16832,-1,-1,-1,-1,-1,-1,-1,-1
SAMPLE,p01-baseline,append,5,revisionCopy,115582119,49114624,-1,-1,-1,-1,-1,-1,-1,-1
SAMPLE,p01-baseline,append,6,bulkAppendCommit,77208943,36760240,-1,-1,-1,-1,-1,-1,-1,-1
SAMPLE,p01-baseline,append,6,publicCompactDiff,53304798,35803344,-1,-1,-1,-1,-1,-1,-1,-1
SAMPLE,p01-baseline,append,6,publicMaterializedDiff,50272418,35614856,-1,-1,-1,-1,-1,-1,-1,-1
SAMPLE,p01-baseline,append,6,replayRead,50741805,35529344,-1,-1,-1,-1,-1,-1,-1,-1
SAMPLE,p01-baseline,append,6,unchangedPublicDiff,346788,16832,-1,-1,-1,-1,-1,-1,-1,-1
SAMPLE,p01-baseline,append,6,revisionCopy,130269367,48984224,-1,-1,-1,-1,-1,-1,-1,-1
SAMPLE,p01-baseline,append,7,bulkAppendCommit,46386385,36760456,-1,-1,-1,-1,-1,-1,-1,-1
SAMPLE,p01-baseline,append,7,publicCompactDiff,32103380,35803512,-1,-1,-1,-1,-1,-1,-1,-1
SAMPLE,p01-baseline,append,7,publicMaterializedDiff,30357593,35614920,-1,-1,-1,-1,-1,-1,-1,-1
SAMPLE,p01-baseline,append,7,replayRead,36405535,35529440,-1,-1,-1,-1,-1,-1,-1,-1
SAMPLE,p01-baseline,append,7,unchangedPublicDiff,295147,16832,-1,-1,-1,-1,-1,-1,-1,-1
SAMPLE,p01-baseline,append,7,revisionCopy,97167109,48984128,-1,-1,-1,-1,-1,-1,-1,-1
SAMPLE,p01-baseline,append,8,bulkAppendCommit,46181256,36760024,-1,-1,-1,-1,-1,-1,-1,-1
SAMPLE,p01-baseline,append,8,publicCompactDiff,29645120,35803344,-1,-1,-1,-1,-1,-1,-1,-1
SAMPLE,p01-baseline,append,8,publicMaterializedDiff,29001661,35614856,-1,-1,-1,-1,-1,-1,-1,-1
SAMPLE,p01-baseline,append,8,replayRead,29032378,35529344,-1,-1,-1,-1,-1,-1,-1,-1
SAMPLE,p01-baseline,append,8,unchangedPublicDiff,234765,16832,-1,-1,-1,-1,-1,-1,-1,-1
SAMPLE,p01-baseline,append,8,revisionCopy,87073245,48976664,-1,-1,-1,-1,-1,-1,-1,-1
SAMPLE,p01-baseline,append,9,bulkAppendCommit,60447807,36756280,-1,-1,-1,-1,-1,-1,-1,-1
SAMPLE,p01-baseline,append,9,publicCompactDiff,31409019,35803512,-1,-1,-1,-1,-1,-1,-1,-1
SAMPLE,p01-baseline,append,9,publicMaterializedDiff,29734323,35614920,-1,-1,-1,-1,-1,-1,-1,-1
SAMPLE,p01-baseline,append,9,replayRead,31565594,35529440,-1,-1,-1,-1,-1,-1,-1,-1
SAMPLE,p01-baseline,append,9,unchangedPublicDiff,283514,16832,-1,-1,-1,-1,-1,-1,-1,-1
SAMPLE,p01-baseline,append,9,revisionCopy,107884878,48978488,-1,-1,-1,-1,-1,-1,-1,-1
SAMPLE,p01-baseline,append,10,bulkAppendCommit,44574764,36755928,-1,-1,-1,-1,-1,-1,-1,-1
SAMPLE,p01-baseline,append,10,publicCompactDiff,30759265,35803376,-1,-1,-1,-1,-1,-1,-1,-1
SAMPLE,p01-baseline,append,10,publicMaterializedDiff,30103424,35614856,-1,-1,-1,-1,-1,-1,-1,-1
SAMPLE,p01-baseline,append,10,replayRead,27462501,35529344,-1,-1,-1,-1,-1,-1,-1,-1
SAMPLE,p01-baseline,append,10,unchangedPublicDiff,217010,16832,-1,-1,-1,-1,-1,-1,-1,-1
SAMPLE,p01-baseline,append,10,revisionCopy,88220267,48977488,-1,-1,-1,-1,-1,-1,-1,-1
SAMPLE,p01-baseline,append,11,bulkAppendCommit,51209199,36756104,-1,-1,-1,-1,-1,-1,-1,-1
SAMPLE,p01-baseline,append,11,publicCompactDiff,29882720,35803512,-1,-1,-1,-1,-1,-1,-1,-1
SAMPLE,p01-baseline,append,11,publicMaterializedDiff,30006073,35614920,-1,-1,-1,-1,-1,-1,-1,-1
SAMPLE,p01-baseline,append,11,replayRead,32403341,35529440,-1,-1,-1,-1,-1,-1,-1,-1
SAMPLE,p01-baseline,append,11,unchangedPublicDiff,217285,16832,-1,-1,-1,-1,-1,-1,-1,-1
SAMPLE,p01-baseline,append,11,revisionCopy,84295696,48977872,-1,-1,-1,-1,-1,-1,-1,-1
SAMPLE,p01-baseline,append,12,bulkAppendCommit,46284231,36755928,-1,-1,-1,-1,-1,-1,-1,-1
SAMPLE,p01-baseline,append,12,publicCompactDiff,28394542,35803376,-1,-1,-1,-1,-1,-1,-1,-1
SAMPLE,p01-baseline,append,12,publicMaterializedDiff,27498784,35614856,-1,-1,-1,-1,-1,-1,-1,-1
SAMPLE,p01-baseline,append,12,replayRead,32902121,35529344,-1,-1,-1,-1,-1,-1,-1,-1
SAMPLE,p01-baseline,append,12,unchangedPublicDiff,255825,16832,-1,-1,-1,-1,-1,-1,-1,-1
SAMPLE,p01-baseline,append,12,revisionCopy,218079349,48977672,-1,-1,-1,-1,-1,-1,-1,-1
SAMPLE,p01-baseline,append,13,bulkAppendCommit,58979470,36755816,-1,-1,-1,-1,-1,-1,-1,-1
SAMPLE,p01-baseline,append,13,publicCompactDiff,34622998,35803352,-1,-1,-1,-1,-1,-1,-1,-1
SAMPLE,p01-baseline,append,13,publicMaterializedDiff,54251479,35614792,-1,-1,-1,-1,-1,-1,-1,-1
SAMPLE,p01-baseline,append,13,replayRead,53423908,35529248,-1,-1,-1,-1,-1,-1,-1,-1
SAMPLE,p01-baseline,append,13,unchangedPublicDiff,269944,16768,-1,-1,-1,-1,-1,-1,-1,-1
SAMPLE,p01-baseline,append,13,revisionCopy,91228065,48977416,-1,-1,-1,-1,-1,-1,-1,-1
SAMPLE,p01-baseline,append,14,bulkAppendCommit,50779510,36755928,-1,-1,-1,-1,-1,-1,-1,-1
SAMPLE,p01-baseline,append,14,publicCompactDiff,54162353,35803344,-1,-1,-1,-1,-1,-1,-1,-1
SAMPLE,p01-baseline,append,14,publicMaterializedDiff,51679795,35614856,-1,-1,-1,-1,-1,-1,-1,-1
SAMPLE,p01-baseline,append,14,replayRead,34366621,35529344,-1,-1,-1,-1,-1,-1,-1,-1
SAMPLE,p01-baseline,append,14,unchangedPublicDiff,269892,16832,-1,-1,-1,-1,-1,-1,-1,-1
SAMPLE,p01-baseline,append,14,revisionCopy,83701414,48977528,-1,-1,-1,-1,-1,-1,-1,-1
SAMPLE,p01-baseline,append,15,bulkAppendCommit,47838483,36756408,-1,-1,-1,-1,-1,-1,-1,-1
SAMPLE,p01-baseline,append,15,publicCompactDiff,40450296,35803512,-1,-1,-1,-1,-1,-1,-1,-1
SAMPLE,p01-baseline,append,15,publicMaterializedDiff,48136551,35614920,-1,-1,-1,-1,-1,-1,-1,-1
SAMPLE,p01-baseline,append,15,replayRead,51631101,35529440,-1,-1,-1,-1,-1,-1,-1,-1
SAMPLE,p01-baseline,append,15,unchangedPublicDiff,333661,16832,-1,-1,-1,-1,-1,-1,-1,-1
SAMPLE,p01-baseline,append,15,revisionCopy,99880920,48977624,-1,-1,-1,-1,-1,-1,-1,-1
SAMPLE,p01-baseline,append,16,bulkAppendCommit,45241689,36756288,-1,-1,-1,-1,-1,-1,-1,-1
SAMPLE,p01-baseline,append,16,publicCompactDiff,38273261,35803312,-1,-1,-1,-1,-1,-1,-1,-1
SAMPLE,p01-baseline,append,16,publicMaterializedDiff,28317038,35614856,-1,-1,-1,-1,-1,-1,-1,-1
SAMPLE,p01-baseline,append,16,replayRead,29987292,35529344,-1,-1,-1,-1,-1,-1,-1,-1
SAMPLE,p01-baseline,append,16,unchangedPublicDiff,273379,16832,-1,-1,-1,-1,-1,-1,-1,-1
SAMPLE,p01-baseline,append,16,revisionCopy,91927692,48977544,-1,-1,-1,-1,-1,-1,-1,-1
END,p01-baseline,sink=556119
# [StorageProfile] dump called: enabled=false byKind.size=0
