ADMITTED,2026-10-05T22:34:54Z
WARNING: Using incubator modules: jdk.incubator.vector
RUN,p02-candidate,pid=2810664,java=25.0.3,identity=true,warmups=24,samples=17
JVM,p02-candidate,maxHeap=3221225472,arguments=[-XX:ThreadPriorityPolicy=1, -XX:+UnlockExperimentalVMOptions, -XX:+EnableJVMCIProduct, -XX:+EnableJVMCI, -XX:-UnlockExperimentalVMOptions, -ea, -Xms512m, -Xmx3g, --add-opens=java.base/sun.nio.ch=ALL-UNNAMED, --add-opens=java.base/java.nio=ALL-UNNAMED, --add-modules=jdk.incubator.vector, --enable-native-access=ALL-UNNAMED, -XX:+EnableDynamicAgentLoading, -XX:+UnlockDiagnosticVMOptions, -XX:+DebugNonSafepoints, --add-modules=jdk.incubator.vector, -Dfile.encoding=UTF-8, -Djava.io.tmpdir=/home/johannes/.treehouse/sirix-cdde48/20/sirix/build/replay/tmp, -Dlogback.configurationFile=/home/johannes/.treehouse/sirix-cdde48/20/sirix/build/replay/latency/quiet.xml, -Dsirix.replay.workDiag=false, -Dsirix.hot.mergeDiag=false, -Dsirix.replay.bench.scenarios=append]
COLUMNS,label,scenario,iteration,metric,nanos,threadAllocatedBytes,recordVisits,createdIdentities,stagedRecords,ancestorSteps,sidecarReads,fallbackPages,pathSteps,bookkeepingOperations
WARNING: A terminally deprecated method in sun.misc.Unsafe has been called
WARNING: sun.misc.Unsafe::arrayBaseOffset has been called by net.openhft.hashing.UnsafeAccess (file:/home/johannes/.gradle/caches/modules-2/files-2.1/net.openhft/zero-allocation-hashing/2026.0/2447494f7842ca377b4ccdba2089a8da5c1d1b50/zero-allocation-hashing-2026.0.jar)
WARNING: Please consider reporting this to the maintainers of class net.openhft.hashing.UnsafeAccess
WARNING: sun.misc.Unsafe::arrayBaseOffset will be removed in a future release
SAMPLE,p02-candidate,append,0,bulkAppendCommit,52366898,39445408,-1,-1,-1,-1,-1,-1,-1,-1
SAMPLE,p02-candidate,append,0,publicCompactDiff,32644680,37279368,-1,-1,-1,-1,-1,-1,-1,-1
SAMPLE,p02-candidate,append,0,publicMaterializedDiff,30759495,37090624,-1,-1,-1,-1,-1,-1,-1,-1
SAMPLE,p02-candidate,append,0,replayRead,3019447,2273112,-1,-1,-1,-1,-1,-1,-1,-1
SAMPLE,p02-candidate,append,0,unchangedPublicDiff,237735,16944,-1,-1,-1,-1,-1,-1,-1,-1
SAMPLE,p02-candidate,append,0,revisionCopy,32310322,14718128,-1,-1,-1,-1,-1,-1,-1,-1
SAMPLE,p02-candidate,append,1,bulkAppendCommit,45740490,39421440,-1,-1,-1,-1,-1,-1,-1,-1
SAMPLE,p02-candidate,append,1,publicCompactDiff,31228630,37279504,-1,-1,-1,-1,-1,-1,-1,-1
SAMPLE,p02-candidate,append,1,publicMaterializedDiff,30814643,37090688,-1,-1,-1,-1,-1,-1,-1,-1
SAMPLE,p02-candidate,append,1,replayRead,2971333,2273144,-1,-1,-1,-1,-1,-1,-1,-1
SAMPLE,p02-candidate,append,1,unchangedPublicDiff,209976,16944,-1,-1,-1,-1,-1,-1,-1,-1
SAMPLE,p02-candidate,append,1,revisionCopy,34605122,14680360,-1,-1,-1,-1,-1,-1,-1,-1
SAMPLE,p02-candidate,append,2,bulkAppendCommit,47272825,39445240,-1,-1,-1,-1,-1,-1,-1,-1
SAMPLE,p02-candidate,append,2,publicCompactDiff,31750073,37279344,-1,-1,-1,-1,-1,-1,-1,-1
SAMPLE,p02-candidate,append,2,publicMaterializedDiff,29847711,37090600,-1,-1,-1,-1,-1,-1,-1,-1
SAMPLE,p02-candidate,append,2,replayRead,2928984,2273064,-1,-1,-1,-1,-1,-1,-1,-1
SAMPLE,p02-candidate,append,2,unchangedPublicDiff,285732,16944,-1,-1,-1,-1,-1,-1,-1,-1
SAMPLE,p02-candidate,append,2,revisionCopy,33741008,14784416,-1,-1,-1,-1,-1,-1,-1,-1
SAMPLE,p02-candidate,append,3,bulkAppendCommit,49550493,39445624,-1,-1,-1,-1,-1,-1,-1,-1
SAMPLE,p02-candidate,append,3,publicCompactDiff,54045211,37279480,-1,-1,-1,-1,-1,-1,-1,-1
SAMPLE,p02-candidate,append,3,publicMaterializedDiff,49973675,37090664,-1,-1,-1,-1,-1,-1,-1,-1
SAMPLE,p02-candidate,append,3,replayRead,2847264,2273096,-1,-1,-1,-1,-1,-1,-1,-1
SAMPLE,p02-candidate,append,3,unchangedPublicDiff,243677,16944,-1,-1,-1,-1,-1,-1,-1,-1
SAMPLE,p02-candidate,append,3,revisionCopy,32876392,14709824,-1,-1,-1,-1,-1,-1,-1,-1
SAMPLE,p02-candidate,append,4,bulkAppendCommit,49319606,39464952,-1,-1,-1,-1,-1,-1,-1,-1
SAMPLE,p02-candidate,append,4,publicCompactDiff,29174077,37279312,-1,-1,-1,-1,-1,-1,-1,-1
SAMPLE,p02-candidate,append,4,publicMaterializedDiff,30841458,37090600,-1,-1,-1,-1,-1,-1,-1,-1
SAMPLE,p02-candidate,append,4,replayRead,2861567,2273064,-1,-1,-1,-1,-1,-1,-1,-1
SAMPLE,p02-candidate,append,4,unchangedPublicDiff,268298,16944,-1,-1,-1,-1,-1,-1,-1,-1
SAMPLE,p02-candidate,append,4,revisionCopy,32789831,14614208,-1,-1,-1,-1,-1,-1,-1,-1
SAMPLE,p02-candidate,append,5,bulkAppendCommit,46934358,39440088,-1,-1,-1,-1,-1,-1,-1,-1
SAMPLE,p02-candidate,append,5,publicCompactDiff,29765753,37279544,-1,-1,-1,-1,-1,-1,-1,-1
SAMPLE,p02-candidate,append,5,publicMaterializedDiff,28614754,37090664,-1,-1,-1,-1,-1,-1,-1,-1
SAMPLE,p02-candidate,append,5,replayRead,2700385,2273096,-1,-1,-1,-1,-1,-1,-1,-1
SAMPLE,p02-candidate,append,5,unchangedPublicDiff,216864,16944,-1,-1,-1,-1,-1,-1,-1,-1
SAMPLE,p02-candidate,append,5,revisionCopy,31670919,14592008,-1,-1,-1,-1,-1,-1,-1,-1
SAMPLE,p02-candidate,append,6,bulkAppendCommit,46247598,39439816,-1,-1,-1,-1,-1,-1,-1,-1
SAMPLE,p02-candidate,append,6,publicCompactDiff,31698666,37279408,-1,-1,-1,-1,-1,-1,-1,-1
SAMPLE,p02-candidate,append,6,publicMaterializedDiff,30962090,37090600,-1,-1,-1,-1,-1,-1,-1,-1
SAMPLE,p02-candidate,append,6,replayRead,2733292,2273064,-1,-1,-1,-1,-1,-1,-1,-1
SAMPLE,p02-candidate,append,6,unchangedPublicDiff,194510,16944,-1,-1,-1,-1,-1,-1,-1,-1
SAMPLE,p02-candidate,append,6,revisionCopy,46729075,14679840,-1,-1,-1,-1,-1,-1,-1,-1
SAMPLE,p02-candidate,append,7,bulkAppendCommit,54393763,39440024,-1,-1,-1,-1,-1,-1,-1,-1
SAMPLE,p02-candidate,append,7,publicCompactDiff,29444416,37279480,-1,-1,-1,-1,-1,-1,-1,-1
SAMPLE,p02-candidate,append,7,publicMaterializedDiff,28743684,37093264,-1,-1,-1,-1,-1,-1,-1,-1
SAMPLE,p02-candidate,append,7,replayRead,2787728,2273096,-1,-1,-1,-1,-1,-1,-1,-1
SAMPLE,p02-candidate,append,7,unchangedPublicDiff,205910,16944,-1,-1,-1,-1,-1,-1,-1,-1
SAMPLE,p02-candidate,append,7,revisionCopy,31628992,14679760,-1,-1,-1,-1,-1,-1,-1,-1
SAMPLE,p02-candidate,append,8,bulkAppendCommit,53213700,39439880,-1,-1,-1,-1,-1,-1,-1,-1
SAMPLE,p02-candidate,append,8,publicCompactDiff,29195246,37279344,-1,-1,-1,-1,-1,-1,-1,-1
SAMPLE,p02-candidate,append,8,publicMaterializedDiff,33803886,37090600,-1,-1,-1,-1,-1,-1,-1,-1
SAMPLE,p02-candidate,append,8,replayRead,2923843,2273064,-1,-1,-1,-1,-1,-1,-1,-1
SAMPLE,p02-candidate,append,8,unchangedPublicDiff,233379,16944,-1,-1,-1,-1,-1,-1,-1,-1
SAMPLE,p02-candidate,append,8,revisionCopy,30244857,14638992,-1,-1,-1,-1,-1,-1,-1,-1
SAMPLE,p02-candidate,append,9,bulkAppendCommit,46609028,39440392,-1,-1,-1,-1,-1,-1,-1,-1
SAMPLE,p02-candidate,append,9,publicCompactDiff,29578949,37279512,-1,-1,-1,-1,-1,-1,-1,-1
SAMPLE,p02-candidate,append,9,publicMaterializedDiff,28738327,37090664,-1,-1,-1,-1,-1,-1,-1,-1
SAMPLE,p02-candidate,append,9,replayRead,2891203,2273096,-1,-1,-1,-1,-1,-1,-1,-1
SAMPLE,p02-candidate,append,9,unchangedPublicDiff,250543,16944,-1,-1,-1,-1,-1,-1,-1,-1
SAMPLE,p02-candidate,append,9,revisionCopy,30626992,14614608,-1,-1,-1,-1,-1,-1,-1,-1
SAMPLE,p02-candidate,append,10,bulkAppendCommit,46431626,39436160,-1,-1,-1,-1,-1,-1,-1,-1
SAMPLE,p02-candidate,append,10,publicCompactDiff,31613764,37279344,-1,-1,-1,-1,-1,-1,-1,-1
SAMPLE,p02-candidate,append,10,publicMaterializedDiff,32722836,37090600,-1,-1,-1,-1,-1,-1,-1,-1
SAMPLE,p02-candidate,append,10,replayRead,2898137,2273064,-1,-1,-1,-1,-1,-1,-1,-1
SAMPLE,p02-candidate,append,10,unchangedPublicDiff,240573,16944,-1,-1,-1,-1,-1,-1,-1,-1
SAMPLE,p02-candidate,append,10,revisionCopy,28600020,14607144,-1,-1,-1,-1,-1,-1,-1,-1
SAMPLE,p02-candidate,append,11,bulkAppendCommit,49516507,39362512,-1,-1,-1,-1,-1,-1,-1,-1
SAMPLE,p02-candidate,append,11,publicCompactDiff,35910342,37279704,-1,-1,-1,-1,-1,-1,-1,-1
SAMPLE,p02-candidate,append,11,publicMaterializedDiff,31473769,37090664,-1,-1,-1,-1,-1,-1,-1,-1
SAMPLE,p02-candidate,append,11,replayRead,2802892,2273096,-1,-1,-1,-1,-1,-1,-1,-1
SAMPLE,p02-candidate,append,11,unchangedPublicDiff,324109,16944,-1,-1,-1,-1,-1,-1,-1,-1
SAMPLE,p02-candidate,append,11,revisionCopy,28467924,14673944,-1,-1,-1,-1,-1,-1,-1,-1
SAMPLE,p02-candidate,append,12,bulkAppendCommit,48161523,39337296,-1,-1,-1,-1,-1,-1,-1,-1
SAMPLE,p02-candidate,append,12,publicCompactDiff,31447317,37279344,-1,-1,-1,-1,-1,-1,-1,-1
SAMPLE,p02-candidate,append,12,publicMaterializedDiff,31058324,37090600,-1,-1,-1,-1,-1,-1,-1,-1
SAMPLE,p02-candidate,append,12,replayRead,2935403,2273064,-1,-1,-1,-1,-1,-1,-1,-1
SAMPLE,p02-candidate,append,12,unchangedPublicDiff,256017,16944,-1,-1,-1,-1,-1,-1,-1,-1
SAMPLE,p02-candidate,append,12,revisionCopy,28610381,14540704,-1,-1,-1,-1,-1,-1,-1,-1
SAMPLE,p02-candidate,append,13,bulkAppendCommit,47025562,39337648,-1,-1,-1,-1,-1,-1,-1,-1
SAMPLE,p02-candidate,append,13,publicCompactDiff,41739803,37279480,-1,-1,-1,-1,-1,-1,-1,-1
SAMPLE,p02-candidate,append,13,publicMaterializedDiff,32687010,37090664,-1,-1,-1,-1,-1,-1,-1,-1
SAMPLE,p02-candidate,append,13,replayRead,2828054,2273048,-1,-1,-1,-1,-1,-1,-1,-1
SAMPLE,p02-candidate,append,13,unchangedPublicDiff,204138,16872,-1,-1,-1,-1,-1,-1,-1,-1
SAMPLE,p02-candidate,append,13,revisionCopy,28371822,14603344,-1,-1,-1,-1,-1,-1,-1,-1
SAMPLE,p02-candidate,append,14,bulkAppendCommit,46669755,39335192,-1,-1,-1,-1,-1,-1,-1,-1
SAMPLE,p02-candidate,append,14,publicCompactDiff,28627654,37278928,-1,-1,-1,-1,-1,-1,-1,-1
SAMPLE,p02-candidate,append,14,publicMaterializedDiff,27862991,37090504,-1,-1,-1,-1,-1,-1,-1,-1
SAMPLE,p02-candidate,append,14,replayRead,2710192,2273016,-1,-1,-1,-1,-1,-1,-1,-1
SAMPLE,p02-candidate,append,14,unchangedPublicDiff,179593,16872,-1,-1,-1,-1,-1,-1,-1,-1
SAMPLE,p02-candidate,append,14,revisionCopy,27757403,14668920,-1,-1,-1,-1,-1,-1,-1,-1
SAMPLE,p02-candidate,append,15,bulkAppendCommit,43824046,39360840,-1,-1,-1,-1,-1,-1,-1,-1
SAMPLE,p02-candidate,append,15,publicCompactDiff,29092124,37279128,-1,-1,-1,-1,-1,-1,-1,-1
SAMPLE,p02-candidate,append,15,publicMaterializedDiff,29427000,37090568,-1,-1,-1,-1,-1,-1,-1,-1
SAMPLE,p02-candidate,append,15,replayRead,2730865,2273048,-1,-1,-1,-1,-1,-1,-1,-1
SAMPLE,p02-candidate,append,15,unchangedPublicDiff,202688,16872,-1,-1,-1,-1,-1,-1,-1,-1
SAMPLE,p02-candidate,append,15,revisionCopy,26478423,14603776,-1,-1,-1,-1,-1,-1,-1,-1
SAMPLE,p02-candidate,append,16,bulkAppendCommit,47186687,39335416,-1,-1,-1,-1,-1,-1,-1,-1
SAMPLE,p02-candidate,append,16,publicCompactDiff,29623159,37278960,-1,-1,-1,-1,-1,-1,-1,-1
SAMPLE,p02-candidate,append,16,publicMaterializedDiff,28341609,37090504,-1,-1,-1,-1,-1,-1,-1,-1
SAMPLE,p02-candidate,append,16,replayRead,3603425,2273016,-1,-1,-1,-1,-1,-1,-1,-1
SAMPLE,p02-candidate,append,16,unchangedPublicDiff,237622,16872,-1,-1,-1,-1,-1,-1,-1,-1
SAMPLE,p02-candidate,append,16,revisionCopy,27938692,14602888,-1,-1,-1,-1,-1,-1,-1,-1
END,p02-candidate,sink=1546229031
# [StorageProfile] dump called: enabled=false byKind.size=0
