ADMITTED,2026-10-05T22:34:36Z
WARNING: Using incubator modules: jdk.incubator.vector
RUN,p02-baseline,pid=2800566,java=25.0.3,identity=false,warmups=24,samples=17
JVM,p02-baseline,maxHeap=3221225472,arguments=[-XX:ThreadPriorityPolicy=1, -XX:+UnlockExperimentalVMOptions, -XX:+EnableJVMCIProduct, -XX:+EnableJVMCI, -XX:-UnlockExperimentalVMOptions, -ea, -Xms512m, -Xmx3g, --add-opens=java.base/sun.nio.ch=ALL-UNNAMED, --add-opens=java.base/java.nio=ALL-UNNAMED, --add-modules=jdk.incubator.vector, --enable-native-access=ALL-UNNAMED, -XX:+EnableDynamicAgentLoading, -XX:+UnlockDiagnosticVMOptions, -XX:+DebugNonSafepoints, --add-modules=jdk.incubator.vector, -Dfile.encoding=UTF-8, -Djava.io.tmpdir=/home/johannes/.treehouse/sirix-cdde48/20/sirix/build/replay/tmp, -Dlogback.configurationFile=/home/johannes/.treehouse/sirix-cdde48/20/sirix/build/replay/latency/quiet.xml, -Dsirix.replay.workDiag=false, -Dsirix.hot.mergeDiag=false, -Dsirix.replay.bench.scenarios=append]
COLUMNS,label,scenario,iteration,metric,nanos,threadAllocatedBytes,recordVisits,createdIdentities,stagedRecords,ancestorSteps,sidecarReads,fallbackPages,pathSteps,bookkeepingOperations
WARNING: A terminally deprecated method in sun.misc.Unsafe has been called
WARNING: sun.misc.Unsafe::arrayBaseOffset has been called by net.openhft.hashing.UnsafeAccess (file:/home/johannes/.gradle/caches/modules-2/files-2.1/net.openhft/zero-allocation-hashing/2026.0/2447494f7842ca377b4ccdba2089a8da5c1d1b50/zero-allocation-hashing-2026.0.jar)
WARNING: Please consider reporting this to the maintainers of class net.openhft.hashing.UnsafeAccess
WARNING: sun.misc.Unsafe::arrayBaseOffset will be removed in a future release
SAMPLE,p02-baseline,append,0,bulkAppendCommit,45964684,36762520,-1,-1,-1,-1,-1,-1,-1,-1
SAMPLE,p02-baseline,append,0,publicCompactDiff,29633017,35779200,-1,-1,-1,-1,-1,-1,-1,-1
SAMPLE,p02-baseline,append,0,publicMaterializedDiff,29197122,35590424,-1,-1,-1,-1,-1,-1,-1,-1
SAMPLE,p02-baseline,append,0,replayRead,29580364,35504800,-1,-1,-1,-1,-1,-1,-1,-1
SAMPLE,p02-baseline,append,0,unchangedPublicDiff,264862,16904,-1,-1,-1,-1,-1,-1,-1,-1
SAMPLE,p02-baseline,append,0,revisionCopy,101141745,49120128,-1,-1,-1,-1,-1,-1,-1,-1
SAMPLE,p02-baseline,append,1,bulkAppendCommit,44895453,36762472,-1,-1,-1,-1,-1,-1,-1,-1
SAMPLE,p02-baseline,append,1,publicCompactDiff,29567586,35779208,-1,-1,-1,-1,-1,-1,-1,-1
SAMPLE,p02-baseline,append,1,publicMaterializedDiff,28128471,35590360,-1,-1,-1,-1,-1,-1,-1,-1
SAMPLE,p02-baseline,append,1,replayRead,29553626,35504704,-1,-1,-1,-1,-1,-1,-1,-1
SAMPLE,p02-baseline,append,1,unchangedPublicDiff,267124,16840,-1,-1,-1,-1,-1,-1,-1,-1
SAMPLE,p02-baseline,append,1,revisionCopy,86744383,49118744,-1,-1,-1,-1,-1,-1,-1,-1
SAMPLE,p02-baseline,append,2,bulkAppendCommit,54036182,36760264,-1,-1,-1,-1,-1,-1,-1,-1
SAMPLE,p02-baseline,append,2,publicCompactDiff,33860402,35778816,-1,-1,-1,-1,-1,-1,-1,-1
SAMPLE,p02-baseline,append,2,publicMaterializedDiff,30263143,35590328,-1,-1,-1,-1,-1,-1,-1,-1
SAMPLE,p02-baseline,append,2,replayRead,37159836,35504656,-1,-1,-1,-1,-1,-1,-1,-1
SAMPLE,p02-baseline,append,2,unchangedPublicDiff,427416,16832,-1,-1,-1,-1,-1,-1,-1,-1
SAMPLE,p02-baseline,append,2,revisionCopy,150545713,49114688,-1,-1,-1,-1,-1,-1,-1,-1
SAMPLE,p02-baseline,append,3,bulkAppendCommit,76429528,36760280,-1,-1,-1,-1,-1,-1,-1,-1
SAMPLE,p02-baseline,append,3,publicCompactDiff,34027216,35778824,-1,-1,-1,-1,-1,-1,-1,-1
SAMPLE,p02-baseline,append,3,publicMaterializedDiff,29627125,35590264,-1,-1,-1,-1,-1,-1,-1,-1
SAMPLE,p02-baseline,append,3,replayRead,28716656,35504560,-1,-1,-1,-1,-1,-1,-1,-1
SAMPLE,p02-baseline,append,3,unchangedPublicDiff,306975,16768,-1,-1,-1,-1,-1,-1,-1,-1
SAMPLE,p02-baseline,append,3,revisionCopy,138703323,49115632,-1,-1,-1,-1,-1,-1,-1,-1
SAMPLE,p02-baseline,append,4,bulkAppendCommit,75962689,36760912,-1,-1,-1,-1,-1,-1,-1,-1
SAMPLE,p02-baseline,append,4,publicCompactDiff,44697816,35778816,-1,-1,-1,-1,-1,-1,-1,-1
SAMPLE,p02-baseline,append,4,publicMaterializedDiff,39629927,35590328,-1,-1,-1,-1,-1,-1,-1,-1
SAMPLE,p02-baseline,append,4,replayRead,39793985,35504656,-1,-1,-1,-1,-1,-1,-1,-1
SAMPLE,p02-baseline,append,4,unchangedPublicDiff,321108,17160,-1,-1,-1,-1,-1,-1,-1,-1
SAMPLE,p02-baseline,append,4,revisionCopy,139360314,49114280,-1,-1,-1,-1,-1,-1,-1,-1
SAMPLE,p02-baseline,append,5,bulkAppendCommit,68678037,36760216,-1,-1,-1,-1,-1,-1,-1,-1
SAMPLE,p02-baseline,append,5,publicCompactDiff,43685197,35778856,-1,-1,-1,-1,-1,-1,-1,-1
SAMPLE,p02-baseline,append,5,publicMaterializedDiff,38849213,35590264,-1,-1,-1,-1,-1,-1,-1,-1
SAMPLE,p02-baseline,append,5,replayRead,38374859,35504720,-1,-1,-1,-1,-1,-1,-1,-1
SAMPLE,p02-baseline,append,5,unchangedPublicDiff,342162,16768,-1,-1,-1,-1,-1,-1,-1,-1
SAMPLE,p02-baseline,append,5,revisionCopy,118781813,49114736,-1,-1,-1,-1,-1,-1,-1,-1
SAMPLE,p02-baseline,append,6,bulkAppendCommit,61396681,36760216,-1,-1,-1,-1,-1,-1,-1,-1
SAMPLE,p02-baseline,append,6,publicCompactDiff,43395122,35778784,-1,-1,-1,-1,-1,-1,-1,-1
SAMPLE,p02-baseline,append,6,publicMaterializedDiff,41508869,35590328,-1,-1,-1,-1,-1,-1,-1,-1
SAMPLE,p02-baseline,append,6,replayRead,41504722,35504816,-1,-1,-1,-1,-1,-1,-1,-1
SAMPLE,p02-baseline,append,6,unchangedPublicDiff,297795,16832,-1,-1,-1,-1,-1,-1,-1,-1
SAMPLE,p02-baseline,append,6,revisionCopy,128977461,49110944,-1,-1,-1,-1,-1,-1,-1,-1
SAMPLE,p02-baseline,append,7,bulkAppendCommit,68329811,36755864,-1,-1,-1,-1,-1,-1,-1,-1
SAMPLE,p02-baseline,append,7,publicCompactDiff,35331901,35778824,-1,-1,-1,-1,-1,-1,-1,-1
SAMPLE,p02-baseline,append,7,publicMaterializedDiff,33925415,35590264,-1,-1,-1,-1,-1,-1,-1,-1
SAMPLE,p02-baseline,append,7,replayRead,42327572,35504720,-1,-1,-1,-1,-1,-1,-1,-1
SAMPLE,p02-baseline,append,7,unchangedPublicDiff,294053,16768,-1,-1,-1,-1,-1,-1,-1,-1
SAMPLE,p02-baseline,append,7,revisionCopy,140493082,48977400,-1,-1,-1,-1,-1,-1,-1,-1
SAMPLE,p02-baseline,append,8,bulkAppendCommit,81910085,36626928,-1,-1,-1,-1,-1,-1,-1,-1
SAMPLE,p02-baseline,append,8,publicCompactDiff,57301520,35647584,-1,-1,-1,-1,-1,-1,-1,-1
SAMPLE,p02-baseline,append,8,publicMaterializedDiff,41291280,35459128,-1,-1,-1,-1,-1,-1,-1,-1
SAMPLE,p02-baseline,append,8,replayRead,35720811,35504816,-1,-1,-1,-1,-1,-1,-1,-1
SAMPLE,p02-baseline,append,8,unchangedPublicDiff,405857,16832,-1,-1,-1,-1,-1,-1,-1,-1
SAMPLE,p02-baseline,append,8,revisionCopy,122530445,48976840,-1,-1,-1,-1,-1,-1,-1,-1
SAMPLE,p02-baseline,append,9,bulkAppendCommit,59951461,36755992,-1,-1,-1,-1,-1,-1,-1,-1
SAMPLE,p02-baseline,append,9,publicCompactDiff,37435609,35778824,-1,-1,-1,-1,-1,-1,-1,-1
SAMPLE,p02-baseline,append,9,publicMaterializedDiff,40200406,35590264,-1,-1,-1,-1,-1,-1,-1,-1
SAMPLE,p02-baseline,append,9,replayRead,41726931,35504720,-1,-1,-1,-1,-1,-1,-1,-1
SAMPLE,p02-baseline,append,9,unchangedPublicDiff,381492,16768,-1,-1,-1,-1,-1,-1,-1,-1
SAMPLE,p02-baseline,append,9,revisionCopy,120867867,48978000,-1,-1,-1,-1,-1,-1,-1,-1
SAMPLE,p02-baseline,append,10,bulkAppendCommit,70897323,36756136,-1,-1,-1,-1,-1,-1,-1,-1
SAMPLE,p02-baseline,append,10,publicCompactDiff,39332422,35778784,-1,-1,-1,-1,-1,-1,-1,-1
SAMPLE,p02-baseline,append,10,publicMaterializedDiff,40076845,35590328,-1,-1,-1,-1,-1,-1,-1,-1
SAMPLE,p02-baseline,append,10,replayRead,37402544,35504816,-1,-1,-1,-1,-1,-1,-1,-1
SAMPLE,p02-baseline,append,10,unchangedPublicDiff,287898,16832,-1,-1,-1,-1,-1,-1,-1,-1
SAMPLE,p02-baseline,append,10,revisionCopy,105223968,48978120,-1,-1,-1,-1,-1,-1,-1,-1
SAMPLE,p02-baseline,append,11,bulkAppendCommit,61442419,36756464,-1,-1,-1,-1,-1,-1,-1,-1
SAMPLE,p02-baseline,append,11,publicCompactDiff,43485778,35778824,-1,-1,-1,-1,-1,-1,-1,-1
SAMPLE,p02-baseline,append,11,publicMaterializedDiff,39864278,35590264,-1,-1,-1,-1,-1,-1,-1,-1
SAMPLE,p02-baseline,append,11,replayRead,40339705,35504720,-1,-1,-1,-1,-1,-1,-1,-1
SAMPLE,p02-baseline,append,11,unchangedPublicDiff,269982,16768,-1,-1,-1,-1,-1,-1,-1,-1
SAMPLE,p02-baseline,append,11,revisionCopy,115664079,48979136,-1,-1,-1,-1,-1,-1,-1,-1
SAMPLE,p02-baseline,append,12,bulkAppendCommit,63773856,36756104,-1,-1,-1,-1,-1,-1,-1,-1
SAMPLE,p02-baseline,append,12,publicCompactDiff,41495088,35778848,-1,-1,-1,-1,-1,-1,-1,-1
SAMPLE,p02-baseline,append,12,publicMaterializedDiff,42575797,35590328,-1,-1,-1,-1,-1,-1,-1,-1
SAMPLE,p02-baseline,append,12,replayRead,39673489,35504816,-1,-1,-1,-1,-1,-1,-1,-1
SAMPLE,p02-baseline,append,12,unchangedPublicDiff,353216,16832,-1,-1,-1,-1,-1,-1,-1,-1
SAMPLE,p02-baseline,append,12,revisionCopy,100326604,48977104,-1,-1,-1,-1,-1,-1,-1,-1
SAMPLE,p02-baseline,append,13,bulkAppendCommit,60295901,36756056,-1,-1,-1,-1,-1,-1,-1,-1
SAMPLE,p02-baseline,append,13,publicCompactDiff,56459178,35778824,-1,-1,-1,-1,-1,-1,-1,-1
SAMPLE,p02-baseline,append,13,publicMaterializedDiff,54744848,35590264,-1,-1,-1,-1,-1,-1,-1,-1
SAMPLE,p02-baseline,append,13,replayRead,50659878,35504720,-1,-1,-1,-1,-1,-1,-1,-1
SAMPLE,p02-baseline,append,13,unchangedPublicDiff,294231,16768,-1,-1,-1,-1,-1,-1,-1,-1
SAMPLE,p02-baseline,append,13,revisionCopy,133506363,48979416,-1,-1,-1,-1,-1,-1,-1,-1
SAMPLE,p02-baseline,append,14,bulkAppendCommit,59189121,36757808,-1,-1,-1,-1,-1,-1,-1,-1
SAMPLE,p02-baseline,append,14,publicCompactDiff,32135711,35778784,-1,-1,-1,-1,-1,-1,-1,-1
SAMPLE,p02-baseline,append,14,publicMaterializedDiff,31896769,35590328,-1,-1,-1,-1,-1,-1,-1,-1
SAMPLE,p02-baseline,append,14,replayRead,37436189,35504816,-1,-1,-1,-1,-1,-1,-1,-1
SAMPLE,p02-baseline,append,14,unchangedPublicDiff,295632,16832,-1,-1,-1,-1,-1,-1,-1,-1
SAMPLE,p02-baseline,append,14,revisionCopy,142643276,48977296,-1,-1,-1,-1,-1,-1,-1,-1
SAMPLE,p02-baseline,append,15,bulkAppendCommit,63143033,36756424,-1,-1,-1,-1,-1,-1,-1,-1
SAMPLE,p02-baseline,append,15,publicCompactDiff,54270191,35778824,-1,-1,-1,-1,-1,-1,-1,-1
SAMPLE,p02-baseline,append,15,publicMaterializedDiff,50328568,35590264,-1,-1,-1,-1,-1,-1,-1,-1
SAMPLE,p02-baseline,append,15,replayRead,49527853,35504720,-1,-1,-1,-1,-1,-1,-1,-1
SAMPLE,p02-baseline,append,15,unchangedPublicDiff,359059,16768,-1,-1,-1,-1,-1,-1,-1,-1
SAMPLE,p02-baseline,append,15,revisionCopy,142586985,48977488,-1,-1,-1,-1,-1,-1,-1,-1
SAMPLE,p02-baseline,append,16,bulkAppendCommit,68131397,36756096,-1,-1,-1,-1,-1,-1,-1,-1
SAMPLE,p02-baseline,append,16,publicCompactDiff,53780485,35778784,-1,-1,-1,-1,-1,-1,-1,-1
SAMPLE,p02-baseline,append,16,publicMaterializedDiff,40876239,35590328,-1,-1,-1,-1,-1,-1,-1,-1
SAMPLE,p02-baseline,append,16,replayRead,37884595,35504816,-1,-1,-1,-1,-1,-1,-1,-1
SAMPLE,p02-baseline,append,16,unchangedPublicDiff,364016,16832,-1,-1,-1,-1,-1,-1,-1,-1
SAMPLE,p02-baseline,append,16,revisionCopy,164980565,48976896,-1,-1,-1,-1,-1,-1,-1,-1
END,p02-baseline,sink=556119
# [StorageProfile] dump called: enabled=false byKind.size=0
