ADMITTED,2026-10-05T22:35:22Z
WARNING: Using incubator modules: jdk.incubator.vector
RUN,p03-baseline,pid=2821748,java=25.0.3,identity=false,warmups=24,samples=17
JVM,p03-baseline,maxHeap=3221225472,arguments=[-XX:ThreadPriorityPolicy=1, -XX:+UnlockExperimentalVMOptions, -XX:+EnableJVMCIProduct, -XX:+EnableJVMCI, -XX:-UnlockExperimentalVMOptions, -ea, -Xms512m, -Xmx3g, --add-opens=java.base/sun.nio.ch=ALL-UNNAMED, --add-opens=java.base/java.nio=ALL-UNNAMED, --add-modules=jdk.incubator.vector, --enable-native-access=ALL-UNNAMED, -XX:+EnableDynamicAgentLoading, -XX:+UnlockDiagnosticVMOptions, -XX:+DebugNonSafepoints, --add-modules=jdk.incubator.vector, -Dfile.encoding=UTF-8, -Djava.io.tmpdir=/home/johannes/.treehouse/sirix-cdde48/20/sirix/build/replay/tmp, -Dlogback.configurationFile=/home/johannes/.treehouse/sirix-cdde48/20/sirix/build/replay/latency/quiet.xml, -Dsirix.replay.workDiag=false, -Dsirix.hot.mergeDiag=false, -Dsirix.replay.bench.scenarios=append]
COLUMNS,label,scenario,iteration,metric,nanos,threadAllocatedBytes,recordVisits,createdIdentities,stagedRecords,ancestorSteps,sidecarReads,fallbackPages,pathSteps,bookkeepingOperations
WARNING: A terminally deprecated method in sun.misc.Unsafe has been called
WARNING: sun.misc.Unsafe::arrayBaseOffset has been called by net.openhft.hashing.UnsafeAccess (file:/home/johannes/.gradle/caches/modules-2/files-2.1/net.openhft/zero-allocation-hashing/2026.0/2447494f7842ca377b4ccdba2089a8da5c1d1b50/zero-allocation-hashing-2026.0.jar)
WARNING: Please consider reporting this to the maintainers of class net.openhft.hashing.UnsafeAccess
WARNING: sun.misc.Unsafe::arrayBaseOffset will be removed in a future release
SAMPLE,p03-baseline,append,0,bulkAppendCommit,44982904,36762264,-1,-1,-1,-1,-1,-1,-1,-1
SAMPLE,p03-baseline,append,0,publicCompactDiff,30165303,35778912,-1,-1,-1,-1,-1,-1,-1,-1
SAMPLE,p03-baseline,append,0,publicMaterializedDiff,29258542,35590168,-1,-1,-1,-1,-1,-1,-1,-1
SAMPLE,p03-baseline,append,0,replayRead,31962689,35373472,-1,-1,-1,-1,-1,-1,-1,-1
SAMPLE,p03-baseline,append,0,unchangedPublicDiff,268467,16904,-1,-1,-1,-1,-1,-1,-1,-1
SAMPLE,p03-baseline,append,0,revisionCopy,86454352,49118888,-1,-1,-1,-1,-1,-1,-1,-1
SAMPLE,p03-baseline,append,1,bulkAppendCommit,47274103,36762216,-1,-1,-1,-1,-1,-1,-1,-1
SAMPLE,p03-baseline,append,1,publicCompactDiff,32318587,35778952,-1,-1,-1,-1,-1,-1,-1,-1
SAMPLE,p03-baseline,append,1,publicMaterializedDiff,30215956,35590104,-1,-1,-1,-1,-1,-1,-1,-1
SAMPLE,p03-baseline,append,1,replayRead,28780044,35373376,-1,-1,-1,-1,-1,-1,-1,-1
SAMPLE,p03-baseline,append,1,unchangedPublicDiff,324584,16872,-1,-1,-1,-1,-1,-1,-1,-1
SAMPLE,p03-baseline,append,1,revisionCopy,121289648,49118760,-1,-1,-1,-1,-1,-1,-1,-1
SAMPLE,p03-baseline,append,2,bulkAppendCommit,45357546,36761896,-1,-1,-1,-1,-1,-1,-1,-1
SAMPLE,p03-baseline,append,2,publicCompactDiff,39127271,35778912,-1,-1,-1,-1,-1,-1,-1,-1
SAMPLE,p03-baseline,append,2,publicMaterializedDiff,30879445,35590168,-1,-1,-1,-1,-1,-1,-1,-1
SAMPLE,p03-baseline,append,2,replayRead,31696599,35373472,-1,-1,-1,-1,-1,-1,-1,-1
SAMPLE,p03-baseline,append,2,unchangedPublicDiff,256065,16904,-1,-1,-1,-1,-1,-1,-1,-1
SAMPLE,p03-baseline,append,2,revisionCopy,87933145,49119408,-1,-1,-1,-1,-1,-1,-1,-1
SAMPLE,p03-baseline,append,3,bulkAppendCommit,44829171,36762944,-1,-1,-1,-1,-1,-1,-1,-1
SAMPLE,p03-baseline,append,3,publicCompactDiff,29324351,35779112,-1,-1,-1,-1,-1,-1,-1,-1
SAMPLE,p03-baseline,append,3,publicMaterializedDiff,28207761,35590232,-1,-1,-1,-1,-1,-1,-1,-1
SAMPLE,p03-baseline,append,3,replayRead,28019177,35373568,-1,-1,-1,-1,-1,-1,-1,-1
SAMPLE,p03-baseline,append,3,unchangedPublicDiff,317422,16904,-1,-1,-1,-1,-1,-1,-1,-1
SAMPLE,p03-baseline,append,3,revisionCopy,93459472,49120440,-1,-1,-1,-1,-1,-1,-1,-1
SAMPLE,p03-baseline,append,4,bulkAppendCommit,44873287,36762184,-1,-1,-1,-1,-1,-1,-1,-1
SAMPLE,p03-baseline,append,4,publicCompactDiff,29796726,35778912,-1,-1,-1,-1,-1,-1,-1,-1
SAMPLE,p03-baseline,append,4,publicMaterializedDiff,28652671,35590168,-1,-1,-1,-1,-1,-1,-1,-1
SAMPLE,p03-baseline,append,4,replayRead,28664610,35373328,-1,-1,-1,-1,-1,-1,-1,-1
SAMPLE,p03-baseline,append,4,unchangedPublicDiff,265599,16832,-1,-1,-1,-1,-1,-1,-1,-1
SAMPLE,p03-baseline,append,4,revisionCopy,85806339,49115624,-1,-1,-1,-1,-1,-1,-1,-1
SAMPLE,p03-baseline,append,5,bulkAppendCommit,43318503,36760736,-1,-1,-1,-1,-1,-1,-1,-1
SAMPLE,p03-baseline,append,5,publicCompactDiff,30233418,35778568,-1,-1,-1,-1,-1,-1,-1,-1
SAMPLE,p03-baseline,append,5,publicMaterializedDiff,31084695,35590008,-1,-1,-1,-1,-1,-1,-1,-1
SAMPLE,p03-baseline,append,5,replayRead,32049828,35373392,-1,-1,-1,-1,-1,-1,-1,-1
SAMPLE,p03-baseline,append,5,unchangedPublicDiff,247654,16768,-1,-1,-1,-1,-1,-1,-1,-1
SAMPLE,p03-baseline,append,5,revisionCopy,83684837,49115552,-1,-1,-1,-1,-1,-1,-1,-1
SAMPLE,p03-baseline,append,6,bulkAppendCommit,43497492,36761000,-1,-1,-1,-1,-1,-1,-1,-1
SAMPLE,p03-baseline,append,6,publicCompactDiff,31788631,35778528,-1,-1,-1,-1,-1,-1,-1,-1
SAMPLE,p03-baseline,append,6,publicMaterializedDiff,29201504,35590072,-1,-1,-1,-1,-1,-1,-1,-1
SAMPLE,p03-baseline,append,6,replayRead,30218858,35373488,-1,-1,-1,-1,-1,-1,-1,-1
SAMPLE,p03-baseline,append,6,unchangedPublicDiff,273334,16832,-1,-1,-1,-1,-1,-1,-1,-1
SAMPLE,p03-baseline,append,6,revisionCopy,153551301,48983560,-1,-1,-1,-1,-1,-1,-1,-1
SAMPLE,p03-baseline,append,7,bulkAppendCommit,44835729,36760240,-1,-1,-1,-1,-1,-1,-1,-1
SAMPLE,p03-baseline,append,7,publicCompactDiff,29384770,35778632,-1,-1,-1,-1,-1,-1,-1,-1
SAMPLE,p03-baseline,append,7,publicMaterializedDiff,27500532,35590008,-1,-1,-1,-1,-1,-1,-1,-1
SAMPLE,p03-baseline,append,7,replayRead,27292424,35373392,-1,-1,-1,-1,-1,-1,-1,-1
SAMPLE,p03-baseline,append,7,unchangedPublicDiff,174596,16768,-1,-1,-1,-1,-1,-1,-1,-1
SAMPLE,p03-baseline,append,7,revisionCopy,86792411,48983848,-1,-1,-1,-1,-1,-1,-1,-1
SAMPLE,p03-baseline,append,8,bulkAppendCommit,45208477,36760600,-1,-1,-1,-1,-1,-1,-1,-1
SAMPLE,p03-baseline,append,8,publicCompactDiff,31938301,35778528,-1,-1,-1,-1,-1,-1,-1,-1
SAMPLE,p03-baseline,append,8,publicMaterializedDiff,27966590,35590072,-1,-1,-1,-1,-1,-1,-1,-1
SAMPLE,p03-baseline,append,8,replayRead,28051428,35373488,-1,-1,-1,-1,-1,-1,-1,-1
SAMPLE,p03-baseline,append,8,unchangedPublicDiff,271553,16832,-1,-1,-1,-1,-1,-1,-1,-1
SAMPLE,p03-baseline,append,8,revisionCopy,84347336,48984152,-1,-1,-1,-1,-1,-1,-1,-1
SAMPLE,p03-baseline,append,9,bulkAppendCommit,43119628,36760176,-1,-1,-1,-1,-1,-1,-1,-1
SAMPLE,p03-baseline,append,9,publicCompactDiff,29355452,35778568,-1,-1,-1,-1,-1,-1,-1,-1
SAMPLE,p03-baseline,append,9,publicMaterializedDiff,29325645,35590008,-1,-1,-1,-1,-1,-1,-1,-1
SAMPLE,p03-baseline,append,9,replayRead,28646809,35373392,-1,-1,-1,-1,-1,-1,-1,-1
SAMPLE,p03-baseline,append,9,unchangedPublicDiff,218998,16768,-1,-1,-1,-1,-1,-1,-1,-1
SAMPLE,p03-baseline,append,9,revisionCopy,89004161,48977728,-1,-1,-1,-1,-1,-1,-1,-1
SAMPLE,p03-baseline,append,10,bulkAppendCommit,45455165,36756840,-1,-1,-1,-1,-1,-1,-1,-1
SAMPLE,p03-baseline,append,10,publicCompactDiff,28994723,35778528,-1,-1,-1,-1,-1,-1,-1,-1
SAMPLE,p03-baseline,append,10,publicMaterializedDiff,28996351,35590072,-1,-1,-1,-1,-1,-1,-1,-1
SAMPLE,p03-baseline,append,10,replayRead,28326118,35373488,-1,-1,-1,-1,-1,-1,-1,-1
SAMPLE,p03-baseline,append,10,unchangedPublicDiff,237934,16832,-1,-1,-1,-1,-1,-1,-1,-1
SAMPLE,p03-baseline,append,10,revisionCopy,83131919,48977936,-1,-1,-1,-1,-1,-1,-1,-1
SAMPLE,p03-baseline,append,11,bulkAppendCommit,44320937,36755968,-1,-1,-1,-1,-1,-1,-1,-1
SAMPLE,p03-baseline,append,11,publicCompactDiff,30580906,35778600,-1,-1,-1,-1,-1,-1,-1,-1
SAMPLE,p03-baseline,append,11,publicMaterializedDiff,27973924,35590008,-1,-1,-1,-1,-1,-1,-1,-1
SAMPLE,p03-baseline,append,11,replayRead,29029881,35373392,-1,-1,-1,-1,-1,-1,-1,-1
SAMPLE,p03-baseline,append,11,unchangedPublicDiff,225404,16768,-1,-1,-1,-1,-1,-1,-1,-1
SAMPLE,p03-baseline,append,11,revisionCopy,82755377,48977312,-1,-1,-1,-1,-1,-1,-1,-1
SAMPLE,p03-baseline,append,12,bulkAppendCommit,41876955,36755792,-1,-1,-1,-1,-1,-1,-1,-1
SAMPLE,p03-baseline,append,12,publicCompactDiff,28316822,35778528,-1,-1,-1,-1,-1,-1,-1,-1
SAMPLE,p03-baseline,append,12,publicMaterializedDiff,27783638,35590072,-1,-1,-1,-1,-1,-1,-1,-1
SAMPLE,p03-baseline,append,12,replayRead,28390479,35373488,-1,-1,-1,-1,-1,-1,-1,-1
SAMPLE,p03-baseline,append,12,unchangedPublicDiff,248082,16832,-1,-1,-1,-1,-1,-1,-1,-1
SAMPLE,p03-baseline,append,12,revisionCopy,83679544,48978344,-1,-1,-1,-1,-1,-1,-1,-1
SAMPLE,p03-baseline,append,13,bulkAppendCommit,41916814,36755840,-1,-1,-1,-1,-1,-1,-1,-1
SAMPLE,p03-baseline,append,13,publicCompactDiff,31893399,35778568,-1,-1,-1,-1,-1,-1,-1,-1
SAMPLE,p03-baseline,append,13,publicMaterializedDiff,28976248,35590008,-1,-1,-1,-1,-1,-1,-1,-1
SAMPLE,p03-baseline,append,13,replayRead,30353685,35373392,-1,-1,-1,-1,-1,-1,-1,-1
SAMPLE,p03-baseline,append,13,unchangedPublicDiff,212321,16768,-1,-1,-1,-1,-1,-1,-1,-1
SAMPLE,p03-baseline,append,13,revisionCopy,81965813,48977920,-1,-1,-1,-1,-1,-1,-1,-1
SAMPLE,p03-baseline,append,14,bulkAppendCommit,41304058,36756696,-1,-1,-1,-1,-1,-1,-1,-1
SAMPLE,p03-baseline,append,14,publicCompactDiff,31457746,35778528,-1,-1,-1,-1,-1,-1,-1,-1
SAMPLE,p03-baseline,append,14,publicMaterializedDiff,28709160,35590072,-1,-1,-1,-1,-1,-1,-1,-1
SAMPLE,p03-baseline,append,14,replayRead,30996994,35373488,-1,-1,-1,-1,-1,-1,-1,-1
SAMPLE,p03-baseline,append,14,unchangedPublicDiff,253188,16832,-1,-1,-1,-1,-1,-1,-1,-1
SAMPLE,p03-baseline,append,14,revisionCopy,87500522,48977840,-1,-1,-1,-1,-1,-1,-1,-1
SAMPLE,p03-baseline,append,15,bulkAppendCommit,41684278,36756488,-1,-1,-1,-1,-1,-1,-1,-1
SAMPLE,p03-baseline,append,15,publicCompactDiff,30029784,35778632,-1,-1,-1,-1,-1,-1,-1,-1
SAMPLE,p03-baseline,append,15,publicMaterializedDiff,30544263,35590008,-1,-1,-1,-1,-1,-1,-1,-1
SAMPLE,p03-baseline,append,15,replayRead,28301147,35373392,-1,-1,-1,-1,-1,-1,-1,-1
SAMPLE,p03-baseline,append,15,unchangedPublicDiff,197802,16768,-1,-1,-1,-1,-1,-1,-1,-1
SAMPLE,p03-baseline,append,15,revisionCopy,93608864,48977376,-1,-1,-1,-1,-1,-1,-1,-1
SAMPLE,p03-baseline,append,16,bulkAppendCommit,42848097,36755824,-1,-1,-1,-1,-1,-1,-1,-1
SAMPLE,p03-baseline,append,16,publicCompactDiff,29203768,35778528,-1,-1,-1,-1,-1,-1,-1,-1
SAMPLE,p03-baseline,append,16,publicMaterializedDiff,28300948,35590072,-1,-1,-1,-1,-1,-1,-1,-1
SAMPLE,p03-baseline,append,16,replayRead,28325286,35373488,-1,-1,-1,-1,-1,-1,-1,-1
SAMPLE,p03-baseline,append,16,unchangedPublicDiff,254292,16832,-1,-1,-1,-1,-1,-1,-1,-1
SAMPLE,p03-baseline,append,16,revisionCopy,85519615,48976136,-1,-1,-1,-1,-1,-1,-1,-1
END,p03-baseline,sink=556119
# [StorageProfile] dump called: enabled=false byKind.size=0
