ADMITTED,2026-10-05T22:35:09Z
WARNING: Using incubator modules: jdk.incubator.vector
RUN,p03-candidate,pid=2818172,java=25.0.3,identity=true,warmups=24,samples=17
JVM,p03-candidate,maxHeap=3221225472,arguments=[-XX:ThreadPriorityPolicy=1, -XX:+UnlockExperimentalVMOptions, -XX:+EnableJVMCIProduct, -XX:+EnableJVMCI, -XX:-UnlockExperimentalVMOptions, -ea, -Xms512m, -Xmx3g, --add-opens=java.base/sun.nio.ch=ALL-UNNAMED, --add-opens=java.base/java.nio=ALL-UNNAMED, --add-modules=jdk.incubator.vector, --enable-native-access=ALL-UNNAMED, -XX:+EnableDynamicAgentLoading, -XX:+UnlockDiagnosticVMOptions, -XX:+DebugNonSafepoints, --add-modules=jdk.incubator.vector, -Dfile.encoding=UTF-8, -Djava.io.tmpdir=/home/johannes/.treehouse/sirix-cdde48/20/sirix/build/replay/tmp, -Dlogback.configurationFile=/home/johannes/.treehouse/sirix-cdde48/20/sirix/build/replay/latency/quiet.xml, -Dsirix.replay.workDiag=false, -Dsirix.hot.mergeDiag=false, -Dsirix.replay.bench.scenarios=append]
COLUMNS,label,scenario,iteration,metric,nanos,threadAllocatedBytes,recordVisits,createdIdentities,stagedRecords,ancestorSteps,sidecarReads,fallbackPages,pathSteps,bookkeepingOperations
WARNING: A terminally deprecated method in sun.misc.Unsafe has been called
WARNING: sun.misc.Unsafe::arrayBaseOffset has been called by net.openhft.hashing.UnsafeAccess (file:/home/johannes/.gradle/caches/modules-2/files-2.1/net.openhft/zero-allocation-hashing/2026.0/2447494f7842ca377b4ccdba2089a8da5c1d1b50/zero-allocation-hashing-2026.0.jar)
WARNING: Please consider reporting this to the maintainers of class net.openhft.hashing.UnsafeAccess
WARNING: sun.misc.Unsafe::arrayBaseOffset will be removed in a future release
SAMPLE,p03-candidate,append,0,bulkAppendCommit,51807032,39445136,-1,-1,-1,-1,-1,-1,-1,-1
SAMPLE,p03-candidate,append,0,publicCompactDiff,32946522,37280496,-1,-1,-1,-1,-1,-1,-1,-1
SAMPLE,p03-candidate,append,0,publicMaterializedDiff,32008298,37090624,-1,-1,-1,-1,-1,-1,-1,-1
SAMPLE,p03-candidate,append,0,replayRead,3334639,2273272,-1,-1,-1,-1,-1,-1,-1,-1
SAMPLE,p03-candidate,append,0,unchangedPublicDiff,277143,16944,-1,-1,-1,-1,-1,-1,-1,-1
SAMPLE,p03-candidate,append,0,revisionCopy,40143846,14743152,-1,-1,-1,-1,-1,-1,-1,-1
SAMPLE,p03-candidate,append,1,bulkAppendCommit,52503446,39445528,-1,-1,-1,-1,-1,-1,-1,-1
SAMPLE,p03-candidate,append,1,publicCompactDiff,31699276,37279544,-1,-1,-1,-1,-1,-1,-1,-1
SAMPLE,p03-candidate,append,1,publicMaterializedDiff,32894353,37090664,-1,-1,-1,-1,-1,-1,-1,-1
SAMPLE,p03-candidate,append,1,replayRead,3072920,2273144,-1,-1,-1,-1,-1,-1,-1,-1
SAMPLE,p03-candidate,append,1,unchangedPublicDiff,221207,16944,-1,-1,-1,-1,-1,-1,-1,-1
SAMPLE,p03-candidate,append,1,revisionCopy,41824486,14718560,-1,-1,-1,-1,-1,-1,-1,-1
SAMPLE,p03-candidate,append,2,bulkAppendCommit,51484807,39445336,-1,-1,-1,-1,-1,-1,-1,-1
SAMPLE,p03-candidate,append,2,publicCompactDiff,33039346,37279312,-1,-1,-1,-1,-1,-1,-1,-1
SAMPLE,p03-candidate,append,2,publicMaterializedDiff,31039536,37090600,-1,-1,-1,-1,-1,-1,-1,-1
SAMPLE,p03-candidate,append,2,replayRead,2850622,2273064,-1,-1,-1,-1,-1,-1,-1,-1
SAMPLE,p03-candidate,append,2,unchangedPublicDiff,232527,16944,-1,-1,-1,-1,-1,-1,-1,-1
SAMPLE,p03-candidate,append,2,revisionCopy,37197094,14743224,-1,-1,-1,-1,-1,-1,-1,-1
SAMPLE,p03-candidate,append,3,bulkAppendCommit,52504831,39495280,-1,-1,-1,-1,-1,-1,-1,-1
SAMPLE,p03-candidate,append,3,publicCompactDiff,30724929,37279480,-1,-1,-1,-1,-1,-1,-1,-1
SAMPLE,p03-candidate,append,3,publicMaterializedDiff,27830512,37090664,-1,-1,-1,-1,-1,-1,-1,-1
SAMPLE,p03-candidate,append,3,replayRead,2752003,2273096,-1,-1,-1,-1,-1,-1,-1,-1
SAMPLE,p03-candidate,append,3,unchangedPublicDiff,220382,16944,-1,-1,-1,-1,-1,-1,-1,-1
SAMPLE,p03-candidate,append,3,revisionCopy,34071560,14783752,-1,-1,-1,-1,-1,-1,-1,-1
SAMPLE,p03-candidate,append,4,bulkAppendCommit,60364357,39445160,-1,-1,-1,-1,-1,-1,-1,-1
SAMPLE,p03-candidate,append,4,publicCompactDiff,30767251,37279312,-1,-1,-1,-1,-1,-1,-1,-1
SAMPLE,p03-candidate,append,4,publicMaterializedDiff,28493210,37090600,-1,-1,-1,-1,-1,-1,-1,-1
SAMPLE,p03-candidate,append,4,replayRead,2726843,2273064,-1,-1,-1,-1,-1,-1,-1,-1
SAMPLE,p03-candidate,append,4,unchangedPublicDiff,224626,16944,-1,-1,-1,-1,-1,-1,-1,-1
SAMPLE,p03-candidate,append,4,revisionCopy,35696917,14734136,-1,-1,-1,-1,-1,-1,-1,-1
SAMPLE,p03-candidate,append,5,bulkAppendCommit,47316819,39440216,-1,-1,-1,-1,-1,-1,-1,-1
SAMPLE,p03-candidate,append,5,publicCompactDiff,30617698,37279480,-1,-1,-1,-1,-1,-1,-1,-1
SAMPLE,p03-candidate,append,5,publicMaterializedDiff,28617533,37090664,-1,-1,-1,-1,-1,-1,-1,-1
SAMPLE,p03-candidate,append,5,replayRead,2733473,2273096,-1,-1,-1,-1,-1,-1,-1,-1
SAMPLE,p03-candidate,append,5,unchangedPublicDiff,217939,16944,-1,-1,-1,-1,-1,-1,-1,-1
SAMPLE,p03-candidate,append,5,revisionCopy,38391560,14775504,-1,-1,-1,-1,-1,-1,-1,-1
SAMPLE,p03-candidate,append,6,bulkAppendCommit,54312597,39439800,-1,-1,-1,-1,-1,-1,-1,-1
SAMPLE,p03-candidate,append,6,publicCompactDiff,32043299,37279312,-1,-1,-1,-1,-1,-1,-1,-1
SAMPLE,p03-candidate,append,6,publicMaterializedDiff,27918206,37090600,-1,-1,-1,-1,-1,-1,-1,-1
SAMPLE,p03-candidate,append,6,replayRead,2805328,2273064,-1,-1,-1,-1,-1,-1,-1,-1
SAMPLE,p03-candidate,append,6,unchangedPublicDiff,232366,16944,-1,-1,-1,-1,-1,-1,-1,-1
SAMPLE,p03-candidate,append,6,revisionCopy,34427512,14638712,-1,-1,-1,-1,-1,-1,-1,-1
SAMPLE,p03-candidate,append,7,bulkAppendCommit,46963654,39440184,-1,-1,-1,-1,-1,-1,-1,-1
SAMPLE,p03-candidate,append,7,publicCompactDiff,31526244,37279544,-1,-1,-1,-1,-1,-1,-1,-1
SAMPLE,p03-candidate,append,7,publicMaterializedDiff,30980524,37090736,-1,-1,-1,-1,-1,-1,-1,-1
SAMPLE,p03-candidate,append,7,replayRead,2816877,2273096,-1,-1,-1,-1,-1,-1,-1,-1
SAMPLE,p03-candidate,append,7,unchangedPublicDiff,234520,16944,-1,-1,-1,-1,-1,-1,-1,-1
SAMPLE,p03-candidate,append,7,revisionCopy,34790269,14680856,-1,-1,-1,-1,-1,-1,-1,-1
SAMPLE,p03-candidate,append,8,bulkAppendCommit,48232231,39440440,-1,-1,-1,-1,-1,-1,-1,-1
SAMPLE,p03-candidate,append,8,publicCompactDiff,30404053,37279344,-1,-1,-1,-1,-1,-1,-1,-1
SAMPLE,p03-candidate,append,8,publicMaterializedDiff,31292879,37090600,-1,-1,-1,-1,-1,-1,-1,-1
SAMPLE,p03-candidate,append,8,replayRead,3016984,2273064,-1,-1,-1,-1,-1,-1,-1,-1
SAMPLE,p03-candidate,append,8,unchangedPublicDiff,211145,16944,-1,-1,-1,-1,-1,-1,-1,-1
SAMPLE,p03-candidate,append,8,revisionCopy,34664404,14639512,-1,-1,-1,-1,-1,-1,-1,-1
SAMPLE,p03-candidate,append,9,bulkAppendCommit,47745217,39341888,-1,-1,-1,-1,-1,-1,-1,-1
SAMPLE,p03-candidate,append,9,publicCompactDiff,29448919,37279480,-1,-1,-1,-1,-1,-1,-1,-1
SAMPLE,p03-candidate,append,9,publicMaterializedDiff,30812542,37090664,-1,-1,-1,-1,-1,-1,-1,-1
SAMPLE,p03-candidate,append,9,replayRead,2792395,2273096,-1,-1,-1,-1,-1,-1,-1,-1
SAMPLE,p03-candidate,append,9,unchangedPublicDiff,237686,16944,-1,-1,-1,-1,-1,-1,-1,-1
SAMPLE,p03-candidate,append,9,revisionCopy,32650023,14614712,-1,-1,-1,-1,-1,-1,-1,-1
SAMPLE,p03-candidate,append,10,bulkAppendCommit,48964910,39341672,-1,-1,-1,-1,-1,-1,-1,-1
SAMPLE,p03-candidate,append,10,publicCompactDiff,32360109,37279312,-1,-1,-1,-1,-1,-1,-1,-1
SAMPLE,p03-candidate,append,10,publicMaterializedDiff,30284546,37090600,-1,-1,-1,-1,-1,-1,-1,-1
SAMPLE,p03-candidate,append,10,replayRead,2899737,2273064,-1,-1,-1,-1,-1,-1,-1,-1
SAMPLE,p03-candidate,append,10,unchangedPublicDiff,236244,16944,-1,-1,-1,-1,-1,-1,-1,-1
SAMPLE,p03-candidate,append,10,revisionCopy,31309127,14614072,-1,-1,-1,-1,-1,-1,-1,-1
SAMPLE,p03-candidate,append,11,bulkAppendCommit,47048879,39391792,-1,-1,-1,-1,-1,-1,-1,-1
SAMPLE,p03-candidate,append,11,publicCompactDiff,28992302,37279544,-1,-1,-1,-1,-1,-1,-1,-1
SAMPLE,p03-candidate,append,11,publicMaterializedDiff,28918082,37090664,-1,-1,-1,-1,-1,-1,-1,-1
SAMPLE,p03-candidate,append,11,replayRead,2763983,2273096,-1,-1,-1,-1,-1,-1,-1,-1
SAMPLE,p03-candidate,append,11,unchangedPublicDiff,259697,16944,-1,-1,-1,-1,-1,-1,-1,-1
SAMPLE,p03-candidate,append,11,revisionCopy,29705050,14640192,-1,-1,-1,-1,-1,-1,-1,-1
SAMPLE,p03-candidate,append,12,bulkAppendCommit,44626731,39341464,-1,-1,-1,-1,-1,-1,-1,-1
SAMPLE,p03-candidate,append,12,publicCompactDiff,31215925,37279312,-1,-1,-1,-1,-1,-1,-1,-1
SAMPLE,p03-candidate,append,12,publicMaterializedDiff,31323426,37090600,-1,-1,-1,-1,-1,-1,-1,-1
SAMPLE,p03-candidate,append,12,replayRead,2904346,2273064,-1,-1,-1,-1,-1,-1,-1,-1
SAMPLE,p03-candidate,append,12,unchangedPublicDiff,311079,16944,-1,-1,-1,-1,-1,-1,-1,-1
SAMPLE,p03-candidate,append,12,revisionCopy,31475588,14680624,-1,-1,-1,-1,-1,-1,-1,-1
SAMPLE,p03-candidate,append,13,bulkAppendCommit,48273864,39341832,-1,-1,-1,-1,-1,-1,-1,-1
SAMPLE,p03-candidate,append,13,publicCompactDiff,31537583,37279480,-1,-1,-1,-1,-1,-1,-1,-1
SAMPLE,p03-candidate,append,13,publicMaterializedDiff,28892658,37090664,-1,-1,-1,-1,-1,-1,-1,-1
SAMPLE,p03-candidate,append,13,replayRead,2813971,2273096,-1,-1,-1,-1,-1,-1,-1,-1
SAMPLE,p03-candidate,append,13,unchangedPublicDiff,216632,16944,-1,-1,-1,-1,-1,-1,-1,-1
SAMPLE,p03-candidate,append,13,revisionCopy,28975798,14614800,-1,-1,-1,-1,-1,-1,-1,-1
SAMPLE,p03-candidate,append,14,bulkAppendCommit,47816157,39366496,-1,-1,-1,-1,-1,-1,-1,-1
SAMPLE,p03-candidate,append,14,publicCompactDiff,31079881,37279344,-1,-1,-1,-1,-1,-1,-1,-1
SAMPLE,p03-candidate,append,14,publicMaterializedDiff,28506231,37090504,-1,-1,-1,-1,-1,-1,-1,-1
SAMPLE,p03-candidate,append,14,replayRead,3535023,2273016,-1,-1,-1,-1,-1,-1,-1,-1
SAMPLE,p03-candidate,append,14,unchangedPublicDiff,205383,16872,-1,-1,-1,-1,-1,-1,-1,-1
SAMPLE,p03-candidate,append,14,revisionCopy,30559670,14701152,-1,-1,-1,-1,-1,-1,-1,-1
SAMPLE,p03-candidate,append,15,bulkAppendCommit,44510572,39364920,-1,-1,-1,-1,-1,-1,-1,-1
SAMPLE,p03-candidate,append,15,publicCompactDiff,28789549,37279096,-1,-1,-1,-1,-1,-1,-1,-1
SAMPLE,p03-candidate,append,15,publicMaterializedDiff,29974341,37090568,-1,-1,-1,-1,-1,-1,-1,-1
SAMPLE,p03-candidate,append,15,replayRead,2816108,2273048,-1,-1,-1,-1,-1,-1,-1,-1
SAMPLE,p03-candidate,append,15,unchangedPublicDiff,175899,16872,-1,-1,-1,-1,-1,-1,-1,-1
SAMPLE,p03-candidate,append,15,revisionCopy,30601785,14609832,-1,-1,-1,-1,-1,-1,-1,-1
SAMPLE,p03-candidate,append,16,bulkAppendCommit,46408237,39339632,-1,-1,-1,-1,-1,-1,-1,-1
SAMPLE,p03-candidate,append,16,publicCompactDiff,29811617,37278928,-1,-1,-1,-1,-1,-1,-1,-1
SAMPLE,p03-candidate,append,16,publicMaterializedDiff,32009797,37090504,-1,-1,-1,-1,-1,-1,-1,-1
SAMPLE,p03-candidate,append,16,replayRead,5648682,2273016,-1,-1,-1,-1,-1,-1,-1,-1
SAMPLE,p03-candidate,append,16,unchangedPublicDiff,859723,16872,-1,-1,-1,-1,-1,-1,-1,-1
SAMPLE,p03-candidate,append,16,revisionCopy,28077061,14628088,-1,-1,-1,-1,-1,-1,-1,-1
END,p03-candidate,sink=705657289
# [StorageProfile] dump called: enabled=false byKind.size=0
