ADMITTED,2026-10-05T22:35:54Z
WARNING: Using incubator modules: jdk.incubator.vector
RUN,p04-candidate,pid=2823737,java=25.0.3,identity=true,warmups=24,samples=17
JVM,p04-candidate,maxHeap=3221225472,arguments=[-XX:ThreadPriorityPolicy=1, -XX:+UnlockExperimentalVMOptions, -XX:+EnableJVMCIProduct, -XX:+EnableJVMCI, -XX:-UnlockExperimentalVMOptions, -ea, -Xms512m, -Xmx3g, --add-opens=java.base/sun.nio.ch=ALL-UNNAMED, --add-opens=java.base/java.nio=ALL-UNNAMED, --add-modules=jdk.incubator.vector, --enable-native-access=ALL-UNNAMED, -XX:+EnableDynamicAgentLoading, -XX:+UnlockDiagnosticVMOptions, -XX:+DebugNonSafepoints, --add-modules=jdk.incubator.vector, -Dfile.encoding=UTF-8, -Djava.io.tmpdir=/home/johannes/.treehouse/sirix-cdde48/20/sirix/build/replay/tmp, -Dlogback.configurationFile=/home/johannes/.treehouse/sirix-cdde48/20/sirix/build/replay/latency/quiet.xml, -Dsirix.replay.workDiag=false, -Dsirix.hot.mergeDiag=false, -Dsirix.replay.bench.scenarios=append]
COLUMNS,label,scenario,iteration,metric,nanos,threadAllocatedBytes,recordVisits,createdIdentities,stagedRecords,ancestorSteps,sidecarReads,fallbackPages,pathSteps,bookkeepingOperations
WARNING: A terminally deprecated method in sun.misc.Unsafe has been called
WARNING: sun.misc.Unsafe::arrayBaseOffset has been called by net.openhft.hashing.UnsafeAccess (file:/home/johannes/.gradle/caches/modules-2/files-2.1/net.openhft/zero-allocation-hashing/2026.0/2447494f7842ca377b4ccdba2089a8da5c1d1b50/zero-allocation-hashing-2026.0.jar)
WARNING: Please consider reporting this to the maintainers of class net.openhft.hashing.UnsafeAccess
WARNING: sun.misc.Unsafe::arrayBaseOffset will be removed in a future release
SAMPLE,p04-candidate,append,0,bulkAppendCommit,52179197,39445240,-1,-1,-1,-1,-1,-1,-1,-1
SAMPLE,p04-candidate,append,0,publicCompactDiff,33138629,37279440,-1,-1,-1,-1,-1,-1,-1,-1
SAMPLE,p04-candidate,append,0,publicMaterializedDiff,31899247,37090600,-1,-1,-1,-1,-1,-1,-1,-1
SAMPLE,p04-candidate,append,0,replayRead,4297708,2273064,-1,-1,-1,-1,-1,-1,-1,-1
SAMPLE,p04-candidate,append,0,unchangedPublicDiff,345449,16944,-1,-1,-1,-1,-1,-1,-1,-1
SAMPLE,p04-candidate,append,0,revisionCopy,52432376,14717248,-1,-1,-1,-1,-1,-1,-1,-1
SAMPLE,p04-candidate,append,1,bulkAppendCommit,72432258,39445512,-1,-1,-1,-1,-1,-1,-1,-1
SAMPLE,p04-candidate,append,1,publicCompactDiff,48462711,37279544,-1,-1,-1,-1,-1,-1,-1,-1
SAMPLE,p04-candidate,append,1,publicMaterializedDiff,41654973,37090664,-1,-1,-1,-1,-1,-1,-1,-1
SAMPLE,p04-candidate,append,1,replayRead,2831711,2273096,-1,-1,-1,-1,-1,-1,-1,-1
SAMPLE,p04-candidate,append,1,unchangedPublicDiff,277624,16944,-1,-1,-1,-1,-1,-1,-1,-1
SAMPLE,p04-candidate,append,1,revisionCopy,50261567,14784816,-1,-1,-1,-1,-1,-1,-1,-1
SAMPLE,p04-candidate,append,2,bulkAppendCommit,68558586,39445208,-1,-1,-1,-1,-1,-1,-1,-1
SAMPLE,p04-candidate,append,2,publicCompactDiff,31537213,37279408,-1,-1,-1,-1,-1,-1,-1,-1
SAMPLE,p04-candidate,append,2,publicMaterializedDiff,30581117,37090600,-1,-1,-1,-1,-1,-1,-1,-1
SAMPLE,p04-candidate,append,2,replayRead,2905333,2273064,-1,-1,-1,-1,-1,-1,-1,-1
SAMPLE,p04-candidate,append,2,unchangedPublicDiff,277458,16944,-1,-1,-1,-1,-1,-1,-1,-1
SAMPLE,p04-candidate,append,2,revisionCopy,39899598,14688384,-1,-1,-1,-1,-1,-1,-1,-1
SAMPLE,p04-candidate,append,3,bulkAppendCommit,54304071,39445688,-1,-1,-1,-1,-1,-1,-1,-1
SAMPLE,p04-candidate,append,3,publicCompactDiff,43345517,37279544,-1,-1,-1,-1,-1,-1,-1,-1
SAMPLE,p04-candidate,append,3,publicMaterializedDiff,43300020,37090664,-1,-1,-1,-1,-1,-1,-1,-1
SAMPLE,p04-candidate,append,3,replayRead,2906210,2273096,-1,-1,-1,-1,-1,-1,-1,-1
SAMPLE,p04-candidate,append,3,unchangedPublicDiff,316178,16944,-1,-1,-1,-1,-1,-1,-1,-1
SAMPLE,p04-candidate,append,3,revisionCopy,33660069,14622952,-1,-1,-1,-1,-1,-1,-1,-1
SAMPLE,p04-candidate,append,4,bulkAppendCommit,66958567,39445240,-1,-1,-1,-1,-1,-1,-1,-1
SAMPLE,p04-candidate,append,4,publicCompactDiff,37262965,37279408,-1,-1,-1,-1,-1,-1,-1,-1
SAMPLE,p04-candidate,append,4,publicMaterializedDiff,35404591,37090600,-1,-1,-1,-1,-1,-1,-1,-1
SAMPLE,p04-candidate,append,4,replayRead,3748972,2273064,-1,-1,-1,-1,-1,-1,-1,-1
SAMPLE,p04-candidate,append,4,unchangedPublicDiff,317444,16944,-1,-1,-1,-1,-1,-1,-1,-1
SAMPLE,p04-candidate,append,4,revisionCopy,39465071,14533688,-1,-1,-1,-1,-1,-1,-1,-1
SAMPLE,p04-candidate,append,5,bulkAppendCommit,49636125,39445512,-1,-1,-1,-1,-1,-1,-1,-1
SAMPLE,p04-candidate,append,5,publicCompactDiff,34208120,37279544,-1,-1,-1,-1,-1,-1,-1,-1
SAMPLE,p04-candidate,append,5,publicMaterializedDiff,32832990,37090664,-1,-1,-1,-1,-1,-1,-1,-1
SAMPLE,p04-candidate,append,5,replayRead,3683573,2273096,-1,-1,-1,-1,-1,-1,-1,-1
SAMPLE,p04-candidate,append,5,unchangedPublicDiff,440617,16944,-1,-1,-1,-1,-1,-1,-1,-1
SAMPLE,p04-candidate,append,5,revisionCopy,33886957,14622760,-1,-1,-1,-1,-1,-1,-1,-1
SAMPLE,p04-candidate,append,6,bulkAppendCommit,48416446,39445248,-1,-1,-1,-1,-1,-1,-1,-1
SAMPLE,p04-candidate,append,6,publicCompactDiff,35354266,37279408,-1,-1,-1,-1,-1,-1,-1,-1
SAMPLE,p04-candidate,append,6,publicMaterializedDiff,31564567,37090600,-1,-1,-1,-1,-1,-1,-1,-1
SAMPLE,p04-candidate,append,6,replayRead,3154858,2273064,-1,-1,-1,-1,-1,-1,-1,-1
SAMPLE,p04-candidate,append,6,unchangedPublicDiff,332602,16944,-1,-1,-1,-1,-1,-1,-1,-1
SAMPLE,p04-candidate,append,6,revisionCopy,34127992,14613800,-1,-1,-1,-1,-1,-1,-1,-1
SAMPLE,p04-candidate,append,7,bulkAppendCommit,71604122,39440544,-1,-1,-1,-1,-1,-1,-1,-1
SAMPLE,p04-candidate,append,7,publicCompactDiff,51361551,37279544,-1,-1,-1,-1,-1,-1,-1,-1
SAMPLE,p04-candidate,append,7,publicMaterializedDiff,39356038,37090664,-1,-1,-1,-1,-1,-1,-1,-1
SAMPLE,p04-candidate,append,7,replayRead,3147465,2273096,-1,-1,-1,-1,-1,-1,-1,-1
SAMPLE,p04-candidate,append,7,unchangedPublicDiff,332090,16944,-1,-1,-1,-1,-1,-1,-1,-1
SAMPLE,p04-candidate,append,7,revisionCopy,30384294,14573072,-1,-1,-1,-1,-1,-1,-1,-1
SAMPLE,p04-candidate,append,8,bulkAppendCommit,49563170,39440056,-1,-1,-1,-1,-1,-1,-1,-1
SAMPLE,p04-candidate,append,8,publicCompactDiff,30337280,37279408,-1,-1,-1,-1,-1,-1,-1,-1
SAMPLE,p04-candidate,append,8,publicMaterializedDiff,37777224,37090600,-1,-1,-1,-1,-1,-1,-1,-1
SAMPLE,p04-candidate,append,8,replayRead,2843839,2273064,-1,-1,-1,-1,-1,-1,-1,-1
SAMPLE,p04-candidate,append,8,unchangedPublicDiff,238812,16944,-1,-1,-1,-1,-1,-1,-1,-1
SAMPLE,p04-candidate,append,8,revisionCopy,30172583,14613024,-1,-1,-1,-1,-1,-1,-1,-1
SAMPLE,p04-candidate,append,9,bulkAppendCommit,46966312,39440328,-1,-1,-1,-1,-1,-1,-1,-1
SAMPLE,p04-candidate,append,9,publicCompactDiff,29566522,37279544,-1,-1,-1,-1,-1,-1,-1,-1
SAMPLE,p04-candidate,append,9,publicMaterializedDiff,31206416,37090664,-1,-1,-1,-1,-1,-1,-1,-1
SAMPLE,p04-candidate,append,9,replayRead,2828899,2273096,-1,-1,-1,-1,-1,-1,-1,-1
SAMPLE,p04-candidate,append,9,unchangedPublicDiff,214301,16944,-1,-1,-1,-1,-1,-1,-1,-1
SAMPLE,p04-candidate,append,9,revisionCopy,35641048,14680384,-1,-1,-1,-1,-1,-1,-1,-1
SAMPLE,p04-candidate,append,10,bulkAppendCommit,47568533,39337224,-1,-1,-1,-1,-1,-1,-1,-1
SAMPLE,p04-candidate,append,10,publicCompactDiff,32629188,37279408,-1,-1,-1,-1,-1,-1,-1,-1
SAMPLE,p04-candidate,append,10,publicMaterializedDiff,31405947,37090600,-1,-1,-1,-1,-1,-1,-1,-1
SAMPLE,p04-candidate,append,10,replayRead,2925124,2273064,-1,-1,-1,-1,-1,-1,-1,-1
SAMPLE,p04-candidate,append,10,unchangedPublicDiff,256698,16944,-1,-1,-1,-1,-1,-1,-1,-1
SAMPLE,p04-candidate,append,10,revisionCopy,30448061,14541176,-1,-1,-1,-1,-1,-1,-1,-1
SAMPLE,p04-candidate,append,11,bulkAppendCommit,49410551,39337296,-1,-1,-1,-1,-1,-1,-1,-1
SAMPLE,p04-candidate,append,11,publicCompactDiff,43737658,37279160,-1,-1,-1,-1,-1,-1,-1,-1
SAMPLE,p04-candidate,append,11,publicMaterializedDiff,37677698,37090568,-1,-1,-1,-1,-1,-1,-1,-1
SAMPLE,p04-candidate,append,11,replayRead,2982859,2273048,-1,-1,-1,-1,-1,-1,-1,-1
SAMPLE,p04-candidate,append,11,unchangedPublicDiff,317531,16872,-1,-1,-1,-1,-1,-1,-1,-1
SAMPLE,p04-candidate,append,11,revisionCopy,32097106,14669488,-1,-1,-1,-1,-1,-1,-1,-1
SAMPLE,p04-candidate,append,12,bulkAppendCommit,91880418,39335360,-1,-1,-1,-1,-1,-1,-1,-1
SAMPLE,p04-candidate,append,12,publicCompactDiff,33399669,37279024,-1,-1,-1,-1,-1,-1,-1,-1
SAMPLE,p04-candidate,append,12,publicMaterializedDiff,33151196,37090504,-1,-1,-1,-1,-1,-1,-1,-1
SAMPLE,p04-candidate,append,12,replayRead,2846473,2273016,-1,-1,-1,-1,-1,-1,-1,-1
SAMPLE,p04-candidate,append,12,unchangedPublicDiff,262016,16872,-1,-1,-1,-1,-1,-1,-1,-1
SAMPLE,p04-candidate,append,12,revisionCopy,28529432,14605504,-1,-1,-1,-1,-1,-1,-1,-1
SAMPLE,p04-candidate,append,13,bulkAppendCommit,47301802,39335840,-1,-1,-1,-1,-1,-1,-1,-1
SAMPLE,p04-candidate,append,13,publicCompactDiff,32167592,37279160,-1,-1,-1,-1,-1,-1,-1,-1
SAMPLE,p04-candidate,append,13,publicMaterializedDiff,32297990,37090568,-1,-1,-1,-1,-1,-1,-1,-1
SAMPLE,p04-candidate,append,13,replayRead,2819152,2273048,-1,-1,-1,-1,-1,-1,-1,-1
SAMPLE,p04-candidate,append,13,unchangedPublicDiff,237128,16872,-1,-1,-1,-1,-1,-1,-1,-1
SAMPLE,p04-candidate,append,13,revisionCopy,30402466,14603880,-1,-1,-1,-1,-1,-1,-1,-1
SAMPLE,p04-candidate,append,14,bulkAppendCommit,69719214,39335504,-1,-1,-1,-1,-1,-1,-1,-1
SAMPLE,p04-candidate,append,14,publicCompactDiff,32278020,37279024,-1,-1,-1,-1,-1,-1,-1,-1
SAMPLE,p04-candidate,append,14,publicMaterializedDiff,31792076,37090504,-1,-1,-1,-1,-1,-1,-1,-1
SAMPLE,p04-candidate,append,14,replayRead,2787921,2273016,-1,-1,-1,-1,-1,-1,-1,-1
SAMPLE,p04-candidate,append,14,unchangedPublicDiff,237081,16872,-1,-1,-1,-1,-1,-1,-1,-1
SAMPLE,p04-candidate,append,14,revisionCopy,29048992,14536192,-1,-1,-1,-1,-1,-1,-1,-1
SAMPLE,p04-candidate,append,15,bulkAppendCommit,72169743,39335888,-1,-1,-1,-1,-1,-1,-1,-1
SAMPLE,p04-candidate,append,15,publicCompactDiff,31914527,37279192,-1,-1,-1,-1,-1,-1,-1,-1
SAMPLE,p04-candidate,append,15,publicMaterializedDiff,33634627,37090568,-1,-1,-1,-1,-1,-1,-1,-1
SAMPLE,p04-candidate,append,15,replayRead,3747023,2273048,-1,-1,-1,-1,-1,-1,-1,-1
SAMPLE,p04-candidate,append,15,unchangedPublicDiff,344985,16872,-1,-1,-1,-1,-1,-1,-1,-1
SAMPLE,p04-candidate,append,15,revisionCopy,32212616,14580976,-1,-1,-1,-1,-1,-1,-1,-1
SAMPLE,p04-candidate,append,16,bulkAppendCommit,53056169,39335408,-1,-1,-1,-1,-1,-1,-1,-1
SAMPLE,p04-candidate,append,16,publicCompactDiff,59443420,37279024,-1,-1,-1,-1,-1,-1,-1,-1
SAMPLE,p04-candidate,append,16,publicMaterializedDiff,58334749,37090504,-1,-1,-1,-1,-1,-1,-1,-1
SAMPLE,p04-candidate,append,16,replayRead,5871054,2273016,-1,-1,-1,-1,-1,-1,-1,-1
SAMPLE,p04-candidate,append,16,unchangedPublicDiff,288732,16872,-1,-1,-1,-1,-1,-1,-1,-1
SAMPLE,p04-candidate,append,16,revisionCopy,39814408,14603040,-1,-1,-1,-1,-1,-1,-1,-1
END,p04-candidate,sink=294982214
# [StorageProfile] dump called: enabled=false byKind.size=0
