ADMITTED,2026-10-05T22:35:38Z
WARNING: Using incubator modules: jdk.incubator.vector
RUN,p04-baseline,pid=2822957,java=25.0.3,identity=false,warmups=24,samples=17
JVM,p04-baseline,maxHeap=3221225472,arguments=[-XX:ThreadPriorityPolicy=1, -XX:+UnlockExperimentalVMOptions, -XX:+EnableJVMCIProduct, -XX:+EnableJVMCI, -XX:-UnlockExperimentalVMOptions, -ea, -Xms512m, -Xmx3g, --add-opens=java.base/sun.nio.ch=ALL-UNNAMED, --add-opens=java.base/java.nio=ALL-UNNAMED, --add-modules=jdk.incubator.vector, --enable-native-access=ALL-UNNAMED, -XX:+EnableDynamicAgentLoading, -XX:+UnlockDiagnosticVMOptions, -XX:+DebugNonSafepoints, --add-modules=jdk.incubator.vector, -Dfile.encoding=UTF-8, -Djava.io.tmpdir=/home/johannes/.treehouse/sirix-cdde48/20/sirix/build/replay/tmp, -Dlogback.configurationFile=/home/johannes/.treehouse/sirix-cdde48/20/sirix/build/replay/latency/quiet.xml, -Dsirix.replay.workDiag=false, -Dsirix.hot.mergeDiag=false, -Dsirix.replay.bench.scenarios=append]
COLUMNS,label,scenario,iteration,metric,nanos,threadAllocatedBytes,recordVisits,createdIdentities,stagedRecords,ancestorSteps,sidecarReads,fallbackPages,pathSteps,bookkeepingOperations
WARNING: A terminally deprecated method in sun.misc.Unsafe has been called
WARNING: sun.misc.Unsafe::arrayBaseOffset has been called by net.openhft.hashing.UnsafeAccess (file:/home/johannes/.gradle/caches/modules-2/files-2.1/net.openhft/zero-allocation-hashing/2026.0/2447494f7842ca377b4ccdba2089a8da5c1d1b50/zero-allocation-hashing-2026.0.jar)
WARNING: Please consider reporting this to the maintainers of class net.openhft.hashing.UnsafeAccess
WARNING: sun.misc.Unsafe::arrayBaseOffset will be removed in a future release
SAMPLE,p04-baseline,append,0,bulkAppendCommit,42891558,36762648,-1,-1,-1,-1,-1,-1,-1,-1
SAMPLE,p04-baseline,append,0,publicCompactDiff,29118818,35803696,-1,-1,-1,-1,-1,-1,-1,-1
SAMPLE,p04-baseline,append,0,publicMaterializedDiff,27968822,35614952,-1,-1,-1,-1,-1,-1,-1,-1
SAMPLE,p04-baseline,append,0,replayRead,29399484,35398256,-1,-1,-1,-1,-1,-1,-1,-1
SAMPLE,p04-baseline,append,0,unchangedPublicDiff,243773,16904,-1,-1,-1,-1,-1,-1,-1,-1
SAMPLE,p04-baseline,append,0,revisionCopy,88364318,49119672,-1,-1,-1,-1,-1,-1,-1,-1
SAMPLE,p04-baseline,append,1,bulkAppendCommit,45242662,36762664,-1,-1,-1,-1,-1,-1,-1,-1
SAMPLE,p04-baseline,append,1,publicCompactDiff,29426217,35803768,-1,-1,-1,-1,-1,-1,-1,-1
SAMPLE,p04-baseline,append,1,publicMaterializedDiff,29195890,35614888,-1,-1,-1,-1,-1,-1,-1,-1
SAMPLE,p04-baseline,append,1,replayRead,27394756,35398160,-1,-1,-1,-1,-1,-1,-1,-1
SAMPLE,p04-baseline,append,1,unchangedPublicDiff,253939,16840,-1,-1,-1,-1,-1,-1,-1,-1
SAMPLE,p04-baseline,append,1,revisionCopy,97666145,49119112,-1,-1,-1,-1,-1,-1,-1,-1
SAMPLE,p04-baseline,append,2,bulkAppendCommit,44900378,36762416,-1,-1,-1,-1,-1,-1,-1,-1
SAMPLE,p04-baseline,append,2,publicCompactDiff,32136771,35803696,-1,-1,-1,-1,-1,-1,-1,-1
SAMPLE,p04-baseline,append,2,publicMaterializedDiff,30737375,35614952,-1,-1,-1,-1,-1,-1,-1,-1
SAMPLE,p04-baseline,append,2,replayRead,30146717,35398256,-1,-1,-1,-1,-1,-1,-1,-1
SAMPLE,p04-baseline,append,2,unchangedPublicDiff,269475,16904,-1,-1,-1,-1,-1,-1,-1,-1
SAMPLE,p04-baseline,append,2,revisionCopy,116221217,49119976,-1,-1,-1,-1,-1,-1,-1,-1
SAMPLE,p04-baseline,append,3,bulkAppendCommit,45132745,36762144,-1,-1,-1,-1,-1,-1,-1,-1
SAMPLE,p04-baseline,append,3,publicCompactDiff,31916392,35803736,-1,-1,-1,-1,-1,-1,-1,-1
SAMPLE,p04-baseline,append,3,publicMaterializedDiff,32140252,35614888,-1,-1,-1,-1,-1,-1,-1,-1
SAMPLE,p04-baseline,append,3,replayRead,30792384,35398320,-1,-1,-1,-1,-1,-1,-1,-1
SAMPLE,p04-baseline,append,3,unchangedPublicDiff,308208,16840,-1,-1,-1,-1,-1,-1,-1,-1
SAMPLE,p04-baseline,append,3,revisionCopy,87727944,49119392,-1,-1,-1,-1,-1,-1,-1,-1
SAMPLE,p04-baseline,append,4,bulkAppendCommit,49425850,36761896,-1,-1,-1,-1,-1,-1,-1,-1
SAMPLE,p04-baseline,append,4,publicCompactDiff,35513833,35803312,-1,-1,-1,-1,-1,-1,-1,-1
SAMPLE,p04-baseline,append,4,publicMaterializedDiff,29986126,35614856,-1,-1,-1,-1,-1,-1,-1,-1
SAMPLE,p04-baseline,append,4,replayRead,32928910,35398272,-1,-1,-1,-1,-1,-1,-1,-1
SAMPLE,p04-baseline,append,4,unchangedPublicDiff,368194,17160,-1,-1,-1,-1,-1,-1,-1,-1
SAMPLE,p04-baseline,append,4,revisionCopy,112453841,49115832,-1,-1,-1,-1,-1,-1,-1,-1
SAMPLE,p04-baseline,append,5,bulkAppendCommit,53708343,36760600,-1,-1,-1,-1,-1,-1,-1,-1
SAMPLE,p04-baseline,append,5,publicCompactDiff,29196157,35803512,-1,-1,-1,-1,-1,-1,-1,-1
SAMPLE,p04-baseline,append,5,publicMaterializedDiff,31504576,35614920,-1,-1,-1,-1,-1,-1,-1,-1
SAMPLE,p04-baseline,append,5,replayRead,27974649,35398368,-1,-1,-1,-1,-1,-1,-1,-1
SAMPLE,p04-baseline,append,5,unchangedPublicDiff,245025,16832,-1,-1,-1,-1,-1,-1,-1,-1
SAMPLE,p04-baseline,append,5,revisionCopy,88765508,49115800,-1,-1,-1,-1,-1,-1,-1,-1
SAMPLE,p04-baseline,append,6,bulkAppendCommit,42820626,36760328,-1,-1,-1,-1,-1,-1,-1,-1
SAMPLE,p04-baseline,append,6,publicCompactDiff,29883217,35803312,-1,-1,-1,-1,-1,-1,-1,-1
SAMPLE,p04-baseline,append,6,publicMaterializedDiff,27869333,35614856,-1,-1,-1,-1,-1,-1,-1,-1
SAMPLE,p04-baseline,append,6,replayRead,27334862,35398272,-1,-1,-1,-1,-1,-1,-1,-1
SAMPLE,p04-baseline,append,6,unchangedPublicDiff,188089,16832,-1,-1,-1,-1,-1,-1,-1,-1
SAMPLE,p04-baseline,append,6,revisionCopy,83263814,48983944,-1,-1,-1,-1,-1,-1,-1,-1
SAMPLE,p04-baseline,append,7,bulkAppendCommit,52092985,36756128,-1,-1,-1,-1,-1,-1,-1,-1
SAMPLE,p04-baseline,append,7,publicCompactDiff,33631688,35803416,-1,-1,-1,-1,-1,-1,-1,-1
SAMPLE,p04-baseline,append,7,publicMaterializedDiff,30168496,35614792,-1,-1,-1,-1,-1,-1,-1,-1
SAMPLE,p04-baseline,append,7,replayRead,28988316,35398176,-1,-1,-1,-1,-1,-1,-1,-1
SAMPLE,p04-baseline,append,7,unchangedPublicDiff,276610,16768,-1,-1,-1,-1,-1,-1,-1,-1
SAMPLE,p04-baseline,append,7,revisionCopy,86200004,48977920,-1,-1,-1,-1,-1,-1,-1,-1
SAMPLE,p04-baseline,append,8,bulkAppendCommit,53887544,36755848,-1,-1,-1,-1,-1,-1,-1,-1
SAMPLE,p04-baseline,append,8,publicCompactDiff,32824280,35803376,-1,-1,-1,-1,-1,-1,-1,-1
SAMPLE,p04-baseline,append,8,publicMaterializedDiff,32464914,35614856,-1,-1,-1,-1,-1,-1,-1,-1
SAMPLE,p04-baseline,append,8,replayRead,30405172,35398272,-1,-1,-1,-1,-1,-1,-1,-1
SAMPLE,p04-baseline,append,8,unchangedPublicDiff,360128,16832,-1,-1,-1,-1,-1,-1,-1,-1
SAMPLE,p04-baseline,append,8,revisionCopy,86056534,48978000,-1,-1,-1,-1,-1,-1,-1,-1
SAMPLE,p04-baseline,append,9,bulkAppendCommit,44776177,36756656,-1,-1,-1,-1,-1,-1,-1,-1
SAMPLE,p04-baseline,append,9,publicCompactDiff,28362105,35803480,-1,-1,-1,-1,-1,-1,-1,-1
SAMPLE,p04-baseline,append,9,publicMaterializedDiff,29223464,35614920,-1,-1,-1,-1,-1,-1,-1,-1
SAMPLE,p04-baseline,append,9,replayRead,27546955,35398368,-1,-1,-1,-1,-1,-1,-1,-1
SAMPLE,p04-baseline,append,9,unchangedPublicDiff,216567,16832,-1,-1,-1,-1,-1,-1,-1,-1
SAMPLE,p04-baseline,append,9,revisionCopy,84357812,48978320,-1,-1,-1,-1,-1,-1,-1,-1
SAMPLE,p04-baseline,append,10,bulkAppendCommit,42426169,36755784,-1,-1,-1,-1,-1,-1,-1,-1
SAMPLE,p04-baseline,append,10,publicCompactDiff,28686460,35803312,-1,-1,-1,-1,-1,-1,-1,-1
SAMPLE,p04-baseline,append,10,publicMaterializedDiff,27755343,35614856,-1,-1,-1,-1,-1,-1,-1,-1
SAMPLE,p04-baseline,append,10,replayRead,28505082,35398272,-1,-1,-1,-1,-1,-1,-1,-1
SAMPLE,p04-baseline,append,10,unchangedPublicDiff,240888,16832,-1,-1,-1,-1,-1,-1,-1,-1
SAMPLE,p04-baseline,append,10,revisionCopy,87622050,48978296,-1,-1,-1,-1,-1,-1,-1,-1
SAMPLE,p04-baseline,append,11,bulkAppendCommit,46352362,36756152,-1,-1,-1,-1,-1,-1,-1,-1
SAMPLE,p04-baseline,append,11,publicCompactDiff,32227387,35803352,-1,-1,-1,-1,-1,-1,-1,-1
SAMPLE,p04-baseline,append,11,publicMaterializedDiff,34177020,35614792,-1,-1,-1,-1,-1,-1,-1,-1
SAMPLE,p04-baseline,append,11,replayRead,28997614,35398176,-1,-1,-1,-1,-1,-1,-1,-1
SAMPLE,p04-baseline,append,11,unchangedPublicDiff,254794,16768,-1,-1,-1,-1,-1,-1,-1,-1
SAMPLE,p04-baseline,append,11,revisionCopy,88171847,48978592,-1,-1,-1,-1,-1,-1,-1,-1
SAMPLE,p04-baseline,append,12,bulkAppendCommit,44140861,36756040,-1,-1,-1,-1,-1,-1,-1,-1
SAMPLE,p04-baseline,append,12,publicCompactDiff,29343715,35803344,-1,-1,-1,-1,-1,-1,-1,-1
SAMPLE,p04-baseline,append,12,publicMaterializedDiff,30103095,35614856,-1,-1,-1,-1,-1,-1,-1,-1
SAMPLE,p04-baseline,append,12,replayRead,28363591,35398272,-1,-1,-1,-1,-1,-1,-1,-1
SAMPLE,p04-baseline,append,12,unchangedPublicDiff,249532,16832,-1,-1,-1,-1,-1,-1,-1,-1
SAMPLE,p04-baseline,append,12,revisionCopy,92881487,48978256,-1,-1,-1,-1,-1,-1,-1,-1
SAMPLE,p04-baseline,append,13,bulkAppendCommit,59210943,36755992,-1,-1,-1,-1,-1,-1,-1,-1
SAMPLE,p04-baseline,append,13,publicCompactDiff,28293834,35803352,-1,-1,-1,-1,-1,-1,-1,-1
SAMPLE,p04-baseline,append,13,publicMaterializedDiff,30351908,35614792,-1,-1,-1,-1,-1,-1,-1,-1
SAMPLE,p04-baseline,append,13,replayRead,30200016,35398176,-1,-1,-1,-1,-1,-1,-1,-1
SAMPLE,p04-baseline,append,13,unchangedPublicDiff,201916,16768,-1,-1,-1,-1,-1,-1,-1,-1
SAMPLE,p04-baseline,append,13,revisionCopy,84589223,48977848,-1,-1,-1,-1,-1,-1,-1,-1
SAMPLE,p04-baseline,append,14,bulkAppendCommit,43427374,36756232,-1,-1,-1,-1,-1,-1,-1,-1
SAMPLE,p04-baseline,append,14,publicCompactDiff,31083548,35803344,-1,-1,-1,-1,-1,-1,-1,-1
SAMPLE,p04-baseline,append,14,publicMaterializedDiff,31301356,35614856,-1,-1,-1,-1,-1,-1,-1,-1
SAMPLE,p04-baseline,append,14,replayRead,31086095,35398272,-1,-1,-1,-1,-1,-1,-1,-1
SAMPLE,p04-baseline,append,14,unchangedPublicDiff,234567,16832,-1,-1,-1,-1,-1,-1,-1,-1
SAMPLE,p04-baseline,append,14,revisionCopy,85712504,48978800,-1,-1,-1,-1,-1,-1,-1,-1
SAMPLE,p04-baseline,append,15,bulkAppendCommit,42856045,36756152,-1,-1,-1,-1,-1,-1,-1,-1
SAMPLE,p04-baseline,append,15,publicCompactDiff,31115406,35803352,-1,-1,-1,-1,-1,-1,-1,-1
SAMPLE,p04-baseline,append,15,publicMaterializedDiff,30500987,35614792,-1,-1,-1,-1,-1,-1,-1,-1
SAMPLE,p04-baseline,append,15,replayRead,29417344,35398176,-1,-1,-1,-1,-1,-1,-1,-1
SAMPLE,p04-baseline,append,15,unchangedPublicDiff,212139,16768,-1,-1,-1,-1,-1,-1,-1,-1
SAMPLE,p04-baseline,append,15,revisionCopy,88184528,48977776,-1,-1,-1,-1,-1,-1,-1,-1
SAMPLE,p04-baseline,append,16,bulkAppendCommit,43080715,36755976,-1,-1,-1,-1,-1,-1,-1,-1
SAMPLE,p04-baseline,append,16,publicCompactDiff,30932346,35803312,-1,-1,-1,-1,-1,-1,-1,-1
SAMPLE,p04-baseline,append,16,publicMaterializedDiff,32215116,35614856,-1,-1,-1,-1,-1,-1,-1,-1
SAMPLE,p04-baseline,append,16,replayRead,28256066,35398272,-1,-1,-1,-1,-1,-1,-1,-1
SAMPLE,p04-baseline,append,16,unchangedPublicDiff,225145,16832,-1,-1,-1,-1,-1,-1,-1,-1
SAMPLE,p04-baseline,append,16,revisionCopy,89251279,48977528,-1,-1,-1,-1,-1,-1,-1,-1
END,p04-baseline,sink=556119
# [StorageProfile] dump called: enabled=false byKind.size=0
