ADMITTED,2026-10-05T22:36:09Z
WARNING: Using incubator modules: jdk.incubator.vector
RUN,p05-candidate,pid=2839237,java=25.0.3,identity=true,warmups=24,samples=17
JVM,p05-candidate,maxHeap=3221225472,arguments=[-XX:ThreadPriorityPolicy=1, -XX:+UnlockExperimentalVMOptions, -XX:+EnableJVMCIProduct, -XX:+EnableJVMCI, -XX:-UnlockExperimentalVMOptions, -ea, -Xms512m, -Xmx3g, --add-opens=java.base/sun.nio.ch=ALL-UNNAMED, --add-opens=java.base/java.nio=ALL-UNNAMED, --add-modules=jdk.incubator.vector, --enable-native-access=ALL-UNNAMED, -XX:+EnableDynamicAgentLoading, -XX:+UnlockDiagnosticVMOptions, -XX:+DebugNonSafepoints, --add-modules=jdk.incubator.vector, -Dfile.encoding=UTF-8, -Djava.io.tmpdir=/home/johannes/.treehouse/sirix-cdde48/20/sirix/build/replay/tmp, -Dlogback.configurationFile=/home/johannes/.treehouse/sirix-cdde48/20/sirix/build/replay/latency/quiet.xml, -Dsirix.replay.workDiag=false, -Dsirix.hot.mergeDiag=false, -Dsirix.replay.bench.scenarios=append]
COLUMNS,label,scenario,iteration,metric,nanos,threadAllocatedBytes,recordVisits,createdIdentities,stagedRecords,ancestorSteps,sidecarReads,fallbackPages,pathSteps,bookkeepingOperations
WARNING: A terminally deprecated method in sun.misc.Unsafe has been called
WARNING: sun.misc.Unsafe::arrayBaseOffset has been called by net.openhft.hashing.UnsafeAccess (file:/home/johannes/.gradle/caches/modules-2/files-2.1/net.openhft/zero-allocation-hashing/2026.0/2447494f7842ca377b4ccdba2089a8da5c1d1b50/zero-allocation-hashing-2026.0.jar)
WARNING: Please consider reporting this to the maintainers of class net.openhft.hashing.UnsafeAccess
WARNING: sun.misc.Unsafe::arrayBaseOffset will be removed in a future release
SAMPLE,p05-candidate,append,0,bulkAppendCommit,50539286,39439720,-1,-1,-1,-1,-1,-1,-1,-1
SAMPLE,p05-candidate,append,0,publicCompactDiff,30241676,37279312,-1,-1,-1,-1,-1,-1,-1,-1
SAMPLE,p05-candidate,append,0,publicMaterializedDiff,28591090,37090600,-1,-1,-1,-1,-1,-1,-1,-1
SAMPLE,p05-candidate,append,0,replayRead,2929600,2273064,-1,-1,-1,-1,-1,-1,-1,-1
SAMPLE,p05-candidate,append,0,unchangedPublicDiff,236752,16944,-1,-1,-1,-1,-1,-1,-1,-1
SAMPLE,p05-candidate,append,0,revisionCopy,32290187,14709184,-1,-1,-1,-1,-1,-1,-1,-1
SAMPLE,p05-candidate,append,1,bulkAppendCommit,46717817,39440168,-1,-1,-1,-1,-1,-1,-1,-1
SAMPLE,p05-candidate,append,1,publicCompactDiff,32765943,37279480,-1,-1,-1,-1,-1,-1,-1,-1
SAMPLE,p05-candidate,append,1,publicMaterializedDiff,29640562,37090664,-1,-1,-1,-1,-1,-1,-1,-1
SAMPLE,p05-candidate,append,1,replayRead,2850169,2273096,-1,-1,-1,-1,-1,-1,-1,-1
SAMPLE,p05-candidate,append,1,unchangedPublicDiff,204638,16944,-1,-1,-1,-1,-1,-1,-1,-1
SAMPLE,p05-candidate,append,1,revisionCopy,48268250,14642192,-1,-1,-1,-1,-1,-1,-1,-1
SAMPLE,p05-candidate,append,2,bulkAppendCommit,47403808,39439944,-1,-1,-1,-1,-1,-1,-1,-1
SAMPLE,p05-candidate,append,2,publicCompactDiff,30453825,37279376,-1,-1,-1,-1,-1,-1,-1,-1
SAMPLE,p05-candidate,append,2,publicMaterializedDiff,30836737,37090600,-1,-1,-1,-1,-1,-1,-1,-1
SAMPLE,p05-candidate,append,2,replayRead,2862862,2273064,-1,-1,-1,-1,-1,-1,-1,-1
SAMPLE,p05-candidate,append,2,unchangedPublicDiff,246867,16944,-1,-1,-1,-1,-1,-1,-1,-1
SAMPLE,p05-candidate,append,2,revisionCopy,45048805,14614064,-1,-1,-1,-1,-1,-1,-1,-1
SAMPLE,p05-candidate,append,3,bulkAppendCommit,45859525,39440104,-1,-1,-1,-1,-1,-1,-1,-1
SAMPLE,p05-candidate,append,3,publicCompactDiff,30583805,37279480,-1,-1,-1,-1,-1,-1,-1,-1
SAMPLE,p05-candidate,append,3,publicMaterializedDiff,30774939,37090664,-1,-1,-1,-1,-1,-1,-1,-1
SAMPLE,p05-candidate,append,3,replayRead,2892559,2273096,-1,-1,-1,-1,-1,-1,-1,-1
SAMPLE,p05-candidate,append,3,unchangedPublicDiff,264161,16944,-1,-1,-1,-1,-1,-1,-1,-1
SAMPLE,p05-candidate,append,3,revisionCopy,40687919,14573768,-1,-1,-1,-1,-1,-1,-1,-1
SAMPLE,p05-candidate,append,4,bulkAppendCommit,56639292,39341672,-1,-1,-1,-1,-1,-1,-1,-1
SAMPLE,p05-candidate,append,4,publicCompactDiff,40801371,37279312,-1,-1,-1,-1,-1,-1,-1,-1
SAMPLE,p05-candidate,append,4,publicMaterializedDiff,31424292,37090600,-1,-1,-1,-1,-1,-1,-1,-1
SAMPLE,p05-candidate,append,4,replayRead,3168067,2273064,-1,-1,-1,-1,-1,-1,-1,-1
SAMPLE,p05-candidate,append,4,unchangedPublicDiff,247237,16944,-1,-1,-1,-1,-1,-1,-1,-1
SAMPLE,p05-candidate,append,4,revisionCopy,35919770,14639608,-1,-1,-1,-1,-1,-1,-1,-1
SAMPLE,p05-candidate,append,5,bulkAppendCommit,46471683,39341896,-1,-1,-1,-1,-1,-1,-1,-1
SAMPLE,p05-candidate,append,5,publicCompactDiff,31761431,37279512,-1,-1,-1,-1,-1,-1,-1,-1
SAMPLE,p05-candidate,append,5,publicMaterializedDiff,32860563,37090664,-1,-1,-1,-1,-1,-1,-1,-1
SAMPLE,p05-candidate,append,5,replayRead,2834186,2273096,-1,-1,-1,-1,-1,-1,-1,-1
SAMPLE,p05-candidate,append,5,unchangedPublicDiff,214074,16944,-1,-1,-1,-1,-1,-1,-1,-1
SAMPLE,p05-candidate,append,5,revisionCopy,33057688,14680184,-1,-1,-1,-1,-1,-1,-1,-1
SAMPLE,p05-candidate,append,6,bulkAppendCommit,51220255,39341608,-1,-1,-1,-1,-1,-1,-1,-1
SAMPLE,p05-candidate,append,6,publicCompactDiff,30272428,37279312,-1,-1,-1,-1,-1,-1,-1,-1
SAMPLE,p05-candidate,append,6,publicMaterializedDiff,30483377,37090600,-1,-1,-1,-1,-1,-1,-1,-1
SAMPLE,p05-candidate,append,6,replayRead,2936782,2273064,-1,-1,-1,-1,-1,-1,-1,-1
SAMPLE,p05-candidate,append,6,unchangedPublicDiff,268591,16944,-1,-1,-1,-1,-1,-1,-1,-1
SAMPLE,p05-candidate,append,6,revisionCopy,36866374,14549480,-1,-1,-1,-1,-1,-1,-1,-1
SAMPLE,p05-candidate,append,7,bulkAppendCommit,45728199,39340840,-1,-1,-1,-1,-1,-1,-1,-1
SAMPLE,p05-candidate,append,7,publicCompactDiff,29155041,37279576,-1,-1,-1,-1,-1,-1,-1,-1
SAMPLE,p05-candidate,append,7,publicMaterializedDiff,28686572,37090664,-1,-1,-1,-1,-1,-1,-1,-1
SAMPLE,p05-candidate,append,7,replayRead,2828642,2273096,-1,-1,-1,-1,-1,-1,-1,-1
SAMPLE,p05-candidate,append,7,unchangedPublicDiff,217380,16944,-1,-1,-1,-1,-1,-1,-1,-1
SAMPLE,p05-candidate,append,7,revisionCopy,37387202,14585424,-1,-1,-1,-1,-1,-1,-1,-1
SAMPLE,p05-candidate,append,8,bulkAppendCommit,45327982,39362040,-1,-1,-1,-1,-1,-1,-1,-1
SAMPLE,p05-candidate,append,8,publicCompactDiff,29105338,37279312,-1,-1,-1,-1,-1,-1,-1,-1
SAMPLE,p05-candidate,append,8,publicMaterializedDiff,43957985,37090600,-1,-1,-1,-1,-1,-1,-1,-1
SAMPLE,p05-candidate,append,8,replayRead,5599886,2273064,-1,-1,-1,-1,-1,-1,-1,-1
SAMPLE,p05-candidate,append,8,unchangedPublicDiff,378690,16944,-1,-1,-1,-1,-1,-1,-1,-1
SAMPLE,p05-candidate,append,8,revisionCopy,36114445,14632416,-1,-1,-1,-1,-1,-1,-1,-1
SAMPLE,p05-candidate,append,9,bulkAppendCommit,57288374,39337848,-1,-1,-1,-1,-1,-1,-1,-1
SAMPLE,p05-candidate,append,9,publicCompactDiff,31032725,37279512,-1,-1,-1,-1,-1,-1,-1,-1
SAMPLE,p05-candidate,append,9,publicMaterializedDiff,29505988,37090664,-1,-1,-1,-1,-1,-1,-1,-1
SAMPLE,p05-candidate,append,9,replayRead,2894030,2273096,-1,-1,-1,-1,-1,-1,-1,-1
SAMPLE,p05-candidate,append,9,unchangedPublicDiff,237004,16944,-1,-1,-1,-1,-1,-1,-1,-1
SAMPLE,p05-candidate,append,9,revisionCopy,29566551,14648840,-1,-1,-1,-1,-1,-1,-1,-1
SAMPLE,p05-candidate,append,10,bulkAppendCommit,45076571,39362808,-1,-1,-1,-1,-1,-1,-1,-1
SAMPLE,p05-candidate,append,10,publicCompactDiff,32209036,37279344,-1,-1,-1,-1,-1,-1,-1,-1
SAMPLE,p05-candidate,append,10,publicMaterializedDiff,29455313,37090600,-1,-1,-1,-1,-1,-1,-1,-1
SAMPLE,p05-candidate,append,10,replayRead,2923767,2273064,-1,-1,-1,-1,-1,-1,-1,-1
SAMPLE,p05-candidate,append,10,unchangedPublicDiff,220942,16944,-1,-1,-1,-1,-1,-1,-1,-1
SAMPLE,p05-candidate,append,10,revisionCopy,31943957,14607072,-1,-1,-1,-1,-1,-1,-1,-1
SAMPLE,p05-candidate,append,11,bulkAppendCommit,47790104,39337688,-1,-1,-1,-1,-1,-1,-1,-1
SAMPLE,p05-candidate,append,11,publicCompactDiff,31879903,37279480,-1,-1,-1,-1,-1,-1,-1,-1
SAMPLE,p05-candidate,append,11,publicMaterializedDiff,28711607,37090664,-1,-1,-1,-1,-1,-1,-1,-1
SAMPLE,p05-candidate,append,11,replayRead,2802723,2273096,-1,-1,-1,-1,-1,-1,-1,-1
SAMPLE,p05-candidate,append,11,unchangedPublicDiff,260919,16944,-1,-1,-1,-1,-1,-1,-1,-1
SAMPLE,p05-candidate,append,11,revisionCopy,32397300,14608032,-1,-1,-1,-1,-1,-1,-1,-1
SAMPLE,p05-candidate,append,12,bulkAppendCommit,46328645,39337416,-1,-1,-1,-1,-1,-1,-1,-1
SAMPLE,p05-candidate,append,12,publicCompactDiff,31347295,37279408,-1,-1,-1,-1,-1,-1,-1,-1
SAMPLE,p05-candidate,append,12,publicMaterializedDiff,28776325,37090600,-1,-1,-1,-1,-1,-1,-1,-1
SAMPLE,p05-candidate,append,12,replayRead,2768095,2273064,-1,-1,-1,-1,-1,-1,-1,-1
SAMPLE,p05-candidate,append,12,unchangedPublicDiff,233177,16944,-1,-1,-1,-1,-1,-1,-1,-1
SAMPLE,p05-candidate,append,12,revisionCopy,30920679,14608104,-1,-1,-1,-1,-1,-1,-1,-1
SAMPLE,p05-candidate,append,13,bulkAppendCommit,47690718,39337512,-1,-1,-1,-1,-1,-1,-1,-1
SAMPLE,p05-candidate,append,13,publicCompactDiff,33172289,37279480,-1,-1,-1,-1,-1,-1,-1,-1
SAMPLE,p05-candidate,append,13,publicMaterializedDiff,29243481,37090664,-1,-1,-1,-1,-1,-1,-1,-1
SAMPLE,p05-candidate,append,13,replayRead,3792358,2273096,-1,-1,-1,-1,-1,-1,-1,-1
SAMPLE,p05-candidate,append,13,unchangedPublicDiff,313741,16944,-1,-1,-1,-1,-1,-1,-1,-1
SAMPLE,p05-candidate,append,13,revisionCopy,31298122,14673728,-1,-1,-1,-1,-1,-1,-1,-1
SAMPLE,p05-candidate,append,14,bulkAppendCommit,45204817,39337176,-1,-1,-1,-1,-1,-1,-1,-1
SAMPLE,p05-candidate,append,14,publicCompactDiff,29628367,37279376,-1,-1,-1,-1,-1,-1,-1,-1
SAMPLE,p05-candidate,append,14,publicMaterializedDiff,28720101,37090600,-1,-1,-1,-1,-1,-1,-1,-1
SAMPLE,p05-candidate,append,14,replayRead,2794233,2273064,-1,-1,-1,-1,-1,-1,-1,-1
SAMPLE,p05-candidate,append,14,unchangedPublicDiff,207241,16944,-1,-1,-1,-1,-1,-1,-1,-1
SAMPLE,p05-candidate,append,14,revisionCopy,34123941,14739136,-1,-1,-1,-1,-1,-1,-1,-1
SAMPLE,p05-candidate,append,15,bulkAppendCommit,44146927,39312264,-1,-1,-1,-1,-1,-1,-1,-1
SAMPLE,p05-candidate,append,15,publicCompactDiff,31142280,37279096,-1,-1,-1,-1,-1,-1,-1,-1
SAMPLE,p05-candidate,append,15,publicMaterializedDiff,31925386,37090568,-1,-1,-1,-1,-1,-1,-1,-1
SAMPLE,p05-candidate,append,15,replayRead,2767629,2273048,-1,-1,-1,-1,-1,-1,-1,-1
SAMPLE,p05-candidate,append,15,unchangedPublicDiff,196726,16872,-1,-1,-1,-1,-1,-1,-1,-1
SAMPLE,p05-candidate,append,15,revisionCopy,34294000,14603696,-1,-1,-1,-1,-1,-1,-1,-1
SAMPLE,p05-candidate,append,16,bulkAppendCommit,53534608,39335424,-1,-1,-1,-1,-1,-1,-1,-1
SAMPLE,p05-candidate,append,16,publicCompactDiff,29468668,37278928,-1,-1,-1,-1,-1,-1,-1,-1
SAMPLE,p05-candidate,append,16,publicMaterializedDiff,29401784,37090504,-1,-1,-1,-1,-1,-1,-1,-1
SAMPLE,p05-candidate,append,16,replayRead,2753710,2273016,-1,-1,-1,-1,-1,-1,-1,-1
SAMPLE,p05-candidate,append,16,unchangedPublicDiff,171878,16872,-1,-1,-1,-1,-1,-1,-1,-1
SAMPLE,p05-candidate,append,16,revisionCopy,34584208,14605376,-1,-1,-1,-1,-1,-1,-1,-1
END,p05-candidate,sink=1411252931
# [StorageProfile] dump called: enabled=false byKind.size=0
