ADMITTED,2026-10-05T22:36:24Z
WARNING: Using incubator modules: jdk.incubator.vector
RUN,p05-baseline,pid=2845220,java=25.0.3,identity=false,warmups=24,samples=17
JVM,p05-baseline,maxHeap=3221225472,arguments=[-XX:ThreadPriorityPolicy=1, -XX:+UnlockExperimentalVMOptions, -XX:+EnableJVMCIProduct, -XX:+EnableJVMCI, -XX:-UnlockExperimentalVMOptions, -ea, -Xms512m, -Xmx3g, --add-opens=java.base/sun.nio.ch=ALL-UNNAMED, --add-opens=java.base/java.nio=ALL-UNNAMED, --add-modules=jdk.incubator.vector, --enable-native-access=ALL-UNNAMED, -XX:+EnableDynamicAgentLoading, -XX:+UnlockDiagnosticVMOptions, -XX:+DebugNonSafepoints, --add-modules=jdk.incubator.vector, -Dfile.encoding=UTF-8, -Djava.io.tmpdir=/home/johannes/.treehouse/sirix-cdde48/20/sirix/build/replay/tmp, -Dlogback.configurationFile=/home/johannes/.treehouse/sirix-cdde48/20/sirix/build/replay/latency/quiet.xml, -Dsirix.replay.workDiag=false, -Dsirix.hot.mergeDiag=false, -Dsirix.replay.bench.scenarios=append]
COLUMNS,label,scenario,iteration,metric,nanos,threadAllocatedBytes,recordVisits,createdIdentities,stagedRecords,ancestorSteps,sidecarReads,fallbackPages,pathSteps,bookkeepingOperations
WARNING: A terminally deprecated method in sun.misc.Unsafe has been called
WARNING: sun.misc.Unsafe::arrayBaseOffset has been called by net.openhft.hashing.UnsafeAccess (file:/home/johannes/.gradle/caches/modules-2/files-2.1/net.openhft/zero-allocation-hashing/2026.0/2447494f7842ca377b4ccdba2089a8da5c1d1b50/zero-allocation-hashing-2026.0.jar)
WARNING: Please consider reporting this to the maintainers of class net.openhft.hashing.UnsafeAccess
WARNING: sun.misc.Unsafe::arrayBaseOffset will be removed in a future release
SAMPLE,p05-baseline,append,0,bulkAppendCommit,78434125,36762032,-1,-1,-1,-1,-1,-1,-1,-1
SAMPLE,p05-baseline,append,0,publicCompactDiff,53059516,35779168,-1,-1,-1,-1,-1,-1,-1,-1
SAMPLE,p05-baseline,append,0,publicMaterializedDiff,41299501,35590424,-1,-1,-1,-1,-1,-1,-1,-1
SAMPLE,p05-baseline,append,0,replayRead,32485199,35373728,-1,-1,-1,-1,-1,-1,-1,-1
SAMPLE,p05-baseline,append,0,unchangedPublicDiff,290747,16904,-1,-1,-1,-1,-1,-1,-1,-1
SAMPLE,p05-baseline,append,0,revisionCopy,92332563,49123440,-1,-1,-1,-1,-1,-1,-1,-1
SAMPLE,p05-baseline,append,1,bulkAppendCommit,46243354,36762080,-1,-1,-1,-1,-1,-1,-1,-1
SAMPLE,p05-baseline,append,1,publicCompactDiff,37625848,35779240,-1,-1,-1,-1,-1,-1,-1,-1
SAMPLE,p05-baseline,append,1,publicMaterializedDiff,28553318,35590360,-1,-1,-1,-1,-1,-1,-1,-1
SAMPLE,p05-baseline,append,1,replayRead,28351759,35373632,-1,-1,-1,-1,-1,-1,-1,-1
SAMPLE,p05-baseline,append,1,unchangedPublicDiff,285020,16840,-1,-1,-1,-1,-1,-1,-1,-1
SAMPLE,p05-baseline,append,1,revisionCopy,94818464,49118664,-1,-1,-1,-1,-1,-1,-1,-1
SAMPLE,p05-baseline,append,2,bulkAppendCommit,42714730,36762112,-1,-1,-1,-1,-1,-1,-1,-1
SAMPLE,p05-baseline,append,2,publicCompactDiff,31548690,35779200,-1,-1,-1,-1,-1,-1,-1,-1
SAMPLE,p05-baseline,append,2,publicMaterializedDiff,29413607,35590424,-1,-1,-1,-1,-1,-1,-1,-1
SAMPLE,p05-baseline,append,2,replayRead,31124734,35373728,-1,-1,-1,-1,-1,-1,-1,-1
SAMPLE,p05-baseline,append,2,unchangedPublicDiff,250653,16904,-1,-1,-1,-1,-1,-1,-1,-1
SAMPLE,p05-baseline,append,2,revisionCopy,88460313,49118208,-1,-1,-1,-1,-1,-1,-1,-1
SAMPLE,p05-baseline,append,3,bulkAppendCommit,44498624,36762136,-1,-1,-1,-1,-1,-1,-1,-1
SAMPLE,p05-baseline,append,3,publicCompactDiff,42635457,35779208,-1,-1,-1,-1,-1,-1,-1,-1
SAMPLE,p05-baseline,append,3,publicMaterializedDiff,28432686,35590360,-1,-1,-1,-1,-1,-1,-1,-1
SAMPLE,p05-baseline,append,3,replayRead,28189168,35373792,-1,-1,-1,-1,-1,-1,-1,-1
SAMPLE,p05-baseline,append,3,unchangedPublicDiff,277208,16840,-1,-1,-1,-1,-1,-1,-1,-1
SAMPLE,p05-baseline,append,3,revisionCopy,89872642,49119128,-1,-1,-1,-1,-1,-1,-1,-1
SAMPLE,p05-baseline,append,4,bulkAppendCommit,56070646,36762000,-1,-1,-1,-1,-1,-1,-1,-1
SAMPLE,p05-baseline,append,4,publicCompactDiff,35385684,35778816,-1,-1,-1,-1,-1,-1,-1,-1
SAMPLE,p05-baseline,append,4,publicMaterializedDiff,32436359,35590328,-1,-1,-1,-1,-1,-1,-1,-1
SAMPLE,p05-baseline,append,4,replayRead,27712515,35373744,-1,-1,-1,-1,-1,-1,-1,-1
SAMPLE,p05-baseline,append,4,unchangedPublicDiff,304828,17160,-1,-1,-1,-1,-1,-1,-1,-1
SAMPLE,p05-baseline,append,4,revisionCopy,85714959,49116936,-1,-1,-1,-1,-1,-1,-1,-1
SAMPLE,p05-baseline,append,5,bulkAppendCommit,45289919,36760496,-1,-1,-1,-1,-1,-1,-1,-1
SAMPLE,p05-baseline,append,5,publicCompactDiff,29898576,35778984,-1,-1,-1,-1,-1,-1,-1,-1
SAMPLE,p05-baseline,append,5,publicMaterializedDiff,30987560,35590392,-1,-1,-1,-1,-1,-1,-1,-1
SAMPLE,p05-baseline,append,5,replayRead,29196467,35373840,-1,-1,-1,-1,-1,-1,-1,-1
SAMPLE,p05-baseline,append,5,unchangedPublicDiff,241614,16832,-1,-1,-1,-1,-1,-1,-1,-1
SAMPLE,p05-baseline,append,5,revisionCopy,101385979,49116128,-1,-1,-1,-1,-1,-1,-1,-1
SAMPLE,p05-baseline,append,6,bulkAppendCommit,46827385,36760560,-1,-1,-1,-1,-1,-1,-1,-1
SAMPLE,p05-baseline,append,6,publicCompactDiff,31637761,35778784,-1,-1,-1,-1,-1,-1,-1,-1
SAMPLE,p05-baseline,append,6,publicMaterializedDiff,30050762,35590328,-1,-1,-1,-1,-1,-1,-1,-1
SAMPLE,p05-baseline,append,6,replayRead,28640931,35373744,-1,-1,-1,-1,-1,-1,-1,-1
SAMPLE,p05-baseline,append,6,unchangedPublicDiff,229765,16832,-1,-1,-1,-1,-1,-1,-1,-1
SAMPLE,p05-baseline,append,6,revisionCopy,88628597,49115920,-1,-1,-1,-1,-1,-1,-1,-1
SAMPLE,p05-baseline,append,7,bulkAppendCommit,47417136,36760136,-1,-1,-1,-1,-1,-1,-1,-1
SAMPLE,p05-baseline,append,7,publicCompactDiff,31965453,35778824,-1,-1,-1,-1,-1,-1,-1,-1
SAMPLE,p05-baseline,append,7,publicMaterializedDiff,29686465,35590264,-1,-1,-1,-1,-1,-1,-1,-1
SAMPLE,p05-baseline,append,7,replayRead,27686947,35373648,-1,-1,-1,-1,-1,-1,-1,-1
SAMPLE,p05-baseline,append,7,unchangedPublicDiff,207652,16768,-1,-1,-1,-1,-1,-1,-1,-1
SAMPLE,p05-baseline,append,7,revisionCopy,85570382,49115640,-1,-1,-1,-1,-1,-1,-1,-1
SAMPLE,p05-baseline,append,8,bulkAppendCommit,43626593,36760800,-1,-1,-1,-1,-1,-1,-1,-1
SAMPLE,p05-baseline,append,8,publicCompactDiff,31254661,35778784,-1,-1,-1,-1,-1,-1,-1,-1
SAMPLE,p05-baseline,append,8,publicMaterializedDiff,30345679,35590328,-1,-1,-1,-1,-1,-1,-1,-1
SAMPLE,p05-baseline,append,8,replayRead,28242159,35373744,-1,-1,-1,-1,-1,-1,-1,-1
SAMPLE,p05-baseline,append,8,unchangedPublicDiff,223462,16832,-1,-1,-1,-1,-1,-1,-1,-1
SAMPLE,p05-baseline,append,8,revisionCopy,98562039,48978552,-1,-1,-1,-1,-1,-1,-1,-1
SAMPLE,p05-baseline,append,9,bulkAppendCommit,43776148,36756072,-1,-1,-1,-1,-1,-1,-1,-1
SAMPLE,p05-baseline,append,9,publicCompactDiff,32214728,35778888,-1,-1,-1,-1,-1,-1,-1,-1
SAMPLE,p05-baseline,append,9,publicMaterializedDiff,30863917,35590264,-1,-1,-1,-1,-1,-1,-1,-1
SAMPLE,p05-baseline,append,9,replayRead,29363000,35373648,-1,-1,-1,-1,-1,-1,-1,-1
SAMPLE,p05-baseline,append,9,unchangedPublicDiff,275436,16768,-1,-1,-1,-1,-1,-1,-1,-1
SAMPLE,p05-baseline,append,9,revisionCopy,88092677,48977600,-1,-1,-1,-1,-1,-1,-1,-1
SAMPLE,p05-baseline,append,10,bulkAppendCommit,44911274,36756072,-1,-1,-1,-1,-1,-1,-1,-1
SAMPLE,p05-baseline,append,10,publicCompactDiff,28855669,35778816,-1,-1,-1,-1,-1,-1,-1,-1
SAMPLE,p05-baseline,append,10,publicMaterializedDiff,36649836,35590328,-1,-1,-1,-1,-1,-1,-1,-1
SAMPLE,p05-baseline,append,10,replayRead,29713298,35373744,-1,-1,-1,-1,-1,-1,-1,-1
SAMPLE,p05-baseline,append,10,unchangedPublicDiff,271430,16832,-1,-1,-1,-1,-1,-1,-1,-1
SAMPLE,p05-baseline,append,10,revisionCopy,122969617,48977576,-1,-1,-1,-1,-1,-1,-1,-1
SAMPLE,p05-baseline,append,11,bulkAppendCommit,45362707,36756136,-1,-1,-1,-1,-1,-1,-1,-1
SAMPLE,p05-baseline,append,11,publicCompactDiff,31435999,35778888,-1,-1,-1,-1,-1,-1,-1,-1
SAMPLE,p05-baseline,append,11,publicMaterializedDiff,30023302,35590264,-1,-1,-1,-1,-1,-1,-1,-1
SAMPLE,p05-baseline,append,11,replayRead,31829728,35373648,-1,-1,-1,-1,-1,-1,-1,-1
SAMPLE,p05-baseline,append,11,unchangedPublicDiff,285236,16768,-1,-1,-1,-1,-1,-1,-1,-1
SAMPLE,p05-baseline,append,11,revisionCopy,84159874,48977680,-1,-1,-1,-1,-1,-1,-1,-1
SAMPLE,p05-baseline,append,12,bulkAppendCommit,45709755,36756184,-1,-1,-1,-1,-1,-1,-1,-1
SAMPLE,p05-baseline,append,12,publicCompactDiff,30229729,35778784,-1,-1,-1,-1,-1,-1,-1,-1
SAMPLE,p05-baseline,append,12,publicMaterializedDiff,28478162,35590328,-1,-1,-1,-1,-1,-1,-1,-1
SAMPLE,p05-baseline,append,12,replayRead,29620751,35373744,-1,-1,-1,-1,-1,-1,-1,-1
SAMPLE,p05-baseline,append,12,unchangedPublicDiff,225320,16832,-1,-1,-1,-1,-1,-1,-1,-1
SAMPLE,p05-baseline,append,12,revisionCopy,83719919,48978272,-1,-1,-1,-1,-1,-1,-1,-1
SAMPLE,p05-baseline,append,13,bulkAppendCommit,44444366,36756432,-1,-1,-1,-1,-1,-1,-1,-1
SAMPLE,p05-baseline,append,13,publicCompactDiff,31615128,35778856,-1,-1,-1,-1,-1,-1,-1,-1
SAMPLE,p05-baseline,append,13,publicMaterializedDiff,30345634,35590264,-1,-1,-1,-1,-1,-1,-1,-1
SAMPLE,p05-baseline,append,13,replayRead,31125126,35373648,-1,-1,-1,-1,-1,-1,-1,-1
SAMPLE,p05-baseline,append,13,unchangedPublicDiff,243639,16768,-1,-1,-1,-1,-1,-1,-1,-1
SAMPLE,p05-baseline,append,13,revisionCopy,83100016,48978104,-1,-1,-1,-1,-1,-1,-1,-1
SAMPLE,p05-baseline,append,14,bulkAppendCommit,48561186,36755800,-1,-1,-1,-1,-1,-1,-1,-1
SAMPLE,p05-baseline,append,14,publicCompactDiff,30059783,35778784,-1,-1,-1,-1,-1,-1,-1,-1
SAMPLE,p05-baseline,append,14,publicMaterializedDiff,28607336,35590328,-1,-1,-1,-1,-1,-1,-1,-1
SAMPLE,p05-baseline,append,14,replayRead,29951326,35373744,-1,-1,-1,-1,-1,-1,-1,-1
SAMPLE,p05-baseline,append,14,unchangedPublicDiff,226711,16832,-1,-1,-1,-1,-1,-1,-1,-1
SAMPLE,p05-baseline,append,14,revisionCopy,87033492,48977184,-1,-1,-1,-1,-1,-1,-1,-1
SAMPLE,p05-baseline,append,15,bulkAppendCommit,46218852,36756136,-1,-1,-1,-1,-1,-1,-1,-1
SAMPLE,p05-baseline,append,15,publicCompactDiff,32170735,35778888,-1,-1,-1,-1,-1,-1,-1,-1
SAMPLE,p05-baseline,append,15,publicMaterializedDiff,28207973,35590264,-1,-1,-1,-1,-1,-1,-1,-1
SAMPLE,p05-baseline,append,15,replayRead,28452853,35373648,-1,-1,-1,-1,-1,-1,-1,-1
SAMPLE,p05-baseline,append,15,unchangedPublicDiff,197884,16768,-1,-1,-1,-1,-1,-1,-1,-1
SAMPLE,p05-baseline,append,15,revisionCopy,84068346,48976144,-1,-1,-1,-1,-1,-1,-1,-1
SAMPLE,p05-baseline,append,16,bulkAppendCommit,42761195,36755800,-1,-1,-1,-1,-1,-1,-1,-1
SAMPLE,p05-baseline,append,16,publicCompactDiff,28965522,35778784,-1,-1,-1,-1,-1,-1,-1,-1
SAMPLE,p05-baseline,append,16,publicMaterializedDiff,28663507,35590328,-1,-1,-1,-1,-1,-1,-1,-1
SAMPLE,p05-baseline,append,16,replayRead,29747237,35373744,-1,-1,-1,-1,-1,-1,-1,-1
SAMPLE,p05-baseline,append,16,unchangedPublicDiff,222442,16832,-1,-1,-1,-1,-1,-1,-1,-1
SAMPLE,p05-baseline,append,16,revisionCopy,91898514,48977264,-1,-1,-1,-1,-1,-1,-1,-1
END,p05-baseline,sink=556119
# [StorageProfile] dump called: enabled=false byKind.size=0
