ADMITTED,2026-10-05T22:36:58Z
WARNING: Using incubator modules: jdk.incubator.vector
RUN,p06-candidate,pid=2851135,java=25.0.3,identity=true,warmups=24,samples=17
JVM,p06-candidate,maxHeap=3221225472,arguments=[-XX:ThreadPriorityPolicy=1, -XX:+UnlockExperimentalVMOptions, -XX:+EnableJVMCIProduct, -XX:+EnableJVMCI, -XX:-UnlockExperimentalVMOptions, -ea, -Xms512m, -Xmx3g, --add-opens=java.base/sun.nio.ch=ALL-UNNAMED, --add-opens=java.base/java.nio=ALL-UNNAMED, --add-modules=jdk.incubator.vector, --enable-native-access=ALL-UNNAMED, -XX:+EnableDynamicAgentLoading, -XX:+UnlockDiagnosticVMOptions, -XX:+DebugNonSafepoints, --add-modules=jdk.incubator.vector, -Dfile.encoding=UTF-8, -Djava.io.tmpdir=/home/johannes/.treehouse/sirix-cdde48/20/sirix/build/replay/tmp, -Dlogback.configurationFile=/home/johannes/.treehouse/sirix-cdde48/20/sirix/build/replay/latency/quiet.xml, -Dsirix.replay.workDiag=false, -Dsirix.hot.mergeDiag=false, -Dsirix.replay.bench.scenarios=append]
COLUMNS,label,scenario,iteration,metric,nanos,threadAllocatedBytes,recordVisits,createdIdentities,stagedRecords,ancestorSteps,sidecarReads,fallbackPages,pathSteps,bookkeepingOperations
WARNING: A terminally deprecated method in sun.misc.Unsafe has been called
WARNING: sun.misc.Unsafe::arrayBaseOffset has been called by net.openhft.hashing.UnsafeAccess (file:/home/johannes/.gradle/caches/modules-2/files-2.1/net.openhft/zero-allocation-hashing/2026.0/2447494f7842ca377b4ccdba2089a8da5c1d1b50/zero-allocation-hashing-2026.0.jar)
WARNING: Please consider reporting this to the maintainers of class net.openhft.hashing.UnsafeAccess
WARNING: sun.misc.Unsafe::arrayBaseOffset will be removed in a future release
SAMPLE,p06-candidate,append,0,bulkAppendCommit,51609030,39445168,-1,-1,-1,-1,-1,-1,-1,-1
SAMPLE,p06-candidate,append,0,publicCompactDiff,35548823,37279336,-1,-1,-1,-1,-1,-1,-1,-1
SAMPLE,p06-candidate,append,0,publicMaterializedDiff,32647530,37090624,-1,-1,-1,-1,-1,-1,-1,-1
SAMPLE,p06-candidate,append,0,replayRead,4916067,2273112,-1,-1,-1,-1,-1,-1,-1,-1
SAMPLE,p06-candidate,append,0,unchangedPublicDiff,300198,16944,-1,-1,-1,-1,-1,-1,-1,-1
SAMPLE,p06-candidate,append,0,revisionCopy,39091615,14688616,-1,-1,-1,-1,-1,-1,-1,-1
SAMPLE,p06-candidate,append,1,bulkAppendCommit,51350622,39471608,-1,-1,-1,-1,-1,-1,-1,-1
SAMPLE,p06-candidate,append,1,publicCompactDiff,33712812,37279600,-1,-1,-1,-1,-1,-1,-1,-1
SAMPLE,p06-candidate,append,1,publicMaterializedDiff,40468736,37090688,-1,-1,-1,-1,-1,-1,-1,-1
SAMPLE,p06-candidate,append,1,replayRead,6099072,2273144,-1,-1,-1,-1,-1,-1,-1,-1
SAMPLE,p06-candidate,append,1,unchangedPublicDiff,367060,16944,-1,-1,-1,-1,-1,-1,-1,-1
SAMPLE,p06-candidate,append,1,revisionCopy,44660484,14648560,-1,-1,-1,-1,-1,-1,-1,-1
SAMPLE,p06-candidate,append,2,bulkAppendCommit,50833630,39445392,-1,-1,-1,-1,-1,-1,-1,-1
SAMPLE,p06-candidate,append,2,publicCompactDiff,30723481,37279528,-1,-1,-1,-1,-1,-1,-1,-1
SAMPLE,p06-candidate,append,2,publicMaterializedDiff,29549535,37090688,-1,-1,-1,-1,-1,-1,-1,-1
SAMPLE,p06-candidate,append,2,replayRead,3418750,2273144,-1,-1,-1,-1,-1,-1,-1,-1
SAMPLE,p06-candidate,append,2,unchangedPublicDiff,220638,16944,-1,-1,-1,-1,-1,-1,-1,-1
SAMPLE,p06-candidate,append,2,revisionCopy,36097887,14688864,-1,-1,-1,-1,-1,-1,-1,-1
SAMPLE,p06-candidate,append,3,bulkAppendCommit,50021689,39445664,-1,-1,-1,-1,-1,-1,-1,-1
SAMPLE,p06-candidate,append,3,publicCompactDiff,33331473,37279600,-1,-1,-1,-1,-1,-1,-1,-1
SAMPLE,p06-candidate,append,3,publicMaterializedDiff,31996323,37090688,-1,-1,-1,-1,-1,-1,-1,-1
SAMPLE,p06-candidate,append,3,replayRead,2846925,2273096,-1,-1,-1,-1,-1,-1,-1,-1
SAMPLE,p06-candidate,append,3,unchangedPublicDiff,243307,16944,-1,-1,-1,-1,-1,-1,-1,-1
SAMPLE,p06-candidate,append,3,revisionCopy,39004388,14689208,-1,-1,-1,-1,-1,-1,-1,-1
SAMPLE,p06-candidate,append,4,bulkAppendCommit,55982195,39445424,-1,-1,-1,-1,-1,-1,-1,-1
SAMPLE,p06-candidate,append,4,publicCompactDiff,45004136,37279400,-1,-1,-1,-1,-1,-1,-1,-1
SAMPLE,p06-candidate,append,4,publicMaterializedDiff,30510353,37090624,-1,-1,-1,-1,-1,-1,-1,-1
SAMPLE,p06-candidate,append,4,replayRead,2993885,2273064,-1,-1,-1,-1,-1,-1,-1,-1
SAMPLE,p06-candidate,append,4,unchangedPublicDiff,279635,16944,-1,-1,-1,-1,-1,-1,-1,-1
SAMPLE,p06-candidate,append,4,revisionCopy,36720455,14648016,-1,-1,-1,-1,-1,-1,-1,-1
SAMPLE,p06-candidate,append,5,bulkAppendCommit,50369956,39445584,-1,-1,-1,-1,-1,-1,-1,-1
SAMPLE,p06-candidate,append,5,publicCompactDiff,29290687,37279544,-1,-1,-1,-1,-1,-1,-1,-1
SAMPLE,p06-candidate,append,5,publicMaterializedDiff,28328510,37090664,-1,-1,-1,-1,-1,-1,-1,-1
SAMPLE,p06-candidate,append,5,replayRead,2781036,2273096,-1,-1,-1,-1,-1,-1,-1,-1
SAMPLE,p06-candidate,append,5,unchangedPublicDiff,272457,16944,-1,-1,-1,-1,-1,-1,-1,-1
SAMPLE,p06-candidate,append,5,revisionCopy,38927915,14622672,-1,-1,-1,-1,-1,-1,-1,-1
SAMPLE,p06-candidate,append,6,bulkAppendCommit,51740216,39439976,-1,-1,-1,-1,-1,-1,-1,-1
SAMPLE,p06-candidate,append,6,publicCompactDiff,33638219,37279408,-1,-1,-1,-1,-1,-1,-1,-1
SAMPLE,p06-candidate,append,6,publicMaterializedDiff,28243956,37090600,-1,-1,-1,-1,-1,-1,-1,-1
SAMPLE,p06-candidate,append,6,replayRead,2841336,2273064,-1,-1,-1,-1,-1,-1,-1,-1
SAMPLE,p06-candidate,append,6,unchangedPublicDiff,224770,16944,-1,-1,-1,-1,-1,-1,-1,-1
SAMPLE,p06-candidate,append,6,revisionCopy,30282759,14614720,-1,-1,-1,-1,-1,-1,-1,-1
SAMPLE,p06-candidate,append,7,bulkAppendCommit,46532561,39440408,-1,-1,-1,-1,-1,-1,-1,-1
SAMPLE,p06-candidate,append,7,publicCompactDiff,29455623,37279512,-1,-1,-1,-1,-1,-1,-1,-1
SAMPLE,p06-candidate,append,7,publicMaterializedDiff,28456948,37090664,-1,-1,-1,-1,-1,-1,-1,-1
SAMPLE,p06-candidate,append,7,replayRead,2769407,2273096,-1,-1,-1,-1,-1,-1,-1,-1
SAMPLE,p06-candidate,append,7,unchangedPublicDiff,186208,16944,-1,-1,-1,-1,-1,-1,-1,-1
SAMPLE,p06-candidate,append,7,revisionCopy,28813670,14705400,-1,-1,-1,-1,-1,-1,-1,-1
SAMPLE,p06-candidate,append,8,bulkAppendCommit,44740529,39439832,-1,-1,-1,-1,-1,-1,-1,-1
SAMPLE,p06-candidate,append,8,publicCompactDiff,29821934,37279344,-1,-1,-1,-1,-1,-1,-1,-1
SAMPLE,p06-candidate,append,8,publicMaterializedDiff,30399088,37090600,-1,-1,-1,-1,-1,-1,-1,-1
SAMPLE,p06-candidate,append,8,replayRead,2875960,2273064,-1,-1,-1,-1,-1,-1,-1,-1
SAMPLE,p06-candidate,append,8,unchangedPublicDiff,224265,16944,-1,-1,-1,-1,-1,-1,-1,-1
SAMPLE,p06-candidate,append,8,revisionCopy,30259114,14679976,-1,-1,-1,-1,-1,-1,-1,-1
SAMPLE,p06-candidate,append,9,bulkAppendCommit,45384414,39440144,-1,-1,-1,-1,-1,-1,-1,-1
SAMPLE,p06-candidate,append,9,publicCompactDiff,29057820,37279576,-1,-1,-1,-1,-1,-1,-1,-1
SAMPLE,p06-candidate,append,9,publicMaterializedDiff,28158810,37090664,-1,-1,-1,-1,-1,-1,-1,-1
SAMPLE,p06-candidate,append,9,replayRead,2790144,2273096,-1,-1,-1,-1,-1,-1,-1,-1
SAMPLE,p06-candidate,append,9,unchangedPublicDiff,208085,16944,-1,-1,-1,-1,-1,-1,-1,-1
SAMPLE,p06-candidate,append,9,revisionCopy,29783041,14639088,-1,-1,-1,-1,-1,-1,-1,-1
SAMPLE,p06-candidate,append,10,bulkAppendCommit,46275369,39435552,-1,-1,-1,-1,-1,-1,-1,-1
SAMPLE,p06-candidate,append,10,publicCompactDiff,32246180,37279312,-1,-1,-1,-1,-1,-1,-1,-1
SAMPLE,p06-candidate,append,10,publicMaterializedDiff,29033981,37090600,-1,-1,-1,-1,-1,-1,-1,-1
SAMPLE,p06-candidate,append,10,replayRead,2894054,2273064,-1,-1,-1,-1,-1,-1,-1,-1
SAMPLE,p06-candidate,append,10,unchangedPublicDiff,224242,16944,-1,-1,-1,-1,-1,-1,-1,-1
SAMPLE,p06-candidate,append,10,revisionCopy,30011559,14632696,-1,-1,-1,-1,-1,-1,-1,-1
SAMPLE,p06-candidate,append,11,bulkAppendCommit,48929561,39435944,-1,-1,-1,-1,-1,-1,-1,-1
SAMPLE,p06-candidate,append,11,publicCompactDiff,32112160,37279512,-1,-1,-1,-1,-1,-1,-1,-1
SAMPLE,p06-candidate,append,11,publicMaterializedDiff,29712437,37090664,-1,-1,-1,-1,-1,-1,-1,-1
SAMPLE,p06-candidate,append,11,replayRead,2889241,2273096,-1,-1,-1,-1,-1,-1,-1,-1
SAMPLE,p06-candidate,append,11,unchangedPublicDiff,227696,16944,-1,-1,-1,-1,-1,-1,-1,-1
SAMPLE,p06-candidate,append,11,revisionCopy,29429785,14608344,-1,-1,-1,-1,-1,-1,-1,-1
SAMPLE,p06-candidate,append,12,bulkAppendCommit,45555016,39337384,-1,-1,-1,-1,-1,-1,-1,-1
SAMPLE,p06-candidate,append,12,publicCompactDiff,29091334,37279312,-1,-1,-1,-1,-1,-1,-1,-1
SAMPLE,p06-candidate,append,12,publicMaterializedDiff,28340697,37090600,-1,-1,-1,-1,-1,-1,-1,-1
SAMPLE,p06-candidate,append,12,replayRead,2999877,2273064,-1,-1,-1,-1,-1,-1,-1,-1
SAMPLE,p06-candidate,append,12,unchangedPublicDiff,299337,16944,-1,-1,-1,-1,-1,-1,-1,-1
SAMPLE,p06-candidate,append,12,revisionCopy,36276606,14632888,-1,-1,-1,-1,-1,-1,-1,-1
SAMPLE,p06-candidate,append,13,bulkAppendCommit,47784210,39337248,-1,-1,-1,-1,-1,-1,-1,-1
SAMPLE,p06-candidate,append,13,publicCompactDiff,41276322,37279096,-1,-1,-1,-1,-1,-1,-1,-1
SAMPLE,p06-candidate,append,13,publicMaterializedDiff,31978323,37090568,-1,-1,-1,-1,-1,-1,-1,-1
SAMPLE,p06-candidate,append,13,replayRead,3297135,2273048,-1,-1,-1,-1,-1,-1,-1,-1
SAMPLE,p06-candidate,append,13,unchangedPublicDiff,243883,16872,-1,-1,-1,-1,-1,-1,-1,-1
SAMPLE,p06-candidate,append,13,revisionCopy,31776147,14643224,-1,-1,-1,-1,-1,-1,-1,-1
SAMPLE,p06-candidate,append,14,bulkAppendCommit,46636868,39335264,-1,-1,-1,-1,-1,-1,-1,-1
SAMPLE,p06-candidate,append,14,publicCompactDiff,32613932,37279024,-1,-1,-1,-1,-1,-1,-1,-1
SAMPLE,p06-candidate,append,14,publicMaterializedDiff,31177540,37090504,-1,-1,-1,-1,-1,-1,-1,-1
SAMPLE,p06-candidate,append,14,replayRead,3250302,2273016,-1,-1,-1,-1,-1,-1,-1,-1
SAMPLE,p06-candidate,append,14,unchangedPublicDiff,221273,16872,-1,-1,-1,-1,-1,-1,-1,-1
SAMPLE,p06-candidate,append,14,revisionCopy,28442283,14669648,-1,-1,-1,-1,-1,-1,-1,-1
SAMPLE,p06-candidate,append,15,bulkAppendCommit,52652410,39335840,-1,-1,-1,-1,-1,-1,-1,-1
SAMPLE,p06-candidate,append,15,publicCompactDiff,28827924,37279096,-1,-1,-1,-1,-1,-1,-1,-1
SAMPLE,p06-candidate,append,15,publicMaterializedDiff,28027354,37090568,-1,-1,-1,-1,-1,-1,-1,-1
SAMPLE,p06-candidate,append,15,replayRead,4015434,2273048,-1,-1,-1,-1,-1,-1,-1,-1
SAMPLE,p06-candidate,append,15,unchangedPublicDiff,220457,16872,-1,-1,-1,-1,-1,-1,-1,-1
SAMPLE,p06-candidate,append,15,revisionCopy,28768893,14669824,-1,-1,-1,-1,-1,-1,-1,-1
SAMPLE,p06-candidate,append,16,bulkAppendCommit,46250711,39335392,-1,-1,-1,-1,-1,-1,-1,-1
SAMPLE,p06-candidate,append,16,publicCompactDiff,29527115,37278960,-1,-1,-1,-1,-1,-1,-1,-1
SAMPLE,p06-candidate,append,16,publicMaterializedDiff,27918419,37090504,-1,-1,-1,-1,-1,-1,-1,-1
SAMPLE,p06-candidate,append,16,replayRead,2793396,2273016,-1,-1,-1,-1,-1,-1,-1,-1
SAMPLE,p06-candidate,append,16,unchangedPublicDiff,177819,16872,-1,-1,-1,-1,-1,-1,-1,-1
SAMPLE,p06-candidate,append,16,revisionCopy,28402151,14603320,-1,-1,-1,-1,-1,-1,-1,-1
END,p06-candidate,sink=683746195
# [StorageProfile] dump called: enabled=false byKind.size=0
