ADMITTED,2026-10-05T22:36:41Z
WARNING: Using incubator modules: jdk.incubator.vector
RUN,p06-baseline,pid=2849723,java=25.0.3,identity=false,warmups=24,samples=17
JVM,p06-baseline,maxHeap=3221225472,arguments=[-XX:ThreadPriorityPolicy=1, -XX:+UnlockExperimentalVMOptions, -XX:+EnableJVMCIProduct, -XX:+EnableJVMCI, -XX:-UnlockExperimentalVMOptions, -ea, -Xms512m, -Xmx3g, --add-opens=java.base/sun.nio.ch=ALL-UNNAMED, --add-opens=java.base/java.nio=ALL-UNNAMED, --add-modules=jdk.incubator.vector, --enable-native-access=ALL-UNNAMED, -XX:+EnableDynamicAgentLoading, -XX:+UnlockDiagnosticVMOptions, -XX:+DebugNonSafepoints, --add-modules=jdk.incubator.vector, -Dfile.encoding=UTF-8, -Djava.io.tmpdir=/home/johannes/.treehouse/sirix-cdde48/20/sirix/build/replay/tmp, -Dlogback.configurationFile=/home/johannes/.treehouse/sirix-cdde48/20/sirix/build/replay/latency/quiet.xml, -Dsirix.replay.workDiag=false, -Dsirix.hot.mergeDiag=false, -Dsirix.replay.bench.scenarios=append]
COLUMNS,label,scenario,iteration,metric,nanos,threadAllocatedBytes,recordVisits,createdIdentities,stagedRecords,ancestorSteps,sidecarReads,fallbackPages,pathSteps,bookkeepingOperations
WARNING: A terminally deprecated method in sun.misc.Unsafe has been called
WARNING: sun.misc.Unsafe::arrayBaseOffset has been called by net.openhft.hashing.UnsafeAccess (file:/home/johannes/.gradle/caches/modules-2/files-2.1/net.openhft/zero-allocation-hashing/2026.0/2447494f7842ca377b4ccdba2089a8da5c1d1b50/zero-allocation-hashing-2026.0.jar)
WARNING: Please consider reporting this to the maintainers of class net.openhft.hashing.UnsafeAccess
WARNING: sun.misc.Unsafe::arrayBaseOffset will be removed in a future release
SAMPLE,p06-baseline,append,0,bulkAppendCommit,47033244,36762152,-1,-1,-1,-1,-1,-1,-1,-1
SAMPLE,p06-baseline,append,0,publicCompactDiff,32466688,35803760,-1,-1,-1,-1,-1,-1,-1,-1
SAMPLE,p06-baseline,append,0,publicMaterializedDiff,29994566,35614952,-1,-1,-1,-1,-1,-1,-1,-1
SAMPLE,p06-baseline,append,0,replayRead,31732750,35398256,-1,-1,-1,-1,-1,-1,-1,-1
SAMPLE,p06-baseline,append,0,unchangedPublicDiff,281073,16904,-1,-1,-1,-1,-1,-1,-1,-1
SAMPLE,p06-baseline,append,0,revisionCopy,86641283,49118968,-1,-1,-1,-1,-1,-1,-1,-1
SAMPLE,p06-baseline,append,1,bulkAppendCommit,44112696,36762088,-1,-1,-1,-1,-1,-1,-1,-1
SAMPLE,p06-baseline,append,1,publicCompactDiff,30860314,35803736,-1,-1,-1,-1,-1,-1,-1,-1
SAMPLE,p06-baseline,append,1,publicMaterializedDiff,29754844,35614888,-1,-1,-1,-1,-1,-1,-1,-1
SAMPLE,p06-baseline,append,1,replayRead,27758807,35398160,-1,-1,-1,-1,-1,-1,-1,-1
SAMPLE,p06-baseline,append,1,unchangedPublicDiff,262344,16840,-1,-1,-1,-1,-1,-1,-1,-1
SAMPLE,p06-baseline,append,1,revisionCopy,88619212,49119728,-1,-1,-1,-1,-1,-1,-1,-1
SAMPLE,p06-baseline,append,2,bulkAppendCommit,48270244,36762224,-1,-1,-1,-1,-1,-1,-1,-1
SAMPLE,p06-baseline,append,2,publicCompactDiff,43549426,35803728,-1,-1,-1,-1,-1,-1,-1,-1
SAMPLE,p06-baseline,append,2,publicMaterializedDiff,45879129,35614952,-1,-1,-1,-1,-1,-1,-1,-1
SAMPLE,p06-baseline,append,2,replayRead,30522966,35398256,-1,-1,-1,-1,-1,-1,-1,-1
SAMPLE,p06-baseline,append,2,unchangedPublicDiff,274825,16904,-1,-1,-1,-1,-1,-1,-1,-1
SAMPLE,p06-baseline,append,2,revisionCopy,90250231,49118280,-1,-1,-1,-1,-1,-1,-1,-1
SAMPLE,p06-baseline,append,3,bulkAppendCommit,49132748,36762240,-1,-1,-1,-1,-1,-1,-1,-1
SAMPLE,p06-baseline,append,3,publicCompactDiff,33865755,35803736,-1,-1,-1,-1,-1,-1,-1,-1
SAMPLE,p06-baseline,append,3,publicMaterializedDiff,28743630,35614888,-1,-1,-1,-1,-1,-1,-1,-1
SAMPLE,p06-baseline,append,3,replayRead,27915231,35398160,-1,-1,-1,-1,-1,-1,-1,-1
SAMPLE,p06-baseline,append,3,unchangedPublicDiff,238935,16840,-1,-1,-1,-1,-1,-1,-1,-1
SAMPLE,p06-baseline,append,3,revisionCopy,93734925,49118848,-1,-1,-1,-1,-1,-1,-1,-1
SAMPLE,p06-baseline,append,4,bulkAppendCommit,43472054,36762064,-1,-1,-1,-1,-1,-1,-1,-1
SAMPLE,p06-baseline,append,4,publicCompactDiff,29028078,35803728,-1,-1,-1,-1,-1,-1,-1,-1
SAMPLE,p06-baseline,append,4,publicMaterializedDiff,30222417,35614856,-1,-1,-1,-1,-1,-1,-1,-1
SAMPLE,p06-baseline,append,4,replayRead,30869105,35398112,-1,-1,-1,-1,-1,-1,-1,-1
SAMPLE,p06-baseline,append,4,unchangedPublicDiff,268658,17160,-1,-1,-1,-1,-1,-1,-1,-1
SAMPLE,p06-baseline,append,4,revisionCopy,87794624,49114768,-1,-1,-1,-1,-1,-1,-1,-1
SAMPLE,p06-baseline,append,5,bulkAppendCommit,42328160,36760408,-1,-1,-1,-1,-1,-1,-1,-1
SAMPLE,p06-baseline,append,5,publicCompactDiff,28433288,35803416,-1,-1,-1,-1,-1,-1,-1,-1
SAMPLE,p06-baseline,append,5,publicMaterializedDiff,29071338,35614856,-1,-1,-1,-1,-1,-1,-1,-1
SAMPLE,p06-baseline,append,5,replayRead,29064864,35398272,-1,-1,-1,-1,-1,-1,-1,-1
SAMPLE,p06-baseline,append,5,unchangedPublicDiff,241798,16832,-1,-1,-1,-1,-1,-1,-1,-1
SAMPLE,p06-baseline,append,5,revisionCopy,85122230,49115944,-1,-1,-1,-1,-1,-1,-1,-1
SAMPLE,p06-baseline,append,6,bulkAppendCommit,45849408,36760424,-1,-1,-1,-1,-1,-1,-1,-1
SAMPLE,p06-baseline,append,6,publicCompactDiff,30858707,35803312,-1,-1,-1,-1,-1,-1,-1,-1
SAMPLE,p06-baseline,append,6,publicMaterializedDiff,32882172,35614856,-1,-1,-1,-1,-1,-1,-1,-1
SAMPLE,p06-baseline,append,6,replayRead,30094797,35398272,-1,-1,-1,-1,-1,-1,-1,-1
SAMPLE,p06-baseline,append,6,unchangedPublicDiff,250583,16832,-1,-1,-1,-1,-1,-1,-1,-1
SAMPLE,p06-baseline,append,6,revisionCopy,85707379,48984760,-1,-1,-1,-1,-1,-1,-1,-1
SAMPLE,p06-baseline,append,7,bulkAppendCommit,46130951,36760416,-1,-1,-1,-1,-1,-1,-1,-1
SAMPLE,p06-baseline,append,7,publicCompactDiff,28700269,35803352,-1,-1,-1,-1,-1,-1,-1,-1
SAMPLE,p06-baseline,append,7,publicMaterializedDiff,27854857,35614792,-1,-1,-1,-1,-1,-1,-1,-1
SAMPLE,p06-baseline,append,7,replayRead,32303146,35398176,-1,-1,-1,-1,-1,-1,-1,-1
SAMPLE,p06-baseline,append,7,unchangedPublicDiff,306947,16768,-1,-1,-1,-1,-1,-1,-1,-1
SAMPLE,p06-baseline,append,7,revisionCopy,86439466,48983800,-1,-1,-1,-1,-1,-1,-1,-1
SAMPLE,p06-baseline,append,8,bulkAppendCommit,52290021,36760040,-1,-1,-1,-1,-1,-1,-1,-1
SAMPLE,p06-baseline,append,8,publicCompactDiff,29373785,35803312,-1,-1,-1,-1,-1,-1,-1,-1
SAMPLE,p06-baseline,append,8,publicMaterializedDiff,28840328,35614856,-1,-1,-1,-1,-1,-1,-1,-1
SAMPLE,p06-baseline,append,8,replayRead,28938523,35398272,-1,-1,-1,-1,-1,-1,-1,-1
SAMPLE,p06-baseline,append,8,unchangedPublicDiff,331002,16832,-1,-1,-1,-1,-1,-1,-1,-1
SAMPLE,p06-baseline,append,8,revisionCopy,84111975,48984688,-1,-1,-1,-1,-1,-1,-1,-1
SAMPLE,p06-baseline,append,9,bulkAppendCommit,45508119,36760344,-1,-1,-1,-1,-1,-1,-1,-1
SAMPLE,p06-baseline,append,9,publicCompactDiff,32224636,35803352,-1,-1,-1,-1,-1,-1,-1,-1
SAMPLE,p06-baseline,append,9,publicMaterializedDiff,34552840,35614792,-1,-1,-1,-1,-1,-1,-1,-1
SAMPLE,p06-baseline,append,9,replayRead,28782019,35398176,-1,-1,-1,-1,-1,-1,-1,-1
SAMPLE,p06-baseline,append,9,unchangedPublicDiff,261661,16768,-1,-1,-1,-1,-1,-1,-1,-1
SAMPLE,p06-baseline,append,9,revisionCopy,102326155,48983320,-1,-1,-1,-1,-1,-1,-1,-1
SAMPLE,p06-baseline,append,10,bulkAppendCommit,45435711,36760200,-1,-1,-1,-1,-1,-1,-1,-1
SAMPLE,p06-baseline,append,10,publicCompactDiff,29787183,35803312,-1,-1,-1,-1,-1,-1,-1,-1
SAMPLE,p06-baseline,append,10,publicMaterializedDiff,31266193,35614856,-1,-1,-1,-1,-1,-1,-1,-1
SAMPLE,p06-baseline,append,10,replayRead,30954048,35398272,-1,-1,-1,-1,-1,-1,-1,-1
SAMPLE,p06-baseline,append,10,unchangedPublicDiff,340670,16832,-1,-1,-1,-1,-1,-1,-1,-1
SAMPLE,p06-baseline,append,10,revisionCopy,89939018,48977720,-1,-1,-1,-1,-1,-1,-1,-1
SAMPLE,p06-baseline,append,11,bulkAppendCommit,46983933,36756056,-1,-1,-1,-1,-1,-1,-1,-1
SAMPLE,p06-baseline,append,11,publicCompactDiff,28783619,35803352,-1,-1,-1,-1,-1,-1,-1,-1
SAMPLE,p06-baseline,append,11,publicMaterializedDiff,32593793,35614792,-1,-1,-1,-1,-1,-1,-1,-1
SAMPLE,p06-baseline,append,11,replayRead,31830932,35398176,-1,-1,-1,-1,-1,-1,-1,-1
SAMPLE,p06-baseline,append,11,unchangedPublicDiff,255317,16768,-1,-1,-1,-1,-1,-1,-1,-1
SAMPLE,p06-baseline,append,11,revisionCopy,108088724,48976872,-1,-1,-1,-1,-1,-1,-1,-1
SAMPLE,p06-baseline,append,12,bulkAppendCommit,44420925,36755880,-1,-1,-1,-1,-1,-1,-1,-1
SAMPLE,p06-baseline,append,12,publicCompactDiff,28709605,35803312,-1,-1,-1,-1,-1,-1,-1,-1
SAMPLE,p06-baseline,append,12,publicMaterializedDiff,27923336,35614856,-1,-1,-1,-1,-1,-1,-1,-1
SAMPLE,p06-baseline,append,12,replayRead,28518277,35398272,-1,-1,-1,-1,-1,-1,-1,-1
SAMPLE,p06-baseline,append,12,unchangedPublicDiff,234896,16832,-1,-1,-1,-1,-1,-1,-1,-1
SAMPLE,p06-baseline,append,12,revisionCopy,98449910,48977016,-1,-1,-1,-1,-1,-1,-1,-1
SAMPLE,p06-baseline,append,13,bulkAppendCommit,55277389,36756312,-1,-1,-1,-1,-1,-1,-1,-1
SAMPLE,p06-baseline,append,13,publicCompactDiff,35572202,35803352,-1,-1,-1,-1,-1,-1,-1,-1
SAMPLE,p06-baseline,append,13,publicMaterializedDiff,32452382,35614792,-1,-1,-1,-1,-1,-1,-1,-1
SAMPLE,p06-baseline,append,13,replayRead,32424341,35398176,-1,-1,-1,-1,-1,-1,-1,-1
SAMPLE,p06-baseline,append,13,unchangedPublicDiff,258943,16768,-1,-1,-1,-1,-1,-1,-1,-1
SAMPLE,p06-baseline,append,13,revisionCopy,95621487,48977896,-1,-1,-1,-1,-1,-1,-1,-1
SAMPLE,p06-baseline,append,14,bulkAppendCommit,57281690,36755944,-1,-1,-1,-1,-1,-1,-1,-1
SAMPLE,p06-baseline,append,14,publicCompactDiff,31393139,35803312,-1,-1,-1,-1,-1,-1,-1,-1
SAMPLE,p06-baseline,append,14,publicMaterializedDiff,34150456,35614856,-1,-1,-1,-1,-1,-1,-1,-1
SAMPLE,p06-baseline,append,14,replayRead,31474678,35398272,-1,-1,-1,-1,-1,-1,-1,-1
SAMPLE,p06-baseline,append,14,unchangedPublicDiff,238265,16832,-1,-1,-1,-1,-1,-1,-1,-1
SAMPLE,p06-baseline,append,14,revisionCopy,84868901,48978192,-1,-1,-1,-1,-1,-1,-1,-1
SAMPLE,p06-baseline,append,15,bulkAppendCommit,47611877,36755864,-1,-1,-1,-1,-1,-1,-1,-1
SAMPLE,p06-baseline,append,15,publicCompactDiff,33482340,35803416,-1,-1,-1,-1,-1,-1,-1,-1
SAMPLE,p06-baseline,append,15,publicMaterializedDiff,32137337,35614792,-1,-1,-1,-1,-1,-1,-1,-1
SAMPLE,p06-baseline,append,15,replayRead,29602401,35398176,-1,-1,-1,-1,-1,-1,-1,-1
SAMPLE,p06-baseline,append,15,unchangedPublicDiff,287061,17120,-1,-1,-1,-1,-1,-1,-1,-1
SAMPLE,p06-baseline,append,15,revisionCopy,103620686,48976464,-1,-1,-1,-1,-1,-1,-1,-1
SAMPLE,p06-baseline,append,16,bulkAppendCommit,47943545,36755944,-1,-1,-1,-1,-1,-1,-1,-1
SAMPLE,p06-baseline,append,16,publicCompactDiff,50332073,35803312,-1,-1,-1,-1,-1,-1,-1,-1
SAMPLE,p06-baseline,append,16,publicMaterializedDiff,35000483,35614856,-1,-1,-1,-1,-1,-1,-1,-1
SAMPLE,p06-baseline,append,16,replayRead,28104426,35398272,-1,-1,-1,-1,-1,-1,-1,-1
SAMPLE,p06-baseline,append,16,unchangedPublicDiff,246469,16832,-1,-1,-1,-1,-1,-1,-1,-1
SAMPLE,p06-baseline,append,16,revisionCopy,115204600,48977632,-1,-1,-1,-1,-1,-1,-1,-1
END,p06-baseline,sink=556119
# [StorageProfile] dump called: enabled=false byKind.size=0
