ADMITTED,2026-10-05T22:37:11Z
WARNING: Using incubator modules: jdk.incubator.vector
RUN,p07-candidate,pid=2852374,java=25.0.3,identity=true,warmups=24,samples=17
JVM,p07-candidate,maxHeap=3221225472,arguments=[-XX:ThreadPriorityPolicy=1, -XX:+UnlockExperimentalVMOptions, -XX:+EnableJVMCIProduct, -XX:+EnableJVMCI, -XX:-UnlockExperimentalVMOptions, -ea, -Xms512m, -Xmx3g, --add-opens=java.base/sun.nio.ch=ALL-UNNAMED, --add-opens=java.base/java.nio=ALL-UNNAMED, --add-modules=jdk.incubator.vector, --enable-native-access=ALL-UNNAMED, -XX:+EnableDynamicAgentLoading, -XX:+UnlockDiagnosticVMOptions, -XX:+DebugNonSafepoints, --add-modules=jdk.incubator.vector, -Dfile.encoding=UTF-8, -Djava.io.tmpdir=/home/johannes/.treehouse/sirix-cdde48/20/sirix/build/replay/tmp, -Dlogback.configurationFile=/home/johannes/.treehouse/sirix-cdde48/20/sirix/build/replay/latency/quiet.xml, -Dsirix.replay.workDiag=false, -Dsirix.hot.mergeDiag=false, -Dsirix.replay.bench.scenarios=append]
COLUMNS,label,scenario,iteration,metric,nanos,threadAllocatedBytes,recordVisits,createdIdentities,stagedRecords,ancestorSteps,sidecarReads,fallbackPages,pathSteps,bookkeepingOperations
WARNING: A terminally deprecated method in sun.misc.Unsafe has been called
WARNING: sun.misc.Unsafe::arrayBaseOffset has been called by net.openhft.hashing.UnsafeAccess (file:/home/johannes/.gradle/caches/modules-2/files-2.1/net.openhft/zero-allocation-hashing/2026.0/2447494f7842ca377b4ccdba2089a8da5c1d1b50/zero-allocation-hashing-2026.0.jar)
WARNING: Please consider reporting this to the maintainers of class net.openhft.hashing.UnsafeAccess
WARNING: sun.misc.Unsafe::arrayBaseOffset will be removed in a future release
SAMPLE,p07-candidate,append,0,bulkAppendCommit,55015208,39445400,-1,-1,-1,-1,-1,-1,-1,-1
SAMPLE,p07-candidate,append,0,publicCompactDiff,30720067,37279376,-1,-1,-1,-1,-1,-1,-1,-1
SAMPLE,p07-candidate,append,0,publicMaterializedDiff,30550863,37090600,-1,-1,-1,-1,-1,-1,-1,-1
SAMPLE,p07-candidate,append,0,replayRead,2846135,2273064,-1,-1,-1,-1,-1,-1,-1,-1
SAMPLE,p07-candidate,append,0,unchangedPublicDiff,279937,16944,-1,-1,-1,-1,-1,-1,-1,-1
SAMPLE,p07-candidate,append,0,revisionCopy,36379995,14621736,-1,-1,-1,-1,-1,-1,-1,-1
SAMPLE,p07-candidate,append,1,bulkAppendCommit,84369927,39445992,-1,-1,-1,-1,-1,-1,-1,-1
SAMPLE,p07-candidate,append,1,publicCompactDiff,55118131,37279512,-1,-1,-1,-1,-1,-1,-1,-1
SAMPLE,p07-candidate,append,1,publicMaterializedDiff,53567988,37090664,-1,-1,-1,-1,-1,-1,-1,-1
SAMPLE,p07-candidate,append,1,replayRead,6151145,2273096,-1,-1,-1,-1,-1,-1,-1,-1
SAMPLE,p07-candidate,append,1,unchangedPublicDiff,494974,16944,-1,-1,-1,-1,-1,-1,-1,-1
SAMPLE,p07-candidate,append,1,revisionCopy,54365465,14688904,-1,-1,-1,-1,-1,-1,-1,-1
SAMPLE,p07-candidate,append,2,bulkAppendCommit,84033798,39445416,-1,-1,-1,-1,-1,-1,-1,-1
SAMPLE,p07-candidate,append,2,publicCompactDiff,54313884,37279344,-1,-1,-1,-1,-1,-1,-1,-1
SAMPLE,p07-candidate,append,2,publicMaterializedDiff,51033562,37090600,-1,-1,-1,-1,-1,-1,-1,-1
SAMPLE,p07-candidate,append,2,replayRead,5627103,2273064,-1,-1,-1,-1,-1,-1,-1,-1
SAMPLE,p07-candidate,append,2,unchangedPublicDiff,413115,16944,-1,-1,-1,-1,-1,-1,-1,-1
SAMPLE,p07-candidate,append,2,revisionCopy,55767658,14621912,-1,-1,-1,-1,-1,-1,-1,-1
SAMPLE,p07-candidate,append,3,bulkAppendCommit,87148976,39445640,-1,-1,-1,-1,-1,-1,-1,-1
SAMPLE,p07-candidate,append,3,publicCompactDiff,57091261,37279576,-1,-1,-1,-1,-1,-1,-1,-1
SAMPLE,p07-candidate,append,3,publicMaterializedDiff,52231963,37090664,-1,-1,-1,-1,-1,-1,-1,-1
SAMPLE,p07-candidate,append,3,replayRead,6444655,2273096,-1,-1,-1,-1,-1,-1,-1,-1
SAMPLE,p07-candidate,append,3,unchangedPublicDiff,530656,19544,-1,-1,-1,-1,-1,-1,-1,-1
SAMPLE,p07-candidate,append,3,revisionCopy,60106863,14593192,-1,-1,-1,-1,-1,-1,-1,-1
SAMPLE,p07-candidate,append,4,bulkAppendCommit,67236538,39440008,-1,-1,-1,-1,-1,-1,-1,-1
SAMPLE,p07-candidate,append,4,publicCompactDiff,49437841,37279408,-1,-1,-1,-1,-1,-1,-1,-1
SAMPLE,p07-candidate,append,4,publicMaterializedDiff,53037051,37090600,-1,-1,-1,-1,-1,-1,-1,-1
SAMPLE,p07-candidate,append,4,replayRead,5740652,2273064,-1,-1,-1,-1,-1,-1,-1,-1
SAMPLE,p07-candidate,append,4,unchangedPublicDiff,396227,16944,-1,-1,-1,-1,-1,-1,-1,-1
SAMPLE,p07-candidate,append,4,revisionCopy,39520435,14653352,-1,-1,-1,-1,-1,-1,-1,-1
SAMPLE,p07-candidate,append,5,bulkAppendCommit,52888866,39440312,-1,-1,-1,-1,-1,-1,-1,-1
SAMPLE,p07-candidate,append,5,publicCompactDiff,35026377,37279480,-1,-1,-1,-1,-1,-1,-1,-1
SAMPLE,p07-candidate,append,5,publicMaterializedDiff,32377230,37090664,-1,-1,-1,-1,-1,-1,-1,-1
SAMPLE,p07-candidate,append,5,replayRead,3270176,2273096,-1,-1,-1,-1,-1,-1,-1,-1
SAMPLE,p07-candidate,append,5,unchangedPublicDiff,276911,16944,-1,-1,-1,-1,-1,-1,-1,-1
SAMPLE,p07-candidate,append,5,revisionCopy,36158656,14655048,-1,-1,-1,-1,-1,-1,-1,-1
SAMPLE,p07-candidate,append,6,bulkAppendCommit,49371842,39440016,-1,-1,-1,-1,-1,-1,-1,-1
SAMPLE,p07-candidate,append,6,publicCompactDiff,35101577,37279312,-1,-1,-1,-1,-1,-1,-1,-1
SAMPLE,p07-candidate,append,6,publicMaterializedDiff,30067563,37090600,-1,-1,-1,-1,-1,-1,-1,-1
SAMPLE,p07-candidate,append,6,replayRead,3440755,2273064,-1,-1,-1,-1,-1,-1,-1,-1
SAMPLE,p07-candidate,append,6,unchangedPublicDiff,266417,16944,-1,-1,-1,-1,-1,-1,-1,-1
SAMPLE,p07-candidate,append,6,revisionCopy,34561064,14614352,-1,-1,-1,-1,-1,-1,-1,-1
SAMPLE,p07-candidate,append,7,bulkAppendCommit,50072243,39440104,-1,-1,-1,-1,-1,-1,-1,-1
SAMPLE,p07-candidate,append,7,publicCompactDiff,41608896,37279480,-1,-1,-1,-1,-1,-1,-1,-1
SAMPLE,p07-candidate,append,7,publicMaterializedDiff,52567553,37090664,-1,-1,-1,-1,-1,-1,-1,-1
SAMPLE,p07-candidate,append,7,replayRead,5865669,2273096,-1,-1,-1,-1,-1,-1,-1,-1
SAMPLE,p07-candidate,append,7,unchangedPublicDiff,398740,16944,-1,-1,-1,-1,-1,-1,-1,-1
SAMPLE,p07-candidate,append,7,revisionCopy,34786280,14614248,-1,-1,-1,-1,-1,-1,-1,-1
SAMPLE,p07-candidate,append,8,bulkAppendCommit,53498306,39439904,-1,-1,-1,-1,-1,-1,-1,-1
SAMPLE,p07-candidate,append,8,publicCompactDiff,34493537,37279376,-1,-1,-1,-1,-1,-1,-1,-1
SAMPLE,p07-candidate,append,8,publicMaterializedDiff,36377721,37090600,-1,-1,-1,-1,-1,-1,-1,-1
SAMPLE,p07-candidate,append,8,replayRead,3445042,2273064,-1,-1,-1,-1,-1,-1,-1,-1
SAMPLE,p07-candidate,append,8,unchangedPublicDiff,280223,16944,-1,-1,-1,-1,-1,-1,-1,-1
SAMPLE,p07-candidate,append,8,revisionCopy,40495016,14679048,-1,-1,-1,-1,-1,-1,-1,-1
SAMPLE,p07-candidate,append,9,bulkAppendCommit,78118694,39435992,-1,-1,-1,-1,-1,-1,-1,-1
SAMPLE,p07-candidate,append,9,publicCompactDiff,32063000,37279480,-1,-1,-1,-1,-1,-1,-1,-1
SAMPLE,p07-candidate,append,9,publicMaterializedDiff,30898091,37090568,-1,-1,-1,-1,-1,-1,-1,-1
SAMPLE,p07-candidate,append,9,replayRead,2928396,2273048,-1,-1,-1,-1,-1,-1,-1,-1
SAMPLE,p07-candidate,append,9,unchangedPublicDiff,234918,16872,-1,-1,-1,-1,-1,-1,-1,-1
SAMPLE,p07-candidate,append,9,revisionCopy,33055666,14669696,-1,-1,-1,-1,-1,-1,-1,-1
SAMPLE,p07-candidate,append,10,bulkAppendCommit,49660448,39335248,-1,-1,-1,-1,-1,-1,-1,-1
SAMPLE,p07-candidate,append,10,publicCompactDiff,33436086,37278928,-1,-1,-1,-1,-1,-1,-1,-1
SAMPLE,p07-candidate,append,10,publicMaterializedDiff,32726788,37090504,-1,-1,-1,-1,-1,-1,-1,-1
SAMPLE,p07-candidate,append,10,replayRead,3519555,2273016,-1,-1,-1,-1,-1,-1,-1,-1
SAMPLE,p07-candidate,append,10,unchangedPublicDiff,263791,16872,-1,-1,-1,-1,-1,-1,-1,-1
SAMPLE,p07-candidate,append,10,revisionCopy,34321273,14602552,-1,-1,-1,-1,-1,-1,-1,-1
SAMPLE,p07-candidate,append,11,bulkAppendCommit,52768703,39335832,-1,-1,-1,-1,-1,-1,-1,-1
SAMPLE,p07-candidate,append,11,publicCompactDiff,31958684,37279256,-1,-1,-1,-1,-1,-1,-1,-1
SAMPLE,p07-candidate,append,11,publicMaterializedDiff,29923887,37090568,-1,-1,-1,-1,-1,-1,-1,-1
SAMPLE,p07-candidate,append,11,replayRead,3182346,2273048,-1,-1,-1,-1,-1,-1,-1,-1
SAMPLE,p07-candidate,append,11,unchangedPublicDiff,291452,16872,-1,-1,-1,-1,-1,-1,-1,-1
SAMPLE,p07-candidate,append,11,revisionCopy,29928768,14627968,-1,-1,-1,-1,-1,-1,-1,-1
SAMPLE,p07-candidate,append,12,bulkAppendCommit,48360360,39335584,-1,-1,-1,-1,-1,-1,-1,-1
SAMPLE,p07-candidate,append,12,publicCompactDiff,31748973,37278960,-1,-1,-1,-1,-1,-1,-1,-1
SAMPLE,p07-candidate,append,12,publicMaterializedDiff,30130027,37090504,-1,-1,-1,-1,-1,-1,-1,-1
SAMPLE,p07-candidate,append,12,replayRead,3598225,2273016,-1,-1,-1,-1,-1,-1,-1,-1
SAMPLE,p07-candidate,append,12,unchangedPublicDiff,374890,16872,-1,-1,-1,-1,-1,-1,-1,-1
SAMPLE,p07-candidate,append,12,revisionCopy,29892127,14603296,-1,-1,-1,-1,-1,-1,-1,-1
SAMPLE,p07-candidate,append,13,bulkAppendCommit,82875393,39335712,-1,-1,-1,-1,-1,-1,-1,-1
SAMPLE,p07-candidate,append,13,publicCompactDiff,35189086,37279128,-1,-1,-1,-1,-1,-1,-1,-1
SAMPLE,p07-candidate,append,13,publicMaterializedDiff,30176244,37090568,-1,-1,-1,-1,-1,-1,-1,-1
SAMPLE,p07-candidate,append,13,replayRead,3652240,2273048,-1,-1,-1,-1,-1,-1,-1,-1
SAMPLE,p07-candidate,append,13,unchangedPublicDiff,227197,16872,-1,-1,-1,-1,-1,-1,-1,-1
SAMPLE,p07-candidate,append,13,revisionCopy,35797852,14602712,-1,-1,-1,-1,-1,-1,-1,-1
SAMPLE,p07-candidate,append,14,bulkAppendCommit,53150072,39335456,-1,-1,-1,-1,-1,-1,-1,-1
SAMPLE,p07-candidate,append,14,publicCompactDiff,41699114,37278992,-1,-1,-1,-1,-1,-1,-1,-1
SAMPLE,p07-candidate,append,14,publicMaterializedDiff,33786747,37090504,-1,-1,-1,-1,-1,-1,-1,-1
SAMPLE,p07-candidate,append,14,replayRead,3578063,2273016,-1,-1,-1,-1,-1,-1,-1,-1
SAMPLE,p07-candidate,append,14,unchangedPublicDiff,268005,16872,-1,-1,-1,-1,-1,-1,-1,-1
SAMPLE,p07-candidate,append,14,revisionCopy,41473832,14678344,-1,-1,-1,-1,-1,-1,-1,-1
SAMPLE,p07-candidate,append,15,bulkAppendCommit,49444878,39335552,-1,-1,-1,-1,-1,-1,-1,-1
SAMPLE,p07-candidate,append,15,publicCompactDiff,46740607,37279096,-1,-1,-1,-1,-1,-1,-1,-1
SAMPLE,p07-candidate,append,15,publicMaterializedDiff,31375612,37090568,-1,-1,-1,-1,-1,-1,-1,-1
SAMPLE,p07-candidate,append,15,replayRead,3447647,2273048,-1,-1,-1,-1,-1,-1,-1,-1
SAMPLE,p07-candidate,append,15,unchangedPublicDiff,297333,16872,-1,-1,-1,-1,-1,-1,-1,-1
SAMPLE,p07-candidate,append,15,revisionCopy,31679544,14603680,-1,-1,-1,-1,-1,-1,-1,-1
SAMPLE,p07-candidate,append,16,bulkAppendCommit,46793429,39335560,-1,-1,-1,-1,-1,-1,-1,-1
SAMPLE,p07-candidate,append,16,publicCompactDiff,32279335,37279120,-1,-1,-1,-1,-1,-1,-1,-1
SAMPLE,p07-candidate,append,16,publicMaterializedDiff,30034674,37090568,-1,-1,-1,-1,-1,-1,-1,-1
SAMPLE,p07-candidate,append,16,replayRead,3346501,2273048,-1,-1,-1,-1,-1,-1,-1,-1
SAMPLE,p07-candidate,append,16,unchangedPublicDiff,212184,16872,-1,-1,-1,-1,-1,-1,-1,-1
SAMPLE,p07-candidate,append,16,revisionCopy,34122098,14602048,-1,-1,-1,-1,-1,-1,-1,-1
END,p07-candidate,sink=1546229031
# [StorageProfile] dump called: enabled=false byKind.size=0
