ADMITTED,2026-10-05T22:37:27Z
WARNING: Using incubator modules: jdk.incubator.vector
RUN,p07-baseline,pid=2873539,java=25.0.3,identity=false,warmups=24,samples=17
JVM,p07-baseline,maxHeap=3221225472,arguments=[-XX:ThreadPriorityPolicy=1, -XX:+UnlockExperimentalVMOptions, -XX:+EnableJVMCIProduct, -XX:+EnableJVMCI, -XX:-UnlockExperimentalVMOptions, -ea, -Xms512m, -Xmx3g, --add-opens=java.base/sun.nio.ch=ALL-UNNAMED, --add-opens=java.base/java.nio=ALL-UNNAMED, --add-modules=jdk.incubator.vector, --enable-native-access=ALL-UNNAMED, -XX:+EnableDynamicAgentLoading, -XX:+UnlockDiagnosticVMOptions, -XX:+DebugNonSafepoints, --add-modules=jdk.incubator.vector, -Dfile.encoding=UTF-8, -Djava.io.tmpdir=/home/johannes/.treehouse/sirix-cdde48/20/sirix/build/replay/tmp, -Dlogback.configurationFile=/home/johannes/.treehouse/sirix-cdde48/20/sirix/build/replay/latency/quiet.xml, -Dsirix.replay.workDiag=false, -Dsirix.hot.mergeDiag=false, -Dsirix.replay.bench.scenarios=append]
COLUMNS,label,scenario,iteration,metric,nanos,threadAllocatedBytes,recordVisits,createdIdentities,stagedRecords,ancestorSteps,sidecarReads,fallbackPages,pathSteps,bookkeepingOperations
WARNING: A terminally deprecated method in sun.misc.Unsafe has been called
WARNING: sun.misc.Unsafe::arrayBaseOffset has been called by net.openhft.hashing.UnsafeAccess (file:/home/johannes/.gradle/caches/modules-2/files-2.1/net.openhft/zero-allocation-hashing/2026.0/2447494f7842ca377b4ccdba2089a8da5c1d1b50/zero-allocation-hashing-2026.0.jar)
WARNING: Please consider reporting this to the maintainers of class net.openhft.hashing.UnsafeAccess
WARNING: sun.misc.Unsafe::arrayBaseOffset will be removed in a future release
SAMPLE,p07-baseline,append,0,bulkAppendCommit,78713612,36762232,-1,-1,-1,-1,-1,-1,-1,-1
SAMPLE,p07-baseline,append,0,publicCompactDiff,53430500,35779168,-1,-1,-1,-1,-1,-1,-1,-1
SAMPLE,p07-baseline,append,0,publicMaterializedDiff,55704298,35590424,-1,-1,-1,-1,-1,-1,-1,-1
SAMPLE,p07-baseline,append,0,replayRead,28357409,35373728,-1,-1,-1,-1,-1,-1,-1,-1
SAMPLE,p07-baseline,append,0,unchangedPublicDiff,257222,16904,-1,-1,-1,-1,-1,-1,-1,-1
SAMPLE,p07-baseline,append,0,revisionCopy,89645628,49119224,-1,-1,-1,-1,-1,-1,-1,-1
SAMPLE,p07-baseline,append,1,bulkAppendCommit,44001096,36762192,-1,-1,-1,-1,-1,-1,-1,-1
SAMPLE,p07-baseline,append,1,publicCompactDiff,32968997,35779208,-1,-1,-1,-1,-1,-1,-1,-1
SAMPLE,p07-baseline,append,1,publicMaterializedDiff,31215978,35590360,-1,-1,-1,-1,-1,-1,-1,-1
SAMPLE,p07-baseline,append,1,replayRead,32010480,35373632,-1,-1,-1,-1,-1,-1,-1,-1
SAMPLE,p07-baseline,append,1,unchangedPublicDiff,347729,16840,-1,-1,-1,-1,-1,-1,-1,-1
SAMPLE,p07-baseline,append,1,revisionCopy,104265550,49119040,-1,-1,-1,-1,-1,-1,-1,-1
SAMPLE,p07-baseline,append,2,bulkAppendCommit,62017443,36762472,-1,-1,-1,-1,-1,-1,-1,-1
SAMPLE,p07-baseline,append,2,publicCompactDiff,53829501,35779168,-1,-1,-1,-1,-1,-1,-1,-1
SAMPLE,p07-baseline,append,2,publicMaterializedDiff,52077844,35590424,-1,-1,-1,-1,-1,-1,-1,-1
SAMPLE,p07-baseline,append,2,replayRead,52321973,35373728,-1,-1,-1,-1,-1,-1,-1,-1
SAMPLE,p07-baseline,append,2,unchangedPublicDiff,408685,16904,-1,-1,-1,-1,-1,-1,-1,-1
SAMPLE,p07-baseline,append,2,revisionCopy,174403807,49119928,-1,-1,-1,-1,-1,-1,-1,-1
SAMPLE,p07-baseline,append,3,bulkAppendCommit,68324148,36762112,-1,-1,-1,-1,-1,-1,-1,-1
SAMPLE,p07-baseline,append,3,publicCompactDiff,34807314,35779208,-1,-1,-1,-1,-1,-1,-1,-1
SAMPLE,p07-baseline,append,3,publicMaterializedDiff,37591163,35590360,-1,-1,-1,-1,-1,-1,-1,-1
SAMPLE,p07-baseline,append,3,replayRead,43972428,35373792,-1,-1,-1,-1,-1,-1,-1,-1
SAMPLE,p07-baseline,append,3,unchangedPublicDiff,460069,16840,-1,-1,-1,-1,-1,-1,-1,-1
SAMPLE,p07-baseline,append,3,revisionCopy,105030379,49119320,-1,-1,-1,-1,-1,-1,-1,-1
SAMPLE,p07-baseline,append,4,bulkAppendCommit,48731303,36761936,-1,-1,-1,-1,-1,-1,-1,-1
SAMPLE,p07-baseline,append,4,publicCompactDiff,34118207,35779168,-1,-1,-1,-1,-1,-1,-1,-1
SAMPLE,p07-baseline,append,4,publicMaterializedDiff,29871573,35590328,-1,-1,-1,-1,-1,-1,-1,-1
SAMPLE,p07-baseline,append,4,replayRead,30203678,35373744,-1,-1,-1,-1,-1,-1,-1,-1
SAMPLE,p07-baseline,append,4,unchangedPublicDiff,311138,17160,-1,-1,-1,-1,-1,-1,-1,-1
SAMPLE,p07-baseline,append,4,revisionCopy,119644267,49115024,-1,-1,-1,-1,-1,-1,-1,-1
SAMPLE,p07-baseline,append,5,bulkAppendCommit,45907589,36760152,-1,-1,-1,-1,-1,-1,-1,-1
SAMPLE,p07-baseline,append,5,publicCompactDiff,29966694,35778824,-1,-1,-1,-1,-1,-1,-1,-1
SAMPLE,p07-baseline,append,5,publicMaterializedDiff,32339418,35590264,-1,-1,-1,-1,-1,-1,-1,-1
SAMPLE,p07-baseline,append,5,replayRead,32521121,35373648,-1,-1,-1,-1,-1,-1,-1,-1
SAMPLE,p07-baseline,append,5,unchangedPublicDiff,251805,16768,-1,-1,-1,-1,-1,-1,-1,-1
SAMPLE,p07-baseline,append,5,revisionCopy,89205777,49114896,-1,-1,-1,-1,-1,-1,-1,-1
SAMPLE,p07-baseline,append,6,bulkAppendCommit,74327313,36759472,-1,-1,-1,-1,-1,-1,-1,-1
SAMPLE,p07-baseline,append,6,publicCompactDiff,30314363,35778784,-1,-1,-1,-1,-1,-1,-1,-1
SAMPLE,p07-baseline,append,6,publicMaterializedDiff,31914431,35590328,-1,-1,-1,-1,-1,-1,-1,-1
SAMPLE,p07-baseline,append,6,replayRead,32277016,35373744,-1,-1,-1,-1,-1,-1,-1,-1
SAMPLE,p07-baseline,append,6,unchangedPublicDiff,257518,16832,-1,-1,-1,-1,-1,-1,-1,-1
SAMPLE,p07-baseline,append,6,revisionCopy,96897976,48976544,-1,-1,-1,-1,-1,-1,-1,-1
SAMPLE,p07-baseline,append,7,bulkAppendCommit,56973885,36755864,-1,-1,-1,-1,-1,-1,-1,-1
SAMPLE,p07-baseline,append,7,publicCompactDiff,32651189,35778824,-1,-1,-1,-1,-1,-1,-1,-1
SAMPLE,p07-baseline,append,7,publicMaterializedDiff,33837540,35590264,-1,-1,-1,-1,-1,-1,-1,-1
SAMPLE,p07-baseline,append,7,replayRead,31509053,35373648,-1,-1,-1,-1,-1,-1,-1,-1
SAMPLE,p07-baseline,append,7,unchangedPublicDiff,236853,16768,-1,-1,-1,-1,-1,-1,-1,-1
SAMPLE,p07-baseline,append,7,revisionCopy,100970611,48977752,-1,-1,-1,-1,-1,-1,-1,-1
SAMPLE,p07-baseline,append,8,bulkAppendCommit,46918743,36755960,-1,-1,-1,-1,-1,-1,-1,-1
SAMPLE,p07-baseline,append,8,publicCompactDiff,31370519,35778816,-1,-1,-1,-1,-1,-1,-1,-1
SAMPLE,p07-baseline,append,8,publicMaterializedDiff,31521374,35590328,-1,-1,-1,-1,-1,-1,-1,-1
SAMPLE,p07-baseline,append,8,replayRead,40480647,35373744,-1,-1,-1,-1,-1,-1,-1,-1
SAMPLE,p07-baseline,append,8,unchangedPublicDiff,398539,16832,-1,-1,-1,-1,-1,-1,-1,-1
SAMPLE,p07-baseline,append,8,revisionCopy,94934529,48978152,-1,-1,-1,-1,-1,-1,-1,-1
SAMPLE,p07-baseline,append,9,bulkAppendCommit,51507365,36757416,-1,-1,-1,-1,-1,-1,-1,-1
SAMPLE,p07-baseline,append,9,publicCompactDiff,34828184,35778984,-1,-1,-1,-1,-1,-1,-1,-1
SAMPLE,p07-baseline,append,9,publicMaterializedDiff,28564804,35590392,-1,-1,-1,-1,-1,-1,-1,-1
SAMPLE,p07-baseline,append,9,replayRead,31495336,35373840,-1,-1,-1,-1,-1,-1,-1,-1
SAMPLE,p07-baseline,append,9,unchangedPublicDiff,258784,16832,-1,-1,-1,-1,-1,-1,-1,-1
SAMPLE,p07-baseline,append,9,revisionCopy,86913715,48977632,-1,-1,-1,-1,-1,-1,-1,-1
SAMPLE,p07-baseline,append,10,bulkAppendCommit,67505394,36755944,-1,-1,-1,-1,-1,-1,-1,-1
SAMPLE,p07-baseline,append,10,publicCompactDiff,35030908,35778784,-1,-1,-1,-1,-1,-1,-1,-1
SAMPLE,p07-baseline,append,10,publicMaterializedDiff,28669279,35590328,-1,-1,-1,-1,-1,-1,-1,-1
SAMPLE,p07-baseline,append,10,replayRead,31286213,35373744,-1,-1,-1,-1,-1,-1,-1,-1
SAMPLE,p07-baseline,append,10,unchangedPublicDiff,307457,16832,-1,-1,-1,-1,-1,-1,-1,-1
SAMPLE,p07-baseline,append,10,revisionCopy,91651303,48977008,-1,-1,-1,-1,-1,-1,-1,-1
SAMPLE,p07-baseline,append,11,bulkAppendCommit,65138037,36755944,-1,-1,-1,-1,-1,-1,-1,-1
SAMPLE,p07-baseline,append,11,publicCompactDiff,52784475,35778856,-1,-1,-1,-1,-1,-1,-1,-1
SAMPLE,p07-baseline,append,11,publicMaterializedDiff,50297879,35590264,-1,-1,-1,-1,-1,-1,-1,-1
SAMPLE,p07-baseline,append,11,replayRead,44884019,35373648,-1,-1,-1,-1,-1,-1,-1,-1
SAMPLE,p07-baseline,append,11,unchangedPublicDiff,283608,16768,-1,-1,-1,-1,-1,-1,-1,-1
SAMPLE,p07-baseline,append,11,revisionCopy,93701841,48976872,-1,-1,-1,-1,-1,-1,-1,-1
SAMPLE,p07-baseline,append,12,bulkAppendCommit,58253541,36756016,-1,-1,-1,-1,-1,-1,-1,-1
SAMPLE,p07-baseline,append,12,publicCompactDiff,30335946,35778784,-1,-1,-1,-1,-1,-1,-1,-1
SAMPLE,p07-baseline,append,12,publicMaterializedDiff,32102238,35590328,-1,-1,-1,-1,-1,-1,-1,-1
SAMPLE,p07-baseline,append,12,replayRead,30358150,35373744,-1,-1,-1,-1,-1,-1,-1,-1
SAMPLE,p07-baseline,append,12,unchangedPublicDiff,272229,16832,-1,-1,-1,-1,-1,-1,-1,-1
SAMPLE,p07-baseline,append,12,revisionCopy,91765798,48977104,-1,-1,-1,-1,-1,-1,-1,-1
SAMPLE,p07-baseline,append,13,bulkAppendCommit,76033179,36756200,-1,-1,-1,-1,-1,-1,-1,-1
SAMPLE,p07-baseline,append,13,publicCompactDiff,52476238,35778888,-1,-1,-1,-1,-1,-1,-1,-1
SAMPLE,p07-baseline,append,13,publicMaterializedDiff,54434239,35590328,-1,-1,-1,-1,-1,-1,-1,-1
SAMPLE,p07-baseline,append,13,replayRead,51033641,35373744,-1,-1,-1,-1,-1,-1,-1,-1
SAMPLE,p07-baseline,append,13,unchangedPublicDiff,352620,16832,-1,-1,-1,-1,-1,-1,-1,-1
SAMPLE,p07-baseline,append,13,revisionCopy,141311472,48977304,-1,-1,-1,-1,-1,-1,-1,-1
SAMPLE,p07-baseline,append,14,bulkAppendCommit,51322620,36755920,-1,-1,-1,-1,-1,-1,-1,-1
SAMPLE,p07-baseline,append,14,publicCompactDiff,32440233,35778784,-1,-1,-1,-1,-1,-1,-1,-1
SAMPLE,p07-baseline,append,14,publicMaterializedDiff,31192415,35590328,-1,-1,-1,-1,-1,-1,-1,-1
SAMPLE,p07-baseline,append,14,replayRead,29604593,35373744,-1,-1,-1,-1,-1,-1,-1,-1
SAMPLE,p07-baseline,append,14,unchangedPublicDiff,272988,16832,-1,-1,-1,-1,-1,-1,-1,-1
SAMPLE,p07-baseline,append,14,revisionCopy,173068758,48977760,-1,-1,-1,-1,-1,-1,-1,-1
SAMPLE,p07-baseline,append,15,bulkAppendCommit,69564961,36756640,-1,-1,-1,-1,-1,-1,-1,-1
SAMPLE,p07-baseline,append,15,publicCompactDiff,29541488,35778984,-1,-1,-1,-1,-1,-1,-1,-1
SAMPLE,p07-baseline,append,15,publicMaterializedDiff,30616713,35590392,-1,-1,-1,-1,-1,-1,-1,-1
SAMPLE,p07-baseline,append,15,replayRead,29723537,35373840,-1,-1,-1,-1,-1,-1,-1,-1
SAMPLE,p07-baseline,append,15,unchangedPublicDiff,263452,16832,-1,-1,-1,-1,-1,-1,-1,-1
SAMPLE,p07-baseline,append,15,revisionCopy,90740831,48976704,-1,-1,-1,-1,-1,-1,-1,-1
SAMPLE,p07-baseline,append,16,bulkAppendCommit,71251082,36755864,-1,-1,-1,-1,-1,-1,-1,-1
SAMPLE,p07-baseline,append,16,publicCompactDiff,51373752,35778816,-1,-1,-1,-1,-1,-1,-1,-1
SAMPLE,p07-baseline,append,16,publicMaterializedDiff,42812343,35590328,-1,-1,-1,-1,-1,-1,-1,-1
SAMPLE,p07-baseline,append,16,replayRead,31709135,35373744,-1,-1,-1,-1,-1,-1,-1,-1
SAMPLE,p07-baseline,append,16,unchangedPublicDiff,237348,16832,-1,-1,-1,-1,-1,-1,-1,-1
SAMPLE,p07-baseline,append,16,revisionCopy,97216733,48977288,-1,-1,-1,-1,-1,-1,-1,-1
END,p07-baseline,sink=556119
# [StorageProfile] dump called: enabled=false byKind.size=0
