ADMITTED,2026-10-05T22:38:04Z
WARNING: Using incubator modules: jdk.incubator.vector
RUN,p08-candidate,pid=2881778,java=25.0.3,identity=true,warmups=24,samples=17
JVM,p08-candidate,maxHeap=3221225472,arguments=[-XX:ThreadPriorityPolicy=1, -XX:+UnlockExperimentalVMOptions, -XX:+EnableJVMCIProduct, -XX:+EnableJVMCI, -XX:-UnlockExperimentalVMOptions, -ea, -Xms512m, -Xmx3g, --add-opens=java.base/sun.nio.ch=ALL-UNNAMED, --add-opens=java.base/java.nio=ALL-UNNAMED, --add-modules=jdk.incubator.vector, --enable-native-access=ALL-UNNAMED, -XX:+EnableDynamicAgentLoading, -XX:+UnlockDiagnosticVMOptions, -XX:+DebugNonSafepoints, --add-modules=jdk.incubator.vector, -Dfile.encoding=UTF-8, -Djava.io.tmpdir=/home/johannes/.treehouse/sirix-cdde48/20/sirix/build/replay/tmp, -Dlogback.configurationFile=/home/johannes/.treehouse/sirix-cdde48/20/sirix/build/replay/latency/quiet.xml, -Dsirix.replay.workDiag=false, -Dsirix.hot.mergeDiag=false, -Dsirix.replay.bench.scenarios=append]
COLUMNS,label,scenario,iteration,metric,nanos,threadAllocatedBytes,recordVisits,createdIdentities,stagedRecords,ancestorSteps,sidecarReads,fallbackPages,pathSteps,bookkeepingOperations
WARNING: A terminally deprecated method in sun.misc.Unsafe has been called
WARNING: sun.misc.Unsafe::arrayBaseOffset has been called by net.openhft.hashing.UnsafeAccess (file:/home/johannes/.gradle/caches/modules-2/files-2.1/net.openhft/zero-allocation-hashing/2026.0/2447494f7842ca377b4ccdba2089a8da5c1d1b50/zero-allocation-hashing-2026.0.jar)
WARNING: Please consider reporting this to the maintainers of class net.openhft.hashing.UnsafeAccess
WARNING: sun.misc.Unsafe::arrayBaseOffset will be removed in a future release
SAMPLE,p08-candidate,append,0,bulkAppendCommit,54439718,39470160,-1,-1,-1,-1,-1,-1,-1,-1
SAMPLE,p08-candidate,append,0,publicCompactDiff,53284461,37279432,-1,-1,-1,-1,-1,-1,-1,-1
SAMPLE,p08-candidate,append,0,publicMaterializedDiff,54217494,37090624,-1,-1,-1,-1,-1,-1,-1,-1
SAMPLE,p08-candidate,append,0,replayRead,6109311,2273112,-1,-1,-1,-1,-1,-1,-1,-1
SAMPLE,p08-candidate,append,0,unchangedPublicDiff,454655,16944,-1,-1,-1,-1,-1,-1,-1,-1
SAMPLE,p08-candidate,append,0,revisionCopy,41640573,14743536,-1,-1,-1,-1,-1,-1,-1,-1
SAMPLE,p08-candidate,append,1,bulkAppendCommit,77263569,39445560,-1,-1,-1,-1,-1,-1,-1,-1
SAMPLE,p08-candidate,append,1,publicCompactDiff,36112799,37279568,-1,-1,-1,-1,-1,-1,-1,-1
SAMPLE,p08-candidate,append,1,publicMaterializedDiff,39744007,37090688,-1,-1,-1,-1,-1,-1,-1,-1
SAMPLE,p08-candidate,append,1,replayRead,3302430,2273144,-1,-1,-1,-1,-1,-1,-1,-1
SAMPLE,p08-candidate,append,1,unchangedPublicDiff,262338,16944,-1,-1,-1,-1,-1,-1,-1,-1
SAMPLE,p08-candidate,append,1,revisionCopy,56528615,14652144,-1,-1,-1,-1,-1,-1,-1,-1
SAMPLE,p08-candidate,append,2,bulkAppendCommit,56300352,39420104,-1,-1,-1,-1,-1,-1,-1,-1
SAMPLE,p08-candidate,append,2,publicCompactDiff,35536066,37279432,-1,-1,-1,-1,-1,-1,-1,-1
SAMPLE,p08-candidate,append,2,publicMaterializedDiff,32100315,37090624,-1,-1,-1,-1,-1,-1,-1,-1
SAMPLE,p08-candidate,append,2,replayRead,3576694,2273112,-1,-1,-1,-1,-1,-1,-1,-1
SAMPLE,p08-candidate,append,2,unchangedPublicDiff,282032,16944,-1,-1,-1,-1,-1,-1,-1,-1
SAMPLE,p08-candidate,append,2,revisionCopy,41001535,14688696,-1,-1,-1,-1,-1,-1,-1,-1
SAMPLE,p08-candidate,append,3,bulkAppendCommit,65858268,39445536,-1,-1,-1,-1,-1,-1,-1,-1
SAMPLE,p08-candidate,append,3,publicCompactDiff,62805789,37279544,-1,-1,-1,-1,-1,-1,-1,-1
SAMPLE,p08-candidate,append,3,publicMaterializedDiff,51587980,37090664,-1,-1,-1,-1,-1,-1,-1,-1
SAMPLE,p08-candidate,append,3,replayRead,2931713,2273096,-1,-1,-1,-1,-1,-1,-1,-1
SAMPLE,p08-candidate,append,3,unchangedPublicDiff,325886,19544,-1,-1,-1,-1,-1,-1,-1,-1
SAMPLE,p08-candidate,append,3,revisionCopy,53823819,14613112,-1,-1,-1,-1,-1,-1,-1,-1
SAMPLE,p08-candidate,append,4,bulkAppendCommit,51839166,39463024,-1,-1,-1,-1,-1,-1,-1,-1
SAMPLE,p08-candidate,append,4,publicCompactDiff,33167021,37279024,-1,-1,-1,-1,-1,-1,-1,-1
SAMPLE,p08-candidate,append,4,publicMaterializedDiff,49247697,37090504,-1,-1,-1,-1,-1,-1,-1,-1
SAMPLE,p08-candidate,append,4,replayRead,5666866,2273016,-1,-1,-1,-1,-1,-1,-1,-1
SAMPLE,p08-candidate,append,4,unchangedPublicDiff,429736,16872,-1,-1,-1,-1,-1,-1,-1,-1
SAMPLE,p08-candidate,append,4,revisionCopy,36950970,14675384,-1,-1,-1,-1,-1,-1,-1,-1
SAMPLE,p08-candidate,append,5,bulkAppendCommit,49813472,39438280,-1,-1,-1,-1,-1,-1,-1,-1
SAMPLE,p08-candidate,append,5,publicCompactDiff,57487853,37279160,-1,-1,-1,-1,-1,-1,-1,-1
SAMPLE,p08-candidate,append,5,publicMaterializedDiff,52071799,37090568,-1,-1,-1,-1,-1,-1,-1,-1
SAMPLE,p08-candidate,append,5,replayRead,5171539,2273048,-1,-1,-1,-1,-1,-1,-1,-1
SAMPLE,p08-candidate,append,5,unchangedPublicDiff,321969,16872,-1,-1,-1,-1,-1,-1,-1,-1
SAMPLE,p08-candidate,append,5,revisionCopy,48801529,14716728,-1,-1,-1,-1,-1,-1,-1,-1
SAMPLE,p08-candidate,append,6,bulkAppendCommit,74802939,39438120,-1,-1,-1,-1,-1,-1,-1,-1
SAMPLE,p08-candidate,append,6,publicCompactDiff,58130041,37279024,-1,-1,-1,-1,-1,-1,-1,-1
SAMPLE,p08-candidate,append,6,publicMaterializedDiff,51726946,37090504,-1,-1,-1,-1,-1,-1,-1,-1
SAMPLE,p08-candidate,append,6,replayRead,5715189,2273016,-1,-1,-1,-1,-1,-1,-1,-1
SAMPLE,p08-candidate,append,6,unchangedPublicDiff,325131,16872,-1,-1,-1,-1,-1,-1,-1,-1
SAMPLE,p08-candidate,append,6,revisionCopy,47984150,14724776,-1,-1,-1,-1,-1,-1,-1,-1
SAMPLE,p08-candidate,append,7,bulkAppendCommit,81358656,39438880,-1,-1,-1,-1,-1,-1,-1,-1
SAMPLE,p08-candidate,append,7,publicCompactDiff,31437802,37279160,-1,-1,-1,-1,-1,-1,-1,-1
SAMPLE,p08-candidate,append,7,publicMaterializedDiff,29951107,37090568,-1,-1,-1,-1,-1,-1,-1,-1
SAMPLE,p08-candidate,append,7,replayRead,2852831,2273048,-1,-1,-1,-1,-1,-1,-1,-1
SAMPLE,p08-candidate,append,7,unchangedPublicDiff,236587,16872,-1,-1,-1,-1,-1,-1,-1,-1
SAMPLE,p08-candidate,append,7,revisionCopy,33589417,14660312,-1,-1,-1,-1,-1,-1,-1,-1
SAMPLE,p08-candidate,append,8,bulkAppendCommit,48574738,39438040,-1,-1,-1,-1,-1,-1,-1,-1
SAMPLE,p08-candidate,append,8,publicCompactDiff,31469670,37279024,-1,-1,-1,-1,-1,-1,-1,-1
SAMPLE,p08-candidate,append,8,publicMaterializedDiff,51087325,37090504,-1,-1,-1,-1,-1,-1,-1,-1
SAMPLE,p08-candidate,append,8,replayRead,6143223,2273016,-1,-1,-1,-1,-1,-1,-1,-1
SAMPLE,p08-candidate,append,8,unchangedPublicDiff,359451,16872,-1,-1,-1,-1,-1,-1,-1,-1
SAMPLE,p08-candidate,append,8,revisionCopy,29933846,14543352,-1,-1,-1,-1,-1,-1,-1,-1
SAMPLE,p08-candidate,append,9,bulkAppendCommit,48683022,39340152,-1,-1,-1,-1,-1,-1,-1,-1
SAMPLE,p08-candidate,append,9,publicCompactDiff,30308105,37279160,-1,-1,-1,-1,-1,-1,-1,-1
SAMPLE,p08-candidate,append,9,publicMaterializedDiff,30741276,37090568,-1,-1,-1,-1,-1,-1,-1,-1
SAMPLE,p08-candidate,append,9,replayRead,2816605,2273048,-1,-1,-1,-1,-1,-1,-1,-1
SAMPLE,p08-candidate,append,9,unchangedPublicDiff,253101,16872,-1,-1,-1,-1,-1,-1,-1,-1
SAMPLE,p08-candidate,append,9,revisionCopy,34004151,14610448,-1,-1,-1,-1,-1,-1,-1,-1
SAMPLE,p08-candidate,append,10,bulkAppendCommit,46785116,39335528,-1,-1,-1,-1,-1,-1,-1,-1
SAMPLE,p08-candidate,append,10,publicCompactDiff,29060883,37279056,-1,-1,-1,-1,-1,-1,-1,-1
SAMPLE,p08-candidate,append,10,publicMaterializedDiff,31491037,37090504,-1,-1,-1,-1,-1,-1,-1,-1
SAMPLE,p08-candidate,append,10,replayRead,2896180,2273016,-1,-1,-1,-1,-1,-1,-1,-1
SAMPLE,p08-candidate,append,10,unchangedPublicDiff,249859,16872,-1,-1,-1,-1,-1,-1,-1,-1
SAMPLE,p08-candidate,append,10,revisionCopy,30918513,14669760,-1,-1,-1,-1,-1,-1,-1,-1
SAMPLE,p08-candidate,append,11,bulkAppendCommit,51405391,39335624,-1,-1,-1,-1,-1,-1,-1,-1
SAMPLE,p08-candidate,append,11,publicCompactDiff,32757345,37279160,-1,-1,-1,-1,-1,-1,-1,-1
SAMPLE,p08-candidate,append,11,publicMaterializedDiff,40720682,37090568,-1,-1,-1,-1,-1,-1,-1,-1
SAMPLE,p08-candidate,append,11,replayRead,2817243,2273048,-1,-1,-1,-1,-1,-1,-1,-1
SAMPLE,p08-candidate,append,11,unchangedPublicDiff,267048,16872,-1,-1,-1,-1,-1,-1,-1,-1
SAMPLE,p08-candidate,append,11,revisionCopy,45168720,14603528,-1,-1,-1,-1,-1,-1,-1,-1
SAMPLE,p08-candidate,append,12,bulkAppendCommit,51779177,39335528,-1,-1,-1,-1,-1,-1,-1,-1
SAMPLE,p08-candidate,append,12,publicCompactDiff,33039269,37279024,-1,-1,-1,-1,-1,-1,-1,-1
SAMPLE,p08-candidate,append,12,publicMaterializedDiff,31092149,37090504,-1,-1,-1,-1,-1,-1,-1,-1
SAMPLE,p08-candidate,append,12,replayRead,2800720,2273016,-1,-1,-1,-1,-1,-1,-1,-1
SAMPLE,p08-candidate,append,12,unchangedPublicDiff,476519,16872,-1,-1,-1,-1,-1,-1,-1,-1
SAMPLE,p08-candidate,append,12,revisionCopy,30336076,14628664,-1,-1,-1,-1,-1,-1,-1,-1
SAMPLE,p08-candidate,append,13,bulkAppendCommit,53676450,39335864,-1,-1,-1,-1,-1,-1,-1,-1
SAMPLE,p08-candidate,append,13,publicCompactDiff,30955771,37279160,-1,-1,-1,-1,-1,-1,-1,-1
SAMPLE,p08-candidate,append,13,publicMaterializedDiff,29796057,37090568,-1,-1,-1,-1,-1,-1,-1,-1
SAMPLE,p08-candidate,append,13,replayRead,2830504,2273048,-1,-1,-1,-1,-1,-1,-1,-1
SAMPLE,p08-candidate,append,13,unchangedPublicDiff,202440,16872,-1,-1,-1,-1,-1,-1,-1,-1
SAMPLE,p08-candidate,append,13,revisionCopy,28548520,14603696,-1,-1,-1,-1,-1,-1,-1,-1
SAMPLE,p08-candidate,append,14,bulkAppendCommit,45309651,39335368,-1,-1,-1,-1,-1,-1,-1,-1
SAMPLE,p08-candidate,append,14,publicCompactDiff,30209210,37279024,-1,-1,-1,-1,-1,-1,-1,-1
SAMPLE,p08-candidate,append,14,publicMaterializedDiff,29385990,37090504,-1,-1,-1,-1,-1,-1,-1,-1
SAMPLE,p08-candidate,append,14,replayRead,2819908,2273016,-1,-1,-1,-1,-1,-1,-1,-1
SAMPLE,p08-candidate,append,14,unchangedPublicDiff,210952,16872,-1,-1,-1,-1,-1,-1,-1,-1
SAMPLE,p08-candidate,append,14,revisionCopy,29932568,14603336,-1,-1,-1,-1,-1,-1,-1,-1
SAMPLE,p08-candidate,append,15,bulkAppendCommit,49208205,39205544,-1,-1,-1,-1,-1,-1,-1,-1
SAMPLE,p08-candidate,append,15,publicCompactDiff,33595999,37147960,-1,-1,-1,-1,-1,-1,-1,-1
SAMPLE,p08-candidate,append,15,publicMaterializedDiff,42903296,36959368,-1,-1,-1,-1,-1,-1,-1,-1
SAMPLE,p08-candidate,append,15,replayRead,2767129,2272984,-1,-1,-1,-1,-1,-1,-1,-1
SAMPLE,p08-candidate,append,15,unchangedPublicDiff,208003,16840,-1,-1,-1,-1,-1,-1,-1,-1
SAMPLE,p08-candidate,append,15,revisionCopy,32025533,14720112,-1,-1,-1,-1,-1,-1,-1,-1
SAMPLE,p08-candidate,append,16,bulkAppendCommit,46582165,39218584,-1,-1,-1,-1,-1,-1,-1,-1
SAMPLE,p08-candidate,append,16,publicCompactDiff,29801452,37279024,-1,-1,-1,-1,-1,-1,-1,-1
SAMPLE,p08-candidate,append,16,publicMaterializedDiff,32405610,37090504,-1,-1,-1,-1,-1,-1,-1,-1
SAMPLE,p08-candidate,append,16,replayRead,2760637,2273016,-1,-1,-1,-1,-1,-1,-1,-1
SAMPLE,p08-candidate,append,16,unchangedPublicDiff,233137,16872,-1,-1,-1,-1,-1,-1,-1,-1
SAMPLE,p08-candidate,append,16,revisionCopy,40520584,14587064,-1,-1,-1,-1,-1,-1,-1,-1
END,p08-candidate,sink=953458904
# [StorageProfile] dump called: enabled=false byKind.size=0
