ADMITTED,2026-10-05T22:37:45Z
WARNING: Using incubator modules: jdk.incubator.vector
RUN,p08-baseline,pid=2877892,java=25.0.3,identity=false,warmups=24,samples=17
JVM,p08-baseline,maxHeap=3221225472,arguments=[-XX:ThreadPriorityPolicy=1, -XX:+UnlockExperimentalVMOptions, -XX:+EnableJVMCIProduct, -XX:+EnableJVMCI, -XX:-UnlockExperimentalVMOptions, -ea, -Xms512m, -Xmx3g, --add-opens=java.base/sun.nio.ch=ALL-UNNAMED, --add-opens=java.base/java.nio=ALL-UNNAMED, --add-modules=jdk.incubator.vector, --enable-native-access=ALL-UNNAMED, -XX:+EnableDynamicAgentLoading, -XX:+UnlockDiagnosticVMOptions, -XX:+DebugNonSafepoints, --add-modules=jdk.incubator.vector, -Dfile.encoding=UTF-8, -Djava.io.tmpdir=/home/johannes/.treehouse/sirix-cdde48/20/sirix/build/replay/tmp, -Dlogback.configurationFile=/home/johannes/.treehouse/sirix-cdde48/20/sirix/build/replay/latency/quiet.xml, -Dsirix.replay.workDiag=false, -Dsirix.hot.mergeDiag=false, -Dsirix.replay.bench.scenarios=append]
COLUMNS,label,scenario,iteration,metric,nanos,threadAllocatedBytes,recordVisits,createdIdentities,stagedRecords,ancestorSteps,sidecarReads,fallbackPages,pathSteps,bookkeepingOperations
WARNING: A terminally deprecated method in sun.misc.Unsafe has been called
WARNING: sun.misc.Unsafe::arrayBaseOffset has been called by net.openhft.hashing.UnsafeAccess (file:/home/johannes/.gradle/caches/modules-2/files-2.1/net.openhft/zero-allocation-hashing/2026.0/2447494f7842ca377b4ccdba2089a8da5c1d1b50/zero-allocation-hashing-2026.0.jar)
WARNING: Please consider reporting this to the maintainers of class net.openhft.hashing.UnsafeAccess
WARNING: sun.misc.Unsafe::arrayBaseOffset will be removed in a future release
SAMPLE,p08-baseline,append,0,bulkAppendCommit,43829465,36762464,-1,-1,-1,-1,-1,-1,-1,-1
SAMPLE,p08-baseline,append,0,publicCompactDiff,29336720,35778912,-1,-1,-1,-1,-1,-1,-1,-1
SAMPLE,p08-baseline,append,0,publicMaterializedDiff,28431161,35590168,-1,-1,-1,-1,-1,-1,-1,-1
SAMPLE,p08-baseline,append,0,replayRead,30496285,35373472,-1,-1,-1,-1,-1,-1,-1,-1
SAMPLE,p08-baseline,append,0,unchangedPublicDiff,283451,16904,-1,-1,-1,-1,-1,-1,-1,-1
SAMPLE,p08-baseline,append,0,revisionCopy,89075517,49118848,-1,-1,-1,-1,-1,-1,-1,-1
SAMPLE,p08-baseline,append,1,bulkAppendCommit,47029206,36762352,-1,-1,-1,-1,-1,-1,-1,-1
SAMPLE,p08-baseline,append,1,publicCompactDiff,52432157,35778984,-1,-1,-1,-1,-1,-1,-1,-1
SAMPLE,p08-baseline,append,1,publicMaterializedDiff,51356393,35590104,-1,-1,-1,-1,-1,-1,-1,-1
SAMPLE,p08-baseline,append,1,replayRead,50147458,35373376,-1,-1,-1,-1,-1,-1,-1,-1
SAMPLE,p08-baseline,append,1,unchangedPublicDiff,399690,16840,-1,-1,-1,-1,-1,-1,-1,-1
SAMPLE,p08-baseline,append,1,revisionCopy,144708468,49119464,-1,-1,-1,-1,-1,-1,-1,-1
SAMPLE,p08-baseline,append,2,bulkAppendCommit,48960327,36762160,-1,-1,-1,-1,-1,-1,-1,-1
SAMPLE,p08-baseline,append,2,publicCompactDiff,54566211,35778912,-1,-1,-1,-1,-1,-1,-1,-1
SAMPLE,p08-baseline,append,2,publicMaterializedDiff,52663249,35590168,-1,-1,-1,-1,-1,-1,-1,-1
SAMPLE,p08-baseline,append,2,replayRead,51034956,35373472,-1,-1,-1,-1,-1,-1,-1,-1
SAMPLE,p08-baseline,append,2,unchangedPublicDiff,345120,16904,-1,-1,-1,-1,-1,-1,-1,-1
SAMPLE,p08-baseline,append,2,revisionCopy,154772507,49118880,-1,-1,-1,-1,-1,-1,-1,-1
SAMPLE,p08-baseline,append,3,bulkAppendCommit,81636777,36762080,-1,-1,-1,-1,-1,-1,-1,-1
SAMPLE,p08-baseline,append,3,publicCompactDiff,54678254,35778952,-1,-1,-1,-1,-1,-1,-1,-1
SAMPLE,p08-baseline,append,3,publicMaterializedDiff,53505852,35590104,-1,-1,-1,-1,-1,-1,-1,-1
SAMPLE,p08-baseline,append,3,replayRead,41526714,35373536,-1,-1,-1,-1,-1,-1,-1,-1
SAMPLE,p08-baseline,append,3,unchangedPublicDiff,328112,16840,-1,-1,-1,-1,-1,-1,-1,-1
SAMPLE,p08-baseline,append,3,revisionCopy,108568792,49118824,-1,-1,-1,-1,-1,-1,-1,-1
SAMPLE,p08-baseline,append,4,bulkAppendCommit,76508763,36761896,-1,-1,-1,-1,-1,-1,-1,-1
SAMPLE,p08-baseline,append,4,publicCompactDiff,51690448,35778528,-1,-1,-1,-1,-1,-1,-1,-1
SAMPLE,p08-baseline,append,4,publicMaterializedDiff,50020959,35590072,-1,-1,-1,-1,-1,-1,-1,-1
SAMPLE,p08-baseline,append,4,replayRead,29597136,35373488,-1,-1,-1,-1,-1,-1,-1,-1
SAMPLE,p08-baseline,append,4,unchangedPublicDiff,322169,17160,-1,-1,-1,-1,-1,-1,-1,-1
SAMPLE,p08-baseline,append,4,revisionCopy,144707540,49115032,-1,-1,-1,-1,-1,-1,-1,-1
SAMPLE,p08-baseline,append,5,bulkAppendCommit,73330693,36760440,-1,-1,-1,-1,-1,-1,-1,-1
SAMPLE,p08-baseline,append,5,publicCompactDiff,37067965,35778568,-1,-1,-1,-1,-1,-1,-1,-1
SAMPLE,p08-baseline,append,5,publicMaterializedDiff,31546456,35590008,-1,-1,-1,-1,-1,-1,-1,-1
SAMPLE,p08-baseline,append,5,replayRead,29518240,35373392,-1,-1,-1,-1,-1,-1,-1,-1
SAMPLE,p08-baseline,append,5,unchangedPublicDiff,220147,16768,-1,-1,-1,-1,-1,-1,-1,-1
SAMPLE,p08-baseline,append,5,revisionCopy,147317681,49114912,-1,-1,-1,-1,-1,-1,-1,-1
SAMPLE,p08-baseline,append,6,bulkAppendCommit,49649201,36759192,-1,-1,-1,-1,-1,-1,-1,-1
SAMPLE,p08-baseline,append,6,publicCompactDiff,33199513,35778528,-1,-1,-1,-1,-1,-1,-1,-1
SAMPLE,p08-baseline,append,6,publicMaterializedDiff,29270507,35590072,-1,-1,-1,-1,-1,-1,-1,-1
SAMPLE,p08-baseline,append,6,replayRead,29861362,35373488,-1,-1,-1,-1,-1,-1,-1,-1
SAMPLE,p08-baseline,append,6,unchangedPublicDiff,254733,16832,-1,-1,-1,-1,-1,-1,-1,-1
SAMPLE,p08-baseline,append,6,revisionCopy,150432689,49108704,-1,-1,-1,-1,-1,-1,-1,-1
SAMPLE,p08-baseline,append,7,bulkAppendCommit,61850294,36756440,-1,-1,-1,-1,-1,-1,-1,-1
SAMPLE,p08-baseline,append,7,publicCompactDiff,32109351,35778728,-1,-1,-1,-1,-1,-1,-1,-1
SAMPLE,p08-baseline,append,7,publicMaterializedDiff,32022753,35590136,-1,-1,-1,-1,-1,-1,-1,-1
SAMPLE,p08-baseline,append,7,replayRead,33492970,35373584,-1,-1,-1,-1,-1,-1,-1,-1
SAMPLE,p08-baseline,append,7,unchangedPublicDiff,373708,16832,-1,-1,-1,-1,-1,-1,-1,-1
SAMPLE,p08-baseline,append,7,revisionCopy,130388794,49107824,-1,-1,-1,-1,-1,-1,-1,-1
SAMPLE,p08-baseline,append,8,bulkAppendCommit,45215593,36755784,-1,-1,-1,-1,-1,-1,-1,-1
SAMPLE,p08-baseline,append,8,publicCompactDiff,30386247,35778528,-1,-1,-1,-1,-1,-1,-1,-1
SAMPLE,p08-baseline,append,8,publicMaterializedDiff,29846749,35590072,-1,-1,-1,-1,-1,-1,-1,-1
SAMPLE,p08-baseline,append,8,replayRead,27966981,35373488,-1,-1,-1,-1,-1,-1,-1,-1
SAMPLE,p08-baseline,append,8,unchangedPublicDiff,217524,16832,-1,-1,-1,-1,-1,-1,-1,-1
SAMPLE,p08-baseline,append,8,revisionCopy,99795811,48977088,-1,-1,-1,-1,-1,-1,-1,-1
SAMPLE,p08-baseline,append,9,bulkAppendCommit,45535234,36756088,-1,-1,-1,-1,-1,-1,-1,-1
SAMPLE,p08-baseline,append,9,publicCompactDiff,28925519,35778568,-1,-1,-1,-1,-1,-1,-1,-1
SAMPLE,p08-baseline,append,9,publicMaterializedDiff,30338459,35590008,-1,-1,-1,-1,-1,-1,-1,-1
SAMPLE,p08-baseline,append,9,replayRead,29186170,35373392,-1,-1,-1,-1,-1,-1,-1,-1
SAMPLE,p08-baseline,append,9,unchangedPublicDiff,212939,16800,-1,-1,-1,-1,-1,-1,-1,-1
SAMPLE,p08-baseline,append,9,revisionCopy,95723799,48977192,-1,-1,-1,-1,-1,-1,-1,-1
SAMPLE,p08-baseline,append,10,bulkAppendCommit,50131684,36755304,-1,-1,-1,-1,-1,-1,-1,-1
SAMPLE,p08-baseline,append,10,publicCompactDiff,32247112,35778528,-1,-1,-1,-1,-1,-1,-1,-1
SAMPLE,p08-baseline,append,10,publicMaterializedDiff,31133245,35590072,-1,-1,-1,-1,-1,-1,-1,-1
SAMPLE,p08-baseline,append,10,replayRead,29142583,35373488,-1,-1,-1,-1,-1,-1,-1,-1
SAMPLE,p08-baseline,append,10,unchangedPublicDiff,363499,16832,-1,-1,-1,-1,-1,-1,-1,-1
SAMPLE,p08-baseline,append,10,revisionCopy,102483018,48977736,-1,-1,-1,-1,-1,-1,-1,-1
SAMPLE,p08-baseline,append,11,bulkAppendCommit,46659304,36756312,-1,-1,-1,-1,-1,-1,-1,-1
SAMPLE,p08-baseline,append,11,publicCompactDiff,30373077,35778664,-1,-1,-1,-1,-1,-1,-1,-1
SAMPLE,p08-baseline,append,11,publicMaterializedDiff,29136753,35590072,-1,-1,-1,-1,-1,-1,-1,-1
SAMPLE,p08-baseline,append,11,replayRead,30278743,35373488,-1,-1,-1,-1,-1,-1,-1,-1
SAMPLE,p08-baseline,append,11,unchangedPublicDiff,233233,16832,-1,-1,-1,-1,-1,-1,-1,-1
SAMPLE,p08-baseline,append,11,revisionCopy,112768543,48977144,-1,-1,-1,-1,-1,-1,-1,-1
SAMPLE,p08-baseline,append,12,bulkAppendCommit,47184311,36756048,-1,-1,-1,-1,-1,-1,-1,-1
SAMPLE,p08-baseline,append,12,publicCompactDiff,31790362,35778528,-1,-1,-1,-1,-1,-1,-1,-1
SAMPLE,p08-baseline,append,12,publicMaterializedDiff,30329716,35590072,-1,-1,-1,-1,-1,-1,-1,-1
SAMPLE,p08-baseline,append,12,replayRead,27753505,35373488,-1,-1,-1,-1,-1,-1,-1,-1
SAMPLE,p08-baseline,append,12,unchangedPublicDiff,238539,16832,-1,-1,-1,-1,-1,-1,-1,-1
SAMPLE,p08-baseline,append,12,revisionCopy,83358693,48978368,-1,-1,-1,-1,-1,-1,-1,-1
SAMPLE,p08-baseline,append,13,bulkAppendCommit,44318969,36756376,-1,-1,-1,-1,-1,-1,-1,-1
SAMPLE,p08-baseline,append,13,publicCompactDiff,29347358,35778728,-1,-1,-1,-1,-1,-1,-1,-1
SAMPLE,p08-baseline,append,13,publicMaterializedDiff,29530043,35590136,-1,-1,-1,-1,-1,-1,-1,-1
SAMPLE,p08-baseline,append,13,replayRead,34904675,35373584,-1,-1,-1,-1,-1,-1,-1,-1
SAMPLE,p08-baseline,append,13,unchangedPublicDiff,275902,16832,-1,-1,-1,-1,-1,-1,-1,-1
SAMPLE,p08-baseline,append,13,revisionCopy,86102713,48977544,-1,-1,-1,-1,-1,-1,-1,-1
SAMPLE,p08-baseline,append,14,bulkAppendCommit,44291649,36755912,-1,-1,-1,-1,-1,-1,-1,-1
SAMPLE,p08-baseline,append,14,publicCompactDiff,31071881,35778560,-1,-1,-1,-1,-1,-1,-1,-1
SAMPLE,p08-baseline,append,14,publicMaterializedDiff,30157469,35590072,-1,-1,-1,-1,-1,-1,-1,-1
SAMPLE,p08-baseline,append,14,replayRead,29672706,35373488,-1,-1,-1,-1,-1,-1,-1,-1
SAMPLE,p08-baseline,append,14,unchangedPublicDiff,216127,16832,-1,-1,-1,-1,-1,-1,-1,-1
SAMPLE,p08-baseline,append,14,revisionCopy,94662681,48979072,-1,-1,-1,-1,-1,-1,-1,-1
SAMPLE,p08-baseline,append,15,bulkAppendCommit,45201804,36756248,-1,-1,-1,-1,-1,-1,-1,-1
SAMPLE,p08-baseline,append,15,publicCompactDiff,35966059,35778696,-1,-1,-1,-1,-1,-1,-1,-1
SAMPLE,p08-baseline,append,15,publicMaterializedDiff,31062120,35590136,-1,-1,-1,-1,-1,-1,-1,-1
SAMPLE,p08-baseline,append,15,replayRead,28451017,35373584,-1,-1,-1,-1,-1,-1,-1,-1
SAMPLE,p08-baseline,append,15,unchangedPublicDiff,196984,16832,-1,-1,-1,-1,-1,-1,-1,-1
SAMPLE,p08-baseline,append,15,revisionCopy,82137621,48978360,-1,-1,-1,-1,-1,-1,-1,-1
SAMPLE,p08-baseline,append,16,bulkAppendCommit,72957958,36755720,-1,-1,-1,-1,-1,-1,-1,-1
SAMPLE,p08-baseline,append,16,publicCompactDiff,29134474,35778528,-1,-1,-1,-1,-1,-1,-1,-1
SAMPLE,p08-baseline,append,16,publicMaterializedDiff,28728635,35590072,-1,-1,-1,-1,-1,-1,-1,-1
SAMPLE,p08-baseline,append,16,replayRead,28258143,35373488,-1,-1,-1,-1,-1,-1,-1,-1
SAMPLE,p08-baseline,append,16,unchangedPublicDiff,235153,16832,-1,-1,-1,-1,-1,-1,-1,-1
SAMPLE,p08-baseline,append,16,revisionCopy,88179983,48978192,-1,-1,-1,-1,-1,-1,-1,-1
END,p08-baseline,sink=556119
# [StorageProfile] dump called: enabled=false byKind.size=0
