ADMITTED,2026-10-05T22:38:20Z
WARNING: Using incubator modules: jdk.incubator.vector
RUN,p09-candidate,pid=2884369,java=25.0.3,identity=true,warmups=24,samples=17
JVM,p09-candidate,maxHeap=3221225472,arguments=[-XX:ThreadPriorityPolicy=1, -XX:+UnlockExperimentalVMOptions, -XX:+EnableJVMCIProduct, -XX:+EnableJVMCI, -XX:-UnlockExperimentalVMOptions, -ea, -Xms512m, -Xmx3g, --add-opens=java.base/sun.nio.ch=ALL-UNNAMED, --add-opens=java.base/java.nio=ALL-UNNAMED, --add-modules=jdk.incubator.vector, --enable-native-access=ALL-UNNAMED, -XX:+EnableDynamicAgentLoading, -XX:+UnlockDiagnosticVMOptions, -XX:+DebugNonSafepoints, --add-modules=jdk.incubator.vector, -Dfile.encoding=UTF-8, -Djava.io.tmpdir=/home/johannes/.treehouse/sirix-cdde48/20/sirix/build/replay/tmp, -Dlogback.configurationFile=/home/johannes/.treehouse/sirix-cdde48/20/sirix/build/replay/latency/quiet.xml, -Dsirix.replay.workDiag=false, -Dsirix.hot.mergeDiag=false, -Dsirix.replay.bench.scenarios=append]
COLUMNS,label,scenario,iteration,metric,nanos,threadAllocatedBytes,recordVisits,createdIdentities,stagedRecords,ancestorSteps,sidecarReads,fallbackPages,pathSteps,bookkeepingOperations
WARNING: A terminally deprecated method in sun.misc.Unsafe has been called
WARNING: sun.misc.Unsafe::arrayBaseOffset has been called by net.openhft.hashing.UnsafeAccess (file:/home/johannes/.gradle/caches/modules-2/files-2.1/net.openhft/zero-allocation-hashing/2026.0/2447494f7842ca377b4ccdba2089a8da5c1d1b50/zero-allocation-hashing-2026.0.jar)
WARNING: Please consider reporting this to the maintainers of class net.openhft.hashing.UnsafeAccess
WARNING: sun.misc.Unsafe::arrayBaseOffset will be removed in a future release
SAMPLE,p09-candidate,append,0,bulkAppendCommit,80147419,39445120,-1,-1,-1,-1,-1,-1,-1,-1
SAMPLE,p09-candidate,append,0,publicCompactDiff,38418293,37279312,-1,-1,-1,-1,-1,-1,-1,-1
SAMPLE,p09-candidate,append,0,publicMaterializedDiff,37498970,37090600,-1,-1,-1,-1,-1,-1,-1,-1
SAMPLE,p09-candidate,append,0,replayRead,3093570,2273064,-1,-1,-1,-1,-1,-1,-1,-1
SAMPLE,p09-candidate,append,0,unchangedPublicDiff,356745,16944,-1,-1,-1,-1,-1,-1,-1,-1
SAMPLE,p09-candidate,append,0,revisionCopy,53830066,14577976,-1,-1,-1,-1,-1,-1,-1,-1
SAMPLE,p09-candidate,append,1,bulkAppendCommit,95348842,39440256,-1,-1,-1,-1,-1,-1,-1,-1
SAMPLE,p09-candidate,append,1,publicCompactDiff,56528825,37279544,-1,-1,-1,-1,-1,-1,-1,-1
SAMPLE,p09-candidate,append,1,publicMaterializedDiff,38974967,37090664,-1,-1,-1,-1,-1,-1,-1,-1
SAMPLE,p09-candidate,append,1,replayRead,2774696,2273096,-1,-1,-1,-1,-1,-1,-1,-1
SAMPLE,p09-candidate,append,1,unchangedPublicDiff,321769,16944,-1,-1,-1,-1,-1,-1,-1,-1
SAMPLE,p09-candidate,append,1,revisionCopy,50925995,14573272,-1,-1,-1,-1,-1,-1,-1,-1
SAMPLE,p09-candidate,append,2,bulkAppendCommit,89152084,39490256,-1,-1,-1,-1,-1,-1,-1,-1
SAMPLE,p09-candidate,append,2,publicCompactDiff,55816810,37279344,-1,-1,-1,-1,-1,-1,-1,-1
SAMPLE,p09-candidate,append,2,publicMaterializedDiff,52755020,37090600,-1,-1,-1,-1,-1,-1,-1,-1
SAMPLE,p09-candidate,append,2,replayRead,5650966,2273064,-1,-1,-1,-1,-1,-1,-1,-1
SAMPLE,p09-candidate,append,2,unchangedPublicDiff,495405,16944,-1,-1,-1,-1,-1,-1,-1,-1
SAMPLE,p09-candidate,append,2,revisionCopy,51642810,14613272,-1,-1,-1,-1,-1,-1,-1,-1
SAMPLE,p09-candidate,append,3,bulkAppendCommit,85210738,39415072,-1,-1,-1,-1,-1,-1,-1,-1
SAMPLE,p09-candidate,append,3,publicCompactDiff,54707203,37279480,-1,-1,-1,-1,-1,-1,-1,-1
SAMPLE,p09-candidate,append,3,publicMaterializedDiff,52620019,37090664,-1,-1,-1,-1,-1,-1,-1,-1
SAMPLE,p09-candidate,append,3,replayRead,5561727,2273096,-1,-1,-1,-1,-1,-1,-1,-1
SAMPLE,p09-candidate,append,3,unchangedPublicDiff,449291,16944,-1,-1,-1,-1,-1,-1,-1,-1
SAMPLE,p09-candidate,append,3,revisionCopy,44135017,14746288,-1,-1,-1,-1,-1,-1,-1,-1
SAMPLE,p09-candidate,append,4,bulkAppendCommit,78434603,39463520,-1,-1,-1,-1,-1,-1,-1,-1
SAMPLE,p09-candidate,append,4,publicCompactDiff,41489048,37279312,-1,-1,-1,-1,-1,-1,-1,-1
SAMPLE,p09-candidate,append,4,publicMaterializedDiff,39980040,37090600,-1,-1,-1,-1,-1,-1,-1,-1
SAMPLE,p09-candidate,append,4,replayRead,4328988,2273064,-1,-1,-1,-1,-1,-1,-1,-1
SAMPLE,p09-candidate,append,4,unchangedPublicDiff,395044,16944,-1,-1,-1,-1,-1,-1,-1,-1
SAMPLE,p09-candidate,append,4,revisionCopy,51566592,14585440,-1,-1,-1,-1,-1,-1,-1,-1
SAMPLE,p09-candidate,append,5,bulkAppendCommit,69025586,39337488,-1,-1,-1,-1,-1,-1,-1,-1
SAMPLE,p09-candidate,append,5,publicCompactDiff,36978301,37279544,-1,-1,-1,-1,-1,-1,-1,-1
SAMPLE,p09-candidate,append,5,publicMaterializedDiff,38113960,37090664,-1,-1,-1,-1,-1,-1,-1,-1
SAMPLE,p09-candidate,append,5,replayRead,3343484,2273096,-1,-1,-1,-1,-1,-1,-1,-1
SAMPLE,p09-candidate,append,5,unchangedPublicDiff,299943,16944,-1,-1,-1,-1,-1,-1,-1,-1
SAMPLE,p09-candidate,append,5,revisionCopy,33877360,14673856,-1,-1,-1,-1,-1,-1,-1,-1
SAMPLE,p09-candidate,append,6,bulkAppendCommit,82021548,39337424,-1,-1,-1,-1,-1,-1,-1,-1
SAMPLE,p09-candidate,append,6,publicCompactDiff,52680982,37279408,-1,-1,-1,-1,-1,-1,-1,-1
SAMPLE,p09-candidate,append,6,publicMaterializedDiff,42736352,37090600,-1,-1,-1,-1,-1,-1,-1,-1
SAMPLE,p09-candidate,append,6,replayRead,5506559,2273064,-1,-1,-1,-1,-1,-1,-1,-1
SAMPLE,p09-candidate,append,6,unchangedPublicDiff,355186,16944,-1,-1,-1,-1,-1,-1,-1,-1
SAMPLE,p09-candidate,append,6,revisionCopy,44683832,14607424,-1,-1,-1,-1,-1,-1,-1,-1
SAMPLE,p09-candidate,append,7,bulkAppendCommit,61457042,39337728,-1,-1,-1,-1,-1,-1,-1,-1
SAMPLE,p09-candidate,append,7,publicCompactDiff,39976828,37279512,-1,-1,-1,-1,-1,-1,-1,-1
SAMPLE,p09-candidate,append,7,publicMaterializedDiff,43791108,37090664,-1,-1,-1,-1,-1,-1,-1,-1
SAMPLE,p09-candidate,append,7,replayRead,5817122,2273096,-1,-1,-1,-1,-1,-1,-1,-1
SAMPLE,p09-candidate,append,7,unchangedPublicDiff,441281,16944,-1,-1,-1,-1,-1,-1,-1,-1
SAMPLE,p09-candidate,append,7,revisionCopy,47233680,14682800,-1,-1,-1,-1,-1,-1,-1,-1
SAMPLE,p09-candidate,append,8,bulkAppendCommit,81469803,39337264,-1,-1,-1,-1,-1,-1,-1,-1
SAMPLE,p09-candidate,append,8,publicCompactDiff,53098115,37278960,-1,-1,-1,-1,-1,-1,-1,-1
SAMPLE,p09-candidate,append,8,publicMaterializedDiff,52079100,37090504,-1,-1,-1,-1,-1,-1,-1,-1
SAMPLE,p09-candidate,append,8,replayRead,4362271,2273016,-1,-1,-1,-1,-1,-1,-1,-1
SAMPLE,p09-candidate,append,8,unchangedPublicDiff,314575,16872,-1,-1,-1,-1,-1,-1,-1,-1
SAMPLE,p09-candidate,append,8,revisionCopy,63856162,14627904,-1,-1,-1,-1,-1,-1,-1,-1
SAMPLE,p09-candidate,append,9,bulkAppendCommit,81944491,39335592,-1,-1,-1,-1,-1,-1,-1,-1
SAMPLE,p09-candidate,append,9,publicCompactDiff,51516363,37279128,-1,-1,-1,-1,-1,-1,-1,-1
SAMPLE,p09-candidate,append,9,publicMaterializedDiff,32784005,37090568,-1,-1,-1,-1,-1,-1,-1,-1
SAMPLE,p09-candidate,append,9,replayRead,2764049,2273048,-1,-1,-1,-1,-1,-1,-1,-1
SAMPLE,p09-candidate,append,9,unchangedPublicDiff,262007,16872,-1,-1,-1,-1,-1,-1,-1,-1
SAMPLE,p09-candidate,append,9,revisionCopy,42300850,14602440,-1,-1,-1,-1,-1,-1,-1,-1
SAMPLE,p09-candidate,append,10,bulkAppendCommit,49531127,39335384,-1,-1,-1,-1,-1,-1,-1,-1
SAMPLE,p09-candidate,append,10,publicCompactDiff,32207948,37278928,-1,-1,-1,-1,-1,-1,-1,-1
SAMPLE,p09-candidate,append,10,publicMaterializedDiff,30910021,37090504,-1,-1,-1,-1,-1,-1,-1,-1
SAMPLE,p09-candidate,append,10,replayRead,2795037,2273016,-1,-1,-1,-1,-1,-1,-1,-1
SAMPLE,p09-candidate,append,10,unchangedPublicDiff,230517,16872,-1,-1,-1,-1,-1,-1,-1,-1
SAMPLE,p09-candidate,append,10,revisionCopy,33308381,14669608,-1,-1,-1,-1,-1,-1,-1,-1
SAMPLE,p09-candidate,append,11,bulkAppendCommit,57976466,39335592,-1,-1,-1,-1,-1,-1,-1,-1
SAMPLE,p09-candidate,append,11,publicCompactDiff,34661542,37279256,-1,-1,-1,-1,-1,-1,-1,-1
SAMPLE,p09-candidate,append,11,publicMaterializedDiff,32275342,37090568,-1,-1,-1,-1,-1,-1,-1,-1
SAMPLE,p09-candidate,append,11,replayRead,5276651,2273048,-1,-1,-1,-1,-1,-1,-1,-1
SAMPLE,p09-candidate,append,11,unchangedPublicDiff,340378,16872,-1,-1,-1,-1,-1,-1,-1,-1
SAMPLE,p09-candidate,append,11,revisionCopy,48116959,14602088,-1,-1,-1,-1,-1,-1,-1,-1
SAMPLE,p09-candidate,append,12,bulkAppendCommit,60977237,39335896,-1,-1,-1,-1,-1,-1,-1,-1
SAMPLE,p09-candidate,append,12,publicCompactDiff,33436101,37278928,-1,-1,-1,-1,-1,-1,-1,-1
SAMPLE,p09-candidate,append,12,publicMaterializedDiff,32237849,37090504,-1,-1,-1,-1,-1,-1,-1,-1
SAMPLE,p09-candidate,append,12,replayRead,2760155,2273016,-1,-1,-1,-1,-1,-1,-1,-1
SAMPLE,p09-candidate,append,12,unchangedPublicDiff,292142,16872,-1,-1,-1,-1,-1,-1,-1,-1
SAMPLE,p09-candidate,append,12,revisionCopy,31215687,14605944,-1,-1,-1,-1,-1,-1,-1,-1
SAMPLE,p09-candidate,append,13,bulkAppendCommit,81360004,39335592,-1,-1,-1,-1,-1,-1,-1,-1
SAMPLE,p09-candidate,append,13,publicCompactDiff,41404745,37279192,-1,-1,-1,-1,-1,-1,-1,-1
SAMPLE,p09-candidate,append,13,publicMaterializedDiff,30670995,37090568,-1,-1,-1,-1,-1,-1,-1,-1
SAMPLE,p09-candidate,append,13,replayRead,3384779,2273048,-1,-1,-1,-1,-1,-1,-1,-1
SAMPLE,p09-candidate,append,13,unchangedPublicDiff,234376,16872,-1,-1,-1,-1,-1,-1,-1,-1
SAMPLE,p09-candidate,append,13,revisionCopy,44956970,14668920,-1,-1,-1,-1,-1,-1,-1,-1
SAMPLE,p09-candidate,append,14,bulkAppendCommit,63046470,39335496,-1,-1,-1,-1,-1,-1,-1,-1
SAMPLE,p09-candidate,append,14,publicCompactDiff,54357348,37278992,-1,-1,-1,-1,-1,-1,-1,-1
SAMPLE,p09-candidate,append,14,publicMaterializedDiff,52400040,37090504,-1,-1,-1,-1,-1,-1,-1,-1
SAMPLE,p09-candidate,append,14,replayRead,5632696,2273016,-1,-1,-1,-1,-1,-1,-1,-1
SAMPLE,p09-candidate,append,14,unchangedPublicDiff,347418,16872,-1,-1,-1,-1,-1,-1,-1,-1
SAMPLE,p09-candidate,append,14,revisionCopy,45007550,14536488,-1,-1,-1,-1,-1,-1,-1,-1
SAMPLE,p09-candidate,append,15,bulkAppendCommit,46320030,39335856,-1,-1,-1,-1,-1,-1,-1,-1
SAMPLE,p09-candidate,append,15,publicCompactDiff,31959142,37279128,-1,-1,-1,-1,-1,-1,-1,-1
SAMPLE,p09-candidate,append,15,publicMaterializedDiff,33033298,37090568,-1,-1,-1,-1,-1,-1,-1,-1
SAMPLE,p09-candidate,append,15,replayRead,4055278,2273048,-1,-1,-1,-1,-1,-1,-1,-1
SAMPLE,p09-candidate,append,15,unchangedPublicDiff,257454,16872,-1,-1,-1,-1,-1,-1,-1,-1
SAMPLE,p09-candidate,append,15,revisionCopy,29480364,14560104,-1,-1,-1,-1,-1,-1,-1,-1
SAMPLE,p09-candidate,append,16,bulkAppendCommit,46653523,39334576,-1,-1,-1,-1,-1,-1,-1,-1
SAMPLE,p09-candidate,append,16,publicCompactDiff,42498054,37278992,-1,-1,-1,-1,-1,-1,-1,-1
SAMPLE,p09-candidate,append,16,publicMaterializedDiff,31413721,37090504,-1,-1,-1,-1,-1,-1,-1,-1
SAMPLE,p09-candidate,append,16,replayRead,2696794,2273016,-1,-1,-1,-1,-1,-1,-1,-1
SAMPLE,p09-candidate,append,16,unchangedPublicDiff,203024,16872,-1,-1,-1,-1,-1,-1,-1,-1
SAMPLE,p09-candidate,append,16,revisionCopy,28456722,14600296,-1,-1,-1,-1,-1,-1,-1,-1
END,p09-candidate,sink=1318349761
# [StorageProfile] dump called: enabled=false byKind.size=0
