ADMITTED,2026-10-05T22:38:36Z
WARNING: Using incubator modules: jdk.incubator.vector
RUN,p09-baseline,pid=2899216,java=25.0.3,identity=false,warmups=24,samples=17
JVM,p09-baseline,maxHeap=3221225472,arguments=[-XX:ThreadPriorityPolicy=1, -XX:+UnlockExperimentalVMOptions, -XX:+EnableJVMCIProduct, -XX:+EnableJVMCI, -XX:-UnlockExperimentalVMOptions, -ea, -Xms512m, -Xmx3g, --add-opens=java.base/sun.nio.ch=ALL-UNNAMED, --add-opens=java.base/java.nio=ALL-UNNAMED, --add-modules=jdk.incubator.vector, --enable-native-access=ALL-UNNAMED, -XX:+EnableDynamicAgentLoading, -XX:+UnlockDiagnosticVMOptions, -XX:+DebugNonSafepoints, --add-modules=jdk.incubator.vector, -Dfile.encoding=UTF-8, -Djava.io.tmpdir=/home/johannes/.treehouse/sirix-cdde48/20/sirix/build/replay/tmp, -Dlogback.configurationFile=/home/johannes/.treehouse/sirix-cdde48/20/sirix/build/replay/latency/quiet.xml, -Dsirix.replay.workDiag=false, -Dsirix.hot.mergeDiag=false, -Dsirix.replay.bench.scenarios=append]
COLUMNS,label,scenario,iteration,metric,nanos,threadAllocatedBytes,recordVisits,createdIdentities,stagedRecords,ancestorSteps,sidecarReads,fallbackPages,pathSteps,bookkeepingOperations
WARNING: A terminally deprecated method in sun.misc.Unsafe has been called
WARNING: sun.misc.Unsafe::arrayBaseOffset has been called by net.openhft.hashing.UnsafeAccess (file:/home/johannes/.gradle/caches/modules-2/files-2.1/net.openhft/zero-allocation-hashing/2026.0/2447494f7842ca377b4ccdba2089a8da5c1d1b50/zero-allocation-hashing-2026.0.jar)
WARNING: Please consider reporting this to the maintainers of class net.openhft.hashing.UnsafeAccess
WARNING: sun.misc.Unsafe::arrayBaseOffset will be removed in a future release
SAMPLE,p09-baseline,append,0,bulkAppendCommit,49572111,36760376,-1,-1,-1,-1,-1,-1,-1,-1
SAMPLE,p09-baseline,append,0,publicCompactDiff,31866982,35803088,-1,-1,-1,-1,-1,-1,-1,-1
SAMPLE,p09-baseline,append,0,publicMaterializedDiff,31825984,35614600,-1,-1,-1,-1,-1,-1,-1,-1
SAMPLE,p09-baseline,append,0,replayRead,40806135,35528928,-1,-1,-1,-1,-1,-1,-1,-1
SAMPLE,p09-baseline,append,0,unchangedPublicDiff,407984,16832,-1,-1,-1,-1,-1,-1,-1,-1
SAMPLE,p09-baseline,append,0,revisionCopy,140822361,49114864,-1,-1,-1,-1,-1,-1,-1,-1
SAMPLE,p09-baseline,append,1,bulkAppendCommit,70525557,36760424,-1,-1,-1,-1,-1,-1,-1,-1
SAMPLE,p09-baseline,append,1,publicCompactDiff,49406671,35803128,-1,-1,-1,-1,-1,-1,-1,-1
SAMPLE,p09-baseline,append,1,publicMaterializedDiff,28709724,35614536,-1,-1,-1,-1,-1,-1,-1,-1
SAMPLE,p09-baseline,append,1,replayRead,47338564,35528832,-1,-1,-1,-1,-1,-1,-1,-1
SAMPLE,p09-baseline,append,1,unchangedPublicDiff,389906,16768,-1,-1,-1,-1,-1,-1,-1,-1
SAMPLE,p09-baseline,append,1,revisionCopy,93156630,49114824,-1,-1,-1,-1,-1,-1,-1,-1
SAMPLE,p09-baseline,append,2,bulkAppendCommit,76315797,36760456,-1,-1,-1,-1,-1,-1,-1,-1
SAMPLE,p09-baseline,append,2,publicCompactDiff,52552235,35803192,-1,-1,-1,-1,-1,-1,-1,-1
SAMPLE,p09-baseline,append,2,publicMaterializedDiff,48016317,35614600,-1,-1,-1,-1,-1,-1,-1,-1
SAMPLE,p09-baseline,append,2,replayRead,46695807,35528928,-1,-1,-1,-1,-1,-1,-1,-1
SAMPLE,p09-baseline,append,2,unchangedPublicDiff,407751,16832,-1,-1,-1,-1,-1,-1,-1,-1
SAMPLE,p09-baseline,append,2,revisionCopy,142537606,49115064,-1,-1,-1,-1,-1,-1,-1,-1
SAMPLE,p09-baseline,append,3,bulkAppendCommit,48403914,36760472,-1,-1,-1,-1,-1,-1,-1,-1
SAMPLE,p09-baseline,append,3,publicCompactDiff,43638664,35803160,-1,-1,-1,-1,-1,-1,-1,-1
SAMPLE,p09-baseline,append,3,publicMaterializedDiff,31267402,35614536,-1,-1,-1,-1,-1,-1,-1,-1
SAMPLE,p09-baseline,append,3,replayRead,31230773,35528992,-1,-1,-1,-1,-1,-1,-1,-1
SAMPLE,p09-baseline,append,3,unchangedPublicDiff,326476,16768,-1,-1,-1,-1,-1,-1,-1,-1
SAMPLE,p09-baseline,append,3,revisionCopy,121409591,49115400,-1,-1,-1,-1,-1,-1,-1,-1
SAMPLE,p09-baseline,append,4,bulkAppendCommit,77487154,36760176,-1,-1,-1,-1,-1,-1,-1,-1
SAMPLE,p09-baseline,append,4,publicCompactDiff,52341248,35803120,-1,-1,-1,-1,-1,-1,-1,-1
SAMPLE,p09-baseline,append,4,publicMaterializedDiff,45388524,35614600,-1,-1,-1,-1,-1,-1,-1,-1
SAMPLE,p09-baseline,append,4,replayRead,29645306,35529088,-1,-1,-1,-1,-1,-1,-1,-1
SAMPLE,p09-baseline,append,4,unchangedPublicDiff,292822,16832,-1,-1,-1,-1,-1,-1,-1,-1
SAMPLE,p09-baseline,append,4,revisionCopy,126207585,49114632,-1,-1,-1,-1,-1,-1,-1,-1
SAMPLE,p09-baseline,append,5,bulkAppendCommit,48239016,36760248,-1,-1,-1,-1,-1,-1,-1,-1
SAMPLE,p09-baseline,append,5,publicCompactDiff,30350564,35803096,-1,-1,-1,-1,-1,-1,-1,-1
SAMPLE,p09-baseline,append,5,publicMaterializedDiff,47515278,35614536,-1,-1,-1,-1,-1,-1,-1,-1
SAMPLE,p09-baseline,append,5,replayRead,51141569,35528992,-1,-1,-1,-1,-1,-1,-1,-1
SAMPLE,p09-baseline,append,5,unchangedPublicDiff,366621,16768,-1,-1,-1,-1,-1,-1,-1,-1
SAMPLE,p09-baseline,append,5,revisionCopy,110982517,49114688,-1,-1,-1,-1,-1,-1,-1,-1
SAMPLE,p09-baseline,append,6,bulkAppendCommit,46681533,36760328,-1,-1,-1,-1,-1,-1,-1,-1
SAMPLE,p09-baseline,append,6,publicCompactDiff,30373628,35803056,-1,-1,-1,-1,-1,-1,-1,-1
SAMPLE,p09-baseline,append,6,publicMaterializedDiff,30601695,35614600,-1,-1,-1,-1,-1,-1,-1,-1
SAMPLE,p09-baseline,append,6,replayRead,30521814,35529088,-1,-1,-1,-1,-1,-1,-1,-1
SAMPLE,p09-baseline,append,6,unchangedPublicDiff,285131,16832,-1,-1,-1,-1,-1,-1,-1,-1
SAMPLE,p09-baseline,append,6,revisionCopy,149492007,49109032,-1,-1,-1,-1,-1,-1,-1,-1
SAMPLE,p09-baseline,append,7,bulkAppendCommit,77021601,36756528,-1,-1,-1,-1,-1,-1,-1,-1
SAMPLE,p09-baseline,append,7,publicCompactDiff,41083205,35803128,-1,-1,-1,-1,-1,-1,-1,-1
SAMPLE,p09-baseline,append,7,publicMaterializedDiff,34527633,35614536,-1,-1,-1,-1,-1,-1,-1,-1
SAMPLE,p09-baseline,append,7,replayRead,29876470,35528992,-1,-1,-1,-1,-1,-1,-1,-1
SAMPLE,p09-baseline,append,7,unchangedPublicDiff,264440,16768,-1,-1,-1,-1,-1,-1,-1,-1
SAMPLE,p09-baseline,append,7,revisionCopy,138206618,49107920,-1,-1,-1,-1,-1,-1,-1,-1
SAMPLE,p09-baseline,append,8,bulkAppendCommit,44087411,36755848,-1,-1,-1,-1,-1,-1,-1,-1
SAMPLE,p09-baseline,append,8,publicCompactDiff,49059436,35803056,-1,-1,-1,-1,-1,-1,-1,-1
SAMPLE,p09-baseline,append,8,publicMaterializedDiff,51197577,35614600,-1,-1,-1,-1,-1,-1,-1,-1
SAMPLE,p09-baseline,append,8,replayRead,50092138,35529088,-1,-1,-1,-1,-1,-1,-1,-1
SAMPLE,p09-baseline,append,8,unchangedPublicDiff,391350,16832,-1,-1,-1,-1,-1,-1,-1,-1
SAMPLE,p09-baseline,append,8,revisionCopy,108532919,48977272,-1,-1,-1,-1,-1,-1,-1,-1
SAMPLE,p09-baseline,append,9,bulkAppendCommit,72991037,36756032,-1,-1,-1,-1,-1,-1,-1,-1
SAMPLE,p09-baseline,append,9,publicCompactDiff,43118767,35803160,-1,-1,-1,-1,-1,-1,-1,-1
SAMPLE,p09-baseline,append,9,publicMaterializedDiff,27825567,35614536,-1,-1,-1,-1,-1,-1,-1,-1
SAMPLE,p09-baseline,append,9,replayRead,32852950,35528992,-1,-1,-1,-1,-1,-1,-1,-1
SAMPLE,p09-baseline,append,9,unchangedPublicDiff,385837,16768,-1,-1,-1,-1,-1,-1,-1,-1
SAMPLE,p09-baseline,append,9,revisionCopy,102959098,48977744,-1,-1,-1,-1,-1,-1,-1,-1
SAMPLE,p09-baseline,append,10,bulkAppendCommit,62843783,36756008,-1,-1,-1,-1,-1,-1,-1,-1
SAMPLE,p09-baseline,append,10,publicCompactDiff,31816559,35803056,-1,-1,-1,-1,-1,-1,-1,-1
SAMPLE,p09-baseline,append,10,publicMaterializedDiff,47490715,35614600,-1,-1,-1,-1,-1,-1,-1,-1
SAMPLE,p09-baseline,append,10,replayRead,46512255,35529088,-1,-1,-1,-1,-1,-1,-1,-1
SAMPLE,p09-baseline,append,10,unchangedPublicDiff,311406,16832,-1,-1,-1,-1,-1,-1,-1,-1
SAMPLE,p09-baseline,append,10,revisionCopy,87100361,48977560,-1,-1,-1,-1,-1,-1,-1,-1
SAMPLE,p09-baseline,append,11,bulkAppendCommit,44259162,36755784,-1,-1,-1,-1,-1,-1,-1,-1
SAMPLE,p09-baseline,append,11,publicCompactDiff,29611125,35803096,-1,-1,-1,-1,-1,-1,-1,-1
SAMPLE,p09-baseline,append,11,publicMaterializedDiff,29082986,35614536,-1,-1,-1,-1,-1,-1,-1,-1
SAMPLE,p09-baseline,append,11,replayRead,33738657,35528992,-1,-1,-1,-1,-1,-1,-1,-1
SAMPLE,p09-baseline,append,11,unchangedPublicDiff,260534,16768,-1,-1,-1,-1,-1,-1,-1,-1
SAMPLE,p09-baseline,append,11,revisionCopy,85773300,48976672,-1,-1,-1,-1,-1,-1,-1,-1
SAMPLE,p09-baseline,append,12,bulkAppendCommit,60139005,36755256,-1,-1,-1,-1,-1,-1,-1,-1
SAMPLE,p09-baseline,append,12,publicCompactDiff,48506402,35803056,-1,-1,-1,-1,-1,-1,-1,-1
SAMPLE,p09-baseline,append,12,publicMaterializedDiff,49763705,35614600,-1,-1,-1,-1,-1,-1,-1,-1
SAMPLE,p09-baseline,append,12,replayRead,41338860,35529088,-1,-1,-1,-1,-1,-1,-1,-1
SAMPLE,p09-baseline,append,12,unchangedPublicDiff,258882,16832,-1,-1,-1,-1,-1,-1,-1,-1
SAMPLE,p09-baseline,append,12,revisionCopy,93945558,48976480,-1,-1,-1,-1,-1,-1,-1,-1
SAMPLE,p09-baseline,append,13,bulkAppendCommit,50263684,36755784,-1,-1,-1,-1,-1,-1,-1,-1
SAMPLE,p09-baseline,append,13,publicCompactDiff,31424631,35803096,-1,-1,-1,-1,-1,-1,-1,-1
SAMPLE,p09-baseline,append,13,publicMaterializedDiff,31732050,35614536,-1,-1,-1,-1,-1,-1,-1,-1
SAMPLE,p09-baseline,append,13,replayRead,41856792,35528992,-1,-1,-1,-1,-1,-1,-1,-1
SAMPLE,p09-baseline,append,13,unchangedPublicDiff,367938,16768,-1,-1,-1,-1,-1,-1,-1,-1
SAMPLE,p09-baseline,append,13,revisionCopy,123501422,48977320,-1,-1,-1,-1,-1,-1,-1,-1
SAMPLE,p09-baseline,append,14,bulkAppendCommit,87820055,36755672,-1,-1,-1,-1,-1,-1,-1,-1
SAMPLE,p09-baseline,append,14,publicCompactDiff,57073826,35803056,-1,-1,-1,-1,-1,-1,-1,-1
SAMPLE,p09-baseline,append,14,publicMaterializedDiff,31323601,35614600,-1,-1,-1,-1,-1,-1,-1,-1
SAMPLE,p09-baseline,append,14,replayRead,32951665,35529088,-1,-1,-1,-1,-1,-1,-1,-1
SAMPLE,p09-baseline,append,14,unchangedPublicDiff,270553,16832,-1,-1,-1,-1,-1,-1,-1,-1
SAMPLE,p09-baseline,append,14,revisionCopy,101665186,48976808,-1,-1,-1,-1,-1,-1,-1,-1
SAMPLE,p09-baseline,append,15,bulkAppendCommit,49317910,36755816,-1,-1,-1,-1,-1,-1,-1,-1
SAMPLE,p09-baseline,append,15,publicCompactDiff,34036716,35803096,-1,-1,-1,-1,-1,-1,-1,-1
SAMPLE,p09-baseline,append,15,publicMaterializedDiff,27952983,35614536,-1,-1,-1,-1,-1,-1,-1,-1
SAMPLE,p09-baseline,append,15,replayRead,28730181,35528992,-1,-1,-1,-1,-1,-1,-1,-1
SAMPLE,p09-baseline,append,15,unchangedPublicDiff,235180,16768,-1,-1,-1,-1,-1,-1,-1,-1
SAMPLE,p09-baseline,append,15,revisionCopy,96068181,48977528,-1,-1,-1,-1,-1,-1,-1,-1
SAMPLE,p09-baseline,append,16,bulkAppendCommit,45726472,36755864,-1,-1,-1,-1,-1,-1,-1,-1
SAMPLE,p09-baseline,append,16,publicCompactDiff,32254411,35803056,-1,-1,-1,-1,-1,-1,-1,-1
SAMPLE,p09-baseline,append,16,publicMaterializedDiff,30075171,35614600,-1,-1,-1,-1,-1,-1,-1,-1
SAMPLE,p09-baseline,append,16,replayRead,29174590,35529088,-1,-1,-1,-1,-1,-1,-1,-1
SAMPLE,p09-baseline,append,16,unchangedPublicDiff,326519,16832,-1,-1,-1,-1,-1,-1,-1,-1
SAMPLE,p09-baseline,append,16,revisionCopy,107993106,48976608,-1,-1,-1,-1,-1,-1,-1,-1
END,p09-baseline,sink=556119
# [StorageProfile] dump called: enabled=false byKind.size=0
