ADMITTED,2026-10-05T22:39:14Z
WARNING: Using incubator modules: jdk.incubator.vector
RUN,p10-candidate,pid=2914460,java=25.0.3,identity=true,warmups=24,samples=17
JVM,p10-candidate,maxHeap=3221225472,arguments=[-XX:ThreadPriorityPolicy=1, -XX:+UnlockExperimentalVMOptions, -XX:+EnableJVMCIProduct, -XX:+EnableJVMCI, -XX:-UnlockExperimentalVMOptions, -ea, -Xms512m, -Xmx3g, --add-opens=java.base/sun.nio.ch=ALL-UNNAMED, --add-opens=java.base/java.nio=ALL-UNNAMED, --add-modules=jdk.incubator.vector, --enable-native-access=ALL-UNNAMED, -XX:+EnableDynamicAgentLoading, -XX:+UnlockDiagnosticVMOptions, -XX:+DebugNonSafepoints, --add-modules=jdk.incubator.vector, -Dfile.encoding=UTF-8, -Djava.io.tmpdir=/home/johannes/.treehouse/sirix-cdde48/20/sirix/build/replay/tmp, -Dlogback.configurationFile=/home/johannes/.treehouse/sirix-cdde48/20/sirix/build/replay/latency/quiet.xml, -Dsirix.replay.workDiag=false, -Dsirix.hot.mergeDiag=false, -Dsirix.replay.bench.scenarios=append]
COLUMNS,label,scenario,iteration,metric,nanos,threadAllocatedBytes,recordVisits,createdIdentities,stagedRecords,ancestorSteps,sidecarReads,fallbackPages,pathSteps,bookkeepingOperations
WARNING: A terminally deprecated method in sun.misc.Unsafe has been called
WARNING: sun.misc.Unsafe::arrayBaseOffset has been called by net.openhft.hashing.UnsafeAccess (file:/home/johannes/.gradle/caches/modules-2/files-2.1/net.openhft/zero-allocation-hashing/2026.0/2447494f7842ca377b4ccdba2089a8da5c1d1b50/zero-allocation-hashing-2026.0.jar)
WARNING: Please consider reporting this to the maintainers of class net.openhft.hashing.UnsafeAccess
WARNING: sun.misc.Unsafe::arrayBaseOffset will be removed in a future release
SAMPLE,p10-candidate,append,0,bulkAppendCommit,50385760,39445880,-1,-1,-1,-1,-1,-1,-1,-1
SAMPLE,p10-candidate,append,0,publicCompactDiff,32899775,37279408,-1,-1,-1,-1,-1,-1,-1,-1
SAMPLE,p10-candidate,append,0,publicMaterializedDiff,30525321,37090600,-1,-1,-1,-1,-1,-1,-1,-1
SAMPLE,p10-candidate,append,0,replayRead,3668257,2273112,-1,-1,-1,-1,-1,-1,-1,-1
SAMPLE,p10-candidate,append,0,unchangedPublicDiff,243220,16944,-1,-1,-1,-1,-1,-1,-1,-1
SAMPLE,p10-candidate,append,0,revisionCopy,40320366,14759272,-1,-1,-1,-1,-1,-1,-1,-1
SAMPLE,p10-candidate,append,1,bulkAppendCommit,52772859,39445856,-1,-1,-1,-1,-1,-1,-1,-1
SAMPLE,p10-candidate,append,1,publicCompactDiff,31597893,37279576,-1,-1,-1,-1,-1,-1,-1,-1
SAMPLE,p10-candidate,append,1,publicMaterializedDiff,32641317,37090664,-1,-1,-1,-1,-1,-1,-1,-1
SAMPLE,p10-candidate,append,1,replayRead,3217908,2273144,-1,-1,-1,-1,-1,-1,-1,-1
SAMPLE,p10-candidate,append,1,unchangedPublicDiff,272439,16944,-1,-1,-1,-1,-1,-1,-1,-1
SAMPLE,p10-candidate,append,1,revisionCopy,44149030,14724360,-1,-1,-1,-1,-1,-1,-1,-1
SAMPLE,p10-candidate,append,2,bulkAppendCommit,90855111,39445472,-1,-1,-1,-1,-1,-1,-1,-1
SAMPLE,p10-candidate,append,2,publicCompactDiff,56413649,37279408,-1,-1,-1,-1,-1,-1,-1,-1
SAMPLE,p10-candidate,append,2,publicMaterializedDiff,53128882,37090600,-1,-1,-1,-1,-1,-1,-1,-1
SAMPLE,p10-candidate,append,2,replayRead,5420731,2273064,-1,-1,-1,-1,-1,-1,-1,-1
SAMPLE,p10-candidate,append,2,unchangedPublicDiff,441182,16944,-1,-1,-1,-1,-1,-1,-1,-1
SAMPLE,p10-candidate,append,2,revisionCopy,63046501,14607688,-1,-1,-1,-1,-1,-1,-1,-1
SAMPLE,p10-candidate,append,3,bulkAppendCommit,66607979,39445952,-1,-1,-1,-1,-1,-1,-1,-1
SAMPLE,p10-candidate,append,3,publicCompactDiff,39643439,37279544,-1,-1,-1,-1,-1,-1,-1,-1
SAMPLE,p10-candidate,append,3,publicMaterializedDiff,30093324,37090664,-1,-1,-1,-1,-1,-1,-1,-1
SAMPLE,p10-candidate,append,3,replayRead,2893907,2273096,-1,-1,-1,-1,-1,-1,-1,-1
SAMPLE,p10-candidate,append,3,unchangedPublicDiff,253772,16944,-1,-1,-1,-1,-1,-1,-1,-1
SAMPLE,p10-candidate,append,3,revisionCopy,34189294,14623896,-1,-1,-1,-1,-1,-1,-1,-1
SAMPLE,p10-candidate,append,4,bulkAppendCommit,50591195,39444400,-1,-1,-1,-1,-1,-1,-1,-1
SAMPLE,p10-candidate,append,4,publicCompactDiff,54974707,37279408,-1,-1,-1,-1,-1,-1,-1,-1
SAMPLE,p10-candidate,append,4,publicMaterializedDiff,45450938,37090600,-1,-1,-1,-1,-1,-1,-1,-1
SAMPLE,p10-candidate,append,4,replayRead,3306919,2273064,-1,-1,-1,-1,-1,-1,-1,-1
SAMPLE,p10-candidate,append,4,unchangedPublicDiff,356345,16944,-1,-1,-1,-1,-1,-1,-1,-1
SAMPLE,p10-candidate,append,4,revisionCopy,38254571,14683952,-1,-1,-1,-1,-1,-1,-1,-1
SAMPLE,p10-candidate,append,5,bulkAppendCommit,57575048,39440416,-1,-1,-1,-1,-1,-1,-1,-1
SAMPLE,p10-candidate,append,5,publicCompactDiff,32009455,37279544,-1,-1,-1,-1,-1,-1,-1,-1
SAMPLE,p10-candidate,append,5,publicMaterializedDiff,30976692,37090664,-1,-1,-1,-1,-1,-1,-1,-1
SAMPLE,p10-candidate,append,5,replayRead,2883093,2273096,-1,-1,-1,-1,-1,-1,-1,-1
SAMPLE,p10-candidate,append,5,unchangedPublicDiff,283783,16944,-1,-1,-1,-1,-1,-1,-1,-1
SAMPLE,p10-candidate,append,5,revisionCopy,50566769,14616816,-1,-1,-1,-1,-1,-1,-1,-1
SAMPLE,p10-candidate,append,6,bulkAppendCommit,63391448,39439984,-1,-1,-1,-1,-1,-1,-1,-1
SAMPLE,p10-candidate,append,6,publicCompactDiff,37249831,37279408,-1,-1,-1,-1,-1,-1,-1,-1
SAMPLE,p10-candidate,append,6,publicMaterializedDiff,32866514,37090600,-1,-1,-1,-1,-1,-1,-1,-1
SAMPLE,p10-candidate,append,6,replayRead,3148700,2273064,-1,-1,-1,-1,-1,-1,-1,-1
SAMPLE,p10-candidate,append,6,unchangedPublicDiff,248815,16944,-1,-1,-1,-1,-1,-1,-1,-1
SAMPLE,p10-candidate,append,6,revisionCopy,33197671,14639672,-1,-1,-1,-1,-1,-1,-1,-1
SAMPLE,p10-candidate,append,7,bulkAppendCommit,49256300,39440560,-1,-1,-1,-1,-1,-1,-1,-1
SAMPLE,p10-candidate,append,7,publicCompactDiff,31692190,37279544,-1,-1,-1,-1,-1,-1,-1,-1
SAMPLE,p10-candidate,append,7,publicMaterializedDiff,30531197,37090664,-1,-1,-1,-1,-1,-1,-1,-1
SAMPLE,p10-candidate,append,7,replayRead,3133173,2273096,-1,-1,-1,-1,-1,-1,-1,-1
SAMPLE,p10-candidate,append,7,unchangedPublicDiff,298185,16944,-1,-1,-1,-1,-1,-1,-1,-1
SAMPLE,p10-candidate,append,7,revisionCopy,35898790,14655568,-1,-1,-1,-1,-1,-1,-1,-1
SAMPLE,p10-candidate,append,8,bulkAppendCommit,56095935,39341824,-1,-1,-1,-1,-1,-1,-1,-1
SAMPLE,p10-candidate,append,8,publicCompactDiff,33340897,37279408,-1,-1,-1,-1,-1,-1,-1,-1
SAMPLE,p10-candidate,append,8,publicMaterializedDiff,34744318,37090600,-1,-1,-1,-1,-1,-1,-1,-1
SAMPLE,p10-candidate,append,8,replayRead,2969839,2273064,-1,-1,-1,-1,-1,-1,-1,-1
SAMPLE,p10-candidate,append,8,unchangedPublicDiff,266602,16944,-1,-1,-1,-1,-1,-1,-1,-1
SAMPLE,p10-candidate,append,8,revisionCopy,32556054,14639800,-1,-1,-1,-1,-1,-1,-1,-1
SAMPLE,p10-candidate,append,9,bulkAppendCommit,52064434,39342128,-1,-1,-1,-1,-1,-1,-1,-1
SAMPLE,p10-candidate,append,9,publicCompactDiff,31518933,37279544,-1,-1,-1,-1,-1,-1,-1,-1
SAMPLE,p10-candidate,append,9,publicMaterializedDiff,30374903,37090664,-1,-1,-1,-1,-1,-1,-1,-1
SAMPLE,p10-candidate,append,9,replayRead,2899910,2273096,-1,-1,-1,-1,-1,-1,-1,-1
SAMPLE,p10-candidate,append,9,unchangedPublicDiff,200167,16944,-1,-1,-1,-1,-1,-1,-1,-1
SAMPLE,p10-candidate,append,9,revisionCopy,30393452,14614624,-1,-1,-1,-1,-1,-1,-1,-1
SAMPLE,p10-candidate,append,10,bulkAppendCommit,46374451,39341632,-1,-1,-1,-1,-1,-1,-1,-1
SAMPLE,p10-candidate,append,10,publicCompactDiff,34135336,37279408,-1,-1,-1,-1,-1,-1,-1,-1
SAMPLE,p10-candidate,append,10,publicMaterializedDiff,31071369,37090600,-1,-1,-1,-1,-1,-1,-1,-1
SAMPLE,p10-candidate,append,10,replayRead,3243382,2273064,-1,-1,-1,-1,-1,-1,-1,-1
SAMPLE,p10-candidate,append,10,unchangedPublicDiff,345682,16944,-1,-1,-1,-1,-1,-1,-1,-1
SAMPLE,p10-candidate,append,10,revisionCopy,31694663,14592256,-1,-1,-1,-1,-1,-1,-1,-1
SAMPLE,p10-candidate,append,11,bulkAppendCommit,48154030,39342192,-1,-1,-1,-1,-1,-1,-1,-1
SAMPLE,p10-candidate,append,11,publicCompactDiff,30535505,37279544,-1,-1,-1,-1,-1,-1,-1,-1
SAMPLE,p10-candidate,append,11,publicMaterializedDiff,30760184,37090664,-1,-1,-1,-1,-1,-1,-1,-1
SAMPLE,p10-candidate,append,11,replayRead,2911488,2273096,-1,-1,-1,-1,-1,-1,-1,-1
SAMPLE,p10-candidate,append,11,unchangedPublicDiff,266566,16944,-1,-1,-1,-1,-1,-1,-1,-1
SAMPLE,p10-candidate,append,11,revisionCopy,31281067,14674760,-1,-1,-1,-1,-1,-1,-1,-1
SAMPLE,p10-candidate,append,12,bulkAppendCommit,47709921,39362888,-1,-1,-1,-1,-1,-1,-1,-1
SAMPLE,p10-candidate,append,12,publicCompactDiff,30380625,37279408,-1,-1,-1,-1,-1,-1,-1,-1
SAMPLE,p10-candidate,append,12,publicMaterializedDiff,29150122,37090600,-1,-1,-1,-1,-1,-1,-1,-1
SAMPLE,p10-candidate,append,12,replayRead,2945507,2273064,-1,-1,-1,-1,-1,-1,-1,-1
SAMPLE,p10-candidate,append,12,unchangedPublicDiff,223582,16944,-1,-1,-1,-1,-1,-1,-1,-1
SAMPLE,p10-candidate,append,12,revisionCopy,33619580,14608016,-1,-1,-1,-1,-1,-1,-1,-1
SAMPLE,p10-candidate,append,13,bulkAppendCommit,52927302,39311152,-1,-1,-1,-1,-1,-1,-1,-1
SAMPLE,p10-candidate,append,13,publicCompactDiff,46381280,37279160,-1,-1,-1,-1,-1,-1,-1,-1
SAMPLE,p10-candidate,append,13,publicMaterializedDiff,32007090,37090568,-1,-1,-1,-1,-1,-1,-1,-1
SAMPLE,p10-candidate,append,13,replayRead,2840645,2273048,-1,-1,-1,-1,-1,-1,-1,-1
SAMPLE,p10-candidate,append,13,unchangedPublicDiff,202043,16872,-1,-1,-1,-1,-1,-1,-1,-1
SAMPLE,p10-candidate,append,13,revisionCopy,31900352,14604168,-1,-1,-1,-1,-1,-1,-1,-1
SAMPLE,p10-candidate,append,14,bulkAppendCommit,46191684,39336792,-1,-1,-1,-1,-1,-1,-1,-1
SAMPLE,p10-candidate,append,14,publicCompactDiff,33414088,37279024,-1,-1,-1,-1,-1,-1,-1,-1
SAMPLE,p10-candidate,append,14,publicMaterializedDiff,30865365,37090504,-1,-1,-1,-1,-1,-1,-1,-1
SAMPLE,p10-candidate,append,14,replayRead,2842724,2273016,-1,-1,-1,-1,-1,-1,-1,-1
SAMPLE,p10-candidate,append,14,unchangedPublicDiff,214233,16872,-1,-1,-1,-1,-1,-1,-1,-1
SAMPLE,p10-candidate,append,14,revisionCopy,29845439,14603456,-1,-1,-1,-1,-1,-1,-1,-1
SAMPLE,p10-candidate,append,15,bulkAppendCommit,48712664,39335984,-1,-1,-1,-1,-1,-1,-1,-1
SAMPLE,p10-candidate,append,15,publicCompactDiff,29279215,37279160,-1,-1,-1,-1,-1,-1,-1,-1
SAMPLE,p10-candidate,append,15,publicMaterializedDiff,32280857,37090568,-1,-1,-1,-1,-1,-1,-1,-1
SAMPLE,p10-candidate,append,15,replayRead,2868688,2273048,-1,-1,-1,-1,-1,-1,-1,-1
SAMPLE,p10-candidate,append,15,unchangedPublicDiff,191251,16872,-1,-1,-1,-1,-1,-1,-1,-1
SAMPLE,p10-candidate,append,15,revisionCopy,29787088,14603936,-1,-1,-1,-1,-1,-1,-1,-1
SAMPLE,p10-candidate,append,16,bulkAppendCommit,49538919,39335464,-1,-1,-1,-1,-1,-1,-1,-1
SAMPLE,p10-candidate,append,16,publicCompactDiff,31978127,37279024,-1,-1,-1,-1,-1,-1,-1,-1
SAMPLE,p10-candidate,append,16,publicMaterializedDiff,30440226,37090504,-1,-1,-1,-1,-1,-1,-1,-1
SAMPLE,p10-candidate,append,16,replayRead,2926098,2273016,-1,-1,-1,-1,-1,-1,-1,-1
SAMPLE,p10-candidate,append,16,unchangedPublicDiff,220646,16872,-1,-1,-1,-1,-1,-1,-1,-1
SAMPLE,p10-candidate,append,16,revisionCopy,31308051,14603024,-1,-1,-1,-1,-1,-1,-1,-1
END,p10-candidate,sink=1713604914
# [StorageProfile] dump called: enabled=false byKind.size=0
