ADMITTED,2026-10-05T22:38:57Z
WARNING: Using incubator modules: jdk.incubator.vector
RUN,p10-baseline,pid=2911682,java=25.0.3,identity=false,warmups=24,samples=17
JVM,p10-baseline,maxHeap=3221225472,arguments=[-XX:ThreadPriorityPolicy=1, -XX:+UnlockExperimentalVMOptions, -XX:+EnableJVMCIProduct, -XX:+EnableJVMCI, -XX:-UnlockExperimentalVMOptions, -ea, -Xms512m, -Xmx3g, --add-opens=java.base/sun.nio.ch=ALL-UNNAMED, --add-opens=java.base/java.nio=ALL-UNNAMED, --add-modules=jdk.incubator.vector, --enable-native-access=ALL-UNNAMED, -XX:+EnableDynamicAgentLoading, -XX:+UnlockDiagnosticVMOptions, -XX:+DebugNonSafepoints, --add-modules=jdk.incubator.vector, -Dfile.encoding=UTF-8, -Djava.io.tmpdir=/home/johannes/.treehouse/sirix-cdde48/20/sirix/build/replay/tmp, -Dlogback.configurationFile=/home/johannes/.treehouse/sirix-cdde48/20/sirix/build/replay/latency/quiet.xml, -Dsirix.replay.workDiag=false, -Dsirix.hot.mergeDiag=false, -Dsirix.replay.bench.scenarios=append]
COLUMNS,label,scenario,iteration,metric,nanos,threadAllocatedBytes,recordVisits,createdIdentities,stagedRecords,ancestorSteps,sidecarReads,fallbackPages,pathSteps,bookkeepingOperations
WARNING: A terminally deprecated method in sun.misc.Unsafe has been called
WARNING: sun.misc.Unsafe::arrayBaseOffset has been called by net.openhft.hashing.UnsafeAccess (file:/home/johannes/.gradle/caches/modules-2/files-2.1/net.openhft/zero-allocation-hashing/2026.0/2447494f7842ca377b4ccdba2089a8da5c1d1b50/zero-allocation-hashing-2026.0.jar)
WARNING: Please consider reporting this to the maintainers of class net.openhft.hashing.UnsafeAccess
WARNING: sun.misc.Unsafe::arrayBaseOffset will be removed in a future release
SAMPLE,p10-baseline,append,0,bulkAppendCommit,45014516,36761888,-1,-1,-1,-1,-1,-1,-1,-1
SAMPLE,p10-baseline,append,0,publicCompactDiff,28543778,35803696,-1,-1,-1,-1,-1,-1,-1,-1
SAMPLE,p10-baseline,append,0,publicMaterializedDiff,27905751,35614952,-1,-1,-1,-1,-1,-1,-1,-1
SAMPLE,p10-baseline,append,0,replayRead,30230528,35529328,-1,-1,-1,-1,-1,-1,-1,-1
SAMPLE,p10-baseline,append,0,unchangedPublicDiff,256624,16904,-1,-1,-1,-1,-1,-1,-1,-1
SAMPLE,p10-baseline,append,0,revisionCopy,93320827,49118608,-1,-1,-1,-1,-1,-1,-1,-1
SAMPLE,p10-baseline,append,1,bulkAppendCommit,46333526,36762776,-1,-1,-1,-1,-1,-1,-1,-1
SAMPLE,p10-baseline,append,1,publicCompactDiff,31291144,35803736,-1,-1,-1,-1,-1,-1,-1,-1
SAMPLE,p10-baseline,append,1,publicMaterializedDiff,29322426,35614888,-1,-1,-1,-1,-1,-1,-1,-1
SAMPLE,p10-baseline,append,1,replayRead,29460006,35529232,-1,-1,-1,-1,-1,-1,-1,-1
SAMPLE,p10-baseline,append,1,unchangedPublicDiff,286695,16840,-1,-1,-1,-1,-1,-1,-1,-1
SAMPLE,p10-baseline,append,1,revisionCopy,96054091,49118616,-1,-1,-1,-1,-1,-1,-1,-1
SAMPLE,p10-baseline,append,2,bulkAppendCommit,58114580,36762264,-1,-1,-1,-1,-1,-1,-1,-1
SAMPLE,p10-baseline,append,2,publicCompactDiff,48739710,35803728,-1,-1,-1,-1,-1,-1,-1,-1
SAMPLE,p10-baseline,append,2,publicMaterializedDiff,38514789,35614952,-1,-1,-1,-1,-1,-1,-1,-1
SAMPLE,p10-baseline,append,2,replayRead,41185218,35529328,-1,-1,-1,-1,-1,-1,-1,-1
SAMPLE,p10-baseline,append,2,unchangedPublicDiff,292532,16904,-1,-1,-1,-1,-1,-1,-1,-1
SAMPLE,p10-baseline,append,2,revisionCopy,85990209,49118096,-1,-1,-1,-1,-1,-1,-1,-1
SAMPLE,p10-baseline,append,3,bulkAppendCommit,47544101,36762240,-1,-1,-1,-1,-1,-1,-1,-1
SAMPLE,p10-baseline,append,3,publicCompactDiff,35594353,35803736,-1,-1,-1,-1,-1,-1,-1,-1
SAMPLE,p10-baseline,append,3,publicMaterializedDiff,31343144,35614888,-1,-1,-1,-1,-1,-1,-1,-1
SAMPLE,p10-baseline,append,3,replayRead,30847777,35529232,-1,-1,-1,-1,-1,-1,-1,-1
SAMPLE,p10-baseline,append,3,unchangedPublicDiff,290244,16840,-1,-1,-1,-1,-1,-1,-1,-1
SAMPLE,p10-baseline,append,3,revisionCopy,91619069,49119152,-1,-1,-1,-1,-1,-1,-1,-1
SAMPLE,p10-baseline,append,4,bulkAppendCommit,63180754,36761920,-1,-1,-1,-1,-1,-1,-1,-1
SAMPLE,p10-baseline,append,4,publicCompactDiff,33894916,35803344,-1,-1,-1,-1,-1,-1,-1,-1
SAMPLE,p10-baseline,append,4,publicMaterializedDiff,34700543,35614856,-1,-1,-1,-1,-1,-1,-1,-1
SAMPLE,p10-baseline,append,4,replayRead,29818820,35529184,-1,-1,-1,-1,-1,-1,-1,-1
SAMPLE,p10-baseline,append,4,unchangedPublicDiff,294138,17160,-1,-1,-1,-1,-1,-1,-1,-1
SAMPLE,p10-baseline,append,4,revisionCopy,109900286,49115480,-1,-1,-1,-1,-1,-1,-1,-1
SAMPLE,p10-baseline,append,5,bulkAppendCommit,43113602,36760192,-1,-1,-1,-1,-1,-1,-1,-1
SAMPLE,p10-baseline,append,5,publicCompactDiff,28796258,35803352,-1,-1,-1,-1,-1,-1,-1,-1
SAMPLE,p10-baseline,append,5,publicMaterializedDiff,36499944,35614792,-1,-1,-1,-1,-1,-1,-1,-1
SAMPLE,p10-baseline,append,5,replayRead,33549777,35529248,-1,-1,-1,-1,-1,-1,-1,-1
SAMPLE,p10-baseline,append,5,unchangedPublicDiff,330356,16768,-1,-1,-1,-1,-1,-1,-1,-1
SAMPLE,p10-baseline,append,5,revisionCopy,90340977,49115352,-1,-1,-1,-1,-1,-1,-1,-1
SAMPLE,p10-baseline,append,6,bulkAppendCommit,43844484,36760264,-1,-1,-1,-1,-1,-1,-1,-1
SAMPLE,p10-baseline,append,6,publicCompactDiff,29465903,35803312,-1,-1,-1,-1,-1,-1,-1,-1
SAMPLE,p10-baseline,append,6,publicMaterializedDiff,28798254,35614856,-1,-1,-1,-1,-1,-1,-1,-1
SAMPLE,p10-baseline,append,6,replayRead,30629538,35529344,-1,-1,-1,-1,-1,-1,-1,-1
SAMPLE,p10-baseline,append,6,unchangedPublicDiff,234700,16832,-1,-1,-1,-1,-1,-1,-1,-1
SAMPLE,p10-baseline,append,6,revisionCopy,86582204,48983216,-1,-1,-1,-1,-1,-1,-1,-1
SAMPLE,p10-baseline,append,7,bulkAppendCommit,45529094,36760392,-1,-1,-1,-1,-1,-1,-1,-1
SAMPLE,p10-baseline,append,7,publicCompactDiff,31159656,35803416,-1,-1,-1,-1,-1,-1,-1,-1
SAMPLE,p10-baseline,append,7,publicMaterializedDiff,29804753,35614856,-1,-1,-1,-1,-1,-1,-1,-1
SAMPLE,p10-baseline,append,7,replayRead,28487373,35529344,-1,-1,-1,-1,-1,-1,-1,-1
SAMPLE,p10-baseline,append,7,unchangedPublicDiff,256485,16832,-1,-1,-1,-1,-1,-1,-1,-1
SAMPLE,p10-baseline,append,7,revisionCopy,86131798,48984992,-1,-1,-1,-1,-1,-1,-1,-1
SAMPLE,p10-baseline,append,8,bulkAppendCommit,41918220,36760328,-1,-1,-1,-1,-1,-1,-1,-1
SAMPLE,p10-baseline,append,8,publicCompactDiff,32490450,35803376,-1,-1,-1,-1,-1,-1,-1,-1
SAMPLE,p10-baseline,append,8,publicMaterializedDiff,31284034,35614856,-1,-1,-1,-1,-1,-1,-1,-1
SAMPLE,p10-baseline,append,8,replayRead,29287585,35529344,-1,-1,-1,-1,-1,-1,-1,-1
SAMPLE,p10-baseline,append,8,unchangedPublicDiff,248695,16832,-1,-1,-1,-1,-1,-1,-1,-1
SAMPLE,p10-baseline,append,8,revisionCopy,88529709,48984680,-1,-1,-1,-1,-1,-1,-1,-1
SAMPLE,p10-baseline,append,9,bulkAppendCommit,44012494,36760472,-1,-1,-1,-1,-1,-1,-1,-1
SAMPLE,p10-baseline,append,9,publicCompactDiff,32861554,35803480,-1,-1,-1,-1,-1,-1,-1,-1
SAMPLE,p10-baseline,append,9,publicMaterializedDiff,27890457,35614920,-1,-1,-1,-1,-1,-1,-1,-1
SAMPLE,p10-baseline,append,9,replayRead,40271709,35529440,-1,-1,-1,-1,-1,-1,-1,-1
SAMPLE,p10-baseline,append,9,unchangedPublicDiff,361520,16832,-1,-1,-1,-1,-1,-1,-1,-1
SAMPLE,p10-baseline,append,9,revisionCopy,92249168,48977176,-1,-1,-1,-1,-1,-1,-1,-1
SAMPLE,p10-baseline,append,10,bulkAppendCommit,51806262,36755944,-1,-1,-1,-1,-1,-1,-1,-1
SAMPLE,p10-baseline,append,10,publicCompactDiff,29577627,35803312,-1,-1,-1,-1,-1,-1,-1,-1
SAMPLE,p10-baseline,append,10,publicMaterializedDiff,32453249,35614856,-1,-1,-1,-1,-1,-1,-1,-1
SAMPLE,p10-baseline,append,10,replayRead,30470523,35529344,-1,-1,-1,-1,-1,-1,-1,-1
SAMPLE,p10-baseline,append,10,unchangedPublicDiff,267963,16832,-1,-1,-1,-1,-1,-1,-1,-1
SAMPLE,p10-baseline,append,10,revisionCopy,85905188,48977480,-1,-1,-1,-1,-1,-1,-1,-1
SAMPLE,p10-baseline,append,11,bulkAppendCommit,45759697,36756408,-1,-1,-1,-1,-1,-1,-1,-1
SAMPLE,p10-baseline,append,11,publicCompactDiff,41842961,35803512,-1,-1,-1,-1,-1,-1,-1,-1
SAMPLE,p10-baseline,append,11,publicMaterializedDiff,29220330,35614920,-1,-1,-1,-1,-1,-1,-1,-1
SAMPLE,p10-baseline,append,11,replayRead,30508677,35529440,-1,-1,-1,-1,-1,-1,-1,-1
SAMPLE,p10-baseline,append,11,unchangedPublicDiff,248286,16832,-1,-1,-1,-1,-1,-1,-1,-1
SAMPLE,p10-baseline,append,11,revisionCopy,89528531,48976912,-1,-1,-1,-1,-1,-1,-1,-1
SAMPLE,p10-baseline,append,12,bulkAppendCommit,46044006,36755960,-1,-1,-1,-1,-1,-1,-1,-1
SAMPLE,p10-baseline,append,12,publicCompactDiff,30854864,35803344,-1,-1,-1,-1,-1,-1,-1,-1
SAMPLE,p10-baseline,append,12,publicMaterializedDiff,29779906,35614856,-1,-1,-1,-1,-1,-1,-1,-1
SAMPLE,p10-baseline,append,12,replayRead,29436160,35529344,-1,-1,-1,-1,-1,-1,-1,-1
SAMPLE,p10-baseline,append,12,unchangedPublicDiff,244428,16832,-1,-1,-1,-1,-1,-1,-1,-1
SAMPLE,p10-baseline,append,12,revisionCopy,89109224,48977600,-1,-1,-1,-1,-1,-1,-1,-1
SAMPLE,p10-baseline,append,13,bulkAppendCommit,42085257,36755992,-1,-1,-1,-1,-1,-1,-1,-1
SAMPLE,p10-baseline,append,13,publicCompactDiff,30613940,35803352,-1,-1,-1,-1,-1,-1,-1,-1
SAMPLE,p10-baseline,append,13,publicMaterializedDiff,28771969,35614792,-1,-1,-1,-1,-1,-1,-1,-1
SAMPLE,p10-baseline,append,13,replayRead,31588588,35529248,-1,-1,-1,-1,-1,-1,-1,-1
SAMPLE,p10-baseline,append,13,unchangedPublicDiff,268671,16768,-1,-1,-1,-1,-1,-1,-1,-1
SAMPLE,p10-baseline,append,13,revisionCopy,86567805,48977496,-1,-1,-1,-1,-1,-1,-1,-1
SAMPLE,p10-baseline,append,14,bulkAppendCommit,48900807,36755944,-1,-1,-1,-1,-1,-1,-1,-1
SAMPLE,p10-baseline,append,14,publicCompactDiff,34555432,35803312,-1,-1,-1,-1,-1,-1,-1,-1
SAMPLE,p10-baseline,append,14,publicMaterializedDiff,32537651,35614856,-1,-1,-1,-1,-1,-1,-1,-1
SAMPLE,p10-baseline,append,14,replayRead,30411400,35529344,-1,-1,-1,-1,-1,-1,-1,-1
SAMPLE,p10-baseline,append,14,unchangedPublicDiff,251337,16832,-1,-1,-1,-1,-1,-1,-1,-1
SAMPLE,p10-baseline,append,14,revisionCopy,94145536,48976960,-1,-1,-1,-1,-1,-1,-1,-1
SAMPLE,p10-baseline,append,15,bulkAppendCommit,44407379,36756760,-1,-1,-1,-1,-1,-1,-1,-1
SAMPLE,p10-baseline,append,15,publicCompactDiff,32279235,35803512,-1,-1,-1,-1,-1,-1,-1,-1
SAMPLE,p10-baseline,append,15,publicMaterializedDiff,29406393,35614920,-1,-1,-1,-1,-1,-1,-1,-1
SAMPLE,p10-baseline,append,15,replayRead,29854676,35529440,-1,-1,-1,-1,-1,-1,-1,-1
SAMPLE,p10-baseline,append,15,unchangedPublicDiff,234887,16832,-1,-1,-1,-1,-1,-1,-1,-1
SAMPLE,p10-baseline,append,15,revisionCopy,94961469,48977736,-1,-1,-1,-1,-1,-1,-1,-1
SAMPLE,p10-baseline,append,16,bulkAppendCommit,45040410,36756240,-1,-1,-1,-1,-1,-1,-1,-1
SAMPLE,p10-baseline,append,16,publicCompactDiff,32559953,35803344,-1,-1,-1,-1,-1,-1,-1,-1
SAMPLE,p10-baseline,append,16,publicMaterializedDiff,32372049,35614856,-1,-1,-1,-1,-1,-1,-1,-1
SAMPLE,p10-baseline,append,16,replayRead,28424811,35529344,-1,-1,-1,-1,-1,-1,-1,-1
SAMPLE,p10-baseline,append,16,unchangedPublicDiff,224879,16832,-1,-1,-1,-1,-1,-1,-1,-1
SAMPLE,p10-baseline,append,16,revisionCopy,86905670,48976928,-1,-1,-1,-1,-1,-1,-1,-1
END,p10-baseline,sink=556119
# [StorageProfile] dump called: enabled=false byKind.size=0
