ADMITTED,2026-10-05T22:39:42Z
WARNING: Using incubator modules: jdk.incubator.vector
RUN,p11-baseline,pid=2929097,java=25.0.3,identity=false,warmups=24,samples=17
JVM,p11-baseline,maxHeap=3221225472,arguments=[-XX:ThreadPriorityPolicy=1, -XX:+UnlockExperimentalVMOptions, -XX:+EnableJVMCIProduct, -XX:+EnableJVMCI, -XX:-UnlockExperimentalVMOptions, -ea, -Xms512m, -Xmx3g, --add-opens=java.base/sun.nio.ch=ALL-UNNAMED, --add-opens=java.base/java.nio=ALL-UNNAMED, --add-modules=jdk.incubator.vector, --enable-native-access=ALL-UNNAMED, -XX:+EnableDynamicAgentLoading, -XX:+UnlockDiagnosticVMOptions, -XX:+DebugNonSafepoints, --add-modules=jdk.incubator.vector, -Dfile.encoding=UTF-8, -Djava.io.tmpdir=/home/johannes/.treehouse/sirix-cdde48/20/sirix/build/replay/tmp, -Dlogback.configurationFile=/home/johannes/.treehouse/sirix-cdde48/20/sirix/build/replay/latency/quiet.xml, -Dsirix.replay.workDiag=false, -Dsirix.hot.mergeDiag=false, -Dsirix.replay.bench.scenarios=append]
COLUMNS,label,scenario,iteration,metric,nanos,threadAllocatedBytes,recordVisits,createdIdentities,stagedRecords,ancestorSteps,sidecarReads,fallbackPages,pathSteps,bookkeepingOperations
WARNING: A terminally deprecated method in sun.misc.Unsafe has been called
WARNING: sun.misc.Unsafe::arrayBaseOffset has been called by net.openhft.hashing.UnsafeAccess (file:/home/johannes/.gradle/caches/modules-2/files-2.1/net.openhft/zero-allocation-hashing/2026.0/2447494f7842ca377b4ccdba2089a8da5c1d1b50/zero-allocation-hashing-2026.0.jar)
WARNING: Please consider reporting this to the maintainers of class net.openhft.hashing.UnsafeAccess
WARNING: sun.misc.Unsafe::arrayBaseOffset will be removed in a future release
SAMPLE,p11-baseline,append,0,bulkAppendCommit,46786977,36762088,-1,-1,-1,-1,-1,-1,-1,-1
SAMPLE,p11-baseline,append,0,publicCompactDiff,42432764,35779264,-1,-1,-1,-1,-1,-1,-1,-1
SAMPLE,p11-baseline,append,0,publicMaterializedDiff,30314242,35590424,-1,-1,-1,-1,-1,-1,-1,-1
SAMPLE,p11-baseline,append,0,replayRead,27925418,35504800,-1,-1,-1,-1,-1,-1,-1,-1
SAMPLE,p11-baseline,append,0,unchangedPublicDiff,231356,16904,-1,-1,-1,-1,-1,-1,-1,-1
SAMPLE,p11-baseline,append,0,revisionCopy,91496616,49116848,-1,-1,-1,-1,-1,-1,-1,-1
SAMPLE,p11-baseline,append,1,bulkAppendCommit,46966207,36762400,-1,-1,-1,-1,-1,-1,-1,-1
SAMPLE,p11-baseline,append,1,publicCompactDiff,30748568,35779336,-1,-1,-1,-1,-1,-1,-1,-1
SAMPLE,p11-baseline,append,1,publicMaterializedDiff,30171387,35590488,-1,-1,-1,-1,-1,-1,-1,-1
SAMPLE,p11-baseline,append,1,replayRead,28050027,35504896,-1,-1,-1,-1,-1,-1,-1,-1
SAMPLE,p11-baseline,append,1,unchangedPublicDiff,235149,16904,-1,-1,-1,-1,-1,-1,-1,-1
SAMPLE,p11-baseline,append,1,revisionCopy,97756444,49117992,-1,-1,-1,-1,-1,-1,-1,-1
SAMPLE,p11-baseline,append,2,bulkAppendCommit,43657728,36761832,-1,-1,-1,-1,-1,-1,-1,-1
SAMPLE,p11-baseline,append,2,publicCompactDiff,48820866,35779168,-1,-1,-1,-1,-1,-1,-1,-1
SAMPLE,p11-baseline,append,2,publicMaterializedDiff,47278972,35590424,-1,-1,-1,-1,-1,-1,-1,-1
SAMPLE,p11-baseline,append,2,replayRead,28143559,35504800,-1,-1,-1,-1,-1,-1,-1,-1
SAMPLE,p11-baseline,append,2,unchangedPublicDiff,321344,16904,-1,-1,-1,-1,-1,-1,-1,-1
SAMPLE,p11-baseline,append,2,revisionCopy,104047141,49118920,-1,-1,-1,-1,-1,-1,-1,-1
SAMPLE,p11-baseline,append,3,bulkAppendCommit,51566981,36762128,-1,-1,-1,-1,-1,-1,-1,-1
SAMPLE,p11-baseline,append,3,publicCompactDiff,31246163,35779368,-1,-1,-1,-1,-1,-1,-1,-1
SAMPLE,p11-baseline,append,3,publicMaterializedDiff,29658915,35590488,-1,-1,-1,-1,-1,-1,-1,-1
SAMPLE,p11-baseline,append,3,replayRead,28871858,35505056,-1,-1,-1,-1,-1,-1,-1,-1
SAMPLE,p11-baseline,append,3,unchangedPublicDiff,281889,16904,-1,-1,-1,-1,-1,-1,-1,-1
SAMPLE,p11-baseline,append,3,revisionCopy,102454836,49118576,-1,-1,-1,-1,-1,-1,-1,-1
SAMPLE,p11-baseline,append,4,bulkAppendCommit,49475579,36761856,-1,-1,-1,-1,-1,-1,-1,-1
SAMPLE,p11-baseline,append,4,publicCompactDiff,35966533,35778784,-1,-1,-1,-1,-1,-1,-1,-1
SAMPLE,p11-baseline,append,4,publicMaterializedDiff,30845387,35590328,-1,-1,-1,-1,-1,-1,-1,-1
SAMPLE,p11-baseline,append,4,replayRead,29484000,35504816,-1,-1,-1,-1,-1,-1,-1,-1
SAMPLE,p11-baseline,append,4,unchangedPublicDiff,306416,17160,-1,-1,-1,-1,-1,-1,-1,-1
SAMPLE,p11-baseline,append,4,revisionCopy,95999054,49113512,-1,-1,-1,-1,-1,-1,-1,-1
SAMPLE,p11-baseline,append,5,bulkAppendCommit,47919304,36760400,-1,-1,-1,-1,-1,-1,-1,-1
SAMPLE,p11-baseline,append,5,publicCompactDiff,37196989,35778824,-1,-1,-1,-1,-1,-1,-1,-1
SAMPLE,p11-baseline,append,5,publicMaterializedDiff,32298042,35590264,-1,-1,-1,-1,-1,-1,-1,-1
SAMPLE,p11-baseline,append,5,replayRead,32515135,35504720,-1,-1,-1,-1,-1,-1,-1,-1
SAMPLE,p11-baseline,append,5,unchangedPublicDiff,331577,16768,-1,-1,-1,-1,-1,-1,-1,-1
SAMPLE,p11-baseline,append,5,revisionCopy,94386755,49113512,-1,-1,-1,-1,-1,-1,-1,-1
SAMPLE,p11-baseline,append,6,bulkAppendCommit,47318829,36759744,-1,-1,-1,-1,-1,-1,-1,-1
SAMPLE,p11-baseline,append,6,publicCompactDiff,33684723,35778784,-1,-1,-1,-1,-1,-1,-1,-1
SAMPLE,p11-baseline,append,6,publicMaterializedDiff,31577361,35590328,-1,-1,-1,-1,-1,-1,-1,-1
SAMPLE,p11-baseline,append,6,replayRead,29810759,35504816,-1,-1,-1,-1,-1,-1,-1,-1
SAMPLE,p11-baseline,append,6,unchangedPublicDiff,236133,16832,-1,-1,-1,-1,-1,-1,-1,-1
SAMPLE,p11-baseline,append,6,revisionCopy,89955759,49114000,-1,-1,-1,-1,-1,-1,-1,-1
SAMPLE,p11-baseline,append,7,bulkAppendCommit,49045968,36759856,-1,-1,-1,-1,-1,-1,-1,-1
SAMPLE,p11-baseline,append,7,publicCompactDiff,31677999,35778824,-1,-1,-1,-1,-1,-1,-1,-1
SAMPLE,p11-baseline,append,7,publicMaterializedDiff,27718689,35590264,-1,-1,-1,-1,-1,-1,-1,-1
SAMPLE,p11-baseline,append,7,replayRead,30632226,35504720,-1,-1,-1,-1,-1,-1,-1,-1
SAMPLE,p11-baseline,append,7,unchangedPublicDiff,276076,16768,-1,-1,-1,-1,-1,-1,-1,-1
SAMPLE,p11-baseline,append,7,revisionCopy,112342280,49113080,-1,-1,-1,-1,-1,-1,-1,-1
SAMPLE,p11-baseline,append,8,bulkAppendCommit,46568399,36759328,-1,-1,-1,-1,-1,-1,-1,-1
SAMPLE,p11-baseline,append,8,publicCompactDiff,29756238,35778816,-1,-1,-1,-1,-1,-1,-1,-1
SAMPLE,p11-baseline,append,8,publicMaterializedDiff,27616423,35590328,-1,-1,-1,-1,-1,-1,-1,-1
SAMPLE,p11-baseline,append,8,replayRead,27562175,35504816,-1,-1,-1,-1,-1,-1,-1,-1
SAMPLE,p11-baseline,append,8,unchangedPublicDiff,321214,16832,-1,-1,-1,-1,-1,-1,-1,-1
SAMPLE,p11-baseline,append,8,revisionCopy,83787368,49114224,-1,-1,-1,-1,-1,-1,-1,-1
SAMPLE,p11-baseline,append,9,bulkAppendCommit,45429424,36760112,-1,-1,-1,-1,-1,-1,-1,-1
SAMPLE,p11-baseline,append,9,publicCompactDiff,31536641,35778888,-1,-1,-1,-1,-1,-1,-1,-1
SAMPLE,p11-baseline,append,9,publicMaterializedDiff,29572467,35590264,-1,-1,-1,-1,-1,-1,-1,-1
SAMPLE,p11-baseline,append,9,replayRead,30700916,35504720,-1,-1,-1,-1,-1,-1,-1,-1
SAMPLE,p11-baseline,append,9,unchangedPublicDiff,218053,16768,-1,-1,-1,-1,-1,-1,-1,-1
SAMPLE,p11-baseline,append,9,revisionCopy,96448917,49113848,-1,-1,-1,-1,-1,-1,-1,-1
SAMPLE,p11-baseline,append,10,bulkAppendCommit,44382942,36759872,-1,-1,-1,-1,-1,-1,-1,-1
SAMPLE,p11-baseline,append,10,publicCompactDiff,39655055,35778784,-1,-1,-1,-1,-1,-1,-1,-1
SAMPLE,p11-baseline,append,10,publicMaterializedDiff,39015390,35590328,-1,-1,-1,-1,-1,-1,-1,-1
SAMPLE,p11-baseline,append,10,replayRead,28332020,35504816,-1,-1,-1,-1,-1,-1,-1,-1
SAMPLE,p11-baseline,append,10,unchangedPublicDiff,262830,16832,-1,-1,-1,-1,-1,-1,-1,-1
SAMPLE,p11-baseline,append,10,revisionCopy,87997079,48982176,-1,-1,-1,-1,-1,-1,-1,-1
SAMPLE,p11-baseline,append,11,bulkAppendCommit,47236845,36755888,-1,-1,-1,-1,-1,-1,-1,-1
SAMPLE,p11-baseline,append,11,publicCompactDiff,33531212,35778888,-1,-1,-1,-1,-1,-1,-1,-1
SAMPLE,p11-baseline,append,11,publicMaterializedDiff,34398549,35590328,-1,-1,-1,-1,-1,-1,-1,-1
SAMPLE,p11-baseline,append,11,replayRead,31446824,35504816,-1,-1,-1,-1,-1,-1,-1,-1
SAMPLE,p11-baseline,append,11,unchangedPublicDiff,222790,16832,-1,-1,-1,-1,-1,-1,-1,-1
SAMPLE,p11-baseline,append,11,revisionCopy,100159558,48976984,-1,-1,-1,-1,-1,-1,-1,-1
SAMPLE,p11-baseline,append,12,bulkAppendCommit,86704860,36755784,-1,-1,-1,-1,-1,-1,-1,-1
SAMPLE,p11-baseline,append,12,publicCompactDiff,38034875,35778784,-1,-1,-1,-1,-1,-1,-1,-1
SAMPLE,p11-baseline,append,12,publicMaterializedDiff,29405940,35590328,-1,-1,-1,-1,-1,-1,-1,-1
SAMPLE,p11-baseline,append,12,replayRead,29295850,35504816,-1,-1,-1,-1,-1,-1,-1,-1
SAMPLE,p11-baseline,append,12,unchangedPublicDiff,207583,16832,-1,-1,-1,-1,-1,-1,-1,-1
SAMPLE,p11-baseline,append,12,revisionCopy,102227538,48976752,-1,-1,-1,-1,-1,-1,-1,-1
SAMPLE,p11-baseline,append,13,bulkAppendCommit,45801100,36756264,-1,-1,-1,-1,-1,-1,-1,-1
SAMPLE,p11-baseline,append,13,publicCompactDiff,33276481,35778952,-1,-1,-1,-1,-1,-1,-1,-1
SAMPLE,p11-baseline,append,13,publicMaterializedDiff,31320711,35590392,-1,-1,-1,-1,-1,-1,-1,-1
SAMPLE,p11-baseline,append,13,replayRead,30322233,35504912,-1,-1,-1,-1,-1,-1,-1,-1
SAMPLE,p11-baseline,append,13,unchangedPublicDiff,229029,16832,-1,-1,-1,-1,-1,-1,-1,-1
SAMPLE,p11-baseline,append,13,revisionCopy,144445797,48975584,-1,-1,-1,-1,-1,-1,-1,-1
SAMPLE,p11-baseline,append,14,bulkAppendCommit,53414807,36755496,-1,-1,-1,-1,-1,-1,-1,-1
SAMPLE,p11-baseline,append,14,publicCompactDiff,31820846,35778784,-1,-1,-1,-1,-1,-1,-1,-1
SAMPLE,p11-baseline,append,14,publicMaterializedDiff,32837835,35590328,-1,-1,-1,-1,-1,-1,-1,-1
SAMPLE,p11-baseline,append,14,replayRead,29495141,35504816,-1,-1,-1,-1,-1,-1,-1,-1
SAMPLE,p11-baseline,append,14,unchangedPublicDiff,260727,16832,-1,-1,-1,-1,-1,-1,-1,-1
SAMPLE,p11-baseline,append,14,revisionCopy,85919945,48977696,-1,-1,-1,-1,-1,-1,-1,-1
SAMPLE,p11-baseline,append,15,bulkAppendCommit,44329249,36755760,-1,-1,-1,-1,-1,-1,-1,-1
SAMPLE,p11-baseline,append,15,publicCompactDiff,31471083,35778824,-1,-1,-1,-1,-1,-1,-1,-1
SAMPLE,p11-baseline,append,15,publicMaterializedDiff,30323769,35590264,-1,-1,-1,-1,-1,-1,-1,-1
SAMPLE,p11-baseline,append,15,replayRead,30340855,35504720,-1,-1,-1,-1,-1,-1,-1,-1
SAMPLE,p11-baseline,append,15,unchangedPublicDiff,253924,16768,-1,-1,-1,-1,-1,-1,-1,-1
SAMPLE,p11-baseline,append,15,revisionCopy,85803762,48976288,-1,-1,-1,-1,-1,-1,-1,-1
SAMPLE,p11-baseline,append,16,bulkAppendCommit,44443891,36755720,-1,-1,-1,-1,-1,-1,-1,-1
SAMPLE,p11-baseline,append,16,publicCompactDiff,31492080,35778816,-1,-1,-1,-1,-1,-1,-1,-1
SAMPLE,p11-baseline,append,16,publicMaterializedDiff,30814894,35590328,-1,-1,-1,-1,-1,-1,-1,-1
SAMPLE,p11-baseline,append,16,replayRead,30527917,35504816,-1,-1,-1,-1,-1,-1,-1,-1
SAMPLE,p11-baseline,append,16,unchangedPublicDiff,261387,16832,-1,-1,-1,-1,-1,-1,-1,-1
SAMPLE,p11-baseline,append,16,revisionCopy,96318154,48976272,-1,-1,-1,-1,-1,-1,-1,-1
END,p11-baseline,sink=556119
# [StorageProfile] dump called: enabled=false byKind.size=0
