ADMITTED,2026-10-05T22:39:28Z
WARNING: Using incubator modules: jdk.incubator.vector
RUN,p11-candidate,pid=2917002,java=25.0.3,identity=true,warmups=24,samples=17
JVM,p11-candidate,maxHeap=3221225472,arguments=[-XX:ThreadPriorityPolicy=1, -XX:+UnlockExperimentalVMOptions, -XX:+EnableJVMCIProduct, -XX:+EnableJVMCI, -XX:-UnlockExperimentalVMOptions, -ea, -Xms512m, -Xmx3g, --add-opens=java.base/sun.nio.ch=ALL-UNNAMED, --add-opens=java.base/java.nio=ALL-UNNAMED, --add-modules=jdk.incubator.vector, --enable-native-access=ALL-UNNAMED, -XX:+EnableDynamicAgentLoading, -XX:+UnlockDiagnosticVMOptions, -XX:+DebugNonSafepoints, --add-modules=jdk.incubator.vector, -Dfile.encoding=UTF-8, -Djava.io.tmpdir=/home/johannes/.treehouse/sirix-cdde48/20/sirix/build/replay/tmp, -Dlogback.configurationFile=/home/johannes/.treehouse/sirix-cdde48/20/sirix/build/replay/latency/quiet.xml, -Dsirix.replay.workDiag=false, -Dsirix.hot.mergeDiag=false, -Dsirix.replay.bench.scenarios=append]
COLUMNS,label,scenario,iteration,metric,nanos,threadAllocatedBytes,recordVisits,createdIdentities,stagedRecords,ancestorSteps,sidecarReads,fallbackPages,pathSteps,bookkeepingOperations
WARNING: A terminally deprecated method in sun.misc.Unsafe has been called
WARNING: sun.misc.Unsafe::arrayBaseOffset has been called by net.openhft.hashing.UnsafeAccess (file:/home/johannes/.gradle/caches/modules-2/files-2.1/net.openhft/zero-allocation-hashing/2026.0/2447494f7842ca377b4ccdba2089a8da5c1d1b50/zero-allocation-hashing-2026.0.jar)
WARNING: Please consider reporting this to the maintainers of class net.openhft.hashing.UnsafeAccess
WARNING: sun.misc.Unsafe::arrayBaseOffset will be removed in a future release
SAMPLE,p11-candidate,append,0,bulkAppendCommit,58843094,39445528,-1,-1,-1,-1,-1,-1,-1,-1
SAMPLE,p11-candidate,append,0,publicCompactDiff,37501833,37279344,-1,-1,-1,-1,-1,-1,-1,-1
SAMPLE,p11-candidate,append,0,publicMaterializedDiff,33771477,37090600,-1,-1,-1,-1,-1,-1,-1,-1
SAMPLE,p11-candidate,append,0,replayRead,3334968,2273272,-1,-1,-1,-1,-1,-1,-1,-1
SAMPLE,p11-candidate,append,0,unchangedPublicDiff,331809,16944,-1,-1,-1,-1,-1,-1,-1,-1
SAMPLE,p11-candidate,append,0,revisionCopy,42306328,14784080,-1,-1,-1,-1,-1,-1,-1,-1
SAMPLE,p11-candidate,append,1,bulkAppendCommit,51135575,39445720,-1,-1,-1,-1,-1,-1,-1,-1
SAMPLE,p11-candidate,append,1,publicCompactDiff,31015813,37279544,-1,-1,-1,-1,-1,-1,-1,-1
SAMPLE,p11-candidate,append,1,publicMaterializedDiff,30511447,37090664,-1,-1,-1,-1,-1,-1,-1,-1
SAMPLE,p11-candidate,append,1,replayRead,3198067,2273144,-1,-1,-1,-1,-1,-1,-1,-1
SAMPLE,p11-candidate,append,1,unchangedPublicDiff,299417,16944,-1,-1,-1,-1,-1,-1,-1,-1
SAMPLE,p11-candidate,append,1,revisionCopy,50264043,14720632,-1,-1,-1,-1,-1,-1,-1,-1
SAMPLE,p11-candidate,append,2,bulkAppendCommit,88267982,39444200,-1,-1,-1,-1,-1,-1,-1,-1
SAMPLE,p11-candidate,append,2,publicCompactDiff,41524736,37279376,-1,-1,-1,-1,-1,-1,-1,-1
SAMPLE,p11-candidate,append,2,publicMaterializedDiff,46240560,37090600,-1,-1,-1,-1,-1,-1,-1,-1
SAMPLE,p11-candidate,append,2,replayRead,4774047,2273064,-1,-1,-1,-1,-1,-1,-1,-1
SAMPLE,p11-candidate,append,2,unchangedPublicDiff,448578,16944,-1,-1,-1,-1,-1,-1,-1,-1
SAMPLE,p11-candidate,append,2,revisionCopy,47629460,14667656,-1,-1,-1,-1,-1,-1,-1,-1
SAMPLE,p11-candidate,append,3,bulkAppendCommit,78027588,39440376,-1,-1,-1,-1,-1,-1,-1,-1
SAMPLE,p11-candidate,append,3,publicCompactDiff,43410498,37279512,-1,-1,-1,-1,-1,-1,-1,-1
SAMPLE,p11-candidate,append,3,publicMaterializedDiff,43336389,37090664,-1,-1,-1,-1,-1,-1,-1,-1
SAMPLE,p11-candidate,append,3,replayRead,3130538,2273096,-1,-1,-1,-1,-1,-1,-1,-1
SAMPLE,p11-candidate,append,3,unchangedPublicDiff,398305,16944,-1,-1,-1,-1,-1,-1,-1,-1
SAMPLE,p11-candidate,append,3,revisionCopy,69110925,14776376,-1,-1,-1,-1,-1,-1,-1,-1
SAMPLE,p11-candidate,append,4,bulkAppendCommit,94522183,39440136,-1,-1,-1,-1,-1,-1,-1,-1
SAMPLE,p11-candidate,append,4,publicCompactDiff,52467665,37279344,-1,-1,-1,-1,-1,-1,-1,-1
SAMPLE,p11-candidate,append,4,publicMaterializedDiff,53786581,37090600,-1,-1,-1,-1,-1,-1,-1,-1
SAMPLE,p11-candidate,append,4,replayRead,7603914,2273064,-1,-1,-1,-1,-1,-1,-1,-1
SAMPLE,p11-candidate,append,4,unchangedPublicDiff,387849,16944,-1,-1,-1,-1,-1,-1,-1,-1
SAMPLE,p11-candidate,append,4,revisionCopy,54724826,14710264,-1,-1,-1,-1,-1,-1,-1,-1
SAMPLE,p11-candidate,append,5,bulkAppendCommit,65544869,39440376,-1,-1,-1,-1,-1,-1,-1,-1
SAMPLE,p11-candidate,append,5,publicCompactDiff,41261174,37279480,-1,-1,-1,-1,-1,-1,-1,-1
SAMPLE,p11-candidate,append,5,publicMaterializedDiff,41621022,37090664,-1,-1,-1,-1,-1,-1,-1,-1
SAMPLE,p11-candidate,append,5,replayRead,3951525,2273096,-1,-1,-1,-1,-1,-1,-1,-1
SAMPLE,p11-candidate,append,5,unchangedPublicDiff,346817,16944,-1,-1,-1,-1,-1,-1,-1,-1
SAMPLE,p11-candidate,append,5,revisionCopy,43791779,14642680,-1,-1,-1,-1,-1,-1,-1,-1
SAMPLE,p11-candidate,append,6,bulkAppendCommit,57846403,39341592,-1,-1,-1,-1,-1,-1,-1,-1
SAMPLE,p11-candidate,append,6,publicCompactDiff,44851664,37279504,-1,-1,-1,-1,-1,-1,-1,-1
SAMPLE,p11-candidate,append,6,publicMaterializedDiff,35241209,37090664,-1,-1,-1,-1,-1,-1,-1,-1
SAMPLE,p11-candidate,append,6,replayRead,3079146,2273096,-1,-1,-1,-1,-1,-1,-1,-1
SAMPLE,p11-candidate,append,6,unchangedPublicDiff,289752,16944,-1,-1,-1,-1,-1,-1,-1,-1
SAMPLE,p11-candidate,append,6,revisionCopy,52112441,14546856,-1,-1,-1,-1,-1,-1,-1,-1
SAMPLE,p11-candidate,append,7,bulkAppendCommit,80083000,39366880,-1,-1,-1,-1,-1,-1,-1,-1
SAMPLE,p11-candidate,append,7,publicCompactDiff,54657990,37279512,-1,-1,-1,-1,-1,-1,-1,-1
SAMPLE,p11-candidate,append,7,publicMaterializedDiff,53793232,37090664,-1,-1,-1,-1,-1,-1,-1,-1
SAMPLE,p11-candidate,append,7,replayRead,5772003,2273096,-1,-1,-1,-1,-1,-1,-1,-1
SAMPLE,p11-candidate,append,7,unchangedPublicDiff,354085,16944,-1,-1,-1,-1,-1,-1,-1,-1
SAMPLE,p11-candidate,append,7,revisionCopy,35350024,14548040,-1,-1,-1,-1,-1,-1,-1,-1
SAMPLE,p11-candidate,append,8,bulkAppendCommit,51467765,39341720,-1,-1,-1,-1,-1,-1,-1,-1
SAMPLE,p11-candidate,append,8,publicCompactDiff,33584781,37279344,-1,-1,-1,-1,-1,-1,-1,-1
SAMPLE,p11-candidate,append,8,publicMaterializedDiff,33795074,37090600,-1,-1,-1,-1,-1,-1,-1,-1
SAMPLE,p11-candidate,append,8,replayRead,2994588,2273064,-1,-1,-1,-1,-1,-1,-1,-1
SAMPLE,p11-candidate,append,8,unchangedPublicDiff,260564,16944,-1,-1,-1,-1,-1,-1,-1,-1
SAMPLE,p11-candidate,append,8,revisionCopy,33706800,14546784,-1,-1,-1,-1,-1,-1,-1,-1
SAMPLE,p11-candidate,append,9,bulkAppendCommit,54984997,39342072,-1,-1,-1,-1,-1,-1,-1,-1
SAMPLE,p11-candidate,append,9,publicCompactDiff,34041731,37279480,-1,-1,-1,-1,-1,-1,-1,-1
SAMPLE,p11-candidate,append,9,publicMaterializedDiff,31721738,37090664,-1,-1,-1,-1,-1,-1,-1,-1
SAMPLE,p11-candidate,append,9,replayRead,3036504,2273096,-1,-1,-1,-1,-1,-1,-1,-1
SAMPLE,p11-candidate,append,9,unchangedPublicDiff,347171,16944,-1,-1,-1,-1,-1,-1,-1,-1
SAMPLE,p11-candidate,append,9,revisionCopy,30661608,14614624,-1,-1,-1,-1,-1,-1,-1,-1
SAMPLE,p11-candidate,append,10,bulkAppendCommit,56157132,39337480,-1,-1,-1,-1,-1,-1,-1,-1
SAMPLE,p11-candidate,append,10,publicCompactDiff,35161090,37279312,-1,-1,-1,-1,-1,-1,-1,-1
SAMPLE,p11-candidate,append,10,publicMaterializedDiff,47925283,37090552,-1,-1,-1,-1,-1,-1,-1,-1
SAMPLE,p11-candidate,append,10,replayRead,3081434,2273016,-1,-1,-1,-1,-1,-1,-1,-1
SAMPLE,p11-candidate,append,10,unchangedPublicDiff,308093,16872,-1,-1,-1,-1,-1,-1,-1,-1
SAMPLE,p11-candidate,append,10,revisionCopy,30277460,14603144,-1,-1,-1,-1,-1,-1,-1,-1
SAMPLE,p11-candidate,append,11,bulkAppendCommit,56490304,39335888,-1,-1,-1,-1,-1,-1,-1,-1
SAMPLE,p11-candidate,append,11,publicCompactDiff,30319112,37279096,-1,-1,-1,-1,-1,-1,-1,-1
SAMPLE,p11-candidate,append,11,publicMaterializedDiff,31004103,37090568,-1,-1,-1,-1,-1,-1,-1,-1
SAMPLE,p11-candidate,append,11,replayRead,2863202,2273048,-1,-1,-1,-1,-1,-1,-1,-1
SAMPLE,p11-candidate,append,11,unchangedPublicDiff,225175,16872,-1,-1,-1,-1,-1,-1,-1,-1
SAMPLE,p11-candidate,append,11,revisionCopy,29184097,14645248,-1,-1,-1,-1,-1,-1,-1,-1
SAMPLE,p11-candidate,append,12,bulkAppendCommit,78485492,39335504,-1,-1,-1,-1,-1,-1,-1,-1
SAMPLE,p11-candidate,append,12,publicCompactDiff,32380815,37278928,-1,-1,-1,-1,-1,-1,-1,-1
SAMPLE,p11-candidate,append,12,publicMaterializedDiff,30222299,37090504,-1,-1,-1,-1,-1,-1,-1,-1
SAMPLE,p11-candidate,append,12,replayRead,3615946,2273016,-1,-1,-1,-1,-1,-1,-1,-1
SAMPLE,p11-candidate,append,12,unchangedPublicDiff,646292,16872,-1,-1,-1,-1,-1,-1,-1,-1
SAMPLE,p11-candidate,append,12,revisionCopy,47664545,14602984,-1,-1,-1,-1,-1,-1,-1,-1
SAMPLE,p11-candidate,append,13,bulkAppendCommit,53341063,39335728,-1,-1,-1,-1,-1,-1,-1,-1
SAMPLE,p11-candidate,append,13,publicCompactDiff,31405422,37279128,-1,-1,-1,-1,-1,-1,-1,-1
SAMPLE,p11-candidate,append,13,publicMaterializedDiff,30683848,37090568,-1,-1,-1,-1,-1,-1,-1,-1
SAMPLE,p11-candidate,append,13,replayRead,3061661,2273048,-1,-1,-1,-1,-1,-1,-1,-1
SAMPLE,p11-candidate,append,13,unchangedPublicDiff,222255,16872,-1,-1,-1,-1,-1,-1,-1,-1
SAMPLE,p11-candidate,append,13,revisionCopy,29137457,14643488,-1,-1,-1,-1,-1,-1,-1,-1
SAMPLE,p11-candidate,append,14,bulkAppendCommit,47058334,39335424,-1,-1,-1,-1,-1,-1,-1,-1
SAMPLE,p11-candidate,append,14,publicCompactDiff,33681974,37278960,-1,-1,-1,-1,-1,-1,-1,-1
SAMPLE,p11-candidate,append,14,publicMaterializedDiff,30949574,37090504,-1,-1,-1,-1,-1,-1,-1,-1
SAMPLE,p11-candidate,append,14,replayRead,3091813,2273016,-1,-1,-1,-1,-1,-1,-1,-1
SAMPLE,p11-candidate,append,14,unchangedPublicDiff,238584,16872,-1,-1,-1,-1,-1,-1,-1,-1
SAMPLE,p11-candidate,append,14,revisionCopy,37156681,14693840,-1,-1,-1,-1,-1,-1,-1,-1
SAMPLE,p11-candidate,append,15,bulkAppendCommit,55678998,39335872,-1,-1,-1,-1,-1,-1,-1,-1
SAMPLE,p11-candidate,append,15,publicCompactDiff,34516897,37279128,-1,-1,-1,-1,-1,-1,-1,-1
SAMPLE,p11-candidate,append,15,publicMaterializedDiff,35485822,37090568,-1,-1,-1,-1,-1,-1,-1,-1
SAMPLE,p11-candidate,append,15,replayRead,3544809,2273048,-1,-1,-1,-1,-1,-1,-1,-1
SAMPLE,p11-candidate,append,15,unchangedPublicDiff,261303,16872,-1,-1,-1,-1,-1,-1,-1,-1
SAMPLE,p11-candidate,append,15,revisionCopy,41218771,14669904,-1,-1,-1,-1,-1,-1,-1,-1
SAMPLE,p11-candidate,append,16,bulkAppendCommit,51534239,39335552,-1,-1,-1,-1,-1,-1,-1,-1
SAMPLE,p11-candidate,append,16,publicCompactDiff,43852254,37278928,-1,-1,-1,-1,-1,-1,-1,-1
SAMPLE,p11-candidate,append,16,publicMaterializedDiff,40594088,37090504,-1,-1,-1,-1,-1,-1,-1,-1
SAMPLE,p11-candidate,append,16,replayRead,3694195,2273016,-1,-1,-1,-1,-1,-1,-1,-1
SAMPLE,p11-candidate,append,16,unchangedPublicDiff,262340,16872,-1,-1,-1,-1,-1,-1,-1,-1
SAMPLE,p11-candidate,append,16,revisionCopy,41480047,14564816,-1,-1,-1,-1,-1,-1,-1,-1
END,p11-candidate,sink=779305877
# [StorageProfile] dump called: enabled=false byKind.size=0
