[0.008s][debug][gc,heap] Minimum heap 5368709120  Initial heap 5368709120  Maximum heap 12884901888
[0.008s][info ][gc,init] Initializing The Z Garbage Collector
[0.008s][info ][gc,init] Version: 25+37-LTS-jvmci-b01 (release)
[0.008s][info ][gc,init] NUMA Support: Disabled
[0.008s][info ][gc,init] CPUs: 20 total, 20 available
[0.008s][info ][gc,init] Memory: 31764M
[0.008s][info ][gc,init] Large Page Support: Disabled
[0.008s][info ][gc,init] Address Space Size: unlimited
[0.008s][debug][gc,init] Reserved Space: limit 4096G, desired 192G, requested 192G
[0.008s][info ][gc,init] Reserved Space Type: Contiguous/Unrestricted/Complete
[0.008s][info ][gc,init] Reserved Space Size: 192G
[0.008s][info ][gc,init] Heap Backing File: /memfd:java_heap
[0.009s][info ][gc,init] Heap Backing Filesystem: tmpfs (0x1021994)
[0.009s][info ][gc,init] Min Capacity: 5120M
[0.009s][info ][gc,init] Initial Capacity: 5120M
[0.009s][info ][gc,init] Max Capacity: 12288M
[0.009s][info ][gc,init] Soft Max Capacity: 12288M
[0.009s][info ][gc,init] Page Size Medium: Range [4M, 32M]
[0.009s][info ][gc,init] Pre-touch: Enabled
[0.009s][info ][gc,init] Available space on backing filesystem: N/A
[0.010s][info ][gc,init] Uncommit: Enabled
[0.010s][info ][gc,init] Uncommit Delay: 300s
[0.010s][info ][gc,init] GC Workers for Old Generation: 5 (dynamic)
[0.010s][info ][gc,init] GC Workers for Young Generation: 5 (dynamic)
[1.399s][debug][gc,task] Executing ZPreTouchTask using ZWorkerOld with 5 workers
[1.834s][info ][gc,init] GC Workers Max: 5 (dynamic)
[1.836s][info ][gc,init] Runtime Workers: 12
[1.837s][info ][gc     ] Using The Z Garbage Collector
[1.837s][info ][gc,metaspace] CDS archive(s) not mapped
[1.837s][info ][gc,metaspace] Compressed class space mapped at: 0x0000000061000000-0x00000000a1000000, reserved size: 1073741824
[1.837s][info ][gc,metaspace] UseCompressedClassPointers 1, UseCompactObjectHeaders 0
[1.837s][info ][gc,metaspace] Narrow klass pointer bits 32, Max shift 3
[1.837s][info ][gc,metaspace] Narrow klass base: 0x0000000000000000, Narrow klass shift: 0
[1.837s][info ][gc,metaspace] Encoding Range: [0x0000000000000000 - 0x0000000100000000), (4294967296 bytes)
[1.837s][info ][gc,metaspace] Klass Range:    [0x0000000061000000 - 0x00000000a1000000), (1073741824 bytes)
[1.837s][info ][gc,metaspace] Klass ID Range:  [1627389952 - 2701131769) (1073741817)
[1.837s][info ][gc,metaspace] No protection zone.
[1,890s][debug][gc,heap     ] Uncommitter (0) Timeout: 300000ms
[1,893s][debug][gc,nmethod  ] Register NMethod: jdk.internal.util.ArraysSupport.unsignedHashCode (0x000074b193400008) [0x000074b193400100, 0x000074b193400310] Compiler: c1, Barriers: 0, Oops: 0, ImmediateOops: 0, NonImmediateOops: No
[1,893s][debug][gc,nmethod  ] Rebuilding NMethod Table: 0->1024 entries, 0(0%->0%) registered, 0(0%->0%) unregistered
[1,893s][debug][gc,nmethod  ] Register NMethod: java.lang.Object.<init> (0x000074b193400388) [0x000074b193400480, 0x000074b193400580] Compiler: c1, Barriers: 0, Oops: 0, ImmediateOops: 0, NonImmediateOops: No
[1,893s][debug][gc,nmethod  ] Register NMethod: java.lang.Byte.toUnsignedInt (0x000074b193400688) [0x000074b193400780, 0x000074b193400868] Compiler: c1, Barriers: 0, Oops: 0, ImmediateOops: 0, NonImmediateOops: No
[1,894s][debug][gc,nmethod  ] Register NMethod: java.lang.String.hashCode (0x000074b193400988) [0x000074b193400a80, 0x000074b193401028] Compiler: c1, Barriers: 2, Oops: 0, ImmediateOops: 0, NonImmediateOops: No
[1,898s][debug][gc,nmethod  ] Register NMethod: jdk.internal.misc.Unsafe.getReferenceVolatile (0x000074b1b2be5008) [0x000074b1b2be5100, 0x000074b1b2be5430] Compiler: , Barriers: 0, Oops: 0, ImmediateOops: 0, NonImmediateOops: No
[1,900s][debug][gc,director ] Rule Major: Warmup 10%, Used: 4MB, UsedThreshold: 1228MB
[1,904s][debug][gc,nmethod  ] Register NMethod: java.util.ImmutableCollections$SetN.probe (0x000074b193401088) [0x000074b193401180, 0x000074b1934019a8] Compiler: c1, Barriers: 4, Oops: 0, ImmediateOops: 0, NonImmediateOops: No
[1,904s][debug][gc,nmethod  ] Register NMethod: java.lang.Math.floorMod (0x000074b193401a08) [0x000074b193401b00, 0x000074b193401c90] Compiler: c1, Barriers: 0, Oops: 0, ImmediateOops: 0, NonImmediateOops: No
[1,905s][debug][gc,nmethod  ] Register NMethod: jdk.internal.util.ArraysSupport.hashCodeOfUnsigned (0x000074b193401d08) [0x000074b193401e00, 0x000074b193402078] Compiler: c1, Barriers: 0, Oops: 0, ImmediateOops: 0, NonImmediateOops: No
[1,905s][debug][gc,nmethod  ] Register NMethod: java.lang.StringLatin1.equals (0x000074b193402088) [0x000074b193402180, 0x000074b1934023e8] Compiler: c1, Barriers: 0, Oops: 0, ImmediateOops: 0, NonImmediateOops: No
[1,906s][debug][gc,nmethod  ] Register NMethod: jdk.internal.util.ArraysSupport.vectorizedHashCode (0x000074b193402408) [0x000074b193402500, 0x000074b193404358] Compiler: c1, Barriers: 0, Oops: 1, ImmediateOops: 2, NonImmediateOops: No
[1,906s][debug][gc,nmethod  ] Register NMethod: java.util.Objects.requireNonNull (0x000074b193404388) [0x000074b193404480, 0x000074b193404650] Compiler: c1, Barriers: 0, Oops: 0, ImmediateOops: 0, NonImmediateOops: No
[1,906s][debug][gc,nmethod  ] Register NMethod: java.util.ImmutableCollections$SetN.hashCode (0x000074b193404688) [0x000074b193404780, 0x000074b193404bf0] Compiler: c1, Barriers: 2, Oops: 0, ImmediateOops: 0, NonImmediateOops: No
[1,908s][debug][gc,nmethod  ] Register NMethod: java.lang.module.ModuleDescriptor.modsHashCode (0x000074b193404c08) [0x000074b193404d00, 0x000074b193405ab8] Compiler: c1, Barriers: 1, Oops: 0, ImmediateOops: 0, NonImmediateOops: No
[1,908s][debug][gc,nmethod  ] Register NMethod: java.lang.String.equals (0x000074b193405b08) [0x000074b193405c00, 0x000074b1934062c0] Compiler: c1, Barriers: 2, Oops: 0, ImmediateOops: 0, NonImmediateOops: No
[1,908s][debug][gc,nmethod  ] Register NMethod: java.util.Objects.equals (0x000074b193406308) [0x000074b193406400, 0x000074b193406788] Compiler: c1, Barriers: 0, Oops: 0, ImmediateOops: 0, NonImmediateOops: No
[1,908s][debug][gc,nmethod  ] Register NMethod: java.util.Objects.hashCode (0x000074b193406808) [0x000074b193406900, 0x000074b193406c50] Compiler: c1, Barriers: 0, Oops: 0, ImmediateOops: 0, NonImmediateOops: No
[1,908s][debug][gc,nmethod  ] Register NMethod: java.util.Set.of (0x000074b193406c88) [0x000074b193406d80, 0x000074b193406e68] Compiler: c1, Barriers: 0, Oops: 0, ImmediateOops: 1, NonImmediateOops: No
[1,908s][debug][gc,nmethod  ] Register NMethod: java.util.ImmutableCollections$SetN.iterator (0x000074b193406f88) [0x000074b193407080, 0x000074b193407220] Compiler: c1, Barriers: 0, Oops: 0, ImmediateOops: 0, NonImmediateOops: No
[1,908s][debug][gc,nmethod  ] Register NMethod: java.util.ImmutableCollections$SetN$SetNIterator.hasNext (0x000074b193407288) [0x000074b193407380, 0x000074b1934074d0] Compiler: c1, Barriers: 0, Oops: 0, ImmediateOops: 0, NonImmediateOops: No
[1,908s][debug][gc,nmethod  ] Register NMethod: java.util.ImmutableCollections$ListN.get (0x000074b193407588) [0x000074b193407680, 0x000074b193407808] Compiler: c1, Barriers: 2, Oops: 0, ImmediateOops: 0, NonImmediateOops: No
[1,908s][debug][gc,nmethod  ] Register NMethod: java.util.ImmutableCollections$SetN$SetNIterator.<init> (0x000074b193407888) [0x000074b193407980, 0x000074b193407d00] Compiler: c1, Barriers: 4, Oops: 0, ImmediateOops: 0, NonImmediateOops: No
[1,909s][debug][gc,nmethod  ] Register NMethod: java.lang.module.ModuleDescriptor$Exports.hashCode (0x000074b193407d08) [0x000074b193407e00, 0x000074b193408418] Compiler: c1, Barriers: 3, Oops: 0, ImmediateOops: 0, NonImmediateOops: No
[1,909s][debug][gc,nmethod  ] Register NMethod: java.util.ImmutableCollections$AbstractImmutableCollection.<init> (0x000074b193408488) [0x000074b193408580, 0x000074b193408738] Compiler: c1, Barriers: 0, Oops: 0, ImmediateOops: 0, NonImmediateOops: No
[1,909s][debug][gc,nmethod  ] Register NMethod: java.util.AbstractCollection.<init> (0x000074b193408788) [0x000074b193408880, 0x000074b1934089d8] Compiler: c1, Barriers: 0, Oops: 0, ImmediateOops: 0, NonImmediateOops: No
[1,909s][debug][gc,nmethod  ] Register NMethod: java.lang.module.ModuleDescriptor$Exports.<init> (0x000074b193408a88) [0x000074b193408b80, 0x000074b193408e40] Compiler: c1, Barriers: 9, Oops: 0, ImmediateOops: 0, NonImmediateOops: No
[1,909s][debug][gc,nmethod  ] Register NMethod: jdk.internal.module.Builder.newExports (0x000074b193408e88) [0x000074b193408f80, 0x000074b1934090c0] Compiler: c1, Barriers: 0, Oops: 0, ImmediateOops: 1, NonImmediateOops: No
[1,909s][debug][gc,nmethod  ] Register NMethod: java.lang.module.ModuleDescriptor$1.newExports (0x000074b193409188) [0x000074b193409280, 0x000074b1934095f8] Compiler: c1, Barriers: 9, Oops: 0, ImmediateOops: 0, NonImmediateOops: No
[1,909s][debug][gc,nmethod  ] Register NMethod: java.util.ImmutableCollections$AbstractImmutableSet.<init> (0x000074b193409608) [0x000074b193409700, 0x000074b193409918] Compiler: c1, Barriers: 0, Oops: 0, ImmediateOops: 0, NonImmediateOops: No
[1,910s][debug][gc,nmethod  ] Register NMethod: java.util.ImmutableCollections$SetN.<init> (0x000074b193409988) [0x000074b193409a80, 0x000074b19340b350] Compiler: c1, Barriers: 8, Oops: 1, ImmediateOops: 3, NonImmediateOops: No
[1,910s][debug][gc,nmethod  ] Register NMethod: java.util.Set.of (0x000074b19340b388) [0x000074b19340b480, 0x000074b19340bcf0] Compiler: c1, Barriers: 9, Oops: 0, ImmediateOops: 2, NonImmediateOops: No
[1,910s][debug][gc,nmethod  ] Register NMethod: java.lang.module.ModuleDescriptor$Exports.equals (0x000074b19340bd08) [0x000074b19340be00, 0x000074b19340cc78] Compiler: c1, Barriers: 6, Oops: 0, ImmediateOops: 0, NonImmediateOops: No
[1,910s][debug][gc,director ] Rule Major: Warmup 10%, Used: 6MB, UsedThreshold: 1228MB
[1,911s][debug][gc,nmethod  ] Register NMethod: java.lang.System.arraycopy (0x000074b1b2be5488) [0x000074b1b2be5580, 0x000074b1b2be5700] Compiler: , Barriers: 0, Oops: 0, ImmediateOops: 1, NonImmediateOops: No
[1,911s][debug][gc,nmethod  ] Register NMethod: java.lang.String.coder (0x000074b19340cc88) [0x000074b19340cd80, 0x000074b19340cea8] Compiler: c1, Barriers: 0, Oops: 0, ImmediateOops: 0, NonImmediateOops: No
[1,911s][debug][gc,nmethod  ] Register NMethod: java.lang.module.ModuleDescriptor.name (0x000074b1b2be5788) [0x000074b1b2be5880, 0x000074b1b2be5968] Compiler: c1, Barriers: 1, Oops: 0, ImmediateOops: 0, NonImmediateOops: No
[1,911s][debug][gc,nmethod  ] Register NMethod: java.lang.String.length (0x000074b19340cf88) [0x000074b19340d080, 0x000074b19340d400] Compiler: c1, Barriers: 1, Oops: 0, ImmediateOops: 0, NonImmediateOops: No
[1,911s][debug][gc,nmethod  ] Register NMethod: java.lang.module.ModuleReference.descriptor (0x000074b1b2be5a88) [0x000074b1b2be5b80, 0x000074b1b2be5c68] Compiler: c1, Barriers: 1, Oops: 0, ImmediateOops: 0, NonImmediateOops: No
[1,911s][debug][gc,nmethod  ] Register NMethod: java.lang.String.isLatin1 (0x000074b19340d408) [0x000074b19340d500, 0x000074b19340d660] Compiler: c1, Barriers: 0, Oops: 0, ImmediateOops: 0, NonImmediateOops: No
[1,911s][debug][gc,nmethod  ] Register NMethod: java.lang.StringLatin1.charAt (0x000074b19340d708) [0x000074b19340d800, 0x000074b19340d9c0] Compiler: c1, Barriers: 0, Oops: 1, ImmediateOops: 1, NonImmediateOops: No
[1,911s][debug][gc,nmethod  ] Register NMethod: java.net.URI.hash (0x000074b19340da08) [0x000074b19340db00, 0x000074b19340e0c0] Compiler: c1, Barriers: 0, Oops: 0, ImmediateOops: 0, NonImmediateOops: No
[1,912s][debug][gc,nmethod  ] Register NMethod: java.lang.String.charAt (0x000074b19340e108) [0x000074b19340e200, 0x000074b19340e790] Compiler: c1, Barriers: 2, Oops: 1, ImmediateOops: 1, NonImmediateOops: No
[1,912s][debug][gc,nmethod  ] Register NMethod: java.lang.String.checkIndex (0x000074b19340e808) [0x000074b19340e900, 0x000074b19340ea28] Compiler: c1, Barriers: 0, Oops: 1, ImmediateOops: 1, NonImmediateOops: No
[1,912s][debug][gc,nmethod  ] Register NMethod: jdk.internal.util.Preconditions.checkIndex (0x000074b19340eb08) [0x000074b19340ec00, 0x000074b19340ed88] Compiler: c1, Barriers: 0, Oops: 0, ImmediateOops: 0, NonImmediateOops: No
[1,918s][debug][gc,nmethod  ] Register NMethod: java.lang.Object.<init> (0x000074b1b2be5d88) [0x000074b1b2be5e80, 0x000074b1b2be5f00] Compiler: jvmci, Barriers: 0, Oops: 0, ImmediateOops: 0, NonImmediateOops: No
[1,919s][debug][gc,nmethod  ] Register NMethod: java.lang.StringLatin1.indexOfChar (0x000074b19340ee08) [0x000074b19340ef00, 0x000074b19340f100] Compiler: c1, Barriers: 0, Oops: 0, ImmediateOops: 0, NonImmediateOops: No
[1,920s][debug][gc,director ] Rule Major: Warmup 10%, Used: 8MB, UsedThreshold: 1228MB
[1,920s][debug][gc,nmethod  ] Register NMethod: java.lang.Object.getClass (0x000074b1b2be6088) [0x000074b1b2be6180, 0x000074b1b2be64a0] Compiler: , Barriers: 0, Oops: 0, ImmediateOops: 0, NonImmediateOops: No
[1,921s][debug][gc,nmethod  ] Register NMethod: java.io.File.getPath (0x000074b1b2be6508) [0x000074b1b2be6600, 0x000074b1b2be66e8] Compiler: c1, Barriers: 1, Oops: 0, ImmediateOops: 0, NonImmediateOops: No
[1,921s][debug][gc,nmethod  ] Register NMethod: jdk.internal.misc.Unsafe.getLong (0x000074b1b2be6808) [0x000074b1b2be6900, 0x000074b1b2be6a68] Compiler: , Barriers: 0, Oops: 0, ImmediateOops: 0, NonImmediateOops: No
[1,922s][debug][gc,nmethod  ] Register NMethod: java.lang.String.indexOf (0x000074b19340f108) [0x000074b19340f200, 0x000074b19340f828] Compiler: c1, Barriers: 2, Oops: 0, ImmediateOops: 0, NonImmediateOops: No
[1,922s][debug][gc,nmethod  ] Register NMethod: java.lang.String.startsWith (0x000074b19340f888) [0x000074b19340f980, 0x000074b193410c00] Compiler: c1, Barriers: 2, Oops: 0, ImmediateOops: 0, NonImmediateOops: No
[1,923s][debug][gc,nmethod  ] Register NMethod: java.lang.String.startsWith (0x000074b193410c08) [0x000074b193410d00, 0x000074b193410ff8] Compiler: c1, Barriers: 0, Oops: 0, ImmediateOops: 0, NonImmediateOops: No
[1,923s][debug][gc,nmethod  ] Register NMethod: java.lang.String.isEmpty (0x000074b193411008) [0x000074b193411100, 0x000074b193411288] Compiler: c1, Barriers: 1, Oops: 0, ImmediateOops: 0, NonImmediateOops: No
[1,923s][debug][gc,nmethod  ] Register NMethod: java.lang.StringLatin1.indexOf (0x000074b193411308) [0x000074b193411400, 0x000074b193411888] Compiler: c1, Barriers: 0, Oops: 0, ImmediateOops: 0, NonImmediateOops: No
[1,924s][debug][gc,nmethod  ] Register NMethod: jdk.internal.misc.Unsafe.getInt (0x000074b1b2be6b08) [0x000074b1b2be6c00, 0x000074b1b2be6d68] Compiler: , Barriers: 0, Oops: 0, ImmediateOops: 0, NonImmediateOops: No
[1,924s][debug][gc,nmethod  ] Register NMethod: jdk.internal.util.ArraysSupport.mismatch (0x000074b193411908) [0x000074b193411a00, 0x000074b193411de0] Compiler: c1, Barriers: 0, Oops: 0, ImmediateOops: 0, NonImmediateOops: No
[1,924s][debug][gc,nmethod  ] Register NMethod: java.io.File.getPrefixLength (0x000074b1b2be6e08) [0x000074b1b2be6f00, 0x000074b1b2be6fc0] Compiler: c1, Barriers: 0, Oops: 0, ImmediateOops: 0, NonImmediateOops: No
[1,925s][debug][gc,nmethod  ] Register NMethod: jdk.internal.misc.Unsafe.getLongUnaligned (0x000074b193411e08) [0x000074b193411f00, 0x000074b1934122b0] Compiler: c1, Barriers: 0, Oops: 0, ImmediateOops: 0, NonImmediateOops: No
[1,925s][debug][gc,nmethod  ] Register NMethod: jdk.internal.util.ArraysSupport.unsignedHashCode (0x000074b1b2be7108) [0x000074b1b2be7220, 0x000074b1b2be7418] Compiler: jvmci, Barriers: 0, Oops: 0, ImmediateOops: 0, NonImmediateOops: No
[1,926s][debug][gc,nmethod  ] Register NMethod: java.lang.String.isLatin1 (0x000074b1b2be7488) [0x000074b1b2be7580, 0x000074b1b2be7640] Compiler: jvmci, Barriers: 0, Oops: 0, ImmediateOops: 0, NonImmediateOops: No
[1,927s][debug][gc,nmethod  ] Register NMethod: jdk.internal.misc.Unsafe.compareAndSetLong (0x000074b1b2be7788) [0x000074b1b2be7880, 0x000074b1b2be79f0] Compiler: , Barriers: 0, Oops: 0, ImmediateOops: 0, NonImmediateOops: No
[1,927s][debug][gc,nmethod  ] Register NMethod: jdk.internal.misc.Unsafe.compareAndSetReference (0x000074b1b2be7a88) [0x000074b1b2be7b80, 0x000074b1b2be7d18] Compiler: , Barriers: 0, Oops: 0, ImmediateOops: 0, NonImmediateOops: No
[1,928s][debug][gc,nmethod  ] Register NMethod: jdk.internal.misc.Unsafe.getReferenceAcquire (0x000074b193412308) [0x000074b193412400, 0x000074b193412530] Compiler: c1, Barriers: 1, Oops: 0, ImmediateOops: 0, NonImmediateOops: No
[1,928s][debug][gc,nmethod  ] Register NMethod: java.util.concurrent.ConcurrentHashMap.tabAt (0x000074b193412608) [0x000074b193412700, 0x000074b193412c48] Compiler: c1, Barriers: 1, Oops: 1, ImmediateOops: 1, NonImmediateOops: No
[1,928s][debug][gc,nmethod  ] Register NMethod: java.util.concurrent.ConcurrentHashMap.spread (0x000074b193412c88) [0x000074b193412d80, 0x000074b193412e70] Compiler: c1, Barriers: 0, Oops: 0, ImmediateOops: 0, NonImmediateOops: No
[1,928s][debug][gc,nmethod  ] Register NMethod: java.lang.String.charAt (0x000074b1b2be7d88) [0x000074b1b2be7e80, 0x000074b1b2be7fb0] Compiler: jvmci, Barriers: 1, Oops: 0, ImmediateOops: 0, NonImmediateOops: No
[1,928s][debug][gc,nmethod  ] Register NMethod: java.util.ImmutableCollections$SetN$SetNIterator.next (0x000074b193412f88) [0x000074b193413080, 0x000074b1934133f8] Compiler: c1, Barriers: 3, Oops: 0, ImmediateOops: 0, NonImmediateOops: No
[1,928s][debug][gc,nmethod  ] Register NMethod: java.util.concurrent.ConcurrentHashMap$Node.<init> (0x000074b193413408) [0x000074b193413500, 0x000074b193413750] Compiler: c1, Barriers: 6, Oops: 0, ImmediateOops: 0, NonImmediateOops: No
[1,929s][debug][gc,nmethod  ] Register NMethod: java.util.concurrent.ConcurrentHashMap.addCount (0x000074b193413788) [0x000074b193413880, 0x000074b193414520] Compiler: c1, Barriers: 4, Oops: 0, ImmediateOops: 0, NonImmediateOops: No
[1,930s][debug][gc,nmethod  ] Register NMethod: java.util.concurrent.ConcurrentHashMap.putVal (0x000074b193414588) [0x000074b193414680, 0x000074b193416b78] Compiler: c1, Barriers: 28, Oops: 0, ImmediateOops: 1, NonImmediateOops: No
[1,931s][debug][gc,director ] Rule Major: Warmup 10%, Used: 8MB, UsedThreshold: 1228MB
[1,931s][debug][gc,nmethod  ] Register NMethod: java.lang.String.hashCode (0x000074b1b2be8088) [0x000074b1b2be8180, 0x000074b1b2be8320] Compiler: jvmci, Barriers: 1, Oops: 0, ImmediateOops: 0, NonImmediateOops: No
[1,936s][debug][gc,nmethod  ] Register NMethod: java.lang.Math.min (0x000074b193416b88) [0x000074b193416c80, 0x000074b193416da8] Compiler: c1, Barriers: 0, Oops: 0, ImmediateOops: 0, NonImmediateOops: No
[1,937s][debug][gc,nmethod  ] Register NMethod: java.lang.invoke.MethodHandle.linkToStatic (0x000074b1b2be8388) [0x000074b1b2be8480, 0x000074b1b2be8570] Compiler: , Barriers: 0, Oops: 0, ImmediateOops: 0, NonImmediateOops: No
[1,941s][debug][gc,director ] Rule Major: Warmup 10%, Used: 8MB, UsedThreshold: 1228MB
[1,943s][debug][gc,nmethod  ] Register NMethod: java.lang.Enum.ordinal (0x000074b1b2be8688) [0x000074b1b2be8780, 0x000074b1b2be8840] Compiler: c1, Barriers: 0, Oops: 0, ImmediateOops: 0, NonImmediateOops: No
[1,944s][debug][gc,nmethod  ] Register NMethod: java.lang.Object.hashCode (0x000074b1b2be8988) [0x000074b1b2be8a80, 0x000074b1b2be8bf0] Compiler: , Barriers: 0, Oops: 0, ImmediateOops: 0, NonImmediateOops: No
[1,944s][debug][gc,nmethod  ] Register NMethod: java.lang.Class.isPrimitive (0x000074b1b2be8c88) [0x000074b1b2be8d80, 0x000074b1b2be8e40] Compiler: c1, Barriers: 0, Oops: 0, ImmediateOops: 0, NonImmediateOops: No
[1,945s][debug][gc,nmethod  ] Register NMethod: java.lang.invoke.MethodHandle.linkToStatic (0x000074b1b2be8f88) [0x000074b1b2be9080, 0x000074b1b2be9170] Compiler: , Barriers: 0, Oops: 0, ImmediateOops: 0, NonImmediateOops: No
[1,945s][debug][gc,nmethod  ] Register NMethod: java.lang.invoke.MethodHandle.linkToStatic (0x000074b1b2be9288) [0x000074b1b2be9380, 0x000074b1b2be9470] Compiler: , Barriers: 0, Oops: 0, ImmediateOops: 0, NonImmediateOops: No
[1,947s][debug][gc,nmethod  ] Register NMethod: java.lang.invoke.MethodHandle.invokeBasic (0x000074b1b2be9588) [0x000074b1b2be9680, 0x000074b1b2be9918] Compiler: , Barriers: 0, Oops: 0, ImmediateOops: 0, NonImmediateOops: No
[1,948s][debug][gc,nmethod  ] Register NMethod: java.lang.invoke.MethodHandle.linkToSpecial (0x000074b1b2be9988) [0x000074b1b2be9a80, 0x000074b1b2be9b78] Compiler: , Barriers: 0, Oops: 0, ImmediateOops: 0, NonImmediateOops: No
[1,951s][debug][gc,director ] Rule Major: Warmup 10%, Used: 8MB, UsedThreshold: 1228MB
[1,959s][debug][gc,nmethod  ] Register NMethod: java.lang.Enum.<init> (0x000074b193416e88) [0x000074b193416f80, 0x000074b193417158] Compiler: c1, Barriers: 3, Oops: 0, ImmediateOops: 0, NonImmediateOops: No
[1,960s][debug][gc,nmethod  ] Register NMethod: java.lang.String.hashCode (0x000074b193417188) [0x000074b193417280, 0x000074b193417828] Compiler: c1, Barriers: 2, Oops: 0, ImmediateOops: 0, NonImmediateOops: No
[1,961s][debug][gc,director ] Rule Major: Warmup 10%, Used: 8MB, UsedThreshold: 1228MB
[1,965s][debug][gc,nmethod  ] Register NMethod: java.lang.invoke.MethodHandle.invokeBasic (0x000074b1b2be9c88) [0x000074b1b2be9d80, 0x000074b1b2bea018] Compiler: , Barriers: 0, Oops: 0, ImmediateOops: 0, NonImmediateOops: No
[1,965s][debug][gc,nmethod  ] Register NMethod: java.lang.invoke.MethodHandle.linkToSpecial (0x000074b1b2bea088) [0x000074b1b2bea180, 0x000074b1b2bea278] Compiler: , Barriers: 0, Oops: 0, ImmediateOops: 0, NonImmediateOops: No
[1,966s][debug][gc,nmethod  ] Register NMethod: jdk.internal.util.StrongReferenceKey.get (0x000074b1b2bea388) [0x000074b1b2bea480, 0x000074b1b2bea568] Compiler: c1, Barriers: 1, Oops: 0, ImmediateOops: 0, NonImmediateOops: No
[1,966s][debug][gc,nmethod  ] Register NMethod: java.lang.invoke.MethodHandle.linkToStatic (0x000074b1b2bea688) [0x000074b1b2bea780, 0x000074b1b2bea878] Compiler: , Barriers: 0, Oops: 0, ImmediateOops: 0, NonImmediateOops: No
[1,966s][debug][gc,nmethod  ] Register NMethod: java.lang.Object.clone (0x000074b1b2bea988) [0x000074b1b2beaa80, 0x000074b1b2beada0] Compiler: , Barriers: 0, Oops: 0, ImmediateOops: 0, NonImmediateOops: No
[1,966s][debug][gc,nmethod  ] Register NMethod: java.lang.invoke.MethodHandle.linkToStatic (0x000074b1b2beae08) [0x000074b1b2beaf00, 0x000074b1b2beaff0] Compiler: , Barriers: 0, Oops: 0, ImmediateOops: 0, NonImmediateOops: No
[1,967s][debug][gc,nmethod  ] Register NMethod: java.lang.invoke.MethodType.returnType (0x000074b1b2beb108) [0x000074b1b2beb200, 0x000074b1b2beb2e8] Compiler: c1, Barriers: 1, Oops: 0, ImmediateOops: 0, NonImmediateOops: No
[1,967s][debug][gc,nmethod  ] Register NMethod: java.lang.Class.getClassLoader (0x000074b1b2beb408) [0x000074b1b2beb500, 0x000074b1b2beb5e8] Compiler: c1, Barriers: 1, Oops: 0, ImmediateOops: 0, NonImmediateOops: No
[1,967s][debug][gc,nmethod  ] Register NMethod: java.lang.invoke.MethodHandle.invokeBasic (0x000074b1b2beb708) [0x000074b1b2beb800, 0x000074b1b2beba98] Compiler: , Barriers: 0, Oops: 0, ImmediateOops: 0, NonImmediateOops: No
[1,968s][debug][gc,nmethod  ] Register NMethod: jdk.internal.classfile.impl.AbstractPoolEntry.index (0x000074b1b2bebb08) [0x000074b1b2bebc00, 0x000074b1b2bebcc0] Compiler: c1, Barriers: 0, Oops: 0, ImmediateOops: 0, NonImmediateOops: No
[1,968s][debug][gc,nmethod  ] Register NMethod: java.util.concurrent.ConcurrentHashMap.putIfAbsent (0x000074b193417888) [0x000074b193417980, 0x000074b193417c80] Compiler: c1, Barriers: 0, Oops: 0, ImmediateOops: 0, NonImmediateOops: No
[1,969s][debug][gc,nmethod  ] Register NMethod: jdk.internal.classfile.impl.SplitConstantPool.size (0x000074b1b2bebe08) [0x000074b1b2bebf00, 0x000074b1b2bebfc0] Compiler: c1, Barriers: 0, Oops: 0, ImmediateOops: 0, NonImmediateOops: No
[1,969s][debug][gc,nmethod  ] Register NMethod: java.lang.invoke.MethodHandle.linkToSpecial (0x000074b1b2bec108) [0x000074b1b2bec200, 0x000074b1b2bec2f8] Compiler: , Barriers: 0, Oops: 0, ImmediateOops: 0, NonImmediateOops: No
[1,970s][debug][gc,nmethod  ] Register NMethod: java.lang.ref.ReferenceQueue.poll (0x000074b193417c88) [0x000074b193417d80, 0x000074b1934181a0] Compiler: c1, Barriers: 2, Oops: 0, ImmediateOops: 0, NonImmediateOops: No
[1,970s][debug][gc,nmethod  ] Register NMethod: java.lang.String.getBytes (0x000074b193418208) [0x000074b193418300, 0x000074b193418808] Compiler: c1, Barriers: 2, Oops: 0, ImmediateOops: 0, NonImmediateOops: No
[1,970s][debug][gc,nmethod  ] Register NMethod: jdk.internal.classfile.impl.AbstractPoolEntry.width (0x000074b1b2bec408) [0x000074b1b2bec500, 0x000074b1b2bec5c0] Compiler: c1, Barriers: 0, Oops: 0, ImmediateOops: 0, NonImmediateOops: No
[1,970s][debug][gc,nmethod  ] Register NMethod: java.lang.String.<init> (0x000074b193418888) [0x000074b193418980, 0x000074b193418b58] Compiler: c1, Barriers: 3, Oops: 0, ImmediateOops: 0, NonImmediateOops: No
[1,971s][debug][gc,nmethod  ] Register NMethod: java.lang.invoke.MethodHandle.linkToStatic (0x000074b1b2bec708) [0x000074b1b2bec800, 0x000074b1b2bec8f0] Compiler: , Barriers: 0, Oops: 0, ImmediateOops: 0, NonImmediateOops: No
[1,971s][debug][gc,nmethod  ] Register NMethod: jdk.internal.util.ReferencedKeyMap.removeStaleReferences (0x000074b193418b88) [0x000074b193418c80, 0x000074b1934192a0] Compiler: c1, Barriers: 2, Oops: 0, ImmediateOops: 0, NonImmediateOops: No
[1,971s][debug][gc,director ] Rule Major: Warmup 10%, Used: 8MB, UsedThreshold: 1228MB
[1,972s][debug][gc,nmethod  ] Register NMethod: java.lang.invoke.MethodHandle.linkToSpecial (0x000074b1b2beca08) [0x000074b1b2becb00, 0x000074b1b2becbf8] Compiler: , Barriers: 0, Oops: 0, ImmediateOops: 0, NonImmediateOops: No
[1,972s][debug][gc,nmethod  ] Register NMethod: jdk.internal.classfile.impl.BufWriterImpl.reserveSpace (0x000074b193419308) [0x000074b193419400, 0x000074b193419718] Compiler: c1, Barriers: 4, Oops: 0, ImmediateOops: 0, NonImmediateOops: No
[1,972s][debug][gc,nmethod  ] Register NMethod: java.lang.invoke.MemberName.getDeclaringClass (0x000074b1b2becd08) [0x000074b1b2bece00, 0x000074b1b2becee8] Compiler: c1, Barriers: 1, Oops: 0, ImmediateOops: 0, NonImmediateOops: No
[1,972s][debug][gc,nmethod  ] Register NMethod: jdk.internal.classfile.impl.RawBytecodeHelper.bci (0x000074b1b2bed008) [0x000074b1b2bed100, 0x000074b1b2bed1c0] Compiler: c1, Barriers: 0, Oops: 0, ImmediateOops: 0, NonImmediateOops: No
[1,973s][debug][gc,nmethod  ] Register NMethod: jdk.internal.classfile.impl.SplitConstantPool.map (0x000074b193419788) [0x000074b1934198a0, 0x000074b19341afa0] Compiler: c1, Barriers: 9, Oops: 0, ImmediateOops: 0, NonImmediateOops: No
[1,974s][debug][gc,nmethod  ] Register NMethod: java.lang.invoke.MethodType.hashCode (0x000074b19341b008) [0x000074b19341b100, 0x000074b19341b780] Compiler: c1, Barriers: 3, Oops: 0, ImmediateOops: 0, NonImmediateOops: No
[1,974s][debug][gc,nmethod  ] Register NMethod: java.util.concurrent.ConcurrentHashMap.get (0x000074b19341b788) [0x000074b19341b880, 0x000074b19341c898] Compiler: c1, Barriers: 7, Oops: 0, ImmediateOops: 0, NonImmediateOops: No
[1,975s][debug][gc,nmethod  ] Register NMethod: java.lang.invoke.MemberName.isInvocable (0x000074b19341c908) [0x000074b19341ca00, 0x000074b19341cbb8] Compiler: c1, Barriers: 0, Oops: 0, ImmediateOops: 0, NonImmediateOops: No
[1,975s][debug][gc,nmethod  ] Register NMethod: java.lang.invoke.MemberName.anyFlagSet (0x000074b19341cc08) [0x000074b19341cd00, 0x000074b19341ce50] Compiler: c1, Barriers: 0, Oops: 0, ImmediateOops: 0, NonImmediateOops: No
[1,975s][debug][gc,nmethod  ] Register NMethod: jdk.internal.util.ReferencedKeyMap.lookupKey (0x000074b19341cf08) [0x000074b19341d000, 0x000074b19341d288] Compiler: c1, Barriers: 3, Oops: 0, ImmediateOops: 0, NonImmediateOops: No
[1,975s][debug][gc,nmethod  ] Register NMethod: jdk.internal.util.StrongReferenceKey.<init> (0x000074b19341d308) [0x000074b19341d400, 0x000074b19341d5d0] Compiler: c1, Barriers: 3, Oops: 0, ImmediateOops: 0, NonImmediateOops: No
[1,975s][debug][gc,nmethod  ] Register NMethod: jdk.internal.classfile.impl.AbstractPoolEntry.constantPool (0x000074b1b2bed308) [0x000074b1b2bed400, 0x000074b1b2bed4e8] Compiler: c1, Barriers: 1, Oops: 0, ImmediateOops: 0, NonImmediateOops: No
[1,976s][debug][gc,nmethod  ] Register NMethod: jdk.internal.util.StrongReferenceKey.hashCode (0x000074b19341d608) [0x000074b19341d700, 0x000074b19341dc10] Compiler: c1, Barriers: 1, Oops: 0, ImmediateOops: 0, NonImmediateOops: No
[1,976s][debug][gc,nmethod  ] Register NMethod: java.lang.invoke.MethodHandle.linkToInterface (0x000074b1b2bed608) [0x000074b1b2bed700, 0x000074b1b2bed830] Compiler: , Barriers: 0, Oops: 0, ImmediateOops: 0, NonImmediateOops: No
[1,977s][debug][gc,nmethod  ] Register NMethod: java.lang.Class.isArray (0x000074b19341dc88) [0x000074b19341dd80, 0x000074b19341df00] Compiler: c1, Barriers: 1, Oops: 0, ImmediateOops: 0, NonImmediateOops: No
[1,977s][debug][gc,nmethod  ] Register NMethod: java.lang.StringCoding.countNonZeroAsciiLatin1 (0x000074b19341df88) [0x000074b19341e080, 0x000074b19341e288] Compiler: c1, Barriers: 0, Oops: 0, ImmediateOops: 0, NonImmediateOops: No
[1,977s][debug][gc,nmethod  ] Register NMethod: java.lang.invoke.MethodHandle.linkToStatic (0x000074b1b2bed908) [0x000074b1b2beda00, 0x000074b1b2bedaf0] Compiler: , Barriers: 0, Oops: 0, ImmediateOops: 0, NonImmediateOops: No
[1,977s][debug][gc,nmethod  ] Register NMethod: java.lang.String.checkBoundsBeginEnd (0x000074b19341e308) [0x000074b19341e400, 0x000074b19341e618] Compiler: c1, Barriers: 0, Oops: 1, ImmediateOops: 1, NonImmediateOops: No
[1,977s][debug][gc,nmethod  ] Register NMethod: jdk.internal.util.Preconditions.checkFromToIndex (0x000074b19341e688) [0x000074b19341e780, 0x000074b19341e938] Compiler: c1, Barriers: 0, Oops: 0, ImmediateOops: 0, NonImmediateOops: No
[1,978s][debug][gc,nmethod  ] Register NMethod: jdk.internal.classfile.impl.AbstractPoolEntry.hashString (0x000074b19341e988) [0x000074b19341ea80, 0x000074b19341eb68] Compiler: c1, Barriers: 0, Oops: 0, ImmediateOops: 0, NonImmediateOops: No
[1,978s][debug][gc,nmethod  ] Register NMethod: jdk.internal.classfile.impl.BufWriterImpl.size (0x000074b1b2bedc08) [0x000074b1b2bedd00, 0x000074b1b2beddc0] Compiler: c1, Barriers: 0, Oops: 0, ImmediateOops: 0, NonImmediateOops: No
[1,978s][debug][gc,nmethod  ] Register NMethod: jdk.internal.classfile.impl.SplitConstantPool.entryByIndex (0x000074b19341ec88) [0x000074b19341ed80, 0x000074b193420e30] Compiler: c1, Barriers: 3, Oops: 2, ImmediateOops: 5, NonImmediateOops: No
[1,980s][debug][gc,nmethod  ] Register NMethod: jdk.internal.classfile.impl.EntryMap.firstToken (0x000074b193420e88) [0x000074b193420f80, 0x000074b193421470] Compiler: c1, Barriers: 1, Oops: 0, ImmediateOops: 1, NonImmediateOops: No
[1,981s][debug][gc,nmethod  ] Register NMethod: java.lang.String.value (0x000074b1b2bedf08) [0x000074b1b2bee000, 0x000074b1b2bee0e8] Compiler: c1, Barriers: 1, Oops: 0, ImmediateOops: 0, NonImmediateOops: No
[1,981s][debug][gc,nmethod  ] Register NMethod: java.lang.StringLatin1.lastIndexOf (0x000074b193421488) [0x000074b193421580, 0x000074b193421948] Compiler: c1, Barriers: 0, Oops: 0, ImmediateOops: 0, NonImmediateOops: No
[1,981s][debug][gc,nmethod  ] Register NMethod: java.lang.invoke.MethodType.form (0x000074b1b2bee208) [0x000074b1b2bee300, 0x000074b1b2bee3e8] Compiler: c1, Barriers: 1, Oops: 0, ImmediateOops: 0, NonImmediateOops: No
[1,981s][debug][gc,director ] Rule Major: Warmup 10%, Used: 8MB, UsedThreshold: 1228MB
[1,981s][debug][gc,nmethod  ] Register NMethod: java.lang.invoke.MethodHandle.linkToSpecial (0x000074b1b2bee508) [0x000074b1b2bee600, 0x000074b1b2bee6f8] Compiler: , Barriers: 0, Oops: 0, ImmediateOops: 0, NonImmediateOops: No
[1,982s][debug][gc,nmethod  ] Register NMethod: java.util.Objects.requireNonNull (0x000074b193421988) [0x000074b193421a80, 0x000074b193421c58] Compiler: c1, Barriers: 0, Oops: 0, ImmediateOops: 0, NonImmediateOops: No
[1,982s][debug][gc,nmethod  ] Register NMethod: jdk.internal.classfile.impl.AbstractPoolEntry.<init> (0x000074b193421c88) [0x000074b193421d80, 0x000074b193421f58] Compiler: c1, Barriers: 3, Oops: 0, ImmediateOops: 0, NonImmediateOops: No
[1,983s][debug][gc,nmethod  ] Register NMethod: java.lang.invoke.MethodType.parameterCount (0x000074b193421f88) [0x000074b193422080, 0x000074b1934221b8] Compiler: c1, Barriers: 1, Oops: 0, ImmediateOops: 0, NonImmediateOops: No
[1,983s][debug][gc,nmethod  ] Register NMethod: jdk.internal.util.ReferencedKeyMap.getNoCheckStale (0x000074b193422288) [0x000074b193422380, 0x000074b193422a00] Compiler: c1, Barriers: 4, Oops: 1, ImmediateOops: 1, NonImmediateOops: No
[1,983s][debug][gc,nmethod  ] Register NMethod: java.lang.StringConcatHelper.newArray (0x000074b193422a88) [0x000074b193422b80, 0x000074b193423158] Compiler: c1, Barriers: 0, Oops: 0, ImmediateOops: 3, NonImmediateOops: No
[1,983s][debug][gc,nmethod  ] Register NMethod: jdk.internal.util.ReferencedKeyMap.get (0x000074b193423188) [0x000074b193423280, 0x000074b1934240a8] Compiler: c1, Barriers: 6, Oops: 1, ImmediateOops: 1, NonImmediateOops: No
[1,983s][debug][gc,nmethod  ] Register NMethod: jdk.internal.constant.ClassOrInterfaceDescImpl.descriptorString (0x000074b1b2bee808) [0x000074b1b2bee900, 0x000074b1b2bee9e8] Compiler: c1, Barriers: 1, Oops: 0, ImmediateOops: 0, NonImmediateOops: No
[1,983s][debug][gc,nmethod  ] Register NMethod: jdk.internal.classfile.impl.EntryMap.put (0x000074b193424108) [0x000074b193424200, 0x000074b1934248d0] Compiler: c1, Barriers: 1, Oops: 0, ImmediateOops: 1, NonImmediateOops: No
[1,984s][debug][gc,nmethod  ] Register NMethod: jdk.internal.classfile.impl.SplitConstantPool.internalAdd (0x000074b193424908) [0x000074b193424a00, 0x000074b193424d58] Compiler: c1, Barriers: 0, Oops: 0, ImmediateOops: 0, NonImmediateOops: No
[1,984s][debug][gc,nmethod  ] Register NMethod: jdk.internal.misc.Unsafe.allocateUninitializedArray0 (0x000074b193424d88) [0x000074b193424e80, 0x000074b1934256a0] Compiler: c1, Barriers: 0, Oops: 0, ImmediateOops: 8, NonImmediateOops: No
[1,984s][debug][gc,nmethod  ] Register NMethod: jdk.internal.misc.Unsafe.allocateUninitializedArray (0x000074b193425708) [0x000074b193425800, 0x000074b193425dc8] Compiler: c1, Barriers: 0, Oops: 0, ImmediateOops: 3, NonImmediateOops: No
[1,984s][debug][gc,nmethod  ] Register NMethod: jdk.internal.classfile.impl.SplitConstantPool.internalAdd (0x000074b193425e08) [0x000074b193425f00, 0x000074b193426ce8] Compiler: c1, Barriers: 8, Oops: 0, ImmediateOops: 1, NonImmediateOops: No
[1,984s][debug][gc,nmethod  ] Register NMethod: java.util.HashMap.hash (0x000074b193426d08) [0x000074b193426e00, 0x000074b193427138] Compiler: c1, Barriers: 0, Oops: 0, ImmediateOops: 0, NonImmediateOops: No
[1,984s][debug][gc,nmethod  ] Register NMethod: java.util.stream.FindOps$FindSink.cancellationRequested (0x000074b1b2beeb08) [0x000074b1b2beec00, 0x000074b1b2beecc0] Compiler: c1, Barriers: 0, Oops: 0, ImmediateOops: 0, NonImmediateOops: No
[1,985s][debug][gc,nmethod  ] Register NMethod: java.util.stream.ReferencePipeline$2$1.accept (0x000074b193427188) [0x000074b193427280, 0x000074b193427840] Compiler: c1, Barriers: 2, Oops: 0, ImmediateOops: 0, NonImmediateOops: No
[1,985s][debug][gc,nmethod  ] Register NMethod: java.util.stream.Sink$ChainedReference.cancellationRequested (0x000074b193427888) [0x000074b193427980, 0x000074b193427cc8] Compiler: c1, Barriers: 1, Oops: 0, ImmediateOops: 0, NonImmediateOops: No
[1,985s][debug][gc,nmethod  ] Register NMethod: jdk.internal.module.DefaultRoots$$Lambda/0x0000000061057da8.test (0x000074b193427d08) [0x000074b193427e00, 0x000074b193428658] Compiler: c1, Barriers: 1, Oops: 0, ImmediateOops: 0, NonImmediateOops: No
[1,985s][debug][gc,nmethod  ] Register NMethod: jdk.internal.module.DefaultRoots.lambda$exportsAPI$0 (0x000074b193428688) [0x000074b193428780, 0x000074b193428d58] Compiler: c1, Barriers: 1, Oops: 0, ImmediateOops: 0, NonImmediateOops: No
[1,985s][debug][gc,nmethod  ] Register NMethod: java.lang.module.ModuleDescriptor$Exports.isQualified (0x000074b193428d88) [0x000074b193428e80, 0x000074b193429210] Compiler: c1, Barriers: 1, Oops: 0, ImmediateOops: 0, NonImmediateOops: No
[1,985s][debug][gc,nmethod  ] Register NMethod: java.util.ImmutableCollections$SetN.isEmpty (0x000074b193429288) [0x000074b193429380, 0x000074b1934294d0] Compiler: c1, Barriers: 0, Oops: 0, ImmediateOops: 0, NonImmediateOops: No
[1,985s][debug][gc,nmethod  ] Register NMethod: java.util.Spliterators$IteratorSpliterator.tryAdvance (0x000074b193429588) [0x000074b193429680, 0x000074b19342a4b0] Compiler: c1, Barriers: 8, Oops: 0, ImmediateOops: 0, NonImmediateOops: No
[1,987s][debug][gc,nmethod  ] Register NMethod: java.util.HashMap$Node.<init> (0x000074b19342a508) [0x000074b19342a600, 0x000074b19342a8c0] Compiler: c1, Barriers: 9, Oops: 0, ImmediateOops: 0, NonImmediateOops: No
[1,987s][debug][gc,nmethod  ] Register NMethod: java.util.HashMap.afterNodeInsertion (0x000074b19342a908) [0x000074b19342aa00, 0x000074b19342ab00] Compiler: c1, Barriers: 0, Oops: 0, ImmediateOops: 0, NonImmediateOops: No
[1,987s][debug][gc,nmethod  ] Register NMethod: java.util.HashMap.newNode (0x000074b19342ac08) [0x000074b19342ad00, 0x000074b19342b080] Compiler: c1, Barriers: 9, Oops: 0, ImmediateOops: 0, NonImmediateOops: No
[1,988s][debug][gc,nmethod  ] Register NMethod: java.util.HashMap.put (0x000074b19342b088) [0x000074b19342b180, 0x000074b19342b768] Compiler: c1, Barriers: 0, Oops: 0, ImmediateOops: 0, NonImmediateOops: No
[1,988s][debug][gc,nmethod  ] Register NMethod: java.util.ImmutableCollections$MapN.probe (0x000074b19342b788) [0x000074b19342b880, 0x000074b19342c0b0] Compiler: c1, Barriers: 4, Oops: 0, ImmediateOops: 0, NonImmediateOops: No
[1,988s][debug][gc,nmethod  ] Register NMethod: java.util.ImmutableCollections$MapN.get (0x000074b19342c108) [0x000074b19342c200, 0x000074b19342c5d8] Compiler: c1, Barriers: 2, Oops: 0, ImmediateOops: 0, NonImmediateOops: No
[1,988s][debug][gc,nmethod  ] Register NMethod: java.util.HashMap.putVal (0x000074b19342c608) [0x000074b19342c700, 0x000074b19342e3f0] Compiler: c1, Barriers: 15, Oops: 0, ImmediateOops: 0, NonImmediateOops: No
[1,988s][debug][gc,nmethod  ] Register NMethod: java.util.ImmutableCollections$Set12$1.hasNext (0x000074b19342e408) [0x000074b19342e500, 0x000074b19342e650] Compiler: c1, Barriers: 0, Oops: 0, ImmediateOops: 0, NonImmediateOops: No
[1,988s][debug][gc,nmethod  ] Register NMethod: java.util.Optional.<init> (0x000074b19342e708) [0x000074b19342e800, 0x000074b19342e9d0] Compiler: c1, Barriers: 3, Oops: 0, ImmediateOops: 0, NonImmediateOops: No
[1,988s][debug][gc,nmethod  ] Register NMethod: jdk.internal.module.ModuleReferenceImpl.moduleResolution (0x000074b1b2beee08) [0x000074b1b2beef00, 0x000074b1b2beefe8] Compiler: c1, Barriers: 1, Oops: 0, ImmediateOops: 0, NonImmediateOops: No
[1,989s][debug][gc,nmethod  ] Register NMethod: java.util.HashMap.getNode (0x000074b19342ea08) [0x000074b19342eb00, 0x000074b19342fe10] Compiler: c1, Barriers: 6, Oops: 0, ImmediateOops: 0, NonImmediateOops: No
[1,989s][debug][gc,nmethod  ] Register NMethod: java.util.HashSet.add (0x000074b19342fe88) [0x000074b19342ff80, 0x000074b193430160] Compiler: c1, Barriers: 1, Oops: 0, ImmediateOops: 1, NonImmediateOops: No
[1,989s][debug][gc,nmethod  ] Register NMethod: java.util.HashMap$HashIterator.hasNext (0x000074b193430188) [0x000074b193430280, 0x000074b193430400] Compiler: c1, Barriers: 1, Oops: 0, ImmediateOops: 0, NonImmediateOops: No
[1,990s][debug][gc,nmethod  ] Register NMethod: java.util.HashMap.get (0x000074b193430488) [0x000074b193430580, 0x000074b193430918] Compiler: c1, Barriers: 1, Oops: 0, ImmediateOops: 0, NonImmediateOops: No
[1,990s][debug][gc,nmethod  ] Register NMethod: java.util.HashMap$HashIterator.nextNode (0x000074b193430988) [0x000074b193430a80, 0x000074b193431098] Compiler: c1, Barriers: 14, Oops: 0, ImmediateOops: 0, NonImmediateOops: No
[1,990s][debug][gc,nmethod  ] Register NMethod: java.lang.module.ModuleDescriptor$Requires.modifiers (0x000074b1b2bef108) [0x000074b1b2bef200, 0x000074b1b2bef2e8] Compiler: c1, Barriers: 1, Oops: 0, ImmediateOops: 0, NonImmediateOops: No
[1,990s][debug][gc,nmethod  ] Register NMethod: java.util.Optional.ofNullable (0x000074b193431108) [0x000074b193431200, 0x000074b1934314b8] Compiler: c1, Barriers: 3, Oops: 0, ImmediateOops: 1, NonImmediateOops: No
[1,990s][debug][gc,nmethod  ] Register NMethod: java.lang.module.ModuleDescriptor$Requires.name (0x000074b1b2bef408) [0x000074b1b2bef500, 0x000074b1b2bef5e8] Compiler: c1, Barriers: 1, Oops: 0, ImmediateOops: 0, NonImmediateOops: No
[1,990s][debug][gc,nmethod  ] Register NMethod: java.lang.module.Resolver.isTracing (0x000074b193431508) [0x000074b193431600, 0x000074b193431780] Compiler: c1, Barriers: 1, Oops: 0, ImmediateOops: 0, NonImmediateOops: No
[1,990s][debug][gc,nmethod  ] Register NMethod: jdk.internal.module.SystemModuleFinders$SystemModuleFinder.find (0x000074b193431808) [0x000074b193431900, 0x000074b1934321d0] Compiler: c1, Barriers: 4, Oops: 0, ImmediateOops: 1, NonImmediateOops: No
[1,991s][debug][gc,nmethod  ] Register NMethod: java.util.HashMap.containsKey (0x000074b193432208) [0x000074b193432300, 0x000074b193432640] Compiler: c1, Barriers: 0, Oops: 0, ImmediateOops: 0, NonImmediateOops: No
[1,991s][debug][gc,nmethod  ] Register NMethod: java.util.HashMap.get (0x000074b193432688) [0x000074b193432780, 0x000074b193432b18] Compiler: c1, Barriers: 1, Oops: 0, ImmediateOops: 0, NonImmediateOops: No
[1,991s][debug][gc,director ] Rule Major: Warmup 10%, Used: 8MB, UsedThreshold: 1228MB
[1,992s][debug][gc,nmethod  ] Register NMethod: java.lang.module.ModuleDescriptor.hashCode (0x000074b193432b88) [0x000074b193432c80, 0x000074b1934344f8] Compiler: c1, Barriers: 12, Oops: 0, ImmediateOops: 0, NonImmediateOops: No
[1,992s][debug][gc,nmethod  ] Register NMethod: java.util.HashMap.put (0x000074b193434508) [0x000074b193434600, 0x000074b193434be8] Compiler: c1, Barriers: 0, Oops: 0, ImmediateOops: 0, NonImmediateOops: No
[1,992s][debug][gc,nmethod  ] Register NMethod: java.util.HashSet.add (0x000074b193434c08) [0x000074b193434d00, 0x000074b193435090] Compiler: c1, Barriers: 1, Oops: 0, ImmediateOops: 1, NonImmediateOops: No
[1,992s][debug][gc,nmethod  ] Register NMethod: java.util.HashMap$KeyIterator.next (0x000074b193435108) [0x000074b193435200, 0x000074b193435530] Compiler: c1, Barriers: 1, Oops: 0, ImmediateOops: 0, NonImmediateOops: No
[1,992s][debug][gc,nmethod  ] Register NMethod: java.lang.module.ModuleDescriptor.requires (0x000074b1b2bef708) [0x000074b1b2bef800, 0x000074b1b2bef8e8] Compiler: c1, Barriers: 1, Oops: 0, ImmediateOops: 0, NonImmediateOops: No
[1,992s][debug][gc,nmethod  ] Register NMethod: java.util.HashMap.putVal (0x000074b193435588) [0x000074b193435680, 0x000074b193437a10] Compiler: c1, Barriers: 15, Oops: 0, ImmediateOops: 0, NonImmediateOops: No
[1,992s][debug][gc,nmethod  ] Register NMethod: java.util.ImmutableCollections$Set12$1.next (0x000074b193437a88) [0x000074b193437b80, 0x000074b193437eb0] Compiler: c1, Barriers: 4, Oops: 0, ImmediateOops: 0, NonImmediateOops: No
[1,992s][debug][gc,nmethod  ] Register NMethod: java.util.ImmutableCollections$SetN.contains (0x000074b193437f08) [0x000074b193438000, 0x000074b193438300] Compiler: c1, Barriers: 0, Oops: 0, ImmediateOops: 0, NonImmediateOops: No
[1,992s][debug][gc,nmethod  ] Register NMethod: java.util.ImmutableCollections$Set12.iterator (0x000074b193438308) [0x000074b193438400, 0x000074b1934385a0] Compiler: c1, Barriers: 0, Oops: 0, ImmediateOops: 0, NonImmediateOops: No
[1,992s][debug][gc,nmethod  ] Register NMethod: jdk.internal.module.ModuleReferenceImpl.hashCode (0x000074b193438608) [0x000074b193438700, 0x000074b193439088] Compiler: c1, Barriers: 3, Oops: 0, ImmediateOops: 0, NonImmediateOops: No
[1,992s][debug][gc,nmethod  ] Register NMethod: java.lang.module.ResolvedModule.hashCode (0x000074b193439108) [0x000074b193439200, 0x000074b1934395d0] Compiler: c1, Barriers: 2, Oops: 0, ImmediateOops: 0, NonImmediateOops: No
[1,992s][debug][gc,nmethod  ] Register NMethod: java.util.AbstractMap.<init> (0x000074b193439608) [0x000074b193439700, 0x000074b193439858] Compiler: c1, Barriers: 0, Oops: 0, ImmediateOops: 0, NonImmediateOops: No
[1,993s][debug][gc,nmethod  ] Register NMethod: java.util.ImmutableCollections$Set12$1.<init> (0x000074b193439908) [0x000074b193439a00, 0x000074b193439db0] Compiler: c1, Barriers: 4, Oops: 0, ImmediateOops: 1, NonImmediateOops: No
[1,993s][debug][gc,nmethod  ] Register NMethod: java.util.AbstractSet.<init> (0x000074b193439e08) [0x000074b193439f00, 0x000074b19343a0b8] Compiler: c1, Barriers: 0, Oops: 0, ImmediateOops: 0, NonImmediateOops: No
[1,993s][debug][gc,nmethod  ] Register NMethod: java.lang.module.ModuleDescriptor.isAutomatic (0x000074b1b2befa08) [0x000074b1b2befb00, 0x000074b1b2befbc0] Compiler: c1, Barriers: 0, Oops: 0, ImmediateOops: 0, NonImmediateOops: No
[1,993s][debug][gc,nmethod  ] Register NMethod: java.util.HashMap$ValueIterator.next (0x000074b19343a108) [0x000074b19343a200, 0x000074b19343a530] Compiler: c1, Barriers: 1, Oops: 0, ImmediateOops: 0, NonImmediateOops: No
[1,993s][debug][gc,nmethod  ] Register NMethod: java.lang.Object.equals (0x000074b19343a588) [0x000074b19343a680, 0x000074b19343a7d0] Compiler: c1, Barriers: 0, Oops: 0, ImmediateOops: 0, NonImmediateOops: No
[1,993s][debug][gc,nmethod  ] Register NMethod: java.util.HashSet.contains (0x000074b19343a888) [0x000074b19343a980, 0x000074b19343af18] Compiler: c1, Barriers: 1, Oops: 0, ImmediateOops: 0, NonImmediateOops: No
[1,993s][debug][gc,nmethod  ] Register NMethod: java.util.HashMap$Node.getKey (0x000074b1b2befd08) [0x000074b1b2befe00, 0x000074b1b2befee8] Compiler: c1, Barriers: 1, Oops: 0, ImmediateOops: 0, NonImmediateOops: No
[1,993s][debug][gc,nmethod  ] Register NMethod: java.util.HashMap$Node.getValue (0x000074b1b2bf0008) [0x000074b1b2bf0100, 0x000074b1b2bf01e8] Compiler: c1, Barriers: 1, Oops: 0, ImmediateOops: 0, NonImmediateOops: No
[1,993s][debug][gc,nmethod  ] Register NMethod: java.util.HashMap$KeySet.iterator (0x000074b19343af88) [0x000074b19343b080, 0x000074b19343b400] Compiler: c1, Barriers: 1, Oops: 0, ImmediateOops: 0, NonImmediateOops: No
[1,993s][debug][gc,nmethod  ] Register NMethod: java.util.HashMap.keySet (0x000074b19343b408) [0x000074b19343b500, 0x000074b19343b988] Compiler: c1, Barriers: 7, Oops: 0, ImmediateOops: 0, NonImmediateOops: No
[1,993s][debug][gc,nmethod  ] Register NMethod: java.util.HashSet.iterator (0x000074b19343ba08) [0x000074b19343bb00, 0x000074b19343c048] Compiler: c1, Barriers: 1, Oops: 0, ImmediateOops: 0, NonImmediateOops: No
[1,993s][debug][gc,nmethod  ] Register NMethod: java.util.HashMap$KeyIterator.<init> (0x000074b19343c088) [0x000074b19343c180, 0x000074b19343c400] Compiler: c1, Barriers: 0, Oops: 0, ImmediateOops: 0, NonImmediateOops: No
[1,993s][debug][gc,nmethod  ] Register NMethod: java.util.Objects.requireNonNull (0x000074b1b2bf0308) [0x000074b1b2bf0400, 0x000074b1b2bf0498] Compiler: jvmci, Barriers: 0, Oops: 0, ImmediateOops: 0, NonImmediateOops: No
[1,993s][debug][gc,nmethod  ] Register NMethod: java.util.HashMap$HashIterator.<init> (0x000074b19343c408) [0x000074b19343c500, 0x000074b19343cb50] Compiler: c1, Barriers: 14, Oops: 0, ImmediateOops: 0, NonImmediateOops: No
[1,994s][debug][gc,nmethod  ] Register NMethod: java.util.ImmutableCollections$Set12.isEmpty (0x000074b1b2bf0608) [0x000074b1b2bf0700, 0x000074b1b2bf07c0] Compiler: c1, Barriers: 0, Oops: 0, ImmediateOops: 0, NonImmediateOops: No
[1,994s][debug][gc,nmethod  ] Register NMethod: java.lang.module.ModuleDescriptor$Exports.source (0x000074b1b2bf0908) [0x000074b1b2bf0a00, 0x000074b1b2bf0ae8] Compiler: c1, Barriers: 1, Oops: 0, ImmediateOops: 0, NonImmediateOops: No
[1,994s][debug][gc,nmethod  ] Register NMethod: java.lang.module.ModuleDescriptor$Exports.targets (0x000074b1b2bf0c08) [0x000074b1b2bf0d00, 0x000074b1b2bf0de8] Compiler: c1, Barriers: 1, Oops: 0, ImmediateOops: 0, NonImmediateOops: No
[1,994s][debug][gc,nmethod  ] Register NMethod: java.util.ImmutableCollections$Set12.contains (0x000074b19343cb88) [0x000074b19343cc80, 0x000074b19343d288] Compiler: c1, Barriers: 2, Oops: 0, ImmediateOops: 0, NonImmediateOops: No
[1,994s][debug][gc,nmethod  ] Register NMethod: java.util.HashMap.putIfAbsent (0x000074b19343d308) [0x000074b19343d400, 0x000074b19343d9e8] Compiler: c1, Barriers: 0, Oops: 0, ImmediateOops: 0, NonImmediateOops: No
[1,994s][debug][gc,nmethod  ] Register NMethod: java.util.HashMap.afterNodeInsertion (0x000074b1b2bf0f08) [0x000074b1b2bf1000, 0x000074b1b2bf1080] Compiler: jvmci, Barriers: 0, Oops: 0, ImmediateOops: 0, NonImmediateOops: No
[1,995s][debug][gc,nmethod  ] Register NMethod: java.util.HashMap.<init> (0x000074b19343da08) [0x000074b19343db00, 0x000074b19343dcc0] Compiler: c1, Barriers: 0, Oops: 0, ImmediateOops: 0, NonImmediateOops: No
[1,995s][debug][gc,nmethod  ] Register NMethod: java.util.HashMap.resize (0x000074b19343dd08) [0x000074b19343de20, 0x000074b19343fb00] Compiler: c1, Barriers: 31, Oops: 0, ImmediateOops: 0, NonImmediateOops: No
[1,995s][debug][gc,nmethod  ] Register NMethod: java.lang.module.ModuleDescriptor.provides (0x000074b1b2bf1208) [0x000074b1b2bf1300, 0x000074b1b2bf13e8] Compiler: c1, Barriers: 1, Oops: 0, ImmediateOops: 0, NonImmediateOops: No
[1,996s][debug][gc,nmethod  ] Register NMethod: java.util.Arrays.copyOfRange (0x000074b19343fb08) [0x000074b19343fc00, 0x000074b193440ed0] Compiler: c1, Barriers: 0, Oops: 1, ImmediateOops: 2, NonImmediateOops: No
[1,996s][debug][gc,nmethod  ] Register NMethod: java.lang.module.ModuleDescriptor.exports (0x000074b1b2bf1508) [0x000074b1b2bf1600, 0x000074b1b2bf16e8] Compiler: c1, Barriers: 1, Oops: 0, ImmediateOops: 0, NonImmediateOops: No
[1,996s][debug][gc,nmethod  ] Register NMethod: java.lang.module.ModuleDescriptor$Provides.service (0x000074b1b2bf1808) [0x000074b1b2bf1900, 0x000074b1b2bf19e8] Compiler: c1, Barriers: 1, Oops: 0, ImmediateOops: 0, NonImmediateOops: No
[1,996s][debug][gc,nmethod  ] Register NMethod: java.lang.module.ModuleDescriptor.uses (0x000074b1b2bf1b08) [0x000074b1b2bf1c00, 0x000074b1b2bf1ce8] Compiler: c1, Barriers: 1, Oops: 0, ImmediateOops: 0, NonImmediateOops: No
[1,996s][debug][gc,nmethod  ] Register NMethod: java.lang.StringLatin1.newString (0x000074b193440f08) [0x000074b193441000, 0x000074b193441320] Compiler: c1, Barriers: 3, Oops: 0, ImmediateOops: 1, NonImmediateOops: No
[1,996s][debug][gc,nmethod  ] Register NMethod: java.util.ImmutableCollections$SetN$SetNIterator.hasNext (0x000074b1b2bf1e08) [0x000074b1b2bf1f00, 0x000074b1b2bf1f90] Compiler: jvmci, Barriers: 0, Oops: 0, ImmediateOops: 0, NonImmediateOops: No
[1,996s][debug][gc,nmethod  ] Register NMethod: java.lang.module.ResolvedModule.descriptor (0x000074b193441388) [0x000074b193441480, 0x000074b1934417c0] Compiler: c1, Barriers: 2, Oops: 0, ImmediateOops: 0, NonImmediateOops: No
[1,996s][debug][gc,nmethod  ] Register NMethod: java.lang.String.substring (0x000074b193441808) [0x000074b193441900, 0x000074b193442420] Compiler: c1, Barriers: 1, Oops: 1, ImmediateOops: 1, NonImmediateOops: No
[1,997s][debug][gc,nmethod  ] Register NMethod: java.util.HashMap$EntryIterator.next (0x000074b193442488) [0x000074b193442580, 0x000074b193442878] Compiler: c1, Barriers: 0, Oops: 0, ImmediateOops: 0, NonImmediateOops: No
[1,997s][debug][gc,nmethod  ] Register NMethod: java.util.HashMap$EntryIterator.next (0x000074b193442888) [0x000074b193442980, 0x000074b193442e90] Compiler: c1, Barriers: 0, Oops: 0, ImmediateOops: 0, NonImmediateOops: No
[1,997s][debug][gc,nmethod  ] Register NMethod: java.lang.StringLatin1.lastIndexOf (0x000074b193442f08) [0x000074b193443000, 0x000074b193443420] Compiler: c1, Barriers: 0, Oops: 0, ImmediateOops: 0, NonImmediateOops: No
[1,997s][debug][gc,nmethod  ] Register NMethod: java.util.HashSet.<init> (0x000074b193443488) [0x000074b193443580, 0x000074b193443988] Compiler: c1, Barriers: 3, Oops: 0, ImmediateOops: 0, NonImmediateOops: No
[1,999s][debug][gc,nmethod  ] Register NMethod: java.util.KeyValueHolder.getKey (0x000074b1b2bf2108) [0x000074b1b2bf2200, 0x000074b1b2bf22e8] Compiler: c1, Barriers: 1, Oops: 0, ImmediateOops: 0, NonImmediateOops: No
[1,999s][debug][gc,nmethod  ] Register NMethod: java.util.KeyValueHolder.getValue (0x000074b1b2bf2408) [0x000074b1b2bf2500, 0x000074b1b2bf25e8] Compiler: c1, Barriers: 1, Oops: 0, ImmediateOops: 0, NonImmediateOops: No
[1,999s][debug][gc,nmethod  ] Register NMethod: java.lang.String.hashCode (0x000074b1b2bf2708) [0x000074b1b2bf2800, 0x000074b1b2bf29a0] Compiler: jvmci, Barriers: 1, Oops: 0, ImmediateOops: 0, NonImmediateOops: No
[2,000s][debug][gc,nmethod  ] Register NMethod: java.lang.module.ModuleDescriptor.packages (0x000074b1b2bf2a08) [0x000074b1b2bf2b00, 0x000074b1b2bf2be8] Compiler: c1, Barriers: 1, Oops: 0, ImmediateOops: 0, NonImmediateOops: No
[2,000s][debug][gc,nmethod  ] Register NMethod: java.util.concurrent.ConcurrentHashMap.casTabAt (0x000074b193443a08) [0x000074b193443b00, 0x000074b193443c70] Compiler: c1, Barriers: 5, Oops: 0, ImmediateOops: 0, NonImmediateOops: No
[2,000s][debug][gc,nmethod  ] Register NMethod: java.util.Optional.orElse (0x000074b193443d08) [0x000074b193443e00, 0x000074b193443f98] Compiler: c1, Barriers: 1, Oops: 0, ImmediateOops: 0, NonImmediateOops: No
[2,000s][debug][gc,nmethod  ] Register NMethod: java.lang.module.ResolvedModule.reference (0x000074b1b2bf2d08) [0x000074b1b2bf2e00, 0x000074b1b2bf2ee8] Compiler: c1, Barriers: 1, Oops: 0, ImmediateOops: 0, NonImmediateOops: No
[2,001s][debug][gc,nmethod  ] Register NMethod: java.lang.module.ResolvedModule.name (0x000074b193444008) [0x000074b193444100, 0x000074b193444648] Compiler: c1, Barriers: 3, Oops: 0, ImmediateOops: 0, NonImmediateOops: No
[2,001s][debug][gc,nmethod  ] Register NMethod: java.lang.AbstractStringBuilder.length (0x000074b1b2bf3008) [0x000074b1b2bf3100, 0x000074b1b2bf31c0] Compiler: c1, Barriers: 0, Oops: 0, ImmediateOops: 0, NonImmediateOops: No
[2,001s][debug][gc,nmethod  ] Register NMethod: java.util.ImmutableCollections$SetN$SetNIterator.next (0x000074b1b2bf3308) [0x000074b1b2bf3400, 0x000074b1b2bf3610] Compiler: jvmci, Barriers: 3, Oops: 0, ImmediateOops: 0, NonImmediateOops: No
[2,002s][debug][gc,director ] Rule Major: Warmup 10%, Used: 10MB, UsedThreshold: 1228MB
[2,002s][debug][gc,nmethod  ] Register NMethod: java.lang.module.ModuleDescriptor$Version.toString (0x000074b1b2bf3688) [0x000074b1b2bf3780, 0x000074b1b2bf3868] Compiler: c1, Barriers: 1, Oops: 0, ImmediateOops: 0, NonImmediateOops: No
[2,002s][debug][gc,nmethod  ] Register NMethod: java.lang.AbstractStringBuilder.needsNewBuffer (0x000074b193444688) [0x000074b193444780, 0x000074b193444920] Compiler: c1, Barriers: 0, Oops: 0, ImmediateOops: 0, NonImmediateOops: No
[2,003s][debug][gc,nmethod  ] Register NMethod: java.lang.Module.addExports0 (0x000074b1b2bf3988) [0x000074b1b2bf3a80, 0x000074b1b2bf3c00] Compiler: , Barriers: 0, Oops: 0, ImmediateOops: 1, NonImmediateOops: No
[2,004s][debug][gc,nmethod  ] Register NMethod: java.util.ImmutableCollections$ListItr.hasNext (0x000074b193444988) [0x000074b193444a80, 0x000074b193444bd0] Compiler: c1, Barriers: 0, Oops: 0, ImmediateOops: 0, NonImmediateOops: No
[2,005s][debug][gc,nmethod  ] Register NMethod: java.util.ImmutableCollections$List12.get (0x000074b193444c88) [0x000074b193444d80, 0x000074b193445198] Compiler: c1, Barriers: 2, Oops: 0, ImmediateOops: 1, NonImmediateOops: No
[2,005s][debug][gc,nmethod  ] Register NMethod: java.util.ImmutableCollections$List12.size (0x000074b193445208) [0x000074b193445300, 0x000074b1934454a8] Compiler: c1, Barriers: 1, Oops: 0, ImmediateOops: 1, NonImmediateOops: No
[2,005s][debug][gc,nmethod  ] Register NMethod: java.util.ImmutableCollections$ListItr.next (0x000074b193445508) [0x000074b193445600, 0x000074b1934459f0] Compiler: c1, Barriers: 1, Oops: 0, ImmediateOops: 0, NonImmediateOops: No
[2,005s][debug][gc,nmethod  ] Register NMethod: java.lang.Module.addExportsToAll0 (0x000074b1b2bf3c88) [0x000074b1b2bf3d80, 0x000074b1b2bf3ef0] Compiler: , Barriers: 0, Oops: 0, ImmediateOops: 1, NonImmediateOops: No
[2,005s][debug][gc,nmethod  ] Register NMethod: java.util.ImmutableCollections$AbstractImmutableList.iterator (0x000074b193445a08) [0x000074b193445b00, 0x000074b193445fb0] Compiler: c1, Barriers: 3, Oops: 0, ImmediateOops: 0, NonImmediateOops: No
[2,005s][debug][gc,nmethod  ] Register NMethod: java.util.ImmutableCollections$ListItr.<init> (0x000074b193446008) [0x000074b193446100, 0x000074b1934462e0] Compiler: c1, Barriers: 3, Oops: 0, ImmediateOops: 0, NonImmediateOops: No
[2,005s][debug][gc,nmethod  ] Register NMethod: java.lang.Module.findModule (0x000074b193446308) [0x000074b193446400, 0x000074b193447d28] Compiler: c1, Barriers: 1, Oops: 0, ImmediateOops: 0, NonImmediateOops: No
[2,006s][debug][gc,nmethod  ] Register NMethod: java.util.HashMap.isEmpty (0x000074b193447d88) [0x000074b193447e80, 0x000074b193447fd0] Compiler: c1, Barriers: 0, Oops: 0, ImmediateOops: 0, NonImmediateOops: No
[2,006s][debug][gc,nmethod  ] Register NMethod: java.util.Optional.empty (0x000074b193448088) [0x000074b193448180, 0x000074b193448268] Compiler: c1, Barriers: 0, Oops: 0, ImmediateOops: 1, NonImmediateOops: No
[2,006s][debug][gc,nmethod  ] Register NMethod: java.util.HashSet.isEmpty (0x000074b193448388) [0x000074b193448480, 0x000074b193448828] Compiler: c1, Barriers: 1, Oops: 0, ImmediateOops: 0, NonImmediateOops: No
[2,007s][debug][gc,nmethod  ] Register NMethod: java.lang.Double.doubleToRawLongBits (0x000074b1b2bf3f88) [0x000074b1b2bf4080, 0x000074b1b2bf41d8] Compiler: , Barriers: 0, Oops: 0, ImmediateOops: 1, NonImmediateOops: No
[2,007s][debug][gc,nmethod  ] Register NMethod: java.lang.Module.addReads0 (0x000074b1b2bf4288) [0x000074b1b2bf4380, 0x000074b1b2bf44f0] Compiler: , Barriers: 0, Oops: 0, ImmediateOops: 1, NonImmediateOops: No
[2,007s][debug][gc,nmethod  ] Register NMethod: java.lang.module.ResolvedModule.configuration (0x000074b1b2bf4588) [0x000074b1b2bf4680, 0x000074b1b2bf4768] Compiler: c1, Barriers: 1, Oops: 0, ImmediateOops: 0, NonImmediateOops: No
[2,007s][debug][gc,nmethod  ] Register NMethod: java.lang.Math.max (0x000074b193448888) [0x000074b193448980, 0x000074b193448aa8] Compiler: c1, Barriers: 0, Oops: 0, ImmediateOops: 0, NonImmediateOops: No
[2,007s][debug][gc,nmethod  ] Register NMethod: java.lang.module.ModuleDescriptor.isOpen (0x000074b1b2bf4888) [0x000074b1b2bf4980, 0x000074b1b2bf4a40] Compiler: c1, Barriers: 0, Oops: 0, ImmediateOops: 0, NonImmediateOops: No
[2,007s][debug][gc,nmethod  ] Register NMethod: java.util.HashMap.size (0x000074b1b2bf4b88) [0x000074b1b2bf4c80, 0x000074b1b2bf4d40] Compiler: c1, Barriers: 0, Oops: 0, ImmediateOops: 0, NonImmediateOops: No
[2,009s][debug][gc,nmethod  ] Register NMethod: jdk.internal.module.ServicesCatalog$ServiceProvider.<init> (0x000074b193448b88) [0x000074b193448c80, 0x000074b193448ec8] Compiler: c1, Barriers: 6, Oops: 0, ImmediateOops: 0, NonImmediateOops: No
[2,010s][debug][gc,nmethod  ] Register NMethod: jdk.internal.classfile.impl.AbstractPoolEntry.maybeClone (0x000074b193448f08) [0x000074b193449000, 0x000074b193449968] Compiler: c1, Barriers: 0, Oops: 0, ImmediateOops: 0, NonImmediateOops: No
[2,010s][debug][gc,nmethod  ] Register NMethod: jdk.internal.classfile.impl.RawBytecodeHelper.endBci (0x000074b193449988) [0x000074b193449a80, 0x000074b193449bb8] Compiler: c1, Barriers: 1, Oops: 0, ImmediateOops: 0, NonImmediateOops: No
[2,010s][debug][gc,nmethod  ] Register NMethod: jdk.internal.classfile.impl.SplitConstantPool.canWriteDirect (0x000074b193449c88) [0x000074b193449d80, 0x000074b19344a078] Compiler: c1, Barriers: 1, Oops: 0, ImmediateOops: 0, NonImmediateOops: No
[2,010s][debug][gc,nmethod  ] Register NMethod: java.lang.invoke.MethodType.ptypes (0x000074b1b2bf4e88) [0x000074b1b2bf4f80, 0x000074b1b2bf5068] Compiler: c1, Barriers: 1, Oops: 0, ImmediateOops: 0, NonImmediateOops: No
[2,011s][debug][gc,nmethod  ] Register NMethod: jdk.internal.classfile.impl.RawBytecodeHelper.next (0x000074b19344a088) [0x000074b19344a180, 0x000074b19344a8f8] Compiler: c1, Barriers: 2, Oops: 0, ImmediateOops: 1, NonImmediateOops: No
[2,012s][debug][gc,nmethod  ] Register NMethod: java.lang.invoke.MethodTypeForm.canonicalize (0x000074b19344a908) [0x000074b19344aa00, 0x000074b19344b658] Compiler: c1, Barriers: 1, Oops: 0, ImmediateOops: 2, NonImmediateOops: No
[2,012s][debug][gc,nmethod  ] Register NMethod: java.lang.Class.isInstance (0x000074b1b2bf5188) [0x000074b1b2bf5280, 0x000074b1b2bf53f0] Compiler: , Barriers: 0, Oops: 0, ImmediateOops: 0, NonImmediateOops: No
[2,012s][debug][gc,nmethod  ] Register NMethod: jdk.internal.classfile.impl.RawBytecodeHelper.opcode (0x000074b19344b688) [0x000074b19344b780, 0x000074b19344b888] Compiler: c1, Barriers: 0, Oops: 0, ImmediateOops: 0, NonImmediateOops: No
[2,012s][debug][gc,director ] Rule Major: Warmup 10%, Used: 10MB, UsedThreshold: 1228MB
[2,012s][debug][gc,nmethod  ] Register NMethod: java.lang.invoke.MethodType.parameterType (0x000074b19344b988) [0x000074b19344ba80, 0x000074b19344bc08] Compiler: c1, Barriers: 2, Oops: 0, ImmediateOops: 0, NonImmediateOops: No
[2,012s][debug][gc,nmethod  ] Register NMethod: java.lang.AbstractStringBuilder.isLatin1 (0x000074b19344bc88) [0x000074b19344bd80, 0x000074b19344bec0] Compiler: c1, Barriers: 0, Oops: 0, ImmediateOops: 0, NonImmediateOops: No
[2,013s][debug][gc,nmethod  ] Register NMethod: jdk.internal.vm.Continuation.enterSpecial (0x000074b1b2bf5488) [0x000074b1b2bf5580, 0x000074b1b2bf5778] Compiler: , Barriers: 0, Oops: 0, ImmediateOops: 0, NonImmediateOops: No
[2,013s][debug][gc,nmethod  ] Register NMethod: jdk.internal.vm.Continuation.doYield (0x000074b1b2bf5788) [0x000074b1b2bf5880, 0x000074b1b2bf5948] Compiler: , Barriers: 0, Oops: 0, ImmediateOops: 0, NonImmediateOops: No
[2,022s][debug][gc,director ] Rule Major: Warmup 10%, Used: 10MB, UsedThreshold: 1228MB
[2,024s][debug][gc,nmethod  ] Register NMethod: java.lang.AbstractStringBuilder.getValue (0x000074b1b2bf5a88) [0x000074b1b2bf5b80, 0x000074b1b2bf5c68] Compiler: c1, Barriers: 1, Oops: 0, ImmediateOops: 0, NonImmediateOops: No
[2,025s][debug][gc,nmethod  ] Register NMethod: java.lang.StringBuilder.append (0x000074b19344bf88) [0x000074b19344c080, 0x000074b19344c1c8] Compiler: c1, Barriers: 0, Oops: 0, ImmediateOops: 0, NonImmediateOops: No
[2,025s][debug][gc,nmethod  ] Register NMethod: java.lang.AbstractStringBuilder.append (0x000074b19344c288) [0x000074b19344c380, 0x000074b19344cfd0] Compiler: c1, Barriers: 5, Oops: 0, ImmediateOops: 0, NonImmediateOops: No
[2,026s][debug][gc,nmethod  ] Register NMethod: java.lang.StringLatin1.canEncode (0x000074b19344d008) [0x000074b19344d100, 0x000074b19344d260] Compiler: c1, Barriers: 0, Oops: 0, ImmediateOops: 0, NonImmediateOops: No
[2,032s][debug][gc,director ] Rule Major: Warmup 10%, Used: 10MB, UsedThreshold: 1228MB
[2,033s][debug][gc,nmethod  ] Register NMethod: java.util.HashMap.putVal (0x000074b1b2bf5d88) [0x000074b1b2bf5ea0, 0x000074b1b2bf7860] Compiler: jvmci, Barriers: 83, Oops: 0, ImmediateOops: 0, NonImmediateOops: No
[2,039s][debug][gc,nmethod  ] Register NMethod: jdk.internal.misc.Unsafe.getByte (0x000074b1b2bf7888) [0x000074b1b2bf7980, 0x000074b1b2bf7ae8] Compiler: , Barriers: 0, Oops: 0, ImmediateOops: 0, NonImmediateOops: No
[2,039s][debug][gc,nmethod  ] Register NMethod: jdk.internal.misc.Unsafe.getShort (0x000074b1b2bf7b88) [0x000074b1b2bf7c80, 0x000074b1b2bf7de8] Compiler: , Barriers: 0, Oops: 0, ImmediateOops: 0, NonImmediateOops: No
[2,039s][debug][gc,nmethod  ] Register NMethod: jdk.internal.misc.Unsafe.pickPos (0x000074b19344d308) [0x000074b19344d400, 0x000074b19344d4f0] Compiler: c1, Barriers: 0, Oops: 0, ImmediateOops: 0, NonImmediateOops: No
[2,040s][debug][gc,nmethod  ] Register NMethod: jdk.internal.misc.Unsafe.toUnsignedInt (0x000074b19344d608) [0x000074b19344d700, 0x000074b19344d7e8] Compiler: c1, Barriers: 0, Oops: 0, ImmediateOops: 0, NonImmediateOops: No
[2,040s][debug][gc,nmethod  ] Register NMethod: java.util.zip.ZipUtils.get16 (0x000074b19344d908) [0x000074b19344da00, 0x000074b19344de00] Compiler: c1, Barriers: 0, Oops: 1, ImmediateOops: 2, NonImmediateOops: No
[2,040s][debug][gc,nmethod  ] Register NMethod: jdk.internal.misc.Unsafe.getShortUnaligned (0x000074b19344de88) [0x000074b19344df80, 0x000074b19344e1a8] Compiler: c1, Barriers: 0, Oops: 0, ImmediateOops: 0, NonImmediateOops: No
[2,040s][debug][gc,nmethod  ] Register NMethod: java.lang.Short.toUnsignedInt (0x000074b19344e208) [0x000074b19344e300, 0x000074b19344e3e8] Compiler: c1, Barriers: 0, Oops: 0, ImmediateOops: 0, NonImmediateOops: No
[2,040s][debug][gc,nmethod  ] Register NMethod: jdk.internal.misc.Unsafe.convEndian (0x000074b19344e508) [0x000074b19344e600, 0x000074b19344e7a0] Compiler: c1, Barriers: 0, Oops: 0, ImmediateOops: 0, NonImmediateOops: No
[2,040s][debug][gc,nmethod  ] Register NMethod: jdk.internal.misc.Unsafe.getIntUnaligned (0x000074b19344e808) [0x000074b19344e900, 0x000074b19344ed50] Compiler: c1, Barriers: 0, Oops: 0, ImmediateOops: 0, NonImmediateOops: No
[2,040s][debug][gc,nmethod  ] Register NMethod: jdk.internal.misc.Unsafe.getShortUnaligned (0x000074b19344ed88) [0x000074b19344ee80, 0x000074b19344f210] Compiler: c1, Barriers: 0, Oops: 0, ImmediateOops: 0, NonImmediateOops: No
[2,042s][debug][gc,director ] Rule Major: Warmup 10%, Used: 10MB, UsedThreshold: 1228MB
[2,044s][debug][gc,nmethod  ] Register NMethod: java.lang.StringBuilder.length (0x000074b19344f288) [0x000074b19344f380, 0x000074b19344f498] Compiler: c1, Barriers: 0, Oops: 0, ImmediateOops: 0, NonImmediateOops: No
[2,048s][debug][gc,nmethod  ] Register NMethod: java.util.HashMap.resize (0x000074b1b2bf7e88) [0x000074b1b2bf7fa0, 0x000074b1b2bf8ae0] Compiler: jvmci, Barriers: 33, Oops: 0, ImmediateOops: 0, NonImmediateOops: No
[2,049s][debug][gc,nmethod  ] Register NMethod: java.lang.invoke.MethodType.checkSlotCount (0x000074b19344f588) [0x000074b19344f680, 0x000074b1934503b8] Compiler: c1, Barriers: 0, Oops: 1, ImmediateOops: 2, NonImmediateOops: No
[2,049s][debug][gc,nmethod  ] Register NMethod: jdk.internal.util.WeakReferenceKey.hashCode (0x000074b1b2bf8b08) [0x000074b1b2bf8c00, 0x000074b1b2bf8cc0] Compiler: c1, Barriers: 0, Oops: 0, ImmediateOops: 0, NonImmediateOops: No
[2,049s][debug][gc,nmethod  ] Register NMethod: java.lang.invoke.MethodHandle.linkToStatic (0x000074b1b2bf8e08) [0x000074b1b2bf8f00, 0x000074b1b2bf8ff0] Compiler: , Barriers: 0, Oops: 0, ImmediateOops: 0, NonImmediateOops: No
[2,050s][debug][gc,nmethod  ] Register NMethod: java.io.BufferedInputStream.getBufIfOpen (0x000074b193450408) [0x000074b193450500, 0x000074b193450638] Compiler: c1, Barriers: 0, Oops: 0, ImmediateOops: 0, NonImmediateOops: No
[2,051s][debug][gc,nmethod  ] Register NMethod: java.io.BufferedInputStream.getBufIfOpen (0x000074b193450708) [0x000074b193450800, 0x000074b193450c18] Compiler: c1, Barriers: 7, Oops: 0, ImmediateOops: 3, NonImmediateOops: No
[2,051s][debug][gc,nmethod  ] Register NMethod: worker.org.gradle.internal.stream.EncodedStream$EncodedInput.hexToByte (0x000074b193450c88) [0x000074b193450d80, 0x000074b1934514c8] Compiler: c1, Barriers: 3, Oops: 2, ImmediateOops: 1, NonImmediateOops: No
[2,051s][debug][gc,nmethod  ] Register NMethod: java.io.BufferedInputStream.read (0x000074b193451508) [0x000074b193451600, 0x000074b193451a58] Compiler: c1, Barriers: 0, Oops: 0, ImmediateOops: 0, NonImmediateOops: No
[2,051s][debug][gc,nmethod  ] Register NMethod: worker.org.gradle.internal.stream.EncodedStream$EncodedInput.read (0x000074b193451a88) [0x000074b193451b80, 0x000074b1934522d8] Compiler: c1, Barriers: 2, Oops: 1, ImmediateOops: 1, NonImmediateOops: No
[2,051s][debug][gc,nmethod  ] Register NMethod: jdk.internal.util.Preconditions.checkFromIndexSize (0x000074b193452308) [0x000074b193452400, 0x000074b193452598] Compiler: c1, Barriers: 0, Oops: 0, ImmediateOops: 0, NonImmediateOops: No
[2,051s][debug][gc,nmethod  ] Register NMethod: java.lang.Class.getName (0x000074b193452608) [0x000074b193452700, 0x000074b1934528b0] Compiler: c1, Barriers: 1, Oops: 0, ImmediateOops: 0, NonImmediateOops: No
[2,051s][debug][gc,nmethod  ] Register NMethod: java.net.URL.getHost (0x000074b1b2bf9108) [0x000074b1b2bf9200, 0x000074b1b2bf92e8] Compiler: c1, Barriers: 1, Oops: 0, ImmediateOops: 0, NonImmediateOops: No
[2,052s][debug][gc,nmethod  ] Register NMethod: java.lang.StringLatin1.indexOf (0x000074b193452908) [0x000074b193452a00, 0x000074b193452d58] Compiler: c1, Barriers: 0, Oops: 0, ImmediateOops: 0, NonImmediateOops: No
[2,052s][debug][gc,nmethod  ] Register NMethod: sun.net.util.IPAddressUtil.earlyURLParsing (0x000074b193452d88) [0x000074b193452e80, 0x000074b193452f88] Compiler: c1, Barriers: 0, Oops: 0, ImmediateOops: 0, NonImmediateOops: No
[2,052s][debug][gc,nmethod  ] Register NMethod: java.net.URL.getUserInfo (0x000074b1b2bf9408) [0x000074b1b2bf9500, 0x000074b1b2bf95e8] Compiler: c1, Barriers: 1, Oops: 0, ImmediateOops: 0, NonImmediateOops: No
[2,052s][debug][gc,director ] Rule Major: Warmup 10%, Used: 10MB, UsedThreshold: 1228MB
[2,053s][debug][gc,nmethod  ] Register NMethod: java.lang.Record.<init> (0x000074b193453088) [0x000074b193453180, 0x000074b1934532d8] Compiler: c1, Barriers: 0, Oops: 0, ImmediateOops: 0, NonImmediateOops: No
[2,053s][debug][gc,nmethod  ] Register NMethod: java.lang.StringLatin1.replace (0x000074b193453388) [0x000074b193453480, 0x000074b193454520] Compiler: c1, Barriers: 6, Oops: 0, ImmediateOops: 3, NonImmediateOops: No
[2,054s][debug][gc,nmethod  ] Register NMethod: sun.net.www.ParseUtil.firstEncodeIndex (0x000074b193454588) [0x000074b193454680, 0x000074b193455558] Compiler: c1, Barriers: 3, Oops: 1, ImmediateOops: 1, NonImmediateOops: No
[2,055s][debug][gc,nmethod  ] Register NMethod: java.lang.StringLatin1.equals (0x000074b1b2bf9708) [0x000074b1b2bf9800, 0x000074b1b2bf9a98] Compiler: jvmci, Barriers: 0, Oops: 0, ImmediateOops: 0, NonImmediateOops: No
[2,055s][debug][gc,nmethod  ] Register NMethod: jdk.internal.misc.Unsafe.putReferenceVolatile (0x000074b1b2bf9b08) [0x000074b1b2bf9c00, 0x000074b1b2bf9d70] Compiler: , Barriers: 0, Oops: 0, ImmediateOops: 0, NonImmediateOops: No
[2,055s][debug][gc,nmethod  ] Register NMethod: java.lang.String.lastIndexOf (0x000074b193455588) [0x000074b193455680, 0x000074b193455b20] Compiler: c1, Barriers: 2, Oops: 0, ImmediateOops: 0, NonImmediateOops: No
[2,056s][debug][gc,nmethod  ] Register NMethod: jdk.internal.misc.Unsafe.convEndian (0x000074b193455b88) [0x000074b193455c80, 0x000074b193455e28] Compiler: c1, Barriers: 0, Oops: 0, ImmediateOops: 0, NonImmediateOops: No
[2,056s][debug][gc,nmethod  ] Register NMethod: java.lang.Integer.toUnsignedLong (0x000074b193455e88) [0x000074b193455f80, 0x000074b193456070] Compiler: c1, Barriers: 0, Oops: 0, ImmediateOops: 0, NonImmediateOops: No
[2,056s][debug][gc,nmethod  ] Register NMethod: java.util.zip.ZipUtils.get32 (0x000074b193456188) [0x000074b193456280, 0x000074b193456688] Compiler: c1, Barriers: 0, Oops: 1, ImmediateOops: 2, NonImmediateOops: No
[2,056s][debug][gc,nmethod  ] Register NMethod: jdk.internal.misc.Unsafe.getIntUnaligned (0x000074b193456708) [0x000074b193456800, 0x000074b193456a48] Compiler: c1, Barriers: 0, Oops: 0, ImmediateOops: 0, NonImmediateOops: No
[2,056s][debug][gc,nmethod  ] Register NMethod: java.lang.String.lastIndexOf (0x000074b193456a88) [0x000074b193456b80, 0x000074b193457678] Compiler: c1, Barriers: 1, Oops: 0, ImmediateOops: 0, NonImmediateOops: No
[2,057s][debug][gc,nmethod  ] Register NMethod: java.lang.invoke.MethodType.<init> (0x000074b193457688) [0x000074b193457780, 0x000074b1934579c8] Compiler: c1, Barriers: 6, Oops: 0, ImmediateOops: 0, NonImmediateOops: No
[2,058s][debug][gc,nmethod  ] Register NMethod: java.lang.Class.isHidden (0x000074b1b2bf9e08) [0x000074b1b2bf9f00, 0x000074b1b2bfa060] Compiler: , Barriers: 0, Oops: 0, ImmediateOops: 0, NonImmediateOops: No
[2,058s][debug][gc,nmethod  ] Register NMethod: jdk.internal.util.ReferencedKeySet.get (0x000074b193457a08) [0x000074b193457b00, 0x000074b193459000] Compiler: c1, Barriers: 7, Oops: 1, ImmediateOops: 1, NonImmediateOops: No
[2,059s][debug][gc,nmethod  ] Register NMethod: java.lang.invoke.MethodType.makeImpl (0x000074b193459088) [0x000074b193459180, 0x000074b19345b930] Compiler: c1, Barriers: 23, Oops: 2, ImmediateOops: 3, NonImmediateOops: No
[2,059s][debug][gc,nmethod  ] Register NMethod: java.lang.invoke.MethodType.methodType (0x000074b19345b988) [0x000074b19345ba80, 0x000074b19345bf60] Compiler: c1, Barriers: 2, Oops: 0, ImmediateOops: 4, NonImmediateOops: No
[2,060s][debug][gc,nmethod  ] Register NMethod: jdk.internal.classfile.impl.AbstractDirectBuilder.constantPool (0x000074b1b2bfa108) [0x000074b1b2bfa200, 0x000074b1b2bfa2e8] Compiler: c1, Barriers: 1, Oops: 0, ImmediateOops: 0, NonImmediateOops: No
[2,060s][debug][gc,nmethod  ] Register NMethod: java.util.ArrayList.size (0x000074b1b2bfa408) [0x000074b1b2bfa500, 0x000074b1b2bfa5c0] Compiler: c1, Barriers: 0, Oops: 0, ImmediateOops: 0, NonImmediateOops: No
[2,061s][debug][gc,nmethod  ] Register NMethod: jdk.internal.classfile.impl.SplitConstantPool.tryFindUtf8 (0x000074b19345bf88) [0x000074b19345c080, 0x000074b19345d8b8] Compiler: c1, Barriers: 1, Oops: 0, ImmediateOops: 0, NonImmediateOops: No
[2,061s][debug][gc,nmethod  ] Register NMethod: java.lang.invoke.MethodHandle.linkToStatic (0x000074b1b2bfa708) [0x000074b1b2bfa800, 0x000074b1b2bfa8f0] Compiler: , Barriers: 0, Oops: 0, ImmediateOops: 0, NonImmediateOops: No
[2,061s][debug][gc,nmethod  ] Register NMethod: java.lang.invoke.MemberName.allFlagsSet (0x000074b19345d908) [0x000074b19345da00, 0x000074b19345db50] Compiler: c1, Barriers: 0, Oops: 0, ImmediateOops: 0, NonImmediateOops: No
[2,061s][debug][gc,nmethod  ] Register NMethod: jdk.internal.classfile.impl.AbstractPoolEntry$Utf8EntryImpl.contentHash (0x000074b19345dc08) [0x000074b19345dd00, 0x000074b19345deb8] Compiler: c1, Barriers: 1, Oops: 0, ImmediateOops: 1, NonImmediateOops: No
[2,062s][debug][gc,nmethod  ] Register NMethod: jdk.internal.classfile.impl.BufWriterImpl.writeU2 (0x000074b19345df08) [0x000074b19345e000, 0x000074b19345e470] Compiler: c1, Barriers: 2, Oops: 0, ImmediateOops: 0, NonImmediateOops: No
[2,063s][debug][gc,director ] Rule Major: Warmup 10%, Used: 10MB, UsedThreshold: 1228MB
[2,064s][debug][gc,nmethod  ] Register NMethod: java.lang.StringLatin1.indexOfChar (0x000074b1b2bfaa08) [0x000074b1b2bfab00, 0x000074b1b2bfad70] Compiler: jvmci, Barriers: 0, Oops: 0, ImmediateOops: 0, NonImmediateOops: No
[2,064s][debug][gc,nmethod  ] Register NMethod: java.lang.invoke.MethodHandle.linkToInterface (0x000074b1b2bfad88) [0x000074b1b2bfae80, 0x000074b1b2bfafb0] Compiler: , Barriers: 0, Oops: 0, ImmediateOops: 0, NonImmediateOops: No
[2,065s][debug][gc,nmethod  ] Register NMethod: java.lang.String.coder (0x000074b1b2bfb088) [0x000074b1b2bfb180, 0x000074b1b2bfb208] Compiler: jvmci, Barriers: 0, Oops: 0, ImmediateOops: 0, NonImmediateOops: No
[2,065s][debug][gc,nmethod  ] Register NMethod: jdk.internal.classfile.impl.AbstractPoolEntry$Utf8EntryImpl.hashCode (0x000074b19345e488) [0x000074b19345e580, 0x000074b19345e9b0] Compiler: c1, Barriers: 1, Oops: 0, ImmediateOops: 1, NonImmediateOops: No
[2,066s][debug][gc,nmethod  ] Register NMethod: jdk.internal.classfile.impl.AbstractPoolEntry$Utf8EntryImpl.<init> (0x000074b19345ea08) [0x000074b19345eb00, 0x000074b19345f368] Compiler: c1, Barriers: 13, Oops: 0, ImmediateOops: 1, NonImmediateOops: No
[2,066s][debug][gc,nmethod  ] Register NMethod: jdk.internal.classfile.impl.AbstractPoolEntry$Utf8EntryImpl.writeTo (0x000074b19345f388) [0x000074b19345f480, 0x000074b19345fc90] Compiler: c1, Barriers: 3, Oops: 0, ImmediateOops: 0, NonImmediateOops: No
[2,066s][debug][gc,nmethod  ] Register NMethod: java.lang.module.ModuleDescriptor$Exports.isQualified (0x000074b1b2bfb388) [0x000074b1b2bfb480, 0x000074b1b2bfb5d8] Compiler: jvmci, Barriers: 1, Oops: 0, ImmediateOops: 0, NonImmediateOops: No
[2,067s][debug][gc,nmethod  ] Register NMethod: jdk.internal.classfile.impl.BufWriterImpl.cpIndex (0x000074b19345fd08) [0x000074b19345fe00, 0x000074b193461df8] Compiler: c1, Barriers: 1, Oops: 1, ImmediateOops: 3, NonImmediateOops: No
[2,067s][debug][gc,nmethod  ] Register NMethod: java.lang.System$1.countNonZeroAscii (0x000074b193461e08) [0x000074b193461f00, 0x000074b193462a00] Compiler: c1, Barriers: 1, Oops: 0, ImmediateOops: 0, NonImmediateOops: No
[2,067s][debug][gc,nmethod  ] Register NMethod: java.lang.StringCoding.countNonZeroAscii (0x000074b193462a08) [0x000074b193462b00, 0x000074b193463690] Compiler: c1, Barriers: 1, Oops: 0, ImmediateOops: 0, NonImmediateOops: No
[2,068s][debug][gc,nmethod  ] Register NMethod: java.io.BufferedInputStream.getBufIfOpen (0x000074b1b2bfb688) [0x000074b1b2bfb780, 0x000074b1b2bfb8b0] Compiler: jvmci, Barriers: 1, Oops: 0, ImmediateOops: 1, NonImmediateOops: No
[2,068s][debug][gc,nmethod  ] Register NMethod: java.lang.invoke.MethodHandle.linkToSpecial (0x000074b1b2bfb988) [0x000074b1b2bfba80, 0x000074b1b2bfbb78] Compiler: , Barriers: 0, Oops: 0, ImmediateOops: 0, NonImmediateOops: No
[2,068s][debug][gc,nmethod  ] Register NMethod: jdk.internal.util.ModifiedUtf.utfLen (0x000074b193463708) [0x000074b193463800, 0x000074b1934645a0] Compiler: c1, Barriers: 3, Oops: 1, ImmediateOops: 1, NonImmediateOops: No
[2,068s][debug][gc,nmethod  ] Register NMethod: java.lang.String.checkBoundsOffCount (0x000074b193464608) [0x000074b193464700, 0x000074b1934648f8] Compiler: c1, Barriers: 0, Oops: 1, ImmediateOops: 1, NonImmediateOops: No
[2,068s][debug][gc,nmethod  ] Register NMethod: jdk.internal.classfile.impl.BufWriterImpl.writeUtfEntry (0x000074b193464908) [0x000074b193464a00, 0x000074b1934677c0] Compiler: c1, Barriers: 8, Oops: 1, ImmediateOops: 4, NonImmediateOops: No
[2,068s][debug][gc,nmethod  ] Register NMethod: java.lang.invoke.MethodHandle.linkToSpecial (0x000074b1b2bfbc88) [0x000074b1b2bfbd80, 0x000074b1b2bfbe78] Compiler: , Barriers: 0, Oops: 0, ImmediateOops: 0, NonImmediateOops: No
[2,069s][debug][gc,nmethod  ] Register NMethod: java.lang.StringLatin1.getBytes (0x000074b193467808) [0x000074b193467900, 0x000074b193467a98] Compiler: c1, Barriers: 0, Oops: 0, ImmediateOops: 0, NonImmediateOops: No
[2,069s][debug][gc,nmethod  ] Register NMethod: java.lang.invoke.MethodHandle.invokeBasic (0x000074b1b2bfbf88) [0x000074b1b2bfc080, 0x000074b1b2bfc318] Compiler: , Barriers: 0, Oops: 0, ImmediateOops: 0, NonImmediateOops: No
[2,069s][debug][gc,nmethod  ] Register NMethod: java.lang.String.getBytes (0x000074b193467b08) [0x000074b193467c00, 0x000074b193468988] Compiler: c1, Barriers: 1, Oops: 1, ImmediateOops: 2, NonImmediateOops: No
[2,069s][debug][gc,nmethod  ] Register NMethod: java.lang.invoke.MethodHandle.linkToSpecial (0x000074b1b2bfc388) [0x000074b1b2bfc480, 0x000074b1b2bfc578] Compiler: , Barriers: 0, Oops: 0, ImmediateOops: 0, NonImmediateOops: No
[2,069s][debug][gc,nmethod  ] Register NMethod: jdk.internal.classfile.impl.AbstractPoolEntry.hash1 (0x000074b193468a08) [0x000074b193468b00, 0x000074b193468bf0] Compiler: c1, Barriers: 0, Oops: 0, ImmediateOops: 0, NonImmediateOops: No
[2,069s][debug][gc,nmethod  ] Register NMethod: jdk.internal.classfile.impl.AbstractPoolEntry$ClassEntryImpl.tag (0x000074b1b2bfc688) [0x000074b1b2bfc780, 0x000074b1b2bfc840] Compiler: c1, Barriers: 0, Oops: 0, ImmediateOops: 0, NonImmediateOops: No
[2,069s][debug][gc,nmethod  ] Register NMethod: java.lang.invoke.MemberName.initResolved (0x000074b193468d08) [0x000074b193468e00, 0x000074b193468fc0] Compiler: c1, Barriers: 3, Oops: 0, ImmediateOops: 0, NonImmediateOops: No
[2,069s][debug][gc,nmethod  ] Register NMethod: java.lang.String.intern (0x000074b1b2bfc988) [0x000074b1b2bfca80, 0x000074b1b2bfcda0] Compiler: , Barriers: 0, Oops: 0, ImmediateOops: 0, NonImmediateOops: No
[2,069s][debug][gc,nmethod  ] Register NMethod: jdk.internal.classfile.impl.SplitConstantPool.utf8Entry (0x000074b193469008) [0x000074b193469100, 0x000074b193469bf8] Compiler: c1, Barriers: 1, Oops: 0, ImmediateOops: 1, NonImmediateOops: No
[2,069s][debug][gc,nmethod  ] Register NMethod: java.lang.ref.Reference.<init> (0x000074b193469c08) [0x000074b193469d00, 0x000074b193469f98] Compiler: c1, Barriers: 6, Oops: 0, ImmediateOops: 1, NonImmediateOops: No
[2,069s][debug][gc,nmethod  ] Register NMethod: jdk.internal.misc.Unsafe.allocateInstance (0x000074b1b2bfce08) [0x000074b1b2bfcf00, 0x000074b1b2bfd230] Compiler: , Barriers: 0, Oops: 0, ImmediateOops: 0, NonImmediateOops: No
[2,070s][debug][gc,nmethod  ] Register NMethod: jdk.internal.misc.Unsafe.putReferenceRelease (0x000074b19346a008) [0x000074b19346a100, 0x000074b19346a278] Compiler: c1, Barriers: 3, Oops: 0, ImmediateOops: 0, NonImmediateOops: No
[2,070s][debug][gc,nmethod  ] Register NMethod: java.lang.String.replace (0x000074b19346a308) [0x000074b19346a400, 0x000074b19346a908] Compiler: c1, Barriers: 2, Oops: 0, ImmediateOops: 0, NonImmediateOops: No
[2,070s][debug][gc,nmethod  ] Register NMethod: java.util.concurrent.ConcurrentHashMap.setTabAt (0x000074b19346a988) [0x000074b19346aa80, 0x000074b19346ad80] Compiler: c1, Barriers: 0, Oops: 0, ImmediateOops: 1, NonImmediateOops: No
[2,070s][debug][gc,nmethod  ] Register NMethod: java.lang.invoke.MemberName.getMethodType (0x000074b19346ad88) [0x000074b19346ae80, 0x000074b19346d378] Compiler: c1, Barriers: 16, Oops: 1, ImmediateOops: 1, NonImmediateOops: No
[2,070s][debug][gc,nmethod  ] Register NMethod: jdk.internal.constant.ClassOrInterfaceDescImpl.isClassOrInterface (0x000074b1b2bfd288) [0x000074b1b2bfd380, 0x000074b1b2bfd440] Compiler: c1, Barriers: 0, Oops: 0, ImmediateOops: 0, NonImmediateOops: No
[2,071s][debug][gc,nmethod  ] Register NMethod: java.net.URL.getProtocol (0x000074b1b2bfd588) [0x000074b1b2bfd680, 0x000074b1b2bfd768] Compiler: c1, Barriers: 1, Oops: 0, ImmediateOops: 0, NonImmediateOops: No
[2,072s][debug][gc,nmethod  ] Register NMethod: java.lang.StringCoding.countPositives (0x000074b19346d388) [0x000074b19346d480, 0x000074b19346d688] Compiler: c1, Barriers: 0, Oops: 0, ImmediateOops: 0, NonImmediateOops: No
[2,073s][debug][gc,director ] Rule Major: Warmup 10%, Used: 10MB, UsedThreshold: 1228MB
[2,073s][debug][gc,nmethod  ] Register NMethod: java.util.zip.ZipCoder$UTF8ZipCoder.isUTF8 (0x000074b1b2bfd888) [0x000074b1b2bfd980, 0x000074b1b2bfda40] Compiler: c1, Barriers: 0, Oops: 0, ImmediateOops: 0, NonImmediateOops: No
[2,073s][debug][gc,nmethod  ] Register NMethod: sun.nio.fs.UnixPath.checkNotNul (0x000074b19346d708) [0x000074b19346d800, 0x000074b19346d9a0] Compiler: c1, Barriers: 0, Oops: 0, ImmediateOops: 1, NonImmediateOops: No
[2,073s][debug][gc,nmethod  ] Register NMethod: java.util.zip.ZipUtils.CENEXT (0x000074b19346da08) [0x000074b19346db00, 0x000074b19346dc10] Compiler: c1, Barriers: 0, Oops: 0, ImmediateOops: 0, NonImmediateOops: No
[2,073s][debug][gc,nmethod  ] Register NMethod: java.util.zip.ZipUtils.CENCOM (0x000074b19346dd08) [0x000074b19346de00, 0x000074b19346df10] Compiler: c1, Barriers: 0, Oops: 0, ImmediateOops: 0, NonImmediateOops: No
[2,073s][debug][gc,nmethod  ] Register NMethod: java.util.ArrayDeque.inc (0x000074b19346e008) [0x000074b19346e100, 0x000074b19346e218] Compiler: c1, Barriers: 0, Oops: 0, ImmediateOops: 0, NonImmediateOops: No
[2,074s][debug][gc,nmethod  ] Register NMethod: java.io.BufferedInputStream.read (0x000074b1b2bfdb88) [0x000074b1b2bfdc80, 0x000074b1b2bfdfa0] Compiler: jvmci, Barriers: 1, Oops: 0, ImmediateOops: 1, NonImmediateOops: No
[2,074s][debug][gc,nmethod  ] Register NMethod: java.util.zip.Inflater$InflaterZStreamRef.address (0x000074b1b2bfe008) [0x000074b1b2bfe100, 0x000074b1b2bfe1c0] Compiler: c1, Barriers: 0, Oops: 0, ImmediateOops: 0, NonImmediateOops: No
[2,074s][debug][gc,nmethod  ] Register NMethod: java.util.concurrent.ConcurrentHashMap.casTabAt (0x000074b1b2bfe308) [0x000074b1b2bfe400, 0x000074b1b2bfe4d8] Compiler: jvmci, Barriers: 5, Oops: 0, ImmediateOops: 0, NonImmediateOops: No
[2,075s][debug][gc,nmethod  ] Register NMethod: java.util.zip.ZipUtils.CENSIZ (0x000074b19346e308) [0x000074b19346e400, 0x000074b19346e510] Compiler: c1, Barriers: 0, Oops: 0, ImmediateOops: 0, NonImmediateOops: No
[2,075s][debug][gc,nmethod  ] Register NMethod: worker.org.gradle.internal.stream.EncodedStream$EncodedInput.hexToByte (0x000074b1b2bfe608) [0x000074b1b2bfe700, 0x000074b1b2bfe7e8] Compiler: jvmci, Barriers: 0, Oops: 1, ImmediateOops: 0, NonImmediateOops: No
[2,075s][debug][gc,nmethod  ] Register NMethod: java.util.HashMap.newNode (0x000074b1b2bfe908) [0x000074b1b2bfea00, 0x000074b1b2bfeb60] Compiler: jvmci, Barriers: 6, Oops: 0, ImmediateOops: 0, NonImmediateOops: No
[2,075s][debug][gc,nmethod  ] Register NMethod: java.util.zip.ZipUtils.CENNAM (0x000074b19346e608) [0x000074b19346e700, 0x000074b19346e810] Compiler: c1, Barriers: 0, Oops: 0, ImmediateOops: 0, NonImmediateOops: No
[2,076s][debug][gc,nmethod  ] Register NMethod: java.util.zip.ZipUtils.CENHOW (0x000074b19346e908) [0x000074b19346ea00, 0x000074b19346eb10] Compiler: c1, Barriers: 0, Oops: 0, ImmediateOops: 0, NonImmediateOops: No
[2,076s][debug][gc,nmethod  ] Register NMethod: java.util.zip.ZipUtils.CENLEN (0x000074b19346ec08) [0x000074b19346ed00, 0x000074b19346ee10] Compiler: c1, Barriers: 0, Oops: 0, ImmediateOops: 0, NonImmediateOops: No
[2,076s][debug][gc,nmethod  ] Register NMethod: java.util.zip.ZipUtils.CENOFF (0x000074b19346ef08) [0x000074b19346f000, 0x000074b19346f110] Compiler: c1, Barriers: 0, Oops: 0, ImmediateOops: 0, NonImmediateOops: No
[2,076s][debug][gc,nmethod  ] Register NMethod: java.util.zip.ZipFile.zipCoderFor (0x000074b19346f208) [0x000074b19346f300, 0x000074b19346f750] Compiler: c1, Barriers: 0, Oops: 0, ImmediateOops: 1, NonImmediateOops: No
[2,076s][debug][gc,nmethod  ] Register NMethod: java.util.zip.ZipUtils.CENFLG (0x000074b19346f788) [0x000074b19346f880, 0x000074b19346f990] Compiler: c1, Barriers: 0, Oops: 0, ImmediateOops: 0, NonImmediateOops: No
[2,076s][debug][gc,nmethod  ] Register NMethod: java.lang.System$1.uncheckedCountPositives (0x000074b19346fa88) [0x000074b19346fb80, 0x000074b19346fdd8] Compiler: c1, Barriers: 0, Oops: 0, ImmediateOops: 0, NonImmediateOops: No
[2,076s][debug][gc,nmethod  ] Register NMethod: java.util.zip.ZipUtils.CENSIG (0x000074b19346fe08) [0x000074b19346ff00, 0x000074b193470010] Compiler: c1, Barriers: 0, Oops: 0, ImmediateOops: 0, NonImmediateOops: No
[2,076s][debug][gc,nmethod  ] Register NMethod: java.util.zip.ZipUtils.CENDSK (0x000074b193470108) [0x000074b193470200, 0x000074b193470310] Compiler: c1, Barriers: 0, Oops: 0, ImmediateOops: 0, NonImmediateOops: No
[2,076s][debug][gc,nmethod  ] Register NMethod: java.lang.String.length (0x000074b1b2bfec08) [0x000074b1b2bfed00, 0x000074b1b2bfede8] Compiler: jvmci, Barriers: 1, Oops: 0, ImmediateOops: 0, NonImmediateOops: No
[2,076s][debug][gc,nmethod  ] Register NMethod: java.util.zip.ZipFile$Source.isMetaName (0x000074b193470408) [0x000074b193470500, 0x000074b193470960] Compiler: c1, Barriers: 0, Oops: 0, ImmediateOops: 0, NonImmediateOops: No
[2,076s][debug][gc,nmethod  ] Register NMethod: java.util.zip.ZipCoder$UTF8ZipCoder.checkedHash (0x000074b193470988) [0x000074b193470a80, 0x000074b193470ea0] Compiler: c1, Barriers: 0, Oops: 0, ImmediateOops: 2, NonImmediateOops: No
[2,077s][debug][gc,nmethod  ] Register NMethod: java.util.zip.ZipFile$Source.nextEntryPos (0x000074b193470f08) [0x000074b193471000, 0x000074b1934712b8] Compiler: c1, Barriers: 2, Oops: 0, ImmediateOops: 0, NonImmediateOops: No
[2,077s][debug][gc,nmethod  ] Register NMethod: java.util.concurrent.ConcurrentHashMap.spread (0x000074b1b2bfef08) [0x000074b1b2bff000, 0x000074b1b2bff070] Compiler: jvmci, Barriers: 0, Oops: 0, ImmediateOops: 0, NonImmediateOops: No
[2,077s][debug][gc,nmethod  ] Register NMethod: java.util.zip.ZipFile$Source.checkAndAddEntry (0x000074b193471308) [0x000074b193471400, 0x000074b193473700] Compiler: c1, Barriers: 3, Oops: 7, ImmediateOops: 8, NonImmediateOops: No
[2,078s][debug][gc,nmethod  ] Register NMethod: java.util.Arrays.copyOf (0x000074b193473788) [0x000074b193473880, 0x000074b193473c48] Compiler: c1, Barriers: 0, Oops: 0, ImmediateOops: 0, NonImmediateOops: No
[2,078s][debug][gc,nmethod  ] Register NMethod: java.lang.AbstractStringBuilder.ensureCapacityNewCoder (0x000074b193473c88) [0x000074b193473d80, 0x000074b193474090] Compiler: c1, Barriers: 0, Oops: 0, ImmediateOops: 0, NonImmediateOops: No
[2,078s][debug][gc,nmethod  ] Register NMethod: java.util.ArrayList.add (0x000074b193474108) [0x000074b193474200, 0x000074b193474770] Compiler: c1, Barriers: 4, Oops: 0, ImmediateOops: 0, NonImmediateOops: No
[2,078s][debug][gc,nmethod  ] Register NMethod: java.util.ArrayList.add (0x000074b193474788) [0x000074b193474880, 0x000074b193474d40] Compiler: c1, Barriers: 3, Oops: 0, ImmediateOops: 0, NonImmediateOops: No
[2,078s][debug][gc,nmethod  ] Register NMethod: java.lang.AbstractStringBuilder.isLatin1 (0x000074b193474d88) [0x000074b193474e80, 0x000074b193475040] Compiler: c1, Barriers: 0, Oops: 0, ImmediateOops: 0, NonImmediateOops: No
[2,078s][debug][gc,nmethod  ] Register NMethod: java.lang.ref.Reference.reachabilityFence (0x000074b193475088) [0x000074b193475180, 0x000074b193475260] Compiler: c1, Barriers: 0, Oops: 0, ImmediateOops: 0, NonImmediateOops: No
[2,079s][debug][gc,nmethod  ] Register NMethod: java.lang.String.endsWith (0x000074b193475388) [0x000074b193475480, 0x000074b1934760b0] Compiler: c1, Barriers: 2, Oops: 0, ImmediateOops: 0, NonImmediateOops: No
[2,079s][debug][gc,nmethod  ] Register NMethod: java.lang.AbstractStringBuilder.<init> (0x000074b193476108) [0x000074b193476200, 0x000074b193476488] Compiler: c1, Barriers: 3, Oops: 0, ImmediateOops: 0, NonImmediateOops: No
[2,079s][debug][gc,nmethod  ] Register NMethod: java.io.RandomAccessFile.readBytes0 (0x000074b1b2bff208) [0x000074b1b2bff300, 0x000074b1b2bff468] Compiler: , Barriers: 0, Oops: 0, ImmediateOops: 0, NonImmediateOops: No
[2,079s][debug][gc,nmethod  ] Register NMethod: java.lang.StringBuilder.toString (0x000074b193476508) [0x000074b193476600, 0x000074b193476a38] Compiler: c1, Barriers: 0, Oops: 0, ImmediateOops: 1, NonImmediateOops: No
[2,079s][debug][gc,nmethod  ] Register NMethod: java.lang.String.<init> (0x000074b193476a88) [0x000074b193476b80, 0x000074b193477520] Compiler: c1, Barriers: 10, Oops: 0, ImmediateOops: 0, NonImmediateOops: No
[2,079s][debug][gc,nmethod  ] Register NMethod: java.io.RandomAccessFile.seek0 (0x000074b1b2bff508) [0x000074b1b2bff600, 0x000074b1b2bff748] Compiler: , Barriers: 0, Oops: 0, ImmediateOops: 0, NonImmediateOops: No
[2,080s][debug][gc,nmethod  ] Register NMethod: java.io.UnixFileSystem.prefixLength (0x000074b193477588) [0x000074b193477680, 0x000074b193477c18] Compiler: c1, Barriers: 0, Oops: 1, ImmediateOops: 1, NonImmediateOops: No
[2,080s][debug][gc,nmethod  ] Register NMethod: jdk.internal.util.ArraysSupport.newLength (0x000074b193477c88) [0x000074b193477d80, 0x000074b193477fb8] Compiler: c1, Barriers: 0, Oops: 0, ImmediateOops: 0, NonImmediateOops: No
[2,081s][debug][gc,nmethod  ] Register NMethod: java.lang.String.equals (0x000074b1b2bff808) [0x000074b1b2bff900, 0x000074b1b2bffc68] Compiler: jvmci, Barriers: 2, Oops: 0, ImmediateOops: 0, NonImmediateOops: No
[2,082s][debug][gc,nmethod  ] Register NMethod: java.lang.StringBuilder.<init> (0x000074b193478008) [0x000074b193478100, 0x000074b193478238] Compiler: c1, Barriers: 0, Oops: 0, ImmediateOops: 0, NonImmediateOops: No
[2,082s][debug][gc,nmethod  ] Register NMethod: java.util.zip.ZipFile$Source.getEntryHash (0x000074b193478308) [0x000074b193478400, 0x000074b193478558] Compiler: c1, Barriers: 1, Oops: 0, ImmediateOops: 0, NonImmediateOops: No
[2,083s][debug][gc,nmethod  ] Register NMethod: java.util.Objects.checkFromIndexSize (0x000074b193478608) [0x000074b193478700, 0x000074b1934788f8] Compiler: c1, Barriers: 0, Oops: 0, ImmediateOops: 0, NonImmediateOops: No
[2,083s][debug][gc,director ] Rule Major: Warmup 10%, Used: 10MB, UsedThreshold: 1228MB
[2,083s][debug][gc,nmethod  ] Register NMethod: java.util.ArrayList.elementData (0x000074b193478908) [0x000074b193478a00, 0x000074b193478b90] Compiler: c1, Barriers: 2, Oops: 0, ImmediateOops: 0, NonImmediateOops: No
[2,083s][debug][gc,nmethod  ] Register NMethod: java.io.UnixFileSystem.getBooleanAttributes0 (0x000074b1b2bffc88) [0x000074b1b2bffd80, 0x000074b1b2bffee8] Compiler: , Barriers: 0, Oops: 0, ImmediateOops: 0, NonImmediateOops: No
[2,083s][debug][gc,nmethod  ] Register NMethod: java.util.zip.ZipFile$Source.getEntryNext (0x000074b193478c08) [0x000074b193478d00, 0x000074b193478e58] Compiler: c1, Barriers: 1, Oops: 0, ImmediateOops: 0, NonImmediateOops: No
[2,083s][debug][gc,nmethod  ] Register NMethod: java.util.Objects.checkIndex (0x000074b193478f08) [0x000074b193479000, 0x000074b193479130] Compiler: c1, Barriers: 0, Oops: 0, ImmediateOops: 0, NonImmediateOops: No
[2,083s][debug][gc,nmethod  ] Register NMethod: java.util.zip.ZipFile.ensureOpen (0x000074b193479208) [0x000074b193479300, 0x000074b1934795d0] Compiler: c1, Barriers: 2, Oops: 0, ImmediateOops: 2, NonImmediateOops: No
[2,084s][debug][gc,nmethod  ] Register NMethod: java.util.ArrayList.get (0x000074b193479608) [0x000074b193479700, 0x000074b1934799a8] Compiler: c1, Barriers: 2, Oops: 0, ImmediateOops: 0, NonImmediateOops: No
[2,084s][debug][gc,nmethod  ] Register NMethod: java.lang.ref.Cleaner$1.apply (0x000074b193479a08) [0x000074b193479b00, 0x000074b193479eb0] Compiler: c1, Barriers: 1, Oops: 0, ImmediateOops: 0, NonImmediateOops: No
[2,084s][debug][gc,nmethod  ] Register NMethod: java.lang.ref.Cleaner$1.apply (0x000074b193479f08) [0x000074b19347a000, 0x000074b19347a130] Compiler: c1, Barriers: 1, Oops: 0, ImmediateOops: 0, NonImmediateOops: No
[2,084s][debug][gc,nmethod  ] Register NMethod: java.net.URL.getFile (0x000074b1b2bfff88) [0x000074b1b2c00080, 0x000074b1b2c00168] Compiler: c1, Barriers: 1, Oops: 0, ImmediateOops: 0, NonImmediateOops: No
[2,084s][debug][gc,nmethod  ] Register NMethod: jdk.internal.ref.CleanerImpl.getCleanerImpl (0x000074b19347a208) [0x000074b19347a300, 0x000074b19347a838] Compiler: c1, Barriers: 1, Oops: 0, ImmediateOops: 1, NonImmediateOops: No
[2,084s][debug][gc,nmethod  ] Register NMethod: java.lang.StringCoding.countPositives (0x000074b1b2c00288) [0x000074b1b2c00380, 0x000074b1b2c00708] Compiler: jvmci, Barriers: 0, Oops: 0, ImmediateOops: 0, NonImmediateOops: No
[2,084s][debug][gc,nmethod  ] Register NMethod: java.io.File.isInvalid (0x000074b19347a888) [0x000074b19347a980, 0x000074b19347af30] Compiler: c1, Barriers: 5, Oops: 0, ImmediateOops: 4, NonImmediateOops: No
[2,084s][debug][gc,nmethod  ] Register NMethod: java.lang.Class.getComponentType (0x000074b1b2c00788) [0x000074b1b2c00880, 0x000074b1b2c00968] Compiler: c1, Barriers: 1, Oops: 0, ImmediateOops: 0, NonImmediateOops: No
[2,085s][debug][gc,nmethod  ] Register NMethod: java.lang.ref.Reference.refersTo0 (0x000074b1b2c00a88) [0x000074b1b2c00b80, 0x000074b1b2c00cf0] Compiler: , Barriers: 0, Oops: 0, ImmediateOops: 0, NonImmediateOops: No
[2,085s][debug][gc,nmethod  ] Register NMethod: jdk.internal.misc.Unsafe.getShortUnaligned (0x000074b1b2c00d88) [0x000074b1b2c00e80, 0x000074b1b2c00f40] Compiler: jvmci, Barriers: 0, Oops: 0, ImmediateOops: 0, NonImmediateOops: No
[2,086s][debug][gc,nmethod  ] Register NMethod: java.lang.invoke.MethodHandleNatives.resolve (0x000074b1b2c01088) [0x000074b1b2c01180, 0x000074b1b2c014d0] Compiler: , Barriers: 0, Oops: 0, ImmediateOops: 1, NonImmediateOops: No
[2,086s][debug][gc,nmethod  ] Register NMethod: java.util.HashMap.putVal (0x000074b19347af88) [0x000074b19347b080, 0x000074b19347d410] Compiler: c1, Barriers: 15, Oops: 0, ImmediateOops: 0, NonImmediateOops: No
[2,086s][debug][gc,nmethod  ] Register NMethod: java.lang.ref.WeakReference.<init> (0x000074b19347d488) [0x000074b19347d580, 0x000074b19347d870] Compiler: c1, Barriers: 6, Oops: 0, ImmediateOops: 1, NonImmediateOops: No
[2,086s][debug][gc,nmethod  ] Register NMethod: java.lang.invoke.MethodHandle.linkToStatic (0x000074b1b2c01508) [0x000074b1b2c01600, 0x000074b1b2c016f0] Compiler: , Barriers: 0, Oops: 0, ImmediateOops: 0, NonImmediateOops: No
[2,086s][debug][gc,nmethod  ] Register NMethod: java.lang.invoke.MethodHandles$Lookup.lookupClass (0x000074b1b2c01808) [0x000074b1b2c01900, 0x000074b1b2c019e8] Compiler: c1, Barriers: 1, Oops: 0, ImmediateOops: 0, NonImmediateOops: No
[2,087s][debug][gc,nmethod  ] Register NMethod: java.lang.invoke.MethodTypeForm.erasedType (0x000074b1b2c01b08) [0x000074b1b2c01c00, 0x000074b1b2c01ce8] Compiler: c1, Barriers: 1, Oops: 0, ImmediateOops: 0, NonImmediateOops: No
[2,087s][debug][gc,nmethod  ] Register NMethod: java.lang.invoke.MemberName.getReferenceKind (0x000074b19347d888) [0x000074b19347d980, 0x000074b19347da90] Compiler: c1, Barriers: 0, Oops: 0, ImmediateOops: 0, NonImmediateOops: No
[2,087s][debug][gc,nmethod  ] Register NMethod: java.util.zip.ZipUtils.get16 (0x000074b1b2c01e08) [0x000074b1b2c01f00, 0x000074b1b2c01fd8] Compiler: jvmci, Barriers: 0, Oops: 0, ImmediateOops: 0, NonImmediateOops: No
[2,087s][debug][gc,nmethod  ] Register NMethod: java.lang.invoke.MethodHandle.invokeBasic (0x000074b1b2c02108) [0x000074b1b2c02200, 0x000074b1b2c02498] Compiler: , Barriers: 0, Oops: 0, ImmediateOops: 0, NonImmediateOops: No
[2,087s][debug][gc,nmethod  ] Register NMethod: java.lang.StringLatin1.indexOfChar (0x000074b1b2c02508) [0x000074b1b2c02600, 0x000074b1b2c02858] Compiler: jvmci, Barriers: 0, Oops: 0, ImmediateOops: 0, NonImmediateOops: No
[2,087s][debug][gc,nmethod  ] Register NMethod: java.lang.Class.isAssignableFrom (0x000074b1b2c02888) [0x000074b1b2c02980, 0x000074b1b2c02af0] Compiler: , Barriers: 0, Oops: 0, ImmediateOops: 0, NonImmediateOops: No
[2,087s][debug][gc,nmethod  ] Register NMethod: jdk.internal.classfile.impl.AbstractPoolEntry.hash2 (0x000074b19347db88) [0x000074b19347dc80, 0x000074b19347dd80] Compiler: c1, Barriers: 0, Oops: 0, ImmediateOops: 0, NonImmediateOops: No
[2,088s][debug][gc,nmethod  ] Register NMethod: jdk.internal.misc.Unsafe.getIntUnaligned (0x000074b1b2c02b88) [0x000074b1b2c02c80, 0x000074b1b2c02d40] Compiler: jvmci, Barriers: 0, Oops: 0, ImmediateOops: 0, NonImmediateOops: No
[2,088s][debug][gc,nmethod  ] Register NMethod: java.util.Arrays.copyOf (0x000074b19347de88) [0x000074b19347df80, 0x000074b19347e800] Compiler: c1, Barriers: 1, Oops: 0, ImmediateOops: 1, NonImmediateOops: No
[2,088s][debug][gc,nmethod  ] Register NMethod: java.lang.invoke.MethodHandle.type (0x000074b1b2c02e88) [0x000074b1b2c02f80, 0x000074b1b2c03068] Compiler: c1, Barriers: 1, Oops: 0, ImmediateOops: 0, NonImmediateOops: No
[2,088s][debug][gc,nmethod  ] Register NMethod: java.util.zip.ZipUtils.get32 (0x000074b1b2c03188) [0x000074b1b2c03280, 0x000074b1b2c03350] Compiler: jvmci, Barriers: 0, Oops: 0, ImmediateOops: 0, NonImmediateOops: No
[2,088s][debug][gc,nmethod  ] Register NMethod: jdk.internal.classfile.impl.AbstractPoolEntry.hashCode (0x000074b1b2c03488) [0x000074b1b2c03580, 0x000074b1b2c03640] Compiler: c1, Barriers: 0, Oops: 0, ImmediateOops: 0, NonImmediateOops: No
[2,089s][debug][gc,nmethod  ] Register NMethod: jdk.internal.classfile.impl.RawBytecodeHelper.isStoreIntoLocal (0x000074b19347e808) [0x000074b19347e900, 0x000074b19347ea58] Compiler: c1, Barriers: 0, Oops: 0, ImmediateOops: 0, NonImmediateOops: No
[2,089s][debug][gc,nmethod  ] Register NMethod: java.lang.AbstractStringBuilder.newCapacity (0x000074b19347eb08) [0x000074b19347ec00, 0x000074b19347ef98] Compiler: c1, Barriers: 0, Oops: 0, ImmediateOops: 1, NonImmediateOops: No
[2,090s][debug][gc,nmethod  ] Register NMethod: java.lang.System.nanoTime (0x000074b1b2c03788) [0x000074b1b2c03880, 0x000074b1b2c039d8] Compiler: , Barriers: 0, Oops: 0, ImmediateOops: 1, NonImmediateOops: No
[2,091s][debug][gc,nmethod  ] Register NMethod: java.lang.ClassLoader.findLoadedClass0 (0x000074b1b2c03a88) [0x000074b1b2c03b80, 0x000074b1b2c03eb0] Compiler: , Barriers: 0, Oops: 0, ImmediateOops: 0, NonImmediateOops: No
[2,091s][debug][gc,nmethod  ] Register NMethod: java.io.RandomAccessFile.readBytes (0x000074b19347f008) [0x000074b19347f100, 0x000074b19347f358] Compiler: c1, Barriers: 0, Oops: 0, ImmediateOops: 1, NonImmediateOops: No
[2,091s][debug][gc,nmethod  ] Register NMethod: java.io.RandomAccessFile.read (0x000074b19347f388) [0x000074b19347f480, 0x000074b19347f738] Compiler: c1, Barriers: 0, Oops: 0, ImmediateOops: 1, NonImmediateOops: No
[2,092s][debug][gc,nmethod  ] Register NMethod: java.security.ProtectionDomain.getCodeSource (0x000074b1b2c03f08) [0x000074b1b2c04000, 0x000074b1b2c040e8] Compiler: c1, Barriers: 1, Oops: 0, ImmediateOops: 0, NonImmediateOops: No
[2,093s][debug][gc,nmethod  ] Register NMethod: java.lang.ClassLoader.checkName (0x000074b19347f788) [0x000074b19347f880, 0x000074b1934805c8] Compiler: c1, Barriers: 3, Oops: 1, ImmediateOops: 1, NonImmediateOops: No
[2,093s][debug][gc,director ] Rule Major: Warmup 10%, Used: 10MB, UsedThreshold: 1228MB
[2,094s][debug][gc,nmethod  ] Register NMethod: java.util.jar.JarFile.checkForSpecialAttributes (0x000074b193480608) [0x000074b193480700, 0x000074b193481c68] Compiler: c1, Barriers: 10, Oops: 1, ImmediateOops: 8, NonImmediateOops: No
[2,094s][debug][gc,nmethod  ] Register NMethod: jdk.internal.loader.URLClassPath$JarLoader.ensureOpen (0x000074b193481c88) [0x000074b193481d80, 0x000074b193481fe8] Compiler: c1, Barriers: 5, Oops: 0, ImmediateOops: 0, NonImmediateOops: No
[2,094s][debug][gc,nmethod  ] Register NMethod: java.io.RandomAccessFile.seek (0x000074b193482008) [0x000074b193482100, 0x000074b193482348] Compiler: c1, Barriers: 0, Oops: 0, ImmediateOops: 1, NonImmediateOops: No
[2,094s][debug][gc,nmethod  ] Register NMethod: java.util.zip.ZipFile$Source.getEntryPos (0x000074b193482388) [0x000074b193482480, 0x000074b193484128] Compiler: c1, Barriers: 12, Oops: 1, ImmediateOops: 3, NonImmediateOops: No
[2,094s][debug][gc,nmethod  ] Register NMethod: java.lang.Integer.intValue (0x000074b1b2c04208) [0x000074b1b2c04300, 0x000074b1b2c043c0] Compiler: c1, Barriers: 0, Oops: 0, ImmediateOops: 0, NonImmediateOops: No
[2,095s][debug][gc,nmethod  ] Register NMethod: java.util.jar.JarFile.checkForSpecialAttributes (0x000074b193480608) [0x000074b193480700, 0x000074b193481c68] Compiler: c1, Barriers: 10, Oops: 1, ImmediateOops: 8, NonImmediateOops: No
[2,095s][debug][gc,nmethod  ] Register NMethod: java.util.jar.JarFile.checkForSpecialAttributes (0x000074b193480608) [0x000074b193480700, 0x000074b193481c68] Compiler: c1, Barriers: 10, Oops: 1, ImmediateOops: 8, NonImmediateOops: No
[2,095s][debug][gc,nmethod  ] Register NMethod: java.util.jar.JarFile.checkForSpecialAttributes (0x000074b193480608) [0x000074b193480700, 0x000074b193481c68] Compiler: c1, Barriers: 10, Oops: 1, ImmediateOops: 8, NonImmediateOops: No
[2,095s][debug][gc,nmethod  ] Register NMethod: java.util.jar.Attributes$Name.hashCode (0x000074b1b2c04508) [0x000074b1b2c04600, 0x000074b1b2c046c0] Compiler: c1, Barriers: 0, Oops: 0, ImmediateOops: 0, NonImmediateOops: No
[2,096s][debug][gc,nmethod  ] Register NMethod: java.util.jar.JarFile.isMultiRelease (0x000074b193484188) [0x000074b193484280, 0x000074b193484478] Compiler: c1, Barriers: 0, Oops: 0, ImmediateOops: 0, NonImmediateOops: No
[2,096s][debug][gc,nmethod  ] Register NMethod: java.util.LinkedHashMap.removeEldestEntry (0x000074b1b2c04808) [0x000074b1b2c04900, 0x000074b1b2c049c0] Compiler: c1, Barriers: 0, Oops: 0, ImmediateOops: 0, NonImmediateOops: No
[2,097s][debug][gc,nmethod  ] Register NMethod: jdk.internal.misc.Unsafe.putLong (0x000074b1b2c04b08) [0x000074b1b2c04c00, 0x000074b1b2c04d58] Compiler: , Barriers: 0, Oops: 0, ImmediateOops: 0, NonImmediateOops: No
[2,097s][debug][gc,nmethod  ] Register NMethod: java.util.jar.Manifest$FastInputStream.readLine (0x000074b193484488) [0x000074b193484580, 0x000074b193484dd8] Compiler: c1, Barriers: 1, Oops: 0, ImmediateOops: 0, NonImmediateOops: No
[2,097s][debug][gc,nmethod  ] Register NMethod: java.util.zip.ZipCoder.hash (0x000074b193484e08) [0x000074b193484f00, 0x000074b193485d38] Compiler: c1, Barriers: 1, Oops: 1, ImmediateOops: 1, NonImmediateOops: No
[2,097s][debug][gc,nmethod  ] Register NMethod: java.nio.Buffer.session (0x000074b193485d88) [0x000074b193485e80, 0x000074b193486288] Compiler: c1, Barriers: 1, Oops: 0, ImmediateOops: 0, NonImmediateOops: No
[2,098s][debug][gc,nmethod  ] Register NMethod: java.util.zip.ZipFile.getEntry (0x000074b193486308) [0x000074b193486400, 0x000074b1934869c8] Compiler: c1, Barriers: 4, Oops: 1, ImmediateOops: 1, NonImmediateOops: No
[2,098s][debug][gc,nmethod  ] Register NMethod: jdk.internal.loader.URLClassPath$JarLoader.getResource (0x000074b193486a08) [0x000074b193486b00, 0x000074b1934870d0] Compiler: c1, Barriers: 1, Oops: 0, ImmediateOops: 0, NonImmediateOops: No
[2,099s][debug][gc,nmethod  ] Register NMethod: java.util.jar.JarFile.getJarEntry (0x000074b193487108) [0x000074b193487200, 0x000074b193487a98] Compiler: c1, Barriers: 0, Oops: 0, ImmediateOops: 0, NonImmediateOops: No
[2,099s][debug][gc,nmethod  ] Register NMethod: jdk.internal.loader.URLClassPath.getLoader (0x000074b193487b08) [0x000074b193487c00, 0x000074b193489ac8] Compiler: c1, Barriers: 12, Oops: 0, ImmediateOops: 0, NonImmediateOops: No
[2,099s][debug][gc,nmethod  ] Register NMethod: java.nio.Buffer.checkIndex (0x000074b193489b08) [0x000074b193489c00, 0x000074b193489d50] Compiler: c1, Barriers: 0, Oops: 1, ImmediateOops: 1, NonImmediateOops: No
[2,099s][debug][gc,nmethod  ] Register NMethod: java.nio.DirectLongBufferU.ix (0x000074b193489e08) [0x000074b193489f00, 0x000074b19348a010] Compiler: c1, Barriers: 0, Oops: 0, ImmediateOops: 0, NonImmediateOops: No
[2,099s][debug][gc,nmethod  ] Register NMethod: java.util.WeakHashMap.maskNull (0x000074b19348a108) [0x000074b19348a200, 0x000074b19348a328] Compiler: c1, Barriers: 0, Oops: 0, ImmediateOops: 1, NonImmediateOops: No
[2,100s][debug][gc,nmethod  ] Register NMethod: java.util.jar.JarFile.getEntry (0x000074b19348a408) [0x000074b19348a500, 0x000074b19348ac48] Compiler: c1, Barriers: 0, Oops: 0, ImmediateOops: 0, NonImmediateOops: No
[2,100s][debug][gc,nmethod  ] Register NMethod: java.util.WeakHashMap.hash (0x000074b19348ac88) [0x000074b19348ad80, 0x000074b19348b0a8] Compiler: c1, Barriers: 0, Oops: 0, ImmediateOops: 0, NonImmediateOops: No
[2,100s][debug][gc,nmethod  ] Register NMethod: java.util.WeakHashMap.getTable (0x000074b19348b108) [0x000074b19348b200, 0x000074b19348b378] Compiler: c1, Barriers: 1, Oops: 0, ImmediateOops: 0, NonImmediateOops: No
[2,100s][debug][gc,nmethod  ] Register NMethod: java.util.WeakHashMap.indexFor (0x000074b19348b408) [0x000074b19348b500, 0x000074b19348b5e8] Compiler: c1, Barriers: 0, Oops: 0, ImmediateOops: 0, NonImmediateOops: No
[2,101s][debug][gc,nmethod  ] Register NMethod: java.util.WeakHashMap.expungeStaleEntries (0x000074b19348b708) [0x000074b19348b800, 0x000074b19348c598] Compiler: c1, Barriers: 14, Oops: 0, ImmediateOops: 0, NonImmediateOops: No
[2,101s][debug][gc,nmethod  ] Register NMethod: java.lang.Class.getModule (0x000074b1b2c04e08) [0x000074b1b2c04f00, 0x000074b1b2c04fe8] Compiler: c1, Barriers: 1, Oops: 0, ImmediateOops: 0, NonImmediateOops: No
[2,102s][debug][gc,nmethod  ] Register NMethod: java.lang.Class.getPackageName (0x000074b19348c608) [0x000074b19348c700, 0x000074b19348e908] Compiler: c1, Barriers: 8, Oops: 0, ImmediateOops: 2, NonImmediateOops: No
[2,103s][debug][gc,director ] Rule Major: Warmup 10%, Used: 12MB, UsedThreshold: 1228MB
[2,103s][debug][gc,nmethod  ] Register NMethod: java.util.zip.Inflater.inflateBytesBytes (0x000074b1b2c05108) [0x000074b1b2c05200, 0x000074b1b2c05398] Compiler: , Barriers: 0, Oops: 0, ImmediateOops: 0, NonImmediateOops: No
[2,104s][debug][gc,nmethod  ] Register NMethod: java.lang.ClassLoader.findBootstrapClass (0x000074b1b2c05408) [0x000074b1b2c05500, 0x000074b1b2c05838] Compiler: , Barriers: 0, Oops: 0, ImmediateOops: 1, NonImmediateOops: No
[2,105s][debug][gc,nmethod  ] Register NMethod: java.security.CodeSource.getLocationNoFragString (0x000074b1b2c05888) [0x000074b1b2c05980, 0x000074b1b2c05a68] Compiler: c1, Barriers: 1, Oops: 0, ImmediateOops: 0, NonImmediateOops: No
[2,106s][debug][gc,nmethod  ] Register NMethod: java.lang.Module.getDescriptor (0x000074b1b2c05b88) [0x000074b1b2c05c80, 0x000074b1b2c05d68] Compiler: c1, Barriers: 1, Oops: 0, ImmediateOops: 0, NonImmediateOops: No
[2,107s][debug][gc,nmethod  ] Register NMethod: java.util.concurrent.CopyOnWriteArrayList.setArray (0x000074b1b2c05e88) [0x000074b1b2c05f80, 0x000074b1b2c060b0] Compiler: c1, Barriers: 3, Oops: 0, ImmediateOops: 0, NonImmediateOops: No
[2,107s][debug][gc,nmethod  ] Register NMethod: java.lang.module.ModuleDescriptor$Provides.providers (0x000074b1b2c06188) [0x000074b1b2c06280, 0x000074b1b2c06368] Compiler: c1, Barriers: 1, Oops: 0, ImmediateOops: 0, NonImmediateOops: No
[2,107s][debug][gc,nmethod  ] Register NMethod: java.lang.Class.initClassName (0x000074b1b2c06488) [0x000074b1b2c06580, 0x000074b1b2c068a0] Compiler: , Barriers: 0, Oops: 0, ImmediateOops: 0, NonImmediateOops: No
[2,108s][debug][gc,nmethod  ] Register NMethod: java.lang.StringBuilder.append (0x000074b19348e988) [0x000074b19348ea80, 0x000074b19348ebc8] Compiler: c1, Barriers: 0, Oops: 0, ImmediateOops: 0, NonImmediateOops: No
[2,108s][debug][gc,nmethod  ] Register NMethod: java.lang.StringLatin1.coderFromChar (0x000074b19348ec88) [0x000074b19348ed80, 0x000074b19348ee70] Compiler: c1, Barriers: 0, Oops: 0, ImmediateOops: 0, NonImmediateOops: No
[2,108s][debug][gc,nmethod  ] Register NMethod: java.lang.AbstractStringBuilder.append (0x000074b19348ef88) [0x000074b19348f080, 0x000074b19348f538] Compiler: c1, Barriers: 4, Oops: 0, ImmediateOops: 0, NonImmediateOops: No
[2,110s][debug][gc,nmethod  ] Register NMethod: jdk.internal.classfile.impl.StackMapGenerator.processBlock (0x000074b19348f588) [0x000074b19348f680, 0x000074b1934be948] Compiler: c1, Barriers: 287, Oops: 4, ImmediateOops: 158, NonImmediateOops: No
[2,112s][debug][gc,nmethod  ] Register NMethod: java.nio.DirectByteBuffer.ix (0x000074b1934be988) [0x000074b1934bea80, 0x000074b1934beb88] Compiler: c1, Barriers: 0, Oops: 0, ImmediateOops: 0, NonImmediateOops: No
[2,113s][debug][gc,nmethod  ] Register NMethod: java.lang.ref.Reference.reachabilityFence (0x000074b1b2c06908) [0x000074b1b2c06a00, 0x000074b1b2c06a60] Compiler: jvmci, Barriers: 0, Oops: 0, ImmediateOops: 0, NonImmediateOops: No
[2,113s][debug][gc,nmethod  ] Register NMethod: jdk.internal.misc.ScopedMemoryAccess.getByte (0x000074b1934bec88) [0x000074b1934bed80, 0x000074b1934bf098] Compiler: c1, Barriers: 0, Oops: 0, ImmediateOops: 0, NonImmediateOops: No
[2,113s][debug][gc,nmethod  ] Register NMethod: java.nio.DirectByteBuffer.get (0x000074b1934bf108) [0x000074b1934bf200, 0x000074b1934c0000] Compiler: c1, Barriers: 1, Oops: 2, ImmediateOops: 2, NonImmediateOops: No
[2,113s][debug][gc,nmethod  ] Register NMethod: jdk.internal.misc.ScopedMemoryAccess.getByteInternal (0x000074b1934c0088) [0x000074b1934c0180, 0x000074b1934c03d0] Compiler: c1, Barriers: 0, Oops: 0, ImmediateOops: 0, NonImmediateOops: No
[2,113s][debug][gc,director ] Rule Major: Warmup 10%, Used: 12MB, UsedThreshold: 1228MB
[2,114s][debug][gc,nmethod  ] Register NMethod: java.lang.invoke.LambdaForm$Name.<init> (0x000074b1934c0408) [0x000074b1934c0500, 0x000074b1934c0868] Compiler: c1, Barriers: 12, Oops: 0, ImmediateOops: 0, NonImmediateOops: No
[2,115s][debug][gc,nmethod  ] Register NMethod: jdk.internal.constant.MethodTypeDescImpl.parameterCount (0x000074b1934c0888) [0x000074b1934c0980, 0x000074b1934c0ab8] Compiler: c1, Barriers: 1, Oops: 0, ImmediateOops: 0, NonImmediateOops: No
[2,116s][debug][gc,nmethod  ] Register NMethod: java.lang.Class.desiredAssertionStatus0 (0x000074b1b2c06c08) [0x000074b1b2c06d00, 0x000074b1b2c06e70] Compiler: , Barriers: 0, Oops: 0, ImmediateOops: 1, NonImmediateOops: No
[2,121s][debug][gc,nmethod  ] Register NMethod: java.io.RandomAccessFile.readFully (0x000074b1934c0b88) [0x000074b1934c0c80, 0x000074b1934c1158] Compiler: c1, Barriers: 0, Oops: 0, ImmediateOops: 1, NonImmediateOops: No
[2,122s][debug][gc,nmethod  ] Register NMethod: jdk.internal.misc.Unsafe.compareAndSetInt (0x000074b1b2c06f08) [0x000074b1b2c07000, 0x000074b1b2c07170] Compiler: , Barriers: 0, Oops: 0, ImmediateOops: 0, NonImmediateOops: No
[2,122s][debug][gc,nmethod  ] Register NMethod: java.util.jar.JarFile.getJarEntry (0x000074b1934c1188) [0x000074b1934c1280, 0x000074b1934c1780] Compiler: c1, Barriers: 0, Oops: 0, ImmediateOops: 0, NonImmediateOops: No
[2,122s][debug][gc,nmethod  ] Register NMethod: jdk.internal.loader.URLClassPath$JarLoader.getResource (0x000074b1934c1788) [0x000074b1934c1880, 0x000074b1934c21b0] Compiler: c1, Barriers: 1, Oops: 0, ImmediateOops: 0, NonImmediateOops: No
[2,123s][debug][gc,nmethod  ] Register NMethod: java.net.URL.getRef (0x000074b1b2c07208) [0x000074b1b2c07300, 0x000074b1b2c073e8] Compiler: c1, Barriers: 1, Oops: 0, ImmediateOops: 0, NonImmediateOops: No
[2,123s][debug][gc,nmethod  ] Register NMethod: java.util.concurrent.ConcurrentHashMap.tabAt (0x000074b1b2c07508) [0x000074b1b2c07600, 0x000074b1b2c07698] Compiler: jvmci, Barriers: 1, Oops: 0, ImmediateOops: 0, NonImmediateOops: No
[2,123s][debug][gc,nmethod  ] Register NMethod: jdk.internal.util.ArraysSupport.hashCodeOfUnsigned (0x000074b1b2c07808) [0x000074b1b2c07900, 0x000074b1b2c07a30] Compiler: jvmci, Barriers: 0, Oops: 0, ImmediateOops: 0, NonImmediateOops: No
[2,123s][debug][gc,nmethod  ] Register NMethod: java.net.URL.getPath (0x000074b1b2c07b08) [0x000074b1b2c07c00, 0x000074b1b2c07ce8] Compiler: c1, Barriers: 1, Oops: 0, ImmediateOops: 0, NonImmediateOops: No
[2,123s][debug][gc,director ] Rule Major: Warmup 10%, Used: 12MB, UsedThreshold: 1228MB
[2,124s][debug][gc,nmethod  ] Register NMethod: java.lang.CharacterDataLatin1.equalsIgnoreCase (0x000074b1934c2208) [0x000074b1934c2300, 0x000074b1934c2598] Compiler: c1, Barriers: 0, Oops: 0, ImmediateOops: 0, NonImmediateOops: No
[2,124s][debug][gc,nmethod  ] Register NMethod: java.net.URL.getPort (0x000074b1b2c07e08) [0x000074b1b2c07f00, 0x000074b1b2c07fc0] Compiler: c1, Barriers: 0, Oops: 0, ImmediateOops: 0, NonImmediateOops: No
[2,124s][debug][gc,nmethod  ] Register NMethod: java.net.URL.getQuery (0x000074b1b2c08108) [0x000074b1b2c08200, 0x000074b1b2c082e8] Compiler: c1, Barriers: 1, Oops: 0, ImmediateOops: 0, NonImmediateOops: No
[2,124s][debug][gc,nmethod  ] Register NMethod: java.net.URL.getAuthority (0x000074b1b2c08408) [0x000074b1b2c08500, 0x000074b1b2c085e8] Compiler: c1, Barriers: 1, Oops: 0, ImmediateOops: 0, NonImmediateOops: No
[2,125s][debug][gc,nmethod  ] Register NMethod: java.util.jar.JarFile.getEntry (0x000074b1934c2608) [0x000074b1934c2700, 0x000074b1934c2e48] Compiler: c1, Barriers: 0, Oops: 0, ImmediateOops: 0, NonImmediateOops: No
[2,125s][debug][gc,nmethod  ] Register NMethod: java.util.zip.Inflater.ensureOpen (0x000074b1934c2e88) [0x000074b1934c2f80, 0x000074b1934c3208] Compiler: c1, Barriers: 1, Oops: 0, ImmediateOops: 1, NonImmediateOops: No
[2,127s][debug][gc,nmethod  ] Register NMethod: java.lang.StringLatin1.regionMatchesCI (0x000074b1934c3288) [0x000074b1934c3380, 0x000074b1934c3620] Compiler: c1, Barriers: 0, Oops: 0, ImmediateOops: 0, NonImmediateOops: No
[2,127s][debug][gc,nmethod  ] Register NMethod: java.lang.String.regionMatches (0x000074b1934c3688) [0x000074b1934c3780, 0x000074b1934c4b78] Compiler: c1, Barriers: 2, Oops: 0, ImmediateOops: 0, NonImmediateOops: No
[2,128s][debug][gc,nmethod  ] Register NMethod: java.util.jar.JarFile.checkForSpecialAttributes (0x000074b1934c4b88) [0x000074b1934c4c80, 0x000074b1934c6260] Compiler: c1, Barriers: 13, Oops: 1, ImmediateOops: 8, NonImmediateOops: No
[2,128s][debug][gc,nmethod  ] Register NMethod: java.util.zip.ZipFile$Source.readFullyAt (0x000074b1934c6288) [0x000074b1934c6380, 0x000074b1934c6c18] Compiler: c1, Barriers: 3, Oops: 0, ImmediateOops: 1, NonImmediateOops: No
[2,130s][debug][gc,nmethod  ] Register NMethod: java.lang.ClassLoader.findLoadedClass (0x000074b1934c6c88) [0x000074b1934c6d80, 0x000074b1934c6f50] Compiler: c1, Barriers: 0, Oops: 0, ImmediateOops: 0, NonImmediateOops: No
[2,130s][debug][gc,nmethod  ] Register NMethod: java.lang.ClassLoader.getClassLoadingLock (0x000074b1934c6f88) [0x000074b1934c7080, 0x000074b1934c7550] Compiler: c1, Barriers: 1, Oops: 0, ImmediateOops: 0, NonImmediateOops: No
[2,132s][debug][gc,nmethod  ] Register NMethod: java.security.CodeSource.getLocation (0x000074b1b2c08708) [0x000074b1b2c08800, 0x000074b1b2c088e8] Compiler: c1, Barriers: 1, Oops: 0, ImmediateOops: 0, NonImmediateOops: No
[2,133s][debug][gc,nmethod  ] Register NMethod: java.util.ArrayDeque.addLast (0x000074b1934c7588) [0x000074b1934c7680, 0x000074b1934c7c60] Compiler: c1, Barriers: 4, Oops: 0, ImmediateOops: 0, NonImmediateOops: No
[2,133s][debug][gc,nmethod  ] Register NMethod: jdk.internal.perf.PerfCounter.get (0x000074b1934c7c88) [0x000074b1934c7d80, 0x000074b1934c8060] Compiler: c1, Barriers: 1, Oops: 0, ImmediateOops: 0, NonImmediateOops: No
[2,134s][debug][gc,nmethod  ] Register NMethod: jdk.internal.misc.ScopedMemoryAccess.getLong (0x000074b1934c8088) [0x000074b1934c8180, 0x000074b1934c8490] Compiler: c1, Barriers: 0, Oops: 0, ImmediateOops: 0, NonImmediateOops: No
[2,134s][debug][gc,director ] Rule Major: Warmup 10%, Used: 12MB, UsedThreshold: 1228MB
[2,134s][debug][gc,nmethod  ] Register NMethod: jdk.internal.misc.ScopedMemoryAccess.getLongInternal (0x000074b1934c8508) [0x000074b1934c8600, 0x000074b1934c8850] Compiler: c1, Barriers: 0, Oops: 0, ImmediateOops: 0, NonImmediateOops: No
[2,134s][debug][gc,nmethod  ] Register NMethod: jdk.internal.perf.PerfCounter.add (0x000074b1934c8888) [0x000074b1934c8980, 0x000074b1934c8ed0] Compiler: c1, Barriers: 2, Oops: 0, ImmediateOops: 0, NonImmediateOops: No
[2,134s][debug][gc,nmethod  ] Register NMethod: java.nio.DirectLongBufferU.get (0x000074b1934c8f08) [0x000074b1934c9000, 0x000074b1934c9df0] Compiler: c1, Barriers: 1, Oops: 2, ImmediateOops: 2, NonImmediateOops: No
[2,135s][debug][gc,nmethod  ] Register NMethod: jdk.internal.misc.ScopedMemoryAccess.putLongInternal (0x000074b1934c9e08) [0x000074b1934c9f00, 0x000074b1934ca160] Compiler: c1, Barriers: 0, Oops: 0, ImmediateOops: 0, NonImmediateOops: No
[2,135s][debug][gc,nmethod  ] Register NMethod: jdk.internal.misc.ScopedMemoryAccess.putLong (0x000074b1934ca188) [0x000074b1934ca280, 0x000074b1934ca5d0] Compiler: c1, Barriers: 0, Oops: 0, ImmediateOops: 0, NonImmediateOops: No
[2,135s][debug][gc,nmethod  ] Register NMethod: jdk.internal.misc.Unsafe.putReferenceRelease (0x000074b1b2c08a08) [0x000074b1b2c08b00, 0x000074b1b2c08bf0] Compiler: jvmci, Barriers: 3, Oops: 0, ImmediateOops: 0, NonImmediateOops: No
[2,135s][debug][gc,nmethod  ] Register NMethod: java.nio.DirectLongBufferU.put (0x000074b1934ca608) [0x000074b1934ca700, 0x000074b1934cb540] Compiler: c1, Barriers: 1, Oops: 2, ImmediateOops: 2, NonImmediateOops: No
[2,136s][debug][gc,nmethod  ] Register NMethod: java.lang.ClassLoader.loadClass (0x000074b1934cb588) [0x000074b1934cb680, 0x000074b1934cb988] Compiler: c1, Barriers: 0, Oops: 0, ImmediateOops: 0, NonImmediateOops: No
[2,137s][debug][gc,nmethod  ] Register NMethod: java.util.ArrayDeque.add (0x000074b1934cba08) [0x000074b1934cbb00, 0x000074b1934cbc50] Compiler: c1, Barriers: 0, Oops: 0, ImmediateOops: 0, NonImmediateOops: No
[2,138s][debug][gc,nmethod  ] Register NMethod: java.lang.ref.PhantomReference.clear0 (0x000074b1b2c08d08) [0x000074b1b2c08e00, 0x000074b1b2c08f48] Compiler: , Barriers: 0, Oops: 0, ImmediateOops: 0, NonImmediateOops: No
[2,138s][debug][gc,nmethod  ] Register NMethod: java.util.Arrays.rangeCheck (0x000074b1934cbd08) [0x000074b1934cbe00, 0x000074b1934cd3e8] Compiler: c1, Barriers: 0, Oops: 3, ImmediateOops: 4, NonImmediateOops: No
[2,139s][debug][gc,nmethod  ] Register NMethod: java.util.zip.Inflater.reset (0x000074b1b2c09008) [0x000074b1b2c09100, 0x000074b1b2c09250] Compiler: , Barriers: 0, Oops: 0, ImmediateOops: 1, NonImmediateOops: No
[2,139s][debug][gc,nmethod  ] Register NMethod: java.io.InputStream.<init> (0x000074b1934cd408) [0x000074b1934cd500, 0x000074b1934cd658] Compiler: c1, Barriers: 0, Oops: 0, ImmediateOops: 0, NonImmediateOops: No
[2,139s][debug][gc,nmethod  ] Register NMethod: java.util.Collections$SetFromMap.remove (0x000074b1934cd708) [0x000074b1934cd800, 0x000074b1934cdb90] Compiler: c1, Barriers: 1, Oops: 0, ImmediateOops: 0, NonImmediateOops: No
[2,139s][debug][gc,nmethod  ] Register NMethod: java.util.zip.ZipFile$ZipFileInputStream.close (0x000074b1934cdc08) [0x000074b1934cdd00, 0x000074b1934ce348] Compiler: c1, Barriers: 6, Oops: 0, ImmediateOops: 0, NonImmediateOops: No
[2,140s][debug][gc,nmethod  ] Register NMethod: java.lang.Throwable.fillInStackTrace (0x000074b1b2c09308) [0x000074b1b2c09400, 0x000074b1b2c09720] Compiler: , Barriers: 0, Oops: 0, ImmediateOops: 0, NonImmediateOops: No
[2,140s][debug][gc,nmethod  ] Register NMethod: java.util.WeakHashMap.remove (0x000074b1934ce388) [0x000074b1934ce480, 0x000074b1934cf890] Compiler: c1, Barriers: 12, Oops: 0, ImmediateOops: 1, NonImmediateOops: No
[2,140s][debug][gc,nmethod  ] Register NMethod: java.lang.StringConcatHelper.doConcat (0x000074b1934cf908) [0x000074b1934cfa00, 0x000074b1934d19a0] Compiler: c1, Barriers: 6, Oops: 0, ImmediateOops: 4, NonImmediateOops: No
[2,141s][debug][gc,nmethod  ] Register NMethod: java.lang.String.concat (0x000074b1934d1a08) [0x000074b1934d1b00, 0x000074b1934d3e00] Compiler: c1, Barriers: 6, Oops: 0, ImmediateOops: 4, NonImmediateOops: No
[2,141s][debug][gc,nmethod  ] Register NMethod: java.util.zip.Inflater.hasPendingOutput (0x000074b1b2c09788) [0x000074b1b2c09880, 0x000074b1b2c09940] Compiler: c1, Barriers: 0, Oops: 0, ImmediateOops: 0, NonImmediateOops: No
[2,141s][debug][gc,nmethod  ] Register NMethod: java.net.URL.isBuiltinStreamHandler (0x000074b1934d3e08) [0x000074b1934d3f00, 0x000074b1934d4430] Compiler: c1, Barriers: 0, Oops: 1, ImmediateOops: 1, NonImmediateOops: No
[2,141s][debug][gc,nmethod  ] Register NMethod: java.lang.StringConcatHelper.checkOverflow (0x000074b1934d4488) [0x000074b1934d4580, 0x000074b1934d4758] Compiler: c1, Barriers: 0, Oops: 0, ImmediateOops: 1, NonImmediateOops: No
[2,141s][debug][gc,nmethod  ] Register NMethod: sun.net.util.IPAddressUtil.checkHostString (0x000074b1934d4788) [0x000074b1934d4880, 0x000074b1934d4a80] Compiler: c1, Barriers: 0, Oops: 0, ImmediateOops: 0, NonImmediateOops: No
[2,142s][debug][gc,nmethod  ] Register NMethod: java.net.URL.isBuiltinStreamHandler (0x000074b1934d4a88) [0x000074b1934d4b80, 0x000074b1934d5a68] Compiler: c1, Barriers: 3, Oops: 1, ImmediateOops: 2, NonImmediateOops: No
[2,143s][debug][gc,nmethod  ] Register NMethod: sun.net.util.IPAddressUtil.scan (0x000074b1934d5a88) [0x000074b1934d5b80, 0x000074b1934d6dd8] Compiler: c1, Barriers: 3, Oops: 1, ImmediateOops: 2, NonImmediateOops: No
[2,143s][debug][gc,nmethod  ] Register NMethod: java.util.jar.JarFile.maybeInstantiateVerifier (0x000074b1934d6e08) [0x000074b1934d6f00, 0x000074b1934d73d0] Compiler: c1, Barriers: 1, Oops: 0, ImmediateOops: 1, NonImmediateOops: No
[2,144s][debug][gc,director ] Rule Major: Warmup 10%, Used: 12MB, UsedThreshold: 1228MB
[2,144s][debug][gc,nmethod  ] Register NMethod: sun.net.util.IPAddressUtil.checkHost (0x000074b1934d7408) [0x000074b1934d7500, 0x000074b1934dc2e8] Compiler: c1, Barriers: 7, Oops: 5, ImmediateOops: 13, NonImmediateOops: No
[2,145s][debug][gc,nmethod  ] Register NMethod: java.util.ArrayDeque.elementAt (0x000074b1934dc388) [0x000074b1934dc480, 0x000074b1934dc5b8] Compiler: c1, Barriers: 1, Oops: 0, ImmediateOops: 0, NonImmediateOops: No
[2,145s][debug][gc,nmethod  ] Register NMethod: java.lang.String.indexOf (0x000074b1934dc688) [0x000074b1934dc780, 0x000074b1934dd138] Compiler: c1, Barriers: 2, Oops: 0, ImmediateOops: 0, NonImmediateOops: No
[2,145s][debug][gc,nmethod  ] Register NMethod: java.lang.ref.PhantomReference.<init> (0x000074b1934dd188) [0x000074b1934dd280, 0x000074b1934dd570] Compiler: c1, Barriers: 6, Oops: 0, ImmediateOops: 1, NonImmediateOops: No
[2,146s][debug][gc,nmethod  ] Register NMethod: jdk.internal.ref.CleanerFactory.cleaner (0x000074b1934dd588) [0x000074b1934dd680, 0x000074b1934dd768] Compiler: c1, Barriers: 0, Oops: 0, ImmediateOops: 1, NonImmediateOops: No
[2,146s][debug][gc,nmethod  ] Register NMethod: java.net.URLStreamHandler.getDefaultPort (0x000074b1b2c09a88) [0x000074b1b2c09b80, 0x000074b1b2c09c40] Compiler: c1, Barriers: 0, Oops: 0, ImmediateOops: 0, NonImmediateOops: No
[2,146s][debug][gc,nmethod  ] Register NMethod: java.util.zip.ZipEntry.getSize (0x000074b1b2c09d88) [0x000074b1b2c09e80, 0x000074b1b2c09f40] Compiler: c1, Barriers: 0, Oops: 0, ImmediateOops: 0, NonImmediateOops: No
[2,146s][debug][gc,nmethod  ] Register NMethod: jdk.internal.ref.CleanerImpl$CleanableList.insert (0x000074b1934dd888) [0x000074b1934dd980, 0x000074b1934de400] Compiler: c1, Barriers: 22, Oops: 0, ImmediateOops: 0, NonImmediateOops: No
[2,146s][debug][gc,nmethod  ] Register NMethod: jdk.internal.ref.PhantomCleanable.<init> (0x000074b1934de408) [0x000074b1934de500, 0x000074b1934df6f0] Compiler: c1, Barriers: 13, Oops: 0, ImmediateOops: 3, NonImmediateOops: No
[2,147s][debug][gc,nmethod  ] Register NMethod: java.lang.NamedPackage.module (0x000074b1b2c0a088) [0x000074b1b2c0a180, 0x000074b1b2c0a268] Compiler: c1, Barriers: 1, Oops: 0, ImmediateOops: 0, NonImmediateOops: No
[2,149s][debug][gc,nmethod  ] Register NMethod: java.util.zip.InflaterInputStream.ensureOpen (0x000074b1934df708) [0x000074b1934df800, 0x000074b1934dfa08] Compiler: c1, Barriers: 0, Oops: 0, ImmediateOops: 1, NonImmediateOops: No
[2,149s][debug][gc,nmethod  ] Register NMethod: java.util.LinkedHashMap.get (0x000074b1934dfa88) [0x000074b1934dfb80, 0x000074b1934dff98] Compiler: c1, Barriers: 1, Oops: 0, ImmediateOops: 0, NonImmediateOops: No
[2,149s][debug][gc,nmethod  ] Register NMethod: java.util.zip.Inflater.finished (0x000074b1934e0008) [0x000074b1934e0100, 0x000074b1934e03b0] Compiler: c1, Barriers: 1, Oops: 0, ImmediateOops: 0, NonImmediateOops: No
[2,150s][debug][gc,nmethod  ] Register NMethod: java.lang.String.<init> (0x000074b1934e0408) [0x000074b1934e0500, 0x000074b1934e0938] Compiler: c1, Barriers: 0, Oops: 1, ImmediateOops: 1, NonImmediateOops: No
[2,151s][debug][gc,nmethod  ] Register NMethod: java.util.zip.InflaterInputStream.read (0x000074b1934e0988) [0x000074b1934e0a80, 0x000074b1934e1b08] Compiler: c1, Barriers: 7, Oops: 0, ImmediateOops: 2, NonImmediateOops: No
[2,151s][debug][gc,nmethod  ] Register NMethod: java.lang.StringLatin1.lastIndexOf (0x000074b1b2c0a388) [0x000074b1b2c0a480, 0x000074b1b2c0a6f0] Compiler: jvmci, Barriers: 0, Oops: 0, ImmediateOops: 0, NonImmediateOops: No
[2,154s][debug][gc,nmethod  ] Register NMethod: java.lang.String.<init> (0x000074b1934e1b88) [0x000074b1934e1c80, 0x000074b1934e5c58] Compiler: c1, Barriers: 45, Oops: 1, ImmediateOops: 12, NonImmediateOops: No
[2,154s][debug][gc,director ] Rule Major: Warmup 10%, Used: 12MB, UsedThreshold: 1228MB
[2,156s][debug][gc,nmethod  ] Register NMethod: java.lang.reflect.Array.newArray (0x000074b1b2c0a708) [0x000074b1b2c0a800, 0x000074b1b2c0ab38] Compiler: , Barriers: 0, Oops: 0, ImmediateOops: 1, NonImmediateOops: No
[2,156s][debug][gc,nmethod  ] Register NMethod: jdk.internal.classfile.impl.AbstractDirectBuilder.setOriginal (0x000074b1b2c0ab88) [0x000074b1b2c0ac80, 0x000074b1b2c0adb0] Compiler: c1, Barriers: 3, Oops: 0, ImmediateOops: 0, NonImmediateOops: No
[2,157s][debug][gc,nmethod  ] Register NMethod: java.lang.CharacterDataLatin1.getProperties (0x000074b1934e5c88) [0x000074b1934e5d80, 0x000074b1934e5eb0] Compiler: c1, Barriers: 0, Oops: 0, ImmediateOops: 1, NonImmediateOops: No
[2,157s][debug][gc,nmethod  ] Register NMethod: java.lang.CharacterData.of (0x000074b1934e5f88) [0x000074b1934e6080, 0x000074b1934e67c0] Compiler: c1, Barriers: 7, Oops: 0, ImmediateOops: 1, NonImmediateOops: No
[2,157s][debug][gc,nmethod  ] Register NMethod: java.lang.Integer.numberOfLeadingZeros (0x000074b1934e6808) [0x000074b1934e6900, 0x000074b1934e6b80] Compiler: c1, Barriers: 0, Oops: 0, ImmediateOops: 0, NonImmediateOops: No
[2,158s][debug][gc,nmethod  ] Register NMethod: jdk.internal.constant.ClassOrInterfaceDescImpl.ofValidated (0x000074b1934e6b88) [0x000074b1934e6c80, 0x000074b1934e6f08] Compiler: c1, Barriers: 3, Oops: 0, ImmediateOops: 0, NonImmediateOops: No
[2,158s][debug][gc,nmethod  ] Register NMethod: jdk.internal.constant.ClassOrInterfaceDescImpl.<init> (0x000074b1934e6f88) [0x000074b1934e7080, 0x000074b1934e7250] Compiler: c1, Barriers: 3, Oops: 0, ImmediateOops: 0, NonImmediateOops: No
[2,158s][debug][gc,nmethod  ] Register NMethod: jdk.internal.classfile.impl.DirectMethodBuilder.methodFlags (0x000074b1b2c0ae88) [0x000074b1b2c0af80, 0x000074b1b2c0b040] Compiler: c1, Barriers: 0, Oops: 0, ImmediateOops: 0, NonImmediateOops: No
[2,158s][debug][gc,nmethod  ] Register NMethod: jdk.internal.classfile.impl.DirectMethodBuilder.methodType (0x000074b1b2c0b188) [0x000074b1b2c0b280, 0x000074b1b2c0b368] Compiler: c1, Barriers: 1, Oops: 0, ImmediateOops: 0, NonImmediateOops: No
[2,159s][debug][gc,nmethod  ] Register NMethod: jdk.internal.classfile.impl.SplitConstantPool.utf8Entry (0x000074b1934e7288) [0x000074b1934e7380, 0x000074b1934e7678] Compiler: c1, Barriers: 0, Oops: 0, ImmediateOops: 0, NonImmediateOops: No
[2,160s][debug][gc,nmethod  ] Register NMethod: java.lang.String.toString (0x000074b1934e7688) [0x000074b1934e7780, 0x000074b1934e7880] Compiler: c1, Barriers: 0, Oops: 0, ImmediateOops: 0, NonImmediateOops: No
[2,162s][debug][gc,nmethod  ] Register NMethod: jdk.internal.classfile.impl.AbstractPoolEntry$Utf8EntryImpl.tag (0x000074b1b2c0b488) [0x000074b1b2c0b580, 0x000074b1b2c0b640] Compiler: c1, Barriers: 0, Oops: 0, ImmediateOops: 0, NonImmediateOops: No
[2,162s][debug][gc,nmethod  ] Register NMethod: jdk.internal.classfile.impl.BufWriterImpl.writeU1U2 (0x000074b1934e7988) [0x000074b1934e7a80, 0x000074b1934e7f18] Compiler: c1, Barriers: 2, Oops: 0, ImmediateOops: 0, NonImmediateOops: No
[2,164s][debug][gc,nmethod  ] Register NMethod: java.lang.constant.ClassDesc.isPrimitive (0x000074b1b2c0b788) [0x000074b1b2c0b880, 0x000074b1b2c0b940] Compiler: c1, Barriers: 0, Oops: 0, ImmediateOops: 0, NonImmediateOops: No
[2,164s][debug][gc,director ] Rule Major: Warmup 10%, Used: 12MB, UsedThreshold: 1228MB
[2,164s][debug][gc,nmethod  ] Register NMethod: java.util.AbstractList.<init> (0x000074b1934e7f88) [0x000074b1934e8080, 0x000074b1934e8240] Compiler: c1, Barriers: 0, Oops: 0, ImmediateOops: 0, NonImmediateOops: No
[2,165s][debug][gc,nmethod  ] Register NMethod: jdk.internal.classfile.impl.SplitConstantPool.maybeCloneUtf8Entry (0x000074b1934e8288) [0x000074b1934e8380, 0x000074b1934e9420] Compiler: c1, Barriers: 4, Oops: 0, ImmediateOops: 2, NonImmediateOops: No
[2,165s][debug][gc,nmethod  ] Register NMethod: java.lang.StringConcatHelper.stringOf (0x000074b1934e9488) [0x000074b1934e9580, 0x000074b1934e98d8] Compiler: c1, Barriers: 0, Oops: 0, ImmediateOops: 1, NonImmediateOops: No
[2,165s][debug][gc,nmethod  ] Register NMethod: java.lang.StringConcatHelper.newArrayWithSuffix (0x000074b1934e9908) [0x000074b1934e9a00, 0x000074b1934ea950] Compiler: c1, Barriers: 1, Oops: 0, ImmediateOops: 3, NonImmediateOops: No
[2,166s][debug][gc,nmethod  ] Register NMethod: java.lang.StringConcatHelper.prepend (0x000074b1934ea988) [0x000074b1934eaa80, 0x000074b1934ec1d0] Compiler: c1, Barriers: 3, Oops: 0, ImmediateOops: 0, NonImmediateOops: No
[2,166s][debug][gc,nmethod  ] Register NMethod: java.lang.StringConcatHelper.concat0 (0x000074b1934ec208) [0x000074b1934ec300, 0x000074b1934ee4e8] Compiler: c1, Barriers: 6, Oops: 0, ImmediateOops: 3, NonImmediateOops: No
[2,166s][debug][gc,nmethod  ] Register NMethod: java.lang.StringConcatHelper.concat (0x000074b1934ee508) [0x000074b1934ee600, 0x000074b1934f0ba8] Compiler: c1, Barriers: 6, Oops: 0, ImmediateOops: 6, NonImmediateOops: No
[2,167s][debug][gc,nmethod  ] Register NMethod: java.util.Arrays.copyOf (0x000074b1934f0c08) [0x000074b1934f0d00, 0x000074b1934f1020] Compiler: c1, Barriers: 1, Oops: 0, ImmediateOops: 0, NonImmediateOops: No
[2,167s][debug][gc,nmethod  ] Register NMethod: jdk.internal.classfile.impl.AbstractElement.<init> (0x000074b1934f1088) [0x000074b1934f1180, 0x000074b1934f12d8] Compiler: c1, Barriers: 0, Oops: 0, ImmediateOops: 0, NonImmediateOops: No
[2,167s][debug][gc,nmethod  ] Register NMethod: jdk.internal.classfile.impl.StackMapGenerator$Type.<init> (0x000074b1934f1388) [0x000074b1934f1480, 0x000074b1934f16b8] Compiler: c1, Barriers: 3, Oops: 0, ImmediateOops: 0, NonImmediateOops: No
[2,167s][debug][gc,nmethod  ] Register NMethod: jdk.internal.classfile.impl.AbstractPoolEntry$Utf8EntryImpl.toString (0x000074b1934f1708) [0x000074b1934f1800, 0x000074b1934f1d48] Compiler: c1, Barriers: 11, Oops: 0, ImmediateOops: 5, NonImmediateOops: No
[2,168s][debug][gc,nmethod  ] Register NMethod: jdk.internal.classfile.impl.AbstractPoolEntry$ClassEntryImpl.hashCode (0x000074b1934f1d88) [0x000074b1934f1e80, 0x000074b1934f2d78] Compiler: c1, Barriers: 4, Oops: 0, ImmediateOops: 2, NonImmediateOops: No
[2,168s][debug][gc,nmethod  ] Register NMethod: jdk.internal.constant.MethodTypeDescImpl.parameterType (0x000074b1934f2d88) [0x000074b1934f2e80, 0x000074b1934f3008] Compiler: c1, Barriers: 2, Oops: 0, ImmediateOops: 0, NonImmediateOops: No
[2,168s][debug][gc,nmethod  ] Register NMethod: sun.invoke.util.VerifyAccess.ensureTypeVisible (0x000074b1934f3088) [0x000074b1934f3180, 0x000074b1934f4310] Compiler: c1, Barriers: 4, Oops: 0, ImmediateOops: 1, NonImmediateOops: No
[2,169s][debug][gc,nmethod  ] Register NMethod: jdk.internal.classfile.impl.SplitConstantPool.findEntry (0x000074b1934f4388) [0x000074b1934f4480, 0x000074b1934f5b88] Compiler: c1, Barriers: 3, Oops: 0, ImmediateOops: 0, NonImmediateOops: No
[2,171s][debug][gc,nmethod  ] Register NMethod: jdk.internal.classfile.impl.BufWriterImpl.writeU1 (0x000074b1934f5c08) [0x000074b1934f5d00, 0x000074b1934f6148] Compiler: c1, Barriers: 2, Oops: 0, ImmediateOops: 0, NonImmediateOops: No
[2,172s][debug][gc,nmethod  ] Register NMethod: java.lang.invoke.MethodTypeForm.basicType (0x000074b1b2c0ba88) [0x000074b1b2c0bb80, 0x000074b1b2c0bc68] Compiler: c1, Barriers: 1, Oops: 0, ImmediateOops: 0, NonImmediateOops: No
[2,172s][debug][gc,nmethod  ] Register NMethod: jdk.internal.classfile.impl.StackMapGenerator$Frame.checkStack (0x000074b1934f6188) [0x000074b1934f6280, 0x000074b1934f6ec8] Compiler: c1, Barriers: 11, Oops: 1, ImmediateOops: 2, NonImmediateOops: No
[2,172s][debug][gc,nmethod  ] Register NMethod: java.lang.invoke.MethodType.equals (0x000074b1934f6f08) [0x000074b1934f7000, 0x000074b1934f77a0] Compiler: c1, Barriers: 4, Oops: 0, ImmediateOops: 0, NonImmediateOops: No
[2,173s][debug][gc,nmethod  ] Register NMethod: java.lang.reflect.Modifier.isProtected (0x000074b1934f7808) [0x000074b1934f7900, 0x000074b1934f7a30] Compiler: c1, Barriers: 0, Oops: 0, ImmediateOops: 0, NonImmediateOops: No
[2,174s][debug][gc,nmethod  ] Register NMethod: jdk.internal.classfile.impl.Util.methodTypeSymbol (0x000074b1934f7b08) [0x000074b1934f7c00, 0x000074b1934f8ac0] Compiler: c1, Barriers: 4, Oops: 0, ImmediateOops: 0, NonImmediateOops: No
[2,174s][debug][gc,nmethod  ] Register NMethod: jdk.internal.classfile.impl.AbstractPoolEntry$Utf8EntryImpl.methodTypeSymbol (0x000074b1934f8b08) [0x000074b1934f8c00, 0x000074b1934f96d0] Compiler: c1, Barriers: 4, Oops: 0, ImmediateOops: 0, NonImmediateOops: No
[2,174s][debug][gc,director ] Rule Major: Warmup 10%, Used: 12MB, UsedThreshold: 1228MB
[2,174s][debug][gc,nmethod  ] Register NMethod: java.util.HashMap.getNode (0x000074b1b2c0bd88) [0x000074b1b2c0be80, 0x000074b1b2c0c658] Compiler: jvmci, Barriers: 11, Oops: 0, ImmediateOops: 0, NonImmediateOops: No
[2,174s][debug][gc,nmethod  ] Register NMethod: jdk.internal.classfile.impl.AbstractPoolEntry$AbstractRefEntry.<init> (0x000074b1934f9708) [0x000074b1934f9800, 0x000074b1934f9d58] Compiler: c1, Barriers: 6, Oops: 0, ImmediateOops: 0, NonImmediateOops: No
[2,175s][debug][gc,nmethod  ] Register NMethod: java.lang.invoke.MethodType.checkPtypes (0x000074b1934f9d88) [0x000074b1934f9e80, 0x000074b1934fb058] Compiler: c1, Barriers: 1, Oops: 2, ImmediateOops: 6, NonImmediateOops: No
[2,175s][debug][gc,nmethod  ] Register NMethod: jdk.internal.classfile.impl.AbstractPoolEntry$NameAndTypeEntryImpl.tag (0x000074b1b2c0c688) [0x000074b1b2c0c780, 0x000074b1b2c0c840] Compiler: c1, Barriers: 0, Oops: 0, ImmediateOops: 0, NonImmediateOops: No
[2,175s][debug][gc,nmethod  ] Register NMethod: jdk.internal.classfile.impl.AbstractPoolEntry$AbstractNamedEntry.<init> (0x000074b1934fb088) [0x000074b1934fb180, 0x000074b1934fb2b0] Compiler: c1, Barriers: 0, Oops: 0, ImmediateOops: 0, NonImmediateOops: No
[2,175s][debug][gc,nmethod  ] Register NMethod: jdk.internal.classfile.impl.Util.parameterSlots (0x000074b1934fb388) [0x000074b1934fb480, 0x000074b1934fb910] Compiler: c1, Barriers: 3, Oops: 0, ImmediateOops: 2, NonImmediateOops: No
[2,175s][debug][gc,nmethod  ] Register NMethod: jdk.internal.classfile.impl.AbstractPoolEntry$AbstractRefsEntry.<init> (0x000074b1934fb988) [0x000074b1934fba80, 0x000074b1934fc280] Compiler: c1, Barriers: 9, Oops: 0, ImmediateOops: 0, NonImmediateOops: No
[2,176s][debug][gc,nmethod  ] Register NMethod: java.lang.Class.descriptorString (0x000074b1934fc288) [0x000074b1934fc380, 0x000074b193503f10] Compiler: c1, Barriers: 14, Oops: 3, ImmediateOops: 21, NonImmediateOops: No
[2,177s][debug][gc,nmethod  ] Register NMethod: jdk.internal.classfile.impl.LabelImpl.labelContext (0x000074b1b2c0c988) [0x000074b1b2c0ca80, 0x000074b1b2c0cb68] Compiler: c1, Barriers: 1, Oops: 0, ImmediateOops: 0, NonImmediateOops: No
[2,177s][debug][gc,nmethod  ] Register NMethod: jdk.internal.classfile.impl.LabelImpl.getBCI (0x000074b1b2c0cc88) [0x000074b1b2c0cd80, 0x000074b1b2c0ce40] Compiler: c1, Barriers: 0, Oops: 0, ImmediateOops: 0, NonImmediateOops: No
[2,177s][debug][gc,nmethod  ] Register NMethod: java.util.ArrayDeque.poll (0x000074b193503f88) [0x000074b193504080, 0x000074b1935041c8] Compiler: c1, Barriers: 0, Oops: 0, ImmediateOops: 0, NonImmediateOops: No
[2,178s][debug][gc,nmethod  ] Register NMethod: jdk.internal.misc.Unsafe.getChar (0x000074b1b2c0cf88) [0x000074b1b2c0d080, 0x000074b1b2c0d1e8] Compiler: , Barriers: 0, Oops: 0, ImmediateOops: 0, NonImmediateOops: No
[2,178s][debug][gc,nmethod  ] Register NMethod: jdk.internal.classfile.impl.RawBytecodeHelper.getU1Unchecked (0x000074b193504288) [0x000074b193504380, 0x000074b193504570] Compiler: c1, Barriers: 2, Oops: 0, ImmediateOops: 0, NonImmediateOops: No
[2,178s][debug][gc,nmethod  ] Register NMethod: java.util.ArrayDeque.pollFirst (0x000074b193504588) [0x000074b193504680, 0x000074b193504be0] Compiler: c1, Barriers: 5, Oops: 0, ImmediateOops: 0, NonImmediateOops: No
[2,178s][debug][gc,nmethod  ] Register NMethod: jdk.internal.classfile.impl.AbstractPoolEntry$AbstractRefsEntry.writeTo (0x000074b193504c08) [0x000074b193504d00, 0x000074b1935056a0] Compiler: c1, Barriers: 2, Oops: 0, ImmediateOops: 0, NonImmediateOops: No
[2,178s][debug][gc,nmethod  ] Register NMethod: jdk.internal.classfile.impl.BufWriterImpl.writeU1U2U2 (0x000074b193505708) [0x000074b193505800, 0x000074b193505cf8] Compiler: c1, Barriers: 2, Oops: 0, ImmediateOops: 0, NonImmediateOops: No
[2,179s][debug][gc,nmethod  ] Register NMethod: java.lang.invoke.MemberName.clone (0x000074b193505d08) [0x000074b193505e00, 0x000074b193506270] Compiler: c1, Barriers: 0, Oops: 0, ImmediateOops: 0, NonImmediateOops: No
[2,184s][debug][gc,nmethod  ] Register NMethod: java.lang.Math.max (0x000074b193506288) [0x000074b193506380, 0x000074b1935064a8] Compiler: c1, Barriers: 0, Oops: 0, ImmediateOops: 0, NonImmediateOops: No
[2,184s][debug][gc,director ] Rule Major: Warmup 10%, Used: 12MB, UsedThreshold: 1228MB
[2,184s][debug][gc,nmethod  ] Register NMethod: java.lang.ref.Reference.refersToImpl (0x000074b193506588) [0x000074b193506680, 0x000074b1935067b8] Compiler: c1, Barriers: 0, Oops: 0, ImmediateOops: 0, NonImmediateOops: No
[2,185s][debug][gc,nmethod  ] Register NMethod: jdk.internal.access.SharedSecrets.javaUtilJarAccess (0x000074b193506888) [0x000074b193506980, 0x000074b193507060] Compiler: c1, Barriers: 2, Oops: 1, ImmediateOops: 4, NonImmediateOops: No
[2,188s][debug][gc,nmethod  ] Register NMethod: java.lang.invoke.MethodHandle.linkToStatic (0x000074b1b2c0d288) [0x000074b1b2c0d380, 0x000074b1b2c0d470] Compiler: , Barriers: 0, Oops: 0, ImmediateOops: 0, NonImmediateOops: No
[2,194s][debug][gc,director ] Rule Major: Warmup 10%, Used: 14MB, UsedThreshold: 1228MB
[2,195s][debug][gc,nmethod  ] Register NMethod: jdk.internal.ref.CleanerImpl$PhantomCleanableRef.<init> (0x000074b193507088) [0x000074b193507180, 0x000074b193507340] Compiler: c1, Barriers: 3, Oops: 0, ImmediateOops: 0, NonImmediateOops: No
[2,195s][debug][gc,nmethod  ] Register NMethod: java.lang.ref.Cleaner.register (0x000074b193507388) [0x000074b193507480, 0x000074b193507998] Compiler: c1, Barriers: 3, Oops: 2, ImmediateOops: 2, NonImmediateOops: No
[2,197s][debug][gc,nmethod  ] Register NMethod: java.nio.Buffer.limit (0x000074b1b2c0d588) [0x000074b1b2c0d680, 0x000074b1b2c0d740] Compiler: c1, Barriers: 0, Oops: 0, ImmediateOops: 0, NonImmediateOops: No
[2,202s][debug][gc,nmethod  ] Register NMethod: java.lang.invoke.MemberName.getModifiers (0x000074b193507a08) [0x000074b193507b00, 0x000074b193507c08] Compiler: c1, Barriers: 0, Oops: 0, ImmediateOops: 0, NonImmediateOops: No
[2,202s][debug][gc,nmethod  ] Register NMethod: sun.invoke.util.VerifyAccess.isSamePackage (0x000074b193507d08) [0x000074b193507e00, 0x000074b1935087e0] Compiler: c1, Barriers: 2, Oops: 0, ImmediateOops: 0, NonImmediateOops: No
[2,203s][debug][gc,nmethod  ] Register NMethod: java.util.Properties$LineReader.readLine (0x000074b193508808) [0x000074b193508900, 0x000074b19350c330] Compiler: c1, Barriers: 14, Oops: 0, ImmediateOops: 0, NonImmediateOops: No
[2,203s][debug][gc,nmethod  ] Register NMethod: jdk.internal.loader.URLClassPath$Loader.getBaseURL (0x000074b1b2c0d888) [0x000074b1b2c0d980, 0x000074b1b2c0da68] Compiler: c1, Barriers: 1, Oops: 0, ImmediateOops: 0, NonImmediateOops: No
[2,204s][debug][gc,nmethod  ] Register NMethod: java.lang.ClassLoader.defineClass1 (0x000074b1b2c0db88) [0x000074b1b2c0dc80, 0x000074b1b2c0e018] Compiler: , Barriers: 0, Oops: 0, ImmediateOops: 1, NonImmediateOops: No
[2,204s][debug][gc,nmethod  ] Register NMethod: java.util.zip.ZipEntry.getCrc (0x000074b1b2c0e088) [0x000074b1b2c0e180, 0x000074b1b2c0e240] Compiler: c1, Barriers: 0, Oops: 0, ImmediateOops: 0, NonImmediateOops: No
[2,205s][debug][gc,nmethod  ] Register NMethod: jdk.internal.perf.PerfCounter.addElapsedTimeFrom (0x000074b19350c388) [0x000074b19350c480, 0x000074b19350c608] Compiler: c1, Barriers: 0, Oops: 0, ImmediateOops: 0, NonImmediateOops: No
[2,205s][debug][gc,nmethod  ] Register NMethod: jdk.internal.loader.Resource.cachedInputStream (0x000074b19350c688) [0x000074b19350c780, 0x000074b19350cdf8] Compiler: c1, Barriers: 8, Oops: 0, ImmediateOops: 0, NonImmediateOops: No
[2,205s][debug][gc,director ] Rule Major: Warmup 10%, Used: 14MB, UsedThreshold: 1228MB
[2,206s][debug][gc,nmethod  ] Register NMethod: java.security.CodeSource.getCertificates (0x000074b19350ce08) [0x000074b19350cf00, 0x000074b19350e0d8] Compiler: c1, Barriers: 10, Oops: 0, ImmediateOops: 1, NonImmediateOops: No
[2,206s][debug][gc,nmethod  ] Register NMethod: java.lang.invoke.MethodHandle.linkToSpecial (0x000074b1b2c0e388) [0x000074b1b2c0e480, 0x000074b1b2c0e578] Compiler: , Barriers: 0, Oops: 0, ImmediateOops: 0, NonImmediateOops: No
[2,207s][debug][gc,nmethod  ] Register NMethod: jdk.internal.classfile.impl.UnboundAttribute.attributeMapper (0x000074b1b2c0e688) [0x000074b1b2c0e780, 0x000074b1b2c0e868] Compiler: c1, Barriers: 1, Oops: 0, ImmediateOops: 0, NonImmediateOops: No
[2,207s][debug][gc,nmethod  ] Register NMethod: java.lang.invoke.MemberName.isConstructor (0x000074b19350e108) [0x000074b19350e200, 0x000074b19350e3b8] Compiler: c1, Barriers: 0, Oops: 0, ImmediateOops: 0, NonImmediateOops: No
[2,208s][debug][gc,nmethod  ] Register NMethod: jdk.internal.classfile.impl.SplitConstantPool.classEntry (0x000074b19350e408) [0x000074b19350e500, 0x000074b1935101b8] Compiler: c1, Barriers: 4, Oops: 1, ImmediateOops: 2, NonImmediateOops: No
[2,209s][debug][gc,nmethod  ] Register NMethod: jdk.internal.classfile.impl.SplitConstantPool.classEntryForClassOrInterface (0x000074b193510208) [0x000074b193510300, 0x000074b193512890] Compiler: c1, Barriers: 7, Oops: 0, ImmediateOops: 1, NonImmediateOops: No
[2,209s][debug][gc,nmethod  ] Register NMethod: jdk.internal.classfile.impl.SplitConstantPool.tryFindClassOrInterface (0x000074b193512908) [0x000074b193512a00, 0x000074b1935155b8] Compiler: c1, Barriers: 12, Oops: 0, ImmediateOops: 0, NonImmediateOops: No
[2,209s][debug][gc,nmethod  ] Register NMethod: java.lang.invoke.MethodTypeForm.canonicalizeAll (0x000074b193515608) [0x000074b193515700, 0x000074b1935160b8] Compiler: c1, Barriers: 4, Oops: 0, ImmediateOops: 1, NonImmediateOops: No
[2,209s][debug][gc,nmethod  ] Register NMethod: java.lang.reflect.Modifier.isInterface (0x000074b193516108) [0x000074b193516200, 0x000074b193516330] Compiler: c1, Barriers: 0, Oops: 0, ImmediateOops: 0, NonImmediateOops: No
[2,209s][debug][gc,nmethod  ] Register NMethod: java.lang.Class.isInterface (0x000074b193516408) [0x000074b193516500, 0x000074b1935166b8] Compiler: c1, Barriers: 0, Oops: 0, ImmediateOops: 0, NonImmediateOops: No
[2,210s][debug][gc,nmethod  ] Register NMethod: java.lang.reflect.Modifier.isPublic (0x000074b193516708) [0x000074b193516800, 0x000074b193516930] Compiler: c1, Barriers: 0, Oops: 0, ImmediateOops: 0, NonImmediateOops: No
[2,210s][debug][gc,nmethod  ] Register NMethod: jdk.internal.classfile.impl.AttributeHolder.writeTo (0x000074b193516a08) [0x000074b193516b00, 0x000074b193517300] Compiler: c1, Barriers: 4, Oops: 0, ImmediateOops: 0, NonImmediateOops: No
[2,210s][debug][gc,nmethod  ] Register NMethod: jdk.internal.classfile.impl.AttributeHolder.<init> (0x000074b193517308) [0x000074b193517400, 0x000074b1935175e0] Compiler: c1, Barriers: 3, Oops: 0, ImmediateOops: 1, NonImmediateOops: No
[2,210s][debug][gc,nmethod  ] Register NMethod: java.util.ArrayList.isEmpty (0x000074b193517608) [0x000074b193517700, 0x000074b193517850] Compiler: c1, Barriers: 0, Oops: 0, ImmediateOops: 0, NonImmediateOops: No
[2,210s][debug][gc,nmethod  ] Register NMethod: jdk.internal.classfile.impl.AbstractDirectBuilder.<init> (0x000074b193517908) [0x000074b193517a00, 0x000074b193517e50] Compiler: c1, Barriers: 12, Oops: 0, ImmediateOops: 1, NonImmediateOops: No
[2,210s][debug][gc,nmethod  ] Register NMethod: java.lang.invoke.MethodHandles$Lookup.lookupClassOrNull (0x000074b193517e88) [0x000074b193517f80, 0x000074b193518120] Compiler: c1, Barriers: 1, Oops: 0, ImmediateOops: 0, NonImmediateOops: No
[2,210s][debug][gc,nmethod  ] Register NMethod: java.lang.invoke.MethodTypeForm.parameterSlotCount (0x000074b1b2c0e988) [0x000074b1b2c0ea80, 0x000074b1b2c0eb40] Compiler: c1, Barriers: 0, Oops: 0, ImmediateOops: 0, NonImmediateOops: No
[2,211s][debug][gc,nmethod  ] Register NMethod: java.lang.classfile.Opcode.bytecode (0x000074b1b2c0ec88) [0x000074b1b2c0ed80, 0x000074b1b2c0ee40] Compiler: c1, Barriers: 0, Oops: 0, ImmediateOops: 0, NonImmediateOops: No
[2,211s][debug][gc,nmethod  ] Register NMethod: jdk.internal.constant.ConstantUtils.referenceClassDesc (0x000074b193518188) [0x000074b193518280, 0x000074b193518c60] Compiler: c1, Barriers: 2, Oops: 1, ImmediateOops: 2, NonImmediateOops: No
[2,211s][debug][gc,nmethod  ] Register NMethod: jdk.internal.util.StrongReferenceKey.equals (0x000074b193518c88) [0x000074b193518d80, 0x000074b193519a08] Compiler: c1, Barriers: 1, Oops: 0, ImmediateOops: 0, NonImmediateOops: No
[2,214s][debug][gc,nmethod  ] Register NMethod: jdk.internal.jimage.ImageStringsReader.unmaskedHashCode (0x000074b193519a88) [0x000074b193519b80, 0x000074b19351ad80] Compiler: c1, Barriers: 3, Oops: 1, ImmediateOops: 2, NonImmediateOops: No
[2,214s][debug][gc,nmethod  ] Register NMethod: jdk.internal.jimage.ImageLocation.readValue (0x000074b19351ae08) [0x000074b19351af00, 0x000074b19351b3d0] Compiler: c1, Barriers: 0, Oops: 0, ImmediateOops: 1, NonImmediateOops: No
[2,215s][debug][gc,director ] Rule Major: Warmup 10%, Used: 14MB, UsedThreshold: 1228MB
[2,215s][debug][gc,nmethod  ] Register NMethod: java.nio.DirectByteBuffer.ix (0x000074b1b2c0ef88) [0x000074b1b2c0f080, 0x000074b1b2c0f108] Compiler: jvmci, Barriers: 0, Oops: 0, ImmediateOops: 0, NonImmediateOops: No
[2,216s][debug][gc,nmethod  ] Register NMethod: jdk.internal.misc.Unsafe.putByte (0x000074b1b2c0f288) [0x000074b1b2c0f380, 0x000074b1b2c0f4d8] Compiler: , Barriers: 0, Oops: 0, ImmediateOops: 0, NonImmediateOops: No
[2,216s][debug][gc,nmethod  ] Register NMethod: sun.nio.fs.NativeBuffer.address (0x000074b1b2c0f588) [0x000074b1b2c0f680, 0x000074b1b2c0f740] Compiler: c1, Barriers: 0, Oops: 0, ImmediateOops: 0, NonImmediateOops: No
[2,217s][debug][gc,nmethod  ] Register NMethod: java.io.FilterInputStream.<init> (0x000074b19351b408) [0x000074b19351b500, 0x000074b19351b738] Compiler: c1, Barriers: 3, Oops: 0, ImmediateOops: 0, NonImmediateOops: No
[2,217s][debug][gc,nmethod  ] Register NMethod: java.lang.StringLatin1.indexOf (0x000074b19351b788) [0x000074b19351b880, 0x000074b19351ba60] Compiler: c1, Barriers: 0, Oops: 0, ImmediateOops: 0, NonImmediateOops: No
[2,217s][debug][gc,nmethod  ] Register NMethod: java.lang.String.indexOf (0x000074b19351ba88) [0x000074b19351bb80, 0x000074b19351c680] Compiler: c1, Barriers: 6, Oops: 0, ImmediateOops: 0, NonImmediateOops: No
[2,218s][debug][gc,nmethod  ] Register NMethod: java.lang.Long.hashCode (0x000074b19351c688) [0x000074b19351c780, 0x000074b19351c870] Compiler: c1, Barriers: 0, Oops: 0, ImmediateOops: 0, NonImmediateOops: No
[2,218s][debug][gc,nmethod  ] Register NMethod: sun.nio.fs.UnixPath.checkNotNul (0x000074b1b2c0f888) [0x000074b1b2c0f980, 0x000074b1b2c0fa18] Compiler: jvmci, Barriers: 0, Oops: 0, ImmediateOops: 0, NonImmediateOops: No
[2,219s][debug][gc,nmethod  ] Register NMethod: java.lang.String.equalsIgnoreCase (0x000074b19351c988) [0x000074b19351ca80, 0x000074b19351dc08] Compiler: c1, Barriers: 2, Oops: 0, ImmediateOops: 0, NonImmediateOops: No
[2,219s][debug][gc,nmethod  ] Register NMethod: java.io.UnixFileSystem.normalize (0x000074b19351dc88) [0x000074b19351dd80, 0x000074b19351f378] Compiler: c1, Barriers: 2, Oops: 1, ImmediateOops: 3, NonImmediateOops: No
[2,220s][debug][gc,nmethod  ] Register NMethod: java.lang.Thread.currentCarrierThread (0x000074b1b2c0fb88) [0x000074b1b2c0fc80, 0x000074b1b2c0ffa8] Compiler: , Barriers: 0, Oops: 0, ImmediateOops: 1, NonImmediateOops: No
[2,221s][debug][gc,nmethod  ] Register NMethod: java.util.zip.ZipFile.zipCoderFor (0x000074b1b2c10008) [0x000074b1b2c10100, 0x000074b1b2c101c0] Compiler: jvmci, Barriers: 0, Oops: 0, ImmediateOops: 0, NonImmediateOops: No
[2,221s][debug][gc,nmethod  ] Register NMethod: java.util.jar.Manifest$FastInputStream.readLine (0x000074b19351f388) [0x000074b19351f480, 0x000074b19351f5d8] Compiler: c1, Barriers: 0, Oops: 0, ImmediateOops: 0, NonImmediateOops: No
[2,222s][debug][gc,nmethod  ] Register NMethod: java.io.File.<init> (0x000074b19351f688) [0x000074b19351f780, 0x000074b193520010] Compiler: c1, Barriers: 6, Oops: 1, ImmediateOops: 2, NonImmediateOops: No
[2,223s][debug][gc,nmethod  ] Register NMethod: java.lang.ref.Reference.refersTo (0x000074b193520088) [0x000074b193520180, 0x000074b193520480] Compiler: c1, Barriers: 0, Oops: 0, ImmediateOops: 0, NonImmediateOops: No
[2,223s][debug][gc,nmethod  ] Register NMethod: worker.org.gradle.internal.stream.EncodedStream$EncodedInput.read (0x000074b1b2c10308) [0x000074b1b2c10400, 0x000074b1b2c10c50] Compiler: jvmci, Barriers: 4, Oops: 1, ImmediateOops: 1, NonImmediateOops: No
[2,224s][debug][gc,nmethod  ] Register NMethod: java.lang.System$1.uncheckedGetBytesNoRepl (0x000074b193520488) [0x000074b193520580, 0x000074b193521280] Compiler: c1, Barriers: 1, Oops: 0, ImmediateOops: 0, NonImmediateOops: No
[2,224s][debug][gc,nmethod  ] Register NMethod: java.lang.String.getBytesNoRepl (0x000074b193521288) [0x000074b193521380, 0x000074b193522000] Compiler: c1, Barriers: 1, Oops: 0, ImmediateOops: 0, NonImmediateOops: No
[2,224s][debug][gc,nmethod  ] Register NMethod: java.lang.String.getBytesNoRepl1 (0x000074b193522008) [0x000074b193522100, 0x000074b193522d58] Compiler: c1, Barriers: 1, Oops: 0, ImmediateOops: 3, NonImmediateOops: No
[2,224s][debug][gc,nmethod  ] Register NMethod: java.util.zip.ZipUtils.LOCSIG (0x000074b193522d88) [0x000074b193522e80, 0x000074b193522f98] Compiler: c1, Barriers: 0, Oops: 0, ImmediateOops: 0, NonImmediateOops: No
[2,224s][debug][gc,nmethod  ] Register NMethod: java.lang.Math.abs (0x000074b193523088) [0x000074b193523180, 0x000074b1935232d8] Compiler: c1, Barriers: 0, Oops: 0, ImmediateOops: 0, NonImmediateOops: No
[2,224s][debug][gc,nmethod  ] Register NMethod: java.lang.String.isASCII (0x000074b193523388) [0x000074b193523480, 0x000074b1935236a0] Compiler: c1, Barriers: 0, Oops: 0, ImmediateOops: 0, NonImmediateOops: No
[2,225s][debug][gc,nmethod  ] Register NMethod: java.util.jar.JarFile.match (0x000074b193523708) [0x000074b193523800, 0x000074b193523d10] Compiler: c1, Barriers: 0, Oops: 0, ImmediateOops: 0, NonImmediateOops: No
[2,225s][debug][gc,director ] Rule Major: Warmup 10%, Used: 14MB, UsedThreshold: 1228MB
[2,225s][debug][gc,nmethod  ] Register NMethod: sun.nio.fs.UnixPath.getFileSystem (0x000074b1b2c10c88) [0x000074b1b2c10d80, 0x000074b1b2c10e68] Compiler: c1, Barriers: 1, Oops: 0, ImmediateOops: 0, NonImmediateOops: No
[2,226s][debug][gc,nmethod  ] Register NMethod: java.util.zip.ZipCoder$UTF8ZipCoder.checkedHash (0x000074b1b2c10f88) [0x000074b1b2c11080, 0x000074b1b2c11290] Compiler: jvmci, Barriers: 0, Oops: 0, ImmediateOops: 0, NonImmediateOops: No
[2,226s][debug][gc,nmethod  ] Register NMethod: java.util.LinkedHashMap.newNode (0x000074b193523d88) [0x000074b193523e80, 0x000074b193524068] Compiler: c1, Barriers: 0, Oops: 0, ImmediateOops: 0, NonImmediateOops: No
[2,226s][debug][gc,nmethod  ] Register NMethod: java.util.LinkedHashMap$Entry.<init> (0x000074b193524088) [0x000074b193524180, 0x000074b1935244a0] Compiler: c1, Barriers: 9, Oops: 0, ImmediateOops: 0, NonImmediateOops: No
[2,226s][debug][gc,nmethod  ] Register NMethod: java.util.LinkedHashMap.afterNodeInsertion (0x000074b193524508) [0x000074b193524600, 0x000074b193524808] Compiler: c1, Barriers: 1, Oops: 0, ImmediateOops: 0, NonImmediateOops: No
[2,226s][debug][gc,nmethod  ] Register NMethod: java.util.LinkedHashMap.linkNodeAtEnd (0x000074b193524888) [0x000074b193524980, 0x000074b193524fb8] Compiler: c1, Barriers: 26, Oops: 0, ImmediateOops: 0, NonImmediateOops: No
[2,231s][debug][gc,nmethod  ] Register NMethod: java.util.zip.ZipFile$Source.isMetaName (0x000074b1b2c11308) [0x000074b1b2c11400, 0x000074b1b2c11730] Compiler: jvmci, Barriers: 0, Oops: 0, ImmediateOops: 0, NonImmediateOops: No
[2,232s][debug][gc,nmethod  ] Register NMethod: java.nio.charset.Charset.name (0x000074b1b2c11788) [0x000074b1b2c11880, 0x000074b1b2c11968] Compiler: c1, Barriers: 1, Oops: 0, ImmediateOops: 0, NonImmediateOops: No
[2,234s][debug][gc,nmethod  ] Register NMethod: java.util.zip.ZipFile$Source.nextEntryPos (0x000074b1b2c11a88) [0x000074b1b2c11b80, 0x000074b1b2c11cd0] Compiler: jvmci, Barriers: 1, Oops: 0, ImmediateOops: 0, NonImmediateOops: No
[2,235s][debug][gc,director ] Rule Major: Warmup 10%, Used: 46MB, UsedThreshold: 1228MB
[2,236s][debug][gc,nmethod  ] Register NMethod: java.util.zip.ZipFile$Source.checkExtraFields (0x000074b193525008) [0x000074b193525100, 0x000074b193526790] Compiler: c1, Barriers: 15, Oops: 3, ImmediateOops: 5, NonImmediateOops: No
[2,242s][debug][gc,nmethod  ] Register NMethod: java.util.zip.ZipFile$Source.isMetaName (0x000074b193526808) [0x000074b193526900, 0x000074b193526d60] Compiler: c1, Barriers: 0, Oops: 0, ImmediateOops: 0, NonImmediateOops: No
[2,244s][debug][gc,nmethod  ] Register NMethod: java.util.zip.ZipFile$Source.checkAndAddEntry (0x000074b1b2c11d88) [0x000074b1b2c11e80, 0x000074b1b2c129d8] Compiler: jvmci, Barriers: 3, Oops: 0, ImmediateOops: 0, NonImmediateOops: No
[2,244s][debug][gc,nmethod  ] Register NMethod: java.lang.Runtime$Version.feature (0x000074b193526d88) [0x000074b193526e80, 0x000074b1935275a0] Compiler: c1, Barriers: 1, Oops: 0, ImmediateOops: 0, NonImmediateOops: No
[2,245s][debug][gc,nmethod  ] Register NMethod: java.lang.Math.max (0x000074b1b2c12a08) [0x000074b1b2c12b00, 0x000074b1b2c12b68] Compiler: jvmci, Barriers: 0, Oops: 0, ImmediateOops: 0, NonImmediateOops: No
[2,245s][debug][gc,director ] Rule Major: Warmup 10%, Used: 48MB, UsedThreshold: 1228MB
[2,246s][debug][gc,nmethod  ] Register NMethod: java.util.zip.ZipFile$Source.isManifestName (0x000074b193527608) [0x000074b193527700, 0x000074b193527c08] Compiler: c1, Barriers: 1, Oops: 0, ImmediateOops: 0, NonImmediateOops: No
[2,249s][debug][gc,nmethod  ] Register NMethod: java.util.Arrays.fill (0x000074b193527c88) [0x000074b193527d80, 0x000074b193527f08] Compiler: c1, Barriers: 0, Oops: 0, ImmediateOops: 0, NonImmediateOops: No
[2,250s][debug][gc,nmethod  ] Register NMethod: sun.nio.fs.UnixPath.normalizeAndCheck (0x000074b193527f88) [0x000074b193528080, 0x000074b193529378] Compiler: c1, Barriers: 3, Oops: 1, ImmediateOops: 3, NonImmediateOops: No
[2,250s][debug][gc,nmethod  ] Register NMethod: java.util.Collections$SetFromMap.add (0x000074b193529388) [0x000074b193529480, 0x000074b193529818] Compiler: c1, Barriers: 1, Oops: 0, ImmediateOops: 1, NonImmediateOops: No
[2,251s][debug][gc,nmethod  ] Register NMethod: java.lang.StringLatin1.indexOf (0x000074b1b2c12d08) [0x000074b1b2c12e00, 0x000074b1b2c13358] Compiler: jvmci, Barriers: 0, Oops: 0, ImmediateOops: 0, NonImmediateOops: No
[2,251s][debug][gc,nmethod  ] Register NMethod: java.util.jar.Manifest$FastInputStream.peek (0x000074b193529888) [0x000074b193529980, 0x000074b193529bb0] Compiler: c1, Barriers: 1, Oops: 0, ImmediateOops: 0, NonImmediateOops: No
[2,251s][debug][gc,nmethod  ] Register NMethod: java.util.WeakHashMap$Entry.<init> (0x000074b193529c08) [0x000074b193529d00, 0x000074b19352a138] Compiler: c1, Barriers: 12, Oops: 0, ImmediateOops: 1, NonImmediateOops: No
[2,252s][debug][gc,nmethod  ] Register NMethod: java.nio.DirectLongBufferU.ix (0x000074b1b2c13388) [0x000074b1b2c13480, 0x000074b1b2c13510] Compiler: jvmci, Barriers: 0, Oops: 0, ImmediateOops: 0, NonImmediateOops: No
[2,253s][debug][gc,nmethod  ] Register NMethod: java.util.WeakHashMap.put (0x000074b19352a188) [0x000074b19352a280, 0x000074b19352bbc0] Compiler: c1, Barriers: 26, Oops: 0, ImmediateOops: 2, NonImmediateOops: No
[2,253s][debug][gc,nmethod  ] Register NMethod: java.util.jar.Attributes$Name.hash (0x000074b19352bc08) [0x000074b19352bd00, 0x000074b19352d088] Compiler: c1, Barriers: 3, Oops: 2, ImmediateOops: 3, NonImmediateOops: No
[2,253s][debug][gc,nmethod  ] Register NMethod: java.util.zip.Inflater.needsInput (0x000074b19352d108) [0x000074b19352d200, 0x000074b19352d828] Compiler: c1, Barriers: 2, Oops: 0, ImmediateOops: 0, NonImmediateOops: No
[2,254s][debug][gc,nmethod  ] Register NMethod: java.lang.Thread.terminatingThreadLocals (0x000074b19352d888) [0x000074b19352d980, 0x000074b19352dae8] Compiler: c1, Barriers: 2, Oops: 0, ImmediateOops: 0, NonImmediateOops: No
[2,254s][debug][gc,nmethod  ] Register NMethod: java.util.zip.ZipFile$Source.initCEN (0x000074b19352db88) [0x000074b19352dc80, 0x000074b193531808] Compiler: c1, Barriers: 39, Oops: 8, ImmediateOops: 13, NonImmediateOops: No
[2,254s][debug][gc,nmethod  ] Register NMethod: java.lang.ThreadLocal.getMap (0x000074b193531888) [0x000074b193531980, 0x000074b193532170] Compiler: c1, Barriers: 3, Oops: 0, ImmediateOops: 0, NonImmediateOops: No
[2,255s][debug][gc,nmethod  ] Register NMethod: java.io.ByteArrayOutputStream.write (0x000074b193532188) [0x000074b193532280, 0x000074b1935327c0] Compiler: c1, Barriers: 1, Oops: 0, ImmediateOops: 0, NonImmediateOops: No
[2,255s][debug][gc,nmethod  ] Register NMethod: java.io.ByteArrayOutputStream.ensureCapacity (0x000074b193532808) [0x000074b193532900, 0x000074b193532cc8] Compiler: c1, Barriers: 4, Oops: 0, ImmediateOops: 0, NonImmediateOops: No
[2,255s][debug][gc,nmethod  ] Register NMethod: java.util.zip.ZipFile$Source.isMetaName (0x000074b1b2c13688) [0x000074b1b2c13780, 0x000074b1b2c139e0] Compiler: jvmci, Barriers: 0, Oops: 0, ImmediateOops: 0, NonImmediateOops: No
[2,255s][debug][gc,nmethod  ] Register NMethod: jdk.internal.misc.Unsafe.getIntUnaligned (0x000074b193532d08) [0x000074b193532e00, 0x000074b193533048] Compiler: c1, Barriers: 0, Oops: 0, ImmediateOops: 0, NonImmediateOops: No
[2,256s][debug][gc,nmethod  ] Register NMethod: java.util.jar.Attributes.putValue (0x000074b193533088) [0x000074b193533180, 0x000074b193534018] Compiler: c1, Barriers: 4, Oops: 0, ImmediateOops: 1, NonImmediateOops: No
[2,256s][debug][gc,director ] Rule Major: Warmup 10%, Used: 48MB, UsedThreshold: 1228MB
[2,256s][debug][gc,nmethod  ] Register NMethod: java.util.jar.Attributes.put (0x000074b193534088) [0x000074b193534180, 0x000074b1935348c8] Compiler: c1, Barriers: 1, Oops: 0, ImmediateOops: 0, NonImmediateOops: No
[2,256s][debug][gc,nmethod  ] Register NMethod: java.util.jar.Attributes$Name.of (0x000074b193534908) [0x000074b193534a00, 0x000074b193535278] Compiler: c1, Barriers: 4, Oops: 1, ImmediateOops: 3, NonImmediateOops: No
[2,256s][debug][gc,nmethod  ] Register NMethod: java.lang.System$1.getCarrierThreadLocal (0x000074b193535288) [0x000074b193535380, 0x000074b193535740] Compiler: c1, Barriers: 1, Oops: 0, ImmediateOops: 0, NonImmediateOops: No
[2,256s][debug][gc,nmethod  ] Register NMethod: java.lang.ThreadLocal.getCarrierThreadLocal (0x000074b193535788) [0x000074b193535880, 0x000074b193535a18] Compiler: c1, Barriers: 1, Oops: 0, ImmediateOops: 0, NonImmediateOops: No
[2,256s][debug][gc,nmethod  ] Register NMethod: jdk.internal.misc.CarrierThreadLocal.get (0x000074b193535a88) [0x000074b193535b80, 0x000074b193535fa0] Compiler: c1, Barriers: 1, Oops: 0, ImmediateOops: 1, NonImmediateOops: No
[2,256s][debug][gc,nmethod  ] Register NMethod: java.lang.ThreadLocal.get (0x000074b193536008) [0x000074b193536100, 0x000074b193536548] Compiler: c1, Barriers: 1, Oops: 0, ImmediateOops: 0, NonImmediateOops: No
[2,257s][debug][gc,nmethod  ] Register NMethod: java.lang.ThreadLocal$ThreadLocalMap.getEntry (0x000074b193536588) [0x000074b193536680, 0x000074b193536d80] Compiler: c1, Barriers: 2, Oops: 0, ImmediateOops: 0, NonImmediateOops: No
[2,257s][debug][gc,nmethod  ] Register NMethod: jdk.internal.misc.Unsafe.copyMemory0 (0x000074b1b2c13a08) [0x000074b1b2c13b00, 0x000074b1b2c13c70] Compiler: , Barriers: 0, Oops: 0, ImmediateOops: 0, NonImmediateOops: No
[2,257s][debug][gc,nmethod  ] Register NMethod: java.util.Arrays.mismatch (0x000074b193536d88) [0x000074b193536e80, 0x000074b193537178] Compiler: c1, Barriers: 0, Oops: 0, ImmediateOops: 0, NonImmediateOops: No
[2,257s][debug][gc,nmethod  ] Register NMethod: jdk.internal.ref.PhantomCleanable.clean (0x000074b193537188) [0x000074b193537280, 0x000074b193537aa0] Compiler: c1, Barriers: 1, Oops: 0, ImmediateOops: 0, NonImmediateOops: No
[2,258s][debug][gc,nmethod  ] Register NMethod: java.util.zip.Inflater.inflate (0x000074b193537b08) [0x000074b193537c00, 0x000074b19353a9f0] Compiler: c1, Barriers: 10, Oops: 1, ImmediateOops: 5, NonImmediateOops: No
[2,258s][debug][gc,nmethod  ] Register NMethod: java.util.zip.ZipCoder$UTF8ZipCoder.compare (0x000074b19353aa08) [0x000074b19353ab00, 0x000074b19353bbc8] Compiler: c1, Barriers: 1, Oops: 1, ImmediateOops: 2, NonImmediateOops: No
[2,258s][debug][gc,nmethod  ] Register NMethod: jdk.internal.ref.CleanerImpl$CleanableList.remove (0x000074b19353bc08) [0x000074b19353bd00, 0x000074b19353cb30] Compiler: c1, Barriers: 30, Oops: 0, ImmediateOops: 0, NonImmediateOops: No
[2,258s][debug][gc,nmethod  ] Register NMethod: java.lang.StringCoding.countPositives (0x000074b1b2c13d08) [0x000074b1b2c13e00, 0x000074b1b2c14068] Compiler: jvmci, Barriers: 0, Oops: 0, ImmediateOops: 0, NonImmediateOops: No
[2,258s][debug][gc,nmethod  ] Register NMethod: java.lang.ref.Reference.clear (0x000074b19353cb88) [0x000074b19353cc80, 0x000074b19353cf80] Compiler: c1, Barriers: 0, Oops: 0, ImmediateOops: 0, NonImmediateOops: No
[2,258s][debug][gc,nmethod  ] Register NMethod: java.lang.ref.PhantomReference.clearImpl (0x000074b19353cf88) [0x000074b19353d080, 0x000074b19353d1b0] Compiler: c1, Barriers: 0, Oops: 0, ImmediateOops: 0, NonImmediateOops: No
[2,259s][debug][gc,nmethod  ] Register NMethod: jdk.internal.ref.CleanerImpl$PhantomCleanableRef.performCleanup (0x000074b19353d288) [0x000074b19353d380, 0x000074b19353d6c0] Compiler: c1, Barriers: 1, Oops: 0, ImmediateOops: 0, NonImmediateOops: No
[2,259s][debug][gc,nmethod  ] Register NMethod: jdk.internal.misc.Unsafe.checkPrimitivePointer (0x000074b19353d708) [0x000074b19353d800, 0x000074b19353e268] Compiler: c1, Barriers: 2, Oops: 0, ImmediateOops: 0, NonImmediateOops: No
[2,259s][debug][gc,nmethod  ] Register NMethod: jdk.internal.misc.Unsafe.checkPointer (0x000074b19353e288) [0x000074b19353e380, 0x000074b19353e6f0] Compiler: c1, Barriers: 0, Oops: 0, ImmediateOops: 0, NonImmediateOops: No
[2,259s][debug][gc,nmethod  ] Register NMethod: java.util.zip.ZipFile$ZipFileInputStream.<init> (0x000074b19353e708) [0x000074b19353e800, 0x000074b19353eee0] Compiler: c1, Barriers: 5, Oops: 0, ImmediateOops: 0, NonImmediateOops: No
[2,260s][debug][gc,nmethod  ] Register NMethod: java.util.zip.ZipFile.ensureOpenOrZipException (0x000074b19353ef08) [0x000074b19353f000, 0x000074b19353f1b8] Compiler: c1, Barriers: 0, Oops: 0, ImmediateOops: 1, NonImmediateOops: No
[2,260s][debug][gc,nmethod  ] Register NMethod: java.util.zip.ZipFile$ZipFileInputStream.read (0x000074b19353f208) [0x000074b19353f300, 0x000074b19353fb50] Compiler: c1, Barriers: 5, Oops: 0, ImmediateOops: 1, NonImmediateOops: No
[2,260s][debug][gc,nmethod  ] Register NMethod: java.nio.file.attribute.FileTime.<init> (0x000074b19353fb88) [0x000074b19353fc80, 0x000074b19353fed0] Compiler: c1, Barriers: 6, Oops: 0, ImmediateOops: 0, NonImmediateOops: No
[2,260s][debug][gc,nmethod  ] Register NMethod: java.nio.file.attribute.FileTime.from (0x000074b19353ff08) [0x000074b193540000, 0x000074b1935403d8] Compiler: c1, Barriers: 3, Oops: 1, ImmediateOops: 1, NonImmediateOops: No
[2,260s][debug][gc,nmethod  ] Register NMethod: java.util.zip.ZipFile.getInputStream (0x000074b193540408) [0x000074b193540500, 0x000074b193541a78] Compiler: c1, Barriers: 11, Oops: 1, ImmediateOops: 2, NonImmediateOops: No
[2,260s][debug][gc,nmethod  ] Register NMethod: sun.nio.fs.UnixFileAttributes$UnixAsBasicFileAttributes.lastModifiedTime (0x000074b193541a88) [0x000074b193541b80, 0x000074b193541d68] Compiler: c1, Barriers: 1, Oops: 0, ImmediateOops: 0, NonImmediateOops: No
[2,261s][debug][gc,nmethod  ] Register NMethod: java.util.zip.ZipUtils.LOCNAM (0x000074b193541d88) [0x000074b193541e80, 0x000074b193541f98] Compiler: c1, Barriers: 0, Oops: 0, ImmediateOops: 0, NonImmediateOops: No
[2,261s][debug][gc,nmethod  ] Register NMethod: sun.nio.fs.UnixFileAttributes.lastModifiedTime (0x000074b193542088) [0x000074b193542180, 0x000074b1935422c0] Compiler: c1, Barriers: 0, Oops: 0, ImmediateOops: 0, NonImmediateOops: No
[2,261s][debug][gc,nmethod  ] Register NMethod: java.util.zip.ZipUtils.LOCEXT (0x000074b193542388) [0x000074b193542480, 0x000074b193542598] Compiler: c1, Barriers: 0, Oops: 0, ImmediateOops: 0, NonImmediateOops: No
[2,261s][debug][gc,nmethod  ] Rebuilding NMethod Table: 1024->2048 entries, 717(70%->35%) registered, 0(0%->0%) unregistered
[2,261s][debug][gc,nmethod  ] Register NMethod: java.util.zip.ZipFile$ZipFileInputStream.initDataOffset (0x000074b193542688) [0x000074b193542780, 0x000074b193542db8] Compiler: c1, Barriers: 3, Oops: 0, ImmediateOops: 2, NonImmediateOops: No
[2,261s][debug][gc,nmethod  ] Register NMethod: sun.nio.fs.UnixFileAttributes.toFileTime (0x000074b193542e08) [0x000074b193542f00, 0x000074b1935431f0] Compiler: c1, Barriers: 0, Oops: 0, ImmediateOops: 3, NonImmediateOops: No
[2,261s][debug][gc,nmethod  ] Register NMethod: java.lang.Math.addExact (0x000074b193543208) [0x000074b193543300, 0x000074b1935434f0] Compiler: c1, Barriers: 0, Oops: 0, ImmediateOops: 1, NonImmediateOops: No
[2,261s][debug][gc,nmethod  ] Register NMethod: java.lang.Math.multiplyExact (0x000074b193543508) [0x000074b193543600, 0x000074b193543aa0] Compiler: c1, Barriers: 0, Oops: 0, ImmediateOops: 1, NonImmediateOops: No
[2,262s][debug][gc,nmethod  ] Register NMethod: java.util.HashMap.tableSizeFor (0x000074b193543b08) [0x000074b193543c00, 0x000074b193543df0] Compiler: c1, Barriers: 0, Oops: 0, ImmediateOops: 0, NonImmediateOops: No
[2,262s][debug][gc,nmethod  ] Register NMethod: java.util.zip.ZipFile$Source.readAt (0x000074b193543e08) [0x000074b193543f00, 0x000074b193544620] Compiler: c1, Barriers: 3, Oops: 0, ImmediateOops: 2, NonImmediateOops: No
[2,262s][debug][gc,nmethod  ] Register NMethod: java.util.zip.ZipFile$ZipFileInflaterInputStream.close (0x000074b193544688) [0x000074b193544780, 0x000074b193545a90] Compiler: c1, Barriers: 10, Oops: 0, ImmediateOops: 0, NonImmediateOops: No
[2,262s][debug][gc,nmethod  ] Register NMethod: java.util.zip.ZipEntry.isCENHeaderValid (0x000074b193545b08) [0x000074b193545c00, 0x000074b193546720] Compiler: c1, Barriers: 2, Oops: 0, ImmediateOops: 0, NonImmediateOops: No
[2,262s][debug][gc,nmethod  ] Register NMethod: java.util.zip.ZipFile$ZipFileInflaterInputStream.<init> (0x000074b193546788) [0x000074b193546880, 0x000074b193546a28] Compiler: c1, Barriers: 0, Oops: 0, ImmediateOops: 0, NonImmediateOops: No
[2,262s][debug][gc,nmethod  ] Register NMethod: java.util.zip.ZipFile$CleanableResource.getInflater (0x000074b193546a88) [0x000074b193546b80, 0x000074b1935472b0] Compiler: c1, Barriers: 2, Oops: 0, ImmediateOops: 0, NonImmediateOops: No
[2,262s][debug][gc,nmethod  ] Register NMethod: java.util.zip.InflaterInputStream.<init> (0x000074b193547308) [0x000074b193547400, 0x000074b193547b20] Compiler: c1, Barriers: 12, Oops: 0, ImmediateOops: 1, NonImmediateOops: No
[2,263s][debug][gc,nmethod  ] Register NMethod: java.util.zip.ZipFile$InflaterCleanupAction.<init> (0x000074b193547b88) [0x000074b193547c80, 0x000074b193547ec8] Compiler: c1, Barriers: 6, Oops: 0, ImmediateOops: 0, NonImmediateOops: No
[2,263s][debug][gc,nmethod  ] Register NMethod: java.util.zip.ZipFile$ZipFileInflaterInputStream.fill (0x000074b193547f08) [0x000074b193548000, 0x000074b1935485f8] Compiler: c1, Barriers: 5, Oops: 0, ImmediateOops: 1, NonImmediateOops: No
[2,263s][debug][gc,nmethod  ] Register NMethod: java.util.zip.Inflater.setInput (0x000074b193548608) [0x000074b193548700, 0x000074b193548bf0] Compiler: c1, Barriers: 7, Oops: 1, ImmediateOops: 1, NonImmediateOops: No
[2,263s][debug][gc,nmethod  ] Register NMethod: java.util.zip.ZipFile$ZipFileInflaterInputStream.<init> (0x000074b193548c08) [0x000074b193548d00, 0x000074b193549510] Compiler: c1, Barriers: 12, Oops: 1, ImmediateOops: 1, NonImmediateOops: No
[2,263s][debug][gc,nmethod  ] Register NMethod: java.util.zip.ZipFile$InflaterCleanupAction.run (0x000074b193549588) [0x000074b193549680, 0x000074b193549840] Compiler: c1, Barriers: 2, Oops: 0, ImmediateOops: 0, NonImmediateOops: No
[2,263s][debug][gc,nmethod  ] Register NMethod: java.util.zip.InflaterInputStream.close (0x000074b193549888) [0x000074b193549980, 0x000074b193549db0] Compiler: c1, Barriers: 2, Oops: 0, ImmediateOops: 0, NonImmediateOops: No
[2,263s][debug][gc,nmethod  ] Register NMethod: java.util.zip.ZipFile$CleanableResource.releaseInflater (0x000074b193549e08) [0x000074b193549f00, 0x000074b19354a458] Compiler: c1, Barriers: 2, Oops: 0, ImmediateOops: 0, NonImmediateOops: No
[2,264s][debug][gc,nmethod  ] Register NMethod: java.lang.Float.isNaN (0x000074b19354a488) [0x000074b19354a580, 0x000074b19354a6d0] Compiler: c1, Barriers: 0, Oops: 0, ImmediateOops: 0, NonImmediateOops: No
[2,264s][debug][gc,nmethod  ] Register NMethod: java.net.URL.getDefaultPort (0x000074b19354a788) [0x000074b19354a880, 0x000074b19354abd0] Compiler: c1, Barriers: 1, Oops: 0, ImmediateOops: 0, NonImmediateOops: No
[2,264s][debug][gc,nmethod  ] Register NMethod: sun.nio.fs.UnixNativeDispatcher.stat0 (0x000074b1b2c14088) [0x000074b1b2c14180, 0x000074b1b2c142f0] Compiler: , Barriers: 0, Oops: 0, ImmediateOops: 1, NonImmediateOops: No
[2,264s][debug][gc,nmethod  ] Register NMethod: java.util.zip.Inflater.reset (0x000074b19354ac08) [0x000074b19354ad00, 0x000074b19354b1c8] Compiler: c1, Barriers: 8, Oops: 0, ImmediateOops: 1, NonImmediateOops: No
[2,264s][debug][gc,nmethod  ] Register NMethod: java.net.URL.lowerCaseProtocol (0x000074b19354b208) [0x000074b19354b300, 0x000074b19354c0b0] Compiler: c1, Barriers: 2, Oops: 1, ImmediateOops: 8, NonImmediateOops: No
[2,264s][debug][gc,nmethod  ] Register NMethod: sun.net.www.protocol.jar.Handler.checkNestedProtocol (0x000074b19354c108) [0x000074b19354c200, 0x000074b19354c588] Compiler: c1, Barriers: 0, Oops: 0, ImmediateOops: 2, NonImmediateOops: No
[2,264s][debug][gc,nmethod  ] Register NMethod: sun.nio.fs.UnixFileSystem.provider (0x000074b1b2c14388) [0x000074b1b2c14480, 0x000074b1b2c14568] Compiler: c1, Barriers: 1, Oops: 0, ImmediateOops: 0, NonImmediateOops: No
[2,264s][debug][gc,nmethod  ] Register NMethod: sun.nio.fs.UnixFileSystem.needToResolveAgainstDefaultDirectory (0x000074b1b2c14688) [0x000074b1b2c14780, 0x000074b1b2c14840] Compiler: c1, Barriers: 0, Oops: 0, ImmediateOops: 0, NonImmediateOops: No
[2,264s][debug][gc,nmethod  ] Register NMethod: sun.nio.fs.NativeBuffer.size (0x000074b1b2c14988) [0x000074b1b2c14a80, 0x000074b1b2c14b40] Compiler: c1, Barriers: 0, Oops: 0, ImmediateOops: 0, NonImmediateOops: No
[2,264s][debug][gc,nmethod  ] Register NMethod: sun.nio.fs.NativeBuffer.setOwner (0x000074b1b2c14c88) [0x000074b1b2c14d80, 0x000074b1b2c14eb0] Compiler: c1, Barriers: 3, Oops: 0, ImmediateOops: 0, NonImmediateOops: No
[2,264s][debug][gc,nmethod  ] Register NMethod: sun.nio.fs.NativeBuffer.owner (0x000074b1b2c14f88) [0x000074b1b2c15080, 0x000074b1b2c15168] Compiler: c1, Barriers: 1, Oops: 0, ImmediateOops: 0, NonImmediateOops: No
[2,264s][debug][gc,nmethod  ] Register NMethod: java.net.URL.toString (0x000074b19354c608) [0x000074b19354c700, 0x000074b19354cc50] Compiler: c1, Barriers: 1, Oops: 0, ImmediateOops: 0, NonImmediateOops: No
[2,265s][debug][gc,nmethod  ] Register NMethod: java.net.URL.toExternalForm (0x000074b19354cc88) [0x000074b19354cd80, 0x000074b19354d0b8] Compiler: c1, Barriers: 1, Oops: 0, ImmediateOops: 0, NonImmediateOops: No
[2,265s][debug][gc,nmethod  ] Register NMethod: java.util.zip.ZipCoder.charset (0x000074b1b2c15288) [0x000074b1b2c15380, 0x000074b1b2c15468] Compiler: c1, Barriers: 1, Oops: 0, ImmediateOops: 0, NonImmediateOops: No
[2,265s][debug][gc,nmethod  ] Register NMethod: sun.nio.fs.UnixFileAttributes$UnixAsBasicFileAttributes.fileKey (0x000074b19354d108) [0x000074b19354d200, 0x000074b19354d388] Compiler: c1, Barriers: 1, Oops: 0, ImmediateOops: 0, NonImmediateOops: No
[2,265s][debug][gc,nmethod  ] Register NMethod: java.io.RandomAccessFile.open0 (0x000074b1b2c15588) [0x000074b1b2c15680, 0x000074b1b2c157d8] Compiler: , Barriers: 0, Oops: 0, ImmediateOops: 0, NonImmediateOops: No
[2,265s][debug][gc,nmethod  ] Register NMethod: sun.nio.fs.UnixFileAttributes.fileKey (0x000074b19354d408) [0x000074b19354d500, 0x000074b19354da38] Compiler: c1, Barriers: 6, Oops: 0, ImmediateOops: 0, NonImmediateOops: No
[2,265s][debug][gc,nmethod  ] Register NMethod: java.io.RandomAccessFile.length0 (0x000074b1b2c15888) [0x000074b1b2c15980, 0x000074b1b2c15ad8] Compiler: , Barriers: 0, Oops: 0, ImmediateOops: 0, NonImmediateOops: No
[2,266s][debug][gc,nmethod  ] Register NMethod: jdk.internal.loader.FileURLMapper.getPath (0x000074b19354da88) [0x000074b19354db80, 0x000074b19354e958] Compiler: c1, Barriers: 14, Oops: 0, ImmediateOops: 1, NonImmediateOops: No
[2,266s][debug][gc,nmethod  ] Register NMethod: java.util.concurrent.TimeUnit.toMillis (0x000074b19354e988) [0x000074b19354ea80, 0x000074b19354ed38] Compiler: c1, Barriers: 0, Oops: 0, ImmediateOops: 0, NonImmediateOops: No
[2,266s][debug][gc,director ] Rule Major: Warmup 10%, Used: 48MB, UsedThreshold: 1228MB
[2,266s][debug][gc,nmethod  ] Register NMethod: java.nio.charset.Charset.hashCode (0x000074b19354ed88) [0x000074b19354ee80, 0x000074b19354f380] Compiler: c1, Barriers: 1, Oops: 0, ImmediateOops: 0, NonImmediateOops: No
[2,266s][debug][gc,nmethod  ] Register NMethod: java.net.URLStreamHandler.toExternalForm (0x000074b19354f388) [0x000074b19354f480, 0x000074b1935538c0] Compiler: c1, Barriers: 6, Oops: 1, ImmediateOops: 9, NonImmediateOops: No
[2,266s][debug][gc,nmethod  ] Register NMethod: sun.nio.fs.UnixFileKey.hashCode (0x000074b193553908) [0x000074b193553a00, 0x000074b193553b80] Compiler: c1, Barriers: 0, Oops: 0, ImmediateOops: 0, NonImmediateOops: No
[2,266s][debug][gc,nmethod  ] Register NMethod: java.nio.file.attribute.FileTime.toMillis (0x000074b193553c08) [0x000074b193553d00, 0x000074b1935543c8] Compiler: c1, Barriers: 3, Oops: 0, ImmediateOops: 0, NonImmediateOops: No
[2,267s][debug][gc,nmethod  ] Register NMethod: java.util.zip.ZipFile$Source$Key.hashCode (0x000074b193554408) [0x000074b193554500, 0x000074b1935558f8] Compiler: c1, Barriers: 6, Oops: 0, ImmediateOops: 1, NonImmediateOops: No
[2,267s][debug][gc,nmethod  ] Register NMethod: java.util.jar.JavaUtilJarAccessImpl.entryFor (0x000074b193555908) [0x000074b193555a00, 0x000074b1935560e8] Compiler: c1, Barriers: 6, Oops: 0, ImmediateOops: 0, NonImmediateOops: No
[2,267s][debug][gc,nmethod  ] Register NMethod: java.util.jar.JarFile.entryFor (0x000074b193556108) [0x000074b193556200, 0x000074b1935565e8] Compiler: c1, Barriers: 6, Oops: 0, ImmediateOops: 0, NonImmediateOops: No
[2,267s][debug][gc,nmethod  ] Register NMethod: java.util.jar.JarFile$JarFileEntry.<init> (0x000074b193556608) [0x000074b193556700, 0x000074b193556af0] Compiler: c1, Barriers: 6, Oops: 0, ImmediateOops: 0, NonImmediateOops: No
[2,267s][debug][gc,nmethod  ] Register NMethod: java.util.zip.ZipUtils.CENTIM (0x000074b193556b08) [0x000074b193556c00, 0x000074b193556d10] Compiler: c1, Barriers: 0, Oops: 0, ImmediateOops: 0, NonImmediateOops: No
[2,267s][debug][gc,nmethod  ] Register NMethod: java.util.jar.JarEntry.<init> (0x000074b193556e08) [0x000074b193556f00, 0x000074b193557030] Compiler: c1, Barriers: 0, Oops: 0, ImmediateOops: 0, NonImmediateOops: No
[2,268s][debug][gc,nmethod  ] Register NMethod: java.util.zip.ZipEntry.<init> (0x000074b193557108) [0x000074b193557200, 0x000074b1935576b0] Compiler: c1, Barriers: 3, Oops: 1, ImmediateOops: 2, NonImmediateOops: No
[2,268s][debug][gc,nmethod  ] Register NMethod: java.util.zip.ZipUtils.CENVEM_FA (0x000074b193557708) [0x000074b193557800, 0x000074b193557968] Compiler: c1, Barriers: 0, Oops: 0, ImmediateOops: 0, NonImmediateOops: No
[2,268s][debug][gc,nmethod  ] Register NMethod: java.util.zip.ZipUtils.CENCRC (0x000074b193557a08) [0x000074b193557b00, 0x000074b193557c10] Compiler: c1, Barriers: 0, Oops: 0, ImmediateOops: 0, NonImmediateOops: No
[2,268s][debug][gc,nmethod  ] Register NMethod: java.util.zip.ZipFile$Source.isSignatureRelated (0x000074b193557d08) [0x000074b193557e00, 0x000074b193558408] Compiler: c1, Barriers: 1, Oops: 0, ImmediateOops: 0, NonImmediateOops: No
[2,272s][debug][gc,nmethod  ] Register NMethod: java.lang.Class.cast (0x000074b193558488) [0x000074b193558580, 0x000074b1935589d8] Compiler: c1, Barriers: 0, Oops: 0, ImmediateOops: 0, NonImmediateOops: No
[2,274s][debug][gc,nmethod  ] Register NMethod: jdk.internal.util.WeakReferenceKey.<init> (0x000074b193558a08) [0x000074b193558b00, 0x000074b193559108] Compiler: c1, Barriers: 6, Oops: 0, ImmediateOops: 1, NonImmediateOops: No
[2,274s][debug][gc,nmethod  ] Register NMethod: jdk.internal.util.ReferencedKeyMap.entryKey (0x000074b193559188) [0x000074b193559280, 0x000074b193559a98] Compiler: c1, Barriers: 8, Oops: 0, ImmediateOops: 1, NonImmediateOops: No
[2,275s][debug][gc,nmethod  ] Register NMethod: java.lang.StringUTF16.compress (0x000074b193559b08) [0x000074b193559c00, 0x000074b193559e30] Compiler: c1, Barriers: 0, Oops: 0, ImmediateOops: 0, NonImmediateOops: No
[2,275s][debug][gc,nmethod  ] Register NMethod: java.lang.StringLatin1.indexOf (0x000074b1b2c15b88) [0x000074b1b2c15c80, 0x000074b1b2c15f70] Compiler: jvmci, Barriers: 0, Oops: 0, ImmediateOops: 0, NonImmediateOops: No
[2,276s][debug][gc,nmethod  ] Register NMethod: java.util.jar.Attributes.get (0x000074b193559e88) [0x000074b193559f80, 0x000074b19355a2c0] Compiler: c1, Barriers: 1, Oops: 0, ImmediateOops: 0, NonImmediateOops: No
[2,276s][debug][gc,nmethod  ] Register NMethod: java.util.jar.Attributes.getValue (0x000074b19355a308) [0x000074b19355a400, 0x000074b19355a9a0] Compiler: c1, Barriers: 1, Oops: 0, ImmediateOops: 0, NonImmediateOops: No
[2,276s][debug][gc,director ] Rule Major: Warmup 10%, Used: 50MB, UsedThreshold: 1228MB
[2,278s][debug][gc,nmethod  ] Register NMethod: jdk.internal.loader.BuiltinClassLoader.loadClassOrNull (0x000074b19355aa08) [0x000074b19355ab00, 0x000074b19355ae08] Compiler: c1, Barriers: 0, Oops: 0, ImmediateOops: 0, NonImmediateOops: No
[2,278s][debug][gc,nmethod  ] Register NMethod: java.lang.invoke.MemberName.isResolved (0x000074b19355ae88) [0x000074b19355af80, 0x000074b19355b100] Compiler: c1, Barriers: 1, Oops: 0, ImmediateOops: 0, NonImmediateOops: No
[2,279s][debug][gc,nmethod  ] Register NMethod: jdk.internal.loader.BuiltinClassLoader.findLoadedModule (0x000074b19355b188) [0x000074b19355b280, 0x000074b19355c440] Compiler: c1, Barriers: 1, Oops: 0, ImmediateOops: 1, NonImmediateOops: No
[2,279s][debug][gc,nmethod  ] Register NMethod: jdk.internal.loader.BuiltinClassLoader.loadClassOrNull (0x000074b19355c488) [0x000074b19355c580, 0x000074b19355e018] Compiler: c1, Barriers: 3, Oops: 0, ImmediateOops: 2, NonImmediateOops: No
[2,280s][debug][gc,nmethod  ] Register NMethod: java.lang.invoke.MethodHandles$Lookup.previousLookupClass (0x000074b1b2c15f88) [0x000074b1b2c16080, 0x000074b1b2c16168] Compiler: c1, Barriers: 1, Oops: 0, ImmediateOops: 0, NonImmediateOops: No
[2,280s][debug][gc,nmethod  ] Register NMethod: jdk.internal.classfile.impl.AbstractPoolEntry$Utf8EntryImpl.stringValue (0x000074b19355e088) [0x000074b19355e180, 0x000074b19355e478] Compiler: c1, Barriers: 0, Oops: 0, ImmediateOops: 0, NonImmediateOops: No
[2,280s][debug][gc,nmethod  ] Register NMethod: jdk.internal.classfile.impl.StackMapGenerator$Frame.pushStack (0x000074b19355e488) [0x000074b19355e580, 0x000074b19355e9e0] Compiler: c1, Barriers: 4, Oops: 0, ImmediateOops: 0, NonImmediateOops: No
[2,280s][debug][gc,nmethod  ] Register NMethod: jdk.internal.classfile.impl.StackMapGenerator$Type.referenceType (0x000074b19355ea08) [0x000074b19355eb00, 0x000074b19355edd0] Compiler: c1, Barriers: 3, Oops: 0, ImmediateOops: 0, NonImmediateOops: No
[2,281s][debug][gc,nmethod  ] Register NMethod: jdk.internal.classfile.impl.DirectClassBuilder.constantPool (0x000074b19355ee08) [0x000074b19355ef00, 0x000074b19355f040] Compiler: c1, Barriers: 1, Oops: 0, ImmediateOops: 0, NonImmediateOops: No
[2,281s][debug][gc,nmethod  ] Register NMethod: jdk.internal.classfile.impl.RawBytecodeHelper.getU2Unchecked (0x000074b19355f108) [0x000074b19355f200, 0x000074b19355f588] Compiler: c1, Barriers: 2, Oops: 0, ImmediateOops: 1, NonImmediateOops: No
[2,282s][debug][gc,nmethod  ] Register NMethod: java.lang.invoke.MethodHandle.linkToSpecial (0x000074b1b2c16288) [0x000074b1b2c16380, 0x000074b1b2c16478] Compiler: , Barriers: 0, Oops: 0, ImmediateOops: 0, NonImmediateOops: No
[2,282s][debug][gc,nmethod  ] Register NMethod: jdk.internal.classfile.impl.AbstractPoolEntry$AbstractRefEntry.writeTo (0x000074b19355f608) [0x000074b19355f700, 0x000074b19355fe58] Compiler: c1, Barriers: 1, Oops: 0, ImmediateOops: 0, NonImmediateOops: No
[2,282s][debug][gc,nmethod  ] Register NMethod: java.lang.invoke.MethodHandle.invokeBasic (0x000074b1b2c16588) [0x000074b1b2c16680, 0x000074b1b2c16918] Compiler: , Barriers: 0, Oops: 0, ImmediateOops: 0, NonImmediateOops: No
[2,282s][debug][gc,nmethod  ] Register NMethod: jdk.internal.classfile.impl.RawBytecodeHelper.getIndexU2 (0x000074b19355fe88) [0x000074b19355ff80, 0x000074b193560278] Compiler: c1, Barriers: 0, Oops: 0, ImmediateOops: 0, NonImmediateOops: No
[2,282s][debug][gc,nmethod  ] Register NMethod: jdk.internal.classfile.impl.StackMapGenerator$Frame.checkLocal (0x000074b193560288) [0x000074b193560380, 0x000074b193560fd8] Compiler: c1, Barriers: 11, Oops: 1, ImmediateOops: 2, NonImmediateOops: No
[2,282s][debug][gc,nmethod  ] Register NMethod: java.lang.invoke.LambdaForm$Name.withIndex (0x000074b193561008) [0x000074b193561100, 0x000074b1935613e8] Compiler: c1, Barriers: 4, Oops: 0, ImmediateOops: 0, NonImmediateOops: No
[2,283s][debug][gc,nmethod  ] Register NMethod: jdk.internal.classfile.impl.BufWriterImpl.writeIndex (0x000074b193561408) [0x000074b193561500, 0x000074b193563928] Compiler: c1, Barriers: 1, Oops: 1, ImmediateOops: 3, NonImmediateOops: No
[2,283s][debug][gc,nmethod  ] Register NMethod: java.lang.reflect.Modifier.isStatic (0x000074b193563988) [0x000074b193563a80, 0x000074b193563bb0] Compiler: c1, Barriers: 0, Oops: 0, ImmediateOops: 0, NonImmediateOops: No
[2,283s][debug][gc,nmethod  ] Register NMethod: jdk.internal.classfile.impl.AbstractAttributeMapper.allowMultiple (0x000074b1b2c16988) [0x000074b1b2c16a80, 0x000074b1b2c16b40] Compiler: c1, Barriers: 0, Oops: 0, ImmediateOops: 0, NonImmediateOops: No
[2,283s][debug][gc,nmethod  ] Register NMethod: jdk.internal.constant.MethodTypeDescImpl.returnType (0x000074b1b2c16c88) [0x000074b1b2c16d80, 0x000074b1b2c16e68] Compiler: c1, Barriers: 1, Oops: 0, ImmediateOops: 0, NonImmediateOops: No
[2,284s][debug][gc,nmethod  ] Register NMethod: jdk.internal.classfile.impl.RawBytecodeHelper.opcode (0x000074b1b2c16f88) [0x000074b1b2c17080, 0x000074b1b2c17108] Compiler: jvmci, Barriers: 0, Oops: 0, ImmediateOops: 0, NonImmediateOops: No
[2,284s][debug][gc,nmethod  ] Register NMethod: sun.invoke.util.VerifyAccess.isClassAccessible (0x000074b193563c88) [0x000074b193563d80, 0x000074b193565d00] Compiler: c1, Barriers: 4, Oops: 0, ImmediateOops: 3, NonImmediateOops: No
[2,284s][debug][gc,nmethod  ] Register NMethod: java.lang.reflect.Method.getName (0x000074b1b2c17288) [0x000074b1b2c17380, 0x000074b1b2c17468] Compiler: c1, Barriers: 1, Oops: 0, ImmediateOops: 0, NonImmediateOops: No
[2,284s][debug][gc,nmethod  ] Register NMethod: jdk.internal.classfile.impl.StackMapGenerator$Frame.decStack (0x000074b193565d08) [0x000074b193565e00, 0x000074b193566060] Compiler: c1, Barriers: 2, Oops: 1, ImmediateOops: 1, NonImmediateOops: No
[2,285s][debug][gc,nmethod  ] Register NMethod: java.lang.Number.<init> (0x000074b193566088) [0x000074b193566180, 0x000074b1935662d8] Compiler: c1, Barriers: 0, Oops: 0, ImmediateOops: 0, NonImmediateOops: No
[2,285s][debug][gc,nmethod  ] Register NMethod: java.lang.Long.<init> (0x000074b193566388) [0x000074b193566480, 0x000074b193566640] Compiler: c1, Barriers: 0, Oops: 0, ImmediateOops: 0, NonImmediateOops: No
[2,286s][debug][gc,nmethod  ] Register NMethod: java.lang.invoke.MethodHandle.linkToStatic (0x000074b1b2c17588) [0x000074b1b2c17680, 0x000074b1b2c17770] Compiler: , Barriers: 0, Oops: 0, ImmediateOops: 0, NonImmediateOops: No
[2,286s][debug][gc,director ] Rule Major: Warmup 10%, Used: 50MB, UsedThreshold: 1228MB
[2,286s][debug][gc,nmethod  ] Register NMethod: java.lang.invoke.MethodTypeForm.canonicalize (0x000074b193566688) [0x000074b193566780, 0x000074b193566e30] Compiler: c1, Barriers: 2, Oops: 0, ImmediateOops: 0, NonImmediateOops: No
[2,286s][debug][gc,nmethod  ] Register NMethod: java.lang.ref.SoftReference.get (0x000074b193566e88) [0x000074b193566f80, 0x000074b193567140] Compiler: c1, Barriers: 2, Oops: 0, ImmediateOops: 1, NonImmediateOops: No
[2,287s][debug][gc,nmethod  ] Register NMethod: jdk.internal.util.ReferencedKeyMap.existingKey (0x000074b193567188) [0x000074b193567280, 0x000074b193568f90] Compiler: c1, Barriers: 11, Oops: 1, ImmediateOops: 0, NonImmediateOops: No
[2,287s][debug][gc,nmethod  ] Register NMethod: jdk.internal.util.ReferencedKeyMap.internKey (0x000074b193569008) [0x000074b193569100, 0x000074b19356a8a8] Compiler: c1, Barriers: 5, Oops: 0, ImmediateOops: 0, NonImmediateOops: No
[2,289s][debug][gc,nmethod  ] Register NMethod: jdk.internal.classfile.impl.Util.powerOctal (0x000074b19356a908) [0x000074b19356aa00, 0x000074b19356abc0] Compiler: c1, Barriers: 0, Oops: 1, ImmediateOops: 1, NonImmediateOops: No
[2,290s][debug][gc,nmethod  ] Register NMethod: jdk.internal.misc.Unsafe.convEndian (0x000074b19356ac08) [0x000074b19356ad00, 0x000074b19356aea0] Compiler: c1, Barriers: 0, Oops: 0, ImmediateOops: 0, NonImmediateOops: No
[2,290s][debug][gc,nmethod  ] Register NMethod: jdk.internal.misc.Unsafe.getCharUnaligned (0x000074b19356af08) [0x000074b19356b000, 0x000074b19356b390] Compiler: c1, Barriers: 0, Oops: 0, ImmediateOops: 0, NonImmediateOops: No
[2,290s][debug][gc,nmethod  ] Register NMethod: java.lang.Character.reverseBytes (0x000074b19356b408) [0x000074b19356b500, 0x000074b19356b5f8] Compiler: c1, Barriers: 0, Oops: 0, ImmediateOops: 0, NonImmediateOops: No
[2,290s][debug][gc,nmethod  ] Register NMethod: java.lang.CharacterDataLatin1.toLowerCase (0x000074b19356b708) [0x000074b19356b800, 0x000074b19356ba40] Compiler: c1, Barriers: 0, Oops: 0, ImmediateOops: 0, NonImmediateOops: No
[2,292s][debug][gc,nmethod  ] Register NMethod: java.lang.String.getBytes (0x000074b1b2c17888) [0x000074b1b2c17980, 0x000074b1b2c17cc0] Compiler: jvmci, Barriers: 1, Oops: 0, ImmediateOops: 0, NonImmediateOops: No
[2,294s][debug][gc,nmethod  ] Register NMethod: java.lang.Enum.name (0x000074b1b2c17d08) [0x000074b1b2c17e00, 0x000074b1b2c17ee8] Compiler: c1, Barriers: 1, Oops: 0, ImmediateOops: 0, NonImmediateOops: No
[2,294s][debug][gc,nmethod  ] Register NMethod: java.lang.CharacterDataLatin1.toUpperCaseEx (0x000074b19356ba88) [0x000074b19356bb80, 0x000074b19356bfb0] Compiler: c1, Barriers: 0, Oops: 0, ImmediateOops: 1, NonImmediateOops: No
[2,295s][debug][gc,nmethod  ] Register NMethod: java.util.concurrent.ConcurrentHashMap.put (0x000074b19356c008) [0x000074b19356c100, 0x000074b19356c400] Compiler: c1, Barriers: 0, Oops: 0, ImmediateOops: 0, NonImmediateOops: No
[2,295s][debug][gc,nmethod  ] Register NMethod: sun.util.locale.BaseLocale.getLanguage (0x000074b1b2c18008) [0x000074b1b2c18100, 0x000074b1b2c181e8] Compiler: c1, Barriers: 1, Oops: 0, ImmediateOops: 0, NonImmediateOops: No
[2,295s][debug][gc,nmethod  ] Register NMethod: java.util.concurrent.ConcurrentHashMap$Node.<init> (0x000074b19356c408) [0x000074b19356c500, 0x000074b19356c828] Compiler: c1, Barriers: 9, Oops: 0, ImmediateOops: 0, NonImmediateOops: No
[2,296s][debug][gc,nmethod  ] Register NMethod: java.util.Objects.nonNull (0x000074b19356c888) [0x000074b19356c980, 0x000074b19356cab0] Compiler: c1, Barriers: 0, Oops: 0, ImmediateOops: 0, NonImmediateOops: No
[2,296s][debug][gc,nmethod  ] Register NMethod: java.lang.StringLatin1.toUpperCase (0x000074b19356cb88) [0x000074b19356cc80, 0x000074b19356dd48] Compiler: c1, Barriers: 5, Oops: 0, ImmediateOops: 4, NonImmediateOops: No
[2,296s][debug][gc,nmethod  ] Register NMethod: java.lang.String.toUpperCase (0x000074b19356dd88) [0x000074b19356de80, 0x000074b19356e330] Compiler: c1, Barriers: 2, Oops: 0, ImmediateOops: 0, NonImmediateOops: No
[2,296s][debug][gc,nmethod  ] Register NMethod: java.lang.StringLatin1.canEncode (0x000074b1b2c18308) [0x000074b1b2c18400, 0x000074b1b2c184a0] Compiler: jvmci, Barriers: 0, Oops: 0, ImmediateOops: 0, NonImmediateOops: No
[2,296s][debug][gc,nmethod  ] Register NMethod: java.util.Locale.getLanguage (0x000074b19356e388) [0x000074b19356e480, 0x000074b19356e7c0] Compiler: c1, Barriers: 2, Oops: 0, ImmediateOops: 0, NonImmediateOops: No
[2,296s][debug][gc,director ] Rule Major: Warmup 10%, Used: 50MB, UsedThreshold: 1228MB
[2,297s][debug][gc,nmethod  ] Register NMethod: java.util.ArrayList$Itr.hasNext (0x000074b19356e808) [0x000074b19356e900, 0x000074b19356ea90] Compiler: c1, Barriers: 1, Oops: 0, ImmediateOops: 0, NonImmediateOops: No
[2,297s][debug][gc,nmethod  ] Register NMethod: java.util.Properties.put (0x000074b19356eb08) [0x000074b19356ec00, 0x000074b19356f0f0] Compiler: c1, Barriers: 1, Oops: 0, ImmediateOops: 0, NonImmediateOops: No
[2,298s][debug][gc,nmethod  ] Register NMethod: java.util.ArrayList$Itr.checkForComodification (0x000074b19356f108) [0x000074b19356f200, 0x000074b19356f3e8] Compiler: c1, Barriers: 1, Oops: 0, ImmediateOops: 0, NonImmediateOops: No
[2,298s][debug][gc,nmethod  ] Register NMethod: java.util.ArrayList$Itr.next (0x000074b19356f408) [0x000074b19356f500, 0x000074b19356faf0] Compiler: c1, Barriers: 3, Oops: 0, ImmediateOops: 0, NonImmediateOops: No
[2,298s][debug][gc,nmethod  ] Register NMethod: sun.security.util.KnownOIDs.register (0x000074b19356fb08) [0x000074b19356fc00, 0x000074b193575120] Compiler: c1, Barriers: 11, Oops: 6, ImmediateOops: 19, NonImmediateOops: No
[2,298s][debug][gc,nmethod  ] Register NMethod: java.security.Provider$Service.getType (0x000074b1b2c18608) [0x000074b1b2c18700, 0x000074b1b2c187e8] Compiler: c1, Barriers: 1, Oops: 0, ImmediateOops: 0, NonImmediateOops: No
[2,298s][debug][gc,nmethod  ] Register NMethod: java.security.Provider$Service.getAlgorithm (0x000074b1b2c18908) [0x000074b1b2c18a00, 0x000074b1b2c18ae8] Compiler: c1, Barriers: 1, Oops: 0, ImmediateOops: 0, NonImmediateOops: No
[2,298s][debug][gc,nmethod  ] Register NMethod: java.security.Provider$Service.getAliases (0x000074b1b2c18c08) [0x000074b1b2c18d00, 0x000074b1b2c18de8] Compiler: c1, Barriers: 1, Oops: 0, ImmediateOops: 0, NonImmediateOops: No
[2,299s][debug][gc,nmethod  ] Register NMethod: java.lang.Integer.rotateLeft (0x000074b193575188) [0x000074b193575280, 0x000074b193575370] Compiler: c1, Barriers: 0, Oops: 0, ImmediateOops: 0, NonImmediateOops: No
[2,299s][debug][gc,nmethod  ] Register NMethod: java.lang.invoke.MemberName.getMethodOrFieldType (0x000074b193575488) [0x000074b193575580, 0x000074b193577a18] Compiler: c1, Barriers: 0, Oops: 2, ImmediateOops: 5, NonImmediateOops: No
[2,299s][debug][gc,nmethod  ] Register NMethod: java.lang.invoke.VarHandle.checkAccessModeThenIsDirect (0x000074b193577a88) [0x000074b193577b80, 0x000074b193578d28] Compiler: c1, Barriers: 10, Oops: 0, ImmediateOops: 1, NonImmediateOops: No
[2,299s][debug][gc,nmethod  ] Register NMethod: java.lang.invoke.VarForm.getMemberName (0x000074b193578d88) [0x000074b193578e80, 0x000074b193579600] Compiler: c1, Barriers: 4, Oops: 0, ImmediateOops: 1, NonImmediateOops: No
[2,299s][debug][gc,nmethod  ] Register NMethod: java.lang.invoke.VarHandleByteArrayAsInts$ArrayHandle.index (0x000074b193579608) [0x000074b193579700, 0x000074b193579838] Compiler: c1, Barriers: 0, Oops: 1, ImmediateOops: 1, NonImmediateOops: No
[2,299s][debug][gc,nmethod  ] Register NMethod: java.lang.Integer.rotateLeft (0x000074b1b2c18f08) [0x000074b1b2c19000, 0x000074b1b2c19070] Compiler: jvmci, Barriers: 0, Oops: 0, ImmediateOops: 0, NonImmediateOops: No
[2,300s][debug][gc,nmethod  ] Register NMethod: java.lang.invoke.MethodHandle.invokeBasic (0x000074b1b2c19208) [0x000074b1b2c19300, 0x000074b1b2c19598] Compiler: , Barriers: 0, Oops: 0, ImmediateOops: 0, NonImmediateOops: No
[2,300s][debug][gc,nmethod  ] Register NMethod: java.lang.invoke.VarHandleByteArrayAsInts$ArrayHandle.get (0x000074b193579908) [0x000074b193579a00, 0x000074b19357a1b0] Compiler: c1, Barriers: 0, Oops: 2, ImmediateOops: 2, NonImmediateOops: No
[2,300s][debug][gc,nmethod  ] Register NMethod: java.lang.invoke.VarHandle.accessModeType (0x000074b19357a208) [0x000074b19357a300, 0x000074b19357b1a8] Compiler: c1, Barriers: 9, Oops: 0, ImmediateOops: 1, NonImmediateOops: No
[2,300s][debug][gc,nmethod  ] Register NMethod: java.lang.Math.min (0x000074b19357b208) [0x000074b19357b300, 0x000074b19357b428] Compiler: c1, Barriers: 0, Oops: 0, ImmediateOops: 0, NonImmediateOops: No
[2,301s][debug][gc,nmethod  ] Register NMethod: java.lang.invoke.VarHandleGuards.guard_LI_I (0x000074b19357b508) [0x000074b19357b600, 0x000074b19357e4d8] Compiler: c1, Barriers: 28, Oops: 0, ImmediateOops: 2, NonImmediateOops: No
[2,301s][debug][gc,nmethod  ] Register NMethod: java.lang.Throwable.fillInStackTrace (0x000074b19357e508) [0x000074b19357e600, 0x000074b19357e9d8] Compiler: c1, Barriers: 5, Oops: 0, ImmediateOops: 1, NonImmediateOops: No
[2,301s][debug][gc,nmethod  ] Register NMethod: java.util.jar.JarFile.isMultiRelease (0x000074b19357ea08) [0x000074b19357eb00, 0x000074b19357ecf8] Compiler: c1, Barriers: 0, Oops: 0, ImmediateOops: 0, NonImmediateOops: No
[2,302s][debug][gc,nmethod  ] Register NMethod: jdk.internal.perf.PerfCounter.increment (0x000074b19357ed08) [0x000074b19357ee00, 0x000074b19357ef48] Compiler: c1, Barriers: 0, Oops: 0, ImmediateOops: 0, NonImmediateOops: No
[2,303s][debug][gc,nmethod  ] Register NMethod: java.io.ObjectStreamField.getName (0x000074b1b2c19608) [0x000074b1b2c19700, 0x000074b1b2c197e8] Compiler: c1, Barriers: 1, Oops: 0, ImmediateOops: 0, NonImmediateOops: No
[2,303s][debug][gc,nmethod  ] Register NMethod: java.util.WeakHashMap.getTable (0x000074b19357f008) [0x000074b19357f100, 0x000074b19357f278] Compiler: c1, Barriers: 1, Oops: 0, ImmediateOops: 0, NonImmediateOops: No
[2,304s][debug][gc,nmethod  ] Register NMethod: java.lang.invoke.MethodHandle.invokeBasic (0x000074b1b2c19908) [0x000074b1b2c19a00, 0x000074b1b2c19c98] Compiler: , Barriers: 0, Oops: 0, ImmediateOops: 0, NonImmediateOops: No
[2,304s][debug][gc,nmethod  ] Register NMethod: java.lang.invoke.MethodHandle.linkToSpecial (0x000074b1b2c19d08) [0x000074b1b2c19e00, 0x000074b1b2c19ef8] Compiler: , Barriers: 0, Oops: 0, ImmediateOops: 0, NonImmediateOops: No
[2,305s][debug][gc,nmethod  ] Register NMethod: sun.invoke.util.Wrapper.basicTypeChar (0x000074b19357f308) [0x000074b19357f400, 0x000074b19357f930] Compiler: c1, Barriers: 0, Oops: 0, ImmediateOops: 0, NonImmediateOops: No
[2,305s][debug][gc,nmethod  ] Register NMethod: java.lang.invoke.LambdaForm$BasicType.basicType (0x000074b19357f988) [0x000074b19357fa80, 0x000074b193580018] Compiler: c1, Barriers: 0, Oops: 0, ImmediateOops: 0, NonImmediateOops: No
[2,305s][debug][gc,nmethod  ] Register NMethod: java.lang.invoke.MemberName.flagsMods (0x000074b193580088) [0x000074b193580180, 0x000074b193580280] Compiler: c1, Barriers: 0, Oops: 0, ImmediateOops: 0, NonImmediateOops: No
[2,305s][debug][gc,nmethod  ] Register NMethod: java.lang.invoke.MemberName.init (0x000074b193580388) [0x000074b193580480, 0x000074b1935806f8] Compiler: c1, Barriers: 9, Oops: 0, ImmediateOops: 0, NonImmediateOops: No
[2,305s][debug][gc,nmethod  ] Register NMethod: java.lang.invoke.LambdaForm$BasicType.basicType (0x000074b193580708) [0x000074b193580800, 0x000074b193581b08] Compiler: c1, Barriers: 0, Oops: 2, ImmediateOops: 10, NonImmediateOops: No
[2,306s][debug][gc,nmethod  ] Register NMethod: java.lang.invoke.MethodHandle.invokeBasic (0x000074b1b2c1a008) [0x000074b1b2c1a100, 0x000074b1b2c1a398] Compiler: , Barriers: 0, Oops: 0, ImmediateOops: 0, NonImmediateOops: No
[2,306s][debug][gc,nmethod  ] Register NMethod: java.lang.invoke.MemberName.isStatic (0x000074b193581b88) [0x000074b193581c80, 0x000074b193581e30] Compiler: c1, Barriers: 0, Oops: 0, ImmediateOops: 0, NonImmediateOops: No
[2,306s][debug][gc,director ] Rule Major: Warmup 10%, Used: 50MB, UsedThreshold: 1228MB
[2,307s][debug][gc,nmethod  ] Register NMethod: java.util.Arrays.equals (0x000074b193581e88) [0x000074b193581f80, 0x000074b193582650] Compiler: c1, Barriers: 2, Oops: 0, ImmediateOops: 0, NonImmediateOops: No
[2,307s][debug][gc,nmethod  ] Register NMethod: java.lang.invoke.MethodType.genericMethodType (0x000074b193582688) [0x000074b193582780, 0x000074b193583dd0] Compiler: c1, Barriers: 7, Oops: 1, ImmediateOops: 7, NonImmediateOops: No
[2,307s][debug][gc,nmethod  ] Register NMethod: jdk.internal.classfile.impl.AbstractPoolEntry$MethodRefEntryImpl.tag (0x000074b1b2c1a408) [0x000074b1b2c1a500, 0x000074b1b2c1a5c0] Compiler: c1, Barriers: 0, Oops: 0, ImmediateOops: 0, NonImmediateOops: No
[2,307s][debug][gc,nmethod  ] Register NMethod: java.lang.invoke.MethodHandle.linkToStatic (0x000074b1b2c1a708) [0x000074b1b2c1a800, 0x000074b1b2c1a8f0] Compiler: , Barriers: 0, Oops: 0, ImmediateOops: 0, NonImmediateOops: No
[2,307s][debug][gc,nmethod  ] Register NMethod: sun.invoke.util.Wrapper.forPrimitiveType (0x000074b193583e08) [0x000074b193583f00, 0x000074b193585290] Compiler: c1, Barriers: 0, Oops: 1, ImmediateOops: 21, NonImmediateOops: No
[2,307s][debug][gc,nmethod  ] Register NMethod: java.lang.invoke.MethodHandle.invokeBasic (0x000074b1b2c1aa08) [0x000074b1b2c1ab00, 0x000074b1b2c1ad98] Compiler: , Barriers: 0, Oops: 0, ImmediateOops: 0, NonImmediateOops: No
[2,308s][debug][gc,nmethod  ] Register NMethod: java.lang.StringCoding.countNonZeroAsciiLatin1 (0x000074b1b2c1ae08) [0x000074b1b2c1af20, 0x000074b1b2c1b2a8] Compiler: jvmci, Barriers: 0, Oops: 0, ImmediateOops: 0, NonImmediateOops: No
[2,308s][debug][gc,nmethod  ] Register NMethod: jdk.internal.classfile.impl.AbstractPoolEntry$AbstractMemberRefEntry.nameAndType (0x000074b193585308) [0x000074b193585400, 0x000074b193585950] Compiler: c1, Barriers: 1, Oops: 0, ImmediateOops: 0, NonImmediateOops: No
[2,308s][debug][gc,nmethod  ] Register NMethod: jdk.internal.classfile.impl.AbstractPoolEntry$AbstractMemberRefEntry.nameAndType (0x000074b193585988) [0x000074b193585a80, 0x000074b193585db8] Compiler: c1, Barriers: 1, Oops: 0, ImmediateOops: 0, NonImmediateOops: No
[2,308s][debug][gc,nmethod  ] Register NMethod: jdk.internal.classfile.impl.LabelImpl.setBCI (0x000074b1b2c1b308) [0x000074b1b2c1b400, 0x000074b1b2c1b4c0] Compiler: c1, Barriers: 0, Oops: 0, ImmediateOops: 0, NonImmediateOops: No
[2,308s][debug][gc,nmethod  ] Register NMethod: jdk.internal.classfile.impl.AttributeHolder.withAttribute (0x000074b193585e08) [0x000074b193585f00, 0x000074b193587168] Compiler: c1, Barriers: 9, Oops: 0, ImmediateOops: 0, NonImmediateOops: No
[2,309s][debug][gc,nmethod  ] Register NMethod: jdk.internal.classfile.impl.AbstractPoolEntry$NameAndTypeEntryImpl.type (0x000074b193587188) [0x000074b193587280, 0x000074b1935875d0] Compiler: c1, Barriers: 1, Oops: 0, ImmediateOops: 0, NonImmediateOops: No
[2,309s][debug][gc,nmethod  ] Register NMethod: java.lang.AbstractStringBuilder.needsNewBuffer (0x000074b1b2c1b608) [0x000074b1b2c1b700, 0x000074b1b2c1b7e8] Compiler: jvmci, Barriers: 0, Oops: 0, ImmediateOops: 0, NonImmediateOops: No
[2,310s][debug][gc,nmethod  ] Register NMethod: java.lang.invoke.LambdaForm.forceInterpretation (0x000074b193587608) [0x000074b193587700, 0x000074b193587850] Compiler: c1, Barriers: 0, Oops: 0, ImmediateOops: 0, NonImmediateOops: No
[2,311s][debug][gc,nmethod  ] Register NMethod: java.lang.Class.getSuperclass (0x000074b1b2c1b908) [0x000074b1b2c1ba00, 0x000074b1b2c1bd20] Compiler: , Barriers: 0, Oops: 0, ImmediateOops: 0, NonImmediateOops: No
[2,311s][debug][gc,nmethod  ] Register NMethod: jdk.internal.constant.MethodTypeDescImpl.descriptorString (0x000074b193587908) [0x000074b193587a00, 0x000074b193587bc0] Compiler: c1, Barriers: 1, Oops: 0, ImmediateOops: 0, NonImmediateOops: No
[2,311s][debug][gc,nmethod  ] Register NMethod: jdk.internal.classfile.impl.SplitConstantPool.utf8Entry (0x000074b193587c08) [0x000074b193587d00, 0x000074b193588220] Compiler: c1, Barriers: 5, Oops: 0, ImmediateOops: 0, NonImmediateOops: No
[2,311s][debug][gc,nmethod  ] Register NMethod: jdk.internal.classfile.impl.DirectMethodBuilder.methodTypeSymbol (0x000074b193588288) [0x000074b193588380, 0x000074b193588ae8] Compiler: c1, Barriers: 1, Oops: 0, ImmediateOops: 0, NonImmediateOops: No
[2,312s][debug][gc,nmethod  ] Register NMethod: java.lang.invoke.MemberName$Factory.resolve (0x000074b193588b08) [0x000074b193588c00, 0x000074b193589b68] Compiler: c1, Barriers: 7, Oops: 0, ImmediateOops: 0, NonImmediateOops: No
[2,312s][debug][gc,nmethod  ] Register NMethod: java.lang.invoke.LambdaForm.argument (0x000074b193589b88) [0x000074b193589c80, 0x000074b19358a0f0] Compiler: c1, Barriers: 2, Oops: 0, ImmediateOops: 1, NonImmediateOops: No
[2,312s][debug][gc,nmethod  ] Register NMethod: java.lang.invoke.LambdaForm$Name.index (0x000074b1b2c1bd88) [0x000074b1b2c1be80, 0x000074b1b2c1bf40] Compiler: c1, Barriers: 0, Oops: 0, ImmediateOops: 0, NonImmediateOops: No
[2,312s][debug][gc,nmethod  ] Register NMethod: java.lang.invoke.MemberName.getName (0x000074b19358a108) [0x000074b19358a200, 0x000074b19358a7e8] Compiler: c1, Barriers: 5, Oops: 0, ImmediateOops: 0, NonImmediateOops: No
[2,312s][debug][gc,nmethod  ] Register NMethod: jdk.internal.classfile.impl.DirectCodeBuilder.curPc (0x000074b19358a808) [0x000074b19358a900, 0x000074b19358ac10] Compiler: c1, Barriers: 1, Oops: 0, ImmediateOops: 0, NonImmediateOops: No
[2,313s][debug][gc,nmethod  ] Register NMethod: jdk.internal.classfile.impl.LabelImpl.<init> (0x000074b19358ac88) [0x000074b19358ad80, 0x000074b19358afb8] Compiler: c1, Barriers: 3, Oops: 0, ImmediateOops: 0, NonImmediateOops: No
[2,313s][debug][gc,nmethod  ] Register NMethod: jdk.internal.classfile.impl.BufWriterImpl.thisClass (0x000074b1b2c1c088) [0x000074b1b2c1c180, 0x000074b1b2c1c268] Compiler: c1, Barriers: 1, Oops: 0, ImmediateOops: 0, NonImmediateOops: No
[2,313s][debug][gc,nmethod  ] Register NMethod: jdk.internal.classfile.impl.DirectMethodBuilder.methodName (0x000074b1b2c1c388) [0x000074b1b2c1c480, 0x000074b1b2c1c568] Compiler: c1, Barriers: 1, Oops: 0, ImmediateOops: 0, NonImmediateOops: No
[2,313s][debug][gc,nmethod  ] Register NMethod: java.lang.invoke.LambdaForm$BasicType.basicTypeKind (0x000074b1b2c1c688) [0x000074b1b2c1c780, 0x000074b1b2c1c868] Compiler: c1, Barriers: 1, Oops: 0, ImmediateOops: 0, NonImmediateOops: No
[2,313s][debug][gc,nmethod  ] Register NMethod: jdk.internal.classfile.impl.AbstractPoolEntry$ClassEntryImpl.asSymbol (0x000074b19358b008) [0x000074b19358b100, 0x000074b19358f690] Compiler: c1, Barriers: 16, Oops: 2, ImmediateOops: 11, NonImmediateOops: No
[2,314s][debug][gc,nmethod  ] Register NMethod: java.lang.System$1.findBootstrapClassOrNull (0x000074b19358f708) [0x000074b19358f800, 0x000074b19358fa08] Compiler: c1, Barriers: 0, Oops: 0, ImmediateOops: 0, NonImmediateOops: No
[2,314s][debug][gc,nmethod  ] Register NMethod: java.lang.ClassLoader.findBootstrapClassOrNull (0x000074b19358fa88) [0x000074b19358fb80, 0x000074b19358fd20] Compiler: c1, Barriers: 0, Oops: 0, ImmediateOops: 0, NonImmediateOops: No
[2,314s][debug][gc,nmethod  ] Register NMethod: java.lang.reflect.Field.getName (0x000074b1b2c1c988) [0x000074b1b2c1ca80, 0x000074b1b2c1cb68] Compiler: c1, Barriers: 1, Oops: 0, ImmediateOops: 0, NonImmediateOops: No
[2,314s][debug][gc,nmethod  ] Register NMethod: java.io.ObjectStreamField.getSignature (0x000074b19358fd88) [0x000074b19358fe80, 0x000074b193590518] Compiler: c1, Barriers: 6, Oops: 0, ImmediateOops: 0, NonImmediateOops: No
[2,316s][debug][gc,nmethod  ] Register NMethod: java.lang.invoke.LambdaForm.uncustomize (0x000074b193590588) [0x000074b193590680, 0x000074b193590af8] Compiler: c1, Barriers: 2, Oops: 0, ImmediateOops: 0, NonImmediateOops: No
[2,316s][debug][gc,nmethod  ] Register NMethod: java.util.ArrayList.<init> (0x000074b193590b08) [0x000074b193590c00, 0x000074b193590ea0] Compiler: c1, Barriers: 3, Oops: 0, ImmediateOops: 1, NonImmediateOops: No
[2,316s][debug][gc,director ] Rule Major: Warmup 10%, Used: 50MB, UsedThreshold: 1228MB
[2,317s][debug][gc,nmethod  ] Register NMethod: jdk.internal.loader.BuiltinClassLoader.loadClass (0x000074b193590f08) [0x000074b193591000, 0x000074b1935913d8] Compiler: c1, Barriers: 0, Oops: 0, ImmediateOops: 0, NonImmediateOops: No
[2,317s][debug][gc,nmethod  ] Register NMethod: jdk.internal.loader.ClassLoaders$BootClassLoader.loadClassOrNull (0x000074b193591408) [0x000074b193591500, 0x000074b193591780] Compiler: c1, Barriers: 0, Oops: 0, ImmediateOops: 1, NonImmediateOops: No
[2,318s][debug][gc,nmethod  ] Register NMethod: worker.org.gradle.internal.classloader.FilteringClassLoader$TrieSet.find (0x000074b193591788) [0x000074b193591880, 0x000074b193591a08] Compiler: c1, Barriers: 1, Oops: 1, ImmediateOops: 0, NonImmediateOops: No
[2,318s][debug][gc,nmethod  ] Register NMethod: java.lang.ReflectiveOperationException.<init> (0x000074b193591a88) [0x000074b193591b80, 0x000074b193591d10] Compiler: c1, Barriers: 0, Oops: 0, ImmediateOops: 0, NonImmediateOops: No
[2,318s][debug][gc,nmethod  ] Register NMethod: worker.org.gradle.internal.classloader.FilteringClassLoader$Trie.find (0x000074b193591d88) [0x000074b193591e80, 0x000074b193592b40] Compiler: c1, Barriers: 2, Oops: 1, ImmediateOops: 0, NonImmediateOops: No
[2,318s][debug][gc,nmethod  ] Register NMethod: java.lang.Exception.<init> (0x000074b193592b88) [0x000074b193592c80, 0x000074b193592db0] Compiler: c1, Barriers: 0, Oops: 0, ImmediateOops: 0, NonImmediateOops: No
[2,318s][debug][gc,nmethod  ] Register NMethod: java.lang.Throwable.<init> (0x000074b193592e88) [0x000074b193592f80, 0x000074b1935937c0] Compiler: c1, Barriers: 16, Oops: 0, ImmediateOops: 3, NonImmediateOops: No
[2,318s][debug][gc,nmethod  ] Register NMethod: java.util.jar.Manifest.getMainAttributes (0x000074b1b2c1cc88) [0x000074b1b2c1cd80, 0x000074b1b2c1ce68] Compiler: c1, Barriers: 1, Oops: 0, ImmediateOops: 0, NonImmediateOops: No
[2,318s][debug][gc,nmethod  ] Register NMethod: java.util.jar.Manifest.getEntries (0x000074b1b2c1cf88) [0x000074b1b2c1d080, 0x000074b1b2c1d168] Compiler: c1, Barriers: 1, Oops: 0, ImmediateOops: 0, NonImmediateOops: No
[2,319s][debug][gc,nmethod  ] Register NMethod: java.lang.Math.clamp (0x000074b193593808) [0x000074b193593900, 0x000074b1935949c8] Compiler: c1, Barriers: 0, Oops: 1, ImmediateOops: 2, NonImmediateOops: No
[2,319s][debug][gc,nmethod  ] Register NMethod: java.lang.String.indexOf (0x000074b193594a08) [0x000074b193594b00, 0x000074b193595320] Compiler: c1, Barriers: 1, Oops: 0, ImmediateOops: 0, NonImmediateOops: No
[2,320s][debug][gc,nmethod  ] Register NMethod: java.lang.String.indexOf (0x000074b193595388) [0x000074b193595480, 0x000074b193595f38] Compiler: c1, Barriers: 1, Oops: 0, ImmediateOops: 0, NonImmediateOops: No
[2,320s][debug][gc,nmethod  ] Register NMethod: sun.net.www.ParseUtil.encodePath (0x000074b193595f88) [0x000074b193596080, 0x000074b193596268] Compiler: c1, Barriers: 0, Oops: 0, ImmediateOops: 0, NonImmediateOops: No
[2,322s][debug][gc,nmethod  ] Register NMethod: java.lang.StringLatin1.replace (0x000074b1b2c1d288) [0x000074b1b2c1d380, 0x000074b1b2c1d958] Compiler: jvmci, Barriers: 2, Oops: 0, ImmediateOops: 0, NonImmediateOops: No
[2,323s][debug][gc,nmethod  ] Register NMethod: jdk.internal.loader.URLClassPath.getResource (0x000074b193596288) [0x000074b193596380, 0x000074b1935967e8] Compiler: c1, Barriers: 0, Oops: 0, ImmediateOops: 0, NonImmediateOops: No
[2,324s][debug][gc,nmethod  ] Register NMethod: java.util.WeakHashMap.remove (0x000074b193596808) [0x000074b193596900, 0x000074b193597d10] Compiler: c1, Barriers: 12, Oops: 0, ImmediateOops: 1, NonImmediateOops: No
[2,324s][debug][gc,nmethod  ] Register NMethod: java.util.concurrent.ConcurrentHashMap.computeIfAbsent (0x000074b193597d88) [0x000074b193597e80, 0x000074b19359b020] Compiler: c1, Barriers: 24, Oops: 0, ImmediateOops: 2, NonImmediateOops: No
[2,327s][debug][gc,director ] Rule Major: Warmup 10%, Used: 52MB, UsedThreshold: 1228MB
[2,327s][debug][gc,nmethod  ] Register NMethod: java.util.zip.ZipUtils.CENSIZ (0x000074b1b2c1d988) [0x000074b1b2c1da80, 0x000074b1b2c1db58] Compiler: jvmci, Barriers: 0, Oops: 0, ImmediateOops: 0, NonImmediateOops: No
[2,328s][debug][gc,nmethod  ] Register NMethod: sun.net.util.URLUtil.urlNoFragString (0x000074b19359b088) [0x000074b19359b180, 0x000074b19359e268] Compiler: c1, Barriers: 7, Oops: 3, ImmediateOops: 10, NonImmediateOops: No
[2,328s][debug][gc,nmethod  ] Register NMethod: worker.org.gradle.internal.classloader.FilteringClassLoader.loadClass (0x000074b19359e288) [0x000074b19359e380, 0x000074b19359fb98] Compiler: c1, Barriers: 0, Oops: 3, ImmediateOops: 3, NonImmediateOops: No
[2,328s][debug][gc,nmethod  ] Register NMethod: java.lang.StringBuilder.append (0x000074b1b2c1dc88) [0x000074b1b2c1dd80, 0x000074b1b2c1e520] Compiler: jvmci, Barriers: 5, Oops: 0, ImmediateOops: 0, NonImmediateOops: No
[2,329s][debug][gc,nmethod  ] Register NMethod: java.lang.ClassLoader.loadClass (0x000074b19359fc08) [0x000074b19359fd00, 0x000074b1935a1140] Compiler: c1, Barriers: 1, Oops: 2, ImmediateOops: 3, NonImmediateOops: No
[2,329s][debug][gc,nmethod  ] Register NMethod: java.util.zip.ZipUtils.CENHOW (0x000074b1b2c1e588) [0x000074b1b2c1e680, 0x000074b1b2c1e758] Compiler: jvmci, Barriers: 0, Oops: 0, ImmediateOops: 0, NonImmediateOops: No
[2,329s][debug][gc,nmethod  ] Register NMethod: java.util.zip.ZipFile.getZipEntry (0x000074b1935a1188) [0x000074b1935a1280, 0x000074b1935a3118] Compiler: c1, Barriers: 17, Oops: 0, ImmediateOops: 2, NonImmediateOops: No
[2,329s][debug][gc,nmethod  ] Register NMethod: jdk.internal.classfile.impl.DirectCodeBuilder.aload (0x000074b1935a3188) [0x000074b1935a3280, 0x000074b1935a3670] Compiler: c1, Barriers: 1, Oops: 0, ImmediateOops: 0, NonImmediateOops: No
[2,330s][debug][gc,nmethod  ] Register NMethod: java.lang.invoke.MethodHandle.<init> (0x000074b1935a3688) [0x000074b1935a3780, 0x000074b1935a3cf8] Compiler: c1, Barriers: 6, Oops: 0, ImmediateOops: 0, NonImmediateOops: No
[2,331s][debug][gc,nmethod  ] Register NMethod: java.lang.invoke.LambdaForm.prepare (0x000074b1935a3d08) [0x000074b1935a3e00, 0x000074b1935a4ce0] Compiler: c1, Barriers: 6, Oops: 0, ImmediateOops: 0, NonImmediateOops: No
[2,331s][debug][gc,nmethod  ] Register NMethod: java.lang.System.identityHashCode (0x000074b1b2c1e888) [0x000074b1b2c1e980, 0x000074b1b2c1eb10] Compiler: , Barriers: 0, Oops: 0, ImmediateOops: 1, NonImmediateOops: No
[2,331s][debug][gc,nmethod  ] Register NMethod: java.lang.CharacterDataLatin1.getProperties (0x000074b1b2c1eb88) [0x000074b1b2c1ec80, 0x000074b1b2c1ed50] Compiler: jvmci, Barriers: 0, Oops: 0, ImmediateOops: 1, NonImmediateOops: No
[2,332s][debug][gc,nmethod  ] Register NMethod: java.util.ImmutableCollections$AbstractImmutableList.<init> (0x000074b1935a4d08) [0x000074b1935a4e00, 0x000074b1935a5018] Compiler: c1, Barriers: 0, Oops: 0, ImmediateOops: 0, NonImmediateOops: No
[2,332s][debug][gc,nmethod  ] Register NMethod: jdk.internal.classfile.impl.SplitConstantPool.nameAndTypeEntry (0x000074b1935a5088) [0x000074b1935a5180, 0x000074b1935a5478] Compiler: c1, Barriers: 0, Oops: 0, ImmediateOops: 0, NonImmediateOops: No
[2,332s][debug][gc,nmethod  ] Register NMethod: java.util.BitSet.wordIndex (0x000074b1935a5488) [0x000074b1935a5580, 0x000074b1935a5668] Compiler: c1, Barriers: 0, Oops: 0, ImmediateOops: 0, NonImmediateOops: No
[2,332s][debug][gc,nmethod  ] Register NMethod: jdk.internal.classfile.impl.BufWriterImpl.constantPool (0x000074b1b2c1ee88) [0x000074b1b2c1ef80, 0x000074b1b2c1f068] Compiler: c1, Barriers: 1, Oops: 0, ImmediateOops: 0, NonImmediateOops: No
[2,332s][debug][gc,nmethod  ] Register NMethod: java.util.BitSet.checkInvariants (0x000074b1935a5788) [0x000074b1935a5880, 0x000074b1935a59b0] Compiler: c1, Barriers: 0, Oops: 0, ImmediateOops: 0, NonImmediateOops: No
[2,332s][debug][gc,nmethod  ] Register NMethod: java.util.ImmutableCollections$ListN.size (0x000074b1935a5a88) [0x000074b1935a5b80, 0x000074b1935a5cb8] Compiler: c1, Barriers: 1, Oops: 0, ImmediateOops: 0, NonImmediateOops: No
[2,332s][debug][gc,nmethod  ] Register NMethod: jdk.internal.classfile.impl.SplitConstantPool.nameAndTypeEntry (0x000074b1935a5d88) [0x000074b1935a5e80, 0x000074b1935a6b80] Compiler: c1, Barriers: 0, Oops: 0, ImmediateOops: 0, NonImmediateOops: No
[2,332s][debug][gc,nmethod  ] Register NMethod: jdk.internal.misc.Unsafe.getCharUnaligned (0x000074b1935a6b88) [0x000074b1935a6c80, 0x000074b1935a6ea8] Compiler: c1, Barriers: 0, Oops: 0, ImmediateOops: 0, NonImmediateOops: No
[2,332s][debug][gc,nmethod  ] Register NMethod: jdk.internal.classfile.impl.BufWriterImpl.setLabelContext (0x000074b1935a6f08) [0x000074b1935a7000, 0x000074b1935a7178] Compiler: c1, Barriers: 3, Oops: 0, ImmediateOops: 0, NonImmediateOops: No
[2,333s][debug][gc,nmethod  ] Register NMethod: java.util.BitSet.expandTo (0x000074b1935a7208) [0x000074b1935a7300, 0x000074b1935a7488] Compiler: c1, Barriers: 0, Oops: 0, ImmediateOops: 0, NonImmediateOops: No
[2,333s][debug][gc,nmethod  ] Register NMethod: jdk.internal.classfile.impl.BufWriterImpl.writeU2U2U2 (0x000074b1935a7508) [0x000074b1935a7600, 0x000074b1935a7b20] Compiler: c1, Barriers: 2, Oops: 0, ImmediateOops: 0, NonImmediateOops: No
[2,333s][debug][gc,nmethod  ] Register NMethod: jdk.internal.classfile.impl.AbstractAttributeMapper.name (0x000074b1b2c1f188) [0x000074b1b2c1f280, 0x000074b1b2c1f368] Compiler: c1, Barriers: 1, Oops: 0, ImmediateOops: 0, NonImmediateOops: No
[2,333s][debug][gc,nmethod  ] Register NMethod: java.util.BitSet.set (0x000074b1935a7b88) [0x000074b1935a7c80, 0x000074b1935a8bc8] Compiler: c1, Barriers: 1, Oops: 1, ImmediateOops: 2, NonImmediateOops: No
[2,334s][debug][gc,nmethod  ] Register NMethod: java.lang.reflect.Method.getModifiers (0x000074b1b2c1f488) [0x000074b1b2c1f580, 0x000074b1b2c1f640] Compiler: c1, Barriers: 0, Oops: 0, ImmediateOops: 0, NonImmediateOops: No
[2,334s][debug][gc,nmethod  ] Register NMethod: java.lang.Module.isNamed (0x000074b1935a8c08) [0x000074b1935a8d00, 0x000074b1935a8e80] Compiler: c1, Barriers: 1, Oops: 0, ImmediateOops: 0, NonImmediateOops: No
[2,334s][debug][gc,nmethod  ] Register NMethod: java.lang.Class.reflectionData (0x000074b1935a8f08) [0x000074b1935a9000, 0x000074b1935a9658] Compiler: c1, Barriers: 1, Oops: 0, ImmediateOops: 0, NonImmediateOops: No
[2,335s][debug][gc,nmethod  ] Register NMethod: jdk.internal.classfile.impl.BufWriterImpl.<init> (0x000074b1935a9688) [0x000074b1935a9780, 0x000074b1935a9b50] Compiler: c1, Barriers: 12, Oops: 0, ImmediateOops: 0, NonImmediateOops: No
[2,335s][debug][gc,nmethod  ] Register NMethod: jdk.internal.constant.ClassOrInterfaceDescImpl.equals (0x000074b1935a9b88) [0x000074b1935a9c80, 0x000074b1935aa4a8] Compiler: c1, Barriers: 2, Oops: 0, ImmediateOops: 0, NonImmediateOops: No
[2,335s][debug][gc,nmethod  ] Register NMethod: jdk.internal.classfile.impl.DirectCodeBuilder.constantPool (0x000074b1935aa508) [0x000074b1935aa600, 0x000074b1935aa740] Compiler: c1, Barriers: 1, Oops: 0, ImmediateOops: 0, NonImmediateOops: No
[2,335s][debug][gc,nmethod  ] Register NMethod: jdk.internal.classfile.impl.AbstractPoolEntry$ClassEntryImpl.<init> (0x000074b1935aa808) [0x000074b1935aa900, 0x000074b1935aaae8] Compiler: c1, Barriers: 3, Oops: 0, ImmediateOops: 0, NonImmediateOops: No
[2,335s][debug][gc,nmethod  ] Register NMethod: jdk.internal.classfile.impl.StackCounter.addStackSlot (0x000074b1935aab08) [0x000074b1935aac00, 0x000074b1935aad38] Compiler: c1, Barriers: 0, Oops: 0, ImmediateOops: 0, NonImmediateOops: No
[2,335s][debug][gc,nmethod  ] Register NMethod: jdk.internal.classfile.impl.StackMapDecoder$StackMapFrameImpl.stack (0x000074b1b2c1f788) [0x000074b1b2c1f880, 0x000074b1b2c1f968] Compiler: c1, Barriers: 1, Oops: 0, ImmediateOops: 0, NonImmediateOops: No
[2,335s][debug][gc,nmethod  ] Register NMethod: java.lang.reflect.Array.newInstance (0x000074b1935aae08) [0x000074b1935aaf00, 0x000074b1935ab010] Compiler: c1, Barriers: 0, Oops: 0, ImmediateOops: 0, NonImmediateOops: No
[2,336s][debug][gc,nmethod  ] Register NMethod: jdk.internal.classfile.impl.RawBytecodeHelper$CodeRange.start (0x000074b1935ab108) [0x000074b1935ab200, 0x000074b1935ab488] Compiler: c1, Barriers: 3, Oops: 0, ImmediateOops: 0, NonImmediateOops: No
[2,336s][debug][gc,nmethod  ] Register NMethod: jdk.internal.classfile.impl.DirectCodeBuilder.labelToBci (0x000074b1935ab508) [0x000074b1935ab600, 0x000074b1935abd70] Compiler: c1, Barriers: 1, Oops: 0, ImmediateOops: 0, NonImmediateOops: No
[2,336s][debug][gc,nmethod  ] Register NMethod: jdk.internal.classfile.impl.RawBytecodeHelper.<init> (0x000074b1935abd88) [0x000074b1935abe80, 0x000074b1935ac050] Compiler: c1, Barriers: 3, Oops: 0, ImmediateOops: 0, NonImmediateOops: No
[2,336s][debug][gc,nmethod  ] Register NMethod: java.lang.reflect.Method.getSharedParameterTypes (0x000074b1b2c1fa88) [0x000074b1b2c1fb80, 0x000074b1b2c1fc68] Compiler: c1, Barriers: 1, Oops: 0, ImmediateOops: 0, NonImmediateOops: No
[2,337s][debug][gc,nmethod  ] Register NMethod: jdk.internal.classfile.impl.RawBytecodeHelper.endBci (0x000074b1b2c1fd88) [0x000074b1b2c1fe80, 0x000074b1b2c1ff60] Compiler: jvmci, Barriers: 1, Oops: 0, ImmediateOops: 0, NonImmediateOops: No
[2,337s][debug][gc,director ] Rule Major: Warmup 10%, Used: 52MB, UsedThreshold: 1228MB
[2,337s][debug][gc,nmethod  ] Register NMethod: jdk.internal.classfile.impl.BufWriterImpl.writeIndex (0x000074b1935ac088) [0x000074b1935ac180, 0x000074b1935ae918] Compiler: c1, Barriers: 3, Oops: 1, ImmediateOops: 3, NonImmediateOops: No
[2,339s][debug][gc,nmethod  ] Register NMethod: java.lang.invoke.DirectMethodHandle.constructorMethod (0x000074b1935ae988) [0x000074b1935aea80, 0x000074b1935aeda0] Compiler: c1, Barriers: 1, Oops: 0, ImmediateOops: 0, NonImmediateOops: No
[2,339s][debug][gc,nmethod  ] Register NMethod: java.lang.invoke.DirectMethodHandle.allocateInstance (0x000074b1935aee08) [0x000074b1935aef00, 0x000074b1935af420] Compiler: c1, Barriers: 1, Oops: 0, ImmediateOops: 1, NonImmediateOops: No
[2,339s][debug][gc,nmethod  ] Register NMethod: java.lang.Character.isWhitespace (0x000074b1935af488) [0x000074b1935af580, 0x000074b1935af908] Compiler: c1, Barriers: 0, Oops: 0, ImmediateOops: 0, NonImmediateOops: No
[2,339s][debug][gc,nmethod  ] Register NMethod: sun.reflect.generics.parser.SignatureParser.advance (0x000074b1935af988) [0x000074b1935afa80, 0x000074b1935b0098] Compiler: c1, Barriers: 2, Oops: 0, ImmediateOops: 0, NonImmediateOops: No
[2,339s][debug][gc,nmethod  ] Register NMethod: sun.reflect.generics.parser.SignatureParser.current (0x000074b1935b0108) [0x000074b1935b0200, 0x000074b1935b1010] Compiler: c1, Barriers: 2, Oops: 1, ImmediateOops: 2, NonImmediateOops: No
[2,339s][debug][gc,nmethod  ] Register NMethod: java.lang.reflect.Method.getReturnType (0x000074b1b2c20088) [0x000074b1b2c20180, 0x000074b1b2c20268] Compiler: c1, Barriers: 1, Oops: 0, ImmediateOops: 0, NonImmediateOops: No
[2,339s][debug][gc,nmethod  ] Register NMethod: java.lang.Character.isWhitespace (0x000074b1935b1088) [0x000074b1935b1180, 0x000074b1935b14b0] Compiler: c1, Barriers: 0, Oops: 0, ImmediateOops: 0, NonImmediateOops: No
[2,339s][debug][gc,nmethod  ] Register NMethod: java.lang.CharacterDataLatin1.isWhitespace (0x000074b1935b1508) [0x000074b1935b1600, 0x000074b1935b19a0] Compiler: c1, Barriers: 0, Oops: 0, ImmediateOops: 1, NonImmediateOops: No
[2,340s][debug][gc,nmethod  ] Register NMethod: java.lang.Class.getModifiers (0x000074b1b2c20388) [0x000074b1b2c20480, 0x000074b1b2c20540] Compiler: c1, Barriers: 0, Oops: 0, ImmediateOops: 0, NonImmediateOops: No
[2,340s][debug][gc,nmethod  ] Register NMethod: java.lang.ClassLoader.getDefinedPackage (0x000074b1935b1a08) [0x000074b1935b1b00, 0x000074b1935b2458] Compiler: c1, Barriers: 2, Oops: 1, ImmediateOops: 1, NonImmediateOops: No
[2,342s][debug][gc,nmethod  ] Register NMethod: java.util.WeakHashMap.put (0x000074b1935b2488) [0x000074b1935b2580, 0x000074b1935b4068] Compiler: c1, Barriers: 26, Oops: 0, ImmediateOops: 2, NonImmediateOops: No
[2,343s][debug][gc,nmethod  ] Register NMethod: java.lang.invoke.MethodHandle.linkToStatic (0x000074b1b2c20688) [0x000074b1b2c20780, 0x000074b1b2c20870] Compiler: , Barriers: 0, Oops: 0, ImmediateOops: 0, NonImmediateOops: No
[2,343s][debug][gc,nmethod  ] Register NMethod: java.util.ArrayList.iterator (0x000074b1935b4088) [0x000074b1935b4180, 0x000074b1935b4480] Compiler: c1, Barriers: 3, Oops: 0, ImmediateOops: 0, NonImmediateOops: No
[2,343s][debug][gc,nmethod  ] Register NMethod: java.util.ArrayList$Itr.<init> (0x000074b1935b4488) [0x000074b1935b4580, 0x000074b1935b48b0] Compiler: c1, Barriers: 3, Oops: 0, ImmediateOops: 0, NonImmediateOops: No
[2,343s][debug][gc,nmethod  ] Register NMethod: java.lang.invoke.MethodHandle.linkToStatic (0x000074b1b2c20988) [0x000074b1b2c20a80, 0x000074b1b2c20b70] Compiler: , Barriers: 0, Oops: 0, ImmediateOops: 0, NonImmediateOops: No
[2,343s][debug][gc,nmethod  ] Register NMethod: java.lang.invoke.MethodHandle.linkToVirtual (0x000074b1b2c20c88) [0x000074b1b2c20d80, 0x000074b1b2c20da8] Compiler: , Barriers: 0, Oops: 0, ImmediateOops: 0, NonImmediateOops: No
[2,344s][debug][gc,nmethod  ] Register NMethod: java.lang.invoke.MethodHandle.linkToVirtual (0x000074b1b2c20f88) [0x000074b1b2c21080, 0x000074b1b2c210a8] Compiler: , Barriers: 0, Oops: 0, ImmediateOops: 0, NonImmediateOops: No
[2,344s][debug][gc,nmethod  ] Register NMethod: java.util.HashMap.get (0x000074b1b2c21288) [0x000074b1b2c21380, 0x000074b1b2c21b68] Compiler: jvmci, Barriers: 12, Oops: 0, ImmediateOops: 0, NonImmediateOops: No
[2,345s][debug][gc,nmethod  ] Register NMethod: jdk.internal.classfile.impl.AbstractPoolEntry$AbstractMemberRefEntry.<init> (0x000074b1935b4908) [0x000074b1935b4a00, 0x000074b1935b4b30] Compiler: c1, Barriers: 0, Oops: 0, ImmediateOops: 0, NonImmediateOops: No
[2,345s][debug][gc,nmethod  ] Register NMethod: java.lang.invoke.InvokerBytecodeGenerator.classDesc (0x000074b1935b4c08) [0x000074b1935b4d00, 0x000074b1935b6010] Compiler: c1, Barriers: 3, Oops: 1, ImmediateOops: 12, NonImmediateOops: No
[2,346s][debug][gc,nmethod  ] Register NMethod: java.lang.invoke.LambdaForm$NamedFunction.methodType (0x000074b1935b6088) [0x000074b1935b6180, 0x000074b1935b6868] Compiler: c1, Barriers: 7, Oops: 0, ImmediateOops: 0, NonImmediateOops: No
[2,346s][debug][gc,nmethod  ] Register NMethod: jdk.internal.classfile.impl.SplitConstantPool.entryByIndex (0x000074b1935b6888) [0x000074b1935b6980, 0x000074b1935b76d0] Compiler: c1, Barriers: 0, Oops: 0, ImmediateOops: 0, NonImmediateOops: No
[2,346s][debug][gc,nmethod  ] Register NMethod: jdk.internal.classfile.impl.ClassReaderImpl.checkType (0x000074b1935b7708) [0x000074b1935b7800, 0x000074b1935b82e0] Compiler: c1, Barriers: 0, Oops: 0, ImmediateOops: 0, NonImmediateOops: No
[2,346s][debug][gc,nmethod  ] Register NMethod: java.lang.invoke.LambdaForm$BasicType.basicTypeClass (0x000074b1b2c21b88) [0x000074b1b2c21c80, 0x000074b1b2c21d68] Compiler: c1, Barriers: 1, Oops: 0, ImmediateOops: 0, NonImmediateOops: No
[2,347s][debug][gc,nmethod  ] Register NMethod: java.lang.invoke.MethodType.erase (0x000074b1935b8308) [0x000074b1935b8400, 0x000074b1935b8740] Compiler: c1, Barriers: 2, Oops: 0, ImmediateOops: 0, NonImmediateOops: No
[2,347s][debug][gc,director ] Rule Major: Warmup 10%, Used: 52MB, UsedThreshold: 1228MB
[2,347s][debug][gc,nmethod  ] Register NMethod: jdk.internal.classfile.impl.BufWriterImpl.writeU2U2 (0x000074b1935b8788) [0x000074b1935b8880, 0x000074b1935b8d48] Compiler: c1, Barriers: 2, Oops: 0, ImmediateOops: 0, NonImmediateOops: No
[2,347s][debug][gc,nmethod  ] Register NMethod: java.lang.ClassNotFoundException.<init> (0x000074b1935b8d88) [0x000074b1935b8e80, 0x000074b1935b9080] Compiler: c1, Barriers: 0, Oops: 0, ImmediateOops: 0, NonImmediateOops: No
[2,349s][debug][gc,nmethod  ] Register NMethod: java.net.URL.<init> (0x000074b1935b9088) [0x000074b1935b9180, 0x000074b1935b92c0] Compiler: c1, Barriers: 0, Oops: 0, ImmediateOops: 0, NonImmediateOops: No
[2,350s][debug][gc,nmethod  ] Register NMethod: java.net.URL.set (0x000074b1935b9388) [0x000074b1935b9480, 0x000074b1935ba978] Compiler: c1, Barriers: 27, Oops: 1, ImmediateOops: 2, NonImmediateOops: No
[2,351s][debug][gc,nmethod  ] Register NMethod: java.net.URLStreamHandler.setURL (0x000074b1935ba988) [0x000074b1935baa80, 0x000074b1935bc6b8] Compiler: c1, Barriers: 5, Oops: 1, ImmediateOops: 3, NonImmediateOops: No
[2,354s][debug][gc,nmethod  ] Register NMethod: java.net.URL.<init> (0x000074b1935bc708) [0x000074b1935bc800, 0x000074b1935c2f18] Compiler: c1, Barriers: 55, Oops: 4, ImmediateOops: 14, NonImmediateOops: No
[2,355s][debug][gc,nmethod  ] Register NMethod: java.util.Arrays.fill (0x000074b1935c2f88) [0x000074b1935c3080, 0x000074b1935c34a8] Compiler: c1, Barriers: 3, Oops: 0, ImmediateOops: 0, NonImmediateOops: No
[2,355s][debug][gc,nmethod  ] Register NMethod: java.lang.invoke.MethodTypeForm.cachedLambdaForm (0x000074b1935c3508) [0x000074b1935c3600, 0x000074b1935c3bf8] Compiler: c1, Barriers: 2, Oops: 0, ImmediateOops: 0, NonImmediateOops: No
[2,356s][debug][gc,nmethod  ] Register NMethod: java.lang.invoke.InnerClassLambdaMetafactory.classDesc (0x000074b1935c3c08) [0x000074b1935c3d00, 0x000074b1935c4db8] Compiler: c1, Barriers: 3, Oops: 1, ImmediateOops: 2, NonImmediateOops: No
[2,356s][debug][gc,nmethod  ] Register NMethod: jdk.internal.classfile.impl.RawBytecodeHelper$CodeRange.length (0x000074b1b2c21e88) [0x000074b1b2c21f80, 0x000074b1b2c22040] Compiler: c1, Barriers: 0, Oops: 0, ImmediateOops: 0, NonImmediateOops: No
[2,356s][debug][gc,nmethod  ] Register NMethod: jdk.internal.classfile.impl.BufWriterImpl.getMajorVersion (0x000074b1b2c22188) [0x000074b1b2c22280, 0x000074b1b2c22340] Compiler: c1, Barriers: 0, Oops: 0, ImmediateOops: 0, NonImmediateOops: No
[2,356s][debug][gc,nmethod  ] Register NMethod: jdk.internal.classfile.impl.StackMapGenerator.maxStack (0x000074b1b2c22488) [0x000074b1b2c22580, 0x000074b1b2c22640] Compiler: c1, Barriers: 0, Oops: 0, ImmediateOops: 0, NonImmediateOops: No
[2,356s][debug][gc,nmethod  ] Register NMethod: java.lang.invoke.MethodType.basicType (0x000074b1935c4e08) [0x000074b1935c4f00, 0x000074b1935c5240] Compiler: c1, Barriers: 2, Oops: 0, ImmediateOops: 0, NonImmediateOops: No
[2,356s][debug][gc,nmethod  ] Register NMethod: jdk.internal.classfile.impl.StackMapGenerator.maxLocals (0x000074b1b2c22788) [0x000074b1b2c22880, 0x000074b1b2c22940] Compiler: c1, Barriers: 0, Oops: 0, ImmediateOops: 0, NonImmediateOops: No
[2,357s][debug][gc,nmethod  ] Register NMethod: java.lang.invoke.Invokers$Holder.linkToTargetMethod (0x000074b1935c5288) [0x000074b1935c5380, 0x000074b1935c5868] Compiler: c1, Barriers: 0, Oops: 0, ImmediateOops: 0, NonImmediateOops: No
[2,357s][debug][gc,nmethod  ] Register NMethod: java.lang.invoke.LambdaForm$Holder.constant_L (0x000074b1935c5888) [0x000074b1935c5980, 0x000074b1935c5ca0] Compiler: c1, Barriers: 1, Oops: 0, ImmediateOops: 0, NonImmediateOops: No
[2,357s][debug][gc,director ] Rule Major: Warmup 10%, Used: 52MB, UsedThreshold: 1228MB
[2,361s][debug][gc,nmethod  ] Register NMethod: java.lang.invoke.MethodHandle.linkToSpecial (0x000074b1b2c22a88) [0x000074b1b2c22b80, 0x000074b1b2c22c78] Compiler: , Barriers: 0, Oops: 0, ImmediateOops: 0, NonImmediateOops: No
[2,362s][debug][gc,nmethod  ] Register NMethod: java.lang.invoke.MethodType.parameterSlotCount (0x000074b1935c5d08) [0x000074b1935c5e00, 0x000074b1935c6110] Compiler: c1, Barriers: 1, Oops: 0, ImmediateOops: 0, NonImmediateOops: No
[2,362s][debug][gc,nmethod  ] Register NMethod: java.lang.invoke.MethodType.parameterType (0x000074b1b2c22d88) [0x000074b1b2c22e80, 0x000074b1b2c22fc0] Compiler: jvmci, Barriers: 2, Oops: 0, ImmediateOops: 0, NonImmediateOops: No
[2,364s][debug][gc,nmethod  ] Register NMethod: java.lang.Double.longBitsToDouble (0x000074b1b2c23088) [0x000074b1b2c23180, 0x000074b1b2c232e0] Compiler: , Barriers: 0, Oops: 0, ImmediateOops: 1, NonImmediateOops: No
[2,364s][debug][gc,nmethod  ] Register NMethod: jdk.internal.util.ClassFileDumper.isEnabled (0x000074b1b2c23388) [0x000074b1b2c23480, 0x000074b1b2c23540] Compiler: c1, Barriers: 0, Oops: 0, ImmediateOops: 0, NonImmediateOops: No
[2,366s][debug][gc,nmethod  ] Register NMethod: java.util.Properties$LineReader.readLine (0x000074b1935c6188) [0x000074b1935c6280, 0x000074b1935c9788] Compiler: c1, Barriers: 14, Oops: 0, ImmediateOops: 0, NonImmediateOops: No
[2,367s][debug][gc,director ] Rule Major: Warmup 10%, Used: 52MB, UsedThreshold: 1228MB
[2,369s][debug][gc,nmethod  ] Register NMethod: java.lang.invoke.MethodType.parameterCount (0x000074b1b2c23688) [0x000074b1b2c23780, 0x000074b1b2c23860] Compiler: jvmci, Barriers: 1, Oops: 0, ImmediateOops: 0, NonImmediateOops: No
[2,369s][debug][gc,nmethod  ] Register NMethod: java.lang.Class.getReflectionFactory (0x000074b1935c9808) [0x000074b1935c9900, 0x000074b1935c9b78] Compiler: c1, Barriers: 4, Oops: 0, ImmediateOops: 4, NonImmediateOops: No
[2,376s][debug][gc,nmethod  ] Register NMethod: java.util.concurrent.ConcurrentHashMap.setTabAt (0x000074b1b2c23988) [0x000074b1b2c23a80, 0x000074b1b2c23b50] Compiler: jvmci, Barriers: 3, Oops: 0, ImmediateOops: 0, NonImmediateOops: No
[2,377s][debug][gc,director ] Rule Major: Warmup 10%, Used: 52MB, UsedThreshold: 1228MB
[2,381s][debug][gc,nmethod  ] Register NMethod: java.lang.String.<init> (0x000074b1935c9b88) [0x000074b1935c9c80, 0x000074b1935cdaf0] Compiler: c1, Barriers: 45, Oops: 1, ImmediateOops: 12, NonImmediateOops: No
[2,382s][debug][gc,nmethod  ] Register NMethod: sun.net.www.protocol.jar.Handler.parseURL (0x000074b1935cdb08) [0x000074b1935cdc00, 0x000074b1935cf718] Compiler: c1, Barriers: 3, Oops: 0, ImmediateOops: 3, NonImmediateOops: No
[2,382s][debug][gc,nmethod  ] Register NMethod: sun.net.www.protocol.jar.Handler.parseContextSpec (0x000074b1935cf788) [0x000074b1935cf880, 0x000074b1935d3630] Compiler: c1, Barriers: 11, Oops: 3, ImmediateOops: 8, NonImmediateOops: No
[2,383s][debug][gc,nmethod  ] Register NMethod: jdk.internal.loader.Resource.getBytes (0x000074b1935d3688) [0x000074b1935d3780, 0x000074b1935d4c70] Compiler: c1, Barriers: 9, Oops: 0, ImmediateOops: 1, NonImmediateOops: No
[2,383s][debug][gc,nmethod  ] Register NMethod: java.lang.ClassLoader.addClass (0x000074b1935d4c88) [0x000074b1935d4d80, 0x000074b1935d5580] Compiler: c1, Barriers: 6, Oops: 0, ImmediateOops: 0, NonImmediateOops: No
[2,384s][debug][gc,nmethod  ] Register NMethod: java.lang.ClassLoader.getNamedPackage (0x000074b1935d5588) [0x000074b1935d5680, 0x000074b1935d6008] Compiler: c1, Barriers: 2, Oops: 0, ImmediateOops: 0, NonImmediateOops: No
[2,384s][debug][gc,nmethod  ] Register NMethod: java.util.jar.JarFile.getInputStream (0x000074b1935d6088) [0x000074b1935d6180, 0x000074b1935d6ad0] Compiler: c1, Barriers: 3, Oops: 1, ImmediateOops: 1, NonImmediateOops: No
[2,384s][debug][gc,nmethod  ] Register NMethod: java.lang.ClassLoader.postDefineClass (0x000074b1935d6b08) [0x000074b1935d6c00, 0x000074b1935d8100] Compiler: c1, Barriers: 6, Oops: 0, ImmediateOops: 0, NonImmediateOops: No
[2,385s][debug][gc,nmethod  ] Register NMethod: sun.net.www.protocol.jar.Handler.indexOfBangSlash (0x000074b1935d8108) [0x000074b1935d8200, 0x000074b1935d9b00] Compiler: c1, Barriers: 4, Oops: 1, ImmediateOops: 2, NonImmediateOops: No
[2,386s][debug][gc,nmethod  ] Register NMethod: sun.net.www.protocol.jar.Handler.canonicalizeString (0x000074b1935d9b88) [0x000074b1935d9c80, 0x000074b1935dc330] Compiler: c1, Barriers: 4, Oops: 1, ImmediateOops: 4, NonImmediateOops: No
[2,386s][debug][gc,nmethod  ] Register NMethod: jdk.internal.loader.Resource.<init> (0x000074b1935dc388) [0x000074b1935dc480, 0x000074b1935dc5d8] Compiler: c1, Barriers: 0, Oops: 0, ImmediateOops: 0, NonImmediateOops: No
[2,386s][debug][gc,nmethod  ] Register NMethod: jdk.internal.loader.URLClassPath$JarLoader$1.<init> (0x000074b1935dc688) [0x000074b1935dc780, 0x000074b1935dcce0] Compiler: c1, Barriers: 15, Oops: 0, ImmediateOops: 0, NonImmediateOops: No
[2,386s][debug][gc,nmethod  ] Register NMethod: java.util.zip.CRC32.<init> (0x000074b1935dcd08) [0x000074b1935dce00, 0x000074b1935dcf58] Compiler: c1, Barriers: 0, Oops: 0, ImmediateOops: 0, NonImmediateOops: No
[2,386s][debug][gc,nmethod  ] Register NMethod: java.net.URLStreamHandler.setURL (0x000074b1935dd008) [0x000074b1935dd100, 0x000074b1935e14b0] Compiler: c1, Barriers: 5, Oops: 1, ImmediateOops: 2, NonImmediateOops: No
[2,386s][debug][gc,nmethod  ] Register NMethod: jdk.internal.loader.URLClassPath$JarLoader$1.getCodeSourceURL (0x000074b1935e1508) [0x000074b1935e1600, 0x000074b1935e1768] Compiler: c1, Barriers: 2, Oops: 0, ImmediateOops: 0, NonImmediateOops: No
[2,387s][debug][gc,nmethod  ] Register NMethod: java.util.jar.JavaUtilJarAccessImpl.ensureInitialization (0x000074b1935e1808) [0x000074b1935e1900, 0x000074b1935e1c00] Compiler: c1, Barriers: 0, Oops: 0, ImmediateOops: 0, NonImmediateOops: No
[2,387s][debug][gc,nmethod  ] Register NMethod: java.util.jar.JarFile.getManifest (0x000074b1935e1c08) [0x000074b1935e1d00, 0x000074b1935e1e30] Compiler: c1, Barriers: 0, Oops: 0, ImmediateOops: 0, NonImmediateOops: No
[2,387s][debug][gc,nmethod  ] Register NMethod: java.lang.invoke.MethodHandle.linkToVirtual (0x000074b1b2c23c88) [0x000074b1b2c23d80, 0x000074b1b2c23da8] Compiler: , Barriers: 0, Oops: 0, ImmediateOops: 0, NonImmediateOops: No
[2,387s][debug][gc,nmethod  ] Register NMethod: jdk.internal.loader.URLClassPath$JarLoader$1.getManifest (0x000074b1935e1f08) [0x000074b1935e2000, 0x000074b1935e2cf0] Compiler: c1, Barriers: 6, Oops: 1, ImmediateOops: 4, NonImmediateOops: No
[2,387s][debug][gc,nmethod  ] Register NMethod: java.util.jar.JarFile.ensureInitialization (0x000074b1935e2d08) [0x000074b1935e2e00, 0x000074b1935e35f0] Compiler: c1, Barriers: 4, Oops: 0, ImmediateOops: 0, NonImmediateOops: No
[2,388s][debug][gc,nmethod  ] Register NMethod: jdk.internal.loader.Resource.getByteBuffer (0x000074b1935e3608) [0x000074b1935e3700, 0x000074b1935e4478] Compiler: c1, Barriers: 8, Oops: 0, ImmediateOops: 0, NonImmediateOops: No
[2,388s][debug][gc,director ] Rule Major: Warmup 10%, Used: 52MB, UsedThreshold: 1228MB
[2,388s][debug][gc,nmethod  ] Register NMethod: jdk.internal.loader.URLClassPath$JarLoader$1.getContentLength (0x000074b1935e4488) [0x000074b1935e4580, 0x000074b1935e4898] Compiler: c1, Barriers: 1, Oops: 0, ImmediateOops: 0, NonImmediateOops: No
[2,388s][debug][gc,nmethod  ] Register NMethod: java.lang.reflect.Method.getDeclaringClass (0x000074b1b2c23f88) [0x000074b1b2c24080, 0x000074b1b2c24168] Compiler: c1, Barriers: 1, Oops: 0, ImmediateOops: 0, NonImmediateOops: No
[2,388s][debug][gc,nmethod  ] Register NMethod: jdk.internal.loader.URLClassPath$JarLoader$1.getBytes (0x000074b1935e4908) [0x000074b1935e4a00, 0x000074b1935e52e8] Compiler: c1, Barriers: 4, Oops: 0, ImmediateOops: 1, NonImmediateOops: No
[2,388s][debug][gc,nmethod  ] Register NMethod: java.util.zip.Checksum.update (0x000074b1935e5308) [0x000074b1935e5400, 0x000074b1935e5578] Compiler: c1, Barriers: 0, Oops: 0, ImmediateOops: 0, NonImmediateOops: No
[2,388s][debug][gc,nmethod  ] Register NMethod: java.util.zip.CRC32.updateBytes (0x000074b1935e5608) [0x000074b1935e5700, 0x000074b1935e5a98] Compiler: c1, Barriers: 0, Oops: 1, ImmediateOops: 1, NonImmediateOops: No
[2,388s][debug][gc,nmethod  ] Register NMethod: java.util.zip.CRC32.update (0x000074b1935e5b08) [0x000074b1935e5c00, 0x000074b1935e5ff8] Compiler: c1, Barriers: 0, Oops: 1, ImmediateOops: 1, NonImmediateOops: No
[2,389s][debug][gc,nmethod  ] Register NMethod: java.util.Arrays.copyOfRange (0x000074b1b2c24288) [0x000074b1b2c24380, 0x000074b1b2c247d0] Compiler: jvmci, Barriers: 0, Oops: 0, ImmediateOops: 0, NonImmediateOops: No
[2,389s][debug][gc,nmethod  ] Register NMethod: java.util.jar.JarFile.getManifestFromReference (0x000074b1935e6008) [0x000074b1935e6100, 0x000074b1935e8318] Compiler: c1, Barriers: 23, Oops: 0, ImmediateOops: 4, NonImmediateOops: No
[2,389s][debug][gc,nmethod  ] Register NMethod: java.util.zip.CRC32.getValue (0x000074b1935e8388) [0x000074b1935e8480, 0x000074b1935e8590] Compiler: c1, Barriers: 0, Oops: 0, ImmediateOops: 0, NonImmediateOops: No
[2,389s][debug][gc,nmethod  ] Register NMethod: jdk.internal.loader.URLClassPath$JarLoader$1.getCodeSigners (0x000074b1935e8688) [0x000074b1935e8780, 0x000074b1935e8ac0] Compiler: c1, Barriers: 1, Oops: 0, ImmediateOops: 0, NonImmediateOops: No
[2,389s][debug][gc,nmethod  ] Register NMethod: java.util.zip.CRC32.updateBytesCheck (0x000074b1935e8b08) [0x000074b1935e8c00, 0x000074b1935e8f20] Compiler: c1, Barriers: 0, Oops: 1, ImmediateOops: 1, NonImmediateOops: No
[2,390s][debug][gc,nmethod  ] Register NMethod: java.security.CodeSource.<init> (0x000074b1935e8f88) [0x000074b1935e9080, 0x000074b1935e97d8] Compiler: c1, Barriers: 18, Oops: 0, ImmediateOops: 0, NonImmediateOops: No
[2,390s][debug][gc,nmethod  ] Register NMethod: java.security.SecureClassLoader.defineClass (0x000074b1935e9808) [0x000074b1935e9900, 0x000074b1935e9c68] Compiler: c1, Barriers: 0, Oops: 0, ImmediateOops: 0, NonImmediateOops: No
[2,390s][debug][gc,nmethod  ] Register NMethod: java.util.jar.JarFile$JarFileEntry.getCodeSigners (0x000074b1935e9c88) [0x000074b1935e9d80, 0x000074b1935ea520] Compiler: c1, Barriers: 8, Oops: 0, ImmediateOops: 0, NonImmediateOops: No
[2,390s][debug][gc,nmethod  ] Register NMethod: java.security.SecureClassLoader$CodeSourceKey.<init> (0x000074b1935ea588) [0x000074b1935ea680, 0x000074b1935ea8b0] Compiler: c1, Barriers: 3, Oops: 0, ImmediateOops: 0, NonImmediateOops: No
[2,390s][debug][gc,nmethod  ] Register NMethod: java.security.SecureClassLoader$1.<init> (0x000074b1935ea908) [0x000074b1935eaa00, 0x000074b1935ead28] Compiler: c1, Barriers: 3, Oops: 0, ImmediateOops: 0, NonImmediateOops: No
[2,390s][debug][gc,nmethod  ] Register NMethod: java.security.SecureClassLoader.getProtectionDomain (0x000074b1935ead88) [0x000074b1935eae80, 0x000074b1935eb7f8] Compiler: c1, Barriers: 7, Oops: 0, ImmediateOops: 0, NonImmediateOops: No
[2,391s][debug][gc,nmethod  ] Register NMethod: java.security.SecureClassLoader$CodeSourceKey.hashCode (0x000074b1935eb808) [0x000074b1935eb900, 0x000074b1935ebb98] Compiler: c1, Barriers: 2, Oops: 0, ImmediateOops: 0, NonImmediateOops: No
[2,391s][debug][gc,nmethod  ] Register NMethod: java.lang.invoke.LambdaForm$Name.type (0x000074b1b2c24808) [0x000074b1b2c24900, 0x000074b1b2c249e8] Compiler: c1, Barriers: 1, Oops: 0, ImmediateOops: 0, NonImmediateOops: No
[2,391s][debug][gc,nmethod  ] Register NMethod: java.lang.ClassLoader.defineClass (0x000074b1935ebc08) [0x000074b1935ebd00, 0x000074b1935ecc68] Compiler: c1, Barriers: 3, Oops: 0, ImmediateOops: 0, NonImmediateOops: No
[2,391s][debug][gc,nmethod  ] Register NMethod: java.lang.ClassLoader.defineClassSourceLocation (0x000074b1935ecc88) [0x000074b1935ecd80, 0x000074b1935edb48] Compiler: c1, Barriers: 3, Oops: 0, ImmediateOops: 0, NonImmediateOops: No
[2,392s][debug][gc,nmethod  ] Register NMethod: java.lang.invoke.MethodHandle.linkToStatic (0x000074b1b2c24b08) [0x000074b1b2c24c00, 0x000074b1b2c24cf0] Compiler: , Barriers: 0, Oops: 0, ImmediateOops: 0, NonImmediateOops: No
[2,392s][debug][gc,nmethod  ] Register NMethod: java.lang.AbstractStringBuilder.append (0x000074b1b2c24e08) [0x000074b1b2c24f00, 0x000074b1b2c256a0] Compiler: jvmci, Barriers: 5, Oops: 0, ImmediateOops: 0, NonImmediateOops: No
[2,392s][debug][gc,nmethod  ] Register NMethod: java.lang.invoke.MethodHandle.invokeBasic (0x000074b1b2c25708) [0x000074b1b2c25800, 0x000074b1b2c25a98] Compiler: , Barriers: 0, Oops: 0, ImmediateOops: 0, NonImmediateOops: No
[2,393s][debug][gc,nmethod  ] Register NMethod: java.lang.ClassLoader.preDefineClass (0x000074b1935edb88) [0x000074b1935edc80, 0x000074b1935f0c60] Compiler: c1, Barriers: 3, Oops: 3, ImmediateOops: 6, NonImmediateOops: No
[2,393s][debug][gc,nmethod  ] Register NMethod: java.lang.invoke.MethodHandle.linkToSpecial (0x000074b1b2c25b08) [0x000074b1b2c25c00, 0x000074b1b2c25cf8] Compiler: , Barriers: 0, Oops: 0, ImmediateOops: 0, NonImmediateOops: No
[2,393s][debug][gc,nmethod  ] Register NMethod: java.lang.ClassLoader.checkCerts (0x000074b1935f0c88) [0x000074b1935f0d80, 0x000074b1935f3350] Compiler: c1, Barriers: 2, Oops: 2, ImmediateOops: 5, NonImmediateOops: No
[2,393s][debug][gc,nmethod  ] Register NMethod: java.lang.invoke.MethodHandle.linkToStatic (0x000074b1b2c25e08) [0x000074b1b2c25f00, 0x000074b1b2c25ff0] Compiler: , Barriers: 0, Oops: 0, ImmediateOops: 0, NonImmediateOops: No
[2,393s][debug][gc,nmethod  ] Register NMethod: jdk.internal.classfile.impl.Util.writeAttribute (0x000074b1935f3388) [0x000074b1935f3480, 0x000074b1935f4240] Compiler: c1, Barriers: 0, Oops: 0, ImmediateOops: 0, NonImmediateOops: No
[2,393s][debug][gc,nmethod  ] Register NMethod: java.lang.invoke.MethodHandle.invokeBasic (0x000074b1b2c26108) [0x000074b1b2c26200, 0x000074b1b2c26498] Compiler: , Barriers: 0, Oops: 0, ImmediateOops: 0, NonImmediateOops: No
[2,393s][debug][gc,nmethod  ] Register NMethod: jdk.internal.classfile.impl.BufWriterImpl.skip (0x000074b1935f4288) [0x000074b1935f4380, 0x000074b1935f4778] Compiler: c1, Barriers: 1, Oops: 0, ImmediateOops: 0, NonImmediateOops: No
[2,394s][debug][gc,nmethod  ] Register NMethod: java.lang.invoke.MethodHandle.linkToSpecial (0x000074b1b2c26508) [0x000074b1b2c26600, 0x000074b1b2c266f8] Compiler: , Barriers: 0, Oops: 0, ImmediateOops: 0, NonImmediateOops: No
[2,394s][debug][gc,nmethod  ] Register NMethod: jdk.internal.classfile.impl.AbstractDirectBuilder.writeAttribute (0x000074b1935f4788) [0x000074b1935f4880, 0x000074b1935f4ab8] Compiler: c1, Barriers: 2, Oops: 0, ImmediateOops: 0, NonImmediateOops: No
[2,395s][debug][gc,nmethod  ] Register NMethod: java.lang.invoke.MethodHandle.invokeBasic (0x000074b1b2c26808) [0x000074b1b2c26900, 0x000074b1b2c26b98] Compiler: , Barriers: 0, Oops: 0, ImmediateOops: 0, NonImmediateOops: No
[2,395s][debug][gc,nmethod  ] Register NMethod: jdk.internal.classfile.impl.BufWriterImpl.patchInt (0x000074b1935f4b08) [0x000074b1935f4c00, 0x000074b1935f4de0] Compiler: c1, Barriers: 1, Oops: 0, ImmediateOops: 0, NonImmediateOops: No
[2,395s][debug][gc,nmethod  ] Register NMethod: java.lang.invoke.MethodHandle.linkToSpecial (0x000074b1b2c26c08) [0x000074b1b2c26d00, 0x000074b1b2c26df8] Compiler: , Barriers: 0, Oops: 0, ImmediateOops: 0, NonImmediateOops: No
[2,395s][debug][gc,nmethod  ] Register NMethod: jdk.internal.constant.MethodTypeDescImpl.ofValidated (0x000074b1935f4e08) [0x000074b1935f4f00, 0x000074b1935f5448] Compiler: c1, Barriers: 12, Oops: 1, ImmediateOops: 1, NonImmediateOops: No
[2,395s][debug][gc,nmethod  ] Register NMethod: jdk.internal.constant.MethodTypeDescImpl.<init> (0x000074b1935f5488) [0x000074b1935f5580, 0x000074b1935f57c8] Compiler: c1, Barriers: 6, Oops: 0, ImmediateOops: 0, NonImmediateOops: No
[2,395s][debug][gc,nmethod  ] Register NMethod: jdk.internal.classfile.impl.Util.isAttributeAllowed (0x000074b1935f5808) [0x000074b1935f5900, 0x000074b1935f6848] Compiler: c1, Barriers: 3, Oops: 0, ImmediateOops: 0, NonImmediateOops: No
[2,396s][debug][gc,nmethod  ] Register NMethod: java.lang.invoke.LambdaForm$NamedFunction.returnType (0x000074b1935f6888) [0x000074b1935f6980, 0x000074b1935f77f0] Compiler: c1, Barriers: 8, Oops: 0, ImmediateOops: 0, NonImmediateOops: No
[2,397s][debug][gc,nmethod  ] Register NMethod: jdk.internal.constant.PrimitiveClassDescImpl.descriptorString (0x000074b1b2c26f08) [0x000074b1b2c27000, 0x000074b1b2c270e8] Compiler: c1, Barriers: 1, Oops: 0, ImmediateOops: 0, NonImmediateOops: No
[2,397s][debug][gc,nmethod  ] Register NMethod: java.util.ArrayList.<init> (0x000074b1935f7808) [0x000074b1935f7900, 0x000074b1935f8918] Compiler: c1, Barriers: 6, Oops: 1, ImmediateOops: 3, NonImmediateOops: No
[2,397s][debug][gc,nmethod  ] Register NMethod: java.lang.invoke.LambdaForm.internArgument (0x000074b1935f8988) [0x000074b1935f8a80, 0x000074b1935f9030] Compiler: c1, Barriers: 4, Oops: 0, ImmediateOops: 1, NonImmediateOops: No
[2,398s][debug][gc,director ] Rule Major: Warmup 10%, Used: 56MB, UsedThreshold: 1228MB
[2,398s][debug][gc,nmethod  ] Register NMethod: java.lang.invoke.LambdaForm$Name.replaceNames (0x000074b1935f9088) [0x000074b1935f9180, 0x000074b1935fa400] Compiler: c1, Barriers: 10, Oops: 0, ImmediateOops: 0, NonImmediateOops: No
[2,398s][debug][gc,nmethod  ] Register NMethod: java.lang.Math.ceil (0x000074b1935fa408) [0x000074b1935fa500, 0x000074b1935fa610] Compiler: c1, Barriers: 0, Oops: 0, ImmediateOops: 0, NonImmediateOops: No
[2,398s][debug][gc,nmethod  ] Register NMethod: java.lang.StrictMath.ceil (0x000074b1935fa708) [0x000074b1935fa820, 0x000074b1935fa948] Compiler: c1, Barriers: 0, Oops: 0, ImmediateOops: 0, NonImmediateOops: No
[2,398s][debug][gc,nmethod  ] Register NMethod: java.lang.Math.getExponent (0x000074b1935faa08) [0x000074b1935fab00, 0x000074b1935fac20] Compiler: c1, Barriers: 0, Oops: 0, ImmediateOops: 0, NonImmediateOops: No
[2,399s][debug][gc,nmethod  ] Register NMethod: java.lang.StrictMath.floorOrCeil (0x000074b1935fad08) [0x000074b1935fae00, 0x000074b1935fb230] Compiler: c1, Barriers: 0, Oops: 0, ImmediateOops: 0, NonImmediateOops: No
[2,399s][debug][gc,nmethod  ] Register NMethod: jdk.internal.classfile.impl.AbstractPoolEntry$FieldRefEntryImpl.tag (0x000074b1b2c27208) [0x000074b1b2c27300, 0x000074b1b2c273c0] Compiler: c1, Barriers: 0, Oops: 0, ImmediateOops: 0, NonImmediateOops: No
[2,399s][debug][gc,nmethod  ] Register NMethod: sun.invoke.util.VerifyType.isNullConversion (0x000074b1935fb288) [0x000074b1935fb380, 0x000074b1935fee50] Compiler: c1, Barriers: 0, Oops: 0, ImmediateOops: 5, NonImmediateOops: No
[2,399s][debug][gc,nmethod  ] Register NMethod: jdk.internal.classfile.impl.BufWriterImpl.writeInt (0x000074b1935fee88) [0x000074b1935fef80, 0x000074b1935ff448] Compiler: c1, Barriers: 2, Oops: 0, ImmediateOops: 0, NonImmediateOops: No
[2,400s][debug][gc,nmethod  ] Register NMethod: jdk.internal.classfile.impl.SplitConstantPool.map (0x000074b1b2c27508) [0x000074b1b2c27620, 0x000074b1b2c27ab0] Compiler: jvmci, Barriers: 6, Oops: 1, ImmediateOops: 0, NonImmediateOops: No
[2,402s][debug][gc,nmethod  ] Register NMethod: worker.org.gradle.internal.classloader.FilteringClassLoader$TrieSet.contains (0x000074b1935ff488) [0x000074b1935ff580, 0x000074b1935ff8c8] Compiler: c1, Barriers: 1, Oops: 1, ImmediateOops: 0, NonImmediateOops: No
[2,403s][debug][gc,nmethod  ] Register NMethod: java.util.jar.JavaUtilJarAccessImpl.getTrustedAttributes (0x000074b1935ff908) [0x000074b1935ffa00, 0x000074b1935ffb58] Compiler: c1, Barriers: 0, Oops: 0, ImmediateOops: 0, NonImmediateOops: No
[2,404s][debug][gc,nmethod  ] Register NMethod: java.util.jar.Manifest.getTrustedAttributes (0x000074b1935ffc08) [0x000074b1935ffd00, 0x000074b193601000] Compiler: c1, Barriers: 2, Oops: 1, ImmediateOops: 2, NonImmediateOops: No
[2,404s][debug][gc,nmethod  ] Register NMethod: java.util.jar.Manifest.getAttributes (0x000074b193601088) [0x000074b193601180, 0x000074b1936016d8] Compiler: c1, Barriers: 1, Oops: 0, ImmediateOops: 0, NonImmediateOops: No
[2,404s][debug][gc,nmethod  ] Register NMethod: java.net.URLClassLoader.getAndVerifyPackage (0x000074b193601708) [0x000074b193601800, 0x000074b193604358] Compiler: c1, Barriers: 4, Oops: 4, ImmediateOops: 6, NonImmediateOops: No
[2,404s][debug][gc,nmethod  ] Register NMethod: java.net.URLClassLoader.findClass (0x000074b193604388) [0x000074b193604480, 0x000074b1936070a0] Compiler: c1, Barriers: 7, Oops: 1, ImmediateOops: 8, NonImmediateOops: No
[2,404s][debug][gc,nmethod  ] Register NMethod: jdk.internal.perf.PerfCounter.getReadClassBytesTime (0x000074b193607108) [0x000074b193607200, 0x000074b1936072e8] Compiler: c1, Barriers: 0, Oops: 0, ImmediateOops: 1, NonImmediateOops: No
[2,406s][debug][gc,nmethod  ] Register NMethod: java.lang.reflect.AccessibleObject.<init> (0x000074b193607408) [0x000074b193607500, 0x000074b193607658] Compiler: c1, Barriers: 0, Oops: 0, ImmediateOops: 0, NonImmediateOops: No
[2,408s][debug][gc,nmethod  ] Register NMethod: java.util.Collections$1.hasNext (0x000074b1b2c27b08) [0x000074b1b2c27c00, 0x000074b1b2c27cc0] Compiler: c1, Barriers: 0, Oops: 0, ImmediateOops: 0, NonImmediateOops: No
[2,408s][debug][gc,director ] Rule Major: Warmup 10%, Used: 56MB, UsedThreshold: 1228MB
[2,409s][debug][gc,nmethod  ] Register NMethod: java.util.HashMap.resize (0x000074b193607708) [0x000074b193607820, 0x000074b193609500] Compiler: c1, Barriers: 31, Oops: 0, ImmediateOops: 0, NonImmediateOops: No
[2,409s][debug][gc,nmethod  ] Register NMethod: java.security.SecureClassLoader$CodeSourceKey.equals (0x000074b193609508) [0x000074b193609600, 0x000074b193609f58] Compiler: c1, Barriers: 6, Oops: 0, ImmediateOops: 0, NonImmediateOops: No
[2,410s][debug][gc,nmethod  ] Register NMethod: java.security.CodeSource.matchCerts (0x000074b193609f88) [0x000074b19360a080, 0x000074b19360af30] Compiler: c1, Barriers: 17, Oops: 0, ImmediateOops: 0, NonImmediateOops: No
[2,412s][debug][gc,nmethod  ] Register NMethod: jdk.internal.loader.URLClassPath$JarLoader.createResource (0x000074b19360af88) [0x000074b19360b080, 0x000074b19360bba0] Compiler: c1, Barriers: 2, Oops: 0, ImmediateOops: 0, NonImmediateOops: No
[2,416s][debug][gc,nmethod  ] Register NMethod: jdk.internal.access.SharedSecrets.getJavaLangAccess (0x000074b19360bc08) [0x000074b19360bd00, 0x000074b19360be28] Compiler: c1, Barriers: 1, Oops: 0, ImmediateOops: 1, NonImmediateOops: No
[2,418s][debug][gc,director ] Rule Major: Warmup 10%, Used: 56MB, UsedThreshold: 1228MB
[2,419s][debug][gc,nmethod  ] Register NMethod: java.lang.invoke.MemberName$Factory.resolveOrFail (0x000074b19360bf08) [0x000074b19360c000, 0x000074b19360cfe8] Compiler: c1, Barriers: 1, Oops: 0, ImmediateOops: 0, NonImmediateOops: No
[2,419s][debug][gc,nmethod  ] Register NMethod: java.lang.invoke.MethodType.rtype (0x000074b1b2c27e08) [0x000074b1b2c27f00, 0x000074b1b2c27fe8] Compiler: c1, Barriers: 1, Oops: 0, ImmediateOops: 0, NonImmediateOops: No
[2,426s][debug][gc,nmethod  ] Register NMethod: java.lang.invoke.VarHandleByteArrayAsShorts$ArrayHandle.index (0x000074b19360d008) [0x000074b19360d100, 0x000074b19360d238] Compiler: c1, Barriers: 0, Oops: 1, ImmediateOops: 1, NonImmediateOops: No
[2,426s][debug][gc,nmethod  ] Register NMethod: java.io.BufferedInputStream.getBufIfOpen (0x000074b19360d308) [0x000074b19360d400, 0x000074b19360d818] Compiler: c1, Barriers: 7, Oops: 0, ImmediateOops: 3, NonImmediateOops: No
[2,426s][debug][gc,nmethod  ] Register NMethod: java.io.DataInputStream.readFully (0x000074b19360d888) [0x000074b19360d980, 0x000074b19360e030] Compiler: c1, Barriers: 1, Oops: 0, ImmediateOops: 0, NonImmediateOops: No
[2,427s][debug][gc,nmethod  ] Register NMethod: java.io.BufferedInputStream.ensureOpen (0x000074b19360e088) [0x000074b19360e180, 0x000074b19360e3c0] Compiler: c1, Barriers: 1, Oops: 0, ImmediateOops: 1, NonImmediateOops: No
[2,427s][debug][gc,nmethod  ] Register NMethod: java.io.BufferedInputStream.read (0x000074b19360e408) [0x000074b19360e500, 0x000074b19360f038] Compiler: c1, Barriers: 2, Oops: 0, ImmediateOops: 1, NonImmediateOops: No
[2,427s][debug][gc,nmethod  ] Register NMethod: java.io.BufferedInputStream.read1 (0x000074b19360f088) [0x000074b19360f180, 0x000074b19360fa50] Compiler: c1, Barriers: 1, Oops: 0, ImmediateOops: 1, NonImmediateOops: No
[2,427s][debug][gc,nmethod  ] Register NMethod: java.io.DataInputStream.readUTF (0x000074b19360fa88) [0x000074b19360fb80, 0x000074b19360fcb0] Compiler: c1, Barriers: 0, Oops: 0, ImmediateOops: 0, NonImmediateOops: No
[2,427s][debug][gc,nmethod  ] Register NMethod: java.lang.invoke.VarHandleByteArrayAsShorts$ArrayHandle.get (0x000074b19360fd88) [0x000074b19360fe80, 0x000074b193610630] Compiler: c1, Barriers: 0, Oops: 2, ImmediateOops: 2, NonImmediateOops: No
[2,428s][debug][gc,nmethod  ] Register NMethod: java.io.DataInputStream.readUnsignedShort (0x000074b193610688) [0x000074b193610780, 0x000074b1936113d8] Compiler: c1, Barriers: 2, Oops: 5, ImmediateOops: 4, NonImmediateOops: No
[2,428s][debug][gc,nmethod  ] Register NMethod: jdk.internal.util.ByteArray.getUnsignedShort (0x000074b193611408) [0x000074b193611500, 0x000074b193611e70] Compiler: c1, Barriers: 0, Oops: 5, ImmediateOops: 4, NonImmediateOops: No
[2,428s][debug][gc,director ] Rule Major: Warmup 10%, Used: 56MB, UsedThreshold: 1228MB
[2,428s][debug][gc,nmethod  ] Register NMethod: jdk.internal.util.ByteArray.getShort (0x000074b193611f08) [0x000074b193612000, 0x000074b193612910] Compiler: c1, Barriers: 0, Oops: 5, ImmediateOops: 4, NonImmediateOops: No
[2,428s][debug][gc,nmethod  ] Register NMethod: java.io.DataInputStream.readShort (0x000074b193612988) [0x000074b193612a80, 0x000074b193613680] Compiler: c1, Barriers: 2, Oops: 5, ImmediateOops: 4, NonImmediateOops: No
[2,429s][debug][gc,nmethod  ] Register NMethod: java.lang.System$1.uncheckedNewStringNoRepl (0x000074b193613708) [0x000074b193613800, 0x000074b193613938] Compiler: c1, Barriers: 0, Oops: 0, ImmediateOops: 0, NonImmediateOops: No
[2,429s][debug][gc,nmethod  ] Register NMethod: java.lang.String.newStringNoRepl (0x000074b193613a08) [0x000074b193613b00, 0x000074b193614780] Compiler: c1, Barriers: 1, Oops: 0, ImmediateOops: 0, NonImmediateOops: No
[2,429s][debug][gc,nmethod  ] Register NMethod: java.lang.System$1.uncheckedCountPositives (0x000074b1b2c28108) [0x000074b1b2c28200, 0x000074b1b2c28308] Compiler: jvmci, Barriers: 0, Oops: 0, ImmediateOops: 0, NonImmediateOops: No
[2,429s][debug][gc,nmethod  ] Register NMethod: java.io.DataInputStream.readUTF (0x000074b193614788) [0x000074b193614880, 0x000074b193618c90] Compiler: c1, Barriers: 9, Oops: 2, ImmediateOops: 13, NonImmediateOops: No
[2,429s][debug][gc,nmethod  ] Register NMethod: java.io.DataInputStream.readFully (0x000074b193618d08) [0x000074b193618e00, 0x000074b193619108] Compiler: c1, Barriers: 0, Oops: 0, ImmediateOops: 0, NonImmediateOops: No
[2,429s][debug][gc,nmethod  ] Register NMethod: java.io.ByteArrayInputStream.read (0x000074b193619188) [0x000074b193619280, 0x000074b193619588] Compiler: c1, Barriers: 1, Oops: 0, ImmediateOops: 0, NonImmediateOops: No
[2,430s][debug][gc,nmethod  ] Register NMethod: java.io.DataInputStream.readUnsignedByte (0x000074b193619608) [0x000074b193619700, 0x000074b193619b40] Compiler: c1, Barriers: 1, Oops: 0, ImmediateOops: 0, NonImmediateOops: No
[2,430s][debug][gc,nmethod  ] Register NMethod: java.io.DataInputStream.readByte (0x000074b193619b88) [0x000074b193619c80, 0x000074b19361a2d8] Compiler: c1, Barriers: 1, Oops: 0, ImmediateOops: 0, NonImmediateOops: No
[2,431s][debug][gc,nmethod  ] Register NMethod: java.lang.String.newStringNoRepl1 (0x000074b19361a308) [0x000074b19361a400, 0x000074b19361be90] Compiler: c1, Barriers: 12, Oops: 0, ImmediateOops: 4, NonImmediateOops: No
[2,431s][debug][gc,nmethod  ] Register NMethod: sun.util.calendar.ZoneInfoFile.addTrans (0x000074b19361bf08) [0x000074b19361c000, 0x000074b19361c4f0] Compiler: c1, Barriers: 0, Oops: 0, ImmediateOops: 0, NonImmediateOops: No
[2,431s][debug][gc,nmethod  ] Register NMethod: sun.util.calendar.ZoneInfoFile.indexOf (0x000074b19361c508) [0x000074b19361c600, 0x000074b19361c828] Compiler: c1, Barriers: 0, Oops: 0, ImmediateOops: 0, NonImmediateOops: No
[2,432s][debug][gc,nmethod  ] Register NMethod: java.util.zip.Checksum.update (0x000074b19361c888) [0x000074b19361c980, 0x000074b19361ccb8] Compiler: c1, Barriers: 0, Oops: 0, ImmediateOops: 0, NonImmediateOops: No
[2,432s][debug][gc,nmethod  ] Register NMethod: sun.util.calendar.ZoneInfoFile$Checksum.update (0x000074b19361cd08) [0x000074b19361ce00, 0x000074b19361d3c8] Compiler: c1, Barriers: 0, Oops: 0, ImmediateOops: 0, NonImmediateOops: No
[2,432s][debug][gc,nmethod  ] Register NMethod: sun.util.calendar.ZoneInfoFile$Checksum.update (0x000074b19361d408) [0x000074b19361d500, 0x000074b19361db20] Compiler: c1, Barriers: 0, Oops: 0, ImmediateOops: 0, NonImmediateOops: No
[2,433s][debug][gc,nmethod  ] Register NMethod: java.io.BufferedInputStream.getBufIfOpen (0x000074b1b2c28408) [0x000074b1b2c28500, 0x000074b1b2c28838] Compiler: jvmci, Barriers: 6, Oops: 0, ImmediateOops: 1, NonImmediateOops: No
[2,437s][debug][gc,nmethod  ] Register NMethod: sun.util.locale.LocaleUtils.isUpper (0x000074b19361db88) [0x000074b19361dc80, 0x000074b19361ddd8] Compiler: c1, Barriers: 0, Oops: 0, ImmediateOops: 0, NonImmediateOops: No
[2,438s][debug][gc,nmethod  ] Register NMethod: jdk.internal.util.ReferencedKeyMap.internKey (0x000074b193569008) [0x000074b193569100, 0x000074b19356a8a8] Compiler: c1, Barriers: 5, Oops: 0, ImmediateOops: 0, NonImmediateOops: No
[2,438s][debug][gc,nmethod  ] Register NMethod: jdk.internal.util.ReferencedKeyMap.entryKey (0x000074b193559188) [0x000074b193559280, 0x000074b193559a98] Compiler: c1, Barriers: 8, Oops: 0, ImmediateOops: 1, NonImmediateOops: No
[2,438s][debug][gc,director ] Rule Major: Warmup 10%, Used: 56MB, UsedThreshold: 1228MB
[2,439s][debug][gc,nmethod  ] Register NMethod: jdk.internal.util.ReferencedKeySet.intern (0x000074b19361de88) [0x000074b19361df80, 0x000074b19361e1b8] Compiler: c1, Barriers: 1, Oops: 0, ImmediateOops: 0, NonImmediateOops: No
[2,439s][debug][gc,nmethod  ] Register NMethod: jdk.internal.util.ReferencedKeyMap.intern (0x000074b19361e208) [0x000074b19361e300, 0x000074b19361fba0] Compiler: c1, Barriers: 9, Oops: 1, ImmediateOops: 0, NonImmediateOops: No
[2,442s][debug][gc,nmethod  ] Register NMethod: java.lang.invoke.MethodHandle.linkToStatic (0x000074b1b2c28888) [0x000074b1b2c28980, 0x000074b1b2c28a70] Compiler: , Barriers: 0, Oops: 0, ImmediateOops: 0, NonImmediateOops: No
[2,443s][debug][gc,nmethod  ] Register NMethod: java.lang.invoke.MethodHandle.linkToSpecial (0x000074b1b2c28b88) [0x000074b1b2c28c80, 0x000074b1b2c28d78] Compiler: , Barriers: 0, Oops: 0, ImmediateOops: 0, NonImmediateOops: No
[2,443s][debug][gc,nmethod  ] Register NMethod: java.lang.invoke.MethodHandle.invokeBasic (0x000074b1b2c28e88) [0x000074b1b2c28f80, 0x000074b1b2c29218] Compiler: , Barriers: 0, Oops: 0, ImmediateOops: 0, NonImmediateOops: No
[2,443s][debug][gc,nmethod  ] Register NMethod: java.lang.invoke.MethodHandle.linkToSpecial (0x000074b1b2c29288) [0x000074b1b2c29380, 0x000074b1b2c29478] Compiler: , Barriers: 0, Oops: 0, ImmediateOops: 0, NonImmediateOops: No
[2,443s][debug][gc,nmethod  ] Register NMethod: java.lang.invoke.MethodType.insertParameterTypes (0x000074b19361fc08) [0x000074b19361fd00, 0x000074b193621778] Compiler: c1, Barriers: 6, Oops: 1, ImmediateOops: 3, NonImmediateOops: No
[2,443s][debug][gc,nmethod  ] Register NMethod: java.lang.invoke.MemberName.<init> (0x000074b193621788) [0x000074b193621880, 0x000074b193621f00] Compiler: c1, Barriers: 0, Oops: 0, ImmediateOops: 1, NonImmediateOops: No
[2,445s][debug][gc,nmethod  ] Register NMethod: java.util.regex.Pattern$$Lambda/0x00000000610b27a0.is (0x000074b193621f08) [0x000074b193622000, 0x000074b1936221b0] Compiler: c1, Barriers: 0, Oops: 0, ImmediateOops: 0, NonImmediateOops: No
[2,446s][debug][gc,nmethod  ] Register NMethod: java.util.regex.Pattern$BmpCharPropertyGreedy.match (0x000074b193622208) [0x000074b193622300, 0x000074b193622c70] Compiler: c1, Barriers: 2, Oops: 0, ImmediateOops: 0, NonImmediateOops: No
[2,446s][debug][gc,nmethod  ] Register NMethod: java.util.regex.Pattern.lambda$Single$0 (0x000074b193622c88) [0x000074b193622d80, 0x000074b193622eb0] Compiler: c1, Barriers: 0, Oops: 0, ImmediateOops: 0, NonImmediateOops: No
[2,446s][debug][gc,nmethod  ] Register NMethod: java.util.regex.Matcher.checkMatch (0x000074b193622f88) [0x000074b193623080, 0x000074b1936234f0] Compiler: c1, Barriers: 0, Oops: 0, ImmediateOops: 1, NonImmediateOops: No
[2,446s][debug][gc,nmethod  ] Register NMethod: java.util.regex.Matcher.hasMatch (0x000074b193623508) [0x000074b193623600, 0x000074b193623750] Compiler: c1, Barriers: 0, Oops: 0, ImmediateOops: 0, NonImmediateOops: No
[2,446s][debug][gc,nmethod  ] Register NMethod: java.util.regex.Pattern$Start.match (0x000074b193623808) [0x000074b193623900, 0x000074b193623e60] Compiler: c1, Barriers: 2, Oops: 0, ImmediateOops: 0, NonImmediateOops: No
[2,446s][debug][gc,nmethod  ] Register NMethod: java.util.regex.Matcher.search (0x000074b193623e88) [0x000074b193623f80, 0x000074b193624850] Compiler: c1, Barriers: 6, Oops: 0, ImmediateOops: 0, NonImmediateOops: No
[2,447s][debug][gc,nmethod  ] Register NMethod: java.util.regex.Matcher.start (0x000074b193624888) [0x000074b193624980, 0x000074b193624e58] Compiler: c1, Barriers: 0, Oops: 0, ImmediateOops: 1, NonImmediateOops: No
[2,447s][debug][gc,nmethod  ] Register NMethod: java.util.regex.Matcher.end (0x000074b193624e88) [0x000074b193624f80, 0x000074b193625458] Compiler: c1, Barriers: 0, Oops: 0, ImmediateOops: 1, NonImmediateOops: No
[2,447s][debug][gc,nmethod  ] Register NMethod: java.util.regex.Pattern$LastNode.match (0x000074b193625488) [0x000074b193625580, 0x000074b193625790] Compiler: c1, Barriers: 1, Oops: 0, ImmediateOops: 0, NonImmediateOops: No
[2,447s][debug][gc,nmethod  ] Register NMethod: java.lang.String.toString (0x000074b1b2c29588) [0x000074b1b2c29680, 0x000074b1b2c29708] Compiler: jvmci, Barriers: 0, Oops: 0, ImmediateOops: 0, NonImmediateOops: No
[2,447s][debug][gc,nmethod  ] Register NMethod: java.util.regex.Matcher.find (0x000074b193625808) [0x000074b193625900, 0x000074b193625d98] Compiler: c1, Barriers: 1, Oops: 0, ImmediateOops: 0, NonImmediateOops: No
[2,447s][debug][gc,nmethod  ] Register NMethod: java.lang.String.subSequence (0x000074b193625e08) [0x000074b193625f00, 0x000074b1936261f8] Compiler: c1, Barriers: 0, Oops: 0, ImmediateOops: 0, NonImmediateOops: No
[2,448s][debug][gc,director ] Rule Major: Warmup 10%, Used: 56MB, UsedThreshold: 1228MB
[2,454s][debug][gc,nmethod  ] Register NMethod: jdk.internal.classfile.impl.StackMapGenerator$Frame.pushStack (0x000074b193626208) [0x000074b193626300, 0x000074b193626e20] Compiler: c1, Barriers: 0, Oops: 0, ImmediateOops: 10, NonImmediateOops: No
[2,454s][debug][gc,nmethod  ] Register NMethod: java.util.regex.Pattern$BmpCharPropertyGreedy.match (0x000074b1b2c29888) [0x000074b1b2c29980, 0x000074b1b2c29d50] Compiler: jvmci, Barriers: 4, Oops: 0, ImmediateOops: 0, NonImmediateOops: No
[2,456s][debug][gc,nmethod  ] Register NMethod: java.lang.invoke.MemberName.getType (0x000074b193626e88) [0x000074b193626f80, 0x000074b193627788] Compiler: c1, Barriers: 0, Oops: 0, ImmediateOops: 0, NonImmediateOops: No
[2,456s][debug][gc,nmethod  ] Register NMethod: jdk.internal.classfile.impl.UnboundAttribute.<init> (0x000074b193627808) [0x000074b193627900, 0x000074b193627b30] Compiler: c1, Barriers: 3, Oops: 0, ImmediateOops: 0, NonImmediateOops: No
[2,457s][debug][gc,nmethod  ] Register NMethod: sun.util.locale.StringTokenIterator.isDone (0x000074b1b2c29d88) [0x000074b1b2c29e80, 0x000074b1b2c29f40] Compiler: c1, Barriers: 0, Oops: 0, ImmediateOops: 0, NonImmediateOops: No
[2,457s][debug][gc,nmethod  ] Register NMethod: sun.util.locale.LocaleUtils.toLower (0x000074b193627b88) [0x000074b193627c80, 0x000074b193627e80] Compiler: c1, Barriers: 0, Oops: 0, ImmediateOops: 0, NonImmediateOops: No
[2,458s][debug][gc,nmethod  ] Register NMethod: java.text.ParsePosition.getErrorIndex (0x000074b1b2c2a088) [0x000074b1b2c2a180, 0x000074b1b2c2a240] Compiler: c1, Barriers: 0, Oops: 0, ImmediateOops: 0, NonImmediateOops: No
[2,458s][debug][gc,nmethod  ] Register NMethod: java.util.Collections$EmptyList.isEmpty (0x000074b1b2c2a388) [0x000074b1b2c2a480, 0x000074b1b2c2a540] Compiler: c1, Barriers: 0, Oops: 0, ImmediateOops: 0, NonImmediateOops: No
[2,458s][debug][gc,nmethod  ] Register NMethod: sun.util.locale.StringTokenIterator.current (0x000074b1b2c2a688) [0x000074b1b2c2a780, 0x000074b1b2c2a868] Compiler: c1, Barriers: 1, Oops: 0, ImmediateOops: 0, NonImmediateOops: No
[2,458s][debug][gc,nmethod  ] Register NMethod: sun.util.locale.LocaleUtils.isAlpha (0x000074b193627e88) [0x000074b193627f80, 0x000074b193628130] Compiler: c1, Barriers: 0, Oops: 0, ImmediateOops: 0, NonImmediateOops: No
[2,458s][debug][gc,director ] Rule Major: Warmup 10%, Used: 56MB, UsedThreshold: 1228MB
[2,459s][debug][gc,nmethod  ] Register NMethod: sun.util.locale.StringTokenIterator.currentEnd (0x000074b1b2c2a988) [0x000074b1b2c2aa80, 0x000074b1b2c2ab40] Compiler: c1, Barriers: 0, Oops: 0, ImmediateOops: 0, NonImmediateOops: No
[2,459s][debug][gc,nmethod  ] Register NMethod: java.util.stream.ReferencePipeline$3$1.accept (0x000074b193628188) [0x000074b193628280, 0x000074b193628808] Compiler: c1, Barriers: 2, Oops: 0, ImmediateOops: 0, NonImmediateOops: No
[2,459s][debug][gc,nmethod  ] Register NMethod: java.text.ParsePosition.setIndex (0x000074b1b2c2ac88) [0x000074b1b2c2ad80, 0x000074b1b2c2ae40] Compiler: c1, Barriers: 0, Oops: 0, ImmediateOops: 0, NonImmediateOops: No
[2,459s][debug][gc,nmethod  ] Register NMethod: jdk.internal.util.SoftReferenceKey.hashCode (0x000074b1b2c2af88) [0x000074b1b2c2b080, 0x000074b1b2c2b140] Compiler: c1, Barriers: 0, Oops: 0, ImmediateOops: 0, NonImmediateOops: No
[2,461s][debug][gc,nmethod  ] Register NMethod: sun.util.locale.BaseLocale.hashCode (0x000074b193628888) [0x000074b193628980, 0x000074b19362c808] Compiler: c1, Barriers: 20, Oops: 1, ImmediateOops: 8, NonImmediateOops: No
[2,461s][debug][gc,nmethod  ] Register NMethod: sun.util.locale.LocaleUtils.toLowerString (0x000074b19362c888) [0x000074b19362c980, 0x000074b19362e520] Compiler: c1, Barriers: 5, Oops: 1, ImmediateOops: 4, NonImmediateOops: No
[2,462s][debug][gc,nmethod  ] Register NMethod: sun.util.locale.StringTokenIterator.nextDelimiter (0x000074b19362e588) [0x000074b19362e680, 0x000074b193630dd8] Compiler: c1, Barriers: 13, Oops: 1, ImmediateOops: 6, NonImmediateOops: No
[2,462s][debug][gc,nmethod  ] Register NMethod: sun.util.locale.LocaleUtils.isAlphaString (0x000074b193630e08) [0x000074b193630f00, 0x000074b193631ee8] Compiler: c1, Barriers: 3, Oops: 1, ImmediateOops: 2, NonImmediateOops: No
[2,462s][debug][gc,nmethod  ] Register NMethod: sun.util.locale.StringTokenIterator.next (0x000074b193631f08) [0x000074b193632000, 0x000074b193632a88] Compiler: c1, Barriers: 10, Oops: 0, ImmediateOops: 0, NonImmediateOops: No
[2,462s][debug][gc,nmethod  ] Register NMethod: sun.util.locale.LocaleUtils.isLower (0x000074b193632b08) [0x000074b193632c00, 0x000074b193632d58] Compiler: c1, Barriers: 0, Oops: 0, ImmediateOops: 0, NonImmediateOops: No
[2,463s][debug][gc,nmethod  ] Register NMethod: sun.util.locale.StringTokenIterator.hasNext (0x000074b193632e08) [0x000074b193632f00, 0x000074b193633528] Compiler: c1, Barriers: 2, Oops: 0, ImmediateOops: 0, NonImmediateOops: No
[2,463s][debug][gc,nmethod  ] Register NMethod: java.lang.ref.SoftReference.<init> (0x000074b193633588) [0x000074b193633680, 0x000074b193633988] Compiler: c1, Barriers: 6, Oops: 0, ImmediateOops: 2, NonImmediateOops: No
[2,463s][debug][gc,nmethod  ] Register NMethod: sun.util.locale.LocaleUtils.isEmpty (0x000074b193633a08) [0x000074b193633b00, 0x000074b193633e60] Compiler: c1, Barriers: 0, Oops: 0, ImmediateOops: 0, NonImmediateOops: No
[2,463s][debug][gc,nmethod  ] Register NMethod: sun.util.locale.InternalLocaleBuilder.clearExtensions (0x000074b193633e88) [0x000074b193633f80, 0x000074b1936347d8] Compiler: c1, Barriers: 3, Oops: 0, ImmediateOops: 0, NonImmediateOops: No
[2,463s][debug][gc,nmethod  ] Register NMethod: sun.util.locale.BaseLocale.getInstance (0x000074b193634808) [0x000074b193634900, 0x000074b193636ad0] Compiler: c1, Barriers: 19, Oops: 2, ImmediateOops: 6, NonImmediateOops: No
[2,464s][debug][gc,nmethod  ] Register NMethod: java.lang.StringUTF16.coderFromArrayLen (0x000074b193636b08) [0x000074b193636c00, 0x000074b193636cf8] Compiler: c1, Barriers: 0, Oops: 0, ImmediateOops: 0, NonImmediateOops: No
[2,464s][debug][gc,nmethod  ] Register NMethod: jdk.internal.util.SoftReferenceKey.<init> (0x000074b193636e08) [0x000074b193636f00, 0x000074b193637518] Compiler: c1, Barriers: 6, Oops: 0, ImmediateOops: 2, NonImmediateOops: No
[2,464s][debug][gc,nmethod  ] Register NMethod: java.lang.StringUTF16.compress (0x000074b193637588) [0x000074b193637680, 0x000074b1936379c8] Compiler: c1, Barriers: 0, Oops: 0, ImmediateOops: 0, NonImmediateOops: No
[2,464s][debug][gc,nmethod  ] Register NMethod: java.lang.String.<init> (0x000074b193637a08) [0x000074b193637b00, 0x000074b1936380d8] Compiler: c1, Barriers: 6, Oops: 0, ImmediateOops: 1, NonImmediateOops: No
[2,464s][debug][gc,nmethod  ] Register NMethod: java.util.stream.Nodes$SpinedNodeBuilder.accept (0x000074b193638108) [0x000074b193638200, 0x000074b193638340] Compiler: c1, Barriers: 0, Oops: 0, ImmediateOops: 0, NonImmediateOops: No
[2,464s][debug][gc,nmethod  ] Register NMethod: sun.util.locale.BaseLocale.getVariant (0x000074b1b2c2b288) [0x000074b1b2c2b380, 0x000074b1b2c2b468] Compiler: c1, Barriers: 1, Oops: 0, ImmediateOops: 0, NonImmediateOops: No
[2,464s][debug][gc,nmethod  ] Register NMethod: sun.util.locale.LanguageTag.extlangs (0x000074b1b2c2b588) [0x000074b1b2c2b680, 0x000074b1b2c2b768] Compiler: c1, Barriers: 1, Oops: 0, ImmediateOops: 0, NonImmediateOops: No
[2,464s][debug][gc,nmethod  ] Register NMethod: sun.util.locale.LanguageTag.language (0x000074b1b2c2b888) [0x000074b1b2c2b980, 0x000074b1b2c2ba68] Compiler: c1, Barriers: 1, Oops: 0, ImmediateOops: 0, NonImmediateOops: No
[2,464s][debug][gc,nmethod  ] Register NMethod: sun.util.locale.LanguageTag.script (0x000074b1b2c2bb88) [0x000074b1b2c2bc80, 0x000074b1b2c2bd68] Compiler: c1, Barriers: 1, Oops: 0, ImmediateOops: 0, NonImmediateOops: No
[2,465s][debug][gc,nmethod  ] Register NMethod: sun.util.locale.LanguageTag.region (0x000074b1b2c2be88) [0x000074b1b2c2bf80, 0x000074b1b2c2c068] Compiler: c1, Barriers: 1, Oops: 0, ImmediateOops: 0, NonImmediateOops: No
[2,465s][debug][gc,nmethod  ] Register NMethod: sun.util.locale.LanguageTag.variants (0x000074b1b2c2c188) [0x000074b1b2c2c280, 0x000074b1b2c2c368] Compiler: c1, Barriers: 1, Oops: 0, ImmediateOops: 0, NonImmediateOops: No
[2,465s][debug][gc,nmethod  ] Register NMethod: sun.util.locale.LanguageTag.extensions (0x000074b1b2c2c488) [0x000074b1b2c2c580, 0x000074b1b2c2c668] Compiler: c1, Barriers: 1, Oops: 0, ImmediateOops: 0, NonImmediateOops: No
[2,465s][debug][gc,nmethod  ] Register NMethod: sun.util.locale.LanguageTag.privateuse (0x000074b1b2c2c788) [0x000074b1b2c2c880, 0x000074b1b2c2c968] Compiler: c1, Barriers: 1, Oops: 0, ImmediateOops: 0, NonImmediateOops: No
[2,465s][debug][gc,nmethod  ] Register NMethod: java.util.stream.SpinedBuffer.accept (0x000074b193638408) [0x000074b193638500, 0x000074b1936392f0] Compiler: c1, Barriers: 22, Oops: 0, ImmediateOops: 0, NonImmediateOops: No
[2,466s][debug][gc,nmethod  ] Register NMethod: java.util.Locale.forLanguageTag (0x000074b193639308) [0x000074b193639400, 0x000074b19363aca8] Compiler: c1, Barriers: 17, Oops: 0, ImmediateOops: 5, NonImmediateOops: No
[2,466s][debug][gc,nmethod  ] Register NMethod: sun.util.locale.LocaleUtils.toUpperString (0x000074b19363ad08) [0x000074b19363ae00, 0x000074b19363c9a0] Compiler: c1, Barriers: 5, Oops: 1, ImmediateOops: 4, NonImmediateOops: No
[2,466s][debug][gc,nmethod  ] Register NMethod: sun.util.locale.LanguageTag.parseVariants (0x000074b19363ca08) [0x000074b19363cb00, 0x000074b19363d298] Compiler: c1, Barriers: 1, Oops: 0, ImmediateOops: 2, NonImmediateOops: No
[2,467s][debug][gc,nmethod  ] Register NMethod: java.util.Locale.<init> (0x000074b19363d308) [0x000074b19363d400, 0x000074b19363d648] Compiler: c1, Barriers: 6, Oops: 0, ImmediateOops: 0, NonImmediateOops: No
[2,467s][debug][gc,nmethod  ] Register NMethod: java.util.Locale.hashCode (0x000074b19363d688) [0x000074b19363d780, 0x000074b19363db98] Compiler: c1, Barriers: 2, Oops: 0, ImmediateOops: 0, NonImmediateOops: No
[2,467s][debug][gc,nmethod  ] Register NMethod: java.util.Locale.getInstance (0x000074b19363dc08) [0x000074b19363dd00, 0x000074b19363ee70] Compiler: c1, Barriers: 1, Oops: 1, ImmediateOops: 5, NonImmediateOops: No
[2,467s][debug][gc,nmethod  ] Register NMethod: java.util.ImmutableCollections$SetN.probe (0x000074b1b2c2ca88) [0x000074b1b2c2cb80, 0x000074b1b2c2d2d0] Compiler: jvmci, Barriers: 7, Oops: 0, ImmediateOops: 0, NonImmediateOops: No
[2,467s][debug][gc,nmethod  ] Register NMethod: sun.util.locale.InternalLocaleBuilder.<init> (0x000074b19363ee88) [0x000074b19363ef80, 0x000074b19363f2e8] Compiler: c1, Barriers: 12, Oops: 0, ImmediateOops: 5, NonImmediateOops: No
[2,468s][debug][gc,nmethod  ] Register NMethod: sun.util.locale.LocaleUtils.toTitleString (0x000074b19363f308) [0x000074b19363f400, 0x000074b193641ad8] Compiler: c1, Barriers: 5, Oops: 1, ImmediateOops: 6, NonImmediateOops: No
[2,468s][debug][gc,nmethod  ] Register NMethod: java.text.ParsePosition.<init> (0x000074b193641b08) [0x000074b193641c00, 0x000074b193641d68] Compiler: c1, Barriers: 0, Oops: 0, ImmediateOops: 0, NonImmediateOops: No
[2,468s][debug][gc,nmethod  ] Register NMethod: sun.util.locale.StringTokenIterator.setStart (0x000074b193641e08) [0x000074b193641f00, 0x000074b1936428c0] Compiler: c1, Barriers: 6, Oops: 0, ImmediateOops: 0, NonImmediateOops: No
[2,468s][debug][gc,nmethod  ] Register NMethod: java.util.Objects.requireNonNull (0x000074b1b2c2d308) [0x000074b1b2c2d400, 0x000074b1b2c2d498] Compiler: jvmci, Barriers: 0, Oops: 0, ImmediateOops: 0, NonImmediateOops: No
[2,469s][debug][gc,nmethod  ] Register NMethod: sun.util.locale.StringTokenIterator.<init> (0x000074b193642908) [0x000074b193642a00, 0x000074b1936439c8] Compiler: c1, Barriers: 10, Oops: 1, ImmediateOops: 2, NonImmediateOops: No
[2,469s][debug][gc,director ] Rule Major: Warmup 10%, Used: 56MB, UsedThreshold: 1228MB
[2,469s][debug][gc,nmethod  ] Register NMethod: sun.util.locale.LanguageTag.parseLanguage (0x000074b193643a08) [0x000074b193643b00, 0x000074b1936443c8] Compiler: c1, Barriers: 2, Oops: 0, ImmediateOops: 2, NonImmediateOops: No
[2,470s][debug][gc,nmethod  ] Register NMethod: java.lang.String.isEmpty (0x000074b1b2c2d608) [0x000074b1b2c2d700, 0x000074b1b2c2d7e8] Compiler: jvmci, Barriers: 1, Oops: 0, ImmediateOops: 0, NonImmediateOops: No
[2,470s][debug][gc,nmethod  ] Register NMethod: sun.util.locale.LocaleUtils.isEmpty (0x000074b193644408) [0x000074b193644500, 0x000074b193644860] Compiler: c1, Barriers: 0, Oops: 0, ImmediateOops: 0, NonImmediateOops: No
[2,470s][debug][gc,nmethod  ] Register NMethod: sun.util.locale.LanguageTag.parse (0x000074b193644888) [0x000074b193644980, 0x000074b193646cb8] Compiler: c1, Barriers: 5, Oops: 3, ImmediateOops: 11, NonImmediateOops: No
[2,471s][debug][gc,nmethod  ] Register NMethod: java.lang.ref.ReferenceQueue.poll (0x000074b1b2c2d908) [0x000074b1b2c2da00, 0x000074b1b2c2dae8] Compiler: jvmci, Barriers: 1, Oops: 0, ImmediateOops: 0, NonImmediateOops: No
[2,471s][debug][gc,nmethod  ] Register NMethod: sun.util.locale.LanguageTag.parseExtlangs (0x000074b193646d08) [0x000074b193646e00, 0x000074b193647d48] Compiler: c1, Barriers: 2, Oops: 0, ImmediateOops: 2, NonImmediateOops: No
[2,471s][debug][gc,nmethod  ] Register NMethod: sun.util.locale.LanguageTag.isLanguage (0x000074b193647d88) [0x000074b193647e80, 0x000074b193649398] Compiler: c1, Barriers: 3, Oops: 1, ImmediateOops: 2, NonImmediateOops: No
[2,472s][debug][gc,nmethod  ] Register NMethod: sun.util.locale.InternalLocaleBuilder.setExtensions (0x000074b193649408) [0x000074b193649520, 0x000074b19364f0e0] Compiler: c1, Barriers: 20, Oops: 1, ImmediateOops: 5, NonImmediateOops: No
[2,472s][debug][gc,nmethod  ] Register NMethod: sun.util.locale.LanguageTag.<init> (0x000074b19364f108) [0x000074b19364f200, 0x000074b19364f700] Compiler: c1, Barriers: 21, Oops: 0, ImmediateOops: 0, NonImmediateOops: No
[2,472s][debug][gc,nmethod  ] Register NMethod: sun.util.locale.InternalLocaleBuilder.clear (0x000074b19364f708) [0x000074b19364f800, 0x000074b19364fd08] Compiler: c1, Barriers: 12, Oops: 0, ImmediateOops: 5, NonImmediateOops: No
[2,473s][debug][gc,nmethod  ] Register NMethod: sun.util.locale.LanguageTag.parsePrivateuse (0x000074b19364fd88) [0x000074b19364fe80, 0x000074b193651d60] Compiler: c1, Barriers: 4, Oops: 2, ImmediateOops: 6, NonImmediateOops: No
[2,474s][debug][gc,nmethod  ] Register NMethod: sun.util.locale.InternalLocaleBuilder.getLocaleExtensions (0x000074b193651d88) [0x000074b193651e80, 0x000074b193652b28] Compiler: c1, Barriers: 6, Oops: 0, ImmediateOops: 0, NonImmediateOops: No
[2,474s][debug][gc,nmethod  ] Register NMethod: sun.util.locale.InternalLocaleBuilder.getBaseLocale (0x000074b193652b88) [0x000074b193652c80, 0x000074b193655490] Compiler: c1, Barriers: 7, Oops: 2, ImmediateOops: 7, NonImmediateOops: No
[2,474s][debug][gc,nmethod  ] Register NMethod: sun.util.locale.LocaleUtils.isEmpty (0x000074b193655508) [0x000074b193655600, 0x000074b193655960] Compiler: c1, Barriers: 0, Oops: 0, ImmediateOops: 0, NonImmediateOops: No
[2,474s][debug][gc,nmethod  ] Register NMethod: sun.util.locale.InternalLocaleBuilder.setLanguageTag (0x000074b193655988) [0x000074b193655a80, 0x000074b193659540] Compiler: c1, Barriers: 35, Oops: 1, ImmediateOops: 8, NonImmediateOops: No
[2,474s][debug][gc,nmethod  ] Register NMethod: sun.util.locale.LanguageTag.parseScript (0x000074b193659588) [0x000074b193659680, 0x000074b193659f10] Compiler: c1, Barriers: 2, Oops: 0, ImmediateOops: 2, NonImmediateOops: No
[2,475s][debug][gc,nmethod  ] Register NMethod: sun.util.locale.provider.LocaleProviderAdapter$$Lambda/0x00000000610b6ec8.apply (0x000074b193659f88) [0x000074b19365a080, 0x000074b19365a3c0] Compiler: c1, Barriers: 0, Oops: 0, ImmediateOops: 0, NonImmediateOops: No
[2,475s][debug][gc,nmethod  ] Register NMethod: sun.util.locale.LanguageTag.parseRegion (0x000074b19365a408) [0x000074b19365a500, 0x000074b19365a810] Compiler: c1, Barriers: 1, Oops: 0, ImmediateOops: 2, NonImmediateOops: No
[2,475s][debug][gc,nmethod  ] Register NMethod: sun.util.locale.provider.LocaleProviderAdapter.lambda$toLocaleArray$0 (0x000074b19365a888) [0x000074b19365a980, 0x000074b19365b698] Compiler: c1, Barriers: 3, Oops: 0, ImmediateOops: 3, NonImmediateOops: No
[2,475s][debug][gc,nmethod  ] Register NMethod: java.util.stream.DistinctOps$1$2.accept (0x000074b19365b708) [0x000074b19365b800, 0x000074b19365bdc0] Compiler: c1, Barriers: 2, Oops: 0, ImmediateOops: 0, NonImmediateOops: No
[2,475s][debug][gc,nmethod  ] Register NMethod: java.util.HashMap.put (0x000074b1b2c2dc08) [0x000074b1b2c2dd20, 0x000074b1b2c2f528] Compiler: jvmci, Barriers: 59, Oops: 0, ImmediateOops: 0, NonImmediateOops: No
[2,476s][debug][gc,nmethod  ] Register NMethod: java.util.Map.computeIfAbsent (0x000074b19365be08) [0x000074b19365bf00, 0x000074b19365c808] Compiler: c1, Barriers: 0, Oops: 0, ImmediateOops: 0, NonImmediateOops: No
[2,476s][debug][gc,nmethod  ] Register NMethod: sun.util.locale.BaseLocale.convertOldISOCodes (0x000074b19365c888) [0x000074b19365c980, 0x000074b19365dc00] Compiler: c1, Barriers: 0, Oops: 0, ImmediateOops: 9, NonImmediateOops: No
[2,476s][debug][gc,nmethod  ] Register NMethod: java.util.Locale$LocaleCache.cache (0x000074b19365dc08) [0x000074b19365dd00, 0x000074b19365e1f0] Compiler: c1, Barriers: 0, Oops: 0, ImmediateOops: 2, NonImmediateOops: No
[2,476s][debug][gc,nmethod  ] Register NMethod: java.util.Locale$LocaleCache.apply (0x000074b19365e208) [0x000074b19365e300, 0x000074b19365e5f8] Compiler: c1, Barriers: 0, Oops: 0, ImmediateOops: 0, NonImmediateOops: No
[2,476s][debug][gc,nmethod  ] Register NMethod: java.util.Locale$LocaleCache.apply (0x000074b19365e608) [0x000074b19365e700, 0x000074b19365f2f0] Compiler: c1, Barriers: 11, Oops: 0, ImmediateOops: 0, NonImmediateOops: No
[2,477s][debug][gc,nmethod  ] Register NMethod: sun.util.locale.LanguageTag.parseExtensions (0x000074b19365f308) [0x000074b19365f400, 0x000074b193661c18] Compiler: c1, Barriers: 4, Oops: 3, ImmediateOops: 7, NonImmediateOops: No
[2,477s][debug][gc,nmethod  ] Register NMethod: jdk.internal.util.ReferencedKeyMap.put (0x000074b193661c88) [0x000074b193661d80, 0x000074b193663668] Compiler: c1, Barriers: 5, Oops: 2, ImmediateOops: 3, NonImmediateOops: No
[2,477s][debug][gc,nmethod  ] Register NMethod: sun.util.locale.LanguageTag.isExtlang (0x000074b193663688) [0x000074b193663780, 0x000074b193664c70] Compiler: c1, Barriers: 3, Oops: 1, ImmediateOops: 2, NonImmediateOops: No
[2,477s][debug][gc,nmethod  ] Register NMethod: java.util.Locale.hasExtensions (0x000074b193664c88) [0x000074b193664d80, 0x000074b193664f00] Compiler: c1, Barriers: 1, Oops: 0, ImmediateOops: 0, NonImmediateOops: No
[2,477s][debug][gc,nmethod  ] Register NMethod: sun.util.locale.BaseLocale.equals (0x000074b193664f88) [0x000074b193665080, 0x000074b193665b58] Compiler: c1, Barriers: 8, Oops: 0, ImmediateOops: 0, NonImmediateOops: No
[2,477s][debug][gc,nmethod  ] Register NMethod: java.util.Locale.stripExtensions (0x000074b193665b88) [0x000074b193665c80, 0x000074b1936660f8] Compiler: c1, Barriers: 2, Oops: 0, ImmediateOops: 0, NonImmediateOops: No
[2,478s][debug][gc,nmethod  ] Register NMethod: java.util.Locale.equals (0x000074b193666108) [0x000074b193666200, 0x000074b193667008] Compiler: c1, Barriers: 5, Oops: 0, ImmediateOops: 0, NonImmediateOops: No
[2,478s][debug][gc,nmethod  ] Register NMethod: java.lang.String.<init> (0x000074b193667088) [0x000074b193667180, 0x000074b1936672d0] Compiler: c1, Barriers: 0, Oops: 0, ImmediateOops: 0, NonImmediateOops: No
[2,478s][debug][gc,nmethod  ] Register NMethod: sun.util.locale.LocaleUtils.caseIgnoreMatch (0x000074b193667388) [0x000074b193667480, 0x000074b193669468] Compiler: c1, Barriers: 6, Oops: 1, ImmediateOops: 4, NonImmediateOops: No
[2,478s][debug][gc,nmethod  ] Register NMethod: sun.util.locale.LanguageTag.isScript (0x000074b193669488) [0x000074b193669580, 0x000074b19366aa70] Compiler: c1, Barriers: 3, Oops: 1, ImmediateOops: 2, NonImmediateOops: No
[2,479s][debug][gc,director ] Rule Major: Warmup 10%, Used: 58MB, UsedThreshold: 1228MB
[2,479s][debug][gc,nmethod  ] Register NMethod: sun.util.locale.LanguageTag.isRegion (0x000074b19366aa88) [0x000074b19366ab80, 0x000074b19366d3d8] Compiler: c1, Barriers: 6, Oops: 1, ImmediateOops: 4, NonImmediateOops: No
[2,480s][debug][gc,nmethod  ] Register NMethod: java.lang.String.substring (0x000074b1b2c2f588) [0x000074b1b2c2f680, 0x000074b1b2c2fb48] Compiler: jvmci, Barriers: 3, Oops: 0, ImmediateOops: 1, NonImmediateOops: No
[2,481s][debug][gc,nmethod  ] Register NMethod: java.lang.invoke.MethodHandles$Lookup.checkAccess (0x000074b19366d408) [0x000074b19366d500, 0x000074b19366f018] Compiler: c1, Barriers: 5, Oops: 0, ImmediateOops: 1, NonImmediateOops: No
[2,489s][debug][gc,nmethod  ] Register NMethod: sun.util.locale.BaseLocale.hashCode (0x000074b1b2c2fb88) [0x000074b1b2c2fc80, 0x000074b1b2c302d8] Compiler: jvmci, Barriers: 8, Oops: 0, ImmediateOops: 0, NonImmediateOops: No
[2,489s][debug][gc,director ] Rule Major: Warmup 10%, Used: 58MB, UsedThreshold: 1228MB
[2,489s][debug][gc,nmethod  ] Register NMethod: java.lang.StringUTF16.getChar (0x000074b19366f088) [0x000074b19366f180, 0x000074b19366f2e0] Compiler: c1, Barriers: 0, Oops: 0, ImmediateOops: 0, NonImmediateOops: No
[2,490s][debug][gc,nmethod  ] Register NMethod: java.lang.CharacterData.of (0x000074b1934e5f88) [0x000074b1934e6080, 0x000074b1934e67c0] Compiler: c1, Barriers: 7, Oops: 0, ImmediateOops: 3, NonImmediateOops: No
[2,490s][debug][gc,nmethod  ] Register NMethod: java.lang.CharacterData.of (0x000074b1934e5f88) [0x000074b1934e6080, 0x000074b1934e67c0] Compiler: c1, Barriers: 7, Oops: 0, ImmediateOops: 3, NonImmediateOops: No
[2,492s][debug][gc,nmethod  ] Register NMethod: java.lang.String.charAt (0x000074b19366f388) [0x000074b19366f480, 0x000074b19366fbb8] Compiler: c1, Barriers: 2, Oops: 1, ImmediateOops: 2, NonImmediateOops: No
[2,493s][debug][gc,nmethod  ] Register NMethod: java.lang.invoke.MethodHandle.linkToVirtual (0x000074b1b2c30308) [0x000074b1b2c30400, 0x000074b1b2c30428] Compiler: , Barriers: 0, Oops: 0, ImmediateOops: 0, NonImmediateOops: No
[2,494s][debug][gc,nmethod  ] Register NMethod: java.lang.invoke.LambdaForm.parameter (0x000074b19366fc08) [0x000074b19366fd00, 0x000074b19366fe98] Compiler: c1, Barriers: 2, Oops: 0, ImmediateOops: 0, NonImmediateOops: No
[2,494s][debug][gc,nmethod  ] Register NMethod: java.lang.AbstractStringBuilder.needsNewBuffer (0x000074b19366ff08) [0x000074b193670000, 0x000074b1936701a0] Compiler: c1, Barriers: 0, Oops: 0, ImmediateOops: 0, NonImmediateOops: No
[2,494s][debug][gc,nmethod  ] Register NMethod: jdk.internal.classfile.impl.DirectCodeBuilder.loadLocal (0x000074b193670208) [0x000074b193670300, 0x000074b193672188] Compiler: c1, Barriers: 5, Oops: 0, ImmediateOops: 2, NonImmediateOops: No
[2,495s][debug][gc,nmethod  ] Register NMethod: java.util.concurrent.ConcurrentHashMap.get (0x000074b1b2c30608) [0x000074b1b2c30700, 0x000074b1b2c31530] Compiler: jvmci, Barriers: 19, Oops: 0, ImmediateOops: 0, NonImmediateOops: No
[2,495s][debug][gc,nmethod  ] Register NMethod: jdk.internal.classfile.impl.AbstractPoolEntry$NameAndTypeEntryImpl.<init> (0x000074b193672208) [0x000074b193672300, 0x000074b193672450] Compiler: c1, Barriers: 0, Oops: 0, ImmediateOops: 0, NonImmediateOops: No
[2,495s][debug][gc,nmethod  ] Register NMethod: java.lang.invoke.LambdaForm.parameterType (0x000074b193672508) [0x000074b193672600, 0x000074b193672780] Compiler: c1, Barriers: 1, Oops: 0, ImmediateOops: 0, NonImmediateOops: No
[2,496s][debug][gc,nmethod  ] Register NMethod: java.lang.classfile.constantpool.ConstantPoolBuilder.nameAndTypeEntry (0x000074b193672808) [0x000074b193672900, 0x000074b193673020] Compiler: c1, Barriers: 0, Oops: 0, ImmediateOops: 0, NonImmediateOops: No
[2,496s][debug][gc,nmethod  ] Register NMethod: jdk.internal.classfile.impl.StackMapGenerator$Frame.getLocalRawInternal (0x000074b193673088) [0x000074b193673180, 0x000074b193673518] Compiler: c1, Barriers: 2, Oops: 0, ImmediateOops: 0, NonImmediateOops: No
[2,496s][debug][gc,nmethod  ] Register NMethod: jdk.internal.classfile.impl.SplitConstantPool.methodRefEntry (0x000074b193673588) [0x000074b193673680, 0x000074b193675fd8] Compiler: c1, Barriers: 6, Oops: 0, ImmediateOops: 0, NonImmediateOops: No
[2,498s][debug][gc,nmethod  ] Register NMethod: worker.org.gradle.internal.classloader.FilteringClassLoader.classAllowed (0x000074b193676008) [0x000074b193676100, 0x000074b193677308] Compiler: c1, Barriers: 8, Oops: 3, ImmediateOops: 2, NonImmediateOops: No
[2,498s][debug][gc,nmethod  ] Register NMethod: jdk.internal.jimage.ImageHeader.getTableLength (0x000074b1b2c31588) [0x000074b1b2c31680, 0x000074b1b2c31740] Compiler: c1, Barriers: 0, Oops: 0, ImmediateOops: 0, NonImmediateOops: No
[2,499s][debug][gc,nmethod  ] Register NMethod: java.nio.DirectIntBufferU.ix (0x000074b193677388) [0x000074b193677480, 0x000074b193677590] Compiler: c1, Barriers: 0, Oops: 0, ImmediateOops: 0, NonImmediateOops: No
[2,499s][debug][gc,nmethod  ] Register NMethod: java.nio.DirectIntBufferU.get (0x000074b193677688) [0x000074b193677780, 0x000074b193678570] Compiler: c1, Barriers: 1, Oops: 2, ImmediateOops: 2, NonImmediateOops: No
[2,499s][debug][gc,nmethod  ] Register NMethod: jdk.internal.misc.ScopedMemoryAccess.getInt (0x000074b193678588) [0x000074b193678680, 0x000074b193678990] Compiler: c1, Barriers: 0, Oops: 0, ImmediateOops: 0, NonImmediateOops: No
[2,499s][debug][gc,director ] Rule Major: Warmup 10%, Used: 58MB, UsedThreshold: 1228MB
[2,499s][debug][gc,nmethod  ] Register NMethod: java.util.concurrent.ConcurrentHashMap$Traverser.advance (0x000074b193678a08) [0x000074b193678b00, 0x000074b193679bf8] Compiler: c1, Barriers: 15, Oops: 0, ImmediateOops: 0, NonImmediateOops: No
[2,499s][debug][gc,nmethod  ] Register NMethod: java.util.concurrent.ConcurrentHashMap$BaseIterator.hasNext (0x000074b193679c08) [0x000074b193679d00, 0x000074b193679e80] Compiler: c1, Barriers: 1, Oops: 0, ImmediateOops: 0, NonImmediateOops: No
[2,500s][debug][gc,nmethod  ] Register NMethod: jdk.internal.misc.ScopedMemoryAccess.getIntInternal (0x000074b193679f08) [0x000074b19367a000, 0x000074b19367a250] Compiler: c1, Barriers: 0, Oops: 0, ImmediateOops: 0, NonImmediateOops: No
[2,500s][debug][gc,nmethod  ] Register NMethod: jdk.internal.loader.URLClassPath$JarLoader.findResource (0x000074b19367a288) [0x000074b19367a380, 0x000074b19367a588] Compiler: c1, Barriers: 1, Oops: 0, ImmediateOops: 0, NonImmediateOops: No
[2,500s][debug][gc,nmethod  ] Register NMethod: java.io.UnixFileSystem.getFileForSysCalls (0x000074b19367a608) [0x000074b19367a700, 0x000074b19367ac40] Compiler: c1, Barriers: 3, Oops: 0, ImmediateOops: 0, NonImmediateOops: No
[2,502s][debug][gc,nmethod  ] Register NMethod: java.util.concurrent.ConcurrentHashMap$ValueIterator.next (0x000074b19367ac88) [0x000074b19367ad80, 0x000074b19367b260] Compiler: c1, Barriers: 5, Oops: 0, ImmediateOops: 0, NonImmediateOops: No
[2,504s][debug][gc,nmethod  ] Register NMethod: java.util.concurrent.ConcurrentHashMap.putVal (0x000074b1b2c31888) [0x000074b1b2c31980, 0x000074b1b2c32a68] Compiler: jvmci, Barriers: 28, Oops: 0, ImmediateOops: 0, NonImmediateOops: No
[2,509s][debug][gc,nmethod  ] Register NMethod: java.lang.ClassLoader.definePackage (0x000074b19367b288) [0x000074b19367b380, 0x000074b19367d7d8] Compiler: c1, Barriers: 10, Oops: 2, ImmediateOops: 5, NonImmediateOops: No
[2,510s][debug][gc,director ] Rule Major: Warmup 10%, Used: 58MB, UsedThreshold: 1228MB
[2,510s][debug][gc,nmethod  ] Register NMethod: jdk.internal.reflect.Reflection.getCallerClass (0x000074b1b2c32a88) [0x000074b1b2c32b80, 0x000074b1b2c32ea8] Compiler: , Barriers: 0, Oops: 0, ImmediateOops: 1, NonImmediateOops: No
[2,510s][debug][gc,nmethod  ] Register NMethod: java.lang.String.charAt (0x000074b1b2c32f08) [0x000074b1b2c33000, 0x000074b1b2c33160] Compiler: jvmci, Barriers: 1, Oops: 0, ImmediateOops: 0, NonImmediateOops: No
[2,510s][debug][gc,nmethod  ] Register NMethod: java.lang.invoke.MethodHandles$Lookup.isClassAccessible (0x000074b19367d808) [0x000074b19367d900, 0x000074b19367e228] Compiler: c1, Barriers: 3, Oops: 0, ImmediateOops: 0, NonImmediateOops: No
[2,511s][debug][gc,nmethod  ] Register NMethod: java.lang.StringUTF16.getChar (0x000074b1b2c33208) [0x000074b1b2c33300, 0x000074b1b2c333e8] Compiler: jvmci, Barriers: 0, Oops: 0, ImmediateOops: 0, NonImmediateOops: No
[2,511s][debug][gc,nmethod  ] Register NMethod: java.lang.invoke.MemberName.ensureTypeVisible (0x000074b19367e288) [0x000074b19367e380, 0x000074b193682c20] Compiler: c1, Barriers: 10, Oops: 3, ImmediateOops: 10, NonImmediateOops: No
[2,512s][debug][gc,nmethod  ] Register NMethod: sun.util.locale.LocaleUtils.toLower (0x000074b1b2c33508) [0x000074b1b2c33600, 0x000074b1b2c33678] Compiler: jvmci, Barriers: 0, Oops: 0, ImmediateOops: 0, NonImmediateOops: No
[2,515s][debug][gc,nmethod  ] Register NMethod: java.util.zip.ZipCoder.hash (0x000074b1b2c33808) [0x000074b1b2c33900, 0x000074b1b2c33b68] Compiler: jvmci, Barriers: 1, Oops: 0, ImmediateOops: 0, NonImmediateOops: No
[2,516s][debug][gc,nmethod  ] Register NMethod: java.lang.invoke.MethodHandle.linkToStatic (0x000074b1b2c33b88) [0x000074b1b2c33c80, 0x000074b1b2c33d70] Compiler: , Barriers: 0, Oops: 0, ImmediateOops: 0, NonImmediateOops: No
[2,517s][debug][gc,nmethod  ] Register NMethod: java.lang.invoke.MethodType.changeReturnType (0x000074b193682c88) [0x000074b193682d80, 0x000074b193683150] Compiler: c1, Barriers: 2, Oops: 0, ImmediateOops: 0, NonImmediateOops: No
[2,518s][debug][gc,nmethod  ] Register NMethod: java.util.zip.CRC32.<init> (0x000074b193683188) [0x000074b193683280, 0x000074b1936833d8] Compiler: c1, Barriers: 0, Oops: 0, ImmediateOops: 0, NonImmediateOops: No
[2,518s][debug][gc,nmethod  ] Register NMethod: java.util.ArrayList.grow (0x000074b193683488) [0x000074b193683580, 0x000074b193683dd0] Compiler: c1, Barriers: 9, Oops: 0, ImmediateOops: 1, NonImmediateOops: No
[2,519s][debug][gc,nmethod  ] Register NMethod: jdk.internal.loader.URLClassPath$JarLoader$1.getBytes (0x000074b193683e08) [0x000074b193683f00, 0x000074b193684b40] Compiler: c1, Barriers: 4, Oops: 0, ImmediateOops: 1, NonImmediateOops: No
[2,520s][debug][gc,director ] Rule Major: Warmup 10%, Used: 60MB, UsedThreshold: 1228MB
[2,520s][debug][gc,nmethod  ] Register NMethod: java.lang.classfile.TypeKind.slotSize (0x000074b1b2c33e88) [0x000074b1b2c33f80, 0x000074b1b2c34040] Compiler: c1, Barriers: 0, Oops: 0, ImmediateOops: 0, NonImmediateOops: No
[2,520s][debug][gc,nmethod  ] Register NMethod: jdk.internal.classfile.impl.DirectCodeBuilder.setLabelTarget (0x000074b193684b88) [0x000074b193684c80, 0x000074b1936856b8] Compiler: c1, Barriers: 1, Oops: 0, ImmediateOops: 1, NonImmediateOops: No
[2,520s][debug][gc,nmethod  ] Register NMethod: jdk.internal.classfile.impl.StackMapDecoder$StackMapFrameImpl.locals (0x000074b1b2c34188) [0x000074b1b2c34280, 0x000074b1b2c34368] Compiler: c1, Barriers: 1, Oops: 0, ImmediateOops: 0, NonImmediateOops: No
[2,520s][debug][gc,nmethod  ] Register NMethod: jdk.internal.classfile.impl.StackMapDecoder$StackMapFrameImpl.target (0x000074b1b2c34488) [0x000074b1b2c34580, 0x000074b1b2c34668] Compiler: c1, Barriers: 1, Oops: 0, ImmediateOops: 0, NonImmediateOops: No
[2,520s][debug][gc,nmethod  ] Register NMethod: jdk.internal.classfile.impl.AbstractPseudoInstruction$ExceptionCatchImpl.catchTypeEntry (0x000074b1b2c34788) [0x000074b1b2c34880, 0x000074b1b2c34968] Compiler: c1, Barriers: 1, Oops: 0, ImmediateOops: 0, NonImmediateOops: No
[2,522s][debug][gc,nmethod  ] Register NMethod: java.util.concurrent.ConcurrentHashMap.addCount (0x000074b1b2c34a88) [0x000074b1b2c34b80, 0x000074b1b2c360f0] Compiler: jvmci, Barriers: 56, Oops: 0, ImmediateOops: 0, NonImmediateOops: No
[2,524s][debug][gc,nmethod  ] Register NMethod: java.lang.ClassLoader.compareCerts (0x000074b193685708) [0x000074b193685800, 0x000074b193686340] Compiler: c1, Barriers: 4, Oops: 0, ImmediateOops: 0, NonImmediateOops: No
[2,524s][debug][gc,nmethod  ] Register NMethod: java.lang.invoke.DirectMethodHandle.internalMemberName (0x000074b193686388) [0x000074b193686480, 0x000074b1936867a0] Compiler: c1, Barriers: 1, Oops: 0, ImmediateOops: 0, NonImmediateOops: No
[2,524s][debug][gc,nmethod  ] Register NMethod: jdk.internal.loader.AbstractClassLoaderValue$Sub.parent (0x000074b1b2c36108) [0x000074b1b2c36200, 0x000074b1b2c362e8] Compiler: c1, Barriers: 1, Oops: 0, ImmediateOops: 0, NonImmediateOops: No
[2,525s][debug][gc,nmethod  ] Register NMethod: java.net.URLClassLoader.defineClass (0x000074b193686808) [0x000074b193686900, 0x000074b19368b128] Compiler: c1, Barriers: 19, Oops: 2, ImmediateOops: 8, NonImmediateOops: No
[2,525s][debug][gc,nmethod  ] Register NMethod: java.lang.reflect.Method.getRoot (0x000074b1b2c36408) [0x000074b1b2c36500, 0x000074b1b2c365e8] Compiler: c1, Barriers: 1, Oops: 0, ImmediateOops: 0, NonImmediateOops: No
[2,525s][debug][gc,nmethod  ] Register NMethod: java.util.jar.JarFile.checkForSpecialAttributes (0x000074b1b2c36708) [0x000074b1b2c36800, 0x000074b1b2c37158] Compiler: jvmci, Barriers: 7, Oops: 2, ImmediateOops: 8, NonImmediateOops: No
[2,526s][debug][gc,nmethod  ] Register NMethod: java.util.zip.ZipFile.ensureOpen (0x000074b1b2c37188) [0x000074b1b2c37280, 0x000074b1b2c373e0] Compiler: jvmci, Barriers: 2, Oops: 0, ImmediateOops: 0, NonImmediateOops: No
[2,529s][debug][gc,nmethod  ] Register NMethod: java.net.URLClassLoader.isSealed (0x000074b19368b188) [0x000074b19368b280, 0x000074b19368ed30] Compiler: c1, Barriers: 10, Oops: 3, ImmediateOops: 15, NonImmediateOops: No
[2,529s][debug][gc,nmethod  ] Register NMethod: java.lang.invoke.MethodHandle.linkToSpecial (0x000074b1b2c37488) [0x000074b1b2c37580, 0x000074b1b2c37678] Compiler: , Barriers: 0, Oops: 0, ImmediateOops: 0, NonImmediateOops: No
[2,530s][debug][gc,director ] Rule Major: Warmup 10%, Used: 60MB, UsedThreshold: 1228MB
[2,530s][debug][gc,nmethod  ] Register NMethod: java.lang.invoke.MethodHandle.linkToSpecial (0x000074b1b2c37788) [0x000074b1b2c37880, 0x000074b1b2c37978] Compiler: , Barriers: 0, Oops: 0, ImmediateOops: 0, NonImmediateOops: No
[2,530s][debug][gc,nmethod  ] Register NMethod: java.lang.invoke.MemberName.getInvocationType (0x000074b19368ed88) [0x000074b19368ee80, 0x000074b193690480] Compiler: c1, Barriers: 7, Oops: 0, ImmediateOops: 0, NonImmediateOops: No
[2,531s][debug][gc,nmethod  ] Register NMethod: sun.invoke.util.Wrapper.stackSlots (0x000074b193690488) [0x000074b193690580, 0x000074b193690688] Compiler: c1, Barriers: 0, Oops: 0, ImmediateOops: 0, NonImmediateOops: No
[2,531s][debug][gc,nmethod  ] Register NMethod: java.lang.invoke.LambdaForm$BasicType.basicTypeSlots (0x000074b193690788) [0x000074b193690880, 0x000074b193690bd8] Compiler: c1, Barriers: 1, Oops: 0, ImmediateOops: 0, NonImmediateOops: No
[2,532s][debug][gc,nmethod  ] Register NMethod: java.lang.invoke.MethodHandle.linkToStatic (0x000074b1b2c37a88) [0x000074b1b2c37b80, 0x000074b1b2c37c78] Compiler: , Barriers: 0, Oops: 0, ImmediateOops: 0, NonImmediateOops: No
[2,532s][debug][gc,nmethod  ] Register NMethod: java.lang.invoke.InvokerBytecodeGenerator.emitImplicitConversion (0x000074b193690c08) [0x000074b193690d00, 0x000074b193693130] Compiler: c1, Barriers: 3, Oops: 2, ImmediateOops: 10, NonImmediateOops: No
[2,532s][debug][gc,nmethod  ] Register NMethod: java.lang.invoke.MethodHandle.invokeBasic (0x000074b1b2c37d88) [0x000074b1b2c37e80, 0x000074b1b2c38118] Compiler: , Barriers: 0, Oops: 0, ImmediateOops: 0, NonImmediateOops: No
[2,532s][debug][gc,nmethod  ] Register NMethod: jdk.internal.classfile.impl.BufWriterImpl.writeU1U1 (0x000074b193693188) [0x000074b193693280, 0x000074b1936936f0] Compiler: c1, Barriers: 2, Oops: 0, ImmediateOops: 0, NonImmediateOops: No
[2,532s][debug][gc,nmethod  ] Register NMethod: java.lang.invoke.InvokerBytecodeGenerator.emitLoadInsn (0x000074b193693708) [0x000074b193693800, 0x000074b1936939e8] Compiler: c1, Barriers: 1, Oops: 0, ImmediateOops: 0, NonImmediateOops: No
[2,533s][debug][gc,nmethod  ] Register NMethod: java.lang.invoke.InvokerBytecodeGenerator.emitPushArgument (0x000074b193693a08) [0x000074b193693b00, 0x000074b1936966c8] Compiler: c1, Barriers: 6, Oops: 1, ImmediateOops: 5, NonImmediateOops: No
[2,533s][debug][gc,nmethod  ] Register NMethod: java.lang.invoke.DirectMethodHandle.<init> (0x000074b193696708) [0x000074b193696800, 0x000074b193698c90] Compiler: c1, Barriers: 9, Oops: 2, ImmediateOops: 2, NonImmediateOops: No
[2,533s][debug][gc,nmethod  ] Register NMethod: java.lang.invoke.LambdaForm$Name.isParam (0x000074b193698d08) [0x000074b193698e00, 0x000074b193698f80] Compiler: c1, Barriers: 1, Oops: 0, ImmediateOops: 0, NonImmediateOops: No
[2,533s][debug][gc,nmethod  ] Register NMethod: jdk.internal.loader.URLClassPath.getLoader (0x000074b1b2c38188) [0x000074b1b2c38280, 0x000074b1b2c38f80] Compiler: jvmci, Barriers: 12, Oops: 0, ImmediateOops: 0, NonImmediateOops: No
[2,534s][debug][gc,nmethod  ] Register NMethod: java.lang.invoke.LambdaForm.useCount (0x000074b193699008) [0x000074b193699100, 0x000074b1936995a8] Compiler: c1, Barriers: 4, Oops: 0, ImmediateOops: 0, NonImmediateOops: No
[2,534s][debug][gc,nmethod  ] Register NMethod: java.lang.invoke.MethodHandles$Lookup.checkSymbolicClass (0x000074b193699608) [0x000074b193699700, 0x000074b193699ce8] Compiler: c1, Barriers: 0, Oops: 0, ImmediateOops: 1, NonImmediateOops: No
[2,534s][debug][gc,nmethod  ] Register NMethod: java.lang.classfile.constantpool.ConstantPoolBuilder.methodRefEntry (0x000074b193699d08) [0x000074b193699e00, 0x000074b19369a530] Compiler: c1, Barriers: 0, Oops: 0, ImmediateOops: 0, NonImmediateOops: No
[2,535s][debug][gc,nmethod  ] Register NMethod: jdk.internal.constant.MethodTypeDescImpl.buildDescriptorString (0x000074b19369a588) [0x000074b19369a680, 0x000074b1936a1320] Compiler: c1, Barriers: 18, Oops: 3, ImmediateOops: 27, NonImmediateOops: No
[2,535s][debug][gc,nmethod  ] Register NMethod: jdk.internal.classfile.impl.SplitConstantPool.entryByIndex (0x000074b1b2c38f88) [0x000074b1b2c39080, 0x000074b1b2c39240] Compiler: jvmci, Barriers: 2, Oops: 0, ImmediateOops: 0, NonImmediateOops: No
[2,536s][debug][gc,nmethod  ] Register NMethod: java.lang.classfile.constantpool.MemberRefEntry.type (0x000074b1936a1388) [0x000074b1936a1480, 0x000074b1936a1ee0] Compiler: c1, Barriers: 2, Oops: 0, ImmediateOops: 0, NonImmediateOops: No
[2,536s][debug][gc,nmethod  ] Register NMethod: java.util.List.copyOf (0x000074b1936a1f08) [0x000074b1936a2000, 0x000074b1936a2110] Compiler: c1, Barriers: 0, Oops: 0, ImmediateOops: 0, NonImmediateOops: No
[2,537s][debug][gc,nmethod  ] Register NMethod: jdk.internal.classfile.impl.AbstractPoolEntry$Utf8EntryImpl.clone (0x000074b1936a2208) [0x000074b1936a2300, 0x000074b1936a25f8] Compiler: c1, Barriers: 0, Oops: 0, ImmediateOops: 0, NonImmediateOops: No
[2,537s][debug][gc,nmethod  ] Register NMethod: java.util.ImmutableCollections.listCopy (0x000074b1936a2608) [0x000074b1936a2700, 0x000074b1936a35b8] Compiler: c1, Barriers: 0, Oops: 0, ImmediateOops: 1, NonImmediateOops: No
[2,537s][debug][gc,nmethod  ] Register NMethod: jdk.internal.classfile.impl.AbstractPoolEntry$Utf8EntryImpl.clone (0x000074b1936a3608) [0x000074b1936a3700, 0x000074b1936a4268] Compiler: c1, Barriers: 8, Oops: 0, ImmediateOops: 1, NonImmediateOops: No
[2,539s][debug][gc,nmethod  ] Register NMethod: java.lang.StringLatin1.getChar (0x000074b1936a4288) [0x000074b1936a4380, 0x000074b1936a4490] Compiler: c1, Barriers: 0, Oops: 0, ImmediateOops: 0, NonImmediateOops: No
[2,540s][debug][gc,director ] Rule Major: Warmup 10%, Used: 60MB, UsedThreshold: 1228MB
[2,543s][debug][gc,nmethod  ] Register NMethod: jdk.internal.loader.URLClassPath$JarLoader.ensureOpen (0x000074b1b2c39288) [0x000074b1b2c39380, 0x000074b1b2c39538] Compiler: jvmci, Barriers: 5, Oops: 0, ImmediateOops: 0, NonImmediateOops: No
[2,543s][debug][gc,nmethod  ] Register NMethod: java.util.ImmutableCollections$List12.<init> (0x000074b1936a4588) [0x000074b1936a4680, 0x000074b1936a4b30] Compiler: c1, Barriers: 6, Oops: 0, ImmediateOops: 1, NonImmediateOops: No
[2,543s][debug][gc,nmethod  ] Register NMethod: jdk.internal.classfile.impl.Util.isDoubleSlot (0x000074b1936a4b88) [0x000074b1936a4c80, 0x000074b1936a4df0] Compiler: c1, Barriers: 0, Oops: 0, ImmediateOops: 2, NonImmediateOops: No
[2,543s][debug][gc,nmethod  ] Register NMethod: java.lang.classfile.Opcode.sizeIfFixed (0x000074b1b2c39588) [0x000074b1b2c39680, 0x000074b1b2c39740] Compiler: c1, Barriers: 0, Oops: 0, ImmediateOops: 0, NonImmediateOops: No
[2,543s][debug][gc,nmethod  ] Register NMethod: java.lang.String.valueOf (0x000074b1936a4e88) [0x000074b1936a4f80, 0x000074b1936a52b8] Compiler: c1, Barriers: 0, Oops: 0, ImmediateOops: 1, NonImmediateOops: No
[2,543s][debug][gc,nmethod  ] Register NMethod: java.lang.reflect.Executable.<init> (0x000074b1936a5308) [0x000074b1936a5400, 0x000074b1936a55b8] Compiler: c1, Barriers: 0, Oops: 0, ImmediateOops: 0, NonImmediateOops: No
[2,544s][debug][gc,nmethod  ] Register NMethod: java.lang.PublicMethods$Key.matches (0x000074b1936a5608) [0x000074b1936a5700, 0x000074b1936a5df0] Compiler: c1, Barriers: 2, Oops: 1, ImmediateOops: 2, NonImmediateOops: No
[2,545s][debug][gc,nmethod  ] Register NMethod: java.util.BitSet.get (0x000074b1936a5e08) [0x000074b1936a5f00, 0x000074b1936a6da8] Compiler: c1, Barriers: 1, Oops: 1, ImmediateOops: 2, NonImmediateOops: No
[2,550s][debug][gc,director ] Rule Major: Warmup 10%, Used: 62MB, UsedThreshold: 1228MB
[2,555s][debug][gc,nmethod  ] Register NMethod: java.util.zip.ZipFile$Source.getEntryPos (0x000074b1b2c39888) [0x000074b1b2c39980, 0x000074b1b2c3a0f8] Compiler: jvmci, Barriers: 6, Oops: 0, ImmediateOops: 0, NonImmediateOops: No
[2,556s][debug][gc,nmethod  ] Register NMethod: java.util.zip.ZipFile.getEntry (0x000074b1b2c3a108) [0x000074b1b2c3a200, 0x000074b1b2c3ac98] Compiler: jvmci, Barriers: 7, Oops: 0, ImmediateOops: 0, NonImmediateOops: No
[2,556s][debug][gc,nmethod  ] Register NMethod: jdk.internal.loader.NativeLibrary.findEntry0 (0x000074b1b2c3ad08) [0x000074b1b2c3ae00, 0x000074b1b2c3af70] Compiler: , Barriers: 0, Oops: 0, ImmediateOops: 1, NonImmediateOops: No
[2,556s][debug][gc,nmethod  ] Register NMethod: java.util.BitSet.wordIndex (0x000074b1b2c3b008) [0x000074b1b2c3b100, 0x000074b1b2c3b168] Compiler: jvmci, Barriers: 0, Oops: 0, ImmediateOops: 0, NonImmediateOops: No
[2,556s][debug][gc,nmethod  ] Register NMethod: java.lang.Class.forName0 (0x000074b1b2c3b308) [0x000074b1b2c3b400, 0x000074b1b2c3b760] Compiler: , Barriers: 0, Oops: 0, ImmediateOops: 1, NonImmediateOops: No
[2,557s][debug][gc,nmethod  ] Register NMethod: java.lang.invoke.MethodHandle.linkToInterface (0x000074b1b2c3b788) [0x000074b1b2c3b880, 0x000074b1b2c3b9b0] Compiler: , Barriers: 0, Oops: 0, ImmediateOops: 0, NonImmediateOops: No
[2,558s][debug][gc,nmethod  ] Register NMethod: java.lang.invoke.MethodHandle.invokeBasic (0x000074b1b2c3ba88) [0x000074b1b2c3bb80, 0x000074b1b2c3be18] Compiler: , Barriers: 0, Oops: 0, ImmediateOops: 0, NonImmediateOops: No
[2,559s][debug][gc,nmethod  ] Register NMethod: jdk.internal.classfile.impl.SplitConstantPool.utf8Entry (0x000074b1936a6e08) [0x000074b1936a6f00, 0x000074b1936a7700] Compiler: c1, Barriers: 4, Oops: 0, ImmediateOops: 0, NonImmediateOops: No
[2,559s][debug][gc,nmethod  ] Register NMethod: java.lang.invoke.MethodHandle.isBuiltinLoader (0x000074b1936a7708) [0x000074b1936a7800, 0x000074b1936a7a50] Compiler: c1, Barriers: 0, Oops: 0, ImmediateOops: 2, NonImmediateOops: No
[2,560s][debug][gc,director ] Rule Major: Warmup 10%, Used: 66MB, UsedThreshold: 1228MB
[2,561s][debug][gc,nmethod  ] Register NMethod: java.lang.Character.charCount (0x000074b1936a7a88) [0x000074b1936a7b80, 0x000074b1936a7cd0] Compiler: c1, Barriers: 0, Oops: 0, ImmediateOops: 0, NonImmediateOops: No
[2,562s][debug][gc,nmethod  ] Register NMethod: java.lang.Character$UnicodeBlock.<init> (0x000074b1936a7d88) [0x000074b1936a7e80, 0x000074b1936a8430] Compiler: c1, Barriers: 4, Oops: 0, ImmediateOops: 1, NonImmediateOops: No
[2,562s][debug][gc,nmethod  ] Register NMethod: java.lang.Character$Subset.<init> (0x000074b1936a8488) [0x000074b1936a8580, 0x000074b1936a8848] Compiler: c1, Barriers: 3, Oops: 0, ImmediateOops: 1, NonImmediateOops: No
[2,563s][debug][gc,nmethod  ] Register NMethod: java.lang.invoke.MethodHandle.linkToStatic (0x000074b1b2c3be88) [0x000074b1b2c3bf80, 0x000074b1b2c3c070] Compiler: , Barriers: 0, Oops: 0, ImmediateOops: 0, NonImmediateOops: No
[2,563s][debug][gc,nmethod  ] Register NMethod: java.lang.invoke.DirectMethodHandle.internalMemberName (0x000074b1b2c3c188) [0x000074b1b2c3c280, 0x000074b1b2c3c368] Compiler: c1, Barriers: 1, Oops: 0, ImmediateOops: 0, NonImmediateOops: No
[2,564s][debug][gc,nmethod  ] Register NMethod: java.util.concurrent.locks.AbstractQueuedSynchronizer.getState (0x000074b1b2c3c488) [0x000074b1b2c3c580, 0x000074b1b2c3c640] Compiler: c1, Barriers: 0, Oops: 0, ImmediateOops: 0, NonImmediateOops: No
[2,564s][debug][gc,nmethod  ] Register NMethod: java.util.concurrent.locks.AbstractOwnableSynchronizer.getExclusiveOwnerThread (0x000074b1b2c3c788) [0x000074b1b2c3c880, 0x000074b1b2c3c968] Compiler: c1, Barriers: 1, Oops: 0, ImmediateOops: 0, NonImmediateOops: No
[2,564s][debug][gc,nmethod  ] Register NMethod: java.lang.Integer.valueOf (0x000074b1936a8888) [0x000074b1936a8980, 0x000074b1936a8c98] Compiler: c1, Barriers: 1, Oops: 0, ImmediateOops: 1, NonImmediateOops: No
[2,564s][debug][gc,nmethod  ] Register NMethod: java.util.concurrent.locks.AbstractOwnableSynchronizer.setExclusiveOwnerThread (0x000074b1b2c3ca88) [0x000074b1b2c3cb80, 0x000074b1b2c3ccb0] Compiler: c1, Barriers: 3, Oops: 0, ImmediateOops: 0, NonImmediateOops: No
[2,564s][debug][gc,nmethod  ] Register NMethod: java.util.concurrent.locks.AbstractQueuedSynchronizer.setState (0x000074b1b2c3cd88) [0x000074b1b2c3ce80, 0x000074b1b2c3cf48] Compiler: c1, Barriers: 0, Oops: 0, ImmediateOops: 0, NonImmediateOops: No
[2,565s][debug][gc,nmethod  ] Register NMethod: java.io.UnixFileSystem.hasBooleanAttributes (0x000074b1936a8d08) [0x000074b1936a8e00, 0x000074b1936a9978] Compiler: c1, Barriers: 3, Oops: 1, ImmediateOops: 1, NonImmediateOops: No
[2,566s][debug][gc,nmethod  ] Register NMethod: sun.net.util.IPAddressUtil.scan (0x000074b1936a9988) [0x000074b1936a9a80, 0x000074b1936aaad0] Compiler: c1, Barriers: 3, Oops: 1, ImmediateOops: 2, NonImmediateOops: No
[2,566s][debug][gc,nmethod  ] Register NMethod: java.util.concurrent.ConcurrentHashMap.putVal (0x000074b1936aab08) [0x000074b1936aac00, 0x000074b1936ad148] Compiler: c1, Barriers: 28, Oops: 0, ImmediateOops: 1, NonImmediateOops: No
[2,570s][debug][gc,director ] Rule Major: Warmup 10%, Used: 66MB, UsedThreshold: 1228MB
[2,572s][debug][gc,nmethod  ] Register NMethod: jdk.internal.classfile.impl.AbstractPoolEntry$Utf8EntryImpl.fieldTypeSymbol (0x000074b1936ad188) [0x000074b1936ad280, 0x000074b1936ae278] Compiler: c1, Barriers: 5, Oops: 0, ImmediateOops: 0, NonImmediateOops: No
[2,572s][debug][gc,nmethod  ] Register NMethod: jdk.internal.module.SystemModuleFinders$SystemImage.reader (0x000074b1936ae288) [0x000074b1936ae380, 0x000074b1936ae468] Compiler: c1, Barriers: 0, Oops: 0, ImmediateOops: 1, NonImmediateOops: No
[2,573s][debug][gc,nmethod  ] Register NMethod: jdk.internal.jimage.ImageStringsReader.hashCode (0x000074b1936ae588) [0x000074b1936ae680, 0x000074b1936ae7e0] Compiler: c1, Barriers: 0, Oops: 0, ImmediateOops: 0, NonImmediateOops: No
[2,573s][debug][gc,nmethod  ] Register NMethod: jdk.internal.jimage.ImageReader.requireOpen (0x000074b1936ae888) [0x000074b1936ae980, 0x000074b1936aeb88] Compiler: c1, Barriers: 0, Oops: 0, ImmediateOops: 1, NonImmediateOops: No
[2,573s][debug][gc,nmethod  ] Register NMethod: java.util.zip.Inflater.init (0x000074b1b2c3d088) [0x000074b1b2c3d180, 0x000074b1b2c3d2e0] Compiler: , Barriers: 0, Oops: 0, ImmediateOops: 1, NonImmediateOops: No
[2,573s][debug][gc,nmethod  ] Register NMethod: jdk.internal.loader.BuiltinClassLoader.moduleReaderFor (0x000074b1936aec08) [0x000074b1936aed00, 0x000074b1936af908] Compiler: c1, Barriers: 5, Oops: 0, ImmediateOops: 0, NonImmediateOops: No
[2,573s][debug][gc,nmethod  ] Register NMethod: jdk.internal.jimage.ImageStringsReader.hashCode (0x000074b1936af988) [0x000074b1936afa80, 0x000074b1936afc30] Compiler: c1, Barriers: 0, Oops: 0, ImmediateOops: 0, NonImmediateOops: No
[2,573s][debug][gc,nmethod  ] Register NMethod: jdk.internal.jimage.BasicImageReader.getLocationIndex (0x000074b1936afc88) [0x000074b1936afd80, 0x000074b1936b0548] Compiler: c1, Barriers: 2, Oops: 0, ImmediateOops: 0, NonImmediateOops: No
[2,573s][debug][gc,nmethod  ] Register NMethod: jdk.internal.module.SystemModuleFinders$SystemModuleReader.containsImageLocation (0x000074b1936b0588) [0x000074b1936b0680, 0x000074b1936b1060] Compiler: c1, Barriers: 2, Oops: 1, ImmediateOops: 4, NonImmediateOops: No
[2,574s][debug][gc,nmethod  ] Register NMethod: jdk.internal.module.SystemModuleFinders$SystemModuleReader.find (0x000074b1936b1088) [0x000074b1936b1180, 0x000074b1936b27f0] Compiler: c1, Barriers: 5, Oops: 2, ImmediateOops: 4, NonImmediateOops: No
[2,574s][debug][gc,nmethod  ] Register NMethod: jdk.internal.jimage.BasicImageReader.verifyLocation (0x000074b1936b2808) [0x000074b1936b2900, 0x000074b1936b2d98] Compiler: c1, Barriers: 3, Oops: 0, ImmediateOops: 0, NonImmediateOops: No
[2,574s][debug][gc,nmethod  ] Register NMethod: jdk.internal.jimage.ImageReader.verifyLocation (0x000074b1936b2e08) [0x000074b1936b2f00, 0x000074b1936b33b0] Compiler: c1, Barriers: 1, Oops: 0, ImmediateOops: 1, NonImmediateOops: No
[2,576s][debug][gc,nmethod  ] Register NMethod: java.lang.String.codePointAt (0x000074b1936b3408) [0x000074b1936b3500, 0x000074b1936b3b58] Compiler: c1, Barriers: 2, Oops: 1, ImmediateOops: 2, NonImmediateOops: No
[2,577s][debug][gc,nmethod  ] Register NMethod: jdk.internal.reflect.Reflection.getClassAccessFlags (0x000074b1b2c3d388) [0x000074b1b2c3d480, 0x000074b1b2c3d5e8] Compiler: , Barriers: 0, Oops: 0, ImmediateOops: 1, NonImmediateOops: No
[2,578s][debug][gc,nmethod  ] Register NMethod: jdk.internal.misc.Unsafe.fullFence (0x000074b1b2c3d688) [0x000074b1b2c3d780, 0x000074b1b2c3d8c8] Compiler: , Barriers: 0, Oops: 0, ImmediateOops: 0, NonImmediateOops: No
[2,578s][debug][gc,nmethod  ] Register NMethod: jdk.internal.classfile.impl.StackMapGenerator$Type.equals (0x000074b1936b3b88) [0x000074b1936b3c80, 0x000074b1936b45d0] Compiler: c1, Barriers: 2, Oops: 0, ImmediateOops: 0, NonImmediateOops: No
[2,578s][debug][gc,nmethod  ] Register NMethod: jdk.internal.classfile.impl.DirectCodeBuilder.processDeferredLabels (0x000074b1936b4608) [0x000074b1936b4700, 0x000074b1936b5110] Compiler: c1, Barriers: 5, Oops: 0, ImmediateOops: 0, NonImmediateOops: No
[2,578s][debug][gc,nmethod  ] Register NMethod: java.lang.classfile.ClassBuilder.withMethod (0x000074b1936b5188) [0x000074b1936b5280, 0x000074b1936b5d00] Compiler: c1, Barriers: 7, Oops: 0, ImmediateOops: 0, NonImmediateOops: No
[2,579s][debug][gc,nmethod  ] Register NMethod: jdk.internal.classfile.impl.SplitConstantPool.writeTo (0x000074b1936b5d08) [0x000074b1936b5e00, 0x000074b1936b85e0] Compiler: c1, Barriers: 10, Oops: 1, ImmediateOops: 2, NonImmediateOops: No
[2,579s][debug][gc,nmethod  ] Register NMethod: jdk.internal.classfile.impl.DirectClassBuilder.withMethod (0x000074b1936b8608) [0x000074b1936b8700, 0x000074b1936b8f60] Compiler: c1, Barriers: 2, Oops: 0, ImmediateOops: 0, NonImmediateOops: No
[2,579s][debug][gc,nmethod  ] Register NMethod: jdk.internal.classfile.impl.DirectMethodBuilder.run (0x000074b1936b8f88) [0x000074b1936b9080, 0x000074b1936b9398] Compiler: c1, Barriers: 0, Oops: 0, ImmediateOops: 0, NonImmediateOops: No
[2,579s][debug][gc,nmethod  ] Register NMethod: jdk.internal.classfile.impl.DirectMethodBuilder.withCode (0x000074b1936b9408) [0x000074b1936b9500, 0x000074b1936b9640] Compiler: c1, Barriers: 0, Oops: 0, ImmediateOops: 0, NonImmediateOops: No
[2,579s][debug][gc,nmethod  ] Register NMethod: jdk.internal.classfile.impl.DirectMethodBuilder.<init> (0x000074b1936b9708) [0x000074b1936b9800, 0x000074b1936ba6c8] Compiler: c1, Barriers: 21, Oops: 0, ImmediateOops: 1, NonImmediateOops: No
[2,579s][debug][gc,nmethod  ] Register NMethod: jdk.internal.classfile.impl.DirectMethodBuilder.withCode (0x000074b1936ba708) [0x000074b1936ba800, 0x000074b1936bad00] Compiler: c1, Barriers: 4, Oops: 0, ImmediateOops: 0, NonImmediateOops: No
[2,580s][debug][gc,nmethod  ] Register NMethod: java.util.jar.JarFile.getEntry (0x000074b1b2c3d988) [0x000074b1b2c3da80, 0x000074b1b2c3ef20] Compiler: jvmci, Barriers: 14, Oops: 2, ImmediateOops: 8, NonImmediateOops: No
[2,580s][debug][gc,nmethod  ] Register NMethod: jdk.internal.classfile.impl.ClassFileImpl.fixShortJumps (0x000074b1936bad08) [0x000074b1936bae00, 0x000074b1936bb040] Compiler: c1, Barriers: 2, Oops: 0, ImmediateOops: 0, NonImmediateOops: No
[2,580s][debug][gc,nmethod  ] Register NMethod: jdk.internal.classfile.impl.DirectCodeBuilder.build (0x000074b1936bb088) [0x000074b1936bb180, 0x000074b1936bbce8] Compiler: c1, Barriers: 3, Oops: 0, ImmediateOops: 0, NonImmediateOops: No
[2,580s][debug][gc,nmethod  ] Register NMethod: jdk.internal.classfile.impl.BufWriterImpl.<init> (0x000074b1936bbd08) [0x000074b1936bbe00, 0x000074b1936bbf50] Compiler: c1, Barriers: 0, Oops: 0, ImmediateOops: 0, NonImmediateOops: No
[2,580s][debug][gc,nmethod  ] Register NMethod: jdk.internal.classfile.impl.Util.maxLocals (0x000074b1936bc008) [0x000074b1936bc100, 0x000074b1936bc270] Compiler: c1, Barriers: 0, Oops: 0, ImmediateOops: 0, NonImmediateOops: No
[2,581s][debug][gc,director ] Rule Major: Warmup 10%, Used: 66MB, UsedThreshold: 1228MB
[2,581s][debug][gc,nmethod  ] Register NMethod: jdk.internal.classfile.impl.DirectCodeBuilder.<init> (0x000074b1936bc308) [0x000074b1936bc400, 0x000074b1936be0b0] Compiler: c1, Barriers: 56, Oops: 0, ImmediateOops: 6, NonImmediateOops: No
[2,581s][debug][gc,nmethod  ] Register NMethod: java.lang.String.isLatin1 (0x000074b1b2c3ef88) [0x000074b1b2c3f080, 0x000074b1b2c3f110] Compiler: jvmci, Barriers: 0, Oops: 0, ImmediateOops: 0, NonImmediateOops: No
[2,581s][debug][gc,nmethod  ] Register NMethod: java.io.File.exists (0x000074b1936be108) [0x000074b1936be200, 0x000074b1936be5b0] Compiler: c1, Barriers: 0, Oops: 0, ImmediateOops: 1, NonImmediateOops: No
[2,581s][debug][gc,nmethod  ] Register NMethod: jdk.internal.classfile.impl.DirectCodeBuilder.setLabelTarget (0x000074b1936be608) [0x000074b1936be700, 0x000074b1936bee18] Compiler: c1, Barriers: 1, Oops: 0, ImmediateOops: 0, NonImmediateOops: No
[2,581s][debug][gc,nmethod  ] Register NMethod: jdk.internal.classfile.impl.TerminalCodeBuilder.setupTopLocal (0x000074b1936bee88) [0x000074b1936bef80, 0x000074b1936c1508] Compiler: c1, Barriers: 1, Oops: 1, ImmediateOops: 3, NonImmediateOops: No
[2,581s][debug][gc,nmethod  ] Register NMethod: jdk.internal.classfile.impl.ClassFileImpl.passDebugElements (0x000074b1936c1588) [0x000074b1936c1680, 0x000074b1936c18c0] Compiler: c1, Barriers: 2, Oops: 0, ImmediateOops: 0, NonImmediateOops: No
[2,581s][debug][gc,nmethod  ] Register NMethod: java.lang.classfile.Attributes.code (0x000074b1936c1908) [0x000074b1936c1a00, 0x000074b1936c1ae8] Compiler: c1, Barriers: 0, Oops: 0, ImmediateOops: 1, NonImmediateOops: No
[2,581s][debug][gc,nmethod  ] Register NMethod: jdk.internal.classfile.impl.DirectCodeBuilder.buildContent (0x000074b1936c1c08) [0x000074b1936c1d00, 0x000074b1936c3700] Compiler: c1, Barriers: 23, Oops: 1, ImmediateOops: 2, NonImmediateOops: No
[2,582s][debug][gc,nmethod  ] Register NMethod: jdk.internal.classfile.impl.UnboundAttribute$AdHocAttribute.<init> (0x000074b1936c3788) [0x000074b1936c3880, 0x000074b1936c3b10] Compiler: c1, Barriers: 3, Oops: 0, ImmediateOops: 0, NonImmediateOops: No
[2,582s][debug][gc,nmethod  ] Register NMethod: jdk.internal.classfile.impl.DirectCodeBuilder$4.<init> (0x000074b1936c3b88) [0x000074b1936c3c80, 0x000074b1936c4140] Compiler: c1, Barriers: 6, Oops: 0, ImmediateOops: 0, NonImmediateOops: No
[2,582s][debug][gc,nmethod  ] Register NMethod: jdk.internal.classfile.impl.DirectClassBuilder.withMethod (0x000074b1936c4188) [0x000074b1936c4280, 0x000074b1936c4c38] Compiler: c1, Barriers: 9, Oops: 0, ImmediateOops: 0, NonImmediateOops: No
[2,583s][debug][gc,nmethod  ] Register NMethod: jdk.internal.classfile.impl.UnboundAttribute$AdHocAttribute.writeTo (0x000074b1936c4c88) [0x000074b1936c4d80, 0x000074b1936c67c0] Compiler: c1, Barriers: 5, Oops: 0, ImmediateOops: 0, NonImmediateOops: No
[2,583s][debug][gc,nmethod  ] Register NMethod: java.lang.Integer.hashCode (0x000074b1936c6808) [0x000074b1936c6900, 0x000074b1936c6a58] Compiler: c1, Barriers: 0, Oops: 0, ImmediateOops: 0, NonImmediateOops: No
[2,583s][debug][gc,nmethod  ] Register NMethod: java.lang.Integer.hashCode (0x000074b1936c6b08) [0x000074b1936c6c00, 0x000074b1936c6ce0] Compiler: c1, Barriers: 0, Oops: 0, ImmediateOops: 0, NonImmediateOops: No
[2,583s][debug][gc,nmethod  ] Register NMethod: jdk.internal.classfile.impl.DirectMethodBuilder.writeTo (0x000074b1936c6e08) [0x000074b1936c6f00, 0x000074b1936cb510] Compiler: c1, Barriers: 5, Oops: 1, ImmediateOops: 6, NonImmediateOops: No
[2,583s][debug][gc,nmethod  ] Register NMethod: jdk.internal.classfile.impl.ClassFileImpl.stackMapsWhenRequired (0x000074b1936cb588) [0x000074b1936cb680, 0x000074b1936cb838] Compiler: c1, Barriers: 1, Oops: 0, ImmediateOops: 1, NonImmediateOops: No
[2,583s][debug][gc,nmethod  ] Register NMethod: jdk.internal.loader.URLClassPath$JarLoader.getResource (0x000074b1b2c3f288) [0x000074b1b2c3f380, 0x000074b1b2c40ad8] Compiler: jvmci, Barriers: 19, Oops: 2, ImmediateOops: 8, NonImmediateOops: No
[2,583s][debug][gc,nmethod  ] Register NMethod: jdk.internal.classfile.impl.BufWriterImpl.bytecodeView (0x000074b1936cb888) [0x000074b1936cb980, 0x000074b1936cbd00] Compiler: c1, Barriers: 4, Oops: 0, ImmediateOops: 0, NonImmediateOops: No
[2,583s][debug][gc,nmethod  ] Register NMethod: jdk.internal.classfile.impl.RawBytecodeHelper$CodeRange.<init> (0x000074b1936cbd08) [0x000074b1936cbe00, 0x000074b1936cc038] Compiler: c1, Barriers: 3, Oops: 0, ImmediateOops: 0, NonImmediateOops: No
[2,584s][debug][gc,nmethod  ] Register NMethod: jdk.internal.classfile.impl.RawBytecodeHelper.of (0x000074b1936cc088) [0x000074b1936cc180, 0x000074b1936cc448] Compiler: c1, Barriers: 3, Oops: 0, ImmediateOops: 0, NonImmediateOops: No
[2,584s][debug][gc,nmethod  ] Register NMethod: jdk.internal.classfile.impl.BufWriterImpl.writeBytes (0x000074b1936cc488) [0x000074b1936cc580, 0x000074b1936cc8c0] Compiler: c1, Barriers: 1, Oops: 0, ImmediateOops: 0, NonImmediateOops: No
[2,584s][debug][gc,nmethod  ] Register NMethod: jdk.internal.classfile.impl.DirectCodeBuilder$4.writeBody (0x000074b1936cc908) [0x000074b1936cca00, 0x000074b1936d09e8] Compiler: c1, Barriers: 31, Oops: 1, ImmediateOops: 6, NonImmediateOops: No
[2,584s][debug][gc,nmethod  ] Register NMethod: jdk.internal.classfile.impl.DirectCodeBuilder.writeExceptionHandlers (0x000074b1936d0a08) [0x000074b1936d0b00, 0x000074b1936d1620] Compiler: c1, Barriers: 3, Oops: 0, ImmediateOops: 0, NonImmediateOops: No
[2,586s][debug][gc,nmethod  ] Register NMethod: java.lang.Package.isSealed (0x000074b1936d1688) [0x000074b1936d1780, 0x000074b1936d1e08] Compiler: c1, Barriers: 4, Oops: 0, ImmediateOops: 0, NonImmediateOops: No
[2,587s][debug][gc,nmethod  ] Register NMethod: java.lang.invoke.MethodHandle.linkToStatic (0x000074b1b2c40b08) [0x000074b1b2c40c00, 0x000074b1b2c40cf0] Compiler: , Barriers: 0, Oops: 0, ImmediateOops: 0, NonImmediateOops: No
[2,587s][debug][gc,nmethod  ] Register NMethod: java.lang.invoke.MethodHandleNatives.refKindIsField (0x000074b1936d1e88) [0x000074b1936d1f80, 0x000074b1936d20c0] Compiler: c1, Barriers: 0, Oops: 0, ImmediateOops: 0, NonImmediateOops: No
[2,587s][debug][gc,nmethod  ] Register NMethod: jdk.internal.classfile.impl.AnnotationImpl.className (0x000074b1b2c40e08) [0x000074b1b2c40f00, 0x000074b1b2c40fe8] Compiler: c1, Barriers: 1, Oops: 0, ImmediateOops: 0, NonImmediateOops: No
[2,587s][debug][gc,nmethod  ] Register NMethod: jdk.internal.classfile.impl.AnnotationImpl.elements (0x000074b1b2c41108) [0x000074b1b2c41200, 0x000074b1b2c412e8] Compiler: c1, Barriers: 1, Oops: 0, ImmediateOops: 0, NonImmediateOops: No
[2,589s][debug][gc,nmethod  ] Register NMethod: java.util.logging.LogManager$LoggerContext.getOwner (0x000074b1b2c41408) [0x000074b1b2c41500, 0x000074b1b2c415e8] Compiler: c1, Barriers: 1, Oops: 0, ImmediateOops: 0, NonImmediateOops: No
[2,590s][debug][gc,nmethod  ] Register NMethod: jdk.internal.jimage.ImageStringsReader.match (0x000074b1936d2188) [0x000074b1936d2280, 0x000074b1936d25b0] Compiler: c1, Barriers: 1, Oops: 0, ImmediateOops: 0, NonImmediateOops: No
[2,590s][debug][gc,nmethod  ] Register NMethod: jdk.internal.jimage.BasicImageReader.match (0x000074b1936d2608) [0x000074b1936d2700, 0x000074b1936d2b58] Compiler: c1, Barriers: 1, Oops: 0, ImmediateOops: 1, NonImmediateOops: No
[2,591s][debug][gc,nmethod  ] Register NMethod: jdk.internal.jimage.ImageStringsReader.unmaskedHashCode (0x000074b1b2c41708) [0x000074b1b2c41800, 0x000074b1b2c41cb0] Compiler: jvmci, Barriers: 1, Oops: 0, ImmediateOops: 0, NonImmediateOops: No
[2,591s][debug][gc,director ] Rule Major: Warmup 10%, Used: 66MB, UsedThreshold: 1228MB
[2,591s][debug][gc,nmethod  ] Register NMethod: jdk.internal.jimage.ImageLocation.verifyName (0x000074b1936d2b88) [0x000074b1936d2c80, 0x000074b1936d5258] Compiler: c1, Barriers: 9, Oops: 1, ImmediateOops: 4, NonImmediateOops: No
[2,591s][debug][gc,nmethod  ] Register NMethod: jdk.internal.jimage.ImageStringsReader.stringFromByteBufferMatches (0x000074b1936d5288) [0x000074b1936d5380, 0x000074b1936d7270] Compiler: c1, Barriers: 5, Oops: 1, ImmediateOops: 4, NonImmediateOops: No
[2,592s][debug][gc,nmethod  ] Register NMethod: java.util.jar.JarFile.getVersionedEntry (0x000074b1936d7288) [0x000074b1936d7380, 0x000074b1936d8eb0] Compiler: c1, Barriers: 3, Oops: 3, ImmediateOops: 5, NonImmediateOops: No
[2,592s][debug][gc,nmethod  ] Register NMethod: java.lang.invoke.MemberName.isCallerSensitive (0x000074b1936d8f08) [0x000074b1936d9000, 0x000074b1936d91b8] Compiler: c1, Barriers: 0, Oops: 0, ImmediateOops: 0, NonImmediateOops: No
[2,592s][debug][gc,nmethod  ] Register NMethod: java.lang.invoke.Invokers$Holder.linkToTargetMethod (0x000074b1936d9208) [0x000074b1936d9300, 0x000074b1936d97f8] Compiler: c1, Barriers: 0, Oops: 0, ImmediateOops: 0, NonImmediateOops: No
[2,592s][debug][gc,nmethod  ] Register NMethod: java.util.Properties.getProperty (0x000074b1936d9808) [0x000074b1936d9900, 0x000074b1936da1a0] Compiler: c1, Barriers: 2, Oops: 0, ImmediateOops: 0, NonImmediateOops: No
[2,593s][debug][gc,nmethod  ] Register NMethod: java.lang.invoke.MethodHandle.linkToStatic (0x000074b1b2c41d08) [0x000074b1b2c41e00, 0x000074b1b2c41ef0] Compiler: , Barriers: 0, Oops: 0, ImmediateOops: 0, NonImmediateOops: No
[2,593s][debug][gc,nmethod  ] Register NMethod: jdk.internal.misc.Unsafe.shouldBeInitialized0 (0x000074b1b2c42008) [0x000074b1b2c42100, 0x000074b1b2c42270] Compiler: , Barriers: 0, Oops: 0, ImmediateOops: 0, NonImmediateOops: No
[2,593s][debug][gc,nmethod  ] Register NMethod: java.lang.invoke.LambdaForm$Name.<init> (0x000074b1936da208) [0x000074b1936da300, 0x000074b1936db2c8] Compiler: c1, Barriers: 8, Oops: 0, ImmediateOops: 1, NonImmediateOops: No
[2,594s][debug][gc,nmethod  ] Register NMethod: jdk.internal.util.ArraysSupport.mismatch (0x000074b1b2c42308) [0x000074b1b2c42400, 0x000074b1b2c42690] Compiler: jvmci, Barriers: 0, Oops: 0, ImmediateOops: 0, NonImmediateOops: No
[2,595s][debug][gc,nmethod  ] Register NMethod: jdk.internal.jimage.ImageLocation.verify (0x000074b1936db308) [0x000074b1936db400, 0x000074b1936dce70] Compiler: c1, Barriers: 1, Oops: 1, ImmediateOops: 2, NonImmediateOops: No
[2,596s][debug][gc,nmethod  ] Register NMethod: java.util.jar.Manifest$FastInputStream.readLine (0x000074b1b2c42708) [0x000074b1b2c42800, 0x000074b1b2c430f0] Compiler: jvmci, Barriers: 3, Oops: 0, ImmediateOops: 0, NonImmediateOops: No
[2,598s][debug][gc,nmethod  ] Register NMethod: java.lang.invoke.InfoFromMemberName.getReferenceKind (0x000074b1b2c43108) [0x000074b1b2c43200, 0x000074b1b2c432c0] Compiler: c1, Barriers: 0, Oops: 0, ImmediateOops: 0, NonImmediateOops: No
[2,598s][debug][gc,nmethod  ] Register NMethod: java.lang.invoke.MemberName.getReferenceKind (0x000074b1b2c43408) [0x000074b1b2c43500, 0x000074b1b2c43590] Compiler: jvmci, Barriers: 0, Oops: 0, ImmediateOops: 0, NonImmediateOops: No
[2,598s][debug][gc,nmethod  ] Register NMethod: java.util.stream.AbstractPipeline.getStreamAndOpFlags (0x000074b1b2c43708) [0x000074b1b2c43800, 0x000074b1b2c438c0] Compiler: c1, Barriers: 0, Oops: 0, ImmediateOops: 0, NonImmediateOops: No
[2,599s][debug][gc,nmethod  ] Register NMethod: jdk.internal.loader.URLClassPath$JarLoader.findResource (0x000074b1936dce88) [0x000074b1936dcf80, 0x000074b1936dd310] Compiler: c1, Barriers: 0, Oops: 0, ImmediateOops: 0, NonImmediateOops: No
[2,599s][debug][gc,nmethod  ] Register NMethod: java.nio.Buffer.position (0x000074b1b2c43a08) [0x000074b1b2c43b00, 0x000074b1b2c43bc0] Compiler: c1, Barriers: 0, Oops: 0, ImmediateOops: 0, NonImmediateOops: No
[2,599s][debug][gc,nmethod  ] Register NMethod: java.lang.Character.isJavaIdentifierPart (0x000074b1936dd388) [0x000074b1936dd480, 0x000074b1936dd7b0] Compiler: c1, Barriers: 0, Oops: 0, ImmediateOops: 0, NonImmediateOops: No
[2,599s][debug][gc,nmethod  ] Register NMethod: java.lang.CharacterDataLatin1.isJavaIdentifierPart (0x000074b1936dd808) [0x000074b1936dd900, 0x000074b1936ddc98] Compiler: c1, Barriers: 0, Oops: 0, ImmediateOops: 1, NonImmediateOops: No
[2,600s][debug][gc,nmethod  ] Register NMethod: java.lang.invoke.MethodHandles$Lookup.<init> (0x000074b1936ddd08) [0x000074b1936dde00, 0x000074b1936de070] Compiler: c1, Barriers: 6, Oops: 0, ImmediateOops: 0, NonImmediateOops: No
[2,601s][debug][gc,director ] Rule Major: Warmup 10%, Used: 68MB, UsedThreshold: 1228MB
[2,601s][debug][gc,nmethod  ] Register NMethod: jdk.internal.loader.Resource.cachedInputStream (0x000074b1936de088) [0x000074b1936de180, 0x000074b1936de6e0] Compiler: c1, Barriers: 5, Oops: 0, ImmediateOops: 0, NonImmediateOops: No
[2,601s][debug][gc,nmethod  ] Register NMethod: java.lang.classfile.ClassFile.latestMajorVersion (0x000074b1b2c43d08) [0x000074b1b2c43e00, 0x000074b1b2c43ea0] Compiler: c1, Barriers: 0, Oops: 0, ImmediateOops: 0, NonImmediateOops: No
[2,602s][debug][gc,nmethod  ] Register NMethod: jdk.internal.classfile.impl.AbstractPoolEntry$MethodRefEntryImpl.<init> (0x000074b1936de708) [0x000074b1936de800, 0x000074b1936de950] Compiler: c1, Barriers: 0, Oops: 0, ImmediateOops: 0, NonImmediateOops: No
[2,602s][debug][gc,nmethod  ] Register NMethod: jdk.internal.classfile.impl.BufWriterImpl.writeBytes (0x000074b1936dea08) [0x000074b1936deb00, 0x000074b1936deff0] Compiler: c1, Barriers: 2, Oops: 0, ImmediateOops: 0, NonImmediateOops: No
[2,602s][debug][gc,nmethod  ] Register NMethod: jdk.internal.classfile.impl.BufWriterImpl.copyTo (0x000074b1936df008) [0x000074b1936df100, 0x000074b1936df4c0] Compiler: c1, Barriers: 1, Oops: 0, ImmediateOops: 0, NonImmediateOops: No
[2,602s][debug][gc,nmethod  ] Register NMethod: java.lang.String.startsWith (0x000074b1b2c44008) [0x000074b1b2c44100, 0x000074b1b2c44418] Compiler: jvmci, Barriers: 2, Oops: 0, ImmediateOops: 0, NonImmediateOops: No
[2,602s][debug][gc,nmethod  ] Register NMethod: jdk.internal.classfile.impl.Util.writeList (0x000074b1936df508) [0x000074b1936df600, 0x000074b1936dff90] Compiler: c1, Barriers: 3, Oops: 0, ImmediateOops: 0, NonImmediateOops: No
[2,602s][debug][gc,nmethod  ] Register NMethod: java.lang.classfile.ClassFile.latestMinorVersion (0x000074b1b2c44488) [0x000074b1b2c44580, 0x000074b1b2c44620] Compiler: c1, Barriers: 0, Oops: 0, ImmediateOops: 0, NonImmediateOops: No
[2,602s][debug][gc,nmethod  ] Register NMethod: jdk.internal.classfile.impl.DirectClassBuilder.setFlags (0x000074b1b2c44788) [0x000074b1b2c44880, 0x000074b1b2c44940] Compiler: c1, Barriers: 0, Oops: 0, ImmediateOops: 0, NonImmediateOops: No
[2,603s][debug][gc,nmethod  ] Register NMethod: jdk.internal.classfile.impl.StackMapGenerator.processInvokeInstructions (0x000074b1936e0008) [0x000074b1936e0100, 0x000074b1936e6bd0] Compiler: c1, Barriers: 19, Oops: 5, ImmediateOops: 17, NonImmediateOops: No
[2,603s][debug][gc,nmethod  ] Register NMethod: java.lang.invoke.DirectMethodHandle.preparedLambdaForm (0x000074b1936e6c08) [0x000074b1936e6d00, 0x000074b1936e7b90] Compiler: c1, Barriers: 4, Oops: 0, ImmediateOops: 0, NonImmediateOops: No
[2,603s][debug][gc,nmethod  ] Register NMethod: java.util.HashMap.getOrDefault (0x000074b1936e7c08) [0x000074b1936e7d00, 0x000074b1936e8078] Compiler: c1, Barriers: 1, Oops: 0, ImmediateOops: 0, NonImmediateOops: No
[2,604s][debug][gc,nmethod  ] Register NMethod: java.nio.DirectByteBuffer.get (0x000074b1b2c44a88) [0x000074b1b2c44b80, 0x000074b1b2c44ca8] Compiler: jvmci, Barriers: 1, Oops: 0, ImmediateOops: 0, NonImmediateOops: No
[2,605s][debug][gc,nmethod  ] Register NMethod: java.lang.invoke.BoundMethodHandle.<init> (0x000074b1936e8088) [0x000074b1936e8180, 0x000074b1936e82d8] Compiler: c1, Barriers: 0, Oops: 0, ImmediateOops: 0, NonImmediateOops: No
[2,605s][debug][gc,nmethod  ] Register NMethod: java.lang.invoke.MethodHandleImpl.isCompileConstant (0x000074b1b2c44d88) [0x000074b1b2c44e80, 0x000074b1b2c44f20] Compiler: c1, Barriers: 0, Oops: 0, ImmediateOops: 0, NonImmediateOops: No
[2,608s][debug][gc,nmethod  ] Register NMethod: java.util.BitSet.length (0x000074b1936e8388) [0x000074b1936e8480, 0x000074b1936e8758] Compiler: c1, Barriers: 1, Oops: 0, ImmediateOops: 0, NonImmediateOops: No
[2,611s][debug][gc,nmethod  ] Register NMethod: sun.net.www.protocol.file.Handler.parseURL (0x000074b1936e8788) [0x000074b1936e8880, 0x000074b1936e8bf0] Compiler: c1, Barriers: 0, Oops: 0, ImmediateOops: 0, NonImmediateOops: No
[2,611s][debug][gc,director ] Rule Major: Warmup 10%, Used: 68MB, UsedThreshold: 1228MB
[2,613s][debug][gc,nmethod  ] Register NMethod: sun.reflect.generics.parser.SignatureParser.skipIdentifier (0x000074b1936e8c08) [0x000074b1936e8d00, 0x000074b1936e9378] Compiler: c1, Barriers: 0, Oops: 0, ImmediateOops: 0, NonImmediateOops: No
[2,614s][debug][gc,nmethod  ] Register NMethod: java.util.LinkedHashMap$LinkedHashIterator.hasNext (0x000074b1936e9388) [0x000074b1936e9480, 0x000074b1936e9600] Compiler: c1, Barriers: 1, Oops: 0, ImmediateOops: 0, NonImmediateOops: No
[2,614s][debug][gc,nmethod  ] Rebuilding NMethod Table: 2048->4096 entries, 1434(70%->35%) registered, 0(0%->0%) unregistered
[2,614s][debug][gc,nmethod  ] Register NMethod: java.lang.invoke.DirectMethodHandle$Holder.newInvokeSpecial (0x000074b1936e9688) [0x000074b1936e9780, 0x000074b1936e9ff8] Compiler: c1, Barriers: 2, Oops: 0, ImmediateOops: 1, NonImmediateOops: No
[2,615s][debug][gc,nmethod  ] Register NMethod: java.lang.classfile.CodeBuilder.checkcast (0x000074b1936ea008) [0x000074b1936ea100, 0x000074b1936eaa38] Compiler: c1, Barriers: 2, Oops: 0, ImmediateOops: 0, NonImmediateOops: No
[2,615s][debug][gc,nmethod  ] Register NMethod: jdk.internal.classfile.impl.DirectCodeBuilder.fieldAccess (0x000074b1936eaa88) [0x000074b1936eab80, 0x000074b1936eb4b8] Compiler: c1, Barriers: 1, Oops: 0, ImmediateOops: 0, NonImmediateOops: No
[2,615s][debug][gc,nmethod  ] Register NMethod: jdk.internal.classfile.impl.StackCounter$Target.<init> (0x000074b1936eb508) [0x000074b1936eb600, 0x000074b1936eb7c0] Compiler: c1, Barriers: 0, Oops: 0, ImmediateOops: 0, NonImmediateOops: No
[2,615s][debug][gc,nmethod  ] Register NMethod: jdk.internal.classfile.impl.DirectCodeBuilder.startLabel (0x000074b1b2c45088) [0x000074b1b2c45180, 0x000074b1b2c45268] Compiler: c1, Barriers: 1, Oops: 0, ImmediateOops: 0, NonImmediateOops: No
[2,615s][debug][gc,nmethod  ] Register NMethod: jdk.internal.classfile.impl.DirectCodeBuilder.checkcast (0x000074b1936eb808) [0x000074b1936eb900, 0x000074b1936ec050] Compiler: c1, Barriers: 1, Oops: 0, ImmediateOops: 0, NonImmediateOops: No
[2,615s][debug][gc,nmethod  ] Register NMethod: java.util.LinkedHashMap$LinkedHashIterator.nextNode (0x000074b1936ec088) [0x000074b1936ec180, 0x000074b1936ec640] Compiler: c1, Barriers: 10, Oops: 0, ImmediateOops: 0, NonImmediateOops: No
[2,615s][debug][gc,nmethod  ] Register NMethod: jdk.internal.classfile.impl.StackCounter.next (0x000074b1936ec688) [0x000074b1936ec780, 0x000074b1936eda80] Compiler: c1, Barriers: 6, Oops: 1, ImmediateOops: 2, NonImmediateOops: No
[2,615s][debug][gc,nmethod  ] Register NMethod: jdk.internal.classfile.impl.RawBytecodeHelper.reset (0x000074b1936edb08) [0x000074b1936edc00, 0x000074b1936edfb0] Compiler: c1, Barriers: 1, Oops: 1, ImmediateOops: 1, NonImmediateOops: No
[2,616s][debug][gc,nmethod  ] Register NMethod: jdk.internal.classfile.impl.Util.slotSize (0x000074b1936ee008) [0x000074b1936ee100, 0x000074b1936ee3a0] Compiler: c1, Barriers: 0, Oops: 0, ImmediateOops: 3, NonImmediateOops: No
[2,616s][debug][gc,nmethod  ] Register NMethod: jdk.internal.classfile.impl.AbstractPoolEntry$StringEntryImpl.tag (0x000074b1b2c45388) [0x000074b1b2c45480, 0x000074b1b2c45540] Compiler: c1, Barriers: 0, Oops: 0, ImmediateOops: 0, NonImmediateOops: No
[2,616s][debug][gc,nmethod  ] Register NMethod: jdk.internal.classfile.impl.AbstractPseudoInstruction$ExceptionCatchImpl.tryStart (0x000074b1b2c45688) [0x000074b1b2c45780, 0x000074b1b2c45868] Compiler: c1, Barriers: 1, Oops: 0, ImmediateOops: 0, NonImmediateOops: No
[2,616s][debug][gc,nmethod  ] Register NMethod: jdk.internal.classfile.impl.AbstractPseudoInstruction$ExceptionCatchImpl.tryEnd (0x000074b1b2c45988) [0x000074b1b2c45a80, 0x000074b1b2c45b68] Compiler: c1, Barriers: 1, Oops: 0, ImmediateOops: 0, NonImmediateOops: No
[2,616s][debug][gc,nmethod  ] Register NMethod: jdk.internal.classfile.impl.AbstractPseudoInstruction$ExceptionCatchImpl.handler (0x000074b1b2c45c88) [0x000074b1b2c45d80, 0x000074b1b2c45e68] Compiler: c1, Barriers: 1, Oops: 0, ImmediateOops: 0, NonImmediateOops: No
[2,616s][debug][gc,nmethod  ] Register NMethod: jdk.internal.classfile.impl.BufWriterImpl.cpIndexOrZero (0x000074b1936ee408) [0x000074b1936ee500, 0x000074b1936f09b0] Compiler: c1, Barriers: 1, Oops: 1, ImmediateOops: 3, NonImmediateOops: No
[2,617s][debug][gc,nmethod  ] Register NMethod: java.nio.HeapByteBuffer.byteOffset (0x000074b1936f0a08) [0x000074b1936f0b00, 0x000074b1936f0c08] Compiler: c1, Barriers: 0, Oops: 0, ImmediateOops: 0, NonImmediateOops: No
[2,617s][debug][gc,nmethod  ] Register NMethod: java.nio.Buffer.nextGetIndex (0x000074b1936f0d08) [0x000074b1936f0e00, 0x000074b1936f0fc0] Compiler: c1, Barriers: 0, Oops: 0, ImmediateOops: 0, NonImmediateOops: No
[2,617s][debug][gc,nmethod  ] Register NMethod: java.util.HashMap.put (0x000074b1936f1008) [0x000074b1936f1100, 0x000074b1936f16e8] Compiler: c1, Barriers: 0, Oops: 0, ImmediateOops: 0, NonImmediateOops: No
[2,618s][debug][gc,nmethod  ] Register NMethod: jdk.internal.misc.ScopedMemoryAccess.getShortUnaligned (0x000074b1936f1708) [0x000074b1936f1800, 0x000074b1936f1d38] Compiler: c1, Barriers: 0, Oops: 0, ImmediateOops: 1, NonImmediateOops: No
[2,618s][debug][gc,nmethod  ] Register NMethod: java.nio.HeapByteBuffer.getShort (0x000074b1936f1d88) [0x000074b1936f1e80, 0x000074b1936f2e88] Compiler: c1, Barriers: 2, Oops: 1, ImmediateOops: 2, NonImmediateOops: No
[2,618s][debug][gc,nmethod  ] Register NMethod: jdk.internal.misc.ScopedMemoryAccess.getShortUnalignedInternal (0x000074b1936f2f08) [0x000074b1936f3000, 0x000074b1936f3458] Compiler: c1, Barriers: 0, Oops: 0, ImmediateOops: 1, NonImmediateOops: No
[2,618s][debug][gc,nmethod  ] Register NMethod: jdk.internal.reflect.ConstantPool.getUTF8At0 (0x000074b1b2c45f88) [0x000074b1b2c46080, 0x000074b1b2c463b0] Compiler: , Barriers: 0, Oops: 0, ImmediateOops: 0, NonImmediateOops: No
[2,621s][debug][gc,director ] Rule Major: Warmup 10%, Used: 68MB, UsedThreshold: 1228MB
[2,622s][debug][gc,nmethod  ] Register NMethod: java.nio.HeapByteBuffer.ix (0x000074b1936f3488) [0x000074b1936f3580, 0x000074b1936f3688] Compiler: c1, Barriers: 0, Oops: 0, ImmediateOops: 0, NonImmediateOops: No
[2,622s][debug][gc,nmethod  ] Register NMethod: java.lang.Class.getEnclosingMethod0 (0x000074b1b2c46408) [0x000074b1b2c46500, 0x000074b1b2c46820] Compiler: , Barriers: 0, Oops: 0, ImmediateOops: 0, NonImmediateOops: No
[2,622s][debug][gc,nmethod  ] Register NMethod: java.net.URLStreamHandler.parseURL (0x000074b1936f3788) [0x000074b1936f3880, 0x000074b193712798] Compiler: c1, Barriers: 68, Oops: 8, ImmediateOops: 75, NonImmediateOops: No
[2,622s][debug][gc,nmethod  ] Register NMethod: java.nio.Buffer.nextGetIndex (0x000074b193712808) [0x000074b193712900, 0x000074b193712ac0] Compiler: c1, Barriers: 0, Oops: 0, ImmediateOops: 0, NonImmediateOops: No
[2,623s][debug][gc,nmethod  ] Register NMethod: java.nio.HeapByteBuffer.get (0x000074b193712b08) [0x000074b193712c00, 0x000074b1937130b8] Compiler: c1, Barriers: 1, Oops: 0, ImmediateOops: 0, NonImmediateOops: No
[2,623s][debug][gc,nmethod  ] Register NMethod: java.io.UnixFileSystem.trimSeparator (0x000074b193713108) [0x000074b193713200, 0x000074b1937141f0] Compiler: c1, Barriers: 1, Oops: 1, ImmediateOops: 2, NonImmediateOops: No
[2,623s][debug][gc,nmethod  ] Register NMethod: java.lang.invoke.DirectMethodHandle.preparedLambdaForm (0x000074b193714208) [0x000074b193714300, 0x000074b193716d68] Compiler: c1, Barriers: 10, Oops: 0, ImmediateOops: 0, NonImmediateOops: No
[2,624s][debug][gc,nmethod  ] Register NMethod: jdk.internal.reflect.ConstantPool.getUTF8At (0x000074b193716d88) [0x000074b193716e80, 0x000074b193716ff0] Compiler: c1, Barriers: 1, Oops: 0, ImmediateOops: 0, NonImmediateOops: No
[2,624s][debug][gc,nmethod  ] Register NMethod: java.io.UnixFileSystem.resolve (0x000074b193717088) [0x000074b193717180, 0x000074b19371a610] Compiler: c1, Barriers: 1, Oops: 1, ImmediateOops: 7, NonImmediateOops: No
[2,625s][debug][gc,nmethod  ] Register NMethod: java.io.File.<init> (0x000074b19371a688) [0x000074b19371a780, 0x000074b19371b648] Compiler: c1, Barriers: 15, Oops: 2, ImmediateOops: 6, NonImmediateOops: No
[2,625s][debug][gc,nmethod  ] Register NMethod: java.lang.invoke.MemberName.changeReferenceKind (0x000074b19371b688) [0x000074b19371b780, 0x000074b19371b8a0] Compiler: c1, Barriers: 0, Oops: 0, ImmediateOops: 0, NonImmediateOops: No
[2,626s][debug][gc,nmethod  ] Register NMethod: java.lang.ClassLoader.defineClass0 (0x000074b1b2c46888) [0x000074b1b2c46980, 0x000074b1b2c46d38] Compiler: , Barriers: 0, Oops: 0, ImmediateOops: 1, NonImmediateOops: No
[2,627s][debug][gc,nmethod  ] Register NMethod: jdk.internal.classfile.impl.StackMapGenerator.of (0x000074b19371b988) [0x000074b19371ba80, 0x000074b19371cff0] Compiler: c1, Barriers: 14, Oops: 0, ImmediateOops: 0, NonImmediateOops: No
[2,627s][debug][gc,nmethod  ] Register NMethod: jdk.internal.classfile.impl.StackMapGenerator.processMethod (0x000074b19371d008) [0x000074b19371d100, 0x000074b19371f658] Compiler: c1, Barriers: 15, Oops: 3, ImmediateOops: 4, NonImmediateOops: No
[2,628s][debug][gc,nmethod  ] Register NMethod: jdk.internal.classfile.impl.StackMapGenerator.detectFrames (0x000074b19371f688) [0x000074b19371f780, 0x000074b193722dd8] Compiler: c1, Barriers: 7, Oops: 1, ImmediateOops: 2, NonImmediateOops: No
[2,628s][debug][gc,nmethod  ] Register NMethod: jdk.internal.classfile.impl.ClassFileImpl.classHierarchyResolver (0x000074b193722e08) [0x000074b193722f00, 0x000074b193723300] Compiler: c1, Barriers: 1, Oops: 0, ImmediateOops: 1, NonImmediateOops: No
[2,628s][debug][gc,nmethod  ] Register NMethod: jdk.internal.classfile.impl.StackMapGenerator.<init> (0x000074b193723308) [0x000074b193723400, 0x000074b1937251f0] Compiler: c1, Barriers: 42, Oops: 0, ImmediateOops: 2, NonImmediateOops: No
[2,628s][debug][gc,nmethod  ] Register NMethod: jdk.internal.loader.URLClassPath$JarLoader.getResource (0x000074b1b2c46d88) [0x000074b1b2c46e80, 0x000074b1b2c485c8] Compiler: jvmci, Barriers: 19, Oops: 2, ImmediateOops: 8, NonImmediateOops: No
[2,628s][debug][gc,nmethod  ] Register NMethod: jdk.internal.classfile.impl.StackMapGenerator$Frame.setLocalsFromArg (0x000074b193725208) [0x000074b193725300, 0x000074b193727828] Compiler: c1, Barriers: 24, Oops: 1, ImmediateOops: 13, NonImmediateOops: No
[2,628s][debug][gc,nmethod  ] Register NMethod: java.lang.classfile.ClassHierarchyResolver.cached (0x000074b193727888) [0x000074b193727980, 0x000074b193727c88] Compiler: c1, Barriers: 0, Oops: 0, ImmediateOops: 1, NonImmediateOops: No
[2,628s][debug][gc,nmethod  ] Register NMethod: jdk.internal.classfile.impl.ClassHierarchyImpl.<init> (0x000074b193727d08) [0x000074b193727e00, 0x000074b193728570] Compiler: c1, Barriers: 3, Oops: 0, ImmediateOops: 0, NonImmediateOops: No
[2,629s][debug][gc,nmethod  ] Register NMethod: java.lang.classfile.ClassHierarchyResolver.cached (0x000074b193728588) [0x000074b193728680, 0x000074b193728c50] Compiler: c1, Barriers: 0, Oops: 0, ImmediateOops: 0, NonImmediateOops: No
[2,629s][debug][gc,nmethod  ] Register NMethod: java.util.jar.JarFile.getJarEntry (0x000074b1b2c48608) [0x000074b1b2c48700, 0x000074b1b2c49d30] Compiler: jvmci, Barriers: 14, Oops: 2, ImmediateOops: 8, NonImmediateOops: No
[2,629s][debug][gc,nmethod  ] Register NMethod: java.lang.classfile.ClassHierarchyResolver$1Factory.get (0x000074b193728c88) [0x000074b193728d80, 0x000074b193729210] Compiler: c1, Barriers: 0, Oops: 0, ImmediateOops: 0, NonImmediateOops: No
[2,629s][debug][gc,nmethod  ] Register NMethod: java.lang.classfile.ClassHierarchyResolver$1Factory.get (0x000074b193729288) [0x000074b193729380, 0x000074b193729600] Compiler: c1, Barriers: 0, Oops: 0, ImmediateOops: 0, NonImmediateOops: No
[2,629s][debug][gc,nmethod  ] Register NMethod: jdk.internal.classfile.impl.ClassHierarchyImpl$CachedClassHierarchyResolver.<init> (0x000074b193729608) [0x000074b193729700, 0x000074b193729b38] Compiler: c1, Barriers: 9, Oops: 0, ImmediateOops: 0, NonImmediateOops: No
[2,629s][debug][gc,nmethod  ] Register NMethod: jdk.internal.classfile.impl.ClassHierarchyImpl$CachedClassHierarchyResolver$1.<init> (0x000074b193729b88) [0x000074b193729c80, 0x000074b193729fa8] Compiler: c1, Barriers: 3, Oops: 0, ImmediateOops: 0, NonImmediateOops: No
[2,629s][debug][gc,nmethod  ] Register NMethod: sun.net.util.IPAddressUtil.checkAuth (0x000074b19372a008) [0x000074b19372a100, 0x000074b19372b648] Compiler: c1, Barriers: 2, Oops: 2, ImmediateOops: 4, NonImmediateOops: No
[2,629s][debug][gc,nmethod  ] Register NMethod: java.lang.AbstractStringBuilder.isLatin1 (0x000074b1b2c49d88) [0x000074b1b2c49e80, 0x000074b1b2c49ee8] Compiler: jvmci, Barriers: 0, Oops: 0, ImmediateOops: 0, NonImmediateOops: No
[2,630s][debug][gc,nmethod  ] Register NMethod: jdk.internal.loader.URLClassPath$FileLoader.getResource (0x000074b19372b688) [0x000074b19372b780, 0x000074b19372dcf8] Compiler: c1, Barriers: 21, Oops: 1, ImmediateOops: 2, NonImmediateOops: No
[2,630s][debug][gc,nmethod  ] Register NMethod: jdk.internal.classfile.impl.ClassFileImpl.patchDeadCode (0x000074b19372dd08) [0x000074b19372de00, 0x000074b19372e040] Compiler: c1, Barriers: 2, Oops: 0, ImmediateOops: 0, NonImmediateOops: No
[2,630s][debug][gc,nmethod  ] Register NMethod: jdk.internal.classfile.impl.StackMapGenerator$Frame.<init> (0x000074b19372e088) [0x000074b19372e180, 0x000074b19372e2e8] Compiler: c1, Barriers: 0, Oops: 0, ImmediateOops: 0, NonImmediateOops: No
[2,630s][debug][gc,nmethod  ] Register NMethod: jdk.internal.classfile.impl.ClassFileImpl.dropDeadLabels (0x000074b19372e388) [0x000074b19372e480, 0x000074b19372e6c0] Compiler: c1, Barriers: 2, Oops: 0, ImmediateOops: 0, NonImmediateOops: No
[2,630s][debug][gc,nmethod  ] Register NMethod: jdk.internal.classfile.impl.StackMapGenerator$Frame.<init> (0x000074b19372e708) [0x000074b19372e800, 0x000074b19372ecd0] Compiler: c1, Barriers: 12, Oops: 0, ImmediateOops: 0, NonImmediateOops: No
[2,630s][debug][gc,nmethod  ] Register NMethod: jdk.internal.classfile.impl.StackMapGenerator.isAnyFrameDirty (0x000074b19372ed08) [0x000074b19372ee00, 0x000074b19372f098] Compiler: c1, Barriers: 2, Oops: 0, ImmediateOops: 0, NonImmediateOops: No
[2,630s][debug][gc,nmethod  ] Register NMethod: jdk.internal.classfile.impl.StackMapGenerator.stackMapTableAttribute (0x000074b19372f108) [0x000074b19372f200, 0x000074b19372f438] Compiler: c1, Barriers: 0, Oops: 0, ImmediateOops: 1, NonImmediateOops: No
[2,630s][debug][gc,nmethod  ] Register NMethod: java.lang.String.contains (0x000074b19372f488) [0x000074b19372f580, 0x000074b19372fad0] Compiler: c1, Barriers: 0, Oops: 0, ImmediateOops: 0, NonImmediateOops: No
[2,630s][debug][gc,nmethod  ] Register NMethod: java.util.stream.AbstractPipeline.isParallel (0x000074b19372fb08) [0x000074b19372fc00, 0x000074b19372fd38] Compiler: c1, Barriers: 1, Oops: 0, ImmediateOops: 0, NonImmediateOops: No
[2,631s][debug][gc,nmethod  ] Register NMethod: java.lang.invoke.DirectMethodHandle.preparedLambdaForm (0x000074b19372fe08) [0x000074b19372ff00, 0x000074b193730018] Compiler: c1, Barriers: 0, Oops: 0, ImmediateOops: 0, NonImmediateOops: No
[2,631s][debug][gc,nmethod  ] Register NMethod: jdk.internal.classfile.impl.StackMapGenerator.generate (0x000074b193730108) [0x000074b193730200, 0x000074b193730cc0] Compiler: c1, Barriers: 7, Oops: 0, ImmediateOops: 0, NonImmediateOops: No
[2,631s][debug][gc,director ] Rule Major: Warmup 10%, Used: 68MB, UsedThreshold: 1228MB
[2,632s][debug][gc,nmethod  ] Register NMethod: java.net.URLClassLoader.findClass (0x000074b193730d08) [0x000074b193730e00, 0x000074b193733da0] Compiler: c1, Barriers: 6, Oops: 1, ImmediateOops: 8, NonImmediateOops: No
[2,632s][debug][gc,nmethod  ] Register NMethod: jdk.internal.classfile.impl.EntryMap.firstToken (0x000074b1b2c4a088) [0x000074b1b2c4a180, 0x000074b1b2c4a3a0] Compiler: jvmci, Barriers: 1, Oops: 0, ImmediateOops: 0, NonImmediateOops: No
[2,633s][debug][gc,nmethod  ] Register NMethod: java.net.URLClassLoader.defineClass (0x000074b193733e08) [0x000074b193733f00, 0x000074b193737da0] Compiler: c1, Barriers: 6, Oops: 1, ImmediateOops: 4, NonImmediateOops: No
[2,634s][debug][gc,nmethod  ] Register NMethod: java.lang.String.indexOf (0x000074b1b2c4a408) [0x000074b1b2c4a500, 0x000074b1b2c4a648] Compiler: jvmci, Barriers: 1, Oops: 0, ImmediateOops: 0, NonImmediateOops: No
[2,635s][debug][gc,nmethod  ] Register NMethod: java.lang.invoke.MemberName.isVarargs (0x000074b193737e08) [0x000074b193737f00, 0x000074b1937383f8] Compiler: c1, Barriers: 0, Oops: 0, ImmediateOops: 0, NonImmediateOops: No
[2,635s][debug][gc,nmethod  ] Register NMethod: java.lang.invoke.MethodHandle.setVarargs (0x000074b193738408) [0x000074b193738500, 0x000074b19373a018] Compiler: c1, Barriers: 0, Oops: 2, ImmediateOops: 4, NonImmediateOops: No
[2,636s][debug][gc,nmethod  ] Register NMethod: java.lang.invoke.MethodHandles$Lookup.isArrayClone (0x000074b19373a088) [0x000074b19373a180, 0x000074b19373b3f8] Compiler: c1, Barriers: 7, Oops: 0, ImmediateOops: 2, NonImmediateOops: No
[2,636s][debug][gc,nmethod  ] Register NMethod: java.util.zip.ZipFile.getMetaInfVersions (0x000074b19373b408) [0x000074b19373b500, 0x000074b19373bf50] Compiler: c1, Barriers: 4, Oops: 0, ImmediateOops: 2, NonImmediateOops: No
[2,637s][debug][gc,nmethod  ] Register NMethod: sun.invoke.util.VerifyAccess.isMemberAccessible (0x000074b19373bf88) [0x000074b19373c080, 0x000074b19373e668] Compiler: c1, Barriers: 0, Oops: 1, ImmediateOops: 2, NonImmediateOops: No
[2,637s][debug][gc,nmethod  ] Register NMethod: java.util.Arrays.hashCode (0x000074b19373e688) [0x000074b19373e780, 0x000074b19373e900] Compiler: c1, Barriers: 0, Oops: 0, ImmediateOops: 0, NonImmediateOops: No
[2,637s][debug][gc,nmethod  ] Register NMethod: java.util.BitSet.previousSetBit (0x000074b19373e988) [0x000074b19373ea80, 0x000074b19373fc00] Compiler: c1, Barriers: 1, Oops: 1, ImmediateOops: 2, NonImmediateOops: No
[2,637s][debug][gc,nmethod  ] Register NMethod: jdk.internal.util.ArraysSupport.hashCode (0x000074b19373fc88) [0x000074b19373fd80, 0x000074b193740230] Compiler: c1, Barriers: 1, Oops: 0, ImmediateOops: 0, NonImmediateOops: No
[2,639s][debug][gc,nmethod  ] Register NMethod: java.lang.invoke.MethodHandleNatives.findMethodHandleType (0x000074b193740288) [0x000074b193740380, 0x000074b193740498] Compiler: c1, Barriers: 0, Oops: 0, ImmediateOops: 0, NonImmediateOops: No
[2,639s][debug][gc,nmethod  ] Register NMethod: jdk.internal.constant.ClassOrInterfaceDescImpl.internalName (0x000074b193740588) [0x000074b193740680, 0x000074b193740fa0] Compiler: c1, Barriers: 6, Oops: 0, ImmediateOops: 0, NonImmediateOops: No
[2,639s][debug][gc,nmethod  ] Register NMethod: jdk.internal.classfile.impl.Util.toInternalName (0x000074b193741008) [0x000074b193741100, 0x000074b193742330] Compiler: c1, Barriers: 6, Oops: 0, ImmediateOops: 0, NonImmediateOops: No
[2,639s][debug][gc,nmethod  ] Register NMethod: java.lang.invoke.MethodHandle.linkToVirtual (0x000074b1b2c4a708) [0x000074b1b2c4a800, 0x000074b1b2c4a828] Compiler: , Barriers: 0, Oops: 0, ImmediateOops: 0, NonImmediateOops: No
[2,640s][debug][gc,nmethod  ] Register NMethod: java.lang.System$1.concat (0x000074b193742388) [0x000074b193742480, 0x000074b193744a98] Compiler: c1, Barriers: 6, Oops: 0, ImmediateOops: 6, NonImmediateOops: No
[2,640s][debug][gc,nmethod  ] Register NMethod: jdk.internal.constant.ConstantUtils.concat (0x000074b193744b08) [0x000074b193744c00, 0x000074b193747268] Compiler: c1, Barriers: 6, Oops: 0, ImmediateOops: 7, NonImmediateOops: No
[2,641s][debug][gc,nmethod  ] Register NMethod: java.lang.classfile.constantpool.ConstantPoolBuilder.nameAndTypeEntry (0x000074b193747288) [0x000074b193747380, 0x000074b193747aa0] Compiler: c1, Barriers: 0, Oops: 0, ImmediateOops: 0, NonImmediateOops: No
[2,641s][debug][gc,nmethod  ] Register NMethod: jdk.internal.classfile.impl.SplitConstantPool.fieldRefEntry (0x000074b193747b08) [0x000074b193747c00, 0x000074b19374a558] Compiler: c1, Barriers: 6, Oops: 0, ImmediateOops: 0, NonImmediateOops: No
[2,642s][debug][gc,director ] Rule Major: Warmup 10%, Used: 68MB, UsedThreshold: 1228MB
[2,643s][debug][gc,nmethod  ] Register NMethod: java.util.regex.Pattern.has (0x000074b19374a588) [0x000074b19374a680, 0x000074b19374a7d0] Compiler: c1, Barriers: 0, Oops: 0, ImmediateOops: 0, NonImmediateOops: No
[2,643s][debug][gc,nmethod  ] Register NMethod: sun.net.www.ParseUtil.firstEncodeIndex (0x000074b1b2c4aa08) [0x000074b1b2c4ab00, 0x000074b1b2c4b0f8] Compiler: jvmci, Barriers: 1, Oops: 0, ImmediateOops: 0, NonImmediateOops: No
[2,644s][debug][gc,nmethod  ] Register NMethod: java.lang.invoke.MethodHandleNatives.refKindIsMethod (0x000074b19374a888) [0x000074b19374a980, 0x000074b19374ab90] Compiler: c1, Barriers: 0, Oops: 0, ImmediateOops: 0, NonImmediateOops: No
[2,644s][debug][gc,nmethod  ] Register NMethod: java.lang.invoke.MethodHandleNatives.refKindHasReceiver (0x000074b19374ac08) [0x000074b19374ad00, 0x000074b19374ae40] Compiler: c1, Barriers: 0, Oops: 0, ImmediateOops: 0, NonImmediateOops: No
[2,647s][debug][gc,nmethod  ] Register NMethod: jdk.internal.classfile.impl.EntryMap.getIndexByToken (0x000074b19374af08) [0x000074b19374b000, 0x000074b19374b158] Compiler: c1, Barriers: 1, Oops: 0, ImmediateOops: 0, NonImmediateOops: No
[2,647s][debug][gc,nmethod  ] Register NMethod: java.lang.classfile.ClassBuilder.withMethodBody (0x000074b19374b208) [0x000074b19374b300, 0x000074b19374b878] Compiler: c1, Barriers: 3, Oops: 0, ImmediateOops: 0, NonImmediateOops: No
[2,647s][debug][gc,nmethod  ] Register NMethod: jdk.internal.classfile.impl.Util$1WithCodeMethodHandler.<init> (0x000074b19374b888) [0x000074b19374b980, 0x000074b19374bbb0] Compiler: c1, Barriers: 3, Oops: 0, ImmediateOops: 0, NonImmediateOops: No
[2,647s][debug][gc,nmethod  ] Register NMethod: jdk.internal.classfile.impl.Util$1WithCodeMethodHandler.accept (0x000074b19374bc08) [0x000074b19374bd00, 0x000074b19374bf20] Compiler: c1, Barriers: 1, Oops: 0, ImmediateOops: 0, NonImmediateOops: No
[2,647s][debug][gc,nmethod  ] Register NMethod: jdk.internal.classfile.impl.Util$1WithCodeMethodHandler.accept (0x000074b19374bf88) [0x000074b19374c080, 0x000074b19374c6d0] Compiler: c1, Barriers: 1, Oops: 0, ImmediateOops: 0, NonImmediateOops: No
[2,647s][debug][gc,nmethod  ] Register NMethod: jdk.internal.classfile.impl.Util.buildingCode (0x000074b19374c708) [0x000074b19374c800, 0x000074b19374cac0] Compiler: c1, Barriers: 3, Oops: 0, ImmediateOops: 0, NonImmediateOops: No
[2,648s][debug][gc,nmethod  ] Register NMethod: jdk.internal.classfile.impl.EntryMap.put (0x000074b1b2c4b108) [0x000074b1b2c4b200, 0x000074b1b2c4b4e0] Compiler: jvmci, Barriers: 1, Oops: 0, ImmediateOops: 0, NonImmediateOops: No
[2,648s][debug][gc,nmethod  ] Register NMethod: java.lang.constant.ClassDesc.isArray (0x000074b1b2c4b508) [0x000074b1b2c4b600, 0x000074b1b2c4b6c0] Compiler: c1, Barriers: 0, Oops: 0, ImmediateOops: 0, NonImmediateOops: No
[2,652s][debug][gc,director ] Rule Major: Warmup 10%, Used: 70MB, UsedThreshold: 1228MB
[2,653s][debug][gc,nmethod  ] Register NMethod: java.math.BigInteger.implMulAdd (0x000074b19374cb08) [0x000074b19374cc00, 0x000074b19374ce20] Compiler: c1, Barriers: 0, Oops: 0, ImmediateOops: 0, NonImmediateOops: No
[2,654s][debug][gc,nmethod  ] Register NMethod: java.math.BigInteger.addOne (0x000074b19374ce88) [0x000074b19374cf80, 0x000074b19374d298] Compiler: c1, Barriers: 0, Oops: 0, ImmediateOops: 0, NonImmediateOops: No
[2,654s][debug][gc,nmethod  ] Register NMethod: java.math.BigInteger.mulAdd (0x000074b19374d308) [0x000074b19374d400, 0x000074b19374d590] Compiler: c1, Barriers: 0, Oops: 0, ImmediateOops: 0, NonImmediateOops: No
[2,655s][debug][gc,nmethod  ] Register NMethod: java.math.BigInteger.implMulAddCheck (0x000074b19374d608) [0x000074b19374d700, 0x000074b193751690] Compiler: c1, Barriers: 0, Oops: 5, ImmediateOops: 11, NonImmediateOops: No
[2,656s][debug][gc,nmethod  ] Register NMethod: jdk.internal.misc.Unsafe.getIntVolatile (0x000074b1b2c4b808) [0x000074b1b2c4b900, 0x000074b1b2c4ba68] Compiler: , Barriers: 0, Oops: 0, ImmediateOops: 0, NonImmediateOops: No
[2,658s][debug][gc,nmethod  ] Register NMethod: java.math.BigInteger.<init> (0x000074b193751708) [0x000074b193751800, 0x000074b193751d08] Compiler: c1, Barriers: 4, Oops: 0, ImmediateOops: 1, NonImmediateOops: No
[2,660s][debug][gc,nmethod  ] Register NMethod: java.math.BigInteger.add (0x000074b193751d88) [0x000074b193751e80, 0x000074b193752618] Compiler: c1, Barriers: 0, Oops: 0, ImmediateOops: 0, NonImmediateOops: No
[2,660s][debug][gc,nmethod  ] Register NMethod: java.math.BigInteger.implMulAdd (0x000074b1b2c4bb08) [0x000074b1b2c4bc00, 0x000074b1b2c4bfd8] Compiler: jvmci, Barriers: 0, Oops: 0, ImmediateOops: 0, NonImmediateOops: No
[2,661s][debug][gc,nmethod  ] Register NMethod: java.math.BigInteger.trustedStripLeadingZeroInts (0x000074b193752688) [0x000074b193752780, 0x000074b193752898] Compiler: c1, Barriers: 0, Oops: 0, ImmediateOops: 0, NonImmediateOops: No
[2,661s][debug][gc,nmethod  ] Register NMethod: java.math.BigInteger.stripLeadingZeroInts (0x000074b193752988) [0x000074b193752a80, 0x000074b193752d00] Compiler: c1, Barriers: 0, Oops: 0, ImmediateOops: 0, NonImmediateOops: No
[2,661s][debug][gc,nmethod  ] Register NMethod: jdk.internal.classfile.impl.SplitConstantPool.internalAdd (0x000074b1b2c4c008) [0x000074b1b2c4c120, 0x000074b1b2c4cc40] Compiler: jvmci, Barriers: 11, Oops: 1, ImmediateOops: 0, NonImmediateOops: No
[2,661s][debug][gc,nmethod  ] Register NMethod: java.math.BigInteger.shiftLeftImplWorker (0x000074b193752d08) [0x000074b193752e00, 0x000074b193753018] Compiler: c1, Barriers: 0, Oops: 0, ImmediateOops: 0, NonImmediateOops: No
[2,661s][debug][gc,nmethod  ] Register NMethod: java.math.BigInteger.subtract (0x000074b193753088) [0x000074b193753180, 0x000074b193753678] Compiler: c1, Barriers: 0, Oops: 0, ImmediateOops: 0, NonImmediateOops: No
[2,662s][debug][gc,nmethod  ] Register NMethod: java.math.BigInteger.mulAdd (0x000074b1b2c4cc88) [0x000074b1b2c4cd80, 0x000074b1b2c4ceb8] Compiler: jvmci, Barriers: 0, Oops: 0, ImmediateOops: 0, NonImmediateOops: No
[2,662s][debug][gc,director ] Rule Major: Warmup 10%, Used: 70MB, UsedThreshold: 1228MB
[2,662s][debug][gc,nmethod  ] Register NMethod: java.math.BigInteger.implMulAddCheck (0x000074b1b2c4cf88) [0x000074b1b2c4d080, 0x000074b1b2c4d1a8] Compiler: jvmci, Barriers: 0, Oops: 0, ImmediateOops: 0, NonImmediateOops: No
[2,662s][debug][gc,nmethod  ] Register NMethod: java.math.BigInteger.implSquareToLen (0x000074b193753688) [0x000074b193753780, 0x000074b193753c18] Compiler: c1, Barriers: 0, Oops: 0, ImmediateOops: 0, NonImmediateOops: No
[2,663s][debug][gc,nmethod  ] Register NMethod: java.util.Objects.checkFromToIndex (0x000074b193753c88) [0x000074b193753d80, 0x000074b193753f98] Compiler: c1, Barriers: 0, Oops: 0, ImmediateOops: 0, NonImmediateOops: No
[2,663s][debug][gc,nmethod  ] Register NMethod: java.math.BigInteger.addOne (0x000074b1b2c4d288) [0x000074b1b2c4d380, 0x000074b1b2c4d530] Compiler: jvmci, Barriers: 0, Oops: 0, ImmediateOops: 0, NonImmediateOops: No
[2,663s][debug][gc,nmethod  ] Register NMethod: java.util.concurrent.RecursiveTask.getRawResult (0x000074b1b2c4d588) [0x000074b1b2c4d680, 0x000074b1b2c4d768] Compiler: c1, Barriers: 1, Oops: 0, ImmediateOops: 0, NonImmediateOops: No
[2,663s][debug][gc,nmethod  ] Register NMethod: java.math.BigInteger.add (0x000074b193754008) [0x000074b193754100, 0x000074b1937549c0] Compiler: c1, Barriers: 6, Oops: 0, ImmediateOops: 1, NonImmediateOops: No
[2,665s][debug][gc,nmethod  ] Register NMethod: java.math.BigInteger.subtract (0x000074b193754a08) [0x000074b193754b00, 0x000074b1937554f8] Compiler: c1, Barriers: 7, Oops: 0, ImmediateOops: 1, NonImmediateOops: No
[2,666s][debug][gc,nmethod  ] Register NMethod: java.math.BigInteger.square (0x000074b193755508) [0x000074b193755600, 0x000074b193755c08] Compiler: c1, Barriers: 1, Oops: 0, ImmediateOops: 2, NonImmediateOops: No
[2,666s][debug][gc,nmethod  ] Register NMethod: java.math.BigInteger.shiftLeft (0x000074b193755c88) [0x000074b193755d80, 0x000074b1937560d0] Compiler: c1, Barriers: 1, Oops: 0, ImmediateOops: 1, NonImmediateOops: No
[2,666s][debug][gc,nmethod  ] Register NMethod: java.math.BigInteger.compareMagnitude (0x000074b193756108) [0x000074b193756200, 0x000074b1937566c8] Compiler: c1, Barriers: 2, Oops: 0, ImmediateOops: 0, NonImmediateOops: No
[2,667s][debug][gc,nmethod  ] Register NMethod: java.math.BigInteger.shiftLeft (0x000074b193756708) [0x000074b193756800, 0x000074b193757118] Compiler: c1, Barriers: 0, Oops: 0, ImmediateOops: 0, NonImmediateOops: No
[2,670s][debug][gc,nmethod  ] Register NMethod: jdk.internal.loader.Resource.getBytes (0x000074b193757188) [0x000074b193757280, 0x000074b1937585e0] Compiler: c1, Barriers: 5, Oops: 0, ImmediateOops: 1, NonImmediateOops: No
[2,672s][debug][gc,nmethod  ] Register NMethod: sun.net.www.ParseUtil.match (0x000074b193758608) [0x000074b193758700, 0x000074b193758950] Compiler: c1, Barriers: 0, Oops: 0, ImmediateOops: 0, NonImmediateOops: No
[2,672s][debug][gc,director ] Rule Major: Warmup 10%, Used: 72MB, UsedThreshold: 1228MB
[2,672s][debug][gc,nmethod  ] Register NMethod: java.lang.classfile.TypeKind.from (0x000074b193758988) [0x000074b193758a80, 0x000074b193759010] Compiler: c1, Barriers: 0, Oops: 0, ImmediateOops: 1, NonImmediateOops: No
[2,672s][debug][gc,nmethod  ] Register NMethod: jdk.internal.loader.Resource.getByteBuffer (0x000074b193759088) [0x000074b193759180, 0x000074b193759e00] Compiler: c1, Barriers: 5, Oops: 0, ImmediateOops: 0, NonImmediateOops: No
[2,673s][debug][gc,nmethod  ] Register NMethod: jdk.internal.classfile.impl.Util.fieldTypeSymbol (0x000074b193759e08) [0x000074b193759f00, 0x000074b19375b308] Compiler: c1, Barriers: 5, Oops: 0, ImmediateOops: 0, NonImmediateOops: No
[2,673s][debug][gc,nmethod  ] Register NMethod: java.lang.invoke.MethodHandles$Lookup.in (0x000074b19375b388) [0x000074b19375b480, 0x000074b19375f090] Compiler: c1, Barriers: 9, Oops: 2, ImmediateOops: 6, NonImmediateOops: No
[2,673s][debug][gc,nmethod  ] Register NMethod: java.math.BigInteger.subtract (0x000074b1b2c4d888) [0x000074b1b2c4d980, 0x000074b1b2c4de50] Compiler: jvmci, Barriers: 0, Oops: 0, ImmediateOops: 0, NonImmediateOops: No
[2,675s][debug][gc,nmethod  ] Register NMethod: jdk.internal.classfile.impl.BufWriterImpl.grow (0x000074b19375f108) [0x000074b19375f200, 0x000074b19375f490] Compiler: c1, Barriers: 4, Oops: 0, ImmediateOops: 0, NonImmediateOops: No
[2,675s][debug][gc,nmethod  ] Register NMethod: java.math.BigInteger.add (0x000074b1b2c4de88) [0x000074b1b2c4df80, 0x000074b1b2c4e4a8] Compiler: jvmci, Barriers: 0, Oops: 0, ImmediateOops: 0, NonImmediateOops: No
[2,675s][debug][gc,nmethod  ] Register NMethod: java.util.stream.PipelineHelper.<init> (0x000074b19375f508) [0x000074b19375f600, 0x000074b19375f758] Compiler: c1, Barriers: 0, Oops: 0, ImmediateOops: 0, NonImmediateOops: No
[2,676s][debug][gc,nmethod  ] Register NMethod: java.lang.invoke.AbstractValidatingLambdaMetafactory.isAdaptableTo (0x000074b19375f808) [0x000074b19375f900, 0x000074b1937614d0] Compiler: c1, Barriers: 2, Oops: 0, ImmediateOops: 0, NonImmediateOops: No
[2,678s][debug][gc,nmethod  ] Register NMethod: jdk.internal.loader.URLClassPath$JarLoader$1.getInputStream (0x000074b193761508) [0x000074b193761600, 0x000074b1937619a8] Compiler: c1, Barriers: 3, Oops: 0, ImmediateOops: 0, NonImmediateOops: No
[2,678s][debug][gc,nmethod  ] Register NMethod: jdk.internal.classfile.impl.RawBytecodeHelper.next (0x000074b1b2c4e508) [0x000074b1b2c4e600, 0x000074b1b2c4e828] Compiler: jvmci, Barriers: 2, Oops: 0, ImmediateOops: 1, NonImmediateOops: No
[2,682s][debug][gc,nmethod  ] Register NMethod: sun.net.www.ParseUtil.firstEncodeIndex (0x000074b1b2c4e888) [0x000074b1b2c4e980, 0x000074b1b2c4ede0] Compiler: jvmci, Barriers: 1, Oops: 0, ImmediateOops: 0, NonImmediateOops: No
[2,682s][debug][gc,director ] Rule Major: Warmup 10%, Used: 72MB, UsedThreshold: 1228MB
[2,687s][debug][gc,nmethod  ] Register NMethod: java.lang.invoke.MethodHandleNatives.isCallerSensitive (0x000074b193761a08) [0x000074b193761b00, 0x000074b193762288] Compiler: c1, Barriers: 0, Oops: 0, ImmediateOops: 0, NonImmediateOops: No
[2,688s][debug][gc,nmethod  ] Register NMethod: java.lang.invoke.MethodHandleNatives.canBeCalledVirtual (0x000074b193762308) [0x000074b193762400, 0x000074b193762e98] Compiler: c1, Barriers: 5, Oops: 0, ImmediateOops: 2, NonImmediateOops: No
[2,689s][debug][gc,nmethod  ] Register NMethod: jdk.internal.classfile.impl.SplitConstantPool.canWriteDirect (0x000074b1b2c4ee08) [0x000074b1b2c4ef00, 0x000074b1b2c4f048] Compiler: jvmci, Barriers: 1, Oops: 0, ImmediateOops: 0, NonImmediateOops: No
[2,691s][debug][gc,nmethod  ] Register NMethod: java.lang.Character.isSurrogate (0x000074b193762f08) [0x000074b193763000, 0x000074b193763160] Compiler: c1, Barriers: 0, Oops: 0, ImmediateOops: 0, NonImmediateOops: No
[2,691s][debug][gc,nmethod  ] Register NMethod: java.util.regex.Pattern.isSupplementary (0x000074b193763208) [0x000074b193763300, 0x000074b193763538] Compiler: c1, Barriers: 0, Oops: 0, ImmediateOops: 0, NonImmediateOops: No
[2,692s][debug][gc,nmethod  ] Register NMethod: java.lang.classfile.TypeKind.fromDescriptor (0x000074b193763588) [0x000074b193763680, 0x000074b193765170] Compiler: c1, Barriers: 0, Oops: 1, ImmediateOops: 14, NonImmediateOops: No
[2,692s][debug][gc,nmethod  ] Register NMethod: java.util.logging.Logger.getName (0x000074b1b2c4f108) [0x000074b1b2c4f200, 0x000074b1b2c4f2e8] Compiler: c1, Barriers: 1, Oops: 0, ImmediateOops: 0, NonImmediateOops: No
[2,692s][debug][gc,nmethod  ] Register NMethod: jdk.internal.classfile.impl.DirectClassBuilder.setInterfaces (0x000074b1b2c4f408) [0x000074b1b2c4f500, 0x000074b1b2c4f630] Compiler: c1, Barriers: 3, Oops: 0, ImmediateOops: 0, NonImmediateOops: No
[2,692s][debug][gc,director ] Rule Major: Warmup 10%, Used: 72MB, UsedThreshold: 1228MB
[2,693s][debug][gc,nmethod  ] Register NMethod: jdk.internal.classfile.impl.AbstractPoolEntry$Utf8EntryImpl.charAt (0x000074b193765188) [0x000074b193765280, 0x000074b193765e20] Compiler: c1, Barriers: 6, Oops: 1, ImmediateOops: 4, NonImmediateOops: No
[2,693s][debug][gc,nmethod  ] Register NMethod: jdk.internal.classfile.impl.DirectCodeBuilder$4.tryGenerateStackMaps (0x000074b193765e88) [0x000074b193765f80, 0x000074b1937665e0] Compiler: c1, Barriers: 0, Oops: 0, ImmediateOops: 0, NonImmediateOops: No
[2,693s][debug][gc,nmethod  ] Register NMethod: jdk.internal.classfile.impl.DirectCodeBuilder$4.generateStackMaps (0x000074b193766608) [0x000074b193766700, 0x000074b193767220] Compiler: c1, Barriers: 2, Oops: 0, ImmediateOops: 1, NonImmediateOops: No
[2,694s][debug][gc,nmethod  ] Register NMethod: java.lang.invoke.MethodHandleNatives.isPullModeBSM (0x000074b1b2c4f708) [0x000074b1b2c4f800, 0x000074b1b2c4f8a0] Compiler: c1, Barriers: 0, Oops: 0, ImmediateOops: 0, NonImmediateOops: No
[2,694s][debug][gc,nmethod  ] Register NMethod: java.lang.invoke.ConstantCallSite.getTarget (0x000074b193767288) [0x000074b193767380, 0x000074b1937675b8] Compiler: c1, Barriers: 1, Oops: 0, ImmediateOops: 0, NonImmediateOops: No
[2,699s][debug][gc,nmethod  ] Register NMethod: java.lang.reflect.ReflectAccess.copyMethod (0x000074b193767608) [0x000074b193767700, 0x000074b193767a00] Compiler: c1, Barriers: 0, Oops: 0, ImmediateOops: 0, NonImmediateOops: No
[2,699s][debug][gc,nmethod  ] Register NMethod: jdk.internal.reflect.ReflectionFactory.copyMethod (0x000074b193767a08) [0x000074b193767b00, 0x000074b193767ed8] Compiler: c1, Barriers: 1, Oops: 0, ImmediateOops: 0, NonImmediateOops: No
[2,699s][debug][gc,nmethod  ] Register NMethod: java.lang.reflect.Method.copy (0x000074b193767f08) [0x000074b193768000, 0x000074b193768700] Compiler: c1, Barriers: 21, Oops: 0, ImmediateOops: 1, NonImmediateOops: No
[2,699s][debug][gc,nmethod  ] Register NMethod: java.lang.reflect.Method.<init> (0x000074b193768708) [0x000074b193768800, 0x000074b193768e70] Compiler: c1, Barriers: 27, Oops: 0, ImmediateOops: 0, NonImmediateOops: No
[2,700s][debug][gc,nmethod  ] Register NMethod: jdk.internal.classfile.impl.AbstractPoolEntry$Utf8EntryImpl.length (0x000074b193768e88) [0x000074b193768f80, 0x000074b193769138] Compiler: c1, Barriers: 1, Oops: 0, ImmediateOops: 1, NonImmediateOops: No
[2,700s][debug][gc,nmethod  ] Register NMethod: java.util.ImmutableCollections$List12.isEmpty (0x000074b1b2c4fa08) [0x000074b1b2c4fb00, 0x000074b1b2c4fbc0] Compiler: c1, Barriers: 0, Oops: 0, ImmediateOops: 0, NonImmediateOops: No
[2,700s][debug][gc,nmethod  ] Register NMethod: jdk.internal.classfile.impl.UnboundAttribute$UnboundStackMapTableAttribute.entries (0x000074b1b2c4fd08) [0x000074b1b2c4fe00, 0x000074b1b2c4fee8] Compiler: c1, Barriers: 1, Oops: 0, ImmediateOops: 0, NonImmediateOops: No
[2,700s][debug][gc,nmethod  ] Register NMethod: jdk.internal.classfile.impl.AbstractAttributeMapper.writeAttribute (0x000074b193769188) [0x000074b193769280, 0x000074b19376ac00] Compiler: c1, Barriers: 2, Oops: 0, ImmediateOops: 0, NonImmediateOops: No
[2,702s][debug][gc,nmethod  ] Register NMethod: java.lang.invoke.DirectMethodHandle.isCrackable (0x000074b1b2c50008) [0x000074b1b2c50100, 0x000074b1b2c501c0] Compiler: c1, Barriers: 0, Oops: 0, ImmediateOops: 0, NonImmediateOops: No
[2,702s][debug][gc,nmethod  ] Register NMethod: jdk.internal.reflect.Reflection.areNestMates (0x000074b1b2c50308) [0x000074b1b2c50400, 0x000074b1b2c50588] Compiler: , Barriers: 0, Oops: 0, ImmediateOops: 1, NonImmediateOops: No
[2,702s][debug][gc,director ] Rule Major: Warmup 10%, Used: 74MB, UsedThreshold: 1228MB
[2,703s][debug][gc,nmethod  ] Register NMethod: java.lang.invoke.InnerClassLambdaMetafactory.methodDesc (0x000074b19376ac08) [0x000074b19376ad00, 0x000074b19376dd58] Compiler: c1, Barriers: 25, Oops: 2, ImmediateOops: 5, NonImmediateOops: No
[2,706s][debug][gc,nmethod  ] Register NMethod: java.lang.Class.getDeclaringClass0 (0x000074b1b2c50608) [0x000074b1b2c50700, 0x000074b1b2c50a20] Compiler: , Barriers: 0, Oops: 0, ImmediateOops: 0, NonImmediateOops: No
[2,706s][debug][gc,nmethod  ] Register NMethod: java.util.LinkedHashMap$LinkedValueIterator.next (0x000074b19376dd88) [0x000074b19376de80, 0x000074b19376e1b0] Compiler: c1, Barriers: 1, Oops: 0, ImmediateOops: 0, NonImmediateOops: No
[2,707s][debug][gc,nmethod  ] Register NMethod: jdk.internal.reflect.ReflectionFactory.getExecutableSharedParameterTypes (0x000074b19376e208) [0x000074b19376e300, 0x000074b19376e6d0] Compiler: c1, Barriers: 1, Oops: 0, ImmediateOops: 0, NonImmediateOops: No
[2,707s][debug][gc,nmethod  ] Register NMethod: java.lang.reflect.ReflectAccess.getExecutableSharedParameterTypes (0x000074b19376e708) [0x000074b19376e800, 0x000074b19376eb08] Compiler: c1, Barriers: 0, Oops: 0, ImmediateOops: 0, NonImmediateOops: No
[2,707s][debug][gc,nmethod  ] Register NMethod: java.lang.Class.getAnnotationType (0x000074b1b2c50a88) [0x000074b1b2c50b80, 0x000074b1b2c50c70] Compiler: c1, Barriers: 1, Oops: 0, ImmediateOops: 0, NonImmediateOops: No
[2,707s][debug][gc,nmethod  ] Register NMethod: java.lang.PublicMethods$Key.hashCode (0x000074b19376eb88) [0x000074b19376ec80, 0x000074b19376ef18] Compiler: c1, Barriers: 2, Oops: 0, ImmediateOops: 0, NonImmediateOops: No
[2,709s][debug][gc,nmethod  ] Register NMethod: jdk.internal.classfile.impl.StackMapDecoder$ObjectVerificationTypeInfoImpl.tag (0x000074b1b2c50d88) [0x000074b1b2c50e80, 0x000074b1b2c50f40] Compiler: c1, Barriers: 0, Oops: 0, ImmediateOops: 0, NonImmediateOops: No
[2,709s][debug][gc,nmethod  ] Register NMethod: jdk.internal.classfile.impl.StackMapDecoder$ObjectVerificationTypeInfoImpl.className (0x000074b1b2c51088) [0x000074b1b2c51180, 0x000074b1b2c51268] Compiler: c1, Barriers: 1, Oops: 0, ImmediateOops: 0, NonImmediateOops: No
[2,709s][debug][gc,nmethod  ] Register NMethod: java.util.Arrays.copyOf (0x000074b1b2c51388) [0x000074b1b2c51480, 0x000074b1b2c51850] Compiler: jvmci, Barriers: 0, Oops: 0, ImmediateOops: 0, NonImmediateOops: No
[2,710s][debug][gc,nmethod  ] Register NMethod: java.util.stream.StreamOpFlag.getMask (0x000074b19376ef88) [0x000074b19376f080, 0x000074b19376f1e0] Compiler: c1, Barriers: 0, Oops: 0, ImmediateOops: 0, NonImmediateOops: No
[2,710s][debug][gc,nmethod  ] Register NMethod: java.util.stream.StreamOpFlag.combineOpFlags (0x000074b19376f288) [0x000074b19376f380, 0x000074b19376f520] Compiler: c1, Barriers: 0, Oops: 0, ImmediateOops: 0, NonImmediateOops: No
[2,710s][debug][gc,nmethod  ] Register NMethod: java.lang.Class.privateGetDeclaredMethods (0x000074b19376f588) [0x000074b19376f680, 0x000074b193770200] Compiler: c1, Barriers: 10, Oops: 0, ImmediateOops: 2, NonImmediateOops: No
[2,711s][debug][gc,nmethod  ] Register NMethod: java.util.List.of (0x000074b193770208) [0x000074b193770300, 0x000074b1937703e8] Compiler: c1, Barriers: 0, Oops: 0, ImmediateOops: 1, NonImmediateOops: No
[2,711s][debug][gc,nmethod  ] Register NMethod: jdk.internal.classfile.impl.DirectCodeBuilder.with (0x000074b193770508) [0x000074b193770600, 0x000074b193771820] Compiler: c1, Barriers: 2, Oops: 0, ImmediateOops: 0, NonImmediateOops: No
[2,711s][debug][gc,nmethod  ] Register NMethod: jdk.internal.classfile.impl.DirectCodeBuilder.with (0x000074b193771888) [0x000074b193771980, 0x000074b193772760] Compiler: c1, Barriers: 2, Oops: 0, ImmediateOops: 0, NonImmediateOops: No
[2,711s][debug][gc,nmethod  ] Register NMethod: jdk.internal.classfile.impl.RawBytecodeHelper.getIndexU1 (0x000074b193772788) [0x000074b193772880, 0x000074b193772c98] Compiler: c1, Barriers: 2, Oops: 0, ImmediateOops: 0, NonImmediateOops: No
[2,711s][debug][gc,nmethod  ] Register NMethod: java.lang.PublicMethods$MethodList.<init> (0x000074b193772d08) [0x000074b193772e00, 0x000074b193772fd0] Compiler: c1, Barriers: 3, Oops: 0, ImmediateOops: 0, NonImmediateOops: No
[2,712s][debug][gc,nmethod  ] Register NMethod: java.lang.reflect.Executable.declaredAnnotations (0x000074b193773008) [0x000074b193773100, 0x000074b1937742e0] Compiler: c1, Barriers: 6, Oops: 0, ImmediateOops: 1, NonImmediateOops: No
[2,713s][debug][gc,director ] Rule Major: Warmup 10%, Used: 74MB, UsedThreshold: 1228MB
[2,713s][debug][gc,nmethod  ] Register NMethod: java.lang.Integer.compare (0x000074b193774308) [0x000074b193774400, 0x000074b1937745b0] Compiler: c1, Barriers: 0, Oops: 0, ImmediateOops: 0, NonImmediateOops: No
[2,715s][debug][gc,nmethod  ] Register NMethod: java.util.Spliterators$ArraySpliterator.characteristics (0x000074b1b2c51888) [0x000074b1b2c51980, 0x000074b1b2c51a40] Compiler: c1, Barriers: 0, Oops: 0, ImmediateOops: 0, NonImmediateOops: No
[2,715s][debug][gc,nmethod  ] Register NMethod: java.util.stream.Collectors$CollectorImpl.characteristics (0x000074b1b2c51b88) [0x000074b1b2c51c80, 0x000074b1b2c51d68] Compiler: c1, Barriers: 1, Oops: 0, ImmediateOops: 0, NonImmediateOops: No
[2,716s][debug][gc,nmethod  ] Register NMethod: java.util.zip.ZipFile.getManifestName (0x000074b193774608) [0x000074b193774700, 0x000074b193774bc8] Compiler: c1, Barriers: 3, Oops: 0, ImmediateOops: 0, NonImmediateOops: No
[2,716s][debug][gc,nmethod  ] Register NMethod: java.lang.PublicMethods$MethodList.merge (0x000074b193774c08) [0x000074b193774d00, 0x000074b193776c20] Compiler: c1, Barriers: 25, Oops: 0, ImmediateOops: 0, NonImmediateOops: No
[2,716s][debug][gc,nmethod  ] Register NMethod: java.lang.Class.getConstantPool (0x000074b1b2c51e88) [0x000074b1b2c51f80, 0x000074b1b2c522a0] Compiler: , Barriers: 0, Oops: 0, ImmediateOops: 0, NonImmediateOops: No
[2,717s][debug][gc,nmethod  ] Register NMethod: java.lang.AbstractStringBuilder.<init> (0x000074b1b2c52308) [0x000074b1b2c52400, 0x000074b1b2c52670] Compiler: jvmci, Barriers: 3, Oops: 0, ImmediateOops: 0, NonImmediateOops: No
[2,717s][debug][gc,nmethod  ] Register NMethod: java.lang.PublicMethods$MethodList.length (0x000074b193776c88) [0x000074b193776d80, 0x000074b193776f88] Compiler: c1, Barriers: 2, Oops: 0, ImmediateOops: 0, NonImmediateOops: No
[2,718s][debug][gc,nmethod  ] Register NMethod: java.lang.PublicMethods$Key.<init> (0x000074b193777008) [0x000074b193777100, 0x000074b193777680] Compiler: c1, Barriers: 8, Oops: 1, ImmediateOops: 2, NonImmediateOops: No
[2,718s][debug][gc,nmethod  ] Register NMethod: java.lang.reflect.Method.getSharedExceptionTypes (0x000074b1b2c52688) [0x000074b1b2c52780, 0x000074b1b2c52868] Compiler: c1, Barriers: 1, Oops: 0, ImmediateOops: 0, NonImmediateOops: No
[2,718s][debug][gc,nmethod  ] Register NMethod: java.lang.PublicMethods.merge (0x000074b193777708) [0x000074b193777800, 0x000074b1937788a0] Compiler: c1, Barriers: 14, Oops: 1, ImmediateOops: 2, NonImmediateOops: No
[2,719s][debug][gc,nmethod  ] Register NMethod: jdk.internal.classfile.impl.StackCounter.ensureLocalSlot (0x000074b193778908) [0x000074b193778a00, 0x000074b193778b30] Compiler: c1, Barriers: 0, Oops: 0, ImmediateOops: 0, NonImmediateOops: No
[2,720s][debug][gc,nmethod  ] Register NMethod: java.nio.Buffer.position (0x000074b193778c08) [0x000074b193778d00, 0x000074b193778f40] Compiler: c1, Barriers: 0, Oops: 0, ImmediateOops: 0, NonImmediateOops: No
[2,721s][debug][gc,nmethod  ] Register NMethod: java.util.Collections$SingletonList.size (0x000074b1b2c52988) [0x000074b1b2c52a80, 0x000074b1b2c52b40] Compiler: c1, Barriers: 0, Oops: 0, ImmediateOops: 0, NonImmediateOops: No
[2,721s][debug][gc,nmethod  ] Register NMethod: jdk.internal.classfile.impl.UnboundAttribute.writeTo (0x000074b193778f88) [0x000074b193779080, 0x000074b1937793e8] Compiler: c1, Barriers: 1, Oops: 0, ImmediateOops: 0, NonImmediateOops: No
[2,722s][debug][gc,nmethod  ] Register NMethod: java.lang.reflect.Method.isDefault (0x000074b193779408) [0x000074b193779500, 0x000074b193779d28] Compiler: c1, Barriers: 1, Oops: 0, ImmediateOops: 0, NonImmediateOops: No
[2,722s][debug][gc,nmethod  ] Register NMethod: org.junit.platform.commons.util.ReflectionUtils$$Lambda/0x00000000611769a8.test (0x000074b193779d88) [0x000074b193779e80, 0x000074b19377aad8] Compiler: c1, Barriers: 1, Oops: 1, ImmediateOops: 0, NonImmediateOops: No
[2,723s][debug][gc,director ] Rule Major: Warmup 10%, Used: 74MB, UsedThreshold: 1228MB
[2,723s][debug][gc,nmethod  ] Register NMethod: java.lang.String.<init> (0x000074b1b2c52c88) [0x000074b1b2c52d80, 0x000074b1b2c53160] Compiler: jvmci, Barriers: 4, Oops: 0, ImmediateOops: 0, NonImmediateOops: No
[2,724s][debug][gc,nmethod  ] Register NMethod: sun.reflect.generics.visitor.Reifier.getFactory (0x000074b1b2c53188) [0x000074b1b2c53280, 0x000074b1b2c53368] Compiler: c1, Barriers: 1, Oops: 0, ImmediateOops: 0, NonImmediateOops: No
[2,724s][debug][gc,nmethod  ] Register NMethod: java.lang.StringBuilder.toString (0x000074b1b2c53488) [0x000074b1b2c53580, 0x000074b1b2c53988] Compiler: jvmci, Barriers: 3, Oops: 0, ImmediateOops: 1, NonImmediateOops: No
[2,724s][debug][gc,nmethod  ] Register NMethod: sun.reflect.generics.tree.ClassTypeSignature.getPath (0x000074b1b2c53a08) [0x000074b1b2c53b00, 0x000074b1b2c53be8] Compiler: c1, Barriers: 1, Oops: 0, ImmediateOops: 0, NonImmediateOops: No
[2,724s][debug][gc,nmethod  ] Register NMethod: sun.reflect.generics.tree.SimpleClassTypeSignature.getDollar (0x000074b1b2c53d08) [0x000074b1b2c53e00, 0x000074b1b2c53ec0] Compiler: c1, Barriers: 0, Oops: 0, ImmediateOops: 0, NonImmediateOops: No
[2,724s][debug][gc,nmethod  ] Register NMethod: sun.reflect.generics.tree.SimpleClassTypeSignature.getName (0x000074b1b2c54008) [0x000074b1b2c54100, 0x000074b1b2c541e8] Compiler: c1, Barriers: 1, Oops: 0, ImmediateOops: 0, NonImmediateOops: No
[2,724s][debug][gc,nmethod  ] Register NMethod: java.lang.Class.getInterfaces (0x000074b19377ab08) [0x000074b19377ac00, 0x000074b19377b2d8] Compiler: c1, Barriers: 4, Oops: 0, ImmediateOops: 0, NonImmediateOops: No
[2,725s][debug][gc,nmethod  ] Register NMethod: jdk.internal.classfile.impl.AbstractPseudoInstruction.<init> (0x000074b19377b308) [0x000074b19377b400, 0x000074b19377b5b8] Compiler: c1, Barriers: 0, Oops: 0, ImmediateOops: 0, NonImmediateOops: No
[2,725s][debug][gc,nmethod  ] Register NMethod: jdk.internal.classfile.impl.AbstractPseudoInstruction$ExceptionCatchImpl.writeTo (0x000074b19377b608) [0x000074b19377b700, 0x000074b19377ba00] Compiler: c1, Barriers: 0, Oops: 0, ImmediateOops: 0, NonImmediateOops: No
[2,725s][debug][gc,nmethod  ] Register NMethod: jdk.internal.classfile.impl.AbstractPseudoInstruction$ExceptionCatchImpl.<init> (0x000074b19377ba08) [0x000074b19377bb00, 0x000074b19377c910] Compiler: c1, Barriers: 12, Oops: 0, ImmediateOops: 0, NonImmediateOops: No
[2,725s][debug][gc,nmethod  ] Register NMethod: java.util.ArrayDeque.<init> (0x000074b19377c988) [0x000074b19377ca80, 0x000074b19377cd40] Compiler: c1, Barriers: 3, Oops: 0, ImmediateOops: 0, NonImmediateOops: No
[2,726s][debug][gc,nmethod  ] Register NMethod: java.util.List.of (0x000074b19377cd88) [0x000074b19377ce80, 0x000074b19377db88] Compiler: c1, Barriers: 15, Oops: 0, ImmediateOops: 2, NonImmediateOops: No
[2,726s][debug][gc,nmethod  ] Register NMethod: jdk.internal.classfile.impl.DirectCodeBuilder.addHandler (0x000074b19377dc08) [0x000074b19377dd00, 0x000074b19377f908] Compiler: c1, Barriers: 9, Oops: 0, ImmediateOops: 0, NonImmediateOops: No
[2,726s][debug][gc,nmethod  ] Register NMethod: java.lang.Class.forName (0x000074b19377f988) [0x000074b19377fa80, 0x000074b19377fba0] Compiler: c1, Barriers: 0, Oops: 0, ImmediateOops: 0, NonImmediateOops: No
[2,726s][debug][gc,nmethod  ] Register NMethod: sun.reflect.generics.parser.SignatureParser.current (0x000074b1b2c54308) [0x000074b1b2c54400, 0x000074b1b2c545c8] Compiler: jvmci, Barriers: 2, Oops: 0, ImmediateOops: 0, NonImmediateOops: No
[2,727s][debug][gc,nmethod  ] Register NMethod: jdk.internal.classfile.impl.BufWriterImpl.writeIndexOrZero (0x000074b19377fc88) [0x000074b19377fd80, 0x000074b193780a90] Compiler: c1, Barriers: 2, Oops: 0, ImmediateOops: 0, NonImmediateOops: No
[2,727s][debug][gc,nmethod  ] Register NMethod: jdk.internal.classfile.impl.DirectCodeBuilder.ldc (0x000074b193780b08) [0x000074b193780c00, 0x000074b193781ab8] Compiler: c1, Barriers: 2, Oops: 0, ImmediateOops: 0, NonImmediateOops: No
[2,727s][debug][gc,nmethod  ] Register NMethod: java.lang.classfile.Attributes.stackMapTable (0x000074b193781b08) [0x000074b193781c00, 0x000074b193781ce8] Compiler: c1, Barriers: 0, Oops: 0, ImmediateOops: 1, NonImmediateOops: No
[2,727s][debug][gc,nmethod  ] Register NMethod: java.lang.classfile.constantpool.LoadableConstantEntry.typeKind (0x000074b193781e08) [0x000074b193781f00, 0x000074b193782008] Compiler: c1, Barriers: 0, Oops: 0, ImmediateOops: 1, NonImmediateOops: No
[2,727s][debug][gc,nmethod  ] Register NMethod: jdk.internal.classfile.impl.BytecodeHelpers.ldcOpcode (0x000074b193782108) [0x000074b193782200, 0x000074b1937829b0] Compiler: c1, Barriers: 0, Oops: 0, ImmediateOops: 3, NonImmediateOops: No
[2,728s][debug][gc,nmethod  ] Register NMethod: jdk.internal.constant.ConstantUtils.referenceClassDesc (0x000074b193782a08) [0x000074b193782b00, 0x000074b193783740] Compiler: c1, Barriers: 2, Oops: 1, ImmediateOops: 2, NonImmediateOops: No
[2,728s][debug][gc,nmethod  ] Register NMethod: sun.reflect.generics.tree.SimpleClassTypeSignature.getTypeArguments (0x000074b1b2c54608) [0x000074b1b2c54700, 0x000074b1b2c547e8] Compiler: c1, Barriers: 1, Oops: 0, ImmediateOops: 0, NonImmediateOops: No
[2,728s][debug][gc,nmethod  ] Register NMethod: jdk.internal.classfile.impl.DirectCodeBuilder.writeDirectLoadConstant (0x000074b193783788) [0x000074b193783880, 0x000074b193784998] Compiler: c1, Barriers: 4, Oops: 0, ImmediateOops: 0, NonImmediateOops: No
[2,728s][debug][gc,nmethod  ] Register NMethod: java.lang.reflect.Method.getRoot (0x000074b193784a08) [0x000074b193784b00, 0x000074b193784e00] Compiler: c1, Barriers: 1, Oops: 0, ImmediateOops: 0, NonImmediateOops: No
[2,729s][debug][gc,nmethod  ] Register NMethod: java.lang.ref.Reference.<init> (0x000074b193784e08) [0x000074b193784f00, 0x000074b1937851d8] Compiler: c1, Barriers: 6, Oops: 0, ImmediateOops: 1, NonImmediateOops: No
[2,729s][debug][gc,nmethod  ] Register NMethod: java.util.stream.StreamOpFlag.isKnown (0x000074b193785208) [0x000074b193785300, 0x000074b193785458] Compiler: c1, Barriers: 0, Oops: 0, ImmediateOops: 0, NonImmediateOops: No
[2,730s][debug][gc,nmethod  ] Register NMethod: java.lang.invoke.LambdaForm$MH/0x0000000061084400.invoke (0x000074b193785508) [0x000074b193785600, 0x000074b193785d70] Compiler: c1, Barriers: 2, Oops: 1, ImmediateOops: 0, NonImmediateOops: No
[2,731s][debug][gc,nmethod  ] Register NMethod: java.lang.invoke.DirectMethodHandle$Holder.invokeSpecial (0x000074b193785d88) [0x000074b193785e80, 0x000074b193786248] Compiler: c1, Barriers: 1, Oops: 0, ImmediateOops: 0, NonImmediateOops: No
[2,731s][debug][gc,nmethod  ] Register NMethod: jdk.internal.classfile.impl.StackCounter.maxStack (0x000074b1b2c54908) [0x000074b1b2c54a00, 0x000074b1b2c54ac0] Compiler: c1, Barriers: 0, Oops: 0, ImmediateOops: 0, NonImmediateOops: No
[2,732s][debug][gc,nmethod  ] Register NMethod: jdk.internal.classfile.impl.StackCounter.maxLocals (0x000074b1b2c54c08) [0x000074b1b2c54d00, 0x000074b1b2c54dc0] Compiler: c1, Barriers: 0, Oops: 0, ImmediateOops: 0, NonImmediateOops: No
[2,733s][debug][gc,director ] Rule Major: Warmup 10%, Used: 74MB, UsedThreshold: 1228MB
[2,736s][debug][gc,nmethod  ] Register NMethod: jdk.internal.classfile.impl.StackCounter.<init> (0x000074b193786288) [0x000074b193786380, 0x000074b19379cd50] Compiler: c1, Barriers: 95, Oops: 2, ImmediateOops: 18, NonImmediateOops: No
[2,736s][debug][gc,nmethod  ] Register NMethod: jdk.internal.classfile.impl.DirectClassBuilder.with (0x000074b19379cd88) [0x000074b19379ce80, 0x000074b19379dc60] Compiler: c1, Barriers: 2, Oops: 0, ImmediateOops: 0, NonImmediateOops: No
[2,737s][debug][gc,nmethod  ] Register NMethod: jdk.internal.classfile.impl.DirectClassBuilder.with (0x000074b19379dc88) [0x000074b19379dd80, 0x000074b19379efa0] Compiler: c1, Barriers: 2, Oops: 0, ImmediateOops: 0, NonImmediateOops: No
[2,737s][debug][gc,nmethod  ] Register NMethod: java.lang.invoke.DirectMethodHandle$Constructor.<init> (0x000074b19379f008) [0x000074b19379f100, 0x000074b19379f350] Compiler: c1, Barriers: 6, Oops: 0, ImmediateOops: 0, NonImmediateOops: No
[2,738s][debug][gc,nmethod  ] Register NMethod: java.lang.invoke.MethodHandle.keepsAlive (0x000074b19379f388) [0x000074b19379f480, 0x000074b1937a0080] Compiler: c1, Barriers: 2, Oops: 0, ImmediateOops: 6, NonImmediateOops: No
[2,741s][debug][gc,nmethod  ] Register NMethod: java.lang.invoke.TypeConvertingMethodAdapter.convertType (0x000074b1937a0088) [0x000074b1937a0180, 0x000074b1937a8668] Compiler: c1, Barriers: 12, Oops: 3, ImmediateOops: 31, NonImmediateOops: No
[2,741s][debug][gc,nmethod  ] Register NMethod: java.lang.ClassLoader.getUnnamedModule (0x000074b1b2c54f08) [0x000074b1b2c55000, 0x000074b1b2c550e8] Compiler: c1, Barriers: 1, Oops: 0, ImmediateOops: 0, NonImmediateOops: No
[2,742s][debug][gc,nmethod  ] Register NMethod: java.lang.invoke.MethodHandle.linkToSpecial (0x000074b1b2c55208) [0x000074b1b2c55300, 0x000074b1b2c553f8] Compiler: , Barriers: 0, Oops: 0, ImmediateOops: 0, NonImmediateOops: No
[2,743s][debug][gc,director ] Rule Major: Warmup 10%, Used: 76MB, UsedThreshold: 1228MB
[2,743s][debug][gc,nmethod  ] Register NMethod: jdk.internal.classfile.impl.SplitConstantPool.tryFindUtf8 (0x000074b1b2c55508) [0x000074b1b2c55620, 0x000074b1b2c55f28] Compiler: jvmci, Barriers: 12, Oops: 0, ImmediateOops: 2, NonImmediateOops: No
[2,744s][debug][gc,nmethod  ] Register NMethod: org.junit.platform.commons.util.Preconditions.condition (0x000074b1937a8688) [0x000074b1937a8780, 0x000074b1937a8960] Compiler: c1, Barriers: 0, Oops: 1, ImmediateOops: 0, NonImmediateOops: No
[2,745s][debug][gc,nmethod  ] Register NMethod: sun.invoke.util.VerifyAccess.ensureTypeVisible (0x000074b1937a8988) [0x000074b1937a8a80, 0x000074b1937a9450] Compiler: c1, Barriers: 4, Oops: 0, ImmediateOops: 0, NonImmediateOops: No
[2,745s][debug][gc,nmethod  ] Register NMethod: java.lang.classfile.CodeBuilder.invoke (0x000074b1937a9488) [0x000074b1937a9580, 0x000074b1937a9d18] Compiler: c1, Barriers: 2, Oops: 0, ImmediateOops: 0, NonImmediateOops: No
[2,745s][debug][gc,nmethod  ] Register NMethod: jdk.internal.classfile.impl.DirectCodeBuilder.invoke (0x000074b1937a9d88) [0x000074b1937a9e80, 0x000074b1937accc8] Compiler: c1, Barriers: 7, Oops: 0, ImmediateOops: 1, NonImmediateOops: No
[2,746s][debug][gc,nmethod  ] Register NMethod: jdk.internal.loader.ClassLoaders$AppClassLoader.defineOrCheckPackage (0x000074b1937acd08) [0x000074b1937ace00, 0x000074b1937acf30] Compiler: c1, Barriers: 0, Oops: 0, ImmediateOops: 0, NonImmediateOops: No
[2,747s][debug][gc,nmethod  ] Register NMethod: java.util.regex.Pattern.peek (0x000074b1937ad008) [0x000074b1937ad100, 0x000074b1937ad380] Compiler: c1, Barriers: 1, Oops: 0, ImmediateOops: 0, NonImmediateOops: No
[2,747s][debug][gc,nmethod  ] Register NMethod: jdk.internal.loader.BuiltinClassLoader.defineOrCheckPackage (0x000074b1937ad388) [0x000074b1937ad480, 0x000074b1937ae5b8] Compiler: c1, Barriers: 0, Oops: 1, ImmediateOops: 2, NonImmediateOops: No
[2,747s][debug][gc,nmethod  ] Register NMethod: jdk.internal.loader.BuiltinClassLoader.getAndVerifyPackage (0x000074b1937ae608) [0x000074b1937ae700, 0x000074b1937b1258] Compiler: c1, Barriers: 4, Oops: 4, ImmediateOops: 6, NonImmediateOops: No
[2,748s][debug][gc,nmethod  ] Register NMethod: jdk.internal.loader.BuiltinClassLoader.defineClass (0x000074b1937b1288) [0x000074b1937b1380, 0x000074b1937b4288] Compiler: c1, Barriers: 6, Oops: 0, ImmediateOops: 0, NonImmediateOops: No
[2,750s][debug][gc,nmethod  ] Register NMethod: java.util.stream.ReduceOps$3ReducingSink.accept (0x000074b1937b4308) [0x000074b1937b4400, 0x000074b1937b4778] Compiler: c1, Barriers: 2, Oops: 0, ImmediateOops: 0, NonImmediateOops: No
[2,751s][debug][gc,nmethod  ] Register NMethod: org.junit.platform.commons.util.Preconditions.notNull (0x000074b1937b4788) [0x000074b1937b4880, 0x000074b1937b4b10] Compiler: c1, Barriers: 0, Oops: 1, ImmediateOops: 0, NonImmediateOops: No
[2,753s][debug][gc,nmethod  ] Register NMethod: java.lang.reflect.ProxyGenerator$ProxyMethod.parameterTypes (0x000074b1937b4b88) [0x000074b1937b4c80, 0x000074b1937b4fc0] Compiler: c1, Barriers: 2, Oops: 0, ImmediateOops: 0, NonImmediateOops: No
[2,753s][debug][gc,director ] Rule Major: Warmup 10%, Used: 76MB, UsedThreshold: 1228MB
[2,753s][debug][gc,nmethod  ] Register NMethod: java.util.HashMap.<init> (0x000074b1937b5008) [0x000074b1937b5100, 0x000074b1937b6d48] Compiler: c1, Barriers: 0, Oops: 2, ImmediateOops: 4, NonImmediateOops: No
[2,753s][debug][gc,nmethod  ] Register NMethod: java.lang.CharSequence.isEmpty (0x000074b1937b6d88) [0x000074b1937b6e80, 0x000074b1937b71c8] Compiler: c1, Barriers: 0, Oops: 0, ImmediateOops: 0, NonImmediateOops: No
[2,755s][debug][gc,nmethod  ] Register NMethod: jdk.internal.classfile.impl.DirectCodeBuilder.newLabel (0x000074b1937b7208) [0x000074b1937b7300, 0x000074b1937b75e8] Compiler: c1, Barriers: 3, Oops: 0, ImmediateOops: 0, NonImmediateOops: No
[2,756s][debug][gc,nmethod  ] Register NMethod: jdk.internal.classfile.impl.DirectCodeBuilder.labelBinding (0x000074b1937b7608) [0x000074b1937b7700, 0x000074b1937b7e30] Compiler: c1, Barriers: 1, Oops: 0, ImmediateOops: 0, NonImmediateOops: No
[2,756s][debug][gc,nmethod  ] Register NMethod: java.util.List.of (0x000074b1937b7e88) [0x000074b1937b7f80, 0x000074b1937b84d0] Compiler: c1, Barriers: 6, Oops: 0, ImmediateOops: 1, NonImmediateOops: No
[2,756s][debug][gc,nmethod  ] Register NMethod: jdk.internal.classfile.impl.BufWriterImpl.labelContext (0x000074b1b2c55f88) [0x000074b1b2c56080, 0x000074b1b2c56168] Compiler: c1, Barriers: 1, Oops: 0, ImmediateOops: 0, NonImmediateOops: No
[2,756s][debug][gc,nmethod  ] Register NMethod: jdk.internal.classfile.impl.DirectCodeBuilder.methodInfo (0x000074b1b2c56288) [0x000074b1b2c56380, 0x000074b1b2c56468] Compiler: c1, Barriers: 1, Oops: 0, ImmediateOops: 0, NonImmediateOops: No
[2,757s][debug][gc,nmethod  ] Register NMethod: java.util.LinkedHashMap.newNode (0x000074b1937b8508) [0x000074b1937b8600, 0x000074b1937b87e8] Compiler: c1, Barriers: 0, Oops: 0, ImmediateOops: 0, NonImmediateOops: No
[2,757s][debug][gc,nmethod  ] Register NMethod: java.lang.System$1.getAnnotationType (0x000074b1937b8808) [0x000074b1937b8900, 0x000074b1937b8c10] Compiler: c1, Barriers: 1, Oops: 0, ImmediateOops: 0, NonImmediateOops: No
[2,757s][debug][gc,nmethod  ] Register NMethod: java.lang.reflect.Method.getParameterCount (0x000074b1937b8c88) [0x000074b1937b8d80, 0x000074b1937b8eb8] Compiler: c1, Barriers: 1, Oops: 0, ImmediateOops: 0, NonImmediateOops: No
[2,757s][debug][gc,nmethod  ] Register NMethod: jdk.internal.classfile.impl.DirectCodeBuilder.invokevirtual (0x000074b1937b8f88) [0x000074b1937b9080, 0x000074b1937b97d0] Compiler: c1, Barriers: 1, Oops: 0, ImmediateOops: 0, NonImmediateOops: No
[2,758s][debug][gc,nmethod  ] Register NMethod: sun.reflect.annotation.AnnotationType.getInstance (0x000074b1937b9808) [0x000074b1937b9900, 0x000074b1937ba410] Compiler: c1, Barriers: 3, Oops: 0, ImmediateOops: 1, NonImmediateOops: No
[2,758s][debug][gc,nmethod  ] Register NMethod: jdk.internal.util.DecimalDigits.uncheckedPutCharLatin1 (0x000074b1937ba488) [0x000074b1937ba580, 0x000074b1937ba680] Compiler: c1, Barriers: 0, Oops: 0, ImmediateOops: 0, NonImmediateOops: No
[2,758s][debug][gc,nmethod  ] Register NMethod: java.lang.Module.allows (0x000074b1937ba788) [0x000074b1937ba880, 0x000074b1937bb3e8] Compiler: c1, Barriers: 1, Oops: 0, ImmediateOops: 3, NonImmediateOops: No
[2,758s][debug][gc,nmethod  ] Register NMethod: java.lang.classfile.attribute.StackMapFrameInfo.of (0x000074b1937bb408) [0x000074b1937bb500, 0x000074b1937bb698] Compiler: c1, Barriers: 0, Oops: 0, ImmediateOops: 0, NonImmediateOops: No
[2,758s][debug][gc,nmethod  ] Register NMethod: jdk.internal.classfile.impl.DirectCodeBuilder.athrow (0x000074b1937bb708) [0x000074b1937bb800, 0x000074b1937bbb48] Compiler: c1, Barriers: 1, Oops: 0, ImmediateOops: 0, NonImmediateOops: No
[2,758s][debug][gc,nmethod  ] Register NMethod: jdk.internal.classfile.impl.StackMapDecoder$StackMapFrameImpl.<init> (0x000074b1937bbb88) [0x000074b1937bbc80, 0x000074b1937bc220] Compiler: c1, Barriers: 9, Oops: 0, ImmediateOops: 0, NonImmediateOops: No
[2,759s][debug][gc,nmethod  ] Register NMethod: java.lang.classfile.CodeBuilder.newBoundLabel (0x000074b1937bc288) [0x000074b1937bc380, 0x000074b1937bcdd8] Compiler: c1, Barriers: 4, Oops: 0, ImmediateOops: 0, NonImmediateOops: No
[2,759s][debug][gc,nmethod  ] Register NMethod: java.lang.invoke.Invokers.checkCustomized (0x000074b1937bce08) [0x000074b1937bcf00, 0x000074b1937bd120] Compiler: c1, Barriers: 2, Oops: 0, ImmediateOops: 0, NonImmediateOops: No
[2,759s][debug][gc,nmethod  ] Register NMethod: java.lang.invoke.Invokers.maybeCustomize (0x000074b1937bd188) [0x000074b1937bd280, 0x000074b1937bd558] Compiler: c1, Barriers: 0, Oops: 0, ImmediateOops: 0, NonImmediateOops: No
[2,759s][debug][gc,nmethod  ] Register NMethod: java.lang.invoke.MethodHandle.maybeCustomize (0x000074b1937bd588) [0x000074b1937bd680, 0x000074b1937bdd18] Compiler: c1, Barriers: 2, Oops: 0, ImmediateOops: 0, NonImmediateOops: No
[2,759s][debug][gc,nmethod  ] Register NMethod: jdk.internal.classfile.impl.DirectCodeBuilder.return_ (0x000074b1937bdd88) [0x000074b1937bde80, 0x000074b1937be1c8] Compiler: c1, Barriers: 1, Oops: 0, ImmediateOops: 0, NonImmediateOops: No
[2,760s][debug][gc,nmethod  ] Register NMethod: jdk.internal.classfile.impl.StackMapDecoder.writeTypeInfo (0x000074b1937be208) [0x000074b1937be300, 0x000074b1937c2418] Compiler: c1, Barriers: 3, Oops: 2, ImmediateOops: 5, NonImmediateOops: No
[2,760s][debug][gc,nmethod  ] Register NMethod: jdk.internal.classfile.impl.StackMapDecoder.writeFrame (0x000074b1937c2488) [0x000074b1937c2580, 0x000074b1937c7108] Compiler: c1, Barriers: 15, Oops: 0, ImmediateOops: 1, NonImmediateOops: No
[2,761s][debug][gc,nmethod  ] Register NMethod: jdk.internal.loader.BuiltinClassLoader.findClassOnClassPathOrNull (0x000074b1937c7188) [0x000074b1937c7280, 0x000074b1937c9a40] Compiler: c1, Barriers: 6, Oops: 1, ImmediateOops: 8, NonImmediateOops: No
[2,763s][debug][gc,director ] Rule Major: Warmup 10%, Used: 76MB, UsedThreshold: 1228MB
[2,767s][debug][gc,nmethod  ] Register NMethod: java.util.LinkedHashMap.get (0x000074b1937c9a88) [0x000074b1937c9b80, 0x000074b1937ca140] Compiler: c1, Barriers: 1, Oops: 0, ImmediateOops: 0, NonImmediateOops: No
[2,767s][debug][gc,nmethod  ] Register NMethod: jdk.internal.loader.URLClassPath$JarLoader.getResource (0x000074b1b2c56588) [0x000074b1b2c56680, 0x000074b1b2c57db8] Compiler: jvmci, Barriers: 19, Oops: 2, ImmediateOops: 8, NonImmediateOops: No
[2,768s][debug][gc,nmethod  ] Register NMethod: java.util.logging.LogManager.getProperty (0x000074b1937ca188) [0x000074b1937ca280, 0x000074b1937ca5c0] Compiler: c1, Barriers: 1, Oops: 0, ImmediateOops: 0, NonImmediateOops: No
[2,768s][debug][gc,nmethod  ] Register NMethod: java.lang.String.substring (0x000074b1937ca608) [0x000074b1937ca700, 0x000074b1937cae98] Compiler: c1, Barriers: 1, Oops: 0, ImmediateOops: 0, NonImmediateOops: No
[2,769s][debug][gc,nmethod  ] Register NMethod: java.util.jar.JarFile.getJarEntry (0x000074b1b2c57e08) [0x000074b1b2c57f00, 0x000074b1b2c59558] Compiler: jvmci, Barriers: 14, Oops: 2, ImmediateOops: 8, NonImmediateOops: No
[2,771s][debug][gc,nmethod  ] Register NMethod: sun.reflect.annotation.AnnotationType.memberDefaults (0x000074b1b2c59588) [0x000074b1b2c59680, 0x000074b1b2c59768] Compiler: c1, Barriers: 1, Oops: 0, ImmediateOops: 0, NonImmediateOops: No
[2,771s][debug][gc,nmethod  ] Register NMethod: sun.reflect.annotation.AnnotationType.retention (0x000074b1b2c59888) [0x000074b1b2c59980, 0x000074b1b2c59a68] Compiler: c1, Barriers: 1, Oops: 0, ImmediateOops: 0, NonImmediateOops: No
[2,771s][debug][gc,nmethod  ] Register NMethod: sun.reflect.annotation.AnnotationType.memberTypes (0x000074b1b2c59b88) [0x000074b1b2c59c80, 0x000074b1b2c59d68] Compiler: c1, Barriers: 1, Oops: 0, ImmediateOops: 0, NonImmediateOops: No
[2,772s][debug][gc,nmethod  ] Register NMethod: java.lang.invoke.Invokers.checkExactType (0x000074b1937caf08) [0x000074b1937cb000, 0x000074b1937cb360] Compiler: c1, Barriers: 1, Oops: 0, ImmediateOops: 0, NonImmediateOops: No
[2,773s][debug][gc,director ] Rule Major: Warmup 10%, Used: 78MB, UsedThreshold: 1228MB
[2,776s][debug][gc,nmethod  ] Register NMethod: java.lang.Class.getDeclaredMethods0 (0x000074b1b2c59e88) [0x000074b1b2c59f80, 0x000074b1b2c5a2a0] Compiler: , Barriers: 0, Oops: 0, ImmediateOops: 0, NonImmediateOops: No
[2,777s][debug][gc,nmethod  ] Register NMethod: jdk.internal.util.DecimalDigits.stringSize (0x000074b1937cb388) [0x000074b1937cb480, 0x000074b1937cb6a8] Compiler: c1, Barriers: 0, Oops: 0, ImmediateOops: 0, NonImmediateOops: No
[2,778s][debug][gc,nmethod  ] Register NMethod: java.lang.classfile.CodeBuilder.exceptionCatch (0x000074b1937cb708) [0x000074b1937cb800, 0x000074b1937cbdd8] Compiler: c1, Barriers: 1, Oops: 0, ImmediateOops: 0, NonImmediateOops: No
[2,778s][debug][gc,nmethod  ] Register NMethod: java.lang.classfile.instruction.ExceptionCatch.of (0x000074b1937cbe08) [0x000074b1937cbf00, 0x000074b1937cc560] Compiler: c1, Barriers: 1, Oops: 0, ImmediateOops: 0, NonImmediateOops: No
[2,778s][debug][gc,nmethod  ] Register NMethod: java.lang.classfile.CodeBuilder.exceptionCatch (0x000074b1937cc588) [0x000074b1937cc680, 0x000074b1937cd0c8] Compiler: c1, Barriers: 3, Oops: 0, ImmediateOops: 1, NonImmediateOops: No
[2,778s][debug][gc,nmethod  ] Register NMethod: jdk.internal.classfile.impl.UnboundAttribute$UnboundExceptionsAttribute.exceptions (0x000074b1b2c5a308) [0x000074b1b2c5a400, 0x000074b1b2c5a4e8] Compiler: c1, Barriers: 1, Oops: 0, ImmediateOops: 0, NonImmediateOops: No
[2,779s][debug][gc,nmethod  ] Register NMethod: java.util.ImmutableCollections$AbstractImmutableList.equals (0x000074b1937cd108) [0x000074b1937cd200, 0x000074b1937ce8a0] Compiler: c1, Barriers: 0, Oops: 0, ImmediateOops: 0, NonImmediateOops: No
[2,780s][debug][gc,nmethod  ] Register NMethod: java.lang.ref.SoftReference.<init> (0x000074b1937ce908) [0x000074b1937cea00, 0x000074b1937ced48] Compiler: c1, Barriers: 6, Oops: 0, ImmediateOops: 2, NonImmediateOops: No
[2,781s][debug][gc,nmethod  ] Register NMethod: java.util.HashMap.calculateHashMapCapacity (0x000074b1937ced88) [0x000074b1937ceea0, 0x000074b1937cf038] Compiler: c1, Barriers: 0, Oops: 0, ImmediateOops: 0, NonImmediateOops: No
[2,781s][debug][gc,nmethod  ] Register NMethod: java.util.LinkedHashMap.afterNodeInsertion (0x000074b1937cf088) [0x000074b1937cf180, 0x000074b1937cfa60] Compiler: c1, Barriers: 2, Oops: 0, ImmediateOops: 0, NonImmediateOops: No
[2,783s][debug][gc,nmethod  ] Register NMethod: jdk.internal.reflect.ConstantPool.getIntAt0 (0x000074b1b2c5a608) [0x000074b1b2c5a700, 0x000074b1b2c5a868] Compiler: , Barriers: 0, Oops: 0, ImmediateOops: 0, NonImmediateOops: No
[2,784s][debug][gc,director ] Rule Major: Warmup 10%, Used: 78MB, UsedThreshold: 1228MB
[2,784s][debug][gc,nmethod  ] Register NMethod: jdk.internal.loader.AbstractClassLoaderValue.map (0x000074b1937cfa88) [0x000074b1937cfb80, 0x000074b1937cff78] Compiler: c1, Barriers: 0, Oops: 0, ImmediateOops: 2, NonImmediateOops: No
[2,785s][debug][gc,nmethod  ] Register NMethod: java.lang.StringBuilder.append (0x000074b1937cff88) [0x000074b1937d0080, 0x000074b1937d03e0] Compiler: c1, Barriers: 0, Oops: 0, ImmediateOops: 0, NonImmediateOops: No
[2,785s][debug][gc,nmethod  ] Register NMethod: java.lang.Class.getInterfaces (0x000074b1937d0408) [0x000074b1937d0500, 0x000074b1937d0638] Compiler: c1, Barriers: 0, Oops: 0, ImmediateOops: 0, NonImmediateOops: No
[2,785s][debug][gc,nmethod  ] Register NMethod: sun.reflect.generics.parser.SignatureParser.mark (0x000074b1937d0708) [0x000074b1937d0800, 0x000074b1937d0908] Compiler: c1, Barriers: 0, Oops: 0, ImmediateOops: 0, NonImmediateOops: No
[2,786s][debug][gc,nmethod  ] Register NMethod: sun.reflect.generics.parser.SignatureParser.markToCurrent (0x000074b1937d0a08) [0x000074b1937d0b00, 0x000074b1937d0e38] Compiler: c1, Barriers: 1, Oops: 0, ImmediateOops: 0, NonImmediateOops: No
[2,786s][debug][gc,nmethod  ] Register NMethod: java.util.jar.JarFile.checkForSpecialAttributes (0x000074b1b2c5a908) [0x000074b1b2c5aa00, 0x000074b1b2c5b358] Compiler: jvmci, Barriers: 7, Oops: 2, ImmediateOops: 8, NonImmediateOops: No
[2,786s][debug][gc,nmethod  ] Register NMethod: java.lang.invoke.MethodHandle.linkToInterface (0x000074b1b2c5b388) [0x000074b1b2c5b480, 0x000074b1b2c5b5b0] Compiler: , Barriers: 0, Oops: 0, ImmediateOops: 0, NonImmediateOops: No
[2,787s][debug][gc,nmethod  ] Register NMethod: sun.reflect.generics.parser.SignatureParser.parsePackageNameAndSimpleClassTypeSignature (0x000074b1937d0e88) [0x000074b1937d0f80, 0x000074b1937d2470] Compiler: c1, Barriers: 1, Oops: 1, ImmediateOops: 2, NonImmediateOops: No
[2,787s][debug][gc,nmethod  ] Register NMethod: sun.reflect.annotation.AnnotationInvocationHandler.invoke (0x000074b1937d2488) [0x000074b1937d2580, 0x000074b1937d4810] Compiler: c1, Barriers: 10, Oops: 0, ImmediateOops: 7, NonImmediateOops: No
[2,787s][debug][gc,nmethod  ] Register NMethod: java.util.LinkedHashMap$LinkedEntryIterator.next (0x000074b1937d4888) [0x000074b1937d4980, 0x000074b1937d4e90] Compiler: c1, Barriers: 0, Oops: 0, ImmediateOops: 0, NonImmediateOops: No
[2,787s][debug][gc,nmethod  ] Register NMethod: java.util.LinkedHashMap$LinkedEntryIterator.next (0x000074b1937d4f08) [0x000074b1937d5000, 0x000074b1937d52f8] Compiler: c1, Barriers: 0, Oops: 0, ImmediateOops: 0, NonImmediateOops: No
[2,787s][debug][gc,nmethod  ] Register NMethod: jdk.internal.loader.AbstractClassLoaderValue.extractValue (0x000074b1937d5308) [0x000074b1937d5400, 0x000074b1937d5b58] Compiler: c1, Barriers: 0, Oops: 0, ImmediateOops: 0, NonImmediateOops: No
[2,788s][debug][gc,nmethod  ] Register NMethod: sun.reflect.generics.tree.SimpleClassTypeSignature.make (0x000074b1937d5b88) [0x000074b1937d5c80, 0x000074b1937d5f70] Compiler: c1, Barriers: 6, Oops: 0, ImmediateOops: 0, NonImmediateOops: No
[2,788s][debug][gc,nmethod  ] Register NMethod: sun.reflect.annotation.AnnotationInvocationHandler.memberValueHashCode (0x000074b1937d5f88) [0x000074b1937d6080, 0x000074b1937d8280] Compiler: c1, Barriers: 2, Oops: 0, ImmediateOops: 8, NonImmediateOops: No
[2,788s][debug][gc,nmethod  ] Register NMethod: java.lang.invoke.MemberName.isMethod (0x000074b1937d8288) [0x000074b1937d8380, 0x000074b1937d8538] Compiler: c1, Barriers: 0, Oops: 0, ImmediateOops: 0, NonImmediateOops: No
[2,788s][debug][gc,nmethod  ] Register NMethod: sun.reflect.generics.parser.SignatureParser.parseClassTypeSignature (0x000074b1937d8588) [0x000074b1937d8680, 0x000074b1937da530] Compiler: c1, Barriers: 11, Oops: 2, ImmediateOops: 4, NonImmediateOops: No
[2,789s][debug][gc,nmethod  ] Register NMethod: java.util.ImmutableCollections$ListN.size (0x000074b1b2c5b688) [0x000074b1b2c5b780, 0x000074b1b2c5b860] Compiler: jvmci, Barriers: 1, Oops: 0, ImmediateOops: 0, NonImmediateOops: No
[2,789s][debug][gc,nmethod  ] Register NMethod: sun.reflect.generics.tree.SimpleClassTypeSignature.<init> (0x000074b1937da588) [0x000074b1937da680, 0x000074b1937da8d0] Compiler: c1, Barriers: 6, Oops: 0, ImmediateOops: 0, NonImmediateOops: No
[2,789s][debug][gc,nmethod  ] Register NMethod: sun.reflect.generics.tree.ClassTypeSignature.make (0x000074b1937da908) [0x000074b1937daa00, 0x000074b1937dac68] Compiler: c1, Barriers: 3, Oops: 0, ImmediateOops: 0, NonImmediateOops: No
[2,789s][debug][gc,nmethod  ] Register NMethod: sun.reflect.generics.tree.ClassTypeSignature.<init> (0x000074b1937dac88) [0x000074b1937dad80, 0x000074b1937daf50] Compiler: c1, Barriers: 3, Oops: 0, ImmediateOops: 0, NonImmediateOops: No
[2,789s][debug][gc,nmethod  ] Register NMethod: sun.reflect.generics.parser.SignatureParser.parseClassTypeSignatureSuffix (0x000074b1937daf88) [0x000074b1937db080, 0x000074b1937db4f0] Compiler: c1, Barriers: 0, Oops: 0, ImmediateOops: 0, NonImmediateOops: No
[2,790s][debug][gc,nmethod  ] Register NMethod: sun.reflect.generics.parser.SignatureParser.init (0x000074b1937db508) [0x000074b1937db600, 0x000074b1937db780] Compiler: c1, Barriers: 3, Oops: 0, ImmediateOops: 0, NonImmediateOops: No
[2,790s][debug][gc,nmethod  ] Register NMethod: sun.reflect.generics.parser.SignatureParser.make (0x000074b1937db808) [0x000074b1937db900, 0x000074b1937dbaf0] Compiler: c1, Barriers: 0, Oops: 0, ImmediateOops: 0, NonImmediateOops: No
[2,790s][debug][gc,nmethod  ] Register NMethod: sun.reflect.generics.parser.SignatureParser.<init> (0x000074b1937dbb08) [0x000074b1937dbc00, 0x000074b1937dbd58] Compiler: c1, Barriers: 0, Oops: 0, ImmediateOops: 0, NonImmediateOops: No
[2,790s][debug][gc,nmethod  ] Register NMethod: sun.reflect.generics.parser.SignatureParser.parseFieldTypeSignature (0x000074b1937dbe08) [0x000074b1937dbf00, 0x000074b1937dc038] Compiler: c1, Barriers: 0, Oops: 0, ImmediateOops: 0, NonImmediateOops: No
[2,790s][debug][gc,nmethod  ] Register NMethod: sun.reflect.generics.scope.AbstractScope.<init> (0x000074b1937dc108) [0x000074b1937dc200, 0x000074b1937dc3d0] Compiler: c1, Barriers: 3, Oops: 0, ImmediateOops: 0, NonImmediateOops: No
[2,791s][debug][gc,nmethod  ] Register NMethod: sun.reflect.generics.parser.SignatureParser.parseFieldTypeSignature (0x000074b1937dc408) [0x000074b1937dc500, 0x000074b1937dc9c0] Compiler: c1, Barriers: 0, Oops: 0, ImmediateOops: 3, NonImmediateOops: No
[2,791s][debug][gc,nmethod  ] Register NMethod: sun.reflect.generics.factory.CoreReflectionFactory.<init> (0x000074b1937dca08) [0x000074b1937dcb00, 0x000074b1937dcd48] Compiler: c1, Barriers: 6, Oops: 0, ImmediateOops: 0, NonImmediateOops: No
[2,791s][debug][gc,nmethod  ] Register NMethod: sun.reflect.generics.factory.CoreReflectionFactory.make (0x000074b1937dcd88) [0x000074b1937dce80, 0x000074b1937dd160] Compiler: c1, Barriers: 6, Oops: 0, ImmediateOops: 0, NonImmediateOops: No
[2,791s][debug][gc,nmethod  ] Register NMethod: sun.reflect.generics.visitor.Reifier.make (0x000074b1937dd188) [0x000074b1937dd280, 0x000074b1937dd4e8] Compiler: c1, Barriers: 3, Oops: 0, ImmediateOops: 0, NonImmediateOops: No
[2,791s][debug][gc,nmethod  ] Register NMethod: sun.reflect.generics.visitor.Reifier.<init> (0x000074b1937dd508) [0x000074b1937dd600, 0x000074b1937dd7d0] Compiler: c1, Barriers: 3, Oops: 0, ImmediateOops: 0, NonImmediateOops: No
[2,791s][debug][gc,nmethod  ] Register NMethod: java.lang.Module.implIsExportedOrOpen (0x000074b1937dd808) [0x000074b1937dd900, 0x000074b1937deba0] Compiler: c1, Barriers: 5, Oops: 0, ImmediateOops: 0, NonImmediateOops: No
[2,791s][debug][gc,nmethod  ] Register NMethod: sun.reflect.generics.tree.ClassTypeSignature.accept (0x000074b1937dec08) [0x000074b1937ded00, 0x000074b1937dee88] Compiler: c1, Barriers: 0, Oops: 0, ImmediateOops: 0, NonImmediateOops: No
[2,791s][debug][gc,nmethod  ] Register NMethod: java.util.Collections.emptyList (0x000074b1937def08) [0x000074b1937df000, 0x000074b1937df0e8] Compiler: c1, Barriers: 0, Oops: 0, ImmediateOops: 1, NonImmediateOops: No
[2,792s][debug][gc,nmethod  ] Register NMethod: sun.reflect.generics.factory.CoreReflectionFactory.makeNamedType (0x000074b1937df208) [0x000074b1937df300, 0x000074b1937df5b0] Compiler: c1, Barriers: 0, Oops: 0, ImmediateOops: 0, NonImmediateOops: No
[2,792s][debug][gc,nmethod  ] Register NMethod: sun.reflect.generics.factory.CoreReflectionFactory.getDeclsLoader (0x000074b1937df608) [0x000074b1937df700, 0x000074b1937e0d38] Compiler: c1, Barriers: 6, Oops: 0, ImmediateOops: 0, NonImmediateOops: No
[2,793s][debug][gc,nmethod  ] Register NMethod: sun.reflect.generics.scope.ClassScope.<init> (0x000074b1937e0d88) [0x000074b1937e0e80, 0x000074b1937e10b0] Compiler: c1, Barriers: 3, Oops: 0, ImmediateOops: 0, NonImmediateOops: No
[2,793s][debug][gc,nmethod  ] Register NMethod: sun.reflect.generics.scope.ClassScope.make (0x000074b1937e1108) [0x000074b1937e1200, 0x000074b1937e14c8] Compiler: c1, Barriers: 3, Oops: 0, ImmediateOops: 0, NonImmediateOops: No
[2,793s][debug][gc,nmethod  ] Register NMethod: sun.reflect.generics.parser.SignatureParser.parseTypeSig (0x000074b1937e1508) [0x000074b1937e1600, 0x000074b1937e1820] Compiler: c1, Barriers: 3, Oops: 0, ImmediateOops: 0, NonImmediateOops: No
[2,794s][debug][gc,nmethod  ] Register NMethod: sun.reflect.generics.visitor.Reifier.visitClassTypeSignature (0x000074b1937e1888) [0x000074b1937e1980, 0x000074b1937e51d8] Compiler: c1, Barriers: 17, Oops: 0, ImmediateOops: 6, NonImmediateOops: No
[2,794s][debug][gc,nmethod  ] Register NMethod: jdk.internal.classfile.impl.AbstractPoolEntry$FieldRefEntryImpl.<init> (0x000074b1937e5208) [0x000074b1937e5300, 0x000074b1937e5450] Compiler: c1, Barriers: 0, Oops: 0, ImmediateOops: 0, NonImmediateOops: No
[2,794s][debug][gc,director ] Rule Major: Warmup 10%, Used: 78MB, UsedThreshold: 1228MB
[2,794s][debug][gc,nmethod  ] Register NMethod: jdk.internal.loader.AbstractClassLoaderValue$Sub.hashCode (0x000074b1937e5508) [0x000074b1937e5600, 0x000074b1937e5e00] Compiler: c1, Barriers: 2, Oops: 0, ImmediateOops: 0, NonImmediateOops: No
[2,794s][debug][gc,nmethod  ] Register NMethod: sun.reflect.generics.visitor.Reifier.getResult (0x000074b1937e5e08) [0x000074b1937e5f00, 0x000074b1937e6040] Compiler: c1, Barriers: 1, Oops: 0, ImmediateOops: 0, NonImmediateOops: No
[2,795s][debug][gc,nmethod  ] Register NMethod: java.util.LinkedHashMap$LinkedHashIterator.<init> (0x000074b1937e6108) [0x000074b1937e6200, 0x000074b1937e66d8] Compiler: c1, Barriers: 11, Oops: 0, ImmediateOops: 0, NonImmediateOops: No
[2,795s][debug][gc,nmethod  ] Register NMethod: sun.reflect.annotation.AnnotationParser.parseSig (0x000074b1937e6708) [0x000074b1937e6800, 0x000074b1937e94c8] Compiler: c1, Barriers: 18, Oops: 0, ImmediateOops: 2, NonImmediateOops: No
[2,797s][debug][gc,nmethod  ] Register NMethod: jdk.internal.classfile.impl.DirectCodeBuilder.parameterSlot (0x000074b1937e9508) [0x000074b1937e9600, 0x000074b1937e97b8] Compiler: c1, Barriers: 1, Oops: 0, ImmediateOops: 0, NonImmediateOops: No
[2,798s][debug][gc,nmethod  ] Register NMethod: jdk.internal.classfile.impl.DirectMethodBuilder.parameterSlot (0x000074b1937e9808) [0x000074b1937e9900, 0x000074b1937ea680] Compiler: c1, Barriers: 6, Oops: 0, ImmediateOops: 0, NonImmediateOops: No
[2,799s][debug][gc,nmethod  ] Register NMethod: org.junit.platform.commons.util.AnnotationUtils.isInJavaLangAnnotationPackage (0x000074b1937ea688) [0x000074b1937ea780, 0x000074b1937eafc8] Compiler: c1, Barriers: 1, Oops: 2, ImmediateOops: 1, NonImmediateOops: No
[2,800s][debug][gc,nmethod  ] Register NMethod: java.util.jar.JarFile.getEntry (0x000074b1b2c5b988) [0x000074b1b2c5ba80, 0x000074b1b2c5cf70] Compiler: jvmci, Barriers: 14, Oops: 2, ImmediateOops: 8, NonImmediateOops: No
[2,800s][debug][gc,nmethod  ] Register NMethod: java.util.Objects.hash (0x000074b1937eb008) [0x000074b1937eb100, 0x000074b1937eb2c0] Compiler: c1, Barriers: 0, Oops: 0, ImmediateOops: 0, NonImmediateOops: No
[2,801s][debug][gc,nmethod  ] Register NMethod: java.lang.Byte.<init> (0x000074b1937eb308) [0x000074b1937eb400, 0x000074b1937eb5c0] Compiler: c1, Barriers: 0, Oops: 0, ImmediateOops: 0, NonImmediateOops: No
[2,801s][debug][gc,nmethod  ] Register NMethod: java.lang.Byte.hashCode (0x000074b1937eb608) [0x000074b1937eb700, 0x000074b1937eb858] Compiler: c1, Barriers: 0, Oops: 0, ImmediateOops: 0, NonImmediateOops: No
[2,801s][debug][gc,nmethod  ] Register NMethod: java.lang.Byte.hashCode (0x000074b1937eb908) [0x000074b1937eba00, 0x000074b1937ebae0] Compiler: c1, Barriers: 0, Oops: 0, ImmediateOops: 0, NonImmediateOops: No
[2,802s][debug][gc,nmethod  ] Register NMethod: java.lang.invoke.MemberName.<init> (0x000074b1937ebc08) [0x000074b1937ebd00, 0x000074b1937edc08] Compiler: c1, Barriers: 0, Oops: 4, ImmediateOops: 6, NonImmediateOops: No
[2,802s][debug][gc,nmethod  ] Register NMethod: java.lang.invoke.MemberName.hashCode (0x000074b1937edc88) [0x000074b1937edd80, 0x000074b1937ef7a0] Compiler: c1, Barriers: 14, Oops: 0, ImmediateOops: 0, NonImmediateOops: No
[2,803s][debug][gc,nmethod  ] Register NMethod: java.nio.ByteBuffer.position (0x000074b1937ef808) [0x000074b1937ef900, 0x000074b1937efa48] Compiler: c1, Barriers: 0, Oops: 0, ImmediateOops: 0, NonImmediateOops: No
[2,804s][debug][gc,nmethod  ] Register NMethod: jdk.internal.classfile.impl.StackMapGenerator.processFieldInstructions (0x000074b1937efb08) [0x000074b1937efc00, 0x000074b1937f37b8] Compiler: c1, Barriers: 10, Oops: 2, ImmediateOops: 13, NonImmediateOops: No
[2,804s][debug][gc,nmethod  ] Register NMethod: java.util.Optional.isPresent (0x000074b1937f3808) [0x000074b1937f3900, 0x000074b1937f3a80] Compiler: c1, Barriers: 1, Oops: 0, ImmediateOops: 0, NonImmediateOops: No
[2,804s][debug][gc,director ] Rule Major: Warmup 10%, Used: 78MB, UsedThreshold: 1228MB
[2,805s][debug][gc,nmethod  ] Register NMethod: jdk.internal.classfile.impl.BufWriterImpl.<init> (0x000074b1937f3b08) [0x000074b1937f3c00, 0x000074b1937f3d48] Compiler: c1, Barriers: 0, Oops: 0, ImmediateOops: 0, NonImmediateOops: No
[2,805s][debug][gc,nmethod  ] Register NMethod: java.lang.invoke.MethodHandle.linkToInterface (0x000074b1b2c5cf88) [0x000074b1b2c5d080, 0x000074b1b2c5d1b0] Compiler: , Barriers: 0, Oops: 0, ImmediateOops: 0, NonImmediateOops: No
[2,806s][debug][gc,nmethod  ] Register NMethod: java.lang.AbstractStringBuilder.ensureCapacitySameCoder (0x000074b1937f3e08) [0x000074b1937f3f00, 0x000074b1937f40a8] Compiler: c1, Barriers: 0, Oops: 0, ImmediateOops: 0, NonImmediateOops: No
[2,806s][debug][gc,nmethod  ] Register NMethod: jdk.internal.classfile.impl.DirectClassBuilder.withField (0x000074b1937f4108) [0x000074b1937f4200, 0x000074b1937f4620] Compiler: c1, Barriers: 2, Oops: 0, ImmediateOops: 0, NonImmediateOops: No
[2,806s][debug][gc,nmethod  ] Register NMethod: jdk.internal.classfile.impl.DirectClassBuilder.withField (0x000074b1937f4688) [0x000074b1937f4780, 0x000074b1937f5138] Compiler: c1, Barriers: 9, Oops: 0, ImmediateOops: 0, NonImmediateOops: No
[2,807s][debug][gc,nmethod  ] Register NMethod: jdk.internal.classfile.impl.DirectFieldBuilder.<init> (0x000074b1937f5188) [0x000074b1937f5280, 0x000074b1937f6148] Compiler: c1, Barriers: 21, Oops: 0, ImmediateOops: 1, NonImmediateOops: No
[2,807s][debug][gc,nmethod  ] Register NMethod: java.lang.invoke.InnerClassLambdaMetafactory.argName (0x000074b1937f6188) [0x000074b1937f6280, 0x000074b1937f6f10] Compiler: c1, Barriers: 1, Oops: 1, ImmediateOops: 3, NonImmediateOops: No
[2,807s][debug][gc,nmethod  ] Register NMethod: jdk.internal.classfile.impl.AbstractPoolEntry.maybeClone (0x000074b1b2c5d288) [0x000074b1b2c5d380, 0x000074b1b2c5d770] Compiler: jvmci, Barriers: 5, Oops: 0, ImmediateOops: 0, NonImmediateOops: No
[2,808s][debug][gc,nmethod  ] Register NMethod: jdk.internal.classfile.impl.DirectFieldBuilder.writeTo (0x000074b1937f6f88) [0x000074b1937f7080, 0x000074b1937fb690] Compiler: c1, Barriers: 5, Oops: 1, ImmediateOops: 6, NonImmediateOops: No
[2,808s][debug][gc,nmethod  ] Register NMethod: jdk.internal.classfile.impl.AbstractPoolEntry$Utf8EntryImpl.equalsString (0x000074b1937fb708) [0x000074b1937fb800, 0x000074b1937fe4d0] Compiler: c1, Barriers: 23, Oops: 1, ImmediateOops: 8, NonImmediateOops: No
[2,809s][debug][gc,nmethod  ] Register NMethod: sun.reflect.generics.parser.SignatureParser.advance (0x000074b1b2c5d788) [0x000074b1b2c5d880, 0x000074b1b2c5d9f8] Compiler: jvmci, Barriers: 2, Oops: 0, ImmediateOops: 0, NonImmediateOops: No
[2,809s][debug][gc,nmethod  ] Register NMethod: java.util.stream.ReferencePipeline.<init> (0x000074b1937fe508) [0x000074b1937fe600, 0x000074b1937fe730] Compiler: c1, Barriers: 0, Oops: 0, ImmediateOops: 0, NonImmediateOops: No
[2,809s][debug][gc,nmethod  ] Register NMethod: jdk.internal.classfile.impl.BytecodeHelpers.returnBytecode (0x000074b1937fe808) [0x000074b1937fe900, 0x000074b1937fec60] Compiler: c1, Barriers: 0, Oops: 0, ImmediateOops: 0, NonImmediateOops: No
[2,809s][debug][gc,nmethod  ] Register NMethod: java.lang.CharacterData.of (0x000074b1b2c5da88) [0x000074b1b2c5db80, 0x000074b1b2c5dc68] Compiler: jvmci, Barriers: 0, Oops: 0, ImmediateOops: 2, NonImmediateOops: No
[2,810s][debug][gc,nmethod  ] Register NMethod: jdk.internal.classfile.impl.DirectCodeBuilder.return_ (0x000074b1937fec88) [0x000074b1937fed80, 0x000074b1937ff398] Compiler: c1, Barriers: 1, Oops: 0, ImmediateOops: 0, NonImmediateOops: No
[2,810s][debug][gc,nmethod  ] Register NMethod: java.util.stream.AbstractPipeline.<init> (0x000074b1937ff408) [0x000074b1937ff500, 0x000074b1937ffa90] Compiler: c1, Barriers: 10, Oops: 0, ImmediateOops: 1, NonImmediateOops: No
[2,810s][debug][gc,nmethod  ] Register NMethod: java.util.jar.JarFile.isMultiRelease (0x000074b1b2c5dd88) [0x000074b1b2c5de80, 0x000074b1b2c5e820] Compiler: jvmci, Barriers: 7, Oops: 2, ImmediateOops: 8, NonImmediateOops: No
[2,811s][debug][gc,nmethod  ] Register NMethod: java.util.stream.Sink$ChainedReference.<init> (0x000074b1937ffb08) [0x000074b1937ffc00, 0x000074b193800138] Compiler: c1, Barriers: 3, Oops: 0, ImmediateOops: 0, NonImmediateOops: No
[2,812s][debug][gc,nmethod  ] Register NMethod: java.lang.invoke.MemberName.getModifiers (0x000074b1b2c5e888) [0x000074b1b2c5e980, 0x000074b1b2c5ea08] Compiler: jvmci, Barriers: 0, Oops: 0, ImmediateOops: 0, NonImmediateOops: No
[2,812s][debug][gc,nmethod  ] Register NMethod: jdk.internal.loader.AbstractClassLoaderValue.<init> (0x000074b193800188) [0x000074b193800280, 0x000074b1938003d8] Compiler: c1, Barriers: 0, Oops: 0, ImmediateOops: 0, NonImmediateOops: No
[2,812s][debug][gc,nmethod  ] Register NMethod: java.lang.reflect.Method.getAnnotation (0x000074b193800488) [0x000074b193800580, 0x000074b193801220] Compiler: c1, Barriers: 0, Oops: 0, ImmediateOops: 0, NonImmediateOops: No
[2,813s][debug][gc,nmethod  ] Register NMethod: java.lang.reflect.Executable.getAnnotation (0x000074b193801288) [0x000074b193801380, 0x000074b193801fb8] Compiler: c1, Barriers: 0, Oops: 0, ImmediateOops: 0, NonImmediateOops: No
[2,813s][debug][gc,nmethod  ] Register NMethod: java.lang.CharacterDataLatin1.isWhitespace (0x000074b1b2c5eb88) [0x000074b1b2c5ec80, 0x000074b1b2c5ed78] Compiler: jvmci, Barriers: 0, Oops: 0, ImmediateOops: 1, NonImmediateOops: No
[2,813s][debug][gc,nmethod  ] Register NMethod: java.lang.Class.isArray (0x000074b1b2c5ee88) [0x000074b1b2c5ef80, 0x000074b1b2c5f038] Compiler: jvmci, Barriers: 1, Oops: 0, ImmediateOops: 0, NonImmediateOops: No
[2,814s][debug][gc,nmethod  ] Register NMethod: jdk.internal.misc.VM.isSystemDomainLoader (0x000074b193802008) [0x000074b193802100, 0x000074b193802370] Compiler: c1, Barriers: 0, Oops: 0, ImmediateOops: 1, NonImmediateOops: No
[2,814s][debug][gc,nmethod  ] Register NMethod: java.lang.invoke.BoundMethodHandle$Species_L.<init> (0x000074b193802388) [0x000074b193802480, 0x000074b1938026c0] Compiler: c1, Barriers: 3, Oops: 0, ImmediateOops: 0, NonImmediateOops: No
[2,814s][debug][gc,nmethod  ] Register NMethod: jdk.internal.constant.MethodTypeDescImpl.parameterCount (0x000074b1b2c5f188) [0x000074b1b2c5f280, 0x000074b1b2c5f360] Compiler: jvmci, Barriers: 1, Oops: 0, ImmediateOops: 0, NonImmediateOops: No
[2,814s][debug][gc,director ] Rule Major: Warmup 10%, Used: 80MB, UsedThreshold: 1228MB
[2,815s][debug][gc,nmethod  ] Register NMethod: java.lang.StringBuilder.<init> (0x000074b1b2c5f488) [0x000074b1b2c5f580, 0x000074b1b2c5f728] Compiler: jvmci, Barriers: 3, Oops: 0, ImmediateOops: 0, NonImmediateOops: No
[2,816s][debug][gc,nmethod  ] Register NMethod: java.util.stream.ReferencePipeline$Head.<init> (0x000074b193802708) [0x000074b193802800, 0x000074b193802990] Compiler: c1, Barriers: 0, Oops: 0, ImmediateOops: 0, NonImmediateOops: No
[2,816s][debug][gc,nmethod  ] Register NMethod: java.util.stream.StreamOpFlag.fromCharacteristics (0x000074b193802a08) [0x000074b193802b00, 0x000074b193803088] Compiler: c1, Barriers: 0, Oops: 0, ImmediateOops: 0, NonImmediateOops: No
[2,816s][debug][gc,nmethod  ] Register NMethod: java.util.stream.StreamSupport.stream (0x000074b193803108) [0x000074b193803200, 0x000074b1938035f0] Compiler: c1, Barriers: 0, Oops: 0, ImmediateOops: 0, NonImmediateOops: No
[2,816s][debug][gc,nmethod  ] Register NMethod: jdk.internal.loader.AbstractClassLoaderValue.sub (0x000074b193803608) [0x000074b193803700, 0x000074b193803ac8] Compiler: c1, Barriers: 6, Oops: 0, ImmediateOops: 0, NonImmediateOops: No
[2,816s][debug][gc,nmethod  ] Register NMethod: jdk.internal.loader.AbstractClassLoaderValue$Sub.<init> (0x000074b193803b08) [0x000074b193803c00, 0x000074b193804000] Compiler: c1, Barriers: 6, Oops: 0, ImmediateOops: 0, NonImmediateOops: No
[2,816s][debug][gc,nmethod  ] Register NMethod: java.util.HashMap.afterNodeAccess (0x000074b193804008) [0x000074b193804100, 0x000074b193804200] Compiler: c1, Barriers: 0, Oops: 0, ImmediateOops: 0, NonImmediateOops: No
[2,816s][debug][gc,nmethod  ] Register NMethod: java.util.LinkedHashMap.entrySet (0x000074b193804308) [0x000074b193804400, 0x000074b1938046f8] Compiler: c1, Barriers: 0, Oops: 0, ImmediateOops: 0, NonImmediateOops: No
[2,817s][debug][gc,nmethod  ] Register NMethod: java.util.LinkedHashMap$LinkedEntrySet.iterator (0x000074b193804708) [0x000074b193804800, 0x000074b193804b90] Compiler: c1, Barriers: 1, Oops: 0, ImmediateOops: 0, NonImmediateOops: No
[2,817s][debug][gc,nmethod  ] Register NMethod: java.util.LinkedHashMap.sequencedEntrySet (0x000074b193804c08) [0x000074b193804d00, 0x000074b1938053d8] Compiler: c1, Barriers: 7, Oops: 0, ImmediateOops: 0, NonImmediateOops: No
[2,817s][debug][gc,nmethod  ] Register NMethod: java.util.LinkedHashMap$LinkedEntryIterator.<init> (0x000074b193805408) [0x000074b193805500, 0x000074b193805788] Compiler: c1, Barriers: 0, Oops: 0, ImmediateOops: 0, NonImmediateOops: No
[2,817s][debug][gc,nmethod  ] Register NMethod: sun.reflect.annotation.AnnotationInvocationHandler.hashCodeImpl (0x000074b193805808) [0x000074b193805900, 0x000074b193806d80] Compiler: c1, Barriers: 1, Oops: 0, ImmediateOops: 0, NonImmediateOops: No
[2,817s][debug][gc,nmethod  ] Register NMethod: jdk.internal.util.ArraysSupport.hashCode (0x000074b193806d88) [0x000074b193806e80, 0x000074b193807030] Compiler: c1, Barriers: 0, Oops: 0, ImmediateOops: 0, NonImmediateOops: No
[2,817s][debug][gc,nmethod  ] Register NMethod: jdk.internal.util.ArraysSupport.hashCode (0x000074b193807088) [0x000074b193807180, 0x000074b193807398] Compiler: c1, Barriers: 0, Oops: 0, ImmediateOops: 0, NonImmediateOops: No
[2,817s][debug][gc,nmethod  ] Register NMethod: java.lang.Enum.hashCode (0x000074b193807408) [0x000074b193807500, 0x000074b193807678] Compiler: c1, Barriers: 0, Oops: 0, ImmediateOops: 0, NonImmediateOops: No
[2,817s][debug][gc,nmethod  ] Register NMethod: java.util.LinkedHashMap.values (0x000074b193807708) [0x000074b193807800, 0x000074b193807af8] Compiler: c1, Barriers: 0, Oops: 0, ImmediateOops: 0, NonImmediateOops: No
[2,817s][debug][gc,nmethod  ] Register NMethod: java.util.LinkedHashMap.sequencedValues (0x000074b193807b08) [0x000074b193807c00, 0x000074b193808270] Compiler: c1, Barriers: 7, Oops: 0, ImmediateOops: 0, NonImmediateOops: No
[2,817s][debug][gc,nmethod  ] Register NMethod: java.lang.Class.annotationData (0x000074b193808288) [0x000074b193808380, 0x000074b193808668] Compiler: c1, Barriers: 1, Oops: 0, ImmediateOops: 0, NonImmediateOops: No
[2,818s][debug][gc,nmethod  ] Register NMethod: java.util.stream.ReferencePipeline.<init> (0x000074b193808688) [0x000074b193808780, 0x000074b1938088b0] Compiler: c1, Barriers: 0, Oops: 0, ImmediateOops: 0, NonImmediateOops: No
[2,818s][debug][gc,nmethod  ] Register NMethod: java.lang.Boolean.booleanValue (0x000074b1b2c5f788) [0x000074b1b2c5f880, 0x000074b1b2c5f940] Compiler: c1, Barriers: 0, Oops: 0, ImmediateOops: 0, NonImmediateOops: No
[2,818s][debug][gc,nmethod  ] Register NMethod: java.util.stream.AbstractPipeline.<init> (0x000074b193808988) [0x000074b193808a80, 0x000074b193808dc8] Compiler: c1, Barriers: 9, Oops: 0, ImmediateOops: 0, NonImmediateOops: No
[2,818s][debug][gc,nmethod  ] Register NMethod: java.util.stream.ReferencePipeline$StatelessOp.<init> (0x000074b193808e08) [0x000074b193808f00, 0x000074b1938090b8] Compiler: c1, Barriers: 0, Oops: 0, ImmediateOops: 0, NonImmediateOops: No
[2,819s][debug][gc,nmethod  ] Register NMethod: java.util.ArrayList$ArrayListSpliterator.characteristics (0x000074b1b2c5fa88) [0x000074b1b2c5fb80, 0x000074b1b2c5fc40] Compiler: c1, Barriers: 0, Oops: 0, ImmediateOops: 0, NonImmediateOops: No
[2,819s][debug][gc,nmethod  ] Register NMethod: java.util.Spliterator.getExactSizeIfKnown (0x000074b193809108) [0x000074b193809200, 0x000074b193809750] Compiler: c1, Barriers: 0, Oops: 0, ImmediateOops: 0, NonImmediateOops: No
[2,819s][debug][gc,nmethod  ] Register NMethod: java.lang.classfile.constantpool.ConstantPoolBuilder.of (0x000074b193809788) [0x000074b193809880, 0x000074b193809a00] Compiler: c1, Barriers: 0, Oops: 0, ImmediateOops: 0, NonImmediateOops: No
[2,819s][debug][gc,nmethod  ] Register NMethod: jdk.internal.classfile.impl.SplitConstantPool.<init> (0x000074b193809a88) [0x000074b193809b80, 0x000074b193809f88] Compiler: c1, Barriers: 9, Oops: 0, ImmediateOops: 0, NonImmediateOops: No
[2,819s][debug][gc,nmethod  ] Register NMethod: jdk.internal.classfile.impl.EntryMap.nextPowerOfTwo (0x000074b19380a008) [0x000074b19380a100, 0x000074b19380a300] Compiler: c1, Barriers: 0, Oops: 0, ImmediateOops: 0, NonImmediateOops: No
[2,820s][debug][gc,nmethod  ] Register NMethod: java.util.stream.AbstractPipeline.wrapAndCopyInto (0x000074b19380a308) [0x000074b19380a400, 0x000074b19380ac70] Compiler: c1, Barriers: 0, Oops: 0, ImmediateOops: 0, NonImmediateOops: No
[2,820s][debug][gc,nmethod  ] Register NMethod: java.util.stream.AbstractPipeline.wrapSink (0x000074b19380ac88) [0x000074b19380ad80, 0x000074b19380b2f8] Compiler: c1, Barriers: 2, Oops: 0, ImmediateOops: 0, NonImmediateOops: No
[2,820s][debug][gc,nmethod  ] Register NMethod: jdk.internal.classfile.impl.EntryMap.arraySize (0x000074b19380b308) [0x000074b19380b400, 0x000074b19380c9a0] Compiler: c1, Barriers: 0, Oops: 3, ImmediateOops: 4, NonImmediateOops: No
[2,820s][debug][gc,nmethod  ] Register NMethod: java.util.stream.Sink.end (0x000074b19380ca08) [0x000074b19380cb00, 0x000074b19380cc00] Compiler: c1, Barriers: 0, Oops: 0, ImmediateOops: 0, NonImmediateOops: No
[2,820s][debug][gc,nmethod  ] Register NMethod: java.util.stream.AbstractPipeline.sourceSpliterator (0x000074b19380cd08) [0x000074b19380ce00, 0x000074b19380e8c8] Compiler: c1, Barriers: 14, Oops: 1, ImmediateOops: 2, NonImmediateOops: No
[2,820s][debug][gc,nmethod  ] Register NMethod: java.util.stream.AbstractPipeline.copyInto (0x000074b19380e908) [0x000074b19380ea00, 0x000074b19380fb20] Compiler: c1, Barriers: 0, Oops: 1, ImmediateOops: 1, NonImmediateOops: No
[2,820s][debug][gc,nmethod  ] Register NMethod: java.util.stream.Sink$ChainedReference.end (0x000074b19380fb88) [0x000074b19380fc80, 0x000074b19380ffc0] Compiler: c1, Barriers: 1, Oops: 0, ImmediateOops: 0, NonImmediateOops: No
[2,821s][debug][gc,nmethod  ] Register NMethod: java.lang.reflect.Modifier.isPrivate (0x000074b193810008) [0x000074b193810100, 0x000074b193810230] Compiler: c1, Barriers: 0, Oops: 0, ImmediateOops: 0, NonImmediateOops: No
[2,821s][debug][gc,nmethod  ] Register NMethod: java.util.stream.AbstractPipeline.evaluate (0x000074b193810308) [0x000074b193810400, 0x000074b1938114f0] Compiler: c1, Barriers: 1, Oops: 0, ImmediateOops: 1, NonImmediateOops: No
[2,821s][debug][gc,nmethod  ] Register NMethod: jdk.internal.loader.AbstractClassLoaderValue$Sub.equals (0x000074b193811508) [0x000074b193811600, 0x000074b1938125c0] Compiler: c1, Barriers: 4, Oops: 0, ImmediateOops: 0, NonImmediateOops: No
[2,821s][debug][gc,nmethod  ] Register NMethod: java.util.stream.Collectors$CollectorImpl.supplier (0x000074b1b2c5fd88) [0x000074b1b2c5fe80, 0x000074b1b2c5ff68] Compiler: c1, Barriers: 1, Oops: 0, ImmediateOops: 0, NonImmediateOops: No
[2,821s][debug][gc,nmethod  ] Register NMethod: java.util.stream.Collectors$CollectorImpl.combiner (0x000074b1b2c60088) [0x000074b1b2c60180, 0x000074b1b2c60268] Compiler: c1, Barriers: 1, Oops: 0, ImmediateOops: 0, NonImmediateOops: No
[2,821s][debug][gc,nmethod  ] Register NMethod: java.util.stream.Collectors$CollectorImpl.accumulator (0x000074b1b2c60388) [0x000074b1b2c60480, 0x000074b1b2c60568] Compiler: c1, Barriers: 1, Oops: 0, ImmediateOops: 0, NonImmediateOops: No
[2,821s][debug][gc,nmethod  ] Register NMethod: java.lang.StringLatin1.getBytes (0x000074b1b2c60688) [0x000074b1b2c60780, 0x000074b1b2c609f8] Compiler: jvmci, Barriers: 0, Oops: 0, ImmediateOops: 0, NonImmediateOops: No
[2,821s][debug][gc,nmethod  ] Register NMethod: java.lang.AbstractStringBuilder.<init> (0x000074b193812608) [0x000074b193812700, 0x000074b193813560] Compiler: c1, Barriers: 4, Oops: 0, ImmediateOops: 0, NonImmediateOops: No
[2,822s][debug][gc,nmethod  ] Register NMethod: java.util.stream.ReduceOps$Box.get (0x000074b1b2c60a08) [0x000074b1b2c60b00, 0x000074b1b2c60be8] Compiler: c1, Barriers: 1, Oops: 0, ImmediateOops: 0, NonImmediateOops: No
[2,822s][debug][gc,nmethod  ] Register NMethod: sun.reflect.annotation.AnnotationParser.toArray (0x000074b193813588) [0x000074b193813680, 0x000074b193813d90] Compiler: c1, Barriers: 0, Oops: 0, ImmediateOops: 1, NonImmediateOops: No
[2,822s][debug][gc,nmethod  ] Register NMethod: java.lang.ClassLoader.createOrGetClassLoaderValueMap (0x000074b193813e08) [0x000074b193813f00, 0x000074b1938142b0] Compiler: c1, Barriers: 2, Oops: 0, ImmediateOops: 1, NonImmediateOops: No
[2,822s][debug][gc,nmethod  ] Register NMethod: java.util.LinkedHashMap.valuesToArray (0x000074b193814308) [0x000074b193814400, 0x000074b193814d68] Compiler: c1, Barriers: 12, Oops: 0, ImmediateOops: 0, NonImmediateOops: No
[2,822s][debug][gc,nmethod  ] Register NMethod: jdk.proxy3.$Proxy6.annotationType (0x000074b193814d88) [0x000074b193814e80, 0x000074b1938154e8] Compiler: c1, Barriers: 1, Oops: 1, ImmediateOops: 1, NonImmediateOops: No
[2,822s][debug][gc,nmethod  ] Register NMethod: java.util.LinkedHashMap$LinkedValues.toArray (0x000074b193815508) [0x000074b193815600, 0x000074b193815b38] Compiler: c1, Barriers: 1, Oops: 0, ImmediateOops: 0, NonImmediateOops: No
[2,822s][debug][gc,nmethod  ] Register NMethod: java.util.HashMap.prepareArray (0x000074b193815b88) [0x000074b193815c80, 0x000074b193816778] Compiler: c1, Barriers: 5, Oops: 0, ImmediateOops: 0, NonImmediateOops: No
[2,822s][debug][gc,nmethod  ] Register NMethod: jdk.proxy2.$Proxy1.annotationType (0x000074b193816788) [0x000074b193816880, 0x000074b193816ee8] Compiler: c1, Barriers: 1, Oops: 0, ImmediateOops: 1, NonImmediateOops: No
[2,823s][debug][gc,nmethod  ] Register NMethod: jdk.proxy3.$Proxy6.hashCode (0x000074b193816f08) [0x000074b193817000, 0x000074b193817848] Compiler: c1, Barriers: 1, Oops: 1, ImmediateOops: 1, NonImmediateOops: No
[2,823s][debug][gc,nmethod  ] Register NMethod: org.junit.platform.commons.util.ReflectionUtils$$Lambda/0x0000000061176e28.compare (0x000074b193817888) [0x000074b193817980, 0x000074b193817ec0] Compiler: c1, Barriers: 0, Oops: 1, ImmediateOops: 0, NonImmediateOops: No
[2,823s][debug][gc,nmethod  ] Register NMethod: java.util.ArrayList$ArrayListSpliterator.getFence (0x000074b193817f08) [0x000074b193818000, 0x000074b193818170] Compiler: c1, Barriers: 1, Oops: 0, ImmediateOops: 0, NonImmediateOops: No
[2,823s][debug][gc,nmethod  ] Register NMethod: org.junit.platform.commons.util.ReflectionUtils.defaultMethodSorter (0x000074b193818208) [0x000074b193818300, 0x000074b193819518] Compiler: c1, Barriers: 2, Oops: 1, ImmediateOops: 0, NonImmediateOops: No
[2,824s][debug][gc,nmethod  ] Register NMethod: org.junit.platform.commons.util.AnnotationUtils.findMetaAnnotation (0x000074b193819588) [0x000074b193819680, 0x000074b19381a878] Compiler: c1, Barriers: 3, Oops: 2, ImmediateOops: 2, NonImmediateOops: No
[2,824s][debug][gc,nmethod  ] Register NMethod: jdk.proxy2.$Proxy16.annotationType (0x000074b19381a908) [0x000074b19381aa00, 0x000074b19381b068] Compiler: c1, Barriers: 1, Oops: 0, ImmediateOops: 1, NonImmediateOops: No
[2,824s][debug][gc,nmethod  ] Register NMethod: jdk.proxy3.$Proxy21.annotationType (0x000074b19381b088) [0x000074b19381b180, 0x000074b19381b7e8] Compiler: c1, Barriers: 1, Oops: 1, ImmediateOops: 1, NonImmediateOops: No
[2,825s][debug][gc,director ] Rule Major: Warmup 10%, Used: 80MB, UsedThreshold: 1228MB
[2,825s][debug][gc,nmethod  ] Register NMethod: java.util.Collections$UnmodifiableCollection.contains (0x000074b19381b808) [0x000074b19381b900, 0x000074b19381bc48] Compiler: c1, Barriers: 1, Oops: 0, ImmediateOops: 0, NonImmediateOops: No
[2,825s][debug][gc,nmethod  ] Register NMethod: java.util.RegularEnumSet.contains (0x000074b19381bc88) [0x000074b19381bd80, 0x000074b19381c820] Compiler: c1, Barriers: 3, Oops: 0, ImmediateOops: 0, NonImmediateOops: No
[2,825s][debug][gc,nmethod  ] Register NMethod: jdk.proxy3.$Proxy21.hashCode (0x000074b19381c888) [0x000074b19381c980, 0x000074b19381d1c8] Compiler: c1, Barriers: 1, Oops: 1, ImmediateOops: 1, NonImmediateOops: No
[2,826s][debug][gc,nmethod  ] Register NMethod: java.util.Collections$EmptyMap.get (0x000074b1b2c60d08) [0x000074b1b2c60e00, 0x000074b1b2c60ec8] Compiler: c1, Barriers: 0, Oops: 0, ImmediateOops: 0, NonImmediateOops: No
[2,826s][debug][gc,nmethod  ] Register NMethod: jdk.internal.loader.AbstractClassLoaderValue.get (0x000074b19381d208) [0x000074b19381d300, 0x000074b19381dec0] Compiler: c1, Barriers: 0, Oops: 0, ImmediateOops: 2, NonImmediateOops: No
[2,826s][debug][gc,nmethod  ] Register NMethod: java.util.LinkedHashMap$LinkedHashIterator.hasNext (0x000074b1b2c61008) [0x000074b1b2c61100, 0x000074b1b2c611b8] Compiler: jvmci, Barriers: 1, Oops: 0, ImmediateOops: 0, NonImmediateOops: No
[2,826s][debug][gc,nmethod  ] Register NMethod: java.util.stream.MatchOps$BooleanTerminalSink.cancellationRequested (0x000074b1b2c61308) [0x000074b1b2c61400, 0x000074b1b2c614c0] Compiler: c1, Barriers: 0, Oops: 0, ImmediateOops: 0, NonImmediateOops: No
[2,827s][debug][gc,nmethod  ] Register NMethod: java.util.ArrayList$ArrayListSpliterator.tryAdvance (0x000074b19381df08) [0x000074b19381e000, 0x000074b19381e6e8] Compiler: c1, Barriers: 5, Oops: 0, ImmediateOops: 0, NonImmediateOops: No
[2,827s][debug][gc,nmethod  ] Register NMethod: java.lang.reflect.Proxy.isProxyClass (0x000074b19381e708) [0x000074b19381e800, 0x000074b193820290] Compiler: c1, Barriers: 7, Oops: 2, ImmediateOops: 8, NonImmediateOops: No
[2,827s][debug][gc,nmethod  ] Register NMethod: jdk.internal.util.ArraysSupport.vectorizedHashCode (0x000074b1b2c61608) [0x000074b1b2c61840, 0x000074b1b2c61f08] Compiler: jvmci, Barriers: 0, Oops: 0, ImmediateOops: 0, NonImmediateOops: No
[2,828s][debug][gc,nmethod  ] Register NMethod: jdk.internal.classfile.impl.StackMapDecoder$ObjectVerificationTypeInfoImpl.<init> (0x000074b193820308) [0x000074b193820400, 0x000074b193820780] Compiler: c1, Barriers: 3, Oops: 0, ImmediateOops: 0, NonImmediateOops: No
[2,828s][debug][gc,nmethod  ] Register NMethod: jdk.internal.classfile.impl.ClassFileImpl.build (0x000074b193820788) [0x000074b193820880, 0x000074b193821b20] Compiler: c1, Barriers: 0, Oops: 0, ImmediateOops: 0, NonImmediateOops: No
[2,828s][debug][gc,nmethod  ] Register NMethod: jdk.internal.classfile.impl.DirectClassBuilder.withFlags (0x000074b193821b88) [0x000074b193821c80, 0x000074b193821f58] Compiler: c1, Barriers: 0, Oops: 0, ImmediateOops: 0, NonImmediateOops: No
[2,829s][debug][gc,nmethod  ] Register NMethod: sun.reflect.annotation.AnnotationParser.parseAnnotation2 (0x000074b193821f88) [0x000074b193822080, 0x000074b1938247f8] Compiler: c1, Barriers: 5, Oops: 1, ImmediateOops: 2, NonImmediateOops: No
[2,829s][debug][gc,nmethod  ] Register NMethod: jdk.internal.classfile.impl.DirectClassBuilder.<init> (0x000074b193824808) [0x000074b193824900, 0x000074b193825ca0] Compiler: c1, Barriers: 28, Oops: 0, ImmediateOops: 5, NonImmediateOops: No
[2,829s][debug][gc,nmethod  ] Register NMethod: jdk.internal.classfile.impl.BufWriterImpl.join (0x000074b193825d08) [0x000074b193825e00, 0x000074b1938268f8] Compiler: c1, Barriers: 0, Oops: 0, ImmediateOops: 0, NonImmediateOops: No
[2,829s][debug][gc,nmethod  ] Register NMethod: sun.invoke.util.Wrapper.basicClassDescriptor (0x000074b1b2c61f88) [0x000074b1b2c62080, 0x000074b1b2c62168] Compiler: c1, Barriers: 1, Oops: 0, ImmediateOops: 0, NonImmediateOops: No
[2,829s][debug][gc,nmethod  ] Register NMethod: java.lang.reflect.Constructor.getModifiers (0x000074b1b2c62288) [0x000074b1b2c62380, 0x000074b1b2c62440] Compiler: c1, Barriers: 0, Oops: 0, ImmediateOops: 0, NonImmediateOops: No
[2,829s][debug][gc,nmethod  ] Register NMethod: jdk.internal.classfile.impl.SplitConstantPool.writeBootstrapMethods (0x000074b193826908) [0x000074b193826a00, 0x000074b193827df0] Compiler: c1, Barriers: 2, Oops: 0, ImmediateOops: 0, NonImmediateOops: No
[2,830s][debug][gc,nmethod  ] Register NMethod: jdk.internal.classfile.impl.StackCounter.processLdc (0x000074b193827e08) [0x000074b193827f00, 0x000074b19382ba60] Compiler: c1, Barriers: 18, Oops: 1, ImmediateOops: 4, NonImmediateOops: No
[2,831s][debug][gc,nmethod  ] Register NMethod: java.util.Collections$1.<init> (0x000074b19382ba88) [0x000074b19382bb80, 0x000074b19382bd58] Compiler: c1, Barriers: 3, Oops: 0, ImmediateOops: 0, NonImmediateOops: No
[2,831s][debug][gc,nmethod  ] Register NMethod: java.util.Collections$SingletonList.iterator (0x000074b19382bd88) [0x000074b19382be80, 0x000074b19382c198] Compiler: c1, Barriers: 4, Oops: 0, ImmediateOops: 0, NonImmediateOops: No
[2,831s][debug][gc,nmethod  ] Register NMethod: java.util.Collections.singletonIterator (0x000074b19382c208) [0x000074b19382c300, 0x000074b19382c568] Compiler: c1, Barriers: 3, Oops: 0, ImmediateOops: 0, NonImmediateOops: No
[2,831s][debug][gc,nmethod  ] Register NMethod: java.util.Collections$1.next (0x000074b19382c588) [0x000074b19382c680, 0x000074b19382c8c0] Compiler: c1, Barriers: 1, Oops: 0, ImmediateOops: 0, NonImmediateOops: No
[2,831s][debug][gc,nmethod  ] Register NMethod: jdk.internal.classfile.impl.MethodInfo.receiverSlot (0x000074b19382c908) [0x000074b19382ca00, 0x000074b19382cc68] Compiler: c1, Barriers: 0, Oops: 0, ImmediateOops: 1, NonImmediateOops: No
[2,831s][debug][gc,nmethod  ] Register NMethod: jdk.internal.classfile.impl.DirectCodeBuilder.receiverSlot (0x000074b19382cc88) [0x000074b19382cd80, 0x000074b19382d258] Compiler: c1, Barriers: 1, Oops: 0, ImmediateOops: 1, NonImmediateOops: No
[2,834s][debug][gc,nmethod  ] Register NMethod: jdk.internal.classfile.impl.TemporaryConstantPool.utf8Entry (0x000074b19382d288) [0x000074b19382d380, 0x000074b19382d530] Compiler: c1, Barriers: 0, Oops: 0, ImmediateOops: 0, NonImmediateOops: No
[2,834s][debug][gc,nmethod  ] Register NMethod: jdk.internal.classfile.impl.AbstractPoolEntry$Utf8EntryImpl.<init> (0x000074b19382d588) [0x000074b19382d680, 0x000074b19382d9d8] Compiler: c1, Barriers: 0, Oops: 0, ImmediateOops: 0, NonImmediateOops: No
[2,835s][debug][gc,director ] Rule Major: Warmup 10%, Used: 80MB, UsedThreshold: 1228MB
[2,835s][debug][gc,nmethod  ] Register NMethod: java.util.HashMap.<init> (0x000074b19382da08) [0x000074b19382db20, 0x000074b19382dc58] Compiler: c1, Barriers: 0, Oops: 0, ImmediateOops: 0, NonImmediateOops: No
[2,835s][debug][gc,nmethod  ] Register NMethod: java.lang.Class.isAnnotation (0x000074b19382dd08) [0x000074b19382de00, 0x000074b19382e128] Compiler: c1, Barriers: 0, Oops: 0, ImmediateOops: 0, NonImmediateOops: No
[2,836s][debug][gc,nmethod  ] Register NMethod: java.lang.Class.getDeclaredAnnotations (0x000074b19382e188) [0x000074b19382e280, 0x000074b19382ea78] Compiler: c1, Barriers: 1, Oops: 0, ImmediateOops: 1, NonImmediateOops: No
[2,836s][debug][gc,nmethod  ] Register NMethod: java.lang.classfile.CodeBuilder.loadConstant (0x000074b19382ea88) [0x000074b19382eb80, 0x000074b193831b58] Compiler: c1, Barriers: 14, Oops: 0, ImmediateOops: 0, NonImmediateOops: No
[2,836s][debug][gc,nmethod  ] Register NMethod: java.lang.Class.getAnnotations (0x000074b193831b88) [0x000074b193831c80, 0x000074b193832478] Compiler: c1, Barriers: 1, Oops: 0, ImmediateOops: 1, NonImmediateOops: No
[2,836s][debug][gc,nmethod  ] Register NMethod: jdk.proxy3.$Proxy20.annotationType (0x000074b193832488) [0x000074b193832580, 0x000074b193832be8] Compiler: c1, Barriers: 1, Oops: 1, ImmediateOops: 1, NonImmediateOops: No
[2,837s][debug][gc,nmethod  ] Register NMethod: jdk.proxy3.$Proxy20.hashCode (0x000074b193832c08) [0x000074b193832d00, 0x000074b193833548] Compiler: c1, Barriers: 1, Oops: 1, ImmediateOops: 1, NonImmediateOops: No
[2,837s][debug][gc,nmethod  ] Register NMethod: org.junit.platform.commons.util.AnnotationUtils.findAnnotation (0x000074b193833588) [0x000074b193833680, 0x000074b193835838] Compiler: c1, Barriers: 7, Oops: 2, ImmediateOops: 4, NonImmediateOops: No
[2,837s][debug][gc,nmethod  ] Register NMethod: java.lang.reflect.Method.getParameterTypes (0x000074b193835888) [0x000074b193835980, 0x000074b193835ef8] Compiler: c1, Barriers: 1, Oops: 0, ImmediateOops: 0, NonImmediateOops: No
[2,838s][debug][gc,nmethod  ] Register NMethod: java.lang.invoke.MemberName.asSpecial (0x000074b193835f08) [0x000074b193836000, 0x000074b193837848] Compiler: c1, Barriers: 0, Oops: 0, ImmediateOops: 0, NonImmediateOops: No
[2,838s][debug][gc,nmethod  ] Register NMethod: sun.reflect.generics.parser.SignatureParser.parseTypeSignature (0x000074b193837888) [0x000074b193837980, 0x000074b193837da0] Compiler: c1, Barriers: 0, Oops: 0, ImmediateOops: 0, NonImmediateOops: No
[2,839s][debug][gc,nmethod  ] Register NMethod: java.util.TimSort.sort (0x000074b193837e08) [0x000074b193837f00, 0x000074b193838618] Compiler: c1, Barriers: 2, Oops: 0, ImmediateOops: 0, NonImmediateOops: No
[2,839s][debug][gc,nmethod  ] Register NMethod: java.lang.reflect.Constructor.newInstance (0x000074b193838688) [0x000074b193838780, 0x000074b193838b60] Compiler: c1, Barriers: 0, Oops: 0, ImmediateOops: 0, NonImmediateOops: No
[2,839s][debug][gc,nmethod  ] Register NMethod: java.lang.reflect.Constructor.newInstanceWithCaller (0x000074b193838b88) [0x000074b193838c80, 0x000074b193839298] Compiler: c1, Barriers: 2, Oops: 0, ImmediateOops: 0, NonImmediateOops: No
[2,839s][debug][gc,nmethod  ] Register NMethod: java.lang.reflect.Modifier.isAbstract (0x000074b193839308) [0x000074b193839400, 0x000074b193839530] Compiler: c1, Barriers: 0, Oops: 0, ImmediateOops: 0, NonImmediateOops: No
[2,839s][debug][gc,nmethod  ] Register NMethod: java.lang.Class.getDeclaredAnnotation (0x000074b193839608) [0x000074b193839700, 0x000074b193839de8] Compiler: c1, Barriers: 1, Oops: 0, ImmediateOops: 0, NonImmediateOops: No
[2,840s][debug][gc,nmethod  ] Register NMethod: java.lang.Boolean.valueOf (0x000074b193839e08) [0x000074b193839f00, 0x000074b19383a058] Compiler: c1, Barriers: 0, Oops: 0, ImmediateOops: 2, NonImmediateOops: No
[2,840s][debug][gc,nmethod  ] Register NMethod: jdk.internal.reflect.DirectConstructorHandleAccessor.invokeImpl (0x000074b19383a108) [0x000074b19383a200, 0x000074b19383c050] Compiler: c1, Barriers: 20, Oops: 3, ImmediateOops: 6, NonImmediateOops: No
[2,840s][debug][gc,nmethod  ] Register NMethod: java.lang.reflect.Method.isSynthetic (0x000074b19383c088) [0x000074b19383c180, 0x000074b19383c3c0] Compiler: c1, Barriers: 0, Oops: 0, ImmediateOops: 0, NonImmediateOops: No
[2,840s][debug][gc,nmethod  ] Register NMethod: java.lang.reflect.Executable.isSynthetic (0x000074b19383c408) [0x000074b19383c500, 0x000074b19383c8a8] Compiler: c1, Barriers: 0, Oops: 0, ImmediateOops: 0, NonImmediateOops: No
[2,841s][debug][gc,nmethod  ] Register NMethod: java.lang.reflect.Modifier.isSynthetic (0x000074b19383c908) [0x000074b19383ca00, 0x000074b19383cb30] Compiler: c1, Barriers: 0, Oops: 0, ImmediateOops: 0, NonImmediateOops: No
[2,841s][debug][gc,nmethod  ] Register NMethod: java.util.Collection.stream (0x000074b19383cc08) [0x000074b19383cd00, 0x000074b19383d038] Compiler: c1, Barriers: 0, Oops: 0, ImmediateOops: 0, NonImmediateOops: No
[2,841s][debug][gc,nmethod  ] Register NMethod: java.lang.reflect.AnnotatedElement.isAnnotationPresent (0x000074b19383d088) [0x000074b19383d180, 0x000074b19383d4c8] Compiler: c1, Barriers: 0, Oops: 0, ImmediateOops: 0, NonImmediateOops: No
[2,841s][debug][gc,nmethod  ] Register NMethod: jdk.internal.reflect.DirectConstructorHandleAccessor.newInstance (0x000074b19383d508) [0x000074b19383d600, 0x000074b193840c40] Compiler: c1, Barriers: 20, Oops: 5, ImmediateOops: 12, NonImmediateOops: No
[2,841s][debug][gc,nmethod  ] Register NMethod: org.junit.jupiter.engine.discovery.predicates.IsTestableMethod.test (0x000074b193840c88) [0x000074b193840d80, 0x000074b193841280] Compiler: c1, Barriers: 0, Oops: 1, ImmediateOops: 0, NonImmediateOops: No
[2,841s][debug][gc,nmethod  ] Register NMethod: jdk.internal.classfile.impl.BufWriterImpl.cpIndex (0x000074b1b2c62588) [0x000074b1b2c62680, 0x000074b1b2c62b38] Compiler: jvmci, Barriers: 6, Oops: 0, ImmediateOops: 0, NonImmediateOops: No
[2,842s][debug][gc,nmethod  ] Register NMethod: org.junit.platform.commons.util.ReflectionUtils.isStatic (0x000074b193841308) [0x000074b193841400, 0x000074b193841998] Compiler: c1, Barriers: 0, Oops: 2, ImmediateOops: 1, NonImmediateOops: No
[2,842s][debug][gc,nmethod  ] Register NMethod: java.util.stream.Collectors$$Lambda/0x0000000061113260.accept (0x000074b193841a08) [0x000074b193841b00, 0x000074b193842028] Compiler: c1, Barriers: 0, Oops: 0, ImmediateOops: 0, NonImmediateOops: No
[2,842s][debug][gc,nmethod  ] Register NMethod: jdk.proxy2.$Proxy17.annotationType (0x000074b193842088) [0x000074b193842180, 0x000074b1938427e8] Compiler: c1, Barriers: 1, Oops: 0, ImmediateOops: 1, NonImmediateOops: No
[2,842s][debug][gc,nmethod  ] Register NMethod: java.util.stream.FindOps$FindOp.getOpFlags (0x000074b1b2c62b88) [0x000074b1b2c62c80, 0x000074b1b2c62d40] Compiler: c1, Barriers: 0, Oops: 0, ImmediateOops: 0, NonImmediateOops: No
[2,842s][debug][gc,nmethod  ] Register NMethod: java.util.stream.ReferencePipeline.filter (0x000074b193842808) [0x000074b193842900, 0x000074b193842e10] Compiler: c1, Barriers: 3, Oops: 1, ImmediateOops: 0, NonImmediateOops: No
[2,843s][debug][gc,nmethod  ] Register NMethod: java.util.stream.ReferencePipeline$2.<init> (0x000074b193842e88) [0x000074b193842f80, 0x000074b193843360] Compiler: c1, Barriers: 3, Oops: 0, ImmediateOops: 0, NonImmediateOops: No
[2,843s][debug][gc,nmethod  ] Register NMethod: org.junit.jupiter.engine.discovery.predicates.IsTestableMethod.test (0x000074b193843388) [0x000074b193843480, 0x000074b1938448e8] Compiler: c1, Barriers: 3, Oops: 3, ImmediateOops: 4, NonImmediateOops: No
[2,843s][debug][gc,nmethod  ] Register NMethod: java.util.stream.ReferencePipeline$2.opWrapSink (0x000074b193844908) [0x000074b193844a00, 0x000074b193845178] Compiler: c1, Barriers: 7, Oops: 0, ImmediateOops: 0, NonImmediateOops: No
[2,843s][debug][gc,nmethod  ] Register NMethod: java.util.stream.ReferencePipeline$2$1.<init> (0x000074b193845188) [0x000074b193845280, 0x000074b1938459d8] Compiler: c1, Barriers: 6, Oops: 0, ImmediateOops: 0, NonImmediateOops: No
[2,843s][debug][gc,nmethod  ] Register NMethod: java.util.stream.ReferencePipeline$2$1.begin (0x000074b193845a08) [0x000074b193845b00, 0x000074b193845e40] Compiler: c1, Barriers: 1, Oops: 0, ImmediateOops: 0, NonImmediateOops: No
[2,844s][debug][gc,nmethod  ] Register NMethod: java.util.stream.SortedOps$SizedRefSortingSink.accept (0x000074b193845e88) [0x000074b193845f80, 0x000074b193846388] Compiler: c1, Barriers: 4, Oops: 0, ImmediateOops: 0, NonImmediateOops: No
[2,844s][debug][gc,nmethod  ] Register NMethod: sun.reflect.annotation.AnnotationInvocationHandler.equalsImpl (0x000074b193846408) [0x000074b193846500, 0x000074b19384af10] Compiler: c1, Barriers: 21, Oops: 2, ImmediateOops: 13, NonImmediateOops: No
[2,845s][debug][gc,nmethod  ] Register NMethod: java.util.stream.Collectors$CollectorImpl.<init> (0x000074b19384af88) [0x000074b19384b080, 0x000074b19384b480] Compiler: c1, Barriers: 15, Oops: 0, ImmediateOops: 0, NonImmediateOops: No
[2,845s][debug][gc,nmethod  ] Register NMethod: java.util.stream.MatchOps$1MatchSink.accept (0x000074b19384b488) [0x000074b19384b580, 0x000074b19384b970] Compiler: c1, Barriers: 2, Oops: 0, ImmediateOops: 0, NonImmediateOops: No
[2,845s][debug][gc,director ] Rule Major: Warmup 10%, Used: 80MB, UsedThreshold: 1228MB
[2,845s][debug][gc,nmethod  ] Register NMethod: jdk.internal.loader.AbstractClassLoaderValue.computeIfAbsent (0x000074b19384b988) [0x000074b19384ba80, 0x000074b19384d308] Compiler: c1, Barriers: 9, Oops: 0, ImmediateOops: 2, NonImmediateOops: No
[2,845s][debug][gc,nmethod  ] Register NMethod: java.util.function.Predicate$$Lambda/0x0000000061117380.test (0x000074b19384d388) [0x000074b19384d480, 0x000074b19384dcf8] Compiler: c1, Barriers: 2, Oops: 0, ImmediateOops: 0, NonImmediateOops: No
[2,845s][debug][gc,nmethod  ] Register NMethod: java.util.function.Predicate.lambda$or$0 (0x000074b19384dd08) [0x000074b19384de00, 0x000074b19384e398] Compiler: c1, Barriers: 0, Oops: 0, ImmediateOops: 0, NonImmediateOops: No
[2,845s][debug][gc,nmethod  ] Register NMethod: org.junit.platform.commons.util.ReflectionUtils.isMethodShadowedBy (0x000074b19384e408) [0x000074b19384e500, 0x000074b19384eed8] Compiler: c1, Barriers: 2, Oops: 1, ImmediateOops: 0, NonImmediateOops: No
[2,845s][debug][gc,nmethod  ] Register NMethod: org.junit.platform.commons.util.ReflectionUtils.lambda$isMethodShadowedByLocalMethods$34 (0x000074b19384ef08) [0x000074b19384f000, 0x000074b19384fa38] Compiler: c1, Barriers: 2, Oops: 1, ImmediateOops: 0, NonImmediateOops: No
[2,846s][debug][gc,nmethod  ] Register NMethod: org.junit.platform.commons.util.ReflectionUtils$$Lambda/0x000000006118d698.test (0x000074b19384fa88) [0x000074b19384fb80, 0x000074b193850878] Compiler: c1, Barriers: 3, Oops: 1, ImmediateOops: 0, NonImmediateOops: No
[2,846s][debug][gc,nmethod  ] Register NMethod: java.lang.reflect.Method.getDeclaredAnnotations (0x000074b193850888) [0x000074b193850980, 0x000074b1938511a0] Compiler: c1, Barriers: 0, Oops: 0, ImmediateOops: 1, NonImmediateOops: No
[2,846s][debug][gc,nmethod  ] Register NMethod: java.lang.reflect.Executable.getDeclaredAnnotations (0x000074b193851208) [0x000074b193851300, 0x000074b193851ac0] Compiler: c1, Barriers: 0, Oops: 0, ImmediateOops: 1, NonImmediateOops: No
[2,846s][debug][gc,nmethod  ] Register NMethod: org.junit.platform.commons.util.ReflectionUtils.hasCompatibleSignature (0x000074b193851b08) [0x000074b193851c00, 0x000074b1938535d0] Compiler: c1, Barriers: 5, Oops: 1, ImmediateOops: 0, NonImmediateOops: No
[2,848s][debug][gc,nmethod  ] Register NMethod: java.lang.invoke.MethodHandle.linkToSpecial (0x000074b1b2c62e88) [0x000074b1b2c62f80, 0x000074b1b2c63078] Compiler: , Barriers: 0, Oops: 0, ImmediateOops: 0, NonImmediateOops: No
[2,849s][debug][gc,nmethod  ] Register NMethod: jdk.internal.util.ArraysSupport.hashCode (0x000074b1b2c63188) [0x000074b1b2c63280, 0x000074b1b2c63570] Compiler: jvmci, Barriers: 2, Oops: 0, ImmediateOops: 0, NonImmediateOops: No
[2,849s][debug][gc,nmethod  ] Register NMethod: jdk.internal.classfile.impl.AbstractPoolEntry$Utf8EntryImpl.writeTo (0x000074b1b2c63588) [0x000074b1b2c636a0, 0x000074b1b2c64210] Compiler: jvmci, Barriers: 7, Oops: 0, ImmediateOops: 0, NonImmediateOops: No
[2,850s][debug][gc,nmethod  ] Register NMethod: java.util.LinkedHashMap$LinkedHashIterator.nextNode (0x000074b1b2c64288) [0x000074b1b2c64380, 0x000074b1b2c64610] Compiler: jvmci, Barriers: 9, Oops: 0, ImmediateOops: 0, NonImmediateOops: No
[2,852s][debug][gc,nmethod  ] Register NMethod: java.lang.invoke.LambdaForm$MH/0x000000006109cc00.invoke (0x000074b193853608) [0x000074b193853700, 0x000074b193853e68] Compiler: c1, Barriers: 2, Oops: 1, ImmediateOops: 0, NonImmediateOops: No
[2,852s][debug][gc,nmethod  ] Register NMethod: java.lang.invoke.DirectMethodHandle$Holder.invokeStatic (0x000074b193853e88) [0x000074b193853f80, 0x000074b193854348] Compiler: c1, Barriers: 1, Oops: 0, ImmediateOops: 0, NonImmediateOops: No
[2,852s][debug][gc,nmethod  ] Register NMethod: java.util.LinkedHashMap$LinkedEntryIterator.next (0x000074b1b2c64688) [0x000074b1b2c64780, 0x000074b1b2c64a10] Compiler: jvmci, Barriers: 9, Oops: 0, ImmediateOops: 0, NonImmediateOops: No
[2,852s][debug][gc,nmethod  ] Register NMethod: java.lang.invoke.MethodHandle.linkToInterface (0x000074b1b2c64a88) [0x000074b1b2c64b80, 0x000074b1b2c64cb0] Compiler: , Barriers: 0, Oops: 0, ImmediateOops: 0, NonImmediateOops: No
[2,853s][debug][gc,nmethod  ] Register NMethod: java.lang.StringConcatHelper.simpleConcat (0x000074b193854388) [0x000074b193854480, 0x000074b193857130] Compiler: c1, Barriers: 6, Oops: 0, ImmediateOops: 6, NonImmediateOops: No
[2,853s][debug][gc,nmethod  ] Register NMethod: jdk.internal.misc.Unsafe.ensureClassInitialized0 (0x000074b1b2c64d88) [0x000074b1b2c64e80, 0x000074b1b2c64fd8] Compiler: , Barriers: 0, Oops: 0, ImmediateOops: 0, NonImmediateOops: No
[2,853s][debug][gc,nmethod  ] Register NMethod: jdk.internal.classfile.impl.TemporaryConstantPool.classEntry (0x000074b193857188) [0x000074b193857280, 0x000074b193857638] Compiler: c1, Barriers: 0, Oops: 0, ImmediateOops: 0, NonImmediateOops: No
[2,853s][debug][gc,nmethod  ] Register NMethod: jdk.internal.classfile.impl.AbstractPoolEntry$ClassEntryImpl.<init> (0x000074b193857688) [0x000074b193857780, 0x000074b1938578c8] Compiler: c1, Barriers: 0, Oops: 0, ImmediateOops: 0, NonImmediateOops: No
[2,854s][debug][gc,nmethod  ] Register NMethod: java.lang.invoke.MethodHandleNatives.linkMethodHandleConstant (0x000074b193857988) [0x000074b193857a80, 0x000074b193857ff0] Compiler: c1, Barriers: 0, Oops: 0, ImmediateOops: 1, NonImmediateOops: No
[2,854s][debug][gc,nmethod  ] Register NMethod: java.lang.classfile.constantpool.ConstantPoolBuilder.classEntry (0x000074b193858008) [0x000074b193858100, 0x000074b19385b238] Compiler: c1, Barriers: 9, Oops: 1, ImmediateOops: 2, NonImmediateOops: No
[2,855s][debug][gc,nmethod  ] Register NMethod: java.lang.invoke.MemberName.isField (0x000074b19385b288) [0x000074b19385b380, 0x000074b19385b538] Compiler: c1, Barriers: 0, Oops: 0, ImmediateOops: 0, NonImmediateOops: No
[2,855s][debug][gc,director ] Rule Major: Warmup 10%, Used: 82MB, UsedThreshold: 1228MB
[2,855s][debug][gc,nmethod  ] Register NMethod: java.lang.invoke.DirectMethodHandle.make (0x000074b19385b588) [0x000074b19385b680, 0x000074b19385dec8] Compiler: c1, Barriers: 4, Oops: 0, ImmediateOops: 1, NonImmediateOops: No
[2,856s][debug][gc,nmethod  ] Register NMethod: java.lang.invoke.MethodHandles$Lookup.resolveOrFail (0x000074b19385df08) [0x000074b19385e000, 0x000074b19385ed80] Compiler: c1, Barriers: 1, Oops: 1, ImmediateOops: 3, NonImmediateOops: No
[2,856s][debug][gc,nmethod  ] Register NMethod: java.lang.invoke.MethodHandles$Lookup.checkMethodName (0x000074b19385ee08) [0x000074b19385ef00, 0x000074b193860068] Compiler: c1, Barriers: 0, Oops: 2, ImmediateOops: 3, NonImmediateOops: No
[2,856s][debug][gc,nmethod  ] Register NMethod: java.lang.invoke.MethodHandles$Lookup.linkMethodHandleConstant (0x000074b193860088) [0x000074b193860180, 0x000074b1938639f8] Compiler: c1, Barriers: 12, Oops: 0, ImmediateOops: 6, NonImmediateOops: No
[2,857s][debug][gc,nmethod  ] Register NMethod: java.lang.classfile.CodeBuilder.getfield (0x000074b193863a08) [0x000074b193863b00, 0x000074b1938644e0] Compiler: c1, Barriers: 1, Oops: 1, ImmediateOops: 1, NonImmediateOops: No
[2,857s][debug][gc,nmethod  ] Register NMethod: java.lang.classfile.ClassBuilder.withField (0x000074b193864508) [0x000074b193864600, 0x000074b193865340] Compiler: c1, Barriers: 6, Oops: 0, ImmediateOops: 0, NonImmediateOops: No
[2,857s][debug][gc,nmethod  ] Register NMethod: java.lang.Class.getAnnotation (0x000074b193865388) [0x000074b193865480, 0x000074b193865b68] Compiler: c1, Barriers: 1, Oops: 0, ImmediateOops: 0, NonImmediateOops: No
[2,858s][debug][gc,nmethod  ] Register NMethod: jdk.proxy3.$Proxy21.equals (0x000074b193865b88) [0x000074b193865c80, 0x000074b1938667f0] Compiler: c1, Barriers: 4, Oops: 2, ImmediateOops: 1, NonImmediateOops: No
[2,859s][debug][gc,nmethod  ] Register NMethod: java.util.stream.ReduceOps$3.<init> (0x000074b193866808) [0x000074b193866900, 0x000074b193866d08] Compiler: c1, Barriers: 15, Oops: 0, ImmediateOops: 0, NonImmediateOops: No
[2,859s][debug][gc,nmethod  ] Register NMethod: java.util.stream.ReduceOps.makeRef (0x000074b193866d88) [0x000074b193866e80, 0x000074b193867848] Compiler: c1, Barriers: 18, Oops: 1, ImmediateOops: 1, NonImmediateOops: No
[2,859s][debug][gc,nmethod  ] Register NMethod: java.util.stream.ReduceOps$ReduceOp.<init> (0x000074b193867888) [0x000074b193867980, 0x000074b193867b50] Compiler: c1, Barriers: 3, Oops: 0, ImmediateOops: 0, NonImmediateOops: No
[2,859s][debug][gc,nmethod  ] Register NMethod: java.util.stream.ReferencePipeline.collect (0x000074b193867b88) [0x000074b193867c80, 0x000074b1938697d8] Compiler: c1, Barriers: 7, Oops: 1, ImmediateOops: 4, NonImmediateOops: No
[2,859s][debug][gc,nmethod  ] Register NMethod: java.util.stream.ReduceOps$3.getOpFlags (0x000074b193869808) [0x000074b193869900, 0x000074b193869d40] Compiler: c1, Barriers: 2, Oops: 0, ImmediateOops: 1, NonImmediateOops: No
[2,859s][debug][gc,nmethod  ] Register NMethod: java.util.stream.ReduceOps$3.makeSink (0x000074b193869d88) [0x000074b193869e80, 0x000074b19386a2f8] Compiler: c1, Barriers: 12, Oops: 0, ImmediateOops: 0, NonImmediateOops: No
[2,859s][debug][gc,nmethod  ] Register NMethod: java.util.stream.ReduceOps$3.makeSink (0x000074b19386a308) [0x000074b19386a400, 0x000074b19386a548] Compiler: c1, Barriers: 0, Oops: 0, ImmediateOops: 0, NonImmediateOops: No
[2,859s][debug][gc,nmethod  ] Register NMethod: java.util.stream.ReduceOps$ReduceOp.evaluateSequential (0x000074b19386a608) [0x000074b19386a700, 0x000074b19386af28] Compiler: c1, Barriers: 1, Oops: 0, ImmediateOops: 0, NonImmediateOops: No
[2,859s][debug][gc,nmethod  ] Register NMethod: java.util.stream.ReduceOps$3ReducingSink.<init> (0x000074b19386af88) [0x000074b19386b080, 0x000074b19386b3a0] Compiler: c1, Barriers: 9, Oops: 0, ImmediateOops: 0, NonImmediateOops: No
[2,859s][debug][gc,nmethod  ] Register NMethod: java.util.stream.ReduceOps$Box.<init> (0x000074b19386b408) [0x000074b19386b500, 0x000074b19386b658] Compiler: c1, Barriers: 0, Oops: 0, ImmediateOops: 0, NonImmediateOops: No
[2,860s][debug][gc,nmethod  ] Register NMethod: java.util.stream.ReduceOps$3ReducingSink.begin (0x000074b19386b708) [0x000074b19386b800, 0x000074b19386bbc0] Compiler: c1, Barriers: 4, Oops: 0, ImmediateOops: 0, NonImmediateOops: No
[2,862s][debug][gc,nmethod  ] Register NMethod: java.util.stream.Collectors.castingIdentity (0x000074b19386bc08) [0x000074b19386bd00, 0x000074b19386bea0] Compiler: c1, Barriers: 0, Oops: 1, ImmediateOops: 1, NonImmediateOops: No
[2,862s][debug][gc,nmethod  ] Register NMethod: java.util.stream.Collectors$CollectorImpl.<init> (0x000074b19386bf08) [0x000074b19386c000, 0x000074b19386c578] Compiler: c1, Barriers: 15, Oops: 2, ImmediateOops: 1, NonImmediateOops: No
[2,862s][debug][gc,nmethod  ] Register NMethod: java.util.ArrayList$ArrayListSpliterator.estimateSize (0x000074b19386c608) [0x000074b19386c700, 0x000074b19386c8d8] Compiler: c1, Barriers: 1, Oops: 0, ImmediateOops: 0, NonImmediateOops: No
[2,862s][debug][gc,nmethod  ] Register NMethod: sun.reflect.annotation.AnnotationInvocationHandler.memberValueHashCode (0x000074b1b2c65088) [0x000074b1b2c65180, 0x000074b1b2c65768] Compiler: jvmci, Barriers: 5, Oops: 1, ImmediateOops: 0, NonImmediateOops: No
[2,863s][debug][gc,nmethod  ] Register NMethod: java.lang.Class.isAnnotationPresent (0x000074b19386c908) [0x000074b19386ca00, 0x000074b19386d1f8] Compiler: c1, Barriers: 1, Oops: 0, ImmediateOops: 0, NonImmediateOops: No
[2,863s][debug][gc,nmethod  ] Register NMethod: org.junit.platform.commons.util.AnnotationUtils.findRepeatableAnnotations (0x000074b19386d208) [0x000074b19386d300, 0x000074b193872800] Compiler: c1, Barriers: 10, Oops: 7, ImmediateOops: 12, NonImmediateOops: No
[2,863s][debug][gc,nmethod  ] Register NMethod: jdk.proxy3.$Proxy22.annotationType (0x000074b193872888) [0x000074b193872980, 0x000074b193872fe8] Compiler: c1, Barriers: 1, Oops: 1, ImmediateOops: 1, NonImmediateOops: No
[2,863s][debug][gc,nmethod  ] Register NMethod: java.lang.reflect.Proxy.getInvocationHandler (0x000074b193873008) [0x000074b193873100, 0x000074b193875140] Compiler: c1, Barriers: 9, Oops: 2, ImmediateOops: 9, NonImmediateOops: No
[2,863s][debug][gc,nmethod  ] Register NMethod: java.util.Collections.emptySet (0x000074b193875188) [0x000074b193875280, 0x000074b193875368] Compiler: c1, Barriers: 0, Oops: 0, ImmediateOops: 1, NonImmediateOops: No
[2,863s][debug][gc,nmethod  ] Register NMethod: java.util.stream.Sink.begin (0x000074b193875488) [0x000074b193875580, 0x000074b193875680] Compiler: c1, Barriers: 0, Oops: 0, ImmediateOops: 0, NonImmediateOops: No
[2,863s][debug][gc,nmethod  ] Register NMethod: jdk.proxy3.$Proxy22.hashCode (0x000074b193875788) [0x000074b193875880, 0x000074b1938760c8] Compiler: c1, Barriers: 1, Oops: 1, ImmediateOops: 1, NonImmediateOops: No
[2,863s][debug][gc,nmethod  ] Register NMethod: org.junit.platform.engine.support.descriptor.AbstractTestDescriptor.getUniqueId (0x000074b1b2c65788) [0x000074b1b2c65880, 0x000074b1b2c65968] Compiler: c1, Barriers: 1, Oops: 1, ImmediateOops: 0, NonImmediateOops: No
[2,864s][debug][gc,nmethod  ] Register NMethod: java.lang.invoke.Invokers$Holder.linkToTargetMethod (0x000074b193876108) [0x000074b193876200, 0x000074b1938766f8] Compiler: c1, Barriers: 0, Oops: 0, ImmediateOops: 0, NonImmediateOops: No
[2,864s][debug][gc,nmethod  ] Register NMethod: sun.reflect.annotation.AnnotationInvocationHandler.memberValueEquals (0x000074b193876708) [0x000074b193876800, 0x000074b193879f68] Compiler: c1, Barriers: 3, Oops: 0, ImmediateOops: 7, NonImmediateOops: No
[2,865s][debug][gc,nmethod  ] Register NMethod: java.lang.invoke.DirectMethodHandle$Holder.newInvokeSpecial (0x000074b193879f88) [0x000074b19387a080, 0x000074b19387a900] Compiler: c1, Barriers: 2, Oops: 0, ImmediateOops: 1, NonImmediateOops: No
[2,865s][debug][gc,director ] Rule Major: Warmup 10%, Used: 82MB, UsedThreshold: 1228MB
[2,865s][debug][gc,nmethod  ] Register NMethod: java.lang.invoke.DirectMethodHandle.make (0x000074b19387a908) [0x000074b19387aa00, 0x000074b19387b278] Compiler: c1, Barriers: 2, Oops: 0, ImmediateOops: 0, NonImmediateOops: No
[2,865s][debug][gc,nmethod  ] Register NMethod: java.lang.invoke.DirectMethodHandle.makeAllocator (0x000074b19387b288) [0x000074b19387b380, 0x000074b19387c0e8] Compiler: c1, Barriers: 2, Oops: 0, ImmediateOops: 0, NonImmediateOops: No
[2,866s][debug][gc,nmethod  ] Register NMethod: java.lang.invoke.MemberName.asConstructor (0x000074b19387c108) [0x000074b19387c200, 0x000074b19387ce30] Compiler: c1, Barriers: 0, Oops: 0, ImmediateOops: 0, NonImmediateOops: No
[2,867s][debug][gc,nmethod  ] Register NMethod: sun.reflect.annotation.AnnotationInvocationHandler.invoke (0x000074b1b2c65a88) [0x000074b1b2c65b80, 0x000074b1b2c66260] Compiler: jvmci, Barriers: 9, Oops: 0, ImmediateOops: 6, NonImmediateOops: No
[2,867s][debug][gc,nmethod  ] Register NMethod: java.util.BitSet.checkInvariants (0x000074b1b2c66288) [0x000074b1b2c66380, 0x000074b1b2c66400] Compiler: jvmci, Barriers: 0, Oops: 0, ImmediateOops: 0, NonImmediateOops: No
[2,868s][debug][gc,nmethod  ] Register NMethod: jdk.internal.classfile.impl.StackMapGenerator$Frame.initializeObject (0x000074b19387ce88) [0x000074b19387cf80, 0x000074b19387dda8] Compiler: c1, Barriers: 12, Oops: 0, ImmediateOops: 1, NonImmediateOops: No
[2,869s][debug][gc,nmethod  ] Register NMethod: java.lang.classfile.ClassFile.of (0x000074b19387de08) [0x000074b19387df00, 0x000074b19387dfe8] Compiler: c1, Barriers: 0, Oops: 0, ImmediateOops: 1, NonImmediateOops: No
[2,869s][debug][gc,nmethod  ] Register NMethod: java.lang.invoke.MethodHandles$Lookup$ClassDefiner.<init> (0x000074b19387e108) [0x000074b19387e200, 0x000074b19387e5a0] Compiler: c1, Barriers: 12, Oops: 0, ImmediateOops: 0, NonImmediateOops: No
[2,870s][debug][gc,nmethod  ] Register NMethod: java.lang.invoke.MethodHandles$Lookup.makeHiddenClassDefiner (0x000074b19387e608) [0x000074b19387e700, 0x000074b19387ed28] Compiler: c1, Barriers: 2, Oops: 0, ImmediateOops: 1, NonImmediateOops: No
[2,870s][debug][gc,nmethod  ] Register NMethod: java.lang.System$1.defineClass (0x000074b19387ed88) [0x000074b19387ee80, 0x000074b19387eff0] Compiler: c1, Barriers: 0, Oops: 0, ImmediateOops: 0, NonImmediateOops: No
[2,870s][debug][gc,nmethod  ] Register NMethod: java.lang.invoke.MethodHandles$Lookup$ClassDefiner.defineClass (0x000074b19387f088) [0x000074b19387f180, 0x000074b193880ec8] Compiler: c1, Barriers: 21, Oops: 0, ImmediateOops: 2, NonImmediateOops: No
[2,872s][debug][gc,nmethod  ] Register NMethod: java.util.Spliterators$IteratorSpliterator.characteristics (0x000074b1b2c66588) [0x000074b1b2c66680, 0x000074b1b2c66740] Compiler: c1, Barriers: 0, Oops: 0, ImmediateOops: 0, NonImmediateOops: No
[2,872s][debug][gc,nmethod  ] Register NMethod: jdk.internal.constant.ConstantUtils.internalNameToDesc (0x000074b193880f08) [0x000074b193881000, 0x000074b193883418] Compiler: c1, Barriers: 4, Oops: 2, ImmediateOops: 12, NonImmediateOops: No
[2,872s][debug][gc,nmethod  ] Register NMethod: java.lang.invoke.MethodHandles$Lookup.getDirectConstructor (0x000074b193883488) [0x000074b193883580, 0x000074b1938836b0] Compiler: c1, Barriers: 0, Oops: 0, ImmediateOops: 0, NonImmediateOops: No
[2,872s][debug][gc,nmethod  ] Register NMethod: org.junit.platform.commons.util.AnnotationUtils.findAnnotation (0x000074b193883788) [0x000074b193883880, 0x000074b1938847b8] Compiler: c1, Barriers: 4, Oops: 3, ImmediateOops: 2, NonImmediateOops: No
[2,873s][debug][gc,nmethod  ] Register NMethod: java.lang.invoke.MethodHandles$Lookup.getDirectConstructorCommon (0x000074b193884808) [0x000074b193884900, 0x000074b193885618] Compiler: c1, Barriers: 2, Oops: 0, ImmediateOops: 0, NonImmediateOops: No
[2,874s][debug][gc,nmethod  ] Register NMethod: jdk.internal.misc.Unsafe.storeFence (0x000074b193885688) [0x000074b193885780, 0x000074b193885a58] Compiler: c1, Barriers: 0, Oops: 0, ImmediateOops: 0, NonImmediateOops: No
[2,875s][debug][gc,director ] Rule Major: Warmup 10%, Used: 82MB, UsedThreshold: 1228MB
[2,877s][debug][gc,nmethod  ] Register NMethod: java.util.LinkedHashMap$LinkedKeyIterator.next (0x000074b193885a88) [0x000074b193885b80, 0x000074b193886080] Compiler: c1, Barriers: 1, Oops: 0, ImmediateOops: 0, NonImmediateOops: No
[2,877s][debug][gc,nmethod  ] Register NMethod: java.util.Collections$UnmodifiableCollection$1.hasNext (0x000074b193886088) [0x000074b193886180, 0x000074b1938864c8] Compiler: c1, Barriers: 1, Oops: 0, ImmediateOops: 0, NonImmediateOops: No
[2,877s][debug][gc,nmethod  ] Register NMethod: java.util.AbstractCollection.addAll (0x000074b193886508) [0x000074b193886600, 0x000074b193887008] Compiler: c1, Barriers: 0, Oops: 0, ImmediateOops: 0, NonImmediateOops: No
[2,878s][debug][gc,nmethod  ] Register NMethod: java.util.LinkedHashMap.keySet (0x000074b193887088) [0x000074b193887180, 0x000074b193887478] Compiler: c1, Barriers: 0, Oops: 0, ImmediateOops: 0, NonImmediateOops: No
[2,879s][debug][gc,nmethod  ] Register NMethod: java.util.LinkedHashMap$LinkedKeyIterator.<init> (0x000074b193887488) [0x000074b193887580, 0x000074b193887808] Compiler: c1, Barriers: 0, Oops: 0, ImmediateOops: 0, NonImmediateOops: No
[2,879s][debug][gc,nmethod  ] Register NMethod: java.util.Collections$UnmodifiableCollection.<init> (0x000074b193887888) [0x000074b193887980, 0x000074b193887c40] Compiler: c1, Barriers: 3, Oops: 0, ImmediateOops: 0, NonImmediateOops: No
[2,879s][debug][gc,nmethod  ] Register NMethod: java.util.LinkedHashMap$LinkedKeySet.iterator (0x000074b193887c88) [0x000074b193887d80, 0x000074b193888110] Compiler: c1, Barriers: 1, Oops: 0, ImmediateOops: 0, NonImmediateOops: No
[2,879s][debug][gc,nmethod  ] Register NMethod: java.util.LinkedHashMap.sequencedKeySet (0x000074b193888188) [0x000074b193888280, 0x000074b193888958] Compiler: c1, Barriers: 7, Oops: 0, ImmediateOops: 0, NonImmediateOops: No
[2,879s][debug][gc,nmethod  ] Register NMethod: java.util.HashSet.size (0x000074b193888988) [0x000074b193888a80, 0x000074b193888d90] Compiler: c1, Barriers: 1, Oops: 0, ImmediateOops: 0, NonImmediateOops: No
[2,882s][debug][gc,nmethod  ] Register NMethod: java.lang.reflect.Field.getModifiers (0x000074b1b2c66888) [0x000074b1b2c66980, 0x000074b1b2c66a40] Compiler: c1, Barriers: 0, Oops: 0, ImmediateOops: 0, NonImmediateOops: No
[2,882s][debug][gc,nmethod  ] Register NMethod: java.io.ObjectStreamField.getField (0x000074b1b2c66b88) [0x000074b1b2c66c80, 0x000074b1b2c66d68] Compiler: c1, Barriers: 1, Oops: 0, ImmediateOops: 0, NonImmediateOops: No
[2,883s][debug][gc,nmethod  ] Register NMethod: java.lang.reflect.Field.getType (0x000074b1b2c66e88) [0x000074b1b2c66f80, 0x000074b1b2c67068] Compiler: c1, Barriers: 1, Oops: 0, ImmediateOops: 0, NonImmediateOops: No
[2,883s][debug][gc,nmethod  ] Register NMethod: java.io.ObjectStreamField.getTypeCode (0x000074b193888e08) [0x000074b193888f00, 0x000074b193889890] Compiler: c1, Barriers: 2, Oops: 1, ImmediateOops: 2, NonImmediateOops: No
[2,883s][debug][gc,nmethod  ] Register NMethod: java.lang.invoke.BoundMethodHandle$Species_L.make (0x000074b193889908) [0x000074b193889a00, 0x000074b193889c68] Compiler: c1, Barriers: 3, Oops: 0, ImmediateOops: 0, NonImmediateOops: No
[2,883s][debug][gc,nmethod  ] Register NMethod: java.util.LinkedHashMap.<init> (0x000074b193889c88) [0x000074b193889d80, 0x000074b193889ed0] Compiler: c1, Barriers: 0, Oops: 0, ImmediateOops: 0, NonImmediateOops: No
[2,884s][debug][gc,nmethod  ] Register NMethod: java.util.HashSet.<init> (0x000074b193889f88) [0x000074b19388a080, 0x000074b19388a428] Compiler: c1, Barriers: 3, Oops: 0, ImmediateOops: 0, NonImmediateOops: No
[2,884s][debug][gc,nmethod  ] Register NMethod: java.lang.String.replace (0x000074b1b2c67188) [0x000074b1b2c67280, 0x000074b1b2c67938] Compiler: jvmci, Barriers: 3, Oops: 0, ImmediateOops: 0, NonImmediateOops: No
[2,885s][debug][gc,nmethod  ] Register NMethod: java.util.Collections$EmptySet.contains (0x000074b1b2c67988) [0x000074b1b2c67a80, 0x000074b1b2c67b40] Compiler: c1, Barriers: 0, Oops: 0, ImmediateOops: 0, NonImmediateOops: No
[2,885s][debug][gc,nmethod  ] Register NMethod: java.lang.invoke.TypeConvertingMethodAdapter.classDesc (0x000074b19388a488) [0x000074b19388a580, 0x000074b19388b728] Compiler: c1, Barriers: 3, Oops: 1, ImmediateOops: 6, NonImmediateOops: No
[2,885s][debug][gc,nmethod  ] Register NMethod: org.junit.platform.engine.UniqueId.hashCode (0x000074b19388b788) [0x000074b19388b880, 0x000074b19388bc30] Compiler: c1, Barriers: 1, Oops: 1, ImmediateOops: 0, NonImmediateOops: No
[2,885s][debug][gc,nmethod  ] Register NMethod: java.lang.invoke.MethodHandle.linkToStatic (0x000074b1b2c67c88) [0x000074b1b2c67d80, 0x000074b1b2c67e70] Compiler: , Barriers: 0, Oops: 0, ImmediateOops: 0, NonImmediateOops: No
[2,885s][debug][gc,director ] Rule Major: Warmup 10%, Used: 84MB, UsedThreshold: 1228MB
[2,886s][debug][gc,nmethod  ] Register NMethod: java.lang.invoke.InfoFromMemberName.getModifiers (0x000074b19388bc88) [0x000074b19388bd80, 0x000074b19388c0d8] Compiler: c1, Barriers: 1, Oops: 0, ImmediateOops: 0, NonImmediateOops: No
[2,886s][debug][gc,nmethod  ] Register NMethod: java.lang.classfile.Interfaces.of (0x000074b19388c108) [0x000074b19388c200, 0x000074b19388c558] Compiler: c1, Barriers: 3, Oops: 0, ImmediateOops: 0, NonImmediateOops: No
[2,886s][debug][gc,nmethod  ] Register NMethod: java.lang.classfile.ClassBuilder.withInterfaces (0x000074b19388c588) [0x000074b19388c680, 0x000074b19388cf10] Compiler: c1, Barriers: 3, Oops: 0, ImmediateOops: 0, NonImmediateOops: No
[2,887s][debug][gc,nmethod  ] Register NMethod: jdk.internal.classfile.impl.InterfacesImpl.<init> (0x000074b19388cf88) [0x000074b19388d080, 0x000074b19388d348] Compiler: c1, Barriers: 3, Oops: 0, ImmediateOops: 0, NonImmediateOops: No
[2,887s][debug][gc,nmethod  ] Register NMethod: jdk.internal.classfile.impl.InterfacesImpl.writeTo (0x000074b19388d388) [0x000074b19388d480, 0x000074b19388d808] Compiler: c1, Barriers: 4, Oops: 0, ImmediateOops: 0, NonImmediateOops: No
[2,887s][debug][gc,nmethod  ] Register NMethod: jdk.internal.classfile.impl.DirectClassBuilder.buildInterfaceEnties (0x000074b19388d888) [0x000074b19388d980, 0x000074b19388ee88] Compiler: c1, Barriers: 6, Oops: 0, ImmediateOops: 0, NonImmediateOops: No
[2,887s][debug][gc,nmethod  ] Register NMethod: java.lang.invoke.MethodHandle.linkToInterface (0x000074b1b2c67f88) [0x000074b1b2c68080, 0x000074b1b2c681b0] Compiler: , Barriers: 0, Oops: 0, ImmediateOops: 0, NonImmediateOops: No
[2,890s][debug][gc,nmethod  ] Register NMethod: java.lang.Module.canRead (0x000074b19388ef08) [0x000074b19388f000, 0x000074b193891f50] Compiler: c1, Barriers: 16, Oops: 3, ImmediateOops: 10, NonImmediateOops: No
[2,891s][debug][gc,nmethod  ] Register NMethod: java.lang.invoke.MethodHandles$Lookup.getDirectMethod (0x000074b193891f88) [0x000074b193892080, 0x000074b1938921c0] Compiler: c1, Barriers: 0, Oops: 0, ImmediateOops: 0, NonImmediateOops: No
[2,891s][debug][gc,nmethod  ] Register NMethod: java.lang.invoke.MethodHandles$Lookup.findBoundCallerLookup (0x000074b193892288) [0x000074b193892380, 0x000074b193892ed0] Compiler: c1, Barriers: 0, Oops: 0, ImmediateOops: 1, NonImmediateOops: No
[2,891s][debug][gc,nmethod  ] Register NMethod: java.lang.invoke.MethodHandles$Lookup.checkMethod (0x000074b193892f08) [0x000074b193893000, 0x000074b193893ee8] Compiler: c1, Barriers: 0, Oops: 0, ImmediateOops: 4, NonImmediateOops: No
[2,891s][debug][gc,nmethod  ] Register NMethod: java.util.Objects.equals (0x000074b1b2c68288) [0x000074b1b2c68380, 0x000074b1b2c68838] Compiler: jvmci, Barriers: 8, Oops: 0, ImmediateOops: 0, NonImmediateOops: No
[2,892s][debug][gc,nmethod  ] Register NMethod: java.lang.invoke.MethodHandles$Lookup.maybeBindCaller (0x000074b193893f08) [0x000074b193894000, 0x000074b193894c90] Compiler: c1, Barriers: 1, Oops: 0, ImmediateOops: 1, NonImmediateOops: No
[2,892s][debug][gc,nmethod  ] Register NMethod: java.lang.invoke.MethodHandles$Lookup.getDirectMethodCommon (0x000074b193894d08) [0x000074b193894e00, 0x000074b193898270] Compiler: c1, Barriers: 11, Oops: 1, ImmediateOops: 1, NonImmediateOops: No
[2,893s][debug][gc,nmethod  ] Register NMethod: jdk.internal.classfile.impl.SplitConstantPool.tryFindClassEntry (0x000074b193898288) [0x000074b193898380, 0x000074b1938999e0] Compiler: c1, Barriers: 2, Oops: 0, ImmediateOops: 0, NonImmediateOops: No
[2,895s][debug][gc,nmethod  ] Register NMethod: java.util.HashSet.add (0x000074b1b2c68888) [0x000074b1b2c689a0, 0x000074b1b2c6a218] Compiler: jvmci, Barriers: 61, Oops: 1, ImmediateOops: 1, NonImmediateOops: No
[2,896s][debug][gc,director ] Rule Major: Warmup 10%, Used: 84MB, UsedThreshold: 1228MB
[2,896s][debug][gc,nmethod  ] Register NMethod: jdk.internal.misc.Unsafe.allocateUninitializedArray (0x000074b1b2c6a288) [0x000074b1b2c6a380, 0x000074b1b2c6a5e8] Compiler: jvmci, Barriers: 0, Oops: 0, ImmediateOops: 1, NonImmediateOops: No
[2,896s][debug][gc,nmethod  ] Register NMethod: jdk.internal.util.ReferencedKeyMap.removeStaleReferences (0x000074b1b2c6a608) [0x000074b1b2c6a700, 0x000074b1b2c6a838] Compiler: jvmci, Barriers: 2, Oops: 0, ImmediateOops: 0, NonImmediateOops: No
[2,897s][debug][gc,nmethod  ] Register NMethod: jdk.internal.classfile.impl.BufWriterImpl.patchInt (0x000074b1b2c6a908) [0x000074b1b2c6aa00, 0x000074b1b2c6ab68] Compiler: jvmci, Barriers: 1, Oops: 0, ImmediateOops: 0, NonImmediateOops: No
[2,897s][debug][gc,nmethod  ] Register NMethod: jdk.internal.misc.Unsafe.shouldBeInitialized (0x000074b193899a08) [0x000074b193899b00, 0x000074b193899d20] Compiler: c1, Barriers: 0, Oops: 0, ImmediateOops: 0, NonImmediateOops: No
[2,898s][debug][gc,nmethod  ] Register NMethod: java.lang.invoke.MethodHandle.isAncestorLoaderOf (0x000074b193899d88) [0x000074b193899e80, 0x000074b19389a638] Compiler: c1, Barriers: 1, Oops: 0, ImmediateOops: 4, NonImmediateOops: No
[2,899s][debug][gc,nmethod  ] Register NMethod: java.lang.Module.isExported (0x000074b19389a688) [0x000074b19389a780, 0x000074b19389ab48] Compiler: c1, Barriers: 0, Oops: 0, ImmediateOops: 0, NonImmediateOops: No
[2,899s][debug][gc,nmethod  ] Register NMethod: jdk.internal.misc.Unsafe.allocateUninitializedArray0 (0x000074b1b2c6ac08) [0x000074b1b2c6ad00, 0x000074b1b2c6af20] Compiler: jvmci, Barriers: 0, Oops: 0, ImmediateOops: 1, NonImmediateOops: No
[2,899s][debug][gc,nmethod  ] Register NMethod: java.util.zip.ZipFile$CleanableResource.getInflater (0x000074b19389ab88) [0x000074b19389ac80, 0x000074b19389b4e0] Compiler: c1, Barriers: 2, Oops: 0, ImmediateOops: 0, NonImmediateOops: No
[2,900s][debug][gc,nmethod  ] Register NMethod: java.lang.Object.equals (0x000074b1b2c6af88) [0x000074b1b2c6b080, 0x000074b1b2c6b110] Compiler: jvmci, Barriers: 0, Oops: 0, ImmediateOops: 0, NonImmediateOops: No
[2,900s][debug][gc,nmethod  ] Register NMethod: java.lang.invoke.MethodHandleNatives.linkCallSite (0x000074b19389b508) [0x000074b19389b600, 0x000074b19389c170] Compiler: c1, Barriers: 0, Oops: 0, ImmediateOops: 0, NonImmediateOops: No
[2,900s][debug][gc,nmethod  ] Register NMethod: java.util.zip.ZipFile$CleanableResource.releaseInflater (0x000074b19389c188) [0x000074b19389c280, 0x000074b19389c8f8] Compiler: c1, Barriers: 2, Oops: 0, ImmediateOops: 0, NonImmediateOops: No
[2,900s][debug][gc,nmethod  ] Register NMethod: java.lang.invoke.MethodHandleNatives.linkCallSiteImpl (0x000074b19389c908) [0x000074b19389ca00, 0x000074b19389d888] Compiler: c1, Barriers: 9, Oops: 0, ImmediateOops: 0, NonImmediateOops: No
[2,901s][debug][gc,nmethod  ] Register NMethod: java.lang.invoke.MethodHandleNatives.staticArgumentsPulled (0x000074b19389d908) [0x000074b19389da00, 0x000074b19389dce8] Compiler: c1, Barriers: 0, Oops: 0, ImmediateOops: 0, NonImmediateOops: No
[2,901s][debug][gc,nmethod  ] Register NMethod: java.lang.invoke.ConstantCallSite.<init> (0x000074b19389dd08) [0x000074b19389de00, 0x000074b19389e418] Compiler: c1, Barriers: 4, Oops: 0, ImmediateOops: 1, NonImmediateOops: No
[2,901s][debug][gc,nmethod  ] Register NMethod: java.lang.invoke.CallSite.<init> (0x000074b19389e488) [0x000074b19389e580, 0x000074b19389e960] Compiler: c1, Barriers: 4, Oops: 0, ImmediateOops: 0, NonImmediateOops: No
[2,901s][debug][gc,nmethod  ] Register NMethod: jdk.internal.misc.Unsafe.storeStoreFence (0x000074b19389e988) [0x000074b19389ea80, 0x000074b19389ed50] Compiler: c1, Barriers: 0, Oops: 0, ImmediateOops: 0, NonImmediateOops: No
[2,901s][debug][gc,nmethod  ] Register NMethod: jdk.internal.classfile.impl.AbstractPoolEntry$Utf8EntryImpl.<init> (0x000074b1b2c6b288) [0x000074b1b2c6b380, 0x000074b1b2c6b660] Compiler: jvmci, Barriers: 12, Oops: 0, ImmediateOops: 1, NonImmediateOops: No
[2,901s][debug][gc,nmethod  ] Register NMethod: java.lang.invoke.BootstrapMethodInvoker.widenAndCast (0x000074b19389ed88) [0x000074b19389ee80, 0x000074b1938a05b0] Compiler: c1, Barriers: 0, Oops: 0, ImmediateOops: 0, NonImmediateOops: No
[2,902s][debug][gc,nmethod  ] Register NMethod: java.lang.invoke.CallSite.makeSite (0x000074b1938a0608) [0x000074b1938a0700, 0x000074b1938a2f20] Compiler: c1, Barriers: 7, Oops: 1, ImmediateOops: 7, NonImmediateOops: No
[2,902s][debug][gc,nmethod  ] Register NMethod: java.util.HashMap.afterNodeAccess (0x000074b1b2c6b688) [0x000074b1b2c6b780, 0x000074b1b2c6b800] Compiler: jvmci, Barriers: 0, Oops: 0, ImmediateOops: 0, NonImmediateOops: No
[2,902s][debug][gc,nmethod  ] Register NMethod: java.lang.invoke.ConstantCallSite.dynamicInvoker (0x000074b1938a2f88) [0x000074b1938a3080, 0x000074b1938a34d0] Compiler: c1, Barriers: 1, Oops: 0, ImmediateOops: 0, NonImmediateOops: No
[2,902s][debug][gc,nmethod  ] Register NMethod: java.lang.invoke.MethodHandle.linkToStatic (0x000074b1b2c6b988) [0x000074b1b2c6ba80, 0x000074b1b2c6bb70] Compiler: , Barriers: 0, Oops: 0, ImmediateOops: 0, NonImmediateOops: No
[2,902s][debug][gc,nmethod  ] Register NMethod: java.lang.invoke.Invokers.linkToTargetMethod (0x000074b1938a3508) [0x000074b1938a3600, 0x000074b1938a3750] Compiler: c1, Barriers: 1, Oops: 0, ImmediateOops: 0, NonImmediateOops: No
[2,902s][debug][gc,nmethod  ] Register NMethod: java.util.Optional.empty (0x000074b1b2c6bc88) [0x000074b1b2c6bd80, 0x000074b1b2c6bdf0] Compiler: jvmci, Barriers: 0, Oops: 0, ImmediateOops: 1, NonImmediateOops: No
[2,903s][debug][gc,nmethod  ] Register NMethod: java.lang.Math.min (0x000074b1b2c6bf88) [0x000074b1b2c6c080, 0x000074b1b2c6c0e8] Compiler: jvmci, Barriers: 0, Oops: 0, ImmediateOops: 0, NonImmediateOops: No
[2,903s][debug][gc,nmethod  ] Register NMethod: java.util.ImmutableCollections.listFromTrustedArray (0x000074b1938a3808) [0x000074b1938a3900, 0x000074b1938a4ae0] Compiler: c1, Barriers: 19, Oops: 0, ImmediateOops: 2, NonImmediateOops: No
[2,903s][debug][gc,nmethod  ] Register NMethod: java.lang.invoke.Invokers.callSiteForm (0x000074b1938a4b08) [0x000074b1938a4c00, 0x000074b1938a7650] Compiler: c1, Barriers: 23, Oops: 1, ImmediateOops: 5, NonImmediateOops: No
[2,904s][debug][gc,nmethod  ] Register NMethod: java.lang.invoke.BootstrapMethodInvoker.invoke (0x000074b1938a7688) [0x000074b1938a7780, 0x000074b1938b1598] Compiler: c1, Barriers: 54, Oops: 0, ImmediateOops: 9, NonImmediateOops: No
[2,904s][debug][gc,nmethod  ] Register NMethod: java.lang.invoke.MethodHandle.linkToSpecial (0x000074b1b2c6c288) [0x000074b1b2c6c380, 0x000074b1b2c6c478] Compiler: , Barriers: 0, Oops: 0, ImmediateOops: 0, NonImmediateOops: No
[2,905s][debug][gc,nmethod  ] Register NMethod: java.lang.invoke.InfoFromMemberName.getMethodType (0x000074b1938b1608) [0x000074b1938b1700, 0x000074b1938b1a30] Compiler: c1, Barriers: 1, Oops: 0, ImmediateOops: 0, NonImmediateOops: No
[2,905s][debug][gc,nmethod  ] Register NMethod: java.lang.invoke.InfoFromMemberName.getName (0x000074b1938b1a88) [0x000074b1938b1b80, 0x000074b1938b23b8] Compiler: c1, Barriers: 6, Oops: 0, ImmediateOops: 0, NonImmediateOops: No
[2,905s][debug][gc,nmethod  ] Register NMethod: jdk.internal.classfile.impl.Util.pow31 (0x000074b1938b2408) [0x000074b1938b2500, 0x000074b1938b27b0] Compiler: c1, Barriers: 0, Oops: 1, ImmediateOops: 1, NonImmediateOops: No
[2,905s][debug][gc,nmethod  ] Register NMethod: java.lang.invoke.InnerClassLambdaMetafactory.sanitizedTargetClassName (0x000074b1938b2808) [0x000074b1938b2900, 0x000074b1938b32e0] Compiler: c1, Barriers: 1, Oops: 0, ImmediateOops: 0, NonImmediateOops: No
[2,905s][debug][gc,nmethod  ] Register NMethod: jdk.internal.misc.CDS.isDumpingArchive (0x000074b1938b3308) [0x000074b1938b3400, 0x000074b1938b34f8] Compiler: c1, Barriers: 0, Oops: 0, ImmediateOops: 0, NonImmediateOops: No
[2,906s][debug][gc,nmethod  ] Register NMethod: jdk.internal.classfile.impl.DirectCodeBuilder.invokespecial (0x000074b1938b3608) [0x000074b1938b3700, 0x000074b1938b4270] Compiler: c1, Barriers: 2, Oops: 0, ImmediateOops: 0, NonImmediateOops: No
[2,906s][debug][gc,director ] Rule Major: Warmup 10%, Used: 86MB, UsedThreshold: 1228MB
[2,909s][debug][gc,nmethod  ] Register NMethod: java.lang.invoke.InnerClassLambdaMetafactory.<init> (0x000074b1938b4288) [0x000074b1938b4380, 0x000074b1938be378] Compiler: c1, Barriers: 79, Oops: 7, ImmediateOops: 32, NonImmediateOops: No
[2,910s][debug][gc,nmethod  ] Register NMethod: java.lang.invoke.InnerClassLambdaMetafactory.convertArgumentTypes (0x000074b1938be408) [0x000074b1938be500, 0x000074b1938bf7c8] Compiler: c1, Barriers: 12, Oops: 0, ImmediateOops: 1, NonImmediateOops: No
[2,910s][debug][gc,nmethod  ] Register NMethod: jdk.internal.classfile.impl.Util.entryList (0x000074b1938bf808) [0x000074b1938bf900, 0x000074b1938c06f8] Compiler: c1, Barriers: 3, Oops: 1, ImmediateOops: 1, NonImmediateOops: No
[2,911s][debug][gc,nmethod  ] Register NMethod: java.lang.invoke.AbstractValidatingLambdaMetafactory.<init> (0x000074b1938c0708) [0x000074b1938c0800, 0x000074b1938cb918] Compiler: c1, Barriers: 117, Oops: 5, ImmediateOops: 13, NonImmediateOops: No
[2,911s][debug][gc,nmethod  ] Register NMethod: java.lang.invoke.AbstractValidatingLambdaMetafactory.validateMetafactoryArgs (0x000074b1938cb988) [0x000074b1938cba80, 0x000074b1938d99d0] Compiler: c1, Barriers: 156, Oops: 7, ImmediateOops: 25, NonImmediateOops: No
[2,912s][debug][gc,nmethod  ] Register NMethod: java.lang.invoke.InnerClassLambdaMetafactory$3.accept (0x000074b1938d9a88) [0x000074b1938d9b80, 0x000074b1938dc118] Compiler: c1, Barriers: 18, Oops: 1, ImmediateOops: 5, NonImmediateOops: No
[2,912s][debug][gc,nmethod  ] Register NMethod: java.lang.invoke.AbstractValidatingLambdaMetafactory.checkDescriptor (0x000074b1938dc188) [0x000074b1938dc280, 0x000074b1938e0820] Compiler: c1, Barriers: 37, Oops: 3, ImmediateOops: 7, NonImmediateOops: No
[2,912s][debug][gc,nmethod  ] Register NMethod: org.junit.platform.commons.util.AnnotationUtils.findRepeatableAnnotations (0x000074b1938e0888) [0x000074b1938e0980, 0x000074b1938e1a60] Compiler: c1, Barriers: 1, Oops: 1, ImmediateOops: 2, NonImmediateOops: No
[2,913s][debug][gc,nmethod  ] Register NMethod: java.lang.invoke.MethodHandle.linkToStatic (0x000074b1b2c6c588) [0x000074b1b2c6c680, 0x000074b1b2c6c770] Compiler: , Barriers: 0, Oops: 0, ImmediateOops: 0, NonImmediateOops: No
[2,913s][debug][gc,nmethod  ] Register NMethod: java.util.stream.ReferencePipeline.map (0x000074b1938e1a88) [0x000074b1938e1b80, 0x000074b1938e2090] Compiler: c1, Barriers: 3, Oops: 1, ImmediateOops: 0, NonImmediateOops: No
[2,913s][debug][gc,nmethod  ] Register NMethod: java.lang.invoke.InnerClassLambdaMetafactory$1.accept (0x000074b1938e2108) [0x000074b1938e2200, 0x000074b1938e5a70] Compiler: c1, Barriers: 41, Oops: 0, ImmediateOops: 0, NonImmediateOops: No
[2,913s][debug][gc,nmethod  ] Register NMethod: java.util.stream.ReferencePipeline$3.<init> (0x000074b1938e5a88) [0x000074b1938e5b80, 0x000074b1938e5f60] Compiler: c1, Barriers: 3, Oops: 0, ImmediateOops: 0, NonImmediateOops: No
[2,914s][debug][gc,nmethod  ] Register NMethod: java.util.stream.ReferencePipeline$3.opWrapSink (0x000074b1938e5f88) [0x000074b1938e6080, 0x000074b1938e67f8] Compiler: c1, Barriers: 7, Oops: 0, ImmediateOops: 0, NonImmediateOops: No
[2,914s][debug][gc,nmethod  ] Register NMethod: java.util.stream.Sink$ChainedReference.begin (0x000074b1938e6808) [0x000074b1938e6900, 0x000074b1938e6c40] Compiler: c1, Barriers: 1, Oops: 0, ImmediateOops: 0, NonImmediateOops: No
[2,914s][debug][gc,nmethod  ] Register NMethod: java.util.stream.ReferencePipeline$3$1.<init> (0x000074b1938e6c88) [0x000074b1938e6d80, 0x000074b1938e74d8] Compiler: c1, Barriers: 6, Oops: 0, ImmediateOops: 0, NonImmediateOops: No
[2,914s][debug][gc,nmethod  ] Register NMethod: java.util.Collections$UnmodifiableSet.<init> (0x000074b1938e7508) [0x000074b1938e7600, 0x000074b1938e7920] Compiler: c1, Barriers: 3, Oops: 0, ImmediateOops: 0, NonImmediateOops: No
[2,914s][debug][gc,nmethod  ] Register NMethod: java.util.Collections.unmodifiableSet (0x000074b1938e7988) [0x000074b1938e7a80, 0x000074b1938e8098] Compiler: c1, Barriers: 3, Oops: 0, ImmediateOops: 1, NonImmediateOops: No
[2,914s][debug][gc,nmethod  ] Register NMethod: java.util.ArrayList.spliterator (0x000074b1938e8108) [0x000074b1938e8200, 0x000074b1938e8510] Compiler: c1, Barriers: 3, Oops: 0, ImmediateOops: 0, NonImmediateOops: No
[2,915s][debug][gc,nmethod  ] Register NMethod: java.util.ArrayList$ArrayListSpliterator.<init> (0x000074b1938e8588) [0x000074b1938e8680, 0x000074b1938e89c0] Compiler: c1, Barriers: 3, Oops: 0, ImmediateOops: 0, NonImmediateOops: No
[2,915s][debug][gc,nmethod  ] Register NMethod: java.lang.invoke.InnerClassLambdaMetafactory$6.accept (0x000074b1938e8a08) [0x000074b1938e8b00, 0x000074b1938eee18] Compiler: c1, Barriers: 44, Oops: 4, ImmediateOops: 10, NonImmediateOops: No
[2,915s][debug][gc,nmethod  ] Register NMethod: java.lang.invoke.MethodHandles$Lookup.hasFullPrivilegeAccess (0x000074b1938eee88) [0x000074b1938eef80, 0x000074b1938ef0d8] Compiler: c1, Barriers: 0, Oops: 0, ImmediateOops: 0, NonImmediateOops: No
[2,915s][debug][gc,nmethod  ] Register NMethod: java.lang.invoke.InfoFromMemberName.<init> (0x000074b1938ef188) [0x000074b1938ef280, 0x000074b1938ef478] Compiler: c1, Barriers: 3, Oops: 0, ImmediateOops: 0, NonImmediateOops: No
[2,916s][debug][gc,director ] Rule Major: Warmup 10%, Used: 86MB, UsedThreshold: 1228MB
[2,916s][debug][gc,nmethod  ] Register NMethod: java.lang.invoke.InnerClassLambdaMetafactory.implClassDesc (0x000074b1938ef488) [0x000074b1938ef580, 0x000074b1938f0428] Compiler: c1, Barriers: 2, Oops: 1, ImmediateOops: 2, NonImmediateOops: No
[2,916s][debug][gc,nmethod  ] Register NMethod: java.lang.invoke.MethodHandles$Lookup.revealDirect (0x000074b1938f0488) [0x000074b1938f0580, 0x000074b1938f32a8] Compiler: c1, Barriers: 2, Oops: 2, ImmediateOops: 4, NonImmediateOops: No
[2,916s][debug][gc,nmethod  ] Register NMethod: java.lang.invoke.AbstractValidatingLambdaMetafactory.isAdaptableToAsReturn (0x000074b1938f3308) [0x000074b1938f3400, 0x000074b1938f3ae0] Compiler: c1, Barriers: 0, Oops: 1, ImmediateOops: 2, NonImmediateOops: No
[2,917s][debug][gc,nmethod  ] Register NMethod: java.lang.invoke.InnerClassLambdaMetafactory.generateInnerClass (0x000074b1938f3b08) [0x000074b1938f3c00, 0x000074b1938f7d08] Compiler: c1, Barriers: 30, Oops: 2, ImmediateOops: 11, NonImmediateOops: No
[2,917s][debug][gc,nmethod  ] Register NMethod: java.lang.invoke.AbstractValidatingLambdaMetafactory.isAdaptableToAsReturnStrict (0x000074b1938f7d88) [0x000074b1938f7e80, 0x000074b1938f87a8] Compiler: c1, Barriers: 0, Oops: 1, ImmediateOops: 2, NonImmediateOops: No
[2,917s][debug][gc,nmethod  ] Register NMethod: java.lang.Character.isHighSurrogate (0x000074b1938f8808) [0x000074b1938f8900, 0x000074b1938f8a60] Compiler: c1, Barriers: 0, Oops: 0, ImmediateOops: 0, NonImmediateOops: No
[2,917s][debug][gc,nmethod  ] Register NMethod: java.lang.Character.codePointAt (0x000074b1938f8b08) [0x000074b1938f8c00, 0x000074b1938f95d0] Compiler: c1, Barriers: 0, Oops: 0, ImmediateOops: 0, NonImmediateOops: No
[2,917s][debug][gc,nmethod  ] Register NMethod: java.lang.invoke.InnerClassLambdaMetafactory.spinInnerClass (0x000074b1938f9608) [0x000074b1938f9700, 0x000074b1938f9978] Compiler: c1, Barriers: 0, Oops: 0, ImmediateOops: 0, NonImmediateOops: No
[2,917s][debug][gc,nmethod  ] Register NMethod: jdk.internal.misc.CDS.isUsingArchive (0x000074b1938f9988) [0x000074b1938f9a80, 0x000074b1938f9b78] Compiler: c1, Barriers: 0, Oops: 0, ImmediateOops: 0, NonImmediateOops: No
[2,918s][debug][gc,nmethod  ] Register NMethod: java.lang.invoke.InnerClassLambdaMetafactory.lambdaClassName (0x000074b1938f9c88) [0x000074b1938f9d80, 0x000074b1938fcb18] Compiler: c1, Barriers: 6, Oops: 1, ImmediateOops: 8, NonImmediateOops: No
[2,918s][debug][gc,nmethod  ] Register NMethod: java.lang.invoke.InnerClassLambdaMetafactory.buildCallSite (0x000074b1938fcb88) [0x000074b1938fcc80, 0x000074b1938fec28] Compiler: c1, Barriers: 16, Oops: 1, ImmediateOops: 6, NonImmediateOops: No
[2,918s][debug][gc,nmethod  ] Register NMethod: java.lang.invoke.InnerClassLambdaMetafactory$1.<init> (0x000074b1938fec88) [0x000074b1938fed80, 0x000074b1938ff118] Compiler: c1, Barriers: 6, Oops: 0, ImmediateOops: 0, NonImmediateOops: No
[2,918s][debug][gc,nmethod  ] Register NMethod: java.lang.invoke.InnerClassLambdaMetafactory$1.accept (0x000074b1938ff188) [0x000074b1938ff280, 0x000074b1938ff5e8] Compiler: c1, Barriers: 0, Oops: 0, ImmediateOops: 0, NonImmediateOops: No
[2,918s][debug][gc,nmethod  ] Register NMethod: jdk.internal.access.SharedSecrets.getJavaUtilCollectionAccess (0x000074b1938ff608) [0x000074b1938ff700, 0x000074b1938ff990] Compiler: c1, Barriers: 2, Oops: 1, ImmediateOops: 3, NonImmediateOops: No
[2,918s][debug][gc,nmethod  ] Register NMethod: java.lang.classfile.ClassBuilder.withInterfaceSymbols (0x000074b1938ffa08) [0x000074b1938ffb00, 0x000074b193900608] Compiler: c1, Barriers: 3, Oops: 0, ImmediateOops: 0, NonImmediateOops: No
[2,918s][debug][gc,nmethod  ] Register NMethod: java.util.ImmutableCollections$Access$1.listFromTrustedArray (0x000074b193900688) [0x000074b193900780, 0x000074b1939008b0] Compiler: c1, Barriers: 0, Oops: 0, ImmediateOops: 0, NonImmediateOops: No
[2,918s][debug][gc,nmethod  ] Register NMethod: java.lang.invoke.InnerClassLambdaMetafactory$3.accept (0x000074b193900988) [0x000074b193900a80, 0x000074b193900de8] Compiler: c1, Barriers: 0, Oops: 0, ImmediateOops: 0, NonImmediateOops: No
[2,918s][debug][gc,nmethod  ] Register NMethod: java.lang.invoke.InnerClassLambdaMetafactory$3.<init> (0x000074b193900e08) [0x000074b193900f00, 0x000074b193901228] Compiler: c1, Barriers: 3, Oops: 0, ImmediateOops: 0, NonImmediateOops: No
[2,918s][debug][gc,nmethod  ] Register NMethod: java.lang.invoke.InnerClassLambdaMetafactory.generateConstructor (0x000074b193901288) [0x000074b193901380, 0x000074b1939018f8] Compiler: c1, Barriers: 4, Oops: 1, ImmediateOops: 1, NonImmediateOops: No
[2,919s][debug][gc,nmethod  ] Register NMethod: java.lang.invoke.InnerClassLambdaMetafactory.forwardingMethod (0x000074b193901908) [0x000074b193901a00, 0x000074b193901d68] Compiler: c1, Barriers: 6, Oops: 0, ImmediateOops: 0, NonImmediateOops: No
[2,919s][debug][gc,nmethod  ] Register NMethod: java.lang.invoke.InnerClassLambdaMetafactory$6.<init> (0x000074b193901d88) [0x000074b193901e80, 0x000074b193902210] Compiler: c1, Barriers: 6, Oops: 0, ImmediateOops: 0, NonImmediateOops: No
[2,919s][debug][gc,nmethod  ] Register NMethod: java.lang.invoke.InnerClassLambdaMetafactory$6.accept (0x000074b193902288) [0x000074b193902380, 0x000074b1939026e8] Compiler: c1, Barriers: 0, Oops: 0, ImmediateOops: 0, NonImmediateOops: No
[2,919s][debug][gc,nmethod  ] Register NMethod: java.lang.invoke.MethodHandles$Lookup.makeHiddenClassDefiner (0x000074b193902708) [0x000074b193902800, 0x000074b193902aa8] Compiler: c1, Barriers: 0, Oops: 0, ImmediateOops: 0, NonImmediateOops: No
[2,919s][debug][gc,nmethod  ] Register NMethod: java.lang.invoke.InnerClassLambdaMetafactory.invocationOpcode (0x000074b193902b08) [0x000074b193902c00, 0x000074b193903aa8] Compiler: c1, Barriers: 0, Oops: 1, ImmediateOops: 7, NonImmediateOops: No
[2,919s][debug][gc,nmethod  ] Register NMethod: java.lang.invoke.MethodHandles$Lookup.findConstructor (0x000074b193903b08) [0x000074b193903c00, 0x000074b193905128] Compiler: c1, Barriers: 2, Oops: 1, ImmediateOops: 3, NonImmediateOops: No
[2,919s][debug][gc,nmethod  ] Register NMethod: java.lang.invoke.DirectMethodHandle$Holder.invokeStatic (0x000074b193905188) [0x000074b193905280, 0x000074b193905658] Compiler: c1, Barriers: 1, Oops: 0, ImmediateOops: 0, NonImmediateOops: No
[2,919s][debug][gc,nmethod  ] Register NMethod: java.nio.Buffer.limit (0x000074b193905688) [0x000074b193905780, 0x000074b1939059f0] Compiler: c1, Barriers: 0, Oops: 0, ImmediateOops: 0, NonImmediateOops: No
[2,920s][debug][gc,nmethod  ] Register NMethod: java.lang.invoke.LambdaMetafactory.metafactory (0x000074b193905a08) [0x000074b193905b00, 0x000074b1939066b8] Compiler: c1, Barriers: 0, Oops: 0, ImmediateOops: 2, NonImmediateOops: No
[2,921s][debug][gc,nmethod  ] Register NMethod: jdk.internal.loader.BuiltinClassLoader.isSealed (0x000074b193906708) [0x000074b193906800, 0x000074b19390a2b0] Compiler: c1, Barriers: 10, Oops: 3, ImmediateOops: 15, NonImmediateOops: No
[2,923s][debug][gc,nmethod  ] Register NMethod: jdk.internal.classfile.impl.SplitConstantPool.utf8Entry (0x000074b1b2c6c888) [0x000074b1b2c6c9a0, 0x000074b1b2c6ddf8] Compiler: jvmci, Barriers: 31, Oops: 0, ImmediateOops: 2, NonImmediateOops: No
[2,925s][debug][gc,nmethod  ] Register NMethod: jdk.internal.classfile.impl.AbstractPoolEntry$Utf8EntryImpl.<init> (0x000074b19390a308) [0x000074b19390a400, 0x000074b19390a9b8] Compiler: c1, Barriers: 23, Oops: 0, ImmediateOops: 0, NonImmediateOops: No
[2,925s][debug][gc,nmethod  ] Register NMethod: jdk.internal.classfile.impl.SplitConstantPool.tryFindUtf8 (0x000074b19390aa08) [0x000074b19390ab00, 0x000074b19390bf28] Compiler: c1, Barriers: 1, Oops: 0, ImmediateOops: 0, NonImmediateOops: No
[2,926s][debug][gc,director ] Rule Major: Warmup 10%, Used: 86MB, UsedThreshold: 1228MB
[2,929s][debug][gc,nmethod  ] Register NMethod: jdk.internal.classfile.impl.AbstractPoolEntry$Utf8EntryImpl.mayBeArrayDescriptor (0x000074b19390bf88) [0x000074b19390c080, 0x000074b19390c560] Compiler: c1, Barriers: 2, Oops: 0, ImmediateOops: 1, NonImmediateOops: No
[2,930s][debug][gc,nmethod  ] Register NMethod: java.lang.invoke.LambdaForm$MH/0x0000000061085000.invoke (0x000074b19390c588) [0x000074b19390c680, 0x000074b19390d1e0] Compiler: c1, Barriers: 2, Oops: 1, ImmediateOops: 0, NonImmediateOops: No
[2,930s][debug][gc,nmethod  ] Register NMethod: jdk.internal.classfile.impl.Util.descriptorStringHash (0x000074b19390d208) [0x000074b19390d300, 0x000074b19390f8e8] Compiler: c1, Barriers: 4, Oops: 1, ImmediateOops: 9, NonImmediateOops: No
[2,932s][debug][gc,nmethod  ] Register NMethod: sun.invoke.util.VerifyAccess.getClassModifiers (0x000074b19390f908) [0x000074b19390fa00, 0x000074b1939101e0] Compiler: c1, Barriers: 1, Oops: 0, ImmediateOops: 0, NonImmediateOops: No
[2,932s][debug][gc,nmethod  ] Register NMethod: java.util.ArrayList.add (0x000074b1b2c6de08) [0x000074b1b2c6df00, 0x000074b1b2c6e658] Compiler: jvmci, Barriers: 16, Oops: 0, ImmediateOops: 1, NonImmediateOops: No
[2,933s][debug][gc,nmethod  ] Register NMethod: org.junit.platform.commons.util.AnnotationUtils.findRepeatableAnnotations (0x000074b193910208) [0x000074b193910300, 0x000074b193917168] Compiler: c1, Barriers: 21, Oops: 8, ImmediateOops: 21, NonImmediateOops: No
[2,933s][debug][gc,nmethod  ] Register NMethod: jdk.internal.classfile.impl.AbstractPoolEntry$AbstractNamedEntry.asInternalName (0x000074b193917208) [0x000074b193917300, 0x000074b193917a50] Compiler: c1, Barriers: 1, Oops: 0, ImmediateOops: 0, NonImmediateOops: No
[2,933s][debug][gc,nmethod  ] Register NMethod: jdk.internal.classfile.impl.AbstractPoolEntry$ClassEntryImpl.asInternalName (0x000074b193917a88) [0x000074b193917b80, 0x000074b193918330] Compiler: c1, Barriers: 1, Oops: 0, ImmediateOops: 0, NonImmediateOops: No
[2,933s][debug][gc,nmethod  ] Register NMethod: jdk.internal.classfile.impl.AbstractPoolEntry$ClassEntryImpl.clone (0x000074b193918388) [0x000074b193918480, 0x000074b193918ba0] Compiler: c1, Barriers: 0, Oops: 0, ImmediateOops: 0, NonImmediateOops: No
[2,933s][debug][gc,nmethod  ] Register NMethod: jdk.internal.classfile.impl.AbstractPoolEntry$ClassEntryImpl.clone (0x000074b193918c08) [0x000074b193918d00, 0x000074b193919200] Compiler: c1, Barriers: 0, Oops: 0, ImmediateOops: 0, NonImmediateOops: No
[2,934s][debug][gc,nmethod  ] Register NMethod: jdk.internal.classfile.impl.SplitConstantPool.cloneClassEntry (0x000074b193919208) [0x000074b193919300, 0x000074b19391a428] Compiler: c1, Barriers: 8, Oops: 0, ImmediateOops: 0, NonImmediateOops: No
[2,935s][debug][gc,nmethod  ] Register NMethod: jdk.internal.classfile.impl.DirectClassBuilder.build (0x000074b19391a488) [0x000074b19391a580, 0x000074b193922820] Compiler: c1, Barriers: 26, Oops: 2, ImmediateOops: 6, NonImmediateOops: No
[2,935s][debug][gc,nmethod  ] Register NMethod: java.util.ArrayList.toArray (0x000074b193922888) [0x000074b193922980, 0x000074b193922d60] Compiler: c1, Barriers: 2, Oops: 0, ImmediateOops: 0, NonImmediateOops: No
[2,936s][debug][gc,nmethod  ] Register NMethod: sun.reflect.annotation.AnnotationInvocationHandler.hashCodeImpl (0x000074b1b2c6e688) [0x000074b1b2c6e780, 0x000074b1b2c6f370] Compiler: jvmci, Barriers: 19, Oops: 2, ImmediateOops: 0, NonImmediateOops: No
[2,936s][debug][gc,nmethod  ] Register NMethod: java.util.ArrayList.addAll (0x000074b193922d88) [0x000074b193922e80, 0x000074b193923420] Compiler: c1, Barriers: 1, Oops: 0, ImmediateOops: 0, NonImmediateOops: No
[2,936s][debug][gc,director ] Rule Major: Warmup 10%, Used: 88MB, UsedThreshold: 1228MB
[2,939s][debug][gc,nmethod  ] Register NMethod: java.lang.invoke.MethodHandle.keepsAlive (0x000074b193923488) [0x000074b193923580, 0x000074b193924548] Compiler: c1, Barriers: 5, Oops: 0, ImmediateOops: 4, NonImmediateOops: No
[2,939s][debug][gc,nmethod  ] Register NMethod: java.lang.invoke.MethodHandle.getApproximateCommonClassLoader (0x000074b193924588) [0x000074b193924680, 0x000074b1939257d0] Compiler: c1, Barriers: 6, Oops: 0, ImmediateOops: 4, NonImmediateOops: No
[2,939s][debug][gc,nmethod  ] Register NMethod: java.lang.invoke.MethodHandleImpl.computeValueConversions (0x000074b193925808) [0x000074b193925900, 0x000074b193926be0] Compiler: c1, Barriers: 10, Oops: 0, ImmediateOops: 0, NonImmediateOops: No
[2,939s][debug][gc,nmethod  ] Register NMethod: java.lang.invoke.MethodHandleImpl.countNonNull (0x000074b193926c08) [0x000074b193926d00, 0x000074b193926f48] Compiler: c1, Barriers: 1, Oops: 0, ImmediateOops: 0, NonImmediateOops: No
[2,940s][debug][gc,nmethod  ] Register NMethod: java.lang.invoke.MethodHandle.setAsTypeCache (0x000074b193926f88) [0x000074b193927080, 0x000074b193927958] Compiler: c1, Barriers: 14, Oops: 0, ImmediateOops: 2, NonImmediateOops: No
[2,940s][debug][gc,nmethod  ] Register NMethod: java.util.regex.Pattern.lambda$ALL$0 (0x000074b1b2c6f388) [0x000074b1b2c6f480, 0x000074b1b2c6f520] Compiler: c1, Barriers: 0, Oops: 0, ImmediateOops: 0, NonImmediateOops: No
[2,940s][debug][gc,nmethod  ] Register NMethod: java.lang.invoke.MethodHandle.asTypeUncached (0x000074b193927988) [0x000074b193927a80, 0x000074b1939296b0] Compiler: c1, Barriers: 1, Oops: 2, ImmediateOops: 4, NonImmediateOops: No
[2,941s][debug][gc,nmethod  ] Register NMethod: java.lang.invoke.MethodType.isConvertibleTo (0x000074b193929708) [0x000074b193929800, 0x000074b19392ad60] Compiler: c1, Barriers: 12, Oops: 0, ImmediateOops: 0, NonImmediateOops: No
[2,941s][debug][gc,nmethod  ] Register NMethod: java.lang.invoke.MethodHandleImpl.makePairwiseConvert (0x000074b19392ad88) [0x000074b19392ae80, 0x000074b19392af98] Compiler: c1, Barriers: 0, Oops: 0, ImmediateOops: 0, NonImmediateOops: No
[2,941s][debug][gc,nmethod  ] Register NMethod: java.lang.invoke.MethodHandle.isSafeToCache (0x000074b19392b088) [0x000074b19392b180, 0x000074b19392b328] Compiler: c1, Barriers: 1, Oops: 0, ImmediateOops: 0, NonImmediateOops: No
[2,941s][debug][gc,nmethod  ] Register NMethod: java.lang.invoke.MethodHandleImpl.makePairwiseConvert (0x000074b19392b388) [0x000074b19392b480, 0x000074b19392b7f0] Compiler: c1, Barriers: 1, Oops: 0, ImmediateOops: 0, NonImmediateOops: No
[2,941s][debug][gc,nmethod  ] Register NMethod: java.util.regex.Pattern$$Lambda/0x0000000061110720.is (0x000074b19392b808) [0x000074b19392b900, 0x000074b19392ba60] Compiler: c1, Barriers: 0, Oops: 0, ImmediateOops: 0, NonImmediateOops: No
[2,942s][debug][gc,nmethod  ] Register NMethod: java.util.LinkedHashMap.entrySet (0x000074b1b2c6f688) [0x000074b1b2c6f780, 0x000074b1b2c6f9a8] Compiler: jvmci, Barriers: 6, Oops: 0, ImmediateOops: 0, NonImmediateOops: No
[2,942s][debug][gc,nmethod  ] Register NMethod: java.util.Optional.isEmpty (0x000074b19392bb08) [0x000074b19392bc00, 0x000074b19392bd80] Compiler: c1, Barriers: 1, Oops: 0, ImmediateOops: 0, NonImmediateOops: No
[2,942s][debug][gc,nmethod  ] Register NMethod: java.lang.Module.isExplicitlyExportedOrOpened (0x000074b19392be08) [0x000074b19392bf00, 0x000074b19392ca90] Compiler: c1, Barriers: 2, Oops: 0, ImmediateOops: 0, NonImmediateOops: No
[2,943s][debug][gc,nmethod  ] Register NMethod: java.lang.invoke.MethodHandle.invokeBasic (0x000074b1b2c6fa08) [0x000074b1b2c6fb00, 0x000074b1b2c6fd98] Compiler: , Barriers: 0, Oops: 0, ImmediateOops: 0, NonImmediateOops: No
[2,943s][debug][gc,nmethod  ] Register NMethod: jdk.internal.classfile.impl.BufWriterImpl.writeU1U2 (0x000074b1b2c6fe08) [0x000074b1b2c6ff00, 0x000074b1b2c70400] Compiler: jvmci, Barriers: 4, Oops: 0, ImmediateOops: 0, NonImmediateOops: No
[2,943s][debug][gc,nmethod  ] Register NMethod: java.lang.invoke.MethodHandleImpl.makePairwiseConvertByEditor (0x000074b19392cb08) [0x000074b19392cc00, 0x000074b193937d78] Compiler: c1, Barriers: 43, Oops: 3, ImmediateOops: 15, NonImmediateOops: No
[2,943s][debug][gc,nmethod  ] Register NMethod: java.lang.invoke.MethodHandleStatics.dumper (0x000074b193937e08) [0x000074b193937f00, 0x000074b193937fe8] Compiler: c1, Barriers: 0, Oops: 0, ImmediateOops: 1, NonImmediateOops: No
[2,944s][debug][gc,nmethod  ] Register NMethod: java.lang.invoke.LambdaFormBuffer.ownedCount (0x000074b193938108) [0x000074b193938200, 0x000074b193938308] Compiler: c1, Barriers: 0, Oops: 0, ImmediateOops: 0, NonImmediateOops: No
[2,944s][debug][gc,nmethod  ] Register NMethod: java.lang.invoke.InvokerBytecodeGenerator.emitStoreResult (0x000074b193938408) [0x000074b193938500, 0x000074b193938bb8] Compiler: c1, Barriers: 3, Oops: 0, ImmediateOops: 1, NonImmediateOops: No
[2,944s][debug][gc,nmethod  ] Register NMethod: java.lang.invoke.LambdaForm$NamedFunction.intrinsicName (0x000074b193938c08) [0x000074b193938d00, 0x000074b1939390a8] Compiler: c1, Barriers: 1, Oops: 0, ImmediateOops: 1, NonImmediateOops: No
[2,945s][debug][gc,nmethod  ] Register NMethod: java.lang.invoke.MethodHandle.linkToSpecial (0x000074b1b2c70408) [0x000074b1b2c70500, 0x000074b1b2c705f8] Compiler: , Barriers: 0, Oops: 0, ImmediateOops: 0, NonImmediateOops: No
[2,945s][debug][gc,nmethod  ] Register NMethod: java.lang.invoke.InvokerBytecodeGenerator.emitPushArguments (0x000074b193939108) [0x000074b193939200, 0x000074b193939e20] Compiler: c1, Barriers: 12, Oops: 0, ImmediateOops: 0, NonImmediateOops: No
[2,945s][debug][gc,nmethod  ] Register NMethod: java.lang.invoke.LambdaForm$NamedFunction.member (0x000074b193939e88) [0x000074b193939f80, 0x000074b19393a0c0] Compiler: c1, Barriers: 1, Oops: 0, ImmediateOops: 0, NonImmediateOops: No
[2,945s][debug][gc,nmethod  ] Register NMethod: java.lang.invoke.MemberName.isPrivate (0x000074b19393a188) [0x000074b19393a280, 0x000074b19393a430] Compiler: c1, Barriers: 0, Oops: 0, ImmediateOops: 0, NonImmediateOops: No
[2,945s][debug][gc,nmethod  ] Register NMethod: java.lang.invoke.MethodHandle.linkToSpecial (0x000074b1b2c70708) [0x000074b1b2c70800, 0x000074b1b2c708f8] Compiler: , Barriers: 0, Oops: 0, ImmediateOops: 0, NonImmediateOops: No
[2,946s][debug][gc,nmethod  ] Register NMethod: java.lang.invoke.MethodHandle.linkToInterface (0x000074b1b2c70a08) [0x000074b1b2c70b00, 0x000074b1b2c70c30] Compiler: , Barriers: 0, Oops: 0, ImmediateOops: 0, NonImmediateOops: No
[2,946s][debug][gc,director ] Rule Major: Warmup 10%, Used: 90MB, UsedThreshold: 1228MB
[2,946s][debug][gc,nmethod  ] Register NMethod: java.lang.invoke.InvokerBytecodeGenerator.isStaticallyInvocable (0x000074b19393a488) [0x000074b19393a580, 0x000074b19393d478] Compiler: c1, Barriers: 4, Oops: 0, ImmediateOops: 3, NonImmediateOops: No
[2,946s][debug][gc,nmethod  ] Register NMethod: jdk.internal.classfile.impl.DirectCodeBuilder.localAccess (0x000074b19393d488) [0x000074b19393d580, 0x000074b193940480] Compiler: c1, Barriers: 8, Oops: 1, ImmediateOops: 13, NonImmediateOops: No
[2,947s][debug][gc,nmethod  ] Register NMethod: java.lang.invoke.InvokerBytecodeGenerator.emitStaticInvoke (0x000074b193940508) [0x000074b193940600, 0x000074b193942ce8] Compiler: c1, Barriers: 9, Oops: 0, ImmediateOops: 2, NonImmediateOops: No
[2,947s][debug][gc,nmethod  ] Register NMethod: jdk.internal.classfile.impl.DirectCodeBuilder.astore (0x000074b193942d08) [0x000074b193942e00, 0x000074b1939431f0] Compiler: c1, Barriers: 1, Oops: 0, ImmediateOops: 0, NonImmediateOops: No
[2,947s][debug][gc,nmethod  ] Register NMethod: java.lang.invoke.InvokerBytecodeGenerator.refKindOpcode (0x000074b193943208) [0x000074b193943300, 0x000074b193944220] Compiler: c1, Barriers: 0, Oops: 1, ImmediateOops: 10, NonImmediateOops: No
[2,950s][debug][gc,nmethod  ] Register NMethod: java.lang.invoke.MethodHandles$Lookup.resolveOrFail (0x000074b193944288) [0x000074b193944380, 0x000074b193946170] Compiler: c1, Barriers: 7, Oops: 1, ImmediateOops: 3, NonImmediateOops: No
[2,951s][debug][gc,nmethod  ] Register NMethod: java.lang.invoke.MethodHandles$Lookup.getDirectMethodForConstant (0x000074b193946188) [0x000074b193946280, 0x000074b1939483b8] Compiler: c1, Barriers: 0, Oops: 1, ImmediateOops: 4, NonImmediateOops: No
[2,953s][debug][gc,nmethod  ] Register NMethod: java.util.Objects.equals (0x000074b193948408) [0x000074b193948500, 0x000074b193948888] Compiler: c1, Barriers: 0, Oops: 0, ImmediateOops: 0, NonImmediateOops: No
[2,953s][debug][gc,nmethod  ] Register NMethod: java.lang.invoke.MethodHandles$Lookup.canBeCached (0x000074b193948908) [0x000074b193948a00, 0x000074b19394b240] Compiler: c1, Barriers: 8, Oops: 1, ImmediateOops: 1, NonImmediateOops: No
[2,954s][debug][gc,nmethod  ] Register NMethod: java.lang.invoke.DirectMethodHandle.shouldBeInitialized (0x000074b19394b288) [0x000074b19394b380, 0x000074b19394c4b8] Compiler: c1, Barriers: 1, Oops: 1, ImmediateOops: 9, NonImmediateOops: No
[2,954s][debug][gc,nmethod  ] Register NMethod: java.util.Spliterators$ArraySpliterator.<init> (0x000074b19394c508) [0x000074b19394c600, 0x000074b19394c7f8] Compiler: c1, Barriers: 3, Oops: 0, ImmediateOops: 0, NonImmediateOops: No
[2,956s][debug][gc,nmethod  ] Register NMethod: jdk.internal.classfile.impl.Util.isDoubleSlot (0x000074b1b2c70d08) [0x000074b1b2c70e00, 0x000074b1b2c70eb8] Compiler: jvmci, Barriers: 0, Oops: 0, ImmediateOops: 2, NonImmediateOops: No
[2,956s][debug][gc,nmethod  ] Register NMethod: java.lang.reflect.Proxy.newProxyInstance (0x000074b19394c808) [0x000074b19394c900, 0x000074b19394cb98] Compiler: c1, Barriers: 0, Oops: 0, ImmediateOops: 0, NonImmediateOops: No
[2,956s][debug][gc,nmethod  ] Register NMethod: java.lang.reflect.Proxy.<init> (0x000074b19394cc08) [0x000074b19394cd00, 0x000074b19394d020] Compiler: c1, Barriers: 3, Oops: 0, ImmediateOops: 0, NonImmediateOops: No
[2,956s][debug][gc,director ] Rule Major: Warmup 10%, Used: 90MB, UsedThreshold: 1228MB
[2,956s][debug][gc,nmethod  ] Register NMethod: java.lang.reflect.Proxy.newProxyInstance (0x000074b19394d088) [0x000074b19394d180, 0x000074b19394e6d0] Compiler: c1, Barriers: 3, Oops: 0, ImmediateOops: 0, NonImmediateOops: No
[2,957s][debug][gc,nmethod  ] Register NMethod: java.lang.reflect.Proxy.getProxyConstructor (0x000074b19394e708) [0x000074b19394e800, 0x000074b1939504d8] Compiler: c1, Barriers: 16, Oops: 3, ImmediateOops: 8, NonImmediateOops: No
[2,959s][debug][gc,nmethod  ] Register NMethod: java.lang.invoke.MethodHandle.linkToStatic (0x000074b1b2c71008) [0x000074b1b2c71100, 0x000074b1b2c711f0] Compiler: , Barriers: 0, Oops: 0, ImmediateOops: 0, NonImmediateOops: No
[2,960s][debug][gc,nmethod  ] Register NMethod: java.util.Optional.of (0x000074b193950508) [0x000074b193950600, 0x000074b1939509a8] Compiler: c1, Barriers: 3, Oops: 0, ImmediateOops: 0, NonImmediateOops: No
[2,960s][debug][gc,nmethod  ] Register NMethod: java.lang.Character.isLowSurrogate (0x000074b193950a08) [0x000074b193950b00, 0x000074b193950c60] Compiler: c1, Barriers: 0, Oops: 0, ImmediateOops: 0, NonImmediateOops: No
[2,960s][debug][gc,nmethod  ] Register NMethod: java.util.regex.Pattern$GroupTail.match (0x000074b193950d08) [0x000074b193950e00, 0x000074b193951398] Compiler: c1, Barriers: 4, Oops: 0, ImmediateOops: 0, NonImmediateOops: No
[2,960s][debug][gc,nmethod  ] Register NMethod: java.util.stream.Collectors$$Lambda/0x000000006110f528.accept (0x000074b193951408) [0x000074b193951500, 0x000074b193951cf0] Compiler: c1, Barriers: 4, Oops: 0, ImmediateOops: 0, NonImmediateOops: No
[2,961s][debug][gc,nmethod  ] Register NMethod: java.util.Optional.map (0x000074b193951d08) [0x000074b193951e00, 0x000074b1939527e8] Compiler: c1, Barriers: 4, Oops: 0, ImmediateOops: 2, NonImmediateOops: No
[2,961s][debug][gc,nmethod  ] Register NMethod: java.lang.Character.codePointBefore (0x000074b193952808) [0x000074b193952900, 0x000074b1939530c8] Compiler: c1, Barriers: 0, Oops: 0, ImmediateOops: 0, NonImmediateOops: No
[2,961s][debug][gc,nmethod  ] Register NMethod: java.util.regex.Pattern$BmpCharProperty.match (0x000074b193953108) [0x000074b193953200, 0x000074b193953a98] Compiler: c1, Barriers: 2, Oops: 0, ImmediateOops: 0, NonImmediateOops: No
[2,961s][debug][gc,nmethod  ] Register NMethod: jdk.internal.misc.Unsafe.putInt (0x000074b1b2c71308) [0x000074b1b2c71400, 0x000074b1b2c71558] Compiler: , Barriers: 0, Oops: 0, ImmediateOops: 0, NonImmediateOops: No
[2,963s][debug][gc,nmethod  ] Register NMethod: java.lang.invoke.MethodHandle.asTypeCached (0x000074b193953b08) [0x000074b193953c00, 0x000074b193954320] Compiler: c1, Barriers: 4, Oops: 0, ImmediateOops: 0, NonImmediateOops: No
[2,966s][debug][gc,director ] Rule Major: Warmup 10%, Used: 90MB, UsedThreshold: 1228MB
[2,967s][debug][gc,nmethod  ] Register NMethod: java.lang.invoke.MethodHandle.linkToStatic (0x000074b1b2c71608) [0x000074b1b2c71700, 0x000074b1b2c717f0] Compiler: , Barriers: 0, Oops: 0, ImmediateOops: 0, NonImmediateOops: No
[2,968s][debug][gc,nmethod  ] Register NMethod: java.lang.invoke.MethodHandle.linkToSpecial (0x000074b1b2c71908) [0x000074b1b2c71a00, 0x000074b1b2c71af8] Compiler: , Barriers: 0, Oops: 0, ImmediateOops: 0, NonImmediateOops: No
[2,968s][debug][gc,nmethod  ] Register NMethod: java.lang.invoke.MethodHandle.invokeBasic (0x000074b1b2c71c08) [0x000074b1b2c71d00, 0x000074b1b2c71f98] Compiler: , Barriers: 0, Oops: 0, ImmediateOops: 0, NonImmediateOops: No
[2,968s][debug][gc,nmethod  ] Register NMethod: java.lang.invoke.MethodHandle.linkToSpecial (0x000074b1b2c72008) [0x000074b1b2c72100, 0x000074b1b2c721f8] Compiler: , Barriers: 0, Oops: 0, ImmediateOops: 0, NonImmediateOops: No
[2,970s][debug][gc,nmethod  ] Register NMethod: java.lang.String.hashCode (0x000074b193954388) [0x000074b193954480, 0x000074b193954aa8] Compiler: c1, Barriers: 2, Oops: 0, ImmediateOops: 0, NonImmediateOops: No
[2,971s][debug][gc,nmethod  ] Register NMethod: java.util.HashMap.entrySet (0x000074b193954b08) [0x000074b193954c00, 0x000074b1939550c8] Compiler: c1, Barriers: 7, Oops: 0, ImmediateOops: 0, NonImmediateOops: No
[2,971s][debug][gc,nmethod  ] Register NMethod: java.util.HashMap$EntrySet.iterator (0x000074b193955108) [0x000074b193955200, 0x000074b193955580] Compiler: c1, Barriers: 1, Oops: 0, ImmediateOops: 0, NonImmediateOops: No
[2,971s][debug][gc,nmethod  ] Register NMethod: java.util.HashMap$EntryIterator.<init> (0x000074b193955588) [0x000074b193955680, 0x000074b193955900] Compiler: c1, Barriers: 0, Oops: 0, ImmediateOops: 0, NonImmediateOops: No
[2,973s][debug][gc,nmethod  ] Register NMethod: java.util.Arrays.fill (0x000074b1b2c72308) [0x000074b1b2c72400, 0x000074b1b2c72598] Compiler: jvmci, Barriers: 3, Oops: 0, ImmediateOops: 0, NonImmediateOops: No
[2,977s][debug][gc,director ] Rule Major: Warmup 10%, Used: 92MB, UsedThreshold: 1228MB
[2,987s][debug][gc,director ] Rule Major: Warmup 10%, Used: 92MB, UsedThreshold: 1228MB
[2,988s][debug][gc,nmethod  ] Register NMethod: java.lang.AbstractStringBuilder.append (0x000074b1b2c72608) [0x000074b1b2c72700, 0x000074b1b2c72f30] Compiler: jvmci, Barriers: 4, Oops: 0, ImmediateOops: 0, NonImmediateOops: No
[2,992s][debug][gc,nmethod  ] Register NMethod: jdk.internal.classfile.impl.StackMapGenerator.processBlock (0x000074b1b2c72f88) [0x000074b1b2c73080, 0x000074b1b2c75070] Compiler: jvmci, Barriers: 52, Oops: 3, ImmediateOops: 6, NonImmediateOops: No
[2,992s][debug][gc,nmethod  ] Register NMethod: java.lang.String.indexOf (0x000074b1b2c75108) [0x000074b1b2c75200, 0x000074b1b2c754e0] Compiler: jvmci, Barriers: 2, Oops: 0, ImmediateOops: 0, NonImmediateOops: No
[2,994s][debug][gc,nmethod  ] Register NMethod: java.util.zip.ZipEntry.getName (0x000074b1b2c75508) [0x000074b1b2c75600, 0x000074b1b2c756e8] Compiler: c1, Barriers: 1, Oops: 0, ImmediateOops: 0, NonImmediateOops: No
[2,997s][debug][gc,director ] Rule Major: Warmup 10%, Used: 94MB, UsedThreshold: 1228MB
[2,998s][debug][gc,nmethod  ] Register NMethod: kotlin.jvm.internal.Intrinsics.checkParameterIsNotNull (0x000074b193955908) [0x000074b193955a00, 0x000074b1939561e8] Compiler: c1, Barriers: 1, Oops: 2, ImmediateOops: 2, NonImmediateOops: No
[2,998s][debug][gc,nmethod  ] Register NMethod: java.util.LinkedHashMap.<init> (0x000074b193956208) [0x000074b193956300, 0x000074b193956530] Compiler: c1, Barriers: 0, Oops: 0, ImmediateOops: 0, NonImmediateOops: No
[2,998s][debug][gc,nmethod  ] Register NMethod: java.io.FileInputStream.readBytes (0x000074b1b2c75808) [0x000074b1b2c75900, 0x000074b1b2c75a68] Compiler: , Barriers: 0, Oops: 0, ImmediateOops: 0, NonImmediateOops: No
[3,007s][debug][gc,director ] Rule Major: Warmup 10%, Used: 94MB, UsedThreshold: 1228MB
[3,012s][debug][gc,nmethod  ] Register NMethod: java.lang.ClassLoader.checkName (0x000074b1b2c75b08) [0x000074b1b2c75c00, 0x000074b1b2c75d88] Compiler: jvmci, Barriers: 1, Oops: 0, ImmediateOops: 0, NonImmediateOops: No
[3,018s][debug][gc,director ] Rule Major: Warmup 10%, Used: 94MB, UsedThreshold: 1228MB
[3,020s][debug][gc,nmethod  ] Register NMethod: jdk.internal.classfile.impl.Util.paramSlotSize (0x000074b193956588) [0x000074b193956680, 0x000074b1939568b0] Compiler: c1, Barriers: 0, Oops: 0, ImmediateOops: 2, NonImmediateOops: No
[3,021s][debug][gc,nmethod  ] Register NMethod: java.util.stream.StreamSpliterators$AbstractWrappingSpliterator.init (0x000074b193956908) [0x000074b193956a00, 0x000074b1939570b8] Compiler: c1, Barriers: 8, Oops: 0, ImmediateOops: 0, NonImmediateOops: No
[3,022s][debug][gc,nmethod  ] Register NMethod: java.lang.invoke.MethodType.methodType (0x000074b193957108) [0x000074b193957200, 0x000074b1939573b0] Compiler: c1, Barriers: 0, Oops: 0, ImmediateOops: 2, NonImmediateOops: No
[3,023s][debug][gc,nmethod  ] Register NMethod: java.util.Arrays.spliterator (0x000074b193957408) [0x000074b193957500, 0x000074b193957618] Compiler: c1, Barriers: 0, Oops: 0, ImmediateOops: 0, NonImmediateOops: No
[3,023s][debug][gc,nmethod  ] Register NMethod: java.util.Arrays.stream (0x000074b193957708) [0x000074b193957800, 0x000074b193957a18] Compiler: c1, Barriers: 0, Oops: 0, ImmediateOops: 0, NonImmediateOops: No
[3,023s][debug][gc,nmethod  ] Register NMethod: java.util.Arrays.stream (0x000074b193957a88) [0x000074b193957b80, 0x000074b193957d28] Compiler: c1, Barriers: 0, Oops: 0, ImmediateOops: 0, NonImmediateOops: No
[3,024s][debug][gc,nmethod  ] Register NMethod: java.util.Spliterators.spliterator (0x000074b193957d88) [0x000074b193957e80, 0x000074b1939581b0] Compiler: c1, Barriers: 0, Oops: 0, ImmediateOops: 0, NonImmediateOops: No
[3,024s][debug][gc,nmethod  ] Register NMethod: java.util.Spliterators.checkFromToBounds (0x000074b193958208) [0x000074b193958300, 0x000074b1939598e8] Compiler: c1, Barriers: 0, Oops: 3, ImmediateOops: 4, NonImmediateOops: No
[3,026s][debug][gc,nmethod  ] Register NMethod: java.util.Spliterators$ArraySpliterator.estimateSize (0x000074b193959908) [0x000074b193959a00, 0x000074b193959b78] Compiler: c1, Barriers: 0, Oops: 0, ImmediateOops: 0, NonImmediateOops: No
[3,027s][debug][gc,nmethod  ] Register NMethod: java.lang.invoke.MethodHandle.linkToInterface (0x000074b1b2c75e08) [0x000074b1b2c75f00, 0x000074b1b2c76030] Compiler: , Barriers: 0, Oops: 0, ImmediateOops: 0, NonImmediateOops: No
[3,028s][debug][gc,nmethod  ] Register NMethod: jdk.internal.classfile.impl.BufWriterImpl.writeU1 (0x000074b1b2c76108) [0x000074b1b2c76200, 0x000074b1b2c76620] Compiler: jvmci, Barriers: 4, Oops: 0, ImmediateOops: 0, NonImmediateOops: No
[3,028s][debug][gc,nmethod  ] Register NMethod: sun.reflect.annotation.AnnotationInvocationHandler.<init> (0x000074b193959c08) [0x000074b193959d00, 0x000074b19395b580] Compiler: c1, Barriers: 8, Oops: 1, ImmediateOops: 3, NonImmediateOops: No
[3,028s][debug][gc,director ] Rule Major: Warmup 10%, Used: 96MB, UsedThreshold: 1228MB
[3,028s][debug][gc,nmethod  ] Register NMethod: java.lang.invoke.MemberName$Factory.resolveOrNull (0x000074b19395b608) [0x000074b19395b700, 0x000074b19395bb78] Compiler: c1, Barriers: 1, Oops: 0, ImmediateOops: 0, NonImmediateOops: No
[3,028s][debug][gc,nmethod  ] Register NMethod: java.util.stream.ReferencePipeline.forEachWithCancel (0x000074b19395bb88) [0x000074b19395bc80, 0x000074b19395c280] Compiler: c1, Barriers: 0, Oops: 0, ImmediateOops: 0, NonImmediateOops: No
[3,028s][debug][gc,nmethod  ] Register NMethod: java.util.stream.AbstractPipeline.copyIntoWithCancel (0x000074b19395c288) [0x000074b19395c380, 0x000074b19395cd90] Compiler: c1, Barriers: 1, Oops: 0, ImmediateOops: 0, NonImmediateOops: No
[3,028s][debug][gc,nmethod  ] Register NMethod: java.util.regex.Pattern$$Lambda/0x00000000610b27a0.is (0x000074b1b2c76688) [0x000074b1b2c76780, 0x000074b1b2c76810] Compiler: jvmci, Barriers: 0, Oops: 0, ImmediateOops: 0, NonImmediateOops: No
[3,029s][debug][gc,nmethod  ] Register NMethod: java.lang.reflect.AccessibleObject.getDeclaredAnnotation (0x000074b19395ce08) [0x000074b19395cf00, 0x000074b19395d200] Compiler: c1, Barriers: 0, Oops: 0, ImmediateOops: 0, NonImmediateOops: No
[3,029s][debug][gc,nmethod  ] Register NMethod: java.util.Collections$EmptyMap.values (0x000074b19395d208) [0x000074b19395d300, 0x000074b19395d460] Compiler: c1, Barriers: 0, Oops: 0, ImmediateOops: 1, NonImmediateOops: No
[3,029s][debug][gc,nmethod  ] Register NMethod: java.util.Spliterators$ArraySpliterator.forEachRemaining (0x000074b19395d508) [0x000074b19395d600, 0x000074b19395dbd0] Compiler: c1, Barriers: 2, Oops: 0, ImmediateOops: 0, NonImmediateOops: No
[3,029s][debug][gc,nmethod  ] Register NMethod: java.util.Collections$EmptySet.toArray (0x000074b19395dc08) [0x000074b19395dd00, 0x000074b19395e100] Compiler: c1, Barriers: 3, Oops: 0, ImmediateOops: 0, NonImmediateOops: No
[3,029s][debug][gc,nmethod  ] Register NMethod: java.util.stream.Collectors.toCollection (0x000074b19395e108) [0x000074b19395e200, 0x000074b19395e508] Compiler: c1, Barriers: 0, Oops: 3, ImmediateOops: 3, NonImmediateOops: No
[3,029s][debug][gc,nmethod  ] Register NMethod: java.lang.reflect.AccessibleObject.getAnnotations (0x000074b19395e588) [0x000074b19395e680, 0x000074b19395e980] Compiler: c1, Barriers: 0, Oops: 0, ImmediateOops: 0, NonImmediateOops: No
[3,029s][debug][gc,nmethod  ] Register NMethod: org.junit.platform.commons.util.AnnotationUtils.isAnnotated (0x000074b19395e988) [0x000074b19395ea80, 0x000074b19395ee38] Compiler: c1, Barriers: 1, Oops: 1, ImmediateOops: 0, NonImmediateOops: No
[3,029s][debug][gc,nmethod  ] Register NMethod: java.lang.CharacterDataLatin1.equalsIgnoreCase (0x000074b1b2c76988) [0x000074b1b2c76a80, 0x000074b1b2c76b90] Compiler: jvmci, Barriers: 0, Oops: 0, ImmediateOops: 0, NonImmediateOops: No
[3,030s][debug][gc,nmethod  ] Register NMethod: org.junit.platform.commons.util.Preconditions.condition (0x000074b19395ee88) [0x000074b19395ef80, 0x000074b19395f570] Compiler: c1, Barriers: 0, Oops: 1, ImmediateOops: 0, NonImmediateOops: No
[3,030s][debug][gc,nmethod  ] Register NMethod: java.lang.String.trim (0x000074b19395f588) [0x000074b19395f680, 0x000074b19395fb58] Compiler: c1, Barriers: 2, Oops: 0, ImmediateOops: 0, NonImmediateOops: No
[3,038s][debug][gc,director ] Rule Major: Warmup 10%, Used: 96MB, UsedThreshold: 1228MB
[3,042s][debug][gc,nmethod  ] Register NMethod: java.util.LinkedHashMap.get (0x000074b1b2c76c88) [0x000074b1b2c76d80, 0x000074b1b2c77678] Compiler: jvmci, Barriers: 12, Oops: 0, ImmediateOops: 0, NonImmediateOops: No
[3,042s][debug][gc,nmethod  ] Register NMethod: java.lang.String.<init> (0x000074b1b2c77688) [0x000074b1b2c77780, 0x000074b1b2c77870] Compiler: jvmci, Barriers: 3, Oops: 0, ImmediateOops: 0, NonImmediateOops: No
[3,044s][info ][gc          ] GC(0) Major Collection (Metadata GC Threshold)
[3,044s][info ][gc,task     ] GC(0) Using 1 Workers for Young Generation
[3,044s][info ][gc,task     ] GC(0) Using 1 Workers for Old Generation
[3,044s][debug][gc,heap     ] GC(0) Y: Heap Before GC invocations=0 (full 0):
[3,044s][debug][gc,heap     ] GC(0) Y:  ZHeap           used 96M, capacity 5120M, max capacity 12288M
[3,044s][debug][gc,heap     ] GC(0) Y:   Cache          5024M (1)
[3,044s][debug][gc,heap     ] GC(0) Y:    size classes  4G (1)
[3,044s][debug][gc,metaspace] GC(0) Y: Metaspace Before GC invocations=0 (full 0):
[3,044s][debug][gc,metaspace] GC(0) Y:  Metaspace       used 21275K, committed 21568K, reserved 1114112K
[3,044s][debug][gc,metaspace] GC(0) Y:   class space    used 1695K, committed 1856K, reserved 1048576K
[3,044s][info ][gc,phases   ] GC(0) Y: Young Generation
[3,044s][debug][gc,reloc    ] Synchronize all workers 1 _nworkers: 0 _nsynchronized: 0
[3,044s][debug][gc,reloc    ] Synchronize all workers 1 _nworkers: 0 _nsynchronized: 0
[3,044s][debug][gc,phases,start] GC(0) Y: Pause Mark Start (Major)
[3,044s][debug][gc,tlab        ] GC(0) Y: TLAB usage update: used 0M -> 64M, capacity: 0M -> 64M
[3,044s][debug][gc,marking     ] GC(0) Y: Using 1 mark stripes
[3,044s][debug][gc,marking     ] GC(0) Y: Mark Worker/Stripe Distribution
[3,044s][debug][gc,marking     ] GC(0) Y:   Worker 0(1) -> Stripe 0(1)
[3,044s][debug][gc,marking     ] GC(0) Y: Using 1 mark stripes
[3,044s][debug][gc,marking     ] GC(0) Y: Mark Worker/Stripe Distribution
[3,044s][debug][gc,marking     ] GC(0) Y:   Worker 0(1) -> Stripe 0(1)
[3,044s][info ][gc,phases      ] GC(0) Y: Pause Mark Start (Major) 0,122ms
[3,044s][debug][gc,reloc       ] Desynchronize all workers _nworkers: 0 _nsynchronized: 0
[3,044s][debug][gc,reloc       ] Desynchronize all workers _nworkers: 0 _nsynchronized: 0
[3,044s][debug][gc,marking     ] Resurrection broke termination
[3,044s][debug][gc,phases,start] GC(0) Y: Concurrent Mark
[3,044s][debug][gc,phases,start] GC(0) Y: Concurrent Mark Roots
[3,044s][debug][gc             ] JNI Critical Stall (Test worker) 0,017ms
[3,044s][debug][gc,task        ] GC(0) Y: Executing ZMarkYoungRootsTask using ZWorkerYoung with 1 workers
[3,049s][debug][gc,tlab        ] GC(0) Y: TLAB totals: thrds: 10  refills: 212 max: 202 slow allocs: 77 max 77 waste:  4,4% gc: 2182304B max: 261840B slow: 246496B max: 245912B
[3,049s][debug][gc,phases      ] GC(0) Y: Concurrent Mark Roots 4,657ms
[3,049s][debug][gc,phases,start] GC(0) Y: Concurrent Mark Follow
[3,049s][debug][gc,marking     ] GC(0) Y: Using 1 mark stripes
[3,049s][debug][gc,task        ] GC(0) Y: Executing ZRememberedScanMarkFollowTask using ZWorkerYoung with 1 workers
[3,050s][debug][gc,nmethod     ] Register NMethod: java.nio.DirectIntBufferU.ix (0x000074b1b2c77988) [0x000074b1b2c77a80, 0x000074b1b2c77b10] Compiler: jvmci, Barriers: 0, Oops: 0, ImmediateOops: 0, NonImmediateOops: No
[3,050s][debug][gc,alloc       ] Mutator Allocation Rate: 79,0MB/s Predicted: 79,0MB/s, Avg: 79,0(+/-0,0)MB/s
[3,062s][debug][gc,nmethod     ] Register NMethod: java.util.Properties.loadConvert (0x000074b19395fb88) [0x000074b19395fc80, 0x000074b193961af0] Compiler: c1, Barriers: 0, Oops: 0, ImmediateOops: 3, NonImmediateOops: No
[3,063s][debug][gc,remset      ] GC(0) Y: Remset forwarding retained: 0,000ms count: 0 ZWorkerYoung#1
[3,063s][debug][gc,remset      ] GC(0) Y: Remset forwarding released: 0,000ms count: 0 ZWorkerYoung#1
[3,063s][debug][gc,marking     ] GC(0) Y: Try terminate after resurrection
[3,063s][debug][gc,phases      ] GC(0) Y: Concurrent Mark Follow 14,066ms
[3,063s][info ][gc,phases      ] GC(0) Y: Concurrent Mark 18,787ms
[3,063s][debug][gc,reloc       ] Synchronize all workers 1 _nworkers: 0 _nsynchronized: 0
[3,063s][debug][gc,reloc       ] Synchronize all workers 1 _nworkers: 0 _nsynchronized: 0
[3,063s][debug][gc,phases,start] GC(0) Y: Pause Mark End
[3,063s][info ][gc,phases      ] GC(0) Y: Pause Mark End 0,031ms
[3,063s][debug][gc,reloc       ] Desynchronize all workers _nworkers: 0 _nsynchronized: 0
[3,063s][debug][gc,reloc       ] Desynchronize all workers _nworkers: 0 _nsynchronized: 0
[3,063s][debug][gc,phases,start] GC(0) Y: Concurrent Mark Free
[3,063s][info ][gc,phases      ] GC(0) Y: Concurrent Mark Free 0,020ms
[3,063s][debug][gc,phases,start] GC(0) Y: Concurrent Reset Relocation Set
[3,063s][info ][gc,phases      ] GC(0) Y: Concurrent Reset Relocation Set 0,013ms
[3,063s][debug][gc,phases,start] GC(0) Y: Concurrent Select Relocation Set
[3,064s][debug][gc,reloc       ] GC(0) Y: Relocation Set (Medium Pages): 0->0, 1 skipped, 0 forwarding entries
[3,064s][debug][gc,reloc       ] GC(0) Y: Relocation Set (Small Pages): 29->3, 1 skipped, 247056 forwarding entries
[3,064s][debug][gc,reloc       ] GC(0) Y: Allocated To Garbage: 6291456,0
[3,064s][debug][gc,reloc       ] GC(0) Y: Young Log Residency: 2,5
[3,064s][debug][gc,reloc       ] GC(0) Y: Life Decay Factor: 1,0
[3,064s][info ][gc,reloc       ] GC(0) Y: Using tenuring threshold: 1 (Computed)
[3,064s][debug][gc,task        ] GC(0) Y: Executing ZRelocationSetInstallTask using ZWorkerYoung with 1 workers
[3,065s][debug][gc,task        ] GC(0) Y: Executing ZPromotePagesTask using ZWorkerYoung with 1 workers
[3,065s][debug][gc,task        ] GC(0) Y: Executing ZPromotePagesTask using ZWorkerYoung with 1 workers
[3,065s][debug][gc,task        ] GC(0) Y: Executing ZPromotePagesTask using ZWorkerYoung with 1 workers
[3,065s][info ][gc,phases      ] GC(0) Y: Concurrent Select Relocation Set 1,957ms
[3,066s][debug][gc,nmethod     ] Register NMethod: java.lang.reflect.Constructor.getDeclaringClass (0x000074b1b2c77c88) [0x000074b1b2c77d80, 0x000074b1b2c77e68] Compiler: c1, Barriers: 1, Oops: 0, ImmediateOops: 0, NonImmediateOops: No
[3,066s][debug][gc,reloc       ] Synchronize all workers 1 _nworkers: 0 _nsynchronized: 0
[3,066s][debug][gc,reloc       ] Synchronize all workers 1 _nworkers: 0 _nsynchronized: 0
[3,066s][debug][gc,nmethod     ] Register NMethod: java.lang.reflect.Executable.isVarArgs (0x000074b193961b08) [0x000074b193961c00, 0x000074b193961f50] Compiler: c1, Barriers: 0, Oops: 0, ImmediateOops: 0, NonImmediateOops: No
[3,066s][debug][gc,phases,start] GC(0) Y: Pause Relocate Start
[3,066s][debug][gc,reloc       ] GC(0) Y: Joining workers: 1
[3,066s][info ][gc,phases      ] GC(0) Y: Pause Relocate Start 0,042ms
[3,066s][debug][gc,reloc       ] Desynchronize all workers _nworkers: 0 _nsynchronized: 0
[3,066s][debug][gc,reloc       ] Desynchronize all workers _nworkers: 1 _nsynchronized: 0
[3,066s][debug][gc,phases,start] GC(0) Y: Concurrent Relocate
[3,066s][debug][gc,task        ] GC(0) Y: Executing ZRelocateStoreBufferInstallBasePointersTask using ZWorkerYoung with 1 workers
[3,066s][debug][gc,task        ] GC(0) Y: Executing ZRelocateTask using ZWorkerYoung with 1 workers
[3,066s][debug][gc,nmethod     ] Register NMethod: java.lang.ref.SoftReference.get (0x000074b1b2c77f88) [0x000074b1b2c78080, 0x000074b1b2c781a0] Compiler: jvmci, Barriers: 2, Oops: 0, ImmediateOops: 1, NonImmediateOops: No
[3,070s][debug][gc,nmethod     ] Register NMethod: java.util.Arrays.fill (0x000074b1b2c78288) [0x000074b1b2c78380, 0x000074b1b2c785a8] Compiler: jvmci, Barriers: 6, Oops: 0, ImmediateOops: 0, NonImmediateOops: No
[3,072s][debug][gc,reloc       ] GC(0) Y: Leaving workers: left: 0 _synchronize: 0 _nsynchronized: 0
[3,073s][debug][gc,phases,start] GC(0) Y: Concurrent Relocate Remset FP
[3,073s][debug][gc,task        ] GC(0) Y: Executing ZRelocateAddRemsetForFlipPromoted using ZWorkerYoung with 1 workers
[3,073s][debug][gc,phases      ] GC(0) Y: Concurrent Relocate Remset FP 0,171ms
[3,073s][info ][gc,phases      ] GC(0) Y: Concurrent Relocate 6,633ms
[3,073s][debug][gc,heap        ] GC(0) Y: Heap After GC invocations=1 (full 1):
[3,073s][debug][gc,heap        ] GC(0) Y:  ZHeap           used 52M, capacity 5120M, max capacity 12288M
[3,073s][debug][gc,heap        ] GC(0) Y:   Cache          5068M (3)
[3,073s][debug][gc,heap        ] GC(0) Y:    size classes  4M (1), 32M (1), 4G (1)
[3,073s][debug][gc,metaspace   ] GC(0) Y: Metaspace After GC invocations=1 (full 1):
[3,073s][debug][gc,metaspace   ] GC(0) Y:  Metaspace       used 21884K, committed 22144K, reserved 1114112K
[3,073s][debug][gc,metaspace   ] GC(0) Y:   class space    used 1762K, committed 1856K, reserved 1048576K
[3,073s][info ][gc,alloc       ] GC(0) Y:                         Mark Start        Mark End      Relocate Start    Relocate End   
[3,073s][info ][gc,alloc       ] GC(0) Y: Allocation Stalls:          0                0                0                0         
[3,073s][info ][gc,load        ] GC(0) Y: Load: 5,15 (26%) / 2,62 (13%) / 1,88 (9%)
[3,073s][info ][gc,mmu         ] GC(0) Y: MMU: 2ms/93,9%, 5ms/97,6%, 10ms/98,8%, 20ms/99,2%, 50ms/99,6%, 100ms/99,8%
[3,073s][info ][gc,marking     ] GC(0) Y: Mark: 1 stripe(s), 2 proactive flush(es), 1 terminate flush(es), 0 completion(s), 0 continuation(s) 
[3,073s][info ][gc,nmethod     ] GC(0) Y: NMethods: 2254 registered, 0 unregistered
[3,073s][info ][gc,metaspace   ] GC(0) Y: Metaspace: 21M used, 21M committed, 1088M reserved
[3,073s][info ][gc,reloc       ] GC(0) Y:                        Candidates     Selected     In-Place         Size        Empty    Relocated 
[3,073s][info ][gc,reloc       ] GC(0) Y: Small Pages:                   32           26            0          64M           0M           4M 
[3,073s][info ][gc,reloc       ] GC(0) Y: Medium Pages:                   1            0            0          32M           0M           0M 
[3,073s][info ][gc,reloc       ] GC(0) Y: Large Pages:                    0            0            0           0M           0M           0M 
[3,073s][info ][gc,reloc       ] GC(0) Y: Forwarding Usage: 1M
[3,073s][info ][gc,reloc       ] GC(0) Y: Age Table:
[3,073s][info ][gc,reloc       ] GC(0) Y:                    Live             Garbage             Small              Medium             Large        
[3,073s][info ][gc,reloc       ] GC(0) Y: Eden              11M (0%)           84M (1%)          32 / 26             1 / 0              0 / 0        
[3,073s][info ][gc,heap        ] GC(0) Y: Min Capacity: 5120M(42%)
[3,073s][info ][gc,heap        ] GC(0) Y: Max Capacity: 12288M(100%)
[3,073s][info ][gc,heap        ] GC(0) Y: Soft Max Capacity: 12288M(100%)
[3,073s][info ][gc,heap        ] GC(0) Y: Heap Statistics:
[3,073s][info ][gc,heap        ] GC(0) Y:                Mark Start          Mark End        Relocate Start      Relocate End           High               Low         
[3,073s][info ][gc,heap        ] GC(0) Y:  Capacity:     5120M (42%)        5120M (42%)        5120M (42%)        5120M (42%)        5120M (42%)        5120M (42%)    
[3,073s][info ][gc,heap        ] GC(0) Y:      Free:    12192M (99%)       12186M (99%)       12186M (99%)       12236M (100%)      12236M (100%)      12182M (99%)    
[3,073s][info ][gc,heap        ] GC(0) Y:      Used:       96M (1%)          102M (1%)          102M (1%)           52M (0%)          106M (1%)           52M (0%)     
[3,073s][info ][gc,heap        ] GC(0) Y: Young Generation Statistics:
[3,073s][info ][gc,heap        ] GC(0) Y:                Mark Start          Mark End        Relocate Start      Relocate End    
[3,073s][info ][gc,heap        ] GC(0) Y:      Used:       96M (1%)          102M (1%)          102M (1%)           52M (0%)     
[3,073s][info ][gc,heap        ] GC(0) Y:      Live:         -                11M (0%)           11M (0%)           11M (0%)     
[3,073s][info ][gc,heap        ] GC(0) Y:   Garbage:         -                84M (1%)           84M (1%)           31M (0%)     
[3,073s][info ][gc,heap        ] GC(0) Y: Allocated:         -                 6M (0%)            6M (0%)            9M (0%)     
[3,073s][info ][gc,heap        ] GC(0) Y: Reclaimed:         -                  -                 0M (0%)           53M (0%)     
[3,073s][info ][gc,heap        ] GC(0) Y:  Promoted:         -                  -                 0M (0%)            0M (0%)     
[3,073s][info ][gc,heap        ] GC(0) Y: Compacted:         -                  -                  -                 4M (0%)     
[3,073s][info ][gc,phases      ] GC(0) Y: Young Generation 96M(1%)->52M(0%) 0,029s
[3,073s][debug][gc,heap        ] GC(0) O: Heap Before GC invocations=1 (full 1):
[3,073s][debug][gc,heap        ] GC(0) O:  ZHeap           used 52M, capacity 5120M, max capacity 12288M
[3,073s][debug][gc,heap        ] GC(0) O:   Cache          5068M (3)
[3,073s][debug][gc,heap        ] GC(0) O:    size classes  4M (1), 32M (1), 4G (1)
[3,073s][debug][gc,metaspace   ] GC(0) O: Metaspace Before GC invocations=1 (full 1):
[3,073s][debug][gc,metaspace   ] GC(0) O:  Metaspace       used 21904K, committed 22144K, reserved 1114112K
[3,073s][debug][gc,metaspace   ] GC(0) O:   class space    used 1765K, committed 1856K, reserved 1048576K
[3,073s][info ][gc,phases      ] GC(0) O: Old Generation
[3,073s][debug][gc,phases,start] GC(0) O: Concurrent Mark
[3,073s][debug][gc,phases,start] GC(0) O: Concurrent Mark Roots
[3,073s][debug][gc,task        ] GC(0) O: Executing ZMarkOldRootsTask using ZWorkerOld with 1 workers
[3,074s][debug][gc,tlab        ] GC(0) O: TLAB totals: thrds: 2  refills: 6 max: 5 slow allocs: 2 max 2 waste:  9,6% gc: 121336B max: 118760B slow: 5352B max: 5352B
[3,074s][debug][gc,phases      ] GC(0) O: Concurrent Mark Roots 0,439ms
[3,074s][debug][gc,phases,start] GC(0) O: Concurrent Mark Follow
[3,074s][debug][gc,marking     ] GC(0) O: Using 1 mark stripes
[3,074s][debug][gc,task        ] GC(0) O: Executing ZMarkTask using ZWorkerOld with 1 workers
[3,074s][debug][gc,phases      ] GC(0) O: Concurrent Mark Follow 0,306ms
[3,074s][info ][gc,phases      ] GC(0) O: Concurrent Mark 0,775ms
[3,074s][debug][gc,reloc       ] Synchronize all workers 1 _nworkers: 0 _nsynchronized: 0
[3,074s][debug][gc,reloc       ] Synchronize all workers 1 _nworkers: 0 _nsynchronized: 0
[3,074s][debug][gc,phases,start] GC(0) O: Pause Mark End
[3,074s][info ][gc,phases      ] GC(0) O: Pause Mark End 0,028ms
[3,074s][debug][gc,reloc       ] Desynchronize all workers _nworkers: 0 _nsynchronized: 0
[3,074s][debug][gc,reloc       ] Desynchronize all workers _nworkers: 0 _nsynchronized: 0
[3,074s][debug][gc,phases,start] GC(0) O: Concurrent Mark Free
[3,074s][info ][gc,phases      ] GC(0) O: Concurrent Mark Free 0,010ms
[3,074s][debug][gc,phases,start] GC(0) O: Concurrent Process Non-Strong
[3,074s][debug][gc,phases,start] GC(0) O: Concurrent References Process
[3,074s][debug][gc,task        ] GC(0) O: Executing ZReferenceProcessorTask using ZWorkerOld with 1 workers
[3,074s][debug][gc,phases      ] GC(0) O: Concurrent References Process 0,035ms
[3,074s][debug][gc,task        ] GC(0) O: Executing ZProcessWeakRootsTask using ZWorkerOld with 1 workers
[3,076s][debug][gc,phases,start] GC(0) O: Concurrent Classes Unlink
[3,076s][debug][gc,phases,start] GC(0) O: ClassLoaderData
[3,076s][debug][gc,phases      ] GC(0) O: ClassLoaderData 0,022ms
[3,076s][debug][gc,phases,start] GC(0) O: Trigger cleanups
[3,076s][debug][gc,phases      ] GC(0) O: Trigger cleanups 0,009ms
[3,076s][debug][gc,task        ] GC(0) O: Executing ZNMethodUnlinkTask using ZWorkerOld with 1 workers
[3,076s][debug][gc,nmethod     ] GC(0) O: Unregister NMethod: java.util.zip.ZipFile$Source.isMetaName (0x000074b1b2c11308) [0x000074b1b2c11400, 0x000074b1b2c11730] 
[3,076s][debug][gc,nmethod     ] GC(0) O: Unregister NMethod: java.lang.AbstractStringBuilder.append (0x000074b19344c288) [0x000074b19344c380, 0x000074b19344cfd0] 
[3,076s][debug][gc,nmethod     ] GC(0) O: Unregister NMethod: java.lang.StringBuilder.append (0x000074b19344bf88) [0x000074b19344c080, 0x000074b19344c1c8] 
[3,076s][debug][gc,nmethod     ] GC(0) O: Unregister NMethod: java.util.concurrent.ConcurrentHashMap.tabAt (0x000074b193412608) [0x000074b193412700, 0x000074b193412c48] 
[3,076s][debug][gc,nmethod     ] GC(0) O: Unregister NMethod: java.util.LinkedHashMap$LinkedHashIterator.hasNext (0x000074b1936e9388) [0x000074b1936e9480, 0x000074b1936e9600] 
[3,076s][debug][gc,nmethod     ] GC(0) O: Unregister NMethod: java.util.HashMap.get (0x000074b193432688) [0x000074b193432780, 0x000074b193432b18] 
[3,076s][debug][gc,nmethod     ] GC(0) O: Unregister NMethod: java.lang.invoke.MethodType.parameterType (0x000074b19344b988) [0x000074b19344ba80, 0x000074b19344bc08] 
[3,076s][debug][gc,nmethod     ] GC(0) O: Unregister NMethod: jdk.internal.loader.URLClassPath$JarLoader.ensureOpen (0x000074b193481c88) [0x000074b193481d80, 0x000074b193481fe8] 
[3,076s][debug][gc,nmethod     ] GC(0) O: Unregister NMethod: java.util.HashMap.getNode (0x000074b19342ea08) [0x000074b19342eb00, 0x000074b19342fe10] 
[3,076s][debug][gc,nmethod     ] GC(0) O: Unregister NMethod: jdk.internal.misc.Unsafe.getIntUnaligned (0x000074b193456708) [0x000074b193456800, 0x000074b193456a48] 
[3,076s][debug][gc,nmethod     ] GC(0) O: Unregister NMethod: java.util.zip.CRC32.<init> (0x000074b1935dcd08) [0x000074b1935dce00, 0x000074b1935dcf58] 
[3,076s][debug][gc,nmethod     ] GC(0) O: Unregister NMethod: java.lang.StringLatin1.lastIndexOf (0x000074b193421488) [0x000074b193421580, 0x000074b193421948] 
[3,076s][debug][gc,nmethod     ] GC(0) O: Unregister NMethod: jdk.internal.loader.URLClassPath$JarLoader.getResource (0x000074b1934c1788) [0x000074b1934c1880, 0x000074b1934c21b0] 
[3,076s][debug][gc,nmethod     ] GC(0) O: Unregister NMethod: java.util.jar.JarFile.getEntry (0x000074b19348a408) [0x000074b19348a500, 0x000074b19348ac48] 
[3,076s][debug][gc,nmethod     ] GC(0) O: Unregister NMethod: jdk.internal.classfile.impl.BufWriterImpl.cpIndex (0x000074b19345fd08) [0x000074b19345fe00, 0x000074b193461df8] 
[3,076s][debug][gc,nmethod     ] GC(0) O: Unregister NMethod: java.lang.String.isLatin1 (0x000074b1b2be7488) [0x000074b1b2be7580, 0x000074b1b2be7640] 
[3,076s][debug][gc,nmethod     ] GC(0) O: Unregister NMethod: java.lang.StringBuilder.<init> (0x000074b193478008) [0x000074b193478100, 0x000074b193478238] 
[3,076s][debug][gc,nmethod     ] GC(0) O: Unregister NMethod: java.util.ArrayList$Itr.<init> (0x000074b1935b4488) [0x000074b1935b4580, 0x000074b1935b48b0] 
[3,076s][debug][gc,nmethod     ] GC(0) O: Unregister NMethod: java.lang.ref.ReferenceQueue.poll (0x000074b193417c88) [0x000074b193417d80, 0x000074b1934181a0] 
[3,076s][debug][gc,nmethod     ] GC(0) O: Unregister NMethod: sun.reflect.annotation.AnnotationInvocationHandler.memberValueHashCode (0x000074b1937d5f88) [0x000074b1937d6080, 0x000074b1937d8280] 
[3,076s][debug][gc,nmethod     ] GC(0) O: Unregister NMethod: java.io.BufferedInputStream.getBufIfOpen (0x000074b193450708) [0x000074b193450800, 0x000074b193450c18] 
[3,076s][debug][gc,nmethod     ] GC(0) O: Unregister NMethod: java.io.BufferedInputStream.read (0x000074b193451508) [0x000074b193451600, 0x000074b193451a58] 
[3,076s][debug][gc,nmethod     ] GC(0) O: Unregister NMethod: java.util.BitSet.wordIndex (0x000074b1935a5488) [0x000074b1935a5580, 0x000074b1935a5668] 
[3,076s][debug][gc,nmethod     ] GC(0) O: Unregister NMethod: java.lang.StringLatin1.getBytes (0x000074b193467808) [0x000074b193467900, 0x000074b193467a98] 
[3,076s][debug][gc,nmethod     ] GC(0) O: Unregister NMethod: sun.reflect.generics.parser.SignatureParser.advance (0x000074b1935af988) [0x000074b1935afa80, 0x000074b1935b0098] 
[3,077s][debug][gc,nmethod     ] GC(0) O: Unregister NMethod: java.util.LinkedHashMap.afterNodeInsertion (0x000074b193524508) [0x000074b193524600, 0x000074b193524808] 
[3,077s][debug][gc,nmethod     ] GC(0) O: Unregister NMethod: jdk.internal.classfile.impl.SplitConstantPool.canWriteDirect (0x000074b193449c88) [0x000074b193449d80, 0x000074b19344a078] 
[3,077s][debug][gc,nmethod     ] GC(0) O: Unregister NMethod: jdk.internal.classfile.impl.SplitConstantPool.map (0x000074b193419788) [0x000074b1934198a0, 0x000074b19341afa0] 
[3,077s][debug][gc,nmethod     ] GC(0) O: Unregister NMethod: sun.reflect.annotation.AnnotationInvocationHandler.invoke (0x000074b1937d2488) [0x000074b1937d2580, 0x000074b1937d4810] 
[3,077s][debug][gc,nmethod     ] GC(0) O: Unregister NMethod: java.lang.invoke.MemberName.getModifiers (0x000074b193507a08) [0x000074b193507b00, 0x000074b193507c08] 
[3,077s][debug][gc,nmethod     ] GC(0) O: Unregister NMethod: java.util.HashMap.resize (0x000074b19343dd08) [0x000074b19343de20, 0x000074b19343fb00] 
[3,077s][debug][gc,nmethod     ] GC(0) O: Unregister NMethod: java.util.zip.ZipFile.getEntry (0x000074b193486308) [0x000074b193486400, 0x000074b1934869c8] 
[3,077s][debug][gc,nmethod     ] GC(0) O: Unregister NMethod: java.nio.DirectLongBufferU.ix (0x000074b193489e08) [0x000074b193489f00, 0x000074b19348a010] 
[3,077s][debug][gc,nmethod     ] GC(0) O: Unregister NMethod: java.io.BufferedInputStream.getBufIfOpen (0x000074b1b2bfb688) [0x000074b1b2bfb780, 0x000074b1b2bfb8b0] 
[3,077s][debug][gc,nmethod     ] GC(0) O: Unregister NMethod: java.lang.String.toString (0x000074b1934e7688) [0x000074b1934e7780, 0x000074b1934e7880] 
[3,077s][debug][gc,nmethod     ] GC(0) O: Unregister NMethod: java.util.concurrent.ConcurrentHashMap.putVal (0x000074b1b2c31888) [0x000074b1b2c31980, 0x000074b1b2c32a68] 
[3,077s][debug][gc,nmethod     ] GC(0) O: Unregister NMethod: java.util.HashMap.resize (0x000074b1b2bf7e88) [0x000074b1b2bf7fa0, 0x000074b1b2bf8ae0] 
[3,077s][debug][gc,nmethod     ] GC(0) O: Unregister NMethod: java.math.BigInteger.mulAdd (0x000074b19374d308) [0x000074b19374d400, 0x000074b19374d590] 
[3,077s][debug][gc,nmethod     ] GC(0) O: Unregister NMethod: java.util.zip.Checksum.update (0x000074b1935e5308) [0x000074b1935e5400, 0x000074b1935e5578] 
[3,077s][debug][gc,nmethod     ] GC(0) O: Unregister NMethod: worker.org.gradle.internal.stream.EncodedStream$EncodedInput.hexToByte (0x000074b193450c88) [0x000074b193450d80, 0x000074b1934514c8] 
[3,077s][debug][gc,nmethod     ] GC(0) O: Unregister NMethod: java.util.HashMap.put (0x000074b193434508) [0x000074b193434600, 0x000074b193434be8] 
[3,077s][debug][gc,nmethod     ] GC(0) O: Unregister NMethod: java.lang.AbstractStringBuilder.needsNewBuffer (0x000074b1b2c1b608) [0x000074b1b2c1b700, 0x000074b1b2c1b7e8] 
[3,077s][debug][gc,nmethod     ] GC(0) O: Unregister NMethod: java.lang.AbstractStringBuilder.needsNewBuffer (0x000074b193444688) [0x000074b193444780, 0x000074b193444920] 
[3,077s][debug][gc,nmethod     ] GC(0) O: Unregister NMethod: java.util.Objects.equals (0x000074b193406308) [0x000074b193406400, 0x000074b193406788] 
[3,077s][debug][gc,nmethod     ] GC(0) O: Unregister NMethod: java.lang.module.ModuleDescriptor$Exports.isQualified (0x000074b193428d88) [0x000074b193428e80, 0x000074b193429210] 
[3,077s][debug][gc,nmethod     ] GC(0) O: Unregister NMethod: java.util.LinkedHashMap$LinkedEntryIterator.next (0x000074b1937d4888) [0x000074b1937d4980, 0x000074b1937d4e90] 
[3,077s][debug][gc,nmethod     ] GC(0) O: Unregister NMethod: jdk.internal.classfile.impl.SplitConstantPool.entryByIndex (0x000074b19341ec88) [0x000074b19341ed80, 0x000074b193420e30] 
[3,077s][debug][gc,nmethod     ] GC(0) O: Unregister NMethod: jdk.internal.classfile.impl.EntryMap.put (0x000074b193424108) [0x000074b193424200, 0x000074b1934248d0] 
[3,077s][debug][gc,nmethod     ] GC(0) O: Unregister NMethod: java.lang.System$1.uncheckedCountPositives (0x000074b19346fa88) [0x000074b19346fb80, 0x000074b19346fdd8] 
[3,077s][debug][gc,nmethod     ] GC(0) O: Unregister NMethod: java.lang.ref.Reference.reachabilityFence (0x000074b193475088) [0x000074b193475180, 0x000074b193475260] 
[3,077s][debug][gc,nmethod     ] GC(0) O: Unregister NMethod: jdk.internal.util.ArraysSupport.vectorizedHashCode (0x000074b193402408) [0x000074b193402500, 0x000074b193404358] 
[3,077s][debug][gc,nmethod     ] GC(0) O: Unregister NMethod: worker.org.gradle.internal.stream.EncodedStream$EncodedInput.read (0x000074b193451a88) [0x000074b193451b80, 0x000074b1934522d8] 
[3,077s][debug][gc,nmethod     ] GC(0) O: Unregister NMethod: jdk.internal.util.ArraysSupport.hashCodeOfUnsigned (0x000074b193401d08) [0x000074b193401e00, 0x000074b193402078] 
[3,077s][debug][gc,nmethod     ] GC(0) O: Unregister NMethod: java.util.ArrayList$Itr.next (0x000074b19356f408) [0x000074b19356f500, 0x000074b19356faf0] 
[3,077s][debug][gc,nmethod     ] GC(0) O: Unregister NMethod: java.lang.String.charAt (0x000074b19340e108) [0x000074b19340e200, 0x000074b19340e790] 
[3,077s][debug][gc,nmethod     ] GC(0) O: Unregister NMethod: java.util.ImmutableCollections$ListN.size (0x000074b1935a5a88) [0x000074b1935a5b80, 0x000074b1935a5cb8] 
[3,077s][debug][gc,nmethod     ] GC(0) O: Unregister NMethod: sun.reflect.generics.parser.SignatureParser.current (0x000074b1935b0108) [0x000074b1935b0200, 0x000074b1935b1010] 
[3,077s][debug][gc,nmethod     ] GC(0) O: Unregister NMethod: java.lang.Math.min (0x000074b193416b88) [0x000074b193416c80, 0x000074b193416da8] 
[3,077s][debug][gc,nmethod     ] GC(0) O: Unregister NMethod: java.util.LinkedHashMap.get (0x000074b1937c9a88) [0x000074b1937c9b80, 0x000074b1937ca140] 
[3,077s][debug][gc,nmethod     ] GC(0) O: Unregister NMethod: java.util.concurrent.ConcurrentHashMap.putVal (0x000074b193414588) [0x000074b193414680, 0x000074b193416b78] 
[3,077s][debug][gc,nmethod     ] GC(0) O: Unregister NMethod: jdk.internal.loader.URLClassPath$JarLoader.getResource (0x000074b193486a08) [0x000074b193486b00, 0x000074b1934870d0] 
[3,077s][debug][gc,nmethod     ] GC(0) O: Unregister NMethod: java.util.zip.ZipUtils.CENHOW (0x000074b19346e908) [0x000074b19346ea00, 0x000074b19346eb10] 
[3,077s][debug][gc,nmethod     ] GC(0) O: Unregister NMethod: java.lang.Object.<init> (0x000074b193400388) [0x000074b193400480, 0x000074b193400580] 
[3,078s][debug][gc,nmethod     ] GC(0) O: Unregister NMethod: java.lang.invoke.MemberName.getReferenceKind (0x000074b19347d888) [0x000074b19347d980, 0x000074b19347da90] 
[3,078s][debug][gc,nmethod     ] GC(0) O: Unregister NMethod: java.util.zip.ZipFile$Source.checkAndAddEntry (0x000074b193471308) [0x000074b193471400, 0x000074b193473700] 
[3,078s][debug][gc,nmethod     ] GC(0) O: Unregister NMethod: sun.reflect.annotation.AnnotationInvocationHandler.hashCodeImpl (0x000074b193805808) [0x000074b193805900, 0x000074b193806d80] 
[3,078s][debug][gc,nmethod     ] GC(0) O: Unregister NMethod: jdk.internal.loader.URLClassPath$JarLoader$1.getBytes (0x000074b1935e4908) [0x000074b1935e4a00, 0x000074b1935e52e8] 
[3,078s][debug][gc,nmethod     ] GC(0) O: Unregister NMethod: java.util.zip.ZipFile$CleanableResource.releaseInflater (0x000074b193549e08) [0x000074b193549f00, 0x000074b19354a458] 
[3,078s][debug][gc,nmethod     ] GC(0) O: Unregister NMethod: java.util.WeakHashMap.put (0x000074b19352a188) [0x000074b19352a280, 0x000074b19352bbc0] 
[3,078s][debug][gc,nmethod     ] GC(0) O: Unregister NMethod: java.lang.Integer.rotateLeft (0x000074b193575188) [0x000074b193575280, 0x000074b193575370] 
[3,078s][debug][gc,nmethod     ] GC(0) O: Unregister NMethod: java.util.HashMap.putVal (0x000074b193435588) [0x000074b193435680, 0x000074b193437a10] 
[3,078s][debug][gc,nmethod     ] GC(0) O: Unregister NMethod: java.util.Optional.empty (0x000074b193448088) [0x000074b193448180, 0x000074b193448268] 
[3,078s][debug][gc,nmethod     ] GC(0) O: Unregister NMethod: java.lang.String.length (0x000074b19340cf88) [0x000074b19340d080, 0x000074b19340d400] 
[3,078s][debug][gc,nmethod     ] GC(0) O: Unregister NMethod: java.lang.StringLatin1.indexOfChar (0x000074b19340ee08) [0x000074b19340ef00, 0x000074b19340f100] 
[3,078s][debug][gc,nmethod     ] GC(0) O: Unregister NMethod: java.util.HashSet.add (0x000074b193434c08) [0x000074b193434d00, 0x000074b193435090] 
[3,078s][debug][gc,nmethod     ] GC(0) O: Unregister NMethod: jdk.internal.classfile.impl.SplitConstantPool.tryFindUtf8 (0x000074b19345bf88) [0x000074b19345c080, 0x000074b19345d8b8] 
[3,078s][debug][gc,nmethod     ] GC(0) O: Unregister NMethod: java.util.zip.ZipCoder$UTF8ZipCoder.checkedHash (0x000074b193470988) [0x000074b193470a80, 0x000074b193470ea0] 
[3,078s][debug][gc,nmethod     ] GC(0) O: Unregister NMethod: java.lang.CharacterDataLatin1.equalsIgnoreCase (0x000074b1934c2208) [0x000074b1934c2300, 0x000074b1934c2598] 
[3,078s][debug][gc,nmethod     ] GC(0) O: Unregister NMethod: jdk.internal.loader.Resource.getByteBuffer (0x000074b1935e3608) [0x000074b1935e3700, 0x000074b1935e4478] 
[3,078s][debug][gc,nmethod     ] GC(0) O: Unregister NMethod: java.util.Arrays.fill (0x000074b1b2c72308) [0x000074b1b2c72400, 0x000074b1b2c72598] 
[3,078s][debug][gc,nmethod     ] GC(0) O: Unregister NMethod: java.util.HashMap.afterNodeInsertion (0x000074b19342a908) [0x000074b19342aa00, 0x000074b19342ab00] 
[3,078s][debug][gc,nmethod     ] GC(0) O: Unregister NMethod: java.lang.AbstractStringBuilder.isLatin1 (0x000074b19344bc88) [0x000074b19344bd80, 0x000074b19344bec0] 
[3,078s][debug][gc,nmethod     ] GC(0) O: Unregister NMethod: java.lang.String.<init> (0x000074b193476a88) [0x000074b193476b80, 0x000074b193477520] 
[3,078s][debug][gc,nmethod     ] GC(0) O: Unregister NMethod: java.util.concurrent.ConcurrentHashMap.addCount (0x000074b193413788) [0x000074b193413880, 0x000074b193414520] 
[3,078s][debug][gc,nmethod     ] GC(0) O: Unregister NMethod: java.lang.String.coder (0x000074b19340cc88) [0x000074b19340cd80, 0x000074b19340cea8] 
[3,078s][debug][gc,nmethod     ] GC(0) O: Unregister NMethod: java.lang.String.getBytes (0x000074b193418208) [0x000074b193418300, 0x000074b193418808] 
[3,078s][debug][gc,nmethod     ] GC(0) O: Unregister NMethod: java.util.HashMap.putVal (0x000074b1b2bf5d88) [0x000074b1b2bf5ea0, 0x000074b1b2bf7860] 
[3,078s][debug][gc,nmethod     ] GC(0) O: Unregister NMethod: java.util.jar.JarFile.getEntry (0x000074b1b2c3d988) [0x000074b1b2c3da80, 0x000074b1b2c3ef20] 
[3,078s][debug][gc,nmethod     ] GC(0) O: Unregister NMethod: jdk.internal.classfile.impl.BufWriterImpl.writeU1 (0x000074b1934f5c08) [0x000074b1934f5d00, 0x000074b1934f6148] 
[3,078s][debug][gc,nmethod     ] GC(0) O: Unregister NMethod: jdk.internal.classfile.impl.RawBytecodeHelper.next (0x000074b19344a088) [0x000074b19344a180, 0x000074b19344a8f8] 
[3,078s][debug][gc,nmethod     ] GC(0) O: Unregister NMethod: jdk.internal.loader.Resource.getBytes (0x000074b1935d3688) [0x000074b1935d3780, 0x000074b1935d4c70] 
[3,078s][debug][gc,nmethod     ] GC(0) O: Unregister NMethod: sun.util.locale.LocaleUtils.toLower (0x000074b193627b88) [0x000074b193627c80, 0x000074b193627e80] 
[3,078s][debug][gc,nmethod     ] GC(0) O: Unregister NMethod: jdk.internal.misc.Unsafe.allocateUninitializedArray0 (0x000074b193424d88) [0x000074b193424e80, 0x000074b1934256a0] 
[3,078s][debug][gc,nmethod     ] GC(0) O: Unregister NMethod: java.util.LinkedHashMap.newNode (0x000074b193523d88) [0x000074b193523e80, 0x000074b193524068] 
[3,078s][debug][gc,nmethod     ] GC(0) O: Unregister NMethod: sun.net.www.ParseUtil.firstEncodeIndex (0x000074b193454588) [0x000074b193454680, 0x000074b193455558] 
[3,078s][debug][gc,nmethod     ] GC(0) O: Unregister NMethod: java.util.ImmutableCollections$SetN$SetNIterator.hasNext (0x000074b193407288) [0x000074b193407380, 0x000074b1934074d0] 
[3,078s][debug][gc,nmethod     ] GC(0) O: Unregister NMethod: java.util.zip.ZipFile$Source.isMetaName (0x000074b193526808) [0x000074b193526900, 0x000074b193526d60] 
[3,078s][debug][gc,nmethod     ] GC(0) O: Unregister NMethod: java.util.zip.ZipCoder.hash (0x000074b193484e08) [0x000074b193484f00, 0x000074b193485d38] 
[3,078s][debug][gc,nmethod     ] GC(0) O: Unregister NMethod: java.util.zip.ZipUtils.CENSIZ (0x000074b19346e308) [0x000074b19346e400, 0x000074b19346e510] 
[3,078s][debug][gc,nmethod     ] GC(0) O: Unregister NMethod: java.util.ImmutableCollections$SetN.probe (0x000074b193401088) [0x000074b193401180, 0x000074b1934019a8] 
[3,079s][debug][gc,nmethod     ] GC(0) O: Unregister NMethod: jdk.internal.misc.Unsafe.allocateUninitializedArray (0x000074b193425708) [0x000074b193425800, 0x000074b193425dc8] 
[3,079s][debug][gc,nmethod     ] GC(0) O: Unregister NMethod: java.util.Objects.equals (0x000074b1b2c68288) [0x000074b1b2c68380, 0x000074b1b2c68838] 
[3,079s][debug][gc,nmethod     ] GC(0) O: Unregister NMethod: java.util.zip.ZipFile$Source.nextEntryPos (0x000074b193470f08) [0x000074b193471000, 0x000074b1934712b8] 
[3,079s][debug][gc,nmethod     ] GC(0) O: Unregister NMethod: jdk.internal.classfile.impl.SplitConstantPool.internalAdd (0x000074b193425e08) [0x000074b193425f00, 0x000074b193426ce8] 
[3,079s][debug][gc,nmethod     ] GC(0) O: Unregister NMethod: java.lang.String.charAt (0x000074b19366f388) [0x000074b19366f480, 0x000074b19366fbb8] 
[3,079s][debug][gc,nmethod     ] GC(0) O: Unregister NMethod: java.math.BigInteger.implMulAddCheck (0x000074b19374d608) [0x000074b19374d700, 0x000074b193751690] 
[3,079s][debug][gc,nmethod     ] GC(0) O: Unregister NMethod: java.lang.CharacterData.of (0x000074b1934e5f88) [0x000074b1934e6080, 0x000074b1934e67c0] 
[3,079s][debug][gc,nmethod     ] GC(0) O: Unregister NMethod: java.util.zip.ZipFile$CleanableResource.getInflater (0x000074b193546a88) [0x000074b193546b80, 0x000074b1935472b0] 
[3,079s][debug][gc,nmethod     ] GC(0) O: Unregister NMethod: java.lang.StringUTF16.getChar (0x000074b19366f088) [0x000074b19366f180, 0x000074b19366f2e0] 
[3,079s][debug][gc,nmethod     ] GC(0) O: Unregister NMethod: java.util.ArrayList.add (0x000074b193474108) [0x000074b193474200, 0x000074b193474770] 
[3,079s][debug][gc,nmethod     ] GC(0) O: Unregister NMethod: java.lang.Math.max (0x000074b193448888) [0x000074b193448980, 0x000074b193448aa8] 
[3,079s][debug][gc,nmethod     ] GC(0) O: Unregister NMethod: java.util.jar.JarFile.isMultiRelease (0x000074b193484188) [0x000074b193484280, 0x000074b193484478] 
[3,079s][debug][gc,nmethod     ] GC(0) O: Unregister NMethod: java.util.jar.Manifest$FastInputStream.readLine (0x000074b193484488) [0x000074b193484580, 0x000074b193484dd8] 
[3,079s][debug][gc,nmethod     ] GC(0) O: Unregister NMethod: java.lang.CharacterDataLatin1.getProperties (0x000074b1934e5c88) [0x000074b1934e5d80, 0x000074b1934e5eb0] 
[3,079s][debug][gc,nmethod     ] GC(0) O: Unregister NMethod: java.lang.StringLatin1.canEncode (0x000074b19344d008) [0x000074b19344d100, 0x000074b19344d260] 
[3,079s][debug][gc,nmethod     ] GC(0) O: Unregister NMethod: java.lang.Class.isArray (0x000074b19341dc88) [0x000074b19341dd80, 0x000074b19341df00] 
[3,079s][debug][gc,nmethod     ] GC(0) O: Unregister NMethod: java.util.ImmutableCollections$SetN$SetNIterator.next (0x000074b193412f88) [0x000074b193413080, 0x000074b1934133f8] 
[3,079s][debug][gc,nmethod     ] GC(0) O: Unregister NMethod: java.lang.String.hashCode (0x000074b1b2be8088) [0x000074b1b2be8180, 0x000074b1b2be8320] 
[3,079s][debug][gc,nmethod     ] GC(0) O: Unregister NMethod: java.util.zip.ZipFile$Source.isMetaName (0x000074b193470408) [0x000074b193470500, 0x000074b193470960] 
[3,079s][debug][gc,nmethod     ] GC(0) O: Unregister NMethod: java.nio.DirectByteBuffer.get (0x000074b1934bf108) [0x000074b1934bf200, 0x000074b1934c0000] 
[3,079s][debug][gc,nmethod     ] GC(0) O: Unregister NMethod: java.lang.StringLatin1.replace (0x000074b193453388) [0x000074b193453480, 0x000074b193454520] 
[3,079s][debug][gc,nmethod     ] GC(0) O: Unregister NMethod: java.lang.ClassLoader.checkName (0x000074b19347f788) [0x000074b19347f880, 0x000074b1934805c8] 
[3,079s][debug][gc,nmethod     ] GC(0) O: Unregister NMethod: java.util.HashMap.put (0x000074b19342b088) [0x000074b19342b180, 0x000074b19342b768] 
[3,079s][debug][gc,nmethod     ] GC(0) O: Unregister NMethod: java.lang.String.indexOf (0x000074b19340f108) [0x000074b19340f200, 0x000074b19340f828] 
[3,079s][debug][gc,nmethod     ] GC(0) O: Unregister NMethod: java.util.Arrays.copyOfRange (0x000074b19343fb08) [0x000074b19343fc00, 0x000074b193440ed0] 
[3,079s][debug][gc,nmethod     ] GC(0) O: Unregister NMethod: java.lang.String.charAt (0x000074b1b2be7d88) [0x000074b1b2be7e80, 0x000074b1b2be7fb0] 
[3,079s][debug][gc,nmethod     ] GC(0) O: Unregister NMethod: java.util.concurrent.ConcurrentHashMap.casTabAt (0x000074b193443a08) [0x000074b193443b00, 0x000074b193443c70] 
[3,079s][debug][gc,nmethod     ] GC(0) O: Unregister NMethod: java.lang.StringLatin1.indexOf (0x000074b193411308) [0x000074b193411400, 0x000074b193411888] 
[3,079s][debug][gc,nmethod     ] GC(0) O: Unregister NMethod: jdk.internal.util.ReferencedKeyMap.removeStaleReferences (0x000074b193418b88) [0x000074b193418c80, 0x000074b1934192a0] 
[3,079s][debug][gc,nmethod     ] GC(0) O: Unregister NMethod: java.util.HashSet.add (0x000074b19342fe88) [0x000074b19342ff80, 0x000074b193430160] 
[3,079s][debug][gc,nmethod     ] GC(0) O: Unregister NMethod: java.lang.String.indexOf (0x000074b19351ba88) [0x000074b19351bb80, 0x000074b19351c680] 
[3,079s][debug][gc,nmethod     ] GC(0) O: Unregister NMethod: java.nio.DirectByteBuffer.ix (0x000074b1934be988) [0x000074b1934bea80, 0x000074b1934beb88] 
[3,079s][debug][gc,nmethod     ] GC(0) O: Unregister NMethod: jdk.internal.classfile.impl.RawBytecodeHelper.opcode (0x000074b19344b688) [0x000074b19344b780, 0x000074b19344b888] 
[3,079s][debug][gc,nmethod     ] GC(0) O: Unregister NMethod: java.util.WeakHashMap.getTable (0x000074b19348b108) [0x000074b19348b200, 0x000074b19348b378] 
[3,079s][debug][gc,nmethod     ] GC(0) O: Unregister NMethod: jdk.internal.misc.Unsafe.getIntUnaligned (0x000074b1b2c02b88) [0x000074b1b2c02c80, 0x000074b1b2c02d40] 
[3,079s][debug][gc,nmethod     ] GC(0) O: Unregister NMethod: java.lang.String.startsWith (0x000074b19340f888) [0x000074b19340f980, 0x000074b193410c00] 
[3,079s][debug][gc,nmethod     ] GC(0) O: Unregister NMethod: jdk.internal.loader.URLClassPath$JarLoader.getResource (0x000074b1b2c3f288) [0x000074b1b2c3f380, 0x000074b1b2c40ad8] 
[3,079s][debug][gc,nmethod     ] GC(0) O: Unregister NMethod: jdk.internal.loader.URLClassPath$JarLoader.getResource (0x000074b1b2c46d88) [0x000074b1b2c46e80, 0x000074b1b2c485c8] 
[3,079s][debug][gc,nmethod     ] GC(0) O: Unregister NMethod: java.util.Objects.requireNonNull (0x000074b193421988) [0x000074b193421a80, 0x000074b193421c58] 
[3,079s][debug][gc,nmethod     ] GC(0) O: Unregister NMethod: java.util.jar.JarFile.isMultiRelease (0x000074b19357ea08) [0x000074b19357eb00, 0x000074b19357ecf8] 
[3,079s][debug][gc,nmethod     ] GC(0) O: Unregister NMethod: jdk.internal.classfile.impl.RawBytecodeHelper.endBci (0x000074b193449988) [0x000074b193449a80, 0x000074b193449bb8] 
[3,079s][debug][gc,nmethod     ] GC(0) O: Unregister NMethod: java.util.Collections$UnmodifiableSet.<init> (0x000074b1938e7508) [0x000074b1938e7600, 0x000074b1938e7920] 
[3,079s][debug][gc,nmethod     ] GC(0) O: Unregister NMethod: jdk.internal.util.ArraysSupport.unsignedHashCode (0x000074b193400008) [0x000074b193400100, 0x000074b193400310] 
[3,080s][debug][gc,nmethod     ] GC(0) O: Unregister NMethod: java.math.BigInteger.implMulAdd (0x000074b19374cb08) [0x000074b19374cc00, 0x000074b19374ce20] 
[3,080s][debug][gc,nmethod     ] GC(0) O: Unregister NMethod: java.util.concurrent.ConcurrentHashMap.spread (0x000074b193412c88) [0x000074b193412d80, 0x000074b193412e70] 
[3,080s][debug][gc,nmethod     ] GC(0) O: Unregister NMethod: java.lang.String.<init> (0x000074b1934e1b88) [0x000074b1934e1c80, 0x000074b1934e5c58] 
[3,080s][debug][gc,nmethod     ] GC(0) O: Unregister NMethod: java.lang.StringCoding.countNonZeroAsciiLatin1 (0x000074b19341df88) [0x000074b19341e080, 0x000074b19341e288] 
[3,080s][debug][gc,nmethod     ] GC(0) O: Unregister NMethod: java.util.WeakHashMap.remove (0x000074b1934ce388) [0x000074b1934ce480, 0x000074b1934cf890] 
[3,080s][debug][gc,nmethod     ] GC(0) O: Unregister NMethod: java.lang.String.hashCode (0x000074b193400988) [0x000074b193400a80, 0x000074b193401028] 
[3,080s][debug][gc,nmethod     ] GC(0) O: Unregister NMethod: java.util.regex.Pattern$$Lambda/0x00000000610b27a0.is (0x000074b193621f08) [0x000074b193622000, 0x000074b1936221b0] 
[3,080s][debug][gc,nmethod     ] GC(0) O: Unregister NMethod: jdk.internal.loader.URLClassPath.getLoader (0x000074b193487b08) [0x000074b193487c00, 0x000074b193489ac8] 
[3,080s][debug][gc,nmethod     ] GC(0) O: Unregister NMethod: java.util.zip.ZipUtils.get16 (0x000074b19344d908) [0x000074b19344da00, 0x000074b19344de00] 
[3,080s][debug][gc,nmethod     ] GC(0) O: Unregister NMethod: java.lang.String.substring (0x000074b193441808) [0x000074b193441900, 0x000074b193442420] 
[3,080s][debug][gc,nmethod     ] GC(0) O: Unregister NMethod: java.lang.CharacterDataLatin1.isWhitespace (0x000074b1935b1508) [0x000074b1935b1600, 0x000074b1935b19a0] 
[3,080s][debug][gc,nmethod     ] GC(0) O: Unregister NMethod: java.util.BitSet.checkInvariants (0x000074b1935a5788) [0x000074b1935a5880, 0x000074b1935a59b0] 
[3,080s][debug][gc,nmethod     ] GC(0) O: Unregister NMethod: java.util.zip.ZipUtils.get32 (0x000074b193456188) [0x000074b193456280, 0x000074b193456688] 
[3,080s][debug][gc,nmethod     ] GC(0) O: Unregister NMethod: java.lang.AbstractStringBuilder.append (0x000074b19348ef88) [0x000074b19348f080, 0x000074b19348f538] 
[3,080s][debug][gc,nmethod     ] GC(0) O: Unregister NMethod: java.lang.AbstractStringBuilder.<init> (0x000074b193476108) [0x000074b193476200, 0x000074b193476488] 
[3,080s][debug][gc,nmethod     ] GC(0) O: Unregister NMethod: java.util.jar.JarFile.getJarEntry (0x000074b1b2c48608) [0x000074b1b2c48700, 0x000074b1b2c49d30] 
[3,080s][debug][gc,nmethod     ] GC(0) O: Unregister NMethod: java.lang.String.hashCode (0x000074b193417188) [0x000074b193417280, 0x000074b193417828] 
[3,080s][debug][gc,nmethod     ] GC(0) O: Unregister NMethod: jdk.internal.classfile.impl.EntryMap.firstToken (0x000074b193420e88) [0x000074b193420f80, 0x000074b193421470] 
[3,080s][debug][gc,nmethod     ] GC(0) O: Unregister NMethod: java.util.jar.JarFile.checkForSpecialAttributes (0x000074b1b2c36708) [0x000074b1b2c36800, 0x000074b1b2c37158] 
[3,080s][debug][gc,nmethod     ] GC(0) O: Unregister NMethod: java.lang.StringBuilder.toString (0x000074b193476508) [0x000074b193476600, 0x000074b193476a38] 
[3,080s][debug][gc,nmethod     ] GC(0) O: Unregister NMethod: java.util.HashMap.newNode (0x000074b19342ac08) [0x000074b19342ad00, 0x000074b19342b080] 
[3,080s][debug][gc,nmethod     ] GC(0) O: Unregister NMethod: jdk.internal.classfile.impl.BufWriterImpl.writeU1U2 (0x000074b1934e7988) [0x000074b1934e7a80, 0x000074b1934e7f18] 
[3,080s][debug][gc,nmethod     ] GC(0) O: Unregister NMethod: sun.util.locale.BaseLocale.hashCode (0x000074b193628888) [0x000074b193628980, 0x000074b19362c808] 
[3,080s][debug][gc,nmethod     ] GC(0) O: Unregister NMethod: java.lang.String.hashCode (0x000074b1b2bf2708) [0x000074b1b2bf2800, 0x000074b1b2bf29a0] 
[3,080s][debug][gc,nmethod     ] GC(0) O: Unregister NMethod: jdk.internal.util.ArraysSupport.mismatch (0x000074b193411908) [0x000074b193411a00, 0x000074b193411de0] 
[3,080s][debug][gc,nmethod     ] GC(0) O: Unregister NMethod: java.lang.String.equals (0x000074b193405b08) [0x000074b193405c00, 0x000074b1934062c0] 
[3,080s][debug][gc,nmethod     ] GC(0) O: Unregister NMethod: java.util.jar.JarFile.getJarEntry (0x000074b193487108) [0x000074b193487200, 0x000074b193487a98] 
[3,080s][debug][gc,nmethod     ] GC(0) O: Unregister NMethod: java.lang.String.isEmpty (0x000074b193411008) [0x000074b193411100, 0x000074b193411288] 
[3,080s][debug][gc,nmethod     ] GC(0) O: Unregister NMethod: java.util.concurrent.ConcurrentHashMap.get (0x000074b19341b788) [0x000074b19341b880, 0x000074b19341c898] 
[3,080s][debug][gc,nmethod     ] GC(0) O: Unregister NMethod: java.util.HashMap.afterNodeAccess (0x000074b193804008) [0x000074b193804100, 0x000074b193804200] 
[3,080s][debug][gc,nmethod     ] GC(0) O: Unregister NMethod: jdk.internal.loader.Resource.cachedInputStream (0x000074b19350c688) [0x000074b19350c780, 0x000074b19350cdf8] 
[3,080s][debug][gc,nmethod     ] GC(0) O: Unregister NMethod: java.util.LinkedHashMap.entrySet (0x000074b193804308) [0x000074b193804400, 0x000074b1938046f8] 
[3,080s][debug][gc,nmethod     ] GC(0) O: Unregister NMethod: java.util.Objects.requireNonNull (0x000074b193404388) [0x000074b193404480, 0x000074b193404650] 
[3,080s][debug][gc,nmethod     ] GC(0) O: Unregister NMethod: java.util.regex.Pattern$BmpCharPropertyGreedy.match (0x000074b193622208) [0x000074b193622300, 0x000074b193622c70] 
[3,080s][debug][gc,nmethod     ] GC(0) O: Unregister NMethod: jdk.internal.classfile.impl.BufWriterImpl.patchInt (0x000074b1935f4b08) [0x000074b1935f4c00, 0x000074b1935f4de0] 
[3,080s][debug][gc,nmethod     ] GC(0) O: Unregister NMethod: jdk.internal.classfile.impl.SplitConstantPool.utf8Entry (0x000074b193469008) [0x000074b193469100, 0x000074b193469bf8] 
[3,080s][debug][gc,nmethod     ] GC(0) O: Unregister NMethod: jdk.internal.misc.Unsafe.getShortUnaligned (0x000074b19344de88) [0x000074b19344df80, 0x000074b19344e1a8] 
[3,080s][debug][gc,nmethod     ] GC(0) O: Unregister NMethod: java.lang.invoke.MethodType.parameterCount (0x000074b193421f88) [0x000074b193422080, 0x000074b1934221b8] 
[3,080s][debug][gc,nmethod     ] GC(0) O: Unregister NMethod: java.util.zip.ZipFile.ensureOpen (0x000074b193479208) [0x000074b193479300, 0x000074b1934795d0] 
[3,080s][debug][gc,nmethod     ] GC(0) O: Unregister NMethod: java.util.jar.JarFile.checkForSpecialAttributes (0x000074b1934c4b88) [0x000074b1934c4c80, 0x000074b1934c6260] 
[3,080s][debug][gc,nmethod     ] GC(0) O: Unregister NMethod: jdk.internal.constant.MethodTypeDescImpl.parameterCount (0x000074b1934c0888) [0x000074b1934c0980, 0x000074b1934c0ab8] 
[3,080s][debug][gc,nmethod     ] GC(0) O: Unregister NMethod: java.util.zip.ZipFile.zipCoderFor (0x000074b19346f208) [0x000074b19346f300, 0x000074b19346f750] 
[3,080s][debug][gc,nmethod     ] GC(0) O: Unregister NMethod: java.util.HashMap.get (0x000074b193430488) [0x000074b193430580, 0x000074b193430918] 
[3,080s][debug][gc,nmethod     ] GC(0) O: Unregister NMethod: java.util.jar.JarFile.getEntry (0x000074b1934c2608) [0x000074b1934c2700, 0x000074b1934c2e48] 
[3,080s][debug][gc,nmethod     ] GC(0) O: Unregister NMethod: java.util.jar.JarFile.checkForSpecialAttributes (0x000074b193480608) [0x000074b193480700, 0x000074b193481c68] 
[3,080s][debug][gc,nmethod     ] GC(0) O: Unregister NMethod: jdk.internal.classfile.impl.AbstractPoolEntry$Utf8EntryImpl.<init> (0x000074b19345ea08) [0x000074b19345eb00, 0x000074b19345f368] 
[3,080s][debug][gc,nmethod     ] GC(0) O: Unregister NMethod: java.lang.StringLatin1.equals (0x000074b193402088) [0x000074b193402180, 0x000074b1934023e8] 
[3,080s][debug][gc,nmethod     ] GC(0) O: Unregister NMethod: java.util.jar.JarFile.getJarEntry (0x000074b1934c1188) [0x000074b1934c1280, 0x000074b1934c1780] 
[3,080s][debug][gc,nmethod     ] GC(0) O: Unregister NMethod: java.util.concurrent.ConcurrentHashMap.setTabAt (0x000074b19346a988) [0x000074b19346aa80, 0x000074b19346ad80] 
[3,080s][debug][gc,nmethod     ] GC(0) O: Unregister NMethod: jdk.internal.util.ArraysSupport.hashCode (0x000074b19373fc88) [0x000074b19373fd80, 0x000074b193740230] 
[3,080s][debug][gc,nmethod     ] GC(0) O: Unregister NMethod: jdk.internal.util.ArraysSupport.vectorizedHashCode (0x000074b1b2c61608) [0x000074b1b2c61840, 0x000074b1b2c61f08] 
[3,081s][debug][gc,nmethod     ] GC(0) O: Unregister NMethod: java.util.Arrays.fill (0x000074b1935c2f88) [0x000074b1935c3080, 0x000074b1935c34a8] 
[3,081s][debug][gc,nmethod     ] GC(0) O: Unregister NMethod: org.junit.platform.commons.util.AnnotationUtils.findRepeatableAnnotations (0x000074b19386d208) [0x000074b19386d300, 0x000074b193872800] 
[3,081s][debug][gc,nmethod     ] GC(0) O: Unregister NMethod: jdk.internal.classfile.impl.Util.isDoubleSlot (0x000074b1936a4b88) [0x000074b1936a4c80, 0x000074b1936a4df0] 
[3,081s][debug][gc,nmethod     ] GC(0) O: Unregister NMethod: java.util.regex.Pattern$BmpCharPropertyGreedy.match (0x000074b1b2c29888) [0x000074b1b2c29980, 0x000074b1b2c29d50] 
[3,081s][debug][gc,nmethod     ] GC(0) O: Unregister NMethod: java.util.HashMap.put (0x000074b1b2c2dc08) [0x000074b1b2c2dd20, 0x000074b1b2c2f528] 
[3,081s][debug][gc,nmethod     ] GC(0) O: Unregister NMethod: java.lang.String.<init> (0x000074b193418888) [0x000074b193418980, 0x000074b193418b58] 
[3,081s][debug][gc,nmethod     ] GC(0) O: Unregister NMethod: jdk.internal.classfile.impl.AbstractPoolEntry.maybeClone (0x000074b193448f08) [0x000074b193449000, 0x000074b193449968] 
[3,081s][debug][gc,nmethod     ] GC(0) O: Unregister NMethod: sun.nio.fs.UnixPath.checkNotNul (0x000074b19346d708) [0x000074b19346d800, 0x000074b19346d9a0] 
[3,081s][debug][gc,nmethod     ] GC(0) O: Unregister NMethod: java.util.LinkedHashMap.get (0x000074b1934dfa88) [0x000074b1934dfb80, 0x000074b1934dff98] 
[3,081s][debug][gc,nmethod     ] GC(0) O: Unregister NMethod: jdk.internal.jimage.ImageStringsReader.unmaskedHashCode (0x000074b193519a88) [0x000074b193519b80, 0x000074b19351ad80] 
[3,081s][debug][gc,nmethod     ] GC(0) O: Unregister NMethod: java.lang.StringCoding.countPositives (0x000074b19346d388) [0x000074b19346d480, 0x000074b19346d688] 
[3,081s][debug][gc,nmethod     ] GC(0) O: Unregister NMethod: java.util.LinkedHashMap$LinkedHashIterator.nextNode (0x000074b1936ec088) [0x000074b1936ec180, 0x000074b1936ec640] 
[3,081s][debug][gc,nmethod     ] GC(0) O: Unregister NMethod: jdk.internal.misc.Unsafe.putReferenceRelease (0x000074b19346a008) [0x000074b19346a100, 0x000074b19346a278] 
[3,081s][debug][gc,nmethod     ] GC(0) O: Unregister NMethod: java.lang.String.replace (0x000074b19346a308) [0x000074b19346a400, 0x000074b19346a908] 
[3,081s][debug][gc,nmethod     ] GC(0) O: Unregister NMethod: java.util.Arrays.copyOf (0x000074b193473788) [0x000074b193473880, 0x000074b193473c48] 
[3,081s][debug][gc,nmethod     ] GC(0) O: Unregister NMethod: java.math.BigInteger.addOne (0x000074b19374ce88) [0x000074b19374cf80, 0x000074b19374d298] 
[3,081s][debug][gc,nmethod     ] GC(0) O: Unregister NMethod: java.lang.String.isLatin1 (0x000074b19340d408) [0x000074b19340d500, 0x000074b19340d660] 
[3,081s][debug][gc,nmethod     ] GC(0) O: Unregister NMethod: jdk.internal.loader.URLClassPath$JarLoader.findResource (0x000074b19367a288) [0x000074b19367a380, 0x000074b19367a588] 
[3,081s][debug][gc,nmethod     ] GC(0) O: Unregister NMethod: java.util.HashMap.putVal (0x000074b19342c608) [0x000074b19342c700, 0x000074b19342e3f0] 
[3,081s][debug][gc,nmethod     ] GC(0) O: Unregister NMethod: java.util.zip.ZipFile$Source.getEntryPos (0x000074b193482388) [0x000074b193482480, 0x000074b193484128] 
[3,081s][debug][gc,nmethod     ] GC(0) O: Unregister NMethod: jdk.internal.classfile.impl.AbstractPoolEntry$Utf8EntryImpl.writeTo (0x000074b19345f388) [0x000074b19345f480, 0x000074b19345fc90] 
[3,081s][debug][gc,nmethod     ] GC(0) O: Unregister NMethod: java.io.BufferedInputStream.getBufIfOpen (0x000074b193450408) [0x000074b193450500, 0x000074b193450638] 
[3,081s][debug][gc,nmethod     ] GC(0) O: Unregister NMethod: java.net.URLClassLoader.findClass (0x000074b193604388) [0x000074b193604480, 0x000074b1936070a0] 
[3,081s][debug][gc,nmethod     ] GC(0) O: Unregister NMethod: jdk.internal.classfile.impl.StackMapGenerator.processBlock (0x000074b19348f588) [0x000074b19348f680, 0x000074b1934be948] 
[3,081s][debug][gc,nmethod     ] GC(0) O: Unregister NMethod: java.net.URLClassLoader.defineClass (0x000074b193686808) [0x000074b193686900, 0x000074b19368b128] 
[3,081s][debug][gc,nmethod     ] GC(0) O: Unregister NMethod: java.lang.Object.equals (0x000074b19343a588) [0x000074b19343a680, 0x000074b19343a7d0] 
[3,081s][debug][gc,phases      ] GC(0) O: Concurrent Classes Unlink 5,661ms
[3,084s][debug][gc,phases,start] GC(0) O: Concurrent Classes Purge
[3,084s][debug][gc,nmethod     ] GC(0) O: Purge NMethod: java.util.zip.ZipFile$Source.isMetaName (0x000074b1b2c11308) [0x000074b1b2c11400, 0x000074b1b2c11730] 
[3,084s][debug][gc,nmethod     ] GC(0) O: Purge NMethod: java.lang.AbstractStringBuilder.append (0x000074b19344c288) [0x000074b19344c380, 0x000074b19344cfd0] 
[3,084s][debug][gc,nmethod     ] GC(0) O: Purge NMethod: java.lang.StringBuilder.append (0x000074b19344bf88) [0x000074b19344c080, 0x000074b19344c1c8] 
[3,084s][debug][gc,nmethod     ] GC(0) O: Purge NMethod: java.util.concurrent.ConcurrentHashMap.tabAt (0x000074b193412608) [0x000074b193412700, 0x000074b193412c48] 
[3,084s][debug][gc,nmethod     ] GC(0) O: Purge NMethod: java.util.LinkedHashMap$LinkedHashIterator.hasNext (0x000074b1936e9388) [0x000074b1936e9480, 0x000074b1936e9600] 
[3,084s][debug][gc,nmethod     ] GC(0) O: Purge NMethod: java.util.HashMap.get (0x000074b193432688) [0x000074b193432780, 0x000074b193432b18] 
[3,084s][debug][gc,nmethod     ] GC(0) O: Purge NMethod: java.lang.invoke.MethodType.parameterType (0x000074b19344b988) [0x000074b19344ba80, 0x000074b19344bc08] 
[3,084s][debug][gc,nmethod     ] GC(0) O: Purge NMethod: jdk.internal.loader.URLClassPath$JarLoader.ensureOpen (0x000074b193481c88) [0x000074b193481d80, 0x000074b193481fe8] 
[3,084s][debug][gc,nmethod     ] GC(0) O: Purge NMethod: java.util.HashMap.getNode (0x000074b19342ea08) [0x000074b19342eb00, 0x000074b19342fe10] 
[3,084s][debug][gc,nmethod     ] GC(0) O: Purge NMethod: jdk.internal.misc.Unsafe.getIntUnaligned (0x000074b193456708) [0x000074b193456800, 0x000074b193456a48] 
[3,084s][debug][gc,nmethod     ] GC(0) O: Purge NMethod: java.util.zip.CRC32.<init> (0x000074b1935dcd08) [0x000074b1935dce00, 0x000074b1935dcf58] 
[3,084s][debug][gc,nmethod     ] GC(0) O: Purge NMethod: java.lang.StringLatin1.lastIndexOf (0x000074b193421488) [0x000074b193421580, 0x000074b193421948] 
[3,084s][debug][gc,nmethod     ] GC(0) O: Purge NMethod: jdk.internal.loader.URLClassPath$JarLoader.getResource (0x000074b1934c1788) [0x000074b1934c1880, 0x000074b1934c21b0] 
[3,084s][debug][gc,nmethod     ] GC(0) O: Purge NMethod: java.util.jar.JarFile.getEntry (0x000074b19348a408) [0x000074b19348a500, 0x000074b19348ac48] 
[3,084s][debug][gc,nmethod     ] GC(0) O: Purge NMethod: jdk.internal.classfile.impl.BufWriterImpl.cpIndex (0x000074b19345fd08) [0x000074b19345fe00, 0x000074b193461df8] 
[3,084s][debug][gc,nmethod     ] GC(0) O: Purge NMethod: java.lang.String.isLatin1 (0x000074b1b2be7488) [0x000074b1b2be7580, 0x000074b1b2be7640] 
[3,084s][debug][gc,nmethod     ] GC(0) O: Purge NMethod: java.lang.StringBuilder.<init> (0x000074b193478008) [0x000074b193478100, 0x000074b193478238] 
[3,084s][debug][gc,nmethod     ] GC(0) O: Purge NMethod: java.util.ArrayList$Itr.<init> (0x000074b1935b4488) [0x000074b1935b4580, 0x000074b1935b48b0] 
[3,084s][debug][gc,nmethod     ] GC(0) O: Purge NMethod: java.lang.ref.ReferenceQueue.poll (0x000074b193417c88) [0x000074b193417d80, 0x000074b1934181a0] 
[3,084s][debug][gc,nmethod     ] GC(0) O: Purge NMethod: sun.reflect.annotation.AnnotationInvocationHandler.memberValueHashCode (0x000074b1937d5f88) [0x000074b1937d6080, 0x000074b1937d8280] 
[3,084s][debug][gc,nmethod     ] GC(0) O: Purge NMethod: java.io.BufferedInputStream.getBufIfOpen (0x000074b193450708) [0x000074b193450800, 0x000074b193450c18] 
[3,084s][debug][gc,nmethod     ] GC(0) O: Purge NMethod: java.io.BufferedInputStream.read (0x000074b193451508) [0x000074b193451600, 0x000074b193451a58] 
[3,084s][debug][gc,nmethod     ] GC(0) O: Purge NMethod: java.util.BitSet.wordIndex (0x000074b1935a5488) [0x000074b1935a5580, 0x000074b1935a5668] 
[3,084s][debug][gc,nmethod     ] GC(0) O: Purge NMethod: java.lang.StringLatin1.getBytes (0x000074b193467808) [0x000074b193467900, 0x000074b193467a98] 
[3,084s][debug][gc,nmethod     ] GC(0) O: Purge NMethod: sun.reflect.generics.parser.SignatureParser.advance (0x000074b1935af988) [0x000074b1935afa80, 0x000074b1935b0098] 
[3,084s][debug][gc,nmethod     ] GC(0) O: Purge NMethod: java.util.LinkedHashMap.afterNodeInsertion (0x000074b193524508) [0x000074b193524600, 0x000074b193524808] 
[3,084s][debug][gc,nmethod     ] GC(0) O: Purge NMethod: jdk.internal.classfile.impl.SplitConstantPool.canWriteDirect (0x000074b193449c88) [0x000074b193449d80, 0x000074b19344a078] 
[3,084s][debug][gc,nmethod     ] GC(0) O: Purge NMethod: jdk.internal.classfile.impl.SplitConstantPool.map (0x000074b193419788) [0x000074b1934198a0, 0x000074b19341afa0] 
[3,084s][debug][gc,nmethod     ] GC(0) O: Purge NMethod: sun.reflect.annotation.AnnotationInvocationHandler.invoke (0x000074b1937d2488) [0x000074b1937d2580, 0x000074b1937d4810] 
[3,084s][debug][gc,nmethod     ] GC(0) O: Purge NMethod: java.lang.invoke.MemberName.getModifiers (0x000074b193507a08) [0x000074b193507b00, 0x000074b193507c08] 
[3,084s][debug][gc,nmethod     ] GC(0) O: Purge NMethod: java.util.HashMap.resize (0x000074b19343dd08) [0x000074b19343de20, 0x000074b19343fb00] 
[3,084s][debug][gc,nmethod     ] GC(0) O: Purge NMethod: java.util.zip.ZipFile.getEntry (0x000074b193486308) [0x000074b193486400, 0x000074b1934869c8] 
[3,084s][debug][gc,nmethod     ] GC(0) O: Purge NMethod: java.nio.DirectLongBufferU.ix (0x000074b193489e08) [0x000074b193489f00, 0x000074b19348a010] 
[3,084s][debug][gc,nmethod     ] GC(0) O: Purge NMethod: java.io.BufferedInputStream.getBufIfOpen (0x000074b1b2bfb688) [0x000074b1b2bfb780, 0x000074b1b2bfb8b0] 
[3,084s][debug][gc,nmethod     ] GC(0) O: Purge NMethod: java.lang.String.toString (0x000074b1934e7688) [0x000074b1934e7780, 0x000074b1934e7880] 
[3,084s][debug][gc,nmethod     ] GC(0) O: Purge NMethod: java.util.concurrent.ConcurrentHashMap.putVal (0x000074b1b2c31888) [0x000074b1b2c31980, 0x000074b1b2c32a68] 
[3,084s][debug][gc,nmethod     ] GC(0) O: Purge NMethod: java.util.HashMap.resize (0x000074b1b2bf7e88) [0x000074b1b2bf7fa0, 0x000074b1b2bf8ae0] 
[3,084s][debug][gc,nmethod     ] GC(0) O: Purge NMethod: java.math.BigInteger.mulAdd (0x000074b19374d308) [0x000074b19374d400, 0x000074b19374d590] 
[3,084s][debug][gc,nmethod     ] GC(0) O: Purge NMethod: java.util.zip.Checksum.update (0x000074b1935e5308) [0x000074b1935e5400, 0x000074b1935e5578] 
[3,084s][debug][gc,nmethod     ] GC(0) O: Purge NMethod: worker.org.gradle.internal.stream.EncodedStream$EncodedInput.hexToByte (0x000074b193450c88) [0x000074b193450d80, 0x000074b1934514c8] 
[3,084s][debug][gc,nmethod     ] GC(0) O: Purge NMethod: java.util.HashMap.put (0x000074b193434508) [0x000074b193434600, 0x000074b193434be8] 
[3,084s][debug][gc,nmethod     ] GC(0) O: Purge NMethod: java.lang.AbstractStringBuilder.needsNewBuffer (0x000074b1b2c1b608) [0x000074b1b2c1b700, 0x000074b1b2c1b7e8] 
[3,084s][debug][gc,nmethod     ] GC(0) O: Purge NMethod: java.lang.AbstractStringBuilder.needsNewBuffer (0x000074b193444688) [0x000074b193444780, 0x000074b193444920] 
[3,084s][debug][gc,nmethod     ] GC(0) O: Purge NMethod: java.util.Objects.equals (0x000074b193406308) [0x000074b193406400, 0x000074b193406788] 
[3,084s][debug][gc,nmethod     ] GC(0) O: Purge NMethod: java.lang.module.ModuleDescriptor$Exports.isQualified (0x000074b193428d88) [0x000074b193428e80, 0x000074b193429210] 
[3,084s][debug][gc,nmethod     ] GC(0) O: Purge NMethod: java.util.LinkedHashMap$LinkedEntryIterator.next (0x000074b1937d4888) [0x000074b1937d4980, 0x000074b1937d4e90] 
[3,084s][debug][gc,nmethod     ] GC(0) O: Purge NMethod: jdk.internal.classfile.impl.SplitConstantPool.entryByIndex (0x000074b19341ec88) [0x000074b19341ed80, 0x000074b193420e30] 
[3,084s][debug][gc,nmethod     ] GC(0) O: Purge NMethod: jdk.internal.classfile.impl.EntryMap.put (0x000074b193424108) [0x000074b193424200, 0x000074b1934248d0] 
[3,084s][debug][gc,nmethod     ] GC(0) O: Purge NMethod: java.lang.System$1.uncheckedCountPositives (0x000074b19346fa88) [0x000074b19346fb80, 0x000074b19346fdd8] 
[3,084s][debug][gc,nmethod     ] GC(0) O: Purge NMethod: java.lang.ref.Reference.reachabilityFence (0x000074b193475088) [0x000074b193475180, 0x000074b193475260] 
[3,084s][debug][gc,nmethod     ] GC(0) O: Purge NMethod: jdk.internal.util.ArraysSupport.vectorizedHashCode (0x000074b193402408) [0x000074b193402500, 0x000074b193404358] 
[3,084s][debug][gc,nmethod     ] GC(0) O: Purge NMethod: worker.org.gradle.internal.stream.EncodedStream$EncodedInput.read (0x000074b193451a88) [0x000074b193451b80, 0x000074b1934522d8] 
[3,084s][debug][gc,nmethod     ] GC(0) O: Purge NMethod: jdk.internal.util.ArraysSupport.hashCodeOfUnsigned (0x000074b193401d08) [0x000074b193401e00, 0x000074b193402078] 
[3,084s][debug][gc,nmethod     ] GC(0) O: Purge NMethod: java.util.ArrayList$Itr.next (0x000074b19356f408) [0x000074b19356f500, 0x000074b19356faf0] 
[3,084s][debug][gc,nmethod     ] GC(0) O: Purge NMethod: java.lang.String.charAt (0x000074b19340e108) [0x000074b19340e200, 0x000074b19340e790] 
[3,084s][debug][gc,nmethod     ] GC(0) O: Purge NMethod: java.util.ImmutableCollections$ListN.size (0x000074b1935a5a88) [0x000074b1935a5b80, 0x000074b1935a5cb8] 
[3,084s][debug][gc,nmethod     ] GC(0) O: Purge NMethod: sun.reflect.generics.parser.SignatureParser.current (0x000074b1935b0108) [0x000074b1935b0200, 0x000074b1935b1010] 
[3,084s][debug][gc,nmethod     ] GC(0) O: Purge NMethod: java.lang.Math.min (0x000074b193416b88) [0x000074b193416c80, 0x000074b193416da8] 
[3,085s][debug][gc,nmethod     ] GC(0) O: Purge NMethod: java.util.LinkedHashMap.get (0x000074b1937c9a88) [0x000074b1937c9b80, 0x000074b1937ca140] 
[3,085s][debug][gc,nmethod     ] GC(0) O: Purge NMethod: java.util.concurrent.ConcurrentHashMap.putVal (0x000074b193414588) [0x000074b193414680, 0x000074b193416b78] 
[3,085s][debug][gc,nmethod     ] GC(0) O: Purge NMethod: jdk.internal.loader.URLClassPath$JarLoader.getResource (0x000074b193486a08) [0x000074b193486b00, 0x000074b1934870d0] 
[3,085s][debug][gc,nmethod     ] GC(0) O: Purge NMethod: java.util.zip.ZipUtils.CENHOW (0x000074b19346e908) [0x000074b19346ea00, 0x000074b19346eb10] 
[3,085s][debug][gc,nmethod     ] GC(0) O: Purge NMethod: java.lang.Object.<init> (0x000074b193400388) [0x000074b193400480, 0x000074b193400580] 
[3,085s][debug][gc,nmethod     ] GC(0) O: Purge NMethod: java.lang.invoke.MemberName.getReferenceKind (0x000074b19347d888) [0x000074b19347d980, 0x000074b19347da90] 
[3,085s][debug][gc,nmethod     ] GC(0) O: Purge NMethod: java.util.zip.ZipFile$Source.checkAndAddEntry (0x000074b193471308) [0x000074b193471400, 0x000074b193473700] 
[3,085s][debug][gc,nmethod     ] GC(0) O: Purge NMethod: sun.reflect.annotation.AnnotationInvocationHandler.hashCodeImpl (0x000074b193805808) [0x000074b193805900, 0x000074b193806d80] 
[3,085s][debug][gc,nmethod     ] GC(0) O: Purge NMethod: jdk.internal.loader.URLClassPath$JarLoader$1.getBytes (0x000074b1935e4908) [0x000074b1935e4a00, 0x000074b1935e52e8] 
[3,085s][debug][gc,nmethod     ] GC(0) O: Purge NMethod: java.util.zip.ZipFile$CleanableResource.releaseInflater (0x000074b193549e08) [0x000074b193549f00, 0x000074b19354a458] 
[3,085s][debug][gc,nmethod     ] GC(0) O: Purge NMethod: java.util.WeakHashMap.put (0x000074b19352a188) [0x000074b19352a280, 0x000074b19352bbc0] 
[3,085s][debug][gc,nmethod     ] GC(0) O: Purge NMethod: java.lang.Integer.rotateLeft (0x000074b193575188) [0x000074b193575280, 0x000074b193575370] 
[3,085s][debug][gc,nmethod     ] GC(0) O: Purge NMethod: java.util.HashMap.putVal (0x000074b193435588) [0x000074b193435680, 0x000074b193437a10] 
[3,085s][debug][gc,nmethod     ] GC(0) O: Purge NMethod: java.util.Optional.empty (0x000074b193448088) [0x000074b193448180, 0x000074b193448268] 
[3,085s][debug][gc,nmethod     ] GC(0) O: Purge NMethod: java.lang.String.length (0x000074b19340cf88) [0x000074b19340d080, 0x000074b19340d400] 
[3,085s][debug][gc,nmethod     ] GC(0) O: Purge NMethod: java.lang.StringLatin1.indexOfChar (0x000074b19340ee08) [0x000074b19340ef00, 0x000074b19340f100] 
[3,085s][debug][gc,nmethod     ] GC(0) O: Purge NMethod: java.util.HashSet.add (0x000074b193434c08) [0x000074b193434d00, 0x000074b193435090] 
[3,085s][debug][gc,nmethod     ] GC(0) O: Purge NMethod: jdk.internal.classfile.impl.SplitConstantPool.tryFindUtf8 (0x000074b19345bf88) [0x000074b19345c080, 0x000074b19345d8b8] 
[3,085s][debug][gc,nmethod     ] GC(0) O: Purge NMethod: java.util.zip.ZipCoder$UTF8ZipCoder.checkedHash (0x000074b193470988) [0x000074b193470a80, 0x000074b193470ea0] 
[3,085s][debug][gc,nmethod     ] GC(0) O: Purge NMethod: java.lang.CharacterDataLatin1.equalsIgnoreCase (0x000074b1934c2208) [0x000074b1934c2300, 0x000074b1934c2598] 
[3,085s][debug][gc,nmethod     ] GC(0) O: Purge NMethod: jdk.internal.loader.Resource.getByteBuffer (0x000074b1935e3608) [0x000074b1935e3700, 0x000074b1935e4478] 
[3,085s][debug][gc,nmethod     ] GC(0) O: Purge NMethod: java.util.Arrays.fill (0x000074b1b2c72308) [0x000074b1b2c72400, 0x000074b1b2c72598] 
[3,085s][debug][gc,nmethod     ] GC(0) O: Purge NMethod: java.util.HashMap.afterNodeInsertion (0x000074b19342a908) [0x000074b19342aa00, 0x000074b19342ab00] 
[3,085s][debug][gc,nmethod     ] GC(0) O: Purge NMethod: java.lang.AbstractStringBuilder.isLatin1 (0x000074b19344bc88) [0x000074b19344bd80, 0x000074b19344bec0] 
[3,085s][debug][gc,nmethod     ] GC(0) O: Purge NMethod: java.lang.String.<init> (0x000074b193476a88) [0x000074b193476b80, 0x000074b193477520] 
[3,085s][debug][gc,nmethod     ] GC(0) O: Purge NMethod: java.util.concurrent.ConcurrentHashMap.addCount (0x000074b193413788) [0x000074b193413880, 0x000074b193414520] 
[3,085s][debug][gc,nmethod     ] GC(0) O: Purge NMethod: java.lang.String.coder (0x000074b19340cc88) [0x000074b19340cd80, 0x000074b19340cea8] 
[3,085s][debug][gc,nmethod     ] GC(0) O: Purge NMethod: java.lang.String.getBytes (0x000074b193418208) [0x000074b193418300, 0x000074b193418808] 
[3,085s][debug][gc,nmethod     ] GC(0) O: Purge NMethod: java.util.HashMap.putVal (0x000074b1b2bf5d88) [0x000074b1b2bf5ea0, 0x000074b1b2bf7860] 
[3,085s][debug][gc,nmethod     ] GC(0) O: Purge NMethod: java.util.jar.JarFile.getEntry (0x000074b1b2c3d988) [0x000074b1b2c3da80, 0x000074b1b2c3ef20] 
[3,085s][debug][gc,nmethod     ] GC(0) O: Purge NMethod: jdk.internal.classfile.impl.BufWriterImpl.writeU1 (0x000074b1934f5c08) [0x000074b1934f5d00, 0x000074b1934f6148] 
[3,085s][debug][gc,nmethod     ] GC(0) O: Purge NMethod: jdk.internal.classfile.impl.RawBytecodeHelper.next (0x000074b19344a088) [0x000074b19344a180, 0x000074b19344a8f8] 
[3,085s][debug][gc,nmethod     ] GC(0) O: Purge NMethod: jdk.internal.loader.Resource.getBytes (0x000074b1935d3688) [0x000074b1935d3780, 0x000074b1935d4c70] 
[3,085s][debug][gc,nmethod     ] GC(0) O: Purge NMethod: sun.util.locale.LocaleUtils.toLower (0x000074b193627b88) [0x000074b193627c80, 0x000074b193627e80] 
[3,085s][debug][gc,nmethod     ] GC(0) O: Purge NMethod: jdk.internal.misc.Unsafe.allocateUninitializedArray0 (0x000074b193424d88) [0x000074b193424e80, 0x000074b1934256a0] 
[3,085s][debug][gc,nmethod     ] GC(0) O: Purge NMethod: java.util.LinkedHashMap.newNode (0x000074b193523d88) [0x000074b193523e80, 0x000074b193524068] 
[3,085s][debug][gc,nmethod     ] GC(0) O: Purge NMethod: sun.net.www.ParseUtil.firstEncodeIndex (0x000074b193454588) [0x000074b193454680, 0x000074b193455558] 
[3,085s][debug][gc,nmethod     ] GC(0) O: Purge NMethod: java.util.ImmutableCollections$SetN$SetNIterator.hasNext (0x000074b193407288) [0x000074b193407380, 0x000074b1934074d0] 
[3,085s][debug][gc,nmethod     ] GC(0) O: Purge NMethod: java.util.zip.ZipFile$Source.isMetaName (0x000074b193526808) [0x000074b193526900, 0x000074b193526d60] 
[3,085s][debug][gc,nmethod     ] GC(0) O: Purge NMethod: java.util.zip.ZipCoder.hash (0x000074b193484e08) [0x000074b193484f00, 0x000074b193485d38] 
[3,085s][debug][gc,nmethod     ] GC(0) O: Purge NMethod: java.util.zip.ZipUtils.CENSIZ (0x000074b19346e308) [0x000074b19346e400, 0x000074b19346e510] 
[3,085s][debug][gc,nmethod     ] GC(0) O: Purge NMethod: java.util.ImmutableCollections$SetN.probe (0x000074b193401088) [0x000074b193401180, 0x000074b1934019a8] 
[3,085s][debug][gc,nmethod     ] GC(0) O: Purge NMethod: jdk.internal.misc.Unsafe.allocateUninitializedArray (0x000074b193425708) [0x000074b193425800, 0x000074b193425dc8] 
[3,085s][debug][gc,nmethod     ] GC(0) O: Purge NMethod: java.util.Objects.equals (0x000074b1b2c68288) [0x000074b1b2c68380, 0x000074b1b2c68838] 
[3,085s][debug][gc,nmethod     ] GC(0) O: Purge NMethod: java.util.zip.ZipFile$Source.nextEntryPos (0x000074b193470f08) [0x000074b193471000, 0x000074b1934712b8] 
[3,085s][debug][gc,nmethod     ] GC(0) O: Purge NMethod: jdk.internal.classfile.impl.SplitConstantPool.internalAdd (0x000074b193425e08) [0x000074b193425f00, 0x000074b193426ce8] 
[3,085s][debug][gc,nmethod     ] GC(0) O: Purge NMethod: java.lang.String.charAt (0x000074b19366f388) [0x000074b19366f480, 0x000074b19366fbb8] 
[3,085s][debug][gc,nmethod     ] GC(0) O: Purge NMethod: java.math.BigInteger.implMulAddCheck (0x000074b19374d608) [0x000074b19374d700, 0x000074b193751690] 
[3,085s][debug][gc,nmethod     ] GC(0) O: Purge NMethod: java.lang.CharacterData.of (0x000074b1934e5f88) [0x000074b1934e6080, 0x000074b1934e67c0] 
[3,085s][debug][gc,nmethod     ] GC(0) O: Purge NMethod: java.util.zip.ZipFile$CleanableResource.getInflater (0x000074b193546a88) [0x000074b193546b80, 0x000074b1935472b0] 
[3,085s][debug][gc,nmethod     ] GC(0) O: Purge NMethod: java.lang.StringUTF16.getChar (0x000074b19366f088) [0x000074b19366f180, 0x000074b19366f2e0] 
[3,085s][debug][gc,nmethod     ] GC(0) O: Purge NMethod: java.util.ArrayList.add (0x000074b193474108) [0x000074b193474200, 0x000074b193474770] 
[3,085s][debug][gc,nmethod     ] GC(0) O: Purge NMethod: java.lang.Math.max (0x000074b193448888) [0x000074b193448980, 0x000074b193448aa8] 
[3,085s][debug][gc,nmethod     ] GC(0) O: Purge NMethod: java.util.jar.JarFile.isMultiRelease (0x000074b193484188) [0x000074b193484280, 0x000074b193484478] 
[3,085s][debug][gc,nmethod     ] GC(0) O: Purge NMethod: java.util.jar.Manifest$FastInputStream.readLine (0x000074b193484488) [0x000074b193484580, 0x000074b193484dd8] 
[3,085s][debug][gc,nmethod     ] GC(0) O: Purge NMethod: java.lang.CharacterDataLatin1.getProperties (0x000074b1934e5c88) [0x000074b1934e5d80, 0x000074b1934e5eb0] 
[3,085s][debug][gc,nmethod     ] GC(0) O: Purge NMethod: java.lang.StringLatin1.canEncode (0x000074b19344d008) [0x000074b19344d100, 0x000074b19344d260] 
[3,085s][debug][gc,nmethod     ] GC(0) O: Purge NMethod: java.lang.Class.isArray (0x000074b19341dc88) [0x000074b19341dd80, 0x000074b19341df00] 
[3,085s][debug][gc,nmethod     ] GC(0) O: Purge NMethod: java.util.ImmutableCollections$SetN$SetNIterator.next (0x000074b193412f88) [0x000074b193413080, 0x000074b1934133f8] 
[3,085s][debug][gc,nmethod     ] GC(0) O: Purge NMethod: java.lang.String.hashCode (0x000074b1b2be8088) [0x000074b1b2be8180, 0x000074b1b2be8320] 
[3,085s][debug][gc,nmethod     ] GC(0) O: Purge NMethod: java.util.zip.ZipFile$Source.isMetaName (0x000074b193470408) [0x000074b193470500, 0x000074b193470960] 
[3,085s][debug][gc,nmethod     ] GC(0) O: Purge NMethod: java.nio.DirectByteBuffer.get (0x000074b1934bf108) [0x000074b1934bf200, 0x000074b1934c0000] 
[3,085s][debug][gc,nmethod     ] GC(0) O: Purge NMethod: java.lang.StringLatin1.replace (0x000074b193453388) [0x000074b193453480, 0x000074b193454520] 
[3,085s][debug][gc,nmethod     ] GC(0) O: Purge NMethod: java.lang.ClassLoader.checkName (0x000074b19347f788) [0x000074b19347f880, 0x000074b1934805c8] 
[3,085s][debug][gc,nmethod     ] GC(0) O: Purge NMethod: java.util.HashMap.put (0x000074b19342b088) [0x000074b19342b180, 0x000074b19342b768] 
[3,085s][debug][gc,nmethod     ] GC(0) O: Purge NMethod: java.lang.String.indexOf (0x000074b19340f108) [0x000074b19340f200, 0x000074b19340f828] 
[3,085s][debug][gc,nmethod     ] GC(0) O: Purge NMethod: java.util.Arrays.copyOfRange (0x000074b19343fb08) [0x000074b19343fc00, 0x000074b193440ed0] 
[3,085s][debug][gc,nmethod     ] GC(0) O: Purge NMethod: java.lang.String.charAt (0x000074b1b2be7d88) [0x000074b1b2be7e80, 0x000074b1b2be7fb0] 
[3,085s][debug][gc,nmethod     ] GC(0) O: Purge NMethod: java.util.concurrent.ConcurrentHashMap.casTabAt (0x000074b193443a08) [0x000074b193443b00, 0x000074b193443c70] 
[3,085s][debug][gc,nmethod     ] GC(0) O: Purge NMethod: java.lang.StringLatin1.indexOf (0x000074b193411308) [0x000074b193411400, 0x000074b193411888] 
[3,085s][debug][gc,nmethod     ] GC(0) O: Purge NMethod: jdk.internal.util.ReferencedKeyMap.removeStaleReferences (0x000074b193418b88) [0x000074b193418c80, 0x000074b1934192a0] 
[3,085s][debug][gc,nmethod     ] GC(0) O: Purge NMethod: java.util.HashSet.add (0x000074b19342fe88) [0x000074b19342ff80, 0x000074b193430160] 
[3,085s][debug][gc,nmethod     ] GC(0) O: Purge NMethod: java.lang.String.indexOf (0x000074b19351ba88) [0x000074b19351bb80, 0x000074b19351c680] 
[3,085s][debug][gc,nmethod     ] GC(0) O: Purge NMethod: java.nio.DirectByteBuffer.ix (0x000074b1934be988) [0x000074b1934bea80, 0x000074b1934beb88] 
[3,085s][debug][gc,nmethod     ] GC(0) O: Purge NMethod: jdk.internal.classfile.impl.RawBytecodeHelper.opcode (0x000074b19344b688) [0x000074b19344b780, 0x000074b19344b888] 
[3,085s][debug][gc,nmethod     ] GC(0) O: Purge NMethod: java.util.WeakHashMap.getTable (0x000074b19348b108) [0x000074b19348b200, 0x000074b19348b378] 
[3,085s][debug][gc,nmethod     ] GC(0) O: Purge NMethod: jdk.internal.misc.Unsafe.getIntUnaligned (0x000074b1b2c02b88) [0x000074b1b2c02c80, 0x000074b1b2c02d40] 
[3,085s][debug][gc,nmethod     ] GC(0) O: Purge NMethod: java.lang.String.startsWith (0x000074b19340f888) [0x000074b19340f980, 0x000074b193410c00] 
[3,085s][debug][gc,nmethod     ] GC(0) O: Purge NMethod: jdk.internal.loader.URLClassPath$JarLoader.getResource (0x000074b1b2c3f288) [0x000074b1b2c3f380, 0x000074b1b2c40ad8] 
[3,085s][debug][gc,nmethod     ] GC(0) O: Purge NMethod: jdk.internal.loader.URLClassPath$JarLoader.getResource (0x000074b1b2c46d88) [0x000074b1b2c46e80, 0x000074b1b2c485c8] 
[3,085s][debug][gc,nmethod     ] GC(0) O: Purge NMethod: java.util.Objects.requireNonNull (0x000074b193421988) [0x000074b193421a80, 0x000074b193421c58] 
[3,085s][debug][gc,nmethod     ] GC(0) O: Purge NMethod: java.util.jar.JarFile.isMultiRelease (0x000074b19357ea08) [0x000074b19357eb00, 0x000074b19357ecf8] 
[3,085s][debug][gc,nmethod     ] GC(0) O: Purge NMethod: jdk.internal.classfile.impl.RawBytecodeHelper.endBci (0x000074b193449988) [0x000074b193449a80, 0x000074b193449bb8] 
[3,085s][debug][gc,nmethod     ] GC(0) O: Purge NMethod: java.util.Collections$UnmodifiableSet.<init> (0x000074b1938e7508) [0x000074b1938e7600, 0x000074b1938e7920] 
[3,086s][debug][gc,nmethod     ] GC(0) O: Purge NMethod: jdk.internal.util.ArraysSupport.unsignedHashCode (0x000074b193400008) [0x000074b193400100, 0x000074b193400310] 
[3,086s][debug][gc,nmethod     ] GC(0) O: Purge NMethod: java.math.BigInteger.implMulAdd (0x000074b19374cb08) [0x000074b19374cc00, 0x000074b19374ce20] 
[3,086s][debug][gc,nmethod     ] GC(0) O: Purge NMethod: java.util.concurrent.ConcurrentHashMap.spread (0x000074b193412c88) [0x000074b193412d80, 0x000074b193412e70] 
[3,086s][debug][gc,nmethod     ] GC(0) O: Purge NMethod: java.lang.String.<init> (0x000074b1934e1b88) [0x000074b1934e1c80, 0x000074b1934e5c58] 
[3,086s][debug][gc,nmethod     ] GC(0) O: Purge NMethod: java.lang.StringCoding.countNonZeroAsciiLatin1 (0x000074b19341df88) [0x000074b19341e080, 0x000074b19341e288] 
[3,086s][debug][gc,nmethod     ] GC(0) O: Purge NMethod: java.util.WeakHashMap.remove (0x000074b1934ce388) [0x000074b1934ce480, 0x000074b1934cf890] 
[3,086s][debug][gc,nmethod     ] GC(0) O: Purge NMethod: java.lang.String.hashCode (0x000074b193400988) [0x000074b193400a80, 0x000074b193401028] 
[3,086s][debug][gc,nmethod     ] GC(0) O: Purge NMethod: java.util.regex.Pattern$$Lambda/0x00000000610b27a0.is (0x000074b193621f08) [0x000074b193622000, 0x000074b1936221b0] 
[3,086s][debug][gc,nmethod     ] GC(0) O: Purge NMethod: jdk.internal.loader.URLClassPath.getLoader (0x000074b193487b08) [0x000074b193487c00, 0x000074b193489ac8] 
[3,086s][debug][gc,nmethod     ] GC(0) O: Purge NMethod: java.util.zip.ZipUtils.get16 (0x000074b19344d908) [0x000074b19344da00, 0x000074b19344de00] 
[3,086s][debug][gc,nmethod     ] GC(0) O: Purge NMethod: java.lang.String.substring (0x000074b193441808) [0x000074b193441900, 0x000074b193442420] 
[3,086s][debug][gc,nmethod     ] GC(0) O: Purge NMethod: java.lang.CharacterDataLatin1.isWhitespace (0x000074b1935b1508) [0x000074b1935b1600, 0x000074b1935b19a0] 
[3,086s][debug][gc,nmethod     ] GC(0) O: Purge NMethod: java.util.BitSet.checkInvariants (0x000074b1935a5788) [0x000074b1935a5880, 0x000074b1935a59b0] 
[3,086s][debug][gc,nmethod     ] GC(0) O: Purge NMethod: java.util.zip.ZipUtils.get32 (0x000074b193456188) [0x000074b193456280, 0x000074b193456688] 
[3,086s][debug][gc,nmethod     ] GC(0) O: Purge NMethod: java.lang.AbstractStringBuilder.append (0x000074b19348ef88) [0x000074b19348f080, 0x000074b19348f538] 
[3,086s][debug][gc,nmethod     ] GC(0) O: Purge NMethod: java.lang.AbstractStringBuilder.<init> (0x000074b193476108) [0x000074b193476200, 0x000074b193476488] 
[3,086s][debug][gc,nmethod     ] GC(0) O: Purge NMethod: java.util.jar.JarFile.getJarEntry (0x000074b1b2c48608) [0x000074b1b2c48700, 0x000074b1b2c49d30] 
[3,086s][debug][gc,nmethod     ] GC(0) O: Purge NMethod: java.lang.String.hashCode (0x000074b193417188) [0x000074b193417280, 0x000074b193417828] 
[3,086s][debug][gc,nmethod     ] GC(0) O: Purge NMethod: jdk.internal.classfile.impl.EntryMap.firstToken (0x000074b193420e88) [0x000074b193420f80, 0x000074b193421470] 
[3,086s][debug][gc,nmethod     ] GC(0) O: Purge NMethod: java.util.jar.JarFile.checkForSpecialAttributes (0x000074b1b2c36708) [0x000074b1b2c36800, 0x000074b1b2c37158] 
[3,086s][debug][gc,nmethod     ] GC(0) O: Purge NMethod: java.lang.StringBuilder.toString (0x000074b193476508) [0x000074b193476600, 0x000074b193476a38] 
[3,086s][debug][gc,nmethod     ] GC(0) O: Purge NMethod: java.util.HashMap.newNode (0x000074b19342ac08) [0x000074b19342ad00, 0x000074b19342b080] 
[3,086s][debug][gc,nmethod     ] GC(0) O: Purge NMethod: jdk.internal.classfile.impl.BufWriterImpl.writeU1U2 (0x000074b1934e7988) [0x000074b1934e7a80, 0x000074b1934e7f18] 
[3,086s][debug][gc,nmethod     ] GC(0) O: Purge NMethod: sun.util.locale.BaseLocale.hashCode (0x000074b193628888) [0x000074b193628980, 0x000074b19362c808] 
[3,086s][debug][gc,nmethod     ] GC(0) O: Purge NMethod: java.lang.String.hashCode (0x000074b1b2bf2708) [0x000074b1b2bf2800, 0x000074b1b2bf29a0] 
[3,086s][debug][gc,nmethod     ] GC(0) O: Purge NMethod: jdk.internal.util.ArraysSupport.mismatch (0x000074b193411908) [0x000074b193411a00, 0x000074b193411de0] 
[3,086s][debug][gc,nmethod     ] GC(0) O: Purge NMethod: java.lang.String.equals (0x000074b193405b08) [0x000074b193405c00, 0x000074b1934062c0] 
[3,086s][debug][gc,nmethod     ] GC(0) O: Purge NMethod: java.util.jar.JarFile.getJarEntry (0x000074b193487108) [0x000074b193487200, 0x000074b193487a98] 
[3,086s][debug][gc,nmethod     ] GC(0) O: Purge NMethod: java.lang.String.isEmpty (0x000074b193411008) [0x000074b193411100, 0x000074b193411288] 
[3,086s][debug][gc,nmethod     ] GC(0) O: Purge NMethod: java.util.concurrent.ConcurrentHashMap.get (0x000074b19341b788) [0x000074b19341b880, 0x000074b19341c898] 
[3,086s][debug][gc,nmethod     ] GC(0) O: Purge NMethod: java.util.HashMap.afterNodeAccess (0x000074b193804008) [0x000074b193804100, 0x000074b193804200] 
[3,086s][debug][gc,nmethod     ] GC(0) O: Purge NMethod: jdk.internal.loader.Resource.cachedInputStream (0x000074b19350c688) [0x000074b19350c780, 0x000074b19350cdf8] 
[3,086s][debug][gc,nmethod     ] GC(0) O: Purge NMethod: java.util.LinkedHashMap.entrySet (0x000074b193804308) [0x000074b193804400, 0x000074b1938046f8] 
[3,086s][debug][gc,nmethod     ] GC(0) O: Purge NMethod: java.util.Objects.requireNonNull (0x000074b193404388) [0x000074b193404480, 0x000074b193404650] 
[3,086s][debug][gc,nmethod     ] GC(0) O: Purge NMethod: java.util.regex.Pattern$BmpCharPropertyGreedy.match (0x000074b193622208) [0x000074b193622300, 0x000074b193622c70] 
[3,086s][debug][gc,nmethod     ] GC(0) O: Purge NMethod: jdk.internal.classfile.impl.BufWriterImpl.patchInt (0x000074b1935f4b08) [0x000074b1935f4c00, 0x000074b1935f4de0] 
[3,086s][debug][gc,nmethod     ] GC(0) O: Purge NMethod: jdk.internal.classfile.impl.SplitConstantPool.utf8Entry (0x000074b193469008) [0x000074b193469100, 0x000074b193469bf8] 
[3,086s][debug][gc,nmethod     ] GC(0) O: Purge NMethod: jdk.internal.misc.Unsafe.getShortUnaligned (0x000074b19344de88) [0x000074b19344df80, 0x000074b19344e1a8] 
[3,086s][debug][gc,nmethod     ] GC(0) O: Purge NMethod: java.lang.invoke.MethodType.parameterCount (0x000074b193421f88) [0x000074b193422080, 0x000074b1934221b8] 
[3,086s][debug][gc,nmethod     ] GC(0) O: Purge NMethod: java.util.zip.ZipFile.ensureOpen (0x000074b193479208) [0x000074b193479300, 0x000074b1934795d0] 
[3,086s][debug][gc,nmethod     ] GC(0) O: Purge NMethod: java.util.jar.JarFile.checkForSpecialAttributes (0x000074b1934c4b88) [0x000074b1934c4c80, 0x000074b1934c6260] 
[3,086s][debug][gc,nmethod     ] GC(0) O: Purge NMethod: jdk.internal.constant.MethodTypeDescImpl.parameterCount (0x000074b1934c0888) [0x000074b1934c0980, 0x000074b1934c0ab8] 
[3,086s][debug][gc,nmethod     ] GC(0) O: Purge NMethod: java.util.zip.ZipFile.zipCoderFor (0x000074b19346f208) [0x000074b19346f300, 0x000074b19346f750] 
[3,086s][debug][gc,nmethod     ] GC(0) O: Purge NMethod: java.util.HashMap.get (0x000074b193430488) [0x000074b193430580, 0x000074b193430918] 
[3,086s][debug][gc,nmethod     ] GC(0) O: Purge NMethod: java.util.jar.JarFile.getEntry (0x000074b1934c2608) [0x000074b1934c2700, 0x000074b1934c2e48] 
[3,086s][debug][gc,nmethod     ] GC(0) O: Purge NMethod: java.util.jar.JarFile.checkForSpecialAttributes (0x000074b193480608) [0x000074b193480700, 0x000074b193481c68] 
[3,086s][debug][gc,nmethod     ] GC(0) O: Purge NMethod: jdk.internal.classfile.impl.AbstractPoolEntry$Utf8EntryImpl.<init> (0x000074b19345ea08) [0x000074b19345eb00, 0x000074b19345f368] 
[3,086s][debug][gc,nmethod     ] GC(0) O: Purge NMethod: java.lang.StringLatin1.equals (0x000074b193402088) [0x000074b193402180, 0x000074b1934023e8] 
[3,086s][debug][gc,nmethod     ] GC(0) O: Purge NMethod: java.util.jar.JarFile.getJarEntry (0x000074b1934c1188) [0x000074b1934c1280, 0x000074b1934c1780] 
[3,086s][debug][gc,nmethod     ] GC(0) O: Purge NMethod: java.util.concurrent.ConcurrentHashMap.setTabAt (0x000074b19346a988) [0x000074b19346aa80, 0x000074b19346ad80] 
[3,086s][debug][gc,nmethod     ] GC(0) O: Purge NMethod: jdk.internal.util.ArraysSupport.hashCode (0x000074b19373fc88) [0x000074b19373fd80, 0x000074b193740230] 
[3,086s][debug][gc,nmethod     ] GC(0) O: Purge NMethod: jdk.internal.util.ArraysSupport.vectorizedHashCode (0x000074b1b2c61608) [0x000074b1b2c61840, 0x000074b1b2c61f08] 
[3,086s][debug][gc,nmethod     ] GC(0) O: Purge NMethod: java.util.Arrays.fill (0x000074b1935c2f88) [0x000074b1935c3080, 0x000074b1935c34a8] 
[3,086s][debug][gc,nmethod     ] GC(0) O: Purge NMethod: org.junit.platform.commons.util.AnnotationUtils.findRepeatableAnnotations (0x000074b19386d208) [0x000074b19386d300, 0x000074b193872800] 
[3,086s][debug][gc,nmethod     ] GC(0) O: Purge NMethod: jdk.internal.classfile.impl.Util.isDoubleSlot (0x000074b1936a4b88) [0x000074b1936a4c80, 0x000074b1936a4df0] 
[3,086s][debug][gc,nmethod     ] GC(0) O: Purge NMethod: java.util.regex.Pattern$BmpCharPropertyGreedy.match (0x000074b1b2c29888) [0x000074b1b2c29980, 0x000074b1b2c29d50] 
[3,086s][debug][gc,nmethod     ] GC(0) O: Purge NMethod: java.util.HashMap.put (0x000074b1b2c2dc08) [0x000074b1b2c2dd20, 0x000074b1b2c2f528] 
[3,086s][debug][gc,nmethod     ] GC(0) O: Purge NMethod: java.lang.String.<init> (0x000074b193418888) [0x000074b193418980, 0x000074b193418b58] 
[3,086s][debug][gc,nmethod     ] GC(0) O: Purge NMethod: jdk.internal.classfile.impl.AbstractPoolEntry.maybeClone (0x000074b193448f08) [0x000074b193449000, 0x000074b193449968] 
[3,086s][debug][gc,nmethod     ] GC(0) O: Purge NMethod: sun.nio.fs.UnixPath.checkNotNul (0x000074b19346d708) [0x000074b19346d800, 0x000074b19346d9a0] 
[3,086s][debug][gc,nmethod     ] GC(0) O: Purge NMethod: java.util.LinkedHashMap.get (0x000074b1934dfa88) [0x000074b1934dfb80, 0x000074b1934dff98] 
[3,086s][debug][gc,nmethod     ] GC(0) O: Purge NMethod: jdk.internal.jimage.ImageStringsReader.unmaskedHashCode (0x000074b193519a88) [0x000074b193519b80, 0x000074b19351ad80] 
[3,086s][debug][gc,nmethod     ] GC(0) O: Purge NMethod: java.lang.StringCoding.countPositives (0x000074b19346d388) [0x000074b19346d480, 0x000074b19346d688] 
[3,086s][debug][gc,nmethod     ] GC(0) O: Purge NMethod: java.util.LinkedHashMap$LinkedHashIterator.nextNode (0x000074b1936ec088) [0x000074b1936ec180, 0x000074b1936ec640] 
[3,086s][debug][gc,nmethod     ] GC(0) O: Purge NMethod: jdk.internal.misc.Unsafe.putReferenceRelease (0x000074b19346a008) [0x000074b19346a100, 0x000074b19346a278] 
[3,086s][debug][gc,nmethod     ] GC(0) O: Purge NMethod: java.lang.String.replace (0x000074b19346a308) [0x000074b19346a400, 0x000074b19346a908] 
[3,086s][debug][gc,nmethod     ] GC(0) O: Purge NMethod: java.util.Arrays.copyOf (0x000074b193473788) [0x000074b193473880, 0x000074b193473c48] 
[3,086s][debug][gc,nmethod     ] GC(0) O: Purge NMethod: java.math.BigInteger.addOne (0x000074b19374ce88) [0x000074b19374cf80, 0x000074b19374d298] 
[3,086s][debug][gc,nmethod     ] GC(0) O: Purge NMethod: java.lang.String.isLatin1 (0x000074b19340d408) [0x000074b19340d500, 0x000074b19340d660] 
[3,086s][debug][gc,nmethod     ] GC(0) O: Purge NMethod: jdk.internal.loader.URLClassPath$JarLoader.findResource (0x000074b19367a288) [0x000074b19367a380, 0x000074b19367a588] 
[3,086s][debug][gc,nmethod     ] GC(0) O: Purge NMethod: java.util.HashMap.putVal (0x000074b19342c608) [0x000074b19342c700, 0x000074b19342e3f0] 
[3,086s][debug][gc,nmethod     ] GC(0) O: Purge NMethod: java.util.zip.ZipFile$Source.getEntryPos (0x000074b193482388) [0x000074b193482480, 0x000074b193484128] 
[3,086s][debug][gc,nmethod     ] GC(0) O: Purge NMethod: jdk.internal.classfile.impl.AbstractPoolEntry$Utf8EntryImpl.writeTo (0x000074b19345f388) [0x000074b19345f480, 0x000074b19345fc90] 
[3,086s][debug][gc,nmethod     ] GC(0) O: Purge NMethod: java.io.BufferedInputStream.getBufIfOpen (0x000074b193450408) [0x000074b193450500, 0x000074b193450638] 
[3,086s][debug][gc,nmethod     ] GC(0) O: Purge NMethod: java.net.URLClassLoader.findClass (0x000074b193604388) [0x000074b193604480, 0x000074b1936070a0] 
[3,086s][debug][gc,nmethod     ] GC(0) O: Purge NMethod: jdk.internal.classfile.impl.StackMapGenerator.processBlock (0x000074b19348f588) [0x000074b19348f680, 0x000074b1934be948] 
[3,086s][debug][gc,nmethod     ] GC(0) O: Purge NMethod: java.net.URLClassLoader.defineClass (0x000074b193686808) [0x000074b193686900, 0x000074b19368b128] 
[3,086s][debug][gc,nmethod     ] GC(0) O: Purge NMethod: java.lang.Object.equals (0x000074b19343a588) [0x000074b19343a680, 0x000074b19343a7d0] 
[3,086s][debug][gc,phases      ] GC(0) O: Concurrent Classes Purge 2,718ms
[3,087s][debug][gc,phases,start] GC(0) O: Concurrent References Enqueue
[3,087s][debug][gc,phases      ] GC(0) O: Concurrent References Enqueue 0,010ms
[3,087s][info ][gc,phases      ] GC(0) O: Concurrent Process Non-Strong 12,173ms
[3,087s][debug][gc,phases,start] GC(0) O: Concurrent Reset Relocation Set
[3,087s][info ][gc,phases      ] GC(0) O: Concurrent Reset Relocation Set 0,012ms
[3,087s][debug][gc,phases,start] GC(0) O: Concurrent Select Relocation Set
[3,087s][debug][gc,reloc       ] Synchronize all workers 1 _nworkers: 0 _nsynchronized: 0
[3,087s][debug][gc,reloc       ] Synchronize all workers 1 _nworkers: 0 _nsynchronized: 0
[3,087s][debug][gc,reloc       ] GC(0) O: Relocation Set (Medium Pages): 0->0, 0 skipped, 0 forwarding entries
[3,087s][debug][gc,reloc       ] GC(0) O: Relocation Set (Small Pages): 0->0, 0 skipped, 0 forwarding entries
[3,087s][debug][gc,task        ] GC(0) O: Executing ZRelocationSetInstallTask using ZWorkerOld with 1 workers
[3,088s][debug][gc,reloc       ] Desynchronize all workers _nworkers: 0 _nsynchronized: 0
[3,088s][debug][gc,reloc       ] Desynchronize all workers _nworkers: 0 _nsynchronized: 0
[3,088s][info ][gc,phases      ] GC(0) O: Concurrent Select Relocation Set 1,195ms
[3,088s][debug][gc,phases,start] GC(0) O: Concurrent Remap Roots
[3,088s][info ][gc,task        ] GC(0) O: Using 2 Workers for Old Generation
[3,088s][debug][gc,task        ] GC(0) O: Executing ZRemapYoungRootsTask using ZWorkerOld with 2 workers
[3,089s][info ][gc,task        ] GC(0) O: Using 1 Workers for Old Generation
[3,089s][info ][gc,phases      ] GC(0) O: Concurrent Remap Roots 1,166ms
[3,089s][debug][gc,reloc       ] Synchronize all workers 1 _nworkers: 0 _nsynchronized: 0
[3,089s][debug][gc,reloc       ] Synchronize all workers 1 _nworkers: 0 _nsynchronized: 0
[3,089s][debug][gc,phases,start] GC(0) O: Pause Relocate Start
[3,089s][debug][gc,reloc       ] GC(0) O: Joining workers: 1
[3,089s][info ][gc,phases      ] GC(0) O: Pause Relocate Start 0,029ms
[3,089s][debug][gc,reloc       ] Desynchronize all workers _nworkers: 1 _nsynchronized: 0
[3,089s][debug][gc,reloc       ] Desynchronize all workers _nworkers: 0 _nsynchronized: 0
[3,089s][debug][gc,phases,start] GC(0) O: Concurrent Relocate
[3,089s][debug][gc,task        ] GC(0) O: Executing ZRelocateStoreBufferInstallBasePointersTask using ZWorkerOld with 1 workers
[3,089s][debug][gc,task        ] GC(0) O: Executing ZRelocateTask using ZWorkerOld with 1 workers
[3,089s][debug][gc,reloc       ] GC(0) O: Leaving workers: left: 0 _synchronize: 0 _nsynchronized: 0
[3,089s][info ][gc,phases      ] GC(0) O: Concurrent Relocate 0,213ms
[3,089s][debug][gc,heap        ] GC(0) O: Heap After GC invocations=1 (full 1):
[3,089s][debug][gc,heap        ] GC(0) O:  ZHeap           used 52M, capacity 5120M, max capacity 12288M
[3,089s][debug][gc,heap        ] GC(0) O:   Cache          5068M (3)
[3,089s][debug][gc,heap        ] GC(0) O:    size classes  4M (1), 32M (1), 4G (1)
[3,089s][debug][gc,metaspace   ] GC(0) O: Metaspace After GC invocations=1 (full 1):
[3,089s][debug][gc,metaspace   ] GC(0) O:  Metaspace       used 22278K, committed 22464K, reserved 1114112K
[3,089s][debug][gc,metaspace   ] GC(0) O:   class space    used 1792K, committed 1856K, reserved 1048576K
[3,089s][info ][gc,alloc       ] GC(0) O:                         Mark Start        Mark End      Relocate Start    Relocate End   
[3,089s][info ][gc,alloc       ] GC(0) O: Allocation Stalls:          0                0                0                0         
[3,089s][info ][gc,load        ] GC(0) O: Load: 5,15 (26%) / 2,62 (13%) / 1,88 (9%)
[3,089s][info ][gc,mmu         ] GC(0) O: MMU: 2ms/93,9%, 5ms/97,6%, 10ms/98,8%, 20ms/99,2%, 50ms/99,5%, 100ms/99,7%
[3,089s][info ][gc,marking     ] GC(0) O: Mark: 1 stripe(s), 1 proactive flush(es), 1 terminate flush(es), 0 completion(s), 0 continuation(s) 
[3,089s][info ][gc,nmethod     ] GC(0) O: NMethods: 2034 registered, 220 unregistered
[3,089s][info ][gc,metaspace   ] GC(0) O: Metaspace: 21M used, 21M committed, 1088M reserved
[3,089s][info ][gc,ref         ] GC(0) O:                       Encountered   Discovered     Enqueued 
[3,089s][info ][gc,ref         ] GC(0) O: Soft References:             2765            0            0 
[3,089s][info ][gc,ref         ] GC(0) O: Weak References:             1727            0            0 
[3,089s][info ][gc,ref         ] GC(0) O: Final References:               0            0            0 
[3,089s][info ][gc,ref         ] GC(0) O: Phantom References:           394            0            0 
[3,089s][info ][gc,heap        ] GC(0) O: Min Capacity: 5120M(42%)
[3,090s][info ][gc,heap        ] GC(0) O: Max Capacity: 12288M(100%)
[3,090s][info ][gc,heap        ] GC(0) O: Soft Max Capacity: 12288M(100%)
[3,090s][info ][gc,heap        ] GC(0) O: Heap Statistics:
[3,090s][info ][gc,heap        ] GC(0) O:                Mark Start          Mark End        Relocate Start      Relocate End           High               Low         
[3,090s][info ][gc,heap        ] GC(0) O:  Capacity:     5120M (42%)        5120M (42%)        5120M (42%)        5120M (42%)        5120M (42%)        5120M (42%)    
[3,090s][info ][gc,heap        ] GC(0) O:      Free:    12192M (99%)       12236M (100%)      12236M (100%)      12236M (100%)      12236M (100%)      12182M (99%)    
[3,090s][info ][gc,heap        ] GC(0) O:      Used:       96M (1%)           52M (0%)           52M (0%)           52M (0%)          106M (1%)           52M (0%)     
[3,090s][info ][gc,heap        ] GC(0) O: Old Generation Statistics:
[3,090s][info ][gc,heap        ] GC(0) O:                Mark Start          Mark End        Relocate Start      Relocate End    
[3,090s][info ][gc,heap        ] GC(0) O:      Used:        0M (0%)            0M (0%)            0M (0%)            0M (0%)     
[3,090s][info ][gc,heap        ] GC(0) O:      Live:         -                 0M (0%)            0M (0%)            0M (0%)     
[3,090s][info ][gc,heap        ] GC(0) O:   Garbage:         -                 0M (0%)            0M (0%)            0M (0%)     
[3,090s][info ][gc,heap        ] GC(0) O: Allocated:         -                 0M (0%)            0M (0%)            0M (0%)     
[3,090s][info ][gc,heap        ] GC(0) O: Reclaimed:         -                  -                 0M (0%)            0M (0%)     
[3,090s][info ][gc,heap        ] GC(0) O: Compacted:         -                  -                  -                 0M (0%)     
[3,090s][info ][gc,phases      ] GC(0) O: Old Generation 52M(0%)->52M(0%) 0,016s
[3,090s][info ][gc             ] GC(0) Major Collection (Metadata GC Threshold) 96M(1%)->52M(0%) 0,046s
[3,090s][debug][gc,nmethod     ] Register NMethod: java.util.HashMap.put (0x000074b1b2c31b88) [0x000074b1b2c31c80, 0x000074b1b2c32a38] Compiler: jvmci, Barriers: 33, Oops: 0, ImmediateOops: 0, NonImmediateOops: No
[3,091s][debug][gc,director    ] Rule Major: Warmup 10%, Used: 52MB, UsedThreshold: 1228MB
[3,095s][debug][gc,nmethod     ] Register NMethod: jdk.internal.util.ArraysSupport.mismatch (0x000074b193428d88) [0x000074b193428e80, 0x000074b193429260] Compiler: c1, Barriers: 0, Oops: 0, ImmediateOops: 0, NonImmediateOops: No
[3,095s][debug][gc,nmethod     ] Register NMethod: java.lang.String.startsWith (0x000074b193519a88) [0x000074b193519b80, 0x000074b19351ada0] Compiler: c1, Barriers: 2, Oops: 0, ImmediateOops: 0, NonImmediateOops: No
[3,095s][debug][gc,nmethod     ] Register NMethod: java.util.ArrayList$Itr.next (0x000074b19350c688) [0x000074b19350c780, 0x000074b19350cdc8] Compiler: c1, Barriers: 3, Oops: 0, ImmediateOops: 0, NonImmediateOops: No
[3,096s][debug][gc,nmethod     ] Register NMethod: java.util.ArrayList.indexOfRange (0x000074b193424108) [0x000074b193424200, 0x000074b193424838] Compiler: c1, Barriers: 3, Oops: 0, ImmediateOops: 0, NonImmediateOops: No
[3,096s][debug][gc,nmethod     ] Register NMethod: java.util.ArrayList.contains (0x000074b19346fa88) [0x000074b19346fb80, 0x000074b19346fd98] Compiler: c1, Barriers: 0, Oops: 0, ImmediateOops: 0, NonImmediateOops: No
[3,096s][debug][gc,nmethod     ] Register NMethod: java.util.ArrayList.indexOf (0x000074b193407288) [0x000074b193407380, 0x000074b1934074c0] Compiler: c1, Barriers: 0, Oops: 0, ImmediateOops: 0, NonImmediateOops: No
[3,099s][debug][gc,nmethod     ] Register NMethod: java.lang.String.startsWith (0x000074b1b2c11308) [0x000074b1b2c11400, 0x000074b1b2c116f0] Compiler: jvmci, Barriers: 2, Oops: 0, ImmediateOops: 0, NonImmediateOops: No
[3,101s][debug][gc,nmethod     ] Register NMethod: jdk.internal.loader.URLClassPath.getResource (0x000074b1b2c78608) [0x000074b1b2c78700, 0x000074b1b2c7bba8] Compiler: jvmci, Barriers: 62, Oops: 2, ImmediateOops: 8, NonImmediateOops: No
[3,101s][debug][gc,director    ] Rule Major: Warmup 10%, Used: 52MB, UsedThreshold: 1228MB
[3,101s][debug][gc,nmethod     ] Register NMethod: java.util.Arrays.fill (0x000074b193524508) [0x000074b193524600, 0x000074b193524808] Compiler: c1, Barriers: 0, Oops: 0, ImmediateOops: 0, NonImmediateOops: No
[3,101s][debug][gc,nmethod     ] Register NMethod: com.sun.org.apache.xerces.internal.util.Status.isExceptional (0x000074b1b2be7488) [0x000074b1b2be7580, 0x000074b1b2be7640] Compiler: c1, Barriers: 0, Oops: 0, ImmediateOops: 0, NonImmediateOops: No
[3,103s][debug][gc,nmethod     ] Register NMethod: com.sun.org.apache.xerces.internal.util.XMLChar.isValid (0x000074b193421f88) [0x000074b193422080, 0x000074b193422268] Compiler: c1, Barriers: 0, Oops: 0, ImmediateOops: 1, NonImmediateOops: No
[3,103s][debug][gc,nmethod     ] Register NMethod: com.sun.org.apache.xerces.internal.util.XMLChar.isInvalid (0x000074b193479208) [0x000074b193479300, 0x000074b193479590] Compiler: c1, Barriers: 0, Oops: 0, ImmediateOops: 1, NonImmediateOops: No
[3,107s][debug][gc,nmethod     ] Register NMethod: java.lang.CharacterDataLatin1.getPropertiesEx (0x000074b19343a588) [0x000074b19343a680, 0x000074b19343a7b0] Compiler: c1, Barriers: 0, Oops: 0, ImmediateOops: 1, NonImmediateOops: No
[3,107s][debug][gc,nmethod     ] Register NMethod: java.lang.CharacterDataLatin1.isUpperCase (0x000074b193430488) [0x000074b193430580, 0x000074b193430918] Compiler: c1, Barriers: 0, Oops: 0, ImmediateOops: 1, NonImmediateOops: No
[3,108s][debug][gc,nmethod     ] Register NMethod: java.lang.StringLatin1.toLowerCase (0x000074b193476108) [0x000074b193476200, 0x000074b1934774d0] Compiler: c1, Barriers: 5, Oops: 1, ImmediateOops: 6, NonImmediateOops: No
[3,109s][debug][gc,nmethod     ] Register NMethod: java.lang.String.toLowerCase (0x000074b1936ec088) [0x000074b1936ec180, 0x000074b1936ec630] Compiler: c1, Barriers: 2, Oops: 0, ImmediateOops: 0, NonImmediateOops: No
[3,111s][debug][gc,director    ] Rule Major: Warmup 10%, Used: 52MB, UsedThreshold: 1228MB
[3,115s][debug][gc,nmethod     ] Register NMethod: java.lang.NamedPackage.<init> (0x000074b193448f08) [0x000074b193449000, 0x000074b19344a8d0] Compiler: c1, Barriers: 8, Oops: 1, ImmediateOops: 3, NonImmediateOops: No
[3,115s][debug][gc,nmethod     ] Register NMethod: java.lang.Integer.hashCode (0x000074b1b2bf2708) [0x000074b1b2bf2800, 0x000074b1b2bf2888] Compiler: jvmci, Barriers: 0, Oops: 0, ImmediateOops: 0, NonImmediateOops: No
[3,121s][debug][gc,director    ] Rule Major: Warmup 10%, Used: 54MB, UsedThreshold: 1228MB
[3,122s][debug][gc,nmethod     ] Register NMethod: ch.qos.logback.core.joran.spi.ElementPath.size (0x000074b193443a08) [0x000074b193443b00, 0x000074b193443c60] Compiler: c1, Barriers: 1, Oops: 1, ImmediateOops: 0, NonImmediateOops: No
[3,122s][debug][gc,nmethod     ] Register NMethod: ch.qos.logback.core.joran.spi.ElementPath.get (0x000074b193400008) [0x000074b193400100, 0x000074b193400640] Compiler: c1, Barriers: 3, Oops: 1, ImmediateOops: 0, NonImmediateOops: No
[3,124s][debug][gc,nmethod     ] Register NMethod: java.util.ArrayList.get (0x000074b1b2bfb688) [0x000074b1b2bfb780, 0x000074b1b2bfb8e8] Compiler: jvmci, Barriers: 2, Oops: 0, ImmediateOops: 0, NonImmediateOops: No
[3,124s][debug][gc,nmethod     ] Register NMethod: java.lang.Class$ReflectionData.<init> (0x000074b193444688) [0x000074b193444780, 0x000074b1934448e0] Compiler: c1, Barriers: 0, Oops: 0, ImmediateOops: 0, NonImmediateOops: No
[3,124s][debug][gc,nmethod     ] Register NMethod: java.lang.Class$Atomic.casReflectionData (0x000074b193448088) [0x000074b193448180, 0x000074b1934482e0] Compiler: c1, Barriers: 5, Oops: 0, ImmediateOops: 0, NonImmediateOops: No
[3,128s][debug][gc,nmethod     ] Register NMethod: java.lang.String.indexOf (0x000074b1b2c02b88) [0x000074b1b2c02c80, 0x000074b1b2c02dd8] Compiler: jvmci, Barriers: 1, Oops: 0, ImmediateOops: 0, NonImmediateOops: No
[3,129s][debug][gc,nmethod     ] Register NMethod: java.lang.ref.SoftReference.get (0x000074b193448888) [0x000074b193448980, 0x000074b193448b40] Compiler: c1, Barriers: 2, Oops: 0, ImmediateOops: 1, NonImmediateOops: No
[3,131s][debug][gc,director    ] Rule Major: Warmup 10%, Used: 54MB, UsedThreshold: 1228MB
[3,133s][debug][gc,nmethod     ] Register NMethod: java.lang.StringLatin1.regionMatchesCI (0x000074b1b2c1b608) [0x000074b1b2c1b700, 0x000074b1b2c1b8d0] Compiler: jvmci, Barriers: 0, Oops: 0, ImmediateOops: 0, NonImmediateOops: No
[3,135s][debug][gc,nmethod     ] Register NMethod: java.lang.String.regionMatches (0x000074b1b2c29888) [0x000074b1b2c29980, 0x000074b1b2c29cc8] Compiler: jvmci, Barriers: 2, Oops: 0, ImmediateOops: 0, NonImmediateOops: No
[3,139s][debug][gc,nmethod     ] Register NMethod: jdk.internal.loader.URLClassPath$JarLoader$1.getCodeSourceURL (0x000074b1b2c31888) [0x000074b1b2c31980, 0x000074b1b2c31a88] Compiler: jvmci, Barriers: 2, Oops: 0, ImmediateOops: 0, NonImmediateOops: No
[3,142s][debug][gc,director    ] Rule Major: Warmup 10%, Used: 54MB, UsedThreshold: 1228MB
[3,145s][debug][gc,nmethod     ] Register NMethod: java.lang.String.startsWith (0x000074b1b2be7d88) [0x000074b1b2be7e80, 0x000074b1b2be8180] Compiler: jvmci, Barriers: 2, Oops: 0, ImmediateOops: 0, NonImmediateOops: No
[3,147s][debug][gc,nmethod     ] Register NMethod: java.lang.invoke.DirectMethodHandle$Constructor.viewAsType (0x000074b1935b4488) [0x000074b1935b4580, 0x000074b1935b4820] Compiler: c1, Barriers: 4, Oops: 0, ImmediateOops: 0, NonImmediateOops: No
[3,147s][debug][gc,nmethod     ] Register NMethod: java.lang.String.<init> (0x000074b193405b08) [0x000074b193405c00, 0x000074b1934067c0] Compiler: c1, Barriers: 10, Oops: 0, ImmediateOops: 0, NonImmediateOops: No
[3,152s][debug][gc,director    ] Rule Major: Warmup 10%, Used: 54MB, UsedThreshold: 1228MB
[3,153s][debug][gc,nmethod     ] Register NMethod: java.util.Calendar.internalSet (0x000074b193467808) [0x000074b193467900, 0x000074b193467a58] Compiler: c1, Barriers: 1, Oops: 0, ImmediateOops: 0, NonImmediateOops: No
[3,154s][debug][gc,nmethod     ] Register NMethod: java.lang.StringBuilder.length (0x000074b1b2c72308) [0x000074b1b2c72400, 0x000074b1b2c72488] Compiler: jvmci, Barriers: 0, Oops: 0, ImmediateOops: 0, NonImmediateOops: No
[3,157s][debug][gc,nmethod     ] Register NMethod: org.gradle.internal.io.StreamByteBuffer.access$000 (0x000074b1b2c68588) [0x000074b1b2c68680, 0x000074b1b2c68750] Compiler: c1, Barriers: 1, Oops: 1, ImmediateOops: 0, NonImmediateOops: No
[3,158s][debug][gc,nmethod     ] Register NMethod: org.gradle.internal.io.StreamByteBuffer$StreamByteBufferOutputStream.write (0x000074b19367a288) [0x000074b19367a380, 0x000074b19367a5d0] Compiler: c1, Barriers: 3, Oops: 1, ImmediateOops: 0, NonImmediateOops: No
[3,158s][debug][gc,nmethod     ] Register NMethod: org.gradle.internal.io.StreamByteBuffer$StreamByteBufferChunk.spaceLeft (0x000074b19346e308) [0x000074b19346e400, 0x000074b19346e508] Compiler: c1, Barriers: 0, Oops: 1, ImmediateOops: 0, NonImmediateOops: No
[3,158s][debug][gc,nmethod     ] Register NMethod: org.gradle.internal.io.StreamByteBuffer$StreamByteBufferChunk.write (0x000074b19346e908) [0x000074b19346ea00, 0x000074b19346ebc8] Compiler: c1, Barriers: 1, Oops: 1, ImmediateOops: 0, NonImmediateOops: No
[3,158s][debug][gc,nmethod     ] Register NMethod: org.gradle.internal.io.StreamByteBuffer.allocateSpace (0x000074b19344d908) [0x000074b19344da00, 0x000074b19344e1d8] Compiler: c1, Barriers: 9, Oops: 1, ImmediateOops: 0, NonImmediateOops: No
[3,159s][debug][gc,nmethod     ] Register NMethod: org.gradle.internal.io.LineBufferingOutputStream.endsWithLineSeparator (0x000074b193475088) [0x000074b193475180, 0x000074b193475308] Compiler: c1, Barriers: 0, Oops: 1, ImmediateOops: 0, NonImmediateOops: No
[3,159s][debug][gc,nmethod     ] Register NMethod: java.util.AbstractMap$SimpleImmutableEntry.getKey (0x000074b1b2c68288) [0x000074b1b2c68380, 0x000074b1b2c68468] Compiler: c1, Barriers: 1, Oops: 0, ImmediateOops: 0, NonImmediateOops: No
[3,159s][debug][gc,nmethod     ] Register NMethod: org.gradle.internal.io.LineBufferingOutputStream.write (0x000074b19345bf88) [0x000074b19345c080, 0x000074b19345d868] Compiler: c1, Barriers: 4, Oops: 1, ImmediateOops: 2, NonImmediateOops: No
[3,159s][debug][gc,nmethod     ] Register NMethod: java.nio.ByteBuffer.limit (0x000074b193478008) [0x000074b193478100, 0x000074b193478248] Compiler: c1, Barriers: 0, Oops: 0, ImmediateOops: 0, NonImmediateOops: No
[3,159s][debug][gc,nmethod     ] Register NMethod: org.gradle.internal.io.StreamByteBuffer$StreamByteBufferChunk.spaceLeft (0x000074b1b2c61c88) [0x000074b1b2c61d80, 0x000074b1b2c61e08] Compiler: jvmci, Barriers: 0, Oops: 1, ImmediateOops: 0, NonImmediateOops: No
[3,160s][debug][gc,nmethod     ] Register NMethod: java.util.ArrayDeque.isEmpty (0x000074b19347d888) [0x000074b19347d980, 0x000074b19347dad0] Compiler: c1, Barriers: 0, Oops: 0, ImmediateOops: 0, NonImmediateOops: No
[3,160s][debug][gc,nmethod     ] Register NMethod: java.nio.ByteBuffer.position (0x000074b1938e7508) [0x000074b1938e7600, 0x000074b1938e7900] Compiler: c1, Barriers: 0, Oops: 0, ImmediateOops: 0, NonImmediateOops: No
[3,160s][debug][gc,nmethod     ] Register NMethod: java.lang.Long.longValue (0x000074b1b2c61988) [0x000074b1b2c61a80, 0x000074b1b2c61b40] Compiler: c1, Barriers: 0, Oops: 0, ImmediateOops: 0, NonImmediateOops: No
[3,161s][debug][gc,nmethod     ] Register NMethod: java.nio.Buffer.<init> (0x000074b19344b688) [0x000074b19344b780, 0x000074b19344d178] Compiler: c1, Barriers: 3, Oops: 3, ImmediateOops: 4, NonImmediateOops: No
[3,161s][debug][gc,nmethod     ] Register NMethod: java.lang.Character.hashCode (0x000074b193489e08) [0x000074b193489f00, 0x000074b19348a058] Compiler: c1, Barriers: 0, Oops: 0, ImmediateOops: 0, NonImmediateOops: No
[3,162s][debug][gc,nmethod     ] Register NMethod: java.lang.Character.hashCode (0x000074b19348b108) [0x000074b19348b200, 0x000074b19348b2e0] Compiler: c1, Barriers: 0, Oops: 0, ImmediateOops: 0, NonImmediateOops: No
[3,162s][debug][gc,nmethod     ] Register NMethod: java.lang.Character.valueOf (0x000074b193432688) [0x000074b193432780, 0x000074b193432a20] Compiler: c1, Barriers: 1, Oops: 0, ImmediateOops: 1, NonImmediateOops: No
[3,162s][debug][gc,nmethod     ] Register NMethod: java.util.StringJoiner.checkAddLength (0x000074b1935e4908) [0x000074b1935e4a00, 0x000074b1935e55c0] Compiler: c1, Barriers: 4, Oops: 0, ImmediateOops: 1, NonImmediateOops: No
[3,162s][debug][gc,director    ] Rule Major: Warmup 10%, Used: 60MB, UsedThreshold: 1228MB
[3,162s][debug][gc,nmethod     ] Register NMethod: java.lang.invoke.Invokers$Holder.linkToTargetMethod (0x000074b19373fc88) [0x000074b19373fd80, 0x000074b193740278] Compiler: c1, Barriers: 0, Oops: 0, ImmediateOops: 0, NonImmediateOops: No
[3,162s][debug][gc,nmethod     ] Register NMethod: java.lang.invoke.LambdaForm$DMH/0x0000000061198c00.newInvokeSpecial (0x000074b19340cc88) [0x000074b19340cd80, 0x000074b19340d600] Compiler: c1, Barriers: 2, Oops: 1, ImmediateOops: 1, NonImmediateOops: No
[3,163s][debug][gc,nmethod     ] Register NMethod: org.junit.platform.engine.UniqueIdFormat$$Lambda/0x000000006119b640.<init> (0x000074b1934c0888) [0x000074b1934c0980, 0x000074b1934c0b58] Compiler: c1, Barriers: 3, Oops: 1, ImmediateOops: 0, NonImmediateOops: No
[3,163s][debug][gc,nmethod     ] Register NMethod: org.junit.platform.engine.UniqueIdFormat.checkDoesNotContain (0x000074b1934bf108) [0x000074b1934bf200, 0x000074b1934bffa8] Compiler: c1, Barriers: 3, Oops: 3, ImmediateOops: 2, NonImmediateOops: No
[3,163s][debug][gc,nmethod     ] Register NMethod: jdk.internal.misc.Unsafe.weakCompareAndSetInt (0x000074b193507a08) [0x000074b193507b00, 0x000074b193507c18] Compiler: c1, Barriers: 0, Oops: 0, ImmediateOops: 0, NonImmediateOops: No
[3,164s][debug][gc,nmethod     ] Register NMethod: java.util.ArrayList$ArrayListSpliterator.forEachRemaining (0x000074b19348a408) [0x000074b19348a500, 0x000074b19348ac58] Compiler: c1, Barriers: 4, Oops: 0, ImmediateOops: 0, NonImmediateOops: No
[3,166s][debug][gc,nmethod     ] Register NMethod: java.lang.invoke.MethodHandle.linkToStatic (0x000074b1b2c61608) [0x000074b1b2c61700, 0x000074b1b2c617f0] Compiler: , Barriers: 0, Oops: 0, ImmediateOops: 0, NonImmediateOops: No
[3,166s][debug][gc,nmethod     ] Register NMethod: sun.invoke.util.Wrapper.basicTypeChar (0x000074b1b2c36e88) [0x000074b1b2c36f80, 0x000074b1b2c37048] Compiler: c1, Barriers: 0, Oops: 0, ImmediateOops: 0, NonImmediateOops: No
[3,167s][debug][gc,nmethod     ] Register NMethod: java.lang.StringBuilder.append (0x000074b1b2bf8188) [0x000074b1b2bf8280, 0x000074b1b2bf8ab0] Compiler: jvmci, Barriers: 4, Oops: 0, ImmediateOops: 0, NonImmediateOops: No
[3,169s][debug][gc,nmethod     ] Register NMethod: jdk.internal.constant.PrimitiveClassDescImpl.isPrimitive (0x000074b1b2bf7e88) [0x000074b1b2bf7f80, 0x000074b1b2bf8040] Compiler: c1, Barriers: 0, Oops: 0, ImmediateOops: 0, NonImmediateOops: No
[3,170s][debug][gc,nmethod     ] Register NMethod: java.lang.StringUTF16.compress (0x000074b1b2c36708) [0x000074b1b2c368c0, 0x000074b1b2c36d18] Compiler: jvmci, Barriers: 0, Oops: 0, ImmediateOops: 0, NonImmediateOops: No
[3,171s][debug][gc,nmethod     ] Register NMethod: jdk.internal.classfile.impl.StackMapGenerator$Frame.setLocalRawInternal (0x000074b19366f088) [0x000074b19366f180, 0x000074b19366fa90] Compiler: c1, Barriers: 6, Oops: 0, ImmediateOops: 0, NonImmediateOops: No
[3,171s][debug][gc,nmethod     ] Register NMethod: java.lang.invoke.MemberName.getFieldType (0x000074b1937d2488) [0x000074b1937d2580, 0x000074b1937d4e18] Compiler: c1, Barriers: 12, Oops: 2, ImmediateOops: 3, NonImmediateOops: No
[3,172s][debug][gc,director    ] Rule Major: Warmup 10%, Used: 60MB, UsedThreshold: 1228MB
[3,173s][debug][gc,nmethod     ] Register NMethod: java.lang.String.regionMatches (0x000074b1934ce388) [0x000074b1934ce480, 0x000074b1934cf878] Compiler: c1, Barriers: 2, Oops: 0, ImmediateOops: 0, NonImmediateOops: No
[3,179s][debug][gc,nmethod     ] Register NMethod: java.lang.invoke.MethodHandle.linkToStatic (0x000074b1b2c3ec88) [0x000074b1b2c3ed80, 0x000074b1b2c3ee70] Compiler: , Barriers: 0, Oops: 0, ImmediateOops: 0, NonImmediateOops: No
[3,180s][debug][gc,nmethod     ] Register NMethod: java.lang.invoke.MethodHandle.linkToStatic (0x000074b1b2c3e988) [0x000074b1b2c3ea80, 0x000074b1b2c3eb70] Compiler: , Barriers: 0, Oops: 0, ImmediateOops: 0, NonImmediateOops: No
[3,181s][debug][gc,nmethod     ] Register NMethod: java.lang.invoke.MethodHandle.linkToStatic (0x000074b1b2c3e688) [0x000074b1b2c3e780, 0x000074b1b2c3e870] Compiler: , Barriers: 0, Oops: 0, ImmediateOops: 0, NonImmediateOops: No
[3,182s][debug][gc,nmethod     ] Register NMethod: java.lang.invoke.LambdaForm.normalizeNames (0x000074b19340ee08) [0x000074b19340ef00, 0x000074b193410b98] Compiler: c1, Barriers: 14, Oops: 0, ImmediateOops: 0, NonImmediateOops: No
[3,183s][debug][gc,director    ] Rule Major: Warmup 10%, Used: 62MB, UsedThreshold: 1228MB
[3,183s][debug][gc,nmethod     ] Register NMethod: java.nio.ByteOrder.nativeOrder (0x000074b193523d88) [0x000074b193523e80, 0x000074b193523f68] Compiler: c1, Barriers: 0, Oops: 0, ImmediateOops: 1, NonImmediateOops: No
[3,185s][debug][gc,nmethod     ] Register NMethod: java.lang.invoke.MethodHandle.linkToSpecial (0x000074b1b2c3e388) [0x000074b1b2c3e480, 0x000074b1b2c3e578] Compiler: , Barriers: 0, Oops: 0, ImmediateOops: 0, NonImmediateOops: No
[3,185s][debug][gc,nmethod     ] Register NMethod: java.lang.invoke.MethodHandle.invokeBasic (0x000074b1b2c3df88) [0x000074b1b2c3e080, 0x000074b1b2c3e318] Compiler: , Barriers: 0, Oops: 0, ImmediateOops: 0, NonImmediateOops: No
[3,185s][debug][gc,nmethod     ] Register NMethod: java.lang.invoke.MethodHandle.linkToSpecial (0x000074b1b2c3dc88) [0x000074b1b2c3dd80, 0x000074b1b2c3de78] Compiler: , Barriers: 0, Oops: 0, ImmediateOops: 0, NonImmediateOops: No
[3,186s][debug][gc,nmethod     ] Register NMethod: jdk.internal.classfile.impl.StackMapGenerator.cpIndexToType (0x000074b19340e108) [0x000074b19340e200, 0x000074b19340e7c0] Compiler: c1, Barriers: 0, Oops: 0, ImmediateOops: 1, NonImmediateOops: No
[3,186s][debug][gc,nmethod     ] Register NMethod: jdk.internal.classfile.impl.StackMapGenerator$Frame.getLocal (0x000074b19346f208) [0x000074b19346f300, 0x000074b19346f730] Compiler: c1, Barriers: 2, Oops: 0, ImmediateOops: 0, NonImmediateOops: No
[3,187s][debug][gc,nmethod     ] Register NMethod: java.lang.invoke.MethodHandle.linkToStatic (0x000074b1b2c3d988) [0x000074b1b2c3da80, 0x000074b1b2c3db70] Compiler: , Barriers: 0, Oops: 0, ImmediateOops: 0, NonImmediateOops: No
[3,187s][debug][gc,nmethod     ] Register NMethod: java.lang.invoke.MethodHandle.linkToStatic (0x000074b1b2c40808) [0x000074b1b2c40900, 0x000074b1b2c409f0] Compiler: , Barriers: 0, Oops: 0, ImmediateOops: 0, NonImmediateOops: No
[3,188s][debug][gc,nmethod     ] Register NMethod: jdk.internal.classfile.impl.StackMapGenerator$Frame.setLocal (0x000074b193417188) [0x000074b193417280, 0x000074b193417858] Compiler: c1, Barriers: 2, Oops: 0, ImmediateOops: 6, NonImmediateOops: No
[3,189s][debug][gc,nmethod     ] Register NMethod: jdk.internal.classfile.impl.AnnotationReader.writeAnnotation (0x000074b193628888) [0x000074b193628980, 0x000074b19362c780] Compiler: c1, Barriers: 5, Oops: 1, ImmediateOops: 3, NonImmediateOops: No
[3,189s][debug][gc,nmethod     ] Register NMethod: java.lang.invoke.InvokerBytecodeGenerator.emitReferenceCast (0x000074b193413788) [0x000074b193413880, 0x000074b193416bd0] Compiler: c1, Barriers: 9, Oops: 3, ImmediateOops: 7, NonImmediateOops: No
[3,190s][debug][gc,nmethod     ] Register NMethod: java.util.KeyValueHolder.<init> (0x000074b19341dc88) [0x000074b19341dd80, 0x000074b19341e248] Compiler: c1, Barriers: 6, Oops: 0, ImmediateOops: 0, NonImmediateOops: No
[3,193s][debug][gc,director    ] Rule Major: Warmup 10%, Used: 62MB, UsedThreshold: 1228MB
[3,196s][debug][gc,nmethod     ] Register NMethod: java.lang.invoke.MethodHandle.linkToStatic (0x000074b1b2c40508) [0x000074b1b2c40600, 0x000074b1b2c406f8] Compiler: , Barriers: 0, Oops: 0, ImmediateOops: 0, NonImmediateOops: No
[3,196s][debug][gc,nmethod     ] Register NMethod: sun.invoke.util.Wrapper.isIntegral (0x000074b1935b1508) [0x000074b1935b1600, 0x000074b1935b19e8] Compiler: c1, Barriers: 0, Oops: 0, ImmediateOops: 0, NonImmediateOops: No
[3,196s][debug][gc,nmethod     ] Register NMethod: sun.invoke.util.Wrapper.isNumeric (0x000074b193575188) [0x000074b193575280, 0x000074b1935753d0] Compiler: c1, Barriers: 0, Oops: 0, ImmediateOops: 0, NonImmediateOops: No
[3,196s][debug][gc,nmethod     ] Register NMethod: java.lang.invoke.MethodHandle.linkToSpecial (0x000074b1b2c40208) [0x000074b1b2c40300, 0x000074b1b2c403f8] Compiler: , Barriers: 0, Oops: 0, ImmediateOops: 0, NonImmediateOops: No
[3,197s][debug][gc,nmethod     ] Register NMethod: sun.invoke.util.Wrapper.isSubwordOrInt (0x000074b193434508) [0x000074b193434600, 0x000074b193434ee0] Compiler: c1, Barriers: 0, Oops: 0, ImmediateOops: 0, NonImmediateOops: No
[3,197s][debug][gc,nmethod     ] Register NMethod: java.lang.invoke.MethodHandle.invokeBasic (0x000074b1b2c3fe08) [0x000074b1b2c3ff00, 0x000074b1b2c40198] Compiler: , Barriers: 0, Oops: 0, ImmediateOops: 0, NonImmediateOops: No
[3,197s][debug][gc,nmethod     ] Register NMethod: java.lang.invoke.MethodHandle.linkToSpecial (0x000074b1b2c3fb08) [0x000074b1b2c3fc00, 0x000074b1b2c3fcf8] Compiler: , Barriers: 0, Oops: 0, ImmediateOops: 0, NonImmediateOops: No
[3,197s][debug][gc,nmethod     ] Register NMethod: java.lang.invoke.MethodHandle.linkToStatic (0x000074b1b2c3f808) [0x000074b1b2c3f900, 0x000074b1b2c3f9f8] Compiler: , Barriers: 0, Oops: 0, ImmediateOops: 0, NonImmediateOops: No
[3,197s][debug][gc,nmethod     ] Register NMethod: java.lang.invoke.InnerClassLambdaMetafactory.argName (0x000074b1937f6188) [0x000074b1937f6280, 0x000074b1937f6f10] Compiler: c1, Barriers: 1, Oops: 1, ImmediateOops: 3, NonImmediateOops: No
[3,197s][debug][gc,nmethod     ] Register NMethod: java.lang.invoke.MethodHandle.linkToSpecial (0x000074b1b2c3f288) [0x000074b1b2c3f380, 0x000074b1b2c3f478] Compiler: , Barriers: 0, Oops: 0, ImmediateOops: 0, NonImmediateOops: No
[3,197s][debug][gc,nmethod     ] Register NMethod: java.lang.invoke.MethodHandle.invokeBasic (0x000074b1b2c2f188) [0x000074b1b2c2f280, 0x000074b1b2c2f518] Compiler: , Barriers: 0, Oops: 0, ImmediateOops: 0, NonImmediateOops: No
[3,197s][debug][gc,nmethod     ] Register NMethod: java.lang.invoke.MethodHandle.linkToSpecial (0x000074b1b2c2ee88) [0x000074b1b2c2ef80, 0x000074b1b2c2f078] Compiler: , Barriers: 0, Oops: 0, ImmediateOops: 0, NonImmediateOops: No
[3,198s][debug][gc,nmethod     ] Register NMethod: java.lang.invoke.LambdaForm.returnType (0x000074b1934dfa88) [0x000074b1934dfb80, 0x000074b1934dfda0] Compiler: c1, Barriers: 3, Oops: 0, ImmediateOops: 1, NonImmediateOops: No
[3,199s][debug][gc,nmethod     ] Register NMethod: jdk.internal.classfile.impl.StackMapGenerator.processBlock (0x000074b193961f88) [0x000074b193962080, 0x000074b193991f20] Compiler: c1, Barriers: 294, Oops: 4, ImmediateOops: 159, NonImmediateOops: No
[3,201s][debug][gc,nmethod     ] Register NMethod: java.lang.invoke.MethodHandle.invokeBasic (0x000074b1b2c2ea88) [0x000074b1b2c2eb80, 0x000074b1b2c2ee18] Compiler: , Barriers: 0, Oops: 0, ImmediateOops: 0, NonImmediateOops: No
[3,201s][debug][gc,nmethod     ] Register NMethod: java.lang.invoke.MethodHandle.linkToSpecial (0x000074b1b2c2e788) [0x000074b1b2c2e880, 0x000074b1b2c2e978] Compiler: , Barriers: 0, Oops: 0, ImmediateOops: 0, NonImmediateOops: No
[3,201s][debug][gc,nmethod     ] Register NMethod: java.util.Arrays.fill (0x000074b1b2c2e388) [0x000074b1b2c2e480, 0x000074b1b2c2e718] Compiler: jvmci, Barriers: 3, Oops: 0, ImmediateOops: 0, NonImmediateOops: No
[3,203s][debug][gc,director    ] Rule Major: Warmup 10%, Used: 62MB, UsedThreshold: 1228MB
[3,207s][debug][gc,nmethod     ] Register NMethod: jdk.internal.classfile.impl.SplitConstantPool.utf8Entry (0x000074b1b2bf6208) [0x000074b1b2bf6320, 0x000074b1b2bf7808] Compiler: jvmci, Barriers: 31, Oops: 0, ImmediateOops: 2, NonImmediateOops: No
[3,208s][debug][gc,nmethod     ] Register NMethod: java.lang.invoke.MethodHandle.linkToInterface (0x000074b1b2bf5d88) [0x000074b1b2bf5e80, 0x000074b1b2bf5fb0] Compiler: , Barriers: 0, Oops: 0, ImmediateOops: 0, NonImmediateOops: No
[3,211s][debug][gc,nmethod     ] Register NMethod: java.lang.Enum.equals (0x000074b19357ea08) [0x000074b19357eb00, 0x000074b19357ec50] Compiler: c1, Barriers: 0, Oops: 0, ImmediateOops: 0, NonImmediateOops: No
[3,212s][debug][gc,nmethod     ] Register NMethod: jdk.internal.classfile.impl.StackMapDecoder$1.compare (0x000074b193456188) [0x000074b193456280, 0x000074b193456a40] Compiler: c1, Barriers: 4, Oops: 0, ImmediateOops: 0, NonImmediateOops: No
[3,213s][debug][gc,nmethod     ] Register NMethod: jdk.internal.classfile.impl.StackMapDecoder$1.compare (0x000074b19346a008) [0x000074b19346a100, 0x000074b19346ad70] Compiler: c1, Barriers: 4, Oops: 0, ImmediateOops: 0, NonImmediateOops: No
[3,213s][debug][gc,nmethod     ] Register NMethod: sun.invoke.util.Wrapper.isDoubleWord (0x000074b1935dcd08) [0x000074b1935dce00, 0x000074b1935dcf50] Compiler: c1, Barriers: 0, Oops: 0, ImmediateOops: 0, NonImmediateOops: No
[3,213s][debug][gc,director    ] Rule Major: Warmup 10%, Used: 62MB, UsedThreshold: 1228MB
[3,215s][debug][gc,nmethod     ] Register NMethod: java.util.ImmutableCollections$ListN.get (0x000074b1b2c2e088) [0x000074b1b2c2e180, 0x000074b1b2c2e2c0] Compiler: jvmci, Barriers: 2, Oops: 0, ImmediateOops: 0, NonImmediateOops: No
[3,216s][debug][gc,nmethod     ] Register NMethod: jdk.internal.classfile.impl.StackMapGenerator.of (0x000074b193805808) [0x000074b193805900, 0x000074b193806c88] Compiler: c1, Barriers: 12, Oops: 0, ImmediateOops: 0, NonImmediateOops: No
[3,219s][debug][gc,nmethod     ] Register NMethod: java.lang.invoke.MethodHandle.linkToVirtual (0x000074b1b2c2dc08) [0x000074b1b2c2dd00, 0x000074b1b2c2dd28] Compiler: , Barriers: 0, Oops: 0, ImmediateOops: 0, NonImmediateOops: No
[3,222s][debug][gc,nmethod     ] Register NMethod: java.lang.invoke.MethodHandle.linkToStatic (0x000074b1b2c49a88) [0x000074b1b2c49b80, 0x000074b1b2c49c78] Compiler: , Barriers: 0, Oops: 0, ImmediateOops: 0, NonImmediateOops: No
[3,223s][debug][gc,nmethod     ] Register NMethod: java.lang.invoke.MethodHandle.linkToSpecial (0x000074b1b2c49788) [0x000074b1b2c49880, 0x000074b1b2c49978] Compiler: , Barriers: 0, Oops: 0, ImmediateOops: 0, NonImmediateOops: No
[3,223s][debug][gc,director    ] Rule Major: Warmup 10%, Used: 64MB, UsedThreshold: 1228MB
[3,224s][debug][gc,nmethod     ] Register NMethod: java.lang.invoke.MethodHandle.invokeBasic (0x000074b1b2c49388) [0x000074b1b2c49480, 0x000074b1b2c49718] Compiler: , Barriers: 0, Oops: 0, ImmediateOops: 0, NonImmediateOops: No
[3,224s][debug][gc,nmethod     ] Register NMethod: java.lang.invoke.MethodHandle.linkToSpecial (0x000074b1b2c49088) [0x000074b1b2c49180, 0x000074b1b2c49278] Compiler: , Barriers: 0, Oops: 0, ImmediateOops: 0, NonImmediateOops: No
[3,224s][debug][gc,nmethod     ] Register NMethod: jdk.internal.classfile.impl.TerminalCodeBuilder.setupTopLocal (0x000074b193435588) [0x000074b193435680, 0x000074b1934378e0] Compiler: c1, Barriers: 0, Oops: 1, ImmediateOops: 3, NonImmediateOops: No
[3,224s][debug][gc,nmethod     ] Register NMethod: jdk.internal.classfile.impl.DirectMethodBuilder.with (0x000074b1935d3688) [0x000074b1935d3780, 0x000074b1935d49a0] Compiler: c1, Barriers: 2, Oops: 0, ImmediateOops: 0, NonImmediateOops: No
[3,225s][debug][gc,nmethod     ] Register NMethod: jdk.internal.classfile.impl.UnboundAttribute.writeTo (0x000074b1934f5c08) [0x000074b1934f5d00, 0x000074b1934f6148] Compiler: c1, Barriers: 2, Oops: 0, ImmediateOops: 0, NonImmediateOops: No
[3,225s][debug][gc,nmethod     ] Register NMethod: jdk.internal.classfile.impl.DirectMethodBuilder.with (0x000074b193400988) [0x000074b193400a80, 0x000074b193401860] Compiler: c1, Barriers: 2, Oops: 0, ImmediateOops: 0, NonImmediateOops: No
[3,225s][debug][gc,nmethod     ] Register NMethod: java.lang.invoke.MethodHandle.linkToStatic (0x000074b1b2c48d88) [0x000074b1b2c48e80, 0x000074b1b2c48f70] Compiler: , Barriers: 0, Oops: 0, ImmediateOops: 0, NonImmediateOops: No
[3,225s][debug][gc,nmethod     ] Register NMethod: java.lang.Short.<init> (0x000074b1935f4b08) [0x000074b1935f4c00, 0x000074b1935f4dc0] Compiler: c1, Barriers: 0, Oops: 0, ImmediateOops: 0, NonImmediateOops: No
[3,226s][debug][gc,nmethod     ] Register NMethod: jdk.internal.classfile.impl.DirectCodeBuilder$4.writeBody (0x000074b19374cb08) [0x000074b19374cc00, 0x000074b1937514b8] Compiler: c1, Barriers: 36, Oops: 1, ImmediateOops: 7, NonImmediateOops: No
[3,226s][debug][gc,nmethod     ] Register NMethod: java.lang.invoke.MethodHandle.linkToSpecial (0x000074b1b2c48a88) [0x000074b1b2c48b80, 0x000074b1b2c48c78] Compiler: , Barriers: 0, Oops: 0, ImmediateOops: 0, NonImmediateOops: No
[3,227s][debug][gc,nmethod     ] Register NMethod: java.lang.invoke.MethodHandle.invokeBasic (0x000074b1b2c48688) [0x000074b1b2c48780, 0x000074b1b2c48a18] Compiler: , Barriers: 0, Oops: 0, ImmediateOops: 0, NonImmediateOops: No
[3,227s][debug][gc,nmethod     ] Register NMethod: java.lang.invoke.MethodHandle.linkToSpecial (0x000074b1b2c48388) [0x000074b1b2c48480, 0x000074b1b2c48578] Compiler: , Barriers: 0, Oops: 0, ImmediateOops: 0, NonImmediateOops: No
[3,227s][debug][gc,nmethod     ] Register NMethod: java.lang.invoke.MethodHandle.linkToNative (0x000074b1b2c48088) [0x000074b1b2c48180, 0x000074b1b2c48190] Compiler: , Barriers: 0, Oops: 0, ImmediateOops: 0, NonImmediateOops: No
[3,228s][debug][gc,nmethod     ] Register NMethod: jdk.internal.classfile.impl.AbstractPoolEntry$NameAndTypeEntryImpl.name (0x000074b193526808) [0x000074b193526900, 0x000074b193526c50] Compiler: c1, Barriers: 1, Oops: 0, ImmediateOops: 0, NonImmediateOops: No
[3,229s][debug][gc,nmethod     ] Register NMethod: java.lang.invoke.MethodHandle.linkToStatic (0x000074b1b2c47d88) [0x000074b1b2c47e80, 0x000074b1b2c47f70] Compiler: , Barriers: 0, Oops: 0, ImmediateOops: 0, NonImmediateOops: No
[3,231s][debug][gc,nmethod     ] Register NMethod: sun.invoke.util.Wrapper.forBasicType (0x000074b1935c2f88) [0x000074b1935c3080, 0x000074b1935c34f8] Compiler: c1, Barriers: 0, Oops: 0, ImmediateOops: 19, NonImmediateOops: No
[3,234s][debug][gc,director    ] Rule Major: Warmup 10%, Used: 64MB, UsedThreshold: 1228MB
[3,234s][debug][gc,nmethod     ] Register NMethod: jdk.internal.classfile.impl.SplitConstantPool.findEntry (0x000074b1b2c47408) [0x000074b1b2c47520, 0x000074b1b2c47d60] Compiler: jvmci, Barriers: 10, Oops: 0, ImmediateOops: 0, NonImmediateOops: No
[3,235s][debug][gc,nmethod     ] Register NMethod: java.lang.invoke.MethodHandle.linkToStatic (0x000074b1b2c47108) [0x000074b1b2c47200, 0x000074b1b2c472f0] Compiler: , Barriers: 0, Oops: 0, ImmediateOops: 0, NonImmediateOops: No
[3,236s][debug][gc,nmethod     ] Register NMethod: java.lang.invoke.MemberName.equals (0x000074b193424d88) [0x000074b193424e80, 0x000074b193426c90] Compiler: c1, Barriers: 4, Oops: 0, ImmediateOops: 0, NonImmediateOops: No
[3,240s][debug][gc,nmethod     ] Register NMethod: jdk.internal.classfile.impl.StackMapGenerator.detectFrames (0x000074b19371f688) [0x000074b19371f780, 0x000074b193722dd8] Compiler: c1, Barriers: 7, Oops: 1, ImmediateOops: 2, NonImmediateOops: No
[3,240s][debug][gc,nmethod     ] Register NMethod: jdk.internal.classfile.impl.DirectCodeBuilder$4.generateStackMaps (0x000074b193766608) [0x000074b193766700, 0x000074b193767220] Compiler: c1, Barriers: 2, Oops: 0, ImmediateOops: 1, NonImmediateOops: No
[3,241s][debug][gc,nmethod     ] Register NMethod: jdk.internal.classfile.impl.StackMapGenerator$Frame.merge (0x000074b193469008) [0x000074b193469100, 0x000074b1934699b8] Compiler: c1, Barriers: 5, Oops: 0, ImmediateOops: 0, NonImmediateOops: No
[3,241s][debug][gc,nmethod     ] Register NMethod: jdk.internal.classfile.impl.StackMapGenerator$Type.mergeFrom (0x000074b19351ba88) [0x000074b19351bb80, 0x000074b19351c628] Compiler: c1, Barriers: 0, Oops: 0, ImmediateOops: 6, NonImmediateOops: No
[3,241s][debug][gc,nmethod     ] Register NMethod: jdk.internal.classfile.impl.SplitConstantPool.writeBootstrapMethods (0x000074b193826908) [0x000074b193826a00, 0x000074b193827df0] Compiler: c1, Barriers: 2, Oops: 0, ImmediateOops: 0, NonImmediateOops: No
[3,241s][debug][gc,nmethod     ] Register NMethod: jdk.internal.classfile.impl.SplitConstantPool.writeBootstrapMethods (0x000074b193826908) [0x000074b193826a00, 0x000074b193827df0] Compiler: c1, Barriers: 2, Oops: 0, ImmediateOops: 2, NonImmediateOops: No
[3,241s][debug][gc,nmethod     ] Register NMethod: jdk.internal.classfile.impl.SplitConstantPool.writeBootstrapMethods (0x000074b193826908) [0x000074b193826a00, 0x000074b193827df0] Compiler: c1, Barriers: 2, Oops: 0, ImmediateOops: 2, NonImmediateOops: No
[3,241s][debug][gc,nmethod     ] Register NMethod: java.lang.invoke.MethodHandle.linkToStatic (0x000074b1b2c46d88) [0x000074b1b2c46e80, 0x000074b1b2c46f78] Compiler: , Barriers: 0, Oops: 0, ImmediateOops: 0, NonImmediateOops: No
[3,242s][debug][gc,nmethod     ] Register NMethod: jdk.internal.classfile.impl.DirectClassBuilder.setSuperclass (0x000074b1b2c7bc08) [0x000074b1b2c7bd00, 0x000074b1b2c7be30] Compiler: c1, Barriers: 3, Oops: 0, ImmediateOops: 0, NonImmediateOops: No
[3,242s][debug][gc,nmethod     ] Register NMethod: java.lang.invoke.MethodHandle.invokeBasic (0x000074b1b2c7bf08) [0x000074b1b2c7c000, 0x000074b1b2c7c298] Compiler: , Barriers: 0, Oops: 0, ImmediateOops: 0, NonImmediateOops: No
[3,242s][debug][gc,nmethod     ] Register NMethod: java.lang.invoke.MethodHandle.linkToSpecial (0x000074b1b2c7c308) [0x000074b1b2c7c400, 0x000074b1b2c7c4f8] Compiler: , Barriers: 0, Oops: 0, ImmediateOops: 0, NonImmediateOops: No
[3,243s][debug][gc,nmethod     ] Register NMethod: jdk.internal.classfile.impl.AbstractPoolEntry.hash2 (0x000074b1b2c7c608) [0x000074b1b2c7c700, 0x000074b1b2c7c780] Compiler: jvmci, Barriers: 0, Oops: 0, ImmediateOops: 0, NonImmediateOops: No
[3,243s][debug][gc,nmethod     ] Register NMethod: jdk.internal.util.DecimalDigits.uncheckedGetCharsLatin1 (0x000074b19346d388) [0x000074b19346d480, 0x000074b19346d840] Compiler: c1, Barriers: 0, Oops: 0, ImmediateOops: 0, NonImmediateOops: No
[3,243s][debug][gc,nmethod     ] Register NMethod: java.lang.classfile.CodeBuilder.checkcast (0x000074b193546a88) [0x000074b193546b80, 0x000074b1935472a0] Compiler: c1, Barriers: 0, Oops: 0, ImmediateOops: 0, NonImmediateOops: No
[3,244s][debug][gc,director    ] Rule Major: Warmup 10%, Used: 64MB, UsedThreshold: 1228MB
[3,244s][debug][gc,nmethod     ] Register NMethod: java.lang.invoke.MethodTypeForm.canonicalize (0x000074b1b2c7c908) [0x000074b1b2c7ca00, 0x000074b1b2c7cb28] Compiler: jvmci, Barriers: 0, Oops: 0, ImmediateOops: 1, NonImmediateOops: No
[3,244s][debug][gc,nmethod     ] Register NMethod: java.lang.invoke.MethodHandle.linkToNative (0x000074b1b2c7cc08) [0x000074b1b2c7cd00, 0x000074b1b2c7cd08] Compiler: , Barriers: 0, Oops: 0, ImmediateOops: 0, NonImmediateOops: No
[3,245s][debug][gc,nmethod     ] Register NMethod: java.util.Arrays$ArrayItr.hasNext (0x000074b193627b88) [0x000074b193627c80, 0x000074b193627e10] Compiler: c1, Barriers: 1, Oops: 0, ImmediateOops: 0, NonImmediateOops: No
[3,245s][debug][gc,nmethod     ] Register NMethod: jdk.internal.classfile.impl.SplitConstantPool.findEntry (0x000074b193419788) [0x000074b193419880, 0x000074b19341af88] Compiler: c1, Barriers: 3, Oops: 0, ImmediateOops: 0, NonImmediateOops: No
[3,246s][debug][gc,nmethod     ] Register NMethod: java.lang.invoke.InvokerBytecodeGenerator.emitPushArgument (0x000074b19347fb08) [0x000074b19347fc00, 0x000074b193481fa8] Compiler: c1, Barriers: 5, Oops: 0, ImmediateOops: 4, NonImmediateOops: No
[3,246s][debug][gc,nmethod     ] Register NMethod: java.lang.invoke.MethodHandle.linkToStatic (0x000074b1b2c7cf08) [0x000074b1b2c7d000, 0x000074b1b2c7d0f0] Compiler: , Barriers: 0, Oops: 0, ImmediateOops: 0, NonImmediateOops: No
[3,246s][debug][gc,nmethod     ] Register NMethod: jdk.internal.classfile.impl.ClassReaderImpl.readU1 (0x000074b193474108) [0x000074b193474200, 0x000074b1934744a8] Compiler: c1, Barriers: 1, Oops: 0, ImmediateOops: 1, NonImmediateOops: No
[3,247s][debug][gc,nmethod     ] Register NMethod: java.lang.invoke.MethodHandle.invokeBasic (0x000074b1b2c7d208) [0x000074b1b2c7d300, 0x000074b1b2c7d598] Compiler: , Barriers: 0, Oops: 0, ImmediateOops: 0, NonImmediateOops: No
[3,247s][debug][gc,nmethod     ] Register NMethod: java.lang.invoke.MethodHandle.linkToSpecial (0x000074b1b2c7d608) [0x000074b1b2c7d700, 0x000074b1b2c7d7f8] Compiler: , Barriers: 0, Oops: 0, ImmediateOops: 0, NonImmediateOops: No
[3,248s][debug][gc,nmethod     ] Register NMethod: java.lang.invoke.InvokerBytecodeGenerator.methodDesc (0x000074b193418088) [0x000074b193418180, 0x000074b193419288] Compiler: c1, Barriers: 19, Oops: 1, ImmediateOops: 1, NonImmediateOops: No
[3,248s][debug][gc,nmethod     ] Register NMethod: java.lang.invoke.InvokerBytecodeGenerator.emitStoreResult (0x000074b193441b08) [0x000074b193441c00, 0x000074b193442448] Compiler: c1, Barriers: 3, Oops: 0, ImmediateOops: 1, NonImmediateOops: No
[3,249s][debug][gc,nmethod     ] Register NMethod: java.lang.invoke.MethodHandle.linkToNative (0x000074b1b2c7d908) [0x000074b1b2c7da00, 0x000074b1b2c7da08] Compiler: , Barriers: 0, Oops: 0, ImmediateOops: 0, NonImmediateOops: No
[3,250s][debug][gc,nmethod     ] Register NMethod: java.lang.invoke.MethodHandle.linkToStatic (0x000074b1b2c7dc08) [0x000074b1b2c7dd00, 0x000074b1b2c7ddf0] Compiler: , Barriers: 0, Oops: 0, ImmediateOops: 0, NonImmediateOops: No
[3,250s][debug][gc,nmethod     ] Register NMethod: jdk.internal.classfile.impl.StackMapGenerator$Type.isCategory2_2nd (0x000074b193441808) [0x000074b193441900, 0x000074b193441a90] Compiler: c1, Barriers: 0, Oops: 0, ImmediateOops: 2, NonImmediateOops: No
[3,250s][debug][gc,nmethod     ] Register NMethod: jdk.internal.constant.ConstantUtils.classDesc (0x000074b1934c5008) [0x000074b1934c5100, 0x000074b1934c6200] Compiler: c1, Barriers: 3, Oops: 1, ImmediateOops: 2, NonImmediateOops: No
[3,250s][debug][gc,nmethod     ] Register NMethod: jdk.internal.classfile.impl.ClassReaderImpl.readU2 (0x000074b193417c88) [0x000074b193417d80, 0x000074b193418058] Compiler: c1, Barriers: 1, Oops: 0, ImmediateOops: 1, NonImmediateOops: No
[3,250s][debug][gc,nmethod     ] Register NMethod: java.lang.invoke.InvokerBytecodeGenerator.emitStaticInvoke (0x000074b193401d08) [0x000074b193401e00, 0x000074b193404480] Compiler: c1, Barriers: 9, Oops: 0, ImmediateOops: 2, NonImmediateOops: No
[3,250s][debug][gc,nmethod     ] Register NMethod: java.lang.invoke.MethodHandle.invokeBasic (0x000074b1b2c7df08) [0x000074b1b2c7e000, 0x000074b1b2c7e298] Compiler: , Barriers: 0, Oops: 0, ImmediateOops: 0, NonImmediateOops: No
[3,251s][debug][gc,nmethod     ] Register NMethod: java.lang.invoke.MethodHandle.linkToSpecial (0x000074b1b2c7e308) [0x000074b1b2c7e400, 0x000074b1b2c7e4f8] Compiler: , Barriers: 0, Oops: 0, ImmediateOops: 0, NonImmediateOops: No
[3,251s][debug][gc,nmethod     ] Register NMethod: jdk.internal.classfile.impl.SplitConstantPool.maybeCloneUtf8Entry (0x000074b1b2c7e608) [0x000074b1b2c7e700, 0x000074b1b2c7ec40] Compiler: jvmci, Barriers: 20, Oops: 0, ImmediateOops: 1, NonImmediateOops: No
[3,252s][debug][gc,nmethod     ] Register NMethod: java.util.Collections$EmptyList.size (0x000074b1b2c7ec88) [0x000074b1b2c7ed80, 0x000074b1b2c7ee40] Compiler: c1, Barriers: 0, Oops: 0, ImmediateOops: 0, NonImmediateOops: No
[3,252s][debug][gc,nmethod     ] Register NMethod: jdk.internal.classfile.impl.UnboundAttribute$UnboundRuntimeVisibleAnnotationsAttribute.annotations (0x000074b1b2c7ef88) [0x000074b1b2c7f080, 0x000074b1b2c7f168] Compiler: c1, Barriers: 1, Oops: 0, ImmediateOops: 0, NonImmediateOops: No
[3,252s][debug][gc,nmethod     ] Register NMethod: java.lang.classfile.CodeBuilder.putstatic (0x000074b1934c4b88) [0x000074b1934c4c80, 0x000074b1934c4f90] Compiler: c1, Barriers: 0, Oops: 0, ImmediateOops: 1, NonImmediateOops: No
[3,252s][debug][gc,nmethod     ] Register NMethod: jdk.internal.classfile.impl.AbstractPoolEntry$Utf8EntryImpl.methodTypeSymbol (0x000074b1b2c7f288) [0x000074b1b2c7f380, 0x000074b1b2c7f488] Compiler: jvmci, Barriers: 1, Oops: 0, ImmediateOops: 0, NonImmediateOops: No
[3,253s][debug][gc,nmethod     ] Register NMethod: jdk.internal.classfile.impl.DirectCodeBuilder.storeLocal (0x000074b193453388) [0x000074b193453480, 0x000074b193455308] Compiler: c1, Barriers: 5, Oops: 0, ImmediateOops: 2, NonImmediateOops: No
[3,254s][debug][gc,director    ] Rule Major: Warmup 10%, Used: 66MB, UsedThreshold: 1228MB
[3,257s][debug][gc,nmethod     ] Register NMethod: java.util.Formatter$Flags.contains (0x000074b1936a4b88) [0x000074b1936a4c80, 0x000074b1936a4db0] Compiler: c1, Barriers: 0, Oops: 0, ImmediateOops: 0, NonImmediateOops: No
[3,257s][debug][gc,nmethod     ] Register NMethod: java.lang.Long.numberOfLeadingZeros (0x000074b1936e9388) [0x000074b1936e9480, 0x000074b1936e9628] Compiler: c1, Barriers: 0, Oops: 0, ImmediateOops: 0, NonImmediateOops: No
[3,264s][debug][gc,director    ] Rule Major: Warmup 10%, Used: 66MB, UsedThreshold: 1228MB
[3,265s][debug][gc,nmethod     ] Register NMethod: java.util.concurrent.CopyOnWriteArrayList.getArray (0x000074b1b2c7f588) [0x000074b1b2c7f680, 0x000074b1b2c7f768] Compiler: c1, Barriers: 1, Oops: 0, ImmediateOops: 0, NonImmediateOops: No
[3,275s][debug][gc,director    ] Rule Major: Warmup 10%, Used: 66MB, UsedThreshold: 1228MB
[3,285s][debug][gc,director    ] Rule Major: Warmup 10%, Used: 68MB, UsedThreshold: 1228MB
[3,285s][debug][gc,nmethod     ] Register NMethod: java.util.concurrent.ConcurrentHashMap.putIfAbsent (0x000074b1b2c7f888) [0x000074b1b2c7f980, 0x000074b1b2c821e8] Compiler: jvmci, Barriers: 92, Oops: 0, ImmediateOops: 0, NonImmediateOops: No
[3,289s][debug][gc,nmethod     ] Register NMethod: jdk.internal.classfile.impl.DirectCodeBuilder.parameterSlot (0x000074b193549e08) [0x000074b193549f00, 0x000074b19354a240] Compiler: c1, Barriers: 1, Oops: 0, ImmediateOops: 0, NonImmediateOops: No
[3,290s][debug][gc,nmethod     ] Register NMethod: java.lang.StringLatin1.inflate (0x000074b19347f788) [0x000074b19347f880, 0x000074b19347fa70] Compiler: c1, Barriers: 0, Oops: 0, ImmediateOops: 0, NonImmediateOops: No
[3,290s][debug][gc,nmethod     ] Register NMethod: jdk.internal.classfile.impl.UnboundAttribute$AdHocAttribute.writeTo (0x000074b1934c1188) [0x000074b1934c1280, 0x000074b1934c2e70] Compiler: c1, Barriers: 5, Oops: 0, ImmediateOops: 0, NonImmediateOops: No
[3,294s][debug][gc,nmethod     ] Register NMethod: java.net.URL.<init> (0x000074b1b2c82208) [0x000074b1b2c82300, 0x000074b1b2c836c8] Compiler: jvmci, Barriers: 52, Oops: 1, ImmediateOops: 0, NonImmediateOops: No
[3,295s][debug][gc,director    ] Rule Major: Warmup 10%, Used: 68MB, UsedThreshold: 1228MB
[3,295s][debug][gc,nmethod     ] Register NMethod: java.lang.Class.getPackageName (0x000074b1b2c83708) [0x000074b1b2c83800, 0x000074b1b2c83ec0] Compiler: jvmci, Barriers: 9, Oops: 0, ImmediateOops: 1, NonImmediateOops: No
[3,297s][debug][gc,nmethod     ] Register NMethod: java.lang.reflect.Array.newInstance (0x000074b1b2c83f08) [0x000074b1b2c84000, 0x000074b1b2c842e0] Compiler: jvmci, Barriers: 0, Oops: 0, ImmediateOops: 1, NonImmediateOops: No
[3,305s][debug][gc,director    ] Rule Major: Warmup 10%, Used: 68MB, UsedThreshold: 1228MB
[3,316s][debug][gc,director    ] Rule Major: Warmup 10%, Used: 68MB, UsedThreshold: 1228MB
[3,326s][debug][gc,director    ] Rule Major: Warmup 10%, Used: 68MB, UsedThreshold: 1228MB
[3,334s][debug][gc,nmethod     ] Register NMethod: java.util.Collections$UnmodifiableCollection$1.next (0x000074b19356f408) [0x000074b19356f500, 0x000074b19356f840] Compiler: c1, Barriers: 1, Oops: 0, ImmediateOops: 0, NonImmediateOops: No
[3,335s][debug][gc,nmethod     ] Register NMethod: java.util.Locale.getDefault (0x000074b1937c9e88) [0x000074b1937c9f80, 0x000074b1937ca0a8] Compiler: c1, Barriers: 1, Oops: 0, ImmediateOops: 1, NonImmediateOops: No
[3,335s][debug][gc,nmethod     ] Register NMethod: java.lang.String.toLowerCase (0x000074b1934e7688) [0x000074b1934e7780, 0x000074b1934e7ee8] Compiler: c1, Barriers: 3, Oops: 0, ImmediateOops: 1, NonImmediateOops: No
[3,336s][debug][gc,director    ] Rule Major: Warmup 10%, Used: 70MB, UsedThreshold: 1228MB
[3,342s][debug][gc,nmethod     ] Register NMethod: com.google.protobuf.GeneratedMessageV3$Builder.onChanged (0x000074b193804008) [0x000074b193804100, 0x000074b1938044a0] Compiler: c1, Barriers: 1, Oops: 1, ImmediateOops: 0, NonImmediateOops: No
[3,344s][debug][gc,nmethod     ] Register NMethod: java.nio.charset.CoderResult.isUnderflow (0x000074b1937c9a88) [0x000074b1937c9b80, 0x000074b1937c9cd0] Compiler: c1, Barriers: 0, Oops: 0, ImmediateOops: 0, NonImmediateOops: No
[3,344s][debug][gc,nmethod     ] Register NMethod: java.nio.ByteBuffer.arrayOffset (0x000074b1935a5988) [0x000074b1935a5a80, 0x000074b1935a5d60] Compiler: c1, Barriers: 1, Oops: 0, ImmediateOops: 0, NonImmediateOops: No
[3,344s][debug][gc,nmethod     ] Register NMethod: java.nio.CharBuffer.arrayOffset (0x000074b1935a5488) [0x000074b1935a5580, 0x000074b1935a5860] Compiler: c1, Barriers: 1, Oops: 0, ImmediateOops: 0, NonImmediateOops: No
[3,344s][debug][gc,nmethod     ] Register NMethod: java.nio.Buffer.capacity (0x000074b1b2c84308) [0x000074b1b2c84400, 0x000074b1b2c844c0] Compiler: c1, Barriers: 0, Oops: 0, ImmediateOops: 0, NonImmediateOops: No
[3,346s][debug][gc,nmethod     ] Register NMethod: java.nio.Buffer.hasRemaining (0x000074b193622988) [0x000074b193622a80, 0x000074b193622bd0] Compiler: c1, Barriers: 0, Oops: 0, ImmediateOops: 0, NonImmediateOops: No
[3,346s][debug][gc,nmethod     ] Register NMethod: java.lang.Float.floatToRawIntBits (0x000074b1b2c84608) [0x000074b1b2c84700, 0x000074b1b2c84858] Compiler: , Barriers: 0, Oops: 0, ImmediateOops: 1, NonImmediateOops: No
[3,346s][debug][gc,director    ] Rule Major: Warmup 10%, Used: 70MB, UsedThreshold: 1228MB
[3,346s][debug][gc,nmethod     ] Register NMethod: java.nio.CharBuffer.position (0x000074b193622508) [0x000074b193622600, 0x000074b193622960] Compiler: c1, Barriers: 0, Oops: 0, ImmediateOops: 0, NonImmediateOops: No
[3,347s][debug][gc,nmethod     ] Register NMethod: java.lang.StringCoding.implEncodeAsciiArray (0x000074b193621f08) [0x000074b193622000, 0x000074b193622228] Compiler: c1, Barriers: 0, Oops: 0, ImmediateOops: 0, NonImmediateOops: No
[3,347s][debug][gc,nmethod     ] Register NMethod: java.nio.Buffer.remaining (0x000074b193411b08) [0x000074b193411c00, 0x000074b193411d70] Compiler: c1, Barriers: 0, Oops: 0, ImmediateOops: 0, NonImmediateOops: No
[3,347s][debug][gc,nmethod     ] Register NMethod: java.nio.charset.CharsetEncoder.maxBytesPerChar (0x000074b1b2c84908) [0x000074b1b2c84a00, 0x000074b1b2c84ac0] Compiler: c1, Barriers: 0, Oops: 0, ImmediateOops: 0, NonImmediateOops: No
[3,347s][debug][gc,nmethod     ] Register NMethod: java.util.WeakHashMap.hash (0x000074b1b2c84c08) [0x000074b1b2c84d00, 0x000074b1b2c84e50] Compiler: jvmci, Barriers: 0, Oops: 0, ImmediateOops: 0, NonImmediateOops: No
[3,347s][debug][gc,nmethod     ] Register NMethod: java.nio.CharBuffer.position (0x000074b193411808) [0x000074b193411900, 0x000074b193411a48] Compiler: c1, Barriers: 0, Oops: 0, ImmediateOops: 0, NonImmediateOops: No
[3,347s][debug][gc,nmethod     ] Register NMethod: java.nio.ByteBuffer.array (0x000074b193411408) [0x000074b193411500, 0x000074b1934117e0] Compiler: c1, Barriers: 1, Oops: 0, ImmediateOops: 0, NonImmediateOops: No
[3,347s][debug][gc,nmethod     ] Register NMethod: java.lang.String.hashCode (0x000074b1b2c84f08) [0x000074b1b2c85000, 0x000074b1b2c851b0] Compiler: jvmci, Barriers: 1, Oops: 0, ImmediateOops: 0, NonImmediateOops: No
[3,348s][debug][gc,nmethod     ] Register NMethod: java.lang.String.rangeCheck (0x000074b193411008) [0x000074b193411100, 0x000074b193411368] Compiler: c1, Barriers: 0, Oops: 1, ImmediateOops: 1, NonImmediateOops: No
[3,349s][debug][gc,nmethod     ] Register NMethod: java.util.WeakHashMap.expungeStaleEntries (0x000074b1b2c85208) [0x000074b1b2c85300, 0x000074b1b2c85438] Compiler: jvmci, Barriers: 2, Oops: 0, ImmediateOops: 0, NonImmediateOops: No
[3,349s][debug][gc,nmethod     ] Register NMethod: java.util.zip.Inflater.ensureOpen (0x000074b1b2c85508) [0x000074b1b2c85600, 0x000074b1b2c85708] Compiler: jvmci, Barriers: 1, Oops: 0, ImmediateOops: 0, NonImmediateOops: No
[3,350s][debug][gc,nmethod     ] Register NMethod: java.lang.String.<init> (0x000074b193412f88) [0x000074b193413080, 0x000074b1934133c0] Compiler: c1, Barriers: 0, Oops: 1, ImmediateOops: 1, NonImmediateOops: No
[3,355s][debug][gc,nmethod     ] Register NMethod: java.lang.invoke.DirectMethodHandle$Holder.newInvokeSpecial (0x000074b193412608) [0x000074b193412700, 0x000074b193412f70] Compiler: c1, Barriers: 2, Oops: 0, ImmediateOops: 1, NonImmediateOops: No
[3,357s][debug][gc,director    ] Rule Major: Warmup 10%, Used: 70MB, UsedThreshold: 1228MB
[3,359s][debug][gc,nmethod     ] Register NMethod: java.util.concurrent.ConcurrentHashMap.containsKey (0x000074b19342b488) [0x000074b19342b580, 0x000074b19342b700] Compiler: c1, Barriers: 0, Oops: 0, ImmediateOops: 0, NonImmediateOops: No
[3,360s][debug][gc,nmethod     ] Register NMethod: java.lang.Class.isInterface (0x000074b1b2c85808) [0x000074b1b2c85900, 0x000074b1b2c859a0] Compiler: jvmci, Barriers: 0, Oops: 0, ImmediateOops: 0, NonImmediateOops: No
[3,367s][debug][gc,nmethod     ] Register NMethod: sun.net.util.IPAddressUtil.scan (0x000074b1b2c85b08) [0x000074b1b2c85c00, 0x000074b1b2c85d18] Compiler: jvmci, Barriers: 1, Oops: 0, ImmediateOops: 0, NonImmediateOops: No
[3,367s][debug][gc,director    ] Rule Major: Warmup 10%, Used: 70MB, UsedThreshold: 1228MB
[3,368s][debug][gc,nmethod     ] Register NMethod: sun.net.util.IPAddressUtil.checkHostString (0x000074b1b2c85e08) [0x000074b1b2c85f00, 0x000074b1b2c86068] Compiler: jvmci, Barriers: 1, Oops: 0, ImmediateOops: 0, NonImmediateOops: No
[3,375s][debug][gc,nmethod     ] Register NMethod: java.lang.invoke.MethodHandle.linkToSpecial (0x000074b1b2c86108) [0x000074b1b2c86200, 0x000074b1b2c862f8] Compiler: , Barriers: 0, Oops: 0, ImmediateOops: 0, NonImmediateOops: No
[3,376s][debug][gc,nmethod     ] Register NMethod: java.lang.invoke.MethodHandle.invokeBasic (0x000074b1b2c86408) [0x000074b1b2c86500, 0x000074b1b2c86798] Compiler: , Barriers: 0, Oops: 0, ImmediateOops: 0, NonImmediateOops: No
[3,376s][debug][gc,nmethod     ] Register NMethod: java.lang.invoke.MethodHandle.linkToSpecial (0x000074b1b2c86808) [0x000074b1b2c86900, 0x000074b1b2c869f8] Compiler: , Barriers: 0, Oops: 0, ImmediateOops: 0, NonImmediateOops: No
[3,377s][debug][gc,nmethod     ] Register NMethod: java.lang.classfile.CodeBuilder.invoke (0x000074b1935e3608) [0x000074b1935e3700, 0x000074b1935e4290] Compiler: c1, Barriers: 0, Oops: 0, ImmediateOops: 0, NonImmediateOops: No
[3,377s][debug][gc,director    ] Rule Major: Warmup 10%, Used: 70MB, UsedThreshold: 1228MB
[3,386s][debug][gc,nmethod     ] Register NMethod: java.lang.invoke.MethodHandle.linkToStatic (0x000074b1b2c86b08) [0x000074b1b2c86c00, 0x000074b1b2c86cf0] Compiler: , Barriers: 0, Oops: 0, ImmediateOops: 0, NonImmediateOops: No
[3,387s][debug][gc,director    ] Rule Major: Warmup 10%, Used: 72MB, UsedThreshold: 1228MB
[3,391s][debug][gc,nmethod     ] Register NMethod: java.lang.Long.valueOf (0x000074b19342b008) [0x000074b19342b100, 0x000074b19342b440] Compiler: c1, Barriers: 1, Oops: 0, ImmediateOops: 1, NonImmediateOops: No
[3,392s][debug][gc,nmethod     ] Register NMethod: jdk.internal.classfile.impl.BufWriterImpl.writeU1U2U2 (0x000074b1b2c86e08) [0x000074b1b2c86f00, 0x000074b1b2c87490] Compiler: jvmci, Barriers: 4, Oops: 0, ImmediateOops: 0, NonImmediateOops: No
[3,393s][debug][gc,nmethod     ] Register NMethod: jdk.internal.classfile.impl.StackMapGenerator$Frame.pushStack (0x000074b1b2c87508) [0x000074b1b2c87600, 0x000074b1b2c87d70] Compiler: jvmci, Barriers: 20, Oops: 1, ImmediateOops: 2, NonImmediateOops: No
[3,394s][debug][gc,nmethod     ] Register NMethod: java.lang.Math.clamp (0x000074b1b2c87d88) [0x000074b1b2c87e80, 0x000074b1b2c87f30] Compiler: jvmci, Barriers: 0, Oops: 0, ImmediateOops: 0, NonImmediateOops: No
[3,397s][debug][gc,director    ] Rule Major: Warmup 10%, Used: 104MB, UsedThreshold: 1228MB
[3,398s][debug][gc,nmethod     ] Register NMethod: java.lang.invoke.TypeConvertingMethodAdapter.convertType (0x000074b19386d208) [0x000074b19386d300, 0x000074b193872638] Compiler: c1, Barriers: 0, Oops: 3, ImmediateOops: 31, NonImmediateOops: No
[3,402s][debug][gc,nmethod     ] Register NMethod: java.lang.String.indexOf (0x000074b1b2c88088) [0x000074b1b2c88180, 0x000074b1b2c88458] Compiler: jvmci, Barriers: 2, Oops: 0, ImmediateOops: 0, NonImmediateOops: No
[3,408s][debug][gc,director    ] Rule Major: Warmup 10%, Used: 104MB, UsedThreshold: 1228MB
[3,414s][debug][gc,nmethod     ] Register NMethod: sun.net.www.ParseUtil.encodePath (0x000074b1b2c88488) [0x000074b1b2c88580, 0x000074b1b2c88a00] Compiler: jvmci, Barriers: 1, Oops: 0, ImmediateOops: 0, NonImmediateOops: No
[3,418s][debug][gc,director    ] Rule Major: Warmup 10%, Used: 104MB, UsedThreshold: 1228MB
[3,424s][debug][gc,nmethod     ] Register NMethod: java.util.concurrent.ConcurrentHashMap.putVal (0x000074b1b2c88a08) [0x000074b1b2c88b00, 0x000074b1b2c89b88] Compiler: jvmci, Barriers: 31, Oops: 0, ImmediateOops: 0, NonImmediateOops: No
[3,426s][debug][gc,nmethod     ] Register NMethod: java.lang.invoke.MethodHandle.asType (0x000074b19342ac88) [0x000074b19342ad80, 0x000074b19342afe8] Compiler: c1, Barriers: 1, Oops: 0, ImmediateOops: 0, NonImmediateOops: No
[3,428s][debug][gc,director    ] Rule Major: Warmup 10%, Used: 104MB, UsedThreshold: 1228MB
[3,429s][debug][gc,nmethod     ] Register NMethod: jdk.internal.misc.Unsafe.putLongUnaligned (0x000074b19341c388) [0x000074b19341c480, 0x000074b19341c8b8] Compiler: c1, Barriers: 0, Oops: 0, ImmediateOops: 0, NonImmediateOops: No
[3,431s][debug][gc,nmethod     ] Register NMethod: java.lang.invoke.MethodHandle.linkToSpecial (0x000074b1b2c89c08) [0x000074b1b2c89d00, 0x000074b1b2c89df8] Compiler: , Barriers: 0, Oops: 0, ImmediateOops: 0, NonImmediateOops: No
[3,438s][debug][gc,director    ] Rule Major: Warmup 10%, Used: 106MB, UsedThreshold: 1228MB
[3,439s][debug][gc,nmethod     ] Register NMethod: java.lang.invoke.MethodHandle.intrinsicName (0x000074b19342a908) [0x000074b19342aa00, 0x000074b19342ab08] Compiler: c1, Barriers: 0, Oops: 0, ImmediateOops: 1, NonImmediateOops: No
[3,448s][debug][gc,director    ] Rule Major: Warmup 10%, Used: 106MB, UsedThreshold: 1228MB
[3,454s][debug][gc,nmethod     ] Register NMethod: java.util.jar.JarFile.maybeInstantiateVerifier (0x000074b1b2c89f08) [0x000074b1b2c8a000, 0x000074b1b2c8a508] Compiler: jvmci, Barriers: 4, Oops: 0, ImmediateOops: 0, NonImmediateOops: No
[3,458s][debug][gc,director    ] Rule Major: Warmup 10%, Used: 106MB, UsedThreshold: 1228MB
[3,461s][debug][gc,nmethod     ] Register NMethod: java.util.concurrent.ConcurrentHashMap.transfer (0x000074b1b2c8a588) [0x000074b1b2c8a680, 0x000074b1b2c8c0d0] Compiler: jvmci, Barriers: 71, Oops: 1, ImmediateOops: 0, NonImmediateOops: No
[3,462s][debug][gc,nmethod     ] Register NMethod: java.util.AbstractCollection.<init> (0x000074b1b2c8c108) [0x000074b1b2c8c200, 0x000074b1b2c8c280] Compiler: jvmci, Barriers: 0, Oops: 0, ImmediateOops: 0, NonImmediateOops: No
[3,465s][debug][gc,nmethod     ] Register NMethod: java.lang.invoke.MethodHandle.linkToSpecial (0x000074b1b2c8c408) [0x000074b1b2c8c500, 0x000074b1b2c8c5f8] Compiler: , Barriers: 0, Oops: 0, ImmediateOops: 0, NonImmediateOops: No
[3,465s][debug][gc,nmethod     ] Register NMethod: java.lang.Class.desiredAssertionStatus (0x000074b19341b788) [0x000074b19341b880, 0x000074b19341c1e0] Compiler: c1, Barriers: 4, Oops: 0, ImmediateOops: 0, NonImmediateOops: No
[3,466s][debug][gc,nmethod     ] Register NMethod: java.lang.invoke.MethodHandle.linkToSpecial (0x000074b1b2c8c708) [0x000074b1b2c8c800, 0x000074b1b2c8c8f8] Compiler: , Barriers: 0, Oops: 0, ImmediateOops: 0, NonImmediateOops: No
[3,467s][debug][gc,nmethod     ] Register NMethod: jdk.internal.classfile.impl.UnboundAttribute$UnboundSourceFileAttribute.sourceFile (0x000074b1b2c8ca08) [0x000074b1b2c8cb00, 0x000074b1b2c8cbe8] Compiler: c1, Barriers: 1, Oops: 0, ImmediateOops: 0, NonImmediateOops: No
[3,467s][debug][gc,nmethod     ] Register NMethod: java.lang.invoke.MethodHandle.linkToSpecial (0x000074b1b2c8cd08) [0x000074b1b2c8ce00, 0x000074b1b2c8cef8] Compiler: , Barriers: 0, Oops: 0, ImmediateOops: 0, NonImmediateOops: No
[3,467s][debug][gc,nmethod     ] Register NMethod: java.lang.Class.getClassData (0x000074b1b2c8d008) [0x000074b1b2c8d100, 0x000074b1b2c8d1e8] Compiler: c1, Barriers: 1, Oops: 0, ImmediateOops: 0, NonImmediateOops: No
[3,469s][debug][gc,director    ] Rule Major: Warmup 10%, Used: 108MB, UsedThreshold: 1228MB
[3,472s][debug][gc,nmethod     ] Register NMethod: java.lang.invoke.MethodHandle.invokeBasic (0x000074b1b2c8d308) [0x000074b1b2c8d400, 0x000074b1b2c8d698] Compiler: , Barriers: 0, Oops: 0, ImmediateOops: 0, NonImmediateOops: No
[3,472s][debug][gc,nmethod     ] Register NMethod: java.lang.invoke.MethodHandle.linkToSpecial (0x000074b1b2c8d708) [0x000074b1b2c8d800, 0x000074b1b2c8d8f8] Compiler: , Barriers: 0, Oops: 0, ImmediateOops: 0, NonImmediateOops: No
[3,473s][debug][gc,nmethod     ] Register NMethod: java.lang.invoke.MethodHandle.linkToStatic (0x000074b1b2c8da08) [0x000074b1b2c8db00, 0x000074b1b2c8dbf0] Compiler: , Barriers: 0, Oops: 0, ImmediateOops: 0, NonImmediateOops: No
[3,474s][debug][gc,nmethod     ] Register NMethod: java.lang.invoke.MethodHandle.invokeBasic (0x000074b1b2c8dd08) [0x000074b1b2c8de00, 0x000074b1b2c8e098] Compiler: , Barriers: 0, Oops: 0, ImmediateOops: 0, NonImmediateOops: No
[3,474s][debug][gc,nmethod     ] Register NMethod: java.lang.invoke.MethodHandle.linkToSpecial (0x000074b1b2c8e108) [0x000074b1b2c8e200, 0x000074b1b2c8e2f8] Compiler: , Barriers: 0, Oops: 0, ImmediateOops: 0, NonImmediateOops: No
[3,475s][debug][gc,nmethod     ] Register NMethod: java.lang.invoke.MemberName.getFactory (0x000074b1935b0d88) [0x000074b1935b0e80, 0x000074b1935b0f68] Compiler: c1, Barriers: 0, Oops: 0, ImmediateOops: 1, NonImmediateOops: No
[3,475s][debug][gc,nmethod     ] Register NMethod: java.lang.invoke.BootstrapMethodInvoker.invoke (0x000074b1938a7688) [0x000074b1938a7780, 0x000074b1938b1598] Compiler: c1, Barriers: 54, Oops: 0, ImmediateOops: 10, NonImmediateOops: No
[3,475s][debug][gc,nmethod     ] Register NMethod: java.lang.invoke.MethodHandle.invokeBasic (0x000074b1b2c8e408) [0x000074b1b2c8e500, 0x000074b1b2c8e798] Compiler: , Barriers: 0, Oops: 0, ImmediateOops: 0, NonImmediateOops: No
[3,475s][debug][gc,nmethod     ] Register NMethod: java.lang.invoke.MethodHandle.linkToSpecial (0x000074b1b2c8e808) [0x000074b1b2c8e900, 0x000074b1b2c8e9f8] Compiler: , Barriers: 0, Oops: 0, ImmediateOops: 0, NonImmediateOops: No
[3,476s][debug][gc,nmethod     ] Register NMethod: java.lang.StringBuilder.append (0x000074b1935b0a88) [0x000074b1935b0b80, 0x000074b1935b0cc8] Compiler: c1, Barriers: 0, Oops: 0, ImmediateOops: 0, NonImmediateOops: No
[3,476s][debug][gc,nmethod     ] Register NMethod: java.lang.AbstractStringBuilder.append (0x000074b1935b0588) [0x000074b1935b0680, 0x000074b1935b0a58] Compiler: c1, Barriers: 4, Oops: 0, ImmediateOops: 0, NonImmediateOops: No
[3,476s][debug][gc,nmethod     ] Register NMethod: jdk.internal.misc.Unsafe.putReference (0x000074b1b2c8eb08) [0x000074b1b2c8ec00, 0x000074b1b2c8ed70] Compiler: , Barriers: 0, Oops: 0, ImmediateOops: 0, NonImmediateOops: No
[3,477s][debug][gc,nmethod     ] Register NMethod: java.lang.invoke.InvokerBytecodeGenerator.isStaticallyNameable (0x000074b19342ea08) [0x000074b19342eb00, 0x000074b193430150] Compiler: c1, Barriers: 3, Oops: 1, ImmediateOops: 5, NonImmediateOops: No
[3,479s][debug][gc,director    ] Rule Major: Warmup 10%, Used: 108MB, UsedThreshold: 1228MB
[3,479s][debug][gc,nmethod     ] Register NMethod: jdk.internal.classfile.impl.StackMapGenerator$Frame.checkLocal (0x000074b1b2c8ee08) [0x000074b1b2c8ef00, 0x000074b1b2c8f5c0] Compiler: jvmci, Barriers: 17, Oops: 1, ImmediateOops: 2, NonImmediateOops: No
[3,480s][debug][gc,nmethod     ] Register NMethod: jdk.internal.classfile.impl.Util.parameterSlots (0x000074b1b2c8f608) [0x000074b1b2c8f700, 0x000074b1b2c8f908] Compiler: jvmci, Barriers: 2, Oops: 0, ImmediateOops: 2, NonImmediateOops: No
[3,480s][debug][gc,nmethod     ] Register NMethod: java.util.BitSet.initWords (0x000074b1935b0208) [0x000074b1935b0300, 0x000074b1935b0560] Compiler: c1, Barriers: 3, Oops: 0, ImmediateOops: 0, NonImmediateOops: No
[3,480s][debug][gc,nmethod     ] Register NMethod: java.lang.Package$VersionInfo.getInstance (0x000074b1935afd88) [0x000074b1935afe80, 0x000074b1935b01c8] Compiler: c1, Barriers: 0, Oops: 0, ImmediateOops: 1, NonImmediateOops: No
[3,481s][debug][gc,nmethod     ] Register NMethod: java.lang.Package.<init> (0x000074b19352b488) [0x000074b19352b580, 0x000074b19352bbb8] Compiler: c1, Barriers: 4, Oops: 0, ImmediateOops: 1, NonImmediateOops: No
[3,481s][debug][gc,nmethod     ] Register NMethod: java.lang.Class.cast (0x000074b1b2c8f988) [0x000074b1b2c8fa80, 0x000074b1b2c8fc70] Compiler: jvmci, Barriers: 0, Oops: 0, ImmediateOops: 0, NonImmediateOops: No
[3,484s][debug][gc,nmethod     ] Register NMethod: jdk.internal.classfile.impl.AbstractPoolEntry$AbstractRefsEntry.<init> (0x000074b1b2c8fc88) [0x000074b1b2c8fd80, 0x000074b1b2c90058] Compiler: jvmci, Barriers: 9, Oops: 0, ImmediateOops: 0, NonImmediateOops: No
[3,484s][debug][gc,nmethod     ] Register NMethod: jdk.internal.misc.Unsafe.putLongUnaligned (0x000074b1b2c90088) [0x000074b1b2c90180, 0x000074b1b2c90240] Compiler: jvmci, Barriers: 0, Oops: 0, ImmediateOops: 0, NonImmediateOops: No
[3,485s][debug][gc,nmethod     ] Register NMethod: java.lang.invoke.MethodHandle.linkToSpecial (0x000074b1b2c90388) [0x000074b1b2c90480, 0x000074b1b2c90578] Compiler: , Barriers: 0, Oops: 0, ImmediateOops: 0, NonImmediateOops: No
[3,486s][debug][gc,nmethod     ] Register NMethod: java.lang.invoke.MethodHandle.linkToSpecial (0x000074b1b2c90688) [0x000074b1b2c90780, 0x000074b1b2c90878] Compiler: , Barriers: 0, Oops: 0, ImmediateOops: 0, NonImmediateOops: No
[3,486s][debug][gc,nmethod     ] Register NMethod: java.lang.invoke.MethodHandle.invokeBasic (0x000074b1b2c90988) [0x000074b1b2c90a80, 0x000074b1b2c90d18] Compiler: , Barriers: 0, Oops: 0, ImmediateOops: 0, NonImmediateOops: No
[3,486s][debug][gc,nmethod     ] Register NMethod: java.lang.invoke.MethodHandle.linkToSpecial (0x000074b1b2c90d88) [0x000074b1b2c90e80, 0x000074b1b2c90f78] Compiler: , Barriers: 0, Oops: 0, ImmediateOops: 0, NonImmediateOops: No
[3,488s][debug][gc,nmethod     ] Register NMethod: java.util.HashMap.computeIfAbsent (0x000074b193604788) [0x000074b193604880, 0x000074b193607088] Compiler: c1, Barriers: 11, Oops: 0, ImmediateOops: 0, NonImmediateOops: No
[3,489s][debug][gc,director    ] Rule Major: Warmup 10%, Used: 108MB, UsedThreshold: 1228MB
[3,498s][debug][gc,nmethod     ] Register NMethod: java.util.BitSet.<init> (0x000074b19352a188) [0x000074b19352a280, 0x000074b19352b1c8] Compiler: c1, Barriers: 3, Oops: 1, ImmediateOops: 2, NonImmediateOops: No
[3,499s][debug][gc,director    ] Rule Major: Warmup 10%, Used: 110MB, UsedThreshold: 1228MB
[3,508s][debug][gc,nmethod     ] Register NMethod: java.net.URL.set (0x000074b1b2c91088) [0x000074b1b2c91180, 0x000074b1b2c91768] Compiler: jvmci, Barriers: 25, Oops: 0, ImmediateOops: 0, NonImmediateOops: No
[3,509s][debug][gc,director    ] Rule Major: Warmup 10%, Used: 110MB, UsedThreshold: 1228MB
[3,514s][debug][gc,nmethod     ] Register NMethod: java.lang.Thread.isVirtual (0x000074b19342df88) [0x000074b19342e080, 0x000074b19342e388] Compiler: c1, Barriers: 0, Oops: 0, ImmediateOops: 0, NonImmediateOops: No
[3,514s][debug][gc,nmethod     ] Register NMethod: jdk.internal.misc.Unsafe.getLongVolatile (0x000074b1b2c91788) [0x000074b1b2c91880, 0x000074b1b2c919e8] Compiler: , Barriers: 0, Oops: 0, ImmediateOops: 0, NonImmediateOops: No
[3,514s][debug][gc,nmethod     ] Register NMethod: java.lang.Thread.onSpinWait (0x000074b1935af988) [0x000074b1935afa80, 0x000074b1935afb60] Compiler: c1, Barriers: 0, Oops: 0, ImmediateOops: 0, NonImmediateOops: No
[3,515s][debug][gc,nmethod     ] Register NMethod: java.net.URLStreamHandler.setURL (0x000074b1b2c91a88) [0x000074b1b2c91b80, 0x000074b1b2c92890] Compiler: jvmci, Barriers: 32, Oops: 1, ImmediateOops: 1, NonImmediateOops: No
[3,517s][debug][gc,nmethod     ] Register NMethod: java.lang.invoke.MethodHandle.linkToStatic (0x000074b1b2c92908) [0x000074b1b2c92a00, 0x000074b1b2c92af0] Compiler: , Barriers: 0, Oops: 0, ImmediateOops: 0, NonImmediateOops: No
[3,518s][debug][gc,nmethod     ] Register NMethod: java.lang.invoke.MethodHandle.linkToInterface (0x000074b1b2c92c08) [0x000074b1b2c92d00, 0x000074b1b2c92e30] Compiler: , Barriers: 0, Oops: 0, ImmediateOops: 0, NonImmediateOops: No
[3,519s][debug][gc,nmethod     ] Register NMethod: java.lang.invoke.MethodHandle.linkToInterface (0x000074b1b2c92f08) [0x000074b1b2c93000, 0x000074b1b2c93130] Compiler: , Barriers: 0, Oops: 0, ImmediateOops: 0, NonImmediateOops: No
[3,519s][debug][gc,nmethod     ] Register NMethod: java.lang.invoke.MethodHandle.linkToStatic (0x000074b1b2c93208) [0x000074b1b2c93300, 0x000074b1b2c933f0] Compiler: , Barriers: 0, Oops: 0, ImmediateOops: 0, NonImmediateOops: No
[3,520s][debug][gc,director    ] Rule Major: Warmup 10%, Used: 120MB, UsedThreshold: 1228MB
[3,520s][debug][gc,nmethod     ] Register NMethod: java.lang.invoke.InvokerBytecodeGenerator.emitReferenceCast (0x000074b193450408) [0x000074b193450500, 0x000074b193452068] Compiler: c1, Barriers: 2, Oops: 1, ImmediateOops: 6, NonImmediateOops: No
[3,520s][debug][gc,nmethod     ] Register NMethod: java.lang.invoke.MethodHandle.linkToStatic (0x000074b1b2c93508) [0x000074b1b2c93600, 0x000074b1b2c936f0] Compiler: , Barriers: 0, Oops: 0, ImmediateOops: 0, NonImmediateOops: No
[3,522s][debug][gc,nmethod     ] Register NMethod: java.lang.invoke.MethodHandle.linkToStatic (0x000074b1b2c93808) [0x000074b1b2c93900, 0x000074b1b2c939f0] Compiler: , Barriers: 0, Oops: 0, ImmediateOops: 0, NonImmediateOops: No
[3,523s][debug][gc,nmethod     ] Register NMethod: jdk.internal.foreign.NativeMemorySegmentImpl.unsafeGetOffset (0x000074b1b2c93b08) [0x000074b1b2c93c00, 0x000074b1b2c93cc0] Compiler: c1, Barriers: 0, Oops: 0, ImmediateOops: 0, NonImmediateOops: No
[3,523s][debug][gc,nmethod     ] Register NMethod: jdk.internal.foreign.layout.AbstractLayout.byteAlignment (0x000074b1b2c93e08) [0x000074b1b2c93f00, 0x000074b1b2c93fc0] Compiler: c1, Barriers: 0, Oops: 0, ImmediateOops: 0, NonImmediateOops: No
[3,523s][debug][gc,nmethod     ] Register NMethod: jdk.internal.foreign.layout.AbstractLayout.byteSize (0x000074b1b2c94108) [0x000074b1b2c94200, 0x000074b1b2c942c0] Compiler: c1, Barriers: 0, Oops: 0, ImmediateOops: 0, NonImmediateOops: No
[3,523s][debug][gc,nmethod     ] Register NMethod: jdk.internal.foreign.NativeMemorySegmentImpl.unsafeGetBase (0x000074b1b2c94408) [0x000074b1b2c94500, 0x000074b1b2c945c8] Compiler: c1, Barriers: 0, Oops: 0, ImmediateOops: 0, NonImmediateOops: No
[3,523s][debug][gc,nmethod     ] Register NMethod: java.lang.invoke.MethodHandle.linkToStatic (0x000074b1b2c94708) [0x000074b1b2c94800, 0x000074b1b2c948f0] Compiler: , Barriers: 0, Oops: 0, ImmediateOops: 0, NonImmediateOops: No
[3,523s][debug][gc,nmethod     ] Register NMethod: java.lang.StringBuilder.<init> (0x000074b193604388) [0x000074b193604480, 0x000074b1936045b0] Compiler: c1, Barriers: 0, Oops: 0, ImmediateOops: 0, NonImmediateOops: No
[3,523s][debug][gc,nmethod     ] Register NMethod: jdk.internal.foreign.NativeMemorySegmentImpl.maxAlignMask (0x000074b1b2c94a08) [0x000074b1b2c94b00, 0x000074b1b2c94bc0] Compiler: c1, Barriers: 0, Oops: 0, ImmediateOops: 0, NonImmediateOops: No
[3,523s][debug][gc,nmethod     ] Register NMethod: jdk.internal.foreign.AbstractMemorySegmentImpl.sessionImpl (0x000074b1b2c94d08) [0x000074b1b2c94e00, 0x000074b1b2c94ee8] Compiler: c1, Barriers: 1, Oops: 0, ImmediateOops: 0, NonImmediateOops: No
[3,524s][debug][gc,nmethod     ] Register NMethod: java.lang.invoke.MethodHandle.linkToStatic (0x000074b1b2c95008) [0x000074b1b2c95100, 0x000074b1b2c951f0] Compiler: , Barriers: 0, Oops: 0, ImmediateOops: 0, NonImmediateOops: No
[3,524s][debug][gc,nmethod     ] Register NMethod: java.lang.invoke.MemberName.getMethodType (0x000074b1b2c95308) [0x000074b1b2c95400, 0x000074b1b2c95948] Compiler: jvmci, Barriers: 8, Oops: 0, ImmediateOops: 0, NonImmediateOops: No
[3,524s][debug][gc,nmethod     ] Register NMethod: java.lang.invoke.MethodTypeForm.<init> (0x000074b19343dd08) [0x000074b19343de00, 0x000074b193440d90] Compiler: c1, Barriers: 28, Oops: 1, ImmediateOops: 7, NonImmediateOops: No
[3,525s][debug][gc,nmethod     ] Register NMethod: jdk.internal.foreign.MemorySessionImpl.checkValidStateRaw (0x000074b19342dc08) [0x000074b19342dd00, 0x000074b19342df30] Compiler: c1, Barriers: 2, Oops: 0, ImmediateOops: 2, NonImmediateOops: No
[3,525s][debug][gc,nmethod     ] Register NMethod: jdk.internal.foreign.AbstractMemorySegmentImpl.checkBounds (0x000074b19342d808) [0x000074b19342d900, 0x000074b19342db90] Compiler: c1, Barriers: 0, Oops: 0, ImmediateOops: 0, NonImmediateOops: No
[3,525s][debug][gc,nmethod     ] Register NMethod: jdk.internal.util.Preconditions.checkIndex (0x000074b19342d508) [0x000074b19342d600, 0x000074b19342d790] Compiler: c1, Barriers: 0, Oops: 0, ImmediateOops: 0, NonImmediateOops: No
[3,525s][debug][gc,nmethod     ] Register NMethod: io.sirix.page.KeyValueLeafPage.isSlotSet (0x000074b19342d208) [0x000074b19342d300, 0x000074b19342d4a8] Compiler: c1, Barriers: 1, Oops: 1, ImmediateOops: 0, NonImmediateOops: No
[3,525s][debug][gc,nmethod     ] Register NMethod: java.util.BitSet.ensureCapacity (0x000074b19342ce08) [0x000074b19342cf00, 0x000074b19342d1c0] Compiler: c1, Barriers: 4, Oops: 0, ImmediateOops: 0, NonImmediateOops: No
[3,526s][debug][gc,nmethod     ] Register NMethod: java.util.Arrays$ArrayItr.next (0x000074b19342ca08) [0x000074b19342cb00, 0x000074b19342cda0] Compiler: c1, Barriers: 2, Oops: 0, ImmediateOops: 0, NonImmediateOops: No
[3,526s][debug][gc,nmethod     ] Register NMethod: jdk.internal.classfile.impl.AbstractPoolEntry.hashClassFromUtf8 (0x000074b1937d7988) [0x000074b1937d7a80, 0x000074b1937d8228] Compiler: c1, Barriers: 2, Oops: 0, ImmediateOops: 2, NonImmediateOops: No
[3,526s][debug][gc,nmethod     ] Register NMethod: jdk.internal.classfile.impl.DirectCodeBuilder.addLabel (0x000074b1937d6e88) [0x000074b1937d6f80, 0x000074b1937d7950] Compiler: c1, Barriers: 9, Oops: 0, ImmediateOops: 0, NonImmediateOops: No
[3,526s][debug][gc,nmethod     ] Register NMethod: jdk.internal.classfile.impl.DirectCodeBuilder$DeferredLabel.<init> (0x000074b19342c608) [0x000074b19342c700, 0x000074b19342c940] Compiler: c1, Barriers: 3, Oops: 0, ImmediateOops: 0, NonImmediateOops: No
[3,526s][debug][gc,nmethod     ] Register NMethod: java.lang.classfile.CodeBuilder.loadConstant (0x000074b19341fe88) [0x000074b19341ff80, 0x000074b193421c40] Compiler: c1, Barriers: 0, Oops: 0, ImmediateOops: 0, NonImmediateOops: No
[3,527s][debug][gc,nmethod     ] Register NMethod: jdk.internal.foreign.AbstractMemorySegmentImpl.checkReadOnly (0x000074b1937d6b08) [0x000074b1937d6c00, 0x000074b1937d6e28] Compiler: c1, Barriers: 0, Oops: 0, ImmediateOops: 1, NonImmediateOops: No
[3,527s][debug][gc,nmethod     ] Register NMethod: jdk.internal.misc.Unsafe.putLongUnaligned (0x000074b1937d6588) [0x000074b1937d6680, 0x000074b1937d6ab8] Compiler: c1, Barriers: 0, Oops: 0, ImmediateOops: 0, NonImmediateOops: No
[3,527s][debug][gc,nmethod     ] Register NMethod: jdk.internal.foreign.AbstractMemorySegmentImpl.checkAccess (0x000074b19341f508) [0x000074b19341f600, 0x000074b19341fe10] Compiler: c1, Barriers: 0, Oops: 0, ImmediateOops: 1, NonImmediateOops: No
[3,527s][debug][gc,nmethod     ] Register NMethod: jdk.internal.foreign.AbstractMemorySegmentImpl.isAlignedForElement (0x000074b19341ec88) [0x000074b19341ed80, 0x000074b19341f3c8] Compiler: c1, Barriers: 0, Oops: 0, ImmediateOops: 0, NonImmediateOops: No
[3,527s][debug][gc,nmethod     ] Register NMethod: java.lang.classfile.CodeBuilder.ldc (0x000074b193461208) [0x000074b193461300, 0x000074b193461d90] Compiler: c1, Barriers: 0, Oops: 0, ImmediateOops: 0, NonImmediateOops: No
[3,528s][debug][gc,nmethod     ] Register NMethod: jdk.internal.foreign.AbstractMemorySegmentImpl.isAlignedForElement (0x000074b1937d6288) [0x000074b1937d6380, 0x000074b1937d6550] Compiler: c1, Barriers: 0, Oops: 0, ImmediateOops: 0, NonImmediateOops: No
[3,528s][debug][gc,nmethod     ] Register NMethod: jdk.internal.classfile.impl.SplitConstantPool.maybeCloneUtf8Entry (0x000074b193460008) [0x000074b193460100, 0x000074b1934611a0] Compiler: c1, Barriers: 4, Oops: 0, ImmediateOops: 2, NonImmediateOops: No
[3,528s][debug][gc,nmethod     ] Register NMethod: jdk.internal.foreign.AbstractMemorySegmentImpl.byteSize (0x000074b1b2c95988) [0x000074b1b2c95a80, 0x000074b1b2c95b40] Compiler: c1, Barriers: 0, Oops: 0, ImmediateOops: 0, NonImmediateOops: No
[3,528s][debug][gc,nmethod     ] Register NMethod: jdk.internal.classfile.impl.StackMapGenerator$Frame.popStack (0x000074b19345fc08) [0x000074b19345fd00, 0x000074b19345fff8] Compiler: c1, Barriers: 4, Oops: 1, ImmediateOops: 1, NonImmediateOops: No
[3,528s][debug][gc,nmethod     ] Register NMethod: java.lang.invoke.SegmentVarHandle.offset (0x000074b19345f808) [0x000074b19345f900, 0x000074b19345fc00] Compiler: c1, Barriers: 0, Oops: 0, ImmediateOops: 0, NonImmediateOops: No
[3,528s][debug][gc,nmethod     ] Register NMethod: java.lang.classfile.constantpool.ConstantPoolBuilder.loadableConstantEntry (0x000074b1934b9388) [0x000074b1934b9480, 0x000074b1934bec18] Compiler: c1, Barriers: 0, Oops: 1, ImmediateOops: 3, NonImmediateOops: No
[3,528s][debug][gc,nmethod     ] Register NMethod: jdk.internal.foreign.layout.ValueLayouts$AbstractValueLayout.varHandle (0x000074b19345ed08) [0x000074b19345ee00, 0x000074b19345f7b8] Compiler: c1, Barriers: 4, Oops: 3, ImmediateOops: 3, NonImmediateOops: No
[3,529s][debug][gc,nmethod     ] Register NMethod: jdk.internal.foreign.AbstractMemorySegmentImpl.checkEnclosingLayout (0x000074b193486688) [0x000074b193486780, 0x000074b193489ad8] Compiler: c1, Barriers: 19, Oops: 1, ImmediateOops: 3, NonImmediateOops: No
[3,529s][debug][gc,nmethod     ] Register NMethod: jdk.internal.classfile.impl.SplitConstantPool.findEntry (0x000074b193472688) [0x000074b193472780, 0x000074b193473c30] Compiler: c1, Barriers: 2, Oops: 0, ImmediateOops: 0, NonImmediateOops: No
[3,529s][debug][gc,nmethod     ] Register NMethod: io.sirix.page.KeyValueLeafPage.getSlotAsByteArray (0x000074b193471e88) [0x000074b193471f80, 0x000074b193472618] Compiler: c1, Barriers: 0, Oops: 1, ImmediateOops: 1, NonImmediateOops: No
[3,530s][debug][gc,nmethod     ] Register NMethod: jdk.internal.misc.Unsafe.checkSize (0x000074b193486308) [0x000074b193486400, 0x000074b193486660] Compiler: c1, Barriers: 0, Oops: 0, ImmediateOops: 0, NonImmediateOops: No
[3,530s][debug][gc,nmethod     ] Register NMethod: jdk.internal.foreign.Utils$BaseAndScale.scale (0x000074b1b2c95c88) [0x000074b1b2c95d80, 0x000074b1b2c95e40] Compiler: c1, Barriers: 0, Oops: 0, ImmediateOops: 0, NonImmediateOops: No
[3,530s][debug][gc,director    ] Rule Major: Warmup 10%, Used: 120MB, UsedThreshold: 1228MB
[3,530s][debug][gc,nmethod     ] Register NMethod: java.lang.classfile.constantpool.ConstantPoolBuilder.stringEntry (0x000074b193471808) [0x000074b193471900, 0x000074b193471e10] Compiler: c1, Barriers: 0, Oops: 0, ImmediateOops: 0, NonImmediateOops: No
[3,530s][debug][gc,nmethod     ] Register NMethod: java.lang.invoke.SegmentVarHandle.checkSegment (0x000074b193687708) [0x000074b193687800, 0x000074b19368b118] Compiler: c1, Barriers: 20, Oops: 1, ImmediateOops: 3, NonImmediateOops: No
[3,530s][debug][gc,nmethod     ] Register NMethod: jdk.internal.classfile.impl.SplitConstantPool.stringEntry (0x000074b193686b08) [0x000074b193686c00, 0x000074b1936876f0] Compiler: c1, Barriers: 0, Oops: 0, ImmediateOops: 0, NonImmediateOops: No
[3,530s][debug][gc,nmethod     ] Register NMethod: io.sirix.node.GrowingMemorySegment.ensureCapacity (0x000074b19345ea08) [0x000074b19345eb00, 0x000074b19345ec60] Compiler: c1, Barriers: 0, Oops: 1, ImmediateOops: 0, NonImmediateOops: No
[3,531s][debug][gc,nmethod     ] Register NMethod: java.util.concurrent.ConcurrentHashMap.transfer (0x000074b1b2c95f88) [0x000074b1b2c96080, 0x000074b1b2c970e0] Compiler: jvmci, Barriers: 43, Oops: 1, ImmediateOops: 0, NonImmediateOops: No
[3,531s][debug][gc,nmethod     ] Register NMethod: jdk.internal.foreign.AbstractMemorySegmentImpl.isAlignedForElement (0x000074b193470d08) [0x000074b193470e00, 0x000074b1934717c0] Compiler: c1, Barriers: 0, Oops: 0, ImmediateOops: 0, NonImmediateOops: No
[3,531s][debug][gc,nmethod     ] Register NMethod: jdk.internal.foreign.AbstractMemorySegmentImpl.isAlignedForElement (0x000074b193470408) [0x000074b193470500, 0x000074b193470a90] Compiler: c1, Barriers: 0, Oops: 0, ImmediateOops: 0, NonImmediateOops: No
[3,531s][debug][gc,nmethod     ] Register NMethod: java.lang.invoke.MethodHandle.invokeBasic (0x000074b1b2c97108) [0x000074b1b2c97200, 0x000074b1b2c97498] Compiler: , Barriers: 0, Oops: 0, ImmediateOops: 0, NonImmediateOops: No
[3,532s][debug][gc,nmethod     ] Register NMethod: jdk.internal.misc.Unsafe.copyMemory (0x000074b193484688) [0x000074b193484780, 0x000074b193485d40] Compiler: c1, Barriers: 4, Oops: 0, ImmediateOops: 0, NonImmediateOops: No
[3,533s][debug][gc,nmethod     ] Register NMethod: jdk.internal.misc.Unsafe.copyMemoryChecks (0x000074b193482f88) [0x000074b193483080, 0x000074b193484638] Compiler: c1, Barriers: 4, Oops: 0, ImmediateOops: 0, NonImmediateOops: No
[3,533s][debug][gc,nmethod     ] Register NMethod: java.lang.Integer.rotateRight (0x000074b193686808) [0x000074b193686900, 0x000074b1936869f0] Compiler: c1, Barriers: 0, Oops: 0, ImmediateOops: 0, NonImmediateOops: No
[3,533s][debug][gc,nmethod     ] Register NMethod: java.lang.invoke.VarHandleGuards.guard_LJI_V (0x000074b1934b4608) [0x000074b1934b4700, 0x000074b1934b9308] Compiler: c1, Barriers: 46, Oops: 1, ImmediateOops: 6, NonImmediateOops: No
[3,533s][debug][gc,nmethod     ] Register NMethod: jdk.internal.misc.Unsafe.putIntUnaligned (0x000074b193482b88) [0x000074b193482c80, 0x000074b193482f20] Compiler: c1, Barriers: 0, Oops: 0, ImmediateOops: 0, NonImmediateOops: No
[3,534s][debug][gc,nmethod     ] Register NMethod: jdk.internal.misc.Unsafe.putIntUnaligned (0x000074b193482808) [0x000074b193482900, 0x000074b193482b30] Compiler: c1, Barriers: 0, Oops: 0, ImmediateOops: 0, NonImmediateOops: No
[3,534s][debug][gc,nmethod     ] Register NMethod: java.lang.invoke.MethodHandle.invokeBasic (0x000074b1b2c97508) [0x000074b1b2c97600, 0x000074b1b2c97898] Compiler: , Barriers: 0, Oops: 0, ImmediateOops: 0, NonImmediateOops: No
[3,534s][debug][gc,nmethod     ] Register NMethod: jdk.internal.misc.Unsafe.checkOffset (0x000074b193482388) [0x000074b193482480, 0x000074b1934826e0] Compiler: c1, Barriers: 0, Oops: 0, ImmediateOops: 0, NonImmediateOops: No
[3,536s][debug][gc,nmethod     ] Register NMethod: java.lang.invoke.VarHandleGuards.guard_LII_V (0x000074b1934af888) [0x000074b1934af980, 0x000074b1934b4580] Compiler: c1, Barriers: 46, Oops: 1, ImmediateOops: 6, NonImmediateOops: No
[3,539s][debug][gc,nmethod     ] Register NMethod: io.sirix.page.KeyValueLeafPage.getSlot (0x000074b193499488) [0x000074b193499580, 0x000074b1934af7a0] Compiler: c1, Barriers: 194, Oops: 13, ImmediateOops: 50, NonImmediateOops: No
[3,540s][debug][gc,director    ] Rule Major: Warmup 10%, Used: 120MB, UsedThreshold: 1228MB
[3,540s][debug][gc,nmethod     ] Register NMethod: java.lang.reflect.Constructor.getSharedParameterTypes (0x000074b1b2c97908) [0x000074b1b2c97a00, 0x000074b1b2c97ae8] Compiler: c1, Barriers: 1, Oops: 0, ImmediateOops: 0, NonImmediateOops: No
[3,542s][debug][gc,nmethod     ] Register NMethod: java.lang.invoke.MethodHandle.linkToStatic (0x000074b1b2c97c08) [0x000074b1b2c97d00, 0x000074b1b2c97df0] Compiler: , Barriers: 0, Oops: 0, ImmediateOops: 0, NonImmediateOops: No
[3,543s][debug][gc,nmethod     ] Register NMethod: java.lang.invoke.MethodHandle.invokeBasic (0x000074b1b2c97f08) [0x000074b1b2c98000, 0x000074b1b2c98298] Compiler: , Barriers: 0, Oops: 0, ImmediateOops: 0, NonImmediateOops: No
[3,546s][debug][gc,nmethod     ] Register NMethod: java.lang.Throwable.<init> (0x000074b1934e5f08) [0x000074b1934e6000, 0x000074b1934e67c0] Compiler: c1, Barriers: 13, Oops: 0, ImmediateOops: 3, NonImmediateOops: No
[3,546s][debug][gc,nmethod     ] Register NMethod: java.lang.invoke.MethodType.methodType (0x000074b1b2c98308) [0x000074b1b2c98400, 0x000074b1b2c991f0] Compiler: jvmci, Barriers: 25, Oops: 3, ImmediateOops: 9, NonImmediateOops: No
[3,546s][debug][gc,nmethod     ] Register NMethod: jdk.internal.misc.Unsafe.convEndian (0x000074b1b2c99288) [0x000074b1b2c99380, 0x000074b1b2c99418] Compiler: jvmci, Barriers: 0, Oops: 0, ImmediateOops: 0, NonImmediateOops: No
[3,548s][debug][gc,nmethod     ] Register NMethod: java.lang.Integer.valueOf (0x000074b1b2c99588) [0x000074b1b2c99680, 0x000074b1b2c997f0] Compiler: jvmci, Barriers: 1, Oops: 0, ImmediateOops: 1, NonImmediateOops: No
[3,549s][debug][gc,nmethod     ] Register NMethod: java.lang.Integer.rotateRight (0x000074b1b2c99888) [0x000074b1b2c99980, 0x000074b1b2c999f0] Compiler: jvmci, Barriers: 0, Oops: 0, ImmediateOops: 0, NonImmediateOops: No
[3,549s][debug][gc,nmethod     ] Register NMethod: jdk.internal.classfile.impl.SplitConstantPool.internalAdd (0x000074b1b2c99b88) [0x000074b1b2c99ca0, 0x000074b1b2c9a958] Compiler: jvmci, Barriers: 13, Oops: 0, ImmediateOops: 2, NonImmediateOops: No
[3,549s][debug][gc,nmethod     ] Register NMethod: jdk.internal.classfile.impl.AbstractPoolEntry.hashClassFromDescriptor (0x000074b1b2c9a988) [0x000074b1b2c9aa80, 0x000074b1b2c9aaf0] Compiler: jvmci, Barriers: 0, Oops: 0, ImmediateOops: 0, NonImmediateOops: No
[3,549s][debug][gc,nmethod     ] Register NMethod: jdk.internal.util.ArraysSupport.vectorizedMismatch (0x000074b1934e5988) [0x000074b1934e5a80, 0x000074b1934e5e90] Compiler: c1, Barriers: 0, Oops: 0, ImmediateOops: 0, NonImmediateOops: No
[3,550s][debug][gc,director    ] Rule Major: Warmup 10%, Used: 120MB, UsedThreshold: 1228MB
[3,552s][debug][gc,nmethod     ] Register NMethod: java.lang.invoke.LambdaForm$Name.<init> (0x000074b1934e4588) [0x000074b1934e4680, 0x000074b1934e5928] Compiler: c1, Barriers: 11, Oops: 0, ImmediateOops: 0, NonImmediateOops: No
[3,554s][debug][gc,nmethod     ] Register NMethod: java.util.concurrent.ForkJoinPool.slotOffset (0x000074b1937d5f88) [0x000074b1937d6080, 0x000074b1937d6178] Compiler: c1, Barriers: 0, Oops: 0, ImmediateOops: 0, NonImmediateOops: No
[3,555s][debug][gc,nmethod     ] Register NMethod: java.lang.Object.<init> (0x000074b1b2c9ac88) [0x000074b1b2c9ad80, 0x000074b1b2c9ae38] Compiler: jvmci, Barriers: 0, Oops: 0, ImmediateOops: 0, NonImmediateOops: No
[3,555s][debug][gc,nmethod     ] Register NMethod: java.lang.reflect.Array.getLength (0x000074b1b2c9af88) [0x000074b1b2c9b080, 0x000074b1b2c9b1e8] Compiler: , Barriers: 0, Oops: 0, ImmediateOops: 1, NonImmediateOops: No
[3,556s][debug][gc,nmethod     ] Register NMethod: java.nio.ByteBuffer.<init> (0x000074b1934e4208) [0x000074b1934e4300, 0x000074b1934e4548] Compiler: c1, Barriers: 3, Oops: 0, ImmediateOops: 0, NonImmediateOops: No
[3,556s][debug][gc,nmethod     ] Register NMethod: jdk.internal.foreign.layout.ValueLayouts$AbstractValueLayout.carrier (0x000074b1b2c9b288) [0x000074b1b2c9b380, 0x000074b1b2c9b468] Compiler: c1, Barriers: 1, Oops: 0, ImmediateOops: 0, NonImmediateOops: No
[3,556s][debug][gc,nmethod     ] Register NMethod: java.lang.Thread.onSpinWait (0x000074b1b2c9b588) [0x000074b1b2c9b680, 0x000074b1b2c9b6e0] Compiler: jvmci, Barriers: 0, Oops: 0, ImmediateOops: 0, NonImmediateOops: No
[3,556s][debug][gc,nmethod     ] Register NMethod: jdk.internal.classfile.impl.Util.isDoubleSlot (0x000074b1934e3f08) [0x000074b1934e4000, 0x000074b1934e4170] Compiler: c1, Barriers: 0, Oops: 0, ImmediateOops: 2, NonImmediateOops: No
[3,556s][debug][gc,nmethod     ] Register NMethod: jdk.internal.misc.Unsafe.pick (0x000074b1934e3c08) [0x000074b1934e3d00, 0x000074b1934e3df8] Compiler: c1, Barriers: 0, Oops: 0, ImmediateOops: 0, NonImmediateOops: No
[3,557s][debug][gc,nmethod     ] Register NMethod: jdk.internal.foreign.Utils$BaseAndScale.base (0x000074b1b2c9b888) [0x000074b1b2c9b980, 0x000074b1b2c9ba40] Compiler: c1, Barriers: 0, Oops: 0, ImmediateOops: 0, NonImmediateOops: No
[3,560s][debug][gc,director    ] Rule Major: Warmup 10%, Used: 122MB, UsedThreshold: 1228MB
[3,560s][debug][gc,nmethod     ] Register NMethod: java.lang.invoke.MethodHandle.linkToSpecial (0x000074b1b2c9bb88) [0x000074b1b2c9bc80, 0x000074b1b2c9bd78] Compiler: , Barriers: 0, Oops: 0, ImmediateOops: 0, NonImmediateOops: No
[3,561s][debug][gc,nmethod     ] Register NMethod: java.lang.invoke.MethodHandle.linkToSpecial (0x000074b1b2c9be88) [0x000074b1b2c9bf80, 0x000074b1b2c9c078] Compiler: , Barriers: 0, Oops: 0, ImmediateOops: 0, NonImmediateOops: No
[3,561s][debug][gc,nmethod     ] Register NMethod: java.lang.invoke.MethodHandle.invokeBasic (0x000074b1b2c9c188) [0x000074b1b2c9c280, 0x000074b1b2c9c518] Compiler: , Barriers: 0, Oops: 0, ImmediateOops: 0, NonImmediateOops: No
[3,561s][debug][gc,nmethod     ] Register NMethod: java.lang.invoke.MethodHandle.linkToSpecial (0x000074b1b2c9c588) [0x000074b1b2c9c680, 0x000074b1b2c9c778] Compiler: , Barriers: 0, Oops: 0, ImmediateOops: 0, NonImmediateOops: No
[3,562s][debug][gc,nmethod     ] Register NMethod: java.lang.invoke.MethodHandle.linkToSpecial (0x000074b1b2c9c888) [0x000074b1b2c9c980, 0x000074b1b2c9ca78] Compiler: , Barriers: 0, Oops: 0, ImmediateOops: 0, NonImmediateOops: No
[3,562s][debug][gc,nmethod     ] Register NMethod: jdk.internal.classfile.impl.Util.parameterSlots (0x000074b1934e3688) [0x000074b1934e3780, 0x000074b1934e3bf0] Compiler: c1, Barriers: 3, Oops: 0, ImmediateOops: 2, NonImmediateOops: No
[3,562s][debug][gc,nmethod     ] Register NMethod: java.lang.invoke.MethodHandle.linkToSpecial (0x000074b1b2c9cb88) [0x000074b1b2c9cc80, 0x000074b1b2c9cd78] Compiler: , Barriers: 0, Oops: 0, ImmediateOops: 0, NonImmediateOops: No
[3,562s][debug][gc,nmethod     ] Register NMethod: java.util.concurrent.ConcurrentHashMap.putIfAbsent (0x000074b1934e3288) [0x000074b1934e3380, 0x000074b1934e3680] Compiler: c1, Barriers: 0, Oops: 0, ImmediateOops: 0, NonImmediateOops: No
[3,562s][debug][gc,nmethod     ] Register NMethod: java.lang.invoke.MethodHandle.invokeBasic (0x000074b1b2c9ce88) [0x000074b1b2c9cf80, 0x000074b1b2c9d218] Compiler: , Barriers: 0, Oops: 0, ImmediateOops: 0, NonImmediateOops: No
[3,563s][debug][gc,nmethod     ] Register NMethod: java.lang.invoke.MethodHandle.linkToSpecial (0x000074b1b2c9d288) [0x000074b1b2c9d380, 0x000074b1b2c9d478] Compiler: , Barriers: 0, Oops: 0, ImmediateOops: 0, NonImmediateOops: No
[3,563s][debug][gc,nmethod     ] Register NMethod: java.nio.Buffer.session (0x000074b193485d88) [0x000074b193485e80, 0x000074b193486288] Compiler: c1, Barriers: 1, Oops: 0, ImmediateOops: 0, NonImmediateOops: No
[3,563s][debug][gc,nmethod     ] Register NMethod: java.lang.invoke.LambdaForm.fixResult (0x000074b1934e2f08) [0x000074b1934e3000, 0x000074b1934e3210] Compiler: c1, Barriers: 2, Oops: 0, ImmediateOops: 1, NonImmediateOops: No
[3,563s][debug][gc,nmethod     ] Register NMethod: java.lang.invoke.LambdaForm.<init> (0x000074b1934e2a88) [0x000074b1934e2b80, 0x000074b1934e2ee0] Compiler: c1, Barriers: 12, Oops: 0, ImmediateOops: 0, NonImmediateOops: No
[3,563s][debug][gc,nmethod     ] Register NMethod: java.lang.invoke.LambdaForm.create (0x000074b1934e2108) [0x000074b1934e2200, 0x000074b1934e2a58] Compiler: c1, Barriers: 2, Oops: 0, ImmediateOops: 1, NonImmediateOops: No
[3,564s][debug][gc,nmethod     ] Register NMethod: java.lang.invoke.VarHandleByteArrayAsInts$ArrayHandle.set (0x000074b193498b88) [0x000074b193498c80, 0x000074b193499430] Compiler: c1, Barriers: 0, Oops: 2, ImmediateOops: 2, NonImmediateOops: No
[3,564s][debug][gc,nmethod     ] Register NMethod: java.lang.invoke.InvokerBytecodeGenerator.generateCustomizedCode (0x000074b1934e1b88) [0x000074b1934e1c80, 0x000074b1934e1f28] Compiler: c1, Barriers: 0, Oops: 0, ImmediateOops: 1, NonImmediateOops: No
[3,564s][debug][gc,nmethod     ] Register NMethod: java.util.concurrent.atomic.AtomicLong.get (0x000074b1b2c9d588) [0x000074b1b2c9d680, 0x000074b1b2c9d748] Compiler: c1, Barriers: 0, Oops: 0, ImmediateOops: 0, NonImmediateOops: No
[3,565s][debug][gc,nmethod     ] Register NMethod: java.lang.invoke.InvokerBytecodeGenerator.lookupPregenerated (0x000074b193495808) [0x000074b193495900, 0x000074b193498b28] Compiler: c1, Barriers: 10, Oops: 1, ImmediateOops: 13, NonImmediateOops: No
[3,566s][debug][gc,nmethod     ] Register NMethod: java.lang.invoke.MethodHandle.invokeBasic (0x000074b1b2c9d888) [0x000074b1b2c9d980, 0x000074b1b2c9dc18] Compiler: , Barriers: 0, Oops: 0, ImmediateOops: 0, NonImmediateOops: No
[3,566s][debug][gc,nmethod     ] Register NMethod: java.lang.invoke.MethodHandle.linkToSpecial (0x000074b1b2c9dc88) [0x000074b1b2c9dd80, 0x000074b1b2c9de78] Compiler: , Barriers: 0, Oops: 0, ImmediateOops: 0, NonImmediateOops: No
[3,566s][debug][gc,nmethod     ] Register NMethod: jdk.internal.misc.Unsafe.ensureClassInitialized (0x000074b193495488) [0x000074b193495580, 0x000074b1934957a0] Compiler: c1, Barriers: 0, Oops: 0, ImmediateOops: 0, NonImmediateOops: No
[3,567s][debug][gc,nmethod     ] Register NMethod: java.lang.invoke.MethodHandle.invokeBasic (0x000074b1b2c9df88) [0x000074b1b2c9e080, 0x000074b1b2c9e318] Compiler: , Barriers: 0, Oops: 0, ImmediateOops: 0, NonImmediateOops: No
[3,567s][debug][gc,nmethod     ] Register NMethod: java.lang.invoke.MethodHandle.linkToSpecial (0x000074b1b2c9e388) [0x000074b1b2c9e480, 0x000074b1b2c9e578] Compiler: , Barriers: 0, Oops: 0, ImmediateOops: 0, NonImmediateOops: No
[3,568s][debug][gc,nmethod     ] Register NMethod: java.util.Arrays.copyOfRange (0x000074b193493c08) [0x000074b193493d00, 0x000074b193495458] Compiler: c1, Barriers: 1, Oops: 1, ImmediateOops: 3, NonImmediateOops: No
[3,570s][debug][gc,director    ] Rule Major: Warmup 10%, Used: 122MB, UsedThreshold: 1228MB
[3,571s][debug][gc,nmethod     ] Register NMethod: java.lang.classfile.CodeBuilder.putfield (0x000074b193493788) [0x000074b193493880, 0x000074b193493b90] Compiler: c1, Barriers: 0, Oops: 0, ImmediateOops: 1, NonImmediateOops: No
[3,573s][debug][gc,nmethod     ] Register NMethod: java.nio.charset.CoderResult.isOverflow (0x000074b193493488) [0x000074b193493580, 0x000074b1934936d0] Compiler: c1, Barriers: 0, Oops: 0, ImmediateOops: 0, NonImmediateOops: No
[3,573s][debug][gc,nmethod     ] Register NMethod: java.nio.CharBuffer.hasArray (0x000074b193493188) [0x000074b193493280, 0x000074b193493430] Compiler: c1, Barriers: 1, Oops: 0, ImmediateOops: 0, NonImmediateOops: No
[3,573s][debug][gc,nmethod     ] Register NMethod: java.nio.ByteBuffer.hasArray (0x000074b193492e88) [0x000074b193492f80, 0x000074b193493130] Compiler: c1, Barriers: 1, Oops: 0, ImmediateOops: 0, NonImmediateOops: No
[3,573s][debug][gc,nmethod     ] Register NMethod: java.nio.CharBuffer.array (0x000074b193492a88) [0x000074b193492b80, 0x000074b193492e60] Compiler: c1, Barriers: 1, Oops: 0, ImmediateOops: 0, NonImmediateOops: No
[3,573s][debug][gc,nmethod     ] Register NMethod: sun.nio.cs.UTF_8.updatePositions (0x000074b193492008) [0x000074b193492100, 0x000074b193492a28] Compiler: c1, Barriers: 0, Oops: 0, ImmediateOops: 0, NonImmediateOops: No
[3,574s][debug][gc,nmethod     ] Register NMethod: java.nio.CharBuffer.<init> (0x000074b193491d08) [0x000074b193491e00, 0x000074b193491fd0] Compiler: c1, Barriers: 3, Oops: 0, ImmediateOops: 0, NonImmediateOops: No
[3,574s][debug][gc,nmethod     ] Register NMethod: java.nio.CharBuffer.limit (0x000074b193491a08) [0x000074b193491b00, 0x000074b193491c48] Compiler: c1, Barriers: 0, Oops: 0, ImmediateOops: 0, NonImmediateOops: No
[3,574s][debug][gc,nmethod     ] Register NMethod: java.nio.CharBuffer.limit (0x000074b193491588) [0x000074b193491680, 0x000074b1934919e0] Compiler: c1, Barriers: 0, Oops: 0, ImmediateOops: 0, NonImmediateOops: No
[3,574s][debug][gc,nmethod     ] Register NMethod: java.nio.CharBuffer.wrap (0x000074b193491208) [0x000074b193491300, 0x000074b193491570] Compiler: c1, Barriers: 0, Oops: 0, ImmediateOops: 0, NonImmediateOops: No
[3,574s][debug][gc,nmethod     ] Register NMethod: java.nio.HeapCharBuffer.<init> (0x000074b193490f08) [0x000074b193491000, 0x000074b193491178] Compiler: c1, Barriers: 0, Oops: 0, ImmediateOops: 0, NonImmediateOops: No
[3,574s][debug][gc,nmethod     ] Register NMethod: sun.nio.cs.UTF_8$Encoder.encodeLoop (0x000074b193490608) [0x000074b193490700, 0x000074b193490e88] Compiler: c1, Barriers: 2, Oops: 0, ImmediateOops: 0, NonImmediateOops: No
[3,575s][debug][gc,nmethod     ] Register NMethod: sun.nio.cs.StreamEncoder.implWrite (0x000074b193991f88) [0x000074b193992080, 0x000074b193993aa8] Compiler: c1, Barriers: 3, Oops: 0, ImmediateOops: 0, NonImmediateOops: No
[3,575s][debug][gc,nmethod     ] Register NMethod: java.lang.System$1.uncheckedEncodeASCII (0x000074b193490308) [0x000074b193490400, 0x000074b193490540] Compiler: c1, Barriers: 0, Oops: 0, ImmediateOops: 0, NonImmediateOops: No
[3,575s][debug][gc,nmethod     ] Register NMethod: java.nio.charset.CharsetEncoder.encode (0x000074b193993b08) [0x000074b193993c00, 0x000074b1939969d0] Compiler: c1, Barriers: 5, Oops: 0, ImmediateOops: 5, NonImmediateOops: No
[3,575s][debug][gc,nmethod     ] Register NMethod: sun.nio.cs.StreamEncoder.ensureOpen (0x000074b193490008) [0x000074b193490100, 0x000074b1934902f8] Compiler: c1, Barriers: 0, Oops: 0, ImmediateOops: 1, NonImmediateOops: No
[3,576s][debug][gc,nmethod     ] Register NMethod: sun.nio.cs.UTF_8$Encoder.encodeArrayLoop (0x000074b193996a08) [0x000074b193996b00, 0x000074b193999890] Compiler: c1, Barriers: 2, Oops: 1, ImmediateOops: 2, NonImmediateOops: No
[3,576s][debug][gc,nmethod     ] Register NMethod: sun.nio.cs.StreamEncoder.implWrite (0x000074b19348fb88) [0x000074b19348fc80, 0x000074b19348ffb8] Compiler: c1, Barriers: 0, Oops: 0, ImmediateOops: 0, NonImmediateOops: No
[3,576s][debug][gc,nmethod     ] Register NMethod: sun.nio.cs.StreamEncoder.write (0x000074b19348ef88) [0x000074b19348f080, 0x000074b19348fb68] Compiler: c1, Barriers: 1, Oops: 0, ImmediateOops: 1, NonImmediateOops: No
[3,576s][debug][gc,nmethod     ] Register NMethod: sun.nio.fs.UnixPath.<init> (0x000074b193999908) [0x000074b193999a00, 0x000074b193999c48] Compiler: c1, Barriers: 6, Oops: 0, ImmediateOops: 0, NonImmediateOops: No
[3,576s][debug][gc,nmethod     ] Register NMethod: java.lang.Math.round (0x000074b193999c88) [0x000074b193999d80, 0x000074b193999f48] Compiler: c1, Barriers: 0, Oops: 0, ImmediateOops: 0, NonImmediateOops: No
[3,576s][debug][gc,nmethod     ] Register NMethod: java.util.jar.JarFile.getVersionedEntry (0x000074b1b2c9e688) [0x000074b1b2c9e780, 0x000074b1b2c9f460] Compiler: jvmci, Barriers: 13, Oops: 2, ImmediateOops: 7, NonImmediateOops: No
[3,576s][debug][gc,nmethod     ] Register NMethod: sun.nio.cs.StreamEncoder.growByteBufferIfNeeded (0x000074b193999f88) [0x000074b19399a080, 0x000074b19399ac30] Compiler: c1, Barriers: 6, Oops: 0, ImmediateOops: 0, NonImmediateOops: No
[3,576s][debug][gc,nmethod     ] Register NMethod: sun.nio.fs.UnixPath.toUnixPath (0x000074b19399ac88) [0x000074b19399ad80, 0x000074b19399b400] Compiler: c1, Barriers: 0, Oops: 0, ImmediateOops: 0, NonImmediateOops: No
[3,577s][debug][gc,nmethod     ] Register NMethod: io.sirix.settings.Fixed.getStandardProperty (0x000074b1b2c9f488) [0x000074b1b2c9f580, 0x000074b1b2c9f640] Compiler: c1, Barriers: 0, Oops: 1, ImmediateOops: 0, NonImmediateOops: No
[3,578s][debug][gc,nmethod     ] Register NMethod: java.lang.ref.Cleaner$1.apply (0x000074b1b2c9f788) [0x000074b1b2c9f880, 0x000074b1b2c9f9c0] Compiler: jvmci, Barriers: 1, Oops: 0, ImmediateOops: 0, NonImmediateOops: No
[3,578s][debug][gc,nmethod     ] Register NMethod: org.magicwerk.brownies.collections.GapList.size (0x000074b1b2c9fa88) [0x000074b1b2c9fb80, 0x000074b1b2c9fc40] Compiler: c1, Barriers: 0, Oops: 1, ImmediateOops: 0, NonImmediateOops: No
[3,578s][debug][gc,nmethod     ] Register NMethod: jdk.internal.foreign.SegmentFactories.initNativeMemory (0x000074b19399b408) [0x000074b19399b500, 0x000074b19399b720] Compiler: c1, Barriers: 0, Oops: 0, ImmediateOops: 0, NonImmediateOops: No
[3,579s][debug][gc,nmethod     ] Register NMethod: jdk.internal.foreign.SegmentFactories.initNativeMemory (0x000074b19399b788) [0x000074b19399b880, 0x000074b19399ba20] Compiler: c1, Barriers: 0, Oops: 0, ImmediateOops: 0, NonImmediateOops: No
[3,579s][debug][gc,nmethod     ] Register NMethod: java.nio.ByteBuffer.limit (0x000074b19399ba88) [0x000074b19399bb80, 0x000074b19399be80] Compiler: c1, Barriers: 0, Oops: 0, ImmediateOops: 0, NonImmediateOops: No
[3,580s][debug][gc,director    ] Rule Major: Warmup 10%, Used: 126MB, UsedThreshold: 1228MB
[3,581s][debug][gc,nmethod     ] Register NMethod: jdk.internal.misc.Unsafe.putShort (0x000074b1b2c9fd88) [0x000074b1b2c9fe80, 0x000074b1b2c9ffd8] Compiler: , Barriers: 0, Oops: 0, ImmediateOops: 0, NonImmediateOops: No
[3,581s][debug][gc,nmethod     ] Register NMethod: jdk.internal.misc.Unsafe.putLongUnaligned (0x000074b1b2ca0088) [0x000074b1b2ca0180, 0x000074b1b2ca02c8] Compiler: jvmci, Barriers: 0, Oops: 0, ImmediateOops: 0, NonImmediateOops: No
[3,581s][debug][gc,nmethod     ] Register NMethod: java.lang.StringConcatHelper.prepend (0x000074b1b2ca0388) [0x000074b1b2ca0480, 0x000074b1b2ca0aa0] Compiler: jvmci, Barriers: 2, Oops: 0, ImmediateOops: 0, NonImmediateOops: No
[3,583s][debug][gc,nmethod     ] Register NMethod: io.sirix.node.MemorySegmentBytesOut.writeByte (0x000074b19399be88) [0x000074b19399bf80, 0x000074b19399c118] Compiler: c1, Barriers: 1, Oops: 1, ImmediateOops: 0, NonImmediateOops: No
[3,583s][debug][gc,nmethod     ] Register NMethod: jdk.internal.misc.ScopedMemoryAccess.putByteInternal (0x000074b19399c188) [0x000074b19399c280, 0x000074b19399c7f8] Compiler: c1, Barriers: 2, Oops: 0, ImmediateOops: 2, NonImmediateOops: No
[3,583s][debug][gc,nmethod     ] Register NMethod: jdk.internal.misc.ScopedMemoryAccess.putByte (0x000074b19399c808) [0x000074b19399c900, 0x000074b19399d578] Compiler: c1, Barriers: 3, Oops: 0, ImmediateOops: 2, NonImmediateOops: No
[3,585s][debug][gc,nmethod     ] Register NMethod: io.sirix.node.GrowingMemorySegment.writeByte (0x000074b19399d588) [0x000074b19399d680, 0x000074b1939a12a0] Compiler: c1, Barriers: 5, Oops: 6, ImmediateOops: 10, NonImmediateOops: No
[3,585s][debug][gc,nmethod     ] Register NMethod: java.lang.invoke.VarHandleSegmentAsBytes.set (0x000074b1939a1308) [0x000074b1939a1400, 0x000074b1939a6540] Compiler: c1, Barriers: 24, Oops: 2, ImmediateOops: 6, NonImmediateOops: No
[3,585s][debug][gc,nmethod     ] Register NMethod: jdk.internal.misc.ScopedMemoryAccess.copyMemory (0x000074b1939a6588) [0x000074b1939a6680, 0x000074b1939a79f8] Compiler: c1, Barriers: 5, Oops: 0, ImmediateOops: 5, NonImmediateOops: No
[3,586s][debug][gc,nmethod     ] Register NMethod: java.lang.invoke.VarHandleSegmentAsBytes.set (0x000074b1939a7a08) [0x000074b1939a7b00, 0x000074b1939acea0] Compiler: c1, Barriers: 24, Oops: 2, ImmediateOops: 6, NonImmediateOops: No
[3,586s][debug][gc,nmethod     ] Register NMethod: jdk.internal.misc.ScopedMemoryAccess.copyMemoryInternal (0x000074b1939acf08) [0x000074b1939ad000, 0x000074b1939adc60] Compiler: c1, Barriers: 4, Oops: 0, ImmediateOops: 5, NonImmediateOops: No
[3,586s][debug][gc,nmethod     ] Register NMethod: jdk.internal.misc.Unsafe.checkNativeAddress (0x000074b1939adc88) [0x000074b1939add80, 0x000074b1939ade90] Compiler: c1, Barriers: 0, Oops: 0, ImmediateOops: 0, NonImmediateOops: No
[3,586s][debug][gc,nmethod     ] Register NMethod: java.util.Arrays.fill (0x000074b1b2ca0b08) [0x000074b1b2ca0c00, 0x000074b1b2ca0df8] Compiler: jvmci, Barriers: 0, Oops: 0, ImmediateOops: 0, NonImmediateOops: No
[3,586s][debug][gc,nmethod     ] Register NMethod: java.lang.invoke.Invokers$Holder.linkToTargetMethod (0x000074b1939adf88) [0x000074b1939ae080, 0x000074b1939ae578] Compiler: c1, Barriers: 0, Oops: 0, ImmediateOops: 0, NonImmediateOops: No
[3,586s][debug][gc,nmethod     ] Register NMethod: java.lang.invoke.DirectMethodHandle$Holder.invokeStatic (0x000074b1939ae588) [0x000074b1939ae680, 0x000074b1939aea48] Compiler: c1, Barriers: 1, Oops: 0, ImmediateOops: 0, NonImmediateOops: No
[3,586s][debug][gc,nmethod     ] Register NMethod: jdk.internal.foreign.Utils.isElementAligned (0x000074b1939aea88) [0x000074b1939aeb80, 0x000074b1939af0e0] Compiler: c1, Barriers: 0, Oops: 0, ImmediateOops: 0, NonImmediateOops: No
[3,586s][debug][gc,nmethod     ] Register NMethod: jdk.internal.misc.ScopedMemoryAccess.getScopedMemoryAccess (0x000074b1939af108) [0x000074b1939af200, 0x000074b1939af2e8] Compiler: c1, Barriers: 0, Oops: 0, ImmediateOops: 1, NonImmediateOops: No
[3,587s][debug][gc,nmethod     ] Register NMethod: jdk.internal.foreign.AbstractMemorySegmentImpl.set (0x000074b1939af408) [0x000074b1939af500, 0x000074b1939b4aa8] Compiler: c1, Barriers: 42, Oops: 6, ImmediateOops: 18, NonImmediateOops: No
[3,587s][debug][gc,nmethod     ] Register NMethod: jdk.internal.util.Architecture.isLittleEndian (0x000074b1b2ca0e08) [0x000074b1b2ca0f00, 0x000074b1b2ca0fa0] Compiler: c1, Barriers: 0, Oops: 0, ImmediateOops: 0, NonImmediateOops: No
[3,587s][debug][gc,nmethod     ] Register NMethod: io.sirix.page.KeyValueLeafPage.isSlotSet (0x000074b1b2ca1108) [0x000074b1b2ca1200, 0x000074b1b2ca1318] Compiler: jvmci, Barriers: 1, Oops: 1, ImmediateOops: 0, NonImmediateOops: No
[3,587s][debug][gc,nmethod     ] Register NMethod: jdk.internal.foreign.Utils.checkElementAlignment (0x000074b1939b4b08) [0x000074b1939b4c00, 0x000074b1939b52a8] Compiler: c1, Barriers: 0, Oops: 0, ImmediateOops: 0, NonImmediateOops: No
[3,587s][debug][gc,nmethod     ] Register NMethod: jdk.internal.misc.ScopedMemoryAccess.putIntUnalignedInternal (0x000074b1939b5308) [0x000074b1939b5400, 0x000074b1939b5b88] Compiler: c1, Barriers: 2, Oops: 0, ImmediateOops: 3, NonImmediateOops: No
[3,587s][debug][gc,nmethod     ] Register NMethod: io.sirix.page.KeyValueLeafPage.alignOffset (0x000074b1939b5c08) [0x000074b1939b5d00, 0x000074b1939b5de8] Compiler: c1, Barriers: 0, Oops: 1, ImmediateOops: 0, NonImmediateOops: No
[3,587s][debug][gc,nmethod     ] Register NMethod: jdk.internal.misc.ScopedMemoryAccess.putIntUnaligned (0x000074b1939b5f08) [0x000074b1939b6000, 0x000074b1939b6e88] Compiler: c1, Barriers: 3, Oops: 0, ImmediateOops: 3, NonImmediateOops: No
[3,589s][debug][gc,nmethod     ] Register NMethod: jdk.internal.foreign.AbstractMemorySegmentImpl.set (0x000074b1939b6f08) [0x000074b1939b7000, 0x000074b1939bc5a8] Compiler: c1, Barriers: 42, Oops: 6, ImmediateOops: 18, NonImmediateOops: No
[3,589s][debug][gc,nmethod     ] Register NMethod: java.lang.invoke.VarHandleSegmentAsInts.set (0x000074b1939bc608) [0x000074b1939bc700, 0x000074b1939c1cd0] Compiler: c1, Barriers: 24, Oops: 2, ImmediateOops: 7, NonImmediateOops: No
[3,590s][debug][gc,nmethod     ] Register NMethod: jdk.internal.misc.Unsafe.weakCompareAndSetLong (0x000074b1939c1d08) [0x000074b1939c1e00, 0x000074b1939c1f20] Compiler: c1, Barriers: 0, Oops: 0, ImmediateOops: 0, NonImmediateOops: No
[3,590s][debug][gc,nmethod     ] Register NMethod: java.lang.invoke.VarHandleSegmentAsInts.set (0x000074b1939c2008) [0x000074b1939c2100, 0x000074b1939c7458] Compiler: c1, Barriers: 24, Oops: 2, ImmediateOops: 7, NonImmediateOops: No
[3,590s][debug][gc,nmethod     ] Register NMethod: jdk.internal.misc.Unsafe.getAndAddLong (0x000074b1939c7488) [0x000074b1939c7580, 0x000074b1939c7970] Compiler: c1, Barriers: 0, Oops: 0, ImmediateOops: 0, NonImmediateOops: No
[3,590s][debug][gc,nmethod     ] Register NMethod: jdk.internal.misc.Unsafe.getUnsafe (0x000074b1939c7988) [0x000074b1939c7a80, 0x000074b1939c7b68] Compiler: c1, Barriers: 0, Oops: 0, ImmediateOops: 1, NonImmediateOops: No
[3,590s][debug][gc,nmethod     ] Register NMethod: java.lang.Class.componentType (0x000074b1939c7c88) [0x000074b1939c7d80, 0x000074b1939c8080] Compiler: c1, Barriers: 1, Oops: 0, ImmediateOops: 0, NonImmediateOops: No
[3,590s][debug][gc,nmethod     ] Register NMethod: jdk.internal.foreign.AbstractMemorySegmentImpl.<init> (0x000074b1939c8088) [0x000074b1939c8180, 0x000074b1939c8360] Compiler: c1, Barriers: 3, Oops: 0, ImmediateOops: 0, NonImmediateOops: No
[3,590s][debug][gc,nmethod     ] Register NMethod: jdk.internal.foreign.Utils$BaseAndScale$$TypeSwitch/0x0000000061224a88.typeSwitch (0x000074b1939c8388) [0x000074b1939c8480, 0x000074b1939c97a8] Compiler: c1, Barriers: 0, Oops: 0, ImmediateOops: 0, NonImmediateOops: No
[3,590s][debug][gc,nmethod     ] Register NMethod: java.lang.Thread.isInterrupted (0x000074b1b2ca1408) [0x000074b1b2ca1500, 0x000074b1b2ca15c0] Compiler: c1, Barriers: 0, Oops: 0, ImmediateOops: 0, NonImmediateOops: No
[3,590s][debug][gc,director    ] Rule Major: Warmup 10%, Used: 126MB, UsedThreshold: 1228MB
[3,591s][debug][gc,nmethod     ] Register NMethod: java.util.concurrent.locks.AbstractQueuedSynchronizer.compareAndSetState (0x000074b1939c9808) [0x000074b1939c9900, 0x000074b1939c9a18] Compiler: c1, Barriers: 0, Oops: 0, ImmediateOops: 0, NonImmediateOops: No
[3,591s][debug][gc,nmethod     ] Register NMethod: jdk.internal.foreign.Utils$BaseAndScale.of (0x000074b1939c9b08) [0x000074b1939c9c00, 0x000074b1939cb218] Compiler: c1, Barriers: 1, Oops: 2, ImmediateOops: 10, NonImmediateOops: No
[3,591s][debug][gc,nmethod     ] Register NMethod: java.io.OutputStreamWriter.write (0x000074b1939cb288) [0x000074b1939cb380, 0x000074b1939cb6b0] Compiler: c1, Barriers: 1, Oops: 0, ImmediateOops: 0, NonImmediateOops: No
[3,591s][debug][gc,nmethod     ] Register NMethod: sun.nio.cs.StreamEncoder.write (0x000074b1939cb708) [0x000074b1939cb800, 0x000074b1939cbb98] Compiler: c1, Barriers: 0, Oops: 0, ImmediateOops: 0, NonImmediateOops: No
[3,591s][debug][gc,nmethod     ] Register NMethod: sun.nio.fs.UnixPath.getFileSystem (0x000074b1939cbc08) [0x000074b1939cbd00, 0x000074b1939cbe58] Compiler: c1, Barriers: 1, Oops: 0, ImmediateOops: 0, NonImmediateOops: No
[3,592s][debug][gc,nmethod     ] Register NMethod: sun.nio.fs.UnixPath.isEmpty (0x000074b1939cbf08) [0x000074b1939cc000, 0x000074b1939cc188] Compiler: c1, Barriers: 1, Oops: 0, ImmediateOops: 0, NonImmediateOops: No
[3,592s][debug][gc,nmethod     ] Register NMethod: java.lang.Long.hashCode (0x000074b1939cc208) [0x000074b1939cc300, 0x000074b1939cc438] Compiler: c1, Barriers: 0, Oops: 0, ImmediateOops: 0, NonImmediateOops: No
[3,592s][debug][gc,nmethod     ] Register NMethod: io.sirix.page.PageReference.setPage (0x000074b1b2ca1708) [0x000074b1b2ca1800, 0x000074b1b2ca1930] Compiler: c1, Barriers: 3, Oops: 1, ImmediateOops: 0, NonImmediateOops: No
[3,593s][debug][gc,nmethod     ] Register NMethod: com.google.gson.stream.JsonReader.nextNonWhitespace (0x000074b1939cc508) [0x000074b1939cc600, 0x000074b1939d02a8] Compiler: c1, Barriers: 1, Oops: 4, ImmediateOops: 9, NonImmediateOops: No
[3,593s][debug][gc,nmethod     ] Register NMethod: io.sirix.page.PageReference.getLogKey (0x000074b1b2ca1a08) [0x000074b1b2ca1b00, 0x000074b1b2ca1bc0] Compiler: c1, Barriers: 0, Oops: 1, ImmediateOops: 0, NonImmediateOops: No
[3,593s][debug][gc,nmethod     ] Register NMethod: io.sirix.page.RevisionRootPage.delegate (0x000074b1b2ca1d08) [0x000074b1b2ca1e00, 0x000074b1b2ca1ee8] Compiler: c1, Barriers: 1, Oops: 1, ImmediateOops: 0, NonImmediateOops: No
[3,593s][debug][gc,nmethod     ] Register NMethod: java.util.BitSet.recalculateWordsInUse (0x000074b1939d0308) [0x000074b1939d0400, 0x000074b1939d0640] Compiler: c1, Barriers: 1, Oops: 0, ImmediateOops: 0, NonImmediateOops: No
[3,593s][debug][gc,nmethod     ] Register NMethod: io.sirix.access.trx.page.NodePageReadOnlyTrx.assertNotClosed (0x000074b1939d0688) [0x000074b1939d0780, 0x000074b1939d0998] Compiler: c1, Barriers: 0, Oops: 1, ImmediateOops: 1, NonImmediateOops: No
[3,594s][debug][gc,nmethod     ] Register NMethod: io.sirix.cache.PageContainer.getModified (0x000074b1b2ca2008) [0x000074b1b2ca2100, 0x000074b1b2ca21e8] Compiler: c1, Barriers: 1, Oops: 1, ImmediateOops: 0, NonImmediateOops: No
[3,594s][debug][gc,nmethod     ] Register NMethod: jdk.internal.misc.Unsafe.getReference (0x000074b1b2ca2308) [0x000074b1b2ca2400, 0x000074b1b2ca2730] Compiler: , Barriers: 0, Oops: 0, ImmediateOops: 0, NonImmediateOops: No
[3,595s][debug][gc,nmethod     ] Register NMethod: io.sirix.page.KeyValueLeafPage.getSlot (0x000074b1b2ca2788) [0x000074b1b2ca2880, 0x000074b1b2ca2df8] Compiler: jvmci, Barriers: 6, Oops: 4, ImmediateOops: 0, NonImmediateOops: No
[3,596s][debug][gc,nmethod     ] Register NMethod: io.sirix.node.MemorySegmentBytesOut.writeInt (0x000074b1939d0a08) [0x000074b1939d0b00, 0x000074b1939d0c98] Compiler: c1, Barriers: 1, Oops: 1, ImmediateOops: 0, NonImmediateOops: No
[3,596s][debug][gc,nmethod     ] Register NMethod: io.sirix.page.KeyValueLeafPage.getSlotAsByteArray (0x000074b1b2ca2e88) [0x000074b1b2ca2f80, 0x000074b1b2ca35e8] Compiler: jvmci, Barriers: 6, Oops: 4, ImmediateOops: 1, NonImmediateOops: No
[3,597s][debug][gc,nmethod     ] Register NMethod: jdk.internal.misc.Unsafe.addressSize (0x000074b1939d0d08) [0x000074b1939d0e00, 0x000074b1939d0f08] Compiler: c1, Barriers: 0, Oops: 0, ImmediateOops: 0, NonImmediateOops: No
[3,597s][debug][gc,nmethod     ] Register NMethod: jdk.internal.foreign.NativeMemorySegmentImpl.<init> (0x000074b1939d1008) [0x000074b1939d1100, 0x000074b1939d15c8] Compiler: c1, Barriers: 3, Oops: 0, ImmediateOops: 1, NonImmediateOops: No
[3,597s][debug][gc,nmethod     ] Register NMethod: net.jpountz.util.SafeUtils.checkRange (0x000074b1939d1608) [0x000074b1939d1700, 0x000074b1939d1900] Compiler: c1, Barriers: 0, Oops: 1, ImmediateOops: 0, NonImmediateOops: No
[3,597s][debug][gc,nmethod     ] Register NMethod: jdk.internal.misc.Unsafe.allocateMemory0 (0x000074b1b2ca3688) [0x000074b1b2ca3780, 0x000074b1b2ca38d8] Compiler: , Barriers: 0, Oops: 0, ImmediateOops: 0, NonImmediateOops: No
[3,597s][debug][gc,nmethod     ] Register NMethod: jdk.internal.misc.ScopedMemoryAccess.getIntUnaligned (0x000074b1939d1988) [0x000074b1939d1a80, 0x000074b1939d28e8] Compiler: c1, Barriers: 3, Oops: 0, ImmediateOops: 3, NonImmediateOops: No
[3,597s][debug][gc,nmethod     ] Register NMethod: jdk.internal.misc.ScopedMemoryAccess.getIntUnalignedInternal (0x000074b1939d2908) [0x000074b1939d2a00, 0x000074b1939d3178] Compiler: c1, Barriers: 2, Oops: 0, ImmediateOops: 3, NonImmediateOops: No
[3,598s][debug][gc,nmethod     ] Register NMethod: jdk.internal.foreign.MemorySessionImpl.checkValidState (0x000074b1939d3188) [0x000074b1939d3280, 0x000074b1939d3d68] Compiler: c1, Barriers: 3, Oops: 0, ImmediateOops: 2, NonImmediateOops: No
[3,598s][debug][gc,nmethod     ] Register NMethod: jdk.internal.misc.Unsafe.convEndian (0x000074b1939d3d88) [0x000074b1939d3e80, 0x000074b1939d3fd8] Compiler: c1, Barriers: 0, Oops: 0, ImmediateOops: 0, NonImmediateOops: No
[3,598s][debug][gc,nmethod     ] Register NMethod: net.jpountz.lz4.LZ4BlockOutputStream.writeIntLE (0x000074b1939d4088) [0x000074b1939d4180, 0x000074b1939d4308] Compiler: c1, Barriers: 0, Oops: 1, ImmediateOops: 0, NonImmediateOops: No
[3,598s][debug][gc,nmethod     ] Register NMethod: io.sirix.node.MemorySegmentBytesOut.write (0x000074b1939d4388) [0x000074b1939d4480, 0x000074b1939d4618] Compiler: c1, Barriers: 1, Oops: 1, ImmediateOops: 0, NonImmediateOops: No
[3,599s][debug][gc,nmethod     ] Register NMethod: io.sirix.node.GrowingMemorySegment.writeInt (0x000074b1939d4688) [0x000074b1939d4780, 0x000074b1939d85b0] Compiler: c1, Barriers: 5, Oops: 6, ImmediateOops: 11, NonImmediateOops: No
[3,599s][debug][gc,nmethod     ] Register NMethod: io.sirix.node.MemorySegmentBytesOut.write (0x000074b1939d8608) [0x000074b1939d8700, 0x000074b1939d8908] Compiler: c1, Barriers: 1, Oops: 1, ImmediateOops: 0, NonImmediateOops: No
[3,599s][debug][gc,nmethod     ] Register NMethod: java.util.Arrays.fill (0x000074b1b2ca3988) [0x000074b1b2ca3a80, 0x000074b1b2ca3c30] Compiler: jvmci, Barriers: 0, Oops: 0, ImmediateOops: 0, NonImmediateOops: No
[3,600s][debug][gc,nmethod     ] Register NMethod: jdk.internal.misc.Unsafe.getReferenceAcquire (0x000074b1b2ca3c88) [0x000074b1b2ca3d80, 0x000074b1b2ca3e30] Compiler: jvmci, Barriers: 1, Oops: 0, ImmediateOops: 0, NonImmediateOops: No
[3,601s][debug][gc,director    ] Rule Major: Warmup 10%, Used: 128MB, UsedThreshold: 1228MB
[3,601s][debug][gc,nmethod     ] Register NMethod: jdk.internal.foreign.SegmentFactories.initNativeMemory (0x000074b1b2ca3f88) [0x000074b1b2ca4080, 0x000074b1b2ca4328] Compiler: jvmci, Barriers: 0, Oops: 0, ImmediateOops: 0, NonImmediateOops: No
[3,601s][debug][gc,nmethod     ] Register NMethod: jdk.internal.foreign.AbstractMemorySegmentImpl.copy (0x000074b1939d8988) [0x000074b1939d8a80, 0x000074b1939e0668] Compiler: c1, Barriers: 10, Oops: 3, ImmediateOops: 15, NonImmediateOops: No
[3,602s][debug][gc,nmethod     ] Register NMethod: io.sirix.node.GrowingMemorySegment.write (0x000074b1939e0688) [0x000074b1939e0780, 0x000074b1939e6330] Compiler: c1, Barriers: 7, Oops: 6, ImmediateOops: 13, NonImmediateOops: No
[3,602s][debug][gc,nmethod     ] Register NMethod: io.sirix.node.GrowingMemorySegment.position (0x000074b1b2ca4388) [0x000074b1b2ca4480, 0x000074b1b2ca4540] Compiler: c1, Barriers: 0, Oops: 1, ImmediateOops: 0, NonImmediateOops: No
[3,602s][debug][gc,nmethod     ] Register NMethod: java.lang.foreign.MemorySegment.copy (0x000074b1939e6388) [0x000074b1939e6480, 0x000074b1939ee470] Compiler: c1, Barriers: 10, Oops: 3, ImmediateOops: 15, NonImmediateOops: No
[3,602s][debug][gc,nmethod     ] Register NMethod: java.lang.invoke.MethodHandle.invokeBasic (0x000074b1b2ca4688) [0x000074b1b2ca4780, 0x000074b1b2ca4a18] Compiler: , Barriers: 0, Oops: 0, ImmediateOops: 0, NonImmediateOops: No
[3,602s][debug][gc,nmethod     ] Register NMethod: java.lang.String.getChars (0x000074b1939ee508) [0x000074b1939ee600, 0x000074b1939ef240] Compiler: c1, Barriers: 1, Oops: 1, ImmediateOops: 2, NonImmediateOops: No
[3,603s][debug][gc,nmethod     ] Register NMethod: com.google.gson.stream.JsonWriter.string (0x000074b1939ef288) [0x000074b1939ef380, 0x000074b1939f1748] Compiler: c1, Barriers: 10, Oops: 2, ImmediateOops: 6, NonImmediateOops: No
[3,603s][debug][gc,nmethod     ] Register NMethod: java.lang.invoke.VarHandleGuards.guard_LLL_Z (0x000074b1939f1788) [0x000074b1939f1880, 0x000074b1939f4780] Compiler: c1, Barriers: 28, Oops: 0, ImmediateOops: 2, NonImmediateOops: No
[3,603s][debug][gc,nmethod     ] Register NMethod: java.lang.StringLatin1.getChars (0x000074b1939f4788) [0x000074b1939f4880, 0x000074b1939f49a0] Compiler: c1, Barriers: 0, Oops: 0, ImmediateOops: 0, NonImmediateOops: No
[3,603s][debug][gc,nmethod     ] Register NMethod: sun.nio.cs.StreamEncoder.write (0x000074b1939f4a88) [0x000074b1939f4b80, 0x000074b1939f5218] Compiler: c1, Barriers: 0, Oops: 0, ImmediateOops: 0, NonImmediateOops: No
[3,604s][debug][gc,nmethod     ] Register NMethod: java.util.concurrent.locks.ReentrantLock$Sync.tryRelease (0x000074b1939f5288) [0x000074b1939f5380, 0x000074b1939f5e80] Compiler: c1, Barriers: 5, Oops: 0, ImmediateOops: 0, NonImmediateOops: No
[3,604s][debug][gc,nmethod     ] Register NMethod: com.google.gson.stream.JsonReader.nextQuotedValue (0x000074b1939f5e88) [0x000074b1939f5f80, 0x000074b1939f84e0] Compiler: c1, Barriers: 1, Oops: 2, ImmediateOops: 3, NonImmediateOops: No
[3,604s][debug][gc,nmethod     ] Register NMethod: java.util.concurrent.locks.AbstractQueuedSynchronizer.release (0x000074b1939f8508) [0x000074b1939f8600, 0x000074b1939f9438] Compiler: c1, Barriers: 3, Oops: 0, ImmediateOops: 2, NonImmediateOops: No
[3,604s][debug][gc,nmethod     ] Register NMethod: java.io.OutputStream.<init> (0x000074b1939f9488) [0x000074b1939f9580, 0x000074b1939f96d8] Compiler: c1, Barriers: 0, Oops: 0, ImmediateOops: 0, NonImmediateOops: No
[3,604s][debug][gc,nmethod     ] Register NMethod: io.sirix.page.PageReference.getPage (0x000074b1b2ca4a88) [0x000074b1b2ca4b80, 0x000074b1b2ca4c68] Compiler: c1, Barriers: 1, Oops: 1, ImmediateOops: 0, NonImmediateOops: No
[3,604s][debug][gc,nmethod     ] Register NMethod: java.util.concurrent.atomic.AtomicReference.get (0x000074b1b2ca4d88) [0x000074b1b2ca4e80, 0x000074b1b2ca4f68] Compiler: c1, Barriers: 1, Oops: 0, ImmediateOops: 0, NonImmediateOops: No
[3,604s][debug][gc,nmethod     ] Register NMethod: java.lang.Long.bitCount (0x000074b1939f9788) [0x000074b1939f9880, 0x000074b1939f99e8] Compiler: c1, Barriers: 0, Oops: 0, ImmediateOops: 0, NonImmediateOops: No
[3,604s][debug][gc,nmethod     ] Register NMethod: sun.nio.fs.UnixPath.getByteArrayForSysCalls (0x000074b1939f9a88) [0x000074b1939f9b80, 0x000074b1939fa378] Compiler: c1, Barriers: 4, Oops: 0, ImmediateOops: 0, NonImmediateOops: No
[3,604s][debug][gc,nmethod     ] Register NMethod: io.sirix.access.trx.page.NodePageTrx.delegate (0x000074b1b2ca5088) [0x000074b1b2ca5180, 0x000074b1b2ca5268] Compiler: c1, Barriers: 1, Oops: 1, ImmediateOops: 0, NonImmediateOops: No
[3,604s][debug][gc,nmethod     ] Register NMethod: java.lang.Math.max (0x000074b1b2ca5388) [0x000074b1b2ca5480, 0x000074b1b2ca54f0] Compiler: jvmci, Barriers: 0, Oops: 0, ImmediateOops: 0, NonImmediateOops: No
[3,605s][debug][gc,nmethod     ] Register NMethod: io.sirix.page.RevisionRootPage.getRevision (0x000074b1b2ca5688) [0x000074b1b2ca5780, 0x000074b1b2ca5840] Compiler: c1, Barriers: 0, Oops: 1, ImmediateOops: 0, NonImmediateOops: No
[3,605s][debug][gc,nmethod     ] Register NMethod: java.lang.invoke.VarHandleReferences$FieldInstanceReadWrite.compareAndSet (0x000074b1939fa388) [0x000074b1939fa480, 0x000074b1939fba38] Compiler: c1, Barriers: 7, Oops: 1, ImmediateOops: 0, NonImmediateOops: No
[3,609s][debug][gc,nmethod     ] Register NMethod: jdk.internal.foreign.SegmentFactories.initNativeMemory (0x000074b1b2ca5988) [0x000074b1b2ca5a80, 0x000074b1b2ca5c28] Compiler: jvmci, Barriers: 0, Oops: 0, ImmediateOops: 0, NonImmediateOops: No
[3,610s][debug][gc,nmethod     ] Register NMethod: jdk.internal.foreign.AbstractMemorySegmentImpl.asSlice (0x000074b1939fba88) [0x000074b1939fbb80, 0x000074b1939fbe78] Compiler: c1, Barriers: 0, Oops: 0, ImmediateOops: 0, NonImmediateOops: No
[3,610s][debug][gc,nmethod     ] Register NMethod: jdk.internal.foreign.HeapMemorySegmentImpl.unsafeGetOffset (0x000074b1b2ca5c88) [0x000074b1b2ca5d80, 0x000074b1b2ca5e40] Compiler: c1, Barriers: 0, Oops: 0, ImmediateOops: 0, NonImmediateOops: No
[3,611s][debug][gc,nmethod     ] Register NMethod: jdk.internal.foreign.Utils.checkNonNegativeIndex (0x000074b1939fbe88) [0x000074b1939fbf80, 0x000074b1939fd148] Compiler: c1, Barriers: 0, Oops: 2, ImmediateOops: 3, NonImmediateOops: No
[3,611s][debug][gc,nmethod     ] Register NMethod: net.jpountz.xxhash.XXHashJNI.XXH32_init (0x000074b1b2ca5f88) [0x000074b1b2ca6080, 0x000074b1b2ca61e8] Compiler: , Barriers: 0, Oops: 1, ImmediateOops: 1, NonImmediateOops: No
[3,611s][debug][gc,nmethod     ] Register NMethod: java.util.BitSet.cardinality (0x000074b1939fd188) [0x000074b1939fd280, 0x000074b1939fd4e0] Compiler: c1, Barriers: 1, Oops: 0, ImmediateOops: 0, NonImmediateOops: No
[3,611s][debug][gc,director    ] Rule Major: Warmup 10%, Used: 128MB, UsedThreshold: 1228MB
[3,611s][debug][gc,nmethod     ] Register NMethod: io.sirix.page.PageReference.getHash (0x000074b1b2ca6288) [0x000074b1b2ca6380, 0x000074b1b2ca6468] Compiler: c1, Barriers: 1, Oops: 1, ImmediateOops: 0, NonImmediateOops: No
[3,611s][debug][gc,nmethod     ] Register NMethod: sun.security.provider.SHA2.implCompress0 (0x000074b1939fd508) [0x000074b1939fd600, 0x000074b1939fe2b0] Compiler: c1, Barriers: 8, Oops: 0, ImmediateOops: 1, NonImmediateOops: No
[3,612s][debug][gc,nmethod     ] Register NMethod: io.sirix.cache.PageContainer.getComplete (0x000074b1b2ca6588) [0x000074b1b2ca6680, 0x000074b1b2ca6768] Compiler: c1, Barriers: 1, Oops: 1, ImmediateOops: 0, NonImmediateOops: No
[3,612s][debug][gc,nmethod     ] Register NMethod: sun.security.provider.DigestBase.engineGetDigestLength (0x000074b1b2ca6888) [0x000074b1b2ca6980, 0x000074b1b2ca6a40] Compiler: c1, Barriers: 0, Oops: 0, ImmediateOops: 0, NonImmediateOops: No
[3,613s][debug][gc,nmethod     ] Register NMethod: java.lang.invoke.VarForm.getMemberName (0x000074b1b2ca6b88) [0x000074b1b2ca6c80, 0x000074b1b2ca6e40] Compiler: jvmci, Barriers: 2, Oops: 0, ImmediateOops: 0, NonImmediateOops: No
[3,618s][debug][gc,nmethod     ] Register NMethod: sun.nio.fs.NativeBuffer.close (0x000074b1939fe308) [0x000074b1939fe400, 0x000074b1939fe5a0] Compiler: c1, Barriers: 0, Oops: 0, ImmediateOops: 0, NonImmediateOops: No
[3,618s][debug][gc,nmethod     ] Register NMethod: sun.nio.fs.UnixNativeDispatcher.copyToNativeBuffer (0x000074b1939fe608) [0x000074b1939fe700, 0x000074b1939febb0] Compiler: c1, Barriers: 4, Oops: 0, ImmediateOops: 0, NonImmediateOops: No
[3,618s][debug][gc,nmethod     ] Register NMethod: sun.nio.fs.NativeBuffers.getNativeBufferFromCache (0x000074b1939fec08) [0x000074b1939fed00, 0x000074b1939ff908] Compiler: c1, Barriers: 4, Oops: 1, ImmediateOops: 2, NonImmediateOops: No
[3,618s][debug][gc,nmethod     ] Register NMethod: sun.nio.fs.NativeBuffer.release (0x000074b1939ff988) [0x000074b1939ffa80, 0x000074b1939ffbb0] Compiler: c1, Barriers: 0, Oops: 0, ImmediateOops: 0, NonImmediateOops: No
[3,618s][debug][gc,nmethod     ] Register NMethod: java.lang.invoke.VarHandleGuards.guard_LI_I (0x000074b1b2ca6e88) [0x000074b1b2ca6f80, 0x000074b1b2ca76b8] Compiler: jvmci, Barriers: 23, Oops: 0, ImmediateOops: 5, NonImmediateOops: No
[3,619s][debug][gc,nmethod     ] Register NMethod: io.sirix.access.trx.node.AbstractResourceSession.assertNotClosed (0x000074b1939ffc88) [0x000074b1939ffd80, 0x000074b1939fff88] Compiler: c1, Barriers: 0, Oops: 1, ImmediateOops: 1, NonImmediateOops: No
[3,619s][debug][gc,nmethod     ] Register NMethod: com.google.gson.stream.JsonWriter.peek (0x000074b193a00008) [0x000074b193a00100, 0x000074b193a00368] Compiler: c1, Barriers: 1, Oops: 1, ImmediateOops: 1, NonImmediateOops: No
[3,620s][debug][gc,nmethod     ] Register NMethod: sun.nio.fs.NativeBuffers.releaseNativeBuffer (0x000074b193a00388) [0x000074b193a00480, 0x000074b193a039b8] Compiler: c1, Barriers: 15, Oops: 2, ImmediateOops: 7, NonImmediateOops: No
[3,620s][debug][gc,nmethod     ] Register NMethod: java.nio.file.Files.provider (0x000074b193a03a08) [0x000074b193a03b00, 0x000074b193a03ed8] Compiler: c1, Barriers: 2, Oops: 0, ImmediateOops: 0, NonImmediateOops: No
[3,621s][debug][gc,nmethod     ] Register NMethod: com.github.benmanes.caffeine.cache.BoundedLocalCache$BoundedLocalManualCache.cache (0x000074b1b2ca7708) [0x000074b1b2ca7800, 0x000074b1b2ca78e8] Compiler: c1, Barriers: 1, Oops: 1, ImmediateOops: 0, NonImmediateOops: No
[3,621s][debug][gc,nmethod     ] Register NMethod: io.sirix.page.AbstractForwardingPage.getOrCreateReference (0x000074b193a03f08) [0x000074b193a04000, 0x000074b193a04510] Compiler: c1, Barriers: 0, Oops: 1, ImmediateOops: 0, NonImmediateOops: No
[3,621s][debug][gc,nmethod     ] Register NMethod: io.sirix.page.PageReference.getPageFragments (0x000074b1b2ca7a08) [0x000074b1b2ca7b00, 0x000074b1b2ca7be8] Compiler: c1, Barriers: 1, Oops: 1, ImmediateOops: 0, NonImmediateOops: No
[3,621s][debug][gc,director    ] Rule Major: Warmup 10%, Used: 130MB, UsedThreshold: 1228MB
[3,621s][debug][gc,nmethod     ] Register NMethod: it.unimi.dsi.fastutil.shorts.ShortArrayList$1.hasNext (0x000074b193a04588) [0x000074b193a04680, 0x000074b193a04810] Compiler: c1, Barriers: 1, Oops: 1, ImmediateOops: 0, NonImmediateOops: No
[3,622s][debug][gc,nmethod     ] Register NMethod: org.magicwerk.brownies.collections.GapList.doGet (0x000074b193a04888) [0x000074b193a04980, 0x000074b193a04cb8] Compiler: c1, Barriers: 2, Oops: 1, ImmediateOops: 0, NonImmediateOops: No
[3,622s][debug][gc,nmethod     ] Register NMethod: org.magicwerk.brownies.collections.GapList.get (0x000074b193a04d08) [0x000074b193a04e00, 0x000074b193a067f8] Compiler: c1, Barriers: 0, Oops: 4, ImmediateOops: 4, NonImmediateOops: No
[3,622s][debug][gc,nmethod     ] Register NMethod: jdk.internal.misc.ScopedMemoryAccess.putLongUnalignedInternal (0x000074b193a06888) [0x000074b193a06980, 0x000074b193a07108] Compiler: c1, Barriers: 2, Oops: 0, ImmediateOops: 3, NonImmediateOops: No
[3,623s][debug][gc,nmethod     ] Register NMethod: jdk.internal.misc.Unsafe.putLongUnaligned (0x000074b193a07188) [0x000074b193a07280, 0x000074b193a07488] Compiler: c1, Barriers: 0, Oops: 0, ImmediateOops: 0, NonImmediateOops: No
[3,623s][debug][gc,nmethod     ] Register NMethod: jdk.internal.foreign.AbstractMemorySegmentImpl.asSliceNoCheck (0x000074b193a07508) [0x000074b193a07600, 0x000074b193a07940] Compiler: c1, Barriers: 1, Oops: 0, ImmediateOops: 0, NonImmediateOops: No
[3,624s][debug][gc,nmethod     ] Register NMethod: jdk.internal.foreign.NativeMemorySegmentImpl.dup (0x000074b193a07988) [0x000074b193a07a80, 0x000074b193a08018] Compiler: c1, Barriers: 3, Oops: 0, ImmediateOops: 1, NonImmediateOops: No
[3,624s][debug][gc,nmethod     ] Register NMethod: sun.nio.ch.NativeThread.current0 (0x000074b1b2ca7d08) [0x000074b1b2ca7e00, 0x000074b1b2ca7f58] Compiler: , Barriers: 0, Oops: 0, ImmediateOops: 1, NonImmediateOops: No
[3,625s][debug][gc,nmethod     ] Register NMethod: com.google.gson.stream.JsonReader.doPeek (0x000074b193a08088) [0x000074b193a08180, 0x000074b193a16108] Compiler: c1, Barriers: 4, Oops: 8, ImmediateOops: 33, NonImmediateOops: No
[3,625s][debug][gc,nmethod     ] Register NMethod: jdk.internal.misc.ScopedMemoryAccess.putLongUnaligned (0x000074b193a16188) [0x000074b193a16280, 0x000074b193a17108] Compiler: c1, Barriers: 3, Oops: 0, ImmediateOops: 3, NonImmediateOops: No
[3,625s][debug][gc,nmethod     ] Register NMethod: java.nio.channels.spi.AbstractInterruptibleChannel.isOpen (0x000074b193a17188) [0x000074b193a17280, 0x000074b193a173d0] Compiler: c1, Barriers: 0, Oops: 0, ImmediateOops: 0, NonImmediateOops: No
[3,625s][debug][gc,nmethod     ] Register NMethod: java.util.concurrent.ForkJoinPool.slotOffset (0x000074b1b2ca8008) [0x000074b1b2ca8100, 0x000074b1b2ca8170] Compiler: jvmci, Barriers: 0, Oops: 0, ImmediateOops: 0, NonImmediateOops: No
[3,625s][debug][gc,nmethod     ] Register NMethod: net.jpountz.util.SafeUtils.checkLength (0x000074b193a17488) [0x000074b193a17580, 0x000074b193a17758] Compiler: c1, Barriers: 0, Oops: 1, ImmediateOops: 1, NonImmediateOops: No
[3,625s][debug][gc,nmethod     ] Register NMethod: net.jpountz.util.SafeUtils.checkRange (0x000074b193a17788) [0x000074b193a17880, 0x000074b193a17db8] Compiler: c1, Barriers: 0, Oops: 1, ImmediateOops: 1, NonImmediateOops: No
[3,625s][debug][gc,nmethod     ] Register NMethod: io.sirix.node.xml.XmlDocumentRootNode.structDelegate (0x000074b1b2ca8308) [0x000074b1b2ca8400, 0x000074b1b2ca84e8] Compiler: c1, Barriers: 1, Oops: 1, ImmediateOops: 0, NonImmediateOops: No
[3,625s][debug][gc,nmethod     ] Register NMethod: net.jpountz.xxhash.StreamingXXHash32JNI.checkState (0x000074b193a17e08) [0x000074b193a17f00, 0x000074b193a18110] Compiler: c1, Barriers: 0, Oops: 1, ImmediateOops: 1, NonImmediateOops: No
[3,625s][debug][gc,nmethod     ] Register NMethod: jdk.internal.foreign.SegmentFactories.ensureInitialized (0x000074b193a18188) [0x000074b193a18280, 0x000074b193a18360] Compiler: c1, Barriers: 0, Oops: 0, ImmediateOops: 0, NonImmediateOops: No
[3,626s][debug][gc,nmethod     ] Register NMethod: java.io.OutputStream.flush (0x000074b193a18488) [0x000074b193a18580, 0x000074b193a18680] Compiler: c1, Barriers: 0, Oops: 0, ImmediateOops: 0, NonImmediateOops: No
[3,626s][debug][gc,nmethod     ] Register NMethod: jdk.internal.foreign.NativeMemorySegmentImpl.dup (0x000074b193a18788) [0x000074b193a18880, 0x000074b193a18e88] Compiler: c1, Barriers: 3, Oops: 0, ImmediateOops: 1, NonImmediateOops: No
[3,626s][debug][gc,nmethod     ] Register NMethod: java.nio.channels.spi.AbstractInterruptibleChannel.blockedOn (0x000074b193a18f08) [0x000074b193a19000, 0x000074b193a196c0] Compiler: c1, Barriers: 6, Oops: 0, ImmediateOops: 1, NonImmediateOops: No
[3,626s][debug][gc,nmethod     ] Register NMethod: java.lang.Thread.blockedOn (0x000074b193a19708) [0x000074b193a19800, 0x000074b193a19b38] Compiler: c1, Barriers: 4, Oops: 0, ImmediateOops: 0, NonImmediateOops: No
[3,626s][debug][gc,nmethod     ] Register NMethod: java.util.concurrent.ConcurrentHashMap$Traverser.<init> (0x000074b193a19b88) [0x000074b193a19c80, 0x000074b193a19ee0] Compiler: c1, Barriers: 6, Oops: 0, ImmediateOops: 0, NonImmediateOops: No
[3,626s][debug][gc,nmethod     ] Register NMethod: java.lang.System$1.blockedOn (0x000074b193a19f08) [0x000074b193a1a000, 0x000074b193a1a5a0] Compiler: c1, Barriers: 5, Oops: 0, ImmediateOops: 0, NonImmediateOops: No
[3,627s][debug][gc,nmethod     ] Register NMethod: com.google.gson.stream.JsonWriter.replaceTop (0x000074b193a1a608) [0x000074b193a1a700, 0x000074b193a1a860] Compiler: c1, Barriers: 1, Oops: 1, ImmediateOops: 0, NonImmediateOops: No
[3,628s][debug][gc,nmethod     ] Register NMethod: java.io.OutputStreamWriter.write (0x000074b193a1a908) [0x000074b193a1aa00, 0x000074b193a1ad30] Compiler: c1, Barriers: 1, Oops: 0, ImmediateOops: 0, NonImmediateOops: No
[3,628s][debug][gc,nmethod     ] Register NMethod: com.github.benmanes.caffeine.cache.Caffeine.isWeighted (0x000074b193a1ad88) [0x000074b193a1ae80, 0x000074b193a1b000] Compiler: c1, Barriers: 1, Oops: 1, ImmediateOops: 0, NonImmediateOops: No
[3,628s][debug][gc,nmethod     ] Register NMethod: com.github.benmanes.caffeine.cache.Caffeine.requireState (0x000074b193a1b088) [0x000074b193a1b180, 0x000074b193a1c100] Compiler: c1, Barriers: 7, Oops: 2, ImmediateOops: 2, NonImmediateOops: No
[3,629s][debug][gc,nmethod     ] Register NMethod: java.lang.StringBuilder.<init> (0x000074b193a1c188) [0x000074b193a1c280, 0x000074b193a1c3b0] Compiler: c1, Barriers: 0, Oops: 0, ImmediateOops: 0, NonImmediateOops: No
[3,629s][debug][gc,nmethod     ] Register NMethod: jdk.internal.misc.Unsafe.putByte (0x000074b193a1c488) [0x000074b193a1c580, 0x000074b193a1c690] Compiler: c1, Barriers: 0, Oops: 0, ImmediateOops: 0, NonImmediateOops: No
[3,629s][debug][gc,nmethod     ] Register NMethod: java.io.FileDescriptor.<init> (0x000074b193a1c788) [0x000074b193a1c880, 0x000074b193a1c9f0] Compiler: c1, Barriers: 0, Oops: 0, ImmediateOops: 0, NonImmediateOops: No
[3,629s][debug][gc,nmethod     ] Register NMethod: java.lang.AbstractStringBuilder.<init> (0x000074b193a1ca88) [0x000074b193a1cb80, 0x000074b193a1d928] Compiler: c1, Barriers: 4, Oops: 0, ImmediateOops: 0, NonImmediateOops: No
[3,630s][debug][gc,nmethod     ] Register NMethod: java.util.BitSet.checkRange (0x000074b193a1d988) [0x000074b193a1da80, 0x000074b193a20408] Compiler: c1, Barriers: 0, Oops: 4, ImmediateOops: 7, NonImmediateOops: No
[3,630s][debug][gc,nmethod     ] Register NMethod: java.util.BitSet.and (0x000074b193a20488) [0x000074b193a20580, 0x000074b193a209d0] Compiler: c1, Barriers: 3, Oops: 0, ImmediateOops: 0, NonImmediateOops: No
[3,630s][debug][gc,nmethod     ] Register NMethod: it.unimi.dsi.fastutil.HashCommon.mix (0x000074b193a20a08) [0x000074b193a20b00, 0x000074b193a20bf0] Compiler: c1, Barriers: 0, Oops: 1, ImmediateOops: 0, NonImmediateOops: No
[3,630s][debug][gc,nmethod     ] Register NMethod: java.util.BitSet.size (0x000074b193a20d08) [0x000074b193a20e00, 0x000074b193a20f38] Compiler: c1, Barriers: 1, Oops: 0, ImmediateOops: 0, NonImmediateOops: No
[3,630s][debug][gc,nmethod     ] Register NMethod: io.sirix.page.delegates.BitmapReferencesPage.getOrCreateReference (0x000074b193a21008) [0x000074b193a21100, 0x000074b193a217b8] Compiler: c1, Barriers: 2, Oops: 1, ImmediateOops: 0, NonImmediateOops: No
[3,630s][debug][gc,nmethod     ] Register NMethod: java.util.BitSet.clear (0x000074b193a21808) [0x000074b193a21900, 0x000074b193a21b00] Compiler: c1, Barriers: 1, Oops: 0, ImmediateOops: 0, NonImmediateOops: No
[3,630s][debug][gc,nmethod     ] Register NMethod: io.sirix.page.delegates.BitmapReferencesPage.index (0x000074b193a21b08) [0x000074b193a21c00, 0x000074b193a22188] Compiler: c1, Barriers: 4, Oops: 1, ImmediateOops: 0, NonImmediateOops: No
[3,631s][debug][gc,nmethod     ] Register NMethod: jdk.internal.misc.Unsafe.getAndAddInt (0x000074b193a22208) [0x000074b193a22300, 0x000074b193a226d8] Compiler: c1, Barriers: 0, Oops: 0, ImmediateOops: 0, NonImmediateOops: No
[3,631s][debug][gc,nmethod     ] Register NMethod: io.sirix.page.PageReference.getKey (0x000074b1b2ca8608) [0x000074b1b2ca8700, 0x000074b1b2ca87c0] Compiler: c1, Barriers: 0, Oops: 1, ImmediateOops: 0, NonImmediateOops: No
[3,631s][debug][gc,nmethod     ] Register NMethod: io.sirix.page.PageKind$1.serializePage (0x000074b193a22708) [0x000074b193a22800, 0x000074b193a30550] Compiler: c1, Barriers: 65, Oops: 7, ImmediateOops: 10, NonImmediateOops: No
[3,631s][debug][gc,nmethod     ] Register NMethod: java.util.BitSet.flip (0x000074b193a30608) [0x000074b193a30700, 0x000074b193a30d08] Compiler: c1, Barriers: 2, Oops: 0, ImmediateOops: 0, NonImmediateOops: No
[3,631s][debug][gc,director    ] Rule Major: Warmup 10%, Used: 134MB, UsedThreshold: 1228MB
[3,632s][debug][gc,nmethod     ] Register NMethod: java.lang.invoke.MethodHandle.invokeBasic (0x000074b1b2ca8908) [0x000074b1b2ca8a00, 0x000074b1b2ca8c98] Compiler: , Barriers: 0, Oops: 0, ImmediateOops: 0, NonImmediateOops: No
[3,633s][debug][gc,nmethod     ] Register NMethod: java.lang.invoke.VarHandleGuards.guard_LJ_I (0x000074b193a30d88) [0x000074b193a30e80, 0x000074b193a33d60] Compiler: c1, Barriers: 28, Oops: 0, ImmediateOops: 2, NonImmediateOops: No
[3,633s][debug][gc,nmethod     ] Register NMethod: jdk.internal.foreign.AbstractMemorySegmentImpl.get (0x000074b193a33d88) [0x000074b193a33e80, 0x000074b193a377b8] Compiler: c1, Barriers: 27, Oops: 5, ImmediateOops: 12, NonImmediateOops: No
[3,634s][debug][gc,nmethod     ] Register NMethod: java.lang.invoke.VarHandleSegmentAsInts.get (0x000074b193a37808) [0x000074b193a37900, 0x000074b193a3cb28] Compiler: c1, Barriers: 24, Oops: 2, ImmediateOops: 6, NonImmediateOops: No
[3,634s][debug][gc,nmethod     ] Register NMethod: jdk.internal.foreign.AbstractMemorySegmentImpl.asSlice (0x000074b193a3cb88) [0x000074b193a3cc80, 0x000074b193a3d178] Compiler: c1, Barriers: 0, Oops: 0, ImmediateOops: 0, NonImmediateOops: No
[3,634s][debug][gc,nmethod     ] Register NMethod: jdk.internal.foreign.MemorySessionImpl.<init> (0x000074b193a3d188) [0x000074b193a3d280, 0x000074b193a3d4c8] Compiler: c1, Barriers: 6, Oops: 0, ImmediateOops: 0, NonImmediateOops: No
[3,634s][debug][gc,nmethod     ] Register NMethod: io.sirix.access.trx.node.AbstractResourceSession.getResourceConfig (0x000074b193a3d508) [0x000074b193a3d600, 0x000074b193a3d8a0] Compiler: c1, Barriers: 1, Oops: 1, ImmediateOops: 1, NonImmediateOops: No
[3,634s][debug][gc,nmethod     ] Register NMethod: io.sirix.node.MemorySegmentBytesOut.writePosition (0x000074b193a3d908) [0x000074b193a3da00, 0x000074b193a3dbd8] Compiler: c1, Barriers: 1, Oops: 1, ImmediateOops: 0, NonImmediateOops: No
[3,635s][debug][gc,nmethod     ] Register NMethod: io.sirix.node.MemorySegmentBytesOut.position (0x000074b193a3dc08) [0x000074b193a3dd00, 0x000074b193a3de50] Compiler: c1, Barriers: 1, Oops: 1, ImmediateOops: 0, NonImmediateOops: No
[3,635s][debug][gc,nmethod     ] Register NMethod: jdk.internal.misc.Unsafe.putShortUnaligned (0x000074b193a3df08) [0x000074b193a3e000, 0x000074b193a3e230] Compiler: c1, Barriers: 0, Oops: 0, ImmediateOops: 0, NonImmediateOops: No
[3,635s][debug][gc,nmethod     ] Register NMethod: jdk.internal.misc.Unsafe.putShortUnaligned (0x000074b193a3e288) [0x000074b193a3e380, 0x000074b193a3e548] Compiler: c1, Barriers: 0, Oops: 0, ImmediateOops: 0, NonImmediateOops: No
[3,636s][debug][gc,nmethod     ] Register NMethod: jdk.internal.misc.Unsafe.allocateMemory (0x000074b193a3e588) [0x000074b193a3e680, 0x000074b193a3f930] Compiler: c1, Barriers: 0, Oops: 2, ImmediateOops: 3, NonImmediateOops: No
[3,637s][debug][gc,nmethod     ] Register NMethod: java.util.concurrent.atomic.AtomicLong.incrementAndGet (0x000074b193a3f988) [0x000074b193a3fa80, 0x000074b193a3fb98] Compiler: c1, Barriers: 0, Oops: 0, ImmediateOops: 0, NonImmediateOops: No
[3,637s][debug][gc,nmethod     ] Register NMethod: jdk.internal.misc.Unsafe.alignToHeapWordSize (0x000074b193a3fc88) [0x000074b193a3fd80, 0x000074b193a3fff0] Compiler: c1, Barriers: 0, Oops: 0, ImmediateOops: 0, NonImmediateOops: No
[3,637s][debug][gc,nmethod     ] Register NMethod: jdk.internal.misc.Unsafe.allocateMemoryChecks (0x000074b193a40008) [0x000074b193a40100, 0x000074b193a403b8] Compiler: c1, Barriers: 0, Oops: 0, ImmediateOops: 0, NonImmediateOops: No
[3,638s][debug][gc,nmethod     ] Register NMethod: jdk.internal.misc.VM.isDirectMemoryPageAligned (0x000074b193a40408) [0x000074b193a40500, 0x000074b193a407e0] Compiler: c1, Barriers: 0, Oops: 0, ImmediateOops: 1, NonImmediateOops: No
[3,639s][debug][gc,nmethod     ] Register NMethod: java.lang.foreign.MemorySegment.copy (0x000074b193a40808) [0x000074b193a40900, 0x000074b193a498e8] Compiler: c1, Barriers: 10, Oops: 6, ImmediateOops: 18, NonImmediateOops: No
[3,640s][debug][gc,nmethod     ] Register NMethod: java.lang.invoke.MethodHandle.linkToStatic (0x000074b1b2ca8d08) [0x000074b1b2ca8e00, 0x000074b1b2ca8ef0] Compiler: , Barriers: 0, Oops: 0, ImmediateOops: 0, NonImmediateOops: No
[3,640s][debug][gc,nmethod     ] Register NMethod: java.lang.invoke.InnerClassLambdaMetafactory.convertArgumentTypes (0x000074b193a49988) [0x000074b193a49a80, 0x000074b193a4af98] Compiler: c1, Barriers: 11, Oops: 0, ImmediateOops: 1, NonImmediateOops: No
[3,640s][debug][gc,nmethod     ] Register NMethod: java.lang.invoke.MethodHandle.linkToStatic (0x000074b1b2ca9008) [0x000074b1b2ca9100, 0x000074b1b2ca91f0] Compiler: , Barriers: 0, Oops: 0, ImmediateOops: 0, NonImmediateOops: No
[3,641s][debug][gc,nmethod     ] Register NMethod: java.lang.invoke.VarHandleSegmentAsInts.get (0x000074b193a4b008) [0x000074b193a4b100, 0x000074b193a505a0] Compiler: c1, Barriers: 24, Oops: 2, ImmediateOops: 6, NonImmediateOops: No
[3,641s][debug][gc,nmethod     ] Register NMethod: java.lang.invoke.VarHandle.checkAccessModeThenIsDirect (0x000074b1b2ca9308) [0x000074b1b2ca9400, 0x000074b1b2ca96e8] Compiler: jvmci, Barriers: 7, Oops: 0, ImmediateOops: 1, NonImmediateOops: No
[3,641s][debug][gc,director    ] Rule Major: Warmup 10%, Used: 136MB, UsedThreshold: 1228MB
[3,642s][debug][gc,nmethod     ] Register NMethod: java.util.concurrent.locks.ReentrantLock$NonfairSync.initialTryLock (0x000074b193a50608) [0x000074b193a50700, 0x000074b193a513f0] Compiler: c1, Barriers: 5, Oops: 0, ImmediateOops: 1, NonImmediateOops: No
[3,642s][debug][gc,nmethod     ] Register NMethod: java.util.concurrent.locks.ReentrantLock.unlock (0x000074b193a51408) [0x000074b193a51500, 0x000074b193a51b18] Compiler: c1, Barriers: 2, Oops: 0, ImmediateOops: 0, NonImmediateOops: No
[3,643s][debug][gc,nmethod     ] Register NMethod: java.util.concurrent.ConcurrentHashMap.sumCount (0x000074b193a51b88) [0x000074b193a51c80, 0x000074b193a51f10] Compiler: c1, Barriers: 2, Oops: 0, ImmediateOops: 0, NonImmediateOops: No
[3,643s][debug][gc,nmethod     ] Register NMethod: sun.nio.fs.UnixPath.resolve (0x000074b193a51f88) [0x000074b193a52080, 0x000074b193a521c8] Compiler: c1, Barriers: 0, Oops: 0, ImmediateOops: 0, NonImmediateOops: No
[3,644s][debug][gc,nmethod     ] Register NMethod: java.lang.invoke.VarHandleGuards.guard_LL_V (0x000074b193a52288) [0x000074b193a52380, 0x000074b193a56f68] Compiler: c1, Barriers: 46, Oops: 1, ImmediateOops: 6, NonImmediateOops: No
[3,645s][debug][gc,nmethod     ] Register NMethod: io.sirix.page.PageKind$1.serializePage (0x000074b193a56f88) [0x000074b193a57080, 0x000074b193a64b10] Compiler: c1, Barriers: 65, Oops: 7, ImmediateOops: 10, NonImmediateOops: No
[3,645s][debug][gc,nmethod     ] Register NMethod: java.util.concurrent.ConcurrentHashMap.values (0x000074b193a64b88) [0x000074b193a64c80, 0x000074b193a65058] Compiler: c1, Barriers: 7, Oops: 0, ImmediateOops: 0, NonImmediateOops: No
[3,645s][debug][gc,nmethod     ] Register NMethod: java.util.concurrent.locks.ReentrantLock.lock (0x000074b193a65088) [0x000074b193a65180, 0x000074b193a65950] Compiler: c1, Barriers: 1, Oops: 0, ImmediateOops: 0, NonImmediateOops: No
[3,645s][debug][gc,nmethod     ] Register NMethod: io.sirix.access.ResourceConfiguration$ResourcePaths.getPath (0x000074b1b2ca9708) [0x000074b1b2ca9800, 0x000074b1b2ca98e8] Compiler: c1, Barriers: 1, Oops: 1, ImmediateOops: 0, NonImmediateOops: No
[3,646s][debug][gc,nmethod     ] Register NMethod: java.util.concurrent.locks.ReentrantLock$Sync.lock (0x000074b193a65988) [0x000074b193a65a80, 0x000074b193a65ff8] Compiler: c1, Barriers: 0, Oops: 0, ImmediateOops: 0, NonImmediateOops: No
[3,646s][debug][gc,nmethod     ] Register NMethod: io.sirix.page.KeyValueLeafPage.getLastIndex (0x000074b193a66008) [0x000074b193a66100, 0x000074b193a66258] Compiler: c1, Barriers: 0, Oops: 1, ImmediateOops: 0, NonImmediateOops: No
[3,646s][debug][gc,nmethod     ] Register NMethod: sun.nio.fs.UnixPath.resolve (0x000074b193a66308) [0x000074b193a66400, 0x000074b193a669c8] Compiler: c1, Barriers: 0, Oops: 0, ImmediateOops: 0, NonImmediateOops: No
[3,646s][debug][gc,nmethod     ] Register NMethod: com.github.benmanes.caffeine.cache.BoundedLocalCache$BoundedLocalManualCache.cache (0x000074b193a66a08) [0x000074b193a66b00, 0x000074b193a66c58] Compiler: c1, Barriers: 1, Oops: 1, ImmediateOops: 0, NonImmediateOops: No
[3,646s][debug][gc,nmethod     ] Register NMethod: sun.nio.fs.Util.followLinks (0x000074b193a66d08) [0x000074b193a66e00, 0x000074b193a67250] Compiler: c1, Barriers: 2, Oops: 0, ImmediateOops: 1, NonImmediateOops: No
[3,646s][debug][gc,nmethod     ] Register NMethod: java.lang.invoke.InnerClassLambdaMetafactory$3.accept (0x000074b193a67288) [0x000074b193a67380, 0x000074b193a69108] Compiler: c1, Barriers: 13, Oops: 0, ImmediateOops: 4, NonImmediateOops: No
[3,647s][debug][gc,nmethod     ] Register NMethod: java.lang.invoke.BoundMethodHandle.bindSingleL (0x000074b193a69188) [0x000074b193a69280, 0x000074b193a69390] Compiler: c1, Barriers: 0, Oops: 0, ImmediateOops: 0, NonImmediateOops: No
[3,647s][debug][gc,nmethod     ] Register NMethod: it.unimi.dsi.fastutil.shorts.ShortArrayList.size (0x000074b1b2ca9a08) [0x000074b1b2ca9b00, 0x000074b1b2ca9bc0] Compiler: c1, Barriers: 0, Oops: 1, ImmediateOops: 0, NonImmediateOops: No
[3,647s][debug][gc,nmethod     ] Register NMethod: java.lang.invoke.InnerClassLambdaMetafactory$6.accept (0x000074b193a69488) [0x000074b193a69580, 0x000074b193a6cea8] Compiler: c1, Barriers: 30, Oops: 2, ImmediateOops: 7, NonImmediateOops: No
[3,647s][debug][gc,nmethod     ] Register NMethod: java.lang.Short.shortValue (0x000074b1b2ca9d08) [0x000074b1b2ca9e00, 0x000074b1b2ca9ec8] Compiler: c1, Barriers: 0, Oops: 0, ImmediateOops: 0, NonImmediateOops: No
[3,647s][debug][gc,nmethod     ] Register NMethod: sun.nio.fs.UnixPath.resolve (0x000074b193a6cf08) [0x000074b193a6d000, 0x000074b193a6dca8] Compiler: c1, Barriers: 9, Oops: 0, ImmediateOops: 0, NonImmediateOops: No
[3,647s][debug][gc,nmethod     ] Register NMethod: sun.nio.fs.UnixPath.<init> (0x000074b193a6dd08) [0x000074b193a6de00, 0x000074b193a6e128] Compiler: c1, Barriers: 6, Oops: 0, ImmediateOops: 0, NonImmediateOops: No
[3,647s][debug][gc,nmethod     ] Register NMethod: sun.nio.fs.UnixFileSystem.normalizeNativePath (0x000074b193a6e188) [0x000074b193a6e280, 0x000074b193a6e380] Compiler: c1, Barriers: 0, Oops: 0, ImmediateOops: 0, NonImmediateOops: No
[3,648s][debug][gc,nmethod     ] Register NMethod: sun.nio.fs.Util.jnuEncoding (0x000074b193a6e488) [0x000074b193a6e580, 0x000074b193a6e668] Compiler: c1, Barriers: 0, Oops: 0, ImmediateOops: 1, NonImmediateOops: No
[3,648s][debug][gc,nmethod     ] Register NMethod: java.lang.invoke.LambdaForm.constantForm (0x000074b193a6e788) [0x000074b193a6e880, 0x000074b193a6ec38] Compiler: c1, Barriers: 1, Oops: 0, ImmediateOops: 1, NonImmediateOops: No
[3,649s][debug][gc,nmethod     ] Register NMethod: sun.nio.fs.UnixPath.encode (0x000074b193a6ec88) [0x000074b193a6ed80, 0x000074b193a6fe50] Compiler: c1, Barriers: 1, Oops: 2, ImmediateOops: 3, NonImmediateOops: No
[3,649s][debug][gc,nmethod     ] Register NMethod: java.util.Arrays.copyOf (0x000074b1b2caa008) [0x000074b1b2caa100, 0x000074b1b2caa700] Compiler: jvmci, Barriers: 1, Oops: 0, ImmediateOops: 2, NonImmediateOops: No
[3,652s][debug][gc,director    ] Rule Major: Warmup 10%, Used: 136MB, UsedThreshold: 1228MB
[3,652s][debug][gc,nmethod     ] Register NMethod: jdk.internal.foreign.AbstractMemorySegmentImpl.copy (0x000074b193a6fe88) [0x000074b193a6ff80, 0x000074b193a78b58] Compiler: c1, Barriers: 10, Oops: 6, ImmediateOops: 18, NonImmediateOops: No
[3,654s][debug][gc,nmethod     ] Register NMethod: kotlin.jvm.internal.Intrinsics.checkNotNullParameter (0x000074b193a78c08) [0x000074b193a78d00, 0x000074b193a794e8] Compiler: c1, Barriers: 1, Oops: 2, ImmediateOops: 2, NonImmediateOops: No
[3,654s][debug][gc,nmethod     ] Register NMethod: jdk.internal.util.ArraysSupport.mismatch (0x000074b193a79508) [0x000074b193a79600, 0x000074b193a799b8] Compiler: c1, Barriers: 0, Oops: 0, ImmediateOops: 0, NonImmediateOops: No
[3,655s][debug][gc,nmethod     ] Register NMethod: java.lang.StringLatin1.compareTo (0x000074b193a79a08) [0x000074b193a79b00, 0x000074b193a79c30] Compiler: c1, Barriers: 0, Oops: 0, ImmediateOops: 0, NonImmediateOops: No
[3,655s][debug][gc,nmethod     ] Register NMethod: java.lang.StringLatin1.compareTo (0x000074b193a79d08) [0x000074b193a79e00, 0x000074b193a7a150] Compiler: c1, Barriers: 0, Oops: 0, ImmediateOops: 0, NonImmediateOops: No
[3,655s][debug][gc,nmethod     ] Register NMethod: kotlin.io.FileTreeWalk$WalkState.getRoot (0x000074b1b2caa708) [0x000074b1b2caa800, 0x000074b1b2caa8e8] Compiler: c1, Barriers: 1, Oops: 1, ImmediateOops: 0, NonImmediateOops: No
[3,656s][debug][gc,nmethod     ] Register NMethod: java.io.File.isInvalid (0x000074b1b2caaa08) [0x000074b1b2caab00, 0x000074b1b2caad90] Compiler: jvmci, Barriers: 6, Oops: 0, ImmediateOops: 2, NonImmediateOops: No
[3,656s][debug][gc,nmethod     ] Register NMethod: java.util.stream.StreamOpFlag.toStreamFlags (0x000074b193a7a188) [0x000074b193a7a280, 0x000074b193a7a370] Compiler: c1, Barriers: 0, Oops: 0, ImmediateOops: 0, NonImmediateOops: No
[3,657s][debug][gc,nmethod     ] Register NMethod: jdk.internal.misc.Unsafe.park (0x000074b1b2caae08) [0x000074b1b2caaf00, 0x000074b1b2cab048] Compiler: , Barriers: 0, Oops: 0, ImmediateOops: 0, NonImmediateOops: No
[3,657s][debug][gc,nmethod     ] Register NMethod: java.util.stream.StreamOpFlag.toCharacteristics (0x000074b193a7a488) [0x000074b193a7a580, 0x000074b193a7a668] Compiler: c1, Barriers: 0, Oops: 0, ImmediateOops: 0, NonImmediateOops: No
[3,657s][debug][gc,nmethod     ] Register NMethod: java.util.stream.StreamSpliterators$AbstractWrappingSpliterator.characteristics (0x000074b193a7a788) [0x000074b193a7a880, 0x000074b193a7b748] Compiler: c1, Barriers: 10, Oops: 0, ImmediateOops: 0, NonImmediateOops: No
[3,657s][debug][gc,nmethod     ] Register NMethod: java.util.stream.AbstractPipeline.exactOutputSizeIfKnown (0x000074b193a7b788) [0x000074b193a7b880, 0x000074b193a7c898] Compiler: c1, Barriers: 3, Oops: 2, ImmediateOops: 2, NonImmediateOops: No
[3,658s][debug][gc,nmethod     ] Register NMethod: java.lang.String.<init> (0x000074b193a7c908) [0x000074b193a7ca00, 0x000074b193a7cca0] Compiler: c1, Barriers: 0, Oops: 0, ImmediateOops: 0, NonImmediateOops: No
[3,658s][debug][gc,nmethod     ] Register NMethod: sun.nio.fs.UnixFileSystem.getPath (0x000074b193a7cd08) [0x000074b193a7ce00, 0x000074b193a7e730] Compiler: c1, Barriers: 8, Oops: 0, ImmediateOops: 1, NonImmediateOops: No
[3,658s][debug][gc,nmethod     ] Register NMethod: com.esotericsoftware.kryo.io.Output.require (0x000074b193a7e788) [0x000074b193a7e880, 0x000074b193a80fc0] Compiler: c1, Barriers: 4, Oops: 4, ImmediateOops: 6, NonImmediateOops: No
[3,662s][debug][gc,director    ] Rule Major: Warmup 10%, Used: 136MB, UsedThreshold: 1228MB
[3,663s][debug][gc,nmethod     ] Register NMethod: java.io.FileDescriptor.valid (0x000074b193a81008) [0x000074b193a81100, 0x000074b193a81288] Compiler: c1, Barriers: 0, Oops: 0, ImmediateOops: 0, NonImmediateOops: No
[3,667s][debug][gc,nmethod     ] Register NMethod: java.util.AbstractMap.<init> (0x000074b1b2cab108) [0x000074b1b2cab200, 0x000074b1b2cab280] Compiler: jvmci, Barriers: 0, Oops: 0, ImmediateOops: 0, NonImmediateOops: No
[3,669s][debug][gc,nmethod     ] Register NMethod: java.io.UnixFileSystem.normalize (0x000074b1b2cab408) [0x000074b1b2cab500, 0x000074b1b2cab6e8] Compiler: jvmci, Barriers: 1, Oops: 0, ImmediateOops: 0, NonImmediateOops: No
[3,672s][debug][gc,director    ] Rule Major: Warmup 10%, Used: 136MB, UsedThreshold: 1228MB
[3,675s][debug][gc,nmethod     ] Register NMethod: java.util.concurrent.ForkJoinTask.<init> (0x000074b193a81308) [0x000074b193a81400, 0x000074b193a81558] Compiler: c1, Barriers: 0, Oops: 0, ImmediateOops: 0, NonImmediateOops: No
[3,675s][debug][gc,nmethod     ] Register NMethod: jdk.internal.foreign.ArenaImpl.allocate (0x000074b193a81608) [0x000074b193a81700, 0x000074b193a819f8] Compiler: c1, Barriers: 0, Oops: 0, ImmediateOops: 0, NonImmediateOops: No
[3,675s][debug][gc,nmethod     ] Rebuilding NMethod Table: 4096->4096 entries, 2648(65%->65%) registered, 220(5%->0%) unregistered
[3,676s][debug][gc,nmethod     ] Register NMethod: io.sirix.node.GrowingMemorySegment.<init> (0x000074b193a81a08) [0x000074b193a81b00, 0x000074b193a81f78] Compiler: c1, Barriers: 6, Oops: 1, ImmediateOops: 0, NonImmediateOops: No
[3,676s][debug][gc,nmethod     ] Register NMethod: jdk.internal.foreign.ArenaImpl.allocate (0x000074b193a81f88) [0x000074b193a82080, 0x000074b193a82200] Compiler: c1, Barriers: 1, Oops: 0, ImmediateOops: 0, NonImmediateOops: No
[3,676s][debug][gc,nmethod     ] Register NMethod: jdk.internal.foreign.SegmentFactories.allocateMemoryWrapper (0x000074b193a82288) [0x000074b193a82380, 0x000074b193a82738] Compiler: c1, Barriers: 0, Oops: 0, ImmediateOops: 1, NonImmediateOops: No
[3,676s][debug][gc,nmethod     ] Register NMethod: jdk.internal.foreign.Utils.checkAllocationSizeAndAlign (0x000074b193a82788) [0x000074b193a82880, 0x000074b193a83b10] Compiler: c1, Barriers: 0, Oops: 3, ImmediateOops: 4, NonImmediateOops: No
[3,676s][debug][gc,nmethod     ] Register NMethod: jdk.internal.foreign.Utils.alignUp (0x000074b193a83b88) [0x000074b193a83c80, 0x000074b193a83d78] Compiler: c1, Barriers: 0, Oops: 0, ImmediateOops: 0, NonImmediateOops: No
[3,676s][debug][gc,nmethod     ] Register NMethod: jdk.internal.foreign.Utils.checkNonNegativeArgument (0x000074b193a83e88) [0x000074b193a83f80, 0x000074b193a85148] Compiler: c1, Barriers: 0, Oops: 2, ImmediateOops: 3, NonImmediateOops: No
[3,677s][debug][gc,nmethod     ] Register NMethod: jdk.internal.foreign.SegmentFactories$1.<init> (0x000074b193a85188) [0x000074b193a85280, 0x000074b193a85450] Compiler: c1, Barriers: 0, Oops: 0, ImmediateOops: 0, NonImmediateOops: No
[3,677s][debug][gc,nmethod     ] Register NMethod: jdk.internal.foreign.SegmentFactories.allocateNativeSegment (0x000074b193a85488) [0x000074b193a85580, 0x000074b193a85b40] Compiler: c1, Barriers: 3, Oops: 0, ImmediateOops: 1, NonImmediateOops: No
[3,677s][debug][gc,nmethod     ] Register NMethod: jdk.internal.foreign.Utils.checkAlign (0x000074b193a85b88) [0x000074b193a85c80, 0x000074b193a869d8] Compiler: c1, Barriers: 0, Oops: 1, ImmediateOops: 2, NonImmediateOops: No
[3,677s][debug][gc,nmethod     ] Register NMethod: java.lang.Thread.interrupted (0x000074b193a86a08) [0x000074b193a86b00, 0x000074b193a86ec8] Compiler: c1, Barriers: 1, Oops: 0, ImmediateOops: 0, NonImmediateOops: No
[3,677s][debug][gc,nmethod     ] Register NMethod: jdk.internal.foreign.MemorySessionImpl$ResourceList$ResourceCleanup.<init> (0x000074b193a86f08) [0x000074b193a87000, 0x000074b193a87158] Compiler: c1, Barriers: 0, Oops: 0, ImmediateOops: 0, NonImmediateOops: No
[3,677s][debug][gc,nmethod     ] Register NMethod: java.lang.Thread.getAndClearInterrupt (0x000074b193a87208) [0x000074b193a87300, 0x000074b193a87480] Compiler: c1, Barriers: 0, Oops: 0, ImmediateOops: 0, NonImmediateOops: No
[3,678s][debug][gc,nmethod     ] Register NMethod: jdk.internal.foreign.MemorySessionImpl.addOrCleanupIfFail (0x000074b193a87508) [0x000074b193a87600, 0x000074b193a87b50] Compiler: c1, Barriers: 0, Oops: 0, ImmediateOops: 0, NonImmediateOops: No
[3,678s][debug][gc,nmethod     ] Register NMethod: jdk.internal.misc.Unsafe.putReferenceOpaque (0x000074b193a87b88) [0x000074b193a87c80, 0x000074b193a87df8] Compiler: c1, Barriers: 3, Oops: 0, ImmediateOops: 0, NonImmediateOops: No
[3,678s][debug][gc,nmethod     ] Register NMethod: jdk.internal.foreign.MemorySessionImpl.addInternal (0x000074b193a87e88) [0x000074b193a87f80, 0x000074b193a88ef0] Compiler: c1, Barriers: 4, Oops: 0, ImmediateOops: 2, NonImmediateOops: No
[3,678s][debug][gc,nmethod     ] Register NMethod: net.jpountz.xxhash.XXHashJNI.XXH32_update (0x000074b1b2cab708) [0x000074b1b2cab800, 0x000074b1b2cab970] Compiler: , Barriers: 0, Oops: 1, ImmediateOops: 1, NonImmediateOops: No
[3,679s][debug][gc,nmethod     ] Register NMethod: net.jpountz.xxhash.XXHashJNI.XXH32_digest (0x000074b1b2caba08) [0x000074b1b2cabb00, 0x000074b1b2cabc68] Compiler: , Barriers: 0, Oops: 1, ImmediateOops: 1, NonImmediateOops: No
[3,679s][debug][gc,nmethod     ] Register NMethod: net.jpountz.xxhash.XXHashJNI.XXH32_free (0x000074b1b2cabd08) [0x000074b1b2cabe00, 0x000074b1b2cabf58] Compiler: , Barriers: 0, Oops: 1, ImmediateOops: 1, NonImmediateOops: No
[3,679s][debug][gc,nmethod     ] Register NMethod: java.nio.MappedByteBuffer.position (0x000074b193a88f08) [0x000074b193a89000, 0x000074b193a891a0] Compiler: c1, Barriers: 0, Oops: 0, ImmediateOops: 0, NonImmediateOops: No
[3,679s][debug][gc,nmethod     ] Register NMethod: java.lang.String.<init> (0x000074b1b2cac008) [0x000074b1b2cac100, 0x000074b1b2cac678] Compiler: jvmci, Barriers: 4, Oops: 0, ImmediateOops: 0, NonImmediateOops: No
[3,680s][debug][gc,nmethod     ] Register NMethod: jdk.internal.foreign.SegmentFactories.allocateNativeInternal (0x000074b193a89208) [0x000074b193a89300, 0x000074b193a8c758] Compiler: c1, Barriers: 3, Oops: 3, ImmediateOops: 11, NonImmediateOops: No
[3,681s][debug][gc,nmethod     ] Register NMethod: net.jpountz.util.Native.isLoaded (0x000074b193a8c788) [0x000074b193a8c880, 0x000074b193a8cac8] Compiler: c1, Barriers: 0, Oops: 1, ImmediateOops: 2, NonImmediateOops: No
[3,682s][debug][gc,nmethod     ] Register NMethod: java.lang.invoke.VarHandleReferences$FieldInstanceReadWrite.set (0x000074b193a8cb08) [0x000074b193a8cc00, 0x000074b193a8dc28] Compiler: c1, Barriers: 5, Oops: 1, ImmediateOops: 0, NonImmediateOops: No
[3,682s][debug][gc,director    ] Rule Major: Warmup 10%, Used: 138MB, UsedThreshold: 1228MB
[3,682s][debug][gc,nmethod     ] Register NMethod: java.io.Writer.write (0x000074b193a8dc88) [0x000074b193a8dd80, 0x000074b193a8e530] Compiler: c1, Barriers: 1, Oops: 0, ImmediateOops: 0, NonImmediateOops: No
[3,682s][debug][gc,nmethod     ] Register NMethod: java.io.FileDescriptor.close0 (0x000074b1b2cac688) [0x000074b1b2cac780, 0x000074b1b2cac8c8] Compiler: , Barriers: 0, Oops: 0, ImmediateOops: 0, NonImmediateOops: No
[3,683s][debug][gc,nmethod     ] Register NMethod: sun.nio.fs.UnixNativeDispatcher.access0 (0x000074b1b2cac988) [0x000074b1b2caca80, 0x000074b1b2cacbe0] Compiler: , Barriers: 0, Oops: 0, ImmediateOops: 1, NonImmediateOops: No
[3,683s][debug][gc,nmethod     ] Register NMethod: java.util.concurrent.ConcurrentHashMap.<init> (0x000074b193a8e588) [0x000074b193a8e680, 0x000074b193a8e838] Compiler: c1, Barriers: 0, Oops: 0, ImmediateOops: 0, NonImmediateOops: No
[3,683s][debug][gc,nmethod     ] Register NMethod: java.util.concurrent.atomic.AtomicLong.addAndGet (0x000074b193a8e888) [0x000074b193a8e980, 0x000074b193a8ea90] Compiler: c1, Barriers: 0, Oops: 0, ImmediateOops: 0, NonImmediateOops: No
[3,684s][debug][gc,nmethod     ] Register NMethod: jdk.internal.misc.Unsafe.unpark (0x000074b1b2cacc88) [0x000074b1b2cacd80, 0x000074b1b2caced8] Compiler: , Barriers: 0, Oops: 0, ImmediateOops: 0, NonImmediateOops: No
[3,684s][debug][gc,nmethod     ] Register NMethod: sun.nio.fs.NativeBuffers.copyCStringToNativeBuffer (0x000074b193a8eb88) [0x000074b193a8ec80, 0x000074b193a8f240] Compiler: c1, Barriers: 0, Oops: 1, ImmediateOops: 1, NonImmediateOops: No
[3,685s][debug][gc,nmethod     ] Register NMethod: io.sirix.page.PageKind$1.serializePage (0x000074b193a8f288) [0x000074b193a8f380, 0x000074b193a9cbe8] Compiler: c1, Barriers: 65, Oops: 7, ImmediateOops: 10, NonImmediateOops: No
[3,685s][debug][gc,nmethod     ] Register NMethod: java.util.concurrent.atomic.AtomicLong.compareAndSet (0x000074b193a9cc88) [0x000074b193a9cd80, 0x000074b193a9cea0] Compiler: c1, Barriers: 0, Oops: 0, ImmediateOops: 0, NonImmediateOops: No
[3,686s][debug][gc,nmethod     ] Register NMethod: java.util.concurrent.locks.LockSupport.setCurrentBlocker (0x000074b193a9cf88) [0x000074b193a9d080, 0x000074b193a9d3b8] Compiler: c1, Barriers: 1, Oops: 0, ImmediateOops: 1, NonImmediateOops: No
[3,686s][debug][gc,nmethod     ] Register NMethod: io.sirix.node.delegates.NodeDelegate.getNodeKey (0x000074b1b2cacf88) [0x000074b1b2cad080, 0x000074b1b2cad140] Compiler: c1, Barriers: 0, Oops: 1, ImmediateOops: 0, NonImmediateOops: No
[3,686s][debug][gc,nmethod     ] Register NMethod: io.sirix.node.delegates.StructNodeDelegate.getFirstChildKey (0x000074b1b2cad288) [0x000074b1b2cad380, 0x000074b1b2cad440] Compiler: c1, Barriers: 0, Oops: 1, ImmediateOops: 0, NonImmediateOops: No
[3,686s][debug][gc,nmethod     ] Register NMethod: java.nio.ByteBuffer.wrap (0x000074b193a9d408) [0x000074b193a9d500, 0x000074b193a9d770] Compiler: c1, Barriers: 0, Oops: 0, ImmediateOops: 0, NonImmediateOops: No
[3,686s][debug][gc,nmethod     ] Register NMethod: java.nio.HeapByteBuffer.<init> (0x000074b193a9d788) [0x000074b193a9d880, 0x000074b193a9d9f8] Compiler: c1, Barriers: 0, Oops: 0, ImmediateOops: 0, NonImmediateOops: No
[3,686s][debug][gc,nmethod     ] Register NMethod: java.util.concurrent.ConcurrentHashMap$EntrySpliterator.characteristics (0x000074b1b2cad588) [0x000074b1b2cad680, 0x000074b1b2cad740] Compiler: c1, Barriers: 0, Oops: 0, ImmediateOops: 0, NonImmediateOops: No
[3,687s][debug][gc,nmethod     ] Register NMethod: java.nio.ByteBuffer.order (0x000074b193a9da88) [0x000074b193a9db80, 0x000074b193a9dda0] Compiler: c1, Barriers: 0, Oops: 0, ImmediateOops: 1, NonImmediateOops: No
[3,687s][debug][gc,nmethod     ] Register NMethod: io.sirix.access.trx.page.NodePageReadOnlyTrx.getResourceSession (0x000074b193a9de08) [0x000074b193a9df00, 0x000074b193a9e370] Compiler: c1, Barriers: 1, Oops: 1, ImmediateOops: 1, NonImmediateOops: No
[3,687s][debug][gc,nmethod     ] Register NMethod: sun.security.provider.ByteArrayAccess.i2bBig4 (0x000074b193a9e388) [0x000074b193a9e480, 0x000074b193a9eff0] Compiler: c1, Barriers: 0, Oops: 5, ImmediateOops: 5, NonImmediateOops: No
[3,687s][debug][gc,nmethod     ] Register NMethod: net.jpountz.lz4.LZ4JNI.LZ4_compress_limitedOutput (0x000074b1b2cad888) [0x000074b1b2cad980, 0x000074b1b2cadb50] Compiler: , Barriers: 0, Oops: 1, ImmediateOops: 1, NonImmediateOops: No
[3,687s][debug][gc,nmethod     ] Register NMethod: sun.nio.ch.UnixFileDispatcherImpl.size0 (0x000074b1b2cadb88) [0x000074b1b2cadc80, 0x000074b1b2cadde8] Compiler: , Barriers: 0, Oops: 0, ImmediateOops: 1, NonImmediateOops: No
[3,687s][debug][gc,nmethod     ] Register NMethod: sun.security.provider.DigestBase.engineUpdate (0x000074b193a9f088) [0x000074b193a9f180, 0x000074b193aa0360] Compiler: c1, Barriers: 4, Oops: 1, ImmediateOops: 1, NonImmediateOops: No
[3,688s][debug][gc,nmethod     ] Register NMethod: io.sirix.BinaryEncodingVersion.byteVersion (0x000074b1b2cade88) [0x000074b1b2cadf80, 0x000074b1b2cae048] Compiler: c1, Barriers: 0, Oops: 1, ImmediateOops: 0, NonImmediateOops: No
[3,688s][debug][gc,nmethod     ] Register NMethod: net.jpountz.lz4.LZ4Factory.fastCompressor (0x000074b1b2cae188) [0x000074b1b2cae280, 0x000074b1b2cae368] Compiler: c1, Barriers: 1, Oops: 1, ImmediateOops: 0, NonImmediateOops: No
[3,688s][debug][gc,nmethod     ] Register NMethod: io.sirix.page.PageReference.setHash (0x000074b1b2cae488) [0x000074b1b2cae580, 0x000074b1b2cae6b0] Compiler: c1, Barriers: 3, Oops: 1, ImmediateOops: 0, NonImmediateOops: No
[3,688s][debug][gc,nmethod     ] Register NMethod: net.jpountz.lz4.LZ4BlockOutputStream.ensureNotFinished (0x000074b193aa0388) [0x000074b193aa0480, 0x000074b193aa0688] Compiler: c1, Barriers: 0, Oops: 1, ImmediateOops: 1, NonImmediateOops: No
[3,688s][debug][gc,nmethod     ] Register NMethod: io.sirix.access.ResourceConfiguration.getBinaryEncodingVersion (0x000074b1b2cae788) [0x000074b1b2cae880, 0x000074b1b2cae968] Compiler: c1, Barriers: 1, Oops: 1, ImmediateOops: 0, NonImmediateOops: No
[3,688s][debug][gc,nmethod     ] Register NMethod: net.jpountz.lz4.LZ4BlockOutputStream.flush (0x000074b193aa0708) [0x000074b193aa0800, 0x000074b193aa0c10] Compiler: c1, Barriers: 2, Oops: 1, ImmediateOops: 0, NonImmediateOops: No
[3,689s][debug][gc,nmethod     ] Register NMethod: java.util.concurrent.ForkJoinPool.deactivate (0x000074b193aa0c88) [0x000074b193aa0d80, 0x000074b193aa1828] Compiler: c1, Barriers: 4, Oops: 0, ImmediateOops: 0, NonImmediateOops: No
[3,690s][debug][gc,nmethod     ] Register NMethod: jdk.internal.foreign.NativeMemorySegmentImpl.isNative (0x000074b1b2caea88) [0x000074b1b2caeb80, 0x000074b1b2caec40] Compiler: c1, Barriers: 0, Oops: 0, ImmediateOops: 0, NonImmediateOops: No
[3,691s][debug][gc,nmethod     ] Register NMethod: java.util.concurrent.locks.AbstractQueuedSynchronizer.signalNext (0x000074b193aa1888) [0x000074b193aa1980, 0x000074b193aa2bf8] Compiler: c1, Barriers: 2, Oops: 0, ImmediateOops: 2, NonImmediateOops: No
[3,691s][debug][gc,nmethod     ] Register NMethod: sun.security.provider.ByteArrayAccess.b2iBig64 (0x000074b193aa2c08) [0x000074b193aa2d00, 0x000074b193aad640] Compiler: c1, Barriers: 0, Oops: 5, ImmediateOops: 80, NonImmediateOops: No
[3,691s][debug][gc,nmethod     ] Register NMethod: com.google.gson.stream.JsonWriter.newline (0x000074b193aad688) [0x000074b193aad780, 0x000074b193aae548] Compiler: c1, Barriers: 5, Oops: 1, ImmediateOops: 0, NonImmediateOops: No
[3,692s][debug][gc,nmethod     ] Register NMethod: io.sirix.page.PageReference.setKey (0x000074b193aae588) [0x000074b193aae680, 0x000074b193aae790] Compiler: c1, Barriers: 0, Oops: 1, ImmediateOops: 0, NonImmediateOops: No
[3,692s][debug][gc,nmethod     ] Register NMethod: com.github.benmanes.caffeine.cache.NodeFactory.newLookupKey (0x000074b193aae888) [0x000074b193aae980, 0x000074b193aaea80] Compiler: c1, Barriers: 0, Oops: 1, ImmediateOops: 0, NonImmediateOops: No
[3,692s][debug][gc,nmethod     ] Register NMethod: java.util.concurrent.ConcurrentHashMap.computeIfPresent (0x000074b193aaeb88) [0x000074b193aaec80, 0x000074b193ab0f50] Compiler: c1, Barriers: 17, Oops: 0, ImmediateOops: 1, NonImmediateOops: No
[3,692s][debug][gc,nmethod     ] Register NMethod: java.nio.Buffer.position (0x000074b1b2caed88) [0x000074b1b2caee80, 0x000074b1b2caef60] Compiler: jvmci, Barriers: 0, Oops: 0, ImmediateOops: 0, NonImmediateOops: No
[3,692s][debug][gc,director    ] Rule Major: Warmup 10%, Used: 140MB, UsedThreshold: 1228MB
[3,692s][debug][gc,nmethod     ] Register NMethod: jdk.internal.foreign.ArenaImpl.<init> (0x000074b193ab0f88) [0x000074b193ab1080, 0x000074b193ab1460] Compiler: c1, Barriers: 3, Oops: 0, ImmediateOops: 0, NonImmediateOops: No
[3,693s][debug][gc,nmethod     ] Register NMethod: jdk.internal.foreign.MemorySessionImpl.asArena (0x000074b193ab1488) [0x000074b193ab1580, 0x000074b193ab1a10] Compiler: c1, Barriers: 3, Oops: 0, ImmediateOops: 0, NonImmediateOops: No
[3,693s][debug][gc,nmethod     ] Register NMethod: jdk.internal.foreign.MemorySessionImpl$ResourceList.<init> (0x000074b193ab1a88) [0x000074b193ab1b80, 0x000074b193ab1cd8] Compiler: c1, Barriers: 0, Oops: 0, ImmediateOops: 0, NonImmediateOops: No
[3,694s][debug][gc,nmethod     ] Register NMethod: java.lang.invoke.MethodHandle.invokeBasic (0x000074b1b2caf088) [0x000074b1b2caf180, 0x000074b1b2caf418] Compiler: , Barriers: 0, Oops: 0, ImmediateOops: 0, NonImmediateOops: No
[3,695s][debug][gc,nmethod     ] Register NMethod: sun.security.provider.SHA2.implCompressCheck (0x000074b193ab1d88) [0x000074b193ab1e80, 0x000074b193ab21e8] Compiler: c1, Barriers: 0, Oops: 1, ImmediateOops: 1, NonImmediateOops: No
[3,695s][debug][gc,nmethod     ] Register NMethod: java.util.concurrent.ForkJoinTask.doExec (0x000074b193ab2208) [0x000074b193ab2300, 0x000074b193ab2dc0] Compiler: c1, Barriers: 0, Oops: 0, ImmediateOops: 0, NonImmediateOops: No
[3,695s][debug][gc,nmethod     ] Register NMethod: sun.security.provider.SHA2.implCompress (0x000074b193ab2e08) [0x000074b193ab2f00, 0x000074b193ab3310] Compiler: c1, Barriers: 0, Oops: 1, ImmediateOops: 1, NonImmediateOops: No
[3,696s][debug][gc,nmethod     ] Register NMethod: jdk.internal.misc.Unsafe.getIntUnaligned (0x000074b1b2caf488) [0x000074b1b2caf580, 0x000074b1b2caf618] Compiler: jvmci, Barriers: 0, Oops: 0, ImmediateOops: 0, NonImmediateOops: No
[3,696s][debug][gc,nmethod     ] Register NMethod: jdk.internal.foreign.AbstractMemorySegmentImpl.set (0x000074b193ab3388) [0x000074b193ab3480, 0x000074b193ab8a28] Compiler: c1, Barriers: 42, Oops: 6, ImmediateOops: 18, NonImmediateOops: No
[3,697s][debug][gc,nmethod     ] Register NMethod: java.lang.invoke.VarHandleSegmentAsLongs.set (0x000074b193ab8a88) [0x000074b193ab8b80, 0x000074b193abe150] Compiler: c1, Barriers: 24, Oops: 2, ImmediateOops: 7, NonImmediateOops: No
[3,697s][debug][gc,nmethod     ] Register NMethod: java.lang.invoke.VarHandleSegmentAsLongs.set (0x000074b193abe188) [0x000074b193abe280, 0x000074b193ac35d8] Compiler: c1, Barriers: 24, Oops: 2, ImmediateOops: 7, NonImmediateOops: No
[3,698s][debug][gc,nmethod     ] Register NMethod: java.nio.Buffer.flip (0x000074b193ac3608) [0x000074b193ac3700, 0x000074b193ac3818] Compiler: c1, Barriers: 0, Oops: 0, ImmediateOops: 0, NonImmediateOops: No
[3,698s][debug][gc,nmethod     ] Register NMethod: com.google.gson.stream.JsonWriter.writeDeferredName (0x000074b193ac3908) [0x000074b193ac3a00, 0x000074b193ac3c98] Compiler: c1, Barriers: 5, Oops: 1, ImmediateOops: 0, NonImmediateOops: No
[3,698s][debug][gc,nmethod     ] Register NMethod: com.google.gson.stream.JsonWriter.beforeValue (0x000074b193ac3d08) [0x000074b193ac3e00, 0x000074b193ac4cf0] Compiler: c1, Barriers: 5, Oops: 1, ImmediateOops: 3, NonImmediateOops: No
[3,698s][debug][gc,alloc       ] Mutator Allocation Rate: 103,1MB/s Predicted: 127,1MB/s, Avg: 91,0(+/-12,0)MB/s
[3,699s][debug][gc,nmethod     ] Register NMethod: java.util.concurrent.ConcurrentHashMap$ReservationNode.<init> (0x000074b193ac4d08) [0x000074b193ac4e00, 0x000074b193ac50c8] Compiler: c1, Barriers: 6, Oops: 0, ImmediateOops: 0, NonImmediateOops: No
[3,699s][debug][gc,director    ] Rule Major: Warmup 10%, Used: 144MB, UsedThreshold: 1228MB
[3,699s][debug][gc,nmethod     ] Register NMethod: sun.nio.fs.UnixPath.initOffsets (0x000074b193ac5108) [0x000074b193ac5200, 0x000074b193ac5be8] Compiler: c1, Barriers: 8, Oops: 0, ImmediateOops: 0, NonImmediateOops: No
[3,699s][debug][gc,nmethod     ] Register NMethod: com.github.benmanes.caffeine.cache.LocalManualCache.invalidate (0x000074b193ac5c08) [0x000074b193ac5d00, 0x000074b193ac60e8] Compiler: c1, Barriers: 1, Oops: 1, ImmediateOops: 0, NonImmediateOops: No
[3,699s][debug][gc,nmethod     ] Register NMethod: java.lang.invoke.Invokers$Holder.linkToTargetMethod (0x000074b193ac6108) [0x000074b193ac6200, 0x000074b193ac6720] Compiler: c1, Barriers: 0, Oops: 0, ImmediateOops: 0, NonImmediateOops: No
[3,700s][debug][gc,nmethod     ] Register NMethod: com.github.benmanes.caffeine.cache.BoundedLocalCache$$Lambda/0x0000000061286770.<init> (0x000074b193ac6788) [0x000074b193ac6880, 0x000074b193ac6d20] Compiler: c1, Barriers: 21, Oops: 1, ImmediateOops: 0, NonImmediateOops: No
[3,700s][debug][gc,nmethod     ] Register NMethod: java.lang.invoke.LambdaForm$DMH/0x000000006127c400.newInvokeSpecial (0x000074b193ac6d88) [0x000074b193ac6e80, 0x000074b193ac7790] Compiler: c1, Barriers: 2, Oops: 1, ImmediateOops: 1, NonImmediateOops: No
[3,700s][debug][gc,nmethod     ] Register NMethod: io.sirix.cache.BufferManagerImpl.getRecordPageCache (0x000074b1b2caf788) [0x000074b1b2caf880, 0x000074b1b2caf968] Compiler: c1, Barriers: 1, Oops: 1, ImmediateOops: 0, NonImmediateOops: No
[3,700s][debug][gc,nmethod     ] Register NMethod: io.sirix.cache.BufferManagerImpl.getPageCache (0x000074b1b2cafa88) [0x000074b1b2cafb80, 0x000074b1b2cafc68] Compiler: c1, Barriers: 1, Oops: 1, ImmediateOops: 0, NonImmediateOops: No
[3,700s][debug][gc,nmethod     ] Register NMethod: io.sirix.page.PageReference.hashCode (0x000074b193ac7808) [0x000074b193ac7900, 0x000074b193ac83d8] Compiler: c1, Barriers: 7, Oops: 1, ImmediateOops: 1, NonImmediateOops: No
[3,701s][debug][gc,nmethod     ] Register NMethod: com.github.benmanes.caffeine.cache.BoundedLocalCache.remove (0x000074b193ac8408) [0x000074b193ac8500, 0x000074b193ac95a0] Compiler: c1, Barriers: 8, Oops: 3, ImmediateOops: 4, NonImmediateOops: No
[3,701s][debug][gc,nmethod     ] Register NMethod: jdk.internal.foreign.layout.AbstractLayout.name (0x000074b1b2cafd88) [0x000074b1b2cafe80, 0x000074b1b2caff68] Compiler: c1, Barriers: 1, Oops: 0, ImmediateOops: 0, NonImmediateOops: No
[3,701s][debug][gc,nmethod     ] Register NMethod: java.nio.HeapByteBuffer.<init> (0x000074b193ac9608) [0x000074b193ac9700, 0x000074b193ac9900] Compiler: c1, Barriers: 0, Oops: 0, ImmediateOops: 0, NonImmediateOops: No
[3,702s][debug][gc,nmethod     ] Register NMethod: jdk.internal.misc.ScopedMemoryAccess.putShortUnalignedInternal (0x000074b193ac9908) [0x000074b193ac9a00, 0x000074b193aca188] Compiler: c1, Barriers: 2, Oops: 0, ImmediateOops: 3, NonImmediateOops: No
[3,702s][debug][gc,nmethod     ] Register NMethod: java.io.FilterOutputStream.<init> (0x000074b193aca208) [0x000074b193aca300, 0x000074b193aca658] Compiler: c1, Barriers: 6, Oops: 0, ImmediateOops: 0, NonImmediateOops: No
[3,702s][debug][gc,nmethod     ] Register NMethod: jdk.internal.misc.ScopedMemoryAccess.putShortUnaligned (0x000074b193aca688) [0x000074b193aca780, 0x000074b193acb608] Compiler: c1, Barriers: 3, Oops: 0, ImmediateOops: 3, NonImmediateOops: No
[3,702s][debug][gc,nmethod     ] Register NMethod: java.io.ByteArrayOutputStream.close (0x000074b193acb688) [0x000074b193acb780, 0x000074b193acb880] Compiler: c1, Barriers: 0, Oops: 0, ImmediateOops: 0, NonImmediateOops: No
[3,702s][debug][gc,nmethod     ] Register NMethod: com.google.common.base.Preconditions.checkPositionIndexes (0x000074b193acb988) [0x000074b193acba80, 0x000074b193acbce8] Compiler: c1, Barriers: 0, Oops: 1, ImmediateOops: 0, NonImmediateOops: No
[3,703s][debug][gc,nmethod     ] Register NMethod: io.sirix.page.interfaces.Page.clear (0x000074b193acbd08) [0x000074b193acbe00, 0x000074b193acbf00] Compiler: c1, Barriers: 0, Oops: 1, ImmediateOops: 0, NonImmediateOops: No
[3,703s][debug][gc,nmethod     ] Register NMethod: java.io.DataOutputStream.flush (0x000074b193acc008) [0x000074b193acc100, 0x000074b193acc440] Compiler: c1, Barriers: 1, Oops: 0, ImmediateOops: 0, NonImmediateOops: No
[3,703s][debug][gc,nmethod     ] Register NMethod: java.util.concurrent.ConcurrentHashMap$BaseIterator.<init> (0x000074b193acc488) [0x000074b193acc580, 0x000074b193acc928] Compiler: c1, Barriers: 3, Oops: 0, ImmediateOops: 0, NonImmediateOops: No
[3,703s][debug][gc,nmethod     ] Register NMethod: io.sirix.node.MemorySegmentBytesOut.writeLong (0x000074b193acc988) [0x000074b193acca80, 0x000074b193accc08] Compiler: c1, Barriers: 1, Oops: 1, ImmediateOops: 0, NonImmediateOops: No
[3,703s][debug][gc,nmethod     ] Register NMethod: sun.nio.ch.FileChannelImpl.ensureOpen (0x000074b193accc88) [0x000074b193accd80, 0x000074b193acd198] Compiler: c1, Barriers: 0, Oops: 0, ImmediateOops: 0, NonImmediateOops: No
[3,704s][debug][gc,nmethod     ] Register NMethod: sun.nio.ch.NativeThread.current (0x000074b193acd208) [0x000074b193acd300, 0x000074b193acd8e0] Compiler: c1, Barriers: 1, Oops: 0, ImmediateOops: 0, NonImmediateOops: No
[3,704s][debug][gc,nmethod     ] Register NMethod: sun.nio.ch.FileChannelImpl.beginBlocking (0x000074b193acd908) [0x000074b193acda00, 0x000074b193acdd28] Compiler: c1, Barriers: 0, Oops: 0, ImmediateOops: 0, NonImmediateOops: No
[3,704s][debug][gc,nmethod     ] Register NMethod: sun.nio.ch.NativeThread.isNativeThread (0x000074b193acdd88) [0x000074b193acde80, 0x000074b193acdfe8] Compiler: c1, Barriers: 0, Oops: 0, ImmediateOops: 0, NonImmediateOops: No
[3,705s][debug][gc,nmethod     ] Register NMethod: java.lang.Long.parallelSuffix (0x000074b193ace088) [0x000074b193ace180, 0x000074b193ace2b8] Compiler: c1, Barriers: 0, Oops: 0, ImmediateOops: 0, NonImmediateOops: No
[3,705s][debug][gc,nmethod     ] Register NMethod: sun.nio.ch.NativeThreadSet.add (0x000074b193ace388) [0x000074b193ace480, 0x000074b193acf390] Compiler: c1, Barriers: 9, Oops: 0, ImmediateOops: 0, NonImmediateOops: No
[3,705s][debug][gc,nmethod     ] Register NMethod: sun.nio.ch.NativeThreadSet.remove (0x000074b193acf408) [0x000074b193acf500, 0x000074b193acfba8] Compiler: c1, Barriers: 1, Oops: 0, ImmediateOops: 0, NonImmediateOops: No
[3,705s][debug][gc,nmethod     ] Register NMethod: io.sirix.node.MemorySegmentBytesOut.toByteArray (0x000074b193acfc08) [0x000074b193acfd00, 0x000074b193acfe78] Compiler: c1, Barriers: 1, Oops: 1, ImmediateOops: 0, NonImmediateOops: No
[3,706s][debug][gc,nmethod     ] Register NMethod: sun.nio.ch.FileChannelImpl.endBlocking (0x000074b193acff08) [0x000074b193ad0000, 0x000074b193ad0328] Compiler: c1, Barriers: 0, Oops: 0, ImmediateOops: 0, NonImmediateOops: No
[3,706s][debug][gc,nmethod     ] Register NMethod: io.sirix.node.GrowingMemorySegment.writeLong (0x000074b193ad0388) [0x000074b193ad0480, 0x000074b193ad42b0] Compiler: c1, Barriers: 5, Oops: 6, ImmediateOops: 11, NonImmediateOops: No
[3,707s][debug][gc,nmethod     ] Register NMethod: java.nio.Bits.tryReserveMemory (0x000074b193ad4308) [0x000074b193ad4400, 0x000074b193ad4df0] Compiler: c1, Barriers: 0, Oops: 0, ImmediateOops: 5, NonImmediateOops: No
[3,707s][debug][gc,nmethod     ] Register NMethod: java.io.ByteArrayInputStream.read (0x000074b193ad4e08) [0x000074b193ad4f00, 0x000074b193ad55e8] Compiler: c1, Barriers: 1, Oops: 0, ImmediateOops: 0, NonImmediateOops: No
[3,707s][debug][gc,nmethod     ] Register NMethod: io.sirix.node.GrowingMemorySegment.getUsedSegment (0x000074b193ad5608) [0x000074b193ad5700, 0x000074b193ad5d10] Compiler: c1, Barriers: 2, Oops: 1, ImmediateOops: 0, NonImmediateOops: No
[3,707s][debug][gc,nmethod     ] Register NMethod: java.nio.channels.spi.AbstractInterruptibleChannel.end (0x000074b193ad5d88) [0x000074b193ad5e80, 0x000074b193ad6b88] Compiler: c1, Barriers: 12, Oops: 0, ImmediateOops: 1, NonImmediateOops: No
[3,708s][debug][gc,nmethod     ] Register NMethod: org.gradle.internal.remote.internal.hub.MessageHub.access$300 (0x000074b1b2cb0088) [0x000074b1b2cb0180, 0x000074b1b2cb0250] Compiler: c1, Barriers: 1, Oops: 1, ImmediateOops: 0, NonImmediateOops: No
[3,709s][debug][gc,director    ] Rule Major: Warmup 10%, Used: 144MB, UsedThreshold: 1228MB
[3,709s][debug][gc,nmethod     ] Register NMethod: com.google.gson.stream.JsonReader.nextName (0x000074b193ad6c08) [0x000074b193ad6d00, 0x000074b193ad86b0] Compiler: c1, Barriers: 4, Oops: 2, ImmediateOops: 3, NonImmediateOops: No
[3,709s][debug][gc,nmethod     ] Register NMethod: java.nio.ByteBuffer.arrayOffset (0x000074b1b2cb0388) [0x000074b1b2cb0480, 0x000074b1b2cb0590] Compiler: jvmci, Barriers: 1, Oops: 0, ImmediateOops: 0, NonImmediateOops: No
[3,709s][debug][gc,nmethod     ] Register NMethod: com.google.common.collect.ForwardingObject.<init> (0x000074b193ad8708) [0x000074b193ad8800, 0x000074b193ad8958] Compiler: c1, Barriers: 0, Oops: 1, ImmediateOops: 0, NonImmediateOops: No
[3,709s][debug][gc,nmethod     ] Register NMethod: io.sirix.cache.TransactionIntentLog.get (0x000074b193ad8a08) [0x000074b193ad8b00, 0x000074b193ad92a0] Compiler: c1, Barriers: 1, Oops: 1, ImmediateOops: 0, NonImmediateOops: No
[3,710s][debug][gc,nmethod     ] Register NMethod: jdk.internal.misc.Unsafe.compareAndExchangeLong (0x000074b1b2cb0688) [0x000074b1b2cb0780, 0x000074b1b2cb08e8] Compiler: , Barriers: 0, Oops: 0, ImmediateOops: 0, NonImmediateOops: No
[3,710s][debug][gc,nmethod     ] Register NMethod: java.util.concurrent.ForkJoinTask.noUserHelp (0x000074b193ad9308) [0x000074b193ad9400, 0x000074b193ad9510] Compiler: c1, Barriers: 0, Oops: 0, ImmediateOops: 0, NonImmediateOops: No
[3,711s][debug][gc,nmethod     ] Register NMethod: io.sirix.node.GrowingMemorySegment.toByteArray (0x000074b193ad9608) [0x000074b193ad9700, 0x000074b193ae0218] Compiler: c1, Barriers: 7, Oops: 9, ImmediateOops: 16, NonImmediateOops: No
[3,711s][debug][gc,nmethod     ] Register NMethod: jdk.internal.misc.Unsafe.freeMemory0 (0x000074b1b2cb0988) [0x000074b1b2cb0a80, 0x000074b1b2cb0bc8] Compiler: , Barriers: 0, Oops: 0, ImmediateOops: 0, NonImmediateOops: No
[3,712s][debug][gc,nmethod     ] Register NMethod: java.nio.ByteBuffer.wrap (0x000074b193ae0288) [0x000074b193ae0380, 0x000074b193ae04a0] Compiler: c1, Barriers: 0, Oops: 0, ImmediateOops: 0, NonImmediateOops: No
[3,712s][debug][gc,nmethod     ] Register NMethod: java.util.stream.AbstractSpinedBuffer.count (0x000074b193ae0588) [0x000074b193ae0680, 0x000074b193ae0858] Compiler: c1, Barriers: 1, Oops: 0, ImmediateOops: 0, NonImmediateOops: No
[3,714s][debug][gc,nmethod     ] Register NMethod: io.sirix.access.trx.page.AbstractForwardingPageReadOnlyTrx.getResourceSession (0x000074b193ae0888) [0x000074b193ae0980, 0x000074b193ae0eb8] Compiler: c1, Barriers: 2, Oops: 1, ImmediateOops: 1, NonImmediateOops: No
[3,714s][debug][gc,nmethod     ] Register NMethod: io.sirix.page.KeyValueLeafPage.getAvailableSpace (0x000074b193ae0f08) [0x000074b193ae1000, 0x000074b193ae6ac0] Compiler: c1, Barriers: 19, Oops: 7, ImmediateOops: 12, NonImmediateOops: No
[3,715s][debug][gc,nmethod     ] Register NMethod: io.sirix.page.KeyValueLeafPage.processEntries (0x000074b193ae6b08) [0x000074b193ae6c00, 0x000074b193afb478] Compiler: c1, Barriers: 68, Oops: 5, ImmediateOops: 42, NonImmediateOops: No
[3,716s][debug][gc,nmethod     ] Register NMethod: java.nio.MappedByteBuffer.position (0x000074b193afb508) [0x000074b193afb600, 0x000074b193afb9c0] Compiler: c1, Barriers: 0, Oops: 0, ImmediateOops: 0, NonImmediateOops: No
[3,718s][debug][gc,nmethod     ] Register NMethod: java.io.OutputStreamWriter.append (0x000074b193afba08) [0x000074b193afbb00, 0x000074b193afcc88] Compiler: c1, Barriers: 3, Oops: 0, ImmediateOops: 1, NonImmediateOops: No
[3,718s][debug][gc,nmethod     ] Register NMethod: com.google.gson.stream.JsonWriter.name (0x000074b193afcd08) [0x000074b193afce00, 0x000074b193afd308] Compiler: c1, Barriers: 4, Oops: 2, ImmediateOops: 2, NonImmediateOops: No
[3,719s][debug][gc,director    ] Rule Major: Warmup 10%, Used: 146MB, UsedThreshold: 1228MB
[3,719s][debug][gc,nmethod     ] Register NMethod: it.unimi.dsi.fastutil.HashCommon.maxFill (0x000074b193afd388) [0x000074b193afd480, 0x000074b193afd6e0] Compiler: c1, Barriers: 0, Oops: 1, ImmediateOops: 0, NonImmediateOops: No
[3,719s][debug][gc,nmethod     ] Register NMethod: it.unimi.dsi.fastutil.HashCommon.nextPowerOfTwo (0x000074b193afd708) [0x000074b193afd800, 0x000074b193afda00] Compiler: c1, Barriers: 0, Oops: 1, ImmediateOops: 0, NonImmediateOops: No
[3,719s][debug][gc,nmethod     ] Register NMethod: jdk.internal.foreign.AbstractMemorySegmentImpl.isAlignedForElement (0x000074b1b2cb0c88) [0x000074b1b2cb0d80, 0x000074b1b2cb0f60] Compiler: jvmci, Barriers: 0, Oops: 0, ImmediateOops: 0, NonImmediateOops: No
[3,720s][debug][gc,nmethod     ] Register NMethod: it.unimi.dsi.fastutil.HashCommon.arraySize (0x000074b193afda88) [0x000074b193afdb80, 0x000074b193aff120] Compiler: c1, Barriers: 0, Oops: 4, ImmediateOops: 4, NonImmediateOops: No
[3,720s][debug][gc,nmethod     ] Register NMethod: io.sirix.node.NodeKind.getId (0x000074b1b2cb0f88) [0x000074b1b2cb1080, 0x000074b1b2cb1148] Compiler: c1, Barriers: 0, Oops: 1, ImmediateOops: 0, NonImmediateOops: No
[3,722s][debug][gc,nmethod     ] Register NMethod: java.nio.Buffer.session (0x000074b1b2cb1288) [0x000074b1b2cb1380, 0x000074b1b2cb14d8] Compiler: jvmci, Barriers: 2, Oops: 0, ImmediateOops: 0, NonImmediateOops: No
[3,724s][debug][gc,nmethod     ] Register NMethod: java.util.ArrayList$Itr.hasNext (0x000074b1b2cb1588) [0x000074b1b2cb1680, 0x000074b1b2cb1768] Compiler: jvmci, Barriers: 1, Oops: 0, ImmediateOops: 0, NonImmediateOops: No
[3,726s][debug][gc,nmethod     ] Register NMethod: io.sirix.node.GrowingMemorySegment.reset (0x000074b193aff188) [0x000074b193aff280, 0x000074b193aff388] Compiler: c1, Barriers: 0, Oops: 1, ImmediateOops: 0, NonImmediateOops: No
[3,726s][debug][gc,nmethod     ] Register NMethod: io.sirix.node.MemorySegmentBytesOut.clear (0x000074b193aff488) [0x000074b193aff580, 0x000074b193aff738] Compiler: c1, Barriers: 1, Oops: 1, ImmediateOops: 0, NonImmediateOops: No
[3,726s][debug][gc,nmethod     ] Register NMethod: java.util.concurrent.ConcurrentHashMap$ValuesView.iterator (0x000074b193aff788) [0x000074b193aff880, 0x000074b193affaf0] Compiler: c1, Barriers: 2, Oops: 0, ImmediateOops: 0, NonImmediateOops: No
[3,726s][debug][gc,nmethod     ] Register NMethod: java.util.concurrent.ConcurrentHashMap$ValueIterator.<init> (0x000074b193affb08) [0x000074b193affc00, 0x000074b193affd30] Compiler: c1, Barriers: 0, Oops: 0, ImmediateOops: 0, NonImmediateOops: No
[3,726s][debug][gc,nmethod     ] Register NMethod: org.gradle.internal.dispatch.MethodInvocation.getArguments (0x000074b1b2cb1888) [0x000074b1b2cb1980, 0x000074b1b2cb1a68] Compiler: c1, Barriers: 1, Oops: 1, ImmediateOops: 0, NonImmediateOops: No
[3,727s][debug][gc,nmethod     ] Register NMethod: com.github.benmanes.caffeine.cache.DisabledTicker.read (0x000074b1b2cb1b88) [0x000074b1b2cb1c80, 0x000074b1b2cb1d40] Compiler: c1, Barriers: 0, Oops: 1, ImmediateOops: 0, NonImmediateOops: No
[3,727s][debug][gc,nmethod     ] Register NMethod: org.gradle.internal.dispatch.MethodInvocation.getMethod (0x000074b1b2cb1e88) [0x000074b1b2cb1f80, 0x000074b1b2cb2068] Compiler: c1, Barriers: 1, Oops: 1, ImmediateOops: 0, NonImmediateOops: No
[3,727s][debug][gc,nmethod     ] Register NMethod: com.github.benmanes.caffeine.cache.BoundedLocalCache.pacer (0x000074b1b2cb2188) [0x000074b1b2cb2280, 0x000074b1b2cb2348] Compiler: c1, Barriers: 0, Oops: 1, ImmediateOops: 0, NonImmediateOops: No
[3,728s][debug][gc,nmethod     ] Register NMethod: com.github.benmanes.caffeine.cache.BoundedLocalCache.collectKeys (0x000074b1b2cb2488) [0x000074b1b2cb2580, 0x000074b1b2cb2640] Compiler: c1, Barriers: 0, Oops: 1, ImmediateOops: 0, NonImmediateOops: No
[3,728s][debug][gc,nmethod     ] Register NMethod: java.util.ArrayDeque.sub (0x000074b193affe08) [0x000074b193afff00, 0x000074b193b00010] Compiler: c1, Barriers: 0, Oops: 0, ImmediateOops: 0, NonImmediateOops: No
[3,728s][debug][gc,nmethod     ] Register NMethod: java.util.ArrayDeque.size (0x000074b193b00108) [0x000074b193b00200, 0x000074b193b003d0] Compiler: c1, Barriers: 1, Oops: 0, ImmediateOops: 0, NonImmediateOops: No
[3,728s][debug][gc,nmethod     ] Register NMethod: org.junit.jupiter.engine.extension.MutableExtensionRegistry$$Lambda/0x00000000611ae140.test (0x000074b193b00408) [0x000074b193b00500, 0x000074b193b00a40] Compiler: c1, Barriers: 1, Oops: 1, ImmediateOops: 0, NonImmediateOops: No
[3,729s][debug][gc,nmethod     ] Register NMethod: java.util.ArrayDeque.peekFirst (0x000074b193b00a88) [0x000074b193b00b80, 0x000074b193b00d70] Compiler: c1, Barriers: 2, Oops: 0, ImmediateOops: 0, NonImmediateOops: No
[3,729s][debug][gc,director    ] Rule Major: Warmup 10%, Used: 150MB, UsedThreshold: 1228MB
[3,729s][debug][gc,nmethod     ] Register NMethod: kotlin.jvm.internal.Intrinsics.checkNotNull (0x000074b193b00d88) [0x000074b193b00e80, 0x000074b193b01620] Compiler: c1, Barriers: 1, Oops: 2, ImmediateOops: 2, NonImmediateOops: No
[3,729s][debug][gc,nmethod     ] Register NMethod: java.lang.String.compareTo (0x000074b193b01688) [0x000074b193b01780, 0x000074b193b01fb0] Compiler: c1, Barriers: 2, Oops: 0, ImmediateOops: 0, NonImmediateOops: No
[3,730s][debug][gc,nmethod     ] Register NMethod: java.io.File.isDirectory (0x000074b193b02008) [0x000074b193b02100, 0x000074b193b024b0] Compiler: c1, Barriers: 0, Oops: 0, ImmediateOops: 1, NonImmediateOops: No
[3,730s][debug][gc,nmethod     ] Register NMethod: java.util.ArrayDeque.peek (0x000074b193b02508) [0x000074b193b02600, 0x000074b193b02860] Compiler: c1, Barriers: 2, Oops: 0, ImmediateOops: 0, NonImmediateOops: No
[3,731s][debug][gc,nmethod     ] Register NMethod: java.io.UnixFileSystem.getFileForSysCalls (0x000074b1b2cb2788) [0x000074b1b2cb2880, 0x000074b1b2cb2a00] Compiler: jvmci, Barriers: 2, Oops: 0, ImmediateOops: 0, NonImmediateOops: No
[3,732s][debug][gc,nmethod     ] Register NMethod: kotlin.io.FileTreeWalk$FileTreeWalkIterator$BottomUpDirectoryState.step (0x000074b193b02888) [0x000074b193b02980, 0x000074b193b05788] Compiler: c1, Barriers: 23, Oops: 2, ImmediateOops: 5, NonImmediateOops: No
[3,732s][debug][gc,nmethod     ] Register NMethod: java.util.stream.MatchOps$BooleanTerminalSink.getAndClearState (0x000074b1b2cb2a88) [0x000074b1b2cb2b80, 0x000074b1b2cb2c40] Compiler: c1, Barriers: 0, Oops: 0, ImmediateOops: 0, NonImmediateOops: No
[3,734s][debug][gc,nmethod     ] Register NMethod: java.util.Collections$UnmodifiableCollection.size (0x000074b193b05808) [0x000074b193b05900, 0x000074b193b05c40] Compiler: c1, Barriers: 1, Oops: 0, ImmediateOops: 0, NonImmediateOops: No
[3,734s][debug][gc,nmethod     ] Register NMethod: java.lang.Class.copyMethods (0x000074b193b05c88) [0x000074b193b05d80, 0x000074b193b067b8] Compiler: c1, Barriers: 9, Oops: 0, ImmediateOops: 4, NonImmediateOops: No
[3,735s][debug][gc,nmethod     ] Register NMethod: io.sirix.page.KeyValueLeafPage.processEntries (0x000074b193b06808) [0x000074b193b06900, 0x000074b193b1b1f0] Compiler: c1, Barriers: 72, Oops: 5, ImmediateOops: 42, NonImmediateOops: No
[3,736s][debug][gc,nmethod     ] Register NMethod: java.util.regex.Pattern$CharPropertyGreedy.match (0x000074b193b1b288) [0x000074b193b1b380, 0x000074b193b1c0d0] Compiler: c1, Barriers: 2, Oops: 0, ImmediateOops: 0, NonImmediateOops: No
[3,736s][debug][gc,nmethod     ] Register NMethod: java.lang.invoke.LambdaForm$Holder.constant_L (0x000074b1b2cb2d88) [0x000074b1b2cb2e80, 0x000074b1b2cb2fa0] Compiler: jvmci, Barriers: 1, Oops: 0, ImmediateOops: 0, NonImmediateOops: No
[3,736s][debug][gc,nmethod     ] Register NMethod: java.util.stream.ReduceOps$ReduceOp.evaluateSequential (0x000074b193b1c108) [0x000074b193b1c200, 0x000074b193b1cb38] Compiler: c1, Barriers: 0, Oops: 0, ImmediateOops: 0, NonImmediateOops: No
[3,736s][debug][gc,nmethod     ] Register NMethod: java.util.stream.Collectors.toList (0x000074b193b1cb88) [0x000074b193b1cc80, 0x000074b193b1d048] Compiler: c1, Barriers: 0, Oops: 5, ImmediateOops: 4, NonImmediateOops: No
[3,736s][debug][gc,nmethod     ] Register NMethod: java.util.stream.Collectors$$Lambda/0x000000006110f300.get (0x000074b193b1d088) [0x000074b193b1d180, 0x000074b193b1d4c8] Compiler: c1, Barriers: 3, Oops: 0, ImmediateOops: 1, NonImmediateOops: No
[3,737s][debug][gc,nmethod     ] Register NMethod: java.lang.StringLatin1.trim (0x000074b193b1d508) [0x000074b193b1d600, 0x000074b193b1d978] Compiler: c1, Barriers: 0, Oops: 0, ImmediateOops: 0, NonImmediateOops: No
[3,737s][debug][gc,nmethod     ] Register NMethod: java.util.stream.Sink.end (0x000074b1b2cb3088) [0x000074b1b2cb3180, 0x000074b1b2cb3200] Compiler: jvmci, Barriers: 0, Oops: 0, ImmediateOops: 0, NonImmediateOops: No
[3,737s][debug][gc,nmethod     ] Register NMethod: org.junit.platform.commons.util.StringUtils.isBlank (0x000074b193b1d988) [0x000074b193b1da80, 0x000074b193b1e478] Compiler: c1, Barriers: 3, Oops: 1, ImmediateOops: 0, NonImmediateOops: No
[3,737s][debug][gc,nmethod     ] Register NMethod: org.junit.platform.commons.util.StringUtils.isNotBlank (0x000074b193b1e488) [0x000074b193b1e580, 0x000074b193b1ec20] Compiler: c1, Barriers: 1, Oops: 1, ImmediateOops: 0, NonImmediateOops: No
[3,737s][debug][gc,nmethod     ] Register NMethod: org.junit.platform.commons.util.Preconditions.notBlank (0x000074b193b1ec88) [0x000074b193b1ed80, 0x000074b193b1f5e8] Compiler: c1, Barriers: 1, Oops: 1, ImmediateOops: 0, NonImmediateOops: No
[3,737s][debug][gc,nmethod     ] Register NMethod: java.nio.ByteBuffer.flip (0x000074b193b1f608) [0x000074b193b1f700, 0x000074b193b1f878] Compiler: c1, Barriers: 0, Oops: 0, ImmediateOops: 0, NonImmediateOops: No
[3,739s][debug][gc,director    ] Rule Major: Warmup 10%, Used: 150MB, UsedThreshold: 1228MB
[3,741s][debug][gc,nmethod     ] Register NMethod: java.lang.Class.getClassLoader0 (0x000074b1b2cb3388) [0x000074b1b2cb3480, 0x000074b1b2cb3568] Compiler: c1, Barriers: 1, Oops: 0, ImmediateOops: 0, NonImmediateOops: No
[3,742s][debug][gc,nmethod     ] Register NMethod: java.io.FileDescriptor.attach (0x000074b193b1f908) [0x000074b193b1fa00, 0x000074b193b209f0] Compiler: c1, Barriers: 16, Oops: 0, ImmediateOops: 1, NonImmediateOops: No
[3,743s][debug][gc,nmethod     ] Register NMethod: jdk.internal.misc.Unsafe.weakCompareAndSetReference (0x000074b193b20a08) [0x000074b193b20b00, 0x000074b193b20c80] Compiler: c1, Barriers: 5, Oops: 0, ImmediateOops: 0, NonImmediateOops: No
[3,743s][debug][gc,nmethod     ] Register NMethod: java.lang.foreign.Arena.ofAuto (0x000074b193b20d08) [0x000074b193b20e00, 0x000074b193b21908] Compiler: c1, Barriers: 6, Oops: 1, ImmediateOops: 1, NonImmediateOops: No
[3,743s][debug][gc,nmethod     ] Register NMethod: jdk.internal.foreign.MemorySessionImpl.createImplicit (0x000074b193b21988) [0x000074b193b21a80, 0x000074b193b22138] Compiler: c1, Barriers: 3, Oops: 0, ImmediateOops: 0, NonImmediateOops: No
[3,744s][debug][gc,nmethod     ] Register NMethod: io.sirix.node.GrowingMemorySegment.<init> (0x000074b193b22188) [0x000074b193b22280, 0x000074b193b22e50] Compiler: c1, Barriers: 6, Oops: 2, ImmediateOops: 1, NonImmediateOops: No
[3,745s][debug][gc,nmethod     ] Register NMethod: jdk.internal.foreign.SharedSession$SharedResourceList.add (0x000074b193b22e88) [0x000074b193b22f80, 0x000074b193b25a68] Compiler: c1, Barriers: 9, Oops: 7, ImmediateOops: 21, NonImmediateOops: No
[3,745s][debug][gc,nmethod     ] Register NMethod: java.nio.ByteBuffer.allocate (0x000074b193b25b08) [0x000074b193b25c00, 0x000074b193b25df8] Compiler: c1, Barriers: 0, Oops: 0, ImmediateOops: 0, NonImmediateOops: No
[3,746s][debug][gc,nmethod     ] Register NMethod: java.lang.invoke.VarHandleGuards.guard_L_L (0x000074b193b25e08) [0x000074b193b25f00, 0x000074b193b29398] Compiler: c1, Barriers: 29, Oops: 0, ImmediateOops: 2, NonImmediateOops: No
[3,746s][debug][gc,nmethod     ] Register NMethod: io.sirix.page.delegates.ReferencesPage4.getReferences (0x000074b1b2cb3688) [0x000074b1b2cb3780, 0x000074b1b2cb3868] Compiler: c1, Barriers: 1, Oops: 1, ImmediateOops: 0, NonImmediateOops: No
[3,747s][debug][gc,nmethod     ] Register NMethod: io.sirix.node.GrowingMemorySegment.setPosition (0x000074b1b2cb3988) [0x000074b1b2cb3a80, 0x000074b1b2cb3b40] Compiler: c1, Barriers: 0, Oops: 1, ImmediateOops: 0, NonImmediateOops: No
[3,747s][debug][gc,nmethod     ] Register NMethod: io.sirix.node.GrowingMemorySegment.writeShort (0x000074b193b29408) [0x000074b193b29500, 0x000074b193b2d330] Compiler: c1, Barriers: 5, Oops: 6, ImmediateOops: 11, NonImmediateOops: No
[3,748s][debug][gc,nmethod     ] Register NMethod: java.nio.Bits.reserveMemory (0x000074b193b2d388) [0x000074b193b2d480, 0x000074b193b303c0] Compiler: c1, Barriers: 4, Oops: 4, ImmediateOops: 13, NonImmediateOops: No
[3,748s][debug][gc,nmethod     ] Register NMethod: jdk.internal.classfile.impl.AbstractPoolEntry$ClassEntryImpl.hashCode (0x000074b1b2cb3c88) [0x000074b1b2cb3d80, 0x000074b1b2cb42d8] Compiler: jvmci, Barriers: 7, Oops: 0, ImmediateOops: 2, NonImmediateOops: No
[3,749s][debug][gc,director    ] Rule Major: Warmup 10%, Used: 154MB, UsedThreshold: 1228MB
[3,752s][debug][gc,nmethod     ] Register NMethod: java.io.FileDescriptor$1.getHandle (0x000074b193b30408) [0x000074b193b30500, 0x000074b193b30608] Compiler: c1, Barriers: 0, Oops: 0, ImmediateOops: 0, NonImmediateOops: No
[3,752s][debug][gc,nmethod     ] Register NMethod: java.io.FileCleanable.<init> (0x000074b193b30708) [0x000074b193b30800, 0x000074b193b30960] Compiler: c1, Barriers: 0, Oops: 0, ImmediateOops: 0, NonImmediateOops: No
[3,752s][debug][gc,nmethod     ] Register NMethod: java.io.FileDescriptor$1.get (0x000074b193b30a08) [0x000074b193b30b00, 0x000074b193b30c08] Compiler: c1, Barriers: 0, Oops: 0, ImmediateOops: 0, NonImmediateOops: No
[3,752s][debug][gc,nmethod     ] Register NMethod: io.sirix.access.DatabaseConfiguration$DatabasePaths.getFile (0x000074b1b2cb4308) [0x000074b1b2cb4400, 0x000074b1b2cb44e8] Compiler: c1, Barriers: 1, Oops: 1, ImmediateOops: 0, NonImmediateOops: No
[3,753s][debug][gc,nmethod     ] Register NMethod: java.io.FileDescriptor.registerCleanup (0x000074b193b30d08) [0x000074b193b30e00, 0x000074b193b31488] Compiler: c1, Barriers: 4, Oops: 1, ImmediateOops: 1, NonImmediateOops: No
[3,753s][debug][gc,nmethod     ] Register NMethod: java.io.FileCleanable.register (0x000074b193b31508) [0x000074b193b31600, 0x000074b193b32368] Compiler: c1, Barriers: 4, Oops: 2, ImmediateOops: 2, NonImmediateOops: No
[3,753s][debug][gc,nmethod     ] Register NMethod: jdk.internal.misc.Unsafe.putLongVolatile (0x000074b1b2cb4608) [0x000074b1b2cb4700, 0x000074b1b2cb4858] Compiler: , Barriers: 0, Oops: 0, ImmediateOops: 0, NonImmediateOops: No
[3,754s][debug][gc,nmethod     ] Register NMethod: sun.nio.fs.UnixPath.toString (0x000074b193b32388) [0x000074b193b32480, 0x000074b193b329f8] Compiler: c1, Barriers: 6, Oops: 0, ImmediateOops: 1, NonImmediateOops: No
[3,755s][debug][gc,nmethod     ] Register NMethod: io.sirix.node.xml.XmlDocumentRootNode.delegate (0x000074b1b2cb4908) [0x000074b1b2cb4a00, 0x000074b1b2cb4ae8] Compiler: c1, Barriers: 1, Oops: 1, ImmediateOops: 0, NonImmediateOops: No
[3,757s][debug][gc,nmethod     ] Register NMethod: io.sirix.node.MemorySegmentBytesOut.<init> (0x000074b193b32a08) [0x000074b193b32b00, 0x000074b193b33878] Compiler: c1, Barriers: 9, Oops: 2, ImmediateOops: 1, NonImmediateOops: No
[3,758s][debug][gc,nmethod     ] Register NMethod: java.lang.StringLatin1.inflate (0x000074b1b2cb4c08) [0x000074b1b2cb4d00, 0x000074b1b2cb4f78] Compiler: jvmci, Barriers: 0, Oops: 0, ImmediateOops: 0, NonImmediateOops: No
[3,759s][debug][gc,nmethod     ] Register NMethod: java.lang.Long.hashCode (0x000074b1b2cb4f88) [0x000074b1b2cb5080, 0x000074b1b2cb50f0] Compiler: jvmci, Barriers: 0, Oops: 0, ImmediateOops: 0, NonImmediateOops: No
[3,759s][debug][gc,nmethod     ] Register NMethod: java.util.BitSet.toByteArray (0x000074b193b33908) [0x000074b193b33a00, 0x000074b193b34680] Compiler: c1, Barriers: 3, Oops: 0, ImmediateOops: 1, NonImmediateOops: No
[3,760s][debug][gc,director    ] Rule Major: Warmup 10%, Used: 154MB, UsedThreshold: 1228MB
[3,760s][debug][gc,nmethod     ] Register NMethod: java.io.DataOutputStream.incCount (0x000074b193b34688) [0x000074b193b34780, 0x000074b193b348b8] Compiler: c1, Barriers: 0, Oops: 0, ImmediateOops: 0, NonImmediateOops: No
[3,760s][debug][gc,nmethod     ] Register NMethod: io.sirix.io.bytepipe.ByteHandlerPipeline.serialize (0x000074b193b34988) [0x000074b193b34a80, 0x000074b193b356a0] Compiler: c1, Barriers: 1, Oops: 1, ImmediateOops: 0, NonImmediateOops: No
[3,760s][debug][gc,nmethod     ] Register NMethod: io.sirix.page.KeyValueLeafPage.addReferences (0x000074b193b35708) [0x000074b193b35800, 0x000074b193b36888] Compiler: c1, Barriers: 5, Oops: 1, ImmediateOops: 0, NonImmediateOops: No
[3,761s][debug][gc,nmethod     ] Register NMethod: java.io.ByteArrayOutputStream.<init> (0x000074b193b36908) [0x000074b193b36a00, 0x000074b193b378c8] Compiler: c1, Barriers: 3, Oops: 1, ImmediateOops: 2, NonImmediateOops: No
[3,761s][debug][gc,nmethod     ] Register NMethod: java.io.ByteArrayOutputStream.toByteArray (0x000074b193b37908) [0x000074b193b37a00, 0x000074b193b37cc8] Compiler: c1, Barriers: 1, Oops: 0, ImmediateOops: 0, NonImmediateOops: No
[3,761s][debug][gc,nmethod     ] Register NMethod: java.io.DataOutputStream.write (0x000074b193b37d08) [0x000074b193b37e00, 0x000074b193b38330] Compiler: c1, Barriers: 1, Oops: 0, ImmediateOops: 0, NonImmediateOops: No
[3,761s][debug][gc,nmethod     ] Register NMethod: java.io.DataOutputStream.<init> (0x000074b193b38388) [0x000074b193b38480, 0x000074b193b389b8] Compiler: c1, Barriers: 12, Oops: 0, ImmediateOops: 0, NonImmediateOops: No
[3,762s][debug][gc,nmethod     ] Register NMethod: java.io.FilterOutputStream.write (0x000074b193b38a08) [0x000074b193b38b00, 0x000074b193b38e10] Compiler: c1, Barriers: 0, Oops: 0, ImmediateOops: 0, NonImmediateOops: No
[3,762s][debug][gc,nmethod     ] Register NMethod: com.google.common.hash.MessageDigestHashFunction$MessageDigestHasher.checkNotDone (0x000074b193b38e88) [0x000074b193b38f80, 0x000074b193b39308] Compiler: c1, Barriers: 0, Oops: 2, ImmediateOops: 2, NonImmediateOops: No
[3,762s][debug][gc,nmethod     ] Register NMethod: java.io.FilterOutputStream.close (0x000074b193b39388) [0x000074b193b39480, 0x000074b193b3a468] Compiler: c1, Barriers: 4, Oops: 0, ImmediateOops: 0, NonImmediateOops: No
[3,762s][debug][gc,nmethod     ] Register NMethod: com.google.common.base.Preconditions.checkState (0x000074b193b3a488) [0x000074b193b3a580, 0x000074b193b3aa18] Compiler: c1, Barriers: 0, Oops: 1, ImmediateOops: 1, NonImmediateOops: No
[3,763s][debug][gc,nmethod     ] Register NMethod: com.google.common.hash.AbstractHashFunction.hashBytes (0x000074b193b3aa88) [0x000074b193b3ab80, 0x000074b193b3ba80] Compiler: c1, Barriers: 1, Oops: 2, ImmediateOops: 3, NonImmediateOops: No
[3,763s][debug][gc,nmethod     ] Register NMethod: com.google.common.base.Preconditions.checkArgument (0x000074b193b3bb08) [0x000074b193b3bc00, 0x000074b193b3c3b8] Compiler: c1, Barriers: 4, Oops: 1, ImmediateOops: 1, NonImmediateOops: No
[3,763s][debug][gc,nmethod     ] Register NMethod: com.google.common.hash.AbstractHashFunction.hashBytes (0x000074b193b3c408) [0x000074b193b3c500, 0x000074b193b3d210] Compiler: c1, Barriers: 1, Oops: 2, ImmediateOops: 3, NonImmediateOops: No
[3,763s][debug][gc,nmethod     ] Register NMethod: com.google.common.hash.AbstractByteHasher.putBytes (0x000074b193b3d288) [0x000074b193b3d380, 0x000074b193b3daa0] Compiler: c1, Barriers: 1, Oops: 2, ImmediateOops: 2, NonImmediateOops: No
[3,763s][debug][gc,nmethod     ] Register NMethod: net.jpountz.lz4.LZ4BlockOutputStream.writeIntLE (0x000074b1b2cb5288) [0x000074b1b2cb5380, 0x000074b1b2cb5498] Compiler: jvmci, Barriers: 0, Oops: 1, ImmediateOops: 0, NonImmediateOops: No
[3,764s][debug][gc,nmethod     ] Register NMethod: com.google.common.hash.AbstractHashFunction.newHasher (0x000074b193b3db08) [0x000074b193b3dc00, 0x000074b193b3ddd8] Compiler: c1, Barriers: 0, Oops: 1, ImmediateOops: 1, NonImmediateOops: No
[3,764s][debug][gc,nmethod     ] Register NMethod: com.google.common.hash.MessageDigestHashFunction$MessageDigestHasher.update (0x000074b193b3de08) [0x000074b193b3df00, 0x000074b193b3e558] Compiler: c1, Barriers: 1, Oops: 2, ImmediateOops: 2, NonImmediateOops: No
[3,764s][debug][gc,nmethod     ] Register NMethod: java.security.MessageDigest.update (0x000074b193b3e588) [0x000074b193b3e680, 0x000074b193b3edc0] Compiler: c1, Barriers: 1, Oops: 0, ImmediateOops: 2, NonImmediateOops: No
[3,764s][debug][gc,nmethod     ] Register NMethod: com.google.common.hash.HashCode$BytesHashCode.asBytes (0x000074b193b3ee08) [0x000074b193b3ef00, 0x000074b193b3f100] Compiler: c1, Barriers: 1, Oops: 1, ImmediateOops: 0, NonImmediateOops: No
[3,765s][debug][gc,nmethod     ] Register NMethod: com.google.common.hash.MessageDigestHashFunction$MessageDigestHasher.hash (0x000074b193b3f188) [0x000074b193b3f280, 0x000074b193b41d80] Compiler: c1, Barriers: 13, Oops: 2, ImmediateOops: 2, NonImmediateOops: No
[3,765s][debug][gc,nmethod     ] Register NMethod: com.google.common.hash.MessageDigestHashFunction.newHasher (0x000074b193b41e08) [0x000074b193b41f00, 0x000074b193b433b0] Compiler: c1, Barriers: 15, Oops: 1, ImmediateOops: 2, NonImmediateOops: No
[3,769s][debug][gc,nmethod     ] Register NMethod: io.sirix.index.IndexType.getID (0x000074b1b2cb5588) [0x000074b1b2cb5680, 0x000074b1b2cb5748] Compiler: c1, Barriers: 0, Oops: 1, ImmediateOops: 0, NonImmediateOops: No
[3,770s][debug][gc,nmethod     ] Register NMethod: java.util.stream.Node.getChildCount (0x000074b1b2cb5888) [0x000074b1b2cb5980, 0x000074b1b2cb5a40] Compiler: c1, Barriers: 0, Oops: 0, ImmediateOops: 0, NonImmediateOops: No
[3,770s][debug][gc,director    ] Rule Major: Warmup 10%, Used: 156MB, UsedThreshold: 1228MB
[3,770s][debug][gc,nmethod     ] Register NMethod: io.sirix.node.Utils.putVarLong (0x000074b193b43408) [0x000074b193b43500, 0x000074b193b43650] Compiler: c1, Barriers: 0, Oops: 1, ImmediateOops: 0, NonImmediateOops: No
[3,770s][debug][gc,nmethod     ] Register NMethod: io.sirix.node.MemorySegmentBytesOut.writeStopBit (0x000074b193b43708) [0x000074b193b43800, 0x000074b193b43ba0] Compiler: c1, Barriers: 2, Oops: 1, ImmediateOops: 0, NonImmediateOops: No
[3,771s][debug][gc,nmethod     ] Register NMethod: net.jpountz.xxhash.StreamingXXHash32JNI.getValue (0x000074b193b43c08) [0x000074b193b43d00, 0x000074b193b440f8] Compiler: c1, Barriers: 0, Oops: 1, ImmediateOops: 1, NonImmediateOops: No
[3,771s][debug][gc,nmethod     ] Rebuilding NMethod Table: 4096->8192 entries, 2868(70%->35%) registered, 0(0%->0%) unregistered
[3,771s][debug][gc,nmethod     ] Register NMethod: java.lang.ref.Finalizer.<init> (0x000074b193b44108) [0x000074b193b44200, 0x000074b193b44928] Compiler: c1, Barriers: 17, Oops: 1, ImmediateOops: 7, NonImmediateOops: No
[3,771s][debug][gc,nmethod     ] Register NMethod: net.jpountz.xxhash.XXHashFactory.newStreamingHash32 (0x000074b193b44988) [0x000074b193b44a80, 0x000074b193b44e30] Compiler: c1, Barriers: 1, Oops: 1, ImmediateOops: 0, NonImmediateOops: No
[3,772s][debug][gc,nmethod     ] Register NMethod: net.jpountz.lz4.LZ4Factory.nativeInstance (0x000074b193b44e88) [0x000074b193b44f80, 0x000074b193b454f0] Compiler: c1, Barriers: 5, Oops: 2, ImmediateOops: 5, NonImmediateOops: No
[3,772s][debug][gc,nmethod     ] Register NMethod: net.jpountz.xxhash.XXHashFactory.nativeInstance (0x000074b193b45508) [0x000074b193b45600, 0x000074b193b45b70] Compiler: c1, Barriers: 5, Oops: 2, ImmediateOops: 5, NonImmediateOops: No
[3,772s][debug][gc,nmethod     ] Register NMethod: java.lang.ref.Finalizer.register (0x000074b193b45b88) [0x000074b193b45c80, 0x000074b193b45e20] Compiler: c1, Barriers: 0, Oops: 0, ImmediateOops: 0, NonImmediateOops: No
[3,772s][debug][gc,nmethod     ] Register NMethod: net.jpountz.xxhash.StreamingXXHash32JNI.update (0x000074b193b45e88) [0x000074b193b45f80, 0x000074b193b46388] Compiler: c1, Barriers: 0, Oops: 1, ImmediateOops: 1, NonImmediateOops: No
[3,772s][debug][gc,nmethod     ] Register NMethod: net.jpountz.xxhash.StreamingXXHash32$1.reset (0x000074b193b46408) [0x000074b193b46500, 0x000074b193b46a10] Compiler: c1, Barriers: 1, Oops: 1, ImmediateOops: 1, NonImmediateOops: No
[3,772s][debug][gc,nmethod     ] Register NMethod: org.magicwerk.brownies.collections.IList$Iter.hasNext (0x000074b193b46a88) [0x000074b193b46b80, 0x000074b193b46f90] Compiler: c1, Barriers: 1, Oops: 1, ImmediateOops: 0, NonImmediateOops: No
[3,772s][debug][gc,nmethod     ] Register NMethod: net.jpountz.xxhash.StreamingXXHash32$1.getValue (0x000074b193b47008) [0x000074b193b47100, 0x000074b193b475f0] Compiler: c1, Barriers: 1, Oops: 1, ImmediateOops: 1, NonImmediateOops: No
[3,773s][debug][gc,nmethod     ] Register NMethod: net.jpountz.xxhash.StreamingXXHash32JNI.reset (0x000074b193b47608) [0x000074b193b47700, 0x000074b193b47b40] Compiler: c1, Barriers: 0, Oops: 1, ImmediateOops: 1, NonImmediateOops: No
[3,773s][debug][gc,nmethod     ] Register NMethod: net.jpountz.xxhash.StreamingXXHash32.asChecksum (0x000074b193b47b88) [0x000074b193b47c80, 0x000074b193b47f08] Compiler: c1, Barriers: 3, Oops: 1, ImmediateOops: 0, NonImmediateOops: No
[3,773s][debug][gc,nmethod     ] Register NMethod: net.jpountz.xxhash.StreamingXXHash32$1.<init> (0x000074b193b47f88) [0x000074b193b48080, 0x000074b193b48258] Compiler: c1, Barriers: 3, Oops: 1, ImmediateOops: 0, NonImmediateOops: No
[3,773s][debug][gc,nmethod     ] Register NMethod: net.jpountz.xxhash.StreamingXXHash32$1.update (0x000074b193b48288) [0x000074b193b48380, 0x000074b193b48508] Compiler: c1, Barriers: 1, Oops: 1, ImmediateOops: 0, NonImmediateOops: No
[3,773s][debug][gc,nmethod     ] Register NMethod: net.jpountz.xxhash.XXHashFactory.fastestInstance (0x000074b193b48588) [0x000074b193b48680, 0x000074b193b4b128] Compiler: c1, Barriers: 35, Oops: 5, ImmediateOops: 38, NonImmediateOops: No
[3,773s][debug][gc,nmethod     ] Register NMethod: sun.nio.ch.NativeDispatcher.needsPositionLock (0x000074b1b2cb5b88) [0x000074b1b2cb5c80, 0x000074b1b2cb5d40] Compiler: c1, Barriers: 0, Oops: 0, ImmediateOops: 0, NonImmediateOops: No
[3,773s][debug][gc,nmethod     ] Register NMethod: net.jpountz.lz4.LZ4Factory.fastestInstance (0x000074b193b4b188) [0x000074b193b4b280, 0x000074b193b4dd28] Compiler: c1, Barriers: 35, Oops: 5, ImmediateOops: 38, NonImmediateOops: No
[3,774s][debug][gc,nmethod     ] Register NMethod: java.nio.channels.spi.AbstractInterruptibleChannel.begin (0x000074b193b4dd88) [0x000074b193b4de80, 0x000074b193b4ecb8] Compiler: c1, Barriers: 10, Oops: 0, ImmediateOops: 1, NonImmediateOops: No
[3,774s][debug][gc,nmethod     ] Register NMethod: io.sirix.node.MemorySegmentBytesIn.toByteArray (0x000074b193b4ed08) [0x000074b193b4ee00, 0x000074b193b55c50] Compiler: c1, Barriers: 7, Oops: 9, ImmediateOops: 16, NonImmediateOops: No
[3,776s][debug][gc,nmethod     ] Register NMethod: java.nio.file.Files.exists (0x000074b193b55d08) [0x000074b193b55e00, 0x000074b193b565c8] Compiler: c1, Barriers: 2, Oops: 0, ImmediateOops: 0, NonImmediateOops: No
[3,776s][debug][gc,nmethod     ] Register NMethod: sun.nio.fs.UnixFileSystemProvider.exists (0x000074b193b56608) [0x000074b193b56700, 0x000074b193b56f50] Compiler: c1, Barriers: 0, Oops: 0, ImmediateOops: 0, NonImmediateOops: No
[3,776s][debug][gc,nmethod     ] Register NMethod: sun.nio.fs.UnixNativeDispatcher.access (0x000074b193b56f88) [0x000074b193b57080, 0x000074b193b576d0] Compiler: c1, Barriers: 0, Oops: 0, ImmediateOops: 0, NonImmediateOops: No
[3,776s][debug][gc,nmethod     ] Register NMethod: com.google.gson.stream.JsonWriter.beforeName (0x000074b193b57708) [0x000074b193b57800, 0x000074b193b57f60] Compiler: c1, Barriers: 3, Oops: 1, ImmediateOops: 2, NonImmediateOops: No
[3,777s][debug][gc,nmethod     ] Register NMethod: com.github.benmanes.caffeine.cache.Caffeine.ceilingPowerOfTwo (0x000074b193b57f88) [0x000074b193b58080, 0x000074b193b581a0] Compiler: c1, Barriers: 0, Oops: 1, ImmediateOops: 0, NonImmediateOops: No
[3,777s][debug][gc,nmethod     ] Register NMethod: com.github.benmanes.caffeine.cache.Caffeine.getMaximum (0x000074b193b58288) [0x000074b193b58380, 0x000074b193b58780] Compiler: c1, Barriers: 1, Oops: 1, ImmediateOops: 0, NonImmediateOops: No
[3,777s][debug][gc,nmethod     ] Register NMethod: io.sirix.utils.OS.isWindows (0x000074b193b58808) [0x000074b193b58900, 0x000074b193b589e8] Compiler: c1, Barriers: 0, Oops: 1, ImmediateOops: 0, NonImmediateOops: No
[3,778s][debug][gc,nmethod     ] Register NMethod: io.sirix.cache.LinuxMemorySegmentAllocator.getInstance (0x000074b193b58b08) [0x000074b193b58c00, 0x000074b193b58ce8] Compiler: c1, Barriers: 0, Oops: 1, ImmediateOops: 1, NonImmediateOops: No
[3,778s][debug][gc,nmethod     ] Register NMethod: java.lang.Short.valueOf (0x000074b193b58e08) [0x000074b193b58f00, 0x000074b193b59218] Compiler: c1, Barriers: 1, Oops: 0, ImmediateOops: 1, NonImmediateOops: No
[3,778s][debug][gc,nmethod     ] Register NMethod: io.sirix.page.RevisionRootPage.getNamePageReference (0x000074b193b59288) [0x000074b193b59380, 0x000074b193b598f0] Compiler: c1, Barriers: 1, Oops: 1, ImmediateOops: 0, NonImmediateOops: No
[3,778s][debug][gc,nmethod     ] Register NMethod: io.sirix.api.PageReadOnlyTrx.recordPageOffset (0x000074b193b59908) [0x000074b193b59a00, 0x000074b193b59af8] Compiler: c1, Barriers: 0, Oops: 1, ImmediateOops: 0, NonImmediateOops: No
[3,779s][debug][gc,nmethod     ] Register NMethod: java.util.stream.ReferencePipeline$StatefulOp.<init> (0x000074b193b59c08) [0x000074b193b59d00, 0x000074b193b59eb8] Compiler: c1, Barriers: 0, Oops: 0, ImmediateOops: 0, NonImmediateOops: No
[3,779s][debug][gc,nmethod     ] Register NMethod: java.security.MessageDigestSpi.<init> (0x000074b193b59f08) [0x000074b193b5a000, 0x000074b193b5a158] Compiler: c1, Barriers: 0, Oops: 0, ImmediateOops: 0, NonImmediateOops: No
[3,779s][debug][gc,nmethod     ] Register NMethod: java.util.stream.SortedOps$OfRef.opWrapSink (0x000074b193b5a208) [0x000074b193b5a300, 0x000074b193b5b810] Compiler: c1, Barriers: 14, Oops: 2, ImmediateOops: 2, NonImmediateOops: No
[3,780s][debug][gc,nmethod     ] Register NMethod: sun.security.provider.DigestBase.engineDigest (0x000074b193b5b888) [0x000074b193b5b980, 0x000074b193b5bdc8] Compiler: c1, Barriers: 0, Oops: 0, ImmediateOops: 1, NonImmediateOops: No
[3,780s][debug][gc,nmethod     ] Register NMethod: java.security.MessageDigest$Delegate.<init> (0x000074b193b5be08) [0x000074b193b5bf00, 0x000074b193b5c280] Compiler: c1, Barriers: 9, Oops: 0, ImmediateOops: 0, NonImmediateOops: No
[3,780s][debug][gc,director    ] Rule Major: Warmup 10%, Used: 160MB, UsedThreshold: 1228MB
[3,780s][debug][gc,nmethod     ] Register NMethod: sun.security.provider.ByteArrayAccess.i2bBig (0x000074b193b5c288) [0x000074b193b5c380, 0x000074b193b5cfe0] Compiler: c1, Barriers: 0, Oops: 5, ImmediateOops: 5, NonImmediateOops: No
[3,780s][debug][gc,nmethod     ] Register NMethod: java.security.MessageDigest.<init> (0x000074b193b5d088) [0x000074b193b5d180, 0x000074b193b5d430] Compiler: c1, Barriers: 6, Oops: 0, ImmediateOops: 0, NonImmediateOops: No
[3,780s][debug][gc,nmethod     ] Register NMethod: sun.security.provider.DigestBase.engineDigest (0x000074b193b5d488) [0x000074b193b5d580, 0x000074b193b5f220] Compiler: c1, Barriers: 2, Oops: 3, ImmediateOops: 5, NonImmediateOops: No
[3,780s][debug][gc,nmethod     ] Register NMethod: io.sirix.io.AbstractReader.getByteHandler (0x000074b1b2cb5e88) [0x000074b1b2cb5f80, 0x000074b1b2cb6068] Compiler: c1, Barriers: 1, Oops: 1, ImmediateOops: 0, NonImmediateOops: No
[3,780s][debug][gc,nmethod     ] Register NMethod: org.magicwerk.brownies.collections.IList$Iter.next (0x000074b193b5f288) [0x000074b193b5f380, 0x000074b193b5fb78] Compiler: c1, Barriers: 2, Oops: 1, ImmediateOops: 0, NonImmediateOops: No
[3,780s][debug][gc,nmethod     ] Register NMethod: java.security.MessageDigest$Delegate$CloneableDelegate.<init> (0x000074b193b5fb88) [0x000074b193b5fc80, 0x000074b193b60068] Compiler: c1, Barriers: 9, Oops: 0, ImmediateOops: 0, NonImmediateOops: No
[3,781s][debug][gc,nmethod     ] Register NMethod: java.util.concurrent.ConcurrentLinkedDeque$Node.<init> (0x000074b193b60088) [0x000074b193b60180, 0x000074b193b602d8] Compiler: c1, Barriers: 0, Oops: 0, ImmediateOops: 0, NonImmediateOops: No
[3,782s][debug][gc,nmethod     ] Register NMethod: jdk.internal.foreign.GlobalSession.acquire0 (0x000074b193b60388) [0x000074b193b60480, 0x000074b193b60580] Compiler: c1, Barriers: 0, Oops: 0, ImmediateOops: 0, NonImmediateOops: No
[3,782s][debug][gc,nmethod     ] Register NMethod: jdk.internal.foreign.GlobalSession.release0 (0x000074b193b60688) [0x000074b193b60780, 0x000074b193b60880] Compiler: c1, Barriers: 0, Oops: 0, ImmediateOops: 0, NonImmediateOops: No
[3,782s][debug][gc,nmethod     ] Register NMethod: jdk.internal.foreign.abi.SharedUtils.checkNative (0x000074b193b60988) [0x000074b193b60a80, 0x000074b193b61e20] Compiler: c1, Barriers: 0, Oops: 1, ImmediateOops: 3, NonImmediateOops: No
[3,783s][debug][gc,nmethod     ] Register NMethod: jdk.internal.misc.VM.isModuleSystemInited (0x000074b193b61e88) [0x000074b193b61f80, 0x000074b193b620c0] Compiler: c1, Barriers: 0, Oops: 0, ImmediateOops: 1, NonImmediateOops: No
[3,783s][debug][gc,nmethod     ] Register NMethod: java.lang.invoke.Invokers.checkGenericType (0x000074b193b62188) [0x000074b193b62280, 0x000074b193b626c8] Compiler: c1, Barriers: 1, Oops: 0, ImmediateOops: 0, NonImmediateOops: No
[3,783s][debug][gc,nmethod     ] Register NMethod: sun.nio.fs.UnixNativeDispatcher.mkdir0 (0x000074b1b2cb6188) [0x000074b1b2cb6280, 0x000074b1b2cb63d0] Compiler: , Barriers: 0, Oops: 0, ImmediateOops: 1, NonImmediateOops: No
[3,783s][debug][gc,nmethod     ] Register NMethod: jdk.internal.misc.ScopedMemoryAccess.getByte (0x000074b1b2cb6488) [0x000074b1b2cb6580, 0x000074b1b2cb6708] Compiler: jvmci, Barriers: 2, Oops: 0, ImmediateOops: 0, NonImmediateOops: No
[3,784s][debug][gc,nmethod     ] Register NMethod: io.sirix.node.AbstractForwardingNode.<init> (0x000074b193b62708) [0x000074b193b62800, 0x000074b193b629b8] Compiler: c1, Barriers: 0, Oops: 1, ImmediateOops: 0, NonImmediateOops: No
[3,784s][debug][gc,nmethod     ] Register NMethod: it.unimi.dsi.fastutil.shorts.ShortListIterator.next (0x000074b193b62a08) [0x000074b193b62b00, 0x000074b193b62fa8] Compiler: c1, Barriers: 0, Oops: 1, ImmediateOops: 0, NonImmediateOops: No
[3,784s][debug][gc,nmethod     ] Register NMethod: it.unimi.dsi.fastutil.shorts.ShortListIterator.next (0x000074b193b63008) [0x000074b193b63100, 0x000074b193b63368] Compiler: c1, Barriers: 0, Oops: 1, ImmediateOops: 0, NonImmediateOops: No
[3,784s][debug][gc,nmethod     ] Register NMethod: it.unimi.dsi.fastutil.shorts.ShortIterator.next (0x000074b193b63388) [0x000074b193b63480, 0x000074b193b63618] Compiler: c1, Barriers: 0, Oops: 1, ImmediateOops: 0, NonImmediateOops: No
[3,785s][debug][gc,nmethod     ] Register NMethod: io.sirix.cache.SegmentAllocators.getIndexForSize (0x000074b193b63688) [0x000074b193b63780, 0x000074b193b63cb8] Compiler: c1, Barriers: 0, Oops: 1, ImmediateOops: 2, NonImmediateOops: No
[3,785s][debug][gc,nmethod     ] Register NMethod: io.sirix.node.AbstractForwardingNode.getNodeKey (0x000074b193b63d08) [0x000074b193b63e00, 0x000074b193b64130] Compiler: c1, Barriers: 0, Oops: 1, ImmediateOops: 0, NonImmediateOops: No
[3,785s][debug][gc,nmethod     ] Register NMethod: it.unimi.dsi.fastutil.shorts.ShortArrayList$1.nextShort (0x000074b193b64188) [0x000074b193b64280, 0x000074b193b645d8] Compiler: c1, Barriers: 2, Oops: 1, ImmediateOops: 0, NonImmediateOops: No
[3,785s][debug][gc,nmethod     ] Register NMethod: io.sirix.node.delegates.StructNodeDelegate.getDescendantCount (0x000074b1b2cb6788) [0x000074b1b2cb6880, 0x000074b1b2cb6940] Compiler: c1, Barriers: 0, Oops: 1, ImmediateOops: 0, NonImmediateOops: No
[3,786s][debug][gc,nmethod     ] Register NMethod: jdk.internal.misc.ScopedMemoryAccess.getLongUnalignedInternal (0x000074b193b64608) [0x000074b193b64700, 0x000074b193b64e78] Compiler: c1, Barriers: 2, Oops: 0, ImmediateOops: 3, NonImmediateOops: No
[3,786s][debug][gc,nmethod     ] Register NMethod: java.util.Arrays.sort (0x000074b193b64e88) [0x000074b193b64f80, 0x000074b193b651b0] Compiler: c1, Barriers: 0, Oops: 0, ImmediateOops: 0, NonImmediateOops: No
[3,786s][debug][gc,nmethod     ] Register NMethod: jdk.internal.misc.Unsafe.getLongUnaligned (0x000074b193b65208) [0x000074b193b65300, 0x000074b193b654e0] Compiler: c1, Barriers: 0, Oops: 0, ImmediateOops: 0, NonImmediateOops: No
[3,786s][debug][gc,nmethod     ] Register NMethod: net.jpountz.lz4.LZ4Compressor.maxCompressedLength (0x000074b193b65508) [0x000074b193b65600, 0x000074b193b65730] Compiler: c1, Barriers: 0, Oops: 1, ImmediateOops: 0, NonImmediateOops: No
[3,786s][debug][gc,nmethod     ] Register NMethod: sun.security.provider.DigestBase.clone (0x000074b193b65808) [0x000074b193b65900, 0x000074b193b65e40] Compiler: c1, Barriers: 7, Oops: 0, ImmediateOops: 0, NonImmediateOops: No
[3,786s][debug][gc,nmethod     ] Register NMethod: jdk.internal.misc.ScopedMemoryAccess.getLongUnaligned (0x000074b193b65e88) [0x000074b193b65f80, 0x000074b193b66de8] Compiler: c1, Barriers: 3, Oops: 0, ImmediateOops: 3, NonImmediateOops: No
[3,786s][debug][gc,nmethod     ] Register NMethod: sun.security.provider.SHA2$SHA256.clone (0x000074b193b66e08) [0x000074b193b66f00, 0x000074b193b67910] Compiler: c1, Barriers: 14, Oops: 0, ImmediateOops: 0, NonImmediateOops: No
[3,787s][debug][gc,nmethod     ] Register NMethod: net.jpountz.lz4.LZ4BlockOutputStream.close (0x000074b193b67988) [0x000074b193b67a80, 0x000074b193b67ef8] Compiler: c1, Barriers: 4, Oops: 1, ImmediateOops: 0, NonImmediateOops: No
[3,787s][debug][gc,nmethod     ] Register NMethod: sun.security.provider.SHA2.clone (0x000074b193b67f08) [0x000074b193b68000, 0x000074b193b689a8] Compiler: c1, Barriers: 14, Oops: 0, ImmediateOops: 0, NonImmediateOops: No
[3,787s][debug][gc,nmethod     ] Register NMethod: sun.security.provider.SHA2.implDigest (0x000074b193b68a08) [0x000074b193b68b00, 0x000074b193b6ac98] Compiler: c1, Barriers: 4, Oops: 5, ImmediateOops: 12, NonImmediateOops: No
[3,788s][debug][gc,nmethod     ] Register NMethod: net.jpountz.lz4.LZ4BlockOutputStream.<init> (0x000074b193b6ad08) [0x000074b193b6ae00, 0x000074b193b6b808] Compiler: c1, Barriers: 18, Oops: 1, ImmediateOops: 1, NonImmediateOops: No
[3,788s][debug][gc,nmethod     ] Register NMethod: java.util.BitSet.set (0x000074b1b2cb6a88) [0x000074b1b2cb6b80, 0x000074b1b2cb6d20] Compiler: jvmci, Barriers: 1, Oops: 0, ImmediateOops: 0, NonImmediateOops: No
[3,788s][debug][gc,nmethod     ] Register NMethod: net.jpountz.lz4.LZ4JNICompressor.compress (0x000074b193b6b888) [0x000074b193b6b980, 0x000074b193b6c5c0] Compiler: c1, Barriers: 0, Oops: 1, ImmediateOops: 3, NonImmediateOops: No
[3,788s][debug][gc,nmethod     ] Register NMethod: net.jpountz.lz4.LZ4BlockOutputStream.compressionLevel (0x000074b193b6c608) [0x000074b193b6c700, 0x000074b193b6e438] Compiler: c1, Barriers: 0, Oops: 3, ImmediateOops: 4, NonImmediateOops: No
[3,788s][debug][gc,nmethod     ] Register NMethod: net.jpountz.lz4.LZ4BlockOutputStream.<init> (0x000074b193b6e488) [0x000074b193b6e580, 0x000074b193b71918] Compiler: c1, Barriers: 39, Oops: 5, ImmediateOops: 38, NonImmediateOops: No
[3,788s][debug][gc,nmethod     ] Register NMethod: sun.nio.ch.IOStatus.normalize (0x000074b193b71988) [0x000074b193b71a80, 0x000074b193b71bc0] Compiler: c1, Barriers: 0, Oops: 0, ImmediateOops: 0, NonImmediateOops: No
[3,788s][debug][gc,nmethod     ] Register NMethod: sun.nio.ch.UnixFileDispatcherImpl.size (0x000074b193b71c88) [0x000074b193b71d80, 0x000074b193b71eb0] Compiler: c1, Barriers: 0, Oops: 0, ImmediateOops: 0, NonImmediateOops: No
[3,789s][debug][gc,nmethod     ] Register NMethod: net.jpountz.lz4.LZ4BlockOutputStream.write (0x000074b193b71f88) [0x000074b193b72080, 0x000074b193b72b28] Compiler: c1, Barriers: 2, Oops: 1, ImmediateOops: 2, NonImmediateOops: No
[3,789s][debug][gc,nmethod     ] Register NMethod: jdk.internal.util.Preconditions.checkFromIndexSize (0x000074b1b2cb6d88) [0x000074b1b2cb6e80, 0x000074b1b2cb6f30] Compiler: jvmci, Barriers: 0, Oops: 0, ImmediateOops: 0, NonImmediateOops: No
[3,789s][debug][gc,nmethod     ] Register NMethod: io.sirix.page.PageKind.getKind (0x000074b193b72b88) [0x000074b193b72c80, 0x000074b193b73508] Compiler: c1, Barriers: 1, Oops: 2, ImmediateOops: 1, NonImmediateOops: No
[3,789s][debug][gc,nmethod     ] Register NMethod: java.lang.invoke.MethodHandle.maybeCustomize (0x000074b1937bd588) [0x000074b1937bd680, 0x000074b1937bdd18] Compiler: c1, Barriers: 2, Oops: 0, ImmediateOops: 0, NonImmediateOops: No
[3,789s][debug][gc,nmethod     ] Register NMethod: io.sirix.page.PagePersister.serializePage (0x000074b193b73588) [0x000074b193b73680, 0x000074b193b743b0] Compiler: c1, Barriers: 1, Oops: 2, ImmediateOops: 1, NonImmediateOops: No
[3,789s][debug][gc,nmethod     ] Register NMethod: net.jpountz.lz4.LZ4Compressor.compress (0x000074b193b74408) [0x000074b193b74500, 0x000074b193b74808] Compiler: c1, Barriers: 0, Oops: 1, ImmediateOops: 0, NonImmediateOops: No
[3,789s][debug][gc,nmethod     ] Register NMethod: sun.nio.ch.FileChannelImpl.size (0x000074b193b74888) [0x000074b193b74980, 0x000074b193b76738] Compiler: c1, Barriers: 6, Oops: 0, ImmediateOops: 1, NonImmediateOops: No
[3,790s][debug][gc,nmethod     ] Register NMethod: io.sirix.io.bytepipe.LZ4Compressor.serialize (0x000074b193b76788) [0x000074b193b76880, 0x000074b193b76d38] Compiler: c1, Barriers: 1, Oops: 1, ImmediateOops: 0, NonImmediateOops: No
[3,790s][debug][gc,nmethod     ] Register NMethod: net.jpountz.lz4.LZ4BlockOutputStream.finish (0x000074b193b76d88) [0x000074b193b76e80, 0x000074b193b77788] Compiler: c1, Barriers: 6, Oops: 1, ImmediateOops: 1, NonImmediateOops: No
[3,790s][debug][gc,nmethod     ] Register NMethod: net.jpountz.lz4.LZ4BlockOutputStream.flushBufferedData (0x000074b193b77808) [0x000074b193b77900, 0x000074b193b789a0] Compiler: c1, Barriers: 14, Oops: 1, ImmediateOops: 0, NonImmediateOops: No
[3,790s][debug][gc,director    ] Rule Major: Warmup 10%, Used: 164MB, UsedThreshold: 1228MB
[3,790s][debug][gc,nmethod     ] Register NMethod: io.sirix.page.KeyValueLeafPage.getHashCode (0x000074b1b2cb7088) [0x000074b1b2cb7180, 0x000074b1b2cb7270] Compiler: c1, Barriers: 1, Oops: 1, ImmediateOops: 0, NonImmediateOops: No
[3,790s][debug][gc,nmethod     ] Register NMethod: jdk.internal.foreign.Utils.isAligned (0x000074b193b78a08) [0x000074b193b78b00, 0x000074b193b78c40] Compiler: c1, Barriers: 0, Oops: 0, ImmediateOops: 0, NonImmediateOops: No
[3,791s][debug][gc,nmethod     ] Register NMethod: io.sirix.page.KeyValueLeafPage.close (0x000074b193b78d08) [0x000074b193b78e00, 0x000074b193b79728] Compiler: c1, Barriers: 18, Oops: 3, ImmediateOops: 2, NonImmediateOops: No
[3,791s][debug][gc,nmethod     ] Register NMethod: net.jpountz.lz4.LZ4BlockOutputStream.<init> (0x000074b193b79788) [0x000074b193b79880, 0x000074b193b7c5c0] Compiler: c1, Barriers: 36, Oops: 5, ImmediateOops: 38, NonImmediateOops: No
[3,791s][debug][gc,nmethod     ] Register NMethod: io.sirix.page.NamePage.delegate (0x000074b1b2cb7388) [0x000074b1b2cb7480, 0x000074b1b2cb7568] Compiler: c1, Barriers: 1, Oops: 1, ImmediateOops: 0, NonImmediateOops: No
[3,792s][debug][gc,nmethod     ] Register NMethod: jdk.internal.classfile.impl.Util.methodTypeSymbol (0x000074b1b2cb7688) [0x000074b1b2cb7780, 0x000074b1b2cb78e8] Compiler: jvmci, Barriers: 1, Oops: 0, ImmediateOops: 0, NonImmediateOops: No
[3,792s][debug][gc,nmethod     ] Register NMethod: io.sirix.page.PageKind$1.serializePage (0x000074b1b2cb7988) [0x000074b1b2cb7a80, 0x000074b1b2cba2e0] Compiler: jvmci, Barriers: 46, Oops: 9, ImmediateOops: 5, NonImmediateOops: No
[3,792s][debug][gc,nmethod     ] Register NMethod: net.jpountz.lz4.LZ4BlockOutputStream.<init> (0x000074b193b7c608) [0x000074b193b7c700, 0x000074b193b7f490] Compiler: c1, Barriers: 36, Oops: 5, ImmediateOops: 38, NonImmediateOops: No
[3,793s][debug][gc,nmethod     ] Register NMethod: java.nio.file.Path.resolve (0x000074b193b7f508) [0x000074b193b7f600, 0x000074b193b7fb50] Compiler: c1, Barriers: 1, Oops: 0, ImmediateOops: 0, NonImmediateOops: No
[3,793s][debug][gc,nmethod     ] Register NMethod: io.sirix.page.PageReference.<init> (0x000074b193b7fb88) [0x000074b193b7fc80, 0x000074b193b800b0] Compiler: c1, Barriers: 6, Oops: 1, ImmediateOops: 1, NonImmediateOops: No
[3,793s][debug][gc,nmethod     ] Register NMethod: jdk.internal.foreign.AbstractMemorySegmentImpl.checkArraySize (0x000074b193b80108) [0x000074b193b80200, 0x000074b193b83000] Compiler: c1, Barriers: 27, Oops: 2, ImmediateOops: 5, NonImmediateOops: No
[3,793s][debug][gc,nmethod     ] Register NMethod: io.sirix.access.trx.page.NodePageReadOnlyTrx.getPage (0x000074b193b83088) [0x000074b193b83180, 0x000074b193b83520] Compiler: c1, Barriers: 3, Oops: 1, ImmediateOops: 0, NonImmediateOops: No
[3,793s][debug][gc,nmethod     ] Register NMethod: jdk.internal.misc.Unsafe.putIntVolatile (0x000074b1b2cba388) [0x000074b1b2cba480, 0x000074b1b2cba5d8] Compiler: , Barriers: 0, Oops: 0, ImmediateOops: 0, NonImmediateOops: No
[3,794s][debug][gc,nmethod     ] Register NMethod: jdk.internal.foreign.SegmentFactories$1.cleanup (0x000074b193b83588) [0x000074b193b83680, 0x000074b193b83c40] Compiler: c1, Barriers: 0, Oops: 1, ImmediateOops: 4, NonImmediateOops: No
[3,794s][debug][gc,nmethod     ] Register NMethod: java.util.concurrent.ForkJoinPool$WorkQueue.push (0x000074b193b83c88) [0x000074b193b83d80, 0x000074b193b84a28] Compiler: c1, Barriers: 9, Oops: 0, ImmediateOops: 1, NonImmediateOops: No
[3,794s][debug][gc,nmethod     ] Register NMethod: io.sirix.access.trx.page.NodePageReadOnlyTrx.loadPage (0x000074b193b84a88) [0x000074b193b84b80, 0x000074b193b86818] Compiler: c1, Barriers: 9, Oops: 1, ImmediateOops: 0, NonImmediateOops: No
[3,795s][debug][gc,nmethod     ] Register NMethod: io.sirix.io.filechannel.FileChannelWriter.writePageReference (0x000074b193b86888) [0x000074b193b86980, 0x000074b193b8fb30] Compiler: c1, Barriers: 52, Oops: 5, ImmediateOops: 14, NonImmediateOops: No
[3,795s][debug][gc,nmethod     ] Register NMethod: jdk.internal.foreign.layout.ValueLayouts$AbstractValueLayout.<init> (0x000074b193b8fb88) [0x000074b193b8fc80, 0x000074b193b901e8] Compiler: c1, Barriers: 9, Oops: 0, ImmediateOops: 0, NonImmediateOops: No
[3,795s][debug][gc,nmethod     ] Register NMethod: jdk.internal.foreign.Utils.isPowerOfTwo (0x000074b193b90208) [0x000074b193b90300, 0x000074b193b90440] Compiler: c1, Barriers: 0, Oops: 0, ImmediateOops: 0, NonImmediateOops: No
[3,795s][debug][gc,nmethod     ] Register NMethod: jdk.internal.foreign.layout.ValueLayouts$AbstractValueLayout.assertCarrierSize (0x000074b193b90508) [0x000074b193b90600, 0x000074b193b90710] Compiler: c1, Barriers: 0, Oops: 0, ImmediateOops: 0, NonImmediateOops: No
[3,795s][debug][gc,nmethod     ] Register NMethod: java.util.concurrent.ForkJoinPool$WorkQueue.nextLocalTask (0x000074b193b90808) [0x000074b193b90900, 0x000074b193b91958] Compiler: c1, Barriers: 9, Oops: 1, ImmediateOops: 1, NonImmediateOops: No
[3,796s][debug][gc,nmethod     ] Register NMethod: jdk.internal.foreign.layout.MemoryLayoutUtil.requireByteSizeValid (0x000074b193b91988) [0x000074b193b91a80, 0x000074b193b927e8] Compiler: c1, Barriers: 0, Oops: 1, ImmediateOops: 2, NonImmediateOops: No
[3,796s][debug][gc,nmethod     ] Register NMethod: jdk.internal.foreign.layout.AbstractLayout.requirePowerOfTwoAndGreaterOrEqualToOne (0x000074b193b92808) [0x000074b193b92900, 0x000074b193b93680] Compiler: c1, Barriers: 0, Oops: 1, ImmediateOops: 2, NonImmediateOops: No
[3,797s][debug][gc,nmethod     ] Register NMethod: java.util.concurrent.ConcurrentLinkedDeque.first (0x000074b193b93708) [0x000074b193b93800, 0x000074b193b93e00] Compiler: c1, Barriers: 4, Oops: 1, ImmediateOops: 1, NonImmediateOops: No
[3,798s][debug][gc,nmethod     ] Register NMethod: java.util.concurrent.ConcurrentLinkedDeque.pollFirst (0x000074b193b93e88) [0x000074b193b93f80, 0x000074b193b95998] Compiler: c1, Barriers: 9, Oops: 6, ImmediateOops: 9, NonImmediateOops: No
[3,798s][debug][gc,nmethod     ] Register NMethod: io.sirix.access.DatabaseConfiguration.getDatabaseFile (0x000074b1b2cba688) [0x000074b1b2cba780, 0x000074b1b2cba868] Compiler: c1, Barriers: 1, Oops: 1, ImmediateOops: 0, NonImmediateOops: No
[3,798s][debug][gc,nmethod     ] Register NMethod: sun.nio.fs.Util.followLinks (0x000074b193a66d08) [0x000074b193a66e00, 0x000074b193a67250] Compiler: c1, Barriers: 2, Oops: 0, ImmediateOops: 3, NonImmediateOops: No
[3,799s][debug][gc,nmethod     ] Register NMethod: java.lang.invoke.MethodHandle.linkToVirtual (0x000074b1b2cba988) [0x000074b1b2cbaa80, 0x000074b1b2cbaaa8] Compiler: , Barriers: 0, Oops: 0, ImmediateOops: 0, NonImmediateOops: No
[3,800s][debug][gc,director    ] Rule Major: Warmup 10%, Used: 170MB, UsedThreshold: 1228MB
[3,802s][debug][gc,nmethod     ] Register NMethod: java.lang.invoke.MethodHandleImpl.makeConstantReturning (0x000074b193b95a08) [0x000074b193b95b00, 0x000074b193b98220] Compiler: c1, Barriers: 1, Oops: 0, ImmediateOops: 2, NonImmediateOops: No
[3,803s][debug][gc,nmethod     ] Register NMethod: java.util.ArrayDeque$$Lambda/0x00000000611136e8.<init> (0x000074b193b98288) [0x000074b193b98380, 0x000074b193b98550] Compiler: c1, Barriers: 3, Oops: 0, ImmediateOops: 0, NonImmediateOops: No
[3,803s][debug][gc,nmethod     ] Register NMethod: java.util.ArrayDeque.copyElements (0x000074b193b98588) [0x000074b193b98680, 0x000074b193b98e50] Compiler: c1, Barriers: 3, Oops: 1, ImmediateOops: 2, NonImmediateOops: No
[3,803s][debug][gc,nmethod     ] Register NMethod: java.util.concurrent.locks.AbstractQueuedLongSynchronizer.getState (0x000074b1b2cbac88) [0x000074b1b2cbad80, 0x000074b1b2cbae48] Compiler: c1, Barriers: 0, Oops: 0, ImmediateOops: 0, NonImmediateOops: No
[3,803s][debug][gc,nmethod     ] Register NMethod: java.io.UnixFileSystem.delete0 (0x000074b1b2cbaf88) [0x000074b1b2cbb080, 0x000074b1b2cbb1f0] Compiler: , Barriers: 0, Oops: 0, ImmediateOops: 0, NonImmediateOops: No
[3,804s][debug][gc,nmethod     ] Register NMethod: sun.nio.fs.UnixNativeDispatcher.open0 (0x000074b1b2cbb288) [0x000074b1b2cbb380, 0x000074b1b2cbb4e0] Compiler: , Barriers: 0, Oops: 0, ImmediateOops: 1, NonImmediateOops: No
[3,804s][debug][gc,nmethod     ] Register NMethod: java.util.concurrent.locks.ReentrantReadWriteLock.readLock (0x000074b1b2cbb588) [0x000074b1b2cbb680, 0x000074b1b2cbb768] Compiler: c1, Barriers: 1, Oops: 0, ImmediateOops: 0, NonImmediateOops: No
[3,804s][debug][gc,nmethod     ] Register NMethod: com.github.benmanes.caffeine.cache.Ticker.disabledTicker (0x000074b193b98e88) [0x000074b193b98f80, 0x000074b193b99068] Compiler: c1, Barriers: 0, Oops: 1, ImmediateOops: 1, NonImmediateOops: No
[3,804s][debug][gc,nmethod     ] Register NMethod: java.util.ArrayDeque.<init> (0x000074b193b99188) [0x000074b193b99280, 0x000074b193b995d0] Compiler: c1, Barriers: 3, Oops: 0, ImmediateOops: 0, NonImmediateOops: No
[3,805s][debug][gc,nmethod     ] Register NMethod: java.util.ArrayDeque.iterator (0x000074b193b99608) [0x000074b193b99700, 0x000074b193b998a0] Compiler: c1, Barriers: 0, Oops: 0, ImmediateOops: 0, NonImmediateOops: No
[3,805s][debug][gc,nmethod     ] Register NMethod: java.util.ArrayDeque$DeqIterator.hasNext (0x000074b193b99908) [0x000074b193b99a00, 0x000074b193b99b50] Compiler: c1, Barriers: 0, Oops: 0, ImmediateOops: 0, NonImmediateOops: No
[3,805s][debug][gc,nmethod     ] Register NMethod: java.util.concurrent.ConcurrentHashMap$ValuesView.forEach (0x000074b193b99c08) [0x000074b193b99d00, 0x000074b193b9a518] Compiler: c1, Barriers: 3, Oops: 0, ImmediateOops: 0, NonImmediateOops: No
[3,805s][debug][gc,nmethod     ] Register NMethod: java.util.concurrent.ConcurrentHashMap.size (0x000074b193b9a588) [0x000074b193b9a680, 0x000074b193b9aa50] Compiler: c1, Barriers: 0, Oops: 0, ImmediateOops: 0, NonImmediateOops: No
[3,805s][debug][gc,nmethod     ] Register NMethod: com.github.benmanes.caffeine.cache.LocalManualCache.invalidateAll (0x000074b193b9aa88) [0x000074b193b9ab80, 0x000074b193b9af68] Compiler: c1, Barriers: 1, Oops: 1, ImmediateOops: 0, NonImmediateOops: No
[3,805s][debug][gc,nmethod     ] Register NMethod: com.github.benmanes.caffeine.cache.StripedBuffer.drainTo (0x000074b193b9af88) [0x000074b193b9b080, 0x000074b193b9b568] Compiler: c1, Barriers: 2, Oops: 1, ImmediateOops: 0, NonImmediateOops: No
[3,805s][debug][gc,nmethod     ] Register NMethod: java.util.ArrayDeque$DeqIterator.<init> (0x000074b193b9b588) [0x000074b193b9b680, 0x000074b193b9baf0] Compiler: c1, Barriers: 4, Oops: 0, ImmediateOops: 0, NonImmediateOops: No
[3,805s][debug][gc,nmethod     ] Register NMethod: com.github.benmanes.caffeine.cache.BaseMpscLinkedArrayQueue.modifiedCalcElementOffset (0x000074b193b9bb08) [0x000074b193b9bc00, 0x000074b193b9bcf0] Compiler: c1, Barriers: 0, Oops: 1, ImmediateOops: 0, NonImmediateOops: No
[3,806s][debug][gc,nmethod     ] Register NMethod: com.github.benmanes.caffeine.cache.BaseMpscLinkedArrayQueue.lvElement (0x000074b193b9be08) [0x000074b193b9bf00, 0x000074b193b9d0c8] Compiler: c1, Barriers: 1, Oops: 8, ImmediateOops: 9, NonImmediateOops: No
[3,807s][debug][gc,nmethod     ] Register NMethod: java.lang.invoke.VarHandleReferences$Array.getVolatile (0x000074b193b9d188) [0x000074b193b9d280, 0x000074b193b9dde8] Compiler: c1, Barriers: 2, Oops: 2, ImmediateOops: 1, NonImmediateOops: No
[3,807s][debug][gc,nmethod     ] Register NMethod: com.github.benmanes.caffeine.cache.BoundedLocalCache.clear (0x000074b193b9de08) [0x000074b193b9df00, 0x000074b193ba2848] Compiler: c1, Barriers: 15, Oops: 4, ImmediateOops: 5, NonImmediateOops: No
[3,807s][debug][gc,nmethod     ] Register NMethod: com.github.benmanes.caffeine.cache.BaseMpscLinkedArrayQueue.poll (0x000074b193ba2888) [0x000074b193ba2980, 0x000074b193ba6be8] Compiler: c1, Barriers: 3, Oops: 15, ImmediateOops: 31, NonImmediateOops: No
[3,808s][debug][gc,nmethod     ] Register NMethod: java.lang.invoke.VarHandleGuards.guard_LI_L (0x000074b193ba6c88) [0x000074b193ba6d80, 0x000074b193baa230] Compiler: c1, Barriers: 29, Oops: 0, ImmediateOops: 2, NonImmediateOops: No
[3,808s][debug][gc,nmethod     ] Register NMethod: com.github.benmanes.caffeine.cache.BaseMpscLinkedArrayQueue.lvProducerIndex (0x000074b193baa288) [0x000074b193baa380, 0x000074b193bab088] Compiler: c1, Barriers: 0, Oops: 6, ImmediateOops: 5, NonImmediateOops: No
[3,808s][debug][gc,nmethod     ] Register NMethod: com.github.benmanes.caffeine.cache.BoundedLocalCache.expirationTicker (0x000074b193bab108) [0x000074b193bab200, 0x000074b193bab360] Compiler: c1, Barriers: 0, Oops: 1, ImmediateOops: 1, NonImmediateOops: No
[3,808s][debug][gc,nmethod     ] Register NMethod: java.util.ArrayList.forEach (0x000074b193bab408) [0x000074b193bab500, 0x000074b193babc00] Compiler: c1, Barriers: 2, Oops: 0, ImmediateOops: 0, NonImmediateOops: No
[3,808s][debug][gc,nmethod     ] Register NMethod: java.lang.invoke.VarHandleLongs$FieldInstanceReadOnly.getVolatile (0x000074b193babc08) [0x000074b193babd00, 0x000074b193bac6f8] Compiler: c1, Barriers: 1, Oops: 1, ImmediateOops: 0, NonImmediateOops: No
[3,808s][debug][gc,nmethod     ] Register NMethod: java.util.concurrent.ConcurrentHashMap$CollectionView.size (0x000074b193bac708) [0x000074b193bac800, 0x000074b193bac988] Compiler: c1, Barriers: 1, Oops: 0, ImmediateOops: 0, NonImmediateOops: No
[3,809s][debug][gc,nmethod     ] Register NMethod: java.lang.invoke.MethodHandle.invokeBasic (0x000074b1b2cbb888) [0x000074b1b2cbb980, 0x000074b1b2cbbc18] Compiler: , Barriers: 0, Oops: 0, ImmediateOops: 0, NonImmediateOops: No
[3,809s][debug][gc,nmethod     ] Register NMethod: java.util.stream.Streams$ConcatSpliterator.characteristics (0x000074b193baca08) [0x000074b193bacb00, 0x000074b193bad378] Compiler: c1, Barriers: 3, Oops: 0, ImmediateOops: 0, NonImmediateOops: No
[3,809s][debug][gc,nmethod     ] Register NMethod: java.util.ArrayDeque.<init> (0x000074b193bad388) [0x000074b193bad480, 0x000074b193bae178] Compiler: c1, Barriers: 6, Oops: 1, ImmediateOops: 2, NonImmediateOops: No
[3,809s][debug][gc,nmethod     ] Register NMethod: java.util.stream.StreamSpliterators$AbstractWrappingSpliterator.estimateSize (0x000074b193bae188) [0x000074b193bae280, 0x000074b193baf260] Compiler: c1, Barriers: 11, Oops: 0, ImmediateOops: 0, NonImmediateOops: No
[3,809s][debug][gc,nmethod     ] Register NMethod: java.util.stream.SortedOps.makeRef (0x000074b193baf288) [0x000074b193baf380, 0x000074b193baf510] Compiler: c1, Barriers: 0, Oops: 0, ImmediateOops: 0, NonImmediateOops: No
[3,809s][debug][gc,nmethod     ] Register NMethod: java.util.stream.ReferencePipeline.sorted (0x000074b193baf588) [0x000074b193baf680, 0x000074b193baf888] Compiler: c1, Barriers: 0, Oops: 0, ImmediateOops: 0, NonImmediateOops: No
[3,810s][debug][gc,nmethod     ] Register NMethod: kotlin.jvm.internal.Intrinsics.areEqual (0x000074b193baf908) [0x000074b193bafa00, 0x000074b193bafd78] Compiler: c1, Barriers: 0, Oops: 1, ImmediateOops: 0, NonImmediateOops: No
[3,810s][debug][gc,nmethod     ] Register NMethod: java.util.stream.SortedOps$OfRef.<init> (0x000074b193bafd88) [0x000074b193bafe80, 0x000074b193bb0490] Compiler: c1, Barriers: 3, Oops: 1, ImmediateOops: 0, NonImmediateOops: No
[3,810s][debug][gc,nmethod     ] Register NMethod: java.util.stream.Sink.cancellationRequested (0x000074b1b2cbbc88) [0x000074b1b2cbbd80, 0x000074b1b2cbbe40] Compiler: c1, Barriers: 0, Oops: 0, ImmediateOops: 0, NonImmediateOops: No
[3,810s][debug][gc,nmethod     ] Register NMethod: java.util.stream.StreamSpliterators$AbstractWrappingSpliterator.getExactSizeIfKnown (0x000074b193bb0508) [0x000074b193bb0600, 0x000074b193bb1148] Compiler: c1, Barriers: 10, Oops: 0, ImmediateOops: 0, NonImmediateOops: No
[3,810s][debug][gc,nmethod     ] Register NMethod: java.lang.invoke.VarHandleGuards.guard_L_J (0x000074b193bb1188) [0x000074b193bb1280, 0x000074b193bb4140] Compiler: c1, Barriers: 28, Oops: 0, ImmediateOops: 2, NonImmediateOops: No
[3,810s][debug][gc,director    ] Rule Major: Warmup 10%, Used: 170MB, UsedThreshold: 1228MB
[3,811s][debug][gc,nmethod     ] Register NMethod: java.util.Collections$UnmodifiableCollection$1.<init> (0x000074b193bb4188) [0x000074b193bb4280, 0x000074b193bb4860] Compiler: c1, Barriers: 7, Oops: 0, ImmediateOops: 0, NonImmediateOops: No
[3,811s][debug][gc,nmethod     ] Register NMethod: java.util.Collections$UnmodifiableCollection.iterator (0x000074b193bb4888) [0x000074b193bb4980, 0x000074b193bb4f30] Compiler: c1, Barriers: 7, Oops: 0, ImmediateOops: 0, NonImmediateOops: No
[3,811s][debug][gc,nmethod     ] Register NMethod: java.util.ArrayDeque.removeFirst (0x000074b193bb4f88) [0x000074b193bb5080, 0x000074b193bb52c8] Compiler: c1, Barriers: 0, Oops: 0, ImmediateOops: 0, NonImmediateOops: No
[3,812s][debug][gc,nmethod     ] Register NMethod: java.util.stream.AbstractPipeline.spliterator (0x000074b193bb5308) [0x000074b193bb5400, 0x000074b193bb6488] Compiler: c1, Barriers: 13, Oops: 1, ImmediateOops: 4, NonImmediateOops: No
[3,813s][debug][gc,nmethod     ] Register NMethod: java.lang.invoke.LambdaFormEditor$TransformKey.inRange (0x000074b193bb6508) [0x000074b193bb6600, 0x000074b193bb6740] Compiler: c1, Barriers: 0, Oops: 0, ImmediateOops: 0, NonImmediateOops: No
[3,813s][debug][gc,nmethod     ] Register NMethod: java.lang.invoke.LambdaFormEditor$TransformKey.<init> (0x000074b193bb6808) [0x000074b193bb6900, 0x000074b193bb6ae0] Compiler: c1, Barriers: 3, Oops: 0, ImmediateOops: 0, NonImmediateOops: No
[3,814s][debug][gc,nmethod     ] Register NMethod: com.google.common.base.Preconditions.checkArgument (0x000074b193bb6b08) [0x000074b193bb6c00, 0x000074b193bb7080] Compiler: c1, Barriers: 0, Oops: 1, ImmediateOops: 1, NonImmediateOops: No
[3,814s][debug][gc,nmethod     ] Register NMethod: java.lang.invoke.LambdaFormEditor.getInCache (0x000074b193bb7108) [0x000074b193bb7200, 0x000074b193bb8a30] Compiler: c1, Barriers: 7, Oops: 0, ImmediateOops: 0, NonImmediateOops: No
[3,814s][debug][gc,nmethod     ] Register NMethod: java.net.URLDecoder.decode (0x000074b193bb8a88) [0x000074b193bb8b80, 0x000074b193bbc660] Compiler: c1, Barriers: 5, Oops: 3, ImmediateOops: 9, NonImmediateOops: No
[3,818s][debug][gc,nmethod     ] Register NMethod: java.util.ArrayList.checkForComodification (0x000074b193bbc688) [0x000074b193bbc780, 0x000074b193bbc930] Compiler: c1, Barriers: 0, Oops: 0, ImmediateOops: 0, NonImmediateOops: No
[3,818s][debug][gc,nmethod     ] Register NMethod: java.nio.MappedByteBuffer.limit (0x000074b193bbc988) [0x000074b193bbca80, 0x000074b193bbcc20] Compiler: c1, Barriers: 0, Oops: 0, ImmediateOops: 0, NonImmediateOops: No
[3,819s][debug][gc,nmethod     ] Register NMethod: org.junit.platform.commons.util.ReflectionUtils.lambda$findAllMethodsInHierarchy$27 (0x000074b193bbcc88) [0x000074b193bbcd80, 0x000074b193bbd1f8] Compiler: c1, Barriers: 0, Oops: 1, ImmediateOops: 0, NonImmediateOops: No
[3,819s][debug][gc,nmethod     ] Register NMethod: java.util.TimSort.binarySort (0x000074b193bbd208) [0x000074b193bbd300, 0x000074b193bbe348] Compiler: c1, Barriers: 13, Oops: 0, ImmediateOops: 0, NonImmediateOops: No
[3,819s][debug][gc,nmethod     ] Register NMethod: org.junit.platform.commons.util.ReflectionUtils$$Lambda/0x000000006118e6d8.test (0x000074b193bbe388) [0x000074b193bbe480, 0x000074b193bbeb78] Compiler: c1, Barriers: 0, Oops: 1, ImmediateOops: 0, NonImmediateOops: No
[3,820s][debug][gc,nmethod     ] Register NMethod: jdk.internal.misc.VM.isJavaLangInvokeInited (0x000074b193bbeb88) [0x000074b193bbec80, 0x000074b193bbed68] Compiler: c1, Barriers: 0, Oops: 0, ImmediateOops: 0, NonImmediateOops: No
[3,820s][debug][gc,nmethod     ] Register NMethod: java.util.stream.Collectors$CollectorImpl.finisher (0x000074b1b2cbbf88) [0x000074b1b2cbc080, 0x000074b1b2cbc168] Compiler: c1, Barriers: 1, Oops: 0, ImmediateOops: 0, NonImmediateOops: No
[3,820s][debug][gc,director    ] Rule Major: Warmup 10%, Used: 170MB, UsedThreshold: 1228MB
[3,822s][debug][gc,nmethod     ] Register NMethod: java.util.regex.Pattern$GroupHead.match (0x000074b193bbee88) [0x000074b193bbef80, 0x000074b193bbf3b0] Compiler: c1, Barriers: 3, Oops: 0, ImmediateOops: 0, NonImmediateOops: No
[3,822s][debug][gc,nmethod     ] Register NMethod: java.lang.invoke.Invokers$Holder.linkToTargetMethod (0x000074b193bbf408) [0x000074b193bbf500, 0x000074b193bbfa00] Compiler: c1, Barriers: 0, Oops: 0, ImmediateOops: 0, NonImmediateOops: No
[3,823s][debug][gc,nmethod     ] Register NMethod: java.util.stream.StreamSpliterators$WrappingSpliterator.<init> (0x000074b193bbfa08) [0x000074b193bbfb00, 0x000074b193bbfe30] Compiler: c1, Barriers: 9, Oops: 0, ImmediateOops: 0, NonImmediateOops: No
[3,824s][debug][gc,nmethod     ] Register NMethod: java.util.stream.ReferencePipeline.wrap (0x000074b193bbfe88) [0x000074b193bbff80, 0x000074b193bc02f8] Compiler: c1, Barriers: 6, Oops: 0, ImmediateOops: 0, NonImmediateOops: No
[3,824s][debug][gc,nmethod     ] Register NMethod: java.util.stream.StreamSpliterators$AbstractWrappingSpliterator.<init> (0x000074b193bc0308) [0x000074b193bc0400, 0x000074b193bc06d0] Compiler: c1, Barriers: 9, Oops: 0, ImmediateOops: 0, NonImmediateOops: No
[3,824s][debug][gc,nmethod     ] Register NMethod: java.lang.invoke.DirectMethodHandle$Holder.newInvokeSpecial (0x000074b193bc0708) [0x000074b193bc0800, 0x000074b193bc1098] Compiler: c1, Barriers: 2, Oops: 0, ImmediateOops: 1, NonImmediateOops: No
[3,824s][debug][gc,nmethod     ] Register NMethod: java.util.stream.AbstractPipeline.lambda$spliterator$0 (0x000074b193bc1108) [0x000074b193bc1200, 0x000074b193bc14f8] Compiler: c1, Barriers: 0, Oops: 0, ImmediateOops: 0, NonImmediateOops: No
[3,824s][debug][gc,nmethod     ] Register NMethod: java.util.stream.AbstractPipeline$$Lambda/0x0000000061075c00.get (0x000074b193bc1508) [0x000074b193bc1600, 0x000074b193bc1990] Compiler: c1, Barriers: 1, Oops: 0, ImmediateOops: 0, NonImmediateOops: No
[3,825s][debug][gc,nmethod     ] Register NMethod: sun.nio.fs.UnixFileModeAttribute.toUnixMode (0x000074b193bc1a08) [0x000074b193bc1b00, 0x000074b193bc3810] Compiler: c1, Barriers: 1, Oops: 2, ImmediateOops: 5, NonImmediateOops: No
[3,826s][debug][gc,nmethod     ] Register NMethod: dagger.internal.DoubleCheck.get (0x000074b193bc3888) [0x000074b193bc3980, 0x000074b193bc4098] Compiler: c1, Barriers: 10, Oops: 1, ImmediateOops: 2, NonImmediateOops: No
[3,826s][debug][gc,nmethod     ] Register NMethod: io.sirix.cache.PageContainer.<init> (0x000074b193bc4108) [0x000074b193bc4200, 0x000074b193bc4448] Compiler: c1, Barriers: 6, Oops: 1, ImmediateOops: 0, NonImmediateOops: No
[3,826s][debug][gc,nmethod     ] Register NMethod: io.sirix.cache.RecordPageCache.remove (0x000074b193bc4488) [0x000074b193bc4580, 0x000074b193bc48c0] Compiler: c1, Barriers: 1, Oops: 1, ImmediateOops: 0, NonImmediateOops: No
[3,826s][debug][gc,nmethod     ] Register NMethod: io.sirix.cache.PageContainer.getInstance (0x000074b193bc4908) [0x000074b193bc4a00, 0x000074b193bc4f00] Compiler: c1, Barriers: 6, Oops: 1, ImmediateOops: 0, NonImmediateOops: No
[3,827s][debug][gc,nmethod     ] Register NMethod: java.util.concurrent.ConcurrentLinkedDeque.offerLast (0x000074b193bc4f88) [0x000074b193bc5080, 0x000074b193bc51b8] Compiler: c1, Barriers: 0, Oops: 0, ImmediateOops: 0, NonImmediateOops: No
[3,827s][debug][gc,nmethod     ] Register NMethod: java.util.concurrent.ConcurrentLinkedDeque.offer (0x000074b193bc5288) [0x000074b193bc5380, 0x000074b193bc5528] Compiler: c1, Barriers: 0, Oops: 0, ImmediateOops: 0, NonImmediateOops: No
[3,827s][debug][gc,nmethod     ] Register NMethod: io.sirix.cache.RecordPageCache.remove (0x000074b193bc5588) [0x000074b193bc5680, 0x000074b193bc5de0] Compiler: c1, Barriers: 1, Oops: 1, ImmediateOops: 0, NonImmediateOops: No
[3,827s][debug][gc,nmethod     ] Register NMethod: io.sirix.cache.PageCache.remove (0x000074b193bc5e08) [0x000074b193bc5f00, 0x000074b193bc6660] Compiler: c1, Barriers: 1, Oops: 1, ImmediateOops: 0, NonImmediateOops: No
[3,827s][debug][gc,nmethod     ] Register NMethod: io.sirix.cache.PageCache.remove (0x000074b193bc6688) [0x000074b193bc6780, 0x000074b193bc6ac0] Compiler: c1, Barriers: 1, Oops: 1, ImmediateOops: 0, NonImmediateOops: No
[3,828s][debug][gc,nmethod     ] Register NMethod: io.sirix.cache.TransactionIntentLog.put (0x000074b193bc6b08) [0x000074b193bc6c00, 0x000074b193bc9c90] Compiler: c1, Barriers: 20, Oops: 1, ImmediateOops: 1, NonImmediateOops: No
[3,828s][debug][gc,nmethod     ] Register NMethod: java.util.concurrent.ConcurrentLinkedDeque.newNode (0x000074b193bc9d08) [0x000074b193bc9e00, 0x000074b193bcafd0] Compiler: c1, Barriers: 3, Oops: 6, ImmediateOops: 7, NonImmediateOops: No
[3,828s][debug][gc,nmethod     ] Register NMethod: io.sirix.page.PageReference.setLogKey (0x000074b193bcb008) [0x000074b193bcb100, 0x000074b193bcb210] Compiler: c1, Barriers: 0, Oops: 1, ImmediateOops: 0, NonImmediateOops: No
[3,828s][debug][gc,nmethod     ] Register NMethod: java.util.concurrent.CountedCompleter.propagateCompletion (0x000074b193bcb308) [0x000074b193bcb400, 0x000074b193bcbbc8] Compiler: c1, Barriers: 1, Oops: 0, ImmediateOops: 0, NonImmediateOops: No
[3,828s][debug][gc,nmethod     ] Register NMethod: java.lang.System.currentTimeMillis (0x000074b1b2cbc288) [0x000074b1b2cbc380, 0x000074b1b2cbc4d8] Compiler: , Barriers: 0, Oops: 0, ImmediateOops: 1, NonImmediateOops: No
[3,829s][debug][gc,nmethod     ] Register NMethod: java.util.stream.ForEachOps$ForEachTask.compute (0x000074b193bcbc08) [0x000074b193bcbd00, 0x000074b193bcdb98] Compiler: c1, Barriers: 21, Oops: 1, ImmediateOops: 1, NonImmediateOops: No
[3,829s][debug][gc,nmethod     ] Register NMethod: jdk.internal.foreign.HeapMemorySegmentImpl$OfByte.unsafeGetOffset (0x000074b193bcdc08) [0x000074b193bcdd00, 0x000074b193bcde18] Compiler: c1, Barriers: 0, Oops: 0, ImmediateOops: 0, NonImmediateOops: No
[3,830s][debug][gc,nmethod     ] Register NMethod: java.util.concurrent.CountedCompleter.<init> (0x000074b193bcdf08) [0x000074b193bce000, 0x000074b193bce230] Compiler: c1, Barriers: 3, Oops: 0, ImmediateOops: 0, NonImmediateOops: No
[3,830s][debug][gc,nmethod     ] Register NMethod: java.util.concurrent.ConcurrentLinkedDeque.linkLast (0x000074b193bce288) [0x000074b193bce380, 0x000074b193bd3478] Compiler: c1, Barriers: 16, Oops: 13, ImmediateOops: 33, NonImmediateOops: No
[3,830s][debug][gc,nmethod     ] Register NMethod: java.util.concurrent.ForkJoinPool.awaitWork (0x000074b193bd3508) [0x000074b193bd3600, 0x000074b193bd43d0] Compiler: c1, Barriers: 2, Oops: 0, ImmediateOops: 1, NonImmediateOops: No
[3,830s][debug][gc,nmethod     ] Register NMethod: java.util.concurrent.CountedCompleter.exec (0x000074b193bd4408) [0x000074b193bd4500, 0x000074b193bd4650] Compiler: c1, Barriers: 0, Oops: 0, ImmediateOops: 0, NonImmediateOops: No
[3,830s][debug][gc,nmethod     ] Register NMethod: io.sirix.io.filechannel.FileChannelWriter.write (0x000074b193bd4708) [0x000074b193bd4800, 0x000074b193bd4af8] Compiler: c1, Barriers: 0, Oops: 1, ImmediateOops: 0, NonImmediateOops: No
[3,831s][debug][gc,director    ] Rule Major: Warmup 10%, Used: 172MB, UsedThreshold: 1228MB
[3,831s][debug][gc,nmethod     ] Register NMethod: io.sirix.io.filechannel.FileChannelWriter.write (0x000074b193bd4b08) [0x000074b193bd4c00, 0x000074b193bd4ea8] Compiler: c1, Barriers: 0, Oops: 1, ImmediateOops: 0, NonImmediateOops: No
[3,831s][debug][gc,nmethod     ] Register NMethod: io.sirix.io.filechannel.FileChannelWriter.getOffset (0x000074b193bd4f08) [0x000074b193bd5000, 0x000074b193bd54a8] Compiler: c1, Barriers: 3, Oops: 1, ImmediateOops: 0, NonImmediateOops: No
[3,831s][debug][gc,nmethod     ] Register NMethod: io.sirix.access.trx.page.NodePageTrx.lambda$parallelSerializationOfKeyValuePages$0 (0x000074b193bd5508) [0x000074b193bd5600, 0x000074b193bd58e8] Compiler: c1, Barriers: 0, Oops: 1, ImmediateOops: 0, NonImmediateOops: No
[3,831s][debug][gc,nmethod     ] Register NMethod: io.sirix.access.trx.page.NodePageTrx.commit (0x000074b193bd5908) [0x000074b193bd5a00, 0x000074b193bd7c78] Compiler: c1, Barriers: 12, Oops: 1, ImmediateOops: 2, NonImmediateOops: No
[3,831s][debug][gc,nmethod     ] Register NMethod: io.sirix.access.trx.page.NodePageTrx$$Lambda/0x000000006129ae80.test (0x000074b193bd7c88) [0x000074b193bd7d80, 0x000074b193bd8308] Compiler: c1, Barriers: 0, Oops: 1, ImmediateOops: 0, NonImmediateOops: No
[3,831s][debug][gc,nmethod     ] Register NMethod: io.sirix.access.trx.page.NodePageTrx$$Lambda/0x000000006129ac38.apply (0x000074b193bd8388) [0x000074b193bd8480, 0x000074b193bd8998] Compiler: c1, Barriers: 1, Oops: 1, ImmediateOops: 0, NonImmediateOops: No
[3,832s][debug][gc,nmethod     ] Register NMethod: it.unimi.dsi.fastutil.shorts.ShortArrayList.listIterator (0x000074b193bd8a08) [0x000074b193bd8b00, 0x000074b193bd8fa0] Compiler: c1, Barriers: 3, Oops: 1, ImmediateOops: 0, NonImmediateOops: No
[3,832s][debug][gc,nmethod     ] Register NMethod: it.unimi.dsi.fastutil.shorts.AbstractShortList.listIterator (0x000074b193bd9008) [0x000074b193bd9100, 0x000074b193bd9600] Compiler: c1, Barriers: 3, Oops: 1, ImmediateOops: 0, NonImmediateOops: No
[3,832s][debug][gc,nmethod     ] Register NMethod: it.unimi.dsi.fastutil.shorts.ShortArrayList$1.<init> (0x000074b193bd9688) [0x000074b193bd9780, 0x000074b193bd9960] Compiler: c1, Barriers: 3, Oops: 1, ImmediateOops: 0, NonImmediateOops: No
[3,832s][debug][gc,nmethod     ] Register NMethod: java.lang.foreign.MemorySegment.ofArray (0x000074b193bd9988) [0x000074b193bd9a80, 0x000074b193bd9b90] Compiler: c1, Barriers: 0, Oops: 0, ImmediateOops: 0, NonImmediateOops: No
[3,833s][debug][gc,nmethod     ] Register NMethod: jdk.internal.foreign.HeapMemorySegmentImpl$OfByte.unsafeGetBase (0x000074b193bd9c88) [0x000074b193bd9d80, 0x000074b193bda1f8] Compiler: c1, Barriers: 1, Oops: 0, ImmediateOops: 0, NonImmediateOops: No
[3,833s][debug][gc,nmethod     ] Register NMethod: jdk.internal.foreign.SegmentFactories.fromArray (0x000074b193bda208) [0x000074b193bda300, 0x000074b193bdae00] Compiler: c1, Barriers: 3, Oops: 0, ImmediateOops: 1, NonImmediateOops: No
[3,833s][debug][gc,nmethod     ] Register NMethod: io.sirix.page.KeyValueLeafPage.setSlot (0x000074b193bdae08) [0x000074b193bdaf00, 0x000074b193bdb0a8] Compiler: c1, Barriers: 2, Oops: 1, ImmediateOops: 0, NonImmediateOops: No
[3,833s][debug][gc,nmethod     ] Register NMethod: io.sirix.page.KeyValueLeafPage.processEntries (0x000074b1b2cbc588) [0x000074b1b2cbc680, 0x000074b1b2cbda20] Compiler: jvmci, Barriers: 30, Oops: 4, ImmediateOops: 0, NonImmediateOops: No
[3,834s][debug][gc,nmethod     ] Register NMethod: it.unimi.dsi.fastutil.shorts.AbstractShortList.ensureIndex (0x000074b193bdb108) [0x000074b193bdb200, 0x000074b193bdd4f0] Compiler: c1, Barriers: 0, Oops: 5, ImmediateOops: 7, NonImmediateOops: No
[3,834s][debug][gc,nmethod     ] Register NMethod: it.unimi.dsi.fastutil.shorts.AbstractShortList.iterator (0x000074b193bdd588) [0x000074b193bdd680, 0x000074b193bddca8] Compiler: c1, Barriers: 0, Oops: 1, ImmediateOops: 0, NonImmediateOops: No
[3,834s][debug][gc,nmethod     ] Register NMethod: io.sirix.page.KeyValueLeafPage.setRecord (0x000074b193bddd08) [0x000074b193bdde00, 0x000074b193bde438] Compiler: c1, Barriers: 4, Oops: 1, ImmediateOops: 0, NonImmediateOops: No
[3,835s][debug][gc,nmethod     ] Register NMethod: jdk.internal.foreign.HeapMemorySegmentImpl$OfByte.unsafeGetBase (0x000074b193bde488) [0x000074b193bde580, 0x000074b193bdec10] Compiler: c1, Barriers: 1, Oops: 0, ImmediateOops: 0, NonImmediateOops: No
[3,835s][debug][gc,nmethod     ] Register NMethod: java.lang.invoke.MethodHandle.linkToStatic (0x000074b1b2cbda88) [0x000074b1b2cbdb80, 0x000074b1b2cbdc70] Compiler: , Barriers: 0, Oops: 0, ImmediateOops: 0, NonImmediateOops: No
[3,835s][debug][gc,nmethod     ] Register NMethod: jdk.internal.foreign.AbstractMemorySegmentImpl.overlaps (0x000074b193bdec88) [0x000074b193bded80, 0x000074b193bdfb40] Compiler: c1, Barriers: 0, Oops: 0, ImmediateOops: 0, NonImmediateOops: No
[3,835s][debug][gc,nmethod     ] Register NMethod: java.util.concurrent.ForkJoinPool.compareAndSetCtl (0x000074b193bdfb88) [0x000074b193bdfc80, 0x000074b193bdfda0] Compiler: c1, Barriers: 0, Oops: 0, ImmediateOops: 0, NonImmediateOops: No
[3,836s][debug][gc,nmethod     ] Register NMethod: jdk.internal.foreign.MemorySessionImpl$ResourceList.cleanupSingle (0x000074b193bdfe88) [0x000074b193bdff80, 0x000074b193be0528] Compiler: c1, Barriers: 0, Oops: 0, ImmediateOops: 0, NonImmediateOops: No
[3,836s][debug][gc,nmethod     ] Register NMethod: io.sirix.access.trx.page.NodePageReadOnlyTrx.loadPage (0x000074b193b84a88) [0x000074b193b84b80, 0x000074b193b86818] Compiler: c1, Barriers: 9, Oops: 1, ImmediateOops: 1, NonImmediateOops: No
[3,837s][debug][gc,nmethod     ] Register NMethod: java.lang.invoke.MethodHandle.linkToSpecial (0x000074b1b2cbdd88) [0x000074b1b2cbde80, 0x000074b1b2cbdf78] Compiler: , Barriers: 0, Oops: 0, ImmediateOops: 0, NonImmediateOops: No
[3,837s][debug][gc,nmethod     ] Register NMethod: sun.invoke.util.VerifyAccess.isModuleAccessible (0x000074b193be0588) [0x000074b193be0680, 0x000074b193be22b8] Compiler: c1, Barriers: 2, Oops: 0, ImmediateOops: 0, NonImmediateOops: No
[3,838s][debug][gc,nmethod     ] Register NMethod: java.lang.invoke.MethodHandle.linkToSpecial (0x000074b1b2cbe088) [0x000074b1b2cbe180, 0x000074b1b2cbe278] Compiler: , Barriers: 0, Oops: 0, ImmediateOops: 0, NonImmediateOops: No
[3,838s][debug][gc,nmethod     ] Register NMethod: java.lang.invoke.MethodHandle.invokeBasic (0x000074b1b2cbe388) [0x000074b1b2cbe480, 0x000074b1b2cbe718] Compiler: , Barriers: 0, Oops: 0, ImmediateOops: 0, NonImmediateOops: No
[3,838s][debug][gc,nmethod     ] Register NMethod: java.lang.invoke.MethodHandle.linkToSpecial (0x000074b1b2cbe788) [0x000074b1b2cbe880, 0x000074b1b2cbe978] Compiler: , Barriers: 0, Oops: 0, ImmediateOops: 0, NonImmediateOops: No
[3,839s][debug][gc,nmethod     ] Register NMethod: jdk.internal.foreign.SegmentBulkOperations.copy (0x000074b193be2308) [0x000074b193be2400, 0x000074b193bf28c0] Compiler: c1, Barriers: 39, Oops: 4, ImmediateOops: 41, NonImmediateOops: No
[3,840s][debug][gc,nmethod     ] Register NMethod: java.lang.invoke.LambdaForm.methodType (0x000074b193bf2908) [0x000074b193bf2a00, 0x000074b193bf31f8] Compiler: c1, Barriers: 9, Oops: 0, ImmediateOops: 1, NonImmediateOops: No
[3,841s][debug][gc,director    ] Rule Major: Warmup 10%, Used: 172MB, UsedThreshold: 1228MB
[3,841s][debug][gc,nmethod     ] Register NMethod: jdk.internal.foreign.AbstractMemorySegmentImpl.toArray (0x000074b193bf3208) [0x000074b193bf3300, 0x000074b193bfdff0] Compiler: c1, Barriers: 14, Oops: 6, ImmediateOops: 23, NonImmediateOops: No
[3,842s][debug][gc,nmethod     ] Register NMethod: java.lang.invoke.MethodHandle.linkToStatic (0x000074b1b2cbea88) [0x000074b1b2cbeb80, 0x000074b1b2cbec70] Compiler: , Barriers: 0, Oops: 0, ImmediateOops: 0, NonImmediateOops: No
[3,842s][debug][gc,nmethod     ] Register NMethod: java.lang.invoke.MethodHandle.linkToStatic (0x000074b1b2cbed88) [0x000074b1b2cbee80, 0x000074b1b2cbef70] Compiler: , Barriers: 0, Oops: 0, ImmediateOops: 0, NonImmediateOops: No
[3,842s][debug][gc,nmethod     ] Register NMethod: com.github.benmanes.caffeine.cache.BaseMpscLinkedArrayQueue.poll (0x000074b193ba2888) [0x000074b193ba2980, 0x000074b193ba6be8] Compiler: c1, Barriers: 3, Oops: 15, ImmediateOops: 32, NonImmediateOops: No
[3,842s][debug][gc,nmethod     ] Register NMethod: java.lang.invoke.MethodHandleNatives.getCharType (0x000074b193bfe088) [0x000074b193bfe180, 0x000074b193bfe478] Compiler: c1, Barriers: 0, Oops: 0, ImmediateOops: 0, NonImmediateOops: No
[3,843s][debug][gc,nmethod     ] Register NMethod: net.jpountz.util.SafeUtils.readIntLE (0x000074b193bfe488) [0x000074b193bfe580, 0x000074b193bfe720] Compiler: c1, Barriers: 0, Oops: 1, ImmediateOops: 0, NonImmediateOops: No
[3,843s][debug][gc,nmethod     ] Register NMethod: java.util.Objects.equals (0x000074b1b2cbf088) [0x000074b1b2cbf180, 0x000074b1b2cbf630] Compiler: jvmci, Barriers: 8, Oops: 0, ImmediateOops: 0, NonImmediateOops: No
[3,844s][debug][gc,nmethod     ] Register NMethod: com.github.benmanes.caffeine.cache.BoundedLocalCache.remove (0x000074b193ac8408) [0x000074b193ac8500, 0x000074b193ac95a0] Compiler: c1, Barriers: 8, Oops: 3, ImmediateOops: 4, NonImmediateOops: No
[3,845s][debug][gc,nmethod     ] Register NMethod: java.lang.foreign.MemorySegment.copy (0x000074b193bfe788) [0x000074b193bfe880, 0x000074b193c0f188] Compiler: c1, Barriers: 39, Oops: 4, ImmediateOops: 41, NonImmediateOops: No
[3,846s][debug][gc,nmethod     ] Register NMethod: java.lang.invoke.MethodHandle.linkToSpecial (0x000074b1b2cbf688) [0x000074b1b2cbf780, 0x000074b1b2cbf878] Compiler: , Barriers: 0, Oops: 0, ImmediateOops: 0, NonImmediateOops: No
[3,847s][debug][gc,nmethod     ] Register NMethod: java.lang.invoke.MethodHandle.invokeBasic (0x000074b1b2cbf988) [0x000074b1b2cbfa80, 0x000074b1b2cbfd18] Compiler: , Barriers: 0, Oops: 0, ImmediateOops: 0, NonImmediateOops: No
[3,847s][debug][gc,nmethod     ] Register NMethod: java.lang.invoke.MethodHandle.linkToSpecial (0x000074b1b2cbfd88) [0x000074b1b2cbfe80, 0x000074b1b2cbff78] Compiler: , Barriers: 0, Oops: 0, ImmediateOops: 0, NonImmediateOops: No
[3,847s][debug][gc,nmethod     ] Register NMethod: java.lang.invoke.MethodHandle.invokeBasic (0x000074b1b2cc0088) [0x000074b1b2cc0180, 0x000074b1b2cc0418] Compiler: , Barriers: 0, Oops: 0, ImmediateOops: 0, NonImmediateOops: No
[3,848s][debug][gc,nmethod     ] Register NMethod: io.sirix.page.KeyValueLeafPage.updateLastSlotIndex (0x000074b193c0f208) [0x000074b193c0f300, 0x000074b193c0f680] Compiler: c1, Barriers: 2, Oops: 1, ImmediateOops: 0, NonImmediateOops: No
[3,848s][debug][gc,nmethod     ] Register NMethod: io.sirix.page.KeyValueLeafPage.hasEnoughSpace (0x000074b193c0f708) [0x000074b193c0f800, 0x000074b193c0fba0] Compiler: c1, Barriers: 0, Oops: 1, ImmediateOops: 0, NonImmediateOops: No
[3,848s][debug][gc,nmethod     ] Register NMethod: io.sirix.page.KeyValueLeafPage.updateFreeSpaceStart (0x000074b193c0fc08) [0x000074b193c0fd00, 0x000074b193c10288] Compiler: c1, Barriers: 0, Oops: 1, ImmediateOops: 0, NonImmediateOops: No
[3,848s][debug][gc,nmethod     ] Register NMethod: jdk.internal.classfile.impl.DirectCodeBuilder.invokestatic (0x000074b193c10308) [0x000074b193c10400, 0x000074b193c10f70] Compiler: c1, Barriers: 2, Oops: 0, ImmediateOops: 0, NonImmediateOops: No
[3,848s][debug][gc,nmethod     ] Register NMethod: java.lang.invoke.MethodHandle.invokeBasic (0x000074b1b2cc0488) [0x000074b1b2cc0580, 0x000074b1b2cc0818] Compiler: , Barriers: 0, Oops: 0, ImmediateOops: 0, NonImmediateOops: No
[3,848s][debug][gc,nmethod     ] Register NMethod: java.lang.invoke.MethodHandle.linkToSpecial (0x000074b1b2cc0888) [0x000074b1b2cc0980, 0x000074b1b2cc0a78] Compiler: , Barriers: 0, Oops: 0, ImmediateOops: 0, NonImmediateOops: No
[3,849s][debug][gc,nmethod     ] Register NMethod: java.lang.Number.<init> (0x000074b1b2cc0b88) [0x000074b1b2cc0c80, 0x000074b1b2cc0d00] Compiler: jvmci, Barriers: 0, Oops: 0, ImmediateOops: 0, NonImmediateOops: No
[3,849s][debug][gc,nmethod     ] Register NMethod: jdk.internal.constant.ArrayClassDescImpl.descriptorString (0x000074b193c10f88) [0x000074b193c11080, 0x000074b193c13b60] Compiler: c1, Barriers: 11, Oops: 0, ImmediateOops: 5, NonImmediateOops: No
[3,850s][debug][gc,nmethod     ] Register NMethod: java.nio.CharBuffer.arrayOffset (0x000074b1b2cc0e88) [0x000074b1b2cc0f80, 0x000074b1b2cc1090] Compiler: jvmci, Barriers: 1, Oops: 0, ImmediateOops: 0, NonImmediateOops: No
[3,851s][debug][gc,director    ] Rule Major: Warmup 10%, Used: 174MB, UsedThreshold: 1228MB
[3,851s][debug][gc,nmethod     ] Register NMethod: java.lang.invoke.Invokers$Holder.linkToTargetMethod (0x000074b1b2cc1188) [0x000074b1b2cc1280, 0x000074b1b2cc1370] Compiler: jvmci, Barriers: 0, Oops: 0, ImmediateOops: 0, NonImmediateOops: No
[3,852s][debug][gc,nmethod     ] Register NMethod: java.nio.charset.CoderResult.isUnderflow (0x000074b1b2cc1488) [0x000074b1b2cc1580, 0x000074b1b2cc1610] Compiler: jvmci, Barriers: 0, Oops: 0, ImmediateOops: 0, NonImmediateOops: No
[3,856s][debug][gc,nmethod     ] Register NMethod: jdk.internal.classfile.impl.SplitConstantPool.classEntry (0x000074b1b2cc1788) [0x000074b1b2cc1880, 0x000074b1b2cc1a10] Compiler: jvmci, Barriers: 0, Oops: 0, ImmediateOops: 0, NonImmediateOops: No
[3,856s][debug][gc,nmethod     ] Register NMethod: jdk.internal.misc.Unsafe.weakCompareAndSetInt (0x000074b1b2cc1a88) [0x000074b1b2cc1b80, 0x000074b1b2cc1c10] Compiler: jvmci, Barriers: 0, Oops: 0, ImmediateOops: 0, NonImmediateOops: No
[3,859s][debug][gc,nmethod     ] Register NMethod: java.lang.invoke.MethodHandle.linkToStatic (0x000074b1b2cc1d88) [0x000074b1b2cc1e80, 0x000074b1b2cc1f70] Compiler: , Barriers: 0, Oops: 0, ImmediateOops: 0, NonImmediateOops: No
[3,861s][debug][gc,nmethod     ] Register NMethod: java.util.concurrent.ConcurrentHashMap$KeyIterator.next (0x000074b193c13b88) [0x000074b193c13c80, 0x000074b193c14160] Compiler: c1, Barriers: 5, Oops: 0, ImmediateOops: 0, NonImmediateOops: No
[3,861s][debug][gc,director    ] Rule Major: Warmup 10%, Used: 174MB, UsedThreshold: 1228MB
[3,862s][debug][gc,nmethod     ] Register NMethod: java.time.ZoneOffset.getTotalSeconds (0x000074b1b2cc2088) [0x000074b1b2cc2180, 0x000074b1b2cc2240] Compiler: c1, Barriers: 0, Oops: 0, ImmediateOops: 0, NonImmediateOops: No
[3,862s][debug][gc,nmethod     ] Register NMethod: java.lang.Math.floorMod (0x000074b193c14188) [0x000074b193c14280, 0x000074b193c14430] Compiler: c1, Barriers: 0, Oops: 0, ImmediateOops: 0, NonImmediateOops: No
[3,863s][debug][gc,nmethod     ] Register NMethod: java.time.temporal.ChronoField.range (0x000074b1b2cc2388) [0x000074b1b2cc2480, 0x000074b1b2cc2568] Compiler: c1, Barriers: 1, Oops: 0, ImmediateOops: 0, NonImmediateOops: No
[3,863s][debug][gc,nmethod     ] Register NMethod: java.lang.invoke.MethodHandle.linkToStatic (0x000074b1b2cc2688) [0x000074b1b2cc2780, 0x000074b1b2cc2870] Compiler: , Barriers: 0, Oops: 0, ImmediateOops: 0, NonImmediateOops: No
[3,863s][debug][gc,nmethod     ] Register NMethod: java.time.temporal.ValueRange.isValidValue (0x000074b193c14488) [0x000074b193c14580, 0x000074b193c14aa8] Compiler: c1, Barriers: 0, Oops: 0, ImmediateOops: 0, NonImmediateOops: No
[3,863s][debug][gc,nmethod     ] Register NMethod: java.time.temporal.ChronoField.checkValidValue (0x000074b193c14b08) [0x000074b193c14c00, 0x000074b193c15108] Compiler: c1, Barriers: 1, Oops: 0, ImmediateOops: 0, NonImmediateOops: No
[3,863s][debug][gc,nmethod     ] Register NMethod: java.time.temporal.ValueRange.getMinimum (0x000074b1b2cc2988) [0x000074b1b2cc2a80, 0x000074b1b2cc2b40] Compiler: c1, Barriers: 0, Oops: 0, ImmediateOops: 0, NonImmediateOops: No
[3,863s][debug][gc,nmethod     ] Register NMethod: java.time.temporal.ValueRange.checkValidValue (0x000074b193c15188) [0x000074b193c15280, 0x000074b193c15b18] Compiler: c1, Barriers: 0, Oops: 0, ImmediateOops: 0, NonImmediateOops: No
[3,863s][debug][gc,nmethod     ] Register NMethod: java.time.temporal.ValueRange.getMaximum (0x000074b1b2cc2c88) [0x000074b1b2cc2d80, 0x000074b1b2cc2e40] Compiler: c1, Barriers: 0, Oops: 0, ImmediateOops: 0, NonImmediateOops: No
[3,864s][debug][gc,nmethod     ] Register NMethod: java.lang.invoke.MethodHandles$Lookup.restrictProtectedReceiver (0x000074b193c15b88) [0x000074b193c15c80, 0x000074b193c16bf8] Compiler: c1, Barriers: 2, Oops: 0, ImmediateOops: 0, NonImmediateOops: No
[3,864s][debug][gc,nmethod     ] Register NMethod: java.time.zone.ZoneOffsetTransition.getOffsetBefore (0x000074b1b2cc2f88) [0x000074b1b2cc3080, 0x000074b1b2cc3168] Compiler: c1, Barriers: 1, Oops: 0, ImmediateOops: 0, NonImmediateOops: No
[3,866s][debug][gc,nmethod     ] Register NMethod: com.github.benmanes.caffeine.cache.SSMW.evicts (0x000074b1b2cc3288) [0x000074b1b2cc3380, 0x000074b1b2cc3440] Compiler: c1, Barriers: 0, Oops: 1, ImmediateOops: 0, NonImmediateOops: No
[3,866s][debug][gc,nmethod     ] Register NMethod: io.sirix.node.MemorySegmentBytesIn.<init> (0x000074b193c16c08) [0x000074b193c16d00, 0x000074b193c16ee0] Compiler: c1, Barriers: 3, Oops: 1, ImmediateOops: 0, NonImmediateOops: No
[3,867s][debug][gc,nmethod     ] Register NMethod: sun.nio.ch.IOStatus.normalize (0x000074b193c16f08) [0x000074b193c17000, 0x000074b193c17138] Compiler: c1, Barriers: 0, Oops: 0, ImmediateOops: 0, NonImmediateOops: No
[3,867s][debug][gc,nmethod     ] Register NMethod: sun.nio.ch.IOUtil.bufferAddress (0x000074b193c17208) [0x000074b193c17300, 0x000074b193c17460] Compiler: c1, Barriers: 0, Oops: 0, ImmediateOops: 1, NonImmediateOops: No
[3,867s][debug][gc,nmethod     ] Register NMethod: java.nio.DirectByteBuffer.base (0x000074b1b2cc3588) [0x000074b1b2cc3680, 0x000074b1b2cc3748] Compiler: c1, Barriers: 0, Oops: 0, ImmediateOops: 0, NonImmediateOops: No
[3,867s][debug][gc,nmethod     ] Register NMethod: sun.nio.ch.IOUtil.releaseScope (0x000074b193c17508) [0x000074b193c17600, 0x000074b193c18220] Compiler: c1, Barriers: 2, Oops: 0, ImmediateOops: 1, NonImmediateOops: No
[3,868s][debug][gc,nmethod     ] Register NMethod: sun.nio.ch.IOUtil.acquireScope (0x000074b193c18288) [0x000074b193c18380, 0x000074b193c19878] Compiler: c1, Barriers: 5, Oops: 0, ImmediateOops: 3, NonImmediateOops: No
[3,868s][debug][gc,nmethod     ] Register NMethod: io.sirix.page.KeyValueLeafPage.findFreeSpaceForSlots (0x000074b193c19888) [0x000074b193c19980, 0x000074b193c1a660] Compiler: c1, Barriers: 4, Oops: 1, ImmediateOops: 0, NonImmediateOops: No
[3,868s][debug][gc,nmethod     ] Register NMethod: java.lang.invoke.MethodHandle.invokeBasic (0x000074b1b2cc3888) [0x000074b1b2cc3980, 0x000074b1b2cc3c18] Compiler: , Barriers: 0, Oops: 0, ImmediateOops: 0, NonImmediateOops: No
[3,868s][debug][gc,nmethod     ] Register NMethod: java.lang.invoke.VarHandleReferences$FieldInstanceReadWrite.setRelease (0x000074b193c1a688) [0x000074b193c1a780, 0x000074b193c1b930] Compiler: c1, Barriers: 2, Oops: 1, ImmediateOops: 1, NonImmediateOops: No
[3,869s][debug][gc,nmethod     ] Register NMethod: java.lang.invoke.VarHandleGuards.guard_L_I (0x000074b193c1b988) [0x000074b193c1ba80, 0x000074b193c1e940] Compiler: c1, Barriers: 28, Oops: 0, ImmediateOops: 2, NonImmediateOops: No
[3,870s][debug][gc,nmethod     ] Register NMethod: io.sirix.page.KeyValueLeafPage.isClosed (0x000074b1b2cc3c88) [0x000074b1b2cc3d80, 0x000074b1b2cc3e40] Compiler: c1, Barriers: 0, Oops: 1, ImmediateOops: 0, NonImmediateOops: No
[3,870s][debug][gc,nmethod     ] Register NMethod: io.sirix.page.KeyValueLeafPage.getDeweyId (0x000074b193c1e988) [0x000074b193c1ea80, 0x000074b193c24248] Compiler: c1, Barriers: 21, Oops: 7, ImmediateOops: 12, NonImmediateOops: No
[3,870s][debug][gc,nmethod     ] Register NMethod: com.github.benmanes.caffeine.cache.BoundedLocalCache.expiresVariable (0x000074b1b2cc3f88) [0x000074b1b2cc4080, 0x000074b1b2cc4140] Compiler: c1, Barriers: 0, Oops: 1, ImmediateOops: 0, NonImmediateOops: No
[3,871s][debug][gc,director    ] Rule Major: Warmup 10%, Used: 174MB, UsedThreshold: 1228MB
[3,871s][debug][gc,nmethod     ] Register NMethod: java.util.Formatter$FormatSpecifier.index (0x000074b1b2cc4288) [0x000074b1b2cc4380, 0x000074b1b2cc4440] Compiler: c1, Barriers: 0, Oops: 0, ImmediateOops: 0, NonImmediateOops: No
[3,872s][debug][gc,nmethod     ] Register NMethod: com.github.benmanes.caffeine.cache.BoundedLocalCache.expiresAfterWrite (0x000074b1b2cc4588) [0x000074b1b2cc4680, 0x000074b1b2cc4740] Compiler: c1, Barriers: 0, Oops: 1, ImmediateOops: 0, NonImmediateOops: No
[3,872s][debug][gc,nmethod     ] Register NMethod: com.github.benmanes.caffeine.cache.SSMW.frequencySketch (0x000074b1b2cc4888) [0x000074b1b2cc4980, 0x000074b1b2cc4a70] Compiler: c1, Barriers: 1, Oops: 1, ImmediateOops: 0, NonImmediateOops: No
[3,872s][debug][gc,nmethod     ] Register NMethod: java.util.concurrent.atomic.AtomicInteger.<init> (0x000074b193c24288) [0x000074b193c24380, 0x000074b193c24538] Compiler: c1, Barriers: 0, Oops: 0, ImmediateOops: 0, NonImmediateOops: No
[3,872s][debug][gc,nmethod     ] Register NMethod: java.util.Formatter$FixedString.index (0x000074b1b2cc4b88) [0x000074b1b2cc4c80, 0x000074b1b2cc4d40] Compiler: c1, Barriers: 0, Oops: 0, ImmediateOops: 0, NonImmediateOops: No
[3,874s][debug][gc,nmethod     ] Register NMethod: io.sirix.page.PageKind$1.serializePage (0x000074b1b2cc4e88) [0x000074b1b2cc4f80, 0x000074b1b2cc82e8] Compiler: jvmci, Barriers: 76, Oops: 6, ImmediateOops: 6, NonImmediateOops: No
[3,877s][debug][gc,nmethod     ] Register NMethod: jdk.xml.internal.XMLSecurityManager$Limit.systemProperty (0x000074b1b2cc8388) [0x000074b1b2cc8480, 0x000074b1b2cc8568] Compiler: c1, Barriers: 1, Oops: 0, ImmediateOops: 0, NonImmediateOops: No
[3,878s][debug][gc,nmethod     ] Register NMethod: java.io.BufferedInputStream.getBufIfOpen (0x000074b1b2cc8688) [0x000074b1b2cc8780, 0x000074b1b2cc8af8] Compiler: jvmci, Barriers: 6, Oops: 0, ImmediateOops: 1, NonImmediateOops: No
[3,878s][debug][gc,nmethod     ] Register NMethod: jdk.xml.internal.XMLSecurityManager$Limit.is (0x000074b193c24588) [0x000074b193c24680, 0x000074b193c24c90] Compiler: c1, Barriers: 2, Oops: 0, ImmediateOops: 0, NonImmediateOops: No
[3,881s][debug][gc,director    ] Rule Major: Warmup 10%, Used: 174MB, UsedThreshold: 1228MB
[3,891s][debug][gc,nmethod     ] Register NMethod: java.io.DataInputStream.readFully (0x000074b1b2cc8b08) [0x000074b1b2cc8c00, 0x000074b1b2cca150] Compiler: jvmci, Barriers: 11, Oops: 0, ImmediateOops: 1, NonImmediateOops: No
[3,892s][debug][gc,director    ] Rule Major: Warmup 10%, Used: 176MB, UsedThreshold: 1228MB
[3,893s][debug][gc,nmethod     ] Register NMethod: java.lang.classfile.CodeBuilder.getfield (0x000074b193c24d08) [0x000074b193c24e00, 0x000074b193c25110] Compiler: c1, Barriers: 0, Oops: 0, ImmediateOops: 1, NonImmediateOops: No
[3,895s][debug][gc,nmethod     ] Register NMethod: java.lang.invoke.SegmentVarHandle.checkSegment (0x000074b1b2cca188) [0x000074b1b2cca280, 0x000074b1b2cca598] Compiler: jvmci, Barriers: 1, Oops: 0, ImmediateOops: 0, NonImmediateOops: No
[3,895s][debug][gc,nmethod     ] Register NMethod: jdk.internal.foreign.layout.AbstractGroupLayout.memberLayouts (0x000074b1b2cca608) [0x000074b1b2cca700, 0x000074b1b2cca7e8] Compiler: c1, Barriers: 1, Oops: 0, ImmediateOops: 0, NonImmediateOops: No
[3,896s][debug][gc,nmethod     ] Register NMethod: java.util.concurrent.atomic.AtomicInteger.get (0x000074b1b2cca908) [0x000074b1b2ccaa00, 0x000074b1b2ccaac0] Compiler: c1, Barriers: 0, Oops: 0, ImmediateOops: 0, NonImmediateOops: No
[3,896s][debug][gc,nmethod     ] Register NMethod: jdk.internal.misc.Unsafe.getIntOpaque (0x000074b193c25188) [0x000074b193c25280, 0x000074b193c25380] Compiler: c1, Barriers: 0, Oops: 0, ImmediateOops: 0, NonImmediateOops: No
[3,896s][debug][gc,nmethod     ] Register NMethod: java.io.BufferedInputStream.read (0x000074b1b2ccac08) [0x000074b1b2ccad00, 0x000074b1b2ccbaf0] Compiler: jvmci, Barriers: 9, Oops: 0, ImmediateOops: 1, NonImmediateOops: No
[3,897s][debug][gc,nmethod     ] Register NMethod: io.sirix.page.KeyValueLeafPage.getDeweyId (0x000074b1b2ccbb08) [0x000074b1b2ccbc00, 0x000074b1b2ccbd38] Compiler: jvmci, Barriers: 1, Oops: 1, ImmediateOops: 0, NonImmediateOops: No
[3,898s][debug][gc,nmethod     ] Register NMethod: jdk.internal.foreign.AbstractMemorySegmentImpl.get (0x000074b193c25488) [0x000074b193c25580, 0x000074b193c28ea0] Compiler: c1, Barriers: 27, Oops: 5, ImmediateOops: 12, NonImmediateOops: No
[3,899s][debug][gc,nmethod     ] Register NMethod: io.sirix.node.MemorySegmentBytesIn.readByte (0x000074b193c28f08) [0x000074b193c29000, 0x000074b193c2ca20] Compiler: c1, Barriers: 5, Oops: 6, ImmediateOops: 9, NonImmediateOops: No
[3,899s][debug][gc,nmethod     ] Register NMethod: it.unimi.dsi.fastutil.ints.Int2LongOpenHashMap.put (0x000074b193c2ca88) [0x000074b193c2cb80, 0x000074b193c2cde8] Compiler: c1, Barriers: 1, Oops: 1, ImmediateOops: 0, NonImmediateOops: No
[3,899s][debug][gc,nmethod     ] Register NMethod: it.unimi.dsi.fastutil.ints.Int2LongOpenHashMap.find (0x000074b193c2ce08) [0x000074b193c2cf00, 0x000074b193c2d368] Compiler: c1, Barriers: 1, Oops: 1, ImmediateOops: 0, NonImmediateOops: No
[3,899s][debug][gc,nmethod     ] Register NMethod: java.lang.invoke.VarHandleSegmentAsBytes.get (0x000074b193c2d388) [0x000074b193c2d480, 0x000074b193c324a0] Compiler: c1, Barriers: 24, Oops: 2, ImmediateOops: 5, NonImmediateOops: No
[3,900s][debug][gc,nmethod     ] Register NMethod: java.lang.invoke.VarHandleSegmentAsBytes.get (0x000074b193c32508) [0x000074b193c32600, 0x000074b193c37888] Compiler: c1, Barriers: 24, Oops: 2, ImmediateOops: 5, NonImmediateOops: No
[3,900s][debug][gc,nmethod     ] Register NMethod: java.util.Optional.get (0x000074b193c37908) [0x000074b193c37a00, 0x000074b193c37c40] Compiler: c1, Barriers: 1, Oops: 0, ImmediateOops: 1, NonImmediateOops: No
[3,901s][debug][gc,nmethod     ] Register NMethod: io.sirix.access.trx.node.AbstractNodeReadOnlyTrx.assertNotClosed (0x000074b193c37c88) [0x000074b193c37d80, 0x000074b193c37f88] Compiler: c1, Barriers: 0, Oops: 1, ImmediateOops: 1, NonImmediateOops: No
[3,902s][debug][gc,nmethod     ] Register NMethod: io.sirix.index.path.summary.PathNode.delegate (0x000074b1b2ccbe08) [0x000074b1b2ccbf00, 0x000074b1b2ccbfe8] Compiler: c1, Barriers: 1, Oops: 1, ImmediateOops: 0, NonImmediateOops: No
[3,902s][debug][gc,director    ] Rule Major: Warmup 10%, Used: 176MB, UsedThreshold: 1228MB
[3,903s][debug][gc,nmethod     ] Register NMethod: io.sirix.access.trx.page.NodePageReadOnlyTrx.pageKey (0x000074b193c38008) [0x000074b193c38100, 0x000074b193c38880] Compiler: c1, Barriers: 0, Oops: 1, ImmediateOops: 2, NonImmediateOops: No
[3,903s][debug][gc,nmethod     ] Register NMethod: io.sirix.index.path.summary.PathSummaryReader.assertNotClosed (0x000074b193c38908) [0x000074b193c38a00, 0x000074b193c38c08] Compiler: c1, Barriers: 0, Oops: 1, ImmediateOops: 1, NonImmediateOops: No
[3,904s][debug][gc,nmethod     ] Register NMethod: io.sirix.access.trx.page.NodePageTrx.getMostRecentPageContainer (0x000074b193c38c88) [0x000074b193c38d80, 0x000074b193c393b0] Compiler: c1, Barriers: 9, Oops: 1, ImmediateOops: 1, NonImmediateOops: No
[3,904s][debug][gc,nmethod     ] Register NMethod: io.sirix.access.trx.node.AbstractNodeReadOnlyTrx.getCurrentNode (0x000074b1b2ccc108) [0x000074b1b2ccc200, 0x000074b1b2ccc2e8] Compiler: c1, Barriers: 1, Oops: 1, ImmediateOops: 0, NonImmediateOops: No
[3,904s][debug][gc,nmethod     ] Register NMethod: io.sirix.access.ResourceConfiguration.storeChildCount (0x000074b1b2ccc408) [0x000074b1b2ccc500, 0x000074b1b2ccc5c0] Compiler: c1, Barriers: 0, Oops: 1, ImmediateOops: 0, NonImmediateOops: No
[3,904s][debug][gc,nmethod     ] Register NMethod: com.sun.org.apache.xerces.internal.impl.XMLDocumentFragmentScannerImpl.setScannerState (0x000074b1b2ccc708) [0x000074b1b2ccc800, 0x000074b1b2ccc8c0] Compiler: c1, Barriers: 0, Oops: 0, ImmediateOops: 0, NonImmediateOops: No
[3,904s][debug][gc,nmethod     ] Register NMethod: java.lang.invoke.SegmentVarHandle.checkSegment (0x000074b193c39408) [0x000074b193c39500, 0x000074b193c3ce18] Compiler: c1, Barriers: 20, Oops: 1, ImmediateOops: 3, NonImmediateOops: No
[3,904s][debug][gc,nmethod     ] Register NMethod: com.sun.org.apache.xerces.internal.impl.XMLEntityScanner.checkEntityLimit (0x000074b193c3ce88) [0x000074b193c3cf80, 0x000074b193c3d278] Compiler: c1, Barriers: 0, Oops: 0, ImmediateOops: 4, NonImmediateOops: No
[3,905s][debug][gc,nmethod     ] Register NMethod: java.lang.invoke.MethodHandle.invokeBasic (0x000074b1b2ccca08) [0x000074b1b2cccb00, 0x000074b1b2cccd98] Compiler: , Barriers: 0, Oops: 0, ImmediateOops: 0, NonImmediateOops: No
[3,906s][debug][gc,nmethod     ] Register NMethod: java.io.BufferedInputStream.read1 (0x000074b1b2ccce08) [0x000074b1b2cccf00, 0x000074b1b2ccd668] Compiler: jvmci, Barriers: 7, Oops: 0, ImmediateOops: 1, NonImmediateOops: No
[3,906s][debug][gc,nmethod     ] Register NMethod: java.lang.invoke.VarHandleGuards.guard_LJ_J (0x000074b193c3d288) [0x000074b193c3d380, 0x000074b193c40260] Compiler: c1, Barriers: 28, Oops: 0, ImmediateOops: 2, NonImmediateOops: No
[3,907s][debug][gc,nmethod     ] Register NMethod: java.lang.invoke.VarHandleSegmentAsLongs.get (0x000074b193c40288) [0x000074b193c40380, 0x000074b193c455a8] Compiler: c1, Barriers: 24, Oops: 2, ImmediateOops: 6, NonImmediateOops: No
[3,907s][debug][gc,nmethod     ] Register NMethod: java.lang.invoke.VarHandleSegmentAsLongs.get (0x000074b193c45608) [0x000074b193c45700, 0x000074b193c4aba0] Compiler: c1, Barriers: 24, Oops: 2, ImmediateOops: 6, NonImmediateOops: No
[3,907s][debug][gc,nmethod     ] Register NMethod: jdk.internal.misc.Unsafe.getBooleanVolatile (0x000074b1b2ccd688) [0x000074b1b2ccd780, 0x000074b1b2ccd8f0] Compiler: , Barriers: 0, Oops: 0, ImmediateOops: 0, NonImmediateOops: No
[3,907s][debug][gc,nmethod     ] Register NMethod: jdk.internal.classfile.impl.StackMapGenerator.processLdc (0x000074b193c4ac08) [0x000074b193c4ad00, 0x000074b193c50928] Compiler: c1, Barriers: 31, Oops: 2, ImmediateOops: 20, NonImmediateOops: No
[3,908s][debug][gc,nmethod     ] Register NMethod: sun.misc.Unsafe.beforeMemoryAccess (0x000074b193c50988) [0x000074b193c50a80, 0x000074b193c50c88] Compiler: c1, Barriers: 0, Oops: 0, ImmediateOops: 1, NonImmediateOops: No
[3,908s][debug][gc,nmethod     ] Register NMethod: sun.misc.Unsafe.isMemoryAccessWarned (0x000074b193c50d08) [0x000074b193c50e00, 0x000074b193c50f00] Compiler: c1, Barriers: 0, Oops: 0, ImmediateOops: 1, NonImmediateOops: No
[3,908s][debug][gc,nmethod     ] Register NMethod: net.openhft.hashing.Access.i64 (0x000074b193c51008) [0x000074b193c51100, 0x000074b193c51400] Compiler: c1, Barriers: 0, Oops: 1, ImmediateOops: 0, NonImmediateOops: No
[3,908s][debug][gc,nmethod     ] Register NMethod: io.sirix.access.trx.node.xml.XmlNodeTrxImpl.nodeReadOnlyTrxDelegate (0x000074b193c51488) [0x000074b193c51580, 0x000074b193c518d0] Compiler: c1, Barriers: 1, Oops: 1, ImmediateOops: 0, NonImmediateOops: No
[3,908s][debug][gc,nmethod     ] Register NMethod: io.sirix.node.xml.ElementNode.getNodeKey (0x000074b1b2ccd988) [0x000074b1b2ccda80, 0x000074b1b2ccdb40] Compiler: c1, Barriers: 0, Oops: 1, ImmediateOops: 0, NonImmediateOops: No
[3,908s][debug][gc,nmethod     ] Register NMethod: net.openhft.hashing.UnsafeAccess.getLong (0x000074b193c51908) [0x000074b193c51a00, 0x000074b193c51ea0] Compiler: c1, Barriers: 0, Oops: 1, ImmediateOops: 2, NonImmediateOops: No
[3,908s][debug][gc,nmethod     ] Register NMethod: sun.misc.Unsafe.getLong (0x000074b193c51f08) [0x000074b193c52000, 0x000074b193c52278] Compiler: c1, Barriers: 0, Oops: 0, ImmediateOops: 1, NonImmediateOops: No
[3,909s][debug][gc,nmethod     ] Register NMethod: io.sirix.cache.PageContainer.getModifiedAsUnorderedKeyValuePage (0x000074b193c52288) [0x000074b193c52380, 0x000074b193c526b8] Compiler: c1, Barriers: 1, Oops: 1, ImmediateOops: 0, NonImmediateOops: No
[3,909s][debug][gc,nmethod     ] Register NMethod: io.sirix.page.KeyValueLeafPage.getRecord (0x000074b193c52708) [0x000074b193c52800, 0x000074b193c52990] Compiler: c1, Barriers: 2, Oops: 1, ImmediateOops: 0, NonImmediateOops: No
[3,909s][debug][gc,nmethod     ] Register NMethod: java.lang.Math.multiplyHigh (0x000074b193c52a08) [0x000074b193c52b00, 0x000074b193c52c58] Compiler: c1, Barriers: 0, Oops: 0, ImmediateOops: 0, NonImmediateOops: No
[3,909s][debug][gc,nmethod     ] Register NMethod: net.openhft.hashing.Maths.unsignedLongMulXorFold (0x000074b193c52d08) [0x000074b193c52e00, 0x000074b193c52f38] Compiler: c1, Barriers: 0, Oops: 1, ImmediateOops: 1, NonImmediateOops: No
[3,909s][debug][gc,nmethod     ] Register NMethod: io.sirix.access.trx.page.NodePageReadOnlyTrx.getValue (0x000074b193c53008) [0x000074b193c53100, 0x000074b193c54c60] Compiler: c1, Barriers: 6, Oops: 1, ImmediateOops: 1, NonImmediateOops: No
[3,910s][debug][gc,nmethod     ] Register NMethod: java.nio.ByteOrder.nativeOrder (0x000074b1b2ccdc88) [0x000074b1b2ccdd80, 0x000074b1b2ccddf0] Compiler: jvmci, Barriers: 0, Oops: 0, ImmediateOops: 1, NonImmediateOops: No
[3,910s][debug][gc,nmethod     ] Register NMethod: net.openhft.hashing.MathsJDK9.unsignedLongMulXorFoldImp (0x000074b193c54c88) [0x000074b193c54d80, 0x000074b193c54f00] Compiler: c1, Barriers: 0, Oops: 1, ImmediateOops: 0, NonImmediateOops: No
[3,910s][debug][gc,nmethod     ] Register NMethod: io.sirix.node.MemorySegmentBytesOut.<init> (0x000074b193c54f88) [0x000074b193c55080, 0x000074b193c55308] Compiler: c1, Barriers: 3, Oops: 1, ImmediateOops: 0, NonImmediateOops: No
[3,910s][debug][gc,nmethod     ] Register NMethod: java.nio.Buffer.remaining (0x000074b1b2ccdf88) [0x000074b1b2cce080, 0x000074b1b2cce118] Compiler: jvmci, Barriers: 0, Oops: 0, ImmediateOops: 0, NonImmediateOops: No
[3,910s][debug][gc,nmethod     ] Register NMethod: io.sirix.access.trx.page.NodePageTrx.prepareRecordPage (0x000074b193c55388) [0x000074b193c55480, 0x000074b193c57a28] Compiler: c1, Barriers: 38, Oops: 4, ImmediateOops: 3, NonImmediateOops: No
[3,910s][debug][gc,nmethod     ] Register NMethod: net.openhft.hashing.XXH3.XXH3_mix16B (0x000074b193c57a88) [0x000074b193c57b80, 0x000074b193c59510] Compiler: c1, Barriers: 0, Oops: 3, ImmediateOops: 8, NonImmediateOops: No
[3,910s][debug][gc,nmethod     ] Register NMethod: jdk.internal.foreign.ConfinedSession$ConfinedResourceList.add (0x000074b193c59588) [0x000074b193c59680, 0x000074b193c59b28] Compiler: c1, Barriers: 11, Oops: 0, ImmediateOops: 2, NonImmediateOops: No
[3,910s][debug][gc,nmethod     ] Register NMethod: io.sirix.node.NodeSerializerImpl.serialize (0x000074b193c59b88) [0x000074b193c59c80, 0x000074b193c5a6b0] Compiler: c1, Barriers: 1, Oops: 1, ImmediateOops: 0, NonImmediateOops: No
[3,910s][debug][gc,nmethod     ] Register NMethod: java.nio.HeapByteBuffer.ix (0x000074b1b2cce288) [0x000074b1b2cce380, 0x000074b1b2cce408] Compiler: jvmci, Barriers: 0, Oops: 0, ImmediateOops: 0, NonImmediateOops: No
[3,911s][debug][gc,nmethod     ] Register NMethod: java.util.ArrayList$ArrayListSpliterator.trySplit (0x000074b193c5a708) [0x000074b193c5a800, 0x000074b193c5aaf8] Compiler: c1, Barriers: 0, Oops: 0, ImmediateOops: 0, NonImmediateOops: No
[3,911s][debug][gc,nmethod     ] Register NMethod: io.sirix.node.HashCountEntryNode.getNodeKey (0x000074b1b2cce588) [0x000074b1b2cce680, 0x000074b1b2cce740] Compiler: c1, Barriers: 0, Oops: 1, ImmediateOops: 0, NonImmediateOops: No
[3,911s][debug][gc,nmethod     ] Register NMethod: jdk.internal.foreign.AbstractMemorySegmentImpl$$Lambda/0x0000000061226cb8.apply (0x000074b193c5ab08) [0x000074b193c5ac00, 0x000074b193c5ade0] Compiler: c1, Barriers: 0, Oops: 0, ImmediateOops: 0, NonImmediateOops: No
[3,911s][debug][gc,nmethod     ] Register NMethod: jdk.internal.foreign.AbstractMemorySegmentImpl$$Lambda/0x0000000061227df8.apply (0x000074b193c5ae08) [0x000074b193c5af00, 0x000074b193c5b298] Compiler: c1, Barriers: 0, Oops: 0, ImmediateOops: 0, NonImmediateOops: No
[3,911s][debug][gc,nmethod     ] Register NMethod: jdk.internal.foreign.layout.ValueLayouts$AbstractValueLayout.withOrder (0x000074b193c5b308) [0x000074b193c5b400, 0x000074b193c5bc30] Compiler: c1, Barriers: 1, Oops: 0, ImmediateOops: 0, NonImmediateOops: No
[3,911s][debug][gc,nmethod     ] Register NMethod: java.util.ArrayList$ArrayListSpliterator.trySplit (0x000074b193c5bc88) [0x000074b193c5bd80, 0x000074b193c5c310] Compiler: c1, Barriers: 5, Oops: 0, ImmediateOops: 0, NonImmediateOops: No
[3,911s][debug][gc,nmethod     ] Register NMethod: jdk.internal.foreign.layout.ValueLayouts$OfByteImpl.dup (0x000074b193c5c388) [0x000074b193c5c480, 0x000074b193c5c778] Compiler: c1, Barriers: 0, Oops: 0, ImmediateOops: 0, NonImmediateOops: No
[3,912s][debug][gc,nmethod     ] Register NMethod: jdk.internal.foreign.HeapMemorySegmentImpl.<init> (0x000074b193c5c788) [0x000074b193c5c880, 0x000074b193c5cb38] Compiler: c1, Barriers: 6, Oops: 0, ImmediateOops: 0, NonImmediateOops: No
[3,912s][debug][gc,nmethod     ] Register NMethod: jdk.internal.foreign.AbstractMemorySegmentImpl.lambda$toArray$0 (0x000074b193c5cb88) [0x000074b193c5cc80, 0x000074b193c5cde8] Compiler: c1, Barriers: 0, Oops: 0, ImmediateOops: 0, NonImmediateOops: No
[3,912s][debug][gc,nmethod     ] Register NMethod: jdk.internal.foreign.layout.ValueLayouts$OfByteImpl.<init> (0x000074b193c5ce88) [0x000074b193c5cf80, 0x000074b193c5d0d8] Compiler: c1, Barriers: 0, Oops: 0, ImmediateOops: 1, NonImmediateOops: No
[3,912s][debug][gc,nmethod     ] Register NMethod: jdk.internal.foreign.layout.ValueLayouts$OfByteImpl.dup (0x000074b193c5d188) [0x000074b193c5d280, 0x000074b193c5d430] Compiler: c1, Barriers: 0, Oops: 0, ImmediateOops: 0, NonImmediateOops: No
[3,912s][debug][gc,nmethod     ] Register NMethod: it.unimi.dsi.fastutil.longs.LongArrayList.size (0x000074b1b2cce888) [0x000074b1b2cce980, 0x000074b1b2ccea40] Compiler: c1, Barriers: 0, Oops: 1, ImmediateOops: 0, NonImmediateOops: No
[3,912s][debug][gc,nmethod     ] Register NMethod: jdk.internal.foreign.layout.ValueLayouts$OfByteImpl.withOrder (0x000074b193c5d488) [0x000074b193c5d580, 0x000074b193c5d8d0] Compiler: c1, Barriers: 0, Oops: 0, ImmediateOops: 0, NonImmediateOops: No
[3,912s][debug][gc,director    ] Rule Major: Warmup 10%, Used: 176MB, UsedThreshold: 1228MB
[3,912s][debug][gc,nmethod     ] Register NMethod: java.lang.Class.getSimpleName (0x000074b193c5d908) [0x000074b193c5da00, 0x000074b193c5dc60] Compiler: c1, Barriers: 4, Oops: 0, ImmediateOops: 0, NonImmediateOops: No
[3,912s][debug][gc,nmethod     ] Register NMethod: io.sirix.node.HashEntryNode.getNodeKey (0x000074b1b2cceb88) [0x000074b1b2ccec80, 0x000074b1b2cced40] Compiler: c1, Barriers: 0, Oops: 1, ImmediateOops: 0, NonImmediateOops: No
[3,913s][debug][gc,nmethod     ] Register NMethod: jdk.internal.misc.Unsafe.putIntUnaligned (0x000074b1b2ccee88) [0x000074b1b2ccef80, 0x000074b1b2ccf018] Compiler: jvmci, Barriers: 0, Oops: 0, ImmediateOops: 0, NonImmediateOops: No
[3,913s][debug][gc,nmethod     ] Register NMethod: java.nio.DirectByteBuffer.isReadOnly (0x000074b1b2ccf188) [0x000074b1b2ccf280, 0x000074b1b2ccf340] Compiler: c1, Barriers: 0, Oops: 0, ImmediateOops: 0, NonImmediateOops: No
[3,913s][debug][gc,nmethod     ] Register NMethod: io.sirix.page.SerializationType.writeHash (0x000074b193c5dc88) [0x000074b193c5dd80, 0x000074b193c5e890] Compiler: c1, Barriers: 5, Oops: 1, ImmediateOops: 0, NonImmediateOops: No
[3,913s][debug][gc,nmethod     ] Register NMethod: io.sirix.page.SerializationType.writePageFragments (0x000074b193c5e908) [0x000074b193c5ea00, 0x000074b193c5fec8] Compiler: c1, Barriers: 5, Oops: 1, ImmediateOops: 0, NonImmediateOops: No
[3,914s][debug][gc,nmethod     ] Register NMethod: java.nio.HeapByteBuffer.isReadOnly (0x000074b1b2ccf488) [0x000074b1b2ccf580, 0x000074b1b2ccf640] Compiler: c1, Barriers: 0, Oops: 0, ImmediateOops: 0, NonImmediateOops: No
[3,918s][debug][gc,nmethod     ] Register NMethod: sun.security.provider.SHA2.implCompress0 (0x000074b1b2ccf788) [0x000074b1b2ccf880, 0x000074b1b2ccfd38] Compiler: jvmci, Barriers: 2, Oops: 0, ImmediateOops: 1, NonImmediateOops: No
[3,920s][debug][gc,nmethod     ] Register NMethod: java.io.FileDescriptor.unregisterCleanup (0x000074b193c5ff08) [0x000074b193c60000, 0x000074b193c60538] Compiler: c1, Barriers: 4, Oops: 0, ImmediateOops: 0, NonImmediateOops: No
[3,920s][debug][gc,nmethod     ] Register NMethod: java.io.FileDescriptor.close (0x000074b193c60588) [0x000074b193c60680, 0x000074b193c60f78] Compiler: c1, Barriers: 4, Oops: 0, ImmediateOops: 0, NonImmediateOops: No
[3,920s][debug][gc,nmethod     ] Register NMethod: com.github.benmanes.caffeine.cache.UnboundedLocalCache$UnboundedLocalAsyncCache.cache (0x000074b1b2ccfd88) [0x000074b1b2ccfe80, 0x000074b1b2ccff68] Compiler: c1, Barriers: 1, Oops: 1, ImmediateOops: 0, NonImmediateOops: No
[3,920s][debug][gc,nmethod     ] Register NMethod: jdk.internal.misc.Blocker.end (0x000074b193c60f88) [0x000074b193c61080, 0x000074b193c61518] Compiler: c1, Barriers: 1, Oops: 0, ImmediateOops: 1, NonImmediateOops: No
[3,921s][debug][gc,nmethod     ] Register NMethod: sun.nio.ch.UnixFileDispatcherImpl.pread0 (0x000074b1b2cd0088) [0x000074b1b2cd0180, 0x000074b1b2cd02f8] Compiler: , Barriers: 0, Oops: 0, ImmediateOops: 1, NonImmediateOops: No
[3,921s][debug][gc,nmethod     ] Register NMethod: java.lang.invoke.VarHandleInts$FieldInstanceReadOnly.getOpaque (0x000074b193c61588) [0x000074b193c61680, 0x000074b193c62290] Compiler: c1, Barriers: 1, Oops: 1, ImmediateOops: 1, NonImmediateOops: No
[3,921s][debug][gc,nmethod     ] Register NMethod: com.github.benmanes.caffeine.cache.BLCHeader$DrainStatusRef.drainStatusOpaque (0x000074b193c62308) [0x000074b193c62400, 0x000074b193c63240] Compiler: c1, Barriers: 0, Oops: 6, ImmediateOops: 6, NonImmediateOops: No
[3,921s][debug][gc,nmethod     ] Register NMethod: com.github.benmanes.caffeine.cache.SSMW.weightedSize (0x000074b1b2cd0388) [0x000074b1b2cd0480, 0x000074b1b2cd0540] Compiler: c1, Barriers: 0, Oops: 1, ImmediateOops: 0, NonImmediateOops: No
[3,921s][debug][gc,nmethod     ] Register NMethod: com.github.benmanes.caffeine.cache.SSMW.maximum (0x000074b1b2cd0688) [0x000074b1b2cd0780, 0x000074b1b2cd0840] Compiler: c1, Barriers: 0, Oops: 1, ImmediateOops: 0, NonImmediateOops: No
[3,922s][debug][gc,nmethod     ] Register NMethod: com.github.benmanes.caffeine.cache.BoundedLocalCache.expiresAfterAccess (0x000074b1b2cd0988) [0x000074b1b2cd0a80, 0x000074b1b2cd0b40] Compiler: c1, Barriers: 0, Oops: 1, ImmediateOops: 0, NonImmediateOops: No
[3,922s][debug][gc,nmethod     ] Register NMethod: io.sirix.access.trx.page.NodePageReadOnlyTrx.getNamePage (0x000074b193c63288) [0x000074b193c63380, 0x000074b193c64358] Compiler: c1, Barriers: 4, Oops: 1, ImmediateOops: 1, NonImmediateOops: No
[3,922s][debug][gc,director    ] Rule Major: Warmup 10%, Used: 178MB, UsedThreshold: 1228MB
[3,929s][debug][gc,nmethod     ] Register NMethod: java.lang.invoke.DirectMethodHandle$Holder.invokeStatic (0x000074b193c64388) [0x000074b193c64480, 0x000074b193c64850] Compiler: c1, Barriers: 1, Oops: 0, ImmediateOops: 0, NonImmediateOops: No
[3,930s][debug][gc,nmethod     ] Register NMethod: com.github.benmanes.caffeine.cache.SSMW.accessOrderWindowDeque (0x000074b1b2cd0c88) [0x000074b1b2cd0d80, 0x000074b1b2cd0e70] Compiler: c1, Barriers: 1, Oops: 1, ImmediateOops: 0, NonImmediateOops: No
[3,930s][debug][gc,nmethod     ] Register NMethod: com.github.benmanes.caffeine.cache.SSMW.windowWeightedSize (0x000074b1b2cd0f88) [0x000074b1b2cd1080, 0x000074b1b2cd1140] Compiler: c1, Barriers: 0, Oops: 1, ImmediateOops: 0, NonImmediateOops: No
[3,930s][debug][gc,nmethod     ] Register NMethod: com.github.benmanes.caffeine.cache.AbstractLinkedDeque.peekFirst (0x000074b1b2cd1288) [0x000074b1b2cd1380, 0x000074b1b2cd1468] Compiler: c1, Barriers: 1, Oops: 1, ImmediateOops: 0, NonImmediateOops: No
[3,930s][debug][gc,nmethod     ] Register NMethod: java.util.concurrent.ForkJoinPool.compareAndExchangeCtl (0x000074b193c64888) [0x000074b193c64980, 0x000074b193c64c90] Compiler: c1, Barriers: 0, Oops: 0, ImmediateOops: 1, NonImmediateOops: No
[3,930s][debug][gc,nmethod     ] Register NMethod: jdk.internal.util.DecimalDigits.uncheckedPutPairLatin1 (0x000074b193c64d08) [0x000074b193c64e00, 0x000074b193c64f88] Compiler: c1, Barriers: 0, Oops: 0, ImmediateOops: 1, NonImmediateOops: No
[3,932s][debug][gc,nmethod     ] Register NMethod: jdk.internal.util.DecimalDigits.stringSize (0x000074b193c65008) [0x000074b193c65100, 0x000074b193c65338] Compiler: c1, Barriers: 0, Oops: 0, ImmediateOops: 0, NonImmediateOops: No
[3,932s][debug][gc,nmethod     ] Register NMethod: io.sirix.node.MemorySegmentBytesIn.readInt (0x000074b193c65388) [0x000074b193c65480, 0x000074b193c69090] Compiler: c1, Barriers: 5, Oops: 6, ImmediateOops: 10, NonImmediateOops: No
[3,932s][debug][gc,nmethod     ] Register NMethod: com.github.benmanes.caffeine.cache.SSMW.setMissesInSample (0x000074b1b2cd1588) [0x000074b1b2cd1680, 0x000074b1b2cd1740] Compiler: c1, Barriers: 0, Oops: 1, ImmediateOops: 0, NonImmediateOops: No
[3,932s][debug][gc,director    ] Rule Major: Warmup 10%, Used: 178MB, UsedThreshold: 1228MB
[3,932s][debug][gc,nmethod     ] Register NMethod: jdk.internal.misc.Blocker.begin (0x000074b193c69108) [0x000074b193c69200, 0x000074b193c69358] Compiler: c1, Barriers: 0, Oops: 0, ImmediateOops: 0, NonImmediateOops: No
[3,933s][debug][gc,nmethod     ] Register NMethod: com.github.benmanes.caffeine.cache.SSMW.windowMaximum (0x000074b1b2cd1888) [0x000074b1b2cd1980, 0x000074b1b2cd1a40] Compiler: c1, Barriers: 0, Oops: 1, ImmediateOops: 0, NonImmediateOops: No
[3,934s][debug][gc,nmethod     ] Register NMethod: com.github.benmanes.caffeine.cache.SSMW.setHitsInSample (0x000074b1b2cd1b88) [0x000074b1b2cd1c80, 0x000074b1b2cd1d40] Compiler: c1, Barriers: 0, Oops: 1, ImmediateOops: 0, NonImmediateOops: No
[3,935s][debug][gc,nmethod     ] Register NMethod: java.lang.invoke.VarHandleReferences$FieldInstanceReadOnly.get (0x000074b193c69408) [0x000074b193c69500, 0x000074b193c69f28] Compiler: c1, Barriers: 2, Oops: 1, ImmediateOops: 0, NonImmediateOops: No
[3,935s][debug][gc,nmethod     ] Register NMethod: com.google.common.base.Preconditions.checkArgument (0x000074b193c69f88) [0x000074b193c6a080, 0x000074b193c6a250] Compiler: c1, Barriers: 0, Oops: 1, ImmediateOops: 0, NonImmediateOops: No
[3,936s][debug][gc,nmethod     ] Register NMethod: com.github.benmanes.caffeine.cache.PSMW.getPreviousInAccessOrder (0x000074b1b2cd1e88) [0x000074b1b2cd1f80, 0x000074b1b2cd2068] Compiler: c1, Barriers: 1, Oops: 1, ImmediateOops: 0, NonImmediateOops: No
[3,938s][debug][gc,nmethod     ] Register NMethod: java.io.FileOutputStream.writeBytes (0x000074b1b2cd2188) [0x000074b1b2cd2280, 0x000074b1b2cd23d8] Compiler: , Barriers: 0, Oops: 0, ImmediateOops: 0, NonImmediateOops: No
[3,939s][debug][gc,nmethod     ] Register NMethod: jdk.internal.classfile.impl.AbstractPoolEntry$AbstractRefsEntry.writeTo (0x000074b1b2cd2488) [0x000074b1b2cd2580, 0x000074b1b2cd2d00] Compiler: jvmci, Barriers: 6, Oops: 0, ImmediateOops: 0, NonImmediateOops: No
[3,939s][debug][gc,nmethod     ] Register NMethod: com.github.benmanes.caffeine.cache.FrequencySketch.isNotInitialized (0x000074b193c6a288) [0x000074b193c6a380, 0x000074b193c6a500] Compiler: c1, Barriers: 1, Oops: 1, ImmediateOops: 0, NonImmediateOops: No
[3,939s][debug][gc,nmethod     ] Register NMethod: java.lang.invoke.MethodHandle.invokeBasic (0x000074b1b2cd2d08) [0x000074b1b2cd2e00, 0x000074b1b2cd3098] Compiler: , Barriers: 0, Oops: 0, ImmediateOops: 0, NonImmediateOops: No
[3,940s][debug][gc,nmethod     ] Register NMethod: java.lang.Thread.interrupted (0x000074b193c6a588) [0x000074b193c6a680, 0x000074b193c6a9b8] Compiler: c1, Barriers: 1, Oops: 0, ImmediateOops: 0, NonImmediateOops: No
[3,941s][debug][gc,nmethod     ] Register NMethod: java.lang.invoke.VarHandleGuards.guard_LII_Z (0x000074b193c6aa08) [0x000074b193c6ab00, 0x000074b193c6d9f8] Compiler: c1, Barriers: 28, Oops: 0, ImmediateOops: 2, NonImmediateOops: No
[3,942s][debug][gc,nmethod     ] Register NMethod: com.github.benmanes.caffeine.cache.PSMW.getPolicyWeight (0x000074b1b2cd3108) [0x000074b1b2cd3200, 0x000074b1b2cd32c0] Compiler: c1, Barriers: 0, Oops: 1, ImmediateOops: 0, NonImmediateOops: No
[3,942s][debug][gc,nmethod     ] Register NMethod: java.lang.Math.floorDiv (0x000074b193c6da08) [0x000074b193c6db00, 0x000074b193c6dcc0] Compiler: c1, Barriers: 0, Oops: 0, ImmediateOops: 0, NonImmediateOops: No
[3,942s][debug][gc,nmethod     ] Register NMethod: com.github.benmanes.caffeine.cache.PSMW.getQueueType (0x000074b1b2cd3408) [0x000074b1b2cd3500, 0x000074b1b2cd35c0] Compiler: c1, Barriers: 0, Oops: 1, ImmediateOops: 0, NonImmediateOops: No
[3,942s][debug][gc,nmethod     ] Register NMethod: java.lang.Character.isUpperCase (0x000074b193c6dd08) [0x000074b193c6de00, 0x000074b193c6e188] Compiler: c1, Barriers: 0, Oops: 0, ImmediateOops: 0, NonImmediateOops: No
[3,942s][debug][gc,nmethod     ] Register NMethod: java.lang.Character.isUpperCase (0x000074b193c6e208) [0x000074b193c6e300, 0x000074b193c6e630] Compiler: c1, Barriers: 0, Oops: 0, ImmediateOops: 0, NonImmediateOops: No
[3,942s][debug][gc,director    ] Rule Major: Warmup 10%, Used: 178MB, UsedThreshold: 1228MB
[3,944s][debug][gc,nmethod     ] Register NMethod: io.sirix.cache.IndexLogKey.getIndexType (0x000074b1b2cd3708) [0x000074b1b2cd3800, 0x000074b1b2cd38e8] Compiler: c1, Barriers: 1, Oops: 1, ImmediateOops: 0, NonImmediateOops: No
[3,944s][debug][gc,nmethod     ] Register NMethod: io.sirix.cache.IndexLogKey.getRecordPageKey (0x000074b1b2cd3a08) [0x000074b1b2cd3b00, 0x000074b1b2cd3bc0] Compiler: c1, Barriers: 0, Oops: 1, ImmediateOops: 0, NonImmediateOops: No
[3,944s][debug][gc,nmethod     ] Register NMethod: io.sirix.index.path.summary.PathNode.structDelegate (0x000074b1b2cd3d08) [0x000074b1b2cd3e00, 0x000074b1b2cd3ee8] Compiler: c1, Barriers: 1, Oops: 1, ImmediateOops: 0, NonImmediateOops: No
[3,945s][debug][gc,nmethod     ] Register NMethod: io.sirix.access.trx.page.NodePageTrx.getPageContainer (0x000074b193c6e688) [0x000074b193c6e780, 0x000074b193c6f8c0] Compiler: c1, Barriers: 12, Oops: 4, ImmediateOops: 2, NonImmediateOops: No
[3,945s][debug][gc,nmethod     ] Register NMethod: io.sirix.access.trx.page.NodePageTrx.getRecord (0x000074b193c6f908) [0x000074b193c6fa00, 0x000074b193c719a0] Compiler: c1, Barriers: 8, Oops: 1, ImmediateOops: 2, NonImmediateOops: No
[3,946s][debug][gc,nmethod     ] Register NMethod: io.sirix.page.delegates.ReferencesPage4.getOrCreateReference (0x000074b193c71a08) [0x000074b193c71b00, 0x000074b193c73888] Compiler: c1, Barriers: 11, Oops: 1, ImmediateOops: 1, NonImmediateOops: No
[3,946s][debug][gc,nmethod     ] Register NMethod: io.sirix.cache.IndexLogKey.<init> (0x000074b193c73908) [0x000074b193c73a00, 0x000074b193c73be0] Compiler: c1, Barriers: 3, Oops: 1, ImmediateOops: 0, NonImmediateOops: No
[3,946s][debug][gc,nmethod     ] Register NMethod: jdk.internal.misc.Unsafe.setMemory0 (0x000074b1b2cd4008) [0x000074b1b2cd4100, 0x000074b1b2cd4258] Compiler: , Barriers: 0, Oops: 0, ImmediateOops: 0, NonImmediateOops: No
[3,946s][debug][gc,nmethod     ] Register NMethod: io.sirix.access.trx.page.NodePageReadOnlyTrx.checkItemIfDeleted (0x000074b193c73c08) [0x000074b193c73d00, 0x000074b193c74060] Compiler: c1, Barriers: 0, Oops: 1, ImmediateOops: 0, NonImmediateOops: No
[3,946s][debug][gc,nmethod     ] Register NMethod: io.sirix.page.RevisionRootPage.getPathSummaryPageReference (0x000074b193c74088) [0x000074b193c74180, 0x000074b193c746f0] Compiler: c1, Barriers: 1, Oops: 1, ImmediateOops: 0, NonImmediateOops: No
[3,946s][debug][gc,nmethod     ] Register NMethod: io.sirix.page.PathSummaryPage.delegate (0x000074b1b2cd4308) [0x000074b1b2cd4400, 0x000074b1b2cd44e8] Compiler: c1, Barriers: 1, Oops: 1, ImmediateOops: 0, NonImmediateOops: No
[3,946s][debug][gc,nmethod     ] Register NMethod: java.lang.StringCoding.implEncodeAsciiArray (0x000074b1b2cd4608) [0x000074b1b2cd47c0, 0x000074b1b2cd4c18] Compiler: jvmci, Barriers: 0, Oops: 0, ImmediateOops: 0, NonImmediateOops: No
[3,946s][debug][gc,nmethod     ] Register NMethod: io.sirix.cache.IndexLogKey.getIndexNumber (0x000074b1b2cd4c88) [0x000074b1b2cd4d80, 0x000074b1b2cd4e40] Compiler: c1, Barriers: 0, Oops: 1, ImmediateOops: 0, NonImmediateOops: No
[3,947s][debug][gc,nmethod     ] Register NMethod: java.lang.invoke.VarHandleInts$FieldInstanceReadWrite.compareAndSet (0x000074b193c74708) [0x000074b193c74800, 0x000074b193c75230] Compiler: c1, Barriers: 1, Oops: 1, ImmediateOops: 0, NonImmediateOops: No
[3,950s][debug][gc,nmethod     ] Register NMethod: net.jpountz.lz4.LZ4BlockInputStream.tryReadFully (0x000074b193c75288) [0x000074b193c75380, 0x000074b193c75900] Compiler: c1, Barriers: 1, Oops: 1, ImmediateOops: 0, NonImmediateOops: No
[3,951s][debug][gc,nmethod     ] Register NMethod: io.sirix.page.KeyValueLeafPage.setData (0x000074b193c75988) [0x000074b193c75a80, 0x000074b193cbb200] Compiler: c1, Barriers: 182, Oops: 16, ImmediateOops: 164, NonImmediateOops: No
[3,951s][debug][gc,nmethod     ] Register NMethod: java.nio.channels.spi.AbstractInterruptibleChannel.begin (0x000074b193cbb288) [0x000074b193cbb380, 0x000074b193cbbf98] Compiler: c1, Barriers: 6, Oops: 0, ImmediateOops: 1, NonImmediateOops: No
[3,952s][debug][gc,nmethod     ] Register NMethod: java.nio.channels.spi.AbstractInterruptibleChannel.end (0x000074b193cbc008) [0x000074b193cbc100, 0x000074b193cbcba0] Compiler: c1, Barriers: 8, Oops: 0, ImmediateOops: 1, NonImmediateOops: No
[3,952s][debug][gc,nmethod     ] Register NMethod: jdk.internal.foreign.AbstractMemorySegmentImpl.get (0x000074b193cbcc08) [0x000074b193cbcd00, 0x000074b193cc0638] Compiler: c1, Barriers: 27, Oops: 5, ImmediateOops: 12, NonImmediateOops: No
[3,953s][debug][gc,director    ] Rule Major: Warmup 10%, Used: 180MB, UsedThreshold: 1228MB
[3,953s][debug][gc,nmethod     ] Register NMethod: io.sirix.node.MemorySegmentBytesIn.readLong (0x000074b193cc0688) [0x000074b193cc0780, 0x000074b193cc4390] Compiler: c1, Barriers: 5, Oops: 6, ImmediateOops: 10, NonImmediateOops: No
[3,954s][debug][gc,nmethod     ] Register NMethod: io.sirix.node.Bytes.elasticHeapByteBuffer (0x000074b193cc4408) [0x000074b193cc4500, 0x000074b193cc5308] Compiler: c1, Barriers: 9, Oops: 2, ImmediateOops: 1, NonImmediateOops: No
[3,954s][debug][gc,nmethod     ] Register NMethod: io.sirix.page.KeyValueLeafPage.getPageKey (0x000074b1b2cd4f88) [0x000074b1b2cd5080, 0x000074b1b2cd5140] Compiler: c1, Barriers: 0, Oops: 1, ImmediateOops: 0, NonImmediateOops: No
[3,955s][debug][gc,nmethod     ] Register NMethod: com.github.benmanes.caffeine.cache.PSMW.setNextInAccessOrder (0x000074b1b2cd5288) [0x000074b1b2cd5380, 0x000074b1b2cd54b0] Compiler: c1, Barriers: 3, Oops: 1, ImmediateOops: 0, NonImmediateOops: No
[3,956s][debug][gc,nmethod     ] Register NMethod: com.github.benmanes.caffeine.cache.PSMW.setPreviousInAccessOrder (0x000074b1b2cd5588) [0x000074b1b2cd5680, 0x000074b1b2cd57b0] Compiler: c1, Barriers: 3, Oops: 1, ImmediateOops: 0, NonImmediateOops: No
[3,956s][debug][gc,nmethod     ] Register NMethod: jdk.internal.util.DecimalDigits.uncheckedGetCharsLatin1 (0x000074b193cc5388) [0x000074b193cc5480, 0x000074b193cc5990] Compiler: c1, Barriers: 0, Oops: 0, ImmediateOops: 0, NonImmediateOops: No
[3,957s][debug][gc,nmethod     ] Register NMethod: com.github.benmanes.caffeine.cache.SSMW.fastpath (0x000074b1b2cd5888) [0x000074b1b2cd5980, 0x000074b1b2cd5a40] Compiler: c1, Barriers: 0, Oops: 1, ImmediateOops: 0, NonImmediateOops: No
[3,957s][debug][gc,nmethod     ] Register NMethod: java.util.concurrent.atomic.AtomicInteger.incrementAndGet (0x000074b193cc5a08) [0x000074b193cc5b00, 0x000074b193cc5c10] Compiler: c1, Barriers: 0, Oops: 0, ImmediateOops: 0, NonImmediateOops: No
[3,957s][debug][gc,nmethod     ] Register NMethod: com.github.benmanes.caffeine.cache.BoundedLocalCache.collectValues (0x000074b1b2cd5b88) [0x000074b1b2cd5c80, 0x000074b1b2cd5d40] Compiler: c1, Barriers: 0, Oops: 1, ImmediateOops: 0, NonImmediateOops: No
[3,957s][debug][gc,nmethod     ] Register NMethod: com.github.benmanes.caffeine.cache.PSMW.getNextInAccessOrder (0x000074b1b2cd5e88) [0x000074b1b2cd5f80, 0x000074b1b2cd6068] Compiler: c1, Barriers: 1, Oops: 1, ImmediateOops: 0, NonImmediateOops: No
[3,958s][debug][gc,nmethod     ] Register NMethod: jdk.internal.misc.Unsafe.putLongRelease (0x000074b193cc5d08) [0x000074b193cc5e00, 0x000074b193cc5f18] Compiler: c1, Barriers: 0, Oops: 0, ImmediateOops: 0, NonImmediateOops: No
[3,958s][debug][gc,nmethod     ] Register NMethod: java.lang.invoke.VarHandleReferences$Array.runtimeTypeCheck (0x000074b193cc6008) [0x000074b193cc6100, 0x000074b193cc74d0] Compiler: c1, Barriers: 5, Oops: 0, ImmediateOops: 0, NonImmediateOops: No
[3,959s][debug][gc,nmethod     ] Register NMethod: io.sirix.node.MemorySegmentBytesIn.read (0x000074b193cc7508) [0x000074b193cc7600, 0x000074b193cc7758] Compiler: c1, Barriers: 0, Oops: 1, ImmediateOops: 0, NonImmediateOops: No
[3,959s][debug][gc,nmethod     ] Register NMethod: java.nio.MappedByteBuffer.flip (0x000074b193cc7808) [0x000074b193cc7900, 0x000074b193cc7ad8] Compiler: c1, Barriers: 0, Oops: 0, ImmediateOops: 0, NonImmediateOops: No
[3,959s][debug][gc,nmethod     ] Register NMethod: com.github.benmanes.caffeine.cache.SSMW.setWindowWeightedSize (0x000074b1b2cd6188) [0x000074b1b2cd6280, 0x000074b1b2cd6340] Compiler: c1, Barriers: 0, Oops: 1, ImmediateOops: 0, NonImmediateOops: No
[3,959s][debug][gc,nmethod     ] Register NMethod: com.github.benmanes.caffeine.cache.SSMW.accessOrderProbationDeque (0x000074b1b2cd6488) [0x000074b1b2cd6580, 0x000074b1b2cd6670] Compiler: c1, Barriers: 1, Oops: 1, ImmediateOops: 0, NonImmediateOops: No
[3,959s][debug][gc,nmethod     ] Register NMethod: java.time.format.DecimalStyle.getZeroDigit (0x000074b1b2cd6788) [0x000074b1b2cd6880, 0x000074b1b2cd6948] Compiler: c1, Barriers: 0, Oops: 0, ImmediateOops: 0, NonImmediateOops: No
[3,959s][debug][gc,nmethod     ] Register NMethod: java.time.format.DateTimeFormatter.getDecimalStyle (0x000074b1b2cd6a88) [0x000074b1b2cd6b80, 0x000074b1b2cd6c68] Compiler: c1, Barriers: 1, Oops: 0, ImmediateOops: 0, NonImmediateOops: No
[3,960s][debug][gc,nmethod     ] Register NMethod: com.github.benmanes.caffeine.cache.BaseMpscLinkedArrayQueue.lvProducerLimit (0x000074b1b2cd6d88) [0x000074b1b2cd6e80, 0x000074b1b2cd6f48] Compiler: c1, Barriers: 0, Oops: 1, ImmediateOops: 0, NonImmediateOops: No
[3,960s][debug][gc,nmethod     ] Register NMethod: java.lang.invoke.VarHandleInts$FieldInstanceReadWrite.setRelease (0x000074b193cc7b08) [0x000074b193cc7c00, 0x000074b193cc8800] Compiler: c1, Barriers: 1, Oops: 1, ImmediateOops: 1, NonImmediateOops: No
[3,960s][debug][gc,nmethod     ] Register NMethod: java.lang.invoke.MethodHandle.invokeBasic (0x000074b1b2cd7088) [0x000074b1b2cd7180, 0x000074b1b2cd7418] Compiler: , Barriers: 0, Oops: 0, ImmediateOops: 0, NonImmediateOops: No
[3,960s][debug][gc,nmethod     ] Register NMethod: jdk.internal.misc.Unsafe.putIntRelease (0x000074b193cc8888) [0x000074b193cc8980, 0x000074b193cc8a88] Compiler: c1, Barriers: 0, Oops: 0, ImmediateOops: 0, NonImmediateOops: No
[3,960s][debug][gc,nmethod     ] Register NMethod: com.github.benmanes.caffeine.cache.BLCHeader$DrainStatusRef.setDrainStatusRelease (0x000074b193cc8b88) [0x000074b193cc8c80, 0x000074b193cc9ae0] Compiler: c1, Barriers: 0, Oops: 6, ImmediateOops: 6, NonImmediateOops: No
[3,960s][debug][gc,nmethod     ] Register NMethod: java.util.Formatter$Conversion.isValid (0x000074b193cc9b88) [0x000074b193cc9c80, 0x000074b193cca1a8] Compiler: c1, Barriers: 0, Oops: 0, ImmediateOops: 0, NonImmediateOops: No
[3,961s][debug][gc,nmethod     ] Register NMethod: java.lang.invoke.MethodHandle.invokeBasic (0x000074b1b2cd7488) [0x000074b1b2cd7580, 0x000074b1b2cd7818] Compiler: , Barriers: 0, Oops: 0, ImmediateOops: 0, NonImmediateOops: No
[3,961s][debug][gc,nmethod     ] Register NMethod: java.lang.invoke.VarHandleReferences$Array.setRelease (0x000074b193cca208) [0x000074b193cca300, 0x000074b193ccc368] Compiler: c1, Barriers: 5, Oops: 2, ImmediateOops: 2, NonImmediateOops: No
[3,961s][debug][gc,nmethod     ] Register NMethod: java.lang.invoke.VarHandleGuards.guard_LI_V (0x000074b193ccc388) [0x000074b193ccc480, 0x000074b193cd1060] Compiler: c1, Barriers: 46, Oops: 1, ImmediateOops: 6, NonImmediateOops: No
[3,961s][debug][gc,nmethod     ] Register NMethod: com.github.benmanes.caffeine.cache.BLCHeader$DrainStatusRef.casDrainStatus (0x000074b193cd1088) [0x000074b193cd1180, 0x000074b193cd1dd0] Compiler: c1, Barriers: 0, Oops: 6, ImmediateOops: 5, NonImmediateOops: No
[3,961s][debug][gc,nmethod     ] Register NMethod: com.github.benmanes.caffeine.cache.SSMW.setWeightedSize (0x000074b1b2cd7888) [0x000074b1b2cd7980, 0x000074b1b2cd7a40] Compiler: c1, Barriers: 0, Oops: 1, ImmediateOops: 0, NonImmediateOops: No
[3,962s][debug][gc,nmethod     ] Register NMethod: com.github.benmanes.caffeine.cache.SSMW.setPreviousSampleHitRate (0x000074b1b2cd7b88) [0x000074b1b2cd7c80, 0x000074b1b2cd7d40] Compiler: c1, Barriers: 0, Oops: 1, ImmediateOops: 0, NonImmediateOops: No
[3,962s][debug][gc,nmethod     ] Register NMethod: com.github.benmanes.caffeine.cache.SSMW.mainProtectedMaximum (0x000074b1b2cd7e88) [0x000074b1b2cd7f80, 0x000074b1b2cd8040] Compiler: c1, Barriers: 0, Oops: 1, ImmediateOops: 0, NonImmediateOops: No
[3,962s][debug][gc,nmethod     ] Register NMethod: com.github.benmanes.caffeine.cache.SSMW.adjustment (0x000074b1b2cd8188) [0x000074b1b2cd8280, 0x000074b1b2cd8340] Compiler: c1, Barriers: 0, Oops: 1, ImmediateOops: 0, NonImmediateOops: No
[3,962s][debug][gc,nmethod     ] Register NMethod: com.github.benmanes.caffeine.cache.PSMW.getWeight (0x000074b1b2cd8488) [0x000074b1b2cd8580, 0x000074b1b2cd8640] Compiler: c1, Barriers: 0, Oops: 1, ImmediateOops: 0, NonImmediateOops: No
[3,962s][debug][gc,nmethod     ] Register NMethod: com.github.benmanes.caffeine.cache.SSMW.mainProtectedWeightedSize (0x000074b1b2cd8788) [0x000074b1b2cd8880, 0x000074b1b2cd8940] Compiler: c1, Barriers: 0, Oops: 1, ImmediateOops: 0, NonImmediateOops: No
[3,962s][debug][gc,nmethod     ] Register NMethod: io.sirix.node.MemorySegmentBytesIn.read (0x000074b193cd1e08) [0x000074b193cd1f00, 0x000074b193cd89f8] Compiler: c1, Barriers: 7, Oops: 9, ImmediateOops: 16, NonImmediateOops: No
[3,962s][debug][gc,nmethod     ] Register NMethod: java.lang.invoke.VarHandleGuards.guard_LIL_V (0x000074b193cd8a88) [0x000074b193cd8b80, 0x000074b193cdd780] Compiler: c1, Barriers: 46, Oops: 1, ImmediateOops: 6, NonImmediateOops: No
[3,963s][debug][gc,director    ] Rule Major: Warmup 10%, Used: 182MB, UsedThreshold: 1228MB
[3,963s][debug][gc,nmethod     ] Register NMethod: com.github.benmanes.caffeine.cache.PS.getKeyReference (0x000074b193cdd808) [0x000074b193cdd900, 0x000074b193cdead8] Compiler: c1, Barriers: 1, Oops: 7, ImmediateOops: 8, NonImmediateOops: No
[3,964s][debug][gc,nmethod     ] Register NMethod: java.util.concurrent.atomic.AtomicInteger.decrementAndGet (0x000074b193cdeb88) [0x000074b193cdec80, 0x000074b193cded90] Compiler: c1, Barriers: 0, Oops: 0, ImmediateOops: 0, NonImmediateOops: No
[3,964s][debug][gc,nmethod     ] Register NMethod: io.sirix.page.KeyValueLeafPage.getNumberOfNonNullEntries (0x000074b193cdee88) [0x000074b193cdef80, 0x000074b193cdf530] Compiler: c1, Barriers: 2, Oops: 1, ImmediateOops: 0, NonImmediateOops: No
[3,965s][debug][gc,nmethod     ] Register NMethod: io.sirix.page.KeyValueLeafPage.getNumberOfNonNullEntries (0x000074b193cdf588) [0x000074b193cdf680, 0x000074b193cdfba0] Compiler: c1, Barriers: 2, Oops: 1, ImmediateOops: 0, NonImmediateOops: No
[3,966s][debug][gc,nmethod     ] Register NMethod: io.sirix.page.KeyValueLeafPage.setDeweyId (0x000074b193cdfc08) [0x000074b193cdfd00, 0x000074b193cdff58] Compiler: c1, Barriers: 5, Oops: 1, ImmediateOops: 0, NonImmediateOops: No
[3,968s][debug][gc,nmethod     ] Register NMethod: java.nio.file.FileSystems.getDefault (0x000074b193cdff88) [0x000074b193ce0080, 0x000074b193ce04e0] Compiler: c1, Barriers: 1, Oops: 0, ImmediateOops: 3, NonImmediateOops: No
[3,968s][debug][gc,nmethod     ] Register NMethod: java.util.Formatter$Conversion.isText (0x000074b193ce0508) [0x000074b193ce0600, 0x000074b193ce0758] Compiler: c1, Barriers: 0, Oops: 0, ImmediateOops: 0, NonImmediateOops: No
[3,968s][debug][gc,nmethod     ] Register NMethod: java.lang.StringBuilder.append (0x000074b193ce0808) [0x000074b193ce0900, 0x000074b193ce0a48] Compiler: c1, Barriers: 0, Oops: 0, ImmediateOops: 0, NonImmediateOops: No
[3,968s][debug][gc,nmethod     ] Register NMethod: java.lang.StringBuilder.append (0x000074b193ce0b08) [0x000074b193ce0c00, 0x000074b193ce0f60] Compiler: c1, Barriers: 0, Oops: 0, ImmediateOops: 0, NonImmediateOops: No
[3,969s][debug][gc,nmethod     ] Register NMethod: java.lang.AbstractStringBuilder.append (0x000074b193ce0f88) [0x000074b193ce1080, 0x000074b193ce22d8] Compiler: c1, Barriers: 0, Oops: 0, ImmediateOops: 0, NonImmediateOops: No
[3,969s][debug][gc,nmethod     ] Register NMethod: java.util.Formatter$FormatSpecifier.print (0x000074b193ce2308) [0x000074b193ce2400, 0x000074b193ce2d10] Compiler: c1, Barriers: 2, Oops: 0, ImmediateOops: 2, NonImmediateOops: No
[3,969s][debug][gc,nmethod     ] Register NMethod: com.github.benmanes.caffeine.cache.BoundedLocalCache.expiry (0x000074b1b2cd8a88) [0x000074b1b2cd8b80, 0x000074b1b2cd8c48] Compiler: c1, Barriers: 0, Oops: 1, ImmediateOops: 0, NonImmediateOops: No
[3,969s][debug][gc,nmethod     ] Register NMethod: com.github.benmanes.caffeine.cache.PSMW.getPreviousInAccessOrder (0x000074b193ce2d88) [0x000074b193ce2e80, 0x000074b193ce3180] Compiler: c1, Barriers: 1, Oops: 1, ImmediateOops: 0, NonImmediateOops: No
[3,970s][debug][gc,nmethod     ] Register NMethod: java.lang.Class.descriptorString (0x000074b1b2cd8d88) [0x000074b1b2cd8f00, 0x000074b1b2cda1e0] Compiler: jvmci, Barriers: 13, Oops: 3, ImmediateOops: 5, NonImmediateOops: No
[3,971s][debug][gc,nmethod     ] Register NMethod: io.sirix.cache.IndexLogKey.getRevisionNumber (0x000074b1b2cda208) [0x000074b1b2cda300, 0x000074b1b2cda3c0] Compiler: c1, Barriers: 0, Oops: 1, ImmediateOops: 0, NonImmediateOops: No
[3,971s][debug][gc,nmethod     ] Register NMethod: io.sirix.page.UberPage.getPageCountExp (0x000074b193ce3208) [0x000074b193ce3300, 0x000074b193ce3848] Compiler: c1, Barriers: 0, Oops: 1, ImmediateOops: 4, NonImmediateOops: No
[3,971s][debug][gc,nmethod     ] Register NMethod: io.sirix.cache.IndexLogKey.hashCode (0x000074b193ce3888) [0x000074b193ce3980, 0x000074b193ce3d28] Compiler: c1, Barriers: 1, Oops: 1, ImmediateOops: 0, NonImmediateOops: No
[3,971s][debug][gc,nmethod     ] Register NMethod: io.sirix.access.trx.page.NodePageReadOnlyTrx.getPathSummaryPage (0x000074b193ce3d88) [0x000074b193ce3e80, 0x000074b193ce4e58] Compiler: c1, Barriers: 4, Oops: 1, ImmediateOops: 1, NonImmediateOops: No
[3,972s][debug][gc,nmethod     ] Register NMethod: java.util.concurrent.locks.AbstractQueuedSynchronizer.compareAndSetState (0x000074b1b2cda508) [0x000074b1b2cda600, 0x000074b1b2cda690] Compiler: jvmci, Barriers: 0, Oops: 0, ImmediateOops: 0, NonImmediateOops: No
[3,972s][debug][gc,nmethod     ] Register NMethod: java.lang.invoke.MethodHandle.linkToSpecial (0x000074b1b2cda808) [0x000074b1b2cda900, 0x000074b1b2cda9f8] Compiler: , Barriers: 0, Oops: 0, ImmediateOops: 0, NonImmediateOops: No
[3,972s][debug][gc,nmethod     ] Register NMethod: java.lang.Long.bitCount (0x000074b1b2cdab08) [0x000074b1b2cdac00, 0x000074b1b2cdacd0] Compiler: jvmci, Barriers: 0, Oops: 0, ImmediateOops: 0, NonImmediateOops: No
[3,973s][debug][gc,nmethod     ] Register NMethod: io.sirix.page.KeyValueLeafPage.alignOffset (0x000074b1b2cdae08) [0x000074b1b2cdaf00, 0x000074b1b2cdaf68] Compiler: jvmci, Barriers: 0, Oops: 1, ImmediateOops: 0, NonImmediateOops: No
[3,973s][debug][gc,nmethod     ] Register NMethod: java.util.concurrent.ConcurrentLinkedDeque.skipDeletedSuccessors (0x000074b193ce4e88) [0x000074b193ce4f80, 0x000074b193ce6cb0] Compiler: c1, Barriers: 11, Oops: 5, ImmediateOops: 11, NonImmediateOops: No
[3,973s][debug][gc,director    ] Rule Major: Warmup 10%, Used: 184MB, UsedThreshold: 1228MB
[3,973s][debug][gc,nmethod     ] Register NMethod: java.lang.invoke.MethodHandle.linkToSpecial (0x000074b1b2cdb108) [0x000074b1b2cdb200, 0x000074b1b2cdb2f8] Compiler: , Barriers: 0, Oops: 0, ImmediateOops: 0, NonImmediateOops: No
[3,973s][debug][gc,nmethod     ] Register NMethod: jdk.internal.access.SharedSecrets.getJavaLangAccess (0x000074b1b2cdb408) [0x000074b1b2cdb500, 0x000074b1b2cdb5a8] Compiler: jvmci, Barriers: 1, Oops: 0, ImmediateOops: 1, NonImmediateOops: No
[3,974s][debug][gc,nmethod     ] Register NMethod: io.sirix.access.trx.page.NodePageReadOnlyTrx.getCurrentMaxIndirectPageTreeLevel (0x000074b193ce6d08) [0x000074b193ce6e00, 0x000074b193cee5d8] Compiler: c1, Barriers: 20, Oops: 1, ImmediateOops: 6, NonImmediateOops: No
[3,974s][debug][gc,nmethod     ] Register NMethod: io.sirix.access.trx.page.NodePageReadOnlyTrx.getPageReference (0x000074b193cee608) [0x000074b193cee700, 0x000074b193cf77a8] Compiler: c1, Barriers: 28, Oops: 1, ImmediateOops: 7, NonImmediateOops: No
[3,974s][debug][gc,nmethod     ] Register NMethod: java.util.concurrent.ConcurrentLinkedDeque.unlink (0x000074b193cf7808) [0x000074b193cf7900, 0x000074b193cfae68] Compiler: c1, Barriers: 14, Oops: 6, ImmediateOops: 20, NonImmediateOops: No
[3,974s][debug][gc,nmethod     ] Register NMethod: java.lang.invoke.MethodHandle.invokeBasic (0x000074b1b2cdb708) [0x000074b1b2cdb800, 0x000074b1b2cdba98] Compiler: , Barriers: 0, Oops: 0, ImmediateOops: 0, NonImmediateOops: No
[3,974s][debug][gc,nmethod     ] Register NMethod: java.lang.invoke.MethodHandle.linkToSpecial (0x000074b1b2cdbb08) [0x000074b1b2cdbc00, 0x000074b1b2cdbcf8] Compiler: , Barriers: 0, Oops: 0, ImmediateOops: 0, NonImmediateOops: No
[3,974s][debug][gc,nmethod     ] Register NMethod: java.util.concurrent.ConcurrentLinkedDeque.skipDeletedPredecessors (0x000074b193cfaf08) [0x000074b193cfb000, 0x000074b193cfcd30] Compiler: c1, Barriers: 11, Oops: 5, ImmediateOops: 11, NonImmediateOops: No
[3,974s][debug][gc,nmethod     ] Register NMethod: java.util.concurrent.ConcurrentLinkedDeque.prevTerminator (0x000074b193cfcd88) [0x000074b193cfce80, 0x000074b193cfcf88] Compiler: c1, Barriers: 0, Oops: 0, ImmediateOops: 1, NonImmediateOops: No
[3,974s][debug][gc,nmethod     ] Register NMethod: io.sirix.access.trx.page.NodePageReadOnlyTrx$RecordPage.page (0x000074b1b2cdbe08) [0x000074b1b2cdbf00, 0x000074b1b2cdbfe8] Compiler: c1, Barriers: 1, Oops: 1, ImmediateOops: 0, NonImmediateOops: No
[3,975s][debug][gc,nmethod     ] Register NMethod: sun.nio.fs.UnixPath.hashCode (0x000074b193cfd088) [0x000074b193cfd180, 0x000074b193cfd340] Compiler: c1, Barriers: 1, Oops: 0, ImmediateOops: 0, NonImmediateOops: No
[3,975s][debug][gc,nmethod     ] Register NMethod: java.util.concurrent.ConcurrentLinkedDeque.updateHead (0x000074b193cfd388) [0x000074b193cfd480, 0x000074b193cff010] Compiler: c1, Barriers: 11, Oops: 6, ImmediateOops: 11, NonImmediateOops: No
[3,975s][debug][gc,nmethod     ] Register NMethod: java.util.concurrent.ConcurrentLinkedDeque.updateTail (0x000074b193cff088) [0x000074b193cff180, 0x000074b193d00d10] Compiler: c1, Barriers: 11, Oops: 6, ImmediateOops: 11, NonImmediateOops: No
[3,976s][debug][gc,nmethod     ] Register NMethod: java.util.concurrent.CopyOnWriteArrayList.size (0x000074b193d00d88) [0x000074b193d00e80, 0x000074b193d01188] Compiler: c1, Barriers: 1, Oops: 0, ImmediateOops: 0, NonImmediateOops: No
[3,977s][debug][gc,nmethod     ] Register NMethod: java.lang.invoke.DirectMethodHandle.constructorMethod (0x000074b1b2cdc108) [0x000074b1b2cdc200, 0x000074b1b2cdc320] Compiler: jvmci, Barriers: 1, Oops: 0, ImmediateOops: 0, NonImmediateOops: No
[3,977s][debug][gc,nmethod     ] Register NMethod: java.lang.Class.newReflectionData (0x000074b193d01208) [0x000074b193d01300, 0x000074b193d01e40] Compiler: c1, Barriers: 7, Oops: 0, ImmediateOops: 2, NonImmediateOops: No
[3,978s][debug][gc,nmethod     ] Register NMethod: java.lang.invoke.MethodHandle.linkToSpecial (0x000074b1b2cdc408) [0x000074b1b2cdc500, 0x000074b1b2cdc5f8] Compiler: , Barriers: 0, Oops: 0, ImmediateOops: 0, NonImmediateOops: No
[3,979s][debug][gc,nmethod     ] Register NMethod: org.magicwerk.brownies.collections.GapList.add (0x000074b193d01e88) [0x000074b193d01f80, 0x000074b193d02498] Compiler: c1, Barriers: 0, Oops: 1, ImmediateOops: 0, NonImmediateOops: No
[3,979s][debug][gc,nmethod     ] Register NMethod: com.github.benmanes.caffeine.cache.BoundedLocalCache.refreshAfterWrite (0x000074b1b2cdc708) [0x000074b1b2cdc800, 0x000074b1b2cdc8c0] Compiler: c1, Barriers: 0, Oops: 1, ImmediateOops: 0, NonImmediateOops: No
[3,979s][debug][gc,nmethod     ] Register NMethod: org.magicwerk.brownies.collections.IList.checkIndexAdd (0x000074b193d02508) [0x000074b193d02600, 0x000074b193d03e08] Compiler: c1, Barriers: 0, Oops: 4, ImmediateOops: 4, NonImmediateOops: No
[3,979s][debug][gc,nmethod     ] Register NMethod: org.magicwerk.brownies.collections.GapList.doEnsureCapacity (0x000074b193d03e88) [0x000074b193d03f80, 0x000074b193d04828] Compiler: c1, Barriers: 6, Oops: 1, ImmediateOops: 0, NonImmediateOops: No
[3,981s][debug][gc,nmethod     ] Register NMethod: org.magicwerk.brownies.collections.GapList.doAdd (0x000074b193d04888) [0x000074b193d04980, 0x000074b193d06940] Compiler: c1, Barriers: 13, Oops: 1, ImmediateOops: 0, NonImmediateOops: No
[3,981s][debug][gc,nmethod     ] Register NMethod: java.lang.invoke.MethodHandle.invokeBasic (0x000074b1b2cdca08) [0x000074b1b2cdcb00, 0x000074b1b2cdcd98] Compiler: , Barriers: 0, Oops: 0, ImmediateOops: 0, NonImmediateOops: No
[3,981s][debug][gc,nmethod     ] Register NMethod: java.lang.invoke.MethodHandle.linkToSpecial (0x000074b1b2cdce08) [0x000074b1b2cdcf00, 0x000074b1b2cdcff8] Compiler: , Barriers: 0, Oops: 0, ImmediateOops: 0, NonImmediateOops: No
[3,982s][debug][gc,nmethod     ] Register NMethod: io.sirix.page.KeyValueLeafPage.processEntries (0x000074b1b2cdd108) [0x000074b1b2cdd200, 0x000074b1b2cde2e8] Compiler: jvmci, Barriers: 36, Oops: 4, ImmediateOops: 0, NonImmediateOops: No
[3,983s][debug][gc,director    ] Rule Major: Warmup 10%, Used: 184MB, UsedThreshold: 1228MB
[3,983s][debug][gc,nmethod     ] Register NMethod: com.github.benmanes.caffeine.cache.BoundedLocalCache.valueReferenceQueue (0x000074b1b2cde388) [0x000074b1b2cde480, 0x000074b1b2cde548] Compiler: c1, Barriers: 0, Oops: 1, ImmediateOops: 0, NonImmediateOops: No
[3,983s][debug][gc,nmethod     ] Register NMethod: java.nio.DirectByteBuffer.attachment (0x000074b1b2cde688) [0x000074b1b2cde780, 0x000074b1b2cde868] Compiler: c1, Barriers: 1, Oops: 0, ImmediateOops: 0, NonImmediateOops: No
[3,984s][debug][gc,nmethod     ] Register NMethod: jdk.internal.misc.Unsafe.checkNativeAddress (0x000074b1b2cde988) [0x000074b1b2cdea80, 0x000074b1b2cdeb00] Compiler: jvmci, Barriers: 0, Oops: 0, ImmediateOops: 0, NonImmediateOops: No
[3,984s][debug][gc,nmethod     ] Register NMethod: java.nio.ByteBuffer.<init> (0x000074b193d06988) [0x000074b193d06a80, 0x000074b193d06bc8] Compiler: c1, Barriers: 0, Oops: 0, ImmediateOops: 0, NonImmediateOops: No
[3,984s][debug][gc,nmethod     ] Register NMethod: java.nio.MappedByteBuffer.position (0x000074b193d06c88) [0x000074b193d06d80, 0x000074b193d07140] Compiler: c1, Barriers: 0, Oops: 0, ImmediateOops: 0, NonImmediateOops: No
[3,984s][debug][gc,nmethod     ] Register NMethod: java.nio.MappedByteBuffer.limit (0x000074b193d07188) [0x000074b193d07280, 0x000074b193d07640] Compiler: c1, Barriers: 0, Oops: 0, ImmediateOops: 0, NonImmediateOops: No
[3,985s][debug][gc,nmethod     ] Register NMethod: sun.nio.ch.IOUtil.read (0x000074b193d07688) [0x000074b193d07780, 0x000074b193d078a8] Compiler: c1, Barriers: 0, Oops: 0, ImmediateOops: 0, NonImmediateOops: No
[3,985s][debug][gc,nmethod     ] Register NMethod: sun.nio.ch.IOUtil.read (0x000074b193d07988) [0x000074b193d07a80, 0x000074b193d08a08] Compiler: c1, Barriers: 0, Oops: 0, ImmediateOops: 1, NonImmediateOops: No
[3,985s][debug][gc,nmethod     ] Register NMethod: it.unimi.dsi.fastutil.ints.Int2IntOpenHashMap.find (0x000074b193d08a88) [0x000074b193d08b80, 0x000074b193d08fe8] Compiler: c1, Barriers: 1, Oops: 1, ImmediateOops: 0, NonImmediateOops: No
[3,986s][debug][gc,nmethod     ] Register NMethod: java.nio.MappedByteBuffer.<init> (0x000074b193d09008) [0x000074b193d09100, 0x000074b193d092d0] Compiler: c1, Barriers: 3, Oops: 0, ImmediateOops: 0, NonImmediateOops: No
[3,986s][debug][gc,nmethod     ] Register NMethod: java.nio.MappedByteBuffer.flip (0x000074b193d09308) [0x000074b193d09400, 0x000074b193d097f0] Compiler: c1, Barriers: 0, Oops: 0, ImmediateOops: 0, NonImmediateOops: No
[3,986s][debug][gc,nmethod     ] Register NMethod: it.unimi.dsi.fastutil.ints.Int2IntOpenHashMap.put (0x000074b193d09808) [0x000074b193d09900, 0x000074b193d09b68] Compiler: c1, Barriers: 1, Oops: 1, ImmediateOops: 0, NonImmediateOops: No
[3,986s][debug][gc,nmethod     ] Register NMethod: sun.nio.ch.IOUtil.readIntoNativeBuffer (0x000074b193d09b88) [0x000074b193d09c80, 0x000074b193d0c338] Compiler: c1, Barriers: 4, Oops: 0, ImmediateOops: 4, NonImmediateOops: No
[3,986s][debug][gc,nmethod     ] Register NMethod: java.nio.Bits.reserveMemory (0x000074b193d0c388) [0x000074b193d0c480, 0x000074b193d0f3d8] Compiler: c1, Barriers: 4, Oops: 4, ImmediateOops: 13, NonImmediateOops: No
[3,986s][debug][gc,nmethod     ] Register NMethod: sun.nio.ch.FileChannelImpl.read (0x000074b193d0f408) [0x000074b193d0f500, 0x000074b193d0f748] Compiler: c1, Barriers: 0, Oops: 0, ImmediateOops: 1, NonImmediateOops: No
[3,987s][debug][gc,nmethod     ] Register NMethod: sun.nio.ch.FileChannelImpl.implRead (0x000074b193d0f788) [0x000074b193d0f880, 0x000074b193d10278] Compiler: c1, Barriers: 0, Oops: 0, ImmediateOops: 2, NonImmediateOops: No
[3,987s][debug][gc,nmethod     ] Register NMethod: io.sirix.page.SerializationType.readPageFragments (0x000074b193d10288) [0x000074b193d10380, 0x000074b193d10f60] Compiler: c1, Barriers: 1, Oops: 1, ImmediateOops: 0, NonImmediateOops: No
[3,988s][debug][gc,nmethod     ] Register NMethod: io.sirix.page.SerializationType.readHash (0x000074b193d10f88) [0x000074b193d11080, 0x000074b193d115e8] Compiler: c1, Barriers: 3, Oops: 1, ImmediateOops: 0, NonImmediateOops: No
[3,988s][debug][gc,nmethod     ] Register NMethod: sun.nio.ch.UnixFileDispatcherImpl.pread (0x000074b193d11608) [0x000074b193d11700, 0x000074b193d11840] Compiler: c1, Barriers: 0, Oops: 0, ImmediateOops: 0, NonImmediateOops: No
[3,988s][debug][gc,nmethod     ] Register NMethod: net.jpountz.lz4.LZ4Factory.fastDecompressor (0x000074b1b2cdec88) [0x000074b1b2cded80, 0x000074b1b2cdee68] Compiler: c1, Barriers: 1, Oops: 1, ImmediateOops: 0, NonImmediateOops: No
[3,988s][debug][gc,nmethod     ] Register NMethod: net.jpountz.lz4.LZ4BlockInputStream.refill (0x000074b193d11908) [0x000074b193d11a00, 0x000074b193d13a20] Compiler: c1, Barriers: 22, Oops: 1, ImmediateOops: 11, NonImmediateOops: No
[3,988s][debug][gc,nmethod     ] Register NMethod: io.sirix.io.bytepipe.ByteHandler.supportsMemorySegments (0x000074b1b2cdef88) [0x000074b1b2cdf080, 0x000074b1b2cdf140] Compiler: c1, Barriers: 0, Oops: 1, ImmediateOops: 0, NonImmediateOops: No
[3,988s][debug][gc,nmethod     ] Register NMethod: net.jpountz.lz4.LZ4BlockInputStream.read (0x000074b193d13a88) [0x000074b193d13b80, 0x000074b193d14460] Compiler: c1, Barriers: 1, Oops: 1, ImmediateOops: 1, NonImmediateOops: No
[3,989s][debug][gc,nmethod     ] Register NMethod: sun.nio.ch.FileChannelImpl.readInternal (0x000074b193d14488) [0x000074b193d14580, 0x000074b193d165a0] Compiler: c1, Barriers: 7, Oops: 0, ImmediateOops: 3, NonImmediateOops: No
[3,989s][debug][gc,nmethod     ] Register NMethod: io.sirix.page.UberPage.getRevisionNumber (0x000074b193d16608) [0x000074b193d16700, 0x000074b193d16808] Compiler: c1, Barriers: 0, Oops: 1, ImmediateOops: 0, NonImmediateOops: No
[3,990s][debug][gc,nmethod     ] Register NMethod: java.lang.invoke.MethodHandle.invokeBasic (0x000074b1b2cdf288) [0x000074b1b2cdf380, 0x000074b1b2cdf618] Compiler: , Barriers: 0, Oops: 0, ImmediateOops: 0, NonImmediateOops: No
[3,990s][debug][gc,nmethod     ] Register NMethod: java.lang.Long.numberOfTrailingZeros (0x000074b193d16908) [0x000074b193d16a00, 0x000074b193d16ba8] Compiler: c1, Barriers: 0, Oops: 0, ImmediateOops: 0, NonImmediateOops: No
[3,990s][debug][gc,nmethod     ] Register NMethod: java.lang.Integer.numberOfTrailingZeros (0x000074b193d16c08) [0x000074b193d16d00, 0x000074b193d16f18] Compiler: c1, Barriers: 0, Oops: 0, ImmediateOops: 0, NonImmediateOops: No
[3,990s][debug][gc,nmethod     ] Register NMethod: com.github.benmanes.caffeine.cache.PS.isAlive (0x000074b193d16f88) [0x000074b193d17080, 0x000074b193d184f8] Compiler: c1, Barriers: 1, Oops: 7, ImmediateOops: 10, NonImmediateOops: No
[3,991s][debug][gc,nmethod     ] Register NMethod: java.util.concurrent.ConcurrentLinkedDeque.poll (0x000074b193d18588) [0x000074b193d18680, 0x000074b193d187c8] Compiler: c1, Barriers: 0, Oops: 0, ImmediateOops: 0, NonImmediateOops: No
[3,991s][debug][gc,nmethod     ] Register NMethod: java.lang.invoke.VarHandleGuards.guard_LJJ_Z (0x000074b193d18888) [0x000074b193d18980, 0x000074b193d1b880] Compiler: c1, Barriers: 28, Oops: 0, ImmediateOops: 2, NonImmediateOops: No
[3,991s][debug][gc,nmethod     ] Register NMethod: java.io.Writer.<init> (0x000074b193d1b888) [0x000074b193d1b980, 0x000074b193d1bc40] Compiler: c1, Barriers: 3, Oops: 0, ImmediateOops: 0, NonImmediateOops: No
[3,992s][debug][gc,nmethod     ] Register NMethod: com.github.benmanes.caffeine.cache.AccessOrderDeque.setNext (0x000074b193d1bc88) [0x000074b193d1bd80, 0x000074b193d1c090] Compiler: c1, Barriers: 0, Oops: 1, ImmediateOops: 0, NonImmediateOops: No
[3,992s][debug][gc,nmethod     ] Register NMethod: com.github.benmanes.caffeine.cache.AccessOrderDeque.setNext (0x000074b193d1c108) [0x000074b193d1c200, 0x000074b193d1cb60] Compiler: c1, Barriers: 0, Oops: 1, ImmediateOops: 0, NonImmediateOops: No
[3,992s][debug][gc,nmethod     ] Register NMethod: com.github.benmanes.caffeine.cache.PSMW.setNextInAccessOrder (0x000074b193d1cb88) [0x000074b193d1cc80, 0x000074b193d1d1d0] Compiler: c1, Barriers: 3, Oops: 1, ImmediateOops: 0, NonImmediateOops: No
[3,992s][debug][gc,nmethod     ] Register NMethod: com.github.benmanes.caffeine.cache.PSMW.setPreviousInAccessOrder (0x000074b193d1d208) [0x000074b193d1d300, 0x000074b193d1d850] Compiler: c1, Barriers: 3, Oops: 1, ImmediateOops: 0, NonImmediateOops: No
[3,992s][debug][gc,nmethod     ] Register NMethod: com.github.benmanes.caffeine.cache.AccessOrderDeque.setPrevious (0x000074b193d1d888) [0x000074b193d1d980, 0x000074b193d1e2e0] Compiler: c1, Barriers: 0, Oops: 1, ImmediateOops: 0, NonImmediateOops: No
[3,993s][debug][gc,nmethod     ] Register NMethod: com.github.benmanes.caffeine.cache.AccessOrderDeque.setPrevious (0x000074b193d1e308) [0x000074b193d1e400, 0x000074b193d1e710] Compiler: c1, Barriers: 0, Oops: 1, ImmediateOops: 0, NonImmediateOops: No
[3,993s][debug][gc,nmethod     ] Register NMethod: java.util.Formatter$FormatSpecifier.<init> (0x000074b193d1e788) [0x000074b193d1e880, 0x000074b193d1f148] Compiler: c1, Barriers: 0, Oops: 0, ImmediateOops: 0, NonImmediateOops: No
[3,993s][debug][gc,nmethod     ] Register NMethod: com.github.benmanes.caffeine.cache.SSMS.evicts (0x000074b1b2cdf688) [0x000074b1b2cdf780, 0x000074b1b2cdf840] Compiler: c1, Barriers: 0, Oops: 1, ImmediateOops: 0, NonImmediateOops: No
[3,993s][debug][gc,director    ] Rule Major: Warmup 10%, Used: 184MB, UsedThreshold: 1228MB
[3,996s][debug][gc,nmethod     ] Register NMethod: com.github.benmanes.caffeine.cache.Node.inWindow (0x000074b193d1f188) [0x000074b193d1f280, 0x000074b193d1f5c8] Compiler: c1, Barriers: 0, Oops: 1, ImmediateOops: 0, NonImmediateOops: No
[3,996s][debug][gc,nmethod     ] Register NMethod: java.util.concurrent.ConcurrentHashMap.clear (0x000074b193d1f608) [0x000074b193d1f700, 0x000074b193d20520] Compiler: c1, Barriers: 3, Oops: 0, ImmediateOops: 0, NonImmediateOops: No
[3,996s][debug][gc,nmethod     ] Register NMethod: com.github.benmanes.caffeine.cache.StripedBuffer.drainTo (0x000074b193d20588) [0x000074b193d20680, 0x000074b193d20b48] Compiler: c1, Barriers: 2, Oops: 1, ImmediateOops: 0, NonImmediateOops: No
[3,998s][debug][gc,nmethod     ] Register NMethod: java.util.HashMap.put (0x000074b193d20b88) [0x000074b193d20c80, 0x000074b193d21268] Compiler: c1, Barriers: 0, Oops: 0, ImmediateOops: 0, NonImmediateOops: No
[4,000s][debug][gc,nmethod     ] Register NMethod: com.github.benmanes.caffeine.cache.BoundedLocalCache.clear (0x000074b193d21288) [0x000074b193d21380, 0x000074b193d26be8] Compiler: c1, Barriers: 16, Oops: 9, ImmediateOops: 12, NonImmediateOops: No
[4,000s][debug][gc,nmethod     ] Register NMethod: java.util.concurrent.ConcurrentHashMap$Traverser.advance (0x000074b1b2cdf988) [0x000074b1b2cdfa80, 0x000074b1b2cdfe40] Compiler: jvmci, Barriers: 10, Oops: 0, ImmediateOops: 0, NonImmediateOops: No
[4,004s][debug][gc,director    ] Rule Major: Warmup 10%, Used: 184MB, UsedThreshold: 1228MB
[4,007s][debug][gc,nmethod     ] Register NMethod: java.lang.String.startsWith (0x000074b193d26c88) [0x000074b193d26d80, 0x000074b193d27fa0] Compiler: c1, Barriers: 2, Oops: 0, ImmediateOops: 0, NonImmediateOops: No
[4,008s][debug][gc,nmethod     ] Register NMethod: java.lang.invoke.Invokers$Holder.invokeExact_MT (0x000074b193d28008) [0x000074b193d28100, 0x000074b193d28c68] Compiler: c1, Barriers: 3, Oops: 0, ImmediateOops: 0, NonImmediateOops: No
[4,008s][debug][gc,nmethod     ] Register NMethod: java.io.File.equals (0x000074b193d28c88) [0x000074b193d28d80, 0x000074b193d29698] Compiler: c1, Barriers: 2, Oops: 0, ImmediateOops: 1, NonImmediateOops: No
[4,009s][debug][gc,nmethod     ] Register NMethod: java.io.UnixFileSystem.compare (0x000074b193d29708) [0x000074b193d29800, 0x000074b193d29bc8] Compiler: c1, Barriers: 2, Oops: 0, ImmediateOops: 0, NonImmediateOops: No
[4,009s][debug][gc,nmethod     ] Register NMethod: java.io.File.compareTo (0x000074b193d29c08) [0x000074b193d29d00, 0x000074b193d2a118] Compiler: c1, Barriers: 2, Oops: 0, ImmediateOops: 1, NonImmediateOops: No
[4,009s][debug][gc,nmethod     ] Register NMethod: org.junit.jupiter.engine.extension.MutableExtensionRegistry$$Lambda/0x00000000611ae3a0.<init> (0x000074b193d2a188) [0x000074b193d2a280, 0x000074b193d2a450] Compiler: c1, Barriers: 3, Oops: 1, ImmediateOops: 0, NonImmediateOops: No
[4,009s][debug][gc,nmethod     ] Register NMethod: org.junit.jupiter.engine.extension.MutableExtensionRegistry$$Lambda/0x00000000611ae140.<init> (0x000074b193d2a488) [0x000074b193d2a580, 0x000074b193d2a750] Compiler: c1, Barriers: 3, Oops: 1, ImmediateOops: 0, NonImmediateOops: No
[4,009s][debug][gc,nmethod     ] Register NMethod: org.junit.jupiter.engine.extension.MutableExtensionRegistry.stream (0x000074b193d2a788) [0x000074b193d2a880, 0x000074b193d2ac90] Compiler: c1, Barriers: 2, Oops: 1, ImmediateOops: 0, NonImmediateOops: No
[4,010s][debug][gc,nmethod     ] Register NMethod: jdk.proxy2.$Proxy18.annotationType (0x000074b193d2ad08) [0x000074b193d2ae00, 0x000074b193d2b468] Compiler: c1, Barriers: 1, Oops: 0, ImmediateOops: 1, NonImmediateOops: No
[4,010s][debug][gc,nmethod     ] Register NMethod: org.junit.jupiter.engine.extension.MutableExtensionRegistry.streamLocal (0x000074b193d2b488) [0x000074b193d2b580, 0x000074b193d2c910] Compiler: c1, Barriers: 7, Oops: 3, ImmediateOops: 4, NonImmediateOops: No
[4,012s][debug][gc,nmethod     ] Register NMethod: java.lang.Class.privateGetPublicMethods (0x000074b193d2c988) [0x000074b193d2ca80, 0x000074b193d2e210] Compiler: c1, Barriers: 11, Oops: 0, ImmediateOops: 0, NonImmediateOops: No
[4,012s][debug][gc,nmethod     ] Register NMethod: java.util.stream.StreamSpliterators$WrappingSpliterator$$Lambda/0x0000000061078950.<init> (0x000074b193d2e288) [0x000074b193d2e380, 0x000074b193d2e550] Compiler: c1, Barriers: 3, Oops: 0, ImmediateOops: 0, NonImmediateOops: No
[4,013s][debug][gc,nmethod     ] Register NMethod: java.util.stream.StreamSpliterators$WrappingSpliterator.forEachRemaining (0x000074b193d2e588) [0x000074b193d2e680, 0x000074b193d2fc98] Compiler: c1, Barriers: 14, Oops: 1, ImmediateOops: 2, NonImmediateOops: No
[4,014s][debug][gc,director    ] Rule Major: Warmup 10%, Used: 186MB, UsedThreshold: 1228MB
[4,015s][debug][gc,nmethod     ] Register NMethod: java.nio.charset.Charset.forName (0x000074b193d2fd08) [0x000074b193d2fe00, 0x000074b193d30020] Compiler: c1, Barriers: 0, Oops: 0, ImmediateOops: 0, NonImmediateOops: No
[4,015s][debug][gc,nmethod     ] Register NMethod: java.nio.charset.Charset.lookup (0x000074b193d30088) [0x000074b193d30180, 0x000074b193d30900] Compiler: c1, Barriers: 3, Oops: 0, ImmediateOops: 2, NonImmediateOops: No
[4,017s][debug][gc,nmethod     ] Register NMethod: java.util.HashMap.putVal (0x000074b1b2cdfe88) [0x000074b1b2cdff80, 0x000074b1b2ce0d18] Compiler: jvmci, Barriers: 32, Oops: 0, ImmediateOops: 0, NonImmediateOops: No
[4,018s][debug][gc,nmethod     ] Register NMethod: sun.reflect.annotation.AnnotationInvocationHandler.invoke (0x000074b193d30908) [0x000074b193d30a00, 0x000074b193d32c90] Compiler: c1, Barriers: 10, Oops: 0, ImmediateOops: 7, NonImmediateOops: No
[4,021s][debug][gc,nmethod     ] Register NMethod: jdk.internal.util.ArraysSupport.mismatch (0x000074b1b2ce0d88) [0x000074b1b2ce0e80, 0x000074b1b2ce1118] Compiler: jvmci, Barriers: 0, Oops: 0, ImmediateOops: 0, NonImmediateOops: No
[4,022s][debug][gc,nmethod     ] Register NMethod: java.lang.reflect.Method.getParameterCount (0x000074b1b2ce1188) [0x000074b1b2ce1280, 0x000074b1b2ce1360] Compiler: jvmci, Barriers: 1, Oops: 0, ImmediateOops: 0, NonImmediateOops: No
[4,022s][debug][gc,nmethod     ] Register NMethod: java.util.ArrayList.<init> (0x000074b193d32d08) [0x000074b193d32e00, 0x000074b193d336d0] Compiler: c1, Barriers: 9, Oops: 0, ImmediateOops: 3, NonImmediateOops: No
[4,024s][debug][gc,nmethod     ] Register NMethod: java.lang.Character.codePointAt (0x000074b1b2ce1488) [0x000074b1b2ce1580, 0x000074b1b2ce1728] Compiler: jvmci, Barriers: 1, Oops: 0, ImmediateOops: 0, NonImmediateOops: No
[4,024s][debug][gc,director    ] Rule Major: Warmup 10%, Used: 186MB, UsedThreshold: 1228MB
[4,026s][debug][gc,nmethod     ] Register NMethod: java.util.TimSort.countRunAndMakeAscending (0x000074b193d33708) [0x000074b193d33800, 0x000074b193d343b8] Compiler: c1, Barriers: 6, Oops: 0, ImmediateOops: 0, NonImmediateOops: No
[4,027s][debug][gc,nmethod     ] Register NMethod: java.lang.reflect.Method.isVarArgs (0x000074b193d34408) [0x000074b193d34500, 0x000074b193d346d0] Compiler: c1, Barriers: 0, Oops: 0, ImmediateOops: 0, NonImmediateOops: No
[4,029s][debug][gc,nmethod     ] Register NMethod: java.io.UnixFileSystem.resolve (0x000074b1b2ce1788) [0x000074b1b2ce1980, 0x000074b1b2ce27d0] Compiler: jvmci, Barriers: 6, Oops: 0, ImmediateOops: 2, NonImmediateOops: No
[4,031s][debug][gc,nmethod     ] Register NMethod: jdk.internal.classfile.impl.DirectCodeBuilder.iload (0x000074b193d34708) [0x000074b193d34800, 0x000074b193d34bf0] Compiler: c1, Barriers: 1, Oops: 0, ImmediateOops: 0, NonImmediateOops: No
[4,034s][debug][gc,director    ] Rule Major: Warmup 10%, Used: 188MB, UsedThreshold: 1228MB
[4,035s][debug][gc,nmethod     ] Register NMethod: java.util.regex.Matcher.groupCount (0x000074b193d34c08) [0x000074b193d34d00, 0x000074b193d34e38] Compiler: c1, Barriers: 1, Oops: 0, ImmediateOops: 0, NonImmediateOops: No
[4,035s][debug][gc,nmethod     ] Register NMethod: java.util.regex.Matcher.getSubSequence (0x000074b193d34f08) [0x000074b193d35000, 0x000074b193d35340] Compiler: c1, Barriers: 1, Oops: 0, ImmediateOops: 0, NonImmediateOops: No
[4,035s][debug][gc,nmethod     ] Register NMethod: java.util.regex.Matcher.group (0x000074b193d35388) [0x000074b193d35480, 0x000074b193d36108] Compiler: c1, Barriers: 2, Oops: 0, ImmediateOops: 1, NonImmediateOops: No
[4,035s][debug][gc,nmethod     ] Register NMethod: java.util.regex.Matcher.checkGroup (0x000074b193d36188) [0x000074b193d36280, 0x000074b193d371f0] Compiler: c1, Barriers: 1, Oops: 1, ImmediateOops: 2, NonImmediateOops: No
[4,036s][debug][gc,nmethod     ] Register NMethod: org.junit.platform.engine.UniqueIdFormat.decode (0x000074b193d37208) [0x000074b193d37300, 0x000074b193d37720] Compiler: c1, Barriers: 1, Oops: 1, ImmediateOops: 2, NonImmediateOops: No
[4,036s][debug][gc,nmethod     ] Register NMethod: org.junit.platform.engine.UniqueId$Segment.equals (0x000074b193d37788) [0x000074b193d37880, 0x000074b193d38450] Compiler: c1, Barriers: 6, Oops: 1, ImmediateOops: 0, NonImmediateOops: No
[4,036s][debug][gc,nmethod     ] Register NMethod: java.net.URLDecoder.decode (0x000074b193d38488) [0x000074b193d38580, 0x000074b193d38d68] Compiler: c1, Barriers: 1, Oops: 0, ImmediateOops: 1, NonImmediateOops: No
[4,036s][debug][gc,nmethod     ] Register NMethod: org.junit.platform.commons.util.ReflectionUtils.isSearchable (0x000074b193d38d88) [0x000074b193d38e80, 0x000074b193d38fe8] Compiler: c1, Barriers: 0, Oops: 1, ImmediateOops: 1, NonImmediateOops: No
[4,037s][debug][gc,nmethod     ] Register NMethod: java.lang.reflect.Field.declaredAnnotations (0x000074b193d39088) [0x000074b193d39180, 0x000074b193d39dc0] Compiler: c1, Barriers: 10, Oops: 0, ImmediateOops: 1, NonImmediateOops: No
[4,037s][debug][gc,nmethod     ] Register NMethod: org.junit.platform.engine.UniqueIdFormat.checkAllowed (0x000074b193d39e08) [0x000074b193d39f00, 0x000074b193d3d370] Compiler: c1, Barriers: 12, Oops: 3, ImmediateOops: 8, NonImmediateOops: No
[4,039s][debug][gc,nmethod     ] Register NMethod: jdk.internal.classfile.impl.BufWriterImpl.writeIndex (0x000074b1b2ce2808) [0x000074b1b2ce2900, 0x000074b1b2ce2f18] Compiler: jvmci, Barriers: 7, Oops: 0, ImmediateOops: 0, NonImmediateOops: No
[4,040s][debug][gc,nmethod     ] Register NMethod: java.util.regex.Pattern$$Lambda/0x0000000061110720.is (0x000074b1b2ce2f88) [0x000074b1b2ce3080, 0x000074b1b2ce3108] Compiler: jvmci, Barriers: 0, Oops: 0, ImmediateOops: 0, NonImmediateOops: No
[4,042s][debug][gc,nmethod     ] Register NMethod: jdk.internal.classfile.impl.AttributeHolder.writeTo (0x000074b1b2ce3288) [0x000074b1b2ce3380, 0x000074b1b2ce3ed0] Compiler: jvmci, Barriers: 13, Oops: 0, ImmediateOops: 0, NonImmediateOops: No
[4,044s][debug][gc,director    ] Rule Major: Warmup 10%, Used: 188MB, UsedThreshold: 1228MB
[4,048s][debug][gc,nmethod     ] Register NMethod: java.lang.invoke.ClassSpecializer$SpeciesData.getterFunction (0x000074b193d3d408) [0x000074b193d3d500, 0x000074b193d3da70] Compiler: c1, Barriers: 1, Oops: 0, ImmediateOops: 0, NonImmediateOops: No
[4,050s][debug][gc,nmethod     ] Register NMethod: com.google.gson.stream.JsonWriter.beforeValue (0x000074b193d3da88) [0x000074b193d3db80, 0x000074b193d3e858] Compiler: c1, Barriers: 5, Oops: 1, ImmediateOops: 3, NonImmediateOops: No
[4,051s][debug][gc,nmethod     ] Register NMethod: java.lang.ref.WeakReference.<init> (0x000074b193d3e888) [0x000074b193d3e980, 0x000074b193d3ecb8] Compiler: c1, Barriers: 6, Oops: 0, ImmediateOops: 1, NonImmediateOops: No
[4,051s][debug][gc,nmethod     ] Register NMethod: com.google.gson.stream.JsonWriter.string (0x000074b193d3ed08) [0x000074b193d3ee00, 0x000074b193d40b00] Compiler: c1, Barriers: 9, Oops: 2, ImmediateOops: 6, NonImmediateOops: No
[4,051s][debug][gc,nmethod     ] Register NMethod: com.github.benmanes.caffeine.cache.Caffeine.requireArgument (0x000074b193d40b88) [0x000074b193d40c80, 0x000074b193d40e50] Compiler: c1, Barriers: 0, Oops: 1, ImmediateOops: 0, NonImmediateOops: No
[4,051s][debug][gc,nmethod     ] Register NMethod: dagger.internal.InstanceFactory.get (0x000074b1b2ce3f08) [0x000074b1b2ce4000, 0x000074b1b2ce40e8] Compiler: c1, Barriers: 1, Oops: 1, ImmediateOops: 0, NonImmediateOops: No
[4,052s][debug][gc,nmethod     ] Register NMethod: io.sirix.access.ResourceConfiguration.getResource (0x000074b1b2ce4208) [0x000074b1b2ce4300, 0x000074b1b2ce43e8] Compiler: c1, Barriers: 1, Oops: 1, ImmediateOops: 0, NonImmediateOops: No
[4,053s][debug][gc,nmethod     ] Register NMethod: io.sirix.page.SerializationType.serializeBitSet (0x000074b193d40e88) [0x000074b193d40f80, 0x000074b193d41348] Compiler: c1, Barriers: 2, Oops: 1, ImmediateOops: 0, NonImmediateOops: No
[4,053s][debug][gc,nmethod     ] Register NMethod: java.util.concurrent.ForkJoinTask.join (0x000074b193d41388) [0x000074b193d41480, 0x000074b193d41a50] Compiler: c1, Barriers: 0, Oops: 0, ImmediateOops: 0, NonImmediateOops: No
[4,053s][debug][gc,nmethod     ] Register NMethod: java.util.concurrent.ForkJoinWorkerThread$InnocuousForkJoinWorkerThread.onThreadLocalReset (0x000074b193d41a88) [0x000074b193d41b80, 0x000074b193d41d88] Compiler: c1, Barriers: 3, Oops: 0, ImmediateOops: 0, NonImmediateOops: No
[4,055s][debug][gc,director    ] Rule Major: Warmup 10%, Used: 192MB, UsedThreshold: 1228MB
[4,055s][debug][gc,nmethod     ] Register NMethod: sun.nio.ch.Util.isBufferTooLarge (0x000074b193d41e08) [0x000074b193d41f00, 0x000074b193d42040] Compiler: c1, Barriers: 0, Oops: 0, ImmediateOops: 0, NonImmediateOops: No
[4,055s][debug][gc,nmethod     ] Register NMethod: java.util.concurrent.locks.ReentrantLock$Sync.isHeldExclusively (0x000074b193d42108) [0x000074b193d42200, 0x000074b193d42598] Compiler: c1, Barriers: 2, Oops: 0, ImmediateOops: 0, NonImmediateOops: No
[4,056s][debug][gc,nmethod     ] Register NMethod: java.nio.ByteBuffer.base (0x000074b1b2ce4508) [0x000074b1b2ce4600, 0x000074b1b2ce46e8] Compiler: c1, Barriers: 1, Oops: 0, ImmediateOops: 0, NonImmediateOops: No
[4,057s][debug][gc,nmethod     ] Register NMethod: com.github.benmanes.caffeine.cache.PSMW.setPolicyWeight (0x000074b1b2ce4808) [0x000074b1b2ce4900, 0x000074b1b2ce49c0] Compiler: c1, Barriers: 0, Oops: 1, ImmediateOops: 0, NonImmediateOops: No
[4,057s][debug][gc,nmethod     ] Register NMethod: it.unimi.dsi.fastutil.ints.Int2LongOpenHashMap.insert (0x000074b193d42608) [0x000074b193d42700, 0x000074b193d429b0] Compiler: c1, Barriers: 2, Oops: 1, ImmediateOops: 0, NonImmediateOops: No
[4,057s][debug][gc,nmethod     ] Register NMethod: com.github.benmanes.caffeine.cache.BoundedLocalCache.isComputingAsync (0x000074b193d42a08) [0x000074b193d42b00, 0x000074b193d442a0] Compiler: c1, Barriers: 1, Oops: 7, ImmediateOops: 8, NonImmediateOops: No
[4,057s][debug][gc,nmethod     ] Register NMethod: io.sirix.page.KeyValueLeafPage.getIndexType (0x000074b1b2ce4b08) [0x000074b1b2ce4c00, 0x000074b1b2ce4ce8] Compiler: c1, Barriers: 1, Oops: 1, ImmediateOops: 0, NonImmediateOops: No
[4,058s][debug][gc,nmethod     ] Register NMethod: java.lang.StringBuilder.append (0x000074b193d44308) [0x000074b193d44400, 0x000074b193d44548] Compiler: c1, Barriers: 0, Oops: 0, ImmediateOops: 0, NonImmediateOops: No
[4,058s][debug][gc,nmethod     ] Register NMethod: java.lang.AbstractStringBuilder.append (0x000074b193d44608) [0x000074b193d44700, 0x000074b193d45210] Compiler: c1, Barriers: 4, Oops: 1, ImmediateOops: 2, NonImmediateOops: No
[4,058s][debug][gc,nmethod     ] Register NMethod: java.util.Formatter$FixedString.<init> (0x000074b193d45288) [0x000074b193d45380, 0x000074b193d455b8] Compiler: c1, Barriers: 3, Oops: 0, ImmediateOops: 0, NonImmediateOops: No
[4,058s][debug][gc,nmethod     ] Register NMethod: java.util.Formatter$FixedString.print (0x000074b193d45608) [0x000074b193d45700, 0x000074b193d45a80] Compiler: c1, Barriers: 2, Oops: 0, ImmediateOops: 0, NonImmediateOops: No
[4,059s][debug][gc,nmethod     ] Register NMethod: java.lang.StringBuilder.append (0x000074b193d45a88) [0x000074b193d45b80, 0x000074b193d45ee0] Compiler: c1, Barriers: 0, Oops: 0, ImmediateOops: 0, NonImmediateOops: No
[4,059s][debug][gc,nmethod     ] Register NMethod: jdk.internal.classfile.impl.StackMapGenerator.processBlock (0x000074b1b2ce4e08) [0x000074b1b2ce4f00, 0x000074b1b2ce6ed0] Compiler: jvmci, Barriers: 29, Oops: 0, ImmediateOops: 19, NonImmediateOops: No
[4,059s][debug][gc,nmethod     ] Register NMethod: java.lang.AbstractStringBuilder.appendChars (0x000074b193d45f08) [0x000074b193d46000, 0x000074b193d47ad8] Compiler: c1, Barriers: 5, Oops: 1, ImmediateOops: 2, NonImmediateOops: No
[4,059s][debug][gc,nmethod     ] Register NMethod: java.util.Formatter$FormatSpecifier.appendJustified (0x000074b193d47b08) [0x000074b193d47c00, 0x000074b193d48968] Compiler: c1, Barriers: 0, Oops: 0, ImmediateOops: 0, NonImmediateOops: No
[4,059s][debug][gc,nmethod     ] Register NMethod: jdk.internal.misc.Unsafe.checkSize (0x000074b1b2ce6f08) [0x000074b1b2ce7000, 0x000074b1b2ce70b8] Compiler: jvmci, Barriers: 0, Oops: 0, ImmediateOops: 0, NonImmediateOops: No
[4,060s][debug][gc,nmethod     ] Register NMethod: java.nio.ByteBuffer.position (0x000074b1b2ce7208) [0x000074b1b2ce7300, 0x000074b1b2ce73e0] Compiler: jvmci, Barriers: 0, Oops: 0, ImmediateOops: 0, NonImmediateOops: No
[4,062s][debug][gc,nmethod     ] Register NMethod: jdk.internal.classfile.impl.StackMapGenerator$Type.referenceType (0x000074b1b2ce7508) [0x000074b1b2ce7600, 0x000074b1b2ce7718] Compiler: jvmci, Barriers: 2, Oops: 0, ImmediateOops: 0, NonImmediateOops: No
[4,063s][debug][gc,nmethod     ] Register NMethod: java.lang.invoke.VarHandleLongs$FieldInstanceReadWrite.compareAndSet (0x000074b193d48988) [0x000074b193d48a80, 0x000074b193d494c0] Compiler: c1, Barriers: 1, Oops: 1, ImmediateOops: 0, NonImmediateOops: No
[4,064s][debug][gc,nmethod     ] Register NMethod: io.sirix.cache.LinuxMemorySegmentAllocator.allocate (0x000074b193d49508) [0x000074b193d49600, 0x000074b193d4afa8] Compiler: c1, Barriers: 7, Oops: 3, ImmediateOops: 4, NonImmediateOops: No
[4,064s][debug][gc,nmethod     ] Register NMethod: com.github.benmanes.caffeine.cache.BoundedLocalCache.keyReferenceQueue (0x000074b1b2ce7808) [0x000074b1b2ce7900, 0x000074b1b2ce79c8] Compiler: c1, Barriers: 0, Oops: 1, ImmediateOops: 0, NonImmediateOops: No
[4,064s][debug][gc,nmethod     ] Register NMethod: java.util.ArrayList.getFirst (0x000074b193d4b008) [0x000074b193d4b100, 0x000074b193d4b3f0] Compiler: c1, Barriers: 2, Oops: 0, ImmediateOops: 0, NonImmediateOops: No
[4,065s][debug][gc,director    ] Rule Major: Warmup 10%, Used: 194MB, UsedThreshold: 1228MB
[4,067s][debug][gc,nmethod     ] Register NMethod: jdk.internal.foreign.layout.ValueLayouts$AbstractValueLayout.order (0x000074b1b2ce7b08) [0x000074b1b2ce7c00, 0x000074b1b2ce7ce8] Compiler: c1, Barriers: 1, Oops: 0, ImmediateOops: 0, NonImmediateOops: No
[4,068s][debug][gc,nmethod     ] Register NMethod: io.sirix.access.trx.node.AbstractNodeReadOnlyTrx.setCurrentNode (0x000074b193d4b408) [0x000074b193d4b500, 0x000074b193d4b9a0] Compiler: c1, Barriers: 3, Oops: 1, ImmediateOops: 1, NonImmediateOops: No
[4,069s][debug][gc,nmethod     ] Register NMethod: jdk.internal.util.ReferencedKeyMap.getNoCheckStale (0x000074b1b2ce7e08) [0x000074b1b2ce7f00, 0x000074b1b2ce9460] Compiler: jvmci, Barriers: 36, Oops: 1, ImmediateOops: 1, NonImmediateOops: No
[4,073s][debug][gc,nmethod     ] Register NMethod: io.sirix.axis.AbstractAxis.getCursor (0x000074b1b2ce9488) [0x000074b1b2ce9580, 0x000074b1b2ce9668] Compiler: c1, Barriers: 1, Oops: 1, ImmediateOops: 0, NonImmediateOops: No
[4,074s][debug][gc,nmethod     ] Register NMethod: io.brackit.query.atomic.QNm.getLocalName (0x000074b1b2ce9788) [0x000074b1b2ce9880, 0x000074b1b2ce9968] Compiler: c1, Barriers: 1, Oops: 1, ImmediateOops: 0, NonImmediateOops: No
[4,075s][debug][gc,nmethod     ] Register NMethod: io.sirix.node.MemorySegmentBytesOut.getDestination (0x000074b193d4ba08) [0x000074b193d4bb00, 0x000074b193d4bc78] Compiler: c1, Barriers: 1, Oops: 1, ImmediateOops: 0, NonImmediateOops: No
[4,075s][debug][gc,nmethod     ] Register NMethod: it.unimi.dsi.fastutil.ints.Int2LongOpenHashMap.get (0x000074b193d4bd08) [0x000074b193d4be00, 0x000074b193d4c350] Compiler: c1, Barriers: 4, Oops: 1, ImmediateOops: 0, NonImmediateOops: No
[4,075s][debug][gc,director    ] Rule Major: Warmup 10%, Used: 194MB, UsedThreshold: 1228MB
[4,075s][debug][gc,nmethod     ] Register NMethod: io.sirix.index.path.summary.PathSummaryReader.getNodeKey (0x000074b193d4c388) [0x000074b193d4c480, 0x000074b193d4c930] Compiler: c1, Barriers: 1, Oops: 1, ImmediateOops: 1, NonImmediateOops: No
[4,075s][debug][gc,nmethod     ] Register NMethod: io.sirix.index.path.summary.PathSummaryReader.moveTo (0x000074b193d4c988) [0x000074b193d4ca80, 0x000074b193d4d738] Compiler: c1, Barriers: 13, Oops: 1, ImmediateOops: 2, NonImmediateOops: No
[4,076s][debug][gc,nmethod     ] Register NMethod: java.lang.invoke.MemberName.initResolved (0x000074b1b2ce9a88) [0x000074b1b2ce9b80, 0x000074b1b2ce9c78] Compiler: jvmci, Barriers: 3, Oops: 0, ImmediateOops: 0, NonImmediateOops: No
[4,076s][debug][gc,nmethod     ] Register NMethod: io.sirix.access.trx.node.json.JsonNodeTrxImpl.nodeReadOnlyTrxDelegate (0x000074b193d4d788) [0x000074b193d4d880, 0x000074b193d4dbd0] Compiler: c1, Barriers: 1, Oops: 1, ImmediateOops: 0, NonImmediateOops: No
[4,077s][debug][gc,nmethod     ] Register NMethod: io.sirix.access.trx.node.AbstractNodeReadOnlyTrx.getStructuralNode (0x000074b193d4dc08) [0x000074b193d4dd00, 0x000074b193d4e7b8] Compiler: c1, Barriers: 4, Oops: 1, ImmediateOops: 0, NonImmediateOops: No
[4,077s][debug][gc,nmethod     ] Register NMethod: java.lang.String.encode (0x000074b193d4e808) [0x000074b193d4e900, 0x000074b193d4ec38] Compiler: c1, Barriers: 0, Oops: 0, ImmediateOops: 3, NonImmediateOops: No
[4,077s][debug][gc,nmethod     ] Register NMethod: java.lang.invoke.VarHandleGuards.guard_LJJ_V (0x000074b193d4ec88) [0x000074b193d4ed80, 0x000074b193d53988] Compiler: c1, Barriers: 46, Oops: 1, ImmediateOops: 6, NonImmediateOops: No
[4,077s][debug][gc,nmethod     ] Register NMethod: com.google.common.base.Preconditions.checkState (0x000074b193d53a08) [0x000074b193d53b00, 0x000074b193d53ce0] Compiler: c1, Barriers: 0, Oops: 1, ImmediateOops: 0, NonImmediateOops: No
[4,078s][debug][gc,nmethod     ] Register NMethod: java.lang.String.encodeUTF8 (0x000074b193d53d08) [0x000074b193d53e00, 0x000074b193d54488] Compiler: c1, Barriers: 0, Oops: 0, ImmediateOops: 0, NonImmediateOops: No
[4,078s][debug][gc,nmethod     ] Register NMethod: io.sirix.access.trx.node.AbstractNodeReadOnlyTrx.moveTo (0x000074b193d54508) [0x000074b193d54600, 0x000074b193d56178] Compiler: c1, Barriers: 11, Oops: 1, ImmediateOops: 4, NonImmediateOops: No
[4,078s][debug][gc,nmethod     ] Register NMethod: jdk.internal.foreign.HeapMemorySegmentImpl$OfByte.maxAlignMask (0x000074b193d56188) [0x000074b193d56280, 0x000074b193d56388] Compiler: c1, Barriers: 0, Oops: 0, ImmediateOops: 0, NonImmediateOops: No
[4,078s][debug][gc,nmethod     ] Register NMethod: io.sirix.node.MemorySegmentBytesOut.writePosition (0x000074b193d56488) [0x000074b193d56580, 0x000074b193d56730] Compiler: c1, Barriers: 1, Oops: 1, ImmediateOops: 0, NonImmediateOops: No
[4,078s][debug][gc,nmethod     ] Register NMethod: io.sirix.node.MemorySegmentBytesOut.position (0x000074b193d56788) [0x000074b193d56880, 0x000074b193d569d0] Compiler: c1, Barriers: 1, Oops: 1, ImmediateOops: 0, NonImmediateOops: No
[4,078s][debug][gc,nmethod     ] Register NMethod: io.sirix.node.delegates.StructNodeDelegate.getRightSiblingKey (0x000074b1b2ce9d88) [0x000074b1b2ce9e80, 0x000074b1b2ce9f40] Compiler: c1, Barriers: 0, Oops: 1, ImmediateOops: 0, NonImmediateOops: No
[4,079s][debug][gc,nmethod     ] Register NMethod: java.security.MessageDigest$Delegate.clone (0x000074b193d56a88) [0x000074b193d56b80, 0x000074b193d57828] Compiler: c1, Barriers: 12, Oops: 0, ImmediateOops: 0, NonImmediateOops: No
[4,079s][debug][gc,nmethod     ] Register NMethod: jdk.internal.foreign.HeapMemorySegmentImpl$OfByte.<init> (0x000074b193d57888) [0x000074b193d57980, 0x000074b193d57c98] Compiler: c1, Barriers: 6, Oops: 0, ImmediateOops: 0, NonImmediateOops: No
[4,080s][debug][gc,nmethod     ] Register NMethod: jdk.internal.misc.Unsafe.copyMemory (0x000074b1b2cea088) [0x000074b1b2cea180, 0x000074b1b2cea460] Compiler: jvmci, Barriers: 4, Oops: 0, ImmediateOops: 0, NonImmediateOops: No
[4,083s][debug][gc,nmethod     ] Register NMethod: com.github.benmanes.caffeine.cache.BoundedLocalCache.skipReadBuffer (0x000074b193d57d08) [0x000074b193d57e00, 0x000074b193d58618] Compiler: c1, Barriers: 1, Oops: 1, ImmediateOops: 0, NonImmediateOops: No
[4,083s][debug][gc,nmethod     ] Register NMethod: java.util.UUID.parse4Nibbles (0x000074b193d58688) [0x000074b193d58780, 0x000074b193d5ab28] Compiler: c1, Barriers: 8, Oops: 2, ImmediateOops: 9, NonImmediateOops: No
[4,083s][debug][gc,nmethod     ] Register NMethod: io.sirix.page.KeyValueLeafPage.getRevision (0x000074b1b2cea488) [0x000074b1b2cea580, 0x000074b1b2cea640] Compiler: c1, Barriers: 0, Oops: 1, ImmediateOops: 0, NonImmediateOops: No
[4,085s][debug][gc,nmethod     ] Register NMethod: jdk.internal.misc.Unsafe.setMemory (0x000074b193d5ab88) [0x000074b193d5ac80, 0x000074b193d5af90] Compiler: c1, Barriers: 0, Oops: 0, ImmediateOops: 0, NonImmediateOops: No
[4,085s][debug][gc,nmethod     ] Register NMethod: java.nio.Bits.pageSize (0x000074b193d5b008) [0x000074b193d5b100, 0x000074b193d5b460] Compiler: c1, Barriers: 0, Oops: 0, ImmediateOops: 4, NonImmediateOops: No
[4,085s][debug][gc,nmethod     ] Register NMethod: java.lang.VirtualThread.notifyJvmtiDisableSuspend (0x000074b1b2cea788) [0x000074b1b2cea880, 0x000074b1b2cea9d0] Compiler: , Barriers: 0, Oops: 0, ImmediateOops: 1, NonImmediateOops: No
[4,085s][debug][gc,nmethod     ] Register NMethod: java.nio.DirectByteBuffer$Deallocator.<init> (0x000074b193d5b488) [0x000074b193d5b580, 0x000074b193d5b758] Compiler: c1, Barriers: 0, Oops: 0, ImmediateOops: 0, NonImmediateOops: No
[4,085s][debug][gc,director    ] Rule Major: Warmup 10%, Used: 196MB, UsedThreshold: 1228MB
[4,085s][debug][gc,nmethod     ] Register NMethod: jdk.internal.misc.Unsafe.setMemory (0x000074b193d5b788) [0x000074b193d5b880, 0x000074b193d5c4b0] Compiler: c1, Barriers: 2, Oops: 0, ImmediateOops: 0, NonImmediateOops: No
[4,085s][debug][gc,nmethod     ] Register NMethod: jdk.internal.ref.Cleaner.create (0x000074b193d5c508) [0x000074b193d5c600, 0x000074b193d5cf68] Compiler: c1, Barriers: 25, Oops: 1, ImmediateOops: 4, NonImmediateOops: No
[4,085s][debug][gc,nmethod     ] Register NMethod: io.sirix.access.trx.page.NodePageReadOnlyTrx.getReferenceToLeafOfSubtree (0x000074b193d5cf88) [0x000074b193d5d080, 0x000074b193d5e360] Compiler: c1, Barriers: 1, Oops: 1, ImmediateOops: 2, NonImmediateOops: No
[4,086s][debug][gc,nmethod     ] Register NMethod: jdk.internal.misc.Unsafe.setMemoryChecks (0x000074b193d5e388) [0x000074b193d5e480, 0x000074b193d5f0d8] Compiler: c1, Barriers: 2, Oops: 0, ImmediateOops: 0, NonImmediateOops: No
[4,086s][debug][gc,nmethod     ] Register NMethod: jdk.internal.ref.Cleaner.add (0x000074b193d5f108) [0x000074b193d5f200, 0x000074b193d5f628] Compiler: c1, Barriers: 10, Oops: 0, ImmediateOops: 3, NonImmediateOops: No
[4,086s][debug][gc,nmethod     ] Register NMethod: jdk.internal.ref.Cleaner.<init> (0x000074b193d5f688) [0x000074b193d5f780, 0x000074b193d5fc18] Compiler: c1, Barriers: 15, Oops: 1, ImmediateOops: 1, NonImmediateOops: No
[4,086s][debug][gc,nmethod     ] Register NMethod: com.github.benmanes.caffeine.cache.BoundedLocalCache.discardRefresh (0x000074b193d5fc88) [0x000074b193d5fd80, 0x000074b193d60330] Compiler: c1, Barriers: 1, Oops: 1, ImmediateOops: 0, NonImmediateOops: No
[4,087s][debug][gc,nmethod     ] Register NMethod: io.sirix.access.trx.page.NodePageTrx$$Lambda/0x000000006128ace0.apply (0x000074b193d60388) [0x000074b193d60480, 0x000074b193d60848] Compiler: c1, Barriers: 2, Oops: 1, ImmediateOops: 0, NonImmediateOops: No
[4,087s][debug][gc,nmethod     ] Register NMethod: io.sirix.access.trx.page.NodePageReadOnlyTrx.getLeafPageReference (0x000074b193d60888) [0x000074b193d60980, 0x000074b193d60c78] Compiler: c1, Barriers: 0, Oops: 1, ImmediateOops: 0, NonImmediateOops: No
[4,087s][debug][gc,nmethod     ] Register NMethod: io.sirix.access.trx.page.NodePageTrx.lambda$getPageContainer$0 (0x000074b193d60c88) [0x000074b193d60d80, 0x000074b193d61c78] Compiler: c1, Barriers: 6, Oops: 1, ImmediateOops: 0, NonImmediateOops: No
[4,087s][debug][gc,nmethod     ] Register NMethod: io.sirix.access.trx.page.NodePageReadOnlyTrx.getRecord (0x000074b193d61c88) [0x000074b193d61d80, 0x000074b193d637b8] Compiler: c1, Barriers: 4, Oops: 1, ImmediateOops: 3, NonImmediateOops: No
[4,088s][debug][gc,nmethod     ] Register NMethod: java.io.FileInputStream.open0 (0x000074b1b2ceaa88) [0x000074b1b2ceab80, 0x000074b1b2ceacd8] Compiler: , Barriers: 0, Oops: 0, ImmediateOops: 0, NonImmediateOops: No
[4,089s][debug][gc,nmethod     ] Register NMethod: dagger.internal.Preconditions.checkNotNull (0x000074b193d63808) [0x000074b193d63900, 0x000074b193d63ad0] Compiler: c1, Barriers: 0, Oops: 1, ImmediateOops: 0, NonImmediateOops: No
[4,090s][debug][gc,nmethod     ] Register NMethod: com.google.gson.stream.JsonReader.isLiteral (0x000074b193d63b08) [0x000074b193d63c00, 0x000074b193d64c28] Compiler: c1, Barriers: 0, Oops: 2, ImmediateOops: 2, NonImmediateOops: No
[4,090s][debug][gc,nmethod     ] Register NMethod: com.github.benmanes.caffeine.cache.AccessOrderDeque.contains (0x000074b193d64c88) [0x000074b193d64d80, 0x000074b193d65378] Compiler: c1, Barriers: 1, Oops: 1, ImmediateOops: 0, NonImmediateOops: No
[4,090s][debug][gc,nmethod     ] Register NMethod: java.util.concurrent.ConcurrentHashMap.initTable (0x000074b193d65388) [0x000074b193d65480, 0x000074b193d660d8] Compiler: c1, Barriers: 6, Oops: 0, ImmediateOops: 0, NonImmediateOops: No
[4,090s][debug][gc,nmethod     ] Register NMethod: com.github.benmanes.caffeine.cache.BoundedLocalCache.isRecordingStats (0x000074b1b2cead88) [0x000074b1b2ceae80, 0x000074b1b2ceaf40] Compiler: c1, Barriers: 0, Oops: 1, ImmediateOops: 0, NonImmediateOops: No
[4,090s][debug][gc,nmethod     ] Register NMethod: com.github.benmanes.caffeine.cache.PSMW.getNextInAccessOrder (0x000074b193d66108) [0x000074b193d66200, 0x000074b193d66500] Compiler: c1, Barriers: 1, Oops: 1, ImmediateOops: 0, NonImmediateOops: No
[4,090s][debug][gc,nmethod     ] Register NMethod: java.lang.Byte.valueOf (0x000074b193d66588) [0x000074b193d66680, 0x000074b193d667c0] Compiler: c1, Barriers: 1, Oops: 0, ImmediateOops: 1, NonImmediateOops: No
[4,090s][debug][gc,nmethod     ] Register NMethod: com.google.gson.stream.JsonReader.peekKeyword (0x000074b193d66888) [0x000074b193d66980, 0x000074b193d68698] Compiler: c1, Barriers: 8, Oops: 2, ImmediateOops: 10, NonImmediateOops: No
[4,091s][debug][gc,nmethod     ] Register NMethod: com.github.benmanes.caffeine.cache.BoundedLocalCache.hasRemovalListener (0x000074b1b2ceb088) [0x000074b1b2ceb180, 0x000074b1b2ceb240] Compiler: c1, Barriers: 0, Oops: 1, ImmediateOops: 0, NonImmediateOops: No
[4,092s][debug][gc,nmethod     ] Register NMethod: net.jpountz.lz4.LZ4JNI.LZ4_decompress_fast (0x000074b1b2ceb388) [0x000074b1b2ceb480, 0x000074b1b2ceb648] Compiler: , Barriers: 0, Oops: 1, ImmediateOops: 1, NonImmediateOops: No
[4,092s][debug][gc,nmethod     ] Register NMethod: com.github.benmanes.caffeine.cache.PS.getKey (0x000074b193d68708) [0x000074b193d68800, 0x000074b193d699d8] Compiler: c1, Barriers: 1, Oops: 7, ImmediateOops: 8, NonImmediateOops: No
[4,092s][debug][gc,nmethod     ] Register NMethod: sun.nio.fs.UnixNativeDispatcher.open (0x000074b193d69a88) [0x000074b193d69b80, 0x000074b193d6a1d8] Compiler: c1, Barriers: 0, Oops: 0, ImmediateOops: 0, NonImmediateOops: No
[4,092s][debug][gc,nmethod     ] Register NMethod: io.sirix.access.trx.node.AbstractResourceSession.getMostRecentRevisionNumber (0x000074b193d6a208) [0x000074b193d6a300, 0x000074b193d6abd8] Compiler: c1, Barriers: 2, Oops: 1, ImmediateOops: 1, NonImmediateOops: No
[4,093s][debug][gc,nmethod     ] Register NMethod: io.sirix.node.BytesOut.asBytesIn (0x000074b193d6ac08) [0x000074b193d6ad00, 0x000074b193d6b9b8] Compiler: c1, Barriers: 4, Oops: 1, ImmediateOops: 0, NonImmediateOops: No
[4,093s][debug][gc,nmethod     ] Register NMethod: it.unimi.dsi.fastutil.ints.AbstractInt2LongFunction.<init> (0x000074b193d6ba08) [0x000074b193d6bb00, 0x000074b193d6bc58] Compiler: c1, Barriers: 0, Oops: 1, ImmediateOops: 0, NonImmediateOops: No
[4,093s][debug][gc,nmethod     ] Register NMethod: it.unimi.dsi.fastutil.ints.AbstractInt2LongMap.<init> (0x000074b193d6bd08) [0x000074b193d6be00, 0x000074b193d6bfb8] Compiler: c1, Barriers: 0, Oops: 1, ImmediateOops: 0, NonImmediateOops: No
[4,093s][debug][gc,nmethod     ] Register NMethod: it.unimi.dsi.fastutil.ints.AbstractInt2IntFunction.<init> (0x000074b193d6c008) [0x000074b193d6c100, 0x000074b193d6c258] Compiler: c1, Barriers: 0, Oops: 1, ImmediateOops: 0, NonImmediateOops: No
[4,093s][debug][gc,nmethod     ] Register NMethod: it.unimi.dsi.fastutil.ints.AbstractInt2IntMap.<init> (0x000074b193d6c308) [0x000074b193d6c400, 0x000074b193d6c5b8] Compiler: c1, Barriers: 0, Oops: 1, ImmediateOops: 0, NonImmediateOops: No
[4,094s][debug][gc,nmethod     ] Register NMethod: it.unimi.dsi.fastutil.ints.Int2LongOpenHashMap.<init> (0x000074b193d6c608) [0x000074b193d6c720, 0x000074b193d6cfc0] Compiler: c1, Barriers: 6, Oops: 1, ImmediateOops: 2, NonImmediateOops: No
[4,094s][debug][gc,nmethod     ] Register NMethod: it.unimi.dsi.fastutil.ints.Int2IntOpenHashMap.<init> (0x000074b193d6d008) [0x000074b193d6d120, 0x000074b193d6d9c0] Compiler: c1, Barriers: 6, Oops: 1, ImmediateOops: 2, NonImmediateOops: No
[4,095s][debug][gc,director    ] Rule Major: Warmup 10%, Used: 198MB, UsedThreshold: 1228MB
[4,097s][debug][gc,nmethod     ] Register NMethod: java.time.Instant.getEpochSecond (0x000074b1b2ceb688) [0x000074b1b2ceb780, 0x000074b1b2ceb840] Compiler: c1, Barriers: 0, Oops: 0, ImmediateOops: 0, NonImmediateOops: No
[4,097s][debug][gc,nmethod     ] Register NMethod: sun.security.provider.SHA2.implCompress0 (0x000074b1b2ceb988) [0x000074b1b2ceba80, 0x000074b1b2cec5b0] Compiler: jvmci, Barriers: 5, Oops: 0, ImmediateOops: 1, NonImmediateOops: No
[4,097s][debug][gc,nmethod     ] Register NMethod: io.sirix.node.json.JsonDocumentRootNode.delegate (0x000074b1b2cec608) [0x000074b1b2cec700, 0x000074b1b2cec7e8] Compiler: c1, Barriers: 1, Oops: 1, ImmediateOops: 0, NonImmediateOops: No
[4,098s][debug][gc,nmethod     ] Register NMethod: io.sirix.access.trx.page.NodePageReadOnlyTrx$PageReferenceToPage.<init> (0x000074b193d6da08) [0x000074b193d6db00, 0x000074b193d6dda8] Compiler: c1, Barriers: 6, Oops: 1, ImmediateOops: 0, NonImmediateOops: No
[4,098s][debug][gc,nmethod     ] Register NMethod: io.sirix.node.json.JsonDocumentRootNode.structDelegate (0x000074b1b2cec908) [0x000074b1b2ceca00, 0x000074b1b2cecae8] Compiler: c1, Barriers: 1, Oops: 1, ImmediateOops: 0, NonImmediateOops: No
[4,098s][debug][gc,nmethod     ] Register NMethod: java.lang.invoke.MethodHandle.linkToStatic (0x000074b1b2cecc08) [0x000074b1b2cecd00, 0x000074b1b2cecdf0] Compiler: , Barriers: 0, Oops: 0, ImmediateOops: 0, NonImmediateOops: No
[4,099s][debug][gc,nmethod     ] Register NMethod: java.lang.invoke.MethodHandle.linkToSpecial (0x000074b1b2cecf08) [0x000074b1b2ced000, 0x000074b1b2ced0f8] Compiler: , Barriers: 0, Oops: 0, ImmediateOops: 0, NonImmediateOops: No
[4,100s][debug][gc,nmethod     ] Register NMethod: java.lang.invoke.MethodHandle.invokeBasic (0x000074b1b2ced208) [0x000074b1b2ced300, 0x000074b1b2ced598] Compiler: , Barriers: 0, Oops: 0, ImmediateOops: 0, NonImmediateOops: No
[4,100s][debug][gc,nmethod     ] Register NMethod: java.lang.invoke.MethodHandle.linkToSpecial (0x000074b1b2ced608) [0x000074b1b2ced700, 0x000074b1b2ced7f8] Compiler: , Barriers: 0, Oops: 0, ImmediateOops: 0, NonImmediateOops: No
[4,102s][debug][gc,nmethod     ] Register NMethod: java.lang.invoke.MethodHandleImpl.makeConstantReturning (0x000074b193b95a08) [0x000074b193b95b00, 0x000074b193b98220] Compiler: c1, Barriers: 1, Oops: 0, ImmediateOops: 4, NonImmediateOops: No
[4,102s][debug][gc,nmethod     ] Register NMethod: java.lang.invoke.MethodHandleImpl.makeConstantReturning (0x000074b193b95a08) [0x000074b193b95b00, 0x000074b193b98220] Compiler: c1, Barriers: 1, Oops: 0, ImmediateOops: 4, NonImmediateOops: No
[4,102s][debug][gc,nmethod     ] Register NMethod: java.lang.invoke.MethodHandle.linkToStatic (0x000074b1b2ced908) [0x000074b1b2ceda00, 0x000074b1b2cedaf0] Compiler: , Barriers: 0, Oops: 0, ImmediateOops: 0, NonImmediateOops: No
[4,102s][debug][gc,nmethod     ] Register NMethod: java.lang.invoke.MethodHandle.linkToStatic (0x000074b1b2cedc08) [0x000074b1b2cedd00, 0x000074b1b2ceddf0] Compiler: , Barriers: 0, Oops: 0, ImmediateOops: 0, NonImmediateOops: No
[4,102s][debug][gc,nmethod     ] Register NMethod: java.lang.invoke.MethodHandle.linkToStatic (0x000074b1b2cedf08) [0x000074b1b2cee000, 0x000074b1b2cee0f0] Compiler: , Barriers: 0, Oops: 0, ImmediateOops: 0, NonImmediateOops: No
[4,103s][debug][gc,nmethod     ] Register NMethod: java.lang.invoke.MethodHandle.linkToStatic (0x000074b1b2cee208) [0x000074b1b2cee300, 0x000074b1b2cee3f0] Compiler: , Barriers: 0, Oops: 0, ImmediateOops: 0, NonImmediateOops: No
[4,103s][debug][gc,nmethod     ] Register NMethod: java.lang.invoke.MethodHandle.linkToStatic (0x000074b1b2cee508) [0x000074b1b2cee600, 0x000074b1b2cee6f0] Compiler: , Barriers: 0, Oops: 0, ImmediateOops: 0, NonImmediateOops: No
[4,103s][debug][gc,nmethod     ] Register NMethod: java.lang.invoke.MethodHandle.linkToStatic (0x000074b1b2cee808) [0x000074b1b2cee900, 0x000074b1b2cee9f0] Compiler: , Barriers: 0, Oops: 0, ImmediateOops: 0, NonImmediateOops: No
[4,103s][debug][gc,nmethod     ] Register NMethod: jdk.internal.misc.CDS.isLoggingLambdaFormInvokers (0x000074b193d6de08) [0x000074b193d6df00, 0x000074b193d6dff8] Compiler: c1, Barriers: 0, Oops: 0, ImmediateOops: 0, NonImmediateOops: No
[4,103s][debug][gc,nmethod     ] Register NMethod: java.lang.invoke.MethodHandle.linkToStatic (0x000074b1b2ceeb08) [0x000074b1b2ceec00, 0x000074b1b2ceecf0] Compiler: , Barriers: 0, Oops: 0, ImmediateOops: 0, NonImmediateOops: No
[4,103s][debug][gc,nmethod     ] Register NMethod: java.lang.invoke.MethodType.methodType (0x000074b193d6e108) [0x000074b193d6e200, 0x000074b193d6e6e0] Compiler: c1, Barriers: 2, Oops: 0, ImmediateOops: 4, NonImmediateOops: No
[4,103s][debug][gc,nmethod     ] Register NMethod: java.lang.invoke.MethodHandle.linkToStatic (0x000074b1b2ceee08) [0x000074b1b2ceef00, 0x000074b1b2ceeff0] Compiler: , Barriers: 0, Oops: 0, ImmediateOops: 0, NonImmediateOops: No
[4,104s][debug][gc,nmethod     ] Register NMethod: java.lang.invoke.LambdaForm.compileToBytecode (0x000074b193d6e708) [0x000074b193d6e800, 0x000074b193d6f1e0] Compiler: c1, Barriers: 9, Oops: 1, ImmediateOops: 4, NonImmediateOops: No
[4,104s][debug][gc,nmethod     ] Register NMethod: java.lang.invoke.MethodType.isAllObject (0x000074b193d6f208) [0x000074b193d6f300, 0x000074b193d6f540] Compiler: c1, Barriers: 1, Oops: 0, ImmediateOops: 1, NonImmediateOops: No
[4,104s][debug][gc,nmethod     ] Register NMethod: java.lang.invoke.MethodHandle.invokeBasic (0x000074b1b2cef108) [0x000074b1b2cef200, 0x000074b1b2cef498] Compiler: , Barriers: 0, Oops: 0, ImmediateOops: 0, NonImmediateOops: No
[4,104s][debug][gc,nmethod     ] Register NMethod: java.lang.invoke.MethodHandle.linkToSpecial (0x000074b1b2cef508) [0x000074b1b2cef600, 0x000074b1b2cef6f8] Compiler: , Barriers: 0, Oops: 0, ImmediateOops: 0, NonImmediateOops: No
[4,105s][debug][gc,nmethod     ] Register NMethod: java.lang.invoke.MethodHandle.invokeBasic (0x000074b1b2cef808) [0x000074b1b2cef900, 0x000074b1b2cefb98] Compiler: , Barriers: 0, Oops: 0, ImmediateOops: 0, NonImmediateOops: No
[4,105s][debug][gc,nmethod     ] Register NMethod: java.lang.invoke.MethodHandle.linkToSpecial (0x000074b1b2cefc08) [0x000074b1b2cefd00, 0x000074b1b2cefdf8] Compiler: , Barriers: 0, Oops: 0, ImmediateOops: 0, NonImmediateOops: No
[4,105s][debug][gc,nmethod     ] Register NMethod: java.util.Arrays.fill (0x000074b193d6f588) [0x000074b193d6f680, 0x000074b193d6fb28] Compiler: c1, Barriers: 3, Oops: 0, ImmediateOops: 0, NonImmediateOops: No
[4,105s][debug][gc,nmethod     ] Register NMethod: java.lang.invoke.BoundMethodHandle$SpeciesData.extendWith (0x000074b193d6fb88) [0x000074b193d6fc80, 0x000074b193d71828] Compiler: c1, Barriers: 7, Oops: 1, ImmediateOops: 2, NonImmediateOops: No
[4,105s][debug][gc,director    ] Rule Major: Warmup 10%, Used: 198MB, UsedThreshold: 1228MB
[4,105s][debug][gc,nmethod     ] Register NMethod: java.lang.invoke.LambdaFormEditor.lambdaFormEditor (0x000074b193d71888) [0x000074b193d71980, 0x000074b193d71c38] Compiler: c1, Barriers: 3, Oops: 0, ImmediateOops: 0, NonImmediateOops: No
[4,105s][debug][gc,nmethod     ] Register NMethod: java.lang.invoke.LambdaFormEditor.<init> (0x000074b193d71c88) [0x000074b193d71d80, 0x000074b193d71f50] Compiler: c1, Barriers: 3, Oops: 0, ImmediateOops: 0, NonImmediateOops: No
[4,105s][debug][gc,nmethod     ] Register NMethod: java.lang.invoke.LambdaForm.editor (0x000074b193d71f88) [0x000074b193d72080, 0x000074b193d723a8] Compiler: c1, Barriers: 3, Oops: 0, ImmediateOops: 0, NonImmediateOops: No
[4,106s][debug][gc,nmethod     ] Register NMethod: java.lang.invoke.MethodHandleStatics.traceLambdaForm (0x000074b193d72408) [0x000074b193d72500, 0x000074b193d72668] Compiler: c1, Barriers: 0, Oops: 0, ImmediateOops: 0, NonImmediateOops: No
[4,106s][debug][gc,nmethod     ] Register NMethod: java.lang.invoke.LambdaFormBuffer.changeName (0x000074b193d72708) [0x000074b193d72800, 0x000074b193d73270] Compiler: c1, Barriers: 10, Oops: 0, ImmediateOops: 0, NonImmediateOops: No
[4,106s][debug][gc,nmethod     ] Register NMethod: java.lang.String.getBytes (0x000074b193d73288) [0x000074b193d73380, 0x000074b193d73818] Compiler: c1, Barriers: 1, Oops: 0, ImmediateOops: 0, NonImmediateOops: No
[4,109s][debug][gc,nmethod     ] Register NMethod: java.util.concurrent.ForkJoinPool.deactivate (0x000074b1b2ceff08) [0x000074b1b2cf0000, 0x000074b1b2cf0ac0] Compiler: jvmci, Barriers: 21, Oops: 0, ImmediateOops: 1, NonImmediateOops: No
[4,110s][debug][gc,nmethod     ] Register NMethod: java.util.concurrent.atomic.AtomicLong.incrementAndGet (0x000074b1b2cf0b08) [0x000074b1b2cf0c00, 0x000074b1b2cf0c90] Compiler: jvmci, Barriers: 0, Oops: 0, ImmediateOops: 0, NonImmediateOops: No
[4,114s][debug][gc,nmethod     ] Register NMethod: jdk.internal.classfile.impl.SplitConstantPool.writeTo (0x000074b1b2cf0e08) [0x000074b1b2cf0f20, 0x000074b1b2cf30b8] Compiler: jvmci, Barriers: 23, Oops: 0, ImmediateOops: 0, NonImmediateOops: No
[4,115s][debug][gc,nmethod     ] Register NMethod: io.sirix.api.PageReadOnlyTrx.recordPageOffset (0x000074b1b2cf3108) [0x000074b1b2cf3200, 0x000074b1b2cf3270] Compiler: jvmci, Barriers: 0, Oops: 1, ImmediateOops: 0, NonImmediateOops: No
[4,115s][debug][gc,nmethod     ] Register NMethod: java.util.Arrays.hashCode (0x000074b1b2cf3408) [0x000074b1b2cf3500, 0x000074b1b2cf37f8] Compiler: jvmci, Barriers: 2, Oops: 0, ImmediateOops: 0, NonImmediateOops: No
[4,115s][debug][gc,director    ] Rule Major: Warmup 10%, Used: 198MB, UsedThreshold: 1228MB
[4,120s][debug][gc,nmethod     ] Register NMethod: java.lang.invoke.BoundMethodHandle$Species_LL.<init> (0x000074b193d73888) [0x000074b193d73980, 0x000074b193d73c40] Compiler: c1, Barriers: 6, Oops: 0, ImmediateOops: 0, NonImmediateOops: No
[4,120s][debug][gc,nmethod     ] Register NMethod: java.lang.invoke.BoundMethodHandle$Species_LL.make (0x000074b193d73c88) [0x000074b193d73d80, 0x000074b193d74070] Compiler: c1, Barriers: 6, Oops: 0, ImmediateOops: 0, NonImmediateOops: No
[4,120s][debug][gc,nmethod     ] Register NMethod: io.sirix.node.json.ObjectKeyNode.getNodeKey (0x000074b1b2cf3808) [0x000074b1b2cf3900, 0x000074b1b2cf39c0] Compiler: c1, Barriers: 0, Oops: 1, ImmediateOops: 0, NonImmediateOops: No
[4,120s][debug][gc,nmethod     ] Register NMethod: io.sirix.access.trx.node.AbstractNodeReadOnlyTrx.getNodeKey (0x000074b193d74088) [0x000074b193d74180, 0x000074b193d747e8] Compiler: c1, Barriers: 1, Oops: 1, ImmediateOops: 1, NonImmediateOops: No
[4,121s][debug][gc,nmethod     ] Register NMethod: io.sirix.axis.AbstractAxis.hasNext (0x000074b193d74808) [0x000074b193d74900, 0x000074b193d753c8] Compiler: c1, Barriers: 2, Oops: 1, ImmediateOops: 1, NonImmediateOops: No
[4,122s][debug][gc,nmethod     ] Register NMethod: java.util.stream.AbstractPipeline.isParallel (0x000074b1b2cf3b08) [0x000074b1b2cf3c00, 0x000074b1b2cf3ce0] Compiler: jvmci, Barriers: 1, Oops: 0, ImmediateOops: 0, NonImmediateOops: No
[4,123s][debug][gc,nmethod     ] Register NMethod: java.lang.invoke.DelegatingMethodHandle.makeReinvokerForm (0x000074b193d75408) [0x000074b193d75500, 0x000074b193d75628] Compiler: c1, Barriers: 0, Oops: 0, ImmediateOops: 0, NonImmediateOops: No
[4,123s][debug][gc,nmethod     ] Register NMethod: java.lang.invoke.DelegatingMethodHandle.whichKind (0x000074b193d75708) [0x000074b193d75800, 0x000074b193d759c0] Compiler: c1, Barriers: 0, Oops: 0, ImmediateOops: 3, NonImmediateOops: No
[4,123s][debug][gc,nmethod     ] Register NMethod: java.util.ArrayDeque.push (0x000074b193d75a08) [0x000074b193d75b00, 0x000074b193d75c48] Compiler: c1, Barriers: 0, Oops: 0, ImmediateOops: 0, NonImmediateOops: No
[4,123s][debug][gc,nmethod     ] Register NMethod: java.util.ArrayDeque.dec (0x000074b193d75d08) [0x000074b193d75e00, 0x000074b193d75f18] Compiler: c1, Barriers: 0, Oops: 0, ImmediateOops: 0, NonImmediateOops: No
[4,123s][debug][gc,nmethod     ] Register NMethod: java.util.ArrayDeque.addFirst (0x000074b193d76008) [0x000074b193d76100, 0x000074b193d766e0] Compiler: c1, Barriers: 4, Oops: 0, ImmediateOops: 0, NonImmediateOops: No
[4,123s][debug][gc,nmethod     ] Register NMethod: jdk.internal.constant.ClassOrInterfaceDescImpl.ofValidated (0x000074b1b2cf3e08) [0x000074b1b2cf3f00, 0x000074b1b2cf4010] Compiler: jvmci, Barriers: 2, Oops: 0, ImmediateOops: 0, NonImmediateOops: No
[4,125s][debug][gc,nmethod     ] Register NMethod: java.lang.invoke.MethodType.hashCode (0x000074b1b2cf4108) [0x000074b1b2cf4200, 0x000074b1b2cf4468] Compiler: jvmci, Barriers: 3, Oops: 0, ImmediateOops: 0, NonImmediateOops: No
[4,125s][debug][gc,nmethod     ] Register NMethod: java.util.stream.MatchOps$MatchOp.getOpFlags (0x000074b193d76708) [0x000074b193d76800, 0x000074b193d76908] Compiler: c1, Barriers: 0, Oops: 0, ImmediateOops: 0, NonImmediateOops: No
[4,126s][debug][gc,director    ] Rule Major: Warmup 10%, Used: 198MB, UsedThreshold: 1228MB
[4,126s][debug][gc,nmethod     ] Register NMethod: java.util.stream.MatchOps$$Lambda/0x00000000610f77d0.<init> (0x000074b193d76a08) [0x000074b193d76b00, 0x000074b193d76d48] Compiler: c1, Barriers: 6, Oops: 0, ImmediateOops: 0, NonImmediateOops: No
[4,126s][debug][gc,nmethod     ] Register NMethod: java.util.stream.MatchOps$MatchOp.<init> (0x000074b193d76d88) [0x000074b193d76e80, 0x000074b193d77140] Compiler: c1, Barriers: 9, Oops: 0, ImmediateOops: 0, NonImmediateOops: No
[4,126s][debug][gc,nmethod     ] Register NMethod: java.util.stream.MatchOps.makeRef (0x000074b193d77188) [0x000074b193d77280, 0x000074b193d77db0] Compiler: c1, Barriers: 15, Oops: 2, ImmediateOops: 3, NonImmediateOops: No
[4,126s][debug][gc,nmethod     ] Register NMethod: java.util.stream.MatchOps.lambda$makeRef$0 (0x000074b193d77e08) [0x000074b193d77f00, 0x000074b193d78298] Compiler: c1, Barriers: 6, Oops: 0, ImmediateOops: 0, NonImmediateOops: No
[4,126s][debug][gc,nmethod     ] Register NMethod: java.util.stream.MatchOps$MatchOp.evaluateSequential (0x000074b193d78308) [0x000074b193d78400, 0x000074b193d79228] Compiler: c1, Barriers: 1, Oops: 0, ImmediateOops: 2, NonImmediateOops: No
[4,126s][debug][gc,nmethod     ] Register NMethod: java.util.stream.MatchOps$MatchOp.evaluateSequential (0x000074b193d79288) [0x000074b193d79380, 0x000074b193d79f90] Compiler: c1, Barriers: 1, Oops: 0, ImmediateOops: 2, NonImmediateOops: No
[4,126s][debug][gc,nmethod     ] Register NMethod: java.util.stream.MatchOps$1MatchSink.<init> (0x000074b193d7a008) [0x000074b193d7a100, 0x000074b193d7a400] Compiler: c1, Barriers: 6, Oops: 0, ImmediateOops: 0, NonImmediateOops: No
[4,126s][debug][gc,nmethod     ] Register NMethod: java.util.stream.MatchOps$$Lambda/0x00000000610f77d0.get (0x000074b193d7a408) [0x000074b193d7a500, 0x000074b193d7a980] Compiler: c1, Barriers: 8, Oops: 0, ImmediateOops: 0, NonImmediateOops: No
[4,127s][debug][gc,nmethod     ] Register NMethod: java.util.stream.MatchOps$BooleanTerminalSink.<init> (0x000074b193d7a988) [0x000074b193d7aa80, 0x000074b193d7ac38] Compiler: c1, Barriers: 0, Oops: 0, ImmediateOops: 0, NonImmediateOops: No
[4,127s][debug][gc,nmethod     ] Register NMethod: java.lang.Class.forName (0x000074b193d7ac88) [0x000074b193d7ad80, 0x000074b193d7aec8] Compiler: c1, Barriers: 0, Oops: 0, ImmediateOops: 0, NonImmediateOops: No
[4,127s][debug][gc,nmethod     ] Register NMethod: java.lang.ClassLoader.getClassLoader (0x000074b193d7af88) [0x000074b193d7b080, 0x000074b193d7b3c8] Compiler: c1, Barriers: 1, Oops: 0, ImmediateOops: 0, NonImmediateOops: No
[4,127s][debug][gc,nmethod     ] Register NMethod: java.lang.Class.forName (0x000074b193d7b408) [0x000074b193d7b500, 0x000074b193d7b948] Compiler: c1, Barriers: 1, Oops: 0, ImmediateOops: 0, NonImmediateOops: No
[4,127s][debug][gc,nmethod     ] Register NMethod: com.github.benmanes.caffeine.cache.Caffeine.evicts (0x000074b193d7b988) [0x000074b193d7ba80, 0x000074b193d7c0d0] Compiler: c1, Barriers: 1, Oops: 1, ImmediateOops: 0, NonImmediateOops: No
[4,127s][debug][gc,nmethod     ] Register NMethod: com.github.benmanes.caffeine.cache.AbstractLinkedDeque.<init> (0x000074b193d7c108) [0x000074b193d7c200, 0x000074b193d7c3b8] Compiler: c1, Barriers: 0, Oops: 1, ImmediateOops: 0, NonImmediateOops: No
[4,128s][debug][gc,nmethod     ] Register NMethod: com.github.benmanes.caffeine.cache.AccessOrderDeque.<init> (0x000074b193d7c408) [0x000074b193d7c500, 0x000074b193d7c718] Compiler: c1, Barriers: 0, Oops: 1, ImmediateOops: 0, NonImmediateOops: No
[4,128s][debug][gc,nmethod     ] Register NMethod: java.nio.CharBuffer.position (0x000074b1b2cf4488) [0x000074b1b2cf4580, 0x000074b1b2cf4660] Compiler: jvmci, Barriers: 0, Oops: 0, ImmediateOops: 0, NonImmediateOops: No
[4,128s][debug][gc,nmethod     ] Register NMethod: io.sirix.page.UberPage.getRevisionRootReference (0x000074b1b2cf4788) [0x000074b1b2cf4880, 0x000074b1b2cf4968] Compiler: c1, Barriers: 1, Oops: 1, ImmediateOops: 0, NonImmediateOops: No
[4,128s][debug][gc,nmethod     ] Register NMethod: java.nio.channels.spi.AbstractInterruptibleChannel$1.<init> (0x000074b193d7c788) [0x000074b193d7c880, 0x000074b193d7cba8] Compiler: c1, Barriers: 3, Oops: 0, ImmediateOops: 0, NonImmediateOops: No
[4,129s][debug][gc,nmethod     ] Register NMethod: java.util.stream.ForEachOps$ForEachOp$OfRef.accept (0x000074b193d7cc08) [0x000074b193d7cd00, 0x000074b193d7d040] Compiler: c1, Barriers: 1, Oops: 0, ImmediateOops: 0, NonImmediateOops: No
[4,129s][debug][gc,nmethod     ] Register NMethod: java.util.concurrent.ForkJoinPool$WorkQueue.topLevelExec (0x000074b193d7d088) [0x000074b193d7d180, 0x000074b193d7df40] Compiler: c1, Barriers: 0, Oops: 0, ImmediateOops: 0, NonImmediateOops: No
[4,129s][debug][gc,nmethod     ] Register NMethod: java.nio.channels.spi.AbstractInterruptibleChannel.<init> (0x000074b193d7df88) [0x000074b193d7e080, 0x000074b193d7e560] Compiler: c1, Barriers: 9, Oops: 0, ImmediateOops: 0, NonImmediateOops: No
[4,130s][debug][gc,nmethod     ] Register NMethod: java.nio.Buffer.<init> (0x000074b1b2cf4a88) [0x000074b1b2cf4b80, 0x000074b1b2cf4f18] Compiler: jvmci, Barriers: 3, Oops: 0, ImmediateOops: 0, NonImmediateOops: No
[4,130s][debug][gc,nmethod     ] Register NMethod: java.nio.charset.Charset.defaultCharset (0x000074b193d7e588) [0x000074b193d7e680, 0x000074b193d7e778] Compiler: c1, Barriers: 0, Oops: 0, ImmediateOops: 1, NonImmediateOops: No
[4,131s][debug][gc,nmethod     ] Register NMethod: sun.nio.fs.UnixChannelFactory.newFileChannel (0x000074b193d7e888) [0x000074b193d7e980, 0x000074b193d7eaa8] Compiler: c1, Barriers: 0, Oops: 0, ImmediateOops: 0, NonImmediateOops: No
[4,131s][debug][gc,nmethod     ] Register NMethod: sun.nio.fs.UnixFileSystemProvider.newFileChannel (0x000074b193d7eb88) [0x000074b193d7ec80, 0x000074b193d7f588] Compiler: c1, Barriers: 0, Oops: 0, ImmediateOops: 0, NonImmediateOops: No
[4,131s][debug][gc,nmethod     ] Register NMethod: sun.nio.fs.UnixChannelFactory$Flags.<init> (0x000074b193d7f608) [0x000074b193d7f700, 0x000074b193d7f858] Compiler: c1, Barriers: 0, Oops: 0, ImmediateOops: 0, NonImmediateOops: No
[4,131s][debug][gc,nmethod     ] Register NMethod: java.io.FileDescriptor$1.set (0x000074b193d7f908) [0x000074b193d7fa00, 0x000074b193d801b0] Compiler: c1, Barriers: 4, Oops: 0, ImmediateOops: 0, NonImmediateOops: No
[4,131s][debug][gc,nmethod     ] Register NMethod: net.jpountz.util.SafeUtils.readIntLE (0x000074b1b2cf4f88) [0x000074b1b2cf5080, 0x000074b1b2cf5198] Compiler: jvmci, Barriers: 0, Oops: 1, ImmediateOops: 0, NonImmediateOops: No
[4,132s][debug][gc,nmethod     ] Register NMethod: sun.nio.fs.UnixChannelFactory.newFileChannel (0x000074b193d80208) [0x000074b193d80300, 0x000074b193d80d70] Compiler: c1, Barriers: 6, Oops: 0, ImmediateOops: 3, NonImmediateOops: No
[4,132s][debug][gc,nmethod     ] Register NMethod: java.io.FileDescriptor.set (0x000074b193d80d88) [0x000074b193d80e80, 0x000074b193d813f0] Compiler: c1, Barriers: 4, Oops: 0, ImmediateOops: 0, NonImmediateOops: No
[4,132s][debug][gc,nmethod     ] Register NMethod: sun.nio.fs.UnixChannelFactory$Flags.toFlags (0x000074b193d81408) [0x000074b193d81500, 0x000074b193d83fe8] Compiler: c1, Barriers: 1, Oops: 1, ImmediateOops: 5, NonImmediateOops: No
[4,134s][debug][gc,nmethod     ] Register NMethod: sun.nio.fs.UnixChannelFactory.open (0x000074b193d84008) [0x000074b193d84100, 0x000074b193d86408] Compiler: c1, Barriers: 10, Oops: 1, ImmediateOops: 5, NonImmediateOops: No
[4,134s][debug][gc,nmethod     ] Register NMethod: jdk.internal.foreign.AbstractMemorySegmentImpl.get (0x000074b193d86488) [0x000074b193d86580, 0x000074b193d89ea0] Compiler: c1, Barriers: 27, Oops: 5, ImmediateOops: 12, NonImmediateOops: No
[4,134s][debug][gc,nmethod     ] Register NMethod: io.sirix.node.MemorySegmentBytesIn.readShort (0x000074b193d89f08) [0x000074b193d8a000, 0x000074b193d8dc38] Compiler: c1, Barriers: 5, Oops: 6, ImmediateOops: 10, NonImmediateOops: No
[4,134s][debug][gc,nmethod     ] Register NMethod: java.time.LocalDateTime.getLong (0x000074b193d8dc88) [0x000074b193d8dd80, 0x000074b193d8efc0] Compiler: c1, Barriers: 2, Oops: 0, ImmediateOops: 1, NonImmediateOops: No
[4,135s][debug][gc,nmethod     ] Register NMethod: java.lang.invoke.VarHandleSegmentAsShorts.get (0x000074b193d8f008) [0x000074b193d8f100, 0x000074b193d945b8] Compiler: c1, Barriers: 24, Oops: 2, ImmediateOops: 6, NonImmediateOops: No
[4,135s][debug][gc,nmethod     ] Register NMethod: java.time.format.DateTimePrintContext.getValue (0x000074b193d94608) [0x000074b193d94700, 0x000074b193d94d50] Compiler: c1, Barriers: 2, Oops: 0, ImmediateOops: 0, NonImmediateOops: No
[4,135s][debug][gc,nmethod     ] Register NMethod: java.time.LocalTime.getLong (0x000074b193d94d88) [0x000074b193d94e80, 0x000074b193d958c8] Compiler: c1, Barriers: 0, Oops: 0, ImmediateOops: 2, NonImmediateOops: No
[4,135s][debug][gc,nmethod     ] Register NMethod: java.time.format.DateTimePrintContext.getDecimalStyle (0x000074b193d95908) [0x000074b193d95a00, 0x000074b193d95d40] Compiler: c1, Barriers: 2, Oops: 0, ImmediateOops: 0, NonImmediateOops: No
[4,135s][debug][gc,nmethod     ] Register NMethod: java.time.temporal.ChronoField.isTimeBased (0x000074b193d95d88) [0x000074b193d95e80, 0x000074b193d96378] Compiler: c1, Barriers: 0, Oops: 0, ImmediateOops: 1, NonImmediateOops: No
[4,135s][debug][gc,nmethod     ] Register NMethod: java.io.FileDescriptor$1.setAppend (0x000074b193d96388) [0x000074b193d96480, 0x000074b193d96588] Compiler: c1, Barriers: 0, Oops: 0, ImmediateOops: 0, NonImmediateOops: No
[4,135s][debug][gc,nmethod     ] Register NMethod: sun.nio.ch.FileChannelImpl.open (0x000074b193d96688) [0x000074b193d96780, 0x000074b193d96938] Compiler: c1, Barriers: 0, Oops: 0, ImmediateOops: 0, NonImmediateOops: No
[4,135s][debug][gc,nmethod     ] Register NMethod: java.nio.channels.FileChannel.<init> (0x000074b193d96988) [0x000074b193d96a80, 0x000074b193d96fc8] Compiler: c1, Barriers: 9, Oops: 0, ImmediateOops: 0, NonImmediateOops: No
[4,135s][debug][gc,nmethod     ] Register NMethod: com.github.benmanes.caffeine.cache.BaseMpscLinkedArrayQueue.modifiedCalcElementOffset (0x000074b1b2cf5288) [0x000074b1b2cf5380, 0x000074b1b2cf53f0] Compiler: jvmci, Barriers: 0, Oops: 1, ImmediateOops: 0, NonImmediateOops: No
[4,136s][debug][gc,nmethod     ] Register NMethod: sun.nio.ch.NativeThreadSet.<init> (0x000074b193d97008) [0x000074b193d97100, 0x000074b193d97260] Compiler: c1, Barriers: 0, Oops: 0, ImmediateOops: 0, NonImmediateOops: No
[4,136s][debug][gc,director    ] Rule Major: Warmup 10%, Used: 200MB, UsedThreshold: 1228MB
[4,136s][debug][gc,nmethod     ] Register NMethod: sun.nio.ch.FileChannelImpl$Closer.<init> (0x000074b193d97308) [0x000074b193d97400, 0x000074b193d975d0] Compiler: c1, Barriers: 3, Oops: 0, ImmediateOops: 0, NonImmediateOops: No
[4,136s][debug][gc,nmethod     ] Register NMethod: java.time.LocalTime.get0 (0x000074b193d97608) [0x000074b193d97700, 0x000074b193d99640] Compiler: c1, Barriers: 0, Oops: 1, ImmediateOops: 6, NonImmediateOops: No
[4,137s][debug][gc,nmethod     ] Register NMethod: java.util.Formatter.ensureOpen (0x000074b193d99688) [0x000074b193d99780, 0x000074b193d99960] Compiler: c1, Barriers: 1, Oops: 0, ImmediateOops: 0, NonImmediateOops: No
[4,137s][debug][gc,nmethod     ] Register NMethod: sun.nio.ch.FileChannelImpl.<init> (0x000074b193d99988) [0x000074b193d99a80, 0x000074b193d9aba0] Compiler: c1, Barriers: 30, Oops: 1, ImmediateOops: 2, NonImmediateOops: No
[4,137s][debug][gc,nmethod     ] Register NMethod: java.nio.ByteBuffer.allocateDirect (0x000074b193d9ac08) [0x000074b193d9ad00, 0x000074b193d9ae88] Compiler: c1, Barriers: 0, Oops: 0, ImmediateOops: 0, NonImmediateOops: No
[4,137s][debug][gc,nmethod     ] Register NMethod: java.time.zone.ZoneOffsetTransition.toEpochSecond (0x000074b1b2cf5588) [0x000074b1b2cf5680, 0x000074b1b2cf5740] Compiler: c1, Barriers: 0, Oops: 0, ImmediateOops: 0, NonImmediateOops: No
[4,137s][debug][gc,nmethod     ] Register NMethod: io.sirix.page.AbstractForwardingPage.<init> (0x000074b193d9af08) [0x000074b193d9b000, 0x000074b193d9b1b8] Compiler: c1, Barriers: 0, Oops: 1, ImmediateOops: 0, NonImmediateOops: No
[4,138s][debug][gc,nmethod     ] Register NMethod: io.sirix.access.trx.page.NodePageReadOnlyTrx.assertNotClosed (0x000074b1b2cf5888) [0x000074b1b2cf5980, 0x000074b1b2cf5a40] Compiler: jvmci, Barriers: 0, Oops: 1, ImmediateOops: 0, NonImmediateOops: No
[4,138s][debug][gc,nmethod     ] Register NMethod: java.nio.DirectByteBuffer.<init> (0x000074b193d9b208) [0x000074b193d9b300, 0x000074b193d9cc70] Compiler: c1, Barriers: 25, Oops: 2, ImmediateOops: 14, NonImmediateOops: No
[4,139s][debug][gc,nmethod     ] Register NMethod: io.sirix.access.trx.page.NodePageTrx.createRecord (0x000074b193d9cc88) [0x000074b193d9cd80, 0x000074b193da1780] Compiler: c1, Barriers: 18, Oops: 1, ImmediateOops: 2, NonImmediateOops: No
[4,139s][debug][gc,nmethod     ] Register NMethod: io.sirix.access.trx.page.NodePageReadOnlyTrx.getRecordPage (0x000074b193da1808) [0x000074b193da1900, 0x000074b193da5a50] Compiler: c1, Barriers: 50, Oops: 2, ImmediateOops: 6, NonImmediateOops: No
[4,139s][debug][gc,nmethod     ] Register NMethod: io.sirix.axis.filter.AbstractFilter.getTrx (0x000074b1b2cf5b88) [0x000074b1b2cf5c80, 0x000074b1b2cf5d68] Compiler: c1, Barriers: 1, Oops: 1, ImmediateOops: 0, NonImmediateOops: No
[4,139s][debug][gc,nmethod     ] Register NMethod: io.sirix.access.trx.page.NodePageTrx.prepareRecordForModification (0x000074b193da5a88) [0x000074b193da5b80, 0x000074b193da7a08] Compiler: c1, Barriers: 7, Oops: 2, ImmediateOops: 4, NonImmediateOops: No
[4,139s][debug][gc,nmethod     ] Register NMethod: java.lang.invoke.VarHandleSegmentAsShorts.get (0x000074b193da7a88) [0x000074b193da7b80, 0x000074b193dacdb8] Compiler: c1, Barriers: 24, Oops: 2, ImmediateOops: 6, NonImmediateOops: No
[4,139s][debug][gc,nmethod     ] Register NMethod: io.sirix.node.json.ObjectNode.getNodeKey (0x000074b1b2cf5e88) [0x000074b1b2cf5f80, 0x000074b1b2cf6040] Compiler: c1, Barriers: 0, Oops: 1, ImmediateOops: 0, NonImmediateOops: No
[4,139s][debug][gc,nmethod     ] Register NMethod: io.sirix.index.path.summary.PathSummaryReader.getStructuralNode (0x000074b193dace08) [0x000074b193dacf00, 0x000074b193dad2b8] Compiler: c1, Barriers: 1, Oops: 1, ImmediateOops: 0, NonImmediateOops: No
[4,140s][debug][gc,nmethod     ] Register NMethod: io.sirix.io.filechannel.FileChannelWriter.delegate (0x000074b1b2cf6188) [0x000074b1b2cf6280, 0x000074b1b2cf6368] Compiler: c1, Barriers: 1, Oops: 1, ImmediateOops: 0, NonImmediateOops: No
[4,140s][debug][gc,nmethod     ] Register NMethod: java.util.stream.Sink.begin (0x000074b1b2cf6488) [0x000074b1b2cf6580, 0x000074b1b2cf6600] Compiler: jvmci, Barriers: 0, Oops: 0, ImmediateOops: 0, NonImmediateOops: No
[4,140s][debug][gc,nmethod     ] Register NMethod: java.nio.MappedByteBuffer.limit (0x000074b193dad308) [0x000074b193dad400, 0x000074b193dad7c0] Compiler: c1, Barriers: 0, Oops: 0, ImmediateOops: 0, NonImmediateOops: No
[4,140s][debug][gc,nmethod     ] Register NMethod: io.sirix.access.trx.node.AbstractNodeReadOnlyTrx.getKind (0x000074b193dad808) [0x000074b193dad900, 0x000074b193dadf68] Compiler: c1, Barriers: 1, Oops: 1, ImmediateOops: 1, NonImmediateOops: No
[4,140s][debug][gc,nmethod     ] Register NMethod: jdk.internal.misc.Unsafe.getLongUnaligned (0x000074b1b2cf6788) [0x000074b1b2cf6880, 0x000074b1b2cf6940] Compiler: jvmci, Barriers: 0, Oops: 0, ImmediateOops: 0, NonImmediateOops: No
[4,140s][debug][gc,nmethod     ] Register NMethod: java.util.LinkedHashMap.afterNodeAccess (0x000074b193dadf88) [0x000074b193dae080, 0x000074b193daf130] Compiler: c1, Barriers: 54, Oops: 0, ImmediateOops: 0, NonImmediateOops: No
[4,140s][debug][gc,nmethod     ] Register NMethod: io.sirix.page.RevisionRootPage.getMaxNodeKeyInDocumentIndex (0x000074b1b2cf6a88) [0x000074b1b2cf6b80, 0x000074b1b2cf6c40] Compiler: c1, Barriers: 0, Oops: 1, ImmediateOops: 0, NonImmediateOops: No
[4,141s][debug][gc,nmethod     ] Register NMethod: com.google.gson.stream.JsonReader.nextString (0x000074b193daf188) [0x000074b193daf280, 0x000074b193db0c78] Compiler: c1, Barriers: 7, Oops: 2, ImmediateOops: 3, NonImmediateOops: No
[4,141s][debug][gc,nmethod     ] Register NMethod: net.jpountz.lz4.LZ4Utils.maxCompressedLength (0x000074b193db0d08) [0x000074b193db0e00, 0x000074b193db1c08] Compiler: c1, Barriers: 0, Oops: 2, ImmediateOops: 3, NonImmediateOops: No
[4,142s][debug][gc,nmethod     ] Register NMethod: java.nio.ByteBuffer.rewind (0x000074b193db1c88) [0x000074b193db1d80, 0x000074b193db1ee8] Compiler: c1, Barriers: 0, Oops: 0, ImmediateOops: 0, NonImmediateOops: No
[4,142s][debug][gc,nmethod     ] Register NMethod: java.nio.Buffer.rewind (0x000074b193db1f88) [0x000074b193db2080, 0x000074b193db2190] Compiler: c1, Barriers: 0, Oops: 0, ImmediateOops: 0, NonImmediateOops: No
[4,142s][debug][gc,nmethod     ] Register NMethod: java.nio.MappedByteBuffer.rewind (0x000074b193db2288) [0x000074b193db2380, 0x000074b193db2768] Compiler: c1, Barriers: 0, Oops: 0, ImmediateOops: 0, NonImmediateOops: No
[4,142s][debug][gc,nmethod     ] Register NMethod: java.nio.MappedByteBuffer.rewind (0x000074b193db2788) [0x000074b193db2880, 0x000074b193db2a50] Compiler: c1, Barriers: 0, Oops: 0, ImmediateOops: 0, NonImmediateOops: No
[4,144s][debug][gc,nmethod     ] Register NMethod: com.github.benmanes.caffeine.cache.BoundedLocalCache.drainWriteBuffer (0x000074b193db2a88) [0x000074b193db2b80, 0x000074b193db3828] Compiler: c1, Barriers: 1, Oops: 2, ImmediateOops: 1, NonImmediateOops: No
[4,144s][debug][gc,nmethod     ] Register NMethod: com.github.benmanes.caffeine.cache.BoundedLocalCache.afterWrite (0x000074b193db3888) [0x000074b193db3980, 0x000074b193db5f20] Compiler: c1, Barriers: 11, Oops: 2, ImmediateOops: 2, NonImmediateOops: No
[4,144s][debug][gc,nmethod     ] Register NMethod: com.github.benmanes.caffeine.cache.UnboundedLocalCache$UnboundedLocalAsyncCache.cache (0x000074b193db5f88) [0x000074b193db6080, 0x000074b193db6380] Compiler: c1, Barriers: 1, Oops: 1, ImmediateOops: 0, NonImmediateOops: No
[4,144s][debug][gc,nmethod     ] Register NMethod: com.github.benmanes.caffeine.cache.BaseMpscLinkedArrayQueue.casProducerIndex (0x000074b193db6408) [0x000074b193db6500, 0x000074b193db7230] Compiler: c1, Barriers: 0, Oops: 6, ImmediateOops: 5, NonImmediateOops: No
[4,145s][debug][gc,nmethod     ] Register NMethod: java.util.concurrent.locks.ReentrantLock.tryLock (0x000074b193db7288) [0x000074b193db7380, 0x000074b193db76b8] Compiler: c1, Barriers: 1, Oops: 0, ImmediateOops: 0, NonImmediateOops: No
[4,145s][debug][gc,nmethod     ] Register NMethod: com.github.benmanes.caffeine.cache.BaseMpscLinkedArrayQueue.offer (0x000074b193db7708) [0x000074b193db7800, 0x000074b193dbab10] Compiler: c1, Barriers: 4, Oops: 12, ImmediateOops: 16, NonImmediateOops: No
[4,145s][debug][gc,nmethod     ] Register NMethod: com.github.benmanes.caffeine.cache.BoundedLocalCache.evictFromWindow (0x000074b193dbab88) [0x000074b193dbac80, 0x000074b193dbdd58] Compiler: c1, Barriers: 1, Oops: 1, ImmediateOops: 0, NonImmediateOops: No
[4,145s][debug][gc,nmethod     ] Register NMethod: java.util.concurrent.locks.ReentrantLock$Sync.tryLock (0x000074b193dbdd88) [0x000074b193dbde80, 0x000074b193dbec78] Compiler: c1, Barriers: 5, Oops: 0, ImmediateOops: 1, NonImmediateOops: No
[4,145s][debug][gc,nmethod     ] Register NMethod: com.github.benmanes.caffeine.cache.BoundedLocalCache$PerformCleanupTask.run (0x000074b193dbec88) [0x000074b193dbed80, 0x000074b193dbf500] Compiler: c1, Barriers: 3, Oops: 1, ImmediateOops: 0, NonImmediateOops: No
[4,146s][debug][gc,nmethod     ] Register NMethod: com.github.benmanes.caffeine.cache.BoundedLocalCache.drainKeyReferences (0x000074b193dbf588) [0x000074b193dbf680, 0x000074b193dbf9a8] Compiler: c1, Barriers: 0, Oops: 1, ImmediateOops: 0, NonImmediateOops: No
[4,146s][debug][gc,nmethod     ] Register NMethod: com.github.benmanes.caffeine.cache.BoundedLocalCache.scheduleAfterWrite (0x000074b193dbfa08) [0x000074b193dbfb00, 0x000074b193dc30e0] Compiler: c1, Barriers: 0, Oops: 7, ImmediateOops: 17, NonImmediateOops: No
[4,146s][debug][gc,nmethod     ] Register NMethod: com.github.benmanes.caffeine.cache.BoundedLocalCache.drainReadBuffer (0x000074b193dc3188) [0x000074b193dc3280, 0x000074b193dc3f68] Compiler: c1, Barriers: 3, Oops: 1, ImmediateOops: 0, NonImmediateOops: No
[4,146s][debug][gc,nmethod     ] Register NMethod: com.github.benmanes.caffeine.cache.BoundedLocalCache.drainValueReferences (0x000074b193dc3f88) [0x000074b193dc4080, 0x000074b193dc43a8] Compiler: c1, Barriers: 0, Oops: 1, ImmediateOops: 0, NonImmediateOops: No
[4,146s][debug][gc,director    ] Rule Major: Warmup 10%, Used: 204MB, UsedThreshold: 1228MB
[4,146s][debug][gc,nmethod     ] Register NMethod: com.github.benmanes.caffeine.cache.BoundedLocalCache.performCleanUp (0x000074b193dc4408) [0x000074b193dc4500, 0x000074b193dc6230] Compiler: c1, Barriers: 8, Oops: 1, ImmediateOops: 0, NonImmediateOops: No
[4,146s][debug][gc,nmethod     ] Register NMethod: java.util.concurrent.atomic.AtomicLong.addAndGet (0x000074b1b2cf6d88) [0x000074b1b2cf6e80, 0x000074b1b2cf6f10] Compiler: jvmci, Barriers: 0, Oops: 0, ImmediateOops: 0, NonImmediateOops: No
[4,146s][debug][gc,nmethod     ] Register NMethod: com.github.benmanes.caffeine.cache.BoundedLocalCache.expireAfterAccessEntries (0x000074b193dc6288) [0x000074b193dc6380, 0x000074b193dc66a8] Compiler: c1, Barriers: 0, Oops: 1, ImmediateOops: 0, NonImmediateOops: No
[4,146s][debug][gc,nmethod     ] Register NMethod: com.github.benmanes.caffeine.cache.BoundedLocalCache.expireEntries (0x000074b193dc6708) [0x000074b193dc6800, 0x000074b193dc7670] Compiler: c1, Barriers: 0, Oops: 1, ImmediateOops: 1, NonImmediateOops: No
[4,146s][debug][gc,nmethod     ] Register NMethod: com.github.benmanes.caffeine.cache.BoundedLocalCache.expireAfterWriteEntries (0x000074b193dc7688) [0x000074b193dc7780, 0x000074b193dc7aa8] Compiler: c1, Barriers: 0, Oops: 1, ImmediateOops: 0, NonImmediateOops: No
[4,146s][debug][gc,nmethod     ] Register NMethod: com.github.benmanes.caffeine.cache.BoundedLocalCache.expireVariableEntries (0x000074b193dc7b08) [0x000074b193dc7c00, 0x000074b193dc7f28] Compiler: c1, Barriers: 0, Oops: 1, ImmediateOops: 0, NonImmediateOops: No
[4,146s][debug][gc,nmethod     ] Register NMethod: com.github.benmanes.caffeine.cache.BoundedLocalCache.evictEntries (0x000074b193dc7f88) [0x000074b193dc8080, 0x000074b193dc87c8] Compiler: c1, Barriers: 0, Oops: 1, ImmediateOops: 0, NonImmediateOops: No
[4,147s][debug][gc,nmethod     ] Register NMethod: com.github.benmanes.caffeine.cache.BoundedLocalCache.climb (0x000074b193dc8808) [0x000074b193dc8900, 0x000074b193dc9700] Compiler: c1, Barriers: 0, Oops: 1, ImmediateOops: 0, NonImmediateOops: No
[4,147s][debug][gc,nmethod     ] Register NMethod: java.lang.System$1.currentCarrierThread (0x000074b193dc9788) [0x000074b193dc9880, 0x000074b193dc99c8] Compiler: c1, Barriers: 1, Oops: 0, ImmediateOops: 0, NonImmediateOops: No
[4,147s][debug][gc,nmethod     ] Register NMethod: com.github.benmanes.caffeine.cache.BoundedLocalCache.determineAdjustment (0x000074b193dc9a88) [0x000074b193dc9ba0, 0x000074b193dcc440] Compiler: c1, Barriers: 1, Oops: 1, ImmediateOops: 0, NonImmediateOops: No
[4,147s][debug][gc,nmethod     ] Register NMethod: java.io.ByteArrayInputStream.<init> (0x000074b193dcc488) [0x000074b193dcc580, 0x000074b193dcc7c8] Compiler: c1, Barriers: 3, Oops: 0, ImmediateOops: 0, NonImmediateOops: No
[4,147s][debug][gc,nmethod     ] Register NMethod: com.github.benmanes.caffeine.cache.BoundedLocalCache.setVariableTime (0x000074b193dcc808) [0x000074b193dcc900, 0x000074b193dccc28] Compiler: c1, Barriers: 0, Oops: 1, ImmediateOops: 0, NonImmediateOops: No
[4,147s][debug][gc,nmethod     ] Register NMethod: java.io.FilterInputStream.close (0x000074b193dccc88) [0x000074b193dccd80, 0x000074b193dcd0c0] Compiler: c1, Barriers: 1, Oops: 0, ImmediateOops: 0, NonImmediateOops: No
[4,147s][debug][gc,nmethod     ] Register NMethod: com.github.benmanes.caffeine.cache.BoundedLocalCache.demoteFromMainProtected (0x000074b193dcd108) [0x000074b193dcd200, 0x000074b193dcf960] Compiler: c1, Barriers: 1, Oops: 1, ImmediateOops: 0, NonImmediateOops: No
[4,148s][debug][gc,nmethod     ] Register NMethod: io.sirix.page.KeyValueLeafPage.<init> (0x000074b193dcf988) [0x000074b193dcfa80, 0x000074b193dd0890] Compiler: c1, Barriers: 35, Oops: 1, ImmediateOops: 3, NonImmediateOops: No
[4,148s][debug][gc,nmethod     ] Register NMethod: java.nio.charset.CharsetEncoder.charset (0x000074b1b2cf7088) [0x000074b1b2cf7180, 0x000074b1b2cf7268] Compiler: c1, Barriers: 1, Oops: 0, ImmediateOops: 0, NonImmediateOops: No
[4,149s][debug][gc,nmethod     ] Register NMethod: com.github.benmanes.caffeine.cache.BoundedLocalCache.setAccessTime (0x000074b193dd0908) [0x000074b193dd0a00, 0x000074b193dd0d28] Compiler: c1, Barriers: 0, Oops: 1, ImmediateOops: 0, NonImmediateOops: No
[4,149s][debug][gc,nmethod     ] Register NMethod: jdk.internal.vm.Continuation.pin (0x000074b1b2cf7388) [0x000074b1b2cf7480, 0x000074b1b2cf75c8] Compiler: , Barriers: 0, Oops: 0, ImmediateOops: 1, NonImmediateOops: No
[4,149s][debug][gc,nmethod     ] Register NMethod: jdk.internal.vm.Continuation.unpin (0x000074b1b2cf7688) [0x000074b1b2cf7780, 0x000074b1b2cf78c8] Compiler: , Barriers: 0, Oops: 0, ImmediateOops: 1, NonImmediateOops: No
[4,149s][debug][gc,nmethod     ] Register NMethod: com.github.benmanes.caffeine.cache.BoundedLocalCache.hasExpired (0x000074b193dd0d88) [0x000074b193dd0e80, 0x000074b193dd2f28] Compiler: c1, Barriers: 1, Oops: 7, ImmediateOops: 8, NonImmediateOops: No
[4,151s][debug][gc,nmethod     ] Register NMethod: jdk.internal.ref.PhantomCleanable.clear (0x000074b193dd2f88) [0x000074b193dd3080, 0x000074b193dd3690] Compiler: c1, Barriers: 1, Oops: 0, ImmediateOops: 0, NonImmediateOops: No
[4,151s][debug][gc,nmethod     ] Register NMethod: io.sirix.access.trx.page.NodePageReadOnlyTrx.getCurrentMaxIndirectPageTreeLevel (0x000074b193dd3708) [0x000074b193dd3800, 0x000074b193ddb5f0] Compiler: c1, Barriers: 20, Oops: 1, ImmediateOops: 6, NonImmediateOops: No
[4,151s][debug][gc,nmethod     ] Register NMethod: io.sirix.node.xml.AbstractStructForwardingNode.<init> (0x000074b193ddb608) [0x000074b193ddb700, 0x000074b193ddb918] Compiler: c1, Barriers: 0, Oops: 1, ImmediateOops: 0, NonImmediateOops: No
[4,151s][debug][gc,nmethod     ] Register NMethod: io.sirix.node.HashCountEntryNode.getValue (0x000074b1b2cf7988) [0x000074b1b2cf7a80, 0x000074b1b2cf7b40] Compiler: c1, Barriers: 0, Oops: 1, ImmediateOops: 0, NonImmediateOops: No
[4,151s][debug][gc,nmethod     ] Register NMethod: java.io.FileDescriptor.closeAll (0x000074b193ddb988) [0x000074b193ddba80, 0x000074b193ddd6f0] Compiler: c1, Barriers: 1, Oops: 0, ImmediateOops: 0, NonImmediateOops: No
[4,152s][debug][gc,nmethod     ] Register NMethod: com.github.benmanes.caffeine.cache.BoundedLocalCache.evictFromMain (0x000074b193ddd708) [0x000074b193ddd800, 0x000074b193de9048] Compiler: c1, Barriers: 8, Oops: 8, ImmediateOops: 46, NonImmediateOops: No
[4,152s][debug][gc,nmethod     ] Register NMethod: io.sirix.node.xml.AbstractStructForwardingNode.getFirstChildKey (0x000074b193de9108) [0x000074b193de9200, 0x000074b193de9530] Compiler: c1, Barriers: 0, Oops: 1, ImmediateOops: 0, NonImmediateOops: No
[4,152s][debug][gc,nmethod     ] Register NMethod: io.sirix.node.delegates.StructNodeDelegate.hasFirstChild (0x000074b193de9588) [0x000074b193de9680, 0x000074b193de99d8] Compiler: c1, Barriers: 0, Oops: 1, ImmediateOops: 1, NonImmediateOops: No
[4,152s][debug][gc,nmethod     ] Register NMethod: java.io.BufferedWriter.ensureOpen (0x000074b193de9a08) [0x000074b193de9b00, 0x000074b193de9d30] Compiler: c1, Barriers: 1, Oops: 0, ImmediateOops: 1, NonImmediateOops: No
[4,153s][debug][gc,nmethod     ] Register NMethod: io.sirix.node.xml.AbstractStructForwardingNode.hasFirstChild (0x000074b193de9d88) [0x000074b193de9e80, 0x000074b193dea448] Compiler: c1, Barriers: 0, Oops: 1, ImmediateOops: 1, NonImmediateOops: No
[4,153s][debug][gc,nmethod     ] Register NMethod: java.util.Collections.addAll (0x000074b193dea488) [0x000074b193dea580, 0x000074b193dea988] Compiler: c1, Barriers: 1, Oops: 0, ImmediateOops: 0, NonImmediateOops: No
[4,154s][debug][gc,nmethod     ] Register NMethod: io.sirix.page.KeyValueLeafPage.getNumberOfNonNullEntries (0x000074b1b2cf7c88) [0x000074b1b2cf7d80, 0x000074b1b2cf8150] Compiler: jvmci, Barriers: 3, Oops: 1, ImmediateOops: 0, NonImmediateOops: No
[4,154s][debug][gc,nmethod     ] Register NMethod: io.sirix.BinaryEncodingVersion.values (0x000074b193deaa08) [0x000074b193deab00, 0x000074b193deafe0] Compiler: c1, Barriers: 0, Oops: 1, ImmediateOops: 1, NonImmediateOops: No
[4,154s][debug][gc,nmethod     ] Register NMethod: java.io.ByteArrayInputStream.close (0x000074b193deb008) [0x000074b193deb100, 0x000074b193deb200] Compiler: c1, Barriers: 0, Oops: 0, ImmediateOops: 0, NonImmediateOops: No
[4,155s][debug][gc,nmethod     ] Register NMethod: io.sirix.io.bytepipe.ByteHandlerPipeline.deserialize (0x000074b193deb308) [0x000074b193deb400, 0x000074b193dec020] Compiler: c1, Barriers: 1, Oops: 1, ImmediateOops: 0, NonImmediateOops: No
[4,155s][debug][gc,nmethod     ] Register NMethod: java.nio.DirectByteBuffer.getInt (0x000074b193dec088) [0x000074b193dec180, 0x000074b193dec6b8] Compiler: c1, Barriers: 0, Oops: 0, ImmediateOops: 0, NonImmediateOops: No
[4,155s][debug][gc,nmethod     ] Register NMethod: java.nio.DirectByteBuffer.getInt (0x000074b193dec708) [0x000074b193dec800, 0x000074b193dee030] Compiler: c1, Barriers: 5, Oops: 1, ImmediateOops: 4, NonImmediateOops: No
[4,156s][debug][gc,nmethod     ] Register NMethod: io.sirix.io.AbstractReader.deserialize (0x000074b193dee088) [0x000074b193dee180, 0x000074b193df09d0] Compiler: c1, Barriers: 14, Oops: 2, ImmediateOops: 2, NonImmediateOops: No
[4,156s][debug][gc,nmethod     ] Register NMethod: java.io.InputStream.readNBytes (0x000074b193df0a08) [0x000074b193df0b00, 0x000074b193df2bc0] Compiler: c1, Barriers: 6, Oops: 1, ImmediateOops: 5, NonImmediateOops: No
[4,156s][debug][gc,director    ] Rule Major: Warmup 10%, Used: 206MB, UsedThreshold: 1228MB
[4,156s][debug][gc,nmethod     ] Register NMethod: net.jpountz.lz4.LZ4BlockInputStream.<init> (0x000074b193df2c08) [0x000074b193df2d00, 0x000074b193df32a0] Compiler: c1, Barriers: 15, Oops: 1, ImmediateOops: 0, NonImmediateOops: No
[4,156s][debug][gc,nmethod     ] Register NMethod: java.io.InputStream.readAllBytes (0x000074b193df3308) [0x000074b193df3400, 0x000074b193df3708] Compiler: c1, Barriers: 0, Oops: 0, ImmediateOops: 0, NonImmediateOops: No
[4,157s][debug][gc,nmethod     ] Register NMethod: io.sirix.page.PagePersister.deserializePage (0x000074b193df3788) [0x000074b193df3880, 0x000074b193df44d8] Compiler: c1, Barriers: 2, Oops: 2, ImmediateOops: 2, NonImmediateOops: No
[4,157s][debug][gc,nmethod     ] Register NMethod: io.sirix.io.bytepipe.LZ4Compressor.deserialize (0x000074b193df4508) [0x000074b193df4600, 0x000074b193df73f0] Compiler: c1, Barriers: 36, Oops: 5, ImmediateOops: 38, NonImmediateOops: No
[4,158s][debug][gc,nmethod     ] Register NMethod: net.jpountz.lz4.LZ4BlockInputStream.<init> (0x000074b193df7488) [0x000074b193df7580, 0x000074b193dfa2a8] Compiler: c1, Barriers: 36, Oops: 5, ImmediateOops: 38, NonImmediateOops: No
[4,158s][debug][gc,nmethod     ] Register NMethod: net.jpountz.lz4.LZ4BlockInputStream.<init> (0x000074b193dfa308) [0x000074b193dfa400, 0x000074b193dfd788] Compiler: c1, Barriers: 39, Oops: 5, ImmediateOops: 38, NonImmediateOops: No
[4,159s][debug][gc,nmethod     ] Register NMethod: io.sirix.BinaryEncodingVersion.fromByte (0x000074b193dfd808) [0x000074b193dfd900, 0x000074b193dfe080] Compiler: c1, Barriers: 1, Oops: 1, ImmediateOops: 1, NonImmediateOops: No
[4,159s][debug][gc,nmethod     ] Register NMethod: io.sirix.page.PageKind.getKind (0x000074b193dfe108) [0x000074b193dfe200, 0x000074b193dfeb40] Compiler: c1, Barriers: 2, Oops: 2, ImmediateOops: 2, NonImmediateOops: No
[4,159s][debug][gc,nmethod     ] Register NMethod: com.github.benmanes.caffeine.cache.BoundedLocalCache.setWriteTime (0x000074b193dfeb88) [0x000074b193dfec80, 0x000074b193dff1d0] Compiler: c1, Barriers: 0, Oops: 1, ImmediateOops: 0, NonImmediateOops: No
[4,159s][debug][gc,nmethod     ] Register NMethod: it.unimi.dsi.fastutil.shorts.ShortArrayList.add (0x000074b193dff208) [0x000074b193dff300, 0x000074b193dff5d8] Compiler: c1, Barriers: 1, Oops: 1, ImmediateOops: 0, NonImmediateOops: No
[4,159s][debug][gc,nmethod     ] Register NMethod: com.github.benmanes.caffeine.cache.PSMW.setWeight (0x000074b1b2cf8188) [0x000074b1b2cf8280, 0x000074b1b2cf8340] Compiler: c1, Barriers: 0, Oops: 1, ImmediateOops: 0, NonImmediateOops: No
[4,159s][debug][gc,nmethod     ] Register NMethod: io.sirix.page.KeyValueLeafPage.getPinCount (0x000074b193dff608) [0x000074b193dff700, 0x000074b193dffa10] Compiler: c1, Barriers: 1, Oops: 1, ImmediateOops: 0, NonImmediateOops: No
[4,160s][debug][gc,nmethod     ] Register NMethod: java.nio.file.Path.toFile (0x000074b193dffa88) [0x000074b193dffb80, 0x000074b193e007e0] Compiler: c1, Barriers: 8, Oops: 0, ImmediateOops: 5, NonImmediateOops: No
[4,160s][debug][gc,nmethod     ] Register NMethod: io.sirix.node.HashEntryNode.getKey (0x000074b1b2cf8488) [0x000074b1b2cf8580, 0x000074b1b2cf8640] Compiler: c1, Barriers: 0, Oops: 1, ImmediateOops: 0, NonImmediateOops: No
[4,160s][debug][gc,nmethod     ] Register NMethod: io.sirix.node.HashEntryNode.getValue (0x000074b1b2cf8788) [0x000074b1b2cf8880, 0x000074b1b2cf8968] Compiler: c1, Barriers: 1, Oops: 1, ImmediateOops: 0, NonImmediateOops: No
[4,160s][debug][gc,nmethod     ] Register NMethod: java.util.concurrent.ConcurrentHashMap.compute (0x000074b193e00808) [0x000074b193e00900, 0x000074b193e03e38] Compiler: c1, Barriers: 33, Oops: 0, ImmediateOops: 2, NonImmediateOops: No
[4,160s][debug][gc,nmethod     ] Register NMethod: com.github.benmanes.caffeine.cache.SSMS.frequencySketch (0x000074b1b2cf8a88) [0x000074b1b2cf8b80, 0x000074b1b2cf8c70] Compiler: c1, Barriers: 1, Oops: 1, ImmediateOops: 0, NonImmediateOops: No
[4,160s][debug][gc,nmethod     ] Register NMethod: it.unimi.dsi.fastutil.ints.Int2IntOpenHashMap.insert (0x000074b193e03e88) [0x000074b193e03f80, 0x000074b193e04230] Compiler: c1, Barriers: 2, Oops: 1, ImmediateOops: 0, NonImmediateOops: No
[4,160s][debug][gc,nmethod     ] Register NMethod: io.sirix.node.json.ObjectKeyNode.getKind (0x000074b193e04288) [0x000074b193e04380, 0x000074b193e04488] Compiler: c1, Barriers: 0, Oops: 1, ImmediateOops: 1, NonImmediateOops: No
[4,161s][debug][gc,nmethod     ] Register NMethod: jdk.internal.foreign.AbstractMemorySegmentImpl.toArray (0x000074b193e04588) [0x000074b193e04680, 0x000074b193e04b60] Compiler: c1, Barriers: 0, Oops: 4, ImmediateOops: 3, NonImmediateOops: No
[4,161s][debug][gc,nmethod     ] Register NMethod: io.sirix.node.NodeKind.getKind (0x000074b193e04b88) [0x000074b193e04c80, 0x000074b193e04db8] Compiler: c1, Barriers: 1, Oops: 1, ImmediateOops: 1, NonImmediateOops: No
[4,161s][debug][gc,nmethod     ] Register NMethod: sun.nio.fs.UnixPath.compareTo (0x000074b193e04e88) [0x000074b193e04f80, 0x000074b193e05328] Compiler: c1, Barriers: 2, Oops: 0, ImmediateOops: 0, NonImmediateOops: No
[4,161s][debug][gc,nmethod     ] Register NMethod: io.sirix.access.trx.node.AbstractNodeReadOnlyTrx.hasFirstChild (0x000074b193e05388) [0x000074b193e05480, 0x000074b193e05ca0] Compiler: c1, Barriers: 0, Oops: 1, ImmediateOops: 1, NonImmediateOops: No
[4,161s][debug][gc,nmethod     ] Register NMethod: java.util.Arrays.compareUnsigned (0x000074b193e05d08) [0x000074b193e05e00, 0x000074b193e06300] Compiler: c1, Barriers: 0, Oops: 0, ImmediateOops: 0, NonImmediateOops: No
[4,162s][debug][gc,nmethod     ] Register NMethod: java.util.stream.AbstractPipeline.onClose (0x000074b193e06308) [0x000074b193e06400, 0x000074b193e06978] Compiler: c1, Barriers: 5, Oops: 0, ImmediateOops: 1, NonImmediateOops: No
[4,163s][debug][gc,nmethod     ] Register NMethod: java.util.concurrent.ConcurrentHashMap.remove (0x000074b193e06988) [0x000074b193e06a80, 0x000074b193e06d90] Compiler: c1, Barriers: 0, Oops: 0, ImmediateOops: 0, NonImmediateOops: No
[4,163s][debug][gc,nmethod     ] Register NMethod: io.sirix.page.KeyValueLeafPage.getNumberOfNonNullEntries (0x000074b1b2cf8d88) [0x000074b1b2cf8e80, 0x000074b1b2cf9080] Compiler: jvmci, Barriers: 2, Oops: 1, ImmediateOops: 0, NonImmediateOops: No
[4,163s][debug][gc,nmethod     ] Register NMethod: java.util.Spliterators$EmptySpliterator.characteristics (0x000074b1b2cf9108) [0x000074b1b2cf9200, 0x000074b1b2cf92c0] Compiler: c1, Barriers: 0, Oops: 0, ImmediateOops: 0, NonImmediateOops: No
[4,164s][debug][gc,nmethod     ] Register NMethod: java.util.concurrent.ConcurrentHashMap.replaceNode (0x000074b193e06e08) [0x000074b193e06f00, 0x000074b193e09288] Compiler: c1, Barriers: 18, Oops: 0, ImmediateOops: 1, NonImmediateOops: No
[4,164s][debug][gc,nmethod     ] Register NMethod: java.util.stream.ReferencePipeline.anyMatch (0x000074b193e09308) [0x000074b193e09400, 0x000074b193e09b18] Compiler: c1, Barriers: 0, Oops: 0, ImmediateOops: 1, NonImmediateOops: No
[4,164s][debug][gc,nmethod     ] Register NMethod: java.util.ArrayList.<init> (0x000074b1b2cf9408) [0x000074b1b2cf9500, 0x000074b1b2cf95f8] Compiler: jvmci, Barriers: 3, Oops: 0, ImmediateOops: 1, NonImmediateOops: No
[4,164s][debug][gc,nmethod     ] Register NMethod: jdk.proxy3.$Proxy19.annotationType (0x000074b193e09b88) [0x000074b193e09c80, 0x000074b193e0a2e8] Compiler: c1, Barriers: 1, Oops: 1, ImmediateOops: 1, NonImmediateOops: No
[4,164s][debug][gc,nmethod     ] Register NMethod: jdk.proxy3.$Proxy19.equals (0x000074b193e0a308) [0x000074b193e0a400, 0x000074b193e0af70] Compiler: c1, Barriers: 4, Oops: 2, ImmediateOops: 1, NonImmediateOops: No
[4,165s][debug][gc,nmethod     ] Register NMethod: jdk.proxy3.$Proxy19.hashCode (0x000074b193e0af88) [0x000074b193e0b080, 0x000074b193e0b8c8] Compiler: c1, Barriers: 1, Oops: 1, ImmediateOops: 1, NonImmediateOops: No
[4,165s][debug][gc,nmethod     ] Register NMethod: org.junit.platform.commons.util.AnnotationUtils.lambda$findAnnotatedMethods$7 (0x000074b193e0b908) [0x000074b193e0ba00, 0x000074b193e0be20] Compiler: c1, Barriers: 1, Oops: 1, ImmediateOops: 0, NonImmediateOops: No
[4,165s][debug][gc,nmethod     ] Register NMethod: org.junit.platform.commons.util.AnnotationUtils$$Lambda/0x00000000611af588.test (0x000074b193e0be88) [0x000074b193e0bf80, 0x000074b193e0c650] Compiler: c1, Barriers: 2, Oops: 1, ImmediateOops: 0, NonImmediateOops: No
[4,165s][debug][gc,nmethod     ] Register NMethod: java.util.Collections$UnmodifiableRandomAccessList.<init> (0x000074b193e0c688) [0x000074b193e0c780, 0x000074b193e0cb78] Compiler: c1, Barriers: 6, Oops: 0, ImmediateOops: 0, NonImmediateOops: No
[4,165s][debug][gc,nmethod     ] Register NMethod: java.util.Collections$UnmodifiableList.<init> (0x000074b193e0cb88) [0x000074b193e0cc80, 0x000074b193e0d018] Compiler: c1, Barriers: 6, Oops: 0, ImmediateOops: 0, NonImmediateOops: No
[4,166s][debug][gc,nmethod     ] Register NMethod: java.lang.StringLatin1.canEncode (0x000074b193e0d088) [0x000074b193e0d180, 0x000074b193e0d2b0] Compiler: c1, Barriers: 0, Oops: 0, ImmediateOops: 0, NonImmediateOops: No
[4,166s][debug][gc,nmethod     ] Register NMethod: java.util.stream.Streams$ConcatSpliterator$OfRef.<init> (0x000074b193e0d388) [0x000074b193e0d480, 0x000074b193e0d5b0] Compiler: c1, Barriers: 0, Oops: 0, ImmediateOops: 0, NonImmediateOops: No
[4,166s][debug][gc,nmethod     ] Register NMethod: java.util.stream.Streams$2.<init> (0x000074b193e0d688) [0x000074b193e0d780, 0x000074b193e0d9c8] Compiler: c1, Barriers: 6, Oops: 0, ImmediateOops: 0, NonImmediateOops: No
[4,166s][debug][gc,director    ] Rule Major: Warmup 10%, Used: 206MB, UsedThreshold: 1228MB
[4,166s][debug][gc,nmethod     ] Register NMethod: java.util.stream.Streams.composedClose (0x000074b193e0da08) [0x000074b193e0db00, 0x000074b193e0dde0] Compiler: c1, Barriers: 6, Oops: 0, ImmediateOops: 0, NonImmediateOops: No
[4,166s][debug][gc,nmethod     ] Register NMethod: org.junit.platform.engine.support.descriptor.AbstractTestDescriptor.getChildren (0x000074b193e0de08) [0x000074b193e0df00, 0x000074b193e0e5c8] Compiler: c1, Barriers: 4, Oops: 1, ImmediateOops: 1, NonImmediateOops: No
[4,167s][debug][gc,nmethod     ] Register NMethod: java.util.stream.Streams$ConcatSpliterator.<init> (0x000074b193e0e608) [0x000074b193e0e700, 0x000074b193e0edd0] Compiler: c1, Barriers: 6, Oops: 0, ImmediateOops: 0, NonImmediateOops: No
[4,167s][debug][gc,nmethod     ] Register NMethod: java.util.Collections.unmodifiableList (0x000074b193e0ee08) [0x000074b193e0ef00, 0x000074b193e0fdd8] Compiler: c1, Barriers: 12, Oops: 0, ImmediateOops: 2, NonImmediateOops: No
[4,168s][debug][gc,nmethod     ] Register NMethod: sun.invoke.util.VerifyAccess.ensureTypeVisible (0x000074b1b2cf9708) [0x000074b1b2cf9800, 0x000074b1b2cf9b90] Compiler: jvmci, Barriers: 4, Oops: 0, ImmediateOops: 1, NonImmediateOops: No
[4,169s][debug][gc,nmethod     ] Register NMethod: jdk.proxy3.$Proxy22.equals (0x000074b193e0fe08) [0x000074b193e0ff00, 0x000074b193e10a70] Compiler: c1, Barriers: 4, Oops: 2, ImmediateOops: 1, NonImmediateOops: No
[4,169s][debug][gc,nmethod     ] Register NMethod: java.lang.invoke.MethodHandle.invokeBasic (0x000074b1b2cf9c08) [0x000074b1b2cf9d00, 0x000074b1b2cf9f98] Compiler: , Barriers: 0, Oops: 0, ImmediateOops: 0, NonImmediateOops: No
[4,171s][debug][gc,nmethod     ] Register NMethod: java.io.FileOutputStream.open0 (0x000074b1b2cfa008) [0x000074b1b2cfa100, 0x000074b1b2cfa258] Compiler: , Barriers: 0, Oops: 0, ImmediateOops: 0, NonImmediateOops: No
[4,171s][debug][gc,nmethod     ] Register NMethod: java.nio.channels.spi.AbstractInterruptibleChannel.close (0x000074b193e10a88) [0x000074b193e10b80, 0x000074b193e11108] Compiler: c1, Barriers: 1, Oops: 0, ImmediateOops: 0, NonImmediateOops: No
[4,171s][debug][gc,nmethod     ] Register NMethod: sun.nio.ch.FileChannelImpl$Closer.run (0x000074b193e11188) [0x000074b193e11280, 0x000074b193e11fb0] Compiler: c1, Barriers: 5, Oops: 0, ImmediateOops: 2, NonImmediateOops: No
[4,171s][debug][gc,nmethod     ] Register NMethod: java.lang.Class.annotationData (0x000074b1b2cfa308) [0x000074b1b2cfa400, 0x000074b1b2cfa610] Compiler: jvmci, Barriers: 6, Oops: 0, ImmediateOops: 0, NonImmediateOops: No
[4,171s][debug][gc,nmethod     ] Register NMethod: io.sirix.access.ResourceConfiguration$ResourcePaths.isFolder (0x000074b1b2cfa688) [0x000074b1b2cfa780, 0x000074b1b2cfa840] Compiler: c1, Barriers: 0, Oops: 1, ImmediateOops: 0, NonImmediateOops: No
[4,171s][debug][gc,nmethod     ] Register NMethod: java.io.FileDescriptor$1.close (0x000074b193e12008) [0x000074b193e12100, 0x000074b193e12c60] Compiler: c1, Barriers: 4, Oops: 0, ImmediateOops: 0, NonImmediateOops: No
[4,171s][debug][gc,nmethod     ] Register NMethod: sun.nio.ch.NativeThreadSet.signalAndWait (0x000074b193e12c88) [0x000074b193e12d80, 0x000074b193e138d0] Compiler: c1, Barriers: 2, Oops: 0, ImmediateOops: 0, NonImmediateOops: No
[4,172s][debug][gc,nmethod     ] Register NMethod: com.google.gson.stream.JsonWriter.newline (0x000074b193e13908) [0x000074b193e13a00, 0x000074b193e140f8] Compiler: c1, Barriers: 4, Oops: 1, ImmediateOops: 0, NonImmediateOops: No
[4,172s][debug][gc,nmethod     ] Register NMethod: com.github.benmanes.caffeine.cache.Caffeine.hasInitialCapacity (0x000074b193e14108) [0x000074b193e14200, 0x000074b193e14350] Compiler: c1, Barriers: 0, Oops: 1, ImmediateOops: 0, NonImmediateOops: No
[4,172s][debug][gc,nmethod     ] Register NMethod: sun.nio.ch.FileChannelImpl.implCloseChannel (0x000074b193e14408) [0x000074b193e14500, 0x000074b193e168b8] Compiler: c1, Barriers: 8, Oops: 1, ImmediateOops: 1, NonImmediateOops: No
[4,173s][debug][gc,nmethod     ] Register NMethod: java.nio.ByteBuffer.position (0x000074b1b2cfa988) [0x000074b1b2cfaa80, 0x000074b1b2cfab90] Compiler: jvmci, Barriers: 0, Oops: 0, ImmediateOops: 0, NonImmediateOops: No
[4,174s][debug][gc,nmethod     ] Register NMethod: java.security.MessageDigestSpi.clone (0x000074b193e16908) [0x000074b193e16a00, 0x000074b193e17258] Compiler: c1, Barriers: 5, Oops: 0, ImmediateOops: 0, NonImmediateOops: No
[4,175s][debug][gc,nmethod     ] Register NMethod: io.sirix.page.PathSummaryPage.getCurrentMaxLevelOfIndirectPages (0x000074b193e17288) [0x000074b193e17380, 0x000074b193e176c0] Compiler: c1, Barriers: 1, Oops: 1, ImmediateOops: 0, NonImmediateOops: No
[4,175s][debug][gc,nmethod     ] Register NMethod: java.io.OutputStream.flush (0x000074b1b2cfac88) [0x000074b1b2cfad80, 0x000074b1b2cfae00] Compiler: jvmci, Barriers: 0, Oops: 0, ImmediateOops: 0, NonImmediateOops: No
[4,175s][debug][gc,nmethod     ] Register NMethod: io.sirix.page.delegates.ReferencesPage4.getOffsets (0x000074b1b2cfaf88) [0x000074b1b2cfb080, 0x000074b1b2cfb168] Compiler: c1, Barriers: 1, Oops: 1, ImmediateOops: 0, NonImmediateOops: No
[4,175s][debug][gc,nmethod     ] Register NMethod: it.unimi.dsi.fastutil.ints.Int2IntOpenHashMap.getOrDefault (0x000074b193e17708) [0x000074b193e17800, 0x000074b193e17d70] Compiler: c1, Barriers: 4, Oops: 1, ImmediateOops: 0, NonImmediateOops: No
[4,175s][debug][gc,nmethod     ] Register NMethod: sun.nio.ch.UnixFileDispatcherImpl.pwrite0 (0x000074b1b2cfb288) [0x000074b1b2cfb380, 0x000074b1b2cfb4f8] Compiler: , Barriers: 0, Oops: 0, ImmediateOops: 1, NonImmediateOops: No
[4,176s][debug][gc,director    ] Rule Major: Warmup 10%, Used: 208MB, UsedThreshold: 1228MB
[4,177s][debug][gc,nmethod     ] Register NMethod: java.io.FileInputStream.read (0x000074b193e17d88) [0x000074b193e17e80, 0x000074b193e180d8] Compiler: c1, Barriers: 0, Oops: 0, ImmediateOops: 1, NonImmediateOops: No
[4,179s][debug][gc,nmethod     ] Register NMethod: com.github.benmanes.caffeine.cache.BoundedWeigher.weigh (0x000074b193e18108) [0x000074b193e18200, 0x000074b193e186d0] Compiler: c1, Barriers: 1, Oops: 1, ImmediateOops: 0, NonImmediateOops: No
[4,179s][debug][gc,nmethod     ] Register NMethod: net.jpountz.lz4.LZ4JNIFastDecompressor.decompress (0x000074b193e18708) [0x000074b193e18800, 0x000074b193e19e90] Compiler: c1, Barriers: 0, Oops: 3, ImmediateOops: 4, NonImmediateOops: No
[4,180s][debug][gc,nmethod     ] Register NMethod: io.sirix.access.trx.page.NodePageReadOnlyTrx.isMostRecentlyReadPage (0x000074b193e19f08) [0x000074b193e1a000, 0x000074b193e1a9f8] Compiler: c1, Barriers: 3, Oops: 1, ImmediateOops: 0, NonImmediateOops: No
[4,180s][debug][gc,nmethod     ] Register NMethod: io.sirix.cache.PageCache$$Lambda/0x0000000061266248.execute (0x000074b193e1aa08) [0x000074b193e1ab00, 0x000074b193e1ae08] Compiler: c1, Barriers: 0, Oops: 1, ImmediateOops: 0, NonImmediateOops: No
[4,182s][debug][gc,nmethod     ] Register NMethod: com.github.benmanes.caffeine.cache.PS.getValue (0x000074b193e1ae88) [0x000074b193e1af80, 0x000074b193e1c158] Compiler: c1, Barriers: 1, Oops: 7, ImmediateOops: 8, NonImmediateOops: No
[4,184s][debug][gc,nmethod     ] Register NMethod: io.sirix.axis.AbstractAxis.resetToLastKey (0x000074b193e1c208) [0x000074b193e1c300, 0x000074b193e1c8b8] Compiler: c1, Barriers: 2, Oops: 1, ImmediateOops: 0, NonImmediateOops: No
[4,184s][debug][gc,nmethod     ] Register NMethod: com.google.common.base.Objects.hashCode (0x000074b193e1c908) [0x000074b193e1ca00, 0x000074b193e1cbc0] Compiler: c1, Barriers: 0, Oops: 1, ImmediateOops: 0, NonImmediateOops: No
[4,184s][debug][gc,nmethod     ] Register NMethod: io.sirix.index.path.summary.PathNode.getName (0x000074b1b2cfb588) [0x000074b1b2cfb680, 0x000074b1b2cfb768] Compiler: c1, Barriers: 1, Oops: 1, ImmediateOops: 0, NonImmediateOops: No
[4,185s][debug][gc,nmethod     ] Register NMethod: io.sirix.node.json.ArrayNode.getNodeKey (0x000074b1b2cfb888) [0x000074b1b2cfb980, 0x000074b1b2cfba40] Compiler: c1, Barriers: 0, Oops: 1, ImmediateOops: 0, NonImmediateOops: No
[4,185s][debug][gc,nmethod     ] Register NMethod: io.sirix.node.json.ObjectStringNode.getNodeKey (0x000074b1b2cfbb88) [0x000074b1b2cfbc80, 0x000074b1b2cfbd40] Compiler: c1, Barriers: 0, Oops: 1, ImmediateOops: 0, NonImmediateOops: No
[4,185s][debug][gc,nmethod     ] Register NMethod: io.brackit.query.atomic.QNm.getPrefix (0x000074b1b2cfbe88) [0x000074b1b2cfbf80, 0x000074b1b2cfc068] Compiler: c1, Barriers: 1, Oops: 1, ImmediateOops: 0, NonImmediateOops: No
[4,186s][debug][gc,nmethod     ] Register NMethod: io.sirix.access.trx.page.NodePageTrx.getRevisionNumber (0x000074b193e1cc08) [0x000074b193e1cd00, 0x000074b193e1d380] Compiler: c1, Barriers: 2, Oops: 1, ImmediateOops: 1, NonImmediateOops: No
[4,186s][debug][gc,nmethod     ] Register NMethod: it.unimi.dsi.fastutil.longs.LongArrayList.isEmpty (0x000074b193e1d408) [0x000074b193e1d500, 0x000074b193e1d650] Compiler: c1, Barriers: 0, Oops: 1, ImmediateOops: 0, NonImmediateOops: No
[4,186s][debug][gc,nmethod     ] Register NMethod: com.google.gson.stream.JsonReader.peek (0x000074b193e1d708) [0x000074b193e1d800, 0x000074b193e1dd98] Compiler: c1, Barriers: 0, Oops: 1, ImmediateOops: 10, NonImmediateOops: No
[4,186s][debug][gc,director    ] Rule Major: Warmup 10%, Used: 208MB, UsedThreshold: 1228MB
[4,187s][debug][gc,nmethod     ] Register NMethod: io.sirix.access.trx.node.json.ForwardingJsonNodeReadOnlyTrx.getNodeKey (0x000074b193e1de08) [0x000074b193e1df00, 0x000074b193e1e4f8] Compiler: c1, Barriers: 1, Oops: 1, ImmediateOops: 0, NonImmediateOops: No
[4,187s][debug][gc,nmethod     ] Register NMethod: io.sirix.axis.AbstractAxis.tryToComputeNext (0x000074b193e1e508) [0x000074b193e1e600, 0x000074b193e1ed30] Compiler: c1, Barriers: 10, Oops: 1, ImmediateOops: 5, NonImmediateOops: No
[4,187s][debug][gc,nmethod     ] Register NMethod: io.sirix.access.trx.node.AbstractNodeReadOnlyTrx.hasRightSibling (0x000074b193e1ed88) [0x000074b193e1ee80, 0x000074b193e1f6a0] Compiler: c1, Barriers: 0, Oops: 1, ImmediateOops: 1, NonImmediateOops: No
[4,188s][debug][gc,nmethod     ] Register NMethod: io.sirix.node.RevisionReferencesNode.getNodeKey (0x000074b1b2cfc188) [0x000074b1b2cfc280, 0x000074b1b2cfc340] Compiler: c1, Barriers: 0, Oops: 1, ImmediateOops: 0, NonImmediateOops: No
[4,189s][debug][gc,nmethod     ] Register NMethod: io.sirix.node.delegates.NameNodeDelegate.getLocalNameKey (0x000074b1b2cfc488) [0x000074b1b2cfc580, 0x000074b1b2cfc640] Compiler: c1, Barriers: 0, Oops: 1, ImmediateOops: 0, NonImmediateOops: No
[4,191s][debug][gc,nmethod     ] Register NMethod: io.sirix.node.json.ObjectKeyNode.getFirstChildKey (0x000074b193e1f708) [0x000074b193e1f800, 0x000074b193e247f0] Compiler: c1, Barriers: 19, Oops: 7, ImmediateOops: 11, NonImmediateOops: No
[4,194s][debug][gc,nmethod     ] Register NMethod: sun.nio.fs.UnixPath.normalizeAndCheck (0x000074b1b2cfc788) [0x000074b1b2cfc880, 0x000074b1b2cfd038] Compiler: jvmci, Barriers: 1, Oops: 0, ImmediateOops: 0, NonImmediateOops: No
[4,194s][debug][gc,nmethod     ] Register NMethod: com.github.benmanes.caffeine.cache.UnboundedLocalCache.statsTicker (0x000074b1b2cfd088) [0x000074b1b2cfd180, 0x000074b1b2cfd268] Compiler: c1, Barriers: 1, Oops: 1, ImmediateOops: 0, NonImmediateOops: No
[4,195s][debug][gc,nmethod     ] Register NMethod: com.github.benmanes.caffeine.cache.SSMW.missesInSample (0x000074b1b2cfd388) [0x000074b1b2cfd480, 0x000074b1b2cfd540] Compiler: c1, Barriers: 0, Oops: 1, ImmediateOops: 0, NonImmediateOops: No
[4,195s][debug][gc,nmethod     ] Register NMethod: java.util.concurrent.ForkJoinPool.deactivate (0x000074b1b2cfd688) [0x000074b1b2cfd780, 0x000074b1b2cfe578] Compiler: jvmci, Barriers: 28, Oops: 0, ImmediateOops: 1, NonImmediateOops: No
[4,195s][debug][gc,nmethod     ] Register NMethod: java.lang.StringConcatHelper.checkOverflow (0x000074b1b2cfe588) [0x000074b1b2cfe680, 0x000074b1b2cfe718] Compiler: jvmci, Barriers: 0, Oops: 0, ImmediateOops: 0, NonImmediateOops: No
[4,195s][debug][gc,nmethod     ] Register NMethod: io.sirix.page.delegates.BitmapReferencesPage.getReferences (0x000074b1b2cfe888) [0x000074b1b2cfe980, 0x000074b1b2cfea68] Compiler: c1, Barriers: 1, Oops: 1, ImmediateOops: 0, NonImmediateOops: No
[4,196s][debug][gc,nmethod     ] Register NMethod: java.util.concurrent.atomic.AtomicLong.compareAndSet (0x000074b1b2cfeb88) [0x000074b1b2cfec80, 0x000074b1b2cfed10] Compiler: jvmci, Barriers: 0, Oops: 0, ImmediateOops: 0, NonImmediateOops: No
[4,196s][debug][gc,nmethod     ] Register NMethod: sun.nio.ch.Util.getTemporaryDirectBuffer (0x000074b193e24888) [0x000074b193e24980, 0x000074b193e26090] Compiler: c1, Barriers: 0, Oops: 2, ImmediateOops: 9, NonImmediateOops: No
[4,197s][debug][gc,nmethod     ] Register NMethod: sun.nio.ch.Util.offerFirstTemporaryDirectBuffer (0x000074b193e26108) [0x000074b193e26200, 0x000074b193e28498] Compiler: c1, Barriers: 0, Oops: 2, ImmediateOops: 8, NonImmediateOops: No
[4,197s][debug][gc,nmethod     ] Register NMethod: io.sirix.page.KeyValueLeafPage.setSlot (0x000074b193e28508) [0x000074b193e28600, 0x000074b193e287a8] Compiler: c1, Barriers: 2, Oops: 1, ImmediateOops: 0, NonImmediateOops: No
[4,197s][debug][gc,director    ] Rule Major: Warmup 10%, Used: 210MB, UsedThreshold: 1228MB
[4,197s][debug][gc,nmethod     ] Register NMethod: java.util.BitSet.nextSetBit (0x000074b193e28808) [0x000074b193e28900, 0x000074b193e298f0] Compiler: c1, Barriers: 1, Oops: 1, ImmediateOops: 2, NonImmediateOops: No
[4,197s][debug][gc,nmethod     ] Register NMethod: java.lang.Math.floorDiv (0x000074b193e29908) [0x000074b193e29a00, 0x000074b193e29b10] Compiler: c1, Barriers: 0, Oops: 0, ImmediateOops: 0, NonImmediateOops: No
[4,199s][debug][gc,nmethod     ] Register NMethod: io.sirix.cache.PageCache.lambda$new$1 (0x000074b193e29c08) [0x000074b193e29d00, 0x000074b193e2afb0] Compiler: c1, Barriers: 3, Oops: 1, ImmediateOops: 0, NonImmediateOops: No
[4,199s][debug][gc,nmethod     ] Register NMethod: io.sirix.cache.PageCache$$Lambda/0x0000000061266020.weigh (0x000074b193e2b008) [0x000074b193e2b100, 0x000074b193e2c808] Compiler: c1, Barriers: 3, Oops: 1, ImmediateOops: 0, NonImmediateOops: No
[4,200s][debug][gc,nmethod     ] Register NMethod: java.util.Formatter$FormatSpecifier.print (0x000074b193e2c888) [0x000074b193e2c980, 0x000074b193e2dd58] Compiler: c1, Barriers: 4, Oops: 1, ImmediateOops: 2, NonImmediateOops: No
[4,200s][debug][gc,nmethod     ] Register NMethod: it.unimi.dsi.fastutil.ints.Int2ObjectOpenHashMap.get (0x000074b193e2dd88) [0x000074b193e2de80, 0x000074b193e2e4f0] Compiler: c1, Barriers: 10, Oops: 1, ImmediateOops: 0, NonImmediateOops: No
[4,201s][debug][gc,nmethod     ] Register NMethod: java.util.Formatter$FormatSpecifier.printString (0x000074b193e2e508) [0x000074b193e2e600, 0x000074b193e2fd18] Compiler: c1, Barriers: 8, Oops: 0, ImmediateOops: 1, NonImmediateOops: No
[4,201s][debug][gc,nmethod     ] Register NMethod: java.lang.invoke.MethodHandle.invokeBasic (0x000074b1b2cfee88) [0x000074b1b2cfef80, 0x000074b1b2cff218] Compiler: , Barriers: 0, Oops: 0, ImmediateOops: 0, NonImmediateOops: No
[4,201s][debug][gc,nmethod     ] Register NMethod: java.lang.invoke.MethodHandle.linkToSpecial (0x000074b1b2cff288) [0x000074b1b2cff380, 0x000074b1b2cff478] Compiler: , Barriers: 0, Oops: 0, ImmediateOops: 0, NonImmediateOops: No
[4,203s][debug][gc,nmethod     ] Register NMethod: java.lang.Character.digit (0x000074b193e2fd88) [0x000074b193e2fe80, 0x000074b193e30208] Compiler: c1, Barriers: 0, Oops: 0, ImmediateOops: 0, NonImmediateOops: No
[4,203s][debug][gc,nmethod     ] Register NMethod: java.lang.Character.digit (0x000074b193e30288) [0x000074b193e30380, 0x000074b193e306b0] Compiler: c1, Barriers: 0, Oops: 0, ImmediateOops: 0, NonImmediateOops: No
[4,203s][debug][gc,nmethod     ] Register NMethod: com.sun.org.apache.xerces.internal.xni.QName.clear (0x000074b193e30708) [0x000074b193e30800, 0x000074b193e30b00] Compiler: c1, Barriers: 12, Oops: 0, ImmediateOops: 0, NonImmediateOops: No
[4,203s][debug][gc,nmethod     ] Register NMethod: java.lang.CharacterDataLatin1.digit (0x000074b193e30b08) [0x000074b193e30c00, 0x000074b193e30e18] Compiler: c1, Barriers: 0, Oops: 0, ImmediateOops: 1, NonImmediateOops: No
[4,204s][debug][gc,nmethod     ] Register NMethod: com.sun.org.apache.xerces.internal.xni.QName.<init> (0x000074b193e30e88) [0x000074b193e30f80, 0x000074b193e31348] Compiler: c1, Barriers: 12, Oops: 0, ImmediateOops: 0, NonImmediateOops: No
[4,204s][debug][gc,nmethod     ] Register NMethod: jdk.xml.internal.XMLSecurityPropertyManager$Property.equalsName (0x000074b193e31388) [0x000074b193e31480, 0x000074b193e31ab0] Compiler: c1, Barriers: 2, Oops: 0, ImmediateOops: 0, NonImmediateOops: No
[4,204s][debug][gc,nmethod     ] Register NMethod: java.lang.Enum.compareTo (0x000074b193e31b08) [0x000074b193e31c00, 0x000074b193e32f20] Compiler: c1, Barriers: 4, Oops: 0, ImmediateOops: 2, NonImmediateOops: No
[4,204s][debug][gc,nmethod     ] Register NMethod: java.lang.System.checkKey (0x000074b193e32f88) [0x000074b193e33080, 0x000074b193e335e8] Compiler: c1, Barriers: 1, Oops: 0, ImmediateOops: 2, NonImmediateOops: No
[4,205s][debug][gc,nmethod     ] Register NMethod: java.lang.System$1.uncheckedDecodeASCII (0x000074b193e33608) [0x000074b193e33700, 0x000074b193e33840] Compiler: c1, Barriers: 0, Oops: 0, ImmediateOops: 0, NonImmediateOops: No
[4,205s][debug][gc,nmethod     ] Register NMethod: sun.nio.cs.UTF_8$Decoder.decodeLoop (0x000074b193e33908) [0x000074b193e33a00, 0x000074b193e34188] Compiler: c1, Barriers: 2, Oops: 0, ImmediateOops: 0, NonImmediateOops: No
[4,205s][debug][gc,nmethod     ] Register NMethod: java.lang.String.decodeASCII (0x000074b193e34208) [0x000074b193e34300, 0x000074b193e34590] Compiler: c1, Barriers: 0, Oops: 0, ImmediateOops: 0, NonImmediateOops: No
[4,206s][debug][gc,nmethod     ] Register NMethod: java.lang.Class.enumConstantDirectory (0x000074b193e34608) [0x000074b193e34700, 0x000074b193e36108] Compiler: c1, Barriers: 7, Oops: 1, ImmediateOops: 2, NonImmediateOops: No
[4,206s][debug][gc,nmethod     ] Register NMethod: sun.nio.cs.UTF_8$Decoder.xflow (0x000074b193e36188) [0x000074b193e36280, 0x000074b193e36cb0] Compiler: c1, Barriers: 0, Oops: 0, ImmediateOops: 2, NonImmediateOops: No
[4,206s][debug][gc,nmethod     ] Register NMethod: java.util.concurrent.locks.AbstractOwnableSynchronizer.<init> (0x000074b193e36d08) [0x000074b193e36e00, 0x000074b193e36f58] Compiler: c1, Barriers: 0, Oops: 0, ImmediateOops: 0, NonImmediateOops: No
[4,207s][debug][gc,nmethod     ] Register NMethod: java.nio.charset.CharsetDecoder.decode (0x000074b193e37008) [0x000074b193e37100, 0x000074b193e3a608] Compiler: c1, Barriers: 6, Oops: 0, ImmediateOops: 5, NonImmediateOops: No
[4,207s][debug][gc,director    ] Rule Major: Warmup 10%, Used: 210MB, UsedThreshold: 1228MB
[4,207s][debug][gc,nmethod     ] Register NMethod: io.sirix.page.UberPage.isBootstrap (0x000074b1b2cff588) [0x000074b1b2cff680, 0x000074b1b2cff740] Compiler: c1, Barriers: 0, Oops: 1, ImmediateOops: 0, NonImmediateOops: No
[4,207s][debug][gc,nmethod     ] Register NMethod: java.lang.Enum.valueOf (0x000074b193e3a688) [0x000074b193e3a780, 0x000074b193e3c270] Compiler: c1, Barriers: 0, Oops: 2, ImmediateOops: 4, NonImmediateOops: No
[4,207s][debug][gc,nmethod     ] Register NMethod: io.sirix.access.trx.page.NodePageTrx$IndexLogKeyToPageContainer.<init> (0x000074b193e3c288) [0x000074b193e3c380, 0x000074b193e3c630] Compiler: c1, Barriers: 6, Oops: 1, ImmediateOops: 0, NonImmediateOops: No
[4,208s][debug][gc,nmethod     ] Register NMethod: java.nio.Buffer.nextPutIndex (0x000074b193e3c688) [0x000074b193e3c780, 0x000074b193e3c940] Compiler: c1, Barriers: 0, Oops: 0, ImmediateOops: 0, NonImmediateOops: No
[4,209s][debug][gc,nmethod     ] Register NMethod: java.nio.HeapByteBuffer.put (0x000074b193e3c988) [0x000074b193e3ca80, 0x000074b193e3cf38] Compiler: c1, Barriers: 1, Oops: 0, ImmediateOops: 0, NonImmediateOops: No
[4,209s][debug][gc,nmethod     ] Register NMethod: java.util.stream.AbstractPipeline.evaluate (0x000074b193e3cf88) [0x000074b193e3d080, 0x000074b193e3e810] Compiler: c1, Barriers: 1, Oops: 0, ImmediateOops: 0, NonImmediateOops: No
[4,210s][debug][gc,nmethod     ] Register NMethod: java.lang.Integer.numberOfLeadingZeros (0x000074b1b2cff888) [0x000074b1b2cff980, 0x000074b1b2cffa90] Compiler: jvmci, Barriers: 0, Oops: 0, ImmediateOops: 0, NonImmediateOops: No
[4,211s][debug][gc,nmethod     ] Register NMethod: sun.nio.cs.UTF_8$Decoder.decodeArrayLoop (0x000074b193e3e888) [0x000074b193e3e980, 0x000074b193e48900] Compiler: c1, Barriers: 2, Oops: 1, ImmediateOops: 10, NonImmediateOops: No
[4,214s][debug][gc,nmethod     ] Register NMethod: java.nio.Buffer.checkSession (0x000074b193e48988) [0x000074b193e48a80, 0x000074b193e49e40] Compiler: c1, Barriers: 5, Oops: 0, ImmediateOops: 2, NonImmediateOops: No
[4,214s][debug][gc,nmethod     ] Register NMethod: sun.nio.ch.Util$BufferCache.next (0x000074b193e49e88) [0x000074b193e49f80, 0x000074b193e4a0a8] Compiler: c1, Barriers: 0, Oops: 0, ImmediateOops: 0, NonImmediateOops: No
[4,214s][debug][gc,nmethod     ] Register NMethod: java.nio.HeapByteBuffer.put (0x000074b193e4a188) [0x000074b193e4a280, 0x000074b193e4b8b8] Compiler: c1, Barriers: 5, Oops: 0, ImmediateOops: 2, NonImmediateOops: No
[4,214s][debug][gc,nmethod     ] Register NMethod: java.nio.ByteBuffer.put (0x000074b193e4b908) [0x000074b193e4ba00, 0x000074b193e4cdf8] Compiler: c1, Barriers: 0, Oops: 0, ImmediateOops: 1, NonImmediateOops: No
[4,215s][debug][gc,nmethod     ] Register NMethod: java.lang.StringBuilder.append (0x000074b193e4ce08) [0x000074b193e4cf00, 0x000074b193e4d048] Compiler: c1, Barriers: 0, Oops: 0, ImmediateOops: 0, NonImmediateOops: No
[4,215s][debug][gc,nmethod     ] Register NMethod: java.time.format.DateTimeFormatterBuilder$NumberPrinterParser.getValue (0x000074b193e4d108) [0x000074b193e4d200, 0x000074b193e4d300] Compiler: c1, Barriers: 0, Oops: 0, ImmediateOops: 0, NonImmediateOops: No
[4,215s][debug][gc,nmethod     ] Register NMethod: java.lang.AbstractStringBuilder.append (0x000074b193e4d408) [0x000074b193e4d500, 0x000074b193e4d8e0] Compiler: c1, Barriers: 4, Oops: 0, ImmediateOops: 0, NonImmediateOops: No
[4,215s][debug][gc,nmethod     ] Register NMethod: java.time.format.DateTimeFormatterBuilder$CharLiteralPrinterParser.format (0x000074b193e4d908) [0x000074b193e4da00, 0x000074b193e4dd68] Compiler: c1, Barriers: 0, Oops: 0, ImmediateOops: 0, NonImmediateOops: No
[4,216s][debug][gc,nmethod     ] Register NMethod: java.nio.ByteBuffer.putBuffer (0x000074b193e4dd88) [0x000074b193e4de80, 0x000074b193e50778] Compiler: c1, Barriers: 9, Oops: 1, ImmediateOops: 6, NonImmediateOops: No
[4,216s][debug][gc,nmethod     ] Register NMethod: com.github.benmanes.caffeine.cache.FrequencySketch.increment (0x000074b193e50788) [0x000074b193e50880, 0x000074b193e51ec8] Compiler: c1, Barriers: 1, Oops: 1, ImmediateOops: 0, NonImmediateOops: No
[4,217s][debug][gc,nmethod     ] Register NMethod: com.github.benmanes.caffeine.cache.LocalManualCache.asMap (0x000074b193e51f08) [0x000074b193e52000, 0x000074b193e521e0] Compiler: c1, Barriers: 1, Oops: 1, ImmediateOops: 0, NonImmediateOops: No
[4,217s][debug][gc,nmethod     ] Register NMethod: com.github.benmanes.caffeine.cache.LocalCache.compute (0x000074b193e52208) [0x000074b193e52300, 0x000074b193e52830] Compiler: c1, Barriers: 0, Oops: 1, ImmediateOops: 0, NonImmediateOops: No
[4,217s][debug][gc,director    ] Rule Major: Warmup 10%, Used: 212MB, UsedThreshold: 1228MB
[4,217s][debug][gc,nmethod     ] Register NMethod: com.github.benmanes.caffeine.cache.NodeFactory.newReferenceKey (0x000074b193e52888) [0x000074b193e52980, 0x000074b193e52a80] Compiler: c1, Barriers: 0, Oops: 1, ImmediateOops: 0, NonImmediateOops: No
[4,217s][debug][gc,nmethod     ] Register NMethod: com.github.benmanes.caffeine.cache.LocalCache.statsAware (0x000074b193e52b88) [0x000074b193e52c80, 0x000074b193e53050] Compiler: c1, Barriers: 0, Oops: 1, ImmediateOops: 0, NonImmediateOops: No
[4,218s][debug][gc,nmethod     ] Register NMethod: java.lang.invoke.LambdaForm$MH/0x00000000612ba400.linkToTargetMethod (0x000074b193e53088) [0x000074b193e53180, 0x000074b193e53730] Compiler: c1, Barriers: 0, Oops: 1, ImmediateOops: 0, NonImmediateOops: No
[4,218s][debug][gc,nmethod     ] Register NMethod: com.github.benmanes.caffeine.cache.BoundedLocalCache.compute (0x000074b193e53788) [0x000074b193e53880, 0x000074b193e54aa8] Compiler: c1, Barriers: 1, Oops: 1, ImmediateOops: 1, NonImmediateOops: No
[4,218s][debug][gc,nmethod     ] Register NMethod: java.lang.invoke.LambdaForm$DMH/0x00000000612b9c00.newInvokeSpecial (0x000074b193e54b08) [0x000074b193e54c00, 0x000074b193e55538] Compiler: c1, Barriers: 2, Oops: 1, ImmediateOops: 1, NonImmediateOops: No
[4,219s][debug][gc,nmethod     ] Register NMethod: com.github.benmanes.caffeine.cache.BoundedLocalCache$$Lambda/0x00000000612be9c8.<init> (0x000074b193e55588) [0x000074b193e55680, 0x000074b193e55d90] Compiler: c1, Barriers: 36, Oops: 1, ImmediateOops: 0, NonImmediateOops: No
[4,219s][debug][gc,nmethod     ] Register NMethod: com.github.benmanes.caffeine.cache.BoundedLocalCache$$Lambda/0x00000000612be9c8.apply (0x000074b193e55e08) [0x000074b193e55f00, 0x000074b193e565a8] Compiler: c1, Barriers: 12, Oops: 1, ImmediateOops: 0, NonImmediateOops: No
[4,219s][debug][gc,nmethod     ] Register NMethod: java.time.format.DateTimeFormatterBuilder$NumberPrinterParser.format (0x000074b193e56608) [0x000074b193e56700, 0x000074b193e5c770] Compiler: c1, Barriers: 7, Oops: 4, ImmediateOops: 13, NonImmediateOops: No
[4,219s][debug][gc,nmethod     ] Register NMethod: com.github.benmanes.caffeine.cache.Node.<init> (0x000074b193e5c808) [0x000074b193e5c900, 0x000074b193e5ca58] Compiler: c1, Barriers: 0, Oops: 1, ImmediateOops: 0, NonImmediateOops: No
[4,220s][debug][gc,nmethod     ] Register NMethod: com.github.benmanes.caffeine.cache.BoundedLocalCache.remap (0x000074b193e5cb08) [0x000074b193e5cc00, 0x000074b193e5fb80] Compiler: c1, Barriers: 31, Oops: 4, ImmediateOops: 5, NonImmediateOops: No
[4,221s][debug][gc,nmethod     ] Register NMethod: io.sirix.page.KeyValueLeafPage.getDeweyIdAsByteArray (0x000074b193e5fc08) [0x000074b193e5fd00, 0x000074b193e60288] Compiler: c1, Barriers: 0, Oops: 1, ImmediateOops: 1, NonImmediateOops: No
[4,221s][debug][gc,nmethod     ] Register NMethod: io.sirix.node.NodeSerializerImpl.deserialize (0x000074b193e60308) [0x000074b193e60400, 0x000074b193e60868] Compiler: c1, Barriers: 1, Oops: 1, ImmediateOops: 1, NonImmediateOops: No
[4,222s][debug][gc,nmethod     ] Register NMethod: io.sirix.io.filechannel.FileChannelReader.read (0x000074b193e60888) [0x000074b193e60980, 0x000074b193e62360] Compiler: c1, Barriers: 3, Oops: 1, ImmediateOops: 4, NonImmediateOops: No
[4,223s][debug][gc,nmethod     ] Register NMethod: io.sirix.settings.VersioningType$4.combineRecordPages (0x000074b193e62388) [0x000074b193e62480, 0x000074b193e673a8] Compiler: c1, Barriers: 9, Oops: 1, ImmediateOops: 0, NonImmediateOops: No
[4,224s][debug][gc,nmethod     ] Register NMethod: com.sun.org.apache.xerces.internal.util.XMLChar.isContent (0x000074b193e67408) [0x000074b193e67500, 0x000074b193e676e8] Compiler: c1, Barriers: 0, Oops: 0, ImmediateOops: 1, NonImmediateOops: No
[4,224s][debug][gc,nmethod     ] Register NMethod: io.sirix.node.xml.ElementNode.getKind (0x000074b193e67708) [0x000074b193e67800, 0x000074b193e67908] Compiler: c1, Barriers: 0, Oops: 1, ImmediateOops: 1, NonImmediateOops: No
[4,226s][debug][gc,nmethod     ] Register NMethod: com.github.benmanes.caffeine.cache.BoundedLocalCache.lambda$remap$16 (0x000074b193e67a08) [0x000074b193e67b00, 0x000074b193e75f00] Compiler: c1, Barriers: 64, Oops: 12, ImmediateOops: 54, NonImmediateOops: No
[4,227s][debug][gc,nmethod     ] Register NMethod: jdk.xml.internal.XMLSecurityManager.getIndex (0x000074b193e75f88) [0x000074b193e76080, 0x000074b193e77288] Compiler: c1, Barriers: 3, Oops: 0, ImmediateOops: 2, NonImmediateOops: No
[4,227s][debug][gc,nmethod     ] Register NMethod: com.sun.xml.internal.stream.events.DummyEvent.getEventType (0x000074b1b2cffb88) [0x000074b1b2cffc80, 0x000074b1b2cffd40] Compiler: c1, Barriers: 0, Oops: 0, ImmediateOops: 0, NonImmediateOops: No
[4,227s][debug][gc,nmethod     ] Register NMethod: com.sun.org.apache.xerces.internal.impl.XMLStreamReaderImpl.hasNext (0x000074b193e77308) [0x000074b193e77400, 0x000074b193e775a8] Compiler: c1, Barriers: 0, Oops: 0, ImmediateOops: 0, NonImmediateOops: No
[4,227s][debug][gc,director    ] Rule Major: Warmup 10%, Used: 214MB, UsedThreshold: 1228MB
[4,228s][debug][gc,nmethod     ] Register NMethod: io.sirix.axis.AbstractAxis.getStartKey (0x000074b1b2cffe88) [0x000074b1b2cfff80, 0x000074b1b2d00040] Compiler: c1, Barriers: 0, Oops: 1, ImmediateOops: 0, NonImmediateOops: No
[4,228s][debug][gc,nmethod     ] Register NMethod: io.sirix.node.xml.TextNode.getNodeKey (0x000074b1b2d00188) [0x000074b1b2d00280, 0x000074b1b2d00340] Compiler: c1, Barriers: 0, Oops: 1, ImmediateOops: 0, NonImmediateOops: No
[4,229s][debug][gc,nmethod     ] Register NMethod: jdk.internal.misc.Unsafe.putLongUnaligned (0x000074b1b2d00488) [0x000074b1b2d00580, 0x000074b1b2d00638] Compiler: jvmci, Barriers: 0, Oops: 0, ImmediateOops: 0, NonImmediateOops: No
[4,229s][debug][gc,nmethod     ] Register NMethod: java.util.stream.ReferencePipeline.makeNodeBuilder (0x000074b193e77608) [0x000074b193e77700, 0x000074b193e77838] Compiler: c1, Barriers: 0, Oops: 0, ImmediateOops: 0, NonImmediateOops: No
[4,229s][debug][gc,nmethod     ] Register NMethod: java.util.stream.AbstractSpinedBuffer.<init> (0x000074b193e77908) [0x000074b193e77a00, 0x000074b193e77b60] Compiler: c1, Barriers: 0, Oops: 0, ImmediateOops: 0, NonImmediateOops: No
[4,229s][debug][gc,nmethod     ] Register NMethod: java.util.stream.SpinedBuffer.<init> (0x000074b193e77c08) [0x000074b193e77d00, 0x000074b193e77fc8] Compiler: c1, Barriers: 3, Oops: 0, ImmediateOops: 0, NonImmediateOops: No
[4,229s][debug][gc,nmethod     ] Register NMethod: io.sirix.node.delegates.NameNodeDelegate.getURIKey (0x000074b1b2d00788) [0x000074b1b2d00880, 0x000074b1b2d00940] Compiler: c1, Barriers: 0, Oops: 1, ImmediateOops: 0, NonImmediateOops: No
[4,230s][debug][gc,nmethod     ] Register NMethod: java.util.concurrent.ForkJoinPool.signalWork (0x000074b193e78008) [0x000074b193e78100, 0x000074b193e789b8] Compiler: c1, Barriers: 3, Oops: 0, ImmediateOops: 1, NonImmediateOops: No
[4,233s][debug][gc,nmethod     ] Register NMethod: sun.nio.fs.UnixFileAttributes.<init> (0x000074b193e78a08) [0x000074b193e78b00, 0x000074b193e78c58] Compiler: c1, Barriers: 0, Oops: 0, ImmediateOops: 0, NonImmediateOops: No
[4,236s][debug][gc,nmethod     ] Register NMethod: com.github.benmanes.caffeine.cache.RemovalCause$1.wasEvicted (0x000074b1b2d00a88) [0x000074b1b2d00b80, 0x000074b1b2d00c40] Compiler: c1, Barriers: 0, Oops: 1, ImmediateOops: 0, NonImmediateOops: No
[4,237s][debug][gc,director    ] Rule Major: Warmup 10%, Used: 214MB, UsedThreshold: 1228MB
[4,238s][debug][gc,nmethod     ] Register NMethod: com.github.benmanes.caffeine.cache.BoundedLocalCache.rescheduleCleanUpIfIncomplete (0x000074b193e78d08) [0x000074b193e78e00, 0x000074b193e7a3d0] Compiler: c1, Barriers: 1, Oops: 6, ImmediateOops: 7, NonImmediateOops: No
[4,238s][debug][gc,nmethod     ] Register NMethod: jdk.internal.misc.VM.getNanoTimeAdjustment (0x000074b1b2d00d88) [0x000074b1b2d00e80, 0x000074b1b2d00fe0] Compiler: , Barriers: 0, Oops: 0, ImmediateOops: 1, NonImmediateOops: No
[4,239s][debug][gc,nmethod     ] Register NMethod: com.github.benmanes.caffeine.cache.BoundedLocalCache.scheduleDrainBuffers (0x000074b193e7a408) [0x000074b193e7a500, 0x000074b193e7fcf0] Compiler: c1, Barriers: 17, Oops: 8, ImmediateOops: 20, NonImmediateOops: No
[4,240s][debug][gc,nmethod     ] Register NMethod: java.lang.invoke.VarHandleSegmentAsLongs.get (0x000074b1b2d01088) [0x000074b1b2d01180, 0x000074b1b2d017e0] Compiler: jvmci, Barriers: 4, Oops: 0, ImmediateOops: 0, NonImmediateOops: No
[4,242s][debug][gc,nmethod     ] Register NMethod: io.sirix.settings.VersioningType$4.combineRecordPages (0x000074b193e7fd88) [0x000074b193e7fe80, 0x000074b193e84ac8] Compiler: c1, Barriers: 9, Oops: 1, ImmediateOops: 0, NonImmediateOops: No
[4,242s][debug][gc,nmethod     ] Register NMethod: com.github.benmanes.caffeine.cache.BoundedLocalCache.maintenance (0x000074b193e84b08) [0x000074b193e84c00, 0x000074b193e8c198] Compiler: c1, Barriers: 3, Oops: 8, ImmediateOops: 30, NonImmediateOops: No
[4,243s][debug][gc,nmethod     ] Register NMethod: java.util.ArrayList$Itr.next (0x000074b1b2d01808) [0x000074b1b2d01900, 0x000074b1b2d01ae0] Compiler: jvmci, Barriers: 3, Oops: 0, ImmediateOops: 0, NonImmediateOops: No
[4,244s][debug][gc,nmethod     ] Register NMethod: io.sirix.page.PageReference.equals (0x000074b193e8c208) [0x000074b193e8c300, 0x000074b193e8c8e8] Compiler: c1, Barriers: 0, Oops: 1, ImmediateOops: 0, NonImmediateOops: No
[4,246s][debug][gc,nmethod     ] Register NMethod: io.sirix.access.trx.page.NodePageReadOnlyTrx.getDataRecord (0x000074b193e8c908) [0x000074b193e8ca00, 0x000074b193e8d808] Compiler: c1, Barriers: 6, Oops: 1, ImmediateOops: 1, NonImmediateOops: No
[4,246s][debug][gc,nmethod     ] Register NMethod: java.lang.invoke.VarHandleGuards.guard_LJ_J (0x000074b1b2d01b08) [0x000074b1b2d01c00, 0x000074b1b2d02490] Compiler: jvmci, Barriers: 26, Oops: 0, ImmediateOops: 5, NonImmediateOops: No
[4,248s][debug][gc,director    ] Rule Major: Warmup 10%, Used: 216MB, UsedThreshold: 1228MB
[4,248s][debug][gc,nmethod     ] Register NMethod: jdk.internal.misc.VM.isBooted (0x000074b193e8d888) [0x000074b193e8d980, 0x000074b193e8dac0] Compiler: c1, Barriers: 0, Oops: 0, ImmediateOops: 1, NonImmediateOops: No
[4,249s][debug][gc,nmethod     ] Register NMethod: java.util.LinkedHashMap$LinkedHashIterator.<init> (0x000074b1b2d02508) [0x000074b1b2d02620, 0x000074b1b2d02878] Compiler: jvmci, Barriers: 9, Oops: 0, ImmediateOops: 0, NonImmediateOops: No
[4,251s][debug][gc,nmethod     ] Register NMethod: java.util.HashMap$HashIterator.hasNext (0x000074b1b2d02888) [0x000074b1b2d02980, 0x000074b1b2d02a38] Compiler: jvmci, Barriers: 1, Oops: 0, ImmediateOops: 0, NonImmediateOops: No
[4,251s][debug][gc,nmethod     ] Register NMethod: io.sirix.node.delegates.NameNodeDelegate.getPrefixKey (0x000074b1b2d02b88) [0x000074b1b2d02c80, 0x000074b1b2d02d40] Compiler: c1, Barriers: 0, Oops: 1, ImmediateOops: 0, NonImmediateOops: No
[4,252s][debug][gc,nmethod     ] Register NMethod: io.sirix.index.path.summary.PathNode.getPathKind (0x000074b1b2d02e88) [0x000074b1b2d02f80, 0x000074b1b2d03068] Compiler: c1, Barriers: 1, Oops: 1, ImmediateOops: 0, NonImmediateOops: No
[4,252s][debug][gc,nmethod     ] Register NMethod: io.sirix.access.trx.page.NodePageReadOnlyTrx.isMostRecentlyReadPathSummaryPage (0x000074b193e8db88) [0x000074b193e8dc80, 0x000074b193e8e410] Compiler: c1, Barriers: 1, Oops: 1, ImmediateOops: 0, NonImmediateOops: No
[4,253s][debug][gc,nmethod     ] Register NMethod: java.nio.Buffer.clear (0x000074b193e8e488) [0x000074b193e8e580, 0x000074b193e8e698] Compiler: c1, Barriers: 0, Oops: 0, ImmediateOops: 0, NonImmediateOops: No
[4,253s][debug][gc,nmethod     ] Register NMethod: io.sirix.access.trx.page.NodePageTrx.getActualRevisionRootPage (0x000074b193e8e788) [0x000074b193e8e880, 0x000074b193e8ed28] Compiler: c1, Barriers: 2, Oops: 1, ImmediateOops: 1, NonImmediateOops: No
[4,257s][debug][gc,nmethod     ] Register NMethod: jdk.internal.foreign.AbstractMemorySegmentImpl.equals (0x000074b193e8ed88) [0x000074b193e8ee80, 0x000074b193e8fc58] Compiler: c1, Barriers: 0, Oops: 0, ImmediateOops: 0, NonImmediateOops: No
[4,257s][debug][gc,nmethod     ] Register NMethod: jdk.internal.foreign.abi.SharedUtils.checkSymbol (0x000074b193e8fc88) [0x000074b193e8fd80, 0x000074b193e912a0] Compiler: c1, Barriers: 0, Oops: 1, ImmediateOops: 4, NonImmediateOops: No
[4,258s][debug][gc,nmethod     ] Register NMethod: io.sirix.node.GrowingMemorySegment.writeByte (0x000074b1b2d03188) [0x000074b1b2d03280, 0x000074b1b2d036a8] Compiler: jvmci, Barriers: 6, Oops: 1, ImmediateOops: 0, NonImmediateOops: No
[4,258s][debug][gc,director    ] Rule Major: Warmup 10%, Used: 216MB, UsedThreshold: 1228MB
[4,259s][debug][gc,nmethod     ] Register NMethod: io.sirix.page.DeserializedReferencesPage4Tuple.references (0x000074b1b2d03708) [0x000074b1b2d03800, 0x000074b1b2d038e8] Compiler: c1, Barriers: 1, Oops: 1, ImmediateOops: 0, NonImmediateOops: No
[4,259s][debug][gc,nmethod     ] Register NMethod: io.sirix.page.DeserializedReferencesPage4Tuple.offsets (0x000074b1b2d03a08) [0x000074b1b2d03b00, 0x000074b1b2d03be8] Compiler: c1, Barriers: 1, Oops: 1, ImmediateOops: 0, NonImmediateOops: No
[4,261s][debug][gc,nmethod     ] Register NMethod: com.github.benmanes.caffeine.cache.AccessOrderDeque.contains (0x000074b193e91308) [0x000074b193e91400, 0x000074b193e920c0] Compiler: c1, Barriers: 1, Oops: 1, ImmediateOops: 0, NonImmediateOops: No
[4,261s][debug][gc,nmethod     ] Register NMethod: io.sirix.page.PageFragmentKeyImpl.key (0x000074b1b2d03d08) [0x000074b1b2d03e00, 0x000074b1b2d03ec0] Compiler: c1, Barriers: 0, Oops: 1, ImmediateOops: 0, NonImmediateOops: No
[4,268s][debug][gc,nmethod     ] Register NMethod: java.nio.Buffer.limit (0x000074b1b2d04008) [0x000074b1b2d04100, 0x000074b1b2d04210] Compiler: jvmci, Barriers: 0, Oops: 0, ImmediateOops: 0, NonImmediateOops: No
[4,268s][debug][gc,director    ] Rule Major: Warmup 10%, Used: 218MB, UsedThreshold: 1228MB
[4,268s][debug][gc,nmethod     ] Register NMethod: java.nio.ByteBuffer.clear (0x000074b193e92108) [0x000074b193e92200, 0x000074b193e92378] Compiler: c1, Barriers: 0, Oops: 0, ImmediateOops: 0, NonImmediateOops: No
[4,268s][debug][gc,nmethod     ] Register NMethod: com.github.benmanes.caffeine.cache.SSMW.hitsInSample (0x000074b1b2d04308) [0x000074b1b2d04400, 0x000074b1b2d044c0] Compiler: c1, Barriers: 0, Oops: 1, ImmediateOops: 0, NonImmediateOops: No
[4,269s][debug][gc,nmethod     ] Register NMethod: com.github.benmanes.caffeine.cache.AccessOrderDeque.getPrevious (0x000074b193e92408) [0x000074b193e92500, 0x000074b193e92808] Compiler: c1, Barriers: 0, Oops: 1, ImmediateOops: 0, NonImmediateOops: No
[4,269s][debug][gc,nmethod     ] Register NMethod: com.github.benmanes.caffeine.cache.AbstractLinkedDeque.linkLast (0x000074b193e92888) [0x000074b193e92980, 0x000074b193e93da0] Compiler: c1, Barriers: 7, Oops: 1, ImmediateOops: 0, NonImmediateOops: No
[4,269s][debug][gc,nmethod     ] Register NMethod: com.github.benmanes.caffeine.cache.AccessOrderDeque.getPrevious (0x000074b193e93e08) [0x000074b193e93f00, 0x000074b193e94640] Compiler: c1, Barriers: 0, Oops: 1, ImmediateOops: 0, NonImmediateOops: No
[4,269s][debug][gc,nmethod     ] Register NMethod: com.github.benmanes.caffeine.cache.AccessOrderDeque.getNext (0x000074b193e94688) [0x000074b193e94780, 0x000074b193e94a88] Compiler: c1, Barriers: 0, Oops: 1, ImmediateOops: 0, NonImmediateOops: No
[4,269s][debug][gc,nmethod     ] Register NMethod: com.github.benmanes.caffeine.cache.AccessOrderDeque.getNext (0x000074b193e94b08) [0x000074b193e94c00, 0x000074b193e95340] Compiler: c1, Barriers: 0, Oops: 1, ImmediateOops: 0, NonImmediateOops: No
[4,271s][debug][gc,nmethod     ] Register NMethod: com.github.benmanes.caffeine.cache.BoundedLocalCache.notifyRemoval (0x000074b193e95388) [0x000074b193e95480, 0x000074b193e95dc8] Compiler: c1, Barriers: 2, Oops: 2, ImmediateOops: 2, NonImmediateOops: No
[4,273s][debug][gc,nmethod     ] Register NMethod: java.time.LocalDateTime.<init> (0x000074b193e95e08) [0x000074b193e95f00, 0x000074b193e96148] Compiler: c1, Barriers: 6, Oops: 0, ImmediateOops: 0, NonImmediateOops: No
[4,276s][debug][gc,nmethod     ] Register NMethod: it.unimi.dsi.fastutil.ints.Int2IntOpenHashMap.get (0x000074b193e96188) [0x000074b193e96280, 0x000074b193e967e0] Compiler: c1, Barriers: 4, Oops: 1, ImmediateOops: 0, NonImmediateOops: No
[4,276s][debug][gc,nmethod     ] Register NMethod: jdk.internal.foreign.Utils$BaseAndScale$$TypeSwitch/0x0000000061224a88.typeSwitch (0x000074b1b2d04608) [0x000074b1b2d04700, 0x000074b1b2d047f8] Compiler: jvmci, Barriers: 0, Oops: 0, ImmediateOops: 0, NonImmediateOops: No
[4,277s][debug][gc,nmethod     ] Register NMethod: io.sirix.node.MemorySegmentBytesIn.readStopBit (0x000074b193e96808) [0x000074b193e96900, 0x000074b193e96b30] Compiler: c1, Barriers: 0, Oops: 1, ImmediateOops: 0, NonImmediateOops: No
[4,277s][debug][gc,nmethod     ] Register NMethod: java.lang.invoke.Invokers$Holder.linkToTargetMethod (0x000074b193e96b88) [0x000074b193e96c80, 0x000074b193e97188] Compiler: c1, Barriers: 0, Oops: 0, ImmediateOops: 0, NonImmediateOops: No
[4,278s][debug][gc,nmethod     ] Register NMethod: java.lang.invoke.LambdaForm$DMH/0x0000000061148000.newInvokeSpecial (0x000074b193e97208) [0x000074b193e97300, 0x000074b193e97ba8] Compiler: c1, Barriers: 2, Oops: 1, ImmediateOops: 1, NonImmediateOops: No
[4,278s][debug][gc,director    ] Rule Major: Warmup 10%, Used: 218MB, UsedThreshold: 1228MB
[4,278s][debug][gc,nmethod     ] Register NMethod: java.util.BitSet.valueOf (0x000074b193e97c08) [0x000074b193e97d00, 0x000074b193e97ea8] Compiler: c1, Barriers: 0, Oops: 0, ImmediateOops: 0, NonImmediateOops: No
[4,278s][debug][gc,nmethod     ] Register NMethod: io.sirix.page.SerializationType.deserializeBitSet (0x000074b193e97f08) [0x000074b193e98000, 0x000074b193e98408] Compiler: c1, Barriers: 0, Oops: 1, ImmediateOops: 0, NonImmediateOops: No
[4,279s][debug][gc,nmethod     ] Register NMethod: java.util.BitSet.<init> (0x000074b193e98488) [0x000074b193e98580, 0x000074b193e987a0] Compiler: c1, Barriers: 3, Oops: 0, ImmediateOops: 0, NonImmediateOops: No
[4,279s][debug][gc,nmethod     ] Register NMethod: java.nio.HeapByteBuffer.slice (0x000074b193e98808) [0x000074b193e98900, 0x000074b193e98f28] Compiler: c1, Barriers: 2, Oops: 0, ImmediateOops: 0, NonImmediateOops: No
[4,279s][debug][gc,nmethod     ] Register NMethod: jdk.internal.foreign.Utils$BaseAndScale.of (0x000074b1b2d04908) [0x000074b1b2d04a00, 0x000074b1b2d04ac8] Compiler: jvmci, Barriers: 0, Oops: 0, ImmediateOops: 1, NonImmediateOops: No
[4,279s][debug][gc,nmethod     ] Register NMethod: java.util.BitSet.valueOf (0x000074b193e98f88) [0x000074b193e99080, 0x000074b193e9aa28] Compiler: c1, Barriers: 3, Oops: 0, ImmediateOops: 1, NonImmediateOops: No
[4,279s][debug][gc,nmethod     ] Register NMethod: java.nio.HeapByteBuffer.<init> (0x000074b193e9aa88) [0x000074b193e9ab80, 0x000074b193e9ad08] Compiler: c1, Barriers: 0, Oops: 0, ImmediateOops: 0, NonImmediateOops: No
[4,280s][debug][gc,nmethod     ] Register NMethod: java.time.LocalTime.create (0x000074b193e9ad88) [0x000074b193e9ae80, 0x000074b193e9b138] Compiler: c1, Barriers: 1, Oops: 0, ImmediateOops: 1, NonImmediateOops: No
[4,280s][debug][gc,nmethod     ] Register NMethod: java.time.format.DateTimeFormatter.getChronology (0x000074b1b2d04c08) [0x000074b1b2d04d00, 0x000074b1b2d04de8] Compiler: c1, Barriers: 1, Oops: 0, ImmediateOops: 0, NonImmediateOops: No
[4,280s][debug][gc,nmethod     ] Register NMethod: java.time.LocalTime.ofNanoOfDay (0x000074b193e9b188) [0x000074b193e9b280, 0x000074b193e9bae8] Compiler: c1, Barriers: 1, Oops: 1, ImmediateOops: 1, NonImmediateOops: No
[4,280s][debug][gc,nmethod     ] Register NMethod: java.time.format.DateTimeFormatter.getZone (0x000074b1b2d04f08) [0x000074b1b2d05000, 0x000074b1b2d050e8] Compiler: c1, Barriers: 1, Oops: 0, ImmediateOops: 0, NonImmediateOops: No
[4,280s][debug][gc,nmethod     ] Register NMethod: java.time.Clock$SystemClock.getZone (0x000074b1b2d05208) [0x000074b1b2d05300, 0x000074b1b2d053e8] Compiler: c1, Barriers: 1, Oops: 0, ImmediateOops: 0, NonImmediateOops: No
[4,280s][debug][gc,nmethod     ] Register NMethod: java.time.Instant.getNano (0x000074b1b2d05508) [0x000074b1b2d05600, 0x000074b1b2d056c0] Compiler: c1, Barriers: 0, Oops: 0, ImmediateOops: 0, NonImmediateOops: No
[4,280s][debug][gc,nmethod     ] Register NMethod: java.util.BitSet.recalculateWordsInUse (0x000074b1b2d05808) [0x000074b1b2d05900, 0x000074b1b2d05a88] Compiler: jvmci, Barriers: 1, Oops: 0, ImmediateOops: 0, NonImmediateOops: No
[4,282s][debug][gc,nmethod     ] Register NMethod: io.sirix.settings.VersioningType$4.combineRecordPagesForModification (0x000074b193e9bb08) [0x000074b193e9bc00, 0x000074b193ea44f8] Compiler: c1, Barriers: 27, Oops: 1, ImmediateOops: 0, NonImmediateOops: No
[4,282s][debug][gc,nmethod     ] Register NMethod: java.lang.Thread.getName (0x000074b1b2d05b08) [0x000074b1b2d05c00, 0x000074b1b2d05ce8] Compiler: c1, Barriers: 1, Oops: 0, ImmediateOops: 0, NonImmediateOops: No
[4,283s][debug][gc,nmethod     ] Register NMethod: com.github.benmanes.caffeine.cache.AbstractLinkedDeque.unlink (0x000074b193ea4508) [0x000074b193ea4600, 0x000074b193ea74d0] Compiler: c1, Barriers: 6, Oops: 1, ImmediateOops: 0, NonImmediateOops: No
[4,283s][debug][gc,nmethod     ] Register NMethod: io.sirix.node.Utils.getVarLong (0x000074b193ea7508) [0x000074b193ea7600, 0x000074b193ea7760] Compiler: c1, Barriers: 0, Oops: 1, ImmediateOops: 0, NonImmediateOops: No
[4,284s][debug][gc,nmethod     ] Register NMethod: io.sirix.access.trx.page.AbstractForwardingPageReadOnlyTrx.getNamePage (0x000074b193ea7808) [0x000074b193ea7900, 0x000074b193ea89a8] Compiler: c1, Barriers: 5, Oops: 1, ImmediateOops: 1, NonImmediateOops: No
[4,284s][debug][gc,nmethod     ] Register NMethod: io.sirix.index.name.Names.getName (0x000074b193ea8a08) [0x000074b193ea8b00, 0x000074b193ea9140] Compiler: c1, Barriers: 1, Oops: 1, ImmediateOops: 1, NonImmediateOops: No
[4,285s][debug][gc,nmethod     ] Register NMethod: io.sirix.page.NamePage.getName (0x000074b193ea9188) [0x000074b193ea9280, 0x000074b193eaa8f0] Compiler: c1, Barriers: 25, Oops: 1, ImmediateOops: 4, NonImmediateOops: No
[4,288s][debug][gc,director    ] Rule Major: Warmup 10%, Used: 218MB, UsedThreshold: 1228MB
[4,291s][debug][gc,nmethod     ] Register NMethod: java.nio.channels.FileChannel.open (0x000074b193eaa908) [0x000074b193eaaa00, 0x000074b193eaafe8] Compiler: c1, Barriers: 2, Oops: 0, ImmediateOops: 0, NonImmediateOops: No
[4,292s][debug][gc,nmethod     ] Register NMethod: java.nio.channels.FileChannel.open (0x000074b193eab008) [0x000074b193eab100, 0x000074b193eab6d0] Compiler: c1, Barriers: 3, Oops: 0, ImmediateOops: 2, NonImmediateOops: No
[4,293s][debug][gc,nmethod     ] Register NMethod: io.sirix.node.MemorySegmentBytesIn.readUtf8 (0x000074b193eab708) [0x000074b193eab800, 0x000074b193eabcf8] Compiler: c1, Barriers: 0, Oops: 1, ImmediateOops: 1, NonImmediateOops: No
[4,295s][debug][gc,nmethod     ] Register NMethod: it.unimi.dsi.fastutil.shorts.ShortArrayList.<init> (0x000074b193eabd08) [0x000074b193eabe00, 0x000074b193eac0a8] Compiler: c1, Barriers: 0, Oops: 1, ImmediateOops: 0, NonImmediateOops: No
[4,295s][debug][gc,nmethod     ] Register NMethod: it.unimi.dsi.fastutil.shorts.AbstractShortCollection.<init> (0x000074b193eac108) [0x000074b193eac200, 0x000074b193eac3b8] Compiler: c1, Barriers: 0, Oops: 1, ImmediateOops: 0, NonImmediateOops: No
[4,295s][debug][gc,nmethod     ] Register NMethod: it.unimi.dsi.fastutil.shorts.AbstractShortList.<init> (0x000074b193eac408) [0x000074b193eac500, 0x000074b193eac718] Compiler: c1, Barriers: 0, Oops: 1, ImmediateOops: 0, NonImmediateOops: No
[4,296s][debug][gc,nmethod     ] Register NMethod: it.unimi.dsi.fastutil.shorts.ShortArrayList.initArrayFromCapacity (0x000074b193eac788) [0x000074b193eac880, 0x000074b193eada50] Compiler: c1, Barriers: 7, Oops: 3, ImmediateOops: 3, NonImmediateOops: No
[4,296s][debug][gc,nmethod     ] Register NMethod: java.lang.Thread.threadId (0x000074b1b2d05e08) [0x000074b1b2d05f00, 0x000074b1b2d05fc0] Compiler: c1, Barriers: 0, Oops: 0, ImmediateOops: 0, NonImmediateOops: No
[4,297s][debug][gc,nmethod     ] Register NMethod: com.github.benmanes.caffeine.cache.RemovalCause$2.wasEvicted (0x000074b1b2d06108) [0x000074b1b2d06200, 0x000074b1b2d062c0] Compiler: c1, Barriers: 0, Oops: 1, ImmediateOops: 0, NonImmediateOops: No
[4,297s][debug][gc,nmethod     ] Register NMethod: com.github.benmanes.caffeine.cache.BoundedLocalCache.isAsync (0x000074b1b2d06408) [0x000074b1b2d06500, 0x000074b1b2d065c8] Compiler: c1, Barriers: 0, Oops: 1, ImmediateOops: 0, NonImmediateOops: No
[4,298s][debug][gc,director    ] Rule Major: Warmup 10%, Used: 218MB, UsedThreshold: 1228MB
[4,308s][debug][gc,director    ] Rule Major: Warmup 10%, Used: 218MB, UsedThreshold: 1228MB
[4,309s][debug][gc,nmethod     ] Register NMethod: ch.qos.logback.classic.Logger.getName (0x000074b1b2d06708) [0x000074b1b2d06800, 0x000074b1b2d068e8] Compiler: c1, Barriers: 1, Oops: 1, ImmediateOops: 0, NonImmediateOops: No
[4,311s][debug][gc,nmethod     ] Register NMethod: java.lang.invoke.NativeMethodHandle.internalNativeEntryPoint (0x000074b193eada88) [0x000074b193eadb80, 0x000074b193eadea0] Compiler: c1, Barriers: 1, Oops: 0, ImmediateOops: 0, NonImmediateOops: No
[4,311s][debug][gc,nmethod     ] Register NMethod: jdk.internal.foreign.abi.SharedUtils$1.close (0x000074b193eadf08) [0x000074b193eae000, 0x000074b193eae100] Compiler: c1, Barriers: 0, Oops: 0, ImmediateOops: 0, NonImmediateOops: No
[4,311s][debug][gc,nmethod     ] Register NMethod: java.util.stream.SortedOps$SizedRefSortingSink.begin (0x000074b193eae208) [0x000074b193eae300, 0x000074b193eae600] Compiler: c1, Barriers: 3, Oops: 0, ImmediateOops: 1, NonImmediateOops: No
[4,312s][debug][gc,nmethod     ] Register NMethod: java.util.concurrent.ForkJoinPool.deactivate (0x000074b193eae608) [0x000074b193eae700, 0x000074b193eaf1a8] Compiler: c1, Barriers: 4, Oops: 0, ImmediateOops: 0, NonImmediateOops: No
[4,312s][debug][gc,nmethod     ] Register NMethod: java.util.stream.SortedOps$SizedRefSortingSink.end (0x000074b193eaf208) [0x000074b193eaf300, 0x000074b193eb0368] Compiler: c1, Barriers: 14, Oops: 0, ImmediateOops: 0, NonImmediateOops: No
[4,312s][debug][gc,nmethod     ] Register NMethod: java.io.FileDescriptor$1.getAppend (0x000074b193eb0388) [0x000074b193eb0480, 0x000074b193eb0590] Compiler: c1, Barriers: 0, Oops: 0, ImmediateOops: 0, NonImmediateOops: No
[4,313s][debug][gc,nmethod     ] Register NMethod: java.io.FileOutputStream.write (0x000074b193eb0688) [0x000074b193eb0780, 0x000074b193eb0a98] Compiler: c1, Barriers: 1, Oops: 0, ImmediateOops: 2, NonImmediateOops: No
[4,314s][debug][gc,nmethod     ] Register NMethod: it.unimi.dsi.fastutil.ints.Int2LongOpenHashMap.size (0x000074b1b2d06a08) [0x000074b1b2d06b00, 0x000074b1b2d06bc0] Compiler: c1, Barriers: 0, Oops: 1, ImmediateOops: 0, NonImmediateOops: No
[4,315s][debug][gc,nmethod     ] Register NMethod: it.unimi.dsi.fastutil.ints.Int2IntOpenHashMap.size (0x000074b1b2d06d08) [0x000074b1b2d06e00, 0x000074b1b2d06ec0] Compiler: c1, Barriers: 0, Oops: 1, ImmediateOops: 0, NonImmediateOops: No
[4,315s][debug][gc,nmethod     ] Register NMethod: sun.nio.cs.StreamEncoder.writeBytes (0x000074b193eb0b08) [0x000074b193eb0c00, 0x000074b193eb2038] Compiler: c1, Barriers: 5, Oops: 0, ImmediateOops: 0, NonImmediateOops: No
[4,315s][debug][gc,nmethod     ] Register NMethod: io.sirix.access.trx.page.NodePageReadOnlyTrx.isSecondMostRecentlyReadPage (0x000074b193eb2088) [0x000074b193eb2180, 0x000074b193eb2b78] Compiler: c1, Barriers: 3, Oops: 1, ImmediateOops: 0, NonImmediateOops: No
[4,315s][debug][gc,nmethod     ] Register NMethod: io.sirix.node.MemorySegmentBytesIn.position (0x000074b1b2d07008) [0x000074b1b2d07100, 0x000074b1b2d071c0] Compiler: c1, Barriers: 0, Oops: 1, ImmediateOops: 0, NonImmediateOops: No
[4,316s][debug][gc,nmethod     ] Register NMethod: io.sirix.axis.AbstractAxis.nextLong (0x000074b193eb2b88) [0x000074b193eb2c80, 0x000074b193eb3710] Compiler: c1, Barriers: 5, Oops: 1, ImmediateOops: 1, NonImmediateOops: No
[4,317s][debug][gc,nmethod     ] Register NMethod: io.sirix.node.xml.ElementNode.getFirstChildKey (0x000074b193eb3788) [0x000074b193eb3880, 0x000074b193eb8870] Compiler: c1, Barriers: 19, Oops: 7, ImmediateOops: 11, NonImmediateOops: No
[4,319s][debug][gc,director    ] Rule Major: Warmup 10%, Used: 222MB, UsedThreshold: 1228MB
[4,319s][debug][gc,nmethod     ] Register NMethod: io.sirix.node.MemorySegmentBytesIn.position (0x000074b1b2d07308) [0x000074b1b2d07400, 0x000074b1b2d074c0] Compiler: c1, Barriers: 0, Oops: 1, ImmediateOops: 0, NonImmediateOops: No
[4,319s][debug][gc,nmethod     ] Register NMethod: java.util.ArrayDeque.pop (0x000074b193eb8908) [0x000074b193eb8a00, 0x000074b193eb8ca0] Compiler: c1, Barriers: 0, Oops: 0, ImmediateOops: 0, NonImmediateOops: No
[4,319s][debug][gc,nmethod     ] Register NMethod: java.io.BufferedOutputStream.growIfNeeded (0x000074b193eb8d08) [0x000074b193eb8e00, 0x000074b193eb9128] Compiler: c1, Barriers: 4, Oops: 0, ImmediateOops: 0, NonImmediateOops: No
[4,320s][debug][gc,nmethod     ] Register NMethod: io.sirix.settings.CharsForSerializing.getBytes (0x000074b1b2d07608) [0x000074b1b2d07700, 0x000074b1b2d077e8] Compiler: c1, Barriers: 1, Oops: 1, ImmediateOops: 0, NonImmediateOops: No
[4,320s][debug][gc,nmethod     ] Register NMethod: io.sirix.access.trx.node.AbstractNodeReadOnlyTrx.assertNotClosed (0x000074b1b2d07908) [0x000074b1b2d07a00, 0x000074b1b2d07ac0] Compiler: jvmci, Barriers: 0, Oops: 1, ImmediateOops: 0, NonImmediateOops: No
[4,320s][debug][gc,nmethod     ] Register NMethod: io.brackit.query.atomic.AbstractAtomic.<init> (0x000074b193eb9188) [0x000074b193eb9280, 0x000074b193eb9498] Compiler: c1, Barriers: 0, Oops: 1, ImmediateOops: 0, NonImmediateOops: No
[4,320s][debug][gc,nmethod     ] Register NMethod: io.brackit.query.jdm.AbstractItem.<init> (0x000074b193eb9508) [0x000074b193eb9600, 0x000074b193eb97b8] Compiler: c1, Barriers: 0, Oops: 1, ImmediateOops: 0, NonImmediateOops: No
[4,320s][debug][gc,nmethod     ] Register NMethod: java.io.BufferedOutputStream.write (0x000074b193eb9808) [0x000074b193eb9900, 0x000074b193eba618] Compiler: c1, Barriers: 6, Oops: 0, ImmediateOops: 0, NonImmediateOops: No
[4,321s][debug][gc,nmethod     ] Register NMethod: io.brackit.query.sequence.AbstractSequence.<init> (0x000074b193eba688) [0x000074b193eba780, 0x000074b193eba8d8] Compiler: c1, Barriers: 0, Oops: 1, ImmediateOops: 0, NonImmediateOops: No
[4,321s][debug][gc,nmethod     ] Register NMethod: java.util.regex.ASCII.isDigit (0x000074b193eba988) [0x000074b193ebaa80, 0x000074b193ebabc0] Compiler: c1, Barriers: 0, Oops: 0, ImmediateOops: 0, NonImmediateOops: No
[4,321s][debug][gc,nmethod     ] Register NMethod: io.sirix.node.Bytes.elasticHeapByteBuffer (0x000074b193ebac88) [0x000074b193ebad80, 0x000074b193ebb6c8] Compiler: c1, Barriers: 6, Oops: 2, ImmediateOops: 1, NonImmediateOops: No
[4,322s][debug][gc,nmethod     ] Register NMethod: java.util.regex.CharPredicates.lambda$ASCII_DIGIT$0 (0x000074b193ebb708) [0x000074b193ebb800, 0x000074b193ebba10] Compiler: c1, Barriers: 0, Oops: 0, ImmediateOops: 0, NonImmediateOops: No
[4,322s][debug][gc,nmethod     ] Register NMethod: java.util.regex.CharPredicates$$Lambda/0x0000000061111478.is (0x000074b193ebba88) [0x000074b193ebbb80, 0x000074b193ebbe10] Compiler: c1, Barriers: 0, Oops: 0, ImmediateOops: 0, NonImmediateOops: No
[4,322s][debug][gc,nmethod     ] Register NMethod: io.sirix.node.MemorySegmentBytesOut.<init> (0x000074b193ebbe88) [0x000074b193ebbf80, 0x000074b193ebcd50] Compiler: c1, Barriers: 9, Oops: 2, ImmediateOops: 1, NonImmediateOops: No
[4,322s][debug][gc,nmethod     ] Register NMethod: org.junit.platform.engine.UniqueId$Segment.hashCode (0x000074b193ebcd88) [0x000074b193ebce80, 0x000074b193ebd6c0] Compiler: c1, Barriers: 8, Oops: 1, ImmediateOops: 0, NonImmediateOops: No
[4,323s][debug][gc,nmethod     ] Register NMethod: io.sirix.node.GrowingMemorySegment.<init> (0x000074b193ebd708) [0x000074b193ebd800, 0x000074b193ebe430] Compiler: c1, Barriers: 6, Oops: 2, ImmediateOops: 1, NonImmediateOops: No
[4,324s][debug][gc,nmethod     ] Register NMethod: io.sirix.node.xml.ElementNode.getRightSiblingKey (0x000074b193ebe488) [0x000074b193ebe580, 0x000074b193ec3570] Compiler: c1, Barriers: 19, Oops: 7, ImmediateOops: 11, NonImmediateOops: No
[4,324s][debug][gc,nmethod     ] Register NMethod: java.util.stream.Streams$ConcatSpliterator.forEachRemaining (0x000074b193ec3608) [0x000074b193ec3700, 0x000074b193ec3cc0] Compiler: c1, Barriers: 2, Oops: 0, ImmediateOops: 0, NonImmediateOops: No
[4,327s][debug][gc,nmethod     ] Register NMethod: it.unimi.dsi.fastutil.shorts.ShortArrayList.grow (0x000074b193ec3d08) [0x000074b193ec3e00, 0x000074b193ec4448] Compiler: c1, Barriers: 8, Oops: 1, ImmediateOops: 0, NonImmediateOops: No
[4,328s][debug][gc,nmethod     ] Register NMethod: java.lang.invoke.VarHandleSegmentAsInts.get (0x000074b1b2d07c08) [0x000074b1b2d07d00, 0x000074b1b2d08328] Compiler: jvmci, Barriers: 4, Oops: 0, ImmediateOops: 0, NonImmediateOops: No
[4,329s][debug][gc,director    ] Rule Major: Warmup 10%, Used: 222MB, UsedThreshold: 1228MB
[4,339s][debug][gc,nmethod     ] Register NMethod: java.lang.System.getProperty (0x000074b193ec4488) [0x000074b193ec4580, 0x000074b193ec4da0] Compiler: c1, Barriers: 2, Oops: 0, ImmediateOops: 3, NonImmediateOops: No
[4,339s][debug][gc,director    ] Rule Major: Warmup 10%, Used: 222MB, UsedThreshold: 1228MB
[4,342s][debug][gc,nmethod     ] Register NMethod: java.util.regex.Pattern$BmpCharPropertyGreedy.match (0x000074b1b2d08388) [0x000074b1b2d08480, 0x000074b1b2d08998] Compiler: jvmci, Barriers: 4, Oops: 0, ImmediateOops: 0, NonImmediateOops: No
[4,346s][debug][gc,nmethod     ] Register NMethod: com.google.gson.stream.JsonReader.nextQuotedValue (0x000074b1b2d08a08) [0x000074b1b2d08b00, 0x000074b1b2d091d8] Compiler: jvmci, Barriers: 3, Oops: 2, ImmediateOops: 0, NonImmediateOops: No
[4,346s][debug][gc,nmethod     ] Register NMethod: java.lang.String.startsWith (0x000074b1b2d09208) [0x000074b1b2d09300, 0x000074b1b2d09638] Compiler: jvmci, Barriers: 2, Oops: 0, ImmediateOops: 0, NonImmediateOops: No
[4,347s][debug][gc,nmethod     ] Register NMethod: java.lang.invoke.Invokers$Holder.linkToTargetMethod (0x000074b1b2d09688) [0x000074b1b2d09780, 0x000074b1b2d09888] Compiler: jvmci, Barriers: 0, Oops: 0, ImmediateOops: 0, NonImmediateOops: No
[4,349s][debug][gc,director    ] Rule Major: Warmup 10%, Used: 224MB, UsedThreshold: 1228MB
[4,353s][debug][gc,nmethod     ] Register NMethod: io.sirix.cache.PageCache.get (0x000074b193ec4e08) [0x000074b193ec4f00, 0x000074b193ec5678] Compiler: c1, Barriers: 1, Oops: 1, ImmediateOops: 0, NonImmediateOops: No
[4,353s][debug][gc,nmethod     ] Register NMethod: io.sirix.cache.PageCache.get (0x000074b193ec5688) [0x000074b193ec5780, 0x000074b193ec6310] Compiler: c1, Barriers: 1, Oops: 1, ImmediateOops: 0, NonImmediateOops: No
[4,353s][debug][gc,nmethod     ] Register NMethod: com.github.benmanes.caffeine.cache.BoundedLocalCache.expireAfterUpdate (0x000074b193ec6388) [0x000074b193ec6480, 0x000074b193ec67b0] Compiler: c1, Barriers: 0, Oops: 1, ImmediateOops: 0, NonImmediateOops: No
[4,354s][debug][gc,nmethod     ] Register NMethod: com.github.benmanes.caffeine.cache.PS.setValue (0x000074b193ec6808) [0x000074b193ec6900, 0x000074b193ec7cf0] Compiler: c1, Barriers: 0, Oops: 7, ImmediateOops: 9, NonImmediateOops: No
[4,354s][debug][gc,nmethod     ] Register NMethod: java.io.OutputStreamWriter.close (0x000074b193ec7d88) [0x000074b193ec7e80, 0x000074b193ec81b0] Compiler: c1, Barriers: 1, Oops: 0, ImmediateOops: 0, NonImmediateOops: No
[4,354s][debug][gc,nmethod     ] Register NMethod: sun.nio.cs.StreamEncoder.close (0x000074b193ec8208) [0x000074b193ec8300, 0x000074b193ec88e0] Compiler: c1, Barriers: 1, Oops: 0, ImmediateOops: 0, NonImmediateOops: No
[4,356s][debug][gc,nmethod     ] Register NMethod: java.lang.invoke.MethodHandle.linkToStatic (0x000074b1b2d09988) [0x000074b1b2d09a80, 0x000074b1b2d09b70] Compiler: , Barriers: 0, Oops: 0, ImmediateOops: 0, NonImmediateOops: No
[4,356s][debug][gc,nmethod     ] Register NMethod: java.lang.invoke.MethodHandle.invokeBasic (0x000074b1b2d09c88) [0x000074b1b2d09d80, 0x000074b1b2d0a018] Compiler: , Barriers: 0, Oops: 0, ImmediateOops: 0, NonImmediateOops: No
[4,357s][debug][gc,nmethod     ] Register NMethod: jdk.internal.classfile.impl.RawBytecodeHelper.getIndex (0x000074b193ec8908) [0x000074b193ec8a00, 0x000074b193ec9500] Compiler: c1, Barriers: 2, Oops: 0, ImmediateOops: 0, NonImmediateOops: No
[4,358s][debug][gc,nmethod     ] Register NMethod: jdk.internal.classfile.impl.RawBytecodeHelper.isWide (0x000074b193ec9508) [0x000074b193ec9600, 0x000074b193ec9758] Compiler: c1, Barriers: 0, Oops: 0, ImmediateOops: 0, NonImmediateOops: No
[4,359s][debug][gc,director    ] Rule Major: Warmup 10%, Used: 224MB, UsedThreshold: 1228MB
[4,361s][debug][gc,nmethod     ] Register NMethod: java.util.regex.Pattern.next (0x000074b193ec9808) [0x000074b193ec9900, 0x000074b193ec9b80] Compiler: c1, Barriers: 1, Oops: 0, ImmediateOops: 0, NonImmediateOops: No
[4,362s][debug][gc,nmethod     ] Register NMethod: java.util.regex.Pattern$Node.<init> (0x000074b193ec9b88) [0x000074b193ec9c80, 0x000074b193ec9e60] Compiler: c1, Barriers: 3, Oops: 0, ImmediateOops: 1, NonImmediateOops: No
[4,363s][debug][gc,nmethod     ] Register NMethod: java.lang.StringUTF16.codePointAt (0x000074b193ec9e88) [0x000074b193ec9f80, 0x000074b193eca668] Compiler: c1, Barriers: 0, Oops: 1, ImmediateOops: 2, NonImmediateOops: No
[4,367s][debug][gc,nmethod     ] Register NMethod: jdk.internal.classfile.impl.SplitConstantPool.tryFindClassOrInterface (0x000074b1b2d0a088) [0x000074b1b2d0a1a0, 0x000074b1b2d0aae0] Compiler: jvmci, Barriers: 13, Oops: 0, ImmediateOops: 0, NonImmediateOops: No
[4,368s][debug][gc,nmethod     ] Register NMethod: java.lang.Character.charCount (0x000074b1b2d0ab08) [0x000074b1b2d0ac00, 0x000074b1b2d0aca0] Compiler: jvmci, Barriers: 0, Oops: 0, ImmediateOops: 0, NonImmediateOops: No
[4,369s][debug][gc,nmethod     ] Register NMethod: java.io.UnixFileSystem.hasBooleanAttributes (0x000074b1b2d0ae08) [0x000074b1b2d0af00, 0x000074b1b2d0b100] Compiler: jvmci, Barriers: 2, Oops: 0, ImmediateOops: 0, NonImmediateOops: No
[4,369s][debug][gc,director    ] Rule Major: Warmup 10%, Used: 224MB, UsedThreshold: 1228MB
[4,371s][debug][gc,nmethod     ] Register NMethod: io.brackit.query.atomic.QNm.atomicCode (0x000074b1b2d0b108) [0x000074b1b2d0b200, 0x000074b1b2d0b2c0] Compiler: c1, Barriers: 0, Oops: 1, ImmediateOops: 0, NonImmediateOops: No
[4,372s][debug][gc,nmethod     ] Register NMethod: jdk.internal.classfile.impl.SplitConstantPool.classEntryForClassOrInterface (0x000074b1b2d0b408) [0x000074b1b2d0b500, 0x000074b1b2d0be48] Compiler: jvmci, Barriers: 21, Oops: 0, ImmediateOops: 1, NonImmediateOops: No
[4,377s][debug][gc,nmethod     ] Register NMethod: jdk.internal.classfile.impl.StackMapGenerator.processBlock (0x000074b193eca688) [0x000074b193eca780, 0x000074b193efa620] Compiler: c1, Barriers: 294, Oops: 4, ImmediateOops: 159, NonImmediateOops: No
[4,378s][debug][gc,nmethod     ] Register NMethod: io.brackit.query.atomic.QNm.<init> (0x000074b193efa688) [0x000074b193efa780, 0x000074b193efac28] Compiler: c1, Barriers: 9, Oops: 1, ImmediateOops: 3, NonImmediateOops: No
[4,379s][debug][gc,nmethod     ] Register NMethod: io.brackit.query.atomic.QNm.hashCode (0x000074b193efac88) [0x000074b193efad80, 0x000074b193efb2f0] Compiler: c1, Barriers: 2, Oops: 1, ImmediateOops: 0, NonImmediateOops: No
[4,380s][debug][gc,director    ] Rule Major: Warmup 10%, Used: 224MB, UsedThreshold: 1228MB
[4,382s][debug][gc,nmethod     ] Register NMethod: io.brackit.query.function.AbstractFunction.getName (0x000074b1b2d0be88) [0x000074b1b2d0bf80, 0x000074b1b2d0c068] Compiler: c1, Barriers: 1, Oops: 1, ImmediateOops: 0, NonImmediateOops: No
[4,382s][debug][gc,nmethod     ] Register NMethod: io.brackit.query.jdm.type.SequenceType.<init> (0x000074b193efb308) [0x000074b193efb400, 0x000074b193efb648] Compiler: c1, Barriers: 6, Oops: 1, ImmediateOops: 0, NonImmediateOops: No
[4,390s][debug][gc,director    ] Rule Major: Warmup 10%, Used: 226MB, UsedThreshold: 1228MB
[4,397s][debug][gc,nmethod     ] Register NMethod: io.brackit.query.function.AbstractFunction.<init> (0x000074b193efb688) [0x000074b193efb780, 0x000074b193efba90] Compiler: c1, Barriers: 6, Oops: 1, ImmediateOops: 0, NonImmediateOops: No
[4,398s][debug][gc,nmethod     ] Register NMethod: io.brackit.query.module.Functions.predefine (0x000074b193efbb08) [0x000074b193efbc00, 0x000074b193efd390] Compiler: c1, Barriers: 10, Oops: 3, ImmediateOops: 3, NonImmediateOops: No
[4,400s][debug][gc,nmethod     ] Register NMethod: io.brackit.query.jdm.Signature.<init> (0x000074b193efd408) [0x000074b193efd500, 0x000074b193efd7d0] Compiler: c1, Barriers: 9, Oops: 1, ImmediateOops: 0, NonImmediateOops: No
[4,400s][debug][gc,director    ] Rule Major: Warmup 10%, Used: 226MB, UsedThreshold: 1228MB
[4,405s][debug][gc,nmethod     ] Register NMethod: java.util.Collections$SetFromMap.remove (0x000074b1b2d0c188) [0x000074b1b2d0c280, 0x000074b1b2d0c748] Compiler: jvmci, Barriers: 12, Oops: 0, ImmediateOops: 0, NonImmediateOops: No
[4,406s][debug][gc,nmethod     ] Register NMethod: java.util.zip.ZipFile$ZipFileInputStream.close (0x000074b1b2d0c788) [0x000074b1b2d0c880, 0x000074b1b2d0d070] Compiler: jvmci, Barriers: 17, Oops: 0, ImmediateOops: 0, NonImmediateOops: No
[4,407s][debug][gc,nmethod     ] Register NMethod: java.util.concurrent.locks.AbstractQueuedSynchronizer.<init> (0x000074b193efd808) [0x000074b193efd900, 0x000074b193efdab8] Compiler: c1, Barriers: 0, Oops: 0, ImmediateOops: 0, NonImmediateOops: No
[4,410s][debug][gc,director    ] Rule Major: Warmup 10%, Used: 226MB, UsedThreshold: 1228MB
[4,410s][debug][gc,nmethod     ] Register NMethod: java.lang.ClassLoader.definePackage (0x000074b193efdb08) [0x000074b193efdc00, 0x000074b193efe318] Compiler: c1, Barriers: 1, Oops: 0, ImmediateOops: 0, NonImmediateOops: No
[4,415s][debug][gc,nmethod     ] Register NMethod: sun.net.www.protocol.file.Handler.parseURL (0x000074b1b2d0d088) [0x000074b1b2d0d180, 0x000074b1b2d0d250] Compiler: jvmci, Barriers: 0, Oops: 0, ImmediateOops: 0, NonImmediateOops: No
[4,420s][debug][gc,director    ] Rule Major: Warmup 10%, Used: 226MB, UsedThreshold: 1228MB
[4,423s][debug][gc,nmethod     ] Register NMethod: jdk.internal.classfile.impl.AbstractInstruction$SwitchCaseImpl.caseValue (0x000074b1b2d0d388) [0x000074b1b2d0d480, 0x000074b1b2d0d540] Compiler: c1, Barriers: 0, Oops: 0, ImmediateOops: 0, NonImmediateOops: No
[4,425s][debug][gc,nmethod     ] Register NMethod: jdk.internal.loader.BuiltinClassLoader.loadClassOrNull (0x000074b1b2d0d688) [0x000074b1b2d0d780, 0x000074b1b2d0df88] Compiler: jvmci, Barriers: 5, Oops: 0, ImmediateOops: 1, NonImmediateOops: No
[4,425s][debug][gc,nmethod     ] Register NMethod: io.brackit.query.compiler.parser.Tokenizer.ws (0x000074b193efe388) [0x000074b193efe480, 0x000074b193efe8d8] Compiler: c1, Barriers: 1, Oops: 1, ImmediateOops: 0, NonImmediateOops: No
[4,426s][debug][gc,nmethod     ] Register NMethod: io.brackit.query.compiler.parser.Tokenizer.laSymSkipWS (0x000074b193efe908) [0x000074b193efea00, 0x000074b193efeb98] Compiler: c1, Barriers: 0, Oops: 1, ImmediateOops: 0, NonImmediateOops: No
[4,427s][debug][gc,nmethod     ] Register NMethod: io.brackit.query.compiler.parser.Tokenizer.laSkipWS (0x000074b193efec08) [0x000074b193efed00, 0x000074b193effec8] Compiler: c1, Barriers: 7, Oops: 2, ImmediateOops: 2, NonImmediateOops: No
[4,427s][debug][gc,nmethod     ] Register NMethod: io.brackit.query.compiler.parser.Tokenizer.laSym (0x000074b193efff08) [0x000074b193f00000, 0x000074b193f015a0] Compiler: c1, Barriers: 8, Oops: 2, ImmediateOops: 2, NonImmediateOops: No
[4,431s][debug][gc,director    ] Rule Major: Warmup 10%, Used: 228MB, UsedThreshold: 1228MB
[4,435s][debug][gc,nmethod     ] Register NMethod: io.brackit.query.compiler.AST.getType (0x000074b1b2d0e008) [0x000074b1b2d0e100, 0x000074b1b2d0e1c0] Compiler: c1, Barriers: 0, Oops: 1, ImmediateOops: 0, NonImmediateOops: No
[4,439s][debug][gc,nmethod     ] Register NMethod: io.brackit.query.compiler.AST.getChildCount (0x000074b193f01608) [0x000074b193f01700, 0x000074b193f018a0] Compiler: c1, Barriers: 1, Oops: 1, ImmediateOops: 0, NonImmediateOops: No
[4,441s][debug][gc,director    ] Rule Major: Warmup 10%, Used: 228MB, UsedThreshold: 1228MB
[4,441s][debug][gc,nmethod     ] Register NMethod: io.brackit.query.compiler.AST.getChild (0x000074b193f01908) [0x000074b193f01a00, 0x000074b193f03030] Compiler: c1, Barriers: 13, Oops: 2, ImmediateOops: 3, NonImmediateOops: No
[4,442s][debug][gc,nmethod     ] Register NMethod: io.brackit.query.compiler.optimizer.walker.Walker.walkInternal (0x000074b193f03088) [0x000074b193f03180, 0x000074b193f03ec8] Compiler: c1, Barriers: 2, Oops: 1, ImmediateOops: 0, NonImmediateOops: No
[4,445s][debug][gc,nmethod     ] Register NMethod: io.brackit.query.compiler.optimizer.walker.topdown.ScopeWalker.walkInspect (0x000074b193f03f08) [0x000074b193f04000, 0x000074b193f043c8] Compiler: c1, Barriers: 1, Oops: 1, ImmediateOops: 0, NonImmediateOops: No
[4,446s][debug][gc,nmethod     ] Register NMethod: io.brackit.query.atomic.AbstractAtomic.atomicCmp (0x000074b193f04408) [0x000074b193f04500, 0x000074b193f04d30] Compiler: c1, Barriers: 0, Oops: 1, ImmediateOops: 0, NonImmediateOops: No
[4,446s][debug][gc,nmethod     ] Register NMethod: io.brackit.query.atomic.QNm.atomicCmpInternal (0x000074b193f04d88) [0x000074b193f04e80, 0x000074b193f056b0] Compiler: c1, Barriers: 4, Oops: 1, ImmediateOops: 0, NonImmediateOops: No
[4,446s][debug][gc,nmethod     ] Register NMethod: io.brackit.query.compiler.optimizer.walker.topdown.ScopeWalker.inspect (0x000074b193f05708) [0x000074b193f05800, 0x000074b193f06a00] Compiler: c1, Barriers: 12, Oops: 1, ImmediateOops: 0, NonImmediateOops: No
[4,449s][debug][gc,nmethod     ] Register NMethod: java.io.File.<init> (0x000074b1b2d0e308) [0x000074b1b2d0e500, 0x000074b1b2d0f1e8] Compiler: jvmci, Barriers: 15, Oops: 1, ImmediateOops: 4, NonImmediateOops: No
[4,451s][debug][gc,director    ] Rule Major: Warmup 10%, Used: 228MB, UsedThreshold: 1228MB
[4,454s][info ][gc             ] GC(1) Major Collection (Metadata GC Threshold)
[4,454s][info ][gc,task        ] GC(1) Using 1 Workers for Young Generation
[4,454s][info ][gc,task        ] GC(1) Using 1 Workers for Old Generation
[4,454s][debug][gc,heap        ] GC(1) Y: Heap Before GC invocations=1 (full 1):
[4,454s][debug][gc,heap        ] GC(1) Y:  ZHeap           used 230M, capacity 5120M, max capacity 12288M
[4,454s][debug][gc,heap        ] GC(1) Y:   Cache          4890M (1)
[4,454s][debug][gc,heap        ] GC(1) Y:    size classes  4G (1)
[4,454s][debug][gc,metaspace   ] GC(1) Y: Metaspace Before GC invocations=1 (full 1):
[4,454s][debug][gc,metaspace   ] GC(1) Y:  Metaspace       used 37128K, committed 37504K, reserved 1114112K
[4,454s][debug][gc,metaspace   ] GC(1) Y:   class space    used 3319K, committed 3456K, reserved 1048576K
[4,454s][info ][gc,phases      ] GC(1) Y: Young Generation
[4,454s][debug][gc,reloc       ] Synchronize all workers 1 _nworkers: 0 _nsynchronized: 0
[4,454s][debug][gc,reloc       ] Synchronize all workers 1 _nworkers: 0 _nsynchronized: 0
[4,454s][debug][gc,phases,start] GC(1) Y: Pause Mark Start (Major)
[4,455s][debug][gc,tlab        ] GC(1) Y: TLAB usage update: used 64M -> 152M, capacity: 64M -> 90M
[4,455s][debug][gc,marking     ] GC(1) Y: Using 1 mark stripes
[4,455s][debug][gc,marking     ] GC(1) Y: Mark Worker/Stripe Distribution
[4,455s][debug][gc,marking     ] GC(1) Y:   Worker 0(1) -> Stripe 0(1)
[4,455s][debug][gc,marking     ] GC(1) Y: Using 1 mark stripes
[4,455s][debug][gc,marking     ] GC(1) Y: Mark Worker/Stripe Distribution
[4,455s][debug][gc,marking     ] GC(1) Y:   Worker 0(1) -> Stripe 0(1)
[4,455s][info ][gc,phases      ] GC(1) Y: Pause Mark Start (Major) 0,149ms
[4,455s][debug][gc,reloc       ] Desynchronize all workers _nworkers: 0 _nsynchronized: 0
[4,455s][debug][gc,reloc       ] Desynchronize all workers _nworkers: 0 _nsynchronized: 0
[4,455s][debug][gc,phases,start] GC(1) Y: Concurrent Mark
[4,455s][debug][gc,phases,start] GC(1) Y: Concurrent Mark Roots
[4,455s][debug][gc,task        ] GC(1) Y: Executing ZMarkYoungRootsTask using ZWorkerYoung with 1 workers
[4,455s][debug][gc,marking     ] Resurrection broke termination
[4,455s][debug][gc             ] JNI Critical Stall (Test worker) 0,511ms
[4,462s][debug][gc,tlab        ] GC(1) Y: TLAB totals: thrds: 22  refills: 345 max: 295 slow allocs: 916 max 620 waste:  2,2% gc: 1358136B max: 260776B slow: 520744B max: 465728B
[4,462s][debug][gc,phases      ] GC(1) Y: Concurrent Mark Roots 7,146ms
[4,462s][debug][gc,phases,start] GC(1) Y: Concurrent Mark Follow
[4,462s][debug][gc,marking     ] GC(1) Y: Using 1 mark stripes
[4,462s][debug][gc,task        ] GC(1) Y: Executing ZRememberedScanMarkFollowTask using ZWorkerYoung with 1 workers
[4,462s][debug][gc,nmethod     ] Register NMethod: java.util.logging.Level.intValue (0x000074b1b2d0f208) [0x000074b1b2d0f300, 0x000074b1b2d0f3c0] Compiler: c1, Barriers: 0, Oops: 0, ImmediateOops: 0, NonImmediateOops: No
[4,469s][debug][gc,nmethod     ] Register NMethod: io.sirix.node.xml.ElementNode.getParentKey (0x000074b193f06a88) [0x000074b193f06b80, 0x000074b193f0bb68] Compiler: c1, Barriers: 19, Oops: 7, ImmediateOops: 11, NonImmediateOops: No
[4,474s][debug][gc,nmethod     ] Register NMethod: jdk.internal.loader.URLClassPath$FileLoader.getResource (0x000074b1b2d0f508) [0x000074b1b2d0f600, 0x000074b1b2d10418] Compiler: jvmci, Barriers: 15, Oops: 1, ImmediateOops: 3, NonImmediateOops: No
[4,475s][debug][gc,nmethod     ] Register NMethod: java.net.URLStreamHandler.parseURL (0x000074b1b2d10488) [0x000074b1b2d10580, 0x000074b1b2d126f8] Compiler: jvmci, Barriers: 49, Oops: 2, ImmediateOops: 5, NonImmediateOops: No
[4,476s][debug][gc,nmethod     ] Register NMethod: com.esotericsoftware.kryo.io.Output.writeInt (0x000074b193f0bc08) [0x000074b193f0bd00, 0x000074b193f0be48] Compiler: c1, Barriers: 0, Oops: 1, ImmediateOops: 0, NonImmediateOops: No
[4,476s][debug][gc,nmethod     ] Register NMethod: org.junit.platform.launcher.TestIdentifier.getParentIdObject (0x000074b193f0bf08) [0x000074b193f0c000, 0x000074b193f0c360] Compiler: c1, Barriers: 4, Oops: 1, ImmediateOops: 1, NonImmediateOops: No
[4,476s][debug][gc,nmethod     ] Register NMethod: org.gradle.internal.serialize.kryo.KryoBackedEncoder.writeSmallInt (0x000074b193f0c388) [0x000074b193f0c480, 0x000074b193f0c678] Compiler: c1, Barriers: 1, Oops: 1, ImmediateOops: 0, NonImmediateOops: No
[4,476s][debug][gc,nmethod     ] Register NMethod: org.gradle.internal.serialize.kryo.KryoBackedEncoder.writeLong (0x000074b193f0c688) [0x000074b193f0c780, 0x000074b193f0c908] Compiler: c1, Barriers: 1, Oops: 1, ImmediateOops: 0, NonImmediateOops: No
[4,476s][debug][gc,nmethod     ] Register NMethod: java.util.Arrays.equals (0x000074b193f0c988) [0x000074b193f0ca80, 0x000074b193f0cd20] Compiler: c1, Barriers: 0, Oops: 0, ImmediateOops: 0, NonImmediateOops: No
[4,477s][debug][gc,nmethod     ] Register NMethod: java.lang.reflect.Field.getDeclaredAnnotations (0x000074b193f0cd88) [0x000074b193f0ce80, 0x000074b193f0d640] Compiler: c1, Barriers: 0, Oops: 0, ImmediateOops: 1, NonImmediateOops: No
[4,477s][debug][gc,nmethod     ] Register NMethod: com.google.common.base.Preconditions.checkNotNull (0x000074b193f0d688) [0x000074b193f0d780, 0x000074b193f0d950] Compiler: c1, Barriers: 0, Oops: 1, ImmediateOops: 0, NonImmediateOops: No
[4,477s][debug][gc,nmethod     ] Register NMethod: com.esotericsoftware.kryo.io.Output.writeLong (0x000074b193f0d988) [0x000074b193f0da80, 0x000074b193f0ddc8] Compiler: c1, Barriers: 1, Oops: 1, ImmediateOops: 0, NonImmediateOops: No
[4,477s][debug][gc,nmethod     ] Register NMethod: java.util.stream.Stream.concat (0x000074b193f0de08) [0x000074b193f0df00, 0x000074b193f0f450] Compiler: c1, Barriers: 8, Oops: 0, ImmediateOops: 0, NonImmediateOops: No
[4,477s][debug][gc,nmethod     ] Register NMethod: com.esotericsoftware.kryo.io.Output.writeVarInt (0x000074b193f0f488) [0x000074b193f0f580, 0x000074b193f0fdf8] Compiler: c1, Barriers: 5, Oops: 1, ImmediateOops: 0, NonImmediateOops: No
[4,477s][debug][gc,nmethod     ] Register NMethod: io.sirix.io.bytepipe.LZ4Compressor.<init> (0x000074b193f0fe08) [0x000074b193f0ff00, 0x000074b193f10058] Compiler: c1, Barriers: 0, Oops: 1, ImmediateOops: 0, NonImmediateOops: No
[4,478s][debug][gc,nmethod     ] Register NMethod: java.util.zip.Inflater.needsInput (0x000074b1b2d12788) [0x000074b1b2d12880, 0x000074b1b2d12b48] Compiler: jvmci, Barriers: 2, Oops: 0, ImmediateOops: 0, NonImmediateOops: No
[4,479s][debug][gc,nmethod     ] Register NMethod: com.github.benmanes.caffeine.cache.LocalCache.notifyOnReplace (0x000074b193f10108) [0x000074b193f10200, 0x000074b193f118b8] Compiler: c1, Barriers: 12, Oops: 3, ImmediateOops: 3, NonImmediateOops: No
[4,479s][debug][gc,nmethod     ] Register NMethod: com.github.benmanes.caffeine.cache.LocalAsyncCache$CacheView.asyncCache (0x000074b1b2d12b88) [0x000074b1b2d12c80, 0x000074b1b2d12d68] Compiler: c1, Barriers: 1, Oops: 1, ImmediateOops: 0, NonImmediateOops: No
[4,479s][debug][gc,nmethod     ] Register NMethod: io.sirix.page.DeserializedBitmapReferencesPageTuple.getReferences (0x000074b1b2d12e88) [0x000074b1b2d12f80, 0x000074b1b2d13068] Compiler: c1, Barriers: 1, Oops: 1, ImmediateOops: 0, NonImmediateOops: No
[4,479s][debug][gc,nmethod     ] Register NMethod: io.sirix.io.RevisionFileData.offset (0x000074b1b2d13188) [0x000074b1b2d13280, 0x000074b1b2d13340] Compiler: c1, Barriers: 0, Oops: 1, ImmediateOops: 0, NonImmediateOops: No
[4,479s][debug][gc,nmethod     ] Register NMethod: com.github.benmanes.caffeine.cache.BoundedLocalCache.requireIsAlive (0x000074b193f11908) [0x000074b193f11a00, 0x000074b193f134c0] Compiler: c1, Barriers: 1, Oops: 7, ImmediateOops: 10, NonImmediateOops: No
[4,479s][debug][gc,nmethod     ] Register NMethod: io.sirix.node.MemorySegmentBytesIn.readBoolean (0x000074b193f13508) [0x000074b193f13600, 0x000074b193f13798] Compiler: c1, Barriers: 0, Oops: 1, ImmediateOops: 0, NonImmediateOops: No
[4,479s][debug][gc,nmethod     ] Register NMethod: io.sirix.page.DeserializedBitmapReferencesPageTuple.getBitmap (0x000074b1b2d13488) [0x000074b1b2d13580, 0x000074b1b2d13668] Compiler: c1, Barriers: 1, Oops: 1, ImmediateOops: 0, NonImmediateOops: No
[4,480s][debug][gc,alloc       ] Mutator Allocation Rate: 108,9MB/s Predicted: 126,9MB/s, Avg: 97,0(+/-12,9)MB/s
[4,481s][debug][gc,nmethod     ] Register NMethod: sun.nio.ch.Util$BufferCache.get (0x000074b193f13808) [0x000074b193f13900, 0x000074b193f14b90] Compiler: c1, Barriers: 9, Oops: 0, ImmediateOops: 0, NonImmediateOops: No
[4,482s][debug][gc,nmethod     ] Register NMethod: it.unimi.dsi.fastutil.ints.Int2ObjectOpenHashMap.put (0x000074b193f14c08) [0x000074b193f14d00, 0x000074b193f15268] Compiler: c1, Barriers: 6, Oops: 1, ImmediateOops: 0, NonImmediateOops: No
[4,482s][debug][gc,nmethod     ] Register NMethod: it.unimi.dsi.fastutil.ints.Int2ObjectOpenHashMap.insert (0x000074b193f15288) [0x000074b193f15380, 0x000074b193f158d8] Compiler: c1, Barriers: 5, Oops: 1, ImmediateOops: 0, NonImmediateOops: No
[4,482s][debug][gc,nmethod     ] Register NMethod: it.unimi.dsi.fastutil.ints.Int2ObjectOpenHashMap.find (0x000074b193f15908) [0x000074b193f15a00, 0x000074b193f15e68] Compiler: c1, Barriers: 1, Oops: 1, ImmediateOops: 0, NonImmediateOops: No
[4,483s][debug][gc,nmethod     ] Register NMethod: java.util.zip.Inflater.inflate (0x000074b1b2d13788) [0x000074b1b2d13880, 0x000074b1b2d13d78] Compiler: jvmci, Barriers: 4, Oops: 0, ImmediateOops: 0, NonImmediateOops: No
[4,483s][debug][gc,nmethod     ] Register NMethod: it.unimi.dsi.fastutil.longs.LongArrayList.add (0x000074b193f15e88) [0x000074b193f15f80, 0x000074b193f16258] Compiler: c1, Barriers: 1, Oops: 1, ImmediateOops: 0, NonImmediateOops: No
[4,483s][debug][gc,nmethod     ] Register NMethod: it.unimi.dsi.fastutil.longs.LongArrayList.grow (0x000074b193f16288) [0x000074b193f16380, 0x000074b193f168e0] Compiler: c1, Barriers: 5, Oops: 1, ImmediateOops: 1, NonImmediateOops: No
[4,484s][debug][gc,nmethod     ] Register NMethod: jdk.internal.foreign.AbstractMemorySegmentImpl.checkBounds (0x000074b1b2d13d88) [0x000074b1b2d13e80, 0x000074b1b2d13fd8] Compiler: jvmci, Barriers: 0, Oops: 0, ImmediateOops: 0, NonImmediateOops: No
[4,484s][debug][gc,nmethod     ] Register NMethod: java.util.stream.StreamSpliterators$WrappingSpliterator.lambda$initPartialTraversalState$0 (0x000074b193f16908) [0x000074b193f16a00, 0x000074b193f16d78] Compiler: c1, Barriers: 2, Oops: 0, ImmediateOops: 0, NonImmediateOops: No
[4,484s][debug][gc,nmethod     ] Register NMethod: java.util.stream.StreamSpliterators$WrappingSpliterator$$Lambda/0x000000006111d6b0.getAsBoolean (0x000074b193f16d88) [0x000074b193f16e80, 0x000074b193f17298] Compiler: c1, Barriers: 3, Oops: 0, ImmediateOops: 0, NonImmediateOops: No
[4,487s][debug][gc,nmethod     ] Register NMethod: cn.danielw.fop.PoolConfig.getMinSize (0x000074b1b2d14088) [0x000074b1b2d14180, 0x000074b1b2d14240] Compiler: c1, Barriers: 0, Oops: 1, ImmediateOops: 0, NonImmediateOops: No
[4,487s][debug][gc,nmethod     ] Register NMethod: sun.nio.ch.Util$BufferCache.offerFirst (0x000074b193f17308) [0x000074b193f17400, 0x000074b193f178a8] Compiler: c1, Barriers: 4, Oops: 0, ImmediateOops: 0, NonImmediateOops: No
[4,488s][debug][gc,nmethod     ] Register NMethod: java.util.concurrent.CompletableFuture.join (0x000074b193f17908) [0x000074b193f17a00, 0x000074b193f17bd8] Compiler: c1, Barriers: 1, Oops: 0, ImmediateOops: 1, NonImmediateOops: No
[4,488s][debug][gc,nmethod     ] Register NMethod: com.github.benmanes.caffeine.cache.FrequencySketch.incrementAt (0x000074b193f17c08) [0x000074b193f17d00, 0x000074b193f17ee8] Compiler: c1, Barriers: 1, Oops: 1, ImmediateOops: 0, NonImmediateOops: No
[4,488s][debug][gc,nmethod     ] Register NMethod: java.util.concurrent.CompletableFuture.reportJoin (0x000074b193f17f08) [0x000074b193f18000, 0x000074b193f18f48] Compiler: c1, Barriers: 1, Oops: 0, ImmediateOops: 0, NonImmediateOops: No
[4,488s][debug][gc,nmethod     ] Register NMethod: com.github.benmanes.caffeine.cache.BoundedLocalCache.afterRead (0x000074b193f18f88) [0x000074b193f19080, 0x000074b193f1a698] Compiler: c1, Barriers: 2, Oops: 1, ImmediateOops: 1, NonImmediateOops: No
[4,489s][debug][gc,nmethod     ] Register NMethod: java.lang.invoke.DirectMethodHandle$Holder.newInvokeSpecial (0x000074b1b2d14388) [0x000074b1b2d14480, 0x000074b1b2d14840] Compiler: jvmci, Barriers: 3, Oops: 0, ImmediateOops: 1, NonImmediateOops: No
[4,491s][debug][gc,remset      ] GC(1) Y: Remset forwarding retained: 0,000ms count: 0 ZWorkerYoung#0
[4,491s][debug][gc,remset      ] GC(1) Y: Remset forwarding released: 0,000ms count: 0 ZWorkerYoung#0
[4,491s][debug][gc,marking     ] GC(1) Y: Try terminate after resurrection
[4,491s][debug][gc,phases      ] GC(1) Y: Concurrent Mark Follow 28,908ms
[4,491s][info ][gc,phases      ] GC(1) Y: Concurrent Mark 36,133ms
[4,491s][debug][gc,reloc       ] Synchronize all workers 1 _nworkers: 0 _nsynchronized: 0
[4,491s][debug][gc,reloc       ] Synchronize all workers 1 _nworkers: 0 _nsynchronized: 0
[4,491s][debug][gc,phases,start] GC(1) Y: Pause Mark End
[4,491s][info ][gc,phases      ] GC(1) Y: Pause Mark End 0,038ms
[4,491s][debug][gc,reloc       ] Desynchronize all workers _nworkers: 0 _nsynchronized: 0
[4,491s][debug][gc,reloc       ] Desynchronize all workers _nworkers: 0 _nsynchronized: 0
[4,491s][debug][gc,phases,start] GC(1) Y: Concurrent Mark Free
[4,491s][info ][gc,phases      ] GC(1) Y: Concurrent Mark Free 0,021ms
[4,491s][debug][gc,phases,start] GC(1) Y: Concurrent Reset Relocation Set
[4,491s][info ][gc,phases      ] GC(1) Y: Concurrent Reset Relocation Set 0,014ms
[4,491s][debug][gc,phases,start] GC(1) Y: Concurrent Select Relocation Set
[4,491s][debug][gc,reloc       ] GC(1) Y: Relocation Set (Medium Pages): 2->1, 0 skipped, 36 forwarding entries
[4,491s][debug][gc,reloc       ] GC(1) Y: Relocation Set (Small Pages): 74->4, 1 skipped, 228544 forwarding entries
[4,491s][debug][gc,reloc       ] GC(1) Y: Allocated To Garbage: 0,2
[4,491s][debug][gc,reloc       ] GC(1) Y: Young Log Residency: 6,4
[4,491s][debug][gc,reloc       ] GC(1) Y: Life Decay Factor: 1,2
[4,491s][info ][gc,reloc       ] GC(1) Y: Using tenuring threshold: 2 (Computed)
[4,492s][debug][gc,task        ] GC(1) Y: Executing ZRelocationSetInstallTask using ZWorkerYoung with 1 workers
[4,492s][debug][gc,task        ] GC(1) Y: Executing ZPromotePagesTask using ZWorkerYoung with 1 workers
[4,492s][debug][gc,task        ] GC(1) Y: Executing ZPromotePagesTask using ZWorkerYoung with 1 workers
[4,492s][debug][gc,task        ] GC(1) Y: Executing ZPromotePagesTask using ZWorkerYoung with 1 workers
[4,492s][info ][gc,phases      ] GC(1) Y: Concurrent Select Relocation Set 0,980ms
[4,492s][debug][gc,reloc       ] Synchronize all workers 1 _nworkers: 0 _nsynchronized: 0
[4,492s][debug][gc,reloc       ] Synchronize all workers 1 _nworkers: 0 _nsynchronized: 0
[4,493s][debug][gc,phases,start] GC(1) Y: Pause Relocate Start
[4,493s][debug][gc,reloc       ] GC(1) Y: Joining workers: 1
[4,493s][info ][gc,phases      ] GC(1) Y: Pause Relocate Start 0,043ms
[4,493s][debug][gc,reloc       ] Desynchronize all workers _nworkers: 0 _nsynchronized: 0
[4,493s][debug][gc,reloc       ] Desynchronize all workers _nworkers: 1 _nsynchronized: 0
[4,493s][debug][gc,phases,start] GC(1) Y: Concurrent Relocate
[4,493s][debug][gc,task        ] GC(1) Y: Executing ZRelocateStoreBufferInstallBasePointersTask using ZWorkerYoung with 1 workers
[4,493s][debug][gc,task        ] GC(1) Y: Executing ZRelocateTask using ZWorkerYoung with 1 workers
[4,494s][debug][gc,nmethod     ] Register NMethod: io.brackit.query.compiler.parser.Tokenizer.laSymSkipWS (0x000074b193f1a708) [0x000074b193f1a800, 0x000074b193f1a9f0] Compiler: c1, Barriers: 0, Oops: 1, ImmediateOops: 0, NonImmediateOops: No
[4,495s][debug][gc,nmethod     ] Register NMethod: io.brackit.query.compiler.parser.Tokenizer.attemptSkipWS (0x000074b193f1aa08) [0x000074b193f1ab00, 0x000074b193f1aea0] Compiler: c1, Barriers: 0, Oops: 1, ImmediateOops: 0, NonImmediateOops: No
[4,495s][debug][gc,nmethod     ] Register NMethod: io.brackit.query.compiler.parser.Tokenizer.attemptSymSkipWS (0x000074b193f1af08) [0x000074b193f1b000, 0x000074b193f1b448] Compiler: c1, Barriers: 0, Oops: 1, ImmediateOops: 0, NonImmediateOops: No
[4,497s][debug][gc,nmethod     ] Register NMethod: java.lang.StringConcatHelper.newArrayWithSuffix (0x000074b1b2d14888) [0x000074b1b2d14980, 0x000074b1b2d14d88] Compiler: jvmci, Barriers: 1, Oops: 0, ImmediateOops: 0, NonImmediateOops: No
[4,500s][debug][gc,nmethod     ] Register NMethod: java.util.concurrent.CompletableFuture.<init> (0x000074b193f1b488) [0x000074b193f1b580, 0x000074b193f1b6d8] Compiler: c1, Barriers: 0, Oops: 0, ImmediateOops: 0, NonImmediateOops: No
[4,501s][debug][gc,nmethod     ] Register NMethod: java.util.concurrent.ThreadLocalRandom.getProbe (0x000074b193f1b788) [0x000074b193f1b880, 0x000074b193f1ba20] Compiler: c1, Barriers: 1, Oops: 1, ImmediateOops: 1, NonImmediateOops: No
[4,501s][debug][gc,reloc       ] GC(1) Y: Leaving workers: left: 0 _synchronize: 0 _nsynchronized: 0
[4,501s][debug][gc,phases,start] GC(1) Y: Concurrent Relocate Remset FP
[4,501s][debug][gc,task        ] GC(1) Y: Executing ZRelocateAddRemsetForFlipPromoted using ZWorkerYoung with 1 workers
[4,502s][debug][gc,phases      ] GC(1) Y: Concurrent Relocate Remset FP 0,206ms
[4,502s][info ][gc,phases      ] GC(1) Y: Concurrent Relocate 8,959ms
[4,502s][debug][gc,heap        ] GC(1) Y: Heap After GC invocations=2 (full 2):
[4,502s][debug][gc,heap        ] GC(1) Y:  ZHeap           used 106M, capacity 5120M, max capacity 12288M
[4,502s][debug][gc,heap        ] GC(1) Y:   Cache          5014M (8)
[4,502s][debug][gc,heap        ] GC(1) Y:    size classes  2M (2), 8M (1), 16M (1), 32M (3), 4G (1)
[4,502s][debug][gc,metaspace   ] GC(1) Y: Metaspace After GC invocations=2 (full 2):
[4,502s][debug][gc,metaspace   ] GC(1) Y:  Metaspace       used 37681K, committed 38080K, reserved 1114112K
[4,502s][debug][gc,metaspace   ] GC(1) Y:   class space    used 3386K, committed 3520K, reserved 1048576K
[4,502s][debug][gc,nmethod     ] Register NMethod: com.github.benmanes.caffeine.cache.AbstractLinkedDeque.offerLast (0x000074b193f1ba88) [0x000074b193f1bb80, 0x000074b193f1c5f8] Compiler: c1, Barriers: 0, Oops: 1, ImmediateOops: 0, NonImmediateOops: No
[4,502s][info ][gc,alloc       ] GC(1) Y:                         Mark Start        Mark End      Relocate Start    Relocate End   
[4,502s][info ][gc,alloc       ] GC(1) Y: Allocation Stalls:          0                0                0                0         
[4,502s][info ][gc,load        ] GC(1) Y: Load: 5,30 (27%) / 2,70 (13%) / 1,91 (10%)
[4,502s][info ][gc,mmu         ] GC(1) Y: MMU: 2ms/92,6%, 5ms/97,0%, 10ms/98,5%, 20ms/99,2%, 50ms/99,5%, 100ms/99,7%
[4,502s][info ][gc,marking     ] GC(1) Y: Mark: 1 stripe(s), 2 proactive flush(es), 1 terminate flush(es), 0 completion(s), 0 continuation(s) 
[4,502s][info ][gc,nmethod     ] GC(1) Y: NMethods: 4096 registered, 0 unregistered
[4,502s][info ][gc,metaspace   ] GC(1) Y: Metaspace: 36M used, 37M committed, 1088M reserved
[4,502s][info ][gc,reloc       ] GC(1) Y:                        Candidates     Selected     In-Place         Size        Empty    Relocated 
[4,502s][info ][gc,reloc       ] GC(1) Y: Small Pages:                   83           70            0         166M           8M           6M 
[4,502s][info ][gc,reloc       ] GC(1) Y: Medium Pages:                   2            1            0          64M           0M           7M 
[4,502s][info ][gc,reloc       ] GC(1) Y: Large Pages:                    0            0            0           0M           0M           0M 
[4,502s][info ][gc,reloc       ] GC(1) Y: Forwarding Usage: 1M
[4,502s][info ][gc,reloc       ] GC(1) Y: Age Table:
[4,502s][info ][gc,reloc       ] GC(1) Y:                    Live             Garbage             Small              Medium             Large        
[4,502s][info ][gc,reloc       ] GC(1) Y: Eden              13M (0%)          170M (1%)          76 / 69             1 / 1              0 / 0        
[4,502s][info ][gc,reloc       ] GC(1) Y: Survivor 1        11M (0%)           34M (0%)           7 / 1              1 / 0              0 / 0        
[4,502s][info ][gc,heap        ] GC(1) Y: Min Capacity: 5120M(42%)
[4,502s][info ][gc,heap        ] GC(1) Y: Max Capacity: 12288M(100%)
[4,502s][info ][gc,heap        ] GC(1) Y: Soft Max Capacity: 12288M(100%)
[4,502s][info ][gc,heap        ] GC(1) Y: Heap Statistics:
[4,502s][info ][gc,heap        ] GC(1) Y:                Mark Start          Mark End        Relocate Start      Relocate End           High               Low         
[4,502s][info ][gc,heap        ] GC(1) Y:  Capacity:     5120M (42%)        5120M (42%)        5120M (42%)        5120M (42%)        5120M (42%)        5120M (42%)    
[4,502s][info ][gc,heap        ] GC(1) Y:      Free:    12058M (98%)       12044M (98%)       12052M (98%)       12182M (99%)       12182M (99%)       12014M (98%)    
[4,502s][info ][gc,heap        ] GC(1) Y:      Used:      230M (2%)          244M (2%)          236M (2%)          106M (1%)          274M (2%)          106M (1%)     
[4,502s][info ][gc,heap        ] GC(1) Y: Young Generation Statistics:
[4,502s][info ][gc,heap        ] GC(1) Y:                Mark Start          Mark End        Relocate Start      Relocate End    
[4,502s][info ][gc,heap        ] GC(1) Y:      Used:      230M (2%)          244M (2%)          236M (2%)          106M (1%)     
[4,502s][info ][gc,heap        ] GC(1) Y:      Live:         -                24M (0%)           24M (0%)           24M (0%)     
[4,502s][info ][gc,heap        ] GC(1) Y:   Garbage:         -               205M (2%)          197M (2%)            1M (0%)     
[4,502s][info ][gc,heap        ] GC(1) Y: Allocated:         -                14M (0%)           14M (0%)           79M (1%)     
[4,502s][info ][gc,heap        ] GC(1) Y: Reclaimed:         -                  -                 8M (0%)          203M (2%)     
[4,502s][info ][gc,heap        ] GC(1) Y:  Promoted:         -                  -                 0M (0%)            0M (0%)     
[4,502s][info ][gc,heap        ] GC(1) Y: Compacted:         -                  -                  -                16M (0%)     
[4,502s][info ][gc,phases      ] GC(1) Y: Young Generation 230M(2%)->106M(1%) 0,047s
[4,502s][debug][gc,heap        ] GC(1) O: Heap Before GC invocations=2 (full 2):
[4,502s][debug][gc,heap        ] GC(1) O:  ZHeap           used 106M, capacity 5120M, max capacity 12288M
[4,502s][debug][gc,heap        ] GC(1) O:   Cache          5014M (8)
[4,502s][debug][gc,heap        ] GC(1) O:    size classes  2M (2), 8M (1), 16M (1), 32M (3), 4G (1)
[4,502s][debug][gc,metaspace   ] GC(1) O: Metaspace Before GC invocations=2 (full 2):
[4,502s][debug][gc,metaspace   ] GC(1) O:  Metaspace       used 37689K, committed 38080K, reserved 1114112K
[4,502s][debug][gc,metaspace   ] GC(1) O:   class space    used 3387K, committed 3520K, reserved 1048576K
[4,502s][info ][gc,phases      ] GC(1) O: Old Generation
[4,502s][debug][gc,phases,start] GC(1) O: Concurrent Mark
[4,502s][debug][gc,phases,start] GC(1) O: Concurrent Mark Roots
[4,502s][debug][gc,task        ] GC(1) O: Executing ZMarkOldRootsTask using ZWorkerOld with 1 workers
[4,503s][debug][gc,tlab        ] GC(1) O: TLAB totals: thrds: 5  refills: 17 max: 13 slow allocs: 7 max 7 waste: 21,5% gc: 838656B max: 262104B slow: 24576B max: 24576B
[4,503s][debug][gc,phases      ] GC(1) O: Concurrent Mark Roots 0,588ms
[4,503s][debug][gc,phases,start] GC(1) O: Concurrent Mark Follow
[4,503s][debug][gc,marking     ] GC(1) O: Using 1 mark stripes
[4,503s][debug][gc,task        ] GC(1) O: Executing ZMarkTask using ZWorkerOld with 1 workers
[4,504s][debug][gc,phases      ] GC(1) O: Concurrent Mark Follow 0,561ms
[4,504s][info ][gc,phases      ] GC(1) O: Concurrent Mark 1,212ms
[4,504s][debug][gc,reloc       ] Synchronize all workers 1 _nworkers: 0 _nsynchronized: 0
[4,504s][debug][gc,reloc       ] Synchronize all workers 1 _nworkers: 0 _nsynchronized: 0
[4,504s][debug][gc,phases,start] GC(1) O: Pause Mark End
[4,504s][info ][gc,phases      ] GC(1) O: Pause Mark End 0,037ms
[4,504s][debug][gc,reloc       ] Desynchronize all workers _nworkers: 0 _nsynchronized: 0
[4,504s][debug][gc,reloc       ] Desynchronize all workers _nworkers: 0 _nsynchronized: 0
[4,504s][debug][gc,phases,start] GC(1) O: Concurrent Mark Free
[4,504s][info ][gc,phases      ] GC(1) O: Concurrent Mark Free 0,018ms
[4,504s][debug][gc,phases,start] GC(1) O: Concurrent Process Non-Strong
[4,504s][debug][gc,phases,start] GC(1) O: Concurrent References Process
[4,504s][debug][gc,task        ] GC(1) O: Executing ZReferenceProcessorTask using ZWorkerOld with 1 workers
[4,504s][debug][gc,phases      ] GC(1) O: Concurrent References Process 0,176ms
[4,504s][debug][gc,task        ] GC(1) O: Executing ZProcessWeakRootsTask using ZWorkerOld with 1 workers
[4,506s][debug][gc,nmethod     ] Register NMethod: cn.danielw.fop.PoolConfig.getShutdownWaitMilliseconds (0x000074b1b2d14e08) [0x000074b1b2d14f00, 0x000074b1b2d14fc0] Compiler: c1, Barriers: 0, Oops: 1, ImmediateOops: 0, NonImmediateOops: No
[4,506s][debug][gc,phases,start] GC(1) O: Concurrent Classes Unlink
[4,506s][debug][gc,phases,start] GC(1) O: ClassLoaderData
[4,506s][debug][gc,phases      ] GC(1) O: ClassLoaderData 0,047ms
[4,506s][debug][gc,phases,start] GC(1) O: Trigger cleanups
[4,506s][debug][gc,phases      ] GC(1) O: Trigger cleanups 0,012ms
[4,506s][debug][gc,task        ] GC(1) O: Executing ZNMethodUnlinkTask using ZWorkerOld with 1 workers
[4,506s][debug][gc,nmethod     ] GC(1) O: Unregister NMethod: java.lang.Character.charCount (0x000074b1936a7a88) [0x000074b1936a7b80, 0x000074b1936a7cd0] 
[4,506s][debug][gc,nmethod     ] Register NMethod: java.util.concurrent.ArrayBlockingQueue.poll (0x000074b193f1c608) [0x000074b193f1c700, 0x000074b193f1e020] Compiler: c1, Barriers: 6, Oops: 0, ImmediateOops: 0, NonImmediateOops: No
[4,506s][debug][gc,nmethod     ] GC(1) O: Unregister NMethod: java.lang.String.regionMatches (0x000074b1934c3688) [0x000074b1934c3780, 0x000074b1934c4b78] 
[4,506s][debug][gc,nmethod     ] GC(1) O: Unregister NMethod: java.util.zip.Inflater.ensureOpen (0x000074b1934c2e88) [0x000074b1934c2f80, 0x000074b1934c3208] 
[4,506s][debug][gc,nmethod     ] GC(1) O: Unregister NMethod: java.util.regex.Pattern$$Lambda/0x0000000061110720.is (0x000074b19392b808) [0x000074b19392b900, 0x000074b19392ba60] 
[4,507s][debug][gc,nmethod     ] GC(1) O: Unregister NMethod: java.lang.invoke.TypeConvertingMethodAdapter.convertType (0x000074b1937a0088) [0x000074b1937a0180, 0x000074b1937a8668] 
[4,507s][debug][gc,nmethod     ] GC(1) O: Unregister NMethod: java.lang.classfile.CodeBuilder.invoke (0x000074b1937a9488) [0x000074b1937a9580, 0x000074b1937a9d18] 
[4,507s][debug][gc,nmethod     ] GC(1) O: Unregister NMethod: sun.invoke.util.VerifyAccess.ensureTypeVisible (0x000074b1934f3088) [0x000074b1934f3180, 0x000074b1934f4310] 
[4,507s][debug][gc,nmethod     ] GC(1) O: Unregister NMethod: java.nio.ByteBuffer.position (0x000074b1937ef808) [0x000074b1937ef900, 0x000074b1937efa48] 
[4,507s][debug][gc,nmethod     ] GC(1) O: Unregister NMethod: jdk.internal.classfile.impl.StackMapGenerator$Type.referenceType (0x000074b19355ea08) [0x000074b19355eb00, 0x000074b19355edd0] 
[4,507s][debug][gc,nmethod     ] GC(1) O: Unregister NMethod: java.util.ArrayList$Itr.hasNext (0x000074b19356e808) [0x000074b19356e900, 0x000074b19356ea90] 
[4,507s][debug][gc,nmethod     ] GC(1) O: Unregister NMethod: java.util.Collections$SetFromMap.remove (0x000074b1934cd708) [0x000074b1934cd800, 0x000074b1934cdb90] 
[4,507s][debug][gc,nmethod     ] GC(1) O: Unregister NMethod: jdk.internal.util.Preconditions.checkFromIndexSize (0x000074b193452308) [0x000074b193452400, 0x000074b193452598] 
[4,507s][debug][gc,nmethod     ] GC(1) O: Unregister NMethod: jdk.internal.classfile.impl.BufWriterImpl.writeU1U2U2 (0x000074b193505708) [0x000074b193505800, 0x000074b193505cf8] 
[4,507s][debug][gc,nmethod     ] GC(1) O: Unregister NMethod: java.util.ArrayList.get (0x000074b193479608) [0x000074b193479700, 0x000074b1934799a8] 
[4,507s][debug][gc,nmethod     ] GC(1) O: Unregister NMethod: jdk.internal.misc.Unsafe.checkNativeAddress (0x000074b1939adc88) [0x000074b1939add80, 0x000074b1939ade90] 
[4,507s][debug][gc,nmethod     ] GC(1) O: Unregister NMethod: java.lang.invoke.MethodTypeForm.canonicalize (0x000074b19344a908) [0x000074b19344aa00, 0x000074b19344b658] 
[4,507s][debug][gc,nmethod     ] GC(1) O: Unregister NMethod: jdk.internal.misc.Unsafe.copyMemory (0x000074b193484688) [0x000074b193484780, 0x000074b193485d40] 
[4,507s][debug][gc,nmethod     ] GC(1) O: Unregister NMethod: jdk.internal.misc.Unsafe.weakCompareAndSetInt (0x000074b193507a08) [0x000074b193507b00, 0x000074b193507c18] 
[4,507s][debug][gc,nmethod     ] GC(1) O: Unregister NMethod: jdk.internal.misc.Unsafe.getLongUnaligned (0x000074b193b65208) [0x000074b193b65300, 0x000074b193b654e0] 
[4,507s][debug][gc,nmethod     ] GC(1) O: Unregister NMethod: java.net.URL.set (0x000074b1935b9388) [0x000074b1935b9480, 0x000074b1935ba978] 
[4,507s][debug][gc,nmethod     ] GC(1) O: Unregister NMethod: jdk.internal.classfile.impl.TerminalCodeBuilder.setupTopLocal (0x000074b1936bee88) [0x000074b1936bef80, 0x000074b1936c1508] 
[4,507s][debug][gc,nmethod     ] GC(1) O: Unregister NMethod: java.io.UnixFileSystem.normalize (0x000074b19351dc88) [0x000074b19351dd80, 0x000074b19351f378] 
[4,507s][debug][gc,nmethod     ] GC(1) O: Unregister NMethod: java.util.WeakHashMap.hash (0x000074b19348ac88) [0x000074b19348ad80, 0x000074b19348b0a8] 
[4,507s][debug][gc,nmethod     ] GC(1) O: Unregister NMethod: java.lang.StringConcatHelper.prepend (0x000074b1934ea988) [0x000074b1934eaa80, 0x000074b1934ec1d0] 
[4,507s][debug][gc,nmethod     ] GC(1) O: Unregister NMethod: net.jpountz.lz4.LZ4BlockOutputStream.writeIntLE (0x000074b1939d4088) [0x000074b1939d4180, 0x000074b1939d4308] 
[4,507s][debug][gc,nmethod     ] GC(1) O: Unregister NMethod: io.sirix.page.KeyValueLeafPage.processEntries (0x000074b193ae6b08) [0x000074b193ae6c00, 0x000074b193afb478] 
[4,507s][debug][gc,nmethod     ] GC(1) O: Unregister NMethod: io.sirix.access.trx.page.NodePageReadOnlyTrx.assertNotClosed (0x000074b1939d0688) [0x000074b1939d0780, 0x000074b1939d0998] 
[4,507s][debug][gc,nmethod     ] GC(1) O: Unregister NMethod: java.lang.String.<init> (0x000074b1b2c52c88) [0x000074b1b2c52d80, 0x000074b1b2c53160] 
[4,507s][debug][gc,nmethod     ] GC(1) O: Unregister NMethod: jdk.internal.util.ArraysSupport.mismatch (0x000074b193428d88) [0x000074b193428e80, 0x000074b193429260] 
[4,507s][debug][gc,nmethod     ] GC(1) O: Unregister NMethod: io.sirix.node.GrowingMemorySegment.writeByte (0x000074b19399d588) [0x000074b19399d680, 0x000074b1939a12a0] 
[4,507s][debug][gc,nmethod     ] GC(1) O: Unregister NMethod: java.io.BufferedInputStream.read (0x000074b19360e408) [0x000074b19360e500, 0x000074b19360f038] 
[4,507s][debug][gc,nmethod     ] GC(1) O: Unregister NMethod: java.lang.Class.isInterface (0x000074b193516408) [0x000074b193516500, 0x000074b1935166b8] 
[4,507s][debug][gc,nmethod     ] GC(1) O: Unregister NMethod: java.io.BufferedInputStream.read1 (0x000074b19360f088) [0x000074b19360f180, 0x000074b19360fa50] 
[4,508s][debug][gc,nmethod     ] GC(1) O: Unregister NMethod: java.lang.invoke.MemberName.getMethodType (0x000074b19346ad88) [0x000074b19346ae80, 0x000074b19346d378] 
[4,508s][debug][gc,nmethod     ] GC(1) O: Unregister NMethod: java.nio.channels.spi.AbstractInterruptibleChannel.begin (0x000074b193b4dd88) [0x000074b193b4de80, 0x000074b193b4ecb8] 
[4,508s][debug][gc,nmethod     ] GC(1) O: Unregister NMethod: java.lang.invoke.InnerClassLambdaMetafactory$6.accept (0x000074b1938e8a08) [0x000074b1938e8b00, 0x000074b1938eee18] 
[4,508s][debug][gc,nmethod     ] GC(1) O: Unregister NMethod: java.lang.Class.cast (0x000074b193558488) [0x000074b193558580, 0x000074b1935589d8] 
[4,508s][debug][gc,nmethod     ] GC(1) O: Unregister NMethod: java.lang.System$1.blockedOn (0x000074b193a19f08) [0x000074b193a1a000, 0x000074b193a1a5a0] 
[4,508s][debug][gc,nmethod     ] GC(1) O: Unregister NMethod: java.lang.classfile.CodeBuilder.loadConstant (0x000074b19382ea88) [0x000074b19382eb80, 0x000074b193831b58] 
[4,508s][debug][gc,nmethod     ] GC(1) O: Unregister NMethod: java.nio.charset.CoderResult.isUnderflow (0x000074b1937c9a88) [0x000074b1937c9b80, 0x000074b1937c9cd0] 
[4,508s][debug][gc,nmethod     ] GC(1) O: Unregister NMethod: jdk.internal.classfile.impl.Util.isDoubleSlot (0x000074b1b2c70d08) [0x000074b1b2c70e00, 0x000074b1b2c70eb8] 
[4,508s][debug][gc,nmethod     ] GC(1) O: Unregister NMethod: io.sirix.access.trx.page.NodePageReadOnlyTrx.getCurrentMaxIndirectPageTreeLevel (0x000074b193ce6d08) [0x000074b193ce6e00, 0x000074b193cee5d8] 
[4,508s][debug][gc,nmethod     ] GC(1) O: Unregister NMethod: java.util.Objects.equals (0x000074b193948408) [0x000074b193948500, 0x000074b193948888] 
[4,508s][debug][gc,nmethod     ] GC(1) O: Unregister NMethod: jdk.internal.classfile.impl.SplitConstantPool.maybeCloneUtf8Entry (0x000074b1b2c7e608) [0x000074b1b2c7e700, 0x000074b1b2c7ec40] 
[4,508s][debug][gc,nmethod     ] GC(1) O: Unregister NMethod: jdk.internal.classfile.impl.SplitConstantPool.maybeCloneUtf8Entry (0x000074b1934e8288) [0x000074b1934e8380, 0x000074b1934e9420] 
[4,508s][debug][gc,nmethod     ] GC(1) O: Unregister NMethod: java.util.AbstractCollection.<init> (0x000074b193408788) [0x000074b193408880, 0x000074b1934089d8] 
[4,508s][debug][gc,nmethod     ] GC(1) O: Unregister NMethod: java.lang.StringUTF16.compress (0x000074b193559b08) [0x000074b193559c00, 0x000074b193559e30] 
[4,508s][debug][gc,nmethod     ] GC(1) O: Unregister NMethod: sun.net.www.protocol.file.Handler.parseURL (0x000074b1936e8788) [0x000074b1936e8880, 0x000074b1936e8bf0] 
[4,508s][debug][gc,nmethod     ] GC(1) O: Unregister NMethod: java.lang.Long.bitCount (0x000074b1939f9788) [0x000074b1939f9880, 0x000074b1939f99e8] 
[4,508s][debug][gc,nmethod     ] GC(1) O: Unregister NMethod: jdk.internal.foreign.SegmentFactories.initNativeMemory (0x000074b19399b408) [0x000074b19399b500, 0x000074b19399b720] 
[4,508s][debug][gc,nmethod     ] GC(1) O: Unregister NMethod: java.lang.invoke.InvokerBytecodeGenerator.emitReferenceCast (0x000074b193413788) [0x000074b193413880, 0x000074b193416bd0] 
[4,508s][debug][gc,nmethod     ] GC(1) O: Unregister NMethod: jdk.internal.classfile.impl.AbstractPoolEntry$AbstractRefsEntry.<init> (0x000074b1934fb988) [0x000074b1934fba80, 0x000074b1934fc280] 
[4,508s][debug][gc,nmethod     ] GC(1) O: Unregister NMethod: java.util.concurrent.ConcurrentHashMap.putIfAbsent (0x000074b193417888) [0x000074b193417980, 0x000074b193417c80] 
[4,508s][debug][gc,nmethod     ] GC(1) O: Unregister NMethod: java.util.stream.Sink.begin (0x000074b193875488) [0x000074b193875580, 0x000074b193875680] 
[4,508s][debug][gc,nmethod     ] GC(1) O: Unregister NMethod: io.sirix.page.PageKind$1.serializePage (0x000074b193a8f288) [0x000074b193a8f380, 0x000074b193a9cbe8] 
[4,508s][debug][gc,nmethod     ] GC(1) O: Unregister NMethod: java.nio.ByteOrder.nativeOrder (0x000074b193523d88) [0x000074b193523e80, 0x000074b193523f68] 
[4,509s][debug][gc,nmethod     ] GC(1) O: Unregister NMethod: jdk.internal.classfile.impl.AttributeHolder.writeTo (0x000074b193516a08) [0x000074b193516b00, 0x000074b193517300] 
[4,509s][debug][gc,nmethod     ] GC(1) O: Unregister NMethod: jdk.internal.loader.URLClassPath$JarLoader$1.getCodeSourceURL (0x000074b1935e1508) [0x000074b1935e1600, 0x000074b1935e1768] 
[4,509s][debug][gc,nmethod     ] GC(1) O: Unregister NMethod: com.google.gson.stream.JsonWriter.beforeValue (0x000074b193ac3d08) [0x000074b193ac3e00, 0x000074b193ac4cf0] 
[4,509s][debug][gc,nmethod     ] GC(1) O: Unregister NMethod: io.sirix.page.KeyValueLeafPage.getNumberOfNonNullEntries (0x000074b193cdee88) [0x000074b193cdef80, 0x000074b193cdf530] 
[4,509s][debug][gc,nmethod     ] GC(1) O: Unregister NMethod: java.util.jar.JarFile.maybeInstantiateVerifier (0x000074b1934d6e08) [0x000074b1934d6f00, 0x000074b1934d73d0] 
[4,509s][debug][gc,nmethod     ] GC(1) O: Unregister NMethod: java.lang.Class.getPackageName (0x000074b19348c608) [0x000074b19348c700, 0x000074b19348e908] 
[4,509s][debug][gc,nmethod     ] GC(1) O: Unregister NMethod: java.io.BufferedInputStream.getBufIfOpen (0x000074b19360d308) [0x000074b19360d400, 0x000074b19360d818] 
[4,509s][debug][gc,nmethod     ] GC(1) O: Unregister NMethod: java.lang.String.startsWith (0x000074b193410c08) [0x000074b193410d00, 0x000074b193410ff8] 
[4,509s][debug][gc,nmethod     ] GC(1) O: Unregister NMethod: java.lang.invoke.MethodType.methodType (0x000074b1b2c98308) [0x000074b1b2c98400, 0x000074b1b2c991f0] 
[4,509s][debug][gc,nmethod     ] GC(1) O: Unregister NMethod: io.sirix.page.KeyValueLeafPage.getNumberOfNonNullEntries (0x000074b193cdf588) [0x000074b193cdf680, 0x000074b193cdfba0] 
[4,509s][debug][gc,nmethod     ] GC(1) O: Unregister NMethod: jdk.internal.access.SharedSecrets.getJavaLangAccess (0x000074b19360bc08) [0x000074b19360bd00, 0x000074b19360be28] 
[4,509s][debug][gc,nmethod     ] GC(1) O: Unregister NMethod: jdk.internal.misc.Unsafe.putLongUnaligned (0x000074b19341c388) [0x000074b19341c480, 0x000074b19341c8b8] 
[4,509s][debug][gc,nmethod     ] GC(1) O: Unregister NMethod: jdk.internal.misc.Unsafe.getIntUnaligned (0x000074b193532d08) [0x000074b193532e00, 0x000074b193533048] 
[4,509s][debug][gc,nmethod     ] GC(1) O: Unregister NMethod: jdk.internal.classfile.impl.AbstractPoolEntry$ClassEntryImpl.hashCode (0x000074b1934f1d88) [0x000074b1934f1e80, 0x000074b1934f2d78] 
[4,509s][debug][gc,nmethod     ] GC(1) O: Unregister NMethod: io.sirix.page.KeyValueLeafPage.isSlotSet (0x000074b19342d208) [0x000074b19342d300, 0x000074b19342d4a8] 
[4,509s][debug][gc,nmethod     ] GC(1) O: Unregister NMethod: jdk.internal.classfile.impl.StackMapGenerator.processBlock (0x000074b1b2ce4e08) [0x000074b1b2ce4f00, 0x000074b1b2ce6ed0] 
[4,509s][debug][gc,nmethod     ] GC(1) O: Unregister NMethod: java.lang.invoke.DirectMethodHandle.constructorMethod (0x000074b1935ae988) [0x000074b1935aea80, 0x000074b1935aeda0] 
[4,509s][debug][gc,nmethod     ] Register NMethod: java.io.UnixFileSystem.list0 (0x000074b1b2d15108) [0x000074b1b2d15200, 0x000074b1b2d15530] Compiler: , Barriers: 0, Oops: 0, ImmediateOops: 0, NonImmediateOops: No
[4,509s][debug][gc,nmethod     ] GC(1) O: Unregister NMethod: java.lang.StringLatin1.inflate (0x000074b19347f788) [0x000074b19347f880, 0x000074b19347fa70] 
[4,509s][debug][gc,nmethod     ] GC(1) O: Unregister NMethod: java.lang.invoke.VarHandleGuards.guard_LI_I (0x000074b19357b508) [0x000074b19357b600, 0x000074b19357e4d8] 
[4,509s][debug][gc,nmethod     ] GC(1) O: Unregister NMethod: java.nio.Bits.reserveMemory (0x000074b193b2d388) [0x000074b193b2d480, 0x000074b193b303c0] 
[4,509s][debug][gc,nmethod     ] GC(1) O: Unregister NMethod: io.sirix.page.KeyValueLeafPage.alignOffset (0x000074b1939b5c08) [0x000074b1939b5d00, 0x000074b1939b5de8] 
[4,509s][debug][gc,nmethod     ] GC(1) O: Unregister NMethod: jdk.internal.foreign.Utils$BaseAndScale$$TypeSwitch/0x0000000061224a88.typeSwitch (0x000074b1939c8388) [0x000074b1939c8480, 0x000074b1939c97a8] 
[4,509s][debug][gc,nmethod     ] GC(1) O: Unregister NMethod: jdk.internal.foreign.SegmentFactories.initNativeMemory (0x000074b19399b788) [0x000074b19399b880, 0x000074b19399ba20] 
[4,509s][debug][gc,nmethod     ] GC(1) O: Unregister NMethod: java.nio.Buffer.<init> (0x000074b19344b688) [0x000074b19344b780, 0x000074b19344d178] 
[4,509s][debug][gc,nmethod     ] GC(1) O: Unregister NMethod: io.sirix.api.PageReadOnlyTrx.recordPageOffset (0x000074b193b59908) [0x000074b193b59a00, 0x000074b193b59af8] 
[4,509s][debug][gc,nmethod     ] Register NMethod: kotlin.io.FileTreeWalk.access$getDirection$p (0x000074b1b2d15588) [0x000074b1b2d15680, 0x000074b1b2d15750] Compiler: c1, Barriers: 1, Oops: 1, ImmediateOops: 0, NonImmediateOops: No
[4,509s][debug][gc,nmethod     ] GC(1) O: Unregister NMethod: sun.nio.fs.UnixPath.normalizeAndCheck (0x000074b193527f88) [0x000074b193528080, 0x000074b193529378] 
[4,509s][debug][gc,nmethod     ] GC(1) O: Unregister NMethod: jdk.internal.classfile.impl.Util.methodTypeSymbol (0x000074b1934f7b08) [0x000074b1934f7c00, 0x000074b1934f8ac0] 
[4,510s][debug][gc,nmethod     ] GC(1) O: Unregister NMethod: java.lang.ref.SoftReference.get (0x000074b1b2c77f88) [0x000074b1b2c78080, 0x000074b1b2c781a0] 
[4,510s][debug][gc,nmethod     ] GC(1) O: Unregister NMethod: jdk.internal.classfile.impl.AbstractPoolEntry.hash2 (0x000074b19347db88) [0x000074b19347dc80, 0x000074b19347dd80] 
[4,510s][debug][gc,nmethod     ] GC(1) O: Unregister NMethod: sun.security.provider.SHA2.implCompress0 (0x000074b1939fd508) [0x000074b1939fd600, 0x000074b1939fe2b0] 
[4,510s][debug][gc,nmethod     ] GC(1) O: Unregister NMethod: java.nio.Buffer.limit (0x000074b193905688) [0x000074b193905780, 0x000074b1939059f0] 
[4,510s][debug][gc,nmethod     ] GC(1) O: Unregister NMethod: sun.net.util.IPAddressUtil.checkHostString (0x000074b1934d4788) [0x000074b1934d4880, 0x000074b1934d4a80] 
[4,510s][debug][gc,nmethod     ] GC(1) O: Unregister NMethod: jdk.internal.util.ArraysSupport.mismatch (0x000074b1b2c42308) [0x000074b1b2c42400, 0x000074b1b2c42690] 
[4,510s][debug][gc,nmethod     ] GC(1) O: Unregister NMethod: java.util.LinkedHashMap$LinkedHashIterator.<init> (0x000074b1937e6108) [0x000074b1937e6200, 0x000074b1937e66d8] 
[4,510s][debug][gc,nmethod     ] GC(1) O: Unregister NMethod: java.lang.invoke.MemberName.initResolved (0x000074b193468d08) [0x000074b193468e00, 0x000074b193468fc0] 
[4,510s][debug][gc,nmethod     ] GC(1) O: Unregister NMethod: io.sirix.page.PageKind$1.serializePage (0x000074b193a22708) [0x000074b193a22800, 0x000074b193a30550] 
[4,510s][debug][gc,nmethod     ] GC(1) O: Unregister NMethod: java.util.ImmutableCollections$ListN.get (0x000074b193407588) [0x000074b193407680, 0x000074b193407808] 
[4,510s][debug][gc,nmethod     ] GC(1) O: Unregister NMethod: java.lang.classfile.CodeBuilder.exceptionCatch (0x000074b1937cb708) [0x000074b1937cb800, 0x000074b1937cbdd8] 
[4,510s][debug][gc,nmethod     ] GC(1) O: Unregister NMethod: sun.reflect.annotation.AnnotationInvocationHandler.invoke (0x000074b1b2c65a88) [0x000074b1b2c65b80, 0x000074b1b2c66260] 
[4,510s][debug][gc,nmethod     ] GC(1) O: Unregister NMethod: java.lang.String.startsWith (0x000074b1b2c44008) [0x000074b1b2c44100, 0x000074b1b2c44418] 
[4,510s][debug][gc,nmethod     ] Register NMethod: kotlin.io.FileTreeWalk.access$getMaxDepth$p (0x000074b1b2d15888) [0x000074b1b2d15980, 0x000074b1b2d15a20] Compiler: c1, Barriers: 0, Oops: 1, ImmediateOops: 0, NonImmediateOops: No
[4,510s][debug][gc,nmethod     ] GC(1) O: Unregister NMethod: java.nio.ByteBuffer.arrayOffset (0x000074b1935a5988) [0x000074b1935a5a80, 0x000074b1935a5d60] 
[4,510s][debug][gc,nmethod     ] GC(1) O: Unregister NMethod: jdk.internal.foreign.Utils$BaseAndScale.of (0x000074b1939c9b08) [0x000074b1939c9c00, 0x000074b1939cb218] 
[4,510s][debug][gc,nmethod     ] GC(1) O: Unregister NMethod: java.lang.String.<init> (0x000074b193405b08) [0x000074b193405c00, 0x000074b1934067c0] 
[4,510s][debug][gc,nmethod     ] GC(1) O: Unregister NMethod: jdk.internal.classfile.impl.SplitConstantPool.tryFindClassOrInterface (0x000074b193512908) [0x000074b193512a00, 0x000074b1935155b8] 
[4,510s][debug][gc,nmethod     ] GC(1) O: Unregister NMethod: java.lang.invoke.InvokerBytecodeGenerator.emitPushArgument (0x000074b193693a08) [0x000074b193693b00, 0x000074b1936966c8] 
[4,510s][debug][gc,nmethod     ] GC(1) O: Unregister NMethod: java.lang.Class.descriptorString (0x000074b1934fc288) [0x000074b1934fc380, 0x000074b193503f10] 
[4,510s][debug][gc,nmethod     ] GC(1) O: Unregister NMethod: java.io.File.<init> (0x000074b19371a688) [0x000074b19371a780, 0x000074b19371b648] 
[4,510s][debug][gc,nmethod     ] GC(1) O: Unregister NMethod: java.lang.String.indexOf (0x000074b193594a08) [0x000074b193594b00, 0x000074b193595320] 
[4,510s][debug][gc,nmethod     ] GC(1) O: Unregister NMethod: java.util.concurrent.locks.AbstractQueuedSynchronizer.compareAndSetState (0x000074b1939c9808) [0x000074b1939c9900, 0x000074b1939c9a18] 
[4,510s][debug][gc,nmethod     ] GC(1) O: Unregister NMethod: java.util.jar.JarFile.getVersionedEntry (0x000074b1936d7288) [0x000074b1936d7380, 0x000074b1936d8eb0] 
[4,510s][debug][gc,nmethod     ] GC(1) O: Unregister NMethod: jdk.internal.classfile.impl.DirectCodeBuilder.parameterSlot (0x000074b1937e9508) [0x000074b1937e9600, 0x000074b1937e97b8] 
[4,511s][debug][gc,nmethod     ] GC(1) O: Unregister NMethod: jdk.internal.foreign.AbstractMemorySegmentImpl.isAlignedForElement (0x000074b1937d6288) [0x000074b1937d6380, 0x000074b1937d6550] 
[4,511s][debug][gc,nmethod     ] GC(1) O: Unregister NMethod: java.lang.invoke.SegmentVarHandle.checkSegment (0x000074b193687708) [0x000074b193687800, 0x000074b19368b118] 
[4,511s][debug][gc,nmethod     ] GC(1) O: Unregister NMethod: java.lang.String.regionMatches (0x000074b1b2c29888) [0x000074b1b2c29980, 0x000074b1b2c29cc8] 
[4,511s][debug][gc,nmethod     ] GC(1) O: Unregister NMethod: java.lang.Math.max (0x000074b193506288) [0x000074b193506380, 0x000074b1935064a8] 
[4,511s][debug][gc,nmethod     ] GC(1) O: Unregister NMethod: jdk.internal.constant.ClassOrInterfaceDescImpl.ofValidated (0x000074b1934e6b88) [0x000074b1934e6c80, 0x000074b1934e6f08] 
[4,511s][debug][gc,nmethod     ] GC(1) O: Unregister NMethod: java.lang.String.startsWith (0x000074b193519a88) [0x000074b193519b80, 0x000074b19351ada0] 
[4,511s][debug][gc,nmethod     ] GC(1) O: Unregister NMethod: java.util.concurrent.atomic.AtomicLong.addAndGet (0x000074b193a8e888) [0x000074b193a8e980, 0x000074b193a8ea90] 
[4,511s][debug][gc,nmethod     ] GC(1) O: Unregister NMethod: jdk.internal.misc.Unsafe.putLongUnaligned (0x000074b1937d6588) [0x000074b1937d6680, 0x000074b1937d6ab8] 
[4,511s][debug][gc,nmethod     ] GC(1) O: Unregister NMethod: java.lang.CharacterDataLatin1.isWhitespace (0x000074b1b2c5eb88) [0x000074b1b2c5ec80, 0x000074b1b2c5ed78] 
[4,511s][debug][gc,nmethod     ] GC(1) O: Unregister NMethod: java.net.URLStreamHandler.setURL (0x000074b1935ba988) [0x000074b1935baa80, 0x000074b1935bc6b8] 
[4,511s][debug][gc,nmethod     ] GC(1) O: Unregister NMethod: jdk.internal.classfile.impl.UnboundAttribute$AdHocAttribute.writeTo (0x000074b1936c4c88) [0x000074b1936c4d80, 0x000074b1936c67c0] 
[4,511s][debug][gc,nmethod     ] GC(1) O: Unregister NMethod: java.util.HashMap.putVal (0x000074b19347af88) [0x000074b19347b080, 0x000074b19347d410] 
[4,511s][debug][gc,nmethod     ] GC(1) O: Unregister NMethod: sun.net.util.IPAddressUtil.scan (0x000074b1934d5a88) [0x000074b1934d5b80, 0x000074b1934d6dd8] 
[4,511s][debug][gc,nmethod     ] GC(1) O: Unregister NMethod: java.lang.Integer.rotateRight (0x000074b193686808) [0x000074b193686900, 0x000074b1936869f0] 
[4,511s][debug][gc,nmethod     ] GC(1) O: Unregister NMethod: jdk.internal.misc.Unsafe.putLongUnaligned (0x000074b1b2c90088) [0x000074b1b2c90180, 0x000074b1b2c90240] 
[4,511s][debug][gc,nmethod     ] GC(1) O: Unregister NMethod: java.lang.String.startsWith (0x000074b1b2c11308) [0x000074b1b2c11400, 0x000074b1b2c116f0] 
[4,511s][debug][gc,nmethod     ] GC(1) O: Unregister NMethod: java.io.OutputStream.flush (0x000074b193a18488) [0x000074b193a18580, 0x000074b193a18680] 
[4,511s][debug][gc,nmethod     ] GC(1) O: Unregister NMethod: java.lang.String.hashCode (0x000074b193954388) [0x000074b193954480, 0x000074b193954aa8] 
[4,511s][debug][gc,nmethod     ] GC(1) O: Unregister NMethod: java.lang.invoke.InnerClassLambdaMetafactory$3.accept (0x000074b1938d9a88) [0x000074b1938d9b80, 0x000074b1938dc118] 
[4,511s][debug][gc,nmethod     ] GC(1) O: Unregister NMethod: java.lang.invoke.Invokers$Holder.linkToTargetMethod (0x000074b1935c5288) [0x000074b1935c5380, 0x000074b1935c5868] 
[4,512s][debug][gc,nmethod     ] GC(1) O: Unregister NMethod: java.lang.ref.Cleaner$1.apply (0x000074b193479a08) [0x000074b193479b00, 0x000074b193479eb0] 
[4,512s][debug][gc,nmethod     ] GC(1) O: Unregister NMethod: java.lang.Character.codePointAt (0x000074b1938f8b08) [0x000074b1938f8c00, 0x000074b1938f95d0] 
[4,512s][debug][gc,nmethod     ] GC(1) O: Unregister NMethod: java.nio.CharBuffer.position (0x000074b193622508) [0x000074b193622600, 0x000074b193622960] 
[4,512s][debug][gc,nmethod     ] GC(1) O: Unregister NMethod: jdk.internal.classfile.impl.StackMapGenerator.processBlock (0x000074b1b2c72f88) [0x000074b1b2c73080, 0x000074b1b2c75070] 
[4,512s][debug][gc,nmethod     ] GC(1) O: Unregister NMethod: java.lang.invoke.VarHandleSegmentAsLongs.get (0x000074b193c45608) [0x000074b193c45700, 0x000074b193c4aba0] 
[4,512s][debug][gc,nmethod     ] GC(1) O: Unregister NMethod: java.util.Arrays.copyOf (0x000074b19347de88) [0x000074b19347df80, 0x000074b19347e800] 
[4,512s][debug][gc,nmethod     ] GC(1) O: Unregister NMethod: jdk.internal.classfile.impl.SplitConstantPool.utf8Entry (0x000074b1934e7288) [0x000074b1934e7380, 0x000074b1934e7678] 
[4,512s][debug][gc,nmethod     ] GC(1) O: Unregister NMethod: jdk.internal.misc.Unsafe.putIntUnaligned (0x000074b193482808) [0x000074b193482900, 0x000074b193482b30] 
[4,512s][debug][gc,nmethod     ] GC(1) O: Unregister NMethod: java.util.zip.ZipFile$ZipFileInputStream.close (0x000074b1934cdc08) [0x000074b1934cdd00, 0x000074b1934ce348] 
[4,512s][debug][gc,nmethod     ] GC(1) O: Unregister NMethod: java.util.concurrent.ForkJoinPool.slotOffset (0x000074b1937d5f88) [0x000074b1937d6080, 0x000074b1937d6178] 
[4,512s][debug][gc,nmethod     ] GC(1) O: Unregister NMethod: jdk.internal.util.ReferencedKeyMap.getNoCheckStale (0x000074b193422288) [0x000074b193422380, 0x000074b193422a00] 
[4,512s][debug][gc,nmethod     ] GC(1) O: Unregister NMethod: java.util.zip.Checksum.update (0x000074b19361c888) [0x000074b19361c980, 0x000074b19361ccb8] 
[4,512s][debug][gc,nmethod     ] GC(1) O: Unregister NMethod: java.nio.CharBuffer.arrayOffset (0x000074b1935a5488) [0x000074b1935a5580, 0x000074b1935a5860] 
[4,512s][debug][gc,nmethod     ] Register NMethod: jdk.proxy3.$Proxy7.annotationType (0x000074b193f1e088) [0x000074b193f1e180, 0x000074b193f1e7e8] Compiler: c1, Barriers: 1, Oops: 1, ImmediateOops: 1, NonImmediateOops: No
[4,512s][debug][gc,nmethod     ] GC(1) O: Unregister NMethod: java.lang.Thread.onSpinWait (0x000074b1935af988) [0x000074b1935afa80, 0x000074b1935afb60] 
[4,512s][debug][gc,nmethod     ] GC(1) O: Unregister NMethod: com.google.gson.stream.JsonWriter.string (0x000074b1939ef288) [0x000074b1939ef380, 0x000074b1939f1748] 
[4,512s][debug][gc,nmethod     ] GC(1) O: Unregister NMethod: jdk.internal.misc.ScopedMemoryAccess.getByte (0x000074b1934bec88) [0x000074b1934bed80, 0x000074b1934bf098] 
[4,513s][debug][gc,nmethod     ] GC(1) O: Unregister NMethod: java.util.concurrent.atomic.AtomicLong.compareAndSet (0x000074b193a9cc88) [0x000074b193a9cd80, 0x000074b193a9cea0] 
[4,513s][debug][gc,nmethod     ] GC(1) O: Unregister NMethod: jdk.internal.misc.Unsafe.checkSize (0x000074b193486308) [0x000074b193486400, 0x000074b193486660] 
[4,513s][debug][gc,nmethod     ] GC(1) O: Unregister NMethod: io.sirix.page.KeyValueLeafPage.getSlotAsByteArray (0x000074b193471e88) [0x000074b193471f80, 0x000074b193472618] 
[4,513s][debug][gc,nmethod     ] GC(1) O: Unregister NMethod: java.net.URL.<init> (0x000074b1935bc708) [0x000074b1935bc800, 0x000074b1935c2f18] 
[4,513s][debug][gc,nmethod     ] GC(1) O: Unregister NMethod: io.sirix.page.KeyValueLeafPage.processEntries (0x000074b193b06808) [0x000074b193b06900, 0x000074b193b1b1f0] 
[4,513s][debug][gc,nmethod     ] GC(1) O: Unregister NMethod: java.lang.ref.SoftReference.get (0x000074b193566e88) [0x000074b193566f80, 0x000074b193567140] 
[4,513s][debug][gc,nmethod     ] GC(1) O: Unregister NMethod: java.lang.invoke.InvokerBytecodeGenerator.emitStoreResult (0x000074b193938408) [0x000074b193938500, 0x000074b193938bb8] 
[4,513s][debug][gc,nmethod     ] GC(1) O: Unregister NMethod: java.nio.Buffer.position (0x000074b193778c08) [0x000074b193778d00, 0x000074b193778f40] 
[4,513s][debug][gc,nmethod     ] GC(1) O: Unregister NMethod: java.lang.AbstractStringBuilder.<init> (0x000074b193812608) [0x000074b193812700, 0x000074b193813560] 
[4,513s][debug][gc,nmethod     ] GC(1) O: Unregister NMethod: jdk.internal.classfile.impl.AbstractPoolEntry$AbstractRefsEntry.writeTo (0x000074b193504c08) [0x000074b193504d00, 0x000074b1935056a0] 
[4,513s][debug][gc,nmethod     ] GC(1) O: Unregister NMethod: java.util.ArrayList.<init> (0x000074b193590b08) [0x000074b193590c00, 0x000074b193590ea0] 
[4,513s][debug][gc,nmethod     ] GC(1) O: Unregister NMethod: io.sirix.page.KeyValueLeafPage.getSlot (0x000074b193499488) [0x000074b193499580, 0x000074b1934af7a0] 
[4,513s][debug][gc,nmethod     ] GC(1) O: Unregister NMethod: jdk.internal.foreign.AbstractMemorySegmentImpl.isAlignedForElement (0x000074b19341ec88) [0x000074b19341ed80, 0x000074b19341f3c8] 
[4,513s][debug][gc,nmethod     ] GC(1) O: Unregister NMethod: java.lang.StringConcatHelper.checkOverflow (0x000074b1934d4488) [0x000074b1934d4580, 0x000074b1934d4758] 
[4,513s][debug][gc,nmethod     ] GC(1) O: Unregister NMethod: java.lang.StringBuilder.length (0x000074b19344f288) [0x000074b19344f380, 0x000074b19344f498] 
[4,513s][debug][gc,nmethod     ] GC(1) O: Unregister NMethod: jdk.internal.classfile.impl.StackMapGenerator.of (0x000074b19371b988) [0x000074b19371ba80, 0x000074b19371cff0] 
[4,513s][debug][gc,nmethod     ] GC(1) O: Unregister NMethod: java.util.Arrays.fill (0x000074b193527c88) [0x000074b193527d80, 0x000074b193527f08] 
[4,513s][debug][gc,nmethod     ] GC(1) O: Unregister NMethod: jdk.internal.classfile.impl.SplitConstantPool.findEntry (0x000074b1b2c47408) [0x000074b1b2c47520, 0x000074b1b2c47d60] 
[4,513s][debug][gc,nmethod     ] GC(1) O: Unregister NMethod: java.lang.reflect.Array.newInstance (0x000074b1935aae08) [0x000074b1935aaf00, 0x000074b1935ab010] 
[4,513s][debug][gc,nmethod     ] GC(1) O: Unregister NMethod: java.lang.invoke.InnerClassLambdaMetafactory.convertArgumentTypes (0x000074b1938be408) [0x000074b1938be500, 0x000074b1938bf7c8] 
[4,513s][debug][gc,nmethod     ] GC(1) O: Unregister NMethod: java.util.BitSet.recalculateWordsInUse (0x000074b1939d0308) [0x000074b1939d0400, 0x000074b1939d0640] 
[4,513s][debug][gc,nmethod     ] GC(1) O: Unregister NMethod: sun.net.www.ParseUtil.encodePath (0x000074b193595f88) [0x000074b193596080, 0x000074b193596268] 
[4,513s][debug][gc,nmethod     ] GC(1) O: Unregister NMethod: java.util.BitSet.set (0x000074b1935a7b88) [0x000074b1935a7c80, 0x000074b1935a8bc8] 
[4,513s][debug][gc,nmethod     ] GC(1) O: Unregister NMethod: java.lang.invoke.VarHandleGuards.guard_LJ_J (0x000074b193c3d288) [0x000074b193c3d380, 0x000074b193c40260] 
[4,513s][debug][gc,nmethod     ] GC(1) O: Unregister NMethod: jdk.internal.misc.Unsafe.convEndian (0x000074b193455b88) [0x000074b193455c80, 0x000074b193455e28] 
[4,513s][debug][gc,nmethod     ] GC(1) O: Unregister NMethod: java.nio.Buffer.session (0x000074b193485d88) [0x000074b193485e80, 0x000074b193486288] 
[4,513s][debug][gc,nmethod     ] GC(1) O: Unregister NMethod: java.util.concurrent.ConcurrentHashMap.putVal (0x000074b1936aab08) [0x000074b1936aac00, 0x000074b1936ad148] 
[4,513s][debug][gc,nmethod     ] GC(1) O: Unregister NMethod: jdk.internal.classfile.impl.Util.parameterSlots (0x000074b1b2c8f608) [0x000074b1b2c8f700, 0x000074b1b2c8f908] 
[4,513s][debug][gc,nmethod     ] Register NMethod: java.lang.reflect.AccessibleObject.setAccessible0 (0x000074b193f1e808) [0x000074b193f1e900, 0x000074b193f1ea10] Compiler: c1, Barriers: 0, Oops: 0, ImmediateOops: 0, NonImmediateOops: No
[4,513s][debug][gc,nmethod     ] GC(1) O: Unregister NMethod: java.util.WeakHashMap.expungeStaleEntries (0x000074b19348b708) [0x000074b19348b800, 0x000074b19348c598] 
[4,514s][debug][gc,nmethod     ] GC(1) O: Unregister NMethod: java.nio.HeapByteBuffer.ix (0x000074b1936f3488) [0x000074b1936f3580, 0x000074b1936f3688] 
[4,514s][debug][gc,nmethod     ] GC(1) O: Unregister NMethod: java.lang.invoke.VarHandleSegmentAsInts.get (0x000074b193a4b008) [0x000074b193a4b100, 0x000074b193a505a0] 
[4,514s][debug][gc,nmethod     ] GC(1) O: Unregister NMethod: java.lang.Object.<init> (0x000074b1b2be5d88) [0x000074b1b2be5e80, 0x000074b1b2be5f00] 
[4,514s][debug][gc,nmethod     ] Register NMethod: java.lang.reflect.AccessibleObject.checkCanSetAccessible (0x000074b193f1eb08) [0x000074b193f1ec00, 0x000074b193f1ed38] Compiler: c1, Barriers: 0, Oops: 0, ImmediateOops: 0, NonImmediateOops: No
[4,514s][debug][gc,nmethod     ] GC(1) O: Unregister NMethod: java.util.concurrent.ConcurrentHashMap$Traverser.advance (0x000074b193678a08) [0x000074b193678b00, 0x000074b193679bf8] 
[4,514s][debug][gc,nmethod     ] GC(1) O: Unregister NMethod: java.lang.invoke.LambdaForm$Holder.constant_L (0x000074b1935c5888) [0x000074b1935c5980, 0x000074b1935c5ca0] 
[4,514s][debug][gc,nmethod     ] GC(1) O: Unregister NMethod: java.nio.Buffer.remaining (0x000074b193411b08) [0x000074b193411c00, 0x000074b193411d70] 
[4,514s][debug][gc,nmethod     ] GC(1) O: Unregister NMethod: java.lang.Integer.hashCode (0x000074b1936c6808) [0x000074b1936c6900, 0x000074b1936c6a58] 
[4,514s][debug][gc,nmethod     ] GC(1) O: Unregister NMethod: jdk.internal.classfile.impl.DirectCodeBuilder$4.writeBody (0x000074b1936cc908) [0x000074b1936cca00, 0x000074b1936d09e8] 
[4,514s][debug][gc,nmethod     ] Register NMethod: org.junit.platform.engine.UniqueId$Segment.<init> (0x000074b193f1ee08) [0x000074b193f1ef00, 0x000074b193f20110] Compiler: c1, Barriers: 8, Oops: 3, ImmediateOops: 2, NonImmediateOops: No
[4,514s][debug][gc,nmethod     ] Register NMethod: java.lang.reflect.AccessibleObject.isAccessible (0x000074b1b2d15b88) [0x000074b1b2d15c80, 0x000074b1b2d15d40] Compiler: c1, Barriers: 0, Oops: 0, ImmediateOops: 0, NonImmediateOops: No
[4,514s][debug][gc,nmethod     ] GC(1) O: Unregister NMethod: java.lang.classfile.CodeBuilder.newBoundLabel (0x000074b1937bc288) [0x000074b1937bc380, 0x000074b1937bcdd8] 
[4,514s][debug][gc,nmethod     ] GC(1) O: Unregister NMethod: java.util.HashMap.put (0x000074b1936f1008) [0x000074b1936f1100, 0x000074b1936f16e8] 
[4,514s][debug][gc,nmethod     ] GC(1) O: Unregister NMethod: jdk.internal.classfile.impl.StackMapGenerator$Frame.checkLocal (0x000074b193560288) [0x000074b193560380, 0x000074b193560fd8] 
[4,514s][debug][gc,nmethod     ] GC(1) O: Unregister NMethod: java.lang.String.startsWith (0x000074b193d26c88) [0x000074b193d26d80, 0x000074b193d27fa0] 
[4,514s][debug][gc,nmethod     ] GC(1) O: Unregister NMethod: jdk.internal.classfile.impl.SplitConstantPool.findEntry (0x000074b1934f4388) [0x000074b1934f4480, 0x000074b1934f5b88] 
[4,514s][debug][gc,nmethod     ] GC(1) O: Unregister NMethod: java.lang.StringBuilder.append (0x000074b19348e988) [0x000074b19348ea80, 0x000074b19348ebc8] 
[4,514s][debug][gc,nmethod     ] GC(1) O: Unregister NMethod: java.lang.invoke.InvokerBytecodeGenerator.emitLoadInsn (0x000074b193693708) [0x000074b193693800, 0x000074b1936939e8] 
[4,514s][debug][gc,nmethod     ] GC(1) O: Unregister NMethod: java.nio.DirectIntBufferU.ix (0x000074b193677388) [0x000074b193677480, 0x000074b193677590] 
[4,514s][debug][gc,nmethod     ] GC(1) O: Unregister NMethod: java.io.UnixFileSystem.getFileForSysCalls (0x000074b19367a608) [0x000074b19367a700, 0x000074b19367ac40] 
[4,514s][debug][gc,nmethod     ] GC(1) O: Unregister NMethod: jdk.internal.classfile.impl.DirectCodeBuilder.receiverSlot (0x000074b19382cc88) [0x000074b19382cd80, 0x000074b19382d258] 
[4,514s][debug][gc,nmethod     ] Register NMethod: org.junit.platform.engine.support.hierarchical.ThrowableCollector.execute (0x000074b193f20188) [0x000074b193f20280, 0x000074b193f20640] Compiler: c1, Barriers: 0, Oops: 1, ImmediateOops: 0, NonImmediateOops: No
[4,515s][debug][gc,nmethod     ] GC(1) O: Unregister NMethod: java.io.DataInputStream.readFully (0x000074b19360d888) [0x000074b19360d980, 0x000074b19360e030] 
[4,515s][debug][gc,nmethod     ] GC(1) O: Unregister NMethod: java.nio.channels.spi.AbstractInterruptibleChannel.end (0x000074b193ad5d88) [0x000074b193ad5e80, 0x000074b193ad6b88] 
[4,515s][debug][gc,nmethod     ] GC(1) O: Unregister NMethod: java.util.Arrays.fill (0x000074b1b2c78288) [0x000074b1b2c78380, 0x000074b1b2c785a8] 
[4,515s][debug][gc,nmethod     ] GC(1) O: Unregister NMethod: java.util.stream.Sink.end (0x000074b19380ca08) [0x000074b19380cb00, 0x000074b19380cc00] 
[4,515s][debug][gc,nmethod     ] GC(1) O: Unregister NMethod: java.util.concurrent.ForkJoinPool.awaitWork (0x000074b193bd3508) [0x000074b193bd3600, 0x000074b193bd43d0] 
[4,515s][debug][gc,nmethod     ] GC(1) O: Unregister NMethod: java.lang.Thread.interrupted (0x000074b193a86a08) [0x000074b193a86b00, 0x000074b193a86ec8] 
[4,515s][debug][gc,nmethod     ] GC(1) O: Unregister NMethod: org.gradle.internal.io.StreamByteBuffer$StreamByteBufferChunk.spaceLeft (0x000074b19346e308) [0x000074b19346e400, 0x000074b19346e508] 
[4,515s][debug][gc,nmethod     ] GC(1) O: Unregister NMethod: jdk.internal.classfile.impl.SplitConstantPool.internalAdd (0x000074b193424908) [0x000074b193424a00, 0x000074b193424d58] 
[4,515s][debug][gc,nmethod     ] GC(1) O: Unregister NMethod: com.google.gson.stream.JsonReader.nextQuotedValue (0x000074b1939f5e88) [0x000074b1939f5f80, 0x000074b1939f84e0] 
[4,515s][debug][gc,nmethod     ] GC(1) O: Unregister NMethod: java.lang.classfile.CodeBuilder.exceptionCatch (0x000074b1937cc588) [0x000074b1937cc680, 0x000074b1937cd0c8] 
[4,515s][debug][gc,nmethod     ] GC(1) O: Unregister NMethod: jdk.internal.classfile.impl.SplitConstantPool.writeTo (0x000074b1936b5d08) [0x000074b1936b5e00, 0x000074b1936b85e0] 
[4,515s][debug][gc,nmethod     ] GC(1) O: Unregister NMethod: com.github.benmanes.caffeine.cache.StripedBuffer.drainTo (0x000074b193b9af88) [0x000074b193b9b080, 0x000074b193b9b568] 
[4,515s][debug][gc,nmethod     ] GC(1) O: Unregister NMethod: java.lang.Math.clamp (0x000074b193593808) [0x000074b193593900, 0x000074b1935949c8] 
[4,515s][debug][gc,nmethod     ] GC(1) O: Unregister NMethod: jdk.internal.misc.Unsafe.putLongUnaligned (0x000074b193a07188) [0x000074b193a07280, 0x000074b193a07488] 
[4,515s][debug][gc,nmethod     ] GC(1) O: Unregister NMethod: java.lang.reflect.Method.getParameterCount (0x000074b1937b8c88) [0x000074b1937b8d80, 0x000074b1937b8eb8] 
[4,515s][debug][gc,nmethod     ] Register NMethod: java.lang.reflect.AccessibleObject.checkCanSetAccessible (0x000074b193f20688) [0x000074b193f20780, 0x000074b193f23098] Compiler: c1, Barriers: 3, Oops: 0, ImmediateOops: 3, NonImmediateOops: No
[4,515s][debug][gc,nmethod     ] Register NMethod: java.io.FileInputStream.available0 (0x000074b1b2d15e88) [0x000074b1b2d15f80, 0x000074b1b2d160d8] Compiler: , Barriers: 0, Oops: 0, ImmediateOops: 0, NonImmediateOops: No
[4,515s][debug][gc,nmethod     ] GC(1) O: Unregister NMethod: java.util.stream.ReduceOps$ReduceOp.evaluateSequential (0x000074b19386a608) [0x000074b19386a700, 0x000074b19386af28] 
[4,516s][debug][gc,nmethod     ] GC(1) O: Unregister NMethod: java.lang.classfile.CodeBuilder.getfield (0x000074b193863a08) [0x000074b193863b00, 0x000074b1938644e0] 
[4,516s][debug][gc,nmethod     ] GC(1) O: Unregister NMethod: com.google.gson.stream.JsonWriter.newline (0x000074b193aad688) [0x000074b193aad780, 0x000074b193aae548] 
[4,516s][debug][gc,nmethod     ] GC(1) O: Unregister NMethod: java.lang.String.startsWith (0x000074b1b2be7d88) [0x000074b1b2be7e80, 0x000074b1b2be8180] 
[4,516s][debug][gc,nmethod     ] GC(1) O: Unregister NMethod: java.io.UnixFileSystem.resolve (0x000074b193717088) [0x000074b193717180, 0x000074b19371a610] 
[4,516s][debug][gc,nmethod     ] GC(1) O: Unregister NMethod: jdk.internal.classfile.impl.AbstractPoolEntry$Utf8EntryImpl.methodTypeSymbol (0x000074b1934f8b08) [0x000074b1934f8c00, 0x000074b1934f96d0] 
[4,516s][debug][gc,nmethod     ] GC(1) O: Unregister NMethod: java.lang.StringLatin1.regionMatchesCI (0x000074b1934c3288) [0x000074b1934c3380, 0x000074b1934c3620] 
[4,516s][debug][gc,nmethod     ] Register NMethod: java.util.zip.InflaterInputStream.read (0x000074b1b2d16188) [0x000074b1b2d16280, 0x000074b1b2d193c8] Compiler: jvmci, Barriers: 56, Oops: 1, ImmediateOops: 1, NonImmediateOops: No
[4,516s][debug][gc,nmethod     ] GC(1) O: Unregister NMethod: com.github.benmanes.caffeine.cache.BoundedLocalCache.clear (0x000074b193b9de08) [0x000074b193b9df00, 0x000074b193ba2848] 
[4,516s][debug][gc,nmethod     ] Register NMethod: dagger.internal.DoubleCheck.<init> (0x000074b193f23108) [0x000074b193f23200, 0x000074b193f23570] Compiler: c1, Barriers: 6, Oops: 1, ImmediateOops: 1, NonImmediateOops: No
[4,516s][debug][gc,nmethod     ] GC(1) O: Unregister NMethod: java.lang.invoke.Invokers$Holder.linkToTargetMethod (0x000074b1936d9208) [0x000074b1936d9300, 0x000074b1936d97f8] 
[4,516s][debug][gc,nmethod     ] Register NMethod: dagger.internal.DoubleCheck.provider (0x000074b193f23588) [0x000074b193f23680, 0x000074b193f23e28] Compiler: c1, Barriers: 6, Oops: 1, ImmediateOops: 1, NonImmediateOops: No
[4,516s][debug][gc,nmethod     ] GC(1) O: Unregister NMethod: java.util.concurrent.ConcurrentHashMap.putIfAbsent (0x000074b1b2c7f888) [0x000074b1b2c7f980, 0x000074b1b2c821e8] 
[4,516s][debug][gc,nmethod     ] GC(1) O: Unregister NMethod: jdk.internal.classfile.impl.Util.parameterSlots (0x000074b1934fb388) [0x000074b1934fb480, 0x000074b1934fb910] 
[4,516s][debug][gc,nmethod     ] GC(1) O: Unregister NMethod: java.util.AbstractMap.<init> (0x000074b193439608) [0x000074b193439700, 0x000074b193439858] 
[4,516s][debug][gc,nmethod     ] GC(1) O: Unregister NMethod: java.nio.channels.spi.AbstractInterruptibleChannel.blockedOn (0x000074b193a18f08) [0x000074b193a19000, 0x000074b193a196c0] 
[4,516s][debug][gc,nmethod     ] GC(1) O: Unregister NMethod: java.util.concurrent.atomic.AtomicLong.incrementAndGet (0x000074b193a3f988) [0x000074b193a3fa80, 0x000074b193a3fb98] 
[4,516s][debug][gc,nmethod     ] Register NMethod: dagger.internal.DoubleCheck.reentrantCheck (0x000074b193f23e88) [0x000074b193f23f80, 0x000074b193f26020] Compiler: c1, Barriers: 0, Oops: 4, ImmediateOops: 7, NonImmediateOops: No
[4,516s][debug][gc,nmethod     ] Register NMethod: java.nio.CharBuffer.allocate (0x000074b193f26088) [0x000074b193f26180, 0x000074b193f26378] Compiler: c1, Barriers: 0, Oops: 0, ImmediateOops: 0, NonImmediateOops: No
[4,517s][debug][gc,nmethod     ] GC(1) O: Unregister NMethod: jdk.internal.classfile.impl.SplitConstantPool.classEntry (0x000074b19350e408) [0x000074b19350e500, 0x000074b1935101b8] 
[4,517s][debug][gc,nmethod     ] Register NMethod: java.nio.HeapCharBuffer.<init> (0x000074b193f26388) [0x000074b193f26480, 0x000074b193f26680] Compiler: c1, Barriers: 0, Oops: 0, ImmediateOops: 0, NonImmediateOops: No
[4,517s][debug][gc,nmethod     ] Register NMethod: java.nio.CharBuffer.flip (0x000074b193f26688) [0x000074b193f26780, 0x000074b193f268f8] Compiler: c1, Barriers: 0, Oops: 0, ImmediateOops: 0, NonImmediateOops: No
[4,517s][debug][gc,nmethod     ] GC(1) O: Unregister NMethod: java.lang.invoke.SegmentVarHandle.checkSegment (0x000074b1b2cca188) [0x000074b1b2cca280, 0x000074b1b2cca598] 
[4,517s][debug][gc,nmethod     ] Register NMethod: java.util.concurrent.ConcurrentHashMap.tableSizeFor (0x000074b193f26988) [0x000074b193f26a80, 0x000074b193f26c70] Compiler: c1, Barriers: 0, Oops: 0, ImmediateOops: 0, NonImmediateOops: No
[4,517s][debug][gc,nmethod     ] GC(1) O: Unregister NMethod: java.nio.ByteBuffer.position (0x000074b1938e7508) [0x000074b1938e7600, 0x000074b1938e7900] 
[4,517s][debug][gc,nmethod     ] GC(1) O: Unregister NMethod: java.lang.Long.hashCode (0x000074b19351c688) [0x000074b19351c780, 0x000074b19351c870] 
[4,517s][debug][gc,nmethod     ] GC(1) O: Unregister NMethod: net.jpountz.util.SafeUtils.readIntLE (0x000074b193bfe488) [0x000074b193bfe580, 0x000074b193bfe720] 
[4,517s][debug][gc,nmethod     ] Register NMethod: java.util.concurrent.ConcurrentHashMap.<init> (0x000074b193f26c88) [0x000074b193f26da0, 0x000074b193f26ee0] Compiler: c1, Barriers: 0, Oops: 0, ImmediateOops: 0, NonImmediateOops: No
[4,517s][debug][gc,nmethod     ] GC(1) O: Unregister NMethod: java.lang.StringCoding.implEncodeAsciiArray (0x000074b193621f08) [0x000074b193622000, 0x000074b193622228] 
[4,517s][debug][gc,nmethod     ] GC(1) O: Unregister NMethod: java.lang.invoke.VarHandle.checkAccessModeThenIsDirect (0x000074b193577a88) [0x000074b193577b80, 0x000074b193578d28] 
[4,517s][debug][gc,nmethod     ] GC(1) O: Unregister NMethod: io.sirix.access.trx.node.AbstractNodeReadOnlyTrx.assertNotClosed (0x000074b193c37c88) [0x000074b193c37d80, 0x000074b193c37f88] 
[4,517s][debug][gc,nmethod     ] Register NMethod: java.util.concurrent.ConcurrentHashMap.<init> (0x000074b193f26f88) [0x000074b193f270a0, 0x000074b193f275a8] Compiler: c1, Barriers: 0, Oops: 0, ImmediateOops: 0, NonImmediateOops: No
[4,517s][debug][gc,nmethod     ] GC(1) O: Unregister NMethod: java.lang.invoke.MethodType.hashCode (0x000074b19341b008) [0x000074b19341b100, 0x000074b19341b780] 
[4,517s][debug][gc,nmethod     ] GC(1) O: Unregister NMethod: java.lang.Integer.valueOf (0x000074b1936a8888) [0x000074b1936a8980, 0x000074b1936a8c98] 
[4,517s][debug][gc,nmethod     ] GC(1) O: Unregister NMethod: jdk.internal.loader.BuiltinClassLoader.loadClassOrNull (0x000074b19355c488) [0x000074b19355c580, 0x000074b19355e018] 
[4,517s][debug][gc,nmethod     ] Register NMethod: com.google.gson.stream.JsonReader.nextBoolean (0x000074b193f27608) [0x000074b193f27700, 0x000074b193f28da8] Compiler: c1, Barriers: 3, Oops: 2, ImmediateOops: 3, NonImmediateOops: No
[4,518s][debug][gc,nmethod     ] GC(1) O: Unregister NMethod: java.io.File.isInvalid (0x000074b19347a888) [0x000074b19347a980, 0x000074b19347af30] 
[4,518s][debug][gc,nmethod     ] GC(1) O: Unregister NMethod: io.sirix.page.KeyValueLeafPage.getDeweyId (0x000074b193c1e988) [0x000074b193c1ea80, 0x000074b193c24248] 
[4,518s][debug][gc,nmethod     ] GC(1) O: Unregister NMethod: java.util.HashMap$HashIterator.hasNext (0x000074b193430188) [0x000074b193430280, 0x000074b193430400] 
[4,518s][debug][gc,nmethod     ] GC(1) O: Unregister NMethod: jdk.internal.classfile.impl.MethodInfo.receiverSlot (0x000074b19382c908) [0x000074b19382ca00, 0x000074b19382cc68] 
[4,518s][debug][gc,nmethod     ] GC(1) O: Unregister NMethod: java.util.ArrayList$Itr.next (0x000074b19350c688) [0x000074b19350c780, 0x000074b19350cdc8] 
[4,518s][debug][gc,nmethod     ] GC(1) O: Unregister NMethod: java.lang.Integer.numberOfLeadingZeros (0x000074b1934e6808) [0x000074b1934e6900, 0x000074b1934e6b80] 
[4,518s][debug][gc,nmethod     ] GC(1) O: Unregister NMethod: jdk.internal.misc.Unsafe.getReferenceAcquire (0x000074b193412308) [0x000074b193412400, 0x000074b193412530] 
[4,518s][debug][gc,nmethod     ] Register NMethod: java.util.concurrent.locks.ReentrantLock$Sync.<init> (0x000074b193f28e08) [0x000074b193f28f00, 0x000074b193f29118] Compiler: c1, Barriers: 0, Oops: 0, ImmediateOops: 0, NonImmediateOops: No
[4,518s][debug][gc,nmethod     ] Register NMethod: java.util.concurrent.locks.ReentrantLock$NonfairSync.<init> (0x000074b193f29188) [0x000074b193f29280, 0x000074b193f294f8] Compiler: c1, Barriers: 0, Oops: 0, ImmediateOops: 0, NonImmediateOops: No
[4,518s][debug][gc,nmethod     ] GC(1) O: Unregister NMethod: jdk.internal.foreign.AbstractMemorySegmentImpl.isAlignedForElement (0x000074b193470d08) [0x000074b193470e00, 0x000074b1934717c0] 
[4,518s][debug][gc,nmethod     ] GC(1) O: Unregister NMethod: java.util.stream.AbstractPipeline.isParallel (0x000074b19372fb08) [0x000074b19372fc00, 0x000074b19372fd38] 
[4,518s][debug][gc,nmethod     ] GC(1) O: Unregister NMethod: java.lang.Class.annotationData (0x000074b193808288) [0x000074b193808380, 0x000074b193808668] 
[4,518s][debug][gc,nmethod     ] GC(1) O: Unregister NMethod: jdk.internal.classfile.impl.StackMapGenerator$Frame.pushStack (0x000074b19355e488) [0x000074b19355e580, 0x000074b19355e9e0] 
[4,518s][debug][gc,nmethod     ] Register NMethod: java.util.concurrent.ForkJoinPool$WorkQueue.unlockPhase (0x000074b193f29508) [0x000074b193f29600, 0x000074b193f29710] Compiler: c1, Barriers: 0, Oops: 0, ImmediateOops: 0, NonImmediateOops: No
[4,518s][debug][gc,nmethod     ] Register NMethod: java.util.concurrent.CountedCompleter.weakCompareAndSetPendingCount (0x000074b193f29808) [0x000074b193f29900, 0x000074b193f29c10] Compiler: c1, Barriers: 0, Oops: 0, ImmediateOops: 1, NonImmediateOops: No
[4,518s][debug][gc,nmethod     ] GC(1) O: Unregister NMethod: com.github.benmanes.caffeine.cache.BaseMpscLinkedArrayQueue.modifiedCalcElementOffset (0x000074b193b9bb08) [0x000074b193b9bc00, 0x000074b193b9bcf0] 
[4,518s][debug][gc,nmethod     ] Register NMethod: java.util.concurrent.CountedCompleter.addToPendingCount (0x000074b193f29c88) [0x000074b193f29d80, 0x000074b193f29e88] Compiler: c1, Barriers: 0, Oops: 0, ImmediateOops: 0, NonImmediateOops: No
[4,519s][debug][gc,nmethod     ] GC(1) O: Unregister NMethod: java.lang.invoke.InvokerBytecodeGenerator.emitStaticInvoke (0x000074b193940508) [0x000074b193940600, 0x000074b193942ce8] 
[4,519s][debug][gc,nmethod     ] GC(1) O: Unregister NMethod: java.lang.CharacterDataLatin1.equalsIgnoreCase (0x000074b1b2c76988) [0x000074b1b2c76a80, 0x000074b1b2c76b90] 
[4,519s][debug][gc,nmethod     ] GC(1) O: Unregister NMethod: java.lang.String.indexOf (0x000074b1934dc688) [0x000074b1934dc780, 0x000074b1934dd138] 
[4,519s][debug][gc,nmethod     ] Register NMethod: java.util.concurrent.ForkJoinTask.fork (0x000074b193f29f88) [0x000074b193f2a080, 0x000074b193f2aab8] Compiler: c1, Barriers: 3, Oops: 1, ImmediateOops: 1, NonImmediateOops: No
[4,519s][debug][gc,nmethod     ] GC(1) O: Unregister NMethod: java.util.HashMap.put (0x000074b1b2c31b88) [0x000074b1b2c31c80, 0x000074b1b2c32a38] 
[4,519s][debug][gc,nmethod     ] GC(1) O: Unregister NMethod: jdk.internal.loader.URLClassPath.getResource (0x000074b193596288) [0x000074b193596380, 0x000074b1935967e8] 
[4,519s][debug][gc,nmethod     ] GC(1) O: Unregister NMethod: jdk.internal.classfile.impl.SplitConstantPool.classEntryForClassOrInterface (0x000074b193510208) [0x000074b193510300, 0x000074b193512890] 
[4,519s][debug][gc,nmethod     ] GC(1) O: Unregister NMethod: java.lang.classfile.CodeBuilder.checkcast (0x000074b1936ea008) [0x000074b1936ea100, 0x000074b1936eaa38] 
[4,519s][debug][gc,nmethod     ] GC(1) O: Unregister NMethod: jdk.internal.classfile.impl.BufWriterImpl.writeIndex (0x000074b193561408) [0x000074b193561500, 0x000074b193563928] 
[4,519s][debug][gc,nmethod     ] GC(1) O: Unregister NMethod: java.lang.invoke.VarForm.getMemberName (0x000074b193578d88) [0x000074b193578e80, 0x000074b193579600] 
[4,519s][debug][gc,nmethod     ] GC(1) O: Unregister NMethod: jdk.internal.classfile.impl.StackMapGenerator.processBlock (0x000074b193961f88) [0x000074b193962080, 0x000074b193991f20] 
[4,519s][debug][gc,nmethod     ] GC(1) O: Unregister NMethod: java.util.Arrays.hashCode (0x000074b19373e688) [0x000074b19373e780, 0x000074b19373e900] 
[4,519s][debug][gc,nmethod     ] GC(1) O: Unregister NMethod: java.lang.Number.<init> (0x000074b193566088) [0x000074b193566180, 0x000074b1935662d8] 
[4,519s][debug][gc,nmethod     ] GC(1) O: Unregister NMethod: java.lang.invoke.MethodType.methodType (0x000074b19345b988) [0x000074b19345ba80, 0x000074b19345bf60] 
[4,519s][debug][gc,nmethod     ] GC(1) O: Unregister NMethod: java.io.UnixFileSystem.hasBooleanAttributes (0x000074b1936a8d08) [0x000074b1936a8e00, 0x000074b1936a9978] 
[4,519s][debug][gc,phases      ] GC(1) O: Concurrent Classes Unlink 13,442ms
[4,519s][debug][gc,phases,start] GC(1) O: Concurrent Classes Purge
[4,519s][debug][gc,nmethod     ] GC(1) O: Purge NMethod: java.lang.Character.charCount (0x000074b1936a7a88) [0x000074b1936a7b80, 0x000074b1936a7cd0] 
[4,519s][debug][gc,nmethod     ] GC(1) O: Purge NMethod: java.lang.String.regionMatches (0x000074b1934c3688) [0x000074b1934c3780, 0x000074b1934c4b78] 
[4,519s][debug][gc,nmethod     ] GC(1) O: Purge NMethod: java.util.zip.Inflater.ensureOpen (0x000074b1934c2e88) [0x000074b1934c2f80, 0x000074b1934c3208] 
[4,519s][debug][gc,nmethod     ] GC(1) O: Purge NMethod: java.util.regex.Pattern$$Lambda/0x0000000061110720.is (0x000074b19392b808) [0x000074b19392b900, 0x000074b19392ba60] 
[4,519s][debug][gc,nmethod     ] GC(1) O: Purge NMethod: java.lang.invoke.TypeConvertingMethodAdapter.convertType (0x000074b1937a0088) [0x000074b1937a0180, 0x000074b1937a8668] 
[4,519s][debug][gc,nmethod     ] GC(1) O: Purge NMethod: java.lang.classfile.CodeBuilder.invoke (0x000074b1937a9488) [0x000074b1937a9580, 0x000074b1937a9d18] 
[4,519s][debug][gc,nmethod     ] GC(1) O: Purge NMethod: sun.invoke.util.VerifyAccess.ensureTypeVisible (0x000074b1934f3088) [0x000074b1934f3180, 0x000074b1934f4310] 
[4,519s][debug][gc,nmethod     ] GC(1) O: Purge NMethod: java.nio.ByteBuffer.position (0x000074b1937ef808) [0x000074b1937ef900, 0x000074b1937efa48] 
[4,519s][debug][gc,nmethod     ] GC(1) O: Purge NMethod: jdk.internal.classfile.impl.StackMapGenerator$Type.referenceType (0x000074b19355ea08) [0x000074b19355eb00, 0x000074b19355edd0] 
[4,520s][debug][gc,nmethod     ] GC(1) O: Purge NMethod: java.util.ArrayList$Itr.hasNext (0x000074b19356e808) [0x000074b19356e900, 0x000074b19356ea90] 
[4,520s][debug][gc,nmethod     ] GC(1) O: Purge NMethod: java.util.Collections$SetFromMap.remove (0x000074b1934cd708) [0x000074b1934cd800, 0x000074b1934cdb90] 
[4,520s][debug][gc,nmethod     ] GC(1) O: Purge NMethod: jdk.internal.util.Preconditions.checkFromIndexSize (0x000074b193452308) [0x000074b193452400, 0x000074b193452598] 
[4,520s][debug][gc,nmethod     ] GC(1) O: Purge NMethod: jdk.internal.classfile.impl.BufWriterImpl.writeU1U2U2 (0x000074b193505708) [0x000074b193505800, 0x000074b193505cf8] 
[4,520s][debug][gc,nmethod     ] GC(1) O: Purge NMethod: java.util.ArrayList.get (0x000074b193479608) [0x000074b193479700, 0x000074b1934799a8] 
[4,520s][debug][gc,nmethod     ] GC(1) O: Purge NMethod: jdk.internal.misc.Unsafe.checkNativeAddress (0x000074b1939adc88) [0x000074b1939add80, 0x000074b1939ade90] 
[4,520s][debug][gc,nmethod     ] GC(1) O: Purge NMethod: java.lang.invoke.MethodTypeForm.canonicalize (0x000074b19344a908) [0x000074b19344aa00, 0x000074b19344b658] 
[4,520s][debug][gc,nmethod     ] GC(1) O: Purge NMethod: jdk.internal.misc.Unsafe.copyMemory (0x000074b193484688) [0x000074b193484780, 0x000074b193485d40] 
[4,520s][debug][gc,nmethod     ] GC(1) O: Purge NMethod: jdk.internal.misc.Unsafe.weakCompareAndSetInt (0x000074b193507a08) [0x000074b193507b00, 0x000074b193507c18] 
[4,520s][debug][gc,nmethod     ] GC(1) O: Purge NMethod: jdk.internal.misc.Unsafe.getLongUnaligned (0x000074b193b65208) [0x000074b193b65300, 0x000074b193b654e0] 
[4,520s][debug][gc,nmethod     ] GC(1) O: Purge NMethod: java.net.URL.set (0x000074b1935b9388) [0x000074b1935b9480, 0x000074b1935ba978] 
[4,520s][debug][gc,nmethod     ] GC(1) O: Purge NMethod: jdk.internal.classfile.impl.TerminalCodeBuilder.setupTopLocal (0x000074b1936bee88) [0x000074b1936bef80, 0x000074b1936c1508] 
[4,520s][debug][gc,nmethod     ] GC(1) O: Purge NMethod: java.io.UnixFileSystem.normalize (0x000074b19351dc88) [0x000074b19351dd80, 0x000074b19351f378] 
[4,520s][debug][gc,nmethod     ] GC(1) O: Purge NMethod: java.util.WeakHashMap.hash (0x000074b19348ac88) [0x000074b19348ad80, 0x000074b19348b0a8] 
[4,520s][debug][gc,nmethod     ] GC(1) O: Purge NMethod: java.lang.StringConcatHelper.prepend (0x000074b1934ea988) [0x000074b1934eaa80, 0x000074b1934ec1d0] 
[4,520s][debug][gc,nmethod     ] GC(1) O: Purge NMethod: net.jpountz.lz4.LZ4BlockOutputStream.writeIntLE (0x000074b1939d4088) [0x000074b1939d4180, 0x000074b1939d4308] 
[4,520s][debug][gc,nmethod     ] GC(1) O: Purge NMethod: io.sirix.page.KeyValueLeafPage.processEntries (0x000074b193ae6b08) [0x000074b193ae6c00, 0x000074b193afb478] 
[4,520s][debug][gc,nmethod     ] GC(1) O: Purge NMethod: io.sirix.access.trx.page.NodePageReadOnlyTrx.assertNotClosed (0x000074b1939d0688) [0x000074b1939d0780, 0x000074b1939d0998] 
[4,520s][debug][gc,nmethod     ] GC(1) O: Purge NMethod: java.lang.String.<init> (0x000074b1b2c52c88) [0x000074b1b2c52d80, 0x000074b1b2c53160] 
[4,520s][debug][gc,nmethod     ] GC(1) O: Purge NMethod: jdk.internal.util.ArraysSupport.mismatch (0x000074b193428d88) [0x000074b193428e80, 0x000074b193429260] 
[4,520s][debug][gc,nmethod     ] GC(1) O: Purge NMethod: io.sirix.node.GrowingMemorySegment.writeByte (0x000074b19399d588) [0x000074b19399d680, 0x000074b1939a12a0] 
[4,520s][debug][gc,nmethod     ] GC(1) O: Purge NMethod: java.io.BufferedInputStream.read (0x000074b19360e408) [0x000074b19360e500, 0x000074b19360f038] 
[4,520s][debug][gc,nmethod     ] GC(1) O: Purge NMethod: java.lang.Class.isInterface (0x000074b193516408) [0x000074b193516500, 0x000074b1935166b8] 
[4,520s][debug][gc,nmethod     ] GC(1) O: Purge NMethod: java.io.BufferedInputStream.read1 (0x000074b19360f088) [0x000074b19360f180, 0x000074b19360fa50] 
[4,520s][debug][gc,nmethod     ] GC(1) O: Purge NMethod: java.lang.invoke.MemberName.getMethodType (0x000074b19346ad88) [0x000074b19346ae80, 0x000074b19346d378] 
[4,520s][debug][gc,nmethod     ] GC(1) O: Purge NMethod: java.nio.channels.spi.AbstractInterruptibleChannel.begin (0x000074b193b4dd88) [0x000074b193b4de80, 0x000074b193b4ecb8] 
[4,520s][debug][gc,nmethod     ] GC(1) O: Purge NMethod: java.lang.invoke.InnerClassLambdaMetafactory$6.accept (0x000074b1938e8a08) [0x000074b1938e8b00, 0x000074b1938eee18] 
[4,520s][debug][gc,nmethod     ] GC(1) O: Purge NMethod: java.lang.Class.cast (0x000074b193558488) [0x000074b193558580, 0x000074b1935589d8] 
[4,520s][debug][gc,nmethod     ] GC(1) O: Purge NMethod: java.lang.System$1.blockedOn (0x000074b193a19f08) [0x000074b193a1a000, 0x000074b193a1a5a0] 
[4,520s][debug][gc,nmethod     ] GC(1) O: Purge NMethod: java.lang.classfile.CodeBuilder.loadConstant (0x000074b19382ea88) [0x000074b19382eb80, 0x000074b193831b58] 
[4,520s][debug][gc,nmethod     ] GC(1) O: Purge NMethod: java.nio.charset.CoderResult.isUnderflow (0x000074b1937c9a88) [0x000074b1937c9b80, 0x000074b1937c9cd0] 
[4,520s][debug][gc,nmethod     ] GC(1) O: Purge NMethod: jdk.internal.classfile.impl.Util.isDoubleSlot (0x000074b1b2c70d08) [0x000074b1b2c70e00, 0x000074b1b2c70eb8] 
[4,520s][debug][gc,nmethod     ] GC(1) O: Purge NMethod: io.sirix.access.trx.page.NodePageReadOnlyTrx.getCurrentMaxIndirectPageTreeLevel (0x000074b193ce6d08) [0x000074b193ce6e00, 0x000074b193cee5d8] 
[4,520s][debug][gc,nmethod     ] GC(1) O: Purge NMethod: java.util.Objects.equals (0x000074b193948408) [0x000074b193948500, 0x000074b193948888] 
[4,520s][debug][gc,nmethod     ] GC(1) O: Purge NMethod: jdk.internal.classfile.impl.SplitConstantPool.maybeCloneUtf8Entry (0x000074b1b2c7e608) [0x000074b1b2c7e700, 0x000074b1b2c7ec40] 
[4,520s][debug][gc,nmethod     ] GC(1) O: Purge NMethod: jdk.internal.classfile.impl.SplitConstantPool.maybeCloneUtf8Entry (0x000074b1934e8288) [0x000074b1934e8380, 0x000074b1934e9420] 
[4,520s][debug][gc,nmethod     ] GC(1) O: Purge NMethod: java.util.AbstractCollection.<init> (0x000074b193408788) [0x000074b193408880, 0x000074b1934089d8] 
[4,520s][debug][gc,nmethod     ] GC(1) O: Purge NMethod: java.lang.StringUTF16.compress (0x000074b193559b08) [0x000074b193559c00, 0x000074b193559e30] 
[4,520s][debug][gc,nmethod     ] GC(1) O: Purge NMethod: sun.net.www.protocol.file.Handler.parseURL (0x000074b1936e8788) [0x000074b1936e8880, 0x000074b1936e8bf0] 
[4,520s][debug][gc,nmethod     ] GC(1) O: Purge NMethod: java.lang.Long.bitCount (0x000074b1939f9788) [0x000074b1939f9880, 0x000074b1939f99e8] 
[4,520s][debug][gc,nmethod     ] GC(1) O: Purge NMethod: jdk.internal.foreign.SegmentFactories.initNativeMemory (0x000074b19399b408) [0x000074b19399b500, 0x000074b19399b720] 
[4,520s][debug][gc,nmethod     ] GC(1) O: Purge NMethod: java.lang.invoke.InvokerBytecodeGenerator.emitReferenceCast (0x000074b193413788) [0x000074b193413880, 0x000074b193416bd0] 
[4,520s][debug][gc,nmethod     ] GC(1) O: Purge NMethod: jdk.internal.classfile.impl.AbstractPoolEntry$AbstractRefsEntry.<init> (0x000074b1934fb988) [0x000074b1934fba80, 0x000074b1934fc280] 
[4,520s][debug][gc,nmethod     ] GC(1) O: Purge NMethod: java.util.concurrent.ConcurrentHashMap.putIfAbsent (0x000074b193417888) [0x000074b193417980, 0x000074b193417c80] 
[4,520s][debug][gc,nmethod     ] GC(1) O: Purge NMethod: java.util.stream.Sink.begin (0x000074b193875488) [0x000074b193875580, 0x000074b193875680] 
[4,520s][debug][gc,nmethod     ] GC(1) O: Purge NMethod: io.sirix.page.PageKind$1.serializePage (0x000074b193a8f288) [0x000074b193a8f380, 0x000074b193a9cbe8] 
[4,520s][debug][gc,nmethod     ] GC(1) O: Purge NMethod: java.nio.ByteOrder.nativeOrder (0x000074b193523d88) [0x000074b193523e80, 0x000074b193523f68] 
[4,520s][debug][gc,nmethod     ] GC(1) O: Purge NMethod: jdk.internal.classfile.impl.AttributeHolder.writeTo (0x000074b193516a08) [0x000074b193516b00, 0x000074b193517300] 
[4,520s][debug][gc,nmethod     ] GC(1) O: Purge NMethod: jdk.internal.loader.URLClassPath$JarLoader$1.getCodeSourceURL (0x000074b1935e1508) [0x000074b1935e1600, 0x000074b1935e1768] 
[4,520s][debug][gc,nmethod     ] GC(1) O: Purge NMethod: com.google.gson.stream.JsonWriter.beforeValue (0x000074b193ac3d08) [0x000074b193ac3e00, 0x000074b193ac4cf0] 
[4,520s][debug][gc,nmethod     ] GC(1) O: Purge NMethod: io.sirix.page.KeyValueLeafPage.getNumberOfNonNullEntries (0x000074b193cdee88) [0x000074b193cdef80, 0x000074b193cdf530] 
[4,520s][debug][gc,nmethod     ] GC(1) O: Purge NMethod: java.util.jar.JarFile.maybeInstantiateVerifier (0x000074b1934d6e08) [0x000074b1934d6f00, 0x000074b1934d73d0] 
[4,520s][debug][gc,nmethod     ] GC(1) O: Purge NMethod: java.lang.Class.getPackageName (0x000074b19348c608) [0x000074b19348c700, 0x000074b19348e908] 
[4,520s][debug][gc,nmethod     ] GC(1) O: Purge NMethod: java.io.BufferedInputStream.getBufIfOpen (0x000074b19360d308) [0x000074b19360d400, 0x000074b19360d818] 
[4,520s][debug][gc,nmethod     ] GC(1) O: Purge NMethod: java.lang.String.startsWith (0x000074b193410c08) [0x000074b193410d00, 0x000074b193410ff8] 
[4,520s][debug][gc,nmethod     ] GC(1) O: Purge NMethod: java.lang.invoke.MethodType.methodType (0x000074b1b2c98308) [0x000074b1b2c98400, 0x000074b1b2c991f0] 
[4,520s][debug][gc,nmethod     ] GC(1) O: Purge NMethod: io.sirix.page.KeyValueLeafPage.getNumberOfNonNullEntries (0x000074b193cdf588) [0x000074b193cdf680, 0x000074b193cdfba0] 
[4,520s][debug][gc,nmethod     ] GC(1) O: Purge NMethod: jdk.internal.access.SharedSecrets.getJavaLangAccess (0x000074b19360bc08) [0x000074b19360bd00, 0x000074b19360be28] 
[4,520s][debug][gc,nmethod     ] GC(1) O: Purge NMethod: jdk.internal.misc.Unsafe.putLongUnaligned (0x000074b19341c388) [0x000074b19341c480, 0x000074b19341c8b8] 
[4,520s][debug][gc,nmethod     ] GC(1) O: Purge NMethod: jdk.internal.misc.Unsafe.getIntUnaligned (0x000074b193532d08) [0x000074b193532e00, 0x000074b193533048] 
[4,520s][debug][gc,nmethod     ] GC(1) O: Purge NMethod: jdk.internal.classfile.impl.AbstractPoolEntry$ClassEntryImpl.hashCode (0x000074b1934f1d88) [0x000074b1934f1e80, 0x000074b1934f2d78] 
[4,520s][debug][gc,nmethod     ] GC(1) O: Purge NMethod: io.sirix.page.KeyValueLeafPage.isSlotSet (0x000074b19342d208) [0x000074b19342d300, 0x000074b19342d4a8] 
[4,520s][debug][gc,nmethod     ] GC(1) O: Purge NMethod: jdk.internal.classfile.impl.StackMapGenerator.processBlock (0x000074b1b2ce4e08) [0x000074b1b2ce4f00, 0x000074b1b2ce6ed0] 
[4,520s][debug][gc,nmethod     ] GC(1) O: Purge NMethod: java.lang.invoke.DirectMethodHandle.constructorMethod (0x000074b1935ae988) [0x000074b1935aea80, 0x000074b1935aeda0] 
[4,520s][debug][gc,nmethod     ] GC(1) O: Purge NMethod: java.lang.StringLatin1.inflate (0x000074b19347f788) [0x000074b19347f880, 0x000074b19347fa70] 
[4,520s][debug][gc,nmethod     ] GC(1) O: Purge NMethod: java.lang.invoke.VarHandleGuards.guard_LI_I (0x000074b19357b508) [0x000074b19357b600, 0x000074b19357e4d8] 
[4,520s][debug][gc,nmethod     ] GC(1) O: Purge NMethod: java.nio.Bits.reserveMemory (0x000074b193b2d388) [0x000074b193b2d480, 0x000074b193b303c0] 
[4,520s][debug][gc,nmethod     ] GC(1) O: Purge NMethod: io.sirix.page.KeyValueLeafPage.alignOffset (0x000074b1939b5c08) [0x000074b1939b5d00, 0x000074b1939b5de8] 
[4,520s][debug][gc,nmethod     ] GC(1) O: Purge NMethod: jdk.internal.foreign.Utils$BaseAndScale$$TypeSwitch/0x0000000061224a88.typeSwitch (0x000074b1939c8388) [0x000074b1939c8480, 0x000074b1939c97a8] 
[4,520s][debug][gc,nmethod     ] GC(1) O: Purge NMethod: jdk.internal.foreign.SegmentFactories.initNativeMemory (0x000074b19399b788) [0x000074b19399b880, 0x000074b19399ba20] 
[4,520s][debug][gc,nmethod     ] GC(1) O: Purge NMethod: java.nio.Buffer.<init> (0x000074b19344b688) [0x000074b19344b780, 0x000074b19344d178] 
[4,520s][debug][gc,nmethod     ] GC(1) O: Purge NMethod: io.sirix.api.PageReadOnlyTrx.recordPageOffset (0x000074b193b59908) [0x000074b193b59a00, 0x000074b193b59af8] 
[4,520s][debug][gc,nmethod     ] GC(1) O: Purge NMethod: sun.nio.fs.UnixPath.normalizeAndCheck (0x000074b193527f88) [0x000074b193528080, 0x000074b193529378] 
[4,520s][debug][gc,nmethod     ] GC(1) O: Purge NMethod: jdk.internal.classfile.impl.Util.methodTypeSymbol (0x000074b1934f7b08) [0x000074b1934f7c00, 0x000074b1934f8ac0] 
[4,520s][debug][gc,nmethod     ] GC(1) O: Purge NMethod: java.lang.ref.SoftReference.get (0x000074b1b2c77f88) [0x000074b1b2c78080, 0x000074b1b2c781a0] 
[4,520s][debug][gc,nmethod     ] GC(1) O: Purge NMethod: jdk.internal.classfile.impl.AbstractPoolEntry.hash2 (0x000074b19347db88) [0x000074b19347dc80, 0x000074b19347dd80] 
[4,520s][debug][gc,nmethod     ] GC(1) O: Purge NMethod: sun.security.provider.SHA2.implCompress0 (0x000074b1939fd508) [0x000074b1939fd600, 0x000074b1939fe2b0] 
[4,520s][debug][gc,nmethod     ] GC(1) O: Purge NMethod: java.nio.Buffer.limit (0x000074b193905688) [0x000074b193905780, 0x000074b1939059f0] 
[4,521s][debug][gc,nmethod     ] GC(1) O: Purge NMethod: sun.net.util.IPAddressUtil.checkHostString (0x000074b1934d4788) [0x000074b1934d4880, 0x000074b1934d4a80] 
[4,521s][debug][gc,nmethod     ] GC(1) O: Purge NMethod: jdk.internal.util.ArraysSupport.mismatch (0x000074b1b2c42308) [0x000074b1b2c42400, 0x000074b1b2c42690] 
[4,521s][debug][gc,nmethod     ] GC(1) O: Purge NMethod: java.util.LinkedHashMap$LinkedHashIterator.<init> (0x000074b1937e6108) [0x000074b1937e6200, 0x000074b1937e66d8] 
[4,521s][debug][gc,nmethod     ] GC(1) O: Purge NMethod: java.lang.invoke.MemberName.initResolved (0x000074b193468d08) [0x000074b193468e00, 0x000074b193468fc0] 
[4,521s][debug][gc,nmethod     ] GC(1) O: Purge NMethod: io.sirix.page.PageKind$1.serializePage (0x000074b193a22708) [0x000074b193a22800, 0x000074b193a30550] 
[4,521s][debug][gc,nmethod     ] GC(1) O: Purge NMethod: java.util.ImmutableCollections$ListN.get (0x000074b193407588) [0x000074b193407680, 0x000074b193407808] 
[4,521s][debug][gc,nmethod     ] GC(1) O: Purge NMethod: java.lang.classfile.CodeBuilder.exceptionCatch (0x000074b1937cb708) [0x000074b1937cb800, 0x000074b1937cbdd8] 
[4,521s][debug][gc,nmethod     ] GC(1) O: Purge NMethod: sun.reflect.annotation.AnnotationInvocationHandler.invoke (0x000074b1b2c65a88) [0x000074b1b2c65b80, 0x000074b1b2c66260] 
[4,521s][debug][gc,nmethod     ] GC(1) O: Purge NMethod: java.lang.String.startsWith (0x000074b1b2c44008) [0x000074b1b2c44100, 0x000074b1b2c44418] 
[4,521s][debug][gc,nmethod     ] GC(1) O: Purge NMethod: java.nio.ByteBuffer.arrayOffset (0x000074b1935a5988) [0x000074b1935a5a80, 0x000074b1935a5d60] 
[4,521s][debug][gc,nmethod     ] GC(1) O: Purge NMethod: jdk.internal.foreign.Utils$BaseAndScale.of (0x000074b1939c9b08) [0x000074b1939c9c00, 0x000074b1939cb218] 
[4,521s][debug][gc,nmethod     ] GC(1) O: Purge NMethod: java.lang.String.<init> (0x000074b193405b08) [0x000074b193405c00, 0x000074b1934067c0] 
[4,521s][debug][gc,nmethod     ] GC(1) O: Purge NMethod: jdk.internal.classfile.impl.SplitConstantPool.tryFindClassOrInterface (0x000074b193512908) [0x000074b193512a00, 0x000074b1935155b8] 
[4,521s][debug][gc,nmethod     ] GC(1) O: Purge NMethod: java.lang.invoke.InvokerBytecodeGenerator.emitPushArgument (0x000074b193693a08) [0x000074b193693b00, 0x000074b1936966c8] 
[4,521s][debug][gc,nmethod     ] GC(1) O: Purge NMethod: java.lang.Class.descriptorString (0x000074b1934fc288) [0x000074b1934fc380, 0x000074b193503f10] 
[4,521s][debug][gc,nmethod     ] GC(1) O: Purge NMethod: java.io.File.<init> (0x000074b19371a688) [0x000074b19371a780, 0x000074b19371b648] 
[4,521s][debug][gc,nmethod     ] GC(1) O: Purge NMethod: java.lang.String.indexOf (0x000074b193594a08) [0x000074b193594b00, 0x000074b193595320] 
[4,521s][debug][gc,nmethod     ] GC(1) O: Purge NMethod: java.util.concurrent.locks.AbstractQueuedSynchronizer.compareAndSetState (0x000074b1939c9808) [0x000074b1939c9900, 0x000074b1939c9a18] 
[4,521s][debug][gc,nmethod     ] GC(1) O: Purge NMethod: java.util.jar.JarFile.getVersionedEntry (0x000074b1936d7288) [0x000074b1936d7380, 0x000074b1936d8eb0] 
[4,521s][debug][gc,nmethod     ] GC(1) O: Purge NMethod: jdk.internal.classfile.impl.DirectCodeBuilder.parameterSlot (0x000074b1937e9508) [0x000074b1937e9600, 0x000074b1937e97b8] 
[4,521s][debug][gc,nmethod     ] GC(1) O: Purge NMethod: jdk.internal.foreign.AbstractMemorySegmentImpl.isAlignedForElement (0x000074b1937d6288) [0x000074b1937d6380, 0x000074b1937d6550] 
[4,521s][debug][gc,nmethod     ] GC(1) O: Purge NMethod: java.lang.invoke.SegmentVarHandle.checkSegment (0x000074b193687708) [0x000074b193687800, 0x000074b19368b118] 
[4,521s][debug][gc,nmethod     ] GC(1) O: Purge NMethod: java.lang.String.regionMatches (0x000074b1b2c29888) [0x000074b1b2c29980, 0x000074b1b2c29cc8] 
[4,521s][debug][gc,nmethod     ] GC(1) O: Purge NMethod: java.lang.Math.max (0x000074b193506288) [0x000074b193506380, 0x000074b1935064a8] 
[4,521s][debug][gc,nmethod     ] GC(1) O: Purge NMethod: jdk.internal.constant.ClassOrInterfaceDescImpl.ofValidated (0x000074b1934e6b88) [0x000074b1934e6c80, 0x000074b1934e6f08] 
[4,521s][debug][gc,nmethod     ] GC(1) O: Purge NMethod: java.lang.String.startsWith (0x000074b193519a88) [0x000074b193519b80, 0x000074b19351ada0] 
[4,521s][debug][gc,nmethod     ] GC(1) O: Purge NMethod: java.util.concurrent.atomic.AtomicLong.addAndGet (0x000074b193a8e888) [0x000074b193a8e980, 0x000074b193a8ea90] 
[4,521s][debug][gc,nmethod     ] GC(1) O: Purge NMethod: jdk.internal.misc.Unsafe.putLongUnaligned (0x000074b1937d6588) [0x000074b1937d6680, 0x000074b1937d6ab8] 
[4,521s][debug][gc,nmethod     ] GC(1) O: Purge NMethod: java.lang.CharacterDataLatin1.isWhitespace (0x000074b1b2c5eb88) [0x000074b1b2c5ec80, 0x000074b1b2c5ed78] 
[4,521s][debug][gc,nmethod     ] GC(1) O: Purge NMethod: java.net.URLStreamHandler.setURL (0x000074b1935ba988) [0x000074b1935baa80, 0x000074b1935bc6b8] 
[4,521s][debug][gc,nmethod     ] GC(1) O: Purge NMethod: jdk.internal.classfile.impl.UnboundAttribute$AdHocAttribute.writeTo (0x000074b1936c4c88) [0x000074b1936c4d80, 0x000074b1936c67c0] 
[4,521s][debug][gc,nmethod     ] GC(1) O: Purge NMethod: java.util.HashMap.putVal (0x000074b19347af88) [0x000074b19347b080, 0x000074b19347d410] 
[4,521s][debug][gc,nmethod     ] GC(1) O: Purge NMethod: sun.net.util.IPAddressUtil.scan (0x000074b1934d5a88) [0x000074b1934d5b80, 0x000074b1934d6dd8] 
[4,521s][debug][gc,nmethod     ] GC(1) O: Purge NMethod: java.lang.Integer.rotateRight (0x000074b193686808) [0x000074b193686900, 0x000074b1936869f0] 
[4,521s][debug][gc,nmethod     ] GC(1) O: Purge NMethod: jdk.internal.misc.Unsafe.putLongUnaligned (0x000074b1b2c90088) [0x000074b1b2c90180, 0x000074b1b2c90240] 
[4,521s][debug][gc,nmethod     ] GC(1) O: Purge NMethod: java.lang.String.startsWith (0x000074b1b2c11308) [0x000074b1b2c11400, 0x000074b1b2c116f0] 
[4,521s][debug][gc,nmethod     ] GC(1) O: Purge NMethod: java.io.OutputStream.flush (0x000074b193a18488) [0x000074b193a18580, 0x000074b193a18680] 
[4,521s][debug][gc,nmethod     ] GC(1) O: Purge NMethod: java.lang.String.hashCode (0x000074b193954388) [0x000074b193954480, 0x000074b193954aa8] 
[4,521s][debug][gc,nmethod     ] GC(1) O: Purge NMethod: java.lang.invoke.InnerClassLambdaMetafactory$3.accept (0x000074b1938d9a88) [0x000074b1938d9b80, 0x000074b1938dc118] 
[4,521s][debug][gc,nmethod     ] GC(1) O: Purge NMethod: java.lang.invoke.Invokers$Holder.linkToTargetMethod (0x000074b1935c5288) [0x000074b1935c5380, 0x000074b1935c5868] 
[4,521s][debug][gc,nmethod     ] GC(1) O: Purge NMethod: java.lang.ref.Cleaner$1.apply (0x000074b193479a08) [0x000074b193479b00, 0x000074b193479eb0] 
[4,521s][debug][gc,nmethod     ] GC(1) O: Purge NMethod: java.lang.Character.codePointAt (0x000074b1938f8b08) [0x000074b1938f8c00, 0x000074b1938f95d0] 
[4,521s][debug][gc,nmethod     ] GC(1) O: Purge NMethod: java.nio.CharBuffer.position (0x000074b193622508) [0x000074b193622600, 0x000074b193622960] 
[4,521s][debug][gc,nmethod     ] GC(1) O: Purge NMethod: jdk.internal.classfile.impl.StackMapGenerator.processBlock (0x000074b1b2c72f88) [0x000074b1b2c73080, 0x000074b1b2c75070] 
[4,521s][debug][gc,nmethod     ] GC(1) O: Purge NMethod: java.lang.invoke.VarHandleSegmentAsLongs.get (0x000074b193c45608) [0x000074b193c45700, 0x000074b193c4aba0] 
[4,521s][debug][gc,nmethod     ] GC(1) O: Purge NMethod: java.util.Arrays.copyOf (0x000074b19347de88) [0x000074b19347df80, 0x000074b19347e800] 
[4,521s][debug][gc,nmethod     ] GC(1) O: Purge NMethod: jdk.internal.classfile.impl.SplitConstantPool.utf8Entry (0x000074b1934e7288) [0x000074b1934e7380, 0x000074b1934e7678] 
[4,521s][debug][gc,nmethod     ] GC(1) O: Purge NMethod: jdk.internal.misc.Unsafe.putIntUnaligned (0x000074b193482808) [0x000074b193482900, 0x000074b193482b30] 
[4,521s][debug][gc,nmethod     ] GC(1) O: Purge NMethod: java.util.zip.ZipFile$ZipFileInputStream.close (0x000074b1934cdc08) [0x000074b1934cdd00, 0x000074b1934ce348] 
[4,521s][debug][gc,nmethod     ] GC(1) O: Purge NMethod: java.util.concurrent.ForkJoinPool.slotOffset (0x000074b1937d5f88) [0x000074b1937d6080, 0x000074b1937d6178] 
[4,521s][debug][gc,nmethod     ] GC(1) O: Purge NMethod: jdk.internal.util.ReferencedKeyMap.getNoCheckStale (0x000074b193422288) [0x000074b193422380, 0x000074b193422a00] 
[4,521s][debug][gc,nmethod     ] GC(1) O: Purge NMethod: java.util.zip.Checksum.update (0x000074b19361c888) [0x000074b19361c980, 0x000074b19361ccb8] 
[4,521s][debug][gc,nmethod     ] GC(1) O: Purge NMethod: java.nio.CharBuffer.arrayOffset (0x000074b1935a5488) [0x000074b1935a5580, 0x000074b1935a5860] 
[4,521s][debug][gc,nmethod     ] GC(1) O: Purge NMethod: java.lang.Thread.onSpinWait (0x000074b1935af988) [0x000074b1935afa80, 0x000074b1935afb60] 
[4,521s][debug][gc,nmethod     ] GC(1) O: Purge NMethod: com.google.gson.stream.JsonWriter.string (0x000074b1939ef288) [0x000074b1939ef380, 0x000074b1939f1748] 
[4,521s][debug][gc,nmethod     ] GC(1) O: Purge NMethod: jdk.internal.misc.ScopedMemoryAccess.getByte (0x000074b1934bec88) [0x000074b1934bed80, 0x000074b1934bf098] 
[4,521s][debug][gc,nmethod     ] GC(1) O: Purge NMethod: java.util.concurrent.atomic.AtomicLong.compareAndSet (0x000074b193a9cc88) [0x000074b193a9cd80, 0x000074b193a9cea0] 
[4,521s][debug][gc,nmethod     ] GC(1) O: Purge NMethod: jdk.internal.misc.Unsafe.checkSize (0x000074b193486308) [0x000074b193486400, 0x000074b193486660] 
[4,521s][debug][gc,nmethod     ] GC(1) O: Purge NMethod: io.sirix.page.KeyValueLeafPage.getSlotAsByteArray (0x000074b193471e88) [0x000074b193471f80, 0x000074b193472618] 
[4,521s][debug][gc,nmethod     ] GC(1) O: Purge NMethod: java.net.URL.<init> (0x000074b1935bc708) [0x000074b1935bc800, 0x000074b1935c2f18] 
[4,521s][debug][gc,nmethod     ] GC(1) O: Purge NMethod: io.sirix.page.KeyValueLeafPage.processEntries (0x000074b193b06808) [0x000074b193b06900, 0x000074b193b1b1f0] 
[4,521s][debug][gc,nmethod     ] GC(1) O: Purge NMethod: java.lang.ref.SoftReference.get (0x000074b193566e88) [0x000074b193566f80, 0x000074b193567140] 
[4,521s][debug][gc,nmethod     ] GC(1) O: Purge NMethod: java.lang.invoke.InvokerBytecodeGenerator.emitStoreResult (0x000074b193938408) [0x000074b193938500, 0x000074b193938bb8] 
[4,521s][debug][gc,nmethod     ] GC(1) O: Purge NMethod: java.nio.Buffer.position (0x000074b193778c08) [0x000074b193778d00, 0x000074b193778f40] 
[4,521s][debug][gc,nmethod     ] GC(1) O: Purge NMethod: java.lang.AbstractStringBuilder.<init> (0x000074b193812608) [0x000074b193812700, 0x000074b193813560] 
[4,521s][debug][gc,nmethod     ] GC(1) O: Purge NMethod: jdk.internal.classfile.impl.AbstractPoolEntry$AbstractRefsEntry.writeTo (0x000074b193504c08) [0x000074b193504d00, 0x000074b1935056a0] 
[4,521s][debug][gc,nmethod     ] GC(1) O: Purge NMethod: java.util.ArrayList.<init> (0x000074b193590b08) [0x000074b193590c00, 0x000074b193590ea0] 
[4,521s][debug][gc,nmethod     ] GC(1) O: Purge NMethod: io.sirix.page.KeyValueLeafPage.getSlot (0x000074b193499488) [0x000074b193499580, 0x000074b1934af7a0] 
[4,521s][debug][gc,nmethod     ] GC(1) O: Purge NMethod: jdk.internal.foreign.AbstractMemorySegmentImpl.isAlignedForElement (0x000074b19341ec88) [0x000074b19341ed80, 0x000074b19341f3c8] 
[4,521s][debug][gc,nmethod     ] GC(1) O: Purge NMethod: java.lang.StringConcatHelper.checkOverflow (0x000074b1934d4488) [0x000074b1934d4580, 0x000074b1934d4758] 
[4,521s][debug][gc,nmethod     ] GC(1) O: Purge NMethod: java.lang.StringBuilder.length (0x000074b19344f288) [0x000074b19344f380, 0x000074b19344f498] 
[4,521s][debug][gc,nmethod     ] GC(1) O: Purge NMethod: jdk.internal.classfile.impl.StackMapGenerator.of (0x000074b19371b988) [0x000074b19371ba80, 0x000074b19371cff0] 
[4,521s][debug][gc,nmethod     ] GC(1) O: Purge NMethod: java.util.Arrays.fill (0x000074b193527c88) [0x000074b193527d80, 0x000074b193527f08] 
[4,521s][debug][gc,nmethod     ] GC(1) O: Purge NMethod: jdk.internal.classfile.impl.SplitConstantPool.findEntry (0x000074b1b2c47408) [0x000074b1b2c47520, 0x000074b1b2c47d60] 
[4,521s][debug][gc,nmethod     ] GC(1) O: Purge NMethod: java.lang.reflect.Array.newInstance (0x000074b1935aae08) [0x000074b1935aaf00, 0x000074b1935ab010] 
[4,521s][debug][gc,nmethod     ] GC(1) O: Purge NMethod: java.lang.invoke.InnerClassLambdaMetafactory.convertArgumentTypes (0x000074b1938be408) [0x000074b1938be500, 0x000074b1938bf7c8] 
[4,521s][debug][gc,nmethod     ] GC(1) O: Purge NMethod: java.util.BitSet.recalculateWordsInUse (0x000074b1939d0308) [0x000074b1939d0400, 0x000074b1939d0640] 
[4,521s][debug][gc,nmethod     ] GC(1) O: Purge NMethod: sun.net.www.ParseUtil.encodePath (0x000074b193595f88) [0x000074b193596080, 0x000074b193596268] 
[4,521s][debug][gc,nmethod     ] GC(1) O: Purge NMethod: java.util.BitSet.set (0x000074b1935a7b88) [0x000074b1935a7c80, 0x000074b1935a8bc8] 
[4,521s][debug][gc,nmethod     ] GC(1) O: Purge NMethod: java.lang.invoke.VarHandleGuards.guard_LJ_J (0x000074b193c3d288) [0x000074b193c3d380, 0x000074b193c40260] 
[4,521s][debug][gc,nmethod     ] GC(1) O: Purge NMethod: jdk.internal.misc.Unsafe.convEndian (0x000074b193455b88) [0x000074b193455c80, 0x000074b193455e28] 
[4,521s][debug][gc,nmethod     ] GC(1) O: Purge NMethod: java.nio.Buffer.session (0x000074b193485d88) [0x000074b193485e80, 0x000074b193486288] 
[4,521s][debug][gc,nmethod     ] GC(1) O: Purge NMethod: java.util.concurrent.ConcurrentHashMap.putVal (0x000074b1936aab08) [0x000074b1936aac00, 0x000074b1936ad148] 
[4,521s][debug][gc,nmethod     ] GC(1) O: Purge NMethod: jdk.internal.classfile.impl.Util.parameterSlots (0x000074b1b2c8f608) [0x000074b1b2c8f700, 0x000074b1b2c8f908] 
[4,522s][debug][gc,nmethod     ] GC(1) O: Purge NMethod: java.util.WeakHashMap.expungeStaleEntries (0x000074b19348b708) [0x000074b19348b800, 0x000074b19348c598] 
[4,522s][debug][gc,nmethod     ] GC(1) O: Purge NMethod: java.nio.HeapByteBuffer.ix (0x000074b1936f3488) [0x000074b1936f3580, 0x000074b1936f3688] 
[4,522s][debug][gc,nmethod     ] GC(1) O: Purge NMethod: java.lang.invoke.VarHandleSegmentAsInts.get (0x000074b193a4b008) [0x000074b193a4b100, 0x000074b193a505a0] 
[4,522s][debug][gc,nmethod     ] GC(1) O: Purge NMethod: java.lang.Object.<init> (0x000074b1b2be5d88) [0x000074b1b2be5e80, 0x000074b1b2be5f00] 
[4,522s][debug][gc,nmethod     ] GC(1) O: Purge NMethod: java.util.concurrent.ConcurrentHashMap$Traverser.advance (0x000074b193678a08) [0x000074b193678b00, 0x000074b193679bf8] 
[4,522s][debug][gc,nmethod     ] GC(1) O: Purge NMethod: java.lang.invoke.LambdaForm$Holder.constant_L (0x000074b1935c5888) [0x000074b1935c5980, 0x000074b1935c5ca0] 
[4,522s][debug][gc,nmethod     ] GC(1) O: Purge NMethod: java.nio.Buffer.remaining (0x000074b193411b08) [0x000074b193411c00, 0x000074b193411d70] 
[4,522s][debug][gc,nmethod     ] GC(1) O: Purge NMethod: java.lang.Integer.hashCode (0x000074b1936c6808) [0x000074b1936c6900, 0x000074b1936c6a58] 
[4,522s][debug][gc,nmethod     ] GC(1) O: Purge NMethod: jdk.internal.classfile.impl.DirectCodeBuilder$4.writeBody (0x000074b1936cc908) [0x000074b1936cca00, 0x000074b1936d09e8] 
[4,522s][debug][gc,nmethod     ] GC(1) O: Purge NMethod: java.lang.classfile.CodeBuilder.newBoundLabel (0x000074b1937bc288) [0x000074b1937bc380, 0x000074b1937bcdd8] 
[4,522s][debug][gc,nmethod     ] GC(1) O: Purge NMethod: java.util.HashMap.put (0x000074b1936f1008) [0x000074b1936f1100, 0x000074b1936f16e8] 
[4,522s][debug][gc,nmethod     ] GC(1) O: Purge NMethod: jdk.internal.classfile.impl.StackMapGenerator$Frame.checkLocal (0x000074b193560288) [0x000074b193560380, 0x000074b193560fd8] 
[4,522s][debug][gc,nmethod     ] GC(1) O: Purge NMethod: java.lang.String.startsWith (0x000074b193d26c88) [0x000074b193d26d80, 0x000074b193d27fa0] 
[4,522s][debug][gc,nmethod     ] GC(1) O: Purge NMethod: jdk.internal.classfile.impl.SplitConstantPool.findEntry (0x000074b1934f4388) [0x000074b1934f4480, 0x000074b1934f5b88] 
[4,522s][debug][gc,nmethod     ] GC(1) O: Purge NMethod: java.lang.StringBuilder.append (0x000074b19348e988) [0x000074b19348ea80, 0x000074b19348ebc8] 
[4,522s][debug][gc,nmethod     ] GC(1) O: Purge NMethod: java.lang.invoke.InvokerBytecodeGenerator.emitLoadInsn (0x000074b193693708) [0x000074b193693800, 0x000074b1936939e8] 
[4,522s][debug][gc,nmethod     ] GC(1) O: Purge NMethod: java.nio.DirectIntBufferU.ix (0x000074b193677388) [0x000074b193677480, 0x000074b193677590] 
[4,522s][debug][gc,nmethod     ] GC(1) O: Purge NMethod: java.io.UnixFileSystem.getFileForSysCalls (0x000074b19367a608) [0x000074b19367a700, 0x000074b19367ac40] 
[4,522s][debug][gc,nmethod     ] GC(1) O: Purge NMethod: jdk.internal.classfile.impl.DirectCodeBuilder.receiverSlot (0x000074b19382cc88) [0x000074b19382cd80, 0x000074b19382d258] 
[4,522s][debug][gc,nmethod     ] GC(1) O: Purge NMethod: java.io.DataInputStream.readFully (0x000074b19360d888) [0x000074b19360d980, 0x000074b19360e030] 
[4,522s][debug][gc,nmethod     ] GC(1) O: Purge NMethod: java.nio.channels.spi.AbstractInterruptibleChannel.end (0x000074b193ad5d88) [0x000074b193ad5e80, 0x000074b193ad6b88] 
[4,522s][debug][gc,nmethod     ] GC(1) O: Purge NMethod: java.util.Arrays.fill (0x000074b1b2c78288) [0x000074b1b2c78380, 0x000074b1b2c785a8] 
[4,522s][debug][gc,nmethod     ] GC(1) O: Purge NMethod: java.util.stream.Sink.end (0x000074b19380ca08) [0x000074b19380cb00, 0x000074b19380cc00] 
[4,522s][debug][gc,nmethod     ] GC(1) O: Purge NMethod: java.util.concurrent.ForkJoinPool.awaitWork (0x000074b193bd3508) [0x000074b193bd3600, 0x000074b193bd43d0] 
[4,522s][debug][gc,nmethod     ] GC(1) O: Purge NMethod: java.lang.Thread.interrupted (0x000074b193a86a08) [0x000074b193a86b00, 0x000074b193a86ec8] 
[4,522s][debug][gc,nmethod     ] GC(1) O: Purge NMethod: org.gradle.internal.io.StreamByteBuffer$StreamByteBufferChunk.spaceLeft (0x000074b19346e308) [0x000074b19346e400, 0x000074b19346e508] 
[4,522s][debug][gc,nmethod     ] GC(1) O: Purge NMethod: jdk.internal.classfile.impl.SplitConstantPool.internalAdd (0x000074b193424908) [0x000074b193424a00, 0x000074b193424d58] 
[4,522s][debug][gc,nmethod     ] GC(1) O: Purge NMethod: com.google.gson.stream.JsonReader.nextQuotedValue (0x000074b1939f5e88) [0x000074b1939f5f80, 0x000074b1939f84e0] 
[4,522s][debug][gc,nmethod     ] GC(1) O: Purge NMethod: java.lang.classfile.CodeBuilder.exceptionCatch (0x000074b1937cc588) [0x000074b1937cc680, 0x000074b1937cd0c8] 
[4,522s][debug][gc,nmethod     ] GC(1) O: Purge NMethod: jdk.internal.classfile.impl.SplitConstantPool.writeTo (0x000074b1936b5d08) [0x000074b1936b5e00, 0x000074b1936b85e0] 
[4,522s][debug][gc,nmethod     ] GC(1) O: Purge NMethod: com.github.benmanes.caffeine.cache.StripedBuffer.drainTo (0x000074b193b9af88) [0x000074b193b9b080, 0x000074b193b9b568] 
[4,522s][debug][gc,nmethod     ] GC(1) O: Purge NMethod: java.lang.Math.clamp (0x000074b193593808) [0x000074b193593900, 0x000074b1935949c8] 
[4,522s][debug][gc,nmethod     ] GC(1) O: Purge NMethod: jdk.internal.misc.Unsafe.putLongUnaligned (0x000074b193a07188) [0x000074b193a07280, 0x000074b193a07488] 
[4,522s][debug][gc,nmethod     ] GC(1) O: Purge NMethod: java.lang.reflect.Method.getParameterCount (0x000074b1937b8c88) [0x000074b1937b8d80, 0x000074b1937b8eb8] 
[4,522s][debug][gc,nmethod     ] GC(1) O: Purge NMethod: java.util.stream.ReduceOps$ReduceOp.evaluateSequential (0x000074b19386a608) [0x000074b19386a700, 0x000074b19386af28] 
[4,522s][debug][gc,nmethod     ] GC(1) O: Purge NMethod: java.lang.classfile.CodeBuilder.getfield (0x000074b193863a08) [0x000074b193863b00, 0x000074b1938644e0] 
[4,522s][debug][gc,nmethod     ] GC(1) O: Purge NMethod: com.google.gson.stream.JsonWriter.newline (0x000074b193aad688) [0x000074b193aad780, 0x000074b193aae548] 
[4,522s][debug][gc,nmethod     ] GC(1) O: Purge NMethod: java.lang.String.startsWith (0x000074b1b2be7d88) [0x000074b1b2be7e80, 0x000074b1b2be8180] 
[4,522s][debug][gc,nmethod     ] GC(1) O: Purge NMethod: java.io.UnixFileSystem.resolve (0x000074b193717088) [0x000074b193717180, 0x000074b19371a610] 
[4,522s][debug][gc,nmethod     ] GC(1) O: Purge NMethod: jdk.internal.classfile.impl.AbstractPoolEntry$Utf8EntryImpl.methodTypeSymbol (0x000074b1934f8b08) [0x000074b1934f8c00, 0x000074b1934f96d0] 
[4,522s][debug][gc,nmethod     ] GC(1) O: Purge NMethod: java.lang.StringLatin1.regionMatchesCI (0x000074b1934c3288) [0x000074b1934c3380, 0x000074b1934c3620] 
[4,522s][debug][gc,nmethod     ] GC(1) O: Purge NMethod: com.github.benmanes.caffeine.cache.BoundedLocalCache.clear (0x000074b193b9de08) [0x000074b193b9df00, 0x000074b193ba2848] 
[4,522s][debug][gc,nmethod     ] GC(1) O: Purge NMethod: java.lang.invoke.Invokers$Holder.linkToTargetMethod (0x000074b1936d9208) [0x000074b1936d9300, 0x000074b1936d97f8] 
[4,522s][debug][gc,nmethod     ] GC(1) O: Purge NMethod: java.util.concurrent.ConcurrentHashMap.putIfAbsent (0x000074b1b2c7f888) [0x000074b1b2c7f980, 0x000074b1b2c821e8] 
[4,522s][debug][gc,nmethod     ] GC(1) O: Purge NMethod: jdk.internal.classfile.impl.Util.parameterSlots (0x000074b1934fb388) [0x000074b1934fb480, 0x000074b1934fb910] 
[4,522s][debug][gc,nmethod     ] GC(1) O: Purge NMethod: java.util.AbstractMap.<init> (0x000074b193439608) [0x000074b193439700, 0x000074b193439858] 
[4,522s][debug][gc,nmethod     ] GC(1) O: Purge NMethod: java.nio.channels.spi.AbstractInterruptibleChannel.blockedOn (0x000074b193a18f08) [0x000074b193a19000, 0x000074b193a196c0] 
[4,522s][debug][gc,nmethod     ] GC(1) O: Purge NMethod: java.util.concurrent.atomic.AtomicLong.incrementAndGet (0x000074b193a3f988) [0x000074b193a3fa80, 0x000074b193a3fb98] 
[4,522s][debug][gc,nmethod     ] GC(1) O: Purge NMethod: jdk.internal.classfile.impl.SplitConstantPool.classEntry (0x000074b19350e408) [0x000074b19350e500, 0x000074b1935101b8] 
[4,522s][debug][gc,nmethod     ] GC(1) O: Purge NMethod: java.lang.invoke.SegmentVarHandle.checkSegment (0x000074b1b2cca188) [0x000074b1b2cca280, 0x000074b1b2cca598] 
[4,522s][debug][gc,nmethod     ] GC(1) O: Purge NMethod: java.nio.ByteBuffer.position (0x000074b1938e7508) [0x000074b1938e7600, 0x000074b1938e7900] 
[4,522s][debug][gc,nmethod     ] GC(1) O: Purge NMethod: java.lang.Long.hashCode (0x000074b19351c688) [0x000074b19351c780, 0x000074b19351c870] 
[4,522s][debug][gc,nmethod     ] GC(1) O: Purge NMethod: net.jpountz.util.SafeUtils.readIntLE (0x000074b193bfe488) [0x000074b193bfe580, 0x000074b193bfe720] 
[4,522s][debug][gc,nmethod     ] GC(1) O: Purge NMethod: java.lang.StringCoding.implEncodeAsciiArray (0x000074b193621f08) [0x000074b193622000, 0x000074b193622228] 
[4,522s][debug][gc,nmethod     ] GC(1) O: Purge NMethod: java.lang.invoke.VarHandle.checkAccessModeThenIsDirect (0x000074b193577a88) [0x000074b193577b80, 0x000074b193578d28] 
[4,522s][debug][gc,nmethod     ] GC(1) O: Purge NMethod: io.sirix.access.trx.node.AbstractNodeReadOnlyTrx.assertNotClosed (0x000074b193c37c88) [0x000074b193c37d80, 0x000074b193c37f88] 
[4,522s][debug][gc,nmethod     ] GC(1) O: Purge NMethod: java.lang.invoke.MethodType.hashCode (0x000074b19341b008) [0x000074b19341b100, 0x000074b19341b780] 
[4,522s][debug][gc,nmethod     ] GC(1) O: Purge NMethod: java.lang.Integer.valueOf (0x000074b1936a8888) [0x000074b1936a8980, 0x000074b1936a8c98] 
[4,522s][debug][gc,nmethod     ] GC(1) O: Purge NMethod: jdk.internal.loader.BuiltinClassLoader.loadClassOrNull (0x000074b19355c488) [0x000074b19355c580, 0x000074b19355e018] 
[4,522s][debug][gc,nmethod     ] GC(1) O: Purge NMethod: java.io.File.isInvalid (0x000074b19347a888) [0x000074b19347a980, 0x000074b19347af30] 
[4,522s][debug][gc,nmethod     ] GC(1) O: Purge NMethod: io.sirix.page.KeyValueLeafPage.getDeweyId (0x000074b193c1e988) [0x000074b193c1ea80, 0x000074b193c24248] 
[4,522s][debug][gc,nmethod     ] GC(1) O: Purge NMethod: java.util.HashMap$HashIterator.hasNext (0x000074b193430188) [0x000074b193430280, 0x000074b193430400] 
[4,522s][debug][gc,nmethod     ] GC(1) O: Purge NMethod: jdk.internal.classfile.impl.MethodInfo.receiverSlot (0x000074b19382c908) [0x000074b19382ca00, 0x000074b19382cc68] 
[4,522s][debug][gc,nmethod     ] GC(1) O: Purge NMethod: java.util.ArrayList$Itr.next (0x000074b19350c688) [0x000074b19350c780, 0x000074b19350cdc8] 
[4,522s][debug][gc,nmethod     ] GC(1) O: Purge NMethod: java.lang.Integer.numberOfLeadingZeros (0x000074b1934e6808) [0x000074b1934e6900, 0x000074b1934e6b80] 
[4,522s][debug][gc,nmethod     ] GC(1) O: Purge NMethod: jdk.internal.misc.Unsafe.getReferenceAcquire (0x000074b193412308) [0x000074b193412400, 0x000074b193412530] 
[4,522s][debug][gc,nmethod     ] GC(1) O: Purge NMethod: jdk.internal.foreign.AbstractMemorySegmentImpl.isAlignedForElement (0x000074b193470d08) [0x000074b193470e00, 0x000074b1934717c0] 
[4,522s][debug][gc,nmethod     ] GC(1) O: Purge NMethod: java.util.stream.AbstractPipeline.isParallel (0x000074b19372fb08) [0x000074b19372fc00, 0x000074b19372fd38] 
[4,522s][debug][gc,nmethod     ] GC(1) O: Purge NMethod: java.lang.Class.annotationData (0x000074b193808288) [0x000074b193808380, 0x000074b193808668] 
[4,522s][debug][gc,nmethod     ] GC(1) O: Purge NMethod: jdk.internal.classfile.impl.StackMapGenerator$Frame.pushStack (0x000074b19355e488) [0x000074b19355e580, 0x000074b19355e9e0] 
[4,522s][debug][gc,nmethod     ] GC(1) O: Purge NMethod: com.github.benmanes.caffeine.cache.BaseMpscLinkedArrayQueue.modifiedCalcElementOffset (0x000074b193b9bb08) [0x000074b193b9bc00, 0x000074b193b9bcf0] 
[4,522s][debug][gc,nmethod     ] GC(1) O: Purge NMethod: java.lang.invoke.InvokerBytecodeGenerator.emitStaticInvoke (0x000074b193940508) [0x000074b193940600, 0x000074b193942ce8] 
[4,522s][debug][gc,nmethod     ] GC(1) O: Purge NMethod: java.lang.CharacterDataLatin1.equalsIgnoreCase (0x000074b1b2c76988) [0x000074b1b2c76a80, 0x000074b1b2c76b90] 
[4,522s][debug][gc,nmethod     ] GC(1) O: Purge NMethod: java.lang.String.indexOf (0x000074b1934dc688) [0x000074b1934dc780, 0x000074b1934dd138] 
[4,522s][debug][gc,nmethod     ] GC(1) O: Purge NMethod: java.util.HashMap.put (0x000074b1b2c31b88) [0x000074b1b2c31c80, 0x000074b1b2c32a38] 
[4,522s][debug][gc,nmethod     ] GC(1) O: Purge NMethod: jdk.internal.loader.URLClassPath.getResource (0x000074b193596288) [0x000074b193596380, 0x000074b1935967e8] 
[4,522s][debug][gc,nmethod     ] GC(1) O: Purge NMethod: jdk.internal.classfile.impl.SplitConstantPool.classEntryForClassOrInterface (0x000074b193510208) [0x000074b193510300, 0x000074b193512890] 
[4,522s][debug][gc,nmethod     ] GC(1) O: Purge NMethod: java.lang.classfile.CodeBuilder.checkcast (0x000074b1936ea008) [0x000074b1936ea100, 0x000074b1936eaa38] 
[4,522s][debug][gc,nmethod     ] GC(1) O: Purge NMethod: jdk.internal.classfile.impl.BufWriterImpl.writeIndex (0x000074b193561408) [0x000074b193561500, 0x000074b193563928] 
[4,522s][debug][gc,nmethod     ] GC(1) O: Purge NMethod: java.lang.invoke.VarForm.getMemberName (0x000074b193578d88) [0x000074b193578e80, 0x000074b193579600] 
[4,522s][debug][gc,nmethod     ] GC(1) O: Purge NMethod: jdk.internal.classfile.impl.StackMapGenerator.processBlock (0x000074b193961f88) [0x000074b193962080, 0x000074b193991f20] 
[4,522s][debug][gc,nmethod     ] GC(1) O: Purge NMethod: java.util.Arrays.hashCode (0x000074b19373e688) [0x000074b19373e780, 0x000074b19373e900] 
[4,522s][debug][gc,nmethod     ] GC(1) O: Purge NMethod: java.lang.Number.<init> (0x000074b193566088) [0x000074b193566180, 0x000074b1935662d8] 
[4,522s][debug][gc,nmethod     ] GC(1) O: Purge NMethod: java.lang.invoke.MethodType.methodType (0x000074b19345b988) [0x000074b19345ba80, 0x000074b19345bf60] 
[4,522s][debug][gc,nmethod     ] GC(1) O: Purge NMethod: java.io.UnixFileSystem.hasBooleanAttributes (0x000074b1936a8d08) [0x000074b1936a8e00, 0x000074b1936a9978] 
[4,523s][debug][gc,nmethod     ] Register NMethod: java.lang.invoke.LambdaForm$DMH/0x00000000611f8800.invokeStatic (0x000074b193f2ab08) [0x000074b193f2ac00, 0x000074b193f2afc8] Compiler: c1, Barriers: 1, Oops: 1, ImmediateOops: 0, NonImmediateOops: No
[4,523s][debug][gc,phases      ] GC(1) O: Concurrent Classes Purge 3,368ms
[4,523s][debug][gc,phases,start] GC(1) O: Concurrent References Enqueue
[4,523s][debug][gc,phases      ] GC(1) O: Concurrent References Enqueue 0,011ms
[4,523s][info ][gc,phases      ] GC(1) O: Concurrent Process Non-Strong 18,942ms
[4,523s][debug][gc,phases,start] GC(1) O: Concurrent Reset Relocation Set
[4,523s][info ][gc,phases      ] GC(1) O: Concurrent Reset Relocation Set 0,010ms
[4,523s][debug][gc,phases,start] GC(1) O: Concurrent Select Relocation Set
[4,523s][debug][gc,reloc       ] Synchronize all workers 1 _nworkers: 0 _nsynchronized: 0
[4,523s][debug][gc,reloc       ] Synchronize all workers 1 _nworkers: 0 _nsynchronized: 0
[4,523s][debug][gc,reloc       ] GC(1) O: Relocation Set (Medium Pages): 0->0, 0 skipped, 0 forwarding entries
[4,523s][debug][gc,reloc       ] GC(1) O: Relocation Set (Small Pages): 0->0, 0 skipped, 0 forwarding entries
[4,523s][debug][gc,task        ] GC(1) O: Executing ZRelocationSetInstallTask using ZWorkerOld with 1 workers
[4,523s][debug][gc,reloc       ] Desynchronize all workers _nworkers: 0 _nsynchronized: 0
[4,523s][debug][gc,reloc       ] Desynchronize all workers _nworkers: 0 _nsynchronized: 0
[4,523s][info ][gc,phases      ] GC(1) O: Concurrent Select Relocation Set 0,482ms
[4,523s][debug][gc,phases,start] GC(1) O: Concurrent Remap Roots
[4,523s][info ][gc,task        ] GC(1) O: Using 2 Workers for Old Generation
[4,523s][debug][gc,nmethod     ] Register NMethod: sun.nio.fs.UnixPath.equals (0x000074b193422288) [0x000074b193422380, 0x000074b193422a18] Compiler: c1, Barriers: 2, Oops: 0, ImmediateOops: 0, NonImmediateOops: No
[4,523s][debug][gc,task        ] GC(1) O: Executing ZRemapYoungRootsTask using ZWorkerOld with 2 workers
[4,524s][debug][gc,nmethod     ] Register NMethod: io.sirix.io.filechannel.FileChannelStorage.getDataFilePath (0x000074b1937bc288) [0x000074b1937bc380, 0x000074b1937bcda8] Compiler: c1, Barriers: 3, Oops: 2, ImmediateOops: 2, NonImmediateOops: No
[4,525s][debug][gc,nmethod     ] Register NMethod: java.io.BufferedWriter.min (0x000074b193407588) [0x000074b193407680, 0x000074b1934077d8] Compiler: c1, Barriers: 0, Oops: 0, ImmediateOops: 0, NonImmediateOops: No
[4,525s][debug][gc,nmethod     ] Register NMethod: java.io.BufferedWriter.growIfNeeded (0x000074b193424908) [0x000074b193424a00, 0x000074b193424d18] Compiler: c1, Barriers: 4, Oops: 0, ImmediateOops: 0, NonImmediateOops: No
[4,525s][info ][gc,task        ] GC(1) O: Using 1 Workers for Old Generation
[4,525s][info ][gc,phases      ] GC(1) O: Concurrent Remap Roots 1,745ms
[4,525s][debug][gc,reloc       ] Synchronize all workers 1 _nworkers: 0 _nsynchronized: 0
[4,525s][debug][gc,reloc       ] Synchronize all workers 1 _nworkers: 0 _nsynchronized: 0
[4,525s][debug][gc,nmethod     ] Register NMethod: java.lang.Math.floorMod (0x000074b193408788) [0x000074b193408880, 0x000074b193408998] Compiler: c1, Barriers: 0, Oops: 0, ImmediateOops: 0, NonImmediateOops: No
[4,525s][debug][gc,phases,start] GC(1) O: Pause Relocate Start
[4,525s][debug][gc,reloc       ] GC(1) O: Joining workers: 1
[4,525s][info ][gc,phases      ] GC(1) O: Pause Relocate Start 0,047ms
[4,525s][debug][gc,reloc       ] Desynchronize all workers _nworkers: 1 _nsynchronized: 0
[4,525s][debug][gc,reloc       ] Desynchronize all workers _nworkers: 0 _nsynchronized: 0
[4,525s][debug][gc,phases,start] GC(1) O: Concurrent Relocate
[4,525s][debug][gc,task        ] GC(1) O: Executing ZRelocateStoreBufferInstallBasePointersTask using ZWorkerOld with 1 workers
[4,525s][debug][gc,nmethod     ] Register NMethod: java.io.BufferedWriter.write (0x000074b1935c5288) [0x000074b1935c5380, 0x000074b1935c5c70] Compiler: c1, Barriers: 3, Oops: 0, ImmediateOops: 1, NonImmediateOops: No
[4,525s][debug][gc,task        ] GC(1) O: Executing ZRelocateTask using ZWorkerOld with 1 workers
[4,525s][debug][gc,reloc       ] GC(1) O: Leaving workers: left: 0 _synchronize: 0 _nsynchronized: 0
[4,525s][debug][gc             ] JNI Critical Stall (Test worker) 0,277ms
[4,525s][info ][gc,phases      ] GC(1) O: Concurrent Relocate 0,096ms
[4,526s][debug][gc,heap        ] GC(1) O: Heap After GC invocations=2 (full 2):
[4,526s][debug][gc,heap        ] GC(1) O:  ZHeap           used 150M, capacity 5120M, max capacity 12288M
[4,526s][debug][gc,heap        ] GC(1) O:   Cache          4970M (6)
[4,526s][debug][gc,heap        ] GC(1) O:    size classes  2M (1), 4M (1), 16M (1), 32M (2), 4G (1)
[4,526s][debug][gc,metaspace   ] GC(1) O: Metaspace After GC invocations=2 (full 2):
[4,526s][debug][gc,metaspace   ] GC(1) O:  Metaspace       used 37760K, committed 38208K, reserved 1114112K
[4,526s][debug][gc,metaspace   ] GC(1) O:   class space    used 3395K, committed 3584K, reserved 1048576K
[4,526s][info ][gc,alloc       ] GC(1) O:                         Mark Start        Mark End      Relocate Start    Relocate End   
[4,526s][info ][gc,alloc       ] GC(1) O: Allocation Stalls:          0                0                0                0         
[4,526s][info ][gc,load        ] GC(1) O: Load: 5,30 (27%) / 2,70 (13%) / 1,91 (10%)
[4,526s][info ][gc,mmu         ] GC(1) O: MMU: 2ms/92,6%, 5ms/97,0%, 10ms/98,5%, 20ms/99,2%, 50ms/99,5%, 100ms/99,7%
[4,526s][info ][gc,marking     ] GC(1) O: Mark: 1 stripe(s), 1 proactive flush(es), 1 terminate flush(es), 0 completion(s), 0 continuation(s) 
[4,526s][info ][gc,nmethod     ] GC(1) O: NMethods: 3877 registered, 256 unregistered
[4,526s][info ][gc,metaspace   ] GC(1) O: Metaspace: 36M used, 37M committed, 1088M reserved
[4,526s][info ][gc,ref         ] GC(1) O:                       Encountered   Discovered     Enqueued 
[4,526s][info ][gc,ref         ] GC(1) O: Soft References:             3088            0            0 
[4,526s][info ][gc,ref         ] GC(1) O: Weak References:             3298            0            0 
[4,526s][info ][gc,ref         ] GC(1) O: Final References:             914            0            0 
[4,526s][info ][gc,ref         ] GC(1) O: Phantom References:          2173            0            0 
[4,526s][info ][gc,heap        ] GC(1) O: Min Capacity: 5120M(42%)
[4,526s][info ][gc,heap        ] GC(1) O: Max Capacity: 12288M(100%)
[4,526s][info ][gc,heap        ] GC(1) O: Soft Max Capacity: 12288M(100%)
[4,526s][info ][gc,heap        ] GC(1) O: Heap Statistics:
[4,526s][info ][gc,heap        ] GC(1) O:                Mark Start          Mark End        Relocate Start      Relocate End           High               Low         
[4,526s][info ][gc,heap        ] GC(1) O:  Capacity:     5120M (42%)        5120M (42%)        5120M (42%)        5120M (42%)        5120M (42%)        5120M (42%)    
[4,526s][info ][gc,heap        ] GC(1) O:      Free:    12058M (98%)       12182M (99%)       12138M (99%)       12138M (99%)       12182M (99%)       12014M (98%)    
[4,526s][info ][gc,heap        ] GC(1) O:      Used:      230M (2%)          106M (1%)          150M (1%)          150M (1%)          274M (2%)          106M (1%)     
[4,526s][info ][gc,heap        ] GC(1) O: Old Generation Statistics:
[4,526s][info ][gc,heap        ] GC(1) O:                Mark Start          Mark End        Relocate Start      Relocate End    
[4,526s][info ][gc,heap        ] GC(1) O:      Used:        0M (0%)            0M (0%)            0M (0%)            0M (0%)     
[4,526s][info ][gc,heap        ] GC(1) O:      Live:         -                 0M (0%)            0M (0%)            0M (0%)     
[4,526s][info ][gc,heap        ] GC(1) O:   Garbage:         -                 0M (0%)            0M (0%)            0M (0%)     
[4,526s][info ][gc,heap        ] GC(1) O: Allocated:         -                 0M (0%)            0M (0%)            0M (0%)     
[4,526s][info ][gc,heap        ] GC(1) O: Reclaimed:         -                  -                 0M (0%)            0M (0%)     
[4,526s][info ][gc,heap        ] GC(1) O: Compacted:         -                  -                  -                 0M (0%)     
[4,526s][info ][gc,phases      ] GC(1) O: Old Generation 106M(1%)->150M(1%) 0,023s
[4,526s][info ][gc             ] GC(1) Major Collection (Metadata GC Threshold) 230M(2%)->150M(1%) 0,072s
[4,527s][debug][gc,nmethod     ] Register NMethod: it.unimi.dsi.fastutil.longs.AbstractLongList.push (0x000074b193411b08) [0x000074b193411c00, 0x000074b193411d48] Compiler: c1, Barriers: 0, Oops: 1, ImmediateOops: 0, NonImmediateOops: No
[4,528s][debug][gc,nmethod     ] Register NMethod: io.sirix.node.delegates.NodeDelegate.getParentKey (0x000074b1b2be5d88) [0x000074b1b2be5e80, 0x000074b1b2be5f40] Compiler: c1, Barriers: 0, Oops: 1, ImmediateOops: 0, NonImmediateOops: No
[4,529s][debug][gc,nmethod     ] Register NMethod: it.unimi.dsi.fastutil.longs.AbstractLongList.popLong (0x000074b19348ac88) [0x000074b19348ad80, 0x000074b19348b0a8] Compiler: c1, Barriers: 0, Oops: 1, ImmediateOops: 0, NonImmediateOops: No
[4,529s][debug][gc,nmethod     ] Register NMethod: it.unimi.dsi.fastutil.longs.LongArrayList.removeLong (0x000074b1934ea988) [0x000074b1934eaa80, 0x000074b1934ec1b0] Compiler: c1, Barriers: 2, Oops: 4, ImmediateOops: 4, NonImmediateOops: No
[4,529s][debug][gc,nmethod     ] Register NMethod: io.sirix.node.xml.AbstractStructForwardingNode.hasRightSibling (0x000074b1936f1008) [0x000074b1936f1100, 0x000074b1936f16c8] Compiler: c1, Barriers: 0, Oops: 1, ImmediateOops: 1, NonImmediateOops: No
[4,529s][debug][gc,nmethod     ] Register NMethod: io.sirix.node.delegates.StructNodeDelegate.getLeftSiblingKey (0x000074b1b2c5eb88) [0x000074b1b2c5ec80, 0x000074b1b2c5ed40] Compiler: c1, Barriers: 0, Oops: 1, ImmediateOops: 0, NonImmediateOops: No
[4,529s][debug][gc,nmethod     ] Register NMethod: it.unimi.dsi.fastutil.longs.LongArrayList.getLong (0x000074b19360e408) [0x000074b19360e500, 0x000074b19360f990] Compiler: c1, Barriers: 1, Oops: 4, ImmediateOops: 4, NonImmediateOops: No
[4,530s][debug][gc,nmethod     ] Register NMethod: io.sirix.node.delegates.StructNodeDelegate.hasRightSibling (0x000074b1934bec88) [0x000074b1934bed80, 0x000074b1934bf0c8] Compiler: c1, Barriers: 0, Oops: 1, ImmediateOops: 1, NonImmediateOops: No
[4,530s][debug][gc,nmethod     ] Register NMethod: io.sirix.node.json.ArrayNode.getKind (0x000074b193412308) [0x000074b193412400, 0x000074b193412508] Compiler: c1, Barriers: 0, Oops: 1, ImmediateOops: 1, NonImmediateOops: No
[4,530s][debug][gc,nmethod     ] Register NMethod: io.sirix.node.json.StringNode.getNodeKey (0x000074b1b2c70d08) [0x000074b1b2c70e00, 0x000074b1b2c70ec0] Compiler: c1, Barriers: 0, Oops: 1, ImmediateOops: 0, NonImmediateOops: No
[4,530s][debug][gc,nmethod     ] Register NMethod: sun.reflect.annotation.AnnotationInvocationHandler.invoke (0x000074b1b2c47408) [0x000074b1b2c47500, 0x000074b1b2c47c40] Compiler: jvmci, Barriers: 9, Oops: 0, ImmediateOops: 6, NonImmediateOops: No
[4,530s][debug][gc,director    ] Rule Major: Warmup 10%, Used: 152MB, UsedThreshold: 1228MB
[4,530s][debug][gc,nmethod     ] Register NMethod: jdk.internal.foreign.AbstractMemorySegmentImpl.asSlice (0x000074b193410c08) [0x000074b193410d00, 0x000074b193410ff8] Compiler: c1, Barriers: 0, Oops: 0, ImmediateOops: 0, NonImmediateOops: No
[4,530s][debug][gc,nmethod     ] Register NMethod: jdk.internal.foreign.AbstractMemorySegmentImpl.asSlice (0x000074b19341c388) [0x000074b19341c480, 0x000074b19341c8c0] Compiler: c1, Barriers: 0, Oops: 0, ImmediateOops: 0, NonImmediateOops: No
[4,531s][debug][gc,nmethod     ] Register NMethod: io.sirix.settings.VersioningType$4.combineRecordPagesForModification (0x000074b1937a0088) [0x000074b1937a0180, 0x000074b1937a83f8] Compiler: c1, Barriers: 27, Oops: 1, ImmediateOops: 0, NonImmediateOops: No
[4,531s][debug][gc,nmethod     ] Register NMethod: net.openhft.hashing.LongHashFunction.unsafeHash (0x000074b1935ae988) [0x000074b1935aea80, 0x000074b1935aed90] Compiler: c1, Barriers: 0, Oops: 1, ImmediateOops: 1, NonImmediateOops: No
[4,531s][debug][gc,nmethod     ] Register NMethod: net.openhft.hashing.UnsafeAccess.byteOrder (0x000074b19342d208) [0x000074b19342d300, 0x000074b19342d460] Compiler: c1, Barriers: 0, Oops: 1, ImmediateOops: 1, NonImmediateOops: No
[4,531s][debug][gc,nmethod     ] Register NMethod: net.openhft.hashing.Access.byteOrder (0x000074b19367a608) [0x000074b19367a700, 0x000074b19367ac58] Compiler: c1, Barriers: 0, Oops: 1, ImmediateOops: 0, NonImmediateOops: No
[4,531s][debug][gc,nmethod     ] Register NMethod: net.openhft.hashing.XXH3$AsLongHashFunction.hash (0x000074b19355e488) [0x000074b19355e580, 0x000074b19355edd0] Compiler: c1, Barriers: 0, Oops: 3, ImmediateOops: 2, NonImmediateOops: No
[4,531s][debug][gc,nmethod     ] Register NMethod: net.openhft.hashing.XXH3.access$100 (0x000074b193430188) [0x000074b193430280, 0x000074b193430368] Compiler: c1, Barriers: 0, Oops: 1, ImmediateOops: 1, NonImmediateOops: No
[4,531s][debug][gc,nmethod     ] Register NMethod: net.openhft.hashing.XXH3.XXH3_avalanche (0x000074b193439608) [0x000074b193439700, 0x000074b193439810] Compiler: c1, Barriers: 0, Oops: 1, ImmediateOops: 0, NonImmediateOops: No
[4,531s][debug][gc,nmethod     ] Register NMethod: net.openhft.hashing.XXH3.access$500 (0x000074b19344f288) [0x000074b19344f380, 0x000074b19344f490] Compiler: c1, Barriers: 0, Oops: 1, ImmediateOops: 0, NonImmediateOops: No
[4,532s][debug][gc,nmethod     ] Register NMethod: jdk.internal.foreign.SharedSession$SharedResourceList.<init> (0x000074b193452308) [0x000074b193452400, 0x000074b1934525b8] Compiler: c1, Barriers: 0, Oops: 0, ImmediateOops: 0, NonImmediateOops: No
[4,532s][debug][gc,nmethod     ] Register NMethod: io.sirix.access.trx.node.json.JsonNodeHashing.getCurrentNode (0x000074b19361c888) [0x000074b19361c980, 0x000074b19361ccf0] Compiler: c1, Barriers: 2, Oops: 1, ImmediateOops: 0, NonImmediateOops: No
[4,532s][debug][gc,nmethod     ] Register NMethod: io.sirix.access.trx.node.json.ForwardingJsonNodeReadOnlyTrx.moveTo (0x000074b19341b008) [0x000074b19341b100, 0x000074b19341b700] Compiler: c1, Barriers: 1, Oops: 1, ImmediateOops: 0, NonImmediateOops: No
[4,532s][debug][gc,nmethod     ] Register NMethod: jdk.internal.foreign.SharedSession.<init> (0x000074b193558488) [0x000074b193558580, 0x000074b193558998] Compiler: c1, Barriers: 6, Oops: 0, ImmediateOops: 0, NonImmediateOops: No
[4,532s][debug][gc,nmethod     ] Register NMethod: jdk.internal.foreign.ImplicitSession.<init> (0x000074b193471e88) [0x000074b193471f80, 0x000074b193472610] Compiler: c1, Barriers: 6, Oops: 0, ImmediateOops: 0, NonImmediateOops: No
[4,532s][debug][gc,nmethod     ] Register NMethod: io.sirix.node.json.ObjectBooleanNode.getNodeKey (0x000074b1b2c76988) [0x000074b1b2c76a80, 0x000074b1b2c76b40] Compiler: c1, Barriers: 0, Oops: 1, ImmediateOops: 0, NonImmediateOops: No
[4,533s][debug][gc,nmethod     ] Register NMethod: java.util.stream.SpinedBuffer.capacity (0x000074b193417888) [0x000074b193417980, 0x000074b193417c20] Compiler: c1, Barriers: 4, Oops: 0, ImmediateOops: 0, NonImmediateOops: No
[4,533s][debug][gc,nmethod     ] Register NMethod: net.openhft.hashing.LongHashFunction.hashBytes (0x000074b193455b88) [0x000074b193455c80, 0x000074b193455dc8] Compiler: c1, Barriers: 0, Oops: 1, ImmediateOops: 0, NonImmediateOops: No
[4,533s][debug][gc,nmethod     ] Register NMethod: io.sirix.index.path.summary.PathNode.getLevel (0x000074b1b2c90088) [0x000074b1b2c90180, 0x000074b1b2c90240] Compiler: c1, Barriers: 0, Oops: 1, ImmediateOops: 0, NonImmediateOops: No
[4,534s][debug][gc,nmethod     ] Register NMethod: io.sirix.node.json.ObjectKeyNode.getRightSiblingKey (0x000074b193a4b488) [0x000074b193a4b580, 0x000074b193a50570] Compiler: c1, Barriers: 19, Oops: 7, ImmediateOops: 11, NonImmediateOops: No
[4,535s][debug][gc,nmethod     ] Register NMethod: java.lang.invoke.LambdaForm$MH/0x00000000612a8c00.invoke_MT (0x000074b193560288) [0x000074b193560380, 0x000074b193560ff0] Compiler: c1, Barriers: 3, Oops: 1, ImmediateOops: 0, NonImmediateOops: No
[4,536s][debug][gc,nmethod     ] Register NMethod: java.lang.invoke.LambdaForm$MH/0x00000000612a9400.invokeExact_MT (0x000074b193405b08) [0x000074b193405c00, 0x000074b1934067a0] Compiler: c1, Barriers: 3, Oops: 1, ImmediateOops: 0, NonImmediateOops: No
[4,536s][debug][gc,nmethod     ] Register NMethod: java.lang.invoke.LambdaForm$DMH/0x0000000061248000.invokeStatic (0x000074b193428d88) [0x000074b193428e80, 0x000074b193429250] Compiler: c1, Barriers: 1, Oops: 1, ImmediateOops: 0, NonImmediateOops: No
[4,536s][debug][gc,nmethod     ] Register NMethod: jdk.internal.foreign.abi.DowncallStub/0x0000000061247c00.invoke (0x000074b193940508) [0x000074b193940600, 0x000074b193942c70] Compiler: c1, Barriers: 2, Oops: 6, ImmediateOops: 4, NonImmediateOops: No
[4,538s][debug][gc,nmethod     ] Register NMethod: java.util.LinkedHashMap.valuesToArray (0x000074b1b2c65a88) [0x000074b1b2c65b80, 0x000074b1b2c66118] Compiler: jvmci, Barriers: 21, Oops: 0, ImmediateOops: 0, NonImmediateOops: No
[4,539s][debug][gc,nmethod     ] Register NMethod: io.sirix.cache.LinuxMemorySegmentAllocator.releasePhysicalMemory (0x000074b193b9de08) [0x000074b193b9df00, 0x000074b193ba25c0] Compiler: c1, Barriers: 11, Oops: 21, ImmediateOops: 19, NonImmediateOops: No
[4,540s][debug][gc,nmethod     ] Register NMethod: java.nio.HeapByteBuffer.get (0x000074b19345b988) [0x000074b19345ba80, 0x000074b19345bec0] Compiler: c1, Barriers: 1, Oops: 1, ImmediateOops: 1, NonImmediateOops: No
[4,540s][debug][gc,director    ] Rule Major: Warmup 10%, Used: 156MB, UsedThreshold: 1228MB
[4,543s][debug][gc,nmethod     ] Register NMethod: java.util.concurrent.ForkJoinPool.awaitWork (0x000074b193ad5d88) [0x000074b193ad5e80, 0x000074b193ad6b90] Compiler: c1, Barriers: 2, Oops: 0, ImmediateOops: 1, NonImmediateOops: No
[4,545s][debug][gc,nmethod     ] Register NMethod: sun.nio.fs.UnixException.errno (0x000074b1b2c8f608) [0x000074b1b2c8f700, 0x000074b1b2c8f7c0] Compiler: c1, Barriers: 0, Oops: 0, ImmediateOops: 0, NonImmediateOops: No
[4,546s][debug][gc,nmethod     ] Register NMethod: io.sirix.access.trx.page.NodePageReadOnlyTrx.getRevisionNumber (0x000074b1934e6808) [0x000074b1934e6900, 0x000074b1934e6f40] Compiler: c1, Barriers: 1, Oops: 1, ImmediateOops: 1, NonImmediateOops: No
[4,546s][debug][gc,nmethod     ] Register NMethod: java.util.stream.ReferencePipeline.lambda$toArray$0 (0x000074b193468d08) [0x000074b193468e00, 0x000074b193468f68] Compiler: c1, Barriers: 0, Oops: 0, ImmediateOops: 0, NonImmediateOops: No
[4,547s][debug][gc,nmethod     ] Register NMethod: java.util.stream.SpinedBuffer.clear (0x000074b1937cc588) [0x000074b1937cc680, 0x000074b1937cd100] Compiler: c1, Barriers: 19, Oops: 0, ImmediateOops: 0, NonImmediateOops: No
[4,547s][debug][gc,nmethod     ] Register NMethod: java.util.ArrayList.sortRange (0x000074b19347f788) [0x000074b19347f880, 0x000074b19347fab0] Compiler: c1, Barriers: 1, Oops: 0, ImmediateOops: 0, NonImmediateOops: No
[4,547s][debug][gc,nmethod     ] Register NMethod: java.util.stream.ReferencePipeline$$Lambda/0x00000000612106e0.apply (0x000074b19346e308) [0x000074b19346e400, 0x000074b19346e5e0] Compiler: c1, Barriers: 0, Oops: 0, ImmediateOops: 0, NonImmediateOops: No
[4,547s][debug][gc,nmethod     ] Register NMethod: net.openhft.hashing.XXH3.XXH3_64bits_internal (0x000074b193973488) [0x000074b193973580, 0x000074b193991f48] Compiler: c1, Barriers: 0, Oops: 3, ImmediateOops: 136, NonImmediateOops: No
[4,549s][debug][gc,nmethod     ] Register NMethod: com.google.gson.stream.JsonReader.push (0x000074b193621f08) [0x000074b193622000, 0x000074b1936228c8] Compiler: c1, Barriers: 14, Oops: 1, ImmediateOops: 0, NonImmediateOops: No
[4,550s][debug][gc,nmethod     ] Register NMethod: io.sirix.cache.LinuxMemorySegmentAllocator.release (0x000074b193484688) [0x000074b193484780, 0x000074b193486658] Compiler: c1, Barriers: 19, Oops: 4, ImmediateOops: 6, NonImmediateOops: No
[4,550s][debug][gc,director    ] Rule Major: Warmup 10%, Used: 162MB, UsedThreshold: 1228MB
[4,552s][debug][gc,nmethod     ] Register NMethod: com.github.benmanes.caffeine.cache.PS.<init> (0x000074b193561408) [0x000074b193561500, 0x000074b1935638e0] Compiler: c1, Barriers: 6, Oops: 9, ImmediateOops: 16, NonImmediateOops: No
[4,554s][debug][gc,nmethod     ] Register NMethod: sun.nio.cs.UTF_8$Encoder.<init> (0x000074b193506288) [0x000074b1935063a0, 0x000074b1935064e0] Compiler: c1, Barriers: 0, Oops: 0, ImmediateOops: 0, NonImmediateOops: No
[4,554s][debug][gc,nmethod     ] Register NMethod: sun.nio.cs.UTF_8.newEncoder (0x000074b193482808) [0x000074b193482920, 0x000074b193482b30] Compiler: c1, Barriers: 0, Oops: 0, ImmediateOops: 0, NonImmediateOops: No
[4,554s][debug][gc,nmethod     ] Register NMethod: java.nio.charset.CharsetEncoder.<init> (0x000074b193507a08) [0x000074b193507b00, 0x000074b193507cd8] Compiler: c1, Barriers: 0, Oops: 0, ImmediateOops: 0, NonImmediateOops: No
[4,554s][debug][gc,nmethod     ] Register NMethod: java.util.Locale.getDefault (0x000074b193470d08) [0x000074b193470e00, 0x000074b1934717b8] Compiler: c1, Barriers: 10, Oops: 0, ImmediateOops: 13, NonImmediateOops: No
[4,555s][debug][gc,nmethod     ] Register NMethod: java.nio.charset.CharsetEncoder.<init> (0x000074b1936ea008) [0x000074b1936ea100, 0x000074b1936ea9f0] Compiler: c1, Barriers: 15, Oops: 0, ImmediateOops: 6, NonImmediateOops: No
[4,555s][debug][gc,nmethod     ] Register NMethod: sun.nio.cs.UTF_8$Encoder.isLegalReplacement (0x000074b193516408) [0x000074b193516500, 0x000074b193516700] Compiler: c1, Barriers: 0, Oops: 0, ImmediateOops: 0, NonImmediateOops: No
[4,555s][debug][gc,nmethod     ] Register NMethod: java.nio.charset.CharsetEncoder.replaceWith (0x000074b1934dc688) [0x000074b1934dc780, 0x000074b1934dd0b8] Compiler: c1, Barriers: 3, Oops: 0, ImmediateOops: 4, NonImmediateOops: No
[4,555s][debug][gc,nmethod     ] Register NMethod: java.nio.charset.CharsetEncoder.implReplaceWith (0x000074b19351c688) [0x000074b19351c780, 0x000074b19351c880] Compiler: c1, Barriers: 0, Oops: 0, ImmediateOops: 0, NonImmediateOops: No
[4,555s][debug][gc,nmethod     ] Register NMethod: java.nio.charset.CharsetEncoder.implOnMalformedInput (0x000074b193523d88) [0x000074b193523e80, 0x000074b193523f80] Compiler: c1, Barriers: 0, Oops: 0, ImmediateOops: 0, NonImmediateOops: No
[4,555s][debug][gc,nmethod     ] Register NMethod: java.nio.charset.CharsetEncoder.onMalformedInput (0x000074b1934d4488) [0x000074b1934d4580, 0x000074b1934d4a08] Compiler: c1, Barriers: 3, Oops: 0, ImmediateOops: 1, NonImmediateOops: No
[4,556s][debug][gc,nmethod     ] Register NMethod: java.nio.charset.CharsetEncoder.implOnUnmappableCharacter (0x000074b193566088) [0x000074b193566180, 0x000074b193566280] Compiler: c1, Barriers: 0, Oops: 0, ImmediateOops: 0, NonImmediateOops: No
[4,556s][debug][gc,nmethod     ] Register NMethod: java.nio.charset.CharsetEncoder.onUnmappableCharacter (0x000074b1936d9208) [0x000074b1936d9300, 0x000074b1936d9788] Compiler: c1, Barriers: 3, Oops: 0, ImmediateOops: 1, NonImmediateOops: No
[4,556s][debug][gc,nmethod     ] Register NMethod: io.brackit.query.atomic.QNm.getNamespaceURI (0x000074b1b2c42308) [0x000074b1b2c42400, 0x000074b1b2c424e8] Compiler: c1, Barriers: 1, Oops: 1, ImmediateOops: 0, NonImmediateOops: No
[4,556s][debug][gc,nmethod     ] Register NMethod: it.unimi.dsi.fastutil.ints.Int2LongOpenHashMap.getOrDefault (0x000074b19399b408) [0x000074b19399b500, 0x000074b19399ba58] Compiler: c1, Barriers: 4, Oops: 1, ImmediateOops: 0, NonImmediateOops: No
[4,556s][debug][gc,nmethod     ] Register NMethod: com.sun.org.apache.xerces.internal.util.XMLResourceIdentifierImpl.getExpandedSystemId (0x000074b1b2c11308) [0x000074b1b2c11400, 0x000074b1b2c114e8] Compiler: c1, Barriers: 1, Oops: 0, ImmediateOops: 0, NonImmediateOops: No
[4,557s][debug][gc,nmethod     ] Register NMethod: com.sun.org.apache.xerces.internal.util.XMLResourceIdentifierImpl.getPublicId (0x000074b1b2c44008) [0x000074b1b2c44100, 0x000074b1b2c441e8] Compiler: c1, Barriers: 1, Oops: 0, ImmediateOops: 0, NonImmediateOops: No
[4,557s][debug][gc,nmethod     ] Register NMethod: io.sirix.node.MemorySegmentBytesIn.getUnderlying (0x000074b1937cb708) [0x000074b1937cb800, 0x000074b1937cbd80] Compiler: c1, Barriers: 1, Oops: 1, ImmediateOops: 0, NonImmediateOops: No
[4,557s][debug][gc,nmethod     ] Register NMethod: io.sirix.node.MemorySegmentBytesIn.getUnderlying (0x000074b1939d0308) [0x000074b1939d0400, 0x000074b1939d09e8] Compiler: c1, Barriers: 1, Oops: 1, ImmediateOops: 0, NonImmediateOops: No
[4,558s][debug][gc,nmethod     ] Register NMethod: com.sun.xml.internal.stream.events.DummyEvent.setEventType (0x000074b1b2cca188) [0x000074b1b2cca280, 0x000074b1b2cca340] Compiler: c1, Barriers: 0, Oops: 0, ImmediateOops: 0, NonImmediateOops: No
[4,558s][debug][gc,nmethod     ] Register NMethod: io.sirix.access.trx.node.AbstractNodeTrxImpl.getCurrentNode (0x000074b1936e8788) [0x000074b1936e8880, 0x000074b1936e8bf0] Compiler: c1, Barriers: 2, Oops: 1, ImmediateOops: 0, NonImmediateOops: No
[4,558s][debug][gc,nmethod     ] Register NMethod: com.sun.org.apache.xerces.internal.impl.XMLStreamReaderImpl.getEventType (0x000074b1b2c29888) [0x000074b1b2c29980, 0x000074b1b2c29a40] Compiler: c1, Barriers: 0, Oops: 0, ImmediateOops: 0, NonImmediateOops: No
[4,558s][debug][gc,nmethod     ] Register NMethod: com.github.benmanes.caffeine.cache.BoundedLocalCache$AddTask.run (0x000074b193a90488) [0x000074b193a90580, 0x000074b193a9ced0] Compiler: c1, Barriers: 37, Oops: 11, ImmediateOops: 38, NonImmediateOops: No
[4,559s][debug][gc,nmethod     ] Register NMethod: com.sun.org.apache.xerces.internal.impl.XMLDocumentFragmentScannerImpl.getElementQName (0x000074b19350c688) [0x000074b19350c780, 0x000074b19350cd98] Compiler: c1, Barriers: 21, Oops: 0, ImmediateOops: 0, NonImmediateOops: No
[4,559s][debug][gc,nmethod     ] Register NMethod: com.sun.org.apache.xerces.internal.impl.XMLEntityScanner.checkBeforeLoad (0x000074b193a19f08) [0x000074b193a1a000, 0x000074b193a1a558] Compiler: c1, Barriers: 4, Oops: 0, ImmediateOops: 1, NonImmediateOops: No
[4,559s][debug][gc,nmethod     ] Register NMethod: io.sirix.utils.XMLToken.isNCStartChar (0x000074b193954388) [0x000074b193954480, 0x000074b193954af0] Compiler: c1, Barriers: 0, Oops: 1, ImmediateOops: 0, NonImmediateOops: No
[4,560s][debug][gc,nmethod     ] Register NMethod: io.sirix.utils.XMLToken.cp (0x000074b1937e6108) [0x000074b1937e6200, 0x000074b1937e6638] Compiler: c1, Barriers: 0, Oops: 1, ImmediateOops: 1, NonImmediateOops: No
[4,560s][debug][gc,nmethod     ] Register NMethod: io.sirix.utils.XMLToken.cl (0x000074b193566e88) [0x000074b193566f80, 0x000074b193567160] Compiler: c1, Barriers: 0, Oops: 1, ImmediateOops: 1, NonImmediateOops: No
[4,560s][debug][gc,nmethod     ] Register NMethod: io.sirix.utils.XMLToken.cl (0x000074b19356e808) [0x000074b19356e900, 0x000074b19356ea60] Compiler: c1, Barriers: 0, Oops: 1, ImmediateOops: 1, NonImmediateOops: No
[4,560s][debug][gc,nmethod     ] Register NMethod: com.sun.org.apache.xerces.internal.util.XMLAttributesImpl.getLength (0x000074b1b2c52c88) [0x000074b1b2c52d80, 0x000074b1b2c52e40] Compiler: c1, Barriers: 0, Oops: 0, ImmediateOops: 0, NonImmediateOops: No
[4,561s][debug][gc,nmethod     ] Register NMethod: io.sirix.index.path.summary.PathSummaryReader.getPathNode (0x000074b19341ec88) [0x000074b19341ed80, 0x000074b19341f480] Compiler: c1, Barriers: 1, Oops: 1, ImmediateOops: 1, NonImmediateOops: No
[4,561s][debug][gc,director    ] Rule Major: Warmup 10%, Used: 162MB, UsedThreshold: 1228MB
[4,561s][debug][gc,nmethod     ] Register NMethod: com.sun.org.apache.xerces.internal.impl.XMLEntityScanner.peekChar (0x000074b193b9af88) [0x000074b193b9b080, 0x000074b193b9b538] Compiler: c1, Barriers: 3, Oops: 0, ImmediateOops: 0, NonImmediateOops: No
[4,562s][debug][gc,nmethod     ] Register NMethod: io.sirix.access.trx.node.xml.ForwardingXmlNodeReadOnlyTrx.getNodeKey (0x000074b193938408) [0x000074b193938500, 0x000074b193938af8] Compiler: c1, Barriers: 1, Oops: 1, ImmediateOops: 0, NonImmediateOops: No
[4,564s][debug][gc,nmethod     ] Register NMethod: java.util.ArrayList.sort (0x000074b1935aae08) [0x000074b1935aaf00, 0x000074b1935ab060] Compiler: c1, Barriers: 0, Oops: 0, ImmediateOops: 0, NonImmediateOops: No
[4,564s][debug][gc,nmethod     ] Register NMethod: io.sirix.node.xml.ElementNode.getLeftSiblingKey (0x000074b193c45a88) [0x000074b193c45b80, 0x000074b193c4ab70] Compiler: c1, Barriers: 19, Oops: 7, ImmediateOops: 11, NonImmediateOops: No
[4,565s][debug][gc,nmethod     ] Register NMethod: java.util.stream.SpinedBuffer.ensureCapacity (0x000074b1934d5a88) [0x000074b1934d5b80, 0x000074b1934d7380] Compiler: c1, Barriers: 26, Oops: 0, ImmediateOops: 0, NonImmediateOops: No
[4,565s][debug][gc,nmethod     ] Register NMethod: java.util.stream.SortedOps$RefSortingSink.begin (0x000074b193a18f08) [0x000074b193a19000, 0x000074b193a195c0] Compiler: c1, Barriers: 6, Oops: 0, ImmediateOops: 2, NonImmediateOops: No
[4,565s][debug][gc,nmethod     ] Register NMethod: java.util.Arrays.equals (0x000074b1b2c32308) [0x000074b1b2c32400, 0x000074b1b2c32a20] Compiler: jvmci, Barriers: 10, Oops: 0, ImmediateOops: 0, NonImmediateOops: No
[4,566s][debug][gc,nmethod     ] Register NMethod: io.sirix.node.xml.ElementNode.hasFirstChild (0x000074b193c1ed08) [0x000074b193c1ee00, 0x000074b193c24238] Compiler: c1, Barriers: 19, Oops: 7, ImmediateOops: 12, NonImmediateOops: No
[4,566s][debug][gc,nmethod     ] Register NMethod: io.sirix.node.xml.ElementNode.getDescendantCount (0x000074b193687708) [0x000074b193687800, 0x000074b19368b078] Compiler: c1, Barriers: 7, Oops: 6, ImmediateOops: 10, NonImmediateOops: No
[4,567s][debug][gc,nmethod     ] Register NMethod: java.util.stream.SortedOps$RefSortingSink.end (0x000074b1936c4c88) [0x000074b1936c4d80, 0x000074b1936c69e8] Compiler: c1, Barriers: 20, Oops: 1, ImmediateOops: 2, NonImmediateOops: No
[4,567s][debug][gc,nmethod     ] Register NMethod: java.lang.Math.multiplyHigh (0x000074b1b2be8088) [0x000074b1b2be8180, 0x000074b1b2be8230] Compiler: jvmci, Barriers: 0, Oops: 0, ImmediateOops: 0, NonImmediateOops: No
[4,571s][debug][gc,director    ] Rule Major: Warmup 10%, Used: 164MB, UsedThreshold: 1228MB
[4,571s][debug][gc,nmethod     ] Register NMethod: java.lang.invoke.DirectMethodHandle.allocateInstance (0x000074b1b2c77f88) [0x000074b1b2c78080, 0x000074b1b2c783e0] Compiler: jvmci, Barriers: 2, Oops: 0, ImmediateOops: 1, NonImmediateOops: No
[4,572s][debug][gc,nmethod     ] Register NMethod: java.util.Objects.checkIndex (0x000074b1b2be7d88) [0x000074b1b2be7e80, 0x000074b1b2be7f20] Compiler: jvmci, Barriers: 0, Oops: 0, ImmediateOops: 0, NonImmediateOops: No
[4,573s][debug][gc,nmethod     ] Register NMethod: jdk.internal.vm.ContinuationSupport.isSupported (0x000074b1935e1508) [0x000074b1935e1600, 0x000074b1935e16e8] Compiler: c1, Barriers: 0, Oops: 0, ImmediateOops: 0, NonImmediateOops: No
[4,573s][debug][gc,nmethod     ] Register NMethod: jdk.internal.misc.Unsafe.putIntRelease (0x000074b1b2c7e988) [0x000074b1b2c7ea80, 0x000074b1b2c7eb10] Compiler: jvmci, Barriers: 0, Oops: 0, ImmediateOops: 0, NonImmediateOops: No
[4,573s][debug][gc,nmethod     ] Register NMethod: sun.nio.cs.StreamEncoder.forOutputStreamWriter (0x000074b19360bc08) [0x000074b19360bd00, 0x000074b19360be90] Compiler: c1, Barriers: 0, Oops: 0, ImmediateOops: 0, NonImmediateOops: No
[4,574s][debug][gc,nmethod     ] Register NMethod: sun.nio.cs.StreamEncoder.<init> (0x000074b193479608) [0x000074b193479700, 0x000074b193479ed0] Compiler: c1, Barriers: 19, Oops: 0, ImmediateOops: 0, NonImmediateOops: No
[4,574s][debug][gc,nmethod     ] Register NMethod: io.sirix.node.HashEntryNode.getKind (0x000074b193677388) [0x000074b193677480, 0x000074b193677588] Compiler: c1, Barriers: 0, Oops: 1, ImmediateOops: 1, NonImmediateOops: No
[4,574s][debug][gc,nmethod     ] Register NMethod: sun.nio.cs.StreamEncoder.<init> (0x000074b193aad688) [0x000074b193aad780, 0x000074b193aae488] Compiler: c1, Barriers: 6, Oops: 1, ImmediateOops: 4, NonImmediateOops: No
[4,574s][debug][gc,nmethod     ] Register NMethod: io.sirix.node.HashEntryNode.getKind (0x000074b1938e7508) [0x000074b1938e7600, 0x000074b1938e7920] Compiler: c1, Barriers: 0, Oops: 1, ImmediateOops: 1, NonImmediateOops: No
[4,574s][debug][gc,nmethod     ] Register NMethod: it.unimi.dsi.fastutil.ints.Int2LongOpenHashMap.<init> (0x000074b193686808) [0x000074b193686920, 0x000074b193686a58] Compiler: c1, Barriers: 0, Oops: 1, ImmediateOops: 0, NonImmediateOops: No
[4,575s][debug][gc,nmethod     ] Register NMethod: it.unimi.dsi.fastutil.ints.Int2IntOpenHashMap.<init> (0x000074b1936a7a88) [0x000074b1936a7ba0, 0x000074b1936a7cd8] Compiler: c1, Barriers: 0, Oops: 1, ImmediateOops: 0, NonImmediateOops: No
[4,576s][debug][gc,nmethod     ] Register NMethod: java.time.Instant.<init> (0x000074b1936f3488) [0x000074b1936f3580, 0x000074b1936f36e0] Compiler: c1, Barriers: 0, Oops: 0, ImmediateOops: 0, NonImmediateOops: No
[4,577s][debug][gc,nmethod     ] Register NMethod: java.time.LocalDate.<init> (0x000074b19372fb08) [0x000074b19372fc00, 0x000074b19372fd68] Compiler: c1, Barriers: 0, Oops: 0, ImmediateOops: 0, NonImmediateOops: No
[4,577s][debug][gc,nmethod     ] Register NMethod: java.time.Instant.create (0x000074b193948408) [0x000074b193948500, 0x000074b1939488a8] Compiler: c1, Barriers: 0, Oops: 0, ImmediateOops: 2, NonImmediateOops: No
[4,577s][debug][gc,nmethod     ] Register NMethod: io.sirix.node.HashCountEntryNode.<init> (0x000074b19373e688) [0x000074b19373e780, 0x000074b19373e8e0] Compiler: c1, Barriers: 0, Oops: 1, ImmediateOops: 0, NonImmediateOops: No
[4,577s][debug][gc,nmethod     ] Register NMethod: io.sirix.page.KeyValueLeafPage.incrementPinCount (0x000074b193596288) [0x000074b193596380, 0x000074b1935967c8] Compiler: c1, Barriers: 1, Oops: 1, ImmediateOops: 0, NonImmediateOops: No
[4,578s][debug][gc,nmethod     ] Register NMethod: com.github.benmanes.caffeine.cache.BaseMpscLinkedArrayQueue.offerSlowPath (0x000074b193519a88) [0x000074b193519b80, 0x000074b19351ac70] Compiler: c1, Barriers: 0, Oops: 6, ImmediateOops: 5, NonImmediateOops: No
[4,579s][debug][gc,nmethod     ] Register NMethod: java.util.ArrayList.toArray (0x000074b19382c908) [0x000074b19382ca00, 0x000074b19382d278] Compiler: c1, Barriers: 6, Oops: 0, ImmediateOops: 0, NonImmediateOops: No
[4,579s][debug][gc,nmethod     ] Register NMethod: java.nio.charset.CharsetEncoder.implFlush (0x000074b193595f88) [0x000074b193596080, 0x000074b193596188] Compiler: c1, Barriers: 0, Oops: 0, ImmediateOops: 1, NonImmediateOops: No
[4,580s][debug][gc,nmethod     ] Register NMethod: java.nio.charset.CharsetEncoder.flush (0x000074b193516a08) [0x000074b193516b00, 0x000074b193517190] Compiler: c1, Barriers: 0, Oops: 1, ImmediateOops: 3, NonImmediateOops: No
[4,580s][debug][gc,nmethod     ] Register NMethod: com.github.benmanes.caffeine.cache.BoundedLocalCache.expireAfterCreate (0x000074b193a4b008) [0x000074b193a4b100, 0x000074b193a4b430] Compiler: c1, Barriers: 0, Oops: 1, ImmediateOops: 0, NonImmediateOops: No
[4,580s][debug][gc,nmethod     ] Register NMethod: java.util.concurrent.CompletableFuture.tryPushStack (0x000074b1934f3088) [0x000074b1934f3180, 0x000074b1934f5b88] Compiler: c1, Barriers: 9, Oops: 8, ImmediateOops: 19, NonImmediateOops: No
[4,581s][debug][gc,director    ] Rule Major: Warmup 10%, Used: 164MB, UsedThreshold: 1228MB
[4,581s][debug][gc,nmethod     ] Register NMethod: java.io.OutputStreamWriter.write (0x000074b193c45608) [0x000074b193c45700, 0x000074b193c45a30] Compiler: c1, Barriers: 1, Oops: 0, ImmediateOops: 0, NonImmediateOops: No
[4,582s][debug][gc,nmethod     ] Register NMethod: java.util.stream.Nodes$SpinedNodeBuilder.copyInto (0x000074b1937b8c88) [0x000074b1937b8d80, 0x000074b1937b8ec0] Compiler: c1, Barriers: 0, Oops: 0, ImmediateOops: 0, NonImmediateOops: No
[4,584s][debug][gc,nmethod     ] Register NMethod: java.util.stream.ReferencePipeline$2$1.accept (0x000074b1b2c98988) [0x000074b1b2c98a80, 0x000074b1b2c99248] Compiler: jvmci, Barriers: 10, Oops: 1, ImmediateOops: 0, NonImmediateOops: No
[4,586s][debug][gc,nmethod     ] Register NMethod: jdk.internal.classfile.impl.RawBytecodeHelper.getU2Unchecked (0x000074b1b2c7e608) [0x000074b1b2c7e700, 0x000074b1b2c7e818] Compiler: jvmci, Barriers: 2, Oops: 0, ImmediateOops: 0, NonImmediateOops: No
[4,587s][debug][gc,nmethod     ] Register NMethod: jdk.internal.misc.Unsafe.weakCompareAndSetReference (0x000074b1b2c98688) [0x000074b1b2c98780, 0x000074b1b2c98870] Compiler: jvmci, Barriers: 5, Oops: 0, ImmediateOops: 0, NonImmediateOops: No
[4,589s][debug][gc,nmethod     ] Register NMethod: com.github.benmanes.caffeine.cache.AccessOrderDeque.remove (0x000074b1937d5f88) [0x000074b1937d6080, 0x000074b1937d6ae0] Compiler: c1, Barriers: 1, Oops: 1, ImmediateOops: 0, NonImmediateOops: No
[4,591s][debug][gc,director    ] Rule Major: Warmup 10%, Used: 168MB, UsedThreshold: 1228MB
[4,591s][debug][gc,nmethod     ] Register NMethod: com.github.benmanes.caffeine.cache.BoundedLocalCache.reorder (0x000074b1939fd508) [0x000074b1939fd600, 0x000074b1939fe2f8] Compiler: c1, Barriers: 1, Oops: 1, ImmediateOops: 0, NonImmediateOops: No
[4,591s][debug][gc,nmethod     ] Register NMethod: java.time.LocalDateTime.ofEpochSecond (0x000074b193812608) [0x000074b193812700, 0x000074b193813550] Compiler: c1, Barriers: 7, Oops: 2, ImmediateOops: 2, NonImmediateOops: No
[4,592s][debug][gc,nmethod     ] Register NMethod: java.time.LocalDate.ofEpochDay (0x000074b19360d308) [0x000074b19360d400, 0x000074b19360e060] Compiler: c1, Barriers: 1, Oops: 1, ImmediateOops: 1, NonImmediateOops: No
[4,592s][debug][gc,nmethod     ] Register NMethod: com.github.benmanes.caffeine.cache.AbstractLinkedDeque.moveToBack (0x000074b1935a5488) [0x000074b1935a5580, 0x000074b1935a5af0] Compiler: c1, Barriers: 1, Oops: 1, ImmediateOops: 0, NonImmediateOops: No
[4,593s][debug][gc,nmethod     ] Register NMethod: java.lang.String.format (0x000074b193b4dd88) [0x000074b193b4de80, 0x000074b193b4eca0] Compiler: c1, Barriers: 7, Oops: 0, ImmediateOops: 1, NonImmediateOops: No
[4,594s][debug][gc,nmethod     ] Register NMethod: java.io.FileOutputStream.<init> (0x000074b193cdee88) [0x000074b193cdef80, 0x000074b193cdfb10] Compiler: c1, Barriers: 12, Oops: 0, ImmediateOops: 1, NonImmediateOops: No
[4,594s][debug][gc,nmethod     ] Register NMethod: java.util.Formatter.format (0x000074b1939ef288) [0x000074b1939ef380, 0x000074b1939f1768] Compiler: c1, Barriers: 7, Oops: 0, ImmediateOops: 0, NonImmediateOops: No
[4,594s][debug][gc,nmethod     ] Register NMethod: java.util.Formatter.<init> (0x000074b193a86a08) [0x000074b193a86b00, 0x000074b193a86ee8] Compiler: c1, Barriers: 6, Oops: 0, ImmediateOops: 1, NonImmediateOops: No
[4,594s][debug][gc,nmethod     ] Register NMethod: com.github.benmanes.caffeine.cache.BoundedLocalCache.onAccess (0x000074b1938ea188) [0x000074b1938ea280, 0x000074b1938eee28] Compiler: c1, Barriers: 3, Oops: 7, ImmediateOops: 8, NonImmediateOops: No
[4,595s][debug][gc,nmethod     ] Register NMethod: java.io.FileOutputStream.open (0x000074b1937e9508) [0x000074b1937e9600, 0x000074b1937e9730] Compiler: c1, Barriers: 0, Oops: 0, ImmediateOops: 0, NonImmediateOops: No
[4,595s][debug][gc,nmethod     ] Register NMethod: java.util.Formatter.<init> (0x000074b193532d08) [0x000074b193532e00, 0x000074b193533048] Compiler: c1, Barriers: 6, Oops: 0, ImmediateOops: 0, NonImmediateOops: No
[4,595s][debug][gc,nmethod     ] Register NMethod: java.util.Formatter.format (0x000074b1937a9908) [0x000074b1937a9a00, 0x000074b1937a9d38] Compiler: c1, Barriers: 1, Oops: 0, ImmediateOops: 0, NonImmediateOops: No
[4,595s][debug][gc,nmethod     ] Register NMethod: java.util.Formatter.toString (0x000074b19386aa08) [0x000074b19386ab00, 0x000074b19386af48] Compiler: c1, Barriers: 1, Oops: 0, ImmediateOops: 0, NonImmediateOops: No
[4,596s][debug][gc,nmethod     ] Register NMethod: java.io.OutputStreamWriter.<init> (0x000074b19347db88) [0x000074b19347dc80, 0x000074b19347e6e8] Compiler: c1, Barriers: 7, Oops: 0, ImmediateOops: 0, NonImmediateOops: No
[4,596s][debug][gc,nmethod     ] Register NMethod: java.util.Formatter.parse (0x000074b19357b508) [0x000074b19357b600, 0x000074b19357e460] Compiler: c1, Barriers: 24, Oops: 1, ImmediateOops: 4, NonImmediateOops: No
[4,596s][debug][gc,nmethod     ] Register NMethod: java.io.FileOutputStream.close (0x000074b1934cd708) [0x000074b1934cd800, 0x000074b1934ce268] Compiler: c1, Barriers: 6, Oops: 0, ImmediateOops: 0, NonImmediateOops: No
[4,596s][debug][gc,nmethod     ] Register NMethod: java.util.concurrent.CompletableFuture$Completion.<init> (0x000074b1937ef808) [0x000074b1937ef900, 0x000074b1937efab8] Compiler: c1, Barriers: 0, Oops: 0, ImmediateOops: 0, NonImmediateOops: No
[4,597s][debug][gc,nmethod     ] Register NMethod: java.lang.StringConcatHelper.stringSize (0x000074b193559b08) [0x000074b193559c00, 0x000074b193559e68] Compiler: c1, Barriers: 0, Oops: 0, ImmediateOops: 1, NonImmediateOops: No
[4,597s][debug][gc,nmethod     ] Register NMethod: java.io.FileOutputStream$1.<init> (0x000074b1937a9488) [0x000074b1937a9580, 0x000074b1937a98a8] Compiler: c1, Barriers: 3, Oops: 0, ImmediateOops: 0, NonImmediateOops: No
[4,597s][debug][gc,nmethod     ] Register NMethod: jdk.internal.misc.Unsafe.bool2byte (0x000074b19380ca08) [0x000074b19380cb00, 0x000074b19380cc50] Compiler: c1, Barriers: 0, Oops: 0, ImmediateOops: 0, NonImmediateOops: No
[4,597s][debug][gc,nmethod     ] Register NMethod: java.lang.StringConcatHelper.prepend (0x000074b1935a7b88) [0x000074b1935a7c80, 0x000074b1935a8ba8] Compiler: c1, Barriers: 2, Oops: 0, ImmediateOops: 0, NonImmediateOops: No
[4,597s][debug][gc,nmethod     ] Register NMethod: java.io.FileOutputStream$1.close (0x000074b193bd3508) [0x000074b193bd3600, 0x000074b193bd41c0] Compiler: c1, Barriers: 6, Oops: 0, ImmediateOops: 0, NonImmediateOops: No
[4,597s][debug][gc,nmethod     ] Register NMethod: com.github.benmanes.caffeine.cache.BoundedLocalCache$UpdateTask.<init> (0x000074b193778c08) [0x000074b193778d00, 0x000074b193778f50] Compiler: c1, Barriers: 6, Oops: 1, ImmediateOops: 0, NonImmediateOops: No
[4,598s][debug][gc,nmethod     ] Register NMethod: java.lang.AbstractStringBuilder.repeat (0x000074b193d26c88) [0x000074b193d26d80, 0x000074b193d27f00] Compiler: c1, Barriers: 0, Oops: 1, ImmediateOops: 2, NonImmediateOops: No
[4,598s][debug][gc,nmethod     ] Register NMethod: io.sirix.node.MemorySegmentBytesIn.readInt (0x000074b1b2c31f08) [0x000074b1b2c32000, 0x000074b1b2c322a8] Compiler: jvmci, Barriers: 4, Oops: 1, ImmediateOops: 0, NonImmediateOops: No
[4,598s][debug][gc,nmethod     ] Register NMethod: java.util.concurrent.ForkJoinPool$WorkQueue.tryLockPhase (0x000074b193875488) [0x000074b193875580, 0x000074b193875728] Compiler: c1, Barriers: 0, Oops: 0, ImmediateOops: 0, NonImmediateOops: No
[4,599s][debug][gc,nmethod     ] Register NMethod: sun.nio.cs.StreamEncoder.flushLeftoverChar (0x000074b193717388) [0x000074b193717480, 0x000074b19371b618] Compiler: c1, Barriers: 16, Oops: 0, ImmediateOops: 0, NonImmediateOops: No
[4,601s][debug][gc,director    ] Rule Major: Warmup 10%, Used: 168MB, UsedThreshold: 1228MB
[4,602s][debug][gc,nmethod     ] Register NMethod: io.sirix.axis.pathsummary.AbstractAxis.hasNext (0x000074b193863d08) [0x000074b193863e00, 0x000074b1938644a8] Compiler: c1, Barriers: 2, Oops: 1, ImmediateOops: 1, NonImmediateOops: No
[4,603s][debug][gc,nmethod     ] Register NMethod: jdk.proxy3.$Proxy7.hashCode (0x000074b1938f8b08) [0x000074b1938f8c00, 0x000074b1938f9448] Compiler: c1, Barriers: 1, Oops: 1, ImmediateOops: 1, NonImmediateOops: No
[4,603s][debug][gc,nmethod     ] Register NMethod: java.util.regex.Matcher.getTextLength (0x000074b1934f2908) [0x000074b1934f2a00, 0x000074b1934f2d40] Compiler: c1, Barriers: 1, Oops: 0, ImmediateOops: 0, NonImmediateOops: No
[4,603s][debug][gc,nmethod     ] Register NMethod: org.junit.platform.engine.UniqueId.equals (0x000074b1934f1d88) [0x000074b1934f1e80, 0x000074b1934f28f0] Compiler: c1, Barriers: 4, Oops: 1, ImmediateOops: 0, NonImmediateOops: No
[4,604s][debug][gc,nmethod     ] Register NMethod: java.util.ArrayList.equals (0x000074b193ac4008) [0x000074b193ac4100, 0x000074b193ac4d00] Compiler: c1, Barriers: 1, Oops: 0, ImmediateOops: 1, NonImmediateOops: No
[4,604s][debug][gc,nmethod     ] Register NMethod: org.junit.platform.engine.UniqueId.toString (0x000074b193505208) [0x000074b193505300, 0x000074b193505cd8] Compiler: c1, Barriers: 11, Oops: 1, ImmediateOops: 2, NonImmediateOops: No
[4,604s][debug][gc,nmethod     ] Register NMethod: java.util.regex.Matcher.reset (0x000074b1936a8e88) [0x000074b1936a8f80, 0x000074b1936a9960] Compiler: c1, Barriers: 7, Oops: 0, ImmediateOops: 0, NonImmediateOops: No
[4,606s][debug][gc,nmethod     ] Register NMethod: com.github.benmanes.caffeine.cache.SSMS.fastpath (0x000074b1b2c31b88) [0x000074b1b2c31c80, 0x000074b1b2c31d40] Compiler: c1, Barriers: 0, Oops: 1, ImmediateOops: 0, NonImmediateOops: No
[4,606s][debug][gc,nmethod     ] Register NMethod: java.util.concurrent.locks.AbstractQueuedSynchronizer$ConditionObject.signal (0x000074b193504c08) [0x000074b193504d00, 0x000074b1935051e0] Compiler: c1, Barriers: 2, Oops: 0, ImmediateOops: 0, NonImmediateOops: No
[4,607s][debug][gc,nmethod     ] Register NMethod: com.github.benmanes.caffeine.cache.SingletonWeigher.weigh (0x000074b1b2c98308) [0x000074b1b2c98400, 0x000074b1b2c984c0] Compiler: c1, Barriers: 0, Oops: 1, ImmediateOops: 0, NonImmediateOops: No
[4,608s][debug][gc,nmethod     ] Register NMethod: io.sirix.cache.BufferManagerImpl.getRevisionRootPageCache (0x000074b1b2ce6c08) [0x000074b1b2ce6d00, 0x000074b1b2ce6de8] Compiler: c1, Barriers: 1, Oops: 1, ImmediateOops: 0, NonImmediateOops: No
[4,608s][debug][gc,nmethod     ] Register NMethod: com.github.benmanes.caffeine.cache.Node.getWeight (0x000074b1b2ce6908) [0x000074b1b2ce6a00, 0x000074b1b2ce6ac0] Compiler: c1, Barriers: 0, Oops: 1, ImmediateOops: 0, NonImmediateOops: No
[4,609s][debug][gc,nmethod     ] Register NMethod: io.sirix.page.KeyValueLeafPage.getAvailableSpace (0x000074b1b2ce6488) [0x000074b1b2ce6580, 0x000074b1b2ce68c8] Compiler: jvmci, Barriers: 4, Oops: 1, ImmediateOops: 0, NonImmediateOops: No
[4,610s][debug][gc,nmethod     ] Register NMethod: io.sirix.node.delegates.StructNodeDelegate.<init> (0x000074b1936a8888) [0x000074b1936a8980, 0x000074b1936a8d48] Compiler: c1, Barriers: 3, Oops: 1, ImmediateOops: 1, NonImmediateOops: No
[4,610s][debug][gc,nmethod     ] Register NMethod: java.lang.StringBuffer.append (0x000074b1934e9008) [0x000074b1934e9100, 0x000074b1934e9418] Compiler: c1, Barriers: 3, Oops: 0, ImmediateOops: 0, NonImmediateOops: No
[4,610s][debug][gc,nmethod     ] Register NMethod: java.io.StringWriter.write (0x000074b1934e8988) [0x000074b1934e8a80, 0x000074b1934e9000] Compiler: c1, Barriers: 4, Oops: 0, ImmediateOops: 0, NonImmediateOops: No
[4,611s][debug][gc,nmethod     ] Register NMethod: java.io.StringWriter.append (0x000074b193679188) [0x000074b193679280, 0x000074b193679ba8] Compiler: c1, Barriers: 4, Oops: 0, ImmediateOops: 1, NonImmediateOops: No
[4,611s][debug][gc,nmethod     ] Register NMethod: java.io.StringWriter.append (0x000074b193a8fa88) [0x000074b193a8fb80, 0x000074b193a90418] Compiler: c1, Barriers: 4, Oops: 0, ImmediateOops: 1, NonImmediateOops: No
[4,611s][debug][gc,director    ] Rule Major: Warmup 10%, Used: 170MB, UsedThreshold: 1228MB
[4,613s][debug][gc,nmethod     ] Register NMethod: java.util.HashMap$HashIterator.nextNode (0x000074b1b2ce5d08) [0x000074b1b2ce5e00, 0x000074b1b2ce6458] Compiler: jvmci, Barriers: 26, Oops: 0, ImmediateOops: 0, NonImmediateOops: No
[4,614s][debug][gc,nmethod     ] Register NMethod: io.sirix.access.trx.page.NodePageReadOnlyTrx$$Lambda/0x00000000612be788.<init> (0x000074b193905688) [0x000074b193905780, 0x000074b1939059c8] Compiler: c1, Barriers: 6, Oops: 1, ImmediateOops: 0, NonImmediateOops: No
[4,614s][debug][gc,nmethod     ] Register NMethod: io.sirix.access.trx.page.NodePageReadOnlyTrx$$Lambda/0x00000000612be788.apply (0x000074b1938be988) [0x000074b1938bea80, 0x000074b1938bf7f0] Compiler: c1, Barriers: 5, Oops: 1, ImmediateOops: 1, NonImmediateOops: No
[4,614s][debug][gc,nmethod     ] Register NMethod: io.sirix.access.trx.page.NodePageReadOnlyTrx.loadRevRoot (0x000074b193413788) [0x000074b193413880, 0x000074b193416d78] Compiler: c1, Barriers: 17, Oops: 3, ImmediateOops: 4, NonImmediateOops: No
[4,614s][debug][gc,nmethod     ] Register NMethod: io.sirix.io.bytepipe.ByteHandlerPipeline.<init> (0x000074b19371bc88) [0x000074b19371bd80, 0x000074b19371cf98] Compiler: c1, Barriers: 6, Oops: 1, ImmediateOops: 0, NonImmediateOops: No
[4,614s][debug][gc,nmethod     ] Register NMethod: io.sirix.access.trx.page.NodePageReadOnlyTrx.lambda$loadPage$0 (0x000074b19351ea08) [0x000074b19351eb00, 0x000074b19351f368] Compiler: c1, Barriers: 3, Oops: 1, ImmediateOops: 1, NonImmediateOops: No
[4,615s][debug][gc,nmethod     ] Register NMethod: io.sirix.page.DeserializedReferencesPage4Tuple.<init> (0x000074b1934e7288) [0x000074b1934e7380, 0x000074b1934e7628] Compiler: c1, Barriers: 6, Oops: 1, ImmediateOops: 0, NonImmediateOops: No
[4,615s][debug][gc,nmethod     ] Register NMethod: io.sirix.page.delegates.ReferencesPage4.<init> (0x000074b193a8f288) [0x000074b193a8f380, 0x000074b193a8fa38] Compiler: c1, Barriers: 8, Oops: 1, ImmediateOops: 0, NonImmediateOops: No
[4,615s][debug][gc,nmethod     ] Register NMethod: io.sirix.page.PageUtils.createDelegate (0x000074b193528108) [0x000074b193528200, 0x000074b193529310] Compiler: c1, Barriers: 16, Oops: 1, ImmediateOops: 0, NonImmediateOops: No
[4,616s][debug][gc,nmethod     ] Register NMethod: io.sirix.page.SerializationType$1.deserializeReferencesPage4 (0x000074b193577a88) [0x000074b193577b80, 0x000074b193579380] Compiler: c1, Barriers: 19, Oops: 1, ImmediateOops: 1, NonImmediateOops: No
[4,616s][debug][gc,nmethod     ] Register NMethod: io.sirix.io.filechannel.FileChannelStorage.getRevisionFilePath (0x000074b19351dc88) [0x000074b19351dd80, 0x000074b19351e7a8] Compiler: c1, Barriers: 3, Oops: 2, ImmediateOops: 2, NonImmediateOops: No
[4,617s][debug][gc,nmethod     ] Register NMethod: io.sirix.io.filechannel.FileChannelStorage.createRevisionsOffsetFileChannel (0x000074b1938e9488) [0x000074b1938e9580, 0x000074b1938ea120] Compiler: c1, Barriers: 9, Oops: 1, ImmediateOops: 3, NonImmediateOops: No
[4,617s][debug][gc,nmethod     ] Register NMethod: io.sirix.io.filechannel.FileChannelStorage.createDirectoriesAndFile (0x000074b19346b588) [0x000074b19346b680, 0x000074b19346d338] Compiler: c1, Barriers: 7, Oops: 3, ImmediateOops: 3, NonImmediateOops: No
[4,618s][debug][gc,nmethod     ] Register NMethod: io.sirix.io.filechannel.FileChannelStorage.createRevisionsOffsetFileIfNotExists (0x000074b193593f08) [0x000074b193594000, 0x000074b193595368] Compiler: c1, Barriers: 4, Oops: 2, ImmediateOops: 1, NonImmediateOops: No
[4,618s][debug][gc,nmethod     ] Register NMethod: io.sirix.io.filechannel.FileChannelStorage.createDataFileChannel (0x000074b1934f8788) [0x000074b1934f8880, 0x000074b1934f96c0] Compiler: c1, Barriers: 12, Oops: 1, ImmediateOops: 4, NonImmediateOops: No
[4,618s][debug][gc,nmethod     ] Register NMethod: io.sirix.io.bytepipe.LZ4Compressor.getInstance (0x000074b193a07188) [0x000074b193a07280, 0x000074b193a07488] Compiler: c1, Barriers: 0, Oops: 1, ImmediateOops: 0, NonImmediateOops: No
[4,618s][debug][gc,nmethod     ] Register NMethod: io.sirix.page.PagePersister.<init> (0x000074b193717088) [0x000074b193717180, 0x000074b1937172d8] Compiler: c1, Barriers: 0, Oops: 1, ImmediateOops: 0, NonImmediateOops: No
[4,619s][debug][gc,nmethod     ] Register NMethod: io.sirix.node.MemorySegmentBytesIn.readByte (0x000074b1b2ce5988) [0x000074b1b2ce5a80, 0x000074b1b2ce5cc0] Compiler: jvmci, Barriers: 4, Oops: 1, ImmediateOops: 0, NonImmediateOops: No
[4,619s][debug][gc,nmethod     ] Register NMethod: com.github.benmanes.caffeine.cache.UnboundedLocalCache$UnboundedLocalAsyncCache.synchronous (0x000074b1938be408) [0x000074b1938be500, 0x000074b1938be960] Compiler: c1, Barriers: 7, Oops: 1, ImmediateOops: 0, NonImmediateOops: No
[4,619s][debug][gc,nmethod     ] Register NMethod: io.sirix.io.filechannel.FileChannelReader.<init> (0x000074b19355d188) [0x000074b19355d280, 0x000074b19355e030] Compiler: c1, Barriers: 27, Oops: 2, ImmediateOops: 2, NonImmediateOops: No
[4,619s][debug][gc,nmethod     ] Register NMethod: io.sirix.index.path.summary.PathNode.getParent (0x000074b1b2ce5688) [0x000074b1b2ce5780, 0x000074b1b2ce5868] Compiler: c1, Barriers: 1, Oops: 1, ImmediateOops: 0, NonImmediateOops: No
[4,619s][debug][gc,nmethod     ] Register NMethod: io.sirix.index.path.summary.PathNode.setName (0x000074b1b2ce5388) [0x000074b1b2ce5480, 0x000074b1b2ce55b0] Compiler: c1, Barriers: 3, Oops: 1, ImmediateOops: 0, NonImmediateOops: No
[4,619s][debug][gc,nmethod     ] Register NMethod: io.sirix.index.path.summary.PathNode.getRightSibling (0x000074b1b2ce4e08) [0x000074b1b2ce4f00, 0x000074b1b2ce4fe8] Compiler: c1, Barriers: 1, Oops: 1, ImmediateOops: 0, NonImmediateOops: No
[4,619s][debug][gc,nmethod     ] Register NMethod: io.sirix.node.Bytes.allocateElasticOnHeap (0x000074b1938e8a08) [0x000074b1938e8b00, 0x000074b1938e9448] Compiler: c1, Barriers: 6, Oops: 2, ImmediateOops: 1, NonImmediateOops: No
[4,620s][debug][gc,nmethod     ] Register NMethod: io.sirix.io.AbstractReader.<init> (0x000074b1934f7b08) [0x000074b1934f7c00, 0x000074b1934f8730] Compiler: c1, Barriers: 15, Oops: 2, ImmediateOops: 1, NonImmediateOops: No
[4,620s][debug][gc,nmethod     ] Register NMethod: io.sirix.page.KeyValueLeafPage.newInstance (0x000074b19355c488) [0x000074b19355c580, 0x000074b19355d140] Compiler: c1, Barriers: 1, Oops: 2, ImmediateOops: 3, NonImmediateOops: No
[4,621s][debug][gc,nmethod     ] Register NMethod: java.lang.ref.Reference.<init> (0x000074b1b2c74d88) [0x000074b1b2c74e80, 0x000074b1b2c75088] Compiler: jvmci, Barriers: 9, Oops: 0, ImmediateOops: 1, NonImmediateOops: No
[4,622s][debug][gc,director    ] Rule Major: Warmup 10%, Used: 172MB, UsedThreshold: 1228MB
[4,622s][debug][gc,nmethod     ] Register NMethod: io.sirix.access.trx.node.AbstractNodeHashing.isBulkInsert (0x000074b1b2c74a88) [0x000074b1b2c74b80, 0x000074b1b2c74c40] Compiler: c1, Barriers: 0, Oops: 1, ImmediateOops: 0, NonImmediateOops: No
[4,623s][debug][gc,nmethod     ] Register NMethod: io.sirix.page.RevisionRootPage.incrementAndGetMaxNodeKeyInDocumentIndex (0x000074b19371b988) [0x000074b19371ba80, 0x000074b19371bb90] Compiler: c1, Barriers: 0, Oops: 1, ImmediateOops: 0, NonImmediateOops: No
[4,624s][debug][gc,nmethod     ] Register NMethod: java.util.concurrent.ForkJoinWorkerThread.resetThreadLocals (0x000074b1934e8288) [0x000074b1934e8380, 0x000074b1934e8850] Compiler: c1, Barriers: 8, Oops: 0, ImmediateOops: 0, NonImmediateOops: No
[4,625s][debug][gc,nmethod     ] Register NMethod: java.util.stream.SpinedBuffer.asArray (0x000074b1936d8308) [0x000074b1936d8400, 0x000074b1936d8ef0] Compiler: c1, Barriers: 1, Oops: 0, ImmediateOops: 1, NonImmediateOops: No
[4,625s][debug][gc,nmethod     ] Register NMethod: jdk.internal.foreign.NativeMemorySegmentImpl.dup (0x000074b1b2c74788) [0x000074b1b2c748a0, 0x000074b1b2c749f0] Compiler: jvmci, Barriers: 2, Oops: 0, ImmediateOops: 0, NonImmediateOops: No
[4,625s][debug][gc,nmethod     ] Register NMethod: io.sirix.node.json.ObjectKeyNode.getParentKey (0x000074b193510488) [0x000074b193510580, 0x000074b193515568] Compiler: c1, Barriers: 19, Oops: 7, ImmediateOops: 11, NonImmediateOops: No
[4,627s][debug][gc,nmethod     ] Register NMethod: io.sirix.node.json.ObjectNode.getFirstChildKey (0x000074b193ce9488) [0x000074b193ce9580, 0x000074b193cee570] Compiler: c1, Barriers: 19, Oops: 7, ImmediateOops: 11, NonImmediateOops: No
[4,632s][debug][gc,director    ] Rule Major: Warmup 10%, Used: 172MB, UsedThreshold: 1228MB
[4,632s][debug][gc,nmethod     ] Register NMethod: io.sirix.node.MemorySegmentBytesOut.writeLong (0x000074b1b2c74188) [0x000074b1b2c74280, 0x000074b1b2c74728] Compiler: jvmci, Barriers: 7, Oops: 1, ImmediateOops: 0, NonImmediateOops: No
[4,634s][debug][gc,nmethod     ] Register NMethod: com.github.benmanes.caffeine.cache.LocalManualCache.put (0x000074b193593808) [0x000074b193593900, 0x000074b193593ce8] Compiler: c1, Barriers: 1, Oops: 1, ImmediateOops: 0, NonImmediateOops: No
[4,634s][debug][gc,nmethod     ] Register NMethod: java.time.Instant.ofEpochSecond (0x000074b193863a08) [0x000074b193863b00, 0x000074b193863ce0] Compiler: c1, Barriers: 0, Oops: 0, ImmediateOops: 0, NonImmediateOops: No
[4,634s][debug][gc,nmethod     ] Register NMethod: com.github.benmanes.caffeine.cache.BoundedLocalCache.put (0x000074b193678a08) [0x000074b193678b00, 0x000074b193679028] Compiler: c1, Barriers: 0, Oops: 1, ImmediateOops: 0, NonImmediateOops: No
[4,634s][debug][gc,nmethod     ] Register NMethod: com.github.benmanes.caffeine.cache.SSMS.setHitsInSample (0x000074b1b2c73e88) [0x000074b1b2c73f80, 0x000074b1b2c74040] Compiler: c1, Barriers: 0, Oops: 1, ImmediateOops: 0, NonImmediateOops: No
[4,636s][debug][gc,nmethod     ] Register NMethod: java.time.Clock.currentInstant (0x000074b1934c3988) [0x000074b1934c3a80, 0x000074b1934c4b68] Compiler: c1, Barriers: 0, Oops: 2, ImmediateOops: 5, NonImmediateOops: No
[4,640s][debug][gc,nmethod     ] Register NMethod: io.sirix.node.GrowingMemorySegment.writeLong (0x000074b1b2c73908) [0x000074b1b2c73a00, 0x000074b1b2c73e40] Compiler: jvmci, Barriers: 6, Oops: 1, ImmediateOops: 0, NonImmediateOops: No
[4,642s][debug][gc,director    ] Rule Major: Warmup 10%, Used: 174MB, UsedThreshold: 1228MB
[4,644s][debug][gc,nmethod     ] Register NMethod: com.github.benmanes.caffeine.cache.BoundedLocalCache.put (0x000074b193499888) [0x000074b193499980, 0x000074b1934af7e0] Compiler: c1, Barriers: 34, Oops: 10, ImmediateOops: 90, NonImmediateOops: No
[4,647s][debug][gc,nmethod     ] Register NMethod: io.sirix.node.MemorySegmentBytesOut.writeByte (0x000074b1b2c73308) [0x000074b1b2c73400, 0x000074b1b2c73888] Compiler: jvmci, Barriers: 7, Oops: 1, ImmediateOops: 0, NonImmediateOops: No
[4,652s][debug][gc,nmethod     ] Register NMethod: java.util.regex.Pattern$BmpCharProperty.match (0x000074b1b2c81b08) [0x000074b1b2c81c00, 0x000074b1b2c821c0] Compiler: jvmci, Barriers: 7, Oops: 0, ImmediateOops: 0, NonImmediateOops: No
[4,652s][debug][gc,director    ] Rule Major: Warmup 10%, Used: 174MB, UsedThreshold: 1228MB
[4,654s][debug][gc,nmethod     ] Register NMethod: com.google.gson.stream.JsonWriter.replaceTop (0x000074b1b2c72f88) [0x000074b1b2c73080, 0x000074b1b2c73198] Compiler: jvmci, Barriers: 1, Oops: 1, ImmediateOops: 0, NonImmediateOops: No
[4,657s][debug][gc,nmethod     ] Register NMethod: io.sirix.access.trx.page.NodePageReadOnlyTrx.close (0x000074b19399dc88) [0x000074b19399dd80, 0x000074b1939a12f8] Compiler: c1, Barriers: 30, Oops: 1, ImmediateOops: 5, NonImmediateOops: No
[4,657s][debug][gc,nmethod     ] Register NMethod: com.github.benmanes.caffeine.cache.PSMW.newNode (0x000074b19392b808) [0x000074b19392b900, 0x000074b19392bab0] Compiler: c1, Barriers: 0, Oops: 1, ImmediateOops: 0, NonImmediateOops: No
[4,657s][debug][gc,nmethod     ] Register NMethod: com.github.benmanes.caffeine.cache.BoundedLocalCache$RemovalTask.<init> (0x000074b193c1e988) [0x000074b193c1ea80, 0x000074b193c1ecc8] Compiler: c1, Barriers: 6, Oops: 1, ImmediateOops: 0, NonImmediateOops: No
[4,658s][debug][gc,nmethod     ] Register NMethod: java.lang.Thread.setScopedValueCache (0x000074b1b2c81808) [0x000074b1b2c81900, 0x000074b1b2c81a58] Compiler: , Barriers: 0, Oops: 0, ImmediateOops: 1, NonImmediateOops: No
[4,658s][debug][gc,nmethod     ] Register NMethod: java.lang.Thread.setCurrentThread (0x000074b1b2c81508) [0x000074b1b2c81600, 0x000074b1b2c81758] Compiler: , Barriers: 0, Oops: 0, ImmediateOops: 0, NonImmediateOops: No
[4,658s][debug][gc,nmethod     ] Register NMethod: java.lang.Thread.setContinuation (0x000074b1b2c81208) [0x000074b1b2c81300, 0x000074b1b2c81438] Compiler: c1, Barriers: 3, Oops: 0, ImmediateOops: 0, NonImmediateOops: No
[4,658s][debug][gc,nmethod     ] Register NMethod: java.lang.VirtualThread.setCarrierThread (0x000074b1b2c80f08) [0x000074b1b2c81000, 0x000074b1b2c81140] Compiler: c1, Barriers: 3, Oops: 0, ImmediateOops: 0, NonImmediateOops: No
[4,658s][debug][gc,nmethod     ] Register NMethod: com.github.benmanes.caffeine.cache.PSMW.<init> (0x000074b1936aab08) [0x000074b1936aac00, 0x000074b1936ad048] Compiler: c1, Barriers: 6, Oops: 9, ImmediateOops: 16, NonImmediateOops: No
[4,659s][debug][gc,nmethod     ] Register NMethod: io.sirix.cache.PageCache.put (0x000074b1934c2e88) [0x000074b1934c2f80, 0x000074b1934c3690] Compiler: c1, Barriers: 0, Oops: 1, ImmediateOops: 0, NonImmediateOops: No
[4,659s][debug][gc,nmethod     ] Register NMethod: io.sirix.cache.PageCache.put (0x000074b19350ed08) [0x000074b19350ee00, 0x000074b193510470] Compiler: c1, Barriers: 1, Oops: 1, ImmediateOops: 0, NonImmediateOops: No
[4,661s][debug][gc,nmethod     ] Register NMethod: com.github.benmanes.caffeine.cache.BoundedLocalCache$UpdateTask.run (0x000074b1934fcb08) [0x000074b1934fcc00, 0x000074b193503f08] Compiler: c1, Barriers: 38, Oops: 2, ImmediateOops: 6, NonImmediateOops: No
[4,661s][debug][gc,nmethod     ] Register NMethod: io.sirix.index.path.summary.PathNode.setParent (0x000074b1b2c80c08) [0x000074b1b2c80d00, 0x000074b1b2c80e30] Compiler: c1, Barriers: 3, Oops: 1, ImmediateOops: 0, NonImmediateOops: No
[4,661s][debug][gc,nmethod     ] Register NMethod: io.sirix.index.path.summary.PathNode.getFirstChild (0x000074b1b2c80908) [0x000074b1b2c80a00, 0x000074b1b2c80ae8] Compiler: c1, Barriers: 1, Oops: 1, ImmediateOops: 0, NonImmediateOops: No
[4,661s][debug][gc,nmethod     ] Register NMethod: io.sirix.index.path.summary.PathNode.getLocalNameKey (0x000074b1939adc88) [0x000074b1939add80, 0x000074b1939adee0] Compiler: c1, Barriers: 1, Oops: 1, ImmediateOops: 0, NonImmediateOops: No
[4,661s][debug][gc,nmethod     ] Register NMethod: jdk.internal.foreign.AbstractMemorySegmentImpl.asSliceNoCheck (0x000074b1b2c80608) [0x000074b1b2c80700, 0x000074b1b2c808b0] Compiler: jvmci, Barriers: 3, Oops: 0, ImmediateOops: 0, NonImmediateOops: No
[4,662s][debug][gc,nmethod     ] Register NMethod: io.sirix.node.json.ObjectNode.getKind (0x000074b1939b5c08) [0x000074b1939b5d00, 0x000074b1939b5e08] Compiler: c1, Barriers: 0, Oops: 1, ImmediateOops: 1, NonImmediateOops: No
[4,662s][debug][gc,director    ] Rule Major: Warmup 10%, Used: 174MB, UsedThreshold: 1228MB
[4,662s][debug][gc,nmethod     ] Register NMethod: io.sirix.access.trx.node.json.JsonNodeReadOnlyTrxImpl.isObjectKey (0x000074b1936d7908) [0x000074b1936d7a00, 0x000074b1936d8288] Compiler: c1, Barriers: 1, Oops: 1, ImmediateOops: 2, NonImmediateOops: No
[4,662s][debug][gc,nmethod     ] Register NMethod: java.lang.Character.charValue (0x000074b1b2c80308) [0x000074b1b2c80400, 0x000074b1b2c804c8] Compiler: c1, Barriers: 0, Oops: 0, ImmediateOops: 0, NonImmediateOops: No
[4,663s][debug][gc,nmethod     ] Register NMethod: io.sirix.service.json.serialize.JsonSerializer.withMetaDataField (0x000074b1939d4088) [0x000074b1939d4180, 0x000074b1939d4330] Compiler: c1, Barriers: 0, Oops: 1, ImmediateOops: 0, NonImmediateOops: No
[4,663s][debug][gc,nmethod     ] Register NMethod: it.unimi.dsi.fastutil.longs.AbstractLongList.peekLong (0x000074b1939f9788) [0x000074b1939f9880, 0x000074b1939f9a00] Compiler: c1, Barriers: 0, Oops: 1, ImmediateOops: 0, NonImmediateOops: No
[4,663s][debug][gc,nmethod     ] Register NMethod: cn.danielw.fop.Poolable.getObject (0x000074b1b2c80008) [0x000074b1b2c80100, 0x000074b1b2c801e8] Compiler: c1, Barriers: 1, Oops: 1, ImmediateOops: 0, NonImmediateOops: No
[4,664s][debug][gc,nmethod     ] Register NMethod: java.io.Reader.<init> (0x000074b193527c88) [0x000074b193527d80, 0x000074b1935280b8] Compiler: c1, Barriers: 6, Oops: 0, ImmediateOops: 0, NonImmediateOops: No
[4,664s][debug][gc,nmethod     ] Register NMethod: java.nio.charset.CharsetDecoder.charset (0x000074b1b2c7fd08) [0x000074b1b2c7fe00, 0x000074b1b2c7fee8] Compiler: c1, Barriers: 1, Oops: 0, ImmediateOops: 0, NonImmediateOops: No
[4,664s][debug][gc,nmethod     ] Register NMethod: io.sirix.node.MemorySegmentBytesIn.readLong (0x000074b1b2c7f888) [0x000074b1b2c7f980, 0x000074b1b2c7fbe0] Compiler: jvmci, Barriers: 4, Oops: 1, ImmediateOops: 0, NonImmediateOops: No
[4,665s][debug][gc,nmethod     ] Register NMethod: org.magicwerk.brownies.collections.IList.<init> (0x000074b193c37c88) [0x000074b193c37d80, 0x000074b193c37fa0] Compiler: c1, Barriers: 0, Oops: 1, ImmediateOops: 0, NonImmediateOops: No
[4,665s][debug][gc,nmethod     ] Register NMethod: com.google.gson.stream.JsonReader.peekKeyword (0x000074b1939f6688) [0x000074b1939f6780, 0x000074b1939f8498] Compiler: c1, Barriers: 8, Oops: 2, ImmediateOops: 10, NonImmediateOops: No
[4,665s][debug][gc,nmethod     ] Register NMethod: com.github.benmanes.caffeine.cache.BoundedLocalCache.refreshIfNeeded (0x000074b1936d7288) [0x000074b1936d7380, 0x000074b1936d76c0] Compiler: c1, Barriers: 0, Oops: 1, ImmediateOops: 0, NonImmediateOops: No
[4,665s][debug][gc,nmethod     ] Register NMethod: org.magicwerk.brownies.collections.GapList.init (0x000074b193a18488) [0x000074b193a18580, 0x000074b193a18718] Compiler: c1, Barriers: 3, Oops: 1, ImmediateOops: 0, NonImmediateOops: No
[4,665s][debug][gc,nmethod     ] Register NMethod: org.magicwerk.brownies.collections.GapList.<init> (0x000074b19399d588) [0x000074b19399d680, 0x000074b19399db80] Compiler: c1, Barriers: 0, Oops: 1, ImmediateOops: 0, NonImmediateOops: No
[4,666s][debug][gc,nmethod     ] Register NMethod: com.github.benmanes.caffeine.cache.BLCHeader$DrainStatusRef.shouldDrainBuffers (0x000074b1934fb688) [0x000074b1934fb780, 0x000074b1934fca58] Compiler: c1, Barriers: 0, Oops: 6, ImmediateOops: 6, NonImmediateOops: No
[4,666s][debug][gc,nmethod     ] Register NMethod: com.google.gson.stream.JsonReader.nextNonWhitespace (0x000074b1935bea88) [0x000074b1935beb80, 0x000074b1935c2ee8] Compiler: c1, Barriers: 1, Oops: 4, ImmediateOops: 9, NonImmediateOops: No
[4,666s][debug][gc,nmethod     ] Register NMethod: com.github.benmanes.caffeine.cache.SSMS.accessOrderWindowDeque (0x000074b1b2d19408) [0x000074b1b2d19500, 0x000074b1b2d195f0] Compiler: c1, Barriers: 1, Oops: 1, ImmediateOops: 0, NonImmediateOops: No
[4,666s][debug][gc,nmethod     ] Register NMethod: java.lang.StringBuffer.append (0x000074b19346b108) [0x000074b19346b200, 0x000074b19346b518] Compiler: c1, Barriers: 3, Oops: 0, ImmediateOops: 0, NonImmediateOops: No
[4,666s][debug][gc,nmethod     ] Register NMethod: io.sirix.access.trx.node.json.JsonNodeReadOnlyTrxImpl.isDocumentRoot (0x000074b1936c0b88) [0x000074b1936c0c80, 0x000074b1936c1508] Compiler: c1, Barriers: 1, Oops: 1, ImmediateOops: 2, NonImmediateOops: No
[4,667s][debug][gc,nmethod     ] Register NMethod: io.sirix.settings.VersioningType$4.combineRecordPages (0x000074b1b2d19708) [0x000074b1b2d19800, 0x000074b1b2d1d0a0] Compiler: jvmci, Barriers: 63, Oops: 3, ImmediateOops: 1, NonImmediateOops: No
[4,668s][debug][gc,nmethod     ] Register NMethod: java.lang.Record.<init> (0x000074b1b2d1d108) [0x000074b1b2d1d200, 0x000074b1b2d1d280] Compiler: jvmci, Barriers: 0, Oops: 0, ImmediateOops: 0, NonImmediateOops: No
[4,668s][debug][gc,nmethod     ] Register NMethod: io.sirix.node.json.ObjectKeyNode.getLeftSiblingKey (0x000074b1935b9908) [0x000074b1935b9a00, 0x000074b1935be9f0] Compiler: c1, Barriers: 19, Oops: 7, ImmediateOops: 11, NonImmediateOops: No
[4,669s][debug][gc,nmethod     ] Register NMethod: java.util.concurrent.locks.AbstractQueuedSynchronizer$ConditionNode.isReleasable (0x000074b1935b9388) [0x000074b1935b9480, 0x000074b1935b9848] Compiler: c1, Barriers: 1, Oops: 0, ImmediateOops: 0, NonImmediateOops: No
[4,669s][debug][gc,nmethod     ] Register NMethod: io.sirix.node.json.ObjectNode.getRightSiblingKey (0x000074b193a2b488) [0x000074b193a2b580, 0x000074b193a30570] Compiler: c1, Barriers: 19, Oops: 7, ImmediateOops: 11, NonImmediateOops: No
[4,669s][debug][gc,nmethod     ] Register NMethod: io.sirix.node.json.ObjectKeyNode.hasFirstChild (0x000074b193a25f08) [0x000074b193a26000, 0x000074b193a2b438] Compiler: c1, Barriers: 19, Oops: 7, ImmediateOops: 12, NonImmediateOops: No
[4,669s][debug][gc,nmethod     ] Register NMethod: java.util.regex.Matcher.<init> (0x000074b19350e408) [0x000074b19350e500, 0x000074b19350ec78] Compiler: c1, Barriers: 15, Oops: 0, ImmediateOops: 0, NonImmediateOops: No
[4,669s][debug][gc,nmethod     ] Register NMethod: org.junit.jupiter.engine.execution.JupiterEngineExecutionContext.getExtensionContext (0x000074b1934fb388) [0x000074b1934fb480, 0x000074b1934fb5e8] Compiler: c1, Barriers: 2, Oops: 1, ImmediateOops: 0, NonImmediateOops: No
[4,670s][debug][gc,nmethod     ] Register NMethod: com.google.gson.stream.JsonReader.doPeek (0x000074b193963888) [0x000074b193963980, 0x000074b193973408] Compiler: c1, Barriers: 4, Oops: 8, ImmediateOops: 33, NonImmediateOops: No
[4,670s][debug][gc,nmethod     ] Register NMethod: java.lang.StringConcatHelper.newArray (0x000074b1b2d1d408) [0x000074b1b2d1d500, 0x000074b1b2d1d650] Compiler: jvmci, Barriers: 0, Oops: 0, ImmediateOops: 0, NonImmediateOops: No
[4,670s][debug][gc,nmethod     ] Register NMethod: java.util.stream.ForEachOps$ForEachOp.get (0x000074b1b2d1d708) [0x000074b1b2d1d800, 0x000074b1b2d1d8c8] Compiler: c1, Barriers: 0, Oops: 0, ImmediateOops: 0, NonImmediateOops: No
[4,670s][debug][gc,nmethod     ] Register NMethod: java.io.InputStreamReader.close (0x000074b193a3f988) [0x000074b193a3fa80, 0x000074b193a3fc08] Compiler: c1, Barriers: 1, Oops: 0, ImmediateOops: 0, NonImmediateOops: No
[4,670s][debug][gc,nmethod     ] Register NMethod: java.util.regex.Pattern.matcher (0x000074b1939f6188) [0x000074b1939f6280, 0x000074b1939f6658] Compiler: c1, Barriers: 0, Oops: 0, ImmediateOops: 0, NonImmediateOops: No
[4,670s][debug][gc,nmethod     ] Register NMethod: sun.nio.cs.StreamDecoder.close (0x000074b193962e08) [0x000074b193962f00, 0x000074b193963828] Compiler: c1, Barriers: 3, Oops: 0, ImmediateOops: 0, NonImmediateOops: No
[4,670s][debug][gc,nmethod     ] Register NMethod: sun.nio.fs.UnixFileAttributes.get (0x000074b193499488) [0x000074b193499580, 0x000074b193499840] Compiler: c1, Barriers: 0, Oops: 0, ImmediateOops: 0, NonImmediateOops: No
[4,672s][debug][gc,director    ] Rule Major: Warmup 10%, Used: 176MB, UsedThreshold: 1228MB
[4,673s][debug][gc,nmethod     ] Register NMethod: io.sirix.io.filechannel.FileChannelStorage.createReader (0x000074b193a22708) [0x000074b193a22800, 0x000074b193a25df0] Compiler: c1, Barriers: 43, Oops: 5, ImmediateOops: 7, NonImmediateOops: No
[4,674s][debug][gc,nmethod     ] Register NMethod: java.lang.VirtualThread.enableSuspendAndPreempt (0x000074b1939f5e88) [0x000074b1939f5f80, 0x000074b1939f60e0] Compiler: c1, Barriers: 0, Oops: 0, ImmediateOops: 0, NonImmediateOops: No
[4,674s][debug][gc,nmethod     ] Register NMethod: java.lang.VirtualThread.isInterrupted (0x000074b1b2d1da08) [0x000074b1b2d1db00, 0x000074b1b2d1dbc0] Compiler: c1, Barriers: 0, Oops: 0, ImmediateOops: 0, NonImmediateOops: No
[4,674s][debug][gc,nmethod     ] Register NMethod: io.sirix.io.filechannel.FileChannelReader.close (0x000074b193962688) [0x000074b193962780, 0x000074b193962de8] Compiler: c1, Barriers: 2, Oops: 1, ImmediateOops: 0, NonImmediateOops: No
[4,674s][debug][gc,nmethod     ] Register NMethod: java.lang.VirtualThread.disableSuspendAndPreempt (0x000074b193a8e888) [0x000074b193a8e980, 0x000074b193a8eae0] Compiler: c1, Barriers: 0, Oops: 0, ImmediateOops: 0, NonImmediateOops: No
[4,674s][debug][gc,nmethod     ] Register NMethod: java.util.LinkedHashMap.valuesToArray (0x000074b1b2d1dd08) [0x000074b1b2d1de00, 0x000074b1b2d1e398] Compiler: jvmci, Barriers: 21, Oops: 0, ImmediateOops: 0, NonImmediateOops: No
[4,674s][debug][gc,nmethod     ] Register NMethod: java.lang.VirtualThread.blockedOn (0x000074b193961f88) [0x000074b193962080, 0x000074b193962680] Compiler: c1, Barriers: 4, Oops: 0, ImmediateOops: 0, NonImmediateOops: No
[4,674s][debug][gc,nmethod     ] Register NMethod: io.sirix.node.HashEntryNode.<init> (0x000074b1936c0708) [0x000074b1936c0800, 0x000074b1936c0b28] Compiler: c1, Barriers: 3, Oops: 1, ImmediateOops: 0, NonImmediateOops: No
[4,675s][debug][gc,nmethod     ] Register NMethod: java.lang.Thread.getContextClassLoader (0x000074b1b2d1e408) [0x000074b1b2d1e500, 0x000074b1b2d1e5e8] Compiler: c1, Barriers: 1, Oops: 0, ImmediateOops: 0, NonImmediateOops: No
[4,676s][debug][gc,nmethod     ] Register NMethod: java.lang.StringConcatHelper.stringSize (0x000074b19346ad88) [0x000074b19346ae80, 0x000074b19346b0e8] Compiler: c1, Barriers: 0, Oops: 0, ImmediateOops: 1, NonImmediateOops: No
[4,676s][debug][gc,nmethod     ] Register NMethod: java.io.BufferedWriter.<init> (0x000074b1936bfe88) [0x000074b1936bff80, 0x000074b1936c06b8] Compiler: c1, Barriers: 1, Oops: 0, ImmediateOops: 1, NonImmediateOops: No
[4,676s][debug][gc,nmethod     ] Register NMethod: java.lang.StringConcatHelper.prepend (0x000074b1938db108) [0x000074b1938db200, 0x000074b1938dc128] Compiler: c1, Barriers: 2, Oops: 0, ImmediateOops: 0, NonImmediateOops: No
[4,676s][debug][gc,nmethod     ] Register NMethod: java.io.BufferedWriter.initialBufferSize (0x000074b1936bf688) [0x000074b1936bf780, 0x000074b1936bfe10] Compiler: c1, Barriers: 1, Oops: 0, ImmediateOops: 1, NonImmediateOops: No
[4,676s][debug][gc,nmethod     ] Register NMethod: com.google.gson.stream.JsonReader.nextQuotedValue (0x000074b1b2d1e708) [0x000074b1b2d1e800, 0x000074b1b2d1eed8] Compiler: jvmci, Barriers: 3, Oops: 2, ImmediateOops: 0, NonImmediateOops: No
[4,677s][debug][gc,nmethod     ] Register NMethod: java.io.BufferedWriter.<init> (0x000074b1936bee88) [0x000074b1936bef80, 0x000074b1936bf518] Compiler: c1, Barriers: 9, Oops: 0, ImmediateOops: 1, NonImmediateOops: No
[4,678s][debug][gc,nmethod     ] Register NMethod: io.sirix.axis.visitor.VisitorDescendantAxis.nextKey (0x000074b193af5b88) [0x000074b193af5c80, 0x000074b193afb4d0] Compiler: c1, Barriers: 8, Oops: 1, ImmediateOops: 11, NonImmediateOops: No
[4,679s][debug][gc,nmethod     ] Register NMethod: com.google.gson.stream.JsonReader.nextName (0x000074b193ce7488) [0x000074b193ce7580, 0x000074b193ce9430] Compiler: c1, Barriers: 5, Oops: 2, ImmediateOops: 3, NonImmediateOops: No
[4,679s][debug][gc,nmethod     ] Register NMethod: io.sirix.page.PageKind.deserializeMaxNodeKeys (0x000074b193ce6d08) [0x000074b193ce6e20, 0x000074b193ce72d8] Compiler: c1, Barriers: 0, Oops: 1, ImmediateOops: 0, NonImmediateOops: No
[4,679s][debug][gc,nmethod     ] Register NMethod: io.sirix.page.PageKind.deserializeCurrentMaxLevelsOfIndirectPages (0x000074b1938dab08) [0x000074b1938dac20, 0x000074b1938db0d8] Compiler: c1, Barriers: 0, Oops: 1, ImmediateOops: 0, NonImmediateOops: No
[4,679s][debug][gc,nmethod     ] Register NMethod: com.github.benmanes.caffeine.cache.stats.DisabledStatsCounter.recordHits (0x000074b193ac3d08) [0x000074b193ac3e00, 0x000074b193ac3f00] Compiler: c1, Barriers: 0, Oops: 1, ImmediateOops: 0, NonImmediateOops: No
[4,679s][debug][gc,nmethod     ] Register NMethod: com.github.benmanes.caffeine.cache.SSMS.hitsInSample (0x000074b1b2d1ef08) [0x000074b1b2d1f000, 0x000074b1b2d1f0c0] Compiler: c1, Barriers: 0, Oops: 1, ImmediateOops: 0, NonImmediateOops: No
[4,679s][debug][gc,nmethod     ] Register NMethod: io.sirix.access.User.<init> (0x000074b1938da508) [0x000074b1938da600, 0x000074b1938daac8] Compiler: c1, Barriers: 6, Oops: 1, ImmediateOops: 0, NonImmediateOops: No
[4,680s][debug][gc,nmethod     ] Register NMethod: com.github.benmanes.caffeine.cache.PSMS.getPreviousInAccessOrder (0x000074b1b2d1f208) [0x000074b1b2d1f300, 0x000074b1b2d1f3e8] Compiler: c1, Barriers: 1, Oops: 1, ImmediateOops: 0, NonImmediateOops: No
[4,680s][debug][gc,nmethod     ] Register NMethod: java.util.UUID.<init> (0x000074b193b59908) [0x000074b193b59a00, 0x000074b193b59b60] Compiler: c1, Barriers: 0, Oops: 0, ImmediateOops: 0, NonImmediateOops: No
[4,680s][debug][gc,nmethod     ] Register NMethod: io.sirix.io.AbstractForwardingReader.read (0x000074b193b65208) [0x000074b193b65300, 0x000074b193b654b0] Compiler: c1, Barriers: 1, Oops: 1, ImmediateOops: 0, NonImmediateOops: No
[4,681s][debug][gc,nmethod     ] Register NMethod: com.github.benmanes.caffeine.cache.PS.retire (0x000074b1936b7288) [0x000074b1936b7380, 0x000074b1936b85a0] Compiler: c1, Barriers: 3, Oops: 8, ImmediateOops: 11, NonImmediateOops: No
[4,681s][debug][gc,nmethod     ] Register NMethod: java.util.UUID.fromString (0x000074b19347a888) [0x000074b19347a980, 0x000074b19347d3a0] Compiler: c1, Barriers: 1, Oops: 1, ImmediateOops: 8, NonImmediateOops: No
[4,682s][debug][gc,nmethod     ] Register NMethod: io.sirix.page.PageFragmentKeyImpl.revision (0x000074b1b2d1f508) [0x000074b1b2d1f600, 0x000074b1b2d1f6c0] Compiler: c1, Barriers: 0, Oops: 1, ImmediateOops: 0, NonImmediateOops: No
[4,682s][debug][gc,nmethod     ] Register NMethod: com.github.benmanes.caffeine.cache.PS.isDead (0x000074b1936b5d08) [0x000074b1936b5e00, 0x000074b1936b7240] Compiler: c1, Barriers: 1, Oops: 7, ImmediateOops: 9, NonImmediateOops: No
[4,683s][debug][gc,director    ] Rule Major: Warmup 10%, Used: 178MB, UsedThreshold: 1228MB
[4,683s][debug][gc,nmethod     ] Register NMethod: java.util.regex.Pattern$GroupTail.match (0x000074b1b2d1f808) [0x000074b1b2d1f900, 0x000074b1b2d200c0] Compiler: jvmci, Barriers: 8, Oops: 0, ImmediateOops: 0, NonImmediateOops: No
[4,683s][debug][gc,nmethod     ] Register NMethod: com.github.benmanes.caffeine.cache.PS.die (0x000074b19344b188) [0x000074b19344b280, 0x000074b19344d258] Compiler: c1, Barriers: 6, Oops: 10, ImmediateOops: 17, NonImmediateOops: No
[4,683s][debug][gc,nmethod     ] Register NMethod: com.github.benmanes.caffeine.cache.BoundedLocalCache.makeDead (0x000074b193aeff08) [0x000074b193af0000, 0x000074b193af5ab8] Compiler: c1, Barriers: 7, Oops: 11, ImmediateOops: 26, NonImmediateOops: No
[4,684s][debug][gc,nmethod     ] Register NMethod: com.github.benmanes.caffeine.cache.stats.StatsCounter.disabledStatsCounter (0x000074b193b9bb08) [0x000074b193b9bc00, 0x000074b193b9bce8] Compiler: c1, Barriers: 0, Oops: 1, ImmediateOops: 1, NonImmediateOops: No
[4,684s][debug][gc,nmethod     ] Register NMethod: java.util.Objects.checkFromIndexSize (0x000074b1b2d20108) [0x000074b1b2d20200, 0x000074b1b2d202b0] Compiler: jvmci, Barriers: 0, Oops: 0, ImmediateOops: 0, NonImmediateOops: No
[4,684s][debug][gc,nmethod     ] Register NMethod: io.sirix.utils.OS.isWindows (0x000074b1b2d20408) [0x000074b1b2d20500, 0x000074b1b2d20568] Compiler: jvmci, Barriers: 0, Oops: 1, ImmediateOops: 0, NonImmediateOops: No
[4,685s][debug][gc,nmethod     ] Register NMethod: java.util.TimeZone.clone (0x000074b193590b08) [0x000074b193590c00, 0x000074b193590e18] Compiler: c1, Barriers: 0, Oops: 0, ImmediateOops: 0, NonImmediateOops: No
[4,685s][debug][gc,nmethod     ] Register NMethod: sun.util.calendar.ZoneInfo.clone (0x000074b19344a908) [0x000074b19344aa00, 0x000074b19344aef8] Compiler: c1, Barriers: 3, Oops: 0, ImmediateOops: 0, NonImmediateOops: No
[4,685s][debug][gc,nmethod     ] Register NMethod: java.util.TimeZone.getDefaultRef (0x000074b193bfe488) [0x000074b193bfe580, 0x000074b193bfe720] Compiler: c1, Barriers: 1, Oops: 0, ImmediateOops: 1, NonImmediateOops: No
[4,686s][debug][gc,nmethod     ] Register NMethod: java.util.TimeZone.getDefault (0x000074b1938d9d88) [0x000074b1938d9e80, 0x000074b1938da4e8] Compiler: c1, Barriers: 4, Oops: 0, ImmediateOops: 1, NonImmediateOops: No
[4,686s][debug][gc,nmethod     ] Register NMethod: io.sirix.node.delegates.NodeDelegate.<init> (0x000074b1939cac08) [0x000074b1939cad00, 0x000074b1939cb258] Compiler: c1, Barriers: 6, Oops: 1, ImmediateOops: 1, NonImmediateOops: No
[4,686s][debug][gc,nmethod     ] Register NMethod: java.lang.invoke.Invokers$Holder.linkToTargetMethod (0x000074b1939ca608) [0x000074b1939ca700, 0x000074b1939cabf8] Compiler: c1, Barriers: 0, Oops: 0, ImmediateOops: 0, NonImmediateOops: No
[4,686s][debug][gc,nmethod     ] Register NMethod: io.sirix.node.delegates.NameNodeDelegate.<init> (0x000074b1939ca108) [0x000074b1939ca200, 0x000074b1939ca5b0] Compiler: c1, Barriers: 3, Oops: 1, ImmediateOops: 1, NonImmediateOops: No
[4,686s][debug][gc,nmethod     ] Register NMethod: io.sirix.index.path.summary.PathNode.<init> (0x000074b1939c9388) [0x000074b1939c9480, 0x000074b1939ca0c8] Compiler: c1, Barriers: 15, Oops: 2, ImmediateOops: 2, NonImmediateOops: No
[4,686s][debug][gc,nmethod     ] Register NMethod: jdk.xml.internal.JdkXmlConfig.getJaxpConfig (0x000074b1b2d20708) [0x000074b1b2d20800, 0x000074b1b2d208e8] Compiler: c1, Barriers: 1, Oops: 0, ImmediateOops: 0, NonImmediateOops: No
[4,687s][debug][gc,nmethod     ] Register NMethod: jdk.xml.internal.XMLSecurityPropertyManager$Property.values (0x000074b1939c8d88) [0x000074b1939c8e80, 0x000074b1939c9360] Compiler: c1, Barriers: 0, Oops: 0, ImmediateOops: 1, NonImmediateOops: No
[4,687s][debug][gc,nmethod     ] Register NMethod: java.lang.reflect.Method.isCallerSensitive (0x000074b193695a08) [0x000074b193695b00, 0x000074b1936966f0] Compiler: c1, Barriers: 2, Oops: 1, ImmediateOops: 2, NonImmediateOops: No
[4,688s][debug][gc,nmethod     ] Register NMethod: jdk.internal.foreign.AbstractMemorySegmentImpl.asSlice (0x000074b1b2d20a08) [0x000074b1b2d20b00, 0x000074b1b2d20e18] Compiler: jvmci, Barriers: 5, Oops: 0, ImmediateOops: 0, NonImmediateOops: No
[4,689s][debug][gc,nmethod     ] Register NMethod: jdk.xml.internal.JdkProperty$ImplPropMap.is (0x000074b1939c8388) [0x000074b1939c8480, 0x000074b1939c8d48] Compiler: c1, Barriers: 3, Oops: 0, ImmediateOops: 0, NonImmediateOops: No
[4,690s][debug][gc,nmethod     ] Register NMethod: io.sirix.utils.XMLToken.isNCChar (0x000074b193695508) [0x000074b193695600, 0x000074b1936959e8] Compiler: c1, Barriers: 0, Oops: 1, ImmediateOops: 0, NonImmediateOops: No
[4,690s][debug][gc,nmethod     ] Register NMethod: io.sirix.index.path.summary.PathNode.hashCode (0x000074b193694b88) [0x000074b193694c80, 0x000074b1936954c0] Compiler: c1, Barriers: 8, Oops: 1, ImmediateOops: 0, NonImmediateOops: No
[4,690s][debug][gc,nmethod     ] Register NMethod: io.sirix.index.path.summary.PathSummaryReader.getName (0x000074b19382ea88) [0x000074b19382eb80, 0x000074b193831b48] Compiler: c1, Barriers: 12, Oops: 1, ImmediateOops: 5, NonImmediateOops: No
[4,690s][debug][gc,nmethod     ] Register NMethod: io.sirix.node.delegates.NodeDelegate.hashCode (0x000074b193693d08) [0x000074b193693e00, 0x000074b193694b68] Compiler: c1, Barriers: 10, Oops: 1, ImmediateOops: 1, NonImmediateOops: No
[4,691s][debug][gc,nmethod     ] Register NMethod: io.sirix.node.xml.ElementNode.getChildCount (0x000074b1936cce88) [0x000074b1936ccf80, 0x000074b1936d0988] Compiler: c1, Barriers: 6, Oops: 6, ImmediateOops: 9, NonImmediateOops: No
[4,691s][debug][gc,nmethod     ] Register NMethod: com.sun.org.apache.xerces.internal.impl.PropertyManager.getProperty (0x000074b193c3e688) [0x000074b193c3e780, 0x000074b193c40250] Compiler: c1, Barriers: 7, Oops: 1, ImmediateOops: 4, NonImmediateOops: No
[4,691s][debug][gc,nmethod     ] Register NMethod: jdk.xml.internal.JdkXmlUtils.getProperty (0x000074b193c3d808) [0x000074b193c3d900, 0x000074b193c3e648] Compiler: c1, Barriers: 2, Oops: 0, ImmediateOops: 0, NonImmediateOops: No
[4,691s][debug][gc,nmethod     ] Register NMethod: io.sirix.axis.AbstractAxis.reset (0x000074b1938d9a88) [0x000074b1938d9b80, 0x000074b1938d9d08] Compiler: c1, Barriers: 3, Oops: 1, ImmediateOops: 1, NonImmediateOops: No
[4,691s][debug][gc,nmethod     ] Register NMethod: io.brackit.query.atomic.AbstractAtomic.equals (0x000074b193b2fb08) [0x000074b193b2fc00, 0x000074b193b303d0] Compiler: c1, Barriers: 0, Oops: 1, ImmediateOops: 0, NonImmediateOops: No
[4,691s][debug][gc,nmethod     ] Register NMethod: io.sirix.node.delegates.NameNodeDelegate.hashCode (0x000074b193b2e808) [0x000074b193b2e900, 0x000074b193b2fad8] Compiler: c1, Barriers: 12, Oops: 1, ImmediateOops: 3, NonImmediateOops: No
[4,691s][debug][gc,nmethod     ] Register NMethod: io.sirix.utils.NamePageHash.generateHashForString (0x000074b1935af988) [0x000074b1935afa80, 0x000074b1935afd58] Compiler: c1, Barriers: 0, Oops: 1, ImmediateOops: 0, NonImmediateOops: No
[4,691s][debug][gc,nmethod     ] Register NMethod: io.sirix.access.trx.node.xml.ForwardingXmlNodeReadOnlyTrx.moveTo (0x000074b193b2e088) [0x000074b193b2e180, 0x000074b193b2e780] Compiler: c1, Barriers: 1, Oops: 1, ImmediateOops: 0, NonImmediateOops: No
[4,691s][debug][gc,nmethod     ] Register NMethod: io.sirix.axis.filter.AbstractFilter.<init> (0x000074b193b2da08) [0x000074b193b2db00, 0x000074b193b2e038] Compiler: c1, Barriers: 3, Oops: 1, ImmediateOops: 0, NonImmediateOops: No
[4,692s][debug][gc,nmethod     ] Register NMethod: io.sirix.axis.AbstractAxis.<init> (0x000074b19348e108) [0x000074b19348e200, 0x000074b19348ec50] Compiler: c1, Barriers: 9, Oops: 1, ImmediateOops: 2, NonImmediateOops: No
[4,692s][debug][gc,nmethod     ] Register NMethod: io.sirix.index.path.summary.PathSummaryReader.putMapping (0x000074b19348d588) [0x000074b19348d680, 0x000074b19348e0a8] Compiler: c1, Barriers: 9, Oops: 1, ImmediateOops: 0, NonImmediateOops: No
[4,692s][debug][gc,nmethod     ] Register NMethod: com.sun.org.apache.xerces.internal.impl.XMLDocumentScannerImpl.getNamespaceContext (0x000074b1b2d20e88) [0x000074b1b2d20f80, 0x000074b1b2d21070] Compiler: c1, Barriers: 1, Oops: 0, ImmediateOops: 0, NonImmediateOops: No
[4,692s][debug][gc,nmethod     ] Register NMethod: io.sirix.axis.filter.AbstractFilter.getTrx (0x000074b1936cc908) [0x000074b1936cca00, 0x000074b1936ccd00] Compiler: c1, Barriers: 1, Oops: 1, ImmediateOops: 0, NonImmediateOops: No
[4,692s][debug][gc,nmethod     ] Register NMethod: javax.xml.namespace.QName.getNamespaceURI (0x000074b1b2d21188) [0x000074b1b2d21280, 0x000074b1b2d21368] Compiler: c1, Barriers: 1, Oops: 0, ImmediateOops: 0, NonImmediateOops: No
[4,692s][debug][gc,nmethod     ] Register NMethod: javax.xml.namespace.QName.getPrefix (0x000074b1b2d21488) [0x000074b1b2d21580, 0x000074b1b2d21668] Compiler: c1, Barriers: 1, Oops: 0, ImmediateOops: 0, NonImmediateOops: No
[4,692s][debug][gc,nmethod     ] Register NMethod: javax.xml.namespace.QName.getLocalPart (0x000074b1b2d21788) [0x000074b1b2d21880, 0x000074b1b2d21968] Compiler: c1, Barriers: 1, Oops: 0, ImmediateOops: 0, NonImmediateOops: No
[4,692s][debug][gc,nmethod     ] Register NMethod: io.sirix.access.trx.node.xml.XmlNodeHashing.getCurrentNode (0x000074b19348cc88) [0x000074b19348cd80, 0x000074b19348d528] Compiler: c1, Barriers: 2, Oops: 1, ImmediateOops: 0, NonImmediateOops: No
[4,692s][debug][gc,nmethod     ] Register NMethod: io.sirix.access.trx.node.xml.XmlNodeHashing.getCurrentNode (0x000074b19348c588) [0x000074b19348c680, 0x000074b19348cc10] Compiler: c1, Barriers: 2, Oops: 1, ImmediateOops: 0, NonImmediateOops: No
[4,693s][debug][gc,nmethod     ] Register NMethod: java.util.stream.Nodes.builder (0x000074b193c3d288) [0x000074b193c3d380, 0x000074b193c3d748] Compiler: c1, Barriers: 3, Oops: 0, ImmediateOops: 0, NonImmediateOops: No
[4,693s][debug][gc,director    ] Rule Major: Warmup 10%, Used: 178MB, UsedThreshold: 1228MB
[4,693s][debug][gc,nmethod     ] Register NMethod: java.util.stream.Nodes$SpinedNodeBuilder.<init> (0x000074b193693708) [0x000074b193693800, 0x000074b193693b28] Compiler: c1, Barriers: 3, Oops: 0, ImmediateOops: 0, NonImmediateOops: No
[4,693s][debug][gc,nmethod     ] Register NMethod: java.util.stream.Nodes$SpinedNodeBuilder.begin (0x000074b193b2d388) [0x000074b193b2d480, 0x000074b193b2d998] Compiler: c1, Barriers: 0, Oops: 0, ImmediateOops: 0, NonImmediateOops: No
[4,693s][debug][gc,nmethod     ] Register NMethod: java.util.stream.Nodes$SpinedNodeBuilder.build (0x000074b1937c9a88) [0x000074b1937c9b80, 0x000074b1937c9c90] Compiler: c1, Barriers: 0, Oops: 0, ImmediateOops: 0, NonImmediateOops: No
[4,693s][debug][gc,nmethod     ] Register NMethod: java.util.stream.Nodes$SpinedNodeBuilder.asArray (0x000074b193808288) [0x000074b193808380, 0x000074b1938084c0] Compiler: c1, Barriers: 0, Oops: 0, ImmediateOops: 0, NonImmediateOops: No
[4,693s][debug][gc,nmethod     ] Register NMethod: io.sirix.node.xml.ElementNode.getHash (0x000074b193aec508) [0x000074b193aec600, 0x000074b193aefe70] Compiler: c1, Barriers: 7, Oops: 6, ImmediateOops: 10, NonImmediateOops: No
[4,694s][debug][gc,nmethod     ] Register NMethod: io.sirix.node.xml.ElementNode.getLastChildKey (0x000074b193ae7388) [0x000074b193ae7480, 0x000074b193aec470] Compiler: c1, Barriers: 19, Oops: 7, ImmediateOops: 11, NonImmediateOops: No
[4,694s][debug][gc,nmethod     ] Register NMethod: java.util.stream.Nodes$SpinedNodeBuilder.end (0x000074b19386a608) [0x000074b19386a700, 0x000074b19386a818] Compiler: c1, Barriers: 0, Oops: 0, ImmediateOops: 0, NonImmediateOops: No
[4,695s][debug][gc,nmethod     ] Register NMethod: io.sirix.node.xml.ElementNode.getLocalNameKey (0x000074b193b16108) [0x000074b193b16200, 0x000074b193b1b1f0] Compiler: c1, Barriers: 19, Oops: 7, ImmediateOops: 11, NonImmediateOops: No
[4,695s][debug][gc,nmethod     ] Register NMethod: io.sirix.node.xml.TextNode.getRightSiblingKey (0x000074b193b10f88) [0x000074b193b11080, 0x000074b193b16070] Compiler: c1, Barriers: 19, Oops: 7, ImmediateOops: 11, NonImmediateOops: No
[4,695s][debug][gc,nmethod     ] Register NMethod: io.sirix.node.xml.ElementNode.getPrefixKey (0x000074b193b0be08) [0x000074b193b0bf00, 0x000074b193b10ef0] Compiler: c1, Barriers: 19, Oops: 7, ImmediateOops: 11, NonImmediateOops: No
[4,696s][debug][gc,nmethod     ] Register NMethod: sun.nio.ch.IOUtil.write (0x000074b193b0aa88) [0x000074b193b0ab80, 0x000074b193b0bda8] Compiler: c1, Barriers: 0, Oops: 0, ImmediateOops: 0, NonImmediateOops: No
[4,696s][debug][gc,nmethod     ] Register NMethod: java.nio.ByteBuffer.get (0x000074b19348bb08) [0x000074b19348bc00, 0x000074b19348c578] Compiler: c1, Barriers: 0, Oops: 0, ImmediateOops: 0, NonImmediateOops: No
[4,696s][debug][gc,nmethod     ] Register NMethod: sun.nio.ch.IOUtil.writeFromNativeBuffer (0x000074b193b08288) [0x000074b193b08380, 0x000074b193b0aa38] Compiler: c1, Barriers: 4, Oops: 0, ImmediateOops: 4, NonImmediateOops: No
[4,697s][debug][gc,nmethod     ] Register NMethod: io.sirix.io.filechannel.FileChannelReader$$Lambda/0x00000000612bde90.<init> (0x000074b19348b708) [0x000074b19348b800, 0x000074b19348b9d8] Compiler: c1, Barriers: 3, Oops: 1, ImmediateOops: 0, NonImmediateOops: No
[4,697s][debug][gc,nmethod     ] Register NMethod: java.nio.ByteBuffer.getArray (0x000074b193f2b008) [0x000074b193f2b100, 0x000074b193f2cff8] Compiler: c1, Barriers: 5, Oops: 1, ImmediateOops: 4, NonImmediateOops: No
[4,697s][debug][gc,nmethod     ] Register NMethod: com.github.benmanes.caffeine.cache.LocalAsyncCache$AbstractCacheView.get (0x000074b193b07088) [0x000074b193b07180, 0x000074b193b08218] Compiler: c1, Barriers: 6, Oops: 2, ImmediateOops: 2, NonImmediateOops: No
[4,697s][debug][gc,nmethod     ] Register NMethod: com.github.benmanes.caffeine.cache.LocalAsyncCache$$Lambda/0x00000000612be0e0.<init> (0x000074b193ae7008) [0x000074b193ae7100, 0x000074b193ae7348] Compiler: c1, Barriers: 6, Oops: 1, ImmediateOops: 0, NonImmediateOops: No
[4,698s][debug][gc,nmethod     ] Register NMethod: io.sirix.io.filechannel.FileChannelReader.readRevisionRootPage (0x000074b193f2d008) [0x000074b193f2d100, 0x000074b193f2fa18] Compiler: c1, Barriers: 7, Oops: 3, ImmediateOops: 7, NonImmediateOops: No
[4,698s][debug][gc,nmethod     ] Register NMethod: com.github.benmanes.caffeine.cache.LocalAsyncCache.get (0x000074b193f2fa88) [0x000074b193f2fb80, 0x000074b193f30790] Compiler: c1, Barriers: 6, Oops: 2, ImmediateOops: 2, NonImmediateOops: No
[4,698s][debug][gc,nmethod     ] Register NMethod: com.github.benmanes.caffeine.cache.LocalAsyncCache.get (0x000074b193ae6b08) [0x000074b193ae6c00, 0x000074b193ae6f28] Compiler: c1, Barriers: 0, Oops: 1, ImmediateOops: 0, NonImmediateOops: No
[4,698s][debug][gc,nmethod     ] Register NMethod: java.time.format.DateTimeFormatterBuilder$CompositePrinterParser.format (0x000074b193f30808) [0x000074b193f30900, 0x000074b193f31c18] Compiler: c1, Barriers: 2, Oops: 0, ImmediateOops: 0, NonImmediateOops: No
[4,698s][debug][gc,nmethod     ] Register NMethod: java.time.zone.ZoneRules.getOffset (0x000074b193f31c88) [0x000074b193f31d80, 0x000074b193f32ba0] Compiler: c1, Barriers: 11, Oops: 0, ImmediateOops: 0, NonImmediateOops: No
[4,698s][debug][gc,nmethod     ] Register NMethod: com.github.benmanes.caffeine.cache.BoundedLocalCache$$Lambda/0x0000000061286770.apply (0x000074b193b06808) [0x000074b193b06900, 0x000074b193b06de8] Compiler: c1, Barriers: 7, Oops: 1, ImmediateOops: 0, NonImmediateOops: No
[4,699s][debug][gc,nmethod     ] Register NMethod: java.time.zone.ZoneRules.findTransitionArray (0x000074b193f32c08) [0x000074b193f32d00, 0x000074b193f33e90] Compiler: c1, Barriers: 8, Oops: 0, ImmediateOops: 1, NonImmediateOops: No
[4,699s][debug][gc,nmethod     ] Register NMethod: io.sirix.node.GrowingMemorySegment.grow (0x000074b193f33f08) [0x000074b193f34000, 0x000074b193f44e48] Compiler: c1, Barriers: 44, Oops: 5, ImmediateOops: 42, NonImmediateOops: No
[4,699s][debug][gc,nmethod     ] Register NMethod: java.io.BufferedWriter.close (0x000074b193f44e88) [0x000074b193f44f80, 0x000074b193f45cc8] Compiler: c1, Barriers: 14, Oops: 0, ImmediateOops: 0, NonImmediateOops: No
[4,699s][debug][gc,nmethod     ] Register NMethod: com.github.benmanes.caffeine.cache.BoundedLocalCache$RemovalTask.run (0x000074b193f45d08) [0x000074b193f45e00, 0x000074b193f49108] Compiler: c1, Barriers: 13, Oops: 1, ImmediateOops: 0, NonImmediateOops: No
[4,700s][debug][gc,nmethod     ] Register NMethod: java.time.Clock$SystemClock.<init> (0x000074b193f49188) [0x000074b193f49280, 0x000074b193f494b0] Compiler: c1, Barriers: 3, Oops: 0, ImmediateOops: 0, NonImmediateOops: No
[4,700s][debug][gc,nmethod     ] Register NMethod: java.util.TimeZone.toZoneId (0x000074b193f49508) [0x000074b193f49600, 0x000074b193f49828] Compiler: c1, Barriers: 4, Oops: 0, ImmediateOops: 0, NonImmediateOops: No
[4,700s][debug][gc,nmethod     ] Register NMethod: java.time.Clock.<init> (0x000074b193f49888) [0x000074b193f49980, 0x000074b193f49ad8] Compiler: c1, Barriers: 0, Oops: 0, ImmediateOops: 0, NonImmediateOops: No
[4,700s][debug][gc,nmethod     ] Register NMethod: java.time.format.DateTimeFormatter.format (0x000074b193f49b88) [0x000074b193f49c80, 0x000074b193f4a5b8] Compiler: c1, Barriers: 0, Oops: 0, ImmediateOops: 1, NonImmediateOops: No
[4,700s][debug][gc,nmethod     ] Register NMethod: com.github.benmanes.caffeine.cache.BoundedLocalCache.lambda$remove$9 (0x000074b193f4a608) [0x000074b193f4a700, 0x000074b193f4f3d0] Compiler: c1, Barriers: 24, Oops: 10, ImmediateOops: 23, NonImmediateOops: No
[4,700s][debug][gc,nmethod     ] Register NMethod: java.time.format.DateTimeFormatter.formatTo (0x000074b193f4f488) [0x000074b193f4f580, 0x000074b193f50a38] Compiler: c1, Barriers: 8, Oops: 2, ImmediateOops: 2, NonImmediateOops: No
[4,700s][debug][gc,nmethod     ] Register NMethod: java.time.format.DateTimePrintContext.<init> (0x000074b193f50a88) [0x000074b193f50b80, 0x000074b193f50e18] Compiler: c1, Barriers: 6, Oops: 0, ImmediateOops: 0, NonImmediateOops: No
[4,701s][debug][gc,nmethod     ] Register NMethod: java.time.temporal.ValueRange.checkValidIntValue (0x000074b193f50e88) [0x000074b193f50f80, 0x000074b193f520f8] Compiler: c1, Barriers: 0, Oops: 0, ImmediateOops: 0, NonImmediateOops: No
[4,701s][debug][gc,nmethod     ] Register NMethod: java.time.temporal.ValueRange.isValidIntValue (0x000074b193f52108) [0x000074b193f52200, 0x000074b193f52ff8] Compiler: c1, Barriers: 0, Oops: 0, ImmediateOops: 0, NonImmediateOops: No
[4,701s][debug][gc,nmethod     ] Register NMethod: java.time.temporal.ValueRange.isIntValue (0x000074b193f53008) [0x000074b193f53100, 0x000074b193f53630] Compiler: c1, Barriers: 0, Oops: 0, ImmediateOops: 0, NonImmediateOops: No
[4,701s][debug][gc,nmethod     ] Register NMethod: java.io.FileWriter.<init> (0x000074b193f53688) [0x000074b193f53780, 0x000074b193f53960] Compiler: c1, Barriers: 0, Oops: 0, ImmediateOops: 0, NonImmediateOops: No
[4,701s][debug][gc,nmethod     ] Register NMethod: java.time.LocalDateTime.format (0x000074b193f53988) [0x000074b193f53a80, 0x000074b193f54758] Compiler: c1, Barriers: 0, Oops: 1, ImmediateOops: 2, NonImmediateOops: No
[4,702s][debug][gc,nmethod     ] Register NMethod: java.time.LocalDateTime.now (0x000074b193f54788) [0x000074b193f54880, 0x000074b193f55470] Compiler: c1, Barriers: 10, Oops: 0, ImmediateOops: 0, NonImmediateOops: No
[4,702s][debug][gc,nmethod     ] Register NMethod: java.time.Clock.systemDefaultZone (0x000074b193f55488) [0x000074b193f55580, 0x000074b193f560e0] Compiler: c1, Barriers: 10, Oops: 0, ImmediateOops: 0, NonImmediateOops: No
[4,702s][debug][gc,nmethod     ] Register NMethod: java.time.format.DateTimeFormatterBuilder$NanosPrinterParser.format (0x000074b193f56108) [0x000074b193f56200, 0x000074b193f58a50] Compiler: c1, Barriers: 5, Oops: 0, ImmediateOops: 1, NonImmediateOops: No
[4,702s][debug][gc,nmethod     ] Register NMethod: java.time.ZoneId.systemDefault (0x000074b193f58a88) [0x000074b193f58b80, 0x000074b193f59480] Compiler: c1, Barriers: 7, Oops: 0, ImmediateOops: 0, NonImmediateOops: No
[4,703s][debug][gc,nmethod     ] Register NMethod: java.time.format.DateTimePrintContext.adjust (0x000074b193f59488) [0x000074b193f59580, 0x000074b193f610e0] Compiler: c1, Barriers: 3, Oops: 6, ImmediateOops: 20, NonImmediateOops: No
[4,703s][debug][gc,nmethod     ] Register NMethod: java.time.Clock$SystemClock.instant (0x000074b193f61188) [0x000074b193f61280, 0x000074b193f613b0] Compiler: c1, Barriers: 0, Oops: 0, ImmediateOops: 0, NonImmediateOops: No
[4,703s][debug][gc,director    ] Rule Major: Warmup 10%, Used: 184MB, UsedThreshold: 1228MB
[4,703s][debug][gc,nmethod     ] Register NMethod: io.sirix.cache.DiagnosticLogger.log (0x000074b193f61488) [0x000074b193f61580, 0x000074b193f661b0] Compiler: c1, Barriers: 31, Oops: 5, ImmediateOops: 10, NonImmediateOops: No
[4,703s][debug][gc,nmethod     ] Register NMethod: java.time.LocalDateTime.now (0x000074b193f66208) [0x000074b193f66300, 0x000074b193f66e10] Compiler: c1, Barriers: 1, Oops: 1, ImmediateOops: 1, NonImmediateOops: No
[4,703s][debug][gc,nmethod     ] Register NMethod: java.lang.Integer.equals (0x000074b193f66e88) [0x000074b193f66f80, 0x000074b193f67708] Compiler: c1, Barriers: 0, Oops: 0, ImmediateOops: 0, NonImmediateOops: No
[4,703s][debug][gc,nmethod     ] Register NMethod: java.time.ZoneRegion.getRules (0x000074b193f67788) [0x000074b193f67880, 0x000074b193f67c90] Compiler: c1, Barriers: 2, Oops: 1, ImmediateOops: 1, NonImmediateOops: No
[4,703s][debug][gc,nmethod     ] Register NMethod: java.time.zone.ZoneRules.findYear (0x000074b193f67d08) [0x000074b193f67e00, 0x000074b193f68598] Compiler: c1, Barriers: 0, Oops: 0, ImmediateOops: 0, NonImmediateOops: No
[4,704s][debug][gc,nmethod     ] Register NMethod: sun.nio.cs.StreamEncoder.implClose (0x000074b193f68608) [0x000074b193f68700, 0x000074b193f6a3d8] Compiler: c1, Barriers: 6, Oops: 0, ImmediateOops: 0, NonImmediateOops: No
[4,704s][debug][gc,nmethod     ] Register NMethod: com.github.benmanes.caffeine.cache.LocalAsyncCache$$Lambda/0x00000000612be320.<init> (0x000074b193f6a408) [0x000074b193f6a500, 0x000074b193f6a838] Compiler: c1, Barriers: 12, Oops: 1, ImmediateOops: 0, NonImmediateOops: No
[4,704s][debug][gc,nmethod     ] Register NMethod: io.sirix.index.path.summary.PathNode.getURIKey (0x000074b193f6a888) [0x000074b193f6a980, 0x000074b193f6aae0] Compiler: c1, Barriers: 1, Oops: 1, ImmediateOops: 0, NonImmediateOops: No
[4,704s][debug][gc,nmethod     ] Register NMethod: com.github.benmanes.caffeine.cache.LocalAsyncCache$AbstractCacheView.resolve (0x000074b193f6ab88) [0x000074b193f6ac80, 0x000074b193f6c070] Compiler: c1, Barriers: 1, Oops: 1, ImmediateOops: 2, NonImmediateOops: No
[4,704s][debug][gc,nmethod     ] Register NMethod: com.github.benmanes.caffeine.cache.UnboundedLocalCache.computeIfAbsent (0x000074b193f6c088) [0x000074b193f6c180, 0x000074b193f6cbb0] Compiler: c1, Barriers: 4, Oops: 1, ImmediateOops: 0, NonImmediateOops: No
[4,704s][debug][gc,nmethod     ] Register NMethod: java.nio.ByteBuffer.get (0x000074b193f6cc08) [0x000074b193f6cd00, 0x000074b193f6d010] Compiler: c1, Barriers: 0, Oops: 0, ImmediateOops: 0, NonImmediateOops: No
[4,704s][debug][gc,nmethod     ] Register NMethod: io.sirix.access.trx.page.NodePageTrx.getName (0x000074b193f6d088) [0x000074b193f6d180, 0x000074b193f6f4e8] Compiler: c1, Barriers: 11, Oops: 1, ImmediateOops: 3, NonImmediateOops: No
[4,705s][debug][gc,nmethod     ] Register NMethod: io.sirix.page.DeserializedBitmapReferencesPageTuple.<init> (0x000074b193f6f508) [0x000074b193f6f600, 0x000074b193f6f848] Compiler: c1, Barriers: 6, Oops: 1, ImmediateOops: 0, NonImmediateOops: No
[4,705s][debug][gc,nmethod     ] Register NMethod: io.sirix.page.RevisionRootPage.<init> (0x000074b193f6f888) [0x000074b193f6f980, 0x000074b193f6fd48] Compiler: c1, Barriers: 9, Oops: 1, ImmediateOops: 0, NonImmediateOops: No
[4,705s][debug][gc,nmethod     ] Register NMethod: com.github.benmanes.caffeine.cache.LocalAsyncCache.get (0x000074b193f6fd88) [0x000074b193f6fe80, 0x000074b193f711a8] Compiler: c1, Barriers: 15, Oops: 3, ImmediateOops: 2, NonImmediateOops: No
[4,705s][debug][gc,nmethod     ] Register NMethod: java.io.BufferedWriter.flushBuffer (0x000074b193f71208) [0x000074b193f71300, 0x000074b193f71a70] Compiler: c1, Barriers: 3, Oops: 0, ImmediateOops: 1, NonImmediateOops: No
[4,706s][debug][gc,nmethod     ] Register NMethod: io.sirix.page.PageKind$5.deserializePage (0x000074b193f71a88) [0x000074b193f71b80, 0x000074b193f73798] Compiler: c1, Barriers: 14, Oops: 1, ImmediateOops: 2, NonImmediateOops: No
[4,707s][debug][gc,nmethod     ] Register NMethod: com.github.benmanes.caffeine.cache.PSMS.getNextInAccessOrder (0x000074b1b2d21a88) [0x000074b1b2d21b80, 0x000074b1b2d21c68] Compiler: c1, Barriers: 1, Oops: 1, ImmediateOops: 0, NonImmediateOops: No
[4,707s][debug][gc,nmethod     ] Register NMethod: com.github.benmanes.caffeine.cache.SSMS.maximum (0x000074b1b2d21d88) [0x000074b1b2d21e80, 0x000074b1b2d21f40] Compiler: c1, Barriers: 0, Oops: 1, ImmediateOops: 0, NonImmediateOops: No
[4,707s][debug][gc,nmethod     ] Register NMethod: io.sirix.node.xml.ElementNode.getAttributeCount (0x000074b193f73808) [0x000074b193f73900, 0x000074b193f73a90] Compiler: c1, Barriers: 1, Oops: 1, ImmediateOops: 0, NonImmediateOops: No
[4,709s][debug][gc,nmethod     ] Register NMethod: it.unimi.dsi.fastutil.longs.AbstractLongList.<init> (0x000074b193f73b08) [0x000074b193f73c00, 0x000074b193f73e18] Compiler: c1, Barriers: 0, Oops: 1, ImmediateOops: 0, NonImmediateOops: No
[4,709s][debug][gc,nmethod     ] Register NMethod: it.unimi.dsi.fastutil.longs.AbstractLongCollection.<init> (0x000074b193f73e88) [0x000074b193f73f80, 0x000074b193f74138] Compiler: c1, Barriers: 0, Oops: 1, ImmediateOops: 0, NonImmediateOops: No
[4,709s][debug][gc,nmethod     ] Register NMethod: io.sirix.node.xml.ElementNode.getNamespaceCount (0x000074b193f74188) [0x000074b193f74280, 0x000074b193f74410] Compiler: c1, Barriers: 1, Oops: 1, ImmediateOops: 0, NonImmediateOops: No
[4,710s][debug][gc,nmethod     ] Register NMethod: io.brackit.query.atomic.QNm.<init> (0x000074b193f74488) [0x000074b193f74580, 0x000074b193f749b8] Compiler: c1, Barriers: 9, Oops: 1, ImmediateOops: 4, NonImmediateOops: No
[4,710s][debug][gc,nmethod     ] Register NMethod: io.sirix.node.xml.TextNode.hasFirstChild (0x000074b1b2d22088) [0x000074b1b2d22180, 0x000074b1b2d22240] Compiler: c1, Barriers: 0, Oops: 1, ImmediateOops: 0, NonImmediateOops: No
[4,710s][debug][gc,nmethod     ] Register NMethod: io.sirix.access.trx.node.AbstractNodeReadOnlyTrx.getLeftSiblingKey (0x000074b193f74a08) [0x000074b193f74b00, 0x000074b193f75320] Compiler: c1, Barriers: 0, Oops: 1, ImmediateOops: 1, NonImmediateOops: No
[4,711s][debug][gc,nmethod     ] Register NMethod: java.lang.Iterable.forEach (0x000074b193f75388) [0x000074b193f75480, 0x000074b193f75f78] Compiler: c1, Barriers: 0, Oops: 0, ImmediateOops: 0, NonImmediateOops: No
[4,711s][debug][gc,nmethod     ] Register NMethod: dagger.internal.Preconditions.checkNotNullFromProvides (0x000074b193f75f88) [0x000074b193f76080, 0x000074b193f76258] Compiler: c1, Barriers: 0, Oops: 1, ImmediateOops: 1, NonImmediateOops: No
[4,711s][debug][gc,nmethod     ] Register NMethod: io.sirix.node.xml.ElementNode.hasRightSibling (0x000074b193f76288) [0x000074b193f76380, 0x000074b193f7b7b8] Compiler: c1, Barriers: 19, Oops: 7, ImmediateOops: 12, NonImmediateOops: No
[4,712s][debug][gc,nmethod     ] Register NMethod: io.sirix.access.trx.page.RevisionRootPageReader.<init> (0x000074b193f7b808) [0x000074b193f7b900, 0x000074b193f7ba58] Compiler: c1, Barriers: 0, Oops: 1, ImmediateOops: 0, NonImmediateOops: No
[4,712s][debug][gc,nmethod     ] Register NMethod: io.sirix.access.trx.page.RevisionRootPageReader.loadRevisionRootPage (0x000074b193f7bb08) [0x000074b193f7bc00, 0x000074b193f7bf10] Compiler: c1, Barriers: 0, Oops: 1, ImmediateOops: 0, NonImmediateOops: No
[4,712s][debug][gc,nmethod     ] Register NMethod: io.sirix.access.trx.node.AbstractResourceSession.assertAccess (0x000074b193f7bf88) [0x000074b193f7c080, 0x000074b193f7d840] Compiler: c1, Barriers: 4, Oops: 1, ImmediateOops: 3, NonImmediateOops: No
[4,712s][debug][gc,nmethod     ] Register NMethod: io.sirix.access.trx.page.RevisionRootPageReader.getNamePage (0x000074b193f7d888) [0x000074b193f7d980, 0x000074b193f7dc90] Compiler: c1, Barriers: 0, Oops: 1, ImmediateOops: 0, NonImmediateOops: No
[4,713s][debug][gc,director    ] Rule Major: Warmup 10%, Used: 186MB, UsedThreshold: 1228MB
[4,713s][debug][gc,nmethod     ] Register NMethod: io.sirix.node.xml.TextNode.getKind (0x000074b193f7dd08) [0x000074b193f7de00, 0x000074b193f7df08] Compiler: c1, Barriers: 0, Oops: 1, ImmediateOops: 1, NonImmediateOops: No
[4,713s][debug][gc,nmethod     ] Register NMethod: io.sirix.access.trx.node.AbstractNodeReadOnlyTrx.moveToFirstChild (0x000074b193f7e008) [0x000074b193f7e100, 0x000074b193f7ed80] Compiler: c1, Barriers: 0, Oops: 1, ImmediateOops: 1, NonImmediateOops: No
[4,713s][debug][gc,nmethod     ] Register NMethod: io.sirix.service.xml.serialize.XmlSerializer.areSiblingNodesGoingToBeSkipped (0x000074b1b2d22388) [0x000074b1b2d22480, 0x000074b1b2d22540] Compiler: c1, Barriers: 0, Oops: 1, ImmediateOops: 0, NonImmediateOops: No
[4,714s][debug][gc,nmethod     ] Register NMethod: io.sirix.access.trx.page.NodePageReadOnlyTrx.<init> (0x000074b193f7ee08) [0x000074b193f7ef00, 0x000074b193f81fa0] Compiler: c1, Barriers: 38, Oops: 3, ImmediateOops: 5, NonImmediateOops: No
[4,714s][debug][gc,nmethod     ] Register NMethod: io.sirix.access.trx.node.xml.XmlNodeReadOnlyTrxImpl.isDocumentRoot (0x000074b193f82008) [0x000074b193f82100, 0x000074b193f82ba8] Compiler: c1, Barriers: 1, Oops: 1, ImmediateOops: 2, NonImmediateOops: No
[4,714s][debug][gc,nmethod     ] Register NMethod: java.util.regex.Matcher.matches (0x000074b193f82c08) [0x000074b193f82d00, 0x000074b193f83000] Compiler: c1, Barriers: 0, Oops: 0, ImmediateOops: 0, NonImmediateOops: No
[4,715s][debug][gc,nmethod     ] Register NMethod: java.util.regex.Matcher.match (0x000074b193f83008) [0x000074b193f83100, 0x000074b193f83928] Compiler: c1, Barriers: 8, Oops: 0, ImmediateOops: 0, NonImmediateOops: No
[4,715s][debug][gc,nmethod     ] Register NMethod: io.sirix.node.xml.TextNode.getLeftSiblingKey (0x000074b193f83988) [0x000074b193f83a80, 0x000074b193f88a70] Compiler: c1, Barriers: 19, Oops: 7, ImmediateOops: 11, NonImmediateOops: No
[4,715s][debug][gc,nmethod     ] Register NMethod: java.util.LinkedHashMap.valuesToArray (0x000074b193f88b08) [0x000074b193f88c00, 0x000074b193f89568] Compiler: c1, Barriers: 12, Oops: 0, ImmediateOops: 0, NonImmediateOops: No
[4,715s][debug][gc,nmethod     ] Register NMethod: org.junit.platform.commons.util.ReflectionUtils$$Lambda/0x000000006118d698.<init> (0x000074b193f89588) [0x000074b193f89680, 0x000074b193f89850] Compiler: c1, Barriers: 3, Oops: 1, ImmediateOops: 0, NonImmediateOops: No
[4,716s][debug][gc,nmethod     ] Register NMethod: java.util.ArrayList.clear (0x000074b193f89888) [0x000074b193f89980, 0x000074b193f89e38] Compiler: c1, Barriers: 4, Oops: 0, ImmediateOops: 0, NonImmediateOops: No
[4,716s][debug][gc,nmethod     ] Register NMethod: io.sirix.node.xml.TextNode.hasRightSibling (0x000074b193f89e88) [0x000074b193f89f80, 0x000074b193f8f3b8] Compiler: c1, Barriers: 19, Oops: 7, ImmediateOops: 12, NonImmediateOops: No
[4,716s][debug][gc,nmethod     ] Register NMethod: org.junit.platform.commons.util.ReflectionUtils.isMethodShadowedByLocalMethods (0x000074b193f8f408) [0x000074b193f8f500, 0x000074b193f90518] Compiler: c1, Barriers: 3, Oops: 2, ImmediateOops: 3, NonImmediateOops: No
[4,716s][debug][gc,nmethod     ] Register NMethod: org.junit.platform.engine.UniqueIdFormat$$Lambda/0x000000006119b3f0.apply (0x000074b193f90588) [0x000074b193f90680, 0x000074b193f909f8] Compiler: c1, Barriers: 1, Oops: 1, ImmediateOops: 0, NonImmediateOops: No
[4,716s][debug][gc,nmethod     ] Register NMethod: org.junit.platform.commons.util.ReflectionUtils$$Lambda/0x000000006118e930.test (0x000074b193f90a08) [0x000074b193f90b00, 0x000074b193f91e90] Compiler: c1, Barriers: 4, Oops: 2, ImmediateOops: 3, NonImmediateOops: No
[4,717s][debug][gc,nmethod     ] Register NMethod: org.junit.platform.commons.util.ReflectionUtils.lambda$findAllMethodsInHierarchy$28 (0x000074b193f91f08) [0x000074b193f92000, 0x000074b193f930d0] Compiler: c1, Barriers: 3, Oops: 2, ImmediateOops: 3, NonImmediateOops: No
[4,717s][debug][gc,nmethod     ] Register NMethod: java.lang.reflect.ReflectAccess.copyField (0x000074b193f93108) [0x000074b193f93200, 0x000074b193f93500] Compiler: c1, Barriers: 0, Oops: 0, ImmediateOops: 0, NonImmediateOops: No
[4,717s][debug][gc,nmethod     ] Register NMethod: jdk.internal.reflect.ReflectionFactory.copyField (0x000074b193f93508) [0x000074b193f93600, 0x000074b193f939d8] Compiler: c1, Barriers: 1, Oops: 0, ImmediateOops: 0, NonImmediateOops: No
[4,717s][debug][gc,nmethod     ] Register NMethod: java.lang.reflect.Field.copy (0x000074b193f93a08) [0x000074b193f93b00, 0x000074b193f94180] Compiler: c1, Barriers: 21, Oops: 0, ImmediateOops: 1, NonImmediateOops: No
[4,717s][debug][gc,nmethod     ] Register NMethod: java.lang.reflect.Field.<init> (0x000074b193f94188) [0x000074b193f94280, 0x000074b193f946a8] Compiler: c1, Barriers: 15, Oops: 0, ImmediateOops: 0, NonImmediateOops: No
[4,718s][debug][gc,nmethod     ] Register NMethod: java.util.concurrent.ConcurrentHashMap.isEmpty (0x000074b193f94708) [0x000074b193f94800, 0x000074b193f94b48] Compiler: c1, Barriers: 0, Oops: 0, ImmediateOops: 0, NonImmediateOops: No
[4,718s][debug][gc,nmethod     ] Register NMethod: org.junit.platform.engine.UniqueIdFormat.createSegment (0x000074b193f94b88) [0x000074b193f94c80, 0x000074b193f97ca8] Compiler: c1, Barriers: 19, Oops: 4, ImmediateOops: 4, NonImmediateOops: No
[4,719s][debug][gc,nmethod     ] Register NMethod: org.junit.platform.engine.UniqueIdFormat.encode (0x000074b193f97d08) [0x000074b193f97e00, 0x000074b193f9a2a0] Compiler: c1, Barriers: 4, Oops: 2, ImmediateOops: 4, NonImmediateOops: No
[4,719s][debug][gc,nmethod     ] Register NMethod: jdk.internal.misc.Unsafe.putIntOpaque (0x000074b193f9a308) [0x000074b193f9a400, 0x000074b193f9a508] Compiler: c1, Barriers: 0, Oops: 0, ImmediateOops: 0, NonImmediateOops: No
[4,720s][debug][gc,nmethod     ] Register NMethod: org.junit.platform.engine.support.hierarchical.ThrowableCollector.isEmpty (0x000074b193f9a608) [0x000074b193f9a700, 0x000074b193f9a880] Compiler: c1, Barriers: 1, Oops: 1, ImmediateOops: 0, NonImmediateOops: No
[4,720s][debug][gc,nmethod     ] Register NMethod: com.esotericsoftware.kryo.io.Output.writeString (0x000074b193f9a908) [0x000074b193f9aa00, 0x000074b193f9b2c0] Compiler: c1, Barriers: 1, Oops: 1, ImmediateOops: 0, NonImmediateOops: No
[4,722s][debug][gc,nmethod     ] Register NMethod: java.lang.invoke.MemberName.equals (0x000074b193f9b308) [0x000074b193f9b400, 0x000074b193f9bb70] Compiler: c1, Barriers: 0, Oops: 0, ImmediateOops: 0, NonImmediateOops: No
[4,723s][debug][gc,director    ] Rule Major: Warmup 10%, Used: 186MB, UsedThreshold: 1228MB
[4,725s][debug][gc,alloc       ] Mutator Allocation Rate: 132,9MB/s Predicted: 147,8MB/s, Avg: 106,0(+/-19,1)MB/s
[4,725s][debug][gc,director    ] Rule Major: Warmup 10%, Used: 188MB, UsedThreshold: 1228MB
[4,726s][debug][gc,nmethod     ] Register NMethod: java.util.logging.LogManager.ensureLogManagerInitialized (0x000074b193f9bb88) [0x000074b193f9bc80, 0x000074b193f9efe8] Compiler: c1, Barriers: 21, Oops: 2, ImmediateOops: 8, NonImmediateOops: No
[4,726s][info ][gc,exit        ] Stopping ZGC
[4,726s][debug][gc,director    ] Rule Major: Warmup 10%, Used: 188MB, UsedThreshold: 1228MB
[4,726s][debug][gc,nmethod     ] Register NMethod: java.io.UnixFileSystem.delete (0x000074b193f9f008) [0x000074b193f9f100, 0x000074b193f9f6c8] Compiler: c1, Barriers: 3, Oops: 0, ImmediateOops: 0, NonImmediateOops: No
[4,726s][info ][gc,stats       ] === Garbage Collection Statistics =======================================================================================================================
[4,726s][info ][gc,stats       ]                                                              Last 10s              Last 10m              Last 10h                Total
[4,726s][info ][gc,stats       ]                                                              Avg / Max             Avg / Max             Avg / Max             Avg / Max
[4,726s][debug][gc,nmethod     ] Register NMethod: java.io.File.delete (0x000074b193f9f708) [0x000074b193f9f800, 0x000074b193fa0088] Compiler: c1, Barriers: 3, Oops: 1, ImmediateOops: 2, NonImmediateOops: No
[4,726s][info ][gc,stats       ]        Contention: Mark Segment Reset Contention                     0 / 0                 0 / 0                 0 / 0                 0 / 0           ops/s
[4,726s][info ][gc,stats       ]        Contention: Mark SeqNum Reset Contention                      0 / 0                 0 / 0                 0 / 0                 0 / 0           ops/s
[4,726s][info ][gc,stats       ]          Critical: Allocation Stall                                  0 / 0                 0 / 0                 0 / 0                 0 / 0           ops/s
[4,726s][info ][gc,stats       ]          Critical: Allocation Stall                              0,000 / 0,000         0,000 / 0,000         0,000 / 0,000         0,000 / 0,000       ms
[4,726s][info ][gc,stats       ]          Critical: JNI Critical Stall                                0 / 1                 0 / 1                 0 / 1                 0 / 1           ops/s
[4,726s][info ][gc,stats       ]          Critical: JNI Critical Stall                            0,017 / 0,017         0,017 / 0,017         0,017 / 0,017         0,017 / 0,017       ms
[4,726s][info ][gc,stats       ]          Critical: Relocation Stall                                  0 / 0                 0 / 0                 0 / 0                 0 / 0           ops/s
[4,727s][info ][gc,stats       ]          Critical: Relocation Stall                              0,000 / 0,000         0,000 / 0,000         0,000 / 0,000         0,000 / 0,000       ms
[4,727s][info ][gc,stats       ]  Major Collection: Major Collection                             45,971 / 45,971       45,971 / 45,971       45,971 / 45,971       45,971 / 45,971      ms
[4,727s][info ][gc,stats       ]            Memory: Allocation Rate                                 112 / 144             112 / 144             112 / 144             112 / 144         MB/s
[4,727s][info ][gc,stats       ]            Memory: Defragment                                        0 / 0                 0 / 0                 0 / 0                 0 / 0           ops/s
[4,727s][info ][gc,stats       ]            Memory: Mapped Cache Harvest                              0 / 0                 0 / 0                 0 / 0                 0 / 0           MB/s
[4,727s][info ][gc,stats       ]            Memory: Out Of Memory                                     0 / 0                 0 / 0                 0 / 0                 0 / 0           ops/s
[4,727s][info ][gc,stats       ]            Memory: Uncommit                                          0 / 0                 0 / 0                 0 / 0                 0 / 0           MB/s
[4,727s][info ][gc,stats       ]            Memory: Undo Object Allocation Failed                     0 / 0                 0 / 0                 0 / 0                 0 / 0           ops/s
[4,727s][info ][gc,stats       ]            Memory: Undo Object Allocation Succeeded                  0 / 0                 0 / 0                 0 / 0                 0 / 0           ops/s
[4,727s][info ][gc,stats       ]            Memory: Undo Page Allocation                              0 / 0                 0 / 0                 0 / 0                 0 / 0           ops/s
[4,727s][info ][gc,stats       ]  Minor Collection: Minor Collection                              0,000 / 0,000         0,000 / 0,000         0,000 / 0,000         0,000 / 0,000       ms
[4,727s][info ][gc,stats       ]    Old Generation: Old Generation                               16,014 / 16,014       16,014 / 16,014       16,014 / 16,014       16,014 / 16,014      ms
[4,727s][info ][gc,stats       ]         Old Pause: Pause Mark End                                0,028 / 0,028         0,028 / 0,028         0,028 / 0,028         0,028 / 0,028       ms
[4,727s][info ][gc,stats       ]         Old Pause: Pause Relocate Start                          0,029 / 0,029         0,029 / 0,029         0,029 / 0,029         0,029 / 0,029       ms
[4,727s][info ][gc,stats       ]         Old Phase: Concurrent Mark                               0,775 / 0,775         0,775 / 0,775         0,775 / 0,775         0,775 / 0,775       ms
[4,727s][info ][gc,stats       ]         Old Phase: Concurrent Mark Continue                      0,000 / 0,000         0,000 / 0,000         0,000 / 0,000         0,000 / 0,000       ms
[4,727s][info ][gc,stats       ]         Old Phase: Concurrent Mark Free                          0,010 / 0,010         0,010 / 0,010         0,010 / 0,010         0,010 / 0,010       ms
[4,727s][info ][gc,stats       ]         Old Phase: Concurrent Process Non-Strong                12,173 / 12,173       12,173 / 12,173       12,173 / 12,173       12,173 / 12,173      ms
[4,727s][info ][gc,stats       ]         Old Phase: Concurrent Relocate                           0,213 / 0,213         0,213 / 0,213         0,213 / 0,213         0,213 / 0,213       ms
[4,727s][info ][gc,stats       ]         Old Phase: Concurrent Remap Roots                        1,166 / 1,166         1,166 / 1,166         1,166 / 1,166         1,166 / 1,166       ms
[4,727s][info ][gc,stats       ]         Old Phase: Concurrent Reset Relocation Set               0,012 / 0,012         0,012 / 0,012         0,012 / 0,012         0,012 / 0,012       ms
[4,727s][info ][gc,stats       ]         Old Phase: Concurrent Select Relocation Set              1,195 / 1,195         1,195 / 1,195         1,195 / 1,195         1,195 / 1,195       ms
[4,727s][info ][gc,stats       ]      Old Subphase: Concurrent Classes Purge                      2,718 / 2,718         2,718 / 2,718         2,718 / 2,718         2,718 / 2,718       ms
[4,727s][info ][gc,stats       ]      Old Subphase: Concurrent Classes Unlink                     5,661 / 5,661         5,661 / 5,661         5,661 / 5,661         5,661 / 5,661       ms
[4,727s][info ][gc,stats       ]      Old Subphase: Concurrent Mark Follow                        0,306 / 0,306         0,306 / 0,306         0,306 / 0,306         0,306 / 0,306       ms
[4,727s][info ][gc,stats       ]      Old Subphase: Concurrent Mark Root Colored                  0,042 / 0,042         0,042 / 0,042         0,042 / 0,042         0,042 / 0,042       ms
[4,727s][info ][gc,stats       ]      Old Subphase: Concurrent Mark Root Uncolored                0,316 / 0,316         0,316 / 0,316         0,316 / 0,316         0,316 / 0,316       ms
[4,727s][info ][gc,stats       ]      Old Subphase: Concurrent Mark Roots                         0,439 / 0,439         0,439 / 0,439         0,439 / 0,439         0,439 / 0,439       ms
[4,727s][info ][gc,stats       ]      Old Subphase: Concurrent References Enqueue                 0,010 / 0,010         0,010 / 0,010         0,010 / 0,010         0,010 / 0,010       ms
[4,727s][info ][gc,stats       ]      Old Subphase: Concurrent References Process                 0,035 / 0,035         0,035 / 0,035         0,035 / 0,035         0,035 / 0,035       ms
[4,727s][info ][gc,stats       ]      Old Subphase: Concurrent Remap Remembered                   0,003 / 0,004         0,003 / 0,004         0,003 / 0,004         0,003 / 0,004       ms
[4,727s][info ][gc,stats       ]      Old Subphase: Concurrent Remap Roots Colored                0,686 / 0,689         0,686 / 0,689         0,686 / 0,689         0,686 / 0,689       ms
[4,727s][info ][gc,stats       ]      Old Subphase: Concurrent Remap Roots Uncolored              0,406 / 0,406         0,406 / 0,406         0,406 / 0,406         0,406 / 0,406       ms
[4,727s][info ][gc,stats       ]      Old Subphase: Concurrent Roots ClassLoaderDataGraph         0,365 / 0,542         0,365 / 0,542         0,365 / 0,542         0,365 / 0,542       ms
[4,727s][info ][gc,stats       ]      Old Subphase: Concurrent Roots CodeCache                    0,402 / 0,403         0,402 / 0,403         0,402 / 0,403         0,402 / 0,403       ms
[4,727s][info ][gc,stats       ]      Old Subphase: Concurrent Roots JavaThreads                  0,082 / 0,316         0,082 / 0,316         0,082 / 0,316         0,082 / 0,316       ms
[4,727s][info ][gc,stats       ]      Old Subphase: Concurrent Roots OopStorageSet                0,012 / 0,030         0,012 / 0,030         0,012 / 0,030         0,012 / 0,030       ms
[4,727s][info ][gc,stats       ]      Old Subphase: Concurrent Weak Roots OopStorageSet           0,441 / 1,046         0,441 / 1,046         0,441 / 1,046         0,441 / 1,046       ms
[4,727s][info ][gc,stats       ]            System: Java Threads                                     17 / 17               17 / 17               17 / 17               17 / 17          threads
[4,727s][info ][gc,stats       ]  Young Generation: Young Generation                             28,996 / 28,996       28,996 / 28,996       28,996 / 28,996       28,996 / 28,996      ms
[4,727s][info ][gc,stats       ]  Young Generation: Young Generation                              0,000 / 0,000         0,000 / 0,000         0,000 / 0,000         0,000 / 0,000       ms
[4,727s][info ][gc,stats       ]  Young Generation: Young Generation (Collect Roots)              0,000 / 0,000         0,000 / 0,000         0,000 / 0,000         0,000 / 0,000       ms
[4,727s][info ][gc,stats       ]  Young Generation: Young Generation (Promote All)                0,000 / 0,000         0,000 / 0,000         0,000 / 0,000         0,000 / 0,000       ms
[4,727s][info ][gc,stats       ]       Young Pause: Pause Mark End                                0,031 / 0,031         0,031 / 0,031         0,031 / 0,031         0,031 / 0,031       ms
[4,727s][info ][gc,stats       ]       Young Pause: Pause Mark Start                              0,000 / 0,000         0,000 / 0,000         0,000 / 0,000         0,000 / 0,000       ms
[4,727s][info ][gc,stats       ]       Young Pause: Pause Mark Start (Major)                      0,122 / 0,122         0,122 / 0,122         0,122 / 0,122         0,122 / 0,122       ms
[4,727s][info ][gc,stats       ]       Young Pause: Pause Relocate Start                          0,042 / 0,042         0,042 / 0,042         0,042 / 0,042         0,042 / 0,042       ms
[4,727s][info ][gc,stats       ]       Young Phase: Concurrent Mark                              18,787 / 18,787       18,787 / 18,787       18,787 / 18,787       18,787 / 18,787      ms
[4,727s][info ][gc,stats       ]       Young Phase: Concurrent Mark Continue                      0,000 / 0,000         0,000 / 0,000         0,000 / 0,000         0,000 / 0,000       ms
[4,727s][info ][gc,stats       ]       Young Phase: Concurrent Mark Free                          0,020 / 0,020         0,020 / 0,020         0,020 / 0,020         0,020 / 0,020       ms
[4,727s][info ][gc,stats       ]       Young Phase: Concurrent Relocate                           6,633 / 6,633         6,633 / 6,633         6,633 / 6,633         6,633 / 6,633       ms
[4,727s][info ][gc,stats       ]       Young Phase: Concurrent Reset Relocation Set               0,013 / 0,013         0,013 / 0,013         0,013 / 0,013         0,013 / 0,013       ms
[4,727s][info ][gc,stats       ]       Young Phase: Concurrent Select Relocation Set              1,957 / 1,957         1,957 / 1,957         1,957 / 1,957         1,957 / 1,957       ms
[4,727s][info ][gc,stats       ]    Young Subphase: Concurrent Mark Follow                       14,066 / 14,066       14,066 / 14,066       14,066 / 14,066       14,066 / 14,066      ms
[4,727s][info ][gc,stats       ]    Young Subphase: Concurrent Mark Root Colored                  2,674 / 2,674         2,674 / 2,674         2,674 / 2,674         2,674 / 2,674       ms
[4,727s][info ][gc,stats       ]    Young Subphase: Concurrent Mark Root Uncolored                1,831 / 1,831         1,831 / 1,831         1,831 / 1,831         1,831 / 1,831       ms
[4,727s][info ][gc,stats       ]    Young Subphase: Concurrent Mark Roots                         4,657 / 4,657         4,657 / 4,657         4,657 / 4,657         4,657 / 4,657       ms
[4,727s][info ][gc,stats       ]    Young Subphase: Concurrent Relocate Remset FP                 0,171 / 0,171         0,171 / 0,171         0,171 / 0,171         0,171 / 0,171       ms
[4,727s][info ][gc,stats       ]    Young Subphase: Concurrent Roots ClassLoaderDataGraph         0,257 / 0,257         0,257 / 0,257         0,257 / 0,257         0,257 / 0,257       ms
[4,727s][info ][gc,stats       ]    Young Subphase: Concurrent Roots CodeCache                    0,729 / 0,729         0,729 / 0,729         0,729 / 0,729         0,729 / 0,729       ms
[4,728s][info ][gc,stats       ]    Young Subphase: Concurrent Roots JavaThreads                  0,554 / 1,102         0,554 / 1,102         0,554 / 1,102         0,554 / 1,102       ms
[4,728s][info ][gc,stats       ]    Young Subphase: Concurrent Roots OopStorageSet                0,423 / 0,423         0,423 / 0,423         0,423 / 0,423         0,423 / 0,423       ms
[4,728s][info ][gc,stats       ]    Young Subphase: Concurrent Weak Roots OopStorageSet           1,990 / 1,990         1,990 / 1,990         1,990 / 1,990         1,990 / 1,990       ms
[4,728s][info ][gc,stats       ] =========================================================================================================================================================
[4,728s][info ][gc,exit        ] Heap
[4,728s][info ][gc,exit        ]  ZHeap           used 188M, capacity 5120M, max capacity 12288M
[4,728s][info ][gc,exit        ]   Cache          4932M (4)
[4,728s][info ][gc,exit        ]    size classes  16M (2), 32M (1), 4G (1)
[4,728s][info ][gc,exit        ]  Metaspace       used 38224K, committed 38592K, reserved 1114112K
[4,728s][info ][gc,exit        ]   class space    used 3443K, committed 3584K, reserved 1048576K
[4,728s][debug][gc,reloc       ] Synchronize all workers 1 _nworkers: 0 _nsynchronized: 0
[4,728s][debug][gc,reloc       ] Synchronize all workers 1 _nworkers: 0 _nsynchronized: 0
