[0.005s][debug][gc,heap] Minimum heap 5368709120  Initial heap 5368709120  Maximum heap 12884901888
[0.005s][info ][gc,init] Initializing The Z Garbage Collector
[0.005s][info ][gc,init] Version: 25+37-LTS-jvmci-b01 (release)
[0.005s][info ][gc,init] NUMA Support: Disabled
[0.005s][info ][gc,init] CPUs: 20 total, 20 available
[0.005s][info ][gc,init] Memory: 31764M
[0.005s][info ][gc,init] Large Page Support: Disabled
[0.006s][info ][gc,init] Address Space Size: unlimited
[0.006s][debug][gc,init] Reserved Space: limit 4096G, desired 192G, requested 192G
[0.006s][info ][gc,init] Reserved Space Type: Contiguous/Unrestricted/Complete
[0.006s][info ][gc,init] Reserved Space Size: 192G
[0.006s][info ][gc,init] Heap Backing File: /memfd:java_heap
[0.006s][info ][gc,init] Heap Backing Filesystem: tmpfs (0x1021994)
[0.006s][info ][gc,init] Min Capacity: 5120M
[0.006s][info ][gc,init] Initial Capacity: 5120M
[0.006s][info ][gc,init] Max Capacity: 12288M
[0.006s][info ][gc,init] Soft Max Capacity: 12288M
[0.006s][info ][gc,init] Page Size Medium: Range [4M, 32M]
[0.006s][info ][gc,init] Pre-touch: Enabled
[0.006s][info ][gc,init] Available space on backing filesystem: N/A
[0.006s][info ][gc,init] Uncommit: Enabled
[0.006s][info ][gc,init] Uncommit Delay: 300s
[0.006s][info ][gc,init] GC Workers for Old Generation: 5 (dynamic)
[0.007s][info ][gc,init] GC Workers for Young Generation: 5 (dynamic)
[0.798s][debug][gc,task] Executing ZPreTouchTask using ZWorkerOld with 5 workers
[1.077s][info ][gc,init] GC Workers Max: 5 (dynamic)
[1.078s][info ][gc,init] Runtime Workers: 12
[1.078s][info ][gc     ] Using The Z Garbage Collector
[1.078s][info ][gc,metaspace] CDS archive(s) not mapped
[1.078s][info ][gc,metaspace] Compressed class space mapped at: 0x000000005d000000-0x000000009d000000, reserved size: 1073741824
[1.078s][info ][gc,metaspace] UseCompressedClassPointers 1, UseCompactObjectHeaders 0
[1.078s][info ][gc,metaspace] Narrow klass pointer bits 32, Max shift 3
[1.078s][info ][gc,metaspace] Narrow klass base: 0x0000000000000000, Narrow klass shift: 0
[1.078s][info ][gc,metaspace] Encoding Range: [0x0000000000000000 - 0x0000000100000000), (4294967296 bytes)
[1.078s][info ][gc,metaspace] Klass Range:    [0x000000005d000000 - 0x000000009d000000), (1073741824 bytes)
[1.078s][info ][gc,metaspace] Klass ID Range:  [1560281088 - 2634022905) (1073741817)
[1.078s][info ][gc,metaspace] No protection zone.
[1,093s][debug][gc,heap     ] Uncommitter (0) Timeout: 300000ms
[1,095s][debug][gc,nmethod  ] Register NMethod: jdk.internal.util.ArraysSupport.unsignedHashCode (0x00007a501b400008) [0x00007a501b400100, 0x00007a501b400310] Compiler: c1, Barriers: 0, Oops: 0, ImmediateOops: 0, NonImmediateOops: No
[1,095s][debug][gc,nmethod  ] Rebuilding NMethod Table: 0->1024 entries, 0(0%->0%) registered, 0(0%->0%) unregistered
[1,095s][debug][gc,nmethod  ] Register NMethod: java.lang.Object.<init> (0x00007a501b400388) [0x00007a501b400480, 0x00007a501b400580] Compiler: c1, Barriers: 0, Oops: 0, ImmediateOops: 0, NonImmediateOops: No
[1,095s][debug][gc,nmethod  ] Register NMethod: java.lang.Byte.toUnsignedInt (0x00007a501b400688) [0x00007a501b400780, 0x00007a501b400868] Compiler: c1, Barriers: 0, Oops: 0, ImmediateOops: 0, NonImmediateOops: No
[1,095s][debug][gc,nmethod  ] Register NMethod: java.lang.String.hashCode (0x00007a501b400988) [0x00007a501b400a80, 0x00007a501b401028] Compiler: c1, Barriers: 2, Oops: 0, ImmediateOops: 0, NonImmediateOops: No
[1,096s][debug][gc,nmethod  ] Register NMethod: jdk.internal.misc.Unsafe.getReferenceVolatile (0x00007a503abe5008) [0x00007a503abe5100, 0x00007a503abe5430] Compiler: , Barriers: 0, Oops: 0, ImmediateOops: 0, NonImmediateOops: No
[1,098s][debug][gc,nmethod  ] Register NMethod: java.util.ImmutableCollections$SetN.probe (0x00007a501b401088) [0x00007a501b401180, 0x00007a501b4019a8] Compiler: c1, Barriers: 4, Oops: 0, ImmediateOops: 0, NonImmediateOops: No
[1,098s][debug][gc,nmethod  ] Register NMethod: java.lang.Math.floorMod (0x00007a501b401a08) [0x00007a501b401b00, 0x00007a501b401c90] Compiler: c1, Barriers: 0, Oops: 0, ImmediateOops: 0, NonImmediateOops: No
[1,099s][debug][gc,nmethod  ] Register NMethod: java.lang.StringLatin1.equals (0x00007a501b401d08) [0x00007a501b401e00, 0x00007a501b402068] Compiler: c1, Barriers: 0, Oops: 0, ImmediateOops: 0, NonImmediateOops: No
[1,099s][debug][gc,nmethod  ] Register NMethod: jdk.internal.util.ArraysSupport.hashCodeOfUnsigned (0x00007a501b402088) [0x00007a501b402180, 0x00007a501b4023f8] Compiler: c1, Barriers: 0, Oops: 0, ImmediateOops: 0, NonImmediateOops: No
[1,099s][debug][gc,nmethod  ] Register NMethod: jdk.internal.util.ArraysSupport.vectorizedHashCode (0x00007a501b402408) [0x00007a501b402500, 0x00007a501b404358] Compiler: c1, Barriers: 0, Oops: 1, ImmediateOops: 2, NonImmediateOops: No
[1,100s][debug][gc,nmethod  ] Register NMethod: java.util.ImmutableCollections$SetN.hashCode (0x00007a501b404388) [0x00007a501b404480, 0x00007a501b4048f0] Compiler: c1, Barriers: 2, Oops: 0, ImmediateOops: 0, NonImmediateOops: No
[1,100s][debug][gc,nmethod  ] Register NMethod: java.lang.module.ModuleDescriptor.modsHashCode (0x00007a501b404908) [0x00007a501b404a00, 0x00007a501b4057b8] Compiler: c1, Barriers: 1, Oops: 0, ImmediateOops: 0, NonImmediateOops: No
[1,100s][debug][gc,nmethod  ] Register NMethod: java.util.Objects.requireNonNull (0x00007a501b405808) [0x00007a501b405900, 0x00007a501b405ad0] Compiler: c1, Barriers: 0, Oops: 0, ImmediateOops: 0, NonImmediateOops: No
[1,101s][debug][gc,nmethod  ] Register NMethod: java.util.Set.of (0x00007a501b405b08) [0x00007a501b405c00, 0x00007a501b405ce8] Compiler: c1, Barriers: 0, Oops: 0, ImmediateOops: 1, NonImmediateOops: No
[1,101s][debug][gc,nmethod  ] Register NMethod: java.util.AbstractCollection.<init> (0x00007a501b405e08) [0x00007a501b405f00, 0x00007a501b406058] Compiler: c1, Barriers: 0, Oops: 0, ImmediateOops: 0, NonImmediateOops: No
[1,101s][debug][gc,nmethod  ] Register NMethod: java.util.ImmutableCollections$AbstractImmutableCollection.<init> (0x00007a501b406108) [0x00007a501b406200, 0x00007a501b4063b8] Compiler: c1, Barriers: 0, Oops: 0, ImmediateOops: 0, NonImmediateOops: No
[1,101s][debug][gc,nmethod  ] Register NMethod: java.lang.String.equals (0x00007a501b406408) [0x00007a501b406500, 0x00007a501b406bc0] Compiler: c1, Barriers: 2, Oops: 0, ImmediateOops: 0, NonImmediateOops: No
[1,101s][debug][gc,nmethod  ] Register NMethod: java.util.ImmutableCollections$SetN$SetNIterator.hasNext (0x00007a501b406c08) [0x00007a501b406d00, 0x00007a501b406e50] Compiler: c1, Barriers: 0, Oops: 0, ImmediateOops: 0, NonImmediateOops: No
[1,101s][debug][gc,nmethod  ] Register NMethod: java.util.ImmutableCollections$SetN$SetNIterator.<init> (0x00007a501b406f08) [0x00007a501b407000, 0x00007a501b407380] Compiler: c1, Barriers: 4, Oops: 0, ImmediateOops: 0, NonImmediateOops: No
[1,101s][debug][gc,nmethod  ] Register NMethod: java.util.ImmutableCollections$AbstractImmutableSet.<init> (0x00007a501b407388) [0x00007a501b407480, 0x00007a501b407698] Compiler: c1, Barriers: 0, Oops: 0, ImmediateOops: 0, NonImmediateOops: No
[1,101s][debug][gc,nmethod  ] Register NMethod: java.util.ImmutableCollections$SetN.iterator (0x00007a501b407708) [0x00007a501b407800, 0x00007a501b4079a0] Compiler: c1, Barriers: 0, Oops: 0, ImmediateOops: 0, NonImmediateOops: No
[1,101s][debug][gc,nmethod  ] Register NMethod: jdk.internal.module.Builder.newExports (0x00007a501b407a08) [0x00007a501b407b00, 0x00007a501b407c40] Compiler: c1, Barriers: 0, Oops: 0, ImmediateOops: 1, NonImmediateOops: No
[1,101s][debug][gc,nmethod  ] Register NMethod: java.util.ImmutableCollections$SetN.<init> (0x00007a501b407d08) [0x00007a501b407e00, 0x00007a501b4096d0] Compiler: c1, Barriers: 8, Oops: 1, ImmediateOops: 3, NonImmediateOops: No
[1,101s][debug][gc,nmethod  ] Register NMethod: java.lang.System.arraycopy (0x00007a503abe5488) [0x00007a503abe5580, 0x00007a503abe5700] Compiler: , Barriers: 0, Oops: 0, ImmediateOops: 1, NonImmediateOops: No
[1,101s][debug][gc,nmethod  ] Register NMethod: java.lang.String.coder (0x00007a501b409708) [0x00007a501b409800, 0x00007a501b409928] Compiler: c1, Barriers: 0, Oops: 0, ImmediateOops: 0, NonImmediateOops: No
[1,101s][debug][gc,nmethod  ] Register NMethod: java.lang.module.ModuleDescriptor$1.newExports (0x00007a501b409a08) [0x00007a501b409b00, 0x00007a501b409e78] Compiler: c1, Barriers: 9, Oops: 0, ImmediateOops: 0, NonImmediateOops: No
[1,101s][debug][gc,nmethod  ] Register NMethod: java.lang.module.ModuleDescriptor$Exports.<init> (0x00007a501b409e88) [0x00007a501b409f80, 0x00007a501b40a240] Compiler: c1, Barriers: 9, Oops: 0, ImmediateOops: 0, NonImmediateOops: No
[1,102s][debug][gc,nmethod  ] Register NMethod: java.util.Objects.equals (0x00007a501b40a288) [0x00007a501b40a380, 0x00007a501b40a708] Compiler: c1, Barriers: 0, Oops: 0, ImmediateOops: 0, NonImmediateOops: No
[1,102s][debug][gc,nmethod  ] Register NMethod: java.lang.module.ModuleDescriptor$Exports.hashCode (0x00007a501b40a788) [0x00007a501b40a880, 0x00007a501b40ae98] Compiler: c1, Barriers: 3, Oops: 0, ImmediateOops: 0, NonImmediateOops: No
[1,102s][debug][gc,nmethod  ] Register NMethod: java.util.Objects.hashCode (0x00007a501b40af08) [0x00007a501b40b000, 0x00007a501b40b350] Compiler: c1, Barriers: 0, Oops: 0, ImmediateOops: 0, NonImmediateOops: No
[1,102s][debug][gc,nmethod  ] Register NMethod: java.util.ImmutableCollections$ListN.get (0x00007a501b40b388) [0x00007a501b40b480, 0x00007a501b40b608] Compiler: c1, Barriers: 2, Oops: 0, ImmediateOops: 0, NonImmediateOops: No
[1,102s][debug][gc,nmethod  ] Register NMethod: java.util.Set.of (0x00007a501b40b688) [0x00007a501b40b780, 0x00007a501b40bff0] Compiler: c1, Barriers: 9, Oops: 0, ImmediateOops: 2, NonImmediateOops: No
[1,102s][debug][gc,nmethod  ] Register NMethod: java.lang.module.ModuleDescriptor.name (0x00007a503abe5788) [0x00007a503abe5880, 0x00007a503abe5968] Compiler: c1, Barriers: 1, Oops: 0, ImmediateOops: 0, NonImmediateOops: No
[1,102s][debug][gc,nmethod  ] Register NMethod: java.lang.module.ModuleReference.descriptor (0x00007a503abe5a88) [0x00007a503abe5b80, 0x00007a503abe5c68] Compiler: c1, Barriers: 1, Oops: 0, ImmediateOops: 0, NonImmediateOops: No
[1,102s][debug][gc,nmethod  ] Register NMethod: java.lang.String.length (0x00007a501b40c008) [0x00007a501b40c100, 0x00007a501b40c480] Compiler: c1, Barriers: 1, Oops: 0, ImmediateOops: 0, NonImmediateOops: No
[1,102s][debug][gc,nmethod  ] Register NMethod: java.lang.module.ModuleDescriptor$Exports.equals (0x00007a501b40c488) [0x00007a501b40c580, 0x00007a501b40d3f8] Compiler: c1, Barriers: 6, Oops: 0, ImmediateOops: 0, NonImmediateOops: No
[1,102s][debug][gc,nmethod  ] Register NMethod: java.net.URI.hash (0x00007a501b40d408) [0x00007a501b40d500, 0x00007a501b40dac0] Compiler: c1, Barriers: 0, Oops: 0, ImmediateOops: 0, NonImmediateOops: No
[1,102s][debug][gc,nmethod  ] Register NMethod: java.lang.String.isLatin1 (0x00007a501b40db08) [0x00007a501b40dc00, 0x00007a501b40dd60] Compiler: c1, Barriers: 0, Oops: 0, ImmediateOops: 0, NonImmediateOops: No
[1,102s][debug][gc,nmethod  ] Register NMethod: java.lang.String.charAt (0x00007a501b40de08) [0x00007a501b40df00, 0x00007a501b40e490] Compiler: c1, Barriers: 2, Oops: 1, ImmediateOops: 1, NonImmediateOops: No
[1,102s][debug][gc,nmethod  ] Register NMethod: java.lang.String.checkIndex (0x00007a501b40e508) [0x00007a501b40e600, 0x00007a501b40e728] Compiler: c1, Barriers: 0, Oops: 1, ImmediateOops: 1, NonImmediateOops: No
[1,102s][debug][gc,nmethod  ] Register NMethod: java.lang.StringLatin1.charAt (0x00007a501b40e808) [0x00007a501b40e900, 0x00007a501b40eac0] Compiler: c1, Barriers: 0, Oops: 1, ImmediateOops: 1, NonImmediateOops: No
[1,102s][debug][gc,nmethod  ] Register NMethod: jdk.internal.util.Preconditions.checkIndex (0x00007a501b40eb08) [0x00007a501b40ec00, 0x00007a501b40ed88] Compiler: c1, Barriers: 0, Oops: 0, ImmediateOops: 0, NonImmediateOops: No
[1,104s][debug][gc,director ] Rule Major: Warmup 10%, Used: 8MB, UsedThreshold: 1228MB
[1,104s][debug][gc,nmethod  ] Register NMethod: java.lang.StringLatin1.indexOfChar (0x00007a501b40ee08) [0x00007a501b40ef00, 0x00007a501b40f100] Compiler: c1, Barriers: 0, Oops: 0, ImmediateOops: 0, NonImmediateOops: No
[1,104s][debug][gc,nmethod  ] Register NMethod: java.lang.Object.getClass (0x00007a503abe5d88) [0x00007a503abe5e80, 0x00007a503abe61a0] Compiler: , Barriers: 0, Oops: 0, ImmediateOops: 0, NonImmediateOops: No
[1,105s][debug][gc,nmethod  ] Register NMethod: java.io.File.getPath (0x00007a503abe6208) [0x00007a503abe6300, 0x00007a503abe63e8] Compiler: c1, Barriers: 1, Oops: 0, ImmediateOops: 0, NonImmediateOops: No
[1,105s][debug][gc,nmethod  ] Register NMethod: jdk.internal.misc.Unsafe.getLong (0x00007a503abe6508) [0x00007a503abe6600, 0x00007a503abe6768] Compiler: , Barriers: 0, Oops: 0, ImmediateOops: 0, NonImmediateOops: No
[1,105s][debug][gc,nmethod  ] Register NMethod: java.lang.Object.<init> (0x00007a503abe6808) [0x00007a503abe6900, 0x00007a503abe6980] Compiler: jvmci, Barriers: 0, Oops: 0, ImmediateOops: 0, NonImmediateOops: No
[1,105s][debug][gc,nmethod  ] Register NMethod: java.lang.String.indexOf (0x00007a501b40f108) [0x00007a501b40f200, 0x00007a501b40f828] Compiler: c1, Barriers: 2, Oops: 0, ImmediateOops: 0, NonImmediateOops: No
[1,105s][debug][gc,nmethod  ] Register NMethod: java.lang.String.startsWith (0x00007a501b40f888) [0x00007a501b40f980, 0x00007a501b410c00] Compiler: c1, Barriers: 2, Oops: 0, ImmediateOops: 0, NonImmediateOops: No
[1,105s][debug][gc,nmethod  ] Register NMethod: java.lang.String.startsWith (0x00007a501b410c08) [0x00007a501b410d00, 0x00007a501b410ff8] Compiler: c1, Barriers: 0, Oops: 0, ImmediateOops: 0, NonImmediateOops: No
[1,105s][debug][gc,nmethod  ] Register NMethod: java.lang.String.isEmpty (0x00007a501b411008) [0x00007a501b411100, 0x00007a501b411288] Compiler: c1, Barriers: 1, Oops: 0, ImmediateOops: 0, NonImmediateOops: No
[1,106s][debug][gc,nmethod  ] Register NMethod: java.lang.StringLatin1.indexOf (0x00007a501b411308) [0x00007a501b411400, 0x00007a501b411888] Compiler: c1, Barriers: 0, Oops: 0, ImmediateOops: 0, NonImmediateOops: No
[1,106s][debug][gc,nmethod  ] Register NMethod: jdk.internal.misc.Unsafe.getInt (0x00007a503abe6b08) [0x00007a503abe6c00, 0x00007a503abe6d68] Compiler: , Barriers: 0, Oops: 0, ImmediateOops: 0, NonImmediateOops: No
[1,106s][debug][gc,nmethod  ] Register NMethod: java.io.File.getPrefixLength (0x00007a503abe6e08) [0x00007a503abe6f00, 0x00007a503abe6fc0] Compiler: c1, Barriers: 0, Oops: 0, ImmediateOops: 0, NonImmediateOops: No
[1,106s][debug][gc,nmethod  ] Register NMethod: jdk.internal.util.ArraysSupport.mismatch (0x00007a501b411908) [0x00007a501b411a00, 0x00007a501b411de0] Compiler: c1, Barriers: 0, Oops: 0, ImmediateOops: 0, NonImmediateOops: No
[1,106s][debug][gc,nmethod  ] Register NMethod: jdk.internal.misc.Unsafe.getLongUnaligned (0x00007a501b411e08) [0x00007a501b411f00, 0x00007a501b4122b0] Compiler: c1, Barriers: 0, Oops: 0, ImmediateOops: 0, NonImmediateOops: No
[1,107s][debug][gc,nmethod  ] Register NMethod: jdk.internal.misc.Unsafe.compareAndSetLong (0x00007a503abe7108) [0x00007a503abe7200, 0x00007a503abe7370] Compiler: , Barriers: 0, Oops: 0, ImmediateOops: 0, NonImmediateOops: No
[1,107s][debug][gc,nmethod  ] Register NMethod: jdk.internal.misc.Unsafe.compareAndSetReference (0x00007a503abe7408) [0x00007a503abe7500, 0x00007a503abe7698] Compiler: , Barriers: 0, Oops: 0, ImmediateOops: 0, NonImmediateOops: No
[1,107s][debug][gc,nmethod  ] Register NMethod: java.util.concurrent.ConcurrentHashMap.spread (0x00007a501b412308) [0x00007a501b412400, 0x00007a501b4124f0] Compiler: c1, Barriers: 0, Oops: 0, ImmediateOops: 0, NonImmediateOops: No
[1,107s][debug][gc,nmethod  ] Register NMethod: java.util.concurrent.ConcurrentHashMap.tabAt (0x00007a501b412608) [0x00007a501b412700, 0x00007a501b412c48] Compiler: c1, Barriers: 1, Oops: 1, ImmediateOops: 1, NonImmediateOops: No
[1,108s][debug][gc,nmethod  ] Register NMethod: jdk.internal.misc.Unsafe.getReferenceAcquire (0x00007a501b412c88) [0x00007a501b412d80, 0x00007a501b412eb0] Compiler: c1, Barriers: 1, Oops: 0, ImmediateOops: 0, NonImmediateOops: No
[1,108s][debug][gc,nmethod  ] Register NMethod: java.util.concurrent.ConcurrentHashMap$Node.<init> (0x00007a501b412f88) [0x00007a501b413080, 0x00007a501b4132d0] Compiler: c1, Barriers: 6, Oops: 0, ImmediateOops: 0, NonImmediateOops: No
[1,108s][debug][gc,nmethod  ] Register NMethod: java.util.ImmutableCollections$SetN$SetNIterator.next (0x00007a501b413308) [0x00007a501b413400, 0x00007a501b413768] Compiler: c1, Barriers: 3, Oops: 0, ImmediateOops: 0, NonImmediateOops: No
[1,108s][debug][gc,nmethod  ] Register NMethod: java.util.concurrent.ConcurrentHashMap.addCount (0x00007a501b413788) [0x00007a501b413880, 0x00007a501b414520] Compiler: c1, Barriers: 4, Oops: 0, ImmediateOops: 0, NonImmediateOops: No
[1,109s][debug][gc,nmethod  ] Register NMethod: java.util.concurrent.ConcurrentHashMap.putVal (0x00007a501b414588) [0x00007a501b414680, 0x00007a501b416b78] Compiler: c1, Barriers: 28, Oops: 0, ImmediateOops: 1, NonImmediateOops: No
[1,109s][debug][gc,nmethod  ] Register NMethod: jdk.internal.util.ArraysSupport.unsignedHashCode (0x00007a503abe7708) [0x00007a503abe7820, 0x00007a503abe7a18] Compiler: jvmci, Barriers: 0, Oops: 0, ImmediateOops: 0, NonImmediateOops: No
[1,110s][debug][gc,nmethod  ] Register NMethod: java.lang.String.isLatin1 (0x00007a503abe7a88) [0x00007a503abe7b80, 0x00007a503abe7c40] Compiler: jvmci, Barriers: 0, Oops: 0, ImmediateOops: 0, NonImmediateOops: No
[1,111s][debug][gc,nmethod  ] Register NMethod: java.lang.String.charAt (0x00007a503abe7d88) [0x00007a503abe7e80, 0x00007a503abe7fb0] Compiler: jvmci, Barriers: 1, Oops: 0, ImmediateOops: 0, NonImmediateOops: No
[1,111s][debug][gc,nmethod  ] Register NMethod: java.lang.Math.min (0x00007a501b416b88) [0x00007a501b416c80, 0x00007a501b416da8] Compiler: c1, Barriers: 0, Oops: 0, ImmediateOops: 0, NonImmediateOops: No
[1,111s][debug][gc,nmethod  ] Register NMethod: java.lang.invoke.MethodHandle.linkToStatic (0x00007a503abe8088) [0x00007a503abe8180, 0x00007a503abe8270] Compiler: , Barriers: 0, Oops: 0, ImmediateOops: 0, NonImmediateOops: No
[1,112s][debug][gc,nmethod  ] Register NMethod: java.lang.String.hashCode (0x00007a503abe8388) [0x00007a503abe8480, 0x00007a503abe8620] Compiler: jvmci, Barriers: 1, Oops: 0, ImmediateOops: 0, NonImmediateOops: No
[1,113s][debug][gc,nmethod  ] Register NMethod: java.lang.Enum.ordinal (0x00007a503abe8688) [0x00007a503abe8780, 0x00007a503abe8840] Compiler: c1, Barriers: 0, Oops: 0, ImmediateOops: 0, NonImmediateOops: No
[1,113s][debug][gc,nmethod  ] Register NMethod: java.lang.Object.hashCode (0x00007a503abe8988) [0x00007a503abe8a80, 0x00007a503abe8bf0] Compiler: , Barriers: 0, Oops: 0, ImmediateOops: 0, NonImmediateOops: No
[1,114s][debug][gc,nmethod  ] Register NMethod: java.lang.Class.isPrimitive (0x00007a503abe8c88) [0x00007a503abe8d80, 0x00007a503abe8e40] Compiler: c1, Barriers: 0, Oops: 0, ImmediateOops: 0, NonImmediateOops: No
[1,114s][debug][gc,director ] Rule Major: Warmup 10%, Used: 12MB, UsedThreshold: 1228MB
[1,114s][debug][gc,nmethod  ] Register NMethod: java.lang.invoke.MethodHandle.linkToStatic (0x00007a503abe8f88) [0x00007a503abe9080, 0x00007a503abe9170] Compiler: , Barriers: 0, Oops: 0, ImmediateOops: 0, NonImmediateOops: No
[1,114s][debug][gc,nmethod  ] Register NMethod: java.lang.invoke.MethodHandle.linkToStatic (0x00007a503abe9288) [0x00007a503abe9380, 0x00007a503abe9470] Compiler: , Barriers: 0, Oops: 0, ImmediateOops: 0, NonImmediateOops: No
[1,115s][debug][gc,nmethod  ] Register NMethod: java.lang.invoke.MethodHandle.invokeBasic (0x00007a503abe9588) [0x00007a503abe9680, 0x00007a503abe9918] Compiler: , Barriers: 0, Oops: 0, ImmediateOops: 0, NonImmediateOops: No
[1,115s][debug][gc,nmethod  ] Register NMethod: java.lang.invoke.MethodHandle.linkToSpecial (0x00007a503abe9988) [0x00007a503abe9a80, 0x00007a503abe9b78] Compiler: , Barriers: 0, Oops: 0, ImmediateOops: 0, NonImmediateOops: No
[1,118s][debug][gc,nmethod  ] Register NMethod: java.lang.Enum.<init> (0x00007a501b416e88) [0x00007a501b416f80, 0x00007a501b417158] Compiler: c1, Barriers: 3, Oops: 0, ImmediateOops: 0, NonImmediateOops: No
[1,119s][debug][gc,nmethod  ] Register NMethod: java.lang.String.hashCode (0x00007a501b417188) [0x00007a501b417280, 0x00007a501b417828] Compiler: c1, Barriers: 2, Oops: 0, ImmediateOops: 0, NonImmediateOops: No
[1,120s][debug][gc,nmethod  ] Register NMethod: java.lang.invoke.MethodHandle.invokeBasic (0x00007a503abe9c88) [0x00007a503abe9d80, 0x00007a503abea018] Compiler: , Barriers: 0, Oops: 0, ImmediateOops: 0, NonImmediateOops: No
[1,121s][debug][gc,nmethod  ] Register NMethod: java.lang.invoke.MethodHandle.linkToSpecial (0x00007a503abea088) [0x00007a503abea180, 0x00007a503abea278] Compiler: , Barriers: 0, Oops: 0, ImmediateOops: 0, NonImmediateOops: No
[1,121s][debug][gc,nmethod  ] Register NMethod: jdk.internal.util.StrongReferenceKey.get (0x00007a503abea388) [0x00007a503abea480, 0x00007a503abea568] Compiler: c1, Barriers: 1, Oops: 0, ImmediateOops: 0, NonImmediateOops: No
[1,121s][debug][gc,nmethod  ] Register NMethod: java.lang.invoke.MethodHandle.linkToStatic (0x00007a503abea688) [0x00007a503abea780, 0x00007a503abea878] Compiler: , Barriers: 0, Oops: 0, ImmediateOops: 0, NonImmediateOops: No
[1,121s][debug][gc,nmethod  ] Register NMethod: java.lang.Object.clone (0x00007a503abea988) [0x00007a503abeaa80, 0x00007a503abeada0] Compiler: , Barriers: 0, Oops: 0, ImmediateOops: 0, NonImmediateOops: No
[1,121s][debug][gc,nmethod  ] Register NMethod: java.lang.invoke.MethodHandle.linkToStatic (0x00007a503abeae08) [0x00007a503abeaf00, 0x00007a503abeaff0] Compiler: , Barriers: 0, Oops: 0, ImmediateOops: 0, NonImmediateOops: No
[1,121s][debug][gc,nmethod  ] Register NMethod: java.lang.Class.getClassLoader (0x00007a503abeb108) [0x00007a503abeb200, 0x00007a503abeb2e8] Compiler: c1, Barriers: 1, Oops: 0, ImmediateOops: 0, NonImmediateOops: No
[1,121s][debug][gc,nmethod  ] Register NMethod: java.lang.invoke.MethodType.returnType (0x00007a503abeb408) [0x00007a503abeb500, 0x00007a503abeb5e8] Compiler: c1, Barriers: 1, Oops: 0, ImmediateOops: 0, NonImmediateOops: No
[1,121s][debug][gc,nmethod  ] Register NMethod: java.lang.invoke.MethodHandle.invokeBasic (0x00007a503abeb708) [0x00007a503abeb800, 0x00007a503abeba98] Compiler: , Barriers: 0, Oops: 0, ImmediateOops: 0, NonImmediateOops: No
[1,122s][debug][gc,nmethod  ] Register NMethod: java.util.concurrent.ConcurrentHashMap.putIfAbsent (0x00007a501b417888) [0x00007a501b417980, 0x00007a501b417c80] Compiler: c1, Barriers: 0, Oops: 0, ImmediateOops: 0, NonImmediateOops: No
[1,122s][debug][gc,nmethod  ] Register NMethod: jdk.internal.classfile.impl.AbstractPoolEntry.index (0x00007a503abebb08) [0x00007a503abebc00, 0x00007a503abebcc0] Compiler: c1, Barriers: 0, Oops: 0, ImmediateOops: 0, NonImmediateOops: No
[1,122s][debug][gc,nmethod  ] Register NMethod: jdk.internal.classfile.impl.SplitConstantPool.size (0x00007a503abebe08) [0x00007a503abebf00, 0x00007a503abebfc0] Compiler: c1, Barriers: 0, Oops: 0, ImmediateOops: 0, NonImmediateOops: No
[1,123s][debug][gc,nmethod  ] Register NMethod: java.lang.invoke.MethodHandle.linkToSpecial (0x00007a503abec108) [0x00007a503abec200, 0x00007a503abec2f8] Compiler: , Barriers: 0, Oops: 0, ImmediateOops: 0, NonImmediateOops: No
[1,123s][debug][gc,nmethod  ] Register NMethod: java.lang.ref.ReferenceQueue.poll (0x00007a501b417c88) [0x00007a501b417d80, 0x00007a501b4181a0] Compiler: c1, Barriers: 2, Oops: 0, ImmediateOops: 0, NonImmediateOops: No
[1,123s][debug][gc,nmethod  ] Register NMethod: java.lang.String.getBytes (0x00007a501b418208) [0x00007a501b418300, 0x00007a501b418808] Compiler: c1, Barriers: 2, Oops: 0, ImmediateOops: 0, NonImmediateOops: No
[1,123s][debug][gc,nmethod  ] Register NMethod: jdk.internal.classfile.impl.AbstractPoolEntry.width (0x00007a503abec408) [0x00007a503abec500, 0x00007a503abec5c0] Compiler: c1, Barriers: 0, Oops: 0, ImmediateOops: 0, NonImmediateOops: No
[1,123s][debug][gc,nmethod  ] Register NMethod: java.lang.String.<init> (0x00007a501b418888) [0x00007a501b418980, 0x00007a501b418b58] Compiler: c1, Barriers: 3, Oops: 0, ImmediateOops: 0, NonImmediateOops: No
[1,124s][debug][gc,nmethod  ] Register NMethod: java.lang.invoke.MethodHandle.linkToStatic (0x00007a503abec708) [0x00007a503abec800, 0x00007a503abec8f0] Compiler: , Barriers: 0, Oops: 0, ImmediateOops: 0, NonImmediateOops: No
[1,124s][debug][gc,nmethod  ] Register NMethod: jdk.internal.util.ReferencedKeyMap.removeStaleReferences (0x00007a501b418b88) [0x00007a501b418c80, 0x00007a501b4192a0] Compiler: c1, Barriers: 2, Oops: 0, ImmediateOops: 0, NonImmediateOops: No
[1,124s][debug][gc,director ] Rule Major: Warmup 10%, Used: 12MB, UsedThreshold: 1228MB
[1,124s][debug][gc,nmethod  ] Register NMethod: java.lang.invoke.MethodHandle.linkToSpecial (0x00007a503abeca08) [0x00007a503abecb00, 0x00007a503abecbf8] Compiler: , Barriers: 0, Oops: 0, ImmediateOops: 0, NonImmediateOops: No
[1,124s][debug][gc,nmethod  ] Register NMethod: jdk.internal.classfile.impl.BufWriterImpl.reserveSpace (0x00007a501b419308) [0x00007a501b419400, 0x00007a501b419718] Compiler: c1, Barriers: 4, Oops: 0, ImmediateOops: 0, NonImmediateOops: No
[1,124s][debug][gc,nmethod  ] Register NMethod: java.lang.invoke.MemberName.getDeclaringClass (0x00007a503abecd08) [0x00007a503abece00, 0x00007a503abecee8] Compiler: c1, Barriers: 1, Oops: 0, ImmediateOops: 0, NonImmediateOops: No
[1,124s][debug][gc,nmethod  ] Register NMethod: jdk.internal.classfile.impl.RawBytecodeHelper.bci (0x00007a503abed008) [0x00007a503abed100, 0x00007a503abed1c0] Compiler: c1, Barriers: 0, Oops: 0, ImmediateOops: 0, NonImmediateOops: No
[1,125s][debug][gc,nmethod  ] Register NMethod: jdk.internal.classfile.impl.SplitConstantPool.map (0x00007a501b419788) [0x00007a501b4198a0, 0x00007a501b41afa0] Compiler: c1, Barriers: 9, Oops: 0, ImmediateOops: 0, NonImmediateOops: No
[1,125s][debug][gc,nmethod  ] Register NMethod: java.lang.invoke.MethodType.hashCode (0x00007a501b41b008) [0x00007a501b41b100, 0x00007a501b41b780] Compiler: c1, Barriers: 3, Oops: 0, ImmediateOops: 0, NonImmediateOops: No
[1,125s][debug][gc,nmethod  ] Register NMethod: java.util.concurrent.ConcurrentHashMap.get (0x00007a501b41b788) [0x00007a501b41b880, 0x00007a501b41c898] Compiler: c1, Barriers: 7, Oops: 0, ImmediateOops: 0, NonImmediateOops: No
[1,126s][debug][gc,nmethod  ] Register NMethod: java.lang.invoke.MemberName.isInvocable (0x00007a501b41c908) [0x00007a501b41ca00, 0x00007a501b41cbb8] Compiler: c1, Barriers: 0, Oops: 0, ImmediateOops: 0, NonImmediateOops: No
[1,126s][debug][gc,nmethod  ] Register NMethod: jdk.internal.util.StrongReferenceKey.<init> (0x00007a501b41cc08) [0x00007a501b41cd00, 0x00007a501b41ced0] Compiler: c1, Barriers: 3, Oops: 0, ImmediateOops: 0, NonImmediateOops: No
[1,126s][debug][gc,nmethod  ] Register NMethod: java.lang.invoke.MemberName.anyFlagSet (0x00007a501b41cf08) [0x00007a501b41d000, 0x00007a501b41d150] Compiler: c1, Barriers: 0, Oops: 0, ImmediateOops: 0, NonImmediateOops: No
[1,126s][debug][gc,nmethod  ] Register NMethod: jdk.internal.util.ReferencedKeyMap.lookupKey (0x00007a501b41d208) [0x00007a501b41d300, 0x00007a501b41d588] Compiler: c1, Barriers: 3, Oops: 0, ImmediateOops: 0, NonImmediateOops: No
[1,126s][debug][gc,nmethod  ] Register NMethod: jdk.internal.util.StrongReferenceKey.hashCode (0x00007a501b41d608) [0x00007a501b41d700, 0x00007a501b41dc10] Compiler: c1, Barriers: 1, Oops: 0, ImmediateOops: 0, NonImmediateOops: No
[1,126s][debug][gc,nmethod  ] Register NMethod: jdk.internal.classfile.impl.AbstractPoolEntry.constantPool (0x00007a503abed308) [0x00007a503abed400, 0x00007a503abed4e8] Compiler: c1, Barriers: 1, Oops: 0, ImmediateOops: 0, NonImmediateOops: No
[1,126s][debug][gc,nmethod  ] Register NMethod: java.lang.invoke.MethodHandle.linkToInterface (0x00007a503abed608) [0x00007a503abed700, 0x00007a503abed830] Compiler: , Barriers: 0, Oops: 0, ImmediateOops: 0, NonImmediateOops: No
[1,127s][debug][gc,nmethod  ] Register NMethod: java.lang.Class.isArray (0x00007a501b41dc88) [0x00007a501b41dd80, 0x00007a501b41df00] Compiler: c1, Barriers: 1, Oops: 0, ImmediateOops: 0, NonImmediateOops: No
[1,127s][debug][gc,nmethod  ] Register NMethod: jdk.internal.util.Preconditions.checkFromToIndex (0x00007a501b41df88) [0x00007a501b41e080, 0x00007a501b41e238] Compiler: c1, Barriers: 0, Oops: 0, ImmediateOops: 0, NonImmediateOops: No
[1,127s][debug][gc,nmethod  ] Register NMethod: java.lang.String.checkBoundsBeginEnd (0x00007a501b41e288) [0x00007a501b41e380, 0x00007a501b41e598] Compiler: c1, Barriers: 0, Oops: 1, ImmediateOops: 1, NonImmediateOops: No
[1,127s][debug][gc,nmethod  ] Register NMethod: java.lang.invoke.MethodHandle.linkToStatic (0x00007a503abed908) [0x00007a503abeda00, 0x00007a503abedaf0] Compiler: , Barriers: 0, Oops: 0, ImmediateOops: 0, NonImmediateOops: No
[1,127s][debug][gc,nmethod  ] Register NMethod: java.lang.StringCoding.countNonZeroAsciiLatin1 (0x00007a501b41e608) [0x00007a501b41e700, 0x00007a501b41e908] Compiler: c1, Barriers: 0, Oops: 0, ImmediateOops: 0, NonImmediateOops: No
[1,127s][debug][gc,nmethod  ] Register NMethod: java.lang.StringLatin1.canEncode (0x00007a501b41e988) [0x00007a501b41ea80, 0x00007a501b41ebe0] Compiler: c1, Barriers: 0, Oops: 0, ImmediateOops: 0, NonImmediateOops: No
[1,127s][debug][gc,nmethod  ] Register NMethod: jdk.internal.classfile.impl.AbstractPoolEntry.hashString (0x00007a501b41ec88) [0x00007a501b41ed80, 0x00007a501b41ee68] Compiler: c1, Barriers: 0, Oops: 0, ImmediateOops: 0, NonImmediateOops: No
[1,127s][debug][gc,nmethod  ] Register NMethod: jdk.internal.classfile.impl.BufWriterImpl.size (0x00007a503abedc08) [0x00007a503abedd00, 0x00007a503abeddc0] Compiler: c1, Barriers: 0, Oops: 0, ImmediateOops: 0, NonImmediateOops: No
[1,128s][debug][gc,nmethod  ] Register NMethod: jdk.internal.classfile.impl.SplitConstantPool.entryByIndex (0x00007a501b41ef88) [0x00007a501b41f080, 0x00007a501b421130] Compiler: c1, Barriers: 3, Oops: 2, ImmediateOops: 5, NonImmediateOops: No
[1,128s][debug][gc,nmethod  ] Register NMethod: java.lang.String.value (0x00007a503abedf08) [0x00007a503abee000, 0x00007a503abee0e8] Compiler: c1, Barriers: 1, Oops: 0, ImmediateOops: 0, NonImmediateOops: No
[1,128s][debug][gc,nmethod  ] Register NMethod: jdk.internal.classfile.impl.EntryMap.firstToken (0x00007a501b421188) [0x00007a501b421280, 0x00007a501b421770] Compiler: c1, Barriers: 1, Oops: 0, ImmediateOops: 1, NonImmediateOops: No
[1,128s][debug][gc,nmethod  ] Register NMethod: java.lang.invoke.MethodType.form (0x00007a503abee208) [0x00007a503abee300, 0x00007a503abee3e8] Compiler: c1, Barriers: 1, Oops: 0, ImmediateOops: 0, NonImmediateOops: No
[1,128s][debug][gc,nmethod  ] Register NMethod: java.lang.StringLatin1.lastIndexOf (0x00007a501b421788) [0x00007a501b421880, 0x00007a501b421c48] Compiler: c1, Barriers: 0, Oops: 0, ImmediateOops: 0, NonImmediateOops: No
[1,128s][debug][gc,nmethod  ] Register NMethod: java.lang.invoke.MethodHandle.linkToSpecial (0x00007a503abee508) [0x00007a503abee600, 0x00007a503abee6f8] Compiler: , Barriers: 0, Oops: 0, ImmediateOops: 0, NonImmediateOops: No
[1,128s][debug][gc,nmethod  ] Register NMethod: java.util.Objects.requireNonNull (0x00007a501b421c88) [0x00007a501b421d80, 0x00007a501b421f58] Compiler: c1, Barriers: 0, Oops: 0, ImmediateOops: 0, NonImmediateOops: No
[1,128s][debug][gc,nmethod  ] Register NMethod: jdk.internal.classfile.impl.AbstractPoolEntry.<init> (0x00007a501b421f88) [0x00007a501b422080, 0x00007a501b422258] Compiler: c1, Barriers: 3, Oops: 0, ImmediateOops: 0, NonImmediateOops: No
[1,129s][debug][gc,nmethod  ] Register NMethod: java.lang.String.coder (0x00007a503abee808) [0x00007a503abee900, 0x00007a503abee988] Compiler: jvmci, Barriers: 0, Oops: 0, ImmediateOops: 0, NonImmediateOops: No
[1,129s][debug][gc,nmethod  ] Register NMethod: jdk.internal.constant.ClassOrInterfaceDescImpl.descriptorString (0x00007a503abeeb08) [0x00007a503abeec00, 0x00007a503abeece8] Compiler: c1, Barriers: 1, Oops: 0, ImmediateOops: 0, NonImmediateOops: No
[1,129s][debug][gc,nmethod  ] Register NMethod: jdk.internal.util.ReferencedKeyMap.getNoCheckStale (0x00007a501b422288) [0x00007a501b422380, 0x00007a501b422a00] Compiler: c1, Barriers: 4, Oops: 1, ImmediateOops: 1, NonImmediateOops: No
[1,129s][debug][gc,nmethod  ] Register NMethod: java.lang.invoke.MethodType.parameterCount (0x00007a501b422a88) [0x00007a501b422b80, 0x00007a501b422cb8] Compiler: c1, Barriers: 1, Oops: 0, ImmediateOops: 0, NonImmediateOops: No
[1,129s][debug][gc,nmethod  ] Register NMethod: java.lang.StringConcatHelper.newArray (0x00007a501b422d88) [0x00007a501b422e80, 0x00007a501b423458] Compiler: c1, Barriers: 0, Oops: 0, ImmediateOops: 3, NonImmediateOops: No
[1,129s][debug][gc,nmethod  ] Register NMethod: jdk.internal.util.ReferencedKeyMap.get (0x00007a501b423488) [0x00007a501b423580, 0x00007a501b4243a8] Compiler: c1, Barriers: 6, Oops: 1, ImmediateOops: 1, NonImmediateOops: No
[1,129s][debug][gc,nmethod  ] Register NMethod: jdk.internal.misc.Unsafe.allocateUninitializedArray (0x00007a501b424408) [0x00007a501b424500, 0x00007a501b424ac8] Compiler: c1, Barriers: 0, Oops: 0, ImmediateOops: 3, NonImmediateOops: No
[1,129s][debug][gc,nmethod  ] Register NMethod: jdk.internal.misc.Unsafe.allocateUninitializedArray0 (0x00007a501b424b08) [0x00007a501b424c00, 0x00007a501b425420] Compiler: c1, Barriers: 0, Oops: 0, ImmediateOops: 8, NonImmediateOops: No
[1,129s][debug][gc,nmethod  ] Register NMethod: jdk.internal.classfile.impl.SplitConstantPool.internalAdd (0x00007a501b425488) [0x00007a501b425580, 0x00007a501b4258d8] Compiler: c1, Barriers: 0, Oops: 0, ImmediateOops: 0, NonImmediateOops: No
[1,129s][debug][gc,nmethod  ] Register NMethod: jdk.internal.classfile.impl.SplitConstantPool.internalAdd (0x00007a501b425908) [0x00007a501b425a00, 0x00007a501b4267e8] Compiler: c1, Barriers: 8, Oops: 0, ImmediateOops: 1, NonImmediateOops: No
[1,129s][debug][gc,nmethod  ] Register NMethod: jdk.internal.classfile.impl.EntryMap.put (0x00007a501b426808) [0x00007a501b426900, 0x00007a501b426fd0] Compiler: c1, Barriers: 1, Oops: 0, ImmediateOops: 1, NonImmediateOops: No
[1,129s][debug][gc,nmethod  ] Register NMethod: java.util.HashMap.hash (0x00007a501b427008) [0x00007a501b427100, 0x00007a501b427438] Compiler: c1, Barriers: 0, Oops: 0, ImmediateOops: 0, NonImmediateOops: No
[1,129s][debug][gc,nmethod  ] Register NMethod: java.util.stream.FindOps$FindSink.cancellationRequested (0x00007a503abeee08) [0x00007a503abeef00, 0x00007a503abeefc0] Compiler: c1, Barriers: 0, Oops: 0, ImmediateOops: 0, NonImmediateOops: No
[1,129s][debug][gc,nmethod  ] Register NMethod: java.util.stream.Sink$ChainedReference.cancellationRequested (0x00007a501b427488) [0x00007a501b427580, 0x00007a501b4278c8] Compiler: c1, Barriers: 1, Oops: 0, ImmediateOops: 0, NonImmediateOops: No
[1,129s][debug][gc,nmethod  ] Register NMethod: java.util.stream.ReferencePipeline$2$1.accept (0x00007a501b427908) [0x00007a501b427a00, 0x00007a501b427fc0] Compiler: c1, Barriers: 2, Oops: 0, ImmediateOops: 0, NonImmediateOops: No
[1,129s][debug][gc,nmethod  ] Register NMethod: java.lang.module.ModuleDescriptor$Exports.isQualified (0x00007a501b428008) [0x00007a501b428100, 0x00007a501b428490] Compiler: c1, Barriers: 1, Oops: 0, ImmediateOops: 0, NonImmediateOops: No
[1,129s][debug][gc,nmethod  ] Register NMethod: jdk.internal.module.DefaultRoots$$Lambda/0x000000005d057da8.test (0x00007a501b428508) [0x00007a501b428600, 0x00007a501b428e58] Compiler: c1, Barriers: 1, Oops: 0, ImmediateOops: 0, NonImmediateOops: No
[1,129s][debug][gc,nmethod  ] Register NMethod: java.util.ImmutableCollections$SetN.isEmpty (0x00007a501b428e88) [0x00007a501b428f80, 0x00007a501b4290d0] Compiler: c1, Barriers: 0, Oops: 0, ImmediateOops: 0, NonImmediateOops: No
[1,129s][debug][gc,nmethod  ] Register NMethod: jdk.internal.module.DefaultRoots.lambda$exportsAPI$0 (0x00007a501b429188) [0x00007a501b429280, 0x00007a501b429858] Compiler: c1, Barriers: 1, Oops: 0, ImmediateOops: 0, NonImmediateOops: No
[1,130s][debug][gc,nmethod  ] Register NMethod: java.util.Spliterators$IteratorSpliterator.tryAdvance (0x00007a501b429888) [0x00007a501b429980, 0x00007a501b42a7b0] Compiler: c1, Barriers: 8, Oops: 0, ImmediateOops: 0, NonImmediateOops: No
[1,130s][debug][gc,nmethod  ] Register NMethod: java.util.HashMap.afterNodeInsertion (0x00007a501b42a808) [0x00007a501b42a900, 0x00007a501b42aa00] Compiler: c1, Barriers: 0, Oops: 0, ImmediateOops: 0, NonImmediateOops: No
[1,130s][debug][gc,nmethod  ] Register NMethod: java.util.HashMap$Node.<init> (0x00007a501b42ab08) [0x00007a501b42ac00, 0x00007a501b42aec0] Compiler: c1, Barriers: 9, Oops: 0, ImmediateOops: 0, NonImmediateOops: No
[1,130s][debug][gc,nmethod  ] Register NMethod: java.util.HashMap.newNode (0x00007a501b42af08) [0x00007a501b42b000, 0x00007a501b42b380] Compiler: c1, Barriers: 9, Oops: 0, ImmediateOops: 0, NonImmediateOops: No
[1,130s][debug][gc,nmethod  ] Register NMethod: java.util.HashMap.put (0x00007a501b42b388) [0x00007a501b42b480, 0x00007a501b42ba68] Compiler: c1, Barriers: 0, Oops: 0, ImmediateOops: 0, NonImmediateOops: No
[1,130s][debug][gc,nmethod  ] Register NMethod: java.util.Optional.<init> (0x00007a501b42ba88) [0x00007a501b42bb80, 0x00007a501b42bd50] Compiler: c1, Barriers: 3, Oops: 0, ImmediateOops: 0, NonImmediateOops: No
[1,130s][debug][gc,nmethod  ] Register NMethod: java.util.ImmutableCollections$MapN.get (0x00007a501b42bd88) [0x00007a501b42be80, 0x00007a501b42c258] Compiler: c1, Barriers: 2, Oops: 0, ImmediateOops: 0, NonImmediateOops: No
[1,130s][debug][gc,nmethod  ] Register NMethod: java.util.ImmutableCollections$Set12$1.hasNext (0x00007a501b42c288) [0x00007a501b42c380, 0x00007a501b42c4d0] Compiler: c1, Barriers: 0, Oops: 0, ImmediateOops: 0, NonImmediateOops: No
[1,130s][debug][gc,nmethod  ] Register NMethod: java.util.ImmutableCollections$MapN.probe (0x00007a501b42c588) [0x00007a501b42c680, 0x00007a501b42ceb0] Compiler: c1, Barriers: 4, Oops: 0, ImmediateOops: 0, NonImmediateOops: No
[1,130s][debug][gc,nmethod  ] Register NMethod: jdk.internal.module.ModuleReferenceImpl.moduleResolution (0x00007a503abef108) [0x00007a503abef200, 0x00007a503abef2e8] Compiler: c1, Barriers: 1, Oops: 0, ImmediateOops: 0, NonImmediateOops: No
[1,130s][debug][gc,nmethod  ] Register NMethod: java.util.HashMap.getNode (0x00007a501b42cf08) [0x00007a501b42d000, 0x00007a501b42e310] Compiler: c1, Barriers: 6, Oops: 0, ImmediateOops: 0, NonImmediateOops: No
[1,131s][debug][gc,nmethod  ] Register NMethod: java.util.HashMap$HashIterator.hasNext (0x00007a501b42e388) [0x00007a501b42e480, 0x00007a501b42e600] Compiler: c1, Barriers: 1, Oops: 0, ImmediateOops: 0, NonImmediateOops: No
[1,131s][debug][gc,nmethod  ] Register NMethod: java.util.HashSet.add (0x00007a501b42e688) [0x00007a501b42e780, 0x00007a501b42e960] Compiler: c1, Barriers: 1, Oops: 0, ImmediateOops: 1, NonImmediateOops: No
[1,131s][debug][gc,nmethod  ] Register NMethod: java.util.HashMap.get (0x00007a501b42e988) [0x00007a501b42ea80, 0x00007a501b42ee18] Compiler: c1, Barriers: 1, Oops: 0, ImmediateOops: 0, NonImmediateOops: No
[1,131s][debug][gc,nmethod  ] Register NMethod: java.util.HashMap.putVal (0x00007a501b42ee88) [0x00007a501b42ef80, 0x00007a501b430c60] Compiler: c1, Barriers: 15, Oops: 0, ImmediateOops: 0, NonImmediateOops: No
[1,131s][debug][gc,nmethod  ] Register NMethod: java.util.HashMap$HashIterator.nextNode (0x00007a501b430c88) [0x00007a501b430d80, 0x00007a501b431398] Compiler: c1, Barriers: 14, Oops: 0, ImmediateOops: 0, NonImmediateOops: No
[1,131s][debug][gc,nmethod  ] Register NMethod: java.util.Optional.ofNullable (0x00007a501b431408) [0x00007a501b431500, 0x00007a501b4317b8] Compiler: c1, Barriers: 3, Oops: 0, ImmediateOops: 1, NonImmediateOops: No
[1,131s][debug][gc,nmethod  ] Register NMethod: java.lang.module.ModuleDescriptor$Requires.modifiers (0x00007a503abef408) [0x00007a503abef500, 0x00007a503abef5e8] Compiler: c1, Barriers: 1, Oops: 0, ImmediateOops: 0, NonImmediateOops: No
[1,131s][debug][gc,nmethod  ] Register NMethod: java.lang.module.ModuleDescriptor$Requires.name (0x00007a503abef708) [0x00007a503abef800, 0x00007a503abef8e8] Compiler: c1, Barriers: 1, Oops: 0, ImmediateOops: 0, NonImmediateOops: No
[1,131s][debug][gc,nmethod  ] Register NMethod: java.lang.module.Resolver.isTracing (0x00007a501b431808) [0x00007a501b431900, 0x00007a501b431a80] Compiler: c1, Barriers: 1, Oops: 0, ImmediateOops: 0, NonImmediateOops: No
[1,131s][debug][gc,nmethod  ] Register NMethod: jdk.internal.module.SystemModuleFinders$SystemModuleFinder.find (0x00007a501b431b08) [0x00007a501b431c00, 0x00007a501b4324d0] Compiler: c1, Barriers: 4, Oops: 0, ImmediateOops: 1, NonImmediateOops: No
[1,131s][debug][gc,nmethod  ] Register NMethod: java.util.HashMap.containsKey (0x00007a501b432508) [0x00007a501b432600, 0x00007a501b432940] Compiler: c1, Barriers: 0, Oops: 0, ImmediateOops: 0, NonImmediateOops: No
[1,131s][debug][gc,nmethod  ] Register NMethod: java.util.HashMap.get (0x00007a501b432988) [0x00007a501b432a80, 0x00007a501b432e18] Compiler: c1, Barriers: 1, Oops: 0, ImmediateOops: 0, NonImmediateOops: No
[1,131s][debug][gc,nmethod  ] Register NMethod: java.util.HashMap.put (0x00007a501b432e88) [0x00007a501b432f80, 0x00007a501b433568] Compiler: c1, Barriers: 0, Oops: 0, ImmediateOops: 0, NonImmediateOops: No
[1,131s][debug][gc,nmethod  ] Register NMethod: java.util.HashSet.add (0x00007a501b433588) [0x00007a501b433680, 0x00007a501b433a10] Compiler: c1, Barriers: 1, Oops: 0, ImmediateOops: 1, NonImmediateOops: No
[1,132s][debug][gc,nmethod  ] Register NMethod: java.util.HashMap$KeyIterator.next (0x00007a501b433a88) [0x00007a501b433b80, 0x00007a501b433eb0] Compiler: c1, Barriers: 1, Oops: 0, ImmediateOops: 0, NonImmediateOops: No
[1,132s][debug][gc,nmethod  ] Register NMethod: java.lang.module.ModuleDescriptor.hashCode (0x00007a501b433f08) [0x00007a501b434000, 0x00007a501b435878] Compiler: c1, Barriers: 12, Oops: 0, ImmediateOops: 0, NonImmediateOops: No
[1,132s][debug][gc,nmethod  ] Register NMethod: java.util.ImmutableCollections$Set12$1.next (0x00007a501b435888) [0x00007a501b435980, 0x00007a501b435d28] Compiler: c1, Barriers: 5, Oops: 0, ImmediateOops: 1, NonImmediateOops: No
[1,132s][debug][gc,nmethod  ] Register NMethod: java.lang.module.ModuleDescriptor.requires (0x00007a503abefa08) [0x00007a503abefb00, 0x00007a503abefbe8] Compiler: c1, Barriers: 1, Oops: 0, ImmediateOops: 0, NonImmediateOops: No
[1,132s][debug][gc,nmethod  ] Register NMethod: java.util.HashMap.putVal (0x00007a501b435d88) [0x00007a501b435e80, 0x00007a501b438210] Compiler: c1, Barriers: 15, Oops: 0, ImmediateOops: 0, NonImmediateOops: No
[1,132s][debug][gc,nmethod  ] Register NMethod: java.util.ImmutableCollections$SetN.contains (0x00007a501b438288) [0x00007a501b438380, 0x00007a501b438680] Compiler: c1, Barriers: 0, Oops: 0, ImmediateOops: 0, NonImmediateOops: No
[1,132s][debug][gc,nmethod  ] Register NMethod: jdk.internal.module.ModuleReferenceImpl.hashCode (0x00007a501b438688) [0x00007a501b438780, 0x00007a501b439108] Compiler: c1, Barriers: 3, Oops: 0, ImmediateOops: 0, NonImmediateOops: No
[1,132s][debug][gc,nmethod  ] Register NMethod: java.util.ImmutableCollections$Set12.iterator (0x00007a501b439188) [0x00007a501b439280, 0x00007a501b439420] Compiler: c1, Barriers: 0, Oops: 0, ImmediateOops: 0, NonImmediateOops: No
[1,132s][debug][gc,nmethod  ] Register NMethod: java.lang.module.ResolvedModule.hashCode (0x00007a501b439488) [0x00007a501b439580, 0x00007a501b439950] Compiler: c1, Barriers: 2, Oops: 0, ImmediateOops: 0, NonImmediateOops: No
[1,132s][debug][gc,nmethod  ] Register NMethod: java.util.AbstractMap.<init> (0x00007a501b439988) [0x00007a501b439a80, 0x00007a501b439bd8] Compiler: c1, Barriers: 0, Oops: 0, ImmediateOops: 0, NonImmediateOops: No
[1,132s][debug][gc,nmethod  ] Register NMethod: java.util.AbstractSet.<init> (0x00007a501b439c88) [0x00007a501b439d80, 0x00007a501b439f38] Compiler: c1, Barriers: 0, Oops: 0, ImmediateOops: 0, NonImmediateOops: No
[1,132s][debug][gc,nmethod  ] Register NMethod: java.lang.Object.equals (0x00007a501b439f88) [0x00007a501b43a080, 0x00007a501b43a1d0] Compiler: c1, Barriers: 0, Oops: 0, ImmediateOops: 0, NonImmediateOops: No
[1,132s][debug][gc,nmethod  ] Register NMethod: java.lang.module.ModuleDescriptor.isAutomatic (0x00007a503abefd08) [0x00007a503abefe00, 0x00007a503abefec0] Compiler: c1, Barriers: 0, Oops: 0, ImmediateOops: 0, NonImmediateOops: No
[1,132s][debug][gc,nmethod  ] Register NMethod: java.util.ImmutableCollections$Set12$1.<init> (0x00007a501b43a288) [0x00007a501b43a380, 0x00007a501b43a730] Compiler: c1, Barriers: 4, Oops: 0, ImmediateOops: 1, NonImmediateOops: No
[1,132s][debug][gc,nmethod  ] Register NMethod: java.util.HashMap$ValueIterator.next (0x00007a501b43a788) [0x00007a501b43a880, 0x00007a501b43abb0] Compiler: c1, Barriers: 1, Oops: 0, ImmediateOops: 0, NonImmediateOops: No
[1,132s][debug][gc,nmethod  ] Register NMethod: java.util.HashMap$Node.getKey (0x00007a503abf0008) [0x00007a503abf0100, 0x00007a503abf01e8] Compiler: c1, Barriers: 1, Oops: 0, ImmediateOops: 0, NonImmediateOops: No
[1,132s][debug][gc,nmethod  ] Register NMethod: java.util.HashSet.contains (0x00007a501b43ac08) [0x00007a501b43ad00, 0x00007a501b43b298] Compiler: c1, Barriers: 1, Oops: 0, ImmediateOops: 0, NonImmediateOops: No
[1,132s][debug][gc,nmethod  ] Register NMethod: java.util.HashMap$Node.getValue (0x00007a503abf0308) [0x00007a503abf0400, 0x00007a503abf04e8] Compiler: c1, Barriers: 1, Oops: 0, ImmediateOops: 0, NonImmediateOops: No
[1,132s][debug][gc,nmethod  ] Register NMethod: java.util.HashMap$KeyIterator.<init> (0x00007a501b43b308) [0x00007a501b43b400, 0x00007a501b43b680] Compiler: c1, Barriers: 0, Oops: 0, ImmediateOops: 0, NonImmediateOops: No
[1,132s][debug][gc,nmethod  ] Register NMethod: java.util.HashMap.keySet (0x00007a501b43b688) [0x00007a501b43b780, 0x00007a501b43bc08] Compiler: c1, Barriers: 7, Oops: 0, ImmediateOops: 0, NonImmediateOops: No
[1,132s][debug][gc,nmethod  ] Register NMethod: java.util.HashMap$KeySet.iterator (0x00007a501b43bc88) [0x00007a501b43bd80, 0x00007a501b43c100] Compiler: c1, Barriers: 1, Oops: 0, ImmediateOops: 0, NonImmediateOops: No
[1,132s][debug][gc,nmethod  ] Register NMethod: java.util.ImmutableCollections$Set12.isEmpty (0x00007a503abf0608) [0x00007a503abf0700, 0x00007a503abf07c0] Compiler: c1, Barriers: 0, Oops: 0, ImmediateOops: 0, NonImmediateOops: No
[1,132s][debug][gc,nmethod  ] Register NMethod: java.util.HashSet.iterator (0x00007a501b43c108) [0x00007a501b43c200, 0x00007a501b43c748] Compiler: c1, Barriers: 1, Oops: 0, ImmediateOops: 0, NonImmediateOops: No
[1,132s][debug][gc,nmethod  ] Register NMethod: java.util.HashMap$HashIterator.<init> (0x00007a501b43c788) [0x00007a501b43c880, 0x00007a501b43ced0] Compiler: c1, Barriers: 14, Oops: 0, ImmediateOops: 0, NonImmediateOops: No
[1,132s][debug][gc,nmethod  ] Register NMethod: java.lang.module.ModuleDescriptor$Exports.source (0x00007a503abf0908) [0x00007a503abf0a00, 0x00007a503abf0ae8] Compiler: c1, Barriers: 1, Oops: 0, ImmediateOops: 0, NonImmediateOops: No
[1,132s][debug][gc,nmethod  ] Register NMethod: java.lang.module.ModuleDescriptor$Exports.targets (0x00007a503abf0c08) [0x00007a503abf0d00, 0x00007a503abf0de8] Compiler: c1, Barriers: 1, Oops: 0, ImmediateOops: 0, NonImmediateOops: No
[1,133s][debug][gc,nmethod  ] Register NMethod: java.util.ImmutableCollections$Set12.contains (0x00007a501b43cf08) [0x00007a501b43d000, 0x00007a501b43d608] Compiler: c1, Barriers: 2, Oops: 0, ImmediateOops: 0, NonImmediateOops: No
[1,133s][debug][gc,nmethod  ] Register NMethod: java.util.Objects.requireNonNull (0x00007a503abf0f08) [0x00007a503abf1000, 0x00007a503abf1098] Compiler: jvmci, Barriers: 0, Oops: 0, ImmediateOops: 0, NonImmediateOops: No
[1,133s][debug][gc,nmethod  ] Register NMethod: java.util.HashMap.putIfAbsent (0x00007a501b43d688) [0x00007a501b43d780, 0x00007a501b43dd68] Compiler: c1, Barriers: 0, Oops: 0, ImmediateOops: 0, NonImmediateOops: No
[1,133s][debug][gc,nmethod  ] Register NMethod: java.util.HashMap.<init> (0x00007a501b43dd88) [0x00007a501b43de80, 0x00007a501b43e040] Compiler: c1, Barriers: 0, Oops: 0, ImmediateOops: 0, NonImmediateOops: No
[1,133s][debug][gc,nmethod  ] Register NMethod: java.util.HashMap.resize (0x00007a501b43e088) [0x00007a501b43e1a0, 0x00007a501b43fe80] Compiler: c1, Barriers: 31, Oops: 0, ImmediateOops: 0, NonImmediateOops: No
[1,133s][debug][gc,nmethod  ] Register NMethod: java.lang.module.ModuleDescriptor.provides (0x00007a503abf1208) [0x00007a503abf1300, 0x00007a503abf13e8] Compiler: c1, Barriers: 1, Oops: 0, ImmediateOops: 0, NonImmediateOops: No
[1,133s][debug][gc,nmethod  ] Register NMethod: java.util.HashMap.afterNodeInsertion (0x00007a503abf1508) [0x00007a503abf1600, 0x00007a503abf1680] Compiler: jvmci, Barriers: 0, Oops: 0, ImmediateOops: 0, NonImmediateOops: No
[1,133s][debug][gc,nmethod  ] Register NMethod: java.lang.module.ModuleDescriptor.exports (0x00007a503abf1808) [0x00007a503abf1900, 0x00007a503abf19e8] Compiler: c1, Barriers: 1, Oops: 0, ImmediateOops: 0, NonImmediateOops: No
[1,133s][debug][gc,nmethod  ] Register NMethod: java.util.Arrays.copyOfRange (0x00007a501b43fe88) [0x00007a501b43ff80, 0x00007a501b441250] Compiler: c1, Barriers: 0, Oops: 1, ImmediateOops: 2, NonImmediateOops: No
[1,133s][debug][gc,nmethod  ] Register NMethod: java.lang.module.ModuleDescriptor$Provides.service (0x00007a503abf1b08) [0x00007a503abf1c00, 0x00007a503abf1ce8] Compiler: c1, Barriers: 1, Oops: 0, ImmediateOops: 0, NonImmediateOops: No
[1,134s][debug][gc,nmethod  ] Register NMethod: java.lang.module.ModuleDescriptor.uses (0x00007a503abf1e08) [0x00007a503abf1f00, 0x00007a503abf1fe8] Compiler: c1, Barriers: 1, Oops: 0, ImmediateOops: 0, NonImmediateOops: No
[1,134s][debug][gc,nmethod  ] Register NMethod: java.lang.StringLatin1.newString (0x00007a501b441288) [0x00007a501b441380, 0x00007a501b4416a0] Compiler: c1, Barriers: 3, Oops: 0, ImmediateOops: 1, NonImmediateOops: No
[1,134s][debug][gc,nmethod  ] Register NMethod: java.lang.module.ResolvedModule.descriptor (0x00007a501b441708) [0x00007a501b441800, 0x00007a501b441b40] Compiler: c1, Barriers: 2, Oops: 0, ImmediateOops: 0, NonImmediateOops: No
[1,134s][debug][gc,nmethod  ] Register NMethod: java.lang.String.substring (0x00007a501b441b88) [0x00007a501b441c80, 0x00007a501b4427a0] Compiler: c1, Barriers: 1, Oops: 1, ImmediateOops: 1, NonImmediateOops: No
[1,134s][debug][gc,nmethod  ] Register NMethod: java.util.HashMap$EntryIterator.next (0x00007a501b442808) [0x00007a501b442900, 0x00007a501b442e10] Compiler: c1, Barriers: 0, Oops: 0, ImmediateOops: 0, NonImmediateOops: No
[1,134s][debug][gc,nmethod  ] Register NMethod: java.util.HashMap$EntryIterator.next (0x00007a501b442e88) [0x00007a501b442f80, 0x00007a501b443278] Compiler: c1, Barriers: 0, Oops: 0, ImmediateOops: 0, NonImmediateOops: No
[1,134s][debug][gc,director ] Rule Major: Warmup 10%, Used: 12MB, UsedThreshold: 1228MB
[1,134s][debug][gc,nmethod  ] Register NMethod: java.util.ImmutableCollections$SetN$SetNIterator.hasNext (0x00007a503abf2108) [0x00007a503abf2200, 0x00007a503abf2290] Compiler: jvmci, Barriers: 0, Oops: 0, ImmediateOops: 0, NonImmediateOops: No
[1,134s][debug][gc,nmethod  ] Register NMethod: java.util.HashSet.<init> (0x00007a501b443288) [0x00007a501b443380, 0x00007a501b443788] Compiler: c1, Barriers: 3, Oops: 0, ImmediateOops: 0, NonImmediateOops: No
[1,134s][debug][gc,nmethod  ] Register NMethod: java.lang.StringLatin1.lastIndexOf (0x00007a501b443808) [0x00007a501b443900, 0x00007a501b443d20] Compiler: c1, Barriers: 0, Oops: 0, ImmediateOops: 0, NonImmediateOops: No
[1,135s][debug][gc,nmethod  ] Register NMethod: java.util.KeyValueHolder.getValue (0x00007a503abf2408) [0x00007a503abf2500, 0x00007a503abf25e8] Compiler: c1, Barriers: 1, Oops: 0, ImmediateOops: 0, NonImmediateOops: No
[1,135s][debug][gc,nmethod  ] Register NMethod: java.util.KeyValueHolder.getKey (0x00007a503abf2708) [0x00007a503abf2800, 0x00007a503abf28e8] Compiler: c1, Barriers: 1, Oops: 0, ImmediateOops: 0, NonImmediateOops: No
[1,135s][debug][gc,nmethod  ] Register NMethod: java.lang.module.ModuleDescriptor.packages (0x00007a503abf2a08) [0x00007a503abf2b00, 0x00007a503abf2be8] Compiler: c1, Barriers: 1, Oops: 0, ImmediateOops: 0, NonImmediateOops: No
[1,135s][debug][gc,nmethod  ] Register NMethod: java.util.concurrent.ConcurrentHashMap.casTabAt (0x00007a501b443d88) [0x00007a501b443e80, 0x00007a501b443ff0] Compiler: c1, Barriers: 5, Oops: 0, ImmediateOops: 0, NonImmediateOops: No
[1,135s][debug][gc,nmethod  ] Register NMethod: java.util.Optional.orElse (0x00007a501b444088) [0x00007a501b444180, 0x00007a501b444318] Compiler: c1, Barriers: 1, Oops: 0, ImmediateOops: 0, NonImmediateOops: No
[1,135s][debug][gc,nmethod  ] Register NMethod: java.lang.module.ResolvedModule.reference (0x00007a503abf2d08) [0x00007a503abf2e00, 0x00007a503abf2ee8] Compiler: c1, Barriers: 1, Oops: 0, ImmediateOops: 0, NonImmediateOops: No
[1,135s][debug][gc,nmethod  ] Register NMethod: java.lang.module.ResolvedModule.name (0x00007a501b444388) [0x00007a501b444480, 0x00007a501b4449c8] Compiler: c1, Barriers: 3, Oops: 0, ImmediateOops: 0, NonImmediateOops: No
[1,136s][debug][gc,nmethod  ] Register NMethod: java.lang.AbstractStringBuilder.length (0x00007a503abf3008) [0x00007a503abf3100, 0x00007a503abf31c0] Compiler: c1, Barriers: 0, Oops: 0, ImmediateOops: 0, NonImmediateOops: No
[1,136s][debug][gc,nmethod  ] Register NMethod: java.lang.module.ModuleDescriptor$Version.toString (0x00007a503abf3308) [0x00007a503abf3400, 0x00007a503abf34e8] Compiler: c1, Barriers: 1, Oops: 0, ImmediateOops: 0, NonImmediateOops: No
[1,136s][debug][gc,nmethod  ] Register NMethod: java.lang.AbstractStringBuilder.needsNewBuffer (0x00007a501b444a08) [0x00007a501b444b00, 0x00007a501b444ca0] Compiler: c1, Barriers: 0, Oops: 0, ImmediateOops: 0, NonImmediateOops: No
[1,137s][debug][gc,nmethod  ] Register NMethod: java.util.ImmutableCollections$ListItr.hasNext (0x00007a501b444d08) [0x00007a501b444e00, 0x00007a501b444f50] Compiler: c1, Barriers: 0, Oops: 0, ImmediateOops: 0, NonImmediateOops: No
[1,137s][debug][gc,nmethod  ] Register NMethod: java.util.ImmutableCollections$List12.get (0x00007a501b445008) [0x00007a501b445100, 0x00007a501b445518] Compiler: c1, Barriers: 2, Oops: 0, ImmediateOops: 1, NonImmediateOops: No
[1,137s][debug][gc,nmethod  ] Register NMethod: java.lang.String.hashCode (0x00007a503abf3608) [0x00007a503abf3700, 0x00007a503abf38a0] Compiler: jvmci, Barriers: 1, Oops: 0, ImmediateOops: 0, NonImmediateOops: No
[1,137s][debug][gc,nmethod  ] Register NMethod: java.util.ImmutableCollections$List12.size (0x00007a501b445588) [0x00007a501b445680, 0x00007a501b445828] Compiler: c1, Barriers: 1, Oops: 0, ImmediateOops: 1, NonImmediateOops: No
[1,137s][debug][gc,nmethod  ] Register NMethod: java.util.ImmutableCollections$ListItr.next (0x00007a501b445888) [0x00007a501b445980, 0x00007a501b445d70] Compiler: c1, Barriers: 1, Oops: 0, ImmediateOops: 0, NonImmediateOops: No
[1,137s][debug][gc,nmethod  ] Register NMethod: java.util.ImmutableCollections$ListItr.<init> (0x00007a501b445d88) [0x00007a501b445e80, 0x00007a501b446060] Compiler: c1, Barriers: 3, Oops: 0, ImmediateOops: 0, NonImmediateOops: No
[1,137s][debug][gc,nmethod  ] Register NMethod: java.util.ImmutableCollections$AbstractImmutableList.iterator (0x00007a501b446088) [0x00007a501b446180, 0x00007a501b446630] Compiler: c1, Barriers: 3, Oops: 0, ImmediateOops: 0, NonImmediateOops: No
[1,137s][debug][gc,nmethod  ] Register NMethod: java.lang.Module.addExports0 (0x00007a503abf3908) [0x00007a503abf3a00, 0x00007a503abf3b80] Compiler: , Barriers: 0, Oops: 0, ImmediateOops: 1, NonImmediateOops: No
[1,137s][debug][gc,nmethod  ] Register NMethod: java.lang.Module.findModule (0x00007a501b446688) [0x00007a501b446780, 0x00007a501b4480a8] Compiler: c1, Barriers: 1, Oops: 0, ImmediateOops: 0, NonImmediateOops: No
[1,137s][debug][gc,nmethod  ] Register NMethod: java.util.Optional.empty (0x00007a501b448108) [0x00007a501b448200, 0x00007a501b4482e8] Compiler: c1, Barriers: 0, Oops: 0, ImmediateOops: 1, NonImmediateOops: No
[1,138s][debug][gc,nmethod  ] Register NMethod: java.util.HashMap.isEmpty (0x00007a501b448408) [0x00007a501b448500, 0x00007a501b448650] Compiler: c1, Barriers: 0, Oops: 0, ImmediateOops: 0, NonImmediateOops: No
[1,138s][debug][gc,nmethod  ] Register NMethod: java.util.HashSet.isEmpty (0x00007a501b448708) [0x00007a501b448800, 0x00007a501b448ba8] Compiler: c1, Barriers: 1, Oops: 0, ImmediateOops: 0, NonImmediateOops: No
[1,138s][debug][gc,nmethod  ] Register NMethod: java.lang.Module.addExportsToAll0 (0x00007a503abf3c08) [0x00007a503abf3d00, 0x00007a503abf3e70] Compiler: , Barriers: 0, Oops: 0, ImmediateOops: 1, NonImmediateOops: No
[1,138s][debug][gc,nmethod  ] Register NMethod: java.lang.Double.doubleToRawLongBits (0x00007a503abf3f08) [0x00007a503abf4000, 0x00007a503abf4158] Compiler: , Barriers: 0, Oops: 0, ImmediateOops: 1, NonImmediateOops: No
[1,138s][debug][gc,nmethod  ] Register NMethod: java.lang.Module.addReads0 (0x00007a503abf4208) [0x00007a503abf4300, 0x00007a503abf4470] Compiler: , Barriers: 0, Oops: 0, ImmediateOops: 1, NonImmediateOops: No
[1,138s][debug][gc,nmethod  ] Register NMethod: java.lang.module.ResolvedModule.configuration (0x00007a503abf4508) [0x00007a503abf4600, 0x00007a503abf46e8] Compiler: c1, Barriers: 1, Oops: 0, ImmediateOops: 0, NonImmediateOops: No
[1,138s][debug][gc,nmethod  ] Register NMethod: java.lang.Math.max (0x00007a501b448c08) [0x00007a501b448d00, 0x00007a501b448e28] Compiler: c1, Barriers: 0, Oops: 0, ImmediateOops: 0, NonImmediateOops: No
[1,139s][debug][gc,nmethod  ] Register NMethod: java.lang.module.ModuleDescriptor.isOpen (0x00007a503abf4808) [0x00007a503abf4900, 0x00007a503abf49c0] Compiler: c1, Barriers: 0, Oops: 0, ImmediateOops: 0, NonImmediateOops: No
[1,139s][debug][gc,nmethod  ] Register NMethod: java.util.HashMap.size (0x00007a503abf4b08) [0x00007a503abf4c00, 0x00007a503abf4cc0] Compiler: c1, Barriers: 0, Oops: 0, ImmediateOops: 0, NonImmediateOops: No
[1,140s][debug][gc,nmethod  ] Register NMethod: jdk.internal.module.ServicesCatalog$ServiceProvider.<init> (0x00007a501b448f08) [0x00007a501b449000, 0x00007a501b449248] Compiler: c1, Barriers: 6, Oops: 0, ImmediateOops: 0, NonImmediateOops: No
[1,141s][debug][gc,nmethod  ] Register NMethod: java.util.ImmutableCollections$SetN$SetNIterator.next (0x00007a503abf4e08) [0x00007a503abf4f00, 0x00007a503abf5158] Compiler: jvmci, Barriers: 4, Oops: 0, ImmediateOops: 0, NonImmediateOops: No
[1,141s][debug][gc,nmethod  ] Register NMethod: jdk.internal.classfile.impl.AbstractPoolEntry.maybeClone (0x00007a501b449288) [0x00007a501b449380, 0x00007a501b449ce8] Compiler: c1, Barriers: 0, Oops: 0, ImmediateOops: 0, NonImmediateOops: No
[1,141s][debug][gc,nmethod  ] Register NMethod: jdk.internal.classfile.impl.SplitConstantPool.canWriteDirect (0x00007a501b449d08) [0x00007a501b449e00, 0x00007a501b44a0f8] Compiler: c1, Barriers: 1, Oops: 0, ImmediateOops: 0, NonImmediateOops: No
[1,142s][debug][gc,nmethod  ] Register NMethod: jdk.internal.classfile.impl.RawBytecodeHelper.endBci (0x00007a501b44a108) [0x00007a501b44a200, 0x00007a501b44a338] Compiler: c1, Barriers: 1, Oops: 0, ImmediateOops: 0, NonImmediateOops: No
[1,142s][debug][gc,nmethod  ] Register NMethod: java.lang.invoke.MethodType.ptypes (0x00007a503abf5188) [0x00007a503abf5280, 0x00007a503abf5368] Compiler: c1, Barriers: 1, Oops: 0, ImmediateOops: 0, NonImmediateOops: No
[1,142s][debug][gc,nmethod  ] Register NMethod: jdk.internal.classfile.impl.RawBytecodeHelper.next (0x00007a501b44a408) [0x00007a501b44a500, 0x00007a501b44ac78] Compiler: c1, Barriers: 2, Oops: 0, ImmediateOops: 1, NonImmediateOops: No
[1,143s][debug][gc,nmethod  ] Register NMethod: java.lang.StringLatin1.equals (0x00007a503abf5488) [0x00007a503abf5580, 0x00007a503abf5818] Compiler: jvmci, Barriers: 0, Oops: 0, ImmediateOops: 0, NonImmediateOops: No
[1,143s][debug][gc,nmethod  ] Register NMethod: java.lang.Class.isInstance (0x00007a503abf5888) [0x00007a503abf5980, 0x00007a503abf5af0] Compiler: , Barriers: 0, Oops: 0, ImmediateOops: 0, NonImmediateOops: No
[1,143s][debug][gc,nmethod  ] Register NMethod: java.lang.invoke.MethodTypeForm.canonicalize (0x00007a501b44ac88) [0x00007a501b44ad80, 0x00007a501b44b9d8] Compiler: c1, Barriers: 1, Oops: 0, ImmediateOops: 2, NonImmediateOops: No
[1,143s][debug][gc,nmethod  ] Register NMethod: jdk.internal.classfile.impl.RawBytecodeHelper.opcode (0x00007a501b44ba08) [0x00007a501b44bb00, 0x00007a501b44bc08] Compiler: c1, Barriers: 0, Oops: 0, ImmediateOops: 0, NonImmediateOops: No
[1,143s][debug][gc,nmethod  ] Register NMethod: java.lang.invoke.MethodType.parameterType (0x00007a501b44bd08) [0x00007a501b44be00, 0x00007a501b44bf88] Compiler: c1, Barriers: 2, Oops: 0, ImmediateOops: 0, NonImmediateOops: No
[1,143s][debug][gc,nmethod  ] Register NMethod: java.lang.AbstractStringBuilder.isLatin1 (0x00007a501b44c008) [0x00007a501b44c100, 0x00007a501b44c240] Compiler: c1, Barriers: 0, Oops: 0, ImmediateOops: 0, NonImmediateOops: No
[1,143s][debug][gc,nmethod  ] Register NMethod: java.lang.StringLatin1.indexOf (0x00007a501b44c308) [0x00007a501b44c400, 0x00007a501b44c758] Compiler: c1, Barriers: 0, Oops: 0, ImmediateOops: 0, NonImmediateOops: No
[1,143s][debug][gc,nmethod  ] Register NMethod: jdk.internal.vm.Continuation.enterSpecial (0x00007a503abf5b88) [0x00007a503abf5c80, 0x00007a503abf5e78] Compiler: , Barriers: 0, Oops: 0, ImmediateOops: 0, NonImmediateOops: No
[1,143s][debug][gc,nmethod  ] Register NMethod: jdk.internal.vm.Continuation.doYield (0x00007a503abf5e88) [0x00007a503abf5f80, 0x00007a503abf6048] Compiler: , Barriers: 0, Oops: 0, ImmediateOops: 0, NonImmediateOops: No
[1,144s][debug][gc,director ] Rule Major: Warmup 10%, Used: 14MB, UsedThreshold: 1228MB
[1,149s][debug][gc,nmethod  ] Register NMethod: java.lang.AbstractStringBuilder.getValue (0x00007a503abf6188) [0x00007a503abf6280, 0x00007a503abf6368] Compiler: c1, Barriers: 1, Oops: 0, ImmediateOops: 0, NonImmediateOops: No
[1,149s][debug][gc,nmethod  ] Register NMethod: java.lang.StringBuilder.append (0x00007a501b44c788) [0x00007a501b44c880, 0x00007a501b44c9c8] Compiler: c1, Barriers: 0, Oops: 0, ImmediateOops: 0, NonImmediateOops: No
[1,149s][debug][gc,nmethod  ] Register NMethod: java.lang.AbstractStringBuilder.append (0x00007a501b44ca88) [0x00007a501b44cb80, 0x00007a501b44d7d0] Compiler: c1, Barriers: 5, Oops: 0, ImmediateOops: 0, NonImmediateOops: No
[1,150s][debug][gc,nmethod  ] Register NMethod: java.util.HashMap.resize (0x00007a503abf6488) [0x00007a503abf65a0, 0x00007a503abf70e0] Compiler: jvmci, Barriers: 33, Oops: 0, ImmediateOops: 0, NonImmediateOops: No
[1,153s][debug][gc,nmethod  ] Register NMethod: jdk.internal.misc.Unsafe.getByte (0x00007a503abf7108) [0x00007a503abf7200, 0x00007a503abf7368] Compiler: , Barriers: 0, Oops: 0, ImmediateOops: 0, NonImmediateOops: No
[1,153s][debug][gc,nmethod  ] Register NMethod: jdk.internal.misc.Unsafe.getShort (0x00007a503abf7408) [0x00007a503abf7500, 0x00007a503abf7668] Compiler: , Barriers: 0, Oops: 0, ImmediateOops: 0, NonImmediateOops: No
[1,153s][debug][gc,nmethod  ] Register NMethod: java.util.HashMap.newNode (0x00007a503abf7708) [0x00007a503abf7800, 0x00007a503abf7960] Compiler: jvmci, Barriers: 6, Oops: 0, ImmediateOops: 0, NonImmediateOops: No
[1,153s][debug][gc,nmethod  ] Register NMethod: jdk.internal.misc.Unsafe.pickPos (0x00007a501b44d808) [0x00007a501b44d900, 0x00007a501b44d9f0] Compiler: c1, Barriers: 0, Oops: 0, ImmediateOops: 0, NonImmediateOops: No
[1,153s][debug][gc,nmethod  ] Register NMethod: jdk.internal.misc.Unsafe.toUnsignedInt (0x00007a501b44db08) [0x00007a501b44dc00, 0x00007a501b44dce8] Compiler: c1, Barriers: 0, Oops: 0, ImmediateOops: 0, NonImmediateOops: No
[1,153s][debug][gc,nmethod  ] Register NMethod: java.util.zip.ZipUtils.get16 (0x00007a501b44de08) [0x00007a501b44df00, 0x00007a501b44e300] Compiler: c1, Barriers: 0, Oops: 1, ImmediateOops: 2, NonImmediateOops: No
[1,153s][debug][gc,nmethod  ] Register NMethod: jdk.internal.misc.Unsafe.getShortUnaligned (0x00007a501b44e388) [0x00007a501b44e480, 0x00007a501b44e6a8] Compiler: c1, Barriers: 0, Oops: 0, ImmediateOops: 0, NonImmediateOops: No
[1,153s][debug][gc,nmethod  ] Register NMethod: jdk.internal.misc.Unsafe.getIntUnaligned (0x00007a501b44e708) [0x00007a501b44e800, 0x00007a501b44ec50] Compiler: c1, Barriers: 0, Oops: 0, ImmediateOops: 0, NonImmediateOops: No
[1,153s][debug][gc,nmethod  ] Register NMethod: jdk.internal.misc.Unsafe.getShortUnaligned (0x00007a501b44ec88) [0x00007a501b44ed80, 0x00007a501b44f110] Compiler: c1, Barriers: 0, Oops: 0, ImmediateOops: 0, NonImmediateOops: No
[1,153s][debug][gc,nmethod  ] Register NMethod: java.lang.Short.toUnsignedInt (0x00007a501b44f188) [0x00007a501b44f280, 0x00007a501b44f368] Compiler: c1, Barriers: 0, Oops: 0, ImmediateOops: 0, NonImmediateOops: No
[1,154s][debug][gc,nmethod  ] Register NMethod: jdk.internal.misc.Unsafe.convEndian (0x00007a501b44f488) [0x00007a501b44f580, 0x00007a501b44f720] Compiler: c1, Barriers: 0, Oops: 0, ImmediateOops: 0, NonImmediateOops: No
[1,154s][debug][gc,nmethod  ] Register NMethod: java.lang.module.ModuleDescriptor$Exports.isQualified (0x00007a503abf7a08) [0x00007a503abf7b00, 0x00007a503abf7c58] Compiler: jvmci, Barriers: 1, Oops: 0, ImmediateOops: 0, NonImmediateOops: No
[1,154s][debug][gc,director ] Rule Major: Warmup 10%, Used: 14MB, UsedThreshold: 1228MB
[1,156s][debug][gc,nmethod  ] Register NMethod: java.lang.StringBuilder.length (0x00007a501b44f788) [0x00007a501b44f880, 0x00007a501b44f998] Compiler: c1, Barriers: 0, Oops: 0, ImmediateOops: 0, NonImmediateOops: No
[1,158s][debug][gc,nmethod  ] Register NMethod: java.lang.String.equals (0x00007a503abf7d08) [0x00007a503abf7e00, 0x00007a503abf8168] Compiler: jvmci, Barriers: 2, Oops: 0, ImmediateOops: 0, NonImmediateOops: No
[1,158s][debug][gc,nmethod  ] Register NMethod: java.lang.invoke.MethodType.checkSlotCount (0x00007a501b44fa88) [0x00007a501b44fb80, 0x00007a501b4508b8] Compiler: c1, Barriers: 0, Oops: 1, ImmediateOops: 2, NonImmediateOops: No
[1,158s][debug][gc,nmethod  ] Register NMethod: jdk.internal.util.WeakReferenceKey.hashCode (0x00007a503abf8188) [0x00007a503abf8280, 0x00007a503abf8340] Compiler: c1, Barriers: 0, Oops: 0, ImmediateOops: 0, NonImmediateOops: No
[1,159s][debug][gc,nmethod  ] Register NMethod: java.lang.invoke.MethodHandle.linkToStatic (0x00007a503abf8488) [0x00007a503abf8580, 0x00007a503abf8670] Compiler: , Barriers: 0, Oops: 0, ImmediateOops: 0, NonImmediateOops: No
[1,159s][debug][gc,nmethod  ] Register NMethod: java.io.BufferedInputStream.getBufIfOpen (0x00007a501b450908) [0x00007a501b450a00, 0x00007a501b450b38] Compiler: c1, Barriers: 0, Oops: 0, ImmediateOops: 0, NonImmediateOops: No
[1,159s][debug][gc,nmethod  ] Register NMethod: java.io.BufferedInputStream.read (0x00007a501b450c08) [0x00007a501b450d00, 0x00007a501b451158] Compiler: c1, Barriers: 0, Oops: 0, ImmediateOops: 0, NonImmediateOops: No
[1,159s][debug][gc,nmethod  ] Register NMethod: java.io.BufferedInputStream.getBufIfOpen (0x00007a501b451188) [0x00007a501b451280, 0x00007a501b451698] Compiler: c1, Barriers: 7, Oops: 0, ImmediateOops: 3, NonImmediateOops: No
[1,159s][debug][gc,nmethod  ] Register NMethod: worker.org.gradle.internal.stream.EncodedStream$EncodedInput.read (0x00007a501b451708) [0x00007a501b451800, 0x00007a501b451f58] Compiler: c1, Barriers: 2, Oops: 1, ImmediateOops: 1, NonImmediateOops: No
[1,159s][debug][gc,nmethod  ] Register NMethod: worker.org.gradle.internal.stream.EncodedStream$EncodedInput.hexToByte (0x00007a501b451f88) [0x00007a501b452080, 0x00007a501b4527c8] Compiler: c1, Barriers: 3, Oops: 2, ImmediateOops: 1, NonImmediateOops: No
[1,159s][debug][gc,nmethod  ] Register NMethod: jdk.internal.util.Preconditions.checkFromIndexSize (0x00007a501b452808) [0x00007a501b452900, 0x00007a501b452a98] Compiler: c1, Barriers: 0, Oops: 0, ImmediateOops: 0, NonImmediateOops: No
[1,159s][debug][gc,nmethod  ] Register NMethod: java.lang.Class.getName (0x00007a501b452b08) [0x00007a501b452c00, 0x00007a501b452db0] Compiler: c1, Barriers: 1, Oops: 0, ImmediateOops: 0, NonImmediateOops: No
[1,159s][debug][gc,nmethod  ] Register NMethod: java.net.URL.getHost (0x00007a503abf8788) [0x00007a503abf8880, 0x00007a503abf8968] Compiler: c1, Barriers: 1, Oops: 0, ImmediateOops: 0, NonImmediateOops: No
[1,160s][debug][gc,nmethod  ] Register NMethod: sun.net.util.IPAddressUtil.earlyURLParsing (0x00007a501b452e08) [0x00007a501b452f00, 0x00007a501b453008] Compiler: c1, Barriers: 0, Oops: 0, ImmediateOops: 0, NonImmediateOops: No
[1,160s][debug][gc,nmethod  ] Register NMethod: java.net.URL.getUserInfo (0x00007a503abf8a88) [0x00007a503abf8b80, 0x00007a503abf8c68] Compiler: c1, Barriers: 1, Oops: 0, ImmediateOops: 0, NonImmediateOops: No
[1,160s][debug][gc,nmethod  ] Register NMethod: java.lang.Record.<init> (0x00007a501b453108) [0x00007a501b453200, 0x00007a501b453358] Compiler: c1, Barriers: 0, Oops: 0, ImmediateOops: 0, NonImmediateOops: No
[1,160s][debug][gc,nmethod  ] Register NMethod: java.lang.StringLatin1.replace (0x00007a501b453408) [0x00007a501b453500, 0x00007a501b4545a0] Compiler: c1, Barriers: 6, Oops: 0, ImmediateOops: 3, NonImmediateOops: No
[1,161s][debug][gc,nmethod  ] Register NMethod: sun.net.www.ParseUtil.firstEncodeIndex (0x00007a501b454608) [0x00007a501b454700, 0x00007a501b4555d8] Compiler: c1, Barriers: 3, Oops: 1, ImmediateOops: 1, NonImmediateOops: No
[1,161s][debug][gc,nmethod  ] Register NMethod: jdk.internal.misc.Unsafe.putReferenceVolatile (0x00007a503abf8d88) [0x00007a503abf8e80, 0x00007a503abf8ff0] Compiler: , Barriers: 0, Oops: 0, ImmediateOops: 0, NonImmediateOops: No
[1,161s][debug][gc,nmethod  ] Register NMethod: java.lang.String.lastIndexOf (0x00007a501b455608) [0x00007a501b455700, 0x00007a501b455ba0] Compiler: c1, Barriers: 2, Oops: 0, ImmediateOops: 0, NonImmediateOops: No
[1,161s][debug][gc,nmethod  ] Register NMethod: java.lang.Integer.toUnsignedLong (0x00007a501b455c08) [0x00007a501b455d00, 0x00007a501b455df0] Compiler: c1, Barriers: 0, Oops: 0, ImmediateOops: 0, NonImmediateOops: No
[1,161s][debug][gc,nmethod  ] Register NMethod: jdk.internal.misc.Unsafe.convEndian (0x00007a501b455f08) [0x00007a501b456000, 0x00007a501b4561a8] Compiler: c1, Barriers: 0, Oops: 0, ImmediateOops: 0, NonImmediateOops: No
[1,161s][debug][gc,nmethod  ] Register NMethod: java.util.zip.ZipUtils.get32 (0x00007a501b456208) [0x00007a501b456300, 0x00007a501b456708] Compiler: c1, Barriers: 0, Oops: 1, ImmediateOops: 2, NonImmediateOops: No
[1,161s][debug][gc,nmethod  ] Register NMethod: jdk.internal.misc.Unsafe.getIntUnaligned (0x00007a501b456788) [0x00007a501b456880, 0x00007a501b456ac8] Compiler: c1, Barriers: 0, Oops: 0, ImmediateOops: 0, NonImmediateOops: No
[1,162s][debug][gc,nmethod  ] Register NMethod: java.lang.String.lastIndexOf (0x00007a501b456b08) [0x00007a501b456c00, 0x00007a501b4576f8] Compiler: c1, Barriers: 1, Oops: 0, ImmediateOops: 0, NonImmediateOops: No
[1,162s][debug][gc,nmethod  ] Register NMethod: java.util.HashMap.putVal (0x00007a503abf9088) [0x00007a503abf91a0, 0x00007a503abfaa78] Compiler: jvmci, Barriers: 82, Oops: 0, ImmediateOops: 0, NonImmediateOops: No
[1,162s][debug][gc,nmethod  ] Register NMethod: java.lang.invoke.MethodType.<init> (0x00007a501b457708) [0x00007a501b457800, 0x00007a501b457a48] Compiler: c1, Barriers: 6, Oops: 0, ImmediateOops: 0, NonImmediateOops: No
[1,162s][debug][gc,nmethod  ] Register NMethod: java.lang.StringLatin1.indexOfChar (0x00007a503abfaa88) [0x00007a503abfab80, 0x00007a503abfadf0] Compiler: jvmci, Barriers: 0, Oops: 0, ImmediateOops: 0, NonImmediateOops: No
[1,162s][debug][gc,nmethod  ] Register NMethod: java.lang.Class.isHidden (0x00007a503abfae08) [0x00007a503abfaf00, 0x00007a503abfb060] Compiler: , Barriers: 0, Oops: 0, ImmediateOops: 0, NonImmediateOops: No
[1,162s][debug][gc,nmethod  ] Register NMethod: java.io.BufferedInputStream.getBufIfOpen (0x00007a503abfb108) [0x00007a503abfb200, 0x00007a503abfb330] Compiler: jvmci, Barriers: 1, Oops: 0, ImmediateOops: 1, NonImmediateOops: No
[1,162s][debug][gc,nmethod  ] Register NMethod: jdk.internal.util.ReferencedKeySet.get (0x00007a501b457a88) [0x00007a501b457b80, 0x00007a501b459080] Compiler: c1, Barriers: 7, Oops: 1, ImmediateOops: 1, NonImmediateOops: No
[1,163s][debug][gc,nmethod  ] Register NMethod: java.lang.invoke.MethodType.makeImpl (0x00007a501b459108) [0x00007a501b459200, 0x00007a501b45b9b0] Compiler: c1, Barriers: 23, Oops: 2, ImmediateOops: 3, NonImmediateOops: No
[1,163s][debug][gc,nmethod  ] Register NMethod: java.lang.invoke.MethodType.methodType (0x00007a501b45ba08) [0x00007a501b45bb00, 0x00007a501b45bfe0] Compiler: c1, Barriers: 2, Oops: 0, ImmediateOops: 4, NonImmediateOops: No
[1,163s][debug][gc,nmethod  ] Register NMethod: worker.org.gradle.internal.stream.EncodedStream$EncodedInput.hexToByte (0x00007a503abfb408) [0x00007a503abfb500, 0x00007a503abfb5e8] Compiler: jvmci, Barriers: 0, Oops: 1, ImmediateOops: 0, NonImmediateOops: No
[1,163s][debug][gc,nmethod  ] Register NMethod: jdk.internal.classfile.impl.AbstractDirectBuilder.constantPool (0x00007a503abfb708) [0x00007a503abfb800, 0x00007a503abfb8e8] Compiler: c1, Barriers: 1, Oops: 0, ImmediateOops: 0, NonImmediateOops: No
[1,163s][debug][gc,nmethod  ] Register NMethod: java.util.ArrayList.size (0x00007a503abfba08) [0x00007a503abfbb00, 0x00007a503abfbbc0] Compiler: c1, Barriers: 0, Oops: 0, ImmediateOops: 0, NonImmediateOops: No
[1,163s][debug][gc,nmethod  ] Register NMethod: jdk.internal.classfile.impl.SplitConstantPool.tryFindUtf8 (0x00007a501b45c008) [0x00007a501b45c100, 0x00007a501b45d938] Compiler: c1, Barriers: 1, Oops: 0, ImmediateOops: 0, NonImmediateOops: No
[1,163s][debug][gc,nmethod  ] Register NMethod: java.lang.invoke.MethodHandle.linkToStatic (0x00007a503abfbd08) [0x00007a503abfbe00, 0x00007a503abfbef0] Compiler: , Barriers: 0, Oops: 0, ImmediateOops: 0, NonImmediateOops: No
[1,163s][debug][gc,nmethod  ] Register NMethod: java.lang.invoke.MemberName.allFlagsSet (0x00007a501b45d988) [0x00007a501b45da80, 0x00007a501b45dbd0] Compiler: c1, Barriers: 0, Oops: 0, ImmediateOops: 0, NonImmediateOops: No
[1,163s][debug][gc,nmethod  ] Register NMethod: java.lang.String.length (0x00007a503abfc008) [0x00007a503abfc100, 0x00007a503abfc1e8] Compiler: jvmci, Barriers: 1, Oops: 0, ImmediateOops: 0, NonImmediateOops: No
[1,163s][debug][gc,nmethod  ] Register NMethod: jdk.internal.classfile.impl.AbstractPoolEntry$Utf8EntryImpl.contentHash (0x00007a501b45dc88) [0x00007a501b45dd80, 0x00007a501b45df38] Compiler: c1, Barriers: 1, Oops: 0, ImmediateOops: 1, NonImmediateOops: No
[1,164s][debug][gc,nmethod  ] Register NMethod: jdk.internal.classfile.impl.BufWriterImpl.writeU2 (0x00007a501b45df88) [0x00007a501b45e080, 0x00007a501b45e4f0] Compiler: c1, Barriers: 2, Oops: 0, ImmediateOops: 0, NonImmediateOops: No
[1,164s][debug][gc,nmethod  ] Register NMethod: java.lang.invoke.MethodHandle.linkToInterface (0x00007a503abfc308) [0x00007a503abfc400, 0x00007a503abfc530] Compiler: , Barriers: 0, Oops: 0, ImmediateOops: 0, NonImmediateOops: No
[1,164s][debug][gc,director ] Rule Major: Warmup 10%, Used: 14MB, UsedThreshold: 1228MB
[1,164s][debug][gc,nmethod  ] Register NMethod: jdk.internal.classfile.impl.AbstractPoolEntry$Utf8EntryImpl.hashCode (0x00007a501b45e508) [0x00007a501b45e600, 0x00007a501b45ea30] Compiler: c1, Barriers: 1, Oops: 0, ImmediateOops: 1, NonImmediateOops: No
[1,165s][debug][gc,nmethod  ] Register NMethod: jdk.internal.classfile.impl.AbstractPoolEntry$Utf8EntryImpl.<init> (0x00007a501b45ea88) [0x00007a501b45eb80, 0x00007a501b45f3e8] Compiler: c1, Barriers: 13, Oops: 0, ImmediateOops: 1, NonImmediateOops: No
[1,165s][debug][gc,nmethod  ] Register NMethod: jdk.internal.classfile.impl.AbstractPoolEntry$Utf8EntryImpl.writeTo (0x00007a501b45f408) [0x00007a501b45f500, 0x00007a501b45fd10] Compiler: c1, Barriers: 3, Oops: 0, ImmediateOops: 0, NonImmediateOops: No
[1,165s][debug][gc,nmethod  ] Register NMethod: jdk.internal.classfile.impl.BufWriterImpl.cpIndex (0x00007a501b45fd88) [0x00007a501b45fe80, 0x00007a501b461e78] Compiler: c1, Barriers: 1, Oops: 1, ImmediateOops: 3, NonImmediateOops: No
[1,165s][debug][gc,nmethod  ] Register NMethod: java.lang.StringCoding.countNonZeroAscii (0x00007a501b461e88) [0x00007a501b461f80, 0x00007a501b462b10] Compiler: c1, Barriers: 1, Oops: 0, ImmediateOops: 0, NonImmediateOops: No
[1,165s][debug][gc,nmethod  ] Register NMethod: java.lang.System$1.countNonZeroAscii (0x00007a501b462b88) [0x00007a501b462c80, 0x00007a501b463780] Compiler: c1, Barriers: 1, Oops: 0, ImmediateOops: 0, NonImmediateOops: No
[1,165s][debug][gc,nmethod  ] Register NMethod: jdk.internal.util.ModifiedUtf.utfLen (0x00007a501b463788) [0x00007a501b463880, 0x00007a501b464620] Compiler: c1, Barriers: 3, Oops: 1, ImmediateOops: 1, NonImmediateOops: No
[1,165s][debug][gc,nmethod  ] Register NMethod: java.lang.String.checkBoundsOffCount (0x00007a501b464688) [0x00007a501b464780, 0x00007a501b464978] Compiler: c1, Barriers: 0, Oops: 1, ImmediateOops: 1, NonImmediateOops: No
[1,165s][debug][gc,nmethod  ] Register NMethod: java.lang.StringLatin1.getBytes (0x00007a501b464988) [0x00007a501b464a80, 0x00007a501b464c18] Compiler: c1, Barriers: 0, Oops: 0, ImmediateOops: 0, NonImmediateOops: No
[1,165s][debug][gc,nmethod  ] Register NMethod: java.lang.String.getBytes (0x00007a501b464c88) [0x00007a501b464d80, 0x00007a501b465b08] Compiler: c1, Barriers: 1, Oops: 1, ImmediateOops: 2, NonImmediateOops: No
[1,165s][debug][gc,nmethod  ] Register NMethod: jdk.internal.classfile.impl.AbstractPoolEntry$ClassEntryImpl.tag (0x00007a503abfc608) [0x00007a503abfc700, 0x00007a503abfc7c0] Compiler: c1, Barriers: 0, Oops: 0, ImmediateOops: 0, NonImmediateOops: No
[1,165s][debug][gc,nmethod  ] Register NMethod: jdk.internal.classfile.impl.BufWriterImpl.writeUtfEntry (0x00007a501b465b88) [0x00007a501b465c80, 0x00007a501b468a40] Compiler: c1, Barriers: 8, Oops: 1, ImmediateOops: 4, NonImmediateOops: No
[1,165s][debug][gc,nmethod  ] Register NMethod: jdk.internal.classfile.impl.SplitConstantPool.utf8Entry (0x00007a501b468a88) [0x00007a501b468b80, 0x00007a501b469678] Compiler: c1, Barriers: 1, Oops: 0, ImmediateOops: 1, NonImmediateOops: No
[1,165s][debug][gc,nmethod  ] Register NMethod: java.io.BufferedInputStream.read (0x00007a503abfc908) [0x00007a503abfca00, 0x00007a503abfcd20] Compiler: jvmci, Barriers: 1, Oops: 0, ImmediateOops: 1, NonImmediateOops: No
[1,165s][debug][gc,nmethod  ] Register NMethod: java.lang.invoke.MethodHandle.linkToSpecial (0x00007a503abfcd88) [0x00007a503abfce80, 0x00007a503abfcf78] Compiler: , Barriers: 0, Oops: 0, ImmediateOops: 0, NonImmediateOops: No
[1,166s][debug][gc,nmethod  ] Register NMethod: jdk.internal.classfile.impl.AbstractPoolEntry.hash1 (0x00007a501b469688) [0x00007a501b469780, 0x00007a501b469870] Compiler: c1, Barriers: 0, Oops: 0, ImmediateOops: 0, NonImmediateOops: No
[1,166s][debug][gc,nmethod  ] Register NMethod: jdk.internal.constant.ClassOrInterfaceDescImpl.isClassOrInterface (0x00007a503abfd088) [0x00007a503abfd180, 0x00007a503abfd240] Compiler: c1, Barriers: 0, Oops: 0, ImmediateOops: 0, NonImmediateOops: No
[1,166s][debug][gc,nmethod  ] Register NMethod: java.lang.invoke.MethodHandle.linkToSpecial (0x00007a503abfd388) [0x00007a503abfd480, 0x00007a503abfd578] Compiler: , Barriers: 0, Oops: 0, ImmediateOops: 0, NonImmediateOops: No
[1,166s][debug][gc,nmethod  ] Register NMethod: java.lang.invoke.MethodHandle.invokeBasic (0x00007a503abfd688) [0x00007a503abfd780, 0x00007a503abfda18] Compiler: , Barriers: 0, Oops: 0, ImmediateOops: 0, NonImmediateOops: No
[1,166s][debug][gc,nmethod  ] Register NMethod: java.lang.invoke.MethodHandle.linkToSpecial (0x00007a503abfda88) [0x00007a503abfdb80, 0x00007a503abfdc78] Compiler: , Barriers: 0, Oops: 0, ImmediateOops: 0, NonImmediateOops: No
[1,166s][debug][gc,nmethod  ] Register NMethod: java.lang.invoke.MemberName.initResolved (0x00007a501b469988) [0x00007a501b469a80, 0x00007a501b469c40] Compiler: c1, Barriers: 3, Oops: 0, ImmediateOops: 0, NonImmediateOops: No
[1,166s][debug][gc,nmethod  ] Register NMethod: java.lang.ref.Reference.<init> (0x00007a501b469c88) [0x00007a501b469d80, 0x00007a501b46a018] Compiler: c1, Barriers: 6, Oops: 0, ImmediateOops: 1, NonImmediateOops: No
[1,166s][debug][gc,nmethod  ] Register NMethod: java.lang.String.intern (0x00007a503abfdd88) [0x00007a503abfde80, 0x00007a503abfe1a0] Compiler: , Barriers: 0, Oops: 0, ImmediateOops: 0, NonImmediateOops: No
[1,166s][debug][gc,nmethod  ] Register NMethod: java.lang.invoke.MemberName.getMethodType (0x00007a501b46a088) [0x00007a501b46a180, 0x00007a501b46c678] Compiler: c1, Barriers: 16, Oops: 1, ImmediateOops: 1, NonImmediateOops: No
[1,166s][debug][gc,nmethod  ] Register NMethod: java.lang.String.replace (0x00007a501b46c688) [0x00007a501b46c780, 0x00007a501b46cc88] Compiler: c1, Barriers: 2, Oops: 0, ImmediateOops: 0, NonImmediateOops: No
[1,166s][debug][gc,nmethod  ] Register NMethod: jdk.internal.misc.Unsafe.allocateInstance (0x00007a503abfe208) [0x00007a503abfe300, 0x00007a503abfe630] Compiler: , Barriers: 0, Oops: 0, ImmediateOops: 0, NonImmediateOops: No
[1,166s][debug][gc,nmethod  ] Register NMethod: jdk.internal.misc.Unsafe.putReferenceRelease (0x00007a501b46cd08) [0x00007a501b46ce00, 0x00007a501b46cf78] Compiler: c1, Barriers: 3, Oops: 0, ImmediateOops: 0, NonImmediateOops: No
[1,166s][debug][gc,nmethod  ] Register NMethod: java.util.concurrent.ConcurrentHashMap.setTabAt (0x00007a501b46d008) [0x00007a501b46d100, 0x00007a501b46d400] Compiler: c1, Barriers: 0, Oops: 0, ImmediateOops: 1, NonImmediateOops: No
[1,167s][debug][gc,nmethod  ] Register NMethod: java.util.concurrent.ConcurrentHashMap.casTabAt (0x00007a503abfe688) [0x00007a503abfe780, 0x00007a503abfe858] Compiler: jvmci, Barriers: 5, Oops: 0, ImmediateOops: 0, NonImmediateOops: No
[1,167s][debug][gc,nmethod  ] Register NMethod: java.net.URL.getProtocol (0x00007a503abfe988) [0x00007a503abfea80, 0x00007a503abfeb68] Compiler: c1, Barriers: 1, Oops: 0, ImmediateOops: 0, NonImmediateOops: No
[1,167s][debug][gc,nmethod  ] Register NMethod: java.lang.StringCoding.countPositives (0x00007a501b46d408) [0x00007a501b46d500, 0x00007a501b46d708] Compiler: c1, Barriers: 0, Oops: 0, ImmediateOops: 0, NonImmediateOops: No
[1,168s][debug][gc,nmethod  ] Register NMethod: sun.nio.fs.UnixPath.checkNotNul (0x00007a501b46d788) [0x00007a501b46d880, 0x00007a501b46da20] Compiler: c1, Barriers: 0, Oops: 0, ImmediateOops: 1, NonImmediateOops: No
[1,168s][debug][gc,nmethod  ] Register NMethod: java.util.zip.ZipCoder$UTF8ZipCoder.isUTF8 (0x00007a503abfec88) [0x00007a503abfed80, 0x00007a503abfee40] Compiler: c1, Barriers: 0, Oops: 0, ImmediateOops: 0, NonImmediateOops: No
[1,168s][debug][gc,nmethod  ] Register NMethod: java.util.zip.ZipUtils.CENEXT (0x00007a501b46da88) [0x00007a501b46db80, 0x00007a501b46dc90] Compiler: c1, Barriers: 0, Oops: 0, ImmediateOops: 0, NonImmediateOops: No
[1,168s][debug][gc,nmethod  ] Register NMethod: java.util.zip.ZipUtils.CENCOM (0x00007a501b46dd88) [0x00007a501b46de80, 0x00007a501b46df90] Compiler: c1, Barriers: 0, Oops: 0, ImmediateOops: 0, NonImmediateOops: No
[1,168s][debug][gc,nmethod  ] Register NMethod: java.util.ArrayDeque.inc (0x00007a501b46e088) [0x00007a501b46e180, 0x00007a501b46e298] Compiler: c1, Barriers: 0, Oops: 0, ImmediateOops: 0, NonImmediateOops: No
[1,169s][debug][gc,nmethod  ] Register NMethod: java.util.zip.Inflater$InflaterZStreamRef.address (0x00007a503abfef88) [0x00007a503abff080, 0x00007a503abff140] Compiler: c1, Barriers: 0, Oops: 0, ImmediateOops: 0, NonImmediateOops: No
[1,169s][debug][gc,nmethod  ] Register NMethod: java.util.zip.ZipUtils.CENSIZ (0x00007a501b46e388) [0x00007a501b46e480, 0x00007a501b46e590] Compiler: c1, Barriers: 0, Oops: 0, ImmediateOops: 0, NonImmediateOops: No
[1,169s][debug][gc,nmethod  ] Register NMethod: java.util.zip.ZipUtils.CENNAM (0x00007a501b46e688) [0x00007a501b46e780, 0x00007a501b46e890] Compiler: c1, Barriers: 0, Oops: 0, ImmediateOops: 0, NonImmediateOops: No
[1,169s][debug][gc,nmethod  ] Register NMethod: java.util.zip.ZipUtils.CENHOW (0x00007a501b46e988) [0x00007a501b46ea80, 0x00007a501b46eb90] Compiler: c1, Barriers: 0, Oops: 0, ImmediateOops: 0, NonImmediateOops: No
[1,169s][debug][gc,nmethod  ] Register NMethod: java.util.zip.ZipUtils.CENLEN (0x00007a501b46ec88) [0x00007a501b46ed80, 0x00007a501b46ee90] Compiler: c1, Barriers: 0, Oops: 0, ImmediateOops: 0, NonImmediateOops: No
[1,169s][debug][gc,nmethod  ] Register NMethod: java.util.zip.ZipUtils.CENOFF (0x00007a501b46ef88) [0x00007a501b46f080, 0x00007a501b46f190] Compiler: c1, Barriers: 0, Oops: 0, ImmediateOops: 0, NonImmediateOops: No
[1,169s][debug][gc,nmethod  ] Register NMethod: java.util.zip.ZipFile.zipCoderFor (0x00007a501b46f288) [0x00007a501b46f380, 0x00007a501b46f7d0] Compiler: c1, Barriers: 0, Oops: 0, ImmediateOops: 1, NonImmediateOops: No
[1,169s][debug][gc,nmethod  ] Register NMethod: java.lang.System$1.uncheckedCountPositives (0x00007a501b46f808) [0x00007a501b46f900, 0x00007a501b46fb58] Compiler: c1, Barriers: 0, Oops: 0, ImmediateOops: 0, NonImmediateOops: No
[1,169s][debug][gc,nmethod  ] Register NMethod: java.util.zip.ZipUtils.CENSIG (0x00007a501b46fb88) [0x00007a501b46fc80, 0x00007a501b46fd90] Compiler: c1, Barriers: 0, Oops: 0, ImmediateOops: 0, NonImmediateOops: No
[1,169s][debug][gc,nmethod  ] Register NMethod: java.util.zip.ZipUtils.CENDSK (0x00007a501b46fe88) [0x00007a501b46ff80, 0x00007a501b470090] Compiler: c1, Barriers: 0, Oops: 0, ImmediateOops: 0, NonImmediateOops: No
[1,169s][debug][gc,nmethod  ] Register NMethod: java.util.zip.ZipFile$Source.nextEntryPos (0x00007a501b470188) [0x00007a501b470280, 0x00007a501b470538] Compiler: c1, Barriers: 2, Oops: 0, ImmediateOops: 0, NonImmediateOops: No
[1,169s][debug][gc,nmethod  ] Register NMethod: java.util.zip.ZipUtils.CENFLG (0x00007a501b470588) [0x00007a501b470680, 0x00007a501b470790] Compiler: c1, Barriers: 0, Oops: 0, ImmediateOops: 0, NonImmediateOops: No
[1,169s][debug][gc,nmethod  ] Register NMethod: java.util.zip.ZipCoder$UTF8ZipCoder.checkedHash (0x00007a501b470888) [0x00007a501b470980, 0x00007a501b470da0] Compiler: c1, Barriers: 0, Oops: 0, ImmediateOops: 2, NonImmediateOops: No
[1,169s][debug][gc,nmethod  ] Register NMethod: java.util.zip.ZipFile$Source.isMetaName (0x00007a501b470e08) [0x00007a501b470f00, 0x00007a501b471360] Compiler: c1, Barriers: 0, Oops: 0, ImmediateOops: 0, NonImmediateOops: No
[1,170s][debug][gc,nmethod  ] Register NMethod: java.util.zip.ZipFile$Source.checkAndAddEntry (0x00007a501b471388) [0x00007a501b471480, 0x00007a501b473780] Compiler: c1, Barriers: 3, Oops: 7, ImmediateOops: 8, NonImmediateOops: No
[1,170s][debug][gc,nmethod  ] Register NMethod: java.util.Arrays.copyOf (0x00007a501b473808) [0x00007a501b473900, 0x00007a501b473cc8] Compiler: c1, Barriers: 0, Oops: 0, ImmediateOops: 0, NonImmediateOops: No
[1,170s][debug][gc,nmethod  ] Register NMethod: java.lang.AbstractStringBuilder.ensureCapacityNewCoder (0x00007a501b473d08) [0x00007a501b473e00, 0x00007a501b474110] Compiler: c1, Barriers: 0, Oops: 0, ImmediateOops: 0, NonImmediateOops: No
[1,170s][debug][gc,nmethod  ] Register NMethod: java.util.ArrayList.add (0x00007a501b474188) [0x00007a501b474280, 0x00007a501b4747f0] Compiler: c1, Barriers: 4, Oops: 0, ImmediateOops: 0, NonImmediateOops: No
[1,170s][debug][gc,nmethod  ] Register NMethod: jdk.internal.misc.Unsafe.getShortUnaligned (0x00007a503abff288) [0x00007a503abff380, 0x00007a503abff440] Compiler: jvmci, Barriers: 0, Oops: 0, ImmediateOops: 0, NonImmediateOops: No
[1,171s][debug][gc,nmethod  ] Register NMethod: java.util.ArrayList.add (0x00007a501b474808) [0x00007a501b474900, 0x00007a501b474dc0] Compiler: c1, Barriers: 3, Oops: 0, ImmediateOops: 0, NonImmediateOops: No
[1,171s][debug][gc,nmethod  ] Register NMethod: java.lang.AbstractStringBuilder.isLatin1 (0x00007a501b474e08) [0x00007a501b474f00, 0x00007a501b4750c0] Compiler: c1, Barriers: 0, Oops: 0, ImmediateOops: 0, NonImmediateOops: No
[1,171s][debug][gc,nmethod  ] Register NMethod: java.lang.ref.Reference.reachabilityFence (0x00007a501b475108) [0x00007a501b475200, 0x00007a501b4752e0] Compiler: c1, Barriers: 0, Oops: 0, ImmediateOops: 0, NonImmediateOops: No
[1,171s][debug][gc,nmethod  ] Register NMethod: java.lang.String.endsWith (0x00007a501b475408) [0x00007a501b475500, 0x00007a501b476130] Compiler: c1, Barriers: 2, Oops: 0, ImmediateOops: 0, NonImmediateOops: No
[1,171s][debug][gc,nmethod  ] Register NMethod: java.lang.AbstractStringBuilder.<init> (0x00007a501b476188) [0x00007a501b476280, 0x00007a501b476508] Compiler: c1, Barriers: 3, Oops: 0, ImmediateOops: 0, NonImmediateOops: No
[1,171s][debug][gc,nmethod  ] Register NMethod: java.io.RandomAccessFile.readBytes0 (0x00007a503abff588) [0x00007a503abff680, 0x00007a503abff7e8] Compiler: , Barriers: 0, Oops: 0, ImmediateOops: 0, NonImmediateOops: No
[1,171s][debug][gc,nmethod  ] Register NMethod: java.lang.StringBuilder.toString (0x00007a501b476588) [0x00007a501b476680, 0x00007a501b476ab8] Compiler: c1, Barriers: 0, Oops: 0, ImmediateOops: 1, NonImmediateOops: No
[1,171s][debug][gc,nmethod  ] Register NMethod: java.io.RandomAccessFile.seek0 (0x00007a503abff888) [0x00007a503abff980, 0x00007a503abffac8] Compiler: , Barriers: 0, Oops: 0, ImmediateOops: 0, NonImmediateOops: No
[1,171s][debug][gc,nmethod  ] Register NMethod: java.lang.String.<init> (0x00007a501b476b08) [0x00007a501b476c00, 0x00007a501b4775a0] Compiler: c1, Barriers: 10, Oops: 0, ImmediateOops: 0, NonImmediateOops: No
[1,171s][debug][gc,nmethod  ] Register NMethod: java.io.UnixFileSystem.prefixLength (0x00007a501b477608) [0x00007a501b477700, 0x00007a501b477c98] Compiler: c1, Barriers: 0, Oops: 1, ImmediateOops: 1, NonImmediateOops: No
[1,172s][debug][gc,nmethod  ] Register NMethod: jdk.internal.util.ArraysSupport.newLength (0x00007a501b477d08) [0x00007a501b477e00, 0x00007a501b478038] Compiler: c1, Barriers: 0, Oops: 0, ImmediateOops: 0, NonImmediateOops: No
[1,173s][debug][gc,nmethod  ] Register NMethod: java.lang.StringBuilder.<init> (0x00007a501b478088) [0x00007a501b478180, 0x00007a501b4782b8] Compiler: c1, Barriers: 0, Oops: 0, ImmediateOops: 0, NonImmediateOops: No
[1,173s][debug][gc,nmethod  ] Register NMethod: java.util.zip.ZipFile$Source.getEntryHash (0x00007a501b478388) [0x00007a501b478480, 0x00007a501b4785d8] Compiler: c1, Barriers: 1, Oops: 0, ImmediateOops: 0, NonImmediateOops: No
[1,173s][debug][gc,nmethod  ] Register NMethod: java.util.Objects.checkFromIndexSize (0x00007a501b478688) [0x00007a501b478780, 0x00007a501b478978] Compiler: c1, Barriers: 0, Oops: 0, ImmediateOops: 0, NonImmediateOops: No
[1,173s][debug][gc,nmethod  ] Register NMethod: java.util.ArrayList.elementData (0x00007a501b478988) [0x00007a501b478a80, 0x00007a501b478c10] Compiler: c1, Barriers: 2, Oops: 0, ImmediateOops: 0, NonImmediateOops: No
[1,173s][debug][gc,nmethod  ] Register NMethod: java.util.Objects.checkIndex (0x00007a501b478c88) [0x00007a501b478d80, 0x00007a501b478eb0] Compiler: c1, Barriers: 0, Oops: 0, ImmediateOops: 0, NonImmediateOops: No
[1,173s][debug][gc,nmethod  ] Register NMethod: java.util.zip.ZipFile$Source.getEntryNext (0x00007a501b478f88) [0x00007a501b479080, 0x00007a501b4791d8] Compiler: c1, Barriers: 1, Oops: 0, ImmediateOops: 0, NonImmediateOops: No
[1,173s][debug][gc,nmethod  ] Register NMethod: java.util.zip.ZipFile.ensureOpen (0x00007a501b479288) [0x00007a501b479380, 0x00007a501b479650] Compiler: c1, Barriers: 2, Oops: 0, ImmediateOops: 2, NonImmediateOops: No
[1,173s][debug][gc,nmethod  ] Register NMethod: java.io.UnixFileSystem.getBooleanAttributes0 (0x00007a503abffb88) [0x00007a503abffc80, 0x00007a503abffde8] Compiler: , Barriers: 0, Oops: 0, ImmediateOops: 0, NonImmediateOops: No
[1,174s][debug][gc,nmethod  ] Register NMethod: java.util.ArrayList.get (0x00007a501b479688) [0x00007a501b479780, 0x00007a501b479a28] Compiler: c1, Barriers: 2, Oops: 0, ImmediateOops: 0, NonImmediateOops: No
[1,174s][debug][gc,nmethod  ] Register NMethod: jdk.internal.ref.CleanerImpl.getCleanerImpl (0x00007a501b479a88) [0x00007a501b479b80, 0x00007a501b47a0b8] Compiler: c1, Barriers: 1, Oops: 0, ImmediateOops: 1, NonImmediateOops: No
[1,174s][debug][gc,nmethod  ] Register NMethod: java.lang.ref.Cleaner$1.apply (0x00007a501b47a108) [0x00007a501b47a200, 0x00007a501b47a330] Compiler: c1, Barriers: 1, Oops: 0, ImmediateOops: 0, NonImmediateOops: No
[1,174s][debug][gc,nmethod  ] Register NMethod: java.lang.ref.Cleaner$1.apply (0x00007a501b47a408) [0x00007a501b47a500, 0x00007a501b47a8b0] Compiler: c1, Barriers: 1, Oops: 0, ImmediateOops: 0, NonImmediateOops: No
[1,174s][debug][gc,nmethod  ] Register NMethod: java.net.URL.getFile (0x00007a503abffe88) [0x00007a503abfff80, 0x00007a503ac00068] Compiler: c1, Barriers: 1, Oops: 0, ImmediateOops: 0, NonImmediateOops: No
[1,174s][debug][gc,nmethod  ] Register NMethod: java.io.File.isInvalid (0x00007a501b47a908) [0x00007a501b47aa00, 0x00007a501b47afb0] Compiler: c1, Barriers: 5, Oops: 0, ImmediateOops: 4, NonImmediateOops: No
[1,174s][debug][gc,nmethod  ] Register NMethod: java.lang.Class.getComponentType (0x00007a503ac00188) [0x00007a503ac00280, 0x00007a503ac00368] Compiler: c1, Barriers: 1, Oops: 0, ImmediateOops: 0, NonImmediateOops: No
[1,174s][debug][gc,nmethod  ] Register NMethod: java.lang.ref.Reference.refersTo0 (0x00007a503ac00488) [0x00007a503ac00580, 0x00007a503ac006f0] Compiler: , Barriers: 0, Oops: 0, ImmediateOops: 0, NonImmediateOops: No
[1,174s][debug][gc,director ] Rule Major: Warmup 10%, Used: 14MB, UsedThreshold: 1228MB
[1,174s][debug][gc,nmethod  ] Register NMethod: java.lang.StringLatin1.indexOfChar (0x00007a503ac00788) [0x00007a503ac00880, 0x00007a503ac00ad8] Compiler: jvmci, Barriers: 0, Oops: 0, ImmediateOops: 0, NonImmediateOops: No
[1,174s][debug][gc,nmethod  ] Register NMethod: java.lang.StringCoding.countPositives (0x00007a503ac00b08) [0x00007a503ac00c00, 0x00007a503ac00e68] Compiler: jvmci, Barriers: 0, Oops: 0, ImmediateOops: 0, NonImmediateOops: No
[1,175s][debug][gc,nmethod  ] Register NMethod: java.util.HashMap.putVal (0x00007a501b47b008) [0x00007a501b47b100, 0x00007a501b47d490] Compiler: c1, Barriers: 15, Oops: 0, ImmediateOops: 0, NonImmediateOops: No
[1,175s][debug][gc,nmethod  ] Register NMethod: java.lang.invoke.MethodHandleNatives.resolve (0x00007a503ac00e88) [0x00007a503ac00f80, 0x00007a503ac012d0] Compiler: , Barriers: 0, Oops: 0, ImmediateOops: 1, NonImmediateOops: No
[1,175s][debug][gc,nmethod  ] Register NMethod: java.lang.ref.WeakReference.<init> (0x00007a501b47d508) [0x00007a501b47d600, 0x00007a501b47d8f0] Compiler: c1, Barriers: 6, Oops: 0, ImmediateOops: 1, NonImmediateOops: No
[1,175s][debug][gc,nmethod  ] Register NMethod: java.lang.invoke.MethodHandle.linkToStatic (0x00007a503ac01308) [0x00007a503ac01400, 0x00007a503ac014f0] Compiler: , Barriers: 0, Oops: 0, ImmediateOops: 0, NonImmediateOops: No
[1,175s][debug][gc,nmethod  ] Register NMethod: java.lang.invoke.MethodHandles$Lookup.lookupClass (0x00007a503ac01608) [0x00007a503ac01700, 0x00007a503ac017e8] Compiler: c1, Barriers: 1, Oops: 0, ImmediateOops: 0, NonImmediateOops: No
[1,175s][debug][gc,nmethod  ] Register NMethod: jdk.internal.misc.Unsafe.getIntUnaligned (0x00007a503ac01908) [0x00007a503ac01a00, 0x00007a503ac01ac0] Compiler: jvmci, Barriers: 0, Oops: 0, ImmediateOops: 0, NonImmediateOops: No
[1,175s][debug][gc,nmethod  ] Register NMethod: java.lang.invoke.MethodTypeForm.erasedType (0x00007a503ac01c08) [0x00007a503ac01d00, 0x00007a503ac01de8] Compiler: c1, Barriers: 1, Oops: 0, ImmediateOops: 0, NonImmediateOops: No
[1,175s][debug][gc,nmethod  ] Register NMethod: java.lang.invoke.MemberName.getReferenceKind (0x00007a501b47d908) [0x00007a501b47da00, 0x00007a501b47db10] Compiler: c1, Barriers: 0, Oops: 0, ImmediateOops: 0, NonImmediateOops: No
[1,175s][debug][gc,nmethod  ] Register NMethod: java.lang.invoke.MethodHandle.invokeBasic (0x00007a503ac01f08) [0x00007a503ac02000, 0x00007a503ac02298] Compiler: , Barriers: 0, Oops: 0, ImmediateOops: 0, NonImmediateOops: No
[1,175s][debug][gc,nmethod  ] Register NMethod: java.lang.Class.isAssignableFrom (0x00007a503ac02308) [0x00007a503ac02400, 0x00007a503ac02570] Compiler: , Barriers: 0, Oops: 0, ImmediateOops: 0, NonImmediateOops: No
[1,176s][debug][gc,nmethod  ] Register NMethod: jdk.internal.classfile.impl.AbstractPoolEntry.hash2 (0x00007a501b47dc08) [0x00007a501b47dd00, 0x00007a501b47de00] Compiler: c1, Barriers: 0, Oops: 0, ImmediateOops: 0, NonImmediateOops: No
[1,176s][debug][gc,nmethod  ] Register NMethod: java.util.Arrays.copyOf (0x00007a501b47df08) [0x00007a501b47e000, 0x00007a501b47e880] Compiler: c1, Barriers: 1, Oops: 0, ImmediateOops: 1, NonImmediateOops: No
[1,176s][debug][gc,nmethod  ] Register NMethod: java.lang.invoke.MethodHandle.type (0x00007a503ac02608) [0x00007a503ac02700, 0x00007a503ac027e8] Compiler: c1, Barriers: 1, Oops: 0, ImmediateOops: 0, NonImmediateOops: No
[1,176s][debug][gc,nmethod  ] Register NMethod: java.util.zip.ZipUtils.get32 (0x00007a503ac02908) [0x00007a503ac02a00, 0x00007a503ac02ad0] Compiler: jvmci, Barriers: 0, Oops: 0, ImmediateOops: 0, NonImmediateOops: No
[1,176s][debug][gc,nmethod  ] Register NMethod: jdk.internal.classfile.impl.AbstractPoolEntry.hashCode (0x00007a503ac02c08) [0x00007a503ac02d00, 0x00007a503ac02dc0] Compiler: c1, Barriers: 0, Oops: 0, ImmediateOops: 0, NonImmediateOops: No
[1,176s][debug][gc,nmethod  ] Register NMethod: jdk.internal.classfile.impl.RawBytecodeHelper.isStoreIntoLocal (0x00007a501b47e888) [0x00007a501b47e980, 0x00007a501b47ead8] Compiler: c1, Barriers: 0, Oops: 0, ImmediateOops: 0, NonImmediateOops: No
[1,176s][debug][gc,nmethod  ] Register NMethod: java.util.zip.ZipUtils.get16 (0x00007a503ac02f08) [0x00007a503ac03000, 0x00007a503ac030d8] Compiler: jvmci, Barriers: 0, Oops: 0, ImmediateOops: 0, NonImmediateOops: No
[1,176s][debug][gc,nmethod  ] Register NMethod: java.lang.AbstractStringBuilder.newCapacity (0x00007a501b47eb88) [0x00007a501b47ec80, 0x00007a501b47f018] Compiler: c1, Barriers: 0, Oops: 0, ImmediateOops: 1, NonImmediateOops: No
[1,177s][debug][gc,nmethod  ] Register NMethod: java.lang.System.nanoTime (0x00007a503ac03208) [0x00007a503ac03300, 0x00007a503ac03458] Compiler: , Barriers: 0, Oops: 0, ImmediateOops: 1, NonImmediateOops: No
[1,177s][debug][gc,nmethod  ] Register NMethod: java.io.RandomAccessFile.readBytes (0x00007a501b47f088) [0x00007a501b47f180, 0x00007a501b47f3d8] Compiler: c1, Barriers: 0, Oops: 0, ImmediateOops: 1, NonImmediateOops: No
[1,177s][debug][gc,nmethod  ] Register NMethod: java.io.RandomAccessFile.read (0x00007a501b47f408) [0x00007a501b47f500, 0x00007a501b47f7b8] Compiler: c1, Barriers: 0, Oops: 0, ImmediateOops: 1, NonImmediateOops: No
[1,177s][debug][gc,nmethod  ] Register NMethod: java.lang.ClassLoader.findLoadedClass0 (0x00007a503ac03508) [0x00007a503ac03600, 0x00007a503ac03930] Compiler: , Barriers: 0, Oops: 0, ImmediateOops: 0, NonImmediateOops: No
[1,177s][debug][gc,nmethod  ] Register NMethod: java.security.ProtectionDomain.getCodeSource (0x00007a503ac03988) [0x00007a503ac03a80, 0x00007a503ac03b68] Compiler: c1, Barriers: 1, Oops: 0, ImmediateOops: 0, NonImmediateOops: No
[1,178s][debug][gc,nmethod  ] Register NMethod: jdk.internal.loader.URLClassPath$JarLoader.ensureOpen (0x00007a501b47f808) [0x00007a501b47f900, 0x00007a501b47fb68] Compiler: c1, Barriers: 5, Oops: 0, ImmediateOops: 0, NonImmediateOops: No
[1,178s][debug][gc,nmethod  ] Register NMethod: java.lang.ClassLoader.checkName (0x00007a501b47fb88) [0x00007a501b47fc80, 0x00007a501b4809c8] Compiler: c1, Barriers: 3, Oops: 1, ImmediateOops: 1, NonImmediateOops: No
[1,178s][debug][gc,nmethod  ] Register NMethod: java.io.RandomAccessFile.seek (0x00007a501b480a08) [0x00007a501b480b00, 0x00007a501b480d48] Compiler: c1, Barriers: 0, Oops: 0, ImmediateOops: 1, NonImmediateOops: No
[1,178s][debug][gc,nmethod  ] Register NMethod: java.lang.Integer.intValue (0x00007a503ac03c88) [0x00007a503ac03d80, 0x00007a503ac03e40] Compiler: c1, Barriers: 0, Oops: 0, ImmediateOops: 0, NonImmediateOops: No
[1,178s][debug][gc,nmethod  ] Register NMethod: java.util.jar.JarFile.checkForSpecialAttributes (0x00007a501b480d88) [0x00007a501b480e80, 0x00007a501b4823e8] Compiler: c1, Barriers: 10, Oops: 1, ImmediateOops: 8, NonImmediateOops: No
[1,178s][debug][gc,nmethod  ] Register NMethod: java.util.zip.ZipFile$Source.getEntryPos (0x00007a501b482408) [0x00007a501b482500, 0x00007a501b4841a8] Compiler: c1, Barriers: 12, Oops: 1, ImmediateOops: 3, NonImmediateOops: No
[1,178s][debug][gc,nmethod  ] Register NMethod: java.util.jar.JarFile.checkForSpecialAttributes (0x00007a501b480d88) [0x00007a501b480e80, 0x00007a501b4823e8] Compiler: c1, Barriers: 10, Oops: 1, ImmediateOops: 8, NonImmediateOops: No
[1,179s][debug][gc,nmethod  ] Register NMethod: java.util.jar.JarFile.checkForSpecialAttributes (0x00007a501b480d88) [0x00007a501b480e80, 0x00007a501b4823e8] Compiler: c1, Barriers: 10, Oops: 1, ImmediateOops: 8, NonImmediateOops: No
[1,179s][debug][gc,nmethod  ] Register NMethod: java.util.jar.JarFile.checkForSpecialAttributes (0x00007a501b480d88) [0x00007a501b480e80, 0x00007a501b4823e8] Compiler: c1, Barriers: 10, Oops: 1, ImmediateOops: 8, NonImmediateOops: No
[1,179s][debug][gc,nmethod  ] Register NMethod: java.util.jar.JarFile.isMultiRelease (0x00007a501b484208) [0x00007a501b484300, 0x00007a501b4844f8] Compiler: c1, Barriers: 0, Oops: 0, ImmediateOops: 0, NonImmediateOops: No
[1,179s][debug][gc,nmethod  ] Register NMethod: java.util.jar.Attributes$Name.hashCode (0x00007a503ac03f88) [0x00007a503ac04080, 0x00007a503ac04140] Compiler: c1, Barriers: 0, Oops: 0, ImmediateOops: 0, NonImmediateOops: No
[1,179s][debug][gc,nmethod  ] Register NMethod: java.util.LinkedHashMap.removeEldestEntry (0x00007a503ac04288) [0x00007a503ac04380, 0x00007a503ac04440] Compiler: c1, Barriers: 0, Oops: 0, ImmediateOops: 0, NonImmediateOops: No
[1,179s][debug][gc,nmethod  ] Register NMethod: jdk.internal.misc.Unsafe.putLong (0x00007a503ac04588) [0x00007a503ac04680, 0x00007a503ac047d8] Compiler: , Barriers: 0, Oops: 0, ImmediateOops: 0, NonImmediateOops: No
[1,179s][debug][gc,nmethod  ] Register NMethod: java.util.jar.Manifest$FastInputStream.readLine (0x00007a501b484508) [0x00007a501b484600, 0x00007a501b484e58] Compiler: c1, Barriers: 1, Oops: 0, ImmediateOops: 0, NonImmediateOops: No
[1,180s][debug][gc,nmethod  ] Register NMethod: java.util.zip.ZipFile.getEntry (0x00007a501b484e88) [0x00007a501b484f80, 0x00007a501b485548] Compiler: c1, Barriers: 4, Oops: 1, ImmediateOops: 1, NonImmediateOops: No
[1,180s][debug][gc,nmethod  ] Register NMethod: java.util.zip.ZipCoder.hash (0x00007a501b485588) [0x00007a501b485680, 0x00007a501b4864b8] Compiler: c1, Barriers: 1, Oops: 1, ImmediateOops: 1, NonImmediateOops: No
[1,180s][debug][gc,nmethod  ] Register NMethod: java.nio.Buffer.checkIndex (0x00007a501b486508) [0x00007a501b486600, 0x00007a501b486750] Compiler: c1, Barriers: 0, Oops: 1, ImmediateOops: 1, NonImmediateOops: No
[1,180s][debug][gc,nmethod  ] Register NMethod: java.nio.Buffer.session (0x00007a501b486808) [0x00007a501b486900, 0x00007a501b486d08] Compiler: c1, Barriers: 1, Oops: 0, ImmediateOops: 0, NonImmediateOops: No
[1,180s][debug][gc,nmethod  ] Register NMethod: java.nio.DirectLongBufferU.ix (0x00007a501b486d88) [0x00007a501b486e80, 0x00007a501b486f90] Compiler: c1, Barriers: 0, Oops: 0, ImmediateOops: 0, NonImmediateOops: No
[1,180s][debug][gc,nmethod  ] Register NMethod: java.util.jar.JarFile.getJarEntry (0x00007a501b487088) [0x00007a501b487180, 0x00007a501b487a28] Compiler: c1, Barriers: 0, Oops: 0, ImmediateOops: 0, NonImmediateOops: No
[1,180s][debug][gc,nmethod  ] Register NMethod: jdk.internal.loader.URLClassPath$JarLoader.getResource (0x00007a501b487a88) [0x00007a501b487b80, 0x00007a501b488150] Compiler: c1, Barriers: 1, Oops: 0, ImmediateOops: 0, NonImmediateOops: No
[1,180s][debug][gc,nmethod  ] Register NMethod: java.util.jar.JarFile.getEntry (0x00007a501b488188) [0x00007a501b488280, 0x00007a501b4889c8] Compiler: c1, Barriers: 0, Oops: 0, ImmediateOops: 0, NonImmediateOops: No
[1,180s][debug][gc,nmethod  ] Register NMethod: jdk.internal.loader.URLClassPath.getLoader (0x00007a501b488a08) [0x00007a501b488b00, 0x00007a501b48a9b8] Compiler: c1, Barriers: 12, Oops: 0, ImmediateOops: 0, NonImmediateOops: No
[1,180s][debug][gc,nmethod  ] Register NMethod: java.util.WeakHashMap.maskNull (0x00007a501b48aa08) [0x00007a501b48ab00, 0x00007a501b48ac28] Compiler: c1, Barriers: 0, Oops: 0, ImmediateOops: 1, NonImmediateOops: No
[1,180s][debug][gc,nmethod  ] Register NMethod: java.util.WeakHashMap.getTable (0x00007a501b48ad08) [0x00007a501b48ae00, 0x00007a501b48af78] Compiler: c1, Barriers: 1, Oops: 0, ImmediateOops: 0, NonImmediateOops: No
[1,180s][debug][gc,nmethod  ] Register NMethod: java.util.WeakHashMap.hash (0x00007a501b48b008) [0x00007a501b48b100, 0x00007a501b48b428] Compiler: c1, Barriers: 0, Oops: 0, ImmediateOops: 0, NonImmediateOops: No
[1,181s][debug][gc,nmethod  ] Register NMethod: java.lang.Class.getModule (0x00007a503ac04888) [0x00007a503ac04980, 0x00007a503ac04a68] Compiler: c1, Barriers: 1, Oops: 0, ImmediateOops: 0, NonImmediateOops: No
[1,181s][debug][gc,nmethod  ] Register NMethod: java.util.WeakHashMap.indexFor (0x00007a501b48b488) [0x00007a501b48b580, 0x00007a501b48b668] Compiler: c1, Barriers: 0, Oops: 0, ImmediateOops: 0, NonImmediateOops: No
[1,181s][debug][gc,nmethod  ] Register NMethod: java.util.WeakHashMap.expungeStaleEntries (0x00007a501b48b788) [0x00007a501b48b880, 0x00007a501b48c618] Compiler: c1, Barriers: 14, Oops: 0, ImmediateOops: 0, NonImmediateOops: No
[1,181s][debug][gc,nmethod  ] Register NMethod: java.lang.Class.getPackageName (0x00007a501b48c688) [0x00007a501b48c780, 0x00007a501b48e988] Compiler: c1, Barriers: 8, Oops: 0, ImmediateOops: 2, NonImmediateOops: No
[1,182s][debug][gc,nmethod  ] Register NMethod: java.util.zip.Inflater.inflateBytesBytes (0x00007a503ac04b88) [0x00007a503ac04c80, 0x00007a503ac04e18] Compiler: , Barriers: 0, Oops: 0, ImmediateOops: 0, NonImmediateOops: No
[1,182s][debug][gc,nmethod  ] Register NMethod: java.lang.ClassLoader.findBootstrapClass (0x00007a503ac04e88) [0x00007a503ac04f80, 0x00007a503ac052b8] Compiler: , Barriers: 0, Oops: 0, ImmediateOops: 1, NonImmediateOops: No
[1,182s][debug][gc,nmethod  ] Register NMethod: java.security.CodeSource.getLocationNoFragString (0x00007a503ac05308) [0x00007a503ac05400, 0x00007a503ac054e8] Compiler: c1, Barriers: 1, Oops: 0, ImmediateOops: 0, NonImmediateOops: No
[1,183s][debug][gc,nmethod  ] Register NMethod: java.lang.StringCoding.countPositives (0x00007a503ac05608) [0x00007a503ac05700, 0x00007a503ac05a88] Compiler: jvmci, Barriers: 0, Oops: 0, ImmediateOops: 0, NonImmediateOops: No
[1,183s][debug][gc,nmethod  ] Register NMethod: java.lang.Module.getDescriptor (0x00007a503ac05b08) [0x00007a503ac05c00, 0x00007a503ac05ce8] Compiler: c1, Barriers: 1, Oops: 0, ImmediateOops: 0, NonImmediateOops: No
[1,183s][debug][gc,nmethod  ] Register NMethod: java.util.concurrent.CopyOnWriteArrayList.setArray (0x00007a503ac05e08) [0x00007a503ac05f00, 0x00007a503ac06030] Compiler: c1, Barriers: 3, Oops: 0, ImmediateOops: 0, NonImmediateOops: No
[1,183s][debug][gc,nmethod  ] Register NMethod: java.lang.module.ModuleDescriptor$Provides.providers (0x00007a503ac06108) [0x00007a503ac06200, 0x00007a503ac062e8] Compiler: c1, Barriers: 1, Oops: 0, ImmediateOops: 0, NonImmediateOops: No
[1,184s][debug][gc,nmethod  ] Register NMethod: java.lang.Class.initClassName (0x00007a503ac06408) [0x00007a503ac06500, 0x00007a503ac06820] Compiler: , Barriers: 0, Oops: 0, ImmediateOops: 0, NonImmediateOops: No
[1,184s][debug][gc,nmethod  ] Register NMethod: java.lang.StringLatin1.coderFromChar (0x00007a501b48ea08) [0x00007a501b48eb00, 0x00007a501b48ebf0] Compiler: c1, Barriers: 0, Oops: 0, ImmediateOops: 0, NonImmediateOops: No
[1,184s][debug][gc,nmethod  ] Register NMethod: java.lang.StringBuilder.append (0x00007a501b48ed08) [0x00007a501b48ee00, 0x00007a501b48ef48] Compiler: c1, Barriers: 0, Oops: 0, ImmediateOops: 0, NonImmediateOops: No
[1,184s][debug][gc,nmethod  ] Register NMethod: java.lang.AbstractStringBuilder.append (0x00007a501b48f008) [0x00007a501b48f100, 0x00007a501b48f5b8] Compiler: c1, Barriers: 4, Oops: 0, ImmediateOops: 0, NonImmediateOops: No
[1,184s][debug][gc,director ] Rule Major: Warmup 10%, Used: 16MB, UsedThreshold: 1228MB
[1,185s][debug][gc,nmethod  ] Register NMethod: java.nio.DirectByteBuffer.ix (0x00007a501b48f608) [0x00007a501b48f700, 0x00007a501b48f808] Compiler: c1, Barriers: 0, Oops: 0, ImmediateOops: 0, NonImmediateOops: No
[1,185s][debug][gc,nmethod  ] Register NMethod: jdk.internal.misc.ScopedMemoryAccess.getByte (0x00007a501b48f908) [0x00007a501b48fa00, 0x00007a501b48fd18] Compiler: c1, Barriers: 0, Oops: 0, ImmediateOops: 0, NonImmediateOops: No
[1,185s][debug][gc,nmethod  ] Register NMethod: jdk.internal.misc.ScopedMemoryAccess.getByteInternal (0x00007a501b48fd88) [0x00007a501b48fe80, 0x00007a501b4900d0] Compiler: c1, Barriers: 0, Oops: 0, ImmediateOops: 0, NonImmediateOops: No
[1,185s][debug][gc,nmethod  ] Register NMethod: java.nio.DirectByteBuffer.get (0x00007a501b490108) [0x00007a501b490200, 0x00007a501b491000] Compiler: c1, Barriers: 1, Oops: 2, ImmediateOops: 2, NonImmediateOops: No
[1,186s][debug][gc,nmethod  ] Register NMethod: java.lang.ref.Reference.reachabilityFence (0x00007a503ac06888) [0x00007a503ac06980, 0x00007a503ac069e0] Compiler: jvmci, Barriers: 0, Oops: 0, ImmediateOops: 0, NonImmediateOops: No
[1,186s][debug][gc,nmethod  ] Register NMethod: java.util.concurrent.ConcurrentHashMap.tabAt (0x00007a503ac06b88) [0x00007a503ac06c80, 0x00007a503ac06d18] Compiler: jvmci, Barriers: 1, Oops: 0, ImmediateOops: 0, NonImmediateOops: No
[1,187s][debug][gc,nmethod  ] Register NMethod: java.lang.invoke.LambdaForm$Name.<init> (0x00007a501b491088) [0x00007a501b491180, 0x00007a501b4914e8] Compiler: c1, Barriers: 12, Oops: 0, ImmediateOops: 0, NonImmediateOops: No
[1,187s][debug][gc,nmethod  ] Register NMethod: jdk.internal.constant.MethodTypeDescImpl.parameterCount (0x00007a501b491508) [0x00007a501b491600, 0x00007a501b491738] Compiler: c1, Barriers: 1, Oops: 0, ImmediateOops: 0, NonImmediateOops: No
[1,188s][debug][gc,nmethod  ] Register NMethod: java.lang.Class.desiredAssertionStatus0 (0x00007a503ac06e88) [0x00007a503ac06f80, 0x00007a503ac070f0] Compiler: , Barriers: 0, Oops: 0, ImmediateOops: 1, NonImmediateOops: No
[1,189s][debug][gc,nmethod  ] Register NMethod: jdk.internal.classfile.impl.StackMapGenerator.processBlock (0x00007a501b491808) [0x00007a501b491900, 0x00007a501b4c0bc8] Compiler: c1, Barriers: 287, Oops: 4, ImmediateOops: 158, NonImmediateOops: No
[1,191s][debug][gc,nmethod  ] Register NMethod: java.io.RandomAccessFile.readFully (0x00007a501b4c0c08) [0x00007a501b4c0d00, 0x00007a501b4c11d8] Compiler: c1, Barriers: 0, Oops: 0, ImmediateOops: 1, NonImmediateOops: No
[1,191s][debug][gc,nmethod  ] Register NMethod: jdk.internal.misc.Unsafe.compareAndSetInt (0x00007a503ac07188) [0x00007a503ac07280, 0x00007a503ac073f0] Compiler: , Barriers: 0, Oops: 0, ImmediateOops: 0, NonImmediateOops: No
[1,191s][debug][gc,nmethod  ] Register NMethod: java.util.jar.JarFile.getJarEntry (0x00007a501b4c1208) [0x00007a501b4c1300, 0x00007a501b4c1800] Compiler: c1, Barriers: 0, Oops: 0, ImmediateOops: 0, NonImmediateOops: No
[1,191s][debug][gc,nmethod  ] Register NMethod: jdk.internal.loader.URLClassPath$JarLoader.getResource (0x00007a501b4c1808) [0x00007a501b4c1900, 0x00007a501b4c2230] Compiler: c1, Barriers: 1, Oops: 0, ImmediateOops: 0, NonImmediateOops: No
[1,191s][debug][gc,nmethod  ] Register NMethod: java.util.jar.JarFile.getEntry (0x00007a501b4c2288) [0x00007a501b4c2380, 0x00007a501b4c2ac8] Compiler: c1, Barriers: 0, Oops: 0, ImmediateOops: 0, NonImmediateOops: No
[1,192s][debug][gc,nmethod  ] Register NMethod: java.net.URL.getRef (0x00007a503ac07488) [0x00007a503ac07580, 0x00007a503ac07668] Compiler: c1, Barriers: 1, Oops: 0, ImmediateOops: 0, NonImmediateOops: No
[1,192s][debug][gc,nmethod  ] Register NMethod: java.net.URL.getPath (0x00007a503ac07788) [0x00007a503ac07880, 0x00007a503ac07968] Compiler: c1, Barriers: 1, Oops: 0, ImmediateOops: 0, NonImmediateOops: No
[1,192s][debug][gc,nmethod  ] Register NMethod: java.net.URL.getPort (0x00007a503ac07a88) [0x00007a503ac07b80, 0x00007a503ac07c40] Compiler: c1, Barriers: 0, Oops: 0, ImmediateOops: 0, NonImmediateOops: No
[1,192s][debug][gc,nmethod  ] Register NMethod: java.lang.CharacterDataLatin1.equalsIgnoreCase (0x00007a501b4c2b08) [0x00007a501b4c2c00, 0x00007a501b4c2e98] Compiler: c1, Barriers: 0, Oops: 0, ImmediateOops: 0, NonImmediateOops: No
[1,192s][debug][gc,nmethod  ] Register NMethod: java.net.URL.getQuery (0x00007a503ac07d88) [0x00007a503ac07e80, 0x00007a503ac07f68] Compiler: c1, Barriers: 1, Oops: 0, ImmediateOops: 0, NonImmediateOops: No
[1,192s][debug][gc,nmethod  ] Register NMethod: java.net.URL.getAuthority (0x00007a503ac08088) [0x00007a503ac08180, 0x00007a503ac08268] Compiler: c1, Barriers: 1, Oops: 0, ImmediateOops: 0, NonImmediateOops: No
[1,192s][debug][gc,nmethod  ] Register NMethod: jdk.internal.util.ArraysSupport.hashCodeOfUnsigned (0x00007a503ac08388) [0x00007a503ac08480, 0x00007a503ac085b0] Compiler: jvmci, Barriers: 0, Oops: 0, ImmediateOops: 0, NonImmediateOops: No
[1,192s][debug][gc,nmethod  ] Register NMethod: java.util.zip.Inflater.ensureOpen (0x00007a501b4c2f08) [0x00007a501b4c3000, 0x00007a501b4c3288] Compiler: c1, Barriers: 1, Oops: 0, ImmediateOops: 1, NonImmediateOops: No
[1,193s][debug][gc,nmethod  ] Register NMethod: java.lang.StringLatin1.regionMatchesCI (0x00007a501b4c3308) [0x00007a501b4c3400, 0x00007a501b4c36a0] Compiler: c1, Barriers: 0, Oops: 0, ImmediateOops: 0, NonImmediateOops: No
[1,193s][debug][gc,nmethod  ] Register NMethod: java.util.jar.JarFile.checkForSpecialAttributes (0x00007a501b4c3708) [0x00007a501b4c3800, 0x00007a501b4c4de0] Compiler: c1, Barriers: 13, Oops: 1, ImmediateOops: 8, NonImmediateOops: No
[1,193s][debug][gc,nmethod  ] Register NMethod: java.lang.String.regionMatches (0x00007a501b4c4e08) [0x00007a501b4c4f00, 0x00007a501b4c62f8] Compiler: c1, Barriers: 2, Oops: 0, ImmediateOops: 0, NonImmediateOops: No
[1,193s][debug][gc,nmethod  ] Register NMethod: java.util.zip.ZipFile$Source.readFullyAt (0x00007a501b4c6308) [0x00007a501b4c6400, 0x00007a501b4c6c98] Compiler: c1, Barriers: 3, Oops: 0, ImmediateOops: 1, NonImmediateOops: No
[1,193s][debug][gc,nmethod  ] Register NMethod: java.lang.ClassLoader.findLoadedClass (0x00007a501b4c6d08) [0x00007a501b4c6e00, 0x00007a501b4c6fd0] Compiler: c1, Barriers: 0, Oops: 0, ImmediateOops: 0, NonImmediateOops: No
[1,193s][debug][gc,nmethod  ] Register NMethod: java.lang.ClassLoader.getClassLoadingLock (0x00007a501b4c7008) [0x00007a501b4c7100, 0x00007a501b4c75d0] Compiler: c1, Barriers: 1, Oops: 0, ImmediateOops: 0, NonImmediateOops: No
[1,194s][debug][gc,nmethod  ] Register NMethod: java.security.CodeSource.getLocation (0x00007a503ac08688) [0x00007a503ac08780, 0x00007a503ac08868] Compiler: c1, Barriers: 1, Oops: 0, ImmediateOops: 0, NonImmediateOops: No
[1,194s][debug][gc,nmethod  ] Register NMethod: jdk.internal.perf.PerfCounter.get (0x00007a501b4c7608) [0x00007a501b4c7700, 0x00007a501b4c79e0] Compiler: c1, Barriers: 1, Oops: 0, ImmediateOops: 0, NonImmediateOops: No
[1,194s][debug][gc,nmethod  ] Register NMethod: java.util.ArrayDeque.addLast (0x00007a501b4c7a08) [0x00007a501b4c7b00, 0x00007a501b4c80e0] Compiler: c1, Barriers: 4, Oops: 0, ImmediateOops: 0, NonImmediateOops: No
[1,194s][debug][gc,nmethod  ] Register NMethod: jdk.internal.perf.PerfCounter.add (0x00007a501b4c8108) [0x00007a501b4c8200, 0x00007a501b4c8760] Compiler: c1, Barriers: 2, Oops: 0, ImmediateOops: 0, NonImmediateOops: No
[1,194s][debug][gc,nmethod  ] Register NMethod: jdk.internal.misc.ScopedMemoryAccess.getLongInternal (0x00007a501b4c8788) [0x00007a501b4c8880, 0x00007a501b4c8ad0] Compiler: c1, Barriers: 0, Oops: 0, ImmediateOops: 0, NonImmediateOops: No
[1,194s][debug][gc,nmethod  ] Register NMethod: jdk.internal.misc.ScopedMemoryAccess.getLong (0x00007a501b4c8b08) [0x00007a501b4c8c00, 0x00007a501b4c8f10] Compiler: c1, Barriers: 0, Oops: 0, ImmediateOops: 0, NonImmediateOops: No
[1,194s][debug][gc,nmethod  ] Register NMethod: jdk.internal.misc.ScopedMemoryAccess.putLongInternal (0x00007a501b4c8f88) [0x00007a501b4c9080, 0x00007a501b4c92e0] Compiler: c1, Barriers: 0, Oops: 0, ImmediateOops: 0, NonImmediateOops: No
[1,194s][debug][gc,nmethod  ] Register NMethod: jdk.internal.misc.ScopedMemoryAccess.putLong (0x00007a501b4c9308) [0x00007a501b4c9400, 0x00007a501b4c9750] Compiler: c1, Barriers: 0, Oops: 0, ImmediateOops: 0, NonImmediateOops: No
[1,194s][debug][gc,nmethod  ] Register NMethod: java.nio.DirectLongBufferU.put (0x00007a501b4c9788) [0x00007a501b4c9880, 0x00007a501b4ca6c0] Compiler: c1, Barriers: 1, Oops: 2, ImmediateOops: 2, NonImmediateOops: No
[1,194s][debug][gc,nmethod  ] Register NMethod: java.nio.DirectLongBufferU.get (0x00007a501b4ca708) [0x00007a501b4ca800, 0x00007a501b4cb5f0] Compiler: c1, Barriers: 1, Oops: 2, ImmediateOops: 2, NonImmediateOops: No
[1,195s][debug][gc,director ] Rule Major: Warmup 10%, Used: 16MB, UsedThreshold: 1228MB
[1,195s][debug][gc,nmethod  ] Register NMethod: jdk.internal.misc.Unsafe.putReferenceRelease (0x00007a503ac08988) [0x00007a503ac08a80, 0x00007a503ac08b70] Compiler: jvmci, Barriers: 3, Oops: 0, ImmediateOops: 0, NonImmediateOops: No
[1,195s][debug][gc,nmethod  ] Register NMethod: java.lang.ClassLoader.loadClass (0x00007a501b4cb608) [0x00007a501b4cb700, 0x00007a501b4cba08] Compiler: c1, Barriers: 0, Oops: 0, ImmediateOops: 0, NonImmediateOops: No
[1,195s][debug][gc,nmethod  ] Register NMethod: java.util.ArrayDeque.add (0x00007a501b4cba88) [0x00007a501b4cbb80, 0x00007a501b4cbcd0] Compiler: c1, Barriers: 0, Oops: 0, ImmediateOops: 0, NonImmediateOops: No
[1,195s][debug][gc,nmethod  ] Register NMethod: java.util.Arrays.rangeCheck (0x00007a501b4cbd88) [0x00007a501b4cbe80, 0x00007a501b4cd468] Compiler: c1, Barriers: 0, Oops: 3, ImmediateOops: 4, NonImmediateOops: No
[1,196s][debug][gc,nmethod  ] Register NMethod: java.lang.ref.PhantomReference.clear0 (0x00007a503ac08c88) [0x00007a503ac08d80, 0x00007a503ac08ec8] Compiler: , Barriers: 0, Oops: 0, ImmediateOops: 0, NonImmediateOops: No
[1,196s][debug][gc,nmethod  ] Register NMethod: java.io.InputStream.<init> (0x00007a501b4cd488) [0x00007a501b4cd580, 0x00007a501b4cd6d8] Compiler: c1, Barriers: 0, Oops: 0, ImmediateOops: 0, NonImmediateOops: No
[1,197s][debug][gc,nmethod  ] Register NMethod: java.util.zip.Inflater.hasPendingOutput (0x00007a503ac08f88) [0x00007a503ac09080, 0x00007a503ac09140] Compiler: c1, Barriers: 0, Oops: 0, ImmediateOops: 0, NonImmediateOops: No
[1,197s][debug][gc,nmethod  ] Register NMethod: java.util.zip.Inflater.reset (0x00007a503ac09288) [0x00007a503ac09380, 0x00007a503ac094d0] Compiler: , Barriers: 0, Oops: 0, ImmediateOops: 1, NonImmediateOops: No
[1,197s][debug][gc,nmethod  ] Register NMethod: java.util.Collections$SetFromMap.remove (0x00007a501b4cd788) [0x00007a501b4cd880, 0x00007a501b4cdc10] Compiler: c1, Barriers: 1, Oops: 0, ImmediateOops: 0, NonImmediateOops: No
[1,197s][debug][gc,nmethod  ] Register NMethod: java.util.zip.ZipFile$ZipFileInputStream.close (0x00007a501b4cdc88) [0x00007a501b4cdd80, 0x00007a501b4ce3c8] Compiler: c1, Barriers: 6, Oops: 0, ImmediateOops: 0, NonImmediateOops: No
[1,197s][debug][gc,nmethod  ] Register NMethod: java.util.WeakHashMap.remove (0x00007a501b4ce408) [0x00007a501b4ce500, 0x00007a501b4cf910] Compiler: c1, Barriers: 12, Oops: 0, ImmediateOops: 1, NonImmediateOops: No
[1,197s][debug][gc,nmethod  ] Register NMethod: java.lang.StringConcatHelper.checkOverflow (0x00007a501b4cf988) [0x00007a501b4cfa80, 0x00007a501b4cfc58] Compiler: c1, Barriers: 0, Oops: 0, ImmediateOops: 1, NonImmediateOops: No
[1,197s][debug][gc,nmethod  ] Register NMethod: java.lang.Throwable.fillInStackTrace (0x00007a503ac09588) [0x00007a503ac09680, 0x00007a503ac099a0] Compiler: , Barriers: 0, Oops: 0, ImmediateOops: 0, NonImmediateOops: No
[1,197s][debug][gc,nmethod  ] Register NMethod: java.lang.String.concat (0x00007a501b4cfc88) [0x00007a501b4cfd80, 0x00007a501b4d2080] Compiler: c1, Barriers: 6, Oops: 0, ImmediateOops: 4, NonImmediateOops: No
[1,197s][debug][gc,nmethod  ] Register NMethod: java.lang.StringConcatHelper.doConcat (0x00007a501b4d2088) [0x00007a501b4d2180, 0x00007a501b4d4120] Compiler: c1, Barriers: 6, Oops: 0, ImmediateOops: 4, NonImmediateOops: No
[1,197s][debug][gc,nmethod  ] Register NMethod: sun.net.util.IPAddressUtil.checkHostString (0x00007a501b4d4188) [0x00007a501b4d4280, 0x00007a501b4d4480] Compiler: c1, Barriers: 0, Oops: 0, ImmediateOops: 0, NonImmediateOops: No
[1,197s][debug][gc,nmethod  ] Register NMethod: java.net.URL.isBuiltinStreamHandler (0x00007a501b4d4488) [0x00007a501b4d4580, 0x00007a501b4d4ab0] Compiler: c1, Barriers: 0, Oops: 1, ImmediateOops: 1, NonImmediateOops: No
[1,197s][debug][gc,nmethod  ] Register NMethod: java.net.URL.isBuiltinStreamHandler (0x00007a501b4d4b08) [0x00007a501b4d4c00, 0x00007a501b4d5ae8] Compiler: c1, Barriers: 3, Oops: 1, ImmediateOops: 2, NonImmediateOops: No
[1,198s][debug][gc,nmethod  ] Register NMethod: java.util.jar.JarFile.maybeInstantiateVerifier (0x00007a501b4d5b08) [0x00007a501b4d5c00, 0x00007a501b4d60d0] Compiler: c1, Barriers: 1, Oops: 0, ImmediateOops: 1, NonImmediateOops: No
[1,198s][debug][gc,nmethod  ] Register NMethod: sun.net.util.IPAddressUtil.scan (0x00007a501b4d6108) [0x00007a501b4d6200, 0x00007a501b4d7458] Compiler: c1, Barriers: 3, Oops: 1, ImmediateOops: 2, NonImmediateOops: No
[1,198s][debug][gc,nmethod  ] Register NMethod: sun.net.util.IPAddressUtil.checkHost (0x00007a501b4d7488) [0x00007a501b4d7580, 0x00007a501b4dc368] Compiler: c1, Barriers: 7, Oops: 5, ImmediateOops: 13, NonImmediateOops: No
[1,198s][debug][gc,nmethod  ] Register NMethod: java.util.ArrayDeque.elementAt (0x00007a501b4dc408) [0x00007a501b4dc500, 0x00007a501b4dc638] Compiler: c1, Barriers: 1, Oops: 0, ImmediateOops: 0, NonImmediateOops: No
[1,198s][debug][gc,nmethod  ] Register NMethod: java.lang.ref.PhantomReference.<init> (0x00007a501b4dc708) [0x00007a501b4dc800, 0x00007a501b4dcaf0] Compiler: c1, Barriers: 6, Oops: 0, ImmediateOops: 1, NonImmediateOops: No
[1,198s][debug][gc,nmethod  ] Register NMethod: jdk.internal.ref.CleanerFactory.cleaner (0x00007a501b4dcb08) [0x00007a501b4dcc00, 0x00007a501b4dcce8] Compiler: c1, Barriers: 0, Oops: 0, ImmediateOops: 1, NonImmediateOops: No
[1,198s][debug][gc,nmethod  ] Register NMethod: java.net.URLStreamHandler.getDefaultPort (0x00007a503ac09a08) [0x00007a503ac09b00, 0x00007a503ac09bc0] Compiler: c1, Barriers: 0, Oops: 0, ImmediateOops: 0, NonImmediateOops: No
[1,198s][debug][gc,nmethod  ] Register NMethod: java.util.zip.ZipEntry.getSize (0x00007a503ac09d08) [0x00007a503ac09e00, 0x00007a503ac09ec0] Compiler: c1, Barriers: 0, Oops: 0, ImmediateOops: 0, NonImmediateOops: No
[1,198s][debug][gc,nmethod  ] Register NMethod: jdk.internal.ref.CleanerImpl$CleanableList.insert (0x00007a501b4dce08) [0x00007a501b4dcf00, 0x00007a501b4dd980] Compiler: c1, Barriers: 22, Oops: 0, ImmediateOops: 0, NonImmediateOops: No
[1,198s][debug][gc,nmethod  ] Register NMethod: jdk.internal.ref.PhantomCleanable.<init> (0x00007a501b4dd988) [0x00007a501b4dda80, 0x00007a501b4dec70] Compiler: c1, Barriers: 13, Oops: 0, ImmediateOops: 3, NonImmediateOops: No
[1,199s][debug][gc,nmethod  ] Register NMethod: java.lang.String.indexOf (0x00007a501b4dec88) [0x00007a501b4ded80, 0x00007a501b4df738] Compiler: c1, Barriers: 2, Oops: 0, ImmediateOops: 0, NonImmediateOops: No
[1,199s][debug][gc,nmethod  ] Register NMethod: java.lang.NamedPackage.module (0x00007a503ac0a008) [0x00007a503ac0a100, 0x00007a503ac0a1e8] Compiler: c1, Barriers: 1, Oops: 0, ImmediateOops: 0, NonImmediateOops: No
[1,200s][debug][gc,nmethod  ] Register NMethod: java.util.LinkedHashMap.get (0x00007a501b4df788) [0x00007a501b4df880, 0x00007a501b4dfc98] Compiler: c1, Barriers: 1, Oops: 0, ImmediateOops: 0, NonImmediateOops: No
[1,200s][debug][gc,nmethod  ] Register NMethod: java.util.zip.InflaterInputStream.ensureOpen (0x00007a501b4dfd08) [0x00007a501b4dfe00, 0x00007a501b4e0008] Compiler: c1, Barriers: 0, Oops: 0, ImmediateOops: 1, NonImmediateOops: No
[1,200s][debug][gc,nmethod  ] Register NMethod: java.util.zip.Inflater.finished (0x00007a501b4e0088) [0x00007a501b4e0180, 0x00007a501b4e0430] Compiler: c1, Barriers: 1, Oops: 0, ImmediateOops: 0, NonImmediateOops: No
[1,200s][debug][gc,nmethod  ] Register NMethod: java.lang.String.<init> (0x00007a501b4e0488) [0x00007a501b4e0580, 0x00007a501b4e09b8] Compiler: c1, Barriers: 0, Oops: 1, ImmediateOops: 1, NonImmediateOops: No
[1,200s][debug][gc,nmethod  ] Register NMethod: java.util.zip.InflaterInputStream.read (0x00007a501b4e0a08) [0x00007a501b4e0b00, 0x00007a501b4e1b88] Compiler: c1, Barriers: 7, Oops: 0, ImmediateOops: 2, NonImmediateOops: No
[1,201s][debug][gc,nmethod  ] Register NMethod: java.lang.StringLatin1.lastIndexOf (0x00007a503ac0a308) [0x00007a503ac0a400, 0x00007a503ac0a670] Compiler: jvmci, Barriers: 0, Oops: 0, ImmediateOops: 0, NonImmediateOops: No
[1,201s][debug][gc,nmethod  ] Register NMethod: java.lang.String.<init> (0x00007a501b4e1c08) [0x00007a501b4e1d00, 0x00007a501b4e5b70] Compiler: c1, Barriers: 45, Oops: 1, ImmediateOops: 12, NonImmediateOops: No
[1,202s][debug][gc,nmethod  ] Register NMethod: java.lang.reflect.Array.newArray (0x00007a503ac0a688) [0x00007a503ac0a780, 0x00007a503ac0aab8] Compiler: , Barriers: 0, Oops: 0, ImmediateOops: 1, NonImmediateOops: No
[1,202s][debug][gc,nmethod  ] Register NMethod: jdk.internal.classfile.impl.AbstractDirectBuilder.setOriginal (0x00007a503ac0ab08) [0x00007a503ac0ac00, 0x00007a503ac0ad30] Compiler: c1, Barriers: 3, Oops: 0, ImmediateOops: 0, NonImmediateOops: No
[1,202s][debug][gc,nmethod  ] Register NMethod: java.lang.CharacterDataLatin1.getProperties (0x00007a501b4e5b88) [0x00007a501b4e5c80, 0x00007a501b4e5db0] Compiler: c1, Barriers: 0, Oops: 0, ImmediateOops: 1, NonImmediateOops: No
[1,202s][debug][gc,nmethod  ] Register NMethod: java.lang.CharacterData.of (0x00007a501b4e5e88) [0x00007a501b4e5f80, 0x00007a501b4e66c0] Compiler: c1, Barriers: 7, Oops: 0, ImmediateOops: 1, NonImmediateOops: No
[1,202s][debug][gc,nmethod  ] Register NMethod: java.lang.Integer.numberOfLeadingZeros (0x00007a501b4e6708) [0x00007a501b4e6800, 0x00007a501b4e6a80] Compiler: c1, Barriers: 0, Oops: 0, ImmediateOops: 0, NonImmediateOops: No
[1,203s][debug][gc,nmethod  ] Register NMethod: jdk.internal.constant.ClassOrInterfaceDescImpl.<init> (0x00007a501b4e6a88) [0x00007a501b4e6b80, 0x00007a501b4e6d50] Compiler: c1, Barriers: 3, Oops: 0, ImmediateOops: 0, NonImmediateOops: No
[1,203s][debug][gc,nmethod  ] Register NMethod: jdk.internal.constant.ClassOrInterfaceDescImpl.ofValidated (0x00007a501b4e6d88) [0x00007a501b4e6e80, 0x00007a501b4e7108] Compiler: c1, Barriers: 3, Oops: 0, ImmediateOops: 0, NonImmediateOops: No
[1,203s][debug][gc,nmethod  ] Register NMethod: jdk.internal.classfile.impl.DirectMethodBuilder.methodFlags (0x00007a503ac0ae08) [0x00007a503ac0af00, 0x00007a503ac0afc0] Compiler: c1, Barriers: 0, Oops: 0, ImmediateOops: 0, NonImmediateOops: No
[1,203s][debug][gc,nmethod  ] Register NMethod: jdk.internal.classfile.impl.DirectMethodBuilder.methodType (0x00007a503ac0b108) [0x00007a503ac0b200, 0x00007a503ac0b2e8] Compiler: c1, Barriers: 1, Oops: 0, ImmediateOops: 0, NonImmediateOops: No
[1,204s][debug][gc,nmethod  ] Register NMethod: jdk.internal.classfile.impl.SplitConstantPool.utf8Entry (0x00007a501b4e7188) [0x00007a501b4e7280, 0x00007a501b4e7578] Compiler: c1, Barriers: 0, Oops: 0, ImmediateOops: 0, NonImmediateOops: No
[1,204s][debug][gc,nmethod  ] Register NMethod: java.lang.String.toString (0x00007a501b4e7588) [0x00007a501b4e7680, 0x00007a501b4e7780] Compiler: c1, Barriers: 0, Oops: 0, ImmediateOops: 0, NonImmediateOops: No
[1,205s][debug][gc,nmethod  ] Register NMethod: jdk.internal.classfile.impl.AbstractPoolEntry$Utf8EntryImpl.tag (0x00007a503ac0b408) [0x00007a503ac0b500, 0x00007a503ac0b5c0] Compiler: c1, Barriers: 0, Oops: 0, ImmediateOops: 0, NonImmediateOops: No
[1,205s][debug][gc,director ] Rule Major: Warmup 10%, Used: 16MB, UsedThreshold: 1228MB
[1,205s][debug][gc,nmethod  ] Register NMethod: jdk.internal.classfile.impl.BufWriterImpl.writeU1U2 (0x00007a501b4e7888) [0x00007a501b4e7980, 0x00007a501b4e7e18] Compiler: c1, Barriers: 2, Oops: 0, ImmediateOops: 0, NonImmediateOops: No
[1,205s][debug][gc,nmethod  ] Register NMethod: java.util.HashMap.getNode (0x00007a503ac0b708) [0x00007a503ac0b800, 0x00007a503ac0bfc8] Compiler: jvmci, Barriers: 11, Oops: 0, ImmediateOops: 0, NonImmediateOops: No
[1,205s][debug][gc,nmethod  ] Register NMethod: java.lang.constant.ClassDesc.isPrimitive (0x00007a503ac0c008) [0x00007a503ac0c100, 0x00007a503ac0c1c0] Compiler: c1, Barriers: 0, Oops: 0, ImmediateOops: 0, NonImmediateOops: No
[1,205s][debug][gc,nmethod  ] Register NMethod: java.util.AbstractList.<init> (0x00007a501b4e7e88) [0x00007a501b4e7f80, 0x00007a501b4e8140] Compiler: c1, Barriers: 0, Oops: 0, ImmediateOops: 0, NonImmediateOops: No
[1,206s][debug][gc,nmethod  ] Register NMethod: java.lang.StringConcatHelper.stringOf (0x00007a501b4e8188) [0x00007a501b4e8280, 0x00007a501b4e85d8] Compiler: c1, Barriers: 0, Oops: 0, ImmediateOops: 1, NonImmediateOops: No
[1,206s][debug][gc,nmethod  ] Register NMethod: jdk.internal.classfile.impl.SplitConstantPool.maybeCloneUtf8Entry (0x00007a501b4e8608) [0x00007a501b4e8700, 0x00007a501b4e97a0] Compiler: c1, Barriers: 4, Oops: 0, ImmediateOops: 2, NonImmediateOops: No
[1,206s][debug][gc,nmethod  ] Register NMethod: java.lang.StringConcatHelper.concat0 (0x00007a501b4e9808) [0x00007a501b4e9900, 0x00007a501b4ebae8] Compiler: c1, Barriers: 6, Oops: 0, ImmediateOops: 3, NonImmediateOops: No
[1,206s][debug][gc,nmethod  ] Register NMethod: jdk.internal.classfile.impl.AbstractElement.<init> (0x00007a501b4ebb08) [0x00007a501b4ebc00, 0x00007a501b4ebd58] Compiler: c1, Barriers: 0, Oops: 0, ImmediateOops: 0, NonImmediateOops: No
[1,206s][debug][gc,nmethod  ] Register NMethod: java.lang.StringConcatHelper.newArrayWithSuffix (0x00007a501b4ebe08) [0x00007a501b4ebf00, 0x00007a501b4ece50] Compiler: c1, Barriers: 1, Oops: 0, ImmediateOops: 3, NonImmediateOops: No
[1,206s][debug][gc,nmethod  ] Register NMethod: java.lang.StringConcatHelper.concat (0x00007a501b4ece88) [0x00007a501b4ecf80, 0x00007a501b4ef528] Compiler: c1, Barriers: 6, Oops: 0, ImmediateOops: 6, NonImmediateOops: No
[1,206s][debug][gc,nmethod  ] Register NMethod: java.lang.StringConcatHelper.prepend (0x00007a501b4ef588) [0x00007a501b4ef680, 0x00007a501b4f0dd0] Compiler: c1, Barriers: 3, Oops: 0, ImmediateOops: 0, NonImmediateOops: No
[1,206s][debug][gc,nmethod  ] Register NMethod: jdk.internal.classfile.impl.AbstractPoolEntry$Utf8EntryImpl.stringValue (0x00007a501b4f0e08) [0x00007a501b4f0f00, 0x00007a501b4f11f8] Compiler: c1, Barriers: 0, Oops: 0, ImmediateOops: 0, NonImmediateOops: No
[1,206s][debug][gc,nmethod  ] Register NMethod: java.util.Arrays.copyOf (0x00007a501b4f1208) [0x00007a501b4f1300, 0x00007a501b4f1620] Compiler: c1, Barriers: 1, Oops: 0, ImmediateOops: 0, NonImmediateOops: No
[1,206s][debug][gc,nmethod  ] Register NMethod: jdk.internal.classfile.impl.StackMapGenerator$Type.<init> (0x00007a501b4f1688) [0x00007a501b4f1780, 0x00007a501b4f19b8] Compiler: c1, Barriers: 3, Oops: 0, ImmediateOops: 0, NonImmediateOops: No
[1,206s][debug][gc,nmethod  ] Register NMethod: jdk.internal.classfile.impl.AbstractPoolEntry$Utf8EntryImpl.toString (0x00007a501b4f1a08) [0x00007a501b4f1b00, 0x00007a501b4f2048] Compiler: c1, Barriers: 11, Oops: 0, ImmediateOops: 5, NonImmediateOops: No
[1,207s][debug][gc,nmethod  ] Register NMethod: jdk.internal.constant.MethodTypeDescImpl.parameterType (0x00007a501b4f2088) [0x00007a501b4f2180, 0x00007a501b4f2308] Compiler: c1, Barriers: 2, Oops: 0, ImmediateOops: 0, NonImmediateOops: No
[1,207s][debug][gc,nmethod  ] Register NMethod: jdk.internal.classfile.impl.AbstractPoolEntry$ClassEntryImpl.hashCode (0x00007a501b4f2388) [0x00007a501b4f2480, 0x00007a501b4f3378] Compiler: c1, Barriers: 4, Oops: 0, ImmediateOops: 2, NonImmediateOops: No
[1,207s][debug][gc,nmethod  ] Register NMethod: sun.invoke.util.VerifyAccess.ensureTypeVisible (0x00007a501b4f3388) [0x00007a501b4f3480, 0x00007a501b4f4610] Compiler: c1, Barriers: 4, Oops: 0, ImmediateOops: 1, NonImmediateOops: No
[1,208s][debug][gc,nmethod  ] Register NMethod: jdk.internal.classfile.impl.SplitConstantPool.findEntry (0x00007a501b4f4688) [0x00007a501b4f4780, 0x00007a501b4f5e88] Compiler: c1, Barriers: 3, Oops: 0, ImmediateOops: 0, NonImmediateOops: No
[1,208s][debug][gc,nmethod  ] Register NMethod: jdk.internal.classfile.impl.BufWriterImpl.writeU1 (0x00007a501b4f5f08) [0x00007a501b4f6000, 0x00007a501b4f6448] Compiler: c1, Barriers: 2, Oops: 0, ImmediateOops: 0, NonImmediateOops: No
[1,209s][debug][gc,nmethod  ] Register NMethod: java.lang.invoke.MethodTypeForm.basicType (0x00007a503ac0c308) [0x00007a503ac0c400, 0x00007a503ac0c4e8] Compiler: c1, Barriers: 1, Oops: 0, ImmediateOops: 0, NonImmediateOops: No
[1,209s][debug][gc,nmethod  ] Register NMethod: jdk.internal.classfile.impl.StackMapGenerator$Frame.checkStack (0x00007a501b4f6488) [0x00007a501b4f6580, 0x00007a501b4f71c8] Compiler: c1, Barriers: 11, Oops: 1, ImmediateOops: 2, NonImmediateOops: No
[1,209s][debug][gc,nmethod  ] Register NMethod: java.lang.invoke.MethodType.equals (0x00007a501b4f7208) [0x00007a501b4f7300, 0x00007a501b4f7aa0] Compiler: c1, Barriers: 4, Oops: 0, ImmediateOops: 0, NonImmediateOops: No
[1,209s][debug][gc,nmethod  ] Register NMethod: java.lang.reflect.Modifier.isProtected (0x00007a501b4f7b08) [0x00007a501b4f7c00, 0x00007a501b4f7d30] Compiler: c1, Barriers: 0, Oops: 0, ImmediateOops: 0, NonImmediateOops: No
[1,210s][debug][gc,nmethod  ] Register NMethod: jdk.internal.classfile.impl.Util.methodTypeSymbol (0x00007a501b4f7e08) [0x00007a501b4f7f00, 0x00007a501b4f8dc0] Compiler: c1, Barriers: 4, Oops: 0, ImmediateOops: 0, NonImmediateOops: No
[1,210s][debug][gc,nmethod  ] Register NMethod: jdk.internal.classfile.impl.AbstractPoolEntry$Utf8EntryImpl.methodTypeSymbol (0x00007a501b4f8e08) [0x00007a501b4f8f00, 0x00007a501b4f99d0] Compiler: c1, Barriers: 4, Oops: 0, ImmediateOops: 0, NonImmediateOops: No
[1,210s][debug][gc,nmethod  ] Register NMethod: java.lang.Class.descriptorString (0x00007a501b4f9a08) [0x00007a501b4f9b00, 0x00007a501b501690] Compiler: c1, Barriers: 14, Oops: 3, ImmediateOops: 21, NonImmediateOops: No
[1,210s][debug][gc,nmethod  ] Register NMethod: jdk.internal.classfile.impl.AbstractPoolEntry$AbstractRefEntry.<init> (0x00007a501b501708) [0x00007a501b501800, 0x00007a501b501d58] Compiler: c1, Barriers: 6, Oops: 0, ImmediateOops: 0, NonImmediateOops: No
[1,210s][debug][gc,nmethod  ] Register NMethod: jdk.internal.classfile.impl.AbstractPoolEntry$NameAndTypeEntryImpl.tag (0x00007a503ac0c608) [0x00007a503ac0c700, 0x00007a503ac0c7c0] Compiler: c1, Barriers: 0, Oops: 0, ImmediateOops: 0, NonImmediateOops: No
[1,210s][debug][gc,nmethod  ] Register NMethod: jdk.internal.classfile.impl.Util.parameterSlots (0x00007a501b501d88) [0x00007a501b501e80, 0x00007a501b502310] Compiler: c1, Barriers: 3, Oops: 0, ImmediateOops: 2, NonImmediateOops: No
[1,211s][debug][gc,nmethod  ] Register NMethod: jdk.internal.classfile.impl.AbstractPoolEntry$AbstractNamedEntry.<init> (0x00007a501b502388) [0x00007a501b502480, 0x00007a501b5025b0] Compiler: c1, Barriers: 0, Oops: 0, ImmediateOops: 0, NonImmediateOops: No
[1,211s][debug][gc,nmethod  ] Register NMethod: jdk.internal.classfile.impl.AbstractPoolEntry$AbstractRefsEntry.<init> (0x00007a501b502688) [0x00007a501b502780, 0x00007a501b502f80] Compiler: c1, Barriers: 9, Oops: 0, ImmediateOops: 0, NonImmediateOops: No
[1,211s][debug][gc,nmethod  ] Register NMethod: java.lang.invoke.MethodType.checkPtypes (0x00007a501b502f88) [0x00007a501b503080, 0x00007a501b504258] Compiler: c1, Barriers: 1, Oops: 2, ImmediateOops: 6, NonImmediateOops: No
[1,212s][debug][gc,nmethod  ] Register NMethod: jdk.internal.classfile.impl.LabelImpl.getBCI (0x00007a503ac0c908) [0x00007a503ac0ca00, 0x00007a503ac0cac0] Compiler: c1, Barriers: 0, Oops: 0, ImmediateOops: 0, NonImmediateOops: No
[1,212s][debug][gc,nmethod  ] Register NMethod: jdk.internal.classfile.impl.LabelImpl.labelContext (0x00007a503ac0cc08) [0x00007a503ac0cd00, 0x00007a503ac0cde8] Compiler: c1, Barriers: 1, Oops: 0, ImmediateOops: 0, NonImmediateOops: No
[1,212s][debug][gc,nmethod  ] Register NMethod: java.util.ArrayDeque.poll (0x00007a501b504288) [0x00007a501b504380, 0x00007a501b5044c8] Compiler: c1, Barriers: 0, Oops: 0, ImmediateOops: 0, NonImmediateOops: No
[1,212s][debug][gc,nmethod  ] Register NMethod: jdk.internal.misc.Unsafe.getChar (0x00007a503ac0cf08) [0x00007a503ac0d000, 0x00007a503ac0d168] Compiler: , Barriers: 0, Oops: 0, ImmediateOops: 0, NonImmediateOops: No
[1,212s][debug][gc,nmethod  ] Register NMethod: jdk.internal.classfile.impl.RawBytecodeHelper.getU1Unchecked (0x00007a501b504588) [0x00007a501b504680, 0x00007a501b504870] Compiler: c1, Barriers: 2, Oops: 0, ImmediateOops: 0, NonImmediateOops: No
[1,212s][debug][gc,nmethod  ] Register NMethod: java.util.ArrayDeque.pollFirst (0x00007a501b504888) [0x00007a501b504980, 0x00007a501b504ee0] Compiler: c1, Barriers: 5, Oops: 0, ImmediateOops: 0, NonImmediateOops: No
[1,212s][debug][gc,nmethod  ] Register NMethod: jdk.internal.classfile.impl.AbstractPoolEntry$AbstractRefsEntry.writeTo (0x00007a501b504f08) [0x00007a501b505000, 0x00007a501b5059a0] Compiler: c1, Barriers: 2, Oops: 0, ImmediateOops: 0, NonImmediateOops: No
[1,212s][debug][gc,nmethod  ] Register NMethod: jdk.internal.classfile.impl.BufWriterImpl.writeU1U2U2 (0x00007a501b505a08) [0x00007a501b505b00, 0x00007a501b505ff8] Compiler: c1, Barriers: 2, Oops: 0, ImmediateOops: 0, NonImmediateOops: No
[1,212s][debug][gc,nmethod  ] Register NMethod: java.lang.invoke.MemberName.clone (0x00007a501b506008) [0x00007a501b506100, 0x00007a501b506570] Compiler: c1, Barriers: 0, Oops: 0, ImmediateOops: 0, NonImmediateOops: No
[1,214s][debug][gc,nmethod  ] Register NMethod: java.lang.Math.max (0x00007a501b506588) [0x00007a501b506680, 0x00007a501b5067a8] Compiler: c1, Barriers: 0, Oops: 0, ImmediateOops: 0, NonImmediateOops: No
[1,214s][debug][gc,nmethod  ] Register NMethod: java.lang.ref.Reference.refersToImpl (0x00007a501b506888) [0x00007a501b506980, 0x00007a501b506ab8] Compiler: c1, Barriers: 0, Oops: 0, ImmediateOops: 0, NonImmediateOops: No
[1,214s][debug][gc,nmethod  ] Register NMethod: jdk.internal.access.SharedSecrets.javaUtilJarAccess (0x00007a501b506b88) [0x00007a501b506c80, 0x00007a501b507360] Compiler: c1, Barriers: 2, Oops: 1, ImmediateOops: 4, NonImmediateOops: No
[1,215s][debug][gc,director ] Rule Major: Warmup 10%, Used: 18MB, UsedThreshold: 1228MB
[1,216s][debug][gc,nmethod  ] Register NMethod: java.lang.invoke.MethodHandle.linkToStatic (0x00007a503ac0d208) [0x00007a503ac0d300, 0x00007a503ac0d3f0] Compiler: , Barriers: 0, Oops: 0, ImmediateOops: 0, NonImmediateOops: No
[1,218s][debug][gc,nmethod  ] Register NMethod: jdk.internal.ref.CleanerImpl$PhantomCleanableRef.<init> (0x00007a501b507388) [0x00007a501b507480, 0x00007a501b507640] Compiler: c1, Barriers: 3, Oops: 0, ImmediateOops: 0, NonImmediateOops: No
[1,218s][debug][gc,nmethod  ] Register NMethod: java.lang.ref.Cleaner.register (0x00007a501b507688) [0x00007a501b507780, 0x00007a501b507c98] Compiler: c1, Barriers: 3, Oops: 2, ImmediateOops: 2, NonImmediateOops: No
[1,218s][debug][gc,nmethod  ] Register NMethod: java.nio.Buffer.limit (0x00007a503ac0d508) [0x00007a503ac0d600, 0x00007a503ac0d6c0] Compiler: c1, Barriers: 0, Oops: 0, ImmediateOops: 0, NonImmediateOops: No
[1,220s][debug][gc,nmethod  ] Register NMethod: java.lang.invoke.MemberName.getModifiers (0x00007a501b507d08) [0x00007a501b507e00, 0x00007a501b507f08] Compiler: c1, Barriers: 0, Oops: 0, ImmediateOops: 0, NonImmediateOops: No
[1,220s][debug][gc,nmethod  ] Register NMethod: java.util.Properties$LineReader.readLine (0x00007a501b508008) [0x00007a501b508100, 0x00007a501b50bb30] Compiler: c1, Barriers: 14, Oops: 0, ImmediateOops: 0, NonImmediateOops: No
[1,220s][debug][gc,nmethod  ] Register NMethod: sun.invoke.util.VerifyAccess.isSamePackage (0x00007a501b50bb88) [0x00007a501b50bc80, 0x00007a501b50c660] Compiler: c1, Barriers: 2, Oops: 0, ImmediateOops: 0, NonImmediateOops: No
[1,221s][debug][gc,nmethod  ] Register NMethod: jdk.internal.loader.URLClassPath$Loader.getBaseURL (0x00007a503ac0d808) [0x00007a503ac0d900, 0x00007a503ac0d9e8] Compiler: c1, Barriers: 1, Oops: 0, ImmediateOops: 0, NonImmediateOops: No
[1,221s][debug][gc,nmethod  ] Register NMethod: java.lang.ClassLoader.defineClass1 (0x00007a503ac0db08) [0x00007a503ac0dc00, 0x00007a503ac0df98] Compiler: , Barriers: 0, Oops: 0, ImmediateOops: 1, NonImmediateOops: No
[1,221s][debug][gc,nmethod  ] Register NMethod: java.util.zip.ZipEntry.getCrc (0x00007a503ac0e008) [0x00007a503ac0e100, 0x00007a503ac0e1c0] Compiler: c1, Barriers: 0, Oops: 0, ImmediateOops: 0, NonImmediateOops: No
[1,221s][debug][gc,nmethod  ] Register NMethod: jdk.internal.loader.Resource.cachedInputStream (0x00007a501b50c688) [0x00007a501b50c780, 0x00007a501b50cdf8] Compiler: c1, Barriers: 8, Oops: 0, ImmediateOops: 0, NonImmediateOops: No
[1,221s][debug][gc,nmethod  ] Register NMethod: jdk.internal.perf.PerfCounter.addElapsedTimeFrom (0x00007a501b50ce08) [0x00007a501b50cf00, 0x00007a501b50d088] Compiler: c1, Barriers: 0, Oops: 0, ImmediateOops: 0, NonImmediateOops: No
[1,221s][debug][gc,nmethod  ] Register NMethod: java.security.CodeSource.getCertificates (0x00007a501b50d108) [0x00007a501b50d200, 0x00007a501b50e3d8] Compiler: c1, Barriers: 10, Oops: 0, ImmediateOops: 1, NonImmediateOops: No
[1,222s][debug][gc,nmethod  ] Register NMethod: java.lang.invoke.MethodHandle.linkToSpecial (0x00007a503ac0e308) [0x00007a503ac0e400, 0x00007a503ac0e4f8] Compiler: , Barriers: 0, Oops: 0, ImmediateOops: 0, NonImmediateOops: No
[1,222s][debug][gc,nmethod  ] Register NMethod: jdk.internal.classfile.impl.UnboundAttribute.attributeMapper (0x00007a503ac0e608) [0x00007a503ac0e700, 0x00007a503ac0e7e8] Compiler: c1, Barriers: 1, Oops: 0, ImmediateOops: 0, NonImmediateOops: No
[1,222s][debug][gc,nmethod  ] Register NMethod: java.lang.invoke.MemberName.isConstructor (0x00007a501b50e408) [0x00007a501b50e500, 0x00007a501b50e6b8] Compiler: c1, Barriers: 0, Oops: 0, ImmediateOops: 0, NonImmediateOops: No
[1,222s][debug][gc,nmethod  ] Register NMethod: jdk.internal.classfile.impl.SplitConstantPool.classEntry (0x00007a501b50e708) [0x00007a501b50e800, 0x00007a501b5104b8] Compiler: c1, Barriers: 4, Oops: 1, ImmediateOops: 2, NonImmediateOops: No
[1,222s][debug][gc,nmethod  ] Register NMethod: java.lang.reflect.Modifier.isPublic (0x00007a501b510508) [0x00007a501b510600, 0x00007a501b510730] Compiler: c1, Barriers: 0, Oops: 0, ImmediateOops: 0, NonImmediateOops: No
[1,222s][debug][gc,nmethod  ] Register NMethod: java.lang.reflect.Modifier.isInterface (0x00007a501b510808) [0x00007a501b510900, 0x00007a501b510a30] Compiler: c1, Barriers: 0, Oops: 0, ImmediateOops: 0, NonImmediateOops: No
[1,222s][debug][gc,nmethod  ] Register NMethod: jdk.internal.classfile.impl.SplitConstantPool.tryFindClassOrInterface (0x00007a501b510b08) [0x00007a501b510c00, 0x00007a501b5137b8] Compiler: c1, Barriers: 12, Oops: 0, ImmediateOops: 0, NonImmediateOops: No
[1,222s][debug][gc,nmethod  ] Register NMethod: java.lang.Class.isInterface (0x00007a501b513808) [0x00007a501b513900, 0x00007a501b513ab8] Compiler: c1, Barriers: 0, Oops: 0, ImmediateOops: 0, NonImmediateOops: No
[1,222s][debug][gc,nmethod  ] Register NMethod: jdk.internal.classfile.impl.SplitConstantPool.classEntryForClassOrInterface (0x00007a501b513b08) [0x00007a501b513c00, 0x00007a501b516190] Compiler: c1, Barriers: 7, Oops: 0, ImmediateOops: 1, NonImmediateOops: No
[1,223s][debug][gc,nmethod  ] Register NMethod: java.lang.invoke.MethodTypeForm.canonicalizeAll (0x00007a501b516208) [0x00007a501b516300, 0x00007a501b516cb8] Compiler: c1, Barriers: 4, Oops: 0, ImmediateOops: 1, NonImmediateOops: No
[1,223s][debug][gc,nmethod  ] Register NMethod: java.lang.invoke.MethodTypeForm.parameterSlotCount (0x00007a503ac0e908) [0x00007a503ac0ea00, 0x00007a503ac0eac0] Compiler: c1, Barriers: 0, Oops: 0, ImmediateOops: 0, NonImmediateOops: No
[1,223s][debug][gc,nmethod  ] Register NMethod: jdk.internal.classfile.impl.AttributeHolder.<init> (0x00007a501b516d08) [0x00007a501b516e00, 0x00007a501b516fe0] Compiler: c1, Barriers: 3, Oops: 0, ImmediateOops: 1, NonImmediateOops: No
[1,223s][debug][gc,nmethod  ] Register NMethod: java.lang.classfile.Opcode.bytecode (0x00007a503ac0ec08) [0x00007a503ac0ed00, 0x00007a503ac0edc0] Compiler: c1, Barriers: 0, Oops: 0, ImmediateOops: 0, NonImmediateOops: No
[1,223s][debug][gc,nmethod  ] Register NMethod: jdk.internal.classfile.impl.AbstractDirectBuilder.<init> (0x00007a501b517008) [0x00007a501b517100, 0x00007a501b517550] Compiler: c1, Barriers: 12, Oops: 0, ImmediateOops: 1, NonImmediateOops: No
[1,223s][debug][gc,nmethod  ] Register NMethod: java.util.ArrayList.isEmpty (0x00007a501b517588) [0x00007a501b517680, 0x00007a501b5177d0] Compiler: c1, Barriers: 0, Oops: 0, ImmediateOops: 0, NonImmediateOops: No
[1,223s][debug][gc,nmethod  ] Register NMethod: java.lang.invoke.MethodHandles$Lookup.lookupClassOrNull (0x00007a501b517888) [0x00007a501b517980, 0x00007a501b517b20] Compiler: c1, Barriers: 1, Oops: 0, ImmediateOops: 0, NonImmediateOops: No
[1,223s][debug][gc,nmethod  ] Register NMethod: jdk.internal.constant.ConstantUtils.referenceClassDesc (0x00007a501b517b88) [0x00007a501b517c80, 0x00007a501b518660] Compiler: c1, Barriers: 2, Oops: 1, ImmediateOops: 2, NonImmediateOops: No
[1,223s][debug][gc,nmethod  ] Register NMethod: jdk.internal.classfile.impl.AttributeHolder.writeTo (0x00007a501b518688) [0x00007a501b518780, 0x00007a501b518f80] Compiler: c1, Barriers: 4, Oops: 0, ImmediateOops: 0, NonImmediateOops: No
[1,224s][debug][gc,nmethod  ] Register NMethod: jdk.internal.util.StrongReferenceKey.equals (0x00007a501b518f88) [0x00007a501b519080, 0x00007a501b519d08] Compiler: c1, Barriers: 1, Oops: 0, ImmediateOops: 0, NonImmediateOops: No
[1,224s][debug][gc,nmethod  ] Register NMethod: jdk.internal.jimage.ImageStringsReader.unmaskedHashCode (0x00007a501b519d88) [0x00007a501b519e80, 0x00007a501b51b080] Compiler: c1, Barriers: 3, Oops: 1, ImmediateOops: 2, NonImmediateOops: No
[1,225s][debug][gc,nmethod  ] Register NMethod: jdk.internal.jimage.ImageLocation.readValue (0x00007a501b51b108) [0x00007a501b51b200, 0x00007a501b51b6d0] Compiler: c1, Barriers: 0, Oops: 0, ImmediateOops: 1, NonImmediateOops: No
[1,225s][debug][gc,director ] Rule Major: Warmup 10%, Used: 18MB, UsedThreshold: 1228MB
[1,225s][debug][gc,nmethod  ] Register NMethod: java.nio.DirectByteBuffer.ix (0x00007a503ac0ef08) [0x00007a503ac0f000, 0x00007a503ac0f088] Compiler: jvmci, Barriers: 0, Oops: 0, ImmediateOops: 0, NonImmediateOops: No
[1,225s][debug][gc,nmethod  ] Register NMethod: java.io.FilterInputStream.<init> (0x00007a501b51b708) [0x00007a501b51b800, 0x00007a501b51ba38] Compiler: c1, Barriers: 3, Oops: 0, ImmediateOops: 0, NonImmediateOops: No
[1,225s][debug][gc,nmethod  ] Register NMethod: jdk.internal.misc.Unsafe.putByte (0x00007a503ac0f208) [0x00007a503ac0f300, 0x00007a503ac0f458] Compiler: , Barriers: 0, Oops: 0, ImmediateOops: 0, NonImmediateOops: No
[1,225s][debug][gc,nmethod  ] Register NMethod: sun.nio.fs.NativeBuffer.address (0x00007a503ac0f508) [0x00007a503ac0f600, 0x00007a503ac0f6c0] Compiler: c1, Barriers: 0, Oops: 0, ImmediateOops: 0, NonImmediateOops: No
[1,226s][debug][gc,nmethod  ] Register NMethod: java.lang.StringLatin1.indexOf (0x00007a501b51ba88) [0x00007a501b51bb80, 0x00007a501b51bd60] Compiler: c1, Barriers: 0, Oops: 0, ImmediateOops: 0, NonImmediateOops: No
[1,226s][debug][gc,nmethod  ] Register NMethod: java.lang.String.indexOf (0x00007a501b51bd88) [0x00007a501b51be80, 0x00007a501b51c980] Compiler: c1, Barriers: 6, Oops: 0, ImmediateOops: 0, NonImmediateOops: No
[1,226s][debug][gc,nmethod  ] Register NMethod: sun.nio.fs.UnixPath.checkNotNul (0x00007a503ac0f808) [0x00007a503ac0f900, 0x00007a503ac0f998] Compiler: jvmci, Barriers: 0, Oops: 0, ImmediateOops: 0, NonImmediateOops: No
[1,226s][debug][gc,nmethod  ] Register NMethod: java.lang.Long.hashCode (0x00007a501b51c988) [0x00007a501b51ca80, 0x00007a501b51cb70] Compiler: c1, Barriers: 0, Oops: 0, ImmediateOops: 0, NonImmediateOops: No
[1,226s][debug][gc,nmethod  ] Register NMethod: java.lang.String.equalsIgnoreCase (0x00007a501b51cc88) [0x00007a501b51cd80, 0x00007a501b51df08] Compiler: c1, Barriers: 2, Oops: 0, ImmediateOops: 0, NonImmediateOops: No
[1,226s][debug][gc,nmethod  ] Register NMethod: java.io.UnixFileSystem.normalize (0x00007a501b51df88) [0x00007a501b51e080, 0x00007a501b51f678] Compiler: c1, Barriers: 2, Oops: 1, ImmediateOops: 3, NonImmediateOops: No
[1,227s][debug][gc,nmethod  ] Register NMethod: java.util.zip.ZipFile.zipCoderFor (0x00007a503ac0fb08) [0x00007a503ac0fc00, 0x00007a503ac0fcc0] Compiler: jvmci, Barriers: 0, Oops: 0, ImmediateOops: 0, NonImmediateOops: No
[1,227s][debug][gc,nmethod  ] Register NMethod: java.lang.Thread.currentCarrierThread (0x00007a503ac0fe08) [0x00007a503ac0ff00, 0x00007a503ac10228] Compiler: , Barriers: 0, Oops: 0, ImmediateOops: 1, NonImmediateOops: No
[1,227s][debug][gc,nmethod  ] Register NMethod: java.util.jar.Manifest$FastInputStream.readLine (0x00007a501b51f688) [0x00007a501b51f780, 0x00007a501b51f8d8] Compiler: c1, Barriers: 0, Oops: 0, ImmediateOops: 0, NonImmediateOops: No
[1,227s][debug][gc,nmethod  ] Register NMethod: java.io.File.<init> (0x00007a501b51f988) [0x00007a501b51fa80, 0x00007a501b520310] Compiler: c1, Barriers: 6, Oops: 1, ImmediateOops: 2, NonImmediateOops: No
[1,228s][debug][gc,nmethod  ] Register NMethod: java.lang.ref.Reference.refersTo (0x00007a501b520388) [0x00007a501b520480, 0x00007a501b520780] Compiler: c1, Barriers: 0, Oops: 0, ImmediateOops: 0, NonImmediateOops: No
[1,228s][debug][gc,nmethod  ] Register NMethod: java.lang.String.isASCII (0x00007a501b520788) [0x00007a501b520880, 0x00007a501b520aa0] Compiler: c1, Barriers: 0, Oops: 0, ImmediateOops: 0, NonImmediateOops: No
[1,228s][debug][gc,nmethod  ] Register NMethod: java.lang.String.getBytesNoRepl (0x00007a501b520b08) [0x00007a501b520c00, 0x00007a501b521880] Compiler: c1, Barriers: 1, Oops: 0, ImmediateOops: 0, NonImmediateOops: No
[1,228s][debug][gc,nmethod  ] Register NMethod: java.lang.System$1.uncheckedGetBytesNoRepl (0x00007a501b521888) [0x00007a501b521980, 0x00007a501b522680] Compiler: c1, Barriers: 1, Oops: 0, ImmediateOops: 0, NonImmediateOops: No
[1,228s][debug][gc,nmethod  ] Register NMethod: java.util.zip.ZipUtils.LOCSIG (0x00007a501b522688) [0x00007a501b522780, 0x00007a501b522898] Compiler: c1, Barriers: 0, Oops: 0, ImmediateOops: 0, NonImmediateOops: No
[1,228s][debug][gc,nmethod  ] Register NMethod: worker.org.gradle.internal.stream.EncodedStream$EncodedInput.read (0x00007a503ac10288) [0x00007a503ac10380, 0x00007a503ac10bd0] Compiler: jvmci, Barriers: 4, Oops: 1, ImmediateOops: 1, NonImmediateOops: No
[1,228s][debug][gc,nmethod  ] Register NMethod: java.lang.String.getBytesNoRepl1 (0x00007a501b522988) [0x00007a501b522a80, 0x00007a501b5236d8] Compiler: c1, Barriers: 1, Oops: 0, ImmediateOops: 3, NonImmediateOops: No
[1,228s][debug][gc,nmethod  ] Register NMethod: java.util.jar.JarFile.match (0x00007a501b523708) [0x00007a501b523800, 0x00007a501b523d10] Compiler: c1, Barriers: 0, Oops: 0, ImmediateOops: 0, NonImmediateOops: No
[1,228s][debug][gc,nmethod  ] Register NMethod: java.lang.Math.abs (0x00007a501b523d88) [0x00007a501b523e80, 0x00007a501b523fd8] Compiler: c1, Barriers: 0, Oops: 0, ImmediateOops: 0, NonImmediateOops: No
[1,229s][debug][gc,nmethod  ] Register NMethod: sun.nio.fs.UnixPath.getFileSystem (0x00007a503ac10c08) [0x00007a503ac10d00, 0x00007a503ac10de8] Compiler: c1, Barriers: 1, Oops: 0, ImmediateOops: 0, NonImmediateOops: No
[1,229s][debug][gc,nmethod  ] Register NMethod: java.util.LinkedHashMap.newNode (0x00007a501b524088) [0x00007a501b524180, 0x00007a501b524368] Compiler: c1, Barriers: 0, Oops: 0, ImmediateOops: 0, NonImmediateOops: No
[1,229s][debug][gc,nmethod  ] Register NMethod: java.util.LinkedHashMap.afterNodeInsertion (0x00007a501b524388) [0x00007a501b524480, 0x00007a501b524688] Compiler: c1, Barriers: 1, Oops: 0, ImmediateOops: 0, NonImmediateOops: No
[1,229s][debug][gc,nmethod  ] Register NMethod: java.util.LinkedHashMap$Entry.<init> (0x00007a501b524708) [0x00007a501b524800, 0x00007a501b524b20] Compiler: c1, Barriers: 9, Oops: 0, ImmediateOops: 0, NonImmediateOops: No
[1,229s][debug][gc,nmethod  ] Register NMethod: java.util.LinkedHashMap.linkNodeAtEnd (0x00007a501b524b88) [0x00007a501b524c80, 0x00007a501b5252b8] Compiler: c1, Barriers: 26, Oops: 0, ImmediateOops: 0, NonImmediateOops: No
[1,231s][debug][gc,nmethod  ] Register NMethod: java.nio.charset.Charset.name (0x00007a503ac10f08) [0x00007a503ac11000, 0x00007a503ac110e8] Compiler: c1, Barriers: 1, Oops: 0, ImmediateOops: 0, NonImmediateOops: No
[1,231s][debug][gc,nmethod  ] Register NMethod: java.util.zip.ZipFile$Source.checkAndAddEntry (0x00007a503ac11208) [0x00007a503ac11300, 0x00007a503ac11e58] Compiler: jvmci, Barriers: 3, Oops: 0, ImmediateOops: 0, NonImmediateOops: No
[1,232s][debug][gc,nmethod  ] Register NMethod: java.util.zip.ZipFile$Source.nextEntryPos (0x00007a503ac11e88) [0x00007a503ac11f80, 0x00007a503ac120d0] Compiler: jvmci, Barriers: 1, Oops: 0, ImmediateOops: 0, NonImmediateOops: No
[1,232s][debug][gc,nmethod  ] Register NMethod: java.util.zip.ZipFile$Source.checkExtraFields (0x00007a501b525308) [0x00007a501b525400, 0x00007a501b526a90] Compiler: c1, Barriers: 15, Oops: 3, ImmediateOops: 5, NonImmediateOops: No
[1,233s][debug][gc,nmethod  ] Register NMethod: java.util.zip.ZipFile$Source.isMetaName (0x00007a503ac12188) [0x00007a503ac12280, 0x00007a503ac125b0] Compiler: jvmci, Barriers: 0, Oops: 0, ImmediateOops: 0, NonImmediateOops: No
[1,234s][debug][gc,nmethod  ] Register NMethod: java.util.zip.ZipCoder$UTF8ZipCoder.checkedHash (0x00007a503ac12608) [0x00007a503ac12700, 0x00007a503ac12910] Compiler: jvmci, Barriers: 0, Oops: 0, ImmediateOops: 0, NonImmediateOops: No
[1,234s][debug][gc,nmethod  ] Register NMethod: java.util.zip.ZipFile$Source.isMetaName (0x00007a501b526b08) [0x00007a501b526c00, 0x00007a501b527060] Compiler: c1, Barriers: 0, Oops: 0, ImmediateOops: 0, NonImmediateOops: No
[1,234s][debug][gc,nmethod  ] Register NMethod: java.lang.Math.max (0x00007a503ac12988) [0x00007a503ac12a80, 0x00007a503ac12ae8] Compiler: jvmci, Barriers: 0, Oops: 0, ImmediateOops: 0, NonImmediateOops: No
[1,235s][debug][gc,director ] Rule Major: Warmup 10%, Used: 52MB, UsedThreshold: 1228MB
[1,235s][debug][gc,nmethod  ] Register NMethod: java.lang.Runtime$Version.feature (0x00007a501b527088) [0x00007a501b527180, 0x00007a501b5278a0] Compiler: c1, Barriers: 1, Oops: 0, ImmediateOops: 0, NonImmediateOops: No
[1,236s][debug][gc,nmethod  ] Register NMethod: java.util.zip.ZipFile$Source.isManifestName (0x00007a501b527908) [0x00007a501b527a00, 0x00007a501b527f08] Compiler: c1, Barriers: 1, Oops: 0, ImmediateOops: 0, NonImmediateOops: No
[1,237s][debug][gc,nmethod  ] Register NMethod: java.lang.StringLatin1.indexOf (0x00007a503ac12c88) [0x00007a503ac12d80, 0x00007a503ac132d8] Compiler: jvmci, Barriers: 0, Oops: 0, ImmediateOops: 0, NonImmediateOops: No
[1,237s][debug][gc,nmethod  ] Register NMethod: sun.nio.fs.UnixPath.normalizeAndCheck (0x00007a501b527f88) [0x00007a501b528080, 0x00007a501b529378] Compiler: c1, Barriers: 3, Oops: 1, ImmediateOops: 3, NonImmediateOops: No
[1,237s][debug][gc,nmethod  ] Register NMethod: java.nio.DirectLongBufferU.ix (0x00007a503ac13308) [0x00007a503ac13400, 0x00007a503ac13490] Compiler: jvmci, Barriers: 0, Oops: 0, ImmediateOops: 0, NonImmediateOops: No
[1,237s][debug][gc,nmethod  ] Register NMethod: java.util.Collections$SetFromMap.add (0x00007a501b529388) [0x00007a501b529480, 0x00007a501b529818] Compiler: c1, Barriers: 1, Oops: 0, ImmediateOops: 1, NonImmediateOops: No
[1,238s][debug][gc,nmethod  ] Register NMethod: java.util.jar.Manifest$FastInputStream.peek (0x00007a501b529888) [0x00007a501b529980, 0x00007a501b529bb0] Compiler: c1, Barriers: 1, Oops: 0, ImmediateOops: 0, NonImmediateOops: No
[1,238s][debug][gc,nmethod  ] Register NMethod: java.util.Arrays.fill (0x00007a501b529c08) [0x00007a501b529d00, 0x00007a501b529e88] Compiler: c1, Barriers: 0, Oops: 0, ImmediateOops: 0, NonImmediateOops: No
[1,238s][debug][gc,nmethod  ] Register NMethod: java.util.WeakHashMap$Entry.<init> (0x00007a501b529f08) [0x00007a501b52a000, 0x00007a501b52a438] Compiler: c1, Barriers: 12, Oops: 0, ImmediateOops: 1, NonImmediateOops: No
[1,238s][debug][gc,nmethod  ] Register NMethod: java.util.WeakHashMap.put (0x00007a501b52a488) [0x00007a501b52a580, 0x00007a501b52bec0] Compiler: c1, Barriers: 26, Oops: 0, ImmediateOops: 2, NonImmediateOops: No
[1,238s][debug][gc,nmethod  ] Register NMethod: java.util.zip.Inflater.needsInput (0x00007a501b52bf08) [0x00007a501b52c000, 0x00007a501b52c628] Compiler: c1, Barriers: 2, Oops: 0, ImmediateOops: 0, NonImmediateOops: No
[1,238s][debug][gc,nmethod  ] Register NMethod: java.lang.ThreadLocal.getMap (0x00007a501b52c688) [0x00007a501b52c780, 0x00007a501b52cf70] Compiler: c1, Barriers: 3, Oops: 0, ImmediateOops: 0, NonImmediateOops: No
[1,238s][debug][gc,nmethod  ] Register NMethod: java.lang.Thread.terminatingThreadLocals (0x00007a501b52cf88) [0x00007a501b52d080, 0x00007a501b52d1e8] Compiler: c1, Barriers: 2, Oops: 0, ImmediateOops: 0, NonImmediateOops: No
[1,238s][debug][gc,nmethod  ] Register NMethod: java.util.jar.Attributes$Name.hash (0x00007a501b52d288) [0x00007a501b52d380, 0x00007a501b52e708] Compiler: c1, Barriers: 3, Oops: 2, ImmediateOops: 3, NonImmediateOops: No
[1,239s][debug][gc,nmethod  ] Register NMethod: java.io.ByteArrayOutputStream.write (0x00007a501b52e788) [0x00007a501b52e880, 0x00007a501b52edc0] Compiler: c1, Barriers: 1, Oops: 0, ImmediateOops: 0, NonImmediateOops: No
[1,239s][debug][gc,nmethod  ] Register NMethod: java.io.ByteArrayOutputStream.ensureCapacity (0x00007a501b52ee08) [0x00007a501b52ef00, 0x00007a501b52f2c8] Compiler: c1, Barriers: 4, Oops: 0, ImmediateOops: 0, NonImmediateOops: No
[1,239s][debug][gc,nmethod  ] Register NMethod: jdk.internal.misc.Unsafe.getIntUnaligned (0x00007a501b52f308) [0x00007a501b52f400, 0x00007a501b52f648] Compiler: c1, Barriers: 0, Oops: 0, ImmediateOops: 0, NonImmediateOops: No
[1,239s][debug][gc,nmethod  ] Register NMethod: java.util.jar.Attributes.putValue (0x00007a501b52f688) [0x00007a501b52f780, 0x00007a501b530618] Compiler: c1, Barriers: 4, Oops: 0, ImmediateOops: 1, NonImmediateOops: No
[1,239s][debug][gc,nmethod  ] Register NMethod: java.util.jar.Attributes$Name.of (0x00007a501b530688) [0x00007a501b530780, 0x00007a501b530ff8] Compiler: c1, Barriers: 4, Oops: 1, ImmediateOops: 3, NonImmediateOops: No
[1,239s][debug][gc,nmethod  ] Register NMethod: java.util.jar.Attributes.put (0x00007a501b531008) [0x00007a501b531100, 0x00007a501b531848] Compiler: c1, Barriers: 1, Oops: 0, ImmediateOops: 0, NonImmediateOops: No
[1,239s][debug][gc,nmethod  ] Register NMethod: jdk.internal.misc.CarrierThreadLocal.get (0x00007a501b531888) [0x00007a501b531980, 0x00007a501b531da0] Compiler: c1, Barriers: 1, Oops: 0, ImmediateOops: 1, NonImmediateOops: No
[1,239s][debug][gc,nmethod  ] Register NMethod: java.lang.System$1.getCarrierThreadLocal (0x00007a501b531e08) [0x00007a501b531f00, 0x00007a501b5322c0] Compiler: c1, Barriers: 1, Oops: 0, ImmediateOops: 0, NonImmediateOops: No
[1,239s][debug][gc,nmethod  ] Register NMethod: java.lang.ThreadLocal.getCarrierThreadLocal (0x00007a501b532308) [0x00007a501b532400, 0x00007a501b532598] Compiler: c1, Barriers: 1, Oops: 0, ImmediateOops: 0, NonImmediateOops: No
[1,239s][debug][gc,nmethod  ] Register NMethod: java.util.zip.ZipFile$Source.initCEN (0x00007a501b532608) [0x00007a501b532700, 0x00007a501b536288] Compiler: c1, Barriers: 39, Oops: 8, ImmediateOops: 13, NonImmediateOops: No
[1,239s][debug][gc,nmethod  ] Register NMethod: java.lang.ThreadLocal.get (0x00007a501b536308) [0x00007a501b536400, 0x00007a501b536848] Compiler: c1, Barriers: 1, Oops: 0, ImmediateOops: 0, NonImmediateOops: No
[1,239s][debug][gc,nmethod  ] Register NMethod: jdk.internal.misc.Unsafe.copyMemory0 (0x00007a503ac13608) [0x00007a503ac13700, 0x00007a503ac13870] Compiler: , Barriers: 0, Oops: 0, ImmediateOops: 0, NonImmediateOops: No
[1,239s][debug][gc,nmethod  ] Register NMethod: java.lang.ThreadLocal$ThreadLocalMap.getEntry (0x00007a501b536888) [0x00007a501b536980, 0x00007a501b537080] Compiler: c1, Barriers: 2, Oops: 0, ImmediateOops: 0, NonImmediateOops: No
[1,240s][debug][gc,nmethod  ] Register NMethod: java.util.zip.Inflater.inflate (0x00007a501b537088) [0x00007a501b537180, 0x00007a501b539f70] Compiler: c1, Barriers: 10, Oops: 1, ImmediateOops: 5, NonImmediateOops: No
[1,240s][debug][gc,nmethod  ] Register NMethod: java.util.Arrays.mismatch (0x00007a501b539f88) [0x00007a501b53a080, 0x00007a501b53a378] Compiler: c1, Barriers: 0, Oops: 0, ImmediateOops: 0, NonImmediateOops: No
[1,240s][debug][gc,nmethod  ] Register NMethod: jdk.internal.ref.PhantomCleanable.clean (0x00007a501b53a388) [0x00007a501b53a480, 0x00007a501b53aca0] Compiler: c1, Barriers: 1, Oops: 0, ImmediateOops: 0, NonImmediateOops: No
[1,240s][debug][gc,nmethod  ] Register NMethod: java.util.zip.ZipCoder$UTF8ZipCoder.compare (0x00007a501b53ad08) [0x00007a501b53ae00, 0x00007a501b53bec8] Compiler: c1, Barriers: 1, Oops: 1, ImmediateOops: 2, NonImmediateOops: No
[1,240s][debug][gc,nmethod  ] Register NMethod: java.lang.ref.Reference.clear (0x00007a501b53bf08) [0x00007a501b53c000, 0x00007a501b53c300] Compiler: c1, Barriers: 0, Oops: 0, ImmediateOops: 0, NonImmediateOops: No
[1,240s][debug][gc,nmethod  ] Register NMethod: java.lang.ref.PhantomReference.clearImpl (0x00007a501b53c308) [0x00007a501b53c400, 0x00007a501b53c530] Compiler: c1, Barriers: 0, Oops: 0, ImmediateOops: 0, NonImmediateOops: No
[1,240s][debug][gc,nmethod  ] Register NMethod: jdk.internal.ref.CleanerImpl$PhantomCleanableRef.performCleanup (0x00007a501b53c608) [0x00007a501b53c700, 0x00007a501b53ca40] Compiler: c1, Barriers: 1, Oops: 0, ImmediateOops: 0, NonImmediateOops: No
[1,240s][debug][gc,nmethod  ] Register NMethod: jdk.internal.ref.CleanerImpl$CleanableList.remove (0x00007a501b53ca88) [0x00007a501b53cb80, 0x00007a501b53d9b0] Compiler: c1, Barriers: 30, Oops: 0, ImmediateOops: 0, NonImmediateOops: No
[1,240s][debug][gc,nmethod  ] Register NMethod: java.util.zip.ZipFile.ensureOpenOrZipException (0x00007a501b53da08) [0x00007a501b53db00, 0x00007a501b53dcb8] Compiler: c1, Barriers: 0, Oops: 0, ImmediateOops: 1, NonImmediateOops: No
[1,240s][debug][gc,nmethod  ] Register NMethod: java.util.zip.ZipUtils.LOCNAM (0x00007a501b53dd08) [0x00007a501b53de00, 0x00007a501b53df18] Compiler: c1, Barriers: 0, Oops: 0, ImmediateOops: 0, NonImmediateOops: No
[1,240s][debug][gc,nmethod  ] Register NMethod: java.util.zip.ZipFile$ZipFileInputStream.<init> (0x00007a501b53e008) [0x00007a501b53e100, 0x00007a501b53e7e0] Compiler: c1, Barriers: 5, Oops: 0, ImmediateOops: 0, NonImmediateOops: No
[1,240s][debug][gc,nmethod  ] Register NMethod: java.util.zip.ZipFile$ZipFileInputStream.initDataOffset (0x00007a501b53e808) [0x00007a501b53e900, 0x00007a501b53ef38] Compiler: c1, Barriers: 3, Oops: 0, ImmediateOops: 2, NonImmediateOops: No
[1,240s][debug][gc,nmethod  ] Register NMethod: jdk.internal.misc.Unsafe.checkPrimitivePointer (0x00007a501b53ef88) [0x00007a501b53f080, 0x00007a501b53fae8] Compiler: c1, Barriers: 2, Oops: 0, ImmediateOops: 0, NonImmediateOops: No
[1,241s][debug][gc,nmethod  ] Register NMethod: jdk.internal.misc.Unsafe.checkPointer (0x00007a501b53fb08) [0x00007a501b53fc00, 0x00007a501b53ff70] Compiler: c1, Barriers: 0, Oops: 0, ImmediateOops: 0, NonImmediateOops: No
[1,241s][debug][gc,nmethod  ] Register NMethod: java.util.zip.ZipFile$ZipFileInputStream.read (0x00007a501b53ff88) [0x00007a501b540080, 0x00007a501b5408d0] Compiler: c1, Barriers: 5, Oops: 0, ImmediateOops: 1, NonImmediateOops: No
[1,241s][debug][gc,nmethod  ] Register NMethod: java.lang.StringLatin1.indexOf (0x00007a503ac13908) [0x00007a503ac13a00, 0x00007a503ac13cf0] Compiler: jvmci, Barriers: 0, Oops: 0, ImmediateOops: 0, NonImmediateOops: No
[1,241s][debug][gc,nmethod  ] Register NMethod: java.util.zip.ZipUtils.LOCEXT (0x00007a501b540908) [0x00007a501b540a00, 0x00007a501b540b18] Compiler: c1, Barriers: 0, Oops: 0, ImmediateOops: 0, NonImmediateOops: No
[1,241s][debug][gc,nmethod  ] Register NMethod: java.nio.file.attribute.FileTime.<init> (0x00007a501b540c08) [0x00007a501b540d00, 0x00007a501b540f50] Compiler: c1, Barriers: 6, Oops: 0, ImmediateOops: 0, NonImmediateOops: No
[1,241s][debug][gc,nmethod  ] Register NMethod: java.nio.file.attribute.FileTime.from (0x00007a501b540f88) [0x00007a501b541080, 0x00007a501b541458] Compiler: c1, Barriers: 3, Oops: 1, ImmediateOops: 1, NonImmediateOops: No
[1,241s][debug][gc,nmethod  ] Register NMethod: java.util.zip.ZipFile$ZipFileInflaterInputStream.<init> (0x00007a501b541488) [0x00007a501b541580, 0x00007a501b541728] Compiler: c1, Barriers: 0, Oops: 0, ImmediateOops: 0, NonImmediateOops: No
[1,241s][debug][gc,nmethod  ] Register NMethod: java.util.zip.ZipFile.getInputStream (0x00007a501b541788) [0x00007a501b541880, 0x00007a501b542df8] Compiler: c1, Barriers: 11, Oops: 1, ImmediateOops: 2, NonImmediateOops: No
[1,241s][debug][gc,nmethod  ] Rebuilding NMethod Table: 1024->2048 entries, 717(70%->35%) registered, 0(0%->0%) unregistered
[1,241s][debug][gc,nmethod  ] Register NMethod: java.util.zip.ZipFile$CleanableResource.getInflater (0x00007a501b542e08) [0x00007a501b542f00, 0x00007a501b543630] Compiler: c1, Barriers: 2, Oops: 0, ImmediateOops: 0, NonImmediateOops: No
[1,241s][debug][gc,nmethod  ] Register NMethod: java.util.zip.ZipFile$ZipFileInflaterInputStream.close (0x00007a501b543688) [0x00007a501b543780, 0x00007a501b544a90] Compiler: c1, Barriers: 10, Oops: 0, ImmediateOops: 0, NonImmediateOops: No
[1,241s][debug][gc,nmethod  ] Register NMethod: java.util.zip.ZipFile$Source.readAt (0x00007a501b544b08) [0x00007a501b544c00, 0x00007a501b545320] Compiler: c1, Barriers: 3, Oops: 0, ImmediateOops: 2, NonImmediateOops: No
[1,241s][debug][gc,nmethod  ] Register NMethod: sun.nio.fs.UnixNativeDispatcher.stat0 (0x00007a503ac13d08) [0x00007a503ac13e00, 0x00007a503ac13f70] Compiler: , Barriers: 0, Oops: 0, ImmediateOops: 1, NonImmediateOops: No
[1,241s][debug][gc,nmethod  ] Register NMethod: java.util.zip.ZipFile$InflaterCleanupAction.<init> (0x00007a501b545388) [0x00007a501b545480, 0x00007a501b5456c8] Compiler: c1, Barriers: 6, Oops: 0, ImmediateOops: 0, NonImmediateOops: No
[1,241s][debug][gc,nmethod  ] Register NMethod: java.util.zip.ZipFile$ZipFileInflaterInputStream.fill (0x00007a501b545708) [0x00007a501b545800, 0x00007a501b545df8] Compiler: c1, Barriers: 5, Oops: 0, ImmediateOops: 1, NonImmediateOops: No
[1,241s][debug][gc,nmethod  ] Register NMethod: java.util.zip.ZipFile$ZipFileInflaterInputStream.<init> (0x00007a501b545e08) [0x00007a501b545f00, 0x00007a501b546710] Compiler: c1, Barriers: 12, Oops: 1, ImmediateOops: 1, NonImmediateOops: No
[1,241s][debug][gc,nmethod  ] Register NMethod: java.util.zip.InflaterInputStream.<init> (0x00007a501b546788) [0x00007a501b546880, 0x00007a501b546fa0] Compiler: c1, Barriers: 12, Oops: 0, ImmediateOops: 1, NonImmediateOops: No
[1,241s][debug][gc,nmethod  ] Register NMethod: java.util.zip.Inflater.setInput (0x00007a501b547008) [0x00007a501b547100, 0x00007a501b5475f0] Compiler: c1, Barriers: 7, Oops: 1, ImmediateOops: 1, NonImmediateOops: No
[1,241s][debug][gc,nmethod  ] Register NMethod: sun.nio.fs.UnixFileAttributes$UnixAsBasicFileAttributes.lastModifiedTime (0x00007a501b547608) [0x00007a501b547700, 0x00007a501b5478e8] Compiler: c1, Barriers: 1, Oops: 0, ImmediateOops: 0, NonImmediateOops: No
[1,241s][debug][gc,nmethod  ] Register NMethod: sun.nio.fs.UnixFileAttributes.lastModifiedTime (0x00007a501b547908) [0x00007a501b547a00, 0x00007a501b547b40] Compiler: c1, Barriers: 0, Oops: 0, ImmediateOops: 0, NonImmediateOops: No
[1,242s][debug][gc,nmethod  ] Register NMethod: sun.nio.fs.UnixFileAttributes.toFileTime (0x00007a501b547c08) [0x00007a501b547d00, 0x00007a501b547ff0] Compiler: c1, Barriers: 0, Oops: 0, ImmediateOops: 3, NonImmediateOops: No
[1,242s][debug][gc,nmethod  ] Register NMethod: java.util.HashMap.tableSizeFor (0x00007a501b548008) [0x00007a501b548100, 0x00007a501b5482f0] Compiler: c1, Barriers: 0, Oops: 0, ImmediateOops: 0, NonImmediateOops: No
[1,242s][debug][gc,nmethod  ] Register NMethod: java.lang.Math.addExact (0x00007a501b548308) [0x00007a501b548400, 0x00007a501b5485f0] Compiler: c1, Barriers: 0, Oops: 0, ImmediateOops: 1, NonImmediateOops: No
[1,242s][debug][gc,nmethod  ] Register NMethod: java.io.RandomAccessFile.open0 (0x00007a503ac14008) [0x00007a503ac14100, 0x00007a503ac14258] Compiler: , Barriers: 0, Oops: 0, ImmediateOops: 0, NonImmediateOops: No
[1,242s][debug][gc,nmethod  ] Register NMethod: java.util.zip.ZipFile$InflaterCleanupAction.run (0x00007a501b548608) [0x00007a501b548700, 0x00007a501b5488c0] Compiler: c1, Barriers: 2, Oops: 0, ImmediateOops: 0, NonImmediateOops: No
[1,242s][debug][gc,nmethod  ] Register NMethod: java.io.RandomAccessFile.length0 (0x00007a503ac14308) [0x00007a503ac14400, 0x00007a503ac14558] Compiler: , Barriers: 0, Oops: 0, ImmediateOops: 0, NonImmediateOops: No
[1,242s][debug][gc,nmethod  ] Register NMethod: java.util.zip.InflaterInputStream.close (0x00007a501b548908) [0x00007a501b548a00, 0x00007a501b548e30] Compiler: c1, Barriers: 2, Oops: 0, ImmediateOops: 0, NonImmediateOops: No
[1,242s][debug][gc,nmethod  ] Register NMethod: java.lang.Math.multiplyExact (0x00007a501b548e88) [0x00007a501b548f80, 0x00007a501b549420] Compiler: c1, Barriers: 0, Oops: 0, ImmediateOops: 1, NonImmediateOops: No
[1,242s][debug][gc,nmethod  ] Register NMethod: java.util.zip.Inflater.reset (0x00007a501b549488) [0x00007a501b549580, 0x00007a501b549a48] Compiler: c1, Barriers: 8, Oops: 0, ImmediateOops: 1, NonImmediateOops: No
[1,242s][debug][gc,nmethod  ] Register NMethod: java.util.zip.ZipEntry.isCENHeaderValid (0x00007a501b549a88) [0x00007a501b549b80, 0x00007a501b54a6a0] Compiler: c1, Barriers: 2, Oops: 0, ImmediateOops: 0, NonImmediateOops: No
[1,242s][debug][gc,nmethod  ] Register NMethod: java.lang.Float.isNaN (0x00007a501b54a708) [0x00007a501b54a800, 0x00007a501b54a950] Compiler: c1, Barriers: 0, Oops: 0, ImmediateOops: 0, NonImmediateOops: No
[1,242s][debug][gc,nmethod  ] Register NMethod: java.net.URL.getDefaultPort (0x00007a501b54aa08) [0x00007a501b54ab00, 0x00007a501b54ae50] Compiler: c1, Barriers: 1, Oops: 0, ImmediateOops: 0, NonImmediateOops: No
[1,242s][debug][gc,nmethod  ] Register NMethod: java.util.zip.ZipFile$CleanableResource.releaseInflater (0x00007a501b54ae88) [0x00007a501b54af80, 0x00007a501b54b4d8] Compiler: c1, Barriers: 2, Oops: 0, ImmediateOops: 0, NonImmediateOops: No
[1,242s][debug][gc,nmethod  ] Register NMethod: java.net.URL.lowerCaseProtocol (0x00007a501b54b508) [0x00007a501b54b600, 0x00007a501b54c3b0] Compiler: c1, Barriers: 2, Oops: 1, ImmediateOops: 8, NonImmediateOops: No
[1,242s][debug][gc,nmethod  ] Register NMethod: sun.nio.fs.UnixFileSystem.provider (0x00007a503ac14608) [0x00007a503ac14700, 0x00007a503ac147e8] Compiler: c1, Barriers: 1, Oops: 0, ImmediateOops: 0, NonImmediateOops: No
[1,242s][debug][gc,nmethod  ] Register NMethod: sun.nio.fs.UnixFileSystem.needToResolveAgainstDefaultDirectory (0x00007a503ac14908) [0x00007a503ac14a00, 0x00007a503ac14ac0] Compiler: c1, Barriers: 0, Oops: 0, ImmediateOops: 0, NonImmediateOops: No
[1,242s][debug][gc,nmethod  ] Register NMethod: sun.nio.fs.UnixFileAttributes$UnixAsBasicFileAttributes.fileKey (0x00007a501b54c408) [0x00007a501b54c500, 0x00007a501b54c688] Compiler: c1, Barriers: 1, Oops: 0, ImmediateOops: 0, NonImmediateOops: No
[1,242s][debug][gc,nmethod  ] Register NMethod: sun.net.www.protocol.jar.Handler.checkNestedProtocol (0x00007a501b54c708) [0x00007a501b54c800, 0x00007a501b54cb88] Compiler: c1, Barriers: 0, Oops: 0, ImmediateOops: 2, NonImmediateOops: No
[1,242s][debug][gc,nmethod  ] Register NMethod: java.util.zip.ZipFile$Source.isMetaName (0x00007a503ac14c08) [0x00007a503ac14d00, 0x00007a503ac14f60] Compiler: jvmci, Barriers: 0, Oops: 0, ImmediateOops: 0, NonImmediateOops: No
[1,242s][debug][gc,nmethod  ] Register NMethod: java.net.URL.toString (0x00007a501b54cc08) [0x00007a501b54cd00, 0x00007a501b54d250] Compiler: c1, Barriers: 1, Oops: 0, ImmediateOops: 0, NonImmediateOops: No
[1,242s][debug][gc,nmethod  ] Register NMethod: java.util.concurrent.TimeUnit.toMillis (0x00007a501b54d288) [0x00007a501b54d380, 0x00007a501b54d638] Compiler: c1, Barriers: 0, Oops: 0, ImmediateOops: 0, NonImmediateOops: No
[1,242s][debug][gc,nmethod  ] Register NMethod: sun.nio.fs.UnixFileAttributes.fileKey (0x00007a501b54d688) [0x00007a501b54d780, 0x00007a501b54dcb8] Compiler: c1, Barriers: 6, Oops: 0, ImmediateOops: 0, NonImmediateOops: No
[1,242s][debug][gc,nmethod  ] Register NMethod: jdk.internal.loader.FileURLMapper.getPath (0x00007a501b54dd08) [0x00007a501b54de00, 0x00007a501b54ebd8] Compiler: c1, Barriers: 14, Oops: 0, ImmediateOops: 1, NonImmediateOops: No
[1,242s][debug][gc,nmethod  ] Register NMethod: java.nio.charset.Charset.hashCode (0x00007a501b54ec08) [0x00007a501b54ed00, 0x00007a501b54f200] Compiler: c1, Barriers: 1, Oops: 0, ImmediateOops: 0, NonImmediateOops: No
[1,242s][debug][gc,nmethod  ] Register NMethod: sun.nio.fs.UnixFileKey.hashCode (0x00007a501b54f208) [0x00007a501b54f300, 0x00007a501b54f480] Compiler: c1, Barriers: 0, Oops: 0, ImmediateOops: 0, NonImmediateOops: No
[1,242s][debug][gc,nmethod  ] Register NMethod: java.net.URL.toExternalForm (0x00007a501b54f508) [0x00007a501b54f600, 0x00007a501b54f938] Compiler: c1, Barriers: 1, Oops: 0, ImmediateOops: 0, NonImmediateOops: No
[1,243s][debug][gc,nmethod  ] Register NMethod: java.nio.file.attribute.FileTime.toMillis (0x00007a501b54f988) [0x00007a501b54fa80, 0x00007a501b550148] Compiler: c1, Barriers: 3, Oops: 0, ImmediateOops: 0, NonImmediateOops: No
[1,243s][debug][gc,nmethod  ] Register NMethod: java.util.jar.JavaUtilJarAccessImpl.entryFor (0x00007a501b550188) [0x00007a501b550280, 0x00007a501b550968] Compiler: c1, Barriers: 6, Oops: 0, ImmediateOops: 0, NonImmediateOops: No
[1,243s][debug][gc,nmethod  ] Register NMethod: java.util.zip.ZipFile$Source$Key.hashCode (0x00007a501b550988) [0x00007a501b550a80, 0x00007a501b551e78] Compiler: c1, Barriers: 6, Oops: 0, ImmediateOops: 1, NonImmediateOops: No
[1,243s][debug][gc,nmethod  ] Register NMethod: java.util.jar.JarFile.entryFor (0x00007a501b551e88) [0x00007a501b551f80, 0x00007a501b552368] Compiler: c1, Barriers: 6, Oops: 0, ImmediateOops: 0, NonImmediateOops: No
[1,243s][debug][gc,nmethod  ] Register NMethod: java.util.jar.JarEntry.<init> (0x00007a501b552388) [0x00007a501b552480, 0x00007a501b5525b0] Compiler: c1, Barriers: 0, Oops: 0, ImmediateOops: 0, NonImmediateOops: No
[1,243s][debug][gc,nmethod  ] Register NMethod: java.util.zip.ZipUtils.CENTIM (0x00007a501b552688) [0x00007a501b552780, 0x00007a501b552890] Compiler: c1, Barriers: 0, Oops: 0, ImmediateOops: 0, NonImmediateOops: No
[1,243s][debug][gc,nmethod  ] Register NMethod: java.util.jar.JarFile$JarFileEntry.<init> (0x00007a501b552988) [0x00007a501b552a80, 0x00007a501b552e70] Compiler: c1, Barriers: 6, Oops: 0, ImmediateOops: 0, NonImmediateOops: No
[1,243s][debug][gc,nmethod  ] Register NMethod: java.net.URLStreamHandler.toExternalForm (0x00007a501b552e88) [0x00007a501b552f80, 0x00007a501b5573c0] Compiler: c1, Barriers: 6, Oops: 1, ImmediateOops: 9, NonImmediateOops: No
[1,243s][debug][gc,nmethod  ] Register NMethod: java.util.zip.ZipUtils.CENVEM_FA (0x00007a501b557408) [0x00007a501b557500, 0x00007a501b557668] Compiler: c1, Barriers: 0, Oops: 0, ImmediateOops: 0, NonImmediateOops: No
[1,243s][debug][gc,nmethod  ] Register NMethod: sun.nio.fs.NativeBuffer.size (0x00007a503ac14f88) [0x00007a503ac15080, 0x00007a503ac15140] Compiler: c1, Barriers: 0, Oops: 0, ImmediateOops: 0, NonImmediateOops: No
[1,243s][debug][gc,nmethod  ] Register NMethod: java.util.zip.ZipUtils.CENCRC (0x00007a501b557708) [0x00007a501b557800, 0x00007a501b557910] Compiler: c1, Barriers: 0, Oops: 0, ImmediateOops: 0, NonImmediateOops: No
[1,243s][debug][gc,nmethod  ] Register NMethod: java.util.zip.ZipEntry.<init> (0x00007a501b557a08) [0x00007a501b557b00, 0x00007a501b557fb0] Compiler: c1, Barriers: 3, Oops: 1, ImmediateOops: 2, NonImmediateOops: No
[1,243s][debug][gc,nmethod  ] Register NMethod: sun.nio.fs.NativeBuffer.owner (0x00007a503ac15288) [0x00007a503ac15380, 0x00007a503ac15468] Compiler: c1, Barriers: 1, Oops: 0, ImmediateOops: 0, NonImmediateOops: No
[1,243s][debug][gc,nmethod  ] Register NMethod: sun.nio.fs.NativeBuffer.setOwner (0x00007a503ac15588) [0x00007a503ac15680, 0x00007a503ac157b0] Compiler: c1, Barriers: 3, Oops: 0, ImmediateOops: 0, NonImmediateOops: No
[1,243s][debug][gc,nmethod  ] Register NMethod: java.util.zip.ZipCoder.charset (0x00007a503ac15888) [0x00007a503ac15980, 0x00007a503ac15a68] Compiler: c1, Barriers: 1, Oops: 0, ImmediateOops: 0, NonImmediateOops: No
[1,243s][debug][gc,nmethod  ] Register NMethod: java.lang.invoke.MemberName.isResolved (0x00007a501b558008) [0x00007a501b558100, 0x00007a501b558280] Compiler: c1, Barriers: 1, Oops: 0, ImmediateOops: 0, NonImmediateOops: No
[1,244s][debug][gc,nmethod  ] Register NMethod: java.lang.Class.cast (0x00007a501b558308) [0x00007a501b558400, 0x00007a501b558858] Compiler: c1, Barriers: 0, Oops: 0, ImmediateOops: 0, NonImmediateOops: No
[1,244s][debug][gc,nmethod  ] Register NMethod: jdk.internal.util.ReferencedKeyMap.entryKey (0x00007a501b558888) [0x00007a501b558980, 0x00007a501b559198] Compiler: c1, Barriers: 8, Oops: 0, ImmediateOops: 1, NonImmediateOops: No
[1,244s][debug][gc,nmethod  ] Register NMethod: jdk.internal.util.WeakReferenceKey.<init> (0x00007a501b559208) [0x00007a501b559300, 0x00007a501b559908] Compiler: c1, Barriers: 6, Oops: 0, ImmediateOops: 1, NonImmediateOops: No
[1,245s][debug][gc,nmethod  ] Register NMethod: java.lang.StringUTF16.compress (0x00007a501b559988) [0x00007a501b559a80, 0x00007a501b559cb0] Compiler: c1, Barriers: 0, Oops: 0, ImmediateOops: 0, NonImmediateOops: No
[1,245s][debug][gc,director ] Rule Major: Warmup 10%, Used: 54MB, UsedThreshold: 1228MB
[1,245s][debug][gc,nmethod  ] Register NMethod: java.util.jar.Attributes.get (0x00007a501b559d08) [0x00007a501b559e00, 0x00007a501b55a140] Compiler: c1, Barriers: 1, Oops: 0, ImmediateOops: 0, NonImmediateOops: No
[1,245s][debug][gc,nmethod  ] Register NMethod: java.util.jar.Attributes.getValue (0x00007a501b55a188) [0x00007a501b55a280, 0x00007a501b55a820] Compiler: c1, Barriers: 1, Oops: 0, ImmediateOops: 0, NonImmediateOops: No
[1,246s][debug][gc,nmethod  ] Register NMethod: jdk.internal.loader.BuiltinClassLoader.loadClassOrNull (0x00007a501b55a888) [0x00007a501b55a980, 0x00007a501b55ac88] Compiler: c1, Barriers: 0, Oops: 0, ImmediateOops: 0, NonImmediateOops: No
[1,246s][debug][gc,nmethod  ] Register NMethod: jdk.internal.loader.BuiltinClassLoader.findLoadedModule (0x00007a501b55ad08) [0x00007a501b55ae00, 0x00007a501b55bfc0] Compiler: c1, Barriers: 1, Oops: 0, ImmediateOops: 1, NonImmediateOops: No
[1,246s][debug][gc,nmethod  ] Register NMethod: jdk.internal.loader.BuiltinClassLoader.loadClassOrNull (0x00007a501b55c008) [0x00007a501b55c100, 0x00007a501b55db98] Compiler: c1, Barriers: 3, Oops: 0, ImmediateOops: 2, NonImmediateOops: No
[1,247s][debug][gc,nmethod  ] Register NMethod: java.lang.invoke.MethodHandles$Lookup.previousLookupClass (0x00007a503ac15b88) [0x00007a503ac15c80, 0x00007a503ac15d68] Compiler: c1, Barriers: 1, Oops: 0, ImmediateOops: 0, NonImmediateOops: No
[1,247s][debug][gc,nmethod  ] Register NMethod: jdk.internal.classfile.impl.StackMapGenerator$Frame.pushStack (0x00007a501b55dc08) [0x00007a501b55dd00, 0x00007a501b55e160] Compiler: c1, Barriers: 4, Oops: 0, ImmediateOops: 0, NonImmediateOops: No
[1,247s][debug][gc,nmethod  ] Register NMethod: jdk.internal.classfile.impl.StackMapGenerator$Type.referenceType (0x00007a501b55e188) [0x00007a501b55e280, 0x00007a501b55e550] Compiler: c1, Barriers: 3, Oops: 0, ImmediateOops: 0, NonImmediateOops: No
[1,247s][debug][gc,nmethod  ] Register NMethod: jdk.internal.classfile.impl.DirectClassBuilder.constantPool (0x00007a501b55e588) [0x00007a501b55e680, 0x00007a501b55e7c0] Compiler: c1, Barriers: 1, Oops: 0, ImmediateOops: 0, NonImmediateOops: No
[1,247s][debug][gc,nmethod  ] Register NMethod: jdk.internal.classfile.impl.RawBytecodeHelper.getU2Unchecked (0x00007a501b55e888) [0x00007a501b55e980, 0x00007a501b55ed08] Compiler: c1, Barriers: 2, Oops: 0, ImmediateOops: 1, NonImmediateOops: No
[1,247s][debug][gc,nmethod  ] Register NMethod: jdk.internal.classfile.impl.RawBytecodeHelper.getIndexU2 (0x00007a501b55ed88) [0x00007a501b55ee80, 0x00007a501b55f178] Compiler: c1, Barriers: 0, Oops: 0, ImmediateOops: 0, NonImmediateOops: No
[1,247s][debug][gc,nmethod  ] Register NMethod: java.lang.invoke.MethodHandle.linkToSpecial (0x00007a503ac15e88) [0x00007a503ac15f80, 0x00007a503ac16078] Compiler: , Barriers: 0, Oops: 0, ImmediateOops: 0, NonImmediateOops: No
[1,247s][debug][gc,nmethod  ] Register NMethod: jdk.internal.classfile.impl.AbstractPoolEntry$AbstractRefEntry.writeTo (0x00007a501b55f188) [0x00007a501b55f280, 0x00007a501b55f9d8] Compiler: c1, Barriers: 1, Oops: 0, ImmediateOops: 0, NonImmediateOops: No
[1,247s][debug][gc,nmethod  ] Register NMethod: java.lang.invoke.MethodHandle.invokeBasic (0x00007a503ac16188) [0x00007a503ac16280, 0x00007a503ac16518] Compiler: , Barriers: 0, Oops: 0, ImmediateOops: 0, NonImmediateOops: No
[1,247s][debug][gc,nmethod  ] Register NMethod: java.lang.invoke.LambdaForm$Name.withIndex (0x00007a501b55fa08) [0x00007a501b55fb00, 0x00007a501b55fde8] Compiler: c1, Barriers: 4, Oops: 0, ImmediateOops: 0, NonImmediateOops: No
[1,248s][debug][gc,nmethod  ] Register NMethod: jdk.internal.classfile.impl.StackMapGenerator$Frame.checkLocal (0x00007a501b55fe08) [0x00007a501b55ff00, 0x00007a501b560b58] Compiler: c1, Barriers: 11, Oops: 1, ImmediateOops: 2, NonImmediateOops: No
[1,248s][debug][gc,nmethod  ] Register NMethod: jdk.internal.classfile.impl.BufWriterImpl.writeIndex (0x00007a501b560b88) [0x00007a501b560c80, 0x00007a501b5630a8] Compiler: c1, Barriers: 1, Oops: 1, ImmediateOops: 3, NonImmediateOops: No
[1,248s][debug][gc,nmethod  ] Register NMethod: sun.invoke.util.VerifyAccess.isClassAccessible (0x00007a501b563108) [0x00007a501b563200, 0x00007a501b565180] Compiler: c1, Barriers: 4, Oops: 0, ImmediateOops: 3, NonImmediateOops: No
[1,248s][debug][gc,nmethod  ] Register NMethod: java.lang.reflect.Modifier.isStatic (0x00007a501b565188) [0x00007a501b565280, 0x00007a501b5653b0] Compiler: c1, Barriers: 0, Oops: 0, ImmediateOops: 0, NonImmediateOops: No
[1,248s][debug][gc,nmethod  ] Register NMethod: jdk.internal.classfile.impl.AbstractAttributeMapper.allowMultiple (0x00007a503ac16588) [0x00007a503ac16680, 0x00007a503ac16740] Compiler: c1, Barriers: 0, Oops: 0, ImmediateOops: 0, NonImmediateOops: No
[1,248s][debug][gc,nmethod  ] Register NMethod: jdk.internal.constant.MethodTypeDescImpl.returnType (0x00007a503ac16888) [0x00007a503ac16980, 0x00007a503ac16a68] Compiler: c1, Barriers: 1, Oops: 0, ImmediateOops: 0, NonImmediateOops: No
[1,248s][debug][gc,nmethod  ] Register NMethod: jdk.internal.classfile.impl.StackMapGenerator$Frame.decStack (0x00007a501b565488) [0x00007a501b565580, 0x00007a501b5657e0] Compiler: c1, Barriers: 2, Oops: 1, ImmediateOops: 1, NonImmediateOops: No
[1,248s][debug][gc,nmethod  ] Register NMethod: java.lang.reflect.Method.getName (0x00007a503ac16b88) [0x00007a503ac16c80, 0x00007a503ac16d68] Compiler: c1, Barriers: 1, Oops: 0, ImmediateOops: 0, NonImmediateOops: No
[1,249s][debug][gc,nmethod  ] Register NMethod: java.lang.Number.<init> (0x00007a501b565808) [0x00007a501b565900, 0x00007a501b565a58] Compiler: c1, Barriers: 0, Oops: 0, ImmediateOops: 0, NonImmediateOops: No
[1,249s][debug][gc,nmethod  ] Register NMethod: java.lang.Long.<init> (0x00007a501b565b08) [0x00007a501b565c00, 0x00007a501b565dc0] Compiler: c1, Barriers: 0, Oops: 0, ImmediateOops: 0, NonImmediateOops: No
[1,249s][debug][gc,nmethod  ] Register NMethod: java.lang.invoke.MethodHandle.linkToStatic (0x00007a503ac16e88) [0x00007a503ac16f80, 0x00007a503ac17070] Compiler: , Barriers: 0, Oops: 0, ImmediateOops: 0, NonImmediateOops: No
[1,249s][debug][gc,nmethod  ] Register NMethod: java.lang.invoke.MethodTypeForm.canonicalize (0x00007a501b565e08) [0x00007a501b565f00, 0x00007a501b5665b0] Compiler: c1, Barriers: 2, Oops: 0, ImmediateOops: 0, NonImmediateOops: No
[1,249s][debug][gc,nmethod  ] Register NMethod: java.lang.ref.SoftReference.get (0x00007a501b566608) [0x00007a501b566700, 0x00007a501b5668c0] Compiler: c1, Barriers: 2, Oops: 0, ImmediateOops: 1, NonImmediateOops: No
[1,249s][debug][gc,nmethod  ] Register NMethod: jdk.internal.util.ReferencedKeyMap.internKey (0x00007a501b566908) [0x00007a501b566a00, 0x00007a501b5681a8] Compiler: c1, Barriers: 5, Oops: 0, ImmediateOops: 0, NonImmediateOops: No
[1,249s][debug][gc,nmethod  ] Register NMethod: jdk.internal.util.ReferencedKeyMap.existingKey (0x00007a501b568208) [0x00007a501b568300, 0x00007a501b56a010] Compiler: c1, Barriers: 11, Oops: 1, ImmediateOops: 0, NonImmediateOops: No
[1,250s][debug][gc,nmethod  ] Register NMethod: jdk.internal.classfile.impl.Util.powerOctal (0x00007a501b56a088) [0x00007a501b56a180, 0x00007a501b56a340] Compiler: c1, Barriers: 0, Oops: 1, ImmediateOops: 1, NonImmediateOops: No
[1,250s][debug][gc,nmethod  ] Register NMethod: java.lang.Character.reverseBytes (0x00007a501b56a388) [0x00007a501b56a480, 0x00007a501b56a578] Compiler: c1, Barriers: 0, Oops: 0, ImmediateOops: 0, NonImmediateOops: No
[1,250s][debug][gc,nmethod  ] Register NMethod: jdk.internal.misc.Unsafe.convEndian (0x00007a501b56a688) [0x00007a501b56a780, 0x00007a501b56a920] Compiler: c1, Barriers: 0, Oops: 0, ImmediateOops: 0, NonImmediateOops: No
[1,250s][debug][gc,nmethod  ] Register NMethod: jdk.internal.misc.Unsafe.getCharUnaligned (0x00007a501b56a988) [0x00007a501b56aa80, 0x00007a501b56ae10] Compiler: c1, Barriers: 0, Oops: 0, ImmediateOops: 0, NonImmediateOops: No
[1,251s][debug][gc,nmethod  ] Register NMethod: java.lang.CharacterDataLatin1.toLowerCase (0x00007a501b56ae88) [0x00007a501b56af80, 0x00007a501b56b1c0] Compiler: c1, Barriers: 0, Oops: 0, ImmediateOops: 0, NonImmediateOops: No
[1,251s][debug][gc,nmethod  ] Register NMethod: java.lang.String.getBytes (0x00007a503ac17188) [0x00007a503ac17280, 0x00007a503ac175c0] Compiler: jvmci, Barriers: 1, Oops: 0, ImmediateOops: 0, NonImmediateOops: No
[1,251s][debug][gc,nmethod  ] Register NMethod: java.util.HashMap.putIfAbsent (0x00007a503ac17608) [0x00007a503ac17720, 0x00007a503ac18f20] Compiler: jvmci, Barriers: 59, Oops: 0, ImmediateOops: 0, NonImmediateOops: No
[1,251s][debug][gc,nmethod  ] Register NMethod: jdk.internal.classfile.impl.RawBytecodeHelper.opcode (0x00007a503ac18f88) [0x00007a503ac19080, 0x00007a503ac19108] Compiler: jvmci, Barriers: 0, Oops: 0, ImmediateOops: 0, NonImmediateOops: No
[1,253s][debug][gc,nmethod  ] Register NMethod: java.lang.Enum.name (0x00007a503ac19288) [0x00007a503ac19380, 0x00007a503ac19468] Compiler: c1, Barriers: 1, Oops: 0, ImmediateOops: 0, NonImmediateOops: No
[1,253s][debug][gc,nmethod  ] Register NMethod: java.lang.CharacterDataLatin1.toUpperCaseEx (0x00007a501b56b208) [0x00007a501b56b300, 0x00007a501b56b730] Compiler: c1, Barriers: 0, Oops: 0, ImmediateOops: 1, NonImmediateOops: No
[1,253s][debug][gc,nmethod  ] Register NMethod: java.util.concurrent.ConcurrentHashMap.put (0x00007a501b56b788) [0x00007a501b56b880, 0x00007a501b56bb80] Compiler: c1, Barriers: 0, Oops: 0, ImmediateOops: 0, NonImmediateOops: No
[1,253s][debug][gc,nmethod  ] Register NMethod: sun.util.locale.BaseLocale.getLanguage (0x00007a503ac19588) [0x00007a503ac19680, 0x00007a503ac19768] Compiler: c1, Barriers: 1, Oops: 0, ImmediateOops: 0, NonImmediateOops: No
[1,254s][debug][gc,nmethod  ] Register NMethod: java.util.concurrent.ConcurrentHashMap$Node.<init> (0x00007a501b56bb88) [0x00007a501b56bc80, 0x00007a501b56bfa8] Compiler: c1, Barriers: 9, Oops: 0, ImmediateOops: 0, NonImmediateOops: No
[1,254s][debug][gc,nmethod  ] Register NMethod: java.lang.StringLatin1.toUpperCase (0x00007a501b56c008) [0x00007a501b56c100, 0x00007a501b56d1c8] Compiler: c1, Barriers: 5, Oops: 0, ImmediateOops: 4, NonImmediateOops: No
[1,254s][debug][gc,nmethod  ] Register NMethod: java.util.Objects.nonNull (0x00007a501b56d208) [0x00007a501b56d300, 0x00007a501b56d430] Compiler: c1, Barriers: 0, Oops: 0, ImmediateOops: 0, NonImmediateOops: No
[1,254s][debug][gc,nmethod  ] Register NMethod: java.lang.StringLatin1.canEncode (0x00007a503ac19888) [0x00007a503ac19980, 0x00007a503ac19a20] Compiler: jvmci, Barriers: 0, Oops: 0, ImmediateOops: 0, NonImmediateOops: No
[1,254s][debug][gc,nmethod  ] Register NMethod: java.lang.String.toUpperCase (0x00007a501b56d508) [0x00007a501b56d600, 0x00007a501b56dab0] Compiler: c1, Barriers: 2, Oops: 0, ImmediateOops: 0, NonImmediateOops: No
[1,254s][debug][gc,nmethod  ] Register NMethod: java.lang.StringCoding.countNonZeroAsciiLatin1 (0x00007a503ac19b88) [0x00007a503ac19ca0, 0x00007a503ac1a028] Compiler: jvmci, Barriers: 0, Oops: 0, ImmediateOops: 0, NonImmediateOops: No
[1,255s][debug][gc,nmethod  ] Register NMethod: java.util.Locale.getLanguage (0x00007a501b56db08) [0x00007a501b56dc00, 0x00007a501b56df40] Compiler: c1, Barriers: 2, Oops: 0, ImmediateOops: 0, NonImmediateOops: No
[1,255s][debug][gc,director ] Rule Major: Warmup 10%, Used: 54MB, UsedThreshold: 1228MB
[1,255s][debug][gc,nmethod  ] Register NMethod: java.util.ArrayList$Itr.hasNext (0x00007a501b56df88) [0x00007a501b56e080, 0x00007a501b56e210] Compiler: c1, Barriers: 1, Oops: 0, ImmediateOops: 0, NonImmediateOops: No
[1,255s][debug][gc,nmethod  ] Register NMethod: java.util.Properties.put (0x00007a501b56e288) [0x00007a501b56e380, 0x00007a501b56e880] Compiler: c1, Barriers: 1, Oops: 0, ImmediateOops: 0, NonImmediateOops: No
[1,256s][debug][gc,nmethod  ] Register NMethod: sun.security.util.KnownOIDs.register (0x00007a501b56e888) [0x00007a501b56e980, 0x00007a501b577308] Compiler: c1, Barriers: 24, Oops: 6, ImmediateOops: 22, NonImmediateOops: No
[1,256s][debug][gc,nmethod  ] Register NMethod: java.security.Provider$Service.getAlgorithm (0x00007a503ac1a088) [0x00007a503ac1a180, 0x00007a503ac1a268] Compiler: c1, Barriers: 1, Oops: 0, ImmediateOops: 0, NonImmediateOops: No
[1,256s][debug][gc,nmethod  ] Register NMethod: java.security.Provider$Service.getAliases (0x00007a503ac1a388) [0x00007a503ac1a480, 0x00007a503ac1a568] Compiler: c1, Barriers: 1, Oops: 0, ImmediateOops: 0, NonImmediateOops: No
[1,256s][debug][gc,nmethod  ] Register NMethod: java.security.Provider$Service.getType (0x00007a503ac1a688) [0x00007a503ac1a780, 0x00007a503ac1a868] Compiler: c1, Barriers: 1, Oops: 0, ImmediateOops: 0, NonImmediateOops: No
[1,256s][debug][gc,nmethod  ] Register NMethod: java.util.ArrayList$Itr.checkForComodification (0x00007a501b577388) [0x00007a501b577480, 0x00007a501b577668] Compiler: c1, Barriers: 1, Oops: 0, ImmediateOops: 0, NonImmediateOops: No
[1,256s][debug][gc,nmethod  ] Register NMethod: java.util.ArrayList$Itr.next (0x00007a501b577688) [0x00007a501b577780, 0x00007a501b577d70] Compiler: c1, Barriers: 3, Oops: 0, ImmediateOops: 0, NonImmediateOops: No
[1,257s][debug][gc,nmethod  ] Register NMethod: java.lang.invoke.MemberName.getMethodOrFieldType (0x00007a501b577d88) [0x00007a501b577e80, 0x00007a501b57a318] Compiler: c1, Barriers: 0, Oops: 2, ImmediateOops: 5, NonImmediateOops: No
[1,257s][debug][gc,nmethod  ] Register NMethod: java.lang.Integer.rotateLeft (0x00007a501b57a388) [0x00007a501b57a480, 0x00007a501b57a570] Compiler: c1, Barriers: 0, Oops: 0, ImmediateOops: 0, NonImmediateOops: No
[1,257s][debug][gc,nmethod  ] Register NMethod: java.lang.invoke.VarHandleByteArrayAsInts$ArrayHandle.index (0x00007a501b57a688) [0x00007a501b57a780, 0x00007a501b57a8b8] Compiler: c1, Barriers: 0, Oops: 1, ImmediateOops: 1, NonImmediateOops: No
[1,257s][debug][gc,nmethod  ] Register NMethod: java.lang.invoke.VarForm.getMemberName (0x00007a501b57a988) [0x00007a501b57aa80, 0x00007a501b57b200] Compiler: c1, Barriers: 4, Oops: 0, ImmediateOops: 1, NonImmediateOops: No
[1,257s][debug][gc,nmethod  ] Register NMethod: java.lang.invoke.VarHandleByteArrayAsInts$ArrayHandle.get (0x00007a501b57b208) [0x00007a501b57b300, 0x00007a501b57bab0] Compiler: c1, Barriers: 0, Oops: 2, ImmediateOops: 2, NonImmediateOops: No
[1,257s][debug][gc,nmethod  ] Register NMethod: java.lang.invoke.VarHandle.accessModeType (0x00007a501b57bb08) [0x00007a501b57bc00, 0x00007a501b57caa8] Compiler: c1, Barriers: 9, Oops: 0, ImmediateOops: 1, NonImmediateOops: No
[1,257s][debug][gc,nmethod  ] Register NMethod: java.lang.invoke.VarHandle.checkAccessModeThenIsDirect (0x00007a501b57cb08) [0x00007a501b57cc00, 0x00007a501b57dda8] Compiler: c1, Barriers: 10, Oops: 0, ImmediateOops: 1, NonImmediateOops: No
[1,257s][debug][gc,nmethod  ] Register NMethod: java.lang.invoke.MethodHandle.invokeBasic (0x00007a503ac1a988) [0x00007a503ac1aa80, 0x00007a503ac1ad18] Compiler: , Barriers: 0, Oops: 0, ImmediateOops: 0, NonImmediateOops: No
[1,257s][debug][gc,nmethod  ] Register NMethod: java.lang.Integer.rotateLeft (0x00007a503ac1ad88) [0x00007a503ac1ae80, 0x00007a503ac1aef0] Compiler: jvmci, Barriers: 0, Oops: 0, ImmediateOops: 0, NonImmediateOops: No
[1,258s][debug][gc,nmethod  ] Register NMethod: java.lang.Math.min (0x00007a501b57de08) [0x00007a501b57df00, 0x00007a501b57e028] Compiler: c1, Barriers: 0, Oops: 0, ImmediateOops: 0, NonImmediateOops: No
[1,258s][debug][gc,nmethod  ] Register NMethod: java.lang.invoke.VarHandleGuards.guard_LI_I (0x00007a501b57e108) [0x00007a501b57e200, 0x00007a501b5810d8] Compiler: c1, Barriers: 28, Oops: 0, ImmediateOops: 2, NonImmediateOops: No
[1,259s][debug][gc,nmethod  ] Register NMethod: java.lang.Throwable.fillInStackTrace (0x00007a501b581108) [0x00007a501b581200, 0x00007a501b5815d8] Compiler: c1, Barriers: 5, Oops: 0, ImmediateOops: 1, NonImmediateOops: No
[1,259s][debug][gc,nmethod  ] Register NMethod: java.util.jar.JarFile.isMultiRelease (0x00007a501b581608) [0x00007a501b581700, 0x00007a501b5818f8] Compiler: c1, Barriers: 0, Oops: 0, ImmediateOops: 0, NonImmediateOops: No
[1,259s][debug][gc,nmethod  ] Register NMethod: java.util.WeakHashMap.getTable (0x00007a501b581908) [0x00007a501b581a00, 0x00007a501b581b78] Compiler: c1, Barriers: 1, Oops: 0, ImmediateOops: 0, NonImmediateOops: No
[1,259s][debug][gc,nmethod  ] Register NMethod: jdk.internal.perf.PerfCounter.increment (0x00007a501b581c08) [0x00007a501b581d00, 0x00007a501b581e48] Compiler: c1, Barriers: 0, Oops: 0, ImmediateOops: 0, NonImmediateOops: No
[1,260s][debug][gc,nmethod  ] Register NMethod: java.io.ObjectStreamField.getName (0x00007a503ac1b088) [0x00007a503ac1b180, 0x00007a503ac1b268] Compiler: c1, Barriers: 1, Oops: 0, ImmediateOops: 0, NonImmediateOops: No
[1,260s][debug][gc,nmethod  ] Register NMethod: java.lang.AbstractStringBuilder.needsNewBuffer (0x00007a503ac1b388) [0x00007a503ac1b480, 0x00007a503ac1b568] Compiler: jvmci, Barriers: 0, Oops: 0, ImmediateOops: 0, NonImmediateOops: No
[1,260s][debug][gc,nmethod  ] Register NMethod: java.lang.invoke.MethodHandle.invokeBasic (0x00007a503ac1b688) [0x00007a503ac1b780, 0x00007a503ac1ba18] Compiler: , Barriers: 0, Oops: 0, ImmediateOops: 0, NonImmediateOops: No
[1,260s][debug][gc,nmethod  ] Register NMethod: java.lang.invoke.MethodHandle.linkToSpecial (0x00007a503ac1ba88) [0x00007a503ac1bb80, 0x00007a503ac1bc78] Compiler: , Barriers: 0, Oops: 0, ImmediateOops: 0, NonImmediateOops: No
[1,261s][debug][gc,nmethod  ] Register NMethod: sun.invoke.util.Wrapper.basicTypeChar (0x00007a501b581f08) [0x00007a501b582000, 0x00007a501b582530] Compiler: c1, Barriers: 0, Oops: 0, ImmediateOops: 0, NonImmediateOops: No
[1,261s][debug][gc,nmethod  ] Register NMethod: java.lang.invoke.LambdaForm$BasicType.basicType (0x00007a501b582588) [0x00007a501b582680, 0x00007a501b582c18] Compiler: c1, Barriers: 0, Oops: 0, ImmediateOops: 0, NonImmediateOops: No
[1,261s][debug][gc,nmethod  ] Register NMethod: java.lang.invoke.MemberName.flagsMods (0x00007a501b582c88) [0x00007a501b582d80, 0x00007a501b582e80] Compiler: c1, Barriers: 0, Oops: 0, ImmediateOops: 0, NonImmediateOops: No
[1,261s][debug][gc,nmethod  ] Register NMethod: java.lang.invoke.LambdaForm$BasicType.basicType (0x00007a501b582f88) [0x00007a501b583080, 0x00007a501b584388] Compiler: c1, Barriers: 0, Oops: 2, ImmediateOops: 10, NonImmediateOops: No
[1,261s][debug][gc,nmethod  ] Register NMethod: java.lang.invoke.MemberName.init (0x00007a501b584408) [0x00007a501b584500, 0x00007a501b584778] Compiler: c1, Barriers: 9, Oops: 0, ImmediateOops: 0, NonImmediateOops: No
[1,261s][debug][gc,nmethod  ] Register NMethod: java.lang.invoke.MethodHandle.invokeBasic (0x00007a503ac1bd88) [0x00007a503ac1be80, 0x00007a503ac1c118] Compiler: , Barriers: 0, Oops: 0, ImmediateOops: 0, NonImmediateOops: No
[1,261s][debug][gc,nmethod  ] Register NMethod: java.lang.invoke.MemberName.isStatic (0x00007a501b584788) [0x00007a501b584880, 0x00007a501b584a30] Compiler: c1, Barriers: 0, Oops: 0, ImmediateOops: 0, NonImmediateOops: No
[1,262s][debug][gc,nmethod  ] Register NMethod: jdk.internal.classfile.impl.AbstractPoolEntry$MethodRefEntryImpl.tag (0x00007a503ac1c188) [0x00007a503ac1c280, 0x00007a503ac1c340] Compiler: c1, Barriers: 0, Oops: 0, ImmediateOops: 0, NonImmediateOops: No
[1,262s][debug][gc,nmethod  ] Register NMethod: java.lang.invoke.MethodType.genericMethodType (0x00007a501b584a88) [0x00007a501b584b80, 0x00007a501b5861d0] Compiler: c1, Barriers: 7, Oops: 1, ImmediateOops: 7, NonImmediateOops: No
[1,262s][debug][gc,nmethod  ] Register NMethod: java.util.Arrays.equals (0x00007a501b586208) [0x00007a501b586300, 0x00007a501b5869d0] Compiler: c1, Barriers: 2, Oops: 0, ImmediateOops: 0, NonImmediateOops: No
[1,262s][debug][gc,nmethod  ] Register NMethod: sun.invoke.util.Wrapper.forPrimitiveType (0x00007a501b586a08) [0x00007a501b586b00, 0x00007a501b587e90] Compiler: c1, Barriers: 0, Oops: 1, ImmediateOops: 21, NonImmediateOops: No
[1,262s][debug][gc,nmethod  ] Register NMethod: java.lang.invoke.MethodHandle.linkToStatic (0x00007a503ac1c488) [0x00007a503ac1c580, 0x00007a503ac1c670] Compiler: , Barriers: 0, Oops: 0, ImmediateOops: 0, NonImmediateOops: No
[1,262s][debug][gc,nmethod  ] Register NMethod: java.lang.invoke.MethodHandle.invokeBasic (0x00007a503ac1c788) [0x00007a503ac1c880, 0x00007a503ac1cb18] Compiler: , Barriers: 0, Oops: 0, ImmediateOops: 0, NonImmediateOops: No
[1,262s][debug][gc,nmethod  ] Register NMethod: jdk.internal.classfile.impl.AbstractPoolEntry$AbstractMemberRefEntry.nameAndType (0x00007a501b587f08) [0x00007a501b588000, 0x00007a501b588338] Compiler: c1, Barriers: 1, Oops: 0, ImmediateOops: 0, NonImmediateOops: No
[1,263s][debug][gc,nmethod  ] Register NMethod: jdk.internal.classfile.impl.AbstractPoolEntry$AbstractMemberRefEntry.nameAndType (0x00007a501b588388) [0x00007a501b588480, 0x00007a501b5889d0] Compiler: c1, Barriers: 1, Oops: 0, ImmediateOops: 0, NonImmediateOops: No
[1,263s][debug][gc,nmethod  ] Register NMethod: jdk.internal.classfile.impl.LabelImpl.setBCI (0x00007a503ac1cb88) [0x00007a503ac1cc80, 0x00007a503ac1cd40] Compiler: c1, Barriers: 0, Oops: 0, ImmediateOops: 0, NonImmediateOops: No
[1,263s][debug][gc,nmethod  ] Register NMethod: jdk.internal.classfile.impl.AbstractPoolEntry$NameAndTypeEntryImpl.type (0x00007a501b588a08) [0x00007a501b588b00, 0x00007a501b588e50] Compiler: c1, Barriers: 1, Oops: 0, ImmediateOops: 0, NonImmediateOops: No
[1,263s][debug][gc,nmethod  ] Register NMethod: jdk.internal.classfile.impl.AttributeHolder.withAttribute (0x00007a501b588e88) [0x00007a501b588f80, 0x00007a501b58a1e8] Compiler: c1, Barriers: 9, Oops: 0, ImmediateOops: 0, NonImmediateOops: No
[1,263s][debug][gc,nmethod  ] Register NMethod: java.lang.System$1.uncheckedCountPositives (0x00007a503ac1ce88) [0x00007a503ac1cf80, 0x00007a503ac1d088] Compiler: jvmci, Barriers: 0, Oops: 0, ImmediateOops: 0, NonImmediateOops: No
[1,264s][debug][gc,nmethod  ] Register NMethod: java.lang.invoke.LambdaForm.forceInterpretation (0x00007a501b58a208) [0x00007a501b58a300, 0x00007a501b58a450] Compiler: c1, Barriers: 0, Oops: 0, ImmediateOops: 0, NonImmediateOops: No
[1,264s][debug][gc,nmethod  ] Register NMethod: java.lang.Class.getSuperclass (0x00007a503ac1d188) [0x00007a503ac1d280, 0x00007a503ac1d5a0] Compiler: , Barriers: 0, Oops: 0, ImmediateOops: 0, NonImmediateOops: No
[1,264s][debug][gc,nmethod  ] Register NMethod: jdk.internal.constant.MethodTypeDescImpl.descriptorString (0x00007a501b58a508) [0x00007a501b58a600, 0x00007a501b58a7c0] Compiler: c1, Barriers: 1, Oops: 0, ImmediateOops: 0, NonImmediateOops: No
[1,264s][debug][gc,nmethod  ] Register NMethod: jdk.internal.classfile.impl.SplitConstantPool.utf8Entry (0x00007a501b58a808) [0x00007a501b58a900, 0x00007a501b58ae20] Compiler: c1, Barriers: 5, Oops: 0, ImmediateOops: 0, NonImmediateOops: No
[1,264s][debug][gc,nmethod  ] Register NMethod: java.lang.invoke.MemberName$Factory.resolve (0x00007a501b58ae88) [0x00007a501b58af80, 0x00007a501b58bee8] Compiler: c1, Barriers: 7, Oops: 0, ImmediateOops: 0, NonImmediateOops: No
[1,264s][debug][gc,nmethod  ] Register NMethod: jdk.internal.classfile.impl.DirectMethodBuilder.methodTypeSymbol (0x00007a501b58bf08) [0x00007a501b58c000, 0x00007a501b58c768] Compiler: c1, Barriers: 1, Oops: 0, ImmediateOops: 0, NonImmediateOops: No
[1,264s][debug][gc,nmethod  ] Register NMethod: java.lang.invoke.LambdaForm$Name.index (0x00007a503ac1d608) [0x00007a503ac1d700, 0x00007a503ac1d7c0] Compiler: c1, Barriers: 0, Oops: 0, ImmediateOops: 0, NonImmediateOops: No
[1,264s][debug][gc,nmethod  ] Register NMethod: java.lang.invoke.LambdaForm.argument (0x00007a501b58c788) [0x00007a501b58c880, 0x00007a501b58ccf0] Compiler: c1, Barriers: 2, Oops: 0, ImmediateOops: 1, NonImmediateOops: No
[1,264s][debug][gc,nmethod  ] Register NMethod: java.lang.invoke.MemberName.getName (0x00007a501b58cd08) [0x00007a501b58ce00, 0x00007a501b58d3e8] Compiler: c1, Barriers: 5, Oops: 0, ImmediateOops: 0, NonImmediateOops: No
[1,265s][debug][gc,nmethod  ] Register NMethod: jdk.internal.classfile.impl.DirectCodeBuilder.curPc (0x00007a501b58d408) [0x00007a501b58d500, 0x00007a501b58d810] Compiler: c1, Barriers: 1, Oops: 0, ImmediateOops: 0, NonImmediateOops: No
[1,265s][debug][gc,nmethod  ] Register NMethod: java.lang.invoke.LambdaForm$BasicType.basicTypeKind (0x00007a503ac1d908) [0x00007a503ac1da00, 0x00007a503ac1dae8] Compiler: c1, Barriers: 1, Oops: 0, ImmediateOops: 0, NonImmediateOops: No
[1,265s][debug][gc,nmethod  ] Register NMethod: jdk.internal.classfile.impl.LabelImpl.<init> (0x00007a501b58d888) [0x00007a501b58d980, 0x00007a501b58dbb8] Compiler: c1, Barriers: 3, Oops: 0, ImmediateOops: 0, NonImmediateOops: No
[1,265s][debug][gc,nmethod  ] Register NMethod: jdk.internal.classfile.impl.BufWriterImpl.thisClass (0x00007a503ac1dc08) [0x00007a503ac1dd00, 0x00007a503ac1dde8] Compiler: c1, Barriers: 1, Oops: 0, ImmediateOops: 0, NonImmediateOops: No
[1,265s][debug][gc,nmethod  ] Register NMethod: jdk.internal.classfile.impl.DirectMethodBuilder.methodName (0x00007a503ac1df08) [0x00007a503ac1e000, 0x00007a503ac1e0e8] Compiler: c1, Barriers: 1, Oops: 0, ImmediateOops: 0, NonImmediateOops: No
[1,265s][debug][gc,director ] Rule Major: Warmup 10%, Used: 54MB, UsedThreshold: 1228MB
[1,265s][debug][gc,nmethod  ] Register NMethod: java.lang.ClassLoader.findBootstrapClassOrNull (0x00007a501b58dc08) [0x00007a501b58dd00, 0x00007a501b58dea0] Compiler: c1, Barriers: 0, Oops: 0, ImmediateOops: 0, NonImmediateOops: No
[1,265s][debug][gc,nmethod  ] Register NMethod: java.lang.reflect.Field.getName (0x00007a503ac1e208) [0x00007a503ac1e300, 0x00007a503ac1e3e8] Compiler: c1, Barriers: 1, Oops: 0, ImmediateOops: 0, NonImmediateOops: No
[1,265s][debug][gc,nmethod  ] Register NMethod: java.lang.System$1.findBootstrapClassOrNull (0x00007a501b58df08) [0x00007a501b58e000, 0x00007a501b58e208] Compiler: c1, Barriers: 0, Oops: 0, ImmediateOops: 0, NonImmediateOops: No
[1,265s][debug][gc,nmethod  ] Register NMethod: jdk.internal.classfile.impl.AbstractPoolEntry$ClassEntryImpl.asSymbol (0x00007a501b58e288) [0x00007a501b58e380, 0x00007a501b592910] Compiler: c1, Barriers: 16, Oops: 2, ImmediateOops: 11, NonImmediateOops: No
[1,265s][debug][gc,nmethod  ] Register NMethod: java.io.ObjectStreamField.getSignature (0x00007a501b592988) [0x00007a501b592a80, 0x00007a501b593118] Compiler: c1, Barriers: 6, Oops: 0, ImmediateOops: 0, NonImmediateOops: No
[1,266s][debug][gc,nmethod  ] Register NMethod: java.lang.invoke.LambdaForm.uncustomize (0x00007a501b593188) [0x00007a501b593280, 0x00007a501b5936f8] Compiler: c1, Barriers: 2, Oops: 0, ImmediateOops: 0, NonImmediateOops: No
[1,266s][debug][gc,nmethod  ] Register NMethod: java.util.ArrayList.<init> (0x00007a501b593708) [0x00007a501b593800, 0x00007a501b593aa0] Compiler: c1, Barriers: 3, Oops: 0, ImmediateOops: 1, NonImmediateOops: No
[1,266s][debug][gc,nmethod  ] Register NMethod: jdk.internal.loader.BuiltinClassLoader.loadClass (0x00007a501b593b08) [0x00007a501b593c00, 0x00007a501b593fd8] Compiler: c1, Barriers: 0, Oops: 0, ImmediateOops: 0, NonImmediateOops: No
[1,267s][debug][gc,nmethod  ] Register NMethod: jdk.internal.loader.ClassLoaders$BootClassLoader.loadClassOrNull (0x00007a501b594008) [0x00007a501b594100, 0x00007a501b594380] Compiler: c1, Barriers: 0, Oops: 0, ImmediateOops: 1, NonImmediateOops: No
[1,267s][debug][gc,nmethod  ] Register NMethod: java.lang.ReflectiveOperationException.<init> (0x00007a501b594388) [0x00007a501b594480, 0x00007a501b594610] Compiler: c1, Barriers: 0, Oops: 0, ImmediateOops: 0, NonImmediateOops: No
[1,267s][debug][gc,nmethod  ] Register NMethod: java.lang.Exception.<init> (0x00007a501b594688) [0x00007a501b594780, 0x00007a501b5948b0] Compiler: c1, Barriers: 0, Oops: 0, ImmediateOops: 0, NonImmediateOops: No
[1,267s][debug][gc,nmethod  ] Register NMethod: worker.org.gradle.internal.classloader.FilteringClassLoader$TrieSet.find (0x00007a501b594988) [0x00007a501b594a80, 0x00007a501b594c08] Compiler: c1, Barriers: 1, Oops: 1, ImmediateOops: 0, NonImmediateOops: No
[1,267s][debug][gc,nmethod  ] Register NMethod: java.util.jar.Manifest.getEntries (0x00007a503ac1e508) [0x00007a503ac1e600, 0x00007a503ac1e6e8] Compiler: c1, Barriers: 1, Oops: 0, ImmediateOops: 0, NonImmediateOops: No
[1,267s][debug][gc,nmethod  ] Register NMethod: java.util.jar.Manifest.getMainAttributes (0x00007a503ac1e808) [0x00007a503ac1e900, 0x00007a503ac1e9e8] Compiler: c1, Barriers: 1, Oops: 0, ImmediateOops: 0, NonImmediateOops: No
[1,267s][debug][gc,nmethod  ] Register NMethod: worker.org.gradle.internal.classloader.FilteringClassLoader$Trie.find (0x00007a501b594c88) [0x00007a501b594d80, 0x00007a501b595a40] Compiler: c1, Barriers: 2, Oops: 1, ImmediateOops: 0, NonImmediateOops: No
[1,267s][debug][gc,nmethod  ] Register NMethod: java.lang.Throwable.<init> (0x00007a501b595a88) [0x00007a501b595b80, 0x00007a501b5963c0] Compiler: c1, Barriers: 16, Oops: 0, ImmediateOops: 3, NonImmediateOops: No
[1,267s][debug][gc,nmethod  ] Register NMethod: java.lang.StringLatin1.replace (0x00007a503ac1eb08) [0x00007a503ac1ec00, 0x00007a503ac1f1d8] Compiler: jvmci, Barriers: 2, Oops: 0, ImmediateOops: 0, NonImmediateOops: No
[1,267s][debug][gc,nmethod  ] Register NMethod: java.lang.Math.clamp (0x00007a501b596408) [0x00007a501b596500, 0x00007a501b5975c8] Compiler: c1, Barriers: 0, Oops: 1, ImmediateOops: 2, NonImmediateOops: No
[1,268s][debug][gc,nmethod  ] Register NMethod: java.lang.String.indexOf (0x00007a501b597608) [0x00007a501b597700, 0x00007a501b597f20] Compiler: c1, Barriers: 1, Oops: 0, ImmediateOops: 0, NonImmediateOops: No
[1,268s][debug][gc,nmethod  ] Register NMethod: java.lang.String.indexOf (0x00007a501b597f88) [0x00007a501b598080, 0x00007a501b598b38] Compiler: c1, Barriers: 1, Oops: 0, ImmediateOops: 0, NonImmediateOops: No
[1,268s][debug][gc,nmethod  ] Register NMethod: sun.net.www.ParseUtil.encodePath (0x00007a501b598b88) [0x00007a501b598c80, 0x00007a501b598e68] Compiler: c1, Barriers: 0, Oops: 0, ImmediateOops: 0, NonImmediateOops: No
[1,270s][debug][gc,nmethod  ] Register NMethod: jdk.internal.loader.URLClassPath.getResource (0x00007a501b598e88) [0x00007a501b598f80, 0x00007a501b5993e8] Compiler: c1, Barriers: 0, Oops: 0, ImmediateOops: 0, NonImmediateOops: No
[1,270s][debug][gc,nmethod  ] Register NMethod: java.util.concurrent.ConcurrentHashMap.computeIfAbsent (0x00007a501b599408) [0x00007a501b599500, 0x00007a501b59c6a0] Compiler: c1, Barriers: 24, Oops: 0, ImmediateOops: 2, NonImmediateOops: No
[1,270s][debug][gc,nmethod  ] Register NMethod: java.util.WeakHashMap.remove (0x00007a501b59c708) [0x00007a501b59c800, 0x00007a501b59dc10] Compiler: c1, Barriers: 12, Oops: 0, ImmediateOops: 1, NonImmediateOops: No
[1,272s][debug][gc,nmethod  ] Register NMethod: sun.net.util.URLUtil.urlNoFragString (0x00007a501b59dc88) [0x00007a501b59dd80, 0x00007a501b5a0e68] Compiler: c1, Barriers: 7, Oops: 3, ImmediateOops: 10, NonImmediateOops: No
[1,273s][debug][gc,nmethod  ] Register NMethod: java.lang.ClassLoader.loadClass (0x00007a501b5a0e88) [0x00007a501b5a0f80, 0x00007a501b5a23c0] Compiler: c1, Barriers: 1, Oops: 2, ImmediateOops: 3, NonImmediateOops: No
[1,273s][debug][gc,nmethod  ] Register NMethod: worker.org.gradle.internal.classloader.FilteringClassLoader.loadClass (0x00007a501b5a2408) [0x00007a501b5a2500, 0x00007a501b5a3d18] Compiler: c1, Barriers: 0, Oops: 3, ImmediateOops: 3, NonImmediateOops: No
[1,273s][debug][gc,nmethod  ] Register NMethod: java.util.zip.ZipFile.getZipEntry (0x00007a501b5a3d88) [0x00007a501b5a3e80, 0x00007a501b5a5d18] Compiler: c1, Barriers: 17, Oops: 0, ImmediateOops: 2, NonImmediateOops: No
[1,274s][debug][gc,nmethod  ] Register NMethod: java.lang.StringBuilder.append (0x00007a503ac1f208) [0x00007a503ac1f300, 0x00007a503ac1fab0] Compiler: jvmci, Barriers: 5, Oops: 0, ImmediateOops: 0, NonImmediateOops: No
[1,274s][debug][gc,nmethod  ] Register NMethod: jdk.internal.classfile.impl.DirectCodeBuilder.aload (0x00007a501b5a5d88) [0x00007a501b5a5e80, 0x00007a501b5a6270] Compiler: c1, Barriers: 1, Oops: 0, ImmediateOops: 0, NonImmediateOops: No
[1,275s][debug][gc,nmethod  ] Register NMethod: java.lang.invoke.MethodHandle.<init> (0x00007a501b5a6288) [0x00007a501b5a6380, 0x00007a501b5a68f8] Compiler: c1, Barriers: 6, Oops: 0, ImmediateOops: 0, NonImmediateOops: No
[1,275s][debug][gc,nmethod  ] Register NMethod: java.lang.invoke.LambdaForm.prepare (0x00007a501b5a6908) [0x00007a501b5a6a00, 0x00007a501b5a78e0] Compiler: c1, Barriers: 6, Oops: 0, ImmediateOops: 0, NonImmediateOops: No
[1,275s][debug][gc,director ] Rule Major: Warmup 10%, Used: 56MB, UsedThreshold: 1228MB
[1,275s][debug][gc,nmethod  ] Register NMethod: java.lang.System.identityHashCode (0x00007a503ac1fb08) [0x00007a503ac1fc00, 0x00007a503ac1fd90] Compiler: , Barriers: 0, Oops: 0, ImmediateOops: 1, NonImmediateOops: No
[1,276s][debug][gc,nmethod  ] Register NMethod: java.util.ImmutableCollections$AbstractImmutableList.<init> (0x00007a501b5a7908) [0x00007a501b5a7a00, 0x00007a501b5a7c18] Compiler: c1, Barriers: 0, Oops: 0, ImmediateOops: 0, NonImmediateOops: No
[1,276s][debug][gc,nmethod  ] Register NMethod: jdk.internal.classfile.impl.SplitConstantPool.nameAndTypeEntry (0x00007a501b5a7c88) [0x00007a501b5a7d80, 0x00007a501b5a8078] Compiler: c1, Barriers: 0, Oops: 0, ImmediateOops: 0, NonImmediateOops: No
[1,276s][debug][gc,nmethod  ] Register NMethod: java.lang.CharacterDataLatin1.getProperties (0x00007a503ac1fe08) [0x00007a503ac1ff00, 0x00007a503ac1ffd0] Compiler: jvmci, Barriers: 0, Oops: 0, ImmediateOops: 1, NonImmediateOops: No
[1,276s][debug][gc,nmethod  ] Register NMethod: jdk.internal.classfile.impl.BufWriterImpl.constantPool (0x00007a503ac20108) [0x00007a503ac20200, 0x00007a503ac202e8] Compiler: c1, Barriers: 1, Oops: 0, ImmediateOops: 0, NonImmediateOops: No
[1,276s][debug][gc,nmethod  ] Register NMethod: jdk.internal.classfile.impl.AbstractAttributeMapper.name (0x00007a503ac20408) [0x00007a503ac20500, 0x00007a503ac205e8] Compiler: c1, Barriers: 1, Oops: 0, ImmediateOops: 0, NonImmediateOops: No
[1,276s][debug][gc,nmethod  ] Register NMethod: java.util.BitSet.wordIndex (0x00007a501b5a8088) [0x00007a501b5a8180, 0x00007a501b5a8268] Compiler: c1, Barriers: 0, Oops: 0, ImmediateOops: 0, NonImmediateOops: No
[1,276s][debug][gc,nmethod  ] Register NMethod: jdk.internal.classfile.impl.SplitConstantPool.nameAndTypeEntry (0x00007a501b5a8388) [0x00007a501b5a8480, 0x00007a501b5a9180] Compiler: c1, Barriers: 0, Oops: 0, ImmediateOops: 0, NonImmediateOops: No
[1,276s][debug][gc,nmethod  ] Register NMethod: java.util.ImmutableCollections$ListN.size (0x00007a501b5a9188) [0x00007a501b5a9280, 0x00007a501b5a93b8] Compiler: c1, Barriers: 1, Oops: 0, ImmediateOops: 0, NonImmediateOops: No
[1,276s][debug][gc,nmethod  ] Register NMethod: jdk.internal.classfile.impl.BufWriterImpl.setLabelContext (0x00007a501b5a9488) [0x00007a501b5a9580, 0x00007a501b5a96f8] Compiler: c1, Barriers: 3, Oops: 0, ImmediateOops: 0, NonImmediateOops: No
[1,276s][debug][gc,nmethod  ] Register NMethod: java.util.BitSet.checkInvariants (0x00007a501b5a9788) [0x00007a501b5a9880, 0x00007a501b5a99b0] Compiler: c1, Barriers: 0, Oops: 0, ImmediateOops: 0, NonImmediateOops: No
[1,276s][debug][gc,nmethod  ] Register NMethod: java.util.BitSet.expandTo (0x00007a501b5a9a88) [0x00007a501b5a9b80, 0x00007a501b5a9d08] Compiler: c1, Barriers: 0, Oops: 0, ImmediateOops: 0, NonImmediateOops: No
[1,276s][debug][gc,nmethod  ] Register NMethod: jdk.internal.classfile.impl.BufWriterImpl.writeU2U2U2 (0x00007a501b5a9d88) [0x00007a501b5a9e80, 0x00007a501b5aa3a0] Compiler: c1, Barriers: 2, Oops: 0, ImmediateOops: 0, NonImmediateOops: No
[1,276s][debug][gc,nmethod  ] Register NMethod: jdk.internal.misc.Unsafe.getCharUnaligned (0x00007a501b5aa408) [0x00007a501b5aa500, 0x00007a501b5aa728] Compiler: c1, Barriers: 0, Oops: 0, ImmediateOops: 0, NonImmediateOops: No
[1,277s][debug][gc,nmethod  ] Register NMethod: java.util.BitSet.set (0x00007a501b5aa788) [0x00007a501b5aa880, 0x00007a501b5ab7c8] Compiler: c1, Barriers: 1, Oops: 1, ImmediateOops: 2, NonImmediateOops: No
[1,277s][debug][gc,nmethod  ] Register NMethod: java.lang.reflect.Method.getModifiers (0x00007a503ac20708) [0x00007a503ac20800, 0x00007a503ac208c0] Compiler: c1, Barriers: 0, Oops: 0, ImmediateOops: 0, NonImmediateOops: No
[1,277s][debug][gc,nmethod  ] Register NMethod: java.lang.Class.reflectionData (0x00007a501b5ab808) [0x00007a501b5ab900, 0x00007a501b5abf58] Compiler: c1, Barriers: 1, Oops: 0, ImmediateOops: 0, NonImmediateOops: No
[1,277s][debug][gc,nmethod  ] Register NMethod: java.lang.Module.isNamed (0x00007a501b5abf88) [0x00007a501b5ac080, 0x00007a501b5ac200] Compiler: c1, Barriers: 1, Oops: 0, ImmediateOops: 0, NonImmediateOops: No
[1,277s][debug][gc,nmethod  ] Register NMethod: jdk.internal.classfile.impl.BufWriterImpl.<init> (0x00007a501b5ac288) [0x00007a501b5ac380, 0x00007a501b5ac750] Compiler: c1, Barriers: 12, Oops: 0, ImmediateOops: 0, NonImmediateOops: No
[1,277s][debug][gc,nmethod  ] Register NMethod: jdk.internal.constant.ClassOrInterfaceDescImpl.equals (0x00007a501b5ac788) [0x00007a501b5ac880, 0x00007a501b5ad0a8] Compiler: c1, Barriers: 2, Oops: 0, ImmediateOops: 0, NonImmediateOops: No
[1,277s][debug][gc,nmethod  ] Register NMethod: jdk.internal.classfile.impl.AbstractPoolEntry$ClassEntryImpl.<init> (0x00007a501b5ad108) [0x00007a501b5ad200, 0x00007a501b5ad3e8] Compiler: c1, Barriers: 3, Oops: 0, ImmediateOops: 0, NonImmediateOops: No
[1,277s][debug][gc,nmethod  ] Register NMethod: jdk.internal.classfile.impl.DirectCodeBuilder.constantPool (0x00007a501b5ad408) [0x00007a501b5ad500, 0x00007a501b5ad640] Compiler: c1, Barriers: 1, Oops: 0, ImmediateOops: 0, NonImmediateOops: No
[1,277s][debug][gc,nmethod  ] Register NMethod: jdk.internal.classfile.impl.StackMapDecoder$StackMapFrameImpl.stack (0x00007a503ac20a08) [0x00007a503ac20b00, 0x00007a503ac20be8] Compiler: c1, Barriers: 1, Oops: 0, ImmediateOops: 0, NonImmediateOops: No
[1,277s][debug][gc,nmethod  ] Register NMethod: jdk.internal.classfile.impl.StackCounter.addStackSlot (0x00007a501b5ad708) [0x00007a501b5ad800, 0x00007a501b5ad938] Compiler: c1, Barriers: 0, Oops: 0, ImmediateOops: 0, NonImmediateOops: No
[1,277s][debug][gc,nmethod  ] Register NMethod: java.lang.reflect.Array.newInstance (0x00007a501b5ada08) [0x00007a501b5adb00, 0x00007a501b5adc10] Compiler: c1, Barriers: 0, Oops: 0, ImmediateOops: 0, NonImmediateOops: No
[1,277s][debug][gc,nmethod  ] Register NMethod: jdk.internal.classfile.impl.RawBytecodeHelper.<init> (0x00007a501b5add08) [0x00007a501b5ade00, 0x00007a501b5adfd0] Compiler: c1, Barriers: 3, Oops: 0, ImmediateOops: 0, NonImmediateOops: No
[1,277s][debug][gc,nmethod  ] Register NMethod: jdk.internal.classfile.impl.RawBytecodeHelper$CodeRange.start (0x00007a501b5ae008) [0x00007a501b5ae100, 0x00007a501b5ae388] Compiler: c1, Barriers: 3, Oops: 0, ImmediateOops: 0, NonImmediateOops: No
[1,278s][debug][gc,nmethod  ] Register NMethod: jdk.internal.classfile.impl.DirectCodeBuilder.labelToBci (0x00007a501b5ae408) [0x00007a501b5ae500, 0x00007a501b5aec70] Compiler: c1, Barriers: 1, Oops: 0, ImmediateOops: 0, NonImmediateOops: No
[1,278s][debug][gc,nmethod  ] Register NMethod: java.lang.reflect.Method.getSharedParameterTypes (0x00007a503ac20d08) [0x00007a503ac20e00, 0x00007a503ac20ee8] Compiler: c1, Barriers: 1, Oops: 0, ImmediateOops: 0, NonImmediateOops: No
[1,278s][debug][gc,nmethod  ] Register NMethod: jdk.internal.classfile.impl.RawBytecodeHelper.endBci (0x00007a503ac21008) [0x00007a503ac21100, 0x00007a503ac211e0] Compiler: jvmci, Barriers: 1, Oops: 0, ImmediateOops: 0, NonImmediateOops: No
[1,278s][debug][gc,nmethod  ] Register NMethod: jdk.internal.classfile.impl.BufWriterImpl.writeIndex (0x00007a501b5aec88) [0x00007a501b5aed80, 0x00007a501b5b1518] Compiler: c1, Barriers: 3, Oops: 1, ImmediateOops: 3, NonImmediateOops: No
[1,279s][debug][gc,nmethod  ] Register NMethod: sun.reflect.generics.parser.SignatureParser.current (0x00007a501b5b1588) [0x00007a501b5b1680, 0x00007a501b5b2490] Compiler: c1, Barriers: 2, Oops: 1, ImmediateOops: 2, NonImmediateOops: No
[1,279s][debug][gc,nmethod  ] Register NMethod: java.lang.invoke.DirectMethodHandle.constructorMethod (0x00007a501b5b2508) [0x00007a501b5b2600, 0x00007a501b5b2920] Compiler: c1, Barriers: 1, Oops: 0, ImmediateOops: 0, NonImmediateOops: No
[1,279s][debug][gc,nmethod  ] Register NMethod: sun.reflect.generics.parser.SignatureParser.advance (0x00007a501b5b2988) [0x00007a501b5b2a80, 0x00007a501b5b3098] Compiler: c1, Barriers: 2, Oops: 0, ImmediateOops: 0, NonImmediateOops: No
[1,279s][debug][gc,nmethod  ] Register NMethod: java.lang.invoke.DirectMethodHandle.allocateInstance (0x00007a501b5b3108) [0x00007a501b5b3200, 0x00007a501b5b3720] Compiler: c1, Barriers: 1, Oops: 0, ImmediateOops: 1, NonImmediateOops: No
[1,279s][debug][gc,nmethod  ] Register NMethod: java.lang.Class.getModifiers (0x00007a503ac21308) [0x00007a503ac21400, 0x00007a503ac214c0] Compiler: c1, Barriers: 0, Oops: 0, ImmediateOops: 0, NonImmediateOops: No
[1,279s][debug][gc,nmethod  ] Register NMethod: java.lang.Character.isWhitespace (0x00007a501b5b3788) [0x00007a501b5b3880, 0x00007a501b5b3bb0] Compiler: c1, Barriers: 0, Oops: 0, ImmediateOops: 0, NonImmediateOops: No
[1,279s][debug][gc,nmethod  ] Register NMethod: java.lang.Character.isWhitespace (0x00007a501b5b3c08) [0x00007a501b5b3d00, 0x00007a501b5b4088] Compiler: c1, Barriers: 0, Oops: 0, ImmediateOops: 0, NonImmediateOops: No
[1,279s][debug][gc,nmethod  ] Register NMethod: java.lang.reflect.Method.getReturnType (0x00007a503ac21608) [0x00007a503ac21700, 0x00007a503ac217e8] Compiler: c1, Barriers: 1, Oops: 0, ImmediateOops: 0, NonImmediateOops: No
[1,279s][debug][gc,nmethod  ] Register NMethod: java.lang.CharacterDataLatin1.isWhitespace (0x00007a501b5b4108) [0x00007a501b5b4200, 0x00007a501b5b45a0] Compiler: c1, Barriers: 0, Oops: 0, ImmediateOops: 1, NonImmediateOops: No
[1,279s][debug][gc,nmethod  ] Register NMethod: java.lang.ClassLoader.getDefinedPackage (0x00007a501b5b4608) [0x00007a501b5b4700, 0x00007a501b5b5058] Compiler: c1, Barriers: 2, Oops: 1, ImmediateOops: 1, NonImmediateOops: No
[1,280s][debug][gc,nmethod  ] Register NMethod: java.util.WeakHashMap.put (0x00007a501b5b5088) [0x00007a501b5b5180, 0x00007a501b5b6c68] Compiler: c1, Barriers: 26, Oops: 0, ImmediateOops: 2, NonImmediateOops: No
[1,281s][debug][gc,nmethod  ] Register NMethod: java.lang.invoke.MethodHandle.linkToStatic (0x00007a503ac21908) [0x00007a503ac21a00, 0x00007a503ac21af0] Compiler: , Barriers: 0, Oops: 0, ImmediateOops: 0, NonImmediateOops: No
[1,281s][debug][gc,nmethod  ] Register NMethod: java.util.ArrayList.iterator (0x00007a501b5b6c88) [0x00007a501b5b6d80, 0x00007a501b5b7080] Compiler: c1, Barriers: 3, Oops: 0, ImmediateOops: 0, NonImmediateOops: No
[1,281s][debug][gc,nmethod  ] Register NMethod: java.lang.invoke.MethodHandle.linkToStatic (0x00007a503ac21c08) [0x00007a503ac21d00, 0x00007a503ac21df0] Compiler: , Barriers: 0, Oops: 0, ImmediateOops: 0, NonImmediateOops: No
[1,281s][debug][gc,nmethod  ] Register NMethod: java.util.ArrayList$Itr.<init> (0x00007a501b5b7088) [0x00007a501b5b7180, 0x00007a501b5b74b0] Compiler: c1, Barriers: 3, Oops: 0, ImmediateOops: 0, NonImmediateOops: No
[1,281s][debug][gc,nmethod  ] Register NMethod: java.lang.invoke.MethodHandle.linkToVirtual (0x00007a503ac21f08) [0x00007a503ac22000, 0x00007a503ac22028] Compiler: , Barriers: 0, Oops: 0, ImmediateOops: 0, NonImmediateOops: No
[1,281s][debug][gc,nmethod  ] Register NMethod: java.lang.invoke.MethodHandle.linkToVirtual (0x00007a503ac22208) [0x00007a503ac22300, 0x00007a503ac22328] Compiler: , Barriers: 0, Oops: 0, ImmediateOops: 0, NonImmediateOops: No
[1,281s][debug][gc,nmethod  ] Register NMethod: jdk.internal.classfile.impl.AbstractPoolEntry$AbstractMemberRefEntry.<init> (0x00007a501b5b7508) [0x00007a501b5b7600, 0x00007a501b5b7730] Compiler: c1, Barriers: 0, Oops: 0, ImmediateOops: 0, NonImmediateOops: No
[1,282s][debug][gc,nmethod  ] Register NMethod: java.lang.invoke.LambdaForm$BasicType.basicTypeClass (0x00007a503ac22508) [0x00007a503ac22600, 0x00007a503ac226e8] Compiler: c1, Barriers: 1, Oops: 0, ImmediateOops: 0, NonImmediateOops: No
[1,282s][debug][gc,nmethod  ] Register NMethod: java.lang.invoke.InvokerBytecodeGenerator.classDesc (0x00007a501b5b7808) [0x00007a501b5b7900, 0x00007a501b5b8c10] Compiler: c1, Barriers: 3, Oops: 1, ImmediateOops: 12, NonImmediateOops: No
[1,282s][debug][gc,nmethod  ] Register NMethod: jdk.internal.classfile.impl.BufWriterImpl.writeU2U2 (0x00007a501b5b8c88) [0x00007a501b5b8d80, 0x00007a501b5b9248] Compiler: c1, Barriers: 2, Oops: 0, ImmediateOops: 0, NonImmediateOops: No
[1,282s][debug][gc,nmethod  ] Register NMethod: jdk.internal.classfile.impl.ClassReaderImpl.checkType (0x00007a501b5b9288) [0x00007a501b5b9380, 0x00007a501b5b9e60] Compiler: c1, Barriers: 0, Oops: 0, ImmediateOops: 0, NonImmediateOops: No
[1,282s][debug][gc,nmethod  ] Register NMethod: jdk.internal.classfile.impl.SplitConstantPool.entryByIndex (0x00007a501b5b9e88) [0x00007a501b5b9f80, 0x00007a501b5bacd0] Compiler: c1, Barriers: 0, Oops: 0, ImmediateOops: 0, NonImmediateOops: No
[1,282s][debug][gc,nmethod  ] Register NMethod: java.lang.invoke.LambdaForm$NamedFunction.methodType (0x00007a501b5bad08) [0x00007a501b5bae00, 0x00007a501b5bb4e8] Compiler: c1, Barriers: 7, Oops: 0, ImmediateOops: 0, NonImmediateOops: No
[1,282s][debug][gc,nmethod  ] Register NMethod: java.lang.invoke.MethodType.erase (0x00007a501b5bb508) [0x00007a501b5bb600, 0x00007a501b5bb940] Compiler: c1, Barriers: 2, Oops: 0, ImmediateOops: 0, NonImmediateOops: No
[1,282s][debug][gc,nmethod  ] Register NMethod: java.lang.ClassNotFoundException.<init> (0x00007a501b5bb988) [0x00007a501b5bba80, 0x00007a501b5bbc80] Compiler: c1, Barriers: 0, Oops: 0, ImmediateOops: 0, NonImmediateOops: No
[1,282s][debug][gc,nmethod  ] Register NMethod: java.util.HashMap.get (0x00007a503ac22808) [0x00007a503ac22900, 0x00007a503ac230e0] Compiler: jvmci, Barriers: 12, Oops: 0, ImmediateOops: 0, NonImmediateOops: No
[1,283s][debug][gc,nmethod  ] Register NMethod: java.net.URL.<init> (0x00007a501b5bbc88) [0x00007a501b5bbd80, 0x00007a501b5bbec0] Compiler: c1, Barriers: 0, Oops: 0, ImmediateOops: 0, NonImmediateOops: No
[1,283s][debug][gc,nmethod  ] Register NMethod: java.net.URL.set (0x00007a501b5bbf88) [0x00007a501b5bc080, 0x00007a501b5bd578] Compiler: c1, Barriers: 27, Oops: 1, ImmediateOops: 2, NonImmediateOops: No
[1,283s][debug][gc,nmethod  ] Register NMethod: java.net.URLStreamHandler.setURL (0x00007a501b5bd588) [0x00007a501b5bd680, 0x00007a501b5bf2b8] Compiler: c1, Barriers: 5, Oops: 1, ImmediateOops: 3, NonImmediateOops: No
[1,284s][debug][gc,nmethod  ] Register NMethod: java.util.Arrays.fill (0x00007a501b5bf308) [0x00007a501b5bf400, 0x00007a501b5bf828] Compiler: c1, Barriers: 3, Oops: 0, ImmediateOops: 0, NonImmediateOops: No
[1,285s][debug][gc,nmethod  ] Register NMethod: java.lang.invoke.MethodTypeForm.cachedLambdaForm (0x00007a501b5bf888) [0x00007a501b5bf980, 0x00007a501b5bff78] Compiler: c1, Barriers: 2, Oops: 0, ImmediateOops: 0, NonImmediateOops: No
[1,285s][debug][gc,nmethod  ] Register NMethod: java.lang.invoke.InnerClassLambdaMetafactory.classDesc (0x00007a501b5bff88) [0x00007a501b5c0080, 0x00007a501b5c1138] Compiler: c1, Barriers: 3, Oops: 1, ImmediateOops: 2, NonImmediateOops: No
[1,285s][debug][gc,nmethod  ] Register NMethod: jdk.internal.classfile.impl.BufWriterImpl.getMajorVersion (0x00007a503ac23108) [0x00007a503ac23200, 0x00007a503ac232c0] Compiler: c1, Barriers: 0, Oops: 0, ImmediateOops: 0, NonImmediateOops: No
[1,285s][debug][gc,nmethod  ] Register NMethod: jdk.internal.classfile.impl.StackMapGenerator.maxStack (0x00007a503ac23408) [0x00007a503ac23500, 0x00007a503ac235c0] Compiler: c1, Barriers: 0, Oops: 0, ImmediateOops: 0, NonImmediateOops: No
[1,285s][debug][gc,nmethod  ] Register NMethod: jdk.internal.classfile.impl.RawBytecodeHelper$CodeRange.length (0x00007a503ac23708) [0x00007a503ac23800, 0x00007a503ac238c0] Compiler: c1, Barriers: 0, Oops: 0, ImmediateOops: 0, NonImmediateOops: No
[1,285s][debug][gc,nmethod  ] Register NMethod: jdk.internal.classfile.impl.StackMapGenerator.maxLocals (0x00007a503ac23a08) [0x00007a503ac23b00, 0x00007a503ac23bc0] Compiler: c1, Barriers: 0, Oops: 0, ImmediateOops: 0, NonImmediateOops: No
[1,285s][debug][gc,nmethod  ] Register NMethod: java.lang.invoke.MethodType.basicType (0x00007a501b5c1188) [0x00007a501b5c1280, 0x00007a501b5c15c0] Compiler: c1, Barriers: 2, Oops: 0, ImmediateOops: 0, NonImmediateOops: No
[1,285s][debug][gc,nmethod  ] Register NMethod: java.lang.invoke.LambdaForm$Holder.constant_L (0x00007a501b5c1608) [0x00007a501b5c1700, 0x00007a501b5c1a20] Compiler: c1, Barriers: 1, Oops: 0, ImmediateOops: 0, NonImmediateOops: No
[1,285s][debug][gc,nmethod  ] Register NMethod: java.lang.invoke.Invokers$Holder.linkToTargetMethod (0x00007a501b5c1a88) [0x00007a501b5c1b80, 0x00007a501b5c2068] Compiler: c1, Barriers: 0, Oops: 0, ImmediateOops: 0, NonImmediateOops: No
[1,285s][debug][gc,nmethod  ] Register NMethod: java.net.URL.<init> (0x00007a501b5c2088) [0x00007a501b5c2180, 0x00007a501b5c8898] Compiler: c1, Barriers: 55, Oops: 4, ImmediateOops: 14, NonImmediateOops: No
[1,285s][debug][gc,director ] Rule Major: Warmup 10%, Used: 56MB, UsedThreshold: 1228MB
[1,286s][debug][gc,nmethod  ] Register NMethod: java.lang.invoke.MethodHandle.linkToSpecial (0x00007a503ac23d08) [0x00007a503ac23e00, 0x00007a503ac23ef8] Compiler: , Barriers: 0, Oops: 0, ImmediateOops: 0, NonImmediateOops: No
[1,286s][debug][gc,nmethod  ] Register NMethod: java.lang.invoke.MethodType.parameterSlotCount (0x00007a501b5c8908) [0x00007a501b5c8a00, 0x00007a501b5c8d10] Compiler: c1, Barriers: 1, Oops: 0, ImmediateOops: 0, NonImmediateOops: No
[1,287s][debug][gc,nmethod  ] Register NMethod: java.lang.invoke.MethodType.parameterType (0x00007a503ac24008) [0x00007a503ac24100, 0x00007a503ac24240] Compiler: jvmci, Barriers: 2, Oops: 0, ImmediateOops: 0, NonImmediateOops: No
[1,287s][debug][gc,nmethod  ] Register NMethod: java.lang.Double.longBitsToDouble (0x00007a503ac24308) [0x00007a503ac24400, 0x00007a503ac24560] Compiler: , Barriers: 0, Oops: 0, ImmediateOops: 1, NonImmediateOops: No
[1,287s][debug][gc,nmethod  ] Register NMethod: jdk.internal.util.ClassFileDumper.isEnabled (0x00007a503ac24608) [0x00007a503ac24700, 0x00007a503ac247c0] Compiler: c1, Barriers: 0, Oops: 0, ImmediateOops: 0, NonImmediateOops: No
[1,288s][debug][gc,nmethod  ] Register NMethod: java.util.Properties$LineReader.readLine (0x00007a501b5c8d88) [0x00007a501b5c8e80, 0x00007a501b5cc388] Compiler: c1, Barriers: 14, Oops: 0, ImmediateOops: 0, NonImmediateOops: No
[1,289s][debug][gc,nmethod  ] Register NMethod: java.lang.invoke.MethodType.parameterCount (0x00007a503ac24908) [0x00007a503ac24a00, 0x00007a503ac24ae0] Compiler: jvmci, Barriers: 1, Oops: 0, ImmediateOops: 0, NonImmediateOops: No
[1,289s][debug][gc,nmethod  ] Register NMethod: java.lang.Class.getReflectionFactory (0x00007a501b5cc408) [0x00007a501b5cc500, 0x00007a501b5cc778] Compiler: c1, Barriers: 4, Oops: 0, ImmediateOops: 4, NonImmediateOops: No
[1,292s][debug][gc,nmethod  ] Register NMethod: java.util.concurrent.ConcurrentHashMap.setTabAt (0x00007a503ac24c08) [0x00007a503ac24d00, 0x00007a503ac24dd0] Compiler: jvmci, Barriers: 3, Oops: 0, ImmediateOops: 0, NonImmediateOops: No
[1,294s][debug][gc,nmethod  ] Register NMethod: sun.net.www.protocol.jar.Handler.parseURL (0x00007a501b5cc788) [0x00007a501b5cc880, 0x00007a501b5ce398] Compiler: c1, Barriers: 3, Oops: 0, ImmediateOops: 3, NonImmediateOops: No
[1,294s][debug][gc,nmethod  ] Register NMethod: sun.net.www.protocol.jar.Handler.indexOfBangSlash (0x00007a501b5ce408) [0x00007a501b5ce500, 0x00007a501b5cfe00] Compiler: c1, Barriers: 4, Oops: 1, ImmediateOops: 2, NonImmediateOops: No
[1,294s][debug][gc,nmethod  ] Register NMethod: sun.net.www.protocol.jar.Handler.canonicalizeString (0x00007a501b5cfe88) [0x00007a501b5cff80, 0x00007a501b5d2630] Compiler: c1, Barriers: 4, Oops: 1, ImmediateOops: 4, NonImmediateOops: No
[1,294s][debug][gc,nmethod  ] Register NMethod: jdk.internal.loader.URLClassPath$JarLoader$1.<init> (0x00007a501b5d2688) [0x00007a501b5d2780, 0x00007a501b5d2ce0] Compiler: c1, Barriers: 15, Oops: 0, ImmediateOops: 0, NonImmediateOops: No
[1,294s][debug][gc,nmethod  ] Register NMethod: jdk.internal.loader.Resource.<init> (0x00007a501b5d2d08) [0x00007a501b5d2e00, 0x00007a501b5d2f58] Compiler: c1, Barriers: 0, Oops: 0, ImmediateOops: 0, NonImmediateOops: No
[1,294s][debug][gc,nmethod  ] Register NMethod: java.lang.ClassLoader.addClass (0x00007a501b5d3008) [0x00007a501b5d3100, 0x00007a501b5d3900] Compiler: c1, Barriers: 6, Oops: 0, ImmediateOops: 0, NonImmediateOops: No
[1,294s][debug][gc,nmethod  ] Register NMethod: sun.net.www.protocol.jar.Handler.parseContextSpec (0x00007a501b5d3908) [0x00007a501b5d3a00, 0x00007a501b5d77b0] Compiler: c1, Barriers: 11, Oops: 3, ImmediateOops: 8, NonImmediateOops: No
[1,294s][debug][gc,nmethod  ] Register NMethod: java.net.URLStreamHandler.setURL (0x00007a501b5d7808) [0x00007a501b5d7900, 0x00007a501b5dbcb0] Compiler: c1, Barriers: 5, Oops: 1, ImmediateOops: 2, NonImmediateOops: No
[1,294s][debug][gc,nmethod  ] Register NMethod: jdk.internal.loader.Resource.getBytes (0x00007a501b5dbd08) [0x00007a501b5dbe00, 0x00007a501b5dd2f0] Compiler: c1, Barriers: 9, Oops: 0, ImmediateOops: 1, NonImmediateOops: No
[1,294s][debug][gc,nmethod  ] Register NMethod: jdk.internal.loader.URLClassPath$JarLoader$1.getCodeSourceURL (0x00007a501b5dd308) [0x00007a501b5dd400, 0x00007a501b5dd568] Compiler: c1, Barriers: 2, Oops: 0, ImmediateOops: 0, NonImmediateOops: No
[1,294s][debug][gc,nmethod  ] Register NMethod: java.util.jar.JarFile.getInputStream (0x00007a501b5dd608) [0x00007a501b5dd700, 0x00007a501b5de050] Compiler: c1, Barriers: 3, Oops: 1, ImmediateOops: 1, NonImmediateOops: No
[1,294s][debug][gc,nmethod  ] Register NMethod: java.lang.invoke.MethodHandle.linkToVirtual (0x00007a503ac24f08) [0x00007a503ac25000, 0x00007a503ac25028] Compiler: , Barriers: 0, Oops: 0, ImmediateOops: 0, NonImmediateOops: No
[1,294s][debug][gc,nmethod  ] Register NMethod: java.util.jar.JavaUtilJarAccessImpl.ensureInitialization (0x00007a501b5de088) [0x00007a501b5de180, 0x00007a501b5de480] Compiler: c1, Barriers: 0, Oops: 0, ImmediateOops: 0, NonImmediateOops: No
[1,295s][debug][gc,nmethod  ] Register NMethod: java.util.jar.JarFile.getManifest (0x00007a501b5de488) [0x00007a501b5de580, 0x00007a501b5de6b0] Compiler: c1, Barriers: 0, Oops: 0, ImmediateOops: 0, NonImmediateOops: No
[1,295s][debug][gc,nmethod  ] Register NMethod: java.lang.ClassLoader.postDefineClass (0x00007a501b5de788) [0x00007a501b5de880, 0x00007a501b5dfd80] Compiler: c1, Barriers: 6, Oops: 0, ImmediateOops: 0, NonImmediateOops: No
[1,295s][debug][gc,nmethod  ] Register NMethod: java.lang.ClassLoader.getNamedPackage (0x00007a501b5dfd88) [0x00007a501b5dfe80, 0x00007a501b5e0808] Compiler: c1, Barriers: 2, Oops: 0, ImmediateOops: 0, NonImmediateOops: No
[1,295s][debug][gc,nmethod  ] Register NMethod: java.util.jar.JarFile.ensureInitialization (0x00007a501b5e0888) [0x00007a501b5e0980, 0x00007a501b5e1170] Compiler: c1, Barriers: 4, Oops: 0, ImmediateOops: 0, NonImmediateOops: No
[1,295s][debug][gc,nmethod  ] Register NMethod: jdk.internal.loader.Resource.getByteBuffer (0x00007a501b5e1188) [0x00007a501b5e1280, 0x00007a501b5e1ff8] Compiler: c1, Barriers: 8, Oops: 0, ImmediateOops: 0, NonImmediateOops: No
[1,295s][debug][gc,nmethod  ] Register NMethod: java.util.zip.CRC32.<init> (0x00007a501b5e2008) [0x00007a501b5e2100, 0x00007a501b5e2258] Compiler: c1, Barriers: 0, Oops: 0, ImmediateOops: 0, NonImmediateOops: No
[1,295s][debug][gc,nmethod  ] Register NMethod: jdk.internal.loader.URLClassPath$JarLoader$1.getContentLength (0x00007a501b5e2308) [0x00007a501b5e2400, 0x00007a501b5e2718] Compiler: c1, Barriers: 1, Oops: 0, ImmediateOops: 0, NonImmediateOops: No
[1,295s][debug][gc,nmethod  ] Register NMethod: java.util.zip.Checksum.update (0x00007a501b5e2788) [0x00007a501b5e2880, 0x00007a501b5e2a08] Compiler: c1, Barriers: 0, Oops: 0, ImmediateOops: 0, NonImmediateOops: No
[1,295s][debug][gc,nmethod  ] Register NMethod: jdk.internal.loader.URLClassPath$JarLoader$1.getManifest (0x00007a501b5e2a88) [0x00007a501b5e2b80, 0x00007a501b5e3870] Compiler: c1, Barriers: 6, Oops: 1, ImmediateOops: 4, NonImmediateOops: No
[1,295s][debug][gc,nmethod  ] Register NMethod: jdk.internal.loader.URLClassPath$JarLoader$1.getBytes (0x00007a501b5e3888) [0x00007a501b5e3980, 0x00007a501b5e4268] Compiler: c1, Barriers: 4, Oops: 0, ImmediateOops: 1, NonImmediateOops: No
[1,295s][debug][gc,nmethod  ] Register NMethod: java.util.zip.CRC32.getValue (0x00007a501b5e4288) [0x00007a501b5e4380, 0x00007a501b5e4490] Compiler: c1, Barriers: 0, Oops: 0, ImmediateOops: 0, NonImmediateOops: No
[1,295s][debug][gc,nmethod  ] Register NMethod: java.util.zip.CRC32.updateBytes (0x00007a501b5e4588) [0x00007a501b5e4680, 0x00007a501b5e4a18] Compiler: c1, Barriers: 0, Oops: 1, ImmediateOops: 1, NonImmediateOops: No
[1,295s][debug][gc,nmethod  ] Register NMethod: java.util.jar.JarFile.getManifestFromReference (0x00007a501b5e4a88) [0x00007a501b5e4b80, 0x00007a501b5e6d98] Compiler: c1, Barriers: 23, Oops: 0, ImmediateOops: 4, NonImmediateOops: No
[1,295s][debug][gc,nmethod  ] Register NMethod: java.util.zip.CRC32.updateBytesCheck (0x00007a501b5e6e08) [0x00007a501b5e6f00, 0x00007a501b5e7220] Compiler: c1, Barriers: 0, Oops: 1, ImmediateOops: 1, NonImmediateOops: No
[1,295s][debug][gc,nmethod  ] Register NMethod: jdk.internal.loader.URLClassPath$JarLoader$1.getCodeSigners (0x00007a501b5e7288) [0x00007a501b5e7380, 0x00007a501b5e76c0] Compiler: c1, Barriers: 1, Oops: 0, ImmediateOops: 0, NonImmediateOops: No
[1,295s][debug][gc,nmethod  ] Register NMethod: java.util.zip.CRC32.update (0x00007a501b5e7708) [0x00007a501b5e7800, 0x00007a501b5e7bf8] Compiler: c1, Barriers: 0, Oops: 1, ImmediateOops: 1, NonImmediateOops: No
[1,295s][debug][gc,nmethod  ] Register NMethod: java.lang.reflect.Method.getDeclaringClass (0x00007a503ac25208) [0x00007a503ac25300, 0x00007a503ac253e8] Compiler: c1, Barriers: 1, Oops: 0, ImmediateOops: 0, NonImmediateOops: No
[1,295s][debug][gc,nmethod  ] Register NMethod: java.util.jar.JarFile$JarFileEntry.getCodeSigners (0x00007a501b5e7c08) [0x00007a501b5e7d00, 0x00007a501b5e84a0] Compiler: c1, Barriers: 8, Oops: 0, ImmediateOops: 0, NonImmediateOops: No
[1,295s][debug][gc,director ] Rule Major: Warmup 10%, Used: 56MB, UsedThreshold: 1228MB
[1,295s][debug][gc,nmethod  ] Register NMethod: java.security.SecureClassLoader.defineClass (0x00007a501b5e8508) [0x00007a501b5e8600, 0x00007a501b5e8968] Compiler: c1, Barriers: 0, Oops: 0, ImmediateOops: 0, NonImmediateOops: No
[1,296s][debug][gc,nmethod  ] Register NMethod: java.security.SecureClassLoader$CodeSourceKey.<init> (0x00007a501b5e8988) [0x00007a501b5e8a80, 0x00007a501b5e8cb0] Compiler: c1, Barriers: 3, Oops: 0, ImmediateOops: 0, NonImmediateOops: No
[1,296s][debug][gc,nmethod  ] Register NMethod: java.security.CodeSource.<init> (0x00007a501b5e8d08) [0x00007a501b5e8e00, 0x00007a501b5e9558] Compiler: c1, Barriers: 18, Oops: 0, ImmediateOops: 0, NonImmediateOops: No
[1,296s][debug][gc,nmethod  ] Register NMethod: java.security.SecureClassLoader.getProtectionDomain (0x00007a501b5e9588) [0x00007a501b5e9680, 0x00007a501b5e9ff8] Compiler: c1, Barriers: 7, Oops: 0, ImmediateOops: 0, NonImmediateOops: No
[1,296s][debug][gc,nmethod  ] Register NMethod: java.security.SecureClassLoader$1.<init> (0x00007a501b5ea008) [0x00007a501b5ea100, 0x00007a501b5ea428] Compiler: c1, Barriers: 3, Oops: 0, ImmediateOops: 0, NonImmediateOops: No
[1,296s][debug][gc,nmethod  ] Register NMethod: java.security.SecureClassLoader$CodeSourceKey.hashCode (0x00007a501b5ea488) [0x00007a501b5ea580, 0x00007a501b5ea818] Compiler: c1, Barriers: 2, Oops: 0, ImmediateOops: 0, NonImmediateOops: No
[1,296s][debug][gc,nmethod  ] Register NMethod: java.lang.invoke.LambdaForm$Name.type (0x00007a503ac25508) [0x00007a503ac25600, 0x00007a503ac256e8] Compiler: c1, Barriers: 1, Oops: 0, ImmediateOops: 0, NonImmediateOops: No
[1,296s][debug][gc,nmethod  ] Register NMethod: java.lang.ClassLoader.defineClassSourceLocation (0x00007a501b5ea888) [0x00007a501b5ea980, 0x00007a501b5eb748] Compiler: c1, Barriers: 3, Oops: 0, ImmediateOops: 0, NonImmediateOops: No
[1,296s][debug][gc,nmethod  ] Register NMethod: java.lang.ClassLoader.defineClass (0x00007a501b5eb788) [0x00007a501b5eb880, 0x00007a501b5ec7e8] Compiler: c1, Barriers: 3, Oops: 0, ImmediateOops: 0, NonImmediateOops: No
[1,296s][debug][gc,nmethod  ] Register NMethod: java.lang.ClassLoader.preDefineClass (0x00007a501b5ec808) [0x00007a501b5ec900, 0x00007a501b5ef8e0] Compiler: c1, Barriers: 3, Oops: 3, ImmediateOops: 6, NonImmediateOops: No
[1,296s][debug][gc,nmethod  ] Register NMethod: java.lang.ClassLoader.checkCerts (0x00007a501b5ef908) [0x00007a501b5efa00, 0x00007a501b5f1fd0] Compiler: c1, Barriers: 2, Oops: 2, ImmediateOops: 5, NonImmediateOops: No
[1,296s][debug][gc,nmethod  ] Register NMethod: java.lang.invoke.MethodHandle.linkToStatic (0x00007a503ac25808) [0x00007a503ac25900, 0x00007a503ac259f0] Compiler: , Barriers: 0, Oops: 0, ImmediateOops: 0, NonImmediateOops: No
[1,297s][debug][gc,nmethod  ] Register NMethod: java.lang.invoke.MethodHandle.invokeBasic (0x00007a503ac25b08) [0x00007a503ac25c00, 0x00007a503ac25e98] Compiler: , Barriers: 0, Oops: 0, ImmediateOops: 0, NonImmediateOops: No
[1,297s][debug][gc,nmethod  ] Register NMethod: java.lang.invoke.MethodHandle.linkToSpecial (0x00007a503ac25f08) [0x00007a503ac26000, 0x00007a503ac260f8] Compiler: , Barriers: 0, Oops: 0, ImmediateOops: 0, NonImmediateOops: No
[1,297s][debug][gc,nmethod  ] Register NMethod: jdk.internal.classfile.impl.Util.writeAttribute (0x00007a501b5f2008) [0x00007a501b5f2100, 0x00007a501b5f2ec0] Compiler: c1, Barriers: 0, Oops: 0, ImmediateOops: 0, NonImmediateOops: No
[1,297s][debug][gc,nmethod  ] Register NMethod: java.lang.invoke.MethodHandle.linkToStatic (0x00007a503ac26208) [0x00007a503ac26300, 0x00007a503ac263f0] Compiler: , Barriers: 0, Oops: 0, ImmediateOops: 0, NonImmediateOops: No
[1,297s][debug][gc,nmethod  ] Register NMethod: java.util.Arrays.copyOfRange (0x00007a503ac26508) [0x00007a503ac26600, 0x00007a503ac26a50] Compiler: jvmci, Barriers: 0, Oops: 0, ImmediateOops: 0, NonImmediateOops: No
[1,297s][debug][gc,nmethod  ] Register NMethod: java.lang.invoke.MethodHandle.invokeBasic (0x00007a503ac26a88) [0x00007a503ac26b80, 0x00007a503ac26e18] Compiler: , Barriers: 0, Oops: 0, ImmediateOops: 0, NonImmediateOops: No
[1,297s][debug][gc,nmethod  ] Register NMethod: java.lang.invoke.MethodHandle.linkToSpecial (0x00007a503ac26e88) [0x00007a503ac26f80, 0x00007a503ac27078] Compiler: , Barriers: 0, Oops: 0, ImmediateOops: 0, NonImmediateOops: No
[1,297s][debug][gc,nmethod  ] Register NMethod: jdk.internal.classfile.impl.BufWriterImpl.skip (0x00007a501b5f2f08) [0x00007a501b5f3000, 0x00007a501b5f33f8] Compiler: c1, Barriers: 1, Oops: 0, ImmediateOops: 0, NonImmediateOops: No
[1,297s][debug][gc,nmethod  ] Register NMethod: java.lang.AbstractStringBuilder.append (0x00007a503ac27188) [0x00007a503ac27280, 0x00007a503ac27a30] Compiler: jvmci, Barriers: 5, Oops: 0, ImmediateOops: 0, NonImmediateOops: No
[1,297s][debug][gc,nmethod  ] Register NMethod: jdk.internal.constant.MethodTypeDescImpl.<init> (0x00007a501b5f3408) [0x00007a501b5f3500, 0x00007a501b5f3748] Compiler: c1, Barriers: 6, Oops: 0, ImmediateOops: 0, NonImmediateOops: No
[1,297s][debug][gc,nmethod  ] Register NMethod: jdk.internal.classfile.impl.AbstractDirectBuilder.writeAttribute (0x00007a501b5f3788) [0x00007a501b5f3880, 0x00007a501b5f3ab8] Compiler: c1, Barriers: 2, Oops: 0, ImmediateOops: 0, NonImmediateOops: No
[1,297s][debug][gc,nmethod  ] Register NMethod: jdk.internal.constant.MethodTypeDescImpl.ofValidated (0x00007a501b5f3b08) [0x00007a501b5f3c00, 0x00007a501b5f4148] Compiler: c1, Barriers: 12, Oops: 1, ImmediateOops: 1, NonImmediateOops: No
[1,297s][debug][gc,nmethod  ] Register NMethod: jdk.internal.classfile.impl.BufWriterImpl.patchInt (0x00007a501b5f4188) [0x00007a501b5f4280, 0x00007a501b5f4460] Compiler: c1, Barriers: 1, Oops: 0, ImmediateOops: 0, NonImmediateOops: No
[1,298s][debug][gc,nmethod  ] Register NMethod: java.lang.invoke.MethodHandle.invokeBasic (0x00007a503ac27a88) [0x00007a503ac27b80, 0x00007a503ac27e18] Compiler: , Barriers: 0, Oops: 0, ImmediateOops: 0, NonImmediateOops: No
[1,298s][debug][gc,nmethod  ] Register NMethod: jdk.internal.classfile.impl.Util.isAttributeAllowed (0x00007a501b5f4488) [0x00007a501b5f4580, 0x00007a501b5f54c8] Compiler: c1, Barriers: 3, Oops: 0, ImmediateOops: 0, NonImmediateOops: No
[1,298s][debug][gc,nmethod  ] Register NMethod: java.lang.invoke.MethodHandle.linkToSpecial (0x00007a503ac27e88) [0x00007a503ac27f80, 0x00007a503ac28078] Compiler: , Barriers: 0, Oops: 0, ImmediateOops: 0, NonImmediateOops: No
[1,298s][debug][gc,nmethod  ] Register NMethod: jdk.internal.constant.PrimitiveClassDescImpl.descriptorString (0x00007a503ac28188) [0x00007a503ac28280, 0x00007a503ac28368] Compiler: c1, Barriers: 1, Oops: 0, ImmediateOops: 0, NonImmediateOops: No
[1,298s][debug][gc,nmethod  ] Register NMethod: java.lang.invoke.LambdaForm$NamedFunction.returnType (0x00007a501b5f5508) [0x00007a501b5f5600, 0x00007a501b5f6470] Compiler: c1, Barriers: 8, Oops: 0, ImmediateOops: 0, NonImmediateOops: No
[1,298s][debug][gc,nmethod  ] Register NMethod: java.util.ArrayList.<init> (0x00007a501b5f6488) [0x00007a501b5f6580, 0x00007a501b5f7598] Compiler: c1, Barriers: 6, Oops: 1, ImmediateOops: 3, NonImmediateOops: No
[1,298s][debug][gc,nmethod  ] Register NMethod: java.lang.invoke.LambdaForm.internArgument (0x00007a501b5f7608) [0x00007a501b5f7700, 0x00007a501b5f7cb0] Compiler: c1, Barriers: 4, Oops: 0, ImmediateOops: 1, NonImmediateOops: No
[1,298s][debug][gc,nmethod  ] Register NMethod: java.lang.StrictMath.ceil (0x00007a501b5f7d08) [0x00007a501b5f7e20, 0x00007a501b5f7f48] Compiler: c1, Barriers: 0, Oops: 0, ImmediateOops: 0, NonImmediateOops: No
[1,298s][debug][gc,nmethod  ] Register NMethod: java.lang.Math.ceil (0x00007a501b5f8008) [0x00007a501b5f8100, 0x00007a501b5f8210] Compiler: c1, Barriers: 0, Oops: 0, ImmediateOops: 0, NonImmediateOops: No
[1,298s][debug][gc,nmethod  ] Register NMethod: sun.invoke.util.VerifyType.isNullConversion (0x00007a501b5f8308) [0x00007a501b5f8400, 0x00007a501b5fbed0] Compiler: c1, Barriers: 0, Oops: 0, ImmediateOops: 5, NonImmediateOops: No
[1,298s][debug][gc,nmethod  ] Register NMethod: java.lang.invoke.LambdaForm$Name.replaceNames (0x00007a501b5fbf08) [0x00007a501b5fc000, 0x00007a501b5fd280] Compiler: c1, Barriers: 10, Oops: 0, ImmediateOops: 0, NonImmediateOops: No
[1,298s][debug][gc,nmethod  ] Register NMethod: jdk.internal.classfile.impl.AbstractPoolEntry$FieldRefEntryImpl.tag (0x00007a503ac28488) [0x00007a503ac28580, 0x00007a503ac28640] Compiler: c1, Barriers: 0, Oops: 0, ImmediateOops: 0, NonImmediateOops: No
[1,298s][debug][gc,nmethod  ] Register NMethod: java.lang.Math.getExponent (0x00007a501b5fd288) [0x00007a501b5fd380, 0x00007a501b5fd4a0] Compiler: c1, Barriers: 0, Oops: 0, ImmediateOops: 0, NonImmediateOops: No
[1,299s][debug][gc,nmethod  ] Register NMethod: jdk.internal.classfile.impl.BufWriterImpl.writeInt (0x00007a501b5fd588) [0x00007a501b5fd680, 0x00007a501b5fdb48] Compiler: c1, Barriers: 2, Oops: 0, ImmediateOops: 0, NonImmediateOops: No
[1,299s][debug][gc,nmethod  ] Register NMethod: java.lang.StrictMath.floorOrCeil (0x00007a501b5fdb88) [0x00007a501b5fdc80, 0x00007a501b5fe0b0] Compiler: c1, Barriers: 0, Oops: 0, ImmediateOops: 0, NonImmediateOops: No
[1,299s][debug][gc,nmethod  ] Register NMethod: worker.org.gradle.internal.classloader.FilteringClassLoader$TrieSet.contains (0x00007a501b5fe108) [0x00007a501b5fe200, 0x00007a501b5fe548] Compiler: c1, Barriers: 1, Oops: 1, ImmediateOops: 0, NonImmediateOops: No
[1,299s][debug][gc,nmethod  ] Register NMethod: java.util.jar.JavaUtilJarAccessImpl.getTrustedAttributes (0x00007a501b5fe588) [0x00007a501b5fe680, 0x00007a501b5fe7d8] Compiler: c1, Barriers: 0, Oops: 0, ImmediateOops: 0, NonImmediateOops: No
[1,299s][debug][gc,nmethod  ] Register NMethod: java.util.jar.Manifest.getAttributes (0x00007a501b5fe888) [0x00007a501b5fe980, 0x00007a501b5feee8] Compiler: c1, Barriers: 1, Oops: 0, ImmediateOops: 0, NonImmediateOops: No
[1,299s][debug][gc,nmethod  ] Register NMethod: jdk.internal.perf.PerfCounter.getReadClassBytesTime (0x00007a501b5fef08) [0x00007a501b5ff000, 0x00007a501b5ff0e8] Compiler: c1, Barriers: 0, Oops: 0, ImmediateOops: 1, NonImmediateOops: No
[1,299s][debug][gc,nmethod  ] Register NMethod: java.util.jar.Manifest.getTrustedAttributes (0x00007a501b5ff208) [0x00007a501b5ff300, 0x00007a501b600600] Compiler: c1, Barriers: 2, Oops: 1, ImmediateOops: 2, NonImmediateOops: No
[1,300s][debug][gc,nmethod  ] Register NMethod: java.net.URLClassLoader.getAndVerifyPackage (0x00007a501b600688) [0x00007a501b600780, 0x00007a501b6032d8] Compiler: c1, Barriers: 4, Oops: 4, ImmediateOops: 6, NonImmediateOops: No
[1,300s][debug][gc,nmethod  ] Register NMethod: java.net.URLClassLoader.findClass (0x00007a501b603308) [0x00007a501b603400, 0x00007a501b606020] Compiler: c1, Barriers: 7, Oops: 1, ImmediateOops: 8, NonImmediateOops: No
[1,300s][debug][gc,nmethod  ] Register NMethod: java.lang.reflect.AccessibleObject.<init> (0x00007a501b606088) [0x00007a501b606180, 0x00007a501b6062d8] Compiler: c1, Barriers: 0, Oops: 0, ImmediateOops: 0, NonImmediateOops: No
[1,300s][debug][gc,nmethod  ] Register NMethod: java.net.URLClassLoader.defineClass (0x00007a501b606388) [0x00007a501b606480, 0x00007a501b60ad18] Compiler: c1, Barriers: 19, Oops: 2, ImmediateOops: 8, NonImmediateOops: No
[1,301s][debug][gc,nmethod  ] Register NMethod: java.util.Collections$1.hasNext (0x00007a503ac28788) [0x00007a503ac28880, 0x00007a503ac28940] Compiler: c1, Barriers: 0, Oops: 0, ImmediateOops: 0, NonImmediateOops: No
[1,301s][debug][gc,nmethod  ] Register NMethod: java.util.HashMap.resize (0x00007a501b60ad88) [0x00007a501b60aea0, 0x00007a501b60cb80] Compiler: c1, Barriers: 31, Oops: 0, ImmediateOops: 0, NonImmediateOops: No
[1,301s][debug][gc,nmethod  ] Register NMethod: java.security.SecureClassLoader$CodeSourceKey.equals (0x00007a501b60cb88) [0x00007a501b60cc80, 0x00007a501b60d5d8] Compiler: c1, Barriers: 6, Oops: 0, ImmediateOops: 0, NonImmediateOops: No
[1,301s][debug][gc,nmethod  ] Register NMethod: java.security.CodeSource.matchCerts (0x00007a501b60d608) [0x00007a501b60d700, 0x00007a501b60e5b0] Compiler: c1, Barriers: 17, Oops: 0, ImmediateOops: 0, NonImmediateOops: No
[1,301s][debug][gc,nmethod  ] Register NMethod: jdk.internal.classfile.impl.SplitConstantPool.map (0x00007a503ac28a88) [0x00007a503ac28ba0, 0x00007a503ac29030] Compiler: jvmci, Barriers: 6, Oops: 1, ImmediateOops: 0, NonImmediateOops: No
[1,302s][debug][gc,nmethod  ] Register NMethod: jdk.internal.loader.URLClassPath$JarLoader.createResource (0x00007a501b60e608) [0x00007a501b60e700, 0x00007a501b60f220] Compiler: c1, Barriers: 2, Oops: 0, ImmediateOops: 0, NonImmediateOops: No
[1,303s][debug][gc,nmethod  ] Register NMethod: jdk.internal.access.SharedSecrets.getJavaLangAccess (0x00007a501b60f288) [0x00007a501b60f380, 0x00007a501b60f4a8] Compiler: c1, Barriers: 1, Oops: 0, ImmediateOops: 1, NonImmediateOops: No
[1,304s][debug][gc,nmethod  ] Register NMethod: java.lang.invoke.MemberName$Factory.resolveOrFail (0x00007a501b60f588) [0x00007a501b60f680, 0x00007a501b610668] Compiler: c1, Barriers: 1, Oops: 0, ImmediateOops: 0, NonImmediateOops: No
[1,304s][debug][gc,nmethod  ] Register NMethod: java.lang.invoke.MethodType.rtype (0x00007a503ac29088) [0x00007a503ac29180, 0x00007a503ac29268] Compiler: c1, Barriers: 1, Oops: 0, ImmediateOops: 0, NonImmediateOops: No
[1,306s][debug][gc,director ] Rule Major: Warmup 10%, Used: 60MB, UsedThreshold: 1228MB
[1,306s][debug][gc,nmethod  ] Register NMethod: java.io.BufferedInputStream.getBufIfOpen (0x00007a501b610688) [0x00007a501b610780, 0x00007a501b610b98] Compiler: c1, Barriers: 7, Oops: 0, ImmediateOops: 3, NonImmediateOops: No
[1,306s][debug][gc,nmethod  ] Register NMethod: java.lang.invoke.VarHandleByteArrayAsShorts$ArrayHandle.index (0x00007a501b610c08) [0x00007a501b610d00, 0x00007a501b610e38] Compiler: c1, Barriers: 0, Oops: 1, ImmediateOops: 1, NonImmediateOops: No
[1,306s][debug][gc,nmethod  ] Register NMethod: java.io.DataInputStream.readFully (0x00007a501b610f08) [0x00007a501b611000, 0x00007a501b6116b0] Compiler: c1, Barriers: 1, Oops: 0, ImmediateOops: 0, NonImmediateOops: No
[1,306s][debug][gc,nmethod  ] Register NMethod: java.io.BufferedInputStream.ensureOpen (0x00007a501b611708) [0x00007a501b611800, 0x00007a501b611a40] Compiler: c1, Barriers: 1, Oops: 0, ImmediateOops: 1, NonImmediateOops: No
[1,306s][debug][gc,nmethod  ] Register NMethod: java.io.DataInputStream.readUTF (0x00007a501b611a88) [0x00007a501b611b80, 0x00007a501b611cb0] Compiler: c1, Barriers: 0, Oops: 0, ImmediateOops: 0, NonImmediateOops: No
[1,306s][debug][gc,nmethod  ] Register NMethod: java.lang.invoke.VarHandleByteArrayAsShorts$ArrayHandle.get (0x00007a501b611d88) [0x00007a501b611e80, 0x00007a501b612630] Compiler: c1, Barriers: 0, Oops: 2, ImmediateOops: 2, NonImmediateOops: No
[1,306s][debug][gc,nmethod  ] Register NMethod: java.io.BufferedInputStream.read (0x00007a501b612688) [0x00007a501b612780, 0x00007a501b6132b8] Compiler: c1, Barriers: 2, Oops: 0, ImmediateOops: 1, NonImmediateOops: No
[1,306s][debug][gc,nmethod  ] Register NMethod: java.lang.System$1.uncheckedNewStringNoRepl (0x00007a501b613308) [0x00007a501b613400, 0x00007a501b613538] Compiler: c1, Barriers: 0, Oops: 0, ImmediateOops: 0, NonImmediateOops: No
[1,307s][debug][gc,nmethod  ] Register NMethod: jdk.internal.util.ByteArray.getUnsignedShort (0x00007a501b613608) [0x00007a501b613700, 0x00007a501b614070] Compiler: c1, Barriers: 0, Oops: 5, ImmediateOops: 4, NonImmediateOops: No
[1,307s][debug][gc,nmethod  ] Register NMethod: java.io.DataInputStream.readUnsignedShort (0x00007a501b614108) [0x00007a501b614200, 0x00007a501b614e58] Compiler: c1, Barriers: 2, Oops: 5, ImmediateOops: 4, NonImmediateOops: No
[1,307s][debug][gc,nmethod  ] Register NMethod: java.lang.String.newStringNoRepl (0x00007a501b614e88) [0x00007a501b614f80, 0x00007a501b615c00] Compiler: c1, Barriers: 1, Oops: 0, ImmediateOops: 0, NonImmediateOops: No
[1,307s][debug][gc,nmethod  ] Register NMethod: jdk.internal.util.ByteArray.getShort (0x00007a501b615c08) [0x00007a501b615d00, 0x00007a501b616610] Compiler: c1, Barriers: 0, Oops: 5, ImmediateOops: 4, NonImmediateOops: No
[1,307s][debug][gc,nmethod  ] Register NMethod: java.io.DataInputStream.readShort (0x00007a501b616688) [0x00007a501b616780, 0x00007a501b617380] Compiler: c1, Barriers: 2, Oops: 5, ImmediateOops: 4, NonImmediateOops: No
[1,307s][debug][gc,nmethod  ] Register NMethod: java.io.BufferedInputStream.read1 (0x00007a501b617408) [0x00007a501b617500, 0x00007a501b617dd0] Compiler: c1, Barriers: 1, Oops: 0, ImmediateOops: 1, NonImmediateOops: No
[1,307s][debug][gc,nmethod  ] Register NMethod: java.io.DataInputStream.readUTF (0x00007a501b617e08) [0x00007a501b617f00, 0x00007a501b61c330] Compiler: c1, Barriers: 9, Oops: 2, ImmediateOops: 13, NonImmediateOops: No
[1,307s][debug][gc,nmethod  ] Register NMethod: java.io.DataInputStream.readFully (0x00007a501b61c388) [0x00007a501b61c480, 0x00007a501b61c788] Compiler: c1, Barriers: 0, Oops: 0, ImmediateOops: 0, NonImmediateOops: No
[1,307s][debug][gc,nmethod  ] Register NMethod: java.lang.String.newStringNoRepl1 (0x00007a501b61c808) [0x00007a501b61c900, 0x00007a501b61e390] Compiler: c1, Barriers: 12, Oops: 0, ImmediateOops: 4, NonImmediateOops: No
[1,308s][debug][gc,nmethod  ] Register NMethod: java.io.ByteArrayInputStream.read (0x00007a501b61e408) [0x00007a501b61e500, 0x00007a501b61e808] Compiler: c1, Barriers: 1, Oops: 0, ImmediateOops: 0, NonImmediateOops: No
[1,308s][debug][gc,nmethod  ] Register NMethod: java.io.DataInputStream.readUnsignedByte (0x00007a501b61e888) [0x00007a501b61e980, 0x00007a501b61edc0] Compiler: c1, Barriers: 1, Oops: 0, ImmediateOops: 0, NonImmediateOops: No
[1,308s][debug][gc,nmethod  ] Register NMethod: java.io.DataInputStream.readByte (0x00007a501b61ee08) [0x00007a501b61ef00, 0x00007a501b61f558] Compiler: c1, Barriers: 1, Oops: 0, ImmediateOops: 0, NonImmediateOops: No
[1,308s][debug][gc,nmethod  ] Register NMethod: sun.util.calendar.ZoneInfoFile.indexOf (0x00007a501b61f588) [0x00007a501b61f680, 0x00007a501b61f8a8] Compiler: c1, Barriers: 0, Oops: 0, ImmediateOops: 0, NonImmediateOops: No
[1,309s][debug][gc,nmethod  ] Register NMethod: sun.util.calendar.ZoneInfoFile.addTrans (0x00007a501b61f908) [0x00007a501b61fa00, 0x00007a501b61fef0] Compiler: c1, Barriers: 0, Oops: 0, ImmediateOops: 0, NonImmediateOops: No
[1,309s][debug][gc,nmethod  ] Register NMethod: java.util.zip.Checksum.update (0x00007a501b61ff08) [0x00007a501b620000, 0x00007a501b620338] Compiler: c1, Barriers: 0, Oops: 0, ImmediateOops: 0, NonImmediateOops: No
[1,309s][debug][gc,nmethod  ] Register NMethod: java.io.BufferedInputStream.getBufIfOpen (0x00007a503ac29388) [0x00007a503ac29480, 0x00007a503ac297b8] Compiler: jvmci, Barriers: 6, Oops: 0, ImmediateOops: 1, NonImmediateOops: No
[1,309s][debug][gc,nmethod  ] Register NMethod: sun.util.calendar.ZoneInfoFile$Checksum.update (0x00007a501b620388) [0x00007a501b620480, 0x00007a501b620a48] Compiler: c1, Barriers: 0, Oops: 0, ImmediateOops: 0, NonImmediateOops: No
[1,309s][debug][gc,nmethod  ] Register NMethod: sun.util.calendar.ZoneInfoFile$Checksum.update (0x00007a501b620a88) [0x00007a501b620b80, 0x00007a501b6211a0] Compiler: c1, Barriers: 0, Oops: 0, ImmediateOops: 0, NonImmediateOops: No
[1,310s][debug][gc,nmethod  ] Register NMethod: java.util.HashMap.hash (0x00007a503ac29808) [0x00007a503ac29900, 0x00007a503ac29af0] Compiler: jvmci, Barriers: 1, Oops: 0, ImmediateOops: 0, NonImmediateOops: No
[1,310s][debug][gc,nmethod  ] Register NMethod: sun.util.locale.LocaleUtils.isUpper (0x00007a501b621208) [0x00007a501b621300, 0x00007a501b621458] Compiler: c1, Barriers: 0, Oops: 0, ImmediateOops: 0, NonImmediateOops: No
[1,311s][debug][gc,nmethod  ] Register NMethod: jdk.internal.util.ReferencedKeyMap.internKey (0x00007a501b566908) [0x00007a501b566a00, 0x00007a501b5681a8] Compiler: c1, Barriers: 5, Oops: 0, ImmediateOops: 0, NonImmediateOops: No
[1,311s][debug][gc,nmethod  ] Register NMethod: jdk.internal.util.ReferencedKeyMap.entryKey (0x00007a501b558888) [0x00007a501b558980, 0x00007a501b559198] Compiler: c1, Barriers: 8, Oops: 0, ImmediateOops: 1, NonImmediateOops: No
[1,312s][debug][gc,nmethod  ] Register NMethod: jdk.internal.util.ReferencedKeySet.intern (0x00007a501b621508) [0x00007a501b621600, 0x00007a501b621838] Compiler: c1, Barriers: 1, Oops: 0, ImmediateOops: 0, NonImmediateOops: No
[1,312s][debug][gc,nmethod  ] Register NMethod: jdk.internal.util.ReferencedKeyMap.intern (0x00007a501b621888) [0x00007a501b621980, 0x00007a501b623220] Compiler: c1, Barriers: 9, Oops: 1, ImmediateOops: 0, NonImmediateOops: No
[1,313s][debug][gc,nmethod  ] Register NMethod: java.lang.invoke.MethodHandle.linkToStatic (0x00007a503ac29b08) [0x00007a503ac29c00, 0x00007a503ac29cf0] Compiler: , Barriers: 0, Oops: 0, ImmediateOops: 0, NonImmediateOops: No
[1,313s][debug][gc,nmethod  ] Register NMethod: java.lang.invoke.MethodHandle.linkToSpecial (0x00007a503ac29e08) [0x00007a503ac29f00, 0x00007a503ac29ff8] Compiler: , Barriers: 0, Oops: 0, ImmediateOops: 0, NonImmediateOops: No
[1,313s][debug][gc,nmethod  ] Register NMethod: java.lang.invoke.MethodHandle.invokeBasic (0x00007a503ac2a108) [0x00007a503ac2a200, 0x00007a503ac2a498] Compiler: , Barriers: 0, Oops: 0, ImmediateOops: 0, NonImmediateOops: No
[1,313s][debug][gc,nmethod  ] Register NMethod: java.lang.invoke.MethodHandle.linkToSpecial (0x00007a503ac2a508) [0x00007a503ac2a600, 0x00007a503ac2a6f8] Compiler: , Barriers: 0, Oops: 0, ImmediateOops: 0, NonImmediateOops: No
[1,314s][debug][gc,nmethod  ] Register NMethod: java.lang.invoke.MethodType.insertParameterTypes (0x00007a501b623288) [0x00007a501b623380, 0x00007a501b624df8] Compiler: c1, Barriers: 6, Oops: 1, ImmediateOops: 3, NonImmediateOops: No
[1,314s][debug][gc,nmethod  ] Register NMethod: java.lang.invoke.MemberName.<init> (0x00007a501b624e08) [0x00007a501b624f00, 0x00007a501b625580] Compiler: c1, Barriers: 0, Oops: 0, ImmediateOops: 1, NonImmediateOops: No
[1,314s][debug][gc,nmethod  ] Register NMethod: java.util.regex.Pattern.lambda$Single$0 (0x00007a501b625588) [0x00007a501b625680, 0x00007a501b6257b0] Compiler: c1, Barriers: 0, Oops: 0, ImmediateOops: 0, NonImmediateOops: No
[1,314s][debug][gc,nmethod  ] Register NMethod: java.util.regex.Pattern$$Lambda/0x000000005d0b27a0.is (0x00007a501b625888) [0x00007a501b625980, 0x00007a501b625b30] Compiler: c1, Barriers: 0, Oops: 0, ImmediateOops: 0, NonImmediateOops: No
[1,314s][debug][gc,nmethod  ] Register NMethod: java.util.regex.Matcher.hasMatch (0x00007a501b625b88) [0x00007a501b625c80, 0x00007a501b625dd0] Compiler: c1, Barriers: 0, Oops: 0, ImmediateOops: 0, NonImmediateOops: No
[1,314s][debug][gc,nmethod  ] Register NMethod: java.util.regex.Matcher.checkMatch (0x00007a501b625e88) [0x00007a501b625f80, 0x00007a501b6263f0] Compiler: c1, Barriers: 0, Oops: 0, ImmediateOops: 1, NonImmediateOops: No
[1,314s][debug][gc,nmethod  ] Register NMethod: java.util.regex.Pattern$BmpCharPropertyGreedy.match (0x00007a501b626408) [0x00007a501b626500, 0x00007a501b626e70] Compiler: c1, Barriers: 2, Oops: 0, ImmediateOops: 0, NonImmediateOops: No
[1,314s][debug][gc,nmethod  ] Register NMethod: java.util.regex.Matcher.end (0x00007a501b626e88) [0x00007a501b626f80, 0x00007a501b627458] Compiler: c1, Barriers: 0, Oops: 0, ImmediateOops: 1, NonImmediateOops: No
[1,314s][debug][gc,nmethod  ] Register NMethod: java.util.regex.Matcher.start (0x00007a501b627488) [0x00007a501b627580, 0x00007a501b627a58] Compiler: c1, Barriers: 0, Oops: 0, ImmediateOops: 1, NonImmediateOops: No
[1,314s][debug][gc,nmethod  ] Register NMethod: java.util.regex.Pattern$Start.match (0x00007a501b627a88) [0x00007a501b627b80, 0x00007a501b6280e0] Compiler: c1, Barriers: 2, Oops: 0, ImmediateOops: 0, NonImmediateOops: No
[1,314s][debug][gc,nmethod  ] Register NMethod: java.lang.String.subSequence (0x00007a501b628108) [0x00007a501b628200, 0x00007a501b6284f8] Compiler: c1, Barriers: 0, Oops: 0, ImmediateOops: 0, NonImmediateOops: No
[1,314s][debug][gc,nmethod  ] Register NMethod: java.util.regex.Matcher.find (0x00007a501b628508) [0x00007a501b628600, 0x00007a501b628a98] Compiler: c1, Barriers: 1, Oops: 0, ImmediateOops: 0, NonImmediateOops: No
[1,314s][debug][gc,nmethod  ] Register NMethod: java.util.regex.Pattern$LastNode.match (0x00007a501b628b08) [0x00007a501b628c00, 0x00007a501b628e10] Compiler: c1, Barriers: 1, Oops: 0, ImmediateOops: 0, NonImmediateOops: No
[1,314s][debug][gc,nmethod  ] Register NMethod: java.util.regex.Matcher.search (0x00007a501b628e88) [0x00007a501b628f80, 0x00007a501b629850] Compiler: c1, Barriers: 6, Oops: 0, ImmediateOops: 0, NonImmediateOops: No
[1,315s][debug][gc,nmethod  ] Register NMethod: java.lang.String.toString (0x00007a503ac2a808) [0x00007a503ac2a900, 0x00007a503ac2a988] Compiler: jvmci, Barriers: 0, Oops: 0, ImmediateOops: 0, NonImmediateOops: No
[1,316s][debug][gc,director ] Rule Major: Warmup 10%, Used: 60MB, UsedThreshold: 1228MB
[1,317s][debug][gc,nmethod  ] Register NMethod: jdk.internal.classfile.impl.StackMapGenerator$Frame.pushStack (0x00007a501b629888) [0x00007a501b629980, 0x00007a501b62a4a0] Compiler: c1, Barriers: 0, Oops: 0, ImmediateOops: 10, NonImmediateOops: No
[1,318s][debug][gc,nmethod  ] Register NMethod: java.lang.invoke.MemberName.getType (0x00007a501b62a508) [0x00007a501b62a600, 0x00007a501b62ae08] Compiler: c1, Barriers: 0, Oops: 0, ImmediateOops: 0, NonImmediateOops: No
[1,318s][debug][gc,nmethod  ] Register NMethod: jdk.internal.classfile.impl.UnboundAttribute.<init> (0x00007a501b62ae88) [0x00007a501b62af80, 0x00007a501b62b1b0] Compiler: c1, Barriers: 3, Oops: 0, ImmediateOops: 0, NonImmediateOops: No
[1,318s][debug][gc,nmethod  ] Register NMethod: java.util.regex.Pattern$BmpCharPropertyGreedy.match (0x00007a503ac2ab08) [0x00007a503ac2ac00, 0x00007a503ac2afd0] Compiler: jvmci, Barriers: 4, Oops: 0, ImmediateOops: 0, NonImmediateOops: No
[1,319s][debug][gc,nmethod  ] Register NMethod: sun.util.locale.StringTokenIterator.isDone (0x00007a503ac2b008) [0x00007a503ac2b100, 0x00007a503ac2b1c0] Compiler: c1, Barriers: 0, Oops: 0, ImmediateOops: 0, NonImmediateOops: No
[1,319s][debug][gc,nmethod  ] Register NMethod: sun.util.locale.LocaleUtils.toLower (0x00007a501b62b208) [0x00007a501b62b300, 0x00007a501b62b500] Compiler: c1, Barriers: 0, Oops: 0, ImmediateOops: 0, NonImmediateOops: No
[1,319s][debug][gc,nmethod  ] Register NMethod: java.text.ParsePosition.getErrorIndex (0x00007a503ac2b308) [0x00007a503ac2b400, 0x00007a503ac2b4c0] Compiler: c1, Barriers: 0, Oops: 0, ImmediateOops: 0, NonImmediateOops: No
[1,319s][debug][gc,nmethod  ] Register NMethod: sun.util.locale.StringTokenIterator.current (0x00007a503ac2b608) [0x00007a503ac2b700, 0x00007a503ac2b7e8] Compiler: c1, Barriers: 1, Oops: 0, ImmediateOops: 0, NonImmediateOops: No
[1,319s][debug][gc,nmethod  ] Register NMethod: java.util.Collections$EmptyList.isEmpty (0x00007a503ac2b908) [0x00007a503ac2ba00, 0x00007a503ac2bac0] Compiler: c1, Barriers: 0, Oops: 0, ImmediateOops: 0, NonImmediateOops: No
[1,319s][debug][gc,nmethod  ] Register NMethod: sun.util.locale.LocaleUtils.isAlpha (0x00007a501b62b508) [0x00007a501b62b600, 0x00007a501b62b7b0] Compiler: c1, Barriers: 0, Oops: 0, ImmediateOops: 0, NonImmediateOops: No
[1,319s][debug][gc,nmethod  ] Register NMethod: java.util.stream.ReferencePipeline$3$1.accept (0x00007a501b62b808) [0x00007a501b62b900, 0x00007a501b62be88] Compiler: c1, Barriers: 2, Oops: 0, ImmediateOops: 0, NonImmediateOops: No
[1,319s][debug][gc,nmethod  ] Register NMethod: sun.util.locale.StringTokenIterator.currentEnd (0x00007a503ac2bc08) [0x00007a503ac2bd00, 0x00007a503ac2bdc0] Compiler: c1, Barriers: 0, Oops: 0, ImmediateOops: 0, NonImmediateOops: No
[1,319s][debug][gc,nmethod  ] Register NMethod: java.text.ParsePosition.setIndex (0x00007a503ac2bf08) [0x00007a503ac2c000, 0x00007a503ac2c0c0] Compiler: c1, Barriers: 0, Oops: 0, ImmediateOops: 0, NonImmediateOops: No
[1,319s][debug][gc,nmethod  ] Register NMethod: jdk.internal.util.SoftReferenceKey.hashCode (0x00007a503ac2c208) [0x00007a503ac2c300, 0x00007a503ac2c3c0] Compiler: c1, Barriers: 0, Oops: 0, ImmediateOops: 0, NonImmediateOops: No
[1,320s][debug][gc,nmethod  ] Register NMethod: sun.util.locale.BaseLocale.hashCode (0x00007a501b62bf08) [0x00007a501b62c000, 0x00007a501b62fe88] Compiler: c1, Barriers: 20, Oops: 1, ImmediateOops: 8, NonImmediateOops: No
[1,320s][debug][gc,nmethod  ] Register NMethod: java.lang.ref.SoftReference.<init> (0x00007a501b62ff08) [0x00007a501b630000, 0x00007a501b630308] Compiler: c1, Barriers: 6, Oops: 0, ImmediateOops: 2, NonImmediateOops: No
[1,320s][debug][gc,nmethod  ] Register NMethod: sun.util.locale.StringTokenIterator.hasNext (0x00007a501b630388) [0x00007a501b630480, 0x00007a501b630aa8] Compiler: c1, Barriers: 2, Oops: 0, ImmediateOops: 0, NonImmediateOops: No
[1,320s][debug][gc,nmethod  ] Register NMethod: sun.util.locale.StringTokenIterator.next (0x00007a501b630b08) [0x00007a501b630c00, 0x00007a501b631678] Compiler: c1, Barriers: 10, Oops: 0, ImmediateOops: 0, NonImmediateOops: No
[1,320s][debug][gc,nmethod  ] Register NMethod: sun.util.locale.LocaleUtils.isLower (0x00007a501b631688) [0x00007a501b631780, 0x00007a501b6318d8] Compiler: c1, Barriers: 0, Oops: 0, ImmediateOops: 0, NonImmediateOops: No
[1,320s][debug][gc,nmethod  ] Register NMethod: sun.util.locale.LocaleUtils.isAlphaString (0x00007a501b631988) [0x00007a501b631a80, 0x00007a501b632a68] Compiler: c1, Barriers: 3, Oops: 1, ImmediateOops: 2, NonImmediateOops: No
[1,320s][debug][gc,nmethod  ] Register NMethod: sun.util.locale.LocaleUtils.toLowerString (0x00007a501b632a88) [0x00007a501b632b80, 0x00007a501b634720] Compiler: c1, Barriers: 5, Oops: 1, ImmediateOops: 4, NonImmediateOops: No
[1,320s][debug][gc,nmethod  ] Register NMethod: sun.util.locale.InternalLocaleBuilder.clearExtensions (0x00007a501b634788) [0x00007a501b634880, 0x00007a501b6350d8] Compiler: c1, Barriers: 3, Oops: 0, ImmediateOops: 0, NonImmediateOops: No
[1,320s][debug][gc,nmethod  ] Register NMethod: sun.util.locale.StringTokenIterator.nextDelimiter (0x00007a501b635108) [0x00007a501b635200, 0x00007a501b637958] Compiler: c1, Barriers: 13, Oops: 1, ImmediateOops: 6, NonImmediateOops: No
[1,320s][debug][gc,nmethod  ] Register NMethod: sun.util.locale.LocaleUtils.isEmpty (0x00007a501b637988) [0x00007a501b637a80, 0x00007a501b637de0] Compiler: c1, Barriers: 0, Oops: 0, ImmediateOops: 0, NonImmediateOops: No
[1,321s][debug][gc,nmethod  ] Register NMethod: sun.util.locale.LanguageTag.extlangs (0x00007a503ac2c508) [0x00007a503ac2c600, 0x00007a503ac2c6e8] Compiler: c1, Barriers: 1, Oops: 0, ImmediateOops: 0, NonImmediateOops: No
[1,321s][debug][gc,nmethod  ] Register NMethod: sun.util.locale.BaseLocale.getVariant (0x00007a503ac2c808) [0x00007a503ac2c900, 0x00007a503ac2c9e8] Compiler: c1, Barriers: 1, Oops: 0, ImmediateOops: 0, NonImmediateOops: No
[1,321s][debug][gc,nmethod  ] Register NMethod: sun.util.locale.LanguageTag.language (0x00007a503ac2cb08) [0x00007a503ac2cc00, 0x00007a503ac2cce8] Compiler: c1, Barriers: 1, Oops: 0, ImmediateOops: 0, NonImmediateOops: No
[1,321s][debug][gc,nmethod  ] Register NMethod: sun.util.locale.LanguageTag.variants (0x00007a503ac2ce08) [0x00007a503ac2cf00, 0x00007a503ac2cfe8] Compiler: c1, Barriers: 1, Oops: 0, ImmediateOops: 0, NonImmediateOops: No
[1,321s][debug][gc,nmethod  ] Register NMethod: sun.util.locale.LanguageTag.region (0x00007a503ac2d108) [0x00007a503ac2d200, 0x00007a503ac2d2e8] Compiler: c1, Barriers: 1, Oops: 0, ImmediateOops: 0, NonImmediateOops: No
[1,321s][debug][gc,nmethod  ] Register NMethod: sun.util.locale.LanguageTag.script (0x00007a503ac2d408) [0x00007a503ac2d500, 0x00007a503ac2d5e8] Compiler: c1, Barriers: 1, Oops: 0, ImmediateOops: 0, NonImmediateOops: No
[1,321s][debug][gc,nmethod  ] Register NMethod: sun.util.locale.LanguageTag.extensions (0x00007a503ac2d708) [0x00007a503ac2d800, 0x00007a503ac2d8e8] Compiler: c1, Barriers: 1, Oops: 0, ImmediateOops: 0, NonImmediateOops: No
[1,321s][debug][gc,nmethod  ] Register NMethod: jdk.internal.util.SoftReferenceKey.<init> (0x00007a501b637e08) [0x00007a501b637f00, 0x00007a501b638518] Compiler: c1, Barriers: 6, Oops: 0, ImmediateOops: 2, NonImmediateOops: No
[1,321s][debug][gc,nmethod  ] Register NMethod: sun.util.locale.LanguageTag.privateuse (0x00007a503ac2da08) [0x00007a503ac2db00, 0x00007a503ac2dbe8] Compiler: c1, Barriers: 1, Oops: 0, ImmediateOops: 0, NonImmediateOops: No
[1,321s][debug][gc,nmethod  ] Register NMethod: java.lang.StringUTF16.coderFromArrayLen (0x00007a501b638588) [0x00007a501b638680, 0x00007a501b638778] Compiler: c1, Barriers: 0, Oops: 0, ImmediateOops: 0, NonImmediateOops: No
[1,321s][debug][gc,nmethod  ] Register NMethod: java.lang.StringUTF16.compress (0x00007a501b638888) [0x00007a501b638980, 0x00007a501b638cc8] Compiler: c1, Barriers: 0, Oops: 0, ImmediateOops: 0, NonImmediateOops: No
[1,321s][debug][gc,nmethod  ] Register NMethod: java.lang.String.<init> (0x00007a501b638d08) [0x00007a501b638e00, 0x00007a501b6393d8] Compiler: c1, Barriers: 6, Oops: 0, ImmediateOops: 1, NonImmediateOops: No
[1,321s][debug][gc,nmethod  ] Register NMethod: java.util.stream.Nodes$SpinedNodeBuilder.accept (0x00007a501b639408) [0x00007a501b639500, 0x00007a501b639640] Compiler: c1, Barriers: 0, Oops: 0, ImmediateOops: 0, NonImmediateOops: No
[1,321s][debug][gc,nmethod  ] Register NMethod: java.util.stream.SpinedBuffer.accept (0x00007a501b639708) [0x00007a501b639800, 0x00007a501b63a5f0] Compiler: c1, Barriers: 22, Oops: 0, ImmediateOops: 0, NonImmediateOops: No
[1,321s][debug][gc,nmethod  ] Register NMethod: sun.util.locale.BaseLocale.getInstance (0x00007a501b63a608) [0x00007a501b63a700, 0x00007a501b63c8d0] Compiler: c1, Barriers: 19, Oops: 2, ImmediateOops: 6, NonImmediateOops: No
[1,321s][debug][gc,nmethod  ] Register NMethod: java.util.Locale.<init> (0x00007a501b63c908) [0x00007a501b63ca00, 0x00007a501b63cc48] Compiler: c1, Barriers: 6, Oops: 0, ImmediateOops: 0, NonImmediateOops: No
[1,321s][debug][gc,nmethod  ] Register NMethod: java.util.Locale.hashCode (0x00007a501b63cc88) [0x00007a501b63cd80, 0x00007a501b63d198] Compiler: c1, Barriers: 2, Oops: 0, ImmediateOops: 0, NonImmediateOops: No
[1,321s][debug][gc,nmethod  ] Register NMethod: sun.util.locale.InternalLocaleBuilder.<init> (0x00007a501b63d208) [0x00007a501b63d300, 0x00007a501b63d668] Compiler: c1, Barriers: 12, Oops: 0, ImmediateOops: 5, NonImmediateOops: No
[1,322s][debug][gc,nmethod  ] Register NMethod: java.text.ParsePosition.<init> (0x00007a501b63d688) [0x00007a501b63d780, 0x00007a501b63d8e8] Compiler: c1, Barriers: 0, Oops: 0, ImmediateOops: 0, NonImmediateOops: No
[1,322s][debug][gc,nmethod  ] Register NMethod: java.util.Locale.getInstance (0x00007a501b63d988) [0x00007a501b63da80, 0x00007a501b63ebf0] Compiler: c1, Barriers: 1, Oops: 1, ImmediateOops: 5, NonImmediateOops: No
[1,322s][debug][gc,nmethod  ] Register NMethod: sun.util.locale.LanguageTag.parseVariants (0x00007a501b63ec08) [0x00007a501b63ed00, 0x00007a501b63f498] Compiler: c1, Barriers: 1, Oops: 0, ImmediateOops: 2, NonImmediateOops: No
[1,322s][debug][gc,nmethod  ] Register NMethod: sun.util.locale.LanguageTag.parseLanguage (0x00007a501b63f508) [0x00007a501b63f600, 0x00007a501b63fec8] Compiler: c1, Barriers: 2, Oops: 0, ImmediateOops: 2, NonImmediateOops: No
[1,322s][debug][gc,nmethod  ] Register NMethod: sun.util.locale.StringTokenIterator.setStart (0x00007a501b63ff08) [0x00007a501b640000, 0x00007a501b6409c0] Compiler: c1, Barriers: 6, Oops: 0, ImmediateOops: 0, NonImmediateOops: No
[1,322s][debug][gc,nmethod  ] Register NMethod: sun.util.locale.StringTokenIterator.<init> (0x00007a501b640a08) [0x00007a501b640b00, 0x00007a501b641ad8] Compiler: c1, Barriers: 10, Oops: 1, ImmediateOops: 2, NonImmediateOops: No
[1,322s][debug][gc,nmethod  ] Register NMethod: java.util.Locale.forLanguageTag (0x00007a501b641b08) [0x00007a501b641c00, 0x00007a501b6434a8] Compiler: c1, Barriers: 17, Oops: 0, ImmediateOops: 5, NonImmediateOops: No
[1,322s][debug][gc,nmethod  ] Register NMethod: sun.util.locale.LanguageTag.<init> (0x00007a501b643508) [0x00007a501b643600, 0x00007a501b643b00] Compiler: c1, Barriers: 21, Oops: 0, ImmediateOops: 0, NonImmediateOops: No
[1,322s][debug][gc,nmethod  ] Register NMethod: sun.util.locale.LanguageTag.isLanguage (0x00007a501b643b08) [0x00007a501b643c00, 0x00007a501b645118] Compiler: c1, Barriers: 3, Oops: 1, ImmediateOops: 2, NonImmediateOops: No
[1,322s][debug][gc,nmethod  ] Register NMethod: sun.util.locale.InternalLocaleBuilder.clear (0x00007a501b645188) [0x00007a501b645280, 0x00007a501b645788] Compiler: c1, Barriers: 12, Oops: 0, ImmediateOops: 5, NonImmediateOops: No
[1,323s][debug][gc,nmethod  ] Register NMethod: sun.util.locale.LanguageTag.parsePrivateuse (0x00007a501b645808) [0x00007a501b645900, 0x00007a501b6477e0] Compiler: c1, Barriers: 4, Oops: 2, ImmediateOops: 6, NonImmediateOops: No
[1,323s][debug][gc,nmethod  ] Register NMethod: sun.util.locale.LanguageTag.parse (0x00007a501b647808) [0x00007a501b647900, 0x00007a501b649c78] Compiler: c1, Barriers: 5, Oops: 3, ImmediateOops: 11, NonImmediateOops: No
[1,323s][debug][gc,nmethod  ] Register NMethod: sun.util.locale.InternalLocaleBuilder.setLanguageTag (0x00007a501b649d08) [0x00007a501b649e00, 0x00007a501b64d8c0] Compiler: c1, Barriers: 35, Oops: 1, ImmediateOops: 8, NonImmediateOops: No
[1,323s][debug][gc,nmethod  ] Register NMethod: sun.util.locale.LocaleUtils.isEmpty (0x00007a501b64d908) [0x00007a501b64da00, 0x00007a501b64dd60] Compiler: c1, Barriers: 0, Oops: 0, ImmediateOops: 0, NonImmediateOops: No
[1,323s][debug][gc,nmethod  ] Register NMethod: sun.util.locale.LocaleUtils.toUpperString (0x00007a501b64dd88) [0x00007a501b64de80, 0x00007a501b64fa20] Compiler: c1, Barriers: 5, Oops: 1, ImmediateOops: 4, NonImmediateOops: No
[1,323s][debug][gc,nmethod  ] Register NMethod: sun.util.locale.LocaleUtils.isEmpty (0x00007a501b64fa88) [0x00007a501b64fb80, 0x00007a501b64fee0] Compiler: c1, Barriers: 0, Oops: 0, ImmediateOops: 0, NonImmediateOops: No
[1,323s][debug][gc,nmethod  ] Register NMethod: sun.util.locale.LocaleUtils.toTitleString (0x00007a501b64ff08) [0x00007a501b650000, 0x00007a501b6526d8] Compiler: c1, Barriers: 5, Oops: 1, ImmediateOops: 6, NonImmediateOops: No
[1,323s][debug][gc,nmethod  ] Register NMethod: sun.util.locale.InternalLocaleBuilder.getLocaleExtensions (0x00007a501b652708) [0x00007a501b652800, 0x00007a501b6534a8] Compiler: c1, Barriers: 6, Oops: 0, ImmediateOops: 0, NonImmediateOops: No
[1,323s][debug][gc,nmethod  ] Register NMethod: java.util.Locale$LocaleCache.cache (0x00007a501b653508) [0x00007a501b653600, 0x00007a501b653af0] Compiler: c1, Barriers: 0, Oops: 0, ImmediateOops: 2, NonImmediateOops: No
[1,323s][debug][gc,nmethod  ] Register NMethod: java.util.Map.computeIfAbsent (0x00007a501b653b08) [0x00007a501b653c00, 0x00007a501b654508] Compiler: c1, Barriers: 0, Oops: 0, ImmediateOops: 0, NonImmediateOops: No
[1,323s][debug][gc,nmethod  ] Register NMethod: sun.util.locale.LanguageTag.parseExtlangs (0x00007a501b654588) [0x00007a501b654680, 0x00007a501b6555c8] Compiler: c1, Barriers: 2, Oops: 0, ImmediateOops: 2, NonImmediateOops: No
[1,324s][debug][gc,nmethod  ] Register NMethod: sun.util.locale.InternalLocaleBuilder.getBaseLocale (0x00007a501b655608) [0x00007a501b655700, 0x00007a501b657f10] Compiler: c1, Barriers: 7, Oops: 2, ImmediateOops: 7, NonImmediateOops: No
[1,324s][debug][gc,nmethod  ] Register NMethod: java.util.Locale$LocaleCache.apply (0x00007a501b657f88) [0x00007a501b658080, 0x00007a501b658378] Compiler: c1, Barriers: 0, Oops: 0, ImmediateOops: 0, NonImmediateOops: No
[1,324s][debug][gc,nmethod  ] Register NMethod: sun.util.locale.BaseLocale.convertOldISOCodes (0x00007a501b658388) [0x00007a501b658480, 0x00007a501b659700] Compiler: c1, Barriers: 0, Oops: 0, ImmediateOops: 9, NonImmediateOops: No
[1,324s][debug][gc,nmethod  ] Register NMethod: sun.util.locale.LanguageTag.parseRegion (0x00007a501b659708) [0x00007a501b659800, 0x00007a501b659b10] Compiler: c1, Barriers: 1, Oops: 0, ImmediateOops: 2, NonImmediateOops: No
[1,324s][debug][gc,nmethod  ] Register NMethod: sun.util.locale.InternalLocaleBuilder.setExtensions (0x00007a501b659b88) [0x00007a501b659ca0, 0x00007a501b65f860] Compiler: c1, Barriers: 20, Oops: 1, ImmediateOops: 5, NonImmediateOops: No
[1,324s][debug][gc,nmethod  ] Register NMethod: jdk.internal.util.ReferencedKeyMap.put (0x00007a501b65f888) [0x00007a501b65f980, 0x00007a501b661268] Compiler: c1, Barriers: 5, Oops: 2, ImmediateOops: 3, NonImmediateOops: No
[1,324s][debug][gc,nmethod  ] Register NMethod: sun.util.locale.LanguageTag.parseScript (0x00007a501b661288) [0x00007a501b661380, 0x00007a501b661c10] Compiler: c1, Barriers: 2, Oops: 0, ImmediateOops: 2, NonImmediateOops: No
[1,324s][debug][gc,nmethod  ] Register NMethod: sun.util.locale.provider.LocaleProviderAdapter$$Lambda/0x000000005d0b6ec8.apply (0x00007a501b661c88) [0x00007a501b661d80, 0x00007a501b6620c0] Compiler: c1, Barriers: 0, Oops: 0, ImmediateOops: 0, NonImmediateOops: No
[1,324s][debug][gc,nmethod  ] Register NMethod: java.util.stream.DistinctOps$1$2.accept (0x00007a501b662108) [0x00007a501b662200, 0x00007a501b6627c0] Compiler: c1, Barriers: 2, Oops: 0, ImmediateOops: 0, NonImmediateOops: No
[1,324s][debug][gc,nmethod  ] Register NMethod: java.util.Locale$LocaleCache.apply (0x00007a501b662808) [0x00007a501b662900, 0x00007a501b6634f0] Compiler: c1, Barriers: 11, Oops: 0, ImmediateOops: 0, NonImmediateOops: No
[1,324s][debug][gc,nmethod  ] Register NMethod: sun.util.locale.provider.LocaleProviderAdapter.lambda$toLocaleArray$0 (0x00007a501b663508) [0x00007a501b663600, 0x00007a501b664318] Compiler: c1, Barriers: 3, Oops: 0, ImmediateOops: 3, NonImmediateOops: No
[1,324s][debug][gc,nmethod  ] Register NMethod: java.lang.String.<init> (0x00007a501b664388) [0x00007a501b664480, 0x00007a501b6645d0] Compiler: c1, Barriers: 0, Oops: 0, ImmediateOops: 0, NonImmediateOops: No
[1,325s][debug][gc,nmethod  ] Register NMethod: sun.util.locale.LanguageTag.isExtlang (0x00007a501b664688) [0x00007a501b664780, 0x00007a501b665c70] Compiler: c1, Barriers: 3, Oops: 1, ImmediateOops: 2, NonImmediateOops: No
[1,325s][debug][gc,nmethod  ] Register NMethod: java.util.ImmutableCollections$SetN.probe (0x00007a503ac2dd08) [0x00007a503ac2de00, 0x00007a503ac2e550] Compiler: jvmci, Barriers: 7, Oops: 0, ImmediateOops: 0, NonImmediateOops: No
[1,325s][debug][gc,nmethod  ] Register NMethod: sun.util.locale.LanguageTag.isScript (0x00007a501b665c88) [0x00007a501b665d80, 0x00007a501b667270] Compiler: c1, Barriers: 3, Oops: 1, ImmediateOops: 2, NonImmediateOops: No
[1,325s][debug][gc,nmethod  ] Register NMethod: sun.util.locale.LanguageTag.isRegion (0x00007a501b667288) [0x00007a501b667380, 0x00007a501b669bd8] Compiler: c1, Barriers: 6, Oops: 1, ImmediateOops: 4, NonImmediateOops: No
[1,325s][debug][gc,nmethod  ] Register NMethod: sun.util.locale.LanguageTag.parseExtensions (0x00007a501b669c08) [0x00007a501b669d00, 0x00007a501b66c518] Compiler: c1, Barriers: 4, Oops: 3, ImmediateOops: 7, NonImmediateOops: No
[1,326s][debug][gc,nmethod  ] Register NMethod: java.util.Objects.requireNonNull (0x00007a503ac2e588) [0x00007a503ac2e680, 0x00007a503ac2e718] Compiler: jvmci, Barriers: 0, Oops: 0, ImmediateOops: 0, NonImmediateOops: No
[1,326s][debug][gc,director ] Rule Major: Warmup 10%, Used: 62MB, UsedThreshold: 1228MB
[1,326s][debug][gc,nmethod  ] Register NMethod: java.lang.String.isEmpty (0x00007a503ac2e888) [0x00007a503ac2e980, 0x00007a503ac2ea68] Compiler: jvmci, Barriers: 1, Oops: 0, ImmediateOops: 0, NonImmediateOops: No
[1,326s][debug][gc,nmethod  ] Register NMethod: java.util.HashMap.put (0x00007a503ac2eb88) [0x00007a503ac2eca0, 0x00007a503ac304a8] Compiler: jvmci, Barriers: 59, Oops: 0, ImmediateOops: 0, NonImmediateOops: No
[1,326s][debug][gc,nmethod  ] Register NMethod: java.lang.ref.ReferenceQueue.poll (0x00007a503ac30508) [0x00007a503ac30600, 0x00007a503ac306e8] Compiler: jvmci, Barriers: 1, Oops: 0, ImmediateOops: 0, NonImmediateOops: No
[1,329s][debug][gc,nmethod  ] Register NMethod: java.util.Locale.hasExtensions (0x00007a501b66c588) [0x00007a501b66c680, 0x00007a501b66c800] Compiler: c1, Barriers: 1, Oops: 0, ImmediateOops: 0, NonImmediateOops: No
[1,329s][debug][gc,nmethod  ] Register NMethod: java.util.Locale.stripExtensions (0x00007a501b66c888) [0x00007a501b66c980, 0x00007a501b66cdf8] Compiler: c1, Barriers: 2, Oops: 0, ImmediateOops: 0, NonImmediateOops: No
[1,329s][debug][gc,nmethod  ] Register NMethod: sun.util.locale.BaseLocale.equals (0x00007a501b66ce08) [0x00007a501b66cf00, 0x00007a501b66d9d8] Compiler: c1, Barriers: 8, Oops: 0, ImmediateOops: 0, NonImmediateOops: No
[1,329s][debug][gc,nmethod  ] Register NMethod: java.util.Locale.equals (0x00007a501b66da08) [0x00007a501b66db00, 0x00007a501b66e908] Compiler: c1, Barriers: 5, Oops: 0, ImmediateOops: 0, NonImmediateOops: No
[1,329s][debug][gc,nmethod  ] Register NMethod: sun.util.locale.LocaleUtils.caseIgnoreMatch (0x00007a501b66e988) [0x00007a501b66ea80, 0x00007a501b670a68] Compiler: c1, Barriers: 6, Oops: 1, ImmediateOops: 4, NonImmediateOops: No
[1,331s][debug][gc,nmethod  ] Register NMethod: java.lang.StringLatin1.newString (0x00007a503ac30808) [0x00007a503ac30900, 0x00007a503ac30cc0] Compiler: jvmci, Barriers: 2, Oops: 0, ImmediateOops: 1, NonImmediateOops: No
[1,331s][debug][gc,nmethod  ] Register NMethod: java.lang.invoke.MethodHandles$Lookup.checkAccess (0x00007a501b670a88) [0x00007a501b670b80, 0x00007a501b672698] Compiler: c1, Barriers: 5, Oops: 0, ImmediateOops: 1, NonImmediateOops: No
[1,331s][debug][gc,nmethod  ] Register NMethod: sun.util.locale.BaseLocale.hashCode (0x00007a503ac30d08) [0x00007a503ac30e00, 0x00007a503ac31458] Compiler: jvmci, Barriers: 8, Oops: 0, ImmediateOops: 0, NonImmediateOops: No
[1,335s][debug][gc,nmethod  ] Register NMethod: java.lang.StringUTF16.getChar (0x00007a501b672708) [0x00007a501b672800, 0x00007a501b672960] Compiler: c1, Barriers: 0, Oops: 0, ImmediateOops: 0, NonImmediateOops: No
[1,335s][debug][gc,nmethod  ] Register NMethod: java.lang.String.isLatin1 (0x00007a501b672a08) [0x00007a501b672b00, 0x00007a501b672c60] Compiler: c1, Barriers: 0, Oops: 0, ImmediateOops: 0, NonImmediateOops: No
[1,336s][debug][gc,nmethod  ] Register NMethod: java.lang.CharacterData.of (0x00007a501b4e5e88) [0x00007a501b4e5f80, 0x00007a501b4e66c0] Compiler: c1, Barriers: 7, Oops: 0, ImmediateOops: 3, NonImmediateOops: No
[1,336s][debug][gc,nmethod  ] Register NMethod: java.lang.CharacterData.of (0x00007a501b4e5e88) [0x00007a501b4e5f80, 0x00007a501b4e66c0] Compiler: c1, Barriers: 7, Oops: 0, ImmediateOops: 3, NonImmediateOops: No
[1,336s][debug][gc,director ] Rule Major: Warmup 10%, Used: 62MB, UsedThreshold: 1228MB
[1,338s][debug][gc,nmethod  ] Register NMethod: java.lang.invoke.MethodHandle.linkToVirtual (0x00007a503ac31488) [0x00007a503ac31580, 0x00007a503ac315a8] Compiler: , Barriers: 0, Oops: 0, ImmediateOops: 0, NonImmediateOops: No
[1,338s][debug][gc,nmethod  ] Register NMethod: java.lang.invoke.LambdaForm.parameter (0x00007a501b672d08) [0x00007a501b672e00, 0x00007a501b672f98] Compiler: c1, Barriers: 2, Oops: 0, ImmediateOops: 0, NonImmediateOops: No
[1,338s][debug][gc,nmethod  ] Register NMethod: jdk.internal.classfile.impl.DirectCodeBuilder.loadLocal (0x00007a501b673008) [0x00007a501b673100, 0x00007a501b674f88] Compiler: c1, Barriers: 5, Oops: 0, ImmediateOops: 2, NonImmediateOops: No
[1,338s][debug][gc,nmethod  ] Register NMethod: jdk.internal.classfile.impl.AbstractPoolEntry$NameAndTypeEntryImpl.<init> (0x00007a501b675008) [0x00007a501b675100, 0x00007a501b675250] Compiler: c1, Barriers: 0, Oops: 0, ImmediateOops: 0, NonImmediateOops: No
[1,339s][debug][gc,nmethod  ] Register NMethod: java.lang.invoke.LambdaForm.parameterType (0x00007a501b675308) [0x00007a501b675400, 0x00007a501b675580] Compiler: c1, Barriers: 1, Oops: 0, ImmediateOops: 0, NonImmediateOops: No
[1,339s][debug][gc,nmethod  ] Register NMethod: java.lang.classfile.constantpool.ConstantPoolBuilder.nameAndTypeEntry (0x00007a501b675608) [0x00007a501b675700, 0x00007a501b675e20] Compiler: c1, Barriers: 0, Oops: 0, ImmediateOops: 0, NonImmediateOops: No
[1,339s][debug][gc,nmethod  ] Register NMethod: jdk.internal.classfile.impl.StackMapGenerator$Frame.getLocalRawInternal (0x00007a501b675e88) [0x00007a501b675f80, 0x00007a501b676318] Compiler: c1, Barriers: 2, Oops: 0, ImmediateOops: 0, NonImmediateOops: No
[1,340s][debug][gc,nmethod  ] Register NMethod: jdk.internal.classfile.impl.SplitConstantPool.methodRefEntry (0x00007a501b676388) [0x00007a501b676480, 0x00007a501b678dd8] Compiler: c1, Barriers: 6, Oops: 0, ImmediateOops: 0, NonImmediateOops: No
[1,340s][debug][gc,nmethod  ] Register NMethod: java.util.concurrent.ConcurrentHashMap.putVal (0x00007a503ac31788) [0x00007a503ac31880, 0x00007a503ac32968] Compiler: jvmci, Barriers: 28, Oops: 0, ImmediateOops: 0, NonImmediateOops: No
[1,340s][debug][gc,nmethod  ] Register NMethod: worker.org.gradle.internal.classloader.FilteringClassLoader.classAllowed (0x00007a501b678e08) [0x00007a501b678f00, 0x00007a501b67a108] Compiler: c1, Barriers: 8, Oops: 3, ImmediateOops: 2, NonImmediateOops: No
[1,341s][debug][gc,nmethod  ] Register NMethod: jdk.internal.jimage.ImageHeader.getTableLength (0x00007a503ac32988) [0x00007a503ac32a80, 0x00007a503ac32b40] Compiler: c1, Barriers: 0, Oops: 0, ImmediateOops: 0, NonImmediateOops: No
[1,341s][debug][gc,nmethod  ] Register NMethod: java.nio.DirectIntBufferU.ix (0x00007a501b67a188) [0x00007a501b67a280, 0x00007a501b67a390] Compiler: c1, Barriers: 0, Oops: 0, ImmediateOops: 0, NonImmediateOops: No
[1,341s][debug][gc,nmethod  ] Register NMethod: java.util.concurrent.ConcurrentHashMap$BaseIterator.hasNext (0x00007a501b67a488) [0x00007a501b67a580, 0x00007a501b67a700] Compiler: c1, Barriers: 1, Oops: 0, ImmediateOops: 0, NonImmediateOops: No
[1,341s][debug][gc,nmethod  ] Register NMethod: jdk.internal.misc.ScopedMemoryAccess.getIntInternal (0x00007a501b67a788) [0x00007a501b67a880, 0x00007a501b67aad0] Compiler: c1, Barriers: 0, Oops: 0, ImmediateOops: 0, NonImmediateOops: No
[1,341s][debug][gc,nmethod  ] Register NMethod: jdk.internal.misc.ScopedMemoryAccess.getInt (0x00007a501b67ab08) [0x00007a501b67ac00, 0x00007a501b67af10] Compiler: c1, Barriers: 0, Oops: 0, ImmediateOops: 0, NonImmediateOops: No
[1,341s][debug][gc,nmethod  ] Register NMethod: java.nio.DirectIntBufferU.get (0x00007a501b67af88) [0x00007a501b67b080, 0x00007a501b67be70] Compiler: c1, Barriers: 1, Oops: 2, ImmediateOops: 2, NonImmediateOops: No
[1,341s][debug][gc,nmethod  ] Register NMethod: java.util.concurrent.ConcurrentHashMap$Traverser.advance (0x00007a501b67be88) [0x00007a501b67bf80, 0x00007a501b67d078] Compiler: c1, Barriers: 15, Oops: 0, ImmediateOops: 0, NonImmediateOops: No
[1,341s][debug][gc,nmethod  ] Register NMethod: jdk.internal.loader.URLClassPath$JarLoader.findResource (0x00007a501b67d088) [0x00007a501b67d180, 0x00007a501b67d388] Compiler: c1, Barriers: 1, Oops: 0, ImmediateOops: 0, NonImmediateOops: No
[1,341s][debug][gc,nmethod  ] Register NMethod: java.io.UnixFileSystem.getFileForSysCalls (0x00007a501b67d408) [0x00007a501b67d500, 0x00007a501b67da40] Compiler: c1, Barriers: 3, Oops: 0, ImmediateOops: 0, NonImmediateOops: No
[1,342s][debug][gc,nmethod  ] Register NMethod: java.lang.StringUTF16.getChar (0x00007a503ac32c88) [0x00007a503ac32d80, 0x00007a503ac32e68] Compiler: jvmci, Barriers: 0, Oops: 0, ImmediateOops: 0, NonImmediateOops: No
[1,343s][debug][gc,nmethod  ] Register NMethod: java.lang.String.charAt (0x00007a503ac32f88) [0x00007a503ac33080, 0x00007a503ac331e0] Compiler: jvmci, Barriers: 1, Oops: 0, ImmediateOops: 0, NonImmediateOops: No
[1,343s][debug][gc,nmethod  ] Register NMethod: java.util.concurrent.ConcurrentHashMap$ValueIterator.next (0x00007a501b67da88) [0x00007a501b67db80, 0x00007a501b67e060] Compiler: c1, Barriers: 5, Oops: 0, ImmediateOops: 0, NonImmediateOops: No
[1,346s][debug][gc,director ] Rule Major: Warmup 10%, Used: 62MB, UsedThreshold: 1228MB
[1,347s][debug][gc,nmethod  ] Register NMethod: java.lang.ClassLoader.definePackage (0x00007a501b67e088) [0x00007a501b67e180, 0x00007a501b6805d8] Compiler: c1, Barriers: 10, Oops: 2, ImmediateOops: 5, NonImmediateOops: No
[1,347s][debug][gc,nmethod  ] Register NMethod: jdk.internal.reflect.Reflection.getCallerClass (0x00007a503ac33288) [0x00007a503ac33380, 0x00007a503ac336a8] Compiler: , Barriers: 0, Oops: 0, ImmediateOops: 1, NonImmediateOops: No
[1,348s][debug][gc,nmethod  ] Register NMethod: java.lang.invoke.MethodHandles$Lookup.isClassAccessible (0x00007a501b680608) [0x00007a501b680700, 0x00007a501b681028] Compiler: c1, Barriers: 3, Oops: 0, ImmediateOops: 0, NonImmediateOops: No
[1,348s][debug][gc,nmethod  ] Register NMethod: java.lang.invoke.MemberName.ensureTypeVisible (0x00007a501b681088) [0x00007a501b681180, 0x00007a501b685a20] Compiler: c1, Barriers: 10, Oops: 3, ImmediateOops: 10, NonImmediateOops: No
[1,349s][debug][gc,nmethod  ] Register NMethod: java.lang.AbstractStringBuilder.needsNewBuffer (0x00007a501b685a88) [0x00007a501b685b80, 0x00007a501b685d20] Compiler: c1, Barriers: 0, Oops: 0, ImmediateOops: 0, NonImmediateOops: No
[1,350s][debug][gc,nmethod  ] Register NMethod: java.util.concurrent.ConcurrentHashMap.addCount (0x00007a503ac33708) [0x00007a503ac33800, 0x00007a503ac34d70] Compiler: jvmci, Barriers: 56, Oops: 0, ImmediateOops: 0, NonImmediateOops: No
[1,351s][debug][gc,nmethod  ] Register NMethod: sun.util.locale.LocaleUtils.toLower (0x00007a503ac34d88) [0x00007a503ac34e80, 0x00007a503ac34ef8] Compiler: jvmci, Barriers: 0, Oops: 0, ImmediateOops: 0, NonImmediateOops: No
[1,351s][debug][gc,nmethod  ] Register NMethod: java.lang.invoke.MethodHandle.linkToStatic (0x00007a503ac35088) [0x00007a503ac35180, 0x00007a503ac35270] Compiler: , Barriers: 0, Oops: 0, ImmediateOops: 0, NonImmediateOops: No
[1,351s][debug][gc,nmethod  ] Register NMethod: java.lang.invoke.MethodType.changeReturnType (0x00007a501b685d88) [0x00007a501b685e80, 0x00007a501b686250] Compiler: c1, Barriers: 2, Oops: 0, ImmediateOops: 0, NonImmediateOops: No
[1,353s][debug][gc,nmethod  ] Register NMethod: java.util.zip.CRC32.<init> (0x00007a501b686288) [0x00007a501b686380, 0x00007a501b6864d8] Compiler: c1, Barriers: 0, Oops: 0, ImmediateOops: 0, NonImmediateOops: No
[1,353s][debug][gc,nmethod  ] Register NMethod: java.util.concurrent.ConcurrentHashMap.get (0x00007a503ac35388) [0x00007a503ac35480, 0x00007a503ac35fb8] Compiler: jvmci, Barriers: 15, Oops: 0, ImmediateOops: 0, NonImmediateOops: No
[1,353s][debug][gc,nmethod  ] Register NMethod: java.util.ArrayList.grow (0x00007a501b686588) [0x00007a501b686680, 0x00007a501b686ed0] Compiler: c1, Barriers: 9, Oops: 0, ImmediateOops: 1, NonImmediateOops: No
[1,353s][debug][gc,nmethod  ] Register NMethod: jdk.internal.loader.URLClassPath$JarLoader$1.getBytes (0x00007a501b686f08) [0x00007a501b687000, 0x00007a501b687c40] Compiler: c1, Barriers: 4, Oops: 0, ImmediateOops: 1, NonImmediateOops: No
[1,354s][debug][gc,nmethod  ] Register NMethod: java.lang.classfile.TypeKind.slotSize (0x00007a503ac36008) [0x00007a503ac36100, 0x00007a503ac361c0] Compiler: c1, Barriers: 0, Oops: 0, ImmediateOops: 0, NonImmediateOops: No
[1,354s][debug][gc,nmethod  ] Register NMethod: jdk.internal.classfile.impl.DirectCodeBuilder.setLabelTarget (0x00007a501b687c88) [0x00007a501b687d80, 0x00007a501b6887b8] Compiler: c1, Barriers: 1, Oops: 0, ImmediateOops: 1, NonImmediateOops: No
[1,354s][debug][gc,nmethod  ] Register NMethod: jdk.internal.classfile.impl.StackMapDecoder$StackMapFrameImpl.target (0x00007a503ac36308) [0x00007a503ac36400, 0x00007a503ac364e8] Compiler: c1, Barriers: 1, Oops: 0, ImmediateOops: 0, NonImmediateOops: No
[1,354s][debug][gc,nmethod  ] Register NMethod: jdk.internal.classfile.impl.StackMapDecoder$StackMapFrameImpl.locals (0x00007a503ac36608) [0x00007a503ac36700, 0x00007a503ac367e8] Compiler: c1, Barriers: 1, Oops: 0, ImmediateOops: 0, NonImmediateOops: No
[1,354s][debug][gc,nmethod  ] Register NMethod: jdk.internal.classfile.impl.AbstractPseudoInstruction$ExceptionCatchImpl.catchTypeEntry (0x00007a503ac36908) [0x00007a503ac36a00, 0x00007a503ac36ae8] Compiler: c1, Barriers: 1, Oops: 0, ImmediateOops: 0, NonImmediateOops: No
[1,356s][debug][gc,nmethod  ] Register NMethod: java.lang.String.substring (0x00007a503ac36c08) [0x00007a503ac36d00, 0x00007a503ac371c8] Compiler: jvmci, Barriers: 3, Oops: 0, ImmediateOops: 1, NonImmediateOops: No
[1,356s][debug][gc,director ] Rule Major: Warmup 10%, Used: 64MB, UsedThreshold: 1228MB
[1,357s][debug][gc,nmethod  ] Register NMethod: java.util.zip.ZipFile.ensureOpen (0x00007a503ac37208) [0x00007a503ac37300, 0x00007a503ac37460] Compiler: jvmci, Barriers: 2, Oops: 0, ImmediateOops: 0, NonImmediateOops: No
[1,357s][debug][gc,nmethod  ] Register NMethod: java.lang.ClassLoader.compareCerts (0x00007a501b688808) [0x00007a501b688900, 0x00007a501b689440] Compiler: c1, Barriers: 4, Oops: 0, ImmediateOops: 0, NonImmediateOops: No
[1,358s][debug][gc,nmethod  ] Register NMethod: jdk.internal.loader.AbstractClassLoaderValue$Sub.parent (0x00007a503ac37508) [0x00007a503ac37600, 0x00007a503ac376e8] Compiler: c1, Barriers: 1, Oops: 0, ImmediateOops: 0, NonImmediateOops: No
[1,358s][debug][gc,nmethod  ] Register NMethod: java.lang.invoke.DirectMethodHandle.internalMemberName (0x00007a501b689488) [0x00007a501b689580, 0x00007a501b6898a0] Compiler: c1, Barriers: 1, Oops: 0, ImmediateOops: 0, NonImmediateOops: No
[1,359s][debug][gc,nmethod  ] Register NMethod: java.lang.reflect.Method.getRoot (0x00007a503ac37808) [0x00007a503ac37900, 0x00007a503ac379e8] Compiler: c1, Barriers: 1, Oops: 0, ImmediateOops: 0, NonImmediateOops: No
[1,361s][debug][gc,nmethod  ] Register NMethod: java.net.URLClassLoader.isSealed (0x00007a501b689908) [0x00007a501b689a00, 0x00007a501b68d4b0] Compiler: c1, Barriers: 10, Oops: 3, ImmediateOops: 15, NonImmediateOops: No
[1,361s][debug][gc,nmethod  ] Register NMethod: java.lang.invoke.MethodHandle.linkToSpecial (0x00007a503ac37b08) [0x00007a503ac37c00, 0x00007a503ac37cf8] Compiler: , Barriers: 0, Oops: 0, ImmediateOops: 0, NonImmediateOops: No
[1,362s][debug][gc,nmethod  ] Register NMethod: java.lang.invoke.MethodHandle.linkToSpecial (0x00007a503ac37e08) [0x00007a503ac37f00, 0x00007a503ac37ff8] Compiler: , Barriers: 0, Oops: 0, ImmediateOops: 0, NonImmediateOops: No
[1,363s][debug][gc,nmethod  ] Register NMethod: jdk.internal.loader.URLClassPath.getLoader (0x00007a503ac38108) [0x00007a503ac38200, 0x00007a503ac38f00] Compiler: jvmci, Barriers: 12, Oops: 0, ImmediateOops: 0, NonImmediateOops: No
[1,363s][debug][gc,nmethod  ] Register NMethod: java.lang.invoke.MemberName.getInvocationType (0x00007a501b68d508) [0x00007a501b68d600, 0x00007a501b68ec00] Compiler: c1, Barriers: 7, Oops: 0, ImmediateOops: 0, NonImmediateOops: No
[1,363s][debug][gc,nmethod  ] Register NMethod: sun.invoke.util.Wrapper.stackSlots (0x00007a501b68ec08) [0x00007a501b68ed00, 0x00007a501b68ee08] Compiler: c1, Barriers: 0, Oops: 0, ImmediateOops: 0, NonImmediateOops: No
[1,363s][debug][gc,nmethod  ] Register NMethod: java.lang.invoke.LambdaForm$BasicType.basicTypeSlots (0x00007a501b68ef08) [0x00007a501b68f000, 0x00007a501b68f358] Compiler: c1, Barriers: 1, Oops: 0, ImmediateOops: 0, NonImmediateOops: No
[1,363s][debug][gc,nmethod  ] Register NMethod: java.lang.invoke.InvokerBytecodeGenerator.emitImplicitConversion (0x00007a501b68f388) [0x00007a501b68f480, 0x00007a501b6918b0] Compiler: c1, Barriers: 3, Oops: 2, ImmediateOops: 10, NonImmediateOops: No
[1,364s][debug][gc,nmethod  ] Register NMethod: jdk.internal.classfile.impl.BufWriterImpl.writeU1U1 (0x00007a501b691908) [0x00007a501b691a00, 0x00007a501b691e70] Compiler: c1, Barriers: 2, Oops: 0, ImmediateOops: 0, NonImmediateOops: No
[1,364s][debug][gc,nmethod  ] Register NMethod: java.lang.invoke.MethodHandle.linkToStatic (0x00007a503ac38f08) [0x00007a503ac39000, 0x00007a503ac390f8] Compiler: , Barriers: 0, Oops: 0, ImmediateOops: 0, NonImmediateOops: No
[1,364s][debug][gc,nmethod  ] Register NMethod: java.lang.invoke.InvokerBytecodeGenerator.emitPushArgument (0x00007a501b691e88) [0x00007a501b691f80, 0x00007a501b694b48] Compiler: c1, Barriers: 6, Oops: 1, ImmediateOops: 5, NonImmediateOops: No
[1,364s][debug][gc,nmethod  ] Register NMethod: java.lang.invoke.MethodHandle.invokeBasic (0x00007a503ac39208) [0x00007a503ac39300, 0x00007a503ac39598] Compiler: , Barriers: 0, Oops: 0, ImmediateOops: 0, NonImmediateOops: No
[1,364s][debug][gc,nmethod  ] Register NMethod: java.lang.invoke.MethodHandles$Lookup.checkSymbolicClass (0x00007a501b694b88) [0x00007a501b694c80, 0x00007a501b695268] Compiler: c1, Barriers: 0, Oops: 0, ImmediateOops: 1, NonImmediateOops: No
[1,365s][debug][gc,nmethod  ] Register NMethod: java.lang.invoke.LambdaForm$Name.isParam (0x00007a501b695288) [0x00007a501b695380, 0x00007a501b695500] Compiler: c1, Barriers: 1, Oops: 0, ImmediateOops: 0, NonImmediateOops: No
[1,365s][debug][gc,nmethod  ] Register NMethod: java.lang.invoke.DirectMethodHandle.<init> (0x00007a501b695588) [0x00007a501b695680, 0x00007a501b697b10] Compiler: c1, Barriers: 9, Oops: 2, ImmediateOops: 2, NonImmediateOops: No
[1,365s][debug][gc,nmethod  ] Register NMethod: java.lang.classfile.constantpool.ConstantPoolBuilder.methodRefEntry (0x00007a501b697b88) [0x00007a501b697c80, 0x00007a501b6983b0] Compiler: c1, Barriers: 0, Oops: 0, ImmediateOops: 0, NonImmediateOops: No
[1,365s][debug][gc,nmethod  ] Register NMethod: java.lang.invoke.LambdaForm.useCount (0x00007a501b698408) [0x00007a501b698500, 0x00007a501b6989a8] Compiler: c1, Barriers: 4, Oops: 0, ImmediateOops: 0, NonImmediateOops: No
[1,365s][debug][gc,nmethod  ] Register NMethod: jdk.internal.constant.MethodTypeDescImpl.buildDescriptorString (0x00007a501b698a08) [0x00007a501b698b00, 0x00007a501b69f7a0] Compiler: c1, Barriers: 18, Oops: 3, ImmediateOops: 27, NonImmediateOops: No
[1,366s][debug][gc,nmethod  ] Register NMethod: jdk.internal.classfile.impl.SplitConstantPool.entryByIndex (0x00007a503ac39608) [0x00007a503ac39700, 0x00007a503ac398c0] Compiler: jvmci, Barriers: 2, Oops: 0, ImmediateOops: 0, NonImmediateOops: No
[1,366s][debug][gc,director ] Rule Major: Warmup 10%, Used: 64MB, UsedThreshold: 1228MB
[1,366s][debug][gc,nmethod  ] Register NMethod: java.util.List.copyOf (0x00007a501b69f808) [0x00007a501b69f900, 0x00007a501b69fa10] Compiler: c1, Barriers: 0, Oops: 0, ImmediateOops: 0, NonImmediateOops: No
[1,366s][debug][gc,nmethod  ] Register NMethod: java.lang.classfile.constantpool.MemberRefEntry.type (0x00007a501b69fb08) [0x00007a501b69fc00, 0x00007a501b6a0660] Compiler: c1, Barriers: 2, Oops: 0, ImmediateOops: 0, NonImmediateOops: No
[1,366s][debug][gc,nmethod  ] Register NMethod: java.util.ImmutableCollections.listCopy (0x00007a501b6a0688) [0x00007a501b6a0780, 0x00007a501b6a1638] Compiler: c1, Barriers: 0, Oops: 0, ImmediateOops: 1, NonImmediateOops: No
[1,367s][debug][gc,nmethod  ] Register NMethod: jdk.internal.classfile.impl.AbstractPoolEntry$Utf8EntryImpl.clone (0x00007a501b6a1688) [0x00007a501b6a1780, 0x00007a501b6a1a78] Compiler: c1, Barriers: 0, Oops: 0, ImmediateOops: 0, NonImmediateOops: No
[1,367s][debug][gc,nmethod  ] Register NMethod: jdk.internal.classfile.impl.AbstractPoolEntry$Utf8EntryImpl.clone (0x00007a501b6a1a88) [0x00007a501b6a1b80, 0x00007a501b6a26e8] Compiler: c1, Barriers: 8, Oops: 0, ImmediateOops: 1, NonImmediateOops: No
[1,368s][debug][gc,nmethod  ] Register NMethod: java.util.zip.ZipCoder.hash (0x00007a503ac39908) [0x00007a503ac39a00, 0x00007a503ac39c68] Compiler: jvmci, Barriers: 1, Oops: 0, ImmediateOops: 0, NonImmediateOops: No
[1,368s][debug][gc,nmethod  ] Register NMethod: java.lang.StringLatin1.getChar (0x00007a501b6a2708) [0x00007a501b6a2800, 0x00007a501b6a2910] Compiler: c1, Barriers: 0, Oops: 0, ImmediateOops: 0, NonImmediateOops: No
[1,370s][debug][gc,nmethod  ] Register NMethod: jdk.internal.loader.URLClassPath$JarLoader.ensureOpen (0x00007a503ac39c88) [0x00007a503ac39d80, 0x00007a503ac39f38] Compiler: jvmci, Barriers: 5, Oops: 0, ImmediateOops: 0, NonImmediateOops: No
[1,370s][debug][gc,nmethod  ] Register NMethod: java.lang.reflect.Executable.<init> (0x00007a501b6a2a08) [0x00007a501b6a2b00, 0x00007a501b6a2cb8] Compiler: c1, Barriers: 0, Oops: 0, ImmediateOops: 0, NonImmediateOops: No
[1,370s][debug][gc,nmethod  ] Register NMethod: java.util.ImmutableCollections$List12.<init> (0x00007a501b6a2d08) [0x00007a501b6a2e00, 0x00007a501b6a32b0] Compiler: c1, Barriers: 6, Oops: 0, ImmediateOops: 1, NonImmediateOops: No
[1,370s][debug][gc,nmethod  ] Register NMethod: java.lang.String.valueOf (0x00007a501b6a3308) [0x00007a501b6a3400, 0x00007a501b6a3738] Compiler: c1, Barriers: 0, Oops: 0, ImmediateOops: 1, NonImmediateOops: No
[1,370s][debug][gc,nmethod  ] Register NMethod: jdk.internal.classfile.impl.Util.isDoubleSlot (0x00007a501b6a3788) [0x00007a501b6a3880, 0x00007a501b6a39f0] Compiler: c1, Barriers: 0, Oops: 0, ImmediateOops: 2, NonImmediateOops: No
[1,370s][debug][gc,nmethod  ] Register NMethod: java.lang.classfile.Opcode.sizeIfFixed (0x00007a503ac39f88) [0x00007a503ac3a080, 0x00007a503ac3a140] Compiler: c1, Barriers: 0, Oops: 0, ImmediateOops: 0, NonImmediateOops: No
[1,371s][debug][gc,nmethod  ] Register NMethod: java.util.BitSet.get (0x00007a501b6a3a88) [0x00007a501b6a3b80, 0x00007a501b6a4a28] Compiler: c1, Barriers: 1, Oops: 1, ImmediateOops: 2, NonImmediateOops: No
[1,371s][debug][gc,nmethod  ] Register NMethod: java.lang.PublicMethods$Key.matches (0x00007a501b6a4a88) [0x00007a501b6a4b80, 0x00007a501b6a5270] Compiler: c1, Barriers: 2, Oops: 1, ImmediateOops: 2, NonImmediateOops: No
[1,373s][debug][gc,nmethod  ] Register NMethod: java.util.jar.JarFile.checkForSpecialAttributes (0x00007a503ac3a288) [0x00007a503ac3a380, 0x00007a503ac3acd8] Compiler: jvmci, Barriers: 7, Oops: 2, ImmediateOops: 8, NonImmediateOops: No
[1,373s][debug][gc,nmethod  ] Register NMethod: java.util.BitSet.wordIndex (0x00007a503ac3ad08) [0x00007a503ac3ae00, 0x00007a503ac3ae68] Compiler: jvmci, Barriers: 0, Oops: 0, ImmediateOops: 0, NonImmediateOops: No
[1,376s][debug][gc,director ] Rule Major: Warmup 10%, Used: 66MB, UsedThreshold: 1228MB
[1,376s][debug][gc,nmethod  ] Register NMethod: java.util.zip.ZipFile$Source.getEntryPos (0x00007a503ac3b008) [0x00007a503ac3b100, 0x00007a503ac3b878] Compiler: jvmci, Barriers: 6, Oops: 0, ImmediateOops: 0, NonImmediateOops: No
[1,379s][debug][gc,nmethod  ] Register NMethod: jdk.internal.loader.NativeLibrary.findEntry0 (0x00007a503ac3b888) [0x00007a503ac3b980, 0x00007a503ac3baf0] Compiler: , Barriers: 0, Oops: 0, ImmediateOops: 1, NonImmediateOops: No
[1,379s][debug][gc,nmethod  ] Register NMethod: java.lang.Class.forName0 (0x00007a503ac3bb88) [0x00007a503ac3bc80, 0x00007a503ac3bfe0] Compiler: , Barriers: 0, Oops: 0, ImmediateOops: 1, NonImmediateOops: No
[1,380s][debug][gc,nmethod  ] Register NMethod: java.lang.invoke.MethodHandle.linkToInterface (0x00007a503ac3c008) [0x00007a503ac3c100, 0x00007a503ac3c230] Compiler: , Barriers: 0, Oops: 0, ImmediateOops: 0, NonImmediateOops: No
[1,380s][debug][gc,nmethod  ] Register NMethod: java.lang.invoke.MethodHandle.invokeBasic (0x00007a503ac3c308) [0x00007a503ac3c400, 0x00007a503ac3c698] Compiler: , Barriers: 0, Oops: 0, ImmediateOops: 0, NonImmediateOops: No
[1,381s][debug][gc,nmethod  ] Register NMethod: java.lang.ref.Reference.<init> (0x00007a501b6a5288) [0x00007a501b6a5380, 0x00007a501b6a5658] Compiler: c1, Barriers: 6, Oops: 0, ImmediateOops: 1, NonImmediateOops: No
[1,381s][debug][gc,nmethod  ] Register NMethod: jdk.internal.classfile.impl.SplitConstantPool.utf8Entry (0x00007a501b6a5688) [0x00007a501b6a5780, 0x00007a501b6a5f80] Compiler: c1, Barriers: 4, Oops: 0, ImmediateOops: 0, NonImmediateOops: No
[1,381s][debug][gc,nmethod  ] Register NMethod: java.lang.invoke.MethodHandle.isBuiltinLoader (0x00007a501b6a5f88) [0x00007a501b6a6080, 0x00007a501b6a62d0] Compiler: c1, Barriers: 0, Oops: 0, ImmediateOops: 2, NonImmediateOops: No
[1,381s][debug][gc,nmethod  ] Register NMethod: java.util.zip.ZipFile.getEntry (0x00007a503ac3c708) [0x00007a503ac3c800, 0x00007a503ac3d290] Compiler: jvmci, Barriers: 7, Oops: 0, ImmediateOops: 0, NonImmediateOops: No
[1,382s][debug][gc,nmethod  ] Register NMethod: java.lang.Character.charCount (0x00007a501b6a6308) [0x00007a501b6a6400, 0x00007a501b6a6550] Compiler: c1, Barriers: 0, Oops: 0, ImmediateOops: 0, NonImmediateOops: No
[1,383s][debug][gc,nmethod  ] Register NMethod: java.lang.Character$Subset.<init> (0x00007a501b6a6608) [0x00007a501b6a6700, 0x00007a501b6a69c8] Compiler: c1, Barriers: 3, Oops: 0, ImmediateOops: 1, NonImmediateOops: No
[1,383s][debug][gc,nmethod  ] Register NMethod: java.lang.Character$UnicodeBlock.<init> (0x00007a501b6a6a08) [0x00007a501b6a6b00, 0x00007a501b6a70b0] Compiler: c1, Barriers: 4, Oops: 0, ImmediateOops: 1, NonImmediateOops: No
[1,384s][debug][gc,nmethod  ] Register NMethod: java.lang.invoke.MethodHandle.linkToStatic (0x00007a503ac3d308) [0x00007a503ac3d400, 0x00007a503ac3d4f0] Compiler: , Barriers: 0, Oops: 0, ImmediateOops: 0, NonImmediateOops: No
[1,384s][debug][gc,nmethod  ] Register NMethod: java.lang.invoke.DirectMethodHandle.internalMemberName (0x00007a503ac3d608) [0x00007a503ac3d700, 0x00007a503ac3d7e8] Compiler: c1, Barriers: 1, Oops: 0, ImmediateOops: 0, NonImmediateOops: No
[1,384s][debug][gc,nmethod  ] Register NMethod: java.io.UnixFileSystem.hasBooleanAttributes (0x00007a501b6a7108) [0x00007a501b6a7200, 0x00007a501b6a7d78] Compiler: c1, Barriers: 3, Oops: 1, ImmediateOops: 1, NonImmediateOops: No
[1,384s][debug][gc,nmethod  ] Register NMethod: java.util.concurrent.locks.AbstractQueuedSynchronizer.getState (0x00007a503ac3d908) [0x00007a503ac3da00, 0x00007a503ac3dac0] Compiler: c1, Barriers: 0, Oops: 0, ImmediateOops: 0, NonImmediateOops: No
[1,384s][debug][gc,nmethod  ] Register NMethod: java.lang.Integer.valueOf (0x00007a501b6a7d88) [0x00007a501b6a7e80, 0x00007a501b6a8198] Compiler: c1, Barriers: 1, Oops: 0, ImmediateOops: 1, NonImmediateOops: No
[1,384s][debug][gc,nmethod  ] Register NMethod: java.util.concurrent.locks.AbstractOwnableSynchronizer.getExclusiveOwnerThread (0x00007a503ac3dc08) [0x00007a503ac3dd00, 0x00007a503ac3dde8] Compiler: c1, Barriers: 1, Oops: 0, ImmediateOops: 0, NonImmediateOops: No
[1,384s][debug][gc,nmethod  ] Register NMethod: java.util.concurrent.locks.AbstractOwnableSynchronizer.setExclusiveOwnerThread (0x00007a503ac3df08) [0x00007a503ac3e000, 0x00007a503ac3e130] Compiler: c1, Barriers: 3, Oops: 0, ImmediateOops: 0, NonImmediateOops: No
[1,385s][debug][gc,nmethod  ] Register NMethod: java.util.concurrent.locks.AbstractQueuedSynchronizer.setState (0x00007a503ac3e208) [0x00007a503ac3e300, 0x00007a503ac3e3c8] Compiler: c1, Barriers: 0, Oops: 0, ImmediateOops: 0, NonImmediateOops: No
[1,385s][debug][gc,nmethod  ] Register NMethod: sun.net.util.IPAddressUtil.scan (0x00007a501b6a8208) [0x00007a501b6a8300, 0x00007a501b6a9350] Compiler: c1, Barriers: 3, Oops: 1, ImmediateOops: 2, NonImmediateOops: No
[1,385s][debug][gc,nmethod  ] Register NMethod: java.util.concurrent.ConcurrentHashMap.putVal (0x00007a501b6a9388) [0x00007a501b6a9480, 0x00007a501b6ab9c8] Compiler: c1, Barriers: 28, Oops: 0, ImmediateOops: 1, NonImmediateOops: No
[1,386s][debug][gc,director ] Rule Major: Warmup 10%, Used: 68MB, UsedThreshold: 1228MB
[1,388s][debug][gc,nmethod  ] Register NMethod: jdk.internal.jimage.ImageStringsReader.hashCode (0x00007a501b6aba08) [0x00007a501b6abb00, 0x00007a501b6abc60] Compiler: c1, Barriers: 0, Oops: 0, ImmediateOops: 0, NonImmediateOops: No
[1,388s][debug][gc,nmethod  ] Register NMethod: jdk.internal.classfile.impl.AbstractPoolEntry$Utf8EntryImpl.fieldTypeSymbol (0x00007a501b6abd08) [0x00007a501b6abe00, 0x00007a501b6acdf8] Compiler: c1, Barriers: 5, Oops: 0, ImmediateOops: 0, NonImmediateOops: No
[1,388s][debug][gc,nmethod  ] Register NMethod: jdk.internal.module.SystemModuleFinders$SystemImage.reader (0x00007a501b6ace08) [0x00007a501b6acf00, 0x00007a501b6acfe8] Compiler: c1, Barriers: 0, Oops: 0, ImmediateOops: 1, NonImmediateOops: No
[1,388s][debug][gc,nmethod  ] Register NMethod: jdk.internal.jimage.ImageReader.requireOpen (0x00007a501b6ad108) [0x00007a501b6ad200, 0x00007a501b6ad408] Compiler: c1, Barriers: 0, Oops: 0, ImmediateOops: 1, NonImmediateOops: No
[1,388s][debug][gc,nmethod  ] Register NMethod: jdk.internal.jimage.ImageStringsReader.hashCode (0x00007a501b6ad488) [0x00007a501b6ad580, 0x00007a501b6ad730] Compiler: c1, Barriers: 0, Oops: 0, ImmediateOops: 0, NonImmediateOops: No
[1,388s][debug][gc,nmethod  ] Register NMethod: jdk.internal.loader.BuiltinClassLoader.moduleReaderFor (0x00007a501b6ad788) [0x00007a501b6ad880, 0x00007a501b6ae488] Compiler: c1, Barriers: 5, Oops: 0, ImmediateOops: 0, NonImmediateOops: No
[1,388s][debug][gc,nmethod  ] Register NMethod: java.util.zip.Inflater.init (0x00007a503ac3e508) [0x00007a503ac3e600, 0x00007a503ac3e760] Compiler: , Barriers: 0, Oops: 0, ImmediateOops: 1, NonImmediateOops: No
[1,388s][debug][gc,nmethod  ] Register NMethod: jdk.internal.jimage.BasicImageReader.getLocationIndex (0x00007a501b6ae508) [0x00007a501b6ae600, 0x00007a501b6aedc8] Compiler: c1, Barriers: 2, Oops: 0, ImmediateOops: 0, NonImmediateOops: No
[1,388s][debug][gc,nmethod  ] Register NMethod: jdk.internal.jimage.ImageReader.verifyLocation (0x00007a501b6aee08) [0x00007a501b6aef00, 0x00007a501b6af3b0] Compiler: c1, Barriers: 1, Oops: 0, ImmediateOops: 1, NonImmediateOops: No
[1,388s][debug][gc,nmethod  ] Register NMethod: jdk.internal.module.SystemModuleFinders$SystemModuleReader.find (0x00007a501b6af408) [0x00007a501b6af500, 0x00007a501b6b0b70] Compiler: c1, Barriers: 5, Oops: 2, ImmediateOops: 4, NonImmediateOops: No
[1,388s][debug][gc,nmethod  ] Register NMethod: jdk.internal.jimage.BasicImageReader.verifyLocation (0x00007a501b6b0b88) [0x00007a501b6b0c80, 0x00007a501b6b1118] Compiler: c1, Barriers: 3, Oops: 0, ImmediateOops: 0, NonImmediateOops: No
[1,388s][debug][gc,nmethod  ] Register NMethod: jdk.internal.module.SystemModuleFinders$SystemModuleReader.containsImageLocation (0x00007a501b6b1188) [0x00007a501b6b1280, 0x00007a501b6b1c60] Compiler: c1, Barriers: 2, Oops: 1, ImmediateOops: 4, NonImmediateOops: No
[1,390s][debug][gc,nmethod  ] Register NMethod: java.lang.ref.SoftReference.<init> (0x00007a501b6b1c88) [0x00007a501b6b1d80, 0x00007a501b6b20c8] Compiler: c1, Barriers: 6, Oops: 0, ImmediateOops: 2, NonImmediateOops: No
[1,390s][debug][gc,nmethod  ] Register NMethod: java.lang.String.codePointAt (0x00007a501b6b2108) [0x00007a501b6b2200, 0x00007a501b6b2858] Compiler: c1, Barriers: 2, Oops: 1, ImmediateOops: 2, NonImmediateOops: No
[1,390s][debug][gc,nmethod  ] Register NMethod: jdk.internal.reflect.Reflection.getClassAccessFlags (0x00007a503ac3e808) [0x00007a503ac3e900, 0x00007a503ac3ea68] Compiler: , Barriers: 0, Oops: 0, ImmediateOops: 1, NonImmediateOops: No
[1,391s][debug][gc,nmethod  ] Register NMethod: java.util.jar.JarFile.getEntry (0x00007a503ac3eb08) [0x00007a503ac3ec00, 0x00007a503ac40090] Compiler: jvmci, Barriers: 14, Oops: 2, ImmediateOops: 8, NonImmediateOops: No
[1,391s][debug][gc,nmethod  ] Register NMethod: jdk.internal.misc.Unsafe.fullFence (0x00007a503ac40108) [0x00007a503ac40200, 0x00007a503ac40348] Compiler: , Barriers: 0, Oops: 0, ImmediateOops: 0, NonImmediateOops: No
[1,391s][debug][gc,nmethod  ] Register NMethod: jdk.internal.classfile.impl.StackMapGenerator$Type.equals (0x00007a501b6b2888) [0x00007a501b6b2980, 0x00007a501b6b32d0] Compiler: c1, Barriers: 2, Oops: 0, ImmediateOops: 0, NonImmediateOops: No
[1,391s][debug][gc,nmethod  ] Register NMethod: jdk.internal.classfile.impl.DirectMethodBuilder.run (0x00007a501b6b3308) [0x00007a501b6b3400, 0x00007a501b6b3718] Compiler: c1, Barriers: 0, Oops: 0, ImmediateOops: 0, NonImmediateOops: No
[1,391s][debug][gc,nmethod  ] Register NMethod: jdk.internal.classfile.impl.DirectClassBuilder.withMethod (0x00007a501b6b3788) [0x00007a501b6b3880, 0x00007a501b6b40e0] Compiler: c1, Barriers: 2, Oops: 0, ImmediateOops: 0, NonImmediateOops: No
[1,391s][debug][gc,nmethod  ] Register NMethod: java.lang.classfile.ClassBuilder.withMethod (0x00007a501b6b4108) [0x00007a501b6b4200, 0x00007a501b6b4c80] Compiler: c1, Barriers: 7, Oops: 0, ImmediateOops: 0, NonImmediateOops: No
[1,391s][debug][gc,nmethod  ] Register NMethod: jdk.internal.classfile.impl.DirectMethodBuilder.withCode (0x00007a501b6b4c88) [0x00007a501b6b4d80, 0x00007a501b6b4ec0] Compiler: c1, Barriers: 0, Oops: 0, ImmediateOops: 0, NonImmediateOops: No
[1,391s][debug][gc,nmethod  ] Register NMethod: jdk.internal.classfile.impl.DirectMethodBuilder.<init> (0x00007a501b6b4f88) [0x00007a501b6b5080, 0x00007a501b6b5f48] Compiler: c1, Barriers: 21, Oops: 0, ImmediateOops: 1, NonImmediateOops: No
[1,391s][debug][gc,nmethod  ] Register NMethod: jdk.internal.classfile.impl.DirectCodeBuilder.processDeferredLabels (0x00007a501b6b5f88) [0x00007a501b6b6080, 0x00007a501b6b6a90] Compiler: c1, Barriers: 5, Oops: 0, ImmediateOops: 0, NonImmediateOops: No
[1,391s][debug][gc,nmethod  ] Register NMethod: jdk.internal.classfile.impl.SplitConstantPool.writeTo (0x00007a501b6b6b08) [0x00007a501b6b6c00, 0x00007a501b6b93e0] Compiler: c1, Barriers: 10, Oops: 1, ImmediateOops: 2, NonImmediateOops: No
[1,391s][debug][gc,nmethod  ] Register NMethod: jdk.internal.classfile.impl.DirectMethodBuilder.withCode (0x00007a501b6b9408) [0x00007a501b6b9500, 0x00007a501b6b9a00] Compiler: c1, Barriers: 4, Oops: 0, ImmediateOops: 0, NonImmediateOops: No
[1,391s][debug][gc,nmethod  ] Register NMethod: jdk.internal.classfile.impl.ClassFileImpl.fixShortJumps (0x00007a501b6b9a08) [0x00007a501b6b9b00, 0x00007a501b6b9d40] Compiler: c1, Barriers: 2, Oops: 0, ImmediateOops: 0, NonImmediateOops: No
[1,392s][debug][gc,nmethod  ] Register NMethod: jdk.internal.classfile.impl.BufWriterImpl.<init> (0x00007a501b6b9d88) [0x00007a501b6b9e80, 0x00007a501b6b9fd0] Compiler: c1, Barriers: 0, Oops: 0, ImmediateOops: 0, NonImmediateOops: No
[1,392s][debug][gc,nmethod  ] Register NMethod: jdk.internal.classfile.impl.DirectCodeBuilder.build (0x00007a501b6ba088) [0x00007a501b6ba180, 0x00007a501b6bace8] Compiler: c1, Barriers: 3, Oops: 0, ImmediateOops: 0, NonImmediateOops: No
[1,392s][debug][gc,nmethod  ] Register NMethod: jdk.internal.classfile.impl.Util.maxLocals (0x00007a501b6bad08) [0x00007a501b6bae00, 0x00007a501b6baf70] Compiler: c1, Barriers: 0, Oops: 0, ImmediateOops: 0, NonImmediateOops: No
[1,392s][debug][gc,nmethod  ] Register NMethod: jdk.internal.classfile.impl.ClassFileImpl.passDebugElements (0x00007a501b6bb008) [0x00007a501b6bb100, 0x00007a501b6bb340] Compiler: c1, Barriers: 2, Oops: 0, ImmediateOops: 0, NonImmediateOops: No
[1,392s][debug][gc,nmethod  ] Register NMethod: jdk.internal.classfile.impl.DirectCodeBuilder.setLabelTarget (0x00007a501b6bb388) [0x00007a501b6bb480, 0x00007a501b6bbb98] Compiler: c1, Barriers: 1, Oops: 0, ImmediateOops: 0, NonImmediateOops: No
[1,392s][debug][gc,nmethod  ] Register NMethod: java.lang.classfile.Attributes.code (0x00007a501b6bbc08) [0x00007a501b6bbd00, 0x00007a501b6bbde8] Compiler: c1, Barriers: 0, Oops: 0, ImmediateOops: 1, NonImmediateOops: No
[1,392s][debug][gc,nmethod  ] Register NMethod: jdk.internal.classfile.impl.UnboundAttribute$AdHocAttribute.<init> (0x00007a501b6bbf08) [0x00007a501b6bc000, 0x00007a501b6bc290] Compiler: c1, Barriers: 3, Oops: 0, ImmediateOops: 0, NonImmediateOops: No
[1,392s][debug][gc,nmethod  ] Register NMethod: jdk.internal.classfile.impl.DirectCodeBuilder.<init> (0x00007a501b6bc308) [0x00007a501b6bc400, 0x00007a501b6be0b0] Compiler: c1, Barriers: 56, Oops: 0, ImmediateOops: 6, NonImmediateOops: No
[1,392s][debug][gc,nmethod  ] Register NMethod: jdk.internal.classfile.impl.DirectCodeBuilder$4.<init> (0x00007a501b6be108) [0x00007a501b6be200, 0x00007a501b6be6c0] Compiler: c1, Barriers: 6, Oops: 0, ImmediateOops: 0, NonImmediateOops: No
[1,392s][debug][gc,nmethod  ] Register NMethod: jdk.internal.classfile.impl.DirectCodeBuilder.buildContent (0x00007a501b6be708) [0x00007a501b6be800, 0x00007a501b6c0200] Compiler: c1, Barriers: 23, Oops: 1, ImmediateOops: 2, NonImmediateOops: No
[1,392s][debug][gc,nmethod  ] Register NMethod: jdk.internal.classfile.impl.DirectClassBuilder.withMethod (0x00007a501b6c0288) [0x00007a501b6c0380, 0x00007a501b6c0d38] Compiler: c1, Barriers: 9, Oops: 0, ImmediateOops: 0, NonImmediateOops: No
[1,392s][debug][gc,nmethod  ] Register NMethod: java.io.File.exists (0x00007a501b6c0d88) [0x00007a501b6c0e80, 0x00007a501b6c1230] Compiler: c1, Barriers: 0, Oops: 0, ImmediateOops: 1, NonImmediateOops: No
[1,392s][debug][gc,nmethod  ] Register NMethod: jdk.internal.classfile.impl.TerminalCodeBuilder.setupTopLocal (0x00007a501b6c1288) [0x00007a501b6c1380, 0x00007a501b6c3908] Compiler: c1, Barriers: 1, Oops: 1, ImmediateOops: 3, NonImmediateOops: No
[1,393s][debug][gc,nmethod  ] Register NMethod: jdk.internal.classfile.impl.ClassFileImpl.stackMapsWhenRequired (0x00007a501b6c3988) [0x00007a501b6c3a80, 0x00007a501b6c3c38] Compiler: c1, Barriers: 1, Oops: 0, ImmediateOops: 1, NonImmediateOops: No
[1,393s][debug][gc,nmethod  ] Register NMethod: jdk.internal.classfile.impl.BufWriterImpl.bytecodeView (0x00007a501b6c3c88) [0x00007a501b6c3d80, 0x00007a501b6c4100] Compiler: c1, Barriers: 4, Oops: 0, ImmediateOops: 0, NonImmediateOops: No
[1,393s][debug][gc,nmethod  ] Register NMethod: jdk.internal.classfile.impl.RawBytecodeHelper$CodeRange.<init> (0x00007a501b6c4108) [0x00007a501b6c4200, 0x00007a501b6c4438] Compiler: c1, Barriers: 3, Oops: 0, ImmediateOops: 0, NonImmediateOops: No
[1,393s][debug][gc,nmethod  ] Register NMethod: jdk.internal.classfile.impl.RawBytecodeHelper.of (0x00007a501b6c4488) [0x00007a501b6c4580, 0x00007a501b6c4848] Compiler: c1, Barriers: 3, Oops: 0, ImmediateOops: 0, NonImmediateOops: No
[1,393s][debug][gc,nmethod  ] Register NMethod: jdk.internal.classfile.impl.UnboundAttribute$AdHocAttribute.writeTo (0x00007a501b6c4888) [0x00007a501b6c4980, 0x00007a501b6c63c0] Compiler: c1, Barriers: 5, Oops: 0, ImmediateOops: 0, NonImmediateOops: No
[1,393s][debug][gc,nmethod  ] Register NMethod: jdk.internal.classfile.impl.BufWriterImpl.writeBytes (0x00007a501b6c6408) [0x00007a501b6c6500, 0x00007a501b6c6840] Compiler: c1, Barriers: 1, Oops: 0, ImmediateOops: 0, NonImmediateOops: No
[1,393s][debug][gc,nmethod  ] Register NMethod: jdk.internal.classfile.impl.DirectCodeBuilder.writeExceptionHandlers (0x00007a501b6c6888) [0x00007a501b6c6980, 0x00007a501b6c74a0] Compiler: c1, Barriers: 3, Oops: 0, ImmediateOops: 0, NonImmediateOops: No
[1,393s][debug][gc,nmethod  ] Register NMethod: java.lang.Integer.hashCode (0x00007a501b6c7508) [0x00007a501b6c7600, 0x00007a501b6c76e0] Compiler: c1, Barriers: 0, Oops: 0, ImmediateOops: 0, NonImmediateOops: No
[1,393s][debug][gc,nmethod  ] Register NMethod: java.lang.Integer.hashCode (0x00007a501b6c7808) [0x00007a501b6c7900, 0x00007a501b6c7a58] Compiler: c1, Barriers: 0, Oops: 0, ImmediateOops: 0, NonImmediateOops: No
[1,394s][debug][gc,nmethod  ] Register NMethod: jdk.internal.classfile.impl.DirectMethodBuilder.writeTo (0x00007a501b6c7b08) [0x00007a501b6c7c00, 0x00007a501b6cc210] Compiler: c1, Barriers: 5, Oops: 1, ImmediateOops: 6, NonImmediateOops: No
[1,394s][debug][gc,nmethod  ] Register NMethod: jdk.internal.classfile.impl.DirectCodeBuilder$4.writeBody (0x00007a501b6cc288) [0x00007a501b6cc380, 0x00007a501b6d0368] Compiler: c1, Barriers: 31, Oops: 1, ImmediateOops: 6, NonImmediateOops: No
[1,395s][debug][gc,nmethod  ] Register NMethod: java.lang.Package.isSealed (0x00007a501b6d0388) [0x00007a501b6d0480, 0x00007a501b6d0b08] Compiler: c1, Barriers: 4, Oops: 0, ImmediateOops: 0, NonImmediateOops: No
[1,396s][debug][gc,nmethod  ] Register NMethod: java.lang.invoke.MethodHandle.linkToStatic (0x00007a503ac40408) [0x00007a503ac40500, 0x00007a503ac405f0] Compiler: , Barriers: 0, Oops: 0, ImmediateOops: 0, NonImmediateOops: No
[1,396s][debug][gc,nmethod  ] Register NMethod: java.lang.invoke.MethodHandleNatives.refKindIsField (0x00007a501b6d0b88) [0x00007a501b6d0c80, 0x00007a501b6d0dc0] Compiler: c1, Barriers: 0, Oops: 0, ImmediateOops: 0, NonImmediateOops: No
[1,396s][debug][gc,director ] Rule Major: Warmup 10%, Used: 68MB, UsedThreshold: 1228MB
[1,397s][debug][gc,nmethod  ] Register NMethod: jdk.internal.classfile.impl.AnnotationImpl.elements (0x00007a503ac40708) [0x00007a503ac40800, 0x00007a503ac408e8] Compiler: c1, Barriers: 1, Oops: 0, ImmediateOops: 0, NonImmediateOops: No
[1,397s][debug][gc,nmethod  ] Register NMethod: jdk.internal.classfile.impl.AnnotationImpl.className (0x00007a503ac40a08) [0x00007a503ac40b00, 0x00007a503ac40be8] Compiler: c1, Barriers: 1, Oops: 0, ImmediateOops: 0, NonImmediateOops: No
[1,398s][debug][gc,nmethod  ] Register NMethod: java.util.logging.LogManager$LoggerContext.getOwner (0x00007a503ac40d08) [0x00007a503ac40e00, 0x00007a503ac40ee8] Compiler: c1, Barriers: 1, Oops: 0, ImmediateOops: 0, NonImmediateOops: No
[1,399s][debug][gc,nmethod  ] Register NMethod: jdk.internal.jimage.ImageStringsReader.match (0x00007a501b6d0e88) [0x00007a501b6d0f80, 0x00007a501b6d12b0] Compiler: c1, Barriers: 1, Oops: 0, ImmediateOops: 0, NonImmediateOops: No
[1,399s][debug][gc,nmethod  ] Register NMethod: jdk.internal.jimage.BasicImageReader.match (0x00007a501b6d1308) [0x00007a501b6d1400, 0x00007a501b6d1858] Compiler: c1, Barriers: 1, Oops: 0, ImmediateOops: 1, NonImmediateOops: No
[1,400s][debug][gc,nmethod  ] Register NMethod: java.lang.invoke.MemberName.isCallerSensitive (0x00007a501b6d1888) [0x00007a501b6d1980, 0x00007a501b6d1b38] Compiler: c1, Barriers: 0, Oops: 0, ImmediateOops: 0, NonImmediateOops: No
[1,400s][debug][gc,nmethod  ] Register NMethod: java.util.jar.JarFile.getVersionedEntry (0x00007a501b6d1b88) [0x00007a501b6d1c80, 0x00007a501b6d37b0] Compiler: c1, Barriers: 3, Oops: 3, ImmediateOops: 5, NonImmediateOops: No
[1,400s][debug][gc,nmethod  ] Register NMethod: jdk.internal.jimage.ImageStringsReader.stringFromByteBufferMatches (0x00007a501b6d3808) [0x00007a501b6d3900, 0x00007a501b6d57f0] Compiler: c1, Barriers: 5, Oops: 1, ImmediateOops: 4, NonImmediateOops: No
[1,400s][debug][gc,nmethod  ] Register NMethod: jdk.internal.jimage.ImageLocation.verifyName (0x00007a501b6d5808) [0x00007a501b6d5900, 0x00007a501b6d7ed8] Compiler: c1, Barriers: 9, Oops: 1, ImmediateOops: 4, NonImmediateOops: No
[1,401s][debug][gc,nmethod  ] Register NMethod: java.lang.invoke.Invokers$Holder.linkToTargetMethod (0x00007a501b6d7f08) [0x00007a501b6d8000, 0x00007a501b6d84f8] Compiler: c1, Barriers: 0, Oops: 0, ImmediateOops: 0, NonImmediateOops: No
[1,401s][debug][gc,nmethod  ] Register NMethod: java.util.Properties.getProperty (0x00007a501b6d8508) [0x00007a501b6d8600, 0x00007a501b6d8ea0] Compiler: c1, Barriers: 2, Oops: 0, ImmediateOops: 0, NonImmediateOops: No
[1,401s][debug][gc,nmethod  ] Register NMethod: java.util.jar.Manifest$FastInputStream.readLine (0x00007a503ac41008) [0x00007a503ac41100, 0x00007a503ac419f0] Compiler: jvmci, Barriers: 3, Oops: 0, ImmediateOops: 0, NonImmediateOops: No
[1,401s][debug][gc,nmethod  ] Register NMethod: jdk.internal.loader.URLClassPath$JarLoader.getResource (0x00007a503ac41a08) [0x00007a503ac41b00, 0x00007a503ac43230] Compiler: jvmci, Barriers: 19, Oops: 2, ImmediateOops: 8, NonImmediateOops: No
[1,402s][debug][gc,nmethod  ] Register NMethod: java.lang.invoke.MethodHandle.linkToStatic (0x00007a503ac43288) [0x00007a503ac43380, 0x00007a503ac43470] Compiler: , Barriers: 0, Oops: 0, ImmediateOops: 0, NonImmediateOops: No
[1,402s][debug][gc,nmethod  ] Register NMethod: java.lang.String.checkIndex (0x00007a503ac43588) [0x00007a503ac43680, 0x00007a503ac43720] Compiler: jvmci, Barriers: 0, Oops: 0, ImmediateOops: 0, NonImmediateOops: No
[1,402s][debug][gc,nmethod  ] Register NMethod: jdk.internal.classfile.impl.Util.toInternalName (0x00007a501b6d8f08) [0x00007a501b6d9000, 0x00007a501b6da230] Compiler: c1, Barriers: 6, Oops: 0, ImmediateOops: 0, NonImmediateOops: No
[1,402s][debug][gc,nmethod  ] Register NMethod: jdk.internal.misc.Unsafe.shouldBeInitialized0 (0x00007a503ac43888) [0x00007a503ac43980, 0x00007a503ac43af0] Compiler: , Barriers: 0, Oops: 0, ImmediateOops: 0, NonImmediateOops: No
[1,402s][debug][gc,nmethod  ] Register NMethod: java.lang.invoke.LambdaForm$Name.<init> (0x00007a501b6da288) [0x00007a501b6da380, 0x00007a501b6db348] Compiler: c1, Barriers: 8, Oops: 0, ImmediateOops: 1, NonImmediateOops: No
[1,403s][debug][gc,nmethod  ] Register NMethod: jdk.internal.util.ArraysSupport.mismatch (0x00007a503ac43b88) [0x00007a503ac43c80, 0x00007a503ac43f10] Compiler: jvmci, Barriers: 0, Oops: 0, ImmediateOops: 0, NonImmediateOops: No
[1,403s][debug][gc,nmethod  ] Register NMethod: jdk.internal.jimage.ImageLocation.verify (0x00007a501b6db388) [0x00007a501b6db480, 0x00007a501b6dcef0] Compiler: c1, Barriers: 1, Oops: 1, ImmediateOops: 2, NonImmediateOops: No
[1,403s][debug][gc,nmethod  ] Register NMethod: java.lang.invoke.MemberName.getReferenceKind (0x00007a503ac43f88) [0x00007a503ac44080, 0x00007a503ac44110] Compiler: jvmci, Barriers: 0, Oops: 0, ImmediateOops: 0, NonImmediateOops: No
[1,404s][debug][gc,nmethod  ] Register NMethod: jdk.internal.loader.URLClassPath$JarLoader.findResource (0x00007a501b6dcf08) [0x00007a501b6dd000, 0x00007a501b6dd390] Compiler: c1, Barriers: 0, Oops: 0, ImmediateOops: 0, NonImmediateOops: No
[1,405s][debug][gc,nmethod  ] Register NMethod: java.lang.String.startsWith (0x00007a503ac44288) [0x00007a503ac44380, 0x00007a503ac44698] Compiler: jvmci, Barriers: 2, Oops: 0, ImmediateOops: 0, NonImmediateOops: No
[1,407s][debug][gc,director ] Rule Major: Warmup 10%, Used: 68MB, UsedThreshold: 1228MB
[1,407s][debug][gc,nmethod  ] Register NMethod: java.lang.invoke.InfoFromMemberName.getReferenceKind (0x00007a503ac44708) [0x00007a503ac44800, 0x00007a503ac448c0] Compiler: c1, Barriers: 0, Oops: 0, ImmediateOops: 0, NonImmediateOops: No
[1,408s][debug][gc,nmethod  ] Register NMethod: java.util.stream.AbstractPipeline.getStreamAndOpFlags (0x00007a503ac44a08) [0x00007a503ac44b00, 0x00007a503ac44bc0] Compiler: c1, Barriers: 0, Oops: 0, ImmediateOops: 0, NonImmediateOops: No
[1,409s][debug][gc,nmethod  ] Register NMethod: java.nio.Buffer.position (0x00007a503ac44d08) [0x00007a503ac44e00, 0x00007a503ac44ec0] Compiler: c1, Barriers: 0, Oops: 0, ImmediateOops: 0, NonImmediateOops: No
[1,409s][debug][gc,nmethod  ] Register NMethod: java.lang.CharacterDataLatin1.isJavaIdentifierPart (0x00007a501b6dd408) [0x00007a501b6dd500, 0x00007a501b6dd898] Compiler: c1, Barriers: 0, Oops: 0, ImmediateOops: 1, NonImmediateOops: No
[1,409s][debug][gc,nmethod  ] Register NMethod: java.lang.Character.isJavaIdentifierPart (0x00007a501b6dd908) [0x00007a501b6dda00, 0x00007a501b6ddd30] Compiler: c1, Barriers: 0, Oops: 0, ImmediateOops: 0, NonImmediateOops: No
[1,410s][debug][gc,nmethod  ] Register NMethod: java.lang.invoke.MethodHandles$Lookup.<init> (0x00007a501b6ddd88) [0x00007a501b6dde80, 0x00007a501b6de0f0] Compiler: c1, Barriers: 6, Oops: 0, ImmediateOops: 0, NonImmediateOops: No
[1,411s][debug][gc,nmethod  ] Register NMethod: jdk.internal.loader.Resource.cachedInputStream (0x00007a501b6de108) [0x00007a501b6de200, 0x00007a501b6de760] Compiler: c1, Barriers: 5, Oops: 0, ImmediateOops: 0, NonImmediateOops: No
[1,411s][debug][gc,nmethod  ] Register NMethod: java.lang.classfile.ClassFile.latestMinorVersion (0x00007a503ac45008) [0x00007a503ac45100, 0x00007a503ac451a0] Compiler: c1, Barriers: 0, Oops: 0, ImmediateOops: 0, NonImmediateOops: No
[1,411s][debug][gc,nmethod  ] Register NMethod: java.lang.classfile.ClassFile.latestMajorVersion (0x00007a503ac45308) [0x00007a503ac45400, 0x00007a503ac454a0] Compiler: c1, Barriers: 0, Oops: 0, ImmediateOops: 0, NonImmediateOops: No
[1,411s][debug][gc,nmethod  ] Register NMethod: jdk.internal.classfile.impl.DirectClassBuilder.setFlags (0x00007a503ac45608) [0x00007a503ac45700, 0x00007a503ac457c0] Compiler: c1, Barriers: 0, Oops: 0, ImmediateOops: 0, NonImmediateOops: No
[1,411s][debug][gc,nmethod  ] Register NMethod: jdk.internal.classfile.impl.AbstractPoolEntry$MethodRefEntryImpl.<init> (0x00007a501b6de788) [0x00007a501b6de880, 0x00007a501b6de9d0] Compiler: c1, Barriers: 0, Oops: 0, ImmediateOops: 0, NonImmediateOops: No
[1,411s][debug][gc,nmethod  ] Register NMethod: jdk.internal.classfile.impl.BufWriterImpl.copyTo (0x00007a501b6dea88) [0x00007a501b6deb80, 0x00007a501b6def40] Compiler: c1, Barriers: 1, Oops: 0, ImmediateOops: 0, NonImmediateOops: No
[1,411s][debug][gc,nmethod  ] Register NMethod: jdk.internal.classfile.impl.BufWriterImpl.writeBytes (0x00007a501b6def88) [0x00007a501b6df080, 0x00007a501b6df570] Compiler: c1, Barriers: 2, Oops: 0, ImmediateOops: 0, NonImmediateOops: No
[1,411s][debug][gc,nmethod  ] Register NMethod: jdk.internal.classfile.impl.Util.writeList (0x00007a501b6df588) [0x00007a501b6df680, 0x00007a501b6e0010] Compiler: c1, Barriers: 3, Oops: 0, ImmediateOops: 0, NonImmediateOops: No
[1,411s][debug][gc,nmethod  ] Register NMethod: jdk.internal.classfile.impl.StackMapGenerator.processInvokeInstructions (0x00007a501b6e0088) [0x00007a501b6e0180, 0x00007a501b6e6c50] Compiler: c1, Barriers: 19, Oops: 5, ImmediateOops: 17, NonImmediateOops: No
[1,411s][debug][gc,nmethod  ] Register NMethod: jdk.internal.jimage.ImageStringsReader.unmaskedHashCode (0x00007a503ac45908) [0x00007a503ac45a00, 0x00007a503ac45eb0] Compiler: jvmci, Barriers: 1, Oops: 0, ImmediateOops: 0, NonImmediateOops: No
[1,412s][debug][gc,nmethod  ] Register NMethod: java.lang.invoke.DirectMethodHandle.preparedLambdaForm (0x00007a501b6e6c88) [0x00007a501b6e6d80, 0x00007a501b6e7c10] Compiler: c1, Barriers: 4, Oops: 0, ImmediateOops: 0, NonImmediateOops: No
[1,412s][debug][gc,nmethod  ] Register NMethod: java.nio.DirectByteBuffer.get (0x00007a503ac45f08) [0x00007a503ac46000, 0x00007a503ac46128] Compiler: jvmci, Barriers: 1, Oops: 0, ImmediateOops: 0, NonImmediateOops: No
[1,412s][debug][gc,nmethod  ] Register NMethod: java.util.HashMap.getOrDefault (0x00007a501b6e7c88) [0x00007a501b6e7d80, 0x00007a501b6e80f8] Compiler: c1, Barriers: 1, Oops: 0, ImmediateOops: 0, NonImmediateOops: No
[1,413s][debug][gc,nmethod  ] Register NMethod: java.util.ArrayDeque.elementAt (0x00007a503ac46208) [0x00007a503ac46300, 0x00007a503ac463f0] Compiler: jvmci, Barriers: 1, Oops: 0, ImmediateOops: 0, NonImmediateOops: No
[1,413s][debug][gc,nmethod  ] Register NMethod: java.lang.invoke.MethodHandleImpl.isCompileConstant (0x00007a503ac46508) [0x00007a503ac46600, 0x00007a503ac466a0] Compiler: c1, Barriers: 0, Oops: 0, ImmediateOops: 0, NonImmediateOops: No
[1,414s][debug][gc,nmethod  ] Register NMethod: java.lang.invoke.BoundMethodHandle.<init> (0x00007a501b6e8108) [0x00007a501b6e8200, 0x00007a501b6e8358] Compiler: c1, Barriers: 0, Oops: 0, ImmediateOops: 0, NonImmediateOops: No
[1,414s][debug][gc,nmethod  ] Register NMethod: jdk.internal.classfile.impl.RawBytecodeHelper.next (0x00007a503ac46808) [0x00007a503ac46900, 0x00007a503ac46b28] Compiler: jvmci, Barriers: 2, Oops: 0, ImmediateOops: 1, NonImmediateOops: No
[1,415s][debug][gc,nmethod  ] Register NMethod: java.util.BitSet.length (0x00007a501b6e8408) [0x00007a501b6e8500, 0x00007a501b6e87d8] Compiler: c1, Barriers: 1, Oops: 0, ImmediateOops: 0, NonImmediateOops: No
[1,416s][debug][gc,nmethod  ] Register NMethod: sun.net.www.protocol.file.Handler.parseURL (0x00007a501b6e8808) [0x00007a501b6e8900, 0x00007a501b6e8c70] Compiler: c1, Barriers: 0, Oops: 0, ImmediateOops: 0, NonImmediateOops: No
[1,416s][debug][gc,nmethod  ] Rebuilding NMethod Table: 2048->4096 entries, 1434(70%->35%) registered, 0(0%->0%) unregistered
[1,417s][debug][gc,director ] Rule Major: Warmup 10%, Used: 70MB, UsedThreshold: 1228MB
[1,417s][debug][gc,nmethod  ] Register NMethod: sun.reflect.generics.parser.SignatureParser.skipIdentifier (0x00007a501b6e8c88) [0x00007a501b6e8d80, 0x00007a501b6e93f8] Compiler: c1, Barriers: 0, Oops: 0, ImmediateOops: 0, NonImmediateOops: No
[1,418s][debug][gc,nmethod  ] Register NMethod: java.util.LinkedHashMap$LinkedHashIterator.hasNext (0x00007a501b6e9408) [0x00007a501b6e9500, 0x00007a501b6e9680] Compiler: c1, Barriers: 1, Oops: 0, ImmediateOops: 0, NonImmediateOops: No
[1,418s][debug][gc,nmethod  ] Register NMethod: java.lang.invoke.DirectMethodHandle$Holder.newInvokeSpecial (0x00007a501b6e9708) [0x00007a501b6e9800, 0x00007a501b6ea078] Compiler: c1, Barriers: 2, Oops: 0, ImmediateOops: 1, NonImmediateOops: No
[1,418s][debug][gc,nmethod  ] Register NMethod: jdk.internal.classfile.impl.DirectCodeBuilder.startLabel (0x00007a503ac46b88) [0x00007a503ac46c80, 0x00007a503ac46d68] Compiler: c1, Barriers: 1, Oops: 0, ImmediateOops: 0, NonImmediateOops: No
[1,419s][debug][gc,nmethod  ] Register NMethod: jdk.internal.classfile.impl.DirectCodeBuilder.checkcast (0x00007a501b6ea088) [0x00007a501b6ea180, 0x00007a501b6ea8d0] Compiler: c1, Barriers: 1, Oops: 0, ImmediateOops: 0, NonImmediateOops: No
[1,419s][debug][gc,nmethod  ] Register NMethod: java.lang.classfile.CodeBuilder.checkcast (0x00007a501b6ea908) [0x00007a501b6eaa00, 0x00007a501b6eb338] Compiler: c1, Barriers: 2, Oops: 0, ImmediateOops: 0, NonImmediateOops: No
[1,419s][debug][gc,nmethod  ] Register NMethod: jdk.internal.classfile.impl.DirectCodeBuilder.fieldAccess (0x00007a501b6eb388) [0x00007a501b6eb480, 0x00007a501b6ebdb8] Compiler: c1, Barriers: 1, Oops: 0, ImmediateOops: 0, NonImmediateOops: No
[1,419s][debug][gc,nmethod  ] Register NMethod: java.util.LinkedHashMap$LinkedHashIterator.nextNode (0x00007a501b6ebe08) [0x00007a501b6ebf00, 0x00007a501b6ec3c0] Compiler: c1, Barriers: 10, Oops: 0, ImmediateOops: 0, NonImmediateOops: No
[1,419s][debug][gc,nmethod  ] Register NMethod: jdk.internal.classfile.impl.StackCounter$Target.<init> (0x00007a501b6ec408) [0x00007a501b6ec500, 0x00007a501b6ec6c0] Compiler: c1, Barriers: 0, Oops: 0, ImmediateOops: 0, NonImmediateOops: No
[1,419s][debug][gc,nmethod  ] Register NMethod: jdk.internal.classfile.impl.AbstractPseudoInstruction$ExceptionCatchImpl.tryStart (0x00007a503ac46e88) [0x00007a503ac46f80, 0x00007a503ac47068] Compiler: c1, Barriers: 1, Oops: 0, ImmediateOops: 0, NonImmediateOops: No
[1,419s][debug][gc,nmethod  ] Register NMethod: jdk.internal.classfile.impl.RawBytecodeHelper.reset (0x00007a501b6ec708) [0x00007a501b6ec800, 0x00007a501b6ecbb0] Compiler: c1, Barriers: 1, Oops: 1, ImmediateOops: 1, NonImmediateOops: No
[1,419s][debug][gc,nmethod  ] Register NMethod: jdk.internal.classfile.impl.AbstractPseudoInstruction$ExceptionCatchImpl.tryEnd (0x00007a503ac47188) [0x00007a503ac47280, 0x00007a503ac47368] Compiler: c1, Barriers: 1, Oops: 0, ImmediateOops: 0, NonImmediateOops: No
[1,419s][debug][gc,nmethod  ] Register NMethod: jdk.internal.classfile.impl.AbstractPseudoInstruction$ExceptionCatchImpl.handler (0x00007a503ac47488) [0x00007a503ac47580, 0x00007a503ac47668] Compiler: c1, Barriers: 1, Oops: 0, ImmediateOops: 0, NonImmediateOops: No
[1,419s][debug][gc,nmethod  ] Register NMethod: jdk.internal.classfile.impl.StackCounter.next (0x00007a501b6ecc08) [0x00007a501b6ecd00, 0x00007a501b6ee000] Compiler: c1, Barriers: 6, Oops: 1, ImmediateOops: 2, NonImmediateOops: No
[1,419s][debug][gc,nmethod  ] Register NMethod: jdk.internal.classfile.impl.AbstractPoolEntry$StringEntryImpl.tag (0x00007a503ac47788) [0x00007a503ac47880, 0x00007a503ac47940] Compiler: c1, Barriers: 0, Oops: 0, ImmediateOops: 0, NonImmediateOops: No
[1,419s][debug][gc,nmethod  ] Register NMethod: jdk.internal.classfile.impl.Util.slotSize (0x00007a501b6ee088) [0x00007a501b6ee180, 0x00007a501b6ee420] Compiler: c1, Barriers: 0, Oops: 0, ImmediateOops: 3, NonImmediateOops: No
[1,420s][debug][gc,nmethod  ] Register NMethod: jdk.internal.classfile.impl.BufWriterImpl.cpIndexOrZero (0x00007a501b6ee488) [0x00007a501b6ee580, 0x00007a501b6f0a30] Compiler: c1, Barriers: 1, Oops: 1, ImmediateOops: 3, NonImmediateOops: No
[1,421s][debug][gc,nmethod  ] Register NMethod: jdk.internal.loader.URLClassPath$JarLoader.getResource (0x00007a503ac47a88) [0x00007a503ac47b80, 0x00007a503ac492d0] Compiler: jvmci, Barriers: 19, Oops: 2, ImmediateOops: 8, NonImmediateOops: No
[1,421s][debug][gc,nmethod  ] Register NMethod: java.nio.HeapByteBuffer.byteOffset (0x00007a501b6f0a88) [0x00007a501b6f0b80, 0x00007a501b6f0c88] Compiler: c1, Barriers: 0, Oops: 0, ImmediateOops: 0, NonImmediateOops: No
[1,421s][debug][gc,nmethod  ] Register NMethod: java.nio.Buffer.nextGetIndex (0x00007a501b6f0d88) [0x00007a501b6f0e80, 0x00007a501b6f1040] Compiler: c1, Barriers: 0, Oops: 0, ImmediateOops: 0, NonImmediateOops: No
[1,421s][debug][gc,nmethod  ] Register NMethod: jdk.internal.misc.ScopedMemoryAccess.getShortUnaligned (0x00007a501b6f1088) [0x00007a501b6f1180, 0x00007a501b6f16b8] Compiler: c1, Barriers: 0, Oops: 0, ImmediateOops: 1, NonImmediateOops: No
[1,421s][debug][gc,nmethod  ] Register NMethod: java.util.HashMap.put (0x00007a501b6f1708) [0x00007a501b6f1800, 0x00007a501b6f1de8] Compiler: c1, Barriers: 0, Oops: 0, ImmediateOops: 0, NonImmediateOops: No
[1,422s][debug][gc,nmethod  ] Register NMethod: jdk.internal.misc.ScopedMemoryAccess.getShortUnalignedInternal (0x00007a501b6f1e08) [0x00007a501b6f1f00, 0x00007a501b6f2358] Compiler: c1, Barriers: 0, Oops: 0, ImmediateOops: 1, NonImmediateOops: No
[1,422s][debug][gc,nmethod  ] Register NMethod: java.nio.HeapByteBuffer.getShort (0x00007a501b6f2388) [0x00007a501b6f2480, 0x00007a501b6f3488] Compiler: c1, Barriers: 2, Oops: 1, ImmediateOops: 2, NonImmediateOops: No
[1,422s][debug][gc,nmethod  ] Register NMethod: jdk.internal.reflect.ConstantPool.getUTF8At0 (0x00007a503ac49308) [0x00007a503ac49400, 0x00007a503ac49730] Compiler: , Barriers: 0, Oops: 0, ImmediateOops: 0, NonImmediateOops: No
[1,423s][debug][gc,nmethod  ] Register NMethod: sun.net.www.ParseUtil.firstEncodeIndex (0x00007a503ac49788) [0x00007a503ac49880, 0x00007a503ac49e68] Compiler: jvmci, Barriers: 1, Oops: 0, ImmediateOops: 0, NonImmediateOops: No
[1,423s][debug][gc,nmethod  ] Register NMethod: java.net.URLStreamHandler.parseURL (0x00007a501b6f3508) [0x00007a501b6f3600, 0x00007a501b712518] Compiler: c1, Barriers: 68, Oops: 8, ImmediateOops: 75, NonImmediateOops: No
[1,425s][debug][gc,nmethod  ] Register NMethod: java.nio.HeapByteBuffer.ix (0x00007a501b712588) [0x00007a501b712680, 0x00007a501b712788] Compiler: c1, Barriers: 0, Oops: 0, ImmediateOops: 0, NonImmediateOops: No
[1,425s][debug][gc,nmethod  ] Register NMethod: java.nio.Buffer.nextGetIndex (0x00007a501b712888) [0x00007a501b712980, 0x00007a501b712b40] Compiler: c1, Barriers: 0, Oops: 0, ImmediateOops: 0, NonImmediateOops: No
[1,425s][debug][gc,nmethod  ] Register NMethod: java.nio.HeapByteBuffer.get (0x00007a501b712b88) [0x00007a501b712c80, 0x00007a501b713128] Compiler: c1, Barriers: 1, Oops: 0, ImmediateOops: 0, NonImmediateOops: No
[1,425s][debug][gc,nmethod  ] Register NMethod: java.lang.Class.getEnclosingMethod0 (0x00007a503ac49e88) [0x00007a503ac49f80, 0x00007a503ac4a2a0] Compiler: , Barriers: 0, Oops: 0, ImmediateOops: 0, NonImmediateOops: No
[1,425s][debug][gc,nmethod  ] Register NMethod: java.util.jar.JarFile.getJarEntry (0x00007a503ac4a308) [0x00007a503ac4a400, 0x00007a503ac4ba20] Compiler: jvmci, Barriers: 14, Oops: 2, ImmediateOops: 8, NonImmediateOops: No
[1,426s][debug][gc,nmethod  ] Register NMethod: jdk.internal.reflect.ConstantPool.getUTF8At (0x00007a501b713188) [0x00007a501b713280, 0x00007a501b7133f0] Compiler: c1, Barriers: 1, Oops: 0, ImmediateOops: 0, NonImmediateOops: No
[1,426s][debug][gc,nmethod  ] Register NMethod: java.lang.invoke.DirectMethodHandle.preparedLambdaForm (0x00007a501b713488) [0x00007a501b713580, 0x00007a501b715fe8] Compiler: c1, Barriers: 10, Oops: 0, ImmediateOops: 0, NonImmediateOops: No
[1,426s][debug][gc,nmethod  ] Register NMethod: java.io.UnixFileSystem.trimSeparator (0x00007a501b716008) [0x00007a501b716100, 0x00007a501b7170f0] Compiler: c1, Barriers: 1, Oops: 1, ImmediateOops: 2, NonImmediateOops: No
[1,426s][debug][gc,nmethod  ] Register NMethod: java.io.UnixFileSystem.resolve (0x00007a501b717108) [0x00007a501b717200, 0x00007a501b71a690] Compiler: c1, Barriers: 1, Oops: 1, ImmediateOops: 7, NonImmediateOops: No
[1,427s][debug][gc,director ] Rule Major: Warmup 10%, Used: 70MB, UsedThreshold: 1228MB
[1,427s][debug][gc,nmethod  ] Register NMethod: java.io.File.<init> (0x00007a501b71a708) [0x00007a501b71a800, 0x00007a501b71b6c8] Compiler: c1, Barriers: 15, Oops: 2, ImmediateOops: 6, NonImmediateOops: No
[1,428s][debug][gc,nmethod  ] Register NMethod: java.lang.invoke.MemberName.changeReferenceKind (0x00007a501b71b708) [0x00007a501b71b800, 0x00007a501b71b920] Compiler: c1, Barriers: 0, Oops: 0, ImmediateOops: 0, NonImmediateOops: No
[1,428s][debug][gc,nmethod  ] Register NMethod: java.lang.ClassLoader.defineClass0 (0x00007a503ac4ba88) [0x00007a503ac4bb80, 0x00007a503ac4bf38] Compiler: , Barriers: 0, Oops: 0, ImmediateOops: 1, NonImmediateOops: No
[1,428s][debug][gc,nmethod  ] Register NMethod: java.lang.classfile.ClassHierarchyResolver.cached (0x00007a501b71ba08) [0x00007a501b71bb00, 0x00007a501b71be08] Compiler: c1, Barriers: 0, Oops: 0, ImmediateOops: 1, NonImmediateOops: No
[1,428s][debug][gc,nmethod  ] Register NMethod: jdk.internal.classfile.impl.ClassFileImpl.classHierarchyResolver (0x00007a501b71be88) [0x00007a501b71bf80, 0x00007a501b71c380] Compiler: c1, Barriers: 1, Oops: 0, ImmediateOops: 1, NonImmediateOops: No
[1,428s][debug][gc,nmethod  ] Register NMethod: jdk.internal.classfile.impl.ClassHierarchyImpl.<init> (0x00007a501b71c388) [0x00007a501b71c480, 0x00007a501b71cbf0] Compiler: c1, Barriers: 3, Oops: 0, ImmediateOops: 0, NonImmediateOops: No
[1,428s][debug][gc,nmethod  ] Register NMethod: jdk.internal.classfile.impl.StackMapGenerator.of (0x00007a501b71cc08) [0x00007a501b71cd00, 0x00007a501b71e270] Compiler: c1, Barriers: 14, Oops: 0, ImmediateOops: 0, NonImmediateOops: No
[1,428s][debug][gc,nmethod  ] Register NMethod: java.lang.classfile.ClassHierarchyResolver.cached (0x00007a501b71e288) [0x00007a501b71e380, 0x00007a501b71e950] Compiler: c1, Barriers: 0, Oops: 0, ImmediateOops: 0, NonImmediateOops: No
[1,428s][debug][gc,nmethod  ] Register NMethod: java.lang.classfile.ClassHierarchyResolver$1Factory.get (0x00007a501b71e988) [0x00007a501b71ea80, 0x00007a501b71ef10] Compiler: c1, Barriers: 0, Oops: 0, ImmediateOops: 0, NonImmediateOops: No
[1,428s][debug][gc,nmethod  ] Register NMethod: java.lang.classfile.ClassHierarchyResolver$1Factory.get (0x00007a501b71ef88) [0x00007a501b71f080, 0x00007a501b71f300] Compiler: c1, Barriers: 0, Oops: 0, ImmediateOops: 0, NonImmediateOops: No
[1,429s][debug][gc,nmethod  ] Register NMethod: jdk.internal.classfile.impl.StackMapGenerator.<init> (0x00007a501b71f308) [0x00007a501b71f400, 0x00007a501b7211f0] Compiler: c1, Barriers: 42, Oops: 0, ImmediateOops: 2, NonImmediateOops: No
[1,429s][debug][gc,nmethod  ] Register NMethod: jdk.internal.classfile.impl.ClassHierarchyImpl$CachedClassHierarchyResolver.<init> (0x00007a501b721208) [0x00007a501b721300, 0x00007a501b721738] Compiler: c1, Barriers: 9, Oops: 0, ImmediateOops: 0, NonImmediateOops: No
[1,429s][debug][gc,nmethod  ] Register NMethod: jdk.internal.classfile.impl.ClassHierarchyImpl$CachedClassHierarchyResolver$1.<init> (0x00007a501b721788) [0x00007a501b721880, 0x00007a501b721ba8] Compiler: c1, Barriers: 3, Oops: 0, ImmediateOops: 0, NonImmediateOops: No
[1,429s][debug][gc,nmethod  ] Register NMethod: jdk.internal.classfile.impl.ClassFileImpl.patchDeadCode (0x00007a501b721c08) [0x00007a501b721d00, 0x00007a501b721f40] Compiler: c1, Barriers: 2, Oops: 0, ImmediateOops: 0, NonImmediateOops: No
[1,429s][debug][gc,nmethod  ] Register NMethod: jdk.internal.classfile.impl.StackMapGenerator$Frame.<init> (0x00007a501b721f88) [0x00007a501b722080, 0x00007a501b7221e8] Compiler: c1, Barriers: 0, Oops: 0, ImmediateOops: 0, NonImmediateOops: No
[1,429s][debug][gc,nmethod  ] Register NMethod: jdk.internal.classfile.impl.ClassFileImpl.dropDeadLabels (0x00007a501b722288) [0x00007a501b722380, 0x00007a501b7225c0] Compiler: c1, Barriers: 2, Oops: 0, ImmediateOops: 0, NonImmediateOops: No
[1,429s][debug][gc,nmethod  ] Register NMethod: jdk.internal.classfile.impl.StackMapGenerator$Frame.setLocalsFromArg (0x00007a501b722608) [0x00007a501b722700, 0x00007a501b724c60] Compiler: c1, Barriers: 24, Oops: 1, ImmediateOops: 13, NonImmediateOops: No
[1,429s][debug][gc,nmethod  ] Register NMethod: jdk.internal.classfile.impl.StackMapGenerator$Frame.<init> (0x00007a501b724c88) [0x00007a501b724d80, 0x00007a501b725250] Compiler: c1, Barriers: 12, Oops: 0, ImmediateOops: 0, NonImmediateOops: No
[1,429s][debug][gc,nmethod  ] Register NMethod: jdk.internal.classfile.impl.StackMapGenerator.processMethod (0x00007a501b725288) [0x00007a501b725380, 0x00007a501b7278d8] Compiler: c1, Barriers: 15, Oops: 3, ImmediateOops: 4, NonImmediateOops: No
[1,429s][debug][gc,nmethod  ] Register NMethod: jdk.internal.classfile.impl.StackMapGenerator.generate (0x00007a501b727908) [0x00007a501b727a00, 0x00007a501b7284c0] Compiler: c1, Barriers: 7, Oops: 0, ImmediateOops: 0, NonImmediateOops: No
[1,429s][debug][gc,nmethod  ] Register NMethod: java.util.stream.AbstractPipeline.isParallel (0x00007a501b728508) [0x00007a501b728600, 0x00007a501b728738] Compiler: c1, Barriers: 1, Oops: 0, ImmediateOops: 0, NonImmediateOops: No
[1,429s][debug][gc,nmethod  ] Register NMethod: jdk.internal.classfile.impl.StackMapGenerator.stackMapTableAttribute (0x00007a501b728808) [0x00007a501b728900, 0x00007a501b728b38] Compiler: c1, Barriers: 0, Oops: 0, ImmediateOops: 1, NonImmediateOops: No
[1,429s][debug][gc,nmethod  ] Register NMethod: jdk.internal.classfile.impl.StackMapGenerator.detectFrames (0x00007a501b728b88) [0x00007a501b728c80, 0x00007a501b72c2d8] Compiler: c1, Barriers: 7, Oops: 1, ImmediateOops: 2, NonImmediateOops: No
[1,429s][debug][gc,nmethod  ] Register NMethod: jdk.internal.classfile.impl.StackMapGenerator.isAnyFrameDirty (0x00007a501b72c308) [0x00007a501b72c400, 0x00007a501b72c698] Compiler: c1, Barriers: 2, Oops: 0, ImmediateOops: 0, NonImmediateOops: No
[1,430s][debug][gc,nmethod  ] Register NMethod: jdk.internal.classfile.impl.EntryMap.firstToken (0x00007a503ac4bf88) [0x00007a503ac4c080, 0x00007a503ac4c2a0] Compiler: jvmci, Barriers: 1, Oops: 0, ImmediateOops: 0, NonImmediateOops: No
[1,430s][debug][gc,nmethod  ] Register NMethod: sun.net.util.IPAddressUtil.checkAuth (0x00007a501b72c708) [0x00007a501b72c800, 0x00007a501b72dd48] Compiler: c1, Barriers: 2, Oops: 2, ImmediateOops: 4, NonImmediateOops: No
[1,430s][debug][gc,nmethod  ] Register NMethod: jdk.internal.loader.URLClassPath$FileLoader.getResource (0x00007a501b72dd88) [0x00007a501b72de80, 0x00007a501b7303f8] Compiler: c1, Barriers: 21, Oops: 1, ImmediateOops: 2, NonImmediateOops: No
[1,430s][debug][gc,nmethod  ] Register NMethod: java.lang.String.contains (0x00007a501b730408) [0x00007a501b730500, 0x00007a501b730a50] Compiler: c1, Barriers: 0, Oops: 0, ImmediateOops: 0, NonImmediateOops: No
[1,430s][debug][gc,nmethod  ] Register NMethod: java.lang.invoke.DirectMethodHandle.preparedLambdaForm (0x00007a501b730a88) [0x00007a501b730b80, 0x00007a501b730c98] Compiler: c1, Barriers: 0, Oops: 0, ImmediateOops: 0, NonImmediateOops: No
[1,433s][debug][gc,nmethod  ] Register NMethod: java.net.URLClassLoader.findClass (0x00007a501b730d88) [0x00007a501b730e80, 0x00007a501b733e20] Compiler: c1, Barriers: 6, Oops: 1, ImmediateOops: 8, NonImmediateOops: No
[1,433s][debug][gc,nmethod  ] Register NMethod: java.net.URLClassLoader.defineClass (0x00007a501b733e88) [0x00007a501b733f80, 0x00007a501b737e20] Compiler: c1, Barriers: 6, Oops: 1, ImmediateOops: 4, NonImmediateOops: No
[1,434s][debug][gc,nmethod  ] Register NMethod: java.lang.invoke.MemberName.isVarargs (0x00007a501b737e88) [0x00007a501b737f80, 0x00007a501b738478] Compiler: c1, Barriers: 0, Oops: 0, ImmediateOops: 0, NonImmediateOops: No
[1,434s][debug][gc,nmethod  ] Register NMethod: java.lang.invoke.MethodHandle.setVarargs (0x00007a501b738488) [0x00007a501b738580, 0x00007a501b73a098] Compiler: c1, Barriers: 0, Oops: 2, ImmediateOops: 4, NonImmediateOops: No
[1,434s][debug][gc,nmethod  ] Register NMethod: java.lang.invoke.MethodHandles$Lookup.isArrayClone (0x00007a501b73a108) [0x00007a501b73a200, 0x00007a501b73b478] Compiler: c1, Barriers: 7, Oops: 0, ImmediateOops: 2, NonImmediateOops: No
[1,434s][debug][gc,nmethod  ] Register NMethod: java.util.zip.ZipFile.getMetaInfVersions (0x00007a501b73b488) [0x00007a501b73b580, 0x00007a501b73bfd0] Compiler: c1, Barriers: 4, Oops: 0, ImmediateOops: 2, NonImmediateOops: No
[1,435s][debug][gc,nmethod  ] Register NMethod: sun.invoke.util.VerifyAccess.isMemberAccessible (0x00007a501b73c008) [0x00007a501b73c100, 0x00007a501b73e6e8] Compiler: c1, Barriers: 0, Oops: 1, ImmediateOops: 2, NonImmediateOops: No
[1,435s][debug][gc,nmethod  ] Register NMethod: java.util.BitSet.previousSetBit (0x00007a501b73e708) [0x00007a501b73e800, 0x00007a501b73f980] Compiler: c1, Barriers: 1, Oops: 1, ImmediateOops: 2, NonImmediateOops: No
[1,435s][debug][gc,nmethod  ] Register NMethod: java.util.Arrays.hashCode (0x00007a501b73fa08) [0x00007a501b73fb00, 0x00007a501b73fc80] Compiler: c1, Barriers: 0, Oops: 0, ImmediateOops: 0, NonImmediateOops: No
[1,435s][debug][gc,nmethod  ] Register NMethod: jdk.internal.util.ArraysSupport.hashCode (0x00007a501b73fd08) [0x00007a501b73fe00, 0x00007a501b7402b0] Compiler: c1, Barriers: 1, Oops: 0, ImmediateOops: 0, NonImmediateOops: No
[1,436s][debug][gc,nmethod  ] Register NMethod: java.lang.invoke.MethodHandleNatives.findMethodHandleType (0x00007a501b740308) [0x00007a501b740400, 0x00007a501b740518] Compiler: c1, Barriers: 0, Oops: 0, ImmediateOops: 0, NonImmediateOops: No
[1,436s][debug][gc,nmethod  ] Register NMethod: java.lang.invoke.MethodHandle.linkToVirtual (0x00007a503ac4c308) [0x00007a503ac4c400, 0x00007a503ac4c428] Compiler: , Barriers: 0, Oops: 0, ImmediateOops: 0, NonImmediateOops: No
[1,437s][debug][gc,director ] Rule Major: Warmup 10%, Used: 70MB, UsedThreshold: 1228MB
[1,437s][debug][gc,nmethod  ] Register NMethod: java.lang.classfile.constantpool.ConstantPoolBuilder.nameAndTypeEntry (0x00007a501b740608) [0x00007a501b740700, 0x00007a501b740e20] Compiler: c1, Barriers: 0, Oops: 0, ImmediateOops: 0, NonImmediateOops: No
[1,437s][debug][gc,nmethod  ] Register NMethod: jdk.internal.constant.ConstantUtils.concat (0x00007a501b740e88) [0x00007a501b740f80, 0x00007a501b7435e8] Compiler: c1, Barriers: 6, Oops: 0, ImmediateOops: 7, NonImmediateOops: No
[1,437s][debug][gc,nmethod  ] Register NMethod: java.lang.System$1.concat (0x00007a501b743608) [0x00007a501b743700, 0x00007a501b745d18] Compiler: c1, Barriers: 6, Oops: 0, ImmediateOops: 6, NonImmediateOops: No
[1,437s][debug][gc,nmethod  ] Register NMethod: jdk.internal.classfile.impl.SplitConstantPool.fieldRefEntry (0x00007a501b745d88) [0x00007a501b745e80, 0x00007a501b7487d8] Compiler: c1, Barriers: 6, Oops: 0, ImmediateOops: 0, NonImmediateOops: No
[1,439s][debug][gc,nmethod  ] Register NMethod: java.util.regex.Pattern.has (0x00007a501b748808) [0x00007a501b748900, 0x00007a501b748a50] Compiler: c1, Barriers: 0, Oops: 0, ImmediateOops: 0, NonImmediateOops: No
[1,439s][debug][gc,nmethod  ] Register NMethod: java.lang.invoke.MethodHandleNatives.refKindIsMethod (0x00007a501b748b08) [0x00007a501b748c00, 0x00007a501b748e10] Compiler: c1, Barriers: 0, Oops: 0, ImmediateOops: 0, NonImmediateOops: No
[1,440s][debug][gc,nmethod  ] Register NMethod: java.lang.invoke.MethodHandleNatives.refKindHasReceiver (0x00007a501b748e88) [0x00007a501b748f80, 0x00007a501b7490c0] Compiler: c1, Barriers: 0, Oops: 0, ImmediateOops: 0, NonImmediateOops: No
[1,442s][debug][gc,nmethod  ] Register NMethod: jdk.internal.classfile.impl.Util.buildingCode (0x00007a501b749188) [0x00007a501b749280, 0x00007a501b749540] Compiler: c1, Barriers: 3, Oops: 0, ImmediateOops: 0, NonImmediateOops: No
[1,442s][debug][gc,nmethod  ] Register NMethod: jdk.internal.classfile.impl.Util$1WithCodeMethodHandler.<init> (0x00007a501b749588) [0x00007a501b749680, 0x00007a501b7498b0] Compiler: c1, Barriers: 3, Oops: 0, ImmediateOops: 0, NonImmediateOops: No
[1,442s][debug][gc,nmethod  ] Register NMethod: jdk.internal.classfile.impl.Util$1WithCodeMethodHandler.accept (0x00007a501b749908) [0x00007a501b749a00, 0x00007a501b74a050] Compiler: c1, Barriers: 1, Oops: 0, ImmediateOops: 0, NonImmediateOops: No
[1,442s][debug][gc,nmethod  ] Register NMethod: jdk.internal.classfile.impl.Util$1WithCodeMethodHandler.accept (0x00007a501b74a088) [0x00007a501b74a180, 0x00007a501b74a3a0] Compiler: c1, Barriers: 1, Oops: 0, ImmediateOops: 0, NonImmediateOops: No
[1,442s][debug][gc,nmethod  ] Register NMethod: java.lang.classfile.ClassBuilder.withMethodBody (0x00007a501b74a408) [0x00007a501b74a500, 0x00007a501b74aa78] Compiler: c1, Barriers: 3, Oops: 0, ImmediateOops: 0, NonImmediateOops: No
[1,442s][debug][gc,nmethod  ] Register NMethod: jdk.internal.classfile.impl.EntryMap.getIndexByToken (0x00007a501b74aa88) [0x00007a501b74ab80, 0x00007a501b74acd8] Compiler: c1, Barriers: 1, Oops: 0, ImmediateOops: 0, NonImmediateOops: No
[1,442s][debug][gc,nmethod  ] Register NMethod: jdk.internal.classfile.impl.EntryMap.put (0x00007a503ac4c608) [0x00007a503ac4c700, 0x00007a503ac4c9e0] Compiler: jvmci, Barriers: 1, Oops: 0, ImmediateOops: 0, NonImmediateOops: No
[1,443s][debug][gc,nmethod  ] Register NMethod: java.lang.constant.ClassDesc.isArray (0x00007a503ac4ca08) [0x00007a503ac4cb00, 0x00007a503ac4cbc0] Compiler: c1, Barriers: 0, Oops: 0, ImmediateOops: 0, NonImmediateOops: No
[1,446s][debug][gc,nmethod  ] Register NMethod: java.math.BigInteger.implMulAdd (0x00007a501b74ad88) [0x00007a501b74ae80, 0x00007a501b74b0a0] Compiler: c1, Barriers: 0, Oops: 0, ImmediateOops: 0, NonImmediateOops: No
[1,446s][debug][gc,nmethod  ] Register NMethod: java.math.BigInteger.mulAdd (0x00007a501b74b108) [0x00007a501b74b200, 0x00007a501b74b390] Compiler: c1, Barriers: 0, Oops: 0, ImmediateOops: 0, NonImmediateOops: No
[1,446s][debug][gc,nmethod  ] Register NMethod: java.math.BigInteger.addOne (0x00007a501b74b408) [0x00007a501b74b500, 0x00007a501b74b818] Compiler: c1, Barriers: 0, Oops: 0, ImmediateOops: 0, NonImmediateOops: No
[1,447s][debug][gc,nmethod  ] Register NMethod: java.math.BigInteger.implMulAddCheck (0x00007a501b74b888) [0x00007a501b74b980, 0x00007a501b74f910] Compiler: c1, Barriers: 0, Oops: 5, ImmediateOops: 11, NonImmediateOops: No
[1,447s][debug][gc,director ] Rule Major: Warmup 10%, Used: 72MB, UsedThreshold: 1228MB
[1,449s][debug][gc,nmethod  ] Register NMethod: java.math.BigInteger.<init> (0x00007a501b74f988) [0x00007a501b74fa80, 0x00007a501b74ff88] Compiler: c1, Barriers: 4, Oops: 0, ImmediateOops: 1, NonImmediateOops: No
[1,449s][debug][gc,nmethod  ] Register NMethod: jdk.internal.misc.Unsafe.getIntVolatile (0x00007a503ac4cd08) [0x00007a503ac4ce00, 0x00007a503ac4cf68] Compiler: , Barriers: 0, Oops: 0, ImmediateOops: 0, NonImmediateOops: No
[1,450s][debug][gc,nmethod  ] Register NMethod: java.math.BigInteger.add (0x00007a501b750008) [0x00007a501b750100, 0x00007a501b750898] Compiler: c1, Barriers: 0, Oops: 0, ImmediateOops: 0, NonImmediateOops: No
[1,450s][debug][gc,nmethod  ] Register NMethod: java.math.BigInteger.implMulAdd (0x00007a503ac4d008) [0x00007a503ac4d100, 0x00007a503ac4d4d8] Compiler: jvmci, Barriers: 0, Oops: 0, ImmediateOops: 0, NonImmediateOops: No
[1,451s][debug][gc,nmethod  ] Register NMethod: java.math.BigInteger.trustedStripLeadingZeroInts (0x00007a501b750908) [0x00007a501b750a00, 0x00007a501b750b18] Compiler: c1, Barriers: 0, Oops: 0, ImmediateOops: 0, NonImmediateOops: No
[1,451s][debug][gc,nmethod  ] Register NMethod: java.math.BigInteger.stripLeadingZeroInts (0x00007a501b750c08) [0x00007a501b750d00, 0x00007a501b750f80] Compiler: c1, Barriers: 0, Oops: 0, ImmediateOops: 0, NonImmediateOops: No
[1,451s][debug][gc,nmethod  ] Register NMethod: java.math.BigInteger.shiftLeftImplWorker (0x00007a501b750f88) [0x00007a501b751080, 0x00007a501b751298] Compiler: c1, Barriers: 0, Oops: 0, ImmediateOops: 0, NonImmediateOops: No
[1,451s][debug][gc,nmethod  ] Register NMethod: java.math.BigInteger.mulAdd (0x00007a503ac4d508) [0x00007a503ac4d600, 0x00007a503ac4d738] Compiler: jvmci, Barriers: 0, Oops: 0, ImmediateOops: 0, NonImmediateOops: No
[1,451s][debug][gc,nmethod  ] Register NMethod: java.math.BigInteger.subtract (0x00007a501b751308) [0x00007a501b751400, 0x00007a501b7518f8] Compiler: c1, Barriers: 0, Oops: 0, ImmediateOops: 0, NonImmediateOops: No
[1,452s][debug][gc,nmethod  ] Register NMethod: java.math.BigInteger.implSquareToLen (0x00007a501b751908) [0x00007a501b751a00, 0x00007a501b751e98] Compiler: c1, Barriers: 0, Oops: 0, ImmediateOops: 0, NonImmediateOops: No
[1,453s][debug][gc,nmethod  ] Register NMethod: java.util.Objects.checkFromToIndex (0x00007a501b751f08) [0x00007a501b752000, 0x00007a501b752218] Compiler: c1, Barriers: 0, Oops: 0, ImmediateOops: 0, NonImmediateOops: No
[1,453s][debug][gc,nmethod  ] Register NMethod: java.math.BigInteger.addOne (0x00007a503ac4d808) [0x00007a503ac4d900, 0x00007a503ac4dab0] Compiler: jvmci, Barriers: 0, Oops: 0, ImmediateOops: 0, NonImmediateOops: No
[1,453s][debug][gc,nmethod  ] Register NMethod: java.math.BigInteger.add (0x00007a501b752288) [0x00007a501b752380, 0x00007a501b752c40] Compiler: c1, Barriers: 6, Oops: 0, ImmediateOops: 1, NonImmediateOops: No
[1,453s][debug][gc,nmethod  ] Register NMethod: java.util.concurrent.RecursiveTask.getRawResult (0x00007a503ac4db08) [0x00007a503ac4dc00, 0x00007a503ac4dce8] Compiler: c1, Barriers: 1, Oops: 0, ImmediateOops: 0, NonImmediateOops: No
[1,453s][debug][gc,nmethod  ] Register NMethod: jdk.internal.classfile.impl.SplitConstantPool.internalAdd (0x00007a503ac4de08) [0x00007a503ac4df20, 0x00007a503ac4ea40] Compiler: jvmci, Barriers: 11, Oops: 1, ImmediateOops: 0, NonImmediateOops: No
[1,453s][debug][gc,nmethod  ] Register NMethod: java.math.BigInteger.subtract (0x00007a501b752c88) [0x00007a501b752d80, 0x00007a501b753778] Compiler: c1, Barriers: 7, Oops: 0, ImmediateOops: 1, NonImmediateOops: No
[1,454s][debug][gc,nmethod  ] Register NMethod: jdk.internal.util.Preconditions.checkFromToIndex (0x00007a503ac4ea88) [0x00007a503ac4eb80, 0x00007a503ac4ec28] Compiler: jvmci, Barriers: 0, Oops: 0, ImmediateOops: 0, NonImmediateOops: No
[1,454s][debug][gc,nmethod  ] Register NMethod: java.util.concurrent.ConcurrentHashMap.putIfAbsent (0x00007a503ac4ed88) [0x00007a503ac4ee80, 0x00007a503ac51600] Compiler: jvmci, Barriers: 92, Oops: 0, ImmediateOops: 0, NonImmediateOops: No
[1,454s][debug][gc,nmethod  ] Register NMethod: java.math.BigInteger.square (0x00007a501b753788) [0x00007a501b753880, 0x00007a501b753e88] Compiler: c1, Barriers: 1, Oops: 0, ImmediateOops: 2, NonImmediateOops: No
[1,454s][debug][gc,nmethod  ] Register NMethod: java.math.BigInteger.implMulAddCheck (0x00007a503ac51608) [0x00007a503ac51700, 0x00007a503ac51828] Compiler: jvmci, Barriers: 0, Oops: 0, ImmediateOops: 0, NonImmediateOops: No
[1,454s][debug][gc,nmethod  ] Register NMethod: java.math.BigInteger.shiftLeft (0x00007a501b753f08) [0x00007a501b754000, 0x00007a501b754350] Compiler: c1, Barriers: 1, Oops: 0, ImmediateOops: 1, NonImmediateOops: No
[1,455s][debug][gc,nmethod  ] Register NMethod: java.math.BigInteger.compareMagnitude (0x00007a501b754388) [0x00007a501b754480, 0x00007a501b754948] Compiler: c1, Barriers: 2, Oops: 0, ImmediateOops: 0, NonImmediateOops: No
[1,455s][debug][gc,nmethod  ] Register NMethod: java.math.BigInteger.shiftLeft (0x00007a501b754988) [0x00007a501b754a80, 0x00007a501b755398] Compiler: c1, Barriers: 0, Oops: 0, ImmediateOops: 0, NonImmediateOops: No
[1,457s][debug][gc,director ] Rule Major: Warmup 10%, Used: 74MB, UsedThreshold: 1228MB
[1,459s][debug][gc,nmethod  ] Register NMethod: sun.net.www.ParseUtil.match (0x00007a501b755408) [0x00007a501b755500, 0x00007a501b755750] Compiler: c1, Barriers: 0, Oops: 0, ImmediateOops: 0, NonImmediateOops: No
[1,459s][debug][gc,nmethod  ] Register NMethod: jdk.internal.loader.Resource.getBytes (0x00007a501b755788) [0x00007a501b755880, 0x00007a501b756be0] Compiler: c1, Barriers: 5, Oops: 0, ImmediateOops: 1, NonImmediateOops: No
[1,459s][debug][gc,nmethod  ] Register NMethod: java.lang.classfile.TypeKind.from (0x00007a501b756c08) [0x00007a501b756d00, 0x00007a501b757290] Compiler: c1, Barriers: 0, Oops: 0, ImmediateOops: 1, NonImmediateOops: No
[1,459s][debug][gc,nmethod  ] Register NMethod: java.lang.invoke.MethodHandles$Lookup.in (0x00007a501b757308) [0x00007a501b757400, 0x00007a501b75b010] Compiler: c1, Barriers: 9, Oops: 2, ImmediateOops: 6, NonImmediateOops: No
[1,459s][debug][gc,nmethod  ] Register NMethod: jdk.internal.classfile.impl.Util.fieldTypeSymbol (0x00007a501b75b088) [0x00007a501b75b180, 0x00007a501b75c588] Compiler: c1, Barriers: 5, Oops: 0, ImmediateOops: 0, NonImmediateOops: No
[1,459s][debug][gc,nmethod  ] Register NMethod: jdk.internal.loader.Resource.getByteBuffer (0x00007a501b75c608) [0x00007a501b75c700, 0x00007a501b75d380] Compiler: c1, Barriers: 5, Oops: 0, ImmediateOops: 0, NonImmediateOops: No
[1,460s][debug][gc,nmethod  ] Register NMethod: java.math.BigInteger.subtract (0x00007a503ac51908) [0x00007a503ac51a00, 0x00007a503ac51ed0] Compiler: jvmci, Barriers: 0, Oops: 0, ImmediateOops: 0, NonImmediateOops: No
[1,460s][debug][gc,nmethod  ] Register NMethod: jdk.internal.classfile.impl.BufWriterImpl.grow (0x00007a501b75d388) [0x00007a501b75d480, 0x00007a501b75d710] Compiler: c1, Barriers: 4, Oops: 0, ImmediateOops: 0, NonImmediateOops: No
[1,460s][debug][gc,nmethod  ] Register NMethod: java.lang.invoke.AbstractValidatingLambdaMetafactory.isAdaptableTo (0x00007a501b75d788) [0x00007a501b75d880, 0x00007a501b75f450] Compiler: c1, Barriers: 2, Oops: 0, ImmediateOops: 0, NonImmediateOops: No
[1,460s][debug][gc,nmethod  ] Register NMethod: java.util.stream.PipelineHelper.<init> (0x00007a501b75f488) [0x00007a501b75f580, 0x00007a501b75f6d8] Compiler: c1, Barriers: 0, Oops: 0, ImmediateOops: 0, NonImmediateOops: No
[1,461s][debug][gc,nmethod  ] Register NMethod: java.lang.ref.Reference.<init> (0x00007a503ac51f08) [0x00007a503ac52000, 0x00007a503ac52208] Compiler: jvmci, Barriers: 9, Oops: 0, ImmediateOops: 1, NonImmediateOops: No
[1,461s][debug][gc,nmethod  ] Register NMethod: java.math.BigInteger.add (0x00007a503ac52288) [0x00007a503ac52380, 0x00007a503ac528a8] Compiler: jvmci, Barriers: 0, Oops: 0, ImmediateOops: 0, NonImmediateOops: No
[1,462s][debug][gc,nmethod  ] Register NMethod: jdk.internal.loader.URLClassPath$JarLoader$1.getInputStream (0x00007a501b75f788) [0x00007a501b75f880, 0x00007a501b75fc28] Compiler: c1, Barriers: 3, Oops: 0, ImmediateOops: 0, NonImmediateOops: No
[1,463s][debug][gc,nmethod  ] Register NMethod: java.lang.String.indexOf (0x00007a503ac52908) [0x00007a503ac52a00, 0x00007a503ac52b48] Compiler: jvmci, Barriers: 1, Oops: 0, ImmediateOops: 0, NonImmediateOops: No
[1,464s][debug][gc,nmethod  ] Register NMethod: sun.net.www.ParseUtil.firstEncodeIndex (0x00007a503ac52c08) [0x00007a503ac52d00, 0x00007a503ac53160] Compiler: jvmci, Barriers: 1, Oops: 0, ImmediateOops: 0, NonImmediateOops: No
[1,466s][debug][gc,nmethod  ] Register NMethod: java.lang.invoke.MethodHandleNatives.isCallerSensitive (0x00007a501b75fc88) [0x00007a501b75fd80, 0x00007a501b760508] Compiler: c1, Barriers: 0, Oops: 0, ImmediateOops: 0, NonImmediateOops: No
[1,466s][debug][gc,nmethod  ] Register NMethod: java.lang.invoke.MethodHandleNatives.canBeCalledVirtual (0x00007a501b760588) [0x00007a501b760680, 0x00007a501b761118] Compiler: c1, Barriers: 5, Oops: 0, ImmediateOops: 2, NonImmediateOops: No
[1,467s][debug][gc,nmethod  ] Register NMethod: jdk.internal.classfile.impl.SplitConstantPool.canWriteDirect (0x00007a503ac53188) [0x00007a503ac53280, 0x00007a503ac533c8] Compiler: jvmci, Barriers: 1, Oops: 0, ImmediateOops: 0, NonImmediateOops: No
[1,467s][debug][gc,director ] Rule Major: Warmup 10%, Used: 74MB, UsedThreshold: 1228MB
[1,468s][debug][gc,nmethod  ] Register NMethod: java.util.regex.Pattern.isSupplementary (0x00007a501b761188) [0x00007a501b761280, 0x00007a501b7614b8] Compiler: c1, Barriers: 0, Oops: 0, ImmediateOops: 0, NonImmediateOops: No
[1,468s][debug][gc,nmethod  ] Register NMethod: java.lang.Character.isSurrogate (0x00007a501b761508) [0x00007a501b761600, 0x00007a501b761760] Compiler: c1, Barriers: 0, Oops: 0, ImmediateOops: 0, NonImmediateOops: No
[1,468s][debug][gc,nmethod  ] Register NMethod: java.lang.classfile.TypeKind.fromDescriptor (0x00007a501b761808) [0x00007a501b761900, 0x00007a501b7633f0] Compiler: c1, Barriers: 0, Oops: 1, ImmediateOops: 14, NonImmediateOops: No
[1,468s][debug][gc,nmethod  ] Register NMethod: java.util.logging.Logger.getName (0x00007a503ac53488) [0x00007a503ac53580, 0x00007a503ac53668] Compiler: c1, Barriers: 1, Oops: 0, ImmediateOops: 0, NonImmediateOops: No
[1,469s][debug][gc,nmethod  ] Register NMethod: jdk.internal.classfile.impl.DirectClassBuilder.setInterfaces (0x00007a503ac53788) [0x00007a503ac53880, 0x00007a503ac539b0] Compiler: c1, Barriers: 3, Oops: 0, ImmediateOops: 0, NonImmediateOops: No
[1,469s][debug][gc,nmethod  ] Register NMethod: jdk.internal.classfile.impl.AbstractPoolEntry$Utf8EntryImpl.charAt (0x00007a501b763408) [0x00007a501b763500, 0x00007a501b7640a0] Compiler: c1, Barriers: 6, Oops: 1, ImmediateOops: 4, NonImmediateOops: No
[1,469s][debug][gc,nmethod  ] Register NMethod: jdk.internal.classfile.impl.DirectCodeBuilder$4.tryGenerateStackMaps (0x00007a501b764108) [0x00007a501b764200, 0x00007a501b764860] Compiler: c1, Barriers: 0, Oops: 0, ImmediateOops: 0, NonImmediateOops: No
[1,469s][debug][gc,nmethod  ] Register NMethod: jdk.internal.classfile.impl.DirectCodeBuilder$4.generateStackMaps (0x00007a501b764888) [0x00007a501b764980, 0x00007a501b7654a0] Compiler: c1, Barriers: 2, Oops: 0, ImmediateOops: 1, NonImmediateOops: No
[1,469s][debug][gc,nmethod  ] Register NMethod: java.lang.invoke.MethodHandleNatives.isPullModeBSM (0x00007a503ac53a88) [0x00007a503ac53b80, 0x00007a503ac53c20] Compiler: c1, Barriers: 0, Oops: 0, ImmediateOops: 0, NonImmediateOops: No
[1,470s][debug][gc,nmethod  ] Register NMethod: java.lang.invoke.ConstantCallSite.getTarget (0x00007a501b765508) [0x00007a501b765600, 0x00007a501b765838] Compiler: c1, Barriers: 1, Oops: 0, ImmediateOops: 0, NonImmediateOops: No
[1,472s][debug][gc,nmethod  ] Register NMethod: java.lang.reflect.ReflectAccess.copyMethod (0x00007a501b765888) [0x00007a501b765980, 0x00007a501b765c80] Compiler: c1, Barriers: 0, Oops: 0, ImmediateOops: 0, NonImmediateOops: No
[1,472s][debug][gc,nmethod  ] Register NMethod: jdk.internal.reflect.ReflectionFactory.copyMethod (0x00007a501b765c88) [0x00007a501b765d80, 0x00007a501b766158] Compiler: c1, Barriers: 1, Oops: 0, ImmediateOops: 0, NonImmediateOops: No
[1,472s][debug][gc,nmethod  ] Register NMethod: java.lang.reflect.Method.<init> (0x00007a501b766188) [0x00007a501b766280, 0x00007a501b7668f0] Compiler: c1, Barriers: 27, Oops: 0, ImmediateOops: 0, NonImmediateOops: No
[1,472s][debug][gc,nmethod  ] Register NMethod: java.util.ImmutableCollections$List12.isEmpty (0x00007a503ac53d88) [0x00007a503ac53e80, 0x00007a503ac53f40] Compiler: c1, Barriers: 0, Oops: 0, ImmediateOops: 0, NonImmediateOops: No
[1,472s][debug][gc,nmethod  ] Register NMethod: java.lang.reflect.Method.copy (0x00007a501b766908) [0x00007a501b766a00, 0x00007a501b767100] Compiler: c1, Barriers: 21, Oops: 0, ImmediateOops: 1, NonImmediateOops: No
[1,472s][debug][gc,nmethod  ] Register NMethod: jdk.internal.classfile.impl.UnboundAttribute$UnboundStackMapTableAttribute.entries (0x00007a503ac54088) [0x00007a503ac54180, 0x00007a503ac54268] Compiler: c1, Barriers: 1, Oops: 0, ImmediateOops: 0, NonImmediateOops: No
[1,472s][debug][gc,nmethod  ] Register NMethod: jdk.internal.classfile.impl.AbstractPoolEntry$Utf8EntryImpl.length (0x00007a501b767108) [0x00007a501b767200, 0x00007a501b7673b8] Compiler: c1, Barriers: 1, Oops: 0, ImmediateOops: 1, NonImmediateOops: No
[1,473s][debug][gc,nmethod  ] Register NMethod: jdk.internal.classfile.impl.AbstractAttributeMapper.writeAttribute (0x00007a501b767408) [0x00007a501b767500, 0x00007a501b768e80] Compiler: c1, Barriers: 2, Oops: 0, ImmediateOops: 0, NonImmediateOops: No
[1,473s][debug][gc,nmethod  ] Register NMethod: java.lang.invoke.DirectMethodHandle.isCrackable (0x00007a503ac54388) [0x00007a503ac54480, 0x00007a503ac54540] Compiler: c1, Barriers: 0, Oops: 0, ImmediateOops: 0, NonImmediateOops: No
[1,473s][debug][gc,nmethod  ] Register NMethod: jdk.internal.reflect.Reflection.areNestMates (0x00007a503ac54688) [0x00007a503ac54780, 0x00007a503ac54908] Compiler: , Barriers: 0, Oops: 0, ImmediateOops: 1, NonImmediateOops: No
[1,474s][debug][gc,nmethod  ] Register NMethod: java.lang.invoke.InnerClassLambdaMetafactory.methodDesc (0x00007a501b768e88) [0x00007a501b768f80, 0x00007a501b76bfd8] Compiler: c1, Barriers: 25, Oops: 2, ImmediateOops: 5, NonImmediateOops: No
[1,475s][debug][gc,nmethod  ] Register NMethod: java.lang.Class.getDeclaringClass0 (0x00007a503ac54988) [0x00007a503ac54a80, 0x00007a503ac54da0] Compiler: , Barriers: 0, Oops: 0, ImmediateOops: 0, NonImmediateOops: No
[1,475s][debug][gc,nmethod  ] Register NMethod: java.util.LinkedHashMap$LinkedValueIterator.next (0x00007a501b76c008) [0x00007a501b76c100, 0x00007a501b76c430] Compiler: c1, Barriers: 1, Oops: 0, ImmediateOops: 0, NonImmediateOops: No
[1,475s][debug][gc,nmethod  ] Register NMethod: java.lang.reflect.ReflectAccess.getExecutableSharedParameterTypes (0x00007a501b76c488) [0x00007a501b76c580, 0x00007a501b76c888] Compiler: c1, Barriers: 0, Oops: 0, ImmediateOops: 0, NonImmediateOops: No
[1,475s][debug][gc,nmethod  ] Register NMethod: jdk.internal.reflect.ReflectionFactory.getExecutableSharedParameterTypes (0x00007a501b76c908) [0x00007a501b76ca00, 0x00007a501b76cdd0] Compiler: c1, Barriers: 1, Oops: 0, ImmediateOops: 0, NonImmediateOops: No
[1,475s][debug][gc,nmethod  ] Register NMethod: java.lang.Class.getAnnotationType (0x00007a503ac54e08) [0x00007a503ac54f00, 0x00007a503ac54ff0] Compiler: c1, Barriers: 1, Oops: 0, ImmediateOops: 0, NonImmediateOops: No
[1,476s][debug][gc,nmethod  ] Register NMethod: java.lang.PublicMethods$Key.hashCode (0x00007a501b76ce08) [0x00007a501b76cf00, 0x00007a501b76d198] Compiler: c1, Barriers: 2, Oops: 0, ImmediateOops: 0, NonImmediateOops: No
[1,476s][debug][gc,nmethod  ] Register NMethod: jdk.internal.classfile.impl.StackMapDecoder$ObjectVerificationTypeInfoImpl.tag (0x00007a503ac55108) [0x00007a503ac55200, 0x00007a503ac552c0] Compiler: c1, Barriers: 0, Oops: 0, ImmediateOops: 0, NonImmediateOops: No
[1,476s][debug][gc,nmethod  ] Register NMethod: jdk.internal.classfile.impl.StackMapDecoder$ObjectVerificationTypeInfoImpl.className (0x00007a503ac55408) [0x00007a503ac55500, 0x00007a503ac555e8] Compiler: c1, Barriers: 1, Oops: 0, ImmediateOops: 0, NonImmediateOops: No
[1,476s][debug][gc,nmethod  ] Register NMethod: java.util.stream.StreamOpFlag.combineOpFlags (0x00007a501b76d208) [0x00007a501b76d300, 0x00007a501b76d4a0] Compiler: c1, Barriers: 0, Oops: 0, ImmediateOops: 0, NonImmediateOops: No
[1,476s][debug][gc,nmethod  ] Register NMethod: java.util.stream.StreamOpFlag.getMask (0x00007a501b76d508) [0x00007a501b76d600, 0x00007a501b76d760] Compiler: c1, Barriers: 0, Oops: 0, ImmediateOops: 0, NonImmediateOops: No
[1,477s][debug][gc,nmethod  ] Register NMethod: java.lang.Class.privateGetDeclaredMethods (0x00007a501b76d808) [0x00007a501b76d900, 0x00007a501b76e480] Compiler: c1, Barriers: 10, Oops: 0, ImmediateOops: 2, NonImmediateOops: No
[1,477s][debug][gc,director ] Rule Major: Warmup 10%, Used: 76MB, UsedThreshold: 1228MB
[1,477s][debug][gc,nmethod  ] Register NMethod: jdk.internal.classfile.impl.DirectCodeBuilder.with (0x00007a501b76e488) [0x00007a501b76e580, 0x00007a501b76f360] Compiler: c1, Barriers: 2, Oops: 0, ImmediateOops: 0, NonImmediateOops: No
[1,477s][debug][gc,nmethod  ] Register NMethod: jdk.internal.classfile.impl.RawBytecodeHelper.getIndexU1 (0x00007a501b76f388) [0x00007a501b76f480, 0x00007a501b76f898] Compiler: c1, Barriers: 2, Oops: 0, ImmediateOops: 0, NonImmediateOops: No
[1,477s][debug][gc,nmethod  ] Register NMethod: jdk.internal.classfile.impl.DirectCodeBuilder.with (0x00007a501b76f908) [0x00007a501b76fa00, 0x00007a501b770c20] Compiler: c1, Barriers: 2, Oops: 0, ImmediateOops: 0, NonImmediateOops: No
[1,478s][debug][gc,nmethod  ] Register NMethod: java.lang.PublicMethods$MethodList.<init> (0x00007a501b770c88) [0x00007a501b770d80, 0x00007a501b770f50] Compiler: c1, Barriers: 3, Oops: 0, ImmediateOops: 0, NonImmediateOops: No
[1,478s][debug][gc,nmethod  ] Register NMethod: java.lang.reflect.Executable.declaredAnnotations (0x00007a501b770f88) [0x00007a501b771080, 0x00007a501b772260] Compiler: c1, Barriers: 6, Oops: 0, ImmediateOops: 1, NonImmediateOops: No
[1,478s][debug][gc,nmethod  ] Register NMethod: java.util.Arrays.copyOf (0x00007a503ac55708) [0x00007a503ac55800, 0x00007a503ac55bd0] Compiler: jvmci, Barriers: 0, Oops: 0, ImmediateOops: 0, NonImmediateOops: No
[1,478s][debug][gc,nmethod  ] Register NMethod: java.lang.Integer.compare (0x00007a501b772288) [0x00007a501b772380, 0x00007a501b772530] Compiler: c1, Barriers: 0, Oops: 0, ImmediateOops: 0, NonImmediateOops: No
[1,479s][debug][gc,nmethod  ] Register NMethod: java.util.Spliterators$ArraySpliterator.characteristics (0x00007a503ac55c08) [0x00007a503ac55d00, 0x00007a503ac55dc0] Compiler: c1, Barriers: 0, Oops: 0, ImmediateOops: 0, NonImmediateOops: No
[1,479s][debug][gc,nmethod  ] Register NMethod: java.util.stream.Collectors$CollectorImpl.characteristics (0x00007a503ac55f08) [0x00007a503ac56000, 0x00007a503ac560e8] Compiler: c1, Barriers: 1, Oops: 0, ImmediateOops: 0, NonImmediateOops: No
[1,479s][debug][gc,nmethod  ] Register NMethod: java.util.zip.ZipFile.getManifestName (0x00007a501b772588) [0x00007a501b772680, 0x00007a501b772b48] Compiler: c1, Barriers: 3, Oops: 0, ImmediateOops: 0, NonImmediateOops: No
[1,479s][debug][gc,nmethod  ] Register NMethod: java.lang.Class.getConstantPool (0x00007a503ac56208) [0x00007a503ac56300, 0x00007a503ac56620] Compiler: , Barriers: 0, Oops: 0, ImmediateOops: 0, NonImmediateOops: No
[1,479s][debug][gc,nmethod  ] Register NMethod: java.lang.PublicMethods$MethodList.merge (0x00007a501b772b88) [0x00007a501b772c80, 0x00007a501b774ba0] Compiler: c1, Barriers: 25, Oops: 0, ImmediateOops: 0, NonImmediateOops: No
[1,479s][debug][gc,nmethod  ] Register NMethod: java.lang.PublicMethods$MethodList.length (0x00007a501b774c08) [0x00007a501b774d00, 0x00007a501b774f08] Compiler: c1, Barriers: 2, Oops: 0, ImmediateOops: 0, NonImmediateOops: No
[1,480s][debug][gc,nmethod  ] Register NMethod: java.lang.reflect.Method.getSharedExceptionTypes (0x00007a503ac56688) [0x00007a503ac56780, 0x00007a503ac56868] Compiler: c1, Barriers: 1, Oops: 0, ImmediateOops: 0, NonImmediateOops: No
[1,480s][debug][gc,nmethod  ] Register NMethod: java.lang.PublicMethods$Key.<init> (0x00007a501b774f88) [0x00007a501b775080, 0x00007a501b775600] Compiler: c1, Barriers: 8, Oops: 1, ImmediateOops: 2, NonImmediateOops: No
[1,480s][debug][gc,nmethod  ] Register NMethod: java.lang.PublicMethods.merge (0x00007a501b775688) [0x00007a501b775780, 0x00007a501b776820] Compiler: c1, Barriers: 14, Oops: 1, ImmediateOops: 2, NonImmediateOops: No
[1,480s][debug][gc,nmethod  ] Register NMethod: jdk.internal.classfile.impl.StackCounter.ensureLocalSlot (0x00007a501b776888) [0x00007a501b776980, 0x00007a501b776ab0] Compiler: c1, Barriers: 0, Oops: 0, ImmediateOops: 0, NonImmediateOops: No
[1,481s][debug][gc,nmethod  ] Register NMethod: java.nio.Buffer.position (0x00007a501b776b88) [0x00007a501b776c80, 0x00007a501b776ec0] Compiler: c1, Barriers: 0, Oops: 0, ImmediateOops: 0, NonImmediateOops: No
[1,481s][debug][gc,nmethod  ] Register NMethod: java.util.Collections$SingletonList.size (0x00007a503ac56988) [0x00007a503ac56a80, 0x00007a503ac56b40] Compiler: c1, Barriers: 0, Oops: 0, ImmediateOops: 0, NonImmediateOops: No
[1,481s][debug][gc,nmethod  ] Register NMethod: java.lang.AbstractStringBuilder.<init> (0x00007a503ac56c88) [0x00007a503ac56d80, 0x00007a503ac56ff0] Compiler: jvmci, Barriers: 3, Oops: 0, ImmediateOops: 0, NonImmediateOops: No
[1,481s][debug][gc,nmethod  ] Register NMethod: jdk.internal.classfile.impl.UnboundAttribute.writeTo (0x00007a501b776f08) [0x00007a501b777000, 0x00007a501b777368] Compiler: c1, Barriers: 1, Oops: 0, ImmediateOops: 0, NonImmediateOops: No
[1,482s][debug][gc,nmethod  ] Register NMethod: java.lang.reflect.Method.isDefault (0x00007a501b777388) [0x00007a501b777480, 0x00007a501b777ca8] Compiler: c1, Barriers: 1, Oops: 0, ImmediateOops: 0, NonImmediateOops: No
[1,482s][debug][gc,nmethod  ] Register NMethod: org.junit.platform.commons.util.ReflectionUtils$$Lambda/0x000000005d1769a8.test (0x00007a501b777d08) [0x00007a501b777e00, 0x00007a501b778a58] Compiler: c1, Barriers: 1, Oops: 1, ImmediateOops: 0, NonImmediateOops: No
[1,482s][debug][gc,nmethod  ] Register NMethod: java.lang.String.<init> (0x00007a503ac57008) [0x00007a503ac57100, 0x00007a503ac574e0] Compiler: jvmci, Barriers: 4, Oops: 0, ImmediateOops: 0, NonImmediateOops: No
[1,483s][debug][gc,nmethod  ] Register NMethod: sun.reflect.generics.visitor.Reifier.getFactory (0x00007a503ac57508) [0x00007a503ac57600, 0x00007a503ac576e8] Compiler: c1, Barriers: 1, Oops: 0, ImmediateOops: 0, NonImmediateOops: No
[1,483s][debug][gc,nmethod  ] Register NMethod: sun.reflect.generics.tree.SimpleClassTypeSignature.getDollar (0x00007a503ac57808) [0x00007a503ac57900, 0x00007a503ac579c0] Compiler: c1, Barriers: 0, Oops: 0, ImmediateOops: 0, NonImmediateOops: No
[1,483s][debug][gc,nmethod  ] Register NMethod: sun.reflect.generics.tree.ClassTypeSignature.getPath (0x00007a503ac57b08) [0x00007a503ac57c00, 0x00007a503ac57ce8] Compiler: c1, Barriers: 1, Oops: 0, ImmediateOops: 0, NonImmediateOops: No
[1,483s][debug][gc,nmethod  ] Register NMethod: sun.reflect.generics.tree.SimpleClassTypeSignature.getName (0x00007a503ac57e08) [0x00007a503ac57f00, 0x00007a503ac57fe8] Compiler: c1, Barriers: 1, Oops: 0, ImmediateOops: 0, NonImmediateOops: No
[1,483s][debug][gc,nmethod  ] Register NMethod: java.lang.Class.getInterfaces (0x00007a501b778a88) [0x00007a501b778b80, 0x00007a501b779258] Compiler: c1, Barriers: 4, Oops: 0, ImmediateOops: 0, NonImmediateOops: No
[1,484s][debug][gc,nmethod  ] Register NMethod: jdk.internal.classfile.impl.AbstractPseudoInstruction.<init> (0x00007a501b779288) [0x00007a501b779380, 0x00007a501b779538] Compiler: c1, Barriers: 0, Oops: 0, ImmediateOops: 0, NonImmediateOops: No
[1,484s][debug][gc,nmethod  ] Register NMethod: jdk.internal.classfile.impl.AbstractPseudoInstruction$ExceptionCatchImpl.writeTo (0x00007a501b779588) [0x00007a501b779680, 0x00007a501b779980] Compiler: c1, Barriers: 0, Oops: 0, ImmediateOops: 0, NonImmediateOops: No
[1,484s][debug][gc,nmethod  ] Register NMethod: java.util.ArrayDeque.<init> (0x00007a501b779988) [0x00007a501b779a80, 0x00007a501b779d40] Compiler: c1, Barriers: 3, Oops: 0, ImmediateOops: 0, NonImmediateOops: No
[1,484s][debug][gc,nmethod  ] Register NMethod: jdk.internal.classfile.impl.AbstractPseudoInstruction$ExceptionCatchImpl.<init> (0x00007a501b779d88) [0x00007a501b779e80, 0x00007a501b77ac90] Compiler: c1, Barriers: 12, Oops: 0, ImmediateOops: 0, NonImmediateOops: No
[1,484s][debug][gc,nmethod  ] Register NMethod: java.util.List.of (0x00007a501b77ad08) [0x00007a501b77ae00, 0x00007a501b77bb08] Compiler: c1, Barriers: 15, Oops: 0, ImmediateOops: 2, NonImmediateOops: No
[1,484s][debug][gc,nmethod  ] Register NMethod: java.lang.StringBuilder.toString (0x00007a503ac58108) [0x00007a503ac58200, 0x00007a503ac58608] Compiler: jvmci, Barriers: 3, Oops: 0, ImmediateOops: 1, NonImmediateOops: No
[1,484s][debug][gc,nmethod  ] Register NMethod: jdk.internal.classfile.impl.BufWriterImpl.writeIndexOrZero (0x00007a501b77bb88) [0x00007a501b77bc80, 0x00007a501b77c990] Compiler: c1, Barriers: 2, Oops: 0, ImmediateOops: 0, NonImmediateOops: No
[1,484s][debug][gc,nmethod  ] Register NMethod: sun.reflect.generics.tree.SimpleClassTypeSignature.getTypeArguments (0x00007a503ac58688) [0x00007a503ac58780, 0x00007a503ac58868] Compiler: c1, Barriers: 1, Oops: 0, ImmediateOops: 0, NonImmediateOops: No
[1,484s][debug][gc,nmethod  ] Register NMethod: jdk.internal.classfile.impl.DirectCodeBuilder.addHandler (0x00007a501b77ca08) [0x00007a501b77cb00, 0x00007a501b77e708] Compiler: c1, Barriers: 9, Oops: 0, ImmediateOops: 0, NonImmediateOops: No
[1,484s][debug][gc,nmethod  ] Register NMethod: java.lang.Class.forName (0x00007a501b77e788) [0x00007a501b77e880, 0x00007a501b77e9a0] Compiler: c1, Barriers: 0, Oops: 0, ImmediateOops: 0, NonImmediateOops: No
[1,484s][debug][gc,nmethod  ] Register NMethod: sun.reflect.generics.parser.SignatureParser.current (0x00007a503ac58988) [0x00007a503ac58a80, 0x00007a503ac58c48] Compiler: jvmci, Barriers: 2, Oops: 0, ImmediateOops: 0, NonImmediateOops: No
[1,484s][debug][gc,nmethod  ] Register NMethod: java.lang.classfile.Attributes.stackMapTable (0x00007a501b77ea88) [0x00007a501b77eb80, 0x00007a501b77ec68] Compiler: c1, Barriers: 0, Oops: 0, ImmediateOops: 1, NonImmediateOops: No
[1,485s][debug][gc,nmethod  ] Register NMethod: java.lang.classfile.constantpool.LoadableConstantEntry.typeKind (0x00007a501b77ed88) [0x00007a501b77ee80, 0x00007a501b77ef88] Compiler: c1, Barriers: 0, Oops: 0, ImmediateOops: 1, NonImmediateOops: No
[1,485s][debug][gc,nmethod  ] Register NMethod: jdk.internal.classfile.impl.BytecodeHelpers.ldcOpcode (0x00007a501b77f088) [0x00007a501b77f180, 0x00007a501b77f930] Compiler: c1, Barriers: 0, Oops: 0, ImmediateOops: 3, NonImmediateOops: No
[1,485s][debug][gc,nmethod  ] Register NMethod: jdk.internal.classfile.impl.DirectCodeBuilder.ldc (0x00007a501b77f988) [0x00007a501b77fa80, 0x00007a501b780938] Compiler: c1, Barriers: 2, Oops: 0, ImmediateOops: 0, NonImmediateOops: No
[1,485s][debug][gc,nmethod  ] Register NMethod: jdk.internal.classfile.impl.DirectCodeBuilder.writeDirectLoadConstant (0x00007a501b780988) [0x00007a501b780a80, 0x00007a501b781b98] Compiler: c1, Barriers: 4, Oops: 0, ImmediateOops: 0, NonImmediateOops: No
[1,485s][debug][gc,nmethod  ] Register NMethod: jdk.internal.constant.ConstantUtils.referenceClassDesc (0x00007a501b781c08) [0x00007a501b781d00, 0x00007a501b782940] Compiler: c1, Barriers: 2, Oops: 1, ImmediateOops: 2, NonImmediateOops: No
[1,485s][debug][gc,nmethod  ] Register NMethod: java.lang.reflect.Method.getRoot (0x00007a501b782988) [0x00007a501b782a80, 0x00007a501b782d80] Compiler: c1, Barriers: 1, Oops: 0, ImmediateOops: 0, NonImmediateOops: No
[1,486s][debug][gc,nmethod  ] Register NMethod: java.util.stream.StreamOpFlag.isKnown (0x00007a501b782d88) [0x00007a501b782e80, 0x00007a501b782fd8] Compiler: c1, Barriers: 0, Oops: 0, ImmediateOops: 0, NonImmediateOops: No
[1,486s][debug][gc,nmethod  ] Register NMethod: jdk.internal.classfile.impl.AbstractPoolEntry.maybeClone (0x00007a503ac58c88) [0x00007a503ac58d80, 0x00007a503ac59170] Compiler: jvmci, Barriers: 5, Oops: 0, ImmediateOops: 0, NonImmediateOops: No
[1,487s][debug][gc,nmethod  ] Register NMethod: java.lang.invoke.DirectMethodHandle$Holder.invokeSpecial (0x00007a501b783088) [0x00007a501b783180, 0x00007a501b783548] Compiler: c1, Barriers: 1, Oops: 0, ImmediateOops: 0, NonImmediateOops: No
[1,487s][debug][gc,nmethod  ] Register NMethod: java.lang.invoke.LambdaForm$MH/0x000000005d084400.invoke (0x00007a501b783588) [0x00007a501b783680, 0x00007a501b783df0] Compiler: c1, Barriers: 2, Oops: 1, ImmediateOops: 0, NonImmediateOops: No
[1,487s][debug][gc,director ] Rule Major: Warmup 10%, Used: 76MB, UsedThreshold: 1228MB
[1,487s][debug][gc,nmethod  ] Register NMethod: jdk.internal.classfile.impl.StackCounter.maxLocals (0x00007a503ac59188) [0x00007a503ac59280, 0x00007a503ac59340] Compiler: c1, Barriers: 0, Oops: 0, ImmediateOops: 0, NonImmediateOops: No
[1,487s][debug][gc,nmethod  ] Register NMethod: jdk.internal.classfile.impl.StackCounter.maxStack (0x00007a503ac59488) [0x00007a503ac59580, 0x00007a503ac59640] Compiler: c1, Barriers: 0, Oops: 0, ImmediateOops: 0, NonImmediateOops: No
[1,489s][debug][gc,nmethod  ] Register NMethod: java.util.Objects.hashCode (0x00007a503ac59788) [0x00007a503ac59880, 0x00007a503ac59c50] Compiler: jvmci, Barriers: 4, Oops: 0, ImmediateOops: 0, NonImmediateOops: No
[1,490s][debug][gc,nmethod  ] Register NMethod: jdk.internal.classfile.impl.SplitConstantPool.tryFindUtf8 (0x00007a503ac59c88) [0x00007a503ac59da0, 0x00007a503ac5a6a8] Compiler: jvmci, Barriers: 12, Oops: 0, ImmediateOops: 2, NonImmediateOops: No
[1,490s][debug][gc,nmethod  ] Register NMethod: java.lang.invoke.DirectMethodHandle$Constructor.<init> (0x00007a501b783e08) [0x00007a501b783f00, 0x00007a501b784150] Compiler: c1, Barriers: 6, Oops: 0, ImmediateOops: 0, NonImmediateOops: No
[1,490s][debug][gc,nmethod  ] Register NMethod: jdk.internal.classfile.impl.DirectClassBuilder.with (0x00007a501b784188) [0x00007a501b784280, 0x00007a501b785060] Compiler: c1, Barriers: 2, Oops: 0, ImmediateOops: 0, NonImmediateOops: No
[1,491s][debug][gc,nmethod  ] Register NMethod: jdk.internal.classfile.impl.DirectClassBuilder.with (0x00007a501b785088) [0x00007a501b785180, 0x00007a501b7863a0] Compiler: c1, Barriers: 2, Oops: 0, ImmediateOops: 0, NonImmediateOops: No
[1,491s][debug][gc,nmethod  ] Register NMethod: java.lang.invoke.MethodHandle.keepsAlive (0x00007a501b786408) [0x00007a501b786500, 0x00007a501b787100] Compiler: c1, Barriers: 2, Oops: 0, ImmediateOops: 6, NonImmediateOops: No
[1,492s][debug][gc,nmethod  ] Register NMethod: jdk.internal.classfile.impl.StackCounter.<init> (0x00007a501b787108) [0x00007a501b787200, 0x00007a501b79dbd0] Compiler: c1, Barriers: 95, Oops: 2, ImmediateOops: 18, NonImmediateOops: No
[1,493s][debug][gc,nmethod  ] Register NMethod: java.lang.invoke.TypeConvertingMethodAdapter.convertType (0x00007a501b79dc08) [0x00007a501b79dd00, 0x00007a501b7a61e8] Compiler: c1, Barriers: 12, Oops: 3, ImmediateOops: 31, NonImmediateOops: No
[1,494s][debug][gc,nmethod  ] Register NMethod: java.lang.ClassLoader.getUnnamedModule (0x00007a503ac5a708) [0x00007a503ac5a800, 0x00007a503ac5a8e8] Compiler: c1, Barriers: 1, Oops: 0, ImmediateOops: 0, NonImmediateOops: No
[1,494s][debug][gc,nmethod  ] Register NMethod: java.lang.invoke.MethodHandle.linkToSpecial (0x00007a503ac5aa08) [0x00007a503ac5ab00, 0x00007a503ac5abf8] Compiler: , Barriers: 0, Oops: 0, ImmediateOops: 0, NonImmediateOops: No
[1,495s][debug][gc,nmethod  ] Register NMethod: org.junit.platform.commons.util.Preconditions.condition (0x00007a501b7a6208) [0x00007a501b7a6300, 0x00007a501b7a64e0] Compiler: c1, Barriers: 0, Oops: 1, ImmediateOops: 0, NonImmediateOops: No
[1,496s][debug][gc,nmethod  ] Register NMethod: sun.invoke.util.VerifyAccess.ensureTypeVisible (0x00007a501b7a6508) [0x00007a501b7a6600, 0x00007a501b7a6fd0] Compiler: c1, Barriers: 4, Oops: 0, ImmediateOops: 0, NonImmediateOops: No
[1,496s][debug][gc,nmethod  ] Register NMethod: java.lang.invoke.MemberName.isMethod (0x00007a501b7a7008) [0x00007a501b7a7100, 0x00007a501b7a72b8] Compiler: c1, Barriers: 0, Oops: 0, ImmediateOops: 0, NonImmediateOops: No
[1,496s][debug][gc,nmethod  ] Register NMethod: jdk.internal.classfile.impl.BufWriterImpl.cpIndex (0x00007a503ac5ad08) [0x00007a503ac5ae00, 0x00007a503ac5b2b8] Compiler: jvmci, Barriers: 6, Oops: 0, ImmediateOops: 0, NonImmediateOops: No
[1,496s][debug][gc,nmethod  ] Register NMethod: java.lang.classfile.CodeBuilder.invoke (0x00007a501b7a7308) [0x00007a501b7a7400, 0x00007a501b7a7b98] Compiler: c1, Barriers: 2, Oops: 0, ImmediateOops: 0, NonImmediateOops: No
[1,496s][debug][gc,nmethod  ] Register NMethod: jdk.internal.classfile.impl.DirectCodeBuilder.invoke (0x00007a501b7a7c08) [0x00007a501b7a7d00, 0x00007a501b7aab48] Compiler: c1, Barriers: 7, Oops: 0, ImmediateOops: 1, NonImmediateOops: No
[1,497s][debug][gc,nmethod  ] Register NMethod: jdk.internal.loader.ClassLoaders$AppClassLoader.defineOrCheckPackage (0x00007a501b7aab88) [0x00007a501b7aac80, 0x00007a501b7aadb0] Compiler: c1, Barriers: 0, Oops: 0, ImmediateOops: 0, NonImmediateOops: No
[1,497s][debug][gc,nmethod  ] Register NMethod: java.util.regex.Pattern.peek (0x00007a501b7aae88) [0x00007a501b7aaf80, 0x00007a501b7ab200] Compiler: c1, Barriers: 1, Oops: 0, ImmediateOops: 0, NonImmediateOops: No
[1,497s][debug][gc,nmethod  ] Register NMethod: jdk.internal.loader.BuiltinClassLoader.defineOrCheckPackage (0x00007a501b7ab208) [0x00007a501b7ab300, 0x00007a501b7ac438] Compiler: c1, Barriers: 0, Oops: 1, ImmediateOops: 2, NonImmediateOops: No
[1,497s][debug][gc,nmethod  ] Register NMethod: jdk.internal.loader.BuiltinClassLoader.defineClass (0x00007a501b7ac488) [0x00007a501b7ac580, 0x00007a501b7af488] Compiler: c1, Barriers: 6, Oops: 0, ImmediateOops: 0, NonImmediateOops: No
[1,497s][debug][gc,director ] Rule Major: Warmup 10%, Used: 78MB, UsedThreshold: 1228MB
[1,497s][debug][gc,nmethod  ] Register NMethod: jdk.internal.loader.BuiltinClassLoader.getAndVerifyPackage (0x00007a501b7af508) [0x00007a501b7af600, 0x00007a501b7b2158] Compiler: c1, Barriers: 4, Oops: 4, ImmediateOops: 6, NonImmediateOops: No
[1,498s][debug][gc,nmethod  ] Register NMethod: java.util.stream.ReduceOps$3ReducingSink.accept (0x00007a501b7b2188) [0x00007a501b7b2280, 0x00007a501b7b25f8] Compiler: c1, Barriers: 2, Oops: 0, ImmediateOops: 0, NonImmediateOops: No
[1,498s][debug][gc,nmethod  ] Register NMethod: org.junit.platform.commons.util.Preconditions.notNull (0x00007a501b7b2608) [0x00007a501b7b2700, 0x00007a501b7b2990] Compiler: c1, Barriers: 0, Oops: 1, ImmediateOops: 0, NonImmediateOops: No
[1,499s][debug][gc,nmethod  ] Register NMethod: java.lang.reflect.ProxyGenerator$ProxyMethod.parameterTypes (0x00007a501b7b2a08) [0x00007a501b7b2b00, 0x00007a501b7b2e40] Compiler: c1, Barriers: 2, Oops: 0, ImmediateOops: 0, NonImmediateOops: No
[1,500s][debug][gc,nmethod  ] Register NMethod: java.util.HashMap.<init> (0x00007a501b7b2e88) [0x00007a501b7b2f80, 0x00007a501b7b4bc8] Compiler: c1, Barriers: 0, Oops: 2, ImmediateOops: 4, NonImmediateOops: No
[1,500s][debug][gc,nmethod  ] Register NMethod: java.lang.CharSequence.isEmpty (0x00007a501b7b4c08) [0x00007a501b7b4d00, 0x00007a501b7b5048] Compiler: c1, Barriers: 0, Oops: 0, ImmediateOops: 0, NonImmediateOops: No
[1,500s][debug][gc,nmethod  ] Register NMethod: java.util.LinkedHashMap.newNode (0x00007a501b7b5088) [0x00007a501b7b5180, 0x00007a501b7b5368] Compiler: c1, Barriers: 0, Oops: 0, ImmediateOops: 0, NonImmediateOops: No
[1,500s][debug][gc,nmethod  ] Register NMethod: java.util.List.of (0x00007a501b7b5388) [0x00007a501b7b5480, 0x00007a501b7b5568] Compiler: c1, Barriers: 0, Oops: 0, ImmediateOops: 1, NonImmediateOops: No
[1,500s][debug][gc,nmethod  ] Register NMethod: jdk.internal.classfile.impl.DirectCodeBuilder.newLabel (0x00007a501b7b5688) [0x00007a501b7b5780, 0x00007a501b7b5a68] Compiler: c1, Barriers: 3, Oops: 0, ImmediateOops: 0, NonImmediateOops: No
[1,500s][debug][gc,nmethod  ] Register NMethod: jdk.internal.classfile.impl.DirectCodeBuilder.labelBinding (0x00007a501b7b5a88) [0x00007a501b7b5b80, 0x00007a501b7b62b0] Compiler: c1, Barriers: 1, Oops: 0, ImmediateOops: 0, NonImmediateOops: No
[1,500s][debug][gc,nmethod  ] Register NMethod: jdk.internal.classfile.impl.DirectCodeBuilder.methodInfo (0x00007a503ac5b308) [0x00007a503ac5b400, 0x00007a503ac5b4e8] Compiler: c1, Barriers: 1, Oops: 0, ImmediateOops: 0, NonImmediateOops: No
[1,500s][debug][gc,nmethod  ] Register NMethod: jdk.internal.classfile.impl.BufWriterImpl.labelContext (0x00007a503ac5b608) [0x00007a503ac5b700, 0x00007a503ac5b7e8] Compiler: c1, Barriers: 1, Oops: 0, ImmediateOops: 0, NonImmediateOops: No
[1,500s][debug][gc,nmethod  ] Register NMethod: java.util.List.of (0x00007a501b7b6308) [0x00007a501b7b6400, 0x00007a501b7b6950] Compiler: c1, Barriers: 6, Oops: 0, ImmediateOops: 1, NonImmediateOops: No
[1,501s][debug][gc,nmethod  ] Register NMethod: java.lang.System$1.getAnnotationType (0x00007a501b7b6988) [0x00007a501b7b6a80, 0x00007a501b7b6d90] Compiler: c1, Barriers: 1, Oops: 0, ImmediateOops: 0, NonImmediateOops: No
[1,501s][debug][gc,nmethod  ] Register NMethod: java.lang.reflect.Method.getParameterCount (0x00007a501b7b6e08) [0x00007a501b7b6f00, 0x00007a501b7b7038] Compiler: c1, Barriers: 1, Oops: 0, ImmediateOops: 0, NonImmediateOops: No
[1,501s][debug][gc,nmethod  ] Register NMethod: sun.reflect.annotation.AnnotationType.getInstance (0x00007a501b7b7108) [0x00007a501b7b7200, 0x00007a501b7b7d10] Compiler: c1, Barriers: 3, Oops: 0, ImmediateOops: 1, NonImmediateOops: No
[1,501s][debug][gc,nmethod  ] Register NMethod: jdk.internal.classfile.impl.DirectCodeBuilder.invokevirtual (0x00007a501b7b7d88) [0x00007a501b7b7e80, 0x00007a501b7b85d0] Compiler: c1, Barriers: 1, Oops: 0, ImmediateOops: 0, NonImmediateOops: No
[1,501s][debug][gc,nmethod  ] Register NMethod: jdk.internal.util.DecimalDigits.uncheckedPutCharLatin1 (0x00007a501b7b8608) [0x00007a501b7b8700, 0x00007a501b7b8800] Compiler: c1, Barriers: 0, Oops: 0, ImmediateOops: 0, NonImmediateOops: No
[1,501s][debug][gc,nmethod  ] Register NMethod: java.lang.Module.allows (0x00007a501b7b8908) [0x00007a501b7b8a00, 0x00007a501b7b9568] Compiler: c1, Barriers: 1, Oops: 0, ImmediateOops: 3, NonImmediateOops: No
[1,502s][debug][gc,nmethod  ] Register NMethod: jdk.internal.classfile.impl.DirectCodeBuilder.athrow (0x00007a501b7b9588) [0x00007a501b7b9680, 0x00007a501b7b99c8] Compiler: c1, Barriers: 1, Oops: 0, ImmediateOops: 0, NonImmediateOops: No
[1,502s][debug][gc,nmethod  ] Register NMethod: java.lang.classfile.CodeBuilder.newBoundLabel (0x00007a501b7b9a08) [0x00007a501b7b9b00, 0x00007a501b7ba558] Compiler: c1, Barriers: 4, Oops: 0, ImmediateOops: 0, NonImmediateOops: No
[1,502s][debug][gc,nmethod  ] Register NMethod: java.lang.classfile.attribute.StackMapFrameInfo.of (0x00007a501b7ba588) [0x00007a501b7ba680, 0x00007a501b7ba818] Compiler: c1, Barriers: 0, Oops: 0, ImmediateOops: 0, NonImmediateOops: No
[1,502s][debug][gc,nmethod  ] Register NMethod: jdk.internal.classfile.impl.StackMapDecoder$StackMapFrameImpl.<init> (0x00007a501b7ba888) [0x00007a501b7ba980, 0x00007a501b7baf20] Compiler: c1, Barriers: 9, Oops: 0, ImmediateOops: 0, NonImmediateOops: No
[1,502s][debug][gc,nmethod  ] Register NMethod: java.lang.invoke.Invokers.maybeCustomize (0x00007a501b7baf88) [0x00007a501b7bb080, 0x00007a501b7bb358] Compiler: c1, Barriers: 0, Oops: 0, ImmediateOops: 0, NonImmediateOops: No
[1,502s][debug][gc,nmethod  ] Register NMethod: java.lang.invoke.Invokers.checkCustomized (0x00007a501b7bb388) [0x00007a501b7bb480, 0x00007a501b7bb6a0] Compiler: c1, Barriers: 2, Oops: 0, ImmediateOops: 0, NonImmediateOops: No
[1,502s][debug][gc,nmethod  ] Register NMethod: jdk.internal.classfile.impl.DirectCodeBuilder.return_ (0x00007a501b7bb708) [0x00007a501b7bb800, 0x00007a501b7bbb48] Compiler: c1, Barriers: 1, Oops: 0, ImmediateOops: 0, NonImmediateOops: No
[1,502s][debug][gc,nmethod  ] Register NMethod: java.lang.invoke.MethodHandle.maybeCustomize (0x00007a501b7bbb88) [0x00007a501b7bbc80, 0x00007a501b7bc318] Compiler: c1, Barriers: 2, Oops: 0, ImmediateOops: 0, NonImmediateOops: No
[1,502s][debug][gc,nmethod  ] Register NMethod: jdk.internal.classfile.impl.StackMapDecoder.writeFrame (0x00007a501b7bc388) [0x00007a501b7bc480, 0x00007a501b7c0fa0] Compiler: c1, Barriers: 15, Oops: 0, ImmediateOops: 1, NonImmediateOops: No
[1,503s][debug][gc,nmethod  ] Register NMethod: jdk.internal.classfile.impl.StackMapDecoder.writeTypeInfo (0x00007a501b7c1008) [0x00007a501b7c1100, 0x00007a501b7c5218] Compiler: c1, Barriers: 3, Oops: 2, ImmediateOops: 5, NonImmediateOops: No
[1,503s][debug][gc,nmethod  ] Register NMethod: jdk.internal.loader.BuiltinClassLoader.findClassOnClassPathOrNull (0x00007a501b7c5288) [0x00007a501b7c5380, 0x00007a501b7c7b40] Compiler: c1, Barriers: 6, Oops: 1, ImmediateOops: 8, NonImmediateOops: No
[1,505s][debug][gc,nmethod  ] Register NMethod: java.util.LinkedHashMap.get (0x00007a501b7c7b88) [0x00007a501b7c7c80, 0x00007a501b7c8240] Compiler: c1, Barriers: 1, Oops: 0, ImmediateOops: 0, NonImmediateOops: No
[1,505s][debug][gc,nmethod  ] Register NMethod: java.util.logging.LogManager.getProperty (0x00007a501b7c8288) [0x00007a501b7c8380, 0x00007a501b7c86c0] Compiler: c1, Barriers: 1, Oops: 0, ImmediateOops: 0, NonImmediateOops: No
[1,506s][debug][gc,nmethod  ] Register NMethod: java.lang.String.substring (0x00007a501b7c8708) [0x00007a501b7c8800, 0x00007a501b7c8f98] Compiler: c1, Barriers: 1, Oops: 0, ImmediateOops: 0, NonImmediateOops: No
[1,507s][debug][gc,nmethod  ] Register NMethod: sun.reflect.annotation.AnnotationType.retention (0x00007a503ac5b908) [0x00007a503ac5ba00, 0x00007a503ac5bae8] Compiler: c1, Barriers: 1, Oops: 0, ImmediateOops: 0, NonImmediateOops: No
[1,507s][debug][gc,nmethod  ] Register NMethod: sun.reflect.annotation.AnnotationType.memberDefaults (0x00007a503ac5bc08) [0x00007a503ac5bd00, 0x00007a503ac5bde8] Compiler: c1, Barriers: 1, Oops: 0, ImmediateOops: 0, NonImmediateOops: No
[1,507s][debug][gc,nmethod  ] Register NMethod: sun.reflect.annotation.AnnotationType.memberTypes (0x00007a503ac5bf08) [0x00007a503ac5c000, 0x00007a503ac5c0e8] Compiler: c1, Barriers: 1, Oops: 0, ImmediateOops: 0, NonImmediateOops: No
[1,507s][debug][gc,nmethod  ] Register NMethod: java.lang.invoke.Invokers.checkExactType (0x00007a501b7c9008) [0x00007a501b7c9100, 0x00007a501b7c9460] Compiler: c1, Barriers: 1, Oops: 0, ImmediateOops: 0, NonImmediateOops: No
[1,508s][debug][gc,director ] Rule Major: Warmup 10%, Used: 80MB, UsedThreshold: 1228MB
[1,509s][debug][gc,nmethod  ] Register NMethod: java.util.jar.JarFile.getEntry (0x00007a503ac5c208) [0x00007a503ac5c300, 0x00007a503ac5d788] Compiler: jvmci, Barriers: 14, Oops: 2, ImmediateOops: 8, NonImmediateOops: No
[1,509s][debug][gc,nmethod  ] Register NMethod: java.lang.Class.getDeclaredMethods0 (0x00007a503ac5d808) [0x00007a503ac5d900, 0x00007a503ac5dc20] Compiler: , Barriers: 0, Oops: 0, ImmediateOops: 0, NonImmediateOops: No
[1,510s][debug][gc,nmethod  ] Register NMethod: jdk.internal.util.DecimalDigits.stringSize (0x00007a501b7c9488) [0x00007a501b7c9580, 0x00007a501b7c97a8] Compiler: c1, Barriers: 0, Oops: 0, ImmediateOops: 0, NonImmediateOops: No
[1,510s][debug][gc,nmethod  ] Register NMethod: java.lang.classfile.instruction.ExceptionCatch.of (0x00007a501b7c9808) [0x00007a501b7c9900, 0x00007a501b7c9f60] Compiler: c1, Barriers: 1, Oops: 0, ImmediateOops: 0, NonImmediateOops: No
[1,510s][debug][gc,nmethod  ] Register NMethod: java.lang.classfile.CodeBuilder.exceptionCatch (0x00007a501b7c9f88) [0x00007a501b7ca080, 0x00007a501b7caac8] Compiler: c1, Barriers: 3, Oops: 0, ImmediateOops: 1, NonImmediateOops: No
[1,510s][debug][gc,nmethod  ] Register NMethod: java.lang.classfile.CodeBuilder.exceptionCatch (0x00007a501b7cab08) [0x00007a501b7cac00, 0x00007a501b7cb1d8] Compiler: c1, Barriers: 1, Oops: 0, ImmediateOops: 0, NonImmediateOops: No
[1,510s][debug][gc,nmethod  ] Register NMethod: jdk.internal.classfile.impl.UnboundAttribute$UnboundExceptionsAttribute.exceptions (0x00007a503ac5dc88) [0x00007a503ac5dd80, 0x00007a503ac5de68] Compiler: c1, Barriers: 1, Oops: 0, ImmediateOops: 0, NonImmediateOops: No
[1,510s][debug][gc,nmethod  ] Register NMethod: java.util.ImmutableCollections$AbstractImmutableList.equals (0x00007a501b7cb208) [0x00007a501b7cb300, 0x00007a501b7cc9a0] Compiler: c1, Barriers: 0, Oops: 0, ImmediateOops: 0, NonImmediateOops: No
[1,511s][debug][gc,nmethod  ] Register NMethod: java.util.jar.JarFile.getJarEntry (0x00007a503ac5df88) [0x00007a503ac5e080, 0x00007a503ac5f6e8] Compiler: jvmci, Barriers: 14, Oops: 2, ImmediateOops: 8, NonImmediateOops: No
[1,511s][debug][gc,nmethod  ] Register NMethod: java.util.HashMap.calculateHashMapCapacity (0x00007a501b7cca08) [0x00007a501b7ccb20, 0x00007a501b7cccb8] Compiler: c1, Barriers: 0, Oops: 0, ImmediateOops: 0, NonImmediateOops: No
[1,512s][debug][gc,nmethod  ] Register NMethod: java.util.LinkedHashMap.afterNodeInsertion (0x00007a501b7ccd08) [0x00007a501b7cce00, 0x00007a501b7cd6e0] Compiler: c1, Barriers: 2, Oops: 0, ImmediateOops: 0, NonImmediateOops: No
[1,512s][debug][gc,nmethod  ] Register NMethod: jdk.internal.loader.URLClassPath$JarLoader.getResource (0x00007a503ac5f708) [0x00007a503ac5f800, 0x00007a503ac60f58] Compiler: jvmci, Barriers: 19, Oops: 2, ImmediateOops: 8, NonImmediateOops: No
[1,512s][debug][gc,nmethod  ] Register NMethod: jdk.internal.reflect.ConstantPool.getIntAt0 (0x00007a503ac60f88) [0x00007a503ac61080, 0x00007a503ac611e8] Compiler: , Barriers: 0, Oops: 0, ImmediateOops: 0, NonImmediateOops: No
[1,512s][debug][gc,nmethod  ] Register NMethod: java.util.ImmutableCollections$ListN.size (0x00007a503ac61288) [0x00007a503ac61380, 0x00007a503ac61460] Compiler: jvmci, Barriers: 1, Oops: 0, ImmediateOops: 0, NonImmediateOops: No
[1,512s][debug][gc,nmethod  ] Register NMethod: jdk.internal.loader.AbstractClassLoaderValue.map (0x00007a501b7cd708) [0x00007a501b7cd800, 0x00007a501b7cdbf8] Compiler: c1, Barriers: 0, Oops: 0, ImmediateOops: 2, NonImmediateOops: No
[1,513s][debug][gc,nmethod  ] Register NMethod: java.lang.StringBuilder.append (0x00007a501b7cdc08) [0x00007a501b7cdd00, 0x00007a501b7ce060] Compiler: c1, Barriers: 0, Oops: 0, ImmediateOops: 0, NonImmediateOops: No
[1,513s][debug][gc,nmethod  ] Register NMethod: java.lang.Class.getInterfaces (0x00007a501b7ce088) [0x00007a501b7ce180, 0x00007a501b7ce2b8] Compiler: c1, Barriers: 0, Oops: 0, ImmediateOops: 0, NonImmediateOops: No
[1,513s][debug][gc,nmethod  ] Register NMethod: java.lang.Math.min (0x00007a503ac61588) [0x00007a503ac61680, 0x00007a503ac616e8] Compiler: jvmci, Barriers: 0, Oops: 0, ImmediateOops: 0, NonImmediateOops: No
[1,513s][debug][gc,nmethod  ] Register NMethod: sun.reflect.generics.parser.SignatureParser.mark (0x00007a501b7ce388) [0x00007a501b7ce480, 0x00007a501b7ce588] Compiler: c1, Barriers: 0, Oops: 0, ImmediateOops: 0, NonImmediateOops: No
[1,513s][debug][gc,nmethod  ] Register NMethod: sun.reflect.generics.parser.SignatureParser.markToCurrent (0x00007a501b7ce688) [0x00007a501b7ce780, 0x00007a501b7ceab8] Compiler: c1, Barriers: 1, Oops: 0, ImmediateOops: 0, NonImmediateOops: No
[1,513s][debug][gc,nmethod  ] Register NMethod: sun.reflect.generics.tree.SimpleClassTypeSignature.make (0x00007a501b7ceb08) [0x00007a501b7cec00, 0x00007a501b7ceef0] Compiler: c1, Barriers: 6, Oops: 0, ImmediateOops: 0, NonImmediateOops: No
[1,513s][debug][gc,nmethod  ] Register NMethod: sun.reflect.generics.tree.SimpleClassTypeSignature.<init> (0x00007a501b7cef08) [0x00007a501b7cf000, 0x00007a501b7cf250] Compiler: c1, Barriers: 6, Oops: 0, ImmediateOops: 0, NonImmediateOops: No
[1,513s][debug][gc,nmethod  ] Register NMethod: sun.reflect.generics.parser.SignatureParser.parseClassTypeSignatureSuffix (0x00007a501b7cf288) [0x00007a501b7cf380, 0x00007a501b7cf7f0] Compiler: c1, Barriers: 0, Oops: 0, ImmediateOops: 0, NonImmediateOops: No
[1,513s][debug][gc,nmethod  ] Register NMethod: sun.reflect.annotation.AnnotationInvocationHandler.invoke (0x00007a501b7cf808) [0x00007a501b7cf900, 0x00007a501b7d1b90] Compiler: c1, Barriers: 10, Oops: 0, ImmediateOops: 7, NonImmediateOops: No
[1,513s][debug][gc,nmethod  ] Register NMethod: sun.reflect.generics.tree.ClassTypeSignature.make (0x00007a501b7d1c08) [0x00007a501b7d1d00, 0x00007a501b7d1f68] Compiler: c1, Barriers: 3, Oops: 0, ImmediateOops: 0, NonImmediateOops: No
[1,513s][debug][gc,nmethod  ] Register NMethod: java.util.LinkedHashMap$LinkedEntryIterator.next (0x00007a501b7d1f88) [0x00007a501b7d2080, 0x00007a501b7d2590] Compiler: c1, Barriers: 0, Oops: 0, ImmediateOops: 0, NonImmediateOops: No
[1,513s][debug][gc,nmethod  ] Register NMethod: java.lang.invoke.MethodHandle.linkToInterface (0x00007a503ac61888) [0x00007a503ac61980, 0x00007a503ac61ab0] Compiler: , Barriers: 0, Oops: 0, ImmediateOops: 0, NonImmediateOops: No
[1,514s][debug][gc,nmethod  ] Register NMethod: sun.reflect.generics.parser.SignatureParser.parseClassTypeSignature (0x00007a501b7d2608) [0x00007a501b7d2700, 0x00007a501b7d45b0] Compiler: c1, Barriers: 11, Oops: 2, ImmediateOops: 4, NonImmediateOops: No
[1,514s][debug][gc,nmethod  ] Register NMethod: sun.reflect.generics.parser.SignatureParser.parsePackageNameAndSimpleClassTypeSignature (0x00007a501b7d4608) [0x00007a501b7d4700, 0x00007a501b7d5bf0] Compiler: c1, Barriers: 1, Oops: 1, ImmediateOops: 2, NonImmediateOops: No
[1,514s][debug][gc,nmethod  ] Register NMethod: java.util.LinkedHashMap$LinkedEntryIterator.next (0x00007a501b7d5c08) [0x00007a501b7d5d00, 0x00007a501b7d5ff8] Compiler: c1, Barriers: 0, Oops: 0, ImmediateOops: 0, NonImmediateOops: No
[1,514s][debug][gc,nmethod  ] Register NMethod: sun.reflect.generics.parser.SignatureParser.make (0x00007a501b7d6008) [0x00007a501b7d6100, 0x00007a501b7d62f0] Compiler: c1, Barriers: 0, Oops: 0, ImmediateOops: 0, NonImmediateOops: No
[1,514s][debug][gc,nmethod  ] Register NMethod: sun.reflect.generics.tree.ClassTypeSignature.<init> (0x00007a501b7d6308) [0x00007a501b7d6400, 0x00007a501b7d65d0] Compiler: c1, Barriers: 3, Oops: 0, ImmediateOops: 0, NonImmediateOops: No
[1,514s][debug][gc,nmethod  ] Register NMethod: sun.reflect.generics.parser.SignatureParser.<init> (0x00007a501b7d6608) [0x00007a501b7d6700, 0x00007a501b7d6858] Compiler: c1, Barriers: 0, Oops: 0, ImmediateOops: 0, NonImmediateOops: No
[1,515s][debug][gc,nmethod  ] Register NMethod: sun.reflect.generics.parser.SignatureParser.advance (0x00007a503ac61b88) [0x00007a503ac61c80, 0x00007a503ac61df8] Compiler: jvmci, Barriers: 2, Oops: 0, ImmediateOops: 0, NonImmediateOops: No
[1,515s][debug][gc,nmethod  ] Register NMethod: sun.reflect.generics.parser.SignatureParser.init (0x00007a501b7d6908) [0x00007a501b7d6a00, 0x00007a501b7d6b80] Compiler: c1, Barriers: 3, Oops: 0, ImmediateOops: 0, NonImmediateOops: No
[1,515s][debug][gc,nmethod  ] Register NMethod: sun.reflect.generics.parser.SignatureParser.parseFieldTypeSignature (0x00007a501b7d6c08) [0x00007a501b7d6d00, 0x00007a501b7d6e38] Compiler: c1, Barriers: 0, Oops: 0, ImmediateOops: 0, NonImmediateOops: No
[1,515s][debug][gc,nmethod  ] Register NMethod: sun.reflect.generics.scope.AbstractScope.<init> (0x00007a501b7d6f08) [0x00007a501b7d7000, 0x00007a501b7d71d0] Compiler: c1, Barriers: 3, Oops: 0, ImmediateOops: 0, NonImmediateOops: No
[1,515s][debug][gc,nmethod  ] Register NMethod: jdk.internal.loader.AbstractClassLoaderValue.extractValue (0x00007a501b7d7208) [0x00007a501b7d7300, 0x00007a501b7d7a58] Compiler: c1, Barriers: 0, Oops: 0, ImmediateOops: 0, NonImmediateOops: No
[1,515s][debug][gc,nmethod  ] Register NMethod: sun.reflect.generics.parser.SignatureParser.parseFieldTypeSignature (0x00007a501b7d7a88) [0x00007a501b7d7b80, 0x00007a501b7d8040] Compiler: c1, Barriers: 0, Oops: 0, ImmediateOops: 3, NonImmediateOops: No
[1,515s][debug][gc,nmethod  ] Register NMethod: sun.reflect.generics.visitor.Reifier.make (0x00007a501b7d8088) [0x00007a501b7d8180, 0x00007a501b7d83e8] Compiler: c1, Barriers: 3, Oops: 0, ImmediateOops: 0, NonImmediateOops: No
[1,515s][debug][gc,nmethod  ] Register NMethod: sun.reflect.generics.factory.CoreReflectionFactory.make (0x00007a501b7d8408) [0x00007a501b7d8500, 0x00007a501b7d87e0] Compiler: c1, Barriers: 6, Oops: 0, ImmediateOops: 0, NonImmediateOops: No
[1,515s][debug][gc,nmethod  ] Register NMethod: sun.reflect.generics.factory.CoreReflectionFactory.<init> (0x00007a501b7d8808) [0x00007a501b7d8900, 0x00007a501b7d8b48] Compiler: c1, Barriers: 6, Oops: 0, ImmediateOops: 0, NonImmediateOops: No
[1,515s][debug][gc,nmethod  ] Register NMethod: sun.reflect.generics.tree.ClassTypeSignature.accept (0x00007a501b7d8b88) [0x00007a501b7d8c80, 0x00007a501b7d8e08] Compiler: c1, Barriers: 0, Oops: 0, ImmediateOops: 0, NonImmediateOops: No
[1,515s][debug][gc,nmethod  ] Register NMethod: sun.reflect.generics.visitor.Reifier.<init> (0x00007a501b7d8e88) [0x00007a501b7d8f80, 0x00007a501b7d9150] Compiler: c1, Barriers: 3, Oops: 0, ImmediateOops: 0, NonImmediateOops: No
[1,515s][debug][gc,nmethod  ] Register NMethod: sun.reflect.annotation.AnnotationInvocationHandler.memberValueHashCode (0x00007a501b7d9188) [0x00007a501b7d9280, 0x00007a501b7db480] Compiler: c1, Barriers: 2, Oops: 0, ImmediateOops: 8, NonImmediateOops: No
[1,515s][debug][gc,nmethod  ] Register NMethod: sun.reflect.generics.factory.CoreReflectionFactory.makeNamedType (0x00007a501b7db488) [0x00007a501b7db580, 0x00007a501b7db830] Compiler: c1, Barriers: 0, Oops: 0, ImmediateOops: 0, NonImmediateOops: No
[1,515s][debug][gc,nmethod  ] Register NMethod: java.lang.Module.implIsExportedOrOpen (0x00007a501b7db888) [0x00007a501b7db980, 0x00007a501b7dcc20] Compiler: c1, Barriers: 5, Oops: 0, ImmediateOops: 0, NonImmediateOops: No
[1,515s][debug][gc,nmethod  ] Register NMethod: sun.reflect.generics.factory.CoreReflectionFactory.getDeclsLoader (0x00007a501b7dcc88) [0x00007a501b7dcd80, 0x00007a501b7de3b8] Compiler: c1, Barriers: 6, Oops: 0, ImmediateOops: 0, NonImmediateOops: No
[1,516s][debug][gc,nmethod  ] Register NMethod: java.util.Collections.emptyList (0x00007a501b7de408) [0x00007a501b7de500, 0x00007a501b7de5e8] Compiler: c1, Barriers: 0, Oops: 0, ImmediateOops: 1, NonImmediateOops: No
[1,516s][debug][gc,nmethod  ] Register NMethod: java.lang.StringBuilder.<init> (0x00007a503ac61e88) [0x00007a503ac61f80, 0x00007a503ac62128] Compiler: jvmci, Barriers: 3, Oops: 0, ImmediateOops: 0, NonImmediateOops: No
[1,516s][debug][gc,nmethod  ] Register NMethod: sun.reflect.generics.visitor.Reifier.visitClassTypeSignature (0x00007a501b7de708) [0x00007a501b7de800, 0x00007a501b7e2058] Compiler: c1, Barriers: 17, Oops: 0, ImmediateOops: 6, NonImmediateOops: No
[1,517s][debug][gc,nmethod  ] Register NMethod: jdk.internal.constant.MethodTypeDescImpl.parameterCount (0x00007a503ac62188) [0x00007a503ac62280, 0x00007a503ac62360] Compiler: jvmci, Barriers: 1, Oops: 0, ImmediateOops: 0, NonImmediateOops: No
[1,517s][debug][gc,nmethod  ] Register NMethod: sun.reflect.generics.scope.ClassScope.<init> (0x00007a501b7e2088) [0x00007a501b7e2180, 0x00007a501b7e23b0] Compiler: c1, Barriers: 3, Oops: 0, ImmediateOops: 0, NonImmediateOops: No
[1,517s][debug][gc,nmethod  ] Register NMethod: sun.reflect.generics.scope.ClassScope.make (0x00007a501b7e2408) [0x00007a501b7e2500, 0x00007a501b7e27c8] Compiler: c1, Barriers: 3, Oops: 0, ImmediateOops: 0, NonImmediateOops: No
[1,517s][debug][gc,nmethod  ] Register NMethod: sun.reflect.generics.parser.SignatureParser.parseTypeSig (0x00007a501b7e2808) [0x00007a501b7e2900, 0x00007a501b7e2b20] Compiler: c1, Barriers: 3, Oops: 0, ImmediateOops: 0, NonImmediateOops: No
[1,517s][debug][gc,nmethod  ] Register NMethod: jdk.internal.loader.AbstractClassLoaderValue$Sub.hashCode (0x00007a501b7e2b88) [0x00007a501b7e2c80, 0x00007a501b7e3480] Compiler: c1, Barriers: 2, Oops: 0, ImmediateOops: 0, NonImmediateOops: No
[1,517s][debug][gc,nmethod  ] Register NMethod: java.util.jar.JarFile.checkForSpecialAttributes (0x00007a503ac62488) [0x00007a503ac62580, 0x00007a503ac62ed8] Compiler: jvmci, Barriers: 7, Oops: 2, ImmediateOops: 8, NonImmediateOops: No
[1,518s][debug][gc,nmethod  ] Register NMethod: java.lang.CharacterData.of (0x00007a503ac62f08) [0x00007a503ac63000, 0x00007a503ac630e8] Compiler: jvmci, Barriers: 0, Oops: 0, ImmediateOops: 2, NonImmediateOops: No
[1,518s][debug][gc,director ] Rule Major: Warmup 10%, Used: 80MB, UsedThreshold: 1228MB
[1,518s][debug][gc,nmethod  ] Register NMethod: jdk.internal.classfile.impl.AbstractPoolEntry$FieldRefEntryImpl.<init> (0x00007a501b7e3488) [0x00007a501b7e3580, 0x00007a501b7e36d0] Compiler: c1, Barriers: 0, Oops: 0, ImmediateOops: 0, NonImmediateOops: No
[1,518s][debug][gc,nmethod  ] Register NMethod: sun.reflect.annotation.AnnotationParser.parseSig (0x00007a501b7e3788) [0x00007a501b7e3880, 0x00007a501b7e6548] Compiler: c1, Barriers: 18, Oops: 0, ImmediateOops: 2, NonImmediateOops: No
[1,518s][debug][gc,nmethod  ] Register NMethod: java.util.LinkedHashMap$LinkedHashIterator.<init> (0x00007a501b7e6588) [0x00007a501b7e6680, 0x00007a501b7e6b58] Compiler: c1, Barriers: 11, Oops: 0, ImmediateOops: 0, NonImmediateOops: No
[1,519s][debug][gc,nmethod  ] Register NMethod: jdk.internal.classfile.impl.DirectCodeBuilder.parameterSlot (0x00007a501b7e6b88) [0x00007a501b7e6c80, 0x00007a501b7e6e38] Compiler: c1, Barriers: 1, Oops: 0, ImmediateOops: 0, NonImmediateOops: No
[1,519s][debug][gc,nmethod  ] Register NMethod: jdk.internal.classfile.impl.DirectMethodBuilder.parameterSlot (0x00007a501b7e6e88) [0x00007a501b7e6f80, 0x00007a501b7e7d00] Compiler: c1, Barriers: 6, Oops: 0, ImmediateOops: 0, NonImmediateOops: No
[1,519s][debug][gc,nmethod  ] Register NMethod: java.util.jar.JarFile.isMultiRelease (0x00007a503ac63208) [0x00007a503ac63300, 0x00007a503ac63ca0] Compiler: jvmci, Barriers: 7, Oops: 2, ImmediateOops: 8, NonImmediateOops: No
[1,519s][debug][gc,nmethod  ] Register NMethod: org.junit.platform.commons.util.AnnotationUtils.isInJavaLangAnnotationPackage (0x00007a501b7e7d08) [0x00007a501b7e7e00, 0x00007a501b7e8648] Compiler: c1, Barriers: 1, Oops: 2, ImmediateOops: 1, NonImmediateOops: No
[1,519s][debug][gc,nmethod  ] Register NMethod: sun.invoke.util.VerifyAccess.getClassModifiers (0x00007a501b7e8688) [0x00007a501b7e8780, 0x00007a501b7e8f60] Compiler: c1, Barriers: 1, Oops: 0, ImmediateOops: 0, NonImmediateOops: No
[1,519s][debug][gc,nmethod  ] Register NMethod: java.lang.Class.isArray (0x00007a503ac63d08) [0x00007a503ac63e00, 0x00007a503ac63eb8] Compiler: jvmci, Barriers: 1, Oops: 0, ImmediateOops: 0, NonImmediateOops: No
[1,520s][debug][gc,nmethod  ] Register NMethod: java.util.Objects.hash (0x00007a501b7e8f88) [0x00007a501b7e9080, 0x00007a501b7e9240] Compiler: c1, Barriers: 0, Oops: 0, ImmediateOops: 0, NonImmediateOops: No
[1,520s][debug][gc,nmethod  ] Register NMethod: java.lang.Byte.hashCode (0x00007a501b7e9288) [0x00007a501b7e9380, 0x00007a501b7e9460] Compiler: c1, Barriers: 0, Oops: 0, ImmediateOops: 0, NonImmediateOops: No
[1,520s][debug][gc,nmethod  ] Register NMethod: java.lang.Byte.<init> (0x00007a501b7e9588) [0x00007a501b7e9680, 0x00007a501b7e9840] Compiler: c1, Barriers: 0, Oops: 0, ImmediateOops: 0, NonImmediateOops: No
[1,520s][debug][gc,nmethod  ] Register NMethod: java.lang.Byte.hashCode (0x00007a501b7e9888) [0x00007a501b7e9980, 0x00007a501b7e9ad8] Compiler: c1, Barriers: 0, Oops: 0, ImmediateOops: 0, NonImmediateOops: No
[1,520s][debug][gc,nmethod  ] Register NMethod: java.lang.invoke.MemberName.<init> (0x00007a501b7e9b88) [0x00007a501b7e9c80, 0x00007a501b7ebb88] Compiler: c1, Barriers: 0, Oops: 4, ImmediateOops: 6, NonImmediateOops: No
[1,520s][debug][gc,nmethod  ] Register NMethod: java.lang.invoke.MemberName.hashCode (0x00007a501b7ebc08) [0x00007a501b7ebd00, 0x00007a501b7ed720] Compiler: c1, Barriers: 14, Oops: 0, ImmediateOops: 0, NonImmediateOops: No
[1,522s][debug][gc,nmethod  ] Register NMethod: java.nio.ByteBuffer.position (0x00007a501b7ed788) [0x00007a501b7ed880, 0x00007a501b7ed9c8] Compiler: c1, Barriers: 0, Oops: 0, ImmediateOops: 0, NonImmediateOops: No
[1,522s][debug][gc,nmethod  ] Register NMethod: jdk.internal.classfile.impl.StackMapGenerator.processFieldInstructions (0x00007a501b7eda88) [0x00007a501b7edb80, 0x00007a501b7f1738] Compiler: c1, Barriers: 10, Oops: 2, ImmediateOops: 13, NonImmediateOops: No
[1,522s][debug][gc,nmethod  ] Register NMethod: java.util.Optional.isPresent (0x00007a501b7f1788) [0x00007a501b7f1880, 0x00007a501b7f1a00] Compiler: c1, Barriers: 1, Oops: 0, ImmediateOops: 0, NonImmediateOops: No
[1,523s][debug][gc,nmethod  ] Register NMethod: java.lang.CharacterDataLatin1.isWhitespace (0x00007a503ac64008) [0x00007a503ac64100, 0x00007a503ac641f8] Compiler: jvmci, Barriers: 0, Oops: 0, ImmediateOops: 1, NonImmediateOops: No
[1,523s][debug][gc,nmethod  ] Register NMethod: jdk.internal.classfile.impl.BufWriterImpl.<init> (0x00007a501b7f1a88) [0x00007a501b7f1b80, 0x00007a501b7f1cc8] Compiler: c1, Barriers: 0, Oops: 0, ImmediateOops: 0, NonImmediateOops: No
[1,523s][debug][gc,nmethod  ] Register NMethod: java.lang.invoke.MethodHandle.linkToInterface (0x00007a503ac64308) [0x00007a503ac64400, 0x00007a503ac64530] Compiler: , Barriers: 0, Oops: 0, ImmediateOops: 0, NonImmediateOops: No
[1,523s][debug][gc,nmethod  ] Register NMethod: java.lang.AbstractStringBuilder.ensureCapacitySameCoder (0x00007a501b7f1d88) [0x00007a501b7f1e80, 0x00007a501b7f2028] Compiler: c1, Barriers: 0, Oops: 0, ImmediateOops: 0, NonImmediateOops: No
[1,524s][debug][gc,nmethod  ] Register NMethod: jdk.internal.classfile.impl.DirectClassBuilder.withField (0x00007a501b7f2088) [0x00007a501b7f2180, 0x00007a501b7f25a0] Compiler: c1, Barriers: 2, Oops: 0, ImmediateOops: 0, NonImmediateOops: No
[1,524s][debug][gc,nmethod  ] Register NMethod: jdk.internal.classfile.impl.DirectClassBuilder.withField (0x00007a501b7f2608) [0x00007a501b7f2700, 0x00007a501b7f30b8] Compiler: c1, Barriers: 9, Oops: 0, ImmediateOops: 0, NonImmediateOops: No
[1,524s][debug][gc,nmethod  ] Register NMethod: jdk.internal.classfile.impl.DirectFieldBuilder.<init> (0x00007a501b7f3108) [0x00007a501b7f3200, 0x00007a501b7f40c8] Compiler: c1, Barriers: 21, Oops: 0, ImmediateOops: 1, NonImmediateOops: No
[1,524s][debug][gc,nmethod  ] Register NMethod: java.lang.invoke.InnerClassLambdaMetafactory.argName (0x00007a501b7f4108) [0x00007a501b7f4200, 0x00007a501b7f4e90] Compiler: c1, Barriers: 1, Oops: 1, ImmediateOops: 3, NonImmediateOops: No
[1,525s][debug][gc,nmethod  ] Register NMethod: jdk.internal.classfile.impl.DirectFieldBuilder.writeTo (0x00007a501b7f4f08) [0x00007a501b7f5000, 0x00007a501b7f9610] Compiler: c1, Barriers: 5, Oops: 1, ImmediateOops: 6, NonImmediateOops: No
[1,525s][debug][gc,nmethod  ] Register NMethod: jdk.internal.classfile.impl.AbstractPoolEntry$Utf8EntryImpl.equalsString (0x00007a501b7f9688) [0x00007a501b7f9780, 0x00007a501b7fc450] Compiler: c1, Barriers: 23, Oops: 1, ImmediateOops: 8, NonImmediateOops: No
[1,526s][debug][gc,nmethod  ] Register NMethod: java.util.stream.ReferencePipeline.<init> (0x00007a501b7fc488) [0x00007a501b7fc580, 0x00007a501b7fc6b0] Compiler: c1, Barriers: 0, Oops: 0, ImmediateOops: 0, NonImmediateOops: No
[1,527s][debug][gc,nmethod  ] Register NMethod: jdk.internal.classfile.impl.BytecodeHelpers.returnBytecode (0x00007a501b7fc788) [0x00007a501b7fc880, 0x00007a501b7fcbe0] Compiler: c1, Barriers: 0, Oops: 0, ImmediateOops: 0, NonImmediateOops: No
[1,527s][debug][gc,nmethod  ] Register NMethod: java.util.stream.AbstractPipeline.<init> (0x00007a501b7fcc08) [0x00007a501b7fcd00, 0x00007a501b7fd290] Compiler: c1, Barriers: 10, Oops: 0, ImmediateOops: 1, NonImmediateOops: No
[1,527s][debug][gc,nmethod  ] Register NMethod: jdk.internal.classfile.impl.DirectCodeBuilder.return_ (0x00007a501b7fd308) [0x00007a501b7fd400, 0x00007a501b7fda18] Compiler: c1, Barriers: 1, Oops: 0, ImmediateOops: 0, NonImmediateOops: No
[1,527s][debug][gc,nmethod  ] Register NMethod: java.lang.invoke.MemberName.getModifiers (0x00007a503ac64608) [0x00007a503ac64700, 0x00007a503ac64788] Compiler: jvmci, Barriers: 0, Oops: 0, ImmediateOops: 0, NonImmediateOops: No
[1,527s][debug][gc,nmethod  ] Register NMethod: java.util.stream.Sink$ChainedReference.<init> (0x00007a501b7fda88) [0x00007a501b7fdb80, 0x00007a501b7fe0b8] Compiler: c1, Barriers: 3, Oops: 0, ImmediateOops: 0, NonImmediateOops: No
[1,528s][debug][gc,director ] Rule Major: Warmup 10%, Used: 80MB, UsedThreshold: 1228MB
[1,529s][debug][gc,nmethod  ] Register NMethod: jdk.internal.misc.Unsafe.allocateUninitializedArray0 (0x00007a503ac64908) [0x00007a503ac64a00, 0x00007a503ac64c20] Compiler: jvmci, Barriers: 0, Oops: 0, ImmediateOops: 1, NonImmediateOops: No
[1,529s][debug][gc,nmethod  ] Register NMethod: jdk.internal.loader.AbstractClassLoaderValue.<init> (0x00007a501b7fe108) [0x00007a501b7fe200, 0x00007a501b7fe358] Compiler: c1, Barriers: 0, Oops: 0, ImmediateOops: 0, NonImmediateOops: No
[1,530s][debug][gc,nmethod  ] Register NMethod: java.lang.reflect.Method.getAnnotation (0x00007a501b7fe408) [0x00007a501b7fe500, 0x00007a501b7ff1a0] Compiler: c1, Barriers: 0, Oops: 0, ImmediateOops: 0, NonImmediateOops: No
[1,530s][debug][gc,nmethod  ] Register NMethod: java.lang.AbstractStringBuilder.<init> (0x00007a501b7ff208) [0x00007a501b7ff300, 0x00007a501b800160] Compiler: c1, Barriers: 4, Oops: 0, ImmediateOops: 0, NonImmediateOops: No
[1,530s][debug][gc,nmethod  ] Register NMethod: java.lang.reflect.Executable.getAnnotation (0x00007a501b800188) [0x00007a501b800280, 0x00007a501b800eb8] Compiler: c1, Barriers: 0, Oops: 0, ImmediateOops: 0, NonImmediateOops: No
[1,531s][debug][gc,nmethod  ] Register NMethod: jdk.internal.misc.VM.isSystemDomainLoader (0x00007a501b800f08) [0x00007a501b801000, 0x00007a501b801270] Compiler: c1, Barriers: 0, Oops: 0, ImmediateOops: 1, NonImmediateOops: No
[1,531s][debug][gc,nmethod  ] Register NMethod: java.lang.invoke.BoundMethodHandle$Species_L.<init> (0x00007a501b801288) [0x00007a501b801380, 0x00007a501b8015c0] Compiler: c1, Barriers: 3, Oops: 0, ImmediateOops: 0, NonImmediateOops: No
[1,531s][debug][gc,nmethod  ] Register NMethod: jdk.internal.misc.Unsafe.allocateUninitializedArray (0x00007a503ac64c88) [0x00007a503ac64d80, 0x00007a503ac64fe8] Compiler: jvmci, Barriers: 0, Oops: 0, ImmediateOops: 1, NonImmediateOops: No
[1,531s][debug][gc,nmethod  ] Register NMethod: jdk.internal.classfile.impl.SplitConstantPool.utf8Entry (0x00007a503ac65008) [0x00007a503ac65120, 0x00007a503ac66578] Compiler: jvmci, Barriers: 31, Oops: 0, ImmediateOops: 2, NonImmediateOops: No
[1,531s][debug][gc,nmethod  ] Register NMethod: jdk.internal.classfile.impl.AbstractPoolEntry$Utf8EntryImpl.<init> (0x00007a503ac66588) [0x00007a503ac66680, 0x00007a503ac66960] Compiler: jvmci, Barriers: 12, Oops: 0, ImmediateOops: 1, NonImmediateOops: No
[1,533s][debug][gc,nmethod  ] Register NMethod: java.util.stream.ReferencePipeline.<init> (0x00007a501b801608) [0x00007a501b801700, 0x00007a501b801830] Compiler: c1, Barriers: 0, Oops: 0, ImmediateOops: 0, NonImmediateOops: No
[1,533s][debug][gc,nmethod  ] Register NMethod: java.util.stream.ReferencePipeline$Head.<init> (0x00007a501b801908) [0x00007a501b801a00, 0x00007a501b801b90] Compiler: c1, Barriers: 0, Oops: 0, ImmediateOops: 0, NonImmediateOops: No
[1,533s][debug][gc,nmethod  ] Register NMethod: java.util.stream.StreamSupport.stream (0x00007a501b801c08) [0x00007a501b801d00, 0x00007a501b8020f0] Compiler: c1, Barriers: 0, Oops: 0, ImmediateOops: 0, NonImmediateOops: No
[1,533s][debug][gc,nmethod  ] Register NMethod: java.util.stream.StreamOpFlag.fromCharacteristics (0x00007a501b802108) [0x00007a501b802200, 0x00007a501b802788] Compiler: c1, Barriers: 0, Oops: 0, ImmediateOops: 0, NonImmediateOops: No
[1,533s][debug][gc,nmethod  ] Register NMethod: java.util.stream.AbstractPipeline.<init> (0x00007a501b802808) [0x00007a501b802900, 0x00007a501b802c48] Compiler: c1, Barriers: 9, Oops: 0, ImmediateOops: 0, NonImmediateOops: No
[1,533s][debug][gc,nmethod  ] Register NMethod: java.util.HashMap.afterNodeAccess (0x00007a501b802c88) [0x00007a501b802d80, 0x00007a501b802e80] Compiler: c1, Barriers: 0, Oops: 0, ImmediateOops: 0, NonImmediateOops: No
[1,533s][debug][gc,nmethod  ] Register NMethod: jdk.internal.loader.AbstractClassLoaderValue$Sub.<init> (0x00007a501b802f88) [0x00007a501b803080, 0x00007a501b803480] Compiler: c1, Barriers: 6, Oops: 0, ImmediateOops: 0, NonImmediateOops: No
[1,533s][debug][gc,nmethod  ] Register NMethod: java.util.LinkedHashMap.entrySet (0x00007a501b803488) [0x00007a501b803580, 0x00007a501b803878] Compiler: c1, Barriers: 0, Oops: 0, ImmediateOops: 0, NonImmediateOops: No
[1,533s][debug][gc,nmethod  ] Register NMethod: jdk.internal.loader.AbstractClassLoaderValue.sub (0x00007a501b803888) [0x00007a501b803980, 0x00007a501b803d48] Compiler: c1, Barriers: 6, Oops: 0, ImmediateOops: 0, NonImmediateOops: No
[1,533s][debug][gc,nmethod  ] Register NMethod: java.util.LinkedHashMap$LinkedEntryIterator.<init> (0x00007a501b803d88) [0x00007a501b803e80, 0x00007a501b804108] Compiler: c1, Barriers: 0, Oops: 0, ImmediateOops: 0, NonImmediateOops: No
[1,533s][debug][gc,nmethod  ] Register NMethod: jdk.internal.util.ArraysSupport.hashCode (0x00007a501b804188) [0x00007a501b804280, 0x00007a501b804498] Compiler: c1, Barriers: 0, Oops: 0, ImmediateOops: 0, NonImmediateOops: No
[1,533s][debug][gc,nmethod  ] Register NMethod: java.lang.Enum.hashCode (0x00007a501b804508) [0x00007a501b804600, 0x00007a501b804778] Compiler: c1, Barriers: 0, Oops: 0, ImmediateOops: 0, NonImmediateOops: No
[1,533s][debug][gc,nmethod  ] Register NMethod: java.util.LinkedHashMap$LinkedEntrySet.iterator (0x00007a501b804808) [0x00007a501b804900, 0x00007a501b804c90] Compiler: c1, Barriers: 1, Oops: 0, ImmediateOops: 0, NonImmediateOops: No
[1,533s][debug][gc,nmethod  ] Register NMethod: java.util.LinkedHashMap.sequencedEntrySet (0x00007a501b804d08) [0x00007a501b804e00, 0x00007a501b8054d8] Compiler: c1, Barriers: 7, Oops: 0, ImmediateOops: 0, NonImmediateOops: No
[1,533s][debug][gc,nmethod  ] Register NMethod: java.lang.Class.annotationData (0x00007a501b805508) [0x00007a501b805600, 0x00007a501b8058e8] Compiler: c1, Barriers: 1, Oops: 0, ImmediateOops: 0, NonImmediateOops: No
[1,533s][debug][gc,nmethod  ] Register NMethod: sun.reflect.annotation.AnnotationInvocationHandler.hashCodeImpl (0x00007a501b805908) [0x00007a501b805a00, 0x00007a501b806e80] Compiler: c1, Barriers: 1, Oops: 0, ImmediateOops: 0, NonImmediateOops: No
[1,533s][debug][gc,nmethod  ] Register NMethod: java.util.LinkedHashMap.values (0x00007a501b806e88) [0x00007a501b806f80, 0x00007a501b807278] Compiler: c1, Barriers: 0, Oops: 0, ImmediateOops: 0, NonImmediateOops: No
[1,533s][debug][gc,nmethod  ] Register NMethod: java.util.LinkedHashMap.sequencedValues (0x00007a501b807288) [0x00007a501b807380, 0x00007a501b8079f0] Compiler: c1, Barriers: 7, Oops: 0, ImmediateOops: 0, NonImmediateOops: No
[1,533s][debug][gc,nmethod  ] Register NMethod: jdk.internal.util.ArraysSupport.hashCode (0x00007a501b807a08) [0x00007a501b807b00, 0x00007a501b807cb0] Compiler: c1, Barriers: 0, Oops: 0, ImmediateOops: 0, NonImmediateOops: No
[1,533s][debug][gc,nmethod  ] Register NMethod: java.util.AbstractCollection.<init> (0x00007a503ac66988) [0x00007a503ac66a80, 0x00007a503ac66b00] Compiler: jvmci, Barriers: 0, Oops: 0, ImmediateOops: 0, NonImmediateOops: No
[1,533s][debug][gc,nmethod  ] Register NMethod: java.lang.Boolean.booleanValue (0x00007a503ac66c88) [0x00007a503ac66d80, 0x00007a503ac66e40] Compiler: c1, Barriers: 0, Oops: 0, ImmediateOops: 0, NonImmediateOops: No
[1,534s][debug][gc,nmethod  ] Register NMethod: java.util.stream.ReferencePipeline$StatelessOp.<init> (0x00007a501b807d08) [0x00007a501b807e00, 0x00007a501b807fb8] Compiler: c1, Barriers: 0, Oops: 0, ImmediateOops: 0, NonImmediateOops: No
[1,534s][debug][gc,nmethod  ] Register NMethod: org.junit.platform.commons.util.ReflectionUtils$$Lambda/0x000000005d176e28.compare (0x00007a501b808008) [0x00007a501b808100, 0x00007a501b808640] Compiler: c1, Barriers: 0, Oops: 1, ImmediateOops: 0, NonImmediateOops: No
[1,534s][debug][gc,nmethod  ] Register NMethod: java.util.ArrayList$ArrayListSpliterator.characteristics (0x00007a503ac66f88) [0x00007a503ac67080, 0x00007a503ac67140] Compiler: c1, Barriers: 0, Oops: 0, ImmediateOops: 0, NonImmediateOops: No
[1,534s][debug][gc,nmethod  ] Register NMethod: java.lang.classfile.constantpool.ConstantPoolBuilder.of (0x00007a501b808688) [0x00007a501b808780, 0x00007a501b808900] Compiler: c1, Barriers: 0, Oops: 0, ImmediateOops: 0, NonImmediateOops: No
[1,534s][debug][gc,nmethod  ] Register NMethod: java.util.Spliterator.getExactSizeIfKnown (0x00007a501b808988) [0x00007a501b808a80, 0x00007a501b808fd0] Compiler: c1, Barriers: 0, Oops: 0, ImmediateOops: 0, NonImmediateOops: No
[1,534s][debug][gc,nmethod  ] Register NMethod: jdk.internal.classfile.impl.SplitConstantPool.<init> (0x00007a501b809008) [0x00007a501b809100, 0x00007a501b809508] Compiler: c1, Barriers: 9, Oops: 0, ImmediateOops: 0, NonImmediateOops: No
[1,534s][debug][gc,nmethod  ] Register NMethod: jdk.internal.classfile.impl.EntryMap.nextPowerOfTwo (0x00007a501b809588) [0x00007a501b809680, 0x00007a501b809880] Compiler: c1, Barriers: 0, Oops: 0, ImmediateOops: 0, NonImmediateOops: No
[1,534s][debug][gc,nmethod  ] Register NMethod: org.junit.platform.commons.util.ReflectionUtils.defaultMethodSorter (0x00007a501b809888) [0x00007a501b809980, 0x00007a501b80ab98] Compiler: c1, Barriers: 2, Oops: 1, ImmediateOops: 0, NonImmediateOops: No
[1,534s][debug][gc,nmethod  ] Register NMethod: jdk.internal.classfile.impl.EntryMap.arraySize (0x00007a501b80ac08) [0x00007a501b80ad00, 0x00007a501b80c2a0] Compiler: c1, Barriers: 0, Oops: 3, ImmediateOops: 4, NonImmediateOops: No
[1,534s][debug][gc,nmethod  ] Register NMethod: java.util.stream.AbstractPipeline.wrapSink (0x00007a501b80c308) [0x00007a501b80c400, 0x00007a501b80c978] Compiler: c1, Barriers: 2, Oops: 0, ImmediateOops: 0, NonImmediateOops: No
[1,534s][debug][gc,nmethod  ] Register NMethod: java.util.stream.Sink.end (0x00007a501b80c988) [0x00007a501b80ca80, 0x00007a501b80cb80] Compiler: c1, Barriers: 0, Oops: 0, ImmediateOops: 0, NonImmediateOops: No
[1,534s][debug][gc,nmethod  ] Register NMethod: java.util.stream.AbstractPipeline.wrapAndCopyInto (0x00007a501b80cc88) [0x00007a501b80cd80, 0x00007a501b80d5f0] Compiler: c1, Barriers: 0, Oops: 0, ImmediateOops: 0, NonImmediateOops: No
[1,534s][debug][gc,nmethod  ] Register NMethod: java.util.stream.Sink$ChainedReference.end (0x00007a501b80d608) [0x00007a501b80d700, 0x00007a501b80da40] Compiler: c1, Barriers: 1, Oops: 0, ImmediateOops: 0, NonImmediateOops: No
[1,534s][debug][gc,nmethod  ] Register NMethod: java.util.stream.AbstractPipeline.copyInto (0x00007a501b80da88) [0x00007a501b80db80, 0x00007a501b80eca0] Compiler: c1, Barriers: 0, Oops: 1, ImmediateOops: 1, NonImmediateOops: No
[1,534s][debug][gc,nmethod  ] Register NMethod: java.lang.reflect.Modifier.isPrivate (0x00007a501b80ed08) [0x00007a501b80ee00, 0x00007a501b80ef30] Compiler: c1, Barriers: 0, Oops: 0, ImmediateOops: 0, NonImmediateOops: No
[1,534s][debug][gc,nmethod  ] Register NMethod: java.lang.StringLatin1.getBytes (0x00007a503ac67288) [0x00007a503ac67380, 0x00007a503ac675f8] Compiler: jvmci, Barriers: 0, Oops: 0, ImmediateOops: 0, NonImmediateOops: No
[1,534s][debug][gc,nmethod  ] Register NMethod: java.util.stream.AbstractPipeline.sourceSpliterator (0x00007a501b80f008) [0x00007a501b80f100, 0x00007a501b810bc8] Compiler: c1, Barriers: 14, Oops: 1, ImmediateOops: 2, NonImmediateOops: No
[1,534s][debug][gc,nmethod  ] Register NMethod: java.util.stream.Collectors$CollectorImpl.accumulator (0x00007a503ac67608) [0x00007a503ac67700, 0x00007a503ac677e8] Compiler: c1, Barriers: 1, Oops: 0, ImmediateOops: 0, NonImmediateOops: No
[1,534s][debug][gc,nmethod  ] Register NMethod: java.util.stream.Collectors$CollectorImpl.supplier (0x00007a503ac67908) [0x00007a503ac67a00, 0x00007a503ac67ae8] Compiler: c1, Barriers: 1, Oops: 0, ImmediateOops: 0, NonImmediateOops: No
[1,535s][debug][gc,nmethod  ] Register NMethod: java.util.stream.Collectors$CollectorImpl.combiner (0x00007a503ac67c08) [0x00007a503ac67d00, 0x00007a503ac67de8] Compiler: c1, Barriers: 1, Oops: 0, ImmediateOops: 0, NonImmediateOops: No
[1,535s][debug][gc,nmethod  ] Register NMethod: jdk.internal.loader.AbstractClassLoaderValue$Sub.equals (0x00007a501b810c08) [0x00007a501b810d00, 0x00007a501b811cc0] Compiler: c1, Barriers: 4, Oops: 0, ImmediateOops: 0, NonImmediateOops: No
[1,535s][debug][gc,nmethod  ] Register NMethod: java.util.stream.AbstractPipeline.evaluate (0x00007a501b811d08) [0x00007a501b811e00, 0x00007a501b812ef0] Compiler: c1, Barriers: 1, Oops: 0, ImmediateOops: 1, NonImmediateOops: No
[1,535s][debug][gc,nmethod  ] Register NMethod: java.util.stream.ReduceOps$Box.get (0x00007a503ac67f08) [0x00007a503ac68000, 0x00007a503ac680e8] Compiler: c1, Barriers: 1, Oops: 0, ImmediateOops: 0, NonImmediateOops: No
[1,535s][debug][gc,nmethod  ] Register NMethod: sun.reflect.annotation.AnnotationParser.toArray (0x00007a501b812f08) [0x00007a501b813000, 0x00007a501b813710] Compiler: c1, Barriers: 0, Oops: 0, ImmediateOops: 1, NonImmediateOops: No
[1,535s][debug][gc,nmethod  ] Register NMethod: java.util.LinkedHashMap.valuesToArray (0x00007a501b813788) [0x00007a501b813880, 0x00007a501b8141e8] Compiler: c1, Barriers: 12, Oops: 0, ImmediateOops: 0, NonImmediateOops: No
[1,535s][debug][gc,nmethod  ] Register NMethod: java.util.LinkedHashMap$LinkedValues.toArray (0x00007a501b814208) [0x00007a501b814300, 0x00007a501b814838] Compiler: c1, Barriers: 1, Oops: 0, ImmediateOops: 0, NonImmediateOops: No
[1,535s][debug][gc,nmethod  ] Register NMethod: java.lang.ClassLoader.createOrGetClassLoaderValueMap (0x00007a501b814888) [0x00007a501b814980, 0x00007a501b814d30] Compiler: c1, Barriers: 2, Oops: 0, ImmediateOops: 1, NonImmediateOops: No
[1,535s][debug][gc,nmethod  ] Register NMethod: jdk.proxy3.$Proxy6.annotationType (0x00007a501b814d88) [0x00007a501b814e80, 0x00007a501b8154e8] Compiler: c1, Barriers: 1, Oops: 1, ImmediateOops: 1, NonImmediateOops: No
[1,535s][debug][gc,nmethod  ] Register NMethod: jdk.proxy2.$Proxy1.annotationType (0x00007a501b815508) [0x00007a501b815600, 0x00007a501b815c68] Compiler: c1, Barriers: 1, Oops: 0, ImmediateOops: 1, NonImmediateOops: No
[1,535s][debug][gc,nmethod  ] Register NMethod: java.util.HashMap.prepareArray (0x00007a501b815c88) [0x00007a501b815d80, 0x00007a501b816878] Compiler: c1, Barriers: 5, Oops: 0, ImmediateOops: 0, NonImmediateOops: No
[1,535s][debug][gc,nmethod  ] Register NMethod: java.util.ArrayList$ArrayListSpliterator.getFence (0x00007a501b816888) [0x00007a501b816980, 0x00007a501b816af0] Compiler: c1, Barriers: 1, Oops: 0, ImmediateOops: 0, NonImmediateOops: No
[1,535s][debug][gc,nmethod  ] Register NMethod: jdk.proxy3.$Proxy6.hashCode (0x00007a501b816b88) [0x00007a501b816c80, 0x00007a501b8174c8] Compiler: c1, Barriers: 1, Oops: 1, ImmediateOops: 1, NonImmediateOops: No
[1,536s][debug][gc,nmethod  ] Register NMethod: jdk.proxy2.$Proxy16.annotationType (0x00007a501b817508) [0x00007a501b817600, 0x00007a501b817c68] Compiler: c1, Barriers: 1, Oops: 0, ImmediateOops: 1, NonImmediateOops: No
[1,536s][debug][gc,nmethod  ] Register NMethod: org.junit.platform.commons.util.AnnotationUtils.findMetaAnnotation (0x00007a501b817c88) [0x00007a501b817d80, 0x00007a501b818f78] Compiler: c1, Barriers: 3, Oops: 2, ImmediateOops: 2, NonImmediateOops: No
[1,536s][debug][gc,nmethod  ] Register NMethod: jdk.proxy3.$Proxy21.annotationType (0x00007a501b819008) [0x00007a501b819100, 0x00007a501b819768] Compiler: c1, Barriers: 1, Oops: 1, ImmediateOops: 1, NonImmediateOops: No
[1,536s][debug][gc,nmethod  ] Register NMethod: jdk.proxy3.$Proxy21.hashCode (0x00007a501b819788) [0x00007a501b819880, 0x00007a501b81a0c8] Compiler: c1, Barriers: 1, Oops: 1, ImmediateOops: 1, NonImmediateOops: No
[1,536s][debug][gc,nmethod  ] Register NMethod: java.util.Collections$UnmodifiableCollection.contains (0x00007a501b81a108) [0x00007a501b81a200, 0x00007a501b81a548] Compiler: c1, Barriers: 1, Oops: 0, ImmediateOops: 0, NonImmediateOops: No
[1,536s][debug][gc,nmethod  ] Register NMethod: java.util.Collections$EmptyMap.get (0x00007a503ac68208) [0x00007a503ac68300, 0x00007a503ac683c8] Compiler: c1, Barriers: 0, Oops: 0, ImmediateOops: 0, NonImmediateOops: No
[1,536s][debug][gc,nmethod  ] Register NMethod: java.util.RegularEnumSet.contains (0x00007a501b81a588) [0x00007a501b81a680, 0x00007a501b81b120] Compiler: c1, Barriers: 3, Oops: 0, ImmediateOops: 0, NonImmediateOops: No
[1,536s][debug][gc,nmethod  ] Register NMethod: jdk.internal.loader.AbstractClassLoaderValue.get (0x00007a501b81b188) [0x00007a501b81b280, 0x00007a501b81be40] Compiler: c1, Barriers: 0, Oops: 0, ImmediateOops: 2, NonImmediateOops: No
[1,536s][debug][gc,nmethod  ] Register NMethod: java.util.stream.MatchOps$BooleanTerminalSink.cancellationRequested (0x00007a503ac68508) [0x00007a503ac68600, 0x00007a503ac686c0] Compiler: c1, Barriers: 0, Oops: 0, ImmediateOops: 0, NonImmediateOops: No
[1,536s][debug][gc,nmethod  ] Register NMethod: java.util.ArrayList$ArrayListSpliterator.tryAdvance (0x00007a501b81be88) [0x00007a501b81bf80, 0x00007a501b81c668] Compiler: c1, Barriers: 5, Oops: 0, ImmediateOops: 0, NonImmediateOops: No
[1,536s][debug][gc,nmethod  ] Register NMethod: java.util.LinkedHashMap$LinkedHashIterator.hasNext (0x00007a503ac68808) [0x00007a503ac68900, 0x00007a503ac689b8] Compiler: jvmci, Barriers: 1, Oops: 0, ImmediateOops: 0, NonImmediateOops: No
[1,536s][debug][gc,nmethod  ] Register NMethod: java.lang.reflect.Proxy.isProxyClass (0x00007a501b81c688) [0x00007a501b81c780, 0x00007a501b81e210] Compiler: c1, Barriers: 7, Oops: 2, ImmediateOops: 8, NonImmediateOops: No
[1,537s][debug][gc,nmethod  ] Register NMethod: jdk.internal.classfile.impl.StackMapDecoder$ObjectVerificationTypeInfoImpl.<init> (0x00007a501b81e288) [0x00007a501b81e380, 0x00007a501b81e700] Compiler: c1, Barriers: 3, Oops: 0, ImmediateOops: 0, NonImmediateOops: No
[1,537s][debug][gc,nmethod  ] Register NMethod: sun.invoke.util.Wrapper.basicClassDescriptor (0x00007a503ac68b08) [0x00007a503ac68c00, 0x00007a503ac68ce8] Compiler: c1, Barriers: 1, Oops: 0, ImmediateOops: 0, NonImmediateOops: No
[1,537s][debug][gc,nmethod  ] Register NMethod: jdk.internal.classfile.impl.DirectClassBuilder.withFlags (0x00007a501b81e708) [0x00007a501b81e800, 0x00007a501b81ead8] Compiler: c1, Barriers: 0, Oops: 0, ImmediateOops: 0, NonImmediateOops: No
[1,537s][debug][gc,nmethod  ] Register NMethod: sun.reflect.annotation.AnnotationParser.parseAnnotation2 (0x00007a501b81eb08) [0x00007a501b81ec00, 0x00007a501b821378] Compiler: c1, Barriers: 5, Oops: 1, ImmediateOops: 2, NonImmediateOops: No
[1,537s][debug][gc,nmethod  ] Register NMethod: jdk.internal.classfile.impl.ClassFileImpl.build (0x00007a501b821388) [0x00007a501b821480, 0x00007a501b822720] Compiler: c1, Barriers: 0, Oops: 0, ImmediateOops: 0, NonImmediateOops: No
[1,537s][debug][gc,nmethod  ] Register NMethod: jdk.internal.classfile.impl.DirectClassBuilder.<init> (0x00007a501b822788) [0x00007a501b822880, 0x00007a501b823c20] Compiler: c1, Barriers: 28, Oops: 0, ImmediateOops: 5, NonImmediateOops: No
[1,537s][debug][gc,nmethod  ] Register NMethod: jdk.internal.classfile.impl.BufWriterImpl.join (0x00007a501b823c88) [0x00007a501b823d80, 0x00007a501b824878] Compiler: c1, Barriers: 0, Oops: 0, ImmediateOops: 0, NonImmediateOops: No
[1,537s][debug][gc,nmethod  ] Register NMethod: jdk.internal.classfile.impl.SplitConstantPool.writeBootstrapMethods (0x00007a501b824888) [0x00007a501b824980, 0x00007a501b825d70] Compiler: c1, Barriers: 2, Oops: 0, ImmediateOops: 0, NonImmediateOops: No
[1,537s][debug][gc,nmethod  ] Register NMethod: java.lang.reflect.Constructor.getModifiers (0x00007a503ac68e08) [0x00007a503ac68f00, 0x00007a503ac68fc0] Compiler: c1, Barriers: 0, Oops: 0, ImmediateOops: 0, NonImmediateOops: No
[1,538s][debug][gc,director ] Rule Major: Warmup 10%, Used: 82MB, UsedThreshold: 1228MB
[1,538s][debug][gc,nmethod  ] Register NMethod: jdk.internal.classfile.impl.StackCounter.processLdc (0x00007a501b825d88) [0x00007a501b825e80, 0x00007a501b8299e0] Compiler: c1, Barriers: 18, Oops: 1, ImmediateOops: 4, NonImmediateOops: No
[1,538s][debug][gc,nmethod  ] Register NMethod: java.util.Collections.singletonIterator (0x00007a501b829a08) [0x00007a501b829b00, 0x00007a501b829d68] Compiler: c1, Barriers: 3, Oops: 0, ImmediateOops: 0, NonImmediateOops: No
[1,538s][debug][gc,nmethod  ] Register NMethod: java.util.Collections$1.<init> (0x00007a501b829d88) [0x00007a501b829e80, 0x00007a501b82a058] Compiler: c1, Barriers: 3, Oops: 0, ImmediateOops: 0, NonImmediateOops: No
[1,538s][debug][gc,nmethod  ] Register NMethod: java.util.Collections$SingletonList.iterator (0x00007a501b82a088) [0x00007a501b82a180, 0x00007a501b82a498] Compiler: c1, Barriers: 4, Oops: 0, ImmediateOops: 0, NonImmediateOops: No
[1,539s][debug][gc,nmethod  ] Register NMethod: java.util.Collections$1.next (0x00007a501b82a508) [0x00007a501b82a600, 0x00007a501b82a840] Compiler: c1, Barriers: 1, Oops: 0, ImmediateOops: 0, NonImmediateOops: No
[1,539s][debug][gc,nmethod  ] Register NMethod: jdk.internal.classfile.impl.MethodInfo.receiverSlot (0x00007a501b82a888) [0x00007a501b82a980, 0x00007a501b82abe8] Compiler: c1, Barriers: 0, Oops: 0, ImmediateOops: 1, NonImmediateOops: No
[1,539s][debug][gc,nmethod  ] Register NMethod: jdk.internal.classfile.impl.DirectCodeBuilder.receiverSlot (0x00007a501b82ac08) [0x00007a501b82ad00, 0x00007a501b82b1e8] Compiler: c1, Barriers: 1, Oops: 0, ImmediateOops: 1, NonImmediateOops: No
[1,539s][debug][gc,nmethod  ] Register NMethod: jdk.internal.classfile.impl.DirectClassBuilder.build (0x00007a501b82b208) [0x00007a501b82b300, 0x00007a501b8335c0] Compiler: c1, Barriers: 26, Oops: 2, ImmediateOops: 6, NonImmediateOops: No
[1,539s][debug][gc,nmethod  ] Register NMethod: java.util.BitSet.checkInvariants (0x00007a503ac69108) [0x00007a503ac69200, 0x00007a503ac69280] Compiler: jvmci, Barriers: 0, Oops: 0, ImmediateOops: 0, NonImmediateOops: No
[1,540s][debug][gc,nmethod  ] Register NMethod: java.util.HashMap.afterNodeAccess (0x00007a503ac69408) [0x00007a503ac69500, 0x00007a503ac69580] Compiler: jvmci, Barriers: 0, Oops: 0, ImmediateOops: 0, NonImmediateOops: No
[1,540s][debug][gc,nmethod  ] Register NMethod: jdk.internal.classfile.impl.TemporaryConstantPool.utf8Entry (0x00007a501b833608) [0x00007a501b833700, 0x00007a501b8338b0] Compiler: c1, Barriers: 0, Oops: 0, ImmediateOops: 0, NonImmediateOops: No
[1,540s][debug][gc,nmethod  ] Register NMethod: jdk.internal.classfile.impl.AbstractPoolEntry$Utf8EntryImpl.<init> (0x00007a501b833908) [0x00007a501b833a00, 0x00007a501b833d58] Compiler: c1, Barriers: 0, Oops: 0, ImmediateOops: 0, NonImmediateOops: No
[1,541s][debug][gc,nmethod  ] Register NMethod: java.util.HashMap.<init> (0x00007a501b833d88) [0x00007a501b833ea0, 0x00007a501b833fd8] Compiler: c1, Barriers: 0, Oops: 0, ImmediateOops: 0, NonImmediateOops: No
[1,541s][debug][gc,nmethod  ] Register NMethod: java.lang.classfile.CodeBuilder.loadConstant (0x00007a501b834088) [0x00007a501b834180, 0x00007a501b837158] Compiler: c1, Barriers: 14, Oops: 0, ImmediateOops: 0, NonImmediateOops: No
[1,541s][debug][gc,nmethod  ] Register NMethod: java.lang.Class.isAnnotation (0x00007a501b837188) [0x00007a501b837280, 0x00007a501b8375a8] Compiler: c1, Barriers: 0, Oops: 0, ImmediateOops: 0, NonImmediateOops: No
[1,541s][debug][gc,nmethod  ] Register NMethod: java.lang.Class.getDeclaredAnnotations (0x00007a501b837608) [0x00007a501b837700, 0x00007a501b837ef8] Compiler: c1, Barriers: 1, Oops: 0, ImmediateOops: 1, NonImmediateOops: No
[1,541s][debug][gc,nmethod  ] Register NMethod: java.lang.Class.getAnnotations (0x00007a501b837f08) [0x00007a501b838000, 0x00007a501b8387f8] Compiler: c1, Barriers: 1, Oops: 0, ImmediateOops: 1, NonImmediateOops: No
[1,542s][debug][gc,nmethod  ] Register NMethod: org.junit.platform.commons.util.AnnotationUtils.findAnnotation (0x00007a501b838808) [0x00007a501b838900, 0x00007a501b83aab8] Compiler: c1, Barriers: 7, Oops: 2, ImmediateOops: 4, NonImmediateOops: No
[1,542s][debug][gc,nmethod  ] Register NMethod: jdk.proxy3.$Proxy20.annotationType (0x00007a501b83ab08) [0x00007a501b83ac00, 0x00007a501b83b268] Compiler: c1, Barriers: 1, Oops: 1, ImmediateOops: 1, NonImmediateOops: No
[1,542s][debug][gc,nmethod  ] Register NMethod: jdk.proxy3.$Proxy20.hashCode (0x00007a501b83b288) [0x00007a501b83b380, 0x00007a501b83bbc8] Compiler: c1, Barriers: 1, Oops: 1, ImmediateOops: 1, NonImmediateOops: No
[1,542s][debug][gc,nmethod  ] Register NMethod: java.lang.reflect.Method.getParameterTypes (0x00007a501b83bc08) [0x00007a501b83bd00, 0x00007a501b83c278] Compiler: c1, Barriers: 1, Oops: 0, ImmediateOops: 0, NonImmediateOops: No
[1,543s][debug][gc,nmethod  ] Register NMethod: java.util.LinkedHashMap$LinkedHashIterator.nextNode (0x00007a503ac69708) [0x00007a503ac69800, 0x00007a503ac69a90] Compiler: jvmci, Barriers: 9, Oops: 0, ImmediateOops: 0, NonImmediateOops: No
[1,543s][debug][gc,nmethod  ] Register NMethod: jdk.internal.util.ArraysSupport.vectorizedHashCode (0x00007a503ac69b08) [0x00007a503ac69d40, 0x00007a503ac6a408] Compiler: jvmci, Barriers: 0, Oops: 0, ImmediateOops: 0, NonImmediateOops: No
[1,544s][debug][gc,nmethod  ] Register NMethod: sun.reflect.generics.parser.SignatureParser.parseTypeSignature (0x00007a501b83c288) [0x00007a501b83c380, 0x00007a501b83c7a0] Compiler: c1, Barriers: 0, Oops: 0, ImmediateOops: 0, NonImmediateOops: No
[1,544s][debug][gc,nmethod  ] Register NMethod: java.lang.invoke.MemberName.asSpecial (0x00007a501b83c808) [0x00007a501b83c900, 0x00007a501b83e148] Compiler: c1, Barriers: 0, Oops: 0, ImmediateOops: 0, NonImmediateOops: No
[1,544s][debug][gc,nmethod  ] Register NMethod: java.util.TimSort.sort (0x00007a501b83e188) [0x00007a501b83e280, 0x00007a501b83e998] Compiler: c1, Barriers: 2, Oops: 0, ImmediateOops: 0, NonImmediateOops: No
[1,544s][debug][gc,nmethod  ] Register NMethod: java.lang.reflect.Constructor.newInstance (0x00007a501b83ea08) [0x00007a501b83eb00, 0x00007a501b83eee0] Compiler: c1, Barriers: 0, Oops: 0, ImmediateOops: 0, NonImmediateOops: No
[1,544s][debug][gc,nmethod  ] Register NMethod: java.lang.reflect.Constructor.newInstanceWithCaller (0x00007a501b83ef08) [0x00007a501b83f000, 0x00007a501b83f618] Compiler: c1, Barriers: 2, Oops: 0, ImmediateOops: 0, NonImmediateOops: No
[1,544s][debug][gc,nmethod  ] Register NMethod: java.lang.reflect.Modifier.isAbstract (0x00007a501b83f688) [0x00007a501b83f780, 0x00007a501b83f8b0] Compiler: c1, Barriers: 0, Oops: 0, ImmediateOops: 0, NonImmediateOops: No
[1,544s][debug][gc,nmethod  ] Register NMethod: java.lang.Class.getDeclaredAnnotation (0x00007a501b83f988) [0x00007a501b83fa80, 0x00007a501b840168] Compiler: c1, Barriers: 1, Oops: 0, ImmediateOops: 0, NonImmediateOops: No
[1,545s][debug][gc,nmethod  ] Register NMethod: jdk.internal.reflect.DirectConstructorHandleAccessor.invokeImpl (0x00007a501b840188) [0x00007a501b840280, 0x00007a501b8420d0] Compiler: c1, Barriers: 20, Oops: 3, ImmediateOops: 6, NonImmediateOops: No
[1,545s][debug][gc,nmethod  ] Register NMethod: java.lang.Boolean.valueOf (0x00007a501b842108) [0x00007a501b842200, 0x00007a501b842358] Compiler: c1, Barriers: 0, Oops: 0, ImmediateOops: 2, NonImmediateOops: No
[1,545s][debug][gc,nmethod  ] Register NMethod: jdk.internal.reflect.DirectConstructorHandleAccessor.newInstance (0x00007a501b842408) [0x00007a501b842500, 0x00007a501b845b40] Compiler: c1, Barriers: 20, Oops: 5, ImmediateOops: 12, NonImmediateOops: No
[1,545s][debug][gc,nmethod  ] Register NMethod: java.lang.reflect.Modifier.isSynthetic (0x00007a501b845b88) [0x00007a501b845c80, 0x00007a501b845db0] Compiler: c1, Barriers: 0, Oops: 0, ImmediateOops: 0, NonImmediateOops: No
[1,545s][debug][gc,nmethod  ] Register NMethod: java.lang.reflect.Method.isSynthetic (0x00007a501b845e88) [0x00007a501b845f80, 0x00007a501b8461c0] Compiler: c1, Barriers: 0, Oops: 0, ImmediateOops: 0, NonImmediateOops: No
[1,545s][debug][gc,nmethod  ] Register NMethod: java.lang.reflect.Executable.isSynthetic (0x00007a501b846208) [0x00007a501b846300, 0x00007a501b8466a8] Compiler: c1, Barriers: 0, Oops: 0, ImmediateOops: 0, NonImmediateOops: No
[1,545s][debug][gc,nmethod  ] Register NMethod: java.util.LinkedHashMap$LinkedEntryIterator.next (0x00007a503ac6a488) [0x00007a503ac6a580, 0x00007a503ac6a810] Compiler: jvmci, Barriers: 9, Oops: 0, ImmediateOops: 0, NonImmediateOops: No
[1,546s][debug][gc,nmethod  ] Register NMethod: java.util.Collection.stream (0x00007a501b846708) [0x00007a501b846800, 0x00007a501b846b38] Compiler: c1, Barriers: 0, Oops: 0, ImmediateOops: 0, NonImmediateOops: No
[1,546s][debug][gc,nmethod  ] Register NMethod: java.lang.reflect.AnnotatedElement.isAnnotationPresent (0x00007a501b846b88) [0x00007a501b846c80, 0x00007a501b846fc8] Compiler: c1, Barriers: 0, Oops: 0, ImmediateOops: 0, NonImmediateOops: No
[1,546s][debug][gc,nmethod  ] Register NMethod: org.junit.jupiter.engine.discovery.predicates.IsTestableMethod.test (0x00007a501b847008) [0x00007a501b847100, 0x00007a501b847600] Compiler: c1, Barriers: 0, Oops: 1, ImmediateOops: 0, NonImmediateOops: No
[1,546s][debug][gc,nmethod  ] Register NMethod: org.junit.platform.commons.util.ReflectionUtils.isStatic (0x00007a501b847688) [0x00007a501b847780, 0x00007a501b847d18] Compiler: c1, Barriers: 0, Oops: 2, ImmediateOops: 1, NonImmediateOops: No
[1,546s][debug][gc,nmethod  ] Register NMethod: java.util.stream.FindOps$FindOp.getOpFlags (0x00007a503ac6a888) [0x00007a503ac6a980, 0x00007a503ac6aa40] Compiler: c1, Barriers: 0, Oops: 0, ImmediateOops: 0, NonImmediateOops: No
[1,546s][debug][gc,nmethod  ] Register NMethod: java.util.stream.Collectors$$Lambda/0x000000005d113260.accept (0x00007a501b847d88) [0x00007a501b847e80, 0x00007a501b8483a8] Compiler: c1, Barriers: 0, Oops: 0, ImmediateOops: 0, NonImmediateOops: No
[1,546s][debug][gc,nmethod  ] Register NMethod: jdk.proxy2.$Proxy17.annotationType (0x00007a501b848408) [0x00007a501b848500, 0x00007a501b848b68] Compiler: c1, Barriers: 1, Oops: 0, ImmediateOops: 1, NonImmediateOops: No
[1,546s][debug][gc,nmethod  ] Register NMethod: org.junit.jupiter.engine.discovery.predicates.IsTestableMethod.test (0x00007a501b848b88) [0x00007a501b848c80, 0x00007a501b84a0d8] Compiler: c1, Barriers: 3, Oops: 3, ImmediateOops: 4, NonImmediateOops: No
[1,547s][debug][gc,nmethod  ] Register NMethod: java.util.stream.ReferencePipeline$2.opWrapSink (0x00007a501b84a108) [0x00007a501b84a200, 0x00007a501b84a978] Compiler: c1, Barriers: 7, Oops: 0, ImmediateOops: 0, NonImmediateOops: No
[1,547s][debug][gc,nmethod  ] Register NMethod: java.util.stream.ReferencePipeline.filter (0x00007a501b84a988) [0x00007a501b84aa80, 0x00007a501b84af90] Compiler: c1, Barriers: 3, Oops: 1, ImmediateOops: 0, NonImmediateOops: No
[1,547s][debug][gc,nmethod  ] Register NMethod: java.util.stream.ReferencePipeline$2.<init> (0x00007a501b84b008) [0x00007a501b84b100, 0x00007a501b84b4e0] Compiler: c1, Barriers: 3, Oops: 0, ImmediateOops: 0, NonImmediateOops: No
[1,547s][debug][gc,nmethod  ] Register NMethod: java.util.stream.ReferencePipeline$2$1.<init> (0x00007a501b84b508) [0x00007a501b84b600, 0x00007a501b84bd58] Compiler: c1, Barriers: 6, Oops: 0, ImmediateOops: 0, NonImmediateOops: No
[1,547s][debug][gc,nmethod  ] Register NMethod: java.util.stream.ReferencePipeline$2$1.begin (0x00007a501b84bd88) [0x00007a501b84be80, 0x00007a501b84c1c0] Compiler: c1, Barriers: 1, Oops: 0, ImmediateOops: 0, NonImmediateOops: No
[1,547s][debug][gc,nmethod  ] Register NMethod: sun.reflect.annotation.AnnotationInvocationHandler.equalsImpl (0x00007a501b84c208) [0x00007a501b84c300, 0x00007a501b850d10] Compiler: c1, Barriers: 21, Oops: 2, ImmediateOops: 13, NonImmediateOops: No
[1,547s][debug][gc,nmethod  ] Register NMethod: java.util.stream.SortedOps$SizedRefSortingSink.accept (0x00007a501b850d88) [0x00007a501b850e80, 0x00007a501b851288] Compiler: c1, Barriers: 4, Oops: 0, ImmediateOops: 0, NonImmediateOops: No
[1,548s][debug][gc,director ] Rule Major: Warmup 10%, Used: 82MB, UsedThreshold: 1228MB
[1,548s][debug][gc,nmethod  ] Register NMethod: jdk.internal.loader.AbstractClassLoaderValue.computeIfAbsent (0x00007a501b851308) [0x00007a501b851400, 0x00007a501b852c78] Compiler: c1, Barriers: 9, Oops: 0, ImmediateOops: 2, NonImmediateOops: No
[1,548s][debug][gc,nmethod  ] Register NMethod: java.util.stream.Collectors$CollectorImpl.<init> (0x00007a501b852c88) [0x00007a501b852d80, 0x00007a501b853180] Compiler: c1, Barriers: 15, Oops: 0, ImmediateOops: 0, NonImmediateOops: No
[1,548s][debug][gc,nmethod  ] Register NMethod: java.util.stream.MatchOps$1MatchSink.accept (0x00007a501b853188) [0x00007a501b853280, 0x00007a501b853670] Compiler: c1, Barriers: 2, Oops: 0, ImmediateOops: 0, NonImmediateOops: No
[1,548s][debug][gc,nmethod  ] Register NMethod: org.junit.platform.commons.util.ReflectionUtils$$Lambda/0x000000005d18d698.test (0x00007a501b853688) [0x00007a501b853780, 0x00007a501b854478] Compiler: c1, Barriers: 3, Oops: 1, ImmediateOops: 0, NonImmediateOops: No
[1,548s][debug][gc,nmethod  ] Register NMethod: org.junit.platform.commons.util.ReflectionUtils.isMethodShadowedBy (0x00007a501b854488) [0x00007a501b854580, 0x00007a501b854f58] Compiler: c1, Barriers: 2, Oops: 1, ImmediateOops: 0, NonImmediateOops: No
[1,549s][debug][gc,nmethod  ] Register NMethod: org.junit.platform.commons.util.ReflectionUtils.lambda$isMethodShadowedByLocalMethods$34 (0x00007a501b854f88) [0x00007a501b855080, 0x00007a501b855ab8] Compiler: c1, Barriers: 2, Oops: 1, ImmediateOops: 0, NonImmediateOops: No
[1,549s][debug][gc,nmethod  ] Register NMethod: java.util.function.Predicate.lambda$or$0 (0x00007a501b855b08) [0x00007a501b855c00, 0x00007a501b856198] Compiler: c1, Barriers: 0, Oops: 0, ImmediateOops: 0, NonImmediateOops: No
[1,549s][debug][gc,nmethod  ] Register NMethod: java.util.function.Predicate$$Lambda/0x000000005d117380.test (0x00007a501b856208) [0x00007a501b856300, 0x00007a501b856b78] Compiler: c1, Barriers: 2, Oops: 0, ImmediateOops: 0, NonImmediateOops: No
[1,549s][debug][gc,nmethod  ] Register NMethod: org.junit.platform.commons.util.ReflectionUtils.hasCompatibleSignature (0x00007a501b856b88) [0x00007a501b856c80, 0x00007a501b858650] Compiler: c1, Barriers: 5, Oops: 1, ImmediateOops: 0, NonImmediateOops: No
[1,549s][debug][gc,nmethod  ] Register NMethod: java.lang.reflect.Executable.getDeclaredAnnotations (0x00007a501b858688) [0x00007a501b858780, 0x00007a501b858f40] Compiler: c1, Barriers: 0, Oops: 0, ImmediateOops: 1, NonImmediateOops: No
[1,549s][debug][gc,nmethod  ] Register NMethod: java.lang.reflect.Method.getDeclaredAnnotations (0x00007a501b858f88) [0x00007a501b859080, 0x00007a501b8598a0] Compiler: c1, Barriers: 0, Oops: 0, ImmediateOops: 1, NonImmediateOops: No
[1,550s][debug][gc,nmethod  ] Register NMethod: sun.reflect.annotation.AnnotationInvocationHandler.memberValueHashCode (0x00007a503ac6ab88) [0x00007a503ac6ac80, 0x00007a503ac6b268] Compiler: jvmci, Barriers: 5, Oops: 1, ImmediateOops: 0, NonImmediateOops: No
[1,551s][debug][gc,nmethod  ] Register NMethod: java.lang.invoke.MethodHandle.linkToSpecial (0x00007a503ac6b288) [0x00007a503ac6b380, 0x00007a503ac6b478] Compiler: , Barriers: 0, Oops: 0, ImmediateOops: 0, NonImmediateOops: No
[1,553s][debug][gc,nmethod  ] Register NMethod: jdk.internal.classfile.impl.AbstractPoolEntry$Utf8EntryImpl.writeTo (0x00007a503ac6b588) [0x00007a503ac6b6a0, 0x00007a503ac6c210] Compiler: jvmci, Barriers: 7, Oops: 0, ImmediateOops: 0, NonImmediateOops: No
[1,553s][debug][gc,nmethod  ] Register NMethod: jdk.internal.classfile.impl.AbstractPoolEntry.<init> (0x00007a503ac6c288) [0x00007a503ac6c380, 0x00007a503ac6c470] Compiler: jvmci, Barriers: 3, Oops: 0, ImmediateOops: 0, NonImmediateOops: No
[1,554s][debug][gc,nmethod  ] Register NMethod: java.lang.Object.equals (0x00007a503ac6c588) [0x00007a503ac6c680, 0x00007a503ac6c710] Compiler: jvmci, Barriers: 0, Oops: 0, ImmediateOops: 0, NonImmediateOops: No
[1,554s][debug][gc,nmethod  ] Register NMethod: java.lang.invoke.DirectMethodHandle$Holder.invokeStatic (0x00007a501b859908) [0x00007a501b859a00, 0x00007a501b859dc8] Compiler: c1, Barriers: 1, Oops: 0, ImmediateOops: 0, NonImmediateOops: No
[1,554s][debug][gc,nmethod  ] Register NMethod: java.lang.invoke.LambdaForm$MH/0x000000005d09cc00.invoke (0x00007a501b859e08) [0x00007a501b859f00, 0x00007a501b85a668] Compiler: c1, Barriers: 2, Oops: 1, ImmediateOops: 0, NonImmediateOops: No
[1,555s][debug][gc,nmethod  ] Register NMethod: java.lang.StringConcatHelper.simpleConcat (0x00007a501b85a688) [0x00007a501b85a780, 0x00007a501b85d430] Compiler: c1, Barriers: 6, Oops: 0, ImmediateOops: 6, NonImmediateOops: No
[1,555s][debug][gc,nmethod  ] Register NMethod: java.lang.invoke.MethodHandle.linkToInterface (0x00007a503ac6c888) [0x00007a503ac6c980, 0x00007a503ac6cab0] Compiler: , Barriers: 0, Oops: 0, ImmediateOops: 0, NonImmediateOops: No
[1,555s][debug][gc,nmethod  ] Register NMethod: jdk.internal.misc.Unsafe.ensureClassInitialized0 (0x00007a503ac6cb88) [0x00007a503ac6cc80, 0x00007a503ac6cdd8] Compiler: , Barriers: 0, Oops: 0, ImmediateOops: 0, NonImmediateOops: No
[1,556s][debug][gc,nmethod  ] Register NMethod: sun.reflect.annotation.AnnotationInvocationHandler.invoke (0x00007a503ac6ce88) [0x00007a503ac6cf80, 0x00007a503ac6d660] Compiler: jvmci, Barriers: 9, Oops: 0, ImmediateOops: 6, NonImmediateOops: No
[1,556s][debug][gc,nmethod  ] Register NMethod: jdk.internal.classfile.impl.AbstractPoolEntry$ClassEntryImpl.<init> (0x00007a501b85d488) [0x00007a501b85d580, 0x00007a501b85d6c8] Compiler: c1, Barriers: 0, Oops: 0, ImmediateOops: 0, NonImmediateOops: No
[1,556s][debug][gc,nmethod  ] Register NMethod: jdk.internal.classfile.impl.TemporaryConstantPool.classEntry (0x00007a501b85d788) [0x00007a501b85d880, 0x00007a501b85dc38] Compiler: c1, Barriers: 0, Oops: 0, ImmediateOops: 0, NonImmediateOops: No
[1,556s][debug][gc,nmethod  ] Register NMethod: java.lang.invoke.MemberName.isField (0x00007a501b85dc88) [0x00007a501b85dd80, 0x00007a501b85df38] Compiler: c1, Barriers: 0, Oops: 0, ImmediateOops: 0, NonImmediateOops: No
[1,556s][debug][gc,nmethod  ] Register NMethod: java.lang.invoke.MethodHandleNatives.linkMethodHandleConstant (0x00007a501b85df88) [0x00007a501b85e080, 0x00007a501b85e5f0] Compiler: c1, Barriers: 0, Oops: 0, ImmediateOops: 1, NonImmediateOops: No
[1,557s][debug][gc,nmethod  ] Register NMethod: java.lang.classfile.constantpool.ConstantPoolBuilder.classEntry (0x00007a501b85e608) [0x00007a501b85e700, 0x00007a501b861838] Compiler: c1, Barriers: 9, Oops: 1, ImmediateOops: 2, NonImmediateOops: No
[1,557s][debug][gc,nmethod  ] Register NMethod: java.lang.invoke.DirectMethodHandle.make (0x00007a501b861888) [0x00007a501b861980, 0x00007a501b8641c8] Compiler: c1, Barriers: 4, Oops: 0, ImmediateOops: 1, NonImmediateOops: No
[1,558s][debug][gc,nmethod  ] Register NMethod: java.lang.invoke.MethodHandles$Lookup.linkMethodHandleConstant (0x00007a501b864208) [0x00007a501b864300, 0x00007a501b867b78] Compiler: c1, Barriers: 12, Oops: 0, ImmediateOops: 6, NonImmediateOops: No
[1,558s][debug][gc,nmethod  ] Register NMethod: java.lang.invoke.MethodHandles$Lookup.resolveOrFail (0x00007a501b867b88) [0x00007a501b867c80, 0x00007a501b868a00] Compiler: c1, Barriers: 1, Oops: 1, ImmediateOops: 3, NonImmediateOops: No
[1,558s][debug][gc,nmethod  ] Register NMethod: java.lang.invoke.MethodHandles$Lookup.checkMethodName (0x00007a501b868a88) [0x00007a501b868b80, 0x00007a501b869ce8] Compiler: c1, Barriers: 0, Oops: 2, ImmediateOops: 3, NonImmediateOops: No
[1,558s][debug][gc,director ] Rule Major: Warmup 10%, Used: 84MB, UsedThreshold: 1228MB
[1,559s][debug][gc,nmethod  ] Register NMethod: java.lang.classfile.CodeBuilder.getfield (0x00007a501b869d08) [0x00007a501b869e00, 0x00007a501b86a7e0] Compiler: c1, Barriers: 1, Oops: 1, ImmediateOops: 1, NonImmediateOops: No
[1,559s][debug][gc,nmethod  ] Register NMethod: java.lang.classfile.ClassBuilder.withField (0x00007a501b86a808) [0x00007a501b86a900, 0x00007a501b86b640] Compiler: c1, Barriers: 6, Oops: 0, ImmediateOops: 0, NonImmediateOops: No
[1,559s][debug][gc,nmethod  ] Register NMethod: java.lang.Class.getAnnotation (0x00007a501b86b688) [0x00007a501b86b780, 0x00007a501b86be68] Compiler: c1, Barriers: 1, Oops: 0, ImmediateOops: 0, NonImmediateOops: No
[1,560s][debug][gc,nmethod  ] Register NMethod: jdk.proxy3.$Proxy21.equals (0x00007a501b86be88) [0x00007a501b86bf80, 0x00007a501b86caf0] Compiler: c1, Barriers: 4, Oops: 2, ImmediateOops: 1, NonImmediateOops: No
[1,560s][debug][gc,nmethod  ] Register NMethod: java.util.stream.ReduceOps$3.<init> (0x00007a501b86cb08) [0x00007a501b86cc00, 0x00007a501b86d008] Compiler: c1, Barriers: 15, Oops: 0, ImmediateOops: 0, NonImmediateOops: No
[1,560s][debug][gc,nmethod  ] Register NMethod: java.util.stream.ReduceOps$ReduceOp.<init> (0x00007a501b86d088) [0x00007a501b86d180, 0x00007a501b86d350] Compiler: c1, Barriers: 3, Oops: 0, ImmediateOops: 0, NonImmediateOops: No
[1,560s][debug][gc,nmethod  ] Register NMethod: java.util.stream.ReduceOps$3.getOpFlags (0x00007a501b86d388) [0x00007a501b86d480, 0x00007a501b86d8c0] Compiler: c1, Barriers: 2, Oops: 0, ImmediateOops: 1, NonImmediateOops: No
[1,560s][debug][gc,nmethod  ] Register NMethod: java.util.stream.ReduceOps$3.makeSink (0x00007a501b86d908) [0x00007a501b86da00, 0x00007a501b86db48] Compiler: c1, Barriers: 0, Oops: 0, ImmediateOops: 0, NonImmediateOops: No
[1,561s][debug][gc,nmethod  ] Register NMethod: java.util.stream.ReduceOps$3ReducingSink.<init> (0x00007a501b86dc08) [0x00007a501b86dd00, 0x00007a501b86e020] Compiler: c1, Barriers: 9, Oops: 0, ImmediateOops: 0, NonImmediateOops: No
[1,561s][debug][gc,nmethod  ] Register NMethod: java.util.stream.ReduceOps$3.makeSink (0x00007a501b86e088) [0x00007a501b86e180, 0x00007a501b86e5f8] Compiler: c1, Barriers: 12, Oops: 0, ImmediateOops: 0, NonImmediateOops: No
[1,561s][debug][gc,nmethod  ] Register NMethod: java.util.stream.ReduceOps$ReduceOp.evaluateSequential (0x00007a501b86e608) [0x00007a501b86e700, 0x00007a501b86ef18] Compiler: c1, Barriers: 1, Oops: 0, ImmediateOops: 0, NonImmediateOops: No
[1,561s][debug][gc,nmethod  ] Register NMethod: java.util.stream.ReduceOps.makeRef (0x00007a501b86ef88) [0x00007a501b86f080, 0x00007a501b86fa48] Compiler: c1, Barriers: 18, Oops: 1, ImmediateOops: 1, NonImmediateOops: No
[1,561s][debug][gc,nmethod  ] Register NMethod: java.util.stream.ReferencePipeline.collect (0x00007a501b86fa88) [0x00007a501b86fb80, 0x00007a501b8716d8] Compiler: c1, Barriers: 7, Oops: 1, ImmediateOops: 4, NonImmediateOops: No
[1,561s][debug][gc,nmethod  ] Register NMethod: java.util.stream.ReduceOps$Box.<init> (0x00007a501b871708) [0x00007a501b871800, 0x00007a501b871958] Compiler: c1, Barriers: 0, Oops: 0, ImmediateOops: 0, NonImmediateOops: No
[1,561s][debug][gc,nmethod  ] Register NMethod: java.util.stream.ReduceOps$3ReducingSink.begin (0x00007a501b871a08) [0x00007a501b871b00, 0x00007a501b871ec0] Compiler: c1, Barriers: 4, Oops: 0, ImmediateOops: 0, NonImmediateOops: No
[1,562s][debug][gc,nmethod  ] Register NMethod: java.util.stream.Collectors.castingIdentity (0x00007a501b871f08) [0x00007a501b872000, 0x00007a501b8721a0] Compiler: c1, Barriers: 0, Oops: 1, ImmediateOops: 1, NonImmediateOops: No
[1,562s][debug][gc,nmethod  ] Register NMethod: java.util.stream.Collectors$CollectorImpl.<init> (0x00007a501b872208) [0x00007a501b872300, 0x00007a501b872878] Compiler: c1, Barriers: 15, Oops: 2, ImmediateOops: 1, NonImmediateOops: No
[1,562s][debug][gc,nmethod  ] Register NMethod: java.util.ArrayList$ArrayListSpliterator.estimateSize (0x00007a501b872908) [0x00007a501b872a00, 0x00007a501b872bd8] Compiler: c1, Barriers: 1, Oops: 0, ImmediateOops: 0, NonImmediateOops: No
[1,563s][debug][gc,nmethod  ] Register NMethod: jdk.internal.util.ArraysSupport.hashCode (0x00007a503ac6d688) [0x00007a503ac6d780, 0x00007a503ac6e108] Compiler: jvmci, Barriers: 12, Oops: 0, ImmediateOops: 0, NonImmediateOops: No
[1,563s][debug][gc,nmethod  ] Register NMethod: java.lang.Class.isAnnotationPresent (0x00007a501b872c08) [0x00007a501b872d00, 0x00007a501b8734f8] Compiler: c1, Barriers: 1, Oops: 0, ImmediateOops: 0, NonImmediateOops: No
[1,563s][debug][gc,nmethod  ] Register NMethod: sun.reflect.annotation.AnnotationInvocationHandler.memberValueEquals (0x00007a501b873508) [0x00007a501b873600, 0x00007a501b876d68] Compiler: c1, Barriers: 3, Oops: 0, ImmediateOops: 7, NonImmediateOops: No
[1,563s][debug][gc,nmethod  ] Register NMethod: java.lang.reflect.Proxy.getInvocationHandler (0x00007a501b876d88) [0x00007a501b876e80, 0x00007a501b878ec0] Compiler: c1, Barriers: 9, Oops: 2, ImmediateOops: 9, NonImmediateOops: No
[1,563s][debug][gc,nmethod  ] Register NMethod: jdk.proxy3.$Proxy22.annotationType (0x00007a501b878f08) [0x00007a501b879000, 0x00007a501b879668] Compiler: c1, Barriers: 1, Oops: 1, ImmediateOops: 1, NonImmediateOops: No
[1,563s][debug][gc,nmethod  ] Register NMethod: org.junit.platform.commons.util.AnnotationUtils.findRepeatableAnnotations (0x00007a501b879688) [0x00007a501b879780, 0x00007a501b87ec80] Compiler: c1, Barriers: 10, Oops: 7, ImmediateOops: 12, NonImmediateOops: No
[1,563s][debug][gc,nmethod  ] Register NMethod: java.util.Collections.emptySet (0x00007a501b87ed08) [0x00007a501b87ee00, 0x00007a501b87eee8] Compiler: c1, Barriers: 0, Oops: 0, ImmediateOops: 1, NonImmediateOops: No
[1,563s][debug][gc,nmethod  ] Register NMethod: java.util.stream.Sink.begin (0x00007a501b87f008) [0x00007a501b87f100, 0x00007a501b87f200] Compiler: c1, Barriers: 0, Oops: 0, ImmediateOops: 0, NonImmediateOops: No
[1,563s][debug][gc,nmethod  ] Register NMethod: org.junit.platform.engine.support.descriptor.AbstractTestDescriptor.getUniqueId (0x00007a503ac6e188) [0x00007a503ac6e280, 0x00007a503ac6e368] Compiler: c1, Barriers: 1, Oops: 1, ImmediateOops: 0, NonImmediateOops: No
[1,563s][debug][gc,nmethod  ] Register NMethod: jdk.proxy3.$Proxy22.hashCode (0x00007a501b87f308) [0x00007a501b87f400, 0x00007a501b87fc48] Compiler: c1, Barriers: 1, Oops: 1, ImmediateOops: 1, NonImmediateOops: No
[1,563s][debug][gc,nmethod  ] Register NMethod: java.util.stream.AbstractPipeline.isParallel (0x00007a503ac6e488) [0x00007a503ac6e580, 0x00007a503ac6e660] Compiler: jvmci, Barriers: 1, Oops: 0, ImmediateOops: 0, NonImmediateOops: No
[1,564s][debug][gc,nmethod  ] Register NMethod: java.lang.invoke.Invokers$Holder.linkToTargetMethod (0x00007a501b87fc88) [0x00007a501b87fd80, 0x00007a501b880278] Compiler: c1, Barriers: 0, Oops: 0, ImmediateOops: 0, NonImmediateOops: No
[1,564s][debug][gc,nmethod  ] Register NMethod: java.lang.invoke.DirectMethodHandle$Holder.newInvokeSpecial (0x00007a501b880288) [0x00007a501b880380, 0x00007a501b880c00] Compiler: c1, Barriers: 2, Oops: 0, ImmediateOops: 1, NonImmediateOops: No
[1,564s][debug][gc,nmethod  ] Register NMethod: java.lang.invoke.DirectMethodHandle.make (0x00007a501b880c08) [0x00007a501b880d00, 0x00007a501b881578] Compiler: c1, Barriers: 2, Oops: 0, ImmediateOops: 0, NonImmediateOops: No
[1,564s][debug][gc,nmethod  ] Register NMethod: java.util.Optional.empty (0x00007a503ac6e788) [0x00007a503ac6e880, 0x00007a503ac6e8f0] Compiler: jvmci, Barriers: 0, Oops: 0, ImmediateOops: 1, NonImmediateOops: No
[1,564s][debug][gc,nmethod  ] Register NMethod: java.lang.invoke.DirectMethodHandle.makeAllocator (0x00007a501b881588) [0x00007a501b881680, 0x00007a501b8823e8] Compiler: c1, Barriers: 2, Oops: 0, ImmediateOops: 0, NonImmediateOops: No
[1,564s][debug][gc,nmethod  ] Register NMethod: java.lang.invoke.MemberName.asConstructor (0x00007a501b882408) [0x00007a501b882500, 0x00007a501b883130] Compiler: c1, Barriers: 0, Oops: 0, ImmediateOops: 0, NonImmediateOops: No
[1,565s][debug][gc,nmethod  ] Register NMethod: java.lang.String.replace (0x00007a503ac6ea88) [0x00007a503ac6eb80, 0x00007a503ac6f238] Compiler: jvmci, Barriers: 3, Oops: 0, ImmediateOops: 0, NonImmediateOops: No
[1,565s][debug][gc,nmethod  ] Register NMethod: jdk.internal.classfile.impl.StackMapGenerator$Frame.initializeObject (0x00007a501b883188) [0x00007a501b883280, 0x00007a501b8840a8] Compiler: c1, Barriers: 12, Oops: 0, ImmediateOops: 1, NonImmediateOops: No
[1,565s][debug][gc,nmethod  ] Register NMethod: java.lang.classfile.ClassFile.of (0x00007a501b884108) [0x00007a501b884200, 0x00007a501b8842e8] Compiler: c1, Barriers: 0, Oops: 0, ImmediateOops: 1, NonImmediateOops: No
[1,565s][debug][gc,nmethod  ] Register NMethod: java.lang.invoke.MethodHandles$Lookup$ClassDefiner.<init> (0x00007a501b884408) [0x00007a501b884500, 0x00007a501b8848a0] Compiler: c1, Barriers: 12, Oops: 0, ImmediateOops: 0, NonImmediateOops: No
[1,566s][debug][gc,nmethod  ] Register NMethod: java.lang.System$1.defineClass (0x00007a501b884908) [0x00007a501b884a00, 0x00007a501b884b70] Compiler: c1, Barriers: 0, Oops: 0, ImmediateOops: 0, NonImmediateOops: No
[1,566s][debug][gc,nmethod  ] Register NMethod: java.lang.invoke.MethodHandles$Lookup.makeHiddenClassDefiner (0x00007a501b884c08) [0x00007a501b884d00, 0x00007a501b885328] Compiler: c1, Barriers: 2, Oops: 0, ImmediateOops: 1, NonImmediateOops: No
[1,566s][debug][gc,nmethod  ] Register NMethod: java.lang.invoke.MethodHandles$Lookup$ClassDefiner.defineClass (0x00007a501b885388) [0x00007a501b885480, 0x00007a501b8871c8] Compiler: c1, Barriers: 21, Oops: 0, ImmediateOops: 2, NonImmediateOops: No
[1,567s][debug][gc,nmethod  ] Register NMethod: java.util.Spliterators$IteratorSpliterator.characteristics (0x00007a503ac6f288) [0x00007a503ac6f380, 0x00007a503ac6f440] Compiler: c1, Barriers: 0, Oops: 0, ImmediateOops: 0, NonImmediateOops: No
[1,567s][debug][gc,nmethod  ] Register NMethod: org.junit.platform.commons.util.AnnotationUtils.findAnnotation (0x00007a501b887208) [0x00007a501b887300, 0x00007a501b888238] Compiler: c1, Barriers: 4, Oops: 3, ImmediateOops: 2, NonImmediateOops: No
[1,567s][debug][gc,nmethod  ] Register NMethod: java.lang.invoke.MethodHandles$Lookup.getDirectConstructor (0x00007a501b888288) [0x00007a501b888380, 0x00007a501b8884b0] Compiler: c1, Barriers: 0, Oops: 0, ImmediateOops: 0, NonImmediateOops: No
[1,567s][debug][gc,nmethod  ] Register NMethod: jdk.internal.constant.ConstantUtils.internalNameToDesc (0x00007a501b888588) [0x00007a501b888680, 0x00007a501b88aa98] Compiler: c1, Barriers: 4, Oops: 2, ImmediateOops: 12, NonImmediateOops: No
[1,567s][debug][gc,nmethod  ] Register NMethod: java.lang.invoke.MethodHandles$Lookup.getDirectConstructorCommon (0x00007a501b88ab08) [0x00007a501b88ac00, 0x00007a501b88b918] Compiler: c1, Barriers: 2, Oops: 0, ImmediateOops: 0, NonImmediateOops: No
[1,568s][debug][gc,nmethod  ] Register NMethod: jdk.internal.misc.Unsafe.storeFence (0x00007a501b88b988) [0x00007a501b88ba80, 0x00007a501b88bd58] Compiler: c1, Barriers: 0, Oops: 0, ImmediateOops: 0, NonImmediateOops: No
[1,568s][debug][gc,director ] Rule Major: Warmup 10%, Used: 84MB, UsedThreshold: 1228MB
[1,569s][debug][gc,nmethod  ] Register NMethod: java.util.LinkedHashMap$LinkedKeyIterator.next (0x00007a501b88bd88) [0x00007a501b88be80, 0x00007a501b88c380] Compiler: c1, Barriers: 1, Oops: 0, ImmediateOops: 0, NonImmediateOops: No
[1,569s][debug][gc,nmethod  ] Register NMethod: java.util.AbstractCollection.addAll (0x00007a501b88c388) [0x00007a501b88c480, 0x00007a501b88ce88] Compiler: c1, Barriers: 0, Oops: 0, ImmediateOops: 0, NonImmediateOops: No
[1,569s][debug][gc,nmethod  ] Register NMethod: java.util.Collections$UnmodifiableCollection$1.hasNext (0x00007a501b88cf08) [0x00007a501b88d000, 0x00007a501b88d348] Compiler: c1, Barriers: 1, Oops: 0, ImmediateOops: 0, NonImmediateOops: No
[1,570s][debug][gc,nmethod  ] Register NMethod: java.util.LinkedHashMap.keySet (0x00007a501b88d388) [0x00007a501b88d480, 0x00007a501b88d778] Compiler: c1, Barriers: 0, Oops: 0, ImmediateOops: 0, NonImmediateOops: No
[1,570s][debug][gc,nmethod  ] Register NMethod: java.util.LinkedHashMap$LinkedKeySet.iterator (0x00007a501b88d788) [0x00007a501b88d880, 0x00007a501b88dc10] Compiler: c1, Barriers: 1, Oops: 0, ImmediateOops: 0, NonImmediateOops: No
[1,570s][debug][gc,nmethod  ] Register NMethod: java.util.LinkedHashMap$LinkedKeyIterator.<init> (0x00007a501b88dc88) [0x00007a501b88dd80, 0x00007a501b88e008] Compiler: c1, Barriers: 0, Oops: 0, ImmediateOops: 0, NonImmediateOops: No
[1,570s][debug][gc,nmethod  ] Register NMethod: java.util.LinkedHashMap.sequencedKeySet (0x00007a501b88e088) [0x00007a501b88e180, 0x00007a501b88e858] Compiler: c1, Barriers: 7, Oops: 0, ImmediateOops: 0, NonImmediateOops: No
[1,571s][debug][gc,nmethod  ] Register NMethod: java.util.Collections$UnmodifiableCollection.<init> (0x00007a501b88e888) [0x00007a501b88e980, 0x00007a501b88ec40] Compiler: c1, Barriers: 3, Oops: 0, ImmediateOops: 0, NonImmediateOops: No
[1,571s][debug][gc,nmethod  ] Register NMethod: java.util.HashSet.size (0x00007a501b88ec88) [0x00007a501b88ed80, 0x00007a501b88f090] Compiler: c1, Barriers: 1, Oops: 0, ImmediateOops: 0, NonImmediateOops: No
[1,572s][debug][gc,nmethod  ] Register NMethod: java.lang.reflect.Field.getModifiers (0x00007a503ac6f588) [0x00007a503ac6f680, 0x00007a503ac6f740] Compiler: c1, Barriers: 0, Oops: 0, ImmediateOops: 0, NonImmediateOops: No
[1,572s][debug][gc,nmethod  ] Register NMethod: java.io.ObjectStreamField.getField (0x00007a503ac6f888) [0x00007a503ac6f980, 0x00007a503ac6fa68] Compiler: c1, Barriers: 1, Oops: 0, ImmediateOops: 0, NonImmediateOops: No
[1,572s][debug][gc,nmethod  ] Register NMethod: java.lang.reflect.Field.getType (0x00007a503ac6fb88) [0x00007a503ac6fc80, 0x00007a503ac6fd68] Compiler: c1, Barriers: 1, Oops: 0, ImmediateOops: 0, NonImmediateOops: No
[1,572s][debug][gc,nmethod  ] Register NMethod: java.io.ObjectStreamField.getTypeCode (0x00007a501b88f108) [0x00007a501b88f200, 0x00007a501b88fb90] Compiler: c1, Barriers: 2, Oops: 1, ImmediateOops: 2, NonImmediateOops: No
[1,572s][debug][gc,nmethod  ] Register NMethod: java.lang.invoke.BoundMethodHandle$Species_L.make (0x00007a501b88fc08) [0x00007a501b88fd00, 0x00007a501b88ff68] Compiler: c1, Barriers: 3, Oops: 0, ImmediateOops: 0, NonImmediateOops: No
[1,572s][debug][gc,nmethod  ] Register NMethod: java.util.LinkedHashMap.<init> (0x00007a501b88ff88) [0x00007a501b890080, 0x00007a501b8901d0] Compiler: c1, Barriers: 0, Oops: 0, ImmediateOops: 0, NonImmediateOops: No
[1,573s][debug][gc,nmethod  ] Register NMethod: java.util.HashSet.<init> (0x00007a501b890288) [0x00007a501b890380, 0x00007a501b890728] Compiler: c1, Barriers: 3, Oops: 0, ImmediateOops: 0, NonImmediateOops: No
[1,573s][debug][gc,nmethod  ] Register NMethod: org.junit.platform.engine.UniqueId.hashCode (0x00007a501b890788) [0x00007a501b890880, 0x00007a501b890c30] Compiler: c1, Barriers: 1, Oops: 1, ImmediateOops: 0, NonImmediateOops: No
[1,573s][debug][gc,nmethod  ] Register NMethod: java.util.Collections$EmptySet.contains (0x00007a503ac6fe88) [0x00007a503ac6ff80, 0x00007a503ac70040] Compiler: c1, Barriers: 0, Oops: 0, ImmediateOops: 0, NonImmediateOops: No
[1,573s][debug][gc,nmethod  ] Register NMethod: java.lang.invoke.TypeConvertingMethodAdapter.classDesc (0x00007a501b890c88) [0x00007a501b890d80, 0x00007a501b891f28] Compiler: c1, Barriers: 3, Oops: 1, ImmediateOops: 6, NonImmediateOops: No
[1,573s][debug][gc,nmethod  ] Register NMethod: java.lang.invoke.MethodHandle.linkToStatic (0x00007a503ac70188) [0x00007a503ac70280, 0x00007a503ac70370] Compiler: , Barriers: 0, Oops: 0, ImmediateOops: 0, NonImmediateOops: No
[1,574s][debug][gc,nmethod  ] Register NMethod: jdk.internal.classfile.impl.InterfacesImpl.writeTo (0x00007a501b891f88) [0x00007a501b892080, 0x00007a501b892408] Compiler: c1, Barriers: 4, Oops: 0, ImmediateOops: 0, NonImmediateOops: No
[1,574s][debug][gc,nmethod  ] Register NMethod: java.lang.invoke.InfoFromMemberName.getModifiers (0x00007a501b892488) [0x00007a501b892580, 0x00007a501b8928d8] Compiler: c1, Barriers: 1, Oops: 0, ImmediateOops: 0, NonImmediateOops: No
[1,574s][debug][gc,nmethod  ] Register NMethod: java.lang.classfile.Interfaces.of (0x00007a501b892908) [0x00007a501b892a00, 0x00007a501b892d58] Compiler: c1, Barriers: 3, Oops: 0, ImmediateOops: 0, NonImmediateOops: No
[1,574s][debug][gc,nmethod  ] Register NMethod: jdk.internal.classfile.impl.InterfacesImpl.<init> (0x00007a501b892d88) [0x00007a501b892e80, 0x00007a501b893148] Compiler: c1, Barriers: 3, Oops: 0, ImmediateOops: 0, NonImmediateOops: No
[1,574s][debug][gc,nmethod  ] Register NMethod: java.lang.classfile.ClassBuilder.withInterfaces (0x00007a501b893188) [0x00007a501b893280, 0x00007a501b893b10] Compiler: c1, Barriers: 3, Oops: 0, ImmediateOops: 0, NonImmediateOops: No
[1,574s][debug][gc,nmethod  ] Register NMethod: java.lang.invoke.MethodHandle.linkToInterface (0x00007a503ac70488) [0x00007a503ac70580, 0x00007a503ac706b0] Compiler: , Barriers: 0, Oops: 0, ImmediateOops: 0, NonImmediateOops: No
[1,576s][debug][gc,nmethod  ] Register NMethod: java.lang.invoke.MethodHandles$Lookup.getDirectMethod (0x00007a501b893b88) [0x00007a501b893c80, 0x00007a501b893dc0] Compiler: c1, Barriers: 0, Oops: 0, ImmediateOops: 0, NonImmediateOops: No
[1,576s][debug][gc,nmethod  ] Register NMethod: java.lang.invoke.MethodHandles$Lookup.findBoundCallerLookup (0x00007a501b893e88) [0x00007a501b893f80, 0x00007a501b894ad0] Compiler: c1, Barriers: 0, Oops: 0, ImmediateOops: 1, NonImmediateOops: No
[1,576s][debug][gc,nmethod  ] Register NMethod: java.lang.Module.canRead (0x00007a501b894b08) [0x00007a501b894c00, 0x00007a501b897b50] Compiler: c1, Barriers: 16, Oops: 3, ImmediateOops: 10, NonImmediateOops: No
[1,576s][debug][gc,nmethod  ] Register NMethod: java.lang.invoke.MethodHandles$Lookup.checkMethod (0x00007a501b897b88) [0x00007a501b897c80, 0x00007a501b898b68] Compiler: c1, Barriers: 0, Oops: 0, ImmediateOops: 4, NonImmediateOops: No
[1,576s][debug][gc,nmethod  ] Register NMethod: java.lang.invoke.MethodHandles$Lookup.maybeBindCaller (0x00007a501b898b88) [0x00007a501b898c80, 0x00007a501b899910] Compiler: c1, Barriers: 1, Oops: 0, ImmediateOops: 1, NonImmediateOops: No
[1,577s][debug][gc,nmethod  ] Register NMethod: java.lang.invoke.MethodHandles$Lookup.getDirectMethodCommon (0x00007a501b899988) [0x00007a501b899a80, 0x00007a501b89cef0] Compiler: c1, Barriers: 11, Oops: 1, ImmediateOops: 1, NonImmediateOops: No
[1,577s][debug][gc,nmethod  ] Register NMethod: java.util.HashMap.putVal (0x00007a503ac70788) [0x00007a503ac70880, 0x00007a503ac715b0] Compiler: jvmci, Barriers: 32, Oops: 0, ImmediateOops: 0, NonImmediateOops: No
[1,578s][debug][gc,nmethod  ] Register NMethod: jdk.internal.classfile.impl.SplitConstantPool.tryFindClassEntry (0x00007a501b89cf08) [0x00007a501b89d000, 0x00007a501b89e660] Compiler: c1, Barriers: 2, Oops: 0, ImmediateOops: 0, NonImmediateOops: No
[1,578s][debug][gc,director ] Rule Major: Warmup 10%, Used: 86MB, UsedThreshold: 1228MB
[1,579s][debug][gc,nmethod  ] Register NMethod: java.util.HashSet.add (0x00007a503ac71608) [0x00007a503ac71720, 0x00007a503ac72fb0] Compiler: jvmci, Barriers: 61, Oops: 1, ImmediateOops: 1, NonImmediateOops: No
[1,580s][debug][gc,nmethod  ] Register NMethod: sun.reflect.annotation.AnnotationInvocationHandler.hashCodeImpl (0x00007a503ac73008) [0x00007a503ac73100, 0x00007a503ac73cf0] Compiler: jvmci, Barriers: 19, Oops: 2, ImmediateOops: 0, NonImmediateOops: No
[1,580s][debug][gc,nmethod  ] Register NMethod: jdk.internal.misc.Unsafe.shouldBeInitialized (0x00007a501b89e688) [0x00007a501b89e780, 0x00007a501b89e9a0] Compiler: c1, Barriers: 0, Oops: 0, ImmediateOops: 0, NonImmediateOops: No
[1,580s][debug][gc,nmethod  ] Register NMethod: jdk.internal.classfile.impl.BufWriterImpl.patchInt (0x00007a503ac73d08) [0x00007a503ac73e00, 0x00007a503ac73f68] Compiler: jvmci, Barriers: 1, Oops: 0, ImmediateOops: 0, NonImmediateOops: No
[1,580s][debug][gc,nmethod  ] Register NMethod: jdk.internal.util.ReferencedKeyMap.removeStaleReferences (0x00007a503ac74008) [0x00007a503ac74100, 0x00007a503ac74238] Compiler: jvmci, Barriers: 2, Oops: 0, ImmediateOops: 0, NonImmediateOops: No
[1,580s][debug][gc,nmethod  ] Register NMethod: java.lang.invoke.MethodHandle.isAncestorLoaderOf (0x00007a501b89ea08) [0x00007a501b89eb00, 0x00007a501b89f2b8] Compiler: c1, Barriers: 1, Oops: 0, ImmediateOops: 4, NonImmediateOops: No
[1,581s][debug][gc,nmethod  ] Register NMethod: java.lang.Module.isExported (0x00007a501b89f308) [0x00007a501b89f400, 0x00007a501b89f7c8] Compiler: c1, Barriers: 0, Oops: 0, ImmediateOops: 0, NonImmediateOops: No
[1,581s][debug][gc,nmethod  ] Register NMethod: java.util.zip.ZipFile$CleanableResource.getInflater (0x00007a501b89f808) [0x00007a501b89f900, 0x00007a501b8a0160] Compiler: c1, Barriers: 2, Oops: 0, ImmediateOops: 0, NonImmediateOops: No
[1,581s][debug][gc,nmethod  ] Register NMethod: java.lang.invoke.MethodHandleNatives.linkCallSite (0x00007a501b8a0188) [0x00007a501b8a0280, 0x00007a501b8a0df0] Compiler: c1, Barriers: 0, Oops: 0, ImmediateOops: 0, NonImmediateOops: No
[1,581s][debug][gc,nmethod  ] Register NMethod: java.lang.invoke.MethodHandleNatives.linkCallSiteImpl (0x00007a501b8a0e08) [0x00007a501b8a0f00, 0x00007a501b8a1d88] Compiler: c1, Barriers: 9, Oops: 0, ImmediateOops: 0, NonImmediateOops: No
[1,581s][debug][gc,nmethod  ] Register NMethod: java.lang.invoke.MethodHandleNatives.staticArgumentsPulled (0x00007a501b8a1e08) [0x00007a501b8a1f00, 0x00007a501b8a21e8] Compiler: c1, Barriers: 0, Oops: 0, ImmediateOops: 0, NonImmediateOops: No
[1,581s][debug][gc,nmethod  ] Register NMethod: java.lang.invoke.ConstantCallSite.<init> (0x00007a501b8a2208) [0x00007a501b8a2300, 0x00007a501b8a2918] Compiler: c1, Barriers: 4, Oops: 0, ImmediateOops: 1, NonImmediateOops: No
[1,581s][debug][gc,nmethod  ] Register NMethod: java.lang.invoke.CallSite.<init> (0x00007a501b8a2988) [0x00007a501b8a2a80, 0x00007a501b8a2e60] Compiler: c1, Barriers: 4, Oops: 0, ImmediateOops: 0, NonImmediateOops: No
[1,582s][debug][gc,nmethod  ] Register NMethod: jdk.internal.misc.Unsafe.storeStoreFence (0x00007a501b8a2e88) [0x00007a501b8a2f80, 0x00007a501b8a3250] Compiler: c1, Barriers: 0, Oops: 0, ImmediateOops: 0, NonImmediateOops: No
[1,582s][debug][gc,nmethod  ] Register NMethod: java.lang.invoke.BootstrapMethodInvoker.widenAndCast (0x00007a501b8a3288) [0x00007a501b8a3380, 0x00007a501b8a4ab0] Compiler: c1, Barriers: 0, Oops: 0, ImmediateOops: 0, NonImmediateOops: No
[1,582s][debug][gc,nmethod  ] Register NMethod: java.util.zip.ZipFile$CleanableResource.releaseInflater (0x00007a501b8a4b08) [0x00007a501b8a4c00, 0x00007a501b8a5278] Compiler: c1, Barriers: 2, Oops: 0, ImmediateOops: 0, NonImmediateOops: No
[1,582s][debug][gc,nmethod  ] Register NMethod: java.lang.invoke.CallSite.makeSite (0x00007a501b8a5288) [0x00007a501b8a5380, 0x00007a501b8a7ba0] Compiler: c1, Barriers: 7, Oops: 1, ImmediateOops: 7, NonImmediateOops: No
[1,582s][debug][gc,nmethod  ] Register NMethod: java.lang.invoke.MethodHandle.linkToStatic (0x00007a503ac74308) [0x00007a503ac74400, 0x00007a503ac744f0] Compiler: , Barriers: 0, Oops: 0, ImmediateOops: 0, NonImmediateOops: No
[1,583s][debug][gc,nmethod  ] Register NMethod: java.util.ImmutableCollections.listFromTrustedArray (0x00007a501b8a7c08) [0x00007a501b8a7d00, 0x00007a501b8a8ee0] Compiler: c1, Barriers: 19, Oops: 0, ImmediateOops: 2, NonImmediateOops: No
[1,583s][debug][gc,nmethod  ] Register NMethod: java.lang.invoke.BootstrapMethodInvoker.invoke (0x00007a501b8a8f08) [0x00007a501b8a9000, 0x00007a501b8b2e18] Compiler: c1, Barriers: 54, Oops: 0, ImmediateOops: 9, NonImmediateOops: No
[1,583s][debug][gc,nmethod  ] Register NMethod: java.lang.invoke.MethodHandle.linkToSpecial (0x00007a503ac74608) [0x00007a503ac74700, 0x00007a503ac747f8] Compiler: , Barriers: 0, Oops: 0, ImmediateOops: 0, NonImmediateOops: No
[1,584s][debug][gc,nmethod  ] Register NMethod: java.lang.invoke.InfoFromMemberName.getMethodType (0x00007a501b8b2e88) [0x00007a501b8b2f80, 0x00007a501b8b32b0] Compiler: c1, Barriers: 1, Oops: 0, ImmediateOops: 0, NonImmediateOops: No
[1,584s][debug][gc,nmethod  ] Register NMethod: java.lang.invoke.InnerClassLambdaMetafactory.sanitizedTargetClassName (0x00007a501b8b3308) [0x00007a501b8b3400, 0x00007a501b8b3de0] Compiler: c1, Barriers: 1, Oops: 0, ImmediateOops: 0, NonImmediateOops: No
[1,584s][debug][gc,nmethod  ] Register NMethod: java.lang.invoke.InfoFromMemberName.getName (0x00007a501b8b3e08) [0x00007a501b8b3f00, 0x00007a501b8b4738] Compiler: c1, Barriers: 6, Oops: 0, ImmediateOops: 0, NonImmediateOops: No
[1,584s][debug][gc,nmethod  ] Register NMethod: jdk.internal.misc.CDS.isDumpingArchive (0x00007a501b8b4788) [0x00007a501b8b4880, 0x00007a501b8b4978] Compiler: c1, Barriers: 0, Oops: 0, ImmediateOops: 0, NonImmediateOops: No
[1,584s][debug][gc,nmethod  ] Register NMethod: jdk.internal.classfile.impl.DirectCodeBuilder.invokespecial (0x00007a501b8b4a88) [0x00007a501b8b4b80, 0x00007a501b8b56f0] Compiler: c1, Barriers: 2, Oops: 0, ImmediateOops: 0, NonImmediateOops: No
[1,584s][debug][gc,nmethod  ] Register NMethod: jdk.internal.classfile.impl.Util.pow31 (0x00007a501b8b5708) [0x00007a501b8b5800, 0x00007a501b8b5ab0] Compiler: c1, Barriers: 0, Oops: 1, ImmediateOops: 1, NonImmediateOops: No
[1,584s][debug][gc,nmethod  ] Register NMethod: java.lang.invoke.MethodHandles$Lookup.hasFullPrivilegeAccess (0x00007a501b8b5b08) [0x00007a501b8b5c00, 0x00007a501b8b5d58] Compiler: c1, Barriers: 0, Oops: 0, ImmediateOops: 0, NonImmediateOops: No
[1,584s][debug][gc,nmethod  ] Register NMethod: java.lang.invoke.InfoFromMemberName.<init> (0x00007a501b8b5e08) [0x00007a501b8b5f00, 0x00007a501b8b60f8] Compiler: c1, Barriers: 3, Oops: 0, ImmediateOops: 0, NonImmediateOops: No
[1,584s][debug][gc,nmethod  ] Register NMethod: java.lang.invoke.InnerClassLambdaMetafactory.implClassDesc (0x00007a501b8b6108) [0x00007a501b8b6200, 0x00007a501b8b70a8] Compiler: c1, Barriers: 2, Oops: 1, ImmediateOops: 2, NonImmediateOops: No
[1,585s][debug][gc,nmethod  ] Register NMethod: java.lang.invoke.InnerClassLambdaMetafactory.lambdaClassName (0x00007a501b8b7108) [0x00007a501b8b7200, 0x00007a501b8b9f98] Compiler: c1, Barriers: 6, Oops: 1, ImmediateOops: 8, NonImmediateOops: No
[1,585s][debug][gc,nmethod  ] Register NMethod: java.lang.invoke.MethodHandles$Lookup.revealDirect (0x00007a501b8ba008) [0x00007a501b8ba100, 0x00007a501b8bce28] Compiler: c1, Barriers: 2, Oops: 2, ImmediateOops: 4, NonImmediateOops: No
[1,585s][debug][gc,nmethod  ] Register NMethod: jdk.internal.classfile.impl.Util.entryList (0x00007a501b8bce88) [0x00007a501b8bcf80, 0x00007a501b8bdd78] Compiler: c1, Barriers: 3, Oops: 1, ImmediateOops: 1, NonImmediateOops: No
[1,585s][debug][gc,nmethod  ] Register NMethod: java.lang.invoke.InnerClassLambdaMetafactory.convertArgumentTypes (0x00007a501b8bdd88) [0x00007a501b8bde80, 0x00007a501b8bf148] Compiler: c1, Barriers: 12, Oops: 0, ImmediateOops: 1, NonImmediateOops: No
[1,586s][debug][gc,nmethod  ] Register NMethod: java.lang.invoke.AbstractValidatingLambdaMetafactory.checkDescriptor (0x00007a501b8bf188) [0x00007a501b8bf280, 0x00007a501b8c3820] Compiler: c1, Barriers: 37, Oops: 3, ImmediateOops: 7, NonImmediateOops: No
[1,586s][debug][gc,nmethod  ] Register NMethod: java.lang.invoke.InnerClassLambdaMetafactory$1.accept (0x00007a501b8c3888) [0x00007a501b8c3980, 0x00007a501b8c71f0] Compiler: c1, Barriers: 41, Oops: 0, ImmediateOops: 0, NonImmediateOops: No
[1,586s][debug][gc,nmethod  ] Register NMethod: java.lang.invoke.InnerClassLambdaMetafactory.<init> (0x00007a501b8c7208) [0x00007a501b8c7300, 0x00007a501b8d12f8] Compiler: c1, Barriers: 79, Oops: 7, ImmediateOops: 32, NonImmediateOops: No
[1,586s][debug][gc,nmethod  ] Register NMethod: java.lang.invoke.InnerClassLambdaMetafactory$3.accept (0x00007a501b8d1388) [0x00007a501b8d1480, 0x00007a501b8d3a18] Compiler: c1, Barriers: 18, Oops: 1, ImmediateOops: 5, NonImmediateOops: No
[1,586s][debug][gc,nmethod  ] Register NMethod: java.lang.invoke.AbstractValidatingLambdaMetafactory.isAdaptableToAsReturn (0x00007a501b8d3a88) [0x00007a501b8d3b80, 0x00007a501b8d4260] Compiler: c1, Barriers: 0, Oops: 1, ImmediateOops: 2, NonImmediateOops: No
[1,587s][debug][gc,nmethod  ] Register NMethod: java.lang.invoke.AbstractValidatingLambdaMetafactory.isAdaptableToAsReturnStrict (0x00007a501b8d4288) [0x00007a501b8d4380, 0x00007a501b8d4ca8] Compiler: c1, Barriers: 0, Oops: 1, ImmediateOops: 2, NonImmediateOops: No
[1,587s][debug][gc,nmethod  ] Register NMethod: java.lang.invoke.AbstractValidatingLambdaMetafactory.validateMetafactoryArgs (0x00007a501b8d4d08) [0x00007a501b8d4e00, 0x00007a501b8e2d50] Compiler: c1, Barriers: 156, Oops: 7, ImmediateOops: 25, NonImmediateOops: No
[1,587s][debug][gc,nmethod  ] Register NMethod: java.lang.invoke.AbstractValidatingLambdaMetafactory.<init> (0x00007a501b8e2e08) [0x00007a501b8e2f00, 0x00007a501b8ee018] Compiler: c1, Barriers: 117, Oops: 5, ImmediateOops: 13, NonImmediateOops: No
[1,587s][debug][gc,nmethod  ] Register NMethod: java.lang.invoke.InnerClassLambdaMetafactory.spinInnerClass (0x00007a501b8ee088) [0x00007a501b8ee180, 0x00007a501b8ee3f8] Compiler: c1, Barriers: 0, Oops: 0, ImmediateOops: 0, NonImmediateOops: No
[1,587s][debug][gc,nmethod  ] Register NMethod: jdk.internal.misc.CDS.isUsingArchive (0x00007a501b8ee408) [0x00007a501b8ee500, 0x00007a501b8ee5f8] Compiler: c1, Barriers: 0, Oops: 0, ImmediateOops: 0, NonImmediateOops: No
[1,587s][debug][gc,nmethod  ] Register NMethod: java.lang.invoke.InnerClassLambdaMetafactory$1.accept (0x00007a501b8ee708) [0x00007a501b8ee800, 0x00007a501b8eeb68] Compiler: c1, Barriers: 0, Oops: 0, ImmediateOops: 0, NonImmediateOops: No
[1,587s][debug][gc,nmethod  ] Register NMethod: java.lang.invoke.InnerClassLambdaMetafactory$1.<init> (0x00007a501b8eeb88) [0x00007a501b8eec80, 0x00007a501b8ef018] Compiler: c1, Barriers: 6, Oops: 0, ImmediateOops: 0, NonImmediateOops: No
[1,587s][debug][gc,nmethod  ] Register NMethod: java.lang.invoke.InnerClassLambdaMetafactory.generateInnerClass (0x00007a501b8ef088) [0x00007a501b8ef180, 0x00007a501b8f3288] Compiler: c1, Barriers: 30, Oops: 2, ImmediateOops: 11, NonImmediateOops: No
[1,587s][debug][gc,nmethod  ] Register NMethod: jdk.internal.access.SharedSecrets.getJavaUtilCollectionAccess (0x00007a501b8f3308) [0x00007a501b8f3400, 0x00007a501b8f3690] Compiler: c1, Barriers: 2, Oops: 1, ImmediateOops: 3, NonImmediateOops: No
[1,587s][debug][gc,nmethod  ] Register NMethod: java.lang.classfile.ClassBuilder.withInterfaceSymbols (0x00007a501b8f3708) [0x00007a501b8f3800, 0x00007a501b8f4308] Compiler: c1, Barriers: 3, Oops: 0, ImmediateOops: 0, NonImmediateOops: No
[1,588s][debug][gc,nmethod  ] Register NMethod: java.lang.invoke.InnerClassLambdaMetafactory.buildCallSite (0x00007a501b8f4388) [0x00007a501b8f4480, 0x00007a501b8f6428] Compiler: c1, Barriers: 16, Oops: 1, ImmediateOops: 6, NonImmediateOops: No
[1,588s][debug][gc,nmethod  ] Register NMethod: java.util.stream.ReferencePipeline$3.<init> (0x00007a501b8f6488) [0x00007a501b8f6580, 0x00007a501b8f6960] Compiler: c1, Barriers: 3, Oops: 0, ImmediateOops: 0, NonImmediateOops: No
[1,588s][debug][gc,nmethod  ] Register NMethod: java.util.stream.ReferencePipeline.map (0x00007a501b8f6988) [0x00007a501b8f6a80, 0x00007a501b8f6f90] Compiler: c1, Barriers: 3, Oops: 1, ImmediateOops: 0, NonImmediateOops: No
[1,588s][debug][gc,nmethod  ] Register NMethod: java.util.stream.Sink$ChainedReference.begin (0x00007a501b8f7008) [0x00007a501b8f7100, 0x00007a501b8f7440] Compiler: c1, Barriers: 1, Oops: 0, ImmediateOops: 0, NonImmediateOops: No
[1,588s][debug][gc,nmethod  ] Register NMethod: java.util.ImmutableCollections$Access$1.listFromTrustedArray (0x00007a501b8f7488) [0x00007a501b8f7580, 0x00007a501b8f76b0] Compiler: c1, Barriers: 0, Oops: 0, ImmediateOops: 0, NonImmediateOops: No
[1,588s][debug][gc,nmethod  ] Register NMethod: java.util.stream.ReferencePipeline$3.opWrapSink (0x00007a501b8f7788) [0x00007a501b8f7880, 0x00007a501b8f7ff8] Compiler: c1, Barriers: 7, Oops: 0, ImmediateOops: 0, NonImmediateOops: No
[1,588s][debug][gc,nmethod  ] Register NMethod: java.util.stream.ReferencePipeline$3$1.<init> (0x00007a501b8f8008) [0x00007a501b8f8100, 0x00007a501b8f8858] Compiler: c1, Barriers: 6, Oops: 0, ImmediateOops: 0, NonImmediateOops: No
[1,588s][debug][gc,nmethod  ] Register NMethod: java.lang.invoke.InnerClassLambdaMetafactory.generateConstructor (0x00007a501b8f8888) [0x00007a501b8f8980, 0x00007a501b8f8ef8] Compiler: c1, Barriers: 4, Oops: 1, ImmediateOops: 1, NonImmediateOops: No
[1,588s][debug][gc,nmethod  ] Register NMethod: org.junit.platform.commons.util.AnnotationUtils.findRepeatableAnnotations (0x00007a501b8f8f08) [0x00007a501b8f9000, 0x00007a501b8fa0e0] Compiler: c1, Barriers: 1, Oops: 1, ImmediateOops: 2, NonImmediateOops: No
[1,588s][debug][gc,nmethod  ] Register NMethod: java.lang.invoke.InnerClassLambdaMetafactory$3.<init> (0x00007a501b8fa108) [0x00007a501b8fa200, 0x00007a501b8fa528] Compiler: c1, Barriers: 3, Oops: 0, ImmediateOops: 0, NonImmediateOops: No
[1,588s][debug][gc,nmethod  ] Register NMethod: java.lang.invoke.InnerClassLambdaMetafactory$3.accept (0x00007a501b8fa588) [0x00007a501b8fa680, 0x00007a501b8fa9e8] Compiler: c1, Barriers: 0, Oops: 0, ImmediateOops: 0, NonImmediateOops: No
[1,588s][debug][gc,nmethod  ] Register NMethod: java.lang.invoke.InnerClassLambdaMetafactory$6.<init> (0x00007a501b8faa08) [0x00007a501b8fab00, 0x00007a501b8fae90] Compiler: c1, Barriers: 6, Oops: 0, ImmediateOops: 0, NonImmediateOops: No
[1,588s][debug][gc,nmethod  ] Register NMethod: java.lang.invoke.InnerClassLambdaMetafactory.forwardingMethod (0x00007a501b8faf08) [0x00007a501b8fb000, 0x00007a501b8fb368] Compiler: c1, Barriers: 6, Oops: 0, ImmediateOops: 0, NonImmediateOops: No
[1,588s][debug][gc,nmethod  ] Register NMethod: java.lang.invoke.InnerClassLambdaMetafactory$6.accept (0x00007a501b8fb388) [0x00007a501b8fb480, 0x00007a501b8fb7e8] Compiler: c1, Barriers: 0, Oops: 0, ImmediateOops: 0, NonImmediateOops: No
[1,588s][debug][gc,nmethod  ] Register NMethod: java.lang.invoke.MethodHandles$Lookup.makeHiddenClassDefiner (0x00007a501b8fb808) [0x00007a501b8fb900, 0x00007a501b8fbba8] Compiler: c1, Barriers: 0, Oops: 0, ImmediateOops: 0, NonImmediateOops: No
[1,588s][debug][gc,director ] Rule Major: Warmup 10%, Used: 88MB, UsedThreshold: 1228MB
[1,588s][debug][gc,nmethod  ] Register NMethod: java.lang.invoke.DirectMethodHandle$Holder.invokeStatic (0x00007a501b8fbc08) [0x00007a501b8fbd00, 0x00007a501b8fc0d8] Compiler: c1, Barriers: 1, Oops: 0, ImmediateOops: 0, NonImmediateOops: No
[1,588s][debug][gc,nmethod  ] Register NMethod: java.lang.invoke.InnerClassLambdaMetafactory.invocationOpcode (0x00007a501b8fc108) [0x00007a501b8fc200, 0x00007a501b8fd0a8] Compiler: c1, Barriers: 0, Oops: 1, ImmediateOops: 7, NonImmediateOops: No
[1,588s][debug][gc,nmethod  ] Register NMethod: java.lang.invoke.InnerClassLambdaMetafactory$6.accept (0x00007a501b8fd108) [0x00007a501b8fd200, 0x00007a501b903518] Compiler: c1, Barriers: 44, Oops: 4, ImmediateOops: 10, NonImmediateOops: No
[1,589s][debug][gc,nmethod  ] Register NMethod: java.util.Collections.unmodifiableSet (0x00007a501b903588) [0x00007a501b903680, 0x00007a501b903c98] Compiler: c1, Barriers: 3, Oops: 0, ImmediateOops: 1, NonImmediateOops: No
[1,589s][debug][gc,nmethod  ] Register NMethod: java.util.ArrayList.spliterator (0x00007a501b903d08) [0x00007a501b903e00, 0x00007a501b904110] Compiler: c1, Barriers: 3, Oops: 0, ImmediateOops: 0, NonImmediateOops: No
[1,589s][debug][gc,nmethod  ] Register NMethod: java.util.ArrayList$ArrayListSpliterator.<init> (0x00007a501b904188) [0x00007a501b904280, 0x00007a501b9045c0] Compiler: c1, Barriers: 3, Oops: 0, ImmediateOops: 0, NonImmediateOops: No
[1,589s][debug][gc,nmethod  ] Register NMethod: java.util.Collections$UnmodifiableSet.<init> (0x00007a501b904608) [0x00007a501b904700, 0x00007a501b904a20] Compiler: c1, Barriers: 3, Oops: 0, ImmediateOops: 0, NonImmediateOops: No
[1,589s][debug][gc,nmethod  ] Register NMethod: java.lang.invoke.MethodHandle.linkToStatic (0x00007a503ac74908) [0x00007a503ac74a00, 0x00007a503ac74af0] Compiler: , Barriers: 0, Oops: 0, ImmediateOops: 0, NonImmediateOops: No
[1,589s][debug][gc,nmethod  ] Register NMethod: java.nio.Buffer.limit (0x00007a501b904a88) [0x00007a501b904b80, 0x00007a501b904df0] Compiler: c1, Barriers: 0, Oops: 0, ImmediateOops: 0, NonImmediateOops: No
[1,589s][debug][gc,nmethod  ] Register NMethod: java.lang.invoke.MethodHandles$Lookup.findConstructor (0x00007a501b904e08) [0x00007a501b904f00, 0x00007a501b906428] Compiler: c1, Barriers: 2, Oops: 1, ImmediateOops: 3, NonImmediateOops: No
[1,589s][debug][gc,nmethod  ] Register NMethod: java.lang.invoke.LambdaMetafactory.metafactory (0x00007a501b906488) [0x00007a501b906580, 0x00007a501b907138] Compiler: c1, Barriers: 0, Oops: 0, ImmediateOops: 2, NonImmediateOops: No
[1,591s][debug][gc,nmethod  ] Register NMethod: java.lang.Character.isHighSurrogate (0x00007a501b907188) [0x00007a501b907280, 0x00007a501b9073e0] Compiler: c1, Barriers: 0, Oops: 0, ImmediateOops: 0, NonImmediateOops: No
[1,591s][debug][gc,nmethod  ] Register NMethod: java.lang.Character.codePointAt (0x00007a501b907488) [0x00007a501b907580, 0x00007a501b907f50] Compiler: c1, Barriers: 0, Oops: 0, ImmediateOops: 0, NonImmediateOops: No
[1,591s][debug][gc,nmethod  ] Register NMethod: java.util.HashMap.put (0x00007a503ac74c08) [0x00007a503ac74d00, 0x00007a503ac75aa8] Compiler: jvmci, Barriers: 33, Oops: 0, ImmediateOops: 0, NonImmediateOops: No
[1,594s][debug][gc,nmethod  ] Register NMethod: jdk.internal.loader.BuiltinClassLoader.isSealed (0x00007a501b907f88) [0x00007a501b908080, 0x00007a501b90bb30] Compiler: c1, Barriers: 10, Oops: 3, ImmediateOops: 15, NonImmediateOops: No
[1,595s][debug][gc,nmethod  ] Register NMethod: jdk.internal.classfile.impl.AbstractPoolEntry$Utf8EntryImpl.<init> (0x00007a501b90bb88) [0x00007a501b90bc80, 0x00007a501b90c238] Compiler: c1, Barriers: 23, Oops: 0, ImmediateOops: 0, NonImmediateOops: No
[1,596s][debug][gc,nmethod  ] Register NMethod: jdk.internal.classfile.impl.SplitConstantPool.tryFindUtf8 (0x00007a501b90c288) [0x00007a501b90c380, 0x00007a501b90d7a8] Compiler: c1, Barriers: 1, Oops: 0, ImmediateOops: 0, NonImmediateOops: No
[1,598s][debug][gc,nmethod  ] Register NMethod: jdk.internal.classfile.impl.AbstractPoolEntry$Utf8EntryImpl.mayBeArrayDescriptor (0x00007a501b90d808) [0x00007a501b90d900, 0x00007a501b90dde0] Compiler: c1, Barriers: 2, Oops: 0, ImmediateOops: 1, NonImmediateOops: No
[1,598s][debug][gc,nmethod  ] Register NMethod: java.lang.invoke.LambdaForm$MH/0x000000005d085000.invoke (0x00007a501b90de08) [0x00007a501b90df00, 0x00007a501b90ea60] Compiler: c1, Barriers: 2, Oops: 1, ImmediateOops: 0, NonImmediateOops: No
[1,598s][debug][gc,nmethod  ] Register NMethod: jdk.internal.classfile.impl.Util.descriptorStringHash (0x00007a501b90ea88) [0x00007a501b90eb80, 0x00007a501b911168] Compiler: c1, Barriers: 4, Oops: 1, ImmediateOops: 9, NonImmediateOops: No
[1,598s][debug][gc,director ] Rule Major: Warmup 10%, Used: 90MB, UsedThreshold: 1228MB
[1,600s][debug][gc,nmethod  ] Register NMethod: org.junit.platform.commons.util.AnnotationUtils.findRepeatableAnnotations (0x00007a501b911188) [0x00007a501b911280, 0x00007a501b9180e8] Compiler: c1, Barriers: 21, Oops: 8, ImmediateOops: 21, NonImmediateOops: No
[1,600s][debug][gc,nmethod  ] Register NMethod: jdk.internal.classfile.impl.AbstractPoolEntry$ClassEntryImpl.clone (0x00007a501b918188) [0x00007a501b918280, 0x00007a501b918780] Compiler: c1, Barriers: 0, Oops: 0, ImmediateOops: 0, NonImmediateOops: No
[1,600s][debug][gc,nmethod  ] Register NMethod: jdk.internal.classfile.impl.AbstractPoolEntry$ClassEntryImpl.clone (0x00007a501b918788) [0x00007a501b918880, 0x00007a501b918fa0] Compiler: c1, Barriers: 0, Oops: 0, ImmediateOops: 0, NonImmediateOops: No
[1,600s][debug][gc,nmethod  ] Register NMethod: jdk.internal.classfile.impl.SplitConstantPool.cloneClassEntry (0x00007a501b919008) [0x00007a501b919100, 0x00007a501b91a228] Compiler: c1, Barriers: 8, Oops: 0, ImmediateOops: 0, NonImmediateOops: No
[1,600s][debug][gc,nmethod  ] Register NMethod: java.util.ArrayList.add (0x00007a503ac75b08) [0x00007a503ac75c00, 0x00007a503ac76358] Compiler: jvmci, Barriers: 16, Oops: 0, ImmediateOops: 1, NonImmediateOops: No
[1,601s][debug][gc,nmethod  ] Register NMethod: java.util.ArrayList.toArray (0x00007a501b91a288) [0x00007a501b91a380, 0x00007a501b91a760] Compiler: c1, Barriers: 2, Oops: 0, ImmediateOops: 0, NonImmediateOops: No
[1,601s][debug][gc,nmethod  ] Register NMethod: java.util.ArrayList.addAll (0x00007a501b91a788) [0x00007a501b91a880, 0x00007a501b91ae20] Compiler: c1, Barriers: 1, Oops: 0, ImmediateOops: 0, NonImmediateOops: No
[1,601s][debug][gc,nmethod  ] Register NMethod: jdk.internal.classfile.impl.DirectClassBuilder.buildInterfaceEnties (0x00007a501b91ae88) [0x00007a501b91af80, 0x00007a501b91c488] Compiler: c1, Barriers: 6, Oops: 0, ImmediateOops: 0, NonImmediateOops: No
[1,601s][debug][gc,nmethod  ] Register NMethod: jdk.internal.classfile.impl.BufWriterImpl.writeU1U2 (0x00007a503ac76388) [0x00007a503ac76480, 0x00007a503ac76980] Compiler: jvmci, Barriers: 4, Oops: 0, ImmediateOops: 0, NonImmediateOops: No
[1,602s][debug][gc,nmethod  ] Register NMethod: java.lang.invoke.MethodHandle.setAsTypeCache (0x00007a501b91c508) [0x00007a501b91c600, 0x00007a501b91ced8] Compiler: c1, Barriers: 14, Oops: 0, ImmediateOops: 2, NonImmediateOops: No
[1,603s][debug][gc,nmethod  ] Register NMethod: java.lang.invoke.MethodHandleImpl.countNonNull (0x00007a501b91cf08) [0x00007a501b91d000, 0x00007a501b91d248] Compiler: c1, Barriers: 1, Oops: 0, ImmediateOops: 0, NonImmediateOops: No
[1,603s][debug][gc,nmethod  ] Register NMethod: java.lang.invoke.MethodHandleImpl.computeValueConversions (0x00007a501b91d288) [0x00007a501b91d380, 0x00007a501b91e660] Compiler: c1, Barriers: 10, Oops: 0, ImmediateOops: 0, NonImmediateOops: No
[1,603s][debug][gc,nmethod  ] Register NMethod: java.lang.invoke.MethodHandle.asTypeUncached (0x00007a501b91e688) [0x00007a501b91e780, 0x00007a501b9203b0] Compiler: c1, Barriers: 1, Oops: 2, ImmediateOops: 4, NonImmediateOops: No
[1,603s][debug][gc,nmethod  ] Register NMethod: java.lang.invoke.MethodHandleImpl.makePairwiseConvert (0x00007a501b920408) [0x00007a501b920500, 0x00007a501b920618] Compiler: c1, Barriers: 0, Oops: 0, ImmediateOops: 0, NonImmediateOops: No
[1,603s][debug][gc,nmethod  ] Register NMethod: java.lang.invoke.MethodHandleImpl.makePairwiseConvert (0x00007a501b920708) [0x00007a501b920800, 0x00007a501b920b70] Compiler: c1, Barriers: 1, Oops: 0, ImmediateOops: 0, NonImmediateOops: No
[1,603s][debug][gc,nmethod  ] Register NMethod: java.lang.invoke.MethodType.isConvertibleTo (0x00007a501b920b88) [0x00007a501b920c80, 0x00007a501b9221e0] Compiler: c1, Barriers: 12, Oops: 0, ImmediateOops: 0, NonImmediateOops: No
[1,603s][debug][gc,nmethod  ] Register NMethod: java.util.regex.Pattern.lambda$ALL$0 (0x00007a503ac76988) [0x00007a503ac76a80, 0x00007a503ac76b20] Compiler: c1, Barriers: 0, Oops: 0, ImmediateOops: 0, NonImmediateOops: No
[1,604s][debug][gc,nmethod  ] Register NMethod: java.lang.Module.isExplicitlyExportedOrOpened (0x00007a501b922208) [0x00007a501b922300, 0x00007a501b922e90] Compiler: c1, Barriers: 2, Oops: 0, ImmediateOops: 0, NonImmediateOops: No
[1,604s][debug][gc,nmethod  ] Register NMethod: java.util.Optional.isEmpty (0x00007a501b922f08) [0x00007a501b923000, 0x00007a501b923180] Compiler: c1, Barriers: 1, Oops: 0, ImmediateOops: 0, NonImmediateOops: No
[1,604s][debug][gc,nmethod  ] Register NMethod: java.util.regex.Pattern$$Lambda/0x000000005d110720.is (0x00007a501b923208) [0x00007a501b923300, 0x00007a501b923460] Compiler: c1, Barriers: 0, Oops: 0, ImmediateOops: 0, NonImmediateOops: No
[1,605s][debug][gc,nmethod  ] Register NMethod: java.lang.invoke.MethodHandle.invokeBasic (0x00007a503ac76c88) [0x00007a503ac76d80, 0x00007a503ac77018] Compiler: , Barriers: 0, Oops: 0, ImmediateOops: 0, NonImmediateOops: No
[1,605s][debug][gc,nmethod  ] Register NMethod: java.lang.invoke.MethodHandleStatics.dumper (0x00007a501b923508) [0x00007a501b923600, 0x00007a501b9236e8] Compiler: c1, Barriers: 0, Oops: 0, ImmediateOops: 1, NonImmediateOops: No
[1,605s][debug][gc,nmethod  ] Register NMethod: java.lang.invoke.MethodHandleImpl.makePairwiseConvertByEditor (0x00007a501b923808) [0x00007a501b923900, 0x00007a501b92ea78] Compiler: c1, Barriers: 43, Oops: 3, ImmediateOops: 15, NonImmediateOops: No
[1,606s][debug][gc,nmethod  ] Register NMethod: java.lang.invoke.LambdaFormBuffer.ownedCount (0x00007a501b92eb08) [0x00007a501b92ec00, 0x00007a501b92ed08] Compiler: c1, Barriers: 0, Oops: 0, ImmediateOops: 0, NonImmediateOops: No
[1,606s][debug][gc,nmethod  ] Register NMethod: java.lang.invoke.LambdaForm$NamedFunction.intrinsicName (0x00007a501b92ee08) [0x00007a501b92ef00, 0x00007a501b92f2a8] Compiler: c1, Barriers: 1, Oops: 0, ImmediateOops: 1, NonImmediateOops: No
[1,606s][debug][gc,nmethod  ] Register NMethod: java.lang.invoke.InvokerBytecodeGenerator.emitStoreResult (0x00007a501b92f308) [0x00007a501b92f400, 0x00007a501b92fab8] Compiler: c1, Barriers: 3, Oops: 0, ImmediateOops: 1, NonImmediateOops: No
[1,606s][debug][gc,nmethod  ] Register NMethod: java.lang.invoke.InvokerBytecodeGenerator.emitPushArguments (0x00007a501b92fb08) [0x00007a501b92fc00, 0x00007a501b930820] Compiler: c1, Barriers: 12, Oops: 0, ImmediateOops: 0, NonImmediateOops: No
[1,606s][debug][gc,nmethod  ] Register NMethod: java.lang.invoke.MethodHandle.linkToSpecial (0x00007a503ac77088) [0x00007a503ac77180, 0x00007a503ac77278] Compiler: , Barriers: 0, Oops: 0, ImmediateOops: 0, NonImmediateOops: No
[1,607s][debug][gc,nmethod  ] Register NMethod: java.lang.invoke.LambdaForm$NamedFunction.member (0x00007a501b930888) [0x00007a501b930980, 0x00007a501b930ac0] Compiler: c1, Barriers: 1, Oops: 0, ImmediateOops: 0, NonImmediateOops: No
[1,607s][debug][gc,nmethod  ] Register NMethod: java.lang.invoke.MemberName.isPrivate (0x00007a501b930b88) [0x00007a501b930c80, 0x00007a501b930e30] Compiler: c1, Barriers: 0, Oops: 0, ImmediateOops: 0, NonImmediateOops: No
[1,607s][debug][gc,nmethod  ] Register NMethod: java.lang.invoke.MethodHandle.linkToSpecial (0x00007a503ac77388) [0x00007a503ac77480, 0x00007a503ac77578] Compiler: , Barriers: 0, Oops: 0, ImmediateOops: 0, NonImmediateOops: No
[1,607s][debug][gc,nmethod  ] Register NMethod: java.lang.invoke.InvokerBytecodeGenerator.refKindOpcode (0x00007a501b930e88) [0x00007a501b930f80, 0x00007a501b931ea0] Compiler: c1, Barriers: 0, Oops: 1, ImmediateOops: 10, NonImmediateOops: No
[1,607s][debug][gc,nmethod  ] Register NMethod: java.lang.invoke.MethodHandle.linkToInterface (0x00007a503ac77688) [0x00007a503ac77780, 0x00007a503ac778b0] Compiler: , Barriers: 0, Oops: 0, ImmediateOops: 0, NonImmediateOops: No
[1,607s][debug][gc,nmethod  ] Register NMethod: jdk.internal.classfile.impl.DirectCodeBuilder.astore (0x00007a501b931f08) [0x00007a501b932000, 0x00007a501b9323f0] Compiler: c1, Barriers: 1, Oops: 0, ImmediateOops: 0, NonImmediateOops: No
[1,607s][debug][gc,nmethod  ] Register NMethod: java.lang.invoke.InvokerBytecodeGenerator.emitStaticInvoke (0x00007a501b932408) [0x00007a501b932500, 0x00007a501b934be8] Compiler: c1, Barriers: 9, Oops: 0, ImmediateOops: 2, NonImmediateOops: No
[1,608s][debug][gc,nmethod  ] Register NMethod: java.lang.invoke.InvokerBytecodeGenerator.isStaticallyInvocable (0x00007a501b934c08) [0x00007a501b934d00, 0x00007a501b937bf8] Compiler: c1, Barriers: 4, Oops: 0, ImmediateOops: 3, NonImmediateOops: No
[1,608s][debug][gc,nmethod  ] Register NMethod: jdk.internal.classfile.impl.DirectCodeBuilder.localAccess (0x00007a501b937c08) [0x00007a501b937d00, 0x00007a501b93ac00] Compiler: c1, Barriers: 8, Oops: 1, ImmediateOops: 13, NonImmediateOops: No
[1,608s][debug][gc,director ] Rule Major: Warmup 10%, Used: 92MB, UsedThreshold: 1228MB
[1,609s][debug][gc,nmethod  ] Register NMethod: java.util.Objects.equals (0x00007a503ac77988) [0x00007a503ac77a80, 0x00007a503ac77f20] Compiler: jvmci, Barriers: 8, Oops: 0, ImmediateOops: 0, NonImmediateOops: No
[1,610s][debug][gc,nmethod  ] Register NMethod: java.lang.invoke.MethodHandles$Lookup.resolveOrFail (0x00007a501b93ac88) [0x00007a501b93ad80, 0x00007a501b93cb70] Compiler: c1, Barriers: 7, Oops: 1, ImmediateOops: 3, NonImmediateOops: No
[1,611s][debug][gc,nmethod  ] Register NMethod: java.lang.invoke.MethodHandles$Lookup.getDirectMethodForConstant (0x00007a501b93cb88) [0x00007a501b93cc80, 0x00007a501b93edb8] Compiler: c1, Barriers: 0, Oops: 1, ImmediateOops: 4, NonImmediateOops: No
[1,611s][debug][gc,nmethod  ] Register NMethod: java.lang.invoke.MethodHandles$Lookup.canBeCached (0x00007a501b93ee08) [0x00007a501b93ef00, 0x00007a501b941740] Compiler: c1, Barriers: 8, Oops: 1, ImmediateOops: 1, NonImmediateOops: No
[1,611s][debug][gc,nmethod  ] Register NMethod: java.util.Spliterators$ArraySpliterator.<init> (0x00007a501b941788) [0x00007a501b941880, 0x00007a501b941a78] Compiler: c1, Barriers: 3, Oops: 0, ImmediateOops: 0, NonImmediateOops: No
[1,611s][debug][gc,nmethod  ] Register NMethod: java.lang.invoke.DirectMethodHandle.shouldBeInitialized (0x00007a501b941a88) [0x00007a501b941b80, 0x00007a501b942cb8] Compiler: c1, Barriers: 1, Oops: 1, ImmediateOops: 9, NonImmediateOops: No
[1,611s][debug][gc,nmethod  ] Register NMethod: java.lang.reflect.Proxy.newProxyInstance (0x00007a501b942d08) [0x00007a501b942e00, 0x00007a501b943098] Compiler: c1, Barriers: 0, Oops: 0, ImmediateOops: 0, NonImmediateOops: No
[1,612s][debug][gc,nmethod  ] Register NMethod: java.lang.reflect.Proxy.<init> (0x00007a501b943108) [0x00007a501b943200, 0x00007a501b943520] Compiler: c1, Barriers: 3, Oops: 0, ImmediateOops: 0, NonImmediateOops: No
[1,612s][debug][gc,nmethod  ] Register NMethod: jdk.internal.classfile.impl.Util.isDoubleSlot (0x00007a503ac77f88) [0x00007a503ac78080, 0x00007a503ac78138] Compiler: jvmci, Barriers: 0, Oops: 0, ImmediateOops: 2, NonImmediateOops: No
[1,612s][debug][gc,nmethod  ] Register NMethod: java.lang.reflect.Proxy.newProxyInstance (0x00007a501b943588) [0x00007a501b943680, 0x00007a501b944bd0] Compiler: c1, Barriers: 3, Oops: 0, ImmediateOops: 0, NonImmediateOops: No
[1,612s][debug][gc,nmethod  ] Register NMethod: java.lang.reflect.Proxy.getProxyConstructor (0x00007a501b944c08) [0x00007a501b944d00, 0x00007a501b9469d8] Compiler: c1, Barriers: 16, Oops: 3, ImmediateOops: 8, NonImmediateOops: No
[1,612s][debug][gc,nmethod  ] Register NMethod: java.lang.invoke.MethodHandle.linkToStatic (0x00007a503ac78288) [0x00007a503ac78380, 0x00007a503ac78470] Compiler: , Barriers: 0, Oops: 0, ImmediateOops: 0, NonImmediateOops: No
[1,613s][debug][gc,nmethod  ] Register NMethod: java.util.Optional.of (0x00007a501b946a08) [0x00007a501b946b00, 0x00007a501b946ea8] Compiler: c1, Barriers: 3, Oops: 0, ImmediateOops: 0, NonImmediateOops: No
[1,613s][debug][gc,nmethod  ] Register NMethod: java.lang.Character.isLowSurrogate (0x00007a501b946f08) [0x00007a501b947000, 0x00007a501b947160] Compiler: c1, Barriers: 0, Oops: 0, ImmediateOops: 0, NonImmediateOops: No
[1,613s][debug][gc,nmethod  ] Register NMethod: java.util.regex.Pattern$GroupTail.match (0x00007a501b947208) [0x00007a501b947300, 0x00007a501b947898] Compiler: c1, Barriers: 4, Oops: 0, ImmediateOops: 0, NonImmediateOops: No
[1,613s][debug][gc,nmethod  ] Register NMethod: java.util.stream.Collectors$$Lambda/0x000000005d10f528.accept (0x00007a501b947908) [0x00007a501b947a00, 0x00007a501b9481f0] Compiler: c1, Barriers: 4, Oops: 0, ImmediateOops: 0, NonImmediateOops: No
[1,613s][debug][gc,nmethod  ] Register NMethod: java.util.regex.Pattern$BmpCharProperty.match (0x00007a501b948208) [0x00007a501b948300, 0x00007a501b948b98] Compiler: c1, Barriers: 2, Oops: 0, ImmediateOops: 0, NonImmediateOops: No
[1,613s][debug][gc,nmethod  ] Register NMethod: java.lang.Character.codePointBefore (0x00007a501b948c08) [0x00007a501b948d00, 0x00007a501b9494c8] Compiler: c1, Barriers: 0, Oops: 0, ImmediateOops: 0, NonImmediateOops: No
[1,613s][debug][gc,nmethod  ] Register NMethod: java.util.Optional.map (0x00007a501b949508) [0x00007a501b949600, 0x00007a501b949fe8] Compiler: c1, Barriers: 4, Oops: 0, ImmediateOops: 2, NonImmediateOops: No
[1,613s][debug][gc,nmethod  ] Register NMethod: java.util.regex.Pattern$$Lambda/0x000000005d0b27a0.is (0x00007a503ac78588) [0x00007a503ac78680, 0x00007a503ac78710] Compiler: jvmci, Barriers: 0, Oops: 0, ImmediateOops: 0, NonImmediateOops: No
[1,614s][debug][gc,nmethod  ] Register NMethod: java.lang.invoke.MethodHandle.asTypeCached (0x00007a501b94a008) [0x00007a501b94a100, 0x00007a501b94a820] Compiler: c1, Barriers: 4, Oops: 0, ImmediateOops: 0, NonImmediateOops: No
[1,616s][debug][gc,nmethod  ] Register NMethod: java.lang.invoke.MethodHandle.linkToStatic (0x00007a503ac78888) [0x00007a503ac78980, 0x00007a503ac78a70] Compiler: , Barriers: 0, Oops: 0, ImmediateOops: 0, NonImmediateOops: No
[1,616s][debug][gc,nmethod  ] Register NMethod: java.lang.invoke.MethodHandle.linkToSpecial (0x00007a503ac78b88) [0x00007a503ac78c80, 0x00007a503ac78d78] Compiler: , Barriers: 0, Oops: 0, ImmediateOops: 0, NonImmediateOops: No
[1,616s][debug][gc,nmethod  ] Register NMethod: java.lang.invoke.MethodHandle.invokeBasic (0x00007a503ac78e88) [0x00007a503ac78f80, 0x00007a503ac79218] Compiler: , Barriers: 0, Oops: 0, ImmediateOops: 0, NonImmediateOops: No
[1,616s][debug][gc,nmethod  ] Register NMethod: java.lang.invoke.MethodHandle.linkToSpecial (0x00007a503ac79288) [0x00007a503ac79380, 0x00007a503ac79478] Compiler: , Barriers: 0, Oops: 0, ImmediateOops: 0, NonImmediateOops: No
[1,618s][debug][gc,nmethod  ] Register NMethod: java.lang.StringLatin1.hashCode (0x00007a501b94a888) [0x00007a501b94a980, 0x00007a501b94aaa8] Compiler: c1, Barriers: 0, Oops: 0, ImmediateOops: 0, NonImmediateOops: No
[1,618s][debug][gc,nmethod  ] Register NMethod: java.util.HashMap$EntryIterator.<init> (0x00007a501b94ab88) [0x00007a501b94ac80, 0x00007a501b94af00] Compiler: c1, Barriers: 0, Oops: 0, ImmediateOops: 0, NonImmediateOops: No
[1,618s][debug][gc,nmethod  ] Register NMethod: java.util.HashMap$EntrySet.iterator (0x00007a501b94af08) [0x00007a501b94b000, 0x00007a501b94b380] Compiler: c1, Barriers: 1, Oops: 0, ImmediateOops: 0, NonImmediateOops: No
[1,618s][debug][gc,nmethod  ] Register NMethod: java.util.HashMap.entrySet (0x00007a501b94b388) [0x00007a501b94b480, 0x00007a501b94b948] Compiler: c1, Barriers: 7, Oops: 0, ImmediateOops: 0, NonImmediateOops: No
[1,618s][debug][gc,nmethod  ] Register NMethod: java.lang.String.hashCode (0x00007a501b94b988) [0x00007a501b94ba80, 0x00007a501b94c0a8] Compiler: c1, Barriers: 2, Oops: 0, ImmediateOops: 0, NonImmediateOops: No
[1,619s][debug][gc,director ] Rule Major: Warmup 10%, Used: 92MB, UsedThreshold: 1228MB
[1,620s][debug][gc,nmethod  ] Register NMethod: java.util.Arrays.fill (0x00007a503ac79588) [0x00007a503ac79680, 0x00007a503ac79818] Compiler: jvmci, Barriers: 3, Oops: 0, ImmediateOops: 0, NonImmediateOops: No
[1,620s][debug][gc,nmethod  ] Register NMethod: jdk.internal.util.StrongReferenceKey.hashCode (0x00007a503ac79888) [0x00007a503ac79980, 0x00007a503ac79ee0] Compiler: jvmci, Barriers: 8, Oops: 0, ImmediateOops: 0, NonImmediateOops: No
[1,628s][debug][gc,nmethod  ] Register NMethod: java.lang.AbstractStringBuilder.append (0x00007a503ac79f08) [0x00007a503ac7a000, 0x00007a503ac7a830] Compiler: jvmci, Barriers: 4, Oops: 0, ImmediateOops: 0, NonImmediateOops: No
[1,628s][debug][gc,nmethod  ] Register NMethod: jdk.internal.classfile.impl.StackMapGenerator.processBlock (0x00007a503ac7a888) [0x00007a503ac7a980, 0x00007a503ac7c988] Compiler: jvmci, Barriers: 52, Oops: 3, ImmediateOops: 6, NonImmediateOops: No
[1,629s][debug][gc,director ] Rule Major: Warmup 10%, Used: 94MB, UsedThreshold: 1228MB
[1,629s][debug][gc,nmethod  ] Register NMethod: java.lang.String.indexOf (0x00007a503ac7ca08) [0x00007a503ac7cb00, 0x00007a503ac7cde0] Compiler: jvmci, Barriers: 2, Oops: 0, ImmediateOops: 0, NonImmediateOops: No
[1,633s][debug][gc,nmethod  ] Register NMethod: java.util.zip.ZipEntry.getName (0x00007a503ac7ce08) [0x00007a503ac7cf00, 0x00007a503ac7cfe8] Compiler: c1, Barriers: 1, Oops: 0, ImmediateOops: 0, NonImmediateOops: No
[1,636s][debug][gc,nmethod  ] Register NMethod: kotlin.jvm.internal.Intrinsics.checkParameterIsNotNull (0x00007a501b94c108) [0x00007a501b94c200, 0x00007a501b94c9e8] Compiler: c1, Barriers: 1, Oops: 2, ImmediateOops: 2, NonImmediateOops: No
[1,636s][debug][gc,nmethod  ] Register NMethod: java.io.FileInputStream.readBytes (0x00007a503ac7d108) [0x00007a503ac7d200, 0x00007a503ac7d368] Compiler: , Barriers: 0, Oops: 0, ImmediateOops: 0, NonImmediateOops: No
[1,636s][debug][gc,nmethod  ] Register NMethod: java.util.LinkedHashMap.<init> (0x00007a501b94ca08) [0x00007a501b94cb00, 0x00007a501b94cd30] Compiler: c1, Barriers: 0, Oops: 0, ImmediateOops: 0, NonImmediateOops: No
[1,639s][debug][gc,director ] Rule Major: Warmup 10%, Used: 96MB, UsedThreshold: 1228MB
[1,644s][debug][gc,nmethod  ] Register NMethod: java.lang.ClassLoader.checkName (0x00007a503ac7d408) [0x00007a503ac7d500, 0x00007a503ac7d688] Compiler: jvmci, Barriers: 1, Oops: 0, ImmediateOops: 0, NonImmediateOops: No
[1,646s][debug][gc,nmethod  ] Register NMethod: java.util.HashMap.hash (0x00007a501b94cd88) [0x00007a501b94ce80, 0x00007a501b94d1b8] Compiler: c1, Barriers: 0, Oops: 0, ImmediateOops: 0, NonImmediateOops: No
[1,648s][debug][gc,nmethod  ] Register NMethod: jdk.internal.classfile.impl.Util.paramSlotSize (0x00007a501b94d208) [0x00007a501b94d300, 0x00007a501b94d530] Compiler: c1, Barriers: 0, Oops: 0, ImmediateOops: 2, NonImmediateOops: No
[1,649s][debug][gc,nmethod  ] Register NMethod: java.util.stream.StreamSpliterators$AbstractWrappingSpliterator.init (0x00007a501b94d588) [0x00007a501b94d680, 0x00007a501b94dd38] Compiler: c1, Barriers: 8, Oops: 0, ImmediateOops: 0, NonImmediateOops: No
[1,649s][debug][gc,director ] Rule Major: Warmup 10%, Used: 98MB, UsedThreshold: 1228MB
[1,649s][debug][gc,nmethod  ] Register NMethod: java.lang.invoke.MethodType.methodType (0x00007a501b94dd88) [0x00007a501b94de80, 0x00007a501b94e030] Compiler: c1, Barriers: 0, Oops: 0, ImmediateOops: 2, NonImmediateOops: No
[1,650s][debug][gc,nmethod  ] Register NMethod: java.lang.CharacterDataLatin1.equalsIgnoreCase (0x00007a503ac7d708) [0x00007a503ac7d800, 0x00007a503ac7d910] Compiler: jvmci, Barriers: 0, Oops: 0, ImmediateOops: 0, NonImmediateOops: No
[1,650s][debug][gc,nmethod  ] Register NMethod: java.lang.invoke.Invokers.callSiteForm (0x00007a501b94e088) [0x00007a501b94e180, 0x00007a501b950bb8] Compiler: c1, Barriers: 23, Oops: 1, ImmediateOops: 5, NonImmediateOops: No
[1,650s][debug][gc,nmethod  ] Register NMethod: java.util.Arrays.spliterator (0x00007a501b950c08) [0x00007a501b950d00, 0x00007a501b950e18] Compiler: c1, Barriers: 0, Oops: 0, ImmediateOops: 0, NonImmediateOops: No
[1,650s][debug][gc,nmethod  ] Register NMethod: java.util.Arrays.stream (0x00007a501b950f08) [0x00007a501b951000, 0x00007a501b951218] Compiler: c1, Barriers: 0, Oops: 0, ImmediateOops: 0, NonImmediateOops: No
[1,650s][debug][gc,nmethod  ] Register NMethod: java.util.Arrays.stream (0x00007a501b951288) [0x00007a501b951380, 0x00007a501b951528] Compiler: c1, Barriers: 0, Oops: 0, ImmediateOops: 0, NonImmediateOops: No
[1,650s][debug][gc,nmethod  ] Register NMethod: java.util.Spliterators.spliterator (0x00007a501b951588) [0x00007a501b951680, 0x00007a501b9519b0] Compiler: c1, Barriers: 0, Oops: 0, ImmediateOops: 0, NonImmediateOops: No
[1,650s][debug][gc,nmethod  ] Register NMethod: java.util.Spliterators.checkFromToBounds (0x00007a501b951a08) [0x00007a501b951b00, 0x00007a501b9530e8] Compiler: c1, Barriers: 0, Oops: 3, ImmediateOops: 4, NonImmediateOops: No
[1,651s][debug][gc,nmethod  ] Register NMethod: java.util.HashMap.put (0x00007a501b953108) [0x00007a501b953200, 0x00007a501b9537e8] Compiler: c1, Barriers: 0, Oops: 0, ImmediateOops: 0, NonImmediateOops: No
[1,652s][debug][gc,nmethod  ] Register NMethod: jdk.internal.misc.Unsafe.putInt (0x00007a503ac7da08) [0x00007a503ac7db00, 0x00007a503ac7dc58] Compiler: , Barriers: 0, Oops: 0, ImmediateOops: 0, NonImmediateOops: No
[1,652s][debug][gc,nmethod  ] Register NMethod: java.util.Spliterators$ArraySpliterator.estimateSize (0x00007a501b953808) [0x00007a501b953900, 0x00007a501b953a78] Compiler: c1, Barriers: 0, Oops: 0, ImmediateOops: 0, NonImmediateOops: No
[1,652s][debug][gc,nmethod  ] Register NMethod: jdk.internal.classfile.impl.BufWriterImpl.writeU1 (0x00007a503ac7dd08) [0x00007a503ac7de00, 0x00007a503ac7e220] Compiler: jvmci, Barriers: 4, Oops: 0, ImmediateOops: 0, NonImmediateOops: No
[1,652s][debug][gc,nmethod  ] Register NMethod: java.lang.invoke.MethodHandle.linkToInterface (0x00007a503ac7e288) [0x00007a503ac7e380, 0x00007a503ac7e4b0] Compiler: , Barriers: 0, Oops: 0, ImmediateOops: 0, NonImmediateOops: No
[1,653s][debug][gc,nmethod  ] Register NMethod: sun.reflect.annotation.AnnotationInvocationHandler.<init> (0x00007a501b953b08) [0x00007a501b953c00, 0x00007a501b955480] Compiler: c1, Barriers: 8, Oops: 1, ImmediateOops: 3, NonImmediateOops: No
[1,653s][debug][gc,nmethod  ] Register NMethod: java.util.stream.ReferencePipeline.forEachWithCancel (0x00007a501b955508) [0x00007a501b955600, 0x00007a501b955c00] Compiler: c1, Barriers: 0, Oops: 0, ImmediateOops: 0, NonImmediateOops: No
[1,653s][debug][gc,nmethod  ] Register NMethod: java.util.stream.AbstractPipeline.copyIntoWithCancel (0x00007a501b955c08) [0x00007a501b955d00, 0x00007a501b956710] Compiler: c1, Barriers: 1, Oops: 0, ImmediateOops: 0, NonImmediateOops: No
[1,653s][debug][gc,nmethod  ] Register NMethod: java.lang.reflect.AccessibleObject.getDeclaredAnnotation (0x00007a501b956788) [0x00007a501b956880, 0x00007a501b956b80] Compiler: c1, Barriers: 0, Oops: 0, ImmediateOops: 0, NonImmediateOops: No
[1,653s][debug][gc,nmethod  ] Register NMethod: java.util.Collections$EmptyMap.values (0x00007a501b956b88) [0x00007a501b956c80, 0x00007a501b956de0] Compiler: c1, Barriers: 0, Oops: 0, ImmediateOops: 1, NonImmediateOops: No
[1,653s][debug][gc,nmethod  ] Register NMethod: java.util.Spliterators$ArraySpliterator.forEachRemaining (0x00007a501b956e88) [0x00007a501b956f80, 0x00007a501b957550] Compiler: c1, Barriers: 2, Oops: 0, ImmediateOops: 0, NonImmediateOops: No
[1,653s][debug][gc,nmethod  ] Register NMethod: java.util.Collections$EmptySet.toArray (0x00007a501b957588) [0x00007a501b957680, 0x00007a501b957a80] Compiler: c1, Barriers: 3, Oops: 0, ImmediateOops: 0, NonImmediateOops: No
[1,654s][debug][gc,nmethod  ] Register NMethod: org.junit.platform.commons.util.AnnotationUtils.isAnnotated (0x00007a501b957a88) [0x00007a501b957b80, 0x00007a501b957f38] Compiler: c1, Barriers: 1, Oops: 1, ImmediateOops: 0, NonImmediateOops: No
[1,654s][debug][gc,nmethod  ] Register NMethod: java.util.stream.Collectors.toCollection (0x00007a501b957f88) [0x00007a501b958080, 0x00007a501b958388] Compiler: c1, Barriers: 0, Oops: 3, ImmediateOops: 3, NonImmediateOops: No
[1,654s][debug][gc,nmethod  ] Register NMethod: java.lang.reflect.AccessibleObject.getAnnotations (0x00007a501b958408) [0x00007a501b958500, 0x00007a501b958800] Compiler: c1, Barriers: 0, Oops: 0, ImmediateOops: 0, NonImmediateOops: No
[1,655s][debug][gc,nmethod  ] Register NMethod: org.junit.platform.commons.util.Preconditions.condition (0x00007a501b958808) [0x00007a501b958900, 0x00007a501b958ef0] Compiler: c1, Barriers: 0, Oops: 1, ImmediateOops: 0, NonImmediateOops: No
[1,655s][debug][gc,nmethod  ] Register NMethod: java.lang.String.trim (0x00007a501b958f08) [0x00007a501b959000, 0x00007a501b9594d8] Compiler: c1, Barriers: 2, Oops: 0, ImmediateOops: 0, NonImmediateOops: No
[1,655s][debug][gc,nmethod  ] Register NMethod: jdk.internal.classfile.impl.SplitConstantPool.maybeCloneUtf8Entry (0x00007a503ac7e588) [0x00007a503ac7e680, 0x00007a503ac7ebc0] Compiler: jvmci, Barriers: 20, Oops: 0, ImmediateOops: 1, NonImmediateOops: No
[1,659s][debug][gc,director ] Rule Major: Warmup 10%, Used: 98MB, UsedThreshold: 1228MB
[1,662s][info ][gc          ] GC(0) Major Collection (Metadata GC Threshold)
[1,662s][info ][gc,task     ] GC(0) Using 1 Workers for Young Generation
[1,662s][info ][gc,task     ] GC(0) Using 1 Workers for Old Generation
[1,662s][debug][gc,heap     ] GC(0) Y: Heap Before GC invocations=0 (full 0):
[1,662s][debug][gc,heap     ] GC(0) Y:  ZHeap           used 98M, capacity 5120M, max capacity 12288M
[1,662s][debug][gc,heap     ] GC(0) Y:   Cache          5022M (1)
[1,662s][debug][gc,heap     ] GC(0) Y:    size classes  4G (1)
[1,662s][debug][gc,metaspace] GC(0) Y: Metaspace Before GC invocations=0 (full 0):
[1,662s][debug][gc,metaspace] GC(0) Y:  Metaspace       used 21274K, committed 21568K, reserved 1114112K
[1,662s][debug][gc,metaspace] GC(0) Y:   class space    used 1694K, committed 1856K, reserved 1048576K
[1,662s][info ][gc,phases   ] GC(0) Y: Young Generation
[1,662s][debug][gc,reloc    ] Synchronize all workers 1 _nworkers: 0 _nsynchronized: 0
[1,662s][debug][gc,reloc    ] Synchronize all workers 1 _nworkers: 0 _nsynchronized: 0
[1,662s][debug][gc,phases,start] GC(0) Y: Pause Mark Start (Major)
[1,662s][debug][gc,tlab        ] GC(0) Y: TLAB usage update: used 0M -> 66M, capacity: 0M -> 66M
[1,662s][debug][gc,marking     ] GC(0) Y: Using 1 mark stripes
[1,662s][debug][gc,marking     ] GC(0) Y: Mark Worker/Stripe Distribution
[1,662s][debug][gc,marking     ] GC(0) Y:   Worker 0(1) -> Stripe 0(1)
[1,662s][debug][gc,marking     ] GC(0) Y: Using 1 mark stripes
[1,662s][debug][gc,marking     ] GC(0) Y: Mark Worker/Stripe Distribution
[1,662s][debug][gc,marking     ] GC(0) Y:   Worker 0(1) -> Stripe 0(1)
[1,662s][info ][gc,phases      ] GC(0) Y: Pause Mark Start (Major) 0,106ms
[1,662s][debug][gc,reloc       ] Desynchronize all workers _nworkers: 0 _nsynchronized: 0
[1,662s][debug][gc,reloc       ] Desynchronize all workers _nworkers: 0 _nsynchronized: 0
[1,662s][debug][gc,phases,start] GC(0) Y: Concurrent Mark
[1,662s][debug][gc,marking     ] Resurrection broke termination
[1,662s][debug][gc,alloc       ] Mutator Allocation Rate: 164,3MB/s Predicted: 164,3MB/s, Avg: 164,3(+/-0,0)MB/s
[1,662s][debug][gc,phases,start] GC(0) Y: Concurrent Mark Roots
[1,662s][debug][gc,task        ] GC(0) Y: Executing ZMarkYoungRootsTask using ZWorkerYoung with 1 workers
[1,664s][debug][gc,nmethod     ] Register NMethod: java.lang.String.regionMatches (0x00007a503ac7ec08) [0x00007a503ac7ed00, 0x00007a503ac7f048] Compiler: jvmci, Barriers: 2, Oops: 0, ImmediateOops: 0, NonImmediateOops: No
[1,665s][debug][gc,nmethod     ] Register NMethod: java.nio.DirectIntBufferU.ix (0x00007a503ac7f088) [0x00007a503ac7f180, 0x00007a503ac7f210] Compiler: jvmci, Barriers: 0, Oops: 0, ImmediateOops: 0, NonImmediateOops: No
[1,665s][debug][gc,tlab        ] GC(0) Y: TLAB totals: thrds: 12  refills: 212 max: 200 slow allocs: 85 max 85 waste:  5,0% gc: 2508160B max: 261920B slow: 218968B max: 218376B
[1,665s][debug][gc,phases      ] GC(0) Y: Concurrent Mark Roots 3,265ms
[1,665s][debug][gc,phases,start] GC(0) Y: Concurrent Mark Follow
[1,665s][debug][gc,marking     ] GC(0) Y: Using 1 mark stripes
[1,665s][debug][gc,task        ] GC(0) Y: Executing ZRememberedScanMarkFollowTask using ZWorkerYoung with 1 workers
[1,666s][debug][gc,nmethod     ] Register NMethod: java.util.LinkedHashMap.get (0x00007a503ac7f388) [0x00007a503ac7f480, 0x00007a503ac7fd80] Compiler: jvmci, Barriers: 12, Oops: 0, ImmediateOops: 0, NonImmediateOops: No
[1,672s][debug][gc,nmethod     ] Register NMethod: java.util.Properties.loadConvert (0x00007a501b959508) [0x00007a501b959600, 0x00007a501b95b470] Compiler: c1, Barriers: 0, Oops: 0, ImmediateOops: 3, NonImmediateOops: No
[1,672s][debug][gc,nmethod     ] Register NMethod: java.lang.invoke.MemberName$Factory.resolveOrNull (0x00007a501b95b488) [0x00007a501b95b580, 0x00007a501b95b9f8] Compiler: c1, Barriers: 1, Oops: 0, ImmediateOops: 0, NonImmediateOops: No
[1,675s][debug][gc,nmethod     ] Register NMethod: java.lang.reflect.Constructor.getDeclaringClass (0x00007a503ac7fd88) [0x00007a503ac7fe80, 0x00007a503ac7ff68] Compiler: c1, Barriers: 1, Oops: 0, ImmediateOops: 0, NonImmediateOops: No
[1,675s][debug][gc,nmethod     ] Register NMethod: java.lang.reflect.Executable.isVarArgs (0x00007a501b95ba08) [0x00007a501b95bb00, 0x00007a501b95be50] Compiler: c1, Barriers: 0, Oops: 0, ImmediateOops: 0, NonImmediateOops: No
[1,675s][debug][gc,nmethod     ] Register NMethod: java.lang.ref.SoftReference.get (0x00007a503ac80088) [0x00007a503ac80180, 0x00007a503ac802a0] Compiler: jvmci, Barriers: 2, Oops: 0, ImmediateOops: 1, NonImmediateOops: No
[1,677s][debug][gc,remset      ] GC(0) Y: Remset forwarding retained: 0,000ms count: 0 ZWorkerYoung#1
[1,677s][debug][gc,remset      ] GC(0) Y: Remset forwarding released: 0,000ms count: 0 ZWorkerYoung#1
[1,677s][debug][gc,marking     ] GC(0) Y: Try terminate after resurrection
[1,677s][debug][gc,phases      ] GC(0) Y: Concurrent Mark Follow 11,714ms
[1,677s][info ][gc,phases      ] GC(0) Y: Concurrent Mark 15,010ms
[1,677s][debug][gc,reloc       ] Synchronize all workers 1 _nworkers: 0 _nsynchronized: 0
[1,677s][debug][gc,reloc       ] Synchronize all workers 1 _nworkers: 0 _nsynchronized: 0
[1,677s][debug][gc,phases,start] GC(0) Y: Pause Mark End
[1,677s][info ][gc,phases      ] GC(0) Y: Pause Mark End 0,038ms
[1,677s][debug][gc,reloc       ] Desynchronize all workers _nworkers: 0 _nsynchronized: 0
[1,677s][debug][gc,reloc       ] Desynchronize all workers _nworkers: 0 _nsynchronized: 0
[1,677s][debug][gc,phases,start] GC(0) Y: Concurrent Mark Free
[1,677s][info ][gc,phases      ] GC(0) Y: Concurrent Mark Free 0,016ms
[1,677s][debug][gc,phases,start] GC(0) Y: Concurrent Reset Relocation Set
[1,677s][info ][gc,phases      ] GC(0) Y: Concurrent Reset Relocation Set 0,008ms
[1,677s][debug][gc,phases,start] GC(0) Y: Concurrent Select Relocation Set
[1,678s][debug][gc,reloc       ] GC(0) Y: Relocation Set (Medium Pages): 0->0, 1 skipped, 0 forwarding entries
[1,678s][debug][gc,reloc       ] GC(0) Y: Relocation Set (Small Pages): 30->3, 1 skipped, 237616 forwarding entries
[1,678s][debug][gc,reloc       ] GC(0) Y: Allocated To Garbage: 6291456,0
[1,678s][debug][gc,reloc       ] GC(0) Y: Young Log Residency: 2,5
[1,678s][debug][gc,reloc       ] GC(0) Y: Life Decay Factor: 1,0
[1,678s][info ][gc,reloc       ] GC(0) Y: Using tenuring threshold: 1 (Computed)
[1,678s][debug][gc,task        ] GC(0) Y: Executing ZRelocationSetInstallTask using ZWorkerYoung with 1 workers
[1,678s][debug][gc,task        ] GC(0) Y: Executing ZPromotePagesTask using ZWorkerYoung with 1 workers
[1,678s][debug][gc,task        ] GC(0) Y: Executing ZPromotePagesTask using ZWorkerYoung with 1 workers
[1,678s][debug][gc,task        ] GC(0) Y: Executing ZPromotePagesTask using ZWorkerYoung with 1 workers
[1,679s][info ][gc,phases      ] GC(0) Y: Concurrent Select Relocation Set 1,142ms
[1,679s][debug][gc,reloc       ] Synchronize all workers 1 _nworkers: 0 _nsynchronized: 0
[1,679s][debug][gc,reloc       ] Synchronize all workers 1 _nworkers: 0 _nsynchronized: 0
[1,679s][debug][gc,phases,start] GC(0) Y: Pause Relocate Start
[1,679s][debug][gc,reloc       ] GC(0) Y: Joining workers: 1
[1,679s][info ][gc,phases      ] GC(0) Y: Pause Relocate Start 0,051ms
[1,679s][debug][gc,reloc       ] Desynchronize all workers _nworkers: 0 _nsynchronized: 0
[1,679s][debug][gc,reloc       ] Desynchronize all workers _nworkers: 1 _nsynchronized: 0
[1,679s][debug][gc,phases,start] GC(0) Y: Concurrent Relocate
[1,679s][debug][gc,task        ] GC(0) Y: Executing ZRelocateStoreBufferInstallBasePointersTask using ZWorkerYoung with 1 workers
[1,679s][debug][gc,task        ] GC(0) Y: Executing ZRelocateTask using ZWorkerYoung with 1 workers
[1,682s][debug][gc,nmethod     ] Register NMethod: java.util.Arrays.fill (0x00007a503ac80388) [0x00007a503ac80480, 0x00007a503ac806a8] Compiler: jvmci, Barriers: 6, Oops: 0, ImmediateOops: 0, NonImmediateOops: No
[1,683s][debug][gc,reloc       ] GC(0) Y: Leaving workers: left: 0 _synchronize: 0 _nsynchronized: 0
[1,683s][debug][gc,phases,start] GC(0) Y: Concurrent Relocate Remset FP
[1,683s][debug][gc,task        ] GC(0) Y: Executing ZRelocateAddRemsetForFlipPromoted using ZWorkerYoung with 1 workers
[1,683s][debug][gc,phases      ] GC(0) Y: Concurrent Relocate Remset FP 0,039ms
[1,683s][info ][gc,phases      ] GC(0) Y: Concurrent Relocate 4,452ms
[1,683s][debug][gc,heap        ] GC(0) Y: Heap After GC invocations=1 (full 1):
[1,683s][debug][gc,heap        ] GC(0) Y:  ZHeap           used 52M, capacity 5120M, max capacity 12288M
[1,683s][debug][gc,heap        ] GC(0) Y:   Cache          5068M (3)
[1,683s][debug][gc,heap        ] GC(0) Y:    size classes  8M (1), 32M (1), 4G (1)
[1,683s][debug][gc,metaspace   ] GC(0) Y: Metaspace After GC invocations=1 (full 1):
[1,683s][debug][gc,metaspace   ] GC(0) Y:  Metaspace       used 22467K, committed 22656K, reserved 1114112K
[1,683s][debug][gc,metaspace   ] GC(0) Y:   class space    used 1806K, committed 1920K, reserved 1048576K
[1,683s][info ][gc,alloc       ] GC(0) Y:                         Mark Start        Mark End      Relocate Start    Relocate End   
[1,683s][info ][gc,alloc       ] GC(0) Y: Allocation Stalls:          0                0                0                0         
[1,683s][info ][gc,load        ] GC(0) Y: Load: 4,95 (25%) / 2,89 (14%) / 1,55 (8%)
[1,683s][info ][gc,mmu         ] GC(0) Y: MMU: 2ms/94,7%, 5ms/97,9%, 10ms/98,9%, 20ms/99,0%, 50ms/99,6%, 100ms/99,8%
[1,683s][info ][gc,marking     ] GC(0) Y: Mark: 1 stripe(s), 2 proactive flush(es), 1 terminate flush(es), 0 completion(s), 0 continuation(s) 
[1,683s][info ][gc,nmethod     ] GC(0) Y: NMethods: 2254 registered, 0 unregistered
[1,683s][info ][gc,metaspace   ] GC(0) Y: Metaspace: 21M used, 22M committed, 1088M reserved
[1,683s][info ][gc,reloc       ] GC(0) Y:                        Candidates     Selected     In-Place         Size        Empty    Relocated 
[1,683s][info ][gc,reloc       ] GC(0) Y: Small Pages:                   33           27            0          66M           0M           4M 
[1,683s][info ][gc,reloc       ] GC(0) Y: Medium Pages:                   1            0            0          32M           0M           0M 
[1,683s][info ][gc,reloc       ] GC(0) Y: Large Pages:                    0            0            0           0M           0M           0M 
[1,683s][info ][gc,reloc       ] GC(0) Y: Forwarding Usage: 1M
[1,683s][info ][gc,reloc       ] GC(0) Y: Age Table:
[1,683s][info ][gc,reloc       ] GC(0) Y:                    Live             Garbage             Small              Medium             Large        
[1,683s][info ][gc,reloc       ] GC(0) Y: Eden              11M (0%)           86M (1%)          33 / 27             1 / 0              0 / 0        
[1,684s][info ][gc,heap        ] GC(0) Y: Min Capacity: 5120M(42%)
[1,684s][info ][gc,heap        ] GC(0) Y: Max Capacity: 12288M(100%)
[1,684s][info ][gc,heap        ] GC(0) Y: Soft Max Capacity: 12288M(100%)
[1,684s][info ][gc,heap        ] GC(0) Y: Heap Statistics:
[1,684s][info ][gc,heap        ] GC(0) Y:                Mark Start          Mark End        Relocate Start      Relocate End           High               Low         
[1,684s][info ][gc,heap        ] GC(0) Y:  Capacity:     5120M (42%)        5120M (42%)        5120M (42%)        5120M (42%)        5120M (42%)        5120M (42%)    
[1,684s][info ][gc,heap        ] GC(0) Y:      Free:    12190M (99%)       12184M (99%)       12184M (99%)       12236M (100%)      12236M (100%)      12180M (99%)    
[1,684s][info ][gc,heap        ] GC(0) Y:      Used:       98M (1%)          104M (1%)          104M (1%)           52M (0%)          108M (1%)           52M (0%)     
[1,684s][info ][gc,heap        ] GC(0) Y: Young Generation Statistics:
[1,684s][info ][gc,heap        ] GC(0) Y:                Mark Start          Mark End        Relocate Start      Relocate End    
[1,684s][info ][gc,heap        ] GC(0) Y:      Used:       98M (1%)          104M (1%)          104M (1%)           52M (0%)     
[1,684s][info ][gc,heap        ] GC(0) Y:      Live:         -                11M (0%)           11M (0%)           11M (0%)     
[1,684s][info ][gc,heap        ] GC(0) Y:   Garbage:         -                86M (1%)           86M (1%)           31M (0%)     
[1,684s][info ][gc,heap        ] GC(0) Y: Allocated:         -                 6M (0%)            6M (0%)            9M (0%)     
[1,684s][info ][gc,heap        ] GC(0) Y: Reclaimed:         -                  -                 0M (0%)           55M (0%)     
[1,684s][info ][gc,heap        ] GC(0) Y:  Promoted:         -                  -                 0M (0%)            0M (0%)     
[1,684s][info ][gc,heap        ] GC(0) Y: Compacted:         -                  -                  -                 4M (0%)     
[1,684s][info ][gc,phases      ] GC(0) Y: Young Generation 98M(1%)->52M(0%) 0,022s
[1,684s][debug][gc,heap        ] GC(0) O: Heap Before GC invocations=1 (full 1):
[1,684s][debug][gc,heap        ] GC(0) O:  ZHeap           used 52M, capacity 5120M, max capacity 12288M
[1,684s][debug][gc,heap        ] GC(0) O:   Cache          5068M (3)
[1,684s][debug][gc,heap        ] GC(0) O:    size classes  8M (1), 32M (1), 4G (1)
[1,684s][debug][gc,metaspace   ] GC(0) O: Metaspace Before GC invocations=1 (full 1):
[1,684s][debug][gc,metaspace   ] GC(0) O:  Metaspace       used 22491K, committed 22720K, reserved 1114112K
[1,684s][debug][gc,metaspace   ] GC(0) O:   class space    used 1809K, committed 1920K, reserved 1048576K
[1,684s][info ][gc,phases      ] GC(0) O: Old Generation
[1,684s][debug][gc,phases,start] GC(0) O: Concurrent Mark
[1,684s][debug][gc,phases,start] GC(0) O: Concurrent Mark Roots
[1,684s][debug][gc,task        ] GC(0) O: Executing ZMarkOldRootsTask using ZWorkerOld with 1 workers
[1,684s][debug][gc,tlab        ] GC(0) O: TLAB totals: thrds: 2  refills: 6 max: 5 slow allocs: 0 max 0 waste:  3,2% gc: 35864B max: 33288B slow: 5776B max: 5776B
[1,684s][debug][gc,phases      ] GC(0) O: Concurrent Mark Roots 0,391ms
[1,684s][debug][gc,phases,start] GC(0) O: Concurrent Mark Follow
[1,684s][debug][gc,marking     ] GC(0) O: Using 1 mark stripes
[1,684s][debug][gc,task        ] GC(0) O: Executing ZMarkTask using ZWorkerOld with 1 workers
[1,684s][debug][gc,nmethod     ] Register NMethod: jdk.internal.util.ArraysSupport.mismatch (0x00007a501b95be88) [0x00007a501b95bf80, 0x00007a501b95c360] Compiler: c1, Barriers: 0, Oops: 0, ImmediateOops: 0, NonImmediateOops: No
[1,684s][debug][gc,phases      ] GC(0) O: Concurrent Mark Follow 0,176ms
[1,684s][info ][gc,phases      ] GC(0) O: Concurrent Mark 0,620ms
[1,684s][debug][gc,reloc       ] Synchronize all workers 1 _nworkers: 0 _nsynchronized: 0
[1,684s][debug][gc,reloc       ] Synchronize all workers 1 _nworkers: 0 _nsynchronized: 0
[1,684s][debug][gc,phases,start] GC(0) O: Pause Mark End
[1,684s][info ][gc,phases      ] GC(0) O: Pause Mark End 0,023ms
[1,684s][debug][gc,reloc       ] Desynchronize all workers _nworkers: 0 _nsynchronized: 0
[1,684s][debug][gc,reloc       ] Desynchronize all workers _nworkers: 0 _nsynchronized: 0
[1,684s][debug][gc,nmethod     ] Register NMethod: java.util.ArrayList$Itr.next (0x00007a501b95c388) [0x00007a501b95c480, 0x00007a501b95cac8] Compiler: c1, Barriers: 3, Oops: 0, ImmediateOops: 0, NonImmediateOops: No
[1,684s][debug][gc,phases,start] GC(0) O: Concurrent Mark Free
[1,684s][info ][gc,phases      ] GC(0) O: Concurrent Mark Free 0,038ms
[1,684s][debug][gc,phases,start] GC(0) O: Concurrent Process Non-Strong
[1,684s][debug][gc,phases,start] GC(0) O: Concurrent References Process
[1,684s][debug][gc,task        ] GC(0) O: Executing ZReferenceProcessorTask using ZWorkerOld with 1 workers
[1,684s][debug][gc,nmethod     ] Register NMethod: jdk.internal.util.ArraysSupport.vectorizedMismatch (0x00007a501b95cb08) [0x00007a501b95cc00, 0x00007a501b95d010] Compiler: c1, Barriers: 0, Oops: 0, ImmediateOops: 0, NonImmediateOops: No
[1,685s][debug][gc,phases      ] GC(0) O: Concurrent References Process 0,032ms
[1,685s][debug][gc,task        ] GC(0) O: Executing ZProcessWeakRootsTask using ZWorkerOld with 1 workers
[1,685s][debug][gc,nmethod     ] Register NMethod: java.lang.String.startsWith (0x00007a501b95d088) [0x00007a501b95d180, 0x00007a501b95e3a0] Compiler: c1, Barriers: 2, Oops: 0, ImmediateOops: 0, NonImmediateOops: No
[1,685s][debug][gc,nmethod     ] Register NMethod: java.util.ArrayList.indexOfRange (0x00007a501b95e408) [0x00007a501b95e500, 0x00007a501b95eb38] Compiler: c1, Barriers: 3, Oops: 0, ImmediateOops: 0, NonImmediateOops: No
[1,685s][debug][gc,nmethod     ] Register NMethod: java.util.ArrayList.indexOf (0x00007a501b95eb88) [0x00007a501b95ec80, 0x00007a501b95edd0] Compiler: c1, Barriers: 0, Oops: 0, ImmediateOops: 0, NonImmediateOops: No
[1,685s][debug][gc,nmethod     ] Register NMethod: java.util.ArrayList.contains (0x00007a501b95ee88) [0x00007a501b95ef80, 0x00007a501b95f180] Compiler: c1, Barriers: 0, Oops: 0, ImmediateOops: 0, NonImmediateOops: No
[1,686s][debug][gc,phases,start] GC(0) O: Concurrent Classes Unlink
[1,686s][debug][gc,phases,start] GC(0) O: ClassLoaderData
[1,686s][debug][gc,phases      ] GC(0) O: ClassLoaderData 0,019ms
[1,686s][debug][gc,phases,start] GC(0) O: Trigger cleanups
[1,686s][debug][gc,phases      ] GC(0) O: Trigger cleanups 0,008ms
[1,686s][debug][gc,task        ] GC(0) O: Executing ZNMethodUnlinkTask using ZWorkerOld with 1 workers
[1,686s][debug][gc,nmethod     ] GC(0) O: Unregister NMethod: jdk.internal.classfile.impl.AbstractPoolEntry$Utf8EntryImpl.<init> (0x00007a501b45ea88) [0x00007a501b45eb80, 0x00007a501b45f3e8] 
[1,686s][debug][gc,nmethod     ] GC(0) O: Unregister NMethod: java.lang.String.hashCode (0x00007a501b417188) [0x00007a501b417280, 0x00007a501b417828] 
[1,686s][debug][gc,nmethod     ] GC(0) O: Unregister NMethod: java.math.BigInteger.implMulAdd (0x00007a501b74ad88) [0x00007a501b74ae80, 0x00007a501b74b0a0] 
[1,686s][debug][gc,nmethod     ] GC(0) O: Unregister NMethod: jdk.internal.loader.URLClassPath$JarLoader.getResource (0x00007a501b4c1808) [0x00007a501b4c1900, 0x00007a501b4c2230] 
[1,686s][debug][gc,nmethod     ] GC(0) O: Unregister NMethod: java.lang.ref.Reference.reachabilityFence (0x00007a501b475108) [0x00007a501b475200, 0x00007a501b4752e0] 
[1,686s][debug][gc,nmethod     ] GC(0) O: Unregister NMethod: java.util.zip.ZipFile.getEntry (0x00007a501b484e88) [0x00007a501b484f80, 0x00007a501b485548] 
[1,686s][debug][gc,nmethod     ] GC(0) O: Unregister NMethod: java.lang.StringBuilder.append (0x00007a501b44c788) [0x00007a501b44c880, 0x00007a501b44c9c8] 
[1,686s][debug][gc,nmethod     ] GC(0) O: Unregister NMethod: java.lang.StringLatin1.getBytes (0x00007a501b464988) [0x00007a501b464a80, 0x00007a501b464c18] 
[1,686s][debug][gc,nmethod     ] GC(0) O: Unregister NMethod: java.util.HashMap.putIfAbsent (0x00007a503ac17608) [0x00007a503ac17720, 0x00007a503ac18f20] 
[1,686s][debug][gc,nmethod     ] GC(0) O: Unregister NMethod: java.util.zip.ZipCoder.hash (0x00007a501b485588) [0x00007a501b485680, 0x00007a501b4864b8] 
[1,686s][debug][gc,nmethod     ] GC(0) O: Unregister NMethod: java.lang.ref.Reference.<init> (0x00007a501b469c88) [0x00007a501b469d80, 0x00007a501b46a018] 
[1,686s][debug][gc,nmethod     ] GC(0) O: Unregister NMethod: java.util.WeakHashMap.getTable (0x00007a501b48ad08) [0x00007a501b48ae00, 0x00007a501b48af78] 
[1,686s][debug][gc,nmethod     ] GC(0) O: Unregister NMethod: java.util.zip.ZipFile$Source.nextEntryPos (0x00007a501b470188) [0x00007a501b470280, 0x00007a501b470538] 
[1,686s][debug][gc,nmethod     ] GC(0) O: Unregister NMethod: java.lang.String.getBytes (0x00007a501b418208) [0x00007a501b418300, 0x00007a501b418808] 
[1,686s][debug][gc,nmethod     ] GC(0) O: Unregister NMethod: java.lang.String.isEmpty (0x00007a501b411008) [0x00007a501b411100, 0x00007a501b411288] 
[1,686s][debug][gc,nmethod     ] GC(0) O: Unregister NMethod: java.io.BufferedInputStream.getBufIfOpen (0x00007a501b451188) [0x00007a501b451280, 0x00007a501b451698] 
[1,686s][debug][gc,nmethod     ] GC(0) O: Unregister NMethod: java.util.ArrayList$Itr.next (0x00007a501b577688) [0x00007a501b577780, 0x00007a501b577d70] 
[1,686s][debug][gc,nmethod     ] Register NMethod: java.util.Arrays.fill (0x00007a501b95f188) [0x00007a501b95f280, 0x00007a501b95f488] Compiler: c1, Barriers: 0, Oops: 0, ImmediateOops: 0, NonImmediateOops: No
[1,686s][debug][gc,nmethod     ] GC(0) O: Unregister NMethod: java.util.jar.Manifest$FastInputStream.readLine (0x00007a501b484508) [0x00007a501b484600, 0x00007a501b484e58] 
[1,686s][debug][gc,nmethod     ] GC(0) O: Unregister NMethod: jdk.internal.classfile.impl.RawBytecodeHelper.endBci (0x00007a501b44a108) [0x00007a501b44a200, 0x00007a501b44a338] 
[1,686s][debug][gc,nmethod     ] GC(0) O: Unregister NMethod: java.util.HashMap.putVal (0x00007a501b42ee88) [0x00007a501b42ef80, 0x00007a501b430c60] 
[1,686s][debug][gc,nmethod     ] GC(0) O: Unregister NMethod: java.io.BufferedInputStream.getBufIfOpen (0x00007a503abfb108) [0x00007a503abfb200, 0x00007a503abfb330] 
[1,687s][debug][gc,nmethod     ] GC(0) O: Unregister NMethod: java.net.URLClassLoader.defineClass (0x00007a501b606388) [0x00007a501b606480, 0x00007a501b60ad18] 
[1,687s][debug][gc,nmethod     ] GC(0) O: Unregister NMethod: jdk.internal.classfile.impl.EntryMap.put (0x00007a501b426808) [0x00007a501b426900, 0x00007a501b426fd0] 
[1,687s][debug][gc,nmethod     ] GC(0) O: Unregister NMethod: java.lang.CharacterDataLatin1.getProperties (0x00007a501b4e5b88) [0x00007a501b4e5c80, 0x00007a501b4e5db0] 
[1,687s][debug][gc,nmethod     ] GC(0) O: Unregister NMethod: jdk.internal.util.ArraysSupport.vectorizedHashCode (0x00007a503ac69b08) [0x00007a503ac69d40, 0x00007a503ac6a408] 
[1,687s][debug][gc,nmethod     ] GC(0) O: Unregister NMethod: jdk.internal.classfile.impl.StackMapGenerator.processBlock (0x00007a501b491808) [0x00007a501b491900, 0x00007a501b4c0bc8] 
[1,687s][debug][gc,nmethod     ] GC(0) O: Unregister NMethod: java.lang.module.ModuleDescriptor$Exports.isQualified (0x00007a501b428008) [0x00007a501b428100, 0x00007a501b428490] 
[1,687s][debug][gc,nmethod     ] GC(0) O: Unregister NMethod: java.util.zip.ZipUtils.get32 (0x00007a501b456208) [0x00007a501b456300, 0x00007a501b456708] 
[1,687s][debug][gc,nmethod     ] Register NMethod: com.sun.org.apache.xerces.internal.util.Status.isExceptional (0x00007a503ac80708) [0x00007a503ac80800, 0x00007a503ac808c0] Compiler: c1, Barriers: 0, Oops: 0, ImmediateOops: 0, NonImmediateOops: No
[1,687s][debug][gc,nmethod     ] GC(0) O: Unregister NMethod: sun.reflect.generics.parser.SignatureParser.current (0x00007a501b5b1588) [0x00007a501b5b1680, 0x00007a501b5b2490] 
[1,687s][debug][gc,nmethod     ] GC(0) O: Unregister NMethod: java.lang.invoke.MemberName.getReferenceKind (0x00007a501b47d908) [0x00007a501b47da00, 0x00007a501b47db10] 
[1,687s][debug][gc,nmethod     ] GC(0) O: Unregister NMethod: java.util.ImmutableCollections$SetN.probe (0x00007a501b401088) [0x00007a501b401180, 0x00007a501b4019a8] 
[1,687s][debug][gc,nmethod     ] GC(0) O: Unregister NMethod: java.lang.StringCoding.countPositives (0x00007a501b46d408) [0x00007a501b46d500, 0x00007a501b46d708] 
[1,687s][debug][gc,nmethod     ] GC(0) O: Unregister NMethod: sun.util.locale.LocaleUtils.toLower (0x00007a501b62b208) [0x00007a501b62b300, 0x00007a501b62b500] 
[1,687s][debug][gc,nmethod     ] GC(0) O: Unregister NMethod: java.math.BigInteger.mulAdd (0x00007a501b74b108) [0x00007a501b74b200, 0x00007a501b74b390] 
[1,687s][debug][gc,nmethod     ] GC(0) O: Unregister NMethod: sun.util.locale.BaseLocale.hashCode (0x00007a501b62bf08) [0x00007a501b62c000, 0x00007a501b62fe88] 
[1,687s][debug][gc,nmethod     ] GC(0) O: Unregister NMethod: java.util.Objects.requireNonNull (0x00007a501b405808) [0x00007a501b405900, 0x00007a501b405ad0] 
[1,687s][debug][gc,nmethod     ] GC(0) O: Unregister NMethod: jdk.internal.misc.Unsafe.getIntUnaligned (0x00007a503ac01908) [0x00007a503ac01a00, 0x00007a503ac01ac0] 
[1,687s][debug][gc,nmethod     ] GC(0) O: Unregister NMethod: jdk.internal.loader.Resource.getBytes (0x00007a501b5dbd08) [0x00007a501b5dbe00, 0x00007a501b5dd2f0] 
[1,687s][debug][gc,nmethod     ] GC(0) O: Unregister NMethod: jdk.internal.classfile.impl.SplitConstantPool.maybeCloneUtf8Entry (0x00007a501b4e8608) [0x00007a501b4e8700, 0x00007a501b4e97a0] 
[1,687s][debug][gc,nmethod     ] GC(0) O: Unregister NMethod: java.util.zip.ZipUtils.get16 (0x00007a501b44de08) [0x00007a501b44df00, 0x00007a501b44e300] 
[1,687s][debug][gc,nmethod     ] GC(0) O: Unregister NMethod: jdk.internal.classfile.impl.RawBytecodeHelper.opcode (0x00007a501b44ba08) [0x00007a501b44bb00, 0x00007a501b44bc08] 
[1,687s][debug][gc,nmethod     ] GC(0) O: Unregister NMethod: java.util.concurrent.ConcurrentHashMap.tabAt (0x00007a501b412608) [0x00007a501b412700, 0x00007a501b412c48] 
[1,687s][debug][gc,nmethod     ] GC(0) O: Unregister NMethod: java.lang.Class.isArray (0x00007a501b41dc88) [0x00007a501b41dd80, 0x00007a501b41df00] 
[1,687s][debug][gc,nmethod     ] GC(0) O: Unregister NMethod: java.util.HashMap.afterNodeAccess (0x00007a501b802c88) [0x00007a501b802d80, 0x00007a501b802e80] 
[1,687s][debug][gc,nmethod     ] GC(0) O: Unregister NMethod: java.util.stream.AbstractPipeline.isParallel (0x00007a501b728508) [0x00007a501b728600, 0x00007a501b728738] 
[1,687s][debug][gc,nmethod     ] Register NMethod: java.lang.String.startsWith (0x00007a503ac80a08) [0x00007a503ac80b00, 0x00007a503ac80df0] Compiler: jvmci, Barriers: 2, Oops: 0, ImmediateOops: 0, NonImmediateOops: No
[1,687s][debug][gc,nmethod     ] GC(0) O: Unregister NMethod: java.util.HashMap.putVal (0x00007a501b435d88) [0x00007a501b435e80, 0x00007a501b438210] 
[1,687s][debug][gc,nmethod     ] Register NMethod: com.sun.org.apache.xerces.internal.util.XMLChar.isValid (0x00007a501b95f508) [0x00007a501b95f600, 0x00007a501b95f7e8] Compiler: c1, Barriers: 0, Oops: 0, ImmediateOops: 1, NonImmediateOops: No
[1,687s][debug][gc,nmethod     ] GC(0) O: Unregister NMethod: java.lang.String.charAt (0x00007a503abe7d88) [0x00007a503abe7e80, 0x00007a503abe7fb0] 
[1,687s][debug][gc,nmethod     ] Register NMethod: com.sun.org.apache.xerces.internal.util.XMLChar.isInvalid (0x00007a501b95f808) [0x00007a501b95f900, 0x00007a501b95fb90] Compiler: c1, Barriers: 0, Oops: 0, ImmediateOops: 1, NonImmediateOops: No
[1,687s][debug][gc,nmethod     ] GC(0) O: Unregister NMethod: java.lang.Math.max (0x00007a501b448c08) [0x00007a501b448d00, 0x00007a501b448e28] 
[1,687s][debug][gc,nmethod     ] GC(0) O: Unregister NMethod: java.nio.DirectLongBufferU.ix (0x00007a501b486d88) [0x00007a501b486e80, 0x00007a501b486f90] 
[1,687s][debug][gc,nmethod     ] GC(0) O: Unregister NMethod: jdk.internal.classfile.impl.AbstractPoolEntry$Utf8EntryImpl.writeTo (0x00007a501b45f408) [0x00007a501b45f500, 0x00007a501b45fd10] 
[1,688s][debug][gc,nmethod     ] GC(0) O: Unregister NMethod: java.lang.CharacterDataLatin1.equalsIgnoreCase (0x00007a501b4c2b08) [0x00007a501b4c2c00, 0x00007a501b4c2e98] 
[1,688s][debug][gc,nmethod     ] GC(0) O: Unregister NMethod: java.util.jar.JarFile.checkForSpecialAttributes (0x00007a501b4c3708) [0x00007a501b4c3800, 0x00007a501b4c4de0] 
[1,688s][debug][gc,nmethod     ] GC(0) O: Unregister NMethod: jdk.internal.classfile.impl.AbstractPoolEntry.<init> (0x00007a501b421f88) [0x00007a501b422080, 0x00007a501b422258] 
[1,688s][debug][gc,nmethod     ] GC(0) O: Unregister NMethod: java.util.HashMap.getNode (0x00007a501b42cf08) [0x00007a501b42d000, 0x00007a501b42e310] 
[1,688s][debug][gc,nmethod     ] GC(0) O: Unregister NMethod: java.util.Collections$UnmodifiableSet.<init> (0x00007a501b904608) [0x00007a501b904700, 0x00007a501b904a20] 
[1,688s][debug][gc,nmethod     ] GC(0) O: Unregister NMethod: java.util.Optional.empty (0x00007a501b448108) [0x00007a501b448200, 0x00007a501b4482e8] 
[1,688s][debug][gc,nmethod     ] GC(0) O: Unregister NMethod: java.lang.StringLatin1.indexOf (0x00007a501b411308) [0x00007a501b411400, 0x00007a501b411888] 
[1,688s][debug][gc,nmethod     ] GC(0) O: Unregister NMethod: java.lang.String.checkIndex (0x00007a501b40e508) [0x00007a501b40e600, 0x00007a501b40e728] 
[1,688s][debug][gc,nmethod     ] GC(0) O: Unregister NMethod: java.util.HashMap.put (0x00007a501b432e88) [0x00007a501b432f80, 0x00007a501b433568] 
[1,688s][debug][gc,nmethod     ] GC(0) O: Unregister NMethod: sun.reflect.annotation.AnnotationInvocationHandler.invoke (0x00007a501b7cf808) [0x00007a501b7cf900, 0x00007a501b7d1b90] 
[1,688s][debug][gc,nmethod     ] GC(0) O: Unregister NMethod: jdk.internal.constant.MethodTypeDescImpl.parameterCount (0x00007a501b491508) [0x00007a501b491600, 0x00007a501b491738] 
[1,688s][debug][gc,nmethod     ] GC(0) O: Unregister NMethod: java.util.LinkedHashMap.newNode (0x00007a501b524088) [0x00007a501b524180, 0x00007a501b524368] 
[1,688s][debug][gc,nmethod     ] GC(0) O: Unregister NMethod: java.lang.CharacterDataLatin1.isWhitespace (0x00007a501b5b4108) [0x00007a501b5b4200, 0x00007a501b5b45a0] 
[1,688s][debug][gc,nmethod     ] GC(0) O: Unregister NMethod: java.nio.DirectByteBuffer.get (0x00007a501b490108) [0x00007a501b490200, 0x00007a501b491000] 
[1,688s][debug][gc,nmethod     ] GC(0) O: Unregister NMethod: java.util.jar.JarFile.isMultiRelease (0x00007a501b484208) [0x00007a501b484300, 0x00007a501b4844f8] 
[1,688s][debug][gc,nmethod     ] GC(0) O: Unregister NMethod: jdk.internal.loader.Resource.getByteBuffer (0x00007a501b5e1188) [0x00007a501b5e1280, 0x00007a501b5e1ff8] 
[1,688s][debug][gc,nmethod     ] GC(0) O: Unregister NMethod: java.nio.DirectByteBuffer.ix (0x00007a501b48f608) [0x00007a501b48f700, 0x00007a501b48f808] 
[1,688s][debug][gc,nmethod     ] GC(0) O: Unregister NMethod: jdk.internal.classfile.impl.BufWriterImpl.cpIndex (0x00007a501b45fd88) [0x00007a501b45fe80, 0x00007a501b461e78] 
[1,688s][debug][gc,nmethod     ] GC(0) O: Unregister NMethod: java.lang.CharacterData.of (0x00007a501b4e5e88) [0x00007a501b4e5f80, 0x00007a501b4e66c0] 
[1,688s][debug][gc,nmethod     ] GC(0) O: Unregister NMethod: jdk.internal.classfile.impl.SplitConstantPool.entryByIndex (0x00007a501b41ef88) [0x00007a501b41f080, 0x00007a501b421130] 
[1,688s][debug][gc,nmethod     ] GC(0) O: Unregister NMethod: java.lang.Object.equals (0x00007a501b439f88) [0x00007a501b43a080, 0x00007a501b43a1d0] 
[1,688s][debug][gc,nmethod     ] GC(0) O: Unregister NMethod: java.lang.AbstractStringBuilder.needsNewBuffer (0x00007a501b444a08) [0x00007a501b444b00, 0x00007a501b444ca0] 
[1,688s][debug][gc,nmethod     ] GC(0) O: Unregister NMethod: jdk.internal.loader.URLClassPath.getLoader (0x00007a501b488a08) [0x00007a501b488b00, 0x00007a501b48a9b8] 
[1,688s][debug][gc,nmethod     ] GC(0) O: Unregister NMethod: java.util.HashMap.resize (0x00007a501b43e088) [0x00007a501b43e1a0, 0x00007a501b43fe80] 
[1,688s][debug][gc,nmethod     ] GC(0) O: Unregister NMethod: java.util.HashMap.putIfAbsent (0x00007a501b43d688) [0x00007a501b43d780, 0x00007a501b43dd68] 
[1,688s][debug][gc,nmethod     ] GC(0) O: Unregister NMethod: jdk.internal.util.ArraysSupport.unsignedHashCode (0x00007a501b400008) [0x00007a501b400100, 0x00007a501b400310] 
[1,688s][debug][gc,nmethod     ] GC(0) O: Unregister NMethod: java.util.Objects.hashCode (0x00007a501b40af08) [0x00007a501b40b000, 0x00007a501b40b350] 
[1,688s][debug][gc,nmethod     ] GC(0) O: Unregister NMethod: jdk.internal.classfile.impl.EntryMap.firstToken (0x00007a501b421188) [0x00007a501b421280, 0x00007a501b421770] 
[1,688s][debug][gc,nmethod     ] GC(0) O: Unregister NMethod: java.lang.AbstractStringBuilder.append (0x00007a501b48f008) [0x00007a501b48f100, 0x00007a501b48f5b8] 
[1,688s][debug][gc,nmethod     ] GC(0) O: Unregister NMethod: java.lang.String.replace (0x00007a501b46c688) [0x00007a501b46c780, 0x00007a501b46cc88] 
[1,688s][debug][gc,nmethod     ] GC(0) O: Unregister NMethod: java.lang.ref.ReferenceQueue.poll (0x00007a501b417c88) [0x00007a501b417d80, 0x00007a501b4181a0] 
[1,688s][debug][gc,nmethod     ] GC(0) O: Unregister NMethod: org.junit.platform.commons.util.AnnotationUtils.findRepeatableAnnotations (0x00007a501b879688) [0x00007a501b879780, 0x00007a501b87ec80] 
[1,688s][debug][gc,nmethod     ] GC(0) O: Unregister NMethod: java.util.HashMap.put (0x00007a503ac74c08) [0x00007a503ac74d00, 0x00007a503ac75aa8] 
[1,688s][debug][gc,nmethod     ] GC(0) O: Unregister NMethod: java.lang.String.equals (0x00007a501b406408) [0x00007a501b406500, 0x00007a501b406bc0] 
[1,689s][debug][gc,nmethod     ] GC(0) O: Unregister NMethod: jdk.internal.util.StrongReferenceKey.hashCode (0x00007a501b41d608) [0x00007a501b41d700, 0x00007a501b41dc10] 
[1,689s][debug][gc,nmethod     ] GC(0) O: Unregister NMethod: java.util.HashMap.put (0x00007a501b6f1708) [0x00007a501b6f1800, 0x00007a501b6f1de8] 
[1,689s][debug][gc,nmethod     ] GC(0) O: Unregister NMethod: java.math.BigInteger.implMulAddCheck (0x00007a501b74b888) [0x00007a501b74b980, 0x00007a501b74f910] 
[1,689s][debug][gc,nmethod     ] GC(0) O: Unregister NMethod: sun.nio.fs.UnixPath.checkNotNul (0x00007a501b46d788) [0x00007a501b46d880, 0x00007a501b46da20] 
[1,689s][debug][gc,nmethod     ] GC(0) O: Unregister NMethod: java.util.ImmutableCollections$SetN$SetNIterator.next (0x00007a501b413308) [0x00007a501b413400, 0x00007a501b413768] 
[1,689s][debug][gc,nmethod     ] GC(0) O: Unregister NMethod: java.lang.StringBuilder.<init> (0x00007a501b478088) [0x00007a501b478180, 0x00007a501b4782b8] 
[1,689s][debug][gc,nmethod     ] GC(0) O: Unregister NMethod: jdk.internal.util.ArraysSupport.hashCode (0x00007a501b73fd08) [0x00007a501b73fe00, 0x00007a501b7402b0] 
[1,689s][debug][gc,nmethod     ] GC(0) O: Unregister NMethod: java.util.HashMap.resize (0x00007a503abf6488) [0x00007a503abf65a0, 0x00007a503abf70e0] 
[1,689s][debug][gc,nmethod     ] GC(0) O: Unregister NMethod: java.util.concurrent.ConcurrentHashMap.putIfAbsent (0x00007a501b417888) [0x00007a501b417980, 0x00007a501b417c80] 
[1,689s][debug][gc,nmethod     ] GC(0) O: Unregister NMethod: java.net.URLClassLoader.findClass (0x00007a501b603308) [0x00007a501b603400, 0x00007a501b606020] 
[1,689s][debug][gc,nmethod     ] GC(0) O: Unregister NMethod: sun.reflect.annotation.AnnotationInvocationHandler.hashCodeImpl (0x00007a501b805908) [0x00007a501b805a00, 0x00007a501b806e80] 
[1,689s][debug][gc,nmethod     ] GC(0) O: Unregister NMethod: java.util.HashSet.add (0x00007a501b42e688) [0x00007a501b42e780, 0x00007a501b42e960] 
[1,689s][debug][gc,nmethod     ] GC(0) O: Unregister NMethod: sun.net.www.ParseUtil.firstEncodeIndex (0x00007a501b454608) [0x00007a501b454700, 0x00007a501b4555d8] 
[1,689s][debug][gc,nmethod     ] GC(0) O: Unregister NMethod: java.util.zip.ZipFile$Source.isMetaName (0x00007a501b470e08) [0x00007a501b470f00, 0x00007a501b471360] 
[1,689s][debug][gc,nmethod     ] GC(0) O: Unregister NMethod: java.util.HashMap.newNode (0x00007a501b42af08) [0x00007a501b42b000, 0x00007a501b42b380] 
[1,689s][debug][gc,nmethod     ] GC(0) O: Unregister NMethod: java.lang.AbstractStringBuilder.append (0x00007a501b44ca88) [0x00007a501b44cb80, 0x00007a501b44d7d0] 
[1,689s][debug][gc,nmethod     ] GC(0) O: Unregister NMethod: java.util.zip.ZipFile$Source.getEntryPos (0x00007a501b482408) [0x00007a501b482500, 0x00007a501b4841a8] 
[1,689s][debug][gc,nmethod     ] GC(0) O: Unregister NMethod: java.lang.StringCoding.countNonZeroAsciiLatin1 (0x00007a501b41e608) [0x00007a501b41e700, 0x00007a501b41e908] 
[1,689s][debug][gc,nmethod     ] GC(0) O: Unregister NMethod: java.lang.String.indexOf (0x00007a501b51bd88) [0x00007a501b51be80, 0x00007a501b51c980] 
[1,689s][debug][gc,nmethod     ] GC(0) O: Unregister NMethod: java.lang.String.<init> (0x00007a501b476b08) [0x00007a501b476c00, 0x00007a501b4775a0] 
[1,689s][debug][gc,nmethod     ] GC(0) O: Unregister NMethod: java.util.concurrent.ConcurrentHashMap.putVal (0x00007a503ac31788) [0x00007a503ac31880, 0x00007a503ac32968] 
[1,689s][debug][gc,nmethod     ] GC(0) O: Unregister NMethod: java.util.Objects.equals (0x00007a501b40a288) [0x00007a501b40a380, 0x00007a501b40a708] 
[1,689s][debug][gc,nmethod     ] GC(0) O: Unregister NMethod: java.lang.String.charAt (0x00007a501b40de08) [0x00007a501b40df00, 0x00007a501b40e490] 
[1,689s][debug][gc,nmethod     ] GC(0) O: Unregister NMethod: jdk.internal.classfile.impl.RawBytecodeHelper.next (0x00007a501b44a408) [0x00007a501b44a500, 0x00007a501b44ac78] 
[1,689s][debug][gc,nmethod     ] GC(0) O: Unregister NMethod: java.util.LinkedHashMap.get (0x00007a501b4df788) [0x00007a501b4df880, 0x00007a501b4dfc98] 
[1,689s][debug][gc,nmethod     ] GC(0) O: Unregister NMethod: jdk.internal.util.ReferencedKeyMap.removeStaleReferences (0x00007a501b418b88) [0x00007a501b418c80, 0x00007a501b4192a0] 
[1,689s][debug][gc,nmethod     ] GC(0) O: Unregister NMethod: java.io.BufferedInputStream.read (0x00007a501b450c08) [0x00007a501b450d00, 0x00007a501b451158] 
[1,689s][debug][gc,nmethod     ] GC(0) O: Unregister NMethod: jdk.internal.loader.Resource.cachedInputStream (0x00007a501b50c688) [0x00007a501b50c780, 0x00007a501b50cdf8] 
[1,689s][debug][gc,nmethod     ] GC(0) O: Unregister NMethod: java.util.Arrays.copyOfRange (0x00007a501b43fe88) [0x00007a501b43ff80, 0x00007a501b441250] 
[1,689s][debug][gc,nmethod     ] GC(0) O: Unregister NMethod: java.lang.System$1.uncheckedCountPositives (0x00007a501b46f808) [0x00007a501b46f900, 0x00007a501b46fb58] 
[1,689s][debug][gc,nmethod     ] GC(0) O: Unregister NMethod: java.util.zip.ZipFile$Source.isMetaName (0x00007a501b526b08) [0x00007a501b526c00, 0x00007a501b527060] 
[1,689s][debug][gc,nmethod     ] GC(0) O: Unregister NMethod: java.lang.String.isLatin1 (0x00007a501b40db08) [0x00007a501b40dc00, 0x00007a501b40dd60] 
[1,689s][debug][gc,nmethod     ] GC(0) O: Unregister NMethod: java.util.WeakHashMap.remove (0x00007a501b4ce408) [0x00007a501b4ce500, 0x00007a501b4cf910] 
[1,689s][debug][gc,nmethod     ] GC(0) O: Unregister NMethod: java.lang.invoke.MethodType.parameterType (0x00007a501b44bd08) [0x00007a501b44be00, 0x00007a501b44bf88] 
[1,689s][debug][gc,nmethod     ] GC(0) O: Unregister NMethod: java.util.concurrent.ConcurrentHashMap.casTabAt (0x00007a501b443d88) [0x00007a501b443e80, 0x00007a501b443ff0] 
[1,689s][debug][gc,nmethod     ] GC(0) O: Unregister NMethod: java.util.Arrays.copyOf (0x00007a501b473808) [0x00007a501b473900, 0x00007a501b473cc8] 
[1,689s][debug][gc,nmethod     ] GC(0) O: Unregister NMethod: java.lang.String.toString (0x00007a501b4e7588) [0x00007a501b4e7680, 0x00007a501b4e7780] 
[1,689s][debug][gc,nmethod     ] GC(0) O: Unregister NMethod: java.util.BitSet.checkInvariants (0x00007a501b5a9788) [0x00007a501b5a9880, 0x00007a501b5a99b0] 
[1,689s][debug][gc,nmethod     ] GC(0) O: Unregister NMethod: java.lang.String.length (0x00007a501b40c008) [0x00007a501b40c100, 0x00007a501b40c480] 
[1,689s][debug][gc,nmethod     ] GC(0) O: Unregister NMethod: worker.org.gradle.internal.stream.EncodedStream$EncodedInput.hexToByte (0x00007a501b451f88) [0x00007a501b452080, 0x00007a501b4527c8] 
[1,689s][debug][gc,nmethod     ] GC(0) O: Unregister NMethod: java.util.BitSet.wordIndex (0x00007a501b5a8088) [0x00007a501b5a8180, 0x00007a501b5a8268] 
[1,689s][debug][gc,nmethod     ] GC(0) O: Unregister NMethod: java.lang.String.hashCode (0x00007a503abf3608) [0x00007a503abf3700, 0x00007a503abf38a0] 
[1,689s][debug][gc,nmethod     ] GC(0) O: Unregister NMethod: java.lang.String.substring (0x00007a501b441b88) [0x00007a501b441c80, 0x00007a501b4427a0] 
[1,689s][debug][gc,nmethod     ] GC(0) O: Unregister NMethod: java.lang.StringLatin1.replace (0x00007a501b453408) [0x00007a501b453500, 0x00007a501b4545a0] 
[1,689s][debug][gc,nmethod     ] GC(0) O: Unregister NMethod: jdk.internal.classfile.impl.BufWriterImpl.patchInt (0x00007a501b5f4188) [0x00007a501b5f4280, 0x00007a501b5f4460] 
[1,689s][debug][gc,nmethod     ] GC(0) O: Unregister NMethod: java.util.zip.ZipCoder$UTF8ZipCoder.checkedHash (0x00007a501b470888) [0x00007a501b470980, 0x00007a501b470da0] 
[1,689s][debug][gc,nmethod     ] GC(0) O: Unregister NMethod: java.lang.String.indexOf (0x00007a501b40f108) [0x00007a501b40f200, 0x00007a501b40f828] 
[1,689s][debug][gc,nmethod     ] GC(0) O: Unregister NMethod: java.lang.StringLatin1.indexOfChar (0x00007a501b40ee08) [0x00007a501b40ef00, 0x00007a501b40f100] 
[1,689s][debug][gc,nmethod     ] GC(0) O: Unregister NMethod: java.util.zip.ZipFile$Source.isMetaName (0x00007a503ac12188) [0x00007a503ac12280, 0x00007a503ac125b0] 
[1,689s][debug][gc,nmethod     ] GC(0) O: Unregister NMethod: java.util.ArrayList$Itr.<init> (0x00007a501b5b7088) [0x00007a501b5b7180, 0x00007a501b5b74b0] 
[1,689s][debug][gc,nmethod     ] GC(0) O: Unregister NMethod: java.util.ImmutableCollections$SetN$SetNIterator.hasNext (0x00007a501b406c08) [0x00007a501b406d00, 0x00007a501b406e50] 
[1,689s][debug][gc,nmethod     ] GC(0) O: Unregister NMethod: sun.reflect.generics.parser.SignatureParser.advance (0x00007a501b5b2988) [0x00007a501b5b2a80, 0x00007a501b5b3098] 
[1,689s][debug][gc,nmethod     ] GC(0) O: Unregister NMethod: java.util.HashMap.afterNodeInsertion (0x00007a501b42a808) [0x00007a501b42a900, 0x00007a501b42aa00] 
[1,689s][debug][gc,nmethod     ] GC(0) O: Unregister NMethod: java.lang.StringUTF16.getChar (0x00007a501b672708) [0x00007a501b672800, 0x00007a501b672960] 
[1,690s][debug][gc,nmethod     ] GC(0) O: Unregister NMethod: java.lang.AbstractStringBuilder.needsNewBuffer (0x00007a503ac1b388) [0x00007a503ac1b480, 0x00007a503ac1b568] 
[1,690s][debug][gc,nmethod     ] GC(0) O: Unregister NMethod: jdk.internal.classfile.impl.SplitConstantPool.utf8Entry (0x00007a501b468a88) [0x00007a501b468b80, 0x00007a501b469678] 
[1,690s][debug][gc,nmethod     ] GC(0) O: Unregister NMethod: java.util.jar.JarFile.getJarEntry (0x00007a501b4c1208) [0x00007a501b4c1300, 0x00007a501b4c1800] 
[1,690s][debug][gc,nmethod     ] GC(0) O: Unregister NMethod: jdk.internal.misc.Unsafe.allocateUninitializedArray0 (0x00007a501b424b08) [0x00007a501b424c00, 0x00007a501b425420] 
[1,690s][debug][gc,nmethod     ] GC(0) O: Unregister NMethod: java.util.jar.JarFile.getJarEntry (0x00007a503ac4a308) [0x00007a503ac4a400, 0x00007a503ac4ba20] 
[1,690s][debug][gc,nmethod     ] GC(0) O: Unregister NMethod: java.util.concurrent.ConcurrentHashMap.putVal (0x00007a501b414588) [0x00007a501b414680, 0x00007a501b416b78] 
[1,690s][debug][gc,nmethod     ] GC(0) O: Unregister NMethod: java.lang.Object.<init> (0x00007a501b400388) [0x00007a501b400480, 0x00007a501b400580] 
[1,690s][debug][gc,nmethod     ] GC(0) O: Unregister NMethod: jdk.internal.loader.URLClassPath$JarLoader.findResource (0x00007a501b67d088) [0x00007a501b67d180, 0x00007a501b67d388] 
[1,690s][debug][gc,nmethod     ] GC(0) O: Unregister NMethod: java.lang.String.coder (0x00007a501b409708) [0x00007a501b409800, 0x00007a501b409928] 
[1,690s][debug][gc,nmethod     ] GC(0) O: Unregister NMethod: java.util.regex.Pattern$$Lambda/0x000000005d0b27a0.is (0x00007a501b625888) [0x00007a501b625980, 0x00007a501b625b30] 
[1,690s][debug][gc,nmethod     ] GC(0) O: Unregister NMethod: java.util.zip.ZipFile$CleanableResource.releaseInflater (0x00007a501b54ae88) [0x00007a501b54af80, 0x00007a501b54b4d8] 
[1,690s][debug][gc,nmethod     ] GC(0) O: Unregister NMethod: java.util.Arrays.fill (0x00007a501b5bf308) [0x00007a501b5bf400, 0x00007a501b5bf828] 
[1,690s][debug][gc,nmethod     ] GC(0) O: Unregister NMethod: jdk.internal.classfile.impl.SplitConstantPool.canWriteDirect (0x00007a501b449d08) [0x00007a501b449e00, 0x00007a501b44a0f8] 
[1,690s][debug][gc,nmethod     ] GC(0) O: Unregister NMethod: java.lang.Math.min (0x00007a501b416b88) [0x00007a501b416c80, 0x00007a501b416da8] 
[1,690s][debug][gc,nmethod     ] GC(0) O: Unregister NMethod: jdk.internal.classfile.impl.BufWriterImpl.writeU1 (0x00007a501b4f5f08) [0x00007a501b4f6000, 0x00007a501b4f6448] 
[1,690s][debug][gc,nmethod     ] Register NMethod: java.lang.CharacterDataLatin1.getPropertiesEx (0x00007a501b95fc08) [0x00007a501b95fd00, 0x00007a501b95fe30] Compiler: c1, Barriers: 0, Oops: 0, ImmediateOops: 1, NonImmediateOops: No
[1,690s][debug][gc,nmethod     ] GC(0) O: Unregister NMethod: java.lang.String.isLatin1 (0x00007a503abe7a88) [0x00007a503abe7b80, 0x00007a503abe7c40] 
[1,690s][debug][gc,nmethod     ] Register NMethod: java.lang.CharacterDataLatin1.isUpperCase (0x00007a501b95ff08) [0x00007a501b960000, 0x00007a501b960398] Compiler: c1, Barriers: 0, Oops: 0, ImmediateOops: 1, NonImmediateOops: No
[1,690s][debug][gc,nmethod     ] GC(0) O: Unregister NMethod: java.util.zip.CRC32.<init> (0x00007a501b5e2008) [0x00007a501b5e2100, 0x00007a501b5e2258] 
[1,690s][debug][gc,nmethod     ] GC(0) O: Unregister NMethod: jdk.internal.util.ArraysSupport.hashCodeOfUnsigned (0x00007a501b402088) [0x00007a501b402180, 0x00007a501b4023f8] 
[1,690s][debug][gc,nmethod     ] GC(0) O: Unregister NMethod: sun.reflect.annotation.AnnotationInvocationHandler.memberValueHashCode (0x00007a501b7d9188) [0x00007a501b7d9280, 0x00007a501b7db480] 
[1,690s][debug][gc,nmethod     ] GC(0) O: Unregister NMethod: java.util.concurrent.ConcurrentHashMap.setTabAt (0x00007a501b46d008) [0x00007a501b46d100, 0x00007a501b46d400] 
[1,690s][debug][gc,nmethod     ] GC(0) O: Unregister NMethod: java.util.Objects.requireNonNull (0x00007a501b421c88) [0x00007a501b421d80, 0x00007a501b421f58] 
[1,690s][debug][gc,nmethod     ] GC(0) O: Unregister NMethod: jdk.internal.loader.URLClassPath$JarLoader.ensureOpen (0x00007a501b47f808) [0x00007a501b47f900, 0x00007a501b47fb68] 
[1,690s][debug][gc,nmethod     ] GC(0) O: Unregister NMethod: jdk.internal.util.ArraysSupport.vectorizedHashCode (0x00007a501b402408) [0x00007a501b402500, 0x00007a501b404358] 
[1,690s][debug][gc,nmethod     ] GC(0) O: Unregister NMethod: jdk.internal.util.ArraysSupport.mismatch (0x00007a501b411908) [0x00007a501b411a00, 0x00007a501b411de0] 
[1,690s][debug][gc,nmethod     ] GC(0) O: Unregister NMethod: java.util.ArrayDeque.elementAt (0x00007a501b4dc408) [0x00007a501b4dc500, 0x00007a501b4dc638] 
[1,690s][debug][gc,nmethod     ] GC(0) O: Unregister NMethod: java.lang.String.hashCode (0x00007a503abe8388) [0x00007a503abe8480, 0x00007a503abe8620] 
[1,690s][debug][gc,nmethod     ] GC(0) O: Unregister NMethod: java.util.WeakHashMap.put (0x00007a501b52a488) [0x00007a501b52a580, 0x00007a501b52bec0] 
[1,690s][debug][gc,nmethod     ] GC(0) O: Unregister NMethod: java.util.Arrays.fill (0x00007a503ac79588) [0x00007a503ac79680, 0x00007a503ac79818] 
[1,690s][debug][gc,nmethod     ] GC(0) O: Unregister NMethod: jdk.internal.classfile.impl.BufWriterImpl.writeU1U2 (0x00007a501b4e7888) [0x00007a501b4e7980, 0x00007a501b4e7e18] 
[1,690s][debug][gc,nmethod     ] GC(0) O: Unregister NMethod: java.util.jar.JarFile.checkForSpecialAttributes (0x00007a503ac3a288) [0x00007a503ac3a380, 0x00007a503ac3acd8] 
[1,690s][debug][gc,nmethod     ] GC(0) O: Unregister NMethod: jdk.internal.classfile.impl.SplitConstantPool.map (0x00007a501b419788) [0x00007a501b4198a0, 0x00007a501b41afa0] 
[1,690s][debug][gc,nmethod     ] GC(0) O: Unregister NMethod: java.lang.StringLatin1.lastIndexOf (0x00007a501b421788) [0x00007a501b421880, 0x00007a501b421c48] 
[1,690s][debug][gc,nmethod     ] GC(0) O: Unregister NMethod: java.lang.AbstractStringBuilder.<init> (0x00007a501b476188) [0x00007a501b476280, 0x00007a501b476508] 
[1,690s][debug][gc,nmethod     ] GC(0) O: Unregister NMethod: java.util.jar.JarFile.getEntry (0x00007a501b488188) [0x00007a501b488280, 0x00007a501b4889c8] 
[1,690s][debug][gc,nmethod     ] GC(0) O: Unregister NMethod: jdk.internal.jimage.ImageStringsReader.unmaskedHashCode (0x00007a501b519d88) [0x00007a501b519e80, 0x00007a501b51b080] 
[1,690s][debug][gc,nmethod     ] GC(0) O: Unregister NMethod: java.lang.ClassLoader.checkName (0x00007a501b47fb88) [0x00007a501b47fc80, 0x00007a501b4809c8] 
[1,690s][debug][gc,nmethod     ] GC(0) O: Unregister NMethod: java.lang.StringLatin1.canEncode (0x00007a501b41e988) [0x00007a501b41ea80, 0x00007a501b41ebe0] 
[1,690s][debug][gc,nmethod     ] GC(0) O: Unregister NMethod: java.util.HashMap.putVal (0x00007a501b47b008) [0x00007a501b47b100, 0x00007a501b47d490] 
[1,690s][debug][gc,nmethod     ] GC(0) O: Unregister NMethod: java.util.jar.JarFile.getEntry (0x00007a503ac3eb08) [0x00007a503ac3ec00, 0x00007a503ac40090] 
[1,690s][debug][gc,nmethod     ] GC(0) O: Unregister NMethod: java.util.HashMap.hash (0x00007a503ac29808) [0x00007a503ac29900, 0x00007a503ac29af0] 
[1,691s][debug][gc,nmethod     ] GC(0) O: Unregister NMethod: java.util.HashMap.get (0x00007a501b432988) [0x00007a501b432a80, 0x00007a501b432e18] 
[1,691s][debug][gc,nmethod     ] GC(0) O: Unregister NMethod: java.util.regex.Pattern$BmpCharPropertyGreedy.match (0x00007a503ac2ab08) [0x00007a503ac2ac00, 0x00007a503ac2afd0] 
[1,691s][debug][gc,nmethod     ] GC(0) O: Unregister NMethod: java.util.LinkedHashMap$LinkedHashIterator.hasNext (0x00007a501b6e9408) [0x00007a501b6e9500, 0x00007a501b6e9680] 
[1,691s][debug][gc,nmethod     ] GC(0) O: Unregister NMethod: java.util.HashMap.put (0x00007a501b42b388) [0x00007a501b42b480, 0x00007a501b42ba68] 
[1,691s][debug][gc,nmethod     ] GC(0) O: Unregister NMethod: java.util.HashSet.add (0x00007a501b433588) [0x00007a501b433680, 0x00007a501b433a10] 
[1,691s][debug][gc,nmethod     ] GC(0) O: Unregister NMethod: worker.org.gradle.internal.stream.EncodedStream$EncodedInput.read (0x00007a501b451708) [0x00007a501b451800, 0x00007a501b451f58] 
[1,691s][debug][gc,nmethod     ] GC(0) O: Unregister NMethod: java.util.zip.Checksum.update (0x00007a501b5e2788) [0x00007a501b5e2880, 0x00007a501b5e2a08] 
[1,691s][debug][gc,nmethod     ] GC(0) O: Unregister NMethod: jdk.internal.classfile.impl.SplitConstantPool.internalAdd (0x00007a501b425908) [0x00007a501b425a00, 0x00007a501b4267e8] 
[1,691s][debug][gc,nmethod     ] GC(0) O: Unregister NMethod: jdk.internal.loader.URLClassPath$JarLoader$1.getBytes (0x00007a501b5e3888) [0x00007a501b5e3980, 0x00007a501b5e4268] 
[1,691s][debug][gc,nmethod     ] GC(0) O: Unregister NMethod: jdk.internal.loader.URLClassPath$JarLoader.getResource (0x00007a503ac47a88) [0x00007a503ac47b80, 0x00007a503ac492d0] 
[1,691s][debug][gc,nmethod     ] GC(0) O: Unregister NMethod: jdk.internal.classfile.impl.Util.isDoubleSlot (0x00007a501b6a3788) [0x00007a501b6a3880, 0x00007a501b6a39f0] 
[1,691s][debug][gc,nmethod     ] GC(0) O: Unregister NMethod: java.util.zip.ZipFile$Source.checkAndAddEntry (0x00007a501b471388) [0x00007a501b471480, 0x00007a501b473780] 
[1,691s][debug][gc,nmethod     ] Register NMethod: java.lang.StringLatin1.toLowerCase (0x00007a501b960408) [0x00007a501b960500, 0x00007a501b9617d0] Compiler: c1, Barriers: 5, Oops: 1, ImmediateOops: 6, NonImmediateOops: No
[1,691s][debug][gc,nmethod     ] GC(0) O: Unregister NMethod: java.lang.String.startsWith (0x00007a501b40f888) [0x00007a501b40f980, 0x00007a501b410c00] 
[1,691s][debug][gc,nmethod     ] GC(0) O: Unregister NMethod: jdk.internal.misc.Unsafe.getShortUnaligned (0x00007a501b44e388) [0x00007a501b44e480, 0x00007a501b44e6a8] 
[1,691s][debug][gc,nmethod     ] GC(0) O: Unregister NMethod: java.util.AbstractCollection.<init> (0x00007a501b405e08) [0x00007a501b405f00, 0x00007a501b406058] 
[1,691s][debug][gc,nmethod     ] GC(0) O: Unregister NMethod: jdk.internal.misc.Unsafe.getIntUnaligned (0x00007a501b456788) [0x00007a501b456880, 0x00007a501b456ac8] 
[1,691s][debug][gc,nmethod     ] GC(0) O: Unregister NMethod: java.util.HashMap.put (0x00007a503ac2eb88) [0x00007a503ac2eca0, 0x00007a503ac304a8] 
[1,691s][debug][gc,nmethod     ] GC(0) O: Unregister NMethod: java.util.ArrayList.add (0x00007a501b474188) [0x00007a501b474280, 0x00007a501b4747f0] 
[1,691s][debug][gc,nmethod     ] GC(0) O: Unregister NMethod: java.lang.StringLatin1.newString (0x00007a501b441288) [0x00007a501b441380, 0x00007a501b4416a0] 
[1,691s][debug][gc,nmethod     ] GC(0) O: Unregister NMethod: java.util.zip.ZipFile$CleanableResource.getInflater (0x00007a501b542e08) [0x00007a501b542f00, 0x00007a501b543630] 
[1,691s][debug][gc,nmethod     ] GC(0) O: Unregister NMethod: java.util.zip.ZipFile.ensureOpen (0x00007a501b479288) [0x00007a501b479380, 0x00007a501b479650] 
[1,691s][debug][gc,nmethod     ] GC(0) O: Unregister NMethod: java.lang.String.hashCode (0x00007a501b400988) [0x00007a501b400a80, 0x00007a501b401028] 
[1,691s][debug][gc,nmethod     ] GC(0) O: Unregister NMethod: java.util.LinkedHashMap$LinkedEntryIterator.next (0x00007a501b7d1f88) [0x00007a501b7d2080, 0x00007a501b7d2590] 
[1,691s][debug][gc,nmethod     ] GC(0) O: Unregister NMethod: java.util.concurrent.ConcurrentHashMap.get (0x00007a501b41b788) [0x00007a501b41b880, 0x00007a501b41c898] 
[1,691s][debug][gc,nmethod     ] GC(0) O: Unregister NMethod: java.util.HashMap.hash (0x00007a501b427008) [0x00007a501b427100, 0x00007a501b427438] 
[1,691s][debug][gc,nmethod     ] GC(0) O: Unregister NMethod: java.io.BufferedInputStream.getBufIfOpen (0x00007a501b450908) [0x00007a501b450a00, 0x00007a501b450b38] 
[1,691s][debug][gc,nmethod     ] GC(0) O: Unregister NMethod: jdk.internal.loader.URLClassPath$JarLoader.getResource (0x00007a501b487a88) [0x00007a501b487b80, 0x00007a501b488150] 
[1,691s][debug][gc,nmethod     ] GC(0) O: Unregister NMethod: java.util.jar.JarFile.getEntry (0x00007a501b4c2288) [0x00007a501b4c2380, 0x00007a501b4c2ac8] 
[1,691s][debug][gc,nmethod     ] GC(0) O: Unregister NMethod: java.util.LinkedHashMap$LinkedHashIterator.nextNode (0x00007a501b6ebe08) [0x00007a501b6ebf00, 0x00007a501b6ec3c0] 
[1,691s][debug][gc,nmethod     ] GC(0) O: Unregister NMethod: java.util.HashMap.get (0x00007a501b42e988) [0x00007a501b42ea80, 0x00007a501b42ee18] 
[1,691s][debug][gc,nmethod     ] GC(0) O: Unregister NMethod: jdk.internal.misc.Unsafe.putReferenceRelease (0x00007a501b46cd08) [0x00007a501b46ce00, 0x00007a501b46cf78] 
[1,691s][debug][gc,nmethod     ] GC(0) O: Unregister NMethod: java.lang.StringBuilder.toString (0x00007a501b476588) [0x00007a501b476680, 0x00007a501b476ab8] 
[1,691s][debug][gc,nmethod     ] Register NMethod: java.util.Arrays.fill (0x00007a503ac80e08) [0x00007a503ac80f00, 0x00007a503ac810f8] Compiler: jvmci, Barriers: 0, Oops: 0, ImmediateOops: 0, NonImmediateOops: No
[1,691s][debug][gc,nmethod     ] GC(0) O: Unregister NMethod: java.util.jar.JarFile.checkForSpecialAttributes (0x00007a501b480d88) [0x00007a501b480e80, 0x00007a501b4823e8] 
[1,691s][debug][gc,nmethod     ] Register NMethod: java.lang.String.toLowerCase (0x00007a501b961808) [0x00007a501b961900, 0x00007a501b961db0] Compiler: c1, Barriers: 2, Oops: 0, ImmediateOops: 0, NonImmediateOops: No
[1,691s][debug][gc,nmethod     ] GC(0) O: Unregister NMethod: java.util.HashMap.putVal (0x00007a503abf9088) [0x00007a503abf91a0, 0x00007a503abfaa78] 
[1,692s][debug][gc,nmethod     ] Register NMethod: java.lang.String.isLatin1 (0x00007a503ac81108) [0x00007a503ac81200, 0x00007a503ac81290] Compiler: jvmci, Barriers: 0, Oops: 0, ImmediateOops: 0, NonImmediateOops: No
[1,692s][debug][gc,nmethod     ] GC(0) O: Unregister NMethod: java.math.BigInteger.addOne (0x00007a501b74b408) [0x00007a501b74b500, 0x00007a501b74b818] 
[1,692s][debug][gc,nmethod     ] GC(0) O: Unregister NMethod: jdk.internal.classfile.impl.SplitConstantPool.tryFindUtf8 (0x00007a501b45c008) [0x00007a501b45c100, 0x00007a501b45d938] 
[1,692s][debug][gc,nmethod     ] GC(0) O: Unregister NMethod: java.lang.invoke.MemberName.getModifiers (0x00007a501b507d08) [0x00007a501b507e00, 0x00007a501b507f08] 
[1,692s][debug][gc,nmethod     ] GC(0) O: Unregister NMethod: java.util.LinkedHashMap.afterNodeInsertion (0x00007a501b524388) [0x00007a501b524480, 0x00007a501b524688] 
[1,692s][debug][gc,nmethod     ] GC(0) O: Unregister NMethod: java.util.jar.JarFile.isMultiRelease (0x00007a501b581608) [0x00007a501b581700, 0x00007a501b5818f8] 
[1,692s][debug][gc,nmethod     ] GC(0) O: Unregister NMethod: jdk.internal.util.Preconditions.checkFromToIndex (0x00007a501b41df88) [0x00007a501b41e080, 0x00007a501b41e238] 
[1,692s][debug][gc,nmethod     ] GC(0) O: Unregister NMethod: jdk.internal.loader.URLClassPath$JarLoader.getResource (0x00007a503ac41a08) [0x00007a503ac41b00, 0x00007a503ac43230] 
[1,692s][debug][gc,nmethod     ] GC(0) O: Unregister NMethod: jdk.internal.classfile.impl.AbstractPoolEntry.maybeClone (0x00007a501b449288) [0x00007a501b449380, 0x00007a501b449ce8] 
[1,692s][debug][gc,nmethod     ] GC(0) O: Unregister NMethod: java.util.zip.ZipFile.zipCoderFor (0x00007a501b46f288) [0x00007a501b46f380, 0x00007a501b46f7d0] 
[1,692s][debug][gc,nmethod     ] GC(0) O: Unregister NMethod: java.lang.invoke.MethodType.parameterCount (0x00007a501b422a88) [0x00007a501b422b80, 0x00007a501b422cb8] 
[1,692s][debug][gc,nmethod     ] GC(0) O: Unregister NMethod: jdk.internal.misc.Unsafe.allocateUninitializedArray (0x00007a501b424408) [0x00007a501b424500, 0x00007a501b424ac8] 
[1,692s][debug][gc,nmethod     ] GC(0) O: Unregister NMethod: java.util.regex.Pattern$BmpCharPropertyGreedy.match (0x00007a501b626408) [0x00007a501b626500, 0x00007a501b626e70] 
[1,692s][debug][gc,nmethod     ] GC(0) O: Unregister NMethod: java.util.jar.JarFile.getJarEntry (0x00007a501b487088) [0x00007a501b487180, 0x00007a501b487a28] 
[1,692s][debug][gc,nmethod     ] GC(0) O: Unregister NMethod: java.lang.StringLatin1.equals (0x00007a501b401d08) [0x00007a501b401e00, 0x00007a501b402068] 
[1,692s][debug][gc,nmethod     ] GC(0) O: Unregister NMethod: java.lang.Integer.rotateLeft (0x00007a501b57a388) [0x00007a501b57a480, 0x00007a501b57a570] 
[1,692s][debug][gc,nmethod     ] GC(0) O: Unregister NMethod: java.util.concurrent.ConcurrentHashMap.addCount (0x00007a501b413788) [0x00007a501b413880, 0x00007a501b414520] 
[1,692s][debug][gc,nmethod     ] GC(0) O: Unregister NMethod: java.util.ImmutableCollections$ListN.size (0x00007a501b5a9188) [0x00007a501b5a9280, 0x00007a501b5a93b8] 
[1,692s][debug][gc,phases      ] GC(0) O: Concurrent Classes Unlink 6,372ms
[1,692s][debug][gc,phases,start] GC(0) O: Concurrent Classes Purge
[1,692s][debug][gc,nmethod     ] GC(0) O: Purge NMethod: jdk.internal.classfile.impl.AbstractPoolEntry$Utf8EntryImpl.<init> (0x00007a501b45ea88) [0x00007a501b45eb80, 0x00007a501b45f3e8] 
[1,692s][debug][gc,nmethod     ] GC(0) O: Purge NMethod: java.lang.String.hashCode (0x00007a501b417188) [0x00007a501b417280, 0x00007a501b417828] 
[1,692s][debug][gc,nmethod     ] GC(0) O: Purge NMethod: java.math.BigInteger.implMulAdd (0x00007a501b74ad88) [0x00007a501b74ae80, 0x00007a501b74b0a0] 
[1,693s][debug][gc,nmethod     ] GC(0) O: Purge NMethod: jdk.internal.loader.URLClassPath$JarLoader.getResource (0x00007a501b4c1808) [0x00007a501b4c1900, 0x00007a501b4c2230] 
[1,693s][debug][gc,nmethod     ] GC(0) O: Purge NMethod: java.lang.ref.Reference.reachabilityFence (0x00007a501b475108) [0x00007a501b475200, 0x00007a501b4752e0] 
[1,693s][debug][gc,nmethod     ] GC(0) O: Purge NMethod: java.util.zip.ZipFile.getEntry (0x00007a501b484e88) [0x00007a501b484f80, 0x00007a501b485548] 
[1,693s][debug][gc,nmethod     ] GC(0) O: Purge NMethod: java.lang.StringBuilder.append (0x00007a501b44c788) [0x00007a501b44c880, 0x00007a501b44c9c8] 
[1,693s][debug][gc,nmethod     ] GC(0) O: Purge NMethod: java.lang.StringLatin1.getBytes (0x00007a501b464988) [0x00007a501b464a80, 0x00007a501b464c18] 
[1,693s][debug][gc,nmethod     ] GC(0) O: Purge NMethod: java.util.HashMap.putIfAbsent (0x00007a503ac17608) [0x00007a503ac17720, 0x00007a503ac18f20] 
[1,693s][debug][gc,nmethod     ] GC(0) O: Purge NMethod: java.util.zip.ZipCoder.hash (0x00007a501b485588) [0x00007a501b485680, 0x00007a501b4864b8] 
[1,693s][debug][gc,nmethod     ] GC(0) O: Purge NMethod: java.lang.ref.Reference.<init> (0x00007a501b469c88) [0x00007a501b469d80, 0x00007a501b46a018] 
[1,693s][debug][gc,nmethod     ] GC(0) O: Purge NMethod: java.util.WeakHashMap.getTable (0x00007a501b48ad08) [0x00007a501b48ae00, 0x00007a501b48af78] 
[1,693s][debug][gc,nmethod     ] GC(0) O: Purge NMethod: java.util.zip.ZipFile$Source.nextEntryPos (0x00007a501b470188) [0x00007a501b470280, 0x00007a501b470538] 
[1,693s][debug][gc,nmethod     ] GC(0) O: Purge NMethod: java.lang.String.getBytes (0x00007a501b418208) [0x00007a501b418300, 0x00007a501b418808] 
[1,693s][debug][gc,nmethod     ] GC(0) O: Purge NMethod: java.lang.String.isEmpty (0x00007a501b411008) [0x00007a501b411100, 0x00007a501b411288] 
[1,693s][debug][gc,nmethod     ] GC(0) O: Purge NMethod: java.io.BufferedInputStream.getBufIfOpen (0x00007a501b451188) [0x00007a501b451280, 0x00007a501b451698] 
[1,693s][debug][gc,nmethod     ] GC(0) O: Purge NMethod: java.util.ArrayList$Itr.next (0x00007a501b577688) [0x00007a501b577780, 0x00007a501b577d70] 
[1,693s][debug][gc,nmethod     ] GC(0) O: Purge NMethod: java.util.jar.Manifest$FastInputStream.readLine (0x00007a501b484508) [0x00007a501b484600, 0x00007a501b484e58] 
[1,693s][debug][gc,nmethod     ] GC(0) O: Purge NMethod: jdk.internal.classfile.impl.RawBytecodeHelper.endBci (0x00007a501b44a108) [0x00007a501b44a200, 0x00007a501b44a338] 
[1,693s][debug][gc,nmethod     ] GC(0) O: Purge NMethod: java.util.HashMap.putVal (0x00007a501b42ee88) [0x00007a501b42ef80, 0x00007a501b430c60] 
[1,693s][debug][gc,nmethod     ] GC(0) O: Purge NMethod: java.io.BufferedInputStream.getBufIfOpen (0x00007a503abfb108) [0x00007a503abfb200, 0x00007a503abfb330] 
[1,693s][debug][gc,nmethod     ] GC(0) O: Purge NMethod: java.net.URLClassLoader.defineClass (0x00007a501b606388) [0x00007a501b606480, 0x00007a501b60ad18] 
[1,693s][debug][gc,nmethod     ] GC(0) O: Purge NMethod: jdk.internal.classfile.impl.EntryMap.put (0x00007a501b426808) [0x00007a501b426900, 0x00007a501b426fd0] 
[1,693s][debug][gc,nmethod     ] GC(0) O: Purge NMethod: java.lang.CharacterDataLatin1.getProperties (0x00007a501b4e5b88) [0x00007a501b4e5c80, 0x00007a501b4e5db0] 
[1,693s][debug][gc,nmethod     ] GC(0) O: Purge NMethod: jdk.internal.util.ArraysSupport.vectorizedHashCode (0x00007a503ac69b08) [0x00007a503ac69d40, 0x00007a503ac6a408] 
[1,693s][debug][gc,nmethod     ] GC(0) O: Purge NMethod: jdk.internal.classfile.impl.StackMapGenerator.processBlock (0x00007a501b491808) [0x00007a501b491900, 0x00007a501b4c0bc8] 
[1,693s][debug][gc,nmethod     ] GC(0) O: Purge NMethod: java.lang.module.ModuleDescriptor$Exports.isQualified (0x00007a501b428008) [0x00007a501b428100, 0x00007a501b428490] 
[1,693s][debug][gc,nmethod     ] GC(0) O: Purge NMethod: java.util.zip.ZipUtils.get32 (0x00007a501b456208) [0x00007a501b456300, 0x00007a501b456708] 
[1,693s][debug][gc,nmethod     ] GC(0) O: Purge NMethod: sun.reflect.generics.parser.SignatureParser.current (0x00007a501b5b1588) [0x00007a501b5b1680, 0x00007a501b5b2490] 
[1,693s][debug][gc,nmethod     ] GC(0) O: Purge NMethod: java.lang.invoke.MemberName.getReferenceKind (0x00007a501b47d908) [0x00007a501b47da00, 0x00007a501b47db10] 
[1,693s][debug][gc,nmethod     ] GC(0) O: Purge NMethod: java.util.ImmutableCollections$SetN.probe (0x00007a501b401088) [0x00007a501b401180, 0x00007a501b4019a8] 
[1,693s][debug][gc,nmethod     ] GC(0) O: Purge NMethod: java.lang.StringCoding.countPositives (0x00007a501b46d408) [0x00007a501b46d500, 0x00007a501b46d708] 
[1,693s][debug][gc,nmethod     ] GC(0) O: Purge NMethod: sun.util.locale.LocaleUtils.toLower (0x00007a501b62b208) [0x00007a501b62b300, 0x00007a501b62b500] 
[1,693s][debug][gc,nmethod     ] GC(0) O: Purge NMethod: java.math.BigInteger.mulAdd (0x00007a501b74b108) [0x00007a501b74b200, 0x00007a501b74b390] 
[1,693s][debug][gc,nmethod     ] GC(0) O: Purge NMethod: sun.util.locale.BaseLocale.hashCode (0x00007a501b62bf08) [0x00007a501b62c000, 0x00007a501b62fe88] 
[1,693s][debug][gc,nmethod     ] GC(0) O: Purge NMethod: java.util.Objects.requireNonNull (0x00007a501b405808) [0x00007a501b405900, 0x00007a501b405ad0] 
[1,693s][debug][gc,nmethod     ] GC(0) O: Purge NMethod: jdk.internal.misc.Unsafe.getIntUnaligned (0x00007a503ac01908) [0x00007a503ac01a00, 0x00007a503ac01ac0] 
[1,693s][debug][gc,nmethod     ] GC(0) O: Purge NMethod: jdk.internal.loader.Resource.getBytes (0x00007a501b5dbd08) [0x00007a501b5dbe00, 0x00007a501b5dd2f0] 
[1,693s][debug][gc,nmethod     ] GC(0) O: Purge NMethod: jdk.internal.classfile.impl.SplitConstantPool.maybeCloneUtf8Entry (0x00007a501b4e8608) [0x00007a501b4e8700, 0x00007a501b4e97a0] 
[1,693s][debug][gc,nmethod     ] GC(0) O: Purge NMethod: java.util.zip.ZipUtils.get16 (0x00007a501b44de08) [0x00007a501b44df00, 0x00007a501b44e300] 
[1,693s][debug][gc,nmethod     ] GC(0) O: Purge NMethod: jdk.internal.classfile.impl.RawBytecodeHelper.opcode (0x00007a501b44ba08) [0x00007a501b44bb00, 0x00007a501b44bc08] 
[1,693s][debug][gc,nmethod     ] GC(0) O: Purge NMethod: java.util.concurrent.ConcurrentHashMap.tabAt (0x00007a501b412608) [0x00007a501b412700, 0x00007a501b412c48] 
[1,693s][debug][gc,nmethod     ] GC(0) O: Purge NMethod: java.lang.Class.isArray (0x00007a501b41dc88) [0x00007a501b41dd80, 0x00007a501b41df00] 
[1,693s][debug][gc,nmethod     ] GC(0) O: Purge NMethod: java.util.HashMap.afterNodeAccess (0x00007a501b802c88) [0x00007a501b802d80, 0x00007a501b802e80] 
[1,693s][debug][gc,nmethod     ] GC(0) O: Purge NMethod: java.util.stream.AbstractPipeline.isParallel (0x00007a501b728508) [0x00007a501b728600, 0x00007a501b728738] 
[1,693s][debug][gc,nmethod     ] GC(0) O: Purge NMethod: java.util.HashMap.putVal (0x00007a501b435d88) [0x00007a501b435e80, 0x00007a501b438210] 
[1,693s][debug][gc,nmethod     ] GC(0) O: Purge NMethod: java.lang.String.charAt (0x00007a503abe7d88) [0x00007a503abe7e80, 0x00007a503abe7fb0] 
[1,693s][debug][gc,nmethod     ] GC(0) O: Purge NMethod: java.lang.Math.max (0x00007a501b448c08) [0x00007a501b448d00, 0x00007a501b448e28] 
[1,693s][debug][gc,nmethod     ] GC(0) O: Purge NMethod: java.nio.DirectLongBufferU.ix (0x00007a501b486d88) [0x00007a501b486e80, 0x00007a501b486f90] 
[1,693s][debug][gc,nmethod     ] GC(0) O: Purge NMethod: jdk.internal.classfile.impl.AbstractPoolEntry$Utf8EntryImpl.writeTo (0x00007a501b45f408) [0x00007a501b45f500, 0x00007a501b45fd10] 
[1,693s][debug][gc,nmethod     ] GC(0) O: Purge NMethod: java.lang.CharacterDataLatin1.equalsIgnoreCase (0x00007a501b4c2b08) [0x00007a501b4c2c00, 0x00007a501b4c2e98] 
[1,693s][debug][gc,nmethod     ] GC(0) O: Purge NMethod: java.util.jar.JarFile.checkForSpecialAttributes (0x00007a501b4c3708) [0x00007a501b4c3800, 0x00007a501b4c4de0] 
[1,693s][debug][gc,nmethod     ] GC(0) O: Purge NMethod: jdk.internal.classfile.impl.AbstractPoolEntry.<init> (0x00007a501b421f88) [0x00007a501b422080, 0x00007a501b422258] 
[1,693s][debug][gc,nmethod     ] GC(0) O: Purge NMethod: java.util.HashMap.getNode (0x00007a501b42cf08) [0x00007a501b42d000, 0x00007a501b42e310] 
[1,693s][debug][gc,nmethod     ] GC(0) O: Purge NMethod: java.util.Collections$UnmodifiableSet.<init> (0x00007a501b904608) [0x00007a501b904700, 0x00007a501b904a20] 
[1,693s][debug][gc,nmethod     ] GC(0) O: Purge NMethod: java.util.Optional.empty (0x00007a501b448108) [0x00007a501b448200, 0x00007a501b4482e8] 
[1,693s][debug][gc,nmethod     ] GC(0) O: Purge NMethod: java.lang.StringLatin1.indexOf (0x00007a501b411308) [0x00007a501b411400, 0x00007a501b411888] 
[1,693s][debug][gc,nmethod     ] GC(0) O: Purge NMethod: java.lang.String.checkIndex (0x00007a501b40e508) [0x00007a501b40e600, 0x00007a501b40e728] 
[1,693s][debug][gc,nmethod     ] GC(0) O: Purge NMethod: java.util.HashMap.put (0x00007a501b432e88) [0x00007a501b432f80, 0x00007a501b433568] 
[1,693s][debug][gc,nmethod     ] GC(0) O: Purge NMethod: sun.reflect.annotation.AnnotationInvocationHandler.invoke (0x00007a501b7cf808) [0x00007a501b7cf900, 0x00007a501b7d1b90] 
[1,693s][debug][gc,nmethod     ] GC(0) O: Purge NMethod: jdk.internal.constant.MethodTypeDescImpl.parameterCount (0x00007a501b491508) [0x00007a501b491600, 0x00007a501b491738] 
[1,693s][debug][gc,nmethod     ] GC(0) O: Purge NMethod: java.util.LinkedHashMap.newNode (0x00007a501b524088) [0x00007a501b524180, 0x00007a501b524368] 
[1,693s][debug][gc,nmethod     ] GC(0) O: Purge NMethod: java.lang.CharacterDataLatin1.isWhitespace (0x00007a501b5b4108) [0x00007a501b5b4200, 0x00007a501b5b45a0] 
[1,693s][debug][gc,nmethod     ] GC(0) O: Purge NMethod: java.nio.DirectByteBuffer.get (0x00007a501b490108) [0x00007a501b490200, 0x00007a501b491000] 
[1,693s][debug][gc,nmethod     ] GC(0) O: Purge NMethod: java.util.jar.JarFile.isMultiRelease (0x00007a501b484208) [0x00007a501b484300, 0x00007a501b4844f8] 
[1,693s][debug][gc,nmethod     ] GC(0) O: Purge NMethod: jdk.internal.loader.Resource.getByteBuffer (0x00007a501b5e1188) [0x00007a501b5e1280, 0x00007a501b5e1ff8] 
[1,693s][debug][gc,nmethod     ] GC(0) O: Purge NMethod: java.nio.DirectByteBuffer.ix (0x00007a501b48f608) [0x00007a501b48f700, 0x00007a501b48f808] 
[1,693s][debug][gc,nmethod     ] GC(0) O: Purge NMethod: jdk.internal.classfile.impl.BufWriterImpl.cpIndex (0x00007a501b45fd88) [0x00007a501b45fe80, 0x00007a501b461e78] 
[1,693s][debug][gc,nmethod     ] GC(0) O: Purge NMethod: java.lang.CharacterData.of (0x00007a501b4e5e88) [0x00007a501b4e5f80, 0x00007a501b4e66c0] 
[1,693s][debug][gc,nmethod     ] GC(0) O: Purge NMethod: jdk.internal.classfile.impl.SplitConstantPool.entryByIndex (0x00007a501b41ef88) [0x00007a501b41f080, 0x00007a501b421130] 
[1,693s][debug][gc,nmethod     ] GC(0) O: Purge NMethod: java.lang.Object.equals (0x00007a501b439f88) [0x00007a501b43a080, 0x00007a501b43a1d0] 
[1,693s][debug][gc,nmethod     ] GC(0) O: Purge NMethod: java.lang.AbstractStringBuilder.needsNewBuffer (0x00007a501b444a08) [0x00007a501b444b00, 0x00007a501b444ca0] 
[1,693s][debug][gc,nmethod     ] GC(0) O: Purge NMethod: jdk.internal.loader.URLClassPath.getLoader (0x00007a501b488a08) [0x00007a501b488b00, 0x00007a501b48a9b8] 
[1,693s][debug][gc,nmethod     ] GC(0) O: Purge NMethod: java.util.HashMap.resize (0x00007a501b43e088) [0x00007a501b43e1a0, 0x00007a501b43fe80] 
[1,693s][debug][gc,nmethod     ] GC(0) O: Purge NMethod: java.util.HashMap.putIfAbsent (0x00007a501b43d688) [0x00007a501b43d780, 0x00007a501b43dd68] 
[1,693s][debug][gc,nmethod     ] GC(0) O: Purge NMethod: jdk.internal.util.ArraysSupport.unsignedHashCode (0x00007a501b400008) [0x00007a501b400100, 0x00007a501b400310] 
[1,693s][debug][gc,nmethod     ] GC(0) O: Purge NMethod: java.util.Objects.hashCode (0x00007a501b40af08) [0x00007a501b40b000, 0x00007a501b40b350] 
[1,693s][debug][gc,nmethod     ] GC(0) O: Purge NMethod: jdk.internal.classfile.impl.EntryMap.firstToken (0x00007a501b421188) [0x00007a501b421280, 0x00007a501b421770] 
[1,693s][debug][gc,nmethod     ] GC(0) O: Purge NMethod: java.lang.AbstractStringBuilder.append (0x00007a501b48f008) [0x00007a501b48f100, 0x00007a501b48f5b8] 
[1,693s][debug][gc,nmethod     ] GC(0) O: Purge NMethod: java.lang.String.replace (0x00007a501b46c688) [0x00007a501b46c780, 0x00007a501b46cc88] 
[1,693s][debug][gc,nmethod     ] GC(0) O: Purge NMethod: java.lang.ref.ReferenceQueue.poll (0x00007a501b417c88) [0x00007a501b417d80, 0x00007a501b4181a0] 
[1,693s][debug][gc,nmethod     ] GC(0) O: Purge NMethod: org.junit.platform.commons.util.AnnotationUtils.findRepeatableAnnotations (0x00007a501b879688) [0x00007a501b879780, 0x00007a501b87ec80] 
[1,693s][debug][gc,nmethod     ] GC(0) O: Purge NMethod: java.util.HashMap.put (0x00007a503ac74c08) [0x00007a503ac74d00, 0x00007a503ac75aa8] 
[1,693s][debug][gc,nmethod     ] GC(0) O: Purge NMethod: java.lang.String.equals (0x00007a501b406408) [0x00007a501b406500, 0x00007a501b406bc0] 
[1,693s][debug][gc,nmethod     ] GC(0) O: Purge NMethod: jdk.internal.util.StrongReferenceKey.hashCode (0x00007a501b41d608) [0x00007a501b41d700, 0x00007a501b41dc10] 
[1,693s][debug][gc,nmethod     ] GC(0) O: Purge NMethod: java.util.HashMap.put (0x00007a501b6f1708) [0x00007a501b6f1800, 0x00007a501b6f1de8] 
[1,693s][debug][gc,nmethod     ] GC(0) O: Purge NMethod: java.math.BigInteger.implMulAddCheck (0x00007a501b74b888) [0x00007a501b74b980, 0x00007a501b74f910] 
[1,693s][debug][gc,nmethod     ] GC(0) O: Purge NMethod: sun.nio.fs.UnixPath.checkNotNul (0x00007a501b46d788) [0x00007a501b46d880, 0x00007a501b46da20] 
[1,693s][debug][gc,nmethod     ] GC(0) O: Purge NMethod: java.util.ImmutableCollections$SetN$SetNIterator.next (0x00007a501b413308) [0x00007a501b413400, 0x00007a501b413768] 
[1,693s][debug][gc,nmethod     ] GC(0) O: Purge NMethod: java.lang.StringBuilder.<init> (0x00007a501b478088) [0x00007a501b478180, 0x00007a501b4782b8] 
[1,693s][debug][gc,nmethod     ] GC(0) O: Purge NMethod: jdk.internal.util.ArraysSupport.hashCode (0x00007a501b73fd08) [0x00007a501b73fe00, 0x00007a501b7402b0] 
[1,693s][debug][gc,nmethod     ] GC(0) O: Purge NMethod: java.util.HashMap.resize (0x00007a503abf6488) [0x00007a503abf65a0, 0x00007a503abf70e0] 
[1,693s][debug][gc,nmethod     ] GC(0) O: Purge NMethod: java.util.concurrent.ConcurrentHashMap.putIfAbsent (0x00007a501b417888) [0x00007a501b417980, 0x00007a501b417c80] 
[1,693s][debug][gc,nmethod     ] GC(0) O: Purge NMethod: java.net.URLClassLoader.findClass (0x00007a501b603308) [0x00007a501b603400, 0x00007a501b606020] 
[1,693s][debug][gc,nmethod     ] GC(0) O: Purge NMethod: sun.reflect.annotation.AnnotationInvocationHandler.hashCodeImpl (0x00007a501b805908) [0x00007a501b805a00, 0x00007a501b806e80] 
[1,693s][debug][gc,nmethod     ] GC(0) O: Purge NMethod: java.util.HashSet.add (0x00007a501b42e688) [0x00007a501b42e780, 0x00007a501b42e960] 
[1,693s][debug][gc,nmethod     ] GC(0) O: Purge NMethod: sun.net.www.ParseUtil.firstEncodeIndex (0x00007a501b454608) [0x00007a501b454700, 0x00007a501b4555d8] 
[1,693s][debug][gc,nmethod     ] GC(0) O: Purge NMethod: java.util.zip.ZipFile$Source.isMetaName (0x00007a501b470e08) [0x00007a501b470f00, 0x00007a501b471360] 
[1,693s][debug][gc,nmethod     ] GC(0) O: Purge NMethod: java.util.HashMap.newNode (0x00007a501b42af08) [0x00007a501b42b000, 0x00007a501b42b380] 
[1,693s][debug][gc,nmethod     ] GC(0) O: Purge NMethod: java.lang.AbstractStringBuilder.append (0x00007a501b44ca88) [0x00007a501b44cb80, 0x00007a501b44d7d0] 
[1,693s][debug][gc,nmethod     ] GC(0) O: Purge NMethod: java.util.zip.ZipFile$Source.getEntryPos (0x00007a501b482408) [0x00007a501b482500, 0x00007a501b4841a8] 
[1,693s][debug][gc,nmethod     ] GC(0) O: Purge NMethod: java.lang.StringCoding.countNonZeroAsciiLatin1 (0x00007a501b41e608) [0x00007a501b41e700, 0x00007a501b41e908] 
[1,693s][debug][gc,nmethod     ] GC(0) O: Purge NMethod: java.lang.String.indexOf (0x00007a501b51bd88) [0x00007a501b51be80, 0x00007a501b51c980] 
[1,693s][debug][gc,nmethod     ] GC(0) O: Purge NMethod: java.lang.String.<init> (0x00007a501b476b08) [0x00007a501b476c00, 0x00007a501b4775a0] 
[1,693s][debug][gc,nmethod     ] GC(0) O: Purge NMethod: java.util.concurrent.ConcurrentHashMap.putVal (0x00007a503ac31788) [0x00007a503ac31880, 0x00007a503ac32968] 
[1,693s][debug][gc,nmethod     ] GC(0) O: Purge NMethod: java.util.Objects.equals (0x00007a501b40a288) [0x00007a501b40a380, 0x00007a501b40a708] 
[1,693s][debug][gc,nmethod     ] GC(0) O: Purge NMethod: java.lang.String.charAt (0x00007a501b40de08) [0x00007a501b40df00, 0x00007a501b40e490] 
[1,693s][debug][gc,nmethod     ] GC(0) O: Purge NMethod: jdk.internal.classfile.impl.RawBytecodeHelper.next (0x00007a501b44a408) [0x00007a501b44a500, 0x00007a501b44ac78] 
[1,693s][debug][gc,nmethod     ] GC(0) O: Purge NMethod: java.util.LinkedHashMap.get (0x00007a501b4df788) [0x00007a501b4df880, 0x00007a501b4dfc98] 
[1,693s][debug][gc,nmethod     ] GC(0) O: Purge NMethod: jdk.internal.util.ReferencedKeyMap.removeStaleReferences (0x00007a501b418b88) [0x00007a501b418c80, 0x00007a501b4192a0] 
[1,693s][debug][gc,nmethod     ] GC(0) O: Purge NMethod: java.io.BufferedInputStream.read (0x00007a501b450c08) [0x00007a501b450d00, 0x00007a501b451158] 
[1,693s][debug][gc,nmethod     ] GC(0) O: Purge NMethod: jdk.internal.loader.Resource.cachedInputStream (0x00007a501b50c688) [0x00007a501b50c780, 0x00007a501b50cdf8] 
[1,694s][debug][gc,nmethod     ] GC(0) O: Purge NMethod: java.util.Arrays.copyOfRange (0x00007a501b43fe88) [0x00007a501b43ff80, 0x00007a501b441250] 
[1,694s][debug][gc,nmethod     ] GC(0) O: Purge NMethod: java.lang.System$1.uncheckedCountPositives (0x00007a501b46f808) [0x00007a501b46f900, 0x00007a501b46fb58] 
[1,694s][debug][gc,nmethod     ] GC(0) O: Purge NMethod: java.util.zip.ZipFile$Source.isMetaName (0x00007a501b526b08) [0x00007a501b526c00, 0x00007a501b527060] 
[1,694s][debug][gc,nmethod     ] GC(0) O: Purge NMethod: java.lang.String.isLatin1 (0x00007a501b40db08) [0x00007a501b40dc00, 0x00007a501b40dd60] 
[1,694s][debug][gc,nmethod     ] GC(0) O: Purge NMethod: java.util.WeakHashMap.remove (0x00007a501b4ce408) [0x00007a501b4ce500, 0x00007a501b4cf910] 
[1,694s][debug][gc,nmethod     ] GC(0) O: Purge NMethod: java.lang.invoke.MethodType.parameterType (0x00007a501b44bd08) [0x00007a501b44be00, 0x00007a501b44bf88] 
[1,694s][debug][gc,nmethod     ] GC(0) O: Purge NMethod: java.util.concurrent.ConcurrentHashMap.casTabAt (0x00007a501b443d88) [0x00007a501b443e80, 0x00007a501b443ff0] 
[1,694s][debug][gc,nmethod     ] GC(0) O: Purge NMethod: java.util.Arrays.copyOf (0x00007a501b473808) [0x00007a501b473900, 0x00007a501b473cc8] 
[1,694s][debug][gc,nmethod     ] GC(0) O: Purge NMethod: java.lang.String.toString (0x00007a501b4e7588) [0x00007a501b4e7680, 0x00007a501b4e7780] 
[1,694s][debug][gc,nmethod     ] GC(0) O: Purge NMethod: java.util.BitSet.checkInvariants (0x00007a501b5a9788) [0x00007a501b5a9880, 0x00007a501b5a99b0] 
[1,694s][debug][gc,nmethod     ] GC(0) O: Purge NMethod: java.lang.String.length (0x00007a501b40c008) [0x00007a501b40c100, 0x00007a501b40c480] 
[1,694s][debug][gc,nmethod     ] GC(0) O: Purge NMethod: worker.org.gradle.internal.stream.EncodedStream$EncodedInput.hexToByte (0x00007a501b451f88) [0x00007a501b452080, 0x00007a501b4527c8] 
[1,694s][debug][gc,nmethod     ] GC(0) O: Purge NMethod: java.util.BitSet.wordIndex (0x00007a501b5a8088) [0x00007a501b5a8180, 0x00007a501b5a8268] 
[1,694s][debug][gc,nmethod     ] GC(0) O: Purge NMethod: java.lang.String.hashCode (0x00007a503abf3608) [0x00007a503abf3700, 0x00007a503abf38a0] 
[1,694s][debug][gc,nmethod     ] GC(0) O: Purge NMethod: java.lang.String.substring (0x00007a501b441b88) [0x00007a501b441c80, 0x00007a501b4427a0] 
[1,694s][debug][gc,nmethod     ] GC(0) O: Purge NMethod: java.lang.StringLatin1.replace (0x00007a501b453408) [0x00007a501b453500, 0x00007a501b4545a0] 
[1,694s][debug][gc,nmethod     ] GC(0) O: Purge NMethod: jdk.internal.classfile.impl.BufWriterImpl.patchInt (0x00007a501b5f4188) [0x00007a501b5f4280, 0x00007a501b5f4460] 
[1,694s][debug][gc,nmethod     ] GC(0) O: Purge NMethod: java.util.zip.ZipCoder$UTF8ZipCoder.checkedHash (0x00007a501b470888) [0x00007a501b470980, 0x00007a501b470da0] 
[1,694s][debug][gc,nmethod     ] GC(0) O: Purge NMethod: java.lang.String.indexOf (0x00007a501b40f108) [0x00007a501b40f200, 0x00007a501b40f828] 
[1,694s][debug][gc,nmethod     ] GC(0) O: Purge NMethod: java.lang.StringLatin1.indexOfChar (0x00007a501b40ee08) [0x00007a501b40ef00, 0x00007a501b40f100] 
[1,694s][debug][gc,nmethod     ] GC(0) O: Purge NMethod: java.util.zip.ZipFile$Source.isMetaName (0x00007a503ac12188) [0x00007a503ac12280, 0x00007a503ac125b0] 
[1,694s][debug][gc,nmethod     ] GC(0) O: Purge NMethod: java.util.ArrayList$Itr.<init> (0x00007a501b5b7088) [0x00007a501b5b7180, 0x00007a501b5b74b0] 
[1,694s][debug][gc,nmethod     ] GC(0) O: Purge NMethod: java.util.ImmutableCollections$SetN$SetNIterator.hasNext (0x00007a501b406c08) [0x00007a501b406d00, 0x00007a501b406e50] 
[1,694s][debug][gc,nmethod     ] GC(0) O: Purge NMethod: sun.reflect.generics.parser.SignatureParser.advance (0x00007a501b5b2988) [0x00007a501b5b2a80, 0x00007a501b5b3098] 
[1,694s][debug][gc,nmethod     ] GC(0) O: Purge NMethod: java.util.HashMap.afterNodeInsertion (0x00007a501b42a808) [0x00007a501b42a900, 0x00007a501b42aa00] 
[1,694s][debug][gc,nmethod     ] GC(0) O: Purge NMethod: java.lang.StringUTF16.getChar (0x00007a501b672708) [0x00007a501b672800, 0x00007a501b672960] 
[1,694s][debug][gc,nmethod     ] GC(0) O: Purge NMethod: java.lang.AbstractStringBuilder.needsNewBuffer (0x00007a503ac1b388) [0x00007a503ac1b480, 0x00007a503ac1b568] 
[1,694s][debug][gc,nmethod     ] GC(0) O: Purge NMethod: jdk.internal.classfile.impl.SplitConstantPool.utf8Entry (0x00007a501b468a88) [0x00007a501b468b80, 0x00007a501b469678] 
[1,694s][debug][gc,nmethod     ] GC(0) O: Purge NMethod: java.util.jar.JarFile.getJarEntry (0x00007a501b4c1208) [0x00007a501b4c1300, 0x00007a501b4c1800] 
[1,694s][debug][gc,nmethod     ] GC(0) O: Purge NMethod: jdk.internal.misc.Unsafe.allocateUninitializedArray0 (0x00007a501b424b08) [0x00007a501b424c00, 0x00007a501b425420] 
[1,694s][debug][gc,nmethod     ] GC(0) O: Purge NMethod: java.util.jar.JarFile.getJarEntry (0x00007a503ac4a308) [0x00007a503ac4a400, 0x00007a503ac4ba20] 
[1,694s][debug][gc,nmethod     ] GC(0) O: Purge NMethod: java.util.concurrent.ConcurrentHashMap.putVal (0x00007a501b414588) [0x00007a501b414680, 0x00007a501b416b78] 
[1,694s][debug][gc,nmethod     ] GC(0) O: Purge NMethod: java.lang.Object.<init> (0x00007a501b400388) [0x00007a501b400480, 0x00007a501b400580] 
[1,694s][debug][gc,nmethod     ] GC(0) O: Purge NMethod: jdk.internal.loader.URLClassPath$JarLoader.findResource (0x00007a501b67d088) [0x00007a501b67d180, 0x00007a501b67d388] 
[1,694s][debug][gc,nmethod     ] GC(0) O: Purge NMethod: java.lang.String.coder (0x00007a501b409708) [0x00007a501b409800, 0x00007a501b409928] 
[1,694s][debug][gc,nmethod     ] GC(0) O: Purge NMethod: java.util.regex.Pattern$$Lambda/0x000000005d0b27a0.is (0x00007a501b625888) [0x00007a501b625980, 0x00007a501b625b30] 
[1,694s][debug][gc,nmethod     ] GC(0) O: Purge NMethod: java.util.zip.ZipFile$CleanableResource.releaseInflater (0x00007a501b54ae88) [0x00007a501b54af80, 0x00007a501b54b4d8] 
[1,694s][debug][gc,nmethod     ] GC(0) O: Purge NMethod: java.util.Arrays.fill (0x00007a501b5bf308) [0x00007a501b5bf400, 0x00007a501b5bf828] 
[1,694s][debug][gc,nmethod     ] GC(0) O: Purge NMethod: jdk.internal.classfile.impl.SplitConstantPool.canWriteDirect (0x00007a501b449d08) [0x00007a501b449e00, 0x00007a501b44a0f8] 
[1,694s][debug][gc,nmethod     ] GC(0) O: Purge NMethod: java.lang.Math.min (0x00007a501b416b88) [0x00007a501b416c80, 0x00007a501b416da8] 
[1,694s][debug][gc,nmethod     ] GC(0) O: Purge NMethod: jdk.internal.classfile.impl.BufWriterImpl.writeU1 (0x00007a501b4f5f08) [0x00007a501b4f6000, 0x00007a501b4f6448] 
[1,694s][debug][gc,nmethod     ] GC(0) O: Purge NMethod: java.lang.String.isLatin1 (0x00007a503abe7a88) [0x00007a503abe7b80, 0x00007a503abe7c40] 
[1,694s][debug][gc,nmethod     ] GC(0) O: Purge NMethod: java.util.zip.CRC32.<init> (0x00007a501b5e2008) [0x00007a501b5e2100, 0x00007a501b5e2258] 
[1,694s][debug][gc,nmethod     ] GC(0) O: Purge NMethod: jdk.internal.util.ArraysSupport.hashCodeOfUnsigned (0x00007a501b402088) [0x00007a501b402180, 0x00007a501b4023f8] 
[1,694s][debug][gc,nmethod     ] GC(0) O: Purge NMethod: sun.reflect.annotation.AnnotationInvocationHandler.memberValueHashCode (0x00007a501b7d9188) [0x00007a501b7d9280, 0x00007a501b7db480] 
[1,694s][debug][gc,nmethod     ] GC(0) O: Purge NMethod: java.util.concurrent.ConcurrentHashMap.setTabAt (0x00007a501b46d008) [0x00007a501b46d100, 0x00007a501b46d400] 
[1,694s][debug][gc,nmethod     ] GC(0) O: Purge NMethod: java.util.Objects.requireNonNull (0x00007a501b421c88) [0x00007a501b421d80, 0x00007a501b421f58] 
[1,694s][debug][gc,nmethod     ] GC(0) O: Purge NMethod: jdk.internal.loader.URLClassPath$JarLoader.ensureOpen (0x00007a501b47f808) [0x00007a501b47f900, 0x00007a501b47fb68] 
[1,694s][debug][gc,nmethod     ] GC(0) O: Purge NMethod: jdk.internal.util.ArraysSupport.vectorizedHashCode (0x00007a501b402408) [0x00007a501b402500, 0x00007a501b404358] 
[1,694s][debug][gc,nmethod     ] GC(0) O: Purge NMethod: jdk.internal.util.ArraysSupport.mismatch (0x00007a501b411908) [0x00007a501b411a00, 0x00007a501b411de0] 
[1,694s][debug][gc,nmethod     ] GC(0) O: Purge NMethod: java.util.ArrayDeque.elementAt (0x00007a501b4dc408) [0x00007a501b4dc500, 0x00007a501b4dc638] 
[1,694s][debug][gc,nmethod     ] GC(0) O: Purge NMethod: java.lang.String.hashCode (0x00007a503abe8388) [0x00007a503abe8480, 0x00007a503abe8620] 
[1,694s][debug][gc,nmethod     ] GC(0) O: Purge NMethod: java.util.WeakHashMap.put (0x00007a501b52a488) [0x00007a501b52a580, 0x00007a501b52bec0] 
[1,694s][debug][gc,nmethod     ] GC(0) O: Purge NMethod: java.util.Arrays.fill (0x00007a503ac79588) [0x00007a503ac79680, 0x00007a503ac79818] 
[1,694s][debug][gc,nmethod     ] GC(0) O: Purge NMethod: jdk.internal.classfile.impl.BufWriterImpl.writeU1U2 (0x00007a501b4e7888) [0x00007a501b4e7980, 0x00007a501b4e7e18] 
[1,694s][debug][gc,nmethod     ] GC(0) O: Purge NMethod: java.util.jar.JarFile.checkForSpecialAttributes (0x00007a503ac3a288) [0x00007a503ac3a380, 0x00007a503ac3acd8] 
[1,694s][debug][gc,nmethod     ] GC(0) O: Purge NMethod: jdk.internal.classfile.impl.SplitConstantPool.map (0x00007a501b419788) [0x00007a501b4198a0, 0x00007a501b41afa0] 
[1,694s][debug][gc,nmethod     ] GC(0) O: Purge NMethod: java.lang.StringLatin1.lastIndexOf (0x00007a501b421788) [0x00007a501b421880, 0x00007a501b421c48] 
[1,694s][debug][gc,nmethod     ] GC(0) O: Purge NMethod: java.lang.AbstractStringBuilder.<init> (0x00007a501b476188) [0x00007a501b476280, 0x00007a501b476508] 
[1,694s][debug][gc,nmethod     ] GC(0) O: Purge NMethod: java.util.jar.JarFile.getEntry (0x00007a501b488188) [0x00007a501b488280, 0x00007a501b4889c8] 
[1,694s][debug][gc,nmethod     ] GC(0) O: Purge NMethod: jdk.internal.jimage.ImageStringsReader.unmaskedHashCode (0x00007a501b519d88) [0x00007a501b519e80, 0x00007a501b51b080] 
[1,694s][debug][gc,nmethod     ] GC(0) O: Purge NMethod: java.lang.ClassLoader.checkName (0x00007a501b47fb88) [0x00007a501b47fc80, 0x00007a501b4809c8] 
[1,694s][debug][gc,nmethod     ] GC(0) O: Purge NMethod: java.lang.StringLatin1.canEncode (0x00007a501b41e988) [0x00007a501b41ea80, 0x00007a501b41ebe0] 
[1,694s][debug][gc,nmethod     ] GC(0) O: Purge NMethod: java.util.HashMap.putVal (0x00007a501b47b008) [0x00007a501b47b100, 0x00007a501b47d490] 
[1,694s][debug][gc,nmethod     ] GC(0) O: Purge NMethod: java.util.jar.JarFile.getEntry (0x00007a503ac3eb08) [0x00007a503ac3ec00, 0x00007a503ac40090] 
[1,694s][debug][gc,nmethod     ] GC(0) O: Purge NMethod: java.util.HashMap.hash (0x00007a503ac29808) [0x00007a503ac29900, 0x00007a503ac29af0] 
[1,694s][debug][gc,nmethod     ] GC(0) O: Purge NMethod: java.util.HashMap.get (0x00007a501b432988) [0x00007a501b432a80, 0x00007a501b432e18] 
[1,694s][debug][gc,nmethod     ] GC(0) O: Purge NMethod: java.util.regex.Pattern$BmpCharPropertyGreedy.match (0x00007a503ac2ab08) [0x00007a503ac2ac00, 0x00007a503ac2afd0] 
[1,694s][debug][gc,nmethod     ] GC(0) O: Purge NMethod: java.util.LinkedHashMap$LinkedHashIterator.hasNext (0x00007a501b6e9408) [0x00007a501b6e9500, 0x00007a501b6e9680] 
[1,694s][debug][gc,nmethod     ] GC(0) O: Purge NMethod: java.util.HashMap.put (0x00007a501b42b388) [0x00007a501b42b480, 0x00007a501b42ba68] 
[1,694s][debug][gc,nmethod     ] GC(0) O: Purge NMethod: java.util.HashSet.add (0x00007a501b433588) [0x00007a501b433680, 0x00007a501b433a10] 
[1,694s][debug][gc,nmethod     ] GC(0) O: Purge NMethod: worker.org.gradle.internal.stream.EncodedStream$EncodedInput.read (0x00007a501b451708) [0x00007a501b451800, 0x00007a501b451f58] 
[1,694s][debug][gc,nmethod     ] GC(0) O: Purge NMethod: java.util.zip.Checksum.update (0x00007a501b5e2788) [0x00007a501b5e2880, 0x00007a501b5e2a08] 
[1,694s][debug][gc,nmethod     ] GC(0) O: Purge NMethod: jdk.internal.classfile.impl.SplitConstantPool.internalAdd (0x00007a501b425908) [0x00007a501b425a00, 0x00007a501b4267e8] 
[1,694s][debug][gc,nmethod     ] GC(0) O: Purge NMethod: jdk.internal.loader.URLClassPath$JarLoader$1.getBytes (0x00007a501b5e3888) [0x00007a501b5e3980, 0x00007a501b5e4268] 
[1,694s][debug][gc,nmethod     ] GC(0) O: Purge NMethod: jdk.internal.loader.URLClassPath$JarLoader.getResource (0x00007a503ac47a88) [0x00007a503ac47b80, 0x00007a503ac492d0] 
[1,694s][debug][gc,nmethod     ] GC(0) O: Purge NMethod: jdk.internal.classfile.impl.Util.isDoubleSlot (0x00007a501b6a3788) [0x00007a501b6a3880, 0x00007a501b6a39f0] 
[1,694s][debug][gc,nmethod     ] GC(0) O: Purge NMethod: java.util.zip.ZipFile$Source.checkAndAddEntry (0x00007a501b471388) [0x00007a501b471480, 0x00007a501b473780] 
[1,694s][debug][gc,nmethod     ] GC(0) O: Purge NMethod: java.lang.String.startsWith (0x00007a501b40f888) [0x00007a501b40f980, 0x00007a501b410c00] 
[1,694s][debug][gc,nmethod     ] GC(0) O: Purge NMethod: jdk.internal.misc.Unsafe.getShortUnaligned (0x00007a501b44e388) [0x00007a501b44e480, 0x00007a501b44e6a8] 
[1,694s][debug][gc,nmethod     ] GC(0) O: Purge NMethod: java.util.AbstractCollection.<init> (0x00007a501b405e08) [0x00007a501b405f00, 0x00007a501b406058] 
[1,694s][debug][gc,nmethod     ] GC(0) O: Purge NMethod: jdk.internal.misc.Unsafe.getIntUnaligned (0x00007a501b456788) [0x00007a501b456880, 0x00007a501b456ac8] 
[1,694s][debug][gc,nmethod     ] GC(0) O: Purge NMethod: java.util.HashMap.put (0x00007a503ac2eb88) [0x00007a503ac2eca0, 0x00007a503ac304a8] 
[1,694s][debug][gc,nmethod     ] GC(0) O: Purge NMethod: java.util.ArrayList.add (0x00007a501b474188) [0x00007a501b474280, 0x00007a501b4747f0] 
[1,694s][debug][gc,nmethod     ] GC(0) O: Purge NMethod: java.lang.StringLatin1.newString (0x00007a501b441288) [0x00007a501b441380, 0x00007a501b4416a0] 
[1,694s][debug][gc,nmethod     ] GC(0) O: Purge NMethod: java.util.zip.ZipFile$CleanableResource.getInflater (0x00007a501b542e08) [0x00007a501b542f00, 0x00007a501b543630] 
[1,694s][debug][gc,nmethod     ] GC(0) O: Purge NMethod: java.util.zip.ZipFile.ensureOpen (0x00007a501b479288) [0x00007a501b479380, 0x00007a501b479650] 
[1,694s][debug][gc,nmethod     ] GC(0) O: Purge NMethod: java.lang.String.hashCode (0x00007a501b400988) [0x00007a501b400a80, 0x00007a501b401028] 
[1,694s][debug][gc,nmethod     ] GC(0) O: Purge NMethod: java.util.LinkedHashMap$LinkedEntryIterator.next (0x00007a501b7d1f88) [0x00007a501b7d2080, 0x00007a501b7d2590] 
[1,694s][debug][gc,nmethod     ] GC(0) O: Purge NMethod: java.util.concurrent.ConcurrentHashMap.get (0x00007a501b41b788) [0x00007a501b41b880, 0x00007a501b41c898] 
[1,694s][debug][gc,nmethod     ] GC(0) O: Purge NMethod: java.util.HashMap.hash (0x00007a501b427008) [0x00007a501b427100, 0x00007a501b427438] 
[1,694s][debug][gc,nmethod     ] GC(0) O: Purge NMethod: java.io.BufferedInputStream.getBufIfOpen (0x00007a501b450908) [0x00007a501b450a00, 0x00007a501b450b38] 
[1,694s][debug][gc,nmethod     ] GC(0) O: Purge NMethod: jdk.internal.loader.URLClassPath$JarLoader.getResource (0x00007a501b487a88) [0x00007a501b487b80, 0x00007a501b488150] 
[1,694s][debug][gc,nmethod     ] GC(0) O: Purge NMethod: java.util.jar.JarFile.getEntry (0x00007a501b4c2288) [0x00007a501b4c2380, 0x00007a501b4c2ac8] 
[1,694s][debug][gc,nmethod     ] GC(0) O: Purge NMethod: java.util.LinkedHashMap$LinkedHashIterator.nextNode (0x00007a501b6ebe08) [0x00007a501b6ebf00, 0x00007a501b6ec3c0] 
[1,694s][debug][gc,nmethod     ] GC(0) O: Purge NMethod: java.util.HashMap.get (0x00007a501b42e988) [0x00007a501b42ea80, 0x00007a501b42ee18] 
[1,694s][debug][gc,nmethod     ] GC(0) O: Purge NMethod: jdk.internal.misc.Unsafe.putReferenceRelease (0x00007a501b46cd08) [0x00007a501b46ce00, 0x00007a501b46cf78] 
[1,694s][debug][gc,nmethod     ] GC(0) O: Purge NMethod: java.lang.StringBuilder.toString (0x00007a501b476588) [0x00007a501b476680, 0x00007a501b476ab8] 
[1,694s][debug][gc,nmethod     ] GC(0) O: Purge NMethod: java.util.jar.JarFile.checkForSpecialAttributes (0x00007a501b480d88) [0x00007a501b480e80, 0x00007a501b4823e8] 
[1,694s][debug][gc,nmethod     ] GC(0) O: Purge NMethod: java.util.HashMap.putVal (0x00007a503abf9088) [0x00007a503abf91a0, 0x00007a503abfaa78] 
[1,694s][debug][gc,nmethod     ] GC(0) O: Purge NMethod: java.math.BigInteger.addOne (0x00007a501b74b408) [0x00007a501b74b500, 0x00007a501b74b818] 
[1,694s][debug][gc,nmethod     ] GC(0) O: Purge NMethod: jdk.internal.classfile.impl.SplitConstantPool.tryFindUtf8 (0x00007a501b45c008) [0x00007a501b45c100, 0x00007a501b45d938] 
[1,694s][debug][gc,nmethod     ] GC(0) O: Purge NMethod: java.lang.invoke.MemberName.getModifiers (0x00007a501b507d08) [0x00007a501b507e00, 0x00007a501b507f08] 
[1,694s][debug][gc,nmethod     ] GC(0) O: Purge NMethod: java.util.LinkedHashMap.afterNodeInsertion (0x00007a501b524388) [0x00007a501b524480, 0x00007a501b524688] 
[1,694s][debug][gc,nmethod     ] GC(0) O: Purge NMethod: java.util.jar.JarFile.isMultiRelease (0x00007a501b581608) [0x00007a501b581700, 0x00007a501b5818f8] 
[1,694s][debug][gc,nmethod     ] GC(0) O: Purge NMethod: jdk.internal.util.Preconditions.checkFromToIndex (0x00007a501b41df88) [0x00007a501b41e080, 0x00007a501b41e238] 
[1,694s][debug][gc,nmethod     ] GC(0) O: Purge NMethod: jdk.internal.loader.URLClassPath$JarLoader.getResource (0x00007a503ac41a08) [0x00007a503ac41b00, 0x00007a503ac43230] 
[1,694s][debug][gc,nmethod     ] GC(0) O: Purge NMethod: jdk.internal.classfile.impl.AbstractPoolEntry.maybeClone (0x00007a501b449288) [0x00007a501b449380, 0x00007a501b449ce8] 
[1,694s][debug][gc,nmethod     ] GC(0) O: Purge NMethod: java.util.zip.ZipFile.zipCoderFor (0x00007a501b46f288) [0x00007a501b46f380, 0x00007a501b46f7d0] 
[1,694s][debug][gc,nmethod     ] GC(0) O: Purge NMethod: java.lang.invoke.MethodType.parameterCount (0x00007a501b422a88) [0x00007a501b422b80, 0x00007a501b422cb8] 
[1,694s][debug][gc,nmethod     ] GC(0) O: Purge NMethod: jdk.internal.misc.Unsafe.allocateUninitializedArray (0x00007a501b424408) [0x00007a501b424500, 0x00007a501b424ac8] 
[1,694s][debug][gc,nmethod     ] GC(0) O: Purge NMethod: java.util.regex.Pattern$BmpCharPropertyGreedy.match (0x00007a501b626408) [0x00007a501b626500, 0x00007a501b626e70] 
[1,694s][debug][gc,nmethod     ] GC(0) O: Purge NMethod: java.util.jar.JarFile.getJarEntry (0x00007a501b487088) [0x00007a501b487180, 0x00007a501b487a28] 
[1,694s][debug][gc,nmethod     ] GC(0) O: Purge NMethod: java.lang.StringLatin1.equals (0x00007a501b401d08) [0x00007a501b401e00, 0x00007a501b402068] 
[1,694s][debug][gc,nmethod     ] GC(0) O: Purge NMethod: java.lang.Integer.rotateLeft (0x00007a501b57a388) [0x00007a501b57a480, 0x00007a501b57a570] 
[1,694s][debug][gc,nmethod     ] GC(0) O: Purge NMethod: java.util.concurrent.ConcurrentHashMap.addCount (0x00007a501b413788) [0x00007a501b413880, 0x00007a501b414520] 
[1,694s][debug][gc,nmethod     ] GC(0) O: Purge NMethod: java.util.ImmutableCollections$ListN.size (0x00007a501b5a9188) [0x00007a501b5a9280, 0x00007a501b5a93b8] 
[1,694s][debug][gc,phases      ] GC(0) O: Concurrent Classes Purge 1,960ms
[1,694s][debug][gc,phases,start] GC(0) O: Concurrent References Enqueue
[1,694s][debug][gc,phases      ] GC(0) O: Concurrent References Enqueue 0,006ms
[1,694s][info ][gc,phases      ] GC(0) O: Concurrent Process Non-Strong 9,974ms
[1,694s][debug][gc,phases,start] GC(0) O: Concurrent Reset Relocation Set
[1,694s][info ][gc,phases      ] GC(0) O: Concurrent Reset Relocation Set 0,006ms
[1,694s][debug][gc,phases,start] GC(0) O: Concurrent Select Relocation Set
[1,695s][debug][gc,reloc       ] GC(0) O: Relocation Set (Medium Pages): 0->0, 0 skipped, 0 forwarding entries
[1,695s][debug][gc,reloc       ] GC(0) O: Relocation Set (Small Pages): 0->0, 0 skipped, 0 forwarding entries
[1,695s][debug][gc,task        ] GC(0) O: Executing ZRelocationSetInstallTask using ZWorkerOld with 1 workers
[1,695s][info ][gc,phases      ] GC(0) O: Concurrent Select Relocation Set 0,082ms
[1,695s][debug][gc,phases,start] GC(0) O: Concurrent Remap Roots
[1,695s][info ][gc,task        ] GC(0) O: Using 2 Workers for Old Generation
[1,695s][debug][gc,task        ] GC(0) O: Executing ZRemapYoungRootsTask using ZWorkerOld with 2 workers
[1,695s][debug][gc,reloc       ] Synchronize all workers 1 _nworkers: 0 _nsynchronized: 0
[1,695s][debug][gc,reloc       ] Synchronize all workers 1 _nworkers: 0 _nsynchronized: 0
[1,696s][info ][gc,task        ] GC(0) O: Using 1 Workers for Old Generation
[1,696s][info ][gc,phases      ] GC(0) O: Concurrent Remap Roots 1,100ms
[1,696s][debug][gc,reloc       ] Desynchronize all workers _nworkers: 0 _nsynchronized: 0
[1,696s][debug][gc,reloc       ] Desynchronize all workers _nworkers: 0 _nsynchronized: 0
[1,696s][debug][gc,reloc       ] Synchronize all workers 1 _nworkers: 0 _nsynchronized: 0
[1,696s][debug][gc,reloc       ] Synchronize all workers 1 _nworkers: 0 _nsynchronized: 0
[1,696s][debug][gc,phases,start] GC(0) O: Pause Relocate Start
[1,696s][debug][gc,reloc       ] GC(0) O: Joining workers: 1
[1,696s][info ][gc,phases      ] GC(0) O: Pause Relocate Start 0,030ms
[1,696s][debug][gc,reloc       ] Desynchronize all workers _nworkers: 1 _nsynchronized: 0
[1,696s][debug][gc,reloc       ] Desynchronize all workers _nworkers: 0 _nsynchronized: 0
[1,696s][debug][gc,phases,start] GC(0) O: Concurrent Relocate
[1,696s][debug][gc             ] JNI Critical Stall (Test worker) 0,189ms
[1,696s][debug][gc,task        ] GC(0) O: Executing ZRelocateStoreBufferInstallBasePointersTask using ZWorkerOld with 1 workers
[1,696s][debug][gc,task        ] GC(0) O: Executing ZRelocateTask using ZWorkerOld with 1 workers
[1,696s][debug][gc,reloc       ] GC(0) O: Leaving workers: left: 0 _synchronize: 0 _nsynchronized: 0
[1,696s][info ][gc,phases      ] GC(0) O: Concurrent Relocate 0,176ms
[1,696s][debug][gc,heap        ] GC(0) O: Heap After GC invocations=1 (full 1):
[1,696s][debug][gc,heap        ] GC(0) O:  ZHeap           used 54M, capacity 5120M, max capacity 12288M
[1,696s][debug][gc,heap        ] GC(0) O:   Cache          5066M (3)
[1,696s][debug][gc,heap        ] GC(0) O:    size classes  8M (1), 32M (1), 4G (1)
[1,696s][debug][gc,metaspace   ] GC(0) O: Metaspace After GC invocations=1 (full 1):
[1,696s][debug][gc,metaspace   ] GC(0) O:  Metaspace       used 22835K, committed 23040K, reserved 1114112K
[1,696s][debug][gc,metaspace   ] GC(0) O:   class space    used 1838K, committed 1920K, reserved 1048576K
[1,696s][info ][gc,alloc       ] GC(0) O:                         Mark Start        Mark End      Relocate Start    Relocate End   
[1,696s][info ][gc,alloc       ] GC(0) O: Allocation Stalls:          0                0                0                0         
[1,696s][info ][gc,load        ] GC(0) O: Load: 4,95 (25%) / 2,89 (14%) / 1,55 (8%)
[1,696s][info ][gc,mmu         ] GC(0) O: MMU: 2ms/94,7%, 5ms/97,9%, 10ms/98,9%, 20ms/99,0%, 50ms/99,5%, 100ms/99,8%
[1,696s][info ][gc,marking     ] GC(0) O: Mark: 1 stripe(s), 1 proactive flush(es), 1 terminate flush(es), 0 completion(s), 0 continuation(s) 
[1,696s][info ][gc,nmethod     ] GC(0) O: NMethods: 2043 registered, 229 unregistered
[1,696s][info ][gc,metaspace   ] GC(0) O: Metaspace: 22M used, 22M committed, 1088M reserved
[1,696s][info ][gc,ref         ] GC(0) O:                       Encountered   Discovered     Enqueued 
[1,696s][info ][gc,ref         ] GC(0) O: Soft References:             2764            0            0 
[1,696s][info ][gc,ref         ] GC(0) O: Weak References:             1726            0            0 
[1,696s][info ][gc,ref         ] GC(0) O: Final References:               0            0            0 
[1,696s][info ][gc,ref         ] GC(0) O: Phantom References:           394            0            0 
[1,696s][info ][gc,heap        ] GC(0) O: Min Capacity: 5120M(42%)
[1,697s][info ][gc,heap        ] GC(0) O: Max Capacity: 12288M(100%)
[1,697s][info ][gc,heap        ] GC(0) O: Soft Max Capacity: 12288M(100%)
[1,697s][info ][gc,heap        ] GC(0) O: Heap Statistics:
[1,697s][info ][gc,heap        ] GC(0) O:                Mark Start          Mark End        Relocate Start      Relocate End           High               Low         
[1,697s][info ][gc,heap        ] GC(0) O:  Capacity:     5120M (42%)        5120M (42%)        5120M (42%)        5120M (42%)        5120M (42%)        5120M (42%)    
[1,697s][info ][gc,heap        ] GC(0) O:      Free:    12190M (99%)       12236M (100%)      12234M (100%)      12234M (100%)      12236M (100%)      12180M (99%)    
[1,697s][info ][gc,heap        ] GC(0) O:      Used:       98M (1%)           52M (0%)           54M (0%)           54M (0%)          108M (1%)           52M (0%)     
[1,697s][info ][gc,heap        ] GC(0) O: Old Generation Statistics:
[1,697s][info ][gc,heap        ] GC(0) O:                Mark Start          Mark End        Relocate Start      Relocate End    
[1,697s][info ][gc,heap        ] GC(0) O:      Used:        0M (0%)            0M (0%)            0M (0%)            0M (0%)     
[1,697s][info ][gc,heap        ] GC(0) O:      Live:         -                 0M (0%)            0M (0%)            0M (0%)     
[1,697s][info ][gc,heap        ] GC(0) O:   Garbage:         -                 0M (0%)            0M (0%)            0M (0%)     
[1,697s][info ][gc,heap        ] GC(0) O: Allocated:         -                 0M (0%)            0M (0%)            0M (0%)     
[1,697s][info ][gc,heap        ] GC(0) O: Reclaimed:         -                  -                 0M (0%)            0M (0%)     
[1,697s][info ][gc,heap        ] GC(0) O: Compacted:         -                  -                  -                 0M (0%)     
[1,697s][info ][gc,phases      ] GC(0) O: Old Generation 52M(0%)->54M(0%) 0,013s
[1,697s][info ][gc             ] GC(0) Major Collection (Metadata GC Threshold) 98M(1%)->54M(0%) 0,035s
[1,698s][debug][gc,nmethod     ] Register NMethod: java.lang.NamedPackage.<init> (0x00007a501b449288) [0x00007a501b449380, 0x00007a501b44ac50] Compiler: c1, Barriers: 8, Oops: 1, ImmediateOops: 3, NonImmediateOops: No
[1,702s][debug][gc,nmethod     ] Register NMethod: ch.qos.logback.core.joran.spi.ElementPath.get (0x00007a501b400008) [0x00007a501b400100, 0x00007a501b400640] Compiler: c1, Barriers: 3, Oops: 1, ImmediateOops: 0, NonImmediateOops: No
[1,702s][debug][gc,nmethod     ] Register NMethod: ch.qos.logback.core.joran.spi.ElementPath.size (0x00007a501b405808) [0x00007a501b405900, 0x00007a501b405a60] Compiler: c1, Barriers: 1, Oops: 1, ImmediateOops: 0, NonImmediateOops: No
[1,702s][debug][gc,director    ] Rule Major: Warmup 10%, Used: 54MB, UsedThreshold: 1228MB
[1,703s][debug][gc,nmethod     ] Register NMethod: java.lang.Class$ReflectionData.<init> (0x00007a501b405e08) [0x00007a501b405f00, 0x00007a501b406060] Compiler: c1, Barriers: 0, Oops: 0, ImmediateOops: 0, NonImmediateOops: No
[1,703s][debug][gc,nmethod     ] Register NMethod: java.lang.Class$Atomic.casReflectionData (0x00007a501b409708) [0x00007a501b409800, 0x00007a501b409960] Compiler: c1, Barriers: 5, Oops: 0, ImmediateOops: 0, NonImmediateOops: No
[1,703s][debug][gc,nmethod     ] Register NMethod: java.util.ArrayList.get (0x00007a503abe8388) [0x00007a503abe8480, 0x00007a503abe85e8] Compiler: jvmci, Barriers: 2, Oops: 0, ImmediateOops: 0, NonImmediateOops: No
[1,705s][debug][gc,nmethod     ] Register NMethod: java.lang.ref.SoftReference.get (0x00007a501b422a88) [0x00007a501b422b80, 0x00007a501b422d40] Compiler: c1, Barriers: 2, Oops: 0, ImmediateOops: 1, NonImmediateOops: No
[1,705s][debug][gc,nmethod     ] Register NMethod: java.lang.String.indexOf (0x00007a503abf3608) [0x00007a503abf3700, 0x00007a503abf3858] Compiler: jvmci, Barriers: 1, Oops: 0, ImmediateOops: 0, NonImmediateOops: No
[1,707s][debug][gc,nmethod     ] Register NMethod: jdk.internal.loader.URLClassPath.getResource (0x00007a503ac81408) [0x00007a503ac81500, 0x00007a503ac849e8] Compiler: jvmci, Barriers: 62, Oops: 2, ImmediateOops: 8, NonImmediateOops: No
[1,712s][debug][gc,director    ] Rule Major: Warmup 10%, Used: 54MB, UsedThreshold: 1228MB
[1,713s][debug][gc,nmethod     ] Register NMethod: jdk.internal.loader.URLClassPath$JarLoader$1.getCodeSourceURL (0x00007a503abfb108) [0x00007a503abfb200, 0x00007a503abfb308] Compiler: jvmci, Barriers: 2, Oops: 0, ImmediateOops: 0, NonImmediateOops: No
[1,719s][debug][gc,nmethod     ] Register NMethod: java.lang.String.startsWith (0x00007a503ac12188) [0x00007a503ac12280, 0x00007a503ac12580] Compiler: jvmci, Barriers: 2, Oops: 0, ImmediateOops: 0, NonImmediateOops: No
[1,720s][debug][gc,nmethod     ] Register NMethod: java.lang.String.<init> (0x00007a501b40db08) [0x00007a501b40dc00, 0x00007a501b40e7c0] Compiler: c1, Barriers: 10, Oops: 0, ImmediateOops: 0, NonImmediateOops: No
[1,720s][debug][gc,nmethod     ] Register NMethod: java.lang.invoke.DirectMethodHandle$Constructor.viewAsType (0x00007a501b469c88) [0x00007a501b469d80, 0x00007a501b46a020] Compiler: c1, Barriers: 4, Oops: 0, ImmediateOops: 0, NonImmediateOops: No
[1,723s][debug][gc,director    ] Rule Major: Warmup 10%, Used: 54MB, UsedThreshold: 1228MB
[1,724s][debug][gc,nmethod     ] Register NMethod: java.util.Calendar.internalSet (0x00007a501b42a808) [0x00007a501b42a900, 0x00007a501b42aa58] Compiler: c1, Barriers: 1, Oops: 0, ImmediateOops: 0, NonImmediateOops: No
[1,725s][debug][gc,nmethod     ] Register NMethod: java.lang.StringBuilder.length (0x00007a503ac01908) [0x00007a503ac01a00, 0x00007a503ac01a88] Compiler: jvmci, Barriers: 0, Oops: 0, ImmediateOops: 0, NonImmediateOops: No
[1,726s][debug][gc,nmethod     ] Register NMethod: org.gradle.internal.io.StreamByteBuffer.access$000 (0x00007a503ac1b388) [0x00007a503ac1b480, 0x00007a503ac1b550] Compiler: c1, Barriers: 1, Oops: 1, ImmediateOops: 0, NonImmediateOops: No
[1,726s][debug][gc,nmethod     ] Register NMethod: org.gradle.internal.io.StreamByteBuffer$StreamByteBufferChunk.spaceLeft (0x00007a501b439f88) [0x00007a501b43a080, 0x00007a501b43a188] Compiler: c1, Barriers: 0, Oops: 1, ImmediateOops: 0, NonImmediateOops: No
[1,726s][debug][gc,nmethod     ] Register NMethod: org.gradle.internal.io.StreamByteBuffer$StreamByteBufferOutputStream.write (0x00007a501b67d088) [0x00007a501b67d180, 0x00007a501b67d3f0] Compiler: c1, Barriers: 3, Oops: 1, ImmediateOops: 0, NonImmediateOops: No
[1,727s][debug][gc,nmethod     ] Register NMethod: org.gradle.internal.io.StreamByteBuffer$StreamByteBufferChunk.write (0x00007a501b443d88) [0x00007a501b443e80, 0x00007a501b444048] Compiler: c1, Barriers: 1, Oops: 1, ImmediateOops: 0, NonImmediateOops: No
[1,727s][debug][gc,nmethod     ] Register NMethod: org.gradle.internal.io.LineBufferingOutputStream.endsWithLineSeparator (0x00007a501b444a08) [0x00007a501b444b00, 0x00007a501b444c88] Compiler: c1, Barriers: 0, Oops: 1, ImmediateOops: 0, NonImmediateOops: No
[1,727s][debug][gc,nmethod     ] Register NMethod: java.nio.ByteBuffer.limit (0x00007a501b448108) [0x00007a501b448200, 0x00007a501b448348] Compiler: c1, Barriers: 0, Oops: 0, ImmediateOops: 0, NonImmediateOops: No
[1,727s][debug][gc,nmethod     ] Register NMethod: org.gradle.internal.io.StreamByteBuffer.allocateSpace (0x00007a501b44de08) [0x00007a501b44df00, 0x00007a501b44e6e8] Compiler: c1, Barriers: 9, Oops: 1, ImmediateOops: 0, NonImmediateOops: No
[1,727s][debug][gc,nmethod     ] Register NMethod: java.nio.ByteBuffer.position (0x00007a501b470188) [0x00007a501b470280, 0x00007a501b470580] Compiler: c1, Barriers: 0, Oops: 0, ImmediateOops: 0, NonImmediateOops: No
[1,727s][debug][gc,nmethod     ] Register NMethod: java.util.ArrayDeque.isEmpty (0x00007a501b448c08) [0x00007a501b448d00, 0x00007a501b448e50] Compiler: c1, Barriers: 0, Oops: 0, ImmediateOops: 0, NonImmediateOops: No
[1,727s][debug][gc,nmethod     ] Register NMethod: org.gradle.internal.io.LineBufferingOutputStream.write (0x00007a501b45c008) [0x00007a501b45c100, 0x00007a501b45d8e8] Compiler: c1, Barriers: 4, Oops: 1, ImmediateOops: 2, NonImmediateOops: No
[1,727s][debug][gc,nmethod     ] Register NMethod: java.nio.Buffer.<init> (0x00007a501b425908) [0x00007a501b425a00, 0x00007a501b4273f8] Compiler: c1, Barriers: 3, Oops: 3, ImmediateOops: 4, NonImmediateOops: No
[1,727s][debug][gc,nmethod     ] Register NMethod: java.lang.Long.longValue (0x00007a503ac29808) [0x00007a503ac29900, 0x00007a503ac299c0] Compiler: c1, Barriers: 0, Oops: 0, ImmediateOops: 0, NonImmediateOops: No
[1,727s][debug][gc,nmethod     ] Register NMethod: java.util.AbstractMap$SimpleImmutableEntry.getKey (0x00007a503ac79588) [0x00007a503ac79680, 0x00007a503ac79768] Compiler: c1, Barriers: 1, Oops: 0, ImmediateOops: 0, NonImmediateOops: No
[1,727s][debug][gc,nmethod     ] Register NMethod: java.lang.CharacterDataLatin1.equalsIgnoreCase (0x00007a501b479288) [0x00007a501b479380, 0x00007a501b479618] Compiler: c1, Barriers: 0, Oops: 0, ImmediateOops: 0, NonImmediateOops: No
[1,728s][debug][gc,nmethod     ] Register NMethod: org.gradle.internal.io.StreamByteBuffer$StreamByteBufferChunk.spaceLeft (0x00007a503ac2ab08) [0x00007a503ac2ac00, 0x00007a503ac2ac88] Compiler: jvmci, Barriers: 0, Oops: 1, ImmediateOops: 0, NonImmediateOops: No
[1,728s][debug][gc,nmethod     ] Register NMethod: java.lang.String.checkBoundsOffCount (0x00007a503abe7d88) [0x00007a503abe7e80, 0x00007a503abe7f30] Compiler: jvmci, Barriers: 0, Oops: 0, ImmediateOops: 0, NonImmediateOops: No
[1,729s][debug][gc,nmethod     ] Register NMethod: java.lang.Character.hashCode (0x00007a501b464988) [0x00007a501b464a80, 0x00007a501b464b60] Compiler: c1, Barriers: 0, Oops: 0, ImmediateOops: 0, NonImmediateOops: No
[1,729s][debug][gc,nmethod     ] Register NMethod: java.lang.Character.hashCode (0x00007a501b475108) [0x00007a501b475200, 0x00007a501b475358] Compiler: c1, Barriers: 0, Oops: 0, ImmediateOops: 0, NonImmediateOops: No
[1,730s][debug][gc,nmethod     ] Register NMethod: java.lang.Character.valueOf (0x00007a501b40af08) [0x00007a501b40b000, 0x00007a501b40b2a0] Compiler: c1, Barriers: 1, Oops: 0, ImmediateOops: 1, NonImmediateOops: No
[1,730s][debug][gc,nmethod     ] Register NMethod: java.lang.invoke.Invokers$Holder.linkToTargetMethod (0x00007a501b44ba08) [0x00007a501b44bb00, 0x00007a501b44bff8] Compiler: c1, Barriers: 0, Oops: 0, ImmediateOops: 0, NonImmediateOops: No
[1,730s][debug][gc,nmethod     ] Register NMethod: org.junit.platform.engine.UniqueIdFormat$$Lambda/0x000000005d19b640.<init> (0x00007a501b478088) [0x00007a501b478180, 0x00007a501b478358] Compiler: c1, Barriers: 3, Oops: 1, ImmediateOops: 0, NonImmediateOops: No
[1,730s][debug][gc,nmethod     ] Register NMethod: java.lang.invoke.LambdaForm$DMH/0x000000005d198c00.newInvokeSpecial (0x00007a501b5e3888) [0x00007a501b5e3980, 0x00007a501b5e4200] Compiler: c1, Barriers: 2, Oops: 1, ImmediateOops: 1, NonImmediateOops: No
[1,730s][debug][gc,nmethod     ] Register NMethod: org.junit.platform.engine.UniqueIdFormat.checkDoesNotContain (0x00007a501b490108) [0x00007a501b490200, 0x00007a501b490fa8] Compiler: c1, Barriers: 3, Oops: 3, ImmediateOops: 2, NonImmediateOops: No
[1,730s][debug][gc,nmethod     ] Register NMethod: java.util.StringJoiner.checkAddLength (0x00007a501b411008) [0x00007a501b411100, 0x00007a501b411cc0] Compiler: c1, Barriers: 4, Oops: 0, ImmediateOops: 1, NonImmediateOops: No
[1,730s][debug][gc,nmethod     ] Register NMethod: java.util.ArrayList$ArrayListSpliterator.forEachRemaining (0x00007a501b542e08) [0x00007a501b542f00, 0x00007a501b543658] Compiler: c1, Barriers: 4, Oops: 0, ImmediateOops: 0, NonImmediateOops: No
[1,732s][debug][gc,nmethod     ] Register NMethod: java.lang.StringUTF16.compress (0x00007a503ac69e08) [0x00007a503ac69fc0, 0x00007a503ac6a418] Compiler: jvmci, Barriers: 0, Oops: 0, ImmediateOops: 0, NonImmediateOops: No
[1,733s][debug][gc,nmethod     ] Register NMethod: java.lang.invoke.MethodHandle.linkToStatic (0x00007a503abe7a88) [0x00007a503abe7b80, 0x00007a503abe7c70] Compiler: , Barriers: 0, Oops: 0, ImmediateOops: 0, NonImmediateOops: No
[1,733s][debug][gc,nmethod     ] Register NMethod: sun.invoke.util.Wrapper.basicTypeChar (0x00007a503ac69b08) [0x00007a503ac69c00, 0x00007a503ac69cc8] Compiler: c1, Barriers: 0, Oops: 0, ImmediateOops: 0, NonImmediateOops: No
[1,733s][debug][gc,director    ] Rule Major: Warmup 10%, Used: 60MB, UsedThreshold: 1228MB
[1,734s][debug][gc,nmethod     ] Register NMethod: jdk.internal.constant.PrimitiveClassDescImpl.isPrimitive (0x00007a503ac3aa08) [0x00007a503ac3ab00, 0x00007a503ac3abc0] Compiler: c1, Barriers: 0, Oops: 0, ImmediateOops: 0, NonImmediateOops: No
[1,736s][debug][gc,nmethod     ] Register NMethod: java.lang.String.regionMatches (0x00007a501b4ce408) [0x00007a501b4ce500, 0x00007a501b4cf8f8] Compiler: c1, Barriers: 2, Oops: 0, ImmediateOops: 0, NonImmediateOops: No
[1,737s][debug][gc,nmethod     ] Register NMethod: java.util.Arrays.fill (0x00007a503ac3a608) [0x00007a503ac3a700, 0x00007a503ac3a998] Compiler: jvmci, Barriers: 3, Oops: 0, ImmediateOops: 0, NonImmediateOops: No
[1,743s][debug][gc,director    ] Rule Major: Warmup 10%, Used: 60MB, UsedThreshold: 1228MB
[1,745s][debug][gc,nmethod     ] Register NMethod: java.lang.invoke.MethodHandle.linkToStatic (0x00007a503ac3a288) [0x00007a503ac3a380, 0x00007a503ac3a470] Compiler: , Barriers: 0, Oops: 0, ImmediateOops: 0, NonImmediateOops: No
[1,746s][debug][gc,nmethod     ] Register NMethod: java.lang.invoke.MethodHandle.linkToStatic (0x00007a503abf6e08) [0x00007a503abf6f00, 0x00007a503abf6ff0] Compiler: , Barriers: 0, Oops: 0, ImmediateOops: 0, NonImmediateOops: No
[1,746s][debug][gc,nmethod     ] Register NMethod: java.lang.invoke.MethodHandle.linkToStatic (0x00007a503abf6b08) [0x00007a503abf6c00, 0x00007a503abf6cf0] Compiler: , Barriers: 0, Oops: 0, ImmediateOops: 0, NonImmediateOops: No
[1,748s][debug][gc,nmethod     ] Register NMethod: java.nio.ByteOrder.nativeOrder (0x00007a501b47d908) [0x00007a501b47da00, 0x00007a501b47dae8] Compiler: c1, Barriers: 0, Oops: 0, ImmediateOops: 1, NonImmediateOops: No
[1,748s][debug][gc,nmethod     ] Register NMethod: java.lang.invoke.MethodHandle.linkToSpecial (0x00007a503abf6808) [0x00007a503abf6900, 0x00007a503abf69f8] Compiler: , Barriers: 0, Oops: 0, ImmediateOops: 0, NonImmediateOops: No
[1,749s][debug][gc,nmethod     ] Register NMethod: jdk.internal.classfile.impl.StackMapGenerator.cpIndexToType (0x00007a501b43d688) [0x00007a501b43d780, 0x00007a501b43dd40] Compiler: c1, Barriers: 0, Oops: 0, ImmediateOops: 1, NonImmediateOops: No
[1,749s][debug][gc,nmethod     ] Register NMethod: java.lang.invoke.MethodHandle.invokeBasic (0x00007a503ac75708) [0x00007a503ac75800, 0x00007a503ac75a98] Compiler: , Barriers: 0, Oops: 0, ImmediateOops: 0, NonImmediateOops: No
[1,749s][debug][gc,nmethod     ] Register NMethod: jdk.internal.classfile.impl.StackMapGenerator$Frame.setLocalRawInternal (0x00007a501b626408) [0x00007a501b626500, 0x00007a501b626e10] Compiler: c1, Barriers: 6, Oops: 0, ImmediateOops: 0, NonImmediateOops: No
[1,749s][debug][gc,nmethod     ] Register NMethod: java.lang.invoke.MethodHandle.linkToSpecial (0x00007a503abf6488) [0x00007a503abf6580, 0x00007a503abf6678] Compiler: , Barriers: 0, Oops: 0, ImmediateOops: 0, NonImmediateOops: No
[1,749s][debug][gc,nmethod     ] Register NMethod: java.lang.invoke.LambdaForm.normalizeNames (0x00007a501b40ee08) [0x00007a501b40ef00, 0x00007a501b410b98] Compiler: c1, Barriers: 14, Oops: 0, ImmediateOops: 0, NonImmediateOops: No
[1,749s][debug][gc,nmethod     ] Register NMethod: jdk.internal.classfile.impl.StackMapGenerator$Frame.getLocal (0x00007a501b4df788) [0x00007a501b4df880, 0x00007a501b4dfcb0] Compiler: c1, Barriers: 2, Oops: 0, ImmediateOops: 0, NonImmediateOops: No
[1,750s][debug][gc,nmethod     ] Register NMethod: java.lang.invoke.MethodHandle.linkToStatic (0x00007a503ac75408) [0x00007a503ac75500, 0x00007a503ac755f0] Compiler: , Barriers: 0, Oops: 0, ImmediateOops: 0, NonImmediateOops: No
[1,751s][debug][gc,nmethod     ] Register NMethod: java.lang.invoke.MethodHandle.linkToStatic (0x00007a503ac75108) [0x00007a503ac75200, 0x00007a503ac752f0] Compiler: , Barriers: 0, Oops: 0, ImmediateOops: 0, NonImmediateOops: No
[1,752s][debug][gc,nmethod     ] Register NMethod: java.lang.invoke.InvokerBytecodeGenerator.emitReferenceCast (0x00007a501b470888) [0x00007a501b470980, 0x00007a501b473cd0] Compiler: c1, Barriers: 9, Oops: 3, ImmediateOops: 7, NonImmediateOops: No
[1,753s][debug][gc,nmethod     ] Register NMethod: jdk.internal.classfile.impl.AnnotationReader.writeAnnotation (0x00007a501b62bf08) [0x00007a501b62c000, 0x00007a501b62fe00] Compiler: c1, Barriers: 5, Oops: 1, ImmediateOops: 3, NonImmediateOops: No
[1,753s][debug][gc,director    ] Rule Major: Warmup 10%, Used: 60MB, UsedThreshold: 1228MB
[1,753s][debug][gc,nmethod     ] Register NMethod: java.util.KeyValueHolder.<init> (0x00007a501b6ebe08) [0x00007a501b6ebf00, 0x00007a501b6ec3c8] Compiler: c1, Barriers: 6, Oops: 0, ImmediateOops: 0, NonImmediateOops: No
[1,761s][debug][gc,nmethod     ] Register NMethod: java.lang.Integer.hashCode (0x00007a503ac74c08) [0x00007a503ac74d00, 0x00007a503ac74d88] Compiler: jvmci, Barriers: 0, Oops: 0, ImmediateOops: 0, NonImmediateOops: No
[1,761s][debug][gc,nmethod     ] Register NMethod: java.lang.invoke.MethodHandle.linkToStatic (0x00007a503ac32688) [0x00007a503ac32780, 0x00007a503ac32878] Compiler: , Barriers: 0, Oops: 0, ImmediateOops: 0, NonImmediateOops: No
[1,761s][debug][gc,nmethod     ] Register NMethod: sun.invoke.util.Wrapper.isNumeric (0x00007a501b48ad08) [0x00007a501b48ae00, 0x00007a501b48af50] Compiler: c1, Barriers: 0, Oops: 0, ImmediateOops: 0, NonImmediateOops: No
[1,761s][debug][gc,nmethod     ] Register NMethod: sun.invoke.util.Wrapper.isSubwordOrInt (0x00007a501b406408) [0x00007a501b406500, 0x00007a501b406de0] Compiler: c1, Barriers: 0, Oops: 0, ImmediateOops: 0, NonImmediateOops: No
[1,761s][debug][gc,nmethod     ] Register NMethod: sun.invoke.util.Wrapper.isIntegral (0x00007a501b40a288) [0x00007a501b40a380, 0x00007a501b40a768] Compiler: c1, Barriers: 0, Oops: 0, ImmediateOops: 0, NonImmediateOops: No
[1,762s][debug][gc,nmethod     ] Register NMethod: java.lang.invoke.MethodHandle.linkToSpecial (0x00007a503ac32388) [0x00007a503ac32480, 0x00007a503ac32578] Compiler: , Barriers: 0, Oops: 0, ImmediateOops: 0, NonImmediateOops: No
[1,762s][debug][gc,nmethod     ] Register NMethod: java.lang.invoke.MethodHandle.invokeBasic (0x00007a503ac31f88) [0x00007a503ac32080, 0x00007a503ac32318] Compiler: , Barriers: 0, Oops: 0, ImmediateOops: 0, NonImmediateOops: No
[1,762s][debug][gc,nmethod     ] Register NMethod: java.lang.invoke.MethodHandle.linkToSpecial (0x00007a503ac31c88) [0x00007a503ac31d80, 0x00007a503ac31e78] Compiler: , Barriers: 0, Oops: 0, ImmediateOops: 0, NonImmediateOops: No
[1,762s][debug][gc,nmethod     ] Register NMethod: java.lang.invoke.MethodHandle.linkToStatic (0x00007a503ac31788) [0x00007a503ac31880, 0x00007a503ac31978] Compiler: , Barriers: 0, Oops: 0, ImmediateOops: 0, NonImmediateOops: No
[1,762s][debug][gc,nmethod     ] Register NMethod: java.lang.invoke.InnerClassLambdaMetafactory.argName (0x00007a501b7f4108) [0x00007a501b7f4200, 0x00007a501b7f4e90] Compiler: c1, Barriers: 1, Oops: 1, ImmediateOops: 3, NonImmediateOops: No
[1,763s][debug][gc,nmethod     ] Register NMethod: java.lang.invoke.MethodHandle.linkToSpecial (0x00007a503ac3fe08) [0x00007a503ac3ff00, 0x00007a503ac3fff8] Compiler: , Barriers: 0, Oops: 0, ImmediateOops: 0, NonImmediateOops: No
[1,763s][debug][gc,nmethod     ] Register NMethod: java.lang.invoke.MethodHandle.invokeBasic (0x00007a503ac3fa08) [0x00007a503ac3fb00, 0x00007a503ac3fd98] Compiler: , Barriers: 0, Oops: 0, ImmediateOops: 0, NonImmediateOops: No
[1,763s][debug][gc,nmethod     ] Register NMethod: java.lang.invoke.MethodHandle.linkToSpecial (0x00007a503ac3f708) [0x00007a503ac3f800, 0x00007a503ac3f8f8] Compiler: , Barriers: 0, Oops: 0, ImmediateOops: 0, NonImmediateOops: No
[1,763s][debug][gc,director    ] Rule Major: Warmup 10%, Used: 60MB, UsedThreshold: 1228MB
[1,765s][debug][gc,nmethod     ] Register NMethod: jdk.internal.classfile.impl.StackMapGenerator.processBlock (0x00007a501b961e08) [0x00007a501b961f00, 0x00007a501b991da0] Compiler: c1, Barriers: 294, Oops: 4, ImmediateOops: 159, NonImmediateOops: No
[1,766s][debug][gc,nmethod     ] Register NMethod: java.lang.invoke.MethodHandle.invokeBasic (0x00007a503ac3f308) [0x00007a503ac3f400, 0x00007a503ac3f698] Compiler: , Barriers: 0, Oops: 0, ImmediateOops: 0, NonImmediateOops: No
[1,766s][debug][gc,nmethod     ] Register NMethod: java.lang.invoke.MethodHandle.linkToSpecial (0x00007a503ac3f008) [0x00007a503ac3f100, 0x00007a503ac3f1f8] Compiler: , Barriers: 0, Oops: 0, ImmediateOops: 0, NonImmediateOops: No
[1,766s][debug][gc,nmethod     ] Register NMethod: java.lang.invoke.LambdaForm.returnType (0x00007a501b40c008) [0x00007a501b40c100, 0x00007a501b40c320] Compiler: c1, Barriers: 3, Oops: 0, ImmediateOops: 1, NonImmediateOops: No
[1,769s][debug][gc,nmethod     ] Register NMethod: java.lang.invoke.MethodHandle.linkToInterface (0x00007a503ac3eb08) [0x00007a503ac3ec00, 0x00007a503ac3ed30] Compiler: , Barriers: 0, Oops: 0, ImmediateOops: 0, NonImmediateOops: No
[1,771s][debug][gc,nmethod     ] Register NMethod: java.lang.Enum.equals (0x00007a501b4dc408) [0x00007a501b4dc500, 0x00007a501b4dc650] Compiler: c1, Barriers: 0, Oops: 0, ImmediateOops: 0, NonImmediateOops: No
[1,771s][debug][gc,nmethod     ] Register NMethod: jdk.internal.classfile.impl.AbstractPoolEntry$AbstractNamedEntry.asInternalName (0x00007a501b456208) [0x00007a501b456300, 0x00007a501b456a50] Compiler: c1, Barriers: 1, Oops: 0, ImmediateOops: 0, NonImmediateOops: No
[1,771s][debug][gc,nmethod     ] Register NMethod: jdk.internal.classfile.impl.AbstractPoolEntry$ClassEntryImpl.asInternalName (0x00007a501b46f288) [0x00007a501b46f380, 0x00007a501b46fb30] Compiler: c1, Barriers: 1, Oops: 0, ImmediateOops: 0, NonImmediateOops: No
[1,771s][debug][gc,nmethod     ] Register NMethod: jdk.internal.classfile.impl.StackMapDecoder$1.compare (0x00007a501b48f008) [0x00007a501b48f100, 0x00007a501b48f8c0] Compiler: c1, Barriers: 4, Oops: 0, ImmediateOops: 0, NonImmediateOops: No
[1,771s][debug][gc,nmethod     ] Register NMethod: jdk.internal.classfile.impl.StackMapDecoder$1.compare (0x00007a501b5b1588) [0x00007a501b5b1680, 0x00007a501b5b22f0] Compiler: c1, Barriers: 4, Oops: 0, ImmediateOops: 0, NonImmediateOops: No
[1,771s][debug][gc,nmethod     ] Register NMethod: sun.invoke.util.Wrapper.isDoubleWord (0x00007a501b507d08) [0x00007a501b507e00, 0x00007a501b507f50] Compiler: c1, Barriers: 0, Oops: 0, ImmediateOops: 0, NonImmediateOops: No
[1,772s][debug][gc,nmethod     ] Register NMethod: java.util.ImmutableCollections$ListN.get (0x00007a503ac4b788) [0x00007a503ac4b880, 0x00007a503ac4b9c0] Compiler: jvmci, Barriers: 2, Oops: 0, ImmediateOops: 0, NonImmediateOops: No
[1,773s][debug][gc,nmethod     ] Register NMethod: jdk.internal.classfile.impl.StackMapGenerator.of (0x00007a501b805908) [0x00007a501b805a00, 0x00007a501b806d88] Compiler: c1, Barriers: 12, Oops: 0, ImmediateOops: 0, NonImmediateOops: No
[1,773s][debug][gc,director    ] Rule Major: Warmup 10%, Used: 62MB, UsedThreshold: 1228MB
[1,773s][debug][gc,nmethod     ] Register NMethod: java.lang.invoke.MethodHandle.linkToVirtual (0x00007a503ac4b488) [0x00007a503ac4b580, 0x00007a503ac4b5a8] Compiler: , Barriers: 0, Oops: 0, ImmediateOops: 0, NonImmediateOops: No
[1,775s][debug][gc,nmethod     ] Register NMethod: jdk.internal.classfile.impl.SplitConstantPool.utf8Entry (0x00007a503ac41a08) [0x00007a503ac41b20, 0x00007a503ac43008] Compiler: jvmci, Barriers: 31, Oops: 0, ImmediateOops: 2, NonImmediateOops: No
[1,775s][debug][gc,nmethod     ] Register NMethod: java.lang.invoke.MethodHandle.linkToStatic (0x00007a503ac4b188) [0x00007a503ac4b280, 0x00007a503ac4b378] Compiler: , Barriers: 0, Oops: 0, ImmediateOops: 0, NonImmediateOops: No
[1,776s][debug][gc,nmethod     ] Register NMethod: jdk.internal.classfile.impl.StackMapGenerator$Frame.setLocal (0x00007a501b577688) [0x00007a501b577780, 0x00007a501b577d58] Compiler: c1, Barriers: 2, Oops: 0, ImmediateOops: 6, NonImmediateOops: No
[1,776s][debug][gc,nmethod     ] Register NMethod: java.lang.invoke.MethodHandle.linkToSpecial (0x00007a503ac4ae88) [0x00007a503ac4af80, 0x00007a503ac4b078] Compiler: , Barriers: 0, Oops: 0, ImmediateOops: 0, NonImmediateOops: No
[1,777s][debug][gc,nmethod     ] Register NMethod: java.lang.invoke.MethodHandle.invokeBasic (0x00007a503ac4aa88) [0x00007a503ac4ab80, 0x00007a503ac4ae18] Compiler: , Barriers: 0, Oops: 0, ImmediateOops: 0, NonImmediateOops: No
[1,777s][debug][gc,nmethod     ] Register NMethod: java.lang.invoke.MethodHandle.linkToSpecial (0x00007a503ac4a788) [0x00007a503ac4a880, 0x00007a503ac4a978] Compiler: , Barriers: 0, Oops: 0, ImmediateOops: 0, NonImmediateOops: No
[1,777s][debug][gc,nmethod     ] Register NMethod: jdk.internal.classfile.impl.TerminalCodeBuilder.setupTopLocal (0x00007a501b7cf808) [0x00007a501b7cf900, 0x00007a501b7d1b60] Compiler: c1, Barriers: 0, Oops: 1, ImmediateOops: 3, NonImmediateOops: No
[1,777s][debug][gc,nmethod     ] Register NMethod: jdk.internal.classfile.impl.DirectMethodBuilder.with (0x00007a501b400988) [0x00007a501b400a80, 0x00007a501b401860] Compiler: c1, Barriers: 2, Oops: 0, ImmediateOops: 0, NonImmediateOops: No
[1,777s][debug][gc,nmethod     ] Register NMethod: jdk.internal.classfile.impl.DirectMethodBuilder.with (0x00007a501b519d88) [0x00007a501b519e80, 0x00007a501b51b0a0] Compiler: c1, Barriers: 2, Oops: 0, ImmediateOops: 0, NonImmediateOops: No
[1,777s][debug][gc,nmethod     ] Register NMethod: jdk.internal.classfile.impl.UnboundAttribute.writeTo (0x00007a501b4f5f08) [0x00007a501b4f6000, 0x00007a501b4f6448] Compiler: c1, Barriers: 2, Oops: 0, ImmediateOops: 0, NonImmediateOops: No
[1,778s][debug][gc,nmethod     ] Register NMethod: jdk.internal.classfile.impl.DirectCodeBuilder$4.writeBody (0x00007a501b606388) [0x00007a501b606480, 0x00007a501b60ad38] Compiler: c1, Barriers: 36, Oops: 1, ImmediateOops: 7, NonImmediateOops: No
[1,778s][debug][gc,nmethod     ] Register NMethod: java.lang.invoke.MethodHandle.linkToStatic (0x00007a503ac4a308) [0x00007a503ac4a400, 0x00007a503ac4a4f0] Compiler: , Barriers: 0, Oops: 0, ImmediateOops: 0, NonImmediateOops: No
[1,778s][debug][gc,nmethod     ] Register NMethod: java.lang.Short.<init> (0x00007a501b57a388) [0x00007a501b57a480, 0x00007a501b57a640] Compiler: c1, Barriers: 0, Oops: 0, ImmediateOops: 0, NonImmediateOops: No
[1,778s][debug][gc,nmethod     ] Register NMethod: java.lang.invoke.MethodHandle.linkToSpecial (0x00007a503ac49008) [0x00007a503ac49100, 0x00007a503ac491f8] Compiler: , Barriers: 0, Oops: 0, ImmediateOops: 0, NonImmediateOops: No
[1,779s][debug][gc,nmethod     ] Register NMethod: java.lang.invoke.MethodHandle.invokeBasic (0x00007a503ac48c08) [0x00007a503ac48d00, 0x00007a503ac48f98] Compiler: , Barriers: 0, Oops: 0, ImmediateOops: 0, NonImmediateOops: No
[1,779s][debug][gc,nmethod     ] Register NMethod: java.lang.invoke.MethodHandle.linkToSpecial (0x00007a503ac48908) [0x00007a503ac48a00, 0x00007a503ac48af8] Compiler: , Barriers: 0, Oops: 0, ImmediateOops: 0, NonImmediateOops: No
[1,779s][debug][gc,nmethod     ] Register NMethod: java.lang.invoke.MethodHandle.linkToNative (0x00007a503ac48608) [0x00007a503ac48700, 0x00007a503ac48710] Compiler: , Barriers: 0, Oops: 0, ImmediateOops: 0, NonImmediateOops: No
[1,780s][debug][gc,nmethod     ] Register NMethod: jdk.internal.classfile.impl.SplitConstantPool.findEntry (0x00007a503ac47a88) [0x00007a503ac47ba0, 0x00007a503ac483e0] Compiler: jvmci, Barriers: 10, Oops: 0, ImmediateOops: 0, NonImmediateOops: No
[1,780s][debug][gc,nmethod     ] Register NMethod: java.lang.invoke.MethodHandle.linkToStatic (0x00007a503ac18c88) [0x00007a503ac18d80, 0x00007a503ac18e70] Compiler: , Barriers: 0, Oops: 0, ImmediateOops: 0, NonImmediateOops: No
[1,782s][debug][gc,nmethod     ] Register NMethod: sun.invoke.util.Wrapper.forBasicType (0x00007a501b526b08) [0x00007a501b526c00, 0x00007a501b527078] Compiler: c1, Barriers: 0, Oops: 0, ImmediateOops: 19, NonImmediateOops: No
[1,783s][debug][gc,nmethod     ] Register NMethod: java.lang.invoke.MethodHandle.linkToStatic (0x00007a503ac18988) [0x00007a503ac18a80, 0x00007a503ac18b70] Compiler: , Barriers: 0, Oops: 0, ImmediateOops: 0, NonImmediateOops: No
[1,783s][debug][gc,director    ] Rule Major: Warmup 10%, Used: 62MB, UsedThreshold: 1228MB
[1,783s][debug][gc,nmethod     ] Register NMethod: java.lang.invoke.MemberName.equals (0x00007a501b453408) [0x00007a501b453500, 0x00007a501b455310] Compiler: c1, Barriers: 4, Oops: 0, ImmediateOops: 0, NonImmediateOops: No
[1,785s][debug][gc,nmethod     ] Register NMethod: jdk.internal.classfile.impl.StackMapGenerator.detectFrames (0x00007a501b728b88) [0x00007a501b728c80, 0x00007a501b72c2d8] Compiler: c1, Barriers: 7, Oops: 1, ImmediateOops: 2, NonImmediateOops: No
[1,785s][debug][gc,nmethod     ] Register NMethod: jdk.internal.classfile.impl.DirectCodeBuilder$4.generateStackMaps (0x00007a501b764888) [0x00007a501b764980, 0x00007a501b7654a0] Compiler: c1, Barriers: 2, Oops: 0, ImmediateOops: 1, NonImmediateOops: No
[1,785s][debug][gc,nmethod     ] Register NMethod: jdk.internal.classfile.impl.StackMapGenerator$Frame.merge (0x00007a501b42af08) [0x00007a501b42b000, 0x00007a501b42b8b8] Compiler: c1, Barriers: 5, Oops: 0, ImmediateOops: 0, NonImmediateOops: No
[1,786s][debug][gc,nmethod     ] Register NMethod: jdk.internal.classfile.impl.StackMapGenerator$Type.mergeFrom (0x00007a501b468a88) [0x00007a501b468b80, 0x00007a501b469628] Compiler: c1, Barriers: 0, Oops: 0, ImmediateOops: 6, NonImmediateOops: No
[1,786s][debug][gc,nmethod     ] Register NMethod: jdk.internal.classfile.impl.SplitConstantPool.writeBootstrapMethods (0x00007a501b824888) [0x00007a501b824980, 0x00007a501b825d70] Compiler: c1, Barriers: 2, Oops: 0, ImmediateOops: 0, NonImmediateOops: No
[1,786s][debug][gc,nmethod     ] Register NMethod: jdk.internal.classfile.impl.SplitConstantPool.writeBootstrapMethods (0x00007a501b824888) [0x00007a501b824980, 0x00007a501b825d70] Compiler: c1, Barriers: 2, Oops: 0, ImmediateOops: 2, NonImmediateOops: No
[1,786s][debug][gc,nmethod     ] Register NMethod: jdk.internal.classfile.impl.SplitConstantPool.writeBootstrapMethods (0x00007a501b824888) [0x00007a501b824980, 0x00007a501b825d70] Compiler: c1, Barriers: 2, Oops: 0, ImmediateOops: 2, NonImmediateOops: No
[1,786s][debug][gc,nmethod     ] Register NMethod: java.lang.invoke.MethodHandle.linkToStatic (0x00007a503ac18688) [0x00007a503ac18780, 0x00007a503ac18878] Compiler: , Barriers: 0, Oops: 0, ImmediateOops: 0, NonImmediateOops: No
[1,787s][debug][gc,nmethod     ] Register NMethod: java.lang.invoke.MethodHandle.invokeBasic (0x00007a503ac18288) [0x00007a503ac18380, 0x00007a503ac18618] Compiler: , Barriers: 0, Oops: 0, ImmediateOops: 0, NonImmediateOops: No
[1,787s][debug][gc,nmethod     ] Register NMethod: java.lang.invoke.MethodHandle.linkToSpecial (0x00007a503ac17f88) [0x00007a503ac18080, 0x00007a503ac18178] Compiler: , Barriers: 0, Oops: 0, ImmediateOops: 0, NonImmediateOops: No
[1,787s][debug][gc,nmethod     ] Register NMethod: jdk.internal.classfile.impl.DirectClassBuilder.setSuperclass (0x00007a503ac17c88) [0x00007a503ac17d80, 0x00007a503ac17eb0] Compiler: c1, Barriers: 3, Oops: 0, ImmediateOops: 0, NonImmediateOops: No
[1,787s][debug][gc,nmethod     ] Register NMethod: jdk.internal.util.DecimalDigits.uncheckedGetCharsLatin1 (0x00007a501b428008) [0x00007a501b428100, 0x00007a501b4284c0] Compiler: c1, Barriers: 0, Oops: 0, ImmediateOops: 0, NonImmediateOops: No
[1,787s][debug][gc,nmethod     ] Register NMethod: java.lang.classfile.CodeBuilder.checkcast (0x00007a501b4e7588) [0x00007a501b4e7680, 0x00007a501b4e7da0] Compiler: c1, Barriers: 0, Oops: 0, ImmediateOops: 0, NonImmediateOops: No
[1,788s][debug][gc,nmethod     ] Register NMethod: java.lang.invoke.MemberName.getFieldType (0x00007a501b603688) [0x00007a501b603780, 0x00007a501b606018] Compiler: c1, Barriers: 12, Oops: 2, ImmediateOops: 3, NonImmediateOops: No
[1,788s][debug][gc,nmethod     ] Register NMethod: jdk.internal.classfile.impl.SplitConstantPool.findEntry (0x00007a501b419788) [0x00007a501b419880, 0x00007a501b41af88] Compiler: c1, Barriers: 3, Oops: 0, ImmediateOops: 0, NonImmediateOops: No
[1,789s][debug][gc,nmethod     ] Register NMethod: java.lang.invoke.MethodTypeForm.canonicalize (0x00007a503ac17988) [0x00007a503ac17a80, 0x00007a503ac17ba8] Compiler: jvmci, Barriers: 0, Oops: 0, ImmediateOops: 1, NonImmediateOops: No
[1,789s][debug][gc,nmethod     ] Register NMethod: java.lang.invoke.MethodHandle.linkToNative (0x00007a503ac17608) [0x00007a503ac17700, 0x00007a503ac17708] Compiler: , Barriers: 0, Oops: 0, ImmediateOops: 0, NonImmediateOops: No
[1,789s][debug][gc,nmethod     ] Register NMethod: java.util.Arrays$ArrayItr.hasNext (0x00007a501b581608) [0x00007a501b581700, 0x00007a501b581890] Compiler: c1, Barriers: 1, Oops: 0, ImmediateOops: 0, NonImmediateOops: No
[1,790s][debug][gc,nmethod     ] Register NMethod: java.lang.invoke.MethodHandle.linkToStatic (0x00007a503ac30208) [0x00007a503ac30300, 0x00007a503ac303f0] Compiler: , Barriers: 0, Oops: 0, ImmediateOops: 0, NonImmediateOops: No
[1,790s][debug][gc,nmethod     ] Register NMethod: jdk.internal.classfile.impl.ClassReaderImpl.readU1 (0x00007a501b5b7088) [0x00007a501b5b7180, 0x00007a501b5b7428] Compiler: c1, Barriers: 1, Oops: 0, ImmediateOops: 1, NonImmediateOops: No
[1,790s][debug][gc,nmethod     ] Register NMethod: java.lang.invoke.InvokerBytecodeGenerator.emitLoadInsn (0x00007a501b904608) [0x00007a501b904700, 0x00007a501b904a70] Compiler: c1, Barriers: 1, Oops: 0, ImmediateOops: 0, NonImmediateOops: No
[1,790s][debug][gc,nmethod     ] Register NMethod: java.lang.invoke.MethodHandle.invokeBasic (0x00007a503ac2fe08) [0x00007a503ac2ff00, 0x00007a503ac30198] Compiler: , Barriers: 0, Oops: 0, ImmediateOops: 0, NonImmediateOops: No
[1,790s][debug][gc,nmethod     ] Register NMethod: java.lang.invoke.MethodHandle.linkToSpecial (0x00007a503ac2fb08) [0x00007a503ac2fc00, 0x00007a503ac2fcf8] Compiler: , Barriers: 0, Oops: 0, ImmediateOops: 0, NonImmediateOops: No
[1,790s][debug][gc,nmethod     ] Register NMethod: java.lang.invoke.InvokerBytecodeGenerator.emitPushArgument (0x00007a501b435d88) [0x00007a501b435e80, 0x00007a501b438228] Compiler: c1, Barriers: 5, Oops: 0, ImmediateOops: 4, NonImmediateOops: No
[1,791s][debug][gc,nmethod     ] Register NMethod: java.lang.invoke.InvokerBytecodeGenerator.methodDesc (0x00007a501b46c688) [0x00007a501b46c780, 0x00007a501b46d888] Compiler: c1, Barriers: 19, Oops: 1, ImmediateOops: 1, NonImmediateOops: No
[1,791s][debug][gc,nmethod     ] Register NMethod: java.lang.invoke.InvokerBytecodeGenerator.emitStoreResult (0x00007a501b4e5b88) [0x00007a501b4e5c80, 0x00007a501b4e64c8] Compiler: c1, Barriers: 3, Oops: 0, ImmediateOops: 1, NonImmediateOops: No
[1,792s][debug][gc,nmethod     ] Register NMethod: java.lang.invoke.MethodHandle.linkToNative (0x00007a503ac2f808) [0x00007a503ac2f900, 0x00007a503ac2f908] Compiler: , Barriers: 0, Oops: 0, ImmediateOops: 0, NonImmediateOops: No
[1,792s][debug][gc,nmethod     ] Register NMethod: jdk.internal.classfile.impl.AbstractPoolEntry$Utf8EntryImpl.methodTypeSymbol (0x00007a503ac2f508) [0x00007a503ac2f600, 0x00007a503ac2f708] Compiler: jvmci, Barriers: 1, Oops: 0, ImmediateOops: 0, NonImmediateOops: No
[1,793s][debug][gc,nmethod     ] Register NMethod: jdk.internal.classfile.impl.StackMapGenerator$Type.isCategory2_2nd (0x00007a501b5a8088) [0x00007a501b5a8180, 0x00007a501b5a8310] Compiler: c1, Barriers: 0, Oops: 0, ImmediateOops: 2, NonImmediateOops: No
[1,793s][debug][gc,nmethod     ] Register NMethod: jdk.internal.classfile.impl.ClassReaderImpl.readU2 (0x00007a501b5b4108) [0x00007a501b5b4200, 0x00007a501b5b44d8] Compiler: c1, Barriers: 1, Oops: 0, ImmediateOops: 1, NonImmediateOops: No
[1,793s][debug][gc,nmethod     ] Register NMethod: jdk.internal.constant.ConstantUtils.classDesc (0x00007a501b42cf08) [0x00007a501b42d000, 0x00007a501b42e100] Compiler: c1, Barriers: 3, Oops: 1, ImmediateOops: 2, NonImmediateOops: No
[1,793s][debug][gc,nmethod     ] Register NMethod: java.lang.invoke.MethodHandle.linkToStatic (0x00007a503ac2f208) [0x00007a503ac2f300, 0x00007a503ac2f3f0] Compiler: , Barriers: 0, Oops: 0, ImmediateOops: 0, NonImmediateOops: No
[1,793s][debug][gc,director    ] Rule Major: Warmup 10%, Used: 64MB, UsedThreshold: 1228MB
[1,794s][debug][gc,nmethod     ] Register NMethod: java.lang.invoke.MethodHandle.invokeBasic (0x00007a503ac2eb88) [0x00007a503ac2ec80, 0x00007a503ac2ef18] Compiler: , Barriers: 0, Oops: 0, ImmediateOops: 0, NonImmediateOops: No
[1,794s][debug][gc,nmethod     ] Register NMethod: java.lang.invoke.MethodHandle.linkToSpecial (0x00007a503abfa788) [0x00007a503abfa880, 0x00007a503abfa978] Compiler: , Barriers: 0, Oops: 0, ImmediateOops: 0, NonImmediateOops: No
[1,794s][debug][gc,nmethod     ] Register NMethod: java.util.Collections$EmptyList.size (0x00007a503abfa488) [0x00007a503abfa580, 0x00007a503abfa640] Compiler: c1, Barriers: 0, Oops: 0, ImmediateOops: 0, NonImmediateOops: No
[1,795s][debug][gc,nmethod     ] Register NMethod: jdk.internal.classfile.impl.UnboundAttribute$UnboundRuntimeVisibleAnnotationsAttribute.annotations (0x00007a503abfa188) [0x00007a503abfa280, 0x00007a503abfa368] Compiler: c1, Barriers: 1, Oops: 0, ImmediateOops: 0, NonImmediateOops: No
[1,795s][debug][gc,nmethod     ] Register NMethod: java.lang.classfile.CodeBuilder.putstatic (0x00007a501b5bf308) [0x00007a501b5bf400, 0x00007a501b5bf710] Compiler: c1, Barriers: 0, Oops: 0, ImmediateOops: 1, NonImmediateOops: No
[1,795s][debug][gc,nmethod     ] Register NMethod: java.lang.invoke.InvokerBytecodeGenerator.emitStaticInvoke (0x00007a501b41fb08) [0x00007a501b41fc00, 0x00007a501b422280] Compiler: c1, Barriers: 9, Oops: 0, ImmediateOops: 2, NonImmediateOops: No
[1,795s][debug][gc,nmethod     ] Register NMethod: java.lang.Long.valueOf (0x00007a501b73fd08) [0x00007a501b73fe00, 0x00007a501b740140] Compiler: c1, Barriers: 1, Oops: 0, ImmediateOops: 1, NonImmediateOops: No
[1,795s][debug][gc,nmethod     ] Register NMethod: java.lang.invoke.MethodHandle.linkToNative (0x00007a503abf9e88) [0x00007a503abf9f80, 0x00007a503abf9f88] Compiler: , Barriers: 0, Oops: 0, ImmediateOops: 0, NonImmediateOops: No
[1,796s][debug][gc,nmethod     ] Register NMethod: java.lang.invoke.MethodHandle.invokeBasic (0x00007a503abf9a88) [0x00007a503abf9b80, 0x00007a503abf9e18] Compiler: , Barriers: 0, Oops: 0, ImmediateOops: 0, NonImmediateOops: No
[1,796s][debug][gc,nmethod     ] Register NMethod: java.lang.invoke.MethodHandle.linkToSpecial (0x00007a503abf9788) [0x00007a503abf9880, 0x00007a503abf9978] Compiler: , Barriers: 0, Oops: 0, ImmediateOops: 0, NonImmediateOops: No
[1,796s][debug][gc,nmethod     ] Register NMethod: jdk.internal.classfile.impl.UnboundAttribute$UnboundSourceFileAttribute.sourceFile (0x00007a503abf9488) [0x00007a503abf9580, 0x00007a503abf9668] Compiler: c1, Barriers: 1, Oops: 0, ImmediateOops: 0, NonImmediateOops: No
[1,797s][debug][gc,nmethod     ] Register NMethod: java.lang.Class.getClassData (0x00007a503abf9088) [0x00007a503abf9180, 0x00007a503abf9268] Compiler: c1, Barriers: 1, Oops: 0, ImmediateOops: 0, NonImmediateOops: No
[1,797s][debug][gc,nmethod     ] Register NMethod: jdk.internal.classfile.impl.DirectCodeBuilder.storeLocal (0x00007a501b7d9488) [0x00007a501b7d9580, 0x00007a501b7db408] Compiler: c1, Barriers: 5, Oops: 0, ImmediateOops: 2, NonImmediateOops: No
[1,797s][debug][gc,nmethod     ] Register NMethod: java.lang.invoke.MethodHandle.intrinsicName (0x00007a501b5a9188) [0x00007a501b5a9280, 0x00007a501b5a9388] Compiler: c1, Barriers: 0, Oops: 0, ImmediateOops: 1, NonImmediateOops: No
[1,797s][debug][gc,nmethod     ] Register NMethod: java.lang.invoke.MethodHandle.invokeBasic (0x00007a503ac84a08) [0x00007a503ac84b00, 0x00007a503ac84d98] Compiler: , Barriers: 0, Oops: 0, ImmediateOops: 0, NonImmediateOops: No
[1,797s][debug][gc,nmethod     ] Register NMethod: java.lang.invoke.MethodHandle.linkToSpecial (0x00007a503ac84e08) [0x00007a503ac84f00, 0x00007a503ac84ff8] Compiler: , Barriers: 0, Oops: 0, ImmediateOops: 0, NonImmediateOops: No
[1,797s][debug][gc,nmethod     ] Register NMethod: java.lang.classfile.CodeBuilder.invoke (0x00007a501b424788) [0x00007a501b424880, 0x00007a501b425410] Compiler: c1, Barriers: 0, Oops: 0, ImmediateOops: 0, NonImmediateOops: No
[1,798s][debug][gc,nmethod     ] Register NMethod: jdk.internal.misc.Unsafe.weakCompareAndSetInt (0x00007a501b5a9788) [0x00007a501b5a9880, 0x00007a501b5a9998] Compiler: c1, Barriers: 0, Oops: 0, ImmediateOops: 0, NonImmediateOops: No
[1,798s][debug][gc,nmethod     ] Register NMethod: jdk.internal.classfile.impl.UnboundAttribute$AdHocAttribute.writeTo (0x00007a501b4c1208) [0x00007a501b4c1300, 0x00007a501b4c2ef0] Compiler: c1, Barriers: 5, Oops: 0, ImmediateOops: 0, NonImmediateOops: No
[1,798s][debug][gc,nmethod     ] Register NMethod: java.lang.invoke.BootstrapMethodInvoker.invoke (0x00007a501b8a8f08) [0x00007a501b8a9000, 0x00007a501b8b2e18] Compiler: c1, Barriers: 54, Oops: 0, ImmediateOops: 10, NonImmediateOops: No
[1,798s][debug][gc,nmethod     ] Register NMethod: java.lang.invoke.MethodHandle.invokeBasic (0x00007a503ac85108) [0x00007a503ac85200, 0x00007a503ac85498] Compiler: , Barriers: 0, Oops: 0, ImmediateOops: 0, NonImmediateOops: No
[1,798s][debug][gc,nmethod     ] Register NMethod: java.lang.invoke.MethodHandle.linkToSpecial (0x00007a503ac85508) [0x00007a503ac85600, 0x00007a503ac856f8] Compiler: , Barriers: 0, Oops: 0, ImmediateOops: 0, NonImmediateOops: No
[1,798s][debug][gc,nmethod     ] Register NMethod: java.lang.StringBuilder.append (0x00007a501b5e2788) [0x00007a501b5e2880, 0x00007a501b5e29c8] Compiler: c1, Barriers: 0, Oops: 0, ImmediateOops: 0, NonImmediateOops: No
[1,798s][debug][gc,nmethod     ] Register NMethod: java.lang.AbstractStringBuilder.append (0x00007a501b412608) [0x00007a501b412700, 0x00007a501b412ad8] Compiler: c1, Barriers: 4, Oops: 0, ImmediateOops: 0, NonImmediateOops: No
[1,798s][debug][gc,nmethod     ] Register NMethod: java.lang.invoke.InvokerBytecodeGenerator.emitStoreInsn (0x00007a501b41e608) [0x00007a501b41e700, 0x00007a501b41ea70] Compiler: c1, Barriers: 1, Oops: 0, ImmediateOops: 0, NonImmediateOops: No
[1,799s][debug][gc,nmethod     ] Register NMethod: java.lang.StringLatin1.inflate (0x00007a501b5f4188) [0x00007a501b5f4280, 0x00007a501b5f4470] Compiler: c1, Barriers: 0, Oops: 0, ImmediateOops: 0, NonImmediateOops: No
[1,799s][debug][gc,nmethod     ] Register NMethod: java.lang.String.rangeCheck (0x00007a501b424408) [0x00007a501b424500, 0x00007a501b424768] Compiler: c1, Barriers: 0, Oops: 1, ImmediateOops: 1, NonImmediateOops: No
[1,799s][debug][gc,nmethod     ] Register NMethod: java.lang.String.<init> (0x00007a501b474188) [0x00007a501b474280, 0x00007a501b4745c0] Compiler: c1, Barriers: 0, Oops: 1, ImmediateOops: 1, NonImmediateOops: No
[1,799s][debug][gc,nmethod     ] Register NMethod: java.lang.invoke.MethodHandle.invokeBasic (0x00007a503ac85808) [0x00007a503ac85900, 0x00007a503ac85b98] Compiler: , Barriers: 0, Oops: 0, ImmediateOops: 0, NonImmediateOops: No
[1,799s][debug][gc,nmethod     ] Register NMethod: java.lang.invoke.MethodHandle.linkToSpecial (0x00007a503ac85c08) [0x00007a503ac85d00, 0x00007a503ac85df8] Compiler: , Barriers: 0, Oops: 0, ImmediateOops: 0, NonImmediateOops: No
[1,800s][debug][gc,nmethod     ] Register NMethod: java.lang.invoke.MethodHandle.invokeBasic (0x00007a503ac85f08) [0x00007a503ac86000, 0x00007a503ac86298] Compiler: , Barriers: 0, Oops: 0, ImmediateOops: 0, NonImmediateOops: No
[1,800s][debug][gc,nmethod     ] Register NMethod: java.lang.invoke.MethodHandle.linkToSpecial (0x00007a503ac86308) [0x00007a503ac86400, 0x00007a503ac864f8] Compiler: , Barriers: 0, Oops: 0, ImmediateOops: 0, NonImmediateOops: No
[1,800s][debug][gc,nmethod     ] Register NMethod: java.lang.invoke.InvokerBytecodeGenerator.isStaticallyNameable (0x00007a501b52a788) [0x00007a501b52a880, 0x00007a501b52bed0] Compiler: c1, Barriers: 3, Oops: 1, ImmediateOops: 5, NonImmediateOops: No
[1,801s][debug][gc,nmethod     ] Register NMethod: java.lang.invoke.InvokerBytecodeGenerator.emitReferenceCast (0x00007a501b450908) [0x00007a501b450a00, 0x00007a501b452568] Compiler: c1, Barriers: 2, Oops: 1, ImmediateOops: 6, NonImmediateOops: No
[1,801s][debug][gc,nmethod     ] Register NMethod: jdk.internal.misc.Unsafe.putReference (0x00007a503ac86608) [0x00007a503ac86700, 0x00007a503ac86870] Compiler: , Barriers: 0, Oops: 0, ImmediateOops: 0, NonImmediateOops: No
[1,801s][debug][gc,nmethod     ] Register NMethod: jdk.internal.misc.Unsafe.getUnsafe (0x00007a501b52a488) [0x00007a501b52a580, 0x00007a501b52a668] Compiler: c1, Barriers: 0, Oops: 0, ImmediateOops: 1, NonImmediateOops: No
[1,801s][debug][gc,nmethod     ] Register NMethod: java.util.concurrent.ConcurrentLinkedDeque$Node.<init> (0x00007a501b625888) [0x00007a501b625980, 0x00007a501b625ad8] Compiler: c1, Barriers: 0, Oops: 0, ImmediateOops: 0, NonImmediateOops: No
[1,801s][debug][gc,nmethod     ] Register NMethod: java.lang.invoke.MethodHandle.invokeBasic (0x00007a503ac86908) [0x00007a503ac86a00, 0x00007a503ac86c98] Compiler: , Barriers: 0, Oops: 0, ImmediateOops: 0, NonImmediateOops: No
[1,801s][debug][gc,nmethod     ] Register NMethod: jdk.internal.misc.Unsafe.addressSize (0x00007a501b62b208) [0x00007a501b62b300, 0x00007a501b62b408] Compiler: c1, Barriers: 0, Oops: 0, ImmediateOops: 0, NonImmediateOops: No
[1,801s][debug][gc,nmethod     ] Register NMethod: java.lang.invoke.VarHandleReferences$FieldInstanceReadWrite.set (0x00007a501b41b788) [0x00007a501b41b880, 0x00007a501b41c8a8] Compiler: c1, Barriers: 5, Oops: 1, ImmediateOops: 0, NonImmediateOops: No
[1,801s][debug][gc,nmethod     ] Register NMethod: jdk.internal.foreign.AbstractMemorySegmentImpl.<init> (0x00007a501b672708) [0x00007a501b672800, 0x00007a501b6729e0] Compiler: c1, Barriers: 3, Oops: 0, ImmediateOops: 0, NonImmediateOops: No
[1,801s][debug][gc,nmethod     ] Register NMethod: jdk.internal.foreign.NativeMemorySegmentImpl.<init> (0x00007a501b524088) [0x00007a501b524180, 0x00007a501b524648] Compiler: c1, Barriers: 3, Oops: 0, ImmediateOops: 1, NonImmediateOops: No
[1,802s][debug][gc,nmethod     ] Register NMethod: java.lang.invoke.VarHandleReferences$FieldInstanceReadWrite.compareAndSet (0x00007a501b417188) [0x00007a501b417280, 0x00007a501b418838] Compiler: c1, Barriers: 7, Oops: 1, ImmediateOops: 0, NonImmediateOops: No
[1,802s][debug][gc,nmethod     ] Register NMethod: jdk.internal.foreign.AbstractMemorySegmentImpl.asSlice (0x00007a501b54ae88) [0x00007a501b54af80, 0x00007a501b54b278] Compiler: c1, Barriers: 0, Oops: 0, ImmediateOops: 0, NonImmediateOops: No
[1,802s][debug][gc,nmethod     ] Register NMethod: jdk.internal.util.Preconditions.checkIndex (0x00007a501b6a3788) [0x00007a501b6a3880, 0x00007a501b6a3a10] Compiler: c1, Barriers: 0, Oops: 0, ImmediateOops: 0, NonImmediateOops: No
[1,802s][debug][gc,nmethod     ] Register NMethod: jdk.internal.foreign.AbstractMemorySegmentImpl.checkBounds (0x00007a501b7d1f88) [0x00007a501b7d2080, 0x00007a501b7d2310] Compiler: c1, Barriers: 0, Oops: 0, ImmediateOops: 0, NonImmediateOops: No
[1,802s][debug][gc,nmethod     ] Register NMethod: java.lang.invoke.VarHandleGuards.guard_LL_V (0x00007a501b87a008) [0x00007a501b87a100, 0x00007a501b87ece8] Compiler: c1, Barriers: 46, Oops: 1, ImmediateOops: 6, NonImmediateOops: No
[1,802s][debug][gc,nmethod     ] Register NMethod: jdk.internal.foreign.AbstractMemorySegmentImpl.asSlice (0x00007a501b6f1708) [0x00007a501b6f1800, 0x00007a501b6f1cf8] Compiler: c1, Barriers: 0, Oops: 0, ImmediateOops: 0, NonImmediateOops: No
[1,802s][debug][gc,nmethod     ] Register NMethod: java.lang.invoke.VarHandleGuards.guard_LLL_Z (0x00007a501b45ee88) [0x00007a501b45ef80, 0x00007a501b461e80] Compiler: c1, Barriers: 28, Oops: 0, ImmediateOops: 2, NonImmediateOops: No
[1,802s][debug][gc,nmethod     ] Register NMethod: jdk.internal.foreign.AbstractMemorySegmentImpl.asSliceNoCheck (0x00007a501b418e88) [0x00007a501b418f80, 0x00007a501b4192c0] Compiler: c1, Barriers: 1, Oops: 0, ImmediateOops: 0, NonImmediateOops: No
[1,802s][debug][gc,nmethod     ] Register NMethod: java.util.concurrent.ConcurrentLinkedDeque.offerLast (0x00007a501b418b88) [0x00007a501b418c80, 0x00007a501b418db8] Compiler: c1, Barriers: 0, Oops: 0, ImmediateOops: 0, NonImmediateOops: No
[1,802s][debug][gc,nmethod     ] Register NMethod: java.util.concurrent.ConcurrentLinkedDeque.offer (0x00007a501b6e9408) [0x00007a501b6e9500, 0x00007a501b6e9698] Compiler: c1, Barriers: 0, Oops: 0, ImmediateOops: 0, NonImmediateOops: No
[1,802s][debug][gc,nmethod     ] Register NMethod: jdk.internal.classfile.impl.BufWriterImpl.writeU1U2U2 (0x00007a503ac86d08) [0x00007a503ac86e00, 0x00007a503ac87390] Compiler: jvmci, Barriers: 4, Oops: 0, ImmediateOops: 0, NonImmediateOops: No
[1,802s][debug][gc,nmethod     ] Register NMethod: jdk.internal.foreign.NativeMemorySegmentImpl.dup (0x00007a501b50c688) [0x00007a501b50c780, 0x00007a501b50cd18] Compiler: c1, Barriers: 3, Oops: 0, ImmediateOops: 1, NonImmediateOops: No
[1,802s][debug][gc,nmethod     ] Register NMethod: jdk.internal.foreign.NativeMemorySegmentImpl.dup (0x00007a501b5b2988) [0x00007a501b5b2a80, 0x00007a501b5b3078] Compiler: c1, Barriers: 3, Oops: 0, ImmediateOops: 1, NonImmediateOops: No
[1,802s][debug][gc,nmethod     ] Register NMethod: jdk.internal.misc.Unsafe.weakCompareAndSetReference (0x00007a501b728508) [0x00007a501b728600, 0x00007a501b728780] Compiler: c1, Barriers: 5, Oops: 0, ImmediateOops: 0, NonImmediateOops: No
[1,802s][debug][gc,nmethod     ] Register NMethod: jdk.internal.classfile.impl.StackMapGenerator$Frame.checkStack (0x00007a503ac87408) [0x00007a503ac87500, 0x00007a503ac87bd0] Compiler: jvmci, Barriers: 17, Oops: 1, ImmediateOops: 2, NonImmediateOops: No
[1,803s][debug][gc,nmethod     ] Register NMethod: java.util.concurrent.ConcurrentLinkedDeque.newNode (0x00007a501b476188) [0x00007a501b476280, 0x00007a501b477450] Compiler: c1, Barriers: 3, Oops: 6, ImmediateOops: 7, NonImmediateOops: No
[1,803s][debug][gc,nmethod     ] Register NMethod: java.lang.invoke.VarHandleReferences$FieldInstanceReadWrite.weakCompareAndSet (0x00007a501b47bc88) [0x00007a501b47bd80, 0x00007a501b47d4b8] Compiler: c1, Barriers: 2, Oops: 1, ImmediateOops: 1, NonImmediateOops: No
[1,803s][debug][gc,nmethod     ] Register NMethod: java.lang.Class.cast (0x00007a503ac87c08) [0x00007a503ac87d00, 0x00007a503ac87ef0] Compiler: jvmci, Barriers: 0, Oops: 0, ImmediateOops: 0, NonImmediateOops: No
[1,803s][debug][gc,nmethod     ] Register NMethod: jdk.internal.classfile.impl.StackMapGenerator$Frame.pushStack (0x00007a503ac87f08) [0x00007a503ac88000, 0x00007a503ac88770] Compiler: jvmci, Barriers: 20, Oops: 1, ImmediateOops: 2, NonImmediateOops: No
[1,803s][debug][gc,director    ] Rule Major: Warmup 10%, Used: 66MB, UsedThreshold: 1228MB
[1,804s][debug][gc,nmethod     ] Register NMethod: java.util.concurrent.ConcurrentLinkedDeque.linkLast (0x00007a501b481288) [0x00007a501b481380, 0x00007a501b486478] Compiler: c1, Barriers: 16, Oops: 13, ImmediateOops: 33, NonImmediateOops: No
[1,804s][debug][gc,nmethod     ] Register NMethod: java.lang.invoke.VarForm.getMemberName (0x00007a503ac88788) [0x00007a503ac88880, 0x00007a503ac88a40] Compiler: jvmci, Barriers: 2, Oops: 0, ImmediateOops: 0, NonImmediateOops: No
[1,805s][debug][gc,nmethod     ] Register NMethod: java.lang.invoke.VarHandle.checkAccessModeThenIsDirect (0x00007a503ac88a88) [0x00007a503ac88b80, 0x00007a503ac890e8] Compiler: jvmci, Barriers: 15, Oops: 0, ImmediateOops: 2, NonImmediateOops: No
[1,807s][debug][gc,nmethod     ] Register NMethod: java.lang.invoke.VarHandleReferences$FieldInstanceReadWrite.set (0x00007a503ac89108) [0x00007a503ac89200, 0x00007a503ac89798] Compiler: jvmci, Barriers: 5, Oops: 0, ImmediateOops: 0, NonImmediateOops: No
[1,807s][debug][gc,nmethod     ] Register NMethod: jdk.internal.foreign.AbstractMemorySegmentImpl.asSlice (0x00007a503ac89808) [0x00007a503ac89900, 0x00007a503ac89ae8] Compiler: jvmci, Barriers: 3, Oops: 0, ImmediateOops: 0, NonImmediateOops: No
[1,808s][debug][gc,nmethod     ] Register NMethod: jdk.internal.foreign.AbstractMemorySegmentImpl.asSliceNoCheck (0x00007a503ac89b08) [0x00007a503ac89c00, 0x00007a503ac89d78] Compiler: jvmci, Barriers: 3, Oops: 0, ImmediateOops: 0, NonImmediateOops: No
[1,809s][debug][gc,nmethod     ] Register NMethod: java.lang.invoke.VarHandleGuards.guard_LLL_Z (0x00007a503ac89e08) [0x00007a503ac89f20, 0x00007a503ac8a808] Compiler: jvmci, Barriers: 26, Oops: 0, ImmediateOops: 5, NonImmediateOops: No
[1,810s][debug][gc,nmethod     ] Register NMethod: java.util.concurrent.ConcurrentLinkedDeque.offer (0x00007a503ac8a888) [0x00007a503ac8a980, 0x00007a503ac8ad58] Compiler: jvmci, Barriers: 18, Oops: 1, ImmediateOops: 0, NonImmediateOops: No
[1,811s][debug][gc,nmethod     ] Register NMethod: jdk.internal.misc.Unsafe.weakCompareAndSetReference (0x00007a503ac8ad88) [0x00007a503ac8ae80, 0x00007a503ac8af70] Compiler: jvmci, Barriers: 5, Oops: 0, ImmediateOops: 0, NonImmediateOops: No
[1,811s][debug][gc,nmethod     ] Register NMethod: jdk.internal.foreign.NativeMemorySegmentImpl.dup (0x00007a503ac8b088) [0x00007a503ac8b1a0, 0x00007a503ac8b2f0] Compiler: jvmci, Barriers: 2, Oops: 0, ImmediateOops: 0, NonImmediateOops: No
[1,811s][debug][gc,nmethod     ] Register NMethod: io.sirix.cache.LinuxMemorySegmentAllocator.partitionVirtualRegion (0x00007a501b432988) [0x00007a501b432a80, 0x00007a501b433a00] Compiler: c1, Barriers: 7, Oops: 4, ImmediateOops: 5, NonImmediateOops: No
[1,811s][debug][gc,nmethod     ] Register NMethod: java.util.concurrent.ConcurrentLinkedDeque.linkLast (0x00007a503ac8b388) [0x00007a503ac8b480, 0x00007a503ac8b858] Compiler: jvmci, Barriers: 18, Oops: 1, ImmediateOops: 0, NonImmediateOops: No
[1,812s][debug][gc,nmethod     ] Register NMethod: io.sirix.cache.LinuxMemorySegmentAllocator.partitionVirtualRegion (0x00007a501b44c788) [0x00007a501b44c880, 0x00007a501b44d698] Compiler: c1, Barriers: 7, Oops: 4, ImmediateOops: 5, NonImmediateOops: No
[1,812s][debug][gc,nmethod     ] Register NMethod: jdk.internal.foreign.AbstractMemorySegmentImpl.asSlice (0x00007a503ac8b888) [0x00007a503ac8b980, 0x00007a503ac8bb68] Compiler: jvmci, Barriers: 3, Oops: 0, ImmediateOops: 0, NonImmediateOops: No
[1,814s][debug][gc,director    ] Rule Major: Warmup 10%, Used: 80MB, UsedThreshold: 1228MB
[1,823s][debug][gc,nmethod     ] Register NMethod: io.sirix.cache.LinuxMemorySegmentAllocator.partitionVirtualRegion (0x00007a503ac8bb88) [0x00007a503ac8bc80, 0x00007a503ac8cbe8] Compiler: jvmci, Barriers: 57, Oops: 3, ImmediateOops: 0, NonImmediateOops: No
[1,824s][debug][gc,director    ] Rule Major: Warmup 10%, Used: 112MB, UsedThreshold: 1228MB
[1,833s][debug][gc,alloc       ] Mutator Allocation Rate: 254,3MB/s Predicted: 344,2MB/s, Avg: 209,3(+/-45,0)MB/s
[1,833s][debug][gc,director    ] Rule Major: Warmup 10%, Used: 142MB, UsedThreshold: 1228MB
[1,843s][debug][gc,director    ] Rule Major: Warmup 10%, Used: 174MB, UsedThreshold: 1228MB
[1,847s][debug][gc,nmethod     ] Register NMethod: io.sirix.cache.LinuxMemorySegmentAllocator.partitionVirtualRegion (0x00007a503ac8cc08) [0x00007a503ac8cd00, 0x00007a503ac8de40] Compiler: jvmci, Barriers: 60, Oops: 10, ImmediateOops: 2, NonImmediateOops: No
[1,853s][debug][gc,director    ] Rule Major: Warmup 10%, Used: 208MB, UsedThreshold: 1228MB
[1,857s][debug][gc,nmethod     ] Register NMethod: io.sirix.cache.LinuxMemorySegmentAllocator.partitionVirtualRegion (0x00007a503ac8df08) [0x00007a503ac8e000, 0x00007a503ac8ee68] Compiler: jvmci, Barriers: 43, Oops: 12, ImmediateOops: 2, NonImmediateOops: No
[1,859s][debug][gc,nmethod     ] Register NMethod: java.util.concurrent.CopyOnWriteArrayList.getArray (0x00007a503ac8ef08) [0x00007a503ac8f000, 0x00007a503ac8f0e8] Compiler: c1, Barriers: 1, Oops: 0, ImmediateOops: 0, NonImmediateOops: No
[1,863s][debug][gc,director    ] Rule Major: Warmup 10%, Used: 226MB, UsedThreshold: 1228MB
[1,868s][debug][gc,nmethod     ] Register NMethod: java.lang.invoke.MethodHandle.linkToSpecial (0x00007a503ac8f208) [0x00007a503ac8f300, 0x00007a503ac8f3f8] Compiler: , Barriers: 0, Oops: 0, ImmediateOops: 0, NonImmediateOops: No
[1,869s][debug][gc,nmethod     ] Register NMethod: java.lang.invoke.MethodHandle.invokeBasic (0x00007a503ac8f508) [0x00007a503ac8f600, 0x00007a503ac8f898] Compiler: , Barriers: 0, Oops: 0, ImmediateOops: 0, NonImmediateOops: No
[1,869s][debug][gc,nmethod     ] Register NMethod: java.lang.invoke.MethodHandle.linkToSpecial (0x00007a503ac8f908) [0x00007a503ac8fa00, 0x00007a503ac8faf8] Compiler: , Barriers: 0, Oops: 0, ImmediateOops: 0, NonImmediateOops: No
[1,869s][debug][gc,nmethod     ] Register NMethod: java.lang.Class.getPackageName (0x00007a503ac8fc08) [0x00007a503ac8fd00, 0x00007a503ac903c0] Compiler: jvmci, Barriers: 9, Oops: 0, ImmediateOops: 1, NonImmediateOops: No
[1,871s][debug][gc,nmethod     ] Register NMethod: java.lang.reflect.Modifier.isFinal (0x00007a501b7d9188) [0x00007a501b7d9280, 0x00007a501b7d93b0] Compiler: c1, Barriers: 0, Oops: 0, ImmediateOops: 0, NonImmediateOops: No
[1,872s][debug][gc,nmethod     ] Register NMethod: java.lang.invoke.MethodHandle.linkToStatic (0x00007a503ac90408) [0x00007a503ac90500, 0x00007a503ac905f0] Compiler: , Barriers: 0, Oops: 0, ImmediateOops: 0, NonImmediateOops: No
[1,872s][debug][gc,nmethod     ] Register NMethod: java.lang.invoke.MemberName.getFactory (0x00007a501b802c88) [0x00007a501b802d80, 0x00007a501b802e68] Compiler: c1, Barriers: 0, Oops: 0, ImmediateOops: 1, NonImmediateOops: No
[1,874s][debug][gc,director    ] Rule Major: Warmup 10%, Used: 228MB, UsedThreshold: 1228MB
[1,875s][debug][gc,nmethod     ] Register NMethod: jdk.internal.classfile.impl.DirectCodeBuilder.parameterSlot (0x00007a501b480d88) [0x00007a501b480e80, 0x00007a501b4811c0] Compiler: c1, Barriers: 1, Oops: 0, ImmediateOops: 0, NonImmediateOops: No
[1,875s][debug][gc,nmethod     ] Register NMethod: jdk.internal.classfile.impl.StackMapGenerator$Frame.checkLocal (0x00007a503ac90708) [0x00007a503ac90800, 0x00007a503ac90ec0] Compiler: jvmci, Barriers: 17, Oops: 1, ImmediateOops: 2, NonImmediateOops: No
[1,875s][debug][gc,alloc       ] Mutator Allocation Rate: 388,9MB/s Predicted: 493,8MB/s, Avg: 269,2(+/-92,3)MB/s
[1,875s][debug][gc,director    ] Rule Major: Warmup 10%, Used: 260MB, UsedThreshold: 1228MB
[1,876s][debug][gc,nmethod     ] Register NMethod: java.lang.invoke.DirectMethodHandle$Holder.newInvokeSpecial (0x00007a501b879688) [0x00007a501b879780, 0x00007a501b879ff0] Compiler: c1, Barriers: 2, Oops: 0, ImmediateOops: 1, NonImmediateOops: No
[1,877s][debug][gc,nmethod     ] Register NMethod: java.lang.invoke.MethodHandle.linkToStatic (0x00007a503ac90f08) [0x00007a503ac91000, 0x00007a503ac910f0] Compiler: , Barriers: 0, Oops: 0, ImmediateOops: 0, NonImmediateOops: No
[1,877s][debug][gc,nmethod     ] Register NMethod: io.sirix.access.trx.RevisionEpochTracker$Slot.<init> (0x00007a501b603308) [0x00007a501b603400, 0x00007a501b603578] Compiler: c1, Barriers: 0, Oops: 1, ImmediateOops: 0, NonImmediateOops: No
[1,877s][debug][gc,nmethod     ] Register NMethod: java.lang.invoke.VarHandleReferences$Array.runtimeTypeCheck (0x00007a501b5dbd08) [0x00007a501b5dbe00, 0x00007a501b5dd1d0] Compiler: c1, Barriers: 5, Oops: 0, ImmediateOops: 0, NonImmediateOops: No
[1,877s][debug][gc,nmethod     ] Register NMethod: java.lang.invoke.MethodHandle.invokeBasic (0x00007a503ac91208) [0x00007a503ac91300, 0x00007a503ac91598] Compiler: , Barriers: 0, Oops: 0, ImmediateOops: 0, NonImmediateOops: No
[1,878s][debug][gc,nmethod     ] Register NMethod: java.lang.invoke.VarHandleReferences$Array.setVolatile (0x00007a501b42ec08) [0x00007a501b42ed00, 0x00007a501b430bf8] Compiler: c1, Barriers: 8, Oops: 2, ImmediateOops: 1, NonImmediateOops: No
[1,878s][debug][gc,nmethod     ] Register NMethod: java.util.concurrent.atomic.AtomicReferenceArray.set (0x00007a501b402208) [0x00007a501b402300, 0x00007a501b4042f8] Compiler: c1, Barriers: 7, Oops: 7, ImmediateOops: 10, NonImmediateOops: No
[1,878s][debug][gc,nmethod     ] Register NMethod: jdk.internal.util.Preconditions.checkIndex (0x00007a503ac91608) [0x00007a503ac91700, 0x00007a503ac917a0] Compiler: jvmci, Barriers: 0, Oops: 0, ImmediateOops: 0, NonImmediateOops: No
[1,878s][debug][gc,nmethod     ] Register NMethod: java.lang.invoke.VarHandleGuards.guard_LIL_V (0x00007a501b4bbe88) [0x00007a501b4bbf80, 0x00007a501b4c0b80] Compiler: c1, Barriers: 46, Oops: 1, ImmediateOops: 6, NonImmediateOops: No
[1,880s][debug][gc,nmethod     ] Register NMethod: java.lang.Long.numberOfLeadingZeros (0x00007a501b45ea88) [0x00007a501b45eb80, 0x00007a501b45ed28] Compiler: c1, Barriers: 0, Oops: 0, ImmediateOops: 0, NonImmediateOops: No
[1,880s][debug][gc,nmethod     ] Register NMethod: java.util.Formatter$Flags.contains (0x00007a501b401d08) [0x00007a501b401e00, 0x00007a501b401f30] Compiler: c1, Barriers: 0, Oops: 0, ImmediateOops: 0, NonImmediateOops: No
[1,882s][debug][gc,nmethod     ] Register NMethod: java.nio.ByteBuffer.arrayOffset (0x00007a501b42e688) [0x00007a501b42e780, 0x00007a501b42ea60] Compiler: c1, Barriers: 1, Oops: 0, ImmediateOops: 0, NonImmediateOops: No
[1,882s][debug][gc,nmethod     ] Register NMethod: java.nio.CharBuffer.arrayOffset (0x00007a501b41f708) [0x00007a501b41f800, 0x00007a501b41fae0] Compiler: c1, Barriers: 1, Oops: 0, ImmediateOops: 0, NonImmediateOops: No
[1,882s][debug][gc,nmethod     ] Register NMethod: java.nio.charset.CoderResult.isUnderflow (0x00007a501b41f408) [0x00007a501b41f500, 0x00007a501b41f650] Compiler: c1, Barriers: 0, Oops: 0, ImmediateOops: 0, NonImmediateOops: No
[1,882s][debug][gc,nmethod     ] Register NMethod: java.nio.Buffer.capacity (0x00007a503ac91908) [0x00007a503ac91a00, 0x00007a503ac91ac0] Compiler: c1, Barriers: 0, Oops: 0, ImmediateOops: 0, NonImmediateOops: No
[1,883s][debug][gc,nmethod     ] Register NMethod: jdk.internal.classfile.impl.AbstractPoolEntry$AbstractRefsEntry.<init> (0x00007a503ac91c08) [0x00007a503ac91d00, 0x00007a503ac91fd8] Compiler: jvmci, Barriers: 9, Oops: 0, ImmediateOops: 0, NonImmediateOops: No
[1,885s][debug][gc,director    ] Rule Major: Warmup 10%, Used: 262MB, UsedThreshold: 1228MB
[1,887s][debug][gc,nmethod     ] Register NMethod: java.net.URL.<init> (0x00007a503ac92008) [0x00007a503ac92100, 0x00007a503ac934e8] Compiler: jvmci, Barriers: 52, Oops: 1, ImmediateOops: 0, NonImmediateOops: No
[1,892s][debug][gc,nmethod     ] Register NMethod: jdk.internal.classfile.impl.Util.parameterSlots (0x00007a503ac93508) [0x00007a503ac93600, 0x00007a503ac93808] Compiler: jvmci, Barriers: 2, Oops: 0, ImmediateOops: 2, NonImmediateOops: No
[1,892s][debug][gc,nmethod     ] Register NMethod: java.lang.String.hashCode (0x00007a503ac93888) [0x00007a503ac93980, 0x00007a503ac93b30] Compiler: jvmci, Barriers: 1, Oops: 0, ImmediateOops: 0, NonImmediateOops: No
[1,895s][debug][gc,director    ] Rule Major: Warmup 10%, Used: 264MB, UsedThreshold: 1228MB
[1,902s][debug][gc,nmethod     ] Register NMethod: jdk.internal.classfile.impl.AbstractPoolEntry$AbstractRefsEntry.writeTo (0x00007a503ac93b88) [0x00007a503ac93c80, 0x00007a503ac94400] Compiler: jvmci, Barriers: 6, Oops: 0, ImmediateOops: 0, NonImmediateOops: No
[1,904s][debug][gc,nmethod     ] Register NMethod: java.util.WeakHashMap.hash (0x00007a503ac94408) [0x00007a503ac94500, 0x00007a503ac94650] Compiler: jvmci, Barriers: 0, Oops: 0, ImmediateOops: 0, NonImmediateOops: No
[1,905s][debug][gc,nmethod     ] Register NMethod: java.util.zip.Inflater.ensureOpen (0x00007a503ac94708) [0x00007a503ac94800, 0x00007a503ac94908] Compiler: jvmci, Barriers: 1, Oops: 0, ImmediateOops: 0, NonImmediateOops: No
[1,905s][debug][gc,director    ] Rule Major: Warmup 10%, Used: 264MB, UsedThreshold: 1228MB
[1,911s][debug][gc,nmethod     ] Register NMethod: java.util.ArrayList$Itr.hasNext (0x00007a503ac94a08) [0x00007a503ac94b00, 0x00007a503ac94be8] Compiler: jvmci, Barriers: 1, Oops: 0, ImmediateOops: 0, NonImmediateOops: No
[1,911s][debug][gc,nmethod     ] Register NMethod: sun.net.util.IPAddressUtil.scan (0x00007a503ac94d08) [0x00007a503ac94e00, 0x00007a503ac94f18] Compiler: jvmci, Barriers: 1, Oops: 0, ImmediateOops: 0, NonImmediateOops: No
[1,911s][debug][gc,nmethod     ] Register NMethod: sun.net.util.IPAddressUtil.checkHostString (0x00007a503ac95008) [0x00007a503ac95100, 0x00007a503ac95268] Compiler: jvmci, Barriers: 1, Oops: 0, ImmediateOops: 0, NonImmediateOops: No
[1,912s][debug][gc,nmethod     ] Register NMethod: java.util.Collections$UnmodifiableCollection$1.next (0x00007a501b41ef88) [0x00007a501b41f080, 0x00007a501b41f3c0] Compiler: c1, Barriers: 1, Oops: 0, ImmediateOops: 0, NonImmediateOops: No
[1,912s][debug][gc,nmethod     ] Register NMethod: java.util.Locale.getDefault (0x00007a501b51c688) [0x00007a501b51c780, 0x00007a501b51c8a8] Compiler: c1, Barriers: 1, Oops: 0, ImmediateOops: 1, NonImmediateOops: No
[1,912s][debug][gc,nmethod     ] Register NMethod: java.lang.String.toLowerCase (0x00007a501b51bd88) [0x00007a501b51be80, 0x00007a501b51c5e8] Compiler: c1, Barriers: 3, Oops: 0, ImmediateOops: 1, NonImmediateOops: No
[1,914s][debug][gc,nmethod     ] Register NMethod: com.google.protobuf.GeneratedMessageV3$Builder.onChanged (0x00007a501b41dd88) [0x00007a501b41de80, 0x00007a501b41e220] Compiler: c1, Barriers: 1, Oops: 1, ImmediateOops: 0, NonImmediateOops: No
[1,914s][debug][gc,nmethod     ] Register NMethod: java.util.concurrent.ConcurrentHashMap.containsKey (0x00007a501b41da88) [0x00007a501b41db80, 0x00007a501b41dd00] Compiler: c1, Barriers: 0, Oops: 0, ImmediateOops: 0, NonImmediateOops: No
[1,914s][debug][gc,nmethod     ] Register NMethod: java.nio.CharBuffer.position (0x00007a501b41d608) [0x00007a501b41d700, 0x00007a501b41d848] Compiler: c1, Barriers: 0, Oops: 0, ImmediateOops: 0, NonImmediateOops: No
[1,914s][debug][gc,nmethod     ] Register NMethod: java.nio.CharBuffer.position (0x00007a501b442388) [0x00007a501b442480, 0x00007a501b4427e0] Compiler: c1, Barriers: 0, Oops: 0, ImmediateOops: 0, NonImmediateOops: No
[1,915s][debug][gc,nmethod     ] Register NMethod: java.nio.Buffer.remaining (0x00007a501b442088) [0x00007a501b442180, 0x00007a501b4422f0] Compiler: c1, Barriers: 0, Oops: 0, ImmediateOops: 0, NonImmediateOops: No
[1,915s][debug][gc,nmethod     ] Register NMethod: java.lang.StringCoding.implEncodeAsciiArray (0x00007a501b441b88) [0x00007a501b441c80, 0x00007a501b441ea8] Compiler: c1, Barriers: 0, Oops: 0, ImmediateOops: 0, NonImmediateOops: No
[1,915s][debug][gc,nmethod     ] Register NMethod: java.lang.Math.clamp (0x00007a503ac95308) [0x00007a503ac95400, 0x00007a503ac954b0] Compiler: jvmci, Barriers: 0, Oops: 0, ImmediateOops: 0, NonImmediateOops: No
[1,915s][debug][gc,director    ] Rule Major: Warmup 10%, Used: 266MB, UsedThreshold: 1228MB
[1,916s][debug][gc,nmethod     ] Register NMethod: java.lang.Float.floatToRawIntBits (0x00007a503ac95608) [0x00007a503ac95700, 0x00007a503ac95858] Compiler: , Barriers: 0, Oops: 0, ImmediateOops: 1, NonImmediateOops: No
[1,916s][debug][gc,nmethod     ] Register NMethod: java.nio.charset.CharsetEncoder.maxBytesPerChar (0x00007a503ac95908) [0x00007a503ac95a00, 0x00007a503ac95ac0] Compiler: c1, Barriers: 0, Oops: 0, ImmediateOops: 0, NonImmediateOops: No
[1,916s][debug][gc,nmethod     ] Register NMethod: java.nio.Buffer.hasRemaining (0x00007a501b47b988) [0x00007a501b47ba80, 0x00007a501b47bbd0] Compiler: c1, Barriers: 0, Oops: 0, ImmediateOops: 0, NonImmediateOops: No
[1,916s][debug][gc,nmethod     ] Register NMethod: java.nio.ByteBuffer.array (0x00007a501b47b588) [0x00007a501b47b680, 0x00007a501b47b960] Compiler: c1, Barriers: 1, Oops: 0, ImmediateOops: 0, NonImmediateOops: No
[1,916s][debug][gc,nmethod     ] Register NMethod: java.nio.charset.CoderResult.isOverflow (0x00007a501b47b008) [0x00007a501b47b100, 0x00007a501b47b250] Compiler: c1, Barriers: 0, Oops: 0, ImmediateOops: 0, NonImmediateOops: No
[1,917s][debug][gc,nmethod     ] Register NMethod: java.nio.CharBuffer.hasArray (0x00007a501b5e2008) [0x00007a501b5e2100, 0x00007a501b5e22b0] Compiler: c1, Barriers: 1, Oops: 0, ImmediateOops: 0, NonImmediateOops: No
[1,917s][debug][gc,nmethod     ] Register NMethod: java.nio.ByteBuffer.hasArray (0x00007a501b5e1d08) [0x00007a501b5e1e00, 0x00007a501b5e1fb0] Compiler: c1, Barriers: 1, Oops: 0, ImmediateOops: 0, NonImmediateOops: No
[1,917s][debug][gc,nmethod     ] Register NMethod: java.nio.CharBuffer.array (0x00007a501b5e1908) [0x00007a501b5e1a00, 0x00007a501b5e1ce0] Compiler: c1, Barriers: 1, Oops: 0, ImmediateOops: 0, NonImmediateOops: No
[1,917s][debug][gc,nmethod     ] Register NMethod: sun.nio.cs.UTF_8.updatePositions (0x00007a501b47ff88) [0x00007a501b480080, 0x00007a501b4809a8] Compiler: c1, Barriers: 0, Oops: 0, ImmediateOops: 0, NonImmediateOops: No
[1,917s][debug][gc,nmethod     ] Register NMethod: java.nio.CharBuffer.<init> (0x00007a501b47fc88) [0x00007a501b47fd80, 0x00007a501b47ff50] Compiler: c1, Barriers: 3, Oops: 0, ImmediateOops: 0, NonImmediateOops: No
[1,917s][debug][gc,nmethod     ] Register NMethod: java.nio.CharBuffer.limit (0x00007a501b47f808) [0x00007a501b47f900, 0x00007a501b47fa48] Compiler: c1, Barriers: 0, Oops: 0, ImmediateOops: 0, NonImmediateOops: No
[1,917s][debug][gc,nmethod     ] Register NMethod: java.nio.CharBuffer.limit (0x00007a501b5e1488) [0x00007a501b5e1580, 0x00007a501b5e18e0] Compiler: c1, Barriers: 0, Oops: 0, ImmediateOops: 0, NonImmediateOops: No
[1,917s][debug][gc,nmethod     ] Register NMethod: java.lang.String.indexOf (0x00007a503ac95c08) [0x00007a503ac95d00, 0x00007a503ac95fd8] Compiler: jvmci, Barriers: 2, Oops: 0, ImmediateOops: 0, NonImmediateOops: No
[1,918s][debug][gc,nmethod     ] Register NMethod: java.lang.invoke.MethodHandle.getApproximateCommonClassLoader (0x00007a501b4c3b88) [0x00007a501b4c3c80, 0x00007a501b4c4dd0] Compiler: c1, Barriers: 6, Oops: 0, ImmediateOops: 4, NonImmediateOops: No
[1,918s][debug][gc,nmethod     ] Register NMethod: java.lang.invoke.MethodHandle.keepsAlive (0x00007a501b4e8608) [0x00007a501b4e8700, 0x00007a501b4e96c8] Compiler: c1, Barriers: 5, Oops: 0, ImmediateOops: 4, NonImmediateOops: No
[1,920s][debug][gc,nmethod     ] Register NMethod: sun.net.www.ParseUtil.encodePath (0x00007a503ac96008) [0x00007a503ac96100, 0x00007a503ac96580] Compiler: jvmci, Barriers: 1, Oops: 0, ImmediateOops: 0, NonImmediateOops: No
[1,924s][debug][gc,nmethod     ] Register NMethod: java.lang.Object.<init> (0x00007a503ac96588) [0x00007a503ac96680, 0x00007a503ac96738] Compiler: jvmci, Barriers: 0, Oops: 0, ImmediateOops: 0, NonImmediateOops: No
[1,926s][debug][gc,director    ] Rule Major: Warmup 10%, Used: 268MB, UsedThreshold: 1228MB
[1,926s][debug][gc,nmethod     ] Register NMethod: java.net.URLStreamHandler.setURL (0x00007a503ac96888) [0x00007a503ac96980, 0x00007a503ac97690] Compiler: jvmci, Barriers: 32, Oops: 1, ImmediateOops: 1, NonImmediateOops: No
[1,931s][debug][gc,nmethod     ] Register NMethod: java.lang.invoke.MethodHandle.asType (0x00007a501b4c3708) [0x00007a501b4c3800, 0x00007a501b4c3a68] Compiler: c1, Barriers: 1, Oops: 0, ImmediateOops: 0, NonImmediateOops: No
[1,933s][debug][gc,nmethod     ] Register NMethod: jdk.internal.misc.Unsafe.putLongUnaligned (0x00007a501b441188) [0x00007a501b441280, 0x00007a501b4416b8] Compiler: c1, Barriers: 0, Oops: 0, ImmediateOops: 0, NonImmediateOops: No
[1,933s][debug][gc,nmethod     ] Register NMethod: java.lang.invoke.MethodHandle.linkToSpecial (0x00007a503ac97708) [0x00007a503ac97800, 0x00007a503ac978f8] Compiler: , Barriers: 0, Oops: 0, ImmediateOops: 0, NonImmediateOops: No
[1,936s][debug][gc,director    ] Rule Major: Warmup 10%, Used: 268MB, UsedThreshold: 1228MB
[1,946s][debug][gc,director    ] Rule Major: Warmup 10%, Used: 270MB, UsedThreshold: 1228MB
[1,947s][debug][gc,nmethod     ] Register NMethod: java.util.jar.JarFile.maybeInstantiateVerifier (0x00007a503ac97a08) [0x00007a503ac97b00, 0x00007a503ac98008] Compiler: jvmci, Barriers: 4, Oops: 0, ImmediateOops: 0, NonImmediateOops: No
[1,952s][debug][gc,nmethod     ] Register NMethod: java.lang.invoke.MethodHandle.linkToSpecial (0x00007a503ac98088) [0x00007a503ac98180, 0x00007a503ac98278] Compiler: , Barriers: 0, Oops: 0, ImmediateOops: 0, NonImmediateOops: No
[1,953s][debug][gc,nmethod     ] Register NMethod: java.lang.Class.desiredAssertionStatus (0x00007a501b440708) [0x00007a501b440800, 0x00007a501b441160] Compiler: c1, Barriers: 4, Oops: 0, ImmediateOops: 0, NonImmediateOops: No
[1,953s][debug][gc,nmethod     ] Register NMethod: java.lang.invoke.MethodHandle.linkToSpecial (0x00007a503ac98388) [0x00007a503ac98480, 0x00007a503ac98578] Compiler: , Barriers: 0, Oops: 0, ImmediateOops: 0, NonImmediateOops: No
[1,953s][debug][gc,nmethod     ] Register NMethod: java.lang.invoke.MethodHandle.linkToSpecial (0x00007a503ac98688) [0x00007a503ac98780, 0x00007a503ac98878] Compiler: , Barriers: 0, Oops: 0, ImmediateOops: 0, NonImmediateOops: No
[1,954s][debug][gc,nmethod     ] Register NMethod: java.lang.invoke.TypeConvertingMethodAdapter.convertType (0x00007a501b4b6a08) [0x00007a501b4b6b00, 0x00007a501b4bbe38] Compiler: c1, Barriers: 0, Oops: 3, ImmediateOops: 31, NonImmediateOops: No
[1,955s][debug][gc,nmethod     ] Register NMethod: java.lang.invoke.MethodHandle.linkToStatic (0x00007a503ac98988) [0x00007a503ac98a80, 0x00007a503ac98b70] Compiler: , Barriers: 0, Oops: 0, ImmediateOops: 0, NonImmediateOops: No
[1,956s][debug][gc,director    ] Rule Major: Warmup 10%, Used: 270MB, UsedThreshold: 1228MB
[1,957s][debug][gc,nmethod     ] Register NMethod: java.util.BitSet.initWords (0x00007a501b440388) [0x00007a501b440480, 0x00007a501b4406e0] Compiler: c1, Barriers: 3, Oops: 0, ImmediateOops: 0, NonImmediateOops: No
[1,957s][debug][gc,nmethod     ] Register NMethod: java.lang.Package$VersionInfo.getInstance (0x00007a501b43ff08) [0x00007a501b440000, 0x00007a501b440348] Compiler: c1, Barriers: 0, Oops: 0, ImmediateOops: 1, NonImmediateOops: No
[1,957s][debug][gc,nmethod     ] Register NMethod: java.lang.Package.<init> (0x00007a501b43f788) [0x00007a501b43f880, 0x00007a501b43feb8] Compiler: c1, Barriers: 4, Oops: 0, ImmediateOops: 1, NonImmediateOops: No
[1,959s][debug][gc,nmethod     ] Register NMethod: jdk.internal.misc.Unsafe.putLongUnaligned (0x00007a503ac98c88) [0x00007a503ac98d80, 0x00007a503ac98e40] Compiler: jvmci, Barriers: 0, Oops: 0, ImmediateOops: 0, NonImmediateOops: No
[1,959s][debug][gc,nmethod     ] Register NMethod: java.lang.invoke.MethodHandle.linkToSpecial (0x00007a503ac98f88) [0x00007a503ac99080, 0x00007a503ac99178] Compiler: , Barriers: 0, Oops: 0, ImmediateOops: 0, NonImmediateOops: No
[1,960s][debug][gc,nmethod     ] Register NMethod: java.lang.invoke.MethodHandle.linkToSpecial (0x00007a503ac99288) [0x00007a503ac99380, 0x00007a503ac99478] Compiler: , Barriers: 0, Oops: 0, ImmediateOops: 0, NonImmediateOops: No
[1,961s][debug][gc,nmethod     ] Register NMethod: java.lang.invoke.MethodHandle.invokeBasic (0x00007a503ac99588) [0x00007a503ac99680, 0x00007a503ac99918] Compiler: , Barriers: 0, Oops: 0, ImmediateOops: 0, NonImmediateOops: No
[1,961s][debug][gc,nmethod     ] Register NMethod: java.lang.invoke.MethodHandle.linkToSpecial (0x00007a503ac99988) [0x00007a503ac99a80, 0x00007a503ac99b78] Compiler: , Barriers: 0, Oops: 0, ImmediateOops: 0, NonImmediateOops: No
[1,962s][debug][gc,nmethod     ] Register NMethod: java.util.HashMap.computeIfAbsent (0x00007a501b414508) [0x00007a501b414600, 0x00007a501b416e08] Compiler: c1, Barriers: 11, Oops: 0, ImmediateOops: 0, NonImmediateOops: No
[1,966s][debug][gc,director    ] Rule Major: Warmup 10%, Used: 272MB, UsedThreshold: 1228MB
[1,967s][debug][gc,nmethod     ] Register NMethod: java.util.WeakHashMap.expungeStaleEntries (0x00007a503ac99c88) [0x00007a503ac99d80, 0x00007a503ac99eb8] Compiler: jvmci, Barriers: 2, Oops: 0, ImmediateOops: 0, NonImmediateOops: No
[1,967s][debug][gc,nmethod     ] Register NMethod: java.util.BitSet.<init> (0x00007a501b413308) [0x00007a501b413400, 0x00007a501b414348] Compiler: c1, Barriers: 3, Oops: 1, ImmediateOops: 2, NonImmediateOops: No
[1,970s][debug][gc,nmethod     ] Register NMethod: java.lang.invoke.MethodHandle.linkToStatic (0x00007a503ac99f88) [0x00007a503ac9a080, 0x00007a503ac9a170] Compiler: , Barriers: 0, Oops: 0, ImmediateOops: 0, NonImmediateOops: No
[1,970s][debug][gc,nmethod     ] Register NMethod: java.lang.invoke.MethodHandle.linkToStatic (0x00007a503ac9a288) [0x00007a503ac9a380, 0x00007a503ac9a470] Compiler: , Barriers: 0, Oops: 0, ImmediateOops: 0, NonImmediateOops: No
[1,970s][debug][gc,nmethod     ] Register NMethod: java.lang.invoke.MethodHandle.linkToStatic (0x00007a503ac9a588) [0x00007a503ac9a680, 0x00007a503ac9a770] Compiler: , Barriers: 0, Oops: 0, ImmediateOops: 0, NonImmediateOops: No
[1,970s][debug][gc,nmethod     ] Register NMethod: java.lang.invoke.MethodHandle.linkToStatic (0x00007a503ac9a888) [0x00007a503ac9a980, 0x00007a503ac9aa70] Compiler: , Barriers: 0, Oops: 0, ImmediateOops: 0, NonImmediateOops: No
[1,970s][debug][gc,nmethod     ] Register NMethod: java.lang.invoke.MethodHandle.linkToStatic (0x00007a503ac9ab88) [0x00007a503ac9ac80, 0x00007a503ac9ad70] Compiler: , Barriers: 0, Oops: 0, ImmediateOops: 0, NonImmediateOops: No
[1,970s][debug][gc,nmethod     ] Register NMethod: java.lang.invoke.MethodHandle.linkToStatic (0x00007a503ac9ae88) [0x00007a503ac9af80, 0x00007a503ac9b070] Compiler: , Barriers: 0, Oops: 0, ImmediateOops: 0, NonImmediateOops: No
[1,970s][debug][gc,nmethod     ] Register NMethod: java.lang.invoke.MethodHandle.linkToStatic (0x00007a503ac9b188) [0x00007a503ac9b280, 0x00007a503ac9b370] Compiler: , Barriers: 0, Oops: 0, ImmediateOops: 0, NonImmediateOops: No
[1,970s][debug][gc,nmethod     ] Register NMethod: java.lang.invoke.LambdaForm.fixResult (0x00007a501b43f408) [0x00007a501b43f500, 0x00007a501b43f710] Compiler: c1, Barriers: 2, Oops: 0, ImmediateOops: 1, NonImmediateOops: No
[1,970s][debug][gc,nmethod     ] Register NMethod: java.lang.invoke.MethodHandle.linkToStatic (0x00007a503ac9b488) [0x00007a503ac9b580, 0x00007a503ac9b670] Compiler: , Barriers: 0, Oops: 0, ImmediateOops: 0, NonImmediateOops: No
[1,970s][debug][gc,nmethod     ] Register NMethod: java.lang.invoke.LambdaForm.<init> (0x00007a501b43ef88) [0x00007a501b43f080, 0x00007a501b43f3e0] Compiler: c1, Barriers: 12, Oops: 0, ImmediateOops: 0, NonImmediateOops: No
[1,970s][debug][gc,nmethod     ] Register NMethod: java.lang.invoke.LambdaForm.create (0x00007a501b43e608) [0x00007a501b43e700, 0x00007a501b43ef58] Compiler: c1, Barriers: 2, Oops: 0, ImmediateOops: 1, NonImmediateOops: No
[1,970s][debug][gc,nmethod     ] Register NMethod: java.util.Arrays.copyOfRange (0x00007a501b489188) [0x00007a501b489280, 0x00007a501b48a9b8] Compiler: c1, Barriers: 1, Oops: 1, ImmediateOops: 3, NonImmediateOops: No
[1,970s][debug][gc,nmethod     ] Register NMethod: java.lang.invoke.InvokerBytecodeGenerator.generateCustomizedCode (0x00007a501b43e088) [0x00007a501b43e180, 0x00007a501b43e428] Compiler: c1, Barriers: 0, Oops: 0, ImmediateOops: 1, NonImmediateOops: No
[1,970s][debug][gc,nmethod     ] Register NMethod: java.lang.invoke.MethodHandle.invokeBasic (0x00007a503ac9b788) [0x00007a503ac9b880, 0x00007a503ac9bb18] Compiler: , Barriers: 0, Oops: 0, ImmediateOops: 0, NonImmediateOops: No
[1,970s][debug][gc,nmethod     ] Register NMethod: java.lang.invoke.MethodHandle.linkToSpecial (0x00007a503ac9bb88) [0x00007a503ac9bc80, 0x00007a503ac9bd78] Compiler: , Barriers: 0, Oops: 0, ImmediateOops: 0, NonImmediateOops: No
[1,970s][debug][gc,nmethod     ] Register NMethod: java.lang.invoke.InvokerBytecodeGenerator.lookupPregenerated (0x00007a501b74c608) [0x00007a501b74c700, 0x00007a501b74f928] Compiler: c1, Barriers: 10, Oops: 1, ImmediateOops: 13, NonImmediateOops: No
[1,971s][debug][gc,nmethod     ] Register NMethod: java.lang.invoke.MethodHandle.invokeBasic (0x00007a503ac9be88) [0x00007a503ac9bf80, 0x00007a503ac9c218] Compiler: , Barriers: 0, Oops: 0, ImmediateOops: 0, NonImmediateOops: No
[1,971s][debug][gc,nmethod     ] Register NMethod: java.lang.invoke.MethodHandle.linkToSpecial (0x00007a503ac9c288) [0x00007a503ac9c380, 0x00007a503ac9c478] Compiler: , Barriers: 0, Oops: 0, ImmediateOops: 0, NonImmediateOops: No
[1,971s][debug][gc,nmethod     ] Register NMethod: java.lang.invoke.MethodHandle.invokeBasic (0x00007a503ac9c588) [0x00007a503ac9c680, 0x00007a503ac9c918] Compiler: , Barriers: 0, Oops: 0, ImmediateOops: 0, NonImmediateOops: No
[1,971s][debug][gc,nmethod     ] Register NMethod: java.lang.invoke.MethodHandle.linkToSpecial (0x00007a503ac9c988) [0x00007a503ac9ca80, 0x00007a503ac9cb78] Compiler: , Barriers: 0, Oops: 0, ImmediateOops: 0, NonImmediateOops: No
[1,972s][debug][gc,nmethod     ] Register NMethod: java.util.Arrays.fill (0x00007a501b74c008) [0x00007a501b74c100, 0x00007a501b74c5a8] Compiler: c1, Barriers: 3, Oops: 0, ImmediateOops: 0, NonImmediateOops: No
[1,972s][debug][gc,nmethod     ] Register NMethod: java.lang.invoke.MethodHandle.invokeBasic (0x00007a503ac9cc88) [0x00007a503ac9cd80, 0x00007a503ac9d018] Compiler: , Barriers: 0, Oops: 0, ImmediateOops: 0, NonImmediateOops: No
[1,972s][debug][gc,nmethod     ] Register NMethod: java.lang.invoke.LambdaForm$Name.<init> (0x00007a501b487d88) [0x00007a501b487e80, 0x00007a501b489128] Compiler: c1, Barriers: 11, Oops: 0, ImmediateOops: 0, NonImmediateOops: No
[1,972s][debug][gc,nmethod     ] Register NMethod: java.lang.invoke.MethodHandle.linkToSpecial (0x00007a503ac9d088) [0x00007a503ac9d180, 0x00007a503ac9d278] Compiler: , Barriers: 0, Oops: 0, ImmediateOops: 0, NonImmediateOops: No
[1,976s][debug][gc,nmethod     ] Register NMethod: jdk.internal.classfile.impl.BufWriterImpl.writeIndex (0x00007a503ac9d388) [0x00007a503ac9d480, 0x00007a503ac9da98] Compiler: jvmci, Barriers: 7, Oops: 0, ImmediateOops: 0, NonImmediateOops: No
[1,976s][debug][gc,director    ] Rule Major: Warmup 10%, Used: 272MB, UsedThreshold: 1228MB
[1,977s][debug][gc,nmethod     ] Register NMethod: ch.qos.logback.classic.Logger.getName (0x00007a503ac9db08) [0x00007a503ac9dc00, 0x00007a503ac9dce8] Compiler: c1, Barriers: 1, Oops: 1, ImmediateOops: 0, NonImmediateOops: No
[1,978s][debug][gc,nmethod     ] Register NMethod: java.lang.invoke.MethodType.hashCode (0x00007a503ac9de08) [0x00007a503ac9df00, 0x00007a503ac9e168] Compiler: jvmci, Barriers: 3, Oops: 0, ImmediateOops: 0, NonImmediateOops: No
[1,979s][debug][gc,nmethod     ] Register NMethod: java.lang.invoke.VarHandleReferences$Array.getVolatile (0x00007a501b487108) [0x00007a501b487200, 0x00007a501b487d68] Compiler: c1, Barriers: 2, Oops: 2, ImmediateOops: 1, NonImmediateOops: No
[1,979s][debug][gc,nmethod     ] Register NMethod: java.lang.String.concat (0x00007a503ac9e188) [0x00007a503ac9e280, 0x00007a503ac9e950] Compiler: jvmci, Barriers: 4, Oops: 0, ImmediateOops: 0, NonImmediateOops: No
[1,979s][debug][gc,nmethod     ] Register NMethod: java.util.concurrent.atomic.AtomicReferenceArray.get (0x00007a501b4b5688) [0x00007a501b4b5780, 0x00007a501b4b6998] Compiler: c1, Barriers: 2, Oops: 7, ImmediateOops: 9, NonImmediateOops: No
[1,979s][debug][gc,nmethod     ] Register NMethod: java.lang.invoke.MemberName.getMethodType (0x00007a503ac9e988) [0x00007a503ac9ea80, 0x00007a503ac9efc8] Compiler: jvmci, Barriers: 8, Oops: 0, ImmediateOops: 0, NonImmediateOops: No
[1,980s][debug][gc,nmethod     ] Register NMethod: java.lang.invoke.VarHandleGuards.guard_LI_L (0x00007a501b4b2088) [0x00007a501b4b2180, 0x00007a501b4b5630] Compiler: c1, Barriers: 29, Oops: 0, ImmediateOops: 2, NonImmediateOops: No
[1,981s][debug][gc,nmethod     ] Register NMethod: java.util.concurrent.atomic.AtomicReferenceArray.get (0x00007a503ac9f008) [0x00007a503ac9f100, 0x00007a503ac9f260] Compiler: jvmci, Barriers: 2, Oops: 0, ImmediateOops: 0, NonImmediateOops: No
[1,981s][debug][gc,nmethod     ] Register NMethod: java.lang.invoke.MethodType.makeImpl (0x00007a503ac9f308) [0x00007a503ac9f400, 0x00007a503ac9fd20] Compiler: jvmci, Barriers: 19, Oops: 3, ImmediateOops: 6, NonImmediateOops: No
[1,983s][debug][gc,nmethod     ] Register NMethod: jdk.internal.misc.Unsafe.getLongVolatile (0x00007a503ac9fd88) [0x00007a503ac9fe80, 0x00007a503ac9ffe8] Compiler: , Barriers: 0, Oops: 0, ImmediateOops: 0, NonImmediateOops: No
[1,984s][debug][gc,nmethod     ] Register NMethod: java.lang.Thread.isVirtual (0x00007a501b74bb88) [0x00007a501b74bc80, 0x00007a501b74bf88] Compiler: c1, Barriers: 0, Oops: 0, ImmediateOops: 0, NonImmediateOops: No
[1,984s][debug][gc,nmethod     ] Register NMethod: java.lang.Thread.onSpinWait (0x00007a501b5e1188) [0x00007a501b5e1280, 0x00007a501b5e1360] Compiler: c1, Barriers: 0, Oops: 0, ImmediateOops: 0, NonImmediateOops: No
[1,986s][debug][gc,nmethod     ] Register NMethod: java.lang.invoke.MethodHandle.linkToStatic (0x00007a503aca0088) [0x00007a503aca0180, 0x00007a503aca0270] Compiler: , Barriers: 0, Oops: 0, ImmediateOops: 0, NonImmediateOops: No
[1,987s][debug][gc,director    ] Rule Major: Warmup 10%, Used: 280MB, UsedThreshold: 1228MB
[1,987s][debug][gc,nmethod     ] Register NMethod: java.lang.invoke.MethodHandle.linkToInterface (0x00007a503aca0388) [0x00007a503aca0480, 0x00007a503aca05b0] Compiler: , Barriers: 0, Oops: 0, ImmediateOops: 0, NonImmediateOops: No
[1,987s][debug][gc,nmethod     ] Register NMethod: java.lang.invoke.MethodHandle.linkToInterface (0x00007a503aca0688) [0x00007a503aca0780, 0x00007a503aca08b0] Compiler: , Barriers: 0, Oops: 0, ImmediateOops: 0, NonImmediateOops: No
[1,987s][debug][gc,nmethod     ] Register NMethod: java.lang.invoke.MethodHandle.linkToStatic (0x00007a503aca0988) [0x00007a503aca0a80, 0x00007a503aca0b70] Compiler: , Barriers: 0, Oops: 0, ImmediateOops: 0, NonImmediateOops: No
[1,987s][debug][gc,nmethod     ] Register NMethod: java.lang.Throwable.<init> (0x00007a501b74b288) [0x00007a501b74b380, 0x00007a501b74bb40] Compiler: c1, Barriers: 13, Oops: 0, ImmediateOops: 3, NonImmediateOops: No
[1,987s][debug][gc,nmethod     ] Register NMethod: java.lang.invoke.MethodHandle.linkToStatic (0x00007a503aca0c88) [0x00007a503aca0d80, 0x00007a503aca0e70] Compiler: , Barriers: 0, Oops: 0, ImmediateOops: 0, NonImmediateOops: No
[1,987s][debug][gc,nmethod     ] Register NMethod: java.lang.invoke.MethodTypeForm.<init> (0x00007a501b4aef88) [0x00007a501b4af080, 0x00007a501b4b2010] Compiler: c1, Barriers: 28, Oops: 1, ImmediateOops: 7, NonImmediateOops: No
[1,988s][debug][gc,nmethod     ] Register NMethod: java.lang.invoke.MethodHandle.linkToStatic (0x00007a503aca0f88) [0x00007a503aca1080, 0x00007a503aca1170] Compiler: , Barriers: 0, Oops: 0, ImmediateOops: 0, NonImmediateOops: No
[1,988s][debug][gc,nmethod     ] Register NMethod: jdk.internal.foreign.NativeMemorySegmentImpl.unsafeGetOffset (0x00007a503aca1288) [0x00007a503aca1380, 0x00007a503aca1440] Compiler: c1, Barriers: 0, Oops: 0, ImmediateOops: 0, NonImmediateOops: No
[1,988s][debug][gc,nmethod     ] Register NMethod: jdk.internal.foreign.NativeMemorySegmentImpl.unsafeGetBase (0x00007a503aca1588) [0x00007a503aca1680, 0x00007a503aca1748] Compiler: c1, Barriers: 0, Oops: 0, ImmediateOops: 0, NonImmediateOops: No
[1,989s][debug][gc,nmethod     ] Register NMethod: jdk.internal.foreign.layout.AbstractLayout.byteAlignment (0x00007a503aca1888) [0x00007a503aca1980, 0x00007a503aca1a40] Compiler: c1, Barriers: 0, Oops: 0, ImmediateOops: 0, NonImmediateOops: No
[1,989s][debug][gc,nmethod     ] Register NMethod: jdk.internal.foreign.AbstractMemorySegmentImpl.sessionImpl (0x00007a503aca1b88) [0x00007a503aca1c80, 0x00007a503aca1d68] Compiler: c1, Barriers: 1, Oops: 0, ImmediateOops: 0, NonImmediateOops: No
[1,989s][debug][gc,nmethod     ] Register NMethod: java.lang.invoke.MethodHandle.linkToStatic (0x00007a503aca1e88) [0x00007a503aca1f80, 0x00007a503aca2070] Compiler: , Barriers: 0, Oops: 0, ImmediateOops: 0, NonImmediateOops: No
[1,989s][debug][gc,nmethod     ] Register NMethod: jdk.internal.foreign.layout.AbstractLayout.byteSize (0x00007a503aca2188) [0x00007a503aca2280, 0x00007a503aca2340] Compiler: c1, Barriers: 0, Oops: 0, ImmediateOops: 0, NonImmediateOops: No
[1,989s][debug][gc,nmethod     ] Register NMethod: jdk.internal.foreign.NativeMemorySegmentImpl.maxAlignMask (0x00007a503aca2488) [0x00007a503aca2580, 0x00007a503aca2640] Compiler: c1, Barriers: 0, Oops: 0, ImmediateOops: 0, NonImmediateOops: No
[1,989s][debug][gc,nmethod     ] Register NMethod: java.lang.Long.hashCode (0x00007a501b486d88) [0x00007a501b486e80, 0x00007a501b486fb8] Compiler: c1, Barriers: 0, Oops: 0, ImmediateOops: 0, NonImmediateOops: No
[1,989s][debug][gc,nmethod     ] Register NMethod: java.lang.invoke.MethodHandle.linkToStatic (0x00007a503aca2788) [0x00007a503aca2880, 0x00007a503aca2970] Compiler: , Barriers: 0, Oops: 0, ImmediateOops: 0, NonImmediateOops: No
[1,990s][debug][gc,nmethod     ] Register NMethod: jdk.internal.foreign.MemorySessionImpl.checkValidStateRaw (0x00007a501b74ad88) [0x00007a501b74ae80, 0x00007a501b74b0b0] Compiler: c1, Barriers: 2, Oops: 0, ImmediateOops: 2, NonImmediateOops: No
[1,990s][debug][gc,nmethod     ] Register NMethod: io.sirix.page.KeyValueLeafPage.isSlotSet (0x00007a501b4aec88) [0x00007a501b4aed80, 0x00007a501b4aef28] Compiler: c1, Barriers: 1, Oops: 1, ImmediateOops: 0, NonImmediateOops: No
[1,990s][debug][gc,nmethod     ] Register NMethod: java.util.BitSet.ensureCapacity (0x00007a501b4ae888) [0x00007a501b4ae980, 0x00007a501b4aec40] Compiler: c1, Barriers: 4, Oops: 0, ImmediateOops: 0, NonImmediateOops: No
[1,990s][debug][gc,nmethod     ] Register NMethod: jdk.internal.classfile.impl.DirectCodeBuilder$DeferredLabel.<init> (0x00007a501b4ae508) [0x00007a501b4ae600, 0x00007a501b4ae840] Compiler: c1, Barriers: 3, Oops: 0, ImmediateOops: 0, NonImmediateOops: No
[1,990s][debug][gc,nmethod     ] Register NMethod: java.util.Arrays$ArrayItr.next (0x00007a501b4ae108) [0x00007a501b4ae200, 0x00007a501b4ae4a0] Compiler: c1, Barriers: 2, Oops: 0, ImmediateOops: 0, NonImmediateOops: No
[1,990s][debug][gc,nmethod     ] Register NMethod: jdk.internal.classfile.impl.DirectCodeBuilder.addLabel (0x00007a501b4ad608) [0x00007a501b4ad700, 0x00007a501b4ae0d0] Compiler: c1, Barriers: 9, Oops: 0, ImmediateOops: 0, NonImmediateOops: No
[1,991s][debug][gc,nmethod     ] Register NMethod: jdk.internal.classfile.impl.AbstractPoolEntry.hashClassFromUtf8 (0x00007a501b4acd08) [0x00007a501b4ace00, 0x00007a501b4ad5a8] Compiler: c1, Barriers: 2, Oops: 0, ImmediateOops: 2, NonImmediateOops: No
[1,991s][debug][gc,nmethod     ] Register NMethod: jdk.internal.foreign.AbstractMemorySegmentImpl.checkReadOnly (0x00007a501b4ac988) [0x00007a501b4aca80, 0x00007a501b4acca8] Compiler: c1, Barriers: 0, Oops: 0, ImmediateOops: 1, NonImmediateOops: No
[1,991s][debug][gc,nmethod     ] Register NMethod: jdk.internal.foreign.AbstractMemorySegmentImpl.checkAccess (0x00007a501b4ac008) [0x00007a501b4ac100, 0x00007a501b4ac910] Compiler: c1, Barriers: 0, Oops: 0, ImmediateOops: 1, NonImmediateOops: No
[1,991s][debug][gc,nmethod     ] Register NMethod: jdk.internal.foreign.AbstractMemorySegmentImpl.isAlignedForElement (0x00007a501b4abd08) [0x00007a501b4abe00, 0x00007a501b4abff8] Compiler: c1, Barriers: 0, Oops: 0, ImmediateOops: 0, NonImmediateOops: No
[1,991s][debug][gc,nmethod     ] Register NMethod: jdk.internal.foreign.AbstractMemorySegmentImpl.isAlignedForElement (0x00007a501b4ab588) [0x00007a501b4ab680, 0x00007a501b4abcc8] Compiler: c1, Barriers: 0, Oops: 0, ImmediateOops: 0, NonImmediateOops: No
[1,991s][debug][gc,nmethod     ] Register NMethod: java.lang.classfile.CodeBuilder.loadConstant (0x00007a501b4a9788) [0x00007a501b4a9880, 0x00007a501b4ab540] Compiler: c1, Barriers: 0, Oops: 0, ImmediateOops: 0, NonImmediateOops: No
[1,991s][debug][gc,nmethod     ] Register NMethod: java.lang.classfile.CodeBuilder.ldc (0x00007a501b4a8b88) [0x00007a501b4a8c80, 0x00007a501b4a9710] Compiler: c1, Barriers: 0, Oops: 0, ImmediateOops: 0, NonImmediateOops: No
[1,991s][debug][gc,nmethod     ] Register NMethod: jdk.internal.classfile.impl.SplitConstantPool.maybeCloneUtf8Entry (0x00007a501b4a7988) [0x00007a501b4a7a80, 0x00007a501b4a8b20] Compiler: c1, Barriers: 4, Oops: 0, ImmediateOops: 2, NonImmediateOops: No
[1,991s][debug][gc,nmethod     ] Register NMethod: jdk.internal.classfile.impl.SplitConstantPool.stringEntry (0x00007a501b4a6d88) [0x00007a501b4a6e80, 0x00007a501b4a7970] Compiler: c1, Barriers: 0, Oops: 0, ImmediateOops: 0, NonImmediateOops: No
[1,991s][debug][gc,nmethod     ] Register NMethod: jdk.internal.foreign.AbstractMemorySegmentImpl.byteSize (0x00007a503aca2a88) [0x00007a503aca2b80, 0x00007a503aca2c40] Compiler: c1, Barriers: 0, Oops: 0, ImmediateOops: 0, NonImmediateOops: No
[1,992s][debug][gc,nmethod     ] Register NMethod: jdk.internal.foreign.layout.ValueLayouts$AbstractValueLayout.varHandle (0x00007a501b4a6288) [0x00007a501b4a6380, 0x00007a501b4a6d38] Compiler: c1, Barriers: 4, Oops: 3, ImmediateOops: 3, NonImmediateOops: No
[1,992s][debug][gc,nmethod     ] Register NMethod: java.lang.invoke.SegmentVarHandle.offset (0x00007a501b4a5f88) [0x00007a501b4a6080, 0x00007a501b4a6198] Compiler: c1, Barriers: 0, Oops: 0, ImmediateOops: 0, NonImmediateOops: No
[1,992s][debug][gc,nmethod     ] Register NMethod: java.lang.classfile.constantpool.ConstantPoolBuilder.stringEntry (0x00007a501b4a5908) [0x00007a501b4a5a00, 0x00007a501b4a5f10] Compiler: c1, Barriers: 0, Oops: 0, ImmediateOops: 0, NonImmediateOops: No
[1,992s][debug][gc,nmethod     ] Register NMethod: jdk.internal.foreign.AbstractMemorySegmentImpl.checkEnclosingLayout (0x00007a501b4a2808) [0x00007a501b4a2900, 0x00007a501b4a58d0] Compiler: c1, Barriers: 19, Oops: 1, ImmediateOops: 3, NonImmediateOops: No
[1,992s][debug][gc,nmethod     ] Register NMethod: jdk.internal.classfile.impl.SplitConstantPool.findEntry (0x00007a501b4a1208) [0x00007a501b4a1300, 0x00007a501b4a27b0] Compiler: c1, Barriers: 2, Oops: 0, ImmediateOops: 0, NonImmediateOops: No
[1,992s][debug][gc,nmethod     ] Register NMethod: jdk.internal.misc.Unsafe.checkSize (0x00007a501b4a0e88) [0x00007a501b4a0f80, 0x00007a501b4a11e0] Compiler: c1, Barriers: 0, Oops: 0, ImmediateOops: 0, NonImmediateOops: No
[1,992s][debug][gc,nmethod     ] Register NMethod: java.lang.invoke.LambdaForm.constantForm (0x00007a501b4a0988) [0x00007a501b4a0a80, 0x00007a501b4a0e38] Compiler: c1, Barriers: 1, Oops: 0, ImmediateOops: 1, NonImmediateOops: No
[1,992s][debug][gc,nmethod     ] Register NMethod: java.lang.Integer.valueOf (0x00007a503aca2d88) [0x00007a503aca2e80, 0x00007a503aca2ff0] Compiler: jvmci, Barriers: 1, Oops: 0, ImmediateOops: 1, NonImmediateOops: No
[1,992s][debug][gc,nmethod     ] Register NMethod: java.lang.classfile.constantpool.ConstantPoolBuilder.loadableConstantEntry (0x00007a501b49b088) [0x00007a501b49b180, 0x00007a501b4a0918] Compiler: c1, Barriers: 0, Oops: 1, ImmediateOops: 3, NonImmediateOops: No
[1,993s][debug][gc,nmethod     ] Register NMethod: jdk.internal.foreign.Utils$BaseAndScale.scale (0x00007a503aca3088) [0x00007a503aca3180, 0x00007a503aca3240] Compiler: c1, Barriers: 0, Oops: 0, ImmediateOops: 0, NonImmediateOops: No
[1,993s][debug][gc,nmethod     ] Register NMethod: io.sirix.page.KeyValueLeafPage.getSlotAsByteArray (0x00007a501b49a888) [0x00007a501b49a980, 0x00007a501b49b018] Compiler: c1, Barriers: 0, Oops: 1, ImmediateOops: 1, NonImmediateOops: No
[1,993s][debug][gc,nmethod     ] Register NMethod: jdk.internal.classfile.impl.StackMapGenerator.processLdc (0x00007a501b494b08) [0x00007a501b494c00, 0x00007a501b49a828] Compiler: c1, Barriers: 31, Oops: 2, ImmediateOops: 20, NonImmediateOops: No
[1,993s][debug][gc,nmethod     ] Register NMethod: jdk.internal.misc.Unsafe.copyMemory (0x00007a501b493408) [0x00007a501b493500, 0x00007a501b494ac0] Compiler: c1, Barriers: 4, Oops: 0, ImmediateOops: 0, NonImmediateOops: No
[1,993s][debug][gc,nmethod     ] Register NMethod: io.sirix.node.GrowingMemorySegment.ensureCapacity (0x00007a501b493108) [0x00007a501b493200, 0x00007a501b493360] Compiler: c1, Barriers: 0, Oops: 1, ImmediateOops: 0, NonImmediateOops: No
[1,994s][debug][gc,nmethod     ] Register NMethod: java.lang.invoke.MethodType.methodType (0x00007a503aca3388) [0x00007a503aca3480, 0x00007a503aca4258] Compiler: jvmci, Barriers: 25, Oops: 3, ImmediateOops: 9, NonImmediateOops: No
[1,995s][debug][gc,nmethod     ] Register NMethod: jdk.internal.foreign.NativeMemorySegmentImpl.dup (0x00007a503aca4288) [0x00007a503aca43a0, 0x00007a503aca44f0] Compiler: jvmci, Barriers: 2, Oops: 0, ImmediateOops: 0, NonImmediateOops: No
[1,995s][debug][gc,nmethod     ] Register NMethod: java.lang.Integer.rotateRight (0x00007a501b492e08) [0x00007a501b492f00, 0x00007a501b492ff0] Compiler: c1, Barriers: 0, Oops: 0, ImmediateOops: 0, NonImmediateOops: No
[1,995s][debug][gc,nmethod     ] Register NMethod: java.nio.ByteBuffer.<init> (0x00007a501b492a88) [0x00007a501b492b80, 0x00007a501b492dc8] Compiler: c1, Barriers: 3, Oops: 0, ImmediateOops: 0, NonImmediateOops: No
[1,995s][debug][gc,nmethod     ] Register NMethod: jdk.internal.misc.Unsafe.putIntUnaligned (0x00007a501b492708) [0x00007a501b492800, 0x00007a501b492a30] Compiler: c1, Barriers: 0, Oops: 0, ImmediateOops: 0, NonImmediateOops: No
[1,996s][debug][gc,nmethod     ] Register NMethod: jdk.internal.misc.Unsafe.putIntUnaligned (0x00007a501b492308) [0x00007a501b492400, 0x00007a501b4926a0] Compiler: c1, Barriers: 0, Oops: 0, ImmediateOops: 0, NonImmediateOops: No
[1,996s][debug][gc,nmethod     ] Register NMethod: jdk.internal.foreign.AbstractMemorySegmentImpl.asSliceNoCheck (0x00007a503aca4588) [0x00007a503aca4680, 0x00007a503aca4830] Compiler: jvmci, Barriers: 3, Oops: 0, ImmediateOops: 0, NonImmediateOops: No
[1,996s][debug][gc,nmethod     ] Register NMethod: java.lang.invoke.MethodHandle.invokeBasic (0x00007a503aca4888) [0x00007a503aca4980, 0x00007a503aca4c18] Compiler: , Barriers: 0, Oops: 0, ImmediateOops: 0, NonImmediateOops: No
[1,996s][debug][gc,nmethod     ] Register NMethod: jdk.internal.misc.Unsafe.convEndian (0x00007a503aca4c88) [0x00007a503aca4d80, 0x00007a503aca4e18] Compiler: jvmci, Barriers: 0, Oops: 0, ImmediateOops: 0, NonImmediateOops: No
[1,997s][debug][gc,director    ] Rule Major: Warmup 10%, Used: 284MB, UsedThreshold: 1228MB
[1,997s][debug][gc,nmethod     ] Register NMethod: java.lang.invoke.VarHandleGuards.guard_LII_V (0x00007a501b991e08) [0x00007a501b991f00, 0x00007a501b996b00] Compiler: c1, Barriers: 46, Oops: 1, ImmediateOops: 6, NonImmediateOops: No
[1,997s][debug][gc,nmethod     ] Register NMethod: jdk.internal.foreign.AbstractMemorySegmentImpl.asSlice (0x00007a503aca4f88) [0x00007a503aca5080, 0x00007a503aca5398] Compiler: jvmci, Barriers: 5, Oops: 0, ImmediateOops: 0, NonImmediateOops: No
[1,998s][debug][gc,nmethod     ] Register NMethod: java.lang.reflect.Constructor.getSharedParameterTypes (0x00007a503aca5408) [0x00007a503aca5500, 0x00007a503aca55e8] Compiler: c1, Barriers: 1, Oops: 0, ImmediateOops: 0, NonImmediateOops: No
[1,999s][debug][gc,nmethod     ] Register NMethod: jdk.internal.classfile.impl.Util.isDoubleSlot (0x00007a501b492008) [0x00007a501b492100, 0x00007a501b492270] Compiler: c1, Barriers: 0, Oops: 0, ImmediateOops: 2, NonImmediateOops: No
[1,999s][debug][gc,nmethod     ] Register NMethod: java.lang.invoke.MethodHandle.linkToStatic (0x00007a503aca5708) [0x00007a503aca5800, 0x00007a503aca58f0] Compiler: , Barriers: 0, Oops: 0, ImmediateOops: 0, NonImmediateOops: No
[1,999s][debug][gc,nmethod     ] Register NMethod: jdk.internal.classfile.impl.Util.parameterSlots (0x00007a501b491a88) [0x00007a501b491b80, 0x00007a501b491ff0] Compiler: c1, Barriers: 3, Oops: 0, ImmediateOops: 2, NonImmediateOops: No
[1,999s][debug][gc,nmethod     ] Register NMethod: java.lang.invoke.MethodHandle.invokeBasic (0x00007a503aca5a08) [0x00007a503aca5b00, 0x00007a503aca5d98] Compiler: , Barriers: 0, Oops: 0, ImmediateOops: 0, NonImmediateOops: No
[2,000s][debug][gc,nmethod     ] Register NMethod: java.util.Arrays.copyOf (0x00007a503aca5e08) [0x00007a503aca5f00, 0x00007a503aca64f0] Compiler: jvmci, Barriers: 1, Oops: 0, ImmediateOops: 2, NonImmediateOops: No
[2,000s][debug][gc,nmethod     ] Register NMethod: java.lang.invoke.LambdaFormBuffer.changeName (0x00007a501b996b88) [0x00007a501b996c80, 0x00007a501b9976f0] Compiler: c1, Barriers: 10, Oops: 0, ImmediateOops: 0, NonImmediateOops: No
[2,001s][debug][gc,nmethod     ] Register NMethod: io.sirix.page.KeyValueLeafPage.getSlot (0x00007a501b997708) [0x00007a501b997800, 0x00007a501b9ada30] Compiler: c1, Barriers: 194, Oops: 13, ImmediateOops: 50, NonImmediateOops: No
[2,001s][debug][gc,nmethod     ] Register NMethod: jdk.internal.misc.Unsafe.checkOffset (0x00007a501b491508) [0x00007a501b491600, 0x00007a501b491860] Compiler: c1, Barriers: 0, Oops: 0, ImmediateOops: 0, NonImmediateOops: No
[2,005s][debug][gc,nmethod     ] Register NMethod: java.util.concurrent.atomic.AtomicLong.get (0x00007a503aca6508) [0x00007a503aca6600, 0x00007a503aca66c8] Compiler: c1, Barriers: 0, Oops: 0, ImmediateOops: 0, NonImmediateOops: No
[2,007s][debug][gc,nmethod     ] Register NMethod: jdk.internal.foreign.AbstractMemorySegmentImpl.isAlignedForElement (0x00007a501b9adb08) [0x00007a501b9adc00, 0x00007a501b9ae190] Compiler: c1, Barriers: 0, Oops: 0, ImmediateOops: 0, NonImmediateOops: No
[2,007s][debug][gc,nmethod     ] Register NMethod: jdk.internal.misc.Unsafe.putLongUnaligned (0x00007a501b9ae208) [0x00007a501b9ae300, 0x00007a501b9ae738] Compiler: c1, Barriers: 0, Oops: 0, ImmediateOops: 0, NonImmediateOops: No
[2,007s][debug][gc,nmethod     ] Register NMethod: jdk.internal.foreign.AbstractMemorySegmentImpl.isAlignedForElement (0x00007a501b9ae788) [0x00007a501b9ae880, 0x00007a501b9af240] Compiler: c1, Barriers: 0, Oops: 0, ImmediateOops: 0, NonImmediateOops: No
[2,007s][debug][gc,director    ] Rule Major: Warmup 10%, Used: 286MB, UsedThreshold: 1228MB
[2,007s][debug][gc,nmethod     ] Register NMethod: java.lang.invoke.MethodHandle.invokeBasic (0x00007a503aca6808) [0x00007a503aca6900, 0x00007a503aca6b98] Compiler: , Barriers: 0, Oops: 0, ImmediateOops: 0, NonImmediateOops: No
[2,007s][debug][gc,nmethod     ] Register NMethod: java.lang.invoke.MethodHandle.linkToSpecial (0x00007a503aca6c08) [0x00007a503aca6d00, 0x00007a503aca6df8] Compiler: , Barriers: 0, Oops: 0, ImmediateOops: 0, NonImmediateOops: No
[2,007s][debug][gc,nmethod     ] Register NMethod: java.lang.ref.Cleaner$1.apply (0x00007a503aca6f08) [0x00007a503aca7000, 0x00007a503aca7140] Compiler: jvmci, Barriers: 1, Oops: 0, ImmediateOops: 0, NonImmediateOops: No
[2,008s][debug][gc,nmethod     ] Register NMethod: java.lang.invoke.MethodHandle.invokeBasic (0x00007a503aca7208) [0x00007a503aca7300, 0x00007a503aca7598] Compiler: , Barriers: 0, Oops: 0, ImmediateOops: 0, NonImmediateOops: No
[2,008s][debug][gc,nmethod     ] Register NMethod: java.lang.Thread.onSpinWait (0x00007a503aca7608) [0x00007a503aca7700, 0x00007a503aca7760] Compiler: jvmci, Barriers: 0, Oops: 0, ImmediateOops: 0, NonImmediateOops: No
[2,008s][debug][gc,nmethod     ] Register NMethod: java.lang.invoke.MethodHandle.linkToSpecial (0x00007a503aca7908) [0x00007a503aca7a00, 0x00007a503aca7af8] Compiler: , Barriers: 0, Oops: 0, ImmediateOops: 0, NonImmediateOops: No
[2,008s][debug][gc,nmethod     ] Register NMethod: java.lang.invoke.LambdaForm.methodType (0x00007a501b9af288) [0x00007a501b9af380, 0x00007a501b9afb78] Compiler: c1, Barriers: 9, Oops: 0, ImmediateOops: 1, NonImmediateOops: No
[2,009s][debug][gc,nmethod     ] Register NMethod: jdk.internal.foreign.layout.ValueLayouts$AbstractValueLayout.carrier (0x00007a503aca7c08) [0x00007a503aca7d00, 0x00007a503aca7de8] Compiler: c1, Barriers: 1, Oops: 0, ImmediateOops: 0, NonImmediateOops: No
[2,009s][debug][gc,nmethod     ] Register NMethod: java.lang.StringConcatHelper.prepend (0x00007a503aca7f08) [0x00007a503aca8000, 0x00007a503aca8620] Compiler: jvmci, Barriers: 2, Oops: 0, ImmediateOops: 0, NonImmediateOops: No
[2,009s][debug][gc,nmethod     ] Register NMethod: java.lang.invoke.MethodHandle.invokeBasic (0x00007a503aca8688) [0x00007a503aca8780, 0x00007a503aca8a18] Compiler: , Barriers: 0, Oops: 0, ImmediateOops: 0, NonImmediateOops: No
[2,010s][debug][gc,nmethod     ] Register NMethod: java.lang.Integer.rotateRight (0x00007a503aca8a88) [0x00007a503aca8b80, 0x00007a503aca8bf0] Compiler: jvmci, Barriers: 0, Oops: 0, ImmediateOops: 0, NonImmediateOops: No
[2,010s][debug][gc,nmethod     ] Register NMethod: java.lang.reflect.Array.getLength (0x00007a503aca8d88) [0x00007a503aca8e80, 0x00007a503aca8fe8] Compiler: , Barriers: 0, Oops: 0, ImmediateOops: 1, NonImmediateOops: No
[2,010s][debug][gc,nmethod     ] Register NMethod: jdk.internal.foreign.Utils$BaseAndScale.base (0x00007a503aca9088) [0x00007a503aca9180, 0x00007a503aca9240] Compiler: c1, Barriers: 0, Oops: 0, ImmediateOops: 0, NonImmediateOops: No
[2,010s][debug][gc,nmethod     ] Register NMethod: jdk.internal.misc.Unsafe.pick (0x00007a501b9afb88) [0x00007a501b9afc80, 0x00007a501b9afd78] Compiler: c1, Barriers: 0, Oops: 0, ImmediateOops: 0, NonImmediateOops: No
[2,011s][debug][gc,nmethod     ] Register NMethod: java.lang.invoke.SegmentVarHandle.offset (0x00007a501b9afe88) [0x00007a501b9aff80, 0x00007a501b9b0280] Compiler: c1, Barriers: 0, Oops: 0, ImmediateOops: 0, NonImmediateOops: No
[2,011s][debug][gc,nmethod     ] Register NMethod: java.lang.invoke.VarHandleGuards.guard_LJI_V (0x00007a501b9b0288) [0x00007a501b9b0380, 0x00007a501b9b4f88] Compiler: c1, Barriers: 46, Oops: 1, ImmediateOops: 6, NonImmediateOops: No
[2,011s][debug][gc,nmethod     ] Register NMethod: java.lang.invoke.SegmentVarHandle.checkSegment (0x00007a501b9b5008) [0x00007a501b9b5100, 0x00007a501b9b8a18] Compiler: c1, Barriers: 20, Oops: 1, ImmediateOops: 3, NonImmediateOops: No
[2,012s][debug][gc,nmethod     ] Register NMethod: jdk.internal.foreign.AbstractMemorySegmentImpl.checkEnclosingLayout (0x00007a501b9b8a88) [0x00007a501b9b8b80, 0x00007a501b9bbed8] Compiler: c1, Barriers: 19, Oops: 1, ImmediateOops: 3, NonImmediateOops: No
[2,013s][debug][gc,nmethod     ] Register NMethod: java.util.concurrent.ForkJoinPool.slotOffset (0x00007a501b9bbf08) [0x00007a501b9bc000, 0x00007a501b9bc0f8] Compiler: c1, Barriers: 0, Oops: 0, ImmediateOops: 0, NonImmediateOops: No
[2,013s][debug][gc,nmethod     ] Register NMethod: java.lang.invoke.MethodHandle.linkToSpecial (0x00007a503aca9388) [0x00007a503aca9480, 0x00007a503aca9578] Compiler: , Barriers: 0, Oops: 0, ImmediateOops: 0, NonImmediateOops: No
[2,014s][debug][gc,nmethod     ] Register NMethod: java.lang.invoke.MethodHandle.linkToSpecial (0x00007a503aca9688) [0x00007a503aca9780, 0x00007a503aca9878] Compiler: , Barriers: 0, Oops: 0, ImmediateOops: 0, NonImmediateOops: No
[2,014s][debug][gc,nmethod     ] Register NMethod: java.lang.invoke.MethodHandle.invokeBasic (0x00007a503aca9988) [0x00007a503aca9a80, 0x00007a503aca9d18] Compiler: , Barriers: 0, Oops: 0, ImmediateOops: 0, NonImmediateOops: No
[2,014s][debug][gc,nmethod     ] Register NMethod: java.lang.invoke.MethodHandle.linkToSpecial (0x00007a503aca9d88) [0x00007a503aca9e80, 0x00007a503aca9f78] Compiler: , Barriers: 0, Oops: 0, ImmediateOops: 0, NonImmediateOops: No
[2,014s][debug][gc,nmethod     ] Register NMethod: java.lang.invoke.MethodHandle.linkToSpecial (0x00007a503acaa088) [0x00007a503acaa180, 0x00007a503acaa278] Compiler: , Barriers: 0, Oops: 0, ImmediateOops: 0, NonImmediateOops: No
[2,015s][debug][gc,nmethod     ] Register NMethod: java.lang.classfile.CodeBuilder.putfield (0x00007a501b9bc208) [0x00007a501b9bc300, 0x00007a501b9bc610] Compiler: c1, Barriers: 0, Oops: 0, ImmediateOops: 1, NonImmediateOops: No
[2,015s][debug][gc,nmethod     ] Register NMethod: java.lang.invoke.MethodHandle.linkToSpecial (0x00007a503acaa388) [0x00007a503acaa480, 0x00007a503acaa578] Compiler: , Barriers: 0, Oops: 0, ImmediateOops: 0, NonImmediateOops: No
[2,015s][debug][gc,nmethod     ] Register NMethod: jdk.internal.classfile.impl.SplitConstantPool.classEntry (0x00007a503acaa688) [0x00007a503acaa780, 0x00007a503acaa910] Compiler: jvmci, Barriers: 0, Oops: 0, ImmediateOops: 0, NonImmediateOops: No
[2,015s][debug][gc,nmethod     ] Register NMethod: java.lang.invoke.MethodHandle.invokeBasic (0x00007a503acaa988) [0x00007a503acaaa80, 0x00007a503acaad18] Compiler: , Barriers: 0, Oops: 0, ImmediateOops: 0, NonImmediateOops: No
[2,015s][debug][gc,nmethod     ] Register NMethod: java.lang.invoke.MethodHandle.linkToSpecial (0x00007a503acaad88) [0x00007a503acaae80, 0x00007a503acaaf78] Compiler: , Barriers: 0, Oops: 0, ImmediateOops: 0, NonImmediateOops: No
[2,015s][debug][gc,nmethod     ] Register NMethod: java.util.concurrent.ConcurrentHashMap.putIfAbsent (0x00007a501b9bc688) [0x00007a501b9bc780, 0x00007a501b9bca80] Compiler: c1, Barriers: 0, Oops: 0, ImmediateOops: 0, NonImmediateOops: No
[2,015s][debug][gc,nmethod     ] Register NMethod: jdk.internal.util.ReferencedKeyMap.getNoCheckStale (0x00007a503acab088) [0x00007a503acab180, 0x00007a503acac608] Compiler: jvmci, Barriers: 36, Oops: 1, ImmediateOops: 1, NonImmediateOops: No
[2,015s][debug][gc,nmethod     ] Register NMethod: java.nio.Buffer.session (0x00007a501b486808) [0x00007a501b486900, 0x00007a501b486d08] Compiler: c1, Barriers: 1, Oops: 0, ImmediateOops: 0, NonImmediateOops: No
[2,016s][debug][gc,nmethod     ] Register NMethod: java.lang.invoke.VarHandleByteArrayAsInts$ArrayHandle.set (0x00007a501b9bca88) [0x00007a501b9bcb80, 0x00007a501b9bd330] Compiler: c1, Barriers: 0, Oops: 2, ImmediateOops: 2, NonImmediateOops: No
[2,016s][debug][gc,nmethod     ] Register NMethod: jdk.internal.misc.Unsafe.checkNativeAddress (0x00007a501b9bd388) [0x00007a501b9bd480, 0x00007a501b9bd590] Compiler: c1, Barriers: 0, Oops: 0, ImmediateOops: 0, NonImmediateOops: No
[2,017s][debug][gc,director    ] Rule Major: Warmup 10%, Used: 286MB, UsedThreshold: 1228MB
[2,020s][debug][gc,nmethod     ] Register NMethod: jdk.internal.classfile.impl.AbstractPoolEntry$ClassEntryImpl.hashCode (0x00007a503acac688) [0x00007a503acac780, 0x00007a503acaccd8] Compiler: jvmci, Barriers: 7, Oops: 0, ImmediateOops: 2, NonImmediateOops: No
[2,021s][debug][gc,nmethod     ] Register NMethod: java.lang.invoke.MethodHandle.linkToStatic (0x00007a503acacd08) [0x00007a503acace00, 0x00007a503acacef0] Compiler: , Barriers: 0, Oops: 0, ImmediateOops: 0, NonImmediateOops: No
[2,021s][debug][gc,nmethod     ] Register NMethod: java.lang.invoke.MethodHandle.linkToStatic (0x00007a503acad008) [0x00007a503acad100, 0x00007a503acad1f0] Compiler: , Barriers: 0, Oops: 0, ImmediateOops: 0, NonImmediateOops: No
[2,021s][debug][gc,nmethod     ] Register NMethod: java.util.jar.JarFile.getVersionedEntry (0x00007a503acad308) [0x00007a503acad400, 0x00007a503acae0e0] Compiler: jvmci, Barriers: 13, Oops: 2, ImmediateOops: 7, NonImmediateOops: No
[2,022s][debug][gc,nmethod     ] Register NMethod: java.lang.invoke.InnerClassLambdaMetafactory.convertArgumentTypes (0x00007a501b9bd688) [0x00007a501b9bd780, 0x00007a501b9bec98] Compiler: c1, Barriers: 11, Oops: 0, ImmediateOops: 1, NonImmediateOops: No
[2,027s][debug][gc,director    ] Rule Major: Warmup 10%, Used: 288MB, UsedThreshold: 1228MB
[2,028s][debug][gc,nmethod     ] Register NMethod: java.nio.ByteBuffer.limit (0x00007a501b9bed08) [0x00007a501b9bee00, 0x00007a501b9bf100] Compiler: c1, Barriers: 0, Oops: 0, ImmediateOops: 0, NonImmediateOops: No
[2,028s][debug][gc,nmethod     ] Register NMethod: java.nio.HeapCharBuffer.<init> (0x00007a501b9bf108) [0x00007a501b9bf200, 0x00007a501b9bf378] Compiler: c1, Barriers: 0, Oops: 0, ImmediateOops: 0, NonImmediateOops: No
[2,028s][debug][gc,nmethod     ] Register NMethod: java.nio.CharBuffer.wrap (0x00007a501b9bf408) [0x00007a501b9bf500, 0x00007a501b9bf770] Compiler: c1, Barriers: 0, Oops: 0, ImmediateOops: 0, NonImmediateOops: No
[2,029s][debug][gc,nmethod     ] Register NMethod: java.lang.invoke.InnerClassLambdaMetafactory$6.accept (0x00007a501b9bf788) [0x00007a501b9bf880, 0x00007a501b9c31a8] Compiler: c1, Barriers: 30, Oops: 2, ImmediateOops: 7, NonImmediateOops: No
[2,029s][debug][gc,nmethod     ] Register NMethod: sun.nio.cs.UTF_8$Encoder.encodeLoop (0x00007a501b9c3208) [0x00007a501b9c3300, 0x00007a501b9c3a88] Compiler: c1, Barriers: 2, Oops: 0, ImmediateOops: 0, NonImmediateOops: No
[2,029s][debug][gc,nmethod     ] Register NMethod: java.lang.System$1.uncheckedEncodeASCII (0x00007a501b9c3b08) [0x00007a501b9c3c00, 0x00007a501b9c3d40] Compiler: c1, Barriers: 0, Oops: 0, ImmediateOops: 0, NonImmediateOops: No
[2,029s][debug][gc,nmethod     ] Register NMethod: sun.nio.cs.StreamEncoder.ensureOpen (0x00007a501b9c3e08) [0x00007a501b9c3f00, 0x00007a501b9c40f8] Compiler: c1, Barriers: 0, Oops: 0, ImmediateOops: 1, NonImmediateOops: No
[2,029s][debug][gc,nmethod     ] Register NMethod: sun.nio.cs.StreamEncoder.implWrite (0x00007a501b9c4108) [0x00007a501b9c4200, 0x00007a501b9c5c28] Compiler: c1, Barriers: 3, Oops: 0, ImmediateOops: 0, NonImmediateOops: No
[2,029s][debug][gc,nmethod     ] Register NMethod: sun.nio.cs.StreamEncoder.implWrite (0x00007a501b9c5c88) [0x00007a501b9c5d80, 0x00007a501b9c60b8] Compiler: c1, Barriers: 0, Oops: 0, ImmediateOops: 0, NonImmediateOops: No
[2,029s][debug][gc,nmethod     ] Register NMethod: sun.nio.cs.StreamEncoder.growByteBufferIfNeeded (0x00007a501b9c6108) [0x00007a501b9c6200, 0x00007a501b9c6db0] Compiler: c1, Barriers: 6, Oops: 0, ImmediateOops: 0, NonImmediateOops: No
[2,029s][debug][gc,nmethod     ] Register NMethod: java.lang.Math.round (0x00007a501b9c6e08) [0x00007a501b9c6f00, 0x00007a501b9c70c8] Compiler: c1, Barriers: 0, Oops: 0, ImmediateOops: 0, NonImmediateOops: No
[2,029s][debug][gc,nmethod     ] Register NMethod: sun.nio.fs.UnixPath.<init> (0x00007a501b9c7108) [0x00007a501b9c7200, 0x00007a501b9c7448] Compiler: c1, Barriers: 6, Oops: 0, ImmediateOops: 0, NonImmediateOops: No
[2,029s][debug][gc,nmethod     ] Register NMethod: sun.nio.cs.StreamEncoder.write (0x00007a501b9c7488) [0x00007a501b9c7580, 0x00007a501b9c8068] Compiler: c1, Barriers: 1, Oops: 0, ImmediateOops: 1, NonImmediateOops: No
[2,029s][debug][gc,nmethod     ] Register NMethod: sun.nio.cs.UTF_8$Encoder.encodeArrayLoop (0x00007a501b9c8088) [0x00007a501b9c8180, 0x00007a501b9cae40] Compiler: c1, Barriers: 2, Oops: 1, ImmediateOops: 2, NonImmediateOops: No
[2,029s][debug][gc,nmethod     ] Register NMethod: sun.nio.fs.UnixPath.toUnixPath (0x00007a501b9cae88) [0x00007a501b9caf80, 0x00007a501b9cb600] Compiler: c1, Barriers: 0, Oops: 0, ImmediateOops: 0, NonImmediateOops: No
[2,030s][debug][gc,nmethod     ] Register NMethod: io.sirix.settings.Fixed.getStandardProperty (0x00007a503acae108) [0x00007a503acae200, 0x00007a503acae2c0] Compiler: c1, Barriers: 0, Oops: 1, ImmediateOops: 0, NonImmediateOops: No
[2,030s][debug][gc,nmethod     ] Register NMethod: jdk.internal.misc.Unsafe.weakCompareAndSetLong (0x00007a501b9cb608) [0x00007a501b9cb700, 0x00007a501b9cb820] Compiler: c1, Barriers: 0, Oops: 0, ImmediateOops: 0, NonImmediateOops: No
[2,030s][debug][gc,nmethod     ] Register NMethod: java.nio.charset.CharsetEncoder.encode (0x00007a501b9cb908) [0x00007a501b9cba00, 0x00007a501b9ce7b8] Compiler: c1, Barriers: 5, Oops: 0, ImmediateOops: 5, NonImmediateOops: No
[2,030s][debug][gc,nmethod     ] Register NMethod: org.magicwerk.brownies.collections.GapList.size (0x00007a503acae408) [0x00007a503acae500, 0x00007a503acae5c0] Compiler: c1, Barriers: 0, Oops: 1, ImmediateOops: 0, NonImmediateOops: No
[2,030s][debug][gc,nmethod     ] Register NMethod: jdk.internal.misc.Unsafe.getAndAddLong (0x00007a501b9ce808) [0x00007a501b9ce900, 0x00007a501b9cecf0] Compiler: c1, Barriers: 0, Oops: 0, ImmediateOops: 0, NonImmediateOops: No
[2,031s][debug][gc,nmethod     ] Register NMethod: jdk.internal.misc.Unsafe.putLongUnaligned (0x00007a503acae708) [0x00007a503acae800, 0x00007a503acae948] Compiler: jvmci, Barriers: 0, Oops: 0, ImmediateOops: 0, NonImmediateOops: No
[2,032s][debug][gc,nmethod     ] Register NMethod: jdk.internal.foreign.SegmentFactories.initNativeMemory (0x00007a501b9ced08) [0x00007a501b9cee00, 0x00007a501b9cf020] Compiler: c1, Barriers: 0, Oops: 0, ImmediateOops: 0, NonImmediateOops: No
[2,032s][debug][gc,nmethod     ] Register NMethod: jdk.internal.foreign.SegmentFactories.initNativeMemory (0x00007a501b9cf088) [0x00007a501b9cf180, 0x00007a501b9cf320] Compiler: c1, Barriers: 0, Oops: 0, ImmediateOops: 0, NonImmediateOops: No
[2,032s][debug][gc,nmethod     ] Register NMethod: jdk.internal.misc.Unsafe.putShort (0x00007a503acaea08) [0x00007a503acaeb00, 0x00007a503acaec58] Compiler: , Barriers: 0, Oops: 0, ImmediateOops: 0, NonImmediateOops: No
[2,033s][debug][gc,nmethod     ] Register NMethod: jdk.internal.misc.ScopedMemoryAccess.putByteInternal (0x00007a501b9cf388) [0x00007a501b9cf480, 0x00007a501b9cf9f8] Compiler: c1, Barriers: 2, Oops: 0, ImmediateOops: 2, NonImmediateOops: No
[2,033s][debug][gc,nmethod     ] Register NMethod: io.sirix.node.MemorySegmentBytesOut.writeByte (0x00007a501b9cfa08) [0x00007a501b9cfb00, 0x00007a501b9cfc98] Compiler: c1, Barriers: 1, Oops: 1, ImmediateOops: 0, NonImmediateOops: No
[2,033s][debug][gc,nmethod     ] Register NMethod: jdk.internal.misc.ScopedMemoryAccess.putByte (0x00007a501b9cfd08) [0x00007a501b9cfe00, 0x00007a501b9d0a78] Compiler: c1, Barriers: 3, Oops: 0, ImmediateOops: 2, NonImmediateOops: No
[2,033s][debug][gc,nmethod     ] Register NMethod: java.lang.invoke.DirectMethodHandle$Holder.invokeStatic (0x00007a501b9d0a88) [0x00007a501b9d0b80, 0x00007a501b9d0f48] Compiler: c1, Barriers: 1, Oops: 0, ImmediateOops: 0, NonImmediateOops: No
[2,033s][debug][gc,nmethod     ] Register NMethod: io.sirix.page.KeyValueLeafPage.alignOffset (0x00007a501b9d0f88) [0x00007a501b9d1080, 0x00007a501b9d1168] Compiler: c1, Barriers: 0, Oops: 1, ImmediateOops: 0, NonImmediateOops: No
[2,033s][debug][gc,nmethod     ] Register NMethod: jdk.internal.util.Architecture.isLittleEndian (0x00007a503acaed08) [0x00007a503acaee00, 0x00007a503acaeea0] Compiler: c1, Barriers: 0, Oops: 0, ImmediateOops: 0, NonImmediateOops: No
[2,033s][debug][gc,nmethod     ] Register NMethod: java.util.Arrays.fill (0x00007a503acaf008) [0x00007a503acaf100, 0x00007a503acaf2f8] Compiler: jvmci, Barriers: 0, Oops: 0, ImmediateOops: 0, NonImmediateOops: No
[2,034s][debug][gc,nmethod     ] Register NMethod: io.sirix.page.KeyValueLeafPage.isSlotSet (0x00007a503acaf308) [0x00007a503acaf400, 0x00007a503acaf518] Compiler: jvmci, Barriers: 1, Oops: 1, ImmediateOops: 0, NonImmediateOops: No
[2,034s][debug][gc,nmethod     ] Register NMethod: jdk.internal.misc.ScopedMemoryAccess.copyMemoryInternal (0x00007a501b9d1288) [0x00007a501b9d1380, 0x00007a501b9d1fe0] Compiler: c1, Barriers: 4, Oops: 0, ImmediateOops: 5, NonImmediateOops: No
[2,034s][debug][gc,nmethod     ] Register NMethod: java.lang.invoke.Invokers$Holder.linkToTargetMethod (0x00007a501b9d2008) [0x00007a501b9d2100, 0x00007a501b9d25f8] Compiler: c1, Barriers: 0, Oops: 0, ImmediateOops: 0, NonImmediateOops: No
[2,034s][debug][gc,nmethod     ] Register NMethod: io.sirix.node.GrowingMemorySegment.writeByte (0x00007a501b9d2608) [0x00007a501b9d2700, 0x00007a501b9d6330] Compiler: c1, Barriers: 5, Oops: 6, ImmediateOops: 10, NonImmediateOops: No
[2,034s][debug][gc,nmethod     ] Register NMethod: jdk.internal.foreign.Utils.isElementAligned (0x00007a501b9d6388) [0x00007a501b9d6480, 0x00007a501b9d69e0] Compiler: c1, Barriers: 0, Oops: 0, ImmediateOops: 0, NonImmediateOops: No
[2,034s][debug][gc,nmethod     ] Register NMethod: jdk.internal.foreign.Utils.checkElementAlignment (0x00007a501b9d6a08) [0x00007a501b9d6b00, 0x00007a501b9d71a8] Compiler: c1, Barriers: 0, Oops: 0, ImmediateOops: 0, NonImmediateOops: No
[2,034s][debug][gc,nmethod     ] Register NMethod: jdk.internal.foreign.AbstractMemorySegmentImpl.set (0x00007a501b9d7208) [0x00007a501b9d7300, 0x00007a501b9dc880] Compiler: c1, Barriers: 42, Oops: 6, ImmediateOops: 18, NonImmediateOops: No
[2,034s][debug][gc,nmethod     ] Register NMethod: java.lang.invoke.VarHandleSegmentAsBytes.set (0x00007a501b9dc908) [0x00007a501b9dca00, 0x00007a501b9e1b40] Compiler: c1, Barriers: 24, Oops: 2, ImmediateOops: 6, NonImmediateOops: No
[2,035s][debug][gc,nmethod     ] Register NMethod: java.lang.invoke.VarHandleSegmentAsBytes.set (0x00007a501b9e1b88) [0x00007a501b9e1c80, 0x00007a501b9e7020] Compiler: c1, Barriers: 24, Oops: 2, ImmediateOops: 6, NonImmediateOops: No
[2,035s][debug][gc,nmethod     ] Register NMethod: jdk.internal.misc.ScopedMemoryAccess.copyMemory (0x00007a501b9e7088) [0x00007a501b9e7180, 0x00007a501b9e84f8] Compiler: c1, Barriers: 5, Oops: 0, ImmediateOops: 5, NonImmediateOops: No
[2,035s][debug][gc,nmethod     ] Register NMethod: jdk.internal.misc.ScopedMemoryAccess.getScopedMemoryAccess (0x00007a501b9e8508) [0x00007a501b9e8600, 0x00007a501b9e86e8] Compiler: c1, Barriers: 0, Oops: 0, ImmediateOops: 1, NonImmediateOops: No
[2,035s][debug][gc,nmethod     ] Register NMethod: jdk.internal.misc.ScopedMemoryAccess.putIntUnaligned (0x00007a501b9e8808) [0x00007a501b9e8900, 0x00007a501b9e9788] Compiler: c1, Barriers: 3, Oops: 0, ImmediateOops: 3, NonImmediateOops: No
[2,035s][debug][gc,nmethod     ] Register NMethod: java.lang.Class.componentType (0x00007a501b9e9808) [0x00007a501b9e9900, 0x00007a501b9e9c00] Compiler: c1, Barriers: 1, Oops: 0, ImmediateOops: 0, NonImmediateOops: No
[2,036s][debug][gc,nmethod     ] Register NMethod: jdk.internal.foreign.Utils$BaseAndScale.of (0x00007a501b9e9c08) [0x00007a501b9e9d00, 0x00007a501b9eb318] Compiler: c1, Barriers: 1, Oops: 2, ImmediateOops: 10, NonImmediateOops: No
[2,036s][debug][gc,nmethod     ] Register NMethod: io.sirix.page.PageReference.setPage (0x00007a503acaf608) [0x00007a503acaf700, 0x00007a503acaf830] Compiler: c1, Barriers: 3, Oops: 1, ImmediateOops: 0, NonImmediateOops: No
[2,036s][debug][gc,nmethod     ] Register NMethod: java.lang.Thread.isInterrupted (0x00007a503acaf908) [0x00007a503acafa00, 0x00007a503acafac0] Compiler: c1, Barriers: 0, Oops: 0, ImmediateOops: 0, NonImmediateOops: No
[2,036s][debug][gc,nmethod     ] Register NMethod: jdk.internal.foreign.AbstractMemorySegmentImpl.set (0x00007a501b9eb388) [0x00007a501b9eb480, 0x00007a501b9f0a00] Compiler: c1, Barriers: 42, Oops: 6, ImmediateOops: 18, NonImmediateOops: No
[2,037s][debug][gc,nmethod     ] Register NMethod: java.lang.invoke.VarHandleSegmentAsInts.set (0x00007a501b9f0a88) [0x00007a501b9f0b80, 0x00007a501b9f5ed8] Compiler: c1, Barriers: 24, Oops: 2, ImmediateOops: 7, NonImmediateOops: No
[2,037s][debug][gc,nmethod     ] Register NMethod: java.lang.invoke.VarHandleSegmentAsInts.set (0x00007a501b9f5f08) [0x00007a501b9f6000, 0x00007a501b9fb5d0] Compiler: c1, Barriers: 24, Oops: 2, ImmediateOops: 7, NonImmediateOops: No
[2,037s][debug][gc,director    ] Rule Major: Warmup 10%, Used: 288MB, UsedThreshold: 1228MB
[2,039s][debug][gc,nmethod     ] Register NMethod: io.sirix.page.KeyValueLeafPage.getSlotAsByteArray (0x00007a503acafc08) [0x00007a503acafd00, 0x00007a503acb0410] Compiler: jvmci, Barriers: 9, Oops: 4, ImmediateOops: 1, NonImmediateOops: No
[2,041s][debug][gc,nmethod     ] Register NMethod: io.sirix.page.KeyValueLeafPage.getSlot (0x00007a503acb0488) [0x00007a503acb0580, 0x00007a503acb0c20] Compiler: jvmci, Barriers: 9, Oops: 4, ImmediateOops: 0, NonImmediateOops: No
[2,042s][debug][gc,nmethod     ] Register NMethod: java.util.concurrent.locks.AbstractQueuedSynchronizer.compareAndSetState (0x00007a501b9fb608) [0x00007a501b9fb700, 0x00007a501b9fb818] Compiler: c1, Barriers: 0, Oops: 0, ImmediateOops: 0, NonImmediateOops: No
[2,042s][debug][gc,nmethod     ] Register NMethod: sun.nio.fs.UnixPath.getFileSystem (0x00007a501b9fb908) [0x00007a501b9fba00, 0x00007a501b9fbb58] Compiler: c1, Barriers: 1, Oops: 0, ImmediateOops: 0, NonImmediateOops: No
[2,042s][debug][gc,nmethod     ] Register NMethod: java.io.OutputStreamWriter.write (0x00007a501b9fbc08) [0x00007a501b9fbd00, 0x00007a501b9fc030] Compiler: c1, Barriers: 1, Oops: 0, ImmediateOops: 0, NonImmediateOops: No
[2,042s][debug][gc,nmethod     ] Register NMethod: sun.nio.cs.StreamEncoder.write (0x00007a501b9fc088) [0x00007a501b9fc180, 0x00007a501b9fc518] Compiler: c1, Barriers: 0, Oops: 0, ImmediateOops: 0, NonImmediateOops: No
[2,044s][debug][gc,nmethod     ] Register NMethod: sun.nio.fs.UnixPath.isEmpty (0x00007a501b9fc588) [0x00007a501b9fc680, 0x00007a501b9fc808] Compiler: c1, Barriers: 1, Oops: 0, ImmediateOops: 0, NonImmediateOops: No
[2,045s][debug][gc,nmethod     ] Register NMethod: com.google.gson.stream.JsonReader.nextNonWhitespace (0x00007a501b9fc888) [0x00007a501b9fc980, 0x00007a501ba00628] Compiler: c1, Barriers: 1, Oops: 4, ImmediateOops: 9, NonImmediateOops: No
[2,045s][debug][gc,nmethod     ] Register NMethod: io.sirix.access.trx.page.NodePageReadOnlyTrx.assertNotClosed (0x00007a501ba00688) [0x00007a501ba00780, 0x00007a501ba00998] Compiler: c1, Barriers: 0, Oops: 1, ImmediateOops: 1, NonImmediateOops: No
[2,046s][debug][gc,nmethod     ] Register NMethod: io.sirix.page.PageReference.getLogKey (0x00007a503acb0c88) [0x00007a503acb0d80, 0x00007a503acb0e40] Compiler: c1, Barriers: 0, Oops: 1, ImmediateOops: 0, NonImmediateOops: No
[2,046s][debug][gc,nmethod     ] Register NMethod: io.sirix.page.RevisionRootPage.delegate (0x00007a503acb0f88) [0x00007a503acb1080, 0x00007a503acb1168] Compiler: c1, Barriers: 1, Oops: 1, ImmediateOops: 0, NonImmediateOops: No
[2,046s][debug][gc,nmethod     ] Register NMethod: java.util.BitSet.recalculateWordsInUse (0x00007a501ba00a08) [0x00007a501ba00b00, 0x00007a501ba00d40] Compiler: c1, Barriers: 1, Oops: 0, ImmediateOops: 0, NonImmediateOops: No
[2,047s][debug][gc,nmethod     ] Register NMethod: io.sirix.cache.PageContainer.getModified (0x00007a503acb1288) [0x00007a503acb1380, 0x00007a503acb1468] Compiler: c1, Barriers: 1, Oops: 1, ImmediateOops: 0, NonImmediateOops: No
[2,047s][debug][gc,director    ] Rule Major: Warmup 10%, Used: 288MB, UsedThreshold: 1228MB
[2,048s][debug][gc,nmethod     ] Register NMethod: jdk.internal.misc.Unsafe.getReference (0x00007a503acb1588) [0x00007a503acb1680, 0x00007a503acb19b0] Compiler: , Barriers: 0, Oops: 0, ImmediateOops: 0, NonImmediateOops: No
[2,048s][debug][gc,nmethod     ] Register NMethod: net.jpountz.util.SafeUtils.checkRange (0x00007a501ba00d88) [0x00007a501ba00e80, 0x00007a501ba01080] Compiler: c1, Barriers: 0, Oops: 1, ImmediateOops: 0, NonImmediateOops: No
[2,048s][debug][gc,nmethod     ] Register NMethod: io.sirix.node.MemorySegmentBytesOut.writeInt (0x00007a501ba01108) [0x00007a501ba01200, 0x00007a501ba01398] Compiler: c1, Barriers: 1, Oops: 1, ImmediateOops: 0, NonImmediateOops: No
[2,049s][debug][gc,nmethod     ] Register NMethod: jdk.internal.misc.Unsafe.allocateMemory0 (0x00007a503acb1a08) [0x00007a503acb1b00, 0x00007a503acb1c58] Compiler: , Barriers: 0, Oops: 0, ImmediateOops: 0, NonImmediateOops: No
[2,049s][debug][gc,nmethod     ] Register NMethod: jdk.internal.misc.ScopedMemoryAccess.getIntUnalignedInternal (0x00007a501ba01408) [0x00007a501ba01500, 0x00007a501ba01c78] Compiler: c1, Barriers: 2, Oops: 0, ImmediateOops: 3, NonImmediateOops: No
[2,049s][debug][gc,nmethod     ] Register NMethod: jdk.internal.misc.Unsafe.convEndian (0x00007a501ba01c88) [0x00007a501ba01d80, 0x00007a501ba01ed8] Compiler: c1, Barriers: 0, Oops: 0, ImmediateOops: 0, NonImmediateOops: No
[2,049s][debug][gc,nmethod     ] Register NMethod: jdk.internal.misc.ScopedMemoryAccess.getIntUnaligned (0x00007a501ba01f88) [0x00007a501ba02080, 0x00007a501ba02ee8] Compiler: c1, Barriers: 3, Oops: 0, ImmediateOops: 3, NonImmediateOops: No
[2,049s][debug][gc,nmethod     ] Register NMethod: jdk.internal.foreign.MemorySessionImpl.checkValidState (0x00007a501ba02f08) [0x00007a501ba03000, 0x00007a501ba03ae8] Compiler: c1, Barriers: 3, Oops: 0, ImmediateOops: 2, NonImmediateOops: No
[2,050s][debug][gc,nmethod     ] Register NMethod: io.sirix.access.trx.page.NodePageTrx.delegate (0x00007a503acb1d08) [0x00007a503acb1e00, 0x00007a503acb1ee8] Compiler: c1, Barriers: 1, Oops: 1, ImmediateOops: 0, NonImmediateOops: No
[2,050s][debug][gc,nmethod     ] Register NMethod: java.util.Arrays.fill (0x00007a503acb2008) [0x00007a503acb2100, 0x00007a503acb22b0] Compiler: jvmci, Barriers: 0, Oops: 0, ImmediateOops: 0, NonImmediateOops: No
[2,050s][debug][gc,nmethod     ] Register NMethod: io.sirix.node.MemorySegmentBytesOut.write (0x00007a501ba03b08) [0x00007a501ba03c00, 0x00007a501ba03e18] Compiler: c1, Barriers: 1, Oops: 1, ImmediateOops: 0, NonImmediateOops: No
[2,050s][debug][gc,nmethod     ] Register NMethod: io.sirix.node.GrowingMemorySegment.writeInt (0x00007a501ba03e88) [0x00007a501ba03f80, 0x00007a501ba07db0] Compiler: c1, Barriers: 5, Oops: 6, ImmediateOops: 11, NonImmediateOops: No
[2,050s][debug][gc,nmethod     ] Register NMethod: io.sirix.node.MemorySegmentBytesOut.write (0x00007a501ba07e08) [0x00007a501ba07f00, 0x00007a501ba08088] Compiler: c1, Barriers: 1, Oops: 1, ImmediateOops: 0, NonImmediateOops: No
[2,050s][debug][gc,nmethod     ] Register NMethod: java.lang.Math.max (0x00007a503acb2308) [0x00007a503acb2400, 0x00007a503acb2470] Compiler: jvmci, Barriers: 0, Oops: 0, ImmediateOops: 0, NonImmediateOops: No
[2,050s][debug][gc,nmethod     ] Register NMethod: jdk.internal.foreign.Utils$BaseAndScale$$TypeSwitch/0x000000005d2257f0.typeSwitch (0x00007a501ba08108) [0x00007a501ba08200, 0x00007a501ba09528] Compiler: c1, Barriers: 0, Oops: 0, ImmediateOops: 0, NonImmediateOops: No
[2,050s][debug][gc,nmethod     ] Register NMethod: net.jpountz.lz4.LZ4BlockOutputStream.writeIntLE (0x00007a501ba09588) [0x00007a501ba09680, 0x00007a501ba09808] Compiler: c1, Barriers: 0, Oops: 1, ImmediateOops: 0, NonImmediateOops: No
[2,050s][debug][gc,nmethod     ] Register NMethod: io.sirix.node.GrowingMemorySegment.position (0x00007a503acb2608) [0x00007a503acb2700, 0x00007a503acb27c0] Compiler: c1, Barriers: 0, Oops: 1, ImmediateOops: 0, NonImmediateOops: No
[2,051s][debug][gc,nmethod     ] Register NMethod: java.io.OutputStream.<init> (0x00007a501ba09888) [0x00007a501ba09980, 0x00007a501ba09ad8] Compiler: c1, Barriers: 0, Oops: 0, ImmediateOops: 0, NonImmediateOops: No
[2,052s][debug][gc,nmethod     ] Register NMethod: jdk.internal.foreign.AbstractMemorySegmentImpl.copy (0x00007a501ba09b88) [0x00007a501ba09c80, 0x00007a501ba11868] Compiler: c1, Barriers: 10, Oops: 3, ImmediateOops: 15, NonImmediateOops: No
[2,052s][debug][gc,nmethod     ] Register NMethod: java.lang.foreign.MemorySegment.copy (0x00007a501ba11888) [0x00007a501ba11980, 0x00007a501ba19970] Compiler: c1, Barriers: 10, Oops: 3, ImmediateOops: 15, NonImmediateOops: No
[2,053s][debug][gc,nmethod     ] Register NMethod: java.util.concurrent.locks.AbstractQueuedSynchronizer.release (0x00007a501ba19a08) [0x00007a501ba19b00, 0x00007a501ba1a938] Compiler: c1, Barriers: 3, Oops: 0, ImmediateOops: 2, NonImmediateOops: No
[2,054s][debug][gc,nmethod     ] Register NMethod: java.util.concurrent.locks.ReentrantLock$Sync.tryRelease (0x00007a501ba1a988) [0x00007a501ba1aa80, 0x00007a501ba1b580] Compiler: c1, Barriers: 5, Oops: 0, ImmediateOops: 0, NonImmediateOops: No
[2,055s][debug][gc,nmethod     ] Register NMethod: java.lang.StringLatin1.getChars (0x00007a501ba1b588) [0x00007a501ba1b680, 0x00007a501ba1b7a0] Compiler: c1, Barriers: 0, Oops: 0, ImmediateOops: 0, NonImmediateOops: No
[2,055s][debug][gc,nmethod     ] Register NMethod: sun.nio.cs.StreamEncoder.write (0x00007a501ba1b888) [0x00007a501ba1b980, 0x00007a501ba1c018] Compiler: c1, Barriers: 0, Oops: 0, ImmediateOops: 0, NonImmediateOops: No
[2,055s][debug][gc,nmethod     ] Register NMethod: java.lang.String.getChars (0x00007a501ba1c088) [0x00007a501ba1c180, 0x00007a501ba1cdc0] Compiler: c1, Barriers: 1, Oops: 1, ImmediateOops: 2, NonImmediateOops: No
[2,055s][debug][gc,nmethod     ] Register NMethod: java.util.concurrent.atomic.AtomicReference.get (0x00007a503acb2908) [0x00007a503acb2a00, 0x00007a503acb2ae8] Compiler: c1, Barriers: 1, Oops: 0, ImmediateOops: 0, NonImmediateOops: No
[2,055s][debug][gc,nmethod     ] Register NMethod: com.google.gson.stream.JsonWriter.string (0x00007a501ba1ce08) [0x00007a501ba1cf00, 0x00007a501ba1f2c8] Compiler: c1, Barriers: 10, Oops: 2, ImmediateOops: 6, NonImmediateOops: No
[2,055s][debug][gc,nmethod     ] Register NMethod: sun.nio.fs.UnixPath.getByteArrayForSysCalls (0x00007a501ba1f308) [0x00007a501ba1f400, 0x00007a501ba1fbf8] Compiler: c1, Barriers: 4, Oops: 0, ImmediateOops: 0, NonImmediateOops: No
[2,056s][debug][gc,nmethod     ] Register NMethod: com.google.gson.stream.JsonReader.nextQuotedValue (0x00007a501ba1fc08) [0x00007a501ba1fd00, 0x00007a501ba22260] Compiler: c1, Barriers: 1, Oops: 2, ImmediateOops: 3, NonImmediateOops: No
[2,056s][debug][gc,nmethod     ] Register NMethod: io.sirix.page.PageReference.getPage (0x00007a503acb2c08) [0x00007a503acb2d00, 0x00007a503acb2de8] Compiler: c1, Barriers: 1, Oops: 1, ImmediateOops: 0, NonImmediateOops: No
[2,056s][debug][gc,nmethod     ] Register NMethod: java.lang.Long.bitCount (0x00007a501ba22288) [0x00007a501ba22380, 0x00007a501ba224e8] Compiler: c1, Barriers: 0, Oops: 0, ImmediateOops: 0, NonImmediateOops: No
[2,056s][debug][gc,nmethod     ] Register NMethod: io.sirix.page.RevisionRootPage.getRevision (0x00007a503acb2f08) [0x00007a503acb3000, 0x00007a503acb30c0] Compiler: c1, Barriers: 0, Oops: 1, ImmediateOops: 0, NonImmediateOops: No
[2,057s][debug][gc,nmethod     ] Register NMethod: sun.nio.fs.NativeBuffer.release (0x00007a501ba22588) [0x00007a501ba22680, 0x00007a501ba227b0] Compiler: c1, Barriers: 0, Oops: 0, ImmediateOops: 0, NonImmediateOops: No
[2,057s][debug][gc,nmethod     ] Register NMethod: sun.nio.fs.NativeBuffer.close (0x00007a501ba22888) [0x00007a501ba22980, 0x00007a501ba22b20] Compiler: c1, Barriers: 0, Oops: 0, ImmediateOops: 0, NonImmediateOops: No
[2,057s][debug][gc,nmethod     ] Register NMethod: sun.nio.fs.UnixNativeDispatcher.copyToNativeBuffer (0x00007a501ba22b88) [0x00007a501ba22c80, 0x00007a501ba23130] Compiler: c1, Barriers: 4, Oops: 0, ImmediateOops: 0, NonImmediateOops: No
[2,057s][debug][gc,nmethod     ] Register NMethod: sun.nio.fs.NativeBuffers.getNativeBufferFromCache (0x00007a501ba23188) [0x00007a501ba23280, 0x00007a501ba23e88] Compiler: c1, Barriers: 4, Oops: 1, ImmediateOops: 2, NonImmediateOops: No
[2,057s][debug][gc,nmethod     ] Register NMethod: net.jpountz.xxhash.XXHashJNI.XXH32_init (0x00007a503acb3208) [0x00007a503acb3300, 0x00007a503acb3468] Compiler: , Barriers: 0, Oops: 1, ImmediateOops: 1, NonImmediateOops: No
[2,057s][debug][gc,nmethod     ] Register NMethod: java.lang.Long.hashCode (0x00007a503acb3508) [0x00007a503acb3600, 0x00007a503acb3670] Compiler: jvmci, Barriers: 0, Oops: 0, ImmediateOops: 0, NonImmediateOops: No
[2,057s][debug][gc,director    ] Rule Major: Warmup 10%, Used: 290MB, UsedThreshold: 1228MB
[2,059s][debug][gc,nmethod     ] Register NMethod: jdk.internal.foreign.HeapMemorySegmentImpl.unsafeGetOffset (0x00007a503acb3808) [0x00007a503acb3900, 0x00007a503acb39c0] Compiler: c1, Barriers: 0, Oops: 0, ImmediateOops: 0, NonImmediateOops: No
[2,059s][debug][gc,nmethod     ] Register NMethod: jdk.internal.foreign.Utils.checkNonNegativeIndex (0x00007a501ba23f08) [0x00007a501ba24000, 0x00007a501ba251c8] Compiler: c1, Barriers: 0, Oops: 2, ImmediateOops: 3, NonImmediateOops: No
[2,059s][debug][gc,nmethod     ] Register NMethod: java.util.BitSet.cardinality (0x00007a501ba25208) [0x00007a501ba25300, 0x00007a501ba25560] Compiler: c1, Barriers: 1, Oops: 0, ImmediateOops: 0, NonImmediateOops: No
[2,060s][debug][gc,nmethod     ] Register NMethod: sun.security.provider.SHA2.implCompress0 (0x00007a501ba25588) [0x00007a501ba25680, 0x00007a501ba26330] Compiler: c1, Barriers: 8, Oops: 0, ImmediateOops: 1, NonImmediateOops: No
[2,060s][debug][gc,nmethod     ] Register NMethod: io.sirix.page.PageReference.getHash (0x00007a503acb3b08) [0x00007a503acb3c00, 0x00007a503acb3ce8] Compiler: c1, Barriers: 1, Oops: 1, ImmediateOops: 0, NonImmediateOops: No
[2,060s][debug][gc,nmethod     ] Register NMethod: jdk.internal.foreign.SegmentFactories.initNativeMemory (0x00007a503acb3e08) [0x00007a503acb3f00, 0x00007a503acb41a8] Compiler: jvmci, Barriers: 0, Oops: 0, ImmediateOops: 0, NonImmediateOops: No
[2,060s][debug][gc,nmethod     ] Register NMethod: sun.nio.fs.NativeBuffers.releaseNativeBuffer (0x00007a501ba26388) [0x00007a501ba26480, 0x00007a501ba299b8] Compiler: c1, Barriers: 15, Oops: 2, ImmediateOops: 7, NonImmediateOops: No
[2,060s][debug][gc,nmethod     ] Register NMethod: jdk.internal.misc.Unsafe.getReferenceAcquire (0x00007a503acb4208) [0x00007a503acb4300, 0x00007a503acb43b0] Compiler: jvmci, Barriers: 1, Oops: 0, ImmediateOops: 0, NonImmediateOops: No
[2,060s][debug][gc,nmethod     ] Register NMethod: java.util.concurrent.atomic.AtomicLong.incrementAndGet (0x00007a501ba29a08) [0x00007a501ba29b00, 0x00007a501ba29c18] Compiler: c1, Barriers: 0, Oops: 0, ImmediateOops: 0, NonImmediateOops: No
[2,061s][debug][gc,nmethod     ] Register NMethod: io.sirix.cache.PageContainer.getComplete (0x00007a503acb4508) [0x00007a503acb4600, 0x00007a503acb46e8] Compiler: c1, Barriers: 1, Oops: 1, ImmediateOops: 0, NonImmediateOops: No
[2,061s][debug][gc,nmethod     ] Register NMethod: java.nio.channels.spi.AbstractInterruptibleChannel.isOpen (0x00007a501ba29d08) [0x00007a501ba29e00, 0x00007a501ba29f50] Compiler: c1, Barriers: 0, Oops: 0, ImmediateOops: 0, NonImmediateOops: No
[2,061s][debug][gc,nmethod     ] Register NMethod: sun.security.provider.DigestBase.engineGetDigestLength (0x00007a503acb4808) [0x00007a503acb4900, 0x00007a503acb49c0] Compiler: c1, Barriers: 0, Oops: 0, ImmediateOops: 0, NonImmediateOops: No
[2,061s][debug][gc,nmethod     ] Register NMethod: sun.nio.ch.NativeThread.current0 (0x00007a503acb4b08) [0x00007a503acb4c00, 0x00007a503acb4d58] Compiler: , Barriers: 0, Oops: 0, ImmediateOops: 1, NonImmediateOops: No
[2,061s][debug][gc,nmethod     ] Register NMethod: io.sirix.access.trx.node.AbstractResourceSession.assertNotClosed (0x00007a501ba2a008) [0x00007a501ba2a100, 0x00007a501ba2a308] Compiler: c1, Barriers: 0, Oops: 1, ImmediateOops: 1, NonImmediateOops: No
[2,063s][debug][gc,nmethod     ] Register NMethod: java.lang.Thread.blockedOn (0x00007a501ba2a388) [0x00007a501ba2a480, 0x00007a501ba2a7b8] Compiler: c1, Barriers: 4, Oops: 0, ImmediateOops: 0, NonImmediateOops: No
[2,063s][debug][gc,nmethod     ] Register NMethod: java.lang.System$1.blockedOn (0x00007a501ba2a808) [0x00007a501ba2a900, 0x00007a501ba2aea0] Compiler: c1, Barriers: 5, Oops: 0, ImmediateOops: 0, NonImmediateOops: No
[2,063s][debug][gc,nmethod     ] Register NMethod: java.nio.channels.spi.AbstractInterruptibleChannel.blockedOn (0x00007a501ba2af08) [0x00007a501ba2b000, 0x00007a501ba2b6c0] Compiler: c1, Barriers: 6, Oops: 0, ImmediateOops: 1, NonImmediateOops: No
[2,065s][debug][gc,nmethod     ] Register NMethod: java.nio.file.Files.provider (0x00007a501ba2b708) [0x00007a501ba2b800, 0x00007a501ba2bbd8] Compiler: c1, Barriers: 2, Oops: 0, ImmediateOops: 0, NonImmediateOops: No
[2,065s][debug][gc,nmethod     ] Register NMethod: com.google.gson.stream.JsonWriter.replaceTop (0x00007a501ba2bc08) [0x00007a501ba2bd00, 0x00007a501ba2be60] Compiler: c1, Barriers: 1, Oops: 1, ImmediateOops: 0, NonImmediateOops: No
[2,065s][debug][gc,nmethod     ] Register NMethod: com.google.gson.stream.JsonWriter.peek (0x00007a501ba2bf08) [0x00007a501ba2c000, 0x00007a501ba2c268] Compiler: c1, Barriers: 1, Oops: 1, ImmediateOops: 1, NonImmediateOops: No
[2,066s][debug][gc,nmethod     ] Register NMethod: io.sirix.page.PageReference.getPageFragments (0x00007a503acb4e08) [0x00007a503acb4f00, 0x00007a503acb4fe8] Compiler: c1, Barriers: 1, Oops: 1, ImmediateOops: 0, NonImmediateOops: No
[2,066s][debug][gc,nmethod     ] Register NMethod: io.sirix.page.AbstractForwardingPage.getOrCreateReference (0x00007a501ba2c288) [0x00007a501ba2c380, 0x00007a501ba2c890] Compiler: c1, Barriers: 0, Oops: 1, ImmediateOops: 0, NonImmediateOops: No
[2,067s][debug][gc,nmethod     ] Register NMethod: java.lang.invoke.VarHandleGuards.guard_LI_I (0x00007a503acb5108) [0x00007a503acb5200, 0x00007a503acb5938] Compiler: jvmci, Barriers: 23, Oops: 0, ImmediateOops: 5, NonImmediateOops: No
[2,067s][debug][gc,nmethod     ] Register NMethod: it.unimi.dsi.fastutil.shorts.ShortArrayList$1.hasNext (0x00007a501ba2c908) [0x00007a501ba2ca00, 0x00007a501ba2cb90] Compiler: c1, Barriers: 1, Oops: 1, ImmediateOops: 0, NonImmediateOops: No
[2,067s][debug][gc,nmethod     ] Register NMethod: org.magicwerk.brownies.collections.GapList.doGet (0x00007a501ba2cc08) [0x00007a501ba2cd00, 0x00007a501ba2d038] Compiler: c1, Barriers: 2, Oops: 1, ImmediateOops: 0, NonImmediateOops: No
[2,067s][debug][gc,nmethod     ] Register NMethod: org.magicwerk.brownies.collections.GapList.get (0x00007a501ba2d088) [0x00007a501ba2d180, 0x00007a501ba2eb78] Compiler: c1, Barriers: 0, Oops: 4, ImmediateOops: 4, NonImmediateOops: No
[2,068s][debug][gc,nmethod     ] Register NMethod: jdk.internal.foreign.SegmentFactories.ensureInitialized (0x00007a501ba2ec08) [0x00007a501ba2ed00, 0x00007a501ba2ede0] Compiler: c1, Barriers: 0, Oops: 0, ImmediateOops: 0, NonImmediateOops: No
[2,068s][debug][gc,director    ] Rule Major: Warmup 10%, Used: 290MB, UsedThreshold: 1228MB
[2,068s][debug][gc,nmethod     ] Register NMethod: jdk.internal.misc.Unsafe.putLongUnaligned (0x00007a501ba2ef08) [0x00007a501ba2f000, 0x00007a501ba2f208] Compiler: c1, Barriers: 0, Oops: 0, ImmediateOops: 0, NonImmediateOops: No
[2,068s][debug][gc,nmethod     ] Register NMethod: net.jpountz.xxhash.StreamingXXHash32JNI.checkState (0x00007a501ba2f288) [0x00007a501ba2f380, 0x00007a501ba2f590] Compiler: c1, Barriers: 0, Oops: 1, ImmediateOops: 1, NonImmediateOops: No
[2,069s][debug][gc,nmethod     ] Register NMethod: java.util.concurrent.ForkJoinPool.slotOffset (0x00007a503acb5988) [0x00007a503acb5a80, 0x00007a503acb5af0] Compiler: jvmci, Barriers: 0, Oops: 0, ImmediateOops: 0, NonImmediateOops: No
[2,069s][debug][gc,nmethod     ] Register NMethod: io.sirix.node.GrowingMemorySegment.write (0x00007a501ba2f608) [0x00007a501ba2f700, 0x00007a501ba35298] Compiler: c1, Barriers: 7, Oops: 6, ImmediateOops: 13, NonImmediateOops: No
[2,069s][debug][gc,nmethod     ] Register NMethod: com.google.gson.stream.JsonReader.doPeek (0x00007a501ba35308) [0x00007a501ba35400, 0x00007a501ba43388] Compiler: c1, Barriers: 4, Oops: 8, ImmediateOops: 33, NonImmediateOops: No
[2,070s][debug][gc,nmethod     ] Register NMethod: jdk.internal.foreign.SegmentFactories.initNativeMemory (0x00007a503acb5c88) [0x00007a503acb5d80, 0x00007a503acb5f28] Compiler: jvmci, Barriers: 0, Oops: 0, ImmediateOops: 0, NonImmediateOops: No
[2,070s][debug][gc,nmethod     ] Register NMethod: jdk.internal.misc.ScopedMemoryAccess.putLongUnalignedInternal (0x00007a501ba43408) [0x00007a501ba43500, 0x00007a501ba43c88] Compiler: c1, Barriers: 2, Oops: 0, ImmediateOops: 3, NonImmediateOops: No
[2,070s][debug][gc,nmethod     ] Register NMethod: net.jpountz.util.SafeUtils.checkRange (0x00007a501ba43d08) [0x00007a501ba43e00, 0x00007a501ba44338] Compiler: c1, Barriers: 0, Oops: 1, ImmediateOops: 1, NonImmediateOops: No
[2,070s][debug][gc,nmethod     ] Register NMethod: java.lang.invoke.MethodHandle.invokeBasic (0x00007a503acb5f88) [0x00007a503acb6080, 0x00007a503acb6318] Compiler: , Barriers: 0, Oops: 0, ImmediateOops: 0, NonImmediateOops: No
[2,070s][debug][gc,nmethod     ] Register NMethod: io.sirix.node.xml.XmlDocumentRootNode.structDelegate (0x00007a503acb6388) [0x00007a503acb6480, 0x00007a503acb6568] Compiler: c1, Barriers: 1, Oops: 1, ImmediateOops: 0, NonImmediateOops: No
[2,070s][debug][gc,nmethod     ] Register NMethod: jdk.internal.misc.ScopedMemoryAccess.putLongUnaligned (0x00007a501ba44388) [0x00007a501ba44480, 0x00007a501ba45308] Compiler: c1, Barriers: 3, Oops: 0, ImmediateOops: 3, NonImmediateOops: No
[2,070s][debug][gc,nmethod     ] Register NMethod: net.jpountz.util.SafeUtils.checkLength (0x00007a501ba45388) [0x00007a501ba45480, 0x00007a501ba45658] Compiler: c1, Barriers: 0, Oops: 1, ImmediateOops: 1, NonImmediateOops: No
[2,070s][debug][gc,nmethod     ] Register NMethod: java.util.concurrent.ConcurrentHashMap$Traverser.<init> (0x00007a501ba45688) [0x00007a501ba45780, 0x00007a501ba459e0] Compiler: c1, Barriers: 6, Oops: 0, ImmediateOops: 0, NonImmediateOops: No
[2,071s][debug][gc,nmethod     ] Register NMethod: java.lang.invoke.VarHandleGuards.guard_LJ_I (0x00007a501ba45a08) [0x00007a501ba45b00, 0x00007a501ba489c0] Compiler: c1, Barriers: 28, Oops: 0, ImmediateOops: 2, NonImmediateOops: No
[2,071s][debug][gc,nmethod     ] Register NMethod: java.io.OutputStream.flush (0x00007a501ba48a08) [0x00007a501ba48b00, 0x00007a501ba48c00] Compiler: c1, Barriers: 0, Oops: 0, ImmediateOops: 0, NonImmediateOops: No
[2,071s][debug][gc,nmethod     ] Register NMethod: io.sirix.page.PageReference.getKey (0x00007a503acb6688) [0x00007a503acb6780, 0x00007a503acb6840] Compiler: c1, Barriers: 0, Oops: 1, ImmediateOops: 0, NonImmediateOops: No
[2,072s][debug][gc,nmethod     ] Register NMethod: jdk.internal.misc.Unsafe.convEndian (0x00007a503acb6988) [0x00007a503acb6a80, 0x00007a503acb6b18] Compiler: jvmci, Barriers: 0, Oops: 0, ImmediateOops: 0, NonImmediateOops: No
[2,073s][debug][gc,nmethod     ] Register NMethod: java.io.ByteArrayInputStream.read (0x00007a501ba48d08) [0x00007a501ba48e00, 0x00007a501ba494e8] Compiler: c1, Barriers: 1, Oops: 0, ImmediateOops: 0, NonImmediateOops: No
[2,075s][debug][gc,nmethod     ] Register NMethod: io.sirix.page.PageKind$1.serializePage (0x00007a501ba49508) [0x00007a501ba49600, 0x00007a501ba57350] Compiler: c1, Barriers: 65, Oops: 7, ImmediateOops: 10, NonImmediateOops: No
[2,077s][debug][gc,nmethod     ] Register NMethod: java.io.OutputStreamWriter.write (0x00007a501ba57408) [0x00007a501ba57500, 0x00007a501ba57830] Compiler: c1, Barriers: 1, Oops: 0, ImmediateOops: 0, NonImmediateOops: No
[2,077s][debug][gc,nmethod     ] Register NMethod: jdk.internal.misc.Unsafe.putByte (0x00007a501ba57888) [0x00007a501ba57980, 0x00007a501ba57a90] Compiler: c1, Barriers: 0, Oops: 0, ImmediateOops: 0, NonImmediateOops: No
[2,077s][debug][gc,nmethod     ] Register NMethod: java.io.FileDescriptor.<init> (0x00007a501ba57b88) [0x00007a501ba57c80, 0x00007a501ba57df0] Compiler: c1, Barriers: 0, Oops: 0, ImmediateOops: 0, NonImmediateOops: No
[2,078s][debug][gc,director    ] Rule Major: Warmup 10%, Used: 292MB, UsedThreshold: 1228MB
[2,078s][debug][gc,nmethod     ] Register NMethod: java.util.BitSet.size (0x00007a501ba57e88) [0x00007a501ba57f80, 0x00007a501ba580b8] Compiler: c1, Barriers: 1, Oops: 0, ImmediateOops: 0, NonImmediateOops: No
[2,078s][debug][gc,nmethod     ] Register NMethod: jdk.internal.misc.Unsafe.getAndAddInt (0x00007a501ba58188) [0x00007a501ba58280, 0x00007a501ba58658] Compiler: c1, Barriers: 0, Oops: 0, ImmediateOops: 0, NonImmediateOops: No
[2,078s][debug][gc,nmethod     ] Register NMethod: java.util.concurrent.ConcurrentHashMap.remove (0x00007a501ba58688) [0x00007a501ba58780, 0x00007a501ba58a90] Compiler: c1, Barriers: 0, Oops: 0, ImmediateOops: 0, NonImmediateOops: No
[2,078s][debug][gc,nmethod     ] Rebuilding NMethod Table: 4096->4096 entries, 2639(64%->64%) registered, 229(6%->0%) unregistered
[2,078s][debug][gc,nmethod     ] Register NMethod: io.sirix.page.delegates.BitmapReferencesPage.getOrCreateReference (0x00007a501ba58b08) [0x00007a501ba58c00, 0x00007a501ba592b8] Compiler: c1, Barriers: 2, Oops: 1, ImmediateOops: 0, NonImmediateOops: No
[2,078s][debug][gc,nmethod     ] Register NMethod: java.util.BitSet.and (0x00007a501ba59308) [0x00007a501ba59400, 0x00007a501ba59850] Compiler: c1, Barriers: 3, Oops: 0, ImmediateOops: 0, NonImmediateOops: No
[2,078s][debug][gc,nmethod     ] Register NMethod: java.util.BitSet.checkRange (0x00007a501ba59888) [0x00007a501ba59980, 0x00007a501ba5c308] Compiler: c1, Barriers: 0, Oops: 4, ImmediateOops: 7, NonImmediateOops: No
[2,078s][debug][gc,nmethod     ] Register NMethod: it.unimi.dsi.fastutil.HashCommon.mix (0x00007a501ba5c388) [0x00007a501ba5c480, 0x00007a501ba5c570] Compiler: c1, Barriers: 0, Oops: 1, ImmediateOops: 0, NonImmediateOops: No
[2,078s][debug][gc,nmethod     ] Register NMethod: java.util.BitSet.clear (0x00007a501ba5c688) [0x00007a501ba5c780, 0x00007a501ba5c980] Compiler: c1, Barriers: 1, Oops: 0, ImmediateOops: 0, NonImmediateOops: No
[2,079s][debug][gc,nmethod     ] Register NMethod: io.sirix.page.delegates.BitmapReferencesPage.index (0x00007a501ba5c988) [0x00007a501ba5ca80, 0x00007a501ba5d008] Compiler: c1, Barriers: 4, Oops: 1, ImmediateOops: 0, NonImmediateOops: No
[2,079s][debug][gc,nmethod     ] Register NMethod: io.sirix.access.trx.node.AbstractResourceSession.getResourceConfig (0x00007a501ba5d088) [0x00007a501ba5d180, 0x00007a501ba5d420] Compiler: c1, Barriers: 1, Oops: 1, ImmediateOops: 1, NonImmediateOops: No
[2,079s][debug][gc,nmethod     ] Register NMethod: io.sirix.page.PageReference.hashCode (0x00007a501ba5d488) [0x00007a501ba5d580, 0x00007a501ba5e600] Compiler: c1, Barriers: 13, Oops: 1, ImmediateOops: 1, NonImmediateOops: No
[2,079s][debug][gc,nmethod     ] Register NMethod: java.util.BitSet.flip (0x00007a501ba5e688) [0x00007a501ba5e780, 0x00007a501ba5ed88] Compiler: c1, Barriers: 2, Oops: 0, ImmediateOops: 0, NonImmediateOops: No
[2,079s][debug][gc,nmethod     ] Register NMethod: java.lang.Short.shortValue (0x00007a503acb6c88) [0x00007a503acb6d80, 0x00007a503acb6e48] Compiler: c1, Barriers: 0, Oops: 0, ImmediateOops: 0, NonImmediateOops: No
[2,079s][debug][gc,nmethod     ] Register NMethod: java.io.FileDescriptor.valid (0x00007a501ba5ee08) [0x00007a501ba5ef00, 0x00007a501ba5f088] Compiler: c1, Barriers: 0, Oops: 0, ImmediateOops: 0, NonImmediateOops: No
[2,079s][debug][gc,nmethod     ] Register NMethod: java.util.concurrent.atomic.AtomicLong.compareAndSet (0x00007a501ba5f108) [0x00007a501ba5f200, 0x00007a501ba5f320] Compiler: c1, Barriers: 0, Oops: 0, ImmediateOops: 0, NonImmediateOops: No
[2,079s][debug][gc,nmethod     ] Register NMethod: jdk.internal.foreign.MemorySessionImpl.<init> (0x00007a501ba5f408) [0x00007a501ba5f500, 0x00007a501ba5f748] Compiler: c1, Barriers: 6, Oops: 0, ImmediateOops: 0, NonImmediateOops: No
[2,080s][debug][gc,nmethod     ] Register NMethod: jdk.internal.misc.Unsafe.allocateMemoryChecks (0x00007a501ba5f788) [0x00007a501ba5f880, 0x00007a501ba5fb38] Compiler: c1, Barriers: 0, Oops: 0, ImmediateOops: 0, NonImmediateOops: No
[2,080s][debug][gc,nmethod     ] Register NMethod: jdk.internal.misc.Unsafe.alignToHeapWordSize (0x00007a501ba5fb88) [0x00007a501ba5fc80, 0x00007a501ba5fef0] Compiler: c1, Barriers: 0, Oops: 0, ImmediateOops: 0, NonImmediateOops: No
[2,080s][debug][gc,nmethod     ] Register NMethod: java.util.concurrent.ConcurrentHashMap.replaceNode (0x00007a501ba5ff08) [0x00007a501ba60000, 0x00007a501ba62388] Compiler: c1, Barriers: 18, Oops: 0, ImmediateOops: 1, NonImmediateOops: No
[2,081s][debug][gc,nmethod     ] Register NMethod: jdk.internal.foreign.AbstractMemorySegmentImpl.get (0x00007a501ba62408) [0x00007a501ba62500, 0x00007a501ba65e30] Compiler: c1, Barriers: 27, Oops: 5, ImmediateOops: 12, NonImmediateOops: No
[2,081s][debug][gc,nmethod     ] Register NMethod: jdk.internal.util.Preconditions.checkFromIndexSize (0x00007a503acb6f88) [0x00007a503acb7080, 0x00007a503acb7130] Compiler: jvmci, Barriers: 0, Oops: 0, ImmediateOops: 0, NonImmediateOops: No
[2,081s][debug][gc,nmethod     ] Register NMethod: jdk.internal.misc.Unsafe.allocateMemory (0x00007a501ba65e88) [0x00007a501ba65f80, 0x00007a501ba67230] Compiler: c1, Barriers: 0, Oops: 2, ImmediateOops: 3, NonImmediateOops: No
[2,081s][debug][gc,nmethod     ] Register NMethod: jdk.internal.misc.VM.isDirectMemoryPageAligned (0x00007a501ba67288) [0x00007a501ba67380, 0x00007a501ba67660] Compiler: c1, Barriers: 0, Oops: 0, ImmediateOops: 1, NonImmediateOops: No
[2,081s][debug][gc,nmethod     ] Register NMethod: java.lang.invoke.VarHandleSegmentAsInts.get (0x00007a501ba67688) [0x00007a501ba67780, 0x00007a501ba6c9a8] Compiler: c1, Barriers: 24, Oops: 2, ImmediateOops: 6, NonImmediateOops: No
[2,081s][debug][gc,nmethod     ] Register NMethod: jdk.internal.misc.Unsafe.putShortUnaligned (0x00007a501ba6ca08) [0x00007a501ba6cb00, 0x00007a501ba6ccc8] Compiler: c1, Barriers: 0, Oops: 0, ImmediateOops: 0, NonImmediateOops: No
[2,081s][debug][gc,nmethod     ] Register NMethod: io.sirix.node.MemorySegmentBytesOut.writePosition (0x00007a501ba6cd08) [0x00007a501ba6ce00, 0x00007a501ba6cfd8] Compiler: c1, Barriers: 1, Oops: 1, ImmediateOops: 0, NonImmediateOops: No
[2,081s][debug][gc,nmethod     ] Register NMethod: jdk.internal.misc.Unsafe.putShortUnaligned (0x00007a501ba6d008) [0x00007a501ba6d100, 0x00007a501ba6d330] Compiler: c1, Barriers: 0, Oops: 0, ImmediateOops: 0, NonImmediateOops: No
[2,081s][debug][gc,nmethod     ] Register NMethod: io.sirix.node.MemorySegmentBytesOut.position (0x00007a501ba6d388) [0x00007a501ba6d480, 0x00007a501ba6d5e0] Compiler: c1, Barriers: 1, Oops: 1, ImmediateOops: 0, NonImmediateOops: No
[2,082s][debug][gc,nmethod     ] Register NMethod: java.lang.invoke.VarHandleSegmentAsInts.get (0x00007a501ba6d688) [0x00007a501ba6d780, 0x00007a501ba72c20] Compiler: c1, Barriers: 24, Oops: 2, ImmediateOops: 6, NonImmediateOops: No
[2,082s][debug][gc,nmethod     ] Register NMethod: it.unimi.dsi.fastutil.shorts.ShortArrayList.size (0x00007a503acb7288) [0x00007a503acb7380, 0x00007a503acb7440] Compiler: c1, Barriers: 0, Oops: 1, ImmediateOops: 0, NonImmediateOops: No
[2,082s][debug][gc,nmethod     ] Register NMethod: jdk.internal.foreign.NativeMemorySegmentImpl.isNative (0x00007a503acb7588) [0x00007a503acb7680, 0x00007a503acb7740] Compiler: c1, Barriers: 0, Oops: 0, ImmediateOops: 0, NonImmediateOops: No
[2,082s][debug][gc,nmethod     ] Register NMethod: jdk.internal.foreign.NativeMemorySegmentImpl.address (0x00007a503acb7888) [0x00007a503acb7980, 0x00007a503acb7a40] Compiler: c1, Barriers: 0, Oops: 0, ImmediateOops: 0, NonImmediateOops: No
[2,082s][debug][gc,nmethod     ] Register NMethod: java.nio.MappedByteBuffer.position (0x00007a501ba72c88) [0x00007a501ba72d80, 0x00007a501ba72f20] Compiler: c1, Barriers: 0, Oops: 0, ImmediateOops: 0, NonImmediateOops: No
[2,084s][debug][gc,nmethod     ] Register NMethod: java.lang.invoke.VarHandleReferences$FieldInstanceReadWrite.compareAndSet (0x00007a503acb7b88) [0x00007a503acb7c80, 0x00007a503acb83b8] Compiler: jvmci, Barriers: 7, Oops: 0, ImmediateOops: 0, NonImmediateOops: No
[2,084s][debug][gc,nmethod     ] Register NMethod: jdk.internal.foreign.AbstractMemorySegmentImpl.copy (0x00007a501ba72f88) [0x00007a501ba73080, 0x00007a501ba7bc58] Compiler: c1, Barriers: 10, Oops: 6, ImmediateOops: 18, NonImmediateOops: No
[2,084s][debug][gc,nmethod     ] Register NMethod: java.lang.foreign.MemorySegment.copy (0x00007a501ba7bd08) [0x00007a501ba7be00, 0x00007a501ba84de8] Compiler: c1, Barriers: 10, Oops: 6, ImmediateOops: 18, NonImmediateOops: No
[2,085s][debug][gc,nmethod     ] Register NMethod: java.util.concurrent.locks.ReentrantLock.unlock (0x00007a501ba84e88) [0x00007a501ba84f80, 0x00007a501ba85598] Compiler: c1, Barriers: 2, Oops: 0, ImmediateOops: 0, NonImmediateOops: No
[2,085s][debug][gc,nmethod     ] Register NMethod: java.util.concurrent.locks.ReentrantLock$NonfairSync.initialTryLock (0x00007a501ba85608) [0x00007a501ba85700, 0x00007a501ba863f0] Compiler: c1, Barriers: 5, Oops: 0, ImmediateOops: 1, NonImmediateOops: No
[2,086s][debug][gc,nmethod     ] Register NMethod: io.sirix.page.PageKind$1.serializePage (0x00007a501ba86408) [0x00007a501ba86500, 0x00007a501ba94070] Compiler: c1, Barriers: 65, Oops: 7, ImmediateOops: 10, NonImmediateOops: No
[2,086s][debug][gc,nmethod     ] Register NMethod: java.lang.invoke.MethodHandleImpl.makeConstantReturning (0x00007a501ba94108) [0x00007a501ba94200, 0x00007a501ba96898] Compiler: c1, Barriers: 0, Oops: 0, ImmediateOops: 3, NonImmediateOops: No
[2,086s][debug][gc,nmethod     ] Register NMethod: java.lang.invoke.InnerClassLambdaMetafactory$3.accept (0x00007a501ba96908) [0x00007a501ba96a00, 0x00007a501ba98788] Compiler: c1, Barriers: 13, Oops: 0, ImmediateOops: 4, NonImmediateOops: No
[2,087s][debug][gc,nmethod     ] Register NMethod: sun.nio.fs.UnixPath.resolve (0x00007a501ba98808) [0x00007a501ba98900, 0x00007a501ba98a48] Compiler: c1, Barriers: 0, Oops: 0, ImmediateOops: 0, NonImmediateOops: No
[2,087s][debug][gc,nmethod     ] Register NMethod: io.sirix.access.ResourceConfiguration$ResourcePaths.getPath (0x00007a503acb8408) [0x00007a503acb8500, 0x00007a503acb85e8] Compiler: c1, Barriers: 1, Oops: 1, ImmediateOops: 0, NonImmediateOops: No
[2,087s][debug][gc,nmethod     ] Register NMethod: sun.nio.fs.UnixFileSystem.normalizeNativePath (0x00007a501ba98b08) [0x00007a501ba98c00, 0x00007a501ba98d00] Compiler: c1, Barriers: 0, Oops: 0, ImmediateOops: 0, NonImmediateOops: No
[2,087s][debug][gc,nmethod     ] Register NMethod: sun.nio.fs.UnixPath.<init> (0x00007a501ba98e08) [0x00007a501ba98f00, 0x00007a501ba99228] Compiler: c1, Barriers: 6, Oops: 0, ImmediateOops: 0, NonImmediateOops: No
[2,087s][debug][gc,nmethod     ] Register NMethod: sun.nio.fs.Util.jnuEncoding (0x00007a501ba99288) [0x00007a501ba99380, 0x00007a501ba99468] Compiler: c1, Barriers: 0, Oops: 0, ImmediateOops: 1, NonImmediateOops: No
[2,087s][debug][gc,nmethod     ] Register NMethod: sun.nio.fs.UnixPath.resolve (0x00007a501ba99588) [0x00007a501ba99680, 0x00007a501ba9a328] Compiler: c1, Barriers: 9, Oops: 0, ImmediateOops: 0, NonImmediateOops: No
[2,087s][debug][gc,nmethod     ] Register NMethod: sun.nio.fs.UnixPath.resolve (0x00007a501ba9a388) [0x00007a501ba9a480, 0x00007a501ba9aa48] Compiler: c1, Barriers: 0, Oops: 0, ImmediateOops: 0, NonImmediateOops: No
[2,087s][debug][gc,nmethod     ] Register NMethod: sun.nio.fs.Util.followLinks (0x00007a501ba9aa88) [0x00007a501ba9ab80, 0x00007a501ba9afd0] Compiler: c1, Barriers: 2, Oops: 0, ImmediateOops: 1, NonImmediateOops: No
[2,087s][debug][gc,nmethod     ] Register NMethod: java.util.concurrent.ConcurrentHashMap.sumCount (0x00007a501ba9b008) [0x00007a501ba9b100, 0x00007a501ba9b390] Compiler: c1, Barriers: 2, Oops: 0, ImmediateOops: 0, NonImmediateOops: No
[2,087s][debug][gc,nmethod     ] Register NMethod: sun.nio.fs.UnixPath.encode (0x00007a501ba9b408) [0x00007a501ba9b500, 0x00007a501ba9c5d0] Compiler: c1, Barriers: 1, Oops: 2, ImmediateOops: 3, NonImmediateOops: No
[2,088s][debug][gc,nmethod     ] Register NMethod: sun.nio.fs.UnixFileSystem.getPath (0x00007a501ba9c608) [0x00007a501ba9c700, 0x00007a501ba9e030] Compiler: c1, Barriers: 8, Oops: 0, ImmediateOops: 1, NonImmediateOops: No
[2,088s][debug][gc,director    ] Rule Major: Warmup 10%, Used: 294MB, UsedThreshold: 1228MB
[2,089s][debug][gc,nmethod     ] Register NMethod: jdk.internal.classfile.impl.StackMapGenerator$Type.referenceType (0x00007a503acb8708) [0x00007a503acb8800, 0x00007a503acb8918] Compiler: jvmci, Barriers: 2, Oops: 0, ImmediateOops: 0, NonImmediateOops: No
[2,092s][debug][gc,nmethod     ] Register NMethod: kotlin.jvm.internal.Intrinsics.checkNotNullParameter (0x00007a501ba9e088) [0x00007a501ba9e180, 0x00007a501ba9e968] Compiler: c1, Barriers: 1, Oops: 2, ImmediateOops: 2, NonImmediateOops: No
[2,092s][debug][gc,nmethod     ] Register NMethod: jdk.internal.util.ArraysSupport.mismatch (0x00007a501ba9e988) [0x00007a501ba9ea80, 0x00007a501ba9ee38] Compiler: c1, Barriers: 0, Oops: 0, ImmediateOops: 0, NonImmediateOops: No
[2,092s][debug][gc,nmethod     ] Register NMethod: java.lang.StringLatin1.compareTo (0x00007a501ba9ee88) [0x00007a501ba9ef80, 0x00007a501ba9f0b0] Compiler: c1, Barriers: 0, Oops: 0, ImmediateOops: 0, NonImmediateOops: No
[2,092s][debug][gc,nmethod     ] Register NMethod: kotlin.io.FileTreeWalk$WalkState.getRoot (0x00007a503acb8a08) [0x00007a503acb8b00, 0x00007a503acb8be8] Compiler: c1, Barriers: 1, Oops: 1, ImmediateOops: 0, NonImmediateOops: No
[2,092s][debug][gc,nmethod     ] Register NMethod: java.lang.StringLatin1.compareTo (0x00007a501ba9f188) [0x00007a501ba9f280, 0x00007a501ba9f5d0] Compiler: c1, Barriers: 0, Oops: 0, ImmediateOops: 0, NonImmediateOops: No
[2,093s][debug][gc,nmethod     ] Register NMethod: java.io.File.isInvalid (0x00007a503acb8d08) [0x00007a503acb8e00, 0x00007a503acb9090] Compiler: jvmci, Barriers: 6, Oops: 0, ImmediateOops: 2, NonImmediateOops: No
[2,094s][debug][gc,nmethod     ] Register NMethod: jdk.internal.classfile.impl.SplitConstantPool.tryFindClassOrInterface (0x00007a503acb9108) [0x00007a503acb9220, 0x00007a503acb9b60] Compiler: jvmci, Barriers: 13, Oops: 0, ImmediateOops: 0, NonImmediateOops: No
[2,094s][debug][gc,nmethod     ] Register NMethod: java.util.stream.StreamOpFlag.toCharacteristics (0x00007a501ba9f608) [0x00007a501ba9f700, 0x00007a501ba9f7e8] Compiler: c1, Barriers: 0, Oops: 0, ImmediateOops: 0, NonImmediateOops: No
[2,094s][debug][gc,nmethod     ] Register NMethod: java.util.stream.StreamOpFlag.toStreamFlags (0x00007a501ba9f908) [0x00007a501ba9fa00, 0x00007a501ba9faf0] Compiler: c1, Barriers: 0, Oops: 0, ImmediateOops: 0, NonImmediateOops: No
[2,094s][debug][gc,nmethod     ] Register NMethod: java.util.stream.StreamSpliterators$AbstractWrappingSpliterator.characteristics (0x00007a501ba9fc08) [0x00007a501ba9fd00, 0x00007a501baa0bc8] Compiler: c1, Barriers: 10, Oops: 0, ImmediateOops: 0, NonImmediateOops: No
[2,094s][debug][gc,nmethod     ] Register NMethod: java.util.stream.AbstractPipeline.exactOutputSizeIfKnown (0x00007a501baa0c08) [0x00007a501baa0d00, 0x00007a501baa1d18] Compiler: c1, Barriers: 3, Oops: 2, ImmediateOops: 2, NonImmediateOops: No
[2,094s][debug][gc,nmethod     ] Register NMethod: java.lang.invoke.LambdaFormEditor$TransformKey.inRange (0x00007a501baa1d88) [0x00007a501baa1e80, 0x00007a501baa1fc0] Compiler: c1, Barriers: 0, Oops: 0, ImmediateOops: 0, NonImmediateOops: No
[2,095s][debug][gc,nmethod     ] Register NMethod: java.lang.invoke.LambdaFormEditor$TransformKey.<init> (0x00007a501baa2088) [0x00007a501baa2180, 0x00007a501baa2360] Compiler: c1, Barriers: 3, Oops: 0, ImmediateOops: 0, NonImmediateOops: No
[2,095s][debug][gc,nmethod     ] Register NMethod: com.esotericsoftware.kryo.io.Output.require (0x00007a501baa2388) [0x00007a501baa2480, 0x00007a501baa4bc0] Compiler: c1, Barriers: 4, Oops: 4, ImmediateOops: 6, NonImmediateOops: No
[2,095s][debug][gc,nmethod     ] Register NMethod: java.lang.invoke.LambdaFormEditor.getInCache (0x00007a501baa4c08) [0x00007a501baa4d00, 0x00007a501baa6530] Compiler: c1, Barriers: 7, Oops: 0, ImmediateOops: 0, NonImmediateOops: No
[2,095s][debug][gc,nmethod     ] Register NMethod: java.io.FileDescriptor.close0 (0x00007a503acb9b88) [0x00007a503acb9c80, 0x00007a503acb9dc8] Compiler: , Barriers: 0, Oops: 0, ImmediateOops: 0, NonImmediateOops: No
[2,098s][debug][gc,director    ] Rule Major: Warmup 10%, Used: 294MB, UsedThreshold: 1228MB
[2,099s][debug][gc,nmethod     ] Register NMethod: jdk.internal.classfile.impl.SplitConstantPool.classEntryForClassOrInterface (0x00007a503acb9e88) [0x00007a503acb9f80, 0x00007a503acba8c8] Compiler: jvmci, Barriers: 21, Oops: 0, ImmediateOops: 1, NonImmediateOops: No
[2,100s][debug][gc,nmethod     ] Register NMethod: com.github.benmanes.caffeine.cache.BoundedLocalCache$BoundedLocalManualCache.cache (0x00007a503acba908) [0x00007a503acbaa00, 0x00007a503acbaae8] Compiler: c1, Barriers: 1, Oops: 1, ImmediateOops: 0, NonImmediateOops: No
[2,100s][debug][gc,nmethod     ] Register NMethod: java.util.concurrent.ConcurrentHashMap.<init> (0x00007a501baa6588) [0x00007a501baa6680, 0x00007a501baa6838] Compiler: c1, Barriers: 0, Oops: 0, ImmediateOops: 0, NonImmediateOops: No
[2,100s][debug][gc,nmethod     ] Register NMethod: java.util.concurrent.atomic.AtomicInteger.<init> (0x00007a501baa6888) [0x00007a501baa6980, 0x00007a501baa6b40] Compiler: c1, Barriers: 0, Oops: 0, ImmediateOops: 0, NonImmediateOops: No
[2,101s][debug][gc,nmethod     ] Register NMethod: java.io.UnixFileSystem.normalize (0x00007a503acbac08) [0x00007a503acbad00, 0x00007a503acbaee8] Compiler: jvmci, Barriers: 1, Oops: 0, ImmediateOops: 0, NonImmediateOops: No
[2,105s][debug][gc,nmethod     ] Register NMethod: java.lang.StringBuilder.append (0x00007a503acbaf08) [0x00007a503acbb000, 0x00007a503acbb830] Compiler: jvmci, Barriers: 4, Oops: 0, ImmediateOops: 0, NonImmediateOops: No
[2,105s][debug][gc,nmethod     ] Register NMethod: java.lang.String.<init> (0x00007a503acbb888) [0x00007a503acbb980, 0x00007a503acbbef8] Compiler: jvmci, Barriers: 4, Oops: 0, ImmediateOops: 0, NonImmediateOops: No
[2,105s][debug][gc,nmethod     ] Register NMethod: jdk.internal.misc.Unsafe.park (0x00007a503acbbf08) [0x00007a503acbc000, 0x00007a503acbc148] Compiler: , Barriers: 0, Oops: 0, ImmediateOops: 0, NonImmediateOops: No
[2,106s][debug][gc,nmethod     ] Register NMethod: io.sirix.page.KeyValueLeafPage.getLastIndex (0x00007a501baa6b88) [0x00007a501baa6c80, 0x00007a501baa6dd8] Compiler: c1, Barriers: 0, Oops: 1, ImmediateOops: 0, NonImmediateOops: No
[2,106s][debug][gc,nmethod     ] Register NMethod: jdk.internal.foreign.ArenaImpl.allocate (0x00007a501baa6e88) [0x00007a501baa6f80, 0x00007a501baa7278] Compiler: c1, Barriers: 0, Oops: 0, ImmediateOops: 0, NonImmediateOops: No
[2,106s][debug][gc,nmethod     ] Register NMethod: io.sirix.node.GrowingMemorySegment.<init> (0x00007a501baa7288) [0x00007a501baa7380, 0x00007a501baa77f8] Compiler: c1, Barriers: 6, Oops: 1, ImmediateOops: 0, NonImmediateOops: No
[2,106s][debug][gc,nmethod     ] Register NMethod: jdk.internal.foreign.MemorySessionImpl.addOrCleanupIfFail (0x00007a501baa7808) [0x00007a501baa7900, 0x00007a501baa7e50] Compiler: c1, Barriers: 0, Oops: 0, ImmediateOops: 0, NonImmediateOops: No
[2,106s][debug][gc,nmethod     ] Register NMethod: jdk.internal.foreign.ArenaImpl.allocate (0x00007a501baa7e88) [0x00007a501baa7f80, 0x00007a501baa8100] Compiler: c1, Barriers: 1, Oops: 0, ImmediateOops: 0, NonImmediateOops: No
[2,106s][debug][gc,nmethod     ] Register NMethod: jdk.internal.foreign.Utils.checkNonNegativeArgument (0x00007a501baa8188) [0x00007a501baa8280, 0x00007a501baa9448] Compiler: c1, Barriers: 0, Oops: 2, ImmediateOops: 3, NonImmediateOops: No
[2,106s][debug][gc,nmethod     ] Register NMethod: jdk.internal.foreign.SegmentFactories.allocateMemoryWrapper (0x00007a501baa9488) [0x00007a501baa9580, 0x00007a501baa9938] Compiler: c1, Barriers: 0, Oops: 0, ImmediateOops: 1, NonImmediateOops: No
[2,106s][debug][gc,nmethod     ] Register NMethod: jdk.internal.foreign.Utils.checkAllocationSizeAndAlign (0x00007a501baa9988) [0x00007a501baa9a80, 0x00007a501baaad10] Compiler: c1, Barriers: 0, Oops: 3, ImmediateOops: 4, NonImmediateOops: No
[2,106s][debug][gc,nmethod     ] Register NMethod: jdk.internal.foreign.MemorySessionImpl$ResourceList$ResourceCleanup.<init> (0x00007a501baaad88) [0x00007a501baaae80, 0x00007a501baaafd8] Compiler: c1, Barriers: 0, Oops: 0, ImmediateOops: 0, NonImmediateOops: No
[2,106s][debug][gc,nmethod     ] Register NMethod: jdk.internal.foreign.Utils.checkAlign (0x00007a501baab088) [0x00007a501baab180, 0x00007a501baabed8] Compiler: c1, Barriers: 0, Oops: 1, ImmediateOops: 2, NonImmediateOops: No
[2,106s][debug][gc,nmethod     ] Register NMethod: net.jpountz.util.Native.isLoaded (0x00007a501baabf08) [0x00007a501baac000, 0x00007a501baac248] Compiler: c1, Barriers: 0, Oops: 1, ImmediateOops: 2, NonImmediateOops: No
[2,107s][debug][gc,nmethod     ] Register NMethod: net.jpountz.xxhash.XXHashJNI.XXH32_update (0x00007a503acbc208) [0x00007a503acbc300, 0x00007a503acbc470] Compiler: , Barriers: 0, Oops: 1, ImmediateOops: 1, NonImmediateOops: No
[2,107s][debug][gc,nmethod     ] Register NMethod: net.jpountz.xxhash.XXHashJNI.XXH32_free (0x00007a503acbc508) [0x00007a503acbc600, 0x00007a503acbc758] Compiler: , Barriers: 0, Oops: 1, ImmediateOops: 1, NonImmediateOops: No
[2,107s][debug][gc,nmethod     ] Register NMethod: jdk.internal.foreign.MemorySessionImpl.addInternal (0x00007a501baac288) [0x00007a501baac380, 0x00007a501baad2f0] Compiler: c1, Barriers: 4, Oops: 0, ImmediateOops: 2, NonImmediateOops: No
[2,107s][debug][gc,nmethod     ] Register NMethod: net.jpountz.xxhash.XXHashJNI.XXH32_digest (0x00007a503acbc808) [0x00007a503acbc900, 0x00007a503acbca68] Compiler: , Barriers: 0, Oops: 1, ImmediateOops: 1, NonImmediateOops: No
[2,107s][debug][gc,nmethod     ] Register NMethod: jdk.internal.foreign.SegmentFactories$1.<init> (0x00007a501baad308) [0x00007a501baad400, 0x00007a501baad5d0] Compiler: c1, Barriers: 0, Oops: 0, ImmediateOops: 0, NonImmediateOops: No
[2,107s][debug][gc,nmethod     ] Register NMethod: jdk.internal.misc.Unsafe.putReferenceOpaque (0x00007a501baad608) [0x00007a501baad700, 0x00007a501baad878] Compiler: c1, Barriers: 3, Oops: 0, ImmediateOops: 0, NonImmediateOops: No
[2,107s][debug][gc,nmethod     ] Register NMethod: java.lang.Thread.interrupted (0x00007a501baad908) [0x00007a501baada00, 0x00007a501baaddc8] Compiler: c1, Barriers: 1, Oops: 0, ImmediateOops: 0, NonImmediateOops: No
[2,107s][debug][gc,nmethod     ] Register NMethod: java.lang.Thread.getAndClearInterrupt (0x00007a501baade08) [0x00007a501baadf00, 0x00007a501baae080] Compiler: c1, Barriers: 0, Oops: 0, ImmediateOops: 0, NonImmediateOops: No
[2,107s][debug][gc,nmethod     ] Register NMethod: java.nio.ByteBuffer.order (0x00007a501baae108) [0x00007a501baae200, 0x00007a501baae420] Compiler: c1, Barriers: 0, Oops: 0, ImmediateOops: 1, NonImmediateOops: No
[2,107s][debug][gc,nmethod     ] Register NMethod: jdk.internal.foreign.SegmentFactories.allocateNativeInternal (0x00007a501baae488) [0x00007a501baae580, 0x00007a501bab19d8] Compiler: c1, Barriers: 3, Oops: 3, ImmediateOops: 11, NonImmediateOops: No
[2,108s][debug][gc,nmethod     ] Register NMethod: java.util.concurrent.locks.LockSupport.setCurrentBlocker (0x00007a501bab1a08) [0x00007a501bab1b00, 0x00007a501bab1e38] Compiler: c1, Barriers: 1, Oops: 0, ImmediateOops: 1, NonImmediateOops: No
[2,108s][debug][gc,director    ] Rule Major: Warmup 10%, Used: 298MB, UsedThreshold: 1228MB
[2,110s][debug][gc,nmethod     ] Register NMethod: java.lang.invoke.MethodHandleNatives.getCharType (0x00007a501bab1e88) [0x00007a501bab1f80, 0x00007a501bab2278] Compiler: c1, Barriers: 0, Oops: 0, ImmediateOops: 0, NonImmediateOops: No
[2,110s][debug][gc,nmethod     ] Register NMethod: jdk.internal.classfile.impl.RawBytecodeHelper.getU2Unchecked (0x00007a503acbcb08) [0x00007a503acbcc00, 0x00007a503acbcd18] Compiler: jvmci, Barriers: 2, Oops: 0, ImmediateOops: 0, NonImmediateOops: No
[2,110s][debug][gc,nmethod     ] Register NMethod: java.util.concurrent.atomic.AtomicLong.addAndGet (0x00007a501bab2288) [0x00007a501bab2380, 0x00007a501bab2490] Compiler: c1, Barriers: 0, Oops: 0, ImmediateOops: 0, NonImmediateOops: No
[2,111s][debug][gc,nmethod     ] Register NMethod: java.nio.Buffer.flip (0x00007a501bab2588) [0x00007a501bab2680, 0x00007a501bab2798] Compiler: c1, Barriers: 0, Oops: 0, ImmediateOops: 0, NonImmediateOops: No
[2,112s][debug][gc,nmethod     ] Register NMethod: io.sirix.page.PageKind$1.serializePage (0x00007a501bab2888) [0x00007a501bab2980, 0x00007a501bac01f0] Compiler: c1, Barriers: 65, Oops: 7, ImmediateOops: 10, NonImmediateOops: No
[2,113s][debug][gc,nmethod     ] Register NMethod: java.io.Writer.write (0x00007a501bac0288) [0x00007a501bac0380, 0x00007a501bac0b30] Compiler: c1, Barriers: 1, Oops: 0, ImmediateOops: 0, NonImmediateOops: No
[2,113s][debug][gc,nmethod     ] Register NMethod: sun.nio.fs.UnixNativeDispatcher.access0 (0x00007a503acbce08) [0x00007a503acbcf00, 0x00007a503acbd060] Compiler: , Barriers: 0, Oops: 0, ImmediateOops: 1, NonImmediateOops: No
[2,114s][debug][gc,nmethod     ] Register NMethod: java.nio.Buffer.position (0x00007a503acbd108) [0x00007a503acbd200, 0x00007a503acbd2e0] Compiler: jvmci, Barriers: 0, Oops: 0, ImmediateOops: 0, NonImmediateOops: No
[2,114s][debug][gc,nmethod     ] Register NMethod: io.sirix.cache.BufferManagerImpl.getRecordPageCache (0x00007a503acbd408) [0x00007a503acbd500, 0x00007a503acbd5e8] Compiler: c1, Barriers: 1, Oops: 1, ImmediateOops: 0, NonImmediateOops: No
[2,114s][debug][gc,nmethod     ] Register NMethod: io.sirix.cache.BufferManagerImpl.getRecordPageFragmentCache (0x00007a503acbd708) [0x00007a503acbd800, 0x00007a503acbd8e8] Compiler: c1, Barriers: 1, Oops: 1, ImmediateOops: 0, NonImmediateOops: No
[2,114s][debug][gc,nmethod     ] Register NMethod: io.sirix.cache.BufferManagerImpl.getPageCache (0x00007a503acbda08) [0x00007a503acbdb00, 0x00007a503acbdbe8] Compiler: c1, Barriers: 1, Oops: 1, ImmediateOops: 0, NonImmediateOops: No
[2,114s][debug][gc,nmethod     ] Register NMethod: io.sirix.access.trx.page.NodePageReadOnlyTrx.getResourceSession (0x00007a501bac0b88) [0x00007a501bac0c80, 0x00007a501bac10f0] Compiler: c1, Barriers: 1, Oops: 1, ImmediateOops: 1, NonImmediateOops: No
[2,114s][debug][gc,nmethod     ] Register NMethod: sun.nio.fs.NativeBuffers.copyCStringToNativeBuffer (0x00007a501bac1108) [0x00007a501bac1200, 0x00007a501bac17c0] Compiler: c1, Barriers: 0, Oops: 1, ImmediateOops: 1, NonImmediateOops: No
[2,114s][debug][gc,nmethod     ] Register NMethod: jdk.internal.misc.Unsafe.unpark (0x00007a503acbdd08) [0x00007a503acbde00, 0x00007a503acbdf58] Compiler: , Barriers: 0, Oops: 0, ImmediateOops: 0, NonImmediateOops: No
[2,115s][debug][gc,nmethod     ] Register NMethod: io.sirix.node.delegates.NodeDelegate.getNodeKey (0x00007a503acbe008) [0x00007a503acbe100, 0x00007a503acbe1c0] Compiler: c1, Barriers: 0, Oops: 1, ImmediateOops: 0, NonImmediateOops: No
[2,115s][debug][gc,nmethod     ] Register NMethod: java.nio.HeapByteBuffer.<init> (0x00007a501bac1808) [0x00007a501bac1900, 0x00007a501bac1a78] Compiler: c1, Barriers: 0, Oops: 0, ImmediateOops: 0, NonImmediateOops: No
[2,115s][debug][gc,nmethod     ] Register NMethod: java.nio.ByteBuffer.wrap (0x00007a501bac1b08) [0x00007a501bac1c00, 0x00007a501bac1e70] Compiler: c1, Barriers: 0, Oops: 0, ImmediateOops: 0, NonImmediateOops: No
[2,115s][debug][gc,nmethod     ] Register NMethod: java.util.concurrent.ForkJoinPool.deactivate (0x00007a501bac1e88) [0x00007a501bac1f80, 0x00007a501bac2a28] Compiler: c1, Barriers: 4, Oops: 0, ImmediateOops: 0, NonImmediateOops: No
[2,115s][debug][gc,nmethod     ] Register NMethod: java.util.concurrent.ConcurrentHashMap$EntrySpliterator.characteristics (0x00007a503acbe308) [0x00007a503acbe400, 0x00007a503acbe4c0] Compiler: c1, Barriers: 0, Oops: 0, ImmediateOops: 0, NonImmediateOops: No
[2,115s][debug][gc,nmethod     ] Register NMethod: sun.security.provider.ByteArrayAccess.i2bBig4 (0x00007a501bac2a88) [0x00007a501bac2b80, 0x00007a501bac36f0] Compiler: c1, Barriers: 0, Oops: 5, ImmediateOops: 5, NonImmediateOops: No
[2,116s][debug][gc,nmethod     ] Register NMethod: sun.nio.ch.UnixFileDispatcherImpl.size0 (0x00007a503acbe608) [0x00007a503acbe700, 0x00007a503acbe868] Compiler: , Barriers: 0, Oops: 0, ImmediateOops: 1, NonImmediateOops: No
[2,116s][debug][gc,nmethod     ] Register NMethod: sun.security.provider.DigestBase.engineUpdate (0x00007a501bac3788) [0x00007a501bac3880, 0x00007a501bac4a60] Compiler: c1, Barriers: 4, Oops: 1, ImmediateOops: 1, NonImmediateOops: No
[2,116s][debug][gc,nmethod     ] Register NMethod: net.jpountz.lz4.LZ4Factory.fastCompressor (0x00007a503acbe908) [0x00007a503acbea00, 0x00007a503acbeae8] Compiler: c1, Barriers: 1, Oops: 1, ImmediateOops: 0, NonImmediateOops: No
[2,116s][debug][gc,nmethod     ] Register NMethod: net.jpountz.lz4.LZ4BlockOutputStream.flush (0x00007a501bac4a88) [0x00007a501bac4b80, 0x00007a501bac4f90] Compiler: c1, Barriers: 2, Oops: 1, ImmediateOops: 0, NonImmediateOops: No
[2,116s][debug][gc,nmethod     ] Register NMethod: io.sirix.page.PageReference.setKey (0x00007a501bac5008) [0x00007a501bac5100, 0x00007a501bac5210] Compiler: c1, Barriers: 0, Oops: 1, ImmediateOops: 0, NonImmediateOops: No
[2,116s][debug][gc,nmethod     ] Register NMethod: io.sirix.page.PageReference.setHash (0x00007a503acbec08) [0x00007a503acbed00, 0x00007a503acbee30] Compiler: c1, Barriers: 3, Oops: 1, ImmediateOops: 0, NonImmediateOops: No
[2,116s][debug][gc,nmethod     ] Register NMethod: sun.nio.ch.FileChannelImpl.beginBlocking (0x00007a501bac5308) [0x00007a501bac5400, 0x00007a501bac5728] Compiler: c1, Barriers: 0, Oops: 0, ImmediateOops: 0, NonImmediateOops: No
[2,117s][debug][gc,nmethod     ] Register NMethod: sun.nio.ch.NativeThread.current (0x00007a501bac5788) [0x00007a501bac5880, 0x00007a501bac5e60] Compiler: c1, Barriers: 1, Oops: 0, ImmediateOops: 0, NonImmediateOops: No
[2,117s][debug][gc,nmethod     ] Register NMethod: sun.nio.ch.FileChannelImpl.ensureOpen (0x00007a501bac5e88) [0x00007a501bac5f80, 0x00007a501bac6398] Compiler: c1, Barriers: 0, Oops: 0, ImmediateOops: 0, NonImmediateOops: No
[2,117s][debug][gc,nmethod     ] Register NMethod: sun.nio.ch.NativeThread.isNativeThread (0x00007a501bac6408) [0x00007a501bac6500, 0x00007a501bac6668] Compiler: c1, Barriers: 0, Oops: 0, ImmediateOops: 0, NonImmediateOops: No
[2,117s][debug][gc,nmethod     ] Register NMethod: sun.nio.ch.NativeThreadSet.add (0x00007a501bac6708) [0x00007a501bac6800, 0x00007a501bac7710] Compiler: c1, Barriers: 9, Oops: 0, ImmediateOops: 0, NonImmediateOops: No
[2,117s][debug][gc,nmethod     ] Register NMethod: sun.nio.ch.FileChannelImpl.endBlocking (0x00007a501bac7788) [0x00007a501bac7880, 0x00007a501bac7ba8] Compiler: c1, Barriers: 0, Oops: 0, ImmediateOops: 0, NonImmediateOops: No
[2,117s][debug][gc,nmethod     ] Register NMethod: sun.nio.ch.NativeThreadSet.remove (0x00007a501bac7c08) [0x00007a501bac7d00, 0x00007a501bac83a8] Compiler: c1, Barriers: 1, Oops: 0, ImmediateOops: 0, NonImmediateOops: No
[2,117s][debug][gc,nmethod     ] Register NMethod: net.jpountz.lz4.LZ4JNI.LZ4_compress_limitedOutput (0x00007a503acbef08) [0x00007a503acbf000, 0x00007a503acbf1d0] Compiler: , Barriers: 0, Oops: 1, ImmediateOops: 1, NonImmediateOops: No
[2,117s][debug][gc,nmethod     ] Register NMethod: net.jpountz.lz4.LZ4BlockOutputStream.ensureNotFinished (0x00007a501bac8408) [0x00007a501bac8500, 0x00007a501bac8708] Compiler: c1, Barriers: 0, Oops: 1, ImmediateOops: 1, NonImmediateOops: No
[2,118s][debug][gc,nmethod     ] Register NMethod: java.nio.Buffer.session (0x00007a503acbf208) [0x00007a503acbf300, 0x00007a503acbf458] Compiler: jvmci, Barriers: 2, Oops: 0, ImmediateOops: 0, NonImmediateOops: No
[2,118s][debug][gc,director    ] Rule Major: Warmup 10%, Used: 300MB, UsedThreshold: 1228MB
[2,118s][debug][gc,nmethod     ] Register NMethod: sun.security.provider.ByteArrayAccess.b2iBig64 (0x00007a501bac8788) [0x00007a501bac8880, 0x00007a501bad31c0] Compiler: c1, Barriers: 0, Oops: 5, ImmediateOops: 80, NonImmediateOops: No
[2,121s][debug][gc,nmethod     ] Register NMethod: java.util.concurrent.ConcurrentHashMap$BaseIterator.<init> (0x00007a501bad3208) [0x00007a501bad3300, 0x00007a501bad36a8] Compiler: c1, Barriers: 3, Oops: 0, ImmediateOops: 0, NonImmediateOops: No
[2,121s][debug][gc,nmethod     ] Register NMethod: java.util.concurrent.locks.ReentrantLock$Sync.lock (0x00007a501bad3708) [0x00007a501bad3800, 0x00007a501bad3d78] Compiler: c1, Barriers: 0, Oops: 0, ImmediateOops: 0, NonImmediateOops: No
[2,121s][debug][gc,nmethod     ] Register NMethod: java.util.concurrent.locks.ReentrantLock.lock (0x00007a501bad3d88) [0x00007a501bad3e80, 0x00007a501bad4650] Compiler: c1, Barriers: 1, Oops: 0, ImmediateOops: 0, NonImmediateOops: No
[2,122s][debug][gc,nmethod     ] Register NMethod: com.google.gson.stream.JsonWriter.newline (0x00007a501bad4688) [0x00007a501bad4780, 0x00007a501bad5548] Compiler: c1, Barriers: 5, Oops: 1, ImmediateOops: 0, NonImmediateOops: No
[2,122s][debug][gc,nmethod     ] Register NMethod: java.util.concurrent.ForkJoinTask.<init> (0x00007a501bad5588) [0x00007a501bad5680, 0x00007a501bad57d8] Compiler: c1, Barriers: 0, Oops: 0, ImmediateOops: 0, NonImmediateOops: No
[2,122s][debug][gc,nmethod     ] Register NMethod: io.sirix.node.delegates.StructNodeDelegate.getFirstChildKey (0x00007a503acbf508) [0x00007a503acbf600, 0x00007a503acbf6c0] Compiler: c1, Barriers: 0, Oops: 1, ImmediateOops: 0, NonImmediateOops: No
[2,123s][debug][gc,nmethod     ] Register NMethod: java.lang.ref.Finalizer.register (0x00007a501bad5888) [0x00007a501bad5980, 0x00007a501bad5b20] Compiler: c1, Barriers: 0, Oops: 0, ImmediateOops: 0, NonImmediateOops: No
[2,123s][debug][gc,nmethod     ] Register NMethod: jdk.internal.foreign.MemorySessionImpl.asArena (0x00007a501bad5b88) [0x00007a501bad5c80, 0x00007a501bad6110] Compiler: c1, Barriers: 3, Oops: 0, ImmediateOops: 0, NonImmediateOops: No
[2,123s][debug][gc,nmethod     ] Register NMethod: java.lang.ref.FinalReference.<init> (0x00007a501bad6188) [0x00007a501bad6280, 0x00007a501bad6570] Compiler: c1, Barriers: 6, Oops: 0, ImmediateOops: 1, NonImmediateOops: No
[2,123s][debug][gc,nmethod     ] Register NMethod: java.lang.ref.Finalizer.<init> (0x00007a501bad6588) [0x00007a501bad6680, 0x00007a501bad6da8] Compiler: c1, Barriers: 17, Oops: 1, ImmediateOops: 7, NonImmediateOops: No
[2,123s][debug][gc,nmethod     ] Register NMethod: jdk.internal.foreign.ArenaImpl.<init> (0x00007a501bad6e08) [0x00007a501bad6f00, 0x00007a501bad72e0] Compiler: c1, Barriers: 3, Oops: 0, ImmediateOops: 0, NonImmediateOops: No
[2,124s][debug][gc,nmethod     ] Register NMethod: java.nio.HeapByteBuffer.<init> (0x00007a501bad7308) [0x00007a501bad7400, 0x00007a501bad7600] Compiler: c1, Barriers: 0, Oops: 0, ImmediateOops: 0, NonImmediateOops: No
[2,125s][debug][gc,nmethod     ] Register NMethod: io.sirix.access.ResourceConfiguration.getBinaryEncodingVersion (0x00007a503acbf808) [0x00007a503acbf900, 0x00007a503acbf9e8] Compiler: c1, Barriers: 1, Oops: 1, ImmediateOops: 0, NonImmediateOops: No
[2,125s][debug][gc,nmethod     ] Register NMethod: java.lang.invoke.MethodHandle.invokeBasic (0x00007a503acbfb08) [0x00007a503acbfc00, 0x00007a503acbfe98] Compiler: , Barriers: 0, Oops: 0, ImmediateOops: 0, NonImmediateOops: No
[2,125s][debug][gc,nmethod     ] Register NMethod: sun.security.provider.SHA2.implCompressCheck (0x00007a501bad7608) [0x00007a501bad7700, 0x00007a501bad7a68] Compiler: c1, Barriers: 0, Oops: 1, ImmediateOops: 1, NonImmediateOops: No
[2,125s][debug][gc,nmethod     ] Register NMethod: java.util.concurrent.ForkJoinTask.doExec (0x00007a501bad7a88) [0x00007a501bad7b80, 0x00007a501bad8640] Compiler: c1, Barriers: 0, Oops: 0, ImmediateOops: 0, NonImmediateOops: No
[2,125s][debug][gc,nmethod     ] Register NMethod: java.nio.MappedByteBuffer.position (0x00007a501bad8688) [0x00007a501bad8780, 0x00007a501bad8b40] Compiler: c1, Barriers: 0, Oops: 0, ImmediateOops: 0, NonImmediateOops: No
[2,125s][debug][gc,nmethod     ] Register NMethod: jdk.internal.misc.Unsafe.getIntUnaligned (0x00007a503acbff08) [0x00007a503acc0000, 0x00007a503acc0098] Compiler: jvmci, Barriers: 0, Oops: 0, ImmediateOops: 0, NonImmediateOops: No
[2,125s][debug][gc,nmethod     ] Register NMethod: sun.security.provider.SHA2.implCompress (0x00007a501bad8b88) [0x00007a501bad8c80, 0x00007a501bad9090] Compiler: c1, Barriers: 0, Oops: 1, ImmediateOops: 1, NonImmediateOops: No
[2,125s][debug][gc,nmethod     ] Register NMethod: io.sirix.BinaryEncodingVersion.byteVersion (0x00007a503acc0208) [0x00007a503acc0300, 0x00007a503acc03c8] Compiler: c1, Barriers: 0, Oops: 1, ImmediateOops: 0, NonImmediateOops: No
[2,125s][debug][gc,nmethod     ] Register NMethod: java.lang.invoke.VarHandleGuards.guard_LJJ_V (0x00007a501bad9108) [0x00007a501bad9200, 0x00007a501badddd0] Compiler: c1, Barriers: 46, Oops: 1, ImmediateOops: 6, NonImmediateOops: No
[2,126s][debug][gc,nmethod     ] Register NMethod: io.sirix.page.KeyValueLeafPage.getPageKey (0x00007a503acc0508) [0x00007a503acc0600, 0x00007a503acc06c0] Compiler: c1, Barriers: 0, Oops: 1, ImmediateOops: 0, NonImmediateOops: No
[2,126s][debug][gc,nmethod     ] Register NMethod: java.lang.invoke.VarHandleSegmentAsLongs.set (0x00007a501badde08) [0x00007a501baddf00, 0x00007a501bae3258] Compiler: c1, Barriers: 24, Oops: 2, ImmediateOops: 7, NonImmediateOops: No
[2,126s][debug][gc,nmethod     ] Register NMethod: jdk.internal.foreign.AbstractMemorySegmentImpl.set (0x00007a501bae3288) [0x00007a501bae3380, 0x00007a501bae8900] Compiler: c1, Barriers: 42, Oops: 6, ImmediateOops: 18, NonImmediateOops: No
[2,126s][debug][gc,nmethod     ] Register NMethod: java.lang.invoke.VarHandleSegmentAsLongs.set (0x00007a501bae8988) [0x00007a501bae8a80, 0x00007a501baee050] Compiler: c1, Barriers: 24, Oops: 2, ImmediateOops: 7, NonImmediateOops: No
[2,126s][debug][gc,nmethod     ] Register NMethod: java.nio.ByteBuffer.flip (0x00007a501baee088) [0x00007a501baee180, 0x00007a501baee2f8] Compiler: c1, Barriers: 0, Oops: 0, ImmediateOops: 0, NonImmediateOops: No
[2,128s][debug][gc,nmethod     ] Register NMethod: com.google.gson.stream.JsonWriter.writeDeferredName (0x00007a501baee388) [0x00007a501baee480, 0x00007a501baee718] Compiler: c1, Barriers: 5, Oops: 1, ImmediateOops: 0, NonImmediateOops: No
[2,128s][debug][gc,nmethod     ] Register NMethod: com.google.gson.stream.JsonWriter.beforeValue (0x00007a501baee788) [0x00007a501baee880, 0x00007a501baef770] Compiler: c1, Barriers: 5, Oops: 1, ImmediateOops: 3, NonImmediateOops: No
[2,128s][debug][gc,director    ] Rule Major: Warmup 10%, Used: 302MB, UsedThreshold: 1228MB
[2,128s][debug][gc,nmethod     ] Register NMethod: java.lang.String.<init> (0x00007a501baef788) [0x00007a501baef880, 0x00007a501baefb20] Compiler: c1, Barriers: 0, Oops: 0, ImmediateOops: 0, NonImmediateOops: No
[2,128s][debug][gc,nmethod     ] Register NMethod: sun.nio.fs.UnixPath.initOffsets (0x00007a501baefb88) [0x00007a501baefc80, 0x00007a501baf0668] Compiler: c1, Barriers: 8, Oops: 0, ImmediateOops: 0, NonImmediateOops: No
[2,129s][debug][gc,nmethod     ] Register NMethod: io.sirix.cache.ShardedPageCache.remove (0x00007a501baf0688) [0x00007a501baf0780, 0x00007a501baf1160] Compiler: c1, Barriers: 1, Oops: 1, ImmediateOops: 0, NonImmediateOops: No
[2,129s][debug][gc,nmethod     ] Register NMethod: io.sirix.cache.ShardedPageCache.remove (0x00007a501baf1188) [0x00007a501baf1280, 0x00007a501baf2078] Compiler: c1, Barriers: 1, Oops: 1, ImmediateOops: 0, NonImmediateOops: No
[2,129s][debug][gc,nmethod     ] Register NMethod: jdk.internal.misc.Unsafe.compareAndExchangeLong (0x00007a503acc0808) [0x00007a503acc0900, 0x00007a503acc0a68] Compiler: , Barriers: 0, Oops: 0, ImmediateOops: 0, NonImmediateOops: No
[2,129s][debug][gc,nmethod     ] Register NMethod: jdk.internal.foreign.MemorySessionImpl$ResourceList.<init> (0x00007a501baf2088) [0x00007a501baf2180, 0x00007a501baf22d8] Compiler: c1, Barriers: 0, Oops: 0, ImmediateOops: 0, NonImmediateOops: No
[2,129s][debug][gc,nmethod     ] Register NMethod: java.util.concurrent.ForkJoinTask.noUserHelp (0x00007a501baf2388) [0x00007a501baf2480, 0x00007a501baf2590] Compiler: c1, Barriers: 0, Oops: 0, ImmediateOops: 0, NonImmediateOops: No
[2,129s][debug][gc,nmethod     ] Register NMethod: io.sirix.node.GrowingMemorySegment.getUsedSegment (0x00007a501baf2688) [0x00007a501baf2780, 0x00007a501baf2d90] Compiler: c1, Barriers: 2, Oops: 1, ImmediateOops: 0, NonImmediateOops: No
[2,129s][debug][gc,nmethod     ] Register NMethod: com.google.common.base.Preconditions.checkPositionIndexes (0x00007a501baf2e08) [0x00007a501baf2f00, 0x00007a501baf3168] Compiler: c1, Barriers: 0, Oops: 1, ImmediateOops: 0, NonImmediateOops: No
[2,129s][debug][gc,nmethod     ] Register NMethod: java.util.stream.AbstractSpinedBuffer.count (0x00007a501baf3188) [0x00007a501baf3280, 0x00007a501baf3458] Compiler: c1, Barriers: 1, Oops: 0, ImmediateOops: 0, NonImmediateOops: No
[2,129s][debug][gc,nmethod     ] Register NMethod: jdk.internal.foreign.layout.AbstractLayout.name (0x00007a503acc0b08) [0x00007a503acc0c00, 0x00007a503acc0ce8] Compiler: c1, Barriers: 1, Oops: 0, ImmediateOops: 0, NonImmediateOops: No
[2,129s][debug][gc,nmethod     ] Register NMethod: java.io.DataOutputStream.flush (0x00007a501baf3488) [0x00007a501baf3580, 0x00007a501baf38c0] Compiler: c1, Barriers: 1, Oops: 0, ImmediateOops: 0, NonImmediateOops: No
[2,129s][debug][gc,nmethod     ] Register NMethod: java.io.FilterOutputStream.<init> (0x00007a501baf3908) [0x00007a501baf3a00, 0x00007a501baf3d58] Compiler: c1, Barriers: 6, Oops: 0, ImmediateOops: 0, NonImmediateOops: No
[2,129s][debug][gc,nmethod     ] Register NMethod: jdk.internal.misc.ScopedMemoryAccess.putShortUnalignedInternal (0x00007a501baf3d88) [0x00007a501baf3e80, 0x00007a501baf4608] Compiler: c1, Barriers: 2, Oops: 0, ImmediateOops: 3, NonImmediateOops: No
[2,129s][debug][gc,nmethod     ] Register NMethod: java.io.ByteArrayOutputStream.close (0x00007a501baf4688) [0x00007a501baf4780, 0x00007a501baf4880] Compiler: c1, Barriers: 0, Oops: 0, ImmediateOops: 0, NonImmediateOops: No
[2,130s][debug][gc,nmethod     ] Register NMethod: java.nio.Bits.tryReserveMemory (0x00007a501baf4988) [0x00007a501baf4a80, 0x00007a501baf5470] Compiler: c1, Barriers: 0, Oops: 0, ImmediateOops: 5, NonImmediateOops: No
[2,130s][debug][gc,nmethod     ] Register NMethod: jdk.internal.misc.ScopedMemoryAccess.getScopedMemoryAccess (0x00007a503acc0e08) [0x00007a503acc0f00, 0x00007a503acc0f70] Compiler: jvmci, Barriers: 0, Oops: 0, ImmediateOops: 1, NonImmediateOops: No
[2,130s][debug][gc,nmethod     ] Register NMethod: jdk.internal.misc.ScopedMemoryAccess.putShortUnaligned (0x00007a501baf5488) [0x00007a501baf5580, 0x00007a501baf6408] Compiler: c1, Barriers: 3, Oops: 0, ImmediateOops: 3, NonImmediateOops: No
[2,130s][debug][gc,nmethod     ] Register NMethod: java.util.concurrent.atomic.AtomicInteger.get (0x00007a503acc1108) [0x00007a503acc1200, 0x00007a503acc12c0] Compiler: c1, Barriers: 0, Oops: 0, ImmediateOops: 0, NonImmediateOops: No
[2,130s][debug][gc,nmethod     ] Register NMethod: jdk.internal.foreign.MemorySessionImpl.checkValidStateRaw (0x00007a503acc1408) [0x00007a503acc1500, 0x00007a503acc1678] Compiler: jvmci, Barriers: 2, Oops: 0, ImmediateOops: 0, NonImmediateOops: No
[2,130s][debug][gc,nmethod     ] Register NMethod: java.util.concurrent.ConcurrentHashMap.values (0x00007a501baf6488) [0x00007a501baf6580, 0x00007a501baf6958] Compiler: c1, Barriers: 7, Oops: 0, ImmediateOops: 0, NonImmediateOops: No
[2,130s][debug][gc,nmethod     ] Register NMethod: io.sirix.node.MemorySegmentBytesOut.toByteArray (0x00007a501baf6988) [0x00007a501baf6a80, 0x00007a501baf6bf8] Compiler: c1, Barriers: 1, Oops: 1, ImmediateOops: 0, NonImmediateOops: No
[2,130s][debug][gc,nmethod     ] Register NMethod: java.lang.Long.parallelSuffix (0x00007a501baf6c88) [0x00007a501baf6d80, 0x00007a501baf6eb8] Compiler: c1, Barriers: 0, Oops: 0, ImmediateOops: 0, NonImmediateOops: No
[2,130s][debug][gc,nmethod     ] Register NMethod: io.sirix.node.MemorySegmentBytesOut.writeLong (0x00007a501baf6f88) [0x00007a501baf7080, 0x00007a501baf7208] Compiler: c1, Barriers: 1, Oops: 1, ImmediateOops: 0, NonImmediateOops: No
[2,131s][debug][gc,nmethod     ] Register NMethod: io.sirix.node.GrowingMemorySegment.toByteArray (0x00007a501baf7288) [0x00007a501baf7380, 0x00007a501bafde98] Compiler: c1, Barriers: 7, Oops: 9, ImmediateOops: 16, NonImmediateOops: No
[2,132s][debug][gc,nmethod     ] Register NMethod: sun.nio.ch.NativeDispatcher.needsPositionLock (0x00007a503acc1708) [0x00007a503acc1800, 0x00007a503acc18c0] Compiler: c1, Barriers: 0, Oops: 0, ImmediateOops: 0, NonImmediateOops: No
[2,132s][debug][gc,nmethod     ] Register NMethod: io.sirix.node.GrowingMemorySegment.reset (0x00007a501bafdf08) [0x00007a501bafe000, 0x00007a501bafe108] Compiler: c1, Barriers: 0, Oops: 1, ImmediateOops: 0, NonImmediateOops: No
[2,132s][debug][gc,nmethod     ] Register NMethod: io.sirix.node.MemorySegmentBytesOut.clear (0x00007a501bafe208) [0x00007a501bafe300, 0x00007a501bafe4b8] Compiler: c1, Barriers: 1, Oops: 1, ImmediateOops: 0, NonImmediateOops: No
[2,132s][debug][gc,nmethod     ] Register NMethod: io.sirix.access.trx.page.AbstractForwardingPageReadOnlyTrx.getResourceSession (0x00007a501bafe508) [0x00007a501bafe600, 0x00007a501bafeb38] Compiler: c1, Barriers: 2, Oops: 1, ImmediateOops: 1, NonImmediateOops: No
[2,133s][debug][gc,nmethod     ] Register NMethod: org.gradle.internal.remote.internal.hub.MessageHub.access$300 (0x00007a503acc1a08) [0x00007a503acc1b00, 0x00007a503acc1bd0] Compiler: c1, Barriers: 1, Oops: 1, ImmediateOops: 0, NonImmediateOops: No
[2,133s][debug][gc,nmethod     ] Register NMethod: com.google.gson.stream.JsonWriter.name (0x00007a501bafeb88) [0x00007a501bafec80, 0x00007a501baff188] Compiler: c1, Barriers: 4, Oops: 2, ImmediateOops: 2, NonImmediateOops: No
[2,133s][debug][gc,nmethod     ] Register NMethod: io.sirix.page.KeyValueLeafPage.processEntries (0x00007a501baff208) [0x00007a501baff300, 0x00007a501bb13830] Compiler: c1, Barriers: 62, Oops: 5, ImmediateOops: 41, NonImmediateOops: No
[2,133s][debug][gc,nmethod     ] Register NMethod: java.io.OutputStreamWriter.append (0x00007a501bb13888) [0x00007a501bb13980, 0x00007a501bb14b08] Compiler: c1, Barriers: 3, Oops: 0, ImmediateOops: 1, NonImmediateOops: No
[2,134s][debug][gc,nmethod     ] Register NMethod: com.google.common.collect.ForwardingObject.<init> (0x00007a501bb14b88) [0x00007a501bb14c80, 0x00007a501bb14df0] Compiler: c1, Barriers: 0, Oops: 1, ImmediateOops: 0, NonImmediateOops: No
[2,134s][debug][gc,nmethod     ] Register NMethod: io.sirix.cache.TransactionIntentLog.get (0x00007a501bb14e88) [0x00007a501bb14f80, 0x00007a501bb15720] Compiler: c1, Barriers: 1, Oops: 1, ImmediateOops: 0, NonImmediateOops: No
[2,134s][debug][gc,nmethod     ] Register NMethod: com.google.gson.stream.JsonReader.nextName (0x00007a501bb15788) [0x00007a501bb15880, 0x00007a501bb17230] Compiler: c1, Barriers: 4, Oops: 2, ImmediateOops: 3, NonImmediateOops: No
[2,134s][debug][gc,nmethod     ] Register NMethod: io.sirix.node.NodeKind.getId (0x00007a503acc1d08) [0x00007a503acc1e00, 0x00007a503acc1ec8] Compiler: c1, Barriers: 0, Oops: 1, ImmediateOops: 0, NonImmediateOops: No
[2,134s][debug][gc,nmethod     ] Register NMethod: jdk.internal.misc.Unsafe.freeMemory0 (0x00007a503acc2008) [0x00007a503acc2100, 0x00007a503acc2248] Compiler: , Barriers: 0, Oops: 0, ImmediateOops: 0, NonImmediateOops: No
[2,134s][debug][gc,nmethod     ] Register NMethod: java.nio.ByteBuffer.wrap (0x00007a501bb17288) [0x00007a501bb17380, 0x00007a501bb174a0] Compiler: c1, Barriers: 0, Oops: 0, ImmediateOops: 0, NonImmediateOops: No
[2,135s][debug][gc,nmethod     ] Register NMethod: io.sirix.node.GrowingMemorySegment.writeLong (0x00007a501bb17588) [0x00007a501bb17680, 0x00007a501bb1b4b0] Compiler: c1, Barriers: 5, Oops: 6, ImmediateOops: 11, NonImmediateOops: No
[2,135s][debug][gc,nmethod     ] Register NMethod: io.sirix.page.KeyValueLeafPage.getAvailableSpace (0x00007a501bb1b508) [0x00007a501bb1b600, 0x00007a501bb210c0] Compiler: c1, Barriers: 19, Oops: 7, ImmediateOops: 12, NonImmediateOops: No
[2,136s][debug][gc,nmethod     ] Register NMethod: io.sirix.page.KeyValueLeafPage.isClosed (0x00007a503acc2308) [0x00007a503acc2400, 0x00007a503acc24c0] Compiler: c1, Barriers: 0, Oops: 1, ImmediateOops: 0, NonImmediateOops: No
[2,136s][debug][gc,nmethod     ] Register NMethod: net.jpountz.util.SafeUtils.readIntLE (0x00007a501bb21108) [0x00007a501bb21200, 0x00007a501bb213a0] Compiler: c1, Barriers: 0, Oops: 1, ImmediateOops: 0, NonImmediateOops: No
[2,137s][debug][gc,nmethod     ] Register NMethod: jdk.internal.misc.ScopedMemoryAccess.getByte (0x00007a503acc2608) [0x00007a503acc2700, 0x00007a503acc2888] Compiler: jvmci, Barriers: 2, Oops: 0, ImmediateOops: 0, NonImmediateOops: No
[2,138s][debug][gc,nmethod     ] Register NMethod: java.util.concurrent.ConcurrentHashMap$ValueIterator.<init> (0x00007a501bb21408) [0x00007a501bb21500, 0x00007a501bb21630] Compiler: c1, Barriers: 0, Oops: 0, ImmediateOops: 0, NonImmediateOops: No
[2,138s][debug][gc,nmethod     ] Register NMethod: java.util.concurrent.ConcurrentHashMap$ValuesView.iterator (0x00007a501bb21708) [0x00007a501bb21800, 0x00007a501bb21a70] Compiler: c1, Barriers: 2, Oops: 0, ImmediateOops: 0, NonImmediateOops: No
[2,138s][debug][gc,nmethod     ] Register NMethod: io.sirix.page.KeyValueLeafPage.processEntries (0x00007a501bb21a88) [0x00007a501bb21b80, 0x00007a501bb36120] Compiler: c1, Barriers: 66, Oops: 5, ImmediateOops: 41, NonImmediateOops: No
[2,138s][debug][gc,director    ] Rule Major: Warmup 10%, Used: 306MB, UsedThreshold: 1228MB
[2,138s][debug][gc,nmethod     ] Register NMethod: java.util.concurrent.locks.AbstractQueuedSynchronizer.signalNext (0x00007a501bb36188) [0x00007a501bb36280, 0x00007a501bb374f8] Compiler: c1, Barriers: 2, Oops: 0, ImmediateOops: 2, NonImmediateOops: No
[2,139s][debug][gc,nmethod     ] Register NMethod: it.unimi.dsi.fastutil.HashCommon.nextPowerOfTwo (0x00007a501bb37508) [0x00007a501bb37600, 0x00007a501bb37800] Compiler: c1, Barriers: 0, Oops: 1, ImmediateOops: 0, NonImmediateOops: No
[2,139s][debug][gc,nmethod     ] Register NMethod: it.unimi.dsi.fastutil.HashCommon.maxFill (0x00007a501bb37888) [0x00007a501bb37980, 0x00007a501bb37be0] Compiler: c1, Barriers: 0, Oops: 1, ImmediateOops: 0, NonImmediateOops: No
[2,139s][debug][gc,nmethod     ] Register NMethod: it.unimi.dsi.fastutil.HashCommon.arraySize (0x00007a501bb37c08) [0x00007a501bb37d00, 0x00007a501bb392a0] Compiler: c1, Barriers: 0, Oops: 4, ImmediateOops: 4, NonImmediateOops: No
[2,140s][debug][gc,nmethod     ] Register NMethod: java.nio.ByteBuffer.allocate (0x00007a501bb39308) [0x00007a501bb39400, 0x00007a501bb395f8] Compiler: c1, Barriers: 0, Oops: 0, ImmediateOops: 0, NonImmediateOops: No
[2,141s][debug][gc,nmethod     ] Register NMethod: java.nio.channels.spi.AbstractInterruptibleChannel.begin (0x00007a501bb39608) [0x00007a501bb39700, 0x00007a501bb3a538] Compiler: c1, Barriers: 10, Oops: 0, ImmediateOops: 1, NonImmediateOops: No
[2,142s][debug][gc,nmethod     ] Register NMethod: java.nio.channels.spi.AbstractInterruptibleChannel.end (0x00007a501bb3a588) [0x00007a501bb3a680, 0x00007a501bb3b388] Compiler: c1, Barriers: 12, Oops: 0, ImmediateOops: 1, NonImmediateOops: No
[2,142s][debug][gc,nmethod     ] Register NMethod: java.lang.StringLatin1.inflate (0x00007a503acc2908) [0x00007a503acc2a00, 0x00007a503acc2c78] Compiler: jvmci, Barriers: 0, Oops: 0, ImmediateOops: 0, NonImmediateOops: No
[2,146s][debug][gc,nmethod     ] Register NMethod: org.gradle.internal.dispatch.MethodInvocation.getMethod (0x00007a503acc2c88) [0x00007a503acc2d80, 0x00007a503acc2e68] Compiler: c1, Barriers: 1, Oops: 1, ImmediateOops: 0, NonImmediateOops: No
[2,146s][debug][gc,nmethod     ] Register NMethod: org.gradle.internal.dispatch.MethodInvocation.getArguments (0x00007a503acc2f88) [0x00007a503acc3080, 0x00007a503acc3168] Compiler: c1, Barriers: 1, Oops: 1, ImmediateOops: 0, NonImmediateOops: No
[2,146s][debug][gc,nmethod     ] Register NMethod: org.junit.jupiter.engine.extension.MutableExtensionRegistry$$Lambda/0x000000005d1ae140.test (0x00007a501bb3b408) [0x00007a501bb3b500, 0x00007a501bb3ba40] Compiler: c1, Barriers: 1, Oops: 1, ImmediateOops: 0, NonImmediateOops: No
[2,147s][debug][gc,nmethod     ] Register NMethod: java.util.ArrayDeque.peekFirst (0x00007a501bb3ba88) [0x00007a501bb3bb80, 0x00007a501bb3bd70] Compiler: c1, Barriers: 2, Oops: 0, ImmediateOops: 0, NonImmediateOops: No
[2,147s][debug][gc,nmethod     ] Register NMethod: java.lang.String.compareTo (0x00007a501bb3bd88) [0x00007a501bb3be80, 0x00007a501bb3c6b0] Compiler: c1, Barriers: 2, Oops: 0, ImmediateOops: 0, NonImmediateOops: No
[2,147s][debug][gc,nmethod     ] Register NMethod: kotlin.jvm.internal.Intrinsics.checkNotNull (0x00007a501bb3c708) [0x00007a501bb3c800, 0x00007a501bb3cfa0] Compiler: c1, Barriers: 1, Oops: 2, ImmediateOops: 2, NonImmediateOops: No
[2,147s][debug][gc,nmethod     ] Register NMethod: java.io.File.isDirectory (0x00007a501bb3d008) [0x00007a501bb3d100, 0x00007a501bb3d4b0] Compiler: c1, Barriers: 0, Oops: 0, ImmediateOops: 1, NonImmediateOops: No
[2,147s][debug][gc,nmethod     ] Register NMethod: java.util.ArrayDeque.peek (0x00007a501bb3d508) [0x00007a501bb3d600, 0x00007a501bb3d860] Compiler: c1, Barriers: 2, Oops: 0, ImmediateOops: 0, NonImmediateOops: No
[2,148s][debug][gc,nmethod     ] Register NMethod: java.util.stream.MatchOps$BooleanTerminalSink.getAndClearState (0x00007a503acc3288) [0x00007a503acc3380, 0x00007a503acc3440] Compiler: c1, Barriers: 0, Oops: 0, ImmediateOops: 0, NonImmediateOops: No
[2,148s][debug][gc,director    ] Rule Major: Warmup 10%, Used: 308MB, UsedThreshold: 1228MB
[2,148s][debug][gc,nmethod     ] Register NMethod: kotlin.io.FileTreeWalk$FileTreeWalkIterator$BottomUpDirectoryState.step (0x00007a501bb3d888) [0x00007a501bb3d980, 0x00007a501bb40788] Compiler: c1, Barriers: 23, Oops: 2, ImmediateOops: 5, NonImmediateOops: No
[2,149s][debug][gc,nmethod     ] Register NMethod: java.util.stream.Sink.end (0x00007a503acc3588) [0x00007a503acc3680, 0x00007a503acc3700] Compiler: jvmci, Barriers: 0, Oops: 0, ImmediateOops: 0, NonImmediateOops: No
[2,149s][debug][gc,nmethod     ] Register NMethod: java.util.Collections$UnmodifiableCollection.size (0x00007a501bb40808) [0x00007a501bb40900, 0x00007a501bb40c40] Compiler: c1, Barriers: 1, Oops: 0, ImmediateOops: 0, NonImmediateOops: No
[2,149s][debug][gc,nmethod     ] Register NMethod: java.lang.Class.copyMethods (0x00007a501bb40c88) [0x00007a501bb40d80, 0x00007a501bb417b8] Compiler: c1, Barriers: 9, Oops: 0, ImmediateOops: 4, NonImmediateOops: No
[2,149s][debug][gc,nmethod     ] Rebuilding NMethod Table: 4096->8192 entries, 2868(70%->35%) registered, 0(0%->0%) unregistered
[2,149s][debug][gc,nmethod     ] Register NMethod: java.util.stream.ReduceOps$ReduceOp.evaluateSequential (0x00007a501bb41808) [0x00007a501bb41900, 0x00007a501bb42238] Compiler: c1, Barriers: 0, Oops: 0, ImmediateOops: 0, NonImmediateOops: No
[2,149s][debug][gc,nmethod     ] Register NMethod: java.lang.invoke.LambdaForm$Holder.constant_L (0x00007a503acc3888) [0x00007a503acc3980, 0x00007a503acc3aa0] Compiler: jvmci, Barriers: 1, Oops: 0, ImmediateOops: 0, NonImmediateOops: No
[2,150s][debug][gc,nmethod     ] Register NMethod: java.util.regex.Pattern$CharPropertyGreedy.match (0x00007a501bb42288) [0x00007a501bb42380, 0x00007a501bb430d0] Compiler: c1, Barriers: 2, Oops: 0, ImmediateOops: 0, NonImmediateOops: No
[2,150s][debug][gc,nmethod     ] Register NMethod: java.util.stream.Collectors$$Lambda/0x000000005d10f300.get (0x00007a501bb43108) [0x00007a501bb43200, 0x00007a501bb43548] Compiler: c1, Barriers: 3, Oops: 0, ImmediateOops: 1, NonImmediateOops: No
[2,150s][debug][gc,nmethod     ] Register NMethod: java.util.stream.Collectors.toList (0x00007a501bb43588) [0x00007a501bb43680, 0x00007a501bb43a48] Compiler: c1, Barriers: 0, Oops: 5, ImmediateOops: 4, NonImmediateOops: No
[2,150s][debug][gc,nmethod     ] Register NMethod: java.lang.StringLatin1.trim (0x00007a501bb43a88) [0x00007a501bb43b80, 0x00007a501bb43ef8] Compiler: c1, Barriers: 0, Oops: 0, ImmediateOops: 0, NonImmediateOops: No
[2,150s][debug][gc,nmethod     ] Register NMethod: org.junit.platform.commons.util.StringUtils.isNotBlank (0x00007a501bb43f08) [0x00007a501bb44000, 0x00007a501bb446a0] Compiler: c1, Barriers: 1, Oops: 1, ImmediateOops: 0, NonImmediateOops: No
[2,150s][debug][gc,nmethod     ] Register NMethod: org.junit.platform.commons.util.StringUtils.isBlank (0x00007a501bb44708) [0x00007a501bb44800, 0x00007a501bb451f8] Compiler: c1, Barriers: 3, Oops: 1, ImmediateOops: 0, NonImmediateOops: No
[2,150s][debug][gc,nmethod     ] Register NMethod: org.junit.platform.commons.util.Preconditions.notBlank (0x00007a501bb45208) [0x00007a501bb45300, 0x00007a501bb45b68] Compiler: c1, Barriers: 1, Oops: 1, ImmediateOops: 0, NonImmediateOops: No
[2,152s][debug][gc,nmethod     ] Register NMethod: java.io.FileDescriptor.attach (0x00007a501bb45b88) [0x00007a501bb45c80, 0x00007a501bb46c70] Compiler: c1, Barriers: 16, Oops: 0, ImmediateOops: 1, NonImmediateOops: No
[2,153s][debug][gc,nmethod     ] Register NMethod: jdk.internal.foreign.SegmentFactories.allocateNativeSegment (0x00007a501bb46c88) [0x00007a501bb46d80, 0x00007a501bb47340] Compiler: c1, Barriers: 3, Oops: 0, ImmediateOops: 1, NonImmediateOops: No
[2,153s][debug][gc,nmethod     ] Register NMethod: java.nio.Bits.reserveMemory (0x00007a501bb47388) [0x00007a501bb47480, 0x00007a501bb4a3c0] Compiler: c1, Barriers: 4, Oops: 4, ImmediateOops: 13, NonImmediateOops: No
[2,153s][debug][gc,nmethod     ] Register NMethod: jdk.internal.foreign.SharedSession.<init> (0x00007a501bb4a408) [0x00007a501bb4a500, 0x00007a501bb4a918] Compiler: c1, Barriers: 6, Oops: 0, ImmediateOops: 0, NonImmediateOops: No
[2,153s][debug][gc,nmethod     ] Register NMethod: java.lang.invoke.VarHandleReferences$FieldInstanceReadOnly.getVolatile (0x00007a501bb4a988) [0x00007a501bb4aa80, 0x00007a501bb4b4a8] Compiler: c1, Barriers: 2, Oops: 1, ImmediateOops: 0, NonImmediateOops: No
[2,153s][debug][gc,nmethod     ] Register NMethod: java.lang.foreign.Arena.ofAuto (0x00007a501bb4b508) [0x00007a501bb4b600, 0x00007a501bb4c108] Compiler: c1, Barriers: 6, Oops: 1, ImmediateOops: 1, NonImmediateOops: No
[2,154s][debug][gc,nmethod     ] Register NMethod: jdk.internal.foreign.MemorySessionImpl.createImplicit (0x00007a501bb4c188) [0x00007a501bb4c280, 0x00007a501bb4c938] Compiler: c1, Barriers: 3, Oops: 0, ImmediateOops: 0, NonImmediateOops: No
[2,154s][debug][gc,nmethod     ] Register NMethod: jdk.internal.foreign.SharedSession$SharedResourceList.add (0x00007a501bb4c988) [0x00007a501bb4ca80, 0x00007a501bb4f568] Compiler: c1, Barriers: 9, Oops: 7, ImmediateOops: 21, NonImmediateOops: No
[2,154s][debug][gc,nmethod     ] Register NMethod: jdk.internal.foreign.ImplicitSession.<init> (0x00007a501bb4f608) [0x00007a501bb4f700, 0x00007a501bb4fd90] Compiler: c1, Barriers: 6, Oops: 0, ImmediateOops: 0, NonImmediateOops: No
[2,154s][debug][gc,nmethod     ] Register NMethod: io.sirix.node.GrowingMemorySegment.writeShort (0x00007a501bb4fe08) [0x00007a501bb4ff00, 0x00007a501bb53d30] Compiler: c1, Barriers: 5, Oops: 6, ImmediateOops: 11, NonImmediateOops: No
[2,154s][debug][gc,nmethod     ] Register NMethod: io.sirix.node.GrowingMemorySegment.<init> (0x00007a501bb53d88) [0x00007a501bb53e80, 0x00007a501bb54a50] Compiler: c1, Barriers: 6, Oops: 2, ImmediateOops: 1, NonImmediateOops: No
[2,154s][debug][gc,nmethod     ] Register NMethod: io.sirix.page.delegates.ReferencesPage4.getReferences (0x00007a503acc3b88) [0x00007a503acc3c80, 0x00007a503acc3d68] Compiler: c1, Barriers: 1, Oops: 1, ImmediateOops: 0, NonImmediateOops: No
[2,154s][debug][gc,nmethod     ] Register NMethod: java.lang.invoke.VarHandleGuards.guard_L_L (0x00007a501bb54a88) [0x00007a501bb54b80, 0x00007a501bb58000] Compiler: c1, Barriers: 29, Oops: 0, ImmediateOops: 2, NonImmediateOops: No
[2,154s][debug][gc,nmethod     ] Register NMethod: io.sirix.node.GrowingMemorySegment.setPosition (0x00007a503acc3e88) [0x00007a503acc3f80, 0x00007a503acc4040] Compiler: c1, Barriers: 0, Oops: 1, ImmediateOops: 0, NonImmediateOops: No
[2,155s][debug][gc,nmethod     ] Register NMethod: java.util.Objects.checkIndex (0x00007a503acc4188) [0x00007a503acc4280, 0x00007a503acc4320] Compiler: jvmci, Barriers: 0, Oops: 0, ImmediateOops: 0, NonImmediateOops: No
[2,156s][debug][gc,nmethod     ] Register NMethod: net.jpountz.xxhash.StreamingXXHash32JNI.getValue (0x00007a501bb58008) [0x00007a501bb58100, 0x00007a501bb584f8] Compiler: c1, Barriers: 0, Oops: 1, ImmediateOops: 1, NonImmediateOops: No
[2,158s][debug][gc,nmethod     ] Register NMethod: java.io.FileDescriptor$1.get (0x00007a501bb58508) [0x00007a501bb58600, 0x00007a501bb58708] Compiler: c1, Barriers: 0, Oops: 0, ImmediateOops: 0, NonImmediateOops: No
[2,158s][debug][gc,nmethod     ] Register NMethod: java.io.FileDescriptor$1.getHandle (0x00007a501bb58808) [0x00007a501bb58900, 0x00007a501bb58a08] Compiler: c1, Barriers: 0, Oops: 0, ImmediateOops: 0, NonImmediateOops: No
[2,158s][debug][gc,nmethod     ] Register NMethod: java.io.FileCleanable.<init> (0x00007a501bb58b08) [0x00007a501bb58c00, 0x00007a501bb58d60] Compiler: c1, Barriers: 0, Oops: 0, ImmediateOops: 0, NonImmediateOops: No
[2,158s][debug][gc,nmethod     ] Register NMethod: java.io.FileCleanable.register (0x00007a501bb58e08) [0x00007a501bb58f00, 0x00007a501bb59c68] Compiler: c1, Barriers: 4, Oops: 2, ImmediateOops: 2, NonImmediateOops: No
[2,158s][debug][gc,nmethod     ] Register NMethod: io.sirix.access.DatabaseConfiguration$DatabasePaths.getFile (0x00007a503acc4488) [0x00007a503acc4580, 0x00007a503acc4668] Compiler: c1, Barriers: 1, Oops: 1, ImmediateOops: 0, NonImmediateOops: No
[2,158s][debug][gc,nmethod     ] Register NMethod: java.io.FileDescriptor.registerCleanup (0x00007a501bb59c88) [0x00007a501bb59d80, 0x00007a501bb5a408] Compiler: c1, Barriers: 4, Oops: 1, ImmediateOops: 1, NonImmediateOops: No
[2,158s][debug][gc,nmethod     ] Register NMethod: sun.nio.fs.UnixPath.toString (0x00007a501bb5a488) [0x00007a501bb5a580, 0x00007a501bb5aaf8] Compiler: c1, Barriers: 6, Oops: 0, ImmediateOops: 1, NonImmediateOops: No
[2,158s][debug][gc,director    ] Rule Major: Warmup 10%, Used: 312MB, UsedThreshold: 1228MB
[2,159s][debug][gc,nmethod     ] Register NMethod: io.sirix.node.xml.XmlDocumentRootNode.delegate (0x00007a503acc4788) [0x00007a503acc4880, 0x00007a503acc4968] Compiler: c1, Barriers: 1, Oops: 1, ImmediateOops: 0, NonImmediateOops: No
[2,159s][debug][gc,nmethod     ] Register NMethod: io.sirix.access.trx.page.NodePageReadOnlyTrx.getPage (0x00007a501bb5ab08) [0x00007a501bb5ac00, 0x00007a501bb5afa0] Compiler: c1, Barriers: 3, Oops: 1, ImmediateOops: 0, NonImmediateOops: No
[2,160s][debug][gc,nmethod     ] Register NMethod: io.sirix.access.trx.page.NodePageReadOnlyTrx.loadPage (0x00007a501bb5b008) [0x00007a501bb5b100, 0x00007a501bb5cab8] Compiler: c1, Barriers: 9, Oops: 1, ImmediateOops: 0, NonImmediateOops: No
[2,160s][debug][gc,nmethod     ] Register NMethod: java.util.stream.Node.getChildCount (0x00007a503acc4a88) [0x00007a503acc4b80, 0x00007a503acc4c40] Compiler: c1, Barriers: 0, Oops: 0, ImmediateOops: 0, NonImmediateOops: No
[2,160s][debug][gc,nmethod     ] Register NMethod: net.jpountz.xxhash.XXHashFactory.nativeInstance (0x00007a501bb5cb08) [0x00007a501bb5cc00, 0x00007a501bb5d170] Compiler: c1, Barriers: 5, Oops: 2, ImmediateOops: 5, NonImmediateOops: No
[2,160s][debug][gc,nmethod     ] Register NMethod: net.jpountz.lz4.LZ4Factory.nativeInstance (0x00007a501bb5d188) [0x00007a501bb5d280, 0x00007a501bb5d7f0] Compiler: c1, Barriers: 5, Oops: 2, ImmediateOops: 5, NonImmediateOops: No
[2,160s][debug][gc,nmethod     ] Register NMethod: java.util.BitSet.toByteArray (0x00007a501bb5d808) [0x00007a501bb5d900, 0x00007a501bb5e580] Compiler: c1, Barriers: 3, Oops: 0, ImmediateOops: 1, NonImmediateOops: No
[2,161s][debug][gc,nmethod     ] Register NMethod: net.jpountz.xxhash.StreamingXXHash32JNI.reset (0x00007a501bb5e588) [0x00007a501bb5e680, 0x00007a501bb5eac0] Compiler: c1, Barriers: 0, Oops: 1, ImmediateOops: 1, NonImmediateOops: No
[2,161s][debug][gc,nmethod     ] Register NMethod: net.jpountz.xxhash.StreamingXXHash32JNI.update (0x00007a501bb5eb08) [0x00007a501bb5ec00, 0x00007a501bb5f008] Compiler: c1, Barriers: 0, Oops: 1, ImmediateOops: 1, NonImmediateOops: No
[2,161s][debug][gc,nmethod     ] Register NMethod: net.jpountz.xxhash.StreamingXXHash32JNI$Factory.newStreamingHash (0x00007a501bb5f088) [0x00007a501bb5f180, 0x00007a501bb5f458] Compiler: c1, Barriers: 0, Oops: 1, ImmediateOops: 0, NonImmediateOops: No
[2,161s][debug][gc,nmethod     ] Register NMethod: io.sirix.page.KeyValueLeafPage.alignOffset (0x00007a503acc4d88) [0x00007a503acc4e80, 0x00007a503acc4ee8] Compiler: jvmci, Barriers: 0, Oops: 1, ImmediateOops: 0, NonImmediateOops: No
[2,161s][debug][gc,nmethod     ] Register NMethod: net.jpountz.xxhash.XXHashFactory.fastestInstance (0x00007a501bb5f488) [0x00007a501bb5f580, 0x00007a501bb62028] Compiler: c1, Barriers: 35, Oops: 5, ImmediateOops: 38, NonImmediateOops: No
[2,161s][debug][gc,nmethod     ] Register NMethod: io.sirix.io.bytepipe.ByteHandlerPipeline.serialize (0x00007a501bb62088) [0x00007a501bb62180, 0x00007a501bb62da0] Compiler: c1, Barriers: 1, Oops: 1, ImmediateOops: 0, NonImmediateOops: No
[2,161s][debug][gc,nmethod     ] Register NMethod: net.jpountz.xxhash.StreamingXXHash32.<init> (0x00007a501bb62e08) [0x00007a501bb62f00, 0x00007a501bb63080] Compiler: c1, Barriers: 0, Oops: 1, ImmediateOops: 0, NonImmediateOops: No
[2,161s][debug][gc,nmethod     ] Register NMethod: net.jpountz.xxhash.StreamingXXHash32JNI.<init> (0x00007a501bb63108) [0x00007a501bb63200, 0x00007a501bb63420] Compiler: c1, Barriers: 0, Oops: 1, ImmediateOops: 0, NonImmediateOops: No
[2,161s][debug][gc,nmethod     ] Register NMethod: net.jpountz.lz4.LZ4Factory.fastestInstance (0x00007a501bb63488) [0x00007a501bb63580, 0x00007a501bb66028] Compiler: c1, Barriers: 35, Oops: 5, ImmediateOops: 38, NonImmediateOops: No
[2,161s][debug][gc,nmethod     ] Register NMethod: net.jpountz.xxhash.StreamingXXHash32$1.<init> (0x00007a501bb66088) [0x00007a501bb66180, 0x00007a501bb66358] Compiler: c1, Barriers: 3, Oops: 1, ImmediateOops: 0, NonImmediateOops: No
[2,161s][debug][gc,nmethod     ] Register NMethod: net.jpountz.xxhash.XXHashFactory.newStreamingHash32 (0x00007a501bb66388) [0x00007a501bb66480, 0x00007a501bb66830] Compiler: c1, Barriers: 1, Oops: 1, ImmediateOops: 0, NonImmediateOops: No
[2,161s][debug][gc,nmethod     ] Register NMethod: net.jpountz.xxhash.StreamingXXHash32$1.getValue (0x00007a501bb66888) [0x00007a501bb66980, 0x00007a501bb66e70] Compiler: c1, Barriers: 1, Oops: 1, ImmediateOops: 1, NonImmediateOops: No
[2,161s][debug][gc,nmethod     ] Register NMethod: com.google.common.hash.MessageDigestHashFunction$MessageDigestHasher.checkNotDone (0x00007a501bb66e88) [0x00007a501bb66f80, 0x00007a501bb67308] Compiler: c1, Barriers: 0, Oops: 2, ImmediateOops: 2, NonImmediateOops: No
[2,162s][debug][gc,nmethod     ] Register NMethod: net.jpountz.xxhash.StreamingXXHash32.asChecksum (0x00007a501bb67388) [0x00007a501bb67480, 0x00007a501bb67708] Compiler: c1, Barriers: 3, Oops: 1, ImmediateOops: 0, NonImmediateOops: No
[2,162s][debug][gc,nmethod     ] Register NMethod: java.io.DataOutputStream.incCount (0x00007a501bb67788) [0x00007a501bb67880, 0x00007a501bb679b8] Compiler: c1, Barriers: 0, Oops: 0, ImmediateOops: 0, NonImmediateOops: No
[2,162s][debug][gc,nmethod     ] Register NMethod: com.google.common.base.Preconditions.checkState (0x00007a501bb67a88) [0x00007a501bb67b80, 0x00007a501bb68018] Compiler: c1, Barriers: 0, Oops: 1, ImmediateOops: 1, NonImmediateOops: No
[2,162s][debug][gc,nmethod     ] Register NMethod: net.jpountz.xxhash.StreamingXXHash32$1.reset (0x00007a501bb68088) [0x00007a501bb68180, 0x00007a501bb68690] Compiler: c1, Barriers: 1, Oops: 1, ImmediateOops: 1, NonImmediateOops: No
[2,162s][debug][gc,nmethod     ] Register NMethod: net.jpountz.xxhash.StreamingXXHash32$1.update (0x00007a501bb68708) [0x00007a501bb68800, 0x00007a501bb68988] Compiler: c1, Barriers: 1, Oops: 1, ImmediateOops: 0, NonImmediateOops: No
[2,162s][debug][gc,nmethod     ] Register NMethod: java.io.DataOutputStream.write (0x00007a501bb68a08) [0x00007a501bb68b00, 0x00007a501bb69030] Compiler: c1, Barriers: 1, Oops: 0, ImmediateOops: 0, NonImmediateOops: No
[2,162s][debug][gc,nmethod     ] Register NMethod: java.io.DataOutputStream.<init> (0x00007a501bb69088) [0x00007a501bb69180, 0x00007a501bb696b8] Compiler: c1, Barriers: 12, Oops: 0, ImmediateOops: 0, NonImmediateOops: No
[2,162s][debug][gc,nmethod     ] Register NMethod: java.io.ByteArrayOutputStream.<init> (0x00007a501bb69708) [0x00007a501bb69800, 0x00007a501bb6a6c8] Compiler: c1, Barriers: 3, Oops: 1, ImmediateOops: 2, NonImmediateOops: No
[2,162s][debug][gc,nmethod     ] Register NMethod: java.io.FilterOutputStream.close (0x00007a501bb6a708) [0x00007a501bb6a800, 0x00007a501bb6b7e8] Compiler: c1, Barriers: 4, Oops: 0, ImmediateOops: 0, NonImmediateOops: No
[2,162s][debug][gc,nmethod     ] Register NMethod: com.google.common.hash.MessageDigestHashFunction.newHasher (0x00007a501bb6b808) [0x00007a501bb6b900, 0x00007a501bb6cdb0] Compiler: c1, Barriers: 15, Oops: 1, ImmediateOops: 2, NonImmediateOops: No
[2,162s][debug][gc,nmethod     ] Register NMethod: java.io.ByteArrayOutputStream.toByteArray (0x00007a501bb6ce08) [0x00007a501bb6cf00, 0x00007a501bb6d1c8] Compiler: c1, Barriers: 1, Oops: 0, ImmediateOops: 0, NonImmediateOops: No
[2,162s][debug][gc,nmethod     ] Register NMethod: java.io.FilterOutputStream.write (0x00007a501bb6d208) [0x00007a501bb6d300, 0x00007a501bb6d610] Compiler: c1, Barriers: 0, Oops: 0, ImmediateOops: 0, NonImmediateOops: No
[2,162s][debug][gc,nmethod     ] Register NMethod: java.security.MessageDigest.update (0x00007a501bb6d688) [0x00007a501bb6d780, 0x00007a501bb6dec0] Compiler: c1, Barriers: 1, Oops: 0, ImmediateOops: 2, NonImmediateOops: No
[2,162s][debug][gc,nmethod     ] Register NMethod: com.google.common.base.Preconditions.checkArgument (0x00007a501bb6df08) [0x00007a501bb6e000, 0x00007a501bb6e7b8] Compiler: c1, Barriers: 4, Oops: 1, ImmediateOops: 1, NonImmediateOops: No
[2,163s][debug][gc,nmethod     ] Register NMethod: io.sirix.node.MemorySegmentBytesOut.<init> (0x00007a501bb6e808) [0x00007a501bb6e900, 0x00007a501bb6f678] Compiler: c1, Barriers: 9, Oops: 2, ImmediateOops: 1, NonImmediateOops: No
[2,163s][debug][gc,nmethod     ] Register NMethod: io.sirix.page.KeyValueLeafPage.addReferences (0x00007a501bb6f708) [0x00007a501bb6f800, 0x00007a501bb70890] Compiler: c1, Barriers: 5, Oops: 1, ImmediateOops: 0, NonImmediateOops: No
[2,163s][debug][gc,nmethod     ] Register NMethod: java.nio.MappedByteBuffer.limit (0x00007a501bb70908) [0x00007a501bb70a00, 0x00007a501bb70ba0] Compiler: c1, Barriers: 0, Oops: 0, ImmediateOops: 0, NonImmediateOops: No
[2,163s][debug][gc,nmethod     ] Register NMethod: net.jpountz.lz4.LZ4BlockOutputStream.writeIntLE (0x00007a503acc5088) [0x00007a503acc5180, 0x00007a503acc5298] Compiler: jvmci, Barriers: 0, Oops: 1, ImmediateOops: 0, NonImmediateOops: No
[2,163s][debug][gc,nmethod     ] Register NMethod: com.google.common.hash.MessageDigestHashFunction$MessageDigestHasher.hash (0x00007a501bb70c08) [0x00007a501bb70d00, 0x00007a501bb73800] Compiler: c1, Barriers: 13, Oops: 2, ImmediateOops: 2, NonImmediateOops: No
[2,163s][debug][gc,nmethod     ] Register NMethod: java.nio.HeapByteBuffer.isReadOnly (0x00007a503acc5388) [0x00007a503acc5480, 0x00007a503acc5540] Compiler: c1, Barriers: 0, Oops: 0, ImmediateOops: 0, NonImmediateOops: No
[2,166s][debug][gc,nmethod     ] Register NMethod: java.util.concurrent.CopyOnWriteArrayList.size (0x00007a501bb73888) [0x00007a501bb73980, 0x00007a501bb73c88] Compiler: c1, Barriers: 1, Oops: 0, ImmediateOops: 0, NonImmediateOops: No
[2,166s][debug][gc,nmethod     ] Register NMethod: com.github.benmanes.caffeine.cache.BoundedLocalCache$BoundedLocalManualCache.cache (0x00007a501bb73d08) [0x00007a501bb73e00, 0x00007a501bb73f58] Compiler: c1, Barriers: 1, Oops: 1, ImmediateOops: 0, NonImmediateOops: No
[2,166s][debug][gc,nmethod     ] Register NMethod: java.nio.CharBuffer.position (0x00007a503acc5688) [0x00007a503acc5780, 0x00007a503acc5860] Compiler: jvmci, Barriers: 0, Oops: 0, ImmediateOops: 0, NonImmediateOops: No
[2,167s][debug][gc,nmethod     ] Register NMethod: sun.nio.fs.UnixNativeDispatcher.access (0x00007a501bb74008) [0x00007a501bb74100, 0x00007a501bb74750] Compiler: c1, Barriers: 0, Oops: 0, ImmediateOops: 0, NonImmediateOops: No
[2,167s][debug][gc,nmethod     ] Register NMethod: java.nio.file.Files.exists (0x00007a501bb74788) [0x00007a501bb74880, 0x00007a501bb75048] Compiler: c1, Barriers: 2, Oops: 0, ImmediateOops: 0, NonImmediateOops: No
[2,167s][debug][gc,nmethod     ] Register NMethod: sun.nio.fs.UnixFileSystemProvider.exists (0x00007a501bb75088) [0x00007a501bb75180, 0x00007a501bb759d0] Compiler: c1, Barriers: 0, Oops: 0, ImmediateOops: 0, NonImmediateOops: No
[2,167s][debug][gc,nmethod     ] Register NMethod: java.lang.StringCoding.hasNegatives (0x00007a501bb75a08) [0x00007a501bb75b00, 0x00007a501bb75c68] Compiler: c1, Barriers: 0, Oops: 0, ImmediateOops: 0, NonImmediateOops: No
[2,167s][debug][gc,nmethod     ] Register NMethod: io.sirix.node.Utils.putVarLong (0x00007a501bb75d08) [0x00007a501bb75e00, 0x00007a501bb75f50] Compiler: c1, Barriers: 0, Oops: 1, ImmediateOops: 0, NonImmediateOops: No
[2,167s][debug][gc,nmethod     ] Register NMethod: io.sirix.node.MemorySegmentBytesOut.writeStopBit (0x00007a501bb76008) [0x00007a501bb76100, 0x00007a501bb764a0] Compiler: c1, Barriers: 2, Oops: 1, ImmediateOops: 0, NonImmediateOops: No
[2,168s][debug][gc,nmethod     ] Register NMethod: org.magicwerk.brownies.collections.IList$Iter.hasNext (0x00007a501bb76508) [0x00007a501bb76600, 0x00007a501bb76a10] Compiler: c1, Barriers: 1, Oops: 1, ImmediateOops: 0, NonImmediateOops: No
[2,168s][debug][gc,nmethod     ] Register NMethod: io.sirix.node.MemorySegmentBytesIn.toByteArray (0x00007a501bb76a88) [0x00007a501bb76b80, 0x00007a501bb7d9d0] Compiler: c1, Barriers: 7, Oops: 9, ImmediateOops: 16, NonImmediateOops: No
[2,168s][debug][gc,director    ] Rule Major: Warmup 10%, Used: 318MB, UsedThreshold: 1228MB
[2,169s][debug][gc,nmethod     ] Register NMethod: jdk.internal.misc.Unsafe.putIntVolatile (0x00007a503acc5988) [0x00007a503acc5a80, 0x00007a503acc5bd8] Compiler: , Barriers: 0, Oops: 0, ImmediateOops: 0, NonImmediateOops: No
[2,170s][debug][gc,nmethod     ] Register NMethod: io.sirix.page.KeyValueLeafPage.close (0x00007a501bb7da88) [0x00007a501bb7db80, 0x00007a501bb7fa08] Compiler: c1, Barriers: 34, Oops: 4, ImmediateOops: 6, NonImmediateOops: No
[2,171s][debug][gc,nmethod     ] Register NMethod: jdk.internal.misc.Blocker.end (0x00007a501bb7fa88) [0x00007a501bb7fb80, 0x00007a501bb80018] Compiler: c1, Barriers: 1, Oops: 0, ImmediateOops: 1, NonImmediateOops: No
[2,171s][debug][gc,nmethod     ] Register NMethod: com.google.gson.stream.JsonWriter.beforeName (0x00007a501bb80088) [0x00007a501bb80180, 0x00007a501bb808e0] Compiler: c1, Barriers: 3, Oops: 1, ImmediateOops: 2, NonImmediateOops: No
[2,172s][debug][gc,nmethod     ] Register NMethod: java.nio.ByteBuffer.arrayOffset (0x00007a503acc5c88) [0x00007a503acc5d80, 0x00007a503acc5e90] Compiler: jvmci, Barriers: 1, Oops: 0, ImmediateOops: 0, NonImmediateOops: No
[2,172s][debug][gc,nmethod     ] Register NMethod: java.util.concurrent.ConcurrentHashMap.computeIfPresent (0x00007a501bb80908) [0x00007a501bb80a00, 0x00007a501bb82cd0] Compiler: c1, Barriers: 17, Oops: 0, ImmediateOops: 1, NonImmediateOops: No
[2,173s][debug][gc,nmethod     ] Register NMethod: io.sirix.utils.OS.isWindows (0x00007a501bb82d08) [0x00007a501bb82e00, 0x00007a501bb82ee8] Compiler: c1, Barriers: 0, Oops: 1, ImmediateOops: 0, NonImmediateOops: No
[2,173s][debug][gc,nmethod     ] Register NMethod: io.sirix.cache.LinuxMemorySegmentAllocator.getInstance (0x00007a501bb83008) [0x00007a501bb83100, 0x00007a501bb831e8] Compiler: c1, Barriers: 0, Oops: 1, ImmediateOops: 1, NonImmediateOops: No
[2,173s][debug][gc,nmethod     ] Register NMethod: java.lang.Short.valueOf (0x00007a501bb83308) [0x00007a501bb83400, 0x00007a501bb83718] Compiler: c1, Barriers: 1, Oops: 0, ImmediateOops: 1, NonImmediateOops: No
[2,173s][debug][gc,nmethod     ] Register NMethod: io.sirix.index.IndexType.getID (0x00007a503acc5f88) [0x00007a503acc6080, 0x00007a503acc6148] Compiler: c1, Barriers: 0, Oops: 1, ImmediateOops: 0, NonImmediateOops: No
[2,173s][debug][gc,nmethod     ] Register NMethod: io.sirix.page.RevisionRootPage.getNamePageReference (0x00007a501bb83788) [0x00007a501bb83880, 0x00007a501bb83df0] Compiler: c1, Barriers: 1, Oops: 1, ImmediateOops: 0, NonImmediateOops: No
[2,173s][debug][gc,nmethod     ] Register NMethod: io.sirix.api.PageReadOnlyTrx.recordPageOffset (0x00007a501bb83e08) [0x00007a501bb83f00, 0x00007a501bb83ff8] Compiler: c1, Barriers: 0, Oops: 1, ImmediateOops: 0, NonImmediateOops: No
[2,173s][debug][gc,nmethod     ] Register NMethod: jdk.internal.foreign.HeapMemorySegmentImpl$OfByte.unsafeGetOffset (0x00007a501bb84108) [0x00007a501bb84200, 0x00007a501bb84318] Compiler: c1, Barriers: 0, Oops: 0, ImmediateOops: 0, NonImmediateOops: No
[2,173s][debug][gc,nmethod     ] Register NMethod: java.util.stream.ReferencePipeline$StatefulOp.<init> (0x00007a501bb84408) [0x00007a501bb84500, 0x00007a501bb846b8] Compiler: c1, Barriers: 0, Oops: 0, ImmediateOops: 0, NonImmediateOops: No
[2,174s][debug][gc,nmethod     ] Register NMethod: java.util.stream.SortedOps$AbstractRefSortingSink.<init> (0x00007a501bb84708) [0x00007a501bb84800, 0x00007a501bb84e10] Compiler: c1, Barriers: 6, Oops: 0, ImmediateOops: 0, NonImmediateOops: No
[2,174s][debug][gc,nmethod     ] Register NMethod: java.util.Arrays.sort (0x00007a501bb84e88) [0x00007a501bb84f80, 0x00007a501bb851b0] Compiler: c1, Barriers: 0, Oops: 0, ImmediateOops: 0, NonImmediateOops: No
[2,174s][debug][gc,nmethod     ] Register NMethod: java.util.stream.SortedOps$OfRef.opWrapSink (0x00007a501bb85208) [0x00007a501bb85300, 0x00007a501bb86810] Compiler: c1, Barriers: 14, Oops: 2, ImmediateOops: 2, NonImmediateOops: No
[2,174s][debug][gc,nmethod     ] Register NMethod: jdk.internal.foreign.GlobalSession.acquire0 (0x00007a501bb86888) [0x00007a501bb86980, 0x00007a501bb86a80] Compiler: c1, Barriers: 0, Oops: 0, ImmediateOops: 0, NonImmediateOops: No
[2,174s][debug][gc,nmethod     ] Register NMethod: jdk.internal.foreign.GlobalSession.release0 (0x00007a501bb86b88) [0x00007a501bb86c80, 0x00007a501bb86d80] Compiler: c1, Barriers: 0, Oops: 0, ImmediateOops: 0, NonImmediateOops: No
[2,174s][debug][gc,nmethod     ] Register NMethod: sun.security.provider.DigestBase.engineDigest (0x00007a501bb86e88) [0x00007a501bb86f80, 0x00007a501bb873c8] Compiler: c1, Barriers: 0, Oops: 0, ImmediateOops: 1, NonImmediateOops: No
[2,175s][debug][gc,nmethod     ] Register NMethod: jdk.internal.foreign.abi.SharedUtils.checkNative (0x00007a501bb87408) [0x00007a501bb87500, 0x00007a501bb888a0] Compiler: c1, Barriers: 0, Oops: 1, ImmediateOops: 3, NonImmediateOops: No
[2,175s][debug][gc,nmethod     ] Register NMethod: java.security.MessageDigestSpi.<init> (0x00007a501bb88908) [0x00007a501bb88a00, 0x00007a501bb88b58] Compiler: c1, Barriers: 0, Oops: 0, ImmediateOops: 0, NonImmediateOops: No
[2,175s][debug][gc,nmethod     ] Register NMethod: sun.security.provider.ByteArrayAccess.i2bBig (0x00007a501bb88c08) [0x00007a501bb88d00, 0x00007a501bb89960] Compiler: c1, Barriers: 0, Oops: 5, ImmediateOops: 5, NonImmediateOops: No
[2,175s][debug][gc,nmethod     ] Register NMethod: org.magicwerk.brownies.collections.IList$Iter.next (0x00007a501bb89a08) [0x00007a501bb89b00, 0x00007a501bb8a2f8] Compiler: c1, Barriers: 2, Oops: 1, ImmediateOops: 0, NonImmediateOops: No
[2,175s][debug][gc,nmethod     ] Register NMethod: io.sirix.io.AbstractReader.getByteHandler (0x00007a503acc6288) [0x00007a503acc6380, 0x00007a503acc6468] Compiler: c1, Barriers: 1, Oops: 1, ImmediateOops: 0, NonImmediateOops: No
[2,176s][debug][gc,nmethod     ] Register NMethod: jdk.internal.foreign.AbstractMemorySegmentImpl.checkAccess (0x00007a503acc6588) [0x00007a503acc6680, 0x00007a503acc67f8] Compiler: jvmci, Barriers: 0, Oops: 0, ImmediateOops: 0, NonImmediateOops: No
[2,177s][debug][gc,nmethod     ] Register NMethod: sun.nio.ch.UnixFileDispatcherImpl.pread0 (0x00007a503acc6888) [0x00007a503acc6980, 0x00007a503acc6af8] Compiler: , Barriers: 0, Oops: 0, ImmediateOops: 1, NonImmediateOops: No
[2,177s][debug][gc,nmethod     ] Register NMethod: io.sirix.access.trx.page.NodePageReadOnlyTrx.unpinRecordPage (0x00007a501bb8a308) [0x00007a501bb8a400, 0x00007a501bb8a500] Compiler: c1, Barriers: 0, Oops: 1, ImmediateOops: 0, NonImmediateOops: No
[2,179s][debug][gc,director    ] Rule Major: Warmup 10%, Used: 326MB, UsedThreshold: 1228MB
[2,179s][debug][gc,nmethod     ] Register NMethod: sun.nio.fs.UnixNativeDispatcher.mkdir0 (0x00007a503acc6b88) [0x00007a503acc6c80, 0x00007a503acc6dd0] Compiler: , Barriers: 0, Oops: 0, ImmediateOops: 1, NonImmediateOops: No
[2,179s][debug][gc,nmethod     ] Register NMethod: com.google.common.base.Preconditions.checkArgument (0x00007a501bb8a608) [0x00007a501bb8a700, 0x00007a501bb8ab80] Compiler: c1, Barriers: 0, Oops: 1, ImmediateOops: 1, NonImmediateOops: No
[2,180s][debug][gc,nmethod     ] Register NMethod: io.sirix.node.AbstractForwardingNode.<init> (0x00007a501bb8ac08) [0x00007a501bb8ad00, 0x00007a501bb8aeb8] Compiler: c1, Barriers: 0, Oops: 1, ImmediateOops: 0, NonImmediateOops: No
[2,180s][debug][gc,nmethod     ] Register NMethod: it.unimi.dsi.fastutil.shorts.ShortListIterator.next (0x00007a501bb8af08) [0x00007a501bb8b000, 0x00007a501bb8b268] Compiler: c1, Barriers: 0, Oops: 1, ImmediateOops: 0, NonImmediateOops: No
[2,180s][debug][gc,nmethod     ] Register NMethod: it.unimi.dsi.fastutil.shorts.ShortIterator.next (0x00007a501bb8b288) [0x00007a501bb8b380, 0x00007a501bb8b530] Compiler: c1, Barriers: 0, Oops: 1, ImmediateOops: 0, NonImmediateOops: No
[2,180s][debug][gc,nmethod     ] Register NMethod: io.sirix.cache.SegmentAllocators.getIndexForSize (0x00007a501bb8b588) [0x00007a501bb8b680, 0x00007a501bb8bbb8] Compiler: c1, Barriers: 0, Oops: 1, ImmediateOops: 2, NonImmediateOops: No
[2,180s][debug][gc,nmethod     ] Register NMethod: it.unimi.dsi.fastutil.shorts.ShortListIterator.next (0x00007a501bb8bc08) [0x00007a501bb8bd00, 0x00007a501bb8c1a8] Compiler: c1, Barriers: 0, Oops: 1, ImmediateOops: 0, NonImmediateOops: No
[2,180s][debug][gc,nmethod     ] Register NMethod: it.unimi.dsi.fastutil.shorts.ShortArrayList$1.nextShort (0x00007a501bb8c208) [0x00007a501bb8c300, 0x00007a501bb8c670] Compiler: c1, Barriers: 2, Oops: 1, ImmediateOops: 0, NonImmediateOops: No
[2,180s][debug][gc,nmethod     ] Register NMethod: io.sirix.node.AbstractForwardingNode.getNodeKey (0x00007a501bb8c688) [0x00007a501bb8c780, 0x00007a501bb8cab0] Compiler: c1, Barriers: 0, Oops: 1, ImmediateOops: 0, NonImmediateOops: No
[2,180s][debug][gc,nmethod     ] Register NMethod: jdk.internal.misc.Unsafe.getLongUnaligned (0x00007a501bb8cb08) [0x00007a501bb8cc00, 0x00007a501bb8cde0] Compiler: c1, Barriers: 0, Oops: 0, ImmediateOops: 0, NonImmediateOops: No
[2,180s][debug][gc,nmethod     ] Register NMethod: io.sirix.node.delegates.StructNodeDelegate.getDescendantCount (0x00007a503acc6e88) [0x00007a503acc6f80, 0x00007a503acc7040] Compiler: c1, Barriers: 0, Oops: 1, ImmediateOops: 0, NonImmediateOops: No
[2,181s][debug][gc,nmethod     ] Register NMethod: jdk.internal.misc.ScopedMemoryAccess.getLongUnalignedInternal (0x00007a501bb8ce08) [0x00007a501bb8cf00, 0x00007a501bb8d678] Compiler: c1, Barriers: 2, Oops: 0, ImmediateOops: 3, NonImmediateOops: No
[2,181s][debug][gc,nmethod     ] Register NMethod: java.security.MessageDigest$Delegate$CloneableDelegate.<init> (0x00007a501bb8d688) [0x00007a501bb8d780, 0x00007a501bb8db68] Compiler: c1, Barriers: 9, Oops: 0, ImmediateOops: 0, NonImmediateOops: No
[2,181s][debug][gc,nmethod     ] Register NMethod: io.sirix.io.bytepipe.LZ4Compressor.serialize (0x00007a501bb8db88) [0x00007a501bb8dc80, 0x00007a501bb8e138] Compiler: c1, Barriers: 1, Oops: 1, ImmediateOops: 0, NonImmediateOops: No
[2,181s][debug][gc,nmethod     ] Register NMethod: jdk.internal.misc.ScopedMemoryAccess.getLongUnaligned (0x00007a501bb8e188) [0x00007a501bb8e280, 0x00007a501bb8f0e8] Compiler: c1, Barriers: 3, Oops: 0, ImmediateOops: 3, NonImmediateOops: No
[2,181s][debug][gc,nmethod     ] Register NMethod: java.util.concurrent.ConcurrentHashMap$CollectionView.<init> (0x00007a501bb8f108) [0x00007a501bb8f200, 0x00007a501bb8f3d0] Compiler: c1, Barriers: 3, Oops: 0, ImmediateOops: 0, NonImmediateOops: No
[2,181s][debug][gc,nmethod     ] Register NMethod: net.jpountz.lz4.LZ4Utils.maxCompressedLength (0x00007a501bb8f408) [0x00007a501bb8f500, 0x00007a501bb90308] Compiler: c1, Barriers: 0, Oops: 2, ImmediateOops: 3, NonImmediateOops: No
[2,181s][debug][gc,nmethod     ] Register NMethod: net.jpountz.lz4.LZ4Compressor.maxCompressedLength (0x00007a501bb90388) [0x00007a501bb90480, 0x00007a501bb905b0] Compiler: c1, Barriers: 0, Oops: 1, ImmediateOops: 0, NonImmediateOops: No
[2,181s][debug][gc,nmethod     ] Register NMethod: java.util.BitSet.set (0x00007a503acc7188) [0x00007a503acc7280, 0x00007a503acc7420] Compiler: jvmci, Barriers: 1, Oops: 0, ImmediateOops: 0, NonImmediateOops: No
[2,181s][debug][gc,nmethod     ] Register NMethod: java.lang.invoke.MethodHandle.maybeCustomize (0x00007a501b7bbb88) [0x00007a501b7bbc80, 0x00007a501b7bc318] Compiler: c1, Barriers: 2, Oops: 0, ImmediateOops: 0, NonImmediateOops: No
[2,182s][debug][gc,nmethod     ] Register NMethod: net.jpountz.lz4.LZ4BlockOutputStream.write (0x00007a501bb90688) [0x00007a501bb90780, 0x00007a501bb91228] Compiler: c1, Barriers: 2, Oops: 1, ImmediateOops: 2, NonImmediateOops: No
[2,182s][debug][gc,nmethod     ] Register NMethod: net.jpountz.lz4.LZ4Compressor.compress (0x00007a501bb91288) [0x00007a501bb91380, 0x00007a501bb91688] Compiler: c1, Barriers: 0, Oops: 1, ImmediateOops: 0, NonImmediateOops: No
[2,182s][debug][gc,nmethod     ] Register NMethod: net.jpountz.lz4.LZ4BlockOutputStream.compressionLevel (0x00007a501bb91708) [0x00007a501bb91800, 0x00007a501bb93538] Compiler: c1, Barriers: 0, Oops: 3, ImmediateOops: 4, NonImmediateOops: No
[2,182s][debug][gc,nmethod     ] Register NMethod: sun.security.provider.SHA2.implDigest (0x00007a501bb93588) [0x00007a501bb93680, 0x00007a501bb95818] Compiler: c1, Barriers: 4, Oops: 5, ImmediateOops: 12, NonImmediateOops: No
[2,182s][debug][gc,nmethod     ] Register NMethod: net.jpountz.lz4.LZ4BlockOutputStream.<init> (0x00007a501bb95888) [0x00007a501bb95980, 0x00007a501bb98710] Compiler: c1, Barriers: 36, Oops: 5, ImmediateOops: 38, NonImmediateOops: No
[2,182s][debug][gc,nmethod     ] Register NMethod: net.jpountz.lz4.LZ4BlockOutputStream.<init> (0x00007a501bb98788) [0x00007a501bb98880, 0x00007a501bb99288] Compiler: c1, Barriers: 18, Oops: 1, ImmediateOops: 1, NonImmediateOops: No
[2,182s][debug][gc,nmethod     ] Register NMethod: java.security.MessageDigestSpi.clone (0x00007a501bb99308) [0x00007a501bb99400, 0x00007a501bb99c58] Compiler: c1, Barriers: 5, Oops: 0, ImmediateOops: 0, NonImmediateOops: No
[2,182s][debug][gc,nmethod     ] Register NMethod: net.jpountz.lz4.LZ4BlockOutputStream.close (0x00007a501bb99c88) [0x00007a501bb99d80, 0x00007a501bb9a1f8] Compiler: c1, Barriers: 4, Oops: 1, ImmediateOops: 0, NonImmediateOops: No
[2,182s][debug][gc,nmethod     ] Register NMethod: net.jpountz.lz4.LZ4BlockOutputStream.<init> (0x00007a501bb9a208) [0x00007a501bb9a300, 0x00007a501bb9d698] Compiler: c1, Barriers: 39, Oops: 5, ImmediateOops: 38, NonImmediateOops: No
[2,182s][debug][gc,nmethod     ] Register NMethod: sun.security.provider.SHA2$SHA256.clone (0x00007a501bb9d708) [0x00007a501bb9d800, 0x00007a501bb9e210] Compiler: c1, Barriers: 14, Oops: 0, ImmediateOops: 0, NonImmediateOops: No
[2,183s][debug][gc,nmethod     ] Register NMethod: net.jpountz.lz4.LZ4JNICompressor.compress (0x00007a501bb9e288) [0x00007a501bb9e380, 0x00007a501bb9efc0] Compiler: c1, Barriers: 0, Oops: 1, ImmediateOops: 3, NonImmediateOops: No
[2,183s][debug][gc,nmethod     ] Register NMethod: jdk.internal.foreign.Utils.isAligned (0x00007a501bb9f008) [0x00007a501bb9f100, 0x00007a501bb9f240] Compiler: c1, Barriers: 0, Oops: 0, ImmediateOops: 0, NonImmediateOops: No
[2,183s][debug][gc,nmethod     ] Register NMethod: net.jpountz.lz4.LZ4BlockOutputStream.finish (0x00007a501bb9f308) [0x00007a501bb9f400, 0x00007a501bb9fd08] Compiler: c1, Barriers: 6, Oops: 1, ImmediateOops: 1, NonImmediateOops: No
[2,183s][debug][gc,nmethod     ] Register NMethod: sun.nio.ch.UnixFileDispatcherImpl.size (0x00007a501bb9fd88) [0x00007a501bb9fe80, 0x00007a501bb9ffb0] Compiler: c1, Barriers: 0, Oops: 0, ImmediateOops: 0, NonImmediateOops: No
[2,183s][debug][gc,nmethod     ] Register NMethod: sun.security.provider.DigestBase.clone (0x00007a501bba0088) [0x00007a501bba0180, 0x00007a501bba06c0] Compiler: c1, Barriers: 7, Oops: 0, ImmediateOops: 0, NonImmediateOops: No
[2,183s][debug][gc,nmethod     ] Register NMethod: sun.security.provider.SHA2.clone (0x00007a501bba0708) [0x00007a501bba0800, 0x00007a501bba11a8] Compiler: c1, Barriers: 14, Oops: 0, ImmediateOops: 0, NonImmediateOops: No
[2,183s][debug][gc,nmethod     ] Register NMethod: sun.nio.ch.IOStatus.normalize (0x00007a501bba1208) [0x00007a501bba1300, 0x00007a501bba1440] Compiler: c1, Barriers: 0, Oops: 0, ImmediateOops: 0, NonImmediateOops: No
[2,183s][debug][gc,nmethod     ] Register NMethod: net.jpountz.lz4.LZ4BlockOutputStream.flushBufferedData (0x00007a501bba1508) [0x00007a501bba1600, 0x00007a501bba26a0] Compiler: c1, Barriers: 14, Oops: 1, ImmediateOops: 0, NonImmediateOops: No
[2,183s][debug][gc,nmethod     ] Register NMethod: io.sirix.page.PageKind.getKind (0x00007a501bba2708) [0x00007a501bba2800, 0x00007a501bba3088] Compiler: c1, Barriers: 1, Oops: 2, ImmediateOops: 1, NonImmediateOops: No
[2,183s][debug][gc,nmethod     ] Register NMethod: java.lang.invoke.DirectMethodHandle.allocateInstance (0x00007a503acc7488) [0x00007a503acc7580, 0x00007a503acc78e0] Compiler: jvmci, Barriers: 2, Oops: 0, ImmediateOops: 1, NonImmediateOops: No
[2,183s][debug][gc,nmethod     ] Register NMethod: java.util.concurrent.ForkJoinPool.compareAndSetCtl (0x00007a501bba3108) [0x00007a501bba3200, 0x00007a501bba3320] Compiler: c1, Barriers: 0, Oops: 0, ImmediateOops: 0, NonImmediateOops: No
[2,183s][debug][gc,nmethod     ] Register NMethod: io.sirix.page.PagePersister.serializePage (0x00007a501bba3408) [0x00007a501bba3500, 0x00007a501bba4230] Compiler: c1, Barriers: 1, Oops: 2, ImmediateOops: 1, NonImmediateOops: No
[2,183s][debug][gc,nmethod     ] Register NMethod: io.sirix.page.KeyValueLeafPage.getHashCode (0x00007a503acc7908) [0x00007a503acc7a00, 0x00007a503acc7af0] Compiler: c1, Barriers: 1, Oops: 1, ImmediateOops: 0, NonImmediateOops: No
[2,183s][debug][gc,nmethod     ] Register NMethod: io.sirix.page.NamePage.delegate (0x00007a503acc7c08) [0x00007a503acc7d00, 0x00007a503acc7de8] Compiler: c1, Barriers: 1, Oops: 1, ImmediateOops: 0, NonImmediateOops: No
[2,184s][debug][gc,nmethod     ] Register NMethod: sun.nio.ch.FileChannelImpl.size (0x00007a501bba4288) [0x00007a501bba4380, 0x00007a501bba6138] Compiler: c1, Barriers: 6, Oops: 0, ImmediateOops: 1, NonImmediateOops: No
[2,184s][debug][gc,nmethod     ] Register NMethod: sun.nio.ch.IOUtil.bufferAddress (0x00007a501bba6188) [0x00007a501bba6280, 0x00007a501bba63e0] Compiler: c1, Barriers: 0, Oops: 0, ImmediateOops: 1, NonImmediateOops: No
[2,184s][debug][gc,nmethod     ] Register NMethod: sun.nio.ch.IOStatus.normalize (0x00007a501bba6488) [0x00007a501bba6580, 0x00007a501bba66b8] Compiler: c1, Barriers: 0, Oops: 0, ImmediateOops: 0, NonImmediateOops: No
[2,184s][debug][gc,nmethod     ] Register NMethod: sun.nio.ch.IOUtil.acquireScope (0x00007a501bba6788) [0x00007a501bba6880, 0x00007a501bba7d78] Compiler: c1, Barriers: 5, Oops: 0, ImmediateOops: 3, NonImmediateOops: No
[2,184s][debug][gc,nmethod     ] Register NMethod: sun.nio.ch.IOUtil.releaseScope (0x00007a501bba7d88) [0x00007a501bba7e80, 0x00007a501bba8aa0] Compiler: c1, Barriers: 2, Oops: 0, ImmediateOops: 1, NonImmediateOops: No
[2,185s][debug][gc,nmethod     ] Register NMethod: io.sirix.node.MemorySegmentBytesOut.getDestination (0x00007a501bba8b08) [0x00007a501bba8c00, 0x00007a501bba8d78] Compiler: c1, Barriers: 1, Oops: 1, ImmediateOops: 0, NonImmediateOops: No
[2,185s][debug][gc,nmethod     ] Register NMethod: java.nio.DirectByteBuffer.base (0x00007a503acc7f08) [0x00007a503acc8000, 0x00007a503acc80c8] Compiler: c1, Barriers: 0, Oops: 0, ImmediateOops: 0, NonImmediateOops: No
[2,187s][debug][gc,nmethod     ] Register NMethod: io.sirix.io.filechannel.FileChannelWriter.writePageReference (0x00007a501bba8e08) [0x00007a501bba8f00, 0x00007a501bbb20b0] Compiler: c1, Barriers: 52, Oops: 5, ImmediateOops: 14, NonImmediateOops: No
[2,187s][debug][gc,nmethod     ] Register NMethod: java.lang.invoke.SegmentVarHandle.checkSegment (0x00007a503acc8208) [0x00007a503acc8300, 0x00007a503acc8618] Compiler: jvmci, Barriers: 1, Oops: 0, ImmediateOops: 0, NonImmediateOops: No
[2,188s][debug][gc,nmethod     ] Register NMethod: io.sirix.page.PageKind$1.serializePage (0x00007a503acc8688) [0x00007a503acc8780, 0x00007a503accb640] Compiler: jvmci, Barriers: 59, Oops: 11, ImmediateOops: 7, NonImmediateOops: No
[2,189s][debug][gc,director    ] Rule Major: Warmup 10%, Used: 328MB, UsedThreshold: 1228MB
[2,189s][debug][gc,nmethod     ] Register NMethod: com.github.benmanes.caffeine.cache.NodeFactory.newLookupKey (0x00007a501bbb2108) [0x00007a501bbb2200, 0x00007a501bbb2300] Compiler: c1, Barriers: 0, Oops: 1, ImmediateOops: 0, NonImmediateOops: No
[2,189s][debug][gc,nmethod     ] Register NMethod: io.sirix.page.PageReference.<init> (0x00007a501bbb2408) [0x00007a501bbb2500, 0x00007a501bbb2b30] Compiler: c1, Barriers: 9, Oops: 1, ImmediateOops: 1, NonImmediateOops: No
[2,190s][debug][gc,nmethod     ] Register NMethod: io.sirix.access.trx.page.NodePageReadOnlyTrx.getNamePage (0x00007a501bbb2b88) [0x00007a501bbb2c80, 0x00007a501bbb3c58] Compiler: c1, Barriers: 4, Oops: 1, ImmediateOops: 1, NonImmediateOops: No
[2,190s][debug][gc,nmethod     ] Register NMethod: java.nio.file.Path.resolve (0x00007a501bbb3c88) [0x00007a501bbb3d80, 0x00007a501bbb42d0] Compiler: c1, Barriers: 1, Oops: 0, ImmediateOops: 0, NonImmediateOops: No
[2,190s][debug][gc,nmethod     ] Register NMethod: java.util.concurrent.ForkJoinPool$WorkQueue.push (0x00007a501bbb4308) [0x00007a501bbb4400, 0x00007a501bbb50a8] Compiler: c1, Barriers: 9, Oops: 0, ImmediateOops: 1, NonImmediateOops: No
[2,191s][debug][gc,nmethod     ] Register NMethod: jdk.internal.foreign.SegmentFactories$1.cleanup (0x00007a501bbb5108) [0x00007a501bbb5200, 0x00007a501bbb57c0] Compiler: c1, Barriers: 0, Oops: 1, ImmediateOops: 4, NonImmediateOops: No
[2,191s][debug][gc,nmethod     ] Register NMethod: jdk.internal.foreign.layout.ValueLayouts$AbstractValueLayout.<init> (0x00007a501bbb5808) [0x00007a501bbb5900, 0x00007a501bbb5e68] Compiler: c1, Barriers: 9, Oops: 0, ImmediateOops: 0, NonImmediateOops: No
[2,191s][debug][gc,nmethod     ] Register NMethod: java.util.concurrent.ForkJoinPool$WorkQueue.nextLocalTask (0x00007a501bbb5e88) [0x00007a501bbb5f80, 0x00007a501bbb6fd8] Compiler: c1, Barriers: 9, Oops: 1, ImmediateOops: 1, NonImmediateOops: No
[2,191s][debug][gc,nmethod     ] Register NMethod: jdk.internal.foreign.AbstractMemorySegmentImpl.checkArraySize (0x00007a501bbb7008) [0x00007a501bbb7100, 0x00007a501bbb9f00] Compiler: c1, Barriers: 27, Oops: 2, ImmediateOops: 5, NonImmediateOops: No
[2,198s][debug][gc,nmethod     ] Register NMethod: sun.security.provider.SHA2.implCompress0 (0x00007a503accb708) [0x00007a503accb800, 0x00007a503accc0c8] Compiler: jvmci, Barriers: 2, Oops: 0, ImmediateOops: 1, NonImmediateOops: No
[2,199s][debug][gc,director    ] Rule Major: Warmup 10%, Used: 330MB, UsedThreshold: 1228MB
[2,200s][debug][gc,nmethod     ] Register NMethod: java.io.FileDescriptor.unregisterCleanup (0x00007a501bbb9f88) [0x00007a501bbba080, 0x00007a501bbba5b8] Compiler: c1, Barriers: 4, Oops: 0, ImmediateOops: 0, NonImmediateOops: No
[2,200s][debug][gc,nmethod     ] Register NMethod: java.io.FileDescriptor.close (0x00007a501bbba608) [0x00007a501bbba700, 0x00007a501bbbaff8] Compiler: c1, Barriers: 4, Oops: 0, ImmediateOops: 0, NonImmediateOops: No
[2,201s][debug][gc,nmethod     ] Register NMethod: sun.nio.fs.Util.followLinks (0x00007a501ba9aa88) [0x00007a501ba9ab80, 0x00007a501ba9afd0] Compiler: c1, Barriers: 2, Oops: 0, ImmediateOops: 3, NonImmediateOops: No
[2,202s][debug][gc,nmethod     ] Register NMethod: java.lang.invoke.MethodHandle.linkToVirtual (0x00007a503accc108) [0x00007a503accc200, 0x00007a503accc228] Compiler: , Barriers: 0, Oops: 0, ImmediateOops: 0, NonImmediateOops: No
[2,205s][debug][gc,nmethod     ] Register NMethod: java.lang.Byte.toUnsignedInt (0x00007a503accc408) [0x00007a503accc500, 0x00007a503accc568] Compiler: jvmci, Barriers: 0, Oops: 0, ImmediateOops: 0, NonImmediateOops: No
[2,205s][debug][gc,nmethod     ] Register NMethod: java.util.concurrent.locks.AbstractQueuedLongSynchronizer.getState (0x00007a503accc708) [0x00007a503accc800, 0x00007a503accc8c8] Compiler: c1, Barriers: 0, Oops: 0, ImmediateOops: 0, NonImmediateOops: No
[2,205s][debug][gc,nmethod     ] Register NMethod: java.io.UnixFileSystem.delete0 (0x00007a503accca08) [0x00007a503acccb00, 0x00007a503acccc70] Compiler: , Barriers: 0, Oops: 0, ImmediateOops: 0, NonImmediateOops: No
[2,205s][debug][gc,nmethod     ] Register NMethod: jdk.internal.misc.VM.isModuleSystemInited (0x00007a501bbbb008) [0x00007a501bbbb100, 0x00007a501bbbb240] Compiler: c1, Barriers: 0, Oops: 0, ImmediateOops: 1, NonImmediateOops: No
[2,206s][debug][gc,nmethod     ] Register NMethod: sun.nio.fs.UnixNativeDispatcher.open0 (0x00007a503acccd08) [0x00007a503accce00, 0x00007a503acccf60] Compiler: , Barriers: 0, Oops: 0, ImmediateOops: 1, NonImmediateOops: No
[2,206s][debug][gc,nmethod     ] Register NMethod: java.util.concurrent.locks.ReentrantReadWriteLock.readLock (0x00007a503accd008) [0x00007a503accd100, 0x00007a503accd1e8] Compiler: c1, Barriers: 1, Oops: 0, ImmediateOops: 0, NonImmediateOops: No
[2,206s][debug][gc,nmethod     ] Register NMethod: io.sirix.access.DatabaseConfiguration.getDatabaseFile (0x00007a503accd308) [0x00007a503accd400, 0x00007a503accd4e8] Compiler: c1, Barriers: 1, Oops: 1, ImmediateOops: 0, NonImmediateOops: No
[2,207s][debug][gc,nmethod     ] Register NMethod: java.util.stream.StreamSpliterators$AbstractWrappingSpliterator.getExactSizeIfKnown (0x00007a501bbbb308) [0x00007a501bbbb400, 0x00007a501bbbbf48] Compiler: c1, Barriers: 10, Oops: 0, ImmediateOops: 0, NonImmediateOops: No
[2,207s][debug][gc,nmethod     ] Register NMethod: java.util.stream.StreamSpliterators$AbstractWrappingSpliterator.estimateSize (0x00007a501bbbbf88) [0x00007a501bbbc080, 0x00007a501bbbd060] Compiler: c1, Barriers: 11, Oops: 0, ImmediateOops: 0, NonImmediateOops: No
[2,208s][debug][gc,nmethod     ] Register NMethod: java.util.ArrayDeque.removeFirst (0x00007a501bbbd088) [0x00007a501bbbd180, 0x00007a501bbbd3c8] Compiler: c1, Barriers: 0, Oops: 0, ImmediateOops: 0, NonImmediateOops: No
[2,208s][debug][gc,nmethod     ] Register NMethod: io.sirix.page.KeyValueLeafPage.processEntries (0x00007a503accd608) [0x00007a503accd700, 0x00007a503acceb00] Compiler: jvmci, Barriers: 33, Oops: 4, ImmediateOops: 0, NonImmediateOops: No
[2,208s][debug][gc,nmethod     ] Register NMethod: kotlin.jvm.internal.Intrinsics.areEqual (0x00007a501bbbd408) [0x00007a501bbbd500, 0x00007a501bbbd878] Compiler: c1, Barriers: 0, Oops: 1, ImmediateOops: 0, NonImmediateOops: No
[2,208s][debug][gc,nmethod     ] Register NMethod: java.util.stream.Streams$ConcatSpliterator.characteristics (0x00007a501bbbd888) [0x00007a501bbbd980, 0x00007a501bbbe1f8] Compiler: c1, Barriers: 3, Oops: 0, ImmediateOops: 0, NonImmediateOops: No
[2,208s][debug][gc,nmethod     ] Register NMethod: java.util.ArrayList.forEach (0x00007a501bbbe208) [0x00007a501bbbe300, 0x00007a501bbbea00] Compiler: c1, Barriers: 2, Oops: 0, ImmediateOops: 0, NonImmediateOops: No
[2,208s][debug][gc,nmethod     ] Register NMethod: java.nio.DirectByteBuffer.isReadOnly (0x00007a503acceb88) [0x00007a503accec80, 0x00007a503acced40] Compiler: c1, Barriers: 0, Oops: 0, ImmediateOops: 0, NonImmediateOops: No
[2,209s][debug][gc,nmethod     ] Register NMethod: java.util.stream.SortedOps.makeRef (0x00007a501bbbea08) [0x00007a501bbbeb00, 0x00007a501bbbec90] Compiler: c1, Barriers: 0, Oops: 0, ImmediateOops: 0, NonImmediateOops: No
[2,209s][debug][gc,nmethod     ] Register NMethod: java.util.stream.ReferencePipeline.sorted (0x00007a501bbbed08) [0x00007a501bbbee00, 0x00007a501bbbf008] Compiler: c1, Barriers: 0, Oops: 0, ImmediateOops: 0, NonImmediateOops: No
[2,209s][debug][gc,nmethod     ] Register NMethod: java.util.stream.SortedOps$OfRef.<init> (0x00007a501bbbf088) [0x00007a501bbbf180, 0x00007a501bbbf790] Compiler: c1, Barriers: 3, Oops: 1, ImmediateOops: 0, NonImmediateOops: No
[2,209s][debug][gc,nmethod     ] Register NMethod: java.io.UnixFileSystem.hasBooleanAttributes (0x00007a503accee88) [0x00007a503accef80, 0x00007a503accf180] Compiler: jvmci, Barriers: 2, Oops: 0, ImmediateOops: 0, NonImmediateOops: No
[2,209s][debug][gc,director    ] Rule Major: Warmup 10%, Used: 330MB, UsedThreshold: 1228MB
[2,209s][debug][gc,nmethod     ] Register NMethod: java.util.stream.Sink.cancellationRequested (0x00007a503accf188) [0x00007a503accf280, 0x00007a503accf340] Compiler: c1, Barriers: 0, Oops: 0, ImmediateOops: 0, NonImmediateOops: No
[2,209s][debug][gc,nmethod     ] Register NMethod: java.util.TimSort.binarySort (0x00007a501bbbf808) [0x00007a501bbbf900, 0x00007a501bbc0948] Compiler: c1, Barriers: 13, Oops: 0, ImmediateOops: 0, NonImmediateOops: No
[2,210s][debug][gc,nmethod     ] Register NMethod: java.util.Collections$UnmodifiableCollection.iterator (0x00007a501bbc0988) [0x00007a501bbc0a80, 0x00007a501bbc1030] Compiler: c1, Barriers: 7, Oops: 0, ImmediateOops: 0, NonImmediateOops: No
[2,210s][debug][gc,nmethod     ] Register NMethod: java.util.Collections$UnmodifiableCollection$1.<init> (0x00007a501bbc1088) [0x00007a501bbc1180, 0x00007a501bbc1760] Compiler: c1, Barriers: 7, Oops: 0, ImmediateOops: 0, NonImmediateOops: No
[2,210s][debug][gc,nmethod     ] Register NMethod: java.lang.StringLatin1.canEncode (0x00007a501bbc1788) [0x00007a501bbc1880, 0x00007a501bbc19b0] Compiler: c1, Barriers: 0, Oops: 0, ImmediateOops: 0, NonImmediateOops: No
[2,211s][debug][gc,nmethod     ] Register NMethod: java.util.stream.AbstractPipeline.spliterator (0x00007a501bbc1a88) [0x00007a501bbc1b80, 0x00007a501bbc2c08] Compiler: c1, Barriers: 13, Oops: 1, ImmediateOops: 4, NonImmediateOops: No
[2,212s][debug][gc,nmethod     ] Register NMethod: java.net.URLDecoder.decode (0x00007a501bbc2c88) [0x00007a501bbc2d80, 0x00007a501bbc6860] Compiler: c1, Barriers: 5, Oops: 3, ImmediateOops: 9, NonImmediateOops: No
[2,215s][debug][gc,nmethod     ] Register NMethod: java.lang.invoke.Invokers$Holder.invokeExact_MT (0x00007a501bbc6888) [0x00007a501bbc6980, 0x00007a501bbc74e8] Compiler: c1, Barriers: 3, Oops: 0, ImmediateOops: 0, NonImmediateOops: No
[2,215s][debug][gc,nmethod     ] Register NMethod: java.util.ArrayList.checkForComodification (0x00007a501bbc7508) [0x00007a501bbc7600, 0x00007a501bbc77b0] Compiler: c1, Barriers: 0, Oops: 0, ImmediateOops: 0, NonImmediateOops: No
[2,215s][debug][gc,nmethod     ] Register NMethod: org.junit.platform.commons.util.Preconditions.notNull (0x00007a503accf488) [0x00007a503accf580, 0x00007a503accf618] Compiler: jvmci, Barriers: 0, Oops: 1, ImmediateOops: 0, NonImmediateOops: No
[2,215s][debug][gc,nmethod     ] Register NMethod: org.junit.platform.commons.util.ReflectionUtils.lambda$findAllMethodsInHierarchy$27 (0x00007a501bbc7808) [0x00007a501bbc7900, 0x00007a501bbc7d78] Compiler: c1, Barriers: 0, Oops: 1, ImmediateOops: 0, NonImmediateOops: No
[2,215s][debug][gc,nmethod     ] Register NMethod: java.util.stream.Collectors$CollectorImpl.finisher (0x00007a503accf788) [0x00007a503accf880, 0x00007a503accf968] Compiler: c1, Barriers: 1, Oops: 0, ImmediateOops: 0, NonImmediateOops: No
[2,215s][debug][gc,nmethod     ] Register NMethod: org.junit.platform.commons.util.ReflectionUtils$$Lambda/0x000000005d18e6d8.test (0x00007a501bbc7d88) [0x00007a501bbc7e80, 0x00007a501bbc8578] Compiler: c1, Barriers: 0, Oops: 1, ImmediateOops: 0, NonImmediateOops: No
[2,216s][debug][gc,nmethod     ] Register NMethod: jdk.internal.misc.VM.isJavaLangInvokeInited (0x00007a501bbc8588) [0x00007a501bbc8680, 0x00007a501bbc8768] Compiler: c1, Barriers: 0, Oops: 0, ImmediateOops: 0, NonImmediateOops: No
[2,216s][debug][gc,nmethod     ] Register NMethod: java.util.regex.Pattern$GroupHead.match (0x00007a501bbc8888) [0x00007a501bbc8980, 0x00007a501bbc8db0] Compiler: c1, Barriers: 3, Oops: 0, ImmediateOops: 0, NonImmediateOops: No
[2,216s][debug][gc,nmethod     ] Register NMethod: java.lang.invoke.Invokers$Holder.linkToTargetMethod (0x00007a501bbc8e08) [0x00007a501bbc8f00, 0x00007a501bbc9400] Compiler: c1, Barriers: 0, Oops: 0, ImmediateOops: 0, NonImmediateOops: No
[2,217s][debug][gc,nmethod     ] Register NMethod: java.util.stream.StreamSpliterators$AbstractWrappingSpliterator.<init> (0x00007a501bbc9408) [0x00007a501bbc9500, 0x00007a501bbc97d0] Compiler: c1, Barriers: 9, Oops: 0, ImmediateOops: 0, NonImmediateOops: No
[2,217s][debug][gc,nmethod     ] Register NMethod: java.util.stream.StreamSpliterators$WrappingSpliterator.<init> (0x00007a501bbc9808) [0x00007a501bbc9900, 0x00007a501bbc9c30] Compiler: c1, Barriers: 9, Oops: 0, ImmediateOops: 0, NonImmediateOops: No
[2,217s][debug][gc,nmethod     ] Register NMethod: java.util.stream.ReferencePipeline.wrap (0x00007a501bbc9c88) [0x00007a501bbc9d80, 0x00007a501bbca0f8] Compiler: c1, Barriers: 6, Oops: 0, ImmediateOops: 0, NonImmediateOops: No
[2,217s][debug][gc,nmethod     ] Register NMethod: java.lang.invoke.DirectMethodHandle$Holder.newInvokeSpecial (0x00007a501bbca108) [0x00007a501bbca200, 0x00007a501bbcaa98] Compiler: c1, Barriers: 2, Oops: 0, ImmediateOops: 1, NonImmediateOops: No
[2,217s][debug][gc,nmethod     ] Register NMethod: sun.nio.fs.UnixFileModeAttribute.toUnixMode (0x00007a501bbcab08) [0x00007a501bbcac00, 0x00007a501bbcc8f8] Compiler: c1, Barriers: 1, Oops: 2, ImmediateOops: 5, NonImmediateOops: No
[2,217s][debug][gc,nmethod     ] Register NMethod: java.util.stream.AbstractPipeline.lambda$spliterator$0 (0x00007a501bbcc988) [0x00007a501bbcca80, 0x00007a501bbccd78] Compiler: c1, Barriers: 0, Oops: 0, ImmediateOops: 0, NonImmediateOops: No
[2,217s][debug][gc,nmethod     ] Register NMethod: java.util.stream.AbstractPipeline$$Lambda/0x000000005d075c00.get (0x00007a501bbccd88) [0x00007a501bbcce80, 0x00007a501bbcd210] Compiler: c1, Barriers: 1, Oops: 0, ImmediateOops: 0, NonImmediateOops: No
[2,217s][debug][gc,nmethod     ] Register NMethod: java.lang.invoke.MethodHandles$Lookup.restrictProtectedReceiver (0x00007a501bbcd288) [0x00007a501bbcd380, 0x00007a501bbce2f8] Compiler: c1, Barriers: 2, Oops: 0, ImmediateOops: 0, NonImmediateOops: No
[2,218s][debug][gc,nmethod     ] Register NMethod: jdk.internal.ref.CleanerFactory.cleaner (0x00007a503accfa88) [0x00007a503accfb80, 0x00007a503accfbf0] Compiler: jvmci, Barriers: 0, Oops: 0, ImmediateOops: 1, NonImmediateOops: No
[2,218s][debug][gc,nmethod     ] Register NMethod: dagger.internal.DoubleCheck.get (0x00007a501bbce308) [0x00007a501bbce400, 0x00007a501bbceb18] Compiler: c1, Barriers: 10, Oops: 1, ImmediateOops: 2, NonImmediateOops: No
[2,218s][debug][gc,nmethod     ] Register NMethod: io.sirix.cache.PageContainer.<init> (0x00007a501bbceb88) [0x00007a501bbcec80, 0x00007a501bbceec8] Compiler: c1, Barriers: 6, Oops: 1, ImmediateOops: 0, NonImmediateOops: No
[2,218s][debug][gc,nmethod     ] Register NMethod: io.sirix.page.PageReference.clearCachedHash (0x00007a501bbcef08) [0x00007a501bbcf000, 0x00007a501bbcf108] Compiler: c1, Barriers: 0, Oops: 1, ImmediateOops: 0, NonImmediateOops: No
[2,218s][debug][gc,nmethod     ] Register NMethod: com.google.gson.stream.JsonReader.isLiteral (0x00007a501bbcf208) [0x00007a501bbcf300, 0x00007a501bbd0328] Compiler: c1, Barriers: 0, Oops: 2, ImmediateOops: 2, NonImmediateOops: No
[2,218s][debug][gc,nmethod     ] Register NMethod: io.sirix.cache.PageContainer.getInstance (0x00007a501bbd0388) [0x00007a501bbd0480, 0x00007a501bbd0980] Compiler: c1, Barriers: 6, Oops: 1, ImmediateOops: 0, NonImmediateOops: No
[2,218s][debug][gc,nmethod     ] Register NMethod: jdk.internal.misc.Unsafe.weakCompareAndSetInt (0x00007a503accfd88) [0x00007a503accfe80, 0x00007a503accff10] Compiler: jvmci, Barriers: 0, Oops: 0, ImmediateOops: 0, NonImmediateOops: No
[2,218s][debug][gc,nmethod     ] Register NMethod: io.sirix.cache.PageCache.remove (0x00007a501bbd0a08) [0x00007a501bbd0b00, 0x00007a501bbd1260] Compiler: c1, Barriers: 1, Oops: 1, ImmediateOops: 0, NonImmediateOops: No
[2,218s][debug][gc,nmethod     ] Register NMethod: io.sirix.cache.PageCache.remove (0x00007a501bbd1288) [0x00007a501bbd1380, 0x00007a501bbd16c0] Compiler: c1, Barriers: 1, Oops: 1, ImmediateOops: 0, NonImmediateOops: No
[2,218s][debug][gc,nmethod     ] Register NMethod: java.util.LinkedHashMap.valuesToArray (0x00007a503acd0088) [0x00007a503acd0180, 0x00007a503acd0718] Compiler: jvmci, Barriers: 21, Oops: 0, ImmediateOops: 0, NonImmediateOops: No
[2,218s][debug][gc,nmethod     ] Register NMethod: com.github.benmanes.caffeine.cache.LocalManualCache.invalidate (0x00007a501bbd1708) [0x00007a501bbd1800, 0x00007a501bbd1be8] Compiler: c1, Barriers: 1, Oops: 1, ImmediateOops: 0, NonImmediateOops: No
[2,219s][debug][gc,nmethod     ] Register NMethod: com.google.gson.stream.JsonReader.peekKeyword (0x00007a501bbd1c08) [0x00007a501bbd1d00, 0x00007a501bbd3a18] Compiler: c1, Barriers: 8, Oops: 2, ImmediateOops: 10, NonImmediateOops: No
[2,219s][debug][gc,nmethod     ] Register NMethod: java.lang.invoke.Invokers$Holder.linkToTargetMethod (0x00007a501bbd3a88) [0x00007a501bbd3b80, 0x00007a501bbd40a0] Compiler: c1, Barriers: 0, Oops: 0, ImmediateOops: 0, NonImmediateOops: No
[2,219s][debug][gc,nmethod     ] Register NMethod: com.github.benmanes.caffeine.cache.BoundedLocalCache$$Lambda/0x000000005d28a638.<init> (0x00007a501bbd4108) [0x00007a501bbd4200, 0x00007a501bbd46a0] Compiler: c1, Barriers: 21, Oops: 1, ImmediateOops: 0, NonImmediateOops: No
[2,219s][debug][gc,nmethod     ] Register NMethod: java.lang.invoke.LambdaForm$DMH/0x000000005d280400.newInvokeSpecial (0x00007a501bbd4708) [0x00007a501bbd4800, 0x00007a501bbd5110] Compiler: c1, Barriers: 2, Oops: 1, ImmediateOops: 1, NonImmediateOops: No
[2,219s][debug][gc,nmethod     ] Register NMethod: io.sirix.page.PageReference.setLogKey (0x00007a501bbd5188) [0x00007a501bbd5280, 0x00007a501bbd5390] Compiler: c1, Barriers: 0, Oops: 1, ImmediateOops: 0, NonImmediateOops: No
[2,219s][debug][gc,nmethod     ] Register NMethod: it.unimi.dsi.fastutil.shorts.AbstractShortList.iterator (0x00007a501bbd5488) [0x00007a501bbd5580, 0x00007a501bbd5ba8] Compiler: c1, Barriers: 0, Oops: 1, ImmediateOops: 0, NonImmediateOops: No
[2,219s][debug][gc,director    ] Rule Major: Warmup 10%, Used: 330MB, UsedThreshold: 1228MB
[2,219s][debug][gc,nmethod     ] Register NMethod: it.unimi.dsi.fastutil.shorts.AbstractShortList.listIterator (0x00007a501bbd5c08) [0x00007a501bbd5d00, 0x00007a501bbd6200] Compiler: c1, Barriers: 3, Oops: 1, ImmediateOops: 0, NonImmediateOops: No
[2,219s][debug][gc,nmethod     ] Register NMethod: io.sirix.cache.TransactionIntentLog.put (0x00007a501bbd6288) [0x00007a501bbd6380, 0x00007a501bbdb488] Compiler: c1, Barriers: 17, Oops: 1, ImmediateOops: 0, NonImmediateOops: No
[2,219s][debug][gc,nmethod     ] Register NMethod: com.github.benmanes.caffeine.cache.BoundedLocalCache.remove (0x00007a501bbdb508) [0x00007a501bbdb600, 0x00007a501bbdc6a0] Compiler: c1, Barriers: 8, Oops: 3, ImmediateOops: 4, NonImmediateOops: No
[2,219s][debug][gc,nmethod     ] Register NMethod: it.unimi.dsi.fastutil.shorts.ShortArrayList.listIterator (0x00007a501bbdc708) [0x00007a501bbdc800, 0x00007a501bbdcca0] Compiler: c1, Barriers: 3, Oops: 1, ImmediateOops: 0, NonImmediateOops: No
[2,219s][debug][gc,nmethod     ] Register NMethod: io.sirix.access.trx.page.NodePageTrx.lambda$parallelSerializationOfKeyValuePages$0 (0x00007a501bbdcd08) [0x00007a501bbdce00, 0x00007a501bbdd0e8] Compiler: c1, Barriers: 0, Oops: 1, ImmediateOops: 0, NonImmediateOops: No
[2,219s][debug][gc,nmethod     ] Register NMethod: io.sirix.access.trx.page.NodePageTrx$$Lambda/0x000000005d2a08a8.apply (0x00007a501bbdd108) [0x00007a501bbdd200, 0x00007a501bbdd718] Compiler: c1, Barriers: 1, Oops: 1, ImmediateOops: 0, NonImmediateOops: No
[2,219s][debug][gc,nmethod     ] Register NMethod: java.util.stream.ForEachOps$ForEachTask.compute (0x00007a501bbdd788) [0x00007a501bbdd880, 0x00007a501bbdf718] Compiler: c1, Barriers: 21, Oops: 1, ImmediateOops: 1, NonImmediateOops: No
[2,220s][debug][gc,nmethod     ] Register NMethod: java.util.concurrent.CountedCompleter.<init> (0x00007a501bbdf788) [0x00007a501bbdf880, 0x00007a501bbdfab0] Compiler: c1, Barriers: 3, Oops: 0, ImmediateOops: 0, NonImmediateOops: No
[2,220s][debug][gc,nmethod     ] Register NMethod: java.util.concurrent.CountedCompleter.exec (0x00007a501bbdfb08) [0x00007a501bbdfc00, 0x00007a501bbdfd50] Compiler: c1, Barriers: 0, Oops: 0, ImmediateOops: 0, NonImmediateOops: No
[2,220s][debug][gc,nmethod     ] Register NMethod: java.lang.System.currentTimeMillis (0x00007a503acd0788) [0x00007a503acd0880, 0x00007a503acd09d8] Compiler: , Barriers: 0, Oops: 0, ImmediateOops: 1, NonImmediateOops: No
[2,220s][debug][gc,nmethod     ] Register NMethod: io.sirix.access.trx.page.NodePageTrx$$Lambda/0x000000005d2a0af0.test (0x00007a501bbdfe08) [0x00007a501bbdff00, 0x00007a501bbe0488] Compiler: c1, Barriers: 0, Oops: 1, ImmediateOops: 0, NonImmediateOops: No
[2,220s][debug][gc,nmethod     ] Register NMethod: jdk.internal.foreign.Utils.isPowerOfTwo (0x00007a501bbe0508) [0x00007a501bbe0600, 0x00007a501bbe0740] Compiler: c1, Barriers: 0, Oops: 0, ImmediateOops: 0, NonImmediateOops: No
[2,220s][debug][gc,nmethod     ] Register NMethod: java.util.concurrent.ForkJoinPool.awaitWork (0x00007a501bbe0808) [0x00007a501bbe0900, 0x00007a501bbe16d0] Compiler: c1, Barriers: 2, Oops: 0, ImmediateOops: 1, NonImmediateOops: No
[2,220s][debug][gc,nmethod     ] Register NMethod: it.unimi.dsi.fastutil.shorts.ShortArrayList$1.<init> (0x00007a501bbe1708) [0x00007a501bbe1800, 0x00007a501bbe19e0] Compiler: c1, Barriers: 3, Oops: 1, ImmediateOops: 0, NonImmediateOops: No
[2,220s][debug][gc,nmethod     ] Register NMethod: io.sirix.page.KeyValueLeafPage.setRecord (0x00007a501bbe1a08) [0x00007a501bbe1b00, 0x00007a501bbe2138] Compiler: c1, Barriers: 4, Oops: 1, ImmediateOops: 0, NonImmediateOops: No
[2,220s][debug][gc,nmethod     ] Register NMethod: jdk.internal.misc.Unsafe.putIntUnaligned (0x00007a503acd0a88) [0x00007a503acd0b80, 0x00007a503acd0c18] Compiler: jvmci, Barriers: 0, Oops: 0, ImmediateOops: 0, NonImmediateOops: No
[2,220s][debug][gc,nmethod     ] Register NMethod: java.util.concurrent.ForkJoinPool.compareAndExchangeCtl (0x00007a501bbe2188) [0x00007a501bbe2280, 0x00007a501bbe2590] Compiler: c1, Barriers: 0, Oops: 0, ImmediateOops: 1, NonImmediateOops: No
[2,221s][debug][gc,nmethod     ] Register NMethod: it.unimi.dsi.fastutil.shorts.AbstractShortList.ensureIndex (0x00007a501bbe2608) [0x00007a501bbe2700, 0x00007a501bbe49f0] Compiler: c1, Barriers: 0, Oops: 5, ImmediateOops: 7, NonImmediateOops: No
[2,221s][debug][gc,nmethod     ] Register NMethod: java.nio.HeapByteBuffer.ix (0x00007a503acd0d88) [0x00007a503acd0e80, 0x00007a503acd0f08] Compiler: jvmci, Barriers: 0, Oops: 0, ImmediateOops: 0, NonImmediateOops: No
[2,221s][debug][gc,nmethod     ] Register NMethod: jdk.internal.foreign.layout.ValueLayouts$OfByteImpl.<init> (0x00007a501bbe4a88) [0x00007a501bbe4b80, 0x00007a501bbe4cd8] Compiler: c1, Barriers: 0, Oops: 0, ImmediateOops: 1, NonImmediateOops: No
[2,221s][debug][gc,nmethod     ] Register NMethod: jdk.internal.foreign.HeapMemorySegmentImpl$OfByte.unsafeGetBase (0x00007a501bbe4d88) [0x00007a501bbe4e80, 0x00007a501bbe5510] Compiler: c1, Barriers: 1, Oops: 0, ImmediateOops: 0, NonImmediateOops: No
[2,221s][debug][gc,nmethod     ] Register NMethod: jdk.internal.foreign.SegmentFactories.fromArray (0x00007a501bbe5588) [0x00007a501bbe5680, 0x00007a501bbe6180] Compiler: c1, Barriers: 3, Oops: 0, ImmediateOops: 1, NonImmediateOops: No
[2,221s][debug][gc,nmethod     ] Register NMethod: jdk.internal.foreign.HeapMemorySegmentImpl$OfByte.unsafeGetBase (0x00007a501bbe6188) [0x00007a501bbe6280, 0x00007a501bbe66f8] Compiler: c1, Barriers: 1, Oops: 0, ImmediateOops: 0, NonImmediateOops: No
[2,221s][debug][gc,nmethod     ] Register NMethod: io.sirix.io.filechannel.FileChannelWriter.write (0x00007a501bbe6708) [0x00007a501bbe6800, 0x00007a501bbe6af8] Compiler: c1, Barriers: 0, Oops: 1, ImmediateOops: 0, NonImmediateOops: No
[2,221s][debug][gc,nmethod     ] Register NMethod: io.sirix.io.filechannel.FileChannelWriter.write (0x00007a501bbe6b08) [0x00007a501bbe6c00, 0x00007a501bbe6ea8] Compiler: c1, Barriers: 0, Oops: 1, ImmediateOops: 0, NonImmediateOops: No
[2,222s][debug][gc,nmethod     ] Register NMethod: java.lang.foreign.MemorySegment.ofArray (0x00007a501bbe6f08) [0x00007a501bbe7000, 0x00007a501bbe7110] Compiler: c1, Barriers: 0, Oops: 0, ImmediateOops: 0, NonImmediateOops: No
[2,222s][debug][gc,nmethod     ] Register NMethod: io.sirix.io.filechannel.FileChannelWriter.getOffset (0x00007a501bbe7208) [0x00007a501bbe7300, 0x00007a501bbe77a8] Compiler: c1, Barriers: 3, Oops: 1, ImmediateOops: 0, NonImmediateOops: No
[2,222s][debug][gc,nmethod     ] Register NMethod: io.sirix.access.trx.page.NodePageTrx.commit (0x00007a501bbe7808) [0x00007a501bbe7900, 0x00007a501bbe9b88] Compiler: c1, Barriers: 12, Oops: 1, ImmediateOops: 2, NonImmediateOops: No
[2,222s][debug][gc,nmethod     ] Register NMethod: jdk.internal.foreign.AbstractMemorySegmentImpl$$Lambda/0x000000005d2284a0.apply (0x00007a501bbe9c08) [0x00007a501bbe9d00, 0x00007a501bbe9ee0] Compiler: c1, Barriers: 0, Oops: 0, ImmediateOops: 0, NonImmediateOops: No
[2,222s][debug][gc,nmethod     ] Register NMethod: jdk.internal.foreign.MemorySessionImpl$ResourceList.cleanupSingle (0x00007a501bbe9f08) [0x00007a501bbea000, 0x00007a501bbea5a8] Compiler: c1, Barriers: 0, Oops: 0, ImmediateOops: 0, NonImmediateOops: No
[2,222s][debug][gc,nmethod     ] Register NMethod: io.sirix.page.KeyValueLeafPage.setSlot (0x00007a501bbea608) [0x00007a501bbea700, 0x00007a501bbea8a8] Compiler: c1, Barriers: 2, Oops: 1, ImmediateOops: 0, NonImmediateOops: No
[2,222s][debug][gc,nmethod     ] Register NMethod: com.github.benmanes.caffeine.cache.DisabledTicker.read (0x00007a503acd1088) [0x00007a503acd1180, 0x00007a503acd1240] Compiler: c1, Barriers: 0, Oops: 1, ImmediateOops: 0, NonImmediateOops: No
[2,222s][debug][gc,nmethod     ] Register NMethod: jdk.internal.misc.Blocker.begin (0x00007a501bbea908) [0x00007a501bbeaa00, 0x00007a501bbeab58] Compiler: c1, Barriers: 0, Oops: 0, ImmediateOops: 0, NonImmediateOops: No
[2,223s][debug][gc,nmethod     ] Register NMethod: java.lang.StringCoding.implEncodeAsciiArray (0x00007a503acd1388) [0x00007a503acd1540, 0x00007a503acd1998] Compiler: jvmci, Barriers: 0, Oops: 0, ImmediateOops: 0, NonImmediateOops: No
[2,224s][debug][gc,nmethod     ] Register NMethod: jdk.internal.foreign.AbstractMemorySegmentImpl.copy (0x00007a501bbeac08) [0x00007a501bbead00, 0x00007a501bbf4ad0] Compiler: c1, Barriers: 14, Oops: 6, ImmediateOops: 22, NonImmediateOops: No
[2,224s][debug][gc,nmethod     ] Register NMethod: jdk.internal.foreign.AbstractMemorySegmentImpl.toArray (0x00007a501bbf4b08) [0x00007a501bbf4c00, 0x00007a501bbff8f0] Compiler: c1, Barriers: 14, Oops: 6, ImmediateOops: 23, NonImmediateOops: No
[2,227s][debug][gc,nmethod     ] Register NMethod: java.lang.invoke.LambdaForm.compileToBytecode (0x00007a501bbff988) [0x00007a501bbffa80, 0x00007a501bc00460] Compiler: c1, Barriers: 9, Oops: 1, ImmediateOops: 4, NonImmediateOops: No
[2,228s][debug][gc,nmethod     ] Register NMethod: java.lang.invoke.MethodHandle.linkToStatic (0x00007a503acd1a08) [0x00007a503acd1b00, 0x00007a503acd1bf0] Compiler: , Barriers: 0, Oops: 0, ImmediateOops: 0, NonImmediateOops: No
[2,228s][debug][gc,nmethod     ] Register NMethod: io.sirix.access.trx.page.NodePageReadOnlyTrx.loadPage (0x00007a501bb5b008) [0x00007a501bb5b100, 0x00007a501bb5cab8] Compiler: c1, Barriers: 9, Oops: 1, ImmediateOops: 1, NonImmediateOops: No
[2,228s][debug][gc,nmethod     ] Register NMethod: java.lang.invoke.MethodHandle.linkToSpecial (0x00007a503acd1d08) [0x00007a503acd1e00, 0x00007a503acd1ef8] Compiler: , Barriers: 0, Oops: 0, ImmediateOops: 0, NonImmediateOops: No
[2,229s][debug][gc,nmethod     ] Register NMethod: jdk.internal.classfile.impl.DirectCodeBuilder.invokestatic (0x00007a501bc00488) [0x00007a501bc00580, 0x00007a501bc010f0] Compiler: c1, Barriers: 2, Oops: 0, ImmediateOops: 0, NonImmediateOops: No
[2,229s][debug][gc,nmethod     ] Register NMethod: java.lang.invoke.MethodHandle.linkToSpecial (0x00007a503acd2008) [0x00007a503acd2100, 0x00007a503acd21f8] Compiler: , Barriers: 0, Oops: 0, ImmediateOops: 0, NonImmediateOops: No
[2,229s][debug][gc,nmethod     ] Register NMethod: java.lang.invoke.MethodHandle.invokeBasic (0x00007a503acd2308) [0x00007a503acd2400, 0x00007a503acd2698] Compiler: , Barriers: 0, Oops: 0, ImmediateOops: 0, NonImmediateOops: No
[2,229s][debug][gc,nmethod     ] Register NMethod: java.lang.invoke.MethodHandle.linkToSpecial (0x00007a503acd2708) [0x00007a503acd2800, 0x00007a503acd28f8] Compiler: , Barriers: 0, Oops: 0, ImmediateOops: 0, NonImmediateOops: No
[2,229s][debug][gc,director    ] Rule Major: Warmup 10%, Used: 332MB, UsedThreshold: 1228MB
[2,229s][debug][gc,nmethod     ] Register NMethod: jdk.internal.constant.ConstantUtils.dropFirstAndLastChar (0x00007a501bc01108) [0x00007a501bc01200, 0x00007a501bc01980] Compiler: c1, Barriers: 1, Oops: 0, ImmediateOops: 0, NonImmediateOops: No
[2,229s][debug][gc,nmethod     ] Register NMethod: java.lang.invoke.MethodHandle.linkToSpecial (0x00007a503acd2a08) [0x00007a503acd2b00, 0x00007a503acd2bf8] Compiler: , Barriers: 0, Oops: 0, ImmediateOops: 0, NonImmediateOops: No
[2,229s][debug][gc,nmethod     ] Register NMethod: jdk.internal.misc.CDS.isLoggingLambdaFormInvokers (0x00007a501bc01988) [0x00007a501bc01a80, 0x00007a501bc01b78] Compiler: c1, Barriers: 0, Oops: 0, ImmediateOops: 0, NonImmediateOops: No
[2,230s][debug][gc,nmethod     ] Register NMethod: java.lang.invoke.MethodHandle.linkToSpecial (0x00007a503acd2d08) [0x00007a503acd2e00, 0x00007a503acd2ef8] Compiler: , Barriers: 0, Oops: 0, ImmediateOops: 0, NonImmediateOops: No
[2,230s][debug][gc,nmethod     ] Register NMethod: java.lang.invoke.MethodHandle.invokeBasic (0x00007a503acd3008) [0x00007a503acd3100, 0x00007a503acd3398] Compiler: , Barriers: 0, Oops: 0, ImmediateOops: 0, NonImmediateOops: No
[2,230s][debug][gc,nmethod     ] Register NMethod: java.lang.invoke.MethodHandle.linkToSpecial (0x00007a503acd3408) [0x00007a503acd3500, 0x00007a503acd35f8] Compiler: , Barriers: 0, Oops: 0, ImmediateOops: 0, NonImmediateOops: No
[2,230s][debug][gc,nmethod     ] Register NMethod: jdk.internal.constant.ArrayClassDescImpl.descriptorString (0x00007a501bc01c88) [0x00007a501bc01d80, 0x00007a501bc04860] Compiler: c1, Barriers: 11, Oops: 0, ImmediateOops: 5, NonImmediateOops: No
[2,231s][debug][gc,nmethod     ] Register NMethod: jdk.internal.constant.ClassOrInterfaceDescImpl.ofValidated (0x00007a503acd3708) [0x00007a503acd3800, 0x00007a503acd3910] Compiler: jvmci, Barriers: 2, Oops: 0, ImmediateOops: 0, NonImmediateOops: No
[2,231s][debug][gc,nmethod     ] Register NMethod: jdk.internal.foreign.layout.ValueLayouts$AbstractValueLayout.varHandle (0x00007a503acd3a08) [0x00007a503acd3b00, 0x00007a503acd3be0] Compiler: jvmci, Barriers: 1, Oops: 0, ImmediateOops: 0, NonImmediateOops: No
[2,231s][debug][gc,nmethod     ] Register NMethod: com.github.benmanes.caffeine.cache.BoundedLocalCache.remove (0x00007a501bbdb508) [0x00007a501bbdb600, 0x00007a501bbdc6a0] Compiler: c1, Barriers: 8, Oops: 3, ImmediateOops: 4, NonImmediateOops: No
[2,231s][debug][gc,nmethod     ] Register NMethod: java.lang.invoke.MethodHandle.invokeBasic (0x00007a503acd3d08) [0x00007a503acd3e00, 0x00007a503acd4098] Compiler: , Barriers: 0, Oops: 0, ImmediateOops: 0, NonImmediateOops: No
[2,232s][debug][gc,nmethod     ] Register NMethod: java.lang.invoke.VarHandleGuards.guard_L_I (0x00007a501bc04888) [0x00007a501bc04980, 0x00007a501bc07820] Compiler: c1, Barriers: 28, Oops: 0, ImmediateOops: 2, NonImmediateOops: No
[2,232s][debug][gc,nmethod     ] Register NMethod: jdk.internal.misc.Unsafe.setMemory0 (0x00007a503acd4108) [0x00007a503acd4200, 0x00007a503acd4358] Compiler: , Barriers: 0, Oops: 0, ImmediateOops: 0, NonImmediateOops: No
[2,233s][debug][gc,nmethod     ] Register NMethod: net.jpountz.lz4.LZ4BlockInputStream.tryReadFully (0x00007a501bc07888) [0x00007a501bc07980, 0x00007a501bc07f00] Compiler: c1, Barriers: 1, Oops: 1, ImmediateOops: 0, NonImmediateOops: No
[2,233s][debug][gc,nmethod     ] Register NMethod: java.lang.invoke.MethodHandle.linkToSpecial (0x00007a503acd4408) [0x00007a503acd4500, 0x00007a503acd45f8] Compiler: , Barriers: 0, Oops: 0, ImmediateOops: 0, NonImmediateOops: No
[2,233s][debug][gc,nmethod     ] Register NMethod: java.lang.invoke.MethodHandle.invokeBasic (0x00007a503acd4708) [0x00007a503acd4800, 0x00007a503acd4a98] Compiler: , Barriers: 0, Oops: 0, ImmediateOops: 0, NonImmediateOops: No
[2,233s][debug][gc,nmethod     ] Register NMethod: java.lang.invoke.MethodHandle.linkToSpecial (0x00007a503acd4b08) [0x00007a503acd4c00, 0x00007a503acd4cf8] Compiler: , Barriers: 0, Oops: 0, ImmediateOops: 0, NonImmediateOops: No
[2,233s][debug][gc,nmethod     ] Register NMethod: java.lang.invoke.MethodHandle.invokeBasic (0x00007a503acd4e08) [0x00007a503acd4f00, 0x00007a503acd5198] Compiler: , Barriers: 0, Oops: 0, ImmediateOops: 0, NonImmediateOops: No
[2,233s][debug][gc,nmethod     ] Register NMethod: io.sirix.page.KeyValueLeafPage.hasEnoughSpace (0x00007a501bc07f88) [0x00007a501bc08080, 0x00007a501bc08420] Compiler: c1, Barriers: 0, Oops: 1, ImmediateOops: 0, NonImmediateOops: No
[2,233s][debug][gc,nmethod     ] Register NMethod: io.sirix.page.KeyValueLeafPage.updateFreeSpaceStart (0x00007a501bc08488) [0x00007a501bc08580, 0x00007a501bc08b08] Compiler: c1, Barriers: 0, Oops: 1, ImmediateOops: 0, NonImmediateOops: No
[2,234s][debug][gc,nmethod     ] Register NMethod: io.sirix.page.KeyValueLeafPage.updateLastSlotIndex (0x00007a501bc08b88) [0x00007a501bc08c80, 0x00007a501bc09000] Compiler: c1, Barriers: 2, Oops: 1, ImmediateOops: 0, NonImmediateOops: No
[2,234s][debug][gc,nmethod     ] Register NMethod: java.lang.invoke.MethodHandle.invokeBasic (0x00007a503acd5208) [0x00007a503acd5300, 0x00007a503acd5598] Compiler: , Barriers: 0, Oops: 0, ImmediateOops: 0, NonImmediateOops: No
[2,234s][debug][gc,nmethod     ] Register NMethod: java.lang.invoke.MethodHandle.linkToSpecial (0x00007a503acd5608) [0x00007a503acd5700, 0x00007a503acd57f8] Compiler: , Barriers: 0, Oops: 0, ImmediateOops: 0, NonImmediateOops: No
[2,234s][debug][gc,nmethod     ] Register NMethod: java.lang.invoke.MethodHandleStatics.traceLambdaForm (0x00007a501bc09088) [0x00007a501bc09180, 0x00007a501bc092e8] Compiler: c1, Barriers: 0, Oops: 0, ImmediateOops: 0, NonImmediateOops: No
[2,234s][debug][gc,nmethod     ] Register NMethod: sun.invoke.util.VerifyAccess.isModuleAccessible (0x00007a501bc09388) [0x00007a501bc09480, 0x00007a501bc0b0b8] Compiler: c1, Barriers: 2, Oops: 0, ImmediateOops: 0, NonImmediateOops: No
[2,236s][debug][gc,nmethod     ] Register NMethod: io.sirix.node.MemorySegmentBytesIn.readByte (0x00007a501bc0b108) [0x00007a501bc0b200, 0x00007a501bc0ec20] Compiler: c1, Barriers: 5, Oops: 6, ImmediateOops: 9, NonImmediateOops: No
[2,236s][debug][gc,nmethod     ] Register NMethod: io.sirix.page.PageKind$1.serializePage (0x00007a503acd5908) [0x00007a503acd5a00, 0x00007a503acd8c00] Compiler: jvmci, Barriers: 78, Oops: 6, ImmediateOops: 6, NonImmediateOops: No
[2,236s][debug][gc,nmethod     ] Register NMethod: java.lang.invoke.VarHandleSegmentAsBytes.get (0x00007a501bc0ec88) [0x00007a501bc0ed80, 0x00007a501bc14008] Compiler: c1, Barriers: 24, Oops: 2, ImmediateOops: 5, NonImmediateOops: No
[2,236s][debug][gc,nmethod     ] Register NMethod: io.sirix.page.KeyValueLeafPage.findFreeSpaceForSlots (0x00007a501bc14088) [0x00007a501bc14180, 0x00007a501bc14e60] Compiler: c1, Barriers: 4, Oops: 1, ImmediateOops: 0, NonImmediateOops: No
[2,236s][debug][gc,nmethod     ] Register NMethod: jdk.internal.foreign.AbstractMemorySegmentImpl.get (0x00007a501bc14e88) [0x00007a501bc14f80, 0x00007a501bc18890] Compiler: c1, Barriers: 27, Oops: 5, ImmediateOops: 12, NonImmediateOops: No
[2,237s][debug][gc,nmethod     ] Register NMethod: java.lang.invoke.VarHandleSegmentAsBytes.get (0x00007a501bc18908) [0x00007a501bc18a00, 0x00007a501bc1da20] Compiler: c1, Barriers: 24, Oops: 2, ImmediateOops: 5, NonImmediateOops: No
[2,237s][debug][gc,nmethod     ] Register NMethod: jdk.internal.foreign.AbstractMemorySegmentImpl.overlaps (0x00007a501bc1da88) [0x00007a501bc1db80, 0x00007a501bc1e940] Compiler: c1, Barriers: 0, Oops: 0, ImmediateOops: 0, NonImmediateOops: No
[2,238s][debug][gc,nmethod     ] Register NMethod: io.sirix.page.KeyValueLeafPage.getDeweyId (0x00007a501bc1e988) [0x00007a501bc1ea80, 0x00007a501bc24248] Compiler: c1, Barriers: 21, Oops: 7, ImmediateOops: 12, NonImmediateOops: No
[2,238s][debug][gc,nmethod     ] Register NMethod: jdk.internal.foreign.SegmentBulkOperations.copy (0x00007a501bc24288) [0x00007a501bc24380, 0x00007a501bc34840] Compiler: c1, Barriers: 39, Oops: 4, ImmediateOops: 41, NonImmediateOops: No
[2,239s][debug][gc,director    ] Rule Major: Warmup 10%, Used: 334MB, UsedThreshold: 1228MB
[2,240s][debug][gc,nmethod     ] Register NMethod: java.lang.classfile.CodeBuilder.getfield (0x00007a501bc34888) [0x00007a501bc34980, 0x00007a501bc34c90] Compiler: c1, Barriers: 0, Oops: 0, ImmediateOops: 1, NonImmediateOops: No
[2,240s][debug][gc,nmethod     ] Register NMethod: java.lang.foreign.MemorySegment.copy (0x00007a501bc34d08) [0x00007a501bc34e00, 0x00007a501bc45708] Compiler: c1, Barriers: 39, Oops: 4, ImmediateOops: 41, NonImmediateOops: No
[2,241s][debug][gc,nmethod     ] Register NMethod: jdk.xml.internal.XMLSecurityManager$Limit.systemProperty (0x00007a503acd8c88) [0x00007a503acd8d80, 0x00007a503acd8e68] Compiler: c1, Barriers: 1, Oops: 0, ImmediateOops: 0, NonImmediateOops: No
[2,242s][debug][gc,nmethod     ] Register NMethod: jdk.xml.internal.XMLSecurityManager$Limit.is (0x00007a501bc45788) [0x00007a501bc45880, 0x00007a501bc45e90] Compiler: c1, Barriers: 2, Oops: 0, ImmediateOops: 0, NonImmediateOops: No
[2,243s][debug][gc,nmethod     ] Register NMethod: io.sirix.page.KeyValueLeafPage.processEntries (0x00007a503acd8f88) [0x00007a503acd9080, 0x00007a503acda1d0] Compiler: jvmci, Barriers: 37, Oops: 4, ImmediateOops: 0, NonImmediateOops: No
[2,249s][debug][gc,director    ] Rule Major: Warmup 10%, Used: 334MB, UsedThreshold: 1228MB
[2,252s][debug][gc,nmethod     ] Register NMethod: io.sirix.page.KeyValueLeafPage.getDeweyId (0x00007a503acda208) [0x00007a503acda300, 0x00007a503acda438] Compiler: jvmci, Barriers: 1, Oops: 1, ImmediateOops: 0, NonImmediateOops: No
[2,253s][debug][gc,nmethod     ] Register NMethod: jdk.internal.foreign.layout.AbstractGroupLayout.memberLayouts (0x00007a503acda508) [0x00007a503acda600, 0x00007a503acda6e8] Compiler: c1, Barriers: 1, Oops: 0, ImmediateOops: 0, NonImmediateOops: No
[2,254s][debug][gc,nmethod     ] Register NMethod: java.lang.invoke.Invokers$Holder.linkToTargetMethod (0x00007a503acda808) [0x00007a503acda900, 0x00007a503acda9f0] Compiler: jvmci, Barriers: 0, Oops: 0, ImmediateOops: 0, NonImmediateOops: No
[2,254s][debug][gc,nmethod     ] Register NMethod: java.lang.StringBuilder.<init> (0x00007a501bc45f08) [0x00007a501bc46000, 0x00007a501bc46130] Compiler: c1, Barriers: 0, Oops: 0, ImmediateOops: 0, NonImmediateOops: No
[2,255s][debug][gc,nmethod     ] Register NMethod: it.unimi.dsi.fastutil.ints.Int2LongOpenHashMap.find (0x00007a501bc46208) [0x00007a501bc46300, 0x00007a501bc46768] Compiler: c1, Barriers: 1, Oops: 1, ImmediateOops: 0, NonImmediateOops: No
[2,255s][debug][gc,nmethod     ] Register NMethod: it.unimi.dsi.fastutil.ints.Int2LongOpenHashMap.put (0x00007a501bc46788) [0x00007a501bc46880, 0x00007a501bc46ae8] Compiler: c1, Barriers: 1, Oops: 1, ImmediateOops: 0, NonImmediateOops: No
[2,256s][debug][gc,nmethod     ] Register NMethod: java.util.Optional.get (0x00007a501bc46b08) [0x00007a501bc46c00, 0x00007a501bc46e40] Compiler: c1, Barriers: 1, Oops: 0, ImmediateOops: 1, NonImmediateOops: No
[2,256s][debug][gc,nmethod     ] Register NMethod: io.sirix.access.trx.node.AbstractNodeReadOnlyTrx.assertNotClosed (0x00007a501bc46e88) [0x00007a501bc46f80, 0x00007a501bc47188] Compiler: c1, Barriers: 0, Oops: 1, ImmediateOops: 1, NonImmediateOops: No
[2,257s][debug][gc,nmethod     ] Register NMethod: io.sirix.index.path.summary.PathNode.delegate (0x00007a503acdab08) [0x00007a503acdac00, 0x00007a503acdace8] Compiler: c1, Barriers: 1, Oops: 1, ImmediateOops: 0, NonImmediateOops: No
[2,258s][debug][gc,nmethod     ] Register NMethod: io.sirix.access.trx.page.NodePageReadOnlyTrx.pageKey (0x00007a501bc47208) [0x00007a501bc47300, 0x00007a501bc47a80] Compiler: c1, Barriers: 0, Oops: 1, ImmediateOops: 2, NonImmediateOops: No
[2,258s][debug][gc,nmethod     ] Register NMethod: io.sirix.index.path.summary.PathSummaryReader.assertNotClosed (0x00007a501bc47b08) [0x00007a501bc47c00, 0x00007a501bc47e08] Compiler: c1, Barriers: 0, Oops: 1, ImmediateOops: 1, NonImmediateOops: No
[2,258s][debug][gc,nmethod     ] Register NMethod: io.sirix.access.trx.page.NodePageTrx.getMostRecentPageContainer (0x00007a501bc47e88) [0x00007a501bc47f80, 0x00007a501bc485b0] Compiler: c1, Barriers: 9, Oops: 1, ImmediateOops: 1, NonImmediateOops: No
[2,258s][debug][gc,nmethod     ] Register NMethod: io.sirix.access.trx.node.AbstractNodeReadOnlyTrx.getCurrentNode (0x00007a503acdae08) [0x00007a503acdaf00, 0x00007a503acdafe8] Compiler: c1, Barriers: 1, Oops: 1, ImmediateOops: 0, NonImmediateOops: No
[2,258s][debug][gc,nmethod     ] Register NMethod: io.sirix.access.ResourceConfiguration.storeChildCount (0x00007a503acdb108) [0x00007a503acdb200, 0x00007a503acdb2c0] Compiler: c1, Barriers: 0, Oops: 1, ImmediateOops: 0, NonImmediateOops: No
[2,258s][debug][gc,nmethod     ] Register NMethod: com.sun.org.apache.xerces.internal.impl.XMLDocumentFragmentScannerImpl.setScannerState (0x00007a503acdb408) [0x00007a503acdb500, 0x00007a503acdb5c0] Compiler: c1, Barriers: 0, Oops: 0, ImmediateOops: 0, NonImmediateOops: No
[2,259s][debug][gc,nmethod     ] Register NMethod: com.sun.org.apache.xerces.internal.impl.XMLEntityScanner.checkEntityLimit (0x00007a501bc48608) [0x00007a501bc48700, 0x00007a501bc489f8] Compiler: c1, Barriers: 0, Oops: 0, ImmediateOops: 4, NonImmediateOops: No
[2,259s][debug][gc,nmethod     ] Register NMethod: java.lang.invoke.MethodHandle.invokeBasic (0x00007a503acdb708) [0x00007a503acdb800, 0x00007a503acdba98] Compiler: , Barriers: 0, Oops: 0, ImmediateOops: 0, NonImmediateOops: No
[2,259s][debug][gc,nmethod     ] Register NMethod: java.lang.invoke.SegmentVarHandle.checkSegment (0x00007a501bc48a08) [0x00007a501bc48b00, 0x00007a501bc4c418] Compiler: c1, Barriers: 20, Oops: 1, ImmediateOops: 3, NonImmediateOops: No
[2,259s][debug][gc,director    ] Rule Major: Warmup 10%, Used: 336MB, UsedThreshold: 1228MB
[2,259s][debug][gc,nmethod     ] Register NMethod: java.lang.invoke.VarHandleGuards.guard_LJ_J (0x00007a501bc4c488) [0x00007a501bc4c580, 0x00007a501bc4f440] Compiler: c1, Barriers: 28, Oops: 0, ImmediateOops: 2, NonImmediateOops: No
[2,260s][debug][gc,nmethod     ] Register NMethod: java.lang.invoke.VarHandleSegmentAsLongs.get (0x00007a501bc4f488) [0x00007a501bc4f580, 0x00007a501bc54a20] Compiler: c1, Barriers: 24, Oops: 2, ImmediateOops: 6, NonImmediateOops: No
[2,260s][debug][gc,nmethod     ] Register NMethod: java.lang.invoke.VarHandleSegmentAsLongs.get (0x00007a501bc54a88) [0x00007a501bc54b80, 0x00007a501bc59da8] Compiler: c1, Barriers: 24, Oops: 2, ImmediateOops: 6, NonImmediateOops: No
[2,261s][debug][gc,nmethod     ] Register NMethod: jdk.internal.misc.Unsafe.getBooleanVolatile (0x00007a503acdbb08) [0x00007a503acdbc00, 0x00007a503acdbd70] Compiler: , Barriers: 0, Oops: 0, ImmediateOops: 0, NonImmediateOops: No
[2,262s][debug][gc,nmethod     ] Register NMethod: sun.misc.Unsafe.isMemoryAccessWarned (0x00007a501bc59e08) [0x00007a501bc59f00, 0x00007a501bc5a000] Compiler: c1, Barriers: 0, Oops: 0, ImmediateOops: 1, NonImmediateOops: No
[2,262s][debug][gc,nmethod     ] Register NMethod: net.openhft.hashing.Access.i64 (0x00007a501bc5a108) [0x00007a501bc5a200, 0x00007a501bc5a500] Compiler: c1, Barriers: 0, Oops: 1, ImmediateOops: 0, NonImmediateOops: No
[2,262s][debug][gc,nmethod     ] Register NMethod: sun.misc.Unsafe.beforeMemoryAccess (0x00007a501bc5a588) [0x00007a501bc5a680, 0x00007a501bc5a888] Compiler: c1, Barriers: 0, Oops: 0, ImmediateOops: 1, NonImmediateOops: No
[2,262s][debug][gc,nmethod     ] Register NMethod: io.sirix.node.xml.ElementNode.getNodeKey (0x00007a503acdbe08) [0x00007a503acdbf00, 0x00007a503acdbfc0] Compiler: c1, Barriers: 0, Oops: 1, ImmediateOops: 0, NonImmediateOops: No
[2,262s][debug][gc,nmethod     ] Register NMethod: io.sirix.access.trx.node.xml.XmlNodeTrxImpl.nodeReadOnlyTrxDelegate (0x00007a501bc5a908) [0x00007a501bc5aa00, 0x00007a501bc5ad50] Compiler: c1, Barriers: 1, Oops: 1, ImmediateOops: 0, NonImmediateOops: No
[2,262s][debug][gc,nmethod     ] Register NMethod: sun.misc.Unsafe.getLong (0x00007a501bc5ad88) [0x00007a501bc5ae80, 0x00007a501bc5b0f8] Compiler: c1, Barriers: 0, Oops: 0, ImmediateOops: 1, NonImmediateOops: No
[2,262s][debug][gc,nmethod     ] Register NMethod: io.sirix.cache.PageContainer.getModifiedAsUnorderedKeyValuePage (0x00007a501bc5b108) [0x00007a501bc5b200, 0x00007a501bc5b538] Compiler: c1, Barriers: 1, Oops: 1, ImmediateOops: 0, NonImmediateOops: No
[2,263s][debug][gc,nmethod     ] Register NMethod: net.openhft.hashing.UnsafeAccess.getLong (0x00007a501bc5b588) [0x00007a501bc5b680, 0x00007a501bc5bb20] Compiler: c1, Barriers: 0, Oops: 1, ImmediateOops: 2, NonImmediateOops: No
[2,263s][debug][gc,nmethod     ] Register NMethod: io.sirix.page.KeyValueLeafPage.getRecord (0x00007a501bc5bb88) [0x00007a501bc5bc80, 0x00007a501bc5be10] Compiler: c1, Barriers: 2, Oops: 1, ImmediateOops: 0, NonImmediateOops: No
[2,263s][debug][gc,nmethod     ] Register NMethod: java.lang.Math.multiplyHigh (0x00007a501bc5be88) [0x00007a501bc5bf80, 0x00007a501bc5c0d8] Compiler: c1, Barriers: 0, Oops: 0, ImmediateOops: 0, NonImmediateOops: No
[2,263s][debug][gc,nmethod     ] Register NMethod: net.openhft.hashing.Maths.unsignedLongMulXorFold (0x00007a501bc5c188) [0x00007a501bc5c280, 0x00007a501bc5c3b8] Compiler: c1, Barriers: 0, Oops: 1, ImmediateOops: 1, NonImmediateOops: No
[2,263s][debug][gc,nmethod     ] Register NMethod: io.sirix.access.trx.page.NodePageReadOnlyTrx.getValue (0x00007a501bc5c488) [0x00007a501bc5c580, 0x00007a501bc5e0e0] Compiler: c1, Barriers: 6, Oops: 1, ImmediateOops: 1, NonImmediateOops: No
[2,263s][debug][gc,nmethod     ] Register NMethod: net.openhft.hashing.MathsJDK9.unsignedLongMulXorFoldImp (0x00007a501bc5e108) [0x00007a501bc5e200, 0x00007a501bc5e380] Compiler: c1, Barriers: 0, Oops: 1, ImmediateOops: 0, NonImmediateOops: No
[2,263s][debug][gc,nmethod     ] Register NMethod: io.sirix.access.trx.page.NodePageTrx.prepareRecordPage (0x00007a501bc5e408) [0x00007a501bc5e500, 0x00007a501bc60aa8] Compiler: c1, Barriers: 38, Oops: 4, ImmediateOops: 3, NonImmediateOops: No
[2,263s][debug][gc,nmethod     ] Register NMethod: java.util.ArrayList$ArrayListSpliterator.trySplit (0x00007a501bc60b08) [0x00007a501bc60c00, 0x00007a501bc60ef8] Compiler: c1, Barriers: 0, Oops: 0, ImmediateOops: 0, NonImmediateOops: No
[2,263s][debug][gc,nmethod     ] Register NMethod: java.util.concurrent.CountedCompleter.weakCompareAndSetPendingCount (0x00007a501bc60f08) [0x00007a501bc61000, 0x00007a501bc61310] Compiler: c1, Barriers: 0, Oops: 0, ImmediateOops: 1, NonImmediateOops: No
[2,263s][debug][gc,nmethod     ] Register NMethod: io.sirix.node.MemorySegmentBytesOut.<init> (0x00007a501bc61388) [0x00007a501bc61480, 0x00007a501bc61708] Compiler: c1, Barriers: 3, Oops: 1, ImmediateOops: 0, NonImmediateOops: No
[2,263s][debug][gc,nmethod     ] Register NMethod: net.openhft.hashing.XXH3.XXH3_mix16B (0x00007a501bc61788) [0x00007a501bc61880, 0x00007a501bc63210] Compiler: c1, Barriers: 0, Oops: 3, ImmediateOops: 8, NonImmediateOops: No
[2,263s][debug][gc,nmethod     ] Register NMethod: jdk.internal.foreign.ConfinedSession$ConfinedResourceList.add (0x00007a501bc63288) [0x00007a501bc63380, 0x00007a501bc63828] Compiler: c1, Barriers: 11, Oops: 0, ImmediateOops: 2, NonImmediateOops: No
[2,263s][debug][gc,nmethod     ] Register NMethod: io.sirix.node.NodeSerializerImpl.serialize (0x00007a501bc63888) [0x00007a501bc63980, 0x00007a501bc643b0] Compiler: c1, Barriers: 1, Oops: 1, ImmediateOops: 0, NonImmediateOops: No
[2,264s][debug][gc,nmethod     ] Register NMethod: jdk.internal.foreign.layout.ValueLayouts$AbstractValueLayout.withOrder (0x00007a501bc64408) [0x00007a501bc64500, 0x00007a501bc64d30] Compiler: c1, Barriers: 1, Oops: 0, ImmediateOops: 0, NonImmediateOops: No
[2,264s][debug][gc,nmethod     ] Register NMethod: java.util.ArrayList$ArrayListSpliterator.trySplit (0x00007a501bc64d88) [0x00007a501bc64e80, 0x00007a501bc65410] Compiler: c1, Barriers: 5, Oops: 0, ImmediateOops: 0, NonImmediateOops: No
[2,264s][debug][gc,nmethod     ] Register NMethod: java.util.concurrent.atomic.AtomicLong.incrementAndGet (0x00007a503acdc108) [0x00007a503acdc200, 0x00007a503acdc290] Compiler: jvmci, Barriers: 0, Oops: 0, ImmediateOops: 0, NonImmediateOops: No
[2,264s][debug][gc,nmethod     ] Register NMethod: jdk.internal.foreign.HeapMemorySegmentImpl$OfByte.maxAlignMask (0x00007a501bc65488) [0x00007a501bc65580, 0x00007a501bc65688] Compiler: c1, Barriers: 0, Oops: 0, ImmediateOops: 0, NonImmediateOops: No
[2,264s][debug][gc,nmethod     ] Register NMethod: jdk.internal.foreign.layout.ValueLayouts$OfByteImpl.dup (0x00007a501bc65788) [0x00007a501bc65880, 0x00007a501bc65b78] Compiler: c1, Barriers: 0, Oops: 0, ImmediateOops: 0, NonImmediateOops: No
[2,264s][debug][gc,nmethod     ] Register NMethod: java.lang.Class.getSimpleName (0x00007a501bc65b88) [0x00007a501bc65c80, 0x00007a501bc65ee0] Compiler: c1, Barriers: 4, Oops: 0, ImmediateOops: 0, NonImmediateOops: No
[2,264s][debug][gc,nmethod     ] Register NMethod: jdk.internal.foreign.layout.ValueLayouts$OfByteImpl.withOrder (0x00007a501bc65f08) [0x00007a501bc66000, 0x00007a501bc66350] Compiler: c1, Barriers: 0, Oops: 0, ImmediateOops: 0, NonImmediateOops: No
[2,264s][debug][gc,nmethod     ] Register NMethod: jdk.internal.foreign.layout.ValueLayouts$OfByteImpl.dup (0x00007a501bc66388) [0x00007a501bc66480, 0x00007a501bc66630] Compiler: c1, Barriers: 0, Oops: 0, ImmediateOops: 0, NonImmediateOops: No
[2,264s][debug][gc,nmethod     ] Register NMethod: jdk.internal.foreign.AbstractMemorySegmentImpl$$Lambda/0x000000005d229808.apply (0x00007a501bc66688) [0x00007a501bc66780, 0x00007a501bc66b18] Compiler: c1, Barriers: 0, Oops: 0, ImmediateOops: 0, NonImmediateOops: No
[2,264s][debug][gc,nmethod     ] Register NMethod: it.unimi.dsi.fastutil.longs.LongArrayList.size (0x00007a503acdc408) [0x00007a503acdc500, 0x00007a503acdc5c0] Compiler: c1, Barriers: 0, Oops: 1, ImmediateOops: 0, NonImmediateOops: No
[2,264s][debug][gc,nmethod     ] Register NMethod: jdk.internal.foreign.HeapMemorySegmentImpl.<init> (0x00007a501bc66b88) [0x00007a501bc66c80, 0x00007a501bc66f38] Compiler: c1, Barriers: 6, Oops: 0, ImmediateOops: 0, NonImmediateOops: No
[2,264s][debug][gc,nmethod     ] Register NMethod: java.util.concurrent.ForkJoinWorkerThread$InnocuousForkJoinWorkerThread.onThreadLocalReset (0x00007a501bc66f88) [0x00007a501bc67080, 0x00007a501bc67288] Compiler: c1, Barriers: 3, Oops: 0, ImmediateOops: 0, NonImmediateOops: No
[2,265s][debug][gc,nmethod     ] Register NMethod: java.util.concurrent.ConcurrentHashMap.clear (0x00007a501bc67308) [0x00007a501bc67400, 0x00007a501bc68220] Compiler: c1, Barriers: 3, Oops: 0, ImmediateOops: 0, NonImmediateOops: No
[2,265s][debug][gc,nmethod     ] Register NMethod: io.sirix.page.SerializationType.writeHash (0x00007a501bc68288) [0x00007a501bc68380, 0x00007a501bc68e90] Compiler: c1, Barriers: 5, Oops: 1, ImmediateOops: 0, NonImmediateOops: No
[2,265s][debug][gc,nmethod     ] Register NMethod: io.sirix.page.SerializationType.writePageFragments (0x00007a501bc68f08) [0x00007a501bc69000, 0x00007a501bc6a4c8] Compiler: c1, Barriers: 5, Oops: 1, ImmediateOops: 0, NonImmediateOops: No
[2,266s][debug][gc,nmethod     ] Register NMethod: com.github.benmanes.caffeine.cache.UnboundedLocalCache$UnboundedLocalAsyncCache.cache (0x00007a503acdc708) [0x00007a503acdc800, 0x00007a503acdc8e8] Compiler: c1, Barriers: 1, Oops: 1, ImmediateOops: 0, NonImmediateOops: No
[2,267s][debug][gc,nmethod     ] Register NMethod: java.nio.MappedByteBuffer.flip (0x00007a501bc6a508) [0x00007a501bc6a600, 0x00007a501bc6a7d8] Compiler: c1, Barriers: 0, Oops: 0, ImmediateOops: 0, NonImmediateOops: No
[2,267s][debug][gc,nmethod     ] Register NMethod: com.github.benmanes.caffeine.cache.SSLSMW.evicts (0x00007a503acdca08) [0x00007a503acdcb00, 0x00007a503acdcbc0] Compiler: c1, Barriers: 0, Oops: 1, ImmediateOops: 0, NonImmediateOops: No
[2,267s][debug][gc,nmethod     ] Register NMethod: java.nio.DirectByteBuffer.attachment (0x00007a503acdcd08) [0x00007a503acdce00, 0x00007a503acdcee8] Compiler: c1, Barriers: 1, Oops: 0, ImmediateOops: 0, NonImmediateOops: No
[2,267s][debug][gc,nmethod     ] Register NMethod: com.github.benmanes.caffeine.cache.SSLSMW.frequencySketch (0x00007a503acdd008) [0x00007a503acdd100, 0x00007a503acdd1f0] Compiler: c1, Barriers: 1, Oops: 1, ImmediateOops: 0, NonImmediateOops: No
[2,267s][debug][gc,nmethod     ] Register NMethod: sun.security.provider.SHA2.implCompress0 (0x00007a503acdd308) [0x00007a503acdd400, 0x00007a503acdd8b8] Compiler: jvmci, Barriers: 2, Oops: 0, ImmediateOops: 1, NonImmediateOops: No
[2,268s][debug][gc,nmethod     ] Register NMethod: java.util.concurrent.ForkJoinPool$WorkQueue.topLevelExec (0x00007a501bc6a808) [0x00007a501bc6a900, 0x00007a501bc6b6c0] Compiler: c1, Barriers: 0, Oops: 0, ImmediateOops: 0, NonImmediateOops: No
[2,268s][debug][gc,nmethod     ] Register NMethod: io.sirix.page.KeyValueLeafPage.processEntries (0x00007a501bc6b708) [0x00007a501bc6b800, 0x00007a501bc7fd88] Compiler: c1, Barriers: 66, Oops: 5, ImmediateOops: 41, NonImmediateOops: No
[2,268s][debug][gc,nmethod     ] Register NMethod: io.sirix.node.MemorySegmentBytesIn.readInt (0x00007a501bc7fe08) [0x00007a501bc7ff00, 0x00007a501bc83b10] Compiler: c1, Barriers: 5, Oops: 6, ImmediateOops: 10, NonImmediateOops: No
[2,269s][debug][gc,director    ] Rule Major: Warmup 10%, Used: 338MB, UsedThreshold: 1228MB
[2,272s][debug][gc,nmethod     ] Register NMethod: java.util.ArrayList.<init> (0x00007a501bc83b88) [0x00007a501bc83c80, 0x00007a501bc84550] Compiler: c1, Barriers: 9, Oops: 0, ImmediateOops: 3, NonImmediateOops: No
[2,272s][debug][gc,nmethod     ] Register NMethod: io.sirix.node.HashCountEntryNode.getNodeKey (0x00007a503acdd908) [0x00007a503acdda00, 0x00007a503acddac0] Compiler: c1, Barriers: 0, Oops: 1, ImmediateOops: 0, NonImmediateOops: No
[2,274s][debug][gc,nmethod     ] Register NMethod: java.lang.System$1.blockedOn (0x00007a501bc84588) [0x00007a501bc84680, 0x00007a501bc849d8] Compiler: c1, Barriers: 1, Oops: 0, ImmediateOops: 0, NonImmediateOops: No
[2,274s][debug][gc,nmethod     ] Register NMethod: java.nio.channels.spi.AbstractInterruptibleChannel.blockedOn (0x00007a501bc84a08) [0x00007a501bc84b00, 0x00007a501bc84f68] Compiler: c1, Barriers: 2, Oops: 0, ImmediateOops: 1, NonImmediateOops: No
[2,274s][debug][gc,nmethod     ] Register NMethod: io.sirix.node.HashEntryNode.getNodeKey (0x00007a503acddc08) [0x00007a503acddd00, 0x00007a503acdddc0] Compiler: c1, Barriers: 0, Oops: 1, ImmediateOops: 0, NonImmediateOops: No
[2,274s][debug][gc,nmethod     ] Register NMethod: com.google.common.base.Preconditions.checkArgument (0x00007a501bc84f88) [0x00007a501bc85080, 0x00007a501bc85250] Compiler: c1, Barriers: 0, Oops: 1, ImmediateOops: 0, NonImmediateOops: No
[2,274s][debug][gc,nmethod     ] Register NMethod: java.lang.Long.bitCount (0x00007a503acddf08) [0x00007a503acde000, 0x00007a503acde0d0] Compiler: jvmci, Barriers: 0, Oops: 0, ImmediateOops: 0, NonImmediateOops: No
[2,275s][debug][gc,nmethod     ] Register NMethod: io.sirix.cache.IndexLogKey.getIndexType (0x00007a503acde208) [0x00007a503acde300, 0x00007a503acde3e8] Compiler: c1, Barriers: 1, Oops: 1, ImmediateOops: 0, NonImmediateOops: No
[2,275s][debug][gc,nmethod     ] Register NMethod: io.sirix.node.MemorySegmentBytesIn.<init> (0x00007a501bc85288) [0x00007a501bc85380, 0x00007a501bc85560] Compiler: c1, Barriers: 3, Oops: 1, ImmediateOops: 0, NonImmediateOops: No
[2,276s][debug][gc,nmethod     ] Register NMethod: java.lang.invoke.VarHandleGuards.guard_LL_V (0x00007a503acde508) [0x00007a503acde600, 0x00007a503acded40] Compiler: jvmci, Barriers: 23, Oops: 0, ImmediateOops: 5, NonImmediateOops: No
[2,277s][debug][gc,nmethod     ] Register NMethod: java.util.concurrent.atomic.AtomicInteger.incrementAndGet (0x00007a501bc85588) [0x00007a501bc85680, 0x00007a501bc85790] Compiler: c1, Barriers: 0, Oops: 0, ImmediateOops: 0, NonImmediateOops: No
[2,277s][debug][gc,nmethod     ] Register NMethod: jdk.internal.misc.Unsafe.checkSize (0x00007a503acded88) [0x00007a503acdee80, 0x00007a503acdef38] Compiler: jvmci, Barriers: 0, Oops: 0, ImmediateOops: 0, NonImmediateOops: No
[2,279s][debug][gc,nmethod     ] Register NMethod: io.sirix.index.path.summary.PathNode.structDelegate (0x00007a503acdf088) [0x00007a503acdf180, 0x00007a503acdf268] Compiler: c1, Barriers: 1, Oops: 1, ImmediateOops: 0, NonImmediateOops: No
[2,279s][debug][gc,nmethod     ] Register NMethod: io.sirix.cache.IndexLogKey.getRecordPageKey (0x00007a503acdf388) [0x00007a503acdf480, 0x00007a503acdf540] Compiler: c1, Barriers: 0, Oops: 1, ImmediateOops: 0, NonImmediateOops: No
[2,279s][debug][gc,nmethod     ] Register NMethod: io.sirix.access.trx.page.NodePageReadOnlyTrx.checkItemIfDeleted (0x00007a501bc85888) [0x00007a501bc85980, 0x00007a501bc85ce0] Compiler: c1, Barriers: 0, Oops: 1, ImmediateOops: 0, NonImmediateOops: No
[2,279s][debug][gc,nmethod     ] Register NMethod: io.sirix.cache.IndexLogKey.<init> (0x00007a501bc85d08) [0x00007a501bc85e00, 0x00007a501bc85fe0] Compiler: c1, Barriers: 3, Oops: 1, ImmediateOops: 0, NonImmediateOops: No
[2,279s][debug][gc,nmethod     ] Register NMethod: io.sirix.page.RevisionRootPage.getPathSummaryPageReference (0x00007a501bc86008) [0x00007a501bc86100, 0x00007a501bc86670] Compiler: c1, Barriers: 1, Oops: 1, ImmediateOops: 0, NonImmediateOops: No
[2,279s][debug][gc,nmethod     ] Register NMethod: io.sirix.page.delegates.ReferencesPage4.getOrCreateReference (0x00007a501bc86688) [0x00007a501bc86780, 0x00007a501bc88198] Compiler: c1, Barriers: 5, Oops: 1, ImmediateOops: 0, NonImmediateOops: No
[2,279s][debug][gc,nmethod     ] Register NMethod: io.sirix.page.PathSummaryPage.delegate (0x00007a503acdf688) [0x00007a503acdf780, 0x00007a503acdf868] Compiler: c1, Barriers: 1, Oops: 1, ImmediateOops: 0, NonImmediateOops: No
[2,279s][debug][gc,nmethod     ] Register NMethod: java.lang.Record.<init> (0x00007a503acdf988) [0x00007a503acdfa80, 0x00007a503acdfb00] Compiler: jvmci, Barriers: 0, Oops: 0, ImmediateOops: 0, NonImmediateOops: No
[2,279s][debug][gc,nmethod     ] Register NMethod: io.sirix.cache.IndexLogKey.getIndexNumber (0x00007a503acdfc88) [0x00007a503acdfd80, 0x00007a503acdfe40] Compiler: c1, Barriers: 0, Oops: 1, ImmediateOops: 0, NonImmediateOops: No
[2,279s][debug][gc,nmethod     ] Register NMethod: io.sirix.access.trx.page.NodePageTrx.getPageContainer (0x00007a501bc88208) [0x00007a501bc88300, 0x00007a501bc89440] Compiler: c1, Barriers: 12, Oops: 4, ImmediateOops: 2, NonImmediateOops: No
[2,279s][debug][gc,nmethod     ] Register NMethod: io.sirix.access.trx.page.NodePageTrx.getRecord (0x00007a501bc89488) [0x00007a501bc89580, 0x00007a501bc8b520] Compiler: c1, Barriers: 8, Oops: 1, ImmediateOops: 2, NonImmediateOops: No
[2,280s][debug][gc,director    ] Rule Major: Warmup 10%, Used: 340MB, UsedThreshold: 1228MB
[2,280s][debug][gc,nmethod     ] Register NMethod: java.lang.Class.descriptorString (0x00007a503acdff88) [0x00007a503ace0100, 0x00007a503ace1400] Compiler: jvmci, Barriers: 13, Oops: 3, ImmediateOops: 5, NonImmediateOops: No
[2,281s][debug][gc,nmethod     ] Register NMethod: sun.nio.ch.Util.isBufferTooLarge (0x00007a501bc8b588) [0x00007a501bc8b680, 0x00007a501bc8b7c0] Compiler: c1, Barriers: 0, Oops: 0, ImmediateOops: 0, NonImmediateOops: No
[2,281s][debug][gc,nmethod     ] Register NMethod: sun.nio.ch.IOUtil.read (0x00007a501bc8b888) [0x00007a501bc8b980, 0x00007a501bc8c908] Compiler: c1, Barriers: 0, Oops: 0, ImmediateOops: 1, NonImmediateOops: No
[2,281s][debug][gc,nmethod     ] Register NMethod: sun.nio.ch.IOUtil.readIntoNativeBuffer (0x00007a501bc8c988) [0x00007a501bc8ca80, 0x00007a501bc8f138] Compiler: c1, Barriers: 4, Oops: 0, ImmediateOops: 4, NonImmediateOops: No
[2,282s][debug][gc,nmethod     ] Register NMethod: java.nio.MappedByteBuffer.flip (0x00007a501bc8f188) [0x00007a501bc8f280, 0x00007a501bc8f670] Compiler: c1, Barriers: 0, Oops: 0, ImmediateOops: 0, NonImmediateOops: No
[2,282s][debug][gc,nmethod     ] Register NMethod: sun.nio.ch.IOUtil.read (0x00007a501bc8f688) [0x00007a501bc8f780, 0x00007a501bc8f8a8] Compiler: c1, Barriers: 0, Oops: 0, ImmediateOops: 0, NonImmediateOops: No
[2,282s][debug][gc,nmethod     ] Register NMethod: io.sirix.access.ResourceConfiguration.getID (0x00007a503ace1488) [0x00007a503ace1580, 0x00007a503ace1640] Compiler: c1, Barriers: 0, Oops: 1, ImmediateOops: 0, NonImmediateOops: No
[2,282s][debug][gc,nmethod     ] Register NMethod: java.nio.MappedByteBuffer.limit (0x00007a501bc8f988) [0x00007a501bc8fa80, 0x00007a501bc8fe40] Compiler: c1, Barriers: 0, Oops: 0, ImmediateOops: 0, NonImmediateOops: No
[2,282s][debug][gc,nmethod     ] Register NMethod: java.lang.System$1.currentCarrierThread (0x00007a501bc8fe88) [0x00007a501bc8ff80, 0x00007a501bc900c8] Compiler: c1, Barriers: 1, Oops: 0, ImmediateOops: 0, NonImmediateOops: No
[2,282s][debug][gc,nmethod     ] Register NMethod: java.nio.ByteBuffer.<init> (0x00007a501bc90188) [0x00007a501bc90280, 0x00007a501bc903c8] Compiler: c1, Barriers: 0, Oops: 0, ImmediateOops: 0, NonImmediateOops: No
[2,283s][debug][gc,nmethod     ] Register NMethod: io.sirix.page.KeyValueLeafPage.setData (0x00007a501bc90488) [0x00007a501bc90580, 0x00007a501bcd5d00] Compiler: c1, Barriers: 182, Oops: 16, ImmediateOops: 164, NonImmediateOops: No
[2,283s][debug][gc,nmethod     ] Register NMethod: com.github.benmanes.caffeine.cache.BoundedLocalCache.expiresVariable (0x00007a503ace1788) [0x00007a503ace1880, 0x00007a503ace1940] Compiler: c1, Barriers: 0, Oops: 1, ImmediateOops: 0, NonImmediateOops: No
[2,283s][debug][gc,nmethod     ] Register NMethod: java.nio.MappedByteBuffer.position (0x00007a501bcd5d88) [0x00007a501bcd5e80, 0x00007a501bcd6240] Compiler: c1, Barriers: 0, Oops: 0, ImmediateOops: 0, NonImmediateOops: No
[2,283s][debug][gc,nmethod     ] Register NMethod: com.github.benmanes.caffeine.cache.AbstractLinkedDeque.peekFirst (0x00007a503ace1a88) [0x00007a503ace1b80, 0x00007a503ace1c68] Compiler: c1, Barriers: 1, Oops: 1, ImmediateOops: 0, NonImmediateOops: No
[2,283s][debug][gc,nmethod     ] Register NMethod: java.nio.channels.spi.AbstractInterruptibleChannel.begin (0x00007a501bcd6288) [0x00007a501bcd6380, 0x00007a501bcd6f98] Compiler: c1, Barriers: 6, Oops: 0, ImmediateOops: 1, NonImmediateOops: No
[2,283s][debug][gc,nmethod     ] Register NMethod: sun.nio.ch.FileChannelImpl.read (0x00007a501bcd7008) [0x00007a501bcd7100, 0x00007a501bcd7348] Compiler: c1, Barriers: 0, Oops: 0, ImmediateOops: 1, NonImmediateOops: No
[2,283s][debug][gc,nmethod     ] Register NMethod: java.nio.channels.spi.AbstractInterruptibleChannel.end (0x00007a501bcd7388) [0x00007a501bcd7480, 0x00007a501bcd7f20] Compiler: c1, Barriers: 8, Oops: 0, ImmediateOops: 1, NonImmediateOops: No
[2,283s][debug][gc,nmethod     ] Register NMethod: io.sirix.node.MemorySegmentBytesIn.readLong (0x00007a501bcd7f88) [0x00007a501bcd8080, 0x00007a501bcdbc90] Compiler: c1, Barriers: 5, Oops: 6, ImmediateOops: 10, NonImmediateOops: No
[2,283s][debug][gc,nmethod     ] Register NMethod: sun.nio.ch.UnixFileDispatcherImpl.pread (0x00007a501bcdbd08) [0x00007a501bcdbe00, 0x00007a501bcdbf40] Compiler: c1, Barriers: 0, Oops: 0, ImmediateOops: 0, NonImmediateOops: No
[2,283s][debug][gc,nmethod     ] Register NMethod: sun.nio.ch.FileChannelImpl.implRead (0x00007a501bcdc008) [0x00007a501bcdc100, 0x00007a501bcdcaf8] Compiler: c1, Barriers: 0, Oops: 0, ImmediateOops: 2, NonImmediateOops: No
[2,284s][debug][gc,nmethod     ] Register NMethod: jdk.internal.foreign.AbstractMemorySegmentImpl.get (0x00007a501bcdcb08) [0x00007a501bcdcc00, 0x00007a501bce0530] Compiler: c1, Barriers: 27, Oops: 5, ImmediateOops: 12, NonImmediateOops: No
[2,284s][debug][gc,nmethod     ] Register NMethod: com.github.benmanes.caffeine.cache.BoundedLocalCache.expiresAfterWrite (0x00007a503ace1d88) [0x00007a503ace1e80, 0x00007a503ace1f40] Compiler: c1, Barriers: 0, Oops: 1, ImmediateOops: 0, NonImmediateOops: No
[2,284s][debug][gc,nmethod     ] Register NMethod: java.nio.ByteBuffer.base (0x00007a503ace2088) [0x00007a503ace2180, 0x00007a503ace2268] Compiler: c1, Barriers: 1, Oops: 0, ImmediateOops: 0, NonImmediateOops: No
[2,284s][debug][gc,nmethod     ] Register NMethod: io.sirix.io.bytepipe.ByteHandler.supportsMemorySegments (0x00007a503ace2388) [0x00007a503ace2480, 0x00007a503ace2540] Compiler: c1, Barriers: 0, Oops: 1, ImmediateOops: 0, NonImmediateOops: No
[2,284s][debug][gc,nmethod     ] Register NMethod: net.jpountz.lz4.LZ4BlockInputStream.read (0x00007a501bce0588) [0x00007a501bce0680, 0x00007a501bce0f60] Compiler: c1, Barriers: 1, Oops: 1, ImmediateOops: 1, NonImmediateOops: No
[2,284s][debug][gc,nmethod     ] Register NMethod: net.jpountz.lz4.LZ4Factory.fastDecompressor (0x00007a503ace2688) [0x00007a503ace2780, 0x00007a503ace2868] Compiler: c1, Barriers: 1, Oops: 1, ImmediateOops: 0, NonImmediateOops: No
[2,284s][debug][gc,nmethod     ] Register NMethod: io.sirix.access.DatabaseConfiguration.getDatabaseId (0x00007a503ace2988) [0x00007a503ace2a80, 0x00007a503ace2b40] Compiler: c1, Barriers: 0, Oops: 1, ImmediateOops: 0, NonImmediateOops: No
[2,284s][debug][gc,nmethod     ] Register NMethod: jdk.internal.util.DecimalDigits.uncheckedPutPairLatin1 (0x00007a501bce0f88) [0x00007a501bce1080, 0x00007a501bce1208] Compiler: c1, Barriers: 0, Oops: 0, ImmediateOops: 1, NonImmediateOops: No
[2,284s][debug][gc,nmethod     ] Register NMethod: java.util.concurrent.atomic.AtomicInteger.decrementAndGet (0x00007a501bce1288) [0x00007a501bce1380, 0x00007a501bce1490] Compiler: c1, Barriers: 0, Oops: 0, ImmediateOops: 0, NonImmediateOops: No
[2,284s][debug][gc,nmethod     ] Register NMethod: java.util.ArrayList.getFirst (0x00007a501bce1588) [0x00007a501bce1680, 0x00007a501bce1980] Compiler: c1, Barriers: 2, Oops: 0, ImmediateOops: 0, NonImmediateOops: No
[2,284s][debug][gc,nmethod     ] Register NMethod: net.jpountz.lz4.LZ4BlockInputStream.refill (0x00007a501bce1988) [0x00007a501bce1a80, 0x00007a501bce3aa0] Compiler: c1, Barriers: 22, Oops: 1, ImmediateOops: 11, NonImmediateOops: No
[2,284s][debug][gc,nmethod     ] Register NMethod: sun.nio.ch.FileChannelImpl.readInternal (0x00007a501bce3b08) [0x00007a501bce3c00, 0x00007a501bce5c20] Compiler: c1, Barriers: 7, Oops: 0, ImmediateOops: 3, NonImmediateOops: No
[2,285s][debug][gc,nmethod     ] Register NMethod: java.util.concurrent.ConcurrentHashMap$KeySetView.add (0x00007a501bce5c88) [0x00007a501bce5d80, 0x00007a501bce6228] Compiler: c1, Barriers: 2, Oops: 0, ImmediateOops: 0, NonImmediateOops: No
[2,285s][debug][gc,nmethod     ] Register NMethod: java.nio.MappedByteBuffer.<init> (0x00007a501bce6288) [0x00007a501bce6380, 0x00007a501bce6550] Compiler: c1, Barriers: 3, Oops: 0, ImmediateOops: 0, NonImmediateOops: No
[2,286s][debug][gc,nmethod     ] Register NMethod: java.util.concurrent.ForkJoinPool.deactivate (0x00007a503ace2c88) [0x00007a503ace2d80, 0x00007a503ace3840] Compiler: jvmci, Barriers: 21, Oops: 0, ImmediateOops: 1, NonImmediateOops: No
[2,286s][debug][gc,nmethod     ] Register NMethod: io.sirix.node.MemorySegmentBytesIn.read (0x00007a501bce6588) [0x00007a501bce6680, 0x00007a501bce67d8] Compiler: c1, Barriers: 0, Oops: 1, ImmediateOops: 0, NonImmediateOops: No
[2,286s][debug][gc,nmethod     ] Register NMethod: io.sirix.cache.IndexLogKey.getRevisionNumber (0x00007a503ace3888) [0x00007a503ace3980, 0x00007a503ace3a40] Compiler: c1, Barriers: 0, Oops: 1, ImmediateOops: 0, NonImmediateOops: No
[2,287s][debug][gc,nmethod     ] Register NMethod: io.sirix.page.KeyValueLeafPage.getNumberOfNonNullEntries (0x00007a501bce6888) [0x00007a501bce6980, 0x00007a501bce6f30] Compiler: c1, Barriers: 2, Oops: 1, ImmediateOops: 0, NonImmediateOops: No
[2,287s][debug][gc,nmethod     ] Register NMethod: io.sirix.page.KeyValueLeafPage.getNumberOfNonNullEntries (0x00007a501bce6f88) [0x00007a501bce7080, 0x00007a501bce75a0] Compiler: c1, Barriers: 2, Oops: 1, ImmediateOops: 0, NonImmediateOops: No
[2,287s][debug][gc,nmethod     ] Register NMethod: io.sirix.page.KeyValueLeafPage.setDeweyId (0x00007a501bce7608) [0x00007a501bce7700, 0x00007a501bce7958] Compiler: c1, Barriers: 5, Oops: 1, ImmediateOops: 0, NonImmediateOops: No
[2,287s][debug][gc,nmethod     ] Register NMethod: io.sirix.io.filechannel.FileChannelWriter.delegate (0x00007a503ace3b88) [0x00007a503ace3c80, 0x00007a503ace3d68] Compiler: c1, Barriers: 1, Oops: 1, ImmediateOops: 0, NonImmediateOops: No
[2,287s][debug][gc,nmethod     ] Register NMethod: io.sirix.page.PageReference.setDatabaseId (0x00007a501bce7988) [0x00007a501bce7a80, 0x00007a501bce7b90] Compiler: c1, Barriers: 0, Oops: 1, ImmediateOops: 0, NonImmediateOops: No
[2,287s][debug][gc,nmethod     ] Register NMethod: io.sirix.node.MemorySegmentBytesIn.read (0x00007a501bce7c88) [0x00007a501bce7d80, 0x00007a501bcee878] Compiler: c1, Barriers: 7, Oops: 9, ImmediateOops: 16, NonImmediateOops: No
[2,287s][debug][gc,nmethod     ] Register NMethod: io.sirix.page.PageReference.setResourceId (0x00007a501bcee908) [0x00007a501bceea00, 0x00007a501bceeb10] Compiler: c1, Barriers: 0, Oops: 1, ImmediateOops: 0, NonImmediateOops: No
[2,287s][debug][gc,nmethod     ] Register NMethod: ch.qos.logback.classic.LoggerContext.getTurboFilterChainDecision_0_3OrMore (0x00007a501bceec08) [0x00007a501bceed00, 0x00007a501bcef4f8] Compiler: c1, Barriers: 3, Oops: 1, ImmediateOops: 1, NonImmediateOops: No
[2,288s][debug][gc,nmethod     ] Register NMethod: java.lang.invoke.SegmentVarHandle.offset (0x00007a503ace3e88) [0x00007a503ace3f80, 0x00007a503ace4048] Compiler: jvmci, Barriers: 0, Oops: 0, ImmediateOops: 0, NonImmediateOops: No
[2,288s][debug][gc,nmethod     ] Register NMethod: jdk.internal.misc.Unsafe.getIntOpaque (0x00007a501bcef508) [0x00007a501bcef600, 0x00007a501bcef700] Compiler: c1, Barriers: 0, Oops: 0, ImmediateOops: 0, NonImmediateOops: No
[2,288s][debug][gc,nmethod     ] Register NMethod: java.lang.StringConcatHelper.checkOverflow (0x00007a503ace4188) [0x00007a503ace4280, 0x00007a503ace4318] Compiler: jvmci, Barriers: 0, Oops: 0, ImmediateOops: 0, NonImmediateOops: No
[2,288s][debug][gc,nmethod     ] Register NMethod: io.sirix.access.trx.page.NodePageReadOnlyTrx$RecordPage.page (0x00007a503ace4488) [0x00007a503ace4580, 0x00007a503ace4668] Compiler: c1, Barriers: 1, Oops: 1, ImmediateOops: 0, NonImmediateOops: No
[2,288s][debug][gc,nmethod     ] Register NMethod: io.sirix.page.UberPage.getPageCountExp (0x00007a501bcef808) [0x00007a501bcef900, 0x00007a501bcefe48] Compiler: c1, Barriers: 0, Oops: 1, ImmediateOops: 4, NonImmediateOops: No
[2,288s][debug][gc,nmethod     ] Register NMethod: io.sirix.cache.IndexLogKey.hashCode (0x00007a501bcefe88) [0x00007a501bceff80, 0x00007a501bcf0328] Compiler: c1, Barriers: 1, Oops: 1, ImmediateOops: 0, NonImmediateOops: No
[2,288s][debug][gc,nmethod     ] Register NMethod: io.sirix.access.trx.page.NodePageReadOnlyTrx.getPathSummaryPage (0x00007a501bcf0388) [0x00007a501bcf0480, 0x00007a501bcf1458] Compiler: c1, Barriers: 4, Oops: 1, ImmediateOops: 1, NonImmediateOops: No
[2,289s][debug][gc,nmethod     ] Register NMethod: com.github.benmanes.caffeine.cache.BLCHeader$DrainStatusRef.drainStatusOpaque (0x00007a501bcf1488) [0x00007a501bcf1580, 0x00007a501bcf23c0] Compiler: c1, Barriers: 0, Oops: 6, ImmediateOops: 6, NonImmediateOops: No
[2,289s][debug][gc,nmethod     ] Register NMethod: java.lang.invoke.VarHandleInts$FieldInstanceReadOnly.getOpaque (0x00007a501bcf2408) [0x00007a501bcf2500, 0x00007a501bcf3110] Compiler: c1, Barriers: 1, Oops: 1, ImmediateOops: 1, NonImmediateOops: No
[2,289s][debug][gc,nmethod     ] Register NMethod: java.lang.invoke.MethodHandle.linkToSpecial (0x00007a503ace4788) [0x00007a503ace4880, 0x00007a503ace4978] Compiler: , Barriers: 0, Oops: 0, ImmediateOops: 0, NonImmediateOops: No
[2,289s][debug][gc,nmethod     ] Register NMethod: io.sirix.access.trx.page.NodePageReadOnlyTrx.getPageReference (0x00007a501bcf3188) [0x00007a501bcf3280, 0x00007a501bcfc328] Compiler: c1, Barriers: 28, Oops: 1, ImmediateOops: 7, NonImmediateOops: No
[2,289s][debug][gc,nmethod     ] Register NMethod: io.sirix.access.trx.page.NodePageReadOnlyTrx.getCurrentMaxIndirectPageTreeLevel (0x00007a501bcfc388) [0x00007a501bcfc480, 0x00007a501bd03c58] Compiler: c1, Barriers: 20, Oops: 1, ImmediateOops: 6, NonImmediateOops: No
[2,290s][debug][gc,director    ] Rule Major: Warmup 10%, Used: 342MB, UsedThreshold: 1228MB
[2,290s][debug][gc,nmethod     ] Register NMethod: sun.security.provider.SHA2.implCompress0 (0x00007a503ace4a88) [0x00007a503ace4b80, 0x00007a503ace56b0] Compiler: jvmci, Barriers: 5, Oops: 0, ImmediateOops: 1, NonImmediateOops: No
[2,290s][debug][gc,nmethod     ] Register NMethod: java.lang.invoke.MethodHandle.linkToSpecial (0x00007a503ace5708) [0x00007a503ace5800, 0x00007a503ace58f8] Compiler: , Barriers: 0, Oops: 0, ImmediateOops: 0, NonImmediateOops: No
[2,291s][debug][gc,nmethod     ] Register NMethod: java.lang.invoke.MethodHandle.invokeBasic (0x00007a503ace5a08) [0x00007a503ace5b00, 0x00007a503ace5d98] Compiler: , Barriers: 0, Oops: 0, ImmediateOops: 0, NonImmediateOops: No
[2,291s][debug][gc,nmethod     ] Register NMethod: java.lang.invoke.MethodHandle.linkToSpecial (0x00007a503ace5e08) [0x00007a503ace5f00, 0x00007a503ace5ff8] Compiler: , Barriers: 0, Oops: 0, ImmediateOops: 0, NonImmediateOops: No
[2,291s][debug][gc,nmethod     ] Register NMethod: java.util.ArrayDeque.sub (0x00007a501bd03c88) [0x00007a501bd03d80, 0x00007a501bd03e90] Compiler: c1, Barriers: 0, Oops: 0, ImmediateOops: 0, NonImmediateOops: No
[2,292s][debug][gc,nmethod     ] Register NMethod: java.util.ArrayDeque.size (0x00007a501bd03f88) [0x00007a501bd04080, 0x00007a501bd04250] Compiler: c1, Barriers: 1, Oops: 0, ImmediateOops: 0, NonImmediateOops: No
[2,293s][debug][gc,nmethod     ] Register NMethod: java.lang.Class.newReflectionData (0x00007a501bd04288) [0x00007a501bd04380, 0x00007a501bd04ec0] Compiler: c1, Barriers: 7, Oops: 0, ImmediateOops: 2, NonImmediateOops: No
[2,294s][debug][gc,nmethod     ] Register NMethod: java.lang.invoke.MethodHandle.linkToSpecial (0x00007a503ace6108) [0x00007a503ace6200, 0x00007a503ace62f8] Compiler: , Barriers: 0, Oops: 0, ImmediateOops: 0, NonImmediateOops: No
[2,295s][debug][gc,nmethod     ] Register NMethod: java.lang.invoke.LambdaFormEditor.lambdaFormEditor (0x00007a501bd04f08) [0x00007a501bd05000, 0x00007a501bd052b8] Compiler: c1, Barriers: 3, Oops: 0, ImmediateOops: 0, NonImmediateOops: No
[2,295s][debug][gc,nmethod     ] Register NMethod: java.lang.invoke.ClassSpecializer$SpeciesData.getterFunction (0x00007a501bd05308) [0x00007a501bd05400, 0x00007a501bd05970] Compiler: c1, Barriers: 1, Oops: 0, ImmediateOops: 0, NonImmediateOops: No
[2,295s][debug][gc,nmethod     ] Register NMethod: java.lang.invoke.LambdaForm.editor (0x00007a501bd05988) [0x00007a501bd05a80, 0x00007a501bd05da8] Compiler: c1, Barriers: 3, Oops: 0, ImmediateOops: 0, NonImmediateOops: No
[2,295s][debug][gc,nmethod     ] Register NMethod: java.lang.invoke.LambdaFormEditor.<init> (0x00007a501bd05e08) [0x00007a501bd05f00, 0x00007a501bd060d0] Compiler: c1, Barriers: 3, Oops: 0, ImmediateOops: 0, NonImmediateOops: No
[2,295s][debug][gc,nmethod     ] Register NMethod: java.lang.invoke.DirectMethodHandle$Holder.invokeStatic (0x00007a501bd06108) [0x00007a501bd06200, 0x00007a501bd065d0] Compiler: c1, Barriers: 1, Oops: 0, ImmediateOops: 0, NonImmediateOops: No
[2,295s][debug][gc,nmethod     ] Register NMethod: org.magicwerk.brownies.collections.GapList.add (0x00007a501bd06608) [0x00007a501bd06700, 0x00007a501bd06c18] Compiler: c1, Barriers: 0, Oops: 1, ImmediateOops: 0, NonImmediateOops: No
[2,295s][debug][gc,nmethod     ] Register NMethod: com.github.benmanes.caffeine.cache.SSLSMW.weightedSize (0x00007a503ace6408) [0x00007a503ace6500, 0x00007a503ace65c0] Compiler: c1, Barriers: 0, Oops: 1, ImmediateOops: 0, NonImmediateOops: No
[2,296s][debug][gc,nmethod     ] Register NMethod: org.magicwerk.brownies.collections.GapList.doEnsureCapacity (0x00007a501bd06c88) [0x00007a501bd06d80, 0x00007a501bd07628] Compiler: c1, Barriers: 6, Oops: 1, ImmediateOops: 0, NonImmediateOops: No
[2,296s][debug][gc,nmethod     ] Register NMethod: org.magicwerk.brownies.collections.IList.checkIndexAdd (0x00007a501bd07688) [0x00007a501bd07780, 0x00007a501bd08f88] Compiler: c1, Barriers: 0, Oops: 4, ImmediateOops: 4, NonImmediateOops: No
[2,296s][debug][gc,nmethod     ] Register NMethod: java.lang.invoke.MethodHandle.invokeBasic (0x00007a503ace6708) [0x00007a503ace6800, 0x00007a503ace6a98] Compiler: , Barriers: 0, Oops: 0, ImmediateOops: 0, NonImmediateOops: No
[2,296s][debug][gc,nmethod     ] Register NMethod: java.lang.invoke.MethodHandle.linkToSpecial (0x00007a503ace6b08) [0x00007a503ace6c00, 0x00007a503ace6cf8] Compiler: , Barriers: 0, Oops: 0, ImmediateOops: 0, NonImmediateOops: No
[2,296s][debug][gc,nmethod     ] Register NMethod: org.magicwerk.brownies.collections.GapList.doAdd (0x00007a501bd09008) [0x00007a501bd09100, 0x00007a501bd0b0c0] Compiler: c1, Barriers: 13, Oops: 1, ImmediateOops: 0, NonImmediateOops: No
[2,297s][debug][gc,nmethod     ] Register NMethod: java.lang.invoke.MethodHandle.linkToStatic (0x00007a503ace6e08) [0x00007a503ace6f00, 0x00007a503ace6ff0] Compiler: , Barriers: 0, Oops: 0, ImmediateOops: 0, NonImmediateOops: No
[2,297s][debug][gc,nmethod     ] Register NMethod: java.lang.invoke.MethodHandle.invokeBasic (0x00007a503ace7108) [0x00007a503ace7200, 0x00007a503ace7498] Compiler: , Barriers: 0, Oops: 0, ImmediateOops: 0, NonImmediateOops: No
[2,297s][debug][gc,nmethod     ] Register NMethod: java.lang.invoke.BoundMethodHandle$SpeciesData.extendWith (0x00007a501bd0b108) [0x00007a501bd0b200, 0x00007a501bd0cda8] Compiler: c1, Barriers: 7, Oops: 1, ImmediateOops: 2, NonImmediateOops: No
[2,297s][debug][gc,nmethod     ] Register NMethod: java.lang.invoke.InvokerBytecodeGenerator.assertStaticType (0x00007a501bd0ce08) [0x00007a501bd0cf00, 0x00007a501bd0da98] Compiler: c1, Barriers: 6, Oops: 0, ImmediateOops: 0, NonImmediateOops: No
[2,298s][debug][gc,nmethod     ] Register NMethod: java.lang.invoke.DelegatingMethodHandle.whichKind (0x00007a501bd0db08) [0x00007a501bd0dc00, 0x00007a501bd0ddc0] Compiler: c1, Barriers: 0, Oops: 0, ImmediateOops: 3, NonImmediateOops: No
[2,298s][debug][gc,nmethod     ] Register NMethod: jdk.internal.classfile.impl.AbstractPoolEntry$AbstractRefEntry.<init> (0x00007a503ace7508) [0x00007a503ace7600, 0x00007a503ace77d8] Compiler: jvmci, Barriers: 6, Oops: 0, ImmediateOops: 0, NonImmediateOops: No
[2,298s][debug][gc,nmethod     ] Register NMethod: java.lang.invoke.DelegatingMethodHandle.makeReinvokerForm (0x00007a501bd0de08) [0x00007a501bd0df00, 0x00007a501bd11a70] Compiler: c1, Barriers: 37, Oops: 0, ImmediateOops: 2, NonImmediateOops: No
[2,299s][debug][gc,nmethod     ] Register NMethod: java.lang.invoke.MethodHandle.linkToStatic (0x00007a503ace7808) [0x00007a503ace7900, 0x00007a503ace79f0] Compiler: , Barriers: 0, Oops: 0, ImmediateOops: 0, NonImmediateOops: No
[2,299s][debug][gc,nmethod     ] Register NMethod: java.lang.invoke.MethodHandle.invokeBasic (0x00007a503ace7b08) [0x00007a503ace7c00, 0x00007a503ace7e98] Compiler: , Barriers: 0, Oops: 0, ImmediateOops: 0, NonImmediateOops: No
[2,299s][debug][gc,nmethod     ] Register NMethod: java.lang.invoke.MethodHandle.linkToSpecial (0x00007a503ace7f08) [0x00007a503ace8000, 0x00007a503ace80f8] Compiler: , Barriers: 0, Oops: 0, ImmediateOops: 0, NonImmediateOops: No
[2,299s][debug][gc,nmethod     ] Register NMethod: java.lang.invoke.MethodHandle.invokeBasic (0x00007a503ace8208) [0x00007a503ace8300, 0x00007a503ace8598] Compiler: , Barriers: 0, Oops: 0, ImmediateOops: 0, NonImmediateOops: No
[2,300s][debug][gc,nmethod     ] Register NMethod: java.lang.invoke.VarHandleReferences$FieldInstanceReadWrite.setRelease (0x00007a501bd11a88) [0x00007a501bd11b80, 0x00007a501bd12d30] Compiler: c1, Barriers: 2, Oops: 1, ImmediateOops: 1, NonImmediateOops: No
[2,300s][debug][gc,director    ] Rule Major: Warmup 10%, Used: 344MB, UsedThreshold: 1228MB
[2,300s][debug][gc,nmethod     ] Register NMethod: jdk.internal.misc.Unsafe.checkNativeAddress (0x00007a503ace8608) [0x00007a503ace8700, 0x00007a503ace8780] Compiler: jvmci, Barriers: 0, Oops: 0, ImmediateOops: 0, NonImmediateOops: No
[2,300s][debug][gc,nmethod     ] Register NMethod: com.github.benmanes.caffeine.cache.BoundedLocalCache.expiresAfterAccess (0x00007a503ace8908) [0x00007a503ace8a00, 0x00007a503ace8ac0] Compiler: c1, Barriers: 0, Oops: 1, ImmediateOops: 0, NonImmediateOops: No
[2,301s][debug][gc,nmethod     ] Register NMethod: io.sirix.page.UberPage.getRevisionNumber (0x00007a501bd12d88) [0x00007a501bd12e80, 0x00007a501bd12f88] Compiler: c1, Barriers: 0, Oops: 1, ImmediateOops: 0, NonImmediateOops: No
[2,301s][debug][gc,nmethod     ] Register NMethod: java.nio.Bits.reserveMemory (0x00007a501bd13088) [0x00007a501bd13180, 0x00007a501bd160d8] Compiler: c1, Barriers: 4, Oops: 4, ImmediateOops: 13, NonImmediateOops: No
[2,301s][debug][gc,nmethod     ] Register NMethod: com.github.benmanes.caffeine.cache.Ticker.disabledTicker (0x00007a501bd16108) [0x00007a501bd16200, 0x00007a501bd162e8] Compiler: c1, Barriers: 0, Oops: 1, ImmediateOops: 1, NonImmediateOops: No
[2,301s][debug][gc,nmethod     ] Register NMethod: it.unimi.dsi.fastutil.ints.Int2IntOpenHashMap.put (0x00007a501bd16408) [0x00007a501bd16500, 0x00007a501bd16768] Compiler: c1, Barriers: 1, Oops: 1, ImmediateOops: 0, NonImmediateOops: No
[2,301s][debug][gc,nmethod     ] Register NMethod: it.unimi.dsi.fastutil.ints.Int2IntOpenHashMap.find (0x00007a501bd16788) [0x00007a501bd16880, 0x00007a501bd16ce8] Compiler: c1, Barriers: 1, Oops: 1, ImmediateOops: 0, NonImmediateOops: No
[2,302s][debug][gc,nmethod     ] Register NMethod: java.lang.invoke.DirectMethodHandle.internalMemberName (0x00007a503ace8c08) [0x00007a503ace8d00, 0x00007a503ace8df8] Compiler: jvmci, Barriers: 1, Oops: 0, ImmediateOops: 0, NonImmediateOops: No
[2,302s][debug][gc,nmethod     ] Register NMethod: java.nio.ByteBuffer.allocateDirect (0x00007a501bd16d08) [0x00007a501bd16e00, 0x00007a501bd16f88] Compiler: c1, Barriers: 0, Oops: 0, ImmediateOops: 0, NonImmediateOops: No
[2,302s][debug][gc,nmethod     ] Register NMethod: com.github.benmanes.caffeine.cache.BoundedLocalCache.expirationTicker (0x00007a501bd17008) [0x00007a501bd17100, 0x00007a501bd17260] Compiler: c1, Barriers: 0, Oops: 1, ImmediateOops: 1, NonImmediateOops: No
[2,302s][debug][gc,nmethod     ] Register NMethod: io.sirix.page.SerializationType.readHash (0x00007a501bd17308) [0x00007a501bd17400, 0x00007a501bd17968] Compiler: c1, Barriers: 3, Oops: 1, ImmediateOops: 0, NonImmediateOops: No
[2,302s][debug][gc,nmethod     ] Register NMethod: io.sirix.page.SerializationType.readPageFragments (0x00007a501bd17988) [0x00007a501bd17a80, 0x00007a501bd18680] Compiler: c1, Barriers: 1, Oops: 1, ImmediateOops: 0, NonImmediateOops: No
[2,303s][debug][gc,nmethod     ] Register NMethod: java.nio.DirectByteBuffer.<init> (0x00007a501bd18708) [0x00007a501bd18800, 0x00007a501bd1a170] Compiler: c1, Barriers: 25, Oops: 2, ImmediateOops: 14, NonImmediateOops: No
[2,303s][debug][gc,nmethod     ] Register NMethod: java.lang.Thread.interrupted (0x00007a501bd1a188) [0x00007a501bd1a280, 0x00007a501bd1a5b8] Compiler: c1, Barriers: 1, Oops: 0, ImmediateOops: 0, NonImmediateOops: No
[2,305s][debug][gc,nmethod     ] Register NMethod: java.lang.Long.numberOfTrailingZeros (0x00007a501bd1a608) [0x00007a501bd1a700, 0x00007a501bd1a8a8] Compiler: c1, Barriers: 0, Oops: 0, ImmediateOops: 0, NonImmediateOops: No
[2,305s][debug][gc,nmethod     ] Register NMethod: java.lang.Integer.numberOfTrailingZeros (0x00007a501bd1a908) [0x00007a501bd1aa00, 0x00007a501bd1ac18] Compiler: c1, Barriers: 0, Oops: 0, ImmediateOops: 0, NonImmediateOops: No
[2,305s][debug][gc,nmethod     ] Register NMethod: io.sirix.node.Bytes.elasticOffHeapByteBuffer (0x00007a501bd1ac88) [0x00007a501bd1ad80, 0x00007a501bd1bb88] Compiler: c1, Barriers: 9, Oops: 2, ImmediateOops: 1, NonImmediateOops: No
[2,306s][debug][gc,nmethod     ] Register NMethod: java.lang.invoke.DirectMethodHandle.fieldOffset (0x00007a501bd1bc08) [0x00007a501bd1bd00, 0x00007a501bd1bff0] Compiler: c1, Barriers: 0, Oops: 0, ImmediateOops: 0, NonImmediateOops: No
[2,306s][debug][gc,nmethod     ] Register NMethod: java.lang.invoke.DirectMethodHandle.checkBase (0x00007a501bd1c008) [0x00007a501bd1c100, 0x00007a501bd1c330] Compiler: c1, Barriers: 0, Oops: 0, ImmediateOops: 0, NonImmediateOops: No
[2,309s][debug][gc,nmethod     ] Register NMethod: java.util.concurrent.ForkJoinPool.deactivate (0x00007a503ace8f08) [0x00007a503ace9000, 0x00007a503ace9ff8] Compiler: jvmci, Barriers: 28, Oops: 0, ImmediateOops: 1, NonImmediateOops: No
[2,310s][debug][gc,director    ] Rule Major: Warmup 10%, Used: 344MB, UsedThreshold: 1228MB
[2,311s][debug][gc,nmethod     ] Register NMethod: java.lang.invoke.MethodHandle.linkToStatic (0x00007a503acea008) [0x00007a503acea100, 0x00007a503acea1f0] Compiler: , Barriers: 0, Oops: 0, ImmediateOops: 0, NonImmediateOops: No
[2,313s][debug][gc,nmethod     ] Register NMethod: jdk.internal.classfile.impl.AttributeHolder.writeTo (0x00007a503acea308) [0x00007a503acea400, 0x00007a503aceaf60] Compiler: jvmci, Barriers: 13, Oops: 0, ImmediateOops: 0, NonImmediateOops: No
[2,313s][debug][gc,nmethod     ] Register NMethod: java.lang.Math.floorMod (0x00007a501bd1c388) [0x00007a501bd1c480, 0x00007a501bd1c630] Compiler: c1, Barriers: 0, Oops: 0, ImmediateOops: 0, NonImmediateOops: No
[2,313s][debug][gc,nmethod     ] Register NMethod: java.lang.System.checkKey (0x00007a501bd1c688) [0x00007a501bd1c780, 0x00007a501bd1cce8] Compiler: c1, Barriers: 1, Oops: 0, ImmediateOops: 2, NonImmediateOops: No
[2,313s][debug][gc,nmethod     ] Register NMethod: java.util.concurrent.ConcurrentHashMap$KeySetView.remove (0x00007a501bd1cd08) [0x00007a501bd1ce00, 0x00007a501bd1d210] Compiler: c1, Barriers: 1, Oops: 0, ImmediateOops: 0, NonImmediateOops: No
[2,313s][debug][gc,nmethod     ] Register NMethod: com.github.benmanes.caffeine.cache.BoundedLocalCache.pacer (0x00007a503aceaf88) [0x00007a503aceb080, 0x00007a503aceb148] Compiler: c1, Barriers: 0, Oops: 1, ImmediateOops: 0, NonImmediateOops: No
[2,313s][debug][gc,nmethod     ] Register NMethod: java.util.HashMap.putVal (0x00007a501bd1d288) [0x00007a501bd1d380, 0x00007a501bd1f710] Compiler: c1, Barriers: 15, Oops: 0, ImmediateOops: 0, NonImmediateOops: No
[2,313s][debug][gc,nmethod     ] Register NMethod: com.github.benmanes.caffeine.cache.BoundedLocalCache.collectKeys (0x00007a503aceb288) [0x00007a503aceb380, 0x00007a503aceb440] Compiler: c1, Barriers: 0, Oops: 1, ImmediateOops: 0, NonImmediateOops: No
[2,316s][debug][gc,nmethod     ] Register NMethod: jdk.internal.classfile.impl.StackMapGenerator.processBlock (0x00007a503aceb588) [0x00007a503aceb680, 0x00007a503aced8d8] Compiler: jvmci, Barriers: 31, Oops: 0, ImmediateOops: 21, NonImmediateOops: No
[2,318s][debug][gc,nmethod     ] Register NMethod: java.io.File.compareTo (0x00007a501bd1f788) [0x00007a501bd1f880, 0x00007a501bd1fc98] Compiler: c1, Barriers: 2, Oops: 0, ImmediateOops: 1, NonImmediateOops: No
[2,318s][debug][gc,nmethod     ] Register NMethod: java.io.File.equals (0x00007a501bd1fd08) [0x00007a501bd1fe00, 0x00007a501bd20718] Compiler: c1, Barriers: 2, Oops: 0, ImmediateOops: 1, NonImmediateOops: No
[2,318s][debug][gc,nmethod     ] Register NMethod: java.io.UnixFileSystem.compare (0x00007a501bd20788) [0x00007a501bd20880, 0x00007a501bd20c48] Compiler: c1, Barriers: 2, Oops: 0, ImmediateOops: 0, NonImmediateOops: No
[2,318s][debug][gc,nmethod     ] Register NMethod: org.junit.jupiter.engine.extension.MutableExtensionRegistry$$Lambda/0x000000005d1ae140.<init> (0x00007a501bd20c88) [0x00007a501bd20d80, 0x00007a501bd20f50] Compiler: c1, Barriers: 3, Oops: 1, ImmediateOops: 0, NonImmediateOops: No
[2,318s][debug][gc,nmethod     ] Register NMethod: org.junit.jupiter.engine.extension.MutableExtensionRegistry$$Lambda/0x000000005d1ae3a0.<init> (0x00007a501bd20f88) [0x00007a501bd21080, 0x00007a501bd21250] Compiler: c1, Barriers: 3, Oops: 1, ImmediateOops: 0, NonImmediateOops: No
[2,318s][debug][gc,nmethod     ] Register NMethod: org.junit.jupiter.engine.extension.MutableExtensionRegistry.stream (0x00007a501bd21288) [0x00007a501bd21380, 0x00007a501bd21790] Compiler: c1, Barriers: 2, Oops: 1, ImmediateOops: 0, NonImmediateOops: No
[2,319s][debug][gc,nmethod     ] Register NMethod: java.lang.String.startsWith (0x00007a501bd21808) [0x00007a501bd21900, 0x00007a501bd22b20] Compiler: c1, Barriers: 2, Oops: 0, ImmediateOops: 0, NonImmediateOops: No
[2,319s][debug][gc,nmethod     ] Register NMethod: org.junit.jupiter.engine.extension.MutableExtensionRegistry.streamLocal (0x00007a501bd22b88) [0x00007a501bd22c80, 0x00007a501bd24010] Compiler: c1, Barriers: 7, Oops: 3, ImmediateOops: 4, NonImmediateOops: No
[2,319s][debug][gc,nmethod     ] Register NMethod: java.util.ArrayList.<init> (0x00007a503aced908) [0x00007a503aceda00, 0x00007a503acedaf8] Compiler: jvmci, Barriers: 3, Oops: 0, ImmediateOops: 1, NonImmediateOops: No
[2,319s][debug][gc,nmethod     ] Register NMethod: jdk.proxy2.$Proxy18.annotationType (0x00007a501bd24088) [0x00007a501bd24180, 0x00007a501bd247e8] Compiler: c1, Barriers: 1, Oops: 0, ImmediateOops: 1, NonImmediateOops: No
[2,320s][debug][gc,nmethod     ] Register NMethod: java.lang.Class.privateGetPublicMethods (0x00007a501bd24808) [0x00007a501bd24900, 0x00007a501bd26090] Compiler: c1, Barriers: 11, Oops: 0, ImmediateOops: 0, NonImmediateOops: No
[2,320s][debug][gc,nmethod     ] Register NMethod: java.lang.Character.codePointAt (0x00007a503acedc08) [0x00007a503acedd00, 0x00007a503acedea8] Compiler: jvmci, Barriers: 1, Oops: 0, ImmediateOops: 0, NonImmediateOops: No
[2,320s][debug][gc,director    ] Rule Major: Warmup 10%, Used: 344MB, UsedThreshold: 1228MB
[2,320s][debug][gc,nmethod     ] Register NMethod: java.util.stream.StreamSpliterators$WrappingSpliterator$$Lambda/0x000000005d078950.<init> (0x00007a501bd26108) [0x00007a501bd26200, 0x00007a501bd263d0] Compiler: c1, Barriers: 3, Oops: 0, ImmediateOops: 0, NonImmediateOops: No
[2,320s][debug][gc,nmethod     ] Register NMethod: java.lang.Number.<init> (0x00007a503acedf08) [0x00007a503acee000, 0x00007a503acee080] Compiler: jvmci, Barriers: 0, Oops: 0, ImmediateOops: 0, NonImmediateOops: No
[2,321s][debug][gc,nmethod     ] Register NMethod: java.util.stream.StreamSpliterators$WrappingSpliterator.forEachRemaining (0x00007a501bd26408) [0x00007a501bd26500, 0x00007a501bd27b18] Compiler: c1, Barriers: 14, Oops: 1, ImmediateOops: 2, NonImmediateOops: No
[2,321s][debug][gc,nmethod     ] Register NMethod: jdk.internal.util.ArraysSupport.mismatch (0x00007a503acee208) [0x00007a503acee300, 0x00007a503acee598] Compiler: jvmci, Barriers: 0, Oops: 0, ImmediateOops: 0, NonImmediateOops: No
[2,322s][debug][gc,nmethod     ] Register NMethod: java.nio.charset.Charset.lookup (0x00007a501bd27b88) [0x00007a501bd27c80, 0x00007a501bd28400] Compiler: c1, Barriers: 3, Oops: 0, ImmediateOops: 2, NonImmediateOops: No
[2,322s][debug][gc,nmethod     ] Register NMethod: java.nio.charset.Charset.forName (0x00007a501bd28408) [0x00007a501bd28500, 0x00007a501bd28720] Compiler: c1, Barriers: 0, Oops: 0, ImmediateOops: 0, NonImmediateOops: No
[2,322s][debug][gc,nmethod     ] Register NMethod: java.util.LinkedHashMap.valuesToArray (0x00007a503acee608) [0x00007a503acee700, 0x00007a503aceec98] Compiler: jvmci, Barriers: 21, Oops: 0, ImmediateOops: 0, NonImmediateOops: No
[2,324s][debug][gc,nmethod     ] Register NMethod: sun.reflect.annotation.AnnotationInvocationHandler.invoke (0x00007a501bd28788) [0x00007a501bd28880, 0x00007a501bd2ab10] Compiler: c1, Barriers: 10, Oops: 0, ImmediateOops: 7, NonImmediateOops: No
[2,330s][debug][gc,nmethod     ] Register NMethod: java.io.UnixFileSystem.resolve (0x00007a503aceed08) [0x00007a503aceef00, 0x00007a503acefd50] Compiler: jvmci, Barriers: 6, Oops: 0, ImmediateOops: 2, NonImmediateOops: No
[2,330s][debug][gc,director    ] Rule Major: Warmup 10%, Used: 346MB, UsedThreshold: 1228MB
[2,332s][debug][gc,nmethod     ] Register NMethod: java.lang.reflect.Method.isVarArgs (0x00007a501bd2ab88) [0x00007a501bd2ac80, 0x00007a501bd2ae50] Compiler: c1, Barriers: 0, Oops: 0, ImmediateOops: 0, NonImmediateOops: No
[2,332s][debug][gc,nmethod     ] Register NMethod: java.util.TimSort.countRunAndMakeAscending (0x00007a501bd2ae88) [0x00007a501bd2af80, 0x00007a501bd2bb38] Compiler: c1, Barriers: 6, Oops: 0, ImmediateOops: 0, NonImmediateOops: No
[2,333s][debug][gc,nmethod     ] Register NMethod: java.util.stream.Nodes.flatten (0x00007a501bd2bb88) [0x00007a501bd2bc80, 0x00007a501bd2c9b8] Compiler: c1, Barriers: 3, Oops: 0, ImmediateOops: 1, NonImmediateOops: No
[2,334s][debug][gc,nmethod     ] Register NMethod: java.lang.invoke.DelegatingMethodHandle.makeReinvokerForm (0x00007a501bd2ca08) [0x00007a501bd2cb00, 0x00007a501bd2cc28] Compiler: c1, Barriers: 0, Oops: 0, ImmediateOops: 0, NonImmediateOops: No
[2,334s][debug][gc,nmethod     ] Register NMethod: java.lang.invoke.LambdaForm$Name.internArguments (0x00007a501bd2cd08) [0x00007a501bd2ce00, 0x00007a501bd2da28] Compiler: c1, Barriers: 6, Oops: 0, ImmediateOops: 0, NonImmediateOops: No
[2,335s][debug][gc,nmethod     ] Register NMethod: java.util.LinkedHashMap.valuesToArray (0x00007a501bd2da88) [0x00007a501bd2db80, 0x00007a501bd2e4e8] Compiler: c1, Barriers: 12, Oops: 0, ImmediateOops: 0, NonImmediateOops: No
[2,335s][debug][gc,nmethod     ] Register NMethod: java.util.Arrays.equals (0x00007a503acefd88) [0x00007a503acefe80, 0x00007a503acf04a0] Compiler: jvmci, Barriers: 10, Oops: 0, ImmediateOops: 0, NonImmediateOops: No
[2,336s][debug][gc,nmethod     ] Register NMethod: java.util.regex.Matcher.groupCount (0x00007a501bd2e508) [0x00007a501bd2e600, 0x00007a501bd2e738] Compiler: c1, Barriers: 1, Oops: 0, ImmediateOops: 0, NonImmediateOops: No
[2,336s][debug][gc,nmethod     ] Register NMethod: java.util.regex.Matcher.getSubSequence (0x00007a501bd2e808) [0x00007a501bd2e900, 0x00007a501bd2ec40] Compiler: c1, Barriers: 1, Oops: 0, ImmediateOops: 0, NonImmediateOops: No
[2,336s][debug][gc,nmethod     ] Register NMethod: org.junit.platform.engine.UniqueIdFormat.decode (0x00007a501bd2ec88) [0x00007a501bd2ed80, 0x00007a501bd2f1a0] Compiler: c1, Barriers: 1, Oops: 1, ImmediateOops: 2, NonImmediateOops: No
[2,336s][debug][gc,nmethod     ] Register NMethod: java.util.regex.Matcher.checkGroup (0x00007a501bd2f208) [0x00007a501bd2f300, 0x00007a501bd30270] Compiler: c1, Barriers: 1, Oops: 1, ImmediateOops: 2, NonImmediateOops: No
[2,336s][debug][gc,nmethod     ] Register NMethod: java.util.regex.Matcher.group (0x00007a501bd30288) [0x00007a501bd30380, 0x00007a501bd31008] Compiler: c1, Barriers: 2, Oops: 0, ImmediateOops: 1, NonImmediateOops: No
[2,336s][debug][gc,nmethod     ] Register NMethod: java.util.regex.Pattern$$Lambda/0x000000005d110720.is (0x00007a503acf0508) [0x00007a503acf0600, 0x00007a503acf0688] Compiler: jvmci, Barriers: 0, Oops: 0, ImmediateOops: 0, NonImmediateOops: No
[2,336s][debug][gc,nmethod     ] Register NMethod: org.junit.platform.engine.UniqueId$Segment.equals (0x00007a501bd31088) [0x00007a501bd31180, 0x00007a501bd31d50] Compiler: c1, Barriers: 6, Oops: 1, ImmediateOops: 0, NonImmediateOops: No
[2,336s][debug][gc,nmethod     ] Register NMethod: java.net.URLDecoder.decode (0x00007a501bd31d88) [0x00007a501bd31e80, 0x00007a501bd32668] Compiler: c1, Barriers: 1, Oops: 0, ImmediateOops: 1, NonImmediateOops: No
[2,336s][debug][gc,nmethod     ] Register NMethod: org.junit.platform.commons.util.ReflectionUtils.isSearchable (0x00007a501bd32688) [0x00007a501bd32780, 0x00007a501bd328e8] Compiler: c1, Barriers: 0, Oops: 1, ImmediateOops: 1, NonImmediateOops: No
[2,337s][debug][gc,nmethod     ] Register NMethod: java.lang.reflect.Field.declaredAnnotations (0x00007a501bd32988) [0x00007a501bd32a80, 0x00007a501bd336c0] Compiler: c1, Barriers: 10, Oops: 0, ImmediateOops: 1, NonImmediateOops: No
[2,337s][debug][gc,nmethod     ] Register NMethod: org.junit.platform.engine.UniqueIdFormat.checkAllowed (0x00007a501bd33708) [0x00007a501bd33800, 0x00007a501bd36c70] Compiler: c1, Barriers: 12, Oops: 3, ImmediateOops: 8, NonImmediateOops: No
[2,337s][debug][gc,nmethod     ] Register NMethod: java.util.stream.ReferencePipeline.toArray (0x00007a501bd36d08) [0x00007a501bd36e00, 0x00007a501bd37340] Compiler: c1, Barriers: 0, Oops: 0, ImmediateOops: 0, NonImmediateOops: No
[2,337s][debug][gc,nmethod     ] Register NMethod: java.lang.ClassLoader.getClassLoadingLock (0x00007a503acf0808) [0x00007a503acf0900, 0x00007a503acf1a20] Compiler: jvmci, Barriers: 33, Oops: 1, ImmediateOops: 0, NonImmediateOops: No
[2,338s][debug][gc,nmethod     ] Register NMethod: jdk.internal.classfile.impl.StackMapGenerator$Frame.popStack (0x00007a501bd37388) [0x00007a501bd37480, 0x00007a501bd37778] Compiler: c1, Barriers: 4, Oops: 1, ImmediateOops: 1, NonImmediateOops: No
[2,340s][debug][gc,nmethod     ] Register NMethod: sun.net.www.protocol.file.Handler.parseURL (0x00007a503acf1a88) [0x00007a503acf1b80, 0x00007a503acf1c50] Compiler: jvmci, Barriers: 0, Oops: 0, ImmediateOops: 0, NonImmediateOops: No
[2,340s][debug][gc,director    ] Rule Major: Warmup 10%, Used: 348MB, UsedThreshold: 1228MB
[2,341s][debug][gc,nmethod     ] Register NMethod: java.lang.invoke.MemberName.initResolved (0x00007a503acf1d88) [0x00007a503acf1e80, 0x00007a503acf1f78] Compiler: jvmci, Barriers: 3, Oops: 0, ImmediateOops: 0, NonImmediateOops: No
[2,342s][debug][gc,nmethod     ] Register NMethod: jdk.internal.classfile.impl.EntryMap.<init> (0x00007a501bd37788) [0x00007a501bd378a0, 0x00007a501bd37dd8] Compiler: c1, Barriers: 3, Oops: 0, ImmediateOops: 2, NonImmediateOops: No
[2,343s][debug][gc,nmethod     ] Register NMethod: java.lang.invoke.MethodType.equals (0x00007a503acf2088) [0x00007a503acf2180, 0x00007a503acf2480] Compiler: jvmci, Barriers: 6, Oops: 0, ImmediateOops: 0, NonImmediateOops: No
[2,344s][debug][gc,nmethod     ] Register NMethod: jdk.internal.classfile.impl.AbstractPoolEntry$AbstractRefEntry.writeTo (0x00007a503acf2488) [0x00007a503acf2580, 0x00007a503acf2b60] Compiler: jvmci, Barriers: 5, Oops: 0, ImmediateOops: 0, NonImmediateOops: No
[2,345s][debug][gc,nmethod     ] Register NMethod: java.io.FileInputStream.open0 (0x00007a503acf2b88) [0x00007a503acf2c80, 0x00007a503acf2dd8] Compiler: , Barriers: 0, Oops: 0, ImmediateOops: 0, NonImmediateOops: No
[2,345s][debug][gc,nmethod     ] Register NMethod: java.lang.invoke.BoundMethodHandle$Species_LL.make (0x00007a501bd37e08) [0x00007a501bd37f00, 0x00007a501bd381f0] Compiler: c1, Barriers: 6, Oops: 0, ImmediateOops: 0, NonImmediateOops: No
[2,345s][debug][gc,nmethod     ] Register NMethod: java.lang.invoke.BoundMethodHandle$Species_LL.<init> (0x00007a501bd38208) [0x00007a501bd38300, 0x00007a501bd385c0] Compiler: c1, Barriers: 6, Oops: 0, ImmediateOops: 0, NonImmediateOops: No
[2,346s][debug][gc,nmethod     ] Register NMethod: java.nio.Buffer.limit (0x00007a503acf2e88) [0x00007a503acf2f80, 0x00007a503acf3090] Compiler: jvmci, Barriers: 0, Oops: 0, ImmediateOops: 0, NonImmediateOops: No
[2,346s][debug][gc,nmethod     ] Register NMethod: io.sirix.access.ResourceConfiguration.getResource (0x00007a503acf3188) [0x00007a503acf3280, 0x00007a503acf3368] Compiler: c1, Barriers: 1, Oops: 1, ImmediateOops: 0, NonImmediateOops: No
[2,346s][debug][gc,nmethod     ] Register NMethod: dagger.internal.InstanceFactory.get (0x00007a503acf3488) [0x00007a503acf3580, 0x00007a503acf3668] Compiler: c1, Barriers: 1, Oops: 1, ImmediateOops: 0, NonImmediateOops: No
[2,346s][debug][gc,nmethod     ] Register NMethod: java.nio.ByteBuffer.position (0x00007a503acf3788) [0x00007a503acf3880, 0x00007a503acf3960] Compiler: jvmci, Barriers: 0, Oops: 0, ImmediateOops: 0, NonImmediateOops: No
[2,347s][debug][gc,nmethod     ] Register NMethod: io.sirix.page.SerializationType.serializeBitSet (0x00007a501bd38608) [0x00007a501bd38700, 0x00007a501bd38ac8] Compiler: c1, Barriers: 2, Oops: 1, ImmediateOops: 0, NonImmediateOops: No
[2,347s][debug][gc,nmethod     ] Register NMethod: java.util.stream.AbstractPipeline.evaluateToArrayNode (0x00007a501bd38b08) [0x00007a501bd38c00, 0x00007a501bd39ba8] Compiler: c1, Barriers: 3, Oops: 0, ImmediateOops: 1, NonImmediateOops: No
[2,347s][debug][gc,nmethod     ] Register NMethod: io.sirix.page.interfaces.Page.close (0x00007a501bd39c08) [0x00007a501bd39d00, 0x00007a501bd39e00] Compiler: c1, Barriers: 0, Oops: 1, ImmediateOops: 0, NonImmediateOops: No
[2,347s][debug][gc,nmethod     ] Register NMethod: java.util.concurrent.ForkJoinTask.join (0x00007a501bd39f08) [0x00007a501bd3a000, 0x00007a501bd3a5d0] Compiler: c1, Barriers: 0, Oops: 0, ImmediateOops: 0, NonImmediateOops: No
[2,347s][debug][gc,nmethod     ] Register NMethod: java.security.MessageDigest$Delegate.clone (0x00007a501bd3a608) [0x00007a501bd3a700, 0x00007a501bd3b3a8] Compiler: c1, Barriers: 12, Oops: 0, ImmediateOops: 0, NonImmediateOops: No
[2,350s][debug][gc,nmethod     ] Register NMethod: jdk.internal.misc.Unsafe.setMemory (0x00007a501bd3b408) [0x00007a501bd3b500, 0x00007a501bd3c130] Compiler: c1, Barriers: 2, Oops: 0, ImmediateOops: 0, NonImmediateOops: No
[2,350s][debug][gc,nmethod     ] Register NMethod: it.unimi.dsi.fastutil.ints.Int2LongOpenHashMap.insert (0x00007a501bd3c188) [0x00007a501bd3c280, 0x00007a501bd3c530] Compiler: c1, Barriers: 2, Oops: 1, ImmediateOops: 0, NonImmediateOops: No
[2,350s][debug][gc,nmethod     ] Register NMethod: java.util.concurrent.ForkJoinPool.signalWork (0x00007a501bd3c588) [0x00007a501bd3c680, 0x00007a501bd3cf38] Compiler: c1, Barriers: 3, Oops: 0, ImmediateOops: 1, NonImmediateOops: No
[2,350s][debug][gc,nmethod     ] Register NMethod: jdk.internal.misc.Unsafe.setMemoryChecks (0x00007a501bd3cf88) [0x00007a501bd3d080, 0x00007a501bd3dcd8] Compiler: c1, Barriers: 2, Oops: 0, ImmediateOops: 0, NonImmediateOops: No
[2,350s][debug][gc,nmethod     ] Register NMethod: com.github.benmanes.caffeine.cache.SSLSMW.windowWeightedSize (0x00007a503acf3a88) [0x00007a503acf3b80, 0x00007a503acf3c40] Compiler: c1, Barriers: 0, Oops: 1, ImmediateOops: 0, NonImmediateOops: No
[2,350s][debug][gc,nmethod     ] Register NMethod: java.lang.Byte.valueOf (0x00007a501bd3dd08) [0x00007a501bd3de00, 0x00007a501bd3df40] Compiler: c1, Barriers: 1, Oops: 0, ImmediateOops: 1, NonImmediateOops: No
[2,350s][debug][gc,nmethod     ] Register NMethod: java.lang.invoke.VarHandleReferences$FieldInstanceReadOnly.get (0x00007a501bd3e008) [0x00007a501bd3e100, 0x00007a501bd3eb28] Compiler: c1, Barriers: 2, Oops: 1, ImmediateOops: 0, NonImmediateOops: No
[2,350s][debug][gc,director    ] Rule Major: Warmup 10%, Used: 350MB, UsedThreshold: 1228MB
[2,353s][debug][gc,nmethod     ] Register NMethod: io.sirix.page.KeyValueLeafPage.getRevision (0x00007a503acf3d88) [0x00007a503acf3e80, 0x00007a503acf3f40] Compiler: c1, Barriers: 0, Oops: 1, ImmediateOops: 0, NonImmediateOops: No
[2,353s][debug][gc,nmethod     ] Register NMethod: jdk.internal.foreign.layout.AbstractLayout.requirePowerOfTwoAndGreaterOrEqualToOne (0x00007a501bd3eb88) [0x00007a501bd3ec80, 0x00007a501bd3fa00] Compiler: c1, Barriers: 0, Oops: 1, ImmediateOops: 2, NonImmediateOops: No
[2,353s][debug][gc,nmethod     ] Register NMethod: jdk.internal.foreign.layout.MemoryLayoutUtil.requireByteSizeValid (0x00007a501bd3fa88) [0x00007a501bd3fb80, 0x00007a501bd408e8] Compiler: c1, Barriers: 0, Oops: 1, ImmediateOops: 2, NonImmediateOops: No
[2,353s][debug][gc,nmethod     ] Register NMethod: java.lang.Long.equals (0x00007a501bd40908) [0x00007a501bd40a00, 0x00007a501bd41190] Compiler: c1, Barriers: 0, Oops: 0, ImmediateOops: 0, NonImmediateOops: No
[2,353s][debug][gc,nmethod     ] Register NMethod: ch.qos.logback.classic.Logger.filterAndLog_0_Or3Plus (0x00007a501bd41208) [0x00007a501bd41300, 0x00007a501bd417f0] Compiler: c1, Barriers: 1, Oops: 1, ImmediateOops: 2, NonImmediateOops: No
[2,354s][debug][gc,nmethod     ] Register NMethod: java.util.concurrent.ConcurrentLinkedDeque.poll (0x00007a501bd41808) [0x00007a501bd41900, 0x00007a501bd41a48] Compiler: c1, Barriers: 0, Oops: 0, ImmediateOops: 0, NonImmediateOops: No
[2,354s][debug][gc,nmethod     ] Register NMethod: java.util.concurrent.ConcurrentLinkedDeque.first (0x00007a501bd41b08) [0x00007a501bd41c00, 0x00007a501bd42200] Compiler: c1, Barriers: 4, Oops: 1, ImmediateOops: 1, NonImmediateOops: No
[2,354s][debug][gc,nmethod     ] Register NMethod: io.sirix.access.trx.page.NodePageReadOnlyTrx$PageFragmentsResult.pages (0x00007a503acf4088) [0x00007a503acf4180, 0x00007a503acf4268] Compiler: c1, Barriers: 1, Oops: 1, ImmediateOops: 0, NonImmediateOops: No
[2,354s][debug][gc,nmethod     ] Register NMethod: io.sirix.page.KeyValueLeafPage.getIndexType (0x00007a503acf4388) [0x00007a503acf4480, 0x00007a503acf4570] Compiler: c1, Barriers: 1, Oops: 1, ImmediateOops: 0, NonImmediateOops: No
[2,355s][debug][gc,nmethod     ] Register NMethod: java.util.concurrent.ConcurrentLinkedDeque.pollFirst (0x00007a501bd42288) [0x00007a501bd42380, 0x00007a501bd43d98] Compiler: c1, Barriers: 9, Oops: 6, ImmediateOops: 9, NonImmediateOops: No
[2,355s][debug][gc,nmethod     ] Register NMethod: java.util.concurrent.ConcurrentLinkedDeque.unlink (0x00007a501bd43e08) [0x00007a501bd43f00, 0x00007a501bd47478] Compiler: c1, Barriers: 14, Oops: 6, ImmediateOops: 20, NonImmediateOops: No
[2,355s][debug][gc,nmethod     ] Register NMethod: jdk.internal.foreign.layout.ValueLayouts$AbstractValueLayout.assertCarrierSize (0x00007a501bd47508) [0x00007a501bd47600, 0x00007a501bd47710] Compiler: c1, Barriers: 0, Oops: 0, ImmediateOops: 0, NonImmediateOops: No
[2,356s][debug][gc,nmethod     ] Register NMethod: jdk.internal.foreign.layout.ValueLayouts$AbstractValueLayout.order (0x00007a503acf4688) [0x00007a503acf4780, 0x00007a503acf4868] Compiler: c1, Barriers: 1, Oops: 0, ImmediateOops: 0, NonImmediateOops: No
[2,356s][debug][gc,nmethod     ] Register NMethod: io.sirix.cache.LinuxMemorySegmentAllocator.allocate (0x00007a501bd47808) [0x00007a501bd47920, 0x00007a501bd4d5c8] Compiler: c1, Barriers: 54, Oops: 6, ImmediateOops: 11, NonImmediateOops: No
[2,357s][debug][gc,nmethod     ] Register NMethod: io.sirix.access.trx.node.AbstractNodeReadOnlyTrx.setCurrentNode (0x00007a501bd4d608) [0x00007a501bd4d700, 0x00007a501bd4dba0] Compiler: c1, Barriers: 3, Oops: 1, ImmediateOops: 1, NonImmediateOops: No
[2,359s][debug][gc,nmethod     ] Register NMethod: io.sirix.axis.AbstractAxis.getCursor (0x00007a503acf4988) [0x00007a503acf4a80, 0x00007a503acf4b68] Compiler: c1, Barriers: 1, Oops: 1, ImmediateOops: 0, NonImmediateOops: No
[2,360s][debug][gc,nmethod     ] Register NMethod: java.lang.invoke.MethodType.appendParameterTypes (0x00007a501bd4dc08) [0x00007a501bd4dd00, 0x00007a501bd4e248] Compiler: c1, Barriers: 1, Oops: 0, ImmediateOops: 0, NonImmediateOops: No
[2,360s][debug][gc,director    ] Rule Major: Warmup 10%, Used: 352MB, UsedThreshold: 1228MB
[2,360s][debug][gc,nmethod     ] Register NMethod: io.brackit.query.atomic.QNm.getLocalName (0x00007a503acf4c88) [0x00007a503acf4d80, 0x00007a503acf4e68] Compiler: c1, Barriers: 1, Oops: 1, ImmediateOops: 0, NonImmediateOops: No
[2,361s][debug][gc,nmethod     ] Register NMethod: it.unimi.dsi.fastutil.ints.Int2LongOpenHashMap.get (0x00007a501bd4e288) [0x00007a501bd4e380, 0x00007a501bd4e8d0] Compiler: c1, Barriers: 4, Oops: 1, ImmediateOops: 0, NonImmediateOops: No
[2,361s][debug][gc,nmethod     ] Register NMethod: io.sirix.index.path.summary.PathSummaryReader.getNodeKey (0x00007a501bd4e908) [0x00007a501bd4ea00, 0x00007a501bd4eeb0] Compiler: c1, Barriers: 1, Oops: 1, ImmediateOops: 1, NonImmediateOops: No
[2,361s][debug][gc,nmethod     ] Register NMethod: io.sirix.index.path.summary.PathSummaryReader.moveTo (0x00007a501bd4ef08) [0x00007a501bd4f000, 0x00007a501bd4fd08] Compiler: c1, Barriers: 13, Oops: 1, ImmediateOops: 2, NonImmediateOops: No
[2,362s][debug][gc,nmethod     ] Register NMethod: io.sirix.access.trx.page.NodePageReadOnlyTrx.assertNotClosed (0x00007a503acf4f88) [0x00007a503acf5080, 0x00007a503acf5140] Compiler: jvmci, Barriers: 0, Oops: 1, ImmediateOops: 0, NonImmediateOops: No
[2,363s][debug][gc,nmethod     ] Register NMethod: io.sirix.access.trx.node.json.JsonNodeTrxImpl.nodeReadOnlyTrxDelegate (0x00007a501bd4fd88) [0x00007a501bd4fe80, 0x00007a501bd501d0] Compiler: c1, Barriers: 1, Oops: 1, ImmediateOops: 0, NonImmediateOops: No
[2,363s][debug][gc,nmethod     ] Register NMethod: jdk.internal.classfile.impl.SplitConstantPool.writeTo (0x00007a503acf5288) [0x00007a503acf53a0, 0x00007a503acf75d0] Compiler: jvmci, Barriers: 23, Oops: 0, ImmediateOops: 0, NonImmediateOops: No
[2,363s][debug][gc,nmethod     ] Register NMethod: io.sirix.access.trx.node.AbstractNodeReadOnlyTrx.getStructuralNode (0x00007a501bd50208) [0x00007a501bd50300, 0x00007a501bd50db8] Compiler: c1, Barriers: 4, Oops: 1, ImmediateOops: 0, NonImmediateOops: No
[2,363s][debug][gc,nmethod     ] Register NMethod: com.google.common.base.Preconditions.checkState (0x00007a501bd50e08) [0x00007a501bd50f00, 0x00007a501bd510e0] Compiler: c1, Barriers: 0, Oops: 1, ImmediateOops: 0, NonImmediateOops: No
[2,363s][debug][gc,nmethod     ] Register NMethod: java.lang.String.encode (0x00007a501bd51108) [0x00007a501bd51200, 0x00007a501bd51538] Compiler: c1, Barriers: 0, Oops: 0, ImmediateOops: 3, NonImmediateOops: No
[2,363s][debug][gc,nmethod     ] Register NMethod: io.sirix.access.trx.node.AbstractNodeReadOnlyTrx.moveTo (0x00007a501bd51588) [0x00007a501bd51680, 0x00007a501bd531f8] Compiler: c1, Barriers: 11, Oops: 1, ImmediateOops: 4, NonImmediateOops: No
[2,364s][debug][gc,nmethod     ] Register NMethod: io.sirix.node.delegates.StructNodeDelegate.getRightSiblingKey (0x00007a503acf7608) [0x00007a503acf7700, 0x00007a503acf77c0] Compiler: c1, Barriers: 0, Oops: 1, ImmediateOops: 0, NonImmediateOops: No
[2,364s][debug][gc,nmethod     ] Register NMethod: java.lang.String.encodeUTF8 (0x00007a501bd53208) [0x00007a501bd53300, 0x00007a501bd53988] Compiler: c1, Barriers: 0, Oops: 0, ImmediateOops: 0, NonImmediateOops: No
[2,364s][debug][gc,nmethod     ] Register NMethod: io.sirix.api.PageReadOnlyTrx.recordPageOffset (0x00007a503acf7908) [0x00007a503acf7a00, 0x00007a503acf7a70] Compiler: jvmci, Barriers: 0, Oops: 1, ImmediateOops: 0, NonImmediateOops: No
[2,364s][debug][gc,nmethod     ] Register NMethod: io.sirix.node.MemorySegmentBytesOut.position (0x00007a501bd53a08) [0x00007a501bd53b00, 0x00007a501bd53c50] Compiler: c1, Barriers: 1, Oops: 1, ImmediateOops: 0, NonImmediateOops: No
[2,364s][debug][gc,nmethod     ] Register NMethod: io.sirix.node.MemorySegmentBytesOut.writePosition (0x00007a501bd53d08) [0x00007a501bd53e00, 0x00007a501bd53fb0] Compiler: c1, Barriers: 1, Oops: 1, ImmediateOops: 0, NonImmediateOops: No
[2,364s][debug][gc,nmethod     ] Register NMethod: jdk.internal.foreign.HeapMemorySegmentImpl$OfByte.<init> (0x00007a501bd54008) [0x00007a501bd54100, 0x00007a501bd54418] Compiler: c1, Barriers: 6, Oops: 0, ImmediateOops: 0, NonImmediateOops: No
[2,364s][debug][gc,nmethod     ] Register NMethod: java.lang.invoke.NativeMethodHandle.internalNativeEntryPoint (0x00007a501bd54488) [0x00007a501bd54580, 0x00007a501bd548a0] Compiler: c1, Barriers: 1, Oops: 0, ImmediateOops: 0, NonImmediateOops: No
[2,364s][debug][gc,nmethod     ] Register NMethod: jdk.internal.foreign.abi.SharedUtils$1.close (0x00007a501bd54908) [0x00007a501bd54a00, 0x00007a501bd54b00] Compiler: c1, Barriers: 0, Oops: 0, ImmediateOops: 0, NonImmediateOops: No
[2,364s][debug][gc,nmethod     ] Register NMethod: jdk.internal.foreign.AbstractMemorySegmentImpl.equals (0x00007a501bd54c08) [0x00007a501bd54d00, 0x00007a501bd55ad8] Compiler: c1, Barriers: 0, Oops: 0, ImmediateOops: 0, NonImmediateOops: No
[2,364s][debug][gc,nmethod     ] Register NMethod: jdk.internal.misc.Unsafe.checkOffset (0x00007a503acf7c08) [0x00007a503acf7d00, 0x00007a503acf7db8] Compiler: jvmci, Barriers: 0, Oops: 0, ImmediateOops: 0, NonImmediateOops: No
[2,364s][debug][gc,nmethod     ] Register NMethod: java.lang.invoke.LambdaForm$DMH/0x000000005d1f8800.invokeStatic (0x00007a501bd55b08) [0x00007a501bd55c00, 0x00007a501bd55fc8] Compiler: c1, Barriers: 1, Oops: 1, ImmediateOops: 0, NonImmediateOops: No
[2,365s][debug][gc,nmethod     ] Register NMethod: jdk.internal.foreign.abi.SharedUtils.checkSymbol (0x00007a501bd56008) [0x00007a501bd56100, 0x00007a501bd57620] Compiler: c1, Barriers: 0, Oops: 1, ImmediateOops: 4, NonImmediateOops: No
[2,365s][debug][gc,nmethod     ] Register NMethod: jdk.internal.misc.Unsafe.copyMemory (0x00007a503acf7f08) [0x00007a503acf8000, 0x00007a503acf82e0] Compiler: jvmci, Barriers: 4, Oops: 0, ImmediateOops: 0, NonImmediateOops: No
[2,365s][debug][gc,nmethod     ] Register NMethod: java.lang.System.getProperty (0x00007a501bd57688) [0x00007a501bd57780, 0x00007a501bd57fa0] Compiler: c1, Barriers: 2, Oops: 0, ImmediateOops: 3, NonImmediateOops: No
[2,367s][debug][gc,nmethod     ] Register NMethod: com.github.benmanes.caffeine.cache.FrequencySketch.isNotInitialized (0x00007a501bd58008) [0x00007a501bd58100, 0x00007a501bd58280] Compiler: c1, Barriers: 1, Oops: 1, ImmediateOops: 0, NonImmediateOops: No
[2,367s][debug][gc,nmethod     ] Register NMethod: io.sirix.cache.LinuxMemorySegmentAllocator.release (0x00007a501bd58308) [0x00007a501bd58400, 0x00007a501bd64290] Compiler: c1, Barriers: 94, Oops: 27, ImmediateOops: 36, NonImmediateOops: No
[2,367s][debug][gc,nmethod     ] Register NMethod: com.github.benmanes.caffeine.cache.SSLSMW.maximum (0x00007a503acf8308) [0x00007a503acf8400, 0x00007a503acf84c0] Compiler: c1, Barriers: 0, Oops: 1, ImmediateOops: 0, NonImmediateOops: No
[2,368s][debug][gc,nmethod     ] Register NMethod: com.github.benmanes.caffeine.cache.SSLSMW.accessOrderWindowDeque (0x00007a503acf8608) [0x00007a503acf8700, 0x00007a503acf87f0] Compiler: c1, Barriers: 1, Oops: 1, ImmediateOops: 0, NonImmediateOops: No
[2,368s][debug][gc,nmethod     ] Register NMethod: com.github.benmanes.caffeine.cache.BaseMpscLinkedArrayQueue.modifiedCalcElementOffset (0x00007a501bd64388) [0x00007a501bd64480, 0x00007a501bd64570] Compiler: c1, Barriers: 0, Oops: 1, ImmediateOops: 0, NonImmediateOops: No
[2,368s][debug][gc,nmethod     ] Register NMethod: io.sirix.node.BytesOut.asBytesIn (0x00007a501bd64688) [0x00007a501bd64780, 0x00007a501bd65428] Compiler: c1, Barriers: 4, Oops: 1, ImmediateOops: 0, NonImmediateOops: No
[2,368s][debug][gc,nmethod     ] Register NMethod: java.nio.MappedByteBuffer.limit (0x00007a501bd65488) [0x00007a501bd65580, 0x00007a501bd65940] Compiler: c1, Barriers: 0, Oops: 0, ImmediateOops: 0, NonImmediateOops: No
[2,368s][debug][gc,nmethod     ] Register NMethod: java.util.UUID.parse4Nibbles (0x00007a501bd65988) [0x00007a501bd65a80, 0x00007a501bd67e28] Compiler: c1, Barriers: 8, Oops: 2, ImmediateOops: 9, NonImmediateOops: No
[2,368s][debug][gc,nmethod     ] Register NMethod: com.github.benmanes.caffeine.cache.SSLSMW.setMissesInSample (0x00007a503acf8908) [0x00007a503acf8a00, 0x00007a503acf8ac0] Compiler: c1, Barriers: 0, Oops: 1, ImmediateOops: 0, NonImmediateOops: No
[2,368s][debug][gc,nmethod     ] Register NMethod: java.lang.invoke.MethodHandle.invokeBasic (0x00007a503acf8c08) [0x00007a503acf8d00, 0x00007a503acf8f98] Compiler: , Barriers: 0, Oops: 0, ImmediateOops: 0, NonImmediateOops: No
[2,368s][debug][gc,nmethod     ] Register NMethod: com.github.benmanes.caffeine.cache.BaseMpscLinkedArrayQueue.lvElement (0x00007a501bd67e88) [0x00007a501bd67f80, 0x00007a501bd69148] Compiler: c1, Barriers: 1, Oops: 8, ImmediateOops: 9, NonImmediateOops: No
[2,368s][debug][gc,nmethod     ] Register NMethod: jdk.internal.loader.URLClassPath$FileLoader.getResource (0x00007a503acf9008) [0x00007a503acf9100, 0x00007a503acf9f18] Compiler: jvmci, Barriers: 15, Oops: 1, ImmediateOops: 3, NonImmediateOops: No
[2,368s][debug][gc,nmethod     ] Register NMethod: java.util.concurrent.ForkJoinPool.deactivate (0x00007a501bd69208) [0x00007a501bd69300, 0x00007a501bd69da8] Compiler: c1, Barriers: 4, Oops: 0, ImmediateOops: 0, NonImmediateOops: No
[2,369s][debug][gc,nmethod     ] Register NMethod: java.lang.invoke.VarHandleGuards.guard_L_J (0x00007a501bd69e08) [0x00007a501bd69f00, 0x00007a501bd6cda0] Compiler: c1, Barriers: 28, Oops: 0, ImmediateOops: 2, NonImmediateOops: No
[2,369s][debug][gc,nmethod     ] Register NMethod: io.sirix.access.trx.page.NodePageReadOnlyTrx.getLeafPageReference (0x00007a501bd6ce08) [0x00007a501bd6cf00, 0x00007a501bd6d1f8] Compiler: c1, Barriers: 0, Oops: 1, ImmediateOops: 0, NonImmediateOops: No
[2,369s][debug][gc,nmethod     ] Register NMethod: io.sirix.access.trx.page.NodePageTrx$$Lambda/0x000000005d28f9c0.apply (0x00007a501bd6d208) [0x00007a501bd6d300, 0x00007a501bd6d6c8] Compiler: c1, Barriers: 2, Oops: 1, ImmediateOops: 0, NonImmediateOops: No
[2,369s][debug][gc,nmethod     ] Register NMethod: net.jpountz.util.SafeUtils.readIntLE (0x00007a503acf9f88) [0x00007a503acfa080, 0x00007a503acfa198] Compiler: jvmci, Barriers: 0, Oops: 1, ImmediateOops: 0, NonImmediateOops: No
[2,369s][debug][gc,nmethod     ] Register NMethod: io.sirix.access.trx.page.NodePageTrx.lambda$getPageContainer$0 (0x00007a501bd6d708) [0x00007a501bd6d800, 0x00007a501bd6e6f8] Compiler: c1, Barriers: 6, Oops: 1, ImmediateOops: 0, NonImmediateOops: No
[2,369s][debug][gc,nmethod     ] Register NMethod: io.sirix.access.trx.page.NodePageReadOnlyTrx.getReferenceToLeafOfSubtree (0x00007a501bd6e708) [0x00007a501bd6e800, 0x00007a501bd6fae0] Compiler: c1, Barriers: 1, Oops: 1, ImmediateOops: 2, NonImmediateOops: No
[2,369s][debug][gc,nmethod     ] Register NMethod: it.unimi.dsi.fastutil.HashCommon.mix (0x00007a503acfa288) [0x00007a503acfa380, 0x00007a503acfa3f0] Compiler: jvmci, Barriers: 0, Oops: 1, ImmediateOops: 0, NonImmediateOops: No
[2,369s][debug][gc,nmethod     ] Register NMethod: io.sirix.cache.PageGuard.page (0x00007a501bd6fb08) [0x00007a501bd6fc00, 0x00007a501bd6fe40] Compiler: c1, Barriers: 1, Oops: 1, ImmediateOops: 1, NonImmediateOops: No
[2,369s][debug][gc,nmethod     ] Register NMethod: java.nio.MappedByteBuffer.rewind (0x00007a501bd6fe88) [0x00007a501bd6ff80, 0x00007a501bd70368] Compiler: c1, Barriers: 0, Oops: 0, ImmediateOops: 0, NonImmediateOops: No
[2,370s][debug][gc,nmethod     ] Register NMethod: java.nio.MappedByteBuffer.rewind (0x00007a501bd70388) [0x00007a501bd70480, 0x00007a501bd70650] Compiler: c1, Barriers: 0, Oops: 0, ImmediateOops: 0, NonImmediateOops: No
[2,370s][debug][gc,nmethod     ] Register NMethod: io.sirix.access.trx.page.NodePageReadOnlyTrx.getRecord (0x00007a501bd70688) [0x00007a501bd70780, 0x00007a501bd721b8] Compiler: c1, Barriers: 4, Oops: 1, ImmediateOops: 3, NonImmediateOops: No
[2,370s][debug][gc,nmethod     ] Register NMethod: java.nio.ByteBuffer.rewind (0x00007a501bd72208) [0x00007a501bd72300, 0x00007a501bd72468] Compiler: c1, Barriers: 0, Oops: 0, ImmediateOops: 0, NonImmediateOops: No
[2,370s][debug][gc,nmethod     ] Register NMethod: java.nio.Buffer.rewind (0x00007a501bd72508) [0x00007a501bd72600, 0x00007a501bd72710] Compiler: c1, Barriers: 0, Oops: 0, ImmediateOops: 0, NonImmediateOops: No
[2,371s][debug][gc,director    ] Rule Major: Warmup 10%, Used: 354MB, UsedThreshold: 1228MB
[2,371s][debug][gc,nmethod     ] Register NMethod: java.nio.file.FileSystems.getDefault (0x00007a501bd72808) [0x00007a501bd72900, 0x00007a501bd72d60] Compiler: c1, Barriers: 1, Oops: 0, ImmediateOops: 3, NonImmediateOops: No
[2,371s][debug][gc,nmethod     ] Register NMethod: dagger.internal.Preconditions.checkNotNull (0x00007a501bd72d88) [0x00007a501bd72e80, 0x00007a501bd73050] Compiler: c1, Barriers: 0, Oops: 1, ImmediateOops: 0, NonImmediateOops: No
[2,371s][debug][gc,nmethod     ] Register NMethod: java.util.concurrent.ForkJoinPool$WorkQueue.unlockPhase (0x00007a501bd73088) [0x00007a501bd73180, 0x00007a501bd73290] Compiler: c1, Barriers: 0, Oops: 0, ImmediateOops: 0, NonImmediateOops: No
[2,371s][debug][gc,nmethod     ] Register NMethod: com.google.gson.stream.JsonReader.nextString (0x00007a501bd73388) [0x00007a501bd73480, 0x00007a501bd74e78] Compiler: c1, Barriers: 7, Oops: 2, ImmediateOops: 3, NonImmediateOops: No
[2,371s][debug][gc,nmethod     ] Register NMethod: java.lang.invoke.VarHandleLongs$FieldInstanceReadOnly.getVolatile (0x00007a501bd74f08) [0x00007a501bd75000, 0x00007a501bd759f8] Compiler: c1, Barriers: 1, Oops: 1, ImmediateOops: 0, NonImmediateOops: No
[2,372s][debug][gc,nmethod     ] Register NMethod: java.util.concurrent.ThreadLocalRandom.getProbe (0x00007a501bd75a08) [0x00007a501bd75b00, 0x00007a501bd75ca0] Compiler: c1, Barriers: 1, Oops: 1, ImmediateOops: 1, NonImmediateOops: No
[2,372s][debug][gc,nmethod     ] Register NMethod: java.util.concurrent.locks.ReentrantLock$Sync.isHeldExclusively (0x00007a501bd75d08) [0x00007a501bd75e00, 0x00007a501bd76198] Compiler: c1, Barriers: 2, Oops: 0, ImmediateOops: 0, NonImmediateOops: No
[2,372s][debug][gc,nmethod     ] Register NMethod: io.sirix.page.delegates.BitmapReferencesPage.getReferences (0x00007a503acfa588) [0x00007a503acfa680, 0x00007a503acfa768] Compiler: c1, Barriers: 1, Oops: 1, ImmediateOops: 0, NonImmediateOops: No
[2,372s][debug][gc,nmethod     ] Register NMethod: com.github.benmanes.caffeine.cache.BoundedLocalCache.refreshAfterWrite (0x00007a503acfa888) [0x00007a503acfa980, 0x00007a503acfaa40] Compiler: c1, Barriers: 0, Oops: 1, ImmediateOops: 0, NonImmediateOops: No
[2,373s][debug][gc,nmethod     ] Register NMethod: java.io.File.<init> (0x00007a503acfab88) [0x00007a503acfad80, 0x00007a503acfba68] Compiler: jvmci, Barriers: 15, Oops: 1, ImmediateOops: 4, NonImmediateOops: No
[2,373s][debug][gc,nmethod     ] Register NMethod: java.util.concurrent.ForkJoinPool.awaitWork (0x00007a501bd76208) [0x00007a501bd76300, 0x00007a501bd77010] Compiler: c1, Barriers: 2, Oops: 0, ImmediateOops: 1, NonImmediateOops: No
[2,373s][debug][gc,nmethod     ] Register NMethod: java.lang.invoke.MethodHandleImpl$CountingWrapper.getTarget (0x00007a503acfba88) [0x00007a503acfbb80, 0x00007a503acfbc68] Compiler: c1, Barriers: 1, Oops: 0, ImmediateOops: 0, NonImmediateOops: No
[2,373s][debug][gc,nmethod     ] Register NMethod: com.github.benmanes.caffeine.cache.SSLSMW.fastpath (0x00007a503acfbd88) [0x00007a503acfbe80, 0x00007a503acfbf40] Compiler: c1, Barriers: 0, Oops: 1, ImmediateOops: 0, NonImmediateOops: No
[2,373s][debug][gc,nmethod     ] Register NMethod: java.util.ArrayList$Itr.next (0x00007a503acfc088) [0x00007a503acfc180, 0x00007a503acfc360] Compiler: jvmci, Barriers: 3, Oops: 0, ImmediateOops: 0, NonImmediateOops: No
[2,373s][debug][gc,nmethod     ] Register NMethod: net.jpountz.lz4.LZ4JNI.LZ4_decompress_fast (0x00007a503acfc388) [0x00007a503acfc480, 0x00007a503acfc648] Compiler: , Barriers: 0, Oops: 1, ImmediateOops: 1, NonImmediateOops: No
[2,373s][debug][gc,nmethod     ] Register NMethod: io.sirix.access.trx.node.AbstractResourceSession.getMostRecentRevisionNumber (0x00007a501bd77088) [0x00007a501bd77180, 0x00007a501bd77a58] Compiler: c1, Barriers: 2, Oops: 1, ImmediateOops: 1, NonImmediateOops: No
[2,373s][debug][gc,nmethod     ] Register NMethod: java.lang.invoke.DirectMethodHandle$Holder.fieldAccess (0x00007a501bd77a88) [0x00007a501bd77b80, 0x00007a501bd78078] Compiler: c1, Barriers: 0, Oops: 0, ImmediateOops: 0, NonImmediateOops: No
[2,374s][debug][gc,nmethod     ] Register NMethod: java.io.ByteArrayInputStream.<init> (0x00007a501bd78088) [0x00007a501bd78180, 0x00007a501bd783c8] Compiler: c1, Barriers: 3, Oops: 0, ImmediateOops: 0, NonImmediateOops: No
[2,374s][debug][gc,nmethod     ] Register NMethod: java.lang.invoke.MethodHandle.invokeBasic (0x00007a503acfc688) [0x00007a503acfc780, 0x00007a503acfca18] Compiler: , Barriers: 0, Oops: 0, ImmediateOops: 0, NonImmediateOops: No
[2,374s][debug][gc,nmethod     ] Register NMethod: sun.nio.fs.UnixNativeDispatcher.open (0x00007a501bd78408) [0x00007a501bd78500, 0x00007a501bd78b58] Compiler: c1, Barriers: 0, Oops: 0, ImmediateOops: 0, NonImmediateOops: No
[2,374s][debug][gc,nmethod     ] Register NMethod: java.io.FilterInputStream.close (0x00007a501bd78b88) [0x00007a501bd78c80, 0x00007a501bd78fc0] Compiler: c1, Barriers: 1, Oops: 0, ImmediateOops: 0, NonImmediateOops: No
[2,374s][debug][gc,nmethod     ] Register NMethod: java.util.HashMap$HashIterator.hasNext (0x00007a503acfca88) [0x00007a503acfcb80, 0x00007a503acfcc38] Compiler: jvmci, Barriers: 1, Oops: 0, ImmediateOops: 0, NonImmediateOops: No
[2,374s][debug][gc,nmethod     ] Register NMethod: java.lang.invoke.DirectMethodHandle$Holder.invokeStatic (0x00007a501bd79008) [0x00007a501bd79100, 0x00007a501bd794c8] Compiler: c1, Barriers: 1, Oops: 0, ImmediateOops: 0, NonImmediateOops: No
[2,375s][debug][gc,nmethod     ] Register NMethod: it.unimi.dsi.fastutil.ints.AbstractInt2LongFunction.<init> (0x00007a501bd79508) [0x00007a501bd79600, 0x00007a501bd79758] Compiler: c1, Barriers: 0, Oops: 1, ImmediateOops: 0, NonImmediateOops: No
[2,375s][debug][gc,nmethod     ] Register NMethod: it.unimi.dsi.fastutil.ints.AbstractInt2LongMap.<init> (0x00007a501bd79808) [0x00007a501bd79900, 0x00007a501bd79ab8] Compiler: c1, Barriers: 0, Oops: 1, ImmediateOops: 0, NonImmediateOops: No
[2,375s][debug][gc,nmethod     ] Register NMethod: java.lang.invoke.VarHandleGuards.guard_LJJ_Z (0x00007a501bd79b08) [0x00007a501bd79c00, 0x00007a501bd7cae0] Compiler: c1, Barriers: 28, Oops: 0, ImmediateOops: 2, NonImmediateOops: No
[2,375s][debug][gc,nmethod     ] Register NMethod: it.unimi.dsi.fastutil.ints.Int2LongOpenHashMap.<init> (0x00007a501bd7cb08) [0x00007a501bd7cc20, 0x00007a501bd7d4c0] Compiler: c1, Barriers: 6, Oops: 1, ImmediateOops: 2, NonImmediateOops: No
[2,375s][debug][gc,nmethod     ] Register NMethod: it.unimi.dsi.fastutil.ints.AbstractInt2IntMap.<init> (0x00007a501bd7d508) [0x00007a501bd7d600, 0x00007a501bd7d7b8] Compiler: c1, Barriers: 0, Oops: 1, ImmediateOops: 0, NonImmediateOops: No
[2,375s][debug][gc,nmethod     ] Register NMethod: it.unimi.dsi.fastutil.ints.AbstractInt2IntFunction.<init> (0x00007a501bd7d808) [0x00007a501bd7d900, 0x00007a501bd7da58] Compiler: c1, Barriers: 0, Oops: 1, ImmediateOops: 0, NonImmediateOops: No
[2,375s][debug][gc,nmethod     ] Register NMethod: it.unimi.dsi.fastutil.ints.Int2IntOpenHashMap.<init> (0x00007a501bd7db08) [0x00007a501bd7dc20, 0x00007a501bd7e4c0] Compiler: c1, Barriers: 6, Oops: 1, ImmediateOops: 2, NonImmediateOops: No
[2,375s][debug][gc,nmethod     ] Register NMethod: java.nio.Buffer.<init> (0x00007a503acfcd88) [0x00007a503acfce80, 0x00007a503acfd218] Compiler: jvmci, Barriers: 3, Oops: 0, ImmediateOops: 0, NonImmediateOops: No
[2,379s][debug][gc,nmethod     ] Register NMethod: io.sirix.access.ResourceConfiguration.getDatabaseId (0x00007a501bd7e508) [0x00007a501bd7e600, 0x00007a501bd7e958] Compiler: c1, Barriers: 1, Oops: 1, ImmediateOops: 0, NonImmediateOops: No
[2,379s][debug][gc,nmethod     ] Register NMethod: java.lang.invoke.LambdaForm$DMH/0x000000005d148000.newInvokeSpecial (0x00007a501bd7e988) [0x00007a501bd7ea80, 0x00007a501bd7f328] Compiler: c1, Barriers: 2, Oops: 1, ImmediateOops: 1, NonImmediateOops: No
[2,379s][debug][gc,nmethod     ] Register NMethod: io.sirix.node.json.JsonDocumentRootNode.delegate (0x00007a503acfd288) [0x00007a503acfd380, 0x00007a503acfd468] Compiler: c1, Barriers: 1, Oops: 1, ImmediateOops: 0, NonImmediateOops: No
[2,380s][debug][gc,nmethod     ] Register NMethod: io.sirix.access.trx.page.NodePageReadOnlyTrx$PageReferenceToPage.<init> (0x00007a501bd7f388) [0x00007a501bd7f480, 0x00007a501bd7f728] Compiler: c1, Barriers: 6, Oops: 1, ImmediateOops: 0, NonImmediateOops: No
[2,380s][debug][gc,nmethod     ] Register NMethod: io.sirix.node.json.JsonDocumentRootNode.structDelegate (0x00007a503acfd588) [0x00007a503acfd680, 0x00007a503acfd768] Compiler: c1, Barriers: 1, Oops: 1, ImmediateOops: 0, NonImmediateOops: No
[2,381s][debug][gc,director    ] Rule Major: Warmup 10%, Used: 354MB, UsedThreshold: 1228MB
[2,381s][debug][gc,nmethod     ] Register NMethod: java.lang.invoke.MethodHandle.linkToStatic (0x00007a503acfd888) [0x00007a503acfd980, 0x00007a503acfda70] Compiler: , Barriers: 0, Oops: 0, ImmediateOops: 0, NonImmediateOops: No
[2,381s][debug][gc,nmethod     ] Register NMethod: java.lang.invoke.DirectMethodHandle.getFunction (0x00007a501bd7f788) [0x00007a501bd7f880, 0x00007a501bd7fd18] Compiler: c1, Barriers: 4, Oops: 1, ImmediateOops: 2, NonImmediateOops: No
[2,381s][debug][gc,nmethod     ] Register NMethod: jdk.internal.classfile.impl.AbstractPoolEntry$NameAndTypeEntryImpl.name (0x00007a501bd7fd88) [0x00007a501bd7fe80, 0x00007a501bd801d0] Compiler: c1, Barriers: 1, Oops: 0, ImmediateOops: 0, NonImmediateOops: No
[2,381s][debug][gc,nmethod     ] Register NMethod: java.lang.invoke.MethodHandle.linkToSpecial (0x00007a503acfdb88) [0x00007a503acfdc80, 0x00007a503acfdd78] Compiler: , Barriers: 0, Oops: 0, ImmediateOops: 0, NonImmediateOops: No
[2,382s][debug][gc,nmethod     ] Register NMethod: java.lang.invoke.MethodHandle.invokeBasic (0x00007a503acfde88) [0x00007a503acfdf80, 0x00007a503acfe218] Compiler: , Barriers: 0, Oops: 0, ImmediateOops: 0, NonImmediateOops: No
[2,382s][debug][gc,nmethod     ] Register NMethod: java.lang.invoke.MethodHandle.linkToSpecial (0x00007a503acfe288) [0x00007a503acfe380, 0x00007a503acfe478] Compiler: , Barriers: 0, Oops: 0, ImmediateOops: 0, NonImmediateOops: No
[2,382s][debug][gc,nmethod     ] Register NMethod: jdk.internal.classfile.impl.SuperclassImpl.writeTo (0x00007a501bd80208) [0x00007a501bd80300, 0x00007a501bd80688] Compiler: c1, Barriers: 4, Oops: 0, ImmediateOops: 0, NonImmediateOops: No
[2,382s][debug][gc,nmethod     ] Register NMethod: jdk.internal.classfile.impl.SuperclassImpl.<init> (0x00007a501bd80708) [0x00007a501bd80800, 0x00007a501bd80b80] Compiler: c1, Barriers: 3, Oops: 0, ImmediateOops: 0, NonImmediateOops: No
[2,382s][debug][gc,nmethod     ] Register NMethod: java.lang.classfile.Superclass.of (0x00007a501bd80b88) [0x00007a501bd80c80, 0x00007a501bd81098] Compiler: c1, Barriers: 3, Oops: 0, ImmediateOops: 0, NonImmediateOops: No
[2,382s][debug][gc,nmethod     ] Register NMethod: java.lang.classfile.ClassBuilder.withSuperclass (0x00007a501bd81108) [0x00007a501bd81200, 0x00007a501bd81b48] Compiler: c1, Barriers: 3, Oops: 0, ImmediateOops: 0, NonImmediateOops: No
[2,382s][debug][gc,nmethod     ] Register NMethod: java.util.Arrays.equals (0x00007a501bd81b88) [0x00007a501bd81c80, 0x00007a501bd81f20] Compiler: c1, Barriers: 0, Oops: 0, ImmediateOops: 0, NonImmediateOops: No
[2,382s][debug][gc,nmethod     ] Register NMethod: java.lang.invoke.Invokers$Holder.linkToTargetMethod (0x00007a501bd81f88) [0x00007a501bd82080, 0x00007a501bd82588] Compiler: c1, Barriers: 0, Oops: 0, ImmediateOops: 0, NonImmediateOops: No
[2,382s][debug][gc,nmethod     ] Register NMethod: java.lang.String.getBytes (0x00007a501bd82608) [0x00007a501bd82700, 0x00007a501bd82b98] Compiler: c1, Barriers: 1, Oops: 0, ImmediateOops: 0, NonImmediateOops: No
[2,386s][debug][gc,alloc       ] Mutator Allocation Rate: 310,3MB/s Predicted: 422,6MB/s, Avg: 279,4(+/-81,9)MB/s
[2,386s][debug][gc,director    ] Rule Major: Warmup 10%, Used: 356MB, UsedThreshold: 1228MB
[2,387s][debug][gc,nmethod     ] Register NMethod: java.util.ArrayDeque.push (0x00007a501bd82c08) [0x00007a501bd82d00, 0x00007a501bd82e48] Compiler: c1, Barriers: 0, Oops: 0, ImmediateOops: 0, NonImmediateOops: No
[2,387s][debug][gc,nmethod     ] Register NMethod: java.util.ArrayDeque.dec (0x00007a501bd82f08) [0x00007a501bd83000, 0x00007a501bd83118] Compiler: c1, Barriers: 0, Oops: 0, ImmediateOops: 0, NonImmediateOops: No
[2,387s][debug][gc,nmethod     ] Register NMethod: io.sirix.node.json.ObjectKeyNode.getNodeKey (0x00007a503acfe588) [0x00007a503acfe680, 0x00007a503acfe740] Compiler: c1, Barriers: 0, Oops: 1, ImmediateOops: 0, NonImmediateOops: No
[2,387s][debug][gc,nmethod     ] Register NMethod: java.util.ArrayDeque.addFirst (0x00007a501bd83208) [0x00007a501bd83300, 0x00007a501bd838e0] Compiler: c1, Barriers: 4, Oops: 0, ImmediateOops: 0, NonImmediateOops: No
[2,387s][debug][gc,nmethod     ] Register NMethod: io.sirix.access.trx.node.AbstractNodeReadOnlyTrx.getNodeKey (0x00007a501bd83908) [0x00007a501bd83a00, 0x00007a501bd84068] Compiler: c1, Barriers: 1, Oops: 1, ImmediateOops: 1, NonImmediateOops: No
[2,387s][debug][gc,nmethod     ] Register NMethod: io.sirix.axis.AbstractAxis.hasNext (0x00007a501bd84088) [0x00007a501bd84180, 0x00007a501bd84c48] Compiler: c1, Barriers: 2, Oops: 1, ImmediateOops: 1, NonImmediateOops: No
[2,388s][debug][gc,nmethod     ] Register NMethod: java.util.zip.Inflater.needsInput (0x00007a503acfe888) [0x00007a503acfe980, 0x00007a503acfec48] Compiler: jvmci, Barriers: 2, Oops: 0, ImmediateOops: 0, NonImmediateOops: No
[2,390s][debug][gc,nmethod     ] Register NMethod: java.util.stream.MatchOps$MatchOp.getOpFlags (0x00007a501bd84c88) [0x00007a501bd84d80, 0x00007a501bd84e88] Compiler: c1, Barriers: 0, Oops: 0, ImmediateOops: 0, NonImmediateOops: No
[2,390s][debug][gc,nmethod     ] Register NMethod: java.util.stream.MatchOps$MatchOp.<init> (0x00007a501bd84f88) [0x00007a501bd85080, 0x00007a501bd85340] Compiler: c1, Barriers: 9, Oops: 0, ImmediateOops: 0, NonImmediateOops: No
[2,390s][debug][gc,nmethod     ] Register NMethod: java.util.stream.MatchOps$$Lambda/0x000000005d0f77d0.<init> (0x00007a501bd85388) [0x00007a501bd85480, 0x00007a501bd856c8] Compiler: c1, Barriers: 6, Oops: 0, ImmediateOops: 0, NonImmediateOops: No
[2,390s][debug][gc,nmethod     ] Register NMethod: java.util.stream.MatchOps$MatchOp.evaluateSequential (0x00007a501bd85708) [0x00007a501bd85800, 0x00007a501bd86628] Compiler: c1, Barriers: 1, Oops: 0, ImmediateOops: 2, NonImmediateOops: No
[2,390s][debug][gc,nmethod     ] Register NMethod: java.util.stream.MatchOps$MatchOp.evaluateSequential (0x00007a501bd86688) [0x00007a501bd86780, 0x00007a501bd87390] Compiler: c1, Barriers: 1, Oops: 0, ImmediateOops: 2, NonImmediateOops: No
[2,390s][debug][gc,nmethod     ] Register NMethod: java.util.stream.MatchOps$$Lambda/0x000000005d0f77d0.get (0x00007a501bd87408) [0x00007a501bd87500, 0x00007a501bd87980] Compiler: c1, Barriers: 8, Oops: 0, ImmediateOops: 0, NonImmediateOops: No
[2,390s][debug][gc,nmethod     ] Register NMethod: java.util.stream.MatchOps$1MatchSink.<init> (0x00007a501bd87988) [0x00007a501bd87a80, 0x00007a501bd87d80] Compiler: c1, Barriers: 6, Oops: 0, ImmediateOops: 0, NonImmediateOops: No
[2,390s][debug][gc,nmethod     ] Register NMethod: java.util.stream.MatchOps.lambda$makeRef$0 (0x00007a501bd87d88) [0x00007a501bd87e80, 0x00007a501bd88218] Compiler: c1, Barriers: 6, Oops: 0, ImmediateOops: 0, NonImmediateOops: No
[2,390s][debug][gc,nmethod     ] Register NMethod: java.util.stream.MatchOps$BooleanTerminalSink.<init> (0x00007a501bd88288) [0x00007a501bd88380, 0x00007a501bd88538] Compiler: c1, Barriers: 0, Oops: 0, ImmediateOops: 0, NonImmediateOops: No
[2,390s][debug][gc,nmethod     ] Register NMethod: java.util.stream.MatchOps.makeRef (0x00007a501bd88588) [0x00007a501bd88680, 0x00007a501bd891b0] Compiler: c1, Barriers: 15, Oops: 2, ImmediateOops: 3, NonImmediateOops: No
[2,391s][debug][gc,nmethod     ] Register NMethod: com.google.gson.stream.JsonWriter.newline (0x00007a501bd89208) [0x00007a501bd89300, 0x00007a501bd899f8] Compiler: c1, Barriers: 4, Oops: 1, ImmediateOops: 0, NonImmediateOops: No
[2,392s][debug][gc,nmethod     ] Register NMethod: com.google.gson.stream.JsonWriter.string (0x00007a501bd89a08) [0x00007a501bd89b00, 0x00007a501bd8b800] Compiler: c1, Barriers: 9, Oops: 2, ImmediateOops: 6, NonImmediateOops: No
[2,392s][debug][gc,nmethod     ] Register NMethod: io.sirix.page.UberPage.getRevisionRootReference (0x00007a503acfec88) [0x00007a503acfed80, 0x00007a503acfee68] Compiler: c1, Barriers: 1, Oops: 1, ImmediateOops: 0, NonImmediateOops: No
[2,392s][debug][gc,nmethod     ] Register NMethod: java.nio.CharBuffer.arrayOffset (0x00007a503acfef88) [0x00007a503acff080, 0x00007a503acff190] Compiler: jvmci, Barriers: 1, Oops: 0, ImmediateOops: 0, NonImmediateOops: No
[2,392s][debug][gc,nmethod     ] Register NMethod: java.util.stream.ForEachOps$ForEachOp$OfRef.accept (0x00007a501bd8b888) [0x00007a501bd8b980, 0x00007a501bd8bcc0] Compiler: c1, Barriers: 1, Oops: 0, ImmediateOops: 0, NonImmediateOops: No
[2,392s][debug][gc,nmethod     ] Register NMethod: java.util.concurrent.ForkJoinWorkerThread.resetThreadLocals (0x00007a501bd8bd08) [0x00007a501bd8be00, 0x00007a501bd8c2d0] Compiler: c1, Barriers: 8, Oops: 0, ImmediateOops: 0, NonImmediateOops: No
[2,393s][debug][gc,nmethod     ] Register NMethod: java.util.concurrent.atomic.AtomicLong.compareAndSet (0x00007a503acff288) [0x00007a503acff380, 0x00007a503acff410] Compiler: jvmci, Barriers: 0, Oops: 0, ImmediateOops: 0, NonImmediateOops: No
[2,393s][debug][gc,nmethod     ] Register NMethod: sun.security.provider.DigestBase.engineDigest (0x00007a501bd8c308) [0x00007a501bd8c400, 0x00007a501bd8e0a0] Compiler: c1, Barriers: 2, Oops: 3, ImmediateOops: 5, NonImmediateOops: No
[2,394s][debug][gc,nmethod     ] Register NMethod: io.sirix.BinaryEncodingVersion.values (0x00007a501bd8e108) [0x00007a501bd8e200, 0x00007a501bd8e6e0] Compiler: c1, Barriers: 0, Oops: 1, ImmediateOops: 1, NonImmediateOops: No
[2,394s][debug][gc,nmethod     ] Register NMethod: java.io.ByteArrayInputStream.close (0x00007a501bd8e708) [0x00007a501bd8e800, 0x00007a501bd8e900] Compiler: c1, Barriers: 0, Oops: 0, ImmediateOops: 0, NonImmediateOops: No
[2,394s][debug][gc,nmethod     ] Register NMethod: java.nio.DirectByteBuffer.getInt (0x00007a501bd8ea08) [0x00007a501bd8eb00, 0x00007a501bd8f038] Compiler: c1, Barriers: 0, Oops: 0, ImmediateOops: 0, NonImmediateOops: No
[2,394s][debug][gc,nmethod     ] Register NMethod: io.sirix.io.bytepipe.ByteHandlerPipeline.deserialize (0x00007a501bd8f088) [0x00007a501bd8f180, 0x00007a501bd8fda0] Compiler: c1, Barriers: 1, Oops: 1, ImmediateOops: 0, NonImmediateOops: No
[2,395s][debug][gc,nmethod     ] Register NMethod: java.nio.DirectByteBuffer.getInt (0x00007a501bd8fe08) [0x00007a501bd8ff00, 0x00007a501bd91730] Compiler: c1, Barriers: 5, Oops: 1, ImmediateOops: 4, NonImmediateOops: No
[2,395s][debug][gc,nmethod     ] Register NMethod: io.sirix.io.bytepipe.LZ4Compressor.deserialize (0x00007a501bd91788) [0x00007a501bd91880, 0x00007a501bd94670] Compiler: c1, Barriers: 36, Oops: 5, ImmediateOops: 38, NonImmediateOops: No
[2,395s][debug][gc,nmethod     ] Register NMethod: io.sirix.io.AbstractReader.deserialize (0x00007a501bd94708) [0x00007a501bd94800, 0x00007a501bd97718] Compiler: c1, Barriers: 15, Oops: 2, ImmediateOops: 2, NonImmediateOops: No
[2,395s][debug][gc,nmethod     ] Register NMethod: net.jpountz.lz4.LZ4BlockInputStream.<init> (0x00007a501bd97788) [0x00007a501bd97880, 0x00007a501bd9a5a8] Compiler: c1, Barriers: 36, Oops: 5, ImmediateOops: 38, NonImmediateOops: No
[2,395s][debug][gc,nmethod     ] Register NMethod: java.io.InputStream.readAllBytes (0x00007a501bd9a608) [0x00007a501bd9a700, 0x00007a501bd9aa08] Compiler: c1, Barriers: 0, Oops: 0, ImmediateOops: 0, NonImmediateOops: No
[2,395s][debug][gc,nmethod     ] Register NMethod: net.jpountz.lz4.LZ4BlockInputStream.<init> (0x00007a501bd9aa88) [0x00007a501bd9ab80, 0x00007a501bd9b120] Compiler: c1, Barriers: 15, Oops: 1, ImmediateOops: 0, NonImmediateOops: No
[2,395s][debug][gc,nmethod     ] Register NMethod: java.io.InputStream.readNBytes (0x00007a501bd9b188) [0x00007a501bd9b280, 0x00007a501bd9d340] Compiler: c1, Barriers: 6, Oops: 1, ImmediateOops: 5, NonImmediateOops: No
[2,395s][debug][gc,nmethod     ] Register NMethod: io.sirix.page.PageKind.getKind (0x00007a501bd9d388) [0x00007a501bd9d480, 0x00007a501bd9ddc0] Compiler: c1, Barriers: 2, Oops: 2, ImmediateOops: 2, NonImmediateOops: No
[2,395s][debug][gc,nmethod     ] Register NMethod: io.sirix.page.PagePersister.deserializePage (0x00007a501bd9de08) [0x00007a501bd9df00, 0x00007a501bd9eb68] Compiler: c1, Barriers: 2, Oops: 2, ImmediateOops: 2, NonImmediateOops: No
[2,395s][debug][gc,nmethod     ] Register NMethod: io.sirix.BinaryEncodingVersion.fromByte (0x00007a501bd9eb88) [0x00007a501bd9ec80, 0x00007a501bd9f400] Compiler: c1, Barriers: 1, Oops: 1, ImmediateOops: 1, NonImmediateOops: No
[2,396s][debug][gc,nmethod     ] Register NMethod: net.jpountz.lz4.LZ4BlockInputStream.<init> (0x00007a501bd9f488) [0x00007a501bd9f580, 0x00007a501bda2908] Compiler: c1, Barriers: 39, Oops: 5, ImmediateOops: 38, NonImmediateOops: No
[2,396s][debug][gc,nmethod     ] Register NMethod: jdk.internal.misc.Unsafe.setMemory (0x00007a501bda2988) [0x00007a501bda2a80, 0x00007a501bda2d90] Compiler: c1, Barriers: 0, Oops: 0, ImmediateOops: 0, NonImmediateOops: No
[2,396s][debug][gc,nmethod     ] Register NMethod: java.nio.DirectByteBuffer$Deallocator.<init> (0x00007a501bda2e08) [0x00007a501bda2f00, 0x00007a501bda30d8] Compiler: c1, Barriers: 0, Oops: 0, ImmediateOops: 0, NonImmediateOops: No
[2,396s][debug][gc,director    ] Rule Major: Warmup 10%, Used: 358MB, UsedThreshold: 1228MB
[2,397s][debug][gc,nmethod     ] Register NMethod: io.sirix.page.AbstractForwardingPage.<init> (0x00007a501bda3108) [0x00007a501bda3200, 0x00007a501bda33b8] Compiler: c1, Barriers: 0, Oops: 1, ImmediateOops: 0, NonImmediateOops: No
[2,397s][debug][gc,nmethod     ] Register NMethod: java.util.concurrent.ConcurrentHashMap$ReservationNode.<init> (0x00007a501bda3408) [0x00007a501bda3500, 0x00007a501bda37c8] Compiler: c1, Barriers: 6, Oops: 0, ImmediateOops: 0, NonImmediateOops: No
[2,397s][debug][gc,nmethod     ] Register NMethod: jdk.internal.util.DecimalDigits.stringSize (0x00007a501bda3808) [0x00007a501bda3900, 0x00007a501bda3b38] Compiler: c1, Barriers: 0, Oops: 0, ImmediateOops: 0, NonImmediateOops: No
[2,397s][debug][gc,nmethod     ] Register NMethod: io.sirix.node.MemorySegmentBytesIn.readShort (0x00007a501bda3b88) [0x00007a501bda3c80, 0x00007a501bda78b8] Compiler: c1, Barriers: 5, Oops: 6, ImmediateOops: 10, NonImmediateOops: No
[2,397s][debug][gc,nmethod     ] Register NMethod: jdk.internal.util.DecimalDigits.uncheckedGetCharsLatin1 (0x00007a501bda7908) [0x00007a501bda7a00, 0x00007a501bda7f10] Compiler: c1, Barriers: 0, Oops: 0, ImmediateOops: 0, NonImmediateOops: No
[2,398s][debug][gc,nmethod     ] Register NMethod: jdk.internal.foreign.AbstractMemorySegmentImpl.get (0x00007a501bda7f88) [0x00007a501bda8080, 0x00007a501bdab990] Compiler: c1, Barriers: 27, Oops: 5, ImmediateOops: 12, NonImmediateOops: No
[2,398s][debug][gc,nmethod     ] Register NMethod: java.lang.invoke.VarHandleSegmentAsShorts.get (0x00007a501bdaba08) [0x00007a501bdabb00, 0x00007a501bdb0d38] Compiler: c1, Barriers: 24, Oops: 2, ImmediateOops: 6, NonImmediateOops: No
[2,398s][debug][gc,nmethod     ] Register NMethod: java.lang.invoke.VarHandleSegmentAsShorts.get (0x00007a501bdb0d88) [0x00007a501bdb0e80, 0x00007a501bdb6338] Compiler: c1, Barriers: 24, Oops: 2, ImmediateOops: 6, NonImmediateOops: No
[2,398s][debug][gc,nmethod     ] Register NMethod: io.sirix.axis.filter.AbstractFilter.getTrx (0x00007a503acff588) [0x00007a503acff680, 0x00007a503acff768] Compiler: c1, Barriers: 1, Oops: 1, ImmediateOops: 0, NonImmediateOops: No
[2,399s][debug][gc,nmethod     ] Register NMethod: java.util.concurrent.atomic.AtomicLong.addAndGet (0x00007a503acff888) [0x00007a503acff980, 0x00007a503acffa10] Compiler: jvmci, Barriers: 0, Oops: 0, ImmediateOops: 0, NonImmediateOops: No
[2,399s][debug][gc,nmethod     ] Register NMethod: java.util.LinkedHashMap.afterNodeAccess (0x00007a501bdb6388) [0x00007a501bdb6480, 0x00007a501bdb7530] Compiler: c1, Barriers: 54, Oops: 0, ImmediateOops: 0, NonImmediateOops: No
[2,399s][debug][gc,nmethod     ] Register NMethod: io.sirix.node.json.ObjectNode.getNodeKey (0x00007a503acffb88) [0x00007a503acffc80, 0x00007a503acffd40] Compiler: c1, Barriers: 0, Oops: 1, ImmediateOops: 0, NonImmediateOops: No
[2,399s][debug][gc,nmethod     ] Register NMethod: io.sirix.index.path.summary.PathSummaryReader.getStructuralNode (0x00007a501bdb7588) [0x00007a501bdb7680, 0x00007a501bdb7a38] Compiler: c1, Barriers: 1, Oops: 1, ImmediateOops: 0, NonImmediateOops: No
[2,399s][debug][gc,nmethod     ] Register NMethod: io.sirix.access.trx.page.NodePageTrx.prepareRecordForModification (0x00007a501bdb7a88) [0x00007a501bdb7b80, 0x00007a501bdb9a08] Compiler: c1, Barriers: 7, Oops: 2, ImmediateOops: 4, NonImmediateOops: No
[2,399s][debug][gc,nmethod     ] Register NMethod: io.sirix.access.trx.node.AbstractNodeReadOnlyTrx.getKind (0x00007a501bdb9a88) [0x00007a501bdb9b80, 0x00007a501bdba1e8] Compiler: c1, Barriers: 1, Oops: 1, ImmediateOops: 1, NonImmediateOops: No
[2,399s][debug][gc,nmethod     ] Register NMethod: java.util.concurrent.ForkJoinPool$WorkQueue.tryLockPhase (0x00007a501bdba208) [0x00007a501bdba300, 0x00007a501bdba4a8] Compiler: c1, Barriers: 0, Oops: 0, ImmediateOops: 0, NonImmediateOops: No
[2,400s][debug][gc,nmethod     ] Register NMethod: io.sirix.access.trx.page.NodePageTrx.createRecord (0x00007a501bdba508) [0x00007a501bdba600, 0x00007a501bdc0a58] Compiler: c1, Barriers: 30, Oops: 1, ImmediateOops: 6, NonImmediateOops: No
[2,400s][debug][gc,nmethod     ] Register NMethod: java.util.stream.Sink.begin (0x00007a503acffe88) [0x00007a503acfff80, 0x00007a503ad00000] Compiler: jvmci, Barriers: 0, Oops: 0, ImmediateOops: 0, NonImmediateOops: No
[2,400s][debug][gc,nmethod     ] Register NMethod: jdk.internal.misc.Unsafe.getLongUnaligned (0x00007a503ad00188) [0x00007a503ad00280, 0x00007a503ad00340] Compiler: jvmci, Barriers: 0, Oops: 0, ImmediateOops: 0, NonImmediateOops: No
[2,400s][debug][gc,nmethod     ] Register NMethod: io.sirix.page.RevisionRootPage.getMaxNodeKeyInDocumentIndex (0x00007a503ad00488) [0x00007a503ad00580, 0x00007a503ad00640] Compiler: c1, Barriers: 0, Oops: 1, ImmediateOops: 0, NonImmediateOops: No
[2,405s][debug][gc,nmethod     ] Register NMethod: com.github.benmanes.caffeine.cache.SSLSMW.windowMaximum (0x00007a503ad00788) [0x00007a503ad00880, 0x00007a503ad00940] Compiler: c1, Barriers: 0, Oops: 1, ImmediateOops: 0, NonImmediateOops: No
[2,406s][debug][gc,nmethod     ] Register NMethod: java.nio.channels.spi.AbstractInterruptibleChannel.<init> (0x00007a501bdc0a88) [0x00007a501bdc0b80, 0x00007a501bdc1060] Compiler: c1, Barriers: 9, Oops: 0, ImmediateOops: 0, NonImmediateOops: No
[2,406s][debug][gc,nmethod     ] Register NMethod: java.nio.channels.spi.AbstractInterruptibleChannel$1.<init> (0x00007a501bdc1088) [0x00007a501bdc1180, 0x00007a501bdc14a8] Compiler: c1, Barriers: 3, Oops: 0, ImmediateOops: 0, NonImmediateOops: No
[2,406s][debug][gc,nmethod     ] Register NMethod: com.github.benmanes.caffeine.cache.UnboundedLocalCache$UnboundedLocalAsyncCache.cache (0x00007a501bdc1508) [0x00007a501bdc1600, 0x00007a501bdc1900] Compiler: c1, Barriers: 1, Oops: 1, ImmediateOops: 0, NonImmediateOops: No
[2,406s][debug][gc,nmethod     ] Register NMethod: com.github.benmanes.caffeine.cache.BaseMpscLinkedArrayQueue.lvProducerIndex (0x00007a501bdc1988) [0x00007a501bdc1a80, 0x00007a501bdc2788] Compiler: c1, Barriers: 0, Oops: 6, ImmediateOops: 5, NonImmediateOops: No
[2,406s][debug][gc,nmethod     ] Register NMethod: java.lang.invoke.MethodHandle.invokeBasic (0x00007a503ad00a88) [0x00007a503ad00b80, 0x00007a503ad00e18] Compiler: , Barriers: 0, Oops: 0, ImmediateOops: 0, NonImmediateOops: No
[2,406s][debug][gc,director    ] Rule Major: Warmup 10%, Used: 360MB, UsedThreshold: 1228MB
[2,407s][debug][gc,nmethod     ] Register NMethod: io.sirix.page.KeyValueLeafPage.markAccessed (0x00007a501bdc2808) [0x00007a501bdc2900, 0x00007a501bdc2a10] Compiler: c1, Barriers: 0, Oops: 1, ImmediateOops: 0, NonImmediateOops: No
[2,407s][debug][gc,nmethod     ] Register NMethod: java.lang.invoke.VarHandleGuards.guard_LII_Z (0x00007a501bdc2b08) [0x00007a501bdc2c00, 0x00007a501bdc5ad8] Compiler: c1, Barriers: 28, Oops: 0, ImmediateOops: 2, NonImmediateOops: No
[2,407s][debug][gc,nmethod     ] Register NMethod: sun.nio.fs.UnixChannelFactory.newFileChannel (0x00007a501bdc5b08) [0x00007a501bdc5c00, 0x00007a501bdc5d28] Compiler: c1, Barriers: 0, Oops: 0, ImmediateOops: 0, NonImmediateOops: No
[2,407s][debug][gc,nmethod     ] Register NMethod: sun.nio.fs.UnixFileSystemProvider.newFileChannel (0x00007a501bdc5e08) [0x00007a501bdc5f00, 0x00007a501bdc6808] Compiler: c1, Barriers: 0, Oops: 0, ImmediateOops: 0, NonImmediateOops: No
[2,407s][debug][gc,nmethod     ] Register NMethod: sun.nio.fs.UnixChannelFactory$Flags.<init> (0x00007a501bdc6888) [0x00007a501bdc6980, 0x00007a501bdc6ad8] Compiler: c1, Barriers: 0, Oops: 0, ImmediateOops: 0, NonImmediateOops: No
[2,407s][debug][gc,nmethod     ] Register NMethod: sun.nio.fs.UnixChannelFactory.newFileChannel (0x00007a501bdc6b88) [0x00007a501bdc6c80, 0x00007a501bdc76f0] Compiler: c1, Barriers: 6, Oops: 0, ImmediateOops: 3, NonImmediateOops: No
[2,408s][debug][gc,nmethod     ] Register NMethod: sun.nio.fs.UnixChannelFactory$Flags.toFlags (0x00007a501bdc7708) [0x00007a501bdc7800, 0x00007a501bdca2b8] Compiler: c1, Barriers: 1, Oops: 1, ImmediateOops: 5, NonImmediateOops: No
[2,408s][debug][gc,nmethod     ] Register NMethod: java.io.FileDescriptor.set (0x00007a501bdca308) [0x00007a501bdca400, 0x00007a501bdca970] Compiler: c1, Barriers: 4, Oops: 0, ImmediateOops: 0, NonImmediateOops: No
[2,408s][debug][gc,nmethod     ] Register NMethod: java.io.FileDescriptor$1.set (0x00007a501bdca988) [0x00007a501bdcaa80, 0x00007a501bdcb230] Compiler: c1, Barriers: 4, Oops: 0, ImmediateOops: 0, NonImmediateOops: No
[2,408s][debug][gc,nmethod     ] Register NMethod: java.io.FileDescriptor$1.setAppend (0x00007a501bdcb288) [0x00007a501bdcb380, 0x00007a501bdcb488] Compiler: c1, Barriers: 0, Oops: 0, ImmediateOops: 0, NonImmediateOops: No
[2,408s][debug][gc,nmethod     ] Register NMethod: io.sirix.access.trx.page.NodePageReadOnlyTrx.getCurrentMaxIndirectPageTreeLevel (0x00007a501bdcb588) [0x00007a501bdcb680, 0x00007a501bdd3470] Compiler: c1, Barriers: 20, Oops: 1, ImmediateOops: 6, NonImmediateOops: No
[2,408s][debug][gc,nmethod     ] Register NMethod: com.github.benmanes.caffeine.cache.BaseMpscLinkedArrayQueue.poll (0x00007a501bdd3488) [0x00007a501bdd3580, 0x00007a501bdd8f48] Compiler: c1, Barriers: 6, Oops: 16, ImmediateOops: 39, NonImmediateOops: No
[2,408s][debug][gc,nmethod     ] Register NMethod: sun.nio.ch.FileChannelImpl.open (0x00007a501bdd9008) [0x00007a501bdd9100, 0x00007a501bdd92b8] Compiler: c1, Barriers: 0, Oops: 0, ImmediateOops: 0, NonImmediateOops: No
[2,408s][debug][gc,nmethod     ] Register NMethod: java.util.zip.InflaterInputStream.read (0x00007a503ad00e88) [0x00007a503ad00f80, 0x00007a503ad04090] Compiler: jvmci, Barriers: 56, Oops: 1, ImmediateOops: 1, NonImmediateOops: No
[2,408s][debug][gc,nmethod     ] Register NMethod: sun.nio.ch.NativeThreadSet.<init> (0x00007a501bdd9308) [0x00007a501bdd9400, 0x00007a501bdd9560] Compiler: c1, Barriers: 0, Oops: 0, ImmediateOops: 0, NonImmediateOops: No
[2,409s][debug][gc,nmethod     ] Register NMethod: sun.nio.ch.FileChannelImpl$Closer.<init> (0x00007a501bdd9608) [0x00007a501bdd9700, 0x00007a501bdd98d0] Compiler: c1, Barriers: 3, Oops: 0, ImmediateOops: 0, NonImmediateOops: No
[2,409s][debug][gc,nmethod     ] Register NMethod: java.nio.channels.FileChannel.<init> (0x00007a501bdd9908) [0x00007a501bdd9a00, 0x00007a501bdd9f48] Compiler: c1, Barriers: 9, Oops: 0, ImmediateOops: 0, NonImmediateOops: No
[2,409s][debug][gc,nmethod     ] Register NMethod: sun.nio.fs.UnixChannelFactory.open (0x00007a501bdd9f88) [0x00007a501bdda080, 0x00007a501bddc388] Compiler: c1, Barriers: 10, Oops: 1, ImmediateOops: 5, NonImmediateOops: No
[2,409s][debug][gc,nmethod     ] Register NMethod: java.nio.channels.spi.AbstractInterruptibleChannel.close (0x00007a501bddc408) [0x00007a501bddc500, 0x00007a501bddca88] Compiler: c1, Barriers: 1, Oops: 0, ImmediateOops: 0, NonImmediateOops: No
[2,409s][debug][gc,nmethod     ] Register NMethod: sun.nio.ch.FileChannelImpl.<init> (0x00007a501bddcb08) [0x00007a501bddcc00, 0x00007a501bdddd20] Compiler: c1, Barriers: 30, Oops: 1, ImmediateOops: 2, NonImmediateOops: No
[2,409s][debug][gc,nmethod     ] Register NMethod: io.sirix.page.KeyValueLeafPage.<init> (0x00007a501bdddd88) [0x00007a501bddde80, 0x00007a501bddef90] Compiler: c1, Barriers: 41, Oops: 1, ImmediateOops: 3, NonImmediateOops: No
[2,409s][debug][gc,nmethod     ] Register NMethod: io.sirix.node.HashCountEntryNode.getValue (0x00007a503ad04108) [0x00007a503ad04200, 0x00007a503ad042c0] Compiler: c1, Barriers: 0, Oops: 1, ImmediateOops: 0, NonImmediateOops: No
[2,409s][debug][gc,nmethod     ] Register NMethod: sun.nio.ch.NativeThreadSet.signalAndWait (0x00007a501bddf008) [0x00007a501bddf100, 0x00007a501bddfc50] Compiler: c1, Barriers: 2, Oops: 0, ImmediateOops: 0, NonImmediateOops: No
[2,409s][debug][gc,nmethod     ] Register NMethod: java.io.FileDescriptor$1.close (0x00007a501bddfc88) [0x00007a501bddfd80, 0x00007a501bde08e0] Compiler: c1, Barriers: 4, Oops: 0, ImmediateOops: 0, NonImmediateOops: No
[2,409s][debug][gc,nmethod     ] Register NMethod: sun.nio.ch.FileChannelImpl$Closer.run (0x00007a501bde0908) [0x00007a501bde0a00, 0x00007a501bde1730] Compiler: c1, Barriers: 5, Oops: 0, ImmediateOops: 2, NonImmediateOops: No
[2,410s][debug][gc,nmethod     ] Register NMethod: sun.nio.ch.FileChannelImpl.implCloseChannel (0x00007a501bde1788) [0x00007a501bde1880, 0x00007a501bde3c38] Compiler: c1, Barriers: 8, Oops: 1, ImmediateOops: 1, NonImmediateOops: No
[2,410s][debug][gc,nmethod     ] Register NMethod: io.sirix.node.xml.AbstractStructForwardingNode.<init> (0x00007a501bde3c88) [0x00007a501bde3d80, 0x00007a501bde3f98] Compiler: c1, Barriers: 0, Oops: 1, ImmediateOops: 0, NonImmediateOops: No
[2,410s][debug][gc,nmethod     ] Register NMethod: io.sirix.node.xml.AbstractStructForwardingNode.getFirstChildKey (0x00007a501bde4008) [0x00007a501bde4100, 0x00007a501bde4430] Compiler: c1, Barriers: 0, Oops: 1, ImmediateOops: 0, NonImmediateOops: No
[2,410s][debug][gc,nmethod     ] Register NMethod: io.sirix.node.delegates.StructNodeDelegate.hasFirstChild (0x00007a501bde4488) [0x00007a501bde4580, 0x00007a501bde48d8] Compiler: c1, Barriers: 0, Oops: 1, ImmediateOops: 1, NonImmediateOops: No
[2,410s][debug][gc,nmethod     ] Register NMethod: io.sirix.node.xml.AbstractStructForwardingNode.hasFirstChild (0x00007a501bde4908) [0x00007a501bde4a00, 0x00007a501bde4fc8] Compiler: c1, Barriers: 0, Oops: 1, ImmediateOops: 1, NonImmediateOops: No
[2,410s][debug][gc,nmethod     ] Register NMethod: com.github.benmanes.caffeine.cache.BoundedLocalCache.collectValues (0x00007a503ad04408) [0x00007a503ad04500, 0x00007a503ad045c0] Compiler: c1, Barriers: 0, Oops: 1, ImmediateOops: 0, NonImmediateOops: No
[2,411s][debug][gc,nmethod     ] Register NMethod: io.sirix.access.trx.page.NodePageReadOnlyTrx.getRecordPage (0x00007a501bde5008) [0x00007a501bde5100, 0x00007a501bdebec0] Compiler: c1, Barriers: 63, Oops: 2, ImmediateOops: 8, NonImmediateOops: No
[2,411s][debug][gc,nmethod     ] Register NMethod: java.lang.Enum.valueOf (0x00007a501bdebf08) [0x00007a501bdec000, 0x00007a501bdedaf0] Compiler: c1, Barriers: 0, Oops: 2, ImmediateOops: 4, NonImmediateOops: No
[2,411s][debug][gc,nmethod     ] Register NMethod: java.lang.Class.enumConstantDirectory (0x00007a501bdedb08) [0x00007a501bdedc00, 0x00007a501bdef608] Compiler: c1, Barriers: 7, Oops: 1, ImmediateOops: 2, NonImmediateOops: No
[2,412s][debug][gc,nmethod     ] Register NMethod: io.sirix.page.KeyValueLeafPage.getNumberOfNonNullEntries (0x00007a503ad04708) [0x00007a503ad04800, 0x00007a503ad04bd0] Compiler: jvmci, Barriers: 3, Oops: 1, ImmediateOops: 0, NonImmediateOops: No
[2,412s][debug][gc,nmethod     ] Register NMethod: java.lang.runtime.ObjectMethods.hashCombiner (0x00007a501bdef688) [0x00007a501bdef780, 0x00007a501bdef870] Compiler: c1, Barriers: 0, Oops: 0, ImmediateOops: 0, NonImmediateOops: No
[2,412s][debug][gc,nmethod     ] Register NMethod: java.lang.invoke.LambdaForm$MH/0x000000005d29d800.invoke (0x00007a501bdef988) [0x00007a501bdefa80, 0x00007a501bdf0a38] Compiler: c1, Barriers: 3, Oops: 1, ImmediateOops: 0, NonImmediateOops: No
[2,412s][debug][gc,nmethod     ] Register NMethod: java.util.Collections.addAll (0x00007a501bdf0a88) [0x00007a501bdf0b80, 0x00007a501bdf0f88] Compiler: c1, Barriers: 1, Oops: 0, ImmediateOops: 0, NonImmediateOops: No
[2,412s][debug][gc,nmethod     ] Register NMethod: sun.nio.ch.Util.unwrapIfAlignedSlice (0x00007a501bdf1008) [0x00007a501bdf1100, 0x00007a501bdf1878] Compiler: c1, Barriers: 0, Oops: 0, ImmediateOops: 0, NonImmediateOops: No
[2,412s][debug][gc,nmethod     ] Register NMethod: sun.nio.ch.Util.isBufferTooLarge (0x00007a501bdf1888) [0x00007a501bdf1980, 0x00007a501bdf1cf8] Compiler: c1, Barriers: 0, Oops: 0, ImmediateOops: 0, NonImmediateOops: No
[2,412s][debug][gc,nmethod     ] Register NMethod: sun.nio.ch.Util$BufferCache.offerFirst (0x00007a501bdf1d08) [0x00007a501bdf1e00, 0x00007a501bdf22a8] Compiler: c1, Barriers: 4, Oops: 0, ImmediateOops: 0, NonImmediateOops: No
[2,412s][debug][gc,nmethod     ] Register NMethod: com.github.benmanes.caffeine.cache.BoundedLocalCache.expiry (0x00007a503ad04c08) [0x00007a503ad04d00, 0x00007a503ad04dc8] Compiler: c1, Barriers: 0, Oops: 1, ImmediateOops: 0, NonImmediateOops: No
[2,412s][debug][gc,nmethod     ] Register NMethod: com.github.benmanes.caffeine.cache.BoundedLocalCache.keyReferenceQueue (0x00007a503ad04f08) [0x00007a503ad05000, 0x00007a503ad050c8] Compiler: c1, Barriers: 0, Oops: 1, ImmediateOops: 0, NonImmediateOops: No
[2,413s][debug][gc,nmethod     ] Register NMethod: sun.nio.ch.Util$BufferCache.get (0x00007a501bdf2308) [0x00007a501bdf2400, 0x00007a501bdf3690] Compiler: c1, Barriers: 9, Oops: 0, ImmediateOops: 0, NonImmediateOops: No
[2,413s][debug][gc,nmethod     ] Register NMethod: sun.nio.ch.Util.getTemporaryDirectBuffer (0x00007a501bdf3708) [0x00007a501bdf3800, 0x00007a501bdf4f10] Compiler: c1, Barriers: 0, Oops: 2, ImmediateOops: 9, NonImmediateOops: No
[2,413s][debug][gc,nmethod     ] Register NMethod: com.github.benmanes.caffeine.cache.BoundedLocalCache.valueReferenceQueue (0x00007a503ad05208) [0x00007a503ad05300, 0x00007a503ad053c8] Compiler: c1, Barriers: 0, Oops: 1, ImmediateOops: 0, NonImmediateOops: No
[2,413s][debug][gc,nmethod     ] Register NMethod: io.sirix.access.trx.node.AbstractResourceSession.getRevisionEpochTracker (0x00007a503ad05508) [0x00007a503ad05600, 0x00007a503ad056e8] Compiler: c1, Barriers: 1, Oops: 1, ImmediateOops: 0, NonImmediateOops: No
[2,413s][debug][gc,nmethod     ] Register NMethod: it.unimi.dsi.fastutil.shorts.ShortArrayList.add (0x00007a501bdf4f88) [0x00007a501bdf5080, 0x00007a501bdf5358] Compiler: c1, Barriers: 1, Oops: 1, ImmediateOops: 0, NonImmediateOops: No
[2,413s][debug][gc,nmethod     ] Register NMethod: sun.nio.ch.Util.offerFirstTemporaryDirectBuffer (0x00007a501bdf5388) [0x00007a501bdf5480, 0x00007a501bdf7718] Compiler: c1, Barriers: 0, Oops: 2, ImmediateOops: 8, NonImmediateOops: No
[2,413s][debug][gc,nmethod     ] Register NMethod: java.nio.Buffer.checkSession (0x00007a501bdf7788) [0x00007a501bdf7880, 0x00007a501bdf8c40] Compiler: c1, Barriers: 5, Oops: 0, ImmediateOops: 2, NonImmediateOops: No
[2,413s][debug][gc,nmethod     ] Register NMethod: java.nio.HeapByteBuffer.put (0x00007a501bdf8c88) [0x00007a501bdf8d80, 0x00007a501bdfa3b8] Compiler: c1, Barriers: 5, Oops: 0, ImmediateOops: 2, NonImmediateOops: No
[2,413s][debug][gc,nmethod     ] Register NMethod: java.nio.ByteBuffer.put (0x00007a501bdfa408) [0x00007a501bdfa500, 0x00007a501bdfb8f8] Compiler: c1, Barriers: 0, Oops: 0, ImmediateOops: 1, NonImmediateOops: No
[2,413s][debug][gc,nmethod     ] Register NMethod: com.github.benmanes.caffeine.cache.PSMW.getWeight (0x00007a503ad05808) [0x00007a503ad05900, 0x00007a503ad059c0] Compiler: c1, Barriers: 0, Oops: 1, ImmediateOops: 0, NonImmediateOops: No
[2,413s][debug][gc,nmethod     ] Register NMethod: java.nio.ByteBuffer.putBuffer (0x00007a501bdfb908) [0x00007a501bdfba00, 0x00007a501bdfe2f8] Compiler: c1, Barriers: 9, Oops: 1, ImmediateOops: 6, NonImmediateOops: No
[2,414s][debug][gc,nmethod     ] Register NMethod: java.lang.Math.addExact (0x00007a501bdfe308) [0x00007a501bdfe400, 0x00007a501bdfe5e8] Compiler: c1, Barriers: 0, Oops: 0, ImmediateOops: 1, NonImmediateOops: No
[2,414s][debug][gc,nmethod     ] Register NMethod: java.lang.VirtualThread.notifyJvmtiDisableSuspend (0x00007a503ad05b08) [0x00007a503ad05c00, 0x00007a503ad05d50] Compiler: , Barriers: 0, Oops: 0, ImmediateOops: 1, NonImmediateOops: No
[2,415s][debug][gc,nmethod     ] Register NMethod: java.util.concurrent.ConcurrentHashMap.putVal (0x00007a501b6a9388) [0x00007a501b6a9480, 0x00007a501b6ab9c8] Compiler: c1, Barriers: 28, Oops: 0, ImmediateOops: 1, NonImmediateOops: No
[2,415s][debug][gc,nmethod     ] Register NMethod: java.util.concurrent.ConcurrentHashMap.putVal (0x00007a501b6a9388) [0x00007a501b6a9480, 0x00007a501b6ab9c8] Compiler: c1, Barriers: 28, Oops: 0, ImmediateOops: 1, NonImmediateOops: No
[2,415s][debug][gc,nmethod     ] Register NMethod: io.sirix.io.filechannel.FileChannelReader.read (0x00007a501bdfe608) [0x00007a501bdfe700, 0x00007a501be000c8] Compiler: c1, Barriers: 3, Oops: 1, ImmediateOops: 4, NonImmediateOops: No
[2,415s][debug][gc,nmethod     ] Register NMethod: io.sirix.page.PageReference.equals (0x00007a501be00108) [0x00007a501be00200, 0x00007a501be00850] Compiler: c1, Barriers: 0, Oops: 1, ImmediateOops: 0, NonImmediateOops: No
[2,415s][debug][gc,nmethod     ] Register NMethod: com.google.common.base.Objects.hashCode (0x00007a501be00888) [0x00007a501be00980, 0x00007a501be00b40] Compiler: c1, Barriers: 0, Oops: 1, ImmediateOops: 0, NonImmediateOops: No
[2,415s][debug][gc,nmethod     ] Register NMethod: io.sirix.node.HashEntryNode.getKey (0x00007a503ad05e08) [0x00007a503ad05f00, 0x00007a503ad05fc0] Compiler: c1, Barriers: 0, Oops: 1, ImmediateOops: 0, NonImmediateOops: No
[2,415s][debug][gc,nmethod     ] Register NMethod: io.sirix.node.HashEntryNode.getValue (0x00007a503ad06108) [0x00007a503ad06200, 0x00007a503ad062e8] Compiler: c1, Barriers: 1, Oops: 1, ImmediateOops: 0, NonImmediateOops: No
[2,415s][debug][gc,nmethod     ] Register NMethod: it.unimi.dsi.fastutil.ints.Int2IntOpenHashMap.insert (0x00007a501be00b88) [0x00007a501be00c80, 0x00007a501be00f30] Compiler: c1, Barriers: 2, Oops: 1, ImmediateOops: 0, NonImmediateOops: No
[2,415s][debug][gc,nmethod     ] Register NMethod: io.sirix.node.json.ObjectKeyNode.getKind (0x00007a501be00f88) [0x00007a501be01080, 0x00007a501be01188] Compiler: c1, Barriers: 0, Oops: 1, ImmediateOops: 1, NonImmediateOops: No
[2,415s][debug][gc,nmethod     ] Register NMethod: io.sirix.node.NodeKind.getKind (0x00007a501be01288) [0x00007a501be01380, 0x00007a501be014b8] Compiler: c1, Barriers: 1, Oops: 1, ImmediateOops: 1, NonImmediateOops: No
[2,415s][debug][gc,nmethod     ] Register NMethod: jdk.internal.foreign.AbstractMemorySegmentImpl.toArray (0x00007a501be01588) [0x00007a501be01680, 0x00007a501be01b60] Compiler: c1, Barriers: 0, Oops: 4, ImmediateOops: 3, NonImmediateOops: No
[2,416s][debug][gc,nmethod     ] Register NMethod: io.sirix.access.trx.node.AbstractNodeReadOnlyTrx.hasFirstChild (0x00007a501be01b88) [0x00007a501be01c80, 0x00007a501be024a0] Compiler: c1, Barriers: 0, Oops: 1, ImmediateOops: 1, NonImmediateOops: No
[2,416s][debug][gc,nmethod     ] Register NMethod: java.util.stream.AbstractPipeline.onClose (0x00007a501be02508) [0x00007a501be02600, 0x00007a501be02b78] Compiler: c1, Barriers: 5, Oops: 0, ImmediateOops: 1, NonImmediateOops: No
[2,417s][debug][gc,director    ] Rule Major: Warmup 10%, Used: 360MB, UsedThreshold: 1228MB
[2,417s][debug][gc,nmethod     ] Register NMethod: io.sirix.page.KeyValueLeafPage.getNumberOfNonNullEntries (0x00007a503ad06408) [0x00007a503ad06500, 0x00007a503ad06700] Compiler: jvmci, Barriers: 2, Oops: 1, ImmediateOops: 0, NonImmediateOops: No
[2,417s][debug][gc,nmethod     ] Register NMethod: java.util.Spliterators$EmptySpliterator.characteristics (0x00007a503ad06788) [0x00007a503ad06880, 0x00007a503ad06940] Compiler: c1, Barriers: 0, Oops: 0, ImmediateOops: 0, NonImmediateOops: No
[2,417s][debug][gc,nmethod     ] Register NMethod: java.util.stream.ReferencePipeline.anyMatch (0x00007a501be02b88) [0x00007a501be02c80, 0x00007a501be03398] Compiler: c1, Barriers: 0, Oops: 0, ImmediateOops: 1, NonImmediateOops: No
[2,417s][debug][gc,nmethod     ] Register NMethod: jdk.proxy3.$Proxy19.annotationType (0x00007a501be03408) [0x00007a501be03500, 0x00007a501be03b68] Compiler: c1, Barriers: 1, Oops: 1, ImmediateOops: 1, NonImmediateOops: No
[2,417s][debug][gc,nmethod     ] Register NMethod: org.junit.platform.commons.util.AnnotationUtils.lambda$findAnnotatedMethods$7 (0x00007a501be03b88) [0x00007a501be03c80, 0x00007a501be040a0] Compiler: c1, Barriers: 1, Oops: 1, ImmediateOops: 0, NonImmediateOops: No
[2,417s][debug][gc,nmethod     ] Register NMethod: jdk.proxy3.$Proxy19.hashCode (0x00007a501be04108) [0x00007a501be04200, 0x00007a501be04a48] Compiler: c1, Barriers: 1, Oops: 1, ImmediateOops: 1, NonImmediateOops: No
[2,417s][debug][gc,nmethod     ] Register NMethod: jdk.proxy3.$Proxy19.equals (0x00007a501be04a88) [0x00007a501be04b80, 0x00007a501be056f0] Compiler: c1, Barriers: 4, Oops: 2, ImmediateOops: 1, NonImmediateOops: No
[2,418s][debug][gc,nmethod     ] Register NMethod: org.junit.platform.commons.util.AnnotationUtils$$Lambda/0x000000005d1af588.test (0x00007a501be05708) [0x00007a501be05800, 0x00007a501be05ed0] Compiler: c1, Barriers: 2, Oops: 1, ImmediateOops: 0, NonImmediateOops: No
[2,418s][debug][gc,nmethod     ] Register NMethod: java.util.Collections$UnmodifiableList.<init> (0x00007a501be05f08) [0x00007a501be06000, 0x00007a501be06398] Compiler: c1, Barriers: 6, Oops: 0, ImmediateOops: 0, NonImmediateOops: No
[2,418s][debug][gc,nmethod     ] Register NMethod: java.util.Collections$UnmodifiableRandomAccessList.<init> (0x00007a501be06408) [0x00007a501be06500, 0x00007a501be068f8] Compiler: c1, Barriers: 6, Oops: 0, ImmediateOops: 0, NonImmediateOops: No
[2,418s][debug][gc,nmethod     ] Register NMethod: java.util.stream.Streams$2.<init> (0x00007a501be06908) [0x00007a501be06a00, 0x00007a501be06c48] Compiler: c1, Barriers: 6, Oops: 0, ImmediateOops: 0, NonImmediateOops: No
[2,418s][debug][gc,nmethod     ] Register NMethod: java.util.stream.Streams$ConcatSpliterator$OfRef.<init> (0x00007a501be06c88) [0x00007a501be06d80, 0x00007a501be06eb0] Compiler: c1, Barriers: 0, Oops: 0, ImmediateOops: 0, NonImmediateOops: No
[2,418s][debug][gc,nmethod     ] Register NMethod: java.util.stream.Streams.composedClose (0x00007a501be06f88) [0x00007a501be07080, 0x00007a501be07360] Compiler: c1, Barriers: 6, Oops: 0, ImmediateOops: 0, NonImmediateOops: No
[2,418s][debug][gc,nmethod     ] Register NMethod: org.junit.platform.engine.support.descriptor.AbstractTestDescriptor.getChildren (0x00007a501be07388) [0x00007a501be07480, 0x00007a501be07b48] Compiler: c1, Barriers: 4, Oops: 1, ImmediateOops: 1, NonImmediateOops: No
[2,418s][debug][gc,nmethod     ] Register NMethod: java.util.stream.Streams$ConcatSpliterator.<init> (0x00007a501be07b88) [0x00007a501be07c80, 0x00007a501be08350] Compiler: c1, Barriers: 6, Oops: 0, ImmediateOops: 0, NonImmediateOops: No
[2,418s][debug][gc,nmethod     ] Register NMethod: java.lang.invoke.Invokers$Holder.linkToTargetMethod (0x00007a503ad06a88) [0x00007a503ad06b80, 0x00007a503ad06c88] Compiler: jvmci, Barriers: 0, Oops: 0, ImmediateOops: 0, NonImmediateOops: No
[2,418s][debug][gc,nmethod     ] Register NMethod: java.util.Collections.unmodifiableList (0x00007a501be08388) [0x00007a501be08480, 0x00007a501be09358] Compiler: c1, Barriers: 12, Oops: 0, ImmediateOops: 2, NonImmediateOops: No
[2,419s][debug][gc,nmethod     ] Register NMethod: java.lang.invoke.MethodHandle.invokeBasic (0x00007a503ad06d88) [0x00007a503ad06e80, 0x00007a503ad07118] Compiler: , Barriers: 0, Oops: 0, ImmediateOops: 0, NonImmediateOops: No
[2,419s][debug][gc,nmethod     ] Register NMethod: jdk.proxy3.$Proxy22.equals (0x00007a501be09388) [0x00007a501be09480, 0x00007a501be09ff0] Compiler: c1, Barriers: 4, Oops: 2, ImmediateOops: 1, NonImmediateOops: No
[2,420s][debug][gc,nmethod     ] Register NMethod: java.lang.Class.annotationData (0x00007a503ad07188) [0x00007a503ad07280, 0x00007a503ad07490] Compiler: jvmci, Barriers: 6, Oops: 0, ImmediateOops: 0, NonImmediateOops: No
[2,420s][debug][gc,nmethod     ] Register NMethod: io.sirix.access.ResourceConfiguration$ResourcePaths.isFolder (0x00007a503ad07508) [0x00007a503ad07600, 0x00007a503ad076c0] Compiler: c1, Barriers: 0, Oops: 1, ImmediateOops: 0, NonImmediateOops: No
[2,421s][debug][gc,nmethod     ] Register NMethod: java.nio.ByteBuffer.position (0x00007a503ad07808) [0x00007a503ad07900, 0x00007a503ad07a10] Compiler: jvmci, Barriers: 0, Oops: 0, ImmediateOops: 0, NonImmediateOops: No
[2,421s][debug][gc,nmethod     ] Register NMethod: io.sirix.page.delegates.ReferencesPage4.getOffsets (0x00007a503ad07b08) [0x00007a503ad07c00, 0x00007a503ad07ce8] Compiler: c1, Barriers: 1, Oops: 1, ImmediateOops: 0, NonImmediateOops: No
[2,421s][debug][gc,nmethod     ] Register NMethod: sun.nio.ch.UnixFileDispatcherImpl.pwrite0 (0x00007a503ad07e08) [0x00007a503ad07f00, 0x00007a503ad08078] Compiler: , Barriers: 0, Oops: 0, ImmediateOops: 1, NonImmediateOops: No
[2,422s][debug][gc,nmethod     ] Register NMethod: java.util.stream.ReferencePipeline$2$1.accept (0x00007a503ad08108) [0x00007a503ad08200, 0x00007a503ad089c8] Compiler: jvmci, Barriers: 10, Oops: 1, ImmediateOops: 0, NonImmediateOops: No
[2,422s][debug][gc,nmethod     ] Register NMethod: com.github.benmanes.caffeine.cache.SSLSMW.accessOrderProbationDeque (0x00007a503ad08a08) [0x00007a503ad08b00, 0x00007a503ad08bf0] Compiler: c1, Barriers: 1, Oops: 1, ImmediateOops: 0, NonImmediateOops: No
[2,422s][debug][gc,nmethod     ] Register NMethod: com.github.benmanes.caffeine.cache.SSLSMW.setHitsInSample (0x00007a503ad08d08) [0x00007a503ad08e00, 0x00007a503ad08ec0] Compiler: c1, Barriers: 0, Oops: 1, ImmediateOops: 0, NonImmediateOops: No
[2,424s][debug][gc,nmethod     ] Register NMethod: java.lang.System$1.uncheckedDecodeASCII (0x00007a501be0a008) [0x00007a501be0a100, 0x00007a501be0a240] Compiler: c1, Barriers: 0, Oops: 0, ImmediateOops: 0, NonImmediateOops: No
[2,424s][debug][gc,nmethod     ] Register NMethod: java.lang.String.decodeASCII (0x00007a501be0a308) [0x00007a501be0a400, 0x00007a501be0a690] Compiler: c1, Barriers: 0, Oops: 0, ImmediateOops: 0, NonImmediateOops: No
[2,424s][debug][gc,nmethod     ] Register NMethod: sun.nio.cs.UTF_8$Decoder.decodeLoop (0x00007a501be0a708) [0x00007a501be0a800, 0x00007a501be0af88] Compiler: c1, Barriers: 2, Oops: 0, ImmediateOops: 0, NonImmediateOops: No
[2,424s][debug][gc,nmethod     ] Register NMethod: sun.nio.cs.UTF_8$Decoder.xflow (0x00007a501be0b008) [0x00007a501be0b100, 0x00007a501be0bb30] Compiler: c1, Barriers: 0, Oops: 0, ImmediateOops: 2, NonImmediateOops: No
[2,424s][debug][gc,nmethod     ] Register NMethod: com.github.benmanes.caffeine.cache.SSLSMW.setPreviousSampleHitRate (0x00007a503ad09008) [0x00007a503ad09100, 0x00007a503ad091c0] Compiler: c1, Barriers: 0, Oops: 1, ImmediateOops: 0, NonImmediateOops: No
[2,424s][debug][gc,nmethod     ] Register NMethod: com.github.benmanes.caffeine.cache.SSLSMW.mainProtectedMaximum (0x00007a503ad09308) [0x00007a503ad09400, 0x00007a503ad094c0] Compiler: c1, Barriers: 0, Oops: 1, ImmediateOops: 0, NonImmediateOops: No
[2,424s][debug][gc,nmethod     ] Register NMethod: com.github.benmanes.caffeine.cache.SSLSMW.mainProtectedWeightedSize (0x00007a503ad09608) [0x00007a503ad09700, 0x00007a503ad097c0] Compiler: c1, Barriers: 0, Oops: 1, ImmediateOops: 0, NonImmediateOops: No
[2,424s][debug][gc,nmethod     ] Register NMethod: com.github.benmanes.caffeine.cache.SSLSMW.adjustment (0x00007a503ad09908) [0x00007a503ad09a00, 0x00007a503ad09ac0] Compiler: c1, Barriers: 0, Oops: 1, ImmediateOops: 0, NonImmediateOops: No
[2,424s][debug][gc,nmethod     ] Register NMethod: jdk.internal.misc.Unsafe.putLongVolatile (0x00007a503ad09c08) [0x00007a503ad09d00, 0x00007a503ad09e58] Compiler: , Barriers: 0, Oops: 0, ImmediateOops: 0, NonImmediateOops: No
[2,424s][debug][gc,nmethod     ] Register NMethod: java.util.concurrent.ForkJoinTask.getAndBitwiseOrStatus (0x00007a501be0bb88) [0x00007a501be0bc80, 0x00007a501be0c278] Compiler: c1, Barriers: 0, Oops: 1, ImmediateOops: 2, NonImmediateOops: No
[2,424s][debug][gc,nmethod     ] Register NMethod: java.lang.invoke.VarHandleInts$FieldInstanceReadWrite.compareAndSet (0x00007a501be0c288) [0x00007a501be0c380, 0x00007a501be0cdb0] Compiler: c1, Barriers: 1, Oops: 1, ImmediateOops: 0, NonImmediateOops: No
[2,425s][debug][gc,nmethod     ] Register NMethod: jdk.internal.misc.Unsafe.getAndBitwiseOrInt (0x00007a501be0ce08) [0x00007a501be0cf00, 0x00007a501be0d2d8] Compiler: c1, Barriers: 0, Oops: 0, ImmediateOops: 0, NonImmediateOops: No
[2,425s][debug][gc,nmethod     ] Register NMethod: com.github.benmanes.caffeine.cache.PS.getKeyReference (0x00007a501be0d308) [0x00007a501be0d400, 0x00007a501be0e5d8] Compiler: c1, Barriers: 1, Oops: 7, ImmediateOops: 8, NonImmediateOops: No
[2,425s][debug][gc,nmethod     ] Register NMethod: java.util.concurrent.ForkJoinTask.signalWaiters (0x00007a501be0e688) [0x00007a501be0e780, 0x00007a501be0fa40] Compiler: c1, Barriers: 4, Oops: 0, ImmediateOops: 2, NonImmediateOops: No
[2,425s][debug][gc,nmethod     ] Register NMethod: io.sirix.page.PageReference.setDatabaseId (0x00007a503ad09f08) [0x00007a503ad0a000, 0x00007a503ad0a090] Compiler: jvmci, Barriers: 0, Oops: 1, ImmediateOops: 0, NonImmediateOops: No
[2,425s][debug][gc,nmethod     ] Register NMethod: java.nio.charset.CharsetDecoder.decode (0x00007a501be0fa88) [0x00007a501be0fb80, 0x00007a501be13070] Compiler: c1, Barriers: 6, Oops: 0, ImmediateOops: 5, NonImmediateOops: No
[2,425s][debug][gc,nmethod     ] Register NMethod: io.sirix.page.PageReference.setResourceId (0x00007a503ad0a208) [0x00007a503ad0a300, 0x00007a503ad0a390] Compiler: jvmci, Barriers: 0, Oops: 1, ImmediateOops: 0, NonImmediateOops: No
[2,425s][debug][gc,nmethod     ] Register NMethod: java.util.concurrent.ConcurrentHashMap.replaceNode (0x00007a501ba5ff08) [0x00007a501ba60000, 0x00007a501ba62388] Compiler: c1, Barriers: 18, Oops: 0, ImmediateOops: 1, NonImmediateOops: No
[2,425s][debug][gc,nmethod     ] Register NMethod: java.util.concurrent.ConcurrentHashMap.replaceNode (0x00007a501ba5ff08) [0x00007a501ba60000, 0x00007a501ba62388] Compiler: c1, Barriers: 18, Oops: 0, ImmediateOops: 1, NonImmediateOops: No
[2,425s][debug][gc,nmethod     ] Register NMethod: java.util.concurrent.ConcurrentHashMap.replaceNode (0x00007a501ba5ff08) [0x00007a501ba60000, 0x00007a501ba62388] Compiler: c1, Barriers: 18, Oops: 0, ImmediateOops: 1, NonImmediateOops: No
[2,425s][debug][gc,nmethod     ] Register NMethod: java.util.concurrent.ConcurrentHashMap.replaceNode (0x00007a501ba5ff08) [0x00007a501ba60000, 0x00007a501ba62388] Compiler: c1, Barriers: 18, Oops: 0, ImmediateOops: 1, NonImmediateOops: No
[2,425s][debug][gc,nmethod     ] Register NMethod: sun.nio.cs.UTF_8$Decoder.decodeArrayLoop (0x00007a501be13088) [0x00007a501be13180, 0x00007a501be1d070] Compiler: c1, Barriers: 2, Oops: 1, ImmediateOops: 10, NonImmediateOops: No
[2,426s][debug][gc,nmethod     ] Register NMethod: it.unimi.dsi.fastutil.ints.Int2IntOpenHashMap.getOrDefault (0x00007a501be1d088) [0x00007a501be1d180, 0x00007a501be1d6f0] Compiler: c1, Barriers: 4, Oops: 1, ImmediateOops: 0, NonImmediateOops: No
[2,426s][debug][gc,nmethod     ] Register NMethod: io.sirix.index.path.summary.PathNode.getName (0x00007a503ad0a508) [0x00007a503ad0a600, 0x00007a503ad0a6e8] Compiler: c1, Barriers: 1, Oops: 1, ImmediateOops: 0, NonImmediateOops: No
[2,426s][debug][gc,nmethod     ] Register NMethod: io.sirix.axis.AbstractAxis.resetToLastKey (0x00007a501be1d708) [0x00007a501be1d800, 0x00007a501be1ddb8] Compiler: c1, Barriers: 2, Oops: 1, ImmediateOops: 0, NonImmediateOops: No
[2,426s][debug][gc,nmethod     ] Register NMethod: io.sirix.node.json.ArrayNode.getNodeKey (0x00007a503ad0a808) [0x00007a503ad0a900, 0x00007a503ad0a9c0] Compiler: c1, Barriers: 0, Oops: 1, ImmediateOops: 0, NonImmediateOops: No
[2,426s][debug][gc,nmethod     ] Register NMethod: io.sirix.node.json.ObjectStringNode.getNodeKey (0x00007a503ad0ab08) [0x00007a503ad0ac00, 0x00007a503ad0acc0] Compiler: c1, Barriers: 0, Oops: 1, ImmediateOops: 0, NonImmediateOops: No
[2,427s][debug][gc,nmethod     ] Register NMethod: io.brackit.query.atomic.QNm.getPrefix (0x00007a503ad0ae08) [0x00007a503ad0af00, 0x00007a503ad0afe8] Compiler: c1, Barriers: 1, Oops: 1, ImmediateOops: 0, NonImmediateOops: No
[2,427s][debug][gc,nmethod     ] Register NMethod: it.unimi.dsi.fastutil.longs.LongArrayList.isEmpty (0x00007a501be1de08) [0x00007a501be1df00, 0x00007a501be1e050] Compiler: c1, Barriers: 0, Oops: 1, ImmediateOops: 0, NonImmediateOops: No
[2,427s][debug][gc,director    ] Rule Major: Warmup 10%, Used: 362MB, UsedThreshold: 1228MB
[2,427s][debug][gc,nmethod     ] Register NMethod: io.sirix.access.trx.page.NodePageTrx.getRevisionNumber (0x00007a501be1e108) [0x00007a501be1e200, 0x00007a501be1e880] Compiler: c1, Barriers: 2, Oops: 1, ImmediateOops: 1, NonImmediateOops: No
[2,427s][debug][gc,nmethod     ] Register NMethod: com.google.gson.stream.JsonReader.peek (0x00007a501be1e908) [0x00007a501be1ea00, 0x00007a501be1ef98] Compiler: c1, Barriers: 0, Oops: 1, ImmediateOops: 10, NonImmediateOops: No
[2,427s][debug][gc,nmethod     ] Register NMethod: io.sirix.access.trx.node.json.ForwardingJsonNodeReadOnlyTrx.getNodeKey (0x00007a501be1f008) [0x00007a501be1f100, 0x00007a501be1f6f8] Compiler: c1, Barriers: 1, Oops: 1, ImmediateOops: 0, NonImmediateOops: No
[2,427s][debug][gc,nmethod     ] Register NMethod: io.sirix.axis.AbstractAxis.tryToComputeNext (0x00007a501be1f708) [0x00007a501be1f800, 0x00007a501be1ff30] Compiler: c1, Barriers: 10, Oops: 1, ImmediateOops: 5, NonImmediateOops: No
[2,427s][debug][gc,nmethod     ] Register NMethod: io.sirix.access.trx.node.AbstractNodeReadOnlyTrx.hasRightSibling (0x00007a501be1ff88) [0x00007a501be20080, 0x00007a501be208a0] Compiler: c1, Barriers: 0, Oops: 1, ImmediateOops: 1, NonImmediateOops: No
[2,427s][debug][gc,nmethod     ] Register NMethod: io.sirix.node.RevisionReferencesNode.getNodeKey (0x00007a503ad0b108) [0x00007a503ad0b200, 0x00007a503ad0b2c0] Compiler: c1, Barriers: 0, Oops: 1, ImmediateOops: 0, NonImmediateOops: No
[2,427s][debug][gc,nmethod     ] Register NMethod: io.sirix.node.delegates.NameNodeDelegate.getLocalNameKey (0x00007a503ad0b408) [0x00007a503ad0b500, 0x00007a503ad0b5c0] Compiler: c1, Barriers: 0, Oops: 1, ImmediateOops: 0, NonImmediateOops: No
[2,428s][debug][gc,nmethod     ] Register NMethod: jdk.internal.misc.Unsafe.putLongUnaligned (0x00007a503ad0b708) [0x00007a503ad0b800, 0x00007a503ad0b8c0] Compiler: jvmci, Barriers: 0, Oops: 0, ImmediateOops: 0, NonImmediateOops: No
[2,428s][debug][gc,nmethod     ] Register NMethod: io.sirix.node.json.ObjectKeyNode.getFirstChildKey (0x00007a501be20908) [0x00007a501be20a00, 0x00007a501be259f0] Compiler: c1, Barriers: 19, Oops: 7, ImmediateOops: 11, NonImmediateOops: No
[2,430s][debug][gc,nmethod     ] Register NMethod: java.lang.invoke.DirectMethodHandle$Holder.newInvokeSpecial (0x00007a503ad0ba08) [0x00007a503ad0bb00, 0x00007a503ad0bec0] Compiler: jvmci, Barriers: 3, Oops: 0, ImmediateOops: 1, NonImmediateOops: No
[2,430s][debug][gc,nmethod     ] Register NMethod: java.io.OutputStream.flush (0x00007a503ad0bf08) [0x00007a503ad0c000, 0x00007a503ad0c080] Compiler: jvmci, Barriers: 0, Oops: 0, ImmediateOops: 0, NonImmediateOops: No
[2,431s][debug][gc,nmethod     ] Register NMethod: jdk.internal.foreign.Utils$BaseAndScale$$TypeSwitch/0x000000005d2257f0.typeSwitch (0x00007a503ad0c208) [0x00007a503ad0c300, 0x00007a503ad0c3f8] Compiler: jvmci, Barriers: 0, Oops: 0, ImmediateOops: 0, NonImmediateOops: No
[2,432s][debug][gc,nmethod     ] Register NMethod: java.lang.invoke.VarHandleGuards.guard_LJ_J (0x00007a503ad0c508) [0x00007a503ad0c600, 0x00007a503ad0ce90] Compiler: jvmci, Barriers: 26, Oops: 0, ImmediateOops: 5, NonImmediateOops: No
[2,433s][debug][gc,nmethod     ] Register NMethod: com.google.gson.stream.JsonReader.nextQuotedValue (0x00007a503ad0cf08) [0x00007a503ad0d000, 0x00007a503ad0d6d8] Compiler: jvmci, Barriers: 3, Oops: 2, ImmediateOops: 0, NonImmediateOops: No
[2,433s][debug][gc,nmethod     ] Register NMethod: sun.nio.fs.UnixPath.normalizeAndCheck (0x00007a503ad0d708) [0x00007a503ad0d800, 0x00007a503ad0dfb8] Compiler: jvmci, Barriers: 1, Oops: 0, ImmediateOops: 0, NonImmediateOops: No
[2,434s][debug][gc,nmethod     ] Register NMethod: com.github.benmanes.caffeine.cache.UnboundedLocalCache.statsTicker (0x00007a503ad0e008) [0x00007a503ad0e100, 0x00007a503ad0e1e8] Compiler: c1, Barriers: 1, Oops: 1, ImmediateOops: 0, NonImmediateOops: No
[2,434s][debug][gc,nmethod     ] Register NMethod: java.util.concurrent.ForkJoinPool.poolSubmit (0x00007a501be25a88) [0x00007a501be25b80, 0x00007a501be26610] Compiler: c1, Barriers: 4, Oops: 1, ImmediateOops: 2, NonImmediateOops: No
[2,434s][debug][gc,nmethod     ] Register NMethod: java.util.concurrent.ForkJoinPool.execute (0x00007a501be26688) [0x00007a501be26780, 0x00007a501be272b8] Compiler: c1, Barriers: 3, Oops: 0, ImmediateOops: 0, NonImmediateOops: No
[2,435s][debug][gc,nmethod     ] Register NMethod: java.lang.invoke.VarHandleGuards.guard_LI_V (0x00007a501be27308) [0x00007a501be27400, 0x00007a501be2bfa8] Compiler: c1, Barriers: 46, Oops: 1, ImmediateOops: 6, NonImmediateOops: No
[2,435s][debug][gc,nmethod     ] Register NMethod: java.util.concurrent.ConcurrentHashMap.compute (0x00007a501be2c008) [0x00007a501be2c100, 0x00007a501be2fa68] Compiler: c1, Barriers: 33, Oops: 0, ImmediateOops: 2, NonImmediateOops: No
[2,436s][debug][gc,nmethod     ] Register NMethod: io.sirix.page.KeyValueLeafPage.setSlot (0x00007a501be2fa88) [0x00007a501be2fb80, 0x00007a501be2fd28] Compiler: c1, Barriers: 2, Oops: 1, ImmediateOops: 0, NonImmediateOops: No
[2,436s][debug][gc,nmethod     ] Register NMethod: java.util.BitSet.nextSetBit (0x00007a501be2fd88) [0x00007a501be2fe80, 0x00007a501be30e70] Compiler: c1, Barriers: 1, Oops: 1, ImmediateOops: 2, NonImmediateOops: No
[2,436s][debug][gc,nmethod     ] Register NMethod: it.unimi.dsi.fastutil.ints.Int2ObjectOpenHashMap.get (0x00007a501be30e88) [0x00007a501be30f80, 0x00007a501be315f0] Compiler: c1, Barriers: 10, Oops: 1, ImmediateOops: 0, NonImmediateOops: No
[2,436s][debug][gc,nmethod     ] Register NMethod: java.lang.invoke.MethodHandle.invokeBasic (0x00007a503ad0e308) [0x00007a503ad0e400, 0x00007a503ad0e698] Compiler: , Barriers: 0, Oops: 0, ImmediateOops: 0, NonImmediateOops: No
[2,436s][debug][gc,nmethod     ] Register NMethod: java.lang.invoke.MethodHandle.linkToSpecial (0x00007a503ad0e708) [0x00007a503ad0e800, 0x00007a503ad0e8f8] Compiler: , Barriers: 0, Oops: 0, ImmediateOops: 0, NonImmediateOops: No
[2,437s][debug][gc,director    ] Rule Major: Warmup 10%, Used: 364MB, UsedThreshold: 1228MB
[2,437s][debug][gc,nmethod     ] Register NMethod: io.sirix.access.trx.page.NodePageReadOnlyTrx.unpinRecordPage (0x00007a503ad0ea08) [0x00007a503ad0eb00, 0x00007a503ad0eb80] Compiler: jvmci, Barriers: 0, Oops: 1, ImmediateOops: 0, NonImmediateOops: No
[2,437s][debug][gc,nmethod     ] Register NMethod: java.lang.Character.digit (0x00007a501be31608) [0x00007a501be31700, 0x00007a501be31a88] Compiler: c1, Barriers: 0, Oops: 0, ImmediateOops: 0, NonImmediateOops: No
[2,437s][debug][gc,nmethod     ] Register NMethod: java.lang.Character.digit (0x00007a501be31b08) [0x00007a501be31c00, 0x00007a501be31f30] Compiler: c1, Barriers: 0, Oops: 0, ImmediateOops: 0, NonImmediateOops: No
[2,438s][debug][gc,nmethod     ] Register NMethod: java.lang.CharacterDataLatin1.digit (0x00007a501be31f88) [0x00007a501be32080, 0x00007a501be32298] Compiler: c1, Barriers: 0, Oops: 0, ImmediateOops: 1, NonImmediateOops: No
[2,438s][debug][gc,nmethod     ] Register NMethod: com.sun.org.apache.xerces.internal.xni.QName.clear (0x00007a501be32308) [0x00007a501be32400, 0x00007a501be32700] Compiler: c1, Barriers: 12, Oops: 0, ImmediateOops: 0, NonImmediateOops: No
[2,438s][debug][gc,nmethod     ] Register NMethod: java.lang.Enum.compareTo (0x00007a501be32708) [0x00007a501be32800, 0x00007a501be33b20] Compiler: c1, Barriers: 4, Oops: 0, ImmediateOops: 2, NonImmediateOops: No
[2,438s][debug][gc,nmethod     ] Register NMethod: com.sun.org.apache.xerces.internal.xni.QName.<init> (0x00007a501be33b88) [0x00007a501be33c80, 0x00007a501be34048] Compiler: c1, Barriers: 12, Oops: 0, ImmediateOops: 0, NonImmediateOops: No
[2,438s][debug][gc,nmethod     ] Register NMethod: jdk.xml.internal.XMLSecurityPropertyManager$Property.equalsName (0x00007a501be34088) [0x00007a501be34180, 0x00007a501be347b0] Compiler: c1, Barriers: 2, Oops: 0, ImmediateOops: 0, NonImmediateOops: No
[2,438s][debug][gc,nmethod     ] Register NMethod: java.util.concurrent.ConcurrentHashMap.replaceNode (0x00007a501be34808) [0x00007a501be34900, 0x00007a501be36ef0] Compiler: c1, Barriers: 18, Oops: 0, ImmediateOops: 1, NonImmediateOops: No
[2,438s][debug][gc,nmethod     ] Register NMethod: com.google.gson.stream.JsonWriter.beforeValue (0x00007a501be36f08) [0x00007a501be37000, 0x00007a501be37cd8] Compiler: c1, Barriers: 5, Oops: 1, ImmediateOops: 3, NonImmediateOops: No
[2,438s][debug][gc,nmethod     ] Register NMethod: java.io.FileInputStream.read (0x00007a501be37d08) [0x00007a501be37e00, 0x00007a501be38058] Compiler: c1, Barriers: 0, Oops: 0, ImmediateOops: 1, NonImmediateOops: No
[2,439s][debug][gc,nmethod     ] Register NMethod: io.sirix.page.UberPage.isBootstrap (0x00007a503ad0ed08) [0x00007a503ad0ee00, 0x00007a503ad0eec0] Compiler: c1, Barriers: 0, Oops: 1, ImmediateOops: 0, NonImmediateOops: No
[2,439s][debug][gc,nmethod     ] Register NMethod: io.sirix.access.trx.page.NodePageTrx$IndexLogKeyToPageContainer.<init> (0x00007a501be38088) [0x00007a501be38180, 0x00007a501be38430] Compiler: c1, Barriers: 6, Oops: 1, ImmediateOops: 0, NonImmediateOops: No
[2,439s][debug][gc,nmethod     ] Register NMethod: java.nio.Buffer.nextPutIndex (0x00007a501be38488) [0x00007a501be38580, 0x00007a501be38740] Compiler: c1, Barriers: 0, Oops: 0, ImmediateOops: 0, NonImmediateOops: No
[2,439s][debug][gc,nmethod     ] Register NMethod: java.util.stream.SpinedBuffer.<init> (0x00007a501be38788) [0x00007a501be38880, 0x00007a501be38b48] Compiler: c1, Barriers: 3, Oops: 0, ImmediateOops: 0, NonImmediateOops: No
[2,439s][debug][gc,nmethod     ] Register NMethod: java.util.stream.ReferencePipeline.makeNodeBuilder (0x00007a501be38b88) [0x00007a501be38c80, 0x00007a501be38db8] Compiler: c1, Barriers: 0, Oops: 0, ImmediateOops: 0, NonImmediateOops: No
[2,439s][debug][gc,nmethod     ] Register NMethod: java.util.stream.AbstractSpinedBuffer.<init> (0x00007a501be38e88) [0x00007a501be38f80, 0x00007a501be390e0] Compiler: c1, Barriers: 0, Oops: 0, ImmediateOops: 0, NonImmediateOops: No
[2,439s][debug][gc,nmethod     ] Register NMethod: java.util.stream.Nodes.builder (0x00007a501be39188) [0x00007a501be39280, 0x00007a501be39858] Compiler: c1, Barriers: 3, Oops: 0, ImmediateOops: 0, NonImmediateOops: No
[2,439s][debug][gc,nmethod     ] Register NMethod: java.nio.HeapByteBuffer.put (0x00007a501be39888) [0x00007a501be39980, 0x00007a501be39e38] Compiler: c1, Barriers: 1, Oops: 0, ImmediateOops: 0, NonImmediateOops: No
[2,443s][debug][gc,nmethod     ] Register NMethod: sun.nio.fs.UnixPath.hashCode (0x00007a501be39e88) [0x00007a501be39f80, 0x00007a501be3a140] Compiler: c1, Barriers: 1, Oops: 0, ImmediateOops: 0, NonImmediateOops: No
[2,444s][debug][gc,nmethod     ] Register NMethod: java.lang.StringConcatHelper.newArrayWithSuffix (0x00007a503ad0f008) [0x00007a503ad0f100, 0x00007a503ad0f508] Compiler: jvmci, Barriers: 1, Oops: 0, ImmediateOops: 0, NonImmediateOops: No
[2,444s][debug][gc,nmethod     ] Register NMethod: com.github.benmanes.caffeine.cache.BoundedLocalCache.skipReadBuffer (0x00007a501be3a188) [0x00007a501be3a280, 0x00007a501be3aa98] Compiler: c1, Barriers: 1, Oops: 1, ImmediateOops: 0, NonImmediateOops: No
[2,444s][debug][gc,nmethod     ] Register NMethod: jdk.internal.misc.Unsafe.putIntRelease (0x00007a501be3ab08) [0x00007a501be3ac00, 0x00007a501be3ad08] Compiler: c1, Barriers: 0, Oops: 0, ImmediateOops: 0, NonImmediateOops: No
[2,444s][debug][gc,nmethod     ] Register NMethod: java.util.concurrent.ForkJoinTask$InterruptibleTask.postExec (0x00007a503ad0f588) [0x00007a503ad0f680, 0x00007a503ad0f740] Compiler: c1, Barriers: 0, Oops: 0, ImmediateOops: 0, NonImmediateOops: No
[2,445s][debug][gc,nmethod     ] Register NMethod: java.lang.invoke.VarHandleInts$FieldInstanceReadWrite.setRelease (0x00007a501be3ae08) [0x00007a501be3af00, 0x00007a501be3bb00] Compiler: c1, Barriers: 1, Oops: 1, ImmediateOops: 1, NonImmediateOops: No
[2,445s][debug][gc,nmethod     ] Register NMethod: java.util.concurrent.atomic.Striped64.casBase (0x00007a501be3bb88) [0x00007a501be3bc80, 0x00007a501be3caf0] Compiler: c1, Barriers: 0, Oops: 5, ImmediateOops: 6, NonImmediateOops: No
[2,445s][debug][gc,nmethod     ] Register NMethod: com.github.benmanes.caffeine.cache.BLCHeader$DrainStatusRef.setDrainStatusRelease (0x00007a501be3cb88) [0x00007a501be3cc80, 0x00007a501be3dae0] Compiler: c1, Barriers: 0, Oops: 6, ImmediateOops: 6, NonImmediateOops: No
[2,445s][debug][gc,nmethod     ] Register NMethod: java.lang.invoke.VarHandleLongs$FieldInstanceReadWrite.weakCompareAndSetRelease (0x00007a501be3db88) [0x00007a501be3dc80, 0x00007a501be3e8a8] Compiler: c1, Barriers: 1, Oops: 1, ImmediateOops: 1, NonImmediateOops: No
[2,445s][debug][gc,nmethod     ] Register NMethod: java.util.concurrent.atomic.LongAdder.add (0x00007a501be3e908) [0x00007a501be3ea00, 0x00007a501be3f378] Compiler: c1, Barriers: 3, Oops: 1, ImmediateOops: 2, NonImmediateOops: No
[2,445s][debug][gc,nmethod     ] Register NMethod: jdk.internal.misc.Unsafe.weakCompareAndSetLongRelease (0x00007a501be3f388) [0x00007a501be3f480, 0x00007a501be3f5a0] Compiler: c1, Barriers: 0, Oops: 0, ImmediateOops: 0, NonImmediateOops: No
[2,445s][debug][gc,nmethod     ] Register NMethod: io.sirix.access.trx.page.NodePageReadOnlyTrx.getMostRecentPage (0x00007a501be3f688) [0x00007a501be3f780, 0x00007a501be40098] Compiler: c1, Barriers: 11, Oops: 1, ImmediateOops: 1, NonImmediateOops: No
[2,445s][debug][gc,nmethod     ] Register NMethod: io.sirix.cache.ShardedPageCache.get (0x00007a501be40108) [0x00007a501be40200, 0x00007a501be40c00] Compiler: c1, Barriers: 1, Oops: 1, ImmediateOops: 0, NonImmediateOops: No
[2,445s][debug][gc,nmethod     ] Register NMethod: io.sirix.cache.ShardedPageCache.get (0x00007a501be40c88) [0x00007a501be40d80, 0x00007a501be41368] Compiler: c1, Barriers: 1, Oops: 1, ImmediateOops: 0, NonImmediateOops: No
[2,446s][debug][gc,nmethod     ] Register NMethod: io.sirix.page.KeyValueLeafPage.getDeweyIdAsByteArray (0x00007a501be41388) [0x00007a501be41480, 0x00007a501be41a08] Compiler: c1, Barriers: 0, Oops: 1, ImmediateOops: 1, NonImmediateOops: No
[2,446s][debug][gc,nmethod     ] Register NMethod: io.sirix.node.NodeSerializerImpl.deserialize (0x00007a501be41a88) [0x00007a501be41b80, 0x00007a501be41fe8] Compiler: c1, Barriers: 1, Oops: 1, ImmediateOops: 1, NonImmediateOops: No
[2,446s][debug][gc,nmethod     ] Register NMethod: io.sirix.settings.VersioningType$4.combineRecordPages (0x00007a501be42008) [0x00007a501be42100, 0x00007a501be46c60] Compiler: c1, Barriers: 8, Oops: 1, ImmediateOops: 0, NonImmediateOops: No
[2,447s][debug][gc,director    ] Rule Major: Warmup 10%, Used: 370MB, UsedThreshold: 1228MB
[2,447s][debug][gc,nmethod     ] Register NMethod: com.sun.org.apache.xerces.internal.util.XMLChar.isContent (0x00007a501be46c88) [0x00007a501be46d80, 0x00007a501be46f68] Compiler: c1, Barriers: 0, Oops: 0, ImmediateOops: 1, NonImmediateOops: No
[2,447s][debug][gc,nmethod     ] Register NMethod: io.sirix.node.xml.ElementNode.getKind (0x00007a501be46f88) [0x00007a501be47080, 0x00007a501be47188] Compiler: c1, Barriers: 0, Oops: 1, ImmediateOops: 1, NonImmediateOops: No
[2,448s][debug][gc,nmethod     ] Register NMethod: com.sun.xml.internal.stream.events.DummyEvent.getEventType (0x00007a503ad0f888) [0x00007a503ad0f980, 0x00007a503ad0fa40] Compiler: c1, Barriers: 0, Oops: 0, ImmediateOops: 0, NonImmediateOops: No
[2,448s][debug][gc,nmethod     ] Register NMethod: jdk.xml.internal.XMLSecurityManager.getIndex (0x00007a501be47288) [0x00007a501be47380, 0x00007a501be48588] Compiler: c1, Barriers: 3, Oops: 0, ImmediateOops: 2, NonImmediateOops: No
[2,448s][debug][gc,nmethod     ] Register NMethod: com.sun.org.apache.xerces.internal.impl.XMLStreamReaderImpl.hasNext (0x00007a501be48608) [0x00007a501be48700, 0x00007a501be488a8] Compiler: c1, Barriers: 0, Oops: 0, ImmediateOops: 0, NonImmediateOops: No
[2,448s][debug][gc,nmethod     ] Register NMethod: io.sirix.axis.AbstractAxis.getStartKey (0x00007a503ad0fb88) [0x00007a503ad0fc80, 0x00007a503ad0fd40] Compiler: c1, Barriers: 0, Oops: 1, ImmediateOops: 0, NonImmediateOops: No
[2,448s][debug][gc,nmethod     ] Register NMethod: io.sirix.node.xml.TextNode.getNodeKey (0x00007a503ad0fe88) [0x00007a503ad0ff80, 0x00007a503ad10040] Compiler: c1, Barriers: 0, Oops: 1, ImmediateOops: 0, NonImmediateOops: No
[2,449s][debug][gc,nmethod     ] Register NMethod: io.sirix.node.delegates.NameNodeDelegate.getURIKey (0x00007a503ad10188) [0x00007a503ad10280, 0x00007a503ad10340] Compiler: c1, Barriers: 0, Oops: 1, ImmediateOops: 0, NonImmediateOops: No
[2,449s][debug][gc,nmethod     ] Register NMethod: java.util.concurrent.CountedCompleter.propagateCompletion (0x00007a501be48908) [0x00007a501be48a00, 0x00007a501be491c8] Compiler: c1, Barriers: 1, Oops: 0, ImmediateOops: 0, NonImmediateOops: No
[2,450s][debug][gc,nmethod     ] Register NMethod: sun.nio.fs.UnixFileAttributes.<init> (0x00007a501be49208) [0x00007a501be49300, 0x00007a501be49458] Compiler: c1, Barriers: 0, Oops: 0, ImmediateOops: 0, NonImmediateOops: No
[2,451s][debug][gc,nmethod     ] Register NMethod: java.lang.invoke.VarHandleSegmentAsLongs.get (0x00007a503ad10488) [0x00007a503ad10580, 0x00007a503ad10be8] Compiler: jvmci, Barriers: 4, Oops: 0, ImmediateOops: 0, NonImmediateOops: No
[2,452s][debug][gc,nmethod     ] Register NMethod: com.github.benmanes.caffeine.cache.SSLSMW.setWindowWeightedSize (0x00007a503ad10c08) [0x00007a503ad10d00, 0x00007a503ad10dc0] Compiler: c1, Barriers: 0, Oops: 1, ImmediateOops: 0, NonImmediateOops: No
[2,452s][debug][gc,nmethod     ] Register NMethod: com.github.benmanes.caffeine.cache.BaseMpscLinkedArrayQueue.lvProducerLimit (0x00007a503ad10f08) [0x00007a503ad11000, 0x00007a503ad110c8] Compiler: c1, Barriers: 0, Oops: 1, ImmediateOops: 0, NonImmediateOops: No
[2,452s][debug][gc,nmethod     ] Register NMethod: com.github.benmanes.caffeine.cache.SSLSMW.setWeightedSize (0x00007a503ad11208) [0x00007a503ad11300, 0x00007a503ad113c0] Compiler: c1, Barriers: 0, Oops: 1, ImmediateOops: 0, NonImmediateOops: No
[2,452s][debug][gc,nmethod     ] Register NMethod: io.sirix.page.PageUtils.fixupPageReferenceIds (0x00007a501be49508) [0x00007a501be49600, 0x00007a501be4a6e8] Compiler: c1, Barriers: 0, Oops: 1, ImmediateOops: 0, NonImmediateOops: No
[2,452s][debug][gc,nmethod     ] Register NMethod: jdk.internal.vm.Continuation.pin (0x00007a503ad11508) [0x00007a503ad11600, 0x00007a503ad11748] Compiler: , Barriers: 0, Oops: 0, ImmediateOops: 1, NonImmediateOops: No
[2,452s][debug][gc,nmethod     ] Register NMethod: jdk.internal.vm.Continuation.unpin (0x00007a503ad11808) [0x00007a503ad11900, 0x00007a503ad11a48] Compiler: , Barriers: 0, Oops: 0, ImmediateOops: 1, NonImmediateOops: No
[2,452s][debug][gc,nmethod     ] Register NMethod: com.github.benmanes.caffeine.cache.BLCHeader$DrainStatusRef.casDrainStatus (0x00007a501be4a708) [0x00007a501be4a800, 0x00007a501be4b450] Compiler: c1, Barriers: 0, Oops: 6, ImmediateOops: 5, NonImmediateOops: No
[2,453s][debug][gc,nmethod     ] Register NMethod: io.sirix.settings.VersioningType$4.combineRecordPages (0x00007a501be4b488) [0x00007a501be4b580, 0x00007a501be4fe10] Compiler: c1, Barriers: 8, Oops: 1, ImmediateOops: 0, NonImmediateOops: No
[2,453s][debug][gc,nmethod     ] Register NMethod: io.sirix.page.PageFragmentKeyImpl.key (0x00007a503ad11b08) [0x00007a503ad11c00, 0x00007a503ad11cc0] Compiler: c1, Barriers: 0, Oops: 1, ImmediateOops: 0, NonImmediateOops: No
[2,454s][debug][gc,nmethod     ] Register NMethod: io.sirix.node.GrowingMemorySegment.writeByte (0x00007a503ad11e08) [0x00007a503ad11f00, 0x00007a503ad12328] Compiler: jvmci, Barriers: 6, Oops: 1, ImmediateOops: 0, NonImmediateOops: No
[2,454s][debug][gc,nmethod     ] Register NMethod: io.sirix.access.trx.page.NodePageReadOnlyTrx.getDataRecord (0x00007a501be4fe88) [0x00007a501be4ff80, 0x00007a501be50d88] Compiler: c1, Barriers: 6, Oops: 1, ImmediateOops: 1, NonImmediateOops: No
[2,454s][debug][gc,nmethod     ] Register NMethod: com.github.benmanes.caffeine.cache.SSLS.isRecordingStats (0x00007a503ad12388) [0x00007a503ad12480, 0x00007a503ad12540] Compiler: c1, Barriers: 0, Oops: 1, ImmediateOops: 0, NonImmediateOops: No
[2,454s][debug][gc,nmethod     ] Register NMethod: io.sirix.page.DeserializedReferencesPage4Tuple.references (0x00007a503ad12688) [0x00007a503ad12780, 0x00007a503ad12868] Compiler: c1, Barriers: 1, Oops: 1, ImmediateOops: 0, NonImmediateOops: No
[2,455s][debug][gc,nmethod     ] Register NMethod: java.util.concurrent.ConcurrentHashMap.addCount (0x00007a501be50e08) [0x00007a501be50f00, 0x00007a501be51c48] Compiler: c1, Barriers: 5, Oops: 1, ImmediateOops: 1, NonImmediateOops: No
[2,455s][debug][gc,nmethod     ] Register NMethod: io.sirix.page.DeserializedReferencesPage4Tuple.offsets (0x00007a503ad12988) [0x00007a503ad12a80, 0x00007a503ad12b68] Compiler: c1, Barriers: 1, Oops: 1, ImmediateOops: 0, NonImmediateOops: No
[2,455s][debug][gc,nmethod     ] Register NMethod: com.github.benmanes.caffeine.cache.SystemTicker.read (0x00007a501be51c88) [0x00007a501be51d80, 0x00007a501be51ea0] Compiler: c1, Barriers: 0, Oops: 1, ImmediateOops: 0, NonImmediateOops: No
[2,455s][debug][gc,nmethod     ] Register NMethod: com.github.benmanes.caffeine.cache.Ticker.systemTicker (0x00007a501be51f88) [0x00007a501be52080, 0x00007a501be52168] Compiler: c1, Barriers: 0, Oops: 1, ImmediateOops: 1, NonImmediateOops: No
[2,455s][debug][gc,nmethod     ] Register NMethod: com.github.benmanes.caffeine.cache.SSLS.statsTicker (0x00007a501be52288) [0x00007a501be52380, 0x00007a501be524e0] Compiler: c1, Barriers: 0, Oops: 1, ImmediateOops: 1, NonImmediateOops: No
[2,455s][debug][gc,nmethod     ] Register NMethod: com.github.benmanes.caffeine.cache.SSLS.statsCounter (0x00007a503ad12c88) [0x00007a503ad12d80, 0x00007a503ad12e70] Compiler: c1, Barriers: 1, Oops: 1, ImmediateOops: 0, NonImmediateOops: No
[2,455s][debug][gc,nmethod     ] Register NMethod: io.sirix.index.path.summary.PathNode.getPathKind (0x00007a503ad12f88) [0x00007a503ad13080, 0x00007a503ad13168] Compiler: c1, Barriers: 1, Oops: 1, ImmediateOops: 0, NonImmediateOops: No
[2,455s][debug][gc,nmethod     ] Register NMethod: io.sirix.node.delegates.NameNodeDelegate.getPrefixKey (0x00007a503ad13288) [0x00007a503ad13380, 0x00007a503ad13440] Compiler: c1, Barriers: 0, Oops: 1, ImmediateOops: 0, NonImmediateOops: No
[2,455s][debug][gc,nmethod     ] Register NMethod: io.sirix.access.trx.page.NodePageReadOnlyTrx.isMostRecentlyReadPathSummaryPage (0x00007a501be52588) [0x00007a501be52680, 0x00007a501be52e18] Compiler: c1, Barriers: 1, Oops: 1, ImmediateOops: 0, NonImmediateOops: No
[2,455s][debug][gc,nmethod     ] Register NMethod: io.sirix.access.trx.page.NodePageTrx.getActualRevisionRootPage (0x00007a501be52e88) [0x00007a501be52f80, 0x00007a501be53428] Compiler: c1, Barriers: 2, Oops: 1, ImmediateOops: 1, NonImmediateOops: No
[2,457s][debug][gc,director    ] Rule Major: Warmup 10%, Used: 374MB, UsedThreshold: 1228MB
[2,458s][debug][gc,nmethod     ] Register NMethod: com.github.benmanes.caffeine.cache.PSMW.getPreviousInAccessOrder (0x00007a503ad13588) [0x00007a503ad13680, 0x00007a503ad13768] Compiler: c1, Barriers: 1, Oops: 1, ImmediateOops: 0, NonImmediateOops: No
[2,458s][debug][gc,nmethod     ] Register NMethod: com.github.benmanes.caffeine.cache.PSMW.getQueueType (0x00007a503ad13888) [0x00007a503ad13980, 0x00007a503ad13a40] Compiler: c1, Barriers: 0, Oops: 1, ImmediateOops: 0, NonImmediateOops: No
[2,458s][debug][gc,nmethod     ] Register NMethod: java.util.concurrent.ConcurrentHashMap$Traverser.advance (0x00007a503ad13b88) [0x00007a503ad13c80, 0x00007a503ad14040] Compiler: jvmci, Barriers: 10, Oops: 0, ImmediateOops: 0, NonImmediateOops: No
[2,458s][debug][gc,nmethod     ] Register NMethod: jdk.internal.misc.Unsafe.putReferenceOpaque (0x00007a503ad14088) [0x00007a503ad14180, 0x00007a503ad14270] Compiler: jvmci, Barriers: 3, Oops: 0, ImmediateOops: 0, NonImmediateOops: No
[2,460s][debug][gc,nmethod     ] Register NMethod: java.lang.StringConcatHelper.stringSize (0x00007a501be53488) [0x00007a501be53580, 0x00007a501be537e8] Compiler: c1, Barriers: 0, Oops: 0, ImmediateOops: 1, NonImmediateOops: No
[2,460s][debug][gc,nmethod     ] Register NMethod: java.lang.StringConcatHelper.prepend (0x00007a501be53808) [0x00007a501be53900, 0x00007a501be54828] Compiler: c1, Barriers: 2, Oops: 0, ImmediateOops: 0, NonImmediateOops: No
[2,460s][debug][gc,nmethod     ] Register NMethod: it.unimi.dsi.fastutil.ints.Int2IntOpenHashMap.get (0x00007a501be54888) [0x00007a501be54980, 0x00007a501be54ee0] Compiler: c1, Barriers: 4, Oops: 1, ImmediateOops: 0, NonImmediateOops: No
[2,461s][debug][gc,nmethod     ] Register NMethod: jdk.internal.foreign.Utils$BaseAndScale.of (0x00007a503ad14388) [0x00007a503ad14480, 0x00007a503ad14548] Compiler: jvmci, Barriers: 0, Oops: 0, ImmediateOops: 1, NonImmediateOops: No
[2,461s][debug][gc,nmethod     ] Register NMethod: io.sirix.node.Utils.getVarLong (0x00007a501be54f08) [0x00007a501be55000, 0x00007a501be55160] Compiler: c1, Barriers: 0, Oops: 1, ImmediateOops: 0, NonImmediateOops: No
[2,461s][debug][gc,nmethod     ] Register NMethod: io.sirix.node.MemorySegmentBytesIn.readStopBit (0x00007a501be55208) [0x00007a501be55300, 0x00007a501be55530] Compiler: c1, Barriers: 0, Oops: 1, ImmediateOops: 0, NonImmediateOops: No
[2,461s][debug][gc,nmethod     ] Register NMethod: java.util.ArrayDeque.pop (0x00007a501be55588) [0x00007a501be55680, 0x00007a501be55920] Compiler: c1, Barriers: 0, Oops: 0, ImmediateOops: 0, NonImmediateOops: No
[2,462s][debug][gc,nmethod     ] Register NMethod: io.sirix.index.name.Names.getName (0x00007a501be55988) [0x00007a501be55a80, 0x00007a501be560c0] Compiler: c1, Barriers: 1, Oops: 1, ImmediateOops: 1, NonImmediateOops: No
[2,462s][debug][gc,nmethod     ] Register NMethod: io.sirix.access.trx.page.AbstractForwardingPageReadOnlyTrx.getNamePage (0x00007a501be56108) [0x00007a501be56200, 0x00007a501be572a8] Compiler: c1, Barriers: 5, Oops: 1, ImmediateOops: 1, NonImmediateOops: No
[2,462s][debug][gc,nmethod     ] Register NMethod: io.sirix.page.NamePage.getName (0x00007a501be57308) [0x00007a501be57400, 0x00007a501be58a70] Compiler: c1, Barriers: 25, Oops: 1, ImmediateOops: 4, NonImmediateOops: No
[2,462s][debug][gc,nmethod     ] Register NMethod: io.sirix.settings.VersioningType$4.combineRecordPagesForModification (0x00007a501be58a88) [0x00007a501be58b80, 0x00007a501be62150] Compiler: c1, Barriers: 27, Oops: 1, ImmediateOops: 0, NonImmediateOops: No
[2,463s][debug][gc,nmethod     ] Register NMethod: java.util.BitSet.recalculateWordsInUse (0x00007a503ad14688) [0x00007a503ad14780, 0x00007a503ad14908] Compiler: jvmci, Barriers: 1, Oops: 0, ImmediateOops: 0, NonImmediateOops: No
[2,465s][debug][gc,nmethod     ] Register NMethod: java.lang.Class.getClassLoader0 (0x00007a503ad14988) [0x00007a503ad14a80, 0x00007a503ad14b68] Compiler: c1, Barriers: 1, Oops: 0, ImmediateOops: 0, NonImmediateOops: No
[2,465s][debug][gc,nmethod     ] Register NMethod: com.github.benmanes.caffeine.cache.PSMW.getNextInAccessOrder (0x00007a503ad14c88) [0x00007a503ad14d80, 0x00007a503ad14e68] Compiler: c1, Barriers: 1, Oops: 1, ImmediateOops: 0, NonImmediateOops: No
[2,466s][debug][gc,nmethod     ] Register NMethod: java.lang.invoke.LambdaForm$MH/0x000000005d29cc00.invoke (0x00007a501be62188) [0x00007a501be62280, 0x00007a501be62df0] Compiler: c1, Barriers: 2, Oops: 1, ImmediateOops: 0, NonImmediateOops: No
[2,466s][debug][gc,nmethod     ] Register NMethod: java.lang.invoke.DirectMethodHandle$Holder.invokeStatic (0x00007a501be62e08) [0x00007a501be62f00, 0x00007a501be632c8] Compiler: c1, Barriers: 1, Oops: 0, ImmediateOops: 0, NonImmediateOops: No
[2,466s][debug][gc,nmethod     ] Register NMethod: com.github.benmanes.caffeine.cache.BoundedLocalCache.discardRefresh (0x00007a501be63308) [0x00007a501be63400, 0x00007a501be639b0] Compiler: c1, Barriers: 1, Oops: 1, ImmediateOops: 0, NonImmediateOops: No
[2,466s][debug][gc,nmethod     ] Register NMethod: io.sirix.node.MemorySegmentBytesIn.readUtf8 (0x00007a501be63a08) [0x00007a501be63b00, 0x00007a501be63ff8] Compiler: c1, Barriers: 0, Oops: 1, ImmediateOops: 1, NonImmediateOops: No
[2,466s][debug][gc,nmethod     ] Register NMethod: com.github.benmanes.caffeine.cache.BoundedLocalCache.isComputingAsync (0x00007a501be64008) [0x00007a501be64100, 0x00007a501be658a0] Compiler: c1, Barriers: 1, Oops: 7, ImmediateOops: 8, NonImmediateOops: No
[2,466s][debug][gc,nmethod     ] Register NMethod: com.github.benmanes.caffeine.cache.SSL.hasRemovalListener (0x00007a503ad14f88) [0x00007a503ad15080, 0x00007a503ad15140] Compiler: c1, Barriers: 0, Oops: 1, ImmediateOops: 0, NonImmediateOops: No
[2,466s][debug][gc,nmethod     ] Register NMethod: com.github.benmanes.caffeine.cache.SSL.removalListener (0x00007a503ad15288) [0x00007a503ad15380, 0x00007a503ad15470] Compiler: c1, Barriers: 1, Oops: 1, ImmediateOops: 0, NonImmediateOops: No
[2,466s][debug][gc,nmethod     ] Register NMethod: com.github.benmanes.caffeine.cache.PS.isAlive (0x00007a501be65908) [0x00007a501be65a00, 0x00007a501be66e78] Compiler: c1, Barriers: 1, Oops: 7, ImmediateOops: 10, NonImmediateOops: No
[2,466s][debug][gc,nmethod     ] Register NMethod: it.unimi.dsi.fastutil.shorts.AbstractShortCollection.<init> (0x00007a501be66f08) [0x00007a501be67000, 0x00007a501be671b8] Compiler: c1, Barriers: 0, Oops: 1, ImmediateOops: 0, NonImmediateOops: No
[2,466s][debug][gc,nmethod     ] Register NMethod: it.unimi.dsi.fastutil.shorts.AbstractShortList.<init> (0x00007a501be67208) [0x00007a501be67300, 0x00007a501be67518] Compiler: c1, Barriers: 0, Oops: 1, ImmediateOops: 0, NonImmediateOops: No
[2,466s][debug][gc,nmethod     ] Register NMethod: it.unimi.dsi.fastutil.shorts.ShortArrayList.<init> (0x00007a501be67588) [0x00007a501be67680, 0x00007a501be67928] Compiler: c1, Barriers: 0, Oops: 1, ImmediateOops: 0, NonImmediateOops: No
[2,466s][debug][gc,nmethod     ] Register NMethod: java.nio.channels.FileChannel.open (0x00007a501be67988) [0x00007a501be67a80, 0x00007a501be68068] Compiler: c1, Barriers: 2, Oops: 0, ImmediateOops: 0, NonImmediateOops: No
[2,466s][debug][gc,nmethod     ] Register NMethod: com.github.benmanes.caffeine.cache.SSMS.frequencySketch (0x00007a503ad15588) [0x00007a503ad15680, 0x00007a503ad15770] Compiler: c1, Barriers: 1, Oops: 1, ImmediateOops: 0, NonImmediateOops: No
[2,466s][debug][gc,nmethod     ] Register NMethod: java.lang.invoke.DirectMethodHandle$Holder.fieldAccess (0x00007a501be68088) [0x00007a501be68180, 0x00007a501be68678] Compiler: c1, Barriers: 0, Oops: 0, ImmediateOops: 0, NonImmediateOops: No
[2,466s][debug][gc,nmethod     ] Register NMethod: java.nio.channels.FileChannel.open (0x00007a501be68688) [0x00007a501be68780, 0x00007a501be68d50] Compiler: c1, Barriers: 3, Oops: 0, ImmediateOops: 2, NonImmediateOops: No
[2,467s][debug][gc,nmethod     ] Register NMethod: java.lang.invoke.MethodHandleImpl.profileBoolean (0x00007a501be68d88) [0x00007a501be68e80, 0x00007a501be69248] Compiler: c1, Barriers: 0, Oops: 0, ImmediateOops: 1, NonImmediateOops: No
[2,467s][debug][gc,nmethod     ] Register NMethod: it.unimi.dsi.fastutil.shorts.ShortArrayList.initArrayFromCapacity (0x00007a501be69288) [0x00007a501be69380, 0x00007a501be6a550] Compiler: c1, Barriers: 7, Oops: 3, ImmediateOops: 3, NonImmediateOops: No
[2,467s][debug][gc,nmethod     ] Register NMethod: com.github.benmanes.caffeine.cache.PS.getKey (0x00007a501be6a588) [0x00007a501be6a680, 0x00007a501be6b858] Compiler: c1, Barriers: 1, Oops: 7, ImmediateOops: 8, NonImmediateOops: No
[2,467s][debug][gc,nmethod     ] Register NMethod: java.nio.Buffer.remaining (0x00007a503ad15888) [0x00007a503ad15980, 0x00007a503ad15a18] Compiler: jvmci, Barriers: 0, Oops: 0, ImmediateOops: 0, NonImmediateOops: No
[2,467s][debug][gc,nmethod     ] Register NMethod: com.github.benmanes.caffeine.cache.BoundedLocalCache.isAsync (0x00007a503ad15b88) [0x00007a503ad15c80, 0x00007a503ad15d48] Compiler: c1, Barriers: 0, Oops: 1, ImmediateOops: 0, NonImmediateOops: No
[2,467s][debug][gc,nmethod     ] Register NMethod: com.github.benmanes.caffeine.cache.RemovalCause$2.wasEvicted (0x00007a503ad15e88) [0x00007a503ad15f80, 0x00007a503ad16040] Compiler: c1, Barriers: 0, Oops: 1, ImmediateOops: 0, NonImmediateOops: No
[2,467s][debug][gc,director    ] Rule Major: Warmup 10%, Used: 376MB, UsedThreshold: 1228MB
[2,467s][debug][gc,nmethod     ] Register NMethod: java.util.BitSet.valueOf (0x00007a501be6b908) [0x00007a501be6ba00, 0x00007a501be6bba8] Compiler: c1, Barriers: 0, Oops: 0, ImmediateOops: 0, NonImmediateOops: No
[2,467s][debug][gc,nmethod     ] Register NMethod: io.sirix.page.SerializationType.deserializeBitSet (0x00007a501be6bc08) [0x00007a501be6bd00, 0x00007a501be6c108] Compiler: c1, Barriers: 0, Oops: 1, ImmediateOops: 0, NonImmediateOops: No
[2,467s][debug][gc,nmethod     ] Register NMethod: java.util.BitSet.<init> (0x00007a501be6c188) [0x00007a501be6c280, 0x00007a501be6c4a0] Compiler: c1, Barriers: 3, Oops: 0, ImmediateOops: 0, NonImmediateOops: No
[2,467s][debug][gc,nmethod     ] Register NMethod: java.nio.HeapByteBuffer.<init> (0x00007a501be6c508) [0x00007a501be6c600, 0x00007a501be6c788] Compiler: c1, Barriers: 0, Oops: 0, ImmediateOops: 0, NonImmediateOops: No
[2,467s][debug][gc,nmethod     ] Register NMethod: java.nio.HeapByteBuffer.slice (0x00007a501be6c808) [0x00007a501be6c900, 0x00007a501be6cf28] Compiler: c1, Barriers: 2, Oops: 0, ImmediateOops: 0, NonImmediateOops: No
[2,468s][debug][gc,nmethod     ] Register NMethod: java.util.BitSet.valueOf (0x00007a501be6cf88) [0x00007a501be6d080, 0x00007a501be6ea28] Compiler: c1, Barriers: 3, Oops: 0, ImmediateOops: 1, NonImmediateOops: No
[2,468s][debug][gc,nmethod     ] Register NMethod: java.util.concurrent.ForkJoinPool.deactivate (0x00007a503ad16188) [0x00007a503ad16280, 0x00007a503ad17108] Compiler: jvmci, Barriers: 28, Oops: 0, ImmediateOops: 1, NonImmediateOops: No
[2,472s][debug][gc,nmethod     ] Register NMethod: java.util.stream.SortedOps$SizedRefSortingSink.begin (0x00007a501be6ea88) [0x00007a501be6eb80, 0x00007a501be6ee80] Compiler: c1, Barriers: 3, Oops: 0, ImmediateOops: 1, NonImmediateOops: No
[2,472s][debug][gc,nmethod     ] Register NMethod: java.util.stream.SortedOps$SizedRefSortingSink.end (0x00007a501be6ee88) [0x00007a501be6ef80, 0x00007a501be6ffe8] Compiler: c1, Barriers: 14, Oops: 0, ImmediateOops: 0, NonImmediateOops: No
[2,473s][debug][gc,nmethod     ] Register NMethod: net.jpountz.lz4.LZ4JNIFastDecompressor.decompress (0x00007a501be70008) [0x00007a501be70100, 0x00007a501be71790] Compiler: c1, Barriers: 0, Oops: 3, ImmediateOops: 4, NonImmediateOops: No
[2,473s][debug][gc,nmethod     ] Register NMethod: it.unimi.dsi.fastutil.ints.Int2LongOpenHashMap.size (0x00007a503ad17188) [0x00007a503ad17280, 0x00007a503ad17340] Compiler: c1, Barriers: 0, Oops: 1, ImmediateOops: 0, NonImmediateOops: No
[2,473s][debug][gc,nmethod     ] Register NMethod: it.unimi.dsi.fastutil.ints.Int2IntOpenHashMap.size (0x00007a503ad17488) [0x00007a503ad17580, 0x00007a503ad17640] Compiler: c1, Barriers: 0, Oops: 1, ImmediateOops: 0, NonImmediateOops: No
[2,473s][debug][gc,nmethod     ] Register NMethod: it.unimi.dsi.fastutil.shorts.ShortArrayList.grow (0x00007a501be71808) [0x00007a501be71900, 0x00007a501be71f48] Compiler: c1, Barriers: 8, Oops: 1, ImmediateOops: 0, NonImmediateOops: No
[2,473s][debug][gc,nmethod     ] Register NMethod: io.sirix.node.MemorySegmentBytesIn.position (0x00007a503ad17788) [0x00007a503ad17880, 0x00007a503ad17940] Compiler: c1, Barriers: 0, Oops: 1, ImmediateOops: 0, NonImmediateOops: No
[2,473s][debug][gc,nmethod     ] Register NMethod: io.sirix.axis.AbstractAxis.nextLong (0x00007a501be71f88) [0x00007a501be72080, 0x00007a501be72b10] Compiler: c1, Barriers: 5, Oops: 1, ImmediateOops: 1, NonImmediateOops: No
[2,474s][debug][gc,nmethod     ] Register NMethod: io.sirix.node.MemorySegmentBytesIn.position (0x00007a503ad17a88) [0x00007a503ad17b80, 0x00007a503ad17c40] Compiler: c1, Barriers: 0, Oops: 1, ImmediateOops: 0, NonImmediateOops: No
[2,474s][debug][gc,nmethod     ] Register NMethod: java.io.BufferedOutputStream.growIfNeeded (0x00007a501be72b88) [0x00007a501be72c80, 0x00007a501be72fa8] Compiler: c1, Barriers: 4, Oops: 0, ImmediateOops: 0, NonImmediateOops: No
[2,474s][debug][gc,nmethod     ] Register NMethod: io.sirix.node.xml.ElementNode.getFirstChildKey (0x00007a501be73008) [0x00007a501be73100, 0x00007a501be780f0] Compiler: c1, Barriers: 19, Oops: 7, ImmediateOops: 11, NonImmediateOops: No
[2,474s][debug][gc,nmethod     ] Register NMethod: com.github.benmanes.caffeine.cache.BaseMpscLinkedArrayQueue.soElement (0x00007a501be78188) [0x00007a501be78280, 0x00007a501be7a388] Compiler: c1, Barriers: 3, Oops: 8, ImmediateOops: 11, NonImmediateOops: No
[2,474s][debug][gc,nmethod     ] Register NMethod: java.io.BufferedOutputStream.write (0x00007a501be7a408) [0x00007a501be7a500, 0x00007a501be7b218] Compiler: c1, Barriers: 6, Oops: 0, ImmediateOops: 0, NonImmediateOops: No
[2,474s][debug][gc,nmethod     ] Register NMethod: io.brackit.query.atomic.AbstractAtomic.<init> (0x00007a501be7b288) [0x00007a501be7b380, 0x00007a501be7b598] Compiler: c1, Barriers: 0, Oops: 1, ImmediateOops: 0, NonImmediateOops: No
[2,474s][debug][gc,nmethod     ] Register NMethod: io.brackit.query.sequence.AbstractSequence.<init> (0x00007a501be7b608) [0x00007a501be7b700, 0x00007a501be7b858] Compiler: c1, Barriers: 0, Oops: 1, ImmediateOops: 0, NonImmediateOops: No
[2,474s][debug][gc,nmethod     ] Register NMethod: io.sirix.access.trx.node.AbstractNodeReadOnlyTrx.assertNotClosed (0x00007a503ad17d88) [0x00007a503ad17e80, 0x00007a503ad17f40] Compiler: jvmci, Barriers: 0, Oops: 1, ImmediateOops: 0, NonImmediateOops: No
[2,474s][debug][gc,nmethod     ] Register NMethod: io.brackit.query.jdm.AbstractItem.<init> (0x00007a501be7b908) [0x00007a501be7ba00, 0x00007a501be7bbb8] Compiler: c1, Barriers: 0, Oops: 1, ImmediateOops: 0, NonImmediateOops: No
[2,474s][debug][gc,nmethod     ] Register NMethod: io.sirix.settings.CharsForSerializing.getBytes (0x00007a503ad18088) [0x00007a503ad18180, 0x00007a503ad18268] Compiler: c1, Barriers: 1, Oops: 1, ImmediateOops: 0, NonImmediateOops: No
[2,475s][debug][gc,nmethod     ] Register NMethod: java.util.regex.ASCII.isDigit (0x00007a501be7bc08) [0x00007a501be7bd00, 0x00007a501be7be40] Compiler: c1, Barriers: 0, Oops: 0, ImmediateOops: 0, NonImmediateOops: No
[2,475s][debug][gc,nmethod     ] Register NMethod: io.sirix.node.Bytes.elasticOffHeapByteBuffer (0x00007a501be7bf08) [0x00007a501be7c000, 0x00007a501be7c948] Compiler: c1, Barriers: 6, Oops: 2, ImmediateOops: 1, NonImmediateOops: No
[2,475s][debug][gc,nmethod     ] Register NMethod: io.sirix.node.GrowingMemorySegment.<init> (0x00007a501be7c988) [0x00007a501be7ca80, 0x00007a501be7d6b0] Compiler: c1, Barriers: 6, Oops: 2, ImmediateOops: 1, NonImmediateOops: No
[2,475s][debug][gc,nmethod     ] Register NMethod: io.sirix.node.xml.ElementNode.getRightSiblingKey (0x00007a501be7d708) [0x00007a501be7d800, 0x00007a501be827f0] Compiler: c1, Barriers: 19, Oops: 7, ImmediateOops: 11, NonImmediateOops: No
[2,475s][debug][gc,nmethod     ] Register NMethod: io.sirix.node.MemorySegmentBytesOut.<init> (0x00007a501be82888) [0x00007a501be82980, 0x00007a501be83750] Compiler: c1, Barriers: 9, Oops: 2, ImmediateOops: 1, NonImmediateOops: No
[2,475s][debug][gc,nmethod     ] Register NMethod: java.util.regex.CharPredicates.lambda$ASCII_DIGIT$0 (0x00007a501be83788) [0x00007a501be83880, 0x00007a501be83a90] Compiler: c1, Barriers: 0, Oops: 0, ImmediateOops: 0, NonImmediateOops: No
[2,475s][debug][gc,nmethod     ] Register NMethod: java.util.regex.CharPredicates$$Lambda/0x000000005d111478.is (0x00007a501be83b08) [0x00007a501be83c00, 0x00007a501be83e90] Compiler: c1, Barriers: 0, Oops: 0, ImmediateOops: 0, NonImmediateOops: No
[2,475s][debug][gc,nmethod     ] Register NMethod: org.junit.platform.engine.UniqueId$Segment.hashCode (0x00007a501be83f08) [0x00007a501be84000, 0x00007a501be84840] Compiler: c1, Barriers: 8, Oops: 1, ImmediateOops: 0, NonImmediateOops: No
[2,475s][debug][gc,nmethod     ] Register NMethod: java.util.stream.Streams$ConcatSpliterator.forEachRemaining (0x00007a501be84888) [0x00007a501be84980, 0x00007a501be84f40] Compiler: c1, Barriers: 2, Oops: 0, ImmediateOops: 0, NonImmediateOops: No
[2,477s][debug][gc,nmethod     ] Register NMethod: com.google.gson.stream.JsonReader.nextBoolean (0x00007a501be84f88) [0x00007a501be85080, 0x00007a501be86728] Compiler: c1, Barriers: 3, Oops: 2, ImmediateOops: 3, NonImmediateOops: No
[2,477s][debug][gc,nmethod     ] Register NMethod: io.sirix.page.AbstractForwardingPage.getReferences (0x00007a501be86788) [0x00007a501be86880, 0x00007a501be86d80] Compiler: c1, Barriers: 0, Oops: 1, ImmediateOops: 0, NonImmediateOops: No
[2,477s][debug][gc,director    ] Rule Major: Warmup 10%, Used: 376MB, UsedThreshold: 1228MB
[2,477s][debug][gc,nmethod     ] Register NMethod: java.util.concurrent.ConcurrentHashMap.initTable (0x00007a501be86e08) [0x00007a501be86f00, 0x00007a501be87b58] Compiler: c1, Barriers: 6, Oops: 0, ImmediateOops: 0, NonImmediateOops: No
[2,477s][debug][gc,nmethod     ] Register NMethod: com.github.benmanes.caffeine.cache.FrequencySketch.incrementAt (0x00007a501be87b88) [0x00007a501be87c80, 0x00007a501be87e68] Compiler: c1, Barriers: 1, Oops: 1, ImmediateOops: 0, NonImmediateOops: No
[2,478s][debug][gc,nmethod     ] Register NMethod: java.lang.invoke.LambdaForm$MH/0x000000005d2d9800.guard (0x00007a501be87e88) [0x00007a501be87f80, 0x00007a501be89220] Compiler: c1, Barriers: 4, Oops: 1, ImmediateOops: 0, NonImmediateOops: No
[2,478s][debug][gc,nmethod     ] Register NMethod: java.lang.invoke.VarHandleSegmentAsInts.get (0x00007a503ad18388) [0x00007a503ad18480, 0x00007a503ad18aa8] Compiler: jvmci, Barriers: 4, Oops: 0, ImmediateOops: 0, NonImmediateOops: No
[2,479s][debug][gc,nmethod     ] Register NMethod: java.util.concurrent.ForkJoinTask.noUserHelp (0x00007a503ad18b08) [0x00007a503ad18c00, 0x00007a503ad18c90] Compiler: jvmci, Barriers: 0, Oops: 0, ImmediateOops: 0, NonImmediateOops: No
[2,480s][debug][gc,nmethod     ] Register NMethod: java.lang.Thread.threadId (0x00007a503ad18e08) [0x00007a503ad18f00, 0x00007a503ad18fc0] Compiler: c1, Barriers: 0, Oops: 0, ImmediateOops: 0, NonImmediateOops: No
[2,480s][debug][gc,nmethod     ] Register NMethod: com.github.benmanes.caffeine.cache.LocalManualCache.asMap (0x00007a501be89288) [0x00007a501be89380, 0x00007a501be89560] Compiler: c1, Barriers: 1, Oops: 1, ImmediateOops: 0, NonImmediateOops: No
[2,480s][debug][gc,nmethod     ] Register NMethod: java.util.concurrent.ForkJoinPool.runWorker (0x00007a501be89588) [0x00007a501be89680, 0x00007a501be8b3c0] Compiler: c1, Barriers: 13, Oops: 1, ImmediateOops: 1, NonImmediateOops: No
[2,480s][debug][gc,nmethod     ] Register NMethod: java.lang.Integer.numberOfLeadingZeros (0x00007a503ad19108) [0x00007a503ad19200, 0x00007a503ad19310] Compiler: jvmci, Barriers: 0, Oops: 0, ImmediateOops: 0, NonImmediateOops: No
[2,481s][debug][gc,nmethod     ] Register NMethod: java.util.regex.Pattern$BmpCharProperty.match (0x00007a503ad19408) [0x00007a503ad19500, 0x00007a503ad19ac0] Compiler: jvmci, Barriers: 7, Oops: 0, ImmediateOops: 0, NonImmediateOops: No
[2,481s][debug][gc,nmethod     ] Register NMethod: java.util.regex.Pattern$BmpCharPropertyGreedy.match (0x00007a503ad19b08) [0x00007a503ad19c00, 0x00007a503ad1a178] Compiler: jvmci, Barriers: 4, Oops: 0, ImmediateOops: 1, NonImmediateOops: No
[2,487s][debug][gc,director    ] Rule Major: Warmup 10%, Used: 378MB, UsedThreshold: 1228MB
[2,491s][debug][gc,nmethod     ] Register NMethod: com.github.benmanes.caffeine.cache.NodeFactory.newReferenceKey (0x00007a501be8b408) [0x00007a501be8b500, 0x00007a501be8b600] Compiler: c1, Barriers: 0, Oops: 1, ImmediateOops: 0, NonImmediateOops: No
[2,492s][debug][gc,nmethod     ] Register NMethod: com.github.benmanes.caffeine.cache.LocalCache.compute (0x00007a501be8b708) [0x00007a501be8b800, 0x00007a501be8bd30] Compiler: c1, Barriers: 0, Oops: 1, ImmediateOops: 0, NonImmediateOops: No
[2,492s][debug][gc,nmethod     ] Register NMethod: java.lang.invoke.LambdaForm$MH/0x000000005d2c3400.linkToTargetMethod (0x00007a501be8bd88) [0x00007a501be8be80, 0x00007a501be8c430] Compiler: c1, Barriers: 0, Oops: 1, ImmediateOops: 0, NonImmediateOops: No
[2,492s][debug][gc,nmethod     ] Register NMethod: java.lang.invoke.LambdaForm$DMH/0x000000005d2c2c00.newInvokeSpecial (0x00007a501be8c488) [0x00007a501be8c580, 0x00007a501be8ceb8] Compiler: c1, Barriers: 2, Oops: 1, ImmediateOops: 1, NonImmediateOops: No
[2,492s][debug][gc,nmethod     ] Register NMethod: com.github.benmanes.caffeine.cache.LocalCache.statsAware (0x00007a501be8cf08) [0x00007a501be8d000, 0x00007a501be8d8d0] Compiler: c1, Barriers: 6, Oops: 4, ImmediateOops: 2, NonImmediateOops: No
[2,492s][debug][gc,nmethod     ] Register NMethod: com.github.benmanes.caffeine.cache.BoundedLocalCache$$Lambda/0x000000005d2c48e8.<init> (0x00007a501be8d908) [0x00007a501be8da00, 0x00007a501be8e110] Compiler: c1, Barriers: 36, Oops: 1, ImmediateOops: 0, NonImmediateOops: No
[2,492s][debug][gc,nmethod     ] Register NMethod: com.github.benmanes.caffeine.cache.BoundedLocalCache.setVariableTime (0x00007a501be8e188) [0x00007a501be8e280, 0x00007a501be8e5a8] Compiler: c1, Barriers: 0, Oops: 1, ImmediateOops: 0, NonImmediateOops: No
[2,492s][debug][gc,nmethod     ] Register NMethod: com.github.benmanes.caffeine.cache.BoundedLocalCache.setAccessTime (0x00007a501be8e608) [0x00007a501be8e700, 0x00007a501be8ea28] Compiler: c1, Barriers: 0, Oops: 1, ImmediateOops: 0, NonImmediateOops: No
[2,492s][debug][gc,nmethod     ] Register NMethod: com.github.benmanes.caffeine.cache.BoundedLocalCache$$Lambda/0x000000005d2c48e8.apply (0x00007a501be8ea88) [0x00007a501be8eb80, 0x00007a501be8f228] Compiler: c1, Barriers: 12, Oops: 1, ImmediateOops: 0, NonImmediateOops: No
[2,492s][debug][gc,nmethod     ] Register NMethod: com.github.benmanes.caffeine.cache.BoundedLocalCache.compute (0x00007a501be8f288) [0x00007a501be8f380, 0x00007a501be909c0] Compiler: c1, Barriers: 1, Oops: 4, ImmediateOops: 4, NonImmediateOops: No
[2,492s][debug][gc,nmethod     ] Register NMethod: java.lang.invoke.ClassSpecializer$SpeciesData.factory (0x00007a501be90a08) [0x00007a501be90b00, 0x00007a501be91048] Compiler: c1, Barriers: 1, Oops: 0, ImmediateOops: 0, NonImmediateOops: No
[2,492s][debug][gc,nmethod     ] Register NMethod: com.github.benmanes.caffeine.cache.BoundedLocalCache.setWriteTime (0x00007a501be91088) [0x00007a501be91180, 0x00007a501be916d0] Compiler: c1, Barriers: 0, Oops: 1, ImmediateOops: 0, NonImmediateOops: No
[2,493s][debug][gc,nmethod     ] Register NMethod: java.lang.String.<init> (0x00007a503ad1a188) [0x00007a503ad1a280, 0x00007a503ad1a370] Compiler: jvmci, Barriers: 3, Oops: 0, ImmediateOops: 0, NonImmediateOops: No
[2,493s][debug][gc,nmethod     ] Register NMethod: com.github.benmanes.caffeine.cache.BoundedLocalCache.remap (0x00007a501be91708) [0x00007a501be91800, 0x00007a501be94600] Compiler: c1, Barriers: 25, Oops: 4, ImmediateOops: 4, NonImmediateOops: No
[2,493s][debug][gc,nmethod     ] Register NMethod: java.util.concurrent.ForkJoinPool.runWorker (0x00007a501be94688) [0x00007a501be94780, 0x00007a501be96290] Compiler: c1, Barriers: 13, Oops: 1, ImmediateOops: 1, NonImmediateOops: No
[2,494s][debug][gc,nmethod     ] Register NMethod: java.util.regex.Pattern.next (0x00007a501be96308) [0x00007a501be96400, 0x00007a501be96680] Compiler: c1, Barriers: 1, Oops: 0, ImmediateOops: 0, NonImmediateOops: No
[2,495s][debug][gc,nmethod     ] Register NMethod: java.util.regex.Pattern$Node.<init> (0x00007a501be96688) [0x00007a501be96780, 0x00007a501be96960] Compiler: c1, Barriers: 3, Oops: 0, ImmediateOops: 1, NonImmediateOops: No
[2,496s][debug][gc,nmethod     ] Register NMethod: java.lang.StringUTF16.codePointAt (0x00007a501be96988) [0x00007a501be96a80, 0x00007a501be97168] Compiler: c1, Barriers: 0, Oops: 1, ImmediateOops: 2, NonImmediateOops: No
[2,496s][debug][gc,nmethod     ] Register NMethod: com.github.benmanes.caffeine.cache.BoundedLocalCache.lambda$remap$16 (0x00007a501be97188) [0x00007a501be97280, 0x00007a501bea5680] Compiler: c1, Barriers: 64, Oops: 12, ImmediateOops: 54, NonImmediateOops: No
[2,496s][debug][gc,nmethod     ] Register NMethod: java.lang.Character.charCount (0x00007a503ad1a488) [0x00007a503ad1a580, 0x00007a503ad1a620] Compiler: jvmci, Barriers: 0, Oops: 0, ImmediateOops: 0, NonImmediateOops: No
[2,497s][debug][gc,director    ] Rule Major: Warmup 10%, Used: 380MB, UsedThreshold: 1228MB
[2,499s][debug][gc,nmethod     ] Register NMethod: io.brackit.query.atomic.QNm.atomicCode (0x00007a503ad1a788) [0x00007a503ad1a880, 0x00007a503ad1a940] Compiler: c1, Barriers: 0, Oops: 1, ImmediateOops: 0, NonImmediateOops: No
[2,499s][debug][gc,nmethod     ] Register NMethod: java.lang.String.startsWith (0x00007a503ad1aa88) [0x00007a503ad1ab80, 0x00007a503ad1aeb8] Compiler: jvmci, Barriers: 2, Oops: 0, ImmediateOops: 0, NonImmediateOops: No
[2,502s][debug][gc,nmethod     ] Register NMethod: io.brackit.query.atomic.QNm.<init> (0x00007a501bea5708) [0x00007a501bea5800, 0x00007a501bea5ca8] Compiler: c1, Barriers: 9, Oops: 1, ImmediateOops: 3, NonImmediateOops: No
[2,502s][debug][gc,nmethod     ] Register NMethod: io.brackit.query.atomic.QNm.hashCode (0x00007a501bea5d08) [0x00007a501bea5e00, 0x00007a501bea6370] Compiler: c1, Barriers: 2, Oops: 1, ImmediateOops: 0, NonImmediateOops: No
[2,503s][debug][gc,nmethod     ] Register NMethod: io.sirix.page.KeyValueLeafPage.processEntries (0x00007a503ad1af08) [0x00007a503ad1b000, 0x00007a503ad1e398] Compiler: jvmci, Barriers: 78, Oops: 6, ImmediateOops: 2, NonImmediateOops: No
[2,503s][debug][gc,nmethod     ] Register NMethod: io.brackit.query.function.AbstractFunction.getName (0x00007a503ad1e408) [0x00007a503ad1e500, 0x00007a503ad1e5e8] Compiler: c1, Barriers: 1, Oops: 1, ImmediateOops: 0, NonImmediateOops: No
[2,504s][debug][gc,nmethod     ] Register NMethod: io.brackit.query.jdm.type.SequenceType.<init> (0x00007a501bea6388) [0x00007a501bea6480, 0x00007a501bea66c8] Compiler: c1, Barriers: 6, Oops: 1, ImmediateOops: 0, NonImmediateOops: No
[2,508s][debug][gc,director    ] Rule Major: Warmup 10%, Used: 380MB, UsedThreshold: 1228MB
[2,511s][debug][gc,nmethod     ] Register NMethod: io.brackit.query.function.AbstractFunction.<init> (0x00007a501bea6708) [0x00007a501bea6800, 0x00007a501bea6b10] Compiler: c1, Barriers: 6, Oops: 1, ImmediateOops: 0, NonImmediateOops: No
[2,511s][debug][gc,nmethod     ] Register NMethod: io.brackit.query.module.Functions.predefine (0x00007a501bea6b88) [0x00007a501bea6c80, 0x00007a501bea8410] Compiler: c1, Barriers: 10, Oops: 3, ImmediateOops: 3, NonImmediateOops: No
[2,512s][debug][gc,nmethod     ] Register NMethod: java.lang.ClassLoader.definePackage (0x00007a501bea8488) [0x00007a501bea8580, 0x00007a501bea8c98] Compiler: c1, Barriers: 1, Oops: 0, ImmediateOops: 0, NonImmediateOops: No
[2,513s][debug][gc,nmethod     ] Register NMethod: io.brackit.query.jdm.Signature.<init> (0x00007a501bea8d08) [0x00007a501bea8e00, 0x00007a501bea90d0] Compiler: c1, Barriers: 9, Oops: 1, ImmediateOops: 0, NonImmediateOops: No
[2,518s][debug][gc,director    ] Rule Major: Warmup 10%, Used: 382MB, UsedThreshold: 1228MB
[2,522s][debug][gc,nmethod     ] Register NMethod: jdk.internal.loader.BuiltinClassLoader.loadClassOrNull (0x00007a503ad1e708) [0x00007a503ad1e800, 0x00007a503ad1f008] Compiler: jvmci, Barriers: 5, Oops: 0, ImmediateOops: 1, NonImmediateOops: No
[2,529s][debug][gc,director    ] Rule Major: Warmup 10%, Used: 382MB, UsedThreshold: 1228MB
[2,530s][debug][gc,nmethod     ] Register NMethod: io.brackit.query.compiler.parser.Tokenizer.ws (0x00007a501bea9108) [0x00007a501bea9200, 0x00007a501bea9658] Compiler: c1, Barriers: 1, Oops: 1, ImmediateOops: 0, NonImmediateOops: No
[2,530s][debug][gc,nmethod     ] Register NMethod: io.brackit.query.compiler.parser.Tokenizer.laSymSkipWS (0x00007a501bea9688) [0x00007a501bea9780, 0x00007a501bea9918] Compiler: c1, Barriers: 0, Oops: 1, ImmediateOops: 0, NonImmediateOops: No
[2,530s][debug][gc,nmethod     ] Register NMethod: io.brackit.query.compiler.parser.Tokenizer.laSkipWS (0x00007a501bea9988) [0x00007a501bea9a80, 0x00007a501beaac48] Compiler: c1, Barriers: 7, Oops: 2, ImmediateOops: 2, NonImmediateOops: No
[2,531s][debug][gc,nmethod     ] Register NMethod: io.brackit.query.compiler.parser.Tokenizer.laSym (0x00007a501beaac88) [0x00007a501beaad80, 0x00007a501beac320] Compiler: c1, Barriers: 8, Oops: 2, ImmediateOops: 2, NonImmediateOops: No
[2,533s][debug][gc,nmethod     ] Register NMethod: jdk.internal.loader.BuiltinClassLoader.findLoadedModule (0x00007a503ad1f088) [0x00007a503ad1f180, 0x00007a503ad1fce8] Compiler: jvmci, Barriers: 15, Oops: 1, ImmediateOops: 2, NonImmediateOops: No
[2,535s][debug][gc,nmethod     ] Register NMethod: io.brackit.query.compiler.AST.getType (0x00007a503ad1fd08) [0x00007a503ad1fe00, 0x00007a503ad1fec0] Compiler: c1, Barriers: 0, Oops: 1, ImmediateOops: 0, NonImmediateOops: No
[2,537s][debug][gc,nmethod     ] Register NMethod: java.security.CodeSource.getCertificates (0x00007a503ad20008) [0x00007a503ad20100, 0x00007a503ad20230] Compiler: jvmci, Barriers: 2, Oops: 0, ImmediateOops: 0, NonImmediateOops: No
[2,537s][debug][gc,nmethod     ] Register NMethod: jdk.internal.access.SharedSecrets.javaUtilJarAccess (0x00007a503ad20308) [0x00007a503ad20400, 0x00007a503ad204d8] Compiler: jvmci, Barriers: 1, Oops: 0, ImmediateOops: 1, NonImmediateOops: No
[2,537s][debug][gc,nmethod     ] Register NMethod: io.brackit.query.compiler.AST.getChildCount (0x00007a501beac388) [0x00007a501beac480, 0x00007a501beac620] Compiler: c1, Barriers: 1, Oops: 1, ImmediateOops: 0, NonImmediateOops: No
[2,539s][debug][gc,nmethod     ] Register NMethod: io.brackit.query.compiler.AST.getChild (0x00007a501beac688) [0x00007a501beac780, 0x00007a501beaddb0] Compiler: c1, Barriers: 13, Oops: 2, ImmediateOops: 3, NonImmediateOops: No
[2,539s][debug][gc,director    ] Rule Major: Warmup 10%, Used: 382MB, UsedThreshold: 1228MB
[2,540s][debug][gc,nmethod     ] Register NMethod: io.brackit.query.compiler.optimizer.walker.Walker.walkInternal (0x00007a501beade08) [0x00007a501beadf00, 0x00007a501beaec48] Compiler: c1, Barriers: 2, Oops: 1, ImmediateOops: 0, NonImmediateOops: No
[2,542s][debug][gc,nmethod     ] Register NMethod: io.brackit.query.compiler.optimizer.walker.topdown.ScopeWalker.walkInspect (0x00007a501beaec88) [0x00007a501beaed80, 0x00007a501beaf148] Compiler: c1, Barriers: 1, Oops: 1, ImmediateOops: 0, NonImmediateOops: No
[2,543s][debug][gc,nmethod     ] Register NMethod: io.brackit.query.atomic.AbstractAtomic.atomicCmp (0x00007a501beaf188) [0x00007a501beaf280, 0x00007a501beafab0] Compiler: c1, Barriers: 0, Oops: 1, ImmediateOops: 0, NonImmediateOops: No
[2,543s][debug][gc,nmethod     ] Register NMethod: io.brackit.query.atomic.QNm.atomicCmpInternal (0x00007a501beafb08) [0x00007a501beafc00, 0x00007a501beb0430] Compiler: c1, Barriers: 4, Oops: 1, ImmediateOops: 0, NonImmediateOops: No
[2,543s][debug][gc,nmethod     ] Register NMethod: io.brackit.query.compiler.optimizer.walker.topdown.ScopeWalker.inspect (0x00007a501beb0488) [0x00007a501beb0580, 0x00007a501beb1780] Compiler: c1, Barriers: 12, Oops: 1, ImmediateOops: 0, NonImmediateOops: No
[2,549s][debug][gc,director    ] Rule Major: Warmup 10%, Used: 384MB, UsedThreshold: 1228MB
[2,550s][debug][gc,nmethod     ] Register NMethod: java.util.Collections$SetFromMap.remove (0x00007a503ad20608) [0x00007a503ad20700, 0x00007a503ad20bc8] Compiler: jvmci, Barriers: 12, Oops: 0, ImmediateOops: 0, NonImmediateOops: No
[2,551s][debug][gc,nmethod     ] Register NMethod: java.util.zip.ZipFile$ZipFileInputStream.close (0x00007a503ad20c08) [0x00007a503ad20d00, 0x00007a503ad21500] Compiler: jvmci, Barriers: 17, Oops: 0, ImmediateOops: 0, NonImmediateOops: No
[2,553s][debug][gc,nmethod     ] Register NMethod: java.net.URLStreamHandler.parseURL (0x00007a503ad21508) [0x00007a503ad21600, 0x00007a503ad23b50] Compiler: jvmci, Barriers: 49, Oops: 2, ImmediateOops: 5, NonImmediateOops: No
[2,557s][debug][gc,nmethod     ] Register NMethod: java.util.logging.Level.intValue (0x00007a503ad23b88) [0x00007a503ad23c80, 0x00007a503ad23d40] Compiler: c1, Barriers: 0, Oops: 0, ImmediateOops: 0, NonImmediateOops: No
[2,559s][debug][gc,director    ] Rule Major: Warmup 10%, Used: 384MB, UsedThreshold: 1228MB
[2,562s][debug][gc,nmethod     ] Register NMethod: io.sirix.node.xml.ElementNode.getParentKey (0x00007a501beb1808) [0x00007a501beb1900, 0x00007a501beb68e8] Compiler: c1, Barriers: 19, Oops: 7, ImmediateOops: 11, NonImmediateOops: No
[2,567s][debug][gc,nmethod     ] Register NMethod: org.junit.platform.launcher.TestIdentifier.getParentIdObject (0x00007a501beb6988) [0x00007a501beb6a80, 0x00007a501beb6de0] Compiler: c1, Barriers: 4, Oops: 1, ImmediateOops: 1, NonImmediateOops: No
[2,568s][debug][gc,nmethod     ] Register NMethod: java.util.stream.Stream.concat (0x00007a501beb6e08) [0x00007a501beb6f00, 0x00007a501beb8450] Compiler: c1, Barriers: 8, Oops: 0, ImmediateOops: 0, NonImmediateOops: No
[2,568s][debug][gc,nmethod     ] Register NMethod: java.lang.reflect.Field.getDeclaredAnnotations (0x00007a501beb8488) [0x00007a501beb8580, 0x00007a501beb8d40] Compiler: c1, Barriers: 0, Oops: 0, ImmediateOops: 1, NonImmediateOops: No
[2,568s][debug][gc,nmethod     ] Register NMethod: com.google.common.base.Preconditions.checkNotNull (0x00007a501beb8d88) [0x00007a501beb8e80, 0x00007a501beb9050] Compiler: c1, Barriers: 0, Oops: 1, ImmediateOops: 0, NonImmediateOops: No
[2,569s][debug][gc,nmethod     ] Register NMethod: com.github.benmanes.caffeine.cache.SSMS.evicts (0x00007a503ad23e88) [0x00007a503ad23f80, 0x00007a503ad24040] Compiler: c1, Barriers: 0, Oops: 1, ImmediateOops: 0, NonImmediateOops: No
[2,569s][debug][gc,nmethod     ] Register NMethod: io.sirix.io.bytepipe.LZ4Compressor.<init> (0x00007a501beb9088) [0x00007a501beb9180, 0x00007a501beb92d8] Compiler: c1, Barriers: 0, Oops: 1, ImmediateOops: 0, NonImmediateOops: No
[2,569s][debug][gc,nmethod     ] Register NMethod: java.lang.invoke.DelegatingMethodHandle$Holder.delegate (0x00007a501beb9388) [0x00007a501beb9480, 0x00007a501beb9b88] Compiler: c1, Barriers: 0, Oops: 0, ImmediateOops: 0, NonImmediateOops: No
[2,569s][debug][gc,director    ] Rule Major: Warmup 10%, Used: 386MB, UsedThreshold: 1228MB
[2,569s][debug][gc,nmethod     ] Register NMethod: com.github.benmanes.caffeine.cache.LocalAsyncCache$CacheView.asyncCache (0x00007a503ad24188) [0x00007a503ad24280, 0x00007a503ad24368] Compiler: c1, Barriers: 1, Oops: 1, ImmediateOops: 0, NonImmediateOops: No
[2,570s][debug][gc,nmethod     ] Register NMethod: io.sirix.io.RevisionFileData.offset (0x00007a503ad24488) [0x00007a503ad24580, 0x00007a503ad24640] Compiler: c1, Barriers: 0, Oops: 1, ImmediateOops: 0, NonImmediateOops: No
[2,570s][debug][gc,nmethod     ] Register NMethod: io.sirix.page.DeserializedBitmapReferencesPageTuple.getBitmap (0x00007a503ad24788) [0x00007a503ad24880, 0x00007a503ad24968] Compiler: c1, Barriers: 1, Oops: 1, ImmediateOops: 0, NonImmediateOops: No
[2,570s][debug][gc,nmethod     ] Register NMethod: io.sirix.page.DeserializedBitmapReferencesPageTuple.getReferences (0x00007a503ad24a88) [0x00007a503ad24b80, 0x00007a503ad24c68] Compiler: c1, Barriers: 1, Oops: 1, ImmediateOops: 0, NonImmediateOops: No
[2,570s][debug][gc,nmethod     ] Register NMethod: io.sirix.node.MemorySegmentBytesIn.readBoolean (0x00007a501beb9c08) [0x00007a501beb9d00, 0x00007a501beb9e98] Compiler: c1, Barriers: 0, Oops: 1, ImmediateOops: 0, NonImmediateOops: No
[2,570s][debug][gc,nmethod     ] Register NMethod: com.github.benmanes.caffeine.cache.BoundedLocalCache.notifyRemoval (0x00007a501beb9f08) [0x00007a501beba000, 0x00007a501bebaf38] Compiler: c1, Barriers: 14, Oops: 4, ImmediateOops: 4, NonImmediateOops: No
[2,571s][debug][gc,nmethod     ] Register NMethod: java.util.HashMap$HashIterator.nextNode (0x00007a503ad24d88) [0x00007a503ad24e80, 0x00007a503ad254d8] Compiler: jvmci, Barriers: 26, Oops: 0, ImmediateOops: 0, NonImmediateOops: No
[2,571s][debug][gc,nmethod     ] Register NMethod: it.unimi.dsi.fastutil.ints.Int2ObjectOpenHashMap.put (0x00007a501bebaf88) [0x00007a501bebb080, 0x00007a501bebb5e8] Compiler: c1, Barriers: 6, Oops: 1, ImmediateOops: 0, NonImmediateOops: No
[2,571s][debug][gc,nmethod     ] Register NMethod: it.unimi.dsi.fastutil.ints.Int2ObjectOpenHashMap.insert (0x00007a501bebb608) [0x00007a501bebb700, 0x00007a501bebbc58] Compiler: c1, Barriers: 5, Oops: 1, ImmediateOops: 0, NonImmediateOops: No
[2,571s][debug][gc,nmethod     ] Register NMethod: it.unimi.dsi.fastutil.ints.Int2ObjectOpenHashMap.find (0x00007a501bebbc88) [0x00007a501bebbd80, 0x00007a501bebc1e8] Compiler: c1, Barriers: 1, Oops: 1, ImmediateOops: 0, NonImmediateOops: No
[2,571s][debug][gc,nmethod     ] Register NMethod: java.util.concurrent.ForkJoinPool.tryTrim (0x00007a501bebc208) [0x00007a501bebc300, 0x00007a501bebcac0] Compiler: c1, Barriers: 3, Oops: 0, ImmediateOops: 1, NonImmediateOops: No
[2,572s][debug][gc,nmethod     ] Register NMethod: it.unimi.dsi.fastutil.longs.LongArrayList.add (0x00007a501bebcb08) [0x00007a501bebcc00, 0x00007a501bebced8] Compiler: c1, Barriers: 1, Oops: 1, ImmediateOops: 0, NonImmediateOops: No
[2,572s][debug][gc,nmethod     ] Register NMethod: it.unimi.dsi.fastutil.longs.LongArrayList.grow (0x00007a501bebcf08) [0x00007a501bebd000, 0x00007a501bebd560] Compiler: c1, Barriers: 5, Oops: 1, ImmediateOops: 1, NonImmediateOops: No
[2,572s][debug][gc,nmethod     ] Register NMethod: java.util.regex.Pattern$GroupTail.match (0x00007a503ad25508) [0x00007a503ad25600, 0x00007a503ad25dc0] Compiler: jvmci, Barriers: 8, Oops: 0, ImmediateOops: 0, NonImmediateOops: No
[2,572s][debug][gc,nmethod     ] Register NMethod: java.util.stream.StreamSpliterators$WrappingSpliterator.lambda$initPartialTraversalState$0 (0x00007a501bebd588) [0x00007a501bebd680, 0x00007a501bebd9f8] Compiler: c1, Barriers: 2, Oops: 0, ImmediateOops: 0, NonImmediateOops: No
[2,572s][debug][gc,nmethod     ] Register NMethod: java.util.stream.StreamSpliterators$WrappingSpliterator$$Lambda/0x000000005d11d6b0.getAsBoolean (0x00007a501bebda08) [0x00007a501bebdb00, 0x00007a501bebdf18] Compiler: c1, Barriers: 3, Oops: 0, ImmediateOops: 0, NonImmediateOops: No
[2,573s][debug][gc,nmethod     ] Register NMethod: java.lang.invoke.BoundMethodHandle.makeReinvoker (0x00007a501bebdf88) [0x00007a501bebe080, 0x00007a501bebe5f8] Compiler: c1, Barriers: 1, Oops: 1, ImmediateOops: 1, NonImmediateOops: No
[2,573s][debug][gc,nmethod     ] Register NMethod: java.util.concurrent.locks.AbstractQueuedSynchronizer.compareAndSetState (0x00007a503ad25e08) [0x00007a503ad25f00, 0x00007a503ad25f90] Compiler: jvmci, Barriers: 0, Oops: 0, ImmediateOops: 0, NonImmediateOops: No
[2,573s][debug][gc,nmethod     ] Register NMethod: cn.danielw.fop.PoolConfig.getMinSize (0x00007a503ad26108) [0x00007a503ad26200, 0x00007a503ad262c0] Compiler: c1, Barriers: 0, Oops: 1, ImmediateOops: 0, NonImmediateOops: No
[2,573s][debug][gc,nmethod     ] Register NMethod: java.util.concurrent.CompletableFuture.join (0x00007a501bebe608) [0x00007a501bebe700, 0x00007a501bebe8d8] Compiler: c1, Barriers: 1, Oops: 0, ImmediateOops: 1, NonImmediateOops: No
[2,573s][debug][gc,nmethod     ] Register NMethod: java.lang.invoke.DirectMethodHandle$Holder.invokeStatic (0x00007a501bebe908) [0x00007a501bebea00, 0x00007a501bebedc8] Compiler: c1, Barriers: 1, Oops: 0, ImmediateOops: 0, NonImmediateOops: No
[2,573s][debug][gc,nmethod     ] Register NMethod: com.google.gson.stream.JsonReader.peekNumber (0x00007a501bebee08) [0x00007a501bebef00, 0x00007a501bebfc08] Compiler: c1, Barriers: 1, Oops: 1, ImmediateOops: 0, NonImmediateOops: No
[2,573s][debug][gc,nmethod     ] Register NMethod: java.util.concurrent.CompletableFuture.reportJoin (0x00007a501bebfc88) [0x00007a501bebfd80, 0x00007a501bec0cc8] Compiler: c1, Barriers: 1, Oops: 0, ImmediateOops: 0, NonImmediateOops: No
[2,574s][debug][gc,nmethod     ] Register NMethod: java.lang.invoke.LambdaForm$MH/0x000000005d29dc00.invoke (0x00007a501bec0d08) [0x00007a501bec0e00, 0x00007a501bec1970] Compiler: c1, Barriers: 2, Oops: 1, ImmediateOops: 0, NonImmediateOops: No
[2,574s][debug][gc,nmethod     ] Register NMethod: java.lang.Character.codePointBefore (0x00007a503ad26408) [0x00007a503ad26500, 0x00007a503ad266b0] Compiler: jvmci, Barriers: 1, Oops: 0, ImmediateOops: 0, NonImmediateOops: No
[2,574s][debug][gc,nmethod     ] Register NMethod: java.lang.invoke.Invokers$Holder.linkToTargetMethod (0x00007a501bec1988) [0x00007a501bec1a80, 0x00007a501bec1f78] Compiler: c1, Barriers: 0, Oops: 0, ImmediateOops: 0, NonImmediateOops: No
[2,574s][debug][gc,nmethod     ] Register NMethod: java.lang.invoke.LambdaForm$MH/0x000000005d29c000.invoke (0x00007a501bec1f88) [0x00007a501bec2080, 0x00007a501bec2370] Compiler: c1, Barriers: 0, Oops: 1, ImmediateOops: 0, NonImmediateOops: No
[2,575s][debug][gc,nmethod     ] Register NMethod: java.util.concurrent.ForkJoinPool.submissionQueue (0x00007a501bec2388) [0x00007a501bec2480, 0x00007a501bec3660] Compiler: c1, Barriers: 8, Oops: 1, ImmediateOops: 1, NonImmediateOops: No
[2,577s][debug][gc,nmethod     ] Register NMethod: java.lang.Class.getName (0x00007a503ad26708) [0x00007a503ad26800, 0x00007a503ad26908] Compiler: jvmci, Barriers: 1, Oops: 0, ImmediateOops: 0, NonImmediateOops: No
[2,578s][debug][gc,nmethod     ] Register NMethod: io.sirix.node.MemorySegmentBytesIn.readInt (0x00007a503ad26a08) [0x00007a503ad26b00, 0x00007a503ad26da8] Compiler: jvmci, Barriers: 4, Oops: 1, ImmediateOops: 0, NonImmediateOops: No
[2,578s][debug][gc,nmethod     ] Register NMethod: io.brackit.query.compiler.parser.Tokenizer.attemptSkipWS (0x00007a501bec3688) [0x00007a501bec3780, 0x00007a501bec3b20] Compiler: c1, Barriers: 0, Oops: 1, ImmediateOops: 0, NonImmediateOops: No
[2,578s][debug][gc,nmethod     ] Register NMethod: io.brackit.query.compiler.parser.Tokenizer.laSymSkipWS (0x00007a501bec3b88) [0x00007a501bec3c80, 0x00007a501bec3e70] Compiler: c1, Barriers: 0, Oops: 1, ImmediateOops: 0, NonImmediateOops: No
[2,578s][debug][gc,nmethod     ] Register NMethod: io.brackit.query.compiler.parser.Tokenizer.attemptSymSkipWS (0x00007a501bec3e88) [0x00007a501bec3f80, 0x00007a501bec43c8] Compiler: c1, Barriers: 0, Oops: 1, ImmediateOops: 0, NonImmediateOops: No
[2,580s][debug][gc,director    ] Rule Major: Warmup 10%, Used: 388MB, UsedThreshold: 1228MB
[2,581s][debug][gc,nmethod     ] Register NMethod: ch.qos.logback.classic.Logger.debug (0x00007a501bec4408) [0x00007a501bec4500, 0x00007a501bec4670] Compiler: c1, Barriers: 0, Oops: 1, ImmediateOops: 2, NonImmediateOops: No
[2,581s][debug][gc,nmethod     ] Register NMethod: com.github.benmanes.caffeine.cache.PSMW.setWeight (0x00007a503ad26e08) [0x00007a503ad26f00, 0x00007a503ad26fc0] Compiler: c1, Barriers: 0, Oops: 1, ImmediateOops: 0, NonImmediateOops: No
[2,581s][debug][gc,nmethod     ] Register NMethod: jdk.internal.classfile.impl.AbstractPoolEntry$AbstractNamedEntry.<init> (0x00007a503ad27108) [0x00007a503ad27200, 0x00007a503ad273a0] Compiler: jvmci, Barriers: 6, Oops: 0, ImmediateOops: 0, NonImmediateOops: No
[2,583s][debug][gc,nmethod     ] Register NMethod: io.sirix.node.MemorySegmentBytesIn.readByte (0x00007a503ad27408) [0x00007a503ad27500, 0x00007a503ad27738] Compiler: jvmci, Barriers: 4, Oops: 1, ImmediateOops: 0, NonImmediateOops: No
[2,584s][debug][gc,nmethod     ] Register NMethod: java.lang.invoke.MemberName.equals (0x00007a501bec4708) [0x00007a501bec4800, 0x00007a501bec4f70] Compiler: c1, Barriers: 0, Oops: 0, ImmediateOops: 0, NonImmediateOops: No
[2,584s][debug][gc,nmethod     ] Register NMethod: cn.danielw.fop.PoolConfig.getShutdownWaitMilliseconds (0x00007a503ad27788) [0x00007a503ad27880, 0x00007a503ad27940] Compiler: c1, Barriers: 0, Oops: 1, ImmediateOops: 0, NonImmediateOops: No
[2,584s][debug][gc,nmethod     ] Register NMethod: io.sirix.access.trx.page.NodePageReadOnlyTrx.closeCurrentPageGuard (0x00007a501bec4f88) [0x00007a501bec5080, 0x00007a501bec58f8] Compiler: c1, Barriers: 4, Oops: 3, ImmediateOops: 2, NonImmediateOops: No
[2,585s][debug][gc,nmethod     ] Register NMethod: java.util.concurrent.ArrayBlockingQueue.poll (0x00007a501bec5988) [0x00007a501bec5a80, 0x00007a501bec73a0] Compiler: c1, Barriers: 6, Oops: 0, ImmediateOops: 0, NonImmediateOops: No
[2,585s][debug][gc,nmethod     ] Register NMethod: java.util.concurrent.locks.AbstractQueuedSynchronizer$ConditionObject.signal (0x00007a501bec7408) [0x00007a501bec7500, 0x00007a501bec79e0] Compiler: c1, Barriers: 2, Oops: 0, ImmediateOops: 0, NonImmediateOops: No
[2,586s][debug][gc,nmethod     ] Register NMethod: java.io.UnixFileSystem.list0 (0x00007a503ad27a88) [0x00007a503ad27b80, 0x00007a503ad27eb0] Compiler: , Barriers: 0, Oops: 0, ImmediateOops: 0, NonImmediateOops: No
[2,586s][debug][gc,nmethod     ] Register NMethod: kotlin.io.FileTreeWalk.access$getDirection$p (0x00007a503ad27f08) [0x00007a503ad28000, 0x00007a503ad280d0] Compiler: c1, Barriers: 1, Oops: 1, ImmediateOops: 0, NonImmediateOops: No
[2,586s][debug][gc,nmethod     ] Register NMethod: kotlin.io.FileTreeWalk.access$getMaxDepth$p (0x00007a503ad28208) [0x00007a503ad28300, 0x00007a503ad283a0] Compiler: c1, Barriers: 0, Oops: 1, ImmediateOops: 0, NonImmediateOops: No
[2,587s][debug][gc,nmethod     ] Register NMethod: org.gradle.internal.serialize.kryo.KryoBackedEncoder.writeLong (0x00007a501bec7a08) [0x00007a501bec7b00, 0x00007a501bec7c88] Compiler: c1, Barriers: 1, Oops: 1, ImmediateOops: 0, NonImmediateOops: No
[2,587s][debug][gc,nmethod     ] Register NMethod: com.esotericsoftware.kryo.io.Output.writeLong (0x00007a501bec7d08) [0x00007a501bec7e00, 0x00007a501bec8148] Compiler: c1, Barriers: 1, Oops: 1, ImmediateOops: 0, NonImmediateOops: No
[2,587s][debug][gc,nmethod     ] Register NMethod: jdk.proxy3.$Proxy7.annotationType (0x00007a501bec8188) [0x00007a501bec8280, 0x00007a501bec88e8] Compiler: c1, Barriers: 1, Oops: 1, ImmediateOops: 1, NonImmediateOops: No
[2,587s][debug][gc,nmethod     ] Register NMethod: java.util.ArrayList.grow (0x00007a501bec8908) [0x00007a501bec8a00, 0x00007a501bec8b38] Compiler: c1, Barriers: 0, Oops: 0, ImmediateOops: 0, NonImmediateOops: No
[2,587s][debug][gc,nmethod     ] Register NMethod: java.lang.reflect.AccessibleObject.checkCanSetAccessible (0x00007a501bec8c08) [0x00007a501bec8d00, 0x00007a501bec8e38] Compiler: c1, Barriers: 0, Oops: 0, ImmediateOops: 0, NonImmediateOops: No
[2,587s][debug][gc,nmethod     ] Register NMethod: java.lang.reflect.AccessibleObject.setAccessible0 (0x00007a501bec8f08) [0x00007a501bec9000, 0x00007a501bec9110] Compiler: c1, Barriers: 0, Oops: 0, ImmediateOops: 0, NonImmediateOops: No
[2,588s][debug][gc,nmethod     ] Register NMethod: java.lang.reflect.AccessibleObject.isAccessible (0x00007a503ad28508) [0x00007a503ad28600, 0x00007a503ad286c0] Compiler: c1, Barriers: 0, Oops: 0, ImmediateOops: 0, NonImmediateOops: No
[2,588s][debug][gc,nmethod     ] Register NMethod: com.esotericsoftware.kryo.io.Output.writeString (0x00007a501bec9208) [0x00007a501bec9300, 0x00007a501bec9bc0] Compiler: c1, Barriers: 1, Oops: 1, ImmediateOops: 0, NonImmediateOops: No
[2,588s][debug][gc,nmethod     ] Register NMethod: org.junit.platform.engine.UniqueId$Segment.<init> (0x00007a501bec9c08) [0x00007a501bec9d00, 0x00007a501becaf10] Compiler: c1, Barriers: 8, Oops: 3, ImmediateOops: 2, NonImmediateOops: No
[2,588s][debug][gc,nmethod     ] Register NMethod: org.junit.platform.engine.support.hierarchical.ThrowableCollector.execute (0x00007a501becaf88) [0x00007a501becb080, 0x00007a501becb440] Compiler: c1, Barriers: 0, Oops: 1, ImmediateOops: 0, NonImmediateOops: No
[2,588s][debug][gc,nmethod     ] Register NMethod: java.nio.charset.Charset.defaultCharset (0x00007a501becb488) [0x00007a501becb580, 0x00007a501becb678] Compiler: c1, Barriers: 0, Oops: 0, ImmediateOops: 1, NonImmediateOops: No
[2,588s][debug][gc,nmethod     ] Register NMethod: java.lang.reflect.AccessibleObject.checkCanSetAccessible (0x00007a501becb788) [0x00007a501becb880, 0x00007a501bece198] Compiler: c1, Barriers: 3, Oops: 0, ImmediateOops: 3, NonImmediateOops: No
[2,589s][debug][gc,nmethod     ] Register NMethod: dagger.internal.DoubleCheck.<init> (0x00007a501bece208) [0x00007a501bece300, 0x00007a501bece670] Compiler: c1, Barriers: 6, Oops: 1, ImmediateOops: 1, NonImmediateOops: No
[2,589s][debug][gc,nmethod     ] Register NMethod: dagger.internal.DoubleCheck.provider (0x00007a501bece688) [0x00007a501bece780, 0x00007a501becef28] Compiler: c1, Barriers: 6, Oops: 1, ImmediateOops: 1, NonImmediateOops: No
[2,589s][debug][gc,nmethod     ] Register NMethod: dagger.internal.DoubleCheck.reentrantCheck (0x00007a501becef88) [0x00007a501becf080, 0x00007a501bed1120] Compiler: c1, Barriers: 0, Oops: 4, ImmediateOops: 7, NonImmediateOops: No
[2,590s][debug][gc,director    ] Rule Major: Warmup 10%, Used: 388MB, UsedThreshold: 1228MB
[2,590s][debug][gc,nmethod     ] Register NMethod: java.util.concurrent.CountedCompleter.addToPendingCount (0x00007a501bed1188) [0x00007a501bed1280, 0x00007a501bed1388] Compiler: c1, Barriers: 0, Oops: 0, ImmediateOops: 0, NonImmediateOops: No
[2,590s][debug][gc,nmethod     ] Register NMethod: jdk.internal.misc.Unsafe.putIntOpaque (0x00007a501bed1488) [0x00007a501bed1580, 0x00007a501bed1688] Compiler: c1, Barriers: 0, Oops: 0, ImmediateOops: 0, NonImmediateOops: No
[2,590s][debug][gc,nmethod     ] Register NMethod: java.util.concurrent.ForkJoinTask.fork (0x00007a501bed1788) [0x00007a501bed1880, 0x00007a501bed22b8] Compiler: c1, Barriers: 3, Oops: 1, ImmediateOops: 1, NonImmediateOops: No
[2,591s][debug][gc,nmethod     ] Register NMethod: java.util.concurrent.ForkJoinPool.runWorker (0x00007a501bed2308) [0x00007a501bed2400, 0x00007a501bed4048] Compiler: c1, Barriers: 13, Oops: 1, ImmediateOops: 1, NonImmediateOops: No
[2,592s][debug][gc,nmethod     ] Register NMethod: jdk.internal.classfile.impl.DirectCodeBuilder.aload (0x00007a503ad28808) [0x00007a503ad28900, 0x00007a503ad28f48] Compiler: jvmci, Barriers: 6, Oops: 0, ImmediateOops: 0, NonImmediateOops: No
[2,592s][debug][gc,nmethod     ] Register NMethod: java.util.HashMap.clear (0x00007a501bed4088) [0x00007a501bed4180, 0x00007a501bed4670] Compiler: c1, Barriers: 4, Oops: 0, ImmediateOops: 0, NonImmediateOops: No
[2,592s][debug][gc,nmethod     ] Register NMethod: sun.reflect.annotation.AnnotationInvocationHandler.invoke (0x00007a503ad28f88) [0x00007a503ad29080, 0x00007a503ad297c0] Compiler: jvmci, Barriers: 9, Oops: 0, ImmediateOops: 6, NonImmediateOops: No
[2,594s][debug][gc,nmethod     ] Register NMethod: java.io.FileInputStream.available0 (0x00007a503ad29808) [0x00007a503ad29900, 0x00007a503ad29a58] Compiler: , Barriers: 0, Oops: 0, ImmediateOops: 0, NonImmediateOops: No
[2,595s][debug][gc,nmethod     ] Register NMethod: com.google.gson.stream.JsonReader.push (0x00007a501bed4688) [0x00007a501bed4780, 0x00007a501bed5048] Compiler: c1, Barriers: 14, Oops: 1, ImmediateOops: 0, NonImmediateOops: No
[2,597s][debug][gc,nmethod     ] Register NMethod: java.util.ArrayList.iterator (0x00007a503ad29b08) [0x00007a503ad29c00, 0x00007a503ad29d40] Compiler: jvmci, Barriers: 2, Oops: 0, ImmediateOops: 0, NonImmediateOops: No
[2,597s][debug][gc,nmethod     ] Register NMethod: it.unimi.dsi.fastutil.longs.AbstractLongList.push (0x00007a501bed5088) [0x00007a501bed5180, 0x00007a501bed52c8] Compiler: c1, Barriers: 0, Oops: 1, ImmediateOops: 0, NonImmediateOops: No
[2,597s][debug][gc,nmethod     ] Register NMethod: org.junit.platform.commons.util.AnnotationUtils.findMetaAnnotation (0x00007a503ad29e08) [0x00007a503ad29f00, 0x00007a503ad2a858] Compiler: jvmci, Barriers: 11, Oops: 2, ImmediateOops: 4, NonImmediateOops: No
[2,597s][debug][gc,nmethod     ] Register NMethod: io.sirix.node.delegates.NodeDelegate.getParentKey (0x00007a503ad2a888) [0x00007a503ad2a980, 0x00007a503ad2aa40] Compiler: c1, Barriers: 0, Oops: 1, ImmediateOops: 0, NonImmediateOops: No
[2,598s][debug][gc,nmethod     ] Register NMethod: it.unimi.dsi.fastutil.longs.AbstractLongList.popLong (0x00007a501bed5388) [0x00007a501bed5480, 0x00007a501bed57a8] Compiler: c1, Barriers: 0, Oops: 1, ImmediateOops: 0, NonImmediateOops: No
[2,598s][debug][gc,nmethod     ] Register NMethod: it.unimi.dsi.fastutil.longs.LongArrayList.removeLong (0x00007a501bed5808) [0x00007a501bed5900, 0x00007a501bed7030] Compiler: c1, Barriers: 2, Oops: 4, ImmediateOops: 4, NonImmediateOops: No
[2,599s][debug][gc,nmethod     ] Register NMethod: it.unimi.dsi.fastutil.longs.LongArrayList.getLong (0x00007a501bed7088) [0x00007a501bed7180, 0x00007a501bed8610] Compiler: c1, Barriers: 1, Oops: 4, ImmediateOops: 4, NonImmediateOops: No
[2,599s][debug][gc,nmethod     ] Register NMethod: io.sirix.node.delegates.StructNodeDelegate.hasRightSibling (0x00007a501bed8688) [0x00007a501bed8780, 0x00007a501bed8ad8] Compiler: c1, Barriers: 0, Oops: 1, ImmediateOops: 1, NonImmediateOops: No
[2,599s][debug][gc,nmethod     ] Register NMethod: io.sirix.node.delegates.StructNodeDelegate.getLeftSiblingKey (0x00007a503ad2ab88) [0x00007a503ad2ac80, 0x00007a503ad2ad40] Compiler: c1, Barriers: 0, Oops: 1, ImmediateOops: 0, NonImmediateOops: No
[2,599s][debug][gc,nmethod     ] Register NMethod: io.sirix.node.xml.AbstractStructForwardingNode.hasRightSibling (0x00007a501bed8b08) [0x00007a501bed8c00, 0x00007a501bed91c8] Compiler: c1, Barriers: 0, Oops: 1, ImmediateOops: 1, NonImmediateOops: No
[2,599s][debug][gc,nmethod     ] Register NMethod: io.sirix.node.json.ArrayNode.getKind (0x00007a501bed9208) [0x00007a501bed9300, 0x00007a501bed9408] Compiler: c1, Barriers: 0, Oops: 1, ImmediateOops: 1, NonImmediateOops: No
[2,599s][debug][gc,nmethod     ] Register NMethod: io.sirix.node.json.StringNode.getNodeKey (0x00007a503ad2ae88) [0x00007a503ad2af80, 0x00007a503ad2b040] Compiler: c1, Barriers: 0, Oops: 1, ImmediateOops: 0, NonImmediateOops: No
[2,599s][debug][gc,nmethod     ] Register NMethod: jdk.internal.foreign.AbstractMemorySegmentImpl.asSlice (0x00007a501bed9508) [0x00007a501bed9600, 0x00007a501bed98f8] Compiler: c1, Barriers: 0, Oops: 0, ImmediateOops: 0, NonImmediateOops: No
[2,599s][debug][gc,nmethod     ] Register NMethod: jdk.internal.foreign.AbstractMemorySegmentImpl.asSlice (0x00007a501bed9908) [0x00007a501bed9a00, 0x00007a501bed9e40] Compiler: c1, Barriers: 0, Oops: 0, ImmediateOops: 0, NonImmediateOops: No
[2,599s][debug][gc,nmethod     ] Register NMethod: net.openhft.hashing.UnsafeAccess.byteOrder (0x00007a501bed9e88) [0x00007a501bed9f80, 0x00007a501beda0e0] Compiler: c1, Barriers: 0, Oops: 1, ImmediateOops: 1, NonImmediateOops: No
[2,599s][debug][gc,nmethod     ] Register NMethod: net.openhft.hashing.Access.byteOrder (0x00007a501beda188) [0x00007a501beda280, 0x00007a501beda7d8] Compiler: c1, Barriers: 0, Oops: 1, ImmediateOops: 0, NonImmediateOops: No
[2,599s][debug][gc,nmethod     ] Register NMethod: net.openhft.hashing.LongHashFunction.unsafeHash (0x00007a501beda808) [0x00007a501beda900, 0x00007a501bedac10] Compiler: c1, Barriers: 0, Oops: 1, ImmediateOops: 1, NonImmediateOops: No
[2,599s][debug][gc,nmethod     ] Register NMethod: net.openhft.hashing.XXH3.access$100 (0x00007a501bedac88) [0x00007a501bedad80, 0x00007a501bedae68] Compiler: c1, Barriers: 0, Oops: 1, ImmediateOops: 1, NonImmediateOops: No
[2,599s][debug][gc,nmethod     ] Register NMethod: net.openhft.hashing.XXH3.access$500 (0x00007a501bedaf88) [0x00007a501bedb080, 0x00007a501bedb190] Compiler: c1, Barriers: 0, Oops: 1, ImmediateOops: 0, NonImmediateOops: No
[2,600s][debug][gc,nmethod     ] Register NMethod: io.sirix.settings.VersioningType$4.combineRecordPagesForModification (0x00007a501bedb288) [0x00007a501bedb380, 0x00007a501bee42e8] Compiler: c1, Barriers: 27, Oops: 1, ImmediateOops: 0, NonImmediateOops: No
[2,600s][debug][gc,nmethod     ] Register NMethod: net.openhft.hashing.XXH3.XXH3_avalanche (0x00007a501bee4308) [0x00007a501bee4400, 0x00007a501bee4510] Compiler: c1, Barriers: 0, Oops: 1, ImmediateOops: 0, NonImmediateOops: No
[2,600s][debug][gc,director    ] Rule Major: Warmup 10%, Used: 392MB, UsedThreshold: 1228MB
[2,600s][debug][gc,nmethod     ] Register NMethod: net.openhft.hashing.XXH3$AsLongHashFunction.hash (0x00007a501bee4608) [0x00007a501bee4700, 0x00007a501bee4f50] Compiler: c1, Barriers: 0, Oops: 3, ImmediateOops: 2, NonImmediateOops: No
[2,600s][debug][gc,nmethod     ] Register NMethod: java.lang.Math.multiplyHigh (0x00007a503ad2b188) [0x00007a503ad2b280, 0x00007a503ad2b330] Compiler: jvmci, Barriers: 0, Oops: 0, ImmediateOops: 0, NonImmediateOops: No
[2,600s][debug][gc,nmethod     ] Register NMethod: io.sirix.access.trx.node.json.ForwardingJsonNodeReadOnlyTrx.moveTo (0x00007a501bee4f88) [0x00007a501bee5080, 0x00007a501bee5680] Compiler: c1, Barriers: 1, Oops: 1, ImmediateOops: 0, NonImmediateOops: No
[2,600s][debug][gc,nmethod     ] Register NMethod: io.sirix.node.json.ObjectBooleanNode.getNodeKey (0x00007a503ad2b488) [0x00007a503ad2b580, 0x00007a503ad2b640] Compiler: c1, Barriers: 0, Oops: 1, ImmediateOops: 0, NonImmediateOops: No
[2,600s][debug][gc,nmethod     ] Register NMethod: io.sirix.access.trx.node.json.JsonNodeHashing.getCurrentNode (0x00007a501bee5708) [0x00007a501bee5800, 0x00007a501bee5b70] Compiler: c1, Barriers: 2, Oops: 1, ImmediateOops: 0, NonImmediateOops: No
[2,600s][debug][gc,nmethod     ] Register NMethod: net.openhft.hashing.LongHashFunction.hashBytes (0x00007a501bee5b88) [0x00007a501bee5c80, 0x00007a501bee5dc8] Compiler: c1, Barriers: 0, Oops: 1, ImmediateOops: 0, NonImmediateOops: No
[2,601s][debug][gc,nmethod     ] Register NMethod: io.sirix.index.path.summary.PathNode.getLevel (0x00007a503ad2b788) [0x00007a503ad2b880, 0x00007a503ad2b940] Compiler: c1, Barriers: 0, Oops: 1, ImmediateOops: 0, NonImmediateOops: No
[2,602s][debug][gc,nmethod     ] Register NMethod: io.sirix.node.json.ObjectKeyNode.getRightSiblingKey (0x00007a501bee5e88) [0x00007a501bee5f80, 0x00007a501beeaf70] Compiler: c1, Barriers: 19, Oops: 7, ImmediateOops: 11, NonImmediateOops: No
[2,602s][debug][gc,nmethod     ] Register NMethod: java.lang.ref.SoftReference.get (0x00007a503ad2ba88) [0x00007a503ad2bb80, 0x00007a503ad2bcb8] Compiler: jvmci, Barriers: 2, Oops: 0, ImmediateOops: 1, NonImmediateOops: No
[2,605s][debug][gc,nmethod     ] Register NMethod: io.sirix.node.GrowingMemorySegment.writeInt (0x00007a503ad2bd88) [0x00007a503ad2be80, 0x00007a503ad2c2b0] Compiler: jvmci, Barriers: 6, Oops: 1, ImmediateOops: 0, NonImmediateOops: No
[2,605s][debug][gc,nmethod     ] Register NMethod: io.sirix.node.MemorySegmentBytesOut.writeLong (0x00007a503ad2c308) [0x00007a503ad2c400, 0x00007a503ad2c8a8] Compiler: jvmci, Barriers: 7, Oops: 1, ImmediateOops: 0, NonImmediateOops: No
[2,606s][debug][gc,nmethod     ] Register NMethod: net.openhft.hashing.XXH3.XXH3_64bits_internal (0x00007a501beeb008) [0x00007a501beeb100, 0x00007a501bf09ac8] Compiler: c1, Barriers: 0, Oops: 3, ImmediateOops: 136, NonImmediateOops: No
[2,608s][debug][gc,nmethod     ] Register NMethod: java.lang.invoke.Invokers$Holder.linkToTargetMethod (0x00007a501bf09b08) [0x00007a501bf09c00, 0x00007a501bf0a0f8] Compiler: c1, Barriers: 0, Oops: 0, ImmediateOops: 0, NonImmediateOops: No
[2,609s][debug][gc,nmethod     ] Register NMethod: sun.nio.fs.UnixPath.compareTo (0x00007a501bf0a108) [0x00007a501bf0a200, 0x00007a501bf0a5a8] Compiler: c1, Barriers: 2, Oops: 0, ImmediateOops: 0, NonImmediateOops: No
[2,609s][debug][gc,nmethod     ] Register NMethod: java.util.Arrays.compareUnsigned (0x00007a501bf0a608) [0x00007a501bf0a700, 0x00007a501bf0ac00] Compiler: c1, Barriers: 0, Oops: 0, ImmediateOops: 0, NonImmediateOops: No
[2,609s][debug][gc,nmethod     ] Register NMethod: io.sirix.access.trx.page.NodePageReadOnlyTrx.close (0x00007a501bf0ac08) [0x00007a501bf0ad00, 0x00007a501bf0db80] Compiler: c1, Barriers: 31, Oops: 1, ImmediateOops: 5, NonImmediateOops: No
[2,610s][debug][gc,nmethod     ] Register NMethod: java.util.ArrayList.clear (0x00007a501bf0dc08) [0x00007a501bf0dd00, 0x00007a501bf0e1b8] Compiler: c1, Barriers: 4, Oops: 0, ImmediateOops: 0, NonImmediateOops: No
[2,610s][debug][gc,director    ] Rule Major: Warmup 10%, Used: 394MB, UsedThreshold: 1228MB
[2,610s][debug][gc,nmethod     ] Register NMethod: java.io.FileOutputStream.writeBytes (0x00007a503ad2c908) [0x00007a503ad2ca00, 0x00007a503ad2cb58] Compiler: , Barriers: 0, Oops: 0, ImmediateOops: 0, NonImmediateOops: No
[2,611s][debug][gc,nmethod     ] Register NMethod: sun.nio.fs.UnixException.errno (0x00007a503ad2cc08) [0x00007a503ad2cd00, 0x00007a503ad2cdc0] Compiler: c1, Barriers: 0, Oops: 0, ImmediateOops: 0, NonImmediateOops: No
[2,611s][debug][gc,nmethod     ] Register NMethod: io.sirix.access.trx.page.NodePageReadOnlyTrx.getRevisionNumber (0x00007a501bf0e208) [0x00007a501bf0e300, 0x00007a501bf0e940] Compiler: c1, Barriers: 1, Oops: 1, ImmediateOops: 1, NonImmediateOops: No
[2,612s][debug][gc,nmethod     ] Register NMethod: java.util.stream.ReferencePipeline.lambda$toArray$0 (0x00007a501bf0e988) [0x00007a501bf0ea80, 0x00007a501bf0ebe8] Compiler: c1, Barriers: 0, Oops: 0, ImmediateOops: 0, NonImmediateOops: No
[2,612s][debug][gc,nmethod     ] Register NMethod: java.util.stream.ReferencePipeline$$Lambda/0x000000005d210170.apply (0x00007a501bf0ec88) [0x00007a501bf0ed80, 0x00007a501bf0ef60] Compiler: c1, Barriers: 0, Oops: 0, ImmediateOops: 0, NonImmediateOops: No
[2,612s][debug][gc,nmethod     ] Register NMethod: java.util.stream.SpinedBuffer.capacity (0x00007a501bf0ef88) [0x00007a501bf0f080, 0x00007a501bf0f320] Compiler: c1, Barriers: 4, Oops: 0, ImmediateOops: 0, NonImmediateOops: No
[2,612s][debug][gc,nmethod     ] Register NMethod: java.util.stream.SpinedBuffer.clear (0x00007a501bf0f388) [0x00007a501bf0f480, 0x00007a501bf0ff00] Compiler: c1, Barriers: 19, Oops: 0, ImmediateOops: 0, NonImmediateOops: No
[2,613s][debug][gc,nmethod     ] Register NMethod: java.util.stream.SpinedBuffer.ensureCapacity (0x00007a501bf0ff08) [0x00007a501bf10000, 0x00007a501bf11800] Compiler: c1, Barriers: 26, Oops: 0, ImmediateOops: 0, NonImmediateOops: No
[2,613s][debug][gc,nmethod     ] Register NMethod: java.lang.Long.valueOf (0x00007a503ad2cf08) [0x00007a503ad2d000, 0x00007a503ad2d1a8] Compiler: jvmci, Barriers: 1, Oops: 0, ImmediateOops: 1, NonImmediateOops: No
[2,616s][debug][gc,nmethod     ] Register NMethod: io.sirix.io.filechannel.FileChannelStorage.getDataFilePath (0x00007a501bf11808) [0x00007a501bf11900, 0x00007a501bf12328] Compiler: c1, Barriers: 3, Oops: 2, ImmediateOops: 2, NonImmediateOops: No
[2,616s][debug][gc,nmethod     ] Register NMethod: com.github.benmanes.caffeine.cache.Node.inWindow (0x00007a501bf12388) [0x00007a501bf12480, 0x00007a501bf127c8] Compiler: c1, Barriers: 0, Oops: 1, ImmediateOops: 0, NonImmediateOops: No
[2,616s][debug][gc,nmethod     ] Register NMethod: io.sirix.page.KeyValueLeafPage.releaseGuard (0x00007a501bf12808) [0x00007a501bf12900, 0x00007a501bf12c48] Compiler: c1, Barriers: 1, Oops: 1, ImmediateOops: 0, NonImmediateOops: No
[2,616s][debug][gc,nmethod     ] Register NMethod: it.unimi.dsi.fastutil.ints.Int2LongOpenHashMap.<init> (0x00007a501bf12c88) [0x00007a501bf12da0, 0x00007a501bf12ed8] Compiler: c1, Barriers: 0, Oops: 1, ImmediateOops: 0, NonImmediateOops: No
[2,616s][debug][gc,nmethod     ] Register NMethod: it.unimi.dsi.fastutil.ints.Int2IntOpenHashMap.<init> (0x00007a501bf12f88) [0x00007a501bf130a0, 0x00007a501bf131d8] Compiler: c1, Barriers: 0, Oops: 1, ImmediateOops: 0, NonImmediateOops: No
[2,617s][debug][gc,nmethod     ] Register NMethod: java.nio.HeapByteBuffer.get (0x00007a501bf13288) [0x00007a501bf13380, 0x00007a501bf137c0] Compiler: c1, Barriers: 1, Oops: 1, ImmediateOops: 1, NonImmediateOops: No
[2,617s][debug][gc,nmethod     ] Register NMethod: io.brackit.query.atomic.QNm.getNamespaceURI (0x00007a503ad2d208) [0x00007a503ad2d300, 0x00007a503ad2d3e8] Compiler: c1, Barriers: 1, Oops: 1, ImmediateOops: 0, NonImmediateOops: No
[2,617s][debug][gc,nmethod     ] Register NMethod: it.unimi.dsi.fastutil.ints.Int2LongOpenHashMap.getOrDefault (0x00007a501bf13808) [0x00007a501bf13900, 0x00007a501bf13e58] Compiler: c1, Barriers: 4, Oops: 1, ImmediateOops: 0, NonImmediateOops: No
[2,617s][debug][gc,nmethod     ] Register NMethod: java.lang.Long.hashCode (0x00007a503ad2d508) [0x00007a503ad2d600, 0x00007a503ad2d698] Compiler: jvmci, Barriers: 0, Oops: 0, ImmediateOops: 0, NonImmediateOops: No
[2,618s][debug][gc,nmethod     ] Register NMethod: com.sun.org.apache.xerces.internal.util.XMLResourceIdentifierImpl.getExpandedSystemId (0x00007a503ad2d808) [0x00007a503ad2d900, 0x00007a503ad2d9e8] Compiler: c1, Barriers: 1, Oops: 0, ImmediateOops: 0, NonImmediateOops: No
[2,618s][debug][gc,nmethod     ] Register NMethod: com.sun.org.apache.xerces.internal.util.XMLResourceIdentifierImpl.getPublicId (0x00007a503ad2db08) [0x00007a503ad2dc00, 0x00007a503ad2dce8] Compiler: c1, Barriers: 1, Oops: 0, ImmediateOops: 0, NonImmediateOops: No
[2,618s][debug][gc,nmethod     ] Register NMethod: io.sirix.node.MemorySegmentBytesIn.getUnderlying (0x00007a501bf13e88) [0x00007a501bf13f80, 0x00007a501bf14500] Compiler: c1, Barriers: 1, Oops: 1, ImmediateOops: 0, NonImmediateOops: No
[2,618s][debug][gc,nmethod     ] Register NMethod: io.sirix.node.MemorySegmentBytesIn.getUnderlying (0x00007a501bf14588) [0x00007a501bf14680, 0x00007a501bf14c68] Compiler: c1, Barriers: 1, Oops: 1, ImmediateOops: 0, NonImmediateOops: No
[2,618s][debug][gc,nmethod     ] Register NMethod: com.sun.xml.internal.stream.events.DummyEvent.setEventType (0x00007a503ad2de08) [0x00007a503ad2df00, 0x00007a503ad2dfc0] Compiler: c1, Barriers: 0, Oops: 0, ImmediateOops: 0, NonImmediateOops: No
[2,618s][debug][gc,nmethod     ] Register NMethod: io.sirix.access.trx.node.AbstractNodeTrxImpl.getCurrentNode (0x00007a501bf14c88) [0x00007a501bf14d80, 0x00007a501bf150f0] Compiler: c1, Barriers: 2, Oops: 1, ImmediateOops: 0, NonImmediateOops: No
[2,618s][debug][gc,nmethod     ] Register NMethod: com.sun.org.apache.xerces.internal.impl.XMLStreamReaderImpl.getEventType (0x00007a503ad2e108) [0x00007a503ad2e200, 0x00007a503ad2e2c0] Compiler: c1, Barriers: 0, Oops: 0, ImmediateOops: 0, NonImmediateOops: No
[2,618s][debug][gc,nmethod     ] Register NMethod: com.sun.org.apache.xerces.internal.impl.XMLEntityScanner.checkBeforeLoad (0x00007a501bf15108) [0x00007a501bf15200, 0x00007a501bf15758] Compiler: c1, Barriers: 4, Oops: 0, ImmediateOops: 1, NonImmediateOops: No
[2,618s][debug][gc,nmethod     ] Register NMethod: com.sun.org.apache.xerces.internal.impl.XMLDocumentFragmentScannerImpl.getElementQName (0x00007a501bf15788) [0x00007a501bf15880, 0x00007a501bf15e98] Compiler: c1, Barriers: 21, Oops: 0, ImmediateOops: 0, NonImmediateOops: No
[2,618s][debug][gc,nmethod     ] Register NMethod: io.sirix.utils.XMLToken.cl (0x00007a501bf15f08) [0x00007a501bf16000, 0x00007a501bf16160] Compiler: c1, Barriers: 0, Oops: 1, ImmediateOops: 1, NonImmediateOops: No
[2,618s][debug][gc,nmethod     ] Register NMethod: io.sirix.utils.XMLToken.cl (0x00007a501bf16208) [0x00007a501bf16300, 0x00007a501bf164e0] Compiler: c1, Barriers: 0, Oops: 1, ImmediateOops: 1, NonImmediateOops: No
[2,618s][debug][gc,nmethod     ] Register NMethod: io.sirix.utils.XMLToken.cp (0x00007a501bf16508) [0x00007a501bf16600, 0x00007a501bf16a38] Compiler: c1, Barriers: 0, Oops: 1, ImmediateOops: 1, NonImmediateOops: No
[2,618s][debug][gc,nmethod     ] Register NMethod: com.sun.org.apache.xerces.internal.util.XMLAttributesImpl.getLength (0x00007a503ad2e408) [0x00007a503ad2e500, 0x00007a503ad2e5c0] Compiler: c1, Barriers: 0, Oops: 0, ImmediateOops: 0, NonImmediateOops: No
[2,619s][debug][gc,nmethod     ] Register NMethod: io.sirix.utils.XMLToken.isNCStartChar (0x00007a501bf16a88) [0x00007a501bf16b80, 0x00007a501bf171f0] Compiler: c1, Barriers: 0, Oops: 1, ImmediateOops: 0, NonImmediateOops: No
[2,619s][debug][gc,nmethod     ] Register NMethod: io.sirix.index.path.summary.PathSummaryReader.getPathNode (0x00007a501bf17208) [0x00007a501bf17300, 0x00007a501bf17a00] Compiler: c1, Barriers: 1, Oops: 1, ImmediateOops: 1, NonImmediateOops: No
[2,619s][debug][gc,nmethod     ] Register NMethod: com.sun.org.apache.xerces.internal.impl.XMLEntityScanner.peekChar (0x00007a501bf17a88) [0x00007a501bf17b80, 0x00007a501bf18038] Compiler: c1, Barriers: 3, Oops: 0, ImmediateOops: 0, NonImmediateOops: No
[2,619s][debug][gc,nmethod     ] Register NMethod: io.sirix.access.trx.node.xml.ForwardingXmlNodeReadOnlyTrx.getNodeKey (0x00007a501bf18088) [0x00007a501bf18180, 0x00007a501bf18778] Compiler: c1, Barriers: 1, Oops: 1, ImmediateOops: 0, NonImmediateOops: No
[2,620s][debug][gc,nmethod     ] Register NMethod: java.util.ArrayList.sort (0x00007a501bf18788) [0x00007a501bf18880, 0x00007a501bf189e0] Compiler: c1, Barriers: 0, Oops: 0, ImmediateOops: 0, NonImmediateOops: No
[2,620s][debug][gc,nmethod     ] Register NMethod: java.util.ArrayList.sortRange (0x00007a501bf18a88) [0x00007a501bf18b80, 0x00007a501bf18db0] Compiler: c1, Barriers: 1, Oops: 0, ImmediateOops: 0, NonImmediateOops: No
[2,620s][debug][gc,nmethod     ] Register NMethod: java.util.stream.SortedOps$RefSortingSink.begin (0x00007a501bf18e08) [0x00007a501bf18f00, 0x00007a501bf194c0] Compiler: c1, Barriers: 6, Oops: 0, ImmediateOops: 2, NonImmediateOops: No
[2,620s][debug][gc,director    ] Rule Major: Warmup 10%, Used: 398MB, UsedThreshold: 1228MB
[2,620s][debug][gc,nmethod     ] Register NMethod: io.sirix.node.xml.ElementNode.getLeftSiblingKey (0x00007a501bf19508) [0x00007a501bf19600, 0x00007a501bf1e5f0] Compiler: c1, Barriers: 19, Oops: 7, ImmediateOops: 11, NonImmediateOops: No
[2,620s][debug][gc,nmethod     ] Register NMethod: java.util.stream.SortedOps$RefSortingSink.end (0x00007a501bf1e688) [0x00007a501bf1e780, 0x00007a501bf203e8] Compiler: c1, Barriers: 20, Oops: 1, ImmediateOops: 2, NonImmediateOops: No
[2,621s][debug][gc,nmethod     ] Register NMethod: io.sirix.node.xml.ElementNode.hasFirstChild (0x00007a501bf20408) [0x00007a501bf20500, 0x00007a501bf25938] Compiler: c1, Barriers: 19, Oops: 7, ImmediateOops: 12, NonImmediateOops: No
[2,621s][debug][gc,nmethod     ] Register NMethod: io.sirix.node.xml.ElementNode.getDescendantCount (0x00007a501bf25988) [0x00007a501bf25a80, 0x00007a501bf292f8] Compiler: c1, Barriers: 7, Oops: 6, ImmediateOops: 10, NonImmediateOops: No
[2,622s][debug][gc,nmethod     ] Register NMethod: io.sirix.page.PageReference.getDatabaseId (0x00007a503ad2e708) [0x00007a503ad2e800, 0x00007a503ad2e8c0] Compiler: c1, Barriers: 0, Oops: 1, ImmediateOops: 0, NonImmediateOops: No
[2,622s][debug][gc,nmethod     ] Register NMethod: io.sirix.page.PageReference.getResourceId (0x00007a503ad2ea08) [0x00007a503ad2eb00, 0x00007a503ad2ebc0] Compiler: c1, Barriers: 0, Oops: 1, ImmediateOops: 0, NonImmediateOops: No
[2,622s][debug][gc,nmethod     ] Register NMethod: java.util.concurrent.ForkJoinTask.setNoUserHelp (0x00007a501bf29388) [0x00007a501bf29480, 0x00007a501bf29590] Compiler: c1, Barriers: 0, Oops: 0, ImmediateOops: 0, NonImmediateOops: No
[2,622s][debug][gc,nmethod     ] Register NMethod: com.github.benmanes.caffeine.cache.AccessOrderDeque.contains (0x00007a501bf29688) [0x00007a501bf29780, 0x00007a501bf29d78] Compiler: c1, Barriers: 1, Oops: 1, ImmediateOops: 0, NonImmediateOops: No
[2,623s][debug][gc,nmethod     ] Register NMethod: java.util.concurrent.CompletableFuture.<init> (0x00007a501bf29d88) [0x00007a501bf29e80, 0x00007a501bf29fd8] Compiler: c1, Barriers: 0, Oops: 0, ImmediateOops: 0, NonImmediateOops: No
[2,623s][debug][gc,nmethod     ] Register NMethod: java.util.concurrent.ConcurrentLinkedDeque.updateTail (0x00007a501bf2a088) [0x00007a501bf2a180, 0x00007a501bf2a880] Compiler: c1, Barriers: 6, Oops: 1, ImmediateOops: 1, NonImmediateOops: No
[2,623s][debug][gc,nmethod     ] Register NMethod: java.util.concurrent.ConcurrentLinkedDeque.updateHead (0x00007a501bf2a908) [0x00007a501bf2aa00, 0x00007a501bf2b100] Compiler: c1, Barriers: 6, Oops: 1, ImmediateOops: 1, NonImmediateOops: No
[2,623s][debug][gc,nmethod     ] Register NMethod: io.sirix.node.HashEntryNode.getKind (0x00007a501bf2b188) [0x00007a501bf2b280, 0x00007a501bf2b388] Compiler: c1, Barriers: 0, Oops: 1, ImmediateOops: 1, NonImmediateOops: No
[2,623s][debug][gc,nmethod     ] Register NMethod: io.sirix.node.HashEntryNode.getKind (0x00007a501bf2b488) [0x00007a501bf2b580, 0x00007a501bf2b8a0] Compiler: c1, Barriers: 0, Oops: 1, ImmediateOops: 1, NonImmediateOops: No
[2,623s][debug][gc,nmethod     ] Register NMethod: java.util.concurrent.ConcurrentLinkedDeque.skipDeletedSuccessors (0x00007a501bf2b908) [0x00007a501bf2ba00, 0x00007a501bf2d730] Compiler: c1, Barriers: 11, Oops: 5, ImmediateOops: 11, NonImmediateOops: No
[2,623s][debug][gc,nmethod     ] Register NMethod: io.sirix.node.MemorySegmentBytesOut.writeByte (0x00007a503ad2ed08) [0x00007a503ad2ee00, 0x00007a503ad2f288] Compiler: jvmci, Barriers: 7, Oops: 1, ImmediateOops: 0, NonImmediateOops: No
[2,624s][debug][gc,nmethod     ] Register NMethod: java.util.concurrent.ConcurrentLinkedDeque.skipDeletedPredecessors (0x00007a501bf2d788) [0x00007a501bf2d880, 0x00007a501bf2f5b0] Compiler: c1, Barriers: 11, Oops: 5, ImmediateOops: 11, NonImmediateOops: No
[2,624s][debug][gc,nmethod     ] Register NMethod: io.sirix.node.HashCountEntryNode.<init> (0x00007a501bf2f608) [0x00007a501bf2f700, 0x00007a501bf2f860] Compiler: c1, Barriers: 0, Oops: 1, ImmediateOops: 0, NonImmediateOops: No
[2,624s][debug][gc,nmethod     ] Register NMethod: java.util.concurrent.ConcurrentHashMap.size (0x00007a501bf2f908) [0x00007a501bf2fa00, 0x00007a501bf2fdd0] Compiler: c1, Barriers: 0, Oops: 0, ImmediateOops: 0, NonImmediateOops: No
[2,624s][debug][gc,nmethod     ] Register NMethod: java.util.ArrayList.toArray (0x00007a501bf2fe08) [0x00007a501bf2ff00, 0x00007a501bf30778] Compiler: c1, Barriers: 6, Oops: 0, ImmediateOops: 0, NonImmediateOops: No
[2,624s][debug][gc,nmethod     ] Register NMethod: io.sirix.page.KeyValueLeafPage.acquireGuard (0x00007a501bf30788) [0x00007a501bf30880, 0x00007a501bf30bc8] Compiler: c1, Barriers: 1, Oops: 1, ImmediateOops: 0, NonImmediateOops: No
[2,624s][debug][gc,nmethod     ] Register NMethod: io.sirix.node.MemorySegmentBytesOut.writeInt (0x00007a503ad2f308) [0x00007a503ad2f400, 0x00007a503ad2f890] Compiler: jvmci, Barriers: 7, Oops: 1, ImmediateOops: 0, NonImmediateOops: No
[2,625s][debug][gc,nmethod     ] Register NMethod: java.util.stream.Nodes$SpinedNodeBuilder.build (0x00007a501bf30c08) [0x00007a501bf30d00, 0x00007a501bf30e10] Compiler: c1, Barriers: 0, Oops: 0, ImmediateOops: 0, NonImmediateOops: No
[2,625s][debug][gc,nmethod     ] Register NMethod: java.util.stream.Nodes$SpinedNodeBuilder.asArray (0x00007a501bf30f08) [0x00007a501bf31000, 0x00007a501bf31140] Compiler: c1, Barriers: 0, Oops: 0, ImmediateOops: 0, NonImmediateOops: No
[2,625s][debug][gc,nmethod     ] Register NMethod: java.util.stream.Nodes$SpinedNodeBuilder.copyInto (0x00007a501bf31208) [0x00007a501bf31300, 0x00007a501bf31440] Compiler: c1, Barriers: 0, Oops: 0, ImmediateOops: 0, NonImmediateOops: No
[2,625s][debug][gc,nmethod     ] Register NMethod: java.util.stream.SpinedBuffer.asArray (0x00007a501bf31508) [0x00007a501bf31600, 0x00007a501bf320f0] Compiler: c1, Barriers: 1, Oops: 0, ImmediateOops: 1, NonImmediateOops: No
[2,625s][debug][gc,nmethod     ] Register NMethod: java.lang.invoke.VarHandleGuards.guard_LJ_I (0x00007a503ad2f908) [0x00007a503ad2fa00, 0x00007a503ad30290] Compiler: jvmci, Barriers: 26, Oops: 0, ImmediateOops: 5, NonImmediateOops: No
[2,626s][debug][gc,nmethod     ] Register NMethod: java.util.stream.SpinedBuffer.copyInto (0x00007a501bf32108) [0x00007a501bf32200, 0x00007a501bf32df8] Compiler: c1, Barriers: 7, Oops: 0, ImmediateOops: 1, NonImmediateOops: No
[2,626s][debug][gc,nmethod     ] Register NMethod: java.util.BitSet.get (0x00007a503ad30308) [0x00007a503ad30400, 0x00007a503ad30588] Compiler: jvmci, Barriers: 1, Oops: 0, ImmediateOops: 0, NonImmediateOops: No
[2,627s][debug][gc,nmethod     ] Register NMethod: com.github.benmanes.caffeine.cache.PSMW.getPolicyWeight (0x00007a503ad30608) [0x00007a503ad30700, 0x00007a503ad307c0] Compiler: c1, Barriers: 0, Oops: 1, ImmediateOops: 0, NonImmediateOops: No
[2,628s][debug][gc,nmethod     ] Register NMethod: java.lang.invoke.VarHandleLongs$FieldInstanceReadWrite.compareAndSet (0x00007a501bf32e08) [0x00007a501bf32f00, 0x00007a501bf33940] Compiler: c1, Barriers: 1, Oops: 1, ImmediateOops: 0, NonImmediateOops: No
[2,628s][debug][gc,nmethod     ] Register NMethod: java.util.concurrent.ForkJoinPool.poolIsStopping (0x00007a501bf33988) [0x00007a501bf33a80, 0x00007a501bf33bf8] Compiler: c1, Barriers: 0, Oops: 0, ImmediateOops: 0, NonImmediateOops: No
[2,628s][debug][gc,nmethod     ] Register NMethod: io.sirix.io.AbstractForwardingReader.read (0x00007a501bf33c88) [0x00007a501bf33d80, 0x00007a501bf33f30] Compiler: c1, Barriers: 1, Oops: 1, ImmediateOops: 0, NonImmediateOops: No
[2,628s][debug][gc,nmethod     ] Register NMethod: java.util.concurrent.ForkJoinTask$RunnableExecuteAction.compute (0x00007a501bf33f88) [0x00007a501bf34080, 0x00007a501bf343d0] Compiler: c1, Barriers: 1, Oops: 0, ImmediateOops: 0, NonImmediateOops: No
[2,628s][debug][gc,nmethod     ] Register NMethod: java.util.concurrent.ForkJoinTask$RunnableExecuteAction.setRawResult (0x00007a501bf34408) [0x00007a501bf34500, 0x00007a501bf34600] Compiler: c1, Barriers: 0, Oops: 0, ImmediateOops: 0, NonImmediateOops: No
[2,628s][debug][gc,nmethod     ] Register NMethod: java.util.concurrent.ForkJoinTask$RunnableExecuteAction.compute (0x00007a501bf34708) [0x00007a501bf34800, 0x00007a501bf34d60] Compiler: c1, Barriers: 1, Oops: 0, ImmediateOops: 0, NonImmediateOops: No
[2,628s][debug][gc,nmethod     ] Register NMethod: java.util.concurrent.ForkJoinTask$RunnableExecuteAction.setRawResult (0x00007a501bf34d88) [0x00007a501bf34e80, 0x00007a501bf35398] Compiler: c1, Barriers: 0, Oops: 0, ImmediateOops: 0, NonImmediateOops: No
[2,628s][debug][gc,nmethod     ] Register NMethod: java.util.Objects.checkFromIndexSize (0x00007a503ad30908) [0x00007a503ad30a00, 0x00007a503ad30ab0] Compiler: jvmci, Barriers: 0, Oops: 0, ImmediateOops: 0, NonImmediateOops: No
[2,628s][debug][gc,nmethod     ] Register NMethod: java.util.concurrent.ForkJoinTask$InterruptibleTask.exec (0x00007a501bf35408) [0x00007a501bf35500, 0x00007a501bf37a18] Compiler: c1, Barriers: 13, Oops: 0, ImmediateOops: 0, NonImmediateOops: No
[2,629s][debug][gc,nmethod     ] Register NMethod: org.magicwerk.brownies.collections.GapList.get (0x00007a503ad30c08) [0x00007a503ad30d00, 0x00007a503ad30f00] Compiler: jvmci, Barriers: 3, Oops: 1, ImmediateOops: 0, NonImmediateOops: No
[2,629s][debug][gc,nmethod     ] Register NMethod: io.sirix.access.trx.page.NodePageReadOnlyTrx$PageFragmentsResult.originalKeys (0x00007a503ad30f88) [0x00007a503ad31080, 0x00007a503ad31168] Compiler: c1, Barriers: 1, Oops: 1, ImmediateOops: 0, NonImmediateOops: No
[2,629s][debug][gc,nmethod     ] Register NMethod: io.sirix.access.trx.page.NodePageReadOnlyTrx$PageFragmentsResult.storageKeyForFirstFragment (0x00007a503ad31288) [0x00007a503ad31380, 0x00007a503ad31440] Compiler: c1, Barriers: 0, Oops: 1, ImmediateOops: 0, NonImmediateOops: No
[2,630s][debug][gc,director    ] Rule Major: Warmup 10%, Used: 400MB, UsedThreshold: 1228MB
[2,630s][debug][gc,nmethod     ] Register NMethod: io.sirix.axis.pathsummary.AbstractAxis.hasNext (0x00007a501bf37a88) [0x00007a501bf37b80, 0x00007a501bf38228] Compiler: c1, Barriers: 2, Oops: 1, ImmediateOops: 1, NonImmediateOops: No
[2,631s][debug][gc,nmethod     ] Register NMethod: jdk.proxy3.$Proxy7.hashCode (0x00007a501bf38288) [0x00007a501bf38380, 0x00007a501bf38bc8] Compiler: c1, Barriers: 1, Oops: 1, ImmediateOops: 1, NonImmediateOops: No
[2,631s][debug][gc,nmethod     ] Register NMethod: java.util.regex.Matcher.getTextLength (0x00007a501bf38c08) [0x00007a501bf38d00, 0x00007a501bf39040] Compiler: c1, Barriers: 1, Oops: 0, ImmediateOops: 0, NonImmediateOops: No
[2,631s][debug][gc,nmethod     ] Register NMethod: org.junit.platform.engine.UniqueId.toString (0x00007a501bf39088) [0x00007a501bf39180, 0x00007a501bf39b58] Compiler: c1, Barriers: 11, Oops: 1, ImmediateOops: 2, NonImmediateOops: No
[2,631s][debug][gc,nmethod     ] Register NMethod: org.junit.platform.engine.UniqueId.equals (0x00007a501bf39b88) [0x00007a501bf39c80, 0x00007a501bf3a6f0] Compiler: c1, Barriers: 4, Oops: 1, ImmediateOops: 0, NonImmediateOops: No
[2,632s][debug][gc,nmethod     ] Register NMethod: java.util.ArrayList.equals (0x00007a501bf3a708) [0x00007a501bf3a800, 0x00007a501bf3b400] Compiler: c1, Barriers: 1, Oops: 0, ImmediateOops: 1, NonImmediateOops: No
[2,632s][debug][gc,nmethod     ] Register NMethod: java.util.regex.Matcher.reset (0x00007a501bf3b408) [0x00007a501bf3b500, 0x00007a501bf3bee0] Compiler: c1, Barriers: 7, Oops: 0, ImmediateOops: 0, NonImmediateOops: No
[2,632s][debug][gc,nmethod     ] Register NMethod: com.esotericsoftware.kryo.io.Output.writeInt (0x00007a501bf3bf08) [0x00007a501bf3c000, 0x00007a501bf3c148] Compiler: c1, Barriers: 0, Oops: 1, ImmediateOops: 0, NonImmediateOops: No
[2,632s][debug][gc,nmethod     ] Register NMethod: org.gradle.internal.serialize.kryo.KryoBackedEncoder.writeSmallInt (0x00007a501bf3c208) [0x00007a501bf3c300, 0x00007a501bf3c4f8] Compiler: c1, Barriers: 1, Oops: 1, ImmediateOops: 0, NonImmediateOops: No
[2,632s][debug][gc,nmethod     ] Register NMethod: com.esotericsoftware.kryo.io.Output.writeVarInt (0x00007a501bf3c508) [0x00007a501bf3c600, 0x00007a501bf3ce78] Compiler: c1, Barriers: 5, Oops: 1, ImmediateOops: 0, NonImmediateOops: No
[2,632s][debug][gc,nmethod     ] Register NMethod: java.util.concurrent.locks.AbstractQueuedSynchronizer$ConditionNode.isReleasable (0x00007a501bf3ce88) [0x00007a501bf3cf80, 0x00007a501bf3d348] Compiler: c1, Barriers: 1, Oops: 0, ImmediateOops: 0, NonImmediateOops: No
[2,632s][debug][gc,nmethod     ] Register NMethod: java.io.Reader.<init> (0x00007a501bf3d388) [0x00007a501bf3d480, 0x00007a501bf3d7b8] Compiler: c1, Barriers: 6, Oops: 0, ImmediateOops: 0, NonImmediateOops: No
[2,632s][debug][gc,nmethod     ] Register NMethod: java.nio.charset.CharsetDecoder.charset (0x00007a503ad31588) [0x00007a503ad31680, 0x00007a503ad31768] Compiler: c1, Barriers: 1, Oops: 0, ImmediateOops: 0, NonImmediateOops: No
[2,632s][debug][gc,nmethod     ] Register NMethod: com.github.benmanes.caffeine.cache.SSMS.accessOrderWindowDeque (0x00007a503ad31888) [0x00007a503ad31980, 0x00007a503ad31a70] Compiler: c1, Barriers: 1, Oops: 1, ImmediateOops: 0, NonImmediateOops: No
[2,633s][debug][gc,nmethod     ] Register NMethod: com.github.benmanes.caffeine.cache.PSMS.getPreviousInAccessOrder (0x00007a503ad31b88) [0x00007a503ad31c80, 0x00007a503ad31d68] Compiler: c1, Barriers: 1, Oops: 1, ImmediateOops: 0, NonImmediateOops: No
[2,633s][debug][gc,nmethod     ] Register NMethod: com.github.benmanes.caffeine.cache.SSMS.fastpath (0x00007a503ad31e88) [0x00007a503ad31f80, 0x00007a503ad32040] Compiler: c1, Barriers: 0, Oops: 1, ImmediateOops: 0, NonImmediateOops: No
[2,633s][debug][gc,nmethod     ] Register NMethod: com.github.benmanes.caffeine.cache.Caffeine.requireArgument (0x00007a501bf3d808) [0x00007a501bf3d900, 0x00007a501bf3dad0] Compiler: c1, Barriers: 0, Oops: 1, ImmediateOops: 0, NonImmediateOops: No
[2,633s][debug][gc,nmethod     ] Register NMethod: com.github.benmanes.caffeine.cache.SingletonWeigher.weigh (0x00007a503ad32188) [0x00007a503ad32280, 0x00007a503ad32340] Compiler: c1, Barriers: 0, Oops: 1, ImmediateOops: 0, NonImmediateOops: No
[2,633s][debug][gc,nmethod     ] Register NMethod: com.github.benmanes.caffeine.cache.BoundedLocalCache.isRecordingStats (0x00007a503ad32488) [0x00007a503ad32580, 0x00007a503ad32640] Compiler: c1, Barriers: 0, Oops: 1, ImmediateOops: 0, NonImmediateOops: No
[2,633s][debug][gc,nmethod     ] Register NMethod: com.github.benmanes.caffeine.cache.BoundedLocalCache.refreshIfNeeded (0x00007a501bf3db08) [0x00007a501bf3dc00, 0x00007a501bf3df40] Compiler: c1, Barriers: 0, Oops: 1, ImmediateOops: 0, NonImmediateOops: No
[2,633s][debug][gc,nmethod     ] Register NMethod: com.github.benmanes.caffeine.cache.BLCHeader$DrainStatusRef.shouldDrainBuffers (0x00007a501bf3df88) [0x00007a501bf3e080, 0x00007a501bf3f358] Compiler: c1, Barriers: 0, Oops: 6, ImmediateOops: 6, NonImmediateOops: No
[2,633s][debug][gc,nmethod     ] Register NMethod: io.sirix.access.trx.page.NodePageReadOnlyTrx$$Lambda/0x000000005d2c4468.<init> (0x00007a501bf3f408) [0x00007a501bf3f500, 0x00007a501bf3f748] Compiler: c1, Barriers: 6, Oops: 1, ImmediateOops: 0, NonImmediateOops: No
[2,634s][debug][gc,nmethod     ] Register NMethod: com.github.benmanes.caffeine.cache.LocalCache$$Lambda/0x000000005d2c46a8.apply (0x00007a501bf3f788) [0x00007a501bf3f880, 0x00007a501bf3fc58] Compiler: c1, Barriers: 2, Oops: 1, ImmediateOops: 0, NonImmediateOops: No
[2,634s][debug][gc,nmethod     ] Register NMethod: io.sirix.access.trx.page.NodePageReadOnlyTrx.lambda$loadPage$0 (0x00007a501bf3fc88) [0x00007a501bf3fd80, 0x00007a501bf405e8] Compiler: c1, Barriers: 3, Oops: 1, ImmediateOops: 1, NonImmediateOops: No
[2,634s][debug][gc,nmethod     ] Register NMethod: io.sirix.access.trx.page.NodePageReadOnlyTrx$$Lambda/0x000000005d2c4468.apply (0x00007a501bf40608) [0x00007a501bf40700, 0x00007a501bf41470] Compiler: c1, Barriers: 5, Oops: 1, ImmediateOops: 1, NonImmediateOops: No
[2,634s][debug][gc,nmethod     ] Register NMethod: io.sirix.page.PageUtils.createDelegate (0x00007a501bf41488) [0x00007a501bf41580, 0x00007a501bf42690] Compiler: c1, Barriers: 16, Oops: 1, ImmediateOops: 0, NonImmediateOops: No
[2,634s][debug][gc,nmethod     ] Register NMethod: com.github.benmanes.caffeine.cache.LocalCache.lambda$statsAware$3 (0x00007a501bf42708) [0x00007a501bf42800, 0x00007a501bf444b0] Compiler: c1, Barriers: 0, Oops: 1, ImmediateOops: 0, NonImmediateOops: No
[2,634s][debug][gc,nmethod     ] Register NMethod: java.lang.ThreadLocal.getMap (0x00007a503ad32788) [0x00007a503ad32880, 0x00007a503ad32a30] Compiler: jvmci, Barriers: 3, Oops: 0, ImmediateOops: 0, NonImmediateOops: No
[2,634s][debug][gc,nmethod     ] Register NMethod: io.sirix.page.SerializationType$1.deserializeReferencesPage4 (0x00007a501bf44508) [0x00007a501bf44600, 0x00007a501bf45aa8] Compiler: c1, Barriers: 13, Oops: 1, ImmediateOops: 0, NonImmediateOops: No
[2,634s][debug][gc,nmethod     ] Register NMethod: jdk.internal.ref.CleanerImpl$CleanableList.insert (0x00007a503ad32a88) [0x00007a503ad32b80, 0x00007a503ad32f98] Compiler: jvmci, Barriers: 8, Oops: 0, ImmediateOops: 0, NonImmediateOops: No
[2,634s][debug][gc,nmethod     ] Register NMethod: io.sirix.page.DeserializedReferencesPage4Tuple.<init> (0x00007a501bf45b08) [0x00007a501bf45c00, 0x00007a501bf45ea8] Compiler: c1, Barriers: 6, Oops: 1, ImmediateOops: 0, NonImmediateOops: No
[2,634s][debug][gc,nmethod     ] Register NMethod: java.util.concurrent.atomic.LongAdder.increment (0x00007a501bf45f08) [0x00007a501bf46000, 0x00007a501bf46148] Compiler: c1, Barriers: 0, Oops: 0, ImmediateOops: 0, NonImmediateOops: No
[2,634s][debug][gc,nmethod     ] Register NMethod: com.github.benmanes.caffeine.cache.stats.ConcurrentStatsCounter.recordLoadSuccess (0x00007a501bf46208) [0x00007a501bf46300, 0x00007a501bf46598] Compiler: c1, Barriers: 2, Oops: 1, ImmediateOops: 0, NonImmediateOops: No
[2,634s][debug][gc,nmethod     ] Register NMethod: io.sirix.page.delegates.ReferencesPage4.<init> (0x00007a501bf46608) [0x00007a501bf46700, 0x00007a501bf46da8] Compiler: c1, Barriers: 8, Oops: 1, ImmediateOops: 0, NonImmediateOops: No
[2,635s][debug][gc,nmethod     ] Register NMethod: com.github.benmanes.caffeine.cache.BoundedWeigher.weigh (0x00007a501bf46e08) [0x00007a501bf46f00, 0x00007a501bf473d0] Compiler: c1, Barriers: 1, Oops: 1, ImmediateOops: 0, NonImmediateOops: No
[2,635s][debug][gc,nmethod     ] Register NMethod: io.sirix.cache.PageCache$$Lambda/0x000000005d250ad8.weigh (0x00007a501bf47408) [0x00007a501bf47500, 0x00007a501bf48518] Compiler: c1, Barriers: 1, Oops: 1, ImmediateOops: 0, NonImmediateOops: No
[2,635s][debug][gc,nmethod     ] Register NMethod: io.sirix.cache.PageCache.lambda$new$1 (0x00007a501bf48588) [0x00007a501bf48680, 0x00007a501bf49238] Compiler: c1, Barriers: 1, Oops: 1, ImmediateOops: 0, NonImmediateOops: No
[2,635s][debug][gc,nmethod     ] Register NMethod: com.github.benmanes.caffeine.cache.Node.getWeight (0x00007a503ad33008) [0x00007a503ad33100, 0x00007a503ad331c0] Compiler: c1, Barriers: 0, Oops: 1, ImmediateOops: 0, NonImmediateOops: No
[2,635s][debug][gc,nmethod     ] Register NMethod: io.sirix.cache.BufferManagerImpl.getRevisionRootPageCache (0x00007a503ad33308) [0x00007a503ad33400, 0x00007a503ad334e8] Compiler: c1, Barriers: 1, Oops: 1, ImmediateOops: 0, NonImmediateOops: No
[2,635s][debug][gc,nmethod     ] Register NMethod: com.github.benmanes.caffeine.cache.BoundedLocalCache.hasExpired (0x00007a501bf49288) [0x00007a501bf49380, 0x00007a501bf4b428] Compiler: c1, Barriers: 1, Oops: 7, ImmediateOops: 8, NonImmediateOops: No
[2,635s][debug][gc,nmethod     ] Register NMethod: io.sirix.node.delegates.StructNodeDelegate.<init> (0x00007a501bf4b488) [0x00007a501bf4b580, 0x00007a501bf4b948] Compiler: c1, Barriers: 3, Oops: 1, ImmediateOops: 1, NonImmediateOops: No
[2,635s][debug][gc,nmethod     ] Register NMethod: jdk.internal.ref.PhantomCleanable.<init> (0x00007a503ad33608) [0x00007a503ad33700, 0x00007a503ad33ed8] Compiler: jvmci, Barriers: 23, Oops: 0, ImmediateOops: 2, NonImmediateOops: No
[2,635s][debug][gc,nmethod     ] Register NMethod: com.github.benmanes.caffeine.cache.BoundedLocalCache.requireIsAlive (0x00007a501bf4b988) [0x00007a501bf4ba80, 0x00007a501bf4d540] Compiler: c1, Barriers: 1, Oops: 7, ImmediateOops: 10, NonImmediateOops: No
[2,635s][debug][gc,nmethod     ] Register NMethod: com.github.benmanes.caffeine.cache.BoundedLocalCache.drainReadBuffer (0x00007a501bf4d588) [0x00007a501bf4d680, 0x00007a501bf4e368] Compiler: c1, Barriers: 3, Oops: 1, ImmediateOops: 0, NonImmediateOops: No
[2,635s][debug][gc,nmethod     ] Register NMethod: com.github.benmanes.caffeine.cache.BoundedLocalCache.performCleanUp (0x00007a501bf4e388) [0x00007a501bf4e480, 0x00007a501bf501b0] Compiler: c1, Barriers: 8, Oops: 1, ImmediateOops: 0, NonImmediateOops: No
[2,636s][debug][gc,nmethod     ] Register NMethod: com.github.benmanes.caffeine.cache.BoundedLocalCache.drainWriteBuffer (0x00007a501bf50208) [0x00007a501bf50300, 0x00007a501bf51ac8] Compiler: c1, Barriers: 1, Oops: 6, ImmediateOops: 6, NonImmediateOops: No
[2,636s][debug][gc,nmethod     ] Register NMethod: java.util.concurrent.CompletableFuture.tryPushStack (0x00007a501bf51b08) [0x00007a501bf51c00, 0x00007a501bf54608] Compiler: c1, Barriers: 9, Oops: 8, ImmediateOops: 19, NonImmediateOops: No
[2,636s][debug][gc,nmethod     ] Register NMethod: com.github.benmanes.caffeine.cache.BoundedLocalCache.evictFromWindow (0x00007a501bf54688) [0x00007a501bf54780, 0x00007a501bf57858] Compiler: c1, Barriers: 1, Oops: 1, ImmediateOops: 0, NonImmediateOops: No
[2,637s][debug][gc,nmethod     ] Register NMethod: java.lang.StringBuffer.append (0x00007a501bf57888) [0x00007a501bf57980, 0x00007a501bf57c98] Compiler: c1, Barriers: 3, Oops: 0, ImmediateOops: 0, NonImmediateOops: No
[2,637s][debug][gc,nmethod     ] Register NMethod: java.io.StringWriter.append (0x00007a501bf57d08) [0x00007a501bf57e00, 0x00007a501bf58728] Compiler: c1, Barriers: 4, Oops: 0, ImmediateOops: 1, NonImmediateOops: No
[2,637s][debug][gc,nmethod     ] Register NMethod: java.io.StringWriter.write (0x00007a501bf58788) [0x00007a501bf58880, 0x00007a501bf58e00] Compiler: c1, Barriers: 4, Oops: 0, ImmediateOops: 0, NonImmediateOops: No
[2,637s][debug][gc,nmethod     ] Register NMethod: java.io.StringWriter.append (0x00007a501bf58e08) [0x00007a501bf58f00, 0x00007a501bf597a8] Compiler: c1, Barriers: 4, Oops: 0, ImmediateOops: 1, NonImmediateOops: No
[2,637s][debug][gc,nmethod     ] Register NMethod: com.github.benmanes.caffeine.cache.BoundedLocalCache.drainValueReferences (0x00007a501bf59808) [0x00007a501bf59900, 0x00007a501bf59c28] Compiler: c1, Barriers: 0, Oops: 1, ImmediateOops: 0, NonImmediateOops: No
[2,637s][debug][gc,nmethod     ] Register NMethod: com.github.benmanes.caffeine.cache.BoundedLocalCache.drainKeyReferences (0x00007a501bf59c88) [0x00007a501bf59d80, 0x00007a501bf5a0a8] Compiler: c1, Barriers: 0, Oops: 1, ImmediateOops: 0, NonImmediateOops: No
[2,637s][debug][gc,nmethod     ] Register NMethod: com.github.benmanes.caffeine.cache.BoundedLocalCache.expireAfterAccessEntries (0x00007a501bf5a108) [0x00007a501bf5a200, 0x00007a501bf5a528] Compiler: c1, Barriers: 0, Oops: 1, ImmediateOops: 0, NonImmediateOops: No
[2,637s][debug][gc,nmethod     ] Register NMethod: com.github.benmanes.caffeine.cache.BoundedLocalCache.expireAfterWriteEntries (0x00007a501bf5a588) [0x00007a501bf5a680, 0x00007a501bf5a9a8] Compiler: c1, Barriers: 0, Oops: 1, ImmediateOops: 0, NonImmediateOops: No
[2,637s][debug][gc,nmethod     ] Register NMethod: com.github.benmanes.caffeine.cache.BoundedLocalCache.expireVariableEntries (0x00007a501bf5aa08) [0x00007a501bf5ab00, 0x00007a501bf5ae28] Compiler: c1, Barriers: 0, Oops: 1, ImmediateOops: 0, NonImmediateOops: No
[2,637s][debug][gc,nmethod     ] Register NMethod: com.github.benmanes.caffeine.cache.BoundedLocalCache.evictEntries (0x00007a501bf5ae88) [0x00007a501bf5af80, 0x00007a501bf5b6c8] Compiler: c1, Barriers: 0, Oops: 1, ImmediateOops: 0, NonImmediateOops: No
[2,637s][debug][gc,nmethod     ] Register NMethod: com.github.benmanes.caffeine.cache.BoundedLocalCache.expireEntries (0x00007a501bf5b708) [0x00007a501bf5b800, 0x00007a501bf5c670] Compiler: c1, Barriers: 0, Oops: 1, ImmediateOops: 1, NonImmediateOops: No
[2,637s][debug][gc,nmethod     ] Register NMethod: com.github.benmanes.caffeine.cache.BoundedLocalCache.climb (0x00007a501bf5c688) [0x00007a501bf5c780, 0x00007a501bf5d580] Compiler: c1, Barriers: 0, Oops: 1, ImmediateOops: 0, NonImmediateOops: No
[2,637s][debug][gc,nmethod     ] Register NMethod: com.github.benmanes.caffeine.cache.BoundedLocalCache.maintenance (0x00007a501bf5d608) [0x00007a501bf5d700, 0x00007a501bf66268] Compiler: c1, Barriers: 3, Oops: 9, ImmediateOops: 40, NonImmediateOops: No
[2,637s][debug][gc,nmethod     ] Register NMethod: com.github.benmanes.caffeine.cache.BoundedLocalCache.determineAdjustment (0x00007a501bf66308) [0x00007a501bf66420, 0x00007a501bf68cc0] Compiler: c1, Barriers: 1, Oops: 1, ImmediateOops: 0, NonImmediateOops: No
[2,638s][debug][gc,nmethod     ] Register NMethod: jdk.internal.ref.PhantomCleanable.clear (0x00007a501bf68d08) [0x00007a501bf68e00, 0x00007a501bf69410] Compiler: c1, Barriers: 1, Oops: 0, ImmediateOops: 0, NonImmediateOops: No
[2,638s][debug][gc,nmethod     ] Register NMethod: com.github.benmanes.caffeine.cache.BoundedLocalCache.demoteFromMainProtected (0x00007a501bf69488) [0x00007a501bf69580, 0x00007a501bf6bcf0] Compiler: c1, Barriers: 1, Oops: 1, ImmediateOops: 0, NonImmediateOops: No
[2,638s][debug][gc,nmethod     ] Register NMethod: java.io.FileDescriptor.closeAll (0x00007a501bf6bd08) [0x00007a501bf6be00, 0x00007a501bf6da70] Compiler: c1, Barriers: 1, Oops: 0, ImmediateOops: 0, NonImmediateOops: No
[2,638s][debug][gc,nmethod     ] Register NMethod: java.io.InputStreamReader.close (0x00007a501bf6da88) [0x00007a501bf6db80, 0x00007a501bf6dd08] Compiler: c1, Barriers: 1, Oops: 0, ImmediateOops: 0, NonImmediateOops: No
[2,638s][debug][gc,nmethod     ] Register NMethod: sun.nio.cs.StreamDecoder.close (0x00007a501bf6dd88) [0x00007a501bf6de80, 0x00007a501bf6e7a8] Compiler: c1, Barriers: 3, Oops: 0, ImmediateOops: 0, NonImmediateOops: No
[2,639s][debug][gc,nmethod     ] Register NMethod: java.nio.file.Path.toFile (0x00007a501bf6e808) [0x00007a501bf6e900, 0x00007a501bf6f550] Compiler: c1, Barriers: 8, Oops: 0, ImmediateOops: 5, NonImmediateOops: No
[2,639s][debug][gc,nmethod     ] Register NMethod: com.github.benmanes.caffeine.cache.BoundedLocalCache.evictFromMain (0x00007a501bf6f588) [0x00007a501bf6f680, 0x00007a501bf7aec8] Compiler: c1, Barriers: 8, Oops: 8, ImmediateOops: 46, NonImmediateOops: No
[2,639s][debug][gc,nmethod     ] Register NMethod: com.github.benmanes.caffeine.cache.BoundedLocalCache.hasRemovalListener (0x00007a503ad33f08) [0x00007a503ad34000, 0x00007a503ad340c0] Compiler: c1, Barriers: 0, Oops: 1, ImmediateOops: 0, NonImmediateOops: No
[2,639s][debug][gc,nmethod     ] Register NMethod: com.github.benmanes.caffeine.cache.SSMS.hitsInSample (0x00007a503ad34208) [0x00007a503ad34300, 0x00007a503ad343c0] Compiler: c1, Barriers: 0, Oops: 1, ImmediateOops: 0, NonImmediateOops: No
[2,639s][debug][gc,nmethod     ] Register NMethod: java.lang.runtime.ObjectMethods.eq (0x00007a501bf7af88) [0x00007a501bf7b080, 0x00007a501bf7b1b0] Compiler: c1, Barriers: 0, Oops: 0, ImmediateOops: 0, NonImmediateOops: No
[2,639s][debug][gc,nmethod     ] Register NMethod: java.util.AbstractList.<init> (0x00007a503ad34508) [0x00007a503ad34600, 0x00007a503ad34688] Compiler: jvmci, Barriers: 0, Oops: 0, ImmediateOops: 0, NonImmediateOops: No
[2,639s][debug][gc,nmethod     ] Register NMethod: java.lang.invoke.DirectMethodHandle$Holder.invokeStatic (0x00007a501bf7b288) [0x00007a501bf7b380, 0x00007a501bf7b748] Compiler: c1, Barriers: 1, Oops: 0, ImmediateOops: 0, NonImmediateOops: No
[2,639s][debug][gc,nmethod     ] Register NMethod: java.lang.invoke.LambdaForm$MH/0x000000005d2d9000.invoke (0x00007a501bf7b788) [0x00007a501bf7b880, 0x00007a501bf7c5f0] Compiler: c1, Barriers: 2, Oops: 1, ImmediateOops: 0, NonImmediateOops: No
[2,639s][debug][gc,nmethod     ] Register NMethod: java.lang.ThreadLocal.get (0x00007a503ad34808) [0x00007a503ad34900, 0x00007a503ad34cc0] Compiler: jvmci, Barriers: 8, Oops: 0, ImmediateOops: 0, NonImmediateOops: No
[2,639s][debug][gc,nmethod     ] Register NMethod: org.magicwerk.brownies.collections.IList.iterator (0x00007a501bf7c608) [0x00007a501bf7c700, 0x00007a501bf7c8a8] Compiler: c1, Barriers: 0, Oops: 1, ImmediateOops: 0, NonImmediateOops: No
[2,639s][debug][gc,nmethod     ] Register NMethod: org.magicwerk.brownies.collections.IList$Iter.<init> (0x00007a501bf7c908) [0x00007a501bf7ca00, 0x00007a501bf7ce10] Compiler: c1, Barriers: 3, Oops: 1, ImmediateOops: 0, NonImmediateOops: No
[2,640s][debug][gc,nmethod     ] Register NMethod: io.sirix.access.trx.page.NodePageReadOnlyTrx.loadRevRoot (0x00007a501bf7ce88) [0x00007a501bf7cf80, 0x00007a501bf80148] Compiler: c1, Barriers: 16, Oops: 3, ImmediateOops: 3, NonImmediateOops: No
[2,640s][debug][gc,nmethod     ] Register NMethod: io.sirix.cache.RevisionRootPageCacheKey.hashCode (0x00007a501bf80188) [0x00007a501bf80280, 0x00007a501bf80ec0] Compiler: c1, Barriers: 0, Oops: 13, ImmediateOops: 2, NonImmediateOops: No
[2,640s][debug][gc,nmethod     ] Register NMethod: com.github.benmanes.caffeine.cache.LocalCache.notifyOnReplace (0x00007a501bf80f88) [0x00007a501bf81080, 0x00007a501bf82738] Compiler: c1, Barriers: 12, Oops: 3, ImmediateOops: 3, NonImmediateOops: No
[2,640s][debug][gc,director    ] Rule Major: Warmup 10%, Used: 402MB, UsedThreshold: 1228MB
[2,640s][debug][gc,nmethod     ] Register NMethod: com.github.benmanes.caffeine.cache.BoundedLocalCache.expireAfterUpdate (0x00007a501bf82788) [0x00007a501bf82880, 0x00007a501bf82bb0] Compiler: c1, Barriers: 0, Oops: 1, ImmediateOops: 0, NonImmediateOops: No
[2,640s][debug][gc,nmethod     ] Register NMethod: com.github.benmanes.caffeine.cache.BoundedLocalCache.afterRead (0x00007a501bf82c08) [0x00007a501bf82d00, 0x00007a501bf84458] Compiler: c1, Barriers: 2, Oops: 1, ImmediateOops: 0, NonImmediateOops: No
[2,641s][debug][gc,nmethod     ] Register NMethod: com.github.benmanes.caffeine.cache.BoundedLocalCache$$Lambda/0x000000005d2c5608.run (0x00007a501bf84488) [0x00007a501bf84580, 0x00007a501bf84798] Compiler: c1, Barriers: 4, Oops: 1, ImmediateOops: 0, NonImmediateOops: No
[2,641s][debug][gc,nmethod     ] Register NMethod: com.github.benmanes.caffeine.cache.BoundedLocalCache.lambda$notifyRemoval$1 (0x00007a501bf84808) [0x00007a501bf84900, 0x00007a501bf84f48] Compiler: c1, Barriers: 1, Oops: 2, ImmediateOops: 2, NonImmediateOops: No
[2,641s][debug][gc,nmethod     ] Register NMethod: io.sirix.cache.PageCache$$Lambda/0x000000005d250218.onRemoval (0x00007a501bf84f88) [0x00007a501bf85080, 0x00007a501bf855e0] Compiler: c1, Barriers: 0, Oops: 1, ImmediateOops: 0, NonImmediateOops: No
[2,641s][debug][gc,nmethod     ] Register NMethod: jdk.internal.misc.Unsafe.putLongRelease (0x00007a501bf85608) [0x00007a501bf85700, 0x00007a501bf85818] Compiler: c1, Barriers: 0, Oops: 0, ImmediateOops: 0, NonImmediateOops: No
[2,641s][debug][gc,nmethod     ] Register NMethod: io.sirix.cache.PageCache.lambda$new$0 (0x00007a501bf85908) [0x00007a501bf85a00, 0x00007a501bf88098] Compiler: c1, Barriers: 15, Oops: 5, ImmediateOops: 6, NonImmediateOops: No
[2,642s][debug][gc,nmethod     ] Register NMethod: io.sirix.index.path.summary.PathNode.getParent (0x00007a503ad34d08) [0x00007a503ad34e00, 0x00007a503ad34ee8] Compiler: c1, Barriers: 1, Oops: 1, ImmediateOops: 0, NonImmediateOops: No
[2,642s][debug][gc,nmethod     ] Register NMethod: io.sirix.index.path.summary.PathNode.setName (0x00007a503ad35008) [0x00007a503ad35100, 0x00007a503ad35230] Compiler: c1, Barriers: 3, Oops: 1, ImmediateOops: 0, NonImmediateOops: No
[2,642s][debug][gc,nmethod     ] Register NMethod: io.sirix.index.path.summary.PathNode.getRightSibling (0x00007a503ad35308) [0x00007a503ad35400, 0x00007a503ad354e8] Compiler: c1, Barriers: 1, Oops: 1, ImmediateOops: 0, NonImmediateOops: No
[2,642s][debug][gc,nmethod     ] Register NMethod: java.lang.ThreadLocal.getCarrierThreadLocal (0x00007a503ad35608) [0x00007a503ad35700, 0x00007a503ad35ad0] Compiler: jvmci, Barriers: 9, Oops: 0, ImmediateOops: 0, NonImmediateOops: No
[2,644s][debug][gc,nmethod     ] Register NMethod: io.sirix.page.KeyValueLeafPage.newInstance (0x00007a501bf88108) [0x00007a501bf88200, 0x00007a501bf88dc0] Compiler: c1, Barriers: 1, Oops: 2, ImmediateOops: 3, NonImmediateOops: No
[2,644s][debug][gc,nmethod     ] Register NMethod: jdk.internal.misc.ScopedMemoryAccess.copyMemory (0x00007a503ad35b08) [0x00007a503ad35c00, 0x00007a503ad36090] Compiler: jvmci, Barriers: 7, Oops: 1, ImmediateOops: 0, NonImmediateOops: No
[2,645s][debug][gc,nmethod     ] Register NMethod: io.sirix.page.RevisionRootPage.incrementAndGetMaxNodeKeyInDocumentIndex (0x00007a501bf88e08) [0x00007a501bf88f00, 0x00007a501bf89010] Compiler: c1, Barriers: 0, Oops: 1, ImmediateOops: 0, NonImmediateOops: No
[2,646s][debug][gc,nmethod     ] Register NMethod: io.sirix.access.trx.node.AbstractNodeHashing.isBulkInsert (0x00007a503ad36108) [0x00007a503ad36200, 0x00007a503ad362c0] Compiler: c1, Barriers: 0, Oops: 1, ImmediateOops: 0, NonImmediateOops: No
[2,646s][debug][gc,nmethod     ] Register NMethod: java.util.stream.Nodes$SpinedNodeBuilder.end (0x00007a501bf89108) [0x00007a501bf89200, 0x00007a501bf89318] Compiler: c1, Barriers: 0, Oops: 0, ImmediateOops: 0, NonImmediateOops: No
[2,646s][debug][gc,nmethod     ] Register NMethod: java.util.stream.Nodes$SpinedNodeBuilder.begin (0x00007a501bf89408) [0x00007a501bf89500, 0x00007a501bf89a18] Compiler: c1, Barriers: 0, Oops: 0, ImmediateOops: 0, NonImmediateOops: No
[2,647s][debug][gc,nmethod     ] Register NMethod: io.sirix.node.json.ObjectKeyNode.getParentKey (0x00007a501bf89a88) [0x00007a501bf89b80, 0x00007a501bf8eb68] Compiler: c1, Barriers: 19, Oops: 7, ImmediateOops: 11, NonImmediateOops: No
[2,647s][debug][gc,nmethod     ] Register NMethod: io.sirix.node.json.ObjectNode.getFirstChildKey (0x00007a501bf8ec08) [0x00007a501bf8ed00, 0x00007a501bf93cf0] Compiler: c1, Barriers: 19, Oops: 7, ImmediateOops: 11, NonImmediateOops: No
[2,648s][info ][gc             ] GC(1) Major Collection (Metadata GC Threshold)
[2,648s][info ][gc,task        ] GC(1) Using 1 Workers for Young Generation
[2,648s][info ][gc,task        ] GC(1) Using 1 Workers for Old Generation
[2,648s][debug][gc,heap        ] GC(1) Y: Heap Before GC invocations=1 (full 1):
[2,648s][debug][gc,heap        ] GC(1) Y:  ZHeap           used 404M, capacity 5120M, max capacity 12288M
[2,648s][debug][gc,heap        ] GC(1) Y:   Cache          4716M (1)
[2,648s][debug][gc,heap        ] GC(1) Y:    size classes  4G (1)
[2,648s][debug][gc,metaspace   ] GC(1) Y: Metaspace Before GC invocations=1 (full 1):
[2,648s][debug][gc,metaspace   ] GC(1) Y:  Metaspace       used 38017K, committed 38464K, reserved 1114112K
[2,648s][debug][gc,metaspace   ] GC(1) Y:   class space    used 3416K, committed 3584K, reserved 1048576K
[2,648s][info ][gc,phases      ] GC(1) Y: Young Generation
[2,648s][debug][gc,reloc       ] Synchronize all workers 1 _nworkers: 0 _nsynchronized: 0
[2,648s][debug][gc,reloc       ] Synchronize all workers 1 _nworkers: 0 _nsynchronized: 0
[2,648s][debug][gc,phases,start] GC(1) Y: Pause Mark Start (Major)
[2,648s][debug][gc,tlab        ] GC(1) Y: TLAB usage update: used 66M -> 326M, capacity: 66M -> 144M
[2,648s][debug][gc,marking     ] GC(1) Y: Using 1 mark stripes
[2,648s][debug][gc,marking     ] GC(1) Y: Mark Worker/Stripe Distribution
[2,648s][debug][gc,marking     ] GC(1) Y:   Worker 0(1) -> Stripe 0(1)
[2,649s][debug][gc,marking     ] GC(1) Y: Using 1 mark stripes
[2,649s][debug][gc,marking     ] GC(1) Y: Mark Worker/Stripe Distribution
[2,649s][debug][gc,marking     ] GC(1) Y:   Worker 0(1) -> Stripe 0(1)
[2,649s][info ][gc,phases      ] GC(1) Y: Pause Mark Start (Major) 0,102ms
[2,649s][debug][gc,reloc       ] Desynchronize all workers _nworkers: 0 _nsynchronized: 0
[2,649s][debug][gc,reloc       ] Desynchronize all workers _nworkers: 0 _nsynchronized: 0
[2,649s][debug][gc,phases,start] GC(1) Y: Concurrent Mark
[2,649s][debug][gc,phases,start] GC(1) Y: Concurrent Mark Roots
[2,649s][debug][gc,marking     ] Resurrection broke termination
[2,649s][debug][gc,task        ] GC(1) Y: Executing ZMarkYoungRootsTask using ZWorkerYoung with 1 workers
[2,649s][debug][gc             ] JNI Critical Stall (Test worker) 0,238ms
[2,652s][debug][gc,nmethod     ] Register NMethod: com.github.benmanes.caffeine.cache.PSMS.getQueueType (0x00007a503ad36408) [0x00007a503ad36500, 0x00007a503ad365c0] Compiler: c1, Barriers: 0, Oops: 1, ImmediateOops: 0, NonImmediateOops: No
[2,652s][debug][gc,nmethod     ] Register NMethod: com.github.benmanes.caffeine.cache.SSMS.setHitsInSample (0x00007a503ad36708) [0x00007a503ad36800, 0x00007a503ad368c0] Compiler: c1, Barriers: 0, Oops: 1, ImmediateOops: 0, NonImmediateOops: No
[2,653s][debug][gc,nmethod     ] Register NMethod: com.github.benmanes.caffeine.cache.FrequencySketch.increment (0x00007a501bf93d88) [0x00007a501bf93e80, 0x00007a501bf954c8] Compiler: c1, Barriers: 1, Oops: 1, ImmediateOops: 0, NonImmediateOops: No
[2,655s][debug][gc,nmethod     ] Register NMethod: java.util.ArrayDeque.pollFirst (0x00007a503ad36a08) [0x00007a503ad36b00, 0x00007a503ad36d00] Compiler: jvmci, Barriers: 4, Oops: 0, ImmediateOops: 0, NonImmediateOops: No
[2,655s][debug][gc,tlab        ] GC(1) Y: TLAB totals: thrds: 23  refills: 1029 max: 971 slow allocs: 1079 max 718 waste:  0,9% gc: 1391528B max: 262104B slow: 1008936B max: 940520B
[2,655s][debug][gc,phases      ] GC(1) Y: Concurrent Mark Roots 6,482ms
[2,655s][debug][gc,phases,start] GC(1) Y: Concurrent Mark Follow
[2,655s][debug][gc,marking     ] GC(1) Y: Using 1 mark stripes
[2,655s][debug][gc,task        ] GC(1) Y: Executing ZRememberedScanMarkFollowTask using ZWorkerYoung with 1 workers
[2,655s][debug][gc,nmethod     ] Register NMethod: io.sirix.page.KeyValueLeafPage.getAvailableSpace (0x00007a503ad36d08) [0x00007a503ad36e00, 0x00007a503ad37148] Compiler: jvmci, Barriers: 4, Oops: 1, ImmediateOops: 0, NonImmediateOops: No
[2,658s][debug][gc,nmethod     ] Register NMethod: io.sirix.settings.VersioningType$4.combineRecordPages (0x00007a503ad37188) [0x00007a503ad37280, 0x00007a503ad3ab10] Compiler: jvmci, Barriers: 63, Oops: 3, ImmediateOops: 1, NonImmediateOops: No
[2,664s][debug][gc,nmethod     ] Register NMethod: io.sirix.index.path.summary.PathNode.setParent (0x00007a503ad3ab88) [0x00007a503ad3ac80, 0x00007a503ad3adb0] Compiler: c1, Barriers: 3, Oops: 1, ImmediateOops: 0, NonImmediateOops: No
[2,665s][debug][gc,nmethod     ] Register NMethod: io.sirix.node.MemorySegmentBytesIn.readLong (0x00007a503ad3ae88) [0x00007a503ad3af80, 0x00007a503ad3b1e0] Compiler: jvmci, Barriers: 4, Oops: 1, ImmediateOops: 0, NonImmediateOops: No
[2,665s][debug][gc,nmethod     ] Register NMethod: io.sirix.index.path.summary.PathNode.getFirstChild (0x00007a503ad3b208) [0x00007a503ad3b300, 0x00007a503ad3b3e8] Compiler: c1, Barriers: 1, Oops: 1, ImmediateOops: 0, NonImmediateOops: No
[2,665s][debug][gc,nmethod     ] Register NMethod: io.sirix.index.path.summary.PathNode.getLocalNameKey (0x00007a501bf95508) [0x00007a501bf95600, 0x00007a501bf95760] Compiler: c1, Barriers: 1, Oops: 1, ImmediateOops: 0, NonImmediateOops: No
[2,666s][debug][gc,nmethod     ] Register NMethod: io.sirix.access.trx.page.NodePageReadOnlyTrx.pageKey (0x00007a503ad3b508) [0x00007a503ad3b600, 0x00007a503ad3b760] Compiler: jvmci, Barriers: 0, Oops: 1, ImmediateOops: 0, NonImmediateOops: No
[2,666s][debug][gc,nmethod     ] Register NMethod: io.sirix.service.json.serialize.JsonSerializer.withMetaDataField (0x00007a501bf95808) [0x00007a501bf95900, 0x00007a501bf95ab0] Compiler: c1, Barriers: 0, Oops: 1, ImmediateOops: 0, NonImmediateOops: No
[2,666s][debug][gc,nmethod     ] Register NMethod: io.sirix.node.json.ObjectNode.getKind (0x00007a501bf95b08) [0x00007a501bf95c00, 0x00007a501bf95d08] Compiler: c1, Barriers: 0, Oops: 1, ImmediateOops: 1, NonImmediateOops: No
[2,666s][debug][gc,nmethod     ] Register NMethod: java.lang.Character.charValue (0x00007a503ad3b808) [0x00007a503ad3b900, 0x00007a503ad3b9c8] Compiler: c1, Barriers: 0, Oops: 0, ImmediateOops: 0, NonImmediateOops: No
[2,667s][debug][gc,nmethod     ] Register NMethod: io.sirix.access.trx.node.json.JsonNodeReadOnlyTrxImpl.isObjectKey (0x00007a501bf95e08) [0x00007a501bf95f00, 0x00007a501bf96788] Compiler: c1, Barriers: 1, Oops: 1, ImmediateOops: 2, NonImmediateOops: No
[2,667s][debug][gc,nmethod     ] Register NMethod: it.unimi.dsi.fastutil.longs.AbstractLongList.peekLong (0x00007a501bf96808) [0x00007a501bf96900, 0x00007a501bf96a80] Compiler: c1, Barriers: 0, Oops: 1, ImmediateOops: 0, NonImmediateOops: No
[2,667s][debug][gc,nmethod     ] Register NMethod: cn.danielw.fop.Poolable.getObject (0x00007a503ad3bb08) [0x00007a503ad3bc00, 0x00007a503ad3bce8] Compiler: c1, Barriers: 1, Oops: 1, ImmediateOops: 0, NonImmediateOops: No
[2,667s][debug][gc,nmethod     ] Register NMethod: java.lang.StringConcatHelper.stringSize (0x00007a501bf96b08) [0x00007a501bf96c00, 0x00007a501bf96e68] Compiler: c1, Barriers: 0, Oops: 0, ImmediateOops: 1, NonImmediateOops: No
[2,667s][debug][gc,nmethod     ] Register NMethod: java.lang.StringConcatHelper.prepend (0x00007a501bf96e88) [0x00007a501bf96f80, 0x00007a501bf97ea8] Compiler: c1, Barriers: 2, Oops: 0, ImmediateOops: 0, NonImmediateOops: No
[2,667s][debug][gc,nmethod     ] Register NMethod: com.google.gson.stream.JsonReader.isLiteral (0x00007a501bf97f08) [0x00007a501bf98000, 0x00007a501bf991d8] Compiler: c1, Barriers: 0, Oops: 2, ImmediateOops: 2, NonImmediateOops: No
[2,668s][debug][gc,nmethod     ] Register NMethod: com.google.gson.stream.JsonReader.peekNumber (0x00007a501bf99208) [0x00007a501bf99300, 0x00007a501bf9a008] Compiler: c1, Barriers: 1, Oops: 1, ImmediateOops: 0, NonImmediateOops: No
[2,668s][debug][gc,nmethod     ] Register NMethod: org.magicwerk.brownies.collections.IList.<init> (0x00007a501bf9a088) [0x00007a501bf9a180, 0x00007a501bf9a3a0] Compiler: c1, Barriers: 0, Oops: 1, ImmediateOops: 0, NonImmediateOops: No
[2,668s][debug][gc,nmethod     ] Register NMethod: com.google.gson.stream.JsonReader.peekKeyword (0x00007a501bf9a408) [0x00007a501bf9a500, 0x00007a501bf9c218] Compiler: c1, Barriers: 8, Oops: 2, ImmediateOops: 10, NonImmediateOops: No
[2,668s][debug][gc,nmethod     ] Register NMethod: org.magicwerk.brownies.collections.GapList.init (0x00007a501bf9c288) [0x00007a501bf9c380, 0x00007a501bf9c518] Compiler: c1, Barriers: 3, Oops: 1, ImmediateOops: 0, NonImmediateOops: No
[2,668s][debug][gc,nmethod     ] Register NMethod: com.github.benmanes.caffeine.cache.LocalCache$$Lambda/0x000000005d2c46a8.<init> (0x00007a501bf9c588) [0x00007a501bf9c680, 0x00007a501bf9c8d8] Compiler: c1, Barriers: 6, Oops: 1, ImmediateOops: 0, NonImmediateOops: No
[2,668s][debug][gc,nmethod     ] Register NMethod: java.lang.StringConcatHelper.stringOf (0x00007a503ad3be08) [0x00007a503ad3bf00, 0x00007a503ad3c008] Compiler: jvmci, Barriers: 0, Oops: 0, ImmediateOops: 0, NonImmediateOops: No
[2,668s][debug][gc,nmethod     ] Register NMethod: io.sirix.io.filechannel.FileChannelStorage.createRevisionsOffsetFileChannel (0x00007a501bf9c908) [0x00007a501bf9ca00, 0x00007a501bf9d5a0] Compiler: c1, Barriers: 9, Oops: 1, ImmediateOops: 3, NonImmediateOops: No
[2,668s][debug][gc,nmethod     ] Register NMethod: io.sirix.io.filechannel.FileChannelStorage.getRevisionFilePath (0x00007a501bf9d608) [0x00007a501bf9d700, 0x00007a501bf9e128] Compiler: c1, Barriers: 3, Oops: 2, ImmediateOops: 2, NonImmediateOops: No
[2,668s][debug][gc,nmethod     ] Register NMethod: io.sirix.io.bytepipe.ByteHandlerPipeline.<init> (0x00007a501bf9e188) [0x00007a501bf9e280, 0x00007a501bf9f498] Compiler: c1, Barriers: 6, Oops: 1, ImmediateOops: 0, NonImmediateOops: No
[2,669s][debug][gc,nmethod     ] Register NMethod: io.sirix.io.filechannel.FileChannelStorage.createRevisionsOffsetFileIfNotExists (0x00007a501bf9f508) [0x00007a501bf9f600, 0x00007a501bfa0968] Compiler: c1, Barriers: 4, Oops: 2, ImmediateOops: 1, NonImmediateOops: No
[2,669s][debug][gc,nmethod     ] Register NMethod: io.sirix.page.PagePersister.<init> (0x00007a501bfa0988) [0x00007a501bfa0a80, 0x00007a501bfa0bd8] Compiler: c1, Barriers: 0, Oops: 1, ImmediateOops: 0, NonImmediateOops: No
[2,669s][debug][gc,nmethod     ] Register NMethod: io.sirix.io.bytepipe.LZ4Compressor.getInstance (0x00007a501bfa0c88) [0x00007a501bfa0d80, 0x00007a501bfa0f88] Compiler: c1, Barriers: 0, Oops: 1, ImmediateOops: 0, NonImmediateOops: No
[2,669s][debug][gc,nmethod     ] Register NMethod: io.sirix.io.filechannel.FileChannelStorage.createDataFileChannel (0x00007a501bfa1008) [0x00007a501bfa1100, 0x00007a501bfa1f40] Compiler: c1, Barriers: 12, Oops: 1, ImmediateOops: 4, NonImmediateOops: No
[2,669s][debug][gc,nmethod     ] Register NMethod: com.github.benmanes.caffeine.cache.UnboundedLocalCache$UnboundedLocalAsyncCache.synchronous (0x00007a501bfa1f88) [0x00007a501bfa2080, 0x00007a501bfa24e0] Compiler: c1, Barriers: 7, Oops: 1, ImmediateOops: 0, NonImmediateOops: No
[2,669s][debug][gc,nmethod     ] Register NMethod: io.sirix.io.filechannel.FileChannelStorage.createDirectoriesAndFile (0x00007a501bfa2508) [0x00007a501bfa2600, 0x00007a501bfa42b8] Compiler: c1, Barriers: 7, Oops: 3, ImmediateOops: 3, NonImmediateOops: No
[2,669s][debug][gc,nmethod     ] Register NMethod: io.sirix.io.AbstractReader.<init> (0x00007a501bfa4308) [0x00007a501bfa4400, 0x00007a501bfa4f88] Compiler: c1, Barriers: 15, Oops: 2, ImmediateOops: 1, NonImmediateOops: No
[2,669s][debug][gc,nmethod     ] Register NMethod: io.sirix.node.Bytes.allocateElasticOnHeap (0x00007a501bfa5008) [0x00007a501bfa5100, 0x00007a501bfa59b0] Compiler: c1, Barriers: 3, Oops: 2, ImmediateOops: 1, NonImmediateOops: No
[2,669s][debug][gc,nmethod     ] Register NMethod: org.magicwerk.brownies.collections.GapList.<init> (0x00007a501bfa5a08) [0x00007a501bfa5b00, 0x00007a501bfa6000] Compiler: c1, Barriers: 0, Oops: 1, ImmediateOops: 0, NonImmediateOops: No
[2,669s][debug][gc,nmethod     ] Register NMethod: io.sirix.node.Bytes.elasticHeapByteBuffer (0x00007a501bfa6088) [0x00007a501bfa6180, 0x00007a501bfa6ac8] Compiler: c1, Barriers: 6, Oops: 2, ImmediateOops: 1, NonImmediateOops: No
[2,669s][debug][gc,nmethod     ] Register NMethod: io.sirix.io.filechannel.FileChannelReader.<init> (0x00007a501bfa6b08) [0x00007a501bfa6c00, 0x00007a501bfa7a10] Compiler: c1, Barriers: 27, Oops: 2, ImmediateOops: 2, NonImmediateOops: No
[2,669s][debug][gc,nmethod     ] Register NMethod: com.google.gson.stream.JsonReader.nextNonWhitespace (0x00007a503ad3c108) [0x00007a503ad3c200, 0x00007a503ad3c570] Compiler: jvmci, Barriers: 1, Oops: 1, ImmediateOops: 0, NonImmediateOops: No
[2,670s][debug][gc,nmethod     ] Register NMethod: java.lang.StringBuffer.append (0x00007a501bfa7a88) [0x00007a501bfa7b80, 0x00007a501bfa7e98] Compiler: c1, Barriers: 3, Oops: 0, ImmediateOops: 0, NonImmediateOops: No
[2,670s][debug][gc,nmethod     ] Register NMethod: io.sirix.access.trx.node.json.JsonNodeReadOnlyTrxImpl.isDocumentRoot (0x00007a501bfa7f08) [0x00007a501bfa8000, 0x00007a501bfa8888] Compiler: c1, Barriers: 1, Oops: 1, ImmediateOops: 2, NonImmediateOops: No
[2,670s][debug][gc,nmethod     ] Register NMethod: java.lang.Boolean.parseBoolean (0x00007a501bfa8908) [0x00007a501bfa8a00, 0x00007a501bfa8ce8] Compiler: c1, Barriers: 0, Oops: 0, ImmediateOops: 1, NonImmediateOops: No
[2,671s][debug][gc,nmethod     ] Register NMethod: io.sirix.io.filechannel.FileChannelReader.close (0x00007a501bfa8d08) [0x00007a501bfa8e00, 0x00007a501bfa9468] Compiler: c1, Barriers: 2, Oops: 1, ImmediateOops: 0, NonImmediateOops: No
[2,671s][debug][gc,nmethod     ] Register NMethod: java.util.stream.ForEachOps$ForEachOp.get (0x00007a503ad3c588) [0x00007a503ad3c680, 0x00007a503ad3c748] Compiler: c1, Barriers: 0, Oops: 0, ImmediateOops: 0, NonImmediateOops: No
[2,671s][debug][gc,nmethod     ] Register NMethod: java.util.regex.Matcher.<init> (0x00007a501bfa9488) [0x00007a501bfa9580, 0x00007a501bfa9cf8] Compiler: c1, Barriers: 15, Oops: 0, ImmediateOops: 0, NonImmediateOops: No
[2,671s][debug][gc,nmethod     ] Register NMethod: io.sirix.node.json.ObjectNode.getRightSiblingKey (0x00007a501bfa9d08) [0x00007a501bfa9e00, 0x00007a501bfaedf0] Compiler: c1, Barriers: 19, Oops: 7, ImmediateOops: 11, NonImmediateOops: No
[2,672s][debug][gc,nmethod     ] Register NMethod: java.lang.reflect.Method.getParameterCount (0x00007a503ad3c888) [0x00007a503ad3c980, 0x00007a503ad3ca60] Compiler: jvmci, Barriers: 1, Oops: 0, ImmediateOops: 0, NonImmediateOops: No
[2,672s][debug][gc,nmethod     ] Register NMethod: java.util.regex.Pattern.matcher (0x00007a501bfaee88) [0x00007a501bfaef80, 0x00007a501bfaf358] Compiler: c1, Barriers: 0, Oops: 0, ImmediateOops: 0, NonImmediateOops: No
[2,672s][debug][gc,nmethod     ] Register NMethod: io.sirix.node.json.ObjectKeyNode.hasFirstChild (0x00007a501bfaf388) [0x00007a501bfaf480, 0x00007a501bfb48b8] Compiler: c1, Barriers: 19, Oops: 7, ImmediateOops: 12, NonImmediateOops: No
[2,672s][debug][gc,nmethod     ] Register NMethod: io.sirix.node.json.ObjectKeyNode.getLeftSiblingKey (0x00007a501bfb4908) [0x00007a501bfb4a00, 0x00007a501bfb99f0] Compiler: c1, Barriers: 19, Oops: 7, ImmediateOops: 11, NonImmediateOops: No
[2,672s][debug][gc,nmethod     ] Register NMethod: org.junit.jupiter.engine.execution.JupiterEngineExecutionContext.getExtensionContext (0x00007a501bfb9a88) [0x00007a501bfb9b80, 0x00007a501bfb9ce8] Compiler: c1, Barriers: 2, Oops: 1, ImmediateOops: 0, NonImmediateOops: No
[2,673s][debug][gc,nmethod     ] Register NMethod: sun.nio.fs.UnixFileAttributes.get (0x00007a501bfb9d88) [0x00007a501bfb9e80, 0x00007a501bfba140] Compiler: c1, Barriers: 0, Oops: 0, ImmediateOops: 0, NonImmediateOops: No
[2,673s][debug][gc,nmethod     ] Register NMethod: com.google.gson.stream.JsonReader.nextName (0x00007a501bfba188) [0x00007a501bfba280, 0x00007a501bfbc130] Compiler: c1, Barriers: 5, Oops: 2, ImmediateOops: 3, NonImmediateOops: No
[2,673s][debug][gc,nmethod     ] Register NMethod: io.sirix.page.PageKind.deserializeMaxNodeKeys (0x00007a501bfbc188) [0x00007a501bfbc2a0, 0x00007a501bfbc758] Compiler: c1, Barriers: 0, Oops: 1, ImmediateOops: 0, NonImmediateOops: No
[2,673s][debug][gc,nmethod     ] Register NMethod: io.sirix.page.PageKind.deserializeCurrentMaxLevelsOfIndirectPages (0x00007a501bfbc788) [0x00007a501bfbc8a0, 0x00007a501bfbcd58] Compiler: c1, Barriers: 0, Oops: 1, ImmediateOops: 0, NonImmediateOops: No
[2,675s][debug][gc,nmethod     ] Register NMethod: com.google.gson.stream.JsonReader.doPeek (0x00007a501bfbcd88) [0x00007a501bfbce80, 0x00007a501bfcc908] Compiler: c1, Barriers: 4, Oops: 8, ImmediateOops: 33, NonImmediateOops: No
[2,675s][debug][gc,nmethod     ] Register NMethod: jdk.internal.vm.ContinuationSupport.isSupported (0x00007a501bfcc988) [0x00007a501bfcca80, 0x00007a501bfccb68] Compiler: c1, Barriers: 0, Oops: 0, ImmediateOops: 0, NonImmediateOops: No
[2,675s][debug][gc,nmethod     ] Register NMethod: java.util.concurrent.CompletableFuture$Completion.<init> (0x00007a501bfccc88) [0x00007a501bfccd80, 0x00007a501bfccf38] Compiler: c1, Barriers: 0, Oops: 0, ImmediateOops: 0, NonImmediateOops: No
[2,676s][debug][gc,nmethod     ] Register NMethod: java.lang.invoke.LambdaForm$MH/0x000000005d2c8400.invoke (0x00007a501bfccf88) [0x00007a501bfcd080, 0x00007a501bfcd7f0] Compiler: c1, Barriers: 2, Oops: 1, ImmediateOops: 0, NonImmediateOops: No
[2,676s][debug][gc,nmethod     ] Register NMethod: java.lang.invoke.DirectMethodHandle$Holder.invokeSpecial (0x00007a501bfcd808) [0x00007a501bfcd900, 0x00007a501bfcdcd0] Compiler: c1, Barriers: 1, Oops: 0, ImmediateOops: 0, NonImmediateOops: No
[2,677s][debug][gc,nmethod     ] Register NMethod: io.sirix.node.HashEntryNode.<init> (0x00007a501bfcdd08) [0x00007a501bfcde00, 0x00007a501bfce128] Compiler: c1, Barriers: 3, Oops: 1, ImmediateOops: 0, NonImmediateOops: No
[2,679s][debug][gc,nmethod     ] Register NMethod: io.sirix.axis.visitor.VisitorDescendantAxis.nextKey (0x00007a501bfce188) [0x00007a501bfce280, 0x00007a501bfd3ad0] Compiler: c1, Barriers: 8, Oops: 1, ImmediateOops: 11, NonImmediateOops: No
[2,679s][debug][gc,nmethod     ] Register NMethod: com.google.gson.stream.JsonReader.nextQuotedValue (0x00007a503ad3cb88) [0x00007a503ad3cc80, 0x00007a503ad3d358] Compiler: jvmci, Barriers: 3, Oops: 2, ImmediateOops: 0, NonImmediateOops: No
[2,680s][debug][gc,nmethod     ] Register NMethod: com.google.gson.stream.JsonReader.endObject (0x00007a501bfd3b08) [0x00007a501bfd3c00, 0x00007a501bfd59f8] Compiler: c1, Barriers: 6, Oops: 2, ImmediateOops: 3, NonImmediateOops: No
[2,680s][debug][gc,nmethod     ] Register NMethod: com.google.gson.stream.JsonReader.beginObject (0x00007a501bfd5a88) [0x00007a501bfd5b80, 0x00007a501bfd7638] Compiler: c1, Barriers: 1, Oops: 2, ImmediateOops: 3, NonImmediateOops: No
[2,681s][debug][gc,nmethod     ] Register NMethod: io.sirix.access.User.<init> (0x00007a501bfd7688) [0x00007a501bfd7780, 0x00007a501bfd7c48] Compiler: c1, Barriers: 6, Oops: 1, ImmediateOops: 0, NonImmediateOops: No
[2,681s][debug][gc,nmethod     ] Register NMethod: java.lang.runtime.ObjectMethods.hashCombiner (0x00007a503ad3d388) [0x00007a503ad3d480, 0x00007a503ad3d4f0] Compiler: jvmci, Barriers: 0, Oops: 0, ImmediateOops: 0, NonImmediateOops: No
[2,683s][debug][gc,nmethod     ] Register NMethod: java.util.UUID.<init> (0x00007a501bfd7c88) [0x00007a501bfd7d80, 0x00007a501bfd7ee0] Compiler: c1, Barriers: 0, Oops: 0, ImmediateOops: 0, NonImmediateOops: No
[2,683s][debug][gc,nmethod     ] Register NMethod: io.sirix.io.filechannel.FileChannelStorage.createReader (0x00007a501bfd7f88) [0x00007a501bfd8080, 0x00007a501bfdb6c8] Compiler: c1, Barriers: 43, Oops: 5, ImmediateOops: 7, NonImmediateOops: No
[2,683s][debug][gc,nmethod     ] Register NMethod: io.sirix.access.trx.RevisionEpochTracker.minActiveRevision (0x00007a501bfdb708) [0x00007a501bfdb800, 0x00007a501bfdd118] Compiler: c1, Barriers: 3, Oops: 8, ImmediateOops: 9, NonImmediateOops: No
[2,684s][debug][gc,nmethod     ] Register NMethod: java.lang.StrictMath.ceil (0x00007a503ad3d688) [0x00007a503ad3d7a0, 0x00007a503ad3d8c0] Compiler: jvmci, Barriers: 0, Oops: 0, ImmediateOops: 0, NonImmediateOops: No
[2,684s][debug][gc,nmethod     ] Register NMethod: java.util.UUID.fromString (0x00007a501bfdd188) [0x00007a501bfdd280, 0x00007a501bfdfca0] Compiler: c1, Barriers: 1, Oops: 1, ImmediateOops: 8, NonImmediateOops: No
[2,687s][debug][gc,nmethod     ] Register NMethod: io.sirix.node.delegates.NameNodeDelegate.<init> (0x00007a501bfdfd08) [0x00007a501bfdfe00, 0x00007a501bfe01b0] Compiler: c1, Barriers: 3, Oops: 1, ImmediateOops: 1, NonImmediateOops: No
[2,687s][debug][gc,nmethod     ] Register NMethod: io.sirix.node.delegates.NodeDelegate.<init> (0x00007a501bfe0208) [0x00007a501bfe0300, 0x00007a501bfe0858] Compiler: c1, Barriers: 6, Oops: 1, ImmediateOops: 1, NonImmediateOops: No
[2,687s][debug][gc,nmethod     ] Register NMethod: io.sirix.index.path.summary.PathNode.<init> (0x00007a501bfe0888) [0x00007a501bfe0980, 0x00007a501bfe15c8] Compiler: c1, Barriers: 15, Oops: 2, ImmediateOops: 2, NonImmediateOops: No
[2,687s][debug][gc,nmethod     ] Register NMethod: jdk.xml.internal.JdkXmlConfig.getJaxpConfig (0x00007a503ad3d988) [0x00007a503ad3da80, 0x00007a503ad3db68] Compiler: c1, Barriers: 1, Oops: 0, ImmediateOops: 0, NonImmediateOops: No
[2,687s][debug][gc,nmethod     ] Register NMethod: jdk.xml.internal.XMLSecurityPropertyManager$Property.values (0x00007a501bfe1608) [0x00007a501bfe1700, 0x00007a501bfe1be0] Compiler: c1, Barriers: 0, Oops: 0, ImmediateOops: 1, NonImmediateOops: No
[2,687s][debug][gc,nmethod     ] Register NMethod: java.lang.reflect.Method.isCallerSensitive (0x00007a501bfe1c08) [0x00007a501bfe1d00, 0x00007a501bfe28f0] Compiler: c1, Barriers: 2, Oops: 1, ImmediateOops: 2, NonImmediateOops: No
[2,688s][debug][gc,nmethod     ] Register NMethod: java.lang.ref.Cleaner.register (0x00007a503ad3dc88) [0x00007a503ad3dd80, 0x00007a503ad3e688] Compiler: jvmci, Barriers: 26, Oops: 0, ImmediateOops: 2, NonImmediateOops: No
[2,688s][debug][gc,nmethod     ] Register NMethod: jdk.xml.internal.JdkProperty$ImplPropMap.is (0x00007a501bfe2908) [0x00007a501bfe2a00, 0x00007a501bfe32c8] Compiler: c1, Barriers: 3, Oops: 0, ImmediateOops: 0, NonImmediateOops: No
[2,689s][debug][gc,nmethod     ] Register NMethod: io.sirix.index.path.summary.PathNode.hashCode (0x00007a501bfe3308) [0x00007a501bfe3400, 0x00007a501bfe3c40] Compiler: c1, Barriers: 8, Oops: 1, ImmediateOops: 0, NonImmediateOops: No
[2,689s][debug][gc,nmethod     ] Register NMethod: io.sirix.node.delegates.NodeDelegate.hashCode (0x00007a501bfe3c88) [0x00007a501bfe3d80, 0x00007a501bfe4ae8] Compiler: c1, Barriers: 10, Oops: 1, ImmediateOops: 1, NonImmediateOops: No
[2,689s][debug][gc,nmethod     ] Register NMethod: io.sirix.node.xml.ElementNode.getChildCount (0x00007a501bfe4b08) [0x00007a501bfe4c00, 0x00007a501bfe8608] Compiler: c1, Barriers: 6, Oops: 6, ImmediateOops: 9, NonImmediateOops: No
[2,689s][debug][gc,nmethod     ] Register NMethod: io.sirix.utils.XMLToken.isNCChar (0x00007a501bfe8688) [0x00007a501bfe8780, 0x00007a501bfe8b68] Compiler: c1, Barriers: 0, Oops: 1, ImmediateOops: 0, NonImmediateOops: No
[2,689s][debug][gc,nmethod     ] Register NMethod: io.sirix.index.path.summary.PathSummaryReader.getName (0x00007a501bfe8b88) [0x00007a501bfe8c80, 0x00007a501bfebc48] Compiler: c1, Barriers: 12, Oops: 1, ImmediateOops: 5, NonImmediateOops: No
[2,689s][debug][gc,nmethod     ] Register NMethod: io.sirix.node.delegates.NameNodeDelegate.hashCode (0x00007a501bfebc88) [0x00007a501bfebd80, 0x00007a501bfecf58] Compiler: c1, Barriers: 12, Oops: 1, ImmediateOops: 3, NonImmediateOops: No
[2,689s][debug][gc,nmethod     ] Register NMethod: io.brackit.query.atomic.AbstractAtomic.equals (0x00007a501bfecf88) [0x00007a501bfed080, 0x00007a501bfed850] Compiler: c1, Barriers: 0, Oops: 1, ImmediateOops: 0, NonImmediateOops: No
[2,689s][debug][gc,nmethod     ] Register NMethod: io.sirix.axis.AbstractAxis.reset (0x00007a501bfed888) [0x00007a501bfed980, 0x00007a501bfedb08] Compiler: c1, Barriers: 3, Oops: 1, ImmediateOops: 1, NonImmediateOops: No
[2,689s][debug][gc,nmethod     ] Register NMethod: io.sirix.utils.NamePageHash.generateHashForString (0x00007a501bfedb88) [0x00007a501bfedc80, 0x00007a501bfedf58] Compiler: c1, Barriers: 0, Oops: 1, ImmediateOops: 0, NonImmediateOops: No
[2,689s][debug][gc,nmethod     ] Register NMethod: jdk.xml.internal.JdkXmlUtils.getProperty (0x00007a501bfedf88) [0x00007a501bfee080, 0x00007a501bfeedd8] Compiler: c1, Barriers: 2, Oops: 0, ImmediateOops: 0, NonImmediateOops: No
[2,690s][debug][gc,nmethod     ] Register NMethod: io.sirix.index.path.summary.PathSummaryReader.putMapping (0x00007a501bfeee08) [0x00007a501bfeef00, 0x00007a501bfef938] Compiler: c1, Barriers: 9, Oops: 1, ImmediateOops: 0, NonImmediateOops: No
[2,690s][debug][gc,nmethod     ] Register NMethod: com.sun.org.apache.xerces.internal.impl.PropertyManager.getProperty (0x00007a501bfef988) [0x00007a501bfefa80, 0x00007a501bff1550] Compiler: c1, Barriers: 7, Oops: 1, ImmediateOops: 4, NonImmediateOops: No
[2,690s][debug][gc,nmethod     ] Register NMethod: javax.xml.namespace.QName.getNamespaceURI (0x00007a503ad3e708) [0x00007a503ad3e800, 0x00007a503ad3e8e8] Compiler: c1, Barriers: 1, Oops: 0, ImmediateOops: 0, NonImmediateOops: No
[2,690s][debug][gc,nmethod     ] Register NMethod: com.sun.org.apache.xerces.internal.impl.XMLDocumentScannerImpl.getNamespaceContext (0x00007a503ad3ea08) [0x00007a503ad3eb00, 0x00007a503ad3ebf0] Compiler: c1, Barriers: 1, Oops: 0, ImmediateOops: 0, NonImmediateOops: No
[2,690s][debug][gc,nmethod     ] Register NMethod: javax.xml.namespace.QName.getLocalPart (0x00007a503ad3ed08) [0x00007a503ad3ee00, 0x00007a503ad3eee8] Compiler: c1, Barriers: 1, Oops: 0, ImmediateOops: 0, NonImmediateOops: No
[2,690s][debug][gc,nmethod     ] Register NMethod: javax.xml.namespace.QName.getPrefix (0x00007a503ad3f008) [0x00007a503ad3f100, 0x00007a503ad3f1e8] Compiler: c1, Barriers: 1, Oops: 0, ImmediateOops: 0, NonImmediateOops: No
[2,690s][debug][gc,nmethod     ] Register NMethod: io.sirix.access.trx.node.xml.ForwardingXmlNodeReadOnlyTrx.moveTo (0x00007a501bff1588) [0x00007a501bff1680, 0x00007a501bff1c80] Compiler: c1, Barriers: 1, Oops: 1, ImmediateOops: 0, NonImmediateOops: No
[2,690s][debug][gc,nmethod     ] Register NMethod: io.sirix.axis.AbstractAxis.<init> (0x00007a501bff1d08) [0x00007a501bff1e00, 0x00007a501bff2850] Compiler: c1, Barriers: 9, Oops: 1, ImmediateOops: 2, NonImmediateOops: No
[2,691s][debug][gc,nmethod     ] Register NMethod: io.sirix.axis.filter.AbstractFilter.getTrx (0x00007a501bff2888) [0x00007a501bff2980, 0x00007a501bff2c80] Compiler: c1, Barriers: 1, Oops: 1, ImmediateOops: 0, NonImmediateOops: No
[2,691s][debug][gc,nmethod     ] Register NMethod: io.sirix.axis.filter.AbstractFilter.<init> (0x00007a501bff2d08) [0x00007a501bff2e00, 0x00007a501bff3338] Compiler: c1, Barriers: 3, Oops: 1, ImmediateOops: 0, NonImmediateOops: No
[2,691s][debug][gc,nmethod     ] Register NMethod: java.util.BitSet.<init> (0x00007a503ad3f308) [0x00007a503ad3f400, 0x00007a503ad3f6c0] Compiler: jvmci, Barriers: 3, Oops: 0, ImmediateOops: 0, NonImmediateOops: No
[2,691s][debug][gc,nmethod     ] Register NMethod: io.sirix.access.trx.node.xml.XmlNodeHashing.getCurrentNode (0x00007a501bff3388) [0x00007a501bff3480, 0x00007a501bff3a10] Compiler: c1, Barriers: 2, Oops: 1, ImmediateOops: 0, NonImmediateOops: No
[2,691s][debug][gc,nmethod     ] Register NMethod: io.sirix.access.trx.node.xml.XmlNodeHashing.getCurrentNode (0x00007a501bff3a88) [0x00007a501bff3b80, 0x00007a501bff4328] Compiler: c1, Barriers: 2, Oops: 1, ImmediateOops: 0, NonImmediateOops: No
[2,692s][debug][gc,nmethod     ] Register NMethod: io.sirix.settings.VersioningType$4.combineRecordPagesForModification (0x00007a503ad3f708) [0x00007a503ad3f800, 0x00007a503ad429e8] Compiler: jvmci, Barriers: 65, Oops: 1, ImmediateOops: 0, NonImmediateOops: No
[2,692s][debug][gc,nmethod     ] Register NMethod: io.sirix.node.xml.ElementNode.getHash (0x00007a501bff4388) [0x00007a501bff4480, 0x00007a501bff7cf0] Compiler: c1, Barriers: 7, Oops: 6, ImmediateOops: 10, NonImmediateOops: No
[2,692s][debug][gc,nmethod     ] Register NMethod: io.sirix.node.xml.ElementNode.getLastChildKey (0x00007a501bff7d88) [0x00007a501bff7e80, 0x00007a501bffce70] Compiler: c1, Barriers: 19, Oops: 7, ImmediateOops: 11, NonImmediateOops: No
[2,693s][debug][gc,nmethod     ] Register NMethod: io.sirix.node.xml.ElementNode.getLocalNameKey (0x00007a501bffcf08) [0x00007a501bffd000, 0x00007a501c001ff0] Compiler: c1, Barriers: 19, Oops: 7, ImmediateOops: 11, NonImmediateOops: No
[2,694s][debug][gc,nmethod     ] Register NMethod: io.sirix.node.xml.ElementNode.getPrefixKey (0x00007a501c002088) [0x00007a501c002180, 0x00007a501c007170] Compiler: c1, Barriers: 19, Oops: 7, ImmediateOops: 11, NonImmediateOops: No
[2,694s][debug][gc,nmethod     ] Register NMethod: io.sirix.node.xml.TextNode.getRightSiblingKey (0x00007a501c007208) [0x00007a501c007300, 0x00007a501c00c2f0] Compiler: c1, Barriers: 19, Oops: 7, ImmediateOops: 11, NonImmediateOops: No
[2,695s][debug][gc,nmethod     ] Register NMethod: java.lang.Thread.blockedOn (0x00007a503ad42a08) [0x00007a503ad42b00, 0x00007a503ad42dc0] Compiler: jvmci, Barriers: 4, Oops: 0, ImmediateOops: 0, NonImmediateOops: No
[2,695s][debug][gc,nmethod     ] Register NMethod: java.lang.invoke.VarHandleGuards.guard_LJJ_V (0x00007a503ad42e08) [0x00007a503ad42f00, 0x00007a503ad437b8] Compiler: jvmci, Barriers: 26, Oops: 0, ImmediateOops: 5, NonImmediateOops: No
[2,695s][debug][gc,nmethod     ] Register NMethod: java.lang.invoke.VarHandleSegmentAsLongs.set (0x00007a503ad43808) [0x00007a503ad43900, 0x00007a503ad44010] Compiler: jvmci, Barriers: 4, Oops: 0, ImmediateOops: 0, NonImmediateOops: No
[2,696s][debug][gc,nmethod     ] Register NMethod: io.sirix.io.filechannel.FileChannelReader$$Lambda/0x000000005d2bfb40.<init> (0x00007a501c00c388) [0x00007a501c00c480, 0x00007a501c00c658] Compiler: c1, Barriers: 3, Oops: 1, ImmediateOops: 0, NonImmediateOops: No
[2,696s][debug][gc,nmethod     ] Register NMethod: java.nio.ByteBuffer.get (0x00007a501c00c688) [0x00007a501c00c780, 0x00007a501c00d0f8] Compiler: c1, Barriers: 0, Oops: 0, ImmediateOops: 0, NonImmediateOops: No
[2,696s][debug][gc,nmethod     ] Register NMethod: java.nio.ByteBuffer.getArray (0x00007a501c00d108) [0x00007a501c00d200, 0x00007a501c00f0f8] Compiler: c1, Barriers: 5, Oops: 1, ImmediateOops: 4, NonImmediateOops: No
[2,696s][debug][gc,nmethod     ] Register NMethod: com.github.benmanes.caffeine.cache.LocalAsyncCache.get (0x00007a501c00f108) [0x00007a501c00f200, 0x00007a501c00fe10] Compiler: c1, Barriers: 6, Oops: 2, ImmediateOops: 2, NonImmediateOops: No
[2,696s][debug][gc,nmethod     ] Register NMethod: com.github.benmanes.caffeine.cache.LocalAsyncCache$AbstractCacheView.get (0x00007a501c00fe88) [0x00007a501c00ff80, 0x00007a501c011018] Compiler: c1, Barriers: 6, Oops: 2, ImmediateOops: 2, NonImmediateOops: No
[2,697s][debug][gc,nmethod     ] Register NMethod: io.sirix.io.filechannel.FileChannelReader.readRevisionRootPage (0x00007a501c011088) [0x00007a501c011180, 0x00007a501c013a98] Compiler: c1, Barriers: 7, Oops: 3, ImmediateOops: 7, NonImmediateOops: No
[2,697s][debug][gc,nmethod     ] Register NMethod: com.github.benmanes.caffeine.cache.PSMW.setPolicyWeight (0x00007a503ad44088) [0x00007a503ad44180, 0x00007a503ad44240] Compiler: c1, Barriers: 0, Oops: 1, ImmediateOops: 0, NonImmediateOops: No
[2,697s][debug][gc,nmethod     ] Register NMethod: com.github.benmanes.caffeine.cache.SSLSMW.missesInSample (0x00007a503ad44388) [0x00007a503ad44480, 0x00007a503ad44540] Compiler: c1, Barriers: 0, Oops: 1, ImmediateOops: 0, NonImmediateOops: No
[2,697s][debug][gc,nmethod     ] Register NMethod: com.github.benmanes.caffeine.cache.LocalAsyncCache.get (0x00007a501c013b08) [0x00007a501c013c00, 0x00007a501c013f28] Compiler: c1, Barriers: 0, Oops: 1, ImmediateOops: 0, NonImmediateOops: No
[2,697s][debug][gc,nmethod     ] Register NMethod: com.github.benmanes.caffeine.cache.LocalAsyncCache$$Lambda/0x000000005d2bfd90.<init> (0x00007a501c013f88) [0x00007a501c014080, 0x00007a501c0142c8] Compiler: c1, Barriers: 6, Oops: 1, ImmediateOops: 0, NonImmediateOops: No
[2,697s][debug][gc,nmethod     ] Register NMethod: com.github.benmanes.caffeine.cache.LocalAsyncCache$$Lambda/0x000000005d2c4000.<init> (0x00007a501c014308) [0x00007a501c014400, 0x00007a501c014738] Compiler: c1, Barriers: 12, Oops: 1, ImmediateOops: 0, NonImmediateOops: No
[2,697s][debug][gc,nmethod     ] Register NMethod: com.github.benmanes.caffeine.cache.stats.DisabledStatsCounter.recordHits (0x00007a501c014788) [0x00007a501c014880, 0x00007a501c014980] Compiler: c1, Barriers: 0, Oops: 1, ImmediateOops: 0, NonImmediateOops: No
[2,697s][debug][gc,nmethod     ] Register NMethod: com.github.benmanes.caffeine.cache.LocalAsyncCache$AbstractCacheView.resolve (0x00007a501c014a88) [0x00007a501c014b80, 0x00007a501c015f70] Compiler: c1, Barriers: 1, Oops: 1, ImmediateOops: 2, NonImmediateOops: No
[2,697s][debug][gc,nmethod     ] Register NMethod: java.nio.ByteBuffer.get (0x00007a501c015f88) [0x00007a501c016080, 0x00007a501c016390] Compiler: c1, Barriers: 0, Oops: 0, ImmediateOops: 0, NonImmediateOops: No
[2,697s][debug][gc,nmethod     ] Register NMethod: com.github.benmanes.caffeine.cache.UnboundedLocalCache.computeIfAbsent (0x00007a501c016408) [0x00007a501c016500, 0x00007a501c016f30] Compiler: c1, Barriers: 4, Oops: 1, ImmediateOops: 0, NonImmediateOops: No
[2,697s][debug][gc,nmethod     ] Register NMethod: com.github.benmanes.caffeine.cache.LocalAsyncCache.get (0x00007a501c016f88) [0x00007a501c017080, 0x00007a501c018550] Compiler: c1, Barriers: 16, Oops: 3, ImmediateOops: 2, NonImmediateOops: No
[2,698s][debug][gc,nmethod     ] Register NMethod: io.sirix.node.GrowingMemorySegment.grow (0x00007a501c018588) [0x00007a501c018680, 0x00007a501c0294c8] Compiler: c1, Barriers: 44, Oops: 5, ImmediateOops: 42, NonImmediateOops: No
[2,698s][debug][gc,nmethod     ] Register NMethod: com.github.benmanes.caffeine.cache.BoundedLocalCache.scheduleAfterWrite (0x00007a501c029508) [0x00007a501c029600, 0x00007a501c02d6b8] Compiler: c1, Barriers: 0, Oops: 8, ImmediateOops: 22, NonImmediateOops: No
[2,698s][debug][gc,nmethod     ] Register NMethod: io.sirix.page.DeserializedBitmapReferencesPageTuple.<init> (0x00007a501c02d708) [0x00007a501c02d800, 0x00007a501c02da48] Compiler: c1, Barriers: 6, Oops: 1, ImmediateOops: 0, NonImmediateOops: No
[2,698s][debug][gc,nmethod     ] Register NMethod: io.sirix.page.RevisionRootPage.<init> (0x00007a501c02da88) [0x00007a501c02db80, 0x00007a501c02df48] Compiler: c1, Barriers: 9, Oops: 1, ImmediateOops: 0, NonImmediateOops: No
[2,698s][debug][gc,nmethod     ] Register NMethod: com.github.benmanes.caffeine.cache.BaseMpscLinkedArrayQueue.casProducerIndex (0x00007a501c02df88) [0x00007a501c02e080, 0x00007a501c02edb0] Compiler: c1, Barriers: 0, Oops: 6, ImmediateOops: 5, NonImmediateOops: No
[2,698s][debug][gc,nmethod     ] Register NMethod: io.sirix.page.PageKind$5.deserializePage (0x00007a501c02ee08) [0x00007a501c02ef00, 0x00007a501c030b18] Compiler: c1, Barriers: 14, Oops: 1, ImmediateOops: 2, NonImmediateOops: No
[2,698s][debug][gc,nmethod     ] Register NMethod: com.github.benmanes.caffeine.cache.BoundedLocalCache.afterWrite (0x00007a501c030b88) [0x00007a501c030c80, 0x00007a501c033220] Compiler: c1, Barriers: 11, Oops: 2, ImmediateOops: 2, NonImmediateOops: No
[2,699s][debug][gc,nmethod     ] Register NMethod: jdk.internal.misc.Unsafe.bool2byte (0x00007a501c033288) [0x00007a501c033380, 0x00007a501c0334d0] Compiler: c1, Barriers: 0, Oops: 0, ImmediateOops: 0, NonImmediateOops: No
[2,699s][debug][gc,nmethod     ] Register NMethod: com.github.benmanes.caffeine.cache.BaseMpscLinkedArrayQueue.offer (0x00007a501c033588) [0x00007a501c033680, 0x00007a501c036990] Compiler: c1, Barriers: 4, Oops: 12, ImmediateOops: 16, NonImmediateOops: No
[2,699s][debug][gc,nmethod     ] Register NMethod: io.sirix.index.path.summary.PathNode.getURIKey (0x00007a501c036a08) [0x00007a501c036b00, 0x00007a501c036c60] Compiler: c1, Barriers: 1, Oops: 1, ImmediateOops: 0, NonImmediateOops: No
[2,700s][debug][gc,nmethod     ] Register NMethod: io.sirix.access.trx.page.NodePageTrx.getName (0x00007a501c036d08) [0x00007a501c036e00, 0x00007a501c039168] Compiler: c1, Barriers: 11, Oops: 1, ImmediateOops: 3, NonImmediateOops: No
[2,700s][debug][gc,nmethod     ] Register NMethod: sun.nio.ch.UnixFileDispatcherImpl.force0 (0x00007a503ad44688) [0x00007a503ad44780, 0x00007a503ad448f0] Compiler: , Barriers: 0, Oops: 0, ImmediateOops: 1, NonImmediateOops: No
[2,700s][debug][gc,nmethod     ] Register NMethod: jdk.internal.event.FileForceEvent.enabled (0x00007a503ad44988) [0x00007a503ad44a80, 0x00007a503ad44b20] Compiler: c1, Barriers: 0, Oops: 0, ImmediateOops: 0, NonImmediateOops: No
[2,701s][debug][gc,nmethod     ] Register NMethod: java.util.BitSet.cardinality (0x00007a503ad44c88) [0x00007a503ad44d80, 0x00007a503ad44ed0] Compiler: jvmci, Barriers: 1, Oops: 0, ImmediateOops: 0, NonImmediateOops: No
[2,701s][debug][gc,nmethod     ] Register NMethod: io.sirix.node.xml.ElementNode.getAttributeCount (0x00007a501c039188) [0x00007a501c039280, 0x00007a501c039410] Compiler: c1, Barriers: 1, Oops: 1, ImmediateOops: 0, NonImmediateOops: No
[2,701s][debug][gc,nmethod     ] Register NMethod: io.sirix.node.xml.ElementNode.getNamespaceCount (0x00007a501c039488) [0x00007a501c039580, 0x00007a501c039710] Compiler: c1, Barriers: 1, Oops: 1, ImmediateOops: 0, NonImmediateOops: No
[2,701s][debug][gc,nmethod     ] Register NMethod: it.unimi.dsi.fastutil.longs.AbstractLongList.<init> (0x00007a501c039788) [0x00007a501c039880, 0x00007a501c039a98] Compiler: c1, Barriers: 0, Oops: 1, ImmediateOops: 0, NonImmediateOops: No
[2,702s][debug][gc,nmethod     ] Register NMethod: it.unimi.dsi.fastutil.longs.AbstractLongCollection.<init> (0x00007a501c039b08) [0x00007a501c039c00, 0x00007a501c039db8] Compiler: c1, Barriers: 0, Oops: 1, ImmediateOops: 0, NonImmediateOops: No
[2,702s][debug][gc,nmethod     ] Register NMethod: io.sirix.node.xml.TextNode.hasFirstChild (0x00007a503ad44f88) [0x00007a503ad45080, 0x00007a503ad45140] Compiler: c1, Barriers: 0, Oops: 1, ImmediateOops: 0, NonImmediateOops: No
[2,702s][debug][gc,nmethod     ] Register NMethod: io.sirix.access.trx.node.AbstractNodeReadOnlyTrx.getLeftSiblingKey (0x00007a501c039e08) [0x00007a501c039f00, 0x00007a501c03a720] Compiler: c1, Barriers: 0, Oops: 1, ImmediateOops: 1, NonImmediateOops: No
[2,702s][debug][gc,nmethod     ] Register NMethod: io.brackit.query.atomic.QNm.<init> (0x00007a501c03a788) [0x00007a501c03a880, 0x00007a501c03acb8] Compiler: c1, Barriers: 9, Oops: 1, ImmediateOops: 4, NonImmediateOops: No
[2,702s][debug][gc,nmethod     ] Register NMethod: java.lang.Boolean.getBoolean (0x00007a501c03ad08) [0x00007a501c03ae00, 0x00007a501c03b778] Compiler: c1, Barriers: 2, Oops: 0, ImmediateOops: 2, NonImmediateOops: No
[2,702s][debug][gc,nmethod     ] Register NMethod: io.sirix.node.xml.ElementNode.getKind (0x00007a503ad45288) [0x00007a503ad45380, 0x00007a503ad45410] Compiler: jvmci, Barriers: 0, Oops: 1, ImmediateOops: 1, NonImmediateOops: No
[2,702s][debug][gc,nmethod     ] Register NMethod: java.lang.Iterable.forEach (0x00007a501c03b788) [0x00007a501c03b880, 0x00007a501c03c378] Compiler: c1, Barriers: 0, Oops: 0, ImmediateOops: 0, NonImmediateOops: No
[2,702s][debug][gc,nmethod     ] Register NMethod: java.util.concurrent.ConcurrentHashMap.isEmpty (0x00007a501c03c388) [0x00007a501c03c480, 0x00007a501c03c7c8] Compiler: c1, Barriers: 0, Oops: 0, ImmediateOops: 0, NonImmediateOops: No
[2,703s][debug][gc,nmethod     ] Register NMethod: dagger.internal.Preconditions.checkNotNullFromProvides (0x00007a501c03c808) [0x00007a501c03c900, 0x00007a501c03cad8] Compiler: c1, Barriers: 0, Oops: 1, ImmediateOops: 1, NonImmediateOops: No
[2,703s][debug][gc,nmethod     ] Register NMethod: io.sirix.page.NamePage.<init> (0x00007a501c03cb08) [0x00007a501c03cc00, 0x00007a501c03cf80] Compiler: c1, Barriers: 9, Oops: 1, ImmediateOops: 0, NonImmediateOops: No
[2,703s][debug][gc,nmethod     ] Register NMethod: io.sirix.node.xml.ElementNode.hasRightSibling (0x00007a501c03d008) [0x00007a501c03d100, 0x00007a501c042538] Compiler: c1, Barriers: 19, Oops: 7, ImmediateOops: 12, NonImmediateOops: No
[2,703s][debug][gc,nmethod     ] Register NMethod: io.sirix.page.PageKind$2.deserializePage (0x00007a501c042588) [0x00007a501c042680, 0x00007a501c042ff8] Compiler: c1, Barriers: 9, Oops: 1, ImmediateOops: 1, NonImmediateOops: No
[2,703s][debug][gc,nmethod     ] Register NMethod: io.sirix.access.trx.page.RevisionRootPageReader.<init> (0x00007a501c043008) [0x00007a501c043100, 0x00007a501c043258] Compiler: c1, Barriers: 0, Oops: 1, ImmediateOops: 0, NonImmediateOops: No
[2,703s][debug][gc,nmethod     ] Register NMethod: io.sirix.access.trx.page.RevisionRootPageReader.getNamePage (0x00007a501c043308) [0x00007a501c043400, 0x00007a501c043710] Compiler: c1, Barriers: 0, Oops: 1, ImmediateOops: 0, NonImmediateOops: No
[2,703s][debug][gc,nmethod     ] Register NMethod: io.sirix.access.trx.page.RevisionRootPageReader.loadRevisionRootPage (0x00007a501c043788) [0x00007a501c043880, 0x00007a501c043b90] Compiler: c1, Barriers: 0, Oops: 1, ImmediateOops: 0, NonImmediateOops: No
[2,703s][debug][gc,nmethod     ] Register NMethod: io.sirix.access.trx.node.AbstractResourceSession.assertAccess (0x00007a501c043c08) [0x00007a501c043d00, 0x00007a501c0454c0] Compiler: c1, Barriers: 4, Oops: 1, ImmediateOops: 3, NonImmediateOops: No
[2,704s][debug][gc,nmethod     ] Register NMethod: io.sirix.access.trx.RevisionEpochTracker$Ticket.<init> (0x00007a501c045508) [0x00007a501c045600, 0x00007a501c045760] Compiler: c1, Barriers: 0, Oops: 1, ImmediateOops: 0, NonImmediateOops: No
[2,704s][debug][gc,nmethod     ] Register NMethod: io.sirix.node.xml.TextNode.getKind (0x00007a501c045808) [0x00007a501c045900, 0x00007a501c045a08] Compiler: c1, Barriers: 0, Oops: 1, ImmediateOops: 1, NonImmediateOops: No
[2,704s][debug][gc,nmethod     ] Register NMethod: io.sirix.access.trx.RevisionEpochTracker.register (0x00007a501c045b08) [0x00007a501c045c00, 0x00007a501c0477f0] Compiler: c1, Barriers: 3, Oops: 8, ImmediateOops: 9, NonImmediateOops: No
[2,704s][debug][gc,nmethod     ] Register NMethod: io.sirix.service.xml.serialize.XmlSerializer.areSiblingNodesGoingToBeSkipped (0x00007a503ad45588) [0x00007a503ad45680, 0x00007a503ad45740] Compiler: c1, Barriers: 0, Oops: 1, ImmediateOops: 0, NonImmediateOops: No
[2,704s][debug][gc,nmethod     ] Register NMethod: io.sirix.access.trx.node.AbstractNodeReadOnlyTrx.moveToFirstChild (0x00007a501c047888) [0x00007a501c047980, 0x00007a501c048600] Compiler: c1, Barriers: 0, Oops: 1, ImmediateOops: 1, NonImmediateOops: No
[2,704s][debug][gc,nmethod     ] Register NMethod: io.sirix.access.trx.node.xml.XmlNodeReadOnlyTrxImpl.isDocumentRoot (0x00007a501c048688) [0x00007a501c048780, 0x00007a501c049228] Compiler: c1, Barriers: 1, Oops: 1, ImmediateOops: 2, NonImmediateOops: No
[2,704s][debug][gc,nmethod     ] Register NMethod: io.sirix.access.trx.page.NodePageReadOnlyTrx.<init> (0x00007a501c049288) [0x00007a501c049380, 0x00007a501c04c990] Compiler: c1, Barriers: 44, Oops: 2, ImmediateOops: 4, NonImmediateOops: No
[2,705s][debug][gc,nmethod     ] Register NMethod: java.util.regex.Matcher.matches (0x00007a501c04ca08) [0x00007a501c04cb00, 0x00007a501c04ce00] Compiler: c1, Barriers: 0, Oops: 0, ImmediateOops: 0, NonImmediateOops: No
[2,705s][debug][gc,nmethod     ] Register NMethod: java.util.regex.Matcher.match (0x00007a501c04ce08) [0x00007a501c04cf00, 0x00007a501c04d728] Compiler: c1, Barriers: 8, Oops: 0, ImmediateOops: 0, NonImmediateOops: No
[2,705s][debug][gc,nmethod     ] Register NMethod: io.sirix.node.xml.TextNode.getLeftSiblingKey (0x00007a501c04d788) [0x00007a501c04d880, 0x00007a501c052870] Compiler: c1, Barriers: 19, Oops: 7, ImmediateOops: 11, NonImmediateOops: No
[2,705s][debug][gc,nmethod     ] Register NMethod: io.sirix.node.xml.TextNode.hasRightSibling (0x00007a501c052908) [0x00007a501c052a00, 0x00007a501c057e38] Compiler: c1, Barriers: 19, Oops: 7, ImmediateOops: 12, NonImmediateOops: No
[2,706s][debug][gc,nmethod     ] Register NMethod: org.junit.platform.commons.util.ReflectionUtils$$Lambda/0x000000005d18d698.<init> (0x00007a501c057e88) [0x00007a501c057f80, 0x00007a501c058150] Compiler: c1, Barriers: 3, Oops: 1, ImmediateOops: 0, NonImmediateOops: No
[2,706s][debug][gc,nmethod     ] Register NMethod: sun.nio.ch.IOUtil.write (0x00007a501c058188) [0x00007a501c058280, 0x00007a501c0594a8] Compiler: c1, Barriers: 0, Oops: 0, ImmediateOops: 0, NonImmediateOops: No
[2,707s][debug][gc,nmethod     ] Register NMethod: org.junit.platform.commons.util.ReflectionUtils.isMethodShadowedByLocalMethods (0x00007a501c059508) [0x00007a501c059600, 0x00007a501c05a618] Compiler: c1, Barriers: 3, Oops: 2, ImmediateOops: 3, NonImmediateOops: No
[2,707s][debug][gc,nmethod     ] Register NMethod: org.junit.platform.engine.UniqueIdFormat$$Lambda/0x000000005d19b3f0.apply (0x00007a501c05a688) [0x00007a501c05a780, 0x00007a501c05aaf8] Compiler: c1, Barriers: 1, Oops: 1, ImmediateOops: 0, NonImmediateOops: No
[2,707s][debug][gc,nmethod     ] Register NMethod: org.junit.platform.commons.util.ReflectionUtils$$Lambda/0x000000005d18e930.test (0x00007a501c05ab08) [0x00007a501c05ac00, 0x00007a501c05bf90] Compiler: c1, Barriers: 4, Oops: 2, ImmediateOops: 3, NonImmediateOops: No
[2,707s][debug][gc,nmethod     ] Register NMethod: org.junit.platform.commons.util.ReflectionUtils.lambda$findAllMethodsInHierarchy$28 (0x00007a501c05c008) [0x00007a501c05c100, 0x00007a501c05d1d0] Compiler: c1, Barriers: 3, Oops: 2, ImmediateOops: 3, NonImmediateOops: No
[2,707s][debug][gc,nmethod     ] Register NMethod: sun.nio.ch.IOUtil.writeFromNativeBuffer (0x00007a501c05d208) [0x00007a501c05d300, 0x00007a501c05f9b8] Compiler: c1, Barriers: 4, Oops: 0, ImmediateOops: 4, NonImmediateOops: No
[2,707s][debug][gc,nmethod     ] Register NMethod: java.util.concurrent.CopyOnWriteArrayList.elementAt (0x00007a501c05fa08) [0x00007a501c05fb00, 0x00007a501c05fc38] Compiler: c1, Barriers: 1, Oops: 0, ImmediateOops: 0, NonImmediateOops: No
[2,707s][debug][gc,nmethod     ] Register NMethod: java.util.concurrent.CopyOnWriteArrayList.get (0x00007a501c05fd08) [0x00007a501c05fe00, 0x00007a501c0601c0] Compiler: c1, Barriers: 2, Oops: 0, ImmediateOops: 0, NonImmediateOops: No
[2,707s][debug][gc,nmethod     ] Register NMethod: jdk.internal.reflect.ReflectionFactory.copyField (0x00007a501c060208) [0x00007a501c060300, 0x00007a501c0606d8] Compiler: c1, Barriers: 1, Oops: 0, ImmediateOops: 0, NonImmediateOops: No
[2,707s][debug][gc,nmethod     ] Register NMethod: java.lang.reflect.ReflectAccess.copyField (0x00007a501c060708) [0x00007a501c060800, 0x00007a501c060b00] Compiler: c1, Barriers: 0, Oops: 0, ImmediateOops: 0, NonImmediateOops: No
[2,707s][debug][gc,nmethod     ] Register NMethod: org.junit.platform.engine.UniqueIdFormat.createSegment (0x00007a501c060b08) [0x00007a501c060c00, 0x00007a501c063c28] Compiler: c1, Barriers: 19, Oops: 4, ImmediateOops: 4, NonImmediateOops: No
[2,708s][debug][gc,nmethod     ] Register NMethod: java.lang.reflect.Field.copy (0x00007a501c063c88) [0x00007a501c063d80, 0x00007a501c064400] Compiler: c1, Barriers: 21, Oops: 0, ImmediateOops: 1, NonImmediateOops: No
[2,708s][debug][gc,nmethod     ] Register NMethod: java.lang.reflect.Field.<init> (0x00007a501c064408) [0x00007a501c064500, 0x00007a501c064928] Compiler: c1, Barriers: 15, Oops: 0, ImmediateOops: 0, NonImmediateOops: No
[2,709s][debug][gc,nmethod     ] Register NMethod: java.util.stream.FindOps.makeRef (0x00007a501c064988) [0x00007a501c064a80, 0x00007a501c064bd8] Compiler: c1, Barriers: 0, Oops: 0, ImmediateOops: 2, NonImmediateOops: No
[2,709s][debug][gc,nmethod     ] Register NMethod: java.util.stream.FindOps$FindSink$OfRef.<init> (0x00007a501c064c88) [0x00007a501c064d80, 0x00007a501c064f38] Compiler: c1, Barriers: 0, Oops: 0, ImmediateOops: 0, NonImmediateOops: No
[2,709s][debug][gc,nmethod     ] Register NMethod: java.util.stream.FindOps$FindOp.evaluateSequential (0x00007a501c064f88) [0x00007a501c065080, 0x00007a501c065cb8] Compiler: c1, Barriers: 2, Oops: 0, ImmediateOops: 0, NonImmediateOops: No
[2,709s][debug][gc,nmethod     ] Register NMethod: java.util.stream.FindOps$FindSink$OfRef$$Lambda/0x000000005d058768.get (0x00007a501c065d08) [0x00007a501c065e00, 0x00007a501c066068] Compiler: c1, Barriers: 0, Oops: 0, ImmediateOops: 0, NonImmediateOops: No
[2,709s][debug][gc,nmethod     ] Register NMethod: org.junit.platform.engine.UniqueIdFormat.encode (0x00007a501c066088) [0x00007a501c066180, 0x00007a501c068620] Compiler: c1, Barriers: 4, Oops: 2, ImmediateOops: 4, NonImmediateOops: No
[2,709s][debug][gc,nmethod     ] Register NMethod: java.util.stream.FindOps$FindSink.<init> (0x00007a501c068688) [0x00007a501c068780, 0x00007a501c0688d8] Compiler: c1, Barriers: 0, Oops: 0, ImmediateOops: 0, NonImmediateOops: No
[2,709s][debug][gc,nmethod     ] Register NMethod: java.util.stream.FindOps$FindSink$OfRef.get (0x00007a501c068988) [0x00007a501c068a80, 0x00007a501c068f48] Compiler: c1, Barriers: 4, Oops: 0, ImmediateOops: 0, NonImmediateOops: No
[2,709s][debug][gc,nmethod     ] Register NMethod: java.util.stream.FindOps$FindSink$OfRef.get (0x00007a501c068f88) [0x00007a501c069080, 0x00007a501c069770] Compiler: c1, Barriers: 4, Oops: 0, ImmediateOops: 0, NonImmediateOops: No
[2,710s][debug][gc,nmethod     ] Register NMethod: org.junit.platform.engine.support.hierarchical.ThrowableCollector.isEmpty (0x00007a501c069788) [0x00007a501c069880, 0x00007a501c069a00] Compiler: c1, Barriers: 1, Oops: 1, ImmediateOops: 0, NonImmediateOops: No
[2,714s][debug][gc,nmethod     ] Register NMethod: java.util.concurrent.ConcurrentHashMap$KeyIterator.next (0x00007a501c069a88) [0x00007a501c069b80, 0x00007a501c06a060] Compiler: c1, Barriers: 5, Oops: 0, ImmediateOops: 0, NonImmediateOops: No
[2,714s][debug][gc,nmethod     ] Register NMethod: java.lang.invoke.MethodHandle.invokeBasic (0x00007a503ad45888) [0x00007a503ad45980, 0x00007a503ad45c18] Compiler: , Barriers: 0, Oops: 0, ImmediateOops: 0, NonImmediateOops: No
[2,714s][debug][gc,nmethod     ] Register NMethod: java.lang.invoke.MethodHandle.linkToSpecial (0x00007a503ad45c88) [0x00007a503ad45d80, 0x00007a503ad45e78] Compiler: , Barriers: 0, Oops: 0, ImmediateOops: 0, NonImmediateOops: No
[2,714s][debug][gc,nmethod     ] Register NMethod: jdk.internal.classfile.impl.DirectCodeBuilder.dup (0x00007a501c06a088) [0x00007a501c06a180, 0x00007a501c06a4c8] Compiler: c1, Barriers: 1, Oops: 0, ImmediateOops: 0, NonImmediateOops: No
[2,714s][debug][gc,nmethod     ] Register NMethod: java.util.logging.LogManager.ensureLogManagerInitialized (0x00007a501c06a508) [0x00007a501c06a600, 0x00007a501c06d968] Compiler: c1, Barriers: 21, Oops: 2, ImmediateOops: 8, NonImmediateOops: No
[2,714s][debug][gc,nmethod     ] Register NMethod: java.lang.invoke.MethodHandle.invokeBasic (0x00007a503ad45f88) [0x00007a503ad46080, 0x00007a503ad46318] Compiler: , Barriers: 0, Oops: 0, ImmediateOops: 0, NonImmediateOops: No
[2,715s][debug][gc,nmethod     ] Register NMethod: java.lang.invoke.MethodHandle.linkToSpecial (0x00007a503ad46388) [0x00007a503ad46480, 0x00007a503ad46578] Compiler: , Barriers: 0, Oops: 0, ImmediateOops: 0, NonImmediateOops: No
[2,715s][debug][gc,nmethod     ] Register NMethod: jdk.internal.classfile.impl.UnboundAttribute$UnboundRuntimeVisibleAnnotationsAttribute.attributeName (0x00007a501c06d988) [0x00007a501c06da80, 0x00007a501c06db88] Compiler: c1, Barriers: 0, Oops: 0, ImmediateOops: 1, NonImmediateOops: No
[2,715s][debug][gc,nmethod     ] Register NMethod: jdk.internal.classfile.impl.AbstractAttributeMapper$RuntimeVisibleAnnotationsMapper.writeBody (0x00007a501c06dc88) [0x00007a501c06dd80, 0x00007a501c06df50] Compiler: c1, Barriers: 1, Oops: 0, ImmediateOops: 0, NonImmediateOops: No
[2,715s][debug][gc,nmethod     ] Register NMethod: jdk.internal.classfile.impl.AbstractAttributeMapper$RuntimeVisibleAnnotationsMapper.writeBody (0x00007a501c06df88) [0x00007a501c06e080, 0x00007a501c06e680] Compiler: c1, Barriers: 1, Oops: 0, ImmediateOops: 0, NonImmediateOops: No
[2,715s][debug][gc,nmethod     ] Register NMethod: jdk.internal.classfile.impl.RawBytecodeHelper.isWide (0x00007a501c06e688) [0x00007a501c06e780, 0x00007a501c06e8d8] Compiler: c1, Barriers: 0, Oops: 0, ImmediateOops: 0, NonImmediateOops: No
[2,715s][debug][gc,nmethod     ] Register NMethod: jdk.internal.classfile.impl.AnnotationReader.writeAnnotations (0x00007a501c06e988) [0x00007a501c06ea80, 0x00007a501c06fe00] Compiler: c1, Barriers: 2, Oops: 0, ImmediateOops: 0, NonImmediateOops: No
[2,715s][debug][gc,nmethod     ] Register NMethod: jdk.internal.classfile.impl.RawBytecodeHelper.getIndex (0x00007a501c06fe08) [0x00007a501c06ff00, 0x00007a501c070a00] Compiler: c1, Barriers: 2, Oops: 0, ImmediateOops: 0, NonImmediateOops: No
[2,723s][debug][gc,nmethod     ] Register NMethod: io.sirix.access.trx.page.NodePageReadOnlyTrx.getValue (0x00007a503ad46688) [0x00007a503ad46780, 0x00007a503ad47608] Compiler: jvmci, Barriers: 22, Oops: 1, ImmediateOops: 1, NonImmediateOops: No
[2,725s][debug][gc,nmethod     ] Register NMethod: java.util.concurrent.ConcurrentLinkedDeque.clear (0x00007a501c070a08) [0x00007a501c070b00, 0x00007a501c070d38] Compiler: c1, Barriers: 0, Oops: 0, ImmediateOops: 0, NonImmediateOops: No
[2,725s][debug][gc,nmethod     ] Register NMethod: java.util.concurrent.ConcurrentLinkedDeque.clear (0x00007a501c070d88) [0x00007a501c070e80, 0x00007a501c071058] Compiler: c1, Barriers: 0, Oops: 0, ImmediateOops: 0, NonImmediateOops: No
[2,729s][debug][gc,nmethod     ] Register NMethod: io.sirix.settings.VersioningType$4.combineRecordPages (0x00007a503ad47688) [0x00007a503ad47780, 0x00007a503ad4a878] Compiler: jvmci, Barriers: 45, Oops: 4, ImmediateOops: 1, NonImmediateOops: No
[2,731s][debug][gc,nmethod     ] Register NMethod: io.sirix.page.KeyValueLeafPage.setData (0x00007a503ad4a908) [0x00007a503ad4aa00, 0x00007a503ad4cbc0] Compiler: jvmci, Barriers: 27, Oops: 3, ImmediateOops: 4, NonImmediateOops: No
[2,732s][debug][gc,nmethod     ] Register NMethod: java.util.concurrent.ConcurrentLinkedDeque.skipDeletedSuccessors (0x00007a503ad4cc08) [0x00007a503ad4cd00, 0x00007a503ad4cfa0] Compiler: jvmci, Barriers: 8, Oops: 0, ImmediateOops: 0, NonImmediateOops: No
[2,733s][debug][gc,nmethod     ] Register NMethod: io.sirix.settings.VersioningType$4.combineRecordPagesForModification (0x00007a503ad4d008) [0x00007a503ad4d100, 0x00007a503ad4fa18] Compiler: jvmci, Barriers: 59, Oops: 3, ImmediateOops: 1, NonImmediateOops: No
[2,733s][debug][gc,nmethod     ] Register NMethod: java.util.concurrent.ConcurrentLinkedDeque.skipDeletedPredecessors (0x00007a503ad4fa88) [0x00007a503ad4fb80, 0x00007a503ad4fe70] Compiler: jvmci, Barriers: 9, Oops: 0, ImmediateOops: 0, NonImmediateOops: No
[2,733s][debug][gc,nmethod     ] Register NMethod: java.util.concurrent.ConcurrentLinkedDeque.unlink (0x00007a503ad4fe88) [0x00007a503ad4ff80, 0x00007a503ad50ae0] Compiler: jvmci, Barriers: 38, Oops: 0, ImmediateOops: 1, NonImmediateOops: No
[2,734s][debug][gc,nmethod     ] Register NMethod: java.util.concurrent.ConcurrentLinkedDeque.pollFirst (0x00007a503ad50b08) [0x00007a503ad50c00, 0x00007a503ad51f18] Compiler: jvmci, Barriers: 72, Oops: 0, ImmediateOops: 1, NonImmediateOops: No
[2,734s][debug][gc,nmethod     ] Register NMethod: java.util.concurrent.ConcurrentLinkedDeque.first (0x00007a503ad51f88) [0x00007a503ad52080, 0x00007a503ad521b8] Compiler: jvmci, Barriers: 2, Oops: 0, ImmediateOops: 0, NonImmediateOops: No
[2,734s][debug][gc,nmethod     ] Register NMethod: java.util.concurrent.ConcurrentLinkedDeque.updateHead (0x00007a503ad52288) [0x00007a503ad52380, 0x00007a503ad52518] Compiler: jvmci, Barriers: 3, Oops: 0, ImmediateOops: 0, NonImmediateOops: No
[2,734s][debug][gc,nmethod     ] Register NMethod: java.util.concurrent.ConcurrentLinkedDeque.updateTail (0x00007a503ad52588) [0x00007a503ad52680, 0x00007a503ad527b0] Compiler: jvmci, Barriers: 2, Oops: 0, ImmediateOops: 0, NonImmediateOops: No
[2,734s][debug][gc,nmethod     ] Register NMethod: java.lang.Thread.terminatingThreadLocals (0x00007a503ad52888) [0x00007a503ad52980, 0x00007a503ad52a88] Compiler: jvmci, Barriers: 2, Oops: 0, ImmediateOops: 0, NonImmediateOops: No
[2,736s][debug][gc,nmethod     ] Register NMethod: sun.invoke.util.VerifyAccess.ensureTypeVisible (0x00007a503ad52b88) [0x00007a503ad52c80, 0x00007a503ad53010] Compiler: jvmci, Barriers: 4, Oops: 0, ImmediateOops: 1, NonImmediateOops: No
[2,748s][debug][gc,nmethod     ] Register NMethod: java.util.concurrent.ConcurrentLinkedDeque.clear (0x00007a503ad53088) [0x00007a503ad53180, 0x00007a503ad56658] Compiler: jvmci, Barriers: 201, Oops: 0, ImmediateOops: 1, NonImmediateOops: No
[2,784s][debug][gc,nmethod     ] Register NMethod: io.sirix.access.trx.RevisionEpochTracker.minActiveRevision (0x00007a501c071088) [0x00007a501c071180, 0x00007a501c0729e8] Compiler: c1, Barriers: 3, Oops: 8, ImmediateOops: 9, NonImmediateOops: No
[2,799s][debug][gc,nmethod     ] Register NMethod: java.util.concurrent.ConcurrentLinkedDeque.pollFirst (0x00007a501c072a88) [0x00007a501c072b80, 0x00007a501c074578] Compiler: c1, Barriers: 9, Oops: 6, ImmediateOops: 9, NonImmediateOops: No
[2,805s][debug][gc,nmethod     ] Register NMethod: java.util.concurrent.ConcurrentLinkedDeque.pollFirst (0x00007a503ad56688) [0x00007a503ad56780, 0x00007a503ad576c0] Compiler: jvmci, Barriers: 51, Oops: 0, ImmediateOops: 1, NonImmediateOops: No
[2,820s][debug][gc,nmethod     ] Register NMethod: java.util.concurrent.ConcurrentLinkedDeque.clear (0x00007a503ad57708) [0x00007a503ad57800, 0x00007a503ad5b040] Compiler: jvmci, Barriers: 209, Oops: 0, ImmediateOops: 2, NonImmediateOops: No
[2,830s][debug][gc,nmethod     ] Register NMethod: java.util.concurrent.ConcurrentHashMap.clear (0x00007a501bc67308) [0x00007a501bc67400, 0x00007a501bc68220] Compiler: c1, Barriers: 3, Oops: 0, ImmediateOops: 0, NonImmediateOops: No
[2,830s][debug][gc,nmethod     ] Register NMethod: java.util.concurrent.ConcurrentHashMap.clear (0x00007a501bc67308) [0x00007a501bc67400, 0x00007a501bc68220] Compiler: c1, Barriers: 3, Oops: 0, ImmediateOops: 0, NonImmediateOops: No
[2,830s][debug][gc,nmethod     ] Register NMethod: java.util.concurrent.ConcurrentHashMap.clear (0x00007a501bc67308) [0x00007a501bc67400, 0x00007a501bc68220] Compiler: c1, Barriers: 3, Oops: 0, ImmediateOops: 0, NonImmediateOops: No
[2,831s][info ][gc,exit        ] Stopping ZGC
[2,831s][debug][gc,remset      ] GC(1) Y: Remset forwarding retained: 0,000ms count: 0 ZWorkerYoung#0
[2,831s][debug][gc,remset      ] GC(1) Y: Remset forwarding released: 0,000ms count: 0 ZWorkerYoung#0
[2,831s][debug][gc,nmethod     ] Register NMethod: java.io.UnixFileSystem.delete (0x00007a501c074608) [0x00007a501c074700, 0x00007a501c074cc8] Compiler: c1, Barriers: 3, Oops: 0, ImmediateOops: 0, NonImmediateOops: No
[2,831s][info ][gc,phases      ] GC(1) Y: Young Generation Aborted
[2,831s][info ][gc             ] GC(1) Major Collection (Metadata GC Threshold) Aborted
[2,831s][debug][gc,nmethod     ] Register NMethod: java.io.File.delete (0x00007a501c074d08) [0x00007a501c074e00, 0x00007a501c075688] Compiler: c1, Barriers: 3, Oops: 1, ImmediateOops: 2, NonImmediateOops: No
[2,831s][info ][gc,stats       ] === Garbage Collection Statistics =======================================================================================================================
[2,831s][info ][gc,stats       ]                                                              Last 10s              Last 10m              Last 10h                Total
[2,831s][info ][gc,stats       ]                                                              Avg / Max             Avg / Max             Avg / Max             Avg / Max
[2,831s][info ][gc,stats       ]        Contention: Mark Segment Reset Contention                     0 / 0                 0 / 0                 0 / 0                 0 / 0           ops/s
[2,831s][info ][gc,stats       ]        Contention: Mark SeqNum Reset Contention                      0 / 0                 0 / 0                 0 / 0                 0 / 0           ops/s
[2,831s][info ][gc,stats       ]          Critical: Allocation Stall                                  0 / 0                 0 / 0                 0 / 0                 0 / 0           ops/s
[2,831s][info ][gc,stats       ]          Critical: Allocation Stall                              0,000 / 0,000         0,000 / 0,000         0,000 / 0,000         0,000 / 0,000       ms
[2,831s][info ][gc,stats       ]          Critical: JNI Critical Stall                                1 / 1                 1 / 1                 1 / 1                 1 / 1           ops/s
[2,831s][info ][gc,stats       ]          Critical: JNI Critical Stall                            0,189 / 0,189         0,189 / 0,189         0,189 / 0,189         0,189 / 0,189       ms
[2,831s][info ][gc,stats       ]          Critical: Relocation Stall                                  0 / 0                 0 / 0                 0 / 0                 0 / 0           ops/s
[2,831s][info ][gc,stats       ]          Critical: Relocation Stall                              0,000 / 0,000         0,000 / 0,000         0,000 / 0,000         0,000 / 0,000       ms
[2,831s][info ][gc,stats       ]  Major Collection: Major Collection                             34,976 / 34,976       34,976 / 34,976       34,976 / 34,976       34,976 / 34,976      ms
[2,831s][info ][gc,stats       ]            Memory: Allocation Rate                                 344 / 344             344 / 344             344 / 344             344 / 344         MB/s
[2,831s][info ][gc,stats       ]            Memory: Defragment                                        0 / 0                 0 / 0                 0 / 0                 0 / 0           ops/s
[2,831s][info ][gc,stats       ]            Memory: Mapped Cache Harvest                              0 / 0                 0 / 0                 0 / 0                 0 / 0           MB/s
[2,831s][info ][gc,stats       ]            Memory: Out Of Memory                                     0 / 0                 0 / 0                 0 / 0                 0 / 0           ops/s
[2,831s][info ][gc,stats       ]            Memory: Uncommit                                          0 / 0                 0 / 0                 0 / 0                 0 / 0           MB/s
[2,831s][info ][gc,stats       ]            Memory: Undo Object Allocation Failed                     0 / 0                 0 / 0                 0 / 0                 0 / 0           ops/s
[2,831s][info ][gc,stats       ]            Memory: Undo Object Allocation Succeeded                  0 / 0                 0 / 0                 0 / 0                 0 / 0           ops/s
[2,831s][info ][gc,stats       ]            Memory: Undo Page Allocation                              0 / 0                 0 / 0                 0 / 0                 0 / 0           ops/s
[2,831s][debug][gc,nmethod     ] Register NMethod: java.util.concurrent.ConcurrentHashMap.clear (0x00007a501c075708) [0x00007a501c075800, 0x00007a501c076570] Compiler: c1, Barriers: 3, Oops: 0, ImmediateOops: 0, NonImmediateOops: No
[2,831s][info ][gc,stats       ]  Minor Collection: Minor Collection                              0,000 / 0,000         0,000 / 0,000         0,000 / 0,000         0,000 / 0,000       ms
[2,831s][info ][gc,stats       ]    Old Generation: Old Generation                               12,701 / 12,701       12,701 / 12,701       12,701 / 12,701       12,701 / 12,701      ms
[2,831s][info ][gc,stats       ]         Old Pause: Pause Mark End                                0,023 / 0,023         0,023 / 0,023         0,023 / 0,023         0,023 / 0,023       ms
[2,831s][info ][gc,stats       ]         Old Pause: Pause Relocate Start                          0,030 / 0,030         0,030 / 0,030         0,030 / 0,030         0,030 / 0,030       ms
[2,831s][info ][gc,stats       ]         Old Phase: Concurrent Mark                               0,620 / 0,620         0,620 / 0,620         0,620 / 0,620         0,620 / 0,620       ms
[2,831s][info ][gc,stats       ]         Old Phase: Concurrent Mark Continue                      0,000 / 0,000         0,000 / 0,000         0,000 / 0,000         0,000 / 0,000       ms
[2,831s][info ][gc,stats       ]         Old Phase: Concurrent Mark Free                          0,038 / 0,038         0,038 / 0,038         0,038 / 0,038         0,038 / 0,038       ms
[2,831s][info ][gc,stats       ]         Old Phase: Concurrent Process Non-Strong                 9,974 / 9,974         9,974 / 9,974         9,974 / 9,974         9,974 / 9,974       ms
[2,831s][info ][gc,stats       ]         Old Phase: Concurrent Relocate                           0,176 / 0,176         0,176 / 0,176         0,176 / 0,176         0,176 / 0,176       ms
[2,831s][info ][gc,stats       ]         Old Phase: Concurrent Remap Roots                        1,100 / 1,100         1,100 / 1,100         1,100 / 1,100         1,100 / 1,100       ms
[2,831s][info ][gc,stats       ]         Old Phase: Concurrent Reset Relocation Set               0,006 / 0,006         0,006 / 0,006         0,006 / 0,006         0,006 / 0,006       ms
[2,831s][info ][gc,stats       ]         Old Phase: Concurrent Select Relocation Set              0,082 / 0,082         0,082 / 0,082         0,082 / 0,082         0,082 / 0,082       ms
[2,831s][info ][gc,stats       ]      Old Subphase: Concurrent Classes Purge                      1,960 / 1,960         1,960 / 1,960         1,960 / 1,960         1,960 / 1,960       ms
[2,831s][info ][gc,stats       ]      Old Subphase: Concurrent Classes Unlink                     6,372 / 6,372         6,372 / 6,372         6,372 / 6,372         6,372 / 6,372       ms
[2,831s][info ][gc,stats       ]      Old Subphase: Concurrent Mark Follow                        0,176 / 0,176         0,176 / 0,176         0,176 / 0,176         0,176 / 0,176       ms
[2,831s][info ][gc,stats       ]      Old Subphase: Concurrent Mark Root Colored                  0,036 / 0,036         0,036 / 0,036         0,036 / 0,036         0,036 / 0,036       ms
[2,831s][info ][gc,stats       ]      Old Subphase: Concurrent Mark Root Uncolored                0,288 / 0,288         0,288 / 0,288         0,288 / 0,288         0,288 / 0,288       ms
[2,831s][info ][gc,stats       ]      Old Subphase: Concurrent Mark Roots                         0,391 / 0,391         0,391 / 0,391         0,391 / 0,391         0,391 / 0,391       ms
[2,831s][info ][gc,stats       ]      Old Subphase: Concurrent References Enqueue                 0,006 / 0,006         0,006 / 0,006         0,006 / 0,006         0,006 / 0,006       ms
[2,831s][info ][gc,stats       ]      Old Subphase: Concurrent References Process                 0,032 / 0,032         0,032 / 0,032         0,032 / 0,032         0,032 / 0,032       ms
[2,831s][info ][gc,stats       ]      Old Subphase: Concurrent Remap Remembered                   0,001 / 0,001         0,001 / 0,001         0,001 / 0,001         0,001 / 0,001       ms
[2,831s][info ][gc,stats       ]      Old Subphase: Concurrent Remap Roots Colored                0,644 / 0,646         0,644 / 0,646         0,644 / 0,646         0,644 / 0,646       ms
[2,831s][info ][gc,stats       ]      Old Subphase: Concurrent Remap Roots Uncolored              0,374 / 0,375         0,374 / 0,375         0,374 / 0,375         0,374 / 0,375       ms
[2,831s][info ][gc,stats       ]      Old Subphase: Concurrent Roots ClassLoaderDataGraph         0,356 / 0,530         0,356 / 0,530         0,356 / 0,530         0,356 / 0,530       ms
[2,831s][info ][gc,stats       ]      Old Subphase: Concurrent Roots CodeCache                    0,370 / 0,371         0,370 / 0,371         0,370 / 0,371         0,370 / 0,371       ms
[2,831s][info ][gc,stats       ]      Old Subphase: Concurrent Roots JavaThreads                  0,074 / 0,288         0,074 / 0,288         0,074 / 0,288         0,074 / 0,288       ms
[2,831s][info ][gc,stats       ]      Old Subphase: Concurrent Roots OopStorageSet                0,010 / 0,025         0,010 / 0,025         0,010 / 0,025         0,010 / 0,025       ms
[2,831s][info ][gc,stats       ]      Old Subphase: Concurrent Weak Roots OopStorageSet           0,489 / 1,248         0,489 / 1,248         0,489 / 1,248         0,489 / 1,248       ms
[2,831s][info ][gc,stats       ]            System: Java Threads                                     20 / 20               20 / 20               20 / 20               20 / 20          threads
[2,831s][info ][gc,stats       ]  Young Generation: Young Generation                             21,591 / 21,591       21,591 / 21,591       21,591 / 21,591       21,591 / 21,591      ms
[2,831s][info ][gc,stats       ]  Young Generation: Young Generation                              0,000 / 0,000         0,000 / 0,000         0,000 / 0,000         0,000 / 0,000       ms
[2,831s][info ][gc,stats       ]  Young Generation: Young Generation (Collect Roots)              0,000 / 0,000         0,000 / 0,000         0,000 / 0,000         0,000 / 0,000       ms
[2,831s][info ][gc,stats       ]  Young Generation: Young Generation (Promote All)                0,000 / 0,000         0,000 / 0,000         0,000 / 0,000         0,000 / 0,000       ms
[2,831s][info ][gc,stats       ]       Young Pause: Pause Mark End                                0,038 / 0,038         0,038 / 0,038         0,038 / 0,038         0,038 / 0,038       ms
[2,831s][info ][gc,stats       ]       Young Pause: Pause Mark Start                              0,000 / 0,000         0,000 / 0,000         0,000 / 0,000         0,000 / 0,000       ms
[2,831s][info ][gc,stats       ]       Young Pause: Pause Mark Start (Major)                      0,106 / 0,106         0,106 / 0,106         0,106 / 0,106         0,106 / 0,106       ms
[2,831s][info ][gc,stats       ]       Young Pause: Pause Relocate Start                          0,051 / 0,051         0,051 / 0,051         0,051 / 0,051         0,051 / 0,051       ms
[2,831s][info ][gc,stats       ]       Young Phase: Concurrent Mark                              15,010 / 15,010       15,010 / 15,010       15,010 / 15,010       15,010 / 15,010      ms
[2,831s][info ][gc,stats       ]       Young Phase: Concurrent Mark Continue                      0,000 / 0,000         0,000 / 0,000         0,000 / 0,000         0,000 / 0,000       ms
[2,831s][info ][gc,stats       ]       Young Phase: Concurrent Mark Free                          0,016 / 0,016         0,016 / 0,016         0,016 / 0,016         0,016 / 0,016       ms
[2,831s][info ][gc,stats       ]       Young Phase: Concurrent Relocate                           4,452 / 4,452         4,452 / 4,452         4,452 / 4,452         4,452 / 4,452       ms
[2,831s][info ][gc,stats       ]       Young Phase: Concurrent Reset Relocation Set               0,008 / 0,008         0,008 / 0,008         0,008 / 0,008         0,008 / 0,008       ms
[2,831s][info ][gc,stats       ]       Young Phase: Concurrent Select Relocation Set              1,142 / 1,142         1,142 / 1,142         1,142 / 1,142         1,142 / 1,142       ms
[2,831s][info ][gc,stats       ]    Young Subphase: Concurrent Mark Follow                       11,714 / 11,714       11,714 / 11,714       11,714 / 11,714       11,714 / 11,714      ms
[2,831s][info ][gc,stats       ]    Young Subphase: Concurrent Mark Root Colored                  1,689 / 1,689         1,689 / 1,689         1,689 / 1,689         1,689 / 1,689       ms
[2,831s][info ][gc,stats       ]    Young Subphase: Concurrent Mark Root Uncolored                1,471 / 1,471         1,471 / 1,471         1,471 / 1,471         1,471 / 1,471       ms
[2,831s][info ][gc,stats       ]    Young Subphase: Concurrent Mark Roots                         3,265 / 3,265         3,265 / 3,265         3,265 / 3,265         3,265 / 3,265       ms
[2,831s][info ][gc,stats       ]    Young Subphase: Concurrent Relocate Remset FP                 0,039 / 0,039         0,039 / 0,039         0,039 / 0,039         0,039 / 0,039       ms
[2,831s][info ][gc,stats       ]    Young Subphase: Concurrent Roots ClassLoaderDataGraph         0,188 / 0,188         0,188 / 0,188         0,188 / 0,188         0,188 / 0,188       ms
[2,831s][info ][gc,stats       ]    Young Subphase: Concurrent Roots CodeCache                    0,653 / 0,653         0,653 / 0,653         0,653 / 0,653         0,653 / 0,653       ms
[2,831s][info ][gc,stats       ]    Young Subphase: Concurrent Roots JavaThreads                  0,412 / 0,817         0,412 / 0,817         0,412 / 0,817         0,412 / 0,817       ms
[2,831s][info ][gc,stats       ]    Young Subphase: Concurrent Roots OopStorageSet                0,220 / 0,220         0,220 / 0,220         0,220 / 0,220         0,220 / 0,220       ms
[2,831s][info ][gc,stats       ]    Young Subphase: Concurrent Weak Roots OopStorageSet           1,277 / 1,277         1,277 / 1,277         1,277 / 1,277         1,277 / 1,277       ms
[2,831s][info ][gc,stats       ] =========================================================================================================================================================
[2,832s][info ][gc,exit        ] Heap
[2,832s][info ][gc,exit        ]  ZHeap           used 438M, capacity 5120M, max capacity 12288M
[2,832s][info ][gc,exit        ]   Cache          4682M (1)
[2,832s][info ][gc,exit        ]    size classes  4G (1)
[2,832s][info ][gc,exit        ]  Metaspace       used 38447K, committed 38848K, reserved 1114112K
[2,832s][info ][gc,exit        ]   class space    used 3462K, committed 3648K, reserved 1048576K
[2,832s][debug][gc,reloc       ] Synchronize all workers 1 _nworkers: 0 _nsynchronized: 0
[2,832s][debug][gc,reloc       ] Synchronize all workers 1 _nworkers: 0 _nsynchronized: 0
