[0.005s][debug][gc,heap] Minimum heap 5368709120  Initial heap 5368709120  Maximum heap 12884901888
[0.005s][info ][gc,init] Initializing The Z Garbage Collector
[0.005s][info ][gc,init] Version: 25+37-LTS-jvmci-b01 (release)
[0.005s][info ][gc,init] NUMA Support: Disabled
[0.005s][info ][gc,init] CPUs: 20 total, 20 available
[0.005s][info ][gc,init] Memory: 31764M
[0.005s][info ][gc,init] Large Page Support: Disabled
[0.006s][info ][gc,init] Address Space Size: unlimited
[0.006s][debug][gc,init] Reserved Space: limit 4096G, desired 192G, requested 192G
[0.006s][info ][gc,init] Reserved Space Type: Contiguous/Unrestricted/Complete
[0.006s][info ][gc,init] Reserved Space Size: 192G
[0.006s][info ][gc,init] Heap Backing File: /memfd:java_heap
[0.006s][info ][gc,init] Heap Backing Filesystem: tmpfs (0x1021994)
[0.006s][info ][gc,init] Min Capacity: 5120M
[0.006s][info ][gc,init] Initial Capacity: 5120M
[0.006s][info ][gc,init] Max Capacity: 12288M
[0.006s][info ][gc,init] Soft Max Capacity: 12288M
[0.006s][info ][gc,init] Page Size Medium: Range [4M, 32M]
[0.006s][info ][gc,init] Pre-touch: Enabled
[0.006s][info ][gc,init] Available space on backing filesystem: N/A
[0.006s][info ][gc,init] Uncommit: Enabled
[0.006s][info ][gc,init] Uncommit Delay: 300s
[0.006s][info ][gc,init] GC Workers for Old Generation: 5 (dynamic)
[0.007s][info ][gc,init] GC Workers for Young Generation: 5 (dynamic)
[0.837s][debug][gc,task] Executing ZPreTouchTask using ZWorkerOld with 5 workers
[1.129s][info ][gc,init] GC Workers Max: 5 (dynamic)
[1.130s][info ][gc,init] Runtime Workers: 12
[1.130s][info ][gc     ] Using The Z Garbage Collector
[1.130s][info ][gc,metaspace] CDS archive(s) not mapped
[1.130s][info ][gc,metaspace] Compressed class space mapped at: 0x00000000b3000000-0x00000000f3000000, reserved size: 1073741824
[1.130s][info ][gc,metaspace] UseCompressedClassPointers 1, UseCompactObjectHeaders 0
[1.130s][info ][gc,metaspace] Narrow klass pointer bits 32, Max shift 3
[1.130s][info ][gc,metaspace] Narrow klass base: 0x0000000000000000, Narrow klass shift: 0
[1.130s][info ][gc,metaspace] Encoding Range: [0x0000000000000000 - 0x0000000100000000), (4294967296 bytes)
[1.130s][info ][gc,metaspace] Klass Range:    [0x00000000b3000000 - 0x00000000f3000000), (1073741824 bytes)
[1.130s][info ][gc,metaspace] Klass ID Range:  [3003121664 - 4076863481) (1073741817)
[1.130s][info ][gc,metaspace] No protection zone.
[1,145s][debug][gc,heap     ] Uncommitter (0) Timeout: 300000ms
[1,146s][debug][gc,nmethod  ] Register NMethod: jdk.internal.util.ArraysSupport.unsignedHashCode (0x000072e47f400008) [0x000072e47f400100, 0x000072e47f400310] Compiler: c1, Barriers: 0, Oops: 0, ImmediateOops: 0, NonImmediateOops: No
[1,146s][debug][gc,nmethod  ] Rebuilding NMethod Table: 0->1024 entries, 0(0%->0%) registered, 0(0%->0%) unregistered
[1,146s][debug][gc,nmethod  ] Register NMethod: java.lang.Object.<init> (0x000072e47f400388) [0x000072e47f400480, 0x000072e47f400580] Compiler: c1, Barriers: 0, Oops: 0, ImmediateOops: 0, NonImmediateOops: No
[1,146s][debug][gc,nmethod  ] Register NMethod: java.lang.Byte.toUnsignedInt (0x000072e47f400688) [0x000072e47f400780, 0x000072e47f400868] Compiler: c1, Barriers: 0, Oops: 0, ImmediateOops: 0, NonImmediateOops: No
[1,147s][debug][gc,nmethod  ] Register NMethod: java.lang.String.hashCode (0x000072e47f400988) [0x000072e47f400a80, 0x000072e47f401028] Compiler: c1, Barriers: 2, Oops: 0, ImmediateOops: 0, NonImmediateOops: No
[1,148s][debug][gc,nmethod  ] Register NMethod: jdk.internal.misc.Unsafe.getReferenceVolatile (0x000072e49ebe5008) [0x000072e49ebe5100, 0x000072e49ebe5430] Compiler: , Barriers: 0, Oops: 0, ImmediateOops: 0, NonImmediateOops: No
[1,150s][debug][gc,nmethod  ] Register NMethod: java.util.ImmutableCollections$SetN.probe (0x000072e47f401088) [0x000072e47f401180, 0x000072e47f4019a8] Compiler: c1, Barriers: 4, Oops: 0, ImmediateOops: 0, NonImmediateOops: No
[1,150s][debug][gc,nmethod  ] Register NMethod: java.lang.StringLatin1.equals (0x000072e47f401a08) [0x000072e47f401b00, 0x000072e47f401d68] Compiler: c1, Barriers: 0, Oops: 0, ImmediateOops: 0, NonImmediateOops: No
[1,150s][debug][gc,nmethod  ] Register NMethod: java.lang.Math.floorMod (0x000072e47f401d88) [0x000072e47f401e80, 0x000072e47f402010] Compiler: c1, Barriers: 0, Oops: 0, ImmediateOops: 0, NonImmediateOops: No
[1,150s][debug][gc,nmethod  ] Register NMethod: jdk.internal.util.ArraysSupport.vectorizedHashCode (0x000072e47f402088) [0x000072e47f402180, 0x000072e47f403fd8] Compiler: c1, Barriers: 0, Oops: 1, ImmediateOops: 2, NonImmediateOops: No
[1,152s][debug][gc,nmethod  ] Register NMethod: java.util.ImmutableCollections$SetN.hashCode (0x000072e47f404008) [0x000072e47f404100, 0x000072e47f404570] Compiler: c1, Barriers: 2, Oops: 0, ImmediateOops: 0, NonImmediateOops: No
[1,152s][debug][gc,nmethod  ] Register NMethod: java.lang.module.ModuleDescriptor.modsHashCode (0x000072e47f404588) [0x000072e47f404680, 0x000072e47f405438] Compiler: c1, Barriers: 1, Oops: 0, ImmediateOops: 0, NonImmediateOops: No
[1,153s][debug][gc,nmethod  ] Register NMethod: java.util.Objects.requireNonNull (0x000072e47f405488) [0x000072e47f405580, 0x000072e47f405750] Compiler: c1, Barriers: 0, Oops: 0, ImmediateOops: 0, NonImmediateOops: No
[1,153s][debug][gc,nmethod  ] Register NMethod: java.util.ImmutableCollections$SetN.<init> (0x000072e47f405788) [0x000072e47f405880, 0x000072e47f407150] Compiler: c1, Barriers: 8, Oops: 1, ImmediateOops: 3, NonImmediateOops: No
[1,153s][debug][gc,nmethod  ] Register NMethod: java.util.Set.of (0x000072e47f407188) [0x000072e47f407280, 0x000072e47f407368] Compiler: c1, Barriers: 0, Oops: 0, ImmediateOops: 1, NonImmediateOops: No
[1,153s][debug][gc,nmethod  ] Register NMethod: java.util.AbstractCollection.<init> (0x000072e47f407488) [0x000072e47f407580, 0x000072e47f4076d8] Compiler: c1, Barriers: 0, Oops: 0, ImmediateOops: 0, NonImmediateOops: No
[1,153s][debug][gc,nmethod  ] Register NMethod: jdk.internal.util.ArraysSupport.hashCodeOfUnsigned (0x000072e47f407788) [0x000072e47f407880, 0x000072e47f407af8] Compiler: c1, Barriers: 0, Oops: 0, ImmediateOops: 0, NonImmediateOops: No
[1,153s][debug][gc,nmethod  ] Register NMethod: java.util.ImmutableCollections$AbstractImmutableCollection.<init> (0x000072e47f407b08) [0x000072e47f407c00, 0x000072e47f407db8] Compiler: c1, Barriers: 0, Oops: 0, ImmediateOops: 0, NonImmediateOops: No
[1,153s][debug][gc,nmethod  ] Register NMethod: java.lang.System.arraycopy (0x000072e49ebe5488) [0x000072e49ebe5580, 0x000072e49ebe5700] Compiler: , Barriers: 0, Oops: 0, ImmediateOops: 1, NonImmediateOops: No
[1,153s][debug][gc,nmethod  ] Register NMethod: java.util.Objects.hashCode (0x000072e47f407e08) [0x000072e47f407f00, 0x000072e47f408250] Compiler: c1, Barriers: 0, Oops: 0, ImmediateOops: 0, NonImmediateOops: No
[1,153s][debug][gc,nmethod  ] Register NMethod: java.util.ImmutableCollections$ListN.get (0x000072e47f408288) [0x000072e47f408380, 0x000072e47f408508] Compiler: c1, Barriers: 2, Oops: 0, ImmediateOops: 0, NonImmediateOops: No
[1,153s][debug][gc,nmethod  ] Register NMethod: java.lang.String.equals (0x000072e47f408588) [0x000072e47f408680, 0x000072e47f408d40] Compiler: c1, Barriers: 2, Oops: 0, ImmediateOops: 0, NonImmediateOops: No
[1,153s][debug][gc,nmethod  ] Register NMethod: java.util.ImmutableCollections$SetN.iterator (0x000072e47f408d88) [0x000072e47f408e80, 0x000072e47f409020] Compiler: c1, Barriers: 0, Oops: 0, ImmediateOops: 0, NonImmediateOops: No
[1,153s][debug][gc,nmethod  ] Register NMethod: java.util.ImmutableCollections$SetN$SetNIterator.hasNext (0x000072e47f409088) [0x000072e47f409180, 0x000072e47f4092d0] Compiler: c1, Barriers: 0, Oops: 0, ImmediateOops: 0, NonImmediateOops: No
[1,153s][debug][gc,nmethod  ] Register NMethod: java.util.ImmutableCollections$AbstractImmutableSet.<init> (0x000072e47f409388) [0x000072e47f409480, 0x000072e47f409698] Compiler: c1, Barriers: 0, Oops: 0, ImmediateOops: 0, NonImmediateOops: No
[1,153s][debug][gc,nmethod  ] Register NMethod: java.lang.module.ModuleDescriptor$Exports.<init> (0x000072e47f409708) [0x000072e47f409800, 0x000072e47f409ac0] Compiler: c1, Barriers: 9, Oops: 0, ImmediateOops: 0, NonImmediateOops: No
[1,153s][debug][gc,nmethod  ] Register NMethod: java.util.ImmutableCollections$SetN$SetNIterator.<init> (0x000072e47f409b08) [0x000072e47f409c00, 0x000072e47f409f80] Compiler: c1, Barriers: 4, Oops: 0, ImmediateOops: 0, NonImmediateOops: No
[1,153s][debug][gc,nmethod  ] Register NMethod: java.util.Objects.equals (0x000072e47f409f88) [0x000072e47f40a080, 0x000072e47f40a408] Compiler: c1, Barriers: 0, Oops: 0, ImmediateOops: 0, NonImmediateOops: No
[1,153s][debug][gc,nmethod  ] Register NMethod: java.lang.module.ModuleDescriptor$Exports.hashCode (0x000072e47f40a488) [0x000072e47f40a580, 0x000072e47f40ab98] Compiler: c1, Barriers: 3, Oops: 0, ImmediateOops: 0, NonImmediateOops: No
[1,153s][debug][gc,nmethod  ] Register NMethod: java.lang.String.isLatin1 (0x000072e47f40ac08) [0x000072e47f40ad00, 0x000072e47f40ae60] Compiler: c1, Barriers: 0, Oops: 0, ImmediateOops: 0, NonImmediateOops: No
[1,153s][debug][gc,nmethod  ] Register NMethod: java.lang.String.coder (0x000072e47f40af08) [0x000072e47f40b000, 0x000072e47f40b128] Compiler: c1, Barriers: 0, Oops: 0, ImmediateOops: 0, NonImmediateOops: No
[1,153s][debug][gc,nmethod  ] Register NMethod: java.lang.module.ModuleDescriptor$1.newExports (0x000072e47f40b208) [0x000072e47f40b300, 0x000072e47f40b678] Compiler: c1, Barriers: 9, Oops: 0, ImmediateOops: 0, NonImmediateOops: No
[1,154s][debug][gc,nmethod  ] Register NMethod: jdk.internal.module.Builder.newExports (0x000072e47f40b688) [0x000072e47f40b780, 0x000072e47f40b8c0] Compiler: c1, Barriers: 0, Oops: 0, ImmediateOops: 1, NonImmediateOops: No
[1,154s][debug][gc,nmethod  ] Register NMethod: java.lang.String.length (0x000072e47f40b988) [0x000072e47f40ba80, 0x000072e47f40be00] Compiler: c1, Barriers: 1, Oops: 0, ImmediateOops: 0, NonImmediateOops: No
[1,154s][debug][gc,nmethod  ] Register NMethod: java.lang.module.ModuleDescriptor$Exports.equals (0x000072e47f40be08) [0x000072e47f40bf00, 0x000072e47f40cd78] Compiler: c1, Barriers: 6, Oops: 0, ImmediateOops: 0, NonImmediateOops: No
[1,154s][debug][gc,nmethod  ] Register NMethod: java.net.URI.hash (0x000072e47f40cd88) [0x000072e47f40ce80, 0x000072e47f40d440] Compiler: c1, Barriers: 0, Oops: 0, ImmediateOops: 0, NonImmediateOops: No
[1,154s][debug][gc,nmethod  ] Register NMethod: java.util.Set.of (0x000072e47f40d488) [0x000072e47f40d580, 0x000072e47f40ddf0] Compiler: c1, Barriers: 9, Oops: 0, ImmediateOops: 2, NonImmediateOops: No
[1,154s][debug][gc,nmethod  ] Register NMethod: java.lang.StringLatin1.charAt (0x000072e47f40de08) [0x000072e47f40df00, 0x000072e47f40e0c0] Compiler: c1, Barriers: 0, Oops: 1, ImmediateOops: 1, NonImmediateOops: No
[1,154s][debug][gc,nmethod  ] Register NMethod: java.lang.String.charAt (0x000072e47f40e108) [0x000072e47f40e200, 0x000072e47f40e790] Compiler: c1, Barriers: 2, Oops: 1, ImmediateOops: 1, NonImmediateOops: No
[1,154s][debug][gc,nmethod  ] Register NMethod: java.lang.String.checkIndex (0x000072e47f40e808) [0x000072e47f40e900, 0x000072e47f40ea28] Compiler: c1, Barriers: 0, Oops: 1, ImmediateOops: 1, NonImmediateOops: No
[1,154s][debug][gc,nmethod  ] Register NMethod: java.lang.module.ModuleDescriptor.name (0x000072e49ebe5788) [0x000072e49ebe5880, 0x000072e49ebe5968] Compiler: c1, Barriers: 1, Oops: 0, ImmediateOops: 0, NonImmediateOops: No
[1,154s][debug][gc,nmethod  ] Register NMethod: java.lang.module.ModuleReference.descriptor (0x000072e49ebe5a88) [0x000072e49ebe5b80, 0x000072e49ebe5c68] Compiler: c1, Barriers: 1, Oops: 0, ImmediateOops: 0, NonImmediateOops: No
[1,154s][debug][gc,nmethod  ] Register NMethod: jdk.internal.util.Preconditions.checkIndex (0x000072e47f40eb08) [0x000072e47f40ec00, 0x000072e47f40ed88] Compiler: c1, Barriers: 0, Oops: 0, ImmediateOops: 0, NonImmediateOops: No
[1,155s][debug][gc,director ] Rule Major: Warmup 10%, Used: 8MB, UsedThreshold: 1228MB
[1,155s][debug][gc,nmethod  ] Register NMethod: java.lang.StringLatin1.indexOfChar (0x000072e47f40ee08) [0x000072e47f40ef00, 0x000072e47f40f100] Compiler: c1, Barriers: 0, Oops: 0, ImmediateOops: 0, NonImmediateOops: No
[1,156s][debug][gc,nmethod  ] Register NMethod: java.lang.Object.getClass (0x000072e49ebe5d88) [0x000072e49ebe5e80, 0x000072e49ebe61a0] Compiler: , Barriers: 0, Oops: 0, ImmediateOops: 0, NonImmediateOops: No
[1,156s][debug][gc,nmethod  ] Register NMethod: java.io.File.getPath (0x000072e49ebe6208) [0x000072e49ebe6300, 0x000072e49ebe63e8] Compiler: c1, Barriers: 1, Oops: 0, ImmediateOops: 0, NonImmediateOops: No
[1,156s][debug][gc,nmethod  ] Register NMethod: jdk.internal.misc.Unsafe.getLong (0x000072e49ebe6508) [0x000072e49ebe6600, 0x000072e49ebe6768] Compiler: , Barriers: 0, Oops: 0, ImmediateOops: 0, NonImmediateOops: No
[1,156s][debug][gc,nmethod  ] Register NMethod: java.lang.String.indexOf (0x000072e47f40f108) [0x000072e47f40f200, 0x000072e47f40f828] Compiler: c1, Barriers: 2, Oops: 0, ImmediateOops: 0, NonImmediateOops: No
[1,156s][debug][gc,nmethod  ] Register NMethod: java.lang.String.startsWith (0x000072e47f40f888) [0x000072e47f40f980, 0x000072e47f410c00] Compiler: c1, Barriers: 2, Oops: 0, ImmediateOops: 0, NonImmediateOops: No
[1,157s][debug][gc,nmethod  ] Register NMethod: java.lang.String.startsWith (0x000072e47f410c08) [0x000072e47f410d00, 0x000072e47f410ff8] Compiler: c1, Barriers: 0, Oops: 0, ImmediateOops: 0, NonImmediateOops: No
[1,157s][debug][gc,nmethod  ] Register NMethod: java.lang.String.isEmpty (0x000072e47f411008) [0x000072e47f411100, 0x000072e47f411288] Compiler: c1, Barriers: 1, Oops: 0, ImmediateOops: 0, NonImmediateOops: No
[1,157s][debug][gc,nmethod  ] Register NMethod: java.lang.StringLatin1.indexOf (0x000072e47f411308) [0x000072e47f411400, 0x000072e47f411888] Compiler: c1, Barriers: 0, Oops: 0, ImmediateOops: 0, NonImmediateOops: No
[1,157s][debug][gc,nmethod  ] Register NMethod: jdk.internal.misc.Unsafe.getInt (0x000072e49ebe6808) [0x000072e49ebe6900, 0x000072e49ebe6a68] Compiler: , Barriers: 0, Oops: 0, ImmediateOops: 0, NonImmediateOops: No
[1,157s][debug][gc,nmethod  ] Register NMethod: jdk.internal.util.ArraysSupport.mismatch (0x000072e47f411908) [0x000072e47f411a00, 0x000072e47f411de0] Compiler: c1, Barriers: 0, Oops: 0, ImmediateOops: 0, NonImmediateOops: No
[1,157s][debug][gc,nmethod  ] Register NMethod: java.io.File.getPrefixLength (0x000072e49ebe6b08) [0x000072e49ebe6c00, 0x000072e49ebe6cc0] Compiler: c1, Barriers: 0, Oops: 0, ImmediateOops: 0, NonImmediateOops: No
[1,157s][debug][gc,nmethod  ] Register NMethod: jdk.internal.misc.Unsafe.getLongUnaligned (0x000072e47f411e08) [0x000072e47f411f00, 0x000072e47f4122b0] Compiler: c1, Barriers: 0, Oops: 0, ImmediateOops: 0, NonImmediateOops: No
[1,158s][debug][gc,nmethod  ] Register NMethod: java.lang.Object.<init> (0x000072e49ebe6e08) [0x000072e49ebe6f00, 0x000072e49ebe6f80] Compiler: jvmci, Barriers: 0, Oops: 0, ImmediateOops: 0, NonImmediateOops: No
[1,158s][debug][gc,nmethod  ] Register NMethod: jdk.internal.misc.Unsafe.compareAndSetLong (0x000072e49ebe7108) [0x000072e49ebe7200, 0x000072e49ebe7370] Compiler: , Barriers: 0, Oops: 0, ImmediateOops: 0, NonImmediateOops: No
[1,158s][debug][gc,nmethod  ] Register NMethod: jdk.internal.misc.Unsafe.compareAndSetReference (0x000072e49ebe7408) [0x000072e49ebe7500, 0x000072e49ebe7698] Compiler: , Barriers: 0, Oops: 0, ImmediateOops: 0, NonImmediateOops: No
[1,158s][debug][gc,nmethod  ] Register NMethod: jdk.internal.misc.Unsafe.getReferenceAcquire (0x000072e47f412308) [0x000072e47f412400, 0x000072e47f412530] Compiler: c1, Barriers: 1, Oops: 0, ImmediateOops: 0, NonImmediateOops: No
[1,159s][debug][gc,nmethod  ] Register NMethod: java.util.concurrent.ConcurrentHashMap.spread (0x000072e47f412608) [0x000072e47f412700, 0x000072e47f4127f0] Compiler: c1, Barriers: 0, Oops: 0, ImmediateOops: 0, NonImmediateOops: No
[1,159s][debug][gc,nmethod  ] Register NMethod: java.util.concurrent.ConcurrentHashMap.tabAt (0x000072e47f412908) [0x000072e47f412a00, 0x000072e47f412f48] Compiler: c1, Barriers: 1, Oops: 1, ImmediateOops: 1, NonImmediateOops: No
[1,159s][debug][gc,nmethod  ] Register NMethod: java.util.ImmutableCollections$SetN$SetNIterator.next (0x000072e47f412f88) [0x000072e47f413080, 0x000072e47f4133f8] Compiler: c1, Barriers: 3, Oops: 0, ImmediateOops: 0, NonImmediateOops: No
[1,159s][debug][gc,nmethod  ] Register NMethod: java.util.concurrent.ConcurrentHashMap$Node.<init> (0x000072e47f413408) [0x000072e47f413500, 0x000072e47f413750] Compiler: c1, Barriers: 6, Oops: 0, ImmediateOops: 0, NonImmediateOops: No
[1,159s][debug][gc,nmethod  ] Register NMethod: java.util.concurrent.ConcurrentHashMap.addCount (0x000072e47f413788) [0x000072e47f413880, 0x000072e47f414520] Compiler: c1, Barriers: 4, Oops: 0, ImmediateOops: 0, NonImmediateOops: No
[1,160s][debug][gc,nmethod  ] Register NMethod: java.util.concurrent.ConcurrentHashMap.putVal (0x000072e47f414588) [0x000072e47f414680, 0x000072e47f416b78] Compiler: c1, Barriers: 28, Oops: 0, ImmediateOops: 1, NonImmediateOops: No
[1,162s][debug][gc,nmethod  ] Register NMethod: jdk.internal.util.ArraysSupport.unsignedHashCode (0x000072e49ebe7708) [0x000072e49ebe7820, 0x000072e49ebe7a18] Compiler: jvmci, Barriers: 0, Oops: 0, ImmediateOops: 0, NonImmediateOops: No
[1,163s][debug][gc,nmethod  ] Register NMethod: java.lang.String.isLatin1 (0x000072e49ebe7a88) [0x000072e49ebe7b80, 0x000072e49ebe7c40] Compiler: jvmci, Barriers: 0, Oops: 0, ImmediateOops: 0, NonImmediateOops: No
[1,163s][debug][gc,nmethod  ] Register NMethod: java.lang.Math.min (0x000072e47f416b88) [0x000072e47f416c80, 0x000072e47f416da8] Compiler: c1, Barriers: 0, Oops: 0, ImmediateOops: 0, NonImmediateOops: No
[1,163s][debug][gc,nmethod  ] Register NMethod: java.lang.invoke.MethodHandle.linkToStatic (0x000072e49ebe7d88) [0x000072e49ebe7e80, 0x000072e49ebe7f70] Compiler: , Barriers: 0, Oops: 0, ImmediateOops: 0, NonImmediateOops: No
[1,164s][debug][gc,nmethod  ] Register NMethod: java.lang.String.charAt (0x000072e49ebe8088) [0x000072e49ebe8180, 0x000072e49ebe82b0] Compiler: jvmci, Barriers: 1, Oops: 0, ImmediateOops: 0, NonImmediateOops: No
[1,165s][debug][gc,nmethod  ] Register NMethod: java.lang.String.hashCode (0x000072e49ebe8388) [0x000072e49ebe8480, 0x000072e49ebe8620] Compiler: jvmci, Barriers: 1, Oops: 0, ImmediateOops: 0, NonImmediateOops: No
[1,165s][debug][gc,director ] Rule Major: Warmup 10%, Used: 14MB, UsedThreshold: 1228MB
[1,165s][debug][gc,nmethod  ] Register NMethod: java.lang.Enum.ordinal (0x000072e49ebe8688) [0x000072e49ebe8780, 0x000072e49ebe8840] Compiler: c1, Barriers: 0, Oops: 0, ImmediateOops: 0, NonImmediateOops: No
[1,166s][debug][gc,nmethod  ] Register NMethod: java.lang.Object.hashCode (0x000072e49ebe8988) [0x000072e49ebe8a80, 0x000072e49ebe8bf0] Compiler: , Barriers: 0, Oops: 0, ImmediateOops: 0, NonImmediateOops: No
[1,166s][debug][gc,nmethod  ] Register NMethod: java.lang.Class.isPrimitive (0x000072e49ebe8c88) [0x000072e49ebe8d80, 0x000072e49ebe8e40] Compiler: c1, Barriers: 0, Oops: 0, ImmediateOops: 0, NonImmediateOops: No
[1,166s][debug][gc,nmethod  ] Register NMethod: java.lang.invoke.MethodHandle.linkToStatic (0x000072e49ebe8f88) [0x000072e49ebe9080, 0x000072e49ebe9170] Compiler: , Barriers: 0, Oops: 0, ImmediateOops: 0, NonImmediateOops: No
[1,166s][debug][gc,nmethod  ] Register NMethod: java.lang.invoke.MethodHandle.linkToStatic (0x000072e49ebe9288) [0x000072e49ebe9380, 0x000072e49ebe9470] Compiler: , Barriers: 0, Oops: 0, ImmediateOops: 0, NonImmediateOops: No
[1,167s][debug][gc,nmethod  ] Register NMethod: java.lang.invoke.MethodHandle.invokeBasic (0x000072e49ebe9588) [0x000072e49ebe9680, 0x000072e49ebe9918] Compiler: , Barriers: 0, Oops: 0, ImmediateOops: 0, NonImmediateOops: No
[1,167s][debug][gc,nmethod  ] Register NMethod: java.lang.invoke.MethodHandle.linkToSpecial (0x000072e49ebe9988) [0x000072e49ebe9a80, 0x000072e49ebe9b78] Compiler: , Barriers: 0, Oops: 0, ImmediateOops: 0, NonImmediateOops: No
[1,170s][debug][gc,nmethod  ] Register NMethod: java.lang.Enum.<init> (0x000072e47f416e88) [0x000072e47f416f80, 0x000072e47f417158] Compiler: c1, Barriers: 3, Oops: 0, ImmediateOops: 0, NonImmediateOops: No
[1,171s][debug][gc,nmethod  ] Register NMethod: java.lang.String.hashCode (0x000072e47f417188) [0x000072e47f417280, 0x000072e47f417828] Compiler: c1, Barriers: 2, Oops: 0, ImmediateOops: 0, NonImmediateOops: No
[1,172s][debug][gc,nmethod  ] Register NMethod: java.lang.invoke.MethodHandle.invokeBasic (0x000072e49ebe9c88) [0x000072e49ebe9d80, 0x000072e49ebea018] Compiler: , Barriers: 0, Oops: 0, ImmediateOops: 0, NonImmediateOops: No
[1,172s][debug][gc,nmethod  ] Register NMethod: java.lang.invoke.MethodHandle.linkToSpecial (0x000072e49ebea088) [0x000072e49ebea180, 0x000072e49ebea278] Compiler: , Barriers: 0, Oops: 0, ImmediateOops: 0, NonImmediateOops: No
[1,172s][debug][gc,nmethod  ] Register NMethod: jdk.internal.util.StrongReferenceKey.get (0x000072e49ebea388) [0x000072e49ebea480, 0x000072e49ebea568] Compiler: c1, Barriers: 1, Oops: 0, ImmediateOops: 0, NonImmediateOops: No
[1,173s][debug][gc,nmethod  ] Register NMethod: java.lang.invoke.MethodHandle.linkToStatic (0x000072e49ebea688) [0x000072e49ebea780, 0x000072e49ebea878] Compiler: , Barriers: 0, Oops: 0, ImmediateOops: 0, NonImmediateOops: No
[1,173s][debug][gc,nmethod  ] Register NMethod: java.lang.Object.clone (0x000072e49ebea988) [0x000072e49ebeaa80, 0x000072e49ebeada0] Compiler: , Barriers: 0, Oops: 0, ImmediateOops: 0, NonImmediateOops: No
[1,173s][debug][gc,nmethod  ] Register NMethod: java.lang.invoke.MethodHandle.linkToStatic (0x000072e49ebeae08) [0x000072e49ebeaf00, 0x000072e49ebeaff0] Compiler: , Barriers: 0, Oops: 0, ImmediateOops: 0, NonImmediateOops: No
[1,173s][debug][gc,nmethod  ] Register NMethod: java.lang.Class.getClassLoader (0x000072e49ebeb108) [0x000072e49ebeb200, 0x000072e49ebeb2e8] Compiler: c1, Barriers: 1, Oops: 0, ImmediateOops: 0, NonImmediateOops: No
[1,173s][debug][gc,nmethod  ] Register NMethod: java.lang.invoke.MethodType.returnType (0x000072e49ebeb408) [0x000072e49ebeb500, 0x000072e49ebeb5e8] Compiler: c1, Barriers: 1, Oops: 0, ImmediateOops: 0, NonImmediateOops: No
[1,173s][debug][gc,nmethod  ] Register NMethod: java.lang.invoke.MethodHandle.invokeBasic (0x000072e49ebeb708) [0x000072e49ebeb800, 0x000072e49ebeba98] Compiler: , Barriers: 0, Oops: 0, ImmediateOops: 0, NonImmediateOops: No
[1,174s][debug][gc,nmethod  ] Register NMethod: jdk.internal.classfile.impl.AbstractPoolEntry.index (0x000072e49ebebb08) [0x000072e49ebebc00, 0x000072e49ebebcc0] Compiler: c1, Barriers: 0, Oops: 0, ImmediateOops: 0, NonImmediateOops: No
[1,174s][debug][gc,nmethod  ] Register NMethod: java.util.concurrent.ConcurrentHashMap.putIfAbsent (0x000072e47f417888) [0x000072e47f417980, 0x000072e47f417c80] Compiler: c1, Barriers: 0, Oops: 0, ImmediateOops: 0, NonImmediateOops: No
[1,174s][debug][gc,nmethod  ] Register NMethod: jdk.internal.classfile.impl.SplitConstantPool.size (0x000072e49ebebe08) [0x000072e49ebebf00, 0x000072e49ebebfc0] Compiler: c1, Barriers: 0, Oops: 0, ImmediateOops: 0, NonImmediateOops: No
[1,174s][debug][gc,nmethod  ] Register NMethod: java.lang.invoke.MethodHandle.linkToSpecial (0x000072e49ebec108) [0x000072e49ebec200, 0x000072e49ebec2f8] Compiler: , Barriers: 0, Oops: 0, ImmediateOops: 0, NonImmediateOops: No
[1,175s][debug][gc,nmethod  ] Register NMethod: java.lang.ref.ReferenceQueue.poll (0x000072e47f417c88) [0x000072e47f417d80, 0x000072e47f4181a0] Compiler: c1, Barriers: 2, Oops: 0, ImmediateOops: 0, NonImmediateOops: No
[1,175s][debug][gc,nmethod  ] Register NMethod: jdk.internal.classfile.impl.AbstractPoolEntry.width (0x000072e49ebec408) [0x000072e49ebec500, 0x000072e49ebec5c0] Compiler: c1, Barriers: 0, Oops: 0, ImmediateOops: 0, NonImmediateOops: No
[1,175s][debug][gc,nmethod  ] Register NMethod: java.lang.String.<init> (0x000072e47f418208) [0x000072e47f418300, 0x000072e47f4184d8] Compiler: c1, Barriers: 3, Oops: 0, ImmediateOops: 0, NonImmediateOops: No
[1,175s][debug][gc,director ] Rule Major: Warmup 10%, Used: 14MB, UsedThreshold: 1228MB
[1,175s][debug][gc,nmethod  ] Register NMethod: java.lang.invoke.MethodHandle.linkToStatic (0x000072e49ebec708) [0x000072e49ebec800, 0x000072e49ebec8f0] Compiler: , Barriers: 0, Oops: 0, ImmediateOops: 0, NonImmediateOops: No
[1,175s][debug][gc,nmethod  ] Register NMethod: jdk.internal.util.ReferencedKeyMap.removeStaleReferences (0x000072e47f418508) [0x000072e47f418600, 0x000072e47f418c20] Compiler: c1, Barriers: 2, Oops: 0, ImmediateOops: 0, NonImmediateOops: No
[1,176s][debug][gc,nmethod  ] Register NMethod: java.lang.String.getBytes (0x000072e47f418c88) [0x000072e47f418d80, 0x000072e47f419288] Compiler: c1, Barriers: 2, Oops: 0, ImmediateOops: 0, NonImmediateOops: No
[1,176s][debug][gc,nmethod  ] Register NMethod: java.lang.invoke.MethodHandle.linkToSpecial (0x000072e49ebeca08) [0x000072e49ebecb00, 0x000072e49ebecbf8] Compiler: , Barriers: 0, Oops: 0, ImmediateOops: 0, NonImmediateOops: No
[1,176s][debug][gc,nmethod  ] Register NMethod: jdk.internal.classfile.impl.BufWriterImpl.reserveSpace (0x000072e47f419308) [0x000072e47f419400, 0x000072e47f419718] Compiler: c1, Barriers: 4, Oops: 0, ImmediateOops: 0, NonImmediateOops: No
[1,176s][debug][gc,nmethod  ] Register NMethod: java.lang.invoke.MemberName.getDeclaringClass (0x000072e49ebecd08) [0x000072e49ebece00, 0x000072e49ebecee8] Compiler: c1, Barriers: 1, Oops: 0, ImmediateOops: 0, NonImmediateOops: No
[1,176s][debug][gc,nmethod  ] Register NMethod: jdk.internal.classfile.impl.RawBytecodeHelper.bci (0x000072e49ebed008) [0x000072e49ebed100, 0x000072e49ebed1c0] Compiler: c1, Barriers: 0, Oops: 0, ImmediateOops: 0, NonImmediateOops: No
[1,176s][debug][gc,nmethod  ] Register NMethod: java.lang.String.coder (0x000072e49ebed308) [0x000072e49ebed400, 0x000072e49ebed488] Compiler: jvmci, Barriers: 0, Oops: 0, ImmediateOops: 0, NonImmediateOops: No
[1,176s][debug][gc,nmethod  ] Register NMethod: jdk.internal.classfile.impl.SplitConstantPool.map (0x000072e47f419788) [0x000072e47f4198a0, 0x000072e47f41afa0] Compiler: c1, Barriers: 9, Oops: 0, ImmediateOops: 0, NonImmediateOops: No
[1,177s][debug][gc,nmethod  ] Register NMethod: java.lang.invoke.MethodType.hashCode (0x000072e47f41b008) [0x000072e47f41b100, 0x000072e47f41b780] Compiler: c1, Barriers: 3, Oops: 0, ImmediateOops: 0, NonImmediateOops: No
[1,177s][debug][gc,nmethod  ] Register NMethod: java.util.concurrent.ConcurrentHashMap.get (0x000072e47f41b788) [0x000072e47f41b880, 0x000072e47f41c898] Compiler: c1, Barriers: 7, Oops: 0, ImmediateOops: 0, NonImmediateOops: No
[1,177s][debug][gc,nmethod  ] Register NMethod: java.lang.invoke.MemberName.anyFlagSet (0x000072e47f41c908) [0x000072e47f41ca00, 0x000072e47f41cb50] Compiler: c1, Barriers: 0, Oops: 0, ImmediateOops: 0, NonImmediateOops: No
[1,177s][debug][gc,nmethod  ] Register NMethod: java.lang.invoke.MemberName.isInvocable (0x000072e47f41cc08) [0x000072e47f41cd00, 0x000072e47f41ceb8] Compiler: c1, Barriers: 0, Oops: 0, ImmediateOops: 0, NonImmediateOops: No
[1,177s][debug][gc,nmethod  ] Register NMethod: jdk.internal.util.StrongReferenceKey.hashCode (0x000072e47f41cf08) [0x000072e47f41d000, 0x000072e47f41d510] Compiler: c1, Barriers: 1, Oops: 0, ImmediateOops: 0, NonImmediateOops: No
[1,177s][debug][gc,nmethod  ] Register NMethod: jdk.internal.util.ReferencedKeyMap.lookupKey (0x000072e47f41d588) [0x000072e47f41d680, 0x000072e47f41d908] Compiler: c1, Barriers: 3, Oops: 0, ImmediateOops: 0, NonImmediateOops: No
[1,177s][debug][gc,nmethod  ] Register NMethod: jdk.internal.util.StrongReferenceKey.<init> (0x000072e47f41d988) [0x000072e47f41da80, 0x000072e47f41dc50] Compiler: c1, Barriers: 3, Oops: 0, ImmediateOops: 0, NonImmediateOops: No
[1,177s][debug][gc,nmethod  ] Register NMethod: jdk.internal.classfile.impl.AbstractPoolEntry.constantPool (0x000072e49ebed608) [0x000072e49ebed700, 0x000072e49ebed7e8] Compiler: c1, Barriers: 1, Oops: 0, ImmediateOops: 0, NonImmediateOops: No
[1,178s][debug][gc,nmethod  ] Register NMethod: java.lang.invoke.MethodHandle.linkToInterface (0x000072e49ebed908) [0x000072e49ebeda00, 0x000072e49ebedb30] Compiler: , Barriers: 0, Oops: 0, ImmediateOops: 0, NonImmediateOops: No
[1,178s][debug][gc,nmethod  ] Register NMethod: java.lang.Class.isArray (0x000072e47f41dc88) [0x000072e47f41dd80, 0x000072e47f41df00] Compiler: c1, Barriers: 1, Oops: 0, ImmediateOops: 0, NonImmediateOops: No
[1,178s][debug][gc,nmethod  ] Register NMethod: java.lang.StringCoding.countNonZeroAsciiLatin1 (0x000072e47f41df88) [0x000072e47f41e080, 0x000072e47f41e288] Compiler: c1, Barriers: 0, Oops: 0, ImmediateOops: 0, NonImmediateOops: No
[1,179s][debug][gc,nmethod  ] Register NMethod: java.lang.String.checkBoundsBeginEnd (0x000072e47f41e308) [0x000072e47f41e400, 0x000072e47f41e618] Compiler: c1, Barriers: 0, Oops: 1, ImmediateOops: 1, NonImmediateOops: No
[1,179s][debug][gc,nmethod  ] Register NMethod: java.lang.invoke.MethodHandle.linkToStatic (0x000072e49ebedc08) [0x000072e49ebedd00, 0x000072e49ebeddf0] Compiler: , Barriers: 0, Oops: 0, ImmediateOops: 0, NonImmediateOops: No
[1,179s][debug][gc,nmethod  ] Register NMethod: jdk.internal.util.Preconditions.checkFromToIndex (0x000072e47f41e688) [0x000072e47f41e780, 0x000072e47f41e938] Compiler: c1, Barriers: 0, Oops: 0, ImmediateOops: 0, NonImmediateOops: No
[1,179s][debug][gc,nmethod  ] Register NMethod: jdk.internal.classfile.impl.AbstractPoolEntry.hashString (0x000072e47f41e988) [0x000072e47f41ea80, 0x000072e47f41eb68] Compiler: c1, Barriers: 0, Oops: 0, ImmediateOops: 0, NonImmediateOops: No
[1,179s][debug][gc,nmethod  ] Register NMethod: jdk.internal.classfile.impl.BufWriterImpl.size (0x000072e49ebedf08) [0x000072e49ebee000, 0x000072e49ebee0c0] Compiler: c1, Barriers: 0, Oops: 0, ImmediateOops: 0, NonImmediateOops: No
[1,179s][debug][gc,nmethod  ] Register NMethod: jdk.internal.classfile.impl.SplitConstantPool.entryByIndex (0x000072e47f41ec88) [0x000072e47f41ed80, 0x000072e47f420e30] Compiler: c1, Barriers: 3, Oops: 2, ImmediateOops: 5, NonImmediateOops: No
[1,180s][debug][gc,nmethod  ] Register NMethod: java.lang.String.value (0x000072e49ebee208) [0x000072e49ebee300, 0x000072e49ebee3e8] Compiler: c1, Barriers: 1, Oops: 0, ImmediateOops: 0, NonImmediateOops: No
[1,180s][debug][gc,nmethod  ] Register NMethod: jdk.internal.classfile.impl.EntryMap.firstToken (0x000072e47f420e88) [0x000072e47f420f80, 0x000072e47f421470] Compiler: c1, Barriers: 1, Oops: 0, ImmediateOops: 1, NonImmediateOops: No
[1,180s][debug][gc,nmethod  ] Register NMethod: java.lang.invoke.MethodType.form (0x000072e49ebee508) [0x000072e49ebee600, 0x000072e49ebee6e8] Compiler: c1, Barriers: 1, Oops: 0, ImmediateOops: 0, NonImmediateOops: No
[1,180s][debug][gc,nmethod  ] Register NMethod: java.lang.StringLatin1.lastIndexOf (0x000072e47f421488) [0x000072e47f421580, 0x000072e47f421948] Compiler: c1, Barriers: 0, Oops: 0, ImmediateOops: 0, NonImmediateOops: No
[1,180s][debug][gc,nmethod  ] Register NMethod: java.lang.invoke.MethodHandle.linkToSpecial (0x000072e49ebee808) [0x000072e49ebee900, 0x000072e49ebee9f8] Compiler: , Barriers: 0, Oops: 0, ImmediateOops: 0, NonImmediateOops: No
[1,180s][debug][gc,nmethod  ] Register NMethod: java.util.Objects.requireNonNull (0x000072e47f421988) [0x000072e47f421a80, 0x000072e47f421c58] Compiler: c1, Barriers: 0, Oops: 0, ImmediateOops: 0, NonImmediateOops: No
[1,180s][debug][gc,nmethod  ] Register NMethod: jdk.internal.classfile.impl.AbstractPoolEntry.<init> (0x000072e47f421c88) [0x000072e47f421d80, 0x000072e47f421f58] Compiler: c1, Barriers: 3, Oops: 0, ImmediateOops: 0, NonImmediateOops: No
[1,180s][debug][gc,nmethod  ] Register NMethod: jdk.internal.constant.ClassOrInterfaceDescImpl.descriptorString (0x000072e49ebeeb08) [0x000072e49ebeec00, 0x000072e49ebeece8] Compiler: c1, Barriers: 1, Oops: 0, ImmediateOops: 0, NonImmediateOops: No
[1,180s][debug][gc,nmethod  ] Register NMethod: jdk.internal.util.ReferencedKeyMap.getNoCheckStale (0x000072e47f421f88) [0x000072e47f422080, 0x000072e47f422700] Compiler: c1, Barriers: 4, Oops: 1, ImmediateOops: 1, NonImmediateOops: No
[1,180s][debug][gc,nmethod  ] Register NMethod: java.lang.invoke.MethodType.parameterCount (0x000072e47f422788) [0x000072e47f422880, 0x000072e47f4229b8] Compiler: c1, Barriers: 1, Oops: 0, ImmediateOops: 0, NonImmediateOops: No
[1,180s][debug][gc,nmethod  ] Register NMethod: jdk.internal.util.ReferencedKeyMap.get (0x000072e47f422a88) [0x000072e47f422b80, 0x000072e47f4239a8] Compiler: c1, Barriers: 6, Oops: 1, ImmediateOops: 1, NonImmediateOops: No
[1,180s][debug][gc,nmethod  ] Register NMethod: jdk.internal.classfile.impl.SplitConstantPool.internalAdd (0x000072e47f423a08) [0x000072e47f423b00, 0x000072e47f423e58] Compiler: c1, Barriers: 0, Oops: 0, ImmediateOops: 0, NonImmediateOops: No
[1,180s][debug][gc,nmethod  ] Register NMethod: java.lang.StringConcatHelper.newArray (0x000072e47f423e88) [0x000072e47f423f80, 0x000072e47f424558] Compiler: c1, Barriers: 0, Oops: 0, ImmediateOops: 3, NonImmediateOops: No
[1,181s][debug][gc,nmethod  ] Register NMethod: jdk.internal.misc.Unsafe.allocateUninitializedArray0 (0x000072e47f424588) [0x000072e47f424680, 0x000072e47f424ea0] Compiler: c1, Barriers: 0, Oops: 0, ImmediateOops: 8, NonImmediateOops: No
[1,181s][debug][gc,nmethod  ] Register NMethod: jdk.internal.misc.Unsafe.allocateUninitializedArray (0x000072e47f424f08) [0x000072e47f425000, 0x000072e47f4255c8] Compiler: c1, Barriers: 0, Oops: 0, ImmediateOops: 3, NonImmediateOops: No
[1,181s][debug][gc,nmethod  ] Register NMethod: jdk.internal.classfile.impl.EntryMap.put (0x000072e47f425608) [0x000072e47f425700, 0x000072e47f425dd0] Compiler: c1, Barriers: 1, Oops: 0, ImmediateOops: 1, NonImmediateOops: No
[1,181s][debug][gc,nmethod  ] Register NMethod: jdk.internal.classfile.impl.SplitConstantPool.internalAdd (0x000072e47f425e08) [0x000072e47f425f00, 0x000072e47f426ce8] Compiler: c1, Barriers: 8, Oops: 0, ImmediateOops: 1, NonImmediateOops: No
[1,181s][debug][gc,nmethod  ] Register NMethod: java.util.HashMap.hash (0x000072e47f426d08) [0x000072e47f426e00, 0x000072e47f427138] Compiler: c1, Barriers: 0, Oops: 0, ImmediateOops: 0, NonImmediateOops: No
[1,181s][debug][gc,nmethod  ] Register NMethod: java.util.stream.FindOps$FindSink.cancellationRequested (0x000072e49ebeee08) [0x000072e49ebeef00, 0x000072e49ebeefc0] Compiler: c1, Barriers: 0, Oops: 0, ImmediateOops: 0, NonImmediateOops: No
[1,181s][debug][gc,nmethod  ] Register NMethod: java.util.stream.Sink$ChainedReference.cancellationRequested (0x000072e47f427188) [0x000072e47f427280, 0x000072e47f4275c8] Compiler: c1, Barriers: 1, Oops: 0, ImmediateOops: 0, NonImmediateOops: No
[1,181s][debug][gc,nmethod  ] Register NMethod: java.util.stream.ReferencePipeline$2$1.accept (0x000072e47f427608) [0x000072e47f427700, 0x000072e47f427cc0] Compiler: c1, Barriers: 2, Oops: 0, ImmediateOops: 0, NonImmediateOops: No
[1,181s][debug][gc,nmethod  ] Register NMethod: java.util.ImmutableCollections$SetN.isEmpty (0x000072e47f427d08) [0x000072e47f427e00, 0x000072e47f427f50] Compiler: c1, Barriers: 0, Oops: 0, ImmediateOops: 0, NonImmediateOops: No
[1,181s][debug][gc,nmethod  ] Register NMethod: java.lang.module.ModuleDescriptor$Exports.isQualified (0x000072e47f428008) [0x000072e47f428100, 0x000072e47f428490] Compiler: c1, Barriers: 1, Oops: 0, ImmediateOops: 0, NonImmediateOops: No
[1,181s][debug][gc,nmethod  ] Register NMethod: jdk.internal.module.DefaultRoots.lambda$exportsAPI$0 (0x000072e47f428508) [0x000072e47f428600, 0x000072e47f428bd8] Compiler: c1, Barriers: 1, Oops: 0, ImmediateOops: 0, NonImmediateOops: No
[1,181s][debug][gc,nmethod  ] Register NMethod: jdk.internal.module.DefaultRoots$$Lambda/0x00000000b3058050.test (0x000072e47f428c08) [0x000072e47f428d00, 0x000072e47f429558] Compiler: c1, Barriers: 1, Oops: 0, ImmediateOops: 0, NonImmediateOops: No
[1,181s][debug][gc,nmethod  ] Register NMethod: java.util.Spliterators$IteratorSpliterator.tryAdvance (0x000072e47f429588) [0x000072e47f429680, 0x000072e47f42a4b0] Compiler: c1, Barriers: 8, Oops: 0, ImmediateOops: 0, NonImmediateOops: No
[1,182s][debug][gc,nmethod  ] Register NMethod: java.util.HashMap.afterNodeInsertion (0x000072e47f42a508) [0x000072e47f42a600, 0x000072e47f42a700] Compiler: c1, Barriers: 0, Oops: 0, ImmediateOops: 0, NonImmediateOops: No
[1,182s][debug][gc,nmethod  ] Register NMethod: java.util.HashMap$Node.<init> (0x000072e47f42a808) [0x000072e47f42a900, 0x000072e47f42abc0] Compiler: c1, Barriers: 9, Oops: 0, ImmediateOops: 0, NonImmediateOops: No
[1,182s][debug][gc,nmethod  ] Register NMethod: java.util.HashMap.newNode (0x000072e47f42ac08) [0x000072e47f42ad00, 0x000072e47f42b080] Compiler: c1, Barriers: 9, Oops: 0, ImmediateOops: 0, NonImmediateOops: No
[1,182s][debug][gc,nmethod  ] Register NMethod: java.util.HashMap.put (0x000072e47f42b088) [0x000072e47f42b180, 0x000072e47f42b768] Compiler: c1, Barriers: 0, Oops: 0, ImmediateOops: 0, NonImmediateOops: No
[1,182s][debug][gc,nmethod  ] Register NMethod: java.util.Optional.<init> (0x000072e47f42b788) [0x000072e47f42b880, 0x000072e47f42ba50] Compiler: c1, Barriers: 3, Oops: 0, ImmediateOops: 0, NonImmediateOops: No
[1,182s][debug][gc,nmethod  ] Register NMethod: java.util.ImmutableCollections$MapN.get (0x000072e47f42ba88) [0x000072e47f42bb80, 0x000072e47f42bf58] Compiler: c1, Barriers: 2, Oops: 0, ImmediateOops: 0, NonImmediateOops: No
[1,182s][debug][gc,nmethod  ] Register NMethod: java.util.ImmutableCollections$MapN.probe (0x000072e47f42bf88) [0x000072e47f42c080, 0x000072e47f42c8b0] Compiler: c1, Barriers: 4, Oops: 0, ImmediateOops: 0, NonImmediateOops: No
[1,182s][debug][gc,nmethod  ] Register NMethod: java.util.ImmutableCollections$Set12$1.hasNext (0x000072e47f42c908) [0x000072e47f42ca00, 0x000072e47f42cb50] Compiler: c1, Barriers: 0, Oops: 0, ImmediateOops: 0, NonImmediateOops: No
[1,182s][debug][gc,nmethod  ] Register NMethod: jdk.internal.module.ModuleReferenceImpl.moduleResolution (0x000072e49ebef108) [0x000072e49ebef200, 0x000072e49ebef2e8] Compiler: c1, Barriers: 1, Oops: 0, ImmediateOops: 0, NonImmediateOops: No
[1,182s][debug][gc,nmethod  ] Register NMethod: java.util.HashMap.getNode (0x000072e47f42cc08) [0x000072e47f42cd00, 0x000072e47f42e010] Compiler: c1, Barriers: 6, Oops: 0, ImmediateOops: 0, NonImmediateOops: No
[1,182s][debug][gc,nmethod  ] Register NMethod: java.util.HashSet.add (0x000072e47f42e088) [0x000072e47f42e180, 0x000072e47f42e360] Compiler: c1, Barriers: 1, Oops: 0, ImmediateOops: 1, NonImmediateOops: No
[1,182s][debug][gc,nmethod  ] Register NMethod: java.util.HashMap$HashIterator.hasNext (0x000072e47f42e388) [0x000072e47f42e480, 0x000072e47f42e600] Compiler: c1, Barriers: 1, Oops: 0, ImmediateOops: 0, NonImmediateOops: No
[1,182s][debug][gc,nmethod  ] Register NMethod: java.util.HashMap.get (0x000072e47f42e688) [0x000072e47f42e780, 0x000072e47f42eb18] Compiler: c1, Barriers: 1, Oops: 0, ImmediateOops: 0, NonImmediateOops: No
[1,182s][debug][gc,nmethod  ] Register NMethod: java.util.HashMap.putVal (0x000072e47f42eb88) [0x000072e47f42ec80, 0x000072e47f430970] Compiler: c1, Barriers: 15, Oops: 0, ImmediateOops: 0, NonImmediateOops: No
[1,182s][debug][gc,nmethod  ] Register NMethod: java.util.HashMap$HashIterator.nextNode (0x000072e47f430988) [0x000072e47f430a80, 0x000072e47f431098] Compiler: c1, Barriers: 14, Oops: 0, ImmediateOops: 0, NonImmediateOops: No
[1,182s][debug][gc,nmethod  ] Register NMethod: java.lang.module.ModuleDescriptor$Requires.modifiers (0x000072e49ebef408) [0x000072e49ebef500, 0x000072e49ebef5e8] Compiler: c1, Barriers: 1, Oops: 0, ImmediateOops: 0, NonImmediateOops: No
[1,183s][debug][gc,nmethod  ] Register NMethod: java.util.Optional.ofNullable (0x000072e47f431108) [0x000072e47f431200, 0x000072e47f4314b8] Compiler: c1, Barriers: 3, Oops: 0, ImmediateOops: 1, NonImmediateOops: No
[1,183s][debug][gc,nmethod  ] Register NMethod: java.lang.module.ModuleDescriptor$Requires.name (0x000072e49ebef708) [0x000072e49ebef800, 0x000072e49ebef8e8] Compiler: c1, Barriers: 1, Oops: 0, ImmediateOops: 0, NonImmediateOops: No
[1,183s][debug][gc,nmethod  ] Register NMethod: java.lang.module.Resolver.isTracing (0x000072e47f431508) [0x000072e47f431600, 0x000072e47f431780] Compiler: c1, Barriers: 1, Oops: 0, ImmediateOops: 0, NonImmediateOops: No
[1,183s][debug][gc,nmethod  ] Register NMethod: jdk.internal.module.SystemModuleFinders$SystemModuleFinder.find (0x000072e47f431808) [0x000072e47f431900, 0x000072e47f4321d0] Compiler: c1, Barriers: 4, Oops: 0, ImmediateOops: 1, NonImmediateOops: No
[1,183s][debug][gc,nmethod  ] Register NMethod: java.util.HashMap.containsKey (0x000072e47f432208) [0x000072e47f432300, 0x000072e47f432640] Compiler: c1, Barriers: 0, Oops: 0, ImmediateOops: 0, NonImmediateOops: No
[1,183s][debug][gc,nmethod  ] Register NMethod: java.util.HashMap.get (0x000072e47f432688) [0x000072e47f432780, 0x000072e47f432b18] Compiler: c1, Barriers: 1, Oops: 0, ImmediateOops: 0, NonImmediateOops: No
[1,183s][debug][gc,nmethod  ] Register NMethod: java.util.HashSet.add (0x000072e47f432b88) [0x000072e47f432c80, 0x000072e47f433010] Compiler: c1, Barriers: 1, Oops: 0, ImmediateOops: 1, NonImmediateOops: No
[1,183s][debug][gc,nmethod  ] Register NMethod: java.lang.module.ModuleDescriptor.hashCode (0x000072e47f433088) [0x000072e47f433180, 0x000072e47f4349f8] Compiler: c1, Barriers: 12, Oops: 0, ImmediateOops: 0, NonImmediateOops: No
[1,183s][debug][gc,nmethod  ] Register NMethod: java.util.HashMap.put (0x000072e47f434a08) [0x000072e47f434b00, 0x000072e47f4350e8] Compiler: c1, Barriers: 0, Oops: 0, ImmediateOops: 0, NonImmediateOops: No
[1,183s][debug][gc,nmethod  ] Register NMethod: java.util.ImmutableCollections$Set12$1.next (0x000072e47f435108) [0x000072e47f435200, 0x000072e47f435530] Compiler: c1, Barriers: 4, Oops: 0, ImmediateOops: 0, NonImmediateOops: No
[1,183s][debug][gc,nmethod  ] Register NMethod: java.lang.module.ModuleDescriptor.requires (0x000072e49ebefa08) [0x000072e49ebefb00, 0x000072e49ebefbe8] Compiler: c1, Barriers: 1, Oops: 0, ImmediateOops: 0, NonImmediateOops: No
[1,183s][debug][gc,nmethod  ] Register NMethod: java.util.HashMap$KeyIterator.next (0x000072e47f435588) [0x000072e47f435680, 0x000072e47f4359b0] Compiler: c1, Barriers: 1, Oops: 0, ImmediateOops: 0, NonImmediateOops: No
[1,184s][debug][gc,nmethod  ] Register NMethod: java.util.ImmutableCollections$SetN.contains (0x000072e47f435a08) [0x000072e47f435b00, 0x000072e47f435e00] Compiler: c1, Barriers: 0, Oops: 0, ImmediateOops: 0, NonImmediateOops: No
[1,184s][debug][gc,nmethod  ] Register NMethod: java.util.HashMap.putVal (0x000072e47f435e08) [0x000072e47f435f00, 0x000072e47f438290] Compiler: c1, Barriers: 15, Oops: 0, ImmediateOops: 0, NonImmediateOops: No
[1,184s][debug][gc,nmethod  ] Register NMethod: java.util.AbstractMap.<init> (0x000072e47f438308) [0x000072e47f438400, 0x000072e47f438558] Compiler: c1, Barriers: 0, Oops: 0, ImmediateOops: 0, NonImmediateOops: No
[1,184s][debug][gc,nmethod  ] Register NMethod: java.lang.module.ResolvedModule.hashCode (0x000072e47f438608) [0x000072e47f438700, 0x000072e47f438ad0] Compiler: c1, Barriers: 2, Oops: 0, ImmediateOops: 0, NonImmediateOops: No
[1,184s][debug][gc,nmethod  ] Register NMethod: java.util.ImmutableCollections$Set12.iterator (0x000072e47f438b08) [0x000072e47f438c00, 0x000072e47f438da0] Compiler: c1, Barriers: 0, Oops: 0, ImmediateOops: 0, NonImmediateOops: No
[1,184s][debug][gc,nmethod  ] Register NMethod: jdk.internal.module.ModuleReferenceImpl.hashCode (0x000072e47f438e08) [0x000072e47f438f00, 0x000072e47f439888] Compiler: c1, Barriers: 3, Oops: 0, ImmediateOops: 0, NonImmediateOops: No
[1,184s][debug][gc,nmethod  ] Register NMethod: java.util.AbstractSet.<init> (0x000072e47f439908) [0x000072e47f439a00, 0x000072e47f439bb8] Compiler: c1, Barriers: 0, Oops: 0, ImmediateOops: 0, NonImmediateOops: No
[1,184s][debug][gc,nmethod  ] Register NMethod: java.util.ImmutableCollections$Set12$1.<init> (0x000072e47f439c08) [0x000072e47f439d00, 0x000072e47f43a0b0] Compiler: c1, Barriers: 4, Oops: 0, ImmediateOops: 1, NonImmediateOops: No
[1,184s][debug][gc,nmethod  ] Register NMethod: java.lang.Object.equals (0x000072e47f43a108) [0x000072e47f43a200, 0x000072e47f43a350] Compiler: c1, Barriers: 0, Oops: 0, ImmediateOops: 0, NonImmediateOops: No
[1,184s][debug][gc,nmethod  ] Register NMethod: java.lang.module.ModuleDescriptor.isAutomatic (0x000072e49ebefd08) [0x000072e49ebefe00, 0x000072e49ebefec0] Compiler: c1, Barriers: 0, Oops: 0, ImmediateOops: 0, NonImmediateOops: No
[1,184s][debug][gc,nmethod  ] Register NMethod: java.util.HashMap$ValueIterator.next (0x000072e47f43a408) [0x000072e47f43a500, 0x000072e47f43a830] Compiler: c1, Barriers: 1, Oops: 0, ImmediateOops: 0, NonImmediateOops: No
[1,184s][debug][gc,nmethod  ] Register NMethod: java.util.HashMap$Node.getKey (0x000072e49ebf0008) [0x000072e49ebf0100, 0x000072e49ebf01e8] Compiler: c1, Barriers: 1, Oops: 0, ImmediateOops: 0, NonImmediateOops: No
[1,184s][debug][gc,nmethod  ] Register NMethod: java.util.HashMap$Node.getValue (0x000072e49ebf0308) [0x000072e49ebf0400, 0x000072e49ebf04e8] Compiler: c1, Barriers: 1, Oops: 0, ImmediateOops: 0, NonImmediateOops: No
[1,184s][debug][gc,nmethod  ] Register NMethod: java.util.HashSet.contains (0x000072e47f43a888) [0x000072e47f43a980, 0x000072e47f43af18] Compiler: c1, Barriers: 1, Oops: 0, ImmediateOops: 0, NonImmediateOops: No
[1,184s][debug][gc,nmethod  ] Register NMethod: java.util.HashMap$KeyIterator.<init> (0x000072e47f43af88) [0x000072e47f43b080, 0x000072e47f43b300] Compiler: c1, Barriers: 0, Oops: 0, ImmediateOops: 0, NonImmediateOops: No
[1,184s][debug][gc,nmethod  ] Register NMethod: java.util.HashSet.iterator (0x000072e47f43b308) [0x000072e47f43b400, 0x000072e47f43b948] Compiler: c1, Barriers: 1, Oops: 0, ImmediateOops: 0, NonImmediateOops: No
[1,184s][debug][gc,nmethod  ] Register NMethod: java.util.HashMap.keySet (0x000072e47f43b988) [0x000072e47f43ba80, 0x000072e47f43bf08] Compiler: c1, Barriers: 7, Oops: 0, ImmediateOops: 0, NonImmediateOops: No
[1,184s][debug][gc,nmethod  ] Register NMethod: java.util.HashMap$KeySet.iterator (0x000072e47f43bf88) [0x000072e47f43c080, 0x000072e47f43c400] Compiler: c1, Barriers: 1, Oops: 0, ImmediateOops: 0, NonImmediateOops: No
[1,184s][debug][gc,nmethod  ] Register NMethod: java.util.HashMap$HashIterator.<init> (0x000072e47f43c408) [0x000072e47f43c500, 0x000072e47f43cb50] Compiler: c1, Barriers: 14, Oops: 0, ImmediateOops: 0, NonImmediateOops: No
[1,184s][debug][gc,nmethod  ] Register NMethod: java.util.ImmutableCollections$Set12.isEmpty (0x000072e49ebf0608) [0x000072e49ebf0700, 0x000072e49ebf07c0] Compiler: c1, Barriers: 0, Oops: 0, ImmediateOops: 0, NonImmediateOops: No
[1,184s][debug][gc,nmethod  ] Register NMethod: java.util.Objects.requireNonNull (0x000072e49ebf0908) [0x000072e49ebf0a00, 0x000072e49ebf0a98] Compiler: jvmci, Barriers: 0, Oops: 0, ImmediateOops: 0, NonImmediateOops: No
[1,184s][debug][gc,nmethod  ] Register NMethod: java.lang.module.ModuleDescriptor$Exports.source (0x000072e49ebf0c08) [0x000072e49ebf0d00, 0x000072e49ebf0de8] Compiler: c1, Barriers: 1, Oops: 0, ImmediateOops: 0, NonImmediateOops: No
[1,184s][debug][gc,nmethod  ] Register NMethod: java.util.ImmutableCollections$Set12.contains (0x000072e47f43cb88) [0x000072e47f43cc80, 0x000072e47f43d288] Compiler: c1, Barriers: 2, Oops: 0, ImmediateOops: 0, NonImmediateOops: No
[1,184s][debug][gc,nmethod  ] Register NMethod: java.lang.module.ModuleDescriptor$Exports.targets (0x000072e49ebf0f08) [0x000072e49ebf1000, 0x000072e49ebf10e8] Compiler: c1, Barriers: 1, Oops: 0, ImmediateOops: 0, NonImmediateOops: No
[1,185s][debug][gc,nmethod  ] Register NMethod: java.util.HashMap.putIfAbsent (0x000072e47f43d308) [0x000072e47f43d400, 0x000072e47f43d9e8] Compiler: c1, Barriers: 0, Oops: 0, ImmediateOops: 0, NonImmediateOops: No
[1,185s][debug][gc,nmethod  ] Register NMethod: java.util.HashMap.afterNodeInsertion (0x000072e49ebf1208) [0x000072e49ebf1300, 0x000072e49ebf1380] Compiler: jvmci, Barriers: 0, Oops: 0, ImmediateOops: 0, NonImmediateOops: No
[1,185s][debug][gc,nmethod  ] Register NMethod: java.util.HashMap.<init> (0x000072e47f43da08) [0x000072e47f43db00, 0x000072e47f43dcc0] Compiler: c1, Barriers: 0, Oops: 0, ImmediateOops: 0, NonImmediateOops: No
[1,185s][debug][gc,nmethod  ] Register NMethod: java.util.HashMap.resize (0x000072e47f43dd08) [0x000072e47f43de20, 0x000072e47f43fb00] Compiler: c1, Barriers: 31, Oops: 0, ImmediateOops: 0, NonImmediateOops: No
[1,185s][debug][gc,nmethod  ] Register NMethod: java.lang.module.ModuleDescriptor.provides (0x000072e49ebf1508) [0x000072e49ebf1600, 0x000072e49ebf16e8] Compiler: c1, Barriers: 1, Oops: 0, ImmediateOops: 0, NonImmediateOops: No
[1,185s][debug][gc,nmethod  ] Register NMethod: java.lang.module.ModuleDescriptor.exports (0x000072e49ebf1808) [0x000072e49ebf1900, 0x000072e49ebf19e8] Compiler: c1, Barriers: 1, Oops: 0, ImmediateOops: 0, NonImmediateOops: No
[1,185s][debug][gc,director ] Rule Major: Warmup 10%, Used: 16MB, UsedThreshold: 1228MB
[1,186s][debug][gc,nmethod  ] Register NMethod: java.util.Arrays.copyOfRange (0x000072e47f43fb08) [0x000072e47f43fc00, 0x000072e47f440ed0] Compiler: c1, Barriers: 0, Oops: 1, ImmediateOops: 2, NonImmediateOops: No
[1,186s][debug][gc,nmethod  ] Register NMethod: java.lang.module.ModuleDescriptor$Provides.service (0x000072e49ebf1b08) [0x000072e49ebf1c00, 0x000072e49ebf1ce8] Compiler: c1, Barriers: 1, Oops: 0, ImmediateOops: 0, NonImmediateOops: No
[1,186s][debug][gc,nmethod  ] Register NMethod: java.lang.module.ModuleDescriptor.uses (0x000072e49ebf1e08) [0x000072e49ebf1f00, 0x000072e49ebf1fe8] Compiler: c1, Barriers: 1, Oops: 0, ImmediateOops: 0, NonImmediateOops: No
[1,186s][debug][gc,nmethod  ] Register NMethod: java.lang.StringLatin1.newString (0x000072e47f440f08) [0x000072e47f441000, 0x000072e47f441320] Compiler: c1, Barriers: 3, Oops: 0, ImmediateOops: 1, NonImmediateOops: No
[1,186s][debug][gc,nmethod  ] Register NMethod: java.util.ImmutableCollections$SetN$SetNIterator.hasNext (0x000072e49ebf2108) [0x000072e49ebf2200, 0x000072e49ebf2290] Compiler: jvmci, Barriers: 0, Oops: 0, ImmediateOops: 0, NonImmediateOops: No
[1,186s][debug][gc,nmethod  ] Register NMethod: java.lang.module.ResolvedModule.descriptor (0x000072e47f441388) [0x000072e47f441480, 0x000072e47f4417c0] Compiler: c1, Barriers: 2, Oops: 0, ImmediateOops: 0, NonImmediateOops: No
[1,186s][debug][gc,nmethod  ] Register NMethod: java.lang.String.substring (0x000072e47f441808) [0x000072e47f441900, 0x000072e47f442420] Compiler: c1, Barriers: 1, Oops: 1, ImmediateOops: 1, NonImmediateOops: No
[1,186s][debug][gc,nmethod  ] Register NMethod: java.util.HashMap$EntryIterator.next (0x000072e47f442488) [0x000072e47f442580, 0x000072e47f442878] Compiler: c1, Barriers: 0, Oops: 0, ImmediateOops: 0, NonImmediateOops: No
[1,186s][debug][gc,nmethod  ] Register NMethod: java.util.HashMap$EntryIterator.next (0x000072e47f442888) [0x000072e47f442980, 0x000072e47f442e90] Compiler: c1, Barriers: 0, Oops: 0, ImmediateOops: 0, NonImmediateOops: No
[1,186s][debug][gc,nmethod  ] Register NMethod: java.lang.StringLatin1.lastIndexOf (0x000072e47f442f08) [0x000072e47f443000, 0x000072e47f443420] Compiler: c1, Barriers: 0, Oops: 0, ImmediateOops: 0, NonImmediateOops: No
[1,186s][debug][gc,nmethod  ] Register NMethod: java.util.HashSet.<init> (0x000072e47f443488) [0x000072e47f443580, 0x000072e47f443988] Compiler: c1, Barriers: 3, Oops: 0, ImmediateOops: 0, NonImmediateOops: No
[1,187s][debug][gc,nmethod  ] Register NMethod: java.util.KeyValueHolder.getKey (0x000072e49ebf2408) [0x000072e49ebf2500, 0x000072e49ebf25e8] Compiler: c1, Barriers: 1, Oops: 0, ImmediateOops: 0, NonImmediateOops: No
[1,187s][debug][gc,nmethod  ] Register NMethod: java.util.KeyValueHolder.getValue (0x000072e49ebf2708) [0x000072e49ebf2800, 0x000072e49ebf28e8] Compiler: c1, Barriers: 1, Oops: 0, ImmediateOops: 0, NonImmediateOops: No
[1,187s][debug][gc,nmethod  ] Register NMethod: java.lang.String.hashCode (0x000072e49ebf2a08) [0x000072e49ebf2b00, 0x000072e49ebf2ca0] Compiler: jvmci, Barriers: 1, Oops: 0, ImmediateOops: 0, NonImmediateOops: No
[1,187s][debug][gc,nmethod  ] Register NMethod: java.lang.module.ModuleDescriptor.packages (0x000072e49ebf2d08) [0x000072e49ebf2e00, 0x000072e49ebf2ee8] Compiler: c1, Barriers: 1, Oops: 0, ImmediateOops: 0, NonImmediateOops: No
[1,187s][debug][gc,nmethod  ] Register NMethod: java.util.concurrent.ConcurrentHashMap.casTabAt (0x000072e47f443a08) [0x000072e47f443b00, 0x000072e47f443c70] Compiler: c1, Barriers: 5, Oops: 0, ImmediateOops: 0, NonImmediateOops: No
[1,187s][debug][gc,nmethod  ] Register NMethod: java.util.Optional.orElse (0x000072e47f443d08) [0x000072e47f443e00, 0x000072e47f443f98] Compiler: c1, Barriers: 1, Oops: 0, ImmediateOops: 0, NonImmediateOops: No
[1,187s][debug][gc,nmethod  ] Register NMethod: java.lang.module.ResolvedModule.reference (0x000072e49ebf3008) [0x000072e49ebf3100, 0x000072e49ebf31e8] Compiler: c1, Barriers: 1, Oops: 0, ImmediateOops: 0, NonImmediateOops: No
[1,187s][debug][gc,nmethod  ] Register NMethod: java.lang.module.ResolvedModule.name (0x000072e47f444008) [0x000072e47f444100, 0x000072e47f444648] Compiler: c1, Barriers: 3, Oops: 0, ImmediateOops: 0, NonImmediateOops: No
[1,188s][debug][gc,nmethod  ] Register NMethod: java.lang.AbstractStringBuilder.length (0x000072e49ebf3308) [0x000072e49ebf3400, 0x000072e49ebf34c0] Compiler: c1, Barriers: 0, Oops: 0, ImmediateOops: 0, NonImmediateOops: No
[1,188s][debug][gc,nmethod  ] Register NMethod: java.lang.module.ModuleDescriptor$Version.toString (0x000072e49ebf3608) [0x000072e49ebf3700, 0x000072e49ebf37e8] Compiler: c1, Barriers: 1, Oops: 0, ImmediateOops: 0, NonImmediateOops: No
[1,188s][debug][gc,nmethod  ] Register NMethod: java.lang.AbstractStringBuilder.needsNewBuffer (0x000072e47f444688) [0x000072e47f444780, 0x000072e47f444920] Compiler: c1, Barriers: 0, Oops: 0, ImmediateOops: 0, NonImmediateOops: No
[1,189s][debug][gc,nmethod  ] Register NMethod: java.lang.Module.addExports0 (0x000072e49ebf3908) [0x000072e49ebf3a00, 0x000072e49ebf3b80] Compiler: , Barriers: 0, Oops: 0, ImmediateOops: 1, NonImmediateOops: No
[1,189s][debug][gc,nmethod  ] Register NMethod: java.util.ImmutableCollections$ListItr.hasNext (0x000072e47f444988) [0x000072e47f444a80, 0x000072e47f444bd0] Compiler: c1, Barriers: 0, Oops: 0, ImmediateOops: 0, NonImmediateOops: No
[1,189s][debug][gc,nmethod  ] Register NMethod: java.util.HashMap.isEmpty (0x000072e47f444c88) [0x000072e47f444d80, 0x000072e47f444ed0] Compiler: c1, Barriers: 0, Oops: 0, ImmediateOops: 0, NonImmediateOops: No
[1,189s][debug][gc,nmethod  ] Register NMethod: java.util.ImmutableCollections$List12.size (0x000072e47f444f88) [0x000072e47f445080, 0x000072e47f445228] Compiler: c1, Barriers: 1, Oops: 0, ImmediateOops: 1, NonImmediateOops: No
[1,189s][debug][gc,nmethod  ] Register NMethod: java.util.ImmutableCollections$List12.get (0x000072e47f445288) [0x000072e47f445380, 0x000072e47f445798] Compiler: c1, Barriers: 2, Oops: 0, ImmediateOops: 1, NonImmediateOops: No
[1,189s][debug][gc,nmethod  ] Register NMethod: java.util.ImmutableCollections$ListItr.next (0x000072e47f445808) [0x000072e47f445900, 0x000072e47f445cf0] Compiler: c1, Barriers: 1, Oops: 0, ImmediateOops: 0, NonImmediateOops: No
[1,189s][debug][gc,nmethod  ] Register NMethod: java.util.Optional.empty (0x000072e47f445d08) [0x000072e47f445e00, 0x000072e47f445ee8] Compiler: c1, Barriers: 0, Oops: 0, ImmediateOops: 1, NonImmediateOops: No
[1,189s][debug][gc,nmethod  ] Register NMethod: java.lang.Module.addExportsToAll0 (0x000072e49ebf3c08) [0x000072e49ebf3d00, 0x000072e49ebf3e70] Compiler: , Barriers: 0, Oops: 0, ImmediateOops: 1, NonImmediateOops: No
[1,189s][debug][gc,nmethod  ] Register NMethod: java.util.ImmutableCollections$ListItr.<init> (0x000072e47f446008) [0x000072e47f446100, 0x000072e47f4462e0] Compiler: c1, Barriers: 3, Oops: 0, ImmediateOops: 0, NonImmediateOops: No
[1,189s][debug][gc,nmethod  ] Register NMethod: java.util.ImmutableCollections$AbstractImmutableList.iterator (0x000072e47f446308) [0x000072e47f446400, 0x000072e47f4468b0] Compiler: c1, Barriers: 3, Oops: 0, ImmediateOops: 0, NonImmediateOops: No
[1,189s][debug][gc,nmethod  ] Register NMethod: java.lang.Module.findModule (0x000072e47f446908) [0x000072e47f446a00, 0x000072e47f448328] Compiler: c1, Barriers: 1, Oops: 0, ImmediateOops: 0, NonImmediateOops: No
[1,189s][debug][gc,nmethod  ] Register NMethod: java.lang.Double.doubleToRawLongBits (0x000072e49ebf3f08) [0x000072e49ebf4000, 0x000072e49ebf4158] Compiler: , Barriers: 0, Oops: 0, ImmediateOops: 1, NonImmediateOops: No
[1,189s][debug][gc,nmethod  ] Register NMethod: java.util.HashSet.isEmpty (0x000072e47f448388) [0x000072e47f448480, 0x000072e47f448828] Compiler: c1, Barriers: 1, Oops: 0, ImmediateOops: 0, NonImmediateOops: No
[1,189s][debug][gc,nmethod  ] Register NMethod: java.lang.Module.addReads0 (0x000072e49ebf4208) [0x000072e49ebf4300, 0x000072e49ebf4470] Compiler: , Barriers: 0, Oops: 0, ImmediateOops: 1, NonImmediateOops: No
[1,189s][debug][gc,nmethod  ] Register NMethod: java.lang.module.ResolvedModule.configuration (0x000072e49ebf4508) [0x000072e49ebf4600, 0x000072e49ebf46e8] Compiler: c1, Barriers: 1, Oops: 0, ImmediateOops: 0, NonImmediateOops: No
[1,190s][debug][gc,nmethod  ] Register NMethod: java.lang.Math.max (0x000072e47f448888) [0x000072e47f448980, 0x000072e47f448aa8] Compiler: c1, Barriers: 0, Oops: 0, ImmediateOops: 0, NonImmediateOops: No
[1,190s][debug][gc,nmethod  ] Register NMethod: java.lang.module.ModuleDescriptor.isOpen (0x000072e49ebf4808) [0x000072e49ebf4900, 0x000072e49ebf49c0] Compiler: c1, Barriers: 0, Oops: 0, ImmediateOops: 0, NonImmediateOops: No
[1,190s][debug][gc,nmethod  ] Register NMethod: java.util.HashMap.size (0x000072e49ebf4b08) [0x000072e49ebf4c00, 0x000072e49ebf4cc0] Compiler: c1, Barriers: 0, Oops: 0, ImmediateOops: 0, NonImmediateOops: No
[1,190s][debug][gc,nmethod  ] Register NMethod: jdk.internal.module.ServicesCatalog$ServiceProvider.<init> (0x000072e47f448b88) [0x000072e47f448c80, 0x000072e47f448ec8] Compiler: c1, Barriers: 6, Oops: 0, ImmediateOops: 0, NonImmediateOops: No
[1,191s][debug][gc,nmethod  ] Register NMethod: jdk.internal.classfile.impl.AbstractPoolEntry.maybeClone (0x000072e47f448f08) [0x000072e47f449000, 0x000072e47f449968] Compiler: c1, Barriers: 0, Oops: 0, ImmediateOops: 0, NonImmediateOops: No
[1,191s][debug][gc,nmethod  ] Register NMethod: jdk.internal.classfile.impl.SplitConstantPool.canWriteDirect (0x000072e47f449988) [0x000072e47f449a80, 0x000072e47f449d78] Compiler: c1, Barriers: 1, Oops: 0, ImmediateOops: 0, NonImmediateOops: No
[1,191s][debug][gc,nmethod  ] Register NMethod: jdk.internal.classfile.impl.RawBytecodeHelper.endBci (0x000072e47f449d88) [0x000072e47f449e80, 0x000072e47f449fb8] Compiler: c1, Barriers: 1, Oops: 0, ImmediateOops: 0, NonImmediateOops: No
[1,191s][debug][gc,nmethod  ] Register NMethod: java.lang.invoke.MethodType.ptypes (0x000072e49ebf4e08) [0x000072e49ebf4f00, 0x000072e49ebf4fe8] Compiler: c1, Barriers: 1, Oops: 0, ImmediateOops: 0, NonImmediateOops: No
[1,191s][debug][gc,nmethod  ] Register NMethod: jdk.internal.classfile.impl.RawBytecodeHelper.next (0x000072e47f44a088) [0x000072e47f44a180, 0x000072e47f44a8f8] Compiler: c1, Barriers: 2, Oops: 0, ImmediateOops: 1, NonImmediateOops: No
[1,191s][debug][gc,nmethod  ] Register NMethod: java.lang.Class.isInstance (0x000072e49ebf5108) [0x000072e49ebf5200, 0x000072e49ebf5370] Compiler: , Barriers: 0, Oops: 0, ImmediateOops: 0, NonImmediateOops: No
[1,191s][debug][gc,nmethod  ] Register NMethod: jdk.internal.classfile.impl.RawBytecodeHelper.opcode (0x000072e47f44a908) [0x000072e47f44aa00, 0x000072e47f44ab08] Compiler: c1, Barriers: 0, Oops: 0, ImmediateOops: 0, NonImmediateOops: No
[1,191s][debug][gc,nmethod  ] Register NMethod: java.lang.invoke.MethodTypeForm.canonicalize (0x000072e47f44ac08) [0x000072e47f44ad00, 0x000072e47f44b958] Compiler: c1, Barriers: 1, Oops: 0, ImmediateOops: 2, NonImmediateOops: No
[1,192s][debug][gc,nmethod  ] Register NMethod: java.lang.invoke.MethodType.parameterType (0x000072e47f44b988) [0x000072e47f44ba80, 0x000072e47f44bc08] Compiler: c1, Barriers: 2, Oops: 0, ImmediateOops: 0, NonImmediateOops: No
[1,192s][debug][gc,nmethod  ] Register NMethod: java.lang.AbstractStringBuilder.isLatin1 (0x000072e47f44bc88) [0x000072e47f44bd80, 0x000072e47f44bec0] Compiler: c1, Barriers: 0, Oops: 0, ImmediateOops: 0, NonImmediateOops: No
[1,192s][debug][gc,nmethod  ] Register NMethod: jdk.internal.vm.Continuation.enterSpecial (0x000072e49ebf5408) [0x000072e49ebf5500, 0x000072e49ebf56f8] Compiler: , Barriers: 0, Oops: 0, ImmediateOops: 0, NonImmediateOops: No
[1,192s][debug][gc,nmethod  ] Register NMethod: jdk.internal.vm.Continuation.doYield (0x000072e49ebf5708) [0x000072e49ebf5800, 0x000072e49ebf58c8] Compiler: , Barriers: 0, Oops: 0, ImmediateOops: 0, NonImmediateOops: No
[1,192s][debug][gc,nmethod  ] Register NMethod: java.util.ImmutableCollections$SetN$SetNIterator.next (0x000072e49ebf5a08) [0x000072e49ebf5b00, 0x000072e49ebf5d10] Compiler: jvmci, Barriers: 3, Oops: 0, ImmediateOops: 0, NonImmediateOops: No
[1,195s][debug][gc,director ] Rule Major: Warmup 10%, Used: 18MB, UsedThreshold: 1228MB
[1,198s][debug][gc,nmethod  ] Register NMethod: java.lang.AbstractStringBuilder.getValue (0x000072e49ebf5d88) [0x000072e49ebf5e80, 0x000072e49ebf5f68] Compiler: c1, Barriers: 1, Oops: 0, ImmediateOops: 0, NonImmediateOops: No
[1,198s][debug][gc,nmethod  ] Register NMethod: java.lang.StringBuilder.append (0x000072e47f44bf88) [0x000072e47f44c080, 0x000072e47f44c1c8] Compiler: c1, Barriers: 0, Oops: 0, ImmediateOops: 0, NonImmediateOops: No
[1,198s][debug][gc,nmethod  ] Register NMethod: java.lang.AbstractStringBuilder.append (0x000072e47f44c288) [0x000072e47f44c380, 0x000072e47f44cfd0] Compiler: c1, Barriers: 5, Oops: 0, ImmediateOops: 0, NonImmediateOops: No
[1,200s][debug][gc,nmethod  ] Register NMethod: java.lang.StringLatin1.canEncode (0x000072e47f44d008) [0x000072e47f44d100, 0x000072e47f44d260] Compiler: c1, Barriers: 0, Oops: 0, ImmediateOops: 0, NonImmediateOops: No
[1,202s][debug][gc,nmethod  ] Register NMethod: java.util.HashMap.resize (0x000072e49ebf6088) [0x000072e49ebf61a0, 0x000072e49ebf6ce0] Compiler: jvmci, Barriers: 33, Oops: 0, ImmediateOops: 0, NonImmediateOops: No
[1,202s][debug][gc,nmethod  ] Register NMethod: jdk.internal.misc.Unsafe.getByte (0x000072e49ebf6d08) [0x000072e49ebf6e00, 0x000072e49ebf6f68] Compiler: , Barriers: 0, Oops: 0, ImmediateOops: 0, NonImmediateOops: No
[1,202s][debug][gc,nmethod  ] Register NMethod: jdk.internal.misc.Unsafe.pickPos (0x000072e47f44d308) [0x000072e47f44d400, 0x000072e47f44d4f0] Compiler: c1, Barriers: 0, Oops: 0, ImmediateOops: 0, NonImmediateOops: No
[1,202s][debug][gc,nmethod  ] Register NMethod: jdk.internal.misc.Unsafe.getShort (0x000072e49ebf7008) [0x000072e49ebf7100, 0x000072e49ebf7268] Compiler: , Barriers: 0, Oops: 0, ImmediateOops: 0, NonImmediateOops: No
[1,202s][debug][gc,nmethod  ] Register NMethod: jdk.internal.misc.Unsafe.toUnsignedInt (0x000072e47f44d608) [0x000072e47f44d700, 0x000072e47f44d7e8] Compiler: c1, Barriers: 0, Oops: 0, ImmediateOops: 0, NonImmediateOops: No
[1,203s][debug][gc,nmethod  ] Register NMethod: jdk.internal.misc.Unsafe.convEndian (0x000072e47f44d908) [0x000072e47f44da00, 0x000072e47f44dba0] Compiler: c1, Barriers: 0, Oops: 0, ImmediateOops: 0, NonImmediateOops: No
[1,203s][debug][gc,nmethod  ] Register NMethod: java.util.zip.ZipUtils.get16 (0x000072e47f44dc08) [0x000072e47f44dd00, 0x000072e47f44e100] Compiler: c1, Barriers: 0, Oops: 1, ImmediateOops: 2, NonImmediateOops: No
[1,203s][debug][gc,nmethod  ] Register NMethod: jdk.internal.misc.Unsafe.getShortUnaligned (0x000072e47f44e188) [0x000072e47f44e280, 0x000072e47f44e4a8] Compiler: c1, Barriers: 0, Oops: 0, ImmediateOops: 0, NonImmediateOops: No
[1,203s][debug][gc,nmethod  ] Register NMethod: java.lang.Short.toUnsignedInt (0x000072e47f44e508) [0x000072e47f44e600, 0x000072e47f44e6e8] Compiler: c1, Barriers: 0, Oops: 0, ImmediateOops: 0, NonImmediateOops: No
[1,203s][debug][gc,nmethod  ] Register NMethod: jdk.internal.misc.Unsafe.getIntUnaligned (0x000072e47f44e808) [0x000072e47f44e900, 0x000072e47f44ed50] Compiler: c1, Barriers: 0, Oops: 0, ImmediateOops: 0, NonImmediateOops: No
[1,203s][debug][gc,nmethod  ] Register NMethod: jdk.internal.misc.Unsafe.getShortUnaligned (0x000072e47f44ed88) [0x000072e47f44ee80, 0x000072e47f44f210] Compiler: c1, Barriers: 0, Oops: 0, ImmediateOops: 0, NonImmediateOops: No
[1,203s][debug][gc,nmethod  ] Register NMethod: java.util.HashMap.putVal (0x000072e49ebf7308) [0x000072e49ebf7420, 0x000072e49ebf8a78] Compiler: jvmci, Barriers: 77, Oops: 0, ImmediateOops: 0, NonImmediateOops: No
[1,204s][debug][gc,nmethod  ] Register NMethod: java.util.HashMap.newNode (0x000072e49ebf8a88) [0x000072e49ebf8b80, 0x000072e49ebf8ce0] Compiler: jvmci, Barriers: 6, Oops: 0, ImmediateOops: 0, NonImmediateOops: No
[1,205s][debug][gc,nmethod  ] Register NMethod: java.lang.StringBuilder.length (0x000072e47f44f288) [0x000072e47f44f380, 0x000072e47f44f498] Compiler: c1, Barriers: 0, Oops: 0, ImmediateOops: 0, NonImmediateOops: No
[1,205s][debug][gc,nmethod  ] Register NMethod: java.lang.module.ModuleDescriptor$Exports.isQualified (0x000072e49ebf8d88) [0x000072e49ebf8e80, 0x000072e49ebf8fd8] Compiler: jvmci, Barriers: 1, Oops: 0, ImmediateOops: 0, NonImmediateOops: No
[1,205s][debug][gc,nmethod  ] Register NMethod: java.lang.StringLatin1.equals (0x000072e49ebf9088) [0x000072e49ebf9180, 0x000072e49ebf9418] Compiler: jvmci, Barriers: 0, Oops: 0, ImmediateOops: 0, NonImmediateOops: No
[1,206s][debug][gc,director ] Rule Major: Warmup 10%, Used: 18MB, UsedThreshold: 1228MB
[1,207s][debug][gc,nmethod  ] Register NMethod: java.lang.invoke.MethodType.checkSlotCount (0x000072e47f44f588) [0x000072e47f44f680, 0x000072e47f4503b8] Compiler: c1, Barriers: 0, Oops: 1, ImmediateOops: 2, NonImmediateOops: No
[1,207s][debug][gc,nmethod  ] Register NMethod: jdk.internal.util.WeakReferenceKey.hashCode (0x000072e49ebf9488) [0x000072e49ebf9580, 0x000072e49ebf9640] Compiler: c1, Barriers: 0, Oops: 0, ImmediateOops: 0, NonImmediateOops: No
[1,207s][debug][gc,nmethod  ] Register NMethod: java.lang.invoke.MethodHandle.linkToStatic (0x000072e49ebf9788) [0x000072e49ebf9880, 0x000072e49ebf9970] Compiler: , Barriers: 0, Oops: 0, ImmediateOops: 0, NonImmediateOops: No
[1,207s][debug][gc,nmethod  ] Register NMethod: java.io.BufferedInputStream.getBufIfOpen (0x000072e47f450408) [0x000072e47f450500, 0x000072e47f450638] Compiler: c1, Barriers: 0, Oops: 0, ImmediateOops: 0, NonImmediateOops: No
[1,207s][debug][gc,nmethod  ] Register NMethod: java.io.BufferedInputStream.getBufIfOpen (0x000072e47f450708) [0x000072e47f450800, 0x000072e47f450c18] Compiler: c1, Barriers: 7, Oops: 0, ImmediateOops: 3, NonImmediateOops: No
[1,207s][debug][gc,nmethod  ] Register NMethod: java.io.BufferedInputStream.read (0x000072e47f450c88) [0x000072e47f450d80, 0x000072e47f4511d8] Compiler: c1, Barriers: 0, Oops: 0, ImmediateOops: 0, NonImmediateOops: No
[1,208s][debug][gc,nmethod  ] Register NMethod: worker.org.gradle.internal.stream.EncodedStream$EncodedInput.read (0x000072e47f451208) [0x000072e47f451300, 0x000072e47f451a58] Compiler: c1, Barriers: 2, Oops: 1, ImmediateOops: 1, NonImmediateOops: No
[1,208s][debug][gc,nmethod  ] Register NMethod: worker.org.gradle.internal.stream.EncodedStream$EncodedInput.hexToByte (0x000072e47f451a88) [0x000072e47f451b80, 0x000072e47f4522c8] Compiler: c1, Barriers: 3, Oops: 2, ImmediateOops: 1, NonImmediateOops: No
[1,208s][debug][gc,nmethod  ] Register NMethod: jdk.internal.util.Preconditions.checkFromIndexSize (0x000072e47f452308) [0x000072e47f452400, 0x000072e47f452598] Compiler: c1, Barriers: 0, Oops: 0, ImmediateOops: 0, NonImmediateOops: No
[1,208s][debug][gc,nmethod  ] Register NMethod: java.lang.Class.getName (0x000072e47f452608) [0x000072e47f452700, 0x000072e47f4528b0] Compiler: c1, Barriers: 1, Oops: 0, ImmediateOops: 0, NonImmediateOops: No
[1,208s][debug][gc,nmethod  ] Register NMethod: java.net.URL.getHost (0x000072e49ebf9a88) [0x000072e49ebf9b80, 0x000072e49ebf9c68] Compiler: c1, Barriers: 1, Oops: 0, ImmediateOops: 0, NonImmediateOops: No
[1,208s][debug][gc,nmethod  ] Register NMethod: sun.net.util.IPAddressUtil.earlyURLParsing (0x000072e47f452908) [0x000072e47f452a00, 0x000072e47f452b08] Compiler: c1, Barriers: 0, Oops: 0, ImmediateOops: 0, NonImmediateOops: No
[1,208s][debug][gc,nmethod  ] Register NMethod: java.net.URL.getUserInfo (0x000072e49ebf9d88) [0x000072e49ebf9e80, 0x000072e49ebf9f68] Compiler: c1, Barriers: 1, Oops: 0, ImmediateOops: 0, NonImmediateOops: No
[1,209s][debug][gc,nmethod  ] Register NMethod: java.lang.Record.<init> (0x000072e47f452c08) [0x000072e47f452d00, 0x000072e47f452e58] Compiler: c1, Barriers: 0, Oops: 0, ImmediateOops: 0, NonImmediateOops: No
[1,209s][debug][gc,nmethod  ] Register NMethod: java.lang.String.equals (0x000072e49ebfa088) [0x000072e49ebfa180, 0x000072e49ebfa4e8] Compiler: jvmci, Barriers: 2, Oops: 0, ImmediateOops: 0, NonImmediateOops: No
[1,209s][debug][gc,nmethod  ] Register NMethod: java.lang.StringLatin1.replace (0x000072e47f452f08) [0x000072e47f453000, 0x000072e47f4540a0] Compiler: c1, Barriers: 6, Oops: 0, ImmediateOops: 3, NonImmediateOops: No
[1,209s][debug][gc,nmethod  ] Register NMethod: sun.net.www.ParseUtil.firstEncodeIndex (0x000072e47f454108) [0x000072e47f454200, 0x000072e47f4550d8] Compiler: c1, Barriers: 3, Oops: 1, ImmediateOops: 1, NonImmediateOops: No
[1,209s][debug][gc,nmethod  ] Register NMethod: java.io.BufferedInputStream.getBufIfOpen (0x000072e49ebfa508) [0x000072e49ebfa600, 0x000072e49ebfa730] Compiler: jvmci, Barriers: 1, Oops: 0, ImmediateOops: 1, NonImmediateOops: No
[1,210s][debug][gc,nmethod  ] Register NMethod: jdk.internal.misc.Unsafe.putReferenceVolatile (0x000072e49ebfa808) [0x000072e49ebfa900, 0x000072e49ebfaa70] Compiler: , Barriers: 0, Oops: 0, ImmediateOops: 0, NonImmediateOops: No
[1,210s][debug][gc,nmethod  ] Register NMethod: java.lang.String.lastIndexOf (0x000072e47f455108) [0x000072e47f455200, 0x000072e47f4556a0] Compiler: c1, Barriers: 2, Oops: 0, ImmediateOops: 0, NonImmediateOops: No
[1,210s][debug][gc,nmethod  ] Register NMethod: java.lang.Integer.toUnsignedLong (0x000072e47f455708) [0x000072e47f455800, 0x000072e47f4558f0] Compiler: c1, Barriers: 0, Oops: 0, ImmediateOops: 0, NonImmediateOops: No
[1,210s][debug][gc,nmethod  ] Register NMethod: jdk.internal.misc.Unsafe.convEndian (0x000072e47f455a08) [0x000072e47f455b00, 0x000072e47f455ca8] Compiler: c1, Barriers: 0, Oops: 0, ImmediateOops: 0, NonImmediateOops: No
[1,210s][debug][gc,nmethod  ] Register NMethod: jdk.internal.misc.Unsafe.getIntUnaligned (0x000072e47f455d08) [0x000072e47f455e00, 0x000072e47f456048] Compiler: c1, Barriers: 0, Oops: 0, ImmediateOops: 0, NonImmediateOops: No
[1,210s][debug][gc,nmethod  ] Register NMethod: java.util.zip.ZipUtils.get32 (0x000072e47f456088) [0x000072e47f456180, 0x000072e47f456588] Compiler: c1, Barriers: 0, Oops: 1, ImmediateOops: 2, NonImmediateOops: No
[1,210s][debug][gc,nmethod  ] Register NMethod: java.lang.String.lastIndexOf (0x000072e47f456608) [0x000072e47f456700, 0x000072e47f4571f8] Compiler: c1, Barriers: 1, Oops: 0, ImmediateOops: 0, NonImmediateOops: No
[1,211s][debug][gc,nmethod  ] Register NMethod: java.lang.invoke.MethodType.<init> (0x000072e47f457208) [0x000072e47f457300, 0x000072e47f457548] Compiler: c1, Barriers: 6, Oops: 0, ImmediateOops: 0, NonImmediateOops: No
[1,211s][debug][gc,nmethod  ] Register NMethod: java.lang.Class.isHidden (0x000072e49ebfab08) [0x000072e49ebfac00, 0x000072e49ebfad60] Compiler: , Barriers: 0, Oops: 0, ImmediateOops: 0, NonImmediateOops: No
[1,212s][debug][gc,nmethod  ] Register NMethod: jdk.internal.util.ReferencedKeySet.get (0x000072e47f457588) [0x000072e47f457680, 0x000072e47f458b80] Compiler: c1, Barriers: 7, Oops: 1, ImmediateOops: 1, NonImmediateOops: No
[1,212s][debug][gc,nmethod  ] Register NMethod: java.lang.StringLatin1.indexOfChar (0x000072e49ebfae08) [0x000072e49ebfaf00, 0x000072e49ebfb170] Compiler: jvmci, Barriers: 0, Oops: 0, ImmediateOops: 0, NonImmediateOops: No
[1,212s][debug][gc,nmethod  ] Register NMethod: java.lang.invoke.MethodType.makeImpl (0x000072e47f458c08) [0x000072e47f458d00, 0x000072e47f45b4b0] Compiler: c1, Barriers: 23, Oops: 2, ImmediateOops: 3, NonImmediateOops: No
[1,212s][debug][gc,nmethod  ] Register NMethod: java.lang.invoke.MethodType.methodType (0x000072e47f45b508) [0x000072e47f45b600, 0x000072e47f45bae0] Compiler: c1, Barriers: 2, Oops: 0, ImmediateOops: 4, NonImmediateOops: No
[1,213s][debug][gc,nmethod  ] Register NMethod: jdk.internal.classfile.impl.AbstractDirectBuilder.constantPool (0x000072e49ebfb188) [0x000072e49ebfb280, 0x000072e49ebfb368] Compiler: c1, Barriers: 1, Oops: 0, ImmediateOops: 0, NonImmediateOops: No
[1,213s][debug][gc,nmethod  ] Register NMethod: worker.org.gradle.internal.stream.EncodedStream$EncodedInput.hexToByte (0x000072e49ebfb488) [0x000072e49ebfb580, 0x000072e49ebfb668] Compiler: jvmci, Barriers: 0, Oops: 1, ImmediateOops: 0, NonImmediateOops: No
[1,213s][debug][gc,nmethod  ] Register NMethod: java.util.ArrayList.size (0x000072e49ebfb788) [0x000072e49ebfb880, 0x000072e49ebfb940] Compiler: c1, Barriers: 0, Oops: 0, ImmediateOops: 0, NonImmediateOops: No
[1,213s][debug][gc,nmethod  ] Register NMethod: java.lang.invoke.MethodHandle.linkToStatic (0x000072e49ebfba88) [0x000072e49ebfbb80, 0x000072e49ebfbc70] Compiler: , Barriers: 0, Oops: 0, ImmediateOops: 0, NonImmediateOops: No
[1,213s][debug][gc,nmethod  ] Register NMethod: java.lang.invoke.MemberName.allFlagsSet (0x000072e47f45bb08) [0x000072e47f45bc00, 0x000072e47f45bd50] Compiler: c1, Barriers: 0, Oops: 0, ImmediateOops: 0, NonImmediateOops: No
[1,213s][debug][gc,nmethod  ] Register NMethod: jdk.internal.classfile.impl.SplitConstantPool.tryFindUtf8 (0x000072e47f45be08) [0x000072e47f45bf00, 0x000072e47f45d738] Compiler: c1, Barriers: 1, Oops: 0, ImmediateOops: 0, NonImmediateOops: No
[1,213s][debug][gc,nmethod  ] Register NMethod: jdk.internal.classfile.impl.AbstractPoolEntry$Utf8EntryImpl.contentHash (0x000072e47f45d788) [0x000072e47f45d880, 0x000072e47f45da38] Compiler: c1, Barriers: 1, Oops: 0, ImmediateOops: 1, NonImmediateOops: No
[1,213s][debug][gc,nmethod  ] Register NMethod: jdk.internal.classfile.impl.BufWriterImpl.writeU2 (0x000072e47f45da88) [0x000072e47f45db80, 0x000072e47f45dff0] Compiler: c1, Barriers: 2, Oops: 0, ImmediateOops: 0, NonImmediateOops: No
[1,213s][debug][gc,nmethod  ] Register NMethod: java.io.BufferedInputStream.read (0x000072e49ebfbd88) [0x000072e49ebfbe80, 0x000072e49ebfc1a0] Compiler: jvmci, Barriers: 1, Oops: 0, ImmediateOops: 1, NonImmediateOops: No
[1,214s][debug][gc,nmethod  ] Register NMethod: java.lang.invoke.MethodHandle.linkToInterface (0x000072e49ebfc208) [0x000072e49ebfc300, 0x000072e49ebfc430] Compiler: , Barriers: 0, Oops: 0, ImmediateOops: 0, NonImmediateOops: No
[1,214s][debug][gc,nmethod  ] Register NMethod: java.lang.String.length (0x000072e49ebfc508) [0x000072e49ebfc600, 0x000072e49ebfc6e8] Compiler: jvmci, Barriers: 1, Oops: 0, ImmediateOops: 0, NonImmediateOops: No
[1,214s][debug][gc,nmethod  ] Register NMethod: jdk.internal.classfile.impl.AbstractPoolEntry$Utf8EntryImpl.hashCode (0x000072e47f45e008) [0x000072e47f45e100, 0x000072e47f45e530] Compiler: c1, Barriers: 1, Oops: 0, ImmediateOops: 1, NonImmediateOops: No
[1,214s][debug][gc,nmethod  ] Register NMethod: jdk.internal.classfile.impl.AbstractPoolEntry$Utf8EntryImpl.<init> (0x000072e47f45e588) [0x000072e47f45e680, 0x000072e47f45eee8] Compiler: c1, Barriers: 13, Oops: 0, ImmediateOops: 1, NonImmediateOops: No
[1,215s][debug][gc,nmethod  ] Register NMethod: jdk.internal.classfile.impl.AbstractPoolEntry$Utf8EntryImpl.writeTo (0x000072e47f45ef08) [0x000072e47f45f000, 0x000072e47f45f810] Compiler: c1, Barriers: 3, Oops: 0, ImmediateOops: 0, NonImmediateOops: No
[1,215s][debug][gc,nmethod  ] Register NMethod: java.lang.System$1.countNonZeroAscii (0x000072e47f45f888) [0x000072e47f45f980, 0x000072e47f460480] Compiler: c1, Barriers: 1, Oops: 0, ImmediateOops: 0, NonImmediateOops: No
[1,215s][debug][gc,nmethod  ] Register NMethod: java.lang.StringCoding.countNonZeroAscii (0x000072e47f460488) [0x000072e47f460580, 0x000072e47f461110] Compiler: c1, Barriers: 1, Oops: 0, ImmediateOops: 0, NonImmediateOops: No
[1,215s][debug][gc,nmethod  ] Register NMethod: jdk.internal.classfile.impl.BufWriterImpl.cpIndex (0x000072e47f461188) [0x000072e47f461280, 0x000072e47f463278] Compiler: c1, Barriers: 1, Oops: 1, ImmediateOops: 3, NonImmediateOops: No
[1,215s][debug][gc,nmethod  ] Register NMethod: java.lang.StringLatin1.getBytes (0x000072e47f463288) [0x000072e47f463380, 0x000072e47f463518] Compiler: c1, Barriers: 0, Oops: 0, ImmediateOops: 0, NonImmediateOops: No
[1,215s][debug][gc,nmethod  ] Register NMethod: java.lang.String.checkBoundsOffCount (0x000072e47f463588) [0x000072e47f463680, 0x000072e47f463878] Compiler: c1, Barriers: 0, Oops: 1, ImmediateOops: 1, NonImmediateOops: No
[1,215s][debug][gc,nmethod  ] Register NMethod: jdk.internal.util.ModifiedUtf.utfLen (0x000072e47f463888) [0x000072e47f463980, 0x000072e47f464720] Compiler: c1, Barriers: 3, Oops: 1, ImmediateOops: 1, NonImmediateOops: No
[1,215s][debug][gc,nmethod  ] Register NMethod: jdk.internal.classfile.impl.AbstractPoolEntry$ClassEntryImpl.tag (0x000072e49ebfc808) [0x000072e49ebfc900, 0x000072e49ebfc9c0] Compiler: c1, Barriers: 0, Oops: 0, ImmediateOops: 0, NonImmediateOops: No
[1,215s][debug][gc,nmethod  ] Register NMethod: java.lang.String.getBytes (0x000072e47f464788) [0x000072e47f464880, 0x000072e47f465608] Compiler: c1, Barriers: 1, Oops: 1, ImmediateOops: 2, NonImmediateOops: No
[1,215s][debug][gc,nmethod  ] Register NMethod: java.lang.invoke.MethodHandle.linkToSpecial (0x000072e49ebfcb08) [0x000072e49ebfcc00, 0x000072e49ebfccf8] Compiler: , Barriers: 0, Oops: 0, ImmediateOops: 0, NonImmediateOops: No
[1,215s][debug][gc,nmethod  ] Register NMethod: jdk.internal.classfile.impl.SplitConstantPool.utf8Entry (0x000072e47f465688) [0x000072e47f465780, 0x000072e47f466278] Compiler: c1, Barriers: 1, Oops: 0, ImmediateOops: 1, NonImmediateOops: No
[1,215s][debug][gc,nmethod  ] Register NMethod: jdk.internal.constant.ClassOrInterfaceDescImpl.isClassOrInterface (0x000072e49ebfce08) [0x000072e49ebfcf00, 0x000072e49ebfcfc0] Compiler: c1, Barriers: 0, Oops: 0, ImmediateOops: 0, NonImmediateOops: No
[1,215s][debug][gc,nmethod  ] Register NMethod: jdk.internal.classfile.impl.AbstractPoolEntry.hash1 (0x000072e47f466288) [0x000072e47f466380, 0x000072e47f466470] Compiler: c1, Barriers: 0, Oops: 0, ImmediateOops: 0, NonImmediateOops: No
[1,216s][debug][gc,nmethod  ] Register NMethod: java.lang.invoke.MethodHandle.linkToSpecial (0x000072e49ebfd108) [0x000072e49ebfd200, 0x000072e49ebfd2f8] Compiler: , Barriers: 0, Oops: 0, ImmediateOops: 0, NonImmediateOops: No
[1,216s][debug][gc,nmethod  ] Register NMethod: java.lang.invoke.MethodHandle.invokeBasic (0x000072e49ebfd408) [0x000072e49ebfd500, 0x000072e49ebfd798] Compiler: , Barriers: 0, Oops: 0, ImmediateOops: 0, NonImmediateOops: No
[1,216s][debug][gc,nmethod  ] Register NMethod: java.lang.invoke.MethodHandle.linkToSpecial (0x000072e49ebfd808) [0x000072e49ebfd900, 0x000072e49ebfd9f8] Compiler: , Barriers: 0, Oops: 0, ImmediateOops: 0, NonImmediateOops: No
[1,216s][debug][gc,nmethod  ] Register NMethod: jdk.internal.classfile.impl.BufWriterImpl.writeUtfEntry (0x000072e47f466588) [0x000072e47f466680, 0x000072e47f469440] Compiler: c1, Barriers: 8, Oops: 1, ImmediateOops: 4, NonImmediateOops: No
[1,216s][debug][gc,director ] Rule Major: Warmup 10%, Used: 18MB, UsedThreshold: 1228MB
[1,216s][debug][gc,nmethod  ] Register NMethod: java.lang.invoke.MemberName.initResolved (0x000072e47f469488) [0x000072e47f469580, 0x000072e47f469740] Compiler: c1, Barriers: 3, Oops: 0, ImmediateOops: 0, NonImmediateOops: No
[1,216s][debug][gc,nmethod  ] Register NMethod: java.lang.ref.Reference.<init> (0x000072e47f469788) [0x000072e47f469880, 0x000072e47f469b18] Compiler: c1, Barriers: 6, Oops: 0, ImmediateOops: 1, NonImmediateOops: No
[1,216s][debug][gc,nmethod  ] Register NMethod: java.lang.String.intern (0x000072e49ebfdb08) [0x000072e49ebfdc00, 0x000072e49ebfdf20] Compiler: , Barriers: 0, Oops: 0, ImmediateOops: 0, NonImmediateOops: No
[1,216s][debug][gc,nmethod  ] Register NMethod: jdk.internal.misc.Unsafe.allocateInstance (0x000072e49ebfdf88) [0x000072e49ebfe080, 0x000072e49ebfe3b0] Compiler: , Barriers: 0, Oops: 0, ImmediateOops: 0, NonImmediateOops: No
[1,216s][debug][gc,nmethod  ] Register NMethod: jdk.internal.misc.Unsafe.putReferenceRelease (0x000072e47f469b88) [0x000072e47f469c80, 0x000072e47f469df8] Compiler: c1, Barriers: 3, Oops: 0, ImmediateOops: 0, NonImmediateOops: No
[1,216s][debug][gc,nmethod  ] Register NMethod: java.lang.String.replace (0x000072e47f469e88) [0x000072e47f469f80, 0x000072e47f46a488] Compiler: c1, Barriers: 2, Oops: 0, ImmediateOops: 0, NonImmediateOops: No
[1,216s][debug][gc,nmethod  ] Register NMethod: java.util.concurrent.ConcurrentHashMap.setTabAt (0x000072e47f46a508) [0x000072e47f46a600, 0x000072e47f46a900] Compiler: c1, Barriers: 0, Oops: 0, ImmediateOops: 1, NonImmediateOops: No
[1,216s][debug][gc,nmethod  ] Register NMethod: java.lang.invoke.MemberName.getMethodType (0x000072e47f46a908) [0x000072e47f46aa00, 0x000072e47f46cef8] Compiler: c1, Barriers: 16, Oops: 1, ImmediateOops: 1, NonImmediateOops: No
[1,217s][debug][gc,nmethod  ] Register NMethod: java.util.concurrent.ConcurrentHashMap.casTabAt (0x000072e49ebfe408) [0x000072e49ebfe500, 0x000072e49ebfe5d8] Compiler: jvmci, Barriers: 5, Oops: 0, ImmediateOops: 0, NonImmediateOops: No
[1,217s][debug][gc,nmethod  ] Register NMethod: java.net.URL.getProtocol (0x000072e49ebfe708) [0x000072e49ebfe800, 0x000072e49ebfe8e8] Compiler: c1, Barriers: 1, Oops: 0, ImmediateOops: 0, NonImmediateOops: No
[1,217s][debug][gc,nmethod  ] Register NMethod: java.lang.StringCoding.countPositives (0x000072e47f46cf08) [0x000072e47f46d000, 0x000072e47f46d208] Compiler: c1, Barriers: 0, Oops: 0, ImmediateOops: 0, NonImmediateOops: No
[1,218s][debug][gc,nmethod  ] Register NMethod: sun.nio.fs.UnixPath.checkNotNul (0x000072e47f46d288) [0x000072e47f46d380, 0x000072e47f46d520] Compiler: c1, Barriers: 0, Oops: 0, ImmediateOops: 1, NonImmediateOops: No
[1,218s][debug][gc,nmethod  ] Register NMethod: java.util.zip.ZipCoder$UTF8ZipCoder.isUTF8 (0x000072e49ebfea08) [0x000072e49ebfeb00, 0x000072e49ebfebc0] Compiler: c1, Barriers: 0, Oops: 0, ImmediateOops: 0, NonImmediateOops: No
[1,218s][debug][gc,nmethod  ] Register NMethod: java.util.zip.ZipUtils.CENEXT (0x000072e47f46d588) [0x000072e47f46d680, 0x000072e47f46d790] Compiler: c1, Barriers: 0, Oops: 0, ImmediateOops: 0, NonImmediateOops: No
[1,218s][debug][gc,nmethod  ] Register NMethod: java.util.ArrayDeque.inc (0x000072e47f46d888) [0x000072e47f46d980, 0x000072e47f46da98] Compiler: c1, Barriers: 0, Oops: 0, ImmediateOops: 0, NonImmediateOops: No
[1,218s][debug][gc,nmethod  ] Register NMethod: java.util.zip.ZipUtils.CENCOM (0x000072e47f46db88) [0x000072e47f46dc80, 0x000072e47f46dd90] Compiler: c1, Barriers: 0, Oops: 0, ImmediateOops: 0, NonImmediateOops: No
[1,218s][debug][gc,nmethod  ] Register NMethod: java.util.zip.Inflater$InflaterZStreamRef.address (0x000072e49ebfed08) [0x000072e49ebfee00, 0x000072e49ebfeec0] Compiler: c1, Barriers: 0, Oops: 0, ImmediateOops: 0, NonImmediateOops: No
[1,219s][debug][gc,nmethod  ] Register NMethod: java.util.zip.ZipUtils.CENSIZ (0x000072e47f46de88) [0x000072e47f46df80, 0x000072e47f46e090] Compiler: c1, Barriers: 0, Oops: 0, ImmediateOops: 0, NonImmediateOops: No
[1,219s][debug][gc,nmethod  ] Register NMethod: java.util.zip.ZipUtils.CENNAM (0x000072e47f46e188) [0x000072e47f46e280, 0x000072e47f46e390] Compiler: c1, Barriers: 0, Oops: 0, ImmediateOops: 0, NonImmediateOops: No
[1,219s][debug][gc,nmethod  ] Register NMethod: java.util.zip.ZipUtils.CENHOW (0x000072e47f46e488) [0x000072e47f46e580, 0x000072e47f46e690] Compiler: c1, Barriers: 0, Oops: 0, ImmediateOops: 0, NonImmediateOops: No
[1,219s][debug][gc,nmethod  ] Register NMethod: java.util.zip.ZipUtils.CENLEN (0x000072e47f46e788) [0x000072e47f46e880, 0x000072e47f46e990] Compiler: c1, Barriers: 0, Oops: 0, ImmediateOops: 0, NonImmediateOops: No
[1,219s][debug][gc,nmethod  ] Register NMethod: java.lang.System$1.uncheckedCountPositives (0x000072e47f46ea88) [0x000072e47f46eb80, 0x000072e47f46edd8] Compiler: c1, Barriers: 0, Oops: 0, ImmediateOops: 0, NonImmediateOops: No
[1,219s][debug][gc,nmethod  ] Register NMethod: java.util.zip.ZipUtils.CENOFF (0x000072e47f46ee08) [0x000072e47f46ef00, 0x000072e47f46f010] Compiler: c1, Barriers: 0, Oops: 0, ImmediateOops: 0, NonImmediateOops: No
[1,219s][debug][gc,nmethod  ] Register NMethod: java.util.zip.ZipUtils.CENSIG (0x000072e47f46f108) [0x000072e47f46f200, 0x000072e47f46f310] Compiler: c1, Barriers: 0, Oops: 0, ImmediateOops: 0, NonImmediateOops: No
[1,219s][debug][gc,nmethod  ] Register NMethod: java.util.zip.ZipUtils.CENFLG (0x000072e47f46f408) [0x000072e47f46f500, 0x000072e47f46f610] Compiler: c1, Barriers: 0, Oops: 0, ImmediateOops: 0, NonImmediateOops: No
[1,219s][debug][gc,nmethod  ] Register NMethod: java.util.zip.ZipFile.zipCoderFor (0x000072e47f46f708) [0x000072e47f46f800, 0x000072e47f46fc50] Compiler: c1, Barriers: 0, Oops: 0, ImmediateOops: 1, NonImmediateOops: No
[1,219s][debug][gc,nmethod  ] Register NMethod: java.util.zip.ZipUtils.CENDSK (0x000072e47f46fc88) [0x000072e47f46fd80, 0x000072e47f46fe90] Compiler: c1, Barriers: 0, Oops: 0, ImmediateOops: 0, NonImmediateOops: No
[1,219s][debug][gc,nmethod  ] Register NMethod: java.util.zip.ZipFile$Source.nextEntryPos (0x000072e47f46ff88) [0x000072e47f470080, 0x000072e47f470338] Compiler: c1, Barriers: 2, Oops: 0, ImmediateOops: 0, NonImmediateOops: No
[1,219s][debug][gc,nmethod  ] Register NMethod: java.util.zip.ZipFile$Source.isMetaName (0x000072e47f470388) [0x000072e47f470480, 0x000072e47f4708e0] Compiler: c1, Barriers: 0, Oops: 0, ImmediateOops: 0, NonImmediateOops: No
[1,219s][debug][gc,nmethod  ] Register NMethod: java.util.zip.ZipCoder$UTF8ZipCoder.checkedHash (0x000072e47f470908) [0x000072e47f470a00, 0x000072e47f470e20] Compiler: c1, Barriers: 0, Oops: 0, ImmediateOops: 2, NonImmediateOops: No
[1,220s][debug][gc,nmethod  ] Register NMethod: java.util.Arrays.copyOf (0x000072e47f470e88) [0x000072e47f470f80, 0x000072e47f471348] Compiler: c1, Barriers: 0, Oops: 0, ImmediateOops: 0, NonImmediateOops: No
[1,220s][debug][gc,nmethod  ] Register NMethod: jdk.internal.misc.Unsafe.getShortUnaligned (0x000072e49ebff008) [0x000072e49ebff100, 0x000072e49ebff1c0] Compiler: jvmci, Barriers: 0, Oops: 0, ImmediateOops: 0, NonImmediateOops: No
[1,220s][debug][gc,nmethod  ] Register NMethod: java.util.zip.ZipFile$Source.checkAndAddEntry (0x000072e47f471388) [0x000072e47f471480, 0x000072e47f473780] Compiler: c1, Barriers: 3, Oops: 7, ImmediateOops: 8, NonImmediateOops: No
[1,220s][debug][gc,nmethod  ] Register NMethod: java.lang.AbstractStringBuilder.ensureCapacityNewCoder (0x000072e47f473808) [0x000072e47f473900, 0x000072e47f473c10] Compiler: c1, Barriers: 0, Oops: 0, ImmediateOops: 0, NonImmediateOops: No
[1,220s][debug][gc,nmethod  ] Register NMethod: java.util.ArrayList.add (0x000072e47f473c88) [0x000072e47f473d80, 0x000072e47f4742f0] Compiler: c1, Barriers: 4, Oops: 0, ImmediateOops: 0, NonImmediateOops: No
[1,220s][debug][gc,nmethod  ] Register NMethod: java.util.ArrayList.add (0x000072e47f474308) [0x000072e47f474400, 0x000072e47f4748c0] Compiler: c1, Barriers: 3, Oops: 0, ImmediateOops: 0, NonImmediateOops: No
[1,221s][debug][gc,nmethod  ] Register NMethod: java.lang.AbstractStringBuilder.isLatin1 (0x000072e47f474908) [0x000072e47f474a00, 0x000072e47f474bc0] Compiler: c1, Barriers: 0, Oops: 0, ImmediateOops: 0, NonImmediateOops: No
[1,221s][debug][gc,nmethod  ] Register NMethod: java.lang.ref.Reference.reachabilityFence (0x000072e47f474c08) [0x000072e47f474d00, 0x000072e47f474de0] Compiler: c1, Barriers: 0, Oops: 0, ImmediateOops: 0, NonImmediateOops: No
[1,221s][debug][gc,nmethod  ] Register NMethod: java.lang.AbstractStringBuilder.<init> (0x000072e47f474f08) [0x000072e47f475000, 0x000072e47f475288] Compiler: c1, Barriers: 3, Oops: 0, ImmediateOops: 0, NonImmediateOops: No
[1,221s][debug][gc,nmethod  ] Register NMethod: java.io.RandomAccessFile.readBytes0 (0x000072e49ebff308) [0x000072e49ebff400, 0x000072e49ebff568] Compiler: , Barriers: 0, Oops: 0, ImmediateOops: 0, NonImmediateOops: No
[1,221s][debug][gc,nmethod  ] Register NMethod: java.lang.String.endsWith (0x000072e47f475308) [0x000072e47f475400, 0x000072e47f476030] Compiler: c1, Barriers: 2, Oops: 0, ImmediateOops: 0, NonImmediateOops: No
[1,221s][debug][gc,nmethod  ] Register NMethod: java.lang.StringBuilder.toString (0x000072e47f476088) [0x000072e47f476180, 0x000072e47f4765b8] Compiler: c1, Barriers: 0, Oops: 0, ImmediateOops: 1, NonImmediateOops: No
[1,221s][debug][gc,nmethod  ] Register NMethod: java.io.RandomAccessFile.seek0 (0x000072e49ebff608) [0x000072e49ebff700, 0x000072e49ebff848] Compiler: , Barriers: 0, Oops: 0, ImmediateOops: 0, NonImmediateOops: No
[1,221s][debug][gc,nmethod  ] Register NMethod: java.lang.String.<init> (0x000072e47f476608) [0x000072e47f476700, 0x000072e47f4770a0] Compiler: c1, Barriers: 10, Oops: 0, ImmediateOops: 0, NonImmediateOops: No
[1,221s][debug][gc,nmethod  ] Register NMethod: java.io.UnixFileSystem.prefixLength (0x000072e47f477108) [0x000072e47f477200, 0x000072e47f477798] Compiler: c1, Barriers: 0, Oops: 1, ImmediateOops: 1, NonImmediateOops: No
[1,221s][debug][gc,nmethod  ] Register NMethod: jdk.internal.util.ArraysSupport.newLength (0x000072e47f477808) [0x000072e47f477900, 0x000072e47f477b38] Compiler: c1, Barriers: 0, Oops: 0, ImmediateOops: 0, NonImmediateOops: No
[1,222s][debug][gc,nmethod  ] Register NMethod: java.lang.StringCoding.countPositives (0x000072e49ebff908) [0x000072e49ebffa00, 0x000072e49ebffc68] Compiler: jvmci, Barriers: 0, Oops: 0, ImmediateOops: 0, NonImmediateOops: No
[1,222s][debug][gc,nmethod  ] Register NMethod: java.lang.StringBuilder.<init> (0x000072e47f477b88) [0x000072e47f477c80, 0x000072e47f477db8] Compiler: c1, Barriers: 0, Oops: 0, ImmediateOops: 0, NonImmediateOops: No
[1,223s][debug][gc,nmethod  ] Register NMethod: java.util.zip.ZipFile$Source.getEntryHash (0x000072e47f477e88) [0x000072e47f477f80, 0x000072e47f4780d8] Compiler: c1, Barriers: 1, Oops: 0, ImmediateOops: 0, NonImmediateOops: No
[1,223s][debug][gc,nmethod  ] Register NMethod: java.util.zip.ZipUtils.get16 (0x000072e49ebffc88) [0x000072e49ebffd80, 0x000072e49ebffe58] Compiler: jvmci, Barriers: 0, Oops: 0, ImmediateOops: 0, NonImmediateOops: No
[1,223s][debug][gc,nmethod  ] Register NMethod: java.util.Objects.checkFromIndexSize (0x000072e47f478188) [0x000072e47f478280, 0x000072e47f478478] Compiler: c1, Barriers: 0, Oops: 0, ImmediateOops: 0, NonImmediateOops: No
[1,223s][debug][gc,nmethod  ] Register NMethod: java.util.Objects.checkIndex (0x000072e47f478488) [0x000072e47f478580, 0x000072e47f4786b0] Compiler: c1, Barriers: 0, Oops: 0, ImmediateOops: 0, NonImmediateOops: No
[1,223s][debug][gc,nmethod  ] Register NMethod: java.util.ArrayList.elementData (0x000072e47f478788) [0x000072e47f478880, 0x000072e47f478a10] Compiler: c1, Barriers: 2, Oops: 0, ImmediateOops: 0, NonImmediateOops: No
[1,223s][debug][gc,nmethod  ] Register NMethod: java.util.zip.ZipFile$Source.getEntryNext (0x000072e47f478a88) [0x000072e47f478b80, 0x000072e47f478cd8] Compiler: c1, Barriers: 1, Oops: 0, ImmediateOops: 0, NonImmediateOops: No
[1,223s][debug][gc,nmethod  ] Register NMethod: java.util.ArrayList.get (0x000072e47f478d88) [0x000072e47f478e80, 0x000072e47f479128] Compiler: c1, Barriers: 2, Oops: 0, ImmediateOops: 0, NonImmediateOops: No
[1,223s][debug][gc,nmethod  ] Register NMethod: java.util.zip.ZipFile.ensureOpen (0x000072e47f479188) [0x000072e47f479280, 0x000072e47f479550] Compiler: c1, Barriers: 2, Oops: 0, ImmediateOops: 2, NonImmediateOops: No
[1,223s][debug][gc,nmethod  ] Register NMethod: java.io.UnixFileSystem.getBooleanAttributes0 (0x000072e49ebfff88) [0x000072e49ec00080, 0x000072e49ec001e8] Compiler: , Barriers: 0, Oops: 0, ImmediateOops: 0, NonImmediateOops: No
[1,223s][debug][gc,nmethod  ] Register NMethod: jdk.internal.misc.Unsafe.getIntUnaligned (0x000072e49ec00288) [0x000072e49ec00380, 0x000072e49ec00440] Compiler: jvmci, Barriers: 0, Oops: 0, ImmediateOops: 0, NonImmediateOops: No
[1,224s][debug][gc,nmethod  ] Register NMethod: java.lang.StringLatin1.indexOfChar (0x000072e49ec00588) [0x000072e49ec00680, 0x000072e49ec008d8] Compiler: jvmci, Barriers: 0, Oops: 0, ImmediateOops: 0, NonImmediateOops: No
[1,224s][debug][gc,nmethod  ] Register NMethod: java.lang.ref.Cleaner$1.apply (0x000072e47f479588) [0x000072e47f479680, 0x000072e47f4797b0] Compiler: c1, Barriers: 1, Oops: 0, ImmediateOops: 0, NonImmediateOops: No
[1,224s][debug][gc,nmethod  ] Register NMethod: jdk.internal.ref.CleanerImpl.getCleanerImpl (0x000072e47f479888) [0x000072e47f479980, 0x000072e47f479eb8] Compiler: c1, Barriers: 1, Oops: 0, ImmediateOops: 1, NonImmediateOops: No
[1,224s][debug][gc,nmethod  ] Register NMethod: java.lang.ref.Cleaner$1.apply (0x000072e47f479f08) [0x000072e47f47a000, 0x000072e47f47a3b0] Compiler: c1, Barriers: 1, Oops: 0, ImmediateOops: 0, NonImmediateOops: No
[1,224s][debug][gc,nmethod  ] Register NMethod: java.net.URL.getFile (0x000072e49ec00908) [0x000072e49ec00a00, 0x000072e49ec00ae8] Compiler: c1, Barriers: 1, Oops: 0, ImmediateOops: 0, NonImmediateOops: No
[1,224s][debug][gc,nmethod  ] Register NMethod: java.io.File.isInvalid (0x000072e47f47a408) [0x000072e47f47a500, 0x000072e47f47aab0] Compiler: c1, Barriers: 5, Oops: 0, ImmediateOops: 4, NonImmediateOops: No
[1,224s][debug][gc,nmethod  ] Register NMethod: java.lang.Class.getComponentType (0x000072e49ec00c08) [0x000072e49ec00d00, 0x000072e49ec00de8] Compiler: c1, Barriers: 1, Oops: 0, ImmediateOops: 0, NonImmediateOops: No
[1,224s][debug][gc,nmethod  ] Register NMethod: java.lang.ref.Reference.refersTo0 (0x000072e49ec00f08) [0x000072e49ec01000, 0x000072e49ec01170] Compiler: , Barriers: 0, Oops: 0, ImmediateOops: 0, NonImmediateOops: No
[1,225s][debug][gc,nmethod  ] Register NMethod: java.lang.invoke.MethodHandleNatives.resolve (0x000072e49ec01208) [0x000072e49ec01300, 0x000072e49ec01650] Compiler: , Barriers: 0, Oops: 0, ImmediateOops: 1, NonImmediateOops: No
[1,225s][debug][gc,nmethod  ] Register NMethod: java.lang.ref.WeakReference.<init> (0x000072e47f47ab08) [0x000072e47f47ac00, 0x000072e47f47aef0] Compiler: c1, Barriers: 6, Oops: 0, ImmediateOops: 1, NonImmediateOops: No
[1,225s][debug][gc,nmethod  ] Register NMethod: java.lang.invoke.MethodHandle.linkToStatic (0x000072e49ec01688) [0x000072e49ec01780, 0x000072e49ec01870] Compiler: , Barriers: 0, Oops: 0, ImmediateOops: 0, NonImmediateOops: No
[1,225s][debug][gc,nmethod  ] Register NMethod: java.lang.invoke.MethodHandles$Lookup.lookupClass (0x000072e49ec01988) [0x000072e49ec01a80, 0x000072e49ec01b68] Compiler: c1, Barriers: 1, Oops: 0, ImmediateOops: 0, NonImmediateOops: No
[1,225s][debug][gc,nmethod  ] Register NMethod: java.lang.invoke.MethodTypeForm.erasedType (0x000072e49ec01c88) [0x000072e49ec01d80, 0x000072e49ec01e68] Compiler: c1, Barriers: 1, Oops: 0, ImmediateOops: 0, NonImmediateOops: No
[1,225s][debug][gc,nmethod  ] Register NMethod: java.lang.invoke.MemberName.getReferenceKind (0x000072e47f47af08) [0x000072e47f47b000, 0x000072e47f47b110] Compiler: c1, Barriers: 0, Oops: 0, ImmediateOops: 0, NonImmediateOops: No
[1,225s][debug][gc,nmethod  ] Register NMethod: java.lang.invoke.MethodHandle.invokeBasic (0x000072e49ec01f88) [0x000072e49ec02080, 0x000072e49ec02318] Compiler: , Barriers: 0, Oops: 0, ImmediateOops: 0, NonImmediateOops: No
[1,225s][debug][gc,nmethod  ] Register NMethod: java.lang.Class.isAssignableFrom (0x000072e49ec02388) [0x000072e49ec02480, 0x000072e49ec025f0] Compiler: , Barriers: 0, Oops: 0, ImmediateOops: 0, NonImmediateOops: No
[1,226s][debug][gc,nmethod  ] Register NMethod: jdk.internal.classfile.impl.AbstractPoolEntry.hash2 (0x000072e47f47b208) [0x000072e47f47b300, 0x000072e47f47b400] Compiler: c1, Barriers: 0, Oops: 0, ImmediateOops: 0, NonImmediateOops: No
[1,226s][debug][gc,director ] Rule Major: Warmup 10%, Used: 18MB, UsedThreshold: 1228MB
[1,226s][debug][gc,nmethod  ] Register NMethod: java.util.Arrays.copyOf (0x000072e47f47b508) [0x000072e47f47b600, 0x000072e47f47be80] Compiler: c1, Barriers: 1, Oops: 0, ImmediateOops: 1, NonImmediateOops: No
[1,226s][debug][gc,nmethod  ] Register NMethod: java.lang.invoke.MethodHandle.type (0x000072e49ec02688) [0x000072e49ec02780, 0x000072e49ec02868] Compiler: c1, Barriers: 1, Oops: 0, ImmediateOops: 0, NonImmediateOops: No
[1,226s][debug][gc,nmethod  ] Register NMethod: jdk.internal.classfile.impl.AbstractPoolEntry.hashCode (0x000072e49ec02988) [0x000072e49ec02a80, 0x000072e49ec02b40] Compiler: c1, Barriers: 0, Oops: 0, ImmediateOops: 0, NonImmediateOops: No
[1,226s][debug][gc,nmethod  ] Register NMethod: jdk.internal.classfile.impl.RawBytecodeHelper.isStoreIntoLocal (0x000072e47f47be88) [0x000072e47f47bf80, 0x000072e47f47c0d8] Compiler: c1, Barriers: 0, Oops: 0, ImmediateOops: 0, NonImmediateOops: No
[1,227s][debug][gc,nmethod  ] Register NMethod: java.lang.AbstractStringBuilder.newCapacity (0x000072e47f47c188) [0x000072e47f47c280, 0x000072e47f47c618] Compiler: c1, Barriers: 0, Oops: 0, ImmediateOops: 1, NonImmediateOops: No
[1,227s][debug][gc,nmethod  ] Register NMethod: java.lang.System.nanoTime (0x000072e49ec02c88) [0x000072e49ec02d80, 0x000072e49ec02ed8] Compiler: , Barriers: 0, Oops: 0, ImmediateOops: 1, NonImmediateOops: No
[1,227s][debug][gc,nmethod  ] Register NMethod: java.util.zip.ZipUtils.get32 (0x000072e49ec02f88) [0x000072e49ec03080, 0x000072e49ec03150] Compiler: jvmci, Barriers: 0, Oops: 0, ImmediateOops: 0, NonImmediateOops: No
[1,228s][debug][gc,nmethod  ] Register NMethod: java.io.RandomAccessFile.read (0x000072e47f47c688) [0x000072e47f47c780, 0x000072e47f47ca38] Compiler: c1, Barriers: 0, Oops: 0, ImmediateOops: 1, NonImmediateOops: No
[1,228s][debug][gc,nmethod  ] Register NMethod: java.io.RandomAccessFile.readBytes (0x000072e47f47ca88) [0x000072e47f47cb80, 0x000072e47f47cdd8] Compiler: c1, Barriers: 0, Oops: 0, ImmediateOops: 1, NonImmediateOops: No
[1,228s][debug][gc,nmethod  ] Register NMethod: java.lang.StringCoding.countPositives (0x000072e49ec03288) [0x000072e49ec03380, 0x000072e49ec03708] Compiler: jvmci, Barriers: 0, Oops: 0, ImmediateOops: 0, NonImmediateOops: No
[1,229s][debug][gc,nmethod  ] Register NMethod: java.lang.ClassLoader.findLoadedClass0 (0x000072e49ec03788) [0x000072e49ec03880, 0x000072e49ec03bb0] Compiler: , Barriers: 0, Oops: 0, ImmediateOops: 0, NonImmediateOops: No
[1,229s][debug][gc,nmethod  ] Register NMethod: java.security.ProtectionDomain.getCodeSource (0x000072e49ec03c08) [0x000072e49ec03d00, 0x000072e49ec03de8] Compiler: c1, Barriers: 1, Oops: 0, ImmediateOops: 0, NonImmediateOops: No
[1,229s][debug][gc,nmethod  ] Register NMethod: java.lang.ClassLoader.checkName (0x000072e47f47ce08) [0x000072e47f47cf00, 0x000072e47f47dc48] Compiler: c1, Barriers: 3, Oops: 1, ImmediateOops: 1, NonImmediateOops: No
[1,229s][debug][gc,nmethod  ] Register NMethod: jdk.internal.loader.URLClassPath$JarLoader.ensureOpen (0x000072e47f47dc88) [0x000072e47f47dd80, 0x000072e47f47dfe8] Compiler: c1, Barriers: 5, Oops: 0, ImmediateOops: 0, NonImmediateOops: No
[1,230s][debug][gc,nmethod  ] Register NMethod: java.util.jar.JarFile.checkForSpecialAttributes (0x000072e47f47e008) [0x000072e47f47e100, 0x000072e47f47f668] Compiler: c1, Barriers: 10, Oops: 1, ImmediateOops: 8, NonImmediateOops: No
[1,230s][debug][gc,nmethod  ] Register NMethod: java.io.RandomAccessFile.seek (0x000072e47f47f688) [0x000072e47f47f780, 0x000072e47f47f9c8] Compiler: c1, Barriers: 0, Oops: 0, ImmediateOops: 1, NonImmediateOops: No
[1,230s][debug][gc,nmethod  ] Register NMethod: java.lang.Integer.intValue (0x000072e49ec03f08) [0x000072e49ec04000, 0x000072e49ec040c0] Compiler: c1, Barriers: 0, Oops: 0, ImmediateOops: 0, NonImmediateOops: No
[1,230s][debug][gc,nmethod  ] Register NMethod: java.util.zip.ZipFile$Source.getEntryPos (0x000072e47f47fa08) [0x000072e47f47fb00, 0x000072e47f4817a8] Compiler: c1, Barriers: 12, Oops: 1, ImmediateOops: 3, NonImmediateOops: No
[1,230s][debug][gc,nmethod  ] Register NMethod: java.util.HashMap.putVal (0x000072e47f481808) [0x000072e47f481900, 0x000072e47f483c90] Compiler: c1, Barriers: 15, Oops: 0, ImmediateOops: 0, NonImmediateOops: No
[1,231s][debug][gc,nmethod  ] Register NMethod: java.util.jar.JarFile.checkForSpecialAttributes (0x000072e47f47e008) [0x000072e47f47e100, 0x000072e47f47f668] Compiler: c1, Barriers: 10, Oops: 1, ImmediateOops: 8, NonImmediateOops: No
[1,231s][debug][gc,nmethod  ] Register NMethod: java.util.jar.JarFile.checkForSpecialAttributes (0x000072e47f47e008) [0x000072e47f47e100, 0x000072e47f47f668] Compiler: c1, Barriers: 10, Oops: 1, ImmediateOops: 8, NonImmediateOops: No
[1,231s][debug][gc,nmethod  ] Register NMethod: java.util.jar.JarFile.checkForSpecialAttributes (0x000072e47f47e008) [0x000072e47f47e100, 0x000072e47f47f668] Compiler: c1, Barriers: 10, Oops: 1, ImmediateOops: 8, NonImmediateOops: No
[1,231s][debug][gc,nmethod  ] Register NMethod: java.util.jar.JarFile.isMultiRelease (0x000072e47f483d08) [0x000072e47f483e00, 0x000072e47f483ff8] Compiler: c1, Barriers: 0, Oops: 0, ImmediateOops: 0, NonImmediateOops: No
[1,231s][debug][gc,nmethod  ] Register NMethod: java.util.LinkedHashMap.removeEldestEntry (0x000072e49ec04208) [0x000072e49ec04300, 0x000072e49ec043c0] Compiler: c1, Barriers: 0, Oops: 0, ImmediateOops: 0, NonImmediateOops: No
[1,231s][debug][gc,nmethod  ] Register NMethod: java.util.jar.Attributes$Name.hashCode (0x000072e49ec04508) [0x000072e49ec04600, 0x000072e49ec046c0] Compiler: c1, Barriers: 0, Oops: 0, ImmediateOops: 0, NonImmediateOops: No
[1,232s][debug][gc,nmethod  ] Register NMethod: java.util.jar.Manifest$FastInputStream.readLine (0x000072e47f484008) [0x000072e47f484100, 0x000072e47f484958] Compiler: c1, Barriers: 1, Oops: 0, ImmediateOops: 0, NonImmediateOops: No
[1,232s][debug][gc,nmethod  ] Register NMethod: jdk.internal.misc.Unsafe.putLong (0x000072e49ec04808) [0x000072e49ec04900, 0x000072e49ec04a58] Compiler: , Barriers: 0, Oops: 0, ImmediateOops: 0, NonImmediateOops: No
[1,232s][debug][gc,nmethod  ] Register NMethod: java.util.zip.ZipFile.getEntry (0x000072e47f484988) [0x000072e47f484a80, 0x000072e47f485048] Compiler: c1, Barriers: 4, Oops: 1, ImmediateOops: 1, NonImmediateOops: No
[1,232s][debug][gc,nmethod  ] Register NMethod: java.util.zip.ZipCoder.hash (0x000072e47f485088) [0x000072e47f485180, 0x000072e47f485fb8] Compiler: c1, Barriers: 1, Oops: 1, ImmediateOops: 1, NonImmediateOops: No
[1,232s][debug][gc,nmethod  ] Register NMethod: java.nio.Buffer.session (0x000072e47f486008) [0x000072e47f486100, 0x000072e47f486508] Compiler: c1, Barriers: 1, Oops: 0, ImmediateOops: 0, NonImmediateOops: No
[1,232s][debug][gc,nmethod  ] Register NMethod: java.nio.DirectLongBufferU.ix (0x000072e47f486588) [0x000072e47f486680, 0x000072e47f486790] Compiler: c1, Barriers: 0, Oops: 0, ImmediateOops: 0, NonImmediateOops: No
[1,232s][debug][gc,nmethod  ] Register NMethod: java.nio.Buffer.checkIndex (0x000072e47f486888) [0x000072e47f486980, 0x000072e47f486ad0] Compiler: c1, Barriers: 0, Oops: 1, ImmediateOops: 1, NonImmediateOops: No
[1,233s][debug][gc,nmethod  ] Register NMethod: java.util.jar.JarFile.getJarEntry (0x000072e47f486b88) [0x000072e47f486c80, 0x000072e47f487528] Compiler: c1, Barriers: 0, Oops: 0, ImmediateOops: 0, NonImmediateOops: No
[1,233s][debug][gc,nmethod  ] Register NMethod: jdk.internal.loader.URLClassPath$JarLoader.getResource (0x000072e47f487588) [0x000072e47f487680, 0x000072e47f487c60] Compiler: c1, Barriers: 1, Oops: 0, ImmediateOops: 0, NonImmediateOops: No
[1,233s][debug][gc,nmethod  ] Register NMethod: java.util.jar.JarFile.getEntry (0x000072e47f487c88) [0x000072e47f487d80, 0x000072e47f4884c8] Compiler: c1, Barriers: 0, Oops: 0, ImmediateOops: 0, NonImmediateOops: No
[1,233s][debug][gc,nmethod  ] Register NMethod: jdk.internal.loader.URLClassPath.getLoader (0x000072e47f488508) [0x000072e47f488600, 0x000072e47f48a4c8] Compiler: c1, Barriers: 12, Oops: 0, ImmediateOops: 0, NonImmediateOops: No
[1,234s][debug][gc,nmethod  ] Register NMethod: java.util.WeakHashMap.maskNull (0x000072e47f48a508) [0x000072e47f48a600, 0x000072e47f48a728] Compiler: c1, Barriers: 0, Oops: 0, ImmediateOops: 1, NonImmediateOops: No
[1,234s][debug][gc,nmethod  ] Register NMethod: java.util.WeakHashMap.getTable (0x000072e47f48a808) [0x000072e47f48a900, 0x000072e47f48aa78] Compiler: c1, Barriers: 1, Oops: 0, ImmediateOops: 0, NonImmediateOops: No
[1,234s][debug][gc,nmethod  ] Register NMethod: java.util.WeakHashMap.hash (0x000072e47f48ab08) [0x000072e47f48ac00, 0x000072e47f48af28] Compiler: c1, Barriers: 0, Oops: 0, ImmediateOops: 0, NonImmediateOops: No
[1,234s][debug][gc,nmethod  ] Register NMethod: java.util.WeakHashMap.indexFor (0x000072e47f48af88) [0x000072e47f48b080, 0x000072e47f48b168] Compiler: c1, Barriers: 0, Oops: 0, ImmediateOops: 0, NonImmediateOops: No
[1,234s][debug][gc,nmethod  ] Register NMethod: java.util.WeakHashMap.expungeStaleEntries (0x000072e47f48b288) [0x000072e47f48b380, 0x000072e47f48c118] Compiler: c1, Barriers: 14, Oops: 0, ImmediateOops: 0, NonImmediateOops: No
[1,234s][debug][gc,nmethod  ] Register NMethod: java.lang.Class.getModule (0x000072e49ec04b08) [0x000072e49ec04c00, 0x000072e49ec04ce8] Compiler: c1, Barriers: 1, Oops: 0, ImmediateOops: 0, NonImmediateOops: No
[1,234s][debug][gc,nmethod  ] Register NMethod: java.lang.Class.getPackageName (0x000072e47f48c188) [0x000072e47f48c280, 0x000072e47f48e488] Compiler: c1, Barriers: 8, Oops: 0, ImmediateOops: 2, NonImmediateOops: No
[1,236s][debug][gc,nmethod  ] Register NMethod: java.util.zip.Inflater.inflateBytesBytes (0x000072e49ec04e08) [0x000072e49ec04f00, 0x000072e49ec05098] Compiler: , Barriers: 0, Oops: 0, ImmediateOops: 0, NonImmediateOops: No
[1,236s][debug][gc,director ] Rule Major: Warmup 10%, Used: 20MB, UsedThreshold: 1228MB
[1,236s][debug][gc,nmethod  ] Register NMethod: java.lang.ClassLoader.findBootstrapClass (0x000072e49ec05108) [0x000072e49ec05200, 0x000072e49ec05538] Compiler: , Barriers: 0, Oops: 0, ImmediateOops: 1, NonImmediateOops: No
[1,237s][debug][gc,nmethod  ] Register NMethod: java.security.CodeSource.getLocationNoFragString (0x000072e49ec05588) [0x000072e49ec05680, 0x000072e49ec05768] Compiler: c1, Barriers: 1, Oops: 0, ImmediateOops: 0, NonImmediateOops: No
[1,238s][debug][gc,nmethod  ] Register NMethod: jdk.internal.classfile.impl.StackMapGenerator.processBlock (0x000072e47f48e508) [0x000072e47f48e600, 0x000072e47f4bd8c8] Compiler: c1, Barriers: 287, Oops: 4, ImmediateOops: 158, NonImmediateOops: No
[1,238s][debug][gc,nmethod  ] Register NMethod: java.lang.Module.getDescriptor (0x000072e49ec05888) [0x000072e49ec05980, 0x000072e49ec05a68] Compiler: c1, Barriers: 1, Oops: 0, ImmediateOops: 0, NonImmediateOops: No
[1,238s][debug][gc,nmethod  ] Register NMethod: java.util.concurrent.CopyOnWriteArrayList.setArray (0x000072e49ec05b88) [0x000072e49ec05c80, 0x000072e49ec05db0] Compiler: c1, Barriers: 3, Oops: 0, ImmediateOops: 0, NonImmediateOops: No
[1,238s][debug][gc,nmethod  ] Register NMethod: java.lang.module.ModuleDescriptor$Provides.providers (0x000072e49ec05e88) [0x000072e49ec05f80, 0x000072e49ec06068] Compiler: c1, Barriers: 1, Oops: 0, ImmediateOops: 0, NonImmediateOops: No
[1,238s][debug][gc,nmethod  ] Register NMethod: java.lang.Class.initClassName (0x000072e49ec06188) [0x000072e49ec06280, 0x000072e49ec065a0] Compiler: , Barriers: 0, Oops: 0, ImmediateOops: 0, NonImmediateOops: No
[1,238s][debug][gc,nmethod  ] Register NMethod: java.lang.StringBuilder.append (0x000072e47f4bd908) [0x000072e47f4bda00, 0x000072e47f4bdb48] Compiler: c1, Barriers: 0, Oops: 0, ImmediateOops: 0, NonImmediateOops: No
[1,238s][debug][gc,nmethod  ] Register NMethod: java.lang.StringLatin1.coderFromChar (0x000072e47f4bdc08) [0x000072e47f4bdd00, 0x000072e47f4bddf0] Compiler: c1, Barriers: 0, Oops: 0, ImmediateOops: 0, NonImmediateOops: No
[1,239s][debug][gc,nmethod  ] Register NMethod: java.lang.AbstractStringBuilder.append (0x000072e47f4bdf08) [0x000072e47f4be000, 0x000072e47f4be4b8] Compiler: c1, Barriers: 4, Oops: 0, ImmediateOops: 0, NonImmediateOops: No
[1,240s][debug][gc,nmethod  ] Register NMethod: java.nio.DirectByteBuffer.ix (0x000072e47f4be508) [0x000072e47f4be600, 0x000072e47f4be708] Compiler: c1, Barriers: 0, Oops: 0, ImmediateOops: 0, NonImmediateOops: No
[1,240s][debug][gc,nmethod  ] Register NMethod: jdk.internal.misc.ScopedMemoryAccess.getByteInternal (0x000072e47f4be808) [0x000072e47f4be900, 0x000072e47f4beb50] Compiler: c1, Barriers: 0, Oops: 0, ImmediateOops: 0, NonImmediateOops: No
[1,240s][debug][gc,nmethod  ] Register NMethod: jdk.internal.misc.ScopedMemoryAccess.getByte (0x000072e47f4beb88) [0x000072e47f4bec80, 0x000072e47f4bef98] Compiler: c1, Barriers: 0, Oops: 0, ImmediateOops: 0, NonImmediateOops: No
[1,240s][debug][gc,nmethod  ] Register NMethod: java.nio.DirectByteBuffer.get (0x000072e47f4bf008) [0x000072e47f4bf100, 0x000072e47f4bff00] Compiler: c1, Barriers: 1, Oops: 2, ImmediateOops: 2, NonImmediateOops: No
[1,240s][debug][gc,nmethod  ] Register NMethod: java.lang.ref.Reference.reachabilityFence (0x000072e49ec06608) [0x000072e49ec06700, 0x000072e49ec06760] Compiler: jvmci, Barriers: 0, Oops: 0, ImmediateOops: 0, NonImmediateOops: No
[1,241s][debug][gc,nmethod  ] Register NMethod: java.util.concurrent.ConcurrentHashMap.tabAt (0x000072e49ec06908) [0x000072e49ec06a00, 0x000072e49ec06a98] Compiler: jvmci, Barriers: 1, Oops: 0, ImmediateOops: 0, NonImmediateOops: No
[1,241s][debug][gc,nmethod  ] Register NMethod: java.lang.invoke.LambdaForm$Name.<init> (0x000072e47f4bff88) [0x000072e47f4c0080, 0x000072e47f4c03e8] Compiler: c1, Barriers: 12, Oops: 0, ImmediateOops: 0, NonImmediateOops: No
[1,241s][debug][gc,nmethod  ] Register NMethod: jdk.internal.constant.MethodTypeDescImpl.parameterCount (0x000072e47f4c0408) [0x000072e47f4c0500, 0x000072e47f4c0638] Compiler: c1, Barriers: 1, Oops: 0, ImmediateOops: 0, NonImmediateOops: No
[1,242s][debug][gc,nmethod  ] Register NMethod: java.lang.Class.desiredAssertionStatus0 (0x000072e49ec06c08) [0x000072e49ec06d00, 0x000072e49ec06e70] Compiler: , Barriers: 0, Oops: 0, ImmediateOops: 1, NonImmediateOops: No
[1,244s][debug][gc,nmethod  ] Register NMethod: java.io.RandomAccessFile.readFully (0x000072e47f4c0708) [0x000072e47f4c0800, 0x000072e47f4c0cd8] Compiler: c1, Barriers: 0, Oops: 0, ImmediateOops: 1, NonImmediateOops: No
[1,245s][debug][gc,nmethod  ] Register NMethod: jdk.internal.misc.Unsafe.compareAndSetInt (0x000072e49ec06f08) [0x000072e49ec07000, 0x000072e49ec07170] Compiler: , Barriers: 0, Oops: 0, ImmediateOops: 0, NonImmediateOops: No
[1,245s][debug][gc,nmethod  ] Register NMethod: java.util.jar.JarFile.getJarEntry (0x000072e47f4c0d08) [0x000072e47f4c0e00, 0x000072e47f4c1300] Compiler: c1, Barriers: 0, Oops: 0, ImmediateOops: 0, NonImmediateOops: No
[1,245s][debug][gc,nmethod  ] Register NMethod: java.net.URL.getRef (0x000072e49ec07208) [0x000072e49ec07300, 0x000072e49ec073e8] Compiler: c1, Barriers: 1, Oops: 0, ImmediateOops: 0, NonImmediateOops: No
[1,245s][debug][gc,nmethod  ] Register NMethod: jdk.internal.loader.URLClassPath$JarLoader.getResource (0x000072e47f4c1308) [0x000072e47f4c1400, 0x000072e47f4c1d30] Compiler: c1, Barriers: 1, Oops: 0, ImmediateOops: 0, NonImmediateOops: No
[1,245s][debug][gc,nmethod  ] Register NMethod: java.util.jar.JarFile.getEntry (0x000072e47f4c1d88) [0x000072e47f4c1e80, 0x000072e47f4c25c8] Compiler: c1, Barriers: 0, Oops: 0, ImmediateOops: 0, NonImmediateOops: No
[1,245s][debug][gc,nmethod  ] Register NMethod: java.net.URL.getPath (0x000072e49ec07508) [0x000072e49ec07600, 0x000072e49ec076e8] Compiler: c1, Barriers: 1, Oops: 0, ImmediateOops: 0, NonImmediateOops: No
[1,245s][debug][gc,nmethod  ] Register NMethod: java.lang.CharacterDataLatin1.equalsIgnoreCase (0x000072e47f4c2608) [0x000072e47f4c2700, 0x000072e47f4c2998] Compiler: c1, Barriers: 0, Oops: 0, ImmediateOops: 0, NonImmediateOops: No
[1,245s][debug][gc,nmethod  ] Register NMethod: java.lang.StringLatin1.indexOf (0x000072e47f4c2a08) [0x000072e47f4c2b00, 0x000072e47f4c2d40] Compiler: c1, Barriers: 0, Oops: 0, ImmediateOops: 0, NonImmediateOops: No
[1,245s][debug][gc,nmethod  ] Register NMethod: java.net.URL.getPort (0x000072e49ec07808) [0x000072e49ec07900, 0x000072e49ec079c0] Compiler: c1, Barriers: 0, Oops: 0, ImmediateOops: 0, NonImmediateOops: No
[1,245s][debug][gc,nmethod  ] Register NMethod: jdk.internal.util.ArraysSupport.hashCodeOfUnsigned (0x000072e49ec07b08) [0x000072e49ec07c00, 0x000072e49ec07d30] Compiler: jvmci, Barriers: 0, Oops: 0, ImmediateOops: 0, NonImmediateOops: No
[1,245s][debug][gc,nmethod  ] Register NMethod: java.net.URL.getQuery (0x000072e49ec07e08) [0x000072e49ec07f00, 0x000072e49ec07fe8] Compiler: c1, Barriers: 1, Oops: 0, ImmediateOops: 0, NonImmediateOops: No
[1,245s][debug][gc,nmethod  ] Register NMethod: java.net.URL.getAuthority (0x000072e49ec08108) [0x000072e49ec08200, 0x000072e49ec082e8] Compiler: c1, Barriers: 1, Oops: 0, ImmediateOops: 0, NonImmediateOops: No
[1,246s][debug][gc,nmethod  ] Register NMethod: java.util.zip.Inflater.ensureOpen (0x000072e47f4c2d88) [0x000072e47f4c2e80, 0x000072e47f4c3108] Compiler: c1, Barriers: 1, Oops: 0, ImmediateOops: 1, NonImmediateOops: No
[1,246s][debug][gc,director ] Rule Major: Warmup 10%, Used: 20MB, UsedThreshold: 1228MB
[1,246s][debug][gc,nmethod  ] Register NMethod: java.lang.StringLatin1.regionMatchesCI (0x000072e47f4c3188) [0x000072e47f4c3280, 0x000072e47f4c3520] Compiler: c1, Barriers: 0, Oops: 0, ImmediateOops: 0, NonImmediateOops: No
[1,246s][debug][gc,nmethod  ] Register NMethod: java.util.jar.JarFile.checkForSpecialAttributes (0x000072e47f4c3588) [0x000072e47f4c3680, 0x000072e47f4c4c60] Compiler: c1, Barriers: 13, Oops: 1, ImmediateOops: 8, NonImmediateOops: No
[1,246s][debug][gc,nmethod  ] Register NMethod: java.util.zip.ZipFile$Source.readFullyAt (0x000072e47f4c4c88) [0x000072e47f4c4d80, 0x000072e47f4c5618] Compiler: c1, Barriers: 3, Oops: 0, ImmediateOops: 1, NonImmediateOops: No
[1,246s][debug][gc,nmethod  ] Register NMethod: java.lang.String.regionMatches (0x000072e47f4c5688) [0x000072e47f4c5780, 0x000072e47f4c6b78] Compiler: c1, Barriers: 2, Oops: 0, ImmediateOops: 0, NonImmediateOops: No
[1,247s][debug][gc,nmethod  ] Register NMethod: java.lang.ClassLoader.findLoadedClass (0x000072e47f4c6b88) [0x000072e47f4c6c80, 0x000072e47f4c6e50] Compiler: c1, Barriers: 0, Oops: 0, ImmediateOops: 0, NonImmediateOops: No
[1,247s][debug][gc,nmethod  ] Register NMethod: java.lang.ClassLoader.getClassLoadingLock (0x000072e47f4c6e88) [0x000072e47f4c6f80, 0x000072e47f4c7450] Compiler: c1, Barriers: 1, Oops: 0, ImmediateOops: 0, NonImmediateOops: No
[1,247s][debug][gc,nmethod  ] Register NMethod: java.security.CodeSource.getLocation (0x000072e49ec08408) [0x000072e49ec08500, 0x000072e49ec085e8] Compiler: c1, Barriers: 1, Oops: 0, ImmediateOops: 0, NonImmediateOops: No
[1,247s][debug][gc,nmethod  ] Register NMethod: java.util.ArrayDeque.addLast (0x000072e47f4c7488) [0x000072e47f4c7580, 0x000072e47f4c7b60] Compiler: c1, Barriers: 4, Oops: 0, ImmediateOops: 0, NonImmediateOops: No
[1,247s][debug][gc,nmethod  ] Register NMethod: jdk.internal.perf.PerfCounter.add (0x000072e47f4c7b88) [0x000072e47f4c7c80, 0x000072e47f4c81e0] Compiler: c1, Barriers: 2, Oops: 0, ImmediateOops: 0, NonImmediateOops: No
[1,247s][debug][gc,nmethod  ] Register NMethod: jdk.internal.perf.PerfCounter.get (0x000072e47f4c8208) [0x000072e47f4c8300, 0x000072e47f4c85e0] Compiler: c1, Barriers: 1, Oops: 0, ImmediateOops: 0, NonImmediateOops: No
[1,247s][debug][gc,nmethod  ] Register NMethod: jdk.internal.misc.ScopedMemoryAccess.getLong (0x000072e47f4c8608) [0x000072e47f4c8700, 0x000072e47f4c8a10] Compiler: c1, Barriers: 0, Oops: 0, ImmediateOops: 0, NonImmediateOops: No
[1,247s][debug][gc,nmethod  ] Register NMethod: jdk.internal.misc.ScopedMemoryAccess.getLongInternal (0x000072e47f4c8a88) [0x000072e47f4c8b80, 0x000072e47f4c8dd0] Compiler: c1, Barriers: 0, Oops: 0, ImmediateOops: 0, NonImmediateOops: No
[1,247s][debug][gc,nmethod  ] Register NMethod: java.nio.DirectLongBufferU.get (0x000072e47f4c8e08) [0x000072e47f4c8f00, 0x000072e47f4c9cf0] Compiler: c1, Barriers: 1, Oops: 2, ImmediateOops: 2, NonImmediateOops: No
[1,248s][debug][gc,nmethod  ] Register NMethod: jdk.internal.misc.ScopedMemoryAccess.putLong (0x000072e47f4c9d08) [0x000072e47f4c9e00, 0x000072e47f4ca150] Compiler: c1, Barriers: 0, Oops: 0, ImmediateOops: 0, NonImmediateOops: No
[1,248s][debug][gc,nmethod  ] Register NMethod: java.nio.DirectLongBufferU.put (0x000072e47f4ca188) [0x000072e47f4ca280, 0x000072e47f4cb0c0] Compiler: c1, Barriers: 1, Oops: 2, ImmediateOops: 2, NonImmediateOops: No
[1,248s][debug][gc,nmethod  ] Register NMethod: jdk.internal.misc.ScopedMemoryAccess.putLongInternal (0x000072e47f4cb108) [0x000072e47f4cb200, 0x000072e47f4cb460] Compiler: c1, Barriers: 0, Oops: 0, ImmediateOops: 0, NonImmediateOops: No
[1,248s][debug][gc,nmethod  ] Register NMethod: jdk.internal.misc.Unsafe.putReferenceRelease (0x000072e49ec08708) [0x000072e49ec08800, 0x000072e49ec088f0] Compiler: jvmci, Barriers: 3, Oops: 0, ImmediateOops: 0, NonImmediateOops: No
[1,248s][debug][gc,nmethod  ] Register NMethod: java.lang.ClassLoader.loadClass (0x000072e47f4cb488) [0x000072e47f4cb580, 0x000072e47f4cb888] Compiler: c1, Barriers: 0, Oops: 0, ImmediateOops: 0, NonImmediateOops: No
[1,249s][debug][gc,nmethod  ] Register NMethod: java.util.ArrayDeque.add (0x000072e47f4cb908) [0x000072e47f4cba00, 0x000072e47f4cbb50] Compiler: c1, Barriers: 0, Oops: 0, ImmediateOops: 0, NonImmediateOops: No
[1,249s][debug][gc,nmethod  ] Register NMethod: java.util.Arrays.rangeCheck (0x000072e47f4cbc08) [0x000072e47f4cbd00, 0x000072e47f4cd2e8] Compiler: c1, Barriers: 0, Oops: 3, ImmediateOops: 4, NonImmediateOops: No
[1,249s][debug][gc,nmethod  ] Register NMethod: java.lang.ref.PhantomReference.clear0 (0x000072e49ec08a08) [0x000072e49ec08b00, 0x000072e49ec08c48] Compiler: , Barriers: 0, Oops: 0, ImmediateOops: 0, NonImmediateOops: No
[1,249s][debug][gc,nmethod  ] Register NMethod: java.io.InputStream.<init> (0x000072e47f4cd308) [0x000072e47f4cd400, 0x000072e47f4cd558] Compiler: c1, Barriers: 0, Oops: 0, ImmediateOops: 0, NonImmediateOops: No
[1,249s][debug][gc,nmethod  ] Register NMethod: java.util.zip.Inflater.hasPendingOutput (0x000072e49ec08d08) [0x000072e49ec08e00, 0x000072e49ec08ec0] Compiler: c1, Barriers: 0, Oops: 0, ImmediateOops: 0, NonImmediateOops: No
[1,249s][debug][gc,nmethod  ] Register NMethod: java.util.zip.Inflater.reset (0x000072e49ec09008) [0x000072e49ec09100, 0x000072e49ec09250] Compiler: , Barriers: 0, Oops: 0, ImmediateOops: 1, NonImmediateOops: No
[1,249s][debug][gc,nmethod  ] Register NMethod: java.util.Collections$SetFromMap.remove (0x000072e47f4cd608) [0x000072e47f4cd700, 0x000072e47f4cda90] Compiler: c1, Barriers: 1, Oops: 0, ImmediateOops: 0, NonImmediateOops: No
[1,249s][debug][gc,nmethod  ] Register NMethod: java.util.zip.ZipFile$ZipFileInputStream.close (0x000072e47f4cdb08) [0x000072e47f4cdc00, 0x000072e47f4ce248] Compiler: c1, Barriers: 6, Oops: 0, ImmediateOops: 0, NonImmediateOops: No
[1,249s][debug][gc,nmethod  ] Register NMethod: java.lang.StringConcatHelper.checkOverflow (0x000072e47f4ce288) [0x000072e47f4ce380, 0x000072e47f4ce558] Compiler: c1, Barriers: 0, Oops: 0, ImmediateOops: 1, NonImmediateOops: No
[1,249s][debug][gc,nmethod  ] Register NMethod: java.util.WeakHashMap.remove (0x000072e47f4ce588) [0x000072e47f4ce680, 0x000072e47f4cfa90] Compiler: c1, Barriers: 12, Oops: 0, ImmediateOops: 1, NonImmediateOops: No
[1,250s][debug][gc,nmethod  ] Register NMethod: java.lang.Throwable.fillInStackTrace (0x000072e49ec09308) [0x000072e49ec09400, 0x000072e49ec09720] Compiler: , Barriers: 0, Oops: 0, ImmediateOops: 0, NonImmediateOops: No
[1,250s][debug][gc,nmethod  ] Register NMethod: java.lang.String.concat (0x000072e47f4cfb08) [0x000072e47f4cfc00, 0x000072e47f4d1f00] Compiler: c1, Barriers: 6, Oops: 0, ImmediateOops: 4, NonImmediateOops: No
[1,250s][debug][gc,nmethod  ] Register NMethod: java.lang.StringConcatHelper.doConcat (0x000072e47f4d1f08) [0x000072e47f4d2000, 0x000072e47f4d3fa0] Compiler: c1, Barriers: 6, Oops: 0, ImmediateOops: 4, NonImmediateOops: No
[1,250s][debug][gc,nmethod  ] Register NMethod: java.net.URL.isBuiltinStreamHandler (0x000072e47f4d4008) [0x000072e47f4d4100, 0x000072e47f4d4630] Compiler: c1, Barriers: 0, Oops: 1, ImmediateOops: 1, NonImmediateOops: No
[1,250s][debug][gc,nmethod  ] Register NMethod: sun.net.util.IPAddressUtil.checkHostString (0x000072e47f4d4688) [0x000072e47f4d4780, 0x000072e47f4d4980] Compiler: c1, Barriers: 0, Oops: 0, ImmediateOops: 0, NonImmediateOops: No
[1,250s][debug][gc,nmethod  ] Register NMethod: java.net.URL.isBuiltinStreamHandler (0x000072e47f4d4988) [0x000072e47f4d4a80, 0x000072e47f4d5968] Compiler: c1, Barriers: 3, Oops: 1, ImmediateOops: 2, NonImmediateOops: No
[1,250s][debug][gc,nmethod  ] Register NMethod: java.util.jar.JarFile.maybeInstantiateVerifier (0x000072e47f4d5988) [0x000072e47f4d5a80, 0x000072e47f4d5f50] Compiler: c1, Barriers: 1, Oops: 0, ImmediateOops: 1, NonImmediateOops: No
[1,250s][debug][gc,nmethod  ] Register NMethod: sun.net.util.IPAddressUtil.scan (0x000072e47f4d5f88) [0x000072e47f4d6080, 0x000072e47f4d72d8] Compiler: c1, Barriers: 3, Oops: 1, ImmediateOops: 2, NonImmediateOops: No
[1,251s][debug][gc,nmethod  ] Register NMethod: java.util.ArrayDeque.elementAt (0x000072e47f4d7308) [0x000072e47f4d7400, 0x000072e47f4d7538] Compiler: c1, Barriers: 1, Oops: 0, ImmediateOops: 0, NonImmediateOops: No
[1,251s][debug][gc,nmethod  ] Register NMethod: java.lang.String.indexOf (0x000072e47f4d7608) [0x000072e47f4d7700, 0x000072e47f4d80b8] Compiler: c1, Barriers: 2, Oops: 0, ImmediateOops: 0, NonImmediateOops: No
[1,251s][debug][gc,nmethod  ] Register NMethod: jdk.internal.ref.PhantomCleanable.<init> (0x000072e47f4d8108) [0x000072e47f4d8200, 0x000072e47f4d93f0] Compiler: c1, Barriers: 13, Oops: 0, ImmediateOops: 3, NonImmediateOops: No
[1,251s][debug][gc,nmethod  ] Register NMethod: jdk.internal.ref.CleanerImpl$CleanableList.insert (0x000072e47f4d9408) [0x000072e47f4d9500, 0x000072e47f4d9f80] Compiler: c1, Barriers: 22, Oops: 0, ImmediateOops: 0, NonImmediateOops: No
[1,251s][debug][gc,nmethod  ] Register NMethod: sun.net.util.IPAddressUtil.checkHost (0x000072e47f4d9f88) [0x000072e47f4da080, 0x000072e47f4dee68] Compiler: c1, Barriers: 7, Oops: 5, ImmediateOops: 13, NonImmediateOops: No
[1,251s][debug][gc,nmethod  ] Register NMethod: jdk.internal.ref.CleanerFactory.cleaner (0x000072e47f4def08) [0x000072e47f4df000, 0x000072e47f4df0e8] Compiler: c1, Barriers: 0, Oops: 0, ImmediateOops: 1, NonImmediateOops: No
[1,251s][debug][gc,nmethod  ] Register NMethod: java.net.URLStreamHandler.getDefaultPort (0x000072e49ec09788) [0x000072e49ec09880, 0x000072e49ec09940] Compiler: c1, Barriers: 0, Oops: 0, ImmediateOops: 0, NonImmediateOops: No
[1,251s][debug][gc,nmethod  ] Register NMethod: java.util.zip.ZipEntry.getSize (0x000072e49ec09a88) [0x000072e49ec09b80, 0x000072e49ec09c40] Compiler: c1, Barriers: 0, Oops: 0, ImmediateOops: 0, NonImmediateOops: No
[1,252s][debug][gc,nmethod  ] Register NMethod: java.lang.ref.PhantomReference.<init> (0x000072e47f4df208) [0x000072e47f4df300, 0x000072e47f4df5f0] Compiler: c1, Barriers: 6, Oops: 0, ImmediateOops: 1, NonImmediateOops: No
[1,252s][debug][gc,nmethod  ] Register NMethod: java.lang.NamedPackage.module (0x000072e49ec09d88) [0x000072e49ec09e80, 0x000072e49ec09f68] Compiler: c1, Barriers: 1, Oops: 0, ImmediateOops: 0, NonImmediateOops: No
[1,252s][debug][gc,nmethod  ] Register NMethod: java.util.LinkedHashMap.get (0x000072e47f4df608) [0x000072e47f4df700, 0x000072e47f4dfb18] Compiler: c1, Barriers: 1, Oops: 0, ImmediateOops: 0, NonImmediateOops: No
[1,252s][debug][gc,nmethod  ] Register NMethod: java.util.zip.InflaterInputStream.ensureOpen (0x000072e47f4dfb88) [0x000072e47f4dfc80, 0x000072e47f4dfe88] Compiler: c1, Barriers: 0, Oops: 0, ImmediateOops: 1, NonImmediateOops: No
[1,252s][debug][gc,nmethod  ] Register NMethod: java.util.zip.Inflater.finished (0x000072e47f4dff08) [0x000072e47f4e0000, 0x000072e47f4e02b0] Compiler: c1, Barriers: 1, Oops: 0, ImmediateOops: 0, NonImmediateOops: No
[1,252s][debug][gc,nmethod  ] Register NMethod: java.lang.String.<init> (0x000072e47f4e0308) [0x000072e47f4e0400, 0x000072e47f4e0838] Compiler: c1, Barriers: 0, Oops: 1, ImmediateOops: 1, NonImmediateOops: No
[1,253s][debug][gc,nmethod  ] Register NMethod: java.util.zip.InflaterInputStream.read (0x000072e47f4e0888) [0x000072e47f4e0980, 0x000072e47f4e1a08] Compiler: c1, Barriers: 7, Oops: 0, ImmediateOops: 2, NonImmediateOops: No
[1,253s][debug][gc,nmethod  ] Register NMethod: java.lang.String.<init> (0x000072e47f4e1a88) [0x000072e47f4e1b80, 0x000072e47f4e59f0] Compiler: c1, Barriers: 45, Oops: 1, ImmediateOops: 12, NonImmediateOops: No
[1,254s][debug][gc,nmethod  ] Register NMethod: java.lang.reflect.Array.newArray (0x000072e49ec0a088) [0x000072e49ec0a180, 0x000072e49ec0a4b8] Compiler: , Barriers: 0, Oops: 0, ImmediateOops: 1, NonImmediateOops: No
[1,254s][debug][gc,nmethod  ] Register NMethod: jdk.internal.classfile.impl.AbstractDirectBuilder.setOriginal (0x000072e49ec0a508) [0x000072e49ec0a600, 0x000072e49ec0a730] Compiler: c1, Barriers: 3, Oops: 0, ImmediateOops: 0, NonImmediateOops: No
[1,255s][debug][gc,nmethod  ] Register NMethod: java.lang.CharacterDataLatin1.getProperties (0x000072e47f4e5a08) [0x000072e47f4e5b00, 0x000072e47f4e5c30] Compiler: c1, Barriers: 0, Oops: 0, ImmediateOops: 1, NonImmediateOops: No
[1,255s][debug][gc,nmethod  ] Register NMethod: java.lang.CharacterData.of (0x000072e47f4e5d08) [0x000072e47f4e5e00, 0x000072e47f4e6540] Compiler: c1, Barriers: 7, Oops: 0, ImmediateOops: 1, NonImmediateOops: No
[1,255s][debug][gc,nmethod  ] Register NMethod: java.lang.Integer.numberOfLeadingZeros (0x000072e47f4e6588) [0x000072e47f4e6680, 0x000072e47f4e6900] Compiler: c1, Barriers: 0, Oops: 0, ImmediateOops: 0, NonImmediateOops: No
[1,255s][debug][gc,nmethod  ] Register NMethod: jdk.internal.constant.ClassOrInterfaceDescImpl.ofValidated (0x000072e47f4e6908) [0x000072e47f4e6a00, 0x000072e47f4e6c88] Compiler: c1, Barriers: 3, Oops: 0, ImmediateOops: 0, NonImmediateOops: No
[1,255s][debug][gc,nmethod  ] Register NMethod: jdk.internal.constant.ClassOrInterfaceDescImpl.<init> (0x000072e47f4e6d08) [0x000072e47f4e6e00, 0x000072e47f4e6fd0] Compiler: c1, Barriers: 3, Oops: 0, ImmediateOops: 0, NonImmediateOops: No
[1,255s][debug][gc,nmethod  ] Register NMethod: jdk.internal.classfile.impl.DirectMethodBuilder.methodType (0x000072e49ec0a808) [0x000072e49ec0a900, 0x000072e49ec0a9e8] Compiler: c1, Barriers: 1, Oops: 0, ImmediateOops: 0, NonImmediateOops: No
[1,255s][debug][gc,nmethod  ] Register NMethod: jdk.internal.classfile.impl.DirectMethodBuilder.methodFlags (0x000072e49ec0ab08) [0x000072e49ec0ac00, 0x000072e49ec0acc0] Compiler: c1, Barriers: 0, Oops: 0, ImmediateOops: 0, NonImmediateOops: No
[1,255s][debug][gc,nmethod  ] Register NMethod: jdk.internal.classfile.impl.SplitConstantPool.utf8Entry (0x000072e47f4e7008) [0x000072e47f4e7100, 0x000072e47f4e73f8] Compiler: c1, Barriers: 0, Oops: 0, ImmediateOops: 0, NonImmediateOops: No
[1,256s][debug][gc,nmethod  ] Register NMethod: java.lang.String.toString (0x000072e47f4e7408) [0x000072e47f4e7500, 0x000072e47f4e7600] Compiler: c1, Barriers: 0, Oops: 0, ImmediateOops: 0, NonImmediateOops: No
[1,256s][debug][gc,nmethod  ] Register NMethod: java.lang.StringLatin1.lastIndexOf (0x000072e49ec0ae08) [0x000072e49ec0af00, 0x000072e49ec0b170] Compiler: jvmci, Barriers: 0, Oops: 0, ImmediateOops: 0, NonImmediateOops: No
[1,256s][debug][gc,director ] Rule Major: Warmup 10%, Used: 20MB, UsedThreshold: 1228MB
[1,256s][debug][gc,nmethod  ] Register NMethod: jdk.internal.classfile.impl.AbstractPoolEntry$Utf8EntryImpl.tag (0x000072e49ec0b188) [0x000072e49ec0b280, 0x000072e49ec0b340] Compiler: c1, Barriers: 0, Oops: 0, ImmediateOops: 0, NonImmediateOops: No
[1,256s][debug][gc,nmethod  ] Register NMethod: jdk.internal.classfile.impl.BufWriterImpl.writeU1U2 (0x000072e47f4e7708) [0x000072e47f4e7800, 0x000072e47f4e7c98] Compiler: c1, Barriers: 2, Oops: 0, ImmediateOops: 0, NonImmediateOops: No
[1,257s][debug][gc,nmethod  ] Register NMethod: java.lang.constant.ClassDesc.isPrimitive (0x000072e49ec0b488) [0x000072e49ec0b580, 0x000072e49ec0b640] Compiler: c1, Barriers: 0, Oops: 0, ImmediateOops: 0, NonImmediateOops: No
[1,257s][debug][gc,nmethod  ] Register NMethod: java.util.AbstractList.<init> (0x000072e47f4e7d08) [0x000072e47f4e7e00, 0x000072e47f4e7fc0] Compiler: c1, Barriers: 0, Oops: 0, ImmediateOops: 0, NonImmediateOops: No
[1,257s][debug][gc,nmethod  ] Register NMethod: jdk.internal.classfile.impl.SplitConstantPool.maybeCloneUtf8Entry (0x000072e47f4e8008) [0x000072e47f4e8100, 0x000072e47f4e91a0] Compiler: c1, Barriers: 4, Oops: 0, ImmediateOops: 2, NonImmediateOops: No
[1,257s][debug][gc,nmethod  ] Register NMethod: java.lang.StringConcatHelper.stringOf (0x000072e47f4e9208) [0x000072e47f4e9300, 0x000072e47f4e9658] Compiler: c1, Barriers: 0, Oops: 0, ImmediateOops: 1, NonImmediateOops: No
[1,257s][debug][gc,nmethod  ] Register NMethod: jdk.internal.classfile.impl.AbstractElement.<init> (0x000072e47f4e9688) [0x000072e47f4e9780, 0x000072e47f4e98d8] Compiler: c1, Barriers: 0, Oops: 0, ImmediateOops: 0, NonImmediateOops: No
[1,257s][debug][gc,nmethod  ] Register NMethod: jdk.internal.classfile.impl.AbstractPoolEntry$Utf8EntryImpl.stringValue (0x000072e47f4e9988) [0x000072e47f4e9a80, 0x000072e47f4e9d78] Compiler: c1, Barriers: 0, Oops: 0, ImmediateOops: 0, NonImmediateOops: No
[1,257s][debug][gc,nmethod  ] Register NMethod: jdk.internal.classfile.impl.AbstractPoolEntry$Utf8EntryImpl.toString (0x000072e47f4e9d88) [0x000072e47f4e9e80, 0x000072e47f4ea3c8] Compiler: c1, Barriers: 11, Oops: 0, ImmediateOops: 5, NonImmediateOops: No
[1,257s][debug][gc,nmethod  ] Register NMethod: java.util.Arrays.copyOf (0x000072e47f4ea408) [0x000072e47f4ea500, 0x000072e47f4ea820] Compiler: c1, Barriers: 1, Oops: 0, ImmediateOops: 0, NonImmediateOops: No
[1,257s][debug][gc,nmethod  ] Register NMethod: java.lang.StringConcatHelper.newArrayWithSuffix (0x000072e47f4ea888) [0x000072e47f4ea980, 0x000072e47f4eb8d0] Compiler: c1, Barriers: 1, Oops: 0, ImmediateOops: 3, NonImmediateOops: No
[1,257s][debug][gc,nmethod  ] Register NMethod: java.lang.StringConcatHelper.prepend (0x000072e47f4eb908) [0x000072e47f4eba00, 0x000072e47f4ed150] Compiler: c1, Barriers: 3, Oops: 0, ImmediateOops: 0, NonImmediateOops: No
[1,257s][debug][gc,nmethod  ] Register NMethod: java.lang.StringConcatHelper.concat (0x000072e47f4ed188) [0x000072e47f4ed280, 0x000072e47f4ef828] Compiler: c1, Barriers: 6, Oops: 0, ImmediateOops: 6, NonImmediateOops: No
[1,258s][debug][gc,nmethod  ] Register NMethod: java.util.HashMap.getNode (0x000072e49ec0b788) [0x000072e49ec0b880, 0x000072e49ec0c048] Compiler: jvmci, Barriers: 11, Oops: 0, ImmediateOops: 0, NonImmediateOops: No
[1,258s][debug][gc,nmethod  ] Register NMethod: java.lang.StringConcatHelper.concat0 (0x000072e47f4ef888) [0x000072e47f4ef980, 0x000072e47f4f1b68] Compiler: c1, Barriers: 6, Oops: 0, ImmediateOops: 3, NonImmediateOops: No
[1,258s][debug][gc,nmethod  ] Register NMethod: jdk.internal.classfile.impl.StackMapGenerator$Type.<init> (0x000072e47f4f1b88) [0x000072e47f4f1c80, 0x000072e47f4f1eb8] Compiler: c1, Barriers: 3, Oops: 0, ImmediateOops: 0, NonImmediateOops: No
[1,258s][debug][gc,nmethod  ] Register NMethod: jdk.internal.classfile.impl.AbstractPoolEntry$ClassEntryImpl.hashCode (0x000072e47f4f1f08) [0x000072e47f4f2000, 0x000072e47f4f2ef8] Compiler: c1, Barriers: 4, Oops: 0, ImmediateOops: 2, NonImmediateOops: No
[1,258s][debug][gc,nmethod  ] Register NMethod: jdk.internal.constant.MethodTypeDescImpl.parameterType (0x000072e47f4f2f08) [0x000072e47f4f3000, 0x000072e47f4f3188] Compiler: c1, Barriers: 2, Oops: 0, ImmediateOops: 0, NonImmediateOops: No
[1,258s][debug][gc,nmethod  ] Register NMethod: sun.invoke.util.VerifyAccess.ensureTypeVisible (0x000072e47f4f3208) [0x000072e47f4f3300, 0x000072e47f4f4490] Compiler: c1, Barriers: 4, Oops: 0, ImmediateOops: 1, NonImmediateOops: No
[1,259s][debug][gc,nmethod  ] Register NMethod: jdk.internal.classfile.impl.SplitConstantPool.findEntry (0x000072e47f4f4508) [0x000072e47f4f4600, 0x000072e47f4f5d08] Compiler: c1, Barriers: 3, Oops: 0, ImmediateOops: 0, NonImmediateOops: No
[1,259s][debug][gc,nmethod  ] Register NMethod: jdk.internal.classfile.impl.BufWriterImpl.writeU1 (0x000072e47f4f5d88) [0x000072e47f4f5e80, 0x000072e47f4f62c8] Compiler: c1, Barriers: 2, Oops: 0, ImmediateOops: 0, NonImmediateOops: No
[1,259s][debug][gc,nmethod  ] Register NMethod: java.lang.invoke.MethodTypeForm.basicType (0x000072e49ec0c088) [0x000072e49ec0c180, 0x000072e49ec0c268] Compiler: c1, Barriers: 1, Oops: 0, ImmediateOops: 0, NonImmediateOops: No
[1,259s][debug][gc,nmethod  ] Register NMethod: jdk.internal.classfile.impl.StackMapGenerator$Frame.checkStack (0x000072e47f4f6308) [0x000072e47f4f6400, 0x000072e47f4f7048] Compiler: c1, Barriers: 11, Oops: 1, ImmediateOops: 2, NonImmediateOops: No
[1,259s][debug][gc,nmethod  ] Register NMethod: java.lang.invoke.MethodType.equals (0x000072e47f4f7088) [0x000072e47f4f7180, 0x000072e47f4f7920] Compiler: c1, Barriers: 4, Oops: 0, ImmediateOops: 0, NonImmediateOops: No
[1,259s][debug][gc,nmethod  ] Register NMethod: java.lang.reflect.Modifier.isProtected (0x000072e47f4f7988) [0x000072e47f4f7a80, 0x000072e47f4f7bb0] Compiler: c1, Barriers: 0, Oops: 0, ImmediateOops: 0, NonImmediateOops: No
[1,260s][debug][gc,nmethod  ] Register NMethod: jdk.internal.classfile.impl.Util.methodTypeSymbol (0x000072e47f4f7c88) [0x000072e47f4f7d80, 0x000072e47f4f8c40] Compiler: c1, Barriers: 4, Oops: 0, ImmediateOops: 0, NonImmediateOops: No
[1,260s][debug][gc,nmethod  ] Register NMethod: jdk.internal.classfile.impl.AbstractPoolEntry$Utf8EntryImpl.methodTypeSymbol (0x000072e47f4f8c88) [0x000072e47f4f8d80, 0x000072e47f4f9850] Compiler: c1, Barriers: 4, Oops: 0, ImmediateOops: 0, NonImmediateOops: No
[1,260s][debug][gc,nmethod  ] Register NMethod: jdk.internal.classfile.impl.AbstractPoolEntry$NameAndTypeEntryImpl.tag (0x000072e49ec0c388) [0x000072e49ec0c480, 0x000072e49ec0c540] Compiler: c1, Barriers: 0, Oops: 0, ImmediateOops: 0, NonImmediateOops: No
[1,260s][debug][gc,nmethod  ] Register NMethod: jdk.internal.classfile.impl.AbstractPoolEntry$AbstractRefEntry.<init> (0x000072e47f4f9888) [0x000072e47f4f9980, 0x000072e47f4f9ed8] Compiler: c1, Barriers: 6, Oops: 0, ImmediateOops: 0, NonImmediateOops: No
[1,260s][debug][gc,nmethod  ] Register NMethod: jdk.internal.classfile.impl.Util.parameterSlots (0x000072e47f4f9f08) [0x000072e47f4fa000, 0x000072e47f4fa490] Compiler: c1, Barriers: 3, Oops: 0, ImmediateOops: 2, NonImmediateOops: No
[1,260s][debug][gc,nmethod  ] Register NMethod: jdk.internal.classfile.impl.AbstractPoolEntry$AbstractNamedEntry.<init> (0x000072e47f4fa508) [0x000072e47f4fa600, 0x000072e47f4fa730] Compiler: c1, Barriers: 0, Oops: 0, ImmediateOops: 0, NonImmediateOops: No
[1,260s][debug][gc,nmethod  ] Register NMethod: jdk.internal.classfile.impl.AbstractPoolEntry$AbstractRefsEntry.<init> (0x000072e47f4fa808) [0x000072e47f4fa900, 0x000072e47f4fb100] Compiler: c1, Barriers: 9, Oops: 0, ImmediateOops: 0, NonImmediateOops: No
[1,261s][debug][gc,nmethod  ] Register NMethod: java.lang.Class.descriptorString (0x000072e47f4fb108) [0x000072e47f4fb200, 0x000072e47f502d90] Compiler: c1, Barriers: 14, Oops: 3, ImmediateOops: 21, NonImmediateOops: No
[1,261s][debug][gc,nmethod  ] Register NMethod: jdk.internal.classfile.impl.LabelImpl.getBCI (0x000072e49ec0c688) [0x000072e49ec0c780, 0x000072e49ec0c840] Compiler: c1, Barriers: 0, Oops: 0, ImmediateOops: 0, NonImmediateOops: No
[1,261s][debug][gc,nmethod  ] Register NMethod: jdk.internal.classfile.impl.LabelImpl.labelContext (0x000072e49ec0c988) [0x000072e49ec0ca80, 0x000072e49ec0cb68] Compiler: c1, Barriers: 1, Oops: 0, ImmediateOops: 0, NonImmediateOops: No
[1,261s][debug][gc,nmethod  ] Register NMethod: java.util.ArrayDeque.poll (0x000072e47f502e08) [0x000072e47f502f00, 0x000072e47f503048] Compiler: c1, Barriers: 0, Oops: 0, ImmediateOops: 0, NonImmediateOops: No
[1,261s][debug][gc,nmethod  ] Register NMethod: jdk.internal.misc.Unsafe.getChar (0x000072e49ec0cc88) [0x000072e49ec0cd80, 0x000072e49ec0cee8] Compiler: , Barriers: 0, Oops: 0, ImmediateOops: 0, NonImmediateOops: No
[1,261s][debug][gc,nmethod  ] Register NMethod: jdk.internal.classfile.impl.RawBytecodeHelper.getU1Unchecked (0x000072e47f503108) [0x000072e47f503200, 0x000072e47f5033f0] Compiler: c1, Barriers: 2, Oops: 0, ImmediateOops: 0, NonImmediateOops: No
[1,261s][debug][gc,nmethod  ] Register NMethod: java.util.ArrayDeque.pollFirst (0x000072e47f503408) [0x000072e47f503500, 0x000072e47f503a60] Compiler: c1, Barriers: 5, Oops: 0, ImmediateOops: 0, NonImmediateOops: No
[1,261s][debug][gc,nmethod  ] Register NMethod: jdk.internal.classfile.impl.AbstractPoolEntry$AbstractRefsEntry.writeTo (0x000072e47f503a88) [0x000072e47f503b80, 0x000072e47f504520] Compiler: c1, Barriers: 2, Oops: 0, ImmediateOops: 0, NonImmediateOops: No
[1,261s][debug][gc,nmethod  ] Register NMethod: jdk.internal.classfile.impl.BufWriterImpl.writeU1U2U2 (0x000072e47f504588) [0x000072e47f504680, 0x000072e47f504b78] Compiler: c1, Barriers: 2, Oops: 0, ImmediateOops: 0, NonImmediateOops: No
[1,261s][debug][gc,nmethod  ] Register NMethod: java.lang.invoke.MemberName.clone (0x000072e47f504b88) [0x000072e47f504c80, 0x000072e47f5050f0] Compiler: c1, Barriers: 0, Oops: 0, ImmediateOops: 0, NonImmediateOops: No
[1,263s][debug][gc,nmethod  ] Register NMethod: java.lang.Math.max (0x000072e47f505108) [0x000072e47f505200, 0x000072e47f505328] Compiler: c1, Barriers: 0, Oops: 0, ImmediateOops: 0, NonImmediateOops: No
[1,263s][debug][gc,nmethod  ] Register NMethod: java.lang.ref.Reference.refersToImpl (0x000072e47f505408) [0x000072e47f505500, 0x000072e47f505638] Compiler: c1, Barriers: 0, Oops: 0, ImmediateOops: 0, NonImmediateOops: No
[1,264s][debug][gc,nmethod  ] Register NMethod: jdk.internal.access.SharedSecrets.javaUtilJarAccess (0x000072e47f505708) [0x000072e47f505800, 0x000072e47f505ee0] Compiler: c1, Barriers: 2, Oops: 1, ImmediateOops: 4, NonImmediateOops: No
[1,265s][debug][gc,nmethod  ] Register NMethod: java.lang.invoke.MethodHandle.linkToStatic (0x000072e49ec0cf88) [0x000072e49ec0d080, 0x000072e49ec0d170] Compiler: , Barriers: 0, Oops: 0, ImmediateOops: 0, NonImmediateOops: No
[1,265s][debug][gc,nmethod  ] Register NMethod: java.lang.invoke.MethodType.checkPtypes (0x000072e47f505f08) [0x000072e47f506000, 0x000072e47f5071d8] Compiler: c1, Barriers: 1, Oops: 2, ImmediateOops: 6, NonImmediateOops: No
[1,266s][debug][gc,director ] Rule Major: Warmup 10%, Used: 22MB, UsedThreshold: 1228MB
[1,267s][debug][gc,nmethod  ] Register NMethod: jdk.internal.ref.CleanerImpl$PhantomCleanableRef.<init> (0x000072e47f507208) [0x000072e47f507300, 0x000072e47f5074c0] Compiler: c1, Barriers: 3, Oops: 0, ImmediateOops: 0, NonImmediateOops: No
[1,267s][debug][gc,nmethod  ] Register NMethod: java.lang.ref.Cleaner.register (0x000072e47f507508) [0x000072e47f507600, 0x000072e47f507b18] Compiler: c1, Barriers: 3, Oops: 2, ImmediateOops: 2, NonImmediateOops: No
[1,268s][debug][gc,nmethod  ] Register NMethod: java.nio.Buffer.limit (0x000072e49ec0d288) [0x000072e49ec0d380, 0x000072e49ec0d440] Compiler: c1, Barriers: 0, Oops: 0, ImmediateOops: 0, NonImmediateOops: No
[1,270s][debug][gc,nmethod  ] Register NMethod: java.lang.invoke.MemberName.getModifiers (0x000072e47f507b88) [0x000072e47f507c80, 0x000072e47f507d88] Compiler: c1, Barriers: 0, Oops: 0, ImmediateOops: 0, NonImmediateOops: No
[1,270s][debug][gc,nmethod  ] Register NMethod: java.util.Properties$LineReader.readLine (0x000072e47f507e88) [0x000072e47f507f80, 0x000072e47f50b9b0] Compiler: c1, Barriers: 14, Oops: 0, ImmediateOops: 0, NonImmediateOops: No
[1,270s][debug][gc,nmethod  ] Register NMethod: sun.invoke.util.VerifyAccess.isSamePackage (0x000072e47f50ba08) [0x000072e47f50bb00, 0x000072e47f50c4e0] Compiler: c1, Barriers: 2, Oops: 0, ImmediateOops: 0, NonImmediateOops: No
[1,270s][debug][gc,nmethod  ] Register NMethod: jdk.internal.loader.URLClassPath$Loader.getBaseURL (0x000072e49ec0d588) [0x000072e49ec0d680, 0x000072e49ec0d768] Compiler: c1, Barriers: 1, Oops: 0, ImmediateOops: 0, NonImmediateOops: No
[1,270s][debug][gc,nmethod  ] Register NMethod: java.lang.ClassLoader.defineClass1 (0x000072e49ec0d888) [0x000072e49ec0d980, 0x000072e49ec0dd18] Compiler: , Barriers: 0, Oops: 0, ImmediateOops: 1, NonImmediateOops: No
[1,270s][debug][gc,nmethod  ] Register NMethod: java.util.zip.ZipEntry.getCrc (0x000072e49ec0dd88) [0x000072e49ec0de80, 0x000072e49ec0df40] Compiler: c1, Barriers: 0, Oops: 0, ImmediateOops: 0, NonImmediateOops: No
[1,270s][debug][gc,nmethod  ] Register NMethod: jdk.internal.perf.PerfCounter.addElapsedTimeFrom (0x000072e47f50c508) [0x000072e47f50c600, 0x000072e47f50c788] Compiler: c1, Barriers: 0, Oops: 0, ImmediateOops: 0, NonImmediateOops: No
[1,270s][debug][gc,nmethod  ] Register NMethod: jdk.internal.loader.Resource.cachedInputStream (0x000072e47f50c808) [0x000072e47f50c900, 0x000072e47f50cf78] Compiler: c1, Barriers: 8, Oops: 0, ImmediateOops: 0, NonImmediateOops: No
[1,271s][debug][gc,nmethod  ] Register NMethod: java.security.CodeSource.getCertificates (0x000072e47f50cf88) [0x000072e47f50d080, 0x000072e47f50e258] Compiler: c1, Barriers: 10, Oops: 0, ImmediateOops: 1, NonImmediateOops: No
[1,271s][debug][gc,nmethod  ] Register NMethod: java.lang.invoke.MethodHandle.linkToSpecial (0x000072e49ec0e088) [0x000072e49ec0e180, 0x000072e49ec0e278] Compiler: , Barriers: 0, Oops: 0, ImmediateOops: 0, NonImmediateOops: No
[1,271s][debug][gc,nmethod  ] Register NMethod: jdk.internal.classfile.impl.UnboundAttribute.attributeMapper (0x000072e49ec0e388) [0x000072e49ec0e480, 0x000072e49ec0e568] Compiler: c1, Barriers: 1, Oops: 0, ImmediateOops: 0, NonImmediateOops: No
[1,271s][debug][gc,nmethod  ] Register NMethod: java.lang.invoke.MemberName.isConstructor (0x000072e47f50e288) [0x000072e47f50e380, 0x000072e47f50e538] Compiler: c1, Barriers: 0, Oops: 0, ImmediateOops: 0, NonImmediateOops: No
[1,271s][debug][gc,nmethod  ] Register NMethod: jdk.internal.classfile.impl.SplitConstantPool.classEntry (0x000072e47f50e588) [0x000072e47f50e680, 0x000072e47f510338] Compiler: c1, Barriers: 4, Oops: 1, ImmediateOops: 2, NonImmediateOops: No
[1,271s][debug][gc,nmethod  ] Register NMethod: java.lang.reflect.Modifier.isPublic (0x000072e47f510388) [0x000072e47f510480, 0x000072e47f5105b0] Compiler: c1, Barriers: 0, Oops: 0, ImmediateOops: 0, NonImmediateOops: No
[1,271s][debug][gc,nmethod  ] Register NMethod: java.lang.Class.isInterface (0x000072e47f510688) [0x000072e47f510780, 0x000072e47f510938] Compiler: c1, Barriers: 0, Oops: 0, ImmediateOops: 0, NonImmediateOops: No
[1,271s][debug][gc,nmethod  ] Register NMethod: java.lang.reflect.Modifier.isInterface (0x000072e47f510988) [0x000072e47f510a80, 0x000072e47f510bb0] Compiler: c1, Barriers: 0, Oops: 0, ImmediateOops: 0, NonImmediateOops: No
[1,272s][debug][gc,nmethod  ] Register NMethod: jdk.internal.classfile.impl.SplitConstantPool.classEntryForClassOrInterface (0x000072e47f510c88) [0x000072e47f510d80, 0x000072e47f513310] Compiler: c1, Barriers: 7, Oops: 0, ImmediateOops: 1, NonImmediateOops: No
[1,272s][debug][gc,nmethod  ] Register NMethod: jdk.internal.classfile.impl.SplitConstantPool.tryFindClassOrInterface (0x000072e47f513388) [0x000072e47f513480, 0x000072e47f516038] Compiler: c1, Barriers: 12, Oops: 0, ImmediateOops: 0, NonImmediateOops: No
[1,272s][debug][gc,nmethod  ] Register NMethod: java.lang.invoke.MethodTypeForm.parameterSlotCount (0x000072e49ec0e688) [0x000072e49ec0e780, 0x000072e49ec0e840] Compiler: c1, Barriers: 0, Oops: 0, ImmediateOops: 0, NonImmediateOops: No
[1,272s][debug][gc,nmethod  ] Register NMethod: java.lang.invoke.MethodTypeForm.canonicalizeAll (0x000072e47f516088) [0x000072e47f516180, 0x000072e47f516b38] Compiler: c1, Barriers: 4, Oops: 0, ImmediateOops: 1, NonImmediateOops: No
[1,272s][debug][gc,nmethod  ] Register NMethod: jdk.internal.constant.ConstantUtils.referenceClassDesc (0x000072e47f516b88) [0x000072e47f516c80, 0x000072e47f517660] Compiler: c1, Barriers: 2, Oops: 1, ImmediateOops: 2, NonImmediateOops: No
[1,272s][debug][gc,nmethod  ] Register NMethod: jdk.internal.classfile.impl.AttributeHolder.<init> (0x000072e47f517688) [0x000072e47f517780, 0x000072e47f517960] Compiler: c1, Barriers: 3, Oops: 0, ImmediateOops: 1, NonImmediateOops: No
[1,272s][debug][gc,nmethod  ] Register NMethod: jdk.internal.classfile.impl.AbstractDirectBuilder.<init> (0x000072e47f517988) [0x000072e47f517a80, 0x000072e47f517ed0] Compiler: c1, Barriers: 12, Oops: 0, ImmediateOops: 1, NonImmediateOops: No
[1,272s][debug][gc,nmethod  ] Register NMethod: java.lang.classfile.Opcode.bytecode (0x000072e49ec0e988) [0x000072e49ec0ea80, 0x000072e49ec0eb40] Compiler: c1, Barriers: 0, Oops: 0, ImmediateOops: 0, NonImmediateOops: No
[1,272s][debug][gc,nmethod  ] Register NMethod: java.util.ArrayList.isEmpty (0x000072e47f517f08) [0x000072e47f518000, 0x000072e47f518150] Compiler: c1, Barriers: 0, Oops: 0, ImmediateOops: 0, NonImmediateOops: No
[1,272s][debug][gc,nmethod  ] Register NMethod: java.lang.invoke.MethodHandles$Lookup.lookupClassOrNull (0x000072e47f518208) [0x000072e47f518300, 0x000072e47f5184a0] Compiler: c1, Barriers: 1, Oops: 0, ImmediateOops: 0, NonImmediateOops: No
[1,272s][debug][gc,nmethod  ] Register NMethod: jdk.internal.classfile.impl.AttributeHolder.writeTo (0x000072e47f518508) [0x000072e47f518600, 0x000072e47f518e00] Compiler: c1, Barriers: 4, Oops: 0, ImmediateOops: 0, NonImmediateOops: No
[1,273s][debug][gc,nmethod  ] Register NMethod: jdk.internal.util.StrongReferenceKey.equals (0x000072e47f518e08) [0x000072e47f518f00, 0x000072e47f519b88] Compiler: c1, Barriers: 1, Oops: 0, ImmediateOops: 0, NonImmediateOops: No
[1,273s][debug][gc,nmethod  ] Register NMethod: jdk.internal.jimage.ImageStringsReader.unmaskedHashCode (0x000072e47f519c08) [0x000072e47f519d00, 0x000072e47f51af00] Compiler: c1, Barriers: 3, Oops: 1, ImmediateOops: 2, NonImmediateOops: No
[1,273s][debug][gc,nmethod  ] Register NMethod: jdk.internal.jimage.ImageLocation.readValue (0x000072e47f51af88) [0x000072e47f51b080, 0x000072e47f51b550] Compiler: c1, Barriers: 0, Oops: 0, ImmediateOops: 1, NonImmediateOops: No
[1,274s][debug][gc,nmethod  ] Register NMethod: java.nio.DirectByteBuffer.ix (0x000072e49ec0ec88) [0x000072e49ec0ed80, 0x000072e49ec0ee08] Compiler: jvmci, Barriers: 0, Oops: 0, ImmediateOops: 0, NonImmediateOops: No
[1,275s][debug][gc,nmethod  ] Register NMethod: worker.org.gradle.internal.stream.EncodedStream$EncodedInput.read (0x000072e49ec0ef88) [0x000072e49ec0f080, 0x000072e49ec0f8d0] Compiler: jvmci, Barriers: 4, Oops: 1, ImmediateOops: 1, NonImmediateOops: No
[1,276s][debug][gc,director ] Rule Major: Warmup 10%, Used: 22MB, UsedThreshold: 1228MB
[1,287s][debug][gc,director ] Rule Major: Warmup 10%, Used: 22MB, UsedThreshold: 1228MB
[1,287s][debug][gc,nmethod  ] Register NMethod: java.io.FilterInputStream.<init> (0x000072e47f51b588) [0x000072e47f51b680, 0x000072e47f51b8b8] Compiler: c1, Barriers: 3, Oops: 0, ImmediateOops: 0, NonImmediateOops: No
[1,287s][debug][gc,nmethod  ] Register NMethod: jdk.internal.misc.Unsafe.putByte (0x000072e49ec0f908) [0x000072e49ec0fa00, 0x000072e49ec0fb58] Compiler: , Barriers: 0, Oops: 0, ImmediateOops: 0, NonImmediateOops: No
[1,287s][debug][gc,nmethod  ] Register NMethod: sun.nio.fs.NativeBuffer.address (0x000072e49ec0fc08) [0x000072e49ec0fd00, 0x000072e49ec0fdc0] Compiler: c1, Barriers: 0, Oops: 0, ImmediateOops: 0, NonImmediateOops: No
[1,290s][debug][gc,nmethod  ] Register NMethod: java.lang.StringLatin1.indexOf (0x000072e47f51b908) [0x000072e47f51ba00, 0x000072e47f51bbe0] Compiler: c1, Barriers: 0, Oops: 0, ImmediateOops: 0, NonImmediateOops: No
[1,290s][debug][gc,nmethod  ] Register NMethod: java.lang.String.indexOf (0x000072e47f51bc08) [0x000072e47f51bd00, 0x000072e47f51c800] Compiler: c1, Barriers: 6, Oops: 0, ImmediateOops: 0, NonImmediateOops: No
[1,290s][debug][gc,nmethod  ] Register NMethod: java.lang.Long.hashCode (0x000072e47f51c808) [0x000072e47f51c900, 0x000072e47f51c9f0] Compiler: c1, Barriers: 0, Oops: 0, ImmediateOops: 0, NonImmediateOops: No
[1,290s][debug][gc,nmethod  ] Register NMethod: sun.nio.fs.UnixPath.checkNotNul (0x000072e49ec0ff08) [0x000072e49ec10000, 0x000072e49ec10098] Compiler: jvmci, Barriers: 0, Oops: 0, ImmediateOops: 0, NonImmediateOops: No
[1,291s][debug][gc,nmethod  ] Register NMethod: java.lang.String.equalsIgnoreCase (0x000072e47f51cb08) [0x000072e47f51cc00, 0x000072e47f51dd88] Compiler: c1, Barriers: 2, Oops: 0, ImmediateOops: 0, NonImmediateOops: No
[1,291s][debug][gc,nmethod  ] Register NMethod: java.io.UnixFileSystem.normalize (0x000072e47f51de08) [0x000072e47f51df00, 0x000072e47f51f4f8] Compiler: c1, Barriers: 2, Oops: 1, ImmediateOops: 3, NonImmediateOops: No
[1,291s][debug][gc,nmethod  ] Register NMethod: java.util.zip.ZipFile.zipCoderFor (0x000072e49ec10208) [0x000072e49ec10300, 0x000072e49ec103c0] Compiler: jvmci, Barriers: 0, Oops: 0, ImmediateOops: 0, NonImmediateOops: No
[1,292s][debug][gc,nmethod  ] Register NMethod: java.lang.Thread.currentCarrierThread (0x000072e49ec10508) [0x000072e49ec10600, 0x000072e49ec10928] Compiler: , Barriers: 0, Oops: 0, ImmediateOops: 1, NonImmediateOops: No
[1,293s][debug][gc,nmethod  ] Register NMethod: java.util.jar.Manifest$FastInputStream.readLine (0x000072e47f51f508) [0x000072e47f51f600, 0x000072e47f51f758] Compiler: c1, Barriers: 0, Oops: 0, ImmediateOops: 0, NonImmediateOops: No
[1,293s][debug][gc,nmethod  ] Register NMethod: java.io.File.<init> (0x000072e47f51f808) [0x000072e47f51f900, 0x000072e47f520190] Compiler: c1, Barriers: 6, Oops: 1, ImmediateOops: 2, NonImmediateOops: No
[1,294s][debug][gc,nmethod  ] Register NMethod: java.lang.ref.Reference.refersTo (0x000072e47f520208) [0x000072e47f520300, 0x000072e47f520600] Compiler: c1, Barriers: 0, Oops: 0, ImmediateOops: 0, NonImmediateOops: No
[1,294s][debug][gc,nmethod  ] Register NMethod: java.util.zip.ZipCoder$UTF8ZipCoder.checkedHash (0x000072e49ec10988) [0x000072e49ec10a80, 0x000072e49ec10c90] Compiler: jvmci, Barriers: 0, Oops: 0, ImmediateOops: 0, NonImmediateOops: No
[1,295s][debug][gc,nmethod  ] Register NMethod: java.lang.String.isASCII (0x000072e47f520608) [0x000072e47f520700, 0x000072e47f520920] Compiler: c1, Barriers: 0, Oops: 0, ImmediateOops: 0, NonImmediateOops: No
[1,295s][debug][gc,nmethod  ] Register NMethod: java.lang.System$1.uncheckedGetBytesNoRepl (0x000072e47f520988) [0x000072e47f520a80, 0x000072e47f521780] Compiler: c1, Barriers: 1, Oops: 0, ImmediateOops: 0, NonImmediateOops: No
[1,295s][debug][gc,nmethod  ] Register NMethod: java.lang.String.getBytesNoRepl (0x000072e47f521788) [0x000072e47f521880, 0x000072e47f522500] Compiler: c1, Barriers: 1, Oops: 0, ImmediateOops: 0, NonImmediateOops: No
[1,295s][debug][gc,nmethod  ] Register NMethod: java.lang.String.getBytesNoRepl1 (0x000072e47f522508) [0x000072e47f522600, 0x000072e47f523258] Compiler: c1, Barriers: 1, Oops: 0, ImmediateOops: 3, NonImmediateOops: No
[1,295s][debug][gc,nmethod  ] Register NMethod: java.util.jar.JarFile.match (0x000072e47f523288) [0x000072e47f523380, 0x000072e47f523890] Compiler: c1, Barriers: 0, Oops: 0, ImmediateOops: 0, NonImmediateOops: No
[1,296s][debug][gc,nmethod  ] Register NMethod: java.util.zip.ZipUtils.LOCSIG (0x000072e47f523908) [0x000072e47f523a00, 0x000072e47f523b18] Compiler: c1, Barriers: 0, Oops: 0, ImmediateOops: 0, NonImmediateOops: No
[1,296s][debug][gc,nmethod  ] Register NMethod: java.lang.Math.abs (0x000072e47f523c08) [0x000072e47f523d00, 0x000072e47f523e58] Compiler: c1, Barriers: 0, Oops: 0, ImmediateOops: 0, NonImmediateOops: No
[1,296s][debug][gc,nmethod  ] Register NMethod: java.util.zip.ZipFile$Source.checkAndAddEntry (0x000072e49ec10d08) [0x000072e49ec10e00, 0x000072e49ec11958] Compiler: jvmci, Barriers: 3, Oops: 0, ImmediateOops: 0, NonImmediateOops: No
[1,296s][debug][gc,nmethod  ] Register NMethod: sun.nio.fs.UnixPath.getFileSystem (0x000072e49ec11988) [0x000072e49ec11a80, 0x000072e49ec11b68] Compiler: c1, Barriers: 1, Oops: 0, ImmediateOops: 0, NonImmediateOops: No
[1,297s][debug][gc,director ] Rule Major: Warmup 10%, Used: 22MB, UsedThreshold: 1228MB
[1,297s][debug][gc,nmethod  ] Register NMethod: java.util.LinkedHashMap.newNode (0x000072e47f523f08) [0x000072e47f524000, 0x000072e47f5241e8] Compiler: c1, Barriers: 0, Oops: 0, ImmediateOops: 0, NonImmediateOops: No
[1,297s][debug][gc,nmethod  ] Register NMethod: java.util.LinkedHashMap$Entry.<init> (0x000072e47f524208) [0x000072e47f524300, 0x000072e47f524620] Compiler: c1, Barriers: 9, Oops: 0, ImmediateOops: 0, NonImmediateOops: No
[1,297s][debug][gc,nmethod  ] Register NMethod: java.util.LinkedHashMap.linkNodeAtEnd (0x000072e47f524688) [0x000072e47f524780, 0x000072e47f524db8] Compiler: c1, Barriers: 26, Oops: 0, ImmediateOops: 0, NonImmediateOops: No
[1,297s][debug][gc,nmethod  ] Register NMethod: java.util.LinkedHashMap.afterNodeInsertion (0x000072e47f524e08) [0x000072e47f524f00, 0x000072e47f525108] Compiler: c1, Barriers: 1, Oops: 0, ImmediateOops: 0, NonImmediateOops: No
[1,297s][debug][gc,nmethod  ] Register NMethod: java.util.zip.ZipFile$Source.nextEntryPos (0x000072e49ec11c88) [0x000072e49ec11d80, 0x000072e49ec11ed0] Compiler: jvmci, Barriers: 1, Oops: 0, ImmediateOops: 0, NonImmediateOops: No
[1,298s][debug][gc,nmethod  ] Register NMethod: java.util.zip.ZipFile$Source.isMetaName (0x000072e49ec11f88) [0x000072e49ec12080, 0x000072e49ec123b0] Compiler: jvmci, Barriers: 0, Oops: 0, ImmediateOops: 0, NonImmediateOops: No
[1,299s][debug][gc,nmethod  ] Register NMethod: java.lang.Math.max (0x000072e49ec12408) [0x000072e49ec12500, 0x000072e49ec12568] Compiler: jvmci, Barriers: 0, Oops: 0, ImmediateOops: 0, NonImmediateOops: No
[1,299s][debug][gc,nmethod  ] Register NMethod: java.nio.charset.Charset.name (0x000072e49ec12708) [0x000072e49ec12800, 0x000072e49ec128e8] Compiler: c1, Barriers: 1, Oops: 0, ImmediateOops: 0, NonImmediateOops: No
[1,301s][debug][gc,nmethod  ] Register NMethod: java.util.zip.ZipFile$Source.checkExtraFields (0x000072e47f525188) [0x000072e47f525280, 0x000072e47f526910] Compiler: c1, Barriers: 15, Oops: 3, ImmediateOops: 5, NonImmediateOops: No
[1,302s][debug][gc,nmethod  ] Register NMethod: java.lang.StringLatin1.indexOf (0x000072e49ec12a08) [0x000072e49ec12b00, 0x000072e49ec13058] Compiler: jvmci, Barriers: 0, Oops: 0, ImmediateOops: 0, NonImmediateOops: No
[1,303s][debug][gc,nmethod  ] Register NMethod: java.util.zip.ZipFile$Source.isMetaName (0x000072e47f526988) [0x000072e47f526a80, 0x000072e47f526ee0] Compiler: c1, Barriers: 0, Oops: 0, ImmediateOops: 0, NonImmediateOops: No
[1,305s][debug][gc,nmethod  ] Register NMethod: java.lang.Runtime$Version.feature (0x000072e47f526f08) [0x000072e47f527000, 0x000072e47f527720] Compiler: c1, Barriers: 1, Oops: 0, ImmediateOops: 0, NonImmediateOops: No
[1,306s][debug][gc,nmethod  ] Register NMethod: java.util.zip.ZipUtils.CENNAM (0x000072e49ec13088) [0x000072e49ec13180, 0x000072e49ec13258] Compiler: jvmci, Barriers: 0, Oops: 0, ImmediateOops: 0, NonImmediateOops: No
[1,306s][debug][gc,nmethod  ] Register NMethod: java.util.zip.ZipFile$Source.isManifestName (0x000072e47f527788) [0x000072e47f527880, 0x000072e47f527d88] Compiler: c1, Barriers: 1, Oops: 0, ImmediateOops: 0, NonImmediateOops: No
[1,307s][debug][gc,director ] Rule Major: Warmup 10%, Used: 56MB, UsedThreshold: 1228MB
[1,308s][debug][gc,nmethod  ] Register NMethod: java.util.Arrays.fill (0x000072e47f527e08) [0x000072e47f527f00, 0x000072e47f528088] Compiler: c1, Barriers: 0, Oops: 0, ImmediateOops: 0, NonImmediateOops: No
[1,308s][debug][gc,nmethod  ] Register NMethod: sun.nio.fs.UnixPath.normalizeAndCheck (0x000072e47f528108) [0x000072e47f528200, 0x000072e47f5294f8] Compiler: c1, Barriers: 3, Oops: 1, ImmediateOops: 3, NonImmediateOops: No
[1,308s][debug][gc,nmethod  ] Register NMethod: java.util.Collections$SetFromMap.add (0x000072e47f529508) [0x000072e47f529600, 0x000072e47f529998] Compiler: c1, Barriers: 1, Oops: 0, ImmediateOops: 1, NonImmediateOops: No
[1,309s][debug][gc,nmethod  ] Register NMethod: java.util.zip.ZipFile$Source.initCEN (0x000072e47f529a08) [0x000072e47f529b00, 0x000072e47f52d688] Compiler: c1, Barriers: 39, Oops: 8, ImmediateOops: 13, NonImmediateOops: No
[1,310s][debug][gc,nmethod  ] Register NMethod: java.lang.StringLatin1.indexOf (0x000072e49ec13388) [0x000072e49ec13480, 0x000072e49ec13770] Compiler: jvmci, Barriers: 0, Oops: 0, ImmediateOops: 0, NonImmediateOops: No
[1,310s][debug][gc,nmethod  ] Register NMethod: java.util.jar.Manifest$FastInputStream.peek (0x000072e47f52d708) [0x000072e47f52d800, 0x000072e47f52da30] Compiler: c1, Barriers: 1, Oops: 0, ImmediateOops: 0, NonImmediateOops: No
[1,310s][debug][gc,nmethod  ] Register NMethod: java.util.WeakHashMap$Entry.<init> (0x000072e47f52da88) [0x000072e47f52db80, 0x000072e47f52dfb8] Compiler: c1, Barriers: 12, Oops: 0, ImmediateOops: 1, NonImmediateOops: No
[1,311s][debug][gc,nmethod  ] Register NMethod: java.util.WeakHashMap.put (0x000072e47f52e008) [0x000072e47f52e100, 0x000072e47f52fa40] Compiler: c1, Barriers: 26, Oops: 0, ImmediateOops: 2, NonImmediateOops: No
[1,312s][debug][gc,nmethod  ] Register NMethod: java.util.zip.ZipFile$Source.isMetaName (0x000072e49ec13788) [0x000072e49ec13880, 0x000072e49ec13ae0] Compiler: jvmci, Barriers: 0, Oops: 0, ImmediateOops: 0, NonImmediateOops: No
[1,312s][debug][gc,nmethod  ] Register NMethod: java.util.zip.Inflater.needsInput (0x000072e47f52fa88) [0x000072e47f52fb80, 0x000072e47f5301a8] Compiler: c1, Barriers: 2, Oops: 0, ImmediateOops: 0, NonImmediateOops: No
[1,312s][debug][gc,nmethod  ] Register NMethod: java.lang.ThreadLocal.getMap (0x000072e47f530208) [0x000072e47f530300, 0x000072e47f530af0] Compiler: c1, Barriers: 3, Oops: 0, ImmediateOops: 0, NonImmediateOops: No
[1,312s][debug][gc,nmethod  ] Register NMethod: java.lang.Thread.terminatingThreadLocals (0x000072e47f530b08) [0x000072e47f530c00, 0x000072e47f530d68] Compiler: c1, Barriers: 2, Oops: 0, ImmediateOops: 0, NonImmediateOops: No
[1,312s][debug][gc,nmethod  ] Register NMethod: java.util.jar.Attributes$Name.hash (0x000072e47f530e08) [0x000072e47f530f00, 0x000072e47f532288] Compiler: c1, Barriers: 3, Oops: 2, ImmediateOops: 3, NonImmediateOops: No
[1,312s][debug][gc,nmethod  ] Register NMethod: java.nio.DirectLongBufferU.ix (0x000072e49ec13b08) [0x000072e49ec13c00, 0x000072e49ec13c90] Compiler: jvmci, Barriers: 0, Oops: 0, ImmediateOops: 0, NonImmediateOops: No
[1,313s][debug][gc,nmethod  ] Register NMethod: java.io.ByteArrayOutputStream.ensureCapacity (0x000072e47f532308) [0x000072e47f532400, 0x000072e47f5327c8] Compiler: c1, Barriers: 4, Oops: 0, ImmediateOops: 0, NonImmediateOops: No
[1,313s][debug][gc,nmethod  ] Register NMethod: java.io.ByteArrayOutputStream.write (0x000072e47f532808) [0x000072e47f532900, 0x000072e47f532e40] Compiler: c1, Barriers: 1, Oops: 0, ImmediateOops: 0, NonImmediateOops: No
[1,313s][debug][gc,nmethod  ] Register NMethod: java.util.jar.Attributes$Name.of (0x000072e47f532e88) [0x000072e47f532f80, 0x000072e47f5337f8] Compiler: c1, Barriers: 4, Oops: 1, ImmediateOops: 3, NonImmediateOops: No
[1,314s][debug][gc,nmethod  ] Register NMethod: java.util.jar.Attributes.putValue (0x000072e47f533808) [0x000072e47f533900, 0x000072e47f534798] Compiler: c1, Barriers: 4, Oops: 0, ImmediateOops: 1, NonImmediateOops: No
[1,314s][debug][gc,nmethod  ] Register NMethod: java.util.jar.Attributes.put (0x000072e47f534808) [0x000072e47f534900, 0x000072e47f535048] Compiler: c1, Barriers: 1, Oops: 0, ImmediateOops: 0, NonImmediateOops: No
[1,314s][debug][gc,nmethod  ] Register NMethod: java.util.zip.Inflater.inflate (0x000072e47f535088) [0x000072e47f535180, 0x000072e47f537f70] Compiler: c1, Barriers: 10, Oops: 1, ImmediateOops: 5, NonImmediateOops: No
[1,315s][debug][gc,nmethod  ] Register NMethod: java.lang.System$1.getCarrierThreadLocal (0x000072e47f537f88) [0x000072e47f538080, 0x000072e47f538440] Compiler: c1, Barriers: 1, Oops: 0, ImmediateOops: 0, NonImmediateOops: No
[1,315s][debug][gc,nmethod  ] Register NMethod: java.lang.ThreadLocal.getCarrierThreadLocal (0x000072e47f538488) [0x000072e47f538580, 0x000072e47f538718] Compiler: c1, Barriers: 1, Oops: 0, ImmediateOops: 0, NonImmediateOops: No
[1,315s][debug][gc,nmethod  ] Register NMethod: jdk.internal.misc.CarrierThreadLocal.get (0x000072e47f538788) [0x000072e47f538880, 0x000072e47f538ca0] Compiler: c1, Barriers: 1, Oops: 0, ImmediateOops: 1, NonImmediateOops: No
[1,315s][debug][gc,nmethod  ] Register NMethod: java.lang.ThreadLocal.get (0x000072e47f538d08) [0x000072e47f538e00, 0x000072e47f539248] Compiler: c1, Barriers: 1, Oops: 0, ImmediateOops: 0, NonImmediateOops: No
[1,315s][debug][gc,nmethod  ] Register NMethod: java.lang.ThreadLocal$ThreadLocalMap.getEntry (0x000072e47f539288) [0x000072e47f539380, 0x000072e47f539a80] Compiler: c1, Barriers: 2, Oops: 0, ImmediateOops: 0, NonImmediateOops: No
[1,315s][debug][gc,nmethod  ] Register NMethod: java.lang.ref.Reference.clear (0x000072e47f539a88) [0x000072e47f539b80, 0x000072e47f539e80] Compiler: c1, Barriers: 0, Oops: 0, ImmediateOops: 0, NonImmediateOops: No
[1,315s][debug][gc,nmethod  ] Register NMethod: java.util.Arrays.mismatch (0x000072e47f539e88) [0x000072e47f539f80, 0x000072e47f53a278] Compiler: c1, Barriers: 0, Oops: 0, ImmediateOops: 0, NonImmediateOops: No
[1,315s][debug][gc,nmethod  ] Register NMethod: jdk.internal.ref.PhantomCleanable.clean (0x000072e47f53a288) [0x000072e47f53a380, 0x000072e47f53aba0] Compiler: c1, Barriers: 1, Oops: 0, ImmediateOops: 0, NonImmediateOops: No
[1,315s][debug][gc,nmethod  ] Register NMethod: jdk.internal.ref.CleanerImpl$CleanableList.remove (0x000072e47f53ac08) [0x000072e47f53ad00, 0x000072e47f53bb30] Compiler: c1, Barriers: 30, Oops: 0, ImmediateOops: 0, NonImmediateOops: No
[1,315s][debug][gc,nmethod  ] Register NMethod: java.util.zip.ZipCoder$UTF8ZipCoder.compare (0x000072e47f53bb88) [0x000072e47f53bc80, 0x000072e47f53cd48] Compiler: c1, Barriers: 1, Oops: 1, ImmediateOops: 2, NonImmediateOops: No
[1,315s][debug][gc,nmethod  ] Register NMethod: java.lang.ref.PhantomReference.clearImpl (0x000072e47f53cd88) [0x000072e47f53ce80, 0x000072e47f53cfb0] Compiler: c1, Barriers: 0, Oops: 0, ImmediateOops: 0, NonImmediateOops: No
[1,315s][debug][gc,nmethod  ] Register NMethod: jdk.internal.ref.CleanerImpl$PhantomCleanableRef.performCleanup (0x000072e47f53d088) [0x000072e47f53d180, 0x000072e47f53d4c0] Compiler: c1, Barriers: 1, Oops: 0, ImmediateOops: 0, NonImmediateOops: No
[1,316s][debug][gc,nmethod  ] Register NMethod: java.util.zip.ZipFile.ensureOpenOrZipException (0x000072e47f53d508) [0x000072e47f53d600, 0x000072e47f53d7b8] Compiler: c1, Barriers: 0, Oops: 0, ImmediateOops: 1, NonImmediateOops: No
[1,316s][debug][gc,nmethod  ] Register NMethod: java.util.zip.ZipUtils.LOCNAM (0x000072e47f53d808) [0x000072e47f53d900, 0x000072e47f53da18] Compiler: c1, Barriers: 0, Oops: 0, ImmediateOops: 0, NonImmediateOops: No
[1,316s][debug][gc,nmethod  ] Register NMethod: java.util.zip.ZipUtils.LOCEXT (0x000072e47f53db08) [0x000072e47f53dc00, 0x000072e47f53dd18] Compiler: c1, Barriers: 0, Oops: 0, ImmediateOops: 0, NonImmediateOops: No
[1,316s][debug][gc,nmethod  ] Register NMethod: java.util.zip.ZipFile$ZipFileInputStream.read (0x000072e47f53de08) [0x000072e47f53df00, 0x000072e47f53e750] Compiler: c1, Barriers: 5, Oops: 0, ImmediateOops: 1, NonImmediateOops: No
[1,316s][debug][gc,nmethod  ] Register NMethod: java.util.zip.ZipFile$ZipFileInputStream.<init> (0x000072e47f53e788) [0x000072e47f53e880, 0x000072e47f53ef60] Compiler: c1, Barriers: 5, Oops: 0, ImmediateOops: 0, NonImmediateOops: No
[1,316s][debug][gc,nmethod  ] Register NMethod: java.util.zip.ZipFile$ZipFileInputStream.initDataOffset (0x000072e47f53ef88) [0x000072e47f53f080, 0x000072e47f53f6b8] Compiler: c1, Barriers: 3, Oops: 0, ImmediateOops: 2, NonImmediateOops: No
[1,316s][debug][gc,nmethod  ] Register NMethod: java.util.zip.ZipFile.getInputStream (0x000072e47f53f708) [0x000072e47f53f800, 0x000072e47f540d78] Compiler: c1, Barriers: 11, Oops: 1, ImmediateOops: 2, NonImmediateOops: No
[1,316s][debug][gc,nmethod  ] Register NMethod: java.util.zip.ZipFile$Source.readAt (0x000072e47f540d88) [0x000072e47f540e80, 0x000072e47f5415c0] Compiler: c1, Barriers: 3, Oops: 0, ImmediateOops: 2, NonImmediateOops: No
[1,316s][debug][gc,nmethod  ] Register NMethod: java.util.HashMap.tableSizeFor (0x000072e47f541608) [0x000072e47f541700, 0x000072e47f5418f0] Compiler: c1, Barriers: 0, Oops: 0, ImmediateOops: 0, NonImmediateOops: No
[1,316s][debug][gc,nmethod  ] Register NMethod: java.util.zip.ZipFile$ZipFileInflaterInputStream.close (0x000072e47f541908) [0x000072e47f541a00, 0x000072e47f542d10] Compiler: c1, Barriers: 10, Oops: 0, ImmediateOops: 0, NonImmediateOops: No
[1,317s][debug][gc,nmethod  ] Register NMethod: java.util.zip.ZipUtils.CENHOW (0x000072e49ec13e08) [0x000072e49ec13f00, 0x000072e49ec13fd8] Compiler: jvmci, Barriers: 0, Oops: 0, ImmediateOops: 0, NonImmediateOops: No
[1,317s][debug][gc,director ] Rule Major: Warmup 10%, Used: 56MB, UsedThreshold: 1228MB
[1,317s][debug][gc,nmethod  ] Register NMethod: java.util.HashMap.putIfAbsent (0x000072e49ec14108) [0x000072e49ec14220, 0x000072e49ec15a20] Compiler: jvmci, Barriers: 59, Oops: 0, ImmediateOops: 0, NonImmediateOops: No
[1,317s][debug][gc,nmethod  ] Rebuilding NMethod Table: 1024->2048 entries, 717(70%->35%) registered, 0(0%->0%) unregistered
[1,317s][debug][gc,nmethod  ] Register NMethod: java.util.zip.ZipEntry.isCENHeaderValid (0x000072e47f542d88) [0x000072e47f542e80, 0x000072e47f5439a0] Compiler: c1, Barriers: 2, Oops: 0, ImmediateOops: 0, NonImmediateOops: No
[1,317s][debug][gc,nmethod  ] Register NMethod: java.util.zip.ZipFile$InflaterCleanupAction.<init> (0x000072e47f543a08) [0x000072e47f543b00, 0x000072e47f543d48] Compiler: c1, Barriers: 6, Oops: 0, ImmediateOops: 0, NonImmediateOops: No
[1,317s][debug][gc,nmethod  ] Register NMethod: jdk.internal.misc.Unsafe.copyMemory0 (0x000072e49ec15a88) [0x000072e49ec15b80, 0x000072e49ec15cf0] Compiler: , Barriers: 0, Oops: 0, ImmediateOops: 0, NonImmediateOops: No
[1,317s][debug][gc,nmethod  ] Register NMethod: java.util.zip.ZipFile$CleanableResource.getInflater (0x000072e47f543d88) [0x000072e47f543e80, 0x000072e47f5445b0] Compiler: c1, Barriers: 2, Oops: 0, ImmediateOops: 0, NonImmediateOops: No
[1,317s][debug][gc,nmethod  ] Register NMethod: java.util.zip.ZipFile$ZipFileInflaterInputStream.fill (0x000072e47f544608) [0x000072e47f544700, 0x000072e47f544cf8] Compiler: c1, Barriers: 5, Oops: 0, ImmediateOops: 1, NonImmediateOops: No
[1,317s][debug][gc,nmethod  ] Register NMethod: java.util.zip.ZipFile$ZipFileInflaterInputStream.<init> (0x000072e47f544d08) [0x000072e47f544e00, 0x000072e47f545610] Compiler: c1, Barriers: 12, Oops: 1, ImmediateOops: 1, NonImmediateOops: No
[1,317s][debug][gc,nmethod  ] Register NMethod: java.util.zip.Inflater.setInput (0x000072e47f545688) [0x000072e47f545780, 0x000072e47f545c70] Compiler: c1, Barriers: 7, Oops: 1, ImmediateOops: 1, NonImmediateOops: No
[1,317s][debug][gc,nmethod  ] Register NMethod: java.util.zip.ZipFile$InflaterCleanupAction.run (0x000072e47f545c88) [0x000072e47f545d80, 0x000072e47f545f40] Compiler: c1, Barriers: 2, Oops: 0, ImmediateOops: 0, NonImmediateOops: No
[1,317s][debug][gc,nmethod  ] Register NMethod: java.util.zip.InflaterInputStream.<init> (0x000072e47f545f88) [0x000072e47f546080, 0x000072e47f5467a0] Compiler: c1, Barriers: 12, Oops: 0, ImmediateOops: 1, NonImmediateOops: No
[1,317s][debug][gc,nmethod  ] Register NMethod: java.util.zip.ZipFile$CleanableResource.releaseInflater (0x000072e47f546808) [0x000072e47f546900, 0x000072e47f546e58] Compiler: c1, Barriers: 2, Oops: 0, ImmediateOops: 0, NonImmediateOops: No
[1,318s][debug][gc,nmethod  ] Register NMethod: java.util.zip.Inflater.reset (0x000072e47f546e88) [0x000072e47f546f80, 0x000072e47f547448] Compiler: c1, Barriers: 8, Oops: 0, ImmediateOops: 1, NonImmediateOops: No
[1,318s][debug][gc,nmethod  ] Register NMethod: jdk.internal.misc.Unsafe.checkPointer (0x000072e47f547488) [0x000072e47f547580, 0x000072e47f5478f0] Compiler: c1, Barriers: 0, Oops: 0, ImmediateOops: 0, NonImmediateOops: No
[1,318s][debug][gc,nmethod  ] Register NMethod: jdk.internal.misc.Unsafe.checkPrimitivePointer (0x000072e47f547908) [0x000072e47f547a00, 0x000072e47f548468] Compiler: c1, Barriers: 2, Oops: 0, ImmediateOops: 0, NonImmediateOops: No
[1,318s][debug][gc,nmethod  ] Register NMethod: java.nio.file.attribute.FileTime.<init> (0x000072e47f548488) [0x000072e47f548580, 0x000072e47f5487d0] Compiler: c1, Barriers: 6, Oops: 0, ImmediateOops: 0, NonImmediateOops: No
[1,318s][debug][gc,nmethod  ] Register NMethod: java.nio.file.attribute.FileTime.from (0x000072e47f548808) [0x000072e47f548900, 0x000072e47f548cd8] Compiler: c1, Barriers: 3, Oops: 1, ImmediateOops: 1, NonImmediateOops: No
[1,319s][debug][gc,nmethod  ] Register NMethod: java.lang.Float.isNaN (0x000072e47f548d08) [0x000072e47f548e00, 0x000072e47f548f50] Compiler: c1, Barriers: 0, Oops: 0, ImmediateOops: 0, NonImmediateOops: No
[1,319s][debug][gc,nmethod  ] Register NMethod: java.net.URL.lowerCaseProtocol (0x000072e47f549008) [0x000072e47f549100, 0x000072e47f549eb0] Compiler: c1, Barriers: 2, Oops: 1, ImmediateOops: 8, NonImmediateOops: No
[1,320s][debug][gc,nmethod  ] Register NMethod: sun.nio.fs.UnixFileAttributes$UnixAsBasicFileAttributes.lastModifiedTime (0x000072e47f549f08) [0x000072e47f54a000, 0x000072e47f54a1e8] Compiler: c1, Barriers: 1, Oops: 0, ImmediateOops: 0, NonImmediateOops: No
[1,320s][debug][gc,nmethod  ] Register NMethod: sun.nio.fs.UnixFileAttributes.lastModifiedTime (0x000072e47f54a208) [0x000072e47f54a300, 0x000072e47f54a440] Compiler: c1, Barriers: 0, Oops: 0, ImmediateOops: 0, NonImmediateOops: No
[1,320s][debug][gc,nmethod  ] Register NMethod: java.lang.Math.addExact (0x000072e47f54a508) [0x000072e47f54a600, 0x000072e47f54a7f0] Compiler: c1, Barriers: 0, Oops: 0, ImmediateOops: 1, NonImmediateOops: No
[1,320s][debug][gc,nmethod  ] Register NMethod: java.lang.Math.multiplyExact (0x000072e47f54a808) [0x000072e47f54a900, 0x000072e47f54ada0] Compiler: c1, Barriers: 0, Oops: 0, ImmediateOops: 1, NonImmediateOops: No
[1,323s][debug][gc,nmethod  ] Register NMethod: sun.nio.fs.UnixFileSystem.provider (0x000072e49ec15d88) [0x000072e49ec15e80, 0x000072e49ec15f68] Compiler: c1, Barriers: 1, Oops: 0, ImmediateOops: 0, NonImmediateOops: No
[1,323s][debug][gc,nmethod  ] Register NMethod: sun.nio.fs.UnixFileSystem.needToResolveAgainstDefaultDirectory (0x000072e49ec16088) [0x000072e49ec16180, 0x000072e49ec16240] Compiler: c1, Barriers: 0, Oops: 0, ImmediateOops: 0, NonImmediateOops: No
[1,323s][debug][gc,nmethod  ] Register NMethod: java.net.URL.getDefaultPort (0x000072e47f54ae08) [0x000072e47f54af00, 0x000072e47f54b250] Compiler: c1, Barriers: 1, Oops: 0, ImmediateOops: 0, NonImmediateOops: No
[1,323s][debug][gc,nmethod  ] Register NMethod: sun.nio.fs.NativeBuffer.setOwner (0x000072e49ec16388) [0x000072e49ec16480, 0x000072e49ec165b0] Compiler: c1, Barriers: 3, Oops: 0, ImmediateOops: 0, NonImmediateOops: No
[1,323s][debug][gc,nmethod  ] Register NMethod: sun.nio.fs.NativeBuffer.size (0x000072e49ec16688) [0x000072e49ec16780, 0x000072e49ec16840] Compiler: c1, Barriers: 0, Oops: 0, ImmediateOops: 0, NonImmediateOops: No
[1,323s][debug][gc,nmethod  ] Register NMethod: sun.nio.fs.NativeBuffer.owner (0x000072e49ec16988) [0x000072e49ec16a80, 0x000072e49ec16b68] Compiler: c1, Barriers: 1, Oops: 0, ImmediateOops: 0, NonImmediateOops: No
[1,324s][debug][gc,nmethod  ] Register NMethod: sun.nio.fs.UnixNativeDispatcher.stat0 (0x000072e49ec16c88) [0x000072e49ec16d80, 0x000072e49ec16ef0] Compiler: , Barriers: 0, Oops: 0, ImmediateOops: 1, NonImmediateOops: No
[1,324s][debug][gc,nmethod  ] Register NMethod: sun.net.www.protocol.jar.Handler.checkNestedProtocol (0x000072e47f54b288) [0x000072e47f54b380, 0x000072e47f54b708] Compiler: c1, Barriers: 0, Oops: 0, ImmediateOops: 2, NonImmediateOops: No
[1,325s][debug][gc,nmethod  ] Register NMethod: java.net.URL.toExternalForm (0x000072e47f54b788) [0x000072e47f54b880, 0x000072e47f54bbb8] Compiler: c1, Barriers: 1, Oops: 0, ImmediateOops: 0, NonImmediateOops: No
[1,325s][debug][gc,nmethod  ] Register NMethod: java.net.URL.toString (0x000072e47f54bc08) [0x000072e47f54bd00, 0x000072e47f54c250] Compiler: c1, Barriers: 1, Oops: 0, ImmediateOops: 0, NonImmediateOops: No
[1,325s][debug][gc,nmethod  ] Register NMethod: java.util.zip.ZipCoder.charset (0x000072e49ec16f88) [0x000072e49ec17080, 0x000072e49ec17168] Compiler: c1, Barriers: 1, Oops: 0, ImmediateOops: 0, NonImmediateOops: No
[1,325s][debug][gc,nmethod  ] Register NMethod: sun.nio.fs.UnixFileAttributes$UnixAsBasicFileAttributes.fileKey (0x000072e47f54c288) [0x000072e47f54c380, 0x000072e47f54c508] Compiler: c1, Barriers: 1, Oops: 0, ImmediateOops: 0, NonImmediateOops: No
[1,325s][debug][gc,nmethod  ] Register NMethod: java.io.RandomAccessFile.open0 (0x000072e49ec17288) [0x000072e49ec17380, 0x000072e49ec174d8] Compiler: , Barriers: 0, Oops: 0, ImmediateOops: 0, NonImmediateOops: No
[1,325s][debug][gc,nmethod  ] Register NMethod: java.io.RandomAccessFile.length0 (0x000072e49ec17588) [0x000072e49ec17680, 0x000072e49ec177d8] Compiler: , Barriers: 0, Oops: 0, ImmediateOops: 0, NonImmediateOops: No
[1,325s][debug][gc,nmethod  ] Register NMethod: sun.nio.fs.UnixFileAttributes.fileKey (0x000072e47f54c588) [0x000072e47f54c680, 0x000072e47f54cbb8] Compiler: c1, Barriers: 6, Oops: 0, ImmediateOops: 0, NonImmediateOops: No
[1,325s][debug][gc,nmethod  ] Register NMethod: java.util.concurrent.TimeUnit.toMillis (0x000072e47f54cc08) [0x000072e47f54cd00, 0x000072e47f54cfb8] Compiler: c1, Barriers: 0, Oops: 0, ImmediateOops: 0, NonImmediateOops: No
[1,326s][debug][gc,nmethod  ] Register NMethod: java.net.URLStreamHandler.toExternalForm (0x000072e47f54d008) [0x000072e47f54d100, 0x000072e47f551540] Compiler: c1, Barriers: 6, Oops: 1, ImmediateOops: 9, NonImmediateOops: No
[1,326s][debug][gc,nmethod  ] Register NMethod: jdk.internal.loader.FileURLMapper.getPath (0x000072e47f551588) [0x000072e47f551680, 0x000072e47f552458] Compiler: c1, Barriers: 14, Oops: 0, ImmediateOops: 1, NonImmediateOops: No
[1,326s][debug][gc,nmethod  ] Register NMethod: sun.nio.fs.UnixFileKey.hashCode (0x000072e47f552488) [0x000072e47f552580, 0x000072e47f552700] Compiler: c1, Barriers: 0, Oops: 0, ImmediateOops: 0, NonImmediateOops: No
[1,326s][debug][gc,nmethod  ] Register NMethod: java.nio.charset.Charset.hashCode (0x000072e47f552788) [0x000072e47f552880, 0x000072e47f552d80] Compiler: c1, Barriers: 1, Oops: 0, ImmediateOops: 0, NonImmediateOops: No
[1,326s][debug][gc,nmethod  ] Register NMethod: java.util.jar.JavaUtilJarAccessImpl.entryFor (0x000072e47f552d88) [0x000072e47f552e80, 0x000072e47f553568] Compiler: c1, Barriers: 6, Oops: 0, ImmediateOops: 0, NonImmediateOops: No
[1,326s][debug][gc,nmethod  ] Register NMethod: java.nio.file.attribute.FileTime.toMillis (0x000072e47f553588) [0x000072e47f553680, 0x000072e47f553d48] Compiler: c1, Barriers: 3, Oops: 0, ImmediateOops: 0, NonImmediateOops: No
[1,326s][debug][gc,nmethod  ] Register NMethod: java.util.jar.JarEntry.<init> (0x000072e47f553d88) [0x000072e47f553e80, 0x000072e47f553fb0] Compiler: c1, Barriers: 0, Oops: 0, ImmediateOops: 0, NonImmediateOops: No
[1,326s][debug][gc,nmethod  ] Register NMethod: java.util.jar.JarFile$JarFileEntry.<init> (0x000072e47f554088) [0x000072e47f554180, 0x000072e47f554570] Compiler: c1, Barriers: 6, Oops: 0, ImmediateOops: 0, NonImmediateOops: No
[1,326s][debug][gc,nmethod  ] Register NMethod: java.util.zip.ZipEntry.<init> (0x000072e47f554588) [0x000072e47f554680, 0x000072e47f554b30] Compiler: c1, Barriers: 3, Oops: 1, ImmediateOops: 2, NonImmediateOops: No
[1,326s][debug][gc,nmethod  ] Register NMethod: java.util.jar.JarFile.entryFor (0x000072e47f554b88) [0x000072e47f554c80, 0x000072e47f555068] Compiler: c1, Barriers: 6, Oops: 0, ImmediateOops: 0, NonImmediateOops: No
[1,326s][debug][gc,nmethod  ] Register NMethod: java.util.zip.ZipUtils.CENCRC (0x000072e47f555088) [0x000072e47f555180, 0x000072e47f555290] Compiler: c1, Barriers: 0, Oops: 0, ImmediateOops: 0, NonImmediateOops: No
[1,326s][debug][gc,nmethod  ] Register NMethod: java.util.zip.ZipFile$Source$Key.hashCode (0x000072e47f555388) [0x000072e47f555480, 0x000072e47f556878] Compiler: c1, Barriers: 6, Oops: 0, ImmediateOops: 1, NonImmediateOops: No
[1,326s][debug][gc,nmethod  ] Register NMethod: java.util.zip.ZipUtils.CENTIM (0x000072e47f556888) [0x000072e47f556980, 0x000072e47f556a90] Compiler: c1, Barriers: 0, Oops: 0, ImmediateOops: 0, NonImmediateOops: No
[1,326s][debug][gc,nmethod  ] Register NMethod: java.util.zip.ZipUtils.CENVEM_FA (0x000072e47f556b88) [0x000072e47f556c80, 0x000072e47f556de8] Compiler: c1, Barriers: 0, Oops: 0, ImmediateOops: 0, NonImmediateOops: No
[1,327s][debug][gc,nmethod  ] Register NMethod: java.util.zip.ZipFile$Source.getMetaVersion (0x000072e47f556e88) [0x000072e47f556f80, 0x000072e47f557648] Compiler: c1, Barriers: 1, Oops: 0, ImmediateOops: 0, NonImmediateOops: No
[1,327s][debug][gc,nmethod  ] Register NMethod: java.util.zip.ZipFile$Source.isSignatureRelated (0x000072e47f557688) [0x000072e47f557780, 0x000072e47f557d88] Compiler: c1, Barriers: 1, Oops: 0, ImmediateOops: 0, NonImmediateOops: No
[1,327s][debug][gc,director ] Rule Major: Warmup 10%, Used: 58MB, UsedThreshold: 1228MB
[1,328s][debug][gc,nmethod  ] Register NMethod: java.lang.invoke.MemberName.isResolved (0x000072e47f557e08) [0x000072e47f557f00, 0x000072e47f558080] Compiler: c1, Barriers: 1, Oops: 0, ImmediateOops: 0, NonImmediateOops: No
[1,328s][debug][gc,nmethod  ] Register NMethod: java.lang.Class.cast (0x000072e47f558108) [0x000072e47f558200, 0x000072e47f558658] Compiler: c1, Barriers: 0, Oops: 0, ImmediateOops: 0, NonImmediateOops: No
[1,329s][debug][gc,nmethod  ] Register NMethod: jdk.internal.util.WeakReferenceKey.<init> (0x000072e47f558688) [0x000072e47f558780, 0x000072e47f558d88] Compiler: c1, Barriers: 6, Oops: 0, ImmediateOops: 1, NonImmediateOops: No
[1,329s][debug][gc,nmethod  ] Register NMethod: jdk.internal.util.ReferencedKeyMap.entryKey (0x000072e47f558e08) [0x000072e47f558f00, 0x000072e47f559718] Compiler: c1, Barriers: 8, Oops: 0, ImmediateOops: 1, NonImmediateOops: No
[1,330s][debug][gc,nmethod  ] Register NMethod: java.lang.StringUTF16.compress (0x000072e47f559788) [0x000072e47f559880, 0x000072e47f559ab0] Compiler: c1, Barriers: 0, Oops: 0, ImmediateOops: 0, NonImmediateOops: No
[1,330s][debug][gc,nmethod  ] Register NMethod: java.util.jar.Attributes.get (0x000072e47f559b08) [0x000072e47f559c00, 0x000072e47f559f40] Compiler: c1, Barriers: 1, Oops: 0, ImmediateOops: 0, NonImmediateOops: No
[1,330s][debug][gc,nmethod  ] Register NMethod: java.util.jar.Attributes.getValue (0x000072e47f559f88) [0x000072e47f55a080, 0x000072e47f55a620] Compiler: c1, Barriers: 1, Oops: 0, ImmediateOops: 0, NonImmediateOops: No
[1,332s][debug][gc,nmethod  ] Register NMethod: jdk.internal.loader.BuiltinClassLoader.loadClassOrNull (0x000072e47f55a688) [0x000072e47f55a780, 0x000072e47f55aa88] Compiler: c1, Barriers: 0, Oops: 0, ImmediateOops: 0, NonImmediateOops: No
[1,332s][debug][gc,nmethod  ] Register NMethod: jdk.internal.loader.BuiltinClassLoader.findLoadedModule (0x000072e47f55ab08) [0x000072e47f55ac00, 0x000072e47f55bdc0] Compiler: c1, Barriers: 1, Oops: 0, ImmediateOops: 1, NonImmediateOops: No
[1,332s][debug][gc,nmethod  ] Register NMethod: jdk.internal.loader.BuiltinClassLoader.loadClassOrNull (0x000072e47f55be08) [0x000072e47f55bf00, 0x000072e47f55d998] Compiler: c1, Barriers: 3, Oops: 0, ImmediateOops: 2, NonImmediateOops: No
[1,333s][debug][gc,nmethod  ] Register NMethod: java.lang.invoke.MethodHandles$Lookup.previousLookupClass (0x000072e49ec17888) [0x000072e49ec17980, 0x000072e49ec17a68] Compiler: c1, Barriers: 1, Oops: 0, ImmediateOops: 0, NonImmediateOops: No
[1,333s][debug][gc,nmethod  ] Register NMethod: jdk.internal.classfile.impl.StackMapGenerator$Type.referenceType (0x000072e47f55da08) [0x000072e47f55db00, 0x000072e47f55ddd0] Compiler: c1, Barriers: 3, Oops: 0, ImmediateOops: 0, NonImmediateOops: No
[1,333s][debug][gc,nmethod  ] Register NMethod: jdk.internal.classfile.impl.StackMapGenerator$Frame.pushStack (0x000072e47f55de08) [0x000072e47f55df00, 0x000072e47f55e360] Compiler: c1, Barriers: 4, Oops: 0, ImmediateOops: 0, NonImmediateOops: No
[1,333s][debug][gc,nmethod  ] Register NMethod: jdk.internal.classfile.impl.DirectClassBuilder.constantPool (0x000072e47f55e388) [0x000072e47f55e480, 0x000072e47f55e5c0] Compiler: c1, Barriers: 1, Oops: 0, ImmediateOops: 0, NonImmediateOops: No
[1,333s][debug][gc,nmethod  ] Register NMethod: jdk.internal.classfile.impl.RawBytecodeHelper.getIndexU2 (0x000072e47f55e688) [0x000072e47f55e780, 0x000072e47f55ea78] Compiler: c1, Barriers: 0, Oops: 0, ImmediateOops: 0, NonImmediateOops: No
[1,333s][debug][gc,nmethod  ] Register NMethod: jdk.internal.classfile.impl.RawBytecodeHelper.getU2Unchecked (0x000072e47f55ea88) [0x000072e47f55eb80, 0x000072e47f55ef08] Compiler: c1, Barriers: 2, Oops: 0, ImmediateOops: 1, NonImmediateOops: No
[1,333s][debug][gc,nmethod  ] Register NMethod: java.lang.invoke.MethodHandle.linkToSpecial (0x000072e49ec17b88) [0x000072e49ec17c80, 0x000072e49ec17d78] Compiler: , Barriers: 0, Oops: 0, ImmediateOops: 0, NonImmediateOops: No
[1,333s][debug][gc,nmethod  ] Register NMethod: java.lang.invoke.MethodHandle.invokeBasic (0x000072e49ec17e88) [0x000072e49ec17f80, 0x000072e49ec18218] Compiler: , Barriers: 0, Oops: 0, ImmediateOops: 0, NonImmediateOops: No
[1,333s][debug][gc,nmethod  ] Register NMethod: jdk.internal.classfile.impl.AbstractPoolEntry$AbstractRefEntry.writeTo (0x000072e47f55ef88) [0x000072e47f55f080, 0x000072e47f55f7d8] Compiler: c1, Barriers: 1, Oops: 0, ImmediateOops: 0, NonImmediateOops: No
[1,334s][debug][gc,nmethod  ] Register NMethod: java.lang.invoke.LambdaForm$Name.withIndex (0x000072e47f55f808) [0x000072e47f55f900, 0x000072e47f55fbe8] Compiler: c1, Barriers: 4, Oops: 0, ImmediateOops: 0, NonImmediateOops: No
[1,334s][debug][gc,nmethod  ] Register NMethod: jdk.internal.classfile.impl.StackMapGenerator$Frame.checkLocal (0x000072e47f55fc08) [0x000072e47f55fd00, 0x000072e47f560958] Compiler: c1, Barriers: 11, Oops: 1, ImmediateOops: 2, NonImmediateOops: No
[1,334s][debug][gc,nmethod  ] Register NMethod: jdk.internal.classfile.impl.BufWriterImpl.writeIndex (0x000072e47f560988) [0x000072e47f560a80, 0x000072e47f562ea8] Compiler: c1, Barriers: 1, Oops: 1, ImmediateOops: 3, NonImmediateOops: No
[1,334s][debug][gc,nmethod  ] Register NMethod: sun.invoke.util.VerifyAccess.isClassAccessible (0x000072e47f562f08) [0x000072e47f563000, 0x000072e47f564f80] Compiler: c1, Barriers: 4, Oops: 0, ImmediateOops: 3, NonImmediateOops: No
[1,334s][debug][gc,nmethod  ] Register NMethod: java.lang.reflect.Modifier.isStatic (0x000072e47f564f88) [0x000072e47f565080, 0x000072e47f5651b0] Compiler: c1, Barriers: 0, Oops: 0, ImmediateOops: 0, NonImmediateOops: No
[1,334s][debug][gc,nmethod  ] Register NMethod: jdk.internal.classfile.impl.AbstractAttributeMapper.allowMultiple (0x000072e49ec18288) [0x000072e49ec18380, 0x000072e49ec18440] Compiler: c1, Barriers: 0, Oops: 0, ImmediateOops: 0, NonImmediateOops: No
[1,334s][debug][gc,nmethod  ] Register NMethod: jdk.internal.classfile.impl.RawBytecodeHelper.opcode (0x000072e49ec18588) [0x000072e49ec18680, 0x000072e49ec18708] Compiler: jvmci, Barriers: 0, Oops: 0, ImmediateOops: 0, NonImmediateOops: No
[1,334s][debug][gc,nmethod  ] Register NMethod: jdk.internal.constant.MethodTypeDescImpl.returnType (0x000072e49ec18888) [0x000072e49ec18980, 0x000072e49ec18a68] Compiler: c1, Barriers: 1, Oops: 0, ImmediateOops: 0, NonImmediateOops: No
[1,334s][debug][gc,nmethod  ] Register NMethod: jdk.internal.classfile.impl.StackMapGenerator$Frame.decStack (0x000072e47f565288) [0x000072e47f565380, 0x000072e47f5655e0] Compiler: c1, Barriers: 2, Oops: 1, ImmediateOops: 1, NonImmediateOops: No
[1,334s][debug][gc,nmethod  ] Register NMethod: java.lang.reflect.Method.getName (0x000072e49ec18b88) [0x000072e49ec18c80, 0x000072e49ec18d68] Compiler: c1, Barriers: 1, Oops: 0, ImmediateOops: 0, NonImmediateOops: No
[1,335s][debug][gc,nmethod  ] Register NMethod: java.lang.Number.<init> (0x000072e47f565608) [0x000072e47f565700, 0x000072e47f565858] Compiler: c1, Barriers: 0, Oops: 0, ImmediateOops: 0, NonImmediateOops: No
[1,335s][debug][gc,nmethod  ] Register NMethod: java.lang.Long.<init> (0x000072e47f565908) [0x000072e47f565a00, 0x000072e47f565bc0] Compiler: c1, Barriers: 0, Oops: 0, ImmediateOops: 0, NonImmediateOops: No
[1,335s][debug][gc,nmethod  ] Register NMethod: java.lang.invoke.MethodHandle.linkToStatic (0x000072e49ec18e88) [0x000072e49ec18f80, 0x000072e49ec19070] Compiler: , Barriers: 0, Oops: 0, ImmediateOops: 0, NonImmediateOops: No
[1,335s][debug][gc,nmethod  ] Register NMethod: java.lang.invoke.MethodTypeForm.canonicalize (0x000072e47f565c08) [0x000072e47f565d00, 0x000072e47f5663b0] Compiler: c1, Barriers: 2, Oops: 0, ImmediateOops: 0, NonImmediateOops: No
[1,335s][debug][gc,nmethod  ] Register NMethod: java.lang.ref.SoftReference.get (0x000072e47f566408) [0x000072e47f566500, 0x000072e47f5666c0] Compiler: c1, Barriers: 2, Oops: 0, ImmediateOops: 1, NonImmediateOops: No
[1,335s][debug][gc,nmethod  ] Register NMethod: jdk.internal.util.ReferencedKeyMap.existingKey (0x000072e47f566708) [0x000072e47f566800, 0x000072e47f568510] Compiler: c1, Barriers: 11, Oops: 1, ImmediateOops: 0, NonImmediateOops: No
[1,335s][debug][gc,nmethod  ] Register NMethod: jdk.internal.util.ReferencedKeyMap.internKey (0x000072e47f568588) [0x000072e47f568680, 0x000072e47f569e28] Compiler: c1, Barriers: 5, Oops: 0, ImmediateOops: 0, NonImmediateOops: No
[1,336s][debug][gc,nmethod  ] Register NMethod: jdk.internal.classfile.impl.Util.powerOctal (0x000072e47f569e88) [0x000072e47f569f80, 0x000072e47f56a140] Compiler: c1, Barriers: 0, Oops: 1, ImmediateOops: 1, NonImmediateOops: No
[1,336s][debug][gc,nmethod  ] Register NMethod: java.lang.Character.reverseBytes (0x000072e47f56a188) [0x000072e47f56a280, 0x000072e47f56a378] Compiler: c1, Barriers: 0, Oops: 0, ImmediateOops: 0, NonImmediateOops: No
[1,336s][debug][gc,nmethod  ] Register NMethod: jdk.internal.misc.Unsafe.convEndian (0x000072e47f56a488) [0x000072e47f56a580, 0x000072e47f56a720] Compiler: c1, Barriers: 0, Oops: 0, ImmediateOops: 0, NonImmediateOops: No
[1,336s][debug][gc,nmethod  ] Register NMethod: jdk.internal.misc.Unsafe.getCharUnaligned (0x000072e47f56a788) [0x000072e47f56a880, 0x000072e47f56ac10] Compiler: c1, Barriers: 0, Oops: 0, ImmediateOops: 0, NonImmediateOops: No
[1,336s][debug][gc,nmethod  ] Register NMethod: java.lang.CharacterDataLatin1.toLowerCase (0x000072e47f56ac88) [0x000072e47f56ad80, 0x000072e47f56afc0] Compiler: c1, Barriers: 0, Oops: 0, ImmediateOops: 0, NonImmediateOops: No
[1,337s][debug][gc,nmethod  ] Register NMethod: java.lang.String.getBytes (0x000072e49ec19188) [0x000072e49ec19280, 0x000072e49ec195c0] Compiler: jvmci, Barriers: 1, Oops: 0, ImmediateOops: 0, NonImmediateOops: No
[1,337s][debug][gc,director ] Rule Major: Warmup 10%, Used: 58MB, UsedThreshold: 1228MB
[1,338s][debug][gc,nmethod  ] Register NMethod: java.lang.Enum.name (0x000072e49ec19608) [0x000072e49ec19700, 0x000072e49ec197e8] Compiler: c1, Barriers: 1, Oops: 0, ImmediateOops: 0, NonImmediateOops: No
[1,339s][debug][gc,nmethod  ] Register NMethod: java.lang.CharacterDataLatin1.toUpperCaseEx (0x000072e47f56b008) [0x000072e47f56b100, 0x000072e47f56b530] Compiler: c1, Barriers: 0, Oops: 0, ImmediateOops: 1, NonImmediateOops: No
[1,339s][debug][gc,nmethod  ] Register NMethod: java.util.concurrent.ConcurrentHashMap.put (0x000072e47f56b588) [0x000072e47f56b680, 0x000072e47f56b980] Compiler: c1, Barriers: 0, Oops: 0, ImmediateOops: 0, NonImmediateOops: No
[1,339s][debug][gc,nmethod  ] Register NMethod: sun.util.locale.BaseLocale.getLanguage (0x000072e49ec19908) [0x000072e49ec19a00, 0x000072e49ec19ae8] Compiler: c1, Barriers: 1, Oops: 0, ImmediateOops: 0, NonImmediateOops: No
[1,339s][debug][gc,nmethod  ] Register NMethod: java.util.concurrent.ConcurrentHashMap$Node.<init> (0x000072e47f56b988) [0x000072e47f56ba80, 0x000072e47f56bda8] Compiler: c1, Barriers: 9, Oops: 0, ImmediateOops: 0, NonImmediateOops: No
[1,339s][debug][gc,nmethod  ] Register NMethod: java.lang.StringLatin1.toUpperCase (0x000072e47f56be08) [0x000072e47f56bf00, 0x000072e47f56cfc8] Compiler: c1, Barriers: 5, Oops: 0, ImmediateOops: 4, NonImmediateOops: No
[1,339s][debug][gc,nmethod  ] Register NMethod: java.util.Objects.nonNull (0x000072e47f56d008) [0x000072e47f56d100, 0x000072e47f56d230] Compiler: c1, Barriers: 0, Oops: 0, ImmediateOops: 0, NonImmediateOops: No
[1,339s][debug][gc,nmethod  ] Register NMethod: java.lang.String.toUpperCase (0x000072e47f56d308) [0x000072e47f56d400, 0x000072e47f56d8b0] Compiler: c1, Barriers: 2, Oops: 0, ImmediateOops: 0, NonImmediateOops: No
[1,339s][debug][gc,nmethod  ] Register NMethod: java.util.Locale.getLanguage (0x000072e47f56d908) [0x000072e47f56da00, 0x000072e47f56dd40] Compiler: c1, Barriers: 2, Oops: 0, ImmediateOops: 0, NonImmediateOops: No
[1,340s][debug][gc,nmethod  ] Register NMethod: java.lang.StringLatin1.canEncode (0x000072e49ec19c08) [0x000072e49ec19d00, 0x000072e49ec19da0] Compiler: jvmci, Barriers: 0, Oops: 0, ImmediateOops: 0, NonImmediateOops: No
[1,340s][debug][gc,nmethod  ] Register NMethod: java.lang.StringCoding.countNonZeroAsciiLatin1 (0x000072e49ec19f08) [0x000072e49ec1a020, 0x000072e49ec1a3a8] Compiler: jvmci, Barriers: 0, Oops: 0, ImmediateOops: 0, NonImmediateOops: No
[1,340s][debug][gc,nmethod  ] Register NMethod: java.util.ArrayList$Itr.hasNext (0x000072e47f56dd88) [0x000072e47f56de80, 0x000072e47f56e010] Compiler: c1, Barriers: 1, Oops: 0, ImmediateOops: 0, NonImmediateOops: No
[1,340s][debug][gc,nmethod  ] Register NMethod: java.util.Properties.put (0x000072e47f56e088) [0x000072e47f56e180, 0x000072e47f56e680] Compiler: c1, Barriers: 1, Oops: 0, ImmediateOops: 0, NonImmediateOops: No
[1,340s][debug][gc,nmethod  ] Register NMethod: java.security.Provider$Service.getType (0x000072e49ec1a408) [0x000072e49ec1a500, 0x000072e49ec1a5e8] Compiler: c1, Barriers: 1, Oops: 0, ImmediateOops: 0, NonImmediateOops: No
[1,340s][debug][gc,nmethod  ] Register NMethod: java.security.Provider$Service.getAliases (0x000072e49ec1a708) [0x000072e49ec1a800, 0x000072e49ec1a8e8] Compiler: c1, Barriers: 1, Oops: 0, ImmediateOops: 0, NonImmediateOops: No
[1,340s][debug][gc,nmethod  ] Register NMethod: java.util.ArrayList$Itr.checkForComodification (0x000072e47f56e688) [0x000072e47f56e780, 0x000072e47f56e968] Compiler: c1, Barriers: 1, Oops: 0, ImmediateOops: 0, NonImmediateOops: No
[1,340s][debug][gc,nmethod  ] Register NMethod: java.security.Provider$Service.getAlgorithm (0x000072e49ec1aa08) [0x000072e49ec1ab00, 0x000072e49ec1abe8] Compiler: c1, Barriers: 1, Oops: 0, ImmediateOops: 0, NonImmediateOops: No
[1,340s][debug][gc,nmethod  ] Register NMethod: java.util.ArrayList$Itr.next (0x000072e47f56e988) [0x000072e47f56ea80, 0x000072e47f56f070] Compiler: c1, Barriers: 3, Oops: 0, ImmediateOops: 0, NonImmediateOops: No
[1,341s][debug][gc,nmethod  ] Register NMethod: sun.security.util.KnownOIDs.register (0x000072e47f56f088) [0x000072e47f56f180, 0x000072e47f577b08] Compiler: c1, Barriers: 24, Oops: 6, ImmediateOops: 22, NonImmediateOops: No
[1,341s][debug][gc,nmethod  ] Register NMethod: java.lang.Integer.rotateLeft (0x000072e47f577b88) [0x000072e47f577c80, 0x000072e47f577d70] Compiler: c1, Barriers: 0, Oops: 0, ImmediateOops: 0, NonImmediateOops: No
[1,341s][debug][gc,nmethod  ] Register NMethod: jdk.internal.misc.Unsafe.getIntUnaligned (0x000072e47f577e88) [0x000072e47f577f80, 0x000072e47f5781c8] Compiler: c1, Barriers: 0, Oops: 0, ImmediateOops: 0, NonImmediateOops: No
[1,341s][debug][gc,nmethod  ] Register NMethod: java.lang.invoke.VarForm.getMemberName (0x000072e47f578208) [0x000072e47f578300, 0x000072e47f578a80] Compiler: c1, Barriers: 4, Oops: 0, ImmediateOops: 1, NonImmediateOops: No
[1,341s][debug][gc,nmethod  ] Register NMethod: java.lang.invoke.VarHandleByteArrayAsInts$ArrayHandle.index (0x000072e47f578a88) [0x000072e47f578b80, 0x000072e47f578cb8] Compiler: c1, Barriers: 0, Oops: 1, ImmediateOops: 1, NonImmediateOops: No
[1,341s][debug][gc,nmethod  ] Register NMethod: java.lang.invoke.VarHandle.checkAccessModeThenIsDirect (0x000072e47f578d88) [0x000072e47f578e80, 0x000072e47f57a028] Compiler: c1, Barriers: 10, Oops: 0, ImmediateOops: 1, NonImmediateOops: No
[1,341s][debug][gc,nmethod  ] Register NMethod: java.lang.invoke.MemberName.getMethodOrFieldType (0x000072e47f57a088) [0x000072e47f57a180, 0x000072e47f57c618] Compiler: c1, Barriers: 0, Oops: 2, ImmediateOops: 5, NonImmediateOops: No
[1,341s][debug][gc,nmethod  ] Register NMethod: java.lang.invoke.VarHandleByteArrayAsInts$ArrayHandle.get (0x000072e47f57c688) [0x000072e47f57c780, 0x000072e47f57cf30] Compiler: c1, Barriers: 0, Oops: 2, ImmediateOops: 2, NonImmediateOops: No
[1,342s][debug][gc,nmethod  ] Register NMethod: java.lang.invoke.VarHandle.accessModeType (0x000072e47f57cf88) [0x000072e47f57d080, 0x000072e47f57df28] Compiler: c1, Barriers: 9, Oops: 0, ImmediateOops: 1, NonImmediateOops: No
[1,342s][debug][gc,nmethod  ] Register NMethod: java.lang.invoke.MethodHandle.invokeBasic (0x000072e49ec1ad08) [0x000072e49ec1ae00, 0x000072e49ec1b098] Compiler: , Barriers: 0, Oops: 0, ImmediateOops: 0, NonImmediateOops: No
[1,342s][debug][gc,nmethod  ] Register NMethod: java.lang.Math.min (0x000072e47f57df88) [0x000072e47f57e080, 0x000072e47f57e1a8] Compiler: c1, Barriers: 0, Oops: 0, ImmediateOops: 0, NonImmediateOops: No
[1,342s][debug][gc,nmethod  ] Register NMethod: java.lang.Integer.rotateLeft (0x000072e49ec1b108) [0x000072e49ec1b200, 0x000072e49ec1b270] Compiler: jvmci, Barriers: 0, Oops: 0, ImmediateOops: 0, NonImmediateOops: No
[1,342s][debug][gc,nmethod  ] Register NMethod: java.lang.invoke.VarHandleGuards.guard_LI_I (0x000072e47f57e288) [0x000072e47f57e380, 0x000072e47f581258] Compiler: c1, Barriers: 28, Oops: 0, ImmediateOops: 2, NonImmediateOops: No
[1,342s][debug][gc,nmethod  ] Register NMethod: java.lang.Throwable.fillInStackTrace (0x000072e47f581288) [0x000072e47f581380, 0x000072e47f581758] Compiler: c1, Barriers: 5, Oops: 0, ImmediateOops: 1, NonImmediateOops: No
[1,343s][debug][gc,nmethod  ] Register NMethod: java.util.jar.JarFile.isMultiRelease (0x000072e47f581788) [0x000072e47f581880, 0x000072e47f581a78] Compiler: c1, Barriers: 0, Oops: 0, ImmediateOops: 0, NonImmediateOops: No
[1,343s][debug][gc,nmethod  ] Register NMethod: java.util.WeakHashMap.getTable (0x000072e47f581a88) [0x000072e47f581b80, 0x000072e47f581cf8] Compiler: c1, Barriers: 1, Oops: 0, ImmediateOops: 0, NonImmediateOops: No
[1,343s][debug][gc,nmethod  ] Register NMethod: jdk.internal.perf.PerfCounter.increment (0x000072e47f581d88) [0x000072e47f581e80, 0x000072e47f581fc8] Compiler: c1, Barriers: 0, Oops: 0, ImmediateOops: 0, NonImmediateOops: No
[1,343s][debug][gc,nmethod  ] Register NMethod: java.io.ObjectStreamField.getName (0x000072e49ec1b408) [0x000072e49ec1b500, 0x000072e49ec1b5e8] Compiler: c1, Barriers: 1, Oops: 0, ImmediateOops: 0, NonImmediateOops: No
[1,344s][debug][gc,nmethod  ] Register NMethod: java.lang.invoke.MethodHandle.invokeBasic (0x000072e49ec1b708) [0x000072e49ec1b800, 0x000072e49ec1ba98] Compiler: , Barriers: 0, Oops: 0, ImmediateOops: 0, NonImmediateOops: No
[1,344s][debug][gc,nmethod  ] Register NMethod: java.lang.invoke.MethodHandle.linkToSpecial (0x000072e49ec1bb08) [0x000072e49ec1bc00, 0x000072e49ec1bcf8] Compiler: , Barriers: 0, Oops: 0, ImmediateOops: 0, NonImmediateOops: No
[1,344s][debug][gc,nmethod  ] Register NMethod: java.lang.AbstractStringBuilder.needsNewBuffer (0x000072e49ec1be08) [0x000072e49ec1bf00, 0x000072e49ec1bfe8] Compiler: jvmci, Barriers: 0, Oops: 0, ImmediateOops: 0, NonImmediateOops: No
[1,344s][debug][gc,nmethod  ] Register NMethod: java.lang.invoke.LambdaForm$BasicType.basicType (0x000072e47f582088) [0x000072e47f582180, 0x000072e47f582718] Compiler: c1, Barriers: 0, Oops: 0, ImmediateOops: 0, NonImmediateOops: No
[1,345s][debug][gc,nmethod  ] Register NMethod: sun.invoke.util.Wrapper.basicTypeChar (0x000072e47f582788) [0x000072e47f582880, 0x000072e47f582db0] Compiler: c1, Barriers: 0, Oops: 0, ImmediateOops: 0, NonImmediateOops: No
[1,345s][debug][gc,nmethod  ] Register NMethod: java.lang.invoke.LambdaForm$BasicType.basicType (0x000072e47f582e08) [0x000072e47f582f00, 0x000072e47f584208] Compiler: c1, Barriers: 0, Oops: 2, ImmediateOops: 10, NonImmediateOops: No
[1,345s][debug][gc,nmethod  ] Register NMethod: java.lang.invoke.MemberName.flagsMods (0x000072e47f584288) [0x000072e47f584380, 0x000072e47f584480] Compiler: c1, Barriers: 0, Oops: 0, ImmediateOops: 0, NonImmediateOops: No
[1,345s][debug][gc,nmethod  ] Register NMethod: java.lang.invoke.MemberName.init (0x000072e47f584588) [0x000072e47f584680, 0x000072e47f5848f8] Compiler: c1, Barriers: 9, Oops: 0, ImmediateOops: 0, NonImmediateOops: No
[1,346s][debug][gc,nmethod  ] Register NMethod: java.lang.invoke.MethodHandle.invokeBasic (0x000072e49ec1c108) [0x000072e49ec1c200, 0x000072e49ec1c498] Compiler: , Barriers: 0, Oops: 0, ImmediateOops: 0, NonImmediateOops: No
[1,346s][debug][gc,nmethod  ] Register NMethod: java.lang.invoke.MemberName.isStatic (0x000072e47f584908) [0x000072e47f584a00, 0x000072e47f584bb0] Compiler: c1, Barriers: 0, Oops: 0, ImmediateOops: 0, NonImmediateOops: No
[1,346s][debug][gc,nmethod  ] Register NMethod: java.lang.invoke.MethodType.genericMethodType (0x000072e47f584c08) [0x000072e47f584d00, 0x000072e47f586350] Compiler: c1, Barriers: 7, Oops: 1, ImmediateOops: 7, NonImmediateOops: No
[1,346s][debug][gc,nmethod  ] Register NMethod: java.util.Arrays.equals (0x000072e47f586388) [0x000072e47f586480, 0x000072e47f586b50] Compiler: c1, Barriers: 2, Oops: 0, ImmediateOops: 0, NonImmediateOops: No
[1,346s][debug][gc,nmethod  ] Register NMethod: jdk.internal.classfile.impl.AbstractPoolEntry$MethodRefEntryImpl.tag (0x000072e49ec1c508) [0x000072e49ec1c600, 0x000072e49ec1c6c0] Compiler: c1, Barriers: 0, Oops: 0, ImmediateOops: 0, NonImmediateOops: No
[1,347s][debug][gc,nmethod  ] Register NMethod: java.lang.invoke.MethodHandle.linkToStatic (0x000072e49ec1c808) [0x000072e49ec1c900, 0x000072e49ec1c9f0] Compiler: , Barriers: 0, Oops: 0, ImmediateOops: 0, NonImmediateOops: No
[1,347s][debug][gc,nmethod  ] Register NMethod: sun.invoke.util.Wrapper.forPrimitiveType (0x000072e47f586b88) [0x000072e47f586c80, 0x000072e47f588010] Compiler: c1, Barriers: 0, Oops: 1, ImmediateOops: 21, NonImmediateOops: No
[1,347s][debug][gc,nmethod  ] Register NMethod: java.lang.invoke.MethodHandle.invokeBasic (0x000072e49ec1cb08) [0x000072e49ec1cc00, 0x000072e49ec1ce98] Compiler: , Barriers: 0, Oops: 0, ImmediateOops: 0, NonImmediateOops: No
[1,347s][debug][gc,director ] Rule Major: Warmup 10%, Used: 58MB, UsedThreshold: 1228MB
[1,347s][debug][gc,nmethod  ] Register NMethod: jdk.internal.classfile.impl.AbstractPoolEntry$AbstractMemberRefEntry.nameAndType (0x000072e47f588088) [0x000072e47f588180, 0x000072e47f5884b8] Compiler: c1, Barriers: 1, Oops: 0, ImmediateOops: 0, NonImmediateOops: No
[1,347s][debug][gc,nmethod  ] Register NMethod: jdk.internal.classfile.impl.AbstractPoolEntry$AbstractMemberRefEntry.nameAndType (0x000072e47f588508) [0x000072e47f588600, 0x000072e47f588b50] Compiler: c1, Barriers: 1, Oops: 0, ImmediateOops: 0, NonImmediateOops: No
[1,347s][debug][gc,nmethod  ] Register NMethod: jdk.internal.classfile.impl.LabelImpl.setBCI (0x000072e49ec1cf08) [0x000072e49ec1d000, 0x000072e49ec1d0c0] Compiler: c1, Barriers: 0, Oops: 0, ImmediateOops: 0, NonImmediateOops: No
[1,348s][debug][gc,nmethod  ] Register NMethod: jdk.internal.classfile.impl.AttributeHolder.withAttribute (0x000072e47f588b88) [0x000072e47f588c80, 0x000072e47f589ee8] Compiler: c1, Barriers: 9, Oops: 0, ImmediateOops: 0, NonImmediateOops: No
[1,348s][debug][gc,nmethod  ] Register NMethod: jdk.internal.classfile.impl.AbstractPoolEntry$NameAndTypeEntryImpl.type (0x000072e47f589f08) [0x000072e47f58a000, 0x000072e47f58a350] Compiler: c1, Barriers: 1, Oops: 0, ImmediateOops: 0, NonImmediateOops: No
[1,349s][debug][gc,nmethod  ] Register NMethod: java.lang.invoke.LambdaForm.forceInterpretation (0x000072e47f58a388) [0x000072e47f58a480, 0x000072e47f58a5d0] Compiler: c1, Barriers: 0, Oops: 0, ImmediateOops: 0, NonImmediateOops: No
[1,349s][debug][gc,nmethod  ] Register NMethod: java.lang.Class.getSuperclass (0x000072e49ec1d208) [0x000072e49ec1d300, 0x000072e49ec1d620] Compiler: , Barriers: 0, Oops: 0, ImmediateOops: 0, NonImmediateOops: No
[1,349s][debug][gc,nmethod  ] Register NMethod: java.lang.System$1.uncheckedCountPositives (0x000072e49ec1d688) [0x000072e49ec1d780, 0x000072e49ec1d888] Compiler: jvmci, Barriers: 0, Oops: 0, ImmediateOops: 0, NonImmediateOops: No
[1,349s][debug][gc,nmethod  ] Register NMethod: jdk.internal.constant.MethodTypeDescImpl.descriptorString (0x000072e47f58a688) [0x000072e47f58a780, 0x000072e47f58a940] Compiler: c1, Barriers: 1, Oops: 0, ImmediateOops: 0, NonImmediateOops: No
[1,349s][debug][gc,nmethod  ] Register NMethod: java.lang.invoke.MemberName$Factory.resolve (0x000072e47f58a988) [0x000072e47f58aa80, 0x000072e47f58b9e8] Compiler: c1, Barriers: 7, Oops: 0, ImmediateOops: 0, NonImmediateOops: No
[1,349s][debug][gc,nmethod  ] Register NMethod: jdk.internal.classfile.impl.SplitConstantPool.utf8Entry (0x000072e47f58ba08) [0x000072e47f58bb00, 0x000072e47f58c020] Compiler: c1, Barriers: 5, Oops: 0, ImmediateOops: 0, NonImmediateOops: No
[1,349s][debug][gc,nmethod  ] Register NMethod: jdk.internal.classfile.impl.DirectMethodBuilder.methodTypeSymbol (0x000072e47f58c088) [0x000072e47f58c180, 0x000072e47f58c8e8] Compiler: c1, Barriers: 1, Oops: 0, ImmediateOops: 0, NonImmediateOops: No
[1,349s][debug][gc,nmethod  ] Register NMethod: java.lang.invoke.LambdaForm$Name.index (0x000072e49ec1d988) [0x000072e49ec1da80, 0x000072e49ec1db40] Compiler: c1, Barriers: 0, Oops: 0, ImmediateOops: 0, NonImmediateOops: No
[1,349s][debug][gc,nmethod  ] Register NMethod: java.lang.invoke.LambdaForm.argument (0x000072e47f58c908) [0x000072e47f58ca00, 0x000072e47f58ce70] Compiler: c1, Barriers: 2, Oops: 0, ImmediateOops: 1, NonImmediateOops: No
[1,349s][debug][gc,nmethod  ] Register NMethod: jdk.internal.classfile.impl.DirectCodeBuilder.curPc (0x000072e47f58ce88) [0x000072e47f58cf80, 0x000072e47f58d290] Compiler: c1, Barriers: 1, Oops: 0, ImmediateOops: 0, NonImmediateOops: No
[1,349s][debug][gc,nmethod  ] Register NMethod: java.lang.invoke.MemberName.getName (0x000072e47f58d308) [0x000072e47f58d400, 0x000072e47f58d9e8] Compiler: c1, Barriers: 5, Oops: 0, ImmediateOops: 0, NonImmediateOops: No
[1,350s][debug][gc,nmethod  ] Register NMethod: jdk.internal.classfile.impl.LabelImpl.<init> (0x000072e47f58da08) [0x000072e47f58db00, 0x000072e47f58dd38] Compiler: c1, Barriers: 3, Oops: 0, ImmediateOops: 0, NonImmediateOops: No
[1,350s][debug][gc,nmethod  ] Register NMethod: java.lang.invoke.LambdaForm$BasicType.basicTypeKind (0x000072e49ec1dc88) [0x000072e49ec1dd80, 0x000072e49ec1de68] Compiler: c1, Barriers: 1, Oops: 0, ImmediateOops: 0, NonImmediateOops: No
[1,350s][debug][gc,nmethod  ] Register NMethod: jdk.internal.classfile.impl.BufWriterImpl.thisClass (0x000072e49ec1df88) [0x000072e49ec1e080, 0x000072e49ec1e168] Compiler: c1, Barriers: 1, Oops: 0, ImmediateOops: 0, NonImmediateOops: No
[1,350s][debug][gc,nmethod  ] Register NMethod: jdk.internal.classfile.impl.DirectMethodBuilder.methodName (0x000072e49ec1e288) [0x000072e49ec1e380, 0x000072e49ec1e468] Compiler: c1, Barriers: 1, Oops: 0, ImmediateOops: 0, NonImmediateOops: No
[1,350s][debug][gc,nmethod  ] Register NMethod: java.lang.ClassLoader.findBootstrapClassOrNull (0x000072e47f58dd88) [0x000072e47f58de80, 0x000072e47f58e020] Compiler: c1, Barriers: 0, Oops: 0, ImmediateOops: 0, NonImmediateOops: No
[1,350s][debug][gc,nmethod  ] Register NMethod: java.lang.reflect.Field.getName (0x000072e49ec1e588) [0x000072e49ec1e680, 0x000072e49ec1e768] Compiler: c1, Barriers: 1, Oops: 0, ImmediateOops: 0, NonImmediateOops: No
[1,350s][debug][gc,nmethod  ] Register NMethod: java.lang.System$1.findBootstrapClassOrNull (0x000072e47f58e088) [0x000072e47f58e180, 0x000072e47f58e388] Compiler: c1, Barriers: 0, Oops: 0, ImmediateOops: 0, NonImmediateOops: No
[1,350s][debug][gc,nmethod  ] Register NMethod: jdk.internal.classfile.impl.AbstractPoolEntry$ClassEntryImpl.asSymbol (0x000072e47f58e408) [0x000072e47f58e500, 0x000072e47f592a90] Compiler: c1, Barriers: 16, Oops: 2, ImmediateOops: 11, NonImmediateOops: No
[1,351s][debug][gc,nmethod  ] Register NMethod: java.io.ObjectStreamField.getSignature (0x000072e47f592b08) [0x000072e47f592c00, 0x000072e47f593298] Compiler: c1, Barriers: 6, Oops: 0, ImmediateOops: 0, NonImmediateOops: No
[1,351s][debug][gc,nmethod  ] Register NMethod: java.lang.invoke.LambdaForm.uncustomize (0x000072e47f593308) [0x000072e47f593400, 0x000072e47f593878] Compiler: c1, Barriers: 2, Oops: 0, ImmediateOops: 0, NonImmediateOops: No
[1,351s][debug][gc,nmethod  ] Register NMethod: java.util.ArrayList.<init> (0x000072e47f593888) [0x000072e47f593980, 0x000072e47f593c20] Compiler: c1, Barriers: 3, Oops: 0, ImmediateOops: 1, NonImmediateOops: No
[1,352s][debug][gc,nmethod  ] Register NMethod: jdk.internal.loader.ClassLoaders$BootClassLoader.loadClassOrNull (0x000072e47f593c88) [0x000072e47f593d80, 0x000072e47f594000] Compiler: c1, Barriers: 0, Oops: 0, ImmediateOops: 1, NonImmediateOops: No
[1,352s][debug][gc,nmethod  ] Register NMethod: jdk.internal.loader.BuiltinClassLoader.loadClass (0x000072e47f594008) [0x000072e47f594100, 0x000072e47f5944d8] Compiler: c1, Barriers: 0, Oops: 0, ImmediateOops: 0, NonImmediateOops: No
[1,352s][debug][gc,nmethod  ] Register NMethod: worker.org.gradle.internal.classloader.FilteringClassLoader$TrieSet.find (0x000072e47f594508) [0x000072e47f594600, 0x000072e47f594788] Compiler: c1, Barriers: 1, Oops: 1, ImmediateOops: 0, NonImmediateOops: No
[1,352s][debug][gc,nmethod  ] Register NMethod: java.lang.ReflectiveOperationException.<init> (0x000072e47f594808) [0x000072e47f594900, 0x000072e47f594a90] Compiler: c1, Barriers: 0, Oops: 0, ImmediateOops: 0, NonImmediateOops: No
[1,352s][debug][gc,nmethod  ] Register NMethod: java.lang.Exception.<init> (0x000072e47f594b08) [0x000072e47f594c00, 0x000072e47f594d30] Compiler: c1, Barriers: 0, Oops: 0, ImmediateOops: 0, NonImmediateOops: No
[1,352s][debug][gc,nmethod  ] Register NMethod: java.lang.Throwable.<init> (0x000072e47f594e08) [0x000072e47f594f00, 0x000072e47f595740] Compiler: c1, Barriers: 16, Oops: 0, ImmediateOops: 3, NonImmediateOops: No
[1,352s][debug][gc,nmethod  ] Register NMethod: java.util.jar.Manifest.getEntries (0x000072e49ec1e888) [0x000072e49ec1e980, 0x000072e49ec1ea68] Compiler: c1, Barriers: 1, Oops: 0, ImmediateOops: 0, NonImmediateOops: No
[1,352s][debug][gc,nmethod  ] Register NMethod: java.util.jar.Manifest.getMainAttributes (0x000072e49ec1eb88) [0x000072e49ec1ec80, 0x000072e49ec1ed68] Compiler: c1, Barriers: 1, Oops: 0, ImmediateOops: 0, NonImmediateOops: No
[1,352s][debug][gc,nmethod  ] Register NMethod: worker.org.gradle.internal.classloader.FilteringClassLoader$Trie.find (0x000072e47f595788) [0x000072e47f595880, 0x000072e47f596540] Compiler: c1, Barriers: 2, Oops: 1, ImmediateOops: 0, NonImmediateOops: No
[1,353s][debug][gc,nmethod  ] Register NMethod: java.lang.Math.clamp (0x000072e47f596588) [0x000072e47f596680, 0x000072e47f597748] Compiler: c1, Barriers: 0, Oops: 1, ImmediateOops: 2, NonImmediateOops: No
[1,353s][debug][gc,nmethod  ] Register NMethod: java.lang.String.indexOf (0x000072e47f597788) [0x000072e47f597880, 0x000072e47f5980a0] Compiler: c1, Barriers: 1, Oops: 0, ImmediateOops: 0, NonImmediateOops: No
[1,353s][debug][gc,nmethod  ] Register NMethod: java.lang.String.indexOf (0x000072e47f598108) [0x000072e47f598200, 0x000072e47f598cb8] Compiler: c1, Barriers: 1, Oops: 0, ImmediateOops: 0, NonImmediateOops: No
[1,354s][debug][gc,nmethod  ] Register NMethod: sun.net.www.ParseUtil.encodePath (0x000072e47f598d08) [0x000072e47f598e00, 0x000072e47f598fe8] Compiler: c1, Barriers: 0, Oops: 0, ImmediateOops: 0, NonImmediateOops: No
[1,355s][debug][gc,nmethod  ] Register NMethod: jdk.internal.loader.URLClassPath.getResource (0x000072e47f599008) [0x000072e47f599100, 0x000072e47f599568] Compiler: c1, Barriers: 0, Oops: 0, ImmediateOops: 0, NonImmediateOops: No
[1,356s][debug][gc,nmethod  ] Register NMethod: java.util.WeakHashMap.remove (0x000072e47f599588) [0x000072e47f599680, 0x000072e47f59aa90] Compiler: c1, Barriers: 12, Oops: 0, ImmediateOops: 1, NonImmediateOops: No
[1,356s][debug][gc,nmethod  ] Register NMethod: java.util.concurrent.ConcurrentHashMap.computeIfAbsent (0x000072e47f59ab08) [0x000072e47f59ac00, 0x000072e47f59dda0] Compiler: c1, Barriers: 24, Oops: 0, ImmediateOops: 2, NonImmediateOops: No
[1,357s][debug][gc,director ] Rule Major: Warmup 10%, Used: 60MB, UsedThreshold: 1228MB
[1,357s][debug][gc,nmethod  ] Register NMethod: java.lang.StringLatin1.replace (0x000072e49ec1ee88) [0x000072e49ec1ef80, 0x000072e49ec1f558] Compiler: jvmci, Barriers: 2, Oops: 0, ImmediateOops: 0, NonImmediateOops: No
[1,358s][debug][gc,nmethod  ] Register NMethod: sun.net.util.URLUtil.urlNoFragString (0x000072e47f59de08) [0x000072e47f59df00, 0x000072e47f5a0fe8] Compiler: c1, Barriers: 7, Oops: 3, ImmediateOops: 10, NonImmediateOops: No
[1,358s][debug][gc,nmethod  ] Register NMethod: java.lang.StringBuilder.append (0x000072e49ec1f588) [0x000072e49ec1f680, 0x000072e49ec1fe30] Compiler: jvmci, Barriers: 5, Oops: 0, ImmediateOops: 0, NonImmediateOops: No
[1,358s][debug][gc,nmethod  ] Register NMethod: java.util.concurrent.ConcurrentHashMap.spread (0x000072e49ec1fe88) [0x000072e49ec1ff80, 0x000072e49ec1fff0] Compiler: jvmci, Barriers: 0, Oops: 0, ImmediateOops: 0, NonImmediateOops: No
[1,358s][debug][gc,nmethod  ] Register NMethod: worker.org.gradle.internal.classloader.FilteringClassLoader.loadClass (0x000072e47f5a1008) [0x000072e47f5a1100, 0x000072e47f5a2918] Compiler: c1, Barriers: 0, Oops: 3, ImmediateOops: 3, NonImmediateOops: No
[1,358s][debug][gc,nmethod  ] Register NMethod: java.lang.ClassLoader.loadClass (0x000072e47f5a2988) [0x000072e47f5a2a80, 0x000072e47f5a3ec0] Compiler: c1, Barriers: 1, Oops: 2, ImmediateOops: 3, NonImmediateOops: No
[1,359s][debug][gc,nmethod  ] Register NMethod: java.util.zip.ZipFile.getZipEntry (0x000072e47f5a3f08) [0x000072e47f5a4000, 0x000072e47f5a5e98] Compiler: c1, Barriers: 17, Oops: 0, ImmediateOops: 2, NonImmediateOops: No
[1,359s][debug][gc,nmethod  ] Register NMethod: jdk.internal.classfile.impl.DirectCodeBuilder.aload (0x000072e47f5a5f08) [0x000072e47f5a6000, 0x000072e47f5a63f0] Compiler: c1, Barriers: 1, Oops: 0, ImmediateOops: 0, NonImmediateOops: No
[1,360s][debug][gc,nmethod  ] Register NMethod: java.lang.invoke.MethodHandle.<init> (0x000072e47f5a6408) [0x000072e47f5a6500, 0x000072e47f5a6a78] Compiler: c1, Barriers: 6, Oops: 0, ImmediateOops: 0, NonImmediateOops: No
[1,360s][debug][gc,nmethod  ] Register NMethod: java.lang.invoke.LambdaForm.prepare (0x000072e47f5a6a88) [0x000072e47f5a6b80, 0x000072e47f5a7a60] Compiler: c1, Barriers: 6, Oops: 0, ImmediateOops: 0, NonImmediateOops: No
[1,360s][debug][gc,nmethod  ] Register NMethod: java.lang.System.identityHashCode (0x000072e49ec20188) [0x000072e49ec20280, 0x000072e49ec20410] Compiler: , Barriers: 0, Oops: 0, ImmediateOops: 1, NonImmediateOops: No
[1,361s][debug][gc,nmethod  ] Register NMethod: java.util.ImmutableCollections$AbstractImmutableList.<init> (0x000072e47f5a7a88) [0x000072e47f5a7b80, 0x000072e47f5a7d98] Compiler: c1, Barriers: 0, Oops: 0, ImmediateOops: 0, NonImmediateOops: No
[1,361s][debug][gc,nmethod  ] Register NMethod: jdk.internal.classfile.impl.SplitConstantPool.nameAndTypeEntry (0x000072e47f5a7e08) [0x000072e47f5a7f00, 0x000072e47f5a81f8] Compiler: c1, Barriers: 0, Oops: 0, ImmediateOops: 0, NonImmediateOops: No
[1,361s][debug][gc,nmethod  ] Register NMethod: java.util.BitSet.wordIndex (0x000072e47f5a8208) [0x000072e47f5a8300, 0x000072e47f5a83e8] Compiler: c1, Barriers: 0, Oops: 0, ImmediateOops: 0, NonImmediateOops: No
[1,361s][debug][gc,nmethod  ] Register NMethod: java.lang.CharacterDataLatin1.getProperties (0x000072e49ec20488) [0x000072e49ec20580, 0x000072e49ec20650] Compiler: jvmci, Barriers: 0, Oops: 0, ImmediateOops: 1, NonImmediateOops: No
[1,361s][debug][gc,nmethod  ] Register NMethod: jdk.internal.classfile.impl.BufWriterImpl.constantPool (0x000072e49ec20788) [0x000072e49ec20880, 0x000072e49ec20968] Compiler: c1, Barriers: 1, Oops: 0, ImmediateOops: 0, NonImmediateOops: No
[1,361s][debug][gc,nmethod  ] Register NMethod: jdk.internal.classfile.impl.AbstractAttributeMapper.name (0x000072e49ec20a88) [0x000072e49ec20b80, 0x000072e49ec20c68] Compiler: c1, Barriers: 1, Oops: 0, ImmediateOops: 0, NonImmediateOops: No
[1,361s][debug][gc,nmethod  ] Register NMethod: java.util.BitSet.checkInvariants (0x000072e47f5a8508) [0x000072e47f5a8600, 0x000072e47f5a8730] Compiler: c1, Barriers: 0, Oops: 0, ImmediateOops: 0, NonImmediateOops: No
[1,361s][debug][gc,nmethod  ] Register NMethod: jdk.internal.classfile.impl.SplitConstantPool.nameAndTypeEntry (0x000072e47f5a8808) [0x000072e47f5a8900, 0x000072e47f5a9600] Compiler: c1, Barriers: 0, Oops: 0, ImmediateOops: 0, NonImmediateOops: No
[1,361s][debug][gc,nmethod  ] Register NMethod: java.util.ImmutableCollections$ListN.size (0x000072e47f5a9608) [0x000072e47f5a9700, 0x000072e47f5a9838] Compiler: c1, Barriers: 1, Oops: 0, ImmediateOops: 0, NonImmediateOops: No
[1,361s][debug][gc,nmethod  ] Register NMethod: jdk.internal.classfile.impl.BufWriterImpl.setLabelContext (0x000072e47f5a9908) [0x000072e47f5a9a00, 0x000072e47f5a9b78] Compiler: c1, Barriers: 3, Oops: 0, ImmediateOops: 0, NonImmediateOops: No
[1,361s][debug][gc,nmethod  ] Register NMethod: jdk.internal.misc.Unsafe.getCharUnaligned (0x000072e47f5a9c08) [0x000072e47f5a9d00, 0x000072e47f5a9f28] Compiler: c1, Barriers: 0, Oops: 0, ImmediateOops: 0, NonImmediateOops: No
[1,361s][debug][gc,nmethod  ] Register NMethod: jdk.internal.classfile.impl.BufWriterImpl.writeU2U2U2 (0x000072e47f5a9f88) [0x000072e47f5aa080, 0x000072e47f5aa5a0] Compiler: c1, Barriers: 2, Oops: 0, ImmediateOops: 0, NonImmediateOops: No
[1,361s][debug][gc,nmethod  ] Register NMethod: java.util.BitSet.expandTo (0x000072e47f5aa608) [0x000072e47f5aa700, 0x000072e47f5aa888] Compiler: c1, Barriers: 0, Oops: 0, ImmediateOops: 0, NonImmediateOops: No
[1,362s][debug][gc,nmethod  ] Register NMethod: java.util.BitSet.set (0x000072e47f5aa908) [0x000072e47f5aaa00, 0x000072e47f5ab948] Compiler: c1, Barriers: 1, Oops: 1, ImmediateOops: 2, NonImmediateOops: No
[1,363s][debug][gc,nmethod  ] Register NMethod: java.lang.Module.isNamed (0x000072e47f5ab988) [0x000072e47f5aba80, 0x000072e47f5abc00] Compiler: c1, Barriers: 1, Oops: 0, ImmediateOops: 0, NonImmediateOops: No
[1,363s][debug][gc,nmethod  ] Register NMethod: java.lang.Class.reflectionData (0x000072e47f5abc88) [0x000072e47f5abd80, 0x000072e47f5ac3d8] Compiler: c1, Barriers: 1, Oops: 0, ImmediateOops: 0, NonImmediateOops: No
[1,363s][debug][gc,nmethod  ] Register NMethod: java.lang.reflect.Method.getModifiers (0x000072e49ec20d88) [0x000072e49ec20e80, 0x000072e49ec20f40] Compiler: c1, Barriers: 0, Oops: 0, ImmediateOops: 0, NonImmediateOops: No
[1,363s][debug][gc,nmethod  ] Register NMethod: jdk.internal.classfile.impl.BufWriterImpl.<init> (0x000072e47f5ac408) [0x000072e47f5ac500, 0x000072e47f5ac8d0] Compiler: c1, Barriers: 12, Oops: 0, ImmediateOops: 0, NonImmediateOops: No
[1,363s][debug][gc,nmethod  ] Register NMethod: jdk.internal.constant.ClassOrInterfaceDescImpl.equals (0x000072e47f5ac908) [0x000072e47f5aca00, 0x000072e47f5ad228] Compiler: c1, Barriers: 2, Oops: 0, ImmediateOops: 0, NonImmediateOops: No
[1,363s][debug][gc,nmethod  ] Register NMethod: jdk.internal.classfile.impl.DirectCodeBuilder.constantPool (0x000072e47f5ad288) [0x000072e47f5ad380, 0x000072e47f5ad4c0] Compiler: c1, Barriers: 1, Oops: 0, ImmediateOops: 0, NonImmediateOops: No
[1,363s][debug][gc,nmethod  ] Register NMethod: jdk.internal.classfile.impl.AbstractPoolEntry$ClassEntryImpl.<init> (0x000072e47f5ad588) [0x000072e47f5ad680, 0x000072e47f5ad868] Compiler: c1, Barriers: 3, Oops: 0, ImmediateOops: 0, NonImmediateOops: No
[1,363s][debug][gc,nmethod  ] Register NMethod: jdk.internal.classfile.impl.StackMapDecoder$StackMapFrameImpl.stack (0x000072e49ec21088) [0x000072e49ec21180, 0x000072e49ec21268] Compiler: c1, Barriers: 1, Oops: 0, ImmediateOops: 0, NonImmediateOops: No
[1,363s][debug][gc,nmethod  ] Register NMethod: jdk.internal.classfile.impl.StackCounter.addStackSlot (0x000072e47f5ad888) [0x000072e47f5ad980, 0x000072e47f5adab8] Compiler: c1, Barriers: 0, Oops: 0, ImmediateOops: 0, NonImmediateOops: No
[1,363s][debug][gc,nmethod  ] Register NMethod: java.lang.reflect.Array.newInstance (0x000072e47f5adb88) [0x000072e47f5adc80, 0x000072e47f5add90] Compiler: c1, Barriers: 0, Oops: 0, ImmediateOops: 0, NonImmediateOops: No
[1,364s][debug][gc,nmethod  ] Register NMethod: jdk.internal.classfile.impl.RawBytecodeHelper.<init> (0x000072e47f5ade88) [0x000072e47f5adf80, 0x000072e47f5ae150] Compiler: c1, Barriers: 3, Oops: 0, ImmediateOops: 0, NonImmediateOops: No
[1,364s][debug][gc,nmethod  ] Register NMethod: jdk.internal.classfile.impl.DirectCodeBuilder.labelToBci (0x000072e47f5ae188) [0x000072e47f5ae280, 0x000072e47f5ae9f0] Compiler: c1, Barriers: 1, Oops: 0, ImmediateOops: 0, NonImmediateOops: No
[1,364s][debug][gc,nmethod  ] Register NMethod: jdk.internal.classfile.impl.RawBytecodeHelper$CodeRange.start (0x000072e47f5aea08) [0x000072e47f5aeb00, 0x000072e47f5aed88] Compiler: c1, Barriers: 3, Oops: 0, ImmediateOops: 0, NonImmediateOops: No
[1,364s][debug][gc,nmethod  ] Register NMethod: java.lang.reflect.Method.getSharedParameterTypes (0x000072e49ec21388) [0x000072e49ec21480, 0x000072e49ec21568] Compiler: c1, Barriers: 1, Oops: 0, ImmediateOops: 0, NonImmediateOops: No
[1,364s][debug][gc,nmethod  ] Register NMethod: jdk.internal.classfile.impl.BufWriterImpl.writeIndex (0x000072e47f5aee08) [0x000072e47f5aef00, 0x000072e47f5b1698] Compiler: c1, Barriers: 3, Oops: 1, ImmediateOops: 3, NonImmediateOops: No
[1,366s][debug][gc,nmethod  ] Register NMethod: java.lang.invoke.DirectMethodHandle.constructorMethod (0x000072e47f5b1708) [0x000072e47f5b1800, 0x000072e47f5b1b20] Compiler: c1, Barriers: 1, Oops: 0, ImmediateOops: 0, NonImmediateOops: No
[1,366s][debug][gc,nmethod  ] Register NMethod: java.lang.invoke.DirectMethodHandle.allocateInstance (0x000072e47f5b1b88) [0x000072e47f5b1c80, 0x000072e47f5b21a0] Compiler: c1, Barriers: 1, Oops: 0, ImmediateOops: 1, NonImmediateOops: No
[1,366s][debug][gc,nmethod  ] Register NMethod: sun.reflect.generics.parser.SignatureParser.advance (0x000072e47f5b2208) [0x000072e47f5b2300, 0x000072e47f5b2918] Compiler: c1, Barriers: 2, Oops: 0, ImmediateOops: 0, NonImmediateOops: No
[1,366s][debug][gc,nmethod  ] Register NMethod: sun.reflect.generics.parser.SignatureParser.current (0x000072e47f5b2988) [0x000072e47f5b2a80, 0x000072e47f5b3890] Compiler: c1, Barriers: 2, Oops: 1, ImmediateOops: 2, NonImmediateOops: No
[1,366s][debug][gc,nmethod  ] Register NMethod: java.lang.Class.getModifiers (0x000072e49ec21688) [0x000072e49ec21780, 0x000072e49ec21840] Compiler: c1, Barriers: 0, Oops: 0, ImmediateOops: 0, NonImmediateOops: No
[1,366s][debug][gc,nmethod  ] Register NMethod: java.lang.Character.isWhitespace (0x000072e47f5b3908) [0x000072e47f5b3a00, 0x000072e47f5b3d30] Compiler: c1, Barriers: 0, Oops: 0, ImmediateOops: 0, NonImmediateOops: No
[1,366s][debug][gc,nmethod  ] Register NMethod: java.lang.CharacterDataLatin1.isWhitespace (0x000072e47f5b3d88) [0x000072e47f5b3e80, 0x000072e47f5b4220] Compiler: c1, Barriers: 0, Oops: 0, ImmediateOops: 1, NonImmediateOops: No
[1,366s][debug][gc,nmethod  ] Register NMethod: java.lang.reflect.Method.getReturnType (0x000072e49ec21988) [0x000072e49ec21a80, 0x000072e49ec21b68] Compiler: c1, Barriers: 1, Oops: 0, ImmediateOops: 0, NonImmediateOops: No
[1,366s][debug][gc,nmethod  ] Register NMethod: java.lang.Character.isWhitespace (0x000072e47f5b4288) [0x000072e47f5b4380, 0x000072e47f5b4708] Compiler: c1, Barriers: 0, Oops: 0, ImmediateOops: 0, NonImmediateOops: No
[1,367s][debug][gc,nmethod  ] Register NMethod: java.lang.ClassLoader.getDefinedPackage (0x000072e47f5b4788) [0x000072e47f5b4880, 0x000072e47f5b51d8] Compiler: c1, Barriers: 2, Oops: 1, ImmediateOops: 1, NonImmediateOops: No
[1,367s][debug][gc,nmethod  ] Register NMethod: java.util.HashMap.get (0x000072e49ec21c88) [0x000072e49ec21d80, 0x000072e49ec22560] Compiler: jvmci, Barriers: 12, Oops: 0, ImmediateOops: 0, NonImmediateOops: No
[1,367s][debug][gc,director ] Rule Major: Warmup 10%, Used: 60MB, UsedThreshold: 1228MB
[1,368s][debug][gc,nmethod  ] Register NMethod: java.util.WeakHashMap.put (0x000072e47f5b5208) [0x000072e47f5b5300, 0x000072e47f5b6de8] Compiler: c1, Barriers: 26, Oops: 0, ImmediateOops: 2, NonImmediateOops: No
[1,369s][debug][gc,nmethod  ] Register NMethod: java.lang.invoke.MethodHandle.linkToStatic (0x000072e49ec22588) [0x000072e49ec22680, 0x000072e49ec22770] Compiler: , Barriers: 0, Oops: 0, ImmediateOops: 0, NonImmediateOops: No
[1,369s][debug][gc,nmethod  ] Register NMethod: java.util.ArrayList.iterator (0x000072e47f5b6e08) [0x000072e47f5b6f00, 0x000072e47f5b7200] Compiler: c1, Barriers: 3, Oops: 0, ImmediateOops: 0, NonImmediateOops: No
[1,369s][debug][gc,nmethod  ] Register NMethod: java.util.ArrayList$Itr.<init> (0x000072e47f5b7208) [0x000072e47f5b7300, 0x000072e47f5b7630] Compiler: c1, Barriers: 3, Oops: 0, ImmediateOops: 0, NonImmediateOops: No
[1,369s][debug][gc,nmethod  ] Register NMethod: java.lang.invoke.MethodHandle.linkToStatic (0x000072e49ec22888) [0x000072e49ec22980, 0x000072e49ec22a70] Compiler: , Barriers: 0, Oops: 0, ImmediateOops: 0, NonImmediateOops: No
[1,369s][debug][gc,nmethod  ] Register NMethod: java.lang.invoke.MethodHandle.linkToVirtual (0x000072e49ec22b88) [0x000072e49ec22c80, 0x000072e49ec22ca8] Compiler: , Barriers: 0, Oops: 0, ImmediateOops: 0, NonImmediateOops: No
[1,369s][debug][gc,nmethod  ] Register NMethod: java.lang.invoke.MethodHandle.linkToVirtual (0x000072e49ec22e88) [0x000072e49ec22f80, 0x000072e49ec22fa8] Compiler: , Barriers: 0, Oops: 0, ImmediateOops: 0, NonImmediateOops: No
[1,370s][debug][gc,nmethod  ] Register NMethod: jdk.internal.classfile.impl.AbstractPoolEntry$AbstractMemberRefEntry.<init> (0x000072e47f5b7688) [0x000072e47f5b7780, 0x000072e47f5b78b0] Compiler: c1, Barriers: 0, Oops: 0, ImmediateOops: 0, NonImmediateOops: No
[1,370s][debug][gc,nmethod  ] Register NMethod: java.lang.invoke.InvokerBytecodeGenerator.classDesc (0x000072e47f5b7988) [0x000072e47f5b7a80, 0x000072e47f5b8d90] Compiler: c1, Barriers: 3, Oops: 1, ImmediateOops: 12, NonImmediateOops: No
[1,370s][debug][gc,nmethod  ] Register NMethod: java.lang.invoke.LambdaForm$BasicType.basicTypeClass (0x000072e49ec23188) [0x000072e49ec23280, 0x000072e49ec23368] Compiler: c1, Barriers: 1, Oops: 0, ImmediateOops: 0, NonImmediateOops: No
[1,370s][debug][gc,nmethod  ] Register NMethod: jdk.internal.classfile.impl.BufWriterImpl.writeU2U2 (0x000072e47f5b8e08) [0x000072e47f5b8f00, 0x000072e47f5b93c8] Compiler: c1, Barriers: 2, Oops: 0, ImmediateOops: 0, NonImmediateOops: No
[1,371s][debug][gc,nmethod  ] Register NMethod: jdk.internal.classfile.impl.ClassReaderImpl.checkType (0x000072e47f5b9408) [0x000072e47f5b9500, 0x000072e47f5b9fe0] Compiler: c1, Barriers: 0, Oops: 0, ImmediateOops: 0, NonImmediateOops: No
[1,371s][debug][gc,nmethod  ] Register NMethod: jdk.internal.classfile.impl.SplitConstantPool.entryByIndex (0x000072e47f5ba008) [0x000072e47f5ba100, 0x000072e47f5bae50] Compiler: c1, Barriers: 0, Oops: 0, ImmediateOops: 0, NonImmediateOops: No
[1,371s][debug][gc,nmethod  ] Register NMethod: java.lang.invoke.LambdaForm$NamedFunction.methodType (0x000072e47f5bae88) [0x000072e47f5baf80, 0x000072e47f5bb668] Compiler: c1, Barriers: 7, Oops: 0, ImmediateOops: 0, NonImmediateOops: No
[1,371s][debug][gc,nmethod  ] Register NMethod: java.lang.invoke.MethodType.erase (0x000072e47f5bb688) [0x000072e47f5bb780, 0x000072e47f5bbac0] Compiler: c1, Barriers: 2, Oops: 0, ImmediateOops: 0, NonImmediateOops: No
[1,371s][debug][gc,nmethod  ] Register NMethod: java.lang.ClassNotFoundException.<init> (0x000072e47f5bbb08) [0x000072e47f5bbc00, 0x000072e47f5bbe00] Compiler: c1, Barriers: 0, Oops: 0, ImmediateOops: 0, NonImmediateOops: No
[1,372s][debug][gc,nmethod  ] Register NMethod: java.net.URL.<init> (0x000072e47f5bbe08) [0x000072e47f5bbf00, 0x000072e47f5bc040] Compiler: c1, Barriers: 0, Oops: 0, ImmediateOops: 0, NonImmediateOops: No
[1,373s][debug][gc,nmethod  ] Register NMethod: java.net.URL.set (0x000072e47f5bc108) [0x000072e47f5bc200, 0x000072e47f5bd6f8] Compiler: c1, Barriers: 27, Oops: 1, ImmediateOops: 2, NonImmediateOops: No
[1,373s][debug][gc,nmethod  ] Register NMethod: java.net.URLStreamHandler.setURL (0x000072e47f5bd708) [0x000072e47f5bd800, 0x000072e47f5bf438] Compiler: c1, Barriers: 5, Oops: 1, ImmediateOops: 3, NonImmediateOops: No
[1,375s][debug][gc,nmethod  ] Register NMethod: java.net.URL.<init> (0x000072e47f5bf488) [0x000072e47f5bf580, 0x000072e47f5c5c98] Compiler: c1, Barriers: 55, Oops: 4, ImmediateOops: 14, NonImmediateOops: No
[1,376s][debug][gc,nmethod  ] Register NMethod: java.util.Arrays.fill (0x000072e47f5c5d08) [0x000072e47f5c5e00, 0x000072e47f5c6228] Compiler: c1, Barriers: 3, Oops: 0, ImmediateOops: 0, NonImmediateOops: No
[1,376s][debug][gc,nmethod  ] Register NMethod: java.lang.invoke.MethodTypeForm.cachedLambdaForm (0x000072e47f5c6288) [0x000072e47f5c6380, 0x000072e47f5c6978] Compiler: c1, Barriers: 2, Oops: 0, ImmediateOops: 0, NonImmediateOops: No
[1,376s][debug][gc,nmethod  ] Register NMethod: java.lang.invoke.InnerClassLambdaMetafactory.classDesc (0x000072e47f5c6988) [0x000072e47f5c6a80, 0x000072e47f5c7b38] Compiler: c1, Barriers: 3, Oops: 1, ImmediateOops: 2, NonImmediateOops: No
[1,376s][debug][gc,nmethod  ] Register NMethod: jdk.internal.classfile.impl.BufWriterImpl.getMajorVersion (0x000072e49ec23488) [0x000072e49ec23580, 0x000072e49ec23640] Compiler: c1, Barriers: 0, Oops: 0, ImmediateOops: 0, NonImmediateOops: No
[1,376s][debug][gc,nmethod  ] Register NMethod: jdk.internal.classfile.impl.StackMapGenerator.maxStack (0x000072e49ec23788) [0x000072e49ec23880, 0x000072e49ec23940] Compiler: c1, Barriers: 0, Oops: 0, ImmediateOops: 0, NonImmediateOops: No
[1,376s][debug][gc,nmethod  ] Register NMethod: jdk.internal.classfile.impl.RawBytecodeHelper$CodeRange.length (0x000072e49ec23a88) [0x000072e49ec23b80, 0x000072e49ec23c40] Compiler: c1, Barriers: 0, Oops: 0, ImmediateOops: 0, NonImmediateOops: No
[1,376s][debug][gc,nmethod  ] Register NMethod: jdk.internal.classfile.impl.StackMapGenerator.maxLocals (0x000072e49ec23d88) [0x000072e49ec23e80, 0x000072e49ec23f40] Compiler: c1, Barriers: 0, Oops: 0, ImmediateOops: 0, NonImmediateOops: No
[1,377s][debug][gc,nmethod  ] Register NMethod: java.lang.invoke.MethodType.basicType (0x000072e47f5c7b88) [0x000072e47f5c7c80, 0x000072e47f5c7fc0] Compiler: c1, Barriers: 2, Oops: 0, ImmediateOops: 0, NonImmediateOops: No
[1,377s][debug][gc,nmethod  ] Register NMethod: java.lang.invoke.LambdaForm$Holder.constant_L (0x000072e47f5c8008) [0x000072e47f5c8100, 0x000072e47f5c8420] Compiler: c1, Barriers: 1, Oops: 0, ImmediateOops: 0, NonImmediateOops: No
[1,377s][debug][gc,nmethod  ] Register NMethod: java.lang.invoke.Invokers$Holder.linkToTargetMethod (0x000072e47f5c8488) [0x000072e47f5c8580, 0x000072e47f5c8a68] Compiler: c1, Barriers: 0, Oops: 0, ImmediateOops: 0, NonImmediateOops: No
[1,377s][debug][gc,director ] Rule Major: Warmup 10%, Used: 60MB, UsedThreshold: 1228MB
[1,379s][debug][gc,nmethod  ] Register NMethod: java.lang.invoke.MethodHandle.linkToSpecial (0x000072e49ec24088) [0x000072e49ec24180, 0x000072e49ec24278] Compiler: , Barriers: 0, Oops: 0, ImmediateOops: 0, NonImmediateOops: No
[1,379s][debug][gc,nmethod  ] Register NMethod: java.lang.invoke.MethodType.parameterSlotCount (0x000072e47f5c8a88) [0x000072e47f5c8b80, 0x000072e47f5c8e90] Compiler: c1, Barriers: 1, Oops: 0, ImmediateOops: 0, NonImmediateOops: No
[1,380s][debug][gc,nmethod  ] Register NMethod: java.lang.invoke.MethodType.parameterType (0x000072e49ec24388) [0x000072e49ec24480, 0x000072e49ec245c0] Compiler: jvmci, Barriers: 2, Oops: 0, ImmediateOops: 0, NonImmediateOops: No
[1,381s][debug][gc,nmethod  ] Register NMethod: java.lang.Double.longBitsToDouble (0x000072e49ec24688) [0x000072e49ec24780, 0x000072e49ec248e0] Compiler: , Barriers: 0, Oops: 0, ImmediateOops: 1, NonImmediateOops: No
[1,381s][debug][gc,nmethod  ] Register NMethod: jdk.internal.util.ClassFileDumper.isEnabled (0x000072e49ec24988) [0x000072e49ec24a80, 0x000072e49ec24b40] Compiler: c1, Barriers: 0, Oops: 0, ImmediateOops: 0, NonImmediateOops: No
[1,382s][debug][gc,nmethod  ] Register NMethod: java.util.Properties$LineReader.readLine (0x000072e47f5c8f08) [0x000072e47f5c9000, 0x000072e47f5cc508] Compiler: c1, Barriers: 14, Oops: 0, ImmediateOops: 0, NonImmediateOops: No
[1,383s][debug][gc,nmethod  ] Register NMethod: java.lang.invoke.MethodType.parameterCount (0x000072e49ec24c88) [0x000072e49ec24d80, 0x000072e49ec24e60] Compiler: jvmci, Barriers: 1, Oops: 0, ImmediateOops: 0, NonImmediateOops: No
[1,383s][debug][gc,nmethod  ] Register NMethod: java.lang.Class.getReflectionFactory (0x000072e47f5cc588) [0x000072e47f5cc680, 0x000072e47f5cc8f8] Compiler: c1, Barriers: 4, Oops: 0, ImmediateOops: 4, NonImmediateOops: No
[1,385s][debug][gc,nmethod  ] Register NMethod: java.util.zip.ZipFile$ZipFileInflaterInputStream.<init> (0x000072e47f5cc908) [0x000072e47f5cca00, 0x000072e47f5ccba8] Compiler: c1, Barriers: 0, Oops: 0, ImmediateOops: 0, NonImmediateOops: No
[1,386s][debug][gc,nmethod  ] Register NMethod: java.util.concurrent.ConcurrentHashMap.setTabAt (0x000072e49ec24f88) [0x000072e49ec25080, 0x000072e49ec25150] Compiler: jvmci, Barriers: 3, Oops: 0, ImmediateOops: 0, NonImmediateOops: No
[1,387s][debug][gc,director ] Rule Major: Warmup 10%, Used: 60MB, UsedThreshold: 1228MB
[1,388s][debug][gc,nmethod  ] Register NMethod: sun.net.www.protocol.jar.Handler.indexOfBangSlash (0x000072e47f5ccc08) [0x000072e47f5ccd00, 0x000072e47f5ce600] Compiler: c1, Barriers: 4, Oops: 1, ImmediateOops: 2, NonImmediateOops: No
[1,388s][debug][gc,nmethod  ] Register NMethod: sun.net.www.protocol.jar.Handler.parseURL (0x000072e47f5ce688) [0x000072e47f5ce780, 0x000072e47f5d0298] Compiler: c1, Barriers: 3, Oops: 0, ImmediateOops: 3, NonImmediateOops: No
[1,388s][debug][gc,nmethod  ] Register NMethod: sun.net.www.protocol.jar.Handler.canonicalizeString (0x000072e47f5d0308) [0x000072e47f5d0400, 0x000072e47f5d2ab0] Compiler: c1, Barriers: 4, Oops: 1, ImmediateOops: 4, NonImmediateOops: No
[1,388s][debug][gc,nmethod  ] Register NMethod: sun.net.www.protocol.jar.Handler.parseContextSpec (0x000072e47f5d2b08) [0x000072e47f5d2c00, 0x000072e47f5d69b0] Compiler: c1, Barriers: 11, Oops: 3, ImmediateOops: 8, NonImmediateOops: No
[1,389s][debug][gc,nmethod  ] Register NMethod: jdk.internal.loader.URLClassPath$JarLoader$1.<init> (0x000072e47f5d6a08) [0x000072e47f5d6b00, 0x000072e47f5d7060] Compiler: c1, Barriers: 15, Oops: 0, ImmediateOops: 0, NonImmediateOops: No
[1,389s][debug][gc,nmethod  ] Register NMethod: java.lang.ClassLoader.addClass (0x000072e47f5d7088) [0x000072e47f5d7180, 0x000072e47f5d7980] Compiler: c1, Barriers: 6, Oops: 0, ImmediateOops: 0, NonImmediateOops: No
[1,389s][debug][gc,nmethod  ] Register NMethod: java.net.URLStreamHandler.setURL (0x000072e47f5d7988) [0x000072e47f5d7a80, 0x000072e47f5dbe30] Compiler: c1, Barriers: 5, Oops: 1, ImmediateOops: 2, NonImmediateOops: No
[1,389s][debug][gc,nmethod  ] Register NMethod: jdk.internal.loader.Resource.<init> (0x000072e47f5dbe88) [0x000072e47f5dbf80, 0x000072e47f5dc0d8] Compiler: c1, Barriers: 0, Oops: 0, ImmediateOops: 0, NonImmediateOops: No
[1,389s][debug][gc,nmethod  ] Register NMethod: jdk.internal.loader.URLClassPath$JarLoader$1.getCodeSourceURL (0x000072e47f5dc188) [0x000072e47f5dc280, 0x000072e47f5dc3e8] Compiler: c1, Barriers: 2, Oops: 0, ImmediateOops: 0, NonImmediateOops: No
[1,389s][debug][gc,nmethod  ] Register NMethod: jdk.internal.loader.Resource.getBytes (0x000072e47f5dc488) [0x000072e47f5dc580, 0x000072e47f5dda70] Compiler: c1, Barriers: 9, Oops: 0, ImmediateOops: 1, NonImmediateOops: No
[1,389s][debug][gc,nmethod  ] Register NMethod: java.util.jar.JavaUtilJarAccessImpl.ensureInitialization (0x000072e47f5dda88) [0x000072e47f5ddb80, 0x000072e47f5dde80] Compiler: c1, Barriers: 0, Oops: 0, ImmediateOops: 0, NonImmediateOops: No
[1,389s][debug][gc,nmethod  ] Register NMethod: java.lang.ClassLoader.getNamedPackage (0x000072e47f5dde88) [0x000072e47f5ddf80, 0x000072e47f5de908] Compiler: c1, Barriers: 2, Oops: 0, ImmediateOops: 0, NonImmediateOops: No
[1,389s][debug][gc,nmethod  ] Register NMethod: java.util.jar.JarFile.getInputStream (0x000072e47f5de988) [0x000072e47f5dea80, 0x000072e47f5df3d0] Compiler: c1, Barriers: 3, Oops: 1, ImmediateOops: 1, NonImmediateOops: No
[1,389s][debug][gc,nmethod  ] Register NMethod: java.lang.ClassLoader.postDefineClass (0x000072e47f5df408) [0x000072e47f5df500, 0x000072e47f5e0a00] Compiler: c1, Barriers: 6, Oops: 0, ImmediateOops: 0, NonImmediateOops: No
[1,389s][debug][gc,nmethod  ] Register NMethod: jdk.internal.loader.URLClassPath$JarLoader$1.getManifest (0x000072e47f5e0a08) [0x000072e47f5e0b00, 0x000072e47f5e17f0] Compiler: c1, Barriers: 6, Oops: 1, ImmediateOops: 4, NonImmediateOops: No
[1,389s][debug][gc,nmethod  ] Register NMethod: java.util.jar.JarFile.ensureInitialization (0x000072e47f5e1808) [0x000072e47f5e1900, 0x000072e47f5e20f0] Compiler: c1, Barriers: 4, Oops: 0, ImmediateOops: 0, NonImmediateOops: No
[1,390s][debug][gc,nmethod  ] Register NMethod: java.util.jar.JarFile.getManifest (0x000072e47f5e2108) [0x000072e47f5e2200, 0x000072e47f5e2330] Compiler: c1, Barriers: 0, Oops: 0, ImmediateOops: 0, NonImmediateOops: No
[1,390s][debug][gc,nmethod  ] Register NMethod: java.util.zip.CRC32.<init> (0x000072e47f5e2408) [0x000072e47f5e2500, 0x000072e47f5e2658] Compiler: c1, Barriers: 0, Oops: 0, ImmediateOops: 0, NonImmediateOops: No
[1,390s][debug][gc,nmethod  ] Register NMethod: jdk.internal.loader.URLClassPath$JarLoader$1.getContentLength (0x000072e47f5e2708) [0x000072e47f5e2800, 0x000072e47f5e2b18] Compiler: c1, Barriers: 1, Oops: 0, ImmediateOops: 0, NonImmediateOops: No
[1,390s][debug][gc,nmethod  ] Register NMethod: java.lang.invoke.MethodHandle.linkToVirtual (0x000072e49ec25288) [0x000072e49ec25380, 0x000072e49ec253a8] Compiler: , Barriers: 0, Oops: 0, ImmediateOops: 0, NonImmediateOops: No
[1,390s][debug][gc,nmethod  ] Register NMethod: jdk.internal.loader.Resource.getByteBuffer (0x000072e47f5e2b88) [0x000072e47f5e2c80, 0x000072e47f5e39f8] Compiler: c1, Barriers: 8, Oops: 0, ImmediateOops: 0, NonImmediateOops: No
[1,390s][debug][gc,nmethod  ] Register NMethod: jdk.internal.loader.URLClassPath$JarLoader$1.getBytes (0x000072e47f5e3a08) [0x000072e47f5e3b00, 0x000072e47f5e43e8] Compiler: c1, Barriers: 4, Oops: 0, ImmediateOops: 1, NonImmediateOops: No
[1,390s][debug][gc,nmethod  ] Register NMethod: java.util.zip.Checksum.update (0x000072e47f5e4408) [0x000072e47f5e4500, 0x000072e47f5e4688] Compiler: c1, Barriers: 0, Oops: 0, ImmediateOops: 0, NonImmediateOops: No
[1,390s][debug][gc,nmethod  ] Register NMethod: java.util.zip.CRC32.updateBytesCheck (0x000072e47f5e4708) [0x000072e47f5e4800, 0x000072e47f5e4b20] Compiler: c1, Barriers: 0, Oops: 1, ImmediateOops: 1, NonImmediateOops: No
[1,390s][debug][gc,nmethod  ] Register NMethod: java.util.zip.CRC32.getValue (0x000072e47f5e4b88) [0x000072e47f5e4c80, 0x000072e47f5e4d90] Compiler: c1, Barriers: 0, Oops: 0, ImmediateOops: 0, NonImmediateOops: No
[1,390s][debug][gc,nmethod  ] Register NMethod: java.util.zip.CRC32.updateBytes (0x000072e47f5e4e88) [0x000072e47f5e4f80, 0x000072e47f5e5318] Compiler: c1, Barriers: 0, Oops: 1, ImmediateOops: 1, NonImmediateOops: No
[1,390s][debug][gc,nmethod  ] Register NMethod: java.util.zip.CRC32.update (0x000072e47f5e5388) [0x000072e47f5e5480, 0x000072e47f5e5878] Compiler: c1, Barriers: 0, Oops: 1, ImmediateOops: 1, NonImmediateOops: No
[1,390s][debug][gc,nmethod  ] Register NMethod: jdk.internal.loader.URLClassPath$JarLoader$1.getCodeSigners (0x000072e47f5e5888) [0x000072e47f5e5980, 0x000072e47f5e5cc0] Compiler: c1, Barriers: 1, Oops: 0, ImmediateOops: 0, NonImmediateOops: No
[1,390s][debug][gc,nmethod  ] Register NMethod: java.security.SecureClassLoader.defineClass (0x000072e47f5e5d08) [0x000072e47f5e5e00, 0x000072e47f5e6168] Compiler: c1, Barriers: 0, Oops: 0, ImmediateOops: 0, NonImmediateOops: No
[1,390s][debug][gc,nmethod  ] Register NMethod: java.security.SecureClassLoader$CodeSourceKey.<init> (0x000072e47f5e6188) [0x000072e47f5e6280, 0x000072e47f5e64b0] Compiler: c1, Barriers: 3, Oops: 0, ImmediateOops: 0, NonImmediateOops: No
[1,390s][debug][gc,nmethod  ] Register NMethod: java.security.CodeSource.<init> (0x000072e47f5e6508) [0x000072e47f5e6600, 0x000072e47f5e6d58] Compiler: c1, Barriers: 18, Oops: 0, ImmediateOops: 0, NonImmediateOops: No
[1,391s][debug][gc,nmethod  ] Register NMethod: java.util.jar.JarFile$JarFileEntry.getCodeSigners (0x000072e47f5e6d88) [0x000072e47f5e6e80, 0x000072e47f5e7620] Compiler: c1, Barriers: 8, Oops: 0, ImmediateOops: 0, NonImmediateOops: No
[1,391s][debug][gc,nmethod  ] Register NMethod: java.security.SecureClassLoader.getProtectionDomain (0x000072e47f5e7688) [0x000072e47f5e7780, 0x000072e47f5e80f8] Compiler: c1, Barriers: 7, Oops: 0, ImmediateOops: 0, NonImmediateOops: No
[1,391s][debug][gc,nmethod  ] Register NMethod: java.security.SecureClassLoader$1.<init> (0x000072e47f5e8108) [0x000072e47f5e8200, 0x000072e47f5e8528] Compiler: c1, Barriers: 3, Oops: 0, ImmediateOops: 0, NonImmediateOops: No
[1,391s][debug][gc,nmethod  ] Register NMethod: java.lang.reflect.Method.getDeclaringClass (0x000072e49ec25588) [0x000072e49ec25680, 0x000072e49ec25768] Compiler: c1, Barriers: 1, Oops: 0, ImmediateOops: 0, NonImmediateOops: No
[1,391s][debug][gc,nmethod  ] Register NMethod: java.security.SecureClassLoader$CodeSourceKey.hashCode (0x000072e47f5e8588) [0x000072e47f5e8680, 0x000072e47f5e8918] Compiler: c1, Barriers: 2, Oops: 0, ImmediateOops: 0, NonImmediateOops: No
[1,391s][debug][gc,nmethod  ] Register NMethod: java.util.jar.JarFile.getManifestFromReference (0x000072e47f5e8988) [0x000072e47f5e8a80, 0x000072e47f5eac98] Compiler: c1, Barriers: 23, Oops: 0, ImmediateOops: 4, NonImmediateOops: No
[1,391s][debug][gc,nmethod  ] Register NMethod: java.lang.ClassLoader.defineClass (0x000072e47f5ead08) [0x000072e47f5eae00, 0x000072e47f5ebd68] Compiler: c1, Barriers: 3, Oops: 0, ImmediateOops: 0, NonImmediateOops: No
[1,391s][debug][gc,nmethod  ] Register NMethod: java.lang.ClassLoader.defineClassSourceLocation (0x000072e47f5ebd88) [0x000072e47f5ebe80, 0x000072e47f5ecc48] Compiler: c1, Barriers: 3, Oops: 0, ImmediateOops: 0, NonImmediateOops: No
[1,392s][debug][gc,nmethod  ] Register NMethod: java.lang.ClassLoader.checkCerts (0x000072e47f5ecc88) [0x000072e47f5ecd80, 0x000072e47f5ef350] Compiler: c1, Barriers: 2, Oops: 2, ImmediateOops: 5, NonImmediateOops: No
[1,392s][debug][gc,nmethod  ] Register NMethod: java.lang.ClassLoader.preDefineClass (0x000072e47f5ef388) [0x000072e47f5ef480, 0x000072e47f5f2460] Compiler: c1, Barriers: 3, Oops: 3, ImmediateOops: 6, NonImmediateOops: No
[1,392s][debug][gc,nmethod  ] Register NMethod: java.lang.invoke.LambdaForm$Name.type (0x000072e49ec25888) [0x000072e49ec25980, 0x000072e49ec25a68] Compiler: c1, Barriers: 1, Oops: 0, ImmediateOops: 0, NonImmediateOops: No
[1,392s][debug][gc,nmethod  ] Register NMethod: java.util.Arrays.copyOfRange (0x000072e49ec25b88) [0x000072e49ec25c80, 0x000072e49ec260d0] Compiler: jvmci, Barriers: 0, Oops: 0, ImmediateOops: 0, NonImmediateOops: No
[1,393s][debug][gc,nmethod  ] Register NMethod: java.lang.invoke.MethodHandle.linkToStatic (0x000072e49ec26108) [0x000072e49ec26200, 0x000072e49ec262f0] Compiler: , Barriers: 0, Oops: 0, ImmediateOops: 0, NonImmediateOops: No
[1,394s][debug][gc,nmethod  ] Register NMethod: java.lang.invoke.MethodHandle.invokeBasic (0x000072e49ec26408) [0x000072e49ec26500, 0x000072e49ec26798] Compiler: , Barriers: 0, Oops: 0, ImmediateOops: 0, NonImmediateOops: No
[1,394s][debug][gc,nmethod  ] Register NMethod: jdk.internal.classfile.impl.Util.writeAttribute (0x000072e47f5f2488) [0x000072e47f5f2580, 0x000072e47f5f3340] Compiler: c1, Barriers: 0, Oops: 0, ImmediateOops: 0, NonImmediateOops: No
[1,394s][debug][gc,nmethod  ] Register NMethod: java.lang.invoke.MethodHandle.linkToSpecial (0x000072e49ec26808) [0x000072e49ec26900, 0x000072e49ec269f8] Compiler: , Barriers: 0, Oops: 0, ImmediateOops: 0, NonImmediateOops: No
[1,394s][debug][gc,nmethod  ] Register NMethod: java.lang.invoke.MethodHandle.linkToStatic (0x000072e49ec26b08) [0x000072e49ec26c00, 0x000072e49ec26cf0] Compiler: , Barriers: 0, Oops: 0, ImmediateOops: 0, NonImmediateOops: No
[1,395s][debug][gc,nmethod  ] Register NMethod: java.lang.invoke.MethodHandle.invokeBasic (0x000072e49ec26e08) [0x000072e49ec26f00, 0x000072e49ec27198] Compiler: , Barriers: 0, Oops: 0, ImmediateOops: 0, NonImmediateOops: No
[1,395s][debug][gc,nmethod  ] Register NMethod: jdk.internal.classfile.impl.BufWriterImpl.skip (0x000072e47f5f3388) [0x000072e47f5f3480, 0x000072e47f5f3878] Compiler: c1, Barriers: 1, Oops: 0, ImmediateOops: 0, NonImmediateOops: No
[1,395s][debug][gc,nmethod  ] Register NMethod: java.lang.invoke.MethodHandle.linkToSpecial (0x000072e49ec27208) [0x000072e49ec27300, 0x000072e49ec273f8] Compiler: , Barriers: 0, Oops: 0, ImmediateOops: 0, NonImmediateOops: No
[1,395s][debug][gc,nmethod  ] Register NMethod: jdk.internal.constant.MethodTypeDescImpl.<init> (0x000072e47f5f3888) [0x000072e47f5f3980, 0x000072e47f5f3bc8] Compiler: c1, Barriers: 6, Oops: 0, ImmediateOops: 0, NonImmediateOops: No
[1,396s][debug][gc,nmethod  ] Register NMethod: java.lang.invoke.MethodHandle.invokeBasic (0x000072e49ec27508) [0x000072e49ec27600, 0x000072e49ec27898] Compiler: , Barriers: 0, Oops: 0, ImmediateOops: 0, NonImmediateOops: No
[1,396s][debug][gc,nmethod  ] Register NMethod: jdk.internal.classfile.impl.AbstractDirectBuilder.writeAttribute (0x000072e47f5f3c08) [0x000072e47f5f3d00, 0x000072e47f5f3f38] Compiler: c1, Barriers: 2, Oops: 0, ImmediateOops: 0, NonImmediateOops: No
[1,396s][debug][gc,nmethod  ] Register NMethod: java.lang.invoke.MethodHandle.linkToSpecial (0x000072e49ec27908) [0x000072e49ec27a00, 0x000072e49ec27af8] Compiler: , Barriers: 0, Oops: 0, ImmediateOops: 0, NonImmediateOops: No
[1,396s][debug][gc,nmethod  ] Register NMethod: jdk.internal.classfile.impl.BufWriterImpl.patchInt (0x000072e47f5f3f88) [0x000072e47f5f4080, 0x000072e47f5f4260] Compiler: c1, Barriers: 1, Oops: 0, ImmediateOops: 0, NonImmediateOops: No
[1,396s][debug][gc,nmethod  ] Register NMethod: jdk.internal.constant.MethodTypeDescImpl.ofValidated (0x000072e47f5f4288) [0x000072e47f5f4380, 0x000072e47f5f48c8] Compiler: c1, Barriers: 12, Oops: 1, ImmediateOops: 1, NonImmediateOops: No
[1,396s][debug][gc,nmethod  ] Register NMethod: jdk.internal.classfile.impl.Util.isAttributeAllowed (0x000072e47f5f4908) [0x000072e47f5f4a00, 0x000072e47f5f5948] Compiler: c1, Barriers: 3, Oops: 0, ImmediateOops: 0, NonImmediateOops: No
[1,396s][debug][gc,nmethod  ] Register NMethod: jdk.internal.constant.PrimitiveClassDescImpl.descriptorString (0x000072e49ec27c08) [0x000072e49ec27d00, 0x000072e49ec27de8] Compiler: c1, Barriers: 1, Oops: 0, ImmediateOops: 0, NonImmediateOops: No
[1,396s][debug][gc,nmethod  ] Register NMethod: java.lang.invoke.LambdaForm$NamedFunction.returnType (0x000072e47f5f5988) [0x000072e47f5f5a80, 0x000072e47f5f68f0] Compiler: c1, Barriers: 8, Oops: 0, ImmediateOops: 0, NonImmediateOops: No
[1,396s][debug][gc,nmethod  ] Register NMethod: java.util.ArrayList.<init> (0x000072e47f5f6908) [0x000072e47f5f6a00, 0x000072e47f5f7a18] Compiler: c1, Barriers: 6, Oops: 1, ImmediateOops: 3, NonImmediateOops: No
[1,397s][debug][gc,nmethod  ] Register NMethod: sun.invoke.util.VerifyType.isNullConversion (0x000072e47f5f7a88) [0x000072e47f5f7b80, 0x000072e47f5fb650] Compiler: c1, Barriers: 0, Oops: 0, ImmediateOops: 5, NonImmediateOops: No
[1,397s][debug][gc,nmethod  ] Register NMethod: java.lang.invoke.LambdaForm$Name.replaceNames (0x000072e47f5fb688) [0x000072e47f5fb780, 0x000072e47f5fca00] Compiler: c1, Barriers: 10, Oops: 0, ImmediateOops: 0, NonImmediateOops: No
[1,397s][debug][gc,nmethod  ] Register NMethod: java.lang.AbstractStringBuilder.append (0x000072e49ec27f08) [0x000072e49ec28000, 0x000072e49ec287b0] Compiler: jvmci, Barriers: 5, Oops: 0, ImmediateOops: 0, NonImmediateOops: No
[1,397s][debug][gc,nmethod  ] Register NMethod: java.lang.invoke.LambdaForm.internArgument (0x000072e47f5fca08) [0x000072e47f5fcb00, 0x000072e47f5fd0b0] Compiler: c1, Barriers: 4, Oops: 0, ImmediateOops: 1, NonImmediateOops: No
[1,397s][debug][gc,nmethod  ] Register NMethod: jdk.internal.classfile.impl.SplitConstantPool.map (0x000072e49ec28808) [0x000072e49ec28920, 0x000072e49ec28db0] Compiler: jvmci, Barriers: 6, Oops: 1, ImmediateOops: 0, NonImmediateOops: No
[1,397s][debug][gc,nmethod  ] Register NMethod: java.lang.Math.ceil (0x000072e47f5fd108) [0x000072e47f5fd200, 0x000072e47f5fd310] Compiler: c1, Barriers: 0, Oops: 0, ImmediateOops: 0, NonImmediateOops: No
[1,397s][debug][gc,nmethod  ] Register NMethod: java.lang.StrictMath.ceil (0x000072e47f5fd408) [0x000072e47f5fd520, 0x000072e47f5fd648] Compiler: c1, Barriers: 0, Oops: 0, ImmediateOops: 0, NonImmediateOops: No
[1,397s][debug][gc,nmethod  ] Register NMethod: java.lang.Math.getExponent (0x000072e47f5fd708) [0x000072e47f5fd800, 0x000072e47f5fd920] Compiler: c1, Barriers: 0, Oops: 0, ImmediateOops: 0, NonImmediateOops: No
[1,398s][debug][gc,director ] Rule Major: Warmup 10%, Used: 64MB, UsedThreshold: 1228MB
[1,398s][debug][gc,nmethod  ] Register NMethod: jdk.internal.classfile.impl.AbstractPoolEntry$FieldRefEntryImpl.tag (0x000072e49ec28e08) [0x000072e49ec28f00, 0x000072e49ec28fc0] Compiler: c1, Barriers: 0, Oops: 0, ImmediateOops: 0, NonImmediateOops: No
[1,398s][debug][gc,nmethod  ] Register NMethod: java.lang.StrictMath.floorOrCeil (0x000072e47f5fda08) [0x000072e47f5fdb00, 0x000072e47f5fdf30] Compiler: c1, Barriers: 0, Oops: 0, ImmediateOops: 0, NonImmediateOops: No
[1,398s][debug][gc,nmethod  ] Register NMethod: jdk.internal.classfile.impl.BufWriterImpl.writeInt (0x000072e47f5fdf88) [0x000072e47f5fe080, 0x000072e47f5fe548] Compiler: c1, Barriers: 2, Oops: 0, ImmediateOops: 0, NonImmediateOops: No
[1,399s][debug][gc,nmethod  ] Register NMethod: worker.org.gradle.internal.classloader.FilteringClassLoader$TrieSet.contains (0x000072e47f5fe588) [0x000072e47f5fe680, 0x000072e47f5fe9c8] Compiler: c1, Barriers: 1, Oops: 1, ImmediateOops: 0, NonImmediateOops: No
[1,399s][debug][gc,nmethod  ] Register NMethod: java.util.jar.JavaUtilJarAccessImpl.getTrustedAttributes (0x000072e47f5fea08) [0x000072e47f5feb00, 0x000072e47f5fec58] Compiler: c1, Barriers: 0, Oops: 0, ImmediateOops: 0, NonImmediateOops: No
[1,399s][debug][gc,nmethod  ] Register NMethod: java.util.jar.Manifest.getAttributes (0x000072e47f5fed08) [0x000072e47f5fee00, 0x000072e47f5ff368] Compiler: c1, Barriers: 1, Oops: 0, ImmediateOops: 0, NonImmediateOops: No
[1,399s][debug][gc,nmethod  ] Register NMethod: jdk.internal.perf.PerfCounter.getReadClassBytesTime (0x000072e47f5ff388) [0x000072e47f5ff480, 0x000072e47f5ff568] Compiler: c1, Barriers: 0, Oops: 0, ImmediateOops: 1, NonImmediateOops: No
[1,399s][debug][gc,nmethod  ] Register NMethod: java.util.jar.Manifest.getTrustedAttributes (0x000072e47f5ff688) [0x000072e47f5ff780, 0x000072e47f600a80] Compiler: c1, Barriers: 2, Oops: 1, ImmediateOops: 2, NonImmediateOops: No
[1,399s][debug][gc,nmethod  ] Register NMethod: java.net.URLClassLoader.getAndVerifyPackage (0x000072e47f600b08) [0x000072e47f600c00, 0x000072e47f603758] Compiler: c1, Barriers: 4, Oops: 4, ImmediateOops: 6, NonImmediateOops: No
[1,399s][debug][gc,nmethod  ] Register NMethod: java.net.URLClassLoader.findClass (0x000072e47f603788) [0x000072e47f603880, 0x000072e47f6064a0] Compiler: c1, Barriers: 7, Oops: 1, ImmediateOops: 8, NonImmediateOops: No
[1,400s][debug][gc,nmethod  ] Register NMethod: java.lang.reflect.AccessibleObject.<init> (0x000072e47f606508) [0x000072e47f606600, 0x000072e47f606758] Compiler: c1, Barriers: 0, Oops: 0, ImmediateOops: 0, NonImmediateOops: No
[1,400s][debug][gc,nmethod  ] Register NMethod: java.net.URLClassLoader.defineClass (0x000072e47f606808) [0x000072e47f606900, 0x000072e47f60b198] Compiler: c1, Barriers: 19, Oops: 2, ImmediateOops: 8, NonImmediateOops: No
[1,401s][debug][gc,nmethod  ] Register NMethod: java.util.Collections$1.hasNext (0x000072e49ec29108) [0x000072e49ec29200, 0x000072e49ec292c0] Compiler: c1, Barriers: 0, Oops: 0, ImmediateOops: 0, NonImmediateOops: No
[1,401s][debug][gc,nmethod  ] Register NMethod: java.util.HashMap.resize (0x000072e47f60b208) [0x000072e47f60b320, 0x000072e47f60d000] Compiler: c1, Barriers: 31, Oops: 0, ImmediateOops: 0, NonImmediateOops: No
[1,401s][debug][gc,nmethod  ] Register NMethod: java.security.SecureClassLoader$CodeSourceKey.equals (0x000072e47f60d008) [0x000072e47f60d100, 0x000072e47f60da58] Compiler: c1, Barriers: 6, Oops: 0, ImmediateOops: 0, NonImmediateOops: No
[1,401s][debug][gc,nmethod  ] Register NMethod: java.security.CodeSource.matchCerts (0x000072e47f60da88) [0x000072e47f60db80, 0x000072e47f60ea30] Compiler: c1, Barriers: 17, Oops: 0, ImmediateOops: 0, NonImmediateOops: No
[1,402s][debug][gc,nmethod  ] Register NMethod: jdk.internal.loader.URLClassPath$JarLoader.createResource (0x000072e47f60ea88) [0x000072e47f60eb80, 0x000072e47f60f6a0] Compiler: c1, Barriers: 2, Oops: 0, ImmediateOops: 0, NonImmediateOops: No
[1,404s][debug][gc,nmethod  ] Register NMethod: jdk.internal.access.SharedSecrets.getJavaLangAccess (0x000072e47f60f708) [0x000072e47f60f800, 0x000072e47f60f928] Compiler: c1, Barriers: 1, Oops: 0, ImmediateOops: 1, NonImmediateOops: No
[1,405s][debug][gc,nmethod  ] Register NMethod: java.lang.invoke.MemberName$Factory.resolveOrFail (0x000072e47f60fa08) [0x000072e47f60fb00, 0x000072e47f610ae8] Compiler: c1, Barriers: 1, Oops: 0, ImmediateOops: 0, NonImmediateOops: No
[1,405s][debug][gc,nmethod  ] Register NMethod: java.lang.invoke.MethodType.rtype (0x000072e49ec29408) [0x000072e49ec29500, 0x000072e49ec295e8] Compiler: c1, Barriers: 1, Oops: 0, ImmediateOops: 0, NonImmediateOops: No
[1,407s][debug][gc,nmethod  ] Register NMethod: java.lang.invoke.VarHandleByteArrayAsShorts$ArrayHandle.index (0x000072e47f610b08) [0x000072e47f610c00, 0x000072e47f610d38] Compiler: c1, Barriers: 0, Oops: 1, ImmediateOops: 1, NonImmediateOops: No
[1,407s][debug][gc,nmethod  ] Register NMethod: java.io.BufferedInputStream.getBufIfOpen (0x000072e47f610e08) [0x000072e47f610f00, 0x000072e47f611318] Compiler: c1, Barriers: 7, Oops: 0, ImmediateOops: 3, NonImmediateOops: No
[1,407s][debug][gc,nmethod  ] Register NMethod: java.io.BufferedInputStream.ensureOpen (0x000072e47f611388) [0x000072e47f611480, 0x000072e47f6116c0] Compiler: c1, Barriers: 1, Oops: 0, ImmediateOops: 1, NonImmediateOops: No
[1,407s][debug][gc,nmethod  ] Register NMethod: java.io.DataInputStream.readUTF (0x000072e47f611708) [0x000072e47f611800, 0x000072e47f611930] Compiler: c1, Barriers: 0, Oops: 0, ImmediateOops: 0, NonImmediateOops: No
[1,407s][debug][gc,nmethod  ] Register NMethod: java.io.DataInputStream.readFully (0x000072e47f611a08) [0x000072e47f611b00, 0x000072e47f6121b0] Compiler: c1, Barriers: 1, Oops: 0, ImmediateOops: 0, NonImmediateOops: No
[1,407s][debug][gc,nmethod  ] Register NMethod: java.lang.invoke.VarHandleByteArrayAsShorts$ArrayHandle.get (0x000072e47f612208) [0x000072e47f612300, 0x000072e47f612ab0] Compiler: c1, Barriers: 0, Oops: 2, ImmediateOops: 2, NonImmediateOops: No
[1,407s][debug][gc,nmethod  ] Register NMethod: java.io.BufferedInputStream.read (0x000072e47f612b08) [0x000072e47f612c00, 0x000072e47f613738] Compiler: c1, Barriers: 2, Oops: 0, ImmediateOops: 1, NonImmediateOops: No
[1,407s][debug][gc,nmethod  ] Register NMethod: java.io.BufferedInputStream.read1 (0x000072e47f613788) [0x000072e47f613880, 0x000072e47f614150] Compiler: c1, Barriers: 1, Oops: 0, ImmediateOops: 1, NonImmediateOops: No
[1,407s][debug][gc,nmethod  ] Register NMethod: java.lang.System$1.uncheckedNewStringNoRepl (0x000072e47f614188) [0x000072e47f614280, 0x000072e47f6143b8] Compiler: c1, Barriers: 0, Oops: 0, ImmediateOops: 0, NonImmediateOops: No
[1,407s][debug][gc,nmethod  ] Register NMethod: jdk.internal.util.ByteArray.getUnsignedShort (0x000072e47f614488) [0x000072e47f614580, 0x000072e47f614ef0] Compiler: c1, Barriers: 0, Oops: 5, ImmediateOops: 4, NonImmediateOops: No
[1,407s][debug][gc,nmethod  ] Register NMethod: java.lang.String.newStringNoRepl (0x000072e47f614f88) [0x000072e47f615080, 0x000072e47f615d00] Compiler: c1, Barriers: 1, Oops: 0, ImmediateOops: 0, NonImmediateOops: No
[1,408s][debug][gc,nmethod  ] Register NMethod: java.io.DataInputStream.readUnsignedShort (0x000072e47f615d08) [0x000072e47f615e00, 0x000072e47f616a58] Compiler: c1, Barriers: 2, Oops: 5, ImmediateOops: 4, NonImmediateOops: No
[1,408s][debug][gc,director ] Rule Major: Warmup 10%, Used: 64MB, UsedThreshold: 1228MB
[1,408s][debug][gc,nmethod  ] Register NMethod: java.io.DataInputStream.readFully (0x000072e47f616a88) [0x000072e47f616b80, 0x000072e47f616e88] Compiler: c1, Barriers: 0, Oops: 0, ImmediateOops: 0, NonImmediateOops: No
[1,408s][debug][gc,nmethod  ] Register NMethod: jdk.internal.util.ByteArray.getShort (0x000072e47f616f08) [0x000072e47f617000, 0x000072e47f617910] Compiler: c1, Barriers: 0, Oops: 5, ImmediateOops: 4, NonImmediateOops: No
[1,408s][debug][gc,nmethod  ] Register NMethod: java.io.DataInputStream.readShort (0x000072e47f617988) [0x000072e47f617a80, 0x000072e47f618680] Compiler: c1, Barriers: 2, Oops: 5, ImmediateOops: 4, NonImmediateOops: No
[1,408s][debug][gc,nmethod  ] Register NMethod: java.lang.String.newStringNoRepl1 (0x000072e47f618708) [0x000072e47f618800, 0x000072e47f61a290] Compiler: c1, Barriers: 12, Oops: 0, ImmediateOops: 4, NonImmediateOops: No
[1,408s][debug][gc,nmethod  ] Register NMethod: java.lang.Short.toUnsignedInt (0x000072e49ec29708) [0x000072e49ec29800, 0x000072e49ec29868] Compiler: jvmci, Barriers: 0, Oops: 0, ImmediateOops: 0, NonImmediateOops: No
[1,408s][debug][gc,nmethod  ] Register NMethod: java.io.DataInputStream.readUTF (0x000072e47f61a308) [0x000072e47f61a400, 0x000072e47f61e810] Compiler: c1, Barriers: 9, Oops: 2, ImmediateOops: 13, NonImmediateOops: No
[1,409s][debug][gc,nmethod  ] Register NMethod: java.io.ByteArrayInputStream.read (0x000072e47f61e888) [0x000072e47f61e980, 0x000072e47f61ec88] Compiler: c1, Barriers: 1, Oops: 0, ImmediateOops: 0, NonImmediateOops: No
[1,409s][debug][gc,nmethod  ] Register NMethod: java.io.DataInputStream.readUnsignedByte (0x000072e47f61ed08) [0x000072e47f61ee00, 0x000072e47f61f240] Compiler: c1, Barriers: 1, Oops: 0, ImmediateOops: 0, NonImmediateOops: No
[1,409s][debug][gc,nmethod  ] Register NMethod: java.io.DataInputStream.readByte (0x000072e47f61f288) [0x000072e47f61f380, 0x000072e47f61f9d8] Compiler: c1, Barriers: 1, Oops: 0, ImmediateOops: 0, NonImmediateOops: No
[1,409s][debug][gc,nmethod  ] Register NMethod: sun.util.calendar.ZoneInfoFile.indexOf (0x000072e47f61fa08) [0x000072e47f61fb00, 0x000072e47f61fd28] Compiler: c1, Barriers: 0, Oops: 0, ImmediateOops: 0, NonImmediateOops: No
[1,409s][debug][gc,nmethod  ] Register NMethod: sun.util.calendar.ZoneInfoFile.addTrans (0x000072e47f61fd88) [0x000072e47f61fe80, 0x000072e47f620370] Compiler: c1, Barriers: 0, Oops: 0, ImmediateOops: 0, NonImmediateOops: No
[1,409s][debug][gc,nmethod  ] Register NMethod: java.util.zip.Checksum.update (0x000072e47f620388) [0x000072e47f620480, 0x000072e47f6207b8] Compiler: c1, Barriers: 0, Oops: 0, ImmediateOops: 0, NonImmediateOops: No
[1,409s][debug][gc,nmethod  ] Register NMethod: sun.util.calendar.ZoneInfoFile$Checksum.update (0x000072e47f620808) [0x000072e47f620900, 0x000072e47f620ec8] Compiler: c1, Barriers: 0, Oops: 0, ImmediateOops: 0, NonImmediateOops: No
[1,409s][debug][gc,nmethod  ] Register NMethod: sun.util.calendar.ZoneInfoFile$Checksum.update (0x000072e47f620f08) [0x000072e47f621000, 0x000072e47f621620] Compiler: c1, Barriers: 0, Oops: 0, ImmediateOops: 0, NonImmediateOops: No
[1,410s][debug][gc,nmethod  ] Register NMethod: java.io.BufferedInputStream.getBufIfOpen (0x000072e49ec29a08) [0x000072e49ec29b00, 0x000072e49ec29e38] Compiler: jvmci, Barriers: 6, Oops: 0, ImmediateOops: 1, NonImmediateOops: No
[1,411s][debug][gc,nmethod  ] Register NMethod: sun.util.locale.LocaleUtils.isUpper (0x000072e47f621688) [0x000072e47f621780, 0x000072e47f6218d8] Compiler: c1, Barriers: 0, Oops: 0, ImmediateOops: 0, NonImmediateOops: No
[1,411s][debug][gc,nmethod  ] Register NMethod: jdk.internal.util.ReferencedKeyMap.internKey (0x000072e47f568588) [0x000072e47f568680, 0x000072e47f569e28] Compiler: c1, Barriers: 5, Oops: 0, ImmediateOops: 0, NonImmediateOops: No
[1,412s][debug][gc,nmethod  ] Register NMethod: jdk.internal.util.ReferencedKeyMap.entryKey (0x000072e47f558e08) [0x000072e47f558f00, 0x000072e47f559718] Compiler: c1, Barriers: 8, Oops: 0, ImmediateOops: 1, NonImmediateOops: No
[1,412s][debug][gc,nmethod  ] Register NMethod: java.util.HashMap.hash (0x000072e49ec29e88) [0x000072e49ec29f80, 0x000072e49ec2a170] Compiler: jvmci, Barriers: 1, Oops: 0, ImmediateOops: 0, NonImmediateOops: No
[1,413s][debug][gc,nmethod  ] Register NMethod: jdk.internal.util.ReferencedKeySet.intern (0x000072e47f621988) [0x000072e47f621a80, 0x000072e47f621cb8] Compiler: c1, Barriers: 1, Oops: 0, ImmediateOops: 0, NonImmediateOops: No
[1,413s][debug][gc,nmethod  ] Register NMethod: jdk.internal.util.ReferencedKeyMap.intern (0x000072e47f621d08) [0x000072e47f621e00, 0x000072e47f6236a0] Compiler: c1, Barriers: 9, Oops: 1, ImmediateOops: 0, NonImmediateOops: No
[1,414s][debug][gc,nmethod  ] Register NMethod: java.lang.invoke.MethodHandle.linkToStatic (0x000072e49ec2a188) [0x000072e49ec2a280, 0x000072e49ec2a370] Compiler: , Barriers: 0, Oops: 0, ImmediateOops: 0, NonImmediateOops: No
[1,414s][debug][gc,nmethod  ] Register NMethod: java.lang.invoke.MethodHandle.linkToSpecial (0x000072e49ec2a488) [0x000072e49ec2a580, 0x000072e49ec2a678] Compiler: , Barriers: 0, Oops: 0, ImmediateOops: 0, NonImmediateOops: No
[1,414s][debug][gc,nmethod  ] Register NMethod: java.lang.invoke.MethodHandle.invokeBasic (0x000072e49ec2a788) [0x000072e49ec2a880, 0x000072e49ec2ab18] Compiler: , Barriers: 0, Oops: 0, ImmediateOops: 0, NonImmediateOops: No
[1,414s][debug][gc,nmethod  ] Register NMethod: java.lang.invoke.MethodType.insertParameterTypes (0x000072e47f623708) [0x000072e47f623800, 0x000072e47f625278] Compiler: c1, Barriers: 6, Oops: 1, ImmediateOops: 3, NonImmediateOops: No
[1,415s][debug][gc,nmethod  ] Register NMethod: java.lang.invoke.MethodHandle.linkToSpecial (0x000072e49ec2ab88) [0x000072e49ec2ac80, 0x000072e49ec2ad78] Compiler: , Barriers: 0, Oops: 0, ImmediateOops: 0, NonImmediateOops: No
[1,415s][debug][gc,nmethod  ] Register NMethod: java.lang.invoke.MemberName.<init> (0x000072e47f625288) [0x000072e47f625380, 0x000072e47f625a00] Compiler: c1, Barriers: 0, Oops: 0, ImmediateOops: 1, NonImmediateOops: No
[1,415s][debug][gc,nmethod  ] Register NMethod: java.util.regex.Pattern.lambda$Single$0 (0x000072e47f625a08) [0x000072e47f625b00, 0x000072e47f625c30] Compiler: c1, Barriers: 0, Oops: 0, ImmediateOops: 0, NonImmediateOops: No
[1,415s][debug][gc,nmethod  ] Register NMethod: java.util.regex.Pattern$$Lambda/0x00000000b30b27a0.is (0x000072e47f625d08) [0x000072e47f625e00, 0x000072e47f625fb0] Compiler: c1, Barriers: 0, Oops: 0, ImmediateOops: 0, NonImmediateOops: No
[1,415s][debug][gc,nmethod  ] Register NMethod: java.util.regex.Matcher.hasMatch (0x000072e47f626008) [0x000072e47f626100, 0x000072e47f626250] Compiler: c1, Barriers: 0, Oops: 0, ImmediateOops: 0, NonImmediateOops: No
[1,415s][debug][gc,nmethod  ] Register NMethod: java.util.regex.Matcher.checkMatch (0x000072e47f626308) [0x000072e47f626400, 0x000072e47f626870] Compiler: c1, Barriers: 0, Oops: 0, ImmediateOops: 1, NonImmediateOops: No
[1,415s][debug][gc,nmethod  ] Register NMethod: java.util.regex.Pattern$BmpCharPropertyGreedy.match (0x000072e47f626888) [0x000072e47f626980, 0x000072e47f6272f0] Compiler: c1, Barriers: 2, Oops: 0, ImmediateOops: 0, NonImmediateOops: No
[1,416s][debug][gc,nmethod  ] Register NMethod: java.util.regex.Matcher.start (0x000072e47f627308) [0x000072e47f627400, 0x000072e47f6278d8] Compiler: c1, Barriers: 0, Oops: 0, ImmediateOops: 1, NonImmediateOops: No
[1,416s][debug][gc,nmethod  ] Register NMethod: java.util.regex.Matcher.end (0x000072e47f627908) [0x000072e47f627a00, 0x000072e47f627ed8] Compiler: c1, Barriers: 0, Oops: 0, ImmediateOops: 1, NonImmediateOops: No
[1,416s][debug][gc,nmethod  ] Register NMethod: java.util.regex.Pattern$Start.match (0x000072e47f627f08) [0x000072e47f628000, 0x000072e47f628560] Compiler: c1, Barriers: 2, Oops: 0, ImmediateOops: 0, NonImmediateOops: No
[1,416s][debug][gc,nmethod  ] Register NMethod: java.util.regex.Matcher.find (0x000072e47f628588) [0x000072e47f628680, 0x000072e47f628b18] Compiler: c1, Barriers: 1, Oops: 0, ImmediateOops: 0, NonImmediateOops: No
[1,416s][debug][gc,nmethod  ] Register NMethod: java.util.regex.Pattern$LastNode.match (0x000072e47f628b88) [0x000072e47f628c80, 0x000072e47f628e90] Compiler: c1, Barriers: 1, Oops: 0, ImmediateOops: 0, NonImmediateOops: No
[1,416s][debug][gc,nmethod  ] Register NMethod: java.lang.String.subSequence (0x000072e47f628f08) [0x000072e47f629000, 0x000072e47f6292f8] Compiler: c1, Barriers: 0, Oops: 0, ImmediateOops: 0, NonImmediateOops: No
[1,416s][debug][gc,nmethod  ] Register NMethod: java.util.regex.Matcher.search (0x000072e47f629308) [0x000072e47f629400, 0x000072e47f629cd0] Compiler: c1, Barriers: 6, Oops: 0, ImmediateOops: 0, NonImmediateOops: No
[1,416s][debug][gc,nmethod  ] Register NMethod: java.lang.String.toString (0x000072e49ec2ae88) [0x000072e49ec2af80, 0x000072e49ec2b008] Compiler: jvmci, Barriers: 0, Oops: 0, ImmediateOops: 0, NonImmediateOops: No
[1,418s][debug][gc,director ] Rule Major: Warmup 10%, Used: 64MB, UsedThreshold: 1228MB
[1,418s][debug][gc,nmethod  ] Register NMethod: jdk.internal.classfile.impl.StackMapGenerator$Frame.pushStack (0x000072e47f629d08) [0x000072e47f629e00, 0x000072e47f62a920] Compiler: c1, Barriers: 0, Oops: 0, ImmediateOops: 10, NonImmediateOops: No
[1,419s][debug][gc,nmethod  ] Register NMethod: java.util.regex.Pattern$BmpCharPropertyGreedy.match (0x000072e49ec2b188) [0x000072e49ec2b280, 0x000072e49ec2b650] Compiler: jvmci, Barriers: 4, Oops: 0, ImmediateOops: 0, NonImmediateOops: No
[1,419s][debug][gc,nmethod  ] Register NMethod: jdk.internal.classfile.impl.UnboundAttribute.<init> (0x000072e47f62a988) [0x000072e47f62aa80, 0x000072e47f62acb0] Compiler: c1, Barriers: 3, Oops: 0, ImmediateOops: 0, NonImmediateOops: No
[1,419s][debug][gc,nmethod  ] Register NMethod: java.lang.invoke.MemberName.getType (0x000072e47f62ad08) [0x000072e47f62ae00, 0x000072e47f62b608] Compiler: c1, Barriers: 0, Oops: 0, ImmediateOops: 0, NonImmediateOops: No
[1,419s][debug][gc,nmethod  ] Register NMethod: sun.util.locale.StringTokenIterator.isDone (0x000072e49ec2b688) [0x000072e49ec2b780, 0x000072e49ec2b840] Compiler: c1, Barriers: 0, Oops: 0, ImmediateOops: 0, NonImmediateOops: No
[1,419s][debug][gc,nmethod  ] Register NMethod: sun.util.locale.LocaleUtils.toLower (0x000072e47f62b688) [0x000072e47f62b780, 0x000072e47f62b980] Compiler: c1, Barriers: 0, Oops: 0, ImmediateOops: 0, NonImmediateOops: No
[1,419s][debug][gc,nmethod  ] Register NMethod: java.util.Collections$EmptyList.isEmpty (0x000072e49ec2b988) [0x000072e49ec2ba80, 0x000072e49ec2bb40] Compiler: c1, Barriers: 0, Oops: 0, ImmediateOops: 0, NonImmediateOops: No
[1,419s][debug][gc,nmethod  ] Register NMethod: java.text.ParsePosition.getErrorIndex (0x000072e49ec2bc88) [0x000072e49ec2bd80, 0x000072e49ec2be40] Compiler: c1, Barriers: 0, Oops: 0, ImmediateOops: 0, NonImmediateOops: No
[1,419s][debug][gc,nmethod  ] Register NMethod: sun.util.locale.StringTokenIterator.current (0x000072e49ec2bf88) [0x000072e49ec2c080, 0x000072e49ec2c168] Compiler: c1, Barriers: 1, Oops: 0, ImmediateOops: 0, NonImmediateOops: No
[1,419s][debug][gc,nmethod  ] Register NMethod: sun.util.locale.LocaleUtils.isAlpha (0x000072e47f62b988) [0x000072e47f62ba80, 0x000072e47f62bc30] Compiler: c1, Barriers: 0, Oops: 0, ImmediateOops: 0, NonImmediateOops: No
[1,419s][debug][gc,nmethod  ] Register NMethod: java.util.stream.ReferencePipeline$3$1.accept (0x000072e47f62bc88) [0x000072e47f62bd80, 0x000072e47f62c308] Compiler: c1, Barriers: 2, Oops: 0, ImmediateOops: 0, NonImmediateOops: No
[1,419s][debug][gc,nmethod  ] Register NMethod: jdk.internal.util.SoftReferenceKey.hashCode (0x000072e49ec2c288) [0x000072e49ec2c380, 0x000072e49ec2c440] Compiler: c1, Barriers: 0, Oops: 0, ImmediateOops: 0, NonImmediateOops: No
[1,419s][debug][gc,nmethod  ] Register NMethod: sun.util.locale.StringTokenIterator.currentEnd (0x000072e49ec2c588) [0x000072e49ec2c680, 0x000072e49ec2c740] Compiler: c1, Barriers: 0, Oops: 0, ImmediateOops: 0, NonImmediateOops: No
[1,419s][debug][gc,nmethod  ] Register NMethod: java.text.ParsePosition.setIndex (0x000072e49ec2c888) [0x000072e49ec2c980, 0x000072e49ec2ca40] Compiler: c1, Barriers: 0, Oops: 0, ImmediateOops: 0, NonImmediateOops: No
[1,420s][debug][gc,nmethod  ] Register NMethod: java.lang.ref.SoftReference.<init> (0x000072e47f62c388) [0x000072e47f62c480, 0x000072e47f62c788] Compiler: c1, Barriers: 6, Oops: 0, ImmediateOops: 2, NonImmediateOops: No
[1,420s][debug][gc,nmethod  ] Register NMethod: sun.util.locale.BaseLocale.getVariant (0x000072e49ec2cb88) [0x000072e49ec2cc80, 0x000072e49ec2cd68] Compiler: c1, Barriers: 1, Oops: 0, ImmediateOops: 0, NonImmediateOops: No
[1,420s][debug][gc,nmethod  ] Register NMethod: sun.util.locale.LanguageTag.extlangs (0x000072e49ec2ce88) [0x000072e49ec2cf80, 0x000072e49ec2d068] Compiler: c1, Barriers: 1, Oops: 0, ImmediateOops: 0, NonImmediateOops: No
[1,420s][debug][gc,nmethod  ] Register NMethod: sun.util.locale.LocaleUtils.isEmpty (0x000072e47f62c808) [0x000072e47f62c900, 0x000072e47f62cc60] Compiler: c1, Barriers: 0, Oops: 0, ImmediateOops: 0, NonImmediateOops: No
[1,420s][debug][gc,nmethod  ] Register NMethod: sun.util.locale.InternalLocaleBuilder.clearExtensions (0x000072e47f62cc88) [0x000072e47f62cd80, 0x000072e47f62d5d8] Compiler: c1, Barriers: 3, Oops: 0, ImmediateOops: 0, NonImmediateOops: No
[1,420s][debug][gc,nmethod  ] Register NMethod: sun.util.locale.BaseLocale.hashCode (0x000072e47f62d608) [0x000072e47f62d700, 0x000072e47f631588] Compiler: c1, Barriers: 20, Oops: 1, ImmediateOops: 8, NonImmediateOops: No
[1,420s][debug][gc,nmethod  ] Register NMethod: jdk.internal.util.SoftReferenceKey.<init> (0x000072e47f631608) [0x000072e47f631700, 0x000072e47f631d18] Compiler: c1, Barriers: 6, Oops: 0, ImmediateOops: 2, NonImmediateOops: No
[1,420s][debug][gc,nmethod  ] Register NMethod: sun.util.locale.LocaleUtils.toLowerString (0x000072e47f631d88) [0x000072e47f631e80, 0x000072e47f633a20] Compiler: c1, Barriers: 5, Oops: 1, ImmediateOops: 4, NonImmediateOops: No
[1,421s][debug][gc,nmethod  ] Register NMethod: sun.util.locale.StringTokenIterator.hasNext (0x000072e47f633a88) [0x000072e47f633b80, 0x000072e47f6341a8] Compiler: c1, Barriers: 2, Oops: 0, ImmediateOops: 0, NonImmediateOops: No
[1,421s][debug][gc,nmethod  ] Register NMethod: sun.util.locale.StringTokenIterator.next (0x000072e47f634208) [0x000072e47f634300, 0x000072e47f634d88] Compiler: c1, Barriers: 10, Oops: 0, ImmediateOops: 0, NonImmediateOops: No
[1,421s][debug][gc,nmethod  ] Register NMethod: sun.util.locale.LocaleUtils.isAlphaString (0x000072e47f634e08) [0x000072e47f634f00, 0x000072e47f635ee8] Compiler: c1, Barriers: 3, Oops: 1, ImmediateOops: 2, NonImmediateOops: No
[1,421s][debug][gc,nmethod  ] Register NMethod: sun.util.locale.LocaleUtils.isLower (0x000072e47f635f08) [0x000072e47f636000, 0x000072e47f636158] Compiler: c1, Barriers: 0, Oops: 0, ImmediateOops: 0, NonImmediateOops: No
[1,421s][debug][gc,nmethod  ] Register NMethod: sun.util.locale.LanguageTag.extensions (0x000072e49ec2d188) [0x000072e49ec2d280, 0x000072e49ec2d368] Compiler: c1, Barriers: 1, Oops: 0, ImmediateOops: 0, NonImmediateOops: No
[1,421s][debug][gc,nmethod  ] Register NMethod: sun.util.locale.LanguageTag.privateuse (0x000072e49ec2d488) [0x000072e49ec2d580, 0x000072e49ec2d668] Compiler: c1, Barriers: 1, Oops: 0, ImmediateOops: 0, NonImmediateOops: No
[1,421s][debug][gc,nmethod  ] Register NMethod: sun.util.locale.LanguageTag.variants (0x000072e49ec2d788) [0x000072e49ec2d880, 0x000072e49ec2d968] Compiler: c1, Barriers: 1, Oops: 0, ImmediateOops: 0, NonImmediateOops: No
[1,421s][debug][gc,nmethod  ] Register NMethod: sun.util.locale.StringTokenIterator.nextDelimiter (0x000072e47f636208) [0x000072e47f636300, 0x000072e47f638a58] Compiler: c1, Barriers: 13, Oops: 1, ImmediateOops: 6, NonImmediateOops: No
[1,421s][debug][gc,nmethod  ] Register NMethod: sun.util.locale.BaseLocale.getInstance (0x000072e47f638a88) [0x000072e47f638b80, 0x000072e47f63ad50] Compiler: c1, Barriers: 19, Oops: 2, ImmediateOops: 6, NonImmediateOops: No
[1,421s][debug][gc,nmethod  ] Register NMethod: sun.util.locale.LanguageTag.language (0x000072e49ec2da88) [0x000072e49ec2db80, 0x000072e49ec2dc68] Compiler: c1, Barriers: 1, Oops: 0, ImmediateOops: 0, NonImmediateOops: No
[1,421s][debug][gc,nmethod  ] Register NMethod: sun.util.locale.LanguageTag.script (0x000072e49ec2dd88) [0x000072e49ec2de80, 0x000072e49ec2df68] Compiler: c1, Barriers: 1, Oops: 0, ImmediateOops: 0, NonImmediateOops: No
[1,421s][debug][gc,nmethod  ] Register NMethod: sun.util.locale.LanguageTag.region (0x000072e49ec2e088) [0x000072e49ec2e180, 0x000072e49ec2e268] Compiler: c1, Barriers: 1, Oops: 0, ImmediateOops: 0, NonImmediateOops: No
[1,421s][debug][gc,nmethod  ] Register NMethod: java.util.stream.Nodes$SpinedNodeBuilder.accept (0x000072e47f63ad88) [0x000072e47f63ae80, 0x000072e47f63afc0] Compiler: c1, Barriers: 0, Oops: 0, ImmediateOops: 0, NonImmediateOops: No
[1,421s][debug][gc,nmethod  ] Register NMethod: java.lang.StringUTF16.coderFromArrayLen (0x000072e47f63b088) [0x000072e47f63b180, 0x000072e47f63b278] Compiler: c1, Barriers: 0, Oops: 0, ImmediateOops: 0, NonImmediateOops: No
[1,421s][debug][gc,nmethod  ] Register NMethod: java.util.Locale.<init> (0x000072e47f63b388) [0x000072e47f63b480, 0x000072e47f63b6c8] Compiler: c1, Barriers: 6, Oops: 0, ImmediateOops: 0, NonImmediateOops: No
[1,421s][debug][gc,nmethod  ] Register NMethod: java.lang.StringUTF16.compress (0x000072e47f63b708) [0x000072e47f63b800, 0x000072e47f63bb48] Compiler: c1, Barriers: 0, Oops: 0, ImmediateOops: 0, NonImmediateOops: No
[1,421s][debug][gc,nmethod  ] Register NMethod: java.util.Locale.hashCode (0x000072e47f63bb88) [0x000072e47f63bc80, 0x000072e47f63c098] Compiler: c1, Barriers: 2, Oops: 0, ImmediateOops: 0, NonImmediateOops: No
[1,421s][debug][gc,nmethod  ] Register NMethod: sun.util.locale.InternalLocaleBuilder.<init> (0x000072e47f63c108) [0x000072e47f63c200, 0x000072e47f63c568] Compiler: c1, Barriers: 12, Oops: 0, ImmediateOops: 5, NonImmediateOops: No
[1,421s][debug][gc,nmethod  ] Register NMethod: java.util.stream.SpinedBuffer.accept (0x000072e47f63c588) [0x000072e47f63c680, 0x000072e47f63d470] Compiler: c1, Barriers: 22, Oops: 0, ImmediateOops: 0, NonImmediateOops: No
[1,421s][debug][gc,nmethod  ] Register NMethod: java.text.ParsePosition.<init> (0x000072e47f63d488) [0x000072e47f63d580, 0x000072e47f63d6e8] Compiler: c1, Barriers: 0, Oops: 0, ImmediateOops: 0, NonImmediateOops: No
[1,421s][debug][gc,nmethod  ] Register NMethod: java.util.Locale.getInstance (0x000072e47f63d788) [0x000072e47f63d880, 0x000072e47f63e9f0] Compiler: c1, Barriers: 1, Oops: 1, ImmediateOops: 5, NonImmediateOops: No
[1,421s][debug][gc,nmethod  ] Register NMethod: java.lang.String.<init> (0x000072e47f63ea08) [0x000072e47f63eb00, 0x000072e47f63f0d8] Compiler: c1, Barriers: 6, Oops: 0, ImmediateOops: 1, NonImmediateOops: No
[1,422s][debug][gc,nmethod  ] Register NMethod: java.util.Locale.forLanguageTag (0x000072e47f63f108) [0x000072e47f63f200, 0x000072e47f640aa8] Compiler: c1, Barriers: 17, Oops: 0, ImmediateOops: 5, NonImmediateOops: No
[1,422s][debug][gc,nmethod  ] Register NMethod: sun.util.locale.StringTokenIterator.setStart (0x000072e47f640b08) [0x000072e47f640c00, 0x000072e47f6415c0] Compiler: c1, Barriers: 6, Oops: 0, ImmediateOops: 0, NonImmediateOops: No
[1,422s][debug][gc,nmethod  ] Register NMethod: sun.util.locale.StringTokenIterator.<init> (0x000072e47f641608) [0x000072e47f641700, 0x000072e47f6426d8] Compiler: c1, Barriers: 10, Oops: 1, ImmediateOops: 2, NonImmediateOops: No
[1,422s][debug][gc,nmethod  ] Register NMethod: sun.util.locale.LanguageTag.parse (0x000072e47f642708) [0x000072e47f642800, 0x000072e47f644b78] Compiler: c1, Barriers: 5, Oops: 3, ImmediateOops: 11, NonImmediateOops: No
[1,422s][debug][gc,nmethod  ] Register NMethod: sun.util.locale.LanguageTag.parseLanguage (0x000072e47f644c08) [0x000072e47f644d00, 0x000072e47f6455c8] Compiler: c1, Barriers: 2, Oops: 0, ImmediateOops: 2, NonImmediateOops: No
[1,422s][debug][gc,nmethod  ] Register NMethod: sun.util.locale.LocaleUtils.toUpperString (0x000072e47f645608) [0x000072e47f645700, 0x000072e47f6472a0] Compiler: c1, Barriers: 5, Oops: 1, ImmediateOops: 4, NonImmediateOops: No
[1,422s][debug][gc,nmethod  ] Register NMethod: sun.util.locale.LanguageTag.isLanguage (0x000072e47f647308) [0x000072e47f647400, 0x000072e47f648918] Compiler: c1, Barriers: 3, Oops: 1, ImmediateOops: 2, NonImmediateOops: No
[1,422s][debug][gc,nmethod  ] Register NMethod: sun.util.locale.LocaleUtils.toTitleString (0x000072e47f648988) [0x000072e47f648a80, 0x000072e47f64b158] Compiler: c1, Barriers: 5, Oops: 1, ImmediateOops: 6, NonImmediateOops: No
[1,422s][debug][gc,nmethod  ] Register NMethod: sun.util.locale.LanguageTag.parseExtlangs (0x000072e47f64b188) [0x000072e47f64b280, 0x000072e47f64c1e8] Compiler: c1, Barriers: 2, Oops: 0, ImmediateOops: 2, NonImmediateOops: No
[1,422s][debug][gc,nmethod  ] Register NMethod: sun.util.locale.LanguageTag.parseScript (0x000072e47f64c208) [0x000072e47f64c300, 0x000072e47f64cb90] Compiler: c1, Barriers: 2, Oops: 0, ImmediateOops: 2, NonImmediateOops: No
[1,423s][debug][gc,nmethod  ] Register NMethod: sun.util.locale.LanguageTag.<init> (0x000072e47f64cc08) [0x000072e47f64cd00, 0x000072e47f64d200] Compiler: c1, Barriers: 21, Oops: 0, ImmediateOops: 0, NonImmediateOops: No
[1,423s][debug][gc,nmethod  ] Register NMethod: sun.util.locale.LanguageTag.parseRegion (0x000072e47f64d208) [0x000072e47f64d300, 0x000072e47f64d610] Compiler: c1, Barriers: 1, Oops: 0, ImmediateOops: 2, NonImmediateOops: No
[1,423s][debug][gc,nmethod  ] Register NMethod: sun.util.locale.InternalLocaleBuilder.clear (0x000072e47f64d688) [0x000072e47f64d780, 0x000072e47f64dc88] Compiler: c1, Barriers: 12, Oops: 0, ImmediateOops: 5, NonImmediateOops: No
[1,423s][debug][gc,nmethod  ] Register NMethod: sun.util.locale.LanguageTag.parseVariants (0x000072e47f64dd08) [0x000072e47f64de00, 0x000072e47f64e5a8] Compiler: c1, Barriers: 1, Oops: 0, ImmediateOops: 2, NonImmediateOops: No
[1,423s][debug][gc,nmethod  ] Register NMethod: sun.util.locale.LanguageTag.parseVariants (0x000072e47f64dd08) [0x000072e47f64de00, 0x000072e47f64e5a8] Compiler: c1, Barriers: 1, Oops: 0, ImmediateOops: 2, NonImmediateOops: No
[1,423s][debug][gc,nmethod  ] Register NMethod: sun.util.locale.LocaleUtils.isEmpty (0x000072e47f64e608) [0x000072e47f64e700, 0x000072e47f64ea60] Compiler: c1, Barriers: 0, Oops: 0, ImmediateOops: 0, NonImmediateOops: No
[1,423s][debug][gc,nmethod  ] Register NMethod: sun.util.locale.LanguageTag.parsePrivateuse (0x000072e47f64ea88) [0x000072e47f64eb80, 0x000072e47f650a60] Compiler: c1, Barriers: 4, Oops: 2, ImmediateOops: 6, NonImmediateOops: No
[1,423s][debug][gc,nmethod  ] Register NMethod: sun.util.locale.LanguageTag.parseExtensions (0x000072e47f650a88) [0x000072e47f650b80, 0x000072e47f653398] Compiler: c1, Barriers: 4, Oops: 3, ImmediateOops: 7, NonImmediateOops: No
[1,423s][debug][gc,nmethod  ] Register NMethod: sun.util.locale.InternalLocaleBuilder.getLocaleExtensions (0x000072e47f653408) [0x000072e47f653500, 0x000072e47f6541a8] Compiler: c1, Barriers: 6, Oops: 0, ImmediateOops: 0, NonImmediateOops: No
[1,423s][debug][gc,nmethod  ] Register NMethod: sun.util.locale.LocaleUtils.isEmpty (0x000072e47f654208) [0x000072e47f654300, 0x000072e47f654660] Compiler: c1, Barriers: 0, Oops: 0, ImmediateOops: 0, NonImmediateOops: No
[1,423s][debug][gc,nmethod  ] Register NMethod: sun.util.locale.InternalLocaleBuilder.setLanguageTag (0x000072e47f654688) [0x000072e47f654780, 0x000072e47f658240] Compiler: c1, Barriers: 35, Oops: 1, ImmediateOops: 8, NonImmediateOops: No
[1,423s][debug][gc,nmethod  ] Register NMethod: java.util.Map.computeIfAbsent (0x000072e47f658288) [0x000072e47f658380, 0x000072e47f658c88] Compiler: c1, Barriers: 0, Oops: 0, ImmediateOops: 0, NonImmediateOops: No
[1,423s][debug][gc,nmethod  ] Register NMethod: sun.util.locale.BaseLocale.convertOldISOCodes (0x000072e47f658d08) [0x000072e47f658e00, 0x000072e47f65a080] Compiler: c1, Barriers: 0, Oops: 0, ImmediateOops: 9, NonImmediateOops: No
[1,423s][debug][gc,nmethod  ] Register NMethod: java.util.Locale$LocaleCache.cache (0x000072e47f65a088) [0x000072e47f65a180, 0x000072e47f65a670] Compiler: c1, Barriers: 0, Oops: 0, ImmediateOops: 2, NonImmediateOops: No
[1,424s][debug][gc,nmethod  ] Register NMethod: sun.util.locale.provider.LocaleProviderAdapter$$Lambda/0x00000000b30b6ec8.apply (0x000072e47f65a688) [0x000072e47f65a780, 0x000072e47f65aac0] Compiler: c1, Barriers: 0, Oops: 0, ImmediateOops: 0, NonImmediateOops: No
[1,424s][debug][gc,nmethod  ] Register NMethod: java.util.stream.DistinctOps$1$2.accept (0x000072e47f65ab08) [0x000072e47f65ac00, 0x000072e47f65b1c0] Compiler: c1, Barriers: 2, Oops: 0, ImmediateOops: 0, NonImmediateOops: No
[1,424s][debug][gc,nmethod  ] Register NMethod: java.util.Locale$LocaleCache.apply (0x000072e47f65b208) [0x000072e47f65b300, 0x000072e47f65b5f8] Compiler: c1, Barriers: 0, Oops: 0, ImmediateOops: 0, NonImmediateOops: No
[1,424s][debug][gc,nmethod  ] Register NMethod: sun.util.locale.provider.LocaleProviderAdapter.lambda$toLocaleArray$0 (0x000072e47f65b608) [0x000072e47f65b700, 0x000072e47f65c418] Compiler: c1, Barriers: 3, Oops: 0, ImmediateOops: 3, NonImmediateOops: No
[1,424s][debug][gc,nmethod  ] Register NMethod: sun.util.locale.InternalLocaleBuilder.getBaseLocale (0x000072e47f65c488) [0x000072e47f65c580, 0x000072e47f65ed90] Compiler: c1, Barriers: 7, Oops: 2, ImmediateOops: 7, NonImmediateOops: No
[1,424s][debug][gc,nmethod  ] Register NMethod: java.util.Locale$LocaleCache.apply (0x000072e47f65ee08) [0x000072e47f65ef00, 0x000072e47f65faf0] Compiler: c1, Barriers: 11, Oops: 0, ImmediateOops: 0, NonImmediateOops: No
[1,424s][debug][gc,nmethod  ] Register NMethod: java.lang.String.<init> (0x000072e47f65fb08) [0x000072e47f65fc00, 0x000072e47f65fd50] Compiler: c1, Barriers: 0, Oops: 0, ImmediateOops: 0, NonImmediateOops: No
[1,424s][debug][gc,nmethod  ] Register NMethod: sun.util.locale.LanguageTag.isExtlang (0x000072e47f65fe08) [0x000072e47f65ff00, 0x000072e47f6613f0] Compiler: c1, Barriers: 3, Oops: 1, ImmediateOops: 2, NonImmediateOops: No
[1,424s][debug][gc,nmethod  ] Register NMethod: jdk.internal.util.ReferencedKeyMap.put (0x000072e47f661408) [0x000072e47f661500, 0x000072e47f662de8] Compiler: c1, Barriers: 5, Oops: 2, ImmediateOops: 3, NonImmediateOops: No
[1,425s][debug][gc,nmethod  ] Register NMethod: java.util.ImmutableCollections$SetN.probe (0x000072e49ec2e388) [0x000072e49ec2e480, 0x000072e49ec2ebd0] Compiler: jvmci, Barriers: 7, Oops: 0, ImmediateOops: 0, NonImmediateOops: No
[1,425s][debug][gc,nmethod  ] Register NMethod: sun.util.locale.InternalLocaleBuilder.setExtensions (0x000072e47f662e08) [0x000072e47f662f20, 0x000072e47f668ae0] Compiler: c1, Barriers: 20, Oops: 1, ImmediateOops: 5, NonImmediateOops: No
[1,425s][debug][gc,nmethod  ] Register NMethod: sun.util.locale.LanguageTag.isRegion (0x000072e47f668b08) [0x000072e47f668c00, 0x000072e47f66b458] Compiler: c1, Barriers: 6, Oops: 1, ImmediateOops: 4, NonImmediateOops: No
[1,425s][debug][gc,nmethod  ] Register NMethod: java.util.Objects.requireNonNull (0x000072e49ec2ec08) [0x000072e49ec2ed00, 0x000072e49ec2ed98] Compiler: jvmci, Barriers: 0, Oops: 0, ImmediateOops: 0, NonImmediateOops: No
[1,425s][debug][gc,nmethod  ] Register NMethod: sun.util.locale.LanguageTag.isScript (0x000072e47f66b488) [0x000072e47f66b580, 0x000072e47f66ca70] Compiler: c1, Barriers: 3, Oops: 1, ImmediateOops: 2, NonImmediateOops: No
[1,426s][debug][gc,nmethod  ] Register NMethod: java.util.Locale.hasExtensions (0x000072e47f66ca88) [0x000072e47f66cb80, 0x000072e47f66cd00] Compiler: c1, Barriers: 1, Oops: 0, ImmediateOops: 0, NonImmediateOops: No
[1,426s][debug][gc,nmethod  ] Register NMethod: java.util.Locale.stripExtensions (0x000072e47f66cd88) [0x000072e47f66ce80, 0x000072e47f66d2f8] Compiler: c1, Barriers: 2, Oops: 0, ImmediateOops: 0, NonImmediateOops: No
[1,426s][debug][gc,nmethod  ] Register NMethod: java.util.Locale.equals (0x000072e47f66d308) [0x000072e47f66d400, 0x000072e47f66e208] Compiler: c1, Barriers: 5, Oops: 0, ImmediateOops: 0, NonImmediateOops: No
[1,426s][debug][gc,nmethod  ] Register NMethod: sun.util.locale.BaseLocale.equals (0x000072e47f66e288) [0x000072e47f66e380, 0x000072e47f66ee58] Compiler: c1, Barriers: 8, Oops: 0, ImmediateOops: 0, NonImmediateOops: No
[1,427s][debug][gc,nmethod  ] Register NMethod: sun.util.locale.LocaleUtils.caseIgnoreMatch (0x000072e47f66ee88) [0x000072e47f66ef80, 0x000072e47f670f68] Compiler: c1, Barriers: 6, Oops: 1, ImmediateOops: 4, NonImmediateOops: No
[1,428s][debug][gc,director ] Rule Major: Warmup 10%, Used: 66MB, UsedThreshold: 1228MB
[1,428s][debug][gc,nmethod  ] Register NMethod: java.util.HashMap.put (0x000072e49ec2ef08) [0x000072e49ec2f020, 0x000072e49ec30840] Compiler: jvmci, Barriers: 59, Oops: 0, ImmediateOops: 0, NonImmediateOops: No
[1,428s][debug][gc,nmethod  ] Register NMethod: java.lang.invoke.MethodHandles$Lookup.checkAccess (0x000072e47f670f88) [0x000072e47f671080, 0x000072e47f672b98] Compiler: c1, Barriers: 5, Oops: 0, ImmediateOops: 1, NonImmediateOops: No
[1,431s][debug][gc,nmethod  ] Register NMethod: sun.util.locale.BaseLocale.hashCode (0x000072e49ec30888) [0x000072e49ec30980, 0x000072e49ec30fd8] Compiler: jvmci, Barriers: 8, Oops: 0, ImmediateOops: 0, NonImmediateOops: No
[1,431s][debug][gc,nmethod  ] Register NMethod: java.lang.String.isEmpty (0x000072e49ec31008) [0x000072e49ec31100, 0x000072e49ec311e8] Compiler: jvmci, Barriers: 1, Oops: 0, ImmediateOops: 0, NonImmediateOops: No
[1,432s][debug][gc,nmethod  ] Register NMethod: sun.util.locale.LocaleUtils.toLower (0x000072e49ec31308) [0x000072e49ec31400, 0x000072e49ec31478] Compiler: jvmci, Barriers: 0, Oops: 0, ImmediateOops: 0, NonImmediateOops: No
[1,432s][debug][gc,nmethod  ] Register NMethod: java.lang.ref.ReferenceQueue.poll (0x000072e49ec31608) [0x000072e49ec31700, 0x000072e49ec317e8] Compiler: jvmci, Barriers: 1, Oops: 0, ImmediateOops: 0, NonImmediateOops: No
[1,433s][debug][gc,nmethod  ] Register NMethod: java.lang.StringUTF16.getChar (0x000072e47f672c08) [0x000072e47f672d00, 0x000072e47f672e60] Compiler: c1, Barriers: 0, Oops: 0, ImmediateOops: 0, NonImmediateOops: No
[1,433s][debug][gc,nmethod  ] Register NMethod: java.lang.CharacterData.of (0x000072e47f4e5d08) [0x000072e47f4e5e00, 0x000072e47f4e6540] Compiler: c1, Barriers: 7, Oops: 0, ImmediateOops: 3, NonImmediateOops: No
[1,433s][debug][gc,nmethod  ] Register NMethod: java.lang.CharacterData.of (0x000072e47f4e5d08) [0x000072e47f4e5e00, 0x000072e47f4e6540] Compiler: c1, Barriers: 7, Oops: 0, ImmediateOops: 3, NonImmediateOops: No
[1,435s][debug][gc,nmethod  ] Register NMethod: java.lang.invoke.MethodHandle.linkToVirtual (0x000072e49ec31908) [0x000072e49ec31a00, 0x000072e49ec31a28] Compiler: , Barriers: 0, Oops: 0, ImmediateOops: 0, NonImmediateOops: No
[1,436s][debug][gc,nmethod  ] Register NMethod: java.lang.invoke.LambdaForm.parameter (0x000072e47f672f08) [0x000072e47f673000, 0x000072e47f673198] Compiler: c1, Barriers: 2, Oops: 0, ImmediateOops: 0, NonImmediateOops: No
[1,436s][debug][gc,nmethod  ] Register NMethod: jdk.internal.classfile.impl.DirectCodeBuilder.loadLocal (0x000072e47f673208) [0x000072e47f673300, 0x000072e47f675188] Compiler: c1, Barriers: 5, Oops: 0, ImmediateOops: 2, NonImmediateOops: No
[1,436s][debug][gc,nmethod  ] Register NMethod: jdk.internal.classfile.impl.AbstractPoolEntry$NameAndTypeEntryImpl.<init> (0x000072e47f675208) [0x000072e47f675300, 0x000072e47f675450] Compiler: c1, Barriers: 0, Oops: 0, ImmediateOops: 0, NonImmediateOops: No
[1,436s][debug][gc,nmethod  ] Register NMethod: java.lang.String.substring (0x000072e49ec31c08) [0x000072e49ec31d00, 0x000072e49ec321c8] Compiler: jvmci, Barriers: 3, Oops: 0, ImmediateOops: 1, NonImmediateOops: No
[1,436s][debug][gc,nmethod  ] Register NMethod: java.lang.invoke.LambdaForm.parameterType (0x000072e47f675508) [0x000072e47f675600, 0x000072e47f675780] Compiler: c1, Barriers: 1, Oops: 0, ImmediateOops: 0, NonImmediateOops: No
[1,436s][debug][gc,nmethod  ] Register NMethod: java.lang.classfile.constantpool.ConstantPoolBuilder.nameAndTypeEntry (0x000072e47f675808) [0x000072e47f675900, 0x000072e47f676020] Compiler: c1, Barriers: 0, Oops: 0, ImmediateOops: 0, NonImmediateOops: No
[1,436s][debug][gc,nmethod  ] Register NMethod: jdk.internal.classfile.impl.StackMapGenerator$Frame.getLocalRawInternal (0x000072e47f676088) [0x000072e47f676180, 0x000072e47f676518] Compiler: c1, Barriers: 2, Oops: 0, ImmediateOops: 0, NonImmediateOops: No
[1,437s][debug][gc,nmethod  ] Register NMethod: java.lang.StringUTF16.getChar (0x000072e49ec32208) [0x000072e49ec32300, 0x000072e49ec323e8] Compiler: jvmci, Barriers: 0, Oops: 0, ImmediateOops: 0, NonImmediateOops: No
[1,437s][debug][gc,nmethod  ] Register NMethod: jdk.internal.classfile.impl.SplitConstantPool.methodRefEntry (0x000072e47f676588) [0x000072e47f676680, 0x000072e47f678fd8] Compiler: c1, Barriers: 6, Oops: 0, ImmediateOops: 0, NonImmediateOops: No
[1,437s][debug][gc,nmethod  ] Register NMethod: java.lang.String.isLatin1 (0x000072e47f679008) [0x000072e47f679100, 0x000072e47f679260] Compiler: c1, Barriers: 0, Oops: 0, ImmediateOops: 0, NonImmediateOops: No
[1,437s][debug][gc,nmethod  ] Register NMethod: java.util.ImmutableCollections$SetN.isEmpty (0x000072e49ec32508) [0x000072e49ec32600, 0x000072e49ec32690] Compiler: jvmci, Barriers: 0, Oops: 0, ImmediateOops: 0, NonImmediateOops: No
[1,438s][debug][gc,nmethod  ] Register NMethod: worker.org.gradle.internal.classloader.FilteringClassLoader.classAllowed (0x000072e47f679308) [0x000072e47f679400, 0x000072e47f67a608] Compiler: c1, Barriers: 8, Oops: 3, ImmediateOops: 2, NonImmediateOops: No
[1,438s][debug][gc,director ] Rule Major: Warmup 10%, Used: 66MB, UsedThreshold: 1228MB
[1,438s][debug][gc,nmethod  ] Register NMethod: jdk.internal.jimage.ImageHeader.getTableLength (0x000072e49ec32808) [0x000072e49ec32900, 0x000072e49ec329c0] Compiler: c1, Barriers: 0, Oops: 0, ImmediateOops: 0, NonImmediateOops: No
[1,438s][debug][gc,nmethod  ] Register NMethod: java.util.zip.ZipFile.ensureOpen (0x000072e49ec32b08) [0x000072e49ec32c00, 0x000072e49ec32d60] Compiler: jvmci, Barriers: 2, Oops: 0, ImmediateOops: 0, NonImmediateOops: No
[1,438s][debug][gc,nmethod  ] Register NMethod: java.nio.DirectIntBufferU.ix (0x000072e47f67a688) [0x000072e47f67a780, 0x000072e47f67a890] Compiler: c1, Barriers: 0, Oops: 0, ImmediateOops: 0, NonImmediateOops: No
[1,438s][debug][gc,nmethod  ] Register NMethod: java.util.concurrent.ConcurrentHashMap$BaseIterator.hasNext (0x000072e47f67a988) [0x000072e47f67aa80, 0x000072e47f67ac00] Compiler: c1, Barriers: 1, Oops: 0, ImmediateOops: 0, NonImmediateOops: No
[1,439s][debug][gc,nmethod  ] Register NMethod: jdk.internal.misc.ScopedMemoryAccess.getInt (0x000072e47f67ac88) [0x000072e47f67ad80, 0x000072e47f67b090] Compiler: c1, Barriers: 0, Oops: 0, ImmediateOops: 0, NonImmediateOops: No
[1,439s][debug][gc,nmethod  ] Register NMethod: jdk.internal.misc.ScopedMemoryAccess.getIntInternal (0x000072e47f67b108) [0x000072e47f67b200, 0x000072e47f67b450] Compiler: c1, Barriers: 0, Oops: 0, ImmediateOops: 0, NonImmediateOops: No
[1,439s][debug][gc,nmethod  ] Register NMethod: jdk.internal.loader.URLClassPath$JarLoader.findResource (0x000072e47f67b488) [0x000072e47f67b580, 0x000072e47f67b788] Compiler: c1, Barriers: 1, Oops: 0, ImmediateOops: 0, NonImmediateOops: No
[1,439s][debug][gc,nmethod  ] Register NMethod: java.nio.DirectIntBufferU.get (0x000072e47f67b808) [0x000072e47f67b900, 0x000072e47f67c6f0] Compiler: c1, Barriers: 1, Oops: 2, ImmediateOops: 2, NonImmediateOops: No
[1,439s][debug][gc,nmethod  ] Register NMethod: java.util.concurrent.ConcurrentHashMap$Traverser.advance (0x000072e47f67c708) [0x000072e47f67c800, 0x000072e47f67d8f8] Compiler: c1, Barriers: 15, Oops: 0, ImmediateOops: 0, NonImmediateOops: No
[1,439s][debug][gc,nmethod  ] Register NMethod: java.io.UnixFileSystem.getFileForSysCalls (0x000072e47f67d908) [0x000072e47f67da00, 0x000072e47f67df40] Compiler: c1, Barriers: 3, Oops: 0, ImmediateOops: 0, NonImmediateOops: No
[1,440s][debug][gc,nmethod  ] Register NMethod: java.util.concurrent.ConcurrentHashMap$ValueIterator.next (0x000072e47f67df88) [0x000072e47f67e080, 0x000072e47f67e560] Compiler: c1, Barriers: 5, Oops: 0, ImmediateOops: 0, NonImmediateOops: No
[1,444s][debug][gc,nmethod  ] Register NMethod: java.util.concurrent.ConcurrentHashMap.putVal (0x000072e49ec32e08) [0x000072e49ec32f00, 0x000072e49ec33fe8] Compiler: jvmci, Barriers: 28, Oops: 0, ImmediateOops: 0, NonImmediateOops: No
[1,444s][debug][gc,nmethod  ] Register NMethod: java.lang.ClassLoader.definePackage (0x000072e47f67e588) [0x000072e47f67e680, 0x000072e47f680ad8] Compiler: c1, Barriers: 10, Oops: 2, ImmediateOops: 5, NonImmediateOops: No
[1,446s][debug][gc,nmethod  ] Register NMethod: jdk.internal.reflect.Reflection.getCallerClass (0x000072e49ec34008) [0x000072e49ec34100, 0x000072e49ec34428] Compiler: , Barriers: 0, Oops: 0, ImmediateOops: 1, NonImmediateOops: No
[1,446s][debug][gc,nmethod  ] Register NMethod: java.lang.invoke.MethodHandles$Lookup.isClassAccessible (0x000072e47f680b08) [0x000072e47f680c00, 0x000072e47f681528] Compiler: c1, Barriers: 3, Oops: 0, ImmediateOops: 0, NonImmediateOops: No
[1,446s][debug][gc,nmethod  ] Register NMethod: java.util.concurrent.ConcurrentHashMap.addCount (0x000072e49ec34488) [0x000072e49ec34580, 0x000072e49ec35af0] Compiler: jvmci, Barriers: 56, Oops: 0, ImmediateOops: 0, NonImmediateOops: No
[1,446s][debug][gc,nmethod  ] Register NMethod: java.lang.invoke.MemberName.ensureTypeVisible (0x000072e47f681588) [0x000072e47f681680, 0x000072e47f685f20] Compiler: c1, Barriers: 10, Oops: 3, ImmediateOops: 10, NonImmediateOops: No
[1,447s][debug][gc,nmethod  ] Register NMethod: java.lang.AbstractStringBuilder.needsNewBuffer (0x000072e47f685f88) [0x000072e47f686080, 0x000072e47f686220] Compiler: c1, Barriers: 0, Oops: 0, ImmediateOops: 0, NonImmediateOops: No
[1,448s][debug][gc,director ] Rule Major: Warmup 10%, Used: 66MB, UsedThreshold: 1228MB
[1,449s][debug][gc,nmethod  ] Register NMethod: java.util.concurrent.ConcurrentHashMap.get (0x000072e49ec35b08) [0x000072e49ec35c00, 0x000072e49ec36760] Compiler: jvmci, Barriers: 15, Oops: 0, ImmediateOops: 0, NonImmediateOops: No
[1,449s][debug][gc,nmethod  ] Register NMethod: java.lang.String.charAt (0x000072e49ec36788) [0x000072e49ec36880, 0x000072e49ec369e0] Compiler: jvmci, Barriers: 1, Oops: 0, ImmediateOops: 0, NonImmediateOops: No
[1,450s][debug][gc,nmethod  ] Register NMethod: java.lang.invoke.MethodType.changeReturnType (0x000072e47f686288) [0x000072e47f686380, 0x000072e47f686750] Compiler: c1, Barriers: 2, Oops: 0, ImmediateOops: 0, NonImmediateOops: No
[1,450s][debug][gc,nmethod  ] Register NMethod: java.lang.invoke.MethodHandle.linkToStatic (0x000072e49ec36a88) [0x000072e49ec36b80, 0x000072e49ec36c70] Compiler: , Barriers: 0, Oops: 0, ImmediateOops: 0, NonImmediateOops: No
[1,451s][debug][gc,nmethod  ] Register NMethod: java.util.zip.CRC32.<init> (0x000072e47f686788) [0x000072e47f686880, 0x000072e47f6869d8] Compiler: c1, Barriers: 0, Oops: 0, ImmediateOops: 0, NonImmediateOops: No
[1,451s][debug][gc,nmethod  ] Register NMethod: java.util.ArrayList.grow (0x000072e47f686a88) [0x000072e47f686b80, 0x000072e47f6873d0] Compiler: c1, Barriers: 9, Oops: 0, ImmediateOops: 1, NonImmediateOops: No
[1,451s][debug][gc,nmethod  ] Register NMethod: java.util.zip.ZipCoder.hash (0x000072e49ec36d88) [0x000072e49ec36e80, 0x000072e49ec370e8] Compiler: jvmci, Barriers: 1, Oops: 0, ImmediateOops: 0, NonImmediateOops: No
[1,452s][debug][gc,nmethod  ] Register NMethod: jdk.internal.loader.URLClassPath$JarLoader$1.getBytes (0x000072e47f687408) [0x000072e47f687500, 0x000072e47f688140] Compiler: c1, Barriers: 4, Oops: 0, ImmediateOops: 1, NonImmediateOops: No
[1,452s][debug][gc,nmethod  ] Register NMethod: java.lang.classfile.TypeKind.slotSize (0x000072e49ec37108) [0x000072e49ec37200, 0x000072e49ec372c0] Compiler: c1, Barriers: 0, Oops: 0, ImmediateOops: 0, NonImmediateOops: No
[1,452s][debug][gc,nmethod  ] Register NMethod: jdk.internal.classfile.impl.StackMapDecoder$StackMapFrameImpl.locals (0x000072e49ec37408) [0x000072e49ec37500, 0x000072e49ec375e8] Compiler: c1, Barriers: 1, Oops: 0, ImmediateOops: 0, NonImmediateOops: No
[1,452s][debug][gc,nmethod  ] Register NMethod: jdk.internal.classfile.impl.StackMapDecoder$StackMapFrameImpl.target (0x000072e49ec37708) [0x000072e49ec37800, 0x000072e49ec378e8] Compiler: c1, Barriers: 1, Oops: 0, ImmediateOops: 0, NonImmediateOops: No
[1,452s][debug][gc,nmethod  ] Register NMethod: jdk.internal.classfile.impl.AbstractPseudoInstruction$ExceptionCatchImpl.catchTypeEntry (0x000072e49ec37a08) [0x000072e49ec37b00, 0x000072e49ec37be8] Compiler: c1, Barriers: 1, Oops: 0, ImmediateOops: 0, NonImmediateOops: No
[1,452s][debug][gc,nmethod  ] Register NMethod: jdk.internal.classfile.impl.DirectCodeBuilder.setLabelTarget (0x000072e47f688188) [0x000072e47f688280, 0x000072e47f688cb8] Compiler: c1, Barriers: 1, Oops: 0, ImmediateOops: 1, NonImmediateOops: No
[1,453s][debug][gc,nmethod  ] Register NMethod: java.util.jar.JarFile.checkForSpecialAttributes (0x000072e49ec37d08) [0x000072e49ec37e00, 0x000072e49ec38758] Compiler: jvmci, Barriers: 7, Oops: 2, ImmediateOops: 8, NonImmediateOops: No
[1,454s][debug][gc,nmethod  ] Register NMethod: jdk.internal.util.StrongReferenceKey.hashCode (0x000072e49ec38788) [0x000072e49ec38880, 0x000072e49ec38dc0] Compiler: jvmci, Barriers: 8, Oops: 0, ImmediateOops: 0, NonImmediateOops: No
[1,454s][debug][gc,nmethod  ] Register NMethod: java.lang.ClassLoader.compareCerts (0x000072e47f688d08) [0x000072e47f688e00, 0x000072e47f689940] Compiler: c1, Barriers: 4, Oops: 0, ImmediateOops: 0, NonImmediateOops: No
[1,454s][debug][gc,nmethod  ] Register NMethod: jdk.internal.loader.AbstractClassLoaderValue$Sub.parent (0x000072e49ec38e08) [0x000072e49ec38f00, 0x000072e49ec38fe8] Compiler: c1, Barriers: 1, Oops: 0, ImmediateOops: 0, NonImmediateOops: No
[1,455s][debug][gc,nmethod  ] Register NMethod: java.lang.invoke.DirectMethodHandle.internalMemberName (0x000072e47f689988) [0x000072e47f689a80, 0x000072e47f689da0] Compiler: c1, Barriers: 1, Oops: 0, ImmediateOops: 0, NonImmediateOops: No
[1,455s][debug][gc,nmethod  ] Register NMethod: java.lang.reflect.Method.getRoot (0x000072e49ec39108) [0x000072e49ec39200, 0x000072e49ec392e8] Compiler: c1, Barriers: 1, Oops: 0, ImmediateOops: 0, NonImmediateOops: No
[1,457s][debug][gc,nmethod  ] Register NMethod: java.net.URLClassLoader.isSealed (0x000072e47f689e08) [0x000072e47f689f00, 0x000072e47f68d9b0] Compiler: c1, Barriers: 10, Oops: 3, ImmediateOops: 15, NonImmediateOops: No
[1,457s][debug][gc,nmethod  ] Register NMethod: java.lang.invoke.MethodHandle.linkToSpecial (0x000072e49ec39408) [0x000072e49ec39500, 0x000072e49ec395f8] Compiler: , Barriers: 0, Oops: 0, ImmediateOops: 0, NonImmediateOops: No
[1,457s][debug][gc,nmethod  ] Register NMethod: java.lang.invoke.MethodHandle.linkToSpecial (0x000072e49ec39708) [0x000072e49ec39800, 0x000072e49ec398f8] Compiler: , Barriers: 0, Oops: 0, ImmediateOops: 0, NonImmediateOops: No
[1,458s][debug][gc,nmethod  ] Register NMethod: java.lang.invoke.MemberName.getInvocationType (0x000072e47f68da08) [0x000072e47f68db00, 0x000072e47f68f100] Compiler: c1, Barriers: 7, Oops: 0, ImmediateOops: 0, NonImmediateOops: No
[1,458s][debug][gc,nmethod  ] Register NMethod: java.lang.invoke.LambdaForm$BasicType.basicTypeSlots (0x000072e47f68f108) [0x000072e47f68f200, 0x000072e47f68f558] Compiler: c1, Barriers: 1, Oops: 0, ImmediateOops: 0, NonImmediateOops: No
[1,458s][debug][gc,director ] Rule Major: Warmup 10%, Used: 68MB, UsedThreshold: 1228MB
[1,458s][debug][gc,nmethod  ] Register NMethod: sun.invoke.util.Wrapper.stackSlots (0x000072e47f68f588) [0x000072e47f68f680, 0x000072e47f68f788] Compiler: c1, Barriers: 0, Oops: 0, ImmediateOops: 0, NonImmediateOops: No
[1,458s][debug][gc,nmethod  ] Register NMethod: java.lang.invoke.InvokerBytecodeGenerator.emitImplicitConversion (0x000072e47f68f888) [0x000072e47f68f980, 0x000072e47f691db0] Compiler: c1, Barriers: 3, Oops: 2, ImmediateOops: 10, NonImmediateOops: No
[1,458s][debug][gc,nmethod  ] Register NMethod: jdk.internal.classfile.impl.BufWriterImpl.writeU1U1 (0x000072e47f691e08) [0x000072e47f691f00, 0x000072e47f692370] Compiler: c1, Barriers: 2, Oops: 0, ImmediateOops: 0, NonImmediateOops: No
[1,459s][debug][gc,nmethod  ] Register NMethod: java.lang.invoke.MethodHandle.linkToStatic (0x000072e49ec39a08) [0x000072e49ec39b00, 0x000072e49ec39bf8] Compiler: , Barriers: 0, Oops: 0, ImmediateOops: 0, NonImmediateOops: No
[1,459s][debug][gc,nmethod  ] Register NMethod: java.lang.invoke.MethodHandle.invokeBasic (0x000072e49ec39d08) [0x000072e49ec39e00, 0x000072e49ec3a098] Compiler: , Barriers: 0, Oops: 0, ImmediateOops: 0, NonImmediateOops: No
[1,459s][debug][gc,nmethod  ] Register NMethod: java.lang.invoke.InvokerBytecodeGenerator.emitPushArgument (0x000072e47f692388) [0x000072e47f692480, 0x000072e47f695048] Compiler: c1, Barriers: 6, Oops: 1, ImmediateOops: 5, NonImmediateOops: No
[1,459s][debug][gc,nmethod  ] Register NMethod: java.lang.invoke.MethodHandles$Lookup.checkSymbolicClass (0x000072e47f695088) [0x000072e47f695180, 0x000072e47f695768] Compiler: c1, Barriers: 0, Oops: 0, ImmediateOops: 1, NonImmediateOops: No
[1,459s][debug][gc,nmethod  ] Register NMethod: java.lang.invoke.InvokerBytecodeGenerator.emitLoadInsn (0x000072e47f695788) [0x000072e47f695880, 0x000072e47f695a58] Compiler: c1, Barriers: 1, Oops: 0, ImmediateOops: 0, NonImmediateOops: No
[1,459s][debug][gc,nmethod  ] Register NMethod: java.lang.invoke.LambdaForm$Name.isParam (0x000072e47f695a88) [0x000072e47f695b80, 0x000072e47f695d00] Compiler: c1, Barriers: 1, Oops: 0, ImmediateOops: 0, NonImmediateOops: No
[1,459s][debug][gc,nmethod  ] Register NMethod: java.lang.classfile.constantpool.ConstantPoolBuilder.methodRefEntry (0x000072e47f695d88) [0x000072e47f695e80, 0x000072e47f6965b0] Compiler: c1, Barriers: 0, Oops: 0, ImmediateOops: 0, NonImmediateOops: No
[1,459s][debug][gc,nmethod  ] Register NMethod: java.lang.invoke.DirectMethodHandle.<init> (0x000072e47f696608) [0x000072e47f696700, 0x000072e47f698b90] Compiler: c1, Barriers: 9, Oops: 2, ImmediateOops: 2, NonImmediateOops: No
[1,460s][debug][gc,nmethod  ] Register NMethod: java.lang.invoke.LambdaForm.useCount (0x000072e47f698c08) [0x000072e47f698d00, 0x000072e47f6991a8] Compiler: c1, Barriers: 4, Oops: 0, ImmediateOops: 0, NonImmediateOops: No
[1,460s][debug][gc,nmethod  ] Register NMethod: jdk.internal.constant.MethodTypeDescImpl.buildDescriptorString (0x000072e47f699208) [0x000072e47f699300, 0x000072e47f69ffa0] Compiler: c1, Barriers: 18, Oops: 3, ImmediateOops: 27, NonImmediateOops: No
[1,460s][debug][gc,nmethod  ] Register NMethod: jdk.internal.classfile.impl.SplitConstantPool.entryByIndex (0x000072e49ec3a108) [0x000072e49ec3a200, 0x000072e49ec3a3c0] Compiler: jvmci, Barriers: 2, Oops: 0, ImmediateOops: 0, NonImmediateOops: No
[1,461s][debug][gc,nmethod  ] Register NMethod: java.util.List.copyOf (0x000072e47f6a0008) [0x000072e47f6a0100, 0x000072e47f6a0210] Compiler: c1, Barriers: 0, Oops: 0, ImmediateOops: 0, NonImmediateOops: No
[1,461s][debug][gc,nmethod  ] Register NMethod: java.lang.classfile.constantpool.MemberRefEntry.type (0x000072e47f6a0308) [0x000072e47f6a0400, 0x000072e47f6a0e60] Compiler: c1, Barriers: 2, Oops: 0, ImmediateOops: 0, NonImmediateOops: No
[1,461s][debug][gc,nmethod  ] Register NMethod: java.util.ImmutableCollections.listCopy (0x000072e47f6a0e88) [0x000072e47f6a0f80, 0x000072e47f6a1e38] Compiler: c1, Barriers: 0, Oops: 0, ImmediateOops: 1, NonImmediateOops: No
[1,462s][debug][gc,nmethod  ] Register NMethod: jdk.internal.classfile.impl.AbstractPoolEntry$Utf8EntryImpl.clone (0x000072e47f6a1e88) [0x000072e47f6a1f80, 0x000072e47f6a2278] Compiler: c1, Barriers: 0, Oops: 0, ImmediateOops: 0, NonImmediateOops: No
[1,462s][debug][gc,nmethod  ] Register NMethod: jdk.internal.classfile.impl.AbstractPoolEntry$Utf8EntryImpl.clone (0x000072e47f6a2288) [0x000072e47f6a2380, 0x000072e47f6a2ee8] Compiler: c1, Barriers: 8, Oops: 0, ImmediateOops: 1, NonImmediateOops: No
[1,462s][debug][gc,nmethod  ] Register NMethod: jdk.internal.classfile.impl.RawBytecodeHelper.endBci (0x000072e49ec3a408) [0x000072e49ec3a500, 0x000072e49ec3a5e0] Compiler: jvmci, Barriers: 1, Oops: 0, ImmediateOops: 0, NonImmediateOops: No
[1,463s][debug][gc,nmethod  ] Register NMethod: java.lang.StringLatin1.getChar (0x000072e47f6a2f08) [0x000072e47f6a3000, 0x000072e47f6a3110] Compiler: c1, Barriers: 0, Oops: 0, ImmediateOops: 0, NonImmediateOops: No
[1,464s][debug][gc,nmethod  ] Register NMethod: jdk.internal.loader.URLClassPath.getLoader (0x000072e49ec3a708) [0x000072e49ec3a800, 0x000072e49ec3b4f8] Compiler: jvmci, Barriers: 12, Oops: 0, ImmediateOops: 0, NonImmediateOops: No
[1,465s][debug][gc,nmethod  ] Register NMethod: java.lang.reflect.Executable.<init> (0x000072e47f6a3208) [0x000072e47f6a3300, 0x000072e47f6a34b8] Compiler: c1, Barriers: 0, Oops: 0, ImmediateOops: 0, NonImmediateOops: No
[1,465s][debug][gc,nmethod  ] Register NMethod: java.lang.String.valueOf (0x000072e47f6a3508) [0x000072e47f6a3600, 0x000072e47f6a3938] Compiler: c1, Barriers: 0, Oops: 0, ImmediateOops: 1, NonImmediateOops: No
[1,465s][debug][gc,nmethod  ] Register NMethod: java.util.ImmutableCollections$List12.<init> (0x000072e47f6a3988) [0x000072e47f6a3a80, 0x000072e47f6a3f30] Compiler: c1, Barriers: 6, Oops: 0, ImmediateOops: 1, NonImmediateOops: No
[1,465s][debug][gc,nmethod  ] Register NMethod: jdk.internal.loader.URLClassPath$JarLoader.ensureOpen (0x000072e49ec3b508) [0x000072e49ec3b600, 0x000072e49ec3b7b8] Compiler: jvmci, Barriers: 5, Oops: 0, ImmediateOops: 0, NonImmediateOops: No
[1,465s][debug][gc,nmethod  ] Register NMethod: jdk.internal.classfile.impl.Util.isDoubleSlot (0x000072e47f6a3f88) [0x000072e47f6a4080, 0x000072e47f6a41f0] Compiler: c1, Barriers: 0, Oops: 0, ImmediateOops: 2, NonImmediateOops: No
[1,465s][debug][gc,nmethod  ] Register NMethod: java.lang.classfile.Opcode.sizeIfFixed (0x000072e49ec3b808) [0x000072e49ec3b900, 0x000072e49ec3b9c0] Compiler: c1, Barriers: 0, Oops: 0, ImmediateOops: 0, NonImmediateOops: No
[1,466s][debug][gc,nmethod  ] Register NMethod: java.util.BitSet.get (0x000072e47f6a4288) [0x000072e47f6a4380, 0x000072e47f6a5228] Compiler: c1, Barriers: 1, Oops: 1, ImmediateOops: 2, NonImmediateOops: No
[1,466s][debug][gc,nmethod  ] Register NMethod: java.lang.PublicMethods$Key.matches (0x000072e47f6a5288) [0x000072e47f6a5380, 0x000072e47f6a5a70] Compiler: c1, Barriers: 2, Oops: 1, ImmediateOops: 2, NonImmediateOops: No
[1,468s][debug][gc,director ] Rule Major: Warmup 10%, Used: 70MB, UsedThreshold: 1228MB
[1,469s][debug][gc,nmethod  ] Register NMethod: java.util.zip.ZipFile$Source.getEntryPos (0x000072e49ec3bb08) [0x000072e49ec3bc00, 0x000072e49ec3c378] Compiler: jvmci, Barriers: 6, Oops: 0, ImmediateOops: 0, NonImmediateOops: No
[1,470s][debug][gc,nmethod  ] Register NMethod: java.util.BitSet.wordIndex (0x000072e49ec3c388) [0x000072e49ec3c480, 0x000072e49ec3c4e8] Compiler: jvmci, Barriers: 0, Oops: 0, ImmediateOops: 0, NonImmediateOops: No
[1,472s][debug][gc,nmethod  ] Register NMethod: java.lang.ref.Reference.<init> (0x000072e47f6a5a88) [0x000072e47f6a5b80, 0x000072e47f6a5e58] Compiler: c1, Barriers: 6, Oops: 0, ImmediateOops: 1, NonImmediateOops: No
[1,473s][debug][gc,nmethod  ] Register NMethod: jdk.internal.loader.NativeLibrary.findEntry0 (0x000072e49ec3c688) [0x000072e49ec3c780, 0x000072e49ec3c8f0] Compiler: , Barriers: 0, Oops: 0, ImmediateOops: 1, NonImmediateOops: No
[1,473s][debug][gc,nmethod  ] Register NMethod: java.lang.Class.forName0 (0x000072e49ec3c988) [0x000072e49ec3ca80, 0x000072e49ec3cde0] Compiler: , Barriers: 0, Oops: 0, ImmediateOops: 1, NonImmediateOops: No
[1,474s][debug][gc,nmethod  ] Register NMethod: java.lang.invoke.MethodHandle.linkToInterface (0x000072e49ec3ce08) [0x000072e49ec3cf00, 0x000072e49ec3d030] Compiler: , Barriers: 0, Oops: 0, ImmediateOops: 0, NonImmediateOops: No
[1,474s][debug][gc,nmethod  ] Register NMethod: java.lang.invoke.MethodHandle.invokeBasic (0x000072e49ec3d108) [0x000072e49ec3d200, 0x000072e49ec3d498] Compiler: , Barriers: 0, Oops: 0, ImmediateOops: 0, NonImmediateOops: No
[1,475s][debug][gc,nmethod  ] Register NMethod: jdk.internal.classfile.impl.SplitConstantPool.utf8Entry (0x000072e47f6a5e88) [0x000072e47f6a5f80, 0x000072e47f6a6780] Compiler: c1, Barriers: 4, Oops: 0, ImmediateOops: 0, NonImmediateOops: No
[1,475s][debug][gc,nmethod  ] Register NMethod: java.util.zip.ZipFile.getEntry (0x000072e49ec3d508) [0x000072e49ec3d600, 0x000072e49ec3e090] Compiler: jvmci, Barriers: 7, Oops: 0, ImmediateOops: 0, NonImmediateOops: No
[1,475s][debug][gc,nmethod  ] Register NMethod: java.lang.invoke.MethodHandle.isBuiltinLoader (0x000072e47f6a6788) [0x000072e47f6a6880, 0x000072e47f6a6ad0] Compiler: c1, Barriers: 0, Oops: 0, ImmediateOops: 2, NonImmediateOops: No
[1,477s][debug][gc,nmethod  ] Register NMethod: java.lang.Character.charCount (0x000072e47f6a6b08) [0x000072e47f6a6c00, 0x000072e47f6a6d50] Compiler: c1, Barriers: 0, Oops: 0, ImmediateOops: 0, NonImmediateOops: No
[1,478s][debug][gc,nmethod  ] Register NMethod: java.io.UnixFileSystem.hasBooleanAttributes (0x000072e47f6a6e08) [0x000072e47f6a6f00, 0x000072e47f6a7a78] Compiler: c1, Barriers: 3, Oops: 1, ImmediateOops: 1, NonImmediateOops: No
[1,478s][debug][gc,nmethod  ] Register NMethod: java.lang.Character$Subset.<init> (0x000072e47f6a7a88) [0x000072e47f6a7b80, 0x000072e47f6a7e48] Compiler: c1, Barriers: 3, Oops: 0, ImmediateOops: 1, NonImmediateOops: No
[1,478s][debug][gc,director ] Rule Major: Warmup 10%, Used: 74MB, UsedThreshold: 1228MB
[1,478s][debug][gc,nmethod  ] Register NMethod: java.lang.Character$UnicodeBlock.<init> (0x000072e47f6a7e88) [0x000072e47f6a7f80, 0x000072e47f6a8530] Compiler: c1, Barriers: 4, Oops: 0, ImmediateOops: 1, NonImmediateOops: No
[1,478s][debug][gc,nmethod  ] Register NMethod: java.lang.invoke.MethodHandle.linkToStatic (0x000072e49ec3e108) [0x000072e49ec3e200, 0x000072e49ec3e2f0] Compiler: , Barriers: 0, Oops: 0, ImmediateOops: 0, NonImmediateOops: No
[1,478s][debug][gc,nmethod  ] Register NMethod: java.lang.invoke.DirectMethodHandle.internalMemberName (0x000072e49ec3e408) [0x000072e49ec3e500, 0x000072e49ec3e5e8] Compiler: c1, Barriers: 1, Oops: 0, ImmediateOops: 0, NonImmediateOops: No
[1,479s][debug][gc,nmethod  ] Register NMethod: java.lang.Integer.valueOf (0x000072e47f6a8588) [0x000072e47f6a8680, 0x000072e47f6a8998] Compiler: c1, Barriers: 1, Oops: 0, ImmediateOops: 1, NonImmediateOops: No
[1,479s][debug][gc,nmethod  ] Register NMethod: java.util.concurrent.locks.AbstractQueuedSynchronizer.getState (0x000072e49ec3e708) [0x000072e49ec3e800, 0x000072e49ec3e8c0] Compiler: c1, Barriers: 0, Oops: 0, ImmediateOops: 0, NonImmediateOops: No
[1,479s][debug][gc,nmethod  ] Register NMethod: java.util.concurrent.locks.AbstractOwnableSynchronizer.getExclusiveOwnerThread (0x000072e49ec3ea08) [0x000072e49ec3eb00, 0x000072e49ec3ebe8] Compiler: c1, Barriers: 1, Oops: 0, ImmediateOops: 0, NonImmediateOops: No
[1,479s][debug][gc,nmethod  ] Register NMethod: sun.net.util.IPAddressUtil.scan (0x000072e47f6a8a08) [0x000072e47f6a8b00, 0x000072e47f6a9b50] Compiler: c1, Barriers: 3, Oops: 1, ImmediateOops: 2, NonImmediateOops: No
[1,479s][debug][gc,nmethod  ] Register NMethod: java.util.concurrent.locks.AbstractOwnableSynchronizer.setExclusiveOwnerThread (0x000072e49ec3ed08) [0x000072e49ec3ee00, 0x000072e49ec3ef30] Compiler: c1, Barriers: 3, Oops: 0, ImmediateOops: 0, NonImmediateOops: No
[1,479s][debug][gc,nmethod  ] Register NMethod: java.util.concurrent.locks.AbstractQueuedSynchronizer.setState (0x000072e49ec3f008) [0x000072e49ec3f100, 0x000072e49ec3f1c8] Compiler: c1, Barriers: 0, Oops: 0, ImmediateOops: 0, NonImmediateOops: No
[1,480s][debug][gc,nmethod  ] Register NMethod: java.util.jar.JarFile.getEntry (0x000072e49ec3f308) [0x000072e49ec3f400, 0x000072e49ec408a0] Compiler: jvmci, Barriers: 14, Oops: 2, ImmediateOops: 8, NonImmediateOops: No
[1,481s][debug][gc,nmethod  ] Register NMethod: java.util.ArrayDeque.elementAt (0x000072e49ec40908) [0x000072e49ec40a00, 0x000072e49ec40af0] Compiler: jvmci, Barriers: 1, Oops: 0, ImmediateOops: 0, NonImmediateOops: No
[1,481s][debug][gc,nmethod  ] Register NMethod: java.util.concurrent.ConcurrentHashMap.putVal (0x000072e47f6a9b88) [0x000072e47f6a9c80, 0x000072e47f6ac1c8] Compiler: c1, Barriers: 28, Oops: 0, ImmediateOops: 1, NonImmediateOops: No
[1,483s][debug][gc,nmethod  ] Register NMethod: jdk.internal.util.ArraysSupport.mismatch (0x000072e49ec40c08) [0x000072e49ec40d00, 0x000072e49ec40f90] Compiler: jvmci, Barriers: 0, Oops: 0, ImmediateOops: 0, NonImmediateOops: No
[1,484s][debug][gc,nmethod  ] Register NMethod: jdk.internal.classfile.impl.AbstractPoolEntry$Utf8EntryImpl.fieldTypeSymbol (0x000072e47f6ac208) [0x000072e47f6ac300, 0x000072e47f6ad2f8] Compiler: c1, Barriers: 5, Oops: 0, ImmediateOops: 0, NonImmediateOops: No
[1,484s][debug][gc,nmethod  ] Register NMethod: jdk.internal.jimage.ImageStringsReader.hashCode (0x000072e47f6ad308) [0x000072e47f6ad400, 0x000072e47f6ad560] Compiler: c1, Barriers: 0, Oops: 0, ImmediateOops: 0, NonImmediateOops: No
[1,484s][debug][gc,nmethod  ] Register NMethod: jdk.internal.module.SystemModuleFinders$SystemImage.reader (0x000072e47f6ad608) [0x000072e47f6ad700, 0x000072e47f6ad7e8] Compiler: c1, Barriers: 0, Oops: 0, ImmediateOops: 1, NonImmediateOops: No
[1,484s][debug][gc,nmethod  ] Register NMethod: jdk.internal.jimage.ImageReader.requireOpen (0x000072e47f6ad908) [0x000072e47f6ada00, 0x000072e47f6adc08] Compiler: c1, Barriers: 0, Oops: 0, ImmediateOops: 1, NonImmediateOops: No
[1,485s][debug][gc,nmethod  ] Register NMethod: jdk.internal.jimage.ImageStringsReader.hashCode (0x000072e47f6adc88) [0x000072e47f6add80, 0x000072e47f6adf30] Compiler: c1, Barriers: 0, Oops: 0, ImmediateOops: 0, NonImmediateOops: No
[1,485s][debug][gc,nmethod  ] Register NMethod: java.util.zip.Inflater.init (0x000072e49ec41008) [0x000072e49ec41100, 0x000072e49ec41260] Compiler: , Barriers: 0, Oops: 0, ImmediateOops: 1, NonImmediateOops: No
[1,485s][debug][gc,nmethod  ] Register NMethod: jdk.internal.loader.BuiltinClassLoader.moduleReaderFor (0x000072e47f6adf88) [0x000072e47f6ae080, 0x000072e47f6aec88] Compiler: c1, Barriers: 5, Oops: 0, ImmediateOops: 0, NonImmediateOops: No
[1,485s][debug][gc,nmethod  ] Register NMethod: jdk.internal.jimage.BasicImageReader.getLocationIndex (0x000072e47f6aed08) [0x000072e47f6aee00, 0x000072e47f6af5c8] Compiler: c1, Barriers: 2, Oops: 0, ImmediateOops: 0, NonImmediateOops: No
[1,485s][debug][gc,nmethod  ] Register NMethod: jdk.internal.module.SystemModuleFinders$SystemModuleReader.find (0x000072e47f6af608) [0x000072e47f6af700, 0x000072e47f6b0d70] Compiler: c1, Barriers: 5, Oops: 2, ImmediateOops: 4, NonImmediateOops: No
[1,485s][debug][gc,nmethod  ] Register NMethod: jdk.internal.jimage.ImageReader.verifyLocation (0x000072e47f6b0d88) [0x000072e47f6b0e80, 0x000072e47f6b1330] Compiler: c1, Barriers: 1, Oops: 0, ImmediateOops: 1, NonImmediateOops: No
[1,485s][debug][gc,nmethod  ] Register NMethod: jdk.internal.module.SystemModuleFinders$SystemModuleReader.containsImageLocation (0x000072e47f6b1388) [0x000072e47f6b1480, 0x000072e47f6b1e60] Compiler: c1, Barriers: 2, Oops: 1, ImmediateOops: 4, NonImmediateOops: No
[1,485s][debug][gc,nmethod  ] Register NMethod: jdk.internal.jimage.BasicImageReader.verifyLocation (0x000072e47f6b1e88) [0x000072e47f6b1f80, 0x000072e47f6b2418] Compiler: c1, Barriers: 3, Oops: 0, ImmediateOops: 0, NonImmediateOops: No
[1,485s][debug][gc,nmethod  ] Register NMethod: jdk.internal.loader.URLClassPath$JarLoader.getResource (0x000072e49ec41308) [0x000072e49ec41400, 0x000072e49ec42b28] Compiler: jvmci, Barriers: 19, Oops: 2, ImmediateOops: 8, NonImmediateOops: No
[1,486s][debug][gc,nmethod  ] Register NMethod: java.lang.String.codePointAt (0x000072e47f6b2488) [0x000072e47f6b2580, 0x000072e47f6b2bd8] Compiler: c1, Barriers: 2, Oops: 1, ImmediateOops: 2, NonImmediateOops: No
[1,488s][debug][gc,nmethod  ] Register NMethod: jdk.internal.reflect.Reflection.getClassAccessFlags (0x000072e49ec42b88) [0x000072e49ec42c80, 0x000072e49ec42de8] Compiler: , Barriers: 0, Oops: 0, ImmediateOops: 1, NonImmediateOops: No
[1,488s][debug][gc,nmethod  ] Register NMethod: jdk.internal.misc.Unsafe.fullFence (0x000072e49ec42e88) [0x000072e49ec42f80, 0x000072e49ec430c8] Compiler: , Barriers: 0, Oops: 0, ImmediateOops: 0, NonImmediateOops: No
[1,488s][debug][gc,nmethod  ] Register NMethod: jdk.internal.classfile.impl.StackMapGenerator$Type.equals (0x000072e47f6b2c08) [0x000072e47f6b2d00, 0x000072e47f6b3650] Compiler: c1, Barriers: 2, Oops: 0, ImmediateOops: 0, NonImmediateOops: No
[1,488s][debug][gc,nmethod  ] Register NMethod: jdk.internal.classfile.impl.DirectMethodBuilder.run (0x000072e47f6b3688) [0x000072e47f6b3780, 0x000072e47f6b3a98] Compiler: c1, Barriers: 0, Oops: 0, ImmediateOops: 0, NonImmediateOops: No
[1,488s][debug][gc,nmethod  ] Register NMethod: jdk.internal.classfile.impl.DirectClassBuilder.withMethod (0x000072e47f6b3b08) [0x000072e47f6b3c00, 0x000072e47f6b4460] Compiler: c1, Barriers: 2, Oops: 0, ImmediateOops: 0, NonImmediateOops: No
[1,488s][debug][gc,director ] Rule Major: Warmup 10%, Used: 74MB, UsedThreshold: 1228MB
[1,488s][debug][gc,nmethod  ] Register NMethod: jdk.internal.classfile.impl.DirectMethodBuilder.withCode (0x000072e47f6b4488) [0x000072e47f6b4580, 0x000072e47f6b46c0] Compiler: c1, Barriers: 0, Oops: 0, ImmediateOops: 0, NonImmediateOops: No
[1,488s][debug][gc,nmethod  ] Register NMethod: java.lang.classfile.ClassBuilder.withMethod (0x000072e47f6b4788) [0x000072e47f6b4880, 0x000072e47f6b5300] Compiler: c1, Barriers: 7, Oops: 0, ImmediateOops: 0, NonImmediateOops: No
[1,489s][debug][gc,nmethod  ] Register NMethod: jdk.internal.classfile.impl.DirectMethodBuilder.<init> (0x000072e47f6b5308) [0x000072e47f6b5400, 0x000072e47f6b62c8] Compiler: c1, Barriers: 21, Oops: 0, ImmediateOops: 1, NonImmediateOops: No
[1,489s][debug][gc,nmethod  ] Register NMethod: jdk.internal.classfile.impl.DirectMethodBuilder.withCode (0x000072e47f6b6308) [0x000072e47f6b6400, 0x000072e47f6b6900] Compiler: c1, Barriers: 4, Oops: 0, ImmediateOops: 0, NonImmediateOops: No
[1,489s][debug][gc,nmethod  ] Register NMethod: jdk.internal.classfile.impl.SplitConstantPool.writeTo (0x000072e47f6b6908) [0x000072e47f6b6a00, 0x000072e47f6b91e0] Compiler: c1, Barriers: 10, Oops: 1, ImmediateOops: 2, NonImmediateOops: No
[1,489s][debug][gc,nmethod  ] Register NMethod: jdk.internal.classfile.impl.DirectCodeBuilder.processDeferredLabels (0x000072e47f6b9208) [0x000072e47f6b9300, 0x000072e47f6b9d10] Compiler: c1, Barriers: 5, Oops: 0, ImmediateOops: 0, NonImmediateOops: No
[1,489s][debug][gc,nmethod  ] Register NMethod: jdk.internal.classfile.impl.DirectCodeBuilder.build (0x000072e47f6b9d88) [0x000072e47f6b9e80, 0x000072e47f6ba9e8] Compiler: c1, Barriers: 3, Oops: 0, ImmediateOops: 0, NonImmediateOops: No
[1,489s][debug][gc,nmethod  ] Register NMethod: jdk.internal.classfile.impl.ClassFileImpl.fixShortJumps (0x000072e47f6baa08) [0x000072e47f6bab00, 0x000072e47f6bad40] Compiler: c1, Barriers: 2, Oops: 0, ImmediateOops: 0, NonImmediateOops: No
[1,489s][debug][gc,nmethod  ] Register NMethod: jdk.internal.classfile.impl.BufWriterImpl.<init> (0x000072e47f6bad88) [0x000072e47f6bae80, 0x000072e47f6bafd0] Compiler: c1, Barriers: 0, Oops: 0, ImmediateOops: 0, NonImmediateOops: No
[1,489s][debug][gc,nmethod  ] Register NMethod: jdk.internal.classfile.impl.Util.maxLocals (0x000072e47f6bb088) [0x000072e47f6bb180, 0x000072e47f6bb2f0] Compiler: c1, Barriers: 0, Oops: 0, ImmediateOops: 0, NonImmediateOops: No
[1,489s][debug][gc,nmethod  ] Register NMethod: jdk.internal.classfile.impl.ClassFileImpl.passDebugElements (0x000072e47f6bb388) [0x000072e47f6bb480, 0x000072e47f6bb6c0] Compiler: c1, Barriers: 2, Oops: 0, ImmediateOops: 0, NonImmediateOops: No
[1,489s][debug][gc,nmethod  ] Register NMethod: jdk.internal.classfile.impl.DirectCodeBuilder.setLabelTarget (0x000072e47f6bb708) [0x000072e47f6bb800, 0x000072e47f6bbf18] Compiler: c1, Barriers: 1, Oops: 0, ImmediateOops: 0, NonImmediateOops: No
[1,489s][debug][gc,nmethod  ] Register NMethod: java.lang.classfile.Attributes.code (0x000072e47f6bbf88) [0x000072e47f6bc080, 0x000072e47f6bc168] Compiler: c1, Barriers: 0, Oops: 0, ImmediateOops: 1, NonImmediateOops: No
[1,489s][debug][gc,nmethod  ] Register NMethod: jdk.internal.classfile.impl.DirectCodeBuilder.<init> (0x000072e47f6bc288) [0x000072e47f6bc380, 0x000072e47f6be030] Compiler: c1, Barriers: 56, Oops: 0, ImmediateOops: 6, NonImmediateOops: No
[1,489s][debug][gc,nmethod  ] Register NMethod: jdk.internal.classfile.impl.UnboundAttribute$AdHocAttribute.<init> (0x000072e47f6be088) [0x000072e47f6be180, 0x000072e47f6be410] Compiler: c1, Barriers: 3, Oops: 0, ImmediateOops: 0, NonImmediateOops: No
[1,489s][debug][gc,nmethod  ] Register NMethod: jdk.internal.classfile.impl.TerminalCodeBuilder.setupTopLocal (0x000072e47f6be488) [0x000072e47f6be580, 0x000072e47f6c0b08] Compiler: c1, Barriers: 1, Oops: 1, ImmediateOops: 3, NonImmediateOops: No
[1,489s][debug][gc,nmethod  ] Register NMethod: jdk.internal.classfile.impl.DirectCodeBuilder$4.<init> (0x000072e47f6c0b88) [0x000072e47f6c0c80, 0x000072e47f6c1140] Compiler: c1, Barriers: 6, Oops: 0, ImmediateOops: 0, NonImmediateOops: No
[1,490s][debug][gc,nmethod  ] Register NMethod: jdk.internal.classfile.impl.ClassFileImpl.stackMapsWhenRequired (0x000072e47f6c1188) [0x000072e47f6c1280, 0x000072e47f6c1438] Compiler: c1, Barriers: 1, Oops: 0, ImmediateOops: 1, NonImmediateOops: No
[1,490s][debug][gc,nmethod  ] Register NMethod: jdk.internal.classfile.impl.DirectCodeBuilder.buildContent (0x000072e47f6c1488) [0x000072e47f6c1580, 0x000072e47f6c2f80] Compiler: c1, Barriers: 23, Oops: 1, ImmediateOops: 2, NonImmediateOops: No
[1,490s][debug][gc,nmethod  ] Register NMethod: jdk.internal.classfile.impl.BufWriterImpl.bytecodeView (0x000072e47f6c3008) [0x000072e47f6c3100, 0x000072e47f6c3480] Compiler: c1, Barriers: 4, Oops: 0, ImmediateOops: 0, NonImmediateOops: No
[1,490s][debug][gc,nmethod  ] Register NMethod: jdk.internal.classfile.impl.UnboundAttribute$AdHocAttribute.writeTo (0x000072e47f6c3488) [0x000072e47f6c3580, 0x000072e47f6c4fc0] Compiler: c1, Barriers: 5, Oops: 0, ImmediateOops: 0, NonImmediateOops: No
[1,490s][debug][gc,nmethod  ] Register NMethod: jdk.internal.classfile.impl.RawBytecodeHelper.of (0x000072e47f6c5008) [0x000072e47f6c5100, 0x000072e47f6c53c8] Compiler: c1, Barriers: 3, Oops: 0, ImmediateOops: 0, NonImmediateOops: No
[1,490s][debug][gc,nmethod  ] Register NMethod: jdk.internal.classfile.impl.BufWriterImpl.writeBytes (0x000072e47f6c5408) [0x000072e47f6c5500, 0x000072e47f6c5840] Compiler: c1, Barriers: 1, Oops: 0, ImmediateOops: 0, NonImmediateOops: No
[1,490s][debug][gc,nmethod  ] Register NMethod: jdk.internal.classfile.impl.RawBytecodeHelper$CodeRange.<init> (0x000072e47f6c5888) [0x000072e47f6c5980, 0x000072e47f6c5bb8] Compiler: c1, Barriers: 3, Oops: 0, ImmediateOops: 0, NonImmediateOops: No
[1,490s][debug][gc,nmethod  ] Register NMethod: java.util.jar.Manifest$FastInputStream.readLine (0x000072e49ec43188) [0x000072e49ec43280, 0x000072e49ec43b70] Compiler: jvmci, Barriers: 3, Oops: 0, ImmediateOops: 0, NonImmediateOops: No
[1,490s][debug][gc,nmethod  ] Register NMethod: java.io.File.exists (0x000072e47f6c5c08) [0x000072e47f6c5d00, 0x000072e47f6c60b0] Compiler: c1, Barriers: 0, Oops: 0, ImmediateOops: 1, NonImmediateOops: No
[1,490s][debug][gc,nmethod  ] Register NMethod: jdk.internal.classfile.impl.DirectCodeBuilder.writeExceptionHandlers (0x000072e47f6c6108) [0x000072e47f6c6200, 0x000072e47f6c6d20] Compiler: c1, Barriers: 3, Oops: 0, ImmediateOops: 0, NonImmediateOops: No
[1,490s][debug][gc,nmethod  ] Register NMethod: jdk.internal.classfile.impl.DirectMethodBuilder.writeTo (0x000072e47f6c6d88) [0x000072e47f6c6e80, 0x000072e47f6cb490] Compiler: c1, Barriers: 5, Oops: 1, ImmediateOops: 6, NonImmediateOops: No
[1,490s][debug][gc,nmethod  ] Register NMethod: jdk.internal.classfile.impl.DirectCodeBuilder$4.writeBody (0x000072e47f6cb508) [0x000072e47f6cb600, 0x000072e47f6cf5e8] Compiler: c1, Barriers: 31, Oops: 1, ImmediateOops: 6, NonImmediateOops: No
[1,491s][debug][gc,nmethod  ] Register NMethod: java.lang.Integer.hashCode (0x000072e47f6cf608) [0x000072e47f6cf700, 0x000072e47f6cf7e0] Compiler: c1, Barriers: 0, Oops: 0, ImmediateOops: 0, NonImmediateOops: No
[1,491s][debug][gc,nmethod  ] Register NMethod: java.lang.Integer.hashCode (0x000072e47f6cf908) [0x000072e47f6cfa00, 0x000072e47f6cfb58] Compiler: c1, Barriers: 0, Oops: 0, ImmediateOops: 0, NonImmediateOops: No
[1,492s][debug][gc,nmethod  ] Register NMethod: java.lang.Package.isSealed (0x000072e47f6cfc08) [0x000072e47f6cfd00, 0x000072e47f6d0388] Compiler: c1, Barriers: 4, Oops: 0, ImmediateOops: 0, NonImmediateOops: No
[1,493s][debug][gc,nmethod  ] Register NMethod: java.lang.String.startsWith (0x000072e49ec43b88) [0x000072e49ec43c80, 0x000072e49ec43f98] Compiler: jvmci, Barriers: 2, Oops: 0, ImmediateOops: 0, NonImmediateOops: No
[1,493s][debug][gc,nmethod  ] Register NMethod: java.lang.invoke.MethodHandle.linkToStatic (0x000072e49ec44008) [0x000072e49ec44100, 0x000072e49ec441f0] Compiler: , Barriers: 0, Oops: 0, ImmediateOops: 0, NonImmediateOops: No
[1,493s][debug][gc,nmethod  ] Register NMethod: jdk.internal.jimage.ImageStringsReader.unmaskedHashCode (0x000072e49ec44308) [0x000072e49ec44400, 0x000072e49ec448b0] Compiler: jvmci, Barriers: 1, Oops: 0, ImmediateOops: 0, NonImmediateOops: No
[1,493s][debug][gc,nmethod  ] Register NMethod: java.lang.invoke.MethodHandleNatives.refKindIsField (0x000072e47f6d0408) [0x000072e47f6d0500, 0x000072e47f6d0640] Compiler: c1, Barriers: 0, Oops: 0, ImmediateOops: 0, NonImmediateOops: No
[1,494s][debug][gc,nmethod  ] Register NMethod: jdk.internal.classfile.impl.AnnotationImpl.elements (0x000072e49ec44908) [0x000072e49ec44a00, 0x000072e49ec44ae8] Compiler: c1, Barriers: 1, Oops: 0, ImmediateOops: 0, NonImmediateOops: No
[1,494s][debug][gc,nmethod  ] Register NMethod: jdk.internal.classfile.impl.AnnotationImpl.className (0x000072e49ec44c08) [0x000072e49ec44d00, 0x000072e49ec44de8] Compiler: c1, Barriers: 1, Oops: 0, ImmediateOops: 0, NonImmediateOops: No
[1,494s][debug][gc,nmethod  ] Register NMethod: java.lang.invoke.LambdaForm$Name.<init> (0x000072e47f6d0708) [0x000072e47f6d0800, 0x000072e47f6d17c8] Compiler: c1, Barriers: 8, Oops: 0, ImmediateOops: 1, NonImmediateOops: No
[1,496s][debug][gc,nmethod  ] Register NMethod: java.util.logging.LogManager$LoggerContext.getOwner (0x000072e49ec44f08) [0x000072e49ec45000, 0x000072e49ec450e8] Compiler: c1, Barriers: 1, Oops: 0, ImmediateOops: 0, NonImmediateOops: No
[1,496s][debug][gc,nmethod  ] Register NMethod: java.lang.String.startsWith (0x000072e49ec45208) [0x000072e49ec45300, 0x000072e49ec455f8] Compiler: jvmci, Barriers: 2, Oops: 0, ImmediateOops: 0, NonImmediateOops: No
[1,497s][debug][gc,nmethod  ] Register NMethod: jdk.internal.jimage.ImageStringsReader.match (0x000072e47f6d1808) [0x000072e47f6d1900, 0x000072e47f6d1c30] Compiler: c1, Barriers: 1, Oops: 0, ImmediateOops: 0, NonImmediateOops: No
[1,497s][debug][gc,nmethod  ] Register NMethod: jdk.internal.jimage.BasicImageReader.match (0x000072e47f6d1c88) [0x000072e47f6d1d80, 0x000072e47f6d21d8] Compiler: c1, Barriers: 1, Oops: 0, ImmediateOops: 1, NonImmediateOops: No
[1,497s][debug][gc,nmethod  ] Register NMethod: java.lang.invoke.MemberName.isCallerSensitive (0x000072e47f6d2208) [0x000072e47f6d2300, 0x000072e47f6d24b8] Compiler: c1, Barriers: 0, Oops: 0, ImmediateOops: 0, NonImmediateOops: No
[1,498s][debug][gc,nmethod  ] Register NMethod: java.util.jar.JarFile.getVersionedEntry (0x000072e47f6d2508) [0x000072e47f6d2600, 0x000072e47f6d4130] Compiler: c1, Barriers: 3, Oops: 3, ImmediateOops: 5, NonImmediateOops: No
[1,498s][debug][gc,nmethod  ] Register NMethod: jdk.internal.jimage.ImageStringsReader.stringFromByteBufferMatches (0x000072e47f6d4188) [0x000072e47f6d4280, 0x000072e47f6d6170] Compiler: c1, Barriers: 5, Oops: 1, ImmediateOops: 4, NonImmediateOops: No
[1,498s][debug][gc,nmethod  ] Register NMethod: java.lang.invoke.MemberName.getReferenceKind (0x000072e49ec45608) [0x000072e49ec45700, 0x000072e49ec45790] Compiler: jvmci, Barriers: 0, Oops: 0, ImmediateOops: 0, NonImmediateOops: No
[1,498s][debug][gc,nmethod  ] Register NMethod: jdk.internal.jimage.ImageLocation.verifyName (0x000072e47f6d6188) [0x000072e47f6d6280, 0x000072e47f6d8858] Compiler: c1, Barriers: 9, Oops: 1, ImmediateOops: 4, NonImmediateOops: No
[1,498s][debug][gc,director ] Rule Major: Warmup 10%, Used: 74MB, UsedThreshold: 1228MB
[1,499s][debug][gc,nmethod  ] Register NMethod: java.lang.invoke.Invokers$Holder.linkToTargetMethod (0x000072e47f6d8888) [0x000072e47f6d8980, 0x000072e47f6d8e78] Compiler: c1, Barriers: 0, Oops: 0, ImmediateOops: 0, NonImmediateOops: No
[1,499s][debug][gc,nmethod  ] Register NMethod: sun.net.www.ParseUtil.firstEncodeIndex (0x000072e49ec45908) [0x000072e49ec45a00, 0x000072e49ec45ff8] Compiler: jvmci, Barriers: 1, Oops: 0, ImmediateOops: 0, NonImmediateOops: No
[1,499s][debug][gc,nmethod  ] Register NMethod: java.util.Properties.getProperty (0x000072e47f6d8e88) [0x000072e47f6d8f80, 0x000072e47f6d9820] Compiler: c1, Barriers: 2, Oops: 0, ImmediateOops: 0, NonImmediateOops: No
[1,500s][debug][gc,nmethod  ] Register NMethod: java.lang.invoke.MethodHandle.linkToStatic (0x000072e49ec46008) [0x000072e49ec46100, 0x000072e49ec461f0] Compiler: , Barriers: 0, Oops: 0, ImmediateOops: 0, NonImmediateOops: No
[1,500s][debug][gc,nmethod  ] Register NMethod: java.lang.AbstractStringBuilder.<init> (0x000072e49ec46308) [0x000072e49ec46400, 0x000072e49ec46670] Compiler: jvmci, Barriers: 3, Oops: 0, ImmediateOops: 0, NonImmediateOops: No
[1,500s][debug][gc,nmethod  ] Register NMethod: jdk.internal.misc.Unsafe.shouldBeInitialized0 (0x000072e49ec46688) [0x000072e49ec46780, 0x000072e49ec468f0] Compiler: , Barriers: 0, Oops: 0, ImmediateOops: 0, NonImmediateOops: No
[1,501s][debug][gc,nmethod  ] Register NMethod: jdk.internal.jimage.ImageLocation.verify (0x000072e47f6d9888) [0x000072e47f6d9980, 0x000072e47f6db3f0] Compiler: c1, Barriers: 1, Oops: 1, ImmediateOops: 2, NonImmediateOops: No
[1,501s][debug][gc,nmethod  ] Register NMethod: java.nio.DirectByteBuffer.get (0x000072e49ec46988) [0x000072e49ec46a80, 0x000072e49ec46ba8] Compiler: jvmci, Barriers: 1, Oops: 0, ImmediateOops: 0, NonImmediateOops: No
[1,501s][debug][gc,nmethod  ] Register NMethod: jdk.internal.loader.URLClassPath$JarLoader.findResource (0x000072e47f6db408) [0x000072e47f6db500, 0x000072e47f6db890] Compiler: c1, Barriers: 0, Oops: 0, ImmediateOops: 0, NonImmediateOops: No
[1,504s][debug][gc,nmethod  ] Register NMethod: java.lang.invoke.InfoFromMemberName.getReferenceKind (0x000072e49ec46c88) [0x000072e49ec46d80, 0x000072e49ec46e40] Compiler: c1, Barriers: 0, Oops: 0, ImmediateOops: 0, NonImmediateOops: No
[1,504s][debug][gc,nmethod  ] Register NMethod: java.util.stream.AbstractPipeline.getStreamAndOpFlags (0x000072e49ec46f88) [0x000072e49ec47080, 0x000072e49ec47140] Compiler: c1, Barriers: 0, Oops: 0, ImmediateOops: 0, NonImmediateOops: No
[1,504s][debug][gc,nmethod  ] Register NMethod: jdk.internal.loader.BuiltinClassLoader.hasClassPath (0x000072e47f6db908) [0x000072e47f6dba00, 0x000072e47f6dbb88] Compiler: c1, Barriers: 1, Oops: 0, ImmediateOops: 0, NonImmediateOops: No
[1,504s][debug][gc,nmethod  ] Register NMethod: java.nio.Buffer.position (0x000072e49ec47288) [0x000072e49ec47380, 0x000072e49ec47440] Compiler: c1, Barriers: 0, Oops: 0, ImmediateOops: 0, NonImmediateOops: No
[1,505s][debug][gc,nmethod  ] Register NMethod: java.lang.Character.isJavaIdentifierPart (0x000072e47f6dbc08) [0x000072e47f6dbd00, 0x000072e47f6dc030] Compiler: c1, Barriers: 0, Oops: 0, ImmediateOops: 0, NonImmediateOops: No
[1,505s][debug][gc,nmethod  ] Register NMethod: java.lang.CharacterDataLatin1.isJavaIdentifierPart (0x000072e47f6dc088) [0x000072e47f6dc180, 0x000072e47f6dc518] Compiler: c1, Barriers: 0, Oops: 0, ImmediateOops: 1, NonImmediateOops: No
[1,505s][debug][gc,nmethod  ] Register NMethod: java.lang.invoke.MethodHandles$Lookup.<init> (0x000072e47f6dc588) [0x000072e47f6dc680, 0x000072e47f6dc8f0] Compiler: c1, Barriers: 6, Oops: 0, ImmediateOops: 0, NonImmediateOops: No
[1,506s][debug][gc,nmethod  ] Register NMethod: jdk.internal.loader.Resource.cachedInputStream (0x000072e47f6dc908) [0x000072e47f6dca00, 0x000072e47f6dcf60] Compiler: c1, Barriers: 5, Oops: 0, ImmediateOops: 0, NonImmediateOops: No
[1,506s][debug][gc,nmethod  ] Register NMethod: java.lang.classfile.ClassFile.latestMajorVersion (0x000072e49ec47588) [0x000072e49ec47680, 0x000072e49ec47720] Compiler: c1, Barriers: 0, Oops: 0, ImmediateOops: 0, NonImmediateOops: No
[1,506s][debug][gc,nmethod  ] Register NMethod: java.lang.classfile.ClassFile.latestMinorVersion (0x000072e49ec47888) [0x000072e49ec47980, 0x000072e49ec47a20] Compiler: c1, Barriers: 0, Oops: 0, ImmediateOops: 0, NonImmediateOops: No
[1,506s][debug][gc,nmethod  ] Register NMethod: jdk.internal.classfile.impl.DirectClassBuilder.setFlags (0x000072e49ec47b88) [0x000072e49ec47c80, 0x000072e49ec47d40] Compiler: c1, Barriers: 0, Oops: 0, ImmediateOops: 0, NonImmediateOops: No
[1,506s][debug][gc,nmethod  ] Register NMethod: jdk.internal.classfile.impl.BufWriterImpl.copyTo (0x000072e47f6dcf88) [0x000072e47f6dd080, 0x000072e47f6dd440] Compiler: c1, Barriers: 1, Oops: 0, ImmediateOops: 0, NonImmediateOops: No
[1,506s][debug][gc,nmethod  ] Register NMethod: jdk.internal.classfile.impl.Util.writeList (0x000072e47f6dd488) [0x000072e47f6dd580, 0x000072e47f6ddf10] Compiler: c1, Barriers: 3, Oops: 0, ImmediateOops: 0, NonImmediateOops: No
[1,506s][debug][gc,nmethod  ] Register NMethod: jdk.internal.classfile.impl.BufWriterImpl.writeBytes (0x000072e47f6ddf88) [0x000072e47f6de080, 0x000072e47f6de570] Compiler: c1, Barriers: 2, Oops: 0, ImmediateOops: 0, NonImmediateOops: No
[1,506s][debug][gc,nmethod  ] Register NMethod: jdk.internal.classfile.impl.AbstractPoolEntry$MethodRefEntryImpl.<init> (0x000072e47f6de588) [0x000072e47f6de680, 0x000072e47f6de7d0] Compiler: c1, Barriers: 0, Oops: 0, ImmediateOops: 0, NonImmediateOops: No
[1,506s][debug][gc,nmethod  ] Register NMethod: jdk.internal.classfile.impl.StackMapGenerator.processInvokeInstructions (0x000072e47f6de888) [0x000072e47f6de980, 0x000072e47f6e5450] Compiler: c1, Barriers: 19, Oops: 5, ImmediateOops: 17, NonImmediateOops: No
[1,507s][debug][gc,nmethod  ] Register NMethod: java.util.HashMap.getOrDefault (0x000072e47f6e5488) [0x000072e47f6e5580, 0x000072e47f6e58f8] Compiler: c1, Barriers: 1, Oops: 0, ImmediateOops: 0, NonImmediateOops: No
[1,507s][debug][gc,nmethod  ] Rebuilding NMethod Table: 2048->4096 entries, 1434(70%->35%) registered, 0(0%->0%) unregistered
[1,507s][debug][gc,nmethod  ] Register NMethod: java.lang.String.indexOf (0x000072e49ec47e88) [0x000072e49ec47f80, 0x000072e49ec480c8] Compiler: jvmci, Barriers: 1, Oops: 0, ImmediateOops: 0, NonImmediateOops: No
[1,508s][debug][gc,nmethod  ] Register NMethod: java.lang.invoke.DirectMethodHandle.preparedLambdaForm (0x000072e47f6e5908) [0x000072e47f6e5a00, 0x000072e47f6e6890] Compiler: c1, Barriers: 4, Oops: 0, ImmediateOops: 0, NonImmediateOops: No
[1,508s][debug][gc,nmethod  ] Register NMethod: java.lang.invoke.MethodHandleImpl.isCompileConstant (0x000072e49ec48188) [0x000072e49ec48280, 0x000072e49ec48320] Compiler: c1, Barriers: 0, Oops: 0, ImmediateOops: 0, NonImmediateOops: No
[1,508s][debug][gc,nmethod  ] Register NMethod: java.lang.invoke.BoundMethodHandle.<init> (0x000072e47f6e6908) [0x000072e47f6e6a00, 0x000072e47f6e6b58] Compiler: c1, Barriers: 0, Oops: 0, ImmediateOops: 0, NonImmediateOops: No
[1,508s][debug][gc,nmethod  ] Register NMethod: jdk.internal.classfile.impl.RawBytecodeHelper.next (0x000072e49ec48488) [0x000072e49ec48580, 0x000072e49ec487a8] Compiler: jvmci, Barriers: 2, Oops: 0, ImmediateOops: 1, NonImmediateOops: No
[1,509s][debug][gc,director ] Rule Major: Warmup 10%, Used: 76MB, UsedThreshold: 1228MB
[1,509s][debug][gc,nmethod  ] Register NMethod: java.util.BitSet.length (0x000072e47f6e6c08) [0x000072e47f6e6d00, 0x000072e47f6e6fd8] Compiler: c1, Barriers: 1, Oops: 0, ImmediateOops: 0, NonImmediateOops: No
[1,510s][debug][gc,nmethod  ] Register NMethod: sun.net.www.protocol.file.Handler.parseURL (0x000072e47f6e7008) [0x000072e47f6e7100, 0x000072e47f6e7470] Compiler: c1, Barriers: 0, Oops: 0, ImmediateOops: 0, NonImmediateOops: No
[1,513s][debug][gc,nmethod  ] Register NMethod: sun.reflect.generics.parser.SignatureParser.skipIdentifier (0x000072e47f6e7488) [0x000072e47f6e7580, 0x000072e47f6e7bf8] Compiler: c1, Barriers: 0, Oops: 0, ImmediateOops: 0, NonImmediateOops: No
[1,513s][debug][gc,nmethod  ] Register NMethod: java.util.LinkedHashMap$LinkedHashIterator.hasNext (0x000072e47f6e7c08) [0x000072e47f6e7d00, 0x000072e47f6e7e80] Compiler: c1, Barriers: 1, Oops: 0, ImmediateOops: 0, NonImmediateOops: No
[1,513s][debug][gc,nmethod  ] Register NMethod: java.util.HashMap.put (0x000072e47f6e7f08) [0x000072e47f6e8000, 0x000072e47f6e85e8] Compiler: c1, Barriers: 0, Oops: 0, ImmediateOops: 0, NonImmediateOops: No
[1,514s][debug][gc,nmethod  ] Register NMethod: java.lang.invoke.DirectMethodHandle$Holder.newInvokeSpecial (0x000072e47f6e8608) [0x000072e47f6e8700, 0x000072e47f6e8f78] Compiler: c1, Barriers: 2, Oops: 0, ImmediateOops: 1, NonImmediateOops: No
[1,514s][debug][gc,nmethod  ] Register NMethod: jdk.internal.classfile.impl.DirectCodeBuilder.startLabel (0x000072e49ec48808) [0x000072e49ec48900, 0x000072e49ec489e8] Compiler: c1, Barriers: 1, Oops: 0, ImmediateOops: 0, NonImmediateOops: No
[1,514s][debug][gc,nmethod  ] Register NMethod: java.lang.classfile.CodeBuilder.checkcast (0x000072e47f6e8f88) [0x000072e47f6e9080, 0x000072e47f6e99b8] Compiler: c1, Barriers: 2, Oops: 0, ImmediateOops: 0, NonImmediateOops: No
[1,514s][debug][gc,nmethod  ] Register NMethod: jdk.internal.classfile.impl.DirectCodeBuilder.checkcast (0x000072e47f6e9a08) [0x000072e47f6e9b00, 0x000072e47f6ea250] Compiler: c1, Barriers: 1, Oops: 0, ImmediateOops: 0, NonImmediateOops: No
[1,514s][debug][gc,nmethod  ] Register NMethod: jdk.internal.classfile.impl.DirectCodeBuilder.fieldAccess (0x000072e47f6ea288) [0x000072e47f6ea380, 0x000072e47f6eacb8] Compiler: c1, Barriers: 1, Oops: 0, ImmediateOops: 0, NonImmediateOops: No
[1,514s][debug][gc,nmethod  ] Register NMethod: java.util.LinkedHashMap$LinkedHashIterator.nextNode (0x000072e47f6ead08) [0x000072e47f6eae00, 0x000072e47f6eb2c0] Compiler: c1, Barriers: 10, Oops: 0, ImmediateOops: 0, NonImmediateOops: No
[1,514s][debug][gc,nmethod  ] Register NMethod: jdk.internal.classfile.impl.StackCounter$Target.<init> (0x000072e47f6eb308) [0x000072e47f6eb400, 0x000072e47f6eb5c0] Compiler: c1, Barriers: 0, Oops: 0, ImmediateOops: 0, NonImmediateOops: No
[1,514s][debug][gc,nmethod  ] Register NMethod: sun.net.www.ParseUtil.firstEncodeIndex (0x000072e49ec48b08) [0x000072e49ec48c00, 0x000072e49ec49060] Compiler: jvmci, Barriers: 1, Oops: 0, ImmediateOops: 0, NonImmediateOops: No
[1,514s][debug][gc,nmethod  ] Register NMethod: jdk.internal.classfile.impl.RawBytecodeHelper.reset (0x000072e47f6eb608) [0x000072e47f6eb700, 0x000072e47f6ebab0] Compiler: c1, Barriers: 1, Oops: 1, ImmediateOops: 1, NonImmediateOops: No
[1,514s][debug][gc,nmethod  ] Register NMethod: jdk.internal.classfile.impl.AbstractPseudoInstruction$ExceptionCatchImpl.tryStart (0x000072e49ec49088) [0x000072e49ec49180, 0x000072e49ec49268] Compiler: c1, Barriers: 1, Oops: 0, ImmediateOops: 0, NonImmediateOops: No
[1,514s][debug][gc,nmethod  ] Register NMethod: jdk.internal.classfile.impl.StackCounter.next (0x000072e47f6ebb08) [0x000072e47f6ebc00, 0x000072e47f6ecf00] Compiler: c1, Barriers: 6, Oops: 1, ImmediateOops: 2, NonImmediateOops: No
[1,515s][debug][gc,nmethod  ] Register NMethod: jdk.internal.classfile.impl.AbstractPseudoInstruction$ExceptionCatchImpl.tryEnd (0x000072e49ec49388) [0x000072e49ec49480, 0x000072e49ec49568] Compiler: c1, Barriers: 1, Oops: 0, ImmediateOops: 0, NonImmediateOops: No
[1,515s][debug][gc,nmethod  ] Register NMethod: jdk.internal.classfile.impl.AbstractPseudoInstruction$ExceptionCatchImpl.handler (0x000072e49ec49688) [0x000072e49ec49780, 0x000072e49ec49868] Compiler: c1, Barriers: 1, Oops: 0, ImmediateOops: 0, NonImmediateOops: No
[1,515s][debug][gc,nmethod  ] Register NMethod: jdk.internal.classfile.impl.AbstractPoolEntry$StringEntryImpl.tag (0x000072e49ec49988) [0x000072e49ec49a80, 0x000072e49ec49b40] Compiler: c1, Barriers: 0, Oops: 0, ImmediateOops: 0, NonImmediateOops: No
[1,515s][debug][gc,nmethod  ] Register NMethod: jdk.internal.classfile.impl.Util.slotSize (0x000072e47f6ecf88) [0x000072e47f6ed080, 0x000072e47f6ed320] Compiler: c1, Barriers: 0, Oops: 0, ImmediateOops: 3, NonImmediateOops: No
[1,515s][debug][gc,nmethod  ] Register NMethod: jdk.internal.classfile.impl.SplitConstantPool.canWriteDirect (0x000072e49ec49c88) [0x000072e49ec49d80, 0x000072e49ec49ec8] Compiler: jvmci, Barriers: 1, Oops: 0, ImmediateOops: 0, NonImmediateOops: No
[1,515s][debug][gc,nmethod  ] Register NMethod: jdk.internal.classfile.impl.BufWriterImpl.cpIndexOrZero (0x000072e47f6ed388) [0x000072e47f6ed480, 0x000072e47f6ef930] Compiler: c1, Barriers: 1, Oops: 1, ImmediateOops: 3, NonImmediateOops: No
[1,517s][debug][gc,nmethod  ] Register NMethod: java.nio.HeapByteBuffer.byteOffset (0x000072e47f6ef988) [0x000072e47f6efa80, 0x000072e47f6efb88] Compiler: c1, Barriers: 0, Oops: 0, ImmediateOops: 0, NonImmediateOops: No
[1,517s][debug][gc,nmethod  ] Register NMethod: java.nio.Buffer.nextGetIndex (0x000072e47f6efc88) [0x000072e47f6efd80, 0x000072e47f6eff40] Compiler: c1, Barriers: 0, Oops: 0, ImmediateOops: 0, NonImmediateOops: No
[1,517s][debug][gc,nmethod  ] Register NMethod: jdk.internal.misc.ScopedMemoryAccess.getShortUnalignedInternal (0x000072e47f6eff88) [0x000072e47f6f0080, 0x000072e47f6f04d8] Compiler: c1, Barriers: 0, Oops: 0, ImmediateOops: 1, NonImmediateOops: No
[1,517s][debug][gc,nmethod  ] Register NMethod: jdk.internal.misc.ScopedMemoryAccess.getShortUnaligned (0x000072e47f6f0508) [0x000072e47f6f0600, 0x000072e47f6f0b38] Compiler: c1, Barriers: 0, Oops: 0, ImmediateOops: 1, NonImmediateOops: No
[1,517s][debug][gc,nmethod  ] Register NMethod: java.nio.HeapByteBuffer.getShort (0x000072e47f6f0b88) [0x000072e47f6f0c80, 0x000072e47f6f1c88] Compiler: c1, Barriers: 2, Oops: 1, ImmediateOops: 2, NonImmediateOops: No
[1,518s][debug][gc,nmethod  ] Register NMethod: jdk.internal.reflect.ConstantPool.getUTF8At0 (0x000072e49ec49f88) [0x000072e49ec4a080, 0x000072e49ec4a3b0] Compiler: , Barriers: 0, Oops: 0, ImmediateOops: 0, NonImmediateOops: No
[1,519s][debug][gc,director ] Rule Major: Warmup 10%, Used: 76MB, UsedThreshold: 1228MB
[1,520s][debug][gc,nmethod  ] Register NMethod: java.net.URLStreamHandler.parseURL (0x000072e47f6f1d08) [0x000072e47f6f1e00, 0x000072e47f710d18] Compiler: c1, Barriers: 68, Oops: 8, ImmediateOops: 75, NonImmediateOops: No
[1,520s][debug][gc,nmethod  ] Register NMethod: jdk.internal.loader.URLClassPath$JarLoader.getResource (0x000072e49ec4a408) [0x000072e49ec4a500, 0x000072e49ec4bc18] Compiler: jvmci, Barriers: 19, Oops: 2, ImmediateOops: 8, NonImmediateOops: No
[1,521s][debug][gc,nmethod  ] Register NMethod: java.nio.HeapByteBuffer.ix (0x000072e47f710d88) [0x000072e47f710e80, 0x000072e47f710f88] Compiler: c1, Barriers: 0, Oops: 0, ImmediateOops: 0, NonImmediateOops: No
[1,521s][debug][gc,nmethod  ] Register NMethod: java.nio.Buffer.nextGetIndex (0x000072e47f711088) [0x000072e47f711180, 0x000072e47f711340] Compiler: c1, Barriers: 0, Oops: 0, ImmediateOops: 0, NonImmediateOops: No
[1,522s][debug][gc,nmethod  ] Register NMethod: java.nio.HeapByteBuffer.get (0x000072e47f711388) [0x000072e47f711480, 0x000072e47f711938] Compiler: c1, Barriers: 1, Oops: 0, ImmediateOops: 0, NonImmediateOops: No
[1,522s][debug][gc,nmethod  ] Register NMethod: java.lang.Class.getEnclosingMethod0 (0x000072e49ec4bc88) [0x000072e49ec4bd80, 0x000072e49ec4c0a0] Compiler: , Barriers: 0, Oops: 0, ImmediateOops: 0, NonImmediateOops: No
[1,522s][debug][gc,nmethod  ] Register NMethod: java.lang.invoke.DirectMethodHandle.preparedLambdaForm (0x000072e47f711988) [0x000072e47f711a80, 0x000072e47f7144e8] Compiler: c1, Barriers: 10, Oops: 0, ImmediateOops: 0, NonImmediateOops: No
[1,522s][debug][gc,nmethod  ] Register NMethod: java.io.UnixFileSystem.trimSeparator (0x000072e47f714508) [0x000072e47f714600, 0x000072e47f7155f0] Compiler: c1, Barriers: 1, Oops: 1, ImmediateOops: 2, NonImmediateOops: No
[1,522s][debug][gc,nmethod  ] Register NMethod: jdk.internal.misc.Unsafe.putInt (0x000072e49ec4c108) [0x000072e49ec4c200, 0x000072e49ec4c358] Compiler: , Barriers: 0, Oops: 0, ImmediateOops: 0, NonImmediateOops: No
[1,522s][debug][gc,nmethod  ] Register NMethod: jdk.internal.reflect.ConstantPool.getUTF8At (0x000072e47f715608) [0x000072e47f715700, 0x000072e47f715870] Compiler: c1, Barriers: 1, Oops: 0, ImmediateOops: 0, NonImmediateOops: No
[1,522s][debug][gc,nmethod  ] Register NMethod: java.io.UnixFileSystem.resolve (0x000072e47f715908) [0x000072e47f715a00, 0x000072e47f718e90] Compiler: c1, Barriers: 1, Oops: 1, ImmediateOops: 7, NonImmediateOops: No
[1,524s][debug][gc,nmethod  ] Register NMethod: java.io.File.<init> (0x000072e47f718f08) [0x000072e47f719000, 0x000072e47f719ec8] Compiler: c1, Barriers: 15, Oops: 2, ImmediateOops: 6, NonImmediateOops: No
[1,524s][debug][gc,nmethod  ] Register NMethod: java.lang.invoke.MemberName.changeReferenceKind (0x000072e47f719f08) [0x000072e47f71a000, 0x000072e47f71a120] Compiler: c1, Barriers: 0, Oops: 0, ImmediateOops: 0, NonImmediateOops: No
[1,524s][debug][gc,nmethod  ] Register NMethod: java.util.jar.JarFile.getJarEntry (0x000072e49ec4c408) [0x000072e49ec4c500, 0x000072e49ec4db38] Compiler: jvmci, Barriers: 14, Oops: 2, ImmediateOops: 8, NonImmediateOops: No
[1,524s][debug][gc,nmethod  ] Register NMethod: java.lang.ClassLoader.defineClass0 (0x000072e49ec4db88) [0x000072e49ec4dc80, 0x000072e49ec4e038] Compiler: , Barriers: 0, Oops: 0, ImmediateOops: 1, NonImmediateOops: No
[1,525s][debug][gc,nmethod  ] Register NMethod: jdk.internal.classfile.impl.ClassFileImpl.classHierarchyResolver (0x000072e47f71a208) [0x000072e47f71a300, 0x000072e47f71a700] Compiler: c1, Barriers: 1, Oops: 0, ImmediateOops: 1, NonImmediateOops: No
[1,525s][debug][gc,nmethod  ] Register NMethod: jdk.internal.classfile.impl.StackMapGenerator.of (0x000072e47f71a708) [0x000072e47f71a800, 0x000072e47f71bd70] Compiler: c1, Barriers: 14, Oops: 0, ImmediateOops: 0, NonImmediateOops: No
[1,525s][debug][gc,nmethod  ] Register NMethod: jdk.internal.classfile.impl.ClassHierarchyImpl.<init> (0x000072e47f71bd88) [0x000072e47f71be80, 0x000072e47f71c5f0] Compiler: c1, Barriers: 3, Oops: 0, ImmediateOops: 0, NonImmediateOops: No
[1,525s][debug][gc,nmethod  ] Register NMethod: java.lang.classfile.ClassHierarchyResolver.cached (0x000072e47f71c608) [0x000072e47f71c700, 0x000072e47f71ca08] Compiler: c1, Barriers: 0, Oops: 0, ImmediateOops: 1, NonImmediateOops: No
[1,525s][debug][gc,nmethod  ] Register NMethod: java.lang.classfile.ClassHierarchyResolver.cached (0x000072e47f71ca88) [0x000072e47f71cb80, 0x000072e47f71d150] Compiler: c1, Barriers: 0, Oops: 0, ImmediateOops: 0, NonImmediateOops: No
[1,525s][debug][gc,nmethod  ] Register NMethod: java.lang.classfile.ClassHierarchyResolver$1Factory.get (0x000072e47f71d188) [0x000072e47f71d280, 0x000072e47f71d710] Compiler: c1, Barriers: 0, Oops: 0, ImmediateOops: 0, NonImmediateOops: No
[1,525s][debug][gc,nmethod  ] Register NMethod: java.lang.classfile.ClassHierarchyResolver$1Factory.get (0x000072e47f71d788) [0x000072e47f71d880, 0x000072e47f71db00] Compiler: c1, Barriers: 0, Oops: 0, ImmediateOops: 0, NonImmediateOops: No
[1,525s][debug][gc,nmethod  ] Register NMethod: jdk.internal.classfile.impl.ClassHierarchyImpl$CachedClassHierarchyResolver.<init> (0x000072e47f71db08) [0x000072e47f71dc00, 0x000072e47f71e038] Compiler: c1, Barriers: 9, Oops: 0, ImmediateOops: 0, NonImmediateOops: No
[1,525s][debug][gc,nmethod  ] Register NMethod: jdk.internal.classfile.impl.StackMapGenerator$Frame.setLocalsFromArg (0x000072e47f71e088) [0x000072e47f71e180, 0x000072e47f7206e0] Compiler: c1, Barriers: 24, Oops: 1, ImmediateOops: 13, NonImmediateOops: No
[1,525s][debug][gc,nmethod  ] Register NMethod: jdk.internal.classfile.impl.ClassFileImpl.patchDeadCode (0x000072e47f720708) [0x000072e47f720800, 0x000072e47f720a40] Compiler: c1, Barriers: 2, Oops: 0, ImmediateOops: 0, NonImmediateOops: No
[1,525s][debug][gc,nmethod  ] Register NMethod: jdk.internal.classfile.impl.ClassHierarchyImpl$CachedClassHierarchyResolver$1.<init> (0x000072e47f720a88) [0x000072e47f720b80, 0x000072e47f720ea8] Compiler: c1, Barriers: 3, Oops: 0, ImmediateOops: 0, NonImmediateOops: No
[1,526s][debug][gc,nmethod  ] Register NMethod: jdk.internal.classfile.impl.StackMapGenerator$Frame.<init> (0x000072e47f720f08) [0x000072e47f721000, 0x000072e47f721168] Compiler: c1, Barriers: 0, Oops: 0, ImmediateOops: 0, NonImmediateOops: No
[1,526s][debug][gc,nmethod  ] Register NMethod: jdk.internal.classfile.impl.ClassFileImpl.dropDeadLabels (0x000072e47f721208) [0x000072e47f721300, 0x000072e47f721540] Compiler: c1, Barriers: 2, Oops: 0, ImmediateOops: 0, NonImmediateOops: No
[1,526s][debug][gc,nmethod  ] Register NMethod: jdk.internal.classfile.impl.StackMapGenerator.<init> (0x000072e47f721588) [0x000072e47f721680, 0x000072e47f723470] Compiler: c1, Barriers: 42, Oops: 0, ImmediateOops: 2, NonImmediateOops: No
[1,526s][debug][gc,nmethod  ] Register NMethod: jdk.internal.classfile.impl.StackMapGenerator$Frame.<init> (0x000072e47f723488) [0x000072e47f723580, 0x000072e47f723a50] Compiler: c1, Barriers: 12, Oops: 0, ImmediateOops: 0, NonImmediateOops: No
[1,526s][debug][gc,nmethod  ] Register NMethod: jdk.internal.classfile.impl.StackMapGenerator.isAnyFrameDirty (0x000072e47f723a88) [0x000072e47f723b80, 0x000072e47f723e18] Compiler: c1, Barriers: 2, Oops: 0, ImmediateOops: 0, NonImmediateOops: No
[1,526s][debug][gc,nmethod  ] Register NMethod: jdk.internal.classfile.impl.StackMapGenerator.generate (0x000072e47f723e88) [0x000072e47f723f80, 0x000072e47f724a40] Compiler: c1, Barriers: 7, Oops: 0, ImmediateOops: 0, NonImmediateOops: No
[1,526s][debug][gc,nmethod  ] Register NMethod: jdk.internal.classfile.impl.StackMapGenerator.stackMapTableAttribute (0x000072e47f724a88) [0x000072e47f724b80, 0x000072e47f724db8] Compiler: c1, Barriers: 0, Oops: 0, ImmediateOops: 1, NonImmediateOops: No
[1,526s][debug][gc,nmethod  ] Register NMethod: java.util.stream.AbstractPipeline.isParallel (0x000072e47f724e08) [0x000072e47f724f00, 0x000072e47f725038] Compiler: c1, Barriers: 1, Oops: 0, ImmediateOops: 0, NonImmediateOops: No
[1,526s][debug][gc,nmethod  ] Register NMethod: jdk.internal.classfile.impl.StackMapGenerator.processMethod (0x000072e47f725108) [0x000072e47f725200, 0x000072e47f727758] Compiler: c1, Barriers: 15, Oops: 3, ImmediateOops: 4, NonImmediateOops: No
[1,526s][debug][gc,nmethod  ] Register NMethod: jdk.internal.classfile.impl.StackMapGenerator.detectFrames (0x000072e47f727788) [0x000072e47f727880, 0x000072e47f72aed8] Compiler: c1, Barriers: 7, Oops: 1, ImmediateOops: 2, NonImmediateOops: No
[1,526s][debug][gc,nmethod  ] Register NMethod: jdk.internal.classfile.impl.EntryMap.firstToken (0x000072e49ec4e088) [0x000072e49ec4e180, 0x000072e49ec4e3a0] Compiler: jvmci, Barriers: 1, Oops: 0, ImmediateOops: 0, NonImmediateOops: No
[1,526s][debug][gc,nmethod  ] Register NMethod: sun.net.util.IPAddressUtil.checkAuth (0x000072e47f72af08) [0x000072e47f72b000, 0x000072e47f72c548] Compiler: c1, Barriers: 2, Oops: 2, ImmediateOops: 4, NonImmediateOops: No
[1,526s][debug][gc,nmethod  ] Register NMethod: java.lang.String.contains (0x000072e47f72c588) [0x000072e47f72c680, 0x000072e47f72cbd0] Compiler: c1, Barriers: 0, Oops: 0, ImmediateOops: 0, NonImmediateOops: No
[1,527s][debug][gc,nmethod  ] Register NMethod: jdk.internal.loader.URLClassPath$FileLoader.getResource (0x000072e47f72cc08) [0x000072e47f72cd00, 0x000072e47f72f278] Compiler: c1, Barriers: 21, Oops: 1, ImmediateOops: 2, NonImmediateOops: No
[1,527s][debug][gc,nmethod  ] Register NMethod: java.lang.invoke.DirectMethodHandle.preparedLambdaForm (0x000072e47f72f288) [0x000072e47f72f380, 0x000072e47f72f498] Compiler: c1, Barriers: 0, Oops: 0, ImmediateOops: 0, NonImmediateOops: No
[1,529s][debug][gc,director ] Rule Major: Warmup 10%, Used: 76MB, UsedThreshold: 1228MB
[1,530s][debug][gc,nmethod  ] Register NMethod: java.net.URLClassLoader.findClass (0x000072e47f72f588) [0x000072e47f72f680, 0x000072e47f732620] Compiler: c1, Barriers: 6, Oops: 1, ImmediateOops: 8, NonImmediateOops: No
[1,530s][debug][gc,nmethod  ] Register NMethod: java.net.URLClassLoader.defineClass (0x000072e47f732688) [0x000072e47f732780, 0x000072e47f736620] Compiler: c1, Barriers: 6, Oops: 1, ImmediateOops: 4, NonImmediateOops: No
[1,531s][debug][gc,nmethod  ] Register NMethod: java.lang.invoke.MemberName.isVarargs (0x000072e47f736688) [0x000072e47f736780, 0x000072e47f736c78] Compiler: c1, Barriers: 0, Oops: 0, ImmediateOops: 0, NonImmediateOops: No
[1,531s][debug][gc,nmethod  ] Register NMethod: java.lang.invoke.MethodHandle.setVarargs (0x000072e47f736c88) [0x000072e47f736d80, 0x000072e47f738898] Compiler: c1, Barriers: 0, Oops: 2, ImmediateOops: 4, NonImmediateOops: No
[1,531s][debug][gc,nmethod  ] Register NMethod: java.lang.invoke.MethodHandles$Lookup.isArrayClone (0x000072e47f738908) [0x000072e47f738a00, 0x000072e47f739c78] Compiler: c1, Barriers: 7, Oops: 0, ImmediateOops: 2, NonImmediateOops: No
[1,532s][debug][gc,nmethod  ] Register NMethod: java.util.zip.ZipFile.getMetaInfVersions (0x000072e47f739c88) [0x000072e47f739d80, 0x000072e47f73a7d0] Compiler: c1, Barriers: 4, Oops: 0, ImmediateOops: 2, NonImmediateOops: No
[1,532s][debug][gc,nmethod  ] Register NMethod: sun.invoke.util.VerifyAccess.isMemberAccessible (0x000072e47f73a808) [0x000072e47f73a900, 0x000072e47f73cee8] Compiler: c1, Barriers: 0, Oops: 1, ImmediateOops: 2, NonImmediateOops: No
[1,532s][debug][gc,nmethod  ] Register NMethod: java.util.BitSet.previousSetBit (0x000072e47f73cf08) [0x000072e47f73d000, 0x000072e47f73e180] Compiler: c1, Barriers: 1, Oops: 1, ImmediateOops: 2, NonImmediateOops: No
[1,532s][debug][gc,nmethod  ] Register NMethod: java.util.Arrays.hashCode (0x000072e47f73e208) [0x000072e47f73e300, 0x000072e47f73e480] Compiler: c1, Barriers: 0, Oops: 0, ImmediateOops: 0, NonImmediateOops: No
[1,532s][debug][gc,nmethod  ] Register NMethod: jdk.internal.util.ArraysSupport.hashCode (0x000072e47f73e508) [0x000072e47f73e600, 0x000072e47f73eab0] Compiler: c1, Barriers: 1, Oops: 0, ImmediateOops: 0, NonImmediateOops: No
[1,533s][debug][gc,nmethod  ] Register NMethod: java.lang.invoke.MethodHandleNatives.findMethodHandleType (0x000072e47f73eb08) [0x000072e47f73ec00, 0x000072e47f73ed18] Compiler: c1, Barriers: 0, Oops: 0, ImmediateOops: 0, NonImmediateOops: No
[1,533s][debug][gc,nmethod  ] Register NMethod: java.lang.invoke.MethodHandle.linkToVirtual (0x000072e49ec4e408) [0x000072e49ec4e500, 0x000072e49ec4e528] Compiler: , Barriers: 0, Oops: 0, ImmediateOops: 0, NonImmediateOops: No
[1,534s][debug][gc,nmethod  ] Register NMethod: java.lang.System$1.concat (0x000072e47f73ee08) [0x000072e47f73ef00, 0x000072e47f741518] Compiler: c1, Barriers: 6, Oops: 0, ImmediateOops: 6, NonImmediateOops: No
[1,534s][debug][gc,nmethod  ] Register NMethod: java.lang.classfile.constantpool.ConstantPoolBuilder.nameAndTypeEntry (0x000072e47f741588) [0x000072e47f741680, 0x000072e47f741da0] Compiler: c1, Barriers: 0, Oops: 0, ImmediateOops: 0, NonImmediateOops: No
[1,534s][debug][gc,nmethod  ] Register NMethod: jdk.internal.constant.ConstantUtils.concat (0x000072e47f741e08) [0x000072e47f741f00, 0x000072e47f744568] Compiler: c1, Barriers: 6, Oops: 0, ImmediateOops: 7, NonImmediateOops: No
[1,535s][debug][gc,nmethod  ] Register NMethod: jdk.internal.classfile.impl.SplitConstantPool.fieldRefEntry (0x000072e47f744588) [0x000072e47f744680, 0x000072e47f746fd8] Compiler: c1, Barriers: 6, Oops: 0, ImmediateOops: 0, NonImmediateOops: No
[1,536s][debug][gc,nmethod  ] Register NMethod: java.util.regex.Pattern.has (0x000072e47f747008) [0x000072e47f747100, 0x000072e47f747250] Compiler: c1, Barriers: 0, Oops: 0, ImmediateOops: 0, NonImmediateOops: No
[1,536s][debug][gc,nmethod  ] Register NMethod: java.lang.invoke.MethodHandleNatives.refKindIsMethod (0x000072e47f747308) [0x000072e47f747400, 0x000072e47f747610] Compiler: c1, Barriers: 0, Oops: 0, ImmediateOops: 0, NonImmediateOops: No
[1,536s][debug][gc,nmethod  ] Register NMethod: java.lang.invoke.MethodHandleNatives.refKindHasReceiver (0x000072e47f747688) [0x000072e47f747780, 0x000072e47f7478c0] Compiler: c1, Barriers: 0, Oops: 0, ImmediateOops: 0, NonImmediateOops: No
[1,538s][debug][gc,nmethod  ] Register NMethod: jdk.internal.classfile.impl.Util$1WithCodeMethodHandler.<init> (0x000072e47f747988) [0x000072e47f747a80, 0x000072e47f747cb0] Compiler: c1, Barriers: 3, Oops: 0, ImmediateOops: 0, NonImmediateOops: No
[1,538s][debug][gc,nmethod  ] Register NMethod: jdk.internal.classfile.impl.Util.buildingCode (0x000072e47f747d08) [0x000072e47f747e00, 0x000072e47f7480c0] Compiler: c1, Barriers: 3, Oops: 0, ImmediateOops: 0, NonImmediateOops: No
[1,538s][debug][gc,nmethod  ] Register NMethod: java.lang.classfile.ClassBuilder.withMethodBody (0x000072e47f748108) [0x000072e47f748200, 0x000072e47f748778] Compiler: c1, Barriers: 3, Oops: 0, ImmediateOops: 0, NonImmediateOops: No
[1,538s][debug][gc,nmethod  ] Register NMethod: jdk.internal.classfile.impl.Util$1WithCodeMethodHandler.accept (0x000072e47f748788) [0x000072e47f748880, 0x000072e47f748ed0] Compiler: c1, Barriers: 1, Oops: 0, ImmediateOops: 0, NonImmediateOops: No
[1,538s][debug][gc,nmethod  ] Register NMethod: jdk.internal.classfile.impl.Util$1WithCodeMethodHandler.accept (0x000072e47f748f08) [0x000072e47f749000, 0x000072e47f749220] Compiler: c1, Barriers: 1, Oops: 0, ImmediateOops: 0, NonImmediateOops: No
[1,539s][debug][gc,nmethod  ] Register NMethod: java.lang.constant.ClassDesc.isArray (0x000072e49ec4e708) [0x000072e49ec4e800, 0x000072e49ec4e8c0] Compiler: c1, Barriers: 0, Oops: 0, ImmediateOops: 0, NonImmediateOops: No
[1,539s][debug][gc,nmethod  ] Register NMethod: jdk.internal.classfile.impl.EntryMap.put (0x000072e49ec4ea08) [0x000072e49ec4eb00, 0x000072e49ec4ede0] Compiler: jvmci, Barriers: 1, Oops: 0, ImmediateOops: 0, NonImmediateOops: No
[1,539s][debug][gc,director ] Rule Major: Warmup 10%, Used: 78MB, UsedThreshold: 1228MB
[1,540s][debug][gc,nmethod  ] Register NMethod: java.math.BigInteger.implMulAdd (0x000072e47f749288) [0x000072e47f749380, 0x000072e47f7495a0] Compiler: c1, Barriers: 0, Oops: 0, ImmediateOops: 0, NonImmediateOops: No
[1,540s][debug][gc,nmethod  ] Register NMethod: java.math.BigInteger.mulAdd (0x000072e47f749608) [0x000072e47f749700, 0x000072e47f749890] Compiler: c1, Barriers: 0, Oops: 0, ImmediateOops: 0, NonImmediateOops: No
[1,540s][debug][gc,nmethod  ] Register NMethod: java.math.BigInteger.addOne (0x000072e47f749908) [0x000072e47f749a00, 0x000072e47f749d18] Compiler: c1, Barriers: 0, Oops: 0, ImmediateOops: 0, NonImmediateOops: No
[1,541s][debug][gc,nmethod  ] Register NMethod: java.math.BigInteger.implMulAddCheck (0x000072e47f749d88) [0x000072e47f749e80, 0x000072e47f74de10] Compiler: c1, Barriers: 0, Oops: 5, ImmediateOops: 11, NonImmediateOops: No
[1,542s][debug][gc,nmethod  ] Register NMethod: jdk.internal.misc.Unsafe.getIntVolatile (0x000072e49ec4ee08) [0x000072e49ec4ef00, 0x000072e49ec4f068] Compiler: , Barriers: 0, Oops: 0, ImmediateOops: 0, NonImmediateOops: No
[1,542s][debug][gc,nmethod  ] Register NMethod: java.math.BigInteger.<init> (0x000072e47f74de88) [0x000072e47f74df80, 0x000072e47f74e488] Compiler: c1, Barriers: 4, Oops: 0, ImmediateOops: 1, NonImmediateOops: No
[1,543s][debug][gc,nmethod  ] Register NMethod: java.math.BigInteger.add (0x000072e47f74e508) [0x000072e47f74e600, 0x000072e47f74ed98] Compiler: c1, Barriers: 0, Oops: 0, ImmediateOops: 0, NonImmediateOops: No
[1,543s][debug][gc,nmethod  ] Register NMethod: java.math.BigInteger.trustedStripLeadingZeroInts (0x000072e47f74ee08) [0x000072e47f74ef00, 0x000072e47f74f018] Compiler: c1, Barriers: 0, Oops: 0, ImmediateOops: 0, NonImmediateOops: No
[1,543s][debug][gc,nmethod  ] Register NMethod: java.math.BigInteger.stripLeadingZeroInts (0x000072e47f74f108) [0x000072e47f74f200, 0x000072e47f74f480] Compiler: c1, Barriers: 0, Oops: 0, ImmediateOops: 0, NonImmediateOops: No
[1,544s][debug][gc,nmethod  ] Register NMethod: java.math.BigInteger.shiftLeftImplWorker (0x000072e47f74f488) [0x000072e47f74f580, 0x000072e47f74f798] Compiler: c1, Barriers: 0, Oops: 0, ImmediateOops: 0, NonImmediateOops: No
[1,544s][debug][gc,nmethod  ] Register NMethod: java.math.BigInteger.implMulAdd (0x000072e49ec4f108) [0x000072e49ec4f200, 0x000072e49ec4f5d8] Compiler: jvmci, Barriers: 0, Oops: 0, ImmediateOops: 0, NonImmediateOops: No
[1,544s][debug][gc,nmethod  ] Register NMethod: java.math.BigInteger.subtract (0x000072e47f74f808) [0x000072e47f74f900, 0x000072e47f74fdf8] Compiler: c1, Barriers: 0, Oops: 0, ImmediateOops: 0, NonImmediateOops: No
[1,544s][debug][gc,nmethod  ] Register NMethod: java.math.BigInteger.mulAdd (0x000072e49ec4f608) [0x000072e49ec4f700, 0x000072e49ec4f838] Compiler: jvmci, Barriers: 0, Oops: 0, ImmediateOops: 0, NonImmediateOops: No
[1,545s][debug][gc,nmethod  ] Register NMethod: java.math.BigInteger.implSquareToLen (0x000072e47f74fe08) [0x000072e47f74ff00, 0x000072e47f750398] Compiler: c1, Barriers: 0, Oops: 0, ImmediateOops: 0, NonImmediateOops: No
[1,545s][debug][gc,nmethod  ] Register NMethod: java.math.BigInteger.addOne (0x000072e49ec4f908) [0x000072e49ec4fa00, 0x000072e49ec4fbb0] Compiler: jvmci, Barriers: 0, Oops: 0, ImmediateOops: 0, NonImmediateOops: No
[1,545s][debug][gc,nmethod  ] Register NMethod: java.math.BigInteger.implMulAddCheck (0x000072e49ec4fc08) [0x000072e49ec4fd00, 0x000072e49ec4fe28] Compiler: jvmci, Barriers: 0, Oops: 0, ImmediateOops: 0, NonImmediateOops: No
[1,545s][debug][gc,nmethod  ] Register NMethod: java.util.Objects.checkFromToIndex (0x000072e47f750408) [0x000072e47f750500, 0x000072e47f750718] Compiler: c1, Barriers: 0, Oops: 0, ImmediateOops: 0, NonImmediateOops: No
[1,546s][debug][gc,nmethod  ] Register NMethod: jdk.internal.classfile.impl.SplitConstantPool.internalAdd (0x000072e49ec4ff08) [0x000072e49ec50020, 0x000072e49ec50b40] Compiler: jvmci, Barriers: 11, Oops: 1, ImmediateOops: 0, NonImmediateOops: No
[1,546s][debug][gc,nmethod  ] Register NMethod: java.math.BigInteger.add (0x000072e47f750788) [0x000072e47f750880, 0x000072e47f751140] Compiler: c1, Barriers: 6, Oops: 0, ImmediateOops: 1, NonImmediateOops: No
[1,546s][debug][gc,nmethod  ] Register NMethod: java.util.concurrent.RecursiveTask.getRawResult (0x000072e49ec50b88) [0x000072e49ec50c80, 0x000072e49ec50d68] Compiler: c1, Barriers: 1, Oops: 0, ImmediateOops: 0, NonImmediateOops: No
[1,546s][debug][gc,nmethod  ] Register NMethod: java.math.BigInteger.subtract (0x000072e47f751188) [0x000072e47f751280, 0x000072e47f751c78] Compiler: c1, Barriers: 7, Oops: 0, ImmediateOops: 1, NonImmediateOops: No
[1,547s][debug][gc,nmethod  ] Register NMethod: java.math.BigInteger.square (0x000072e47f751c88) [0x000072e47f751d80, 0x000072e47f752388] Compiler: c1, Barriers: 1, Oops: 0, ImmediateOops: 2, NonImmediateOops: No
[1,547s][debug][gc,nmethod  ] Register NMethod: java.math.BigInteger.compareMagnitude (0x000072e47f752408) [0x000072e47f752500, 0x000072e47f7529c8] Compiler: c1, Barriers: 2, Oops: 0, ImmediateOops: 0, NonImmediateOops: No
[1,547s][debug][gc,nmethod  ] Register NMethod: java.math.BigInteger.shiftLeft (0x000072e47f752a08) [0x000072e47f752b00, 0x000072e47f752e50] Compiler: c1, Barriers: 1, Oops: 0, ImmediateOops: 1, NonImmediateOops: No
[1,547s][debug][gc,nmethod  ] Register NMethod: java.math.BigInteger.shiftLeft (0x000072e47f752e88) [0x000072e47f752f80, 0x000072e47f753898] Compiler: c1, Barriers: 0, Oops: 0, ImmediateOops: 0, NonImmediateOops: No
[1,549s][debug][gc,nmethod  ] Register NMethod: jdk.internal.loader.Resource.getBytes (0x000072e47f753908) [0x000072e47f753a00, 0x000072e47f754d60] Compiler: c1, Barriers: 5, Oops: 0, ImmediateOops: 1, NonImmediateOops: No
[1,549s][debug][gc,director ] Rule Major: Warmup 10%, Used: 80MB, UsedThreshold: 1228MB
[1,549s][debug][gc,nmethod  ] Register NMethod: java.lang.ref.Reference.<init> (0x000072e49ec50e88) [0x000072e49ec50f80, 0x000072e49ec51188] Compiler: jvmci, Barriers: 9, Oops: 0, ImmediateOops: 1, NonImmediateOops: No
[1,550s][debug][gc,nmethod  ] Register NMethod: java.lang.invoke.MethodHandles$Lookup.in (0x000072e47f754d88) [0x000072e47f754e80, 0x000072e47f758a90] Compiler: c1, Barriers: 9, Oops: 2, ImmediateOops: 6, NonImmediateOops: No
[1,550s][debug][gc,nmethod  ] Register NMethod: java.lang.classfile.TypeKind.from (0x000072e47f758b08) [0x000072e47f758c00, 0x000072e47f759190] Compiler: c1, Barriers: 0, Oops: 0, ImmediateOops: 1, NonImmediateOops: No
[1,550s][debug][gc,nmethod  ] Register NMethod: jdk.internal.loader.Resource.getByteBuffer (0x000072e47f759208) [0x000072e47f759300, 0x000072e47f759f80] Compiler: c1, Barriers: 5, Oops: 0, ImmediateOops: 0, NonImmediateOops: No
[1,550s][debug][gc,nmethod  ] Register NMethod: jdk.internal.classfile.impl.Util.fieldTypeSymbol (0x000072e47f759f88) [0x000072e47f75a080, 0x000072e47f75b488] Compiler: c1, Barriers: 5, Oops: 0, ImmediateOops: 0, NonImmediateOops: No
[1,551s][debug][gc,nmethod  ] Register NMethod: jdk.internal.classfile.impl.BufWriterImpl.grow (0x000072e47f75b508) [0x000072e47f75b600, 0x000072e47f75b890] Compiler: c1, Barriers: 4, Oops: 0, ImmediateOops: 0, NonImmediateOops: No
[1,551s][debug][gc,nmethod  ] Register NMethod: java.math.BigInteger.subtract (0x000072e49ec51208) [0x000072e49ec51300, 0x000072e49ec517d0] Compiler: jvmci, Barriers: 0, Oops: 0, ImmediateOops: 0, NonImmediateOops: No
[1,551s][debug][gc,nmethod  ] Register NMethod: java.lang.invoke.AbstractValidatingLambdaMetafactory.isAdaptableTo (0x000072e47f75b908) [0x000072e47f75ba00, 0x000072e47f75d5d0] Compiler: c1, Barriers: 2, Oops: 0, ImmediateOops: 0, NonImmediateOops: No
[1,551s][debug][gc,nmethod  ] Register NMethod: java.util.stream.PipelineHelper.<init> (0x000072e47f75d608) [0x000072e47f75d700, 0x000072e47f75d858] Compiler: c1, Barriers: 0, Oops: 0, ImmediateOops: 0, NonImmediateOops: No
[1,551s][debug][gc,nmethod  ] Register NMethod: jdk.internal.constant.ConstantUtils.dropFirstAndLastChar (0x000072e47f75d908) [0x000072e47f75da00, 0x000072e47f75e180] Compiler: c1, Barriers: 1, Oops: 0, ImmediateOops: 0, NonImmediateOops: No
[1,552s][debug][gc,nmethod  ] Register NMethod: java.math.BigInteger.add (0x000072e49ec51808) [0x000072e49ec51900, 0x000072e49ec51e28] Compiler: jvmci, Barriers: 0, Oops: 0, ImmediateOops: 0, NonImmediateOops: No
[1,552s][debug][gc,nmethod  ] Register NMethod: jdk.internal.loader.URLClassPath$JarLoader$1.getInputStream (0x000072e47f75e188) [0x000072e47f75e280, 0x000072e47f75e628] Compiler: c1, Barriers: 3, Oops: 0, ImmediateOops: 0, NonImmediateOops: No
[1,555s][debug][gc,nmethod  ] Register NMethod: jdk.internal.classfile.impl.DirectClassBuilder.withMethod (0x000072e47f75e688) [0x000072e47f75e780, 0x000072e47f75f138] Compiler: c1, Barriers: 9, Oops: 0, ImmediateOops: 0, NonImmediateOops: No
[1,556s][debug][gc,nmethod  ] Register NMethod: java.lang.invoke.MethodHandleNatives.isCallerSensitive (0x000072e47f75f188) [0x000072e47f75f280, 0x000072e47f75fa08] Compiler: c1, Barriers: 0, Oops: 0, ImmediateOops: 0, NonImmediateOops: No
[1,556s][debug][gc,nmethod  ] Register NMethod: java.lang.invoke.MethodHandleNatives.canBeCalledVirtual (0x000072e47f75fa88) [0x000072e47f75fb80, 0x000072e47f760618] Compiler: c1, Barriers: 5, Oops: 0, ImmediateOops: 2, NonImmediateOops: No
[1,558s][debug][gc,nmethod  ] Register NMethod: java.util.regex.Pattern.isSupplementary (0x000072e47f760688) [0x000072e47f760780, 0x000072e47f7609b8] Compiler: c1, Barriers: 0, Oops: 0, ImmediateOops: 0, NonImmediateOops: No
[1,558s][debug][gc,nmethod  ] Register NMethod: java.lang.Character.isSurrogate (0x000072e47f760a08) [0x000072e47f760b00, 0x000072e47f760c60] Compiler: c1, Barriers: 0, Oops: 0, ImmediateOops: 0, NonImmediateOops: No
[1,558s][debug][gc,nmethod  ] Register NMethod: java.lang.classfile.TypeKind.fromDescriptor (0x000072e47f760d08) [0x000072e47f760e00, 0x000072e47f7628f0] Compiler: c1, Barriers: 0, Oops: 1, ImmediateOops: 14, NonImmediateOops: No
[1,558s][debug][gc,nmethod  ] Register NMethod: java.util.logging.Logger.getName (0x000072e49ec51e88) [0x000072e49ec51f80, 0x000072e49ec52068] Compiler: c1, Barriers: 1, Oops: 0, ImmediateOops: 0, NonImmediateOops: No
[1,558s][debug][gc,nmethod  ] Register NMethod: jdk.internal.classfile.impl.DirectClassBuilder.setInterfaces (0x000072e49ec52188) [0x000072e49ec52280, 0x000072e49ec523b0] Compiler: c1, Barriers: 3, Oops: 0, ImmediateOops: 0, NonImmediateOops: No
[1,559s][debug][gc,nmethod  ] Register NMethod: jdk.internal.classfile.impl.AbstractPoolEntry$Utf8EntryImpl.charAt (0x000072e47f762908) [0x000072e47f762a00, 0x000072e47f7635a0] Compiler: c1, Barriers: 6, Oops: 1, ImmediateOops: 4, NonImmediateOops: No
[1,559s][debug][gc,director ] Rule Major: Warmup 10%, Used: 80MB, UsedThreshold: 1228MB
[1,559s][debug][gc,nmethod  ] Register NMethod: jdk.internal.classfile.impl.DirectCodeBuilder$4.tryGenerateStackMaps (0x000072e47f763608) [0x000072e47f763700, 0x000072e47f763d60] Compiler: c1, Barriers: 0, Oops: 0, ImmediateOops: 0, NonImmediateOops: No
[1,559s][debug][gc,nmethod  ] Register NMethod: jdk.internal.classfile.impl.DirectCodeBuilder$4.generateStackMaps (0x000072e47f763d88) [0x000072e47f763e80, 0x000072e47f7649a0] Compiler: c1, Barriers: 2, Oops: 0, ImmediateOops: 1, NonImmediateOops: No
[1,559s][debug][gc,nmethod  ] Register NMethod: java.lang.invoke.MethodHandleNatives.isPullModeBSM (0x000072e49ec52488) [0x000072e49ec52580, 0x000072e49ec52620] Compiler: c1, Barriers: 0, Oops: 0, ImmediateOops: 0, NonImmediateOops: No
[1,560s][debug][gc,nmethod  ] Register NMethod: java.lang.invoke.ConstantCallSite.getTarget (0x000072e47f764a08) [0x000072e47f764b00, 0x000072e47f764d38] Compiler: c1, Barriers: 1, Oops: 0, ImmediateOops: 0, NonImmediateOops: No
[1,563s][debug][gc,nmethod  ] Register NMethod: java.lang.reflect.ReflectAccess.copyMethod (0x000072e47f764d88) [0x000072e47f764e80, 0x000072e47f765180] Compiler: c1, Barriers: 0, Oops: 0, ImmediateOops: 0, NonImmediateOops: No
[1,563s][debug][gc,nmethod  ] Register NMethod: jdk.internal.reflect.ReflectionFactory.copyMethod (0x000072e47f765188) [0x000072e47f765280, 0x000072e47f765658] Compiler: c1, Barriers: 1, Oops: 0, ImmediateOops: 0, NonImmediateOops: No
[1,563s][debug][gc,nmethod  ] Register NMethod: java.lang.reflect.Method.<init> (0x000072e47f765688) [0x000072e47f765780, 0x000072e47f765df0] Compiler: c1, Barriers: 27, Oops: 0, ImmediateOops: 0, NonImmediateOops: No
[1,563s][debug][gc,nmethod  ] Register NMethod: java.lang.reflect.Method.copy (0x000072e47f765e08) [0x000072e47f765f00, 0x000072e47f766600] Compiler: c1, Barriers: 21, Oops: 0, ImmediateOops: 1, NonImmediateOops: No
[1,563s][debug][gc,nmethod  ] Register NMethod: java.util.ImmutableCollections$List12.isEmpty (0x000072e49ec52788) [0x000072e49ec52880, 0x000072e49ec52940] Compiler: c1, Barriers: 0, Oops: 0, ImmediateOops: 0, NonImmediateOops: No
[1,563s][debug][gc,nmethod  ] Register NMethod: jdk.internal.classfile.impl.UnboundAttribute$UnboundStackMapTableAttribute.entries (0x000072e49ec52a88) [0x000072e49ec52b80, 0x000072e49ec52c68] Compiler: c1, Barriers: 1, Oops: 0, ImmediateOops: 0, NonImmediateOops: No
[1,563s][debug][gc,nmethod  ] Register NMethod: jdk.internal.classfile.impl.AbstractPoolEntry$Utf8EntryImpl.length (0x000072e47f766608) [0x000072e47f766700, 0x000072e47f7668b8] Compiler: c1, Barriers: 1, Oops: 0, ImmediateOops: 1, NonImmediateOops: No
[1,563s][debug][gc,nmethod  ] Register NMethod: jdk.internal.classfile.impl.AbstractAttributeMapper.writeAttribute (0x000072e47f766908) [0x000072e47f766a00, 0x000072e47f768380] Compiler: c1, Barriers: 2, Oops: 0, ImmediateOops: 0, NonImmediateOops: No
[1,564s][debug][gc,nmethod  ] Register NMethod: java.lang.invoke.DirectMethodHandle.isCrackable (0x000072e49ec52d88) [0x000072e49ec52e80, 0x000072e49ec52f40] Compiler: c1, Barriers: 0, Oops: 0, ImmediateOops: 0, NonImmediateOops: No
[1,564s][debug][gc,nmethod  ] Register NMethod: jdk.internal.reflect.Reflection.areNestMates (0x000072e49ec53088) [0x000072e49ec53180, 0x000072e49ec53308] Compiler: , Barriers: 0, Oops: 0, ImmediateOops: 1, NonImmediateOops: No
[1,565s][debug][gc,nmethod  ] Register NMethod: java.lang.invoke.InnerClassLambdaMetafactory.methodDesc (0x000072e47f768388) [0x000072e47f768480, 0x000072e47f76b4d8] Compiler: c1, Barriers: 25, Oops: 2, ImmediateOops: 5, NonImmediateOops: No
[1,566s][debug][gc,nmethod  ] Register NMethod: java.lang.Class.getDeclaringClass0 (0x000072e49ec53388) [0x000072e49ec53480, 0x000072e49ec537a0] Compiler: , Barriers: 0, Oops: 0, ImmediateOops: 0, NonImmediateOops: No
[1,566s][debug][gc,nmethod  ] Register NMethod: java.util.LinkedHashMap$LinkedValueIterator.next (0x000072e47f76b508) [0x000072e47f76b600, 0x000072e47f76b930] Compiler: c1, Barriers: 1, Oops: 0, ImmediateOops: 0, NonImmediateOops: No
[1,566s][debug][gc,nmethod  ] Register NMethod: java.lang.reflect.ReflectAccess.getExecutableSharedParameterTypes (0x000072e47f76b988) [0x000072e47f76ba80, 0x000072e47f76bd88] Compiler: c1, Barriers: 0, Oops: 0, ImmediateOops: 0, NonImmediateOops: No
[1,566s][debug][gc,nmethod  ] Register NMethod: jdk.internal.reflect.ReflectionFactory.getExecutableSharedParameterTypes (0x000072e47f76be08) [0x000072e47f76bf00, 0x000072e47f76c2d0] Compiler: c1, Barriers: 1, Oops: 0, ImmediateOops: 0, NonImmediateOops: No
[1,566s][debug][gc,nmethod  ] Register NMethod: java.lang.Class.getAnnotationType (0x000072e49ec53808) [0x000072e49ec53900, 0x000072e49ec539f0] Compiler: c1, Barriers: 1, Oops: 0, ImmediateOops: 0, NonImmediateOops: No
[1,566s][debug][gc,nmethod  ] Register NMethod: java.lang.PublicMethods$Key.hashCode (0x000072e47f76c308) [0x000072e47f76c400, 0x000072e47f76c698] Compiler: c1, Barriers: 2, Oops: 0, ImmediateOops: 0, NonImmediateOops: No
[1,567s][debug][gc,nmethod  ] Register NMethod: jdk.internal.classfile.impl.StackMapDecoder$ObjectVerificationTypeInfoImpl.className (0x000072e49ec53b08) [0x000072e49ec53c00, 0x000072e49ec53ce8] Compiler: c1, Barriers: 1, Oops: 0, ImmediateOops: 0, NonImmediateOops: No
[1,567s][debug][gc,nmethod  ] Register NMethod: jdk.internal.classfile.impl.StackMapDecoder$ObjectVerificationTypeInfoImpl.tag (0x000072e49ec53e08) [0x000072e49ec53f00, 0x000072e49ec53fc0] Compiler: c1, Barriers: 0, Oops: 0, ImmediateOops: 0, NonImmediateOops: No
[1,567s][debug][gc,nmethod  ] Register NMethod: jdk.internal.constant.ClassOrInterfaceDescImpl.internalName (0x000072e47f76c708) [0x000072e47f76c800, 0x000072e47f76d120] Compiler: c1, Barriers: 6, Oops: 0, ImmediateOops: 0, NonImmediateOops: No
[1,568s][debug][gc,nmethod  ] Register NMethod: jdk.internal.classfile.impl.Util.toInternalName (0x000072e47f76d188) [0x000072e47f76d280, 0x000072e47f76e4b0] Compiler: c1, Barriers: 6, Oops: 0, ImmediateOops: 0, NonImmediateOops: No
[1,568s][debug][gc,nmethod  ] Register NMethod: java.util.stream.StreamOpFlag.getMask (0x000072e47f76e508) [0x000072e47f76e600, 0x000072e47f76e760] Compiler: c1, Barriers: 0, Oops: 0, ImmediateOops: 0, NonImmediateOops: No
[1,568s][debug][gc,nmethod  ] Register NMethod: java.util.stream.StreamOpFlag.combineOpFlags (0x000072e47f76e808) [0x000072e47f76e900, 0x000072e47f76eaa0] Compiler: c1, Barriers: 0, Oops: 0, ImmediateOops: 0, NonImmediateOops: No
[1,568s][debug][gc,nmethod  ] Register NMethod: java.util.Arrays.copyOf (0x000072e49ec54108) [0x000072e49ec54200, 0x000072e49ec545d0] Compiler: jvmci, Barriers: 0, Oops: 0, ImmediateOops: 0, NonImmediateOops: No
[1,568s][debug][gc,nmethod  ] Register NMethod: java.lang.Class.privateGetDeclaredMethods (0x000072e47f76eb08) [0x000072e47f76ec00, 0x000072e47f76f780] Compiler: c1, Barriers: 10, Oops: 0, ImmediateOops: 2, NonImmediateOops: No
[1,569s][debug][gc,nmethod  ] Register NMethod: jdk.internal.classfile.impl.DirectCodeBuilder.with (0x000072e47f76f788) [0x000072e47f76f880, 0x000072e47f770660] Compiler: c1, Barriers: 2, Oops: 0, ImmediateOops: 0, NonImmediateOops: No
[1,569s][debug][gc,nmethod  ] Register NMethod: jdk.internal.classfile.impl.DirectCodeBuilder.with (0x000072e47f770688) [0x000072e47f770780, 0x000072e47f7719a0] Compiler: c1, Barriers: 2, Oops: 0, ImmediateOops: 0, NonImmediateOops: No
[1,569s][debug][gc,nmethod  ] Register NMethod: jdk.internal.classfile.impl.RawBytecodeHelper.getIndexU1 (0x000072e47f771a08) [0x000072e47f771b00, 0x000072e47f771f18] Compiler: c1, Barriers: 2, Oops: 0, ImmediateOops: 0, NonImmediateOops: No
[1,569s][debug][gc,nmethod  ] Register NMethod: java.lang.PublicMethods$MethodList.<init> (0x000072e47f771f88) [0x000072e47f772080, 0x000072e47f772250] Compiler: c1, Barriers: 3, Oops: 0, ImmediateOops: 0, NonImmediateOops: No
[1,569s][debug][gc,nmethod  ] Register NMethod: java.lang.reflect.Executable.declaredAnnotations (0x000072e47f772288) [0x000072e47f772380, 0x000072e47f773560] Compiler: c1, Barriers: 6, Oops: 0, ImmediateOops: 1, NonImmediateOops: No
[1,569s][debug][gc,director ] Rule Major: Warmup 10%, Used: 82MB, UsedThreshold: 1228MB
[1,569s][debug][gc,nmethod  ] Register NMethod: java.lang.Integer.compare (0x000072e47f773588) [0x000072e47f773680, 0x000072e47f773830] Compiler: c1, Barriers: 0, Oops: 0, ImmediateOops: 0, NonImmediateOops: No
[1,570s][debug][gc,nmethod  ] Register NMethod: java.util.Spliterators$ArraySpliterator.characteristics (0x000072e49ec54608) [0x000072e49ec54700, 0x000072e49ec547c0] Compiler: c1, Barriers: 0, Oops: 0, ImmediateOops: 0, NonImmediateOops: No
[1,570s][debug][gc,nmethod  ] Register NMethod: java.util.stream.Collectors$CollectorImpl.characteristics (0x000072e49ec54908) [0x000072e49ec54a00, 0x000072e49ec54ae8] Compiler: c1, Barriers: 1, Oops: 0, ImmediateOops: 0, NonImmediateOops: No
[1,570s][debug][gc,nmethod  ] Register NMethod: java.util.zip.ZipFile.getManifestName (0x000072e47f773888) [0x000072e47f773980, 0x000072e47f773e48] Compiler: c1, Barriers: 3, Oops: 0, ImmediateOops: 0, NonImmediateOops: No
[1,570s][debug][gc,nmethod  ] Register NMethod: java.lang.Class.getConstantPool (0x000072e49ec54c08) [0x000072e49ec54d00, 0x000072e49ec55020] Compiler: , Barriers: 0, Oops: 0, ImmediateOops: 0, NonImmediateOops: No
[1,571s][debug][gc,nmethod  ] Register NMethod: java.lang.PublicMethods$MethodList.merge (0x000072e47f773e88) [0x000072e47f773f80, 0x000072e47f775ea0] Compiler: c1, Barriers: 25, Oops: 0, ImmediateOops: 0, NonImmediateOops: No
[1,571s][debug][gc,nmethod  ] Register NMethod: java.lang.reflect.Method.getSharedExceptionTypes (0x000072e49ec55088) [0x000072e49ec55180, 0x000072e49ec55268] Compiler: c1, Barriers: 1, Oops: 0, ImmediateOops: 0, NonImmediateOops: No
[1,571s][debug][gc,nmethod  ] Register NMethod: java.lang.PublicMethods$MethodList.length (0x000072e47f775f08) [0x000072e47f776000, 0x000072e47f776208] Compiler: c1, Barriers: 2, Oops: 0, ImmediateOops: 0, NonImmediateOops: No
[1,571s][debug][gc,nmethod  ] Register NMethod: java.lang.PublicMethods$Key.<init> (0x000072e47f776288) [0x000072e47f776380, 0x000072e47f776900] Compiler: c1, Barriers: 8, Oops: 1, ImmediateOops: 2, NonImmediateOops: No
[1,571s][debug][gc,nmethod  ] Register NMethod: jdk.internal.classfile.impl.StackCounter.ensureLocalSlot (0x000072e47f776988) [0x000072e47f776a80, 0x000072e47f776bb0] Compiler: c1, Barriers: 0, Oops: 0, ImmediateOops: 0, NonImmediateOops: No
[1,571s][debug][gc,nmethod  ] Register NMethod: java.lang.PublicMethods.merge (0x000072e47f776c88) [0x000072e47f776d80, 0x000072e47f777e20] Compiler: c1, Barriers: 14, Oops: 1, ImmediateOops: 2, NonImmediateOops: No
[1,572s][debug][gc,nmethod  ] Register NMethod: java.nio.Buffer.position (0x000072e47f777e88) [0x000072e47f777f80, 0x000072e47f7781c0] Compiler: c1, Barriers: 0, Oops: 0, ImmediateOops: 0, NonImmediateOops: No
[1,572s][debug][gc,nmethod  ] Register NMethod: java.util.Collections$SingletonList.size (0x000072e49ec55388) [0x000072e49ec55480, 0x000072e49ec55540] Compiler: c1, Barriers: 0, Oops: 0, ImmediateOops: 0, NonImmediateOops: No
[1,572s][debug][gc,nmethod  ] Register NMethod: jdk.internal.classfile.impl.UnboundAttribute.writeTo (0x000072e47f778208) [0x000072e47f778300, 0x000072e47f778668] Compiler: c1, Barriers: 1, Oops: 0, ImmediateOops: 0, NonImmediateOops: No
[1,573s][debug][gc,nmethod  ] Register NMethod: java.lang.reflect.Method.isDefault (0x000072e47f778688) [0x000072e47f778780, 0x000072e47f778fa8] Compiler: c1, Barriers: 1, Oops: 0, ImmediateOops: 0, NonImmediateOops: No
[1,573s][debug][gc,nmethod  ] Register NMethod: org.junit.platform.commons.util.ReflectionUtils$$Lambda/0x00000000b31769a8.test (0x000072e47f779008) [0x000072e47f779100, 0x000072e47f779d58] Compiler: c1, Barriers: 1, Oops: 1, ImmediateOops: 0, NonImmediateOops: No
[1,573s][debug][gc,nmethod  ] Register NMethod: sun.reflect.generics.visitor.Reifier.getFactory (0x000072e49ec55688) [0x000072e49ec55780, 0x000072e49ec55868] Compiler: c1, Barriers: 1, Oops: 0, ImmediateOops: 0, NonImmediateOops: No
[1,573s][debug][gc,nmethod  ] Register NMethod: sun.reflect.generics.tree.ClassTypeSignature.getPath (0x000072e49ec55988) [0x000072e49ec55a80, 0x000072e49ec55b68] Compiler: c1, Barriers: 1, Oops: 0, ImmediateOops: 0, NonImmediateOops: No
[1,573s][debug][gc,nmethod  ] Register NMethod: sun.reflect.generics.tree.SimpleClassTypeSignature.getDollar (0x000072e49ec55c88) [0x000072e49ec55d80, 0x000072e49ec55e40] Compiler: c1, Barriers: 0, Oops: 0, ImmediateOops: 0, NonImmediateOops: No
[1,573s][debug][gc,nmethod  ] Register NMethod: sun.reflect.generics.tree.SimpleClassTypeSignature.getName (0x000072e49ec55f88) [0x000072e49ec56080, 0x000072e49ec56168] Compiler: c1, Barriers: 1, Oops: 0, ImmediateOops: 0, NonImmediateOops: No
[1,574s][debug][gc,nmethod  ] Register NMethod: java.lang.StringBuilder.toString (0x000072e49ec56288) [0x000072e49ec56380, 0x000072e49ec56788] Compiler: jvmci, Barriers: 3, Oops: 0, ImmediateOops: 1, NonImmediateOops: No
[1,574s][debug][gc,nmethod  ] Register NMethod: java.lang.Class.getInterfaces (0x000072e47f779d88) [0x000072e47f779e80, 0x000072e47f77a558] Compiler: c1, Barriers: 4, Oops: 0, ImmediateOops: 0, NonImmediateOops: No
[1,574s][debug][gc,nmethod  ] Register NMethod: jdk.internal.classfile.impl.AbstractPseudoInstruction$ExceptionCatchImpl.writeTo (0x000072e47f77a588) [0x000072e47f77a680, 0x000072e47f77a980] Compiler: c1, Barriers: 0, Oops: 0, ImmediateOops: 0, NonImmediateOops: No
[1,574s][debug][gc,nmethod  ] Register NMethod: jdk.internal.classfile.impl.AbstractPseudoInstruction.<init> (0x000072e47f77a988) [0x000072e47f77aa80, 0x000072e47f77ac38] Compiler: c1, Barriers: 0, Oops: 0, ImmediateOops: 0, NonImmediateOops: No
[1,574s][debug][gc,nmethod  ] Register NMethod: java.util.ArrayDeque.<init> (0x000072e47f77ac88) [0x000072e47f77ad80, 0x000072e47f77b040] Compiler: c1, Barriers: 3, Oops: 0, ImmediateOops: 0, NonImmediateOops: No
[1,574s][debug][gc,nmethod  ] Register NMethod: java.util.List.of (0x000072e47f77b088) [0x000072e47f77b180, 0x000072e47f77be88] Compiler: c1, Barriers: 15, Oops: 0, ImmediateOops: 2, NonImmediateOops: No
[1,574s][debug][gc,nmethod  ] Register NMethod: jdk.internal.classfile.impl.AbstractPseudoInstruction$ExceptionCatchImpl.<init> (0x000072e47f77bf08) [0x000072e47f77c000, 0x000072e47f77ce10] Compiler: c1, Barriers: 12, Oops: 0, ImmediateOops: 0, NonImmediateOops: No
[1,574s][debug][gc,nmethod  ] Register NMethod: jdk.internal.classfile.impl.BufWriterImpl.writeIndexOrZero (0x000072e47f77ce88) [0x000072e47f77cf80, 0x000072e47f77dc90] Compiler: c1, Barriers: 2, Oops: 0, ImmediateOops: 0, NonImmediateOops: No
[1,574s][debug][gc,nmethod  ] Register NMethod: java.lang.String.<init> (0x000072e49ec56808) [0x000072e49ec56900, 0x000072e49ec56ce0] Compiler: jvmci, Barriers: 4, Oops: 0, ImmediateOops: 0, NonImmediateOops: No
[1,574s][debug][gc,nmethod  ] Register NMethod: sun.reflect.generics.tree.SimpleClassTypeSignature.getTypeArguments (0x000072e49ec56d08) [0x000072e49ec56e00, 0x000072e49ec56ee8] Compiler: c1, Barriers: 1, Oops: 0, ImmediateOops: 0, NonImmediateOops: No
[1,574s][debug][gc,nmethod  ] Register NMethod: jdk.internal.classfile.impl.DirectCodeBuilder.addHandler (0x000072e47f77dd08) [0x000072e47f77de00, 0x000072e47f77fa08] Compiler: c1, Barriers: 9, Oops: 0, ImmediateOops: 0, NonImmediateOops: No
[1,574s][debug][gc,nmethod  ] Register NMethod: java.lang.Class.forName (0x000072e47f77fa88) [0x000072e47f77fb80, 0x000072e47f77fca0] Compiler: c1, Barriers: 0, Oops: 0, ImmediateOops: 0, NonImmediateOops: No
[1,575s][debug][gc,nmethod  ] Register NMethod: java.lang.classfile.Attributes.stackMapTable (0x000072e47f77fd88) [0x000072e47f77fe80, 0x000072e47f77ff68] Compiler: c1, Barriers: 0, Oops: 0, ImmediateOops: 1, NonImmediateOops: No
[1,575s][debug][gc,nmethod  ] Register NMethod: sun.reflect.generics.parser.SignatureParser.current (0x000072e49ec57008) [0x000072e49ec57100, 0x000072e49ec572c8] Compiler: jvmci, Barriers: 2, Oops: 0, ImmediateOops: 0, NonImmediateOops: No
[1,575s][debug][gc,nmethod  ] Register NMethod: java.lang.classfile.constantpool.LoadableConstantEntry.typeKind (0x000072e47f780088) [0x000072e47f780180, 0x000072e47f780288] Compiler: c1, Barriers: 0, Oops: 0, ImmediateOops: 1, NonImmediateOops: No
[1,575s][debug][gc,nmethod  ] Register NMethod: jdk.internal.classfile.impl.BytecodeHelpers.ldcOpcode (0x000072e47f780388) [0x000072e47f780480, 0x000072e47f780c30] Compiler: c1, Barriers: 0, Oops: 0, ImmediateOops: 3, NonImmediateOops: No
[1,575s][debug][gc,nmethod  ] Register NMethod: jdk.internal.classfile.impl.DirectCodeBuilder.ldc (0x000072e47f780c88) [0x000072e47f780d80, 0x000072e47f781c38] Compiler: c1, Barriers: 2, Oops: 0, ImmediateOops: 0, NonImmediateOops: No
[1,575s][debug][gc,nmethod  ] Register NMethod: jdk.internal.classfile.impl.DirectCodeBuilder.writeDirectLoadConstant (0x000072e47f781c88) [0x000072e47f781d80, 0x000072e47f782e98] Compiler: c1, Barriers: 4, Oops: 0, ImmediateOops: 0, NonImmediateOops: No
[1,575s][debug][gc,nmethod  ] Register NMethod: jdk.internal.constant.ConstantUtils.referenceClassDesc (0x000072e47f782f08) [0x000072e47f783000, 0x000072e47f783c40] Compiler: c1, Barriers: 2, Oops: 1, ImmediateOops: 2, NonImmediateOops: No
[1,576s][debug][gc,nmethod  ] Register NMethod: java.lang.reflect.Method.getRoot (0x000072e47f783c88) [0x000072e47f783d80, 0x000072e47f784080] Compiler: c1, Barriers: 1, Oops: 0, ImmediateOops: 0, NonImmediateOops: No
[1,577s][debug][gc,nmethod  ] Register NMethod: java.util.stream.StreamOpFlag.isKnown (0x000072e47f784088) [0x000072e47f784180, 0x000072e47f7842d8] Compiler: c1, Barriers: 0, Oops: 0, ImmediateOops: 0, NonImmediateOops: No
[1,578s][debug][gc,nmethod  ] Register NMethod: jdk.internal.classfile.impl.AbstractPoolEntry.maybeClone (0x000072e49ec57308) [0x000072e49ec57400, 0x000072e49ec577f0] Compiler: jvmci, Barriers: 5, Oops: 0, ImmediateOops: 0, NonImmediateOops: No
[1,579s][debug][gc,director ] Rule Major: Warmup 10%, Used: 82MB, UsedThreshold: 1228MB
[1,580s][debug][gc,nmethod  ] Register NMethod: jdk.internal.classfile.impl.StackCounter.<init> (0x000072e47f784388) [0x000072e47f784480, 0x000072e47f79ae50] Compiler: c1, Barriers: 95, Oops: 2, ImmediateOops: 18, NonImmediateOops: No
[1,580s][debug][gc,nmethod  ] Register NMethod: java.lang.invoke.LambdaForm$MH/0x00000000b3084400.invoke (0x000072e47f79ae88) [0x000072e47f79af80, 0x000072e47f79b6f0] Compiler: c1, Barriers: 2, Oops: 1, ImmediateOops: 0, NonImmediateOops: No
[1,580s][debug][gc,nmethod  ] Register NMethod: java.lang.invoke.DirectMethodHandle$Holder.invokeSpecial (0x000072e47f79b708) [0x000072e47f79b800, 0x000072e47f79bbc8] Compiler: c1, Barriers: 1, Oops: 0, ImmediateOops: 0, NonImmediateOops: No
[1,581s][debug][gc,nmethod  ] Register NMethod: jdk.internal.classfile.impl.SplitConstantPool.tryFindUtf8 (0x000072e49ec57808) [0x000072e49ec57920, 0x000072e49ec58228] Compiler: jvmci, Barriers: 12, Oops: 0, ImmediateOops: 2, NonImmediateOops: No
[1,581s][debug][gc,nmethod  ] Register NMethod: jdk.internal.classfile.impl.StackCounter.maxStack (0x000072e49ec58288) [0x000072e49ec58380, 0x000072e49ec58440] Compiler: c1, Barriers: 0, Oops: 0, ImmediateOops: 0, NonImmediateOops: No
[1,581s][debug][gc,nmethod  ] Register NMethod: jdk.internal.classfile.impl.StackCounter.maxLocals (0x000072e49ec58588) [0x000072e49ec58680, 0x000072e49ec58740] Compiler: c1, Barriers: 0, Oops: 0, ImmediateOops: 0, NonImmediateOops: No
[1,585s][debug][gc,nmethod  ] Register NMethod: java.lang.invoke.DirectMethodHandle$Constructor.<init> (0x000072e47f79bc08) [0x000072e47f79bd00, 0x000072e47f79bf50] Compiler: c1, Barriers: 6, Oops: 0, ImmediateOops: 0, NonImmediateOops: No
[1,585s][debug][gc,nmethod  ] Register NMethod: jdk.internal.classfile.impl.DirectClassBuilder.with (0x000072e47f79bf88) [0x000072e47f79c080, 0x000072e47f79ce60] Compiler: c1, Barriers: 2, Oops: 0, ImmediateOops: 0, NonImmediateOops: No
[1,585s][debug][gc,nmethod  ] Register NMethod: jdk.internal.classfile.impl.DirectClassBuilder.with (0x000072e47f79ce88) [0x000072e47f79cf80, 0x000072e47f79e1a0] Compiler: c1, Barriers: 2, Oops: 0, ImmediateOops: 0, NonImmediateOops: No
[1,585s][debug][gc,nmethod  ] Register NMethod: java.lang.invoke.MethodHandle.keepsAlive (0x000072e47f79e208) [0x000072e47f79e300, 0x000072e47f79ef00] Compiler: c1, Barriers: 2, Oops: 0, ImmediateOops: 6, NonImmediateOops: No
[1,587s][debug][gc,nmethod  ] Register NMethod: java.lang.invoke.TypeConvertingMethodAdapter.convertType (0x000072e47f79ef08) [0x000072e47f79f000, 0x000072e47f7a74e8] Compiler: c1, Barriers: 12, Oops: 3, ImmediateOops: 31, NonImmediateOops: No
[1,588s][debug][gc,nmethod  ] Register NMethod: java.lang.ClassLoader.getUnnamedModule (0x000072e49ec58888) [0x000072e49ec58980, 0x000072e49ec58a68] Compiler: c1, Barriers: 1, Oops: 0, ImmediateOops: 0, NonImmediateOops: No
[1,588s][debug][gc,nmethod  ] Register NMethod: java.lang.invoke.MethodHandle.linkToSpecial (0x000072e49ec58b88) [0x000072e49ec58c80, 0x000072e49ec58d78] Compiler: , Barriers: 0, Oops: 0, ImmediateOops: 0, NonImmediateOops: No
[1,589s][debug][gc,nmethod  ] Register NMethod: org.junit.platform.commons.util.Preconditions.condition (0x000072e47f7a7508) [0x000072e47f7a7600, 0x000072e47f7a77e0] Compiler: c1, Barriers: 0, Oops: 1, ImmediateOops: 0, NonImmediateOops: No
[1,589s][debug][gc,director ] Rule Major: Warmup 10%, Used: 84MB, UsedThreshold: 1228MB
[1,589s][debug][gc,nmethod  ] Register NMethod: sun.invoke.util.VerifyAccess.ensureTypeVisible (0x000072e47f7a7808) [0x000072e47f7a7900, 0x000072e47f7a82d0] Compiler: c1, Barriers: 4, Oops: 0, ImmediateOops: 0, NonImmediateOops: No
[1,589s][debug][gc,nmethod  ] Register NMethod: java.lang.classfile.CodeBuilder.invoke (0x000072e47f7a8308) [0x000072e47f7a8400, 0x000072e47f7a8b98] Compiler: c1, Barriers: 2, Oops: 0, ImmediateOops: 0, NonImmediateOops: No
[1,589s][debug][gc,nmethod  ] Register NMethod: java.lang.invoke.MemberName.isMethod (0x000072e47f7a8c08) [0x000072e47f7a8d00, 0x000072e47f7a8eb8] Compiler: c1, Barriers: 0, Oops: 0, ImmediateOops: 0, NonImmediateOops: No
[1,590s][debug][gc,nmethod  ] Register NMethod: jdk.internal.classfile.impl.DirectCodeBuilder.invoke (0x000072e47f7a8f08) [0x000072e47f7a9000, 0x000072e47f7abe48] Compiler: c1, Barriers: 7, Oops: 0, ImmediateOops: 1, NonImmediateOops: No
[1,590s][debug][gc,nmethod  ] Register NMethod: jdk.internal.loader.ClassLoaders$AppClassLoader.defineOrCheckPackage (0x000072e47f7abe88) [0x000072e47f7abf80, 0x000072e47f7ac0b0] Compiler: c1, Barriers: 0, Oops: 0, ImmediateOops: 0, NonImmediateOops: No
[1,591s][debug][gc,nmethod  ] Register NMethod: java.util.regex.Pattern.peek (0x000072e47f7ac188) [0x000072e47f7ac280, 0x000072e47f7ac500] Compiler: c1, Barriers: 1, Oops: 0, ImmediateOops: 0, NonImmediateOops: No
[1,591s][debug][gc,nmethod  ] Register NMethod: jdk.internal.loader.BuiltinClassLoader.defineOrCheckPackage (0x000072e47f7ac508) [0x000072e47f7ac600, 0x000072e47f7ad738] Compiler: c1, Barriers: 0, Oops: 1, ImmediateOops: 2, NonImmediateOops: No
[1,591s][debug][gc,nmethod  ] Register NMethod: jdk.internal.loader.BuiltinClassLoader.getAndVerifyPackage (0x000072e47f7ad788) [0x000072e47f7ad880, 0x000072e47f7b03d8] Compiler: c1, Barriers: 4, Oops: 4, ImmediateOops: 6, NonImmediateOops: No
[1,591s][debug][gc,nmethod  ] Register NMethod: jdk.internal.loader.BuiltinClassLoader.defineClass (0x000072e47f7b0408) [0x000072e47f7b0500, 0x000072e47f7b3408] Compiler: c1, Barriers: 6, Oops: 0, ImmediateOops: 0, NonImmediateOops: No
[1,592s][debug][gc,nmethod  ] Register NMethod: java.util.stream.ReduceOps$3ReducingSink.accept (0x000072e47f7b3488) [0x000072e47f7b3580, 0x000072e47f7b38f8] Compiler: c1, Barriers: 2, Oops: 0, ImmediateOops: 0, NonImmediateOops: No
[1,592s][debug][gc,nmethod  ] Register NMethod: org.junit.platform.commons.util.Preconditions.notNull (0x000072e47f7b3908) [0x000072e47f7b3a00, 0x000072e47f7b3c90] Compiler: c1, Barriers: 0, Oops: 1, ImmediateOops: 0, NonImmediateOops: No
[1,593s][debug][gc,nmethod  ] Register NMethod: java.lang.reflect.ProxyGenerator$ProxyMethod.parameterTypes (0x000072e47f7b3d08) [0x000072e47f7b3e00, 0x000072e47f7b4140] Compiler: c1, Barriers: 2, Oops: 0, ImmediateOops: 0, NonImmediateOops: No
[1,593s][debug][gc,nmethod  ] Register NMethod: java.util.HashMap.<init> (0x000072e47f7b4188) [0x000072e47f7b4280, 0x000072e47f7b5ec8] Compiler: c1, Barriers: 0, Oops: 2, ImmediateOops: 4, NonImmediateOops: No
[1,593s][debug][gc,nmethod  ] Register NMethod: java.lang.CharSequence.isEmpty (0x000072e47f7b5f08) [0x000072e47f7b6000, 0x000072e47f7b6348] Compiler: c1, Barriers: 0, Oops: 0, ImmediateOops: 0, NonImmediateOops: No
[1,594s][debug][gc,nmethod  ] Register NMethod: java.util.List.of (0x000072e47f7b6388) [0x000072e47f7b6480, 0x000072e47f7b6568] Compiler: c1, Barriers: 0, Oops: 0, ImmediateOops: 1, NonImmediateOops: No
[1,594s][debug][gc,nmethod  ] Register NMethod: jdk.internal.classfile.impl.DirectCodeBuilder.labelBinding (0x000072e47f7b6688) [0x000072e47f7b6780, 0x000072e47f7b6eb0] Compiler: c1, Barriers: 1, Oops: 0, ImmediateOops: 0, NonImmediateOops: No
[1,594s][debug][gc,nmethod  ] Register NMethod: jdk.internal.classfile.impl.DirectCodeBuilder.newLabel (0x000072e47f7b6f08) [0x000072e47f7b7000, 0x000072e47f7b72e8] Compiler: c1, Barriers: 3, Oops: 0, ImmediateOops: 0, NonImmediateOops: No
[1,594s][debug][gc,nmethod  ] Register NMethod: jdk.internal.classfile.impl.BufWriterImpl.labelContext (0x000072e49ec58e88) [0x000072e49ec58f80, 0x000072e49ec59068] Compiler: c1, Barriers: 1, Oops: 0, ImmediateOops: 0, NonImmediateOops: No
[1,594s][debug][gc,nmethod  ] Register NMethod: jdk.internal.classfile.impl.DirectCodeBuilder.methodInfo (0x000072e49ec59188) [0x000072e49ec59280, 0x000072e49ec59368] Compiler: c1, Barriers: 1, Oops: 0, ImmediateOops: 0, NonImmediateOops: No
[1,594s][debug][gc,nmethod  ] Register NMethod: java.util.List.of (0x000072e47f7b7308) [0x000072e47f7b7400, 0x000072e47f7b7950] Compiler: c1, Barriers: 6, Oops: 0, ImmediateOops: 1, NonImmediateOops: No
[1,594s][debug][gc,nmethod  ] Register NMethod: java.util.LinkedHashMap.newNode (0x000072e47f7b7988) [0x000072e47f7b7a80, 0x000072e47f7b7c68] Compiler: c1, Barriers: 0, Oops: 0, ImmediateOops: 0, NonImmediateOops: No
[1,594s][debug][gc,nmethod  ] Register NMethod: java.lang.System$1.getAnnotationType (0x000072e47f7b7c88) [0x000072e47f7b7d80, 0x000072e47f7b8090] Compiler: c1, Barriers: 1, Oops: 0, ImmediateOops: 0, NonImmediateOops: No
[1,594s][debug][gc,nmethod  ] Register NMethod: java.lang.reflect.Method.getParameterCount (0x000072e47f7b8108) [0x000072e47f7b8200, 0x000072e47f7b8338] Compiler: c1, Barriers: 1, Oops: 0, ImmediateOops: 0, NonImmediateOops: No
[1,594s][debug][gc,nmethod  ] Register NMethod: sun.reflect.annotation.AnnotationType.getInstance (0x000072e47f7b8408) [0x000072e47f7b8500, 0x000072e47f7b9010] Compiler: c1, Barriers: 3, Oops: 0, ImmediateOops: 1, NonImmediateOops: No
[1,595s][debug][gc,nmethod  ] Register NMethod: jdk.internal.classfile.impl.DirectCodeBuilder.invokevirtual (0x000072e47f7b9088) [0x000072e47f7b9180, 0x000072e47f7b98d0] Compiler: c1, Barriers: 1, Oops: 0, ImmediateOops: 0, NonImmediateOops: No
[1,595s][debug][gc,nmethod  ] Register NMethod: jdk.internal.util.DecimalDigits.uncheckedPutCharLatin1 (0x000072e47f7b9908) [0x000072e47f7b9a00, 0x000072e47f7b9b00] Compiler: c1, Barriers: 0, Oops: 0, ImmediateOops: 0, NonImmediateOops: No
[1,595s][debug][gc,nmethod  ] Register NMethod: jdk.internal.util.DecimalDigits.stringSize (0x000072e47f7b9c08) [0x000072e47f7b9d00, 0x000072e47f7b9f28] Compiler: c1, Barriers: 0, Oops: 0, ImmediateOops: 0, NonImmediateOops: No
[1,595s][debug][gc,nmethod  ] Register NMethod: jdk.internal.classfile.impl.DirectCodeBuilder.athrow (0x000072e47f7b9f88) [0x000072e47f7ba080, 0x000072e47f7ba3c8] Compiler: c1, Barriers: 1, Oops: 0, ImmediateOops: 0, NonImmediateOops: No
[1,595s][debug][gc,nmethod  ] Register NMethod: java.lang.Module.allows (0x000072e47f7ba408) [0x000072e47f7ba500, 0x000072e47f7bb068] Compiler: c1, Barriers: 1, Oops: 0, ImmediateOops: 3, NonImmediateOops: No
[1,595s][debug][gc,nmethod  ] Register NMethod: java.lang.classfile.attribute.StackMapFrameInfo.of (0x000072e47f7bb088) [0x000072e47f7bb180, 0x000072e47f7bb318] Compiler: c1, Barriers: 0, Oops: 0, ImmediateOops: 0, NonImmediateOops: No
[1,596s][debug][gc,nmethod  ] Register NMethod: java.lang.classfile.CodeBuilder.newBoundLabel (0x000072e47f7bb388) [0x000072e47f7bb480, 0x000072e47f7bbed8] Compiler: c1, Barriers: 4, Oops: 0, ImmediateOops: 0, NonImmediateOops: No
[1,596s][debug][gc,nmethod  ] Register NMethod: jdk.internal.classfile.impl.StackMapDecoder$StackMapFrameImpl.<init> (0x000072e47f7bbf08) [0x000072e47f7bc000, 0x000072e47f7bc5a0] Compiler: c1, Barriers: 9, Oops: 0, ImmediateOops: 0, NonImmediateOops: No
[1,596s][debug][gc,nmethod  ] Register NMethod: java.lang.invoke.Invokers.maybeCustomize (0x000072e47f7bc608) [0x000072e47f7bc700, 0x000072e47f7bc9d8] Compiler: c1, Barriers: 0, Oops: 0, ImmediateOops: 0, NonImmediateOops: No
[1,596s][debug][gc,nmethod  ] Register NMethod: java.lang.invoke.Invokers.checkCustomized (0x000072e47f7bca08) [0x000072e47f7bcb00, 0x000072e47f7bcd20] Compiler: c1, Barriers: 2, Oops: 0, ImmediateOops: 0, NonImmediateOops: No
[1,596s][debug][gc,nmethod  ] Register NMethod: java.lang.invoke.MethodHandle.maybeCustomize (0x000072e47f7bcd88) [0x000072e47f7bce80, 0x000072e47f7bd518] Compiler: c1, Barriers: 2, Oops: 0, ImmediateOops: 0, NonImmediateOops: No
[1,596s][debug][gc,nmethod  ] Register NMethod: jdk.internal.classfile.impl.DirectCodeBuilder.return_ (0x000072e47f7bd588) [0x000072e47f7bd680, 0x000072e47f7bd9c8] Compiler: c1, Barriers: 1, Oops: 0, ImmediateOops: 0, NonImmediateOops: No
[1,596s][debug][gc,nmethod  ] Register NMethod: jdk.internal.classfile.impl.StackMapDecoder.writeFrame (0x000072e47f7bda08) [0x000072e47f7bdb00, 0x000072e47f7c2610] Compiler: c1, Barriers: 15, Oops: 0, ImmediateOops: 1, NonImmediateOops: No
[1,597s][debug][gc,nmethod  ] Register NMethod: jdk.internal.classfile.impl.StackMapDecoder.writeTypeInfo (0x000072e47f7c2688) [0x000072e47f7c2780, 0x000072e47f7c6898] Compiler: c1, Barriers: 3, Oops: 2, ImmediateOops: 5, NonImmediateOops: No
[1,597s][debug][gc,nmethod  ] Register NMethod: jdk.internal.loader.BuiltinClassLoader.findClassOnClassPathOrNull (0x000072e47f7c6908) [0x000072e47f7c6a00, 0x000072e47f7c91c0] Compiler: c1, Barriers: 6, Oops: 1, ImmediateOops: 8, NonImmediateOops: No
[1,599s][debug][gc,director ] Rule Major: Warmup 10%, Used: 84MB, UsedThreshold: 1228MB
[1,600s][debug][gc,nmethod  ] Register NMethod: java.util.LinkedHashMap.get (0x000072e47f7c9208) [0x000072e47f7c9300, 0x000072e47f7c98c0] Compiler: c1, Barriers: 1, Oops: 0, ImmediateOops: 0, NonImmediateOops: No
[1,600s][debug][gc,nmethod  ] Register NMethod: java.util.logging.LogManager.getProperty (0x000072e47f7c9908) [0x000072e47f7c9a00, 0x000072e47f7c9d40] Compiler: c1, Barriers: 1, Oops: 0, ImmediateOops: 0, NonImmediateOops: No
[1,600s][debug][gc,nmethod  ] Register NMethod: java.lang.String.substring (0x000072e47f7c9d88) [0x000072e47f7c9e80, 0x000072e47f7ca618] Compiler: c1, Barriers: 1, Oops: 0, ImmediateOops: 0, NonImmediateOops: No
[1,601s][debug][gc,nmethod  ] Register NMethod: java.util.jar.JarFile.getJarEntry (0x000072e49ec59488) [0x000072e49ec59580, 0x000072e49ec5ab98] Compiler: jvmci, Barriers: 14, Oops: 2, ImmediateOops: 8, NonImmediateOops: No
[1,601s][debug][gc,nmethod  ] Register NMethod: java.util.jar.JarFile.getEntry (0x000072e49ec5ac08) [0x000072e49ec5ad00, 0x000072e49ec5c1a0] Compiler: jvmci, Barriers: 14, Oops: 2, ImmediateOops: 8, NonImmediateOops: No
[1,602s][debug][gc,nmethod  ] Register NMethod: sun.reflect.annotation.AnnotationType.memberDefaults (0x000072e49ec5c208) [0x000072e49ec5c300, 0x000072e49ec5c3e8] Compiler: c1, Barriers: 1, Oops: 0, ImmediateOops: 0, NonImmediateOops: No
[1,602s][debug][gc,nmethod  ] Register NMethod: sun.reflect.annotation.AnnotationType.memberTypes (0x000072e49ec5c508) [0x000072e49ec5c600, 0x000072e49ec5c6e8] Compiler: c1, Barriers: 1, Oops: 0, ImmediateOops: 0, NonImmediateOops: No
[1,602s][debug][gc,nmethod  ] Register NMethod: sun.reflect.annotation.AnnotationType.retention (0x000072e49ec5c808) [0x000072e49ec5c900, 0x000072e49ec5c9e8] Compiler: c1, Barriers: 1, Oops: 0, ImmediateOops: 0, NonImmediateOops: No
[1,602s][debug][gc,nmethod  ] Register NMethod: java.lang.invoke.Invokers.checkExactType (0x000072e47f7ca688) [0x000072e47f7ca780, 0x000072e47f7caae0] Compiler: c1, Barriers: 1, Oops: 0, ImmediateOops: 0, NonImmediateOops: No
[1,602s][debug][gc,nmethod  ] Register NMethod: java.util.ImmutableCollections$ListN.size (0x000072e49ec5cb08) [0x000072e49ec5cc00, 0x000072e49ec5cce0] Compiler: jvmci, Barriers: 1, Oops: 0, ImmediateOops: 0, NonImmediateOops: No
[1,604s][debug][gc,nmethod  ] Register NMethod: java.lang.Class.getDeclaredMethods0 (0x000072e49ec5ce08) [0x000072e49ec5cf00, 0x000072e49ec5d220] Compiler: , Barriers: 0, Oops: 0, ImmediateOops: 0, NonImmediateOops: No
[1,604s][debug][gc,nmethod  ] Register NMethod: java.lang.classfile.CodeBuilder.exceptionCatch (0x000072e47f7cab08) [0x000072e47f7cac00, 0x000072e47f7cb1d8] Compiler: c1, Barriers: 1, Oops: 0, ImmediateOops: 0, NonImmediateOops: No
[1,604s][debug][gc,nmethod  ] Register NMethod: java.lang.classfile.instruction.ExceptionCatch.of (0x000072e47f7cb208) [0x000072e47f7cb300, 0x000072e47f7cb960] Compiler: c1, Barriers: 1, Oops: 0, ImmediateOops: 0, NonImmediateOops: No
[1,604s][debug][gc,nmethod  ] Register NMethod: java.lang.classfile.CodeBuilder.exceptionCatch (0x000072e47f7cb988) [0x000072e47f7cba80, 0x000072e47f7cc4c8] Compiler: c1, Barriers: 3, Oops: 0, ImmediateOops: 1, NonImmediateOops: No
[1,604s][debug][gc,nmethod  ] Register NMethod: jdk.internal.classfile.impl.UnboundAttribute$UnboundExceptionsAttribute.exceptions (0x000072e49ec5d288) [0x000072e49ec5d380, 0x000072e49ec5d468] Compiler: c1, Barriers: 1, Oops: 0, ImmediateOops: 0, NonImmediateOops: No
[1,605s][debug][gc,nmethod  ] Register NMethod: java.util.ImmutableCollections$AbstractImmutableList.equals (0x000072e47f7cc508) [0x000072e47f7cc600, 0x000072e47f7cdca0] Compiler: c1, Barriers: 0, Oops: 0, ImmediateOops: 0, NonImmediateOops: No
[1,605s][debug][gc,nmethod  ] Register NMethod: java.lang.ref.SoftReference.<init> (0x000072e47f7cdd08) [0x000072e47f7cde00, 0x000072e47f7ce148] Compiler: c1, Barriers: 6, Oops: 0, ImmediateOops: 2, NonImmediateOops: No
[1,606s][debug][gc,nmethod  ] Register NMethod: java.util.HashMap.calculateHashMapCapacity (0x000072e47f7ce188) [0x000072e47f7ce2a0, 0x000072e47f7ce438] Compiler: c1, Barriers: 0, Oops: 0, ImmediateOops: 0, NonImmediateOops: No
[1,606s][debug][gc,nmethod  ] Register NMethod: java.util.LinkedHashMap.afterNodeInsertion (0x000072e47f7ce488) [0x000072e47f7ce580, 0x000072e47f7cee60] Compiler: c1, Barriers: 2, Oops: 0, ImmediateOops: 0, NonImmediateOops: No
[1,607s][debug][gc,nmethod  ] Register NMethod: jdk.internal.reflect.ConstantPool.getIntAt0 (0x000072e49ec5d588) [0x000072e49ec5d680, 0x000072e49ec5d7e8] Compiler: , Barriers: 0, Oops: 0, ImmediateOops: 0, NonImmediateOops: No
[1,607s][debug][gc,nmethod  ] Register NMethod: jdk.internal.loader.URLClassPath$JarLoader.getResource (0x000072e49ec5d888) [0x000072e49ec5d980, 0x000072e49ec5f098] Compiler: jvmci, Barriers: 19, Oops: 2, ImmediateOops: 8, NonImmediateOops: No
[1,607s][debug][gc,nmethod  ] Register NMethod: java.lang.StringBuilder.append (0x000072e47f7cee88) [0x000072e47f7cef80, 0x000072e47f7cf2e0] Compiler: c1, Barriers: 0, Oops: 0, ImmediateOops: 0, NonImmediateOops: No
[1,607s][debug][gc,nmethod  ] Register NMethod: jdk.internal.loader.AbstractClassLoaderValue.map (0x000072e47f7cf308) [0x000072e47f7cf400, 0x000072e47f7cf7f8] Compiler: c1, Barriers: 0, Oops: 0, ImmediateOops: 2, NonImmediateOops: No
[1,607s][debug][gc,nmethod  ] Register NMethod: java.lang.Class.getInterfaces (0x000072e47f7cf808) [0x000072e47f7cf900, 0x000072e47f7cfa38] Compiler: c1, Barriers: 0, Oops: 0, ImmediateOops: 0, NonImmediateOops: No
[1,607s][debug][gc,nmethod  ] Register NMethod: java.util.jar.JarFile.checkForSpecialAttributes (0x000072e49ec5f108) [0x000072e49ec5f200, 0x000072e49ec5fb58] Compiler: jvmci, Barriers: 7, Oops: 2, ImmediateOops: 8, NonImmediateOops: No
[1,607s][debug][gc,nmethod  ] Register NMethod: sun.reflect.generics.parser.SignatureParser.mark (0x000072e47f7cfb08) [0x000072e47f7cfc00, 0x000072e47f7cfd08] Compiler: c1, Barriers: 0, Oops: 0, ImmediateOops: 0, NonImmediateOops: No
[1,608s][debug][gc,nmethod  ] Register NMethod: sun.reflect.annotation.AnnotationInvocationHandler.invoke (0x000072e47f7cfe08) [0x000072e47f7cff00, 0x000072e47f7d2190] Compiler: c1, Barriers: 10, Oops: 0, ImmediateOops: 7, NonImmediateOops: No
[1,608s][debug][gc,nmethod  ] Register NMethod: sun.reflect.generics.parser.SignatureParser.markToCurrent (0x000072e47f7d2208) [0x000072e47f7d2300, 0x000072e47f7d2638] Compiler: c1, Barriers: 1, Oops: 0, ImmediateOops: 0, NonImmediateOops: No
[1,608s][debug][gc,nmethod  ] Register NMethod: sun.reflect.generics.tree.SimpleClassTypeSignature.make (0x000072e47f7d2688) [0x000072e47f7d2780, 0x000072e47f7d2a70] Compiler: c1, Barriers: 6, Oops: 0, ImmediateOops: 0, NonImmediateOops: No
[1,608s][debug][gc,nmethod  ] Register NMethod: sun.reflect.generics.parser.SignatureParser.advance (0x000072e49ec5fb88) [0x000072e49ec5fc80, 0x000072e49ec5fdf8] Compiler: jvmci, Barriers: 2, Oops: 0, ImmediateOops: 0, NonImmediateOops: No
[1,608s][debug][gc,nmethod  ] Register NMethod: java.lang.CharacterData.of (0x000072e49ec5fe88) [0x000072e49ec5ff80, 0x000072e49ec60068] Compiler: jvmci, Barriers: 0, Oops: 0, ImmediateOops: 2, NonImmediateOops: No
[1,608s][debug][gc,nmethod  ] Register NMethod: sun.reflect.generics.tree.SimpleClassTypeSignature.<init> (0x000072e47f7d2a88) [0x000072e47f7d2b80, 0x000072e47f7d2dd0] Compiler: c1, Barriers: 6, Oops: 0, ImmediateOops: 0, NonImmediateOops: No
[1,608s][debug][gc,nmethod  ] Register NMethod: sun.reflect.generics.tree.ClassTypeSignature.<init> (0x000072e47f7d2e08) [0x000072e47f7d2f00, 0x000072e47f7d30d0] Compiler: c1, Barriers: 3, Oops: 0, ImmediateOops: 0, NonImmediateOops: No
[1,608s][debug][gc,nmethod  ] Register NMethod: sun.reflect.generics.tree.ClassTypeSignature.make (0x000072e47f7d3108) [0x000072e47f7d3200, 0x000072e47f7d3468] Compiler: c1, Barriers: 3, Oops: 0, ImmediateOops: 0, NonImmediateOops: No
[1,608s][debug][gc,nmethod  ] Register NMethod: sun.reflect.generics.parser.SignatureParser.<init> (0x000072e47f7d3488) [0x000072e47f7d3580, 0x000072e47f7d36d8] Compiler: c1, Barriers: 0, Oops: 0, ImmediateOops: 0, NonImmediateOops: No
[1,608s][debug][gc,nmethod  ] Register NMethod: sun.reflect.generics.parser.SignatureParser.parseClassTypeSignatureSuffix (0x000072e47f7d3788) [0x000072e47f7d3880, 0x000072e47f7d3cf0] Compiler: c1, Barriers: 0, Oops: 0, ImmediateOops: 0, NonImmediateOops: No
[1,608s][debug][gc,nmethod  ] Register NMethod: sun.reflect.generics.parser.SignatureParser.make (0x000072e47f7d3d08) [0x000072e47f7d3e00, 0x000072e47f7d3ff0] Compiler: c1, Barriers: 0, Oops: 0, ImmediateOops: 0, NonImmediateOops: No
[1,608s][debug][gc,nmethod  ] Register NMethod: sun.reflect.generics.parser.SignatureParser.parseFieldTypeSignature (0x000072e47f7d4008) [0x000072e47f7d4100, 0x000072e47f7d4238] Compiler: c1, Barriers: 0, Oops: 0, ImmediateOops: 0, NonImmediateOops: No
[1,608s][debug][gc,nmethod  ] Register NMethod: java.util.jar.JarFile.isMultiRelease (0x000072e49ec60188) [0x000072e49ec60280, 0x000072e49ec60c20] Compiler: jvmci, Barriers: 7, Oops: 2, ImmediateOops: 8, NonImmediateOops: No
[1,608s][debug][gc,nmethod  ] Register NMethod: sun.reflect.generics.parser.SignatureParser.init (0x000072e47f7d4308) [0x000072e47f7d4400, 0x000072e47f7d4580] Compiler: c1, Barriers: 3, Oops: 0, ImmediateOops: 0, NonImmediateOops: No
[1,608s][debug][gc,nmethod  ] Register NMethod: sun.reflect.generics.scope.AbstractScope.<init> (0x000072e47f7d4608) [0x000072e47f7d4700, 0x000072e47f7d48d0] Compiler: c1, Barriers: 3, Oops: 0, ImmediateOops: 0, NonImmediateOops: No
[1,608s][debug][gc,nmethod  ] Register NMethod: java.util.LinkedHashMap$LinkedEntryIterator.next (0x000072e47f7d4908) [0x000072e47f7d4a00, 0x000072e47f7d4f10] Compiler: c1, Barriers: 0, Oops: 0, ImmediateOops: 0, NonImmediateOops: No
[1,608s][debug][gc,nmethod  ] Register NMethod: sun.reflect.generics.factory.CoreReflectionFactory.make (0x000072e47f7d4f88) [0x000072e47f7d5080, 0x000072e47f7d5360] Compiler: c1, Barriers: 6, Oops: 0, ImmediateOops: 0, NonImmediateOops: No
[1,608s][debug][gc,nmethod  ] Register NMethod: java.util.LinkedHashMap$LinkedEntryIterator.next (0x000072e47f7d5388) [0x000072e47f7d5480, 0x000072e47f7d5778] Compiler: c1, Barriers: 0, Oops: 0, ImmediateOops: 0, NonImmediateOops: No
[1,608s][debug][gc,nmethod  ] Register NMethod: sun.reflect.generics.parser.SignatureParser.parseFieldTypeSignature (0x000072e47f7d5788) [0x000072e47f7d5880, 0x000072e47f7d5d40] Compiler: c1, Barriers: 0, Oops: 0, ImmediateOops: 3, NonImmediateOops: No
[1,608s][debug][gc,nmethod  ] Register NMethod: sun.reflect.generics.parser.SignatureParser.parsePackageNameAndSimpleClassTypeSignature (0x000072e47f7d5d88) [0x000072e47f7d5e80, 0x000072e47f7d7370] Compiler: c1, Barriers: 1, Oops: 1, ImmediateOops: 2, NonImmediateOops: No
[1,608s][debug][gc,nmethod  ] Register NMethod: sun.reflect.generics.factory.CoreReflectionFactory.<init> (0x000072e47f7d7388) [0x000072e47f7d7480, 0x000072e47f7d76c8] Compiler: c1, Barriers: 6, Oops: 0, ImmediateOops: 0, NonImmediateOops: No
[1,609s][debug][gc,nmethod  ] Register NMethod: sun.reflect.generics.visitor.Reifier.make (0x000072e47f7d7708) [0x000072e47f7d7800, 0x000072e47f7d7a68] Compiler: c1, Barriers: 3, Oops: 0, ImmediateOops: 0, NonImmediateOops: No
[1,609s][debug][gc,nmethod  ] Register NMethod: sun.reflect.generics.visitor.Reifier.<init> (0x000072e47f7d7a88) [0x000072e47f7d7b80, 0x000072e47f7d7d50] Compiler: c1, Barriers: 3, Oops: 0, ImmediateOops: 0, NonImmediateOops: No
[1,609s][debug][gc,nmethod  ] Register NMethod: jdk.internal.loader.AbstractClassLoaderValue.extractValue (0x000072e47f7d7d88) [0x000072e47f7d7e80, 0x000072e47f7d85d8] Compiler: c1, Barriers: 0, Oops: 0, ImmediateOops: 0, NonImmediateOops: No
[1,609s][debug][gc,nmethod  ] Register NMethod: java.lang.invoke.MethodHandle.linkToInterface (0x000072e49ec60c88) [0x000072e49ec60d80, 0x000072e49ec60eb0] Compiler: , Barriers: 0, Oops: 0, ImmediateOops: 0, NonImmediateOops: No
[1,609s][debug][gc,nmethod  ] Register NMethod: jdk.internal.constant.MethodTypeDescImpl.parameterCount (0x000072e49ec60f88) [0x000072e49ec61080, 0x000072e49ec61160] Compiler: jvmci, Barriers: 1, Oops: 0, ImmediateOops: 0, NonImmediateOops: No
[1,609s][debug][gc,nmethod  ] Register NMethod: sun.reflect.generics.tree.ClassTypeSignature.accept (0x000072e47f7d8608) [0x000072e47f7d8700, 0x000072e47f7d8888] Compiler: c1, Barriers: 0, Oops: 0, ImmediateOops: 0, NonImmediateOops: No
[1,609s][debug][gc,nmethod  ] Register NMethod: sun.reflect.generics.parser.SignatureParser.parseClassTypeSignature (0x000072e47f7d8908) [0x000072e47f7d8a00, 0x000072e47f7da8b0] Compiler: c1, Barriers: 11, Oops: 2, ImmediateOops: 4, NonImmediateOops: No
[1,609s][debug][gc,nmethod  ] Register NMethod: sun.reflect.annotation.AnnotationInvocationHandler.memberValueHashCode (0x000072e47f7da908) [0x000072e47f7daa00, 0x000072e47f7dcc00] Compiler: c1, Barriers: 2, Oops: 0, ImmediateOops: 8, NonImmediateOops: No
[1,609s][debug][gc,nmethod  ] Register NMethod: sun.reflect.generics.factory.CoreReflectionFactory.makeNamedType (0x000072e47f7dcc08) [0x000072e47f7dcd00, 0x000072e47f7dcfb0] Compiler: c1, Barriers: 0, Oops: 0, ImmediateOops: 0, NonImmediateOops: No
[1,609s][debug][gc,nmethod  ] Register NMethod: sun.reflect.generics.factory.CoreReflectionFactory.getDeclsLoader (0x000072e47f7dd008) [0x000072e47f7dd100, 0x000072e47f7de738] Compiler: c1, Barriers: 6, Oops: 0, ImmediateOops: 0, NonImmediateOops: No
[1,609s][debug][gc,nmethod  ] Register NMethod: java.lang.StringBuilder.<init> (0x000072e49ec61288) [0x000072e49ec61380, 0x000072e49ec61528] Compiler: jvmci, Barriers: 3, Oops: 0, ImmediateOops: 0, NonImmediateOops: No
[1,609s][debug][gc,director ] Rule Major: Warmup 10%, Used: 86MB, UsedThreshold: 1228MB
[1,610s][debug][gc,nmethod  ] Register NMethod: java.lang.Module.implIsExportedOrOpen (0x000072e47f7de788) [0x000072e47f7de880, 0x000072e47f7dfb20] Compiler: c1, Barriers: 5, Oops: 0, ImmediateOops: 0, NonImmediateOops: No
[1,610s][debug][gc,nmethod  ] Register NMethod: sun.reflect.generics.visitor.Reifier.visitClassTypeSignature (0x000072e47f7dfb88) [0x000072e47f7dfc80, 0x000072e47f7e34d8] Compiler: c1, Barriers: 17, Oops: 0, ImmediateOops: 6, NonImmediateOops: No
[1,611s][debug][gc,nmethod  ] Register NMethod: java.util.Collections.emptyList (0x000072e47f7e3508) [0x000072e47f7e3600, 0x000072e47f7e36e8] Compiler: c1, Barriers: 0, Oops: 0, ImmediateOops: 1, NonImmediateOops: No
[1,612s][debug][gc,nmethod  ] Register NMethod: jdk.internal.classfile.impl.BufWriterImpl.cpIndex (0x000072e49ec61588) [0x000072e49ec61680, 0x000072e49ec61b38] Compiler: jvmci, Barriers: 6, Oops: 0, ImmediateOops: 0, NonImmediateOops: No
[1,613s][debug][gc,nmethod  ] Register NMethod: sun.reflect.generics.scope.ClassScope.<init> (0x000072e47f7e3808) [0x000072e47f7e3900, 0x000072e47f7e3b30] Compiler: c1, Barriers: 3, Oops: 0, ImmediateOops: 0, NonImmediateOops: No
[1,613s][debug][gc,nmethod  ] Register NMethod: sun.reflect.generics.scope.ClassScope.make (0x000072e47f7e3b88) [0x000072e47f7e3c80, 0x000072e47f7e3f48] Compiler: c1, Barriers: 3, Oops: 0, ImmediateOops: 0, NonImmediateOops: No
[1,613s][debug][gc,nmethod  ] Register NMethod: sun.reflect.generics.parser.SignatureParser.parseTypeSig (0x000072e47f7e3f88) [0x000072e47f7e4080, 0x000072e47f7e42a0] Compiler: c1, Barriers: 3, Oops: 0, ImmediateOops: 0, NonImmediateOops: No
[1,613s][debug][gc,nmethod  ] Register NMethod: jdk.internal.loader.AbstractClassLoaderValue$Sub.hashCode (0x000072e47f7e4308) [0x000072e47f7e4400, 0x000072e47f7e4c00] Compiler: c1, Barriers: 2, Oops: 0, ImmediateOops: 0, NonImmediateOops: No
[1,613s][debug][gc,nmethod  ] Register NMethod: sun.reflect.annotation.AnnotationParser.parseSig (0x000072e47f7e4c08) [0x000072e47f7e4d00, 0x000072e47f7e79c8] Compiler: c1, Barriers: 18, Oops: 0, ImmediateOops: 2, NonImmediateOops: No
[1,613s][debug][gc,nmethod  ] Register NMethod: jdk.internal.classfile.impl.AbstractPoolEntry$FieldRefEntryImpl.<init> (0x000072e47f7e7a08) [0x000072e47f7e7b00, 0x000072e47f7e7c50] Compiler: c1, Barriers: 0, Oops: 0, ImmediateOops: 0, NonImmediateOops: No
[1,614s][debug][gc,nmethod  ] Register NMethod: java.util.LinkedHashMap$LinkedHashIterator.<init> (0x000072e47f7e7d08) [0x000072e47f7e7e00, 0x000072e47f7e82d8] Compiler: c1, Barriers: 11, Oops: 0, ImmediateOops: 0, NonImmediateOops: No
[1,615s][debug][gc,nmethod  ] Register NMethod: jdk.internal.classfile.impl.DirectCodeBuilder.parameterSlot (0x000072e47f7e8308) [0x000072e47f7e8400, 0x000072e47f7e85b8] Compiler: c1, Barriers: 1, Oops: 0, ImmediateOops: 0, NonImmediateOops: No
[1,615s][debug][gc,nmethod  ] Register NMethod: jdk.internal.classfile.impl.DirectMethodBuilder.parameterSlot (0x000072e47f7e8608) [0x000072e47f7e8700, 0x000072e47f7e9480] Compiler: c1, Barriers: 6, Oops: 0, ImmediateOops: 0, NonImmediateOops: No
[1,616s][debug][gc,nmethod  ] Register NMethod: org.junit.platform.commons.util.AnnotationUtils.isInJavaLangAnnotationPackage (0x000072e47f7e9488) [0x000072e47f7e9580, 0x000072e47f7e9dc8] Compiler: c1, Barriers: 1, Oops: 2, ImmediateOops: 1, NonImmediateOops: No
[1,616s][debug][gc,nmethod  ] Register NMethod: sun.invoke.util.VerifyAccess.getClassModifiers (0x000072e47f7e9e08) [0x000072e47f7e9f00, 0x000072e47f7ea6e0] Compiler: c1, Barriers: 1, Oops: 0, ImmediateOops: 0, NonImmediateOops: No
[1,616s][debug][gc,nmethod  ] Register NMethod: java.lang.Class.isArray (0x000072e49ec61b88) [0x000072e49ec61c80, 0x000072e49ec61d38] Compiler: jvmci, Barriers: 1, Oops: 0, ImmediateOops: 0, NonImmediateOops: No
[1,616s][debug][gc,nmethod  ] Register NMethod: java.util.Objects.hash (0x000072e47f7ea708) [0x000072e47f7ea800, 0x000072e47f7ea9c0] Compiler: c1, Barriers: 0, Oops: 0, ImmediateOops: 0, NonImmediateOops: No
[1,617s][debug][gc,nmethod  ] Register NMethod: java.lang.Byte.<init> (0x000072e47f7eaa08) [0x000072e47f7eab00, 0x000072e47f7eacc0] Compiler: c1, Barriers: 0, Oops: 0, ImmediateOops: 0, NonImmediateOops: No
[1,617s][debug][gc,nmethod  ] Register NMethod: java.lang.Byte.hashCode (0x000072e47f7ead08) [0x000072e47f7eae00, 0x000072e47f7eaf58] Compiler: c1, Barriers: 0, Oops: 0, ImmediateOops: 0, NonImmediateOops: No
[1,617s][debug][gc,nmethod  ] Register NMethod: java.lang.Byte.hashCode (0x000072e47f7eb008) [0x000072e47f7eb100, 0x000072e47f7eb1e0] Compiler: c1, Barriers: 0, Oops: 0, ImmediateOops: 0, NonImmediateOops: No
[1,617s][debug][gc,nmethod  ] Register NMethod: java.lang.invoke.MemberName.<init> (0x000072e47f7eb308) [0x000072e47f7eb400, 0x000072e47f7ed308] Compiler: c1, Barriers: 0, Oops: 4, ImmediateOops: 6, NonImmediateOops: No
[1,617s][debug][gc,nmethod  ] Register NMethod: java.lang.invoke.MemberName.hashCode (0x000072e47f7ed388) [0x000072e47f7ed480, 0x000072e47f7eeea0] Compiler: c1, Barriers: 14, Oops: 0, ImmediateOops: 0, NonImmediateOops: No
[1,618s][debug][gc,nmethod  ] Register NMethod: java.nio.ByteBuffer.position (0x000072e47f7eef08) [0x000072e47f7ef000, 0x000072e47f7ef148] Compiler: c1, Barriers: 0, Oops: 0, ImmediateOops: 0, NonImmediateOops: No
[1,618s][debug][gc,nmethod  ] Register NMethod: jdk.internal.classfile.impl.StackMapGenerator.processFieldInstructions (0x000072e47f7ef208) [0x000072e47f7ef300, 0x000072e47f7f2eb8] Compiler: c1, Barriers: 10, Oops: 2, ImmediateOops: 13, NonImmediateOops: No
[1,618s][debug][gc,nmethod  ] Register NMethod: java.util.Optional.isPresent (0x000072e47f7f2f08) [0x000072e47f7f3000, 0x000072e47f7f3180] Compiler: c1, Barriers: 1, Oops: 0, ImmediateOops: 0, NonImmediateOops: No
[1,618s][debug][gc,nmethod  ] Register NMethod: java.lang.CharacterDataLatin1.isWhitespace (0x000072e49ec61e88) [0x000072e49ec61f80, 0x000072e49ec62078] Compiler: jvmci, Barriers: 0, Oops: 0, ImmediateOops: 1, NonImmediateOops: No
[1,619s][debug][gc,nmethod  ] Register NMethod: jdk.internal.classfile.impl.BufWriterImpl.<init> (0x000072e47f7f3208) [0x000072e47f7f3300, 0x000072e47f7f3448] Compiler: c1, Barriers: 0, Oops: 0, ImmediateOops: 0, NonImmediateOops: No
[1,619s][debug][gc,nmethod  ] Register NMethod: java.lang.invoke.MethodHandle.linkToInterface (0x000072e49ec62188) [0x000072e49ec62280, 0x000072e49ec623b0] Compiler: , Barriers: 0, Oops: 0, ImmediateOops: 0, NonImmediateOops: No
[1,619s][debug][gc,nmethod  ] Register NMethod: java.lang.AbstractStringBuilder.ensureCapacitySameCoder (0x000072e47f7f3508) [0x000072e47f7f3600, 0x000072e47f7f37a8] Compiler: c1, Barriers: 0, Oops: 0, ImmediateOops: 0, NonImmediateOops: No
[1,619s][debug][gc,nmethod  ] Register NMethod: jdk.internal.classfile.impl.DirectClassBuilder.withField (0x000072e47f7f3808) [0x000072e47f7f3900, 0x000072e47f7f3d20] Compiler: c1, Barriers: 2, Oops: 0, ImmediateOops: 0, NonImmediateOops: No
[1,619s][debug][gc,nmethod  ] Register NMethod: jdk.internal.classfile.impl.DirectClassBuilder.withField (0x000072e47f7f3d88) [0x000072e47f7f3e80, 0x000072e47f7f4838] Compiler: c1, Barriers: 9, Oops: 0, ImmediateOops: 0, NonImmediateOops: No
[1,619s][debug][gc,nmethod  ] Register NMethod: jdk.internal.classfile.impl.DirectFieldBuilder.<init> (0x000072e47f7f4888) [0x000072e47f7f4980, 0x000072e47f7f5848] Compiler: c1, Barriers: 21, Oops: 0, ImmediateOops: 1, NonImmediateOops: No
[1,619s][debug][gc,nmethod  ] Register NMethod: java.lang.invoke.InnerClassLambdaMetafactory.argName (0x000072e47f7f5888) [0x000072e47f7f5980, 0x000072e47f7f6610] Compiler: c1, Barriers: 1, Oops: 1, ImmediateOops: 3, NonImmediateOops: No
[1,620s][debug][gc,director ] Rule Major: Warmup 10%, Used: 86MB, UsedThreshold: 1228MB
[1,620s][debug][gc,nmethod  ] Register NMethod: jdk.internal.classfile.impl.DirectFieldBuilder.writeTo (0x000072e47f7f6688) [0x000072e47f7f6780, 0x000072e47f7fad90] Compiler: c1, Barriers: 5, Oops: 1, ImmediateOops: 6, NonImmediateOops: No
[1,620s][debug][gc,nmethod  ] Register NMethod: jdk.internal.classfile.impl.AbstractPoolEntry$Utf8EntryImpl.equalsString (0x000072e47f7fae08) [0x000072e47f7faf00, 0x000072e47f7fdbd0] Compiler: c1, Barriers: 23, Oops: 1, ImmediateOops: 8, NonImmediateOops: No
[1,621s][debug][gc,nmethod  ] Register NMethod: java.util.stream.ReferencePipeline.<init> (0x000072e47f7fdc08) [0x000072e47f7fdd00, 0x000072e47f7fde30] Compiler: c1, Barriers: 0, Oops: 0, ImmediateOops: 0, NonImmediateOops: No
[1,621s][debug][gc,nmethod  ] Register NMethod: jdk.internal.classfile.impl.DirectCodeBuilder.return_ (0x000072e47f7fdf08) [0x000072e47f7fe000, 0x000072e47f7fe618] Compiler: c1, Barriers: 1, Oops: 0, ImmediateOops: 0, NonImmediateOops: No
[1,621s][debug][gc,nmethod  ] Register NMethod: jdk.internal.classfile.impl.BytecodeHelpers.returnBytecode (0x000072e47f7fe688) [0x000072e47f7fe780, 0x000072e47f7feae0] Compiler: c1, Barriers: 0, Oops: 0, ImmediateOops: 0, NonImmediateOops: No
[1,621s][debug][gc,nmethod  ] Register NMethod: java.util.stream.AbstractPipeline.<init> (0x000072e47f7feb08) [0x000072e47f7fec00, 0x000072e47f7ff190] Compiler: c1, Barriers: 10, Oops: 0, ImmediateOops: 1, NonImmediateOops: No
[1,621s][debug][gc,nmethod  ] Register NMethod: java.util.stream.Sink$ChainedReference.<init> (0x000072e47f7ff208) [0x000072e47f7ff300, 0x000072e47f7ff838] Compiler: c1, Barriers: 3, Oops: 0, ImmediateOops: 0, NonImmediateOops: No
[1,621s][debug][gc,nmethod  ] Register NMethod: jdk.internal.misc.Unsafe.allocateUninitializedArray (0x000072e49ec62488) [0x000072e49ec62580, 0x000072e49ec627e8] Compiler: jvmci, Barriers: 0, Oops: 0, ImmediateOops: 1, NonImmediateOops: No
[1,622s][debug][gc,nmethod  ] Register NMethod: java.lang.invoke.MemberName.getModifiers (0x000072e49ec62808) [0x000072e49ec62900, 0x000072e49ec62988] Compiler: jvmci, Barriers: 0, Oops: 0, ImmediateOops: 0, NonImmediateOops: No
[1,622s][debug][gc,nmethod  ] Register NMethod: jdk.internal.loader.AbstractClassLoaderValue.<init> (0x000072e47f7ff888) [0x000072e47f7ff980, 0x000072e47f7ffad8] Compiler: c1, Barriers: 0, Oops: 0, ImmediateOops: 0, NonImmediateOops: No
[1,622s][debug][gc,nmethod  ] Register NMethod: java.lang.AbstractStringBuilder.<init> (0x000072e47f7ffb88) [0x000072e47f7ffc80, 0x000072e47f800ae0] Compiler: c1, Barriers: 4, Oops: 0, ImmediateOops: 0, NonImmediateOops: No
[1,622s][debug][gc,nmethod  ] Register NMethod: java.lang.reflect.Executable.getAnnotation (0x000072e47f800b08) [0x000072e47f800c00, 0x000072e47f801838] Compiler: c1, Barriers: 0, Oops: 0, ImmediateOops: 0, NonImmediateOops: No
[1,622s][debug][gc,nmethod  ] Register NMethod: java.lang.reflect.Method.getAnnotation (0x000072e47f801888) [0x000072e47f801980, 0x000072e47f802620] Compiler: c1, Barriers: 0, Oops: 0, ImmediateOops: 0, NonImmediateOops: No
[1,623s][debug][gc,nmethod  ] Register NMethod: jdk.internal.misc.VM.isSystemDomainLoader (0x000072e47f802688) [0x000072e47f802780, 0x000072e47f8029f0] Compiler: c1, Barriers: 0, Oops: 0, ImmediateOops: 1, NonImmediateOops: No
[1,623s][debug][gc,nmethod  ] Register NMethod: java.lang.invoke.BoundMethodHandle$Species_L.<init> (0x000072e47f802a08) [0x000072e47f802b00, 0x000072e47f802d40] Compiler: c1, Barriers: 3, Oops: 0, ImmediateOops: 0, NonImmediateOops: No
[1,624s][debug][gc,nmethod  ] Register NMethod: jdk.internal.misc.Unsafe.allocateUninitializedArray0 (0x000072e49ec62b08) [0x000072e49ec62c00, 0x000072e49ec62e20] Compiler: jvmci, Barriers: 0, Oops: 0, ImmediateOops: 1, NonImmediateOops: No
[1,624s][debug][gc,nmethod  ] Register NMethod: java.util.stream.ReferencePipeline.<init> (0x000072e47f802d88) [0x000072e47f802e80, 0x000072e47f802fb0] Compiler: c1, Barriers: 0, Oops: 0, ImmediateOops: 0, NonImmediateOops: No
[1,624s][debug][gc,nmethod  ] Register NMethod: java.util.stream.ReferencePipeline$Head.<init> (0x000072e47f803088) [0x000072e47f803180, 0x000072e47f803310] Compiler: c1, Barriers: 0, Oops: 0, ImmediateOops: 0, NonImmediateOops: No
[1,624s][debug][gc,nmethod  ] Register NMethod: java.util.stream.StreamSupport.stream (0x000072e47f803388) [0x000072e47f803480, 0x000072e47f803870] Compiler: c1, Barriers: 0, Oops: 0, ImmediateOops: 0, NonImmediateOops: No
[1,624s][debug][gc,nmethod  ] Register NMethod: java.util.stream.StreamOpFlag.fromCharacteristics (0x000072e47f803888) [0x000072e47f803980, 0x000072e47f803f08] Compiler: c1, Barriers: 0, Oops: 0, ImmediateOops: 0, NonImmediateOops: No
[1,624s][debug][gc,nmethod  ] Register NMethod: java.util.stream.AbstractPipeline.<init> (0x000072e47f803f88) [0x000072e47f804080, 0x000072e47f8043c8] Compiler: c1, Barriers: 9, Oops: 0, ImmediateOops: 0, NonImmediateOops: No
[1,624s][debug][gc,nmethod  ] Register NMethod: jdk.internal.loader.AbstractClassLoaderValue.sub (0x000072e47f804408) [0x000072e47f804500, 0x000072e47f8048c8] Compiler: c1, Barriers: 6, Oops: 0, ImmediateOops: 0, NonImmediateOops: No
[1,624s][debug][gc,nmethod  ] Register NMethod: java.util.HashMap.afterNodeAccess (0x000072e47f804908) [0x000072e47f804a00, 0x000072e47f804b00] Compiler: c1, Barriers: 0, Oops: 0, ImmediateOops: 0, NonImmediateOops: No
[1,624s][debug][gc,nmethod  ] Register NMethod: jdk.internal.loader.AbstractClassLoaderValue$Sub.<init> (0x000072e47f804c08) [0x000072e47f804d00, 0x000072e47f805100] Compiler: c1, Barriers: 6, Oops: 0, ImmediateOops: 0, NonImmediateOops: No
[1,624s][debug][gc,nmethod  ] Register NMethod: jdk.internal.classfile.impl.AbstractPoolEntry$Utf8EntryImpl.<init> (0x000072e49ec62e88) [0x000072e49ec62f80, 0x000072e49ec63260] Compiler: jvmci, Barriers: 12, Oops: 0, ImmediateOops: 1, NonImmediateOops: No
[1,624s][debug][gc,nmethod  ] Register NMethod: java.util.LinkedHashMap.entrySet (0x000072e47f805108) [0x000072e47f805200, 0x000072e47f8054f8] Compiler: c1, Barriers: 0, Oops: 0, ImmediateOops: 0, NonImmediateOops: No
[1,624s][debug][gc,nmethod  ] Register NMethod: java.util.LinkedHashMap.sequencedEntrySet (0x000072e47f805508) [0x000072e47f805600, 0x000072e47f805cd8] Compiler: c1, Barriers: 7, Oops: 0, ImmediateOops: 0, NonImmediateOops: No
[1,625s][debug][gc,nmethod  ] Register NMethod: java.util.LinkedHashMap$LinkedEntryIterator.<init> (0x000072e47f805d08) [0x000072e47f805e00, 0x000072e47f806088] Compiler: c1, Barriers: 0, Oops: 0, ImmediateOops: 0, NonImmediateOops: No
[1,625s][debug][gc,nmethod  ] Register NMethod: java.util.LinkedHashMap$LinkedEntrySet.iterator (0x000072e47f806108) [0x000072e47f806200, 0x000072e47f806590] Compiler: c1, Barriers: 1, Oops: 0, ImmediateOops: 0, NonImmediateOops: No
[1,625s][debug][gc,nmethod  ] Register NMethod: jdk.internal.util.ArraysSupport.hashCode (0x000072e47f806608) [0x000072e47f806700, 0x000072e47f806918] Compiler: c1, Barriers: 0, Oops: 0, ImmediateOops: 0, NonImmediateOops: No
[1,625s][debug][gc,nmethod  ] Register NMethod: java.lang.Enum.hashCode (0x000072e47f806988) [0x000072e47f806a80, 0x000072e47f806bf8] Compiler: c1, Barriers: 0, Oops: 0, ImmediateOops: 0, NonImmediateOops: No
[1,625s][debug][gc,nmethod  ] Register NMethod: sun.reflect.annotation.AnnotationInvocationHandler.hashCodeImpl (0x000072e47f806c88) [0x000072e47f806d80, 0x000072e47f808200] Compiler: c1, Barriers: 1, Oops: 0, ImmediateOops: 0, NonImmediateOops: No
[1,625s][debug][gc,nmethod  ] Register NMethod: java.lang.Class.annotationData (0x000072e47f808208) [0x000072e47f808300, 0x000072e47f8085e8] Compiler: c1, Barriers: 1, Oops: 0, ImmediateOops: 0, NonImmediateOops: No
[1,625s][debug][gc,nmethod  ] Register NMethod: java.util.LinkedHashMap.values (0x000072e47f808608) [0x000072e47f808700, 0x000072e47f8089f8] Compiler: c1, Barriers: 0, Oops: 0, ImmediateOops: 0, NonImmediateOops: No
[1,625s][debug][gc,nmethod  ] Register NMethod: jdk.internal.util.ArraysSupport.hashCode (0x000072e47f808a08) [0x000072e47f808b00, 0x000072e47f808cb0] Compiler: c1, Barriers: 0, Oops: 0, ImmediateOops: 0, NonImmediateOops: No
[1,625s][debug][gc,nmethod  ] Register NMethod: java.util.AbstractCollection.<init> (0x000072e49ec63288) [0x000072e49ec63380, 0x000072e49ec63400] Compiler: jvmci, Barriers: 0, Oops: 0, ImmediateOops: 0, NonImmediateOops: No
[1,625s][debug][gc,nmethod  ] Register NMethod: java.util.LinkedHashMap.sequencedValues (0x000072e47f808d08) [0x000072e47f808e00, 0x000072e47f809470] Compiler: c1, Barriers: 7, Oops: 0, ImmediateOops: 0, NonImmediateOops: No
[1,625s][debug][gc,nmethod  ] Register NMethod: java.lang.Boolean.booleanValue (0x000072e49ec63588) [0x000072e49ec63680, 0x000072e49ec63740] Compiler: c1, Barriers: 0, Oops: 0, ImmediateOops: 0, NonImmediateOops: No
[1,626s][debug][gc,nmethod  ] Register NMethod: java.util.stream.ReferencePipeline$StatelessOp.<init> (0x000072e47f809488) [0x000072e47f809580, 0x000072e47f809738] Compiler: c1, Barriers: 0, Oops: 0, ImmediateOops: 0, NonImmediateOops: No
[1,626s][debug][gc,nmethod  ] Register NMethod: java.util.Spliterator.getExactSizeIfKnown (0x000072e47f809788) [0x000072e47f809880, 0x000072e47f809dd0] Compiler: c1, Barriers: 0, Oops: 0, ImmediateOops: 0, NonImmediateOops: No
[1,626s][debug][gc,nmethod  ] Register NMethod: java.util.ArrayList$ArrayListSpliterator.characteristics (0x000072e49ec63888) [0x000072e49ec63980, 0x000072e49ec63a40] Compiler: c1, Barriers: 0, Oops: 0, ImmediateOops: 0, NonImmediateOops: No
[1,626s][debug][gc,nmethod  ] Register NMethod: java.lang.classfile.constantpool.ConstantPoolBuilder.of (0x000072e47f809e08) [0x000072e47f809f00, 0x000072e47f80a080] Compiler: c1, Barriers: 0, Oops: 0, ImmediateOops: 0, NonImmediateOops: No
[1,626s][debug][gc,nmethod  ] Register NMethod: jdk.internal.classfile.impl.SplitConstantPool.<init> (0x000072e47f80a108) [0x000072e47f80a200, 0x000072e47f80a608] Compiler: c1, Barriers: 9, Oops: 0, ImmediateOops: 0, NonImmediateOops: No
[1,626s][debug][gc,nmethod  ] Register NMethod: jdk.internal.classfile.impl.EntryMap.nextPowerOfTwo (0x000072e47f80a688) [0x000072e47f80a780, 0x000072e47f80a980] Compiler: c1, Barriers: 0, Oops: 0, ImmediateOops: 0, NonImmediateOops: No
[1,626s][debug][gc,nmethod  ] Register NMethod: jdk.internal.classfile.impl.EntryMap.arraySize (0x000072e47f80a988) [0x000072e47f80aa80, 0x000072e47f80c020] Compiler: c1, Barriers: 0, Oops: 3, ImmediateOops: 4, NonImmediateOops: No
[1,626s][debug][gc,nmethod  ] Register NMethod: java.util.stream.Sink.end (0x000072e47f80c088) [0x000072e47f80c180, 0x000072e47f80c280] Compiler: c1, Barriers: 0, Oops: 0, ImmediateOops: 0, NonImmediateOops: No
[1,626s][debug][gc,nmethod  ] Register NMethod: jdk.internal.classfile.impl.SplitConstantPool.utf8Entry (0x000072e49ec63b88) [0x000072e49ec63ca0, 0x000072e49ec650f8] Compiler: jvmci, Barriers: 31, Oops: 0, ImmediateOops: 2, NonImmediateOops: No
[1,626s][debug][gc,nmethod  ] Register NMethod: java.util.stream.Sink$ChainedReference.end (0x000072e47f80c388) [0x000072e47f80c480, 0x000072e47f80c7c0] Compiler: c1, Barriers: 1, Oops: 0, ImmediateOops: 0, NonImmediateOops: No
[1,626s][debug][gc,nmethod  ] Register NMethod: java.util.stream.AbstractPipeline.wrapAndCopyInto (0x000072e47f80c808) [0x000072e47f80c900, 0x000072e47f80d170] Compiler: c1, Barriers: 0, Oops: 0, ImmediateOops: 0, NonImmediateOops: No
[1,626s][debug][gc,nmethod  ] Register NMethod: java.util.stream.AbstractPipeline.wrapSink (0x000072e47f80d188) [0x000072e47f80d280, 0x000072e47f80d7f8] Compiler: c1, Barriers: 2, Oops: 0, ImmediateOops: 0, NonImmediateOops: No
[1,626s][debug][gc,nmethod  ] Register NMethod: java.util.stream.AbstractPipeline.copyInto (0x000072e47f80d808) [0x000072e47f80d900, 0x000072e47f80ea20] Compiler: c1, Barriers: 0, Oops: 1, ImmediateOops: 1, NonImmediateOops: No
[1,627s][debug][gc,nmethod  ] Register NMethod: java.util.stream.AbstractPipeline.sourceSpliterator (0x000072e47f80ea88) [0x000072e47f80eb80, 0x000072e47f810648] Compiler: c1, Barriers: 14, Oops: 1, ImmediateOops: 2, NonImmediateOops: No
[1,627s][debug][gc,nmethod  ] Register NMethod: java.util.stream.AbstractPipeline.evaluate (0x000072e47f810688) [0x000072e47f810780, 0x000072e47f811870] Compiler: c1, Barriers: 1, Oops: 0, ImmediateOops: 1, NonImmediateOops: No
[1,627s][debug][gc,nmethod  ] Register NMethod: java.lang.reflect.Modifier.isPrivate (0x000072e47f811888) [0x000072e47f811980, 0x000072e47f811ab0] Compiler: c1, Barriers: 0, Oops: 0, ImmediateOops: 0, NonImmediateOops: No
[1,627s][debug][gc,nmethod  ] Register NMethod: jdk.internal.loader.AbstractClassLoaderValue$Sub.equals (0x000072e47f811b88) [0x000072e47f811c80, 0x000072e47f812c40] Compiler: c1, Barriers: 4, Oops: 0, ImmediateOops: 0, NonImmediateOops: No
[1,627s][debug][gc,nmethod  ] Register NMethod: java.util.stream.Collectors$CollectorImpl.supplier (0x000072e49ec65108) [0x000072e49ec65200, 0x000072e49ec652e8] Compiler: c1, Barriers: 1, Oops: 0, ImmediateOops: 0, NonImmediateOops: No
[1,627s][debug][gc,nmethod  ] Register NMethod: java.util.stream.Collectors$CollectorImpl.combiner (0x000072e49ec65408) [0x000072e49ec65500, 0x000072e49ec655e8] Compiler: c1, Barriers: 1, Oops: 0, ImmediateOops: 0, NonImmediateOops: No
[1,627s][debug][gc,nmethod  ] Register NMethod: java.util.stream.Collectors$CollectorImpl.accumulator (0x000072e49ec65708) [0x000072e49ec65800, 0x000072e49ec658e8] Compiler: c1, Barriers: 1, Oops: 0, ImmediateOops: 0, NonImmediateOops: No
[1,627s][debug][gc,nmethod  ] Register NMethod: java.util.stream.ReduceOps$Box.get (0x000072e49ec65a08) [0x000072e49ec65b00, 0x000072e49ec65be8] Compiler: c1, Barriers: 1, Oops: 0, ImmediateOops: 0, NonImmediateOops: No
[1,628s][debug][gc,nmethod  ] Register NMethod: sun.reflect.annotation.AnnotationParser.toArray (0x000072e47f812c88) [0x000072e47f812d80, 0x000072e47f813490] Compiler: c1, Barriers: 0, Oops: 0, ImmediateOops: 1, NonImmediateOops: No
[1,628s][debug][gc,nmethod  ] Register NMethod: java.util.LinkedHashMap.valuesToArray (0x000072e47f813508) [0x000072e47f813600, 0x000072e47f813f68] Compiler: c1, Barriers: 12, Oops: 0, ImmediateOops: 0, NonImmediateOops: No
[1,628s][debug][gc,nmethod  ] Register NMethod: java.lang.ClassLoader.createOrGetClassLoaderValueMap (0x000072e47f813f88) [0x000072e47f814080, 0x000072e47f814430] Compiler: c1, Barriers: 2, Oops: 0, ImmediateOops: 1, NonImmediateOops: No
[1,628s][debug][gc,nmethod  ] Register NMethod: jdk.proxy2.$Proxy1.annotationType (0x000072e47f814488) [0x000072e47f814580, 0x000072e47f814be8] Compiler: c1, Barriers: 1, Oops: 0, ImmediateOops: 1, NonImmediateOops: No
[1,628s][debug][gc,nmethod  ] Register NMethod: java.util.LinkedHashMap$LinkedValues.toArray (0x000072e47f814c08) [0x000072e47f814d00, 0x000072e47f815238] Compiler: c1, Barriers: 1, Oops: 0, ImmediateOops: 0, NonImmediateOops: No
[1,628s][debug][gc,nmethod  ] Register NMethod: jdk.proxy3.$Proxy6.annotationType (0x000072e47f815288) [0x000072e47f815380, 0x000072e47f8159e8] Compiler: c1, Barriers: 1, Oops: 1, ImmediateOops: 1, NonImmediateOops: No
[1,628s][debug][gc,nmethod  ] Register NMethod: java.util.HashMap.prepareArray (0x000072e47f815a08) [0x000072e47f815b00, 0x000072e47f8165f8] Compiler: c1, Barriers: 5, Oops: 0, ImmediateOops: 0, NonImmediateOops: No
[1,628s][debug][gc,nmethod  ] Register NMethod: jdk.proxy3.$Proxy6.hashCode (0x000072e47f816608) [0x000072e47f816700, 0x000072e47f816f48] Compiler: c1, Barriers: 1, Oops: 1, ImmediateOops: 1, NonImmediateOops: No
[1,628s][debug][gc,nmethod  ] Register NMethod: java.util.ArrayList$ArrayListSpliterator.getFence (0x000072e47f816f88) [0x000072e47f817080, 0x000072e47f8171f0] Compiler: c1, Barriers: 1, Oops: 0, ImmediateOops: 0, NonImmediateOops: No
[1,629s][debug][gc,nmethod  ] Register NMethod: org.junit.platform.commons.util.AnnotationUtils.findMetaAnnotation (0x000072e47f817288) [0x000072e47f817380, 0x000072e47f818578] Compiler: c1, Barriers: 3, Oops: 2, ImmediateOops: 2, NonImmediateOops: No
[1,629s][debug][gc,nmethod  ] Register NMethod: org.junit.platform.commons.util.ReflectionUtils$$Lambda/0x00000000b3176e28.compare (0x000072e47f818608) [0x000072e47f818700, 0x000072e47f818c40] Compiler: c1, Barriers: 0, Oops: 1, ImmediateOops: 0, NonImmediateOops: No
[1,629s][debug][gc,nmethod  ] Register NMethod: jdk.proxy2.$Proxy16.annotationType (0x000072e47f818c88) [0x000072e47f818d80, 0x000072e47f8193e8] Compiler: c1, Barriers: 1, Oops: 0, ImmediateOops: 1, NonImmediateOops: No
[1,629s][debug][gc,nmethod  ] Register NMethod: jdk.proxy3.$Proxy21.annotationType (0x000072e47f819408) [0x000072e47f819500, 0x000072e47f819b68] Compiler: c1, Barriers: 1, Oops: 1, ImmediateOops: 1, NonImmediateOops: No
[1,629s][debug][gc,nmethod  ] Register NMethod: org.junit.platform.commons.util.ReflectionUtils.defaultMethodSorter (0x000072e47f819b88) [0x000072e47f819c80, 0x000072e47f81ae98] Compiler: c1, Barriers: 2, Oops: 1, ImmediateOops: 0, NonImmediateOops: No
[1,629s][debug][gc,nmethod  ] Register NMethod: jdk.proxy3.$Proxy21.hashCode (0x000072e47f81af08) [0x000072e47f81b000, 0x000072e47f81b848] Compiler: c1, Barriers: 1, Oops: 1, ImmediateOops: 1, NonImmediateOops: No
[1,629s][debug][gc,nmethod  ] Register NMethod: java.util.Collections$UnmodifiableCollection.contains (0x000072e47f81b888) [0x000072e47f81b980, 0x000072e47f81bcc8] Compiler: c1, Barriers: 1, Oops: 0, ImmediateOops: 0, NonImmediateOops: No
[1,629s][debug][gc,nmethod  ] Register NMethod: java.util.RegularEnumSet.contains (0x000072e47f81bd08) [0x000072e47f81be00, 0x000072e47f81c8a0] Compiler: c1, Barriers: 3, Oops: 0, ImmediateOops: 0, NonImmediateOops: No
[1,630s][debug][gc,nmethod  ] Register NMethod: java.util.Collections$EmptyMap.get (0x000072e49ec65d08) [0x000072e49ec65e00, 0x000072e49ec65ec8] Compiler: c1, Barriers: 0, Oops: 0, ImmediateOops: 0, NonImmediateOops: No
[1,630s][debug][gc,director ] Rule Major: Warmup 10%, Used: 88MB, UsedThreshold: 1228MB
[1,630s][debug][gc,nmethod  ] Register NMethod: jdk.internal.loader.AbstractClassLoaderValue.get (0x000072e47f81c908) [0x000072e47f81ca00, 0x000072e47f81d5c0] Compiler: c1, Barriers: 0, Oops: 0, ImmediateOops: 2, NonImmediateOops: No
[1,630s][debug][gc,nmethod  ] Register NMethod: java.util.stream.MatchOps$BooleanTerminalSink.cancellationRequested (0x000072e49ec66008) [0x000072e49ec66100, 0x000072e49ec661c0] Compiler: c1, Barriers: 0, Oops: 0, ImmediateOops: 0, NonImmediateOops: No
[1,630s][debug][gc,nmethod  ] Register NMethod: java.util.ArrayList$ArrayListSpliterator.tryAdvance (0x000072e47f81d608) [0x000072e47f81d700, 0x000072e47f81dde8] Compiler: c1, Barriers: 5, Oops: 0, ImmediateOops: 0, NonImmediateOops: No
[1,630s][debug][gc,nmethod  ] Register NMethod: java.util.LinkedHashMap$LinkedHashIterator.hasNext (0x000072e49ec66308) [0x000072e49ec66400, 0x000072e49ec664b8] Compiler: jvmci, Barriers: 1, Oops: 0, ImmediateOops: 0, NonImmediateOops: No
[1,630s][debug][gc,nmethod  ] Register NMethod: java.lang.reflect.Proxy.isProxyClass (0x000072e47f81de08) [0x000072e47f81df00, 0x000072e47f81f990] Compiler: c1, Barriers: 7, Oops: 2, ImmediateOops: 8, NonImmediateOops: No
[1,631s][debug][gc,nmethod  ] Register NMethod: jdk.internal.classfile.impl.DirectClassBuilder.withFlags (0x000072e47f81fa08) [0x000072e47f81fb00, 0x000072e47f81fdd8] Compiler: c1, Barriers: 0, Oops: 0, ImmediateOops: 0, NonImmediateOops: No
[1,631s][debug][gc,nmethod  ] Register NMethod: jdk.internal.classfile.impl.StackMapDecoder$ObjectVerificationTypeInfoImpl.<init> (0x000072e47f81fe08) [0x000072e47f81ff00, 0x000072e47f820280] Compiler: c1, Barriers: 3, Oops: 0, ImmediateOops: 0, NonImmediateOops: No
[1,631s][debug][gc,nmethod  ] Register NMethod: jdk.internal.classfile.impl.ClassFileImpl.build (0x000072e47f820288) [0x000072e47f820380, 0x000072e47f821620] Compiler: c1, Barriers: 0, Oops: 0, ImmediateOops: 0, NonImmediateOops: No
[1,631s][debug][gc,nmethod  ] Register NMethod: sun.invoke.util.Wrapper.basicClassDescriptor (0x000072e49ec66608) [0x000072e49ec66700, 0x000072e49ec667e8] Compiler: c1, Barriers: 1, Oops: 0, ImmediateOops: 0, NonImmediateOops: No
[1,631s][debug][gc,nmethod  ] Register NMethod: sun.reflect.annotation.AnnotationParser.parseAnnotation2 (0x000072e47f821688) [0x000072e47f821780, 0x000072e47f823ef8] Compiler: c1, Barriers: 5, Oops: 1, ImmediateOops: 2, NonImmediateOops: No
[1,631s][debug][gc,nmethod  ] Register NMethod: jdk.internal.classfile.impl.BufWriterImpl.join (0x000072e47f823f08) [0x000072e47f824000, 0x000072e47f824af8] Compiler: c1, Barriers: 0, Oops: 0, ImmediateOops: 0, NonImmediateOops: No
[1,631s][debug][gc,nmethod  ] Register NMethod: jdk.internal.classfile.impl.DirectClassBuilder.<init> (0x000072e47f824b08) [0x000072e47f824c00, 0x000072e47f825fa0] Compiler: c1, Barriers: 28, Oops: 0, ImmediateOops: 5, NonImmediateOops: No
[1,631s][debug][gc,nmethod  ] Register NMethod: java.lang.reflect.Constructor.getModifiers (0x000072e49ec66908) [0x000072e49ec66a00, 0x000072e49ec66ac0] Compiler: c1, Barriers: 0, Oops: 0, ImmediateOops: 0, NonImmediateOops: No
[1,631s][debug][gc,nmethod  ] Register NMethod: jdk.internal.classfile.impl.SplitConstantPool.writeBootstrapMethods (0x000072e47f826008) [0x000072e47f826100, 0x000072e47f8274f0] Compiler: c1, Barriers: 2, Oops: 0, ImmediateOops: 0, NonImmediateOops: No
[1,631s][debug][gc,nmethod  ] Register NMethod: jdk.internal.util.ArraysSupport.vectorizedHashCode (0x000072e49ec66c08) [0x000072e49ec66e40, 0x000072e49ec67508] Compiler: jvmci, Barriers: 0, Oops: 0, ImmediateOops: 0, NonImmediateOops: No
[1,632s][debug][gc,nmethod  ] Register NMethod: java.util.Collections.singletonIterator (0x000072e47f827508) [0x000072e47f827600, 0x000072e47f827868] Compiler: c1, Barriers: 3, Oops: 0, ImmediateOops: 0, NonImmediateOops: No
[1,632s][debug][gc,nmethod  ] Register NMethod: java.util.Collections$1.<init> (0x000072e47f827888) [0x000072e47f827980, 0x000072e47f827b58] Compiler: c1, Barriers: 3, Oops: 0, ImmediateOops: 0, NonImmediateOops: No
[1,632s][debug][gc,nmethod  ] Register NMethod: java.util.Collections$1.next (0x000072e47f827b88) [0x000072e47f827c80, 0x000072e47f827ec0] Compiler: c1, Barriers: 1, Oops: 0, ImmediateOops: 0, NonImmediateOops: No
[1,632s][debug][gc,nmethod  ] Register NMethod: java.util.Collections$SingletonList.iterator (0x000072e47f827f08) [0x000072e47f828000, 0x000072e47f828318] Compiler: c1, Barriers: 4, Oops: 0, ImmediateOops: 0, NonImmediateOops: No
[1,632s][debug][gc,nmethod  ] Register NMethod: jdk.internal.classfile.impl.StackCounter.processLdc (0x000072e47f828388) [0x000072e47f828480, 0x000072e47f82bfe0] Compiler: c1, Barriers: 18, Oops: 1, ImmediateOops: 4, NonImmediateOops: No
[1,632s][debug][gc,nmethod  ] Register NMethod: jdk.internal.classfile.impl.MethodInfo.receiverSlot (0x000072e47f82c008) [0x000072e47f82c100, 0x000072e47f82c368] Compiler: c1, Barriers: 0, Oops: 0, ImmediateOops: 1, NonImmediateOops: No
[1,633s][debug][gc,nmethod  ] Register NMethod: jdk.internal.classfile.impl.DirectCodeBuilder.receiverSlot (0x000072e47f82c388) [0x000072e47f82c480, 0x000072e47f82c968] Compiler: c1, Barriers: 1, Oops: 0, ImmediateOops: 1, NonImmediateOops: No
[1,633s][debug][gc,nmethod  ] Register NMethod: java.util.BitSet.checkInvariants (0x000072e49ec67588) [0x000072e49ec67680, 0x000072e49ec67700] Compiler: jvmci, Barriers: 0, Oops: 0, ImmediateOops: 0, NonImmediateOops: No
[1,633s][debug][gc,nmethod  ] Register NMethod: java.util.HashMap.afterNodeAccess (0x000072e49ec67888) [0x000072e49ec67980, 0x000072e49ec67a00] Compiler: jvmci, Barriers: 0, Oops: 0, ImmediateOops: 0, NonImmediateOops: No
[1,634s][debug][gc,nmethod  ] Register NMethod: jdk.internal.classfile.impl.TemporaryConstantPool.utf8Entry (0x000072e47f82c988) [0x000072e47f82ca80, 0x000072e47f82cc30] Compiler: c1, Barriers: 0, Oops: 0, ImmediateOops: 0, NonImmediateOops: No
[1,634s][debug][gc,nmethod  ] Register NMethod: jdk.internal.classfile.impl.AbstractPoolEntry$Utf8EntryImpl.<init> (0x000072e47f82cc88) [0x000072e47f82cd80, 0x000072e47f82d0d8] Compiler: c1, Barriers: 0, Oops: 0, ImmediateOops: 0, NonImmediateOops: No
[1,634s][debug][gc,nmethod  ] Register NMethod: java.util.HashMap.<init> (0x000072e47f82d108) [0x000072e47f82d220, 0x000072e47f82d358] Compiler: c1, Barriers: 0, Oops: 0, ImmediateOops: 0, NonImmediateOops: No
[1,634s][debug][gc,nmethod  ] Register NMethod: java.lang.classfile.CodeBuilder.loadConstant (0x000072e47f82d408) [0x000072e47f82d500, 0x000072e47f8304d8] Compiler: c1, Barriers: 14, Oops: 0, ImmediateOops: 0, NonImmediateOops: No
[1,635s][debug][gc,nmethod  ] Register NMethod: java.lang.Class.isAnnotation (0x000072e47f830508) [0x000072e47f830600, 0x000072e47f830928] Compiler: c1, Barriers: 0, Oops: 0, ImmediateOops: 0, NonImmediateOops: No
[1,635s][debug][gc,nmethod  ] Register NMethod: java.lang.Class.getDeclaredAnnotations (0x000072e47f830988) [0x000072e47f830a80, 0x000072e47f831278] Compiler: c1, Barriers: 1, Oops: 0, ImmediateOops: 1, NonImmediateOops: No
[1,635s][debug][gc,nmethod  ] Register NMethod: java.lang.Class.getAnnotations (0x000072e47f831288) [0x000072e47f831380, 0x000072e47f831b78] Compiler: c1, Barriers: 1, Oops: 0, ImmediateOops: 1, NonImmediateOops: No
[1,635s][debug][gc,nmethod  ] Register NMethod: jdk.proxy3.$Proxy20.hashCode (0x000072e47f831b88) [0x000072e47f831c80, 0x000072e47f8324c8] Compiler: c1, Barriers: 1, Oops: 1, ImmediateOops: 1, NonImmediateOops: No
[1,635s][debug][gc,nmethod  ] Register NMethod: jdk.proxy3.$Proxy20.annotationType (0x000072e47f832508) [0x000072e47f832600, 0x000072e47f832c68] Compiler: c1, Barriers: 1, Oops: 1, ImmediateOops: 1, NonImmediateOops: No
[1,635s][debug][gc,nmethod  ] Register NMethod: java.lang.reflect.Method.getParameterTypes (0x000072e47f832c88) [0x000072e47f832d80, 0x000072e47f8332f8] Compiler: c1, Barriers: 1, Oops: 0, ImmediateOops: 0, NonImmediateOops: No
[1,635s][debug][gc,nmethod  ] Register NMethod: java.util.LinkedHashMap$LinkedHashIterator.nextNode (0x000072e49ec67b88) [0x000072e49ec67c80, 0x000072e49ec67f10] Compiler: jvmci, Barriers: 9, Oops: 0, ImmediateOops: 0, NonImmediateOops: No
[1,635s][debug][gc,nmethod  ] Register NMethod: org.junit.platform.commons.util.AnnotationUtils.findAnnotation (0x000072e47f833308) [0x000072e47f833400, 0x000072e47f8355b8] Compiler: c1, Barriers: 7, Oops: 2, ImmediateOops: 4, NonImmediateOops: No
[1,636s][debug][gc,nmethod  ] Register NMethod: sun.reflect.generics.parser.SignatureParser.parseTypeSignature (0x000072e47f835608) [0x000072e47f835700, 0x000072e47f835b20] Compiler: c1, Barriers: 0, Oops: 0, ImmediateOops: 0, NonImmediateOops: No
[1,636s][debug][gc,nmethod  ] Register NMethod: java.lang.invoke.MemberName.asSpecial (0x000072e47f835b88) [0x000072e47f835c80, 0x000072e47f8374c8] Compiler: c1, Barriers: 0, Oops: 0, ImmediateOops: 0, NonImmediateOops: No
[1,636s][debug][gc,nmethod  ] Register NMethod: java.util.TimSort.sort (0x000072e47f837508) [0x000072e47f837600, 0x000072e47f837d18] Compiler: c1, Barriers: 2, Oops: 0, ImmediateOops: 0, NonImmediateOops: No
[1,636s][debug][gc,nmethod  ] Register NMethod: java.lang.reflect.Constructor.newInstance (0x000072e47f837d88) [0x000072e47f837e80, 0x000072e47f838260] Compiler: c1, Barriers: 0, Oops: 0, ImmediateOops: 0, NonImmediateOops: No
[1,636s][debug][gc,nmethod  ] Register NMethod: java.lang.reflect.Modifier.isAbstract (0x000072e47f838288) [0x000072e47f838380, 0x000072e47f8384b0] Compiler: c1, Barriers: 0, Oops: 0, ImmediateOops: 0, NonImmediateOops: No
[1,636s][debug][gc,nmethod  ] Register NMethod: java.lang.reflect.Constructor.newInstanceWithCaller (0x000072e47f838588) [0x000072e47f838680, 0x000072e47f838c98] Compiler: c1, Barriers: 2, Oops: 0, ImmediateOops: 0, NonImmediateOops: No
[1,636s][debug][gc,nmethod  ] Register NMethod: java.lang.Boolean.valueOf (0x000072e47f838d08) [0x000072e47f838e00, 0x000072e47f838f58] Compiler: c1, Barriers: 0, Oops: 0, ImmediateOops: 2, NonImmediateOops: No
[1,636s][debug][gc,nmethod  ] Register NMethod: java.lang.Class.getDeclaredAnnotation (0x000072e47f839008) [0x000072e47f839100, 0x000072e47f8397e8] Compiler: c1, Barriers: 1, Oops: 0, ImmediateOops: 0, NonImmediateOops: No
[1,636s][debug][gc,nmethod  ] Register NMethod: jdk.internal.reflect.DirectConstructorHandleAccessor.invokeImpl (0x000072e47f839808) [0x000072e47f839900, 0x000072e47f83b750] Compiler: c1, Barriers: 20, Oops: 3, ImmediateOops: 6, NonImmediateOops: No
[1,637s][debug][gc,nmethod  ] Register NMethod: java.lang.reflect.Modifier.isSynthetic (0x000072e47f83b788) [0x000072e47f83b880, 0x000072e47f83b9b0] Compiler: c1, Barriers: 0, Oops: 0, ImmediateOops: 0, NonImmediateOops: No
[1,637s][debug][gc,nmethod  ] Register NMethod: java.lang.reflect.Method.isSynthetic (0x000072e47f83ba88) [0x000072e47f83bb80, 0x000072e47f83bdc0] Compiler: c1, Barriers: 0, Oops: 0, ImmediateOops: 0, NonImmediateOops: No
[1,637s][debug][gc,nmethod  ] Register NMethod: java.lang.reflect.Executable.isSynthetic (0x000072e47f83be08) [0x000072e47f83bf00, 0x000072e47f83c2a8] Compiler: c1, Barriers: 0, Oops: 0, ImmediateOops: 0, NonImmediateOops: No
[1,637s][debug][gc,nmethod  ] Register NMethod: java.util.LinkedHashMap$LinkedEntryIterator.next (0x000072e49ec67f88) [0x000072e49ec68080, 0x000072e49ec68310] Compiler: jvmci, Barriers: 9, Oops: 0, ImmediateOops: 0, NonImmediateOops: No
[1,637s][debug][gc,nmethod  ] Register NMethod: java.util.Collection.stream (0x000072e47f83c308) [0x000072e47f83c400, 0x000072e47f83c738] Compiler: c1, Barriers: 0, Oops: 0, ImmediateOops: 0, NonImmediateOops: No
[1,637s][debug][gc,nmethod  ] Register NMethod: org.junit.jupiter.engine.discovery.predicates.IsTestableMethod.test (0x000072e47f83c788) [0x000072e47f83c880, 0x000072e47f83cd80] Compiler: c1, Barriers: 0, Oops: 1, ImmediateOops: 0, NonImmediateOops: No
[1,637s][debug][gc,nmethod  ] Register NMethod: java.lang.reflect.AnnotatedElement.isAnnotationPresent (0x000072e47f83ce08) [0x000072e47f83cf00, 0x000072e47f83d248] Compiler: c1, Barriers: 0, Oops: 0, ImmediateOops: 0, NonImmediateOops: No
[1,637s][debug][gc,nmethod  ] Register NMethod: java.util.stream.FindOps$FindOp.getOpFlags (0x000072e49ec68388) [0x000072e49ec68480, 0x000072e49ec68540] Compiler: c1, Barriers: 0, Oops: 0, ImmediateOops: 0, NonImmediateOops: No
[1,637s][debug][gc,nmethod  ] Register NMethod: org.junit.platform.commons.util.ReflectionUtils.isStatic (0x000072e47f83d288) [0x000072e47f83d380, 0x000072e47f83d918] Compiler: c1, Barriers: 0, Oops: 2, ImmediateOops: 1, NonImmediateOops: No
[1,637s][debug][gc,nmethod  ] Register NMethod: java.util.stream.Collectors$$Lambda/0x00000000b3113260.accept (0x000072e47f83d988) [0x000072e47f83da80, 0x000072e47f83dfa8] Compiler: c1, Barriers: 0, Oops: 0, ImmediateOops: 0, NonImmediateOops: No
[1,637s][debug][gc,nmethod  ] Register NMethod: jdk.proxy2.$Proxy17.annotationType (0x000072e47f83e008) [0x000072e47f83e100, 0x000072e47f83e768] Compiler: c1, Barriers: 1, Oops: 0, ImmediateOops: 1, NonImmediateOops: No
[1,637s][debug][gc,nmethod  ] Register NMethod: jdk.internal.reflect.DirectConstructorHandleAccessor.newInstance (0x000072e47f83e788) [0x000072e47f83e880, 0x000072e47f841ec0] Compiler: c1, Barriers: 20, Oops: 5, ImmediateOops: 12, NonImmediateOops: No
[1,638s][debug][gc,nmethod  ] Register NMethod: java.util.stream.ReferencePipeline.filter (0x000072e47f841f08) [0x000072e47f842000, 0x000072e47f842510] Compiler: c1, Barriers: 3, Oops: 1, ImmediateOops: 0, NonImmediateOops: No
[1,638s][debug][gc,nmethod  ] Register NMethod: org.junit.jupiter.engine.discovery.predicates.IsTestableMethod.test (0x000072e47f842588) [0x000072e47f842680, 0x000072e47f843ae8] Compiler: c1, Barriers: 3, Oops: 3, ImmediateOops: 4, NonImmediateOops: No
[1,638s][debug][gc,nmethod  ] Register NMethod: java.util.stream.ReferencePipeline$2.<init> (0x000072e47f843b08) [0x000072e47f843c00, 0x000072e47f843fe0] Compiler: c1, Barriers: 3, Oops: 0, ImmediateOops: 0, NonImmediateOops: No
[1,638s][debug][gc,nmethod  ] Register NMethod: java.util.stream.ReferencePipeline$2$1.begin (0x000072e47f844008) [0x000072e47f844100, 0x000072e47f844440] Compiler: c1, Barriers: 1, Oops: 0, ImmediateOops: 0, NonImmediateOops: No
[1,638s][debug][gc,nmethod  ] Register NMethod: java.util.stream.ReferencePipeline$2.opWrapSink (0x000072e47f844488) [0x000072e47f844580, 0x000072e47f844cf8] Compiler: c1, Barriers: 7, Oops: 0, ImmediateOops: 0, NonImmediateOops: No
[1,638s][debug][gc,nmethod  ] Register NMethod: java.util.stream.SortedOps$SizedRefSortingSink.accept (0x000072e47f844d08) [0x000072e47f844e00, 0x000072e47f845208] Compiler: c1, Barriers: 4, Oops: 0, ImmediateOops: 0, NonImmediateOops: No
[1,638s][debug][gc,nmethod  ] Register NMethod: java.util.stream.ReferencePipeline$2$1.<init> (0x000072e47f845288) [0x000072e47f845380, 0x000072e47f845ad8] Compiler: c1, Barriers: 6, Oops: 0, ImmediateOops: 0, NonImmediateOops: No
[1,638s][debug][gc,nmethod  ] Register NMethod: java.util.stream.Collectors$CollectorImpl.<init> (0x000072e47f845b08) [0x000072e47f845c00, 0x000072e47f846000] Compiler: c1, Barriers: 15, Oops: 0, ImmediateOops: 0, NonImmediateOops: No
[1,638s][debug][gc,nmethod  ] Register NMethod: java.util.stream.MatchOps$1MatchSink.accept (0x000072e47f846008) [0x000072e47f846100, 0x000072e47f8464f0] Compiler: c1, Barriers: 2, Oops: 0, ImmediateOops: 0, NonImmediateOops: No
[1,638s][debug][gc,nmethod  ] Register NMethod: jdk.internal.loader.AbstractClassLoaderValue.computeIfAbsent (0x000072e47f846508) [0x000072e47f846600, 0x000072e47f847e88] Compiler: c1, Barriers: 9, Oops: 0, ImmediateOops: 2, NonImmediateOops: No
[1,638s][debug][gc,nmethod  ] Register NMethod: java.util.function.Predicate.lambda$or$0 (0x000072e47f847f08) [0x000072e47f848000, 0x000072e47f848598] Compiler: c1, Barriers: 0, Oops: 0, ImmediateOops: 0, NonImmediateOops: No
[1,638s][debug][gc,nmethod  ] Register NMethod: org.junit.platform.commons.util.ReflectionUtils$$Lambda/0x00000000b318d698.test (0x000072e47f848608) [0x000072e47f848700, 0x000072e47f8493f8] Compiler: c1, Barriers: 3, Oops: 1, ImmediateOops: 0, NonImmediateOops: No
[1,639s][debug][gc,nmethod  ] Register NMethod: sun.reflect.annotation.AnnotationInvocationHandler.equalsImpl (0x000072e47f849408) [0x000072e47f849500, 0x000072e47f84df10] Compiler: c1, Barriers: 21, Oops: 2, ImmediateOops: 13, NonImmediateOops: No
[1,639s][debug][gc,nmethod  ] Register NMethod: java.util.function.Predicate$$Lambda/0x00000000b3117380.test (0x000072e47f84df88) [0x000072e47f84e080, 0x000072e47f84e8f8] Compiler: c1, Barriers: 2, Oops: 0, ImmediateOops: 0, NonImmediateOops: No
[1,639s][debug][gc,nmethod  ] Register NMethod: org.junit.platform.commons.util.ReflectionUtils.lambda$isMethodShadowedByLocalMethods$34 (0x000072e47f84e908) [0x000072e47f84ea00, 0x000072e47f84f438] Compiler: c1, Barriers: 2, Oops: 1, ImmediateOops: 0, NonImmediateOops: No
[1,639s][debug][gc,nmethod  ] Register NMethod: java.lang.reflect.Executable.getDeclaredAnnotations (0x000072e47f84f488) [0x000072e47f84f580, 0x000072e47f84fd40] Compiler: c1, Barriers: 0, Oops: 0, ImmediateOops: 1, NonImmediateOops: No
[1,639s][debug][gc,nmethod  ] Register NMethod: java.lang.reflect.Method.getDeclaredAnnotations (0x000072e47f84fd88) [0x000072e47f84fe80, 0x000072e47f8506a0] Compiler: c1, Barriers: 0, Oops: 0, ImmediateOops: 1, NonImmediateOops: No
[1,639s][debug][gc,nmethod  ] Register NMethod: org.junit.platform.commons.util.ReflectionUtils.isMethodShadowedBy (0x000072e47f850708) [0x000072e47f850800, 0x000072e47f8511d8] Compiler: c1, Barriers: 2, Oops: 1, ImmediateOops: 0, NonImmediateOops: No
[1,639s][debug][gc,nmethod  ] Register NMethod: org.junit.platform.commons.util.ReflectionUtils.hasCompatibleSignature (0x000072e47f851208) [0x000072e47f851300, 0x000072e47f852cd0] Compiler: c1, Barriers: 5, Oops: 1, ImmediateOops: 0, NonImmediateOops: No
[1,640s][debug][gc,director ] Rule Major: Warmup 10%, Used: 88MB, UsedThreshold: 1228MB
[1,640s][debug][gc,nmethod  ] Register NMethod: java.lang.invoke.MethodHandle.linkToSpecial (0x000072e49ec68688) [0x000072e49ec68780, 0x000072e49ec68878] Compiler: , Barriers: 0, Oops: 0, ImmediateOops: 0, NonImmediateOops: No
[1,641s][debug][gc,nmethod  ] Register NMethod: java.util.concurrent.ConcurrentHashMap.putIfAbsent (0x000072e49ec68988) [0x000072e49ec68a80, 0x000072e49ec6b210] Compiler: jvmci, Barriers: 92, Oops: 0, ImmediateOops: 0, NonImmediateOops: No
[1,642s][debug][gc,nmethod  ] Register NMethod: java.lang.invoke.LambdaForm$MH/0x00000000b309cc00.invoke (0x000072e47f852d08) [0x000072e47f852e00, 0x000072e47f853568] Compiler: c1, Barriers: 2, Oops: 1, ImmediateOops: 0, NonImmediateOops: No
[1,642s][debug][gc,nmethod  ] Register NMethod: java.lang.invoke.DirectMethodHandle$Holder.invokeStatic (0x000072e47f853588) [0x000072e47f853680, 0x000072e47f853a48] Compiler: c1, Barriers: 1, Oops: 0, ImmediateOops: 0, NonImmediateOops: No
[1,642s][debug][gc,nmethod  ] Register NMethod: java.lang.invoke.MethodHandle.linkToInterface (0x000072e49ec6b288) [0x000072e49ec6b380, 0x000072e49ec6b4b0] Compiler: , Barriers: 0, Oops: 0, ImmediateOops: 0, NonImmediateOops: No
[1,643s][debug][gc,nmethod  ] Register NMethod: jdk.internal.misc.Unsafe.ensureClassInitialized0 (0x000072e49ec6b588) [0x000072e49ec6b680, 0x000072e49ec6b7d8] Compiler: , Barriers: 0, Oops: 0, ImmediateOops: 0, NonImmediateOops: No
[1,643s][debug][gc,nmethod  ] Register NMethod: java.lang.StringConcatHelper.simpleConcat (0x000072e47f853a88) [0x000072e47f853b80, 0x000072e47f856830] Compiler: c1, Barriers: 6, Oops: 0, ImmediateOops: 6, NonImmediateOops: No
[1,643s][debug][gc,nmethod  ] Register NMethod: jdk.internal.classfile.impl.AbstractPoolEntry$ClassEntryImpl.<init> (0x000072e47f856888) [0x000072e47f856980, 0x000072e47f856ac8] Compiler: c1, Barriers: 0, Oops: 0, ImmediateOops: 0, NonImmediateOops: No
[1,643s][debug][gc,nmethod  ] Register NMethod: jdk.internal.classfile.impl.TemporaryConstantPool.classEntry (0x000072e47f856b88) [0x000072e47f856c80, 0x000072e47f857038] Compiler: c1, Barriers: 0, Oops: 0, ImmediateOops: 0, NonImmediateOops: No
[1,643s][debug][gc,nmethod  ] Register NMethod: java.lang.invoke.MethodHandleNatives.linkMethodHandleConstant (0x000072e47f857088) [0x000072e47f857180, 0x000072e47f8576f0] Compiler: c1, Barriers: 0, Oops: 0, ImmediateOops: 1, NonImmediateOops: No
[1,643s][debug][gc,nmethod  ] Register NMethod: java.lang.invoke.MemberName.isField (0x000072e47f857708) [0x000072e47f857800, 0x000072e47f8579b8] Compiler: c1, Barriers: 0, Oops: 0, ImmediateOops: 0, NonImmediateOops: No
[1,644s][debug][gc,nmethod  ] Register NMethod: java.lang.classfile.constantpool.ConstantPoolBuilder.classEntry (0x000072e47f857a08) [0x000072e47f857b00, 0x000072e47f85ac38] Compiler: c1, Barriers: 9, Oops: 1, ImmediateOops: 2, NonImmediateOops: No
[1,644s][debug][gc,nmethod  ] Register NMethod: java.lang.invoke.MethodHandles$Lookup.checkMethodName (0x000072e47f85ac88) [0x000072e47f85ad80, 0x000072e47f85bee8] Compiler: c1, Barriers: 0, Oops: 2, ImmediateOops: 3, NonImmediateOops: No
[1,644s][debug][gc,nmethod  ] Register NMethod: java.lang.invoke.MethodHandles$Lookup.resolveOrFail (0x000072e47f85bf08) [0x000072e47f85c000, 0x000072e47f85cd80] Compiler: c1, Barriers: 1, Oops: 1, ImmediateOops: 3, NonImmediateOops: No
[1,644s][debug][gc,nmethod  ] Register NMethod: java.lang.invoke.DirectMethodHandle.make (0x000072e47f85ce08) [0x000072e47f85cf00, 0x000072e47f85f748] Compiler: c1, Barriers: 4, Oops: 0, ImmediateOops: 1, NonImmediateOops: No
[1,644s][debug][gc,nmethod  ] Register NMethod: java.lang.invoke.MethodHandles$Lookup.linkMethodHandleConstant (0x000072e47f85f788) [0x000072e47f85f880, 0x000072e47f8630f8] Compiler: c1, Barriers: 12, Oops: 0, ImmediateOops: 6, NonImmediateOops: No
[1,645s][debug][gc,nmethod  ] Register NMethod: java.lang.classfile.CodeBuilder.getfield (0x000072e47f863108) [0x000072e47f863200, 0x000072e47f863be0] Compiler: c1, Barriers: 1, Oops: 1, ImmediateOops: 1, NonImmediateOops: No
[1,645s][debug][gc,nmethod  ] Register NMethod: java.lang.classfile.ClassBuilder.withField (0x000072e47f863c08) [0x000072e47f863d00, 0x000072e47f864a40] Compiler: c1, Barriers: 6, Oops: 0, ImmediateOops: 0, NonImmediateOops: No
[1,645s][debug][gc,nmethod  ] Register NMethod: java.lang.Class.getAnnotation (0x000072e47f864a88) [0x000072e47f864b80, 0x000072e47f865268] Compiler: c1, Barriers: 1, Oops: 0, ImmediateOops: 0, NonImmediateOops: No
[1,645s][debug][gc,nmethod  ] Register NMethod: jdk.internal.classfile.impl.AbstractPoolEntry$Utf8EntryImpl.writeTo (0x000072e49ec6b888) [0x000072e49ec6b9a0, 0x000072e49ec6c510] Compiler: jvmci, Barriers: 7, Oops: 0, ImmediateOops: 0, NonImmediateOops: No
[1,645s][debug][gc,nmethod  ] Register NMethod: java.util.stream.ReduceOps$ReduceOp.<init> (0x000072e47f865288) [0x000072e47f865380, 0x000072e47f865550] Compiler: c1, Barriers: 3, Oops: 0, ImmediateOops: 0, NonImmediateOops: No
[1,646s][debug][gc,nmethod  ] Register NMethod: java.util.stream.ReduceOps$3.<init> (0x000072e47f865588) [0x000072e47f865680, 0x000072e47f865a88] Compiler: c1, Barriers: 15, Oops: 0, ImmediateOops: 0, NonImmediateOops: No
[1,646s][debug][gc,nmethod  ] Register NMethod: jdk.proxy3.$Proxy21.equals (0x000072e47f865b08) [0x000072e47f865c00, 0x000072e47f866770] Compiler: c1, Barriers: 4, Oops: 2, ImmediateOops: 1, NonImmediateOops: No
[1,646s][debug][gc,nmethod  ] Register NMethod: java.util.stream.ReduceOps$3.makeSink (0x000072e47f866788) [0x000072e47f866880, 0x000072e47f8669c8] Compiler: c1, Barriers: 0, Oops: 0, ImmediateOops: 0, NonImmediateOops: No
[1,646s][debug][gc,nmethod  ] Register NMethod: java.util.stream.ReduceOps$3.getOpFlags (0x000072e47f866a88) [0x000072e47f866b80, 0x000072e47f866fc0] Compiler: c1, Barriers: 2, Oops: 0, ImmediateOops: 1, NonImmediateOops: No
[1,646s][debug][gc,nmethod  ] Register NMethod: java.util.stream.ReduceOps$ReduceOp.evaluateSequential (0x000072e47f867008) [0x000072e47f867100, 0x000072e47f867928] Compiler: c1, Barriers: 1, Oops: 0, ImmediateOops: 0, NonImmediateOops: No
[1,646s][debug][gc,nmethod  ] Register NMethod: java.util.stream.ReduceOps.makeRef (0x000072e47f867988) [0x000072e47f867a80, 0x000072e47f868448] Compiler: c1, Barriers: 18, Oops: 1, ImmediateOops: 1, NonImmediateOops: No
[1,646s][debug][gc,nmethod  ] Register NMethod: java.util.stream.ReferencePipeline.collect (0x000072e47f868488) [0x000072e47f868580, 0x000072e47f86a0d8] Compiler: c1, Barriers: 7, Oops: 1, ImmediateOops: 4, NonImmediateOops: No
[1,646s][debug][gc,nmethod  ] Register NMethod: java.util.stream.ReduceOps$Box.<init> (0x000072e47f86a108) [0x000072e47f86a200, 0x000072e47f86a358] Compiler: c1, Barriers: 0, Oops: 0, ImmediateOops: 0, NonImmediateOops: No
[1,646s][debug][gc,nmethod  ] Register NMethod: java.util.stream.ReduceOps$3ReducingSink.begin (0x000072e47f86a408) [0x000072e47f86a500, 0x000072e47f86a8c0] Compiler: c1, Barriers: 4, Oops: 0, ImmediateOops: 0, NonImmediateOops: No
[1,646s][debug][gc,nmethod  ] Register NMethod: java.util.stream.ReduceOps$3ReducingSink.<init> (0x000072e47f86a908) [0x000072e47f86aa00, 0x000072e47f86ad20] Compiler: c1, Barriers: 9, Oops: 0, ImmediateOops: 0, NonImmediateOops: No
[1,646s][debug][gc,nmethod  ] Register NMethod: java.util.stream.ReduceOps$3.makeSink (0x000072e47f86ad88) [0x000072e47f86ae80, 0x000072e47f86b2f8] Compiler: c1, Barriers: 12, Oops: 0, ImmediateOops: 0, NonImmediateOops: No
[1,648s][debug][gc,nmethod  ] Register NMethod: java.util.stream.Collectors.castingIdentity (0x000072e47f86b308) [0x000072e47f86b400, 0x000072e47f86b5a0] Compiler: c1, Barriers: 0, Oops: 1, ImmediateOops: 1, NonImmediateOops: No
[1,648s][debug][gc,nmethod  ] Register NMethod: java.util.stream.Collectors$CollectorImpl.<init> (0x000072e47f86b608) [0x000072e47f86b700, 0x000072e47f86bc78] Compiler: c1, Barriers: 15, Oops: 2, ImmediateOops: 1, NonImmediateOops: No
[1,648s][debug][gc,nmethod  ] Register NMethod: java.util.ArrayList$ArrayListSpliterator.estimateSize (0x000072e47f86bd08) [0x000072e47f86be00, 0x000072e47f86bfd8] Compiler: c1, Barriers: 1, Oops: 0, ImmediateOops: 0, NonImmediateOops: No
[1,648s][debug][gc,nmethod  ] Register NMethod: java.lang.Class.isAnnotationPresent (0x000072e47f86c008) [0x000072e47f86c100, 0x000072e47f86c8f8] Compiler: c1, Barriers: 1, Oops: 0, ImmediateOops: 0, NonImmediateOops: No
[1,648s][debug][gc,nmethod  ] Register NMethod: java.util.Collections.emptySet (0x000072e47f86c908) [0x000072e47f86ca00, 0x000072e47f86cae8] Compiler: c1, Barriers: 0, Oops: 0, ImmediateOops: 1, NonImmediateOops: No
[1,648s][debug][gc,nmethod  ] Register NMethod: sun.reflect.annotation.AnnotationInvocationHandler.memberValueHashCode (0x000072e49ec6c588) [0x000072e49ec6c680, 0x000072e49ec6cc68] Compiler: jvmci, Barriers: 5, Oops: 1, ImmediateOops: 0, NonImmediateOops: No
[1,648s][debug][gc,nmethod  ] Register NMethod: jdk.proxy3.$Proxy22.annotationType (0x000072e47f86cc08) [0x000072e47f86cd00, 0x000072e47f86d368] Compiler: c1, Barriers: 1, Oops: 1, ImmediateOops: 1, NonImmediateOops: No
[1,648s][debug][gc,nmethod  ] Register NMethod: jdk.proxy3.$Proxy22.hashCode (0x000072e47f86d388) [0x000072e47f86d480, 0x000072e47f86dcc8] Compiler: c1, Barriers: 1, Oops: 1, ImmediateOops: 1, NonImmediateOops: No
[1,649s][debug][gc,nmethod  ] Register NMethod: org.junit.platform.commons.util.AnnotationUtils.findRepeatableAnnotations (0x000072e47f86dd08) [0x000072e47f86de00, 0x000072e47f873300] Compiler: c1, Barriers: 10, Oops: 7, ImmediateOops: 12, NonImmediateOops: No
[1,649s][debug][gc,nmethod  ] Register NMethod: java.util.stream.Sink.begin (0x000072e47f873388) [0x000072e47f873480, 0x000072e47f873580] Compiler: c1, Barriers: 0, Oops: 0, ImmediateOops: 0, NonImmediateOops: No
[1,649s][debug][gc,nmethod  ] Register NMethod: org.junit.platform.engine.support.descriptor.AbstractTestDescriptor.getUniqueId (0x000072e49ec6cc88) [0x000072e49ec6cd80, 0x000072e49ec6ce68] Compiler: c1, Barriers: 1, Oops: 1, ImmediateOops: 0, NonImmediateOops: No
[1,649s][debug][gc,nmethod  ] Register NMethod: jdk.internal.util.ArraysSupport.hashCode (0x000072e49ec6cf88) [0x000072e49ec6d080, 0x000072e49ec6da08] Compiler: jvmci, Barriers: 12, Oops: 0, ImmediateOops: 0, NonImmediateOops: No
[1,649s][debug][gc,nmethod  ] Register NMethod: java.util.stream.AbstractPipeline.isParallel (0x000072e49ec6da88) [0x000072e49ec6db80, 0x000072e49ec6dc60] Compiler: jvmci, Barriers: 1, Oops: 0, ImmediateOops: 0, NonImmediateOops: No
[1,649s][debug][gc,nmethod  ] Register NMethod: java.lang.reflect.Proxy.getInvocationHandler (0x000072e47f873688) [0x000072e47f873780, 0x000072e47f8757c0] Compiler: c1, Barriers: 9, Oops: 2, ImmediateOops: 9, NonImmediateOops: No
[1,649s][debug][gc,nmethod  ] Register NMethod: java.lang.AbstractStringBuilder.isLatin1 (0x000072e49ec6dd88) [0x000072e49ec6de80, 0x000072e49ec6dee8] Compiler: jvmci, Barriers: 0, Oops: 0, ImmediateOops: 0, NonImmediateOops: No
[1,649s][debug][gc,nmethod  ] Register NMethod: java.lang.invoke.Invokers$Holder.linkToTargetMethod (0x000072e47f875808) [0x000072e47f875900, 0x000072e47f875df8] Compiler: c1, Barriers: 0, Oops: 0, ImmediateOops: 0, NonImmediateOops: No
[1,649s][debug][gc,nmethod  ] Register NMethod: java.lang.invoke.DirectMethodHandle$Holder.newInvokeSpecial (0x000072e47f875e08) [0x000072e47f875f00, 0x000072e47f876780] Compiler: c1, Barriers: 2, Oops: 0, ImmediateOops: 1, NonImmediateOops: No
[1,650s][debug][gc,nmethod  ] Register NMethod: java.lang.invoke.DirectMethodHandle.make (0x000072e47f876788) [0x000072e47f876880, 0x000072e47f8770f8] Compiler: c1, Barriers: 2, Oops: 0, ImmediateOops: 0, NonImmediateOops: No
[1,650s][debug][gc,nmethod  ] Register NMethod: java.lang.invoke.MemberName.asConstructor (0x000072e47f877108) [0x000072e47f877200, 0x000072e47f877e30] Compiler: c1, Barriers: 0, Oops: 0, ImmediateOops: 0, NonImmediateOops: No
[1,650s][debug][gc,nmethod  ] Register NMethod: java.lang.invoke.DirectMethodHandle.makeAllocator (0x000072e47f877e88) [0x000072e47f877f80, 0x000072e47f878ce8] Compiler: c1, Barriers: 2, Oops: 0, ImmediateOops: 0, NonImmediateOops: No
[1,650s][debug][gc,director ] Rule Major: Warmup 10%, Used: 90MB, UsedThreshold: 1228MB
[1,651s][debug][gc,nmethod  ] Register NMethod: jdk.internal.classfile.impl.StackMapGenerator$Frame.initializeObject (0x000072e47f878d08) [0x000072e47f878e00, 0x000072e47f879c28] Compiler: c1, Barriers: 12, Oops: 0, ImmediateOops: 1, NonImmediateOops: No
[1,651s][debug][gc,nmethod  ] Register NMethod: java.lang.classfile.ClassFile.of (0x000072e47f879c88) [0x000072e47f879d80, 0x000072e47f879e68] Compiler: c1, Barriers: 0, Oops: 0, ImmediateOops: 1, NonImmediateOops: No
[1,651s][debug][gc,nmethod  ] Register NMethod: java.lang.System$1.defineClass (0x000072e47f879f88) [0x000072e47f87a080, 0x000072e47f87a1f0] Compiler: c1, Barriers: 0, Oops: 0, ImmediateOops: 0, NonImmediateOops: No
[1,651s][debug][gc,nmethod  ] Register NMethod: java.lang.invoke.MethodHandles$Lookup$ClassDefiner.<init> (0x000072e47f87a288) [0x000072e47f87a380, 0x000072e47f87a720] Compiler: c1, Barriers: 12, Oops: 0, ImmediateOops: 0, NonImmediateOops: No
[1,651s][debug][gc,nmethod  ] Register NMethod: java.lang.invoke.MethodHandles$Lookup.makeHiddenClassDefiner (0x000072e47f87a788) [0x000072e47f87a880, 0x000072e47f87aea8] Compiler: c1, Barriers: 2, Oops: 0, ImmediateOops: 1, NonImmediateOops: No
[1,652s][debug][gc,nmethod  ] Register NMethod: java.lang.invoke.MethodHandles$Lookup$ClassDefiner.defineClass (0x000072e47f87af08) [0x000072e47f87b000, 0x000072e47f87cd48] Compiler: c1, Barriers: 21, Oops: 0, ImmediateOops: 2, NonImmediateOops: No
[1,652s][debug][gc,nmethod  ] Register NMethod: sun.reflect.annotation.AnnotationInvocationHandler.memberValueEquals (0x000072e47f87cd88) [0x000072e47f87ce80, 0x000072e47f8805e8] Compiler: c1, Barriers: 3, Oops: 0, ImmediateOops: 7, NonImmediateOops: No
[1,653s][debug][gc,nmethod  ] Register NMethod: java.util.Spliterators$IteratorSpliterator.characteristics (0x000072e49ec6e088) [0x000072e49ec6e180, 0x000072e49ec6e240] Compiler: c1, Barriers: 0, Oops: 0, ImmediateOops: 0, NonImmediateOops: No
[1,653s][debug][gc,nmethod  ] Register NMethod: java.lang.invoke.MethodHandles$Lookup.getDirectConstructor (0x000072e47f880608) [0x000072e47f880700, 0x000072e47f880830] Compiler: c1, Barriers: 0, Oops: 0, ImmediateOops: 0, NonImmediateOops: No
[1,653s][debug][gc,nmethod  ] Register NMethod: org.junit.platform.commons.util.AnnotationUtils.findAnnotation (0x000072e47f880908) [0x000072e47f880a00, 0x000072e47f881938] Compiler: c1, Barriers: 4, Oops: 3, ImmediateOops: 2, NonImmediateOops: No
[1,653s][debug][gc,nmethod  ] Register NMethod: jdk.internal.constant.ConstantUtils.internalNameToDesc (0x000072e47f881988) [0x000072e47f881a80, 0x000072e47f883e98] Compiler: c1, Barriers: 4, Oops: 2, ImmediateOops: 12, NonImmediateOops: No
[1,653s][debug][gc,nmethod  ] Register NMethod: java.lang.invoke.MethodHandles$Lookup.getDirectConstructorCommon (0x000072e47f883f08) [0x000072e47f884000, 0x000072e47f884d18] Compiler: c1, Barriers: 2, Oops: 0, ImmediateOops: 0, NonImmediateOops: No
[1,654s][debug][gc,nmethod  ] Register NMethod: jdk.internal.misc.Unsafe.storeFence (0x000072e47f884d88) [0x000072e47f884e80, 0x000072e47f885158] Compiler: c1, Barriers: 0, Oops: 0, ImmediateOops: 0, NonImmediateOops: No
[1,654s][debug][gc,nmethod  ] Register NMethod: sun.reflect.annotation.AnnotationInvocationHandler.invoke (0x000072e49ec6e388) [0x000072e49ec6e480, 0x000072e49ec6eb68] Compiler: jvmci, Barriers: 9, Oops: 0, ImmediateOops: 6, NonImmediateOops: No
[1,656s][debug][gc,nmethod  ] Register NMethod: java.util.LinkedHashMap$LinkedKeyIterator.next (0x000072e47f885188) [0x000072e47f885280, 0x000072e47f885780] Compiler: c1, Barriers: 1, Oops: 0, ImmediateOops: 0, NonImmediateOops: No
[1,656s][debug][gc,nmethod  ] Register NMethod: java.util.Collections$UnmodifiableCollection$1.hasNext (0x000072e47f885788) [0x000072e47f885880, 0x000072e47f885bc8] Compiler: c1, Barriers: 1, Oops: 0, ImmediateOops: 0, NonImmediateOops: No
[1,656s][debug][gc,nmethod  ] Register NMethod: java.util.AbstractCollection.addAll (0x000072e47f885c08) [0x000072e47f885d00, 0x000072e47f886708] Compiler: c1, Barriers: 0, Oops: 0, ImmediateOops: 0, NonImmediateOops: No
[1,657s][debug][gc,nmethod  ] Register NMethod: java.util.LinkedHashMap.keySet (0x000072e47f886788) [0x000072e47f886880, 0x000072e47f886b78] Compiler: c1, Barriers: 0, Oops: 0, ImmediateOops: 0, NonImmediateOops: No
[1,657s][debug][gc,nmethod  ] Register NMethod: java.util.LinkedHashMap$LinkedKeyIterator.<init> (0x000072e47f886b88) [0x000072e47f886c80, 0x000072e47f886f08] Compiler: c1, Barriers: 0, Oops: 0, ImmediateOops: 0, NonImmediateOops: No
[1,657s][debug][gc,nmethod  ] Register NMethod: java.util.LinkedHashMap$LinkedKeySet.iterator (0x000072e47f886f88) [0x000072e47f887080, 0x000072e47f887410] Compiler: c1, Barriers: 1, Oops: 0, ImmediateOops: 0, NonImmediateOops: No
[1,657s][debug][gc,nmethod  ] Register NMethod: java.util.LinkedHashMap.sequencedKeySet (0x000072e47f887488) [0x000072e47f887580, 0x000072e47f887c58] Compiler: c1, Barriers: 7, Oops: 0, ImmediateOops: 0, NonImmediateOops: No
[1,657s][debug][gc,nmethod  ] Register NMethod: java.util.Collections$UnmodifiableCollection.<init> (0x000072e47f887c88) [0x000072e47f887d80, 0x000072e47f888040] Compiler: c1, Barriers: 3, Oops: 0, ImmediateOops: 0, NonImmediateOops: No
[1,657s][debug][gc,nmethod  ] Register NMethod: java.util.HashSet.size (0x000072e47f888088) [0x000072e47f888180, 0x000072e47f888490] Compiler: c1, Barriers: 1, Oops: 0, ImmediateOops: 0, NonImmediateOops: No
[1,658s][debug][gc,nmethod  ] Register NMethod: java.lang.String.replace (0x000072e49ec6eb88) [0x000072e49ec6ec80, 0x000072e49ec6f338] Compiler: jvmci, Barriers: 3, Oops: 0, ImmediateOops: 0, NonImmediateOops: No
[1,659s][debug][gc,nmethod  ] Register NMethod: java.lang.reflect.Field.getModifiers (0x000072e49ec6f388) [0x000072e49ec6f480, 0x000072e49ec6f540] Compiler: c1, Barriers: 0, Oops: 0, ImmediateOops: 0, NonImmediateOops: No
[1,659s][debug][gc,nmethod  ] Register NMethod: java.io.ObjectStreamField.getField (0x000072e49ec6f688) [0x000072e49ec6f780, 0x000072e49ec6f868] Compiler: c1, Barriers: 1, Oops: 0, ImmediateOops: 0, NonImmediateOops: No
[1,659s][debug][gc,nmethod  ] Register NMethod: java.lang.reflect.Field.getType (0x000072e49ec6f988) [0x000072e49ec6fa80, 0x000072e49ec6fb68] Compiler: c1, Barriers: 1, Oops: 0, ImmediateOops: 0, NonImmediateOops: No
[1,659s][debug][gc,nmethod  ] Register NMethod: java.io.ObjectStreamField.getTypeCode (0x000072e47f888508) [0x000072e47f888600, 0x000072e47f888f90] Compiler: c1, Barriers: 2, Oops: 1, ImmediateOops: 2, NonImmediateOops: No
[1,659s][debug][gc,nmethod  ] Register NMethod: java.lang.invoke.BoundMethodHandle$Species_L.make (0x000072e47f889008) [0x000072e47f889100, 0x000072e47f889368] Compiler: c1, Barriers: 3, Oops: 0, ImmediateOops: 0, NonImmediateOops: No
[1,659s][debug][gc,nmethod  ] Register NMethod: java.util.LinkedHashMap.<init> (0x000072e47f889388) [0x000072e47f889480, 0x000072e47f8895d0] Compiler: c1, Barriers: 0, Oops: 0, ImmediateOops: 0, NonImmediateOops: No
[1,660s][debug][gc,nmethod  ] Register NMethod: java.util.HashSet.<init> (0x000072e47f889688) [0x000072e47f889780, 0x000072e47f889b28] Compiler: c1, Barriers: 3, Oops: 0, ImmediateOops: 0, NonImmediateOops: No
[1,660s][debug][gc,director ] Rule Major: Warmup 10%, Used: 92MB, UsedThreshold: 1228MB
[1,660s][debug][gc,nmethod  ] Register NMethod: org.junit.platform.engine.UniqueId.hashCode (0x000072e47f889b88) [0x000072e47f889c80, 0x000072e47f88a030] Compiler: c1, Barriers: 1, Oops: 1, ImmediateOops: 0, NonImmediateOops: No
[1,660s][debug][gc,nmethod  ] Register NMethod: java.util.Collections$EmptySet.contains (0x000072e49ec6fc88) [0x000072e49ec6fd80, 0x000072e49ec6fe40] Compiler: c1, Barriers: 0, Oops: 0, ImmediateOops: 0, NonImmediateOops: No
[1,660s][debug][gc,nmethod  ] Register NMethod: java.lang.invoke.TypeConvertingMethodAdapter.classDesc (0x000072e47f88a088) [0x000072e47f88a180, 0x000072e47f88b328] Compiler: c1, Barriers: 3, Oops: 1, ImmediateOops: 6, NonImmediateOops: No
[1,660s][debug][gc,nmethod  ] Register NMethod: java.lang.invoke.MethodHandle.linkToStatic (0x000072e49ec6ff88) [0x000072e49ec70080, 0x000072e49ec70170] Compiler: , Barriers: 0, Oops: 0, ImmediateOops: 0, NonImmediateOops: No
[1,661s][debug][gc,nmethod  ] Register NMethod: java.lang.invoke.InfoFromMemberName.getModifiers (0x000072e47f88b388) [0x000072e47f88b480, 0x000072e47f88b7d8] Compiler: c1, Barriers: 1, Oops: 0, ImmediateOops: 0, NonImmediateOops: No
[1,661s][debug][gc,nmethod  ] Register NMethod: jdk.internal.classfile.impl.InterfacesImpl.writeTo (0x000072e47f88b808) [0x000072e47f88b900, 0x000072e47f88bc88] Compiler: c1, Barriers: 4, Oops: 0, ImmediateOops: 0, NonImmediateOops: No
[1,661s][debug][gc,nmethod  ] Register NMethod: jdk.internal.classfile.impl.InterfacesImpl.<init> (0x000072e47f88bd08) [0x000072e47f88be00, 0x000072e47f88c0c8] Compiler: c1, Barriers: 3, Oops: 0, ImmediateOops: 0, NonImmediateOops: No
[1,661s][debug][gc,nmethod  ] Register NMethod: java.lang.classfile.Interfaces.of (0x000072e47f88c108) [0x000072e47f88c200, 0x000072e47f88c558] Compiler: c1, Barriers: 3, Oops: 0, ImmediateOops: 0, NonImmediateOops: No
[1,661s][debug][gc,nmethod  ] Register NMethod: java.lang.classfile.ClassBuilder.withInterfaces (0x000072e47f88c588) [0x000072e47f88c680, 0x000072e47f88cf10] Compiler: c1, Barriers: 3, Oops: 0, ImmediateOops: 0, NonImmediateOops: No
[1,661s][debug][gc,nmethod  ] Register NMethod: jdk.internal.classfile.impl.DirectClassBuilder.buildInterfaceEnties (0x000072e47f88cf88) [0x000072e47f88d080, 0x000072e47f88e588] Compiler: c1, Barriers: 6, Oops: 0, ImmediateOops: 0, NonImmediateOops: No
[1,662s][debug][gc,nmethod  ] Register NMethod: java.lang.invoke.MethodHandle.linkToInterface (0x000072e49ec70288) [0x000072e49ec70380, 0x000072e49ec704b0] Compiler: , Barriers: 0, Oops: 0, ImmediateOops: 0, NonImmediateOops: No
[1,663s][debug][gc,nmethod  ] Register NMethod: java.lang.invoke.MethodHandles$Lookup.getDirectMethod (0x000072e47f88e608) [0x000072e47f88e700, 0x000072e47f88e840] Compiler: c1, Barriers: 0, Oops: 0, ImmediateOops: 0, NonImmediateOops: No
[1,664s][debug][gc,nmethod  ] Register NMethod: java.lang.Module.canRead (0x000072e47f88e908) [0x000072e47f88ea00, 0x000072e47f891950] Compiler: c1, Barriers: 16, Oops: 3, ImmediateOops: 10, NonImmediateOops: No
[1,664s][debug][gc,nmethod  ] Register NMethod: java.lang.invoke.MethodHandles$Lookup.checkMethod (0x000072e47f891988) [0x000072e47f891a80, 0x000072e47f892968] Compiler: c1, Barriers: 0, Oops: 0, ImmediateOops: 4, NonImmediateOops: No
[1,664s][debug][gc,nmethod  ] Register NMethod: java.lang.invoke.MethodHandles$Lookup.findBoundCallerLookup (0x000072e47f892988) [0x000072e47f892a80, 0x000072e47f8935d0] Compiler: c1, Barriers: 0, Oops: 0, ImmediateOops: 1, NonImmediateOops: No
[1,664s][debug][gc,nmethod  ] Register NMethod: java.lang.invoke.MethodHandles$Lookup.maybeBindCaller (0x000072e47f893608) [0x000072e47f893700, 0x000072e47f894390] Compiler: c1, Barriers: 1, Oops: 0, ImmediateOops: 1, NonImmediateOops: No
[1,665s][debug][gc,nmethod  ] Register NMethod: java.lang.invoke.MethodHandles$Lookup.getDirectMethodCommon (0x000072e47f894408) [0x000072e47f894500, 0x000072e47f897970] Compiler: c1, Barriers: 11, Oops: 1, ImmediateOops: 1, NonImmediateOops: No
[1,665s][debug][gc,nmethod  ] Register NMethod: java.util.HashMap.putVal (0x000072e49ec70588) [0x000072e49ec70680, 0x000072e49ec713c8] Compiler: jvmci, Barriers: 32, Oops: 0, ImmediateOops: 0, NonImmediateOops: No
[1,666s][debug][gc,nmethod  ] Register NMethod: jdk.internal.classfile.impl.SplitConstantPool.tryFindClassEntry (0x000072e47f897988) [0x000072e47f897a80, 0x000072e47f8990e0] Compiler: c1, Barriers: 2, Oops: 0, ImmediateOops: 0, NonImmediateOops: No
[1,666s][debug][gc,nmethod  ] Register NMethod: jdk.internal.util.ReferencedKeyMap.removeStaleReferences (0x000072e49ec71408) [0x000072e49ec71500, 0x000072e49ec71638] Compiler: jvmci, Barriers: 2, Oops: 0, ImmediateOops: 0, NonImmediateOops: No
[1,666s][debug][gc,nmethod  ] Register NMethod: java.lang.Object.equals (0x000072e49ec71708) [0x000072e49ec71800, 0x000072e49ec71890] Compiler: jvmci, Barriers: 0, Oops: 0, ImmediateOops: 0, NonImmediateOops: No
[1,666s][debug][gc,nmethod  ] Register NMethod: sun.reflect.annotation.AnnotationInvocationHandler.hashCodeImpl (0x000072e49ec71a08) [0x000072e49ec71b00, 0x000072e49ec726f0] Compiler: jvmci, Barriers: 19, Oops: 2, ImmediateOops: 0, NonImmediateOops: No
[1,666s][debug][gc,nmethod  ] Register NMethod: java.util.Optional.empty (0x000072e49ec72708) [0x000072e49ec72800, 0x000072e49ec72870] Compiler: jvmci, Barriers: 0, Oops: 0, ImmediateOops: 1, NonImmediateOops: No
[1,666s][debug][gc,nmethod  ] Register NMethod: java.util.HashSet.add (0x000072e49ec72a08) [0x000072e49ec72b20, 0x000072e49ec74398] Compiler: jvmci, Barriers: 61, Oops: 1, ImmediateOops: 1, NonImmediateOops: No
[1,667s][debug][gc,nmethod  ] Register NMethod: jdk.internal.classfile.impl.BufWriterImpl.patchInt (0x000072e49ec74408) [0x000072e49ec74500, 0x000072e49ec74668] Compiler: jvmci, Barriers: 1, Oops: 0, ImmediateOops: 0, NonImmediateOops: No
[1,667s][debug][gc,nmethod  ] Register NMethod: java.util.zip.ZipFile$CleanableResource.getInflater (0x000072e47f899108) [0x000072e47f899200, 0x000072e47f899a60] Compiler: c1, Barriers: 2, Oops: 0, ImmediateOops: 0, NonImmediateOops: No
[1,668s][debug][gc,nmethod  ] Register NMethod: java.util.zip.ZipFile$CleanableResource.releaseInflater (0x000072e47f899a88) [0x000072e47f899b80, 0x000072e47f89a1f8] Compiler: c1, Barriers: 2, Oops: 0, ImmediateOops: 0, NonImmediateOops: No
[1,668s][debug][gc,nmethod  ] Register NMethod: jdk.internal.misc.Unsafe.shouldBeInitialized (0x000072e47f89a208) [0x000072e47f89a300, 0x000072e47f89a520] Compiler: c1, Barriers: 0, Oops: 0, ImmediateOops: 0, NonImmediateOops: No
[1,669s][debug][gc,nmethod  ] Register NMethod: java.lang.invoke.MethodHandle.isAncestorLoaderOf (0x000072e47f89a588) [0x000072e47f89a680, 0x000072e47f89ae38] Compiler: c1, Barriers: 1, Oops: 0, ImmediateOops: 4, NonImmediateOops: No
[1,669s][debug][gc,nmethod  ] Register NMethod: java.lang.Module.isExported (0x000072e47f89ae88) [0x000072e47f89af80, 0x000072e47f89b348] Compiler: c1, Barriers: 0, Oops: 0, ImmediateOops: 0, NonImmediateOops: No
[1,670s][debug][gc,nmethod  ] Register NMethod: java.lang.invoke.MethodHandleNatives.linkCallSite (0x000072e47f89b388) [0x000072e47f89b480, 0x000072e47f89bff0] Compiler: c1, Barriers: 0, Oops: 0, ImmediateOops: 0, NonImmediateOops: No
[1,670s][debug][gc,nmethod  ] Register NMethod: java.lang.invoke.MethodHandleNatives.staticArgumentsPulled (0x000072e47f89c008) [0x000072e47f89c100, 0x000072e47f89c3e8] Compiler: c1, Barriers: 0, Oops: 0, ImmediateOops: 0, NonImmediateOops: No
[1,670s][debug][gc,nmethod  ] Register NMethod: java.lang.invoke.ConstantCallSite.<init> (0x000072e47f89c408) [0x000072e47f89c500, 0x000072e47f89cb18] Compiler: c1, Barriers: 4, Oops: 0, ImmediateOops: 1, NonImmediateOops: No
[1,670s][debug][gc,nmethod  ] Register NMethod: java.lang.invoke.MethodHandleNatives.linkCallSiteImpl (0x000072e47f89cb88) [0x000072e47f89cc80, 0x000072e47f89db08] Compiler: c1, Barriers: 9, Oops: 0, ImmediateOops: 0, NonImmediateOops: No
[1,670s][debug][gc,director ] Rule Major: Warmup 10%, Used: 92MB, UsedThreshold: 1228MB
[1,670s][debug][gc,nmethod  ] Register NMethod: java.lang.invoke.CallSite.<init> (0x000072e47f89db88) [0x000072e47f89dc80, 0x000072e47f89e060] Compiler: c1, Barriers: 4, Oops: 0, ImmediateOops: 0, NonImmediateOops: No
[1,670s][debug][gc,nmethod  ] Register NMethod: jdk.internal.misc.Unsafe.storeStoreFence (0x000072e47f89e088) [0x000072e47f89e180, 0x000072e47f89e450] Compiler: c1, Barriers: 0, Oops: 0, ImmediateOops: 0, NonImmediateOops: No
[1,670s][debug][gc,nmethod  ] Register NMethod: java.lang.invoke.CallSite.makeSite (0x000072e47f89e488) [0x000072e47f89e580, 0x000072e47f8a0da0] Compiler: c1, Barriers: 7, Oops: 1, ImmediateOops: 7, NonImmediateOops: No
[1,670s][debug][gc,nmethod  ] Register NMethod: java.lang.invoke.BootstrapMethodInvoker.widenAndCast (0x000072e47f8a0e08) [0x000072e47f8a0f00, 0x000072e47f8a2630] Compiler: c1, Barriers: 0, Oops: 0, ImmediateOops: 0, NonImmediateOops: No
[1,671s][debug][gc,nmethod  ] Register NMethod: java.lang.invoke.MethodHandle.linkToStatic (0x000072e49ec74708) [0x000072e49ec74800, 0x000072e49ec748f0] Compiler: , Barriers: 0, Oops: 0, ImmediateOops: 0, NonImmediateOops: No
[1,671s][debug][gc,nmethod  ] Register NMethod: java.util.ImmutableCollections.listFromTrustedArray (0x000072e47f8a2688) [0x000072e47f8a2780, 0x000072e47f8a3960] Compiler: c1, Barriers: 19, Oops: 0, ImmediateOops: 2, NonImmediateOops: No
[1,672s][debug][gc,nmethod  ] Register NMethod: java.lang.invoke.BootstrapMethodInvoker.invoke (0x000072e47f8a3988) [0x000072e47f8a3a80, 0x000072e47f8ad898] Compiler: c1, Barriers: 54, Oops: 0, ImmediateOops: 9, NonImmediateOops: No
[1,672s][debug][gc,nmethod  ] Register NMethod: java.lang.invoke.MethodHandle.linkToSpecial (0x000072e49ec74a08) [0x000072e49ec74b00, 0x000072e49ec74bf8] Compiler: , Barriers: 0, Oops: 0, ImmediateOops: 0, NonImmediateOops: No
[1,672s][debug][gc,nmethod  ] Register NMethod: jdk.internal.misc.CDS.isDumpingArchive (0x000072e47f8ad908) [0x000072e47f8ada00, 0x000072e47f8adaf8] Compiler: c1, Barriers: 0, Oops: 0, ImmediateOops: 0, NonImmediateOops: No
[1,672s][debug][gc,nmethod  ] Register NMethod: java.lang.invoke.InfoFromMemberName.getMethodType (0x000072e47f8adc08) [0x000072e47f8add00, 0x000072e47f8ae030] Compiler: c1, Barriers: 1, Oops: 0, ImmediateOops: 0, NonImmediateOops: No
[1,672s][debug][gc,nmethod  ] Register NMethod: java.lang.invoke.InnerClassLambdaMetafactory.sanitizedTargetClassName (0x000072e47f8ae088) [0x000072e47f8ae180, 0x000072e47f8aeb60] Compiler: c1, Barriers: 1, Oops: 0, ImmediateOops: 0, NonImmediateOops: No
[1,673s][debug][gc,nmethod  ] Register NMethod: jdk.internal.classfile.impl.DirectCodeBuilder.invokespecial (0x000072e47f8aeb88) [0x000072e47f8aec80, 0x000072e47f8af7f0] Compiler: c1, Barriers: 2, Oops: 0, ImmediateOops: 0, NonImmediateOops: No
[1,673s][debug][gc,nmethod  ] Register NMethod: java.lang.invoke.InfoFromMemberName.getName (0x000072e47f8af808) [0x000072e47f8af900, 0x000072e47f8b0138] Compiler: c1, Barriers: 6, Oops: 0, ImmediateOops: 0, NonImmediateOops: No
[1,673s][debug][gc,nmethod  ] Register NMethod: jdk.internal.classfile.impl.Util.pow31 (0x000072e47f8b0188) [0x000072e47f8b0280, 0x000072e47f8b0530] Compiler: c1, Barriers: 0, Oops: 1, ImmediateOops: 1, NonImmediateOops: No
[1,673s][debug][gc,nmethod  ] Register NMethod: java.lang.invoke.MethodHandles$Lookup.hasFullPrivilegeAccess (0x000072e47f8b0588) [0x000072e47f8b0680, 0x000072e47f8b07d8] Compiler: c1, Barriers: 0, Oops: 0, ImmediateOops: 0, NonImmediateOops: No
[1,673s][debug][gc,nmethod  ] Register NMethod: java.lang.invoke.InfoFromMemberName.<init> (0x000072e47f8b0888) [0x000072e47f8b0980, 0x000072e47f8b0b78] Compiler: c1, Barriers: 3, Oops: 0, ImmediateOops: 0, NonImmediateOops: No
[1,673s][debug][gc,nmethod  ] Register NMethod: jdk.internal.classfile.impl.Util.entryList (0x000072e47f8b0b88) [0x000072e47f8b0c80, 0x000072e47f8b1a78] Compiler: c1, Barriers: 3, Oops: 1, ImmediateOops: 1, NonImmediateOops: No
[1,674s][debug][gc,nmethod  ] Register NMethod: java.lang.invoke.MethodHandles$Lookup.revealDirect (0x000072e47f8b1a88) [0x000072e47f8b1b80, 0x000072e47f8b48a8] Compiler: c1, Barriers: 2, Oops: 2, ImmediateOops: 4, NonImmediateOops: No
[1,674s][debug][gc,nmethod  ] Register NMethod: java.lang.invoke.InnerClassLambdaMetafactory.convertArgumentTypes (0x000072e47f8b4908) [0x000072e47f8b4a00, 0x000072e47f8b5cc8] Compiler: c1, Barriers: 12, Oops: 0, ImmediateOops: 1, NonImmediateOops: No
[1,674s][debug][gc,nmethod  ] Register NMethod: java.lang.invoke.AbstractValidatingLambdaMetafactory.checkDescriptor (0x000072e47f8b5d08) [0x000072e47f8b5e00, 0x000072e47f8ba3a0] Compiler: c1, Barriers: 37, Oops: 3, ImmediateOops: 7, NonImmediateOops: No
[1,675s][debug][gc,nmethod  ] Register NMethod: java.lang.invoke.InnerClassLambdaMetafactory$1.accept (0x000072e47f8ba408) [0x000072e47f8ba500, 0x000072e47f8bdd70] Compiler: c1, Barriers: 41, Oops: 0, ImmediateOops: 0, NonImmediateOops: No
[1,675s][debug][gc,nmethod  ] Register NMethod: java.lang.invoke.InnerClassLambdaMetafactory$3.accept (0x000072e47f8bdd88) [0x000072e47f8bde80, 0x000072e47f8c0418] Compiler: c1, Barriers: 18, Oops: 1, ImmediateOops: 5, NonImmediateOops: No
[1,676s][debug][gc,nmethod  ] Register NMethod: java.lang.invoke.AbstractValidatingLambdaMetafactory.<init> (0x000072e47f8c0488) [0x000072e47f8c0580, 0x000072e47f8cb698] Compiler: c1, Barriers: 117, Oops: 5, ImmediateOops: 13, NonImmediateOops: No
[1,676s][debug][gc,nmethod  ] Register NMethod: java.lang.invoke.InnerClassLambdaMetafactory.implClassDesc (0x000072e47f8cb708) [0x000072e47f8cb800, 0x000072e47f8cc6a8] Compiler: c1, Barriers: 2, Oops: 1, ImmediateOops: 2, NonImmediateOops: No
[1,676s][debug][gc,nmethod  ] Register NMethod: java.lang.invoke.InnerClassLambdaMetafactory.generateInnerClass (0x000072e47f8cc708) [0x000072e47f8cc800, 0x000072e47f8d0908] Compiler: c1, Barriers: 30, Oops: 2, ImmediateOops: 11, NonImmediateOops: No
[1,676s][debug][gc,nmethod  ] Register NMethod: java.lang.invoke.InnerClassLambdaMetafactory.<init> (0x000072e47f8d0988) [0x000072e47f8d0a80, 0x000072e47f8daa78] Compiler: c1, Barriers: 79, Oops: 7, ImmediateOops: 32, NonImmediateOops: No
[1,677s][debug][gc,nmethod  ] Register NMethod: java.lang.invoke.InnerClassLambdaMetafactory$6.accept (0x000072e47f8dab08) [0x000072e47f8dac00, 0x000072e47f8e0f18] Compiler: c1, Barriers: 44, Oops: 4, ImmediateOops: 10, NonImmediateOops: No
[1,677s][debug][gc,nmethod  ] Register NMethod: java.lang.invoke.AbstractValidatingLambdaMetafactory.validateMetafactoryArgs (0x000072e47f8e0f88) [0x000072e47f8e1080, 0x000072e47f8eefd0] Compiler: c1, Barriers: 156, Oops: 7, ImmediateOops: 25, NonImmediateOops: No
[1,677s][debug][gc,nmethod  ] Register NMethod: java.lang.invoke.AbstractValidatingLambdaMetafactory.isAdaptableToAsReturnStrict (0x000072e47f8ef088) [0x000072e47f8ef180, 0x000072e47f8efaa8] Compiler: c1, Barriers: 0, Oops: 1, ImmediateOops: 2, NonImmediateOops: No
[1,677s][debug][gc,nmethod  ] Register NMethod: java.lang.invoke.InnerClassLambdaMetafactory.spinInnerClass (0x000072e47f8efb08) [0x000072e47f8efc00, 0x000072e47f8efe78] Compiler: c1, Barriers: 0, Oops: 0, ImmediateOops: 0, NonImmediateOops: No
[1,677s][debug][gc,nmethod  ] Register NMethod: java.lang.invoke.AbstractValidatingLambdaMetafactory.isAdaptableToAsReturn (0x000072e47f8efe88) [0x000072e47f8eff80, 0x000072e47f8f0660] Compiler: c1, Barriers: 0, Oops: 1, ImmediateOops: 2, NonImmediateOops: No
[1,677s][debug][gc,nmethod  ] Register NMethod: jdk.internal.misc.CDS.isUsingArchive (0x000072e47f8f0688) [0x000072e47f8f0780, 0x000072e47f8f0878] Compiler: c1, Barriers: 0, Oops: 0, ImmediateOops: 0, NonImmediateOops: No
[1,677s][debug][gc,nmethod  ] Register NMethod: java.lang.invoke.InnerClassLambdaMetafactory$1.accept (0x000072e47f8f0988) [0x000072e47f8f0a80, 0x000072e47f8f0de8] Compiler: c1, Barriers: 0, Oops: 0, ImmediateOops: 0, NonImmediateOops: No
[1,677s][debug][gc,nmethod  ] Register NMethod: java.lang.invoke.InnerClassLambdaMetafactory$1.<init> (0x000072e47f8f0e08) [0x000072e47f8f0f00, 0x000072e47f8f1298] Compiler: c1, Barriers: 6, Oops: 0, ImmediateOops: 0, NonImmediateOops: No
[1,677s][debug][gc,nmethod  ] Register NMethod: java.util.ImmutableCollections$Access$1.listFromTrustedArray (0x000072e47f8f1308) [0x000072e47f8f1400, 0x000072e47f8f1530] Compiler: c1, Barriers: 0, Oops: 0, ImmediateOops: 0, NonImmediateOops: No
[1,677s][debug][gc,nmethod  ] Register NMethod: java.lang.classfile.ClassBuilder.withInterfaceSymbols (0x000072e47f8f1608) [0x000072e47f8f1700, 0x000072e47f8f2208] Compiler: c1, Barriers: 3, Oops: 0, ImmediateOops: 0, NonImmediateOops: No
[1,677s][debug][gc,nmethod  ] Register NMethod: jdk.internal.access.SharedSecrets.getJavaUtilCollectionAccess (0x000072e47f8f2288) [0x000072e47f8f2380, 0x000072e47f8f2610] Compiler: c1, Barriers: 2, Oops: 1, ImmediateOops: 3, NonImmediateOops: No
[1,677s][debug][gc,nmethod  ] Register NMethod: java.lang.invoke.InnerClassLambdaMetafactory.generateConstructor (0x000072e47f8f2688) [0x000072e47f8f2780, 0x000072e47f8f2cf8] Compiler: c1, Barriers: 4, Oops: 1, ImmediateOops: 1, NonImmediateOops: No
[1,678s][debug][gc,nmethod  ] Register NMethod: java.lang.invoke.InnerClassLambdaMetafactory$3.accept (0x000072e47f8f2d08) [0x000072e47f8f2e00, 0x000072e47f8f3168] Compiler: c1, Barriers: 0, Oops: 0, ImmediateOops: 0, NonImmediateOops: No
[1,678s][debug][gc,nmethod  ] Register NMethod: java.lang.invoke.InnerClassLambdaMetafactory$3.<init> (0x000072e47f8f3188) [0x000072e47f8f3280, 0x000072e47f8f35a8] Compiler: c1, Barriers: 3, Oops: 0, ImmediateOops: 0, NonImmediateOops: No
[1,678s][debug][gc,nmethod  ] Register NMethod: java.lang.invoke.InnerClassLambdaMetafactory$6.accept (0x000072e47f8f3608) [0x000072e47f8f3700, 0x000072e47f8f3a68] Compiler: c1, Barriers: 0, Oops: 0, ImmediateOops: 0, NonImmediateOops: No
[1,678s][debug][gc,nmethod  ] Register NMethod: java.lang.invoke.InnerClassLambdaMetafactory.forwardingMethod (0x000072e47f8f3a88) [0x000072e47f8f3b80, 0x000072e47f8f3ee8] Compiler: c1, Barriers: 6, Oops: 0, ImmediateOops: 0, NonImmediateOops: No
[1,678s][debug][gc,nmethod  ] Register NMethod: java.lang.invoke.InnerClassLambdaMetafactory$6.<init> (0x000072e47f8f3f08) [0x000072e47f8f4000, 0x000072e47f8f4390] Compiler: c1, Barriers: 6, Oops: 0, ImmediateOops: 0, NonImmediateOops: No
[1,678s][debug][gc,nmethod  ] Register NMethod: java.lang.invoke.InnerClassLambdaMetafactory.buildCallSite (0x000072e47f8f4408) [0x000072e47f8f4500, 0x000072e47f8f64a8] Compiler: c1, Barriers: 16, Oops: 1, ImmediateOops: 6, NonImmediateOops: No
[1,678s][debug][gc,nmethod  ] Register NMethod: java.util.stream.ReferencePipeline.map (0x000072e47f8f6508) [0x000072e47f8f6600, 0x000072e47f8f6b10] Compiler: c1, Barriers: 3, Oops: 1, ImmediateOops: 0, NonImmediateOops: No
[1,678s][debug][gc,nmethod  ] Register NMethod: java.util.stream.ReferencePipeline$3.<init> (0x000072e47f8f6b88) [0x000072e47f8f6c80, 0x000072e47f8f7060] Compiler: c1, Barriers: 3, Oops: 0, ImmediateOops: 0, NonImmediateOops: No
[1,678s][debug][gc,nmethod  ] Register NMethod: java.lang.invoke.InnerClassLambdaMetafactory.lambdaClassName (0x000072e47f8f7088) [0x000072e47f8f7180, 0x000072e47f8f9f18] Compiler: c1, Barriers: 6, Oops: 1, ImmediateOops: 8, NonImmediateOops: No
[1,678s][debug][gc,nmethod  ] Register NMethod: java.util.stream.Sink$ChainedReference.begin (0x000072e47f8f9f88) [0x000072e47f8fa080, 0x000072e47f8fa3c0] Compiler: c1, Barriers: 1, Oops: 0, ImmediateOops: 0, NonImmediateOops: No
[1,678s][debug][gc,nmethod  ] Register NMethod: java.util.stream.ReferencePipeline$3.opWrapSink (0x000072e47f8fa408) [0x000072e47f8fa500, 0x000072e47f8fac78] Compiler: c1, Barriers: 7, Oops: 0, ImmediateOops: 0, NonImmediateOops: No
[1,678s][debug][gc,nmethod  ] Register NMethod: java.lang.invoke.InnerClassLambdaMetafactory.invocationOpcode (0x000072e47f8fac88) [0x000072e47f8fad80, 0x000072e47f8fbc28] Compiler: c1, Barriers: 0, Oops: 1, ImmediateOops: 7, NonImmediateOops: No
[1,678s][debug][gc,nmethod  ] Register NMethod: java.util.stream.ReferencePipeline$3$1.<init> (0x000072e47f8fbc88) [0x000072e47f8fbd80, 0x000072e47f8fc4d8] Compiler: c1, Barriers: 6, Oops: 0, ImmediateOops: 0, NonImmediateOops: No
[1,678s][debug][gc,nmethod  ] Register NMethod: org.junit.platform.commons.util.AnnotationUtils.findRepeatableAnnotations (0x000072e47f8fc508) [0x000072e47f8fc600, 0x000072e47f8fd6e0] Compiler: c1, Barriers: 1, Oops: 1, ImmediateOops: 2, NonImmediateOops: No
[1,678s][debug][gc,nmethod  ] Register NMethod: java.lang.invoke.MethodHandles$Lookup.makeHiddenClassDefiner (0x000072e47f8fd708) [0x000072e47f8fd800, 0x000072e47f8fdaa8] Compiler: c1, Barriers: 0, Oops: 0, ImmediateOops: 0, NonImmediateOops: No
[1,678s][debug][gc,nmethod  ] Register NMethod: java.lang.invoke.DirectMethodHandle$Holder.invokeStatic (0x000072e47f8fdb08) [0x000072e47f8fdc00, 0x000072e47f8fdfd8] Compiler: c1, Barriers: 1, Oops: 0, ImmediateOops: 0, NonImmediateOops: No
[1,679s][debug][gc,nmethod  ] Register NMethod: java.nio.Buffer.limit (0x000072e47f8fe008) [0x000072e47f8fe100, 0x000072e47f8fe370] Compiler: c1, Barriers: 0, Oops: 0, ImmediateOops: 0, NonImmediateOops: No
[1,679s][debug][gc,nmethod  ] Register NMethod: java.util.Collections$UnmodifiableSet.<init> (0x000072e47f8fe388) [0x000072e47f8fe480, 0x000072e47f8fe7a0] Compiler: c1, Barriers: 3, Oops: 0, ImmediateOops: 0, NonImmediateOops: No
[1,679s][debug][gc,nmethod  ] Register NMethod: java.util.Collections.unmodifiableSet (0x000072e47f8fe808) [0x000072e47f8fe900, 0x000072e47f8fef18] Compiler: c1, Barriers: 3, Oops: 0, ImmediateOops: 1, NonImmediateOops: No
[1,679s][debug][gc,nmethod  ] Register NMethod: java.util.ArrayList.spliterator (0x000072e47f8fef88) [0x000072e47f8ff080, 0x000072e47f8ff390] Compiler: c1, Barriers: 3, Oops: 0, ImmediateOops: 0, NonImmediateOops: No
[1,679s][debug][gc,nmethod  ] Register NMethod: java.lang.invoke.LambdaMetafactory.metafactory (0x000072e47f8ff408) [0x000072e47f8ff500, 0x000072e47f9000b8] Compiler: c1, Barriers: 0, Oops: 0, ImmediateOops: 2, NonImmediateOops: No
[1,679s][debug][gc,nmethod  ] Register NMethod: java.lang.invoke.MethodHandles$Lookup.findConstructor (0x000072e47f900108) [0x000072e47f900200, 0x000072e47f901728] Compiler: c1, Barriers: 2, Oops: 1, ImmediateOops: 3, NonImmediateOops: No
[1,679s][debug][gc,nmethod  ] Register NMethod: java.util.ArrayList$ArrayListSpliterator.<init> (0x000072e47f901788) [0x000072e47f901880, 0x000072e47f901bc0] Compiler: c1, Barriers: 3, Oops: 0, ImmediateOops: 0, NonImmediateOops: No
[1,679s][debug][gc,nmethod  ] Register NMethod: java.lang.invoke.MethodHandle.linkToStatic (0x000072e49ec74d08) [0x000072e49ec74e00, 0x000072e49ec74ef0] Compiler: , Barriers: 0, Oops: 0, ImmediateOops: 0, NonImmediateOops: No
[1,680s][debug][gc,director ] Rule Major: Warmup 10%, Used: 94MB, UsedThreshold: 1228MB
[1,681s][debug][gc,nmethod  ] Register NMethod: java.lang.Character.isHighSurrogate (0x000072e47f901c08) [0x000072e47f901d00, 0x000072e47f901e60] Compiler: c1, Barriers: 0, Oops: 0, ImmediateOops: 0, NonImmediateOops: No
[1,681s][debug][gc,nmethod  ] Register NMethod: java.lang.Character.codePointAt (0x000072e47f901f08) [0x000072e47f902000, 0x000072e47f9029d0] Compiler: c1, Barriers: 0, Oops: 0, ImmediateOops: 0, NonImmediateOops: No
[1,683s][debug][gc,nmethod  ] Register NMethod: jdk.internal.loader.BuiltinClassLoader.isSealed (0x000072e47f902a08) [0x000072e47f902b00, 0x000072e47f9065b0] Compiler: c1, Barriers: 10, Oops: 3, ImmediateOops: 15, NonImmediateOops: No
[1,686s][debug][gc,nmethod  ] Register NMethod: jdk.internal.classfile.impl.AbstractPoolEntry$Utf8EntryImpl.<init> (0x000072e47f906608) [0x000072e47f906700, 0x000072e47f906cb8] Compiler: c1, Barriers: 23, Oops: 0, ImmediateOops: 0, NonImmediateOops: No
[1,686s][debug][gc,nmethod  ] Register NMethod: jdk.internal.classfile.impl.SplitConstantPool.tryFindUtf8 (0x000072e47f906d08) [0x000072e47f906e00, 0x000072e47f908228] Compiler: c1, Barriers: 1, Oops: 0, ImmediateOops: 0, NonImmediateOops: No
[1,688s][debug][gc,nmethod  ] Register NMethod: jdk.internal.classfile.impl.AbstractPoolEntry$Utf8EntryImpl.mayBeArrayDescriptor (0x000072e47f908288) [0x000072e47f908380, 0x000072e47f908860] Compiler: c1, Barriers: 2, Oops: 0, ImmediateOops: 1, NonImmediateOops: No
[1,688s][debug][gc,nmethod  ] Register NMethod: java.lang.invoke.LambdaForm$MH/0x00000000b3085000.invoke (0x000072e47f908888) [0x000072e47f908980, 0x000072e47f9094e0] Compiler: c1, Barriers: 2, Oops: 1, ImmediateOops: 0, NonImmediateOops: No
[1,689s][debug][gc,nmethod  ] Register NMethod: jdk.internal.classfile.impl.Util.descriptorStringHash (0x000072e47f909508) [0x000072e47f909600, 0x000072e47f90bbe8] Compiler: c1, Barriers: 4, Oops: 1, ImmediateOops: 9, NonImmediateOops: No
[1,690s][debug][gc,nmethod  ] Register NMethod: org.junit.platform.commons.util.AnnotationUtils.findRepeatableAnnotations (0x000072e47f90bc08) [0x000072e47f90bd00, 0x000072e47f912b68] Compiler: c1, Barriers: 21, Oops: 8, ImmediateOops: 21, NonImmediateOops: No
[1,690s][debug][gc,nmethod  ] Register NMethod: jdk.internal.classfile.impl.AbstractPoolEntry$AbstractNamedEntry.asInternalName (0x000072e47f912c08) [0x000072e47f912d00, 0x000072e47f913450] Compiler: c1, Barriers: 1, Oops: 0, ImmediateOops: 0, NonImmediateOops: No
[1,690s][debug][gc,nmethod  ] Register NMethod: jdk.internal.classfile.impl.AbstractPoolEntry$ClassEntryImpl.asInternalName (0x000072e47f913488) [0x000072e47f913580, 0x000072e47f913d30] Compiler: c1, Barriers: 1, Oops: 0, ImmediateOops: 0, NonImmediateOops: No
[1,690s][debug][gc,director ] Rule Major: Warmup 10%, Used: 96MB, UsedThreshold: 1228MB
[1,690s][debug][gc,nmethod  ] Register NMethod: jdk.internal.classfile.impl.AbstractPoolEntry$ClassEntryImpl.clone (0x000072e47f913d88) [0x000072e47f913e80, 0x000072e47f914380] Compiler: c1, Barriers: 0, Oops: 0, ImmediateOops: 0, NonImmediateOops: No
[1,690s][debug][gc,nmethod  ] Register NMethod: jdk.internal.classfile.impl.AbstractPoolEntry$ClassEntryImpl.clone (0x000072e47f914388) [0x000072e47f914480, 0x000072e47f914ba0] Compiler: c1, Barriers: 0, Oops: 0, ImmediateOops: 0, NonImmediateOops: No
[1,691s][debug][gc,nmethod  ] Register NMethod: jdk.internal.classfile.impl.SplitConstantPool.cloneClassEntry (0x000072e47f914c08) [0x000072e47f914d00, 0x000072e47f915e28] Compiler: c1, Barriers: 8, Oops: 0, ImmediateOops: 0, NonImmediateOops: No
[1,691s][debug][gc,nmethod  ] Register NMethod: jdk.internal.classfile.impl.BufWriterImpl.writeU1U2 (0x000072e49ec75008) [0x000072e49ec75100, 0x000072e49ec75600] Compiler: jvmci, Barriers: 4, Oops: 0, ImmediateOops: 0, NonImmediateOops: No
[1,691s][debug][gc,nmethod  ] Register NMethod: jdk.internal.classfile.impl.DirectClassBuilder.build (0x000072e47f915e88) [0x000072e47f915f80, 0x000072e47f91e220] Compiler: c1, Barriers: 26, Oops: 2, ImmediateOops: 6, NonImmediateOops: No
[1,691s][debug][gc,nmethod  ] Register NMethod: java.util.ArrayList.add (0x000072e49ec75608) [0x000072e49ec75700, 0x000072e49ec75e58] Compiler: jvmci, Barriers: 16, Oops: 0, ImmediateOops: 1, NonImmediateOops: No
[1,691s][debug][gc,nmethod  ] Register NMethod: java.util.ArrayList.toArray (0x000072e47f91e288) [0x000072e47f91e380, 0x000072e47f91e760] Compiler: c1, Barriers: 2, Oops: 0, ImmediateOops: 0, NonImmediateOops: No
[1,692s][debug][gc,nmethod  ] Register NMethod: java.util.ArrayList.addAll (0x000072e47f91e788) [0x000072e47f91e880, 0x000072e47f91ee20] Compiler: c1, Barriers: 1, Oops: 0, ImmediateOops: 0, NonImmediateOops: No
[1,693s][debug][gc,nmethod  ] Register NMethod: java.lang.invoke.MethodHandleImpl.makePairwiseConvert (0x000072e47f91ee88) [0x000072e47f91ef80, 0x000072e47f91f098] Compiler: c1, Barriers: 0, Oops: 0, ImmediateOops: 0, NonImmediateOops: No
[1,693s][debug][gc,nmethod  ] Register NMethod: java.lang.invoke.MethodHandle.setAsTypeCache (0x000072e47f91f188) [0x000072e47f91f280, 0x000072e47f91fb58] Compiler: c1, Barriers: 14, Oops: 0, ImmediateOops: 2, NonImmediateOops: No
[1,693s][debug][gc,nmethod  ] Register NMethod: java.lang.invoke.MethodHandleImpl.countNonNull (0x000072e47f91fb88) [0x000072e47f91fc80, 0x000072e47f91fec8] Compiler: c1, Barriers: 1, Oops: 0, ImmediateOops: 0, NonImmediateOops: No
[1,693s][debug][gc,nmethod  ] Register NMethod: java.lang.invoke.MethodHandleImpl.makePairwiseConvert (0x000072e47f91ff08) [0x000072e47f920000, 0x000072e47f920370] Compiler: c1, Barriers: 1, Oops: 0, ImmediateOops: 0, NonImmediateOops: No
[1,694s][debug][gc,nmethod  ] Register NMethod: java.lang.invoke.MethodHandle.asTypeUncached (0x000072e47f920388) [0x000072e47f920480, 0x000072e47f9220b0] Compiler: c1, Barriers: 1, Oops: 2, ImmediateOops: 4, NonImmediateOops: No
[1,694s][debug][gc,nmethod  ] Register NMethod: java.lang.invoke.MethodType.isConvertibleTo (0x000072e47f922108) [0x000072e47f922200, 0x000072e47f923760] Compiler: c1, Barriers: 12, Oops: 0, ImmediateOops: 0, NonImmediateOops: No
[1,694s][debug][gc,nmethod  ] Register NMethod: java.lang.invoke.MethodHandleImpl.computeValueConversions (0x000072e47f923788) [0x000072e47f923880, 0x000072e47f924b60] Compiler: c1, Barriers: 10, Oops: 0, ImmediateOops: 0, NonImmediateOops: No
[1,694s][debug][gc,nmethod  ] Register NMethod: java.util.regex.Pattern.lambda$ALL$0 (0x000072e49ec75e88) [0x000072e49ec75f80, 0x000072e49ec76020] Compiler: c1, Barriers: 0, Oops: 0, ImmediateOops: 0, NonImmediateOops: No
[1,695s][debug][gc,nmethod  ] Register NMethod: java.lang.Module.isExplicitlyExportedOrOpened (0x000072e47f924b88) [0x000072e47f924c80, 0x000072e47f925810] Compiler: c1, Barriers: 2, Oops: 0, ImmediateOops: 0, NonImmediateOops: No
[1,695s][debug][gc,nmethod  ] Register NMethod: java.lang.invoke.MethodHandleImpl.makePairwiseConvertByEditor (0x000072e47f925888) [0x000072e47f925980, 0x000072e47f930af8] Compiler: c1, Barriers: 43, Oops: 3, ImmediateOops: 15, NonImmediateOops: No
[1,695s][debug][gc,nmethod  ] Register NMethod: java.util.Optional.isEmpty (0x000072e47f930b88) [0x000072e47f930c80, 0x000072e47f930e00] Compiler: c1, Barriers: 1, Oops: 0, ImmediateOops: 0, NonImmediateOops: No
[1,696s][debug][gc,nmethod  ] Register NMethod: java.util.regex.Pattern$$Lambda/0x00000000b3110720.is (0x000072e47f930e88) [0x000072e47f930f80, 0x000072e47f9310e0] Compiler: c1, Barriers: 0, Oops: 0, ImmediateOops: 0, NonImmediateOops: No
[1,697s][debug][gc,nmethod  ] Register NMethod: java.lang.invoke.MethodHandle.invokeBasic (0x000072e49ec76188) [0x000072e49ec76280, 0x000072e49ec76518] Compiler: , Barriers: 0, Oops: 0, ImmediateOops: 0, NonImmediateOops: No
[1,697s][debug][gc,nmethod  ] Register NMethod: java.lang.invoke.MethodHandleStatics.dumper (0x000072e47f931188) [0x000072e47f931280, 0x000072e47f931368] Compiler: c1, Barriers: 0, Oops: 0, ImmediateOops: 1, NonImmediateOops: No
[1,697s][debug][gc,nmethod  ] Register NMethod: java.lang.invoke.LambdaFormBuffer.ownedCount (0x000072e47f931488) [0x000072e47f931580, 0x000072e47f931688] Compiler: c1, Barriers: 0, Oops: 0, ImmediateOops: 0, NonImmediateOops: No
[1,698s][debug][gc,nmethod  ] Register NMethod: java.lang.invoke.LambdaForm$NamedFunction.intrinsicName (0x000072e47f931788) [0x000072e47f931880, 0x000072e47f931c28] Compiler: c1, Barriers: 1, Oops: 0, ImmediateOops: 1, NonImmediateOops: No
[1,698s][debug][gc,nmethod  ] Register NMethod: java.lang.invoke.InvokerBytecodeGenerator.emitStoreResult (0x000072e47f931c88) [0x000072e47f931d80, 0x000072e47f932438] Compiler: c1, Barriers: 3, Oops: 0, ImmediateOops: 1, NonImmediateOops: No
[1,698s][debug][gc,nmethod  ] Register NMethod: java.lang.invoke.InvokerBytecodeGenerator.emitPushArguments (0x000072e47f932488) [0x000072e47f932580, 0x000072e47f9331a0] Compiler: c1, Barriers: 12, Oops: 0, ImmediateOops: 0, NonImmediateOops: No
[1,698s][debug][gc,nmethod  ] Register NMethod: java.lang.invoke.MethodHandle.linkToSpecial (0x000072e49ec76588) [0x000072e49ec76680, 0x000072e49ec76778] Compiler: , Barriers: 0, Oops: 0, ImmediateOops: 0, NonImmediateOops: No
[1,698s][debug][gc,nmethod  ] Register NMethod: java.lang.invoke.LambdaForm$NamedFunction.member (0x000072e47f933208) [0x000072e47f933300, 0x000072e47f933440] Compiler: c1, Barriers: 1, Oops: 0, ImmediateOops: 0, NonImmediateOops: No
[1,698s][debug][gc,nmethod  ] Register NMethod: java.lang.invoke.MemberName.isPrivate (0x000072e47f933508) [0x000072e47f933600, 0x000072e47f9337b0] Compiler: c1, Barriers: 0, Oops: 0, ImmediateOops: 0, NonImmediateOops: No
[1,698s][debug][gc,nmethod  ] Register NMethod: java.lang.invoke.MethodHandle.linkToSpecial (0x000072e49ec76888) [0x000072e49ec76980, 0x000072e49ec76a78] Compiler: , Barriers: 0, Oops: 0, ImmediateOops: 0, NonImmediateOops: No
[1,699s][debug][gc,nmethod  ] Register NMethod: java.lang.invoke.InvokerBytecodeGenerator.refKindOpcode (0x000072e47f933808) [0x000072e47f933900, 0x000072e47f934820] Compiler: c1, Barriers: 0, Oops: 1, ImmediateOops: 10, NonImmediateOops: No
[1,699s][debug][gc,nmethod  ] Register NMethod: java.lang.invoke.MethodHandle.linkToInterface (0x000072e49ec76b88) [0x000072e49ec76c80, 0x000072e49ec76db0] Compiler: , Barriers: 0, Oops: 0, ImmediateOops: 0, NonImmediateOops: No
[1,699s][debug][gc,nmethod  ] Register NMethod: java.lang.invoke.InvokerBytecodeGenerator.emitStaticInvoke (0x000072e47f934888) [0x000072e47f934980, 0x000072e47f937068] Compiler: c1, Barriers: 9, Oops: 0, ImmediateOops: 2, NonImmediateOops: No
[1,699s][debug][gc,nmethod  ] Register NMethod: jdk.internal.classfile.impl.DirectCodeBuilder.astore (0x000072e47f937088) [0x000072e47f937180, 0x000072e47f937570] Compiler: c1, Barriers: 1, Oops: 0, ImmediateOops: 0, NonImmediateOops: No
[1,699s][debug][gc,nmethod  ] Register NMethod: jdk.internal.classfile.impl.DirectCodeBuilder.localAccess (0x000072e47f937588) [0x000072e47f937680, 0x000072e47f93a580] Compiler: c1, Barriers: 8, Oops: 1, ImmediateOops: 13, NonImmediateOops: No
[1,699s][debug][gc,nmethod  ] Register NMethod: java.lang.invoke.InvokerBytecodeGenerator.isStaticallyInvocable (0x000072e47f93a608) [0x000072e47f93a700, 0x000072e47f93d5f8] Compiler: c1, Barriers: 4, Oops: 0, ImmediateOops: 3, NonImmediateOops: No
[1,700s][debug][gc,director ] Rule Major: Warmup 10%, Used: 98MB, UsedThreshold: 1228MB
[1,701s][debug][gc,nmethod  ] Register NMethod: java.lang.invoke.MethodHandles$Lookup.resolveOrFail (0x000072e47f93d608) [0x000072e47f93d700, 0x000072e47f93f4f0] Compiler: c1, Barriers: 7, Oops: 1, ImmediateOops: 3, NonImmediateOops: No
[1,701s][debug][gc,nmethod  ] Register NMethod: java.lang.invoke.MethodHandles$Lookup.getDirectMethodForConstant (0x000072e47f93f508) [0x000072e47f93f600, 0x000072e47f941738] Compiler: c1, Barriers: 0, Oops: 1, ImmediateOops: 4, NonImmediateOops: No
[1,702s][debug][gc,nmethod  ] Register NMethod: java.util.Spliterators$ArraySpliterator.<init> (0x000072e47f941788) [0x000072e47f941880, 0x000072e47f941a78] Compiler: c1, Barriers: 3, Oops: 0, ImmediateOops: 0, NonImmediateOops: No
[1,702s][debug][gc,nmethod  ] Register NMethod: java.lang.invoke.DirectMethodHandle.shouldBeInitialized (0x000072e47f941a88) [0x000072e47f941b80, 0x000072e47f942cb8] Compiler: c1, Barriers: 1, Oops: 1, ImmediateOops: 9, NonImmediateOops: No
[1,702s][debug][gc,nmethod  ] Register NMethod: java.lang.invoke.MethodHandles$Lookup.canBeCached (0x000072e47f942d08) [0x000072e47f942e00, 0x000072e47f945640] Compiler: c1, Barriers: 8, Oops: 1, ImmediateOops: 1, NonImmediateOops: No
[1,702s][debug][gc,nmethod  ] Register NMethod: java.lang.reflect.Proxy.newProxyInstance (0x000072e47f945688) [0x000072e47f945780, 0x000072e47f945a18] Compiler: c1, Barriers: 0, Oops: 0, ImmediateOops: 0, NonImmediateOops: No
[1,702s][debug][gc,nmethod  ] Register NMethod: java.lang.reflect.Proxy.<init> (0x000072e47f945a88) [0x000072e47f945b80, 0x000072e47f945ea0] Compiler: c1, Barriers: 3, Oops: 0, ImmediateOops: 0, NonImmediateOops: No
[1,702s][debug][gc,nmethod  ] Register NMethod: java.lang.reflect.Proxy.newProxyInstance (0x000072e47f945f08) [0x000072e47f946000, 0x000072e47f947550] Compiler: c1, Barriers: 3, Oops: 0, ImmediateOops: 0, NonImmediateOops: No
[1,703s][debug][gc,nmethod  ] Register NMethod: jdk.internal.classfile.impl.Util.isDoubleSlot (0x000072e49ec76e88) [0x000072e49ec76f80, 0x000072e49ec77038] Compiler: jvmci, Barriers: 0, Oops: 0, ImmediateOops: 2, NonImmediateOops: No
[1,703s][debug][gc,nmethod  ] Register NMethod: java.lang.reflect.Proxy.getProxyConstructor (0x000072e47f947588) [0x000072e47f947680, 0x000072e47f949358] Compiler: c1, Barriers: 16, Oops: 3, ImmediateOops: 8, NonImmediateOops: No
[1,703s][debug][gc,nmethod  ] Register NMethod: java.lang.invoke.MethodHandle.linkToStatic (0x000072e49ec77188) [0x000072e49ec77280, 0x000072e49ec77370] Compiler: , Barriers: 0, Oops: 0, ImmediateOops: 0, NonImmediateOops: No
[1,703s][debug][gc,nmethod  ] Register NMethod: java.util.Optional.of (0x000072e47f949388) [0x000072e47f949480, 0x000072e47f949828] Compiler: c1, Barriers: 3, Oops: 0, ImmediateOops: 0, NonImmediateOops: No
[1,703s][debug][gc,nmethod  ] Register NMethod: java.lang.Character.isLowSurrogate (0x000072e47f949888) [0x000072e47f949980, 0x000072e47f949ae0] Compiler: c1, Barriers: 0, Oops: 0, ImmediateOops: 0, NonImmediateOops: No
[1,704s][debug][gc,nmethod  ] Register NMethod: java.util.regex.Pattern$GroupTail.match (0x000072e47f949b88) [0x000072e47f949c80, 0x000072e47f94a218] Compiler: c1, Barriers: 4, Oops: 0, ImmediateOops: 0, NonImmediateOops: No
[1,704s][debug][gc,nmethod  ] Register NMethod: java.util.stream.Collectors$$Lambda/0x00000000b310f528.accept (0x000072e47f94a288) [0x000072e47f94a380, 0x000072e47f94ab70] Compiler: c1, Barriers: 4, Oops: 0, ImmediateOops: 0, NonImmediateOops: No
[1,704s][debug][gc,nmethod  ] Register NMethod: java.lang.Character.codePointBefore (0x000072e47f94ab88) [0x000072e47f94ac80, 0x000072e47f94b448] Compiler: c1, Barriers: 0, Oops: 0, ImmediateOops: 0, NonImmediateOops: No
[1,704s][debug][gc,nmethod  ] Register NMethod: java.util.Optional.map (0x000072e47f94b488) [0x000072e47f94b580, 0x000072e47f94bf68] Compiler: c1, Barriers: 4, Oops: 0, ImmediateOops: 2, NonImmediateOops: No
[1,704s][debug][gc,nmethod  ] Register NMethod: java.util.regex.Pattern$BmpCharProperty.match (0x000072e47f94bf88) [0x000072e47f94c080, 0x000072e47f94c918] Compiler: c1, Barriers: 2, Oops: 0, ImmediateOops: 0, NonImmediateOops: No
[1,705s][debug][gc,nmethod  ] Register NMethod: java.lang.invoke.MethodHandle.asTypeCached (0x000072e47f94c988) [0x000072e47f94ca80, 0x000072e47f94d1a0] Compiler: c1, Barriers: 4, Oops: 0, ImmediateOops: 0, NonImmediateOops: No
[1,706s][debug][gc,nmethod  ] Register NMethod: java.lang.invoke.MethodHandle.linkToStatic (0x000072e49ec77488) [0x000072e49ec77580, 0x000072e49ec77670] Compiler: , Barriers: 0, Oops: 0, ImmediateOops: 0, NonImmediateOops: No
[1,706s][debug][gc,nmethod  ] Register NMethod: java.lang.invoke.MethodHandle.linkToSpecial (0x000072e49ec77788) [0x000072e49ec77880, 0x000072e49ec77978] Compiler: , Barriers: 0, Oops: 0, ImmediateOops: 0, NonImmediateOops: No
[1,706s][debug][gc,nmethod  ] Register NMethod: java.lang.invoke.MethodHandle.invokeBasic (0x000072e49ec77a88) [0x000072e49ec77b80, 0x000072e49ec77e18] Compiler: , Barriers: 0, Oops: 0, ImmediateOops: 0, NonImmediateOops: No
[1,706s][debug][gc,nmethod  ] Register NMethod: java.lang.invoke.MethodHandle.linkToSpecial (0x000072e49ec77e88) [0x000072e49ec77f80, 0x000072e49ec78078] Compiler: , Barriers: 0, Oops: 0, ImmediateOops: 0, NonImmediateOops: No
[1,707s][debug][gc,nmethod  ] Register NMethod: java.lang.StringLatin1.hashCode (0x000072e47f94d208) [0x000072e47f94d300, 0x000072e47f94d428] Compiler: c1, Barriers: 0, Oops: 0, ImmediateOops: 0, NonImmediateOops: No
[1,708s][debug][gc,nmethod  ] Register NMethod: java.util.HashMap.entrySet (0x000072e47f94d508) [0x000072e47f94d600, 0x000072e47f94dac8] Compiler: c1, Barriers: 7, Oops: 0, ImmediateOops: 0, NonImmediateOops: No
[1,708s][debug][gc,nmethod  ] Register NMethod: java.util.HashMap$EntryIterator.<init> (0x000072e47f94db08) [0x000072e47f94dc00, 0x000072e47f94de80] Compiler: c1, Barriers: 0, Oops: 0, ImmediateOops: 0, NonImmediateOops: No
[1,708s][debug][gc,nmethod  ] Register NMethod: java.util.HashMap$EntrySet.iterator (0x000072e47f94de88) [0x000072e47f94df80, 0x000072e47f94e300] Compiler: c1, Barriers: 1, Oops: 0, ImmediateOops: 0, NonImmediateOops: No
[1,709s][debug][gc,nmethod  ] Register NMethod: java.util.Arrays.fill (0x000072e49ec78188) [0x000072e49ec78280, 0x000072e49ec78418] Compiler: jvmci, Barriers: 3, Oops: 0, ImmediateOops: 0, NonImmediateOops: No
[1,709s][debug][gc,nmethod  ] Register NMethod: java.lang.String.hashCode (0x000072e47f94e308) [0x000072e47f94e400, 0x000072e47f94ea28] Compiler: c1, Barriers: 2, Oops: 0, ImmediateOops: 0, NonImmediateOops: No
[1,709s][debug][gc,alloc    ] Mutator Allocation Rate: 165,6MB/s Predicted: 165,6MB/s, Avg: 165,6(+/-0,0)MB/s
[1,709s][debug][gc,director ] Rule Major: Warmup 10%, Used: 100MB, UsedThreshold: 1228MB
[1,713s][debug][gc,nmethod  ] Register NMethod: java.util.HashMap.put (0x000072e49ec78488) [0x000072e49ec78580, 0x000072e49ec79340] Compiler: jvmci, Barriers: 33, Oops: 0, ImmediateOops: 0, NonImmediateOops: No
[1,717s][debug][gc,nmethod  ] Register NMethod: java.lang.AbstractStringBuilder.append (0x000072e49ec79388) [0x000072e49ec79480, 0x000072e49ec79cb0] Compiler: jvmci, Barriers: 4, Oops: 0, ImmediateOops: 0, NonImmediateOops: No
[1,718s][debug][gc,nmethod  ] Register NMethod: java.lang.String.indexOf (0x000072e49ec79d08) [0x000072e49ec79e00, 0x000072e49ec7a0e0] Compiler: jvmci, Barriers: 2, Oops: 0, ImmediateOops: 0, NonImmediateOops: No
[1,718s][debug][gc,nmethod  ] Register NMethod: jdk.internal.classfile.impl.StackMapGenerator.processBlock (0x000072e49ec7a108) [0x000072e49ec7a200, 0x000072e49ec7c1f0] Compiler: jvmci, Barriers: 52, Oops: 3, ImmediateOops: 6, NonImmediateOops: No
[1,719s][debug][gc,director ] Rule Major: Warmup 10%, Used: 100MB, UsedThreshold: 1228MB
[1,722s][debug][gc,nmethod  ] Register NMethod: java.util.zip.ZipEntry.getName (0x000072e49ec7c288) [0x000072e49ec7c380, 0x000072e49ec7c468] Compiler: c1, Barriers: 1, Oops: 0, ImmediateOops: 0, NonImmediateOops: No
[1,724s][debug][gc,nmethod  ] Register NMethod: kotlin.jvm.internal.Intrinsics.checkParameterIsNotNull (0x000072e47f94ea88) [0x000072e47f94eb80, 0x000072e47f94f368] Compiler: c1, Barriers: 1, Oops: 2, ImmediateOops: 2, NonImmediateOops: No
[1,724s][debug][gc,nmethod  ] Register NMethod: java.util.LinkedHashMap.<init> (0x000072e47f94f388) [0x000072e47f94f480, 0x000072e47f94f6b0] Compiler: c1, Barriers: 0, Oops: 0, ImmediateOops: 0, NonImmediateOops: No
[1,724s][debug][gc,nmethod  ] Register NMethod: java.io.FileInputStream.readBytes (0x000072e49ec7c588) [0x000072e49ec7c680, 0x000072e49ec7c7e8] Compiler: , Barriers: 0, Oops: 0, ImmediateOops: 0, NonImmediateOops: No
[1,730s][debug][gc,director ] Rule Major: Warmup 10%, Used: 102MB, UsedThreshold: 1228MB
[1,732s][debug][gc,nmethod  ] Register NMethod: java.lang.ClassLoader.checkName (0x000072e49ec7c888) [0x000072e49ec7c980, 0x000072e49ec7cb08] Compiler: jvmci, Barriers: 1, Oops: 0, ImmediateOops: 0, NonImmediateOops: No
[1,736s][debug][gc,nmethod  ] Register NMethod: jdk.internal.classfile.impl.Util.paramSlotSize (0x000072e47f94f708) [0x000072e47f94f800, 0x000072e47f94fa30] Compiler: c1, Barriers: 0, Oops: 0, ImmediateOops: 2, NonImmediateOops: No
[1,737s][debug][gc,nmethod  ] Register NMethod: java.util.stream.StreamSpliterators$AbstractWrappingSpliterator.init (0x000072e47f94fa88) [0x000072e47f94fb80, 0x000072e47f950238] Compiler: c1, Barriers: 8, Oops: 0, ImmediateOops: 0, NonImmediateOops: No
[1,737s][debug][gc,nmethod  ] Register NMethod: java.lang.invoke.MethodType.methodType (0x000072e47f950288) [0x000072e47f950380, 0x000072e47f950530] Compiler: c1, Barriers: 0, Oops: 0, ImmediateOops: 2, NonImmediateOops: No
[1,738s][debug][gc,nmethod  ] Register NMethod: java.lang.invoke.Invokers.callSiteForm (0x000072e47f950588) [0x000072e47f950680, 0x000072e47f9530b8] Compiler: c1, Barriers: 23, Oops: 1, ImmediateOops: 5, NonImmediateOops: No
[1,738s][debug][gc,nmethod  ] Register NMethod: java.lang.CharacterDataLatin1.equalsIgnoreCase (0x000072e49ec7cb88) [0x000072e49ec7cc80, 0x000072e49ec7cd90] Compiler: jvmci, Barriers: 0, Oops: 0, ImmediateOops: 0, NonImmediateOops: No
[1,738s][debug][gc,nmethod  ] Register NMethod: java.util.Arrays.stream (0x000072e47f953108) [0x000072e47f953200, 0x000072e47f953418] Compiler: c1, Barriers: 0, Oops: 0, ImmediateOops: 0, NonImmediateOops: No
[1,738s][debug][gc,nmethod  ] Register NMethod: java.util.Arrays.stream (0x000072e47f953488) [0x000072e47f953580, 0x000072e47f953728] Compiler: c1, Barriers: 0, Oops: 0, ImmediateOops: 0, NonImmediateOops: No
[1,738s][debug][gc,nmethod  ] Register NMethod: java.util.Arrays.spliterator (0x000072e47f953788) [0x000072e47f953880, 0x000072e47f953998] Compiler: c1, Barriers: 0, Oops: 0, ImmediateOops: 0, NonImmediateOops: No
[1,738s][debug][gc,nmethod  ] Register NMethod: java.util.Spliterators.spliterator (0x000072e47f953a88) [0x000072e47f953b80, 0x000072e47f953eb0] Compiler: c1, Barriers: 0, Oops: 0, ImmediateOops: 0, NonImmediateOops: No
[1,739s][debug][gc,nmethod  ] Register NMethod: java.util.Spliterators.checkFromToBounds (0x000072e47f953f08) [0x000072e47f954000, 0x000072e47f9555e8] Compiler: c1, Barriers: 0, Oops: 3, ImmediateOops: 4, NonImmediateOops: No
[1,739s][debug][gc,nmethod  ] Register NMethod: java.util.regex.Pattern$$Lambda/0x00000000b30b27a0.is (0x000072e49ec7ce88) [0x000072e49ec7cf80, 0x000072e49ec7d010] Compiler: jvmci, Barriers: 0, Oops: 0, ImmediateOops: 0, NonImmediateOops: No
[1,740s][debug][gc,director ] Rule Major: Warmup 10%, Used: 104MB, UsedThreshold: 1228MB
[1,740s][debug][gc,nmethod  ] Register NMethod: java.util.Spliterators$ArraySpliterator.estimateSize (0x000072e47f955608) [0x000072e47f955700, 0x000072e47f955878] Compiler: c1, Barriers: 0, Oops: 0, ImmediateOops: 0, NonImmediateOops: No
[1,740s][debug][gc,nmethod  ] Register NMethod: jdk.internal.classfile.impl.BufWriterImpl.writeU1 (0x000072e49ec7d188) [0x000072e49ec7d280, 0x000072e49ec7d6a0] Compiler: jvmci, Barriers: 4, Oops: 0, ImmediateOops: 0, NonImmediateOops: No
[1,740s][debug][gc,nmethod  ] Register NMethod: java.lang.invoke.MethodHandle.linkToInterface (0x000072e49ec7d708) [0x000072e49ec7d800, 0x000072e49ec7d930] Compiler: , Barriers: 0, Oops: 0, ImmediateOops: 0, NonImmediateOops: No
[1,740s][debug][gc,nmethod  ] Register NMethod: sun.reflect.annotation.AnnotationInvocationHandler.<init> (0x000072e47f955908) [0x000072e47f955a00, 0x000072e47f957280] Compiler: c1, Barriers: 8, Oops: 1, ImmediateOops: 3, NonImmediateOops: No
[1,741s][debug][gc,nmethod  ] Register NMethod: java.util.stream.ReferencePipeline.forEachWithCancel (0x000072e47f957308) [0x000072e47f957400, 0x000072e47f957a00] Compiler: c1, Barriers: 0, Oops: 0, ImmediateOops: 0, NonImmediateOops: No
[1,741s][debug][gc,nmethod  ] Register NMethod: java.util.stream.AbstractPipeline.copyIntoWithCancel (0x000072e47f957a08) [0x000072e47f957b00, 0x000072e47f958510] Compiler: c1, Barriers: 1, Oops: 0, ImmediateOops: 0, NonImmediateOops: No
[1,741s][debug][gc,nmethod  ] Register NMethod: java.lang.reflect.AccessibleObject.getDeclaredAnnotation (0x000072e47f958588) [0x000072e47f958680, 0x000072e47f958980] Compiler: c1, Barriers: 0, Oops: 0, ImmediateOops: 0, NonImmediateOops: No
[1,741s][debug][gc,nmethod  ] Register NMethod: java.util.Collections$EmptySet.toArray (0x000072e47f958988) [0x000072e47f958a80, 0x000072e47f958e80] Compiler: c1, Barriers: 3, Oops: 0, ImmediateOops: 0, NonImmediateOops: No
[1,741s][debug][gc,nmethod  ] Register NMethod: java.util.stream.Collectors.toCollection (0x000072e47f958e88) [0x000072e47f958f80, 0x000072e47f959288] Compiler: c1, Barriers: 0, Oops: 3, ImmediateOops: 3, NonImmediateOops: No
[1,741s][debug][gc,nmethod  ] Register NMethod: java.util.Collections$EmptyMap.values (0x000072e47f959308) [0x000072e47f959400, 0x000072e47f959560] Compiler: c1, Barriers: 0, Oops: 0, ImmediateOops: 1, NonImmediateOops: No
[1,741s][debug][gc,nmethod  ] Register NMethod: org.junit.platform.commons.util.AnnotationUtils.isAnnotated (0x000072e47f959608) [0x000072e47f959700, 0x000072e47f959ab8] Compiler: c1, Barriers: 1, Oops: 1, ImmediateOops: 0, NonImmediateOops: No
[1,741s][debug][gc,nmethod  ] Register NMethod: java.lang.reflect.AccessibleObject.getAnnotations (0x000072e47f959b08) [0x000072e47f959c00, 0x000072e47f959f00] Compiler: c1, Barriers: 0, Oops: 0, ImmediateOops: 0, NonImmediateOops: No
[1,741s][debug][gc,nmethod  ] Register NMethod: java.util.Spliterators$ArraySpliterator.forEachRemaining (0x000072e47f959f08) [0x000072e47f95a000, 0x000072e47f95a5d0] Compiler: c1, Barriers: 2, Oops: 0, ImmediateOops: 0, NonImmediateOops: No
[1,742s][debug][gc,nmethod  ] Register NMethod: org.junit.platform.commons.util.Preconditions.condition (0x000072e47f95a608) [0x000072e47f95a700, 0x000072e47f95acf0] Compiler: c1, Barriers: 0, Oops: 1, ImmediateOops: 0, NonImmediateOops: No
[1,742s][debug][gc,nmethod  ] Register NMethod: java.lang.String.trim (0x000072e47f95ad08) [0x000072e47f95ae00, 0x000072e47f95b2d8] Compiler: c1, Barriers: 2, Oops: 0, ImmediateOops: 0, NonImmediateOops: No
[1,742s][debug][gc,nmethod  ] Register NMethod: jdk.internal.classfile.impl.SplitConstantPool.maybeCloneUtf8Entry (0x000072e49ec7da08) [0x000072e49ec7db00, 0x000072e49ec7e040] Compiler: jvmci, Barriers: 20, Oops: 0, ImmediateOops: 1, NonImmediateOops: No
[1,745s][debug][gc,nmethod  ] Register NMethod: java.lang.String.regionMatches (0x000072e49ec7e088) [0x000072e49ec7e180, 0x000072e49ec7e4c8] Compiler: jvmci, Barriers: 2, Oops: 0, ImmediateOops: 0, NonImmediateOops: No
[1,746s][info ][gc          ] GC(0) Major Collection (Metadata GC Threshold)
[1,746s][info ][gc,task     ] GC(0) Using 1 Workers for Young Generation
[1,746s][info ][gc,task     ] GC(0) Using 1 Workers for Old Generation
[1,746s][debug][gc,heap     ] GC(0) Y: Heap Before GC invocations=0 (full 0):
[1,746s][debug][gc,heap     ] GC(0) Y:  ZHeap           used 104M, capacity 5120M, max capacity 12288M
[1,746s][debug][gc,heap     ] GC(0) Y:   Cache          5016M (1)
[1,746s][debug][gc,heap     ] GC(0) Y:    size classes  4G (1)
[1,746s][debug][gc,metaspace] GC(0) Y: Metaspace Before GC invocations=0 (full 0):
[1,746s][debug][gc,metaspace] GC(0) Y:  Metaspace       used 21274K, committed 21568K, reserved 1114112K
[1,746s][debug][gc,metaspace] GC(0) Y:   class space    used 1694K, committed 1856K, reserved 1048576K
[1,746s][info ][gc,phases   ] GC(0) Y: Young Generation
[1,746s][debug][gc,reloc    ] Synchronize all workers 1 _nworkers: 0 _nsynchronized: 0
[1,746s][debug][gc,reloc    ] Synchronize all workers 1 _nworkers: 0 _nsynchronized: 0
[1,746s][debug][gc,phases,start] GC(0) Y: Pause Mark Start (Major)
[1,746s][debug][gc,tlab        ] GC(0) Y: TLAB usage update: used 0M -> 72M, capacity: 0M -> 72M
[1,746s][debug][gc,marking     ] GC(0) Y: Using 1 mark stripes
[1,746s][debug][gc,marking     ] GC(0) Y: Mark Worker/Stripe Distribution
[1,746s][debug][gc,marking     ] GC(0) Y:   Worker 0(1) -> Stripe 0(1)
[1,746s][debug][gc,marking     ] GC(0) Y: Using 1 mark stripes
[1,746s][debug][gc,marking     ] GC(0) Y: Mark Worker/Stripe Distribution
[1,746s][debug][gc,marking     ] GC(0) Y:   Worker 0(1) -> Stripe 0(1)
[1,746s][info ][gc,phases      ] GC(0) Y: Pause Mark Start (Major) 0,081ms
[1,746s][debug][gc,reloc       ] Desynchronize all workers _nworkers: 0 _nsynchronized: 0
[1,746s][debug][gc,reloc       ] Desynchronize all workers _nworkers: 0 _nsynchronized: 0
[1,746s][debug][gc,phases,start] GC(0) Y: Concurrent Mark
[1,746s][debug][gc,phases,start] GC(0) Y: Concurrent Mark Roots
[1,746s][debug][gc,marking     ] Resurrection broke termination
[1,746s][debug][gc,task        ] GC(0) Y: Executing ZMarkYoungRootsTask using ZWorkerYoung with 1 workers
[1,746s][debug][gc             ] JNI Critical Stall (Test worker) 0,244ms
[1,747s][debug][gc,nmethod     ] Register NMethod: java.lang.StringLatin1.regionMatchesCI (0x000072e49ec7e508) [0x000072e49ec7e600, 0x000072e49ec7e7d0] Compiler: jvmci, Barriers: 0, Oops: 0, ImmediateOops: 0, NonImmediateOops: No
[1,748s][debug][gc,nmethod     ] Register NMethod: java.util.LinkedHashMap.get (0x000072e49ec7e808) [0x000072e49ec7e900, 0x000072e49ec7f200] Compiler: jvmci, Barriers: 12, Oops: 0, ImmediateOops: 0, NonImmediateOops: No
[1,749s][debug][gc,nmethod     ] Register NMethod: java.nio.DirectIntBufferU.ix (0x000072e49ec7f208) [0x000072e49ec7f300, 0x000072e49ec7f390] Compiler: jvmci, Barriers: 0, Oops: 0, ImmediateOops: 0, NonImmediateOops: No
[1,749s][debug][gc,tlab        ] GC(0) Y: TLAB totals: thrds: 12  refills: 213 max: 201 slow allocs: 87 max 87 waste:  5,0% gc: 2522408B max: 261840B slow: 229744B max: 229152B
[1,749s][debug][gc,phases      ] GC(0) Y: Concurrent Mark Roots 3,230ms
[1,749s][debug][gc,phases,start] GC(0) Y: Concurrent Mark Follow
[1,749s][debug][gc,marking     ] GC(0) Y: Using 1 mark stripes
[1,749s][debug][gc,task        ] GC(0) Y: Executing ZRememberedScanMarkFollowTask using ZWorkerYoung with 1 workers
[1,754s][debug][gc,nmethod     ] Register NMethod: java.util.Properties.loadConvert (0x000072e47f95b308) [0x000072e47f95b400, 0x000072e47f95d270] Compiler: c1, Barriers: 0, Oops: 0, ImmediateOops: 3, NonImmediateOops: No
[1,755s][debug][gc,nmethod     ] Register NMethod: java.lang.invoke.MemberName$Factory.resolveOrNull (0x000072e47f95d288) [0x000072e47f95d380, 0x000072e47f95d7f8] Compiler: c1, Barriers: 1, Oops: 0, ImmediateOops: 0, NonImmediateOops: No
[1,756s][debug][gc,nmethod     ] Register NMethod: java.lang.reflect.Constructor.getDeclaringClass (0x000072e49ec7f508) [0x000072e49ec7f600, 0x000072e49ec7f6e8] Compiler: c1, Barriers: 1, Oops: 0, ImmediateOops: 0, NonImmediateOops: No
[1,756s][debug][gc,nmethod     ] Register NMethod: java.lang.reflect.Executable.isVarArgs (0x000072e47f95d808) [0x000072e47f95d900, 0x000072e47f95dc50] Compiler: c1, Barriers: 0, Oops: 0, ImmediateOops: 0, NonImmediateOops: No
[1,757s][debug][gc,nmethod     ] Register NMethod: java.lang.ref.SoftReference.get (0x000072e49ec7f808) [0x000072e49ec7f900, 0x000072e49ec7fa20] Compiler: jvmci, Barriers: 2, Oops: 0, ImmediateOops: 1, NonImmediateOops: No
[1,760s][debug][gc,remset      ] GC(0) Y: Remset forwarding retained: 0,000ms count: 0 ZWorkerYoung#1
[1,760s][debug][gc,remset      ] GC(0) Y: Remset forwarding released: 0,000ms count: 0 ZWorkerYoung#1
[1,760s][debug][gc,marking     ] GC(0) Y: Try terminate after resurrection
[1,761s][debug][gc,phases      ] GC(0) Y: Concurrent Mark Follow 11,250ms
[1,761s][info ][gc,phases      ] GC(0) Y: Concurrent Mark 14,514ms
[1,761s][debug][gc,reloc       ] Synchronize all workers 1 _nworkers: 0 _nsynchronized: 0
[1,761s][debug][gc,reloc       ] Synchronize all workers 1 _nworkers: 0 _nsynchronized: 0
[1,761s][debug][gc,phases,start] GC(0) Y: Pause Mark End
[1,761s][info ][gc,phases      ] GC(0) Y: Pause Mark End 0,029ms
[1,761s][debug][gc,reloc       ] Desynchronize all workers _nworkers: 0 _nsynchronized: 0
[1,761s][debug][gc,reloc       ] Desynchronize all workers _nworkers: 0 _nsynchronized: 0
[1,761s][debug][gc,phases,start] GC(0) Y: Concurrent Mark Free
[1,761s][info ][gc,phases      ] GC(0) Y: Concurrent Mark Free 0,022ms
[1,761s][debug][gc,phases,start] GC(0) Y: Concurrent Reset Relocation Set
[1,761s][info ][gc,phases      ] GC(0) Y: Concurrent Reset Relocation Set 0,005ms
[1,761s][debug][gc,phases,start] GC(0) Y: Concurrent Select Relocation Set
[1,761s][debug][gc,reloc       ] GC(0) Y: Relocation Set (Medium Pages): 0->0, 1 skipped, 0 forwarding entries
[1,761s][debug][gc,reloc       ] GC(0) Y: Relocation Set (Small Pages): 33->3, 1 skipped, 245944 forwarding entries
[1,761s][debug][gc,reloc       ] GC(0) Y: Allocated To Garbage: 4194304,0
[1,761s][debug][gc,reloc       ] GC(0) Y: Young Log Residency: 2,5
[1,761s][debug][gc,reloc       ] GC(0) Y: Life Decay Factor: 1,0
[1,761s][info ][gc,reloc       ] GC(0) Y: Using tenuring threshold: 1 (Computed)
[1,761s][debug][gc,task        ] GC(0) Y: Executing ZRelocationSetInstallTask using ZWorkerYoung with 1 workers
[1,762s][debug][gc,nmethod     ] Register NMethod: java.util.Arrays.fill (0x000072e49ec7fb08) [0x000072e49ec7fc00, 0x000072e49ec7fe28] Compiler: jvmci, Barriers: 6, Oops: 0, ImmediateOops: 0, NonImmediateOops: No
[1,762s][debug][gc,task        ] GC(0) Y: Executing ZPromotePagesTask using ZWorkerYoung with 1 workers
[1,762s][debug][gc,task        ] GC(0) Y: Executing ZPromotePagesTask using ZWorkerYoung with 1 workers
[1,762s][debug][gc,task        ] GC(0) Y: Executing ZPromotePagesTask using ZWorkerYoung with 1 workers
[1,762s][info ][gc,phases      ] GC(0) Y: Concurrent Select Relocation Set 1,327ms
[1,762s][debug][gc,reloc       ] Synchronize all workers 1 _nworkers: 0 _nsynchronized: 0
[1,762s][debug][gc,reloc       ] Synchronize all workers 1 _nworkers: 0 _nsynchronized: 0
[1,762s][debug][gc,phases,start] GC(0) Y: Pause Relocate Start
[1,762s][debug][gc,reloc       ] GC(0) Y: Joining workers: 1
[1,762s][info ][gc,phases      ] GC(0) Y: Pause Relocate Start 0,025ms
[1,762s][debug][gc,reloc       ] Desynchronize all workers _nworkers: 0 _nsynchronized: 0
[1,762s][debug][gc,reloc       ] Desynchronize all workers _nworkers: 1 _nsynchronized: 0
[1,762s][debug][gc,phases,start] GC(0) Y: Concurrent Relocate
[1,762s][debug][gc,task        ] GC(0) Y: Executing ZRelocateStoreBufferInstallBasePointersTask using ZWorkerYoung with 1 workers
[1,762s][debug][gc,task        ] GC(0) Y: Executing ZRelocateTask using ZWorkerYoung with 1 workers
[1,764s][debug][gc,nmethod     ] Register NMethod: jdk.internal.util.ArraysSupport.mismatch (0x000072e47f95dc88) [0x000072e47f95dd80, 0x000072e47f95e160] Compiler: c1, Barriers: 0, Oops: 0, ImmediateOops: 0, NonImmediateOops: No
[1,764s][debug][gc,nmethod     ] Register NMethod: java.lang.String.startsWith (0x000072e47f95e188) [0x000072e47f95e280, 0x000072e47f95f4a0] Compiler: c1, Barriers: 2, Oops: 0, ImmediateOops: 0, NonImmediateOops: No
[1,764s][debug][gc,nmethod     ] Register NMethod: java.util.ArrayList$Itr.next (0x000072e47f95f508) [0x000072e47f95f600, 0x000072e47f95fc48] Compiler: c1, Barriers: 3, Oops: 0, ImmediateOops: 0, NonImmediateOops: No
[1,764s][debug][gc,nmethod     ] Register NMethod: java.lang.String.startsWith (0x000072e47f95fc88) [0x000072e47f95fd80, 0x000072e47f960078] Compiler: c1, Barriers: 0, Oops: 0, ImmediateOops: 0, NonImmediateOops: No
[1,764s][debug][gc,nmethod     ] Register NMethod: jdk.internal.util.ArraysSupport.vectorizedMismatch (0x000072e47f960088) [0x000072e47f960180, 0x000072e47f960590] Compiler: c1, Barriers: 0, Oops: 0, ImmediateOops: 0, NonImmediateOops: No
[1,764s][debug][gc,nmethod     ] Register NMethod: java.util.ArrayList.indexOfRange (0x000072e47f960608) [0x000072e47f960700, 0x000072e47f960d38] Compiler: c1, Barriers: 3, Oops: 0, ImmediateOops: 0, NonImmediateOops: No
[1,764s][debug][gc,nmethod     ] Register NMethod: java.util.ArrayList.indexOf (0x000072e47f960d88) [0x000072e47f960e80, 0x000072e47f960fc0] Compiler: c1, Barriers: 0, Oops: 0, ImmediateOops: 0, NonImmediateOops: No
[1,765s][debug][gc,nmethod     ] Register NMethod: java.util.ArrayList.contains (0x000072e47f961088) [0x000072e47f961180, 0x000072e47f961370] Compiler: c1, Barriers: 0, Oops: 0, ImmediateOops: 0, NonImmediateOops: No
[1,766s][debug][gc,nmethod     ] Register NMethod: java.util.Arrays.fill (0x000072e47f961388) [0x000072e47f961480, 0x000072e47f961688] Compiler: c1, Barriers: 0, Oops: 0, ImmediateOops: 0, NonImmediateOops: No
[1,766s][debug][gc,reloc       ] GC(0) Y: Leaving workers: left: 0 _synchronize: 0 _nsynchronized: 0
[1,766s][debug][gc,nmethod     ] Register NMethod: com.sun.org.apache.xerces.internal.util.Status.isExceptional (0x000072e49ec7fe88) [0x000072e49ec7ff80, 0x000072e49ec80040] Compiler: c1, Barriers: 0, Oops: 0, ImmediateOops: 0, NonImmediateOops: No
[1,766s][debug][gc,phases,start] GC(0) Y: Concurrent Relocate Remset FP
[1,766s][debug][gc,task        ] GC(0) Y: Executing ZRelocateAddRemsetForFlipPromoted using ZWorkerYoung with 1 workers
[1,766s][debug][gc,phases      ] GC(0) Y: Concurrent Relocate Remset FP 0,094ms
[1,766s][info ][gc,phases      ] GC(0) Y: Concurrent Relocate 3,802ms
[1,766s][debug][gc,heap        ] GC(0) Y: Heap After GC invocations=1 (full 1):
[1,766s][debug][gc,heap        ] GC(0) Y:  ZHeap           used 50M, capacity 5120M, max capacity 12288M
[1,766s][debug][gc,heap        ] GC(0) Y:   Cache          5070M (3)
[1,766s][debug][gc,heap        ] GC(0) Y:    size classes  8M (1), 32M (1), 4G (1)
[1,766s][debug][gc,metaspace   ] GC(0) Y: Metaspace After GC invocations=1 (full 1):
[1,766s][debug][gc,metaspace   ] GC(0) Y:  Metaspace       used 22637K, committed 22848K, reserved 1114112K
[1,766s][debug][gc,metaspace   ] GC(0) Y:   class space    used 1819K, committed 1920K, reserved 1048576K
[1,766s][info ][gc,alloc       ] GC(0) Y:                         Mark Start        Mark End      Relocate Start    Relocate End   
[1,766s][info ][gc,alloc       ] GC(0) Y: Allocation Stalls:          0                0                0                0         
[1,766s][info ][gc,load        ] GC(0) Y: Load: 5,40 (27%) / 3,86 (19%) / 2,97 (15%)
[1,766s][info ][gc,mmu         ] GC(0) Y: MMU: 2ms/95,9%, 5ms/98,4%, 10ms/99,2%, 20ms/99,3%, 50ms/99,7%, 100ms/99,9%
[1,766s][info ][gc,marking     ] GC(0) Y: Mark: 1 stripe(s), 2 proactive flush(es), 1 terminate flush(es), 0 completion(s), 0 continuation(s) 
[1,766s][info ][gc,nmethod     ] GC(0) Y: NMethods: 2266 registered, 0 unregistered
[1,766s][info ][gc,metaspace   ] GC(0) Y: Metaspace: 22M used, 22M committed, 1088M reserved
[1,766s][info ][gc,reloc       ] GC(0) Y:                        Candidates     Selected     In-Place         Size        Empty    Relocated 
[1,766s][info ][gc,reloc       ] GC(0) Y: Small Pages:                   36           30            0          72M           0M           4M 
[1,766s][info ][gc,reloc       ] GC(0) Y: Medium Pages:                   1            0            0          32M           0M           0M 
[1,766s][info ][gc,reloc       ] GC(0) Y: Large Pages:                    0            0            0           0M           0M           0M 
[1,766s][info ][gc,reloc       ] GC(0) Y: Forwarding Usage: 1M
[1,766s][info ][gc,reloc       ] GC(0) Y: Age Table:
[1,766s][info ][gc,reloc       ] GC(0) Y:                    Live             Garbage             Small              Medium             Large        
[1,766s][info ][gc,reloc       ] GC(0) Y: Eden              11M (0%)           92M (1%)          36 / 30             1 / 0              0 / 0        
[1,767s][info ][gc,heap        ] GC(0) Y: Min Capacity: 5120M(42%)
[1,767s][info ][gc,heap        ] GC(0) Y: Max Capacity: 12288M(100%)
[1,767s][info ][gc,heap        ] GC(0) Y: Soft Max Capacity: 12288M(100%)
[1,767s][info ][gc,heap        ] GC(0) Y: Heap Statistics:
[1,767s][info ][gc,heap        ] GC(0) Y:                Mark Start          Mark End        Relocate Start      Relocate End           High               Low         
[1,767s][info ][gc,heap        ] GC(0) Y:  Capacity:     5120M (42%)        5120M (42%)        5120M (42%)        5120M (42%)        5120M (42%)        5120M (42%)    
[1,767s][info ][gc,heap        ] GC(0) Y:      Free:    12184M (99%)       12180M (99%)       12180M (99%)       12238M (100%)      12238M (100%)      12176M (99%)    
[1,767s][info ][gc,heap        ] GC(0) Y:      Used:      104M (1%)          108M (1%)          108M (1%)           50M (0%)          112M (1%)           50M (0%)     
[1,767s][info ][gc,heap        ] GC(0) Y: Young Generation Statistics:
[1,767s][info ][gc,heap        ] GC(0) Y:                Mark Start          Mark End        Relocate Start      Relocate End    
[1,767s][info ][gc,heap        ] GC(0) Y:      Used:      104M (1%)          108M (1%)          108M (1%)           50M (0%)     
[1,767s][info ][gc,heap        ] GC(0) Y:      Live:         -                11M (0%)           11M (0%)           11M (0%)     
[1,767s][info ][gc,heap        ] GC(0) Y:   Garbage:         -                92M (1%)           92M (1%)           31M (0%)     
[1,767s][info ][gc,heap        ] GC(0) Y: Allocated:         -                 4M (0%)            4M (0%)            7M (0%)     
[1,767s][info ][gc,heap        ] GC(0) Y: Reclaimed:         -                  -                 0M (0%)           61M (0%)     
[1,767s][info ][gc,heap        ] GC(0) Y:  Promoted:         -                  -                 0M (0%)            0M (0%)     
[1,767s][info ][gc,heap        ] GC(0) Y: Compacted:         -                  -                  -                 4M (0%)     
[1,767s][info ][gc,phases      ] GC(0) Y: Young Generation 104M(1%)->50M(0%) 0,020s
[1,767s][debug][gc,heap        ] GC(0) O: Heap Before GC invocations=1 (full 1):
[1,767s][debug][gc,heap        ] GC(0) O:  ZHeap           used 50M, capacity 5120M, max capacity 12288M
[1,767s][debug][gc,heap        ] GC(0) O:   Cache          5070M (3)
[1,767s][debug][gc,heap        ] GC(0) O:    size classes  8M (1), 32M (1), 4G (1)
[1,767s][debug][gc,nmethod     ] Register NMethod: com.sun.org.apache.xerces.internal.util.XMLChar.isValid (0x000072e47f961708) [0x000072e47f961800, 0x000072e47f9619e8] Compiler: c1, Barriers: 0, Oops: 0, ImmediateOops: 1, NonImmediateOops: No
[1,767s][debug][gc,metaspace   ] GC(0) O: Metaspace Before GC invocations=1 (full 1):
[1,767s][debug][gc,metaspace   ] GC(0) O:  Metaspace       used 22654K, committed 22848K, reserved 1114112K
[1,767s][debug][gc,metaspace   ] GC(0) O:   class space    used 1821K, committed 1920K, reserved 1048576K
[1,767s][info ][gc,phases      ] GC(0) O: Old Generation
[1,767s][debug][gc,phases,start] GC(0) O: Concurrent Mark
[1,767s][debug][gc,phases,start] GC(0) O: Concurrent Mark Roots
[1,767s][debug][gc,nmethod     ] Register NMethod: com.sun.org.apache.xerces.internal.util.XMLChar.isInvalid (0x000072e47f961a08) [0x000072e47f961b00, 0x000072e47f961d90] Compiler: c1, Barriers: 0, Oops: 0, ImmediateOops: 1, NonImmediateOops: No
[1,767s][debug][gc,task        ] GC(0) O: Executing ZMarkOldRootsTask using ZWorkerOld with 1 workers
[1,767s][debug][gc,tlab        ] GC(0) O: TLAB totals: thrds: 2  refills: 7 max: 6 slow allocs: 0 max 0 waste: 15,9% gc: 240664B max: 238088B slow: 9200B max: 9200B
[1,767s][debug][gc,phases      ] GC(0) O: Concurrent Mark Roots 0,301ms
[1,767s][debug][gc,phases,start] GC(0) O: Concurrent Mark Follow
[1,767s][debug][gc,marking     ] GC(0) O: Using 1 mark stripes
[1,767s][debug][gc,task        ] GC(0) O: Executing ZMarkTask using ZWorkerOld with 1 workers
[1,767s][debug][gc,phases      ] GC(0) O: Concurrent Mark Follow 0,316ms
[1,767s][info ][gc,phases      ] GC(0) O: Concurrent Mark 0,651ms
[1,767s][debug][gc,reloc       ] Synchronize all workers 1 _nworkers: 0 _nsynchronized: 0
[1,767s][debug][gc,reloc       ] Synchronize all workers 1 _nworkers: 0 _nsynchronized: 0
[1,768s][debug][gc,phases,start] GC(0) O: Pause Mark End
[1,768s][info ][gc,phases      ] GC(0) O: Pause Mark End 0,019ms
[1,768s][debug][gc,reloc       ] Desynchronize all workers _nworkers: 0 _nsynchronized: 0
[1,768s][debug][gc,reloc       ] Desynchronize all workers _nworkers: 0 _nsynchronized: 0
[1,768s][debug][gc,phases,start] GC(0) O: Concurrent Mark Free
[1,768s][info ][gc,phases      ] GC(0) O: Concurrent Mark Free 0,011ms
[1,768s][debug][gc,phases,start] GC(0) O: Concurrent Process Non-Strong
[1,768s][debug][gc,phases,start] GC(0) O: Concurrent References Process
[1,768s][debug][gc,task        ] GC(0) O: Executing ZReferenceProcessorTask using ZWorkerOld with 1 workers
[1,768s][debug][gc,phases      ] GC(0) O: Concurrent References Process 0,035ms
[1,768s][debug][gc,task        ] GC(0) O: Executing ZProcessWeakRootsTask using ZWorkerOld with 1 workers
[1,768s][debug][gc,phases,start] GC(0) O: Concurrent Classes Unlink
[1,768s][debug][gc,phases,start] GC(0) O: ClassLoaderData
[1,768s][debug][gc,phases      ] GC(0) O: ClassLoaderData 0,015ms
[1,769s][debug][gc,phases,start] GC(0) O: Trigger cleanups
[1,769s][debug][gc,phases      ] GC(0) O: Trigger cleanups 0,009ms
[1,769s][debug][gc,task        ] GC(0) O: Executing ZNMethodUnlinkTask using ZWorkerOld with 1 workers
[1,769s][debug][gc,nmethod     ] Register NMethod: java.util.Arrays.fill (0x000072e49ec80188) [0x000072e49ec80280, 0x000072e49ec80478] Compiler: jvmci, Barriers: 0, Oops: 0, ImmediateOops: 0, NonImmediateOops: No
[1,769s][debug][gc,nmethod     ] GC(0) O: Unregister NMethod: java.util.WeakHashMap.put (0x000072e47f52e008) [0x000072e47f52e100, 0x000072e47f52fa40] 
[1,769s][debug][gc,nmethod     ] GC(0) O: Unregister NMethod: org.junit.platform.commons.util.AnnotationUtils.findRepeatableAnnotations (0x000072e47f86dd08) [0x000072e47f86de00, 0x000072e47f873300] 
[1,769s][debug][gc,nmethod     ] GC(0) O: Unregister NMethod: java.lang.String.charAt (0x000072e49ebe8088) [0x000072e49ebe8180, 0x000072e49ebe82b0] 
[1,769s][debug][gc,nmethod     ] GC(0) O: Unregister NMethod: java.util.HashMap.put (0x000072e47f434a08) [0x000072e47f434b00, 0x000072e47f4350e8] 
[1,769s][debug][gc,nmethod     ] GC(0) O: Unregister NMethod: java.util.ArrayDeque.elementAt (0x000072e47f4d7308) [0x000072e47f4d7400, 0x000072e47f4d7538] 
[1,769s][debug][gc,nmethod     ] GC(0) O: Unregister NMethod: java.util.zip.Checksum.update (0x000072e47f5e4408) [0x000072e47f5e4500, 0x000072e47f5e4688] 
[1,769s][debug][gc,nmethod     ] GC(0) O: Unregister NMethod: java.util.Objects.requireNonNull (0x000072e47f421988) [0x000072e47f421a80, 0x000072e47f421c58] 
[1,769s][debug][gc,nmethod     ] GC(0) O: Unregister NMethod: java.lang.module.ModuleDescriptor$Exports.isQualified (0x000072e47f428008) [0x000072e47f428100, 0x000072e47f428490] 
[1,769s][debug][gc,nmethod     ] GC(0) O: Unregister NMethod: java.lang.invoke.MemberName.getReferenceKind (0x000072e47f47af08) [0x000072e47f47b000, 0x000072e47f47b110] 
[1,769s][debug][gc,nmethod     ] GC(0) O: Unregister NMethod: java.lang.String.<init> (0x000072e47f476608) [0x000072e47f476700, 0x000072e47f4770a0] 
[1,769s][debug][gc,nmethod     ] GC(0) O: Unregister NMethod: java.util.concurrent.ConcurrentHashMap.putVal (0x000072e47f414588) [0x000072e47f414680, 0x000072e47f416b78] 
[1,769s][debug][gc,nmethod     ] Register NMethod: java.lang.CharacterDataLatin1.getPropertiesEx (0x000072e47f961e08) [0x000072e47f961f00, 0x000072e47f962030] Compiler: c1, Barriers: 0, Oops: 0, ImmediateOops: 1, NonImmediateOops: No
[1,769s][debug][gc,nmethod     ] Register NMethod: java.lang.CharacterDataLatin1.isUpperCase (0x000072e47f962108) [0x000072e47f962200, 0x000072e47f962598] Compiler: c1, Barriers: 0, Oops: 0, ImmediateOops: 1, NonImmediateOops: No
[1,769s][debug][gc,nmethod     ] GC(0) O: Unregister NMethod: java.util.zip.ZipCoder$UTF8ZipCoder.checkedHash (0x000072e47f470908) [0x000072e47f470a00, 0x000072e47f470e20] 
[1,769s][debug][gc,nmethod     ] GC(0) O: Unregister NMethod: java.util.HashMap.put (0x000072e47f42b088) [0x000072e47f42b180, 0x000072e47f42b768] 
[1,769s][debug][gc,nmethod     ] GC(0) O: Unregister NMethod: java.util.zip.ZipFile$Source.nextEntryPos (0x000072e47f46ff88) [0x000072e47f470080, 0x000072e47f470338] 
[1,769s][debug][gc,nmethod     ] GC(0) O: Unregister NMethod: jdk.internal.loader.Resource.getByteBuffer (0x000072e47f5e2b88) [0x000072e47f5e2c80, 0x000072e47f5e39f8] 
[1,769s][debug][gc,nmethod     ] GC(0) O: Unregister NMethod: java.lang.StringLatin1.regionMatchesCI (0x000072e47f4c3188) [0x000072e47f4c3280, 0x000072e47f4c3520] 
[1,769s][debug][gc,nmethod     ] GC(0) O: Unregister NMethod: java.util.zip.ZipFile$Source.isMetaName (0x000072e47f470388) [0x000072e47f470480, 0x000072e47f4708e0] 
[1,769s][debug][gc,nmethod     ] GC(0) O: Unregister NMethod: jdk.internal.classfile.impl.Util.isDoubleSlot (0x000072e47f6a3f88) [0x000072e47f6a4080, 0x000072e47f6a41f0] 
[1,769s][debug][gc,nmethod     ] GC(0) O: Unregister NMethod: java.util.jar.JarFile.checkForSpecialAttributes (0x000072e49ec37d08) [0x000072e49ec37e00, 0x000072e49ec38758] 
[1,769s][debug][gc,nmethod     ] GC(0) O: Unregister NMethod: worker.org.gradle.internal.stream.EncodedStream$EncodedInput.read (0x000072e47f451208) [0x000072e47f451300, 0x000072e47f451a58] 
[1,769s][debug][gc,nmethod     ] GC(0) O: Unregister NMethod: jdk.internal.constant.MethodTypeDescImpl.parameterCount (0x000072e47f4c0408) [0x000072e47f4c0500, 0x000072e47f4c0638] 
[1,769s][debug][gc,nmethod     ] GC(0) O: Unregister NMethod: java.util.HashMap.afterNodeInsertion (0x000072e47f42a508) [0x000072e47f42a600, 0x000072e47f42a700] 
[1,769s][debug][gc,nmethod     ] GC(0) O: Unregister NMethod: java.lang.System$1.uncheckedCountPositives (0x000072e47f46ea88) [0x000072e47f46eb80, 0x000072e47f46edd8] 
[1,769s][debug][gc,nmethod     ] GC(0) O: Unregister NMethod: java.util.jar.JarFile.getEntry (0x000072e47f4c1d88) [0x000072e47f4c1e80, 0x000072e47f4c25c8] 
[1,769s][debug][gc,nmethod     ] GC(0) O: Unregister NMethod: jdk.internal.classfile.impl.SplitConstantPool.internalAdd (0x000072e47f425e08) [0x000072e47f425f00, 0x000072e47f426ce8] 
[1,769s][debug][gc,nmethod     ] GC(0) O: Unregister NMethod: java.util.zip.ZipFile.getEntry (0x000072e47f484988) [0x000072e47f484a80, 0x000072e47f485048] 
[1,769s][debug][gc,nmethod     ] GC(0) O: Unregister NMethod: java.lang.String.substring (0x000072e47f441808) [0x000072e47f441900, 0x000072e47f442420] 
[1,769s][debug][gc,nmethod     ] GC(0) O: Unregister NMethod: jdk.internal.jimage.ImageStringsReader.unmaskedHashCode (0x000072e47f519c08) [0x000072e47f519d00, 0x000072e47f51af00] 
[1,769s][debug][gc,nmethod     ] GC(0) O: Unregister NMethod: java.util.AbstractCollection.<init> (0x000072e47f407488) [0x000072e47f407580, 0x000072e47f4076d8] 
[1,769s][debug][gc,nmethod     ] GC(0) O: Unregister NMethod: java.lang.String.isLatin1 (0x000072e49ebe7a88) [0x000072e49ebe7b80, 0x000072e49ebe7c40] 
[1,769s][debug][gc,nmethod     ] GC(0) O: Unregister NMethod: java.util.WeakHashMap.getTable (0x000072e47f48a808) [0x000072e47f48a900, 0x000072e47f48aa78] 
[1,770s][debug][gc,nmethod     ] GC(0) O: Unregister NMethod: jdk.internal.util.ArraysSupport.hashCode (0x000072e47f73e508) [0x000072e47f73e600, 0x000072e47f73eab0] 
[1,770s][debug][gc,nmethod     ] GC(0) O: Unregister NMethod: java.util.zip.ZipFile$Source.isMetaName (0x000072e49ec11f88) [0x000072e49ec12080, 0x000072e49ec123b0] 
[1,770s][debug][gc,nmethod     ] GC(0) O: Unregister NMethod: java.util.BitSet.checkInvariants (0x000072e47f5a8508) [0x000072e47f5a8600, 0x000072e47f5a8730] 
[1,770s][debug][gc,nmethod     ] Register NMethod: java.lang.StringLatin1.toLowerCase (0x000072e47f962608) [0x000072e47f962700, 0x000072e47f9639d0] Compiler: c1, Barriers: 5, Oops: 1, ImmediateOops: 6, NonImmediateOops: No
[1,770s][debug][gc,nmethod     ] GC(0) O: Unregister NMethod: jdk.internal.loader.URLClassPath$JarLoader.findResource (0x000072e47f67b488) [0x000072e47f67b580, 0x000072e47f67b788] 
[1,770s][debug][gc,nmethod     ] GC(0) O: Unregister NMethod: jdk.internal.util.StrongReferenceKey.hashCode (0x000072e47f41cf08) [0x000072e47f41d000, 0x000072e47f41d510] 
[1,770s][debug][gc,nmethod     ] GC(0) O: Unregister NMethod: java.util.ArrayList$Itr.<init> (0x000072e47f5b7208) [0x000072e47f5b7300, 0x000072e47f5b7630] 
[1,770s][debug][gc,nmethod     ] GC(0) O: Unregister NMethod: java.util.HashMap.putVal (0x000072e47f435e08) [0x000072e47f435f00, 0x000072e47f438290] 
[1,770s][debug][gc,nmethod     ] GC(0) O: Unregister NMethod: java.util.jar.JarFile.getEntry (0x000072e47f487c88) [0x000072e47f487d80, 0x000072e47f4884c8] 
[1,770s][debug][gc,nmethod     ] GC(0) O: Unregister NMethod: java.util.HashMap.putIfAbsent (0x000072e49ec14108) [0x000072e49ec14220, 0x000072e49ec15a20] 
[1,770s][debug][gc,nmethod     ] GC(0) O: Unregister NMethod: jdk.internal.classfile.impl.BufWriterImpl.patchInt (0x000072e47f5f3f88) [0x000072e47f5f4080, 0x000072e47f5f4260] 
[1,770s][debug][gc,nmethod     ] GC(0) O: Unregister NMethod: java.util.regex.Pattern$BmpCharPropertyGreedy.match (0x000072e47f626888) [0x000072e47f626980, 0x000072e47f6272f0] 
[1,770s][debug][gc,nmethod     ] GC(0) O: Unregister NMethod: jdk.internal.classfile.impl.EntryMap.firstToken (0x000072e47f420e88) [0x000072e47f420f80, 0x000072e47f421470] 
[1,770s][debug][gc,nmethod     ] GC(0) O: Unregister NMethod: java.util.jar.JarFile.getEntry (0x000072e49ec3f308) [0x000072e49ec3f400, 0x000072e49ec408a0] 
[1,770s][debug][gc,nmethod     ] GC(0) O: Unregister NMethod: java.lang.AbstractStringBuilder.append (0x000072e47f44c288) [0x000072e47f44c380, 0x000072e47f44cfd0] 
[1,770s][debug][gc,nmethod     ] GC(0) O: Unregister NMethod: java.lang.StringUTF16.getChar (0x000072e47f672c08) [0x000072e47f672d00, 0x000072e47f672e60] 
[1,770s][debug][gc,nmethod     ] GC(0) O: Unregister NMethod: java.util.HashMap.putVal (0x000072e47f42eb88) [0x000072e47f42ec80, 0x000072e47f430970] 
[1,770s][debug][gc,nmethod     ] Register NMethod: java.lang.String.toLowerCase (0x000072e47f963a08) [0x000072e47f963b00, 0x000072e47f963fb0] Compiler: c1, Barriers: 2, Oops: 0, ImmediateOops: 0, NonImmediateOops: No
[1,770s][debug][gc,nmethod     ] GC(0) O: Unregister NMethod: java.util.HashMap.putVal (0x000072e49ebf7308) [0x000072e49ebf7420, 0x000072e49ebf8a78] 
[1,770s][debug][gc,nmethod     ] GC(0) O: Unregister NMethod: jdk.internal.classfile.impl.EntryMap.put (0x000072e47f425608) [0x000072e47f425700, 0x000072e47f425dd0] 
[1,770s][debug][gc,nmethod     ] GC(0) O: Unregister NMethod: java.nio.DirectLongBufferU.ix (0x000072e47f486588) [0x000072e47f486680, 0x000072e47f486790] 
[1,770s][debug][gc,nmethod     ] GC(0) O: Unregister NMethod: java.lang.String.getBytes (0x000072e47f418c88) [0x000072e47f418d80, 0x000072e47f419288] 
[1,770s][debug][gc,nmethod     ] GC(0) O: Unregister NMethod: jdk.internal.classfile.impl.BufWriterImpl.cpIndex (0x000072e47f461188) [0x000072e47f461280, 0x000072e47f463278] 
[1,770s][debug][gc,nmethod     ] GC(0) O: Unregister NMethod: sun.util.locale.LocaleUtils.toLower (0x000072e47f62b688) [0x000072e47f62b780, 0x000072e47f62b980] 
[1,770s][debug][gc,nmethod     ] GC(0) O: Unregister NMethod: jdk.internal.classfile.impl.RawBytecodeHelper.opcode (0x000072e47f44a908) [0x000072e47f44aa00, 0x000072e47f44ab08] 
[1,770s][debug][gc,nmethod     ] GC(0) O: Unregister NMethod: java.util.jar.JarFile.getJarEntry (0x000072e47f4c0d08) [0x000072e47f4c0e00, 0x000072e47f4c1300] 
[1,770s][debug][gc,nmethod     ] GC(0) O: Unregister NMethod: java.lang.StringLatin1.canEncode (0x000072e47f44d008) [0x000072e47f44d100, 0x000072e47f44d260] 
[1,770s][debug][gc,nmethod     ] GC(0) O: Unregister NMethod: java.io.BufferedInputStream.getBufIfOpen (0x000072e47f450408) [0x000072e47f450500, 0x000072e47f450638] 
[1,770s][debug][gc,nmethod     ] GC(0) O: Unregister NMethod: java.lang.String.replace (0x000072e47f469e88) [0x000072e47f469f80, 0x000072e47f46a488] 
[1,770s][debug][gc,nmethod     ] GC(0) O: Unregister NMethod: jdk.internal.classfile.impl.AbstractPoolEntry$Utf8EntryImpl.<init> (0x000072e47f45e588) [0x000072e47f45e680, 0x000072e47f45eee8] 
[1,770s][debug][gc,nmethod     ] GC(0) O: Unregister NMethod: java.util.ImmutableCollections$ListN.size (0x000072e47f5a9608) [0x000072e47f5a9700, 0x000072e47f5a9838] 
[1,770s][debug][gc,nmethod     ] GC(0) O: Unregister NMethod: java.lang.String.startsWith (0x000072e47f410c08) [0x000072e47f410d00, 0x000072e47f410ff8] 
[1,770s][debug][gc,nmethod     ] GC(0) O: Unregister NMethod: java.lang.String.startsWith (0x000072e47f40f888) [0x000072e47f40f980, 0x000072e47f410c00] 
[1,770s][debug][gc,nmethod     ] GC(0) O: Unregister NMethod: java.util.Arrays.copyOfRange (0x000072e47f43fb08) [0x000072e47f43fc00, 0x000072e47f440ed0] 
[1,770s][debug][gc,nmethod     ] GC(0) O: Unregister NMethod: jdk.internal.util.ArraysSupport.mismatch (0x000072e47f411908) [0x000072e47f411a00, 0x000072e47f411de0] 
[1,770s][debug][gc,nmethod     ] GC(0) O: Unregister NMethod: java.net.URLClassLoader.defineClass (0x000072e47f606808) [0x000072e47f606900, 0x000072e47f60b198] 
[1,770s][debug][gc,nmethod     ] GC(0) O: Unregister NMethod: jdk.internal.loader.Resource.getBytes (0x000072e47f5dc488) [0x000072e47f5dc580, 0x000072e47f5dda70] 
[1,770s][debug][gc,nmethod     ] GC(0) O: Unregister NMethod: java.math.BigInteger.implMulAdd (0x000072e47f749288) [0x000072e47f749380, 0x000072e47f7495a0] 
[1,770s][debug][gc,nmethod     ] GC(0) O: Unregister NMethod: java.lang.Object.equals (0x000072e47f43a108) [0x000072e47f43a200, 0x000072e47f43a350] 
[1,770s][debug][gc,nmethod     ] GC(0) O: Unregister NMethod: jdk.internal.classfile.impl.BufWriterImpl.writeU1U2 (0x000072e47f4e7708) [0x000072e47f4e7800, 0x000072e47f4e7c98] 
[1,770s][debug][gc,nmethod     ] GC(0) O: Unregister NMethod: java.math.BigInteger.mulAdd (0x000072e47f749608) [0x000072e47f749700, 0x000072e47f749890] 
[1,770s][debug][gc,nmethod     ] GC(0) O: Unregister NMethod: java.lang.String.indexOf (0x000072e47f40f108) [0x000072e47f40f200, 0x000072e47f40f828] 
[1,770s][debug][gc,nmethod     ] GC(0) O: Unregister NMethod: java.lang.String.isLatin1 (0x000072e47f40ac08) [0x000072e47f40ad00, 0x000072e47f40ae60] 
[1,770s][debug][gc,nmethod     ] GC(0) O: Unregister NMethod: java.lang.StringLatin1.lastIndexOf (0x000072e47f421488) [0x000072e47f421580, 0x000072e47f421948] 
[1,770s][debug][gc,nmethod     ] GC(0) O: Unregister NMethod: java.util.Arrays.fill (0x000072e49ec78188) [0x000072e49ec78280, 0x000072e49ec78418] 
[1,771s][debug][gc,nmethod     ] GC(0) O: Unregister NMethod: jdk.internal.loader.URLClassPath$JarLoader.getResource (0x000072e47f487588) [0x000072e47f487680, 0x000072e47f487c60] 
[1,771s][debug][gc,nmethod     ] GC(0) O: Unregister NMethod: java.util.zip.ZipUtils.CENNAM (0x000072e47f46e188) [0x000072e47f46e280, 0x000072e47f46e390] 
[1,771s][debug][gc,nmethod     ] GC(0) O: Unregister NMethod: java.util.jar.JarFile.isMultiRelease (0x000072e47f581788) [0x000072e47f581880, 0x000072e47f581a78] 
[1,771s][debug][gc,nmethod     ] GC(0) O: Unregister NMethod: java.util.zip.ZipFile$Source.getEntryPos (0x000072e47f47fa08) [0x000072e47f47fb00, 0x000072e47f4817a8] 
[1,771s][debug][gc,nmethod     ] GC(0) O: Unregister NMethod: java.lang.AbstractStringBuilder.<init> (0x000072e47f474f08) [0x000072e47f475000, 0x000072e47f475288] 
[1,771s][debug][gc,nmethod     ] GC(0) O: Unregister NMethod: jdk.internal.classfile.impl.SplitConstantPool.entryByIndex (0x000072e47f41ec88) [0x000072e47f41ed80, 0x000072e47f420e30] 
[1,771s][debug][gc,nmethod     ] GC(0) O: Unregister NMethod: java.util.ImmutableCollections$SetN.isEmpty (0x000072e47f427d08) [0x000072e47f427e00, 0x000072e47f427f50] 
[1,771s][debug][gc,nmethod     ] GC(0) O: Unregister NMethod: java.util.concurrent.ConcurrentHashMap.setTabAt (0x000072e47f46a508) [0x000072e47f46a600, 0x000072e47f46a900] 
[1,771s][debug][gc,nmethod     ] GC(0) O: Unregister NMethod: java.lang.Short.toUnsignedInt (0x000072e47f44e508) [0x000072e47f44e600, 0x000072e47f44e6e8] 
[1,771s][debug][gc,nmethod     ] GC(0) O: Unregister NMethod: jdk.internal.loader.Resource.cachedInputStream (0x000072e47f50c808) [0x000072e47f50c900, 0x000072e47f50cf78] 
[1,771s][debug][gc,nmethod     ] GC(0) O: Unregister NMethod: jdk.internal.classfile.impl.SplitConstantPool.utf8Entry (0x000072e47f465688) [0x000072e47f465780, 0x000072e47f466278] 
[1,771s][debug][gc,nmethod     ] GC(0) O: Unregister NMethod: java.lang.StringLatin1.indexOf (0x000072e47f411308) [0x000072e47f411400, 0x000072e47f411888] 
[1,771s][debug][gc,nmethod     ] GC(0) O: Unregister NMethod: jdk.internal.misc.Unsafe.putReferenceRelease (0x000072e47f469b88) [0x000072e47f469c80, 0x000072e47f469df8] 
[1,771s][debug][gc,nmethod     ] GC(0) O: Unregister NMethod: java.lang.String.hashCode (0x000072e49ebe8388) [0x000072e49ebe8480, 0x000072e49ebe8620] 
[1,771s][debug][gc,nmethod     ] GC(0) O: Unregister NMethod: java.io.BufferedInputStream.read (0x000072e47f450c88) [0x000072e47f450d80, 0x000072e47f4511d8] 
[1,771s][debug][gc,nmethod     ] GC(0) O: Unregister NMethod: java.lang.StringBuilder.append (0x000072e47f44bf88) [0x000072e47f44c080, 0x000072e47f44c1c8] 
[1,771s][debug][gc,nmethod     ] GC(0) O: Unregister NMethod: java.lang.String.isEmpty (0x000072e47f411008) [0x000072e47f411100, 0x000072e47f411288] 
[1,771s][debug][gc,nmethod     ] GC(0) O: Unregister NMethod: java.lang.String.charAt (0x000072e47f40e108) [0x000072e47f40e200, 0x000072e47f40e790] 
[1,771s][debug][gc,nmethod     ] GC(0) O: Unregister NMethod: java.lang.Math.max (0x000072e47f448888) [0x000072e47f448980, 0x000072e47f448aa8] 
[1,771s][debug][gc,nmethod     ] GC(0) O: Unregister NMethod: jdk.internal.classfile.impl.SplitConstantPool.canWriteDirect (0x000072e47f449988) [0x000072e47f449a80, 0x000072e47f449d78] 
[1,771s][debug][gc,nmethod     ] GC(0) O: Unregister NMethod: java.lang.String.length (0x000072e47f40b988) [0x000072e47f40ba80, 0x000072e47f40be00] 
[1,771s][debug][gc,nmethod     ] GC(0) O: Unregister NMethod: java.util.ImmutableCollections$SetN.probe (0x000072e47f401088) [0x000072e47f401180, 0x000072e47f4019a8] 
[1,771s][debug][gc,nmethod     ] GC(0) O: Unregister NMethod: java.net.URLClassLoader.findClass (0x000072e47f603788) [0x000072e47f603880, 0x000072e47f6064a0] 
[1,771s][debug][gc,nmethod     ] GC(0) O: Unregister NMethod: java.util.jar.JarFile.getJarEntry (0x000072e49ec4c408) [0x000072e49ec4c500, 0x000072e49ec4db38] 
[1,771s][debug][gc,nmethod     ] GC(0) O: Unregister NMethod: sun.reflect.annotation.AnnotationInvocationHandler.hashCodeImpl (0x000072e47f806c88) [0x000072e47f806d80, 0x000072e47f808200] 
[1,771s][debug][gc,nmethod     ] GC(0) O: Unregister NMethod: java.lang.StringCoding.countPositives (0x000072e47f46cf08) [0x000072e47f46d000, 0x000072e47f46d208] 
[1,771s][debug][gc,nmethod     ] GC(0) O: Unregister NMethod: jdk.internal.misc.Unsafe.allocateUninitializedArray (0x000072e47f424f08) [0x000072e47f425000, 0x000072e47f4255c8] 
[1,771s][debug][gc,nmethod     ] GC(0) O: Unregister NMethod: java.lang.String.coder (0x000072e47f40af08) [0x000072e47f40b000, 0x000072e47f40b128] 
[1,771s][debug][gc,nmethod     ] GC(0) O: Unregister NMethod: java.lang.String.equals (0x000072e47f408588) [0x000072e47f408680, 0x000072e47f408d40] 
[1,771s][debug][gc,nmethod     ] GC(0) O: Unregister NMethod: java.util.HashSet.add (0x000072e47f42e088) [0x000072e47f42e180, 0x000072e47f42e360] 
[1,771s][debug][gc,nmethod     ] GC(0) O: Unregister NMethod: java.util.ImmutableCollections$SetN$SetNIterator.hasNext (0x000072e47f409088) [0x000072e47f409180, 0x000072e47f4092d0] 
[1,771s][debug][gc,nmethod     ] GC(0) O: Unregister NMethod: java.io.BufferedInputStream.getBufIfOpen (0x000072e49ebfa508) [0x000072e49ebfa600, 0x000072e49ebfa730] 
[1,771s][debug][gc,nmethod     ] GC(0) O: Unregister NMethod: java.util.HashMap.get (0x000072e47f42e688) [0x000072e47f42e780, 0x000072e47f42eb18] 
[1,771s][debug][gc,nmethod     ] GC(0) O: Unregister NMethod: java.util.Collections$UnmodifiableSet.<init> (0x000072e47f8fe388) [0x000072e47f8fe480, 0x000072e47f8fe7a0] 
[1,771s][debug][gc,nmethod     ] GC(0) O: Unregister NMethod: jdk.internal.classfile.impl.StackMapGenerator.processBlock (0x000072e47f48e508) [0x000072e47f48e600, 0x000072e47f4bd8c8] 
[1,771s][debug][gc,nmethod     ] GC(0) O: Unregister NMethod: java.util.jar.JarFile.isMultiRelease (0x000072e47f483d08) [0x000072e47f483e00, 0x000072e47f483ff8] 
[1,771s][debug][gc,nmethod     ] GC(0) O: Unregister NMethod: java.util.concurrent.ConcurrentHashMap.tabAt (0x000072e47f412908) [0x000072e47f412a00, 0x000072e47f412f48] 
[1,771s][debug][gc,nmethod     ] GC(0) O: Unregister NMethod: java.lang.String.hashCode (0x000072e47f400988) [0x000072e47f400a80, 0x000072e47f401028] 
[1,771s][debug][gc,nmethod     ] GC(0) O: Unregister NMethod: java.lang.ref.Reference.<init> (0x000072e47f469788) [0x000072e47f469880, 0x000072e47f469b18] 
[1,771s][debug][gc,nmethod     ] GC(0) O: Unregister NMethod: java.lang.invoke.MethodType.parameterCount (0x000072e47f422788) [0x000072e47f422880, 0x000072e47f4229b8] 
[1,771s][debug][gc,nmethod     ] GC(0) O: Unregister NMethod: java.util.LinkedHashMap.newNode (0x000072e47f523f08) [0x000072e47f524000, 0x000072e47f5241e8] 
[1,772s][debug][gc,nmethod     ] GC(0) O: Unregister NMethod: java.util.HashMap.get (0x000072e47f432688) [0x000072e47f432780, 0x000072e47f432b18] 
[1,772s][debug][gc,nmethod     ] GC(0) O: Unregister NMethod: java.lang.AbstractStringBuilder.needsNewBuffer (0x000072e49ec1be08) [0x000072e49ec1bf00, 0x000072e49ec1bfe8] 
[1,772s][debug][gc,nmethod     ] GC(0) O: Unregister NMethod: java.util.HashMap.put (0x000072e49ec2ef08) [0x000072e49ec2f020, 0x000072e49ec30840] 
[1,772s][debug][gc,nmethod     ] GC(0) O: Unregister NMethod: jdk.internal.loader.URLClassPath$JarLoader$1.getBytes (0x000072e47f5e3a08) [0x000072e47f5e3b00, 0x000072e47f5e43e8] 
[1,772s][debug][gc,nmethod     ] GC(0) O: Unregister NMethod: java.util.Optional.empty (0x000072e47f445d08) [0x000072e47f445e00, 0x000072e47f445ee8] 
[1,772s][debug][gc,nmethod     ] GC(0) O: Unregister NMethod: java.util.jar.JarFile.getJarEntry (0x000072e47f486b88) [0x000072e47f486c80, 0x000072e47f487528] 
[1,772s][debug][gc,nmethod     ] GC(0) O: Unregister NMethod: java.lang.StringBuilder.toString (0x000072e47f476088) [0x000072e47f476180, 0x000072e47f4765b8] 
[1,772s][debug][gc,nmethod     ] GC(0) O: Unregister NMethod: java.util.jar.Manifest$FastInputStream.readLine (0x000072e47f484008) [0x000072e47f484100, 0x000072e47f484958] 
[1,772s][debug][gc,nmethod     ] GC(0) O: Unregister NMethod: java.util.zip.ZipCoder.hash (0x000072e47f485088) [0x000072e47f485180, 0x000072e47f485fb8] 
[1,772s][debug][gc,nmethod     ] GC(0) O: Unregister NMethod: java.lang.Class.isArray (0x000072e47f41dc88) [0x000072e47f41dd80, 0x000072e47f41df00] 
[1,772s][debug][gc,nmethod     ] GC(0) O: Unregister NMethod: java.util.Arrays.fill (0x000072e47f5c5d08) [0x000072e47f5c5e00, 0x000072e47f5c6228] 
[1,772s][debug][gc,nmethod     ] GC(0) O: Unregister NMethod: java.lang.StringCoding.countNonZeroAsciiLatin1 (0x000072e47f41df88) [0x000072e47f41e080, 0x000072e47f41e288] 
[1,772s][debug][gc,nmethod     ] GC(0) O: Unregister NMethod: java.util.jar.JarFile.checkForSpecialAttributes (0x000072e47f4c3588) [0x000072e47f4c3680, 0x000072e47f4c4c60] 
[1,772s][debug][gc,nmethod     ] GC(0) O: Unregister NMethod: java.util.regex.Pattern$$Lambda/0x00000000b30b27a0.is (0x000072e47f625d08) [0x000072e47f625e00, 0x000072e47f625fb0] 
[1,772s][debug][gc,nmethod     ] GC(0) O: Unregister NMethod: java.nio.DirectByteBuffer.ix (0x000072e47f4be508) [0x000072e47f4be600, 0x000072e47f4be708] 
[1,772s][debug][gc,nmethod     ] GC(0) O: Unregister NMethod: java.lang.AbstractStringBuilder.isLatin1 (0x000072e47f44bc88) [0x000072e47f44bd80, 0x000072e47f44bec0] 
[1,772s][debug][gc,nmethod     ] GC(0) O: Unregister NMethod: java.nio.DirectByteBuffer.get (0x000072e47f4bf008) [0x000072e47f4bf100, 0x000072e47f4bff00] 
[1,772s][debug][gc,nmethod     ] GC(0) O: Unregister NMethod: java.util.LinkedHashMap.get (0x000072e47f4df608) [0x000072e47f4df700, 0x000072e47f4dfb18] 
[1,772s][debug][gc,nmethod     ] GC(0) O: Unregister NMethod: java.lang.StringBuilder.<init> (0x000072e47f477b88) [0x000072e47f477c80, 0x000072e47f477db8] 
[1,772s][debug][gc,nmethod     ] GC(0) O: Unregister NMethod: java.util.regex.Pattern$BmpCharPropertyGreedy.match (0x000072e49ec2b188) [0x000072e49ec2b280, 0x000072e49ec2b650] 
[1,772s][debug][gc,nmethod     ] GC(0) O: Unregister NMethod: java.util.ArrayList.add (0x000072e47f473c88) [0x000072e47f473d80, 0x000072e47f4742f0] 
[1,772s][debug][gc,nmethod     ] GC(0) O: Unregister NMethod: java.util.Arrays.copyOf (0x000072e47f470e88) [0x000072e47f470f80, 0x000072e47f471348] 
[1,772s][debug][gc,nmethod     ] GC(0) O: Unregister NMethod: java.util.HashMap.put (0x000072e47f6e7f08) [0x000072e47f6e8000, 0x000072e47f6e85e8] 
[1,772s][debug][gc,nmethod     ] GC(0) O: Unregister NMethod: java.util.HashMap.resize (0x000072e47f43dd08) [0x000072e47f43de20, 0x000072e47f43fb00] 
[1,772s][debug][gc,nmethod     ] GC(0) O: Unregister NMethod: java.util.ImmutableCollections$SetN$SetNIterator.next (0x000072e47f412f88) [0x000072e47f413080, 0x000072e47f4133f8] 
[1,772s][debug][gc,nmethod     ] GC(0) O: Unregister NMethod: sun.reflect.generics.parser.SignatureParser.advance (0x000072e47f5b2208) [0x000072e47f5b2300, 0x000072e47f5b2918] 
[1,772s][debug][gc,nmethod     ] GC(0) O: Unregister NMethod: java.lang.CharacterDataLatin1.getProperties (0x000072e47f4e5a08) [0x000072e47f4e5b00, 0x000072e47f4e5c30] 
[1,772s][debug][gc,nmethod     ] GC(0) O: Unregister NMethod: java.util.jar.JarFile.checkForSpecialAttributes (0x000072e47f47e008) [0x000072e47f47e100, 0x000072e47f47f668] 
[1,772s][debug][gc,nmethod     ] GC(0) O: Unregister NMethod: java.lang.AbstractStringBuilder.append (0x000072e47f4bdf08) [0x000072e47f4be000, 0x000072e47f4be4b8] 
[1,772s][debug][gc,nmethod     ] GC(0) O: Unregister NMethod: java.util.zip.ZipFile.zipCoderFor (0x000072e47f46f708) [0x000072e47f46f800, 0x000072e47f46fc50] 
[1,772s][debug][gc,nmethod     ] GC(0) O: Unregister NMethod: java.lang.String.hashCode (0x000072e47f417188) [0x000072e47f417280, 0x000072e47f417828] 
[1,772s][debug][gc,nmethod     ] GC(0) O: Unregister NMethod: java.lang.StringLatin1.replace (0x000072e47f452f08) [0x000072e47f453000, 0x000072e47f4540a0] 
[1,772s][debug][gc,nmethod     ] GC(0) O: Unregister NMethod: java.math.BigInteger.implMulAddCheck (0x000072e47f749d88) [0x000072e47f749e80, 0x000072e47f74de10] 
[1,772s][debug][gc,nmethod     ] Register NMethod: java.lang.Integer.hashCode (0x000072e49ec80488) [0x000072e49ec80580, 0x000072e49ec80608] Compiler: jvmci, Barriers: 0, Oops: 0, ImmediateOops: 0, NonImmediateOops: No
[1,772s][debug][gc,nmethod     ] GC(0) O: Unregister NMethod: java.lang.invoke.MemberName.getModifiers (0x000072e47f507b88) [0x000072e47f507c80, 0x000072e47f507d88] 
[1,772s][debug][gc,nmethod     ] GC(0) O: Unregister NMethod: java.util.HashSet.add (0x000072e47f432b88) [0x000072e47f432c80, 0x000072e47f433010] 
[1,772s][debug][gc,nmethod     ] GC(0) O: Unregister NMethod: jdk.internal.misc.Unsafe.getIntUnaligned (0x000072e49ec00288) [0x000072e49ec00380, 0x000072e49ec00440] 
[1,772s][debug][gc,nmethod     ] GC(0) O: Unregister NMethod: java.lang.String.hashCode (0x000072e49ebf2a08) [0x000072e49ebf2b00, 0x000072e49ebf2ca0] 
[1,772s][debug][gc,nmethod     ] GC(0) O: Unregister NMethod: java.util.concurrent.ConcurrentHashMap.spread (0x000072e47f412608) [0x000072e47f412700, 0x000072e47f4127f0] 
[1,772s][debug][gc,nmethod     ] GC(0) O: Unregister NMethod: jdk.internal.loader.URLClassPath.getLoader (0x000072e47f488508) [0x000072e47f488600, 0x000072e47f48a4c8] 
[1,772s][debug][gc,nmethod     ] GC(0) O: Unregister NMethod: jdk.internal.classfile.impl.RawBytecodeHelper.next (0x000072e47f44a088) [0x000072e47f44a180, 0x000072e47f44a8f8] 
[1,772s][debug][gc,nmethod     ] GC(0) O: Unregister NMethod: java.lang.AbstractStringBuilder.needsNewBuffer (0x000072e47f444688) [0x000072e47f444780, 0x000072e47f444920] 
[1,772s][debug][gc,nmethod     ] GC(0) O: Unregister NMethod: java.util.Objects.requireNonNull (0x000072e47f405488) [0x000072e47f405580, 0x000072e47f405750] 
[1,772s][debug][gc,nmethod     ] GC(0) O: Unregister NMethod: java.lang.String.regionMatches (0x000072e47f4c5688) [0x000072e47f4c5780, 0x000072e47f4c6b78] 
[1,772s][debug][gc,nmethod     ] GC(0) O: Unregister NMethod: jdk.internal.classfile.impl.RawBytecodeHelper.endBci (0x000072e47f449d88) [0x000072e47f449e80, 0x000072e47f449fb8] 
[1,772s][debug][gc,nmethod     ] GC(0) O: Unregister NMethod: java.util.HashMap.hash (0x000072e47f426d08) [0x000072e47f426e00, 0x000072e47f427138] 
[1,772s][debug][gc,nmethod     ] GC(0) O: Unregister NMethod: jdk.internal.classfile.impl.SplitConstantPool.maybeCloneUtf8Entry (0x000072e47f4e8008) [0x000072e47f4e8100, 0x000072e47f4e91a0] 
[1,772s][debug][gc,nmethod     ] GC(0) O: Unregister NMethod: java.util.concurrent.ConcurrentHashMap.putVal (0x000072e49ec32e08) [0x000072e49ec32f00, 0x000072e49ec33fe8] 
[1,772s][debug][gc,nmethod     ] GC(0) O: Unregister NMethod: jdk.internal.util.ArraysSupport.unsignedHashCode (0x000072e47f400008) [0x000072e47f400100, 0x000072e47f400310] 
[1,772s][debug][gc,nmethod     ] GC(0) O: Unregister NMethod: jdk.internal.loader.URLClassPath$JarLoader.getResource (0x000072e47f4c1308) [0x000072e47f4c1400, 0x000072e47f4c1d30] 
[1,772s][debug][gc,nmethod     ] GC(0) O: Unregister NMethod: jdk.internal.util.ArraysSupport.vectorizedHashCode (0x000072e47f402088) [0x000072e47f402180, 0x000072e47f403fd8] 
[1,772s][debug][gc,nmethod     ] GC(0) O: Unregister NMethod: java.lang.ClassLoader.checkName (0x000072e47f47ce08) [0x000072e47f47cf00, 0x000072e47f47dc48] 
[1,772s][debug][gc,nmethod     ] GC(0) O: Unregister NMethod: worker.org.gradle.internal.stream.EncodedStream$EncodedInput.hexToByte (0x000072e47f451a88) [0x000072e47f451b80, 0x000072e47f4522c8] 
[1,773s][debug][gc,nmethod     ] GC(0) O: Unregister NMethod: java.util.HashMap.newNode (0x000072e47f42ac08) [0x000072e47f42ad00, 0x000072e47f42b080] 
[1,773s][debug][gc,nmethod     ] GC(0) O: Unregister NMethod: java.util.LinkedHashMap$LinkedHashIterator.nextNode (0x000072e47f6ead08) [0x000072e47f6eae00, 0x000072e47f6eb2c0] 
[1,773s][debug][gc,nmethod     ] GC(0) O: Unregister NMethod: java.util.LinkedHashMap.afterNodeInsertion (0x000072e47f524e08) [0x000072e47f524f00, 0x000072e47f525108] 
[1,773s][debug][gc,nmethod     ] GC(0) O: Unregister NMethod: java.util.concurrent.ConcurrentHashMap.putIfAbsent (0x000072e47f417888) [0x000072e47f417980, 0x000072e47f417c80] 
[1,773s][debug][gc,nmethod     ] GC(0) O: Unregister NMethod: java.util.zip.ZipFile.ensureOpen (0x000072e47f479188) [0x000072e47f479280, 0x000072e47f479550] 
[1,773s][debug][gc,nmethod     ] GC(0) O: Unregister NMethod: sun.net.www.ParseUtil.firstEncodeIndex (0x000072e47f454108) [0x000072e47f454200, 0x000072e47f4550d8] 
[1,773s][debug][gc,nmethod     ] GC(0) O: Unregister NMethod: java.util.zip.ZipFile$CleanableResource.releaseInflater (0x000072e47f546808) [0x000072e47f546900, 0x000072e47f546e58] 
[1,773s][debug][gc,nmethod     ] GC(0) O: Unregister NMethod: java.lang.Object.<init> (0x000072e47f400388) [0x000072e47f400480, 0x000072e47f400580] 
[1,773s][debug][gc,nmethod     ] GC(0) O: Unregister NMethod: java.util.ArrayList$Itr.next (0x000072e47f56e988) [0x000072e47f56ea80, 0x000072e47f56f070] 
[1,773s][debug][gc,nmethod     ] GC(0) O: Unregister NMethod: java.util.concurrent.ConcurrentHashMap.addCount (0x000072e47f413788) [0x000072e47f413880, 0x000072e47f414520] 
[1,773s][debug][gc,nmethod     ] GC(0) O: Unregister NMethod: java.lang.ref.ReferenceQueue.poll (0x000072e47f417c88) [0x000072e47f417d80, 0x000072e47f4181a0] 
[1,773s][debug][gc,nmethod     ] GC(0) O: Unregister NMethod: java.io.BufferedInputStream.getBufIfOpen (0x000072e47f450708) [0x000072e47f450800, 0x000072e47f450c18] 
[1,773s][debug][gc,nmethod     ] GC(0) O: Unregister NMethod: sun.reflect.generics.parser.SignatureParser.current (0x000072e47f5b2988) [0x000072e47f5b2a80, 0x000072e47f5b3890] 
[1,773s][debug][gc,nmethod     ] GC(0) O: Unregister NMethod: java.util.zip.ZipFile$CleanableResource.getInflater (0x000072e47f543d88) [0x000072e47f543e80, 0x000072e47f5445b0] 
[1,773s][debug][gc,nmethod     ] GC(0) O: Unregister NMethod: jdk.internal.misc.Unsafe.getShortUnaligned (0x000072e47f44e188) [0x000072e47f44e280, 0x000072e47f44e4a8] 
[1,773s][debug][gc,nmethod     ] GC(0) O: Unregister NMethod: java.util.HashMap.putIfAbsent (0x000072e47f43d308) [0x000072e47f43d400, 0x000072e47f43d9e8] 
[1,773s][debug][gc,nmethod     ] GC(0) O: Unregister NMethod: java.lang.String.toString (0x000072e47f4e7408) [0x000072e47f4e7500, 0x000072e47f4e7600] 
[1,773s][debug][gc,nmethod     ] GC(0) O: Unregister NMethod: jdk.internal.classfile.impl.SplitConstantPool.tryFindUtf8 (0x000072e47f45be08) [0x000072e47f45bf00, 0x000072e47f45d738] 
[1,773s][debug][gc,nmethod     ] GC(0) O: Unregister NMethod: java.lang.CharacterDataLatin1.isWhitespace (0x000072e47f5b3d88) [0x000072e47f5b3e80, 0x000072e47f5b4220] 
[1,773s][debug][gc,nmethod     ] GC(0) O: Unregister NMethod: java.lang.StringLatin1.equals (0x000072e47f401a08) [0x000072e47f401b00, 0x000072e47f401d68] 
[1,773s][debug][gc,nmethod     ] GC(0) O: Unregister NMethod: jdk.internal.loader.URLClassPath$JarLoader.ensureOpen (0x000072e47f47dc88) [0x000072e47f47dd80, 0x000072e47f47dfe8] 
[1,773s][debug][gc,nmethod     ] GC(0) O: Unregister NMethod: jdk.internal.util.ReferencedKeyMap.removeStaleReferences (0x000072e47f418508) [0x000072e47f418600, 0x000072e47f418c20] 
[1,773s][debug][gc,nmethod     ] GC(0) O: Unregister NMethod: java.util.HashMap.getNode (0x000072e47f42cc08) [0x000072e47f42cd00, 0x000072e47f42e010] 
[1,773s][debug][gc,nmethod     ] GC(0) O: Unregister NMethod: java.lang.invoke.MethodType.parameterType (0x000072e47f44b988) [0x000072e47f44ba80, 0x000072e47f44bc08] 
[1,773s][debug][gc,nmethod     ] GC(0) O: Unregister NMethod: java.util.zip.ZipFile$Source.checkAndAddEntry (0x000072e47f471388) [0x000072e47f471480, 0x000072e47f473780] 
[1,773s][debug][gc,nmethod     ] GC(0) O: Unregister NMethod: jdk.internal.classfile.impl.AbstractPoolEntry$Utf8EntryImpl.writeTo (0x000072e47f45ef08) [0x000072e47f45f000, 0x000072e47f45f810] 
[1,773s][debug][gc,nmethod     ] GC(0) O: Unregister NMethod: jdk.internal.classfile.impl.AbstractPoolEntry.maybeClone (0x000072e47f448f08) [0x000072e47f449000, 0x000072e47f449968] 
[1,773s][debug][gc,nmethod     ] GC(0) O: Unregister NMethod: java.lang.ref.Reference.reachabilityFence (0x000072e47f474c08) [0x000072e47f474d00, 0x000072e47f474de0] 
[1,773s][debug][gc,nmethod     ] Register NMethod: java.lang.NamedPackage.<init> (0x000072e47f964008) [0x000072e47f964100, 0x000072e47f9659d0] Compiler: c1, Barriers: 8, Oops: 1, ImmediateOops: 3, NonImmediateOops: No
[1,773s][debug][gc,nmethod     ] GC(0) O: Unregister NMethod: java.util.stream.AbstractPipeline.isParallel (0x000072e47f724e08) [0x000072e47f724f00, 0x000072e47f725038] 
[1,773s][debug][gc,nmethod     ] GC(0) O: Unregister NMethod: java.util.HashMap.afterNodeAccess (0x000072e47f804908) [0x000072e47f804a00, 0x000072e47f804b00] 
[1,773s][debug][gc,nmethod     ] GC(0) O: Unregister NMethod: java.util.LinkedHashMap$LinkedEntryIterator.next (0x000072e47f7d4908) [0x000072e47f7d4a00, 0x000072e47f7d4f10] 
[1,773s][debug][gc,nmethod     ] GC(0) O: Unregister NMethod: java.util.zip.CRC32.<init> (0x000072e47f5e2408) [0x000072e47f5e2500, 0x000072e47f5e2658] 
[1,773s][debug][gc,nmethod     ] GC(0) O: Unregister NMethod: jdk.internal.classfile.impl.SplitConstantPool.map (0x000072e47f419788) [0x000072e47f4198a0, 0x000072e47f41afa0] 
[1,773s][debug][gc,nmethod     ] GC(0) O: Unregister NMethod: sun.reflect.annotation.AnnotationInvocationHandler.invoke (0x000072e47f7cfe08) [0x000072e47f7cff00, 0x000072e47f7d2190] 
[1,773s][debug][gc,nmethod     ] GC(0) O: Unregister NMethod: java.util.WeakHashMap.remove (0x000072e47f4ce588) [0x000072e47f4ce680, 0x000072e47f4cfa90] 
[1,773s][debug][gc,nmethod     ] GC(0) O: Unregister NMethod: jdk.internal.util.ArraysSupport.vectorizedHashCode (0x000072e49ec66c08) [0x000072e49ec66e40, 0x000072e49ec67508] 
[1,773s][debug][gc,nmethod     ] GC(0) O: Unregister NMethod: java.util.concurrent.ConcurrentHashMap.get (0x000072e47f41b788) [0x000072e47f41b880, 0x000072e47f41c898] 
[1,773s][debug][gc,nmethod     ] GC(0) O: Unregister NMethod: jdk.internal.classfile.impl.BufWriterImpl.writeU1 (0x000072e47f4f5d88) [0x000072e47f4f5e80, 0x000072e47f4f62c8] 
[1,773s][debug][gc,nmethod     ] GC(0) O: Unregister NMethod: jdk.internal.loader.URLClassPath$JarLoader.getResource (0x000072e49ec4a408) [0x000072e49ec4a500, 0x000072e49ec4bc18] 
[1,773s][debug][gc,nmethod     ] GC(0) O: Unregister NMethod: sun.nio.fs.UnixPath.checkNotNul (0x000072e47f46d288) [0x000072e47f46d380, 0x000072e47f46d520] 
[1,773s][debug][gc,nmethod     ] GC(0) O: Unregister NMethod: java.lang.CharacterData.of (0x000072e47f4e5d08) [0x000072e47f4e5e00, 0x000072e47f4e6540] 
[1,773s][debug][gc,nmethod     ] GC(0) O: Unregister NMethod: java.util.zip.ZipUtils.get16 (0x000072e47f44dc08) [0x000072e47f44dd00, 0x000072e47f44e100] 
[1,773s][debug][gc,nmethod     ] GC(0) O: Unregister NMethod: jdk.internal.misc.Unsafe.getIntUnaligned (0x000072e47f455d08) [0x000072e47f455e00, 0x000072e47f456048] 
[1,773s][debug][gc,nmethod     ] GC(0) O: Unregister NMethod: java.math.BigInteger.addOne (0x000072e47f749908) [0x000072e47f749a00, 0x000072e47f749d18] 
[1,774s][debug][gc,nmethod     ] GC(0) O: Unregister NMethod: sun.reflect.annotation.AnnotationInvocationHandler.memberValueHashCode (0x000072e47f7da908) [0x000072e47f7daa00, 0x000072e47f7dcc00] 
[1,774s][debug][gc,nmethod     ] GC(0) O: Unregister NMethod: java.lang.String.indexOf (0x000072e47f51bc08) [0x000072e47f51bd00, 0x000072e47f51c800] 
[1,774s][debug][gc,nmethod     ] GC(0) O: Unregister NMethod: java.lang.Integer.rotateLeft (0x000072e47f577b88) [0x000072e47f577c80, 0x000072e47f577d70] 
[1,774s][debug][gc,nmethod     ] GC(0) O: Unregister NMethod: java.util.zip.ZipUtils.CENHOW (0x000072e47f46e488) [0x000072e47f46e580, 0x000072e47f46e690] 
[1,774s][debug][gc,nmethod     ] GC(0) O: Unregister NMethod: java.util.zip.ZipFile$Source.isMetaName (0x000072e47f526988) [0x000072e47f526a80, 0x000072e47f526ee0] 
[1,774s][debug][gc,nmethod     ] GC(0) O: Unregister NMethod: jdk.internal.util.ArraysSupport.hashCodeOfUnsigned (0x000072e47f407788) [0x000072e47f407880, 0x000072e47f407af8] 
[1,774s][debug][gc,nmethod     ] GC(0) O: Unregister NMethod: jdk.internal.loader.URLClassPath$JarLoader.getResource (0x000072e49ec41308) [0x000072e49ec41400, 0x000072e49ec42b28] 
[1,774s][debug][gc,nmethod     ] GC(0) O: Unregister NMethod: java.lang.CharacterDataLatin1.equalsIgnoreCase (0x000072e47f4c2608) [0x000072e47f4c2700, 0x000072e47f4c2998] 
[1,774s][debug][gc,nmethod     ] GC(0) O: Unregister NMethod: java.util.HashMap.putVal (0x000072e47f481808) [0x000072e47f481900, 0x000072e47f483c90] 
[1,774s][debug][gc,nmethod     ] GC(0) O: Unregister NMethod: java.util.concurrent.ConcurrentHashMap.casTabAt (0x000072e47f443a08) [0x000072e47f443b00, 0x000072e47f443c70] 
[1,774s][debug][gc,nmethod     ] GC(0) O: Unregister NMethod: java.util.BitSet.wordIndex (0x000072e47f5a8208) [0x000072e47f5a8300, 0x000072e47f5a83e8] 
[1,774s][debug][gc,nmethod     ] GC(0) O: Unregister NMethod: jdk.internal.misc.Unsafe.allocateUninitializedArray0 (0x000072e47f424588) [0x000072e47f424680, 0x000072e47f424ea0] 
[1,774s][debug][gc,nmethod     ] GC(0) O: Unregister NMethod: java.util.zip.ZipUtils.get32 (0x000072e47f456088) [0x000072e47f456180, 0x000072e47f456588] 
[1,774s][debug][gc,nmethod     ] GC(0) O: Unregister NMethod: java.util.LinkedHashMap$LinkedHashIterator.hasNext (0x000072e47f6e7c08) [0x000072e47f6e7d00, 0x000072e47f6e7e80] 
[1,774s][debug][gc,nmethod     ] GC(0) O: Unregister NMethod: sun.util.locale.BaseLocale.hashCode (0x000072e47f62d608) [0x000072e47f62d700, 0x000072e47f631588] 
[1,774s][debug][gc,nmethod     ] GC(0) O: Unregister NMethod: java.util.HashMap.resize (0x000072e49ebf6088) [0x000072e49ebf61a0, 0x000072e49ebf6ce0] 
[1,774s][debug][gc,nmethod     ] GC(0) O: Unregister NMethod: java.lang.StringLatin1.indexOfChar (0x000072e47f40ee08) [0x000072e47f40ef00, 0x000072e47f40f100] 
[1,774s][debug][gc,phases      ] GC(0) O: Concurrent Classes Unlink 5,543ms
[1,774s][debug][gc,phases,start] GC(0) O: Concurrent Classes Purge
[1,774s][debug][gc,nmethod     ] GC(0) O: Purge NMethod: java.util.WeakHashMap.put (0x000072e47f52e008) [0x000072e47f52e100, 0x000072e47f52fa40] 
[1,774s][debug][gc,nmethod     ] GC(0) O: Purge NMethod: org.junit.platform.commons.util.AnnotationUtils.findRepeatableAnnotations (0x000072e47f86dd08) [0x000072e47f86de00, 0x000072e47f873300] 
[1,774s][debug][gc,nmethod     ] GC(0) O: Purge NMethod: java.lang.String.charAt (0x000072e49ebe8088) [0x000072e49ebe8180, 0x000072e49ebe82b0] 
[1,774s][debug][gc,nmethod     ] GC(0) O: Purge NMethod: java.util.HashMap.put (0x000072e47f434a08) [0x000072e47f434b00, 0x000072e47f4350e8] 
[1,774s][debug][gc,nmethod     ] GC(0) O: Purge NMethod: java.util.ArrayDeque.elementAt (0x000072e47f4d7308) [0x000072e47f4d7400, 0x000072e47f4d7538] 
[1,774s][debug][gc,nmethod     ] GC(0) O: Purge NMethod: java.util.zip.Checksum.update (0x000072e47f5e4408) [0x000072e47f5e4500, 0x000072e47f5e4688] 
[1,774s][debug][gc,nmethod     ] GC(0) O: Purge NMethod: java.util.Objects.requireNonNull (0x000072e47f421988) [0x000072e47f421a80, 0x000072e47f421c58] 
[1,774s][debug][gc,nmethod     ] GC(0) O: Purge NMethod: java.lang.module.ModuleDescriptor$Exports.isQualified (0x000072e47f428008) [0x000072e47f428100, 0x000072e47f428490] 
[1,774s][debug][gc,nmethod     ] GC(0) O: Purge NMethod: java.lang.invoke.MemberName.getReferenceKind (0x000072e47f47af08) [0x000072e47f47b000, 0x000072e47f47b110] 
[1,774s][debug][gc,nmethod     ] GC(0) O: Purge NMethod: java.lang.String.<init> (0x000072e47f476608) [0x000072e47f476700, 0x000072e47f4770a0] 
[1,774s][debug][gc,nmethod     ] GC(0) O: Purge NMethod: java.util.concurrent.ConcurrentHashMap.putVal (0x000072e47f414588) [0x000072e47f414680, 0x000072e47f416b78] 
[1,774s][debug][gc,nmethod     ] GC(0) O: Purge NMethod: java.util.zip.ZipCoder$UTF8ZipCoder.checkedHash (0x000072e47f470908) [0x000072e47f470a00, 0x000072e47f470e20] 
[1,774s][debug][gc,nmethod     ] GC(0) O: Purge NMethod: java.util.HashMap.put (0x000072e47f42b088) [0x000072e47f42b180, 0x000072e47f42b768] 
[1,774s][debug][gc,nmethod     ] GC(0) O: Purge NMethod: java.util.zip.ZipFile$Source.nextEntryPos (0x000072e47f46ff88) [0x000072e47f470080, 0x000072e47f470338] 
[1,774s][debug][gc,nmethod     ] GC(0) O: Purge NMethod: jdk.internal.loader.Resource.getByteBuffer (0x000072e47f5e2b88) [0x000072e47f5e2c80, 0x000072e47f5e39f8] 
[1,774s][debug][gc,nmethod     ] GC(0) O: Purge NMethod: java.lang.StringLatin1.regionMatchesCI (0x000072e47f4c3188) [0x000072e47f4c3280, 0x000072e47f4c3520] 
[1,774s][debug][gc,nmethod     ] GC(0) O: Purge NMethod: java.util.zip.ZipFile$Source.isMetaName (0x000072e47f470388) [0x000072e47f470480, 0x000072e47f4708e0] 
[1,774s][debug][gc,nmethod     ] GC(0) O: Purge NMethod: jdk.internal.classfile.impl.Util.isDoubleSlot (0x000072e47f6a3f88) [0x000072e47f6a4080, 0x000072e47f6a41f0] 
[1,774s][debug][gc,nmethod     ] GC(0) O: Purge NMethod: java.util.jar.JarFile.checkForSpecialAttributes (0x000072e49ec37d08) [0x000072e49ec37e00, 0x000072e49ec38758] 
[1,774s][debug][gc,nmethod     ] GC(0) O: Purge NMethod: worker.org.gradle.internal.stream.EncodedStream$EncodedInput.read (0x000072e47f451208) [0x000072e47f451300, 0x000072e47f451a58] 
[1,774s][debug][gc,nmethod     ] GC(0) O: Purge NMethod: jdk.internal.constant.MethodTypeDescImpl.parameterCount (0x000072e47f4c0408) [0x000072e47f4c0500, 0x000072e47f4c0638] 
[1,774s][debug][gc,nmethod     ] GC(0) O: Purge NMethod: java.util.HashMap.afterNodeInsertion (0x000072e47f42a508) [0x000072e47f42a600, 0x000072e47f42a700] 
[1,774s][debug][gc,nmethod     ] GC(0) O: Purge NMethod: java.lang.System$1.uncheckedCountPositives (0x000072e47f46ea88) [0x000072e47f46eb80, 0x000072e47f46edd8] 
[1,774s][debug][gc,nmethod     ] GC(0) O: Purge NMethod: java.util.jar.JarFile.getEntry (0x000072e47f4c1d88) [0x000072e47f4c1e80, 0x000072e47f4c25c8] 
[1,774s][debug][gc,nmethod     ] GC(0) O: Purge NMethod: jdk.internal.classfile.impl.SplitConstantPool.internalAdd (0x000072e47f425e08) [0x000072e47f425f00, 0x000072e47f426ce8] 
[1,774s][debug][gc,nmethod     ] GC(0) O: Purge NMethod: java.util.zip.ZipFile.getEntry (0x000072e47f484988) [0x000072e47f484a80, 0x000072e47f485048] 
[1,774s][debug][gc,nmethod     ] GC(0) O: Purge NMethod: java.lang.String.substring (0x000072e47f441808) [0x000072e47f441900, 0x000072e47f442420] 
[1,774s][debug][gc,nmethod     ] GC(0) O: Purge NMethod: jdk.internal.jimage.ImageStringsReader.unmaskedHashCode (0x000072e47f519c08) [0x000072e47f519d00, 0x000072e47f51af00] 
[1,774s][debug][gc,nmethod     ] GC(0) O: Purge NMethod: java.util.AbstractCollection.<init> (0x000072e47f407488) [0x000072e47f407580, 0x000072e47f4076d8] 
[1,774s][debug][gc,nmethod     ] GC(0) O: Purge NMethod: java.lang.String.isLatin1 (0x000072e49ebe7a88) [0x000072e49ebe7b80, 0x000072e49ebe7c40] 
[1,774s][debug][gc,nmethod     ] GC(0) O: Purge NMethod: java.util.WeakHashMap.getTable (0x000072e47f48a808) [0x000072e47f48a900, 0x000072e47f48aa78] 
[1,774s][debug][gc,nmethod     ] GC(0) O: Purge NMethod: jdk.internal.util.ArraysSupport.hashCode (0x000072e47f73e508) [0x000072e47f73e600, 0x000072e47f73eab0] 
[1,775s][debug][gc,nmethod     ] GC(0) O: Purge NMethod: java.util.zip.ZipFile$Source.isMetaName (0x000072e49ec11f88) [0x000072e49ec12080, 0x000072e49ec123b0] 
[1,775s][debug][gc,nmethod     ] GC(0) O: Purge NMethod: java.util.BitSet.checkInvariants (0x000072e47f5a8508) [0x000072e47f5a8600, 0x000072e47f5a8730] 
[1,775s][debug][gc,nmethod     ] GC(0) O: Purge NMethod: jdk.internal.loader.URLClassPath$JarLoader.findResource (0x000072e47f67b488) [0x000072e47f67b580, 0x000072e47f67b788] 
[1,775s][debug][gc,nmethod     ] GC(0) O: Purge NMethod: jdk.internal.util.StrongReferenceKey.hashCode (0x000072e47f41cf08) [0x000072e47f41d000, 0x000072e47f41d510] 
[1,775s][debug][gc,nmethod     ] GC(0) O: Purge NMethod: java.util.ArrayList$Itr.<init> (0x000072e47f5b7208) [0x000072e47f5b7300, 0x000072e47f5b7630] 
[1,775s][debug][gc,nmethod     ] GC(0) O: Purge NMethod: java.util.HashMap.putVal (0x000072e47f435e08) [0x000072e47f435f00, 0x000072e47f438290] 
[1,775s][debug][gc,nmethod     ] GC(0) O: Purge NMethod: java.util.jar.JarFile.getEntry (0x000072e47f487c88) [0x000072e47f487d80, 0x000072e47f4884c8] 
[1,775s][debug][gc,nmethod     ] GC(0) O: Purge NMethod: java.util.HashMap.putIfAbsent (0x000072e49ec14108) [0x000072e49ec14220, 0x000072e49ec15a20] 
[1,775s][debug][gc,nmethod     ] GC(0) O: Purge NMethod: jdk.internal.classfile.impl.BufWriterImpl.patchInt (0x000072e47f5f3f88) [0x000072e47f5f4080, 0x000072e47f5f4260] 
[1,775s][debug][gc,nmethod     ] GC(0) O: Purge NMethod: java.util.regex.Pattern$BmpCharPropertyGreedy.match (0x000072e47f626888) [0x000072e47f626980, 0x000072e47f6272f0] 
[1,775s][debug][gc,nmethod     ] GC(0) O: Purge NMethod: jdk.internal.classfile.impl.EntryMap.firstToken (0x000072e47f420e88) [0x000072e47f420f80, 0x000072e47f421470] 
[1,775s][debug][gc,nmethod     ] GC(0) O: Purge NMethod: java.util.jar.JarFile.getEntry (0x000072e49ec3f308) [0x000072e49ec3f400, 0x000072e49ec408a0] 
[1,775s][debug][gc,nmethod     ] GC(0) O: Purge NMethod: java.lang.AbstractStringBuilder.append (0x000072e47f44c288) [0x000072e47f44c380, 0x000072e47f44cfd0] 
[1,775s][debug][gc,nmethod     ] GC(0) O: Purge NMethod: java.lang.StringUTF16.getChar (0x000072e47f672c08) [0x000072e47f672d00, 0x000072e47f672e60] 
[1,775s][debug][gc,nmethod     ] GC(0) O: Purge NMethod: java.util.HashMap.putVal (0x000072e47f42eb88) [0x000072e47f42ec80, 0x000072e47f430970] 
[1,775s][debug][gc,nmethod     ] GC(0) O: Purge NMethod: java.util.HashMap.putVal (0x000072e49ebf7308) [0x000072e49ebf7420, 0x000072e49ebf8a78] 
[1,775s][debug][gc,nmethod     ] GC(0) O: Purge NMethod: jdk.internal.classfile.impl.EntryMap.put (0x000072e47f425608) [0x000072e47f425700, 0x000072e47f425dd0] 
[1,775s][debug][gc,nmethod     ] GC(0) O: Purge NMethod: java.nio.DirectLongBufferU.ix (0x000072e47f486588) [0x000072e47f486680, 0x000072e47f486790] 
[1,775s][debug][gc,nmethod     ] GC(0) O: Purge NMethod: java.lang.String.getBytes (0x000072e47f418c88) [0x000072e47f418d80, 0x000072e47f419288] 
[1,775s][debug][gc,nmethod     ] GC(0) O: Purge NMethod: jdk.internal.classfile.impl.BufWriterImpl.cpIndex (0x000072e47f461188) [0x000072e47f461280, 0x000072e47f463278] 
[1,775s][debug][gc,nmethod     ] GC(0) O: Purge NMethod: sun.util.locale.LocaleUtils.toLower (0x000072e47f62b688) [0x000072e47f62b780, 0x000072e47f62b980] 
[1,775s][debug][gc,nmethod     ] GC(0) O: Purge NMethod: jdk.internal.classfile.impl.RawBytecodeHelper.opcode (0x000072e47f44a908) [0x000072e47f44aa00, 0x000072e47f44ab08] 
[1,775s][debug][gc,nmethod     ] GC(0) O: Purge NMethod: java.util.jar.JarFile.getJarEntry (0x000072e47f4c0d08) [0x000072e47f4c0e00, 0x000072e47f4c1300] 
[1,775s][debug][gc,nmethod     ] GC(0) O: Purge NMethod: java.lang.StringLatin1.canEncode (0x000072e47f44d008) [0x000072e47f44d100, 0x000072e47f44d260] 
[1,775s][debug][gc,nmethod     ] GC(0) O: Purge NMethod: java.io.BufferedInputStream.getBufIfOpen (0x000072e47f450408) [0x000072e47f450500, 0x000072e47f450638] 
[1,775s][debug][gc,nmethod     ] GC(0) O: Purge NMethod: java.lang.String.replace (0x000072e47f469e88) [0x000072e47f469f80, 0x000072e47f46a488] 
[1,775s][debug][gc,nmethod     ] GC(0) O: Purge NMethod: jdk.internal.classfile.impl.AbstractPoolEntry$Utf8EntryImpl.<init> (0x000072e47f45e588) [0x000072e47f45e680, 0x000072e47f45eee8] 
[1,775s][debug][gc,nmethod     ] GC(0) O: Purge NMethod: java.util.ImmutableCollections$ListN.size (0x000072e47f5a9608) [0x000072e47f5a9700, 0x000072e47f5a9838] 
[1,775s][debug][gc,nmethod     ] GC(0) O: Purge NMethod: java.lang.String.startsWith (0x000072e47f410c08) [0x000072e47f410d00, 0x000072e47f410ff8] 
[1,775s][debug][gc,nmethod     ] GC(0) O: Purge NMethod: java.lang.String.startsWith (0x000072e47f40f888) [0x000072e47f40f980, 0x000072e47f410c00] 
[1,775s][debug][gc,nmethod     ] GC(0) O: Purge NMethod: java.util.Arrays.copyOfRange (0x000072e47f43fb08) [0x000072e47f43fc00, 0x000072e47f440ed0] 
[1,775s][debug][gc,nmethod     ] GC(0) O: Purge NMethod: jdk.internal.util.ArraysSupport.mismatch (0x000072e47f411908) [0x000072e47f411a00, 0x000072e47f411de0] 
[1,775s][debug][gc,nmethod     ] GC(0) O: Purge NMethod: java.net.URLClassLoader.defineClass (0x000072e47f606808) [0x000072e47f606900, 0x000072e47f60b198] 
[1,775s][debug][gc,nmethod     ] GC(0) O: Purge NMethod: jdk.internal.loader.Resource.getBytes (0x000072e47f5dc488) [0x000072e47f5dc580, 0x000072e47f5dda70] 
[1,775s][debug][gc,nmethod     ] GC(0) O: Purge NMethod: java.math.BigInteger.implMulAdd (0x000072e47f749288) [0x000072e47f749380, 0x000072e47f7495a0] 
[1,775s][debug][gc,nmethod     ] GC(0) O: Purge NMethod: java.lang.Object.equals (0x000072e47f43a108) [0x000072e47f43a200, 0x000072e47f43a350] 
[1,775s][debug][gc,nmethod     ] GC(0) O: Purge NMethod: jdk.internal.classfile.impl.BufWriterImpl.writeU1U2 (0x000072e47f4e7708) [0x000072e47f4e7800, 0x000072e47f4e7c98] 
[1,775s][debug][gc,nmethod     ] GC(0) O: Purge NMethod: java.math.BigInteger.mulAdd (0x000072e47f749608) [0x000072e47f749700, 0x000072e47f749890] 
[1,775s][debug][gc,nmethod     ] GC(0) O: Purge NMethod: java.lang.String.indexOf (0x000072e47f40f108) [0x000072e47f40f200, 0x000072e47f40f828] 
[1,775s][debug][gc,nmethod     ] GC(0) O: Purge NMethod: java.lang.String.isLatin1 (0x000072e47f40ac08) [0x000072e47f40ad00, 0x000072e47f40ae60] 
[1,775s][debug][gc,nmethod     ] GC(0) O: Purge NMethod: java.lang.StringLatin1.lastIndexOf (0x000072e47f421488) [0x000072e47f421580, 0x000072e47f421948] 
[1,775s][debug][gc,nmethod     ] GC(0) O: Purge NMethod: java.util.Arrays.fill (0x000072e49ec78188) [0x000072e49ec78280, 0x000072e49ec78418] 
[1,775s][debug][gc,nmethod     ] GC(0) O: Purge NMethod: jdk.internal.loader.URLClassPath$JarLoader.getResource (0x000072e47f487588) [0x000072e47f487680, 0x000072e47f487c60] 
[1,775s][debug][gc,nmethod     ] GC(0) O: Purge NMethod: java.util.zip.ZipUtils.CENNAM (0x000072e47f46e188) [0x000072e47f46e280, 0x000072e47f46e390] 
[1,775s][debug][gc,nmethod     ] GC(0) O: Purge NMethod: java.util.jar.JarFile.isMultiRelease (0x000072e47f581788) [0x000072e47f581880, 0x000072e47f581a78] 
[1,775s][debug][gc,nmethod     ] GC(0) O: Purge NMethod: java.util.zip.ZipFile$Source.getEntryPos (0x000072e47f47fa08) [0x000072e47f47fb00, 0x000072e47f4817a8] 
[1,775s][debug][gc,nmethod     ] GC(0) O: Purge NMethod: java.lang.AbstractStringBuilder.<init> (0x000072e47f474f08) [0x000072e47f475000, 0x000072e47f475288] 
[1,775s][debug][gc,nmethod     ] GC(0) O: Purge NMethod: jdk.internal.classfile.impl.SplitConstantPool.entryByIndex (0x000072e47f41ec88) [0x000072e47f41ed80, 0x000072e47f420e30] 
[1,775s][debug][gc,nmethod     ] GC(0) O: Purge NMethod: java.util.ImmutableCollections$SetN.isEmpty (0x000072e47f427d08) [0x000072e47f427e00, 0x000072e47f427f50] 
[1,775s][debug][gc,nmethod     ] GC(0) O: Purge NMethod: java.util.concurrent.ConcurrentHashMap.setTabAt (0x000072e47f46a508) [0x000072e47f46a600, 0x000072e47f46a900] 
[1,775s][debug][gc,nmethod     ] GC(0) O: Purge NMethod: java.lang.Short.toUnsignedInt (0x000072e47f44e508) [0x000072e47f44e600, 0x000072e47f44e6e8] 
[1,775s][debug][gc,nmethod     ] GC(0) O: Purge NMethod: jdk.internal.loader.Resource.cachedInputStream (0x000072e47f50c808) [0x000072e47f50c900, 0x000072e47f50cf78] 
[1,775s][debug][gc,nmethod     ] GC(0) O: Purge NMethod: jdk.internal.classfile.impl.SplitConstantPool.utf8Entry (0x000072e47f465688) [0x000072e47f465780, 0x000072e47f466278] 
[1,775s][debug][gc,nmethod     ] GC(0) O: Purge NMethod: java.lang.StringLatin1.indexOf (0x000072e47f411308) [0x000072e47f411400, 0x000072e47f411888] 
[1,775s][debug][gc,nmethod     ] GC(0) O: Purge NMethod: jdk.internal.misc.Unsafe.putReferenceRelease (0x000072e47f469b88) [0x000072e47f469c80, 0x000072e47f469df8] 
[1,775s][debug][gc,nmethod     ] GC(0) O: Purge NMethod: java.lang.String.hashCode (0x000072e49ebe8388) [0x000072e49ebe8480, 0x000072e49ebe8620] 
[1,775s][debug][gc,nmethod     ] GC(0) O: Purge NMethod: java.io.BufferedInputStream.read (0x000072e47f450c88) [0x000072e47f450d80, 0x000072e47f4511d8] 
[1,775s][debug][gc,nmethod     ] GC(0) O: Purge NMethod: java.lang.StringBuilder.append (0x000072e47f44bf88) [0x000072e47f44c080, 0x000072e47f44c1c8] 
[1,775s][debug][gc,nmethod     ] GC(0) O: Purge NMethod: java.lang.String.isEmpty (0x000072e47f411008) [0x000072e47f411100, 0x000072e47f411288] 
[1,775s][debug][gc,nmethod     ] GC(0) O: Purge NMethod: java.lang.String.charAt (0x000072e47f40e108) [0x000072e47f40e200, 0x000072e47f40e790] 
[1,775s][debug][gc,nmethod     ] GC(0) O: Purge NMethod: java.lang.Math.max (0x000072e47f448888) [0x000072e47f448980, 0x000072e47f448aa8] 
[1,775s][debug][gc,nmethod     ] GC(0) O: Purge NMethod: jdk.internal.classfile.impl.SplitConstantPool.canWriteDirect (0x000072e47f449988) [0x000072e47f449a80, 0x000072e47f449d78] 
[1,775s][debug][gc,nmethod     ] GC(0) O: Purge NMethod: java.lang.String.length (0x000072e47f40b988) [0x000072e47f40ba80, 0x000072e47f40be00] 
[1,775s][debug][gc,nmethod     ] GC(0) O: Purge NMethod: java.util.ImmutableCollections$SetN.probe (0x000072e47f401088) [0x000072e47f401180, 0x000072e47f4019a8] 
[1,775s][debug][gc,nmethod     ] GC(0) O: Purge NMethod: java.net.URLClassLoader.findClass (0x000072e47f603788) [0x000072e47f603880, 0x000072e47f6064a0] 
[1,775s][debug][gc,nmethod     ] GC(0) O: Purge NMethod: java.util.jar.JarFile.getJarEntry (0x000072e49ec4c408) [0x000072e49ec4c500, 0x000072e49ec4db38] 
[1,775s][debug][gc,nmethod     ] GC(0) O: Purge NMethod: sun.reflect.annotation.AnnotationInvocationHandler.hashCodeImpl (0x000072e47f806c88) [0x000072e47f806d80, 0x000072e47f808200] 
[1,775s][debug][gc,nmethod     ] GC(0) O: Purge NMethod: java.lang.StringCoding.countPositives (0x000072e47f46cf08) [0x000072e47f46d000, 0x000072e47f46d208] 
[1,775s][debug][gc,nmethod     ] GC(0) O: Purge NMethod: jdk.internal.misc.Unsafe.allocateUninitializedArray (0x000072e47f424f08) [0x000072e47f425000, 0x000072e47f4255c8] 
[1,775s][debug][gc,nmethod     ] GC(0) O: Purge NMethod: java.lang.String.coder (0x000072e47f40af08) [0x000072e47f40b000, 0x000072e47f40b128] 
[1,775s][debug][gc,nmethod     ] GC(0) O: Purge NMethod: java.lang.String.equals (0x000072e47f408588) [0x000072e47f408680, 0x000072e47f408d40] 
[1,775s][debug][gc,nmethod     ] GC(0) O: Purge NMethod: java.util.HashSet.add (0x000072e47f42e088) [0x000072e47f42e180, 0x000072e47f42e360] 
[1,775s][debug][gc,nmethod     ] GC(0) O: Purge NMethod: java.util.ImmutableCollections$SetN$SetNIterator.hasNext (0x000072e47f409088) [0x000072e47f409180, 0x000072e47f4092d0] 
[1,775s][debug][gc,nmethod     ] GC(0) O: Purge NMethod: java.io.BufferedInputStream.getBufIfOpen (0x000072e49ebfa508) [0x000072e49ebfa600, 0x000072e49ebfa730] 
[1,775s][debug][gc,nmethod     ] GC(0) O: Purge NMethod: java.util.HashMap.get (0x000072e47f42e688) [0x000072e47f42e780, 0x000072e47f42eb18] 
[1,775s][debug][gc,nmethod     ] GC(0) O: Purge NMethod: java.util.Collections$UnmodifiableSet.<init> (0x000072e47f8fe388) [0x000072e47f8fe480, 0x000072e47f8fe7a0] 
[1,775s][debug][gc,nmethod     ] GC(0) O: Purge NMethod: jdk.internal.classfile.impl.StackMapGenerator.processBlock (0x000072e47f48e508) [0x000072e47f48e600, 0x000072e47f4bd8c8] 
[1,775s][debug][gc,nmethod     ] GC(0) O: Purge NMethod: java.util.jar.JarFile.isMultiRelease (0x000072e47f483d08) [0x000072e47f483e00, 0x000072e47f483ff8] 
[1,775s][debug][gc,nmethod     ] GC(0) O: Purge NMethod: java.util.concurrent.ConcurrentHashMap.tabAt (0x000072e47f412908) [0x000072e47f412a00, 0x000072e47f412f48] 
[1,775s][debug][gc,nmethod     ] GC(0) O: Purge NMethod: java.lang.String.hashCode (0x000072e47f400988) [0x000072e47f400a80, 0x000072e47f401028] 
[1,775s][debug][gc,nmethod     ] GC(0) O: Purge NMethod: java.lang.ref.Reference.<init> (0x000072e47f469788) [0x000072e47f469880, 0x000072e47f469b18] 
[1,775s][debug][gc,nmethod     ] GC(0) O: Purge NMethod: java.lang.invoke.MethodType.parameterCount (0x000072e47f422788) [0x000072e47f422880, 0x000072e47f4229b8] 
[1,775s][debug][gc,nmethod     ] GC(0) O: Purge NMethod: java.util.LinkedHashMap.newNode (0x000072e47f523f08) [0x000072e47f524000, 0x000072e47f5241e8] 
[1,775s][debug][gc,nmethod     ] GC(0) O: Purge NMethod: java.util.HashMap.get (0x000072e47f432688) [0x000072e47f432780, 0x000072e47f432b18] 
[1,775s][debug][gc,nmethod     ] GC(0) O: Purge NMethod: java.lang.AbstractStringBuilder.needsNewBuffer (0x000072e49ec1be08) [0x000072e49ec1bf00, 0x000072e49ec1bfe8] 
[1,775s][debug][gc,nmethod     ] GC(0) O: Purge NMethod: java.util.HashMap.put (0x000072e49ec2ef08) [0x000072e49ec2f020, 0x000072e49ec30840] 
[1,775s][debug][gc,nmethod     ] GC(0) O: Purge NMethod: jdk.internal.loader.URLClassPath$JarLoader$1.getBytes (0x000072e47f5e3a08) [0x000072e47f5e3b00, 0x000072e47f5e43e8] 
[1,775s][debug][gc,nmethod     ] GC(0) O: Purge NMethod: java.util.Optional.empty (0x000072e47f445d08) [0x000072e47f445e00, 0x000072e47f445ee8] 
[1,775s][debug][gc,nmethod     ] GC(0) O: Purge NMethod: java.util.jar.JarFile.getJarEntry (0x000072e47f486b88) [0x000072e47f486c80, 0x000072e47f487528] 
[1,775s][debug][gc,nmethod     ] GC(0) O: Purge NMethod: java.lang.StringBuilder.toString (0x000072e47f476088) [0x000072e47f476180, 0x000072e47f4765b8] 
[1,775s][debug][gc,nmethod     ] GC(0) O: Purge NMethod: java.util.jar.Manifest$FastInputStream.readLine (0x000072e47f484008) [0x000072e47f484100, 0x000072e47f484958] 
[1,775s][debug][gc,nmethod     ] GC(0) O: Purge NMethod: java.util.zip.ZipCoder.hash (0x000072e47f485088) [0x000072e47f485180, 0x000072e47f485fb8] 
[1,775s][debug][gc,nmethod     ] GC(0) O: Purge NMethod: java.lang.Class.isArray (0x000072e47f41dc88) [0x000072e47f41dd80, 0x000072e47f41df00] 
[1,775s][debug][gc,nmethod     ] GC(0) O: Purge NMethod: java.util.Arrays.fill (0x000072e47f5c5d08) [0x000072e47f5c5e00, 0x000072e47f5c6228] 
[1,775s][debug][gc,nmethod     ] GC(0) O: Purge NMethod: java.lang.StringCoding.countNonZeroAsciiLatin1 (0x000072e47f41df88) [0x000072e47f41e080, 0x000072e47f41e288] 
[1,775s][debug][gc,nmethod     ] GC(0) O: Purge NMethod: java.util.jar.JarFile.checkForSpecialAttributes (0x000072e47f4c3588) [0x000072e47f4c3680, 0x000072e47f4c4c60] 
[1,775s][debug][gc,nmethod     ] GC(0) O: Purge NMethod: java.util.regex.Pattern$$Lambda/0x00000000b30b27a0.is (0x000072e47f625d08) [0x000072e47f625e00, 0x000072e47f625fb0] 
[1,775s][debug][gc,nmethod     ] GC(0) O: Purge NMethod: java.nio.DirectByteBuffer.ix (0x000072e47f4be508) [0x000072e47f4be600, 0x000072e47f4be708] 
[1,775s][debug][gc,nmethod     ] GC(0) O: Purge NMethod: java.lang.AbstractStringBuilder.isLatin1 (0x000072e47f44bc88) [0x000072e47f44bd80, 0x000072e47f44bec0] 
[1,775s][debug][gc,nmethod     ] GC(0) O: Purge NMethod: java.nio.DirectByteBuffer.get (0x000072e47f4bf008) [0x000072e47f4bf100, 0x000072e47f4bff00] 
[1,775s][debug][gc,nmethod     ] GC(0) O: Purge NMethod: java.util.LinkedHashMap.get (0x000072e47f4df608) [0x000072e47f4df700, 0x000072e47f4dfb18] 
[1,775s][debug][gc,nmethod     ] GC(0) O: Purge NMethod: java.lang.StringBuilder.<init> (0x000072e47f477b88) [0x000072e47f477c80, 0x000072e47f477db8] 
[1,775s][debug][gc,nmethod     ] GC(0) O: Purge NMethod: java.util.regex.Pattern$BmpCharPropertyGreedy.match (0x000072e49ec2b188) [0x000072e49ec2b280, 0x000072e49ec2b650] 
[1,775s][debug][gc,nmethod     ] GC(0) O: Purge NMethod: java.util.ArrayList.add (0x000072e47f473c88) [0x000072e47f473d80, 0x000072e47f4742f0] 
[1,775s][debug][gc,nmethod     ] GC(0) O: Purge NMethod: java.util.Arrays.copyOf (0x000072e47f470e88) [0x000072e47f470f80, 0x000072e47f471348] 
[1,775s][debug][gc,nmethod     ] GC(0) O: Purge NMethod: java.util.HashMap.put (0x000072e47f6e7f08) [0x000072e47f6e8000, 0x000072e47f6e85e8] 
[1,775s][debug][gc,nmethod     ] GC(0) O: Purge NMethod: java.util.HashMap.resize (0x000072e47f43dd08) [0x000072e47f43de20, 0x000072e47f43fb00] 
[1,775s][debug][gc,nmethod     ] GC(0) O: Purge NMethod: java.util.ImmutableCollections$SetN$SetNIterator.next (0x000072e47f412f88) [0x000072e47f413080, 0x000072e47f4133f8] 
[1,775s][debug][gc,nmethod     ] GC(0) O: Purge NMethod: sun.reflect.generics.parser.SignatureParser.advance (0x000072e47f5b2208) [0x000072e47f5b2300, 0x000072e47f5b2918] 
[1,775s][debug][gc,nmethod     ] GC(0) O: Purge NMethod: java.lang.CharacterDataLatin1.getProperties (0x000072e47f4e5a08) [0x000072e47f4e5b00, 0x000072e47f4e5c30] 
[1,775s][debug][gc,nmethod     ] GC(0) O: Purge NMethod: java.util.jar.JarFile.checkForSpecialAttributes (0x000072e47f47e008) [0x000072e47f47e100, 0x000072e47f47f668] 
[1,776s][debug][gc,nmethod     ] GC(0) O: Purge NMethod: java.lang.AbstractStringBuilder.append (0x000072e47f4bdf08) [0x000072e47f4be000, 0x000072e47f4be4b8] 
[1,776s][debug][gc,nmethod     ] GC(0) O: Purge NMethod: java.util.zip.ZipFile.zipCoderFor (0x000072e47f46f708) [0x000072e47f46f800, 0x000072e47f46fc50] 
[1,776s][debug][gc,nmethod     ] GC(0) O: Purge NMethod: java.lang.String.hashCode (0x000072e47f417188) [0x000072e47f417280, 0x000072e47f417828] 
[1,776s][debug][gc,nmethod     ] GC(0) O: Purge NMethod: java.lang.StringLatin1.replace (0x000072e47f452f08) [0x000072e47f453000, 0x000072e47f4540a0] 
[1,776s][debug][gc,nmethod     ] GC(0) O: Purge NMethod: java.math.BigInteger.implMulAddCheck (0x000072e47f749d88) [0x000072e47f749e80, 0x000072e47f74de10] 
[1,776s][debug][gc,nmethod     ] GC(0) O: Purge NMethod: java.lang.invoke.MemberName.getModifiers (0x000072e47f507b88) [0x000072e47f507c80, 0x000072e47f507d88] 
[1,776s][debug][gc,nmethod     ] GC(0) O: Purge NMethod: java.util.HashSet.add (0x000072e47f432b88) [0x000072e47f432c80, 0x000072e47f433010] 
[1,776s][debug][gc,nmethod     ] GC(0) O: Purge NMethod: jdk.internal.misc.Unsafe.getIntUnaligned (0x000072e49ec00288) [0x000072e49ec00380, 0x000072e49ec00440] 
[1,776s][debug][gc,nmethod     ] GC(0) O: Purge NMethod: java.lang.String.hashCode (0x000072e49ebf2a08) [0x000072e49ebf2b00, 0x000072e49ebf2ca0] 
[1,776s][debug][gc,nmethod     ] GC(0) O: Purge NMethod: java.util.concurrent.ConcurrentHashMap.spread (0x000072e47f412608) [0x000072e47f412700, 0x000072e47f4127f0] 
[1,776s][debug][gc,nmethod     ] GC(0) O: Purge NMethod: jdk.internal.loader.URLClassPath.getLoader (0x000072e47f488508) [0x000072e47f488600, 0x000072e47f48a4c8] 
[1,776s][debug][gc,nmethod     ] GC(0) O: Purge NMethod: jdk.internal.classfile.impl.RawBytecodeHelper.next (0x000072e47f44a088) [0x000072e47f44a180, 0x000072e47f44a8f8] 
[1,776s][debug][gc,nmethod     ] GC(0) O: Purge NMethod: java.lang.AbstractStringBuilder.needsNewBuffer (0x000072e47f444688) [0x000072e47f444780, 0x000072e47f444920] 
[1,776s][debug][gc,nmethod     ] GC(0) O: Purge NMethod: java.util.Objects.requireNonNull (0x000072e47f405488) [0x000072e47f405580, 0x000072e47f405750] 
[1,776s][debug][gc,nmethod     ] GC(0) O: Purge NMethod: java.lang.String.regionMatches (0x000072e47f4c5688) [0x000072e47f4c5780, 0x000072e47f4c6b78] 
[1,776s][debug][gc,nmethod     ] GC(0) O: Purge NMethod: jdk.internal.classfile.impl.RawBytecodeHelper.endBci (0x000072e47f449d88) [0x000072e47f449e80, 0x000072e47f449fb8] 
[1,776s][debug][gc,nmethod     ] GC(0) O: Purge NMethod: java.util.HashMap.hash (0x000072e47f426d08) [0x000072e47f426e00, 0x000072e47f427138] 
[1,776s][debug][gc,nmethod     ] GC(0) O: Purge NMethod: jdk.internal.classfile.impl.SplitConstantPool.maybeCloneUtf8Entry (0x000072e47f4e8008) [0x000072e47f4e8100, 0x000072e47f4e91a0] 
[1,776s][debug][gc,nmethod     ] GC(0) O: Purge NMethod: java.util.concurrent.ConcurrentHashMap.putVal (0x000072e49ec32e08) [0x000072e49ec32f00, 0x000072e49ec33fe8] 
[1,776s][debug][gc,nmethod     ] GC(0) O: Purge NMethod: jdk.internal.util.ArraysSupport.unsignedHashCode (0x000072e47f400008) [0x000072e47f400100, 0x000072e47f400310] 
[1,776s][debug][gc,nmethod     ] GC(0) O: Purge NMethod: jdk.internal.loader.URLClassPath$JarLoader.getResource (0x000072e47f4c1308) [0x000072e47f4c1400, 0x000072e47f4c1d30] 
[1,776s][debug][gc,nmethod     ] GC(0) O: Purge NMethod: jdk.internal.util.ArraysSupport.vectorizedHashCode (0x000072e47f402088) [0x000072e47f402180, 0x000072e47f403fd8] 
[1,776s][debug][gc,nmethod     ] GC(0) O: Purge NMethod: java.lang.ClassLoader.checkName (0x000072e47f47ce08) [0x000072e47f47cf00, 0x000072e47f47dc48] 
[1,776s][debug][gc,nmethod     ] GC(0) O: Purge NMethod: worker.org.gradle.internal.stream.EncodedStream$EncodedInput.hexToByte (0x000072e47f451a88) [0x000072e47f451b80, 0x000072e47f4522c8] 
[1,776s][debug][gc,nmethod     ] GC(0) O: Purge NMethod: java.util.HashMap.newNode (0x000072e47f42ac08) [0x000072e47f42ad00, 0x000072e47f42b080] 
[1,776s][debug][gc,nmethod     ] GC(0) O: Purge NMethod: java.util.LinkedHashMap$LinkedHashIterator.nextNode (0x000072e47f6ead08) [0x000072e47f6eae00, 0x000072e47f6eb2c0] 
[1,776s][debug][gc,nmethod     ] GC(0) O: Purge NMethod: java.util.LinkedHashMap.afterNodeInsertion (0x000072e47f524e08) [0x000072e47f524f00, 0x000072e47f525108] 
[1,776s][debug][gc,nmethod     ] GC(0) O: Purge NMethod: java.util.concurrent.ConcurrentHashMap.putIfAbsent (0x000072e47f417888) [0x000072e47f417980, 0x000072e47f417c80] 
[1,776s][debug][gc,nmethod     ] GC(0) O: Purge NMethod: java.util.zip.ZipFile.ensureOpen (0x000072e47f479188) [0x000072e47f479280, 0x000072e47f479550] 
[1,776s][debug][gc,nmethod     ] GC(0) O: Purge NMethod: sun.net.www.ParseUtil.firstEncodeIndex (0x000072e47f454108) [0x000072e47f454200, 0x000072e47f4550d8] 
[1,776s][debug][gc,nmethod     ] GC(0) O: Purge NMethod: java.util.zip.ZipFile$CleanableResource.releaseInflater (0x000072e47f546808) [0x000072e47f546900, 0x000072e47f546e58] 
[1,776s][debug][gc,nmethod     ] GC(0) O: Purge NMethod: java.lang.Object.<init> (0x000072e47f400388) [0x000072e47f400480, 0x000072e47f400580] 
[1,776s][debug][gc,nmethod     ] GC(0) O: Purge NMethod: java.util.ArrayList$Itr.next (0x000072e47f56e988) [0x000072e47f56ea80, 0x000072e47f56f070] 
[1,776s][debug][gc,nmethod     ] GC(0) O: Purge NMethod: java.util.concurrent.ConcurrentHashMap.addCount (0x000072e47f413788) [0x000072e47f413880, 0x000072e47f414520] 
[1,776s][debug][gc,nmethod     ] GC(0) O: Purge NMethod: java.lang.ref.ReferenceQueue.poll (0x000072e47f417c88) [0x000072e47f417d80, 0x000072e47f4181a0] 
[1,776s][debug][gc,nmethod     ] GC(0) O: Purge NMethod: java.io.BufferedInputStream.getBufIfOpen (0x000072e47f450708) [0x000072e47f450800, 0x000072e47f450c18] 
[1,776s][debug][gc,nmethod     ] GC(0) O: Purge NMethod: sun.reflect.generics.parser.SignatureParser.current (0x000072e47f5b2988) [0x000072e47f5b2a80, 0x000072e47f5b3890] 
[1,776s][debug][gc,nmethod     ] GC(0) O: Purge NMethod: java.util.zip.ZipFile$CleanableResource.getInflater (0x000072e47f543d88) [0x000072e47f543e80, 0x000072e47f5445b0] 
[1,776s][debug][gc,nmethod     ] GC(0) O: Purge NMethod: jdk.internal.misc.Unsafe.getShortUnaligned (0x000072e47f44e188) [0x000072e47f44e280, 0x000072e47f44e4a8] 
[1,776s][debug][gc,nmethod     ] GC(0) O: Purge NMethod: java.util.HashMap.putIfAbsent (0x000072e47f43d308) [0x000072e47f43d400, 0x000072e47f43d9e8] 
[1,776s][debug][gc,nmethod     ] GC(0) O: Purge NMethod: java.lang.String.toString (0x000072e47f4e7408) [0x000072e47f4e7500, 0x000072e47f4e7600] 
[1,776s][debug][gc,nmethod     ] GC(0) O: Purge NMethod: jdk.internal.classfile.impl.SplitConstantPool.tryFindUtf8 (0x000072e47f45be08) [0x000072e47f45bf00, 0x000072e47f45d738] 
[1,776s][debug][gc,nmethod     ] GC(0) O: Purge NMethod: java.lang.CharacterDataLatin1.isWhitespace (0x000072e47f5b3d88) [0x000072e47f5b3e80, 0x000072e47f5b4220] 
[1,776s][debug][gc,nmethod     ] GC(0) O: Purge NMethod: java.lang.StringLatin1.equals (0x000072e47f401a08) [0x000072e47f401b00, 0x000072e47f401d68] 
[1,776s][debug][gc,nmethod     ] GC(0) O: Purge NMethod: jdk.internal.loader.URLClassPath$JarLoader.ensureOpen (0x000072e47f47dc88) [0x000072e47f47dd80, 0x000072e47f47dfe8] 
[1,776s][debug][gc,nmethod     ] GC(0) O: Purge NMethod: jdk.internal.util.ReferencedKeyMap.removeStaleReferences (0x000072e47f418508) [0x000072e47f418600, 0x000072e47f418c20] 
[1,776s][debug][gc,nmethod     ] GC(0) O: Purge NMethod: java.util.HashMap.getNode (0x000072e47f42cc08) [0x000072e47f42cd00, 0x000072e47f42e010] 
[1,776s][debug][gc,nmethod     ] GC(0) O: Purge NMethod: java.lang.invoke.MethodType.parameterType (0x000072e47f44b988) [0x000072e47f44ba80, 0x000072e47f44bc08] 
[1,776s][debug][gc,nmethod     ] GC(0) O: Purge NMethod: java.util.zip.ZipFile$Source.checkAndAddEntry (0x000072e47f471388) [0x000072e47f471480, 0x000072e47f473780] 
[1,776s][debug][gc,nmethod     ] GC(0) O: Purge NMethod: jdk.internal.classfile.impl.AbstractPoolEntry$Utf8EntryImpl.writeTo (0x000072e47f45ef08) [0x000072e47f45f000, 0x000072e47f45f810] 
[1,776s][debug][gc,nmethod     ] GC(0) O: Purge NMethod: jdk.internal.classfile.impl.AbstractPoolEntry.maybeClone (0x000072e47f448f08) [0x000072e47f449000, 0x000072e47f449968] 
[1,776s][debug][gc,nmethod     ] GC(0) O: Purge NMethod: java.lang.ref.Reference.reachabilityFence (0x000072e47f474c08) [0x000072e47f474d00, 0x000072e47f474de0] 
[1,776s][debug][gc,nmethod     ] GC(0) O: Purge NMethod: java.util.stream.AbstractPipeline.isParallel (0x000072e47f724e08) [0x000072e47f724f00, 0x000072e47f725038] 
[1,776s][debug][gc,nmethod     ] GC(0) O: Purge NMethod: java.util.HashMap.afterNodeAccess (0x000072e47f804908) [0x000072e47f804a00, 0x000072e47f804b00] 
[1,776s][debug][gc,nmethod     ] GC(0) O: Purge NMethod: java.util.LinkedHashMap$LinkedEntryIterator.next (0x000072e47f7d4908) [0x000072e47f7d4a00, 0x000072e47f7d4f10] 
[1,776s][debug][gc,nmethod     ] GC(0) O: Purge NMethod: java.util.zip.CRC32.<init> (0x000072e47f5e2408) [0x000072e47f5e2500, 0x000072e47f5e2658] 
[1,776s][debug][gc,nmethod     ] GC(0) O: Purge NMethod: jdk.internal.classfile.impl.SplitConstantPool.map (0x000072e47f419788) [0x000072e47f4198a0, 0x000072e47f41afa0] 
[1,776s][debug][gc,nmethod     ] GC(0) O: Purge NMethod: sun.reflect.annotation.AnnotationInvocationHandler.invoke (0x000072e47f7cfe08) [0x000072e47f7cff00, 0x000072e47f7d2190] 
[1,776s][debug][gc,nmethod     ] GC(0) O: Purge NMethod: java.util.WeakHashMap.remove (0x000072e47f4ce588) [0x000072e47f4ce680, 0x000072e47f4cfa90] 
[1,776s][debug][gc,nmethod     ] GC(0) O: Purge NMethod: jdk.internal.util.ArraysSupport.vectorizedHashCode (0x000072e49ec66c08) [0x000072e49ec66e40, 0x000072e49ec67508] 
[1,776s][debug][gc,nmethod     ] GC(0) O: Purge NMethod: java.util.concurrent.ConcurrentHashMap.get (0x000072e47f41b788) [0x000072e47f41b880, 0x000072e47f41c898] 
[1,776s][debug][gc,nmethod     ] GC(0) O: Purge NMethod: jdk.internal.classfile.impl.BufWriterImpl.writeU1 (0x000072e47f4f5d88) [0x000072e47f4f5e80, 0x000072e47f4f62c8] 
[1,776s][debug][gc,nmethod     ] GC(0) O: Purge NMethod: jdk.internal.loader.URLClassPath$JarLoader.getResource (0x000072e49ec4a408) [0x000072e49ec4a500, 0x000072e49ec4bc18] 
[1,776s][debug][gc,nmethod     ] GC(0) O: Purge NMethod: sun.nio.fs.UnixPath.checkNotNul (0x000072e47f46d288) [0x000072e47f46d380, 0x000072e47f46d520] 
[1,776s][debug][gc,nmethod     ] GC(0) O: Purge NMethod: java.lang.CharacterData.of (0x000072e47f4e5d08) [0x000072e47f4e5e00, 0x000072e47f4e6540] 
[1,776s][debug][gc,nmethod     ] GC(0) O: Purge NMethod: java.util.zip.ZipUtils.get16 (0x000072e47f44dc08) [0x000072e47f44dd00, 0x000072e47f44e100] 
[1,776s][debug][gc,nmethod     ] GC(0) O: Purge NMethod: jdk.internal.misc.Unsafe.getIntUnaligned (0x000072e47f455d08) [0x000072e47f455e00, 0x000072e47f456048] 
[1,776s][debug][gc,nmethod     ] GC(0) O: Purge NMethod: java.math.BigInteger.addOne (0x000072e47f749908) [0x000072e47f749a00, 0x000072e47f749d18] 
[1,776s][debug][gc,nmethod     ] GC(0) O: Purge NMethod: sun.reflect.annotation.AnnotationInvocationHandler.memberValueHashCode (0x000072e47f7da908) [0x000072e47f7daa00, 0x000072e47f7dcc00] 
[1,776s][debug][gc,nmethod     ] GC(0) O: Purge NMethod: java.lang.String.indexOf (0x000072e47f51bc08) [0x000072e47f51bd00, 0x000072e47f51c800] 
[1,776s][debug][gc,nmethod     ] GC(0) O: Purge NMethod: java.lang.Integer.rotateLeft (0x000072e47f577b88) [0x000072e47f577c80, 0x000072e47f577d70] 
[1,776s][debug][gc,nmethod     ] GC(0) O: Purge NMethod: java.util.zip.ZipUtils.CENHOW (0x000072e47f46e488) [0x000072e47f46e580, 0x000072e47f46e690] 
[1,776s][debug][gc,nmethod     ] GC(0) O: Purge NMethod: java.util.zip.ZipFile$Source.isMetaName (0x000072e47f526988) [0x000072e47f526a80, 0x000072e47f526ee0] 
[1,776s][debug][gc,nmethod     ] GC(0) O: Purge NMethod: jdk.internal.util.ArraysSupport.hashCodeOfUnsigned (0x000072e47f407788) [0x000072e47f407880, 0x000072e47f407af8] 
[1,776s][debug][gc,nmethod     ] GC(0) O: Purge NMethod: jdk.internal.loader.URLClassPath$JarLoader.getResource (0x000072e49ec41308) [0x000072e49ec41400, 0x000072e49ec42b28] 
[1,776s][debug][gc,nmethod     ] GC(0) O: Purge NMethod: java.lang.CharacterDataLatin1.equalsIgnoreCase (0x000072e47f4c2608) [0x000072e47f4c2700, 0x000072e47f4c2998] 
[1,776s][debug][gc,nmethod     ] GC(0) O: Purge NMethod: java.util.HashMap.putVal (0x000072e47f481808) [0x000072e47f481900, 0x000072e47f483c90] 
[1,776s][debug][gc,nmethod     ] GC(0) O: Purge NMethod: java.util.concurrent.ConcurrentHashMap.casTabAt (0x000072e47f443a08) [0x000072e47f443b00, 0x000072e47f443c70] 
[1,776s][debug][gc,nmethod     ] GC(0) O: Purge NMethod: java.util.BitSet.wordIndex (0x000072e47f5a8208) [0x000072e47f5a8300, 0x000072e47f5a83e8] 
[1,776s][debug][gc,nmethod     ] GC(0) O: Purge NMethod: jdk.internal.misc.Unsafe.allocateUninitializedArray0 (0x000072e47f424588) [0x000072e47f424680, 0x000072e47f424ea0] 
[1,776s][debug][gc,nmethod     ] GC(0) O: Purge NMethod: java.util.zip.ZipUtils.get32 (0x000072e47f456088) [0x000072e47f456180, 0x000072e47f456588] 
[1,776s][debug][gc,nmethod     ] GC(0) O: Purge NMethod: java.util.LinkedHashMap$LinkedHashIterator.hasNext (0x000072e47f6e7c08) [0x000072e47f6e7d00, 0x000072e47f6e7e80] 
[1,776s][debug][gc,nmethod     ] GC(0) O: Purge NMethod: sun.util.locale.BaseLocale.hashCode (0x000072e47f62d608) [0x000072e47f62d700, 0x000072e47f631588] 
[1,776s][debug][gc,nmethod     ] GC(0) O: Purge NMethod: java.util.HashMap.resize (0x000072e49ebf6088) [0x000072e49ebf61a0, 0x000072e49ebf6ce0] 
[1,776s][debug][gc,nmethod     ] GC(0) O: Purge NMethod: java.lang.StringLatin1.indexOfChar (0x000072e47f40ee08) [0x000072e47f40ef00, 0x000072e47f40f100] 
[1,776s][debug][gc,phases      ] GC(0) O: Concurrent Classes Purge 2,158ms
[1,776s][debug][gc,phases,start] GC(0) O: Concurrent References Enqueue
[1,776s][debug][gc,phases      ] GC(0) O: Concurrent References Enqueue 0,008ms
[1,776s][info ][gc,phases      ] GC(0) O: Concurrent Process Non-Strong 8,669ms
[1,776s][debug][gc,phases,start] GC(0) O: Concurrent Reset Relocation Set
[1,776s][info ][gc,phases      ] GC(0) O: Concurrent Reset Relocation Set 0,007ms
[1,776s][debug][gc,phases,start] GC(0) O: Concurrent Select Relocation Set
[1,776s][debug][gc,reloc       ] GC(0) O: Relocation Set (Medium Pages): 0->0, 0 skipped, 0 forwarding entries
[1,776s][debug][gc,reloc       ] GC(0) O: Relocation Set (Small Pages): 0->0, 0 skipped, 0 forwarding entries
[1,776s][debug][gc,task        ] GC(0) O: Executing ZRelocationSetInstallTask using ZWorkerOld with 1 workers
[1,776s][debug][gc,reloc       ] Synchronize all workers 1 _nworkers: 0 _nsynchronized: 0
[1,776s][debug][gc,reloc       ] Synchronize all workers 1 _nworkers: 0 _nsynchronized: 0
[1,776s][info ][gc,phases      ] GC(0) O: Concurrent Select Relocation Set 0,136ms
[1,776s][debug][gc,phases,start] GC(0) O: Concurrent Remap Roots
[1,776s][info ][gc,task        ] GC(0) O: Using 2 Workers for Old Generation
[1,777s][debug][gc,reloc       ] Desynchronize all workers _nworkers: 0 _nsynchronized: 0
[1,777s][debug][gc,reloc       ] Desynchronize all workers _nworkers: 0 _nsynchronized: 0
[1,777s][debug][gc,task        ] GC(0) O: Executing ZRemapYoungRootsTask using ZWorkerOld with 2 workers
[1,778s][info ][gc,task        ] GC(0) O: Using 1 Workers for Old Generation
[1,778s][info ][gc,phases      ] GC(0) O: Concurrent Remap Roots 1,413ms
[1,778s][debug][gc,reloc       ] Synchronize all workers 1 _nworkers: 0 _nsynchronized: 0
[1,778s][debug][gc,reloc       ] Synchronize all workers 1 _nworkers: 0 _nsynchronized: 0
[1,778s][debug][gc,phases,start] GC(0) O: Pause Relocate Start
[1,778s][debug][gc,reloc       ] GC(0) O: Joining workers: 1
[1,778s][info ][gc,phases      ] GC(0) O: Pause Relocate Start 0,029ms
[1,778s][debug][gc,reloc       ] Desynchronize all workers _nworkers: 1 _nsynchronized: 0
[1,778s][debug][gc,reloc       ] Desynchronize all workers _nworkers: 0 _nsynchronized: 0
[1,778s][debug][gc,phases,start] GC(0) O: Concurrent Relocate
[1,778s][debug][gc,task        ] GC(0) O: Executing ZRelocateStoreBufferInstallBasePointersTask using ZWorkerOld with 1 workers
[1,778s][debug][gc             ] JNI Critical Stall (Test worker) 0,113ms
[1,778s][debug][gc,task        ] GC(0) O: Executing ZRelocateTask using ZWorkerOld with 1 workers
[1,778s][debug][gc,reloc       ] GC(0) O: Leaving workers: left: 0 _synchronize: 0 _nsynchronized: 0
[1,778s][info ][gc,phases      ] GC(0) O: Concurrent Relocate 0,078ms
[1,778s][debug][gc,heap        ] GC(0) O: Heap After GC invocations=1 (full 1):
[1,778s][debug][gc,heap        ] GC(0) O:  ZHeap           used 52M, capacity 5120M, max capacity 12288M
[1,778s][debug][gc,heap        ] GC(0) O:   Cache          5068M (3)
[1,778s][debug][gc,heap        ] GC(0) O:    size classes  8M (1), 32M (1), 4G (1)
[1,778s][debug][gc,metaspace   ] GC(0) O: Metaspace After GC invocations=1 (full 1):
[1,778s][debug][gc,metaspace   ] GC(0) O:  Metaspace       used 22956K, committed 23232K, reserved 1114112K
[1,778s][debug][gc,metaspace   ] GC(0) O:   class space    used 1857K, committed 1984K, reserved 1048576K
[1,778s][info ][gc,alloc       ] GC(0) O:                         Mark Start        Mark End      Relocate Start    Relocate End   
[1,778s][info ][gc,alloc       ] GC(0) O: Allocation Stalls:          0                0                0                0         
[1,778s][info ][gc,load        ] GC(0) O: Load: 5,40 (27%) / 3,86 (19%) / 2,97 (15%)
[1,778s][info ][gc,mmu         ] GC(0) O: MMU: 2ms/95,9%, 5ms/98,4%, 10ms/99,2%, 20ms/99,3%, 50ms/99,6%, 100ms/99,8%
[1,778s][info ][gc,marking     ] GC(0) O: Mark: 1 stripe(s), 1 proactive flush(es), 1 terminate flush(es), 0 completion(s), 0 continuation(s) 
[1,778s][info ][gc,nmethod     ] GC(0) O: NMethods: 2047 registered, 228 unregistered
[1,778s][info ][gc,metaspace   ] GC(0) O: Metaspace: 22M used, 22M committed, 1088M reserved
[1,778s][info ][gc,ref         ] GC(0) O:                       Encountered   Discovered     Enqueued 
[1,778s][info ][gc,ref         ] GC(0) O: Soft References:             2764            0            0 
[1,778s][info ][gc,ref         ] GC(0) O: Weak References:             1726            0            0 
[1,778s][info ][gc,ref         ] GC(0) O: Final References:               0            0            0 
[1,778s][info ][gc,ref         ] GC(0) O: Phantom References:           394            0            0 
[1,778s][info ][gc,heap        ] GC(0) O: Min Capacity: 5120M(42%)
[1,778s][info ][gc,heap        ] GC(0) O: Max Capacity: 12288M(100%)
[1,778s][info ][gc,heap        ] GC(0) O: Soft Max Capacity: 12288M(100%)
[1,778s][info ][gc,heap        ] GC(0) O: Heap Statistics:
[1,778s][info ][gc,heap        ] GC(0) O:                Mark Start          Mark End        Relocate Start      Relocate End           High               Low         
[1,778s][info ][gc,heap        ] GC(0) O:  Capacity:     5120M (42%)        5120M (42%)        5120M (42%)        5120M (42%)        5120M (42%)        5120M (42%)    
[1,778s][info ][gc,heap        ] GC(0) O:      Free:    12184M (99%)       12238M (100%)      12236M (100%)      12236M (100%)      12238M (100%)      12176M (99%)    
[1,778s][info ][gc,heap        ] GC(0) O:      Used:      104M (1%)           50M (0%)           52M (0%)           52M (0%)          112M (1%)           50M (0%)     
[1,778s][info ][gc,heap        ] GC(0) O: Old Generation Statistics:
[1,778s][info ][gc,heap        ] GC(0) O:                Mark Start          Mark End        Relocate Start      Relocate End    
[1,778s][info ][gc,heap        ] GC(0) O:      Used:        0M (0%)            0M (0%)            0M (0%)            0M (0%)     
[1,778s][info ][gc,heap        ] GC(0) O:      Live:         -                 0M (0%)            0M (0%)            0M (0%)     
[1,778s][info ][gc,heap        ] GC(0) O:   Garbage:         -                 0M (0%)            0M (0%)            0M (0%)     
[1,778s][info ][gc,heap        ] GC(0) O: Allocated:         -                 0M (0%)            0M (0%)            0M (0%)     
[1,778s][info ][gc,heap        ] GC(0) O: Reclaimed:         -                  -                 0M (0%)            0M (0%)     
[1,778s][info ][gc,heap        ] GC(0) O: Compacted:         -                  -                  -                 0M (0%)     
[1,778s][info ][gc,phases      ] GC(0) O: Old Generation 50M(0%)->52M(0%) 0,011s
[1,778s][info ][gc             ] GC(0) Major Collection (Metadata GC Threshold) 104M(1%)->52M(0%) 0,033s
[1,780s][debug][gc,director    ] Rule Major: Warmup 10%, Used: 52MB, UsedThreshold: 1228MB
[1,780s][debug][gc,nmethod     ] Register NMethod: ch.qos.logback.core.joran.spi.ElementPath.size (0x000072e47f405488) [0x000072e47f405580, 0x000072e47f4056e0] Compiler: c1, Barriers: 1, Oops: 1, ImmediateOops: 0, NonImmediateOops: No
[1,780s][debug][gc,nmethod     ] Register NMethod: ch.qos.logback.core.joran.spi.ElementPath.get (0x000072e47f400008) [0x000072e47f400100, 0x000072e47f400640] Compiler: c1, Barriers: 3, Oops: 1, ImmediateOops: 0, NonImmediateOops: No
[1,781s][debug][gc,nmethod     ] Register NMethod: java.lang.Class$ReflectionData.<init> (0x000072e47f409088) [0x000072e47f409180, 0x000072e47f4092e0] Compiler: c1, Barriers: 0, Oops: 0, ImmediateOops: 0, NonImmediateOops: No
[1,781s][debug][gc,nmethod     ] Register NMethod: java.lang.Class$Atomic.casReflectionData (0x000072e47f422788) [0x000072e47f422880, 0x000072e47f4229e0] Compiler: c1, Barriers: 5, Oops: 0, ImmediateOops: 0, NonImmediateOops: No
[1,783s][debug][gc,nmethod     ] Register NMethod: java.lang.String.indexOf (0x000072e49ebe7a88) [0x000072e49ebe7b80, 0x000072e49ebe7cd8] Compiler: jvmci, Barriers: 1, Oops: 0, ImmediateOops: 0, NonImmediateOops: No
[1,783s][debug][gc,nmethod     ] Register NMethod: java.lang.ref.SoftReference.get (0x000072e47f42a508) [0x000072e47f42a600, 0x000072e47f42a7c0] Compiler: c1, Barriers: 2, Oops: 0, ImmediateOops: 1, NonImmediateOops: No
[1,786s][debug][gc,nmethod     ] Register NMethod: jdk.internal.loader.URLClassPath$JarLoader$1.getCodeSourceURL (0x000072e49ebf2a08) [0x000072e49ebf2b00, 0x000072e49ebf2c08] Compiler: jvmci, Barriers: 2, Oops: 0, ImmediateOops: 0, NonImmediateOops: No
[1,788s][debug][gc,nmethod     ] Register NMethod: java.lang.String.<init> (0x000072e47f412608) [0x000072e47f412700, 0x000072e47f4132c0] Compiler: c1, Barriers: 10, Oops: 0, ImmediateOops: 0, NonImmediateOops: No
[1,789s][debug][gc,nmethod     ] Register NMethod: java.util.ArrayList.get (0x000072e49ebfa508) [0x000072e49ebfa600, 0x000072e49ebfa768] Compiler: jvmci, Barriers: 2, Oops: 0, ImmediateOops: 0, NonImmediateOops: No
[1,789s][debug][gc,nmethod     ] Register NMethod: java.lang.invoke.DirectMethodHandle$Constructor.viewAsType (0x000072e47f479188) [0x000072e47f479280, 0x000072e47f479520] Compiler: c1, Barriers: 4, Oops: 0, ImmediateOops: 0, NonImmediateOops: No
[1,790s][debug][gc,nmethod     ] Register NMethod: java.lang.String.startsWith (0x000072e49ec11f88) [0x000072e49ec12080, 0x000072e49ec12380] Compiler: jvmci, Barriers: 2, Oops: 0, ImmediateOops: 0, NonImmediateOops: No
[1,790s][debug][gc,director    ] Rule Major: Warmup 10%, Used: 52MB, UsedThreshold: 1228MB
[1,791s][debug][gc,nmethod     ] Register NMethod: java.lang.String.regionMatches (0x000072e47f4c5688) [0x000072e47f4c5780, 0x000072e47f4c6b78] Compiler: c1, Barriers: 2, Oops: 0, ImmediateOops: 0, NonImmediateOops: No
[1,791s][debug][gc,nmethod     ] Register NMethod: java.util.Calendar.internalSet (0x000072e47f43a108) [0x000072e47f43a200, 0x000072e47f43a358] Compiler: c1, Barriers: 1, Oops: 0, ImmediateOops: 0, NonImmediateOops: No
[1,791s][debug][gc,nmethod     ] Register NMethod: java.lang.StringBuilder.length (0x000072e49ec00288) [0x000072e49ec00380, 0x000072e49ec00408] Compiler: jvmci, Barriers: 0, Oops: 0, ImmediateOops: 0, NonImmediateOops: No
[1,793s][debug][gc,nmethod     ] Register NMethod: jdk.internal.util.ArraysSupport.mismatch (0x000072e49ec2b188) [0x000072e49ec2b280, 0x000072e49ec2b518] Compiler: jvmci, Barriers: 0, Oops: 0, ImmediateOops: 0, NonImmediateOops: No
[1,793s][debug][gc,nmethod     ] Register NMethod: org.gradle.internal.io.StreamByteBuffer.access$000 (0x000072e49ec1be08) [0x000072e49ec1bf00, 0x000072e49ec1bfd0] Compiler: c1, Barriers: 1, Oops: 1, ImmediateOops: 0, NonImmediateOops: No
[1,793s][debug][gc,nmethod     ] Register NMethod: org.gradle.internal.io.StreamByteBuffer$StreamByteBufferChunk.spaceLeft (0x000072e47f443a08) [0x000072e47f443b00, 0x000072e47f443c08] Compiler: c1, Barriers: 0, Oops: 1, ImmediateOops: 0, NonImmediateOops: No
[1,793s][debug][gc,nmethod     ] Register NMethod: org.gradle.internal.io.LineBufferingOutputStream.endsWithLineSeparator (0x000072e47f444688) [0x000072e47f444780, 0x000072e47f444908] Compiler: c1, Barriers: 0, Oops: 1, ImmediateOops: 0, NonImmediateOops: No
[1,793s][debug][gc,nmethod     ] Register NMethod: org.gradle.internal.io.StreamByteBuffer$StreamByteBufferOutputStream.write (0x000072e47f46ea88) [0x000072e47f46eb80, 0x000072e47f46edd0] Compiler: c1, Barriers: 3, Oops: 1, ImmediateOops: 0, NonImmediateOops: No
[1,793s][debug][gc,nmethod     ] Register NMethod: java.util.AbstractMap$SimpleImmutableEntry.getKey (0x000072e49ec78188) [0x000072e49ec78280, 0x000072e49ec78368] Compiler: c1, Barriers: 1, Oops: 0, ImmediateOops: 0, NonImmediateOops: No
[1,793s][debug][gc,nmethod     ] Register NMethod: org.gradle.internal.io.StreamByteBuffer$StreamByteBufferChunk.write (0x000072e47f445d08) [0x000072e47f445e00, 0x000072e47f445fc8] Compiler: c1, Barriers: 1, Oops: 1, ImmediateOops: 0, NonImmediateOops: No
[1,793s][debug][gc,nmethod     ] Register NMethod: java.nio.ByteBuffer.limit (0x000072e47f448888) [0x000072e47f448980, 0x000072e47f448ac8] Compiler: c1, Barriers: 0, Oops: 0, ImmediateOops: 0, NonImmediateOops: No
[1,793s][debug][gc,nmethod     ] Register NMethod: org.gradle.internal.io.StreamByteBuffer.allocateSpace (0x000072e47f455d08) [0x000072e47f455e00, 0x000072e47f4565d8] Compiler: c1, Barriers: 9, Oops: 1, ImmediateOops: 0, NonImmediateOops: No
[1,793s][debug][gc,nmethod     ] Register NMethod: java.lang.Long.longValue (0x000072e49ebe8388) [0x000072e49ebe8480, 0x000072e49ebe8540] Compiler: c1, Barriers: 0, Oops: 0, ImmediateOops: 0, NonImmediateOops: No
[1,794s][debug][gc,nmethod     ] Register NMethod: org.gradle.internal.io.LineBufferingOutputStream.write (0x000072e47f44b988) [0x000072e47f44ba80, 0x000072e47f44d268] Compiler: c1, Barriers: 4, Oops: 1, ImmediateOops: 2, NonImmediateOops: No
[1,794s][debug][gc,nmethod     ] Register NMethod: java.util.ArrayDeque.isEmpty (0x000072e47f477b88) [0x000072e47f477c80, 0x000072e47f477dd0] Compiler: c1, Barriers: 0, Oops: 0, ImmediateOops: 0, NonImmediateOops: No
[1,794s][debug][gc,nmethod     ] Register NMethod: java.nio.ByteBuffer.position (0x000072e47f40b988) [0x000072e47f40ba80, 0x000072e47f40bd80] Compiler: c1, Barriers: 0, Oops: 0, ImmediateOops: 0, NonImmediateOops: No
[1,794s][debug][gc,nmethod     ] Register NMethod: java.nio.Buffer.<init> (0x000072e47f5e2b88) [0x000072e47f5e2c80, 0x000072e47f5e4678] Compiler: c1, Barriers: 3, Oops: 3, ImmediateOops: 4, NonImmediateOops: No
[1,794s][debug][gc,nmethod     ] Register NMethod: org.gradle.internal.io.StreamByteBuffer$StreamByteBufferChunk.spaceLeft (0x000072e49ebe8088) [0x000072e49ebe8180, 0x000072e49ebe8208] Compiler: jvmci, Barriers: 0, Oops: 1, ImmediateOops: 0, NonImmediateOops: No
[1,795s][debug][gc,nmethod     ] Register NMethod: java.lang.Character.hashCode (0x000072e47f47af08) [0x000072e47f47b000, 0x000072e47f47b158] Compiler: c1, Barriers: 0, Oops: 0, ImmediateOops: 0, NonImmediateOops: No
[1,795s][debug][gc,nmethod     ] Register NMethod: java.lang.Character.hashCode (0x000072e47f486588) [0x000072e47f486680, 0x000072e47f486760] Compiler: c1, Barriers: 0, Oops: 0, ImmediateOops: 0, NonImmediateOops: No
[1,795s][debug][gc,nmethod     ] Register NMethod: java.lang.Character.valueOf (0x000072e47f5b7208) [0x000072e47f5b7300, 0x000072e47f5b75a0] Compiler: c1, Barriers: 1, Oops: 0, ImmediateOops: 1, NonImmediateOops: No
[1,795s][debug][gc,nmethod     ] Register NMethod: java.util.StringJoiner.checkAddLength (0x000072e47f418508) [0x000072e47f418600, 0x000072e47f4191c0] Compiler: c1, Barriers: 4, Oops: 0, ImmediateOops: 1, NonImmediateOops: No
[1,795s][debug][gc,nmethod     ] Register NMethod: java.lang.invoke.Invokers$Holder.linkToTargetMethod (0x000072e47f40ac08) [0x000072e47f40ad00, 0x000072e47f40b1f8] Compiler: c1, Barriers: 0, Oops: 0, ImmediateOops: 0, NonImmediateOops: No
[1,795s][debug][gc,nmethod     ] Register NMethod: org.junit.platform.engine.UniqueIdFormat$$Lambda/0x00000000b319b640.<init> (0x000072e47f48a808) [0x000072e47f48a900, 0x000072e47f48aad8] Compiler: c1, Barriers: 3, Oops: 1, ImmediateOops: 0, NonImmediateOops: No
[1,796s][debug][gc,nmethod     ] Register NMethod: jdk.internal.loader.URLClassPath.getResource (0x000072e49ec80788) [0x000072e49ec80880, 0x000072e49ec84af0] Compiler: jvmci, Barriers: 73, Oops: 3, ImmediateOops: 11, NonImmediateOops: No
[1,796s][debug][gc,nmethod     ] Register NMethod: java.lang.invoke.LambdaForm$DMH/0x00000000b3198c00.newInvokeSpecial (0x000072e47f432688) [0x000072e47f432780, 0x000072e47f433000] Compiler: c1, Barriers: 2, Oops: 1, ImmediateOops: 1, NonImmediateOops: No
[1,796s][debug][gc,nmethod     ] Register NMethod: java.lang.StringLatin1.canEncode (0x000072e47f4c0408) [0x000072e47f4c0500, 0x000072e47f4c0630] Compiler: c1, Barriers: 0, Oops: 0, ImmediateOops: 0, NonImmediateOops: No
[1,796s][debug][gc,nmethod     ] Register NMethod: org.junit.platform.engine.UniqueIdFormat.checkDoesNotContain (0x000072e47f4bf008) [0x000072e47f4bf100, 0x000072e47f4bfea8] Compiler: c1, Barriers: 3, Oops: 3, ImmediateOops: 2, NonImmediateOops: No
[1,796s][debug][gc,nmethod     ] Register NMethod: java.util.ArrayList$ArrayListSpliterator.forEachRemaining (0x000072e47f543d88) [0x000072e47f543e80, 0x000072e47f5445d8] Compiler: c1, Barriers: 4, Oops: 0, ImmediateOops: 0, NonImmediateOops: No
[1,797s][debug][gc,nmethod     ] Register NMethod: java.lang.invoke.MethodHandle.linkToStatic (0x000072e49ec67288) [0x000072e49ec67380, 0x000072e49ec67470] Compiler: , Barriers: 0, Oops: 0, ImmediateOops: 0, NonImmediateOops: No
[1,797s][debug][gc,nmethod     ] Register NMethod: sun.invoke.util.Wrapper.basicTypeChar (0x000072e49ec66f88) [0x000072e49ec67080, 0x000072e49ec67148] Compiler: c1, Barriers: 0, Oops: 0, ImmediateOops: 0, NonImmediateOops: No
[1,798s][debug][gc,nmethod     ] Register NMethod: jdk.internal.constant.PrimitiveClassDescImpl.isPrimitive (0x000072e49ec66c08) [0x000072e49ec66d00, 0x000072e49ec66dc0] Compiler: c1, Barriers: 0, Oops: 0, ImmediateOops: 0, NonImmediateOops: No
[1,799s][debug][gc,nmethod     ] Register NMethod: java.lang.StringUTF16.compress (0x000072e49ec38108) [0x000072e49ec382c0, 0x000072e49ec38718] Compiler: jvmci, Barriers: 0, Oops: 0, ImmediateOops: 0, NonImmediateOops: No
[1,799s][debug][gc,nmethod     ] Register NMethod: java.util.Objects.equals (0x000072e49ebf6708) [0x000072e49ebf6800, 0x000072e49ebf6cb0] Compiler: jvmci, Barriers: 8, Oops: 0, ImmediateOops: 0, NonImmediateOops: No
[1,800s][debug][gc,director    ] Rule Major: Warmup 10%, Used: 58MB, UsedThreshold: 1228MB
[1,801s][debug][gc,nmethod     ] Register NMethod: java.util.Arrays.fill (0x000072e49ec37d08) [0x000072e49ec37e00, 0x000072e49ec38098] Compiler: jvmci, Barriers: 3, Oops: 0, ImmediateOops: 0, NonImmediateOops: No
[1,803s][debug][gc,nmethod     ] Register NMethod: java.lang.invoke.MethodHandle.linkToStatic (0x000072e49ebf6408) [0x000072e49ebf6500, 0x000072e49ebf65f0] Compiler: , Barriers: 0, Oops: 0, ImmediateOops: 0, NonImmediateOops: No
[1,804s][debug][gc,nmethod     ] Register NMethod: java.lang.invoke.MethodHandle.linkToStatic (0x000072e49ebf6088) [0x000072e49ebf6180, 0x000072e49ebf6270] Compiler: , Barriers: 0, Oops: 0, ImmediateOops: 0, NonImmediateOops: No
[1,804s][debug][gc,nmethod     ] Register NMethod: java.lang.invoke.MethodHandle.linkToStatic (0x000072e49ec33d08) [0x000072e49ec33e00, 0x000072e49ec33ef0] Compiler: , Barriers: 0, Oops: 0, ImmediateOops: 0, NonImmediateOops: No
[1,805s][debug][gc,nmethod     ] Register NMethod: java.nio.ByteOrder.nativeOrder (0x000072e47f4d7308) [0x000072e47f4d7400, 0x000072e47f4d74e8] Compiler: c1, Barriers: 0, Oops: 0, ImmediateOops: 1, NonImmediateOops: No
[1,805s][debug][gc,nmethod     ] Register NMethod: java.lang.invoke.MethodHandle.linkToSpecial (0x000072e49ec33a08) [0x000072e49ec33b00, 0x000072e49ec33bf8] Compiler: , Barriers: 0, Oops: 0, ImmediateOops: 0, NonImmediateOops: No
[1,805s][debug][gc,nmethod     ] Register NMethod: java.lang.invoke.MethodHandle.invokeBasic (0x000072e49ec33608) [0x000072e49ec33700, 0x000072e49ec33998] Compiler: , Barriers: 0, Oops: 0, ImmediateOops: 0, NonImmediateOops: No
[1,805s][debug][gc,nmethod     ] Register NMethod: jdk.internal.classfile.impl.StackMapGenerator$Frame.setLocalRawInternal (0x000072e47f626888) [0x000072e47f626980, 0x000072e47f627290] Compiler: c1, Barriers: 6, Oops: 0, ImmediateOops: 0, NonImmediateOops: No
[1,805s][debug][gc,nmethod     ] Register NMethod: java.lang.invoke.MethodHandle.linkToSpecial (0x000072e49ec33308) [0x000072e49ec33400, 0x000072e49ec334f8] Compiler: , Barriers: 0, Oops: 0, ImmediateOops: 0, NonImmediateOops: No
[1,805s][debug][gc,nmethod     ] Register NMethod: jdk.internal.classfile.impl.StackMapGenerator.cpIndexToType (0x000072e47f40e108) [0x000072e47f40e200, 0x000072e47f40e7c0] Compiler: c1, Barriers: 0, Oops: 0, ImmediateOops: 1, NonImmediateOops: No
[1,805s][debug][gc,nmethod     ] Register NMethod: jdk.internal.classfile.impl.StackMapGenerator$Frame.getLocal (0x000072e47f46f708) [0x000072e47f46f800, 0x000072e47f46fc30] Compiler: c1, Barriers: 2, Oops: 0, ImmediateOops: 0, NonImmediateOops: No
[1,806s][debug][gc,nmethod     ] Register NMethod: java.lang.invoke.LambdaForm.normalizeNames (0x000072e47f450408) [0x000072e47f450500, 0x000072e47f452198] Compiler: c1, Barriers: 14, Oops: 0, ImmediateOops: 0, NonImmediateOops: No
[1,806s][debug][gc,nmethod     ] Register NMethod: java.lang.invoke.MethodHandle.linkToStatic (0x000072e49ec32e08) [0x000072e49ec32f00, 0x000072e49ec32ff0] Compiler: , Barriers: 0, Oops: 0, ImmediateOops: 0, NonImmediateOops: No
[1,806s][debug][gc,nmethod     ] Register NMethod: java.lang.invoke.MethodHandle.linkToStatic (0x000072e49ec40608) [0x000072e49ec40700, 0x000072e49ec407f0] Compiler: , Barriers: 0, Oops: 0, ImmediateOops: 0, NonImmediateOops: No
[1,807s][debug][gc,nmethod     ] Register NMethod: jdk.internal.classfile.impl.AnnotationReader.writeAnnotation (0x000072e47f62d608) [0x000072e47f62d700, 0x000072e47f631500] Compiler: c1, Barriers: 5, Oops: 1, ImmediateOops: 3, NonImmediateOops: No
[1,807s][debug][gc,nmethod     ] Register NMethod: java.lang.invoke.InvokerBytecodeGenerator.emitReferenceCast (0x000072e47f470388) [0x000072e47f470480, 0x000072e47f4737d0] Compiler: c1, Barriers: 9, Oops: 3, ImmediateOops: 7, NonImmediateOops: No
[1,807s][debug][gc,nmethod     ] Register NMethod: java.util.KeyValueHolder.<init> (0x000072e47f46e188) [0x000072e47f46e280, 0x000072e47f46e748] Compiler: c1, Barriers: 6, Oops: 0, ImmediateOops: 0, NonImmediateOops: No
[1,810s][debug][gc,nmethod     ] Register NMethod: java.lang.invoke.MethodHandle.linkToStatic (0x000072e49ec40308) [0x000072e49ec40400, 0x000072e49ec404f8] Compiler: , Barriers: 0, Oops: 0, ImmediateOops: 0, NonImmediateOops: No
[1,810s][debug][gc,nmethod     ] Register NMethod: sun.invoke.util.Wrapper.isNumeric (0x000072e47f507b88) [0x000072e47f507c80, 0x000072e47f507dd0] Compiler: c1, Barriers: 0, Oops: 0, ImmediateOops: 0, NonImmediateOops: No
[1,810s][debug][gc,nmethod     ] Register NMethod: sun.invoke.util.Wrapper.isIntegral (0x000072e47f5b3d88) [0x000072e47f5b3e80, 0x000072e47f5b4268] Compiler: c1, Barriers: 0, Oops: 0, ImmediateOops: 0, NonImmediateOops: No
[1,810s][debug][gc,director    ] Rule Major: Warmup 10%, Used: 58MB, UsedThreshold: 1228MB
[1,810s][debug][gc,nmethod     ] Register NMethod: sun.invoke.util.Wrapper.isSubwordOrInt (0x000072e47f6e7c08) [0x000072e47f6e7d00, 0x000072e47f6e85e0] Compiler: c1, Barriers: 0, Oops: 0, ImmediateOops: 0, NonImmediateOops: No
[1,810s][debug][gc,nmethod     ] Register NMethod: java.lang.invoke.MethodHandle.linkToSpecial (0x000072e49ec40008) [0x000072e49ec40100, 0x000072e49ec401f8] Compiler: , Barriers: 0, Oops: 0, ImmediateOops: 0, NonImmediateOops: No
[1,810s][debug][gc,nmethod     ] Register NMethod: java.lang.invoke.MethodHandle.invokeBasic (0x000072e49ec3fc08) [0x000072e49ec3fd00, 0x000072e49ec3ff98] Compiler: , Barriers: 0, Oops: 0, ImmediateOops: 0, NonImmediateOops: No
[1,811s][debug][gc,nmethod     ] Register NMethod: java.lang.invoke.MethodHandle.linkToSpecial (0x000072e49ec3f908) [0x000072e49ec3fa00, 0x000072e49ec3faf8] Compiler: , Barriers: 0, Oops: 0, ImmediateOops: 0, NonImmediateOops: No
[1,811s][debug][gc,nmethod     ] Register NMethod: java.lang.invoke.MethodHandle.linkToStatic (0x000072e49ec3f608) [0x000072e49ec3f700, 0x000072e49ec3f7f8] Compiler: , Barriers: 0, Oops: 0, ImmediateOops: 0, NonImmediateOops: No
[1,811s][debug][gc,nmethod     ] Register NMethod: java.lang.invoke.InnerClassLambdaMetafactory.argName (0x000072e47f7f5888) [0x000072e47f7f5980, 0x000072e47f7f6610] Compiler: c1, Barriers: 1, Oops: 1, ImmediateOops: 3, NonImmediateOops: No
[1,811s][debug][gc,nmethod     ] Register NMethod: java.lang.invoke.MethodHandle.linkToSpecial (0x000072e49ec3f308) [0x000072e49ec3f400, 0x000072e49ec3f4f8] Compiler: , Barriers: 0, Oops: 0, ImmediateOops: 0, NonImmediateOops: No
[1,811s][debug][gc,nmethod     ] Register NMethod: java.lang.invoke.MethodHandle.invokeBasic (0x000072e49ebf8688) [0x000072e49ebf8780, 0x000072e49ebf8a18] Compiler: , Barriers: 0, Oops: 0, ImmediateOops: 0, NonImmediateOops: No
[1,811s][debug][gc,nmethod     ] Register NMethod: java.lang.invoke.MethodHandle.linkToSpecial (0x000072e49ebf8388) [0x000072e49ebf8480, 0x000072e49ebf8578] Compiler: , Barriers: 0, Oops: 0, ImmediateOops: 0, NonImmediateOops: No
[1,813s][debug][gc,nmethod     ] Register NMethod: java.lang.invoke.MethodHandle.invokeBasic (0x000072e49ebf7f88) [0x000072e49ebf8080, 0x000072e49ebf8318] Compiler: , Barriers: 0, Oops: 0, ImmediateOops: 0, NonImmediateOops: No
[1,813s][debug][gc,nmethod     ] Register NMethod: java.lang.invoke.MethodHandle.linkToSpecial (0x000072e49ebf7c88) [0x000072e49ebf7d80, 0x000072e49ebf7e78] Compiler: , Barriers: 0, Oops: 0, ImmediateOops: 0, NonImmediateOops: No
[1,813s][debug][gc,nmethod     ] Register NMethod: java.lang.invoke.LambdaForm.returnType (0x000072e47f524e08) [0x000072e47f524f00, 0x000072e47f525120] Compiler: c1, Barriers: 3, Oops: 0, ImmediateOops: 1, NonImmediateOops: No
[1,816s][debug][gc,nmethod     ] Register NMethod: java.lang.invoke.MethodHandle.linkToInterface (0x000072e49ebf7988) [0x000072e49ebf7a80, 0x000072e49ebf7bb0] Compiler: , Barriers: 0, Oops: 0, ImmediateOops: 0, NonImmediateOops: No
[1,817s][debug][gc,nmethod     ] Register NMethod: java.lang.Enum.equals (0x000072e47f523f08) [0x000072e47f524000, 0x000072e47f524150] Compiler: c1, Barriers: 0, Oops: 0, ImmediateOops: 0, NonImmediateOops: No
[1,817s][debug][gc,nmethod     ] Register NMethod: jdk.internal.classfile.impl.StackMapDecoder$1.compare (0x000072e47f417488) [0x000072e47f417580, 0x000072e47f4181f0] Compiler: c1, Barriers: 4, Oops: 0, ImmediateOops: 0, NonImmediateOops: No
[1,817s][debug][gc,nmethod     ] Register NMethod: jdk.internal.classfile.impl.StackMapDecoder$1.compare (0x000072e47f4bdf08) [0x000072e47f4be000, 0x000072e47f4be7c0] Compiler: c1, Barriers: 4, Oops: 0, ImmediateOops: 0, NonImmediateOops: No
[1,817s][debug][gc,nmethod     ] Register NMethod: jdk.internal.classfile.impl.SplitConstantPool.utf8Entry (0x000072e49ec4c408) [0x000072e49ec4c520, 0x000072e49ec4da08] Compiler: jvmci, Barriers: 31, Oops: 0, ImmediateOops: 2, NonImmediateOops: No
[1,817s][debug][gc,nmethod     ] Register NMethod: sun.invoke.util.Wrapper.isDoubleWord (0x000072e47f417188) [0x000072e47f417280, 0x000072e47f4173d0] Compiler: c1, Barriers: 0, Oops: 0, ImmediateOops: 0, NonImmediateOops: No
[1,818s][debug][gc,nmethod     ] Register NMethod: jdk.internal.classfile.impl.StackMapGenerator.processBlock (0x000072e47f965a08) [0x000072e47f965b00, 0x000072e47f9959a0] Compiler: c1, Barriers: 294, Oops: 4, ImmediateOops: 159, NonImmediateOops: No
[1,819s][debug][gc,nmethod     ] Register NMethod: java.util.ImmutableCollections$ListN.get (0x000072e49ebf7688) [0x000072e49ebf7780, 0x000072e49ebf78c0] Compiler: jvmci, Barriers: 2, Oops: 0, ImmediateOops: 0, NonImmediateOops: No
[1,819s][debug][gc,nmethod     ] Register NMethod: jdk.internal.classfile.impl.StackMapGenerator.of (0x000072e47f4ce588) [0x000072e47f4ce680, 0x000072e47f4cfa08] Compiler: c1, Barriers: 12, Oops: 0, ImmediateOops: 0, NonImmediateOops: No
[1,819s][debug][gc,nmethod     ] Register NMethod: java.lang.invoke.MethodHandle.linkToVirtual (0x000072e49ebf7308) [0x000072e49ebf7400, 0x000072e49ebf7428] Compiler: , Barriers: 0, Oops: 0, ImmediateOops: 0, NonImmediateOops: No
[1,820s][debug][gc,nmethod     ] Register NMethod: java.lang.invoke.MethodHandle.linkToStatic (0x000072e49ec42888) [0x000072e49ec42980, 0x000072e49ec42a78] Compiler: , Barriers: 0, Oops: 0, ImmediateOops: 0, NonImmediateOops: No
[1,820s][debug][gc,director    ] Rule Major: Warmup 10%, Used: 60MB, UsedThreshold: 1228MB
[1,821s][debug][gc,nmethod     ] Register NMethod: java.lang.invoke.MethodHandle.linkToSpecial (0x000072e49ec42588) [0x000072e49ec42680, 0x000072e49ec42778] Compiler: , Barriers: 0, Oops: 0, ImmediateOops: 0, NonImmediateOops: No
[1,821s][debug][gc,nmethod     ] Register NMethod: jdk.internal.classfile.impl.StackMapGenerator$Frame.setLocal (0x000072e47f434a08) [0x000072e47f434b00, 0x000072e47f4350d8] Compiler: c1, Barriers: 2, Oops: 0, ImmediateOops: 6, NonImmediateOops: No
[1,821s][debug][gc,nmethod     ] Register NMethod: java.lang.invoke.MethodHandle.invokeBasic (0x000072e49ec42188) [0x000072e49ec42280, 0x000072e49ec42518] Compiler: , Barriers: 0, Oops: 0, ImmediateOops: 0, NonImmediateOops: No
[1,821s][debug][gc,nmethod     ] Register NMethod: java.lang.invoke.MethodHandle.linkToSpecial (0x000072e49ec41e88) [0x000072e49ec41f80, 0x000072e49ec42078] Compiler: , Barriers: 0, Oops: 0, ImmediateOops: 0, NonImmediateOops: No
[1,821s][debug][gc,nmethod     ] Register NMethod: jdk.internal.classfile.impl.TerminalCodeBuilder.setupTopLocal (0x000072e47f7cfe08) [0x000072e47f7cff00, 0x000072e47f7d2160] Compiler: c1, Barriers: 0, Oops: 1, ImmediateOops: 3, NonImmediateOops: No
[1,821s][debug][gc,nmethod     ] Register NMethod: jdk.internal.classfile.impl.DirectMethodBuilder.with (0x000072e47f476088) [0x000072e47f476180, 0x000072e47f476f60] Compiler: c1, Barriers: 2, Oops: 0, ImmediateOops: 0, NonImmediateOops: No
[1,821s][debug][gc,nmethod     ] Register NMethod: jdk.internal.classfile.impl.DirectMethodBuilder.with (0x000072e47f519c08) [0x000072e47f519d00, 0x000072e47f51af20] Compiler: c1, Barriers: 2, Oops: 0, ImmediateOops: 0, NonImmediateOops: No
[1,821s][debug][gc,nmethod     ] Register NMethod: jdk.internal.classfile.impl.UnboundAttribute.writeTo (0x000072e47f4df608) [0x000072e47f4df700, 0x000072e47f4dfb48] Compiler: c1, Barriers: 2, Oops: 0, ImmediateOops: 0, NonImmediateOops: No
[1,821s][debug][gc,nmethod     ] Register NMethod: java.lang.invoke.MethodHandle.linkToStatic (0x000072e49ec41b88) [0x000072e49ec41c80, 0x000072e49ec41d70] Compiler: , Barriers: 0, Oops: 0, ImmediateOops: 0, NonImmediateOops: No
[1,822s][debug][gc,nmethod     ] Register NMethod: java.lang.Short.<init> (0x000072e47f577b88) [0x000072e47f577c80, 0x000072e47f577e40] Compiler: c1, Barriers: 0, Oops: 0, ImmediateOops: 0, NonImmediateOops: No
[1,822s][debug][gc,nmethod     ] Register NMethod: jdk.internal.classfile.impl.DirectCodeBuilder$4.writeBody (0x000072e47f606808) [0x000072e47f606900, 0x000072e47f60b1b8] Compiler: c1, Barriers: 36, Oops: 1, ImmediateOops: 7, NonImmediateOops: No
[1,822s][debug][gc,nmethod     ] Register NMethod: java.lang.invoke.MethodHandle.linkToSpecial (0x000072e49ec41888) [0x000072e49ec41980, 0x000072e49ec41a78] Compiler: , Barriers: 0, Oops: 0, ImmediateOops: 0, NonImmediateOops: No
[1,822s][debug][gc,nmethod     ] Register NMethod: java.lang.Number.<init> (0x000072e49ec41308) [0x000072e49ec41400, 0x000072e49ec41480] Compiler: jvmci, Barriers: 0, Oops: 0, ImmediateOops: 0, NonImmediateOops: No
[1,822s][debug][gc,nmethod     ] Register NMethod: java.lang.invoke.MethodHandle.invokeBasic (0x000072e49ec4b888) [0x000072e49ec4b980, 0x000072e49ec4bc18] Compiler: , Barriers: 0, Oops: 0, ImmediateOops: 0, NonImmediateOops: No
[1,822s][debug][gc,nmethod     ] Register NMethod: java.lang.invoke.MethodHandle.linkToSpecial (0x000072e49ec4b588) [0x000072e49ec4b680, 0x000072e49ec4b778] Compiler: , Barriers: 0, Oops: 0, ImmediateOops: 0, NonImmediateOops: No
[1,822s][debug][gc,nmethod     ] Register NMethod: java.lang.invoke.MethodHandle.linkToNative (0x000072e49ec4b288) [0x000072e49ec4b380, 0x000072e49ec4b390] Compiler: , Barriers: 0, Oops: 0, ImmediateOops: 0, NonImmediateOops: No
[1,823s][debug][gc,nmethod     ] Register NMethod: java.lang.invoke.MethodHandle.linkToStatic (0x000072e49ec4af88) [0x000072e49ec4b080, 0x000072e49ec4b170] Compiler: , Barriers: 0, Oops: 0, ImmediateOops: 0, NonImmediateOops: No
[1,824s][debug][gc,nmethod     ] Register NMethod: sun.invoke.util.Wrapper.forBasicType (0x000072e47f4f5d88) [0x000072e47f4f5e80, 0x000072e47f4f62f8] Compiler: c1, Barriers: 0, Oops: 0, ImmediateOops: 19, NonImmediateOops: No
[1,824s][debug][gc,nmethod     ] Register NMethod: jdk.internal.classfile.impl.SplitConstantPool.findEntry (0x000072e49ec4a408) [0x000072e49ec4a520, 0x000072e49ec4ad60] Compiler: jvmci, Barriers: 10, Oops: 0, ImmediateOops: 0, NonImmediateOops: No
[1,825s][debug][gc,nmethod     ] Register NMethod: java.lang.invoke.MethodHandle.linkToStatic (0x000072e49ec15788) [0x000072e49ec15880, 0x000072e49ec15970] Compiler: , Barriers: 0, Oops: 0, ImmediateOops: 0, NonImmediateOops: No
[1,825s][debug][gc,nmethod     ] Register NMethod: java.lang.invoke.MemberName.equals (0x000072e47f402088) [0x000072e47f402180, 0x000072e47f403f90] Compiler: c1, Barriers: 4, Oops: 0, ImmediateOops: 0, NonImmediateOops: No
[1,826s][debug][gc,nmethod     ] Register NMethod: jdk.internal.classfile.impl.StackMapGenerator.detectFrames (0x000072e47f727788) [0x000072e47f727880, 0x000072e47f72aed8] Compiler: c1, Barriers: 7, Oops: 1, ImmediateOops: 2, NonImmediateOops: No
[1,826s][debug][gc,nmethod     ] Register NMethod: jdk.internal.classfile.impl.DirectCodeBuilder$4.generateStackMaps (0x000072e47f763d88) [0x000072e47f763e80, 0x000072e47f7649a0] Compiler: c1, Barriers: 2, Oops: 0, ImmediateOops: 1, NonImmediateOops: No
[1,827s][debug][gc,nmethod     ] Register NMethod: jdk.internal.classfile.impl.StackMapGenerator$Frame.merge (0x000072e47f42ac08) [0x000072e47f42ad00, 0x000072e47f42b5b8] Compiler: c1, Barriers: 5, Oops: 0, ImmediateOops: 0, NonImmediateOops: No
[1,827s][debug][gc,nmethod     ] Register NMethod: jdk.internal.classfile.impl.SplitConstantPool.writeBootstrapMethods (0x000072e47f826008) [0x000072e47f826100, 0x000072e47f8274f0] Compiler: c1, Barriers: 2, Oops: 0, ImmediateOops: 0, NonImmediateOops: No
[1,827s][debug][gc,nmethod     ] Register NMethod: jdk.internal.classfile.impl.StackMapGenerator$Type.mergeFrom (0x000072e47f44dc08) [0x000072e47f44dd00, 0x000072e47f44e7a8] Compiler: c1, Barriers: 0, Oops: 0, ImmediateOops: 6, NonImmediateOops: No
[1,827s][debug][gc,nmethod     ] Register NMethod: jdk.internal.classfile.impl.SplitConstantPool.writeBootstrapMethods (0x000072e47f826008) [0x000072e47f826100, 0x000072e47f8274f0] Compiler: c1, Barriers: 2, Oops: 0, ImmediateOops: 2, NonImmediateOops: No
[1,827s][debug][gc,nmethod     ] Register NMethod: jdk.internal.classfile.impl.SplitConstantPool.writeBootstrapMethods (0x000072e47f826008) [0x000072e47f826100, 0x000072e47f8274f0] Compiler: c1, Barriers: 2, Oops: 0, ImmediateOops: 2, NonImmediateOops: No
[1,827s][debug][gc,nmethod     ] Register NMethod: java.lang.invoke.MethodHandle.linkToStatic (0x000072e49ec15488) [0x000072e49ec15580, 0x000072e49ec15678] Compiler: , Barriers: 0, Oops: 0, ImmediateOops: 0, NonImmediateOops: No
[1,828s][debug][gc,nmethod     ] Register NMethod: java.lang.invoke.MethodHandle.invokeBasic (0x000072e49ec15088) [0x000072e49ec15180, 0x000072e49ec15418] Compiler: , Barriers: 0, Oops: 0, ImmediateOops: 0, NonImmediateOops: No
[1,828s][debug][gc,nmethod     ] Register NMethod: java.lang.invoke.MethodHandle.linkToSpecial (0x000072e49ec14d88) [0x000072e49ec14e80, 0x000072e49ec14f78] Compiler: , Barriers: 0, Oops: 0, ImmediateOops: 0, NonImmediateOops: No
[1,828s][debug][gc,nmethod     ] Register NMethod: jdk.internal.classfile.impl.DirectClassBuilder.setSuperclass (0x000072e49ec14a88) [0x000072e49ec14b80, 0x000072e49ec14cb0] Compiler: c1, Barriers: 3, Oops: 0, ImmediateOops: 0, NonImmediateOops: No
[1,828s][debug][gc,nmethod     ] Register NMethod: jdk.internal.util.DecimalDigits.uncheckedGetCharsLatin1 (0x000072e47f526988) [0x000072e47f526a80, 0x000072e47f526e40] Compiler: c1, Barriers: 0, Oops: 0, ImmediateOops: 0, NonImmediateOops: No
[1,828s][debug][gc,nmethod     ] Register NMethod: java.lang.classfile.CodeBuilder.checkcast (0x000072e47f4e7408) [0x000072e47f4e7500, 0x000072e47f4e7c20] Compiler: c1, Barriers: 0, Oops: 0, ImmediateOops: 0, NonImmediateOops: No
[1,829s][debug][gc,nmethod     ] Register NMethod: java.lang.invoke.MemberName.getFieldType (0x000072e47f424588) [0x000072e47f424680, 0x000072e47f426f18] Compiler: c1, Barriers: 12, Oops: 2, ImmediateOops: 3, NonImmediateOops: No
[1,829s][debug][gc,nmethod     ] Register NMethod: jdk.internal.classfile.impl.AbstractPoolEntry.hash2 (0x000072e49ec14788) [0x000072e49ec14880, 0x000072e49ec14900] Compiler: jvmci, Barriers: 0, Oops: 0, ImmediateOops: 0, NonImmediateOops: No
[1,829s][debug][gc,nmethod     ] Register NMethod: java.lang.invoke.MethodTypeForm.canonicalize (0x000072e49ec14488) [0x000072e49ec14580, 0x000072e49ec146a8] Compiler: jvmci, Barriers: 0, Oops: 0, ImmediateOops: 1, NonImmediateOops: No
[1,830s][debug][gc,nmethod     ] Register NMethod: java.lang.invoke.MethodHandle.linkToNative (0x000072e49ec14108) [0x000072e49ec14200, 0x000072e49ec14208] Compiler: , Barriers: 0, Oops: 0, ImmediateOops: 0, NonImmediateOops: No
[1,830s][debug][gc,nmethod     ] Register NMethod: java.util.Arrays$ArrayItr.hasNext (0x000072e47f581788) [0x000072e47f581880, 0x000072e47f581a10] Compiler: c1, Barriers: 1, Oops: 0, ImmediateOops: 0, NonImmediateOops: No
[1,830s][debug][gc,nmethod     ] Register NMethod: jdk.internal.classfile.impl.SplitConstantPool.findEntry (0x000072e47f419788) [0x000072e47f419880, 0x000072e47f41af88] Compiler: c1, Barriers: 3, Oops: 0, ImmediateOops: 0, NonImmediateOops: No
[1,830s][debug][gc,nmethod     ] Register NMethod: java.lang.invoke.MethodHandle.linkToStatic (0x000072e49ec30588) [0x000072e49ec30680, 0x000072e49ec30770] Compiler: , Barriers: 0, Oops: 0, ImmediateOops: 0, NonImmediateOops: No
[1,830s][debug][gc,nmethod     ] Register NMethod: jdk.internal.classfile.impl.ClassReaderImpl.readU1 (0x000072e47f46ff88) [0x000072e47f470080, 0x000072e47f470328] Compiler: c1, Barriers: 1, Oops: 0, ImmediateOops: 1, NonImmediateOops: No
[1,830s][debug][gc,nmethod     ] Register NMethod: java.lang.invoke.MethodHandle.invokeBasic (0x000072e49ec30188) [0x000072e49ec30280, 0x000072e49ec30518] Compiler: , Barriers: 0, Oops: 0, ImmediateOops: 0, NonImmediateOops: No
[1,830s][debug][gc,nmethod     ] Register NMethod: java.lang.invoke.InvokerBytecodeGenerator.emitLoadInsn (0x000072e47f8fe388) [0x000072e47f8fe480, 0x000072e47f8fe7f0] Compiler: c1, Barriers: 1, Oops: 0, ImmediateOops: 0, NonImmediateOops: No
[1,830s][debug][gc,nmethod     ] Register NMethod: java.lang.invoke.MethodHandle.linkToSpecial (0x000072e49ec2fe88) [0x000072e49ec2ff80, 0x000072e49ec30078] Compiler: , Barriers: 0, Oops: 0, ImmediateOops: 0, NonImmediateOops: No
[1,831s][debug][gc,nmethod     ] Register NMethod: java.lang.invoke.InvokerBytecodeGenerator.emitPushArgument (0x000072e47f435e08) [0x000072e47f435f00, 0x000072e47f4382a8] Compiler: c1, Barriers: 5, Oops: 0, ImmediateOops: 4, NonImmediateOops: No
[1,831s][debug][gc,director    ] Rule Major: Warmup 10%, Used: 62MB, UsedThreshold: 1228MB
[1,831s][debug][gc,nmethod     ] Register NMethod: java.lang.invoke.InvokerBytecodeGenerator.methodDesc (0x000072e47f45e588) [0x000072e47f45e680, 0x000072e47f45f788] Compiler: c1, Barriers: 19, Oops: 1, ImmediateOops: 1, NonImmediateOops: No
[1,831s][debug][gc,nmethod     ] Register NMethod: java.lang.invoke.InvokerBytecodeGenerator.emitStoreResult (0x000072e47f4e5a08) [0x000072e47f4e5b00, 0x000072e47f4e6348] Compiler: c1, Barriers: 3, Oops: 0, ImmediateOops: 1, NonImmediateOops: No
[1,832s][debug][gc,nmethod     ] Register NMethod: java.lang.invoke.MethodHandle.linkToNative (0x000072e49ec2fb88) [0x000072e49ec2fc80, 0x000072e49ec2fc88] Compiler: , Barriers: 0, Oops: 0, ImmediateOops: 0, NonImmediateOops: No
[1,832s][debug][gc,nmethod     ] Register NMethod: jdk.internal.classfile.impl.AbstractPoolEntry$Utf8EntryImpl.methodTypeSymbol (0x000072e49ec2f888) [0x000072e49ec2f980, 0x000072e49ec2fa88] Compiler: jvmci, Barriers: 1, Oops: 0, ImmediateOops: 0, NonImmediateOops: No
[1,832s][debug][gc,nmethod     ] Register NMethod: jdk.internal.classfile.impl.StackMapGenerator$Type.isCategory2_2nd (0x000072e47f5a9608) [0x000072e47f5a9700, 0x000072e47f5a9890] Compiler: c1, Barriers: 0, Oops: 0, ImmediateOops: 2, NonImmediateOops: No
[1,832s][debug][gc,nmethod     ] Register NMethod: java.lang.invoke.MethodHandle.linkToStatic (0x000072e49ec2f588) [0x000072e49ec2f680, 0x000072e49ec2f770] Compiler: , Barriers: 0, Oops: 0, ImmediateOops: 0, NonImmediateOops: No
[1,832s][debug][gc,nmethod     ] Register NMethod: jdk.internal.classfile.impl.ClassReaderImpl.readU2 (0x000072e47f5c5d08) [0x000072e47f5c5e00, 0x000072e47f5c60d8] Compiler: c1, Barriers: 1, Oops: 0, ImmediateOops: 1, NonImmediateOops: No
[1,832s][debug][gc,nmethod     ] Register NMethod: jdk.internal.constant.ConstantUtils.classDesc (0x000072e47f400988) [0x000072e47f400a80, 0x000072e47f401b80] Compiler: c1, Barriers: 3, Oops: 1, ImmediateOops: 2, NonImmediateOops: No
[1,832s][debug][gc,nmethod     ] Register NMethod: java.lang.invoke.MethodHandle.invokeBasic (0x000072e49ec2ef08) [0x000072e49ec2f000, 0x000072e49ec2f298] Compiler: , Barriers: 0, Oops: 0, ImmediateOops: 0, NonImmediateOops: No
[1,832s][debug][gc,nmethod     ] Register NMethod: java.lang.invoke.MethodHandle.linkToSpecial (0x000072e49ec84b88) [0x000072e49ec84c80, 0x000072e49ec84d78] Compiler: , Barriers: 0, Oops: 0, ImmediateOops: 0, NonImmediateOops: No
[1,833s][debug][gc,nmethod     ] Register NMethod: java.util.Collections$EmptyList.size (0x000072e49ec84e88) [0x000072e49ec84f80, 0x000072e49ec85040] Compiler: c1, Barriers: 0, Oops: 0, ImmediateOops: 0, NonImmediateOops: No
[1,833s][debug][gc,nmethod     ] Register NMethod: java.lang.invoke.InvokerBytecodeGenerator.emitStaticInvoke (0x000072e47f47ce08) [0x000072e47f47cf00, 0x000072e47f47f580] Compiler: c1, Barriers: 9, Oops: 0, ImmediateOops: 2, NonImmediateOops: No
[1,833s][debug][gc,nmethod     ] Register NMethod: jdk.internal.classfile.impl.UnboundAttribute$UnboundRuntimeVisibleAnnotationsAttribute.annotations (0x000072e49ec85188) [0x000072e49ec85280, 0x000072e49ec85368] Compiler: c1, Barriers: 1, Oops: 0, ImmediateOops: 0, NonImmediateOops: No
[1,833s][debug][gc,nmethod     ] Register NMethod: java.lang.classfile.CodeBuilder.putstatic (0x000072e47f5a8208) [0x000072e47f5a8300, 0x000072e47f5a8610] Compiler: c1, Barriers: 0, Oops: 0, ImmediateOops: 1, NonImmediateOops: No
[1,833s][debug][gc,nmethod     ] Register NMethod: java.lang.Long.valueOf (0x000072e47f6ead08) [0x000072e47f6eae00, 0x000072e47f6eb140] Compiler: c1, Barriers: 1, Oops: 0, ImmediateOops: 1, NonImmediateOops: No
[1,833s][debug][gc,nmethod     ] Register NMethod: java.lang.invoke.MethodHandle.linkToNative (0x000072e49ec85488) [0x000072e49ec85580, 0x000072e49ec85588] Compiler: , Barriers: 0, Oops: 0, ImmediateOops: 0, NonImmediateOops: No
[1,834s][debug][gc,nmethod     ] Register NMethod: jdk.internal.classfile.impl.DirectCodeBuilder.storeLocal (0x000072e47f461188) [0x000072e47f461280, 0x000072e47f463108] Compiler: c1, Barriers: 5, Oops: 0, ImmediateOops: 2, NonImmediateOops: No
[1,834s][debug][gc,nmethod     ] Register NMethod: java.lang.invoke.MethodHandle.invokeBasic (0x000072e49ec85788) [0x000072e49ec85880, 0x000072e49ec85b18] Compiler: , Barriers: 0, Oops: 0, ImmediateOops: 0, NonImmediateOops: No
[1,834s][debug][gc,nmethod     ] Register NMethod: java.lang.invoke.MethodHandle.linkToSpecial (0x000072e49ec85b88) [0x000072e49ec85c80, 0x000072e49ec85d78] Compiler: , Barriers: 0, Oops: 0, ImmediateOops: 0, NonImmediateOops: No
[1,834s][debug][gc,nmethod     ] Register NMethod: jdk.internal.classfile.impl.UnboundAttribute$UnboundSourceFileAttribute.sourceFile (0x000072e49ec85e88) [0x000072e49ec85f80, 0x000072e49ec86068] Compiler: c1, Barriers: 1, Oops: 0, ImmediateOops: 0, NonImmediateOops: No
[1,834s][debug][gc,nmethod     ] Register NMethod: java.lang.Class.getClassData (0x000072e49ec86188) [0x000072e49ec86280, 0x000072e49ec86368] Compiler: c1, Barriers: 1, Oops: 0, ImmediateOops: 0, NonImmediateOops: No
[1,835s][debug][gc,nmethod     ] Register NMethod: java.lang.invoke.MethodHandle.intrinsicName (0x000072e47f5e2408) [0x000072e47f5e2500, 0x000072e47f5e2608] Compiler: c1, Barriers: 0, Oops: 0, ImmediateOops: 1, NonImmediateOops: No
[1,835s][debug][gc,nmethod     ] Register NMethod: java.lang.invoke.MethodHandle.invokeBasic (0x000072e49ec86488) [0x000072e49ec86580, 0x000072e49ec86818] Compiler: , Barriers: 0, Oops: 0, ImmediateOops: 0, NonImmediateOops: No
[1,835s][debug][gc,nmethod     ] Register NMethod: java.lang.invoke.MethodHandle.linkToSpecial (0x000072e49ec86888) [0x000072e49ec86980, 0x000072e49ec86a78] Compiler: , Barriers: 0, Oops: 0, ImmediateOops: 0, NonImmediateOops: No
[1,835s][debug][gc,nmethod     ] Register NMethod: java.lang.classfile.CodeBuilder.invoke (0x000072e47f41bc08) [0x000072e47f41bd00, 0x000072e47f41c890] Compiler: c1, Barriers: 0, Oops: 0, ImmediateOops: 0, NonImmediateOops: No
[1,836s][debug][gc,nmethod     ] Register NMethod: jdk.internal.misc.Unsafe.weakCompareAndSetInt (0x000072e47f5f3f88) [0x000072e47f5f4080, 0x000072e47f5f4198] Compiler: c1, Barriers: 0, Oops: 0, ImmediateOops: 0, NonImmediateOops: No
[1,836s][debug][gc,nmethod     ] Register NMethod: jdk.internal.classfile.impl.UnboundAttribute$AdHocAttribute.writeTo (0x000072e47f448f08) [0x000072e47f449000, 0x000072e47f44abf0] Compiler: c1, Barriers: 5, Oops: 0, ImmediateOops: 0, NonImmediateOops: No
[1,836s][debug][gc,nmethod     ] Register NMethod: java.lang.invoke.BootstrapMethodInvoker.invoke (0x000072e47f8a3988) [0x000072e47f8a3a80, 0x000072e47f8ad898] Compiler: c1, Barriers: 54, Oops: 0, ImmediateOops: 10, NonImmediateOops: No
[1,836s][debug][gc,nmethod     ] Register NMethod: java.lang.invoke.MethodHandle.invokeBasic (0x000072e49ec86b88) [0x000072e49ec86c80, 0x000072e49ec86f18] Compiler: , Barriers: 0, Oops: 0, ImmediateOops: 0, NonImmediateOops: No
[1,836s][debug][gc,nmethod     ] Register NMethod: java.lang.invoke.MethodHandle.linkToSpecial (0x000072e49ec86f88) [0x000072e49ec87080, 0x000072e49ec87178] Compiler: , Barriers: 0, Oops: 0, ImmediateOops: 0, NonImmediateOops: No
[1,836s][debug][gc,nmethod     ] Register NMethod: java.lang.StringBuilder.append (0x000072e47f625d08) [0x000072e47f625e00, 0x000072e47f625f48] Compiler: c1, Barriers: 0, Oops: 0, ImmediateOops: 0, NonImmediateOops: No
[1,836s][debug][gc,nmethod     ] Register NMethod: java.lang.AbstractStringBuilder.append (0x000072e47f73e508) [0x000072e47f73e600, 0x000072e47f73e9d8] Compiler: c1, Barriers: 4, Oops: 0, ImmediateOops: 0, NonImmediateOops: No
[1,836s][debug][gc,nmethod     ] Register NMethod: java.lang.StringLatin1.inflate (0x000072e47f62b688) [0x000072e47f62b780, 0x000072e47f62b970] Compiler: c1, Barriers: 0, Oops: 0, ImmediateOops: 0, NonImmediateOops: No
[1,837s][debug][gc,nmethod     ] Register NMethod: java.lang.String.rangeCheck (0x000072e47f67b488) [0x000072e47f67b580, 0x000072e47f67b7e8] Compiler: c1, Barriers: 0, Oops: 1, ImmediateOops: 1, NonImmediateOops: No
[1,837s][debug][gc,nmethod     ] Register NMethod: java.lang.String.<init> (0x000072e47f41b788) [0x000072e47f41b880, 0x000072e47f41bbc0] Compiler: c1, Barriers: 0, Oops: 1, ImmediateOops: 1, NonImmediateOops: No
[1,837s][debug][gc,nmethod     ] Register NMethod: java.lang.invoke.MethodHandle.invokeBasic (0x000072e49ec87288) [0x000072e49ec87380, 0x000072e49ec87618] Compiler: , Barriers: 0, Oops: 0, ImmediateOops: 0, NonImmediateOops: No
[1,837s][debug][gc,nmethod     ] Register NMethod: java.lang.invoke.MethodHandle.linkToSpecial (0x000072e49ec87688) [0x000072e49ec87780, 0x000072e49ec87878] Compiler: , Barriers: 0, Oops: 0, ImmediateOops: 0, NonImmediateOops: No
[1,837s][debug][gc,nmethod     ] Register NMethod: java.lang.invoke.MethodHandle.invokeBasic (0x000072e49ec87988) [0x000072e49ec87a80, 0x000072e49ec87d18] Compiler: , Barriers: 0, Oops: 0, ImmediateOops: 0, NonImmediateOops: No
[1,837s][debug][gc,nmethod     ] Register NMethod: java.lang.invoke.MethodHandle.linkToSpecial (0x000072e49ec87d88) [0x000072e49ec87e80, 0x000072e49ec87f78] Compiler: , Barriers: 0, Oops: 0, ImmediateOops: 0, NonImmediateOops: No
[1,837s][debug][gc,nmethod     ] Register NMethod: java.lang.invoke.InvokerBytecodeGenerator.isStaticallyNameable (0x000072e47f42cc08) [0x000072e47f42cd00, 0x000072e47f42e350] Compiler: c1, Barriers: 3, Oops: 1, ImmediateOops: 5, NonImmediateOops: No
[1,838s][debug][gc,nmethod     ] Register NMethod: java.lang.invoke.InvokerBytecodeGenerator.emitReferenceCast (0x000072e47f4c0d08) [0x000072e47f4c0e00, 0x000072e47f4c2968] Compiler: c1, Barriers: 2, Oops: 1, ImmediateOops: 6, NonImmediateOops: No
[1,838s][debug][gc,nmethod     ] Register NMethod: jdk.internal.misc.Unsafe.putReference (0x000072e49ec88088) [0x000072e49ec88180, 0x000072e49ec882f0] Compiler: , Barriers: 0, Oops: 0, ImmediateOops: 0, NonImmediateOops: No
[1,838s][debug][gc,nmethod     ] Register NMethod: jdk.internal.misc.Unsafe.getUnsafe (0x000072e47f672c08) [0x000072e47f672d00, 0x000072e47f672de8] Compiler: c1, Barriers: 0, Oops: 0, ImmediateOops: 1, NonImmediateOops: No
[1,838s][debug][gc,nmethod     ] Register NMethod: java.util.concurrent.ConcurrentLinkedDeque$Node.<init> (0x000072e47f6a3f88) [0x000072e47f6a4080, 0x000072e47f6a41d8] Compiler: c1, Barriers: 0, Oops: 0, ImmediateOops: 0, NonImmediateOops: No
[1,838s][debug][gc,nmethod     ] Register NMethod: jdk.internal.misc.Unsafe.addressSize (0x000072e47f724e08) [0x000072e47f724f00, 0x000072e47f725008] Compiler: c1, Barriers: 0, Oops: 0, ImmediateOops: 0, NonImmediateOops: No
[1,838s][debug][gc,nmethod     ] Register NMethod: java.lang.invoke.MethodHandle.invokeBasic (0x000072e49ec88388) [0x000072e49ec88480, 0x000072e49ec88718] Compiler: , Barriers: 0, Oops: 0, ImmediateOops: 0, NonImmediateOops: No
[1,838s][debug][gc,nmethod     ] Register NMethod: java.lang.invoke.VarHandleReferences$FieldInstanceReadWrite.set (0x000072e47f469788) [0x000072e47f469880, 0x000072e47f46a8a8] Compiler: c1, Barriers: 5, Oops: 1, ImmediateOops: 0, NonImmediateOops: No
[1,838s][debug][gc,nmethod     ] Register NMethod: jdk.internal.foreign.AbstractMemorySegmentImpl.<init> (0x000072e47f804908) [0x000072e47f804a00, 0x000072e47f804be0] Compiler: c1, Barriers: 3, Oops: 0, ImmediateOops: 0, NonImmediateOops: No
[1,838s][debug][gc,nmethod     ] Register NMethod: jdk.internal.foreign.NativeMemorySegmentImpl.<init> (0x000072e47f407488) [0x000072e47f407580, 0x000072e47f407a48] Compiler: c1, Barriers: 3, Oops: 0, ImmediateOops: 1, NonImmediateOops: No
[1,838s][debug][gc,nmethod     ] Register NMethod: java.lang.invoke.VarHandleReferences$FieldInstanceReadWrite.compareAndSet (0x000072e47f5b2208) [0x000072e47f5b2300, 0x000072e47f5b38b8] Compiler: c1, Barriers: 7, Oops: 1, ImmediateOops: 0, NonImmediateOops: No
[1,838s][debug][gc,nmethod     ] Register NMethod: jdk.internal.foreign.AbstractMemorySegmentImpl.asSlice (0x000072e47f41cf08) [0x000072e47f41d000, 0x000072e47f41d2f8] Compiler: c1, Barriers: 0, Oops: 0, ImmediateOops: 0, NonImmediateOops: No
[1,839s][debug][gc,nmethod     ] Register NMethod: jdk.internal.util.Preconditions.checkIndex (0x000072e47f41e008) [0x000072e47f41e100, 0x000072e47f41e290] Compiler: c1, Barriers: 0, Oops: 0, ImmediateOops: 0, NonImmediateOops: No
[1,839s][debug][gc,nmethod     ] Register NMethod: jdk.internal.foreign.AbstractMemorySegmentImpl.asSlice (0x000072e47f46cf08) [0x000072e47f46d000, 0x000072e47f46d4f8] Compiler: c1, Barriers: 0, Oops: 0, ImmediateOops: 0, NonImmediateOops: No
[1,839s][debug][gc,nmethod     ] Register NMethod: jdk.internal.foreign.AbstractMemorySegmentImpl.checkBounds (0x000072e47f473c88) [0x000072e47f473d80, 0x000072e47f474010] Compiler: c1, Barriers: 0, Oops: 0, ImmediateOops: 0, NonImmediateOops: No
[1,839s][debug][gc,nmethod     ] Register NMethod: java.lang.invoke.VarHandleGuards.guard_LL_V (0x000072e47f86e688) [0x000072e47f86e780, 0x000072e47f873368] Compiler: c1, Barriers: 46, Oops: 1, ImmediateOops: 6, NonImmediateOops: No
[1,839s][debug][gc,nmethod     ] Register NMethod: java.util.concurrent.ConcurrentLinkedDeque.offer (0x000072e47f41dc88) [0x000072e47f41dd80, 0x000072e47f41df18] Compiler: c1, Barriers: 0, Oops: 0, ImmediateOops: 0, NonImmediateOops: No
[1,839s][debug][gc,nmethod     ] Register NMethod: jdk.internal.foreign.AbstractMemorySegmentImpl.asSliceNoCheck (0x000072e47f546808) [0x000072e47f546900, 0x000072e47f546c40] Compiler: c1, Barriers: 1, Oops: 0, ImmediateOops: 0, NonImmediateOops: No
[1,839s][debug][gc,nmethod     ] Register NMethod: java.lang.invoke.VarHandleGuards.guard_LLL_Z (0x000072e47f40ee08) [0x000072e47f40ef00, 0x000072e47f411e00] Compiler: c1, Barriers: 28, Oops: 0, ImmediateOops: 2, NonImmediateOops: No
[1,839s][debug][gc,nmethod     ] Register NMethod: jdk.internal.foreign.NativeMemorySegmentImpl.dup (0x000072e47f43d308) [0x000072e47f43d400, 0x000072e47f43d9f8] Compiler: c1, Barriers: 3, Oops: 0, ImmediateOops: 1, NonImmediateOops: No
[1,839s][debug][gc,nmethod     ] Register NMethod: java.util.concurrent.ConcurrentLinkedDeque.offerLast (0x000072e47f7d4c88) [0x000072e47f7d4d80, 0x000072e47f7d4eb8] Compiler: c1, Barriers: 0, Oops: 0, ImmediateOops: 0, NonImmediateOops: No
[1,839s][debug][gc,nmethod     ] Register NMethod: jdk.internal.misc.Unsafe.weakCompareAndSetReference (0x000072e47f7d4908) [0x000072e47f7d4a00, 0x000072e47f7d4b80] Compiler: c1, Barriers: 5, Oops: 0, ImmediateOops: 0, NonImmediateOops: No
[1,839s][debug][gc,nmethod     ] Register NMethod: jdk.internal.foreign.NativeMemorySegmentImpl.dup (0x000072e47f474c08) [0x000072e47f474d00, 0x000072e47f475298] Compiler: c1, Barriers: 3, Oops: 0, ImmediateOops: 1, NonImmediateOops: No
[1,839s][debug][gc,nmethod     ] Register NMethod: java.lang.invoke.VarHandleReferences$FieldInstanceReadWrite.weakCompareAndSet (0x000072e47f45be08) [0x000072e47f45bf00, 0x000072e47f45d638] Compiler: c1, Barriers: 2, Oops: 1, ImmediateOops: 1, NonImmediateOops: No
[1,839s][debug][gc,nmethod     ] Register NMethod: java.util.concurrent.ConcurrentLinkedDeque.newNode (0x000072e47f806c88) [0x000072e47f806d80, 0x000072e47f807f50] Compiler: c1, Barriers: 3, Oops: 6, ImmediateOops: 7, NonImmediateOops: No
[1,840s][debug][gc,nmethod     ] Register NMethod: java.util.concurrent.ConcurrentLinkedDeque.linkLast (0x000072e47f480d88) [0x000072e47f480e80, 0x000072e47f485f78] Compiler: c1, Barriers: 16, Oops: 13, ImmediateOops: 33, NonImmediateOops: No
[1,840s][debug][gc,nmethod     ] Register NMethod: jdk.internal.classfile.impl.BufWriterImpl.writeU1U2U2 (0x000072e49ec88788) [0x000072e49ec88880, 0x000072e49ec88e10] Compiler: jvmci, Barriers: 4, Oops: 0, ImmediateOops: 0, NonImmediateOops: No
[1,841s][debug][gc,director    ] Rule Major: Warmup 10%, Used: 64MB, UsedThreshold: 1228MB
[1,841s][debug][gc,nmethod     ] Register NMethod: jdk.internal.classfile.impl.StackMapGenerator$Frame.checkStack (0x000072e49ec88e88) [0x000072e49ec88f80, 0x000072e49ec89650] Compiler: jvmci, Barriers: 17, Oops: 1, ImmediateOops: 2, NonImmediateOops: No
[1,843s][debug][gc,nmethod     ] Register NMethod: java.lang.Class.cast (0x000072e49ec89688) [0x000072e49ec89780, 0x000072e49ec89970] Compiler: jvmci, Barriers: 0, Oops: 0, ImmediateOops: 0, NonImmediateOops: No
[1,843s][debug][gc,nmethod     ] Register NMethod: jdk.internal.classfile.impl.StackMapGenerator$Frame.pushStack (0x000072e49ec89988) [0x000072e49ec89a80, 0x000072e49ec8a1f0] Compiler: jvmci, Barriers: 20, Oops: 1, ImmediateOops: 2, NonImmediateOops: No
[1,845s][debug][gc,nmethod     ] Register NMethod: java.util.regex.Pattern$BmpCharPropertyGreedy.match (0x000072e49ec8a208) [0x000072e49ec8a300, 0x000072e49ec8a880] Compiler: jvmci, Barriers: 4, Oops: 0, ImmediateOops: 0, NonImmediateOops: No
[1,845s][debug][gc,nmethod     ] Register NMethod: jdk.internal.foreign.AbstractMemorySegmentImpl.asSlice (0x000072e49ec8a888) [0x000072e49ec8a980, 0x000072e49ec8ab68] Compiler: jvmci, Barriers: 3, Oops: 0, ImmediateOops: 0, NonImmediateOops: No
[1,845s][debug][gc,nmethod     ] Register NMethod: java.lang.invoke.VarHandleReferences$FieldInstanceReadWrite.set (0x000072e49ec8ab88) [0x000072e49ec8ac80, 0x000072e49ec8b218] Compiler: jvmci, Barriers: 5, Oops: 0, ImmediateOops: 0, NonImmediateOops: No
[1,846s][debug][gc,nmethod     ] Register NMethod: jdk.internal.foreign.AbstractMemorySegmentImpl.asSlice (0x000072e49ec8b288) [0x000072e49ec8b380, 0x000072e49ec8b568] Compiler: jvmci, Barriers: 3, Oops: 0, ImmediateOops: 0, NonImmediateOops: No
[1,847s][debug][gc,nmethod     ] Register NMethod: java.util.concurrent.ConcurrentLinkedDeque.offer (0x000072e49ec8b588) [0x000072e49ec8b680, 0x000072e49ec8ba58] Compiler: jvmci, Barriers: 18, Oops: 1, ImmediateOops: 0, NonImmediateOops: No
[1,847s][debug][gc,nmethod     ] Register NMethod: jdk.internal.foreign.AbstractMemorySegmentImpl.asSliceNoCheck (0x000072e49ec8ba88) [0x000072e49ec8bb80, 0x000072e49ec8bcf8] Compiler: jvmci, Barriers: 3, Oops: 0, ImmediateOops: 0, NonImmediateOops: No
[1,847s][debug][gc,nmethod     ] Register NMethod: java.util.concurrent.ConcurrentLinkedDeque.linkLast (0x000072e49ec8bd88) [0x000072e49ec8be80, 0x000072e49ec8c258] Compiler: jvmci, Barriers: 18, Oops: 1, ImmediateOops: 0, NonImmediateOops: No
[1,848s][debug][gc,nmethod     ] Register NMethod: jdk.internal.misc.Unsafe.weakCompareAndSetReference (0x000072e49ec8c288) [0x000072e49ec8c380, 0x000072e49ec8c470] Compiler: jvmci, Barriers: 5, Oops: 0, ImmediateOops: 0, NonImmediateOops: No
[1,848s][debug][gc,nmethod     ] Register NMethod: jdk.internal.foreign.NativeMemorySegmentImpl.dup (0x000072e49ec8c588) [0x000072e49ec8c6a0, 0x000072e49ec8c7f0] Compiler: jvmci, Barriers: 2, Oops: 0, ImmediateOops: 0, NonImmediateOops: No
[1,849s][debug][gc,nmethod     ] Register NMethod: io.sirix.cache.LinuxMemorySegmentAllocator.partitionVirtualRegion (0x000072e47f4e8008) [0x000072e47f4e8100, 0x000072e47f4e9080] Compiler: c1, Barriers: 7, Oops: 4, ImmediateOops: 5, NonImmediateOops: No
[1,849s][debug][gc,nmethod     ] Register NMethod: io.sirix.cache.LinuxMemorySegmentAllocator.partitionVirtualRegion (0x000072e47f47fe08) [0x000072e47f47ff00, 0x000072e47f480d18] Compiler: c1, Barriers: 7, Oops: 4, ImmediateOops: 5, NonImmediateOops: No
[1,851s][debug][gc,nmethod     ] Register NMethod: java.lang.invoke.VarHandleGuards.guard_LL_V (0x000072e49ec8c888) [0x000072e49ec8c980, 0x000072e49ec8d210] Compiler: jvmci, Barriers: 26, Oops: 0, ImmediateOops: 5, NonImmediateOops: No
[1,851s][debug][gc,director    ] Rule Major: Warmup 10%, Used: 74MB, UsedThreshold: 1228MB
[1,851s][debug][gc,nmethod     ] Register NMethod: java.lang.invoke.VarHandle.checkAccessModeThenIsDirect (0x000072e49ec8d288) [0x000072e49ec8d380, 0x000072e49ec8d7b8] Compiler: jvmci, Barriers: 10, Oops: 0, ImmediateOops: 1, NonImmediateOops: No
[1,858s][debug][gc,nmethod     ] Register NMethod: io.sirix.cache.LinuxMemorySegmentAllocator.partitionVirtualRegion (0x000072e49ec8d808) [0x000072e49ec8d900, 0x000072e49ec8e870] Compiler: jvmci, Barriers: 57, Oops: 3, ImmediateOops: 0, NonImmediateOops: No
[1,861s][debug][gc,director    ] Rule Major: Warmup 10%, Used: 112MB, UsedThreshold: 1228MB
[1,868s][debug][gc,alloc       ] Mutator Allocation Rate: 260,2MB/s Predicted: 354,8MB/s, Avg: 212,9(+/-47,3)MB/s
[1,868s][debug][gc,director    ] Rule Major: Warmup 10%, Used: 136MB, UsedThreshold: 1228MB
[1,878s][debug][gc,director    ] Rule Major: Warmup 10%, Used: 172MB, UsedThreshold: 1228MB
[1,882s][debug][gc,nmethod     ] Register NMethod: io.sirix.cache.LinuxMemorySegmentAllocator.partitionVirtualRegion (0x000072e49ec8e908) [0x000072e49ec8ea00, 0x000072e49ec8fbc0] Compiler: jvmci, Barriers: 60, Oops: 10, ImmediateOops: 2, NonImmediateOops: No
[1,888s][debug][gc,director    ] Rule Major: Warmup 10%, Used: 206MB, UsedThreshold: 1228MB
[1,890s][debug][gc,nmethod     ] Register NMethod: io.sirix.cache.LinuxMemorySegmentAllocator.partitionVirtualRegion (0x000072e49ec8fc88) [0x000072e49ec8fd80, 0x000072e49ec90be8] Compiler: jvmci, Barriers: 43, Oops: 12, ImmediateOops: 2, NonImmediateOops: No
[1,893s][debug][gc,nmethod     ] Register NMethod: java.util.concurrent.CopyOnWriteArrayList.getArray (0x000072e49ec90c88) [0x000072e49ec90d80, 0x000072e49ec90e68] Compiler: c1, Barriers: 1, Oops: 0, ImmediateOops: 0, NonImmediateOops: No
[1,898s][debug][gc,director    ] Rule Major: Warmup 10%, Used: 224MB, UsedThreshold: 1228MB
[1,901s][debug][gc,nmethod     ] Register NMethod: java.lang.invoke.MethodHandle.linkToSpecial (0x000072e49ec90f88) [0x000072e49ec91080, 0x000072e49ec91178] Compiler: , Barriers: 0, Oops: 0, ImmediateOops: 0, NonImmediateOops: No
[1,901s][debug][gc,nmethod     ] Register NMethod: java.lang.invoke.MethodHandle.invokeBasic (0x000072e49ec91288) [0x000072e49ec91380, 0x000072e49ec91618] Compiler: , Barriers: 0, Oops: 0, ImmediateOops: 0, NonImmediateOops: No
[1,902s][debug][gc,nmethod     ] Register NMethod: java.lang.invoke.MethodHandle.linkToSpecial (0x000072e49ec91688) [0x000072e49ec91780, 0x000072e49ec91878] Compiler: , Barriers: 0, Oops: 0, ImmediateOops: 0, NonImmediateOops: No
[1,903s][debug][gc,nmethod     ] Register NMethod: java.lang.reflect.Modifier.isFinal (0x000072e47f47fa08) [0x000072e47f47fb00, 0x000072e47f47fc30] Compiler: c1, Barriers: 0, Oops: 0, ImmediateOops: 0, NonImmediateOops: No
[1,905s][debug][gc,nmethod     ] Register NMethod: java.lang.invoke.MethodHandle.linkToStatic (0x000072e49ec91988) [0x000072e49ec91a80, 0x000072e49ec91b70] Compiler: , Barriers: 0, Oops: 0, ImmediateOops: 0, NonImmediateOops: No
[1,905s][debug][gc,nmethod     ] Register NMethod: java.lang.invoke.MemberName.getFactory (0x000072e47f56ed88) [0x000072e47f56ee80, 0x000072e47f56ef68] Compiler: c1, Barriers: 0, Oops: 0, ImmediateOops: 1, NonImmediateOops: No
[1,906s][debug][gc,nmethod     ] Register NMethod: jdk.internal.classfile.impl.DirectCodeBuilder.parameterSlot (0x000072e47f50cb08) [0x000072e47f50cc00, 0x000072e47f50cf40] Compiler: c1, Barriers: 1, Oops: 0, ImmediateOops: 0, NonImmediateOops: No
[1,907s][debug][gc,alloc       ] Mutator Allocation Rate: 404,2MB/s Predicted: 515,2MB/s, Avg: 276,7(+/-98,1)MB/s
[1,907s][debug][gc,director    ] Rule Major: Warmup 10%, Used: 258MB, UsedThreshold: 1228MB
[1,907s][debug][gc,nmethod     ] Register NMethod: java.lang.Class.getPackageName (0x000072e49ec91c88) [0x000072e49ec91d80, 0x000072e49ec92440] Compiler: jvmci, Barriers: 9, Oops: 0, ImmediateOops: 1, NonImmediateOops: No
[1,907s][debug][gc,nmethod     ] Register NMethod: java.lang.invoke.DirectMethodHandle$Holder.newInvokeSpecial (0x000072e47f86dd08) [0x000072e47f86de00, 0x000072e47f86e670] Compiler: c1, Barriers: 2, Oops: 0, ImmediateOops: 1, NonImmediateOops: No
[1,907s][debug][gc,nmethod     ] Register NMethod: java.lang.invoke.MethodHandle.linkToStatic (0x000072e49ec92488) [0x000072e49ec92580, 0x000072e49ec92670] Compiler: , Barriers: 0, Oops: 0, ImmediateOops: 0, NonImmediateOops: No
[1,908s][debug][gc,nmethod     ] Register NMethod: io.sirix.access.trx.RevisionEpochTracker$Slot.<init> (0x000072e47f50c808) [0x000072e47f50c900, 0x000072e47f50ca78] Compiler: c1, Barriers: 0, Oops: 1, ImmediateOops: 0, NonImmediateOops: No
[1,908s][debug][gc,nmethod     ] Register NMethod: java.lang.invoke.MethodHandle.invokeBasic (0x000072e49ec92788) [0x000072e49ec92880, 0x000072e49ec92b18] Compiler: , Barriers: 0, Oops: 0, ImmediateOops: 0, NonImmediateOops: No
[1,908s][debug][gc,nmethod     ] Register NMethod: java.lang.invoke.VarHandleReferences$Array.runtimeTypeCheck (0x000072e47f5dc488) [0x000072e47f5dc580, 0x000072e47f5dd950] Compiler: c1, Barriers: 5, Oops: 0, ImmediateOops: 0, NonImmediateOops: No
[1,908s][debug][gc,nmethod     ] Register NMethod: java.lang.invoke.VarForm.getMemberName (0x000072e49ec92b88) [0x000072e49ec92c80, 0x000072e49ec92e40] Compiler: jvmci, Barriers: 2, Oops: 0, ImmediateOops: 0, NonImmediateOops: No
[1,909s][debug][gc,nmethod     ] Register NMethod: java.lang.invoke.VarHandleReferences$Array.setVolatile (0x000072e47f452f08) [0x000072e47f453000, 0x000072e47f454ef8] Compiler: c1, Barriers: 8, Oops: 2, ImmediateOops: 1, NonImmediateOops: No
[1,909s][debug][gc,nmethod     ] Register NMethod: java.util.concurrent.atomic.AtomicReferenceArray.set (0x000072e47f42e688) [0x000072e47f42e780, 0x000072e47f430778] Compiler: c1, Barriers: 7, Oops: 7, ImmediateOops: 10, NonImmediateOops: No
[1,909s][debug][gc,nmethod     ] Register NMethod: jdk.internal.classfile.impl.StackMapGenerator$Frame.checkLocal (0x000072e49ec92e88) [0x000072e49ec92f80, 0x000072e49ec93640] Compiler: jvmci, Barriers: 17, Oops: 1, ImmediateOops: 2, NonImmediateOops: No
[1,909s][debug][gc,nmethod     ] Register NMethod: jdk.internal.util.Preconditions.checkIndex (0x000072e49ec93688) [0x000072e49ec93780, 0x000072e49ec93820] Compiler: jvmci, Barriers: 0, Oops: 0, ImmediateOops: 0, NonImmediateOops: No
[1,909s][debug][gc,nmethod     ] Register NMethod: java.lang.invoke.VarHandleGuards.guard_LIL_V (0x000072e47f4b8b88) [0x000072e47f4b8c80, 0x000072e47f4bd880] Compiler: c1, Barriers: 46, Oops: 1, ImmediateOops: 6, NonImmediateOops: No
[1,913s][debug][gc,nmethod     ] Register NMethod: java.lang.Long.numberOfLeadingZeros (0x000072e47f56e988) [0x000072e47f56ea80, 0x000072e47f56ec28] Compiler: c1, Barriers: 0, Oops: 0, ImmediateOops: 0, NonImmediateOops: No
[1,913s][debug][gc,nmethod     ] Register NMethod: java.util.Formatter$Flags.contains (0x000072e47f408a88) [0x000072e47f408b80, 0x000072e47f408cb0] Compiler: c1, Barriers: 0, Oops: 0, ImmediateOops: 0, NonImmediateOops: No
[1,917s][debug][gc,nmethod     ] Register NMethod: java.net.URL.<init> (0x000072e49ec93988) [0x000072e49ec93a80, 0x000072e49ec94e48] Compiler: jvmci, Barriers: 52, Oops: 1, ImmediateOops: 0, NonImmediateOops: No
[1,917s][debug][gc,director    ] Rule Major: Warmup 10%, Used: 260MB, UsedThreshold: 1228MB
[1,919s][debug][gc,nmethod     ] Register NMethod: jdk.internal.classfile.impl.AbstractPoolEntry$AbstractRefsEntry.<init> (0x000072e49ec94e88) [0x000072e49ec94f80, 0x000072e49ec95258] Compiler: jvmci, Barriers: 9, Oops: 0, ImmediateOops: 0, NonImmediateOops: No
[1,923s][debug][gc,nmethod     ] Register NMethod: java.nio.Buffer.capacity (0x000072e49ec95288) [0x000072e49ec95380, 0x000072e49ec95440] Compiler: c1, Barriers: 0, Oops: 0, ImmediateOops: 0, NonImmediateOops: No
[1,923s][debug][gc,nmethod     ] Register NMethod: java.nio.CharBuffer.arrayOffset (0x000072e47f408588) [0x000072e47f408680, 0x000072e47f408960] Compiler: c1, Barriers: 1, Oops: 0, ImmediateOops: 0, NonImmediateOops: No
[1,923s][debug][gc,nmethod     ] Register NMethod: java.nio.charset.CoderResult.isUnderflow (0x000072e47f428208) [0x000072e47f428300, 0x000072e47f428450] Compiler: c1, Barriers: 0, Oops: 0, ImmediateOops: 0, NonImmediateOops: No
[1,923s][debug][gc,nmethod     ] Register NMethod: java.nio.ByteBuffer.arrayOffset (0x000072e47f427d08) [0x000072e47f427e00, 0x000072e47f4280e0] Compiler: c1, Barriers: 1, Oops: 0, ImmediateOops: 0, NonImmediateOops: No
[1,927s][debug][gc,director    ] Rule Major: Warmup 10%, Used: 260MB, UsedThreshold: 1228MB
[1,936s][debug][gc,nmethod     ] Register NMethod: jdk.internal.classfile.impl.Util.parameterSlots (0x000072e49ec95588) [0x000072e49ec95680, 0x000072e49ec95888] Compiler: jvmci, Barriers: 2, Oops: 0, ImmediateOops: 2, NonImmediateOops: No
[1,937s][debug][gc,director    ] Rule Major: Warmup 10%, Used: 262MB, UsedThreshold: 1228MB
[1,941s][debug][gc,nmethod     ] Register NMethod: java.util.ArrayList$Itr.hasNext (0x000072e49ec95908) [0x000072e49ec95a00, 0x000072e49ec95ae8] Compiler: jvmci, Barriers: 1, Oops: 0, ImmediateOops: 0, NonImmediateOops: No
[1,947s][debug][gc,director    ] Rule Major: Warmup 10%, Used: 262MB, UsedThreshold: 1228MB
[1,949s][debug][gc,nmethod     ] Register NMethod: jdk.internal.classfile.impl.AbstractPoolEntry$AbstractRefsEntry.writeTo (0x000072e49ec95c08) [0x000072e49ec95d00, 0x000072e49ec96480] Compiler: jvmci, Barriers: 6, Oops: 0, ImmediateOops: 0, NonImmediateOops: No
[1,952s][debug][gc,nmethod     ] Register NMethod: java.util.WeakHashMap.hash (0x000072e49ec96488) [0x000072e49ec96580, 0x000072e49ec966d0] Compiler: jvmci, Barriers: 0, Oops: 0, ImmediateOops: 0, NonImmediateOops: No
[1,954s][debug][gc,nmethod     ] Register NMethod: java.util.zip.Inflater.ensureOpen (0x000072e49ec96788) [0x000072e49ec96880, 0x000072e49ec96988] Compiler: jvmci, Barriers: 1, Oops: 0, ImmediateOops: 0, NonImmediateOops: No
[1,957s][debug][gc,nmethod     ] Register NMethod: java.lang.String.hashCode (0x000072e49ec96a88) [0x000072e49ec96b80, 0x000072e49ec96d30] Compiler: jvmci, Barriers: 1, Oops: 0, ImmediateOops: 0, NonImmediateOops: No
[1,957s][debug][gc,director    ] Rule Major: Warmup 10%, Used: 262MB, UsedThreshold: 1228MB
[1,962s][debug][gc,nmethod     ] Register NMethod: sun.net.util.IPAddressUtil.checkHostString (0x000072e49ec96d88) [0x000072e49ec96e80, 0x000072e49ec96fe8] Compiler: jvmci, Barriers: 1, Oops: 0, ImmediateOops: 0, NonImmediateOops: No
[1,962s][debug][gc,nmethod     ] Register NMethod: sun.net.util.IPAddressUtil.scan (0x000072e49ec97088) [0x000072e49ec97180, 0x000072e49ec97298] Compiler: jvmci, Barriers: 1, Oops: 0, ImmediateOops: 0, NonImmediateOops: No
[1,963s][debug][gc,nmethod     ] Register NMethod: java.util.Collections$UnmodifiableCollection$1.next (0x000072e47f465e08) [0x000072e47f465f00, 0x000072e47f466240] Compiler: c1, Barriers: 1, Oops: 0, ImmediateOops: 0, NonImmediateOops: No
[1,963s][debug][gc,nmethod     ] Register NMethod: java.util.Locale.getDefault (0x000072e47f465b08) [0x000072e47f465c00, 0x000072e47f465d28] Compiler: c1, Barriers: 1, Oops: 0, ImmediateOops: 1, NonImmediateOops: No
[1,963s][debug][gc,nmethod     ] Register NMethod: java.lang.String.toLowerCase (0x000072e47f51bf88) [0x000072e47f51c080, 0x000072e47f51c7e8] Compiler: c1, Barriers: 3, Oops: 0, ImmediateOops: 1, NonImmediateOops: No
[1,965s][debug][gc,nmethod     ] Register NMethod: com.google.protobuf.GeneratedMessageV3$Builder.onChanged (0x000072e47f441f88) [0x000072e47f442080, 0x000072e47f442420] Compiler: c1, Barriers: 1, Oops: 1, ImmediateOops: 0, NonImmediateOops: No
[1,966s][debug][gc,nmethod     ] Register NMethod: java.util.concurrent.ConcurrentHashMap.containsKey (0x000072e47f51bc08) [0x000072e47f51bd00, 0x000072e47f51be80] Compiler: c1, Barriers: 0, Oops: 0, ImmediateOops: 0, NonImmediateOops: No
[1,966s][debug][gc,nmethod     ] Register NMethod: java.nio.CharBuffer.position (0x000072e47f465688) [0x000072e47f465780, 0x000072e47f4658c8] Compiler: c1, Barriers: 0, Oops: 0, ImmediateOops: 0, NonImmediateOops: No
[1,966s][debug][gc,nmethod     ] Register NMethod: java.nio.Buffer.remaining (0x000072e47f441c88) [0x000072e47f441d80, 0x000072e47f441ef0] Compiler: c1, Barriers: 0, Oops: 0, ImmediateOops: 0, NonImmediateOops: No
[1,966s][debug][gc,nmethod     ] Register NMethod: java.lang.StringCoding.implEncodeAsciiArray (0x000072e47f441808) [0x000072e47f441900, 0x000072e47f441b28] Compiler: c1, Barriers: 0, Oops: 0, ImmediateOops: 0, NonImmediateOops: No
[1,966s][debug][gc,nmethod     ] Register NMethod: java.nio.CharBuffer.position (0x000072e47f52f608) [0x000072e47f52f700, 0x000072e47f52fa60] Compiler: c1, Barriers: 0, Oops: 0, ImmediateOops: 0, NonImmediateOops: No
[1,966s][debug][gc,nmethod     ] Register NMethod: java.lang.String.checkBoundsBeginEnd (0x000072e49ec97388) [0x000072e49ec97480, 0x000072e49ec97528] Compiler: jvmci, Barriers: 0, Oops: 0, ImmediateOops: 0, NonImmediateOops: No
[1,967s][debug][gc,nmethod     ] Register NMethod: java.lang.Math.clamp (0x000072e49ec97688) [0x000072e49ec97780, 0x000072e49ec97830] Compiler: jvmci, Barriers: 0, Oops: 0, ImmediateOops: 0, NonImmediateOops: No
[1,967s][debug][gc,nmethod     ] Register NMethod: java.lang.Float.floatToRawIntBits (0x000072e49ec97988) [0x000072e49ec97a80, 0x000072e49ec97bd8] Compiler: , Barriers: 0, Oops: 0, ImmediateOops: 1, NonImmediateOops: No
[1,967s][debug][gc,nmethod     ] Register NMethod: java.nio.charset.CharsetEncoder.maxBytesPerChar (0x000072e49ec97c88) [0x000072e49ec97d80, 0x000072e49ec97e40] Compiler: c1, Barriers: 0, Oops: 0, ImmediateOops: 0, NonImmediateOops: No
[1,967s][debug][gc,nmethod     ] Register NMethod: java.nio.Buffer.hasRemaining (0x000072e47f52f308) [0x000072e47f52f400, 0x000072e47f52f550] Compiler: c1, Barriers: 0, Oops: 0, ImmediateOops: 0, NonImmediateOops: No
[1,967s][debug][gc,director    ] Rule Major: Warmup 10%, Used: 264MB, UsedThreshold: 1228MB
[1,967s][debug][gc,nmethod     ] Register NMethod: java.nio.charset.CoderResult.isOverflow (0x000072e47f52f008) [0x000072e47f52f100, 0x000072e47f52f250] Compiler: c1, Barriers: 0, Oops: 0, ImmediateOops: 0, NonImmediateOops: No
[1,967s][debug][gc,nmethod     ] Register NMethod: java.nio.CharBuffer.hasArray (0x000072e47f52ed08) [0x000072e47f52ee00, 0x000072e47f52efb0] Compiler: c1, Barriers: 1, Oops: 0, ImmediateOops: 0, NonImmediateOops: No
[1,967s][debug][gc,nmethod     ] Register NMethod: java.nio.ByteBuffer.array (0x000072e47f52e908) [0x000072e47f52ea00, 0x000072e47f52ece0] Compiler: c1, Barriers: 1, Oops: 0, ImmediateOops: 0, NonImmediateOops: No
[1,968s][debug][gc,nmethod     ] Register NMethod: java.nio.ByteBuffer.hasArray (0x000072e47f52e608) [0x000072e47f52e700, 0x000072e47f52e8b0] Compiler: c1, Barriers: 1, Oops: 0, ImmediateOops: 0, NonImmediateOops: No
[1,968s][debug][gc,nmethod     ] Register NMethod: java.nio.CharBuffer.array (0x000072e47f52e008) [0x000072e47f52e100, 0x000072e47f52e3e0] Compiler: c1, Barriers: 1, Oops: 0, ImmediateOops: 0, NonImmediateOops: No
[1,968s][debug][gc,nmethod     ] Register NMethod: sun.nio.cs.UTF_8.updatePositions (0x000072e47f4c4208) [0x000072e47f4c4300, 0x000072e47f4c4c28] Compiler: c1, Barriers: 0, Oops: 0, ImmediateOops: 0, NonImmediateOops: No
[1,968s][debug][gc,nmethod     ] Register NMethod: java.nio.CharBuffer.limit (0x000072e47f4c3f08) [0x000072e47f4c4000, 0x000072e47f4c4148] Compiler: c1, Barriers: 0, Oops: 0, ImmediateOops: 0, NonImmediateOops: No
[1,968s][debug][gc,nmethod     ] Register NMethod: java.nio.CharBuffer.<init> (0x000072e47f4c3c08) [0x000072e47f4c3d00, 0x000072e47f4c3ed0] Compiler: c1, Barriers: 3, Oops: 0, ImmediateOops: 0, NonImmediateOops: No
[1,968s][debug][gc,nmethod     ] Register NMethod: java.nio.CharBuffer.limit (0x000072e47f4c3788) [0x000072e47f4c3880, 0x000072e47f4c3be0] Compiler: c1, Barriers: 0, Oops: 0, ImmediateOops: 0, NonImmediateOops: No
[1,969s][debug][gc,nmethod     ] Register NMethod: java.lang.String.indexOf (0x000072e49ec97f88) [0x000072e49ec98080, 0x000072e49ec98358] Compiler: jvmci, Barriers: 2, Oops: 0, ImmediateOops: 0, NonImmediateOops: No
[1,970s][debug][gc,nmethod     ] Register NMethod: java.lang.invoke.MethodHandle.getApproximateCommonClassLoader (0x000072e47f7db988) [0x000072e47f7dba80, 0x000072e47f7dcbd0] Compiler: c1, Barriers: 6, Oops: 0, ImmediateOops: 4, NonImmediateOops: No
[1,970s][debug][gc,nmethod     ] Register NMethod: java.lang.invoke.MethodHandle.keepsAlive (0x000072e47f605408) [0x000072e47f605500, 0x000072e47f6064c8] Compiler: c1, Barriers: 5, Oops: 0, ImmediateOops: 4, NonImmediateOops: No
[1,977s][debug][gc,director    ] Rule Major: Warmup 10%, Used: 264MB, UsedThreshold: 1228MB
[1,978s][debug][gc,nmethod     ] Register NMethod: java.net.URLStreamHandler.setURL (0x000072e49ec98388) [0x000072e49ec98480, 0x000072e49ec99190] Compiler: jvmci, Barriers: 32, Oops: 1, ImmediateOops: 1, NonImmediateOops: No
[1,983s][debug][gc,nmethod     ] Register NMethod: java.lang.invoke.MethodHandle.asType (0x000072e47f4c3188) [0x000072e47f4c3280, 0x000072e47f4c34e8] Compiler: c1, Barriers: 1, Oops: 0, ImmediateOops: 0, NonImmediateOops: No
[1,984s][debug][gc,nmethod     ] Register NMethod: jdk.internal.misc.Unsafe.putLongUnaligned (0x000072e47f7db408) [0x000072e47f7db500, 0x000072e47f7db938] Compiler: c1, Barriers: 0, Oops: 0, ImmediateOops: 0, NonImmediateOops: No
[1,985s][debug][gc,nmethod     ] Register NMethod: java.lang.invoke.MethodHandle.linkToSpecial (0x000072e49ec99208) [0x000072e49ec99300, 0x000072e49ec993f8] Compiler: , Barriers: 0, Oops: 0, ImmediateOops: 0, NonImmediateOops: No
[1,988s][debug][gc,director    ] Rule Major: Warmup 10%, Used: 266MB, UsedThreshold: 1228MB
[1,996s][debug][gc,nmethod     ] Register NMethod: java.util.jar.JarFile.maybeInstantiateVerifier (0x000072e49ec99508) [0x000072e49ec99600, 0x000072e49ec99b08] Compiler: jvmci, Barriers: 4, Oops: 0, ImmediateOops: 0, NonImmediateOops: No
[1,998s][debug][gc,director    ] Rule Major: Warmup 10%, Used: 266MB, UsedThreshold: 1228MB
[2,001s][debug][gc,nmethod     ] Register NMethod: java.lang.invoke.MethodHandle.linkToSpecial (0x000072e49ec99b88) [0x000072e49ec99c80, 0x000072e49ec99d78] Compiler: , Barriers: 0, Oops: 0, ImmediateOops: 0, NonImmediateOops: No
[2,001s][debug][gc,nmethod     ] Register NMethod: java.lang.Class.desiredAssertionStatus (0x000072e47f7da908) [0x000072e47f7daa00, 0x000072e47f7db360] Compiler: c1, Barriers: 4, Oops: 0, ImmediateOops: 0, NonImmediateOops: No
[2,001s][debug][gc,nmethod     ] Register NMethod: java.lang.invoke.MethodHandle.linkToSpecial (0x000072e49ec99e88) [0x000072e49ec99f80, 0x000072e49ec9a078] Compiler: , Barriers: 0, Oops: 0, ImmediateOops: 0, NonImmediateOops: No
[2,002s][debug][gc,nmethod     ] Register NMethod: java.lang.invoke.MethodHandle.linkToSpecial (0x000072e49ec9a188) [0x000072e49ec9a280, 0x000072e49ec9a378] Compiler: , Barriers: 0, Oops: 0, ImmediateOops: 0, NonImmediateOops: No
[2,002s][debug][gc,nmethod     ] Register NMethod: java.lang.Object.<init> (0x000072e49ec9a488) [0x000072e49ec9a580, 0x000072e49ec9a638] Compiler: jvmci, Barriers: 0, Oops: 0, ImmediateOops: 0, NonImmediateOops: No
[2,002s][debug][gc,nmethod     ] Register NMethod: java.lang.invoke.TypeConvertingMethodAdapter.convertType (0x000072e47f4b3708) [0x000072e47f4b3800, 0x000072e47f4b8b38] Compiler: c1, Barriers: 0, Oops: 3, ImmediateOops: 31, NonImmediateOops: No
[2,003s][debug][gc,nmethod     ] Register NMethod: java.lang.invoke.MethodHandle.linkToStatic (0x000072e49ec9a788) [0x000072e49ec9a880, 0x000072e49ec9a970] Compiler: , Barriers: 0, Oops: 0, ImmediateOops: 0, NonImmediateOops: No
[2,006s][debug][gc,nmethod     ] Register NMethod: java.util.BitSet.initWords (0x000072e47f605088) [0x000072e47f605180, 0x000072e47f6053e0] Compiler: c1, Barriers: 3, Oops: 0, ImmediateOops: 0, NonImmediateOops: No
[2,006s][debug][gc,nmethod     ] Register NMethod: java.lang.Package$VersionInfo.getInstance (0x000072e47f604c08) [0x000072e47f604d00, 0x000072e47f605048] Compiler: c1, Barriers: 0, Oops: 0, ImmediateOops: 1, NonImmediateOops: No
[2,006s][debug][gc,nmethod     ] Register NMethod: java.lang.Package.<init> (0x000072e47f604488) [0x000072e47f604580, 0x000072e47f604bb8] Compiler: c1, Barriers: 4, Oops: 0, ImmediateOops: 1, NonImmediateOops: No
[2,007s][debug][gc,nmethod     ] Register NMethod: java.lang.invoke.MethodHandle.linkToSpecial (0x000072e49ec9aa88) [0x000072e49ec9ab80, 0x000072e49ec9ac78] Compiler: , Barriers: 0, Oops: 0, ImmediateOops: 0, NonImmediateOops: No
[2,007s][debug][gc,nmethod     ] Register NMethod: jdk.internal.misc.Unsafe.putLongUnaligned (0x000072e49ec9ad88) [0x000072e49ec9ae80, 0x000072e49ec9af40] Compiler: jvmci, Barriers: 0, Oops: 0, ImmediateOops: 0, NonImmediateOops: No
[2,007s][debug][gc,nmethod     ] Register NMethod: java.lang.invoke.MethodHandle.linkToSpecial (0x000072e49ec9b088) [0x000072e49ec9b180, 0x000072e49ec9b278] Compiler: , Barriers: 0, Oops: 0, ImmediateOops: 0, NonImmediateOops: No
[2,008s][debug][gc,nmethod     ] Register NMethod: java.lang.invoke.MethodHandle.invokeBasic (0x000072e49ec9b388) [0x000072e49ec9b480, 0x000072e49ec9b718] Compiler: , Barriers: 0, Oops: 0, ImmediateOops: 0, NonImmediateOops: No
[2,008s][debug][gc,nmethod     ] Register NMethod: java.lang.invoke.MethodHandle.linkToSpecial (0x000072e49ec9b788) [0x000072e49ec9b880, 0x000072e49ec9b978] Compiler: , Barriers: 0, Oops: 0, ImmediateOops: 0, NonImmediateOops: No
[2,008s][debug][gc,director    ] Rule Major: Warmup 10%, Used: 268MB, UsedThreshold: 1228MB
[2,008s][debug][gc,nmethod     ] Register NMethod: java.util.HashMap.computeIfAbsent (0x000072e47f41f308) [0x000072e47f41f400, 0x000072e47f421c08] Compiler: c1, Barriers: 11, Oops: 0, ImmediateOops: 0, NonImmediateOops: No
[2,010s][debug][gc,nmethod     ] Register NMethod: java.lang.invoke.VarHandleReferences$Array.getVolatile (0x000072e47f603788) [0x000072e47f603880, 0x000072e47f6043e8] Compiler: c1, Barriers: 2, Oops: 2, ImmediateOops: 1, NonImmediateOops: No
[2,011s][debug][gc,nmethod     ] Register NMethod: java.util.concurrent.atomic.AtomicReferenceArray.get (0x000072e47f43fb88) [0x000072e47f43fc80, 0x000072e47f440e98] Compiler: c1, Barriers: 2, Oops: 7, ImmediateOops: 9, NonImmediateOops: No
[2,011s][debug][gc,nmethod     ] Register NMethod: java.lang.invoke.VarHandleGuards.guard_LI_L (0x000072e47f486f08) [0x000072e47f487000, 0x000072e47f48a4b0] Compiler: c1, Barriers: 29, Oops: 0, ImmediateOops: 2, NonImmediateOops: No
[2,013s][debug][gc,nmethod     ] Register NMethod: java.util.WeakHashMap.expungeStaleEntries (0x000072e49ec9ba88) [0x000072e49ec9bb80, 0x000072e49ec9bcb8] Compiler: jvmci, Barriers: 2, Oops: 0, ImmediateOops: 0, NonImmediateOops: No
[2,013s][debug][gc,nmethod     ] Register NMethod: java.util.concurrent.atomic.AtomicReferenceArray.get (0x000072e49ec9bd88) [0x000072e49ec9be80, 0x000072e49ec9bfe0] Compiler: jvmci, Barriers: 2, Oops: 0, ImmediateOops: 0, NonImmediateOops: No
[2,014s][debug][gc,nmethod     ] Register NMethod: java.util.BitSet.<init> (0x000072e47f43eb08) [0x000072e47f43ec00, 0x000072e47f43fb48] Compiler: c1, Barriers: 3, Oops: 1, ImmediateOops: 2, NonImmediateOops: No
[2,017s][debug][gc,nmethod     ] Register NMethod: java.lang.invoke.MethodHandle.linkToStatic (0x000072e49ec9c088) [0x000072e49ec9c180, 0x000072e49ec9c270] Compiler: , Barriers: 0, Oops: 0, ImmediateOops: 0, NonImmediateOops: No
[2,017s][debug][gc,nmethod     ] Register NMethod: java.lang.invoke.MethodHandle.linkToStatic (0x000072e49ec9c388) [0x000072e49ec9c480, 0x000072e49ec9c570] Compiler: , Barriers: 0, Oops: 0, ImmediateOops: 0, NonImmediateOops: No
[2,017s][debug][gc,nmethod     ] Register NMethod: java.lang.invoke.MethodHandle.linkToStatic (0x000072e49ec9c688) [0x000072e49ec9c780, 0x000072e49ec9c870] Compiler: , Barriers: 0, Oops: 0, ImmediateOops: 0, NonImmediateOops: No
[2,017s][debug][gc,nmethod     ] Register NMethod: java.lang.invoke.MethodHandle.linkToStatic (0x000072e49ec9c988) [0x000072e49ec9ca80, 0x000072e49ec9cb70] Compiler: , Barriers: 0, Oops: 0, ImmediateOops: 0, NonImmediateOops: No
[2,017s][debug][gc,nmethod     ] Register NMethod: java.lang.invoke.MethodHandle.linkToStatic (0x000072e49ec9cc88) [0x000072e49ec9cd80, 0x000072e49ec9ce70] Compiler: , Barriers: 0, Oops: 0, ImmediateOops: 0, NonImmediateOops: No
[2,017s][debug][gc,nmethod     ] Register NMethod: java.lang.invoke.MethodHandle.linkToStatic (0x000072e49ec9cf88) [0x000072e49ec9d080, 0x000072e49ec9d170] Compiler: , Barriers: 0, Oops: 0, ImmediateOops: 0, NonImmediateOops: No
[2,017s][debug][gc,nmethod     ] Register NMethod: java.lang.invoke.MethodHandle.linkToStatic (0x000072e49ec9d288) [0x000072e49ec9d380, 0x000072e49ec9d470] Compiler: , Barriers: 0, Oops: 0, ImmediateOops: 0, NonImmediateOops: No
[2,017s][debug][gc,nmethod     ] Register NMethod: java.lang.invoke.MethodHandle.linkToStatic (0x000072e49ec9d588) [0x000072e49ec9d680, 0x000072e49ec9d770] Compiler: , Barriers: 0, Oops: 0, ImmediateOops: 0, NonImmediateOops: No
[2,017s][debug][gc,nmethod     ] Register NMethod: java.lang.invoke.LambdaForm.create (0x000072e47f43e188) [0x000072e47f43e280, 0x000072e47f43ead8] Compiler: c1, Barriers: 2, Oops: 0, ImmediateOops: 1, NonImmediateOops: No
[2,017s][debug][gc,nmethod     ] Register NMethod: java.lang.invoke.LambdaForm.fixResult (0x000072e47f486b88) [0x000072e47f486c80, 0x000072e47f486e90] Compiler: c1, Barriers: 2, Oops: 0, ImmediateOops: 1, NonImmediateOops: No
[2,017s][debug][gc,nmethod     ] Register NMethod: java.lang.invoke.LambdaForm.<init> (0x000072e47f43dd08) [0x000072e47f43de00, 0x000072e47f43e160] Compiler: c1, Barriers: 12, Oops: 0, ImmediateOops: 0, NonImmediateOops: No
[2,017s][debug][gc,nmethod     ] Register NMethod: java.lang.invoke.InvokerBytecodeGenerator.generateCustomizedCode (0x000072e47f41ec88) [0x000072e47f41ed80, 0x000072e47f41f028] Compiler: c1, Barriers: 0, Oops: 0, ImmediateOops: 1, NonImmediateOops: No
[2,017s][debug][gc,nmethod     ] Register NMethod: java.lang.invoke.MethodHandle.invokeBasic (0x000072e49ec9d888) [0x000072e49ec9d980, 0x000072e49ec9dc18] Compiler: , Barriers: 0, Oops: 0, ImmediateOops: 0, NonImmediateOops: No
[2,017s][debug][gc,nmethod     ] Register NMethod: java.lang.invoke.MethodHandle.linkToSpecial (0x000072e49ec9dc88) [0x000072e49ec9dd80, 0x000072e49ec9de78] Compiler: , Barriers: 0, Oops: 0, ImmediateOops: 0, NonImmediateOops: No
[2,017s][debug][gc,nmethod     ] Register NMethod: java.util.Arrays.copyOfRange (0x000072e47f415308) [0x000072e47f415400, 0x000072e47f416b38] Compiler: c1, Barriers: 1, Oops: 1, ImmediateOops: 3, NonImmediateOops: No
[2,018s][debug][gc,nmethod     ] Register NMethod: java.lang.invoke.MethodHandle.invokeBasic (0x000072e49ec9df88) [0x000072e49ec9e080, 0x000072e49ec9e318] Compiler: , Barriers: 0, Oops: 0, ImmediateOops: 0, NonImmediateOops: No
[2,018s][debug][gc,nmethod     ] Register NMethod: java.lang.invoke.MethodHandle.linkToSpecial (0x000072e49ec9e388) [0x000072e49ec9e480, 0x000072e49ec9e578] Compiler: , Barriers: 0, Oops: 0, ImmediateOops: 0, NonImmediateOops: No
[2,018s][debug][gc,nmethod     ] Register NMethod: java.lang.invoke.InvokerBytecodeGenerator.lookupPregenerated (0x000072e47f74ab08) [0x000072e47f74ac00, 0x000072e47f74de28] Compiler: c1, Barriers: 10, Oops: 1, ImmediateOops: 13, NonImmediateOops: No
[2,018s][debug][gc,nmethod     ] Register NMethod: java.lang.invoke.MethodHandle.invokeBasic (0x000072e49ec9e688) [0x000072e49ec9e780, 0x000072e49ec9ea18] Compiler: , Barriers: 0, Oops: 0, ImmediateOops: 0, NonImmediateOops: No
[2,018s][debug][gc,nmethod     ] Register NMethod: java.lang.invoke.MethodHandle.linkToSpecial (0x000072e49ec9ea88) [0x000072e49ec9eb80, 0x000072e49ec9ec78] Compiler: , Barriers: 0, Oops: 0, ImmediateOops: 0, NonImmediateOops: No
[2,018s][debug][gc,director    ] Rule Major: Warmup 10%, Used: 270MB, UsedThreshold: 1228MB
[2,018s][debug][gc,nmethod     ] Register NMethod: java.lang.invoke.LambdaForm$Name.<init> (0x000072e47f749708) [0x000072e47f749800, 0x000072e47f74aaa8] Compiler: c1, Barriers: 11, Oops: 0, ImmediateOops: 0, NonImmediateOops: No
[2,018s][debug][gc,nmethod     ] Register NMethod: java.util.Arrays.fill (0x000072e47f414d08) [0x000072e47f414e00, 0x000072e47f4152a8] Compiler: c1, Barriers: 3, Oops: 0, ImmediateOops: 0, NonImmediateOops: No
[2,018s][debug][gc,nmethod     ] Register NMethod: java.lang.invoke.MethodHandle.invokeBasic (0x000072e49ec9ed88) [0x000072e49ec9ee80, 0x000072e49ec9f118] Compiler: , Barriers: 0, Oops: 0, ImmediateOops: 0, NonImmediateOops: No
[2,018s][debug][gc,nmethod     ] Register NMethod: java.lang.invoke.MethodHandle.linkToSpecial (0x000072e49ec9f188) [0x000072e49ec9f280, 0x000072e49ec9f378] Compiler: , Barriers: 0, Oops: 0, ImmediateOops: 0, NonImmediateOops: No
[2,019s][debug][gc,nmethod     ] Register NMethod: java.lang.StringBuilder.<init> (0x000072e47f749288) [0x000072e47f749380, 0x000072e47f7494b0] Compiler: c1, Barriers: 0, Oops: 0, ImmediateOops: 0, NonImmediateOops: No
[2,022s][debug][gc,nmethod     ] Register NMethod: java.lang.invoke.MemberName.getMethodType (0x000072e49ec9f488) [0x000072e49ec9f580, 0x000072e49ec9fac8] Compiler: jvmci, Barriers: 8, Oops: 0, ImmediateOops: 0, NonImmediateOops: No
[2,022s][debug][gc,nmethod     ] Register NMethod: ch.qos.logback.classic.Logger.getName (0x000072e49ec9fb08) [0x000072e49ec9fc00, 0x000072e49ec9fce8] Compiler: c1, Barriers: 1, Oops: 1, ImmediateOops: 0, NonImmediateOops: No
[2,025s][debug][gc,nmethod     ] Register NMethod: jdk.internal.classfile.impl.BufWriterImpl.writeIndex (0x000072e49ec9fe08) [0x000072e49ec9ff00, 0x000072e49eca0518] Compiler: jvmci, Barriers: 7, Oops: 0, ImmediateOops: 0, NonImmediateOops: No
[2,025s][debug][gc,nmethod     ] Register NMethod: java.lang.String.concat (0x000072e49eca0588) [0x000072e49eca0680, 0x000072e49eca0d50] Compiler: jvmci, Barriers: 4, Oops: 0, ImmediateOops: 0, NonImmediateOops: No
[2,025s][debug][gc,nmethod     ] Register NMethod: jdk.internal.misc.Unsafe.getLongVolatile (0x000072e49eca0d88) [0x000072e49eca0e80, 0x000072e49eca0fe8] Compiler: , Barriers: 0, Oops: 0, ImmediateOops: 0, NonImmediateOops: No
[2,025s][debug][gc,nmethod     ] Register NMethod: java.lang.Thread.isVirtual (0x000072e47f414888) [0x000072e47f414980, 0x000072e47f414c88] Compiler: c1, Barriers: 0, Oops: 0, ImmediateOops: 0, NonImmediateOops: No
[2,026s][debug][gc,nmethod     ] Register NMethod: java.lang.String.<init> (0x000072e49eca1088) [0x000072e49eca1180, 0x000072e49eca1270] Compiler: jvmci, Barriers: 3, Oops: 0, ImmediateOops: 0, NonImmediateOops: No
[2,026s][debug][gc,nmethod     ] Register NMethod: java.lang.Thread.onSpinWait (0x000072e47f414588) [0x000072e47f414680, 0x000072e47f414760] Compiler: c1, Barriers: 0, Oops: 0, ImmediateOops: 0, NonImmediateOops: No
[2,027s][debug][gc,nmethod     ] Register NMethod: java.lang.invoke.MethodHandle.linkToStatic (0x000072e49eca1388) [0x000072e49eca1480, 0x000072e49eca1570] Compiler: , Barriers: 0, Oops: 0, ImmediateOops: 0, NonImmediateOops: No
[2,027s][debug][gc,nmethod     ] Register NMethod: java.lang.invoke.MethodHandle.linkToInterface (0x000072e49eca1688) [0x000072e49eca1780, 0x000072e49eca18b0] Compiler: , Barriers: 0, Oops: 0, ImmediateOops: 0, NonImmediateOops: No
[2,028s][debug][gc,nmethod     ] Register NMethod: java.lang.invoke.MethodHandle.linkToInterface (0x000072e49eca1988) [0x000072e49eca1a80, 0x000072e49eca1bb0] Compiler: , Barriers: 0, Oops: 0, ImmediateOops: 0, NonImmediateOops: No
[2,028s][debug][gc,nmethod     ] Register NMethod: java.lang.invoke.MethodHandle.linkToStatic (0x000072e49eca1c88) [0x000072e49eca1d80, 0x000072e49eca1e70] Compiler: , Barriers: 0, Oops: 0, ImmediateOops: 0, NonImmediateOops: No
[2,028s][debug][gc,nmethod     ] Register NMethod: java.lang.Throwable.<init> (0x000072e47f413c88) [0x000072e47f413d80, 0x000072e47f414540] Compiler: c1, Barriers: 13, Oops: 0, ImmediateOops: 3, NonImmediateOops: No
[2,028s][debug][gc,nmethod     ] Register NMethod: java.lang.invoke.MethodHandle.linkToStatic (0x000072e49eca1f88) [0x000072e49eca2080, 0x000072e49eca2170] Compiler: , Barriers: 0, Oops: 0, ImmediateOops: 0, NonImmediateOops: No
[2,028s][debug][gc,director    ] Rule Major: Warmup 10%, Used: 280MB, UsedThreshold: 1228MB
[2,028s][debug][gc,nmethod     ] Register NMethod: java.lang.invoke.MethodTypeForm.<init> (0x000072e47f4b0608) [0x000072e47f4b0700, 0x000072e47f4b3690] Compiler: c1, Barriers: 28, Oops: 1, ImmediateOops: 7, NonImmediateOops: No
[2,029s][debug][gc,nmethod     ] Register NMethod: java.lang.invoke.MethodHandle.linkToStatic (0x000072e49eca2288) [0x000072e49eca2380, 0x000072e49eca2470] Compiler: , Barriers: 0, Oops: 0, ImmediateOops: 0, NonImmediateOops: No
[2,029s][debug][gc,nmethod     ] Register NMethod: jdk.internal.foreign.NativeMemorySegmentImpl.unsafeGetOffset (0x000072e49eca2588) [0x000072e49eca2680, 0x000072e49eca2740] Compiler: c1, Barriers: 0, Oops: 0, ImmediateOops: 0, NonImmediateOops: No
[2,029s][debug][gc,nmethod     ] Register NMethod: jdk.internal.foreign.NativeMemorySegmentImpl.unsafeGetBase (0x000072e49eca2888) [0x000072e49eca2980, 0x000072e49eca2a48] Compiler: c1, Barriers: 0, Oops: 0, ImmediateOops: 0, NonImmediateOops: No
[2,029s][debug][gc,nmethod     ] Register NMethod: jdk.internal.foreign.layout.AbstractLayout.byteSize (0x000072e49eca2b88) [0x000072e49eca2c80, 0x000072e49eca2d40] Compiler: c1, Barriers: 0, Oops: 0, ImmediateOops: 0, NonImmediateOops: No
[2,029s][debug][gc,nmethod     ] Register NMethod: java.lang.invoke.MethodHandle.linkToStatic (0x000072e49eca2e88) [0x000072e49eca2f80, 0x000072e49eca3070] Compiler: , Barriers: 0, Oops: 0, ImmediateOops: 0, NonImmediateOops: No
[2,030s][debug][gc,nmethod     ] Register NMethod: jdk.internal.foreign.AbstractMemorySegmentImpl.sessionImpl (0x000072e49eca3188) [0x000072e49eca3280, 0x000072e49eca3368] Compiler: c1, Barriers: 1, Oops: 0, ImmediateOops: 0, NonImmediateOops: No
[2,030s][debug][gc,nmethod     ] Register NMethod: jdk.internal.foreign.layout.AbstractLayout.byteAlignment (0x000072e49eca3488) [0x000072e49eca3580, 0x000072e49eca3640] Compiler: c1, Barriers: 0, Oops: 0, ImmediateOops: 0, NonImmediateOops: No
[2,030s][debug][gc,nmethod     ] Register NMethod: jdk.internal.foreign.NativeMemorySegmentImpl.maxAlignMask (0x000072e49eca3788) [0x000072e49eca3880, 0x000072e49eca3940] Compiler: c1, Barriers: 0, Oops: 0, ImmediateOops: 0, NonImmediateOops: No
[2,030s][debug][gc,nmethod     ] Register NMethod: java.lang.invoke.MethodHandle.linkToStatic (0x000072e49eca3a88) [0x000072e49eca3b80, 0x000072e49eca3c70] Compiler: , Barriers: 0, Oops: 0, ImmediateOops: 0, NonImmediateOops: No
[2,030s][debug][gc,nmethod     ] Register NMethod: java.lang.Long.hashCode (0x000072e47f413788) [0x000072e47f413880, 0x000072e47f4139b8] Compiler: c1, Barriers: 0, Oops: 0, ImmediateOops: 0, NonImmediateOops: No
[2,030s][debug][gc,nmethod     ] Register NMethod: jdk.internal.foreign.MemorySessionImpl.checkValidStateRaw (0x000072e47f4b0288) [0x000072e47f4b0380, 0x000072e47f4b05b0] Compiler: c1, Barriers: 2, Oops: 0, ImmediateOops: 2, NonImmediateOops: No
[2,031s][debug][gc,nmethod     ] Register NMethod: io.sirix.page.KeyValueLeafPage.isSlotSet (0x000072e47f4aff88) [0x000072e47f4b0080, 0x000072e47f4b0228] Compiler: c1, Barriers: 1, Oops: 1, ImmediateOops: 0, NonImmediateOops: No
[2,031s][debug][gc,nmethod     ] Register NMethod: jdk.internal.classfile.impl.DirectCodeBuilder$DeferredLabel.<init> (0x000072e47f4afc08) [0x000072e47f4afd00, 0x000072e47f4aff40] Compiler: c1, Barriers: 3, Oops: 0, ImmediateOops: 0, NonImmediateOops: No
[2,031s][debug][gc,nmethod     ] Register NMethod: java.util.Arrays$ArrayItr.next (0x000072e47f4af808) [0x000072e47f4af900, 0x000072e47f4afba0] Compiler: c1, Barriers: 2, Oops: 0, ImmediateOops: 0, NonImmediateOops: No
[2,031s][debug][gc,nmethod     ] Register NMethod: jdk.internal.classfile.impl.DirectCodeBuilder.addLabel (0x000072e47f4aed08) [0x000072e47f4aee00, 0x000072e47f4af7d0] Compiler: c1, Barriers: 9, Oops: 0, ImmediateOops: 0, NonImmediateOops: No
[2,031s][debug][gc,nmethod     ] Register NMethod: jdk.internal.classfile.impl.AbstractPoolEntry.hashClassFromUtf8 (0x000072e47f4ae408) [0x000072e47f4ae500, 0x000072e47f4aeca8] Compiler: c1, Barriers: 2, Oops: 0, ImmediateOops: 2, NonImmediateOops: No
[2,031s][debug][gc,nmethod     ] Register NMethod: java.lang.classfile.CodeBuilder.loadConstant (0x000072e47f4ac608) [0x000072e47f4ac700, 0x000072e47f4ae3c0] Compiler: c1, Barriers: 0, Oops: 0, ImmediateOops: 0, NonImmediateOops: No
[2,031s][debug][gc,nmethod     ] Register NMethod: jdk.internal.foreign.AbstractMemorySegmentImpl.checkReadOnly (0x000072e47f4ac288) [0x000072e47f4ac380, 0x000072e47f4ac5a8] Compiler: c1, Barriers: 0, Oops: 0, ImmediateOops: 1, NonImmediateOops: No
[2,031s][debug][gc,nmethod     ] Register NMethod: jdk.internal.foreign.AbstractMemorySegmentImpl.byteSize (0x000072e49eca3d88) [0x000072e49eca3e80, 0x000072e49eca3f40] Compiler: c1, Barriers: 0, Oops: 0, ImmediateOops: 0, NonImmediateOops: No
[2,031s][debug][gc,nmethod     ] Register NMethod: java.util.BitSet.ensureCapacity (0x000072e47f4abe88) [0x000072e47f4abf80, 0x000072e47f4ac240] Compiler: c1, Barriers: 4, Oops: 0, ImmediateOops: 0, NonImmediateOops: No
[2,031s][debug][gc,nmethod     ] Register NMethod: jdk.internal.foreign.AbstractMemorySegmentImpl.isAlignedForElement (0x000072e47f4abb88) [0x000072e47f4abc80, 0x000072e47f4abe78] Compiler: c1, Barriers: 0, Oops: 0, ImmediateOops: 0, NonImmediateOops: No
[2,031s][debug][gc,nmethod     ] Register NMethod: jdk.internal.foreign.AbstractMemorySegmentImpl.checkAccess (0x000072e47f4ab208) [0x000072e47f4ab300, 0x000072e47f4abb10] Compiler: c1, Barriers: 0, Oops: 0, ImmediateOops: 1, NonImmediateOops: No
[2,031s][debug][gc,nmethod     ] Register NMethod: jdk.internal.foreign.AbstractMemorySegmentImpl.isAlignedForElement (0x000072e47f4aaa88) [0x000072e47f4aab80, 0x000072e47f4ab1a8] Compiler: c1, Barriers: 0, Oops: 0, ImmediateOops: 0, NonImmediateOops: No
[2,032s][debug][gc,nmethod     ] Register NMethod: jdk.internal.foreign.layout.ValueLayouts$AbstractValueLayout.varHandle (0x000072e47f4a9f88) [0x000072e47f4aa080, 0x000072e47f4aaa38] Compiler: c1, Barriers: 4, Oops: 3, ImmediateOops: 3, NonImmediateOops: No
[2,032s][debug][gc,nmethod     ] Register NMethod: jdk.internal.classfile.impl.SplitConstantPool.stringEntry (0x000072e47f4a9388) [0x000072e47f4a9480, 0x000072e47f4a9f70] Compiler: c1, Barriers: 0, Oops: 0, ImmediateOops: 0, NonImmediateOops: No
[2,032s][debug][gc,nmethod     ] Register NMethod: java.lang.classfile.CodeBuilder.ldc (0x000072e47f4a8788) [0x000072e47f4a8880, 0x000072e47f4a9310] Compiler: c1, Barriers: 0, Oops: 0, ImmediateOops: 0, NonImmediateOops: No
[2,032s][debug][gc,nmethod     ] Register NMethod: jdk.internal.classfile.impl.SplitConstantPool.maybeCloneUtf8Entry (0x000072e47f4a7588) [0x000072e47f4a7680, 0x000072e47f4a8720] Compiler: c1, Barriers: 4, Oops: 0, ImmediateOops: 2, NonImmediateOops: No
[2,032s][debug][gc,nmethod     ] Register NMethod: java.lang.classfile.constantpool.ConstantPoolBuilder.stringEntry (0x000072e47f4a6f08) [0x000072e47f4a7000, 0x000072e47f4a7510] Compiler: c1, Barriers: 0, Oops: 0, ImmediateOops: 0, NonImmediateOops: No
[2,032s][debug][gc,nmethod     ] Register NMethod: java.lang.invoke.SegmentVarHandle.offset (0x000072e47f4a6c08) [0x000072e47f4a6d00, 0x000072e47f4a6e18] Compiler: c1, Barriers: 0, Oops: 0, ImmediateOops: 0, NonImmediateOops: No
[2,032s][debug][gc,nmethod     ] Register NMethod: jdk.internal.classfile.impl.SplitConstantPool.findEntry (0x000072e47f4a5608) [0x000072e47f4a5700, 0x000072e47f4a6bb0] Compiler: c1, Barriers: 2, Oops: 0, ImmediateOops: 0, NonImmediateOops: No
[2,032s][debug][gc,nmethod     ] Register NMethod: io.sirix.page.KeyValueLeafPage.isSlotSet (0x000072e49eca4088) [0x000072e49eca4180, 0x000072e49eca4298] Compiler: jvmci, Barriers: 1, Oops: 1, ImmediateOops: 0, NonImmediateOops: No
[2,032s][debug][gc,nmethod     ] Register NMethod: java.lang.classfile.constantpool.ConstantPoolBuilder.loadableConstantEntry (0x000072e47f49fd08) [0x000072e47f49fe00, 0x000072e47f4a5598] Compiler: c1, Barriers: 0, Oops: 1, ImmediateOops: 3, NonImmediateOops: No
[2,033s][debug][gc,nmethod     ] Register NMethod: jdk.internal.misc.Unsafe.checkSize (0x000072e47f49f988) [0x000072e47f49fa80, 0x000072e47f49fce0] Compiler: c1, Barriers: 0, Oops: 0, ImmediateOops: 0, NonImmediateOops: No
[2,033s][debug][gc,nmethod     ] Register NMethod: java.lang.invoke.LambdaForm.constantForm (0x000072e47f49f488) [0x000072e47f49f580, 0x000072e47f49f938] Compiler: c1, Barriers: 1, Oops: 0, ImmediateOops: 1, NonImmediateOops: No
[2,033s][debug][gc,nmethod     ] Register NMethod: java.lang.invoke.BoundMethodHandle.bindSingleL (0x000072e47f49f188) [0x000072e47f49f280, 0x000072e47f49f390] Compiler: c1, Barriers: 0, Oops: 0, ImmediateOops: 0, NonImmediateOops: No
[2,033s][debug][gc,nmethod     ] Register NMethod: java.util.concurrent.ConcurrentHashMap.addCount (0x000072e47f49e308) [0x000072e47f49e400, 0x000072e47f49f158] Compiler: c1, Barriers: 5, Oops: 1, ImmediateOops: 1, NonImmediateOops: No
[2,033s][debug][gc,nmethod     ] Register NMethod: java.lang.invoke.InnerClassLambdaMetafactory$6.accept (0x000072e47f49a888) [0x000072e47f49a980, 0x000072e47f49e2a8] Compiler: c1, Barriers: 30, Oops: 2, ImmediateOops: 7, NonImmediateOops: No
[2,033s][debug][gc,nmethod     ] Register NMethod: jdk.internal.classfile.impl.StackMapGenerator.processLdc (0x000072e47f494b08) [0x000072e47f494c00, 0x000072e47f49a828] Compiler: c1, Barriers: 31, Oops: 2, ImmediateOops: 20, NonImmediateOops: No
[2,033s][debug][gc,nmethod     ] Register NMethod: java.lang.invoke.MethodType.makeImpl (0x000072e49eca4388) [0x000072e49eca4480, 0x000072e49eca4da0] Compiler: jvmci, Barriers: 19, Oops: 3, ImmediateOops: 6, NonImmediateOops: No
[2,033s][debug][gc,nmethod     ] Register NMethod: jdk.internal.foreign.Utils$BaseAndScale.scale (0x000072e49eca4e08) [0x000072e49eca4f00, 0x000072e49eca4fc0] Compiler: c1, Barriers: 0, Oops: 0, ImmediateOops: 0, NonImmediateOops: No
[2,033s][debug][gc,nmethod     ] Register NMethod: io.sirix.node.GrowingMemorySegment.ensureCapacity (0x000072e47f494808) [0x000072e47f494900, 0x000072e47f494a60] Compiler: c1, Barriers: 0, Oops: 1, ImmediateOops: 0, NonImmediateOops: No
[2,033s][debug][gc,nmethod     ] Register NMethod: java.lang.invoke.MethodHandleImpl.makeConstantReturning (0x000072e47f492008) [0x000072e47f492100, 0x000072e47f494798] Compiler: c1, Barriers: 0, Oops: 0, ImmediateOops: 3, NonImmediateOops: No
[2,033s][debug][gc,nmethod     ] Register NMethod: io.sirix.page.KeyValueLeafPage.getSlotAsByteArray (0x000072e47f491808) [0x000072e47f491900, 0x000072e47f491f98] Compiler: c1, Barriers: 0, Oops: 1, ImmediateOops: 1, NonImmediateOops: No
[2,034s][debug][gc,nmethod     ] Register NMethod: jdk.internal.misc.Unsafe.copyMemoryChecks (0x000072e47f490108) [0x000072e47f490200, 0x000072e47f4917b8] Compiler: c1, Barriers: 4, Oops: 0, ImmediateOops: 0, NonImmediateOops: No
[2,034s][debug][gc,nmethod     ] Register NMethod: jdk.internal.misc.Unsafe.copyMemory (0x000072e47f48ea08) [0x000072e47f48eb00, 0x000072e47f4900c0] Compiler: c1, Barriers: 4, Oops: 0, ImmediateOops: 0, NonImmediateOops: No
[2,034s][debug][gc,nmethod     ] Register NMethod: jdk.internal.foreign.AbstractMemorySegmentImpl.isAlignedForElement (0x000072e47f995a08) [0x000072e47f995b00, 0x000072e47f996090] Compiler: c1, Barriers: 0, Oops: 0, ImmediateOops: 0, NonImmediateOops: No
[2,034s][debug][gc,nmethod     ] Register NMethod: jdk.internal.foreign.AbstractMemorySegmentImpl.isAlignedForElement (0x000072e47f996108) [0x000072e47f996200, 0x000072e47f996bc0] Compiler: c1, Barriers: 0, Oops: 0, ImmediateOops: 0, NonImmediateOops: No
[2,034s][debug][gc,nmethod     ] Register NMethod: java.lang.invoke.MethodHandle.invokeBasic (0x000072e49eca5108) [0x000072e49eca5200, 0x000072e49eca5498] Compiler: , Barriers: 0, Oops: 0, ImmediateOops: 0, NonImmediateOops: No
[2,035s][debug][gc,nmethod     ] Register NMethod: jdk.internal.misc.Unsafe.convEndian (0x000072e49eca5508) [0x000072e49eca5600, 0x000072e49eca5698] Compiler: jvmci, Barriers: 0, Oops: 0, ImmediateOops: 0, NonImmediateOops: No
[2,035s][debug][gc,nmethod     ] Register NMethod: java.lang.invoke.VarHandleGuards.guard_LJI_V (0x000072e47f996c08) [0x000072e47f996d00, 0x000072e47f99b908] Compiler: c1, Barriers: 46, Oops: 1, ImmediateOops: 6, NonImmediateOops: No
[2,035s][debug][gc,nmethod     ] Register NMethod: java.lang.Integer.rotateRight (0x000072e47f48e508) [0x000072e47f48e600, 0x000072e47f48e6f0] Compiler: c1, Barriers: 0, Oops: 0, ImmediateOops: 0, NonImmediateOops: No
[2,035s][debug][gc,nmethod     ] Register NMethod: java.nio.ByteBuffer.<init> (0x000072e47f99b988) [0x000072e47f99ba80, 0x000072e47f99bcc8] Compiler: c1, Barriers: 3, Oops: 0, ImmediateOops: 0, NonImmediateOops: No
[2,035s][debug][gc,nmethod     ] Register NMethod: jdk.internal.misc.Unsafe.putIntUnaligned (0x000072e47f99bd08) [0x000072e47f99be00, 0x000072e47f99c030] Compiler: c1, Barriers: 0, Oops: 0, ImmediateOops: 0, NonImmediateOops: No
[2,035s][debug][gc,nmethod     ] Register NMethod: jdk.internal.misc.Unsafe.putIntUnaligned (0x000072e47f99c088) [0x000072e47f99c180, 0x000072e47f99c420] Compiler: c1, Barriers: 0, Oops: 0, ImmediateOops: 0, NonImmediateOops: No
[2,035s][debug][gc,nmethod     ] Register NMethod: java.lang.invoke.MethodHandle.invokeBasic (0x000072e49eca5808) [0x000072e49eca5900, 0x000072e49eca5b98] Compiler: , Barriers: 0, Oops: 0, ImmediateOops: 0, NonImmediateOops: No
[2,036s][debug][gc,nmethod     ] Register NMethod: java.lang.Integer.rotateRight (0x000072e49eca5c08) [0x000072e49eca5d00, 0x000072e49eca5d70] Compiler: jvmci, Barriers: 0, Oops: 0, ImmediateOops: 0, NonImmediateOops: No
[2,036s][debug][gc,nmethod     ] Register NMethod: jdk.internal.misc.Unsafe.checkOffset (0x000072e47f99c488) [0x000072e47f99c580, 0x000072e47f99c7e0] Compiler: c1, Barriers: 0, Oops: 0, ImmediateOops: 0, NonImmediateOops: No
[2,036s][debug][gc,nmethod     ] Register NMethod: java.lang.invoke.VarHandleGuards.guard_LII_V (0x000072e47f99c808) [0x000072e47f99c900, 0x000072e47f9a1500] Compiler: c1, Barriers: 46, Oops: 1, ImmediateOops: 6, NonImmediateOops: No
[2,037s][debug][gc,nmethod     ] Register NMethod: java.lang.reflect.Constructor.getSharedParameterTypes (0x000072e49eca5f08) [0x000072e49eca6000, 0x000072e49eca60e8] Compiler: c1, Barriers: 1, Oops: 0, ImmediateOops: 0, NonImmediateOops: No
[2,038s][debug][gc,nmethod     ] Register NMethod: jdk.internal.classfile.impl.Util.isDoubleSlot (0x000072e47f9a1588) [0x000072e47f9a1680, 0x000072e47f9a17f0] Compiler: c1, Barriers: 0, Oops: 0, ImmediateOops: 2, NonImmediateOops: No
[2,038s][debug][gc,director    ] Rule Major: Warmup 10%, Used: 284MB, UsedThreshold: 1228MB
[2,038s][debug][gc,nmethod     ] Register NMethod: jdk.internal.classfile.impl.Util.parameterSlots (0x000072e47f9a1888) [0x000072e47f9a1980, 0x000072e47f9a1df0] Compiler: c1, Barriers: 3, Oops: 0, ImmediateOops: 2, NonImmediateOops: No
[2,038s][debug][gc,nmethod     ] Register NMethod: java.lang.invoke.MethodHandle.linkToStatic (0x000072e49eca6208) [0x000072e49eca6300, 0x000072e49eca63f0] Compiler: , Barriers: 0, Oops: 0, ImmediateOops: 0, NonImmediateOops: No
[2,039s][debug][gc,nmethod     ] Register NMethod: java.lang.StringConcatHelper.prepend (0x000072e49eca6508) [0x000072e49eca6600, 0x000072e49eca6c20] Compiler: jvmci, Barriers: 2, Oops: 0, ImmediateOops: 0, NonImmediateOops: No
[2,039s][debug][gc,nmethod     ] Register NMethod: java.lang.invoke.MethodHandle.invokeBasic (0x000072e49eca6c88) [0x000072e49eca6d80, 0x000072e49eca7018] Compiler: , Barriers: 0, Oops: 0, ImmediateOops: 0, NonImmediateOops: No
[2,039s][debug][gc,nmethod     ] Register NMethod: java.util.Arrays.copyOf (0x000072e49eca7088) [0x000072e49eca7180, 0x000072e49eca7770] Compiler: jvmci, Barriers: 1, Oops: 0, ImmediateOops: 2, NonImmediateOops: No
[2,039s][debug][gc,nmethod     ] Register NMethod: jdk.internal.foreign.AbstractMemorySegmentImpl.asSlice (0x000072e49eca7788) [0x000072e49eca7880, 0x000072e49eca7b98] Compiler: jvmci, Barriers: 5, Oops: 0, ImmediateOops: 0, NonImmediateOops: No
[2,039s][debug][gc,nmethod     ] Register NMethod: java.lang.invoke.LambdaFormBuffer.changeName (0x000072e47f9a1e08) [0x000072e47f9a1f00, 0x000072e47f9a2970] Compiler: c1, Barriers: 10, Oops: 0, ImmediateOops: 0, NonImmediateOops: No
[2,040s][debug][gc,nmethod     ] Register NMethod: io.sirix.page.KeyValueLeafPage.getSlot (0x000072e47f9a2988) [0x000072e47f9a2a80, 0x000072e47f9b8cb0] Compiler: c1, Barriers: 194, Oops: 13, ImmediateOops: 50, NonImmediateOops: No
[2,040s][debug][gc,nmethod     ] Register NMethod: net.jpountz.util.Native$1.accept (0x000072e47f9b8d88) [0x000072e47f9b8e80, 0x000072e47f9ba138] Compiler: c1, Barriers: 1, Oops: 3, ImmediateOops: 3, NonImmediateOops: No
[2,042s][debug][gc,nmethod     ] Register NMethod: java.lang.String.startsWith (0x000072e49eca7c08) [0x000072e49eca7d00, 0x000072e49eca7ff0] Compiler: jvmci, Barriers: 2, Oops: 0, ImmediateOops: 0, NonImmediateOops: No
[2,043s][debug][gc,nmethod     ] Register NMethod: java.lang.invoke.MethodType.methodType (0x000072e49eca8008) [0x000072e49eca8100, 0x000072e49eca8ed8] Compiler: jvmci, Barriers: 25, Oops: 3, ImmediateOops: 9, NonImmediateOops: No
[2,044s][debug][gc,nmethod     ] Register NMethod: java.util.concurrent.atomic.AtomicLong.get (0x000072e49eca8f08) [0x000072e49eca9000, 0x000072e49eca90c8] Compiler: c1, Barriers: 0, Oops: 0, ImmediateOops: 0, NonImmediateOops: No
[2,045s][debug][gc,nmethod     ] Register NMethod: java.util.concurrent.ForkJoinPool.slotOffset (0x000072e47f9ba188) [0x000072e47f9ba280, 0x000072e47f9ba378] Compiler: c1, Barriers: 0, Oops: 0, ImmediateOops: 0, NonImmediateOops: No
[2,045s][debug][gc,nmethod     ] Register NMethod: jdk.internal.misc.Unsafe.putLongUnaligned (0x000072e47f9ba488) [0x000072e47f9ba580, 0x000072e47f9ba9b8] Compiler: c1, Barriers: 0, Oops: 0, ImmediateOops: 0, NonImmediateOops: No
[2,045s][debug][gc,nmethod     ] Register NMethod: java.lang.invoke.MethodHandle.invokeBasic (0x000072e49eca9208) [0x000072e49eca9300, 0x000072e49eca9598] Compiler: , Barriers: 0, Oops: 0, ImmediateOops: 0, NonImmediateOops: No
[2,045s][debug][gc,nmethod     ] Register NMethod: java.lang.invoke.MethodHandle.linkToSpecial (0x000072e49eca9608) [0x000072e49eca9700, 0x000072e49eca97f8] Compiler: , Barriers: 0, Oops: 0, ImmediateOops: 0, NonImmediateOops: No
[2,045s][debug][gc,nmethod     ] Register NMethod: java.lang.Thread.onSpinWait (0x000072e49eca9908) [0x000072e49eca9a00, 0x000072e49eca9a60] Compiler: jvmci, Barriers: 0, Oops: 0, ImmediateOops: 0, NonImmediateOops: No
[2,046s][debug][gc,nmethod     ] Register NMethod: java.lang.invoke.MethodHandle.invokeBasic (0x000072e49eca9c08) [0x000072e49eca9d00, 0x000072e49eca9f98] Compiler: , Barriers: 0, Oops: 0, ImmediateOops: 0, NonImmediateOops: No
[2,046s][debug][gc,nmethod     ] Register NMethod: java.lang.invoke.MethodHandle.linkToSpecial (0x000072e49ecaa008) [0x000072e49ecaa100, 0x000072e49ecaa1f8] Compiler: , Barriers: 0, Oops: 0, ImmediateOops: 0, NonImmediateOops: No
[2,046s][debug][gc,nmethod     ] Register NMethod: java.lang.ref.Cleaner$1.apply (0x000072e49ecaa308) [0x000072e49ecaa400, 0x000072e49ecaa540] Compiler: jvmci, Barriers: 1, Oops: 0, ImmediateOops: 0, NonImmediateOops: No
[2,046s][debug][gc,nmethod     ] Register NMethod: java.lang.invoke.LambdaForm.methodType (0x000072e47f9baa08) [0x000072e47f9bab00, 0x000072e47f9bb2f8] Compiler: c1, Barriers: 9, Oops: 0, ImmediateOops: 1, NonImmediateOops: No
[2,047s][debug][gc,nmethod     ] Register NMethod: java.lang.reflect.Array.getLength (0x000072e49ecaa608) [0x000072e49ecaa700, 0x000072e49ecaa868] Compiler: , Barriers: 0, Oops: 0, ImmediateOops: 1, NonImmediateOops: No
[2,048s][debug][gc,nmethod     ] Register NMethod: jdk.internal.foreign.layout.ValueLayouts$AbstractValueLayout.carrier (0x000072e49ecaa908) [0x000072e49ecaaa00, 0x000072e49ecaaae8] Compiler: c1, Barriers: 1, Oops: 0, ImmediateOops: 0, NonImmediateOops: No
[2,048s][debug][gc,nmethod     ] Register NMethod: jdk.internal.misc.Unsafe.pick (0x000072e47f9bb308) [0x000072e47f9bb400, 0x000072e47f9bb4f8] Compiler: c1, Barriers: 0, Oops: 0, ImmediateOops: 0, NonImmediateOops: No
[2,048s][debug][gc,nmethod     ] Register NMethod: jdk.internal.foreign.Utils$BaseAndScale.base (0x000072e49ecaac08) [0x000072e49ecaad00, 0x000072e49ecaadc0] Compiler: c1, Barriers: 0, Oops: 0, ImmediateOops: 0, NonImmediateOops: No
[2,048s][debug][gc,nmethod     ] Register NMethod: java.lang.invoke.SegmentVarHandle.offset (0x000072e47f9bb608) [0x000072e47f9bb700, 0x000072e47f9bba00] Compiler: c1, Barriers: 0, Oops: 0, ImmediateOops: 0, NonImmediateOops: No
[2,048s][debug][gc,director    ] Rule Major: Warmup 10%, Used: 284MB, UsedThreshold: 1228MB
[2,049s][debug][gc,nmethod     ] Register NMethod: jdk.internal.foreign.AbstractMemorySegmentImpl.checkEnclosingLayout (0x000072e47f9bba08) [0x000072e47f9bbb00, 0x000072e47f9bee58] Compiler: c1, Barriers: 19, Oops: 1, ImmediateOops: 3, NonImmediateOops: No
[2,049s][debug][gc,nmethod     ] Register NMethod: java.lang.invoke.SegmentVarHandle.checkSegment (0x000072e47f9bee88) [0x000072e47f9bef80, 0x000072e47f9c2898] Compiler: c1, Barriers: 20, Oops: 1, ImmediateOops: 3, NonImmediateOops: No
[2,050s][debug][gc,nmethod     ] Register NMethod: java.lang.invoke.InnerClassLambdaMetafactory.convertArgumentTypes (0x000072e47f9c2908) [0x000072e47f9c2a00, 0x000072e47f9c3f18] Compiler: c1, Barriers: 11, Oops: 0, ImmediateOops: 1, NonImmediateOops: No
[2,050s][debug][gc,nmethod     ] Register NMethod: jdk.internal.classfile.impl.SplitConstantPool.classEntry (0x000072e49ecaaf08) [0x000072e49ecab000, 0x000072e49ecab190] Compiler: jvmci, Barriers: 0, Oops: 0, ImmediateOops: 0, NonImmediateOops: No
[2,050s][debug][gc,nmethod     ] Register NMethod: java.lang.invoke.MethodHandle.linkToSpecial (0x000072e49ecab208) [0x000072e49ecab300, 0x000072e49ecab3f8] Compiler: , Barriers: 0, Oops: 0, ImmediateOops: 0, NonImmediateOops: No
[2,051s][debug][gc,nmethod     ] Register NMethod: java.lang.invoke.MethodHandle.linkToSpecial (0x000072e49ecab508) [0x000072e49ecab600, 0x000072e49ecab6f8] Compiler: , Barriers: 0, Oops: 0, ImmediateOops: 0, NonImmediateOops: No
[2,051s][debug][gc,nmethod     ] Register NMethod: java.lang.invoke.InnerClassLambdaMetafactory$3.accept (0x000072e47f9c3f88) [0x000072e47f9c4080, 0x000072e47f9c5e08] Compiler: c1, Barriers: 13, Oops: 0, ImmediateOops: 4, NonImmediateOops: No
[2,051s][debug][gc,nmethod     ] Register NMethod: java.lang.invoke.MethodHandle.invokeBasic (0x000072e49ecab808) [0x000072e49ecab900, 0x000072e49ecabb98] Compiler: , Barriers: 0, Oops: 0, ImmediateOops: 0, NonImmediateOops: No
[2,051s][debug][gc,nmethod     ] Register NMethod: java.lang.invoke.MethodHandle.linkToSpecial (0x000072e49ecabc08) [0x000072e49ecabd00, 0x000072e49ecabdf8] Compiler: , Barriers: 0, Oops: 0, ImmediateOops: 0, NonImmediateOops: No
[2,051s][debug][gc,nmethod     ] Register NMethod: java.lang.invoke.MethodHandle.linkToSpecial (0x000072e49ecabf08) [0x000072e49ecac000, 0x000072e49ecac0f8] Compiler: , Barriers: 0, Oops: 0, ImmediateOops: 0, NonImmediateOops: No
[2,052s][debug][gc,nmethod     ] Register NMethod: java.lang.classfile.CodeBuilder.putfield (0x000072e47f9c5e88) [0x000072e47f9c5f80, 0x000072e47f9c6290] Compiler: c1, Barriers: 0, Oops: 0, ImmediateOops: 1, NonImmediateOops: No
[2,052s][debug][gc,nmethod     ] Register NMethod: java.lang.invoke.MethodHandle.linkToSpecial (0x000072e49ecac208) [0x000072e49ecac300, 0x000072e49ecac3f8] Compiler: , Barriers: 0, Oops: 0, ImmediateOops: 0, NonImmediateOops: No
[2,052s][debug][gc,nmethod     ] Register NMethod: java.lang.invoke.MethodHandle.invokeBasic (0x000072e49ecac508) [0x000072e49ecac600, 0x000072e49ecac898] Compiler: , Barriers: 0, Oops: 0, ImmediateOops: 0, NonImmediateOops: No
[2,052s][debug][gc,nmethod     ] Register NMethod: java.lang.invoke.MethodHandle.linkToSpecial (0x000072e49ecac908) [0x000072e49ecaca00, 0x000072e49ecacaf8] Compiler: , Barriers: 0, Oops: 0, ImmediateOops: 0, NonImmediateOops: No
[2,052s][debug][gc,nmethod     ] Register NMethod: java.nio.Buffer.session (0x000072e47f486008) [0x000072e47f486100, 0x000072e47f486508] Compiler: c1, Barriers: 1, Oops: 0, ImmediateOops: 0, NonImmediateOops: No
[2,052s][debug][gc,nmethod     ] Register NMethod: jdk.internal.misc.Unsafe.checkNativeAddress (0x000072e47f9c6308) [0x000072e47f9c6400, 0x000072e47f9c6510] Compiler: c1, Barriers: 0, Oops: 0, ImmediateOops: 0, NonImmediateOops: No
[2,052s][debug][gc,nmethod     ] Register NMethod: java.lang.invoke.VarHandleByteArrayAsInts$ArrayHandle.set (0x000072e47f9c6608) [0x000072e47f9c6700, 0x000072e47f9c6eb0] Compiler: c1, Barriers: 0, Oops: 2, ImmediateOops: 2, NonImmediateOops: No
[2,054s][debug][gc,nmethod     ] Register NMethod: jdk.internal.classfile.impl.AbstractPoolEntry$ClassEntryImpl.hashCode (0x000072e49ecacc08) [0x000072e49ecacd00, 0x000072e49ecad258] Compiler: jvmci, Barriers: 7, Oops: 0, ImmediateOops: 2, NonImmediateOops: No
[2,055s][debug][gc,nmethod     ] Register NMethod: java.lang.invoke.MethodHandle.linkToStatic (0x000072e49ecad288) [0x000072e49ecad380, 0x000072e49ecad470] Compiler: , Barriers: 0, Oops: 0, ImmediateOops: 0, NonImmediateOops: No
[2,055s][debug][gc,nmethod     ] Register NMethod: java.lang.invoke.MethodHandle.linkToStatic (0x000072e49ecad588) [0x000072e49ecad680, 0x000072e49ecad770] Compiler: , Barriers: 0, Oops: 0, ImmediateOops: 0, NonImmediateOops: No
[2,057s][debug][gc,nmethod     ] Register NMethod: jdk.internal.classfile.impl.SplitConstantPool.tryFindClassOrInterface (0x000072e49ecad888) [0x000072e49ecad9a0, 0x000072e49ecae2e0] Compiler: jvmci, Barriers: 13, Oops: 0, ImmediateOops: 0, NonImmediateOops: No
[2,058s][debug][gc,nmethod     ] Register NMethod: java.nio.ByteBuffer.limit (0x000072e47f9c6f08) [0x000072e47f9c7000, 0x000072e47f9c7300] Compiler: c1, Barriers: 0, Oops: 0, ImmediateOops: 0, NonImmediateOops: No
[2,058s][debug][gc,nmethod     ] Register NMethod: java.nio.HeapCharBuffer.<init> (0x000072e47f9c7308) [0x000072e47f9c7400, 0x000072e47f9c7578] Compiler: c1, Barriers: 0, Oops: 0, ImmediateOops: 0, NonImmediateOops: No
[2,058s][debug][gc,nmethod     ] Register NMethod: java.nio.CharBuffer.wrap (0x000072e47f9c7608) [0x000072e47f9c7700, 0x000072e47f9c7970] Compiler: c1, Barriers: 0, Oops: 0, ImmediateOops: 0, NonImmediateOops: No
[2,058s][debug][gc,nmethod     ] Register NMethod: sun.nio.cs.UTF_8$Encoder.encodeLoop (0x000072e47f9c7988) [0x000072e47f9c7a80, 0x000072e47f9c8208] Compiler: c1, Barriers: 2, Oops: 0, ImmediateOops: 0, NonImmediateOops: No
[2,058s][debug][gc,nmethod     ] Register NMethod: java.lang.System$1.uncheckedEncodeASCII (0x000072e47f9c8288) [0x000072e47f9c8380, 0x000072e47f9c84c0] Compiler: c1, Barriers: 0, Oops: 0, ImmediateOops: 0, NonImmediateOops: No
[2,058s][debug][gc,nmethod     ] Register NMethod: java.lang.Math.min (0x000072e49ecae308) [0x000072e49ecae400, 0x000072e49ecae468] Compiler: jvmci, Barriers: 0, Oops: 0, ImmediateOops: 0, NonImmediateOops: No
[2,058s][debug][gc,nmethod     ] Register NMethod: java.lang.String.isLatin1 (0x000072e49ecae608) [0x000072e49ecae700, 0x000072e49ecae790] Compiler: jvmci, Barriers: 0, Oops: 0, ImmediateOops: 0, NonImmediateOops: No
[2,058s][debug][gc,nmethod     ] Register NMethod: sun.nio.cs.StreamEncoder.ensureOpen (0x000072e47f9c8588) [0x000072e47f9c8680, 0x000072e47f9c8878] Compiler: c1, Barriers: 0, Oops: 0, ImmediateOops: 1, NonImmediateOops: No
[2,058s][debug][gc,nmethod     ] Register NMethod: sun.nio.cs.StreamEncoder.implWrite (0x000072e47f9c8888) [0x000072e47f9c8980, 0x000072e47f9c8cb8] Compiler: c1, Barriers: 0, Oops: 0, ImmediateOops: 0, NonImmediateOops: No
[2,058s][debug][gc,nmethod     ] Register NMethod: sun.nio.cs.StreamEncoder.implWrite (0x000072e47f9c8d08) [0x000072e47f9c8e00, 0x000072e47f9ca828] Compiler: c1, Barriers: 3, Oops: 0, ImmediateOops: 0, NonImmediateOops: No
[2,058s][debug][gc,nmethod     ] Register NMethod: sun.nio.cs.StreamEncoder.write (0x000072e47f9ca888) [0x000072e47f9ca980, 0x000072e47f9cb468] Compiler: c1, Barriers: 1, Oops: 0, ImmediateOops: 1, NonImmediateOops: No
[2,058s][debug][gc,nmethod     ] Register NMethod: java.lang.Math.round (0x000072e47f9cb488) [0x000072e47f9cb580, 0x000072e47f9cb748] Compiler: c1, Barriers: 0, Oops: 0, ImmediateOops: 0, NonImmediateOops: No
[2,058s][debug][gc,director    ] Rule Major: Warmup 10%, Used: 286MB, UsedThreshold: 1228MB
[2,059s][debug][gc,nmethod     ] Register NMethod: java.util.jar.JarFile.getVersionedEntry (0x000072e49ecae908) [0x000072e49ecaea00, 0x000072e49ecaf6f0] Compiler: jvmci, Barriers: 13, Oops: 2, ImmediateOops: 7, NonImmediateOops: No
[2,059s][debug][gc,nmethod     ] Register NMethod: sun.nio.cs.StreamEncoder.growByteBufferIfNeeded (0x000072e47f9cb788) [0x000072e47f9cb880, 0x000072e47f9cc430] Compiler: c1, Barriers: 6, Oops: 0, ImmediateOops: 0, NonImmediateOops: No
[2,059s][debug][gc,nmethod     ] Register NMethod: sun.nio.fs.UnixPath.<init> (0x000072e47f9cc488) [0x000072e47f9cc580, 0x000072e47f9cc7c8] Compiler: c1, Barriers: 6, Oops: 0, ImmediateOops: 0, NonImmediateOops: No
[2,059s][debug][gc,nmethod     ] Register NMethod: java.nio.charset.CharsetEncoder.encode (0x000072e47f9cc808) [0x000072e47f9cc900, 0x000072e47f9cf6c8] Compiler: c1, Barriers: 5, Oops: 0, ImmediateOops: 5, NonImmediateOops: No
[2,059s][debug][gc,nmethod     ] Register NMethod: sun.nio.cs.UTF_8$Encoder.encodeArrayLoop (0x000072e47f9cf708) [0x000072e47f9cf800, 0x000072e47f9d24b0] Compiler: c1, Barriers: 2, Oops: 1, ImmediateOops: 2, NonImmediateOops: No
[2,059s][debug][gc,nmethod     ] Register NMethod: sun.nio.fs.UnixPath.toUnixPath (0x000072e47f9d2508) [0x000072e47f9d2600, 0x000072e47f9d2c80] Compiler: c1, Barriers: 0, Oops: 0, ImmediateOops: 0, NonImmediateOops: No
[2,060s][debug][gc,nmethod     ] Register NMethod: io.sirix.settings.Fixed.getStandardProperty (0x000072e49ecaf708) [0x000072e49ecaf800, 0x000072e49ecaf8c0] Compiler: c1, Barriers: 0, Oops: 1, ImmediateOops: 0, NonImmediateOops: No
[2,060s][debug][gc,nmethod     ] Register NMethod: jdk.internal.misc.Unsafe.weakCompareAndSetLong (0x000072e47f9d2c88) [0x000072e47f9d2d80, 0x000072e47f9d2ea0] Compiler: c1, Barriers: 0, Oops: 0, ImmediateOops: 0, NonImmediateOops: No
[2,060s][debug][gc,nmethod     ] Register NMethod: jdk.internal.misc.Unsafe.getAndAddLong (0x000072e47f9d2f88) [0x000072e47f9d3080, 0x000072e47f9d3470] Compiler: c1, Barriers: 0, Oops: 0, ImmediateOops: 0, NonImmediateOops: No
[2,060s][debug][gc,nmethod     ] Register NMethod: jdk.internal.foreign.SegmentFactories.initNativeMemory (0x000072e47f9d3488) [0x000072e47f9d3580, 0x000072e47f9d37a0] Compiler: c1, Barriers: 0, Oops: 0, ImmediateOops: 0, NonImmediateOops: No
[2,060s][debug][gc,nmethod     ] Register NMethod: org.magicwerk.brownies.collections.GapList.size (0x000072e49ecafa08) [0x000072e49ecafb00, 0x000072e49ecafbc0] Compiler: c1, Barriers: 0, Oops: 1, ImmediateOops: 0, NonImmediateOops: No
[2,061s][debug][gc,nmethod     ] Register NMethod: jdk.internal.foreign.SegmentFactories.initNativeMemory (0x000072e47f9d3808) [0x000072e47f9d3900, 0x000072e47f9d3aa0] Compiler: c1, Barriers: 0, Oops: 0, ImmediateOops: 0, NonImmediateOops: No
[2,062s][debug][gc,nmethod     ] Register NMethod: jdk.internal.misc.Unsafe.putLongUnaligned (0x000072e49ecafd08) [0x000072e49ecafe00, 0x000072e49ecaff48] Compiler: jvmci, Barriers: 0, Oops: 0, ImmediateOops: 0, NonImmediateOops: No
[2,062s][debug][gc,nmethod     ] Register NMethod: java.util.Arrays.fill (0x000072e49ecb0008) [0x000072e49ecb0100, 0x000072e49ecb02f8] Compiler: jvmci, Barriers: 0, Oops: 0, ImmediateOops: 0, NonImmediateOops: No
[2,063s][debug][gc,nmethod     ] Register NMethod: jdk.internal.misc.Unsafe.putShort (0x000072e49ecb0308) [0x000072e49ecb0400, 0x000072e49ecb0558] Compiler: , Barriers: 0, Oops: 0, ImmediateOops: 0, NonImmediateOops: No
[2,063s][debug][gc,nmethod     ] Register NMethod: io.sirix.node.MemorySegmentBytesOut.writeByte (0x000072e47f9d3b08) [0x000072e47f9d3c00, 0x000072e47f9d3d98] Compiler: c1, Barriers: 1, Oops: 1, ImmediateOops: 0, NonImmediateOops: No
[2,064s][debug][gc,nmethod     ] Register NMethod: jdk.internal.misc.ScopedMemoryAccess.putByteInternal (0x000072e47f9d3e08) [0x000072e47f9d3f00, 0x000072e47f9d4478] Compiler: c1, Barriers: 2, Oops: 0, ImmediateOops: 2, NonImmediateOops: No
[2,064s][debug][gc,nmethod     ] Register NMethod: jdk.internal.misc.ScopedMemoryAccess.putByte (0x000072e47f9d4488) [0x000072e47f9d4580, 0x000072e47f9d51f8] Compiler: c1, Barriers: 3, Oops: 0, ImmediateOops: 2, NonImmediateOops: No
[2,064s][debug][gc,nmethod     ] Register NMethod: jdk.internal.util.Architecture.isLittleEndian (0x000072e49ecb0608) [0x000072e49ecb0700, 0x000072e49ecb07a0] Compiler: c1, Barriers: 0, Oops: 0, ImmediateOops: 0, NonImmediateOops: No
[2,064s][debug][gc,nmethod     ] Register NMethod: java.lang.invoke.DirectMethodHandle$Holder.invokeStatic (0x000072e47f9d5208) [0x000072e47f9d5300, 0x000072e47f9d56c8] Compiler: c1, Barriers: 1, Oops: 0, ImmediateOops: 0, NonImmediateOops: No
[2,064s][debug][gc,nmethod     ] Register NMethod: io.sirix.page.KeyValueLeafPage.alignOffset (0x000072e47f9d5708) [0x000072e47f9d5800, 0x000072e47f9d58e8] Compiler: c1, Barriers: 0, Oops: 1, ImmediateOops: 0, NonImmediateOops: No
[2,064s][debug][gc,nmethod     ] Register NMethod: java.lang.invoke.Invokers$Holder.linkToTargetMethod (0x000072e47f9d5a08) [0x000072e47f9d5b00, 0x000072e47f9d5ff8] Compiler: c1, Barriers: 0, Oops: 0, ImmediateOops: 0, NonImmediateOops: No
[2,064s][debug][gc,nmethod     ] Register NMethod: jdk.internal.misc.ScopedMemoryAccess.copyMemory (0x000072e47f9d6008) [0x000072e47f9d6100, 0x000072e47f9d7478] Compiler: c1, Barriers: 5, Oops: 0, ImmediateOops: 5, NonImmediateOops: No
[2,065s][debug][gc,nmethod     ] Register NMethod: io.sirix.node.GrowingMemorySegment.writeByte (0x000072e47f9d7488) [0x000072e47f9d7580, 0x000072e47f9db1b0] Compiler: c1, Barriers: 5, Oops: 6, ImmediateOops: 10, NonImmediateOops: No
[2,065s][debug][gc,nmethod     ] Register NMethod: jdk.internal.misc.ScopedMemoryAccess.copyMemoryInternal (0x000072e47f9db208) [0x000072e47f9db300, 0x000072e47f9dbf60] Compiler: c1, Barriers: 4, Oops: 0, ImmediateOops: 5, NonImmediateOops: No
[2,065s][debug][gc,nmethod     ] Register NMethod: jdk.internal.foreign.AbstractMemorySegmentImpl.set (0x000072e47f9dbf88) [0x000072e47f9dc080, 0x000072e47f9e1600] Compiler: c1, Barriers: 42, Oops: 6, ImmediateOops: 18, NonImmediateOops: No
[2,065s][debug][gc,nmethod     ] Register NMethod: jdk.internal.foreign.Utils.isElementAligned (0x000072e47f9e1688) [0x000072e47f9e1780, 0x000072e47f9e1ce0] Compiler: c1, Barriers: 0, Oops: 0, ImmediateOops: 0, NonImmediateOops: No
[2,065s][debug][gc,nmethod     ] Register NMethod: java.lang.invoke.VarHandleSegmentAsBytes.set (0x000072e47f9e1d08) [0x000072e47f9e1e00, 0x000072e47f9e71a0] Compiler: c1, Barriers: 24, Oops: 2, ImmediateOops: 6, NonImmediateOops: No
[2,065s][debug][gc,nmethod     ] Register NMethod: jdk.internal.foreign.Utils.checkElementAlignment (0x000072e47f9e7208) [0x000072e47f9e7300, 0x000072e47f9e79a8] Compiler: c1, Barriers: 0, Oops: 0, ImmediateOops: 0, NonImmediateOops: No
[2,065s][debug][gc,nmethod     ] Register NMethod: jdk.internal.misc.ScopedMemoryAccess.putIntUnalignedInternal (0x000072e47f9e7a08) [0x000072e47f9e7b00, 0x000072e47f9e8288] Compiler: c1, Barriers: 2, Oops: 0, ImmediateOops: 3, NonImmediateOops: No
[2,065s][debug][gc,nmethod     ] Register NMethod: jdk.internal.misc.ScopedMemoryAccess.getScopedMemoryAccess (0x000072e47f9e8308) [0x000072e47f9e8400, 0x000072e47f9e84e8] Compiler: c1, Barriers: 0, Oops: 0, ImmediateOops: 1, NonImmediateOops: No
[2,065s][debug][gc,nmethod     ] Register NMethod: java.lang.invoke.VarHandleSegmentAsBytes.set (0x000072e47f9e8608) [0x000072e47f9e8700, 0x000072e47f9ed840] Compiler: c1, Barriers: 24, Oops: 2, ImmediateOops: 6, NonImmediateOops: No
[2,065s][debug][gc,nmethod     ] Register NMethod: jdk.internal.misc.ScopedMemoryAccess.putIntUnaligned (0x000072e47f9ed888) [0x000072e47f9ed980, 0x000072e47f9ee808] Compiler: c1, Barriers: 3, Oops: 0, ImmediateOops: 3, NonImmediateOops: No
[2,066s][debug][gc,nmethod     ] Register NMethod: java.lang.Class.componentType (0x000072e47f9ee888) [0x000072e47f9ee980, 0x000072e47f9eec80] Compiler: c1, Barriers: 1, Oops: 0, ImmediateOops: 0, NonImmediateOops: No
[2,066s][debug][gc,nmethod     ] Register NMethod: jdk.internal.foreign.Utils$BaseAndScale$$TypeSwitch/0x00000000b32257f0.typeSwitch (0x000072e47f9eec88) [0x000072e47f9eed80, 0x000072e47f9f00a8] Compiler: c1, Barriers: 0, Oops: 0, ImmediateOops: 0, NonImmediateOops: No
[2,066s][debug][gc,nmethod     ] Register NMethod: jdk.internal.foreign.Utils$BaseAndScale.of (0x000072e47f9f0108) [0x000072e47f9f0200, 0x000072e47f9f1818] Compiler: c1, Barriers: 1, Oops: 2, ImmediateOops: 10, NonImmediateOops: No
[2,067s][debug][gc,nmethod     ] Register NMethod: io.sirix.page.PageReference.setPage (0x000072e49ecb0908) [0x000072e49ecb0a00, 0x000072e49ecb0b30] Compiler: c1, Barriers: 3, Oops: 1, ImmediateOops: 0, NonImmediateOops: No
[2,067s][debug][gc,nmethod     ] Register NMethod: jdk.internal.foreign.AbstractMemorySegmentImpl.set (0x000072e47f9f1888) [0x000072e47f9f1980, 0x000072e47f9f6f00] Compiler: c1, Barriers: 42, Oops: 6, ImmediateOops: 18, NonImmediateOops: No
[2,067s][debug][gc,nmethod     ] Register NMethod: java.lang.invoke.VarHandleSegmentAsInts.set (0x000072e47f9f6f88) [0x000072e47f9f7080, 0x000072e47f9fc650] Compiler: c1, Barriers: 24, Oops: 2, ImmediateOops: 7, NonImmediateOops: No
[2,069s][debug][gc,director    ] Rule Major: Warmup 10%, Used: 290MB, UsedThreshold: 1228MB
[2,069s][debug][gc,nmethod     ] Register NMethod: jdk.internal.util.ReferencedKeyMap.getNoCheckStale (0x000072e49ecb0c08) [0x000072e49ecb0d00, 0x000072e49ecb2260] Compiler: jvmci, Barriers: 36, Oops: 1, ImmediateOops: 1, NonImmediateOops: No
[2,070s][debug][gc,nmethod     ] Register NMethod: java.lang.Thread.isInterrupted (0x000072e49ecb2288) [0x000072e49ecb2380, 0x000072e49ecb2440] Compiler: c1, Barriers: 0, Oops: 0, ImmediateOops: 0, NonImmediateOops: No
[2,070s][debug][gc,nmethod     ] Register NMethod: net.jpountz.util.SafeUtils.checkRange (0x000072e47f9fc688) [0x000072e47f9fc780, 0x000072e47f9fc980] Compiler: c1, Barriers: 0, Oops: 1, ImmediateOops: 0, NonImmediateOops: No
[2,072s][debug][gc,nmethod     ] Register NMethod: java.util.concurrent.locks.AbstractQueuedSynchronizer.compareAndSetState (0x000072e47f9fca08) [0x000072e47f9fcb00, 0x000072e47f9fcc18] Compiler: c1, Barriers: 0, Oops: 0, ImmediateOops: 0, NonImmediateOops: No
[2,072s][debug][gc,nmethod     ] Register NMethod: sun.nio.fs.UnixPath.getFileSystem (0x000072e47f9fcd08) [0x000072e47f9fce00, 0x000072e47f9fcf58] Compiler: c1, Barriers: 1, Oops: 0, ImmediateOops: 0, NonImmediateOops: No
[2,072s][debug][gc,nmethod     ] Register NMethod: java.io.OutputStreamWriter.write (0x000072e47f9fd008) [0x000072e47f9fd100, 0x000072e47f9fd430] Compiler: c1, Barriers: 1, Oops: 0, ImmediateOops: 0, NonImmediateOops: No
[2,072s][debug][gc,nmethod     ] Register NMethod: sun.nio.cs.StreamEncoder.write (0x000072e47f9fd488) [0x000072e47f9fd580, 0x000072e47f9fd918] Compiler: c1, Barriers: 0, Oops: 0, ImmediateOops: 0, NonImmediateOops: No
[2,072s][debug][gc,nmethod     ] Register NMethod: jdk.internal.misc.VM.isModuleSystemInited (0x000072e47f9fd988) [0x000072e47f9fda80, 0x000072e47f9fdbc0] Compiler: c1, Barriers: 0, Oops: 0, ImmediateOops: 1, NonImmediateOops: No
[2,072s][debug][gc,nmethod     ] Register NMethod: sun.nio.fs.UnixPath.isEmpty (0x000072e47f9fdc88) [0x000072e47f9fdd80, 0x000072e47f9fdf08] Compiler: c1, Barriers: 1, Oops: 0, ImmediateOops: 0, NonImmediateOops: No
[2,073s][debug][gc,nmethod     ] Register NMethod: java.util.concurrent.ConcurrentHashMap$Node.<init> (0x000072e49ecb2588) [0x000072e49ecb2680, 0x000072e49ecb27e0] Compiler: jvmci, Barriers: 6, Oops: 0, ImmediateOops: 0, NonImmediateOops: No
[2,073s][debug][gc,nmethod     ] Register NMethod: com.google.gson.stream.JsonReader.nextNonWhitespace (0x000072e47f9fdf88) [0x000072e47f9fe080, 0x000072e47fa01d28] Compiler: c1, Barriers: 1, Oops: 4, ImmediateOops: 9, NonImmediateOops: No
[2,073s][debug][gc,nmethod     ] Register NMethod: io.sirix.access.trx.page.NodeStorageEngineReader.assertNotClosed (0x000072e47fa01d88) [0x000072e47fa01e80, 0x000072e47fa02098] Compiler: c1, Barriers: 0, Oops: 1, ImmediateOops: 1, NonImmediateOops: No
[2,073s][debug][gc,nmethod     ] Register NMethod: io.sirix.page.PageReference.getLogKey (0x000072e49ecb2888) [0x000072e49ecb2980, 0x000072e49ecb2a40] Compiler: c1, Barriers: 0, Oops: 1, ImmediateOops: 0, NonImmediateOops: No
[2,073s][debug][gc,nmethod     ] Register NMethod: io.sirix.page.RevisionRootPage.delegate (0x000072e49ecb2b88) [0x000072e49ecb2c80, 0x000072e49ecb2d68] Compiler: c1, Barriers: 1, Oops: 1, ImmediateOops: 0, NonImmediateOops: No
[2,073s][debug][gc,nmethod     ] Register NMethod: java.util.BitSet.recalculateWordsInUse (0x000072e47fa02108) [0x000072e47fa02200, 0x000072e47fa02440] Compiler: c1, Barriers: 1, Oops: 0, ImmediateOops: 0, NonImmediateOops: No
[2,073s][debug][gc,nmethod     ] Register NMethod: jdk.internal.misc.Unsafe.getReference (0x000072e49ecb2e88) [0x000072e49ecb2f80, 0x000072e49ecb32b0] Compiler: , Barriers: 0, Oops: 0, ImmediateOops: 0, NonImmediateOops: No
[2,073s][debug][gc,nmethod     ] Register NMethod: io.sirix.cache.PageContainer.getModified (0x000072e49ecb3308) [0x000072e49ecb3400, 0x000072e49ecb34e8] Compiler: c1, Barriers: 1, Oops: 1, ImmediateOops: 0, NonImmediateOops: No
[2,076s][debug][gc,nmethod     ] Register NMethod: jdk.internal.misc.Unsafe.allocateMemory0 (0x000072e49ecb3608) [0x000072e49ecb3700, 0x000072e49ecb3858] Compiler: , Barriers: 0, Oops: 0, ImmediateOops: 0, NonImmediateOops: No
[2,076s][debug][gc,nmethod     ] Register NMethod: jdk.internal.misc.Unsafe.convEndian (0x000072e47fa02488) [0x000072e47fa02580, 0x000072e47fa026d8] Compiler: c1, Barriers: 0, Oops: 0, ImmediateOops: 0, NonImmediateOops: No
[2,076s][debug][gc,nmethod     ] Register NMethod: io.sirix.node.MemorySegmentBytesOut.writeInt (0x000072e47fa02788) [0x000072e47fa02880, 0x000072e47fa02a18] Compiler: c1, Barriers: 1, Oops: 1, ImmediateOops: 0, NonImmediateOops: No
[2,076s][debug][gc,nmethod     ] Register NMethod: jdk.internal.misc.ScopedMemoryAccess.getIntUnalignedInternal (0x000072e47fa02a88) [0x000072e47fa02b80, 0x000072e47fa032f8] Compiler: c1, Barriers: 2, Oops: 0, ImmediateOops: 3, NonImmediateOops: No
[2,076s][debug][gc,nmethod     ] Register NMethod: jdk.internal.foreign.MemorySessionImpl.checkValidState (0x000072e47fa03308) [0x000072e47fa03400, 0x000072e47fa03ee8] Compiler: c1, Barriers: 3, Oops: 0, ImmediateOops: 2, NonImmediateOops: No
[2,076s][debug][gc,nmethod     ] Register NMethod: jdk.internal.misc.ScopedMemoryAccess.getIntUnaligned (0x000072e47fa03f08) [0x000072e47fa04000, 0x000072e47fa04e68] Compiler: c1, Barriers: 3, Oops: 0, ImmediateOops: 3, NonImmediateOops: No
[2,077s][debug][gc,nmethod     ] Register NMethod: net.jpountz.lz4.LZ4BlockOutputStream.writeIntLE (0x000072e47fa04e88) [0x000072e47fa04f80, 0x000072e47fa05108] Compiler: c1, Barriers: 0, Oops: 1, ImmediateOops: 0, NonImmediateOops: No
[2,077s][debug][gc,nmethod     ] Register NMethod: io.sirix.node.GrowingMemorySegment.writeInt (0x000072e47fa05188) [0x000072e47fa05280, 0x000072e47fa090c0] Compiler: c1, Barriers: 5, Oops: 6, ImmediateOops: 11, NonImmediateOops: No
[2,077s][debug][gc,nmethod     ] Register NMethod: java.util.Arrays.fill (0x000072e49ecb3908) [0x000072e49ecb3a00, 0x000072e49ecb3bb0] Compiler: jvmci, Barriers: 0, Oops: 0, ImmediateOops: 0, NonImmediateOops: No
[2,077s][debug][gc,nmethod     ] Register NMethod: jdk.internal.foreign.SegmentFactories.initNativeMemory (0x000072e49ecb3c08) [0x000072e49ecb3d00, 0x000072e49ecb3fa8] Compiler: jvmci, Barriers: 0, Oops: 0, ImmediateOops: 0, NonImmediateOops: No
[2,077s][debug][gc,nmethod     ] Register NMethod: io.sirix.access.trx.page.NodeStorageEngineWriter.delegate (0x000072e49ecb4008) [0x000072e49ecb4100, 0x000072e49ecb41e8] Compiler: c1, Barriers: 1, Oops: 1, ImmediateOops: 0, NonImmediateOops: No
[2,077s][debug][gc,nmethod     ] Register NMethod: io.sirix.node.MemorySegmentBytesOut.write (0x000072e47fa09108) [0x000072e47fa09200, 0x000072e47fa09418] Compiler: c1, Barriers: 1, Oops: 1, ImmediateOops: 0, NonImmediateOops: No
[2,078s][debug][gc,nmethod     ] Register NMethod: io.sirix.node.GrowingMemorySegment.position (0x000072e49ecb4308) [0x000072e49ecb4400, 0x000072e49ecb44c0] Compiler: c1, Barriers: 0, Oops: 1, ImmediateOops: 0, NonImmediateOops: No
[2,078s][debug][gc,nmethod     ] Register NMethod: java.lang.Math.max (0x000072e49ecb4608) [0x000072e49ecb4700, 0x000072e49ecb4770] Compiler: jvmci, Barriers: 0, Oops: 0, ImmediateOops: 0, NonImmediateOops: No
[2,079s][debug][gc,nmethod     ] Register NMethod: io.sirix.node.GrowingMemorySegment.write (0x000072e47fa09488) [0x000072e47fa09580, 0x000072e47fa0f118] Compiler: c1, Barriers: 7, Oops: 6, ImmediateOops: 13, NonImmediateOops: No
[2,079s][debug][gc,nmethod     ] Register NMethod: java.io.OutputStream.<init> (0x000072e47fa0f188) [0x000072e47fa0f280, 0x000072e47fa0f3d8] Compiler: c1, Barriers: 0, Oops: 0, ImmediateOops: 0, NonImmediateOops: No
[2,079s][debug][gc,director    ] Rule Major: Warmup 10%, Used: 292MB, UsedThreshold: 1228MB
[2,079s][debug][gc,nmethod     ] Register NMethod: jdk.internal.foreign.AbstractMemorySegmentImpl.copy (0x000072e47fa0f488) [0x000072e47fa0f580, 0x000072e47fa17168] Compiler: c1, Barriers: 10, Oops: 3, ImmediateOops: 15, NonImmediateOops: No
[2,079s][debug][gc,nmethod     ] Register NMethod: jdk.internal.foreign.AbstractMemorySegmentImpl.asSlice (0x000072e49ecb4908) [0x000072e49ecb4a00, 0x000072e49ecb4d18] Compiler: jvmci, Barriers: 5, Oops: 0, ImmediateOops: 0, NonImmediateOops: No
[2,080s][debug][gc,nmethod     ] Register NMethod: java.lang.foreign.MemorySegment.copy (0x000072e47fa17188) [0x000072e47fa17280, 0x000072e47fa1f270] Compiler: c1, Barriers: 10, Oops: 3, ImmediateOops: 15, NonImmediateOops: No
[2,082s][debug][gc,nmethod     ] Register NMethod: io.sirix.page.KeyValueLeafPage.getSlot (0x000072e49ecb4d88) [0x000072e49ecb4e80, 0x000072e49ecb55c8] Compiler: jvmci, Barriers: 9, Oops: 4, ImmediateOops: 0, NonImmediateOops: No
[2,083s][debug][gc,nmethod     ] Register NMethod: java.lang.Integer.valueOf (0x000072e49ecb5608) [0x000072e49ecb5700, 0x000072e49ecb5870] Compiler: jvmci, Barriers: 1, Oops: 0, ImmediateOops: 1, NonImmediateOops: No
[2,084s][debug][gc,nmethod     ] Register NMethod: io.sirix.page.KeyValueLeafPage.getSlotAsByteArray (0x000072e49ecb5908) [0x000072e49ecb5a00, 0x000072e49ecb6240] Compiler: jvmci, Barriers: 9, Oops: 4, ImmediateOops: 4, NonImmediateOops: No
[2,084s][debug][gc,nmethod     ] Register NMethod: java.util.concurrent.locks.AbstractQueuedSynchronizer.release (0x000072e47fa1f308) [0x000072e47fa1f400, 0x000072e47fa20238] Compiler: c1, Barriers: 3, Oops: 0, ImmediateOops: 2, NonImmediateOops: No
[2,084s][debug][gc,nmethod     ] Register NMethod: java.util.concurrent.locks.ReentrantLock$Sync.tryRelease (0x000072e47fa20288) [0x000072e47fa20380, 0x000072e47fa20e80] Compiler: c1, Barriers: 5, Oops: 0, ImmediateOops: 0, NonImmediateOops: No
[2,085s][debug][gc,nmethod     ] Register NMethod: java.lang.StringLatin1.getChars (0x000072e47fa20e88) [0x000072e47fa20f80, 0x000072e47fa210a0] Compiler: c1, Barriers: 0, Oops: 0, ImmediateOops: 0, NonImmediateOops: No
[2,085s][debug][gc,nmethod     ] Register NMethod: sun.nio.cs.StreamEncoder.write (0x000072e47fa21188) [0x000072e47fa21280, 0x000072e47fa21918] Compiler: c1, Barriers: 0, Oops: 0, ImmediateOops: 0, NonImmediateOops: No
[2,085s][debug][gc,nmethod     ] Register NMethod: java.lang.String.getChars (0x000072e47fa21988) [0x000072e47fa21a80, 0x000072e47fa226c0] Compiler: c1, Barriers: 1, Oops: 1, ImmediateOops: 2, NonImmediateOops: No
[2,085s][debug][gc,nmethod     ] Register NMethod: com.google.gson.stream.JsonWriter.string (0x000072e47fa22708) [0x000072e47fa22800, 0x000072e47fa24bc8] Compiler: c1, Barriers: 10, Oops: 2, ImmediateOops: 6, NonImmediateOops: No
[2,085s][debug][gc,nmethod     ] Register NMethod: java.util.concurrent.atomic.AtomicReference.get (0x000072e49ecb6288) [0x000072e49ecb6380, 0x000072e49ecb6468] Compiler: c1, Barriers: 1, Oops: 0, ImmediateOops: 0, NonImmediateOops: No
[2,085s][debug][gc,nmethod     ] Register NMethod: sun.nio.fs.UnixPath.getByteArrayForSysCalls (0x000072e47fa24c08) [0x000072e47fa24d00, 0x000072e47fa254f8] Compiler: c1, Barriers: 4, Oops: 0, ImmediateOops: 0, NonImmediateOops: No
[2,086s][debug][gc,nmethod     ] Register NMethod: com.google.gson.stream.JsonReader.nextQuotedValue (0x000072e47fa25508) [0x000072e47fa25600, 0x000072e47fa27b60] Compiler: c1, Barriers: 1, Oops: 2, ImmediateOops: 3, NonImmediateOops: No
[2,086s][debug][gc,nmethod     ] Register NMethod: io.sirix.page.PageReference.getPage (0x000072e49ecb6588) [0x000072e49ecb6680, 0x000072e49ecb6768] Compiler: c1, Barriers: 1, Oops: 1, ImmediateOops: 0, NonImmediateOops: No
[2,086s][debug][gc,nmethod     ] Register NMethod: java.lang.Long.bitCount (0x000072e47fa27b88) [0x000072e47fa27c80, 0x000072e47fa27de8] Compiler: c1, Barriers: 0, Oops: 0, ImmediateOops: 0, NonImmediateOops: No
[2,086s][debug][gc,nmethod     ] Register NMethod: io.sirix.page.RevisionRootPage.getRevision (0x000072e49ecb6888) [0x000072e49ecb6980, 0x000072e49ecb6a40] Compiler: c1, Barriers: 0, Oops: 1, ImmediateOops: 0, NonImmediateOops: No
[2,086s][debug][gc,nmethod     ] Register NMethod: java.lang.Long.hashCode (0x000072e49ecb6b88) [0x000072e49ecb6c80, 0x000072e49ecb6cf0] Compiler: jvmci, Barriers: 0, Oops: 0, ImmediateOops: 0, NonImmediateOops: No
[2,087s][debug][gc,nmethod     ] Register NMethod: sun.nio.fs.NativeBuffer.release (0x000072e47fa27e88) [0x000072e47fa27f80, 0x000072e47fa280b0] Compiler: c1, Barriers: 0, Oops: 0, ImmediateOops: 0, NonImmediateOops: No
[2,087s][debug][gc,nmethod     ] Register NMethod: sun.nio.fs.NativeBuffer.close (0x000072e47fa28188) [0x000072e47fa28280, 0x000072e47fa28420] Compiler: c1, Barriers: 0, Oops: 0, ImmediateOops: 0, NonImmediateOops: No
[2,087s][debug][gc,nmethod     ] Register NMethod: sun.nio.fs.UnixNativeDispatcher.copyToNativeBuffer (0x000072e47fa28488) [0x000072e47fa28580, 0x000072e47fa28a30] Compiler: c1, Barriers: 4, Oops: 0, ImmediateOops: 0, NonImmediateOops: No
[2,087s][debug][gc,nmethod     ] Register NMethod: sun.nio.fs.NativeBuffers.getNativeBufferFromCache (0x000072e47fa28a88) [0x000072e47fa28b80, 0x000072e47fa29788] Compiler: c1, Barriers: 4, Oops: 1, ImmediateOops: 2, NonImmediateOops: No
[2,087s][debug][gc,nmethod     ] Register NMethod: sun.nio.fs.NativeBuffers.releaseNativeBuffer (0x000072e47fa29808) [0x000072e47fa29900, 0x000072e47fa2ce38] Compiler: c1, Barriers: 15, Oops: 2, ImmediateOops: 7, NonImmediateOops: No
[2,087s][debug][gc,nmethod     ] Register NMethod: net.jpountz.xxhash.XXHashJNI.XXH32_init (0x000072e49ecb6e88) [0x000072e49ecb6f80, 0x000072e49ecb70e8] Compiler: , Barriers: 0, Oops: 1, ImmediateOops: 1, NonImmediateOops: No
[2,088s][debug][gc,nmethod     ] Register NMethod: jdk.internal.foreign.SegmentFactories.initNativeMemory (0x000072e49ecb7188) [0x000072e49ecb7280, 0x000072e49ecb7428] Compiler: jvmci, Barriers: 0, Oops: 0, ImmediateOops: 0, NonImmediateOops: No
[2,089s][debug][gc,director    ] Rule Major: Warmup 10%, Used: 294MB, UsedThreshold: 1228MB
[2,089s][debug][gc,nmethod     ] Register NMethod: jdk.internal.foreign.Utils.checkNonNegativeIndex (0x000072e47fa2ce88) [0x000072e47fa2cf80, 0x000072e47fa2e148] Compiler: c1, Barriers: 0, Oops: 2, ImmediateOops: 3, NonImmediateOops: No
[2,089s][debug][gc,nmethod     ] Register NMethod: jdk.internal.foreign.HeapMemorySegmentImpl.unsafeGetOffset (0x000072e49ecb7488) [0x000072e49ecb7580, 0x000072e49ecb7640] Compiler: c1, Barriers: 0, Oops: 0, ImmediateOops: 0, NonImmediateOops: No
[2,089s][debug][gc,nmethod     ] Register NMethod: jdk.internal.misc.Unsafe.getReferenceAcquire (0x000072e49ecb7788) [0x000072e49ecb7880, 0x000072e49ecb7930] Compiler: jvmci, Barriers: 1, Oops: 0, ImmediateOops: 0, NonImmediateOops: No
[2,089s][debug][gc,nmethod     ] Register NMethod: sun.security.provider.SHA2.implCompress0 (0x000072e47fa2e188) [0x000072e47fa2e280, 0x000072e47fa2ef30] Compiler: c1, Barriers: 8, Oops: 0, ImmediateOops: 1, NonImmediateOops: No
[2,089s][debug][gc,nmethod     ] Register NMethod: io.sirix.page.PageReference.getHash (0x000072e49ecb7a88) [0x000072e49ecb7b80, 0x000072e49ecb7c68] Compiler: c1, Barriers: 1, Oops: 1, ImmediateOops: 0, NonImmediateOops: No
[2,090s][debug][gc,nmethod     ] Register NMethod: java.util.concurrent.atomic.AtomicLong.incrementAndGet (0x000072e47fa2ef88) [0x000072e47fa2f080, 0x000072e47fa2f198] Compiler: c1, Barriers: 0, Oops: 0, ImmediateOops: 0, NonImmediateOops: No
[2,090s][debug][gc,nmethod     ] Register NMethod: io.sirix.cache.PageContainer.getComplete (0x000072e49ecb7d88) [0x000072e49ecb7e80, 0x000072e49ecb7f68] Compiler: c1, Barriers: 1, Oops: 1, ImmediateOops: 0, NonImmediateOops: No
[2,090s][debug][gc,nmethod     ] Register NMethod: java.nio.channels.spi.AbstractInterruptibleChannel.isOpen (0x000072e47fa2f288) [0x000072e47fa2f380, 0x000072e47fa2f4d0] Compiler: c1, Barriers: 0, Oops: 0, ImmediateOops: 0, NonImmediateOops: No
[2,090s][debug][gc,nmethod     ] Register NMethod: sun.security.provider.DigestBase.engineGetDigestLength (0x000072e49ecb8088) [0x000072e49ecb8180, 0x000072e49ecb8240] Compiler: c1, Barriers: 0, Oops: 0, ImmediateOops: 0, NonImmediateOops: No
[2,090s][debug][gc,nmethod     ] Register NMethod: sun.nio.ch.NativeThread.current0 (0x000072e49ecb8388) [0x000072e49ecb8480, 0x000072e49ecb85d8] Compiler: , Barriers: 0, Oops: 0, ImmediateOops: 1, NonImmediateOops: No
[2,090s][debug][gc,nmethod     ] Register NMethod: io.sirix.access.trx.node.AbstractResourceSession.assertNotClosed (0x000072e47fa2f588) [0x000072e47fa2f680, 0x000072e47fa2f888] Compiler: c1, Barriers: 0, Oops: 1, ImmediateOops: 1, NonImmediateOops: No
[2,092s][debug][gc,nmethod     ] Register NMethod: java.lang.Thread.blockedOn (0x000072e47fa2f908) [0x000072e47fa2fa00, 0x000072e47fa2fd38] Compiler: c1, Barriers: 4, Oops: 0, ImmediateOops: 0, NonImmediateOops: No
[2,092s][debug][gc,nmethod     ] Register NMethod: java.lang.System$1.blockedOn (0x000072e47fa2fd88) [0x000072e47fa2fe80, 0x000072e47fa30420] Compiler: c1, Barriers: 5, Oops: 0, ImmediateOops: 0, NonImmediateOops: No
[2,092s][debug][gc,nmethod     ] Register NMethod: java.nio.channels.spi.AbstractInterruptibleChannel.blockedOn (0x000072e47fa30488) [0x000072e47fa30580, 0x000072e47fa30c40] Compiler: c1, Barriers: 6, Oops: 0, ImmediateOops: 1, NonImmediateOops: No
[2,093s][debug][gc,nmethod     ] Register NMethod: java.lang.invoke.VarHandleGuards.guard_LI_I (0x000072e49ecb8688) [0x000072e49ecb8780, 0x000072e49ecb8eb8] Compiler: jvmci, Barriers: 23, Oops: 0, ImmediateOops: 5, NonImmediateOops: No
[2,094s][debug][gc,nmethod     ] Register NMethod: java.nio.file.Files.provider (0x000072e47fa30c88) [0x000072e47fa30d80, 0x000072e47fa31158] Compiler: c1, Barriers: 2, Oops: 0, ImmediateOops: 0, NonImmediateOops: No
[2,094s][debug][gc,nmethod     ] Register NMethod: com.google.gson.stream.JsonWriter.replaceTop (0x000072e47fa31188) [0x000072e47fa31280, 0x000072e47fa313e0] Compiler: c1, Barriers: 1, Oops: 1, ImmediateOops: 0, NonImmediateOops: No
[2,094s][debug][gc,nmethod     ] Register NMethod: com.google.gson.stream.JsonWriter.peek (0x000072e47fa31488) [0x000072e47fa31580, 0x000072e47fa317e8] Compiler: c1, Barriers: 1, Oops: 1, ImmediateOops: 1, NonImmediateOops: No
[2,094s][debug][gc,nmethod     ] Register NMethod: java.util.BitSet.cardinality (0x000072e47fa31808) [0x000072e47fa31900, 0x000072e47fa31b60] Compiler: c1, Barriers: 1, Oops: 0, ImmediateOops: 0, NonImmediateOops: No
[2,095s][debug][gc,nmethod     ] Register NMethod: io.sirix.page.AbstractForwardingPage.getOrCreateReference (0x000072e47fa31b88) [0x000072e47fa31c80, 0x000072e47fa32190] Compiler: c1, Barriers: 0, Oops: 1, ImmediateOops: 0, NonImmediateOops: No
[2,095s][debug][gc,nmethod     ] Register NMethod: io.sirix.page.PageReference.getPageFragments (0x000072e49ecb8f08) [0x000072e49ecb9000, 0x000072e49ecb90e8] Compiler: c1, Barriers: 1, Oops: 1, ImmediateOops: 0, NonImmediateOops: No
[2,095s][debug][gc,nmethod     ] Register NMethod: it.unimi.dsi.fastutil.shorts.ShortArrayList$1.hasNext (0x000072e47fa32208) [0x000072e47fa32300, 0x000072e47fa32490] Compiler: c1, Barriers: 1, Oops: 1, ImmediateOops: 0, NonImmediateOops: No
[2,095s][debug][gc,nmethod     ] Register NMethod: org.magicwerk.brownies.collections.GapList.doGet (0x000072e47fa32508) [0x000072e47fa32600, 0x000072e47fa32938] Compiler: c1, Barriers: 2, Oops: 1, ImmediateOops: 0, NonImmediateOops: No
[2,095s][debug][gc,nmethod     ] Register NMethod: org.magicwerk.brownies.collections.GapList.get (0x000072e47fa32988) [0x000072e47fa32a80, 0x000072e47fa34478] Compiler: c1, Barriers: 0, Oops: 4, ImmediateOops: 4, NonImmediateOops: No
[2,096s][debug][gc,nmethod     ] Register NMethod: jdk.internal.foreign.SegmentFactories.ensureInitialized (0x000072e47fa34508) [0x000072e47fa34600, 0x000072e47fa346e0] Compiler: c1, Barriers: 0, Oops: 0, ImmediateOops: 0, NonImmediateOops: No
[2,096s][debug][gc,nmethod     ] Register NMethod: jdk.internal.misc.Unsafe.putLongUnaligned (0x000072e47fa34808) [0x000072e47fa34900, 0x000072e47fa34b08] Compiler: c1, Barriers: 0, Oops: 0, ImmediateOops: 0, NonImmediateOops: No
[2,096s][debug][gc,nmethod     ] Register NMethod: io.sirix.node.xml.XmlDocumentRootNode.structDelegate (0x000072e49ecb9208) [0x000072e49ecb9300, 0x000072e49ecb93e8] Compiler: c1, Barriers: 1, Oops: 1, ImmediateOops: 0, NonImmediateOops: No
[2,096s][debug][gc,nmethod     ] Register NMethod: net.jpountz.xxhash.StreamingXXHash32JNI.checkState (0x000072e47fa34b88) [0x000072e47fa34c80, 0x000072e47fa34e90] Compiler: c1, Barriers: 0, Oops: 1, ImmediateOops: 1, NonImmediateOops: No
[2,096s][debug][gc,nmethod     ] Register NMethod: jdk.internal.misc.ScopedMemoryAccess.putLongUnaligned (0x000072e47fa34f08) [0x000072e47fa35000, 0x000072e47fa35e88] Compiler: c1, Barriers: 3, Oops: 0, ImmediateOops: 3, NonImmediateOops: No
[2,096s][debug][gc,nmethod     ] Register NMethod: net.jpountz.util.SafeUtils.checkRange (0x000072e47fa35f08) [0x000072e47fa36000, 0x000072e47fa36538] Compiler: c1, Barriers: 0, Oops: 1, ImmediateOops: 1, NonImmediateOops: No
[2,096s][debug][gc,nmethod     ] Register NMethod: java.lang.invoke.MethodHandle.invokeBasic (0x000072e49ecb9508) [0x000072e49ecb9600, 0x000072e49ecb9898] Compiler: , Barriers: 0, Oops: 0, ImmediateOops: 0, NonImmediateOops: No
[2,096s][debug][gc,nmethod     ] Register NMethod: net.jpountz.util.SafeUtils.checkLength (0x000072e47fa36588) [0x000072e47fa36680, 0x000072e47fa36858] Compiler: c1, Barriers: 0, Oops: 1, ImmediateOops: 1, NonImmediateOops: No
[2,096s][debug][gc,nmethod     ] Register NMethod: jdk.internal.misc.ScopedMemoryAccess.putLongUnalignedInternal (0x000072e47fa36888) [0x000072e47fa36980, 0x000072e47fa37108] Compiler: c1, Barriers: 2, Oops: 0, ImmediateOops: 3, NonImmediateOops: No
[2,097s][debug][gc,nmethod     ] Register NMethod: com.google.gson.stream.JsonReader.doPeek (0x000072e47fa37188) [0x000072e47fa37280, 0x000072e47fa45208] Compiler: c1, Barriers: 4, Oops: 8, ImmediateOops: 33, NonImmediateOops: No
[2,097s][debug][gc,nmethod     ] Register NMethod: java.lang.invoke.VarHandleGuards.guard_LJ_I (0x000072e47fa45288) [0x000072e47fa45380, 0x000072e47fa48240] Compiler: c1, Barriers: 28, Oops: 0, ImmediateOops: 2, NonImmediateOops: No
[2,097s][debug][gc,nmethod     ] Register NMethod: java.util.concurrent.ForkJoinPool.slotOffset (0x000072e49ecb9908) [0x000072e49ecb9a00, 0x000072e49ecb9a70] Compiler: jvmci, Barriers: 0, Oops: 0, ImmediateOops: 0, NonImmediateOops: No
[2,097s][debug][gc,nmethod     ] Register NMethod: java.util.concurrent.ConcurrentHashMap$Traverser.<init> (0x000072e47fa48288) [0x000072e47fa48380, 0x000072e47fa485e0] Compiler: c1, Barriers: 6, Oops: 0, ImmediateOops: 0, NonImmediateOops: No
[2,097s][debug][gc,nmethod     ] Rebuilding NMethod Table: 4096->4096 entries, 2640(64%->64%) registered, 228(6%->0%) unregistered
[2,097s][debug][gc,nmethod     ] Register NMethod: java.io.OutputStream.flush (0x000072e47fa48608) [0x000072e47fa48700, 0x000072e47fa48800] Compiler: c1, Barriers: 0, Oops: 0, ImmediateOops: 0, NonImmediateOops: No
[2,097s][debug][gc,nmethod     ] Register NMethod: io.sirix.page.PageReference.getKey (0x000072e49ecb9c08) [0x000072e49ecb9d00, 0x000072e49ecb9dc0] Compiler: c1, Barriers: 0, Oops: 1, ImmediateOops: 0, NonImmediateOops: No
[2,098s][debug][gc,nmethod     ] Register NMethod: java.io.ByteArrayInputStream.read (0x000072e47fa48908) [0x000072e47fa48a00, 0x000072e47fa490e8] Compiler: c1, Barriers: 1, Oops: 0, ImmediateOops: 0, NonImmediateOops: No
[2,099s][debug][gc,nmethod     ] Register NMethod: jdk.internal.foreign.AbstractMemorySegmentImpl.get (0x000072e47fa49108) [0x000072e47fa49200, 0x000072e47fa4cb30] Compiler: c1, Barriers: 27, Oops: 5, ImmediateOops: 12, NonImmediateOops: No
[2,099s][debug][gc,director    ] Rule Major: Warmup 10%, Used: 302MB, UsedThreshold: 1228MB
[2,099s][debug][gc,nmethod     ] Register NMethod: java.lang.invoke.VarHandleSegmentAsInts.get (0x000072e47fa4cb88) [0x000072e47fa4cc80, 0x000072e47fa52120] Compiler: c1, Barriers: 24, Oops: 2, ImmediateOops: 6, NonImmediateOops: No
[2,099s][debug][gc,nmethod     ] Register NMethod: java.lang.invoke.VarHandleSegmentAsInts.get (0x000072e47fa52188) [0x000072e47fa52280, 0x000072e47fa574a8] Compiler: c1, Barriers: 24, Oops: 2, ImmediateOops: 6, NonImmediateOops: No
[2,100s][debug][gc,nmethod     ] Register NMethod: io.sirix.page.PageKind$1.serializePage (0x000072e47fa57508) [0x000072e47fa57600, 0x000072e47fa65350] Compiler: c1, Barriers: 65, Oops: 7, ImmediateOops: 10, NonImmediateOops: No
[2,100s][debug][gc,nmethod     ] Register NMethod: java.io.OutputStreamWriter.write (0x000072e47fa65408) [0x000072e47fa65500, 0x000072e47fa65830] Compiler: c1, Barriers: 1, Oops: 0, ImmediateOops: 0, NonImmediateOops: No
[2,100s][debug][gc,nmethod     ] Register NMethod: jdk.internal.misc.Unsafe.putByte (0x000072e47fa65888) [0x000072e47fa65980, 0x000072e47fa65a90] Compiler: c1, Barriers: 0, Oops: 0, ImmediateOops: 0, NonImmediateOops: No
[2,100s][debug][gc,nmethod     ] Register NMethod: java.io.FileDescriptor.<init> (0x000072e47fa65b88) [0x000072e47fa65c80, 0x000072e47fa65df0] Compiler: c1, Barriers: 0, Oops: 0, ImmediateOops: 0, NonImmediateOops: No
[2,100s][debug][gc,nmethod     ] Register NMethod: java.util.BitSet.size (0x000072e47fa65e88) [0x000072e47fa65f80, 0x000072e47fa660b8] Compiler: c1, Barriers: 1, Oops: 0, ImmediateOops: 0, NonImmediateOops: No
[2,100s][debug][gc,nmethod     ] Register NMethod: jdk.internal.misc.Unsafe.getAndAddInt (0x000072e47fa66188) [0x000072e47fa66280, 0x000072e47fa66658] Compiler: c1, Barriers: 0, Oops: 0, ImmediateOops: 0, NonImmediateOops: No
[2,100s][debug][gc,nmethod     ] Register NMethod: io.sirix.page.delegates.BitmapReferencesPage.getOrCreateReference (0x000072e47fa66688) [0x000072e47fa66780, 0x000072e47fa66e38] Compiler: c1, Barriers: 2, Oops: 1, ImmediateOops: 0, NonImmediateOops: No
[2,100s][debug][gc,nmethod     ] Register NMethod: java.util.concurrent.ConcurrentHashMap.remove (0x000072e47fa66e88) [0x000072e47fa66f80, 0x000072e47fa67290] Compiler: c1, Barriers: 0, Oops: 0, ImmediateOops: 0, NonImmediateOops: No
[2,100s][debug][gc,nmethod     ] Register NMethod: java.util.BitSet.and (0x000072e47fa67308) [0x000072e47fa67400, 0x000072e47fa67850] Compiler: c1, Barriers: 3, Oops: 0, ImmediateOops: 0, NonImmediateOops: No
[2,100s][debug][gc,nmethod     ] Register NMethod: io.sirix.page.delegates.BitmapReferencesPage.index (0x000072e47fa67888) [0x000072e47fa67980, 0x000072e47fa67f08] Compiler: c1, Barriers: 4, Oops: 1, ImmediateOops: 0, NonImmediateOops: No
[2,101s][debug][gc,nmethod     ] Register NMethod: java.util.BitSet.checkRange (0x000072e47fa67f88) [0x000072e47fa68080, 0x000072e47fa6aa08] Compiler: c1, Barriers: 0, Oops: 4, ImmediateOops: 7, NonImmediateOops: No
[2,101s][debug][gc,nmethod     ] Register NMethod: it.unimi.dsi.fastutil.HashCommon.mix (0x000072e47fa6aa88) [0x000072e47fa6ab80, 0x000072e47fa6ac70] Compiler: c1, Barriers: 0, Oops: 1, ImmediateOops: 0, NonImmediateOops: No
[2,101s][debug][gc,nmethod     ] Register NMethod: java.util.BitSet.clear (0x000072e47fa6ad88) [0x000072e47fa6ae80, 0x000072e47fa6b080] Compiler: c1, Barriers: 1, Oops: 0, ImmediateOops: 0, NonImmediateOops: No
[2,101s][debug][gc,nmethod     ] Register NMethod: io.sirix.access.trx.node.AbstractResourceSession.getResourceConfig (0x000072e47fa6b088) [0x000072e47fa6b180, 0x000072e47fa6b420] Compiler: c1, Barriers: 1, Oops: 1, ImmediateOops: 1, NonImmediateOops: No
[2,101s][debug][gc,nmethod     ] Register NMethod: io.sirix.page.PageReference.hashCode (0x000072e47fa6b488) [0x000072e47fa6b580, 0x000072e47fa6c600] Compiler: c1, Barriers: 13, Oops: 1, ImmediateOops: 1, NonImmediateOops: No
[2,101s][debug][gc,nmethod     ] Register NMethod: java.lang.Short.shortValue (0x000072e49ecb9f08) [0x000072e49ecba000, 0x000072e49ecba0c8] Compiler: c1, Barriers: 0, Oops: 0, ImmediateOops: 0, NonImmediateOops: No
[2,101s][debug][gc,nmethod     ] Register NMethod: java.io.FileDescriptor.valid (0x000072e47fa6c688) [0x000072e47fa6c780, 0x000072e47fa6c908] Compiler: c1, Barriers: 0, Oops: 0, ImmediateOops: 0, NonImmediateOops: No
[2,101s][debug][gc,nmethod     ] Register NMethod: java.util.BitSet.flip (0x000072e47fa6c988) [0x000072e47fa6ca80, 0x000072e47fa6d088] Compiler: c1, Barriers: 2, Oops: 0, ImmediateOops: 0, NonImmediateOops: No
[2,101s][debug][gc,nmethod     ] Register NMethod: java.util.concurrent.ConcurrentHashMap.replaceNode (0x000072e47fa6d108) [0x000072e47fa6d200, 0x000072e47fa6f588] Compiler: c1, Barriers: 18, Oops: 0, ImmediateOops: 1, NonImmediateOops: No
[2,101s][debug][gc,nmethod     ] Register NMethod: jdk.internal.misc.Unsafe.allocateMemoryChecks (0x000072e47fa6f608) [0x000072e47fa6f700, 0x000072e47fa6f9b8] Compiler: c1, Barriers: 0, Oops: 0, ImmediateOops: 0, NonImmediateOops: No
[2,101s][debug][gc,nmethod     ] Register NMethod: jdk.internal.foreign.MemorySessionImpl.<init> (0x000072e47fa6fa08) [0x000072e47fa6fb00, 0x000072e47fa6fd48] Compiler: c1, Barriers: 6, Oops: 0, ImmediateOops: 0, NonImmediateOops: No
[2,101s][debug][gc,nmethod     ] Register NMethod: jdk.internal.misc.Unsafe.alignToHeapWordSize (0x000072e47fa6fd88) [0x000072e47fa6fe80, 0x000072e47fa700f0] Compiler: c1, Barriers: 0, Oops: 0, ImmediateOops: 0, NonImmediateOops: No
[2,101s][debug][gc,nmethod     ] Register NMethod: jdk.internal.misc.VM.isDirectMemoryPageAligned (0x000072e47fa70108) [0x000072e47fa70200, 0x000072e47fa704e0] Compiler: c1, Barriers: 0, Oops: 0, ImmediateOops: 1, NonImmediateOops: No
[2,101s][debug][gc,nmethod     ] Register NMethod: java.util.concurrent.atomic.AtomicLong.compareAndSet (0x000072e47fa70508) [0x000072e47fa70600, 0x000072e47fa70720] Compiler: c1, Barriers: 0, Oops: 0, ImmediateOops: 0, NonImmediateOops: No
[2,101s][debug][gc,nmethod     ] Register NMethod: jdk.internal.misc.Unsafe.putShortUnaligned (0x000072e47fa70808) [0x000072e47fa70900, 0x000072e47fa70b30] Compiler: c1, Barriers: 0, Oops: 0, ImmediateOops: 0, NonImmediateOops: No
[2,101s][debug][gc,nmethod     ] Register NMethod: jdk.internal.misc.Unsafe.putShortUnaligned (0x000072e47fa70b88) [0x000072e47fa70c80, 0x000072e47fa70e48] Compiler: c1, Barriers: 0, Oops: 0, ImmediateOops: 0, NonImmediateOops: No
[2,102s][debug][gc,nmethod     ] Register NMethod: jdk.internal.misc.Unsafe.allocateMemory (0x000072e47fa70e88) [0x000072e47fa70f80, 0x000072e47fa72230] Compiler: c1, Barriers: 0, Oops: 2, ImmediateOops: 3, NonImmediateOops: No
[2,102s][debug][gc,nmethod     ] Register NMethod: it.unimi.dsi.fastutil.shorts.ShortArrayList.size (0x000072e49ecba208) [0x000072e49ecba300, 0x000072e49ecba3c0] Compiler: c1, Barriers: 0, Oops: 1, ImmediateOops: 0, NonImmediateOops: No
[2,102s][debug][gc,nmethod     ] Register NMethod: io.sirix.node.MemorySegmentBytesOut.writePosition (0x000072e47fa72288) [0x000072e47fa72380, 0x000072e47fa72558] Compiler: c1, Barriers: 1, Oops: 1, ImmediateOops: 0, NonImmediateOops: No
[2,102s][debug][gc,nmethod     ] Register NMethod: io.sirix.node.MemorySegmentBytesOut.position (0x000072e47fa72588) [0x000072e47fa72680, 0x000072e47fa727e0] Compiler: c1, Barriers: 1, Oops: 1, ImmediateOops: 0, NonImmediateOops: No
[2,102s][debug][gc,nmethod     ] Register NMethod: jdk.internal.foreign.NativeMemorySegmentImpl.address (0x000072e49ecba508) [0x000072e49ecba600, 0x000072e49ecba6c0] Compiler: c1, Barriers: 0, Oops: 0, ImmediateOops: 0, NonImmediateOops: No
[2,102s][debug][gc,nmethod     ] Register NMethod: jdk.internal.foreign.NativeMemorySegmentImpl.isNative (0x000072e49ecba808) [0x000072e49ecba900, 0x000072e49ecba9c0] Compiler: c1, Barriers: 0, Oops: 0, ImmediateOops: 0, NonImmediateOops: No
[2,103s][debug][gc,nmethod     ] Register NMethod: java.nio.MappedByteBuffer.position (0x000072e47fa72888) [0x000072e47fa72980, 0x000072e47fa72b20] Compiler: c1, Barriers: 0, Oops: 0, ImmediateOops: 0, NonImmediateOops: No
[2,104s][debug][gc,nmethod     ] Register NMethod: jdk.internal.foreign.AbstractMemorySegmentImpl.copy (0x000072e47fa72b88) [0x000072e47fa72c80, 0x000072e47fa7b858] Compiler: c1, Barriers: 10, Oops: 6, ImmediateOops: 18, NonImmediateOops: No
[2,104s][debug][gc,nmethod     ] Register NMethod: java.lang.foreign.MemorySegment.copy (0x000072e47fa7b908) [0x000072e47fa7ba00, 0x000072e47fa849e8] Compiler: c1, Barriers: 10, Oops: 6, ImmediateOops: 18, NonImmediateOops: No
[2,104s][debug][gc,nmethod     ] Register NMethod: io.sirix.page.PageKind$1.serializePage (0x000072e47fa84a88) [0x000072e47fa84b80, 0x000072e47fa926f0] Compiler: c1, Barriers: 65, Oops: 7, ImmediateOops: 10, NonImmediateOops: No
[2,105s][debug][gc,nmethod     ] Register NMethod: java.util.concurrent.locks.ReentrantLock.unlock (0x000072e47fa92788) [0x000072e47fa92880, 0x000072e47fa92e98] Compiler: c1, Barriers: 2, Oops: 0, ImmediateOops: 0, NonImmediateOops: No
[2,106s][debug][gc,nmethod     ] Register NMethod: java.util.concurrent.locks.ReentrantLock$NonfairSync.initialTryLock (0x000072e47fa92f08) [0x000072e47fa93000, 0x000072e47fa93cf0] Compiler: c1, Barriers: 5, Oops: 0, ImmediateOops: 1, NonImmediateOops: No
[2,106s][debug][gc,nmethod     ] Register NMethod: java.util.concurrent.ConcurrentHashMap.sumCount (0x000072e47fa93d08) [0x000072e47fa93e00, 0x000072e47fa94090] Compiler: c1, Barriers: 2, Oops: 0, ImmediateOops: 0, NonImmediateOops: No
[2,107s][debug][gc,nmethod     ] Register NMethod: java.lang.String.<init> (0x000072e47fa94108) [0x000072e47fa94200, 0x000072e47fa944a0] Compiler: c1, Barriers: 0, Oops: 0, ImmediateOops: 0, NonImmediateOops: No
[2,107s][debug][gc,nmethod     ] Register NMethod: sun.nio.fs.UnixPath.resolve (0x000072e47fa94508) [0x000072e47fa94600, 0x000072e47fa94748] Compiler: c1, Barriers: 0, Oops: 0, ImmediateOops: 0, NonImmediateOops: No
[2,107s][debug][gc,nmethod     ] Register NMethod: io.sirix.access.ResourceConfiguration$ResourcePaths.getPath (0x000072e49ecbab08) [0x000072e49ecbac00, 0x000072e49ecbace8] Compiler: c1, Barriers: 1, Oops: 1, ImmediateOops: 0, NonImmediateOops: No
[2,107s][debug][gc,nmethod     ] Register NMethod: sun.nio.fs.UnixPath.resolve (0x000072e47fa94808) [0x000072e47fa94900, 0x000072e47fa955b8] Compiler: c1, Barriers: 9, Oops: 0, ImmediateOops: 0, NonImmediateOops: No
[2,107s][debug][gc,nmethod     ] Register NMethod: sun.nio.fs.UnixFileSystem.normalizeNativePath (0x000072e47fa95608) [0x000072e47fa95700, 0x000072e47fa95800] Compiler: c1, Barriers: 0, Oops: 0, ImmediateOops: 0, NonImmediateOops: No
[2,107s][debug][gc,nmethod     ] Register NMethod: sun.nio.fs.UnixPath.<init> (0x000072e47fa95908) [0x000072e47fa95a00, 0x000072e47fa95d28] Compiler: c1, Barriers: 6, Oops: 0, ImmediateOops: 0, NonImmediateOops: No
[2,107s][debug][gc,nmethod     ] Register NMethod: sun.nio.fs.Util.jnuEncoding (0x000072e47fa95d88) [0x000072e47fa95e80, 0x000072e47fa95f68] Compiler: c1, Barriers: 0, Oops: 0, ImmediateOops: 1, NonImmediateOops: No
[2,107s][debug][gc,nmethod     ] Register NMethod: sun.nio.fs.UnixPath.resolve (0x000072e47fa96088) [0x000072e47fa96180, 0x000072e47fa96748] Compiler: c1, Barriers: 0, Oops: 0, ImmediateOops: 0, NonImmediateOops: No
[2,107s][debug][gc,nmethod     ] Register NMethod: sun.nio.fs.Util.followLinks (0x000072e47fa96788) [0x000072e47fa96880, 0x000072e47fa96cd0] Compiler: c1, Barriers: 2, Oops: 0, ImmediateOops: 1, NonImmediateOops: No
[2,107s][debug][gc,nmethod     ] Register NMethod: sun.nio.fs.UnixPath.encode (0x000072e47fa96d08) [0x000072e47fa96e00, 0x000072e47fa97ed0] Compiler: c1, Barriers: 1, Oops: 2, ImmediateOops: 3, NonImmediateOops: No
[2,107s][debug][gc,nmethod     ] Register NMethod: sun.nio.fs.UnixFileSystem.getPath (0x000072e47fa97f08) [0x000072e47fa98000, 0x000072e47fa99930] Compiler: c1, Barriers: 8, Oops: 0, ImmediateOops: 1, NonImmediateOops: No
[2,108s][debug][gc,nmethod     ] Register NMethod: java.util.concurrent.ConcurrentHashMap.putIfAbsent (0x000072e47fa99988) [0x000072e47fa99a80, 0x000072e47fa99d80] Compiler: c1, Barriers: 0, Oops: 0, ImmediateOops: 0, NonImmediateOops: No
[2,108s][debug][gc,nmethod     ] Register NMethod: jdk.internal.classfile.impl.StackMapGenerator$Type.referenceType (0x000072e49ecbae08) [0x000072e49ecbaf00, 0x000072e49ecbb018] Compiler: jvmci, Barriers: 2, Oops: 0, ImmediateOops: 0, NonImmediateOops: No
[2,109s][debug][gc,director    ] Rule Major: Warmup 10%, Used: 304MB, UsedThreshold: 1228MB
[2,111s][debug][gc,nmethod     ] Register NMethod: kotlin.jvm.internal.Intrinsics.checkNotNullParameter (0x000072e47fa99d88) [0x000072e47fa99e80, 0x000072e47fa9a668] Compiler: c1, Barriers: 1, Oops: 2, ImmediateOops: 2, NonImmediateOops: No
[2,111s][debug][gc,nmethod     ] Register NMethod: jdk.internal.util.ArraysSupport.mismatch (0x000072e47fa9a688) [0x000072e47fa9a780, 0x000072e47fa9ab38] Compiler: c1, Barriers: 0, Oops: 0, ImmediateOops: 0, NonImmediateOops: No
[2,111s][debug][gc,nmethod     ] Register NMethod: java.lang.StringLatin1.compareTo (0x000072e47fa9ab88) [0x000072e47fa9ac80, 0x000072e47fa9adb0] Compiler: c1, Barriers: 0, Oops: 0, ImmediateOops: 0, NonImmediateOops: No
[2,111s][debug][gc,nmethod     ] Register NMethod: java.lang.StringLatin1.compareTo (0x000072e47fa9ae88) [0x000072e47fa9af80, 0x000072e47fa9b2d0] Compiler: c1, Barriers: 0, Oops: 0, ImmediateOops: 0, NonImmediateOops: No
[2,111s][debug][gc,nmethod     ] Register NMethod: kotlin.io.FileTreeWalk$WalkState.getRoot (0x000072e49ecbb108) [0x000072e49ecbb200, 0x000072e49ecbb2e8] Compiler: c1, Barriers: 1, Oops: 1, ImmediateOops: 0, NonImmediateOops: No
[2,113s][debug][gc,nmethod     ] Register NMethod: java.util.stream.StreamOpFlag.toCharacteristics (0x000072e47fa9b308) [0x000072e47fa9b400, 0x000072e47fa9b4e8] Compiler: c1, Barriers: 0, Oops: 0, ImmediateOops: 0, NonImmediateOops: No
[2,113s][debug][gc,nmethod     ] Register NMethod: java.util.stream.StreamOpFlag.toStreamFlags (0x000072e47fa9b608) [0x000072e47fa9b700, 0x000072e47fa9b7f0] Compiler: c1, Barriers: 0, Oops: 0, ImmediateOops: 0, NonImmediateOops: No
[2,113s][debug][gc,nmethod     ] Register NMethod: java.util.stream.StreamSpliterators$AbstractWrappingSpliterator.characteristics (0x000072e47fa9b908) [0x000072e47fa9ba00, 0x000072e47fa9c8c8] Compiler: c1, Barriers: 10, Oops: 0, ImmediateOops: 0, NonImmediateOops: No
[2,113s][debug][gc,nmethod     ] Register NMethod: java.util.stream.AbstractPipeline.exactOutputSizeIfKnown (0x000072e47fa9c908) [0x000072e47fa9ca00, 0x000072e47fa9da18] Compiler: c1, Barriers: 3, Oops: 2, ImmediateOops: 2, NonImmediateOops: No
[2,113s][debug][gc,nmethod     ] Register NMethod: java.lang.invoke.LambdaFormEditor$TransformKey.inRange (0x000072e47fa9da88) [0x000072e47fa9db80, 0x000072e47fa9dcc0] Compiler: c1, Barriers: 0, Oops: 0, ImmediateOops: 0, NonImmediateOops: No
[2,113s][debug][gc,nmethod     ] Register NMethod: java.lang.invoke.LambdaFormEditor$TransformKey.<init> (0x000072e47fa9dd88) [0x000072e47fa9de80, 0x000072e47fa9e060] Compiler: c1, Barriers: 3, Oops: 0, ImmediateOops: 0, NonImmediateOops: No
[2,113s][debug][gc,nmethod     ] Register NMethod: com.esotericsoftware.kryo.io.Output.require (0x000072e47fa9e088) [0x000072e47fa9e180, 0x000072e47faa08c0] Compiler: c1, Barriers: 4, Oops: 4, ImmediateOops: 6, NonImmediateOops: No
[2,113s][debug][gc,nmethod     ] Register NMethod: java.lang.invoke.MethodType.equals (0x000072e47faa0908) [0x000072e47faa0a00, 0x000072e47faa0c90] Compiler: c1, Barriers: 4, Oops: 0, ImmediateOops: 0, NonImmediateOops: No
[2,113s][debug][gc,nmethod     ] Register NMethod: java.io.FileDescriptor.close0 (0x000072e49ecbb408) [0x000072e49ecbb500, 0x000072e49ecbb648] Compiler: , Barriers: 0, Oops: 0, ImmediateOops: 0, NonImmediateOops: No
[2,114s][debug][gc,nmethod     ] Register NMethod: java.lang.invoke.LambdaFormEditor.getInCache (0x000072e47faa0d08) [0x000072e47faa0e00, 0x000072e47faa2630] Compiler: c1, Barriers: 7, Oops: 0, ImmediateOops: 0, NonImmediateOops: No
[2,118s][debug][gc,nmethod     ] Register NMethod: java.io.UnixFileSystem.normalize (0x000072e49ecbb708) [0x000072e49ecbb800, 0x000072e49ecbb9e8] Compiler: jvmci, Barriers: 1, Oops: 0, ImmediateOops: 0, NonImmediateOops: No
[2,118s][debug][gc,nmethod     ] Register NMethod: com.github.benmanes.caffeine.cache.BoundedLocalCache$BoundedLocalManualCache.cache (0x000072e49ecbba08) [0x000072e49ecbbb00, 0x000072e49ecbbbe8] Compiler: c1, Barriers: 1, Oops: 1, ImmediateOops: 0, NonImmediateOops: No
[2,118s][debug][gc,nmethod     ] Register NMethod: java.util.concurrent.atomic.AtomicInteger.<init> (0x000072e47faa2688) [0x000072e47faa2780, 0x000072e47faa2940] Compiler: c1, Barriers: 0, Oops: 0, ImmediateOops: 0, NonImmediateOops: No
[2,118s][debug][gc,nmethod     ] Register NMethod: java.util.concurrent.ConcurrentHashMap.<init> (0x000072e47faa2988) [0x000072e47faa2a80, 0x000072e47faa2c38] Compiler: c1, Barriers: 0, Oops: 0, ImmediateOops: 0, NonImmediateOops: No
[2,119s][debug][gc,nmethod     ] Register NMethod: java.lang.StringBuilder.append (0x000072e49ecbbd08) [0x000072e49ecbbe00, 0x000072e49ecbc630] Compiler: jvmci, Barriers: 4, Oops: 0, ImmediateOops: 0, NonImmediateOops: No
[2,119s][debug][gc,director    ] Rule Major: Warmup 10%, Used: 304MB, UsedThreshold: 1228MB
[2,122s][debug][gc,nmethod     ] Register NMethod: java.lang.String.<init> (0x000072e49ecbc688) [0x000072e49ecbc780, 0x000072e49ecbccf8] Compiler: jvmci, Barriers: 4, Oops: 0, ImmediateOops: 0, NonImmediateOops: No
[2,123s][debug][gc,nmethod     ] Register NMethod: io.sirix.page.KeyValueLeafPage.getLastIndex (0x000072e47faa2c88) [0x000072e47faa2d80, 0x000072e47faa2ed8] Compiler: c1, Barriers: 0, Oops: 1, ImmediateOops: 0, NonImmediateOops: No
[2,123s][debug][gc,nmethod     ] Register NMethod: jdk.internal.misc.Unsafe.park (0x000072e49ecbcd08) [0x000072e49ecbce00, 0x000072e49ecbcf48] Compiler: , Barriers: 0, Oops: 0, ImmediateOops: 0, NonImmediateOops: No
[2,123s][debug][gc,nmethod     ] Register NMethod: jdk.internal.foreign.ArenaImpl.allocate (0x000072e47faa2f88) [0x000072e47faa3080, 0x000072e47faa3200] Compiler: c1, Barriers: 1, Oops: 0, ImmediateOops: 0, NonImmediateOops: No
[2,123s][debug][gc,nmethod     ] Register NMethod: jdk.internal.foreign.ArenaImpl.allocate (0x000072e47faa3288) [0x000072e47faa3380, 0x000072e47faa3678] Compiler: c1, Barriers: 0, Oops: 0, ImmediateOops: 0, NonImmediateOops: No
[2,123s][debug][gc,nmethod     ] Register NMethod: io.sirix.node.GrowingMemorySegment.<init> (0x000072e47faa3688) [0x000072e47faa3780, 0x000072e47faa3bf8] Compiler: c1, Barriers: 6, Oops: 1, ImmediateOops: 0, NonImmediateOops: No
[2,123s][debug][gc,nmethod     ] Register NMethod: jdk.internal.foreign.Utils.checkNonNegativeArgument (0x000072e47faa3c08) [0x000072e47faa3d00, 0x000072e47faa4ec8] Compiler: c1, Barriers: 0, Oops: 2, ImmediateOops: 3, NonImmediateOops: No
[2,123s][debug][gc,nmethod     ] Register NMethod: net.jpountz.xxhash.XXHashJNI.XXH32_digest (0x000072e49ecbd008) [0x000072e49ecbd100, 0x000072e49ecbd268] Compiler: , Barriers: 0, Oops: 1, ImmediateOops: 1, NonImmediateOops: No
[2,123s][debug][gc,nmethod     ] Register NMethod: net.jpountz.xxhash.XXHashJNI.XXH32_update (0x000072e49ecbd308) [0x000072e49ecbd400, 0x000072e49ecbd570] Compiler: , Barriers: 0, Oops: 1, ImmediateOops: 1, NonImmediateOops: No
[2,123s][debug][gc,nmethod     ] Register NMethod: jdk.internal.foreign.SegmentFactories.allocateMemoryWrapper (0x000072e47faa4f08) [0x000072e47faa5000, 0x000072e47faa53b8] Compiler: c1, Barriers: 0, Oops: 0, ImmediateOops: 1, NonImmediateOops: No
[2,123s][debug][gc,nmethod     ] Register NMethod: net.jpountz.xxhash.XXHashJNI.XXH32_free (0x000072e49ecbd608) [0x000072e49ecbd700, 0x000072e49ecbd858] Compiler: , Barriers: 0, Oops: 1, ImmediateOops: 1, NonImmediateOops: No
[2,123s][debug][gc,nmethod     ] Register NMethod: net.jpountz.util.Native.isLoaded (0x000072e47faa5408) [0x000072e47faa5500, 0x000072e47faa5748] Compiler: c1, Barriers: 0, Oops: 1, ImmediateOops: 2, NonImmediateOops: No
[2,123s][debug][gc,nmethod     ] Register NMethod: jdk.internal.foreign.Utils.checkAlign (0x000072e47faa5788) [0x000072e47faa5880, 0x000072e47faa65d8] Compiler: c1, Barriers: 0, Oops: 1, ImmediateOops: 2, NonImmediateOops: No
[2,123s][debug][gc,nmethod     ] Register NMethod: jdk.internal.foreign.Utils.alignUp (0x000072e47faa6608) [0x000072e47faa6700, 0x000072e47faa67f8] Compiler: c1, Barriers: 0, Oops: 0, ImmediateOops: 0, NonImmediateOops: No
[2,123s][debug][gc,nmethod     ] Register NMethod: jdk.internal.foreign.MemorySessionImpl.addOrCleanupIfFail (0x000072e47faa6908) [0x000072e47faa6a00, 0x000072e47faa6f50] Compiler: c1, Barriers: 0, Oops: 0, ImmediateOops: 0, NonImmediateOops: No
[2,124s][debug][gc,nmethod     ] Register NMethod: java.lang.Thread.interrupted (0x000072e47faa6f88) [0x000072e47faa7080, 0x000072e47faa7448] Compiler: c1, Barriers: 1, Oops: 0, ImmediateOops: 0, NonImmediateOops: No
[2,124s][debug][gc,nmethod     ] Register NMethod: java.lang.Thread.getAndClearInterrupt (0x000072e47faa7488) [0x000072e47faa7580, 0x000072e47faa7700] Compiler: c1, Barriers: 0, Oops: 0, ImmediateOops: 0, NonImmediateOops: No
[2,124s][debug][gc,nmethod     ] Register NMethod: jdk.internal.foreign.Utils.checkAllocationSizeAndAlign (0x000072e47faa7788) [0x000072e47faa7880, 0x000072e47faa8b10] Compiler: c1, Barriers: 0, Oops: 3, ImmediateOops: 4, NonImmediateOops: No
[2,124s][debug][gc,nmethod     ] Register NMethod: jdk.internal.foreign.MemorySessionImpl.addInternal (0x000072e47faa8b88) [0x000072e47faa8c80, 0x000072e47faa9bf0] Compiler: c1, Barriers: 4, Oops: 0, ImmediateOops: 2, NonImmediateOops: No
[2,124s][debug][gc,nmethod     ] Register NMethod: jdk.internal.foreign.MemorySessionImpl$ResourceList$ResourceCleanup.<init> (0x000072e47faa9c08) [0x000072e47faa9d00, 0x000072e47faa9e58] Compiler: c1, Barriers: 0, Oops: 0, ImmediateOops: 0, NonImmediateOops: No
[2,124s][debug][gc,nmethod     ] Register NMethod: jdk.internal.foreign.SegmentFactories$1.<init> (0x000072e47faa9f08) [0x000072e47faaa000, 0x000072e47faaa1d0] Compiler: c1, Barriers: 0, Oops: 0, ImmediateOops: 0, NonImmediateOops: No
[2,124s][debug][gc,nmethod     ] Register NMethod: java.nio.ByteBuffer.order (0x000072e47faaa208) [0x000072e47faaa300, 0x000072e47faaa520] Compiler: c1, Barriers: 0, Oops: 0, ImmediateOops: 1, NonImmediateOops: No
[2,125s][debug][gc,nmethod     ] Register NMethod: jdk.internal.foreign.SegmentFactories.allocateNativeInternal (0x000072e47faaa588) [0x000072e47faaa680, 0x000072e47faadad8] Compiler: c1, Barriers: 3, Oops: 3, ImmediateOops: 11, NonImmediateOops: No
[2,125s][debug][gc,nmethod     ] Register NMethod: jdk.internal.classfile.impl.RawBytecodeHelper.getU2Unchecked (0x000072e49ecbd908) [0x000072e49ecbda00, 0x000072e49ecbdb18] Compiler: jvmci, Barriers: 2, Oops: 0, ImmediateOops: 0, NonImmediateOops: No
[2,126s][debug][gc,nmethod     ] Register NMethod: jdk.internal.misc.Unsafe.putReferenceOpaque (0x000072e47faadb08) [0x000072e47faadc00, 0x000072e47faadd78] Compiler: c1, Barriers: 3, Oops: 0, ImmediateOops: 0, NonImmediateOops: No
[2,126s][debug][gc,nmethod     ] Register NMethod: java.util.concurrent.atomic.AtomicLong.addAndGet (0x000072e47faade08) [0x000072e47faadf00, 0x000072e47faae010] Compiler: c1, Barriers: 0, Oops: 0, ImmediateOops: 0, NonImmediateOops: No
[2,126s][debug][gc,nmethod     ] Register NMethod: java.nio.Buffer.flip (0x000072e47faae108) [0x000072e47faae200, 0x000072e47faae318] Compiler: c1, Barriers: 0, Oops: 0, ImmediateOops: 0, NonImmediateOops: No
[2,126s][debug][gc,nmethod     ] Register NMethod: io.sirix.page.PageKind$1.serializePage (0x000072e47faae408) [0x000072e47faae500, 0x000072e47fabbd70] Compiler: c1, Barriers: 65, Oops: 7, ImmediateOops: 10, NonImmediateOops: No
[2,128s][debug][gc,nmethod     ] Register NMethod: java.io.Writer.write (0x000072e47fabbe08) [0x000072e47fabbf00, 0x000072e47fabc6b0] Compiler: c1, Barriers: 1, Oops: 0, ImmediateOops: 0, NonImmediateOops: No
[2,128s][debug][gc,nmethod     ] Register NMethod: sun.nio.fs.UnixNativeDispatcher.access0 (0x000072e49ecbdc08) [0x000072e49ecbdd00, 0x000072e49ecbde60] Compiler: , Barriers: 0, Oops: 0, ImmediateOops: 1, NonImmediateOops: No
[2,128s][debug][gc,nmethod     ] Register NMethod: java.nio.Buffer.position (0x000072e49ecbdf08) [0x000072e49ecbe000, 0x000072e49ecbe0e0] Compiler: jvmci, Barriers: 0, Oops: 0, ImmediateOops: 0, NonImmediateOops: No
[2,128s][debug][gc,nmethod     ] Register NMethod: io.sirix.cache.BufferManagerImpl.getRecordPageCache (0x000072e49ecbe208) [0x000072e49ecbe300, 0x000072e49ecbe3e8] Compiler: c1, Barriers: 1, Oops: 1, ImmediateOops: 0, NonImmediateOops: No
[2,128s][debug][gc,nmethod     ] Register NMethod: io.sirix.access.trx.page.NodeStorageEngineReader.getResourceSession (0x000072e47fabc708) [0x000072e47fabc800, 0x000072e47fabcc70] Compiler: c1, Barriers: 1, Oops: 1, ImmediateOops: 1, NonImmediateOops: No
[2,129s][debug][gc,nmethod     ] Register NMethod: io.sirix.cache.BufferManagerImpl.getRecordPageFragmentCache (0x000072e49ecbe508) [0x000072e49ecbe600, 0x000072e49ecbe6e8] Compiler: c1, Barriers: 1, Oops: 1, ImmediateOops: 0, NonImmediateOops: No
[2,129s][debug][gc,nmethod     ] Register NMethod: io.sirix.cache.BufferManagerImpl.getPageCache (0x000072e49ecbe808) [0x000072e49ecbe900, 0x000072e49ecbe9e8] Compiler: c1, Barriers: 1, Oops: 1, ImmediateOops: 0, NonImmediateOops: No
[2,129s][debug][gc,nmethod     ] Register NMethod: sun.nio.fs.NativeBuffers.copyCStringToNativeBuffer (0x000072e47fabcc88) [0x000072e47fabcd80, 0x000072e47fabd340] Compiler: c1, Barriers: 0, Oops: 1, ImmediateOops: 1, NonImmediateOops: No
[2,129s][debug][gc,nmethod     ] Register NMethod: jdk.internal.misc.Unsafe.unpark (0x000072e49ecbeb08) [0x000072e49ecbec00, 0x000072e49ecbed58] Compiler: , Barriers: 0, Oops: 0, ImmediateOops: 0, NonImmediateOops: No
[2,129s][debug][gc,nmethod     ] Register NMethod: java.util.concurrent.locks.LockSupport.setCurrentBlocker (0x000072e47fabd388) [0x000072e47fabd480, 0x000072e47fabd7b8] Compiler: c1, Barriers: 1, Oops: 0, ImmediateOops: 1, NonImmediateOops: No
[2,129s][debug][gc,nmethod     ] Register NMethod: io.sirix.node.delegates.NodeDelegate.getNodeKey (0x000072e49ecbee08) [0x000072e49ecbef00, 0x000072e49ecbefc0] Compiler: c1, Barriers: 0, Oops: 1, ImmediateOops: 0, NonImmediateOops: No
[2,129s][debug][gc,nmethod     ] Register NMethod: java.util.concurrent.ConcurrentHashMap$EntrySpliterator.characteristics (0x000072e49ecbf108) [0x000072e49ecbf200, 0x000072e49ecbf2c0] Compiler: c1, Barriers: 0, Oops: 0, ImmediateOops: 0, NonImmediateOops: No
[2,129s][debug][gc,nmethod     ] Register NMethod: java.nio.HeapByteBuffer.<init> (0x000072e47fabd808) [0x000072e47fabd900, 0x000072e47fabda78] Compiler: c1, Barriers: 0, Oops: 0, ImmediateOops: 0, NonImmediateOops: No
[2,129s][debug][gc,nmethod     ] Register NMethod: java.nio.ByteBuffer.wrap (0x000072e47fabdb08) [0x000072e47fabdc00, 0x000072e47fabde70] Compiler: c1, Barriers: 0, Oops: 0, ImmediateOops: 0, NonImmediateOops: No
[2,129s][debug][gc,director    ] Rule Major: Warmup 10%, Used: 306MB, UsedThreshold: 1228MB
[2,130s][debug][gc,nmethod     ] Register NMethod: sun.security.provider.DigestBase.engineUpdate (0x000072e47fabde88) [0x000072e47fabdf80, 0x000072e47fabf160] Compiler: c1, Barriers: 4, Oops: 1, ImmediateOops: 1, NonImmediateOops: No
[2,130s][debug][gc,nmethod     ] Register NMethod: sun.nio.ch.UnixFileDispatcherImpl.size0 (0x000072e49ecbf408) [0x000072e49ecbf500, 0x000072e49ecbf668] Compiler: , Barriers: 0, Oops: 0, ImmediateOops: 1, NonImmediateOops: No
[2,130s][debug][gc,nmethod     ] Register NMethod: sun.security.provider.ByteArrayAccess.i2bBig4 (0x000072e47fabf188) [0x000072e47fabf280, 0x000072e47fabfdf0] Compiler: c1, Barriers: 0, Oops: 5, ImmediateOops: 5, NonImmediateOops: No
[2,130s][debug][gc,nmethod     ] Register NMethod: net.jpountz.lz4.LZ4Factory.fastCompressor (0x000072e49ecbf708) [0x000072e49ecbf800, 0x000072e49ecbf8e8] Compiler: c1, Barriers: 1, Oops: 1, ImmediateOops: 0, NonImmediateOops: No
[2,130s][debug][gc,nmethod     ] Register NMethod: io.sirix.page.PageReference.setKey (0x000072e47fabfe88) [0x000072e47fabff80, 0x000072e47fac0090] Compiler: c1, Barriers: 0, Oops: 1, ImmediateOops: 0, NonImmediateOops: No
[2,130s][debug][gc,nmethod     ] Register NMethod: io.sirix.page.PageReference.setHash (0x000072e49ecbfa08) [0x000072e49ecbfb00, 0x000072e49ecbfc30] Compiler: c1, Barriers: 3, Oops: 1, ImmediateOops: 0, NonImmediateOops: No
[2,131s][debug][gc,nmethod     ] Register NMethod: sun.nio.ch.NativeThread.current (0x000072e47fac0188) [0x000072e47fac0280, 0x000072e47fac0860] Compiler: c1, Barriers: 1, Oops: 0, ImmediateOops: 0, NonImmediateOops: No
[2,131s][debug][gc,nmethod     ] Register NMethod: sun.nio.ch.FileChannelImpl.beginBlocking (0x000072e47fac0888) [0x000072e47fac0980, 0x000072e47fac0ca8] Compiler: c1, Barriers: 0, Oops: 0, ImmediateOops: 0, NonImmediateOops: No
[2,131s][debug][gc,nmethod     ] Register NMethod: sun.nio.ch.NativeThread.isNativeThread (0x000072e47fac0d08) [0x000072e47fac0e00, 0x000072e47fac0f68] Compiler: c1, Barriers: 0, Oops: 0, ImmediateOops: 0, NonImmediateOops: No
[2,131s][debug][gc,nmethod     ] Register NMethod: sun.nio.ch.FileChannelImpl.ensureOpen (0x000072e47fac1008) [0x000072e47fac1100, 0x000072e47fac1518] Compiler: c1, Barriers: 0, Oops: 0, ImmediateOops: 0, NonImmediateOops: No
[2,131s][debug][gc,nmethod     ] Register NMethod: net.jpountz.lz4.LZ4JNI.LZ4_compress_limitedOutput (0x000072e49ecbfd08) [0x000072e49ecbfe00, 0x000072e49ecbffd0] Compiler: , Barriers: 0, Oops: 1, ImmediateOops: 1, NonImmediateOops: No
[2,131s][debug][gc,nmethod     ] Register NMethod: sun.nio.ch.FileChannelImpl.endBlocking (0x000072e47fac1588) [0x000072e47fac1680, 0x000072e47fac19a8] Compiler: c1, Barriers: 0, Oops: 0, ImmediateOops: 0, NonImmediateOops: No
[2,131s][debug][gc,nmethod     ] Register NMethod: java.lang.invoke.MethodHandleNatives.getCharType (0x000072e47fac1a08) [0x000072e47fac1b00, 0x000072e47fac1df8] Compiler: c1, Barriers: 0, Oops: 0, ImmediateOops: 0, NonImmediateOops: No
[2,131s][debug][gc,nmethod     ] Register NMethod: net.jpountz.lz4.LZ4BlockOutputStream.ensureNotFinished (0x000072e47fac1e08) [0x000072e47fac1f00, 0x000072e47fac2108] Compiler: c1, Barriers: 0, Oops: 1, ImmediateOops: 1, NonImmediateOops: No
[2,131s][debug][gc,nmethod     ] Register NMethod: sun.nio.ch.NativeThreadSet.remove (0x000072e47fac2188) [0x000072e47fac2280, 0x000072e47fac2928] Compiler: c1, Barriers: 1, Oops: 0, ImmediateOops: 0, NonImmediateOops: No
[2,131s][debug][gc,nmethod     ] Register NMethod: net.jpountz.lz4.LZ4BlockOutputStream.flush (0x000072e47fac2988) [0x000072e47fac2a80, 0x000072e47fac2e90] Compiler: c1, Barriers: 2, Oops: 1, ImmediateOops: 0, NonImmediateOops: No
[2,131s][debug][gc,nmethod     ] Register NMethod: sun.nio.ch.NativeThreadSet.add (0x000072e47fac2f08) [0x000072e47fac3000, 0x000072e47fac3f10] Compiler: c1, Barriers: 9, Oops: 0, ImmediateOops: 0, NonImmediateOops: No
[2,133s][debug][gc,nmethod     ] Register NMethod: java.util.concurrent.locks.ReentrantLock.lock (0x000072e47fac3f88) [0x000072e47fac4080, 0x000072e47fac4850] Compiler: c1, Barriers: 1, Oops: 0, ImmediateOops: 0, NonImmediateOops: No
[2,133s][debug][gc,nmethod     ] Register NMethod: java.util.concurrent.locks.ReentrantLock$Sync.lock (0x000072e47fac4888) [0x000072e47fac4980, 0x000072e47fac4ef8] Compiler: c1, Barriers: 0, Oops: 0, ImmediateOops: 0, NonImmediateOops: No
[2,133s][debug][gc,nmethod     ] Register NMethod: com.google.gson.stream.JsonWriter.newline (0x000072e47fac4f08) [0x000072e47fac5000, 0x000072e47fac5dc8] Compiler: c1, Barriers: 5, Oops: 1, ImmediateOops: 0, NonImmediateOops: No
[2,133s][debug][gc,nmethod     ] Register NMethod: java.util.concurrent.ConcurrentHashMap$ReservationNode.<init> (0x000072e47fac5e08) [0x000072e47fac5f00, 0x000072e47fac61c8] Compiler: c1, Barriers: 6, Oops: 0, ImmediateOops: 0, NonImmediateOops: No
[2,134s][debug][gc,nmethod     ] Register NMethod: io.sirix.node.delegates.StructNodeDelegate.getFirstChildKey (0x000072e49ecc0008) [0x000072e49ecc0100, 0x000072e49ecc01c0] Compiler: c1, Barriers: 0, Oops: 1, ImmediateOops: 0, NonImmediateOops: No
[2,134s][debug][gc,nmethod     ] Register NMethod: io.sirix.page.KeyValueLeafPage.processEntries (0x000072e47fac6208) [0x000072e47fac6300, 0x000072e47fada830] Compiler: c1, Barriers: 62, Oops: 5, ImmediateOops: 41, NonImmediateOops: No
[2,134s][debug][gc,nmethod     ] Register NMethod: java.util.concurrent.ForkJoinTask.<init> (0x000072e47fada888) [0x000072e47fada980, 0x000072e47fadaad8] Compiler: c1, Barriers: 0, Oops: 0, ImmediateOops: 0, NonImmediateOops: No
[2,134s][debug][gc,nmethod     ] Register NMethod: java.lang.ref.Finalizer.register (0x000072e47fadab88) [0x000072e47fadac80, 0x000072e47fadae20] Compiler: c1, Barriers: 0, Oops: 0, ImmediateOops: 0, NonImmediateOops: No
[2,134s][debug][gc,nmethod     ] Register NMethod: java.lang.ref.Finalizer.<init> (0x000072e47fadae88) [0x000072e47fadaf80, 0x000072e47fadb6a8] Compiler: c1, Barriers: 17, Oops: 1, ImmediateOops: 7, NonImmediateOops: No
[2,134s][debug][gc,nmethod     ] Register NMethod: java.lang.ref.FinalReference.<init> (0x000072e47fadb708) [0x000072e47fadb800, 0x000072e47fadbaf0] Compiler: c1, Barriers: 6, Oops: 0, ImmediateOops: 1, NonImmediateOops: No
[2,134s][debug][gc,nmethod     ] Register NMethod: java.util.concurrent.ConcurrentHashMap$BaseIterator.<init> (0x000072e47fadbb08) [0x000072e47fadbc00, 0x000072e47fadbfa8] Compiler: c1, Barriers: 3, Oops: 0, ImmediateOops: 0, NonImmediateOops: No
[2,134s][debug][gc,nmethod     ] Register NMethod: java.nio.HeapByteBuffer.<init> (0x000072e47fadc008) [0x000072e47fadc100, 0x000072e47fadc300] Compiler: c1, Barriers: 0, Oops: 0, ImmediateOops: 0, NonImmediateOops: No
[2,135s][debug][gc,nmethod     ] Register NMethod: java.util.concurrent.ForkJoinPool.deactivate (0x000072e47fadc308) [0x000072e47fadc400, 0x000072e47fadcea8] Compiler: c1, Barriers: 4, Oops: 0, ImmediateOops: 0, NonImmediateOops: No
[2,135s][debug][gc,nmethod     ] Register NMethod: java.lang.invoke.MethodHandle.invokeBasic (0x000072e49ecc0308) [0x000072e49ecc0400, 0x000072e49ecc0698] Compiler: , Barriers: 0, Oops: 0, ImmediateOops: 0, NonImmediateOops: No
[2,135s][debug][gc,nmethod     ] Register NMethod: jdk.internal.misc.Unsafe.getIntUnaligned (0x000072e49ecc0708) [0x000072e49ecc0800, 0x000072e49ecc0898] Compiler: jvmci, Barriers: 0, Oops: 0, ImmediateOops: 0, NonImmediateOops: No
[2,135s][debug][gc,nmethod     ] Register NMethod: jdk.internal.util.Preconditions.checkFromIndexSize (0x000072e49ecc0a08) [0x000072e49ecc0b00, 0x000072e49ecc0bb0] Compiler: jvmci, Barriers: 0, Oops: 0, ImmediateOops: 0, NonImmediateOops: No
[2,136s][debug][gc,nmethod     ] Register NMethod: jdk.internal.foreign.AbstractMemorySegmentImpl.set (0x000072e47fadcf08) [0x000072e47fadd000, 0x000072e47fae2580] Compiler: c1, Barriers: 42, Oops: 6, ImmediateOops: 18, NonImmediateOops: No
[2,136s][debug][gc,nmethod     ] Register NMethod: java.util.concurrent.ForkJoinTask.doExec (0x000072e47fae2608) [0x000072e47fae2700, 0x000072e47fae31c0] Compiler: c1, Barriers: 0, Oops: 0, ImmediateOops: 0, NonImmediateOops: No
[2,136s][debug][gc,nmethod     ] Register NMethod: java.lang.invoke.VarHandleGuards.guard_LJJ_V (0x000072e47fae3208) [0x000072e47fae3300, 0x000072e47fae7ed0] Compiler: c1, Barriers: 46, Oops: 1, ImmediateOops: 6, NonImmediateOops: No
[2,136s][debug][gc,nmethod     ] Register NMethod: java.nio.MappedByteBuffer.position (0x000072e47fae7f08) [0x000072e47fae8000, 0x000072e47fae83c0] Compiler: c1, Barriers: 0, Oops: 0, ImmediateOops: 0, NonImmediateOops: No
[2,136s][debug][gc,nmethod     ] Register NMethod: java.lang.invoke.VarHandleSegmentAsLongs.set (0x000072e47fae8408) [0x000072e47fae8500, 0x000072e47faedad0] Compiler: c1, Barriers: 24, Oops: 2, ImmediateOops: 7, NonImmediateOops: No
[2,136s][debug][gc,nmethod     ] Register NMethod: java.nio.ByteBuffer.flip (0x000072e47faedb08) [0x000072e47faedc00, 0x000072e47faedd78] Compiler: c1, Barriers: 0, Oops: 0, ImmediateOops: 0, NonImmediateOops: No
[2,136s][debug][gc,nmethod     ] Register NMethod: io.sirix.BinaryEncodingVersion.byteVersion (0x000072e49ecc0d08) [0x000072e49ecc0e00, 0x000072e49ecc0ec8] Compiler: c1, Barriers: 0, Oops: 1, ImmediateOops: 0, NonImmediateOops: No
[2,136s][debug][gc,nmethod     ] Register NMethod: io.sirix.access.ResourceConfiguration.getBinaryEncodingVersion (0x000072e49ecc1008) [0x000072e49ecc1100, 0x000072e49ecc11e8] Compiler: c1, Barriers: 1, Oops: 1, ImmediateOops: 0, NonImmediateOops: No
[2,136s][debug][gc,nmethod     ] Register NMethod: io.sirix.page.KeyValueLeafPage.getPageKey (0x000072e49ecc1308) [0x000072e49ecc1400, 0x000072e49ecc14c0] Compiler: c1, Barriers: 0, Oops: 1, ImmediateOops: 0, NonImmediateOops: No
[2,136s][debug][gc,nmethod     ] Register NMethod: sun.security.provider.ByteArrayAccess.b2iBig64 (0x000072e47faede08) [0x000072e47faedf00, 0x000072e47faf8840] Compiler: c1, Barriers: 0, Oops: 5, ImmediateOops: 80, NonImmediateOops: No
[2,136s][debug][gc,nmethod     ] Register NMethod: sun.security.provider.SHA2.implCompressCheck (0x000072e47faf8888) [0x000072e47faf8980, 0x000072e47faf8ce8] Compiler: c1, Barriers: 0, Oops: 1, ImmediateOops: 1, NonImmediateOops: No
[2,137s][debug][gc,nmethod     ] Register NMethod: com.google.gson.stream.JsonWriter.writeDeferredName (0x000072e47faf8d08) [0x000072e47faf8e00, 0x000072e47faf9098] Compiler: c1, Barriers: 5, Oops: 1, ImmediateOops: 0, NonImmediateOops: No
[2,137s][debug][gc,nmethod     ] Register NMethod: com.google.gson.stream.JsonWriter.beforeValue (0x000072e47faf9108) [0x000072e47faf9200, 0x000072e47fafa0f0] Compiler: c1, Barriers: 5, Oops: 1, ImmediateOops: 3, NonImmediateOops: No
[2,138s][debug][gc,nmethod     ] Register NMethod: sun.nio.fs.UnixPath.initOffsets (0x000072e47fafa108) [0x000072e47fafa200, 0x000072e47fafabe8] Compiler: c1, Barriers: 8, Oops: 0, ImmediateOops: 0, NonImmediateOops: No
[2,138s][debug][gc,nmethod     ] Register NMethod: io.sirix.cache.ShardedPageCache.remove (0x000072e47fafac08) [0x000072e47fafad00, 0x000072e47fafbaf8] Compiler: c1, Barriers: 1, Oops: 1, ImmediateOops: 0, NonImmediateOops: No
[2,138s][debug][gc,nmethod     ] Register NMethod: io.sirix.cache.ShardedPageCache.remove (0x000072e47fafbb08) [0x000072e47fafbc00, 0x000072e47fafc5e0] Compiler: c1, Barriers: 1, Oops: 1, ImmediateOops: 0, NonImmediateOops: No
[2,138s][debug][gc,nmethod     ] Register NMethod: java.nio.CharBuffer.arrayOffset (0x000072e49ecc1608) [0x000072e49ecc1700, 0x000072e49ecc1810] Compiler: jvmci, Barriers: 1, Oops: 0, ImmediateOops: 0, NonImmediateOops: No
[2,138s][debug][gc,nmethod     ] Register NMethod: java.nio.Bits.tryReserveMemory (0x000072e47fafc608) [0x000072e47fafc700, 0x000072e47fafd0f0] Compiler: c1, Barriers: 0, Oops: 0, ImmediateOops: 5, NonImmediateOops: No
[2,139s][debug][gc,nmethod     ] Register NMethod: io.sirix.page.KeyValueLeafPage.processEntries (0x000072e47fafd108) [0x000072e47fafd200, 0x000072e47fb117a0] Compiler: c1, Barriers: 66, Oops: 5, ImmediateOops: 41, NonImmediateOops: No
[2,139s][debug][gc,nmethod     ] Register NMethod: sun.security.provider.SHA2.implCompress (0x000072e47fb11808) [0x000072e47fb11900, 0x000072e47fb11d10] Compiler: c1, Barriers: 0, Oops: 1, ImmediateOops: 1, NonImmediateOops: No
[2,139s][debug][gc,nmethod     ] Register NMethod: jdk.internal.foreign.MemorySessionImpl.checkValidStateRaw (0x000072e49ecc1908) [0x000072e49ecc1a00, 0x000072e49ecc1b78] Compiler: jvmci, Barriers: 2, Oops: 0, ImmediateOops: 0, NonImmediateOops: No
[2,139s][debug][gc,nmethod     ] Register NMethod: java.util.stream.AbstractSpinedBuffer.count (0x000072e47fb11d88) [0x000072e47fb11e80, 0x000072e47fb12058] Compiler: c1, Barriers: 1, Oops: 0, ImmediateOops: 0, NonImmediateOops: No
[2,139s][debug][gc,nmethod     ] Register NMethod: io.sirix.node.GrowingMemorySegment.getUsedSegment (0x000072e47fb12088) [0x000072e47fb12180, 0x000072e47fb12790] Compiler: c1, Barriers: 2, Oops: 1, ImmediateOops: 0, NonImmediateOops: No
[2,139s][debug][gc,nmethod     ] Register NMethod: java.io.FilterOutputStream.<init> (0x000072e47fb12808) [0x000072e47fb12900, 0x000072e47fb12c58] Compiler: c1, Barriers: 6, Oops: 0, ImmediateOops: 0, NonImmediateOops: No
[2,139s][debug][gc,nmethod     ] Register NMethod: com.google.common.base.Preconditions.checkPositionIndexes (0x000072e47fb12c88) [0x000072e47fb12d80, 0x000072e47fb12fe8] Compiler: c1, Barriers: 0, Oops: 1, ImmediateOops: 0, NonImmediateOops: No
[2,139s][debug][gc,nmethod     ] Register NMethod: com.google.common.hash.MessageDigestHashFunction$MessageDigestHasher.checkNotDone (0x000072e47fb13008) [0x000072e47fb13100, 0x000072e47fb13488] Compiler: c1, Barriers: 0, Oops: 2, ImmediateOops: 2, NonImmediateOops: No
[2,139s][debug][gc,nmethod     ] Register NMethod: java.util.concurrent.atomic.AtomicInteger.get (0x000072e49ecc1c08) [0x000072e49ecc1d00, 0x000072e49ecc1dc0] Compiler: c1, Barriers: 0, Oops: 0, ImmediateOops: 0, NonImmediateOops: No
[2,139s][debug][gc,nmethod     ] Register NMethod: jdk.internal.misc.ScopedMemoryAccess.getScopedMemoryAccess (0x000072e49ecc1f08) [0x000072e49ecc2000, 0x000072e49ecc2070] Compiler: jvmci, Barriers: 0, Oops: 0, ImmediateOops: 1, NonImmediateOops: No
[2,139s][debug][gc,nmethod     ] Register NMethod: io.sirix.node.MemorySegmentBytesOut.toByteArray (0x000072e47fb13508) [0x000072e47fb13600, 0x000072e47fb13778] Compiler: c1, Barriers: 1, Oops: 1, ImmediateOops: 0, NonImmediateOops: No
[2,139s][debug][gc,nmethod     ] Register NMethod: io.sirix.node.MemorySegmentBytesOut.writeLong (0x000072e47fb13808) [0x000072e47fb13900, 0x000072e47fb13a88] Compiler: c1, Barriers: 1, Oops: 1, ImmediateOops: 0, NonImmediateOops: No
[2,139s][debug][gc,nmethod     ] Register NMethod: java.lang.Long.parallelSuffix (0x000072e47fb13b08) [0x000072e47fb13c00, 0x000072e47fb13d38] Compiler: c1, Barriers: 0, Oops: 0, ImmediateOops: 0, NonImmediateOops: No
[2,139s][debug][gc,nmethod     ] Register NMethod: java.util.concurrent.ForkJoinTask.noUserHelp (0x000072e47fb13e08) [0x000072e47fb13f00, 0x000072e47fb14010] Compiler: c1, Barriers: 0, Oops: 0, ImmediateOops: 0, NonImmediateOops: No
[2,139s][debug][gc,director    ] Rule Major: Warmup 10%, Used: 310MB, UsedThreshold: 1228MB
[2,140s][debug][gc,nmethod     ] Register NMethod: jdk.internal.foreign.AbstractMemorySegmentImpl.checkAccess (0x000072e49ecc2208) [0x000072e49ecc2300, 0x000072e49ecc2478] Compiler: jvmci, Barriers: 0, Oops: 0, ImmediateOops: 0, NonImmediateOops: No
[2,140s][debug][gc,nmethod     ] Register NMethod: io.sirix.node.GrowingMemorySegment.writeLong (0x000072e47fb14108) [0x000072e47fb14200, 0x000072e47fb18030] Compiler: c1, Barriers: 5, Oops: 6, ImmediateOops: 11, NonImmediateOops: No
[2,140s][debug][gc,nmethod     ] Register NMethod: sun.nio.ch.NativeDispatcher.needsPositionLock (0x000072e49ecc2508) [0x000072e49ecc2600, 0x000072e49ecc26c0] Compiler: c1, Barriers: 0, Oops: 0, ImmediateOops: 0, NonImmediateOops: No
[2,140s][debug][gc,nmethod     ] Register NMethod: io.sirix.node.MemorySegmentBytesOut.clear (0x000072e47fb18088) [0x000072e47fb18180, 0x000072e47fb18338] Compiler: c1, Barriers: 1, Oops: 1, ImmediateOops: 0, NonImmediateOops: No
[2,140s][debug][gc,nmethod     ] Register NMethod: io.sirix.node.GrowingMemorySegment.reset (0x000072e47fb18388) [0x000072e47fb18480, 0x000072e47fb18588] Compiler: c1, Barriers: 0, Oops: 1, ImmediateOops: 0, NonImmediateOops: No
[2,140s][debug][gc,nmethod     ] Register NMethod: java.nio.ByteOrder.nativeOrder (0x000072e49ecc2808) [0x000072e49ecc2900, 0x000072e49ecc2970] Compiler: jvmci, Barriers: 0, Oops: 0, ImmediateOops: 1, NonImmediateOops: No
[2,141s][debug][gc,nmethod     ] Register NMethod: io.sirix.access.trx.page.AbstractForwardingStorageEngineReader.getResourceSession (0x000072e47fb18688) [0x000072e47fb18780, 0x000072e47fb18cb8] Compiler: c1, Barriers: 2, Oops: 1, ImmediateOops: 1, NonImmediateOops: No
[2,141s][debug][gc,nmethod     ] Register NMethod: io.sirix.node.GrowingMemorySegment.toByteArray (0x000072e47fb18d08) [0x000072e47fb18e00, 0x000072e47fb1f918] Compiler: c1, Barriers: 7, Oops: 9, ImmediateOops: 16, NonImmediateOops: No
[2,141s][debug][gc,nmethod     ] Register NMethod: java.util.concurrent.ConcurrentHashMap.values (0x000072e47fb1f988) [0x000072e47fb1fa80, 0x000072e47fb1fe58] Compiler: c1, Barriers: 7, Oops: 0, ImmediateOops: 0, NonImmediateOops: No
[2,142s][debug][gc,nmethod     ] Register NMethod: java.lang.invoke.VarHandleGuards.guard_LLL_Z (0x000072e49ecc2b08) [0x000072e49ecc2c20, 0x000072e49ecc3388] Compiler: jvmci, Barriers: 23, Oops: 0, ImmediateOops: 5, NonImmediateOops: No
[2,142s][debug][gc,nmethod     ] Register NMethod: org.gradle.internal.remote.internal.hub.MessageHub.access$300 (0x000072e49ecc3408) [0x000072e49ecc3500, 0x000072e49ecc35d0] Compiler: c1, Barriers: 1, Oops: 1, ImmediateOops: 0, NonImmediateOops: No
[2,142s][debug][gc,nmethod     ] Register NMethod: com.google.gson.stream.JsonWriter.name (0x000072e47fb1fe88) [0x000072e47fb1ff80, 0x000072e47fb20488] Compiler: c1, Barriers: 4, Oops: 2, ImmediateOops: 2, NonImmediateOops: No
[2,142s][debug][gc,nmethod     ] Register NMethod: java.io.OutputStreamWriter.append (0x000072e47fb20508) [0x000072e47fb20600, 0x000072e47fb21788] Compiler: c1, Barriers: 3, Oops: 0, ImmediateOops: 1, NonImmediateOops: No
[2,142s][debug][gc,nmethod     ] Register NMethod: com.google.gson.stream.JsonReader.nextName (0x000072e47fb21808) [0x000072e47fb21900, 0x000072e47fb232b0] Compiler: c1, Barriers: 4, Oops: 2, ImmediateOops: 3, NonImmediateOops: No
[2,142s][debug][gc,nmethod     ] Register NMethod: com.google.common.collect.ForwardingObject.<init> (0x000072e47fb23308) [0x000072e47fb23400, 0x000072e47fb23570] Compiler: c1, Barriers: 0, Oops: 1, ImmediateOops: 0, NonImmediateOops: No
[2,142s][debug][gc,nmethod     ] Register NMethod: io.sirix.cache.TransactionIntentLog.get (0x000072e47fb23608) [0x000072e47fb23700, 0x000072e47fb23ea0] Compiler: c1, Barriers: 1, Oops: 1, ImmediateOops: 0, NonImmediateOops: No
[2,143s][debug][gc,nmethod     ] Register NMethod: jdk.internal.misc.Unsafe.compareAndExchangeLong (0x000072e49ecc3708) [0x000072e49ecc3800, 0x000072e49ecc3968] Compiler: , Barriers: 0, Oops: 0, ImmediateOops: 0, NonImmediateOops: No
[2,143s][debug][gc,nmethod     ] Register NMethod: jdk.internal.misc.Unsafe.freeMemory0 (0x000072e49ecc3a08) [0x000072e49ecc3b00, 0x000072e49ecc3c48] Compiler: , Barriers: 0, Oops: 0, ImmediateOops: 0, NonImmediateOops: No
[2,143s][debug][gc,nmethod     ] Register NMethod: io.sirix.node.NodeKind.getId (0x000072e49ecc3d08) [0x000072e49ecc3e00, 0x000072e49ecc3ec8] Compiler: c1, Barriers: 0, Oops: 1, ImmediateOops: 0, NonImmediateOops: No
[2,143s][debug][gc,nmethod     ] Register NMethod: java.nio.ByteBuffer.wrap (0x000072e47fb23f08) [0x000072e47fb24000, 0x000072e47fb24120] Compiler: c1, Barriers: 0, Oops: 0, ImmediateOops: 0, NonImmediateOops: No
[2,143s][debug][gc,nmethod     ] Register NMethod: jdk.internal.foreign.layout.AbstractLayout.name (0x000072e49ecc4008) [0x000072e49ecc4100, 0x000072e49ecc41e8] Compiler: c1, Barriers: 1, Oops: 0, ImmediateOops: 0, NonImmediateOops: No
[2,144s][debug][gc,nmethod     ] Register NMethod: io.sirix.page.KeyValueLeafPage.getAvailableSpace (0x000072e47fb24208) [0x000072e47fb24300, 0x000072e47fb29dc0] Compiler: c1, Barriers: 19, Oops: 7, ImmediateOops: 12, NonImmediateOops: No
[2,145s][debug][gc,nmethod     ] Register NMethod: io.sirix.page.KeyValueLeafPage.isClosed (0x000072e49ecc4308) [0x000072e49ecc4400, 0x000072e49ecc44c0] Compiler: c1, Barriers: 0, Oops: 1, ImmediateOops: 0, NonImmediateOops: No
[2,146s][debug][gc,nmethod     ] Register NMethod: net.jpountz.util.SafeUtils.readIntLE (0x000072e47fb29e08) [0x000072e47fb29f00, 0x000072e47fb2a0a0] Compiler: c1, Barriers: 0, Oops: 1, ImmediateOops: 0, NonImmediateOops: No
[2,148s][debug][gc,nmethod     ] Register NMethod: it.unimi.dsi.fastutil.HashCommon.maxFill (0x000072e47fb2a108) [0x000072e47fb2a200, 0x000072e47fb2a460] Compiler: c1, Barriers: 0, Oops: 1, ImmediateOops: 0, NonImmediateOops: No
[2,148s][debug][gc,nmethod     ] Register NMethod: it.unimi.dsi.fastutil.HashCommon.nextPowerOfTwo (0x000072e47fb2a488) [0x000072e47fb2a580, 0x000072e47fb2a780] Compiler: c1, Barriers: 0, Oops: 1, ImmediateOops: 0, NonImmediateOops: No
[2,149s][debug][gc,nmethod     ] Register NMethod: it.unimi.dsi.fastutil.HashCommon.arraySize (0x000072e47fb2a808) [0x000072e47fb2a900, 0x000072e47fb2bea0] Compiler: c1, Barriers: 0, Oops: 4, ImmediateOops: 4, NonImmediateOops: No
[2,150s][debug][gc,director    ] Rule Major: Warmup 10%, Used: 312MB, UsedThreshold: 1228MB
[2,150s][debug][gc,nmethod     ] Register NMethod: java.util.concurrent.ConcurrentHashMap$ValueIterator.<init> (0x000072e47fb2bf08) [0x000072e47fb2c000, 0x000072e47fb2c130] Compiler: c1, Barriers: 0, Oops: 0, ImmediateOops: 0, NonImmediateOops: No
[2,150s][debug][gc,nmethod     ] Register NMethod: java.util.concurrent.ConcurrentHashMap$ValuesView.iterator (0x000072e47fb2c208) [0x000072e47fb2c300, 0x000072e47fb2c570] Compiler: c1, Barriers: 2, Oops: 0, ImmediateOops: 0, NonImmediateOops: No
[2,150s][debug][gc,nmethod     ] Register NMethod: java.nio.ByteBuffer.allocate (0x000072e47fb2c588) [0x000072e47fb2c680, 0x000072e47fb2c878] Compiler: c1, Barriers: 0, Oops: 0, ImmediateOops: 0, NonImmediateOops: No
[2,151s][debug][gc,nmethod     ] Register NMethod: java.lang.StringLatin1.inflate (0x000072e49ecc4608) [0x000072e49ecc4700, 0x000072e49ecc4978] Compiler: jvmci, Barriers: 0, Oops: 0, ImmediateOops: 0, NonImmediateOops: No
[2,151s][debug][gc,nmethod     ] Register NMethod: java.util.concurrent.locks.AbstractQueuedSynchronizer.signalNext (0x000072e47fb2c888) [0x000072e47fb2c980, 0x000072e47fb2dbf8] Compiler: c1, Barriers: 2, Oops: 0, ImmediateOops: 2, NonImmediateOops: No
[2,152s][debug][gc,nmethod     ] Register NMethod: java.nio.channels.spi.AbstractInterruptibleChannel.begin (0x000072e47fb2dc08) [0x000072e47fb2dd00, 0x000072e47fb2eb38] Compiler: c1, Barriers: 10, Oops: 0, ImmediateOops: 1, NonImmediateOops: No
[2,152s][debug][gc,nmethod     ] Register NMethod: java.nio.channels.spi.AbstractInterruptibleChannel.end (0x000072e47fb2eb88) [0x000072e47fb2ec80, 0x000072e47fb2f988] Compiler: c1, Barriers: 12, Oops: 0, ImmediateOops: 1, NonImmediateOops: No
[2,153s][debug][gc,nmethod     ] Register NMethod: org.gradle.internal.dispatch.MethodInvocation.getMethod (0x000072e49ecc4988) [0x000072e49ecc4a80, 0x000072e49ecc4b68] Compiler: c1, Barriers: 1, Oops: 1, ImmediateOops: 0, NonImmediateOops: No
[2,153s][debug][gc,nmethod     ] Register NMethod: org.gradle.internal.dispatch.MethodInvocation.getArguments (0x000072e49ecc4c88) [0x000072e49ecc4d80, 0x000072e49ecc4e68] Compiler: c1, Barriers: 1, Oops: 1, ImmediateOops: 0, NonImmediateOops: No
[2,154s][debug][gc,nmethod     ] Register NMethod: org.junit.jupiter.engine.extension.MutableExtensionRegistry$$Lambda/0x00000000b31ae140.test (0x000072e47fb2fa08) [0x000072e47fb2fb00, 0x000072e47fb30040] Compiler: c1, Barriers: 1, Oops: 1, ImmediateOops: 0, NonImmediateOops: No
[2,154s][debug][gc,nmethod     ] Register NMethod: java.util.ArrayDeque.peekFirst (0x000072e47fb30088) [0x000072e47fb30180, 0x000072e47fb30370] Compiler: c1, Barriers: 2, Oops: 0, ImmediateOops: 0, NonImmediateOops: No
[2,154s][debug][gc,nmethod     ] Register NMethod: java.lang.String.compareTo (0x000072e47fb30388) [0x000072e47fb30480, 0x000072e47fb30cb0] Compiler: c1, Barriers: 2, Oops: 0, ImmediateOops: 0, NonImmediateOops: No
[2,154s][debug][gc,nmethod     ] Register NMethod: kotlin.jvm.internal.Intrinsics.checkNotNull (0x000072e47fb30d08) [0x000072e47fb30e00, 0x000072e47fb315a0] Compiler: c1, Barriers: 1, Oops: 2, ImmediateOops: 2, NonImmediateOops: No
[2,155s][debug][gc,nmethod     ] Register NMethod: java.io.File.isDirectory (0x000072e47fb31608) [0x000072e47fb31700, 0x000072e47fb31ab0] Compiler: c1, Barriers: 0, Oops: 0, ImmediateOops: 1, NonImmediateOops: No
[2,155s][debug][gc,nmethod     ] Register NMethod: java.util.ArrayDeque.peek (0x000072e47fb31b08) [0x000072e47fb31c00, 0x000072e47fb31e60] Compiler: c1, Barriers: 2, Oops: 0, ImmediateOops: 0, NonImmediateOops: No
[2,156s][debug][gc,nmethod     ] Register NMethod: kotlin.io.FileTreeWalk$FileTreeWalkIterator$BottomUpDirectoryState.step (0x000072e47fb31e88) [0x000072e47fb31f80, 0x000072e47fb34d88] Compiler: c1, Barriers: 23, Oops: 2, ImmediateOops: 5, NonImmediateOops: No
[2,156s][debug][gc,nmethod     ] Rebuilding NMethod Table: 4096->8192 entries, 2868(70%->35%) registered, 0(0%->0%) unregistered
[2,156s][debug][gc,nmethod     ] Register NMethod: java.util.stream.MatchOps$BooleanTerminalSink.getAndClearState (0x000072e49ecc4f88) [0x000072e49ecc5080, 0x000072e49ecc5140] Compiler: c1, Barriers: 0, Oops: 0, ImmediateOops: 0, NonImmediateOops: No
[2,157s][debug][gc,nmethod     ] Register NMethod: java.util.stream.Sink.end (0x000072e49ecc5288) [0x000072e49ecc5380, 0x000072e49ecc5400] Compiler: jvmci, Barriers: 0, Oops: 0, ImmediateOops: 0, NonImmediateOops: No
[2,157s][debug][gc,nmethod     ] Register NMethod: java.util.Collections$UnmodifiableCollection.size (0x000072e47fb34e08) [0x000072e47fb34f00, 0x000072e47fb35240] Compiler: c1, Barriers: 1, Oops: 0, ImmediateOops: 0, NonImmediateOops: No
[2,157s][debug][gc,nmethod     ] Register NMethod: java.lang.Class.copyMethods (0x000072e47fb35288) [0x000072e47fb35380, 0x000072e47fb35db8] Compiler: c1, Barriers: 9, Oops: 0, ImmediateOops: 4, NonImmediateOops: No
[2,157s][debug][gc,nmethod     ] Register NMethod: java.util.stream.ReduceOps$ReduceOp.evaluateSequential (0x000072e47fb35e08) [0x000072e47fb35f00, 0x000072e47fb36838] Compiler: c1, Barriers: 0, Oops: 0, ImmediateOops: 0, NonImmediateOops: No
[2,157s][debug][gc,nmethod     ] Register NMethod: java.util.regex.Pattern$CharPropertyGreedy.match (0x000072e47fb36888) [0x000072e47fb36980, 0x000072e47fb376d0] Compiler: c1, Barriers: 2, Oops: 0, ImmediateOops: 0, NonImmediateOops: No
[2,158s][debug][gc,nmethod     ] Register NMethod: java.util.stream.Collectors$$Lambda/0x00000000b310f300.get (0x000072e47fb37708) [0x000072e47fb37800, 0x000072e47fb37b48] Compiler: c1, Barriers: 3, Oops: 0, ImmediateOops: 1, NonImmediateOops: No
[2,158s][debug][gc,nmethod     ] Register NMethod: java.util.stream.Collectors.toList (0x000072e47fb37b88) [0x000072e47fb37c80, 0x000072e47fb38048] Compiler: c1, Barriers: 0, Oops: 5, ImmediateOops: 4, NonImmediateOops: No
[2,158s][debug][gc,nmethod     ] Register NMethod: java.lang.StringLatin1.trim (0x000072e47fb38088) [0x000072e47fb38180, 0x000072e47fb384f8] Compiler: c1, Barriers: 0, Oops: 0, ImmediateOops: 0, NonImmediateOops: No
[2,158s][debug][gc,nmethod     ] Register NMethod: org.junit.platform.commons.util.Preconditions.notBlank (0x000072e47fb38508) [0x000072e47fb38600, 0x000072e47fb38e68] Compiler: c1, Barriers: 1, Oops: 1, ImmediateOops: 0, NonImmediateOops: No
[2,158s][debug][gc,nmethod     ] Register NMethod: org.junit.platform.commons.util.StringUtils.isNotBlank (0x000072e47fb38e88) [0x000072e47fb38f80, 0x000072e47fb39620] Compiler: c1, Barriers: 1, Oops: 1, ImmediateOops: 0, NonImmediateOops: No
[2,158s][debug][gc,nmethod     ] Register NMethod: org.junit.platform.commons.util.StringUtils.isBlank (0x000072e47fb39688) [0x000072e47fb39780, 0x000072e47fb3a178] Compiler: c1, Barriers: 3, Oops: 1, ImmediateOops: 0, NonImmediateOops: No
[2,160s][debug][gc,director    ] Rule Major: Warmup 10%, Used: 314MB, UsedThreshold: 1228MB
[2,161s][debug][gc,nmethod     ] Register NMethod: java.io.FileDescriptor.attach (0x000072e47fb3a188) [0x000072e47fb3a280, 0x000072e47fb3b270] Compiler: c1, Barriers: 16, Oops: 0, ImmediateOops: 1, NonImmediateOops: No
[2,162s][debug][gc,nmethod     ] Register NMethod: jdk.internal.foreign.SegmentFactories.allocateNativeSegment (0x000072e47fb3b288) [0x000072e47fb3b380, 0x000072e47fb3b940] Compiler: c1, Barriers: 3, Oops: 0, ImmediateOops: 1, NonImmediateOops: No
[2,163s][debug][gc,nmethod     ] Register NMethod: java.lang.invoke.VarHandleReferences$FieldInstanceReadOnly.getVolatile (0x000072e47fb3b988) [0x000072e47fb3ba80, 0x000072e47fb3c4a8] Compiler: c1, Barriers: 2, Oops: 1, ImmediateOops: 0, NonImmediateOops: No
[2,163s][debug][gc,nmethod     ] Register NMethod: java.nio.Bits.reserveMemory (0x000072e47fb3c508) [0x000072e47fb3c600, 0x000072e47fb3f540] Compiler: c1, Barriers: 4, Oops: 4, ImmediateOops: 13, NonImmediateOops: No
[2,163s][debug][gc,nmethod     ] Register NMethod: jdk.internal.foreign.SharedSession$SharedResourceList.add (0x000072e47fb3f588) [0x000072e47fb3f680, 0x000072e47fb42168] Compiler: c1, Barriers: 9, Oops: 7, ImmediateOops: 21, NonImmediateOops: No
[2,163s][debug][gc,nmethod     ] Register NMethod: java.lang.invoke.VarHandleGuards.guard_L_L (0x000072e47fb42208) [0x000072e47fb42300, 0x000072e47fb45780] Compiler: c1, Barriers: 29, Oops: 0, ImmediateOops: 2, NonImmediateOops: No
[2,164s][debug][gc,nmethod     ] Register NMethod: io.sirix.node.GrowingMemorySegment.writeShort (0x000072e47fb45788) [0x000072e47fb45880, 0x000072e47fb496b0] Compiler: c1, Barriers: 5, Oops: 6, ImmediateOops: 11, NonImmediateOops: No
[2,164s][debug][gc,nmethod     ] Register NMethod: io.sirix.node.GrowingMemorySegment.<init> (0x000072e47fb49708) [0x000072e47fb49800, 0x000072e47fb4a3d0] Compiler: c1, Barriers: 6, Oops: 2, ImmediateOops: 1, NonImmediateOops: No
[2,164s][debug][gc,nmethod     ] Register NMethod: jdk.internal.foreign.MemorySessionImpl.createImplicit (0x000072e47fb4a408) [0x000072e47fb4a500, 0x000072e47fb4abb8] Compiler: c1, Barriers: 3, Oops: 0, ImmediateOops: 0, NonImmediateOops: No
[2,164s][debug][gc,nmethod     ] Register NMethod: jdk.internal.foreign.ImplicitSession.<init> (0x000072e47fb4ac08) [0x000072e47fb4ad00, 0x000072e47fb4b390] Compiler: c1, Barriers: 6, Oops: 0, ImmediateOops: 0, NonImmediateOops: No
[2,164s][debug][gc,nmethod     ] Register NMethod: jdk.internal.foreign.SharedSession.<init> (0x000072e47fb4b408) [0x000072e47fb4b500, 0x000072e47fb4b918] Compiler: c1, Barriers: 6, Oops: 0, ImmediateOops: 0, NonImmediateOops: No
[2,164s][debug][gc,nmethod     ] Register NMethod: jdk.internal.foreign.SharedSession$SharedResourceList.<init> (0x000072e47fb4b988) [0x000072e47fb4ba80, 0x000072e47fb4bc38] Compiler: c1, Barriers: 0, Oops: 0, ImmediateOops: 0, NonImmediateOops: No
[2,164s][debug][gc,nmethod     ] Register NMethod: java.lang.foreign.Arena.ofAuto (0x000072e47fb4bc88) [0x000072e47fb4bd80, 0x000072e47fb4c888] Compiler: c1, Barriers: 6, Oops: 1, ImmediateOops: 1, NonImmediateOops: No
[2,164s][debug][gc,nmethod     ] Register NMethod: jdk.internal.foreign.MemorySessionImpl.asArena (0x000072e47fb4c908) [0x000072e47fb4ca00, 0x000072e47fb4ce90] Compiler: c1, Barriers: 3, Oops: 0, ImmediateOops: 0, NonImmediateOops: No
[2,164s][debug][gc,nmethod     ] Register NMethod: jdk.internal.foreign.ArenaImpl.<init> (0x000072e47fb4cf08) [0x000072e47fb4d000, 0x000072e47fb4d3e0] Compiler: c1, Barriers: 3, Oops: 0, ImmediateOops: 0, NonImmediateOops: No
[2,164s][debug][gc,nmethod     ] Register NMethod: jdk.internal.foreign.MemorySessionImpl$ResourceList.<init> (0x000072e47fb4d408) [0x000072e47fb4d500, 0x000072e47fb4d658] Compiler: c1, Barriers: 0, Oops: 0, ImmediateOops: 0, NonImmediateOops: No
[2,164s][debug][gc,nmethod     ] Register NMethod: io.sirix.page.delegates.ReferencesPage4.getReferences (0x000072e49ecc5588) [0x000072e49ecc5680, 0x000072e49ecc5768] Compiler: c1, Barriers: 1, Oops: 1, ImmediateOops: 0, NonImmediateOops: No
[2,164s][debug][gc,nmethod     ] Register NMethod: java.util.stream.Node.getChildCount (0x000072e49ecc5888) [0x000072e49ecc5980, 0x000072e49ecc5a40] Compiler: c1, Barriers: 0, Oops: 0, ImmediateOops: 0, NonImmediateOops: No
[2,164s][debug][gc,nmethod     ] Register NMethod: io.sirix.node.GrowingMemorySegment.setPosition (0x000072e49ecc5b88) [0x000072e49ecc5c80, 0x000072e49ecc5d40] Compiler: c1, Barriers: 0, Oops: 1, ImmediateOops: 0, NonImmediateOops: No
[2,165s][debug][gc,nmethod     ] Register NMethod: net.jpountz.xxhash.XXHashFactory.newStreamingHash32 (0x000072e47fb4d708) [0x000072e47fb4d800, 0x000072e47fb4dbb0] Compiler: c1, Barriers: 1, Oops: 1, ImmediateOops: 0, NonImmediateOops: No
[2,165s][debug][gc,nmethod     ] Register NMethod: jdk.internal.foreign.AbstractMemorySegmentImpl.set (0x000072e47fb4dc08) [0x000072e47fb4dd00, 0x000072e47fb53280] Compiler: c1, Barriers: 42, Oops: 6, ImmediateOops: 18, NonImmediateOops: No
[2,165s][debug][gc,nmethod     ] Register NMethod: java.lang.invoke.VarHandleSegmentAsShorts.set (0x000072e47fb53308) [0x000072e47fb53400, 0x000072e47fb589d0] Compiler: c1, Barriers: 24, Oops: 2, ImmediateOops: 7, NonImmediateOops: No
[2,165s][debug][gc,nmethod     ] Register NMethod: java.lang.invoke.VarHandleSegmentAsShorts.set (0x000072e47fb58a08) [0x000072e47fb58b00, 0x000072e47fb5de58] Compiler: c1, Barriers: 24, Oops: 2, ImmediateOops: 7, NonImmediateOops: No
[2,166s][debug][gc,nmethod     ] Register NMethod: java.io.FileDescriptor$1.get (0x000072e47fb5de88) [0x000072e47fb5df80, 0x000072e47fb5e088] Compiler: c1, Barriers: 0, Oops: 0, ImmediateOops: 0, NonImmediateOops: No
[2,166s][debug][gc,nmethod     ] Register NMethod: java.io.FileDescriptor$1.getHandle (0x000072e47fb5e188) [0x000072e47fb5e280, 0x000072e47fb5e388] Compiler: c1, Barriers: 0, Oops: 0, ImmediateOops: 0, NonImmediateOops: No
[2,166s][debug][gc,nmethod     ] Register NMethod: java.io.FileCleanable.<init> (0x000072e47fb5e488) [0x000072e47fb5e580, 0x000072e47fb5e6e0] Compiler: c1, Barriers: 0, Oops: 0, ImmediateOops: 0, NonImmediateOops: No
[2,167s][debug][gc,nmethod     ] Register NMethod: java.io.FileDescriptor.registerCleanup (0x000072e47fb5e788) [0x000072e47fb5e880, 0x000072e47fb5ef08] Compiler: c1, Barriers: 4, Oops: 1, ImmediateOops: 1, NonImmediateOops: No
[2,167s][debug][gc,nmethod     ] Register NMethod: io.sirix.access.DatabaseConfiguration$DatabasePaths.getFile (0x000072e49ecc5e88) [0x000072e49ecc5f80, 0x000072e49ecc6068] Compiler: c1, Barriers: 1, Oops: 1, ImmediateOops: 0, NonImmediateOops: No
[2,167s][debug][gc,nmethod     ] Register NMethod: java.io.FileCleanable.register (0x000072e47fb5ef88) [0x000072e47fb5f080, 0x000072e47fb5fde8] Compiler: c1, Barriers: 4, Oops: 2, ImmediateOops: 2, NonImmediateOops: No
[2,167s][debug][gc,nmethod     ] Register NMethod: sun.nio.fs.UnixPath.toString (0x000072e47fb5fe08) [0x000072e47fb5ff00, 0x000072e47fb60478] Compiler: c1, Barriers: 6, Oops: 0, ImmediateOops: 1, NonImmediateOops: No
[2,167s][debug][gc,nmethod     ] Register NMethod: io.sirix.node.xml.XmlDocumentRootNode.delegate (0x000072e49ecc6188) [0x000072e49ecc6280, 0x000072e49ecc6368] Compiler: c1, Barriers: 1, Oops: 1, ImmediateOops: 0, NonImmediateOops: No
[2,168s][debug][gc,nmethod     ] Register NMethod: io.sirix.access.trx.page.NodeStorageEngineReader.getPage (0x000072e47fb60488) [0x000072e47fb60580, 0x000072e47fb60920] Compiler: c1, Barriers: 3, Oops: 1, ImmediateOops: 0, NonImmediateOops: No
[2,168s][debug][gc,nmethod     ] Register NMethod: jdk.internal.misc.Unsafe.putIntVolatile (0x000072e49ecc6488) [0x000072e49ecc6580, 0x000072e49ecc66d8] Compiler: , Barriers: 0, Oops: 0, ImmediateOops: 0, NonImmediateOops: No
[2,168s][debug][gc,nmethod     ] Register NMethod: io.sirix.access.trx.page.NodeStorageEngineReader.loadPage (0x000072e47fb60988) [0x000072e47fb60a80, 0x000072e47fb62438] Compiler: c1, Barriers: 9, Oops: 1, ImmediateOops: 0, NonImmediateOops: No
[2,168s][debug][gc,nmethod     ] Register NMethod: net.jpountz.xxhash.XXHashFactory.nativeInstance (0x000072e47fb62488) [0x000072e47fb62580, 0x000072e47fb62af0] Compiler: c1, Barriers: 5, Oops: 2, ImmediateOops: 5, NonImmediateOops: No
[2,168s][debug][gc,nmethod     ] Register NMethod: net.jpountz.lz4.LZ4Factory.nativeInstance (0x000072e47fb62b08) [0x000072e47fb62c00, 0x000072e47fb63170] Compiler: c1, Barriers: 5, Oops: 2, ImmediateOops: 5, NonImmediateOops: No
[2,168s][debug][gc,nmethod     ] Register NMethod: net.jpountz.xxhash.StreamingXXHash32$1.reset (0x000072e47fb63188) [0x000072e47fb63280, 0x000072e47fb63790] Compiler: c1, Barriers: 1, Oops: 1, ImmediateOops: 1, NonImmediateOops: No
[2,168s][debug][gc,nmethod     ] Register NMethod: net.jpountz.xxhash.StreamingXXHash32.asChecksum (0x000072e47fb63808) [0x000072e47fb63900, 0x000072e47fb63b88] Compiler: c1, Barriers: 3, Oops: 1, ImmediateOops: 0, NonImmediateOops: No
[2,168s][debug][gc,nmethod     ] Register NMethod: net.jpountz.xxhash.StreamingXXHash32$1.update (0x000072e47fb63c08) [0x000072e47fb63d00, 0x000072e47fb63e88] Compiler: c1, Barriers: 1, Oops: 1, ImmediateOops: 0, NonImmediateOops: No
[2,168s][debug][gc,nmethod     ] Register NMethod: net.jpountz.xxhash.StreamingXXHash32JNI.update (0x000072e47fb63f08) [0x000072e47fb64000, 0x000072e47fb64408] Compiler: c1, Barriers: 0, Oops: 1, ImmediateOops: 1, NonImmediateOops: No
[2,169s][debug][gc,nmethod     ] Register NMethod: net.jpountz.xxhash.StreamingXXHash32$1.<init> (0x000072e47fb64488) [0x000072e47fb64580, 0x000072e47fb64758] Compiler: c1, Barriers: 3, Oops: 1, ImmediateOops: 0, NonImmediateOops: No
[2,169s][debug][gc,nmethod     ] Register NMethod: net.jpountz.xxhash.StreamingXXHash32JNI.getValue (0x000072e47fb64788) [0x000072e47fb64880, 0x000072e47fb64c78] Compiler: c1, Barriers: 0, Oops: 1, ImmediateOops: 1, NonImmediateOops: No
[2,169s][debug][gc,nmethod     ] Register NMethod: net.jpountz.xxhash.StreamingXXHash32$1.getValue (0x000072e47fb64c88) [0x000072e47fb64d80, 0x000072e47fb65270] Compiler: c1, Barriers: 1, Oops: 1, ImmediateOops: 1, NonImmediateOops: No
[2,169s][debug][gc,nmethod     ] Register NMethod: net.jpountz.xxhash.XXHashFactory.fastestInstance (0x000072e47fb65288) [0x000072e47fb65380, 0x000072e47fb67e28] Compiler: c1, Barriers: 35, Oops: 5, ImmediateOops: 38, NonImmediateOops: No
[2,169s][debug][gc,nmethod     ] Register NMethod: java.util.BitSet.toByteArray (0x000072e47fb67e88) [0x000072e47fb67f80, 0x000072e47fb68c00] Compiler: c1, Barriers: 3, Oops: 0, ImmediateOops: 1, NonImmediateOops: No
[2,169s][debug][gc,nmethod     ] Register NMethod: net.jpountz.lz4.LZ4Factory.fastestInstance (0x000072e47fb68c08) [0x000072e47fb68d00, 0x000072e47fb6b7a8] Compiler: c1, Barriers: 35, Oops: 5, ImmediateOops: 38, NonImmediateOops: No
[2,169s][debug][gc,nmethod     ] Register NMethod: io.sirix.io.bytepipe.ByteHandlerPipeline.serialize (0x000072e47fb6b808) [0x000072e47fb6b900, 0x000072e47fb6c520] Compiler: c1, Barriers: 1, Oops: 1, ImmediateOops: 0, NonImmediateOops: No
[2,169s][debug][gc,nmethod     ] Register NMethod: io.sirix.page.KeyValueLeafPage.addReferences (0x000072e47fb6c588) [0x000072e47fb6c680, 0x000072e47fb6d710] Compiler: c1, Barriers: 5, Oops: 1, ImmediateOops: 0, NonImmediateOops: No
[2,169s][debug][gc,nmethod     ] Register NMethod: java.io.ByteArrayOutputStream.<init> (0x000072e47fb6d788) [0x000072e47fb6d880, 0x000072e47fb6e748] Compiler: c1, Barriers: 3, Oops: 1, ImmediateOops: 2, NonImmediateOops: No
[2,169s][debug][gc,nmethod     ] Register NMethod: io.sirix.node.MemorySegmentBytesOut.<init> (0x000072e47fb6e788) [0x000072e47fb6e880, 0x000072e47fb6f5f8] Compiler: c1, Barriers: 9, Oops: 2, ImmediateOops: 1, NonImmediateOops: No
[2,169s][debug][gc,nmethod     ] Register NMethod: java.io.DataOutputStream.incCount (0x000072e47fb6f688) [0x000072e47fb6f780, 0x000072e47fb6f8b8] Compiler: c1, Barriers: 0, Oops: 0, ImmediateOops: 0, NonImmediateOops: No
[2,169s][debug][gc,nmethod     ] Register NMethod: java.io.ByteArrayOutputStream.close (0x000072e47fb6f988) [0x000072e47fb6fa80, 0x000072e47fb6fb80] Compiler: c1, Barriers: 0, Oops: 0, ImmediateOops: 0, NonImmediateOops: No
[2,169s][debug][gc,nmethod     ] Register NMethod: java.io.DataOutputStream.flush (0x000072e47fb6fc88) [0x000072e47fb6fd80, 0x000072e47fb700c0] Compiler: c1, Barriers: 1, Oops: 0, ImmediateOops: 0, NonImmediateOops: No
[2,169s][debug][gc,nmethod     ] Register NMethod: java.io.DataOutputStream.write (0x000072e47fb70108) [0x000072e47fb70200, 0x000072e47fb70730] Compiler: c1, Barriers: 1, Oops: 0, ImmediateOops: 0, NonImmediateOops: No
[2,169s][debug][gc,nmethod     ] Register NMethod: java.io.ByteArrayOutputStream.toByteArray (0x000072e47fb70788) [0x000072e47fb70880, 0x000072e47fb70b48] Compiler: c1, Barriers: 1, Oops: 0, ImmediateOops: 0, NonImmediateOops: No
[2,169s][debug][gc,nmethod     ] Register NMethod: java.io.DataOutputStream.<init> (0x000072e47fb70b88) [0x000072e47fb70c80, 0x000072e47fb711b8] Compiler: c1, Barriers: 12, Oops: 0, ImmediateOops: 0, NonImmediateOops: No
[2,170s][debug][gc,nmethod     ] Register NMethod: java.io.FilterOutputStream.close (0x000072e47fb71208) [0x000072e47fb71300, 0x000072e47fb722e8] Compiler: c1, Barriers: 4, Oops: 0, ImmediateOops: 0, NonImmediateOops: No
[2,170s][debug][gc,nmethod     ] Register NMethod: java.io.FilterOutputStream.write (0x000072e47fb72308) [0x000072e47fb72400, 0x000072e47fb72710] Compiler: c1, Barriers: 0, Oops: 0, ImmediateOops: 0, NonImmediateOops: No
[2,170s][debug][gc,nmethod     ] Register NMethod: com.google.common.hash.AbstractByteHasher.putBytes (0x000072e47fb72788) [0x000072e47fb72880, 0x000072e47fb72fa0] Compiler: c1, Barriers: 1, Oops: 2, ImmediateOops: 2, NonImmediateOops: No
[2,170s][debug][gc,nmethod     ] Register NMethod: com.google.common.hash.MessageDigestHashFunction.newHasher (0x000072e47fb73008) [0x000072e47fb73100, 0x000072e47fb745b0] Compiler: c1, Barriers: 15, Oops: 1, ImmediateOops: 2, NonImmediateOops: No
[2,170s][debug][gc,director    ] Rule Major: Warmup 10%, Used: 316MB, UsedThreshold: 1228MB
[2,170s][debug][gc,nmethod     ] Register NMethod: com.google.common.hash.HashCode$BytesHashCode.asBytes (0x000072e47fb74608) [0x000072e47fb74700, 0x000072e47fb74900] Compiler: c1, Barriers: 1, Oops: 1, ImmediateOops: 0, NonImmediateOops: No
[2,170s][debug][gc,nmethod     ] Register NMethod: com.google.common.base.Preconditions.checkArgument (0x000072e47fb74988) [0x000072e47fb74a80, 0x000072e47fb75238] Compiler: c1, Barriers: 4, Oops: 1, ImmediateOops: 1, NonImmediateOops: No
[2,170s][debug][gc,nmethod     ] Register NMethod: com.google.common.hash.AbstractHashFunction.hashBytes (0x000072e47fb75288) [0x000072e47fb75380, 0x000072e47fb76280] Compiler: c1, Barriers: 1, Oops: 2, ImmediateOops: 3, NonImmediateOops: No
[2,170s][debug][gc,nmethod     ] Register NMethod: com.google.common.hash.AbstractHashFunction.hashBytes (0x000072e47fb76308) [0x000072e47fb76400, 0x000072e47fb77110] Compiler: c1, Barriers: 1, Oops: 2, ImmediateOops: 3, NonImmediateOops: No
[2,170s][debug][gc,nmethod     ] Register NMethod: java.security.MessageDigest.update (0x000072e47fb77188) [0x000072e47fb77280, 0x000072e47fb779c0] Compiler: c1, Barriers: 1, Oops: 0, ImmediateOops: 2, NonImmediateOops: No
[2,170s][debug][gc,nmethod     ] Register NMethod: com.google.common.hash.MessageDigestHashFunction$MessageDigestHasher.update (0x000072e47fb77a08) [0x000072e47fb77b00, 0x000072e47fb78158] Compiler: c1, Barriers: 1, Oops: 2, ImmediateOops: 2, NonImmediateOops: No
[2,170s][debug][gc,nmethod     ] Register NMethod: java.nio.MappedByteBuffer.limit (0x000072e47fb78188) [0x000072e47fb78280, 0x000072e47fb78420] Compiler: c1, Barriers: 0, Oops: 0, ImmediateOops: 0, NonImmediateOops: No
[2,170s][debug][gc,nmethod     ] Register NMethod: com.google.common.hash.AbstractHashFunction.newHasher (0x000072e47fb78488) [0x000072e47fb78580, 0x000072e47fb78758] Compiler: c1, Barriers: 0, Oops: 1, ImmediateOops: 1, NonImmediateOops: No
[2,170s][debug][gc,nmethod     ] Register NMethod: net.jpountz.lz4.LZ4BlockOutputStream.writeIntLE (0x000072e49ecc6788) [0x000072e49ecc6880, 0x000072e49ecc6998] Compiler: jvmci, Barriers: 0, Oops: 1, ImmediateOops: 0, NonImmediateOops: No
[2,171s][debug][gc,nmethod     ] Register NMethod: java.nio.HeapByteBuffer.isReadOnly (0x000072e49ecc6a88) [0x000072e49ecc6b80, 0x000072e49ecc6c40] Compiler: c1, Barriers: 0, Oops: 0, ImmediateOops: 0, NonImmediateOops: No
[2,171s][debug][gc,nmethod     ] Register NMethod: com.google.common.hash.MessageDigestHashFunction$MessageDigestHasher.hash (0x000072e47fb78788) [0x000072e47fb78880, 0x000072e47fb7b380] Compiler: c1, Barriers: 13, Oops: 2, ImmediateOops: 2, NonImmediateOops: No
[2,173s][debug][gc,nmethod     ] Register NMethod: com.github.benmanes.caffeine.cache.BoundedLocalCache$BoundedLocalManualCache.cache (0x000072e47fb7b408) [0x000072e47fb7b500, 0x000072e47fb7b658] Compiler: c1, Barriers: 1, Oops: 1, ImmediateOops: 0, NonImmediateOops: No
[2,173s][debug][gc,nmethod     ] Register NMethod: java.nio.CharBuffer.position (0x000072e49ecc6d88) [0x000072e49ecc6e80, 0x000072e49ecc6f60] Compiler: jvmci, Barriers: 0, Oops: 0, ImmediateOops: 0, NonImmediateOops: No
[2,174s][debug][gc,nmethod     ] Register NMethod: java.nio.file.Files.exists (0x000072e47fb7b708) [0x000072e47fb7b800, 0x000072e47fb7bfc8] Compiler: c1, Barriers: 2, Oops: 0, ImmediateOops: 0, NonImmediateOops: No
[2,174s][debug][gc,nmethod     ] Register NMethod: sun.nio.fs.UnixFileSystemProvider.exists (0x000072e47fb7c008) [0x000072e47fb7c100, 0x000072e47fb7c950] Compiler: c1, Barriers: 0, Oops: 0, ImmediateOops: 0, NonImmediateOops: No
[2,174s][debug][gc,nmethod     ] Register NMethod: sun.nio.fs.UnixNativeDispatcher.access (0x000072e47fb7c988) [0x000072e47fb7ca80, 0x000072e47fb7d0d0] Compiler: c1, Barriers: 0, Oops: 0, ImmediateOops: 0, NonImmediateOops: No
[2,174s][debug][gc,nmethod     ] Register NMethod: io.sirix.node.MemorySegmentBytesOut.writeStopBit (0x000072e47fb7d108) [0x000072e47fb7d200, 0x000072e47fb7d5a0] Compiler: c1, Barriers: 2, Oops: 1, ImmediateOops: 0, NonImmediateOops: No
[2,174s][debug][gc,nmethod     ] Register NMethod: java.lang.System$1.currentCarrierThread (0x000072e47fb7d608) [0x000072e47fb7d700, 0x000072e47fb7d848] Compiler: c1, Barriers: 1, Oops: 0, ImmediateOops: 0, NonImmediateOops: No
[2,174s][debug][gc,nmethod     ] Register NMethod: jdk.internal.foreign.HeapMemorySegmentImpl$OfByte.unsafeGetOffset (0x000072e47fb7d908) [0x000072e47fb7da00, 0x000072e47fb7db18] Compiler: c1, Barriers: 0, Oops: 0, ImmediateOops: 0, NonImmediateOops: No
[2,175s][debug][gc,nmethod     ] Register NMethod: org.magicwerk.brownies.collections.IList$Iter.hasNext (0x000072e47fb7dc08) [0x000072e47fb7dd00, 0x000072e47fb7e110] Compiler: c1, Barriers: 1, Oops: 1, ImmediateOops: 0, NonImmediateOops: No
[2,175s][debug][gc,nmethod     ] Register NMethod: io.sirix.node.MemorySegmentBytesIn.toByteArray (0x000072e47fb7e188) [0x000072e47fb7e280, 0x000072e47fb850d0] Compiler: c1, Barriers: 7, Oops: 9, ImmediateOops: 16, NonImmediateOops: No
[2,177s][debug][gc,nmethod     ] Register NMethod: io.sirix.page.KeyValueLeafPage.close (0x000072e47fb85188) [0x000072e47fb85280, 0x000072e47fb87108] Compiler: c1, Barriers: 34, Oops: 4, ImmediateOops: 6, NonImmediateOops: No
[2,177s][debug][gc,nmethod     ] Register NMethod: java.util.concurrent.CopyOnWriteArrayList.size (0x000072e47fb87188) [0x000072e47fb87280, 0x000072e47fb87588] Compiler: c1, Barriers: 1, Oops: 0, ImmediateOops: 0, NonImmediateOops: No
[2,177s][debug][gc,nmethod     ] Register NMethod: jdk.internal.misc.Blocker.end (0x000072e47fb87608) [0x000072e47fb87700, 0x000072e47fb87b98] Compiler: c1, Barriers: 1, Oops: 0, ImmediateOops: 1, NonImmediateOops: No
[2,178s][debug][gc,nmethod     ] Register NMethod: com.google.gson.stream.JsonWriter.beforeName (0x000072e47fb87c08) [0x000072e47fb87d00, 0x000072e47fb88460] Compiler: c1, Barriers: 3, Oops: 1, ImmediateOops: 2, NonImmediateOops: No
[2,179s][debug][gc,nmethod     ] Register NMethod: java.nio.ByteBuffer.arrayOffset (0x000072e49ecc7088) [0x000072e49ecc7180, 0x000072e49ecc7290] Compiler: jvmci, Barriers: 1, Oops: 0, ImmediateOops: 0, NonImmediateOops: No
[2,179s][debug][gc,nmethod     ] Register NMethod: io.sirix.utils.OS.isWindows (0x000072e47fb88488) [0x000072e47fb88580, 0x000072e47fb88668] Compiler: c1, Barriers: 0, Oops: 1, ImmediateOops: 0, NonImmediateOops: No
[2,179s][debug][gc,nmethod     ] Register NMethod: io.sirix.cache.LinuxMemorySegmentAllocator.getInstance (0x000072e47fb88788) [0x000072e47fb88880, 0x000072e47fb88968] Compiler: c1, Barriers: 0, Oops: 1, ImmediateOops: 1, NonImmediateOops: No
[2,179s][debug][gc,nmethod     ] Register NMethod: io.sirix.page.PageReference.<init> (0x000072e47fb88a88) [0x000072e47fb88b80, 0x000072e47fb891b0] Compiler: c1, Barriers: 9, Oops: 1, ImmediateOops: 1, NonImmediateOops: No
[2,179s][debug][gc,nmethod     ] Register NMethod: java.lang.Short.valueOf (0x000072e47fb89208) [0x000072e47fb89300, 0x000072e47fb89618] Compiler: c1, Barriers: 1, Oops: 0, ImmediateOops: 1, NonImmediateOops: No
[2,179s][debug][gc,nmethod     ] Register NMethod: io.sirix.index.IndexType.getID (0x000072e49ecc7388) [0x000072e49ecc7480, 0x000072e49ecc7548] Compiler: c1, Barriers: 0, Oops: 1, ImmediateOops: 0, NonImmediateOops: No
[2,179s][debug][gc,nmethod     ] Register NMethod: io.sirix.page.RevisionRootPage.getNamePageReference (0x000072e47fb89688) [0x000072e47fb89780, 0x000072e47fb89cf0] Compiler: c1, Barriers: 1, Oops: 1, ImmediateOops: 0, NonImmediateOops: No
[2,180s][debug][gc,nmethod     ] Register NMethod: java.util.concurrent.ConcurrentHashMap.computeIfPresent (0x000072e47fb89d08) [0x000072e47fb89e00, 0x000072e47fb8c0d0] Compiler: c1, Barriers: 17, Oops: 0, ImmediateOops: 1, NonImmediateOops: No
[2,180s][debug][gc,nmethod     ] Register NMethod: io.sirix.api.StorageEngineReader.recordPageOffset (0x000072e47fb8c108) [0x000072e47fb8c200, 0x000072e47fb8c2f8] Compiler: c1, Barriers: 0, Oops: 1, ImmediateOops: 0, NonImmediateOops: No
[2,180s][debug][gc,director    ] Rule Major: Warmup 10%, Used: 318MB, UsedThreshold: 1228MB
[2,180s][debug][gc,nmethod     ] Register NMethod: jdk.internal.misc.Unsafe.getLongUnaligned (0x000072e47fb8c408) [0x000072e47fb8c500, 0x000072e47fb8c6e0] Compiler: c1, Barriers: 0, Oops: 0, ImmediateOops: 0, NonImmediateOops: No
[2,180s][debug][gc,nmethod     ] Register NMethod: java.util.stream.ReferencePipeline$StatefulOp.<init> (0x000072e47fb8c708) [0x000072e47fb8c800, 0x000072e47fb8c9b8] Compiler: c1, Barriers: 0, Oops: 0, ImmediateOops: 0, NonImmediateOops: No
[2,180s][debug][gc,nmethod     ] Register NMethod: jdk.internal.misc.ScopedMemoryAccess.getLongUnaligned (0x000072e47fb8ca08) [0x000072e47fb8cb00, 0x000072e47fb8d968] Compiler: c1, Barriers: 3, Oops: 0, ImmediateOops: 3, NonImmediateOops: No
[2,180s][debug][gc,nmethod     ] Register NMethod: jdk.internal.misc.ScopedMemoryAccess.getLongUnalignedInternal (0x000072e47fb8d988) [0x000072e47fb8da80, 0x000072e47fb8e1f8] Compiler: c1, Barriers: 2, Oops: 0, ImmediateOops: 3, NonImmediateOops: No
[2,181s][debug][gc,nmethod     ] Register NMethod: java.util.Arrays.sort (0x000072e47fb8e208) [0x000072e47fb8e300, 0x000072e47fb8e530] Compiler: c1, Barriers: 0, Oops: 0, ImmediateOops: 0, NonImmediateOops: No
[2,181s][debug][gc,nmethod     ] Register NMethod: sun.security.provider.DigestBase.engineDigest (0x000072e47fb8e588) [0x000072e47fb8e680, 0x000072e47fb8eac8] Compiler: c1, Barriers: 0, Oops: 0, ImmediateOops: 1, NonImmediateOops: No
[2,181s][debug][gc,nmethod     ] Register NMethod: java.util.stream.SortedOps$OfRef.opWrapSink (0x000072e47fb8eb08) [0x000072e47fb8ec00, 0x000072e47fb90110] Compiler: c1, Barriers: 14, Oops: 2, ImmediateOops: 2, NonImmediateOops: No
[2,181s][debug][gc,nmethod     ] Register NMethod: jdk.internal.foreign.GlobalSession.acquire0 (0x000072e47fb90188) [0x000072e47fb90280, 0x000072e47fb90380] Compiler: c1, Barriers: 0, Oops: 0, ImmediateOops: 0, NonImmediateOops: No
[2,181s][debug][gc,nmethod     ] Register NMethod: sun.security.provider.DigestBase.engineDigest (0x000072e47fb90488) [0x000072e47fb90580, 0x000072e47fb92220] Compiler: c1, Barriers: 2, Oops: 3, ImmediateOops: 5, NonImmediateOops: No
[2,181s][debug][gc,nmethod     ] Register NMethod: jdk.internal.foreign.GlobalSession.release0 (0x000072e47fb92288) [0x000072e47fb92380, 0x000072e47fb92480] Compiler: c1, Barriers: 0, Oops: 0, ImmediateOops: 0, NonImmediateOops: No
[2,181s][debug][gc,nmethod     ] Register NMethod: java.security.MessageDigestSpi.<init> (0x000072e47fb92588) [0x000072e47fb92680, 0x000072e47fb927d8] Compiler: c1, Barriers: 0, Oops: 0, ImmediateOops: 0, NonImmediateOops: No
[2,182s][debug][gc,nmethod     ] Register NMethod: jdk.internal.foreign.abi.SharedUtils.checkNative (0x000072e47fb92888) [0x000072e47fb92980, 0x000072e47fb93d20] Compiler: c1, Barriers: 0, Oops: 1, ImmediateOops: 3, NonImmediateOops: No
[2,182s][debug][gc,nmethod     ] Register NMethod: sun.security.provider.ByteArrayAccess.i2bBig (0x000072e47fb93d88) [0x000072e47fb93e80, 0x000072e47fb94ae0] Compiler: c1, Barriers: 0, Oops: 5, ImmediateOops: 5, NonImmediateOops: No
[2,182s][debug][gc,nmethod     ] Register NMethod: java.security.MessageDigest$Delegate.<init> (0x000072e47fb94b88) [0x000072e47fb94c80, 0x000072e47fb95000] Compiler: c1, Barriers: 9, Oops: 0, ImmediateOops: 0, NonImmediateOops: No
[2,182s][debug][gc,nmethod     ] Register NMethod: java.security.MessageDigest$Delegate$CloneableDelegate.<init> (0x000072e47fb95008) [0x000072e47fb95100, 0x000072e47fb954e8] Compiler: c1, Barriers: 9, Oops: 0, ImmediateOops: 0, NonImmediateOops: No
[2,182s][debug][gc,nmethod     ] Register NMethod: org.magicwerk.brownies.collections.IList$Iter.next (0x000072e47fb95508) [0x000072e47fb95600, 0x000072e47fb95df8] Compiler: c1, Barriers: 2, Oops: 1, ImmediateOops: 0, NonImmediateOops: No
[2,182s][debug][gc,nmethod     ] Register NMethod: net.jpountz.lz4.LZ4Compressor.maxCompressedLength (0x000072e47fb95e08) [0x000072e47fb95f00, 0x000072e47fb96030] Compiler: c1, Barriers: 0, Oops: 1, ImmediateOops: 0, NonImmediateOops: No
[2,182s][debug][gc,nmethod     ] Register NMethod: io.sirix.io.AbstractReader.getByteHandler (0x000072e49ecc7688) [0x000072e49ecc7780, 0x000072e49ecc7868] Compiler: c1, Barriers: 1, Oops: 1, ImmediateOops: 0, NonImmediateOops: No
[2,183s][debug][gc,nmethod     ] Register NMethod: sun.nio.ch.UnixFileDispatcherImpl.pread0 (0x000072e49ecc7988) [0x000072e49ecc7a80, 0x000072e49ecc7bf8] Compiler: , Barriers: 0, Oops: 0, ImmediateOops: 1, NonImmediateOops: No
[2,183s][debug][gc,nmethod     ] Register NMethod: io.sirix.access.trx.page.NodeStorageEngineReader.closeMostRecentPageIfOrphaned (0x000072e47fb96108) [0x000072e47fb96200, 0x000072e47fb974d0] Compiler: c1, Barriers: 4, Oops: 1, ImmediateOops: 0, NonImmediateOops: No
[2,185s][debug][gc,nmethod     ] Register NMethod: sun.nio.fs.UnixNativeDispatcher.mkdir0 (0x000072e49ecc7c88) [0x000072e49ecc7d80, 0x000072e49ecc7ed0] Compiler: , Barriers: 0, Oops: 0, ImmediateOops: 1, NonImmediateOops: No
[2,185s][debug][gc,nmethod     ] Register NMethod: com.google.common.base.Preconditions.checkArgument (0x000072e47fb97508) [0x000072e47fb97600, 0x000072e47fb97a80] Compiler: c1, Barriers: 0, Oops: 1, ImmediateOops: 1, NonImmediateOops: No
[2,185s][debug][gc,nmethod     ] Register NMethod: io.sirix.node.AbstractForwardingNode.<init> (0x000072e47fb97b08) [0x000072e47fb97c00, 0x000072e47fb97db8] Compiler: c1, Barriers: 0, Oops: 1, ImmediateOops: 0, NonImmediateOops: No
[2,185s][debug][gc,nmethod     ] Register NMethod: it.unimi.dsi.fastutil.shorts.ShortListIterator.next (0x000072e47fb97e08) [0x000072e47fb97f00, 0x000072e47fb98168] Compiler: c1, Barriers: 0, Oops: 1, ImmediateOops: 0, NonImmediateOops: No
[2,185s][debug][gc,nmethod     ] Register NMethod: it.unimi.dsi.fastutil.shorts.ShortIterator.next (0x000072e47fb98188) [0x000072e47fb98280, 0x000072e47fb98430] Compiler: c1, Barriers: 0, Oops: 1, ImmediateOops: 0, NonImmediateOops: No
[2,185s][debug][gc,nmethod     ] Register NMethod: it.unimi.dsi.fastutil.shorts.ShortListIterator.next (0x000072e47fb98488) [0x000072e47fb98580, 0x000072e47fb98a28] Compiler: c1, Barriers: 0, Oops: 1, ImmediateOops: 0, NonImmediateOops: No
[2,185s][debug][gc,nmethod     ] Register NMethod: io.sirix.cache.SegmentAllocators.getIndexForSize (0x000072e47fb98a88) [0x000072e47fb98b80, 0x000072e47fb990b8] Compiler: c1, Barriers: 0, Oops: 1, ImmediateOops: 2, NonImmediateOops: No
[2,186s][debug][gc,nmethod     ] Register NMethod: it.unimi.dsi.fastutil.shorts.ShortArrayList$1.nextShort (0x000072e47fb99108) [0x000072e47fb99200, 0x000072e47fb99570] Compiler: c1, Barriers: 2, Oops: 1, ImmediateOops: 0, NonImmediateOops: No
[2,186s][debug][gc,nmethod     ] Register NMethod: io.sirix.node.AbstractForwardingNode.getNodeKey (0x000072e47fb99588) [0x000072e47fb99680, 0x000072e47fb999b0] Compiler: c1, Barriers: 0, Oops: 1, ImmediateOops: 0, NonImmediateOops: No
[2,186s][debug][gc,nmethod     ] Register NMethod: io.sirix.node.delegates.StructNodeDelegate.getDescendantCount (0x000072e49ecc7f88) [0x000072e49ecc8080, 0x000072e49ecc8140] Compiler: c1, Barriers: 0, Oops: 1, ImmediateOops: 0, NonImmediateOops: No
[2,186s][debug][gc,nmethod     ] Register NMethod: sun.security.provider.DigestBase.clone (0x000072e47fb99a08) [0x000072e47fb99b00, 0x000072e47fb9a040] Compiler: c1, Barriers: 7, Oops: 0, ImmediateOops: 0, NonImmediateOops: No
[2,186s][debug][gc,nmethod     ] Register NMethod: io.sirix.io.bytepipe.LZ4Compressor.serialize (0x000072e47fb9a088) [0x000072e47fb9a180, 0x000072e47fb9a638] Compiler: c1, Barriers: 1, Oops: 1, ImmediateOops: 0, NonImmediateOops: No
[2,186s][debug][gc,nmethod     ] Register NMethod: net.jpountz.lz4.LZ4Compressor.compress (0x000072e47fb9a688) [0x000072e47fb9a780, 0x000072e47fb9aa88] Compiler: c1, Barriers: 0, Oops: 1, ImmediateOops: 0, NonImmediateOops: No
[2,186s][debug][gc,nmethod     ] Register NMethod: net.jpountz.lz4.LZ4BlockOutputStream.close (0x000072e47fb9ab08) [0x000072e47fb9ac00, 0x000072e47fb9b078] Compiler: c1, Barriers: 4, Oops: 1, ImmediateOops: 0, NonImmediateOops: No
[2,186s][debug][gc,nmethod     ] Register NMethod: net.jpountz.lz4.LZ4BlockOutputStream.<init> (0x000072e47fb9b088) [0x000072e47fb9b180, 0x000072e47fb9bb88] Compiler: c1, Barriers: 18, Oops: 1, ImmediateOops: 1, NonImmediateOops: No
[2,187s][debug][gc,nmethod     ] Register NMethod: net.jpountz.lz4.LZ4BlockOutputStream.write (0x000072e47fb9bc08) [0x000072e47fb9bd00, 0x000072e47fb9c7a8] Compiler: c1, Barriers: 2, Oops: 1, ImmediateOops: 2, NonImmediateOops: No
[2,187s][debug][gc,nmethod     ] Register NMethod: net.jpountz.lz4.LZ4BlockOutputStream.finish (0x000072e47fb9c808) [0x000072e47fb9c900, 0x000072e47fb9d208] Compiler: c1, Barriers: 6, Oops: 1, ImmediateOops: 1, NonImmediateOops: No
[2,187s][debug][gc,nmethod     ] Register NMethod: jdk.internal.foreign.Utils.isAligned (0x000072e47fb9d288) [0x000072e47fb9d380, 0x000072e47fb9d4c0] Compiler: c1, Barriers: 0, Oops: 0, ImmediateOops: 0, NonImmediateOops: No
[2,187s][debug][gc,nmethod     ] Register NMethod: jdk.internal.foreign.AbstractMemorySegmentImpl.<init> (0x000072e49ecc8288) [0x000072e49ecc83a0, 0x000072e49ecc8498] Compiler: jvmci, Barriers: 3, Oops: 0, ImmediateOops: 0, NonImmediateOops: No
[2,187s][debug][gc,nmethod     ] Register NMethod: sun.security.provider.SHA2$SHA256.clone (0x000072e47fb9d588) [0x000072e47fb9d680, 0x000072e47fb9e090] Compiler: c1, Barriers: 14, Oops: 0, ImmediateOops: 0, NonImmediateOops: No
[2,187s][debug][gc,nmethod     ] Register NMethod: net.jpountz.lz4.LZ4JNICompressor.compress (0x000072e47fb9e108) [0x000072e47fb9e200, 0x000072e47fb9ee40] Compiler: c1, Barriers: 0, Oops: 1, ImmediateOops: 3, NonImmediateOops: No
[2,187s][debug][gc,nmethod     ] Register NMethod: java.lang.invoke.MethodHandle.maybeCustomize (0x000072e47f7bcd88) [0x000072e47f7bce80, 0x000072e47f7bd518] Compiler: c1, Barriers: 2, Oops: 0, ImmediateOops: 0, NonImmediateOops: No
[2,187s][debug][gc,nmethod     ] Register NMethod: sun.security.provider.SHA2.implDigest (0x000072e47fb9ee88) [0x000072e47fb9ef80, 0x000072e47fba1118] Compiler: c1, Barriers: 4, Oops: 5, ImmediateOops: 12, NonImmediateOops: No
[2,187s][debug][gc,nmethod     ] Register NMethod: java.util.BitSet.set (0x000072e49ecc8588) [0x000072e49ecc8680, 0x000072e49ecc8820] Compiler: jvmci, Barriers: 1, Oops: 0, ImmediateOops: 0, NonImmediateOops: No
[2,187s][debug][gc,nmethod     ] Register NMethod: sun.security.provider.SHA2.clone (0x000072e47fba1188) [0x000072e47fba1280, 0x000072e47fba1c28] Compiler: c1, Barriers: 14, Oops: 0, ImmediateOops: 0, NonImmediateOops: No
[2,187s][debug][gc,nmethod     ] Register NMethod: net.jpountz.lz4.LZ4BlockOutputStream.flushBufferedData (0x000072e47fba1c88) [0x000072e47fba1d80, 0x000072e47fba2e20] Compiler: c1, Barriers: 14, Oops: 1, ImmediateOops: 0, NonImmediateOops: No
[2,187s][debug][gc,nmethod     ] Register NMethod: sun.nio.ch.UnixFileDispatcherImpl.size (0x000072e47fba2e88) [0x000072e47fba2f80, 0x000072e47fba30b0] Compiler: c1, Barriers: 0, Oops: 0, ImmediateOops: 0, NonImmediateOops: No
[2,187s][debug][gc,nmethod     ] Register NMethod: net.jpountz.lz4.LZ4BlockOutputStream.<init> (0x000072e47fba3188) [0x000072e47fba3280, 0x000072e47fba6618] Compiler: c1, Barriers: 39, Oops: 5, ImmediateOops: 38, NonImmediateOops: No
[2,187s][debug][gc,nmethod     ] Register NMethod: sun.nio.ch.IOStatus.normalize (0x000072e47fba6688) [0x000072e47fba6780, 0x000072e47fba68c0] Compiler: c1, Barriers: 0, Oops: 0, ImmediateOops: 0, NonImmediateOops: No
[2,187s][debug][gc,nmethod     ] Register NMethod: sun.nio.ch.FileChannelImpl.size (0x000072e47fba6988) [0x000072e47fba6a80, 0x000072e47fba8838] Compiler: c1, Barriers: 6, Oops: 0, ImmediateOops: 1, NonImmediateOops: No
[2,188s][debug][gc,nmethod     ] Register NMethod: io.sirix.page.KeyValueLeafPage.getHashCode (0x000072e49ecc8888) [0x000072e49ecc8980, 0x000072e49ecc8a70] Compiler: c1, Barriers: 1, Oops: 1, ImmediateOops: 0, NonImmediateOops: No
[2,188s][debug][gc,nmethod     ] Register NMethod: io.sirix.page.PagePersister.serializePage (0x000072e47fba8888) [0x000072e47fba8980, 0x000072e47fba96b0] Compiler: c1, Barriers: 1, Oops: 2, ImmediateOops: 1, NonImmediateOops: No
[2,188s][debug][gc,nmethod     ] Register NMethod: io.sirix.page.PageKind.getKind (0x000072e47fba9708) [0x000072e47fba9800, 0x000072e47fbaa088] Compiler: c1, Barriers: 1, Oops: 2, ImmediateOops: 1, NonImmediateOops: No
[2,188s][debug][gc,nmethod     ] Register NMethod: jdk.internal.classfile.impl.DirectCodeBuilder.invokestatic (0x000072e47fbaa108) [0x000072e47fbaa200, 0x000072e47fbaad70] Compiler: c1, Barriers: 2, Oops: 0, ImmediateOops: 0, NonImmediateOops: No
[2,188s][debug][gc,nmethod     ] Register NMethod: io.sirix.page.NamePage.delegate (0x000072e49ecc8b88) [0x000072e49ecc8c80, 0x000072e49ecc8d68] Compiler: c1, Barriers: 1, Oops: 1, ImmediateOops: 0, NonImmediateOops: No
[2,189s][debug][gc,nmethod     ] Register NMethod: java.lang.StringCoding.hasNegatives (0x000072e47fbaad88) [0x000072e47fbaae80, 0x000072e47fbaafe8] Compiler: c1, Barriers: 0, Oops: 0, ImmediateOops: 0, NonImmediateOops: No
[2,189s][debug][gc,nmethod     ] Register NMethod: sun.nio.ch.IOStatus.normalize (0x000072e47fbab088) [0x000072e47fbab180, 0x000072e47fbab2b8] Compiler: c1, Barriers: 0, Oops: 0, ImmediateOops: 0, NonImmediateOops: No
[2,189s][debug][gc,nmethod     ] Register NMethod: sun.nio.ch.IOUtil.bufferAddress (0x000072e47fbab388) [0x000072e47fbab480, 0x000072e47fbab5e0] Compiler: c1, Barriers: 0, Oops: 0, ImmediateOops: 1, NonImmediateOops: No
[2,189s][debug][gc,nmethod     ] Register NMethod: sun.nio.ch.IOUtil.releaseScope (0x000072e47fbab688) [0x000072e47fbab780, 0x000072e47fbac3a0] Compiler: c1, Barriers: 2, Oops: 0, ImmediateOops: 1, NonImmediateOops: No
[2,189s][debug][gc,nmethod     ] Register NMethod: sun.nio.ch.IOUtil.acquireScope (0x000072e47fbac408) [0x000072e47fbac500, 0x000072e47fbad9f8] Compiler: c1, Barriers: 5, Oops: 0, ImmediateOops: 3, NonImmediateOops: No
[2,190s][debug][gc,nmethod     ] Register NMethod: io.sirix.io.filechannel.FileChannelWriter.writePageReference (0x000072e47fbada08) [0x000072e47fbadb00, 0x000072e47fbb6cb0] Compiler: c1, Barriers: 52, Oops: 5, ImmediateOops: 14, NonImmediateOops: No
[2,190s][debug][gc,director    ] Rule Major: Warmup 10%, Used: 324MB, UsedThreshold: 1228MB
[2,190s][debug][gc,nmethod     ] Register NMethod: java.nio.DirectByteBuffer.base (0x000072e49ecc8e88) [0x000072e49ecc8f80, 0x000072e49ecc9048] Compiler: c1, Barriers: 0, Oops: 0, ImmediateOops: 0, NonImmediateOops: No
[2,192s][debug][gc,nmethod     ] Register NMethod: com.github.benmanes.caffeine.cache.NodeFactory.newLookupKey (0x000072e47fbb6d08) [0x000072e47fbb6e00, 0x000072e47fbb6f00] Compiler: c1, Barriers: 0, Oops: 1, ImmediateOops: 0, NonImmediateOops: No
[2,193s][debug][gc,nmethod     ] Register NMethod: io.sirix.access.trx.page.NodeStorageEngineReader.getNamePage (0x000072e47fbb7008) [0x000072e47fbb7100, 0x000072e47fbb80d8] Compiler: c1, Barriers: 4, Oops: 1, ImmediateOops: 1, NonImmediateOops: No
[2,193s][debug][gc,nmethod     ] Register NMethod: java.nio.file.Path.resolve (0x000072e47fbb8108) [0x000072e47fbb8200, 0x000072e47fbb8750] Compiler: c1, Barriers: 1, Oops: 0, ImmediateOops: 0, NonImmediateOops: No
[2,193s][debug][gc,nmethod     ] Register NMethod: java.util.concurrent.ForkJoinPool$WorkQueue.push (0x000072e47fbb8788) [0x000072e47fbb8880, 0x000072e47fbb9528] Compiler: c1, Barriers: 9, Oops: 0, ImmediateOops: 1, NonImmediateOops: No
[2,194s][debug][gc,nmethod     ] Register NMethod: jdk.internal.foreign.layout.ValueLayouts$AbstractValueLayout.assertCarrierSize (0x000072e47fbb9588) [0x000072e47fbb9680, 0x000072e47fbb9790] Compiler: c1, Barriers: 0, Oops: 0, ImmediateOops: 0, NonImmediateOops: No
[2,194s][debug][gc,nmethod     ] Register NMethod: jdk.internal.foreign.layout.AbstractLayout.<init> (0x000072e47fbb9888) [0x000072e47fbb9980, 0x000072e47fbb9d28] Compiler: c1, Barriers: 3, Oops: 0, ImmediateOops: 0, NonImmediateOops: No
[2,194s][debug][gc,nmethod     ] Register NMethod: jdk.internal.foreign.SegmentFactories$1.cleanup (0x000072e47fbb9d88) [0x000072e47fbb9e80, 0x000072e47fbba440] Compiler: c1, Barriers: 0, Oops: 1, ImmediateOops: 4, NonImmediateOops: No
[2,194s][debug][gc,nmethod     ] Register NMethod: java.util.concurrent.ForkJoinPool$WorkQueue.nextLocalTask (0x000072e47fbba488) [0x000072e47fbba580, 0x000072e47fbbb5d8] Compiler: c1, Barriers: 9, Oops: 1, ImmediateOops: 1, NonImmediateOops: No
[2,194s][debug][gc,nmethod     ] Register NMethod: java.util.concurrent.ForkJoinPool.compareAndSetCtl (0x000072e47fbbb608) [0x000072e47fbbb700, 0x000072e47fbbb820] Compiler: c1, Barriers: 0, Oops: 0, ImmediateOops: 0, NonImmediateOops: No
[2,194s][debug][gc,nmethod     ] Register NMethod: jdk.internal.foreign.AbstractMemorySegmentImpl.checkArraySize (0x000072e47fbbb908) [0x000072e47fbbba00, 0x000072e47fbbe800] Compiler: c1, Barriers: 27, Oops: 2, ImmediateOops: 5, NonImmediateOops: No
[2,194s][debug][gc,nmethod     ] Register NMethod: sun.security.provider.SHA2.implCompress0 (0x000072e49ecc9188) [0x000072e49ecc9280, 0x000072e49ecc9738] Compiler: jvmci, Barriers: 2, Oops: 0, ImmediateOops: 1, NonImmediateOops: No
[2,194s][debug][gc,nmethod     ] Register NMethod: jdk.internal.foreign.layout.AbstractLayout.requirePowerOfTwoAndGreaterOrEqualToOne (0x000072e47fbbe888) [0x000072e47fbbe980, 0x000072e47fbbf700] Compiler: c1, Barriers: 0, Oops: 1, ImmediateOops: 2, NonImmediateOops: No
[2,194s][debug][gc,nmethod     ] Register NMethod: jdk.internal.foreign.layout.ValueLayouts$AbstractValueLayout.<init> (0x000072e47fbbf788) [0x000072e47fbbf880, 0x000072e47fbbfde8] Compiler: c1, Barriers: 9, Oops: 0, ImmediateOops: 0, NonImmediateOops: No
[2,198s][debug][gc,nmethod     ] Register NMethod: java.io.FileDescriptor.unregisterCleanup (0x000072e47fbbfe08) [0x000072e47fbbff00, 0x000072e47fbc0438] Compiler: c1, Barriers: 4, Oops: 0, ImmediateOops: 0, NonImmediateOops: No
[2,198s][debug][gc,nmethod     ] Register NMethod: java.io.FileDescriptor.close (0x000072e47fbc0488) [0x000072e47fbc0580, 0x000072e47fbc0e78] Compiler: c1, Barriers: 4, Oops: 0, ImmediateOops: 0, NonImmediateOops: No
[2,198s][debug][gc,nmethod     ] Register NMethod: sun.nio.fs.Util.followLinks (0x000072e47fa96788) [0x000072e47fa96880, 0x000072e47fa96cd0] Compiler: c1, Barriers: 2, Oops: 0, ImmediateOops: 3, NonImmediateOops: No
[2,199s][debug][gc,nmethod     ] Register NMethod: java.lang.invoke.MethodHandle.linkToVirtual (0x000072e49ecc9788) [0x000072e49ecc9880, 0x000072e49ecc98a8] Compiler: , Barriers: 0, Oops: 0, ImmediateOops: 0, NonImmediateOops: No
[2,200s][debug][gc,director    ] Rule Major: Warmup 10%, Used: 326MB, UsedThreshold: 1228MB
[2,200s][debug][gc,nmethod     ] Register NMethod: java.lang.Byte.toUnsignedInt (0x000072e49ecc9a88) [0x000072e49ecc9b80, 0x000072e49ecc9be8] Compiler: jvmci, Barriers: 0, Oops: 0, ImmediateOops: 0, NonImmediateOops: No
[2,201s][debug][gc,nmethod     ] Register NMethod: jdk.internal.classfile.impl.AbstractPoolEntry$AbstractRefEntry.<init> (0x000072e49ecc9d88) [0x000072e49ecc9e80, 0x000072e49ecca058] Compiler: jvmci, Barriers: 6, Oops: 0, ImmediateOops: 0, NonImmediateOops: No
[2,201s][debug][gc,nmethod     ] Register NMethod: java.util.concurrent.locks.AbstractQueuedLongSynchronizer.getState (0x000072e49ecca088) [0x000072e49ecca180, 0x000072e49ecca248] Compiler: c1, Barriers: 0, Oops: 0, ImmediateOops: 0, NonImmediateOops: No
[2,201s][debug][gc,nmethod     ] Register NMethod: java.io.UnixFileSystem.delete0 (0x000072e49ecca388) [0x000072e49ecca480, 0x000072e49ecca5f0] Compiler: , Barriers: 0, Oops: 0, ImmediateOops: 0, NonImmediateOops: No
[2,201s][debug][gc,nmethod     ] Register NMethod: sun.nio.fs.UnixNativeDispatcher.open0 (0x000072e49ecca688) [0x000072e49ecca780, 0x000072e49ecca8e0] Compiler: , Barriers: 0, Oops: 0, ImmediateOops: 1, NonImmediateOops: No
[2,201s][debug][gc,nmethod     ] Register NMethod: java.util.concurrent.locks.ReentrantReadWriteLock.readLock (0x000072e49ecca988) [0x000072e49eccaa80, 0x000072e49eccab68] Compiler: c1, Barriers: 1, Oops: 0, ImmediateOops: 0, NonImmediateOops: No
[2,202s][debug][gc,nmethod     ] Register NMethod: io.sirix.access.DatabaseConfiguration.getDatabaseFile (0x000072e49eccac88) [0x000072e49eccad80, 0x000072e49eccae68] Compiler: c1, Barriers: 1, Oops: 1, ImmediateOops: 0, NonImmediateOops: No
[2,202s][debug][gc,nmethod     ] Register NMethod: java.util.stream.StreamSpliterators$AbstractWrappingSpliterator.getExactSizeIfKnown (0x000072e47fbc0e88) [0x000072e47fbc0f80, 0x000072e47fbc1ac8] Compiler: c1, Barriers: 10, Oops: 0, ImmediateOops: 0, NonImmediateOops: No
[2,202s][debug][gc,nmethod     ] Register NMethod: java.util.stream.StreamSpliterators$AbstractWrappingSpliterator.estimateSize (0x000072e47fbc1b08) [0x000072e47fbc1c00, 0x000072e47fbc2be0] Compiler: c1, Barriers: 11, Oops: 0, ImmediateOops: 0, NonImmediateOops: No
[2,202s][debug][gc,nmethod     ] Register NMethod: java.util.ArrayList.forEach (0x000072e47fbc2c08) [0x000072e47fbc2d00, 0x000072e47fbc3400] Compiler: c1, Barriers: 2, Oops: 0, ImmediateOops: 0, NonImmediateOops: No
[2,203s][debug][gc,nmethod     ] Register NMethod: java.util.ArrayDeque.removeFirst (0x000072e47fbc3408) [0x000072e47fbc3500, 0x000072e47fbc3748] Compiler: c1, Barriers: 0, Oops: 0, ImmediateOops: 0, NonImmediateOops: No
[2,203s][debug][gc,nmethod     ] Register NMethod: kotlin.jvm.internal.Intrinsics.areEqual (0x000072e47fbc3788) [0x000072e47fbc3880, 0x000072e47fbc3bf8] Compiler: c1, Barriers: 0, Oops: 1, ImmediateOops: 0, NonImmediateOops: No
[2,203s][debug][gc,nmethod     ] Register NMethod: java.util.stream.Streams$ConcatSpliterator.characteristics (0x000072e47fbc3c08) [0x000072e47fbc3d00, 0x000072e47fbc4578] Compiler: c1, Barriers: 3, Oops: 0, ImmediateOops: 0, NonImmediateOops: No
[2,203s][debug][gc,nmethod     ] Register NMethod: java.nio.DirectByteBuffer.isReadOnly (0x000072e49eccaf88) [0x000072e49eccb080, 0x000072e49eccb140] Compiler: c1, Barriers: 0, Oops: 0, ImmediateOops: 0, NonImmediateOops: No
[2,203s][debug][gc,nmethod     ] Register NMethod: java.util.stream.ReferencePipeline.sorted (0x000072e47fbc4588) [0x000072e47fbc4680, 0x000072e47fbc4888] Compiler: c1, Barriers: 0, Oops: 0, ImmediateOops: 0, NonImmediateOops: No
[2,203s][debug][gc,nmethod     ] Register NMethod: java.util.stream.SortedOps.makeRef (0x000072e47fbc4908) [0x000072e47fbc4a00, 0x000072e47fbc4b90] Compiler: c1, Barriers: 0, Oops: 0, ImmediateOops: 0, NonImmediateOops: No
[2,203s][debug][gc,nmethod     ] Register NMethod: java.util.stream.SortedOps$OfRef.<init> (0x000072e47fbc4c08) [0x000072e47fbc4d00, 0x000072e47fbc5310] Compiler: c1, Barriers: 3, Oops: 1, ImmediateOops: 0, NonImmediateOops: No
[2,204s][debug][gc,nmethod     ] Register NMethod: java.util.stream.Sink.cancellationRequested (0x000072e49eccb288) [0x000072e49eccb380, 0x000072e49eccb440] Compiler: c1, Barriers: 0, Oops: 0, ImmediateOops: 0, NonImmediateOops: No
[2,204s][debug][gc,nmethod     ] Register NMethod: java.util.Collections$UnmodifiableCollection$1.<init> (0x000072e47fbc5388) [0x000072e47fbc5480, 0x000072e47fbc5a60] Compiler: c1, Barriers: 7, Oops: 0, ImmediateOops: 0, NonImmediateOops: No
[2,204s][debug][gc,nmethod     ] Register NMethod: java.util.Collections$UnmodifiableCollection.iterator (0x000072e47fbc5a88) [0x000072e47fbc5b80, 0x000072e47fbc6130] Compiler: c1, Barriers: 7, Oops: 0, ImmediateOops: 0, NonImmediateOops: No
[2,205s][debug][gc,nmethod     ] Register NMethod: java.lang.System.currentTimeMillis (0x000072e49eccb588) [0x000072e49eccb680, 0x000072e49eccb7d8] Compiler: , Barriers: 0, Oops: 0, ImmediateOops: 1, NonImmediateOops: No
[2,205s][debug][gc,nmethod     ] Register NMethod: java.util.stream.AbstractPipeline.spliterator (0x000072e47fbc6188) [0x000072e47fbc6280, 0x000072e47fbc7308] Compiler: c1, Barriers: 13, Oops: 1, ImmediateOops: 4, NonImmediateOops: No
[2,205s][debug][gc,nmethod     ] Register NMethod: java.net.URLDecoder.decode (0x000072e47fbc7388) [0x000072e47fbc7480, 0x000072e47fbcaf60] Compiler: c1, Barriers: 5, Oops: 3, ImmediateOops: 9, NonImmediateOops: No
[2,206s][debug][gc,nmethod     ] Register NMethod: java.nio.HeapByteBuffer.ix (0x000072e49eccb888) [0x000072e49eccb980, 0x000072e49eccba08] Compiler: jvmci, Barriers: 0, Oops: 0, ImmediateOops: 0, NonImmediateOops: No
[2,207s][debug][gc,nmethod     ] Register NMethod: java.lang.invoke.Invokers$Holder.invokeExact_MT (0x000072e47fbcaf88) [0x000072e47fbcb080, 0x000072e47fbcbbe8] Compiler: c1, Barriers: 3, Oops: 0, ImmediateOops: 0, NonImmediateOops: No
[2,207s][debug][gc,nmethod     ] Register NMethod: java.util.ArrayList.checkForComodification (0x000072e47fbcbc08) [0x000072e47fbcbd00, 0x000072e47fbcbeb0] Compiler: c1, Barriers: 0, Oops: 0, ImmediateOops: 0, NonImmediateOops: No
[2,207s][debug][gc,nmethod     ] Register NMethod: org.junit.platform.commons.util.Preconditions.notNull (0x000072e49eccbb88) [0x000072e49eccbc80, 0x000072e49eccbd18] Compiler: jvmci, Barriers: 0, Oops: 1, ImmediateOops: 0, NonImmediateOops: No
[2,208s][debug][gc,nmethod     ] Register NMethod: org.junit.platform.commons.util.ReflectionUtils$$Lambda/0x00000000b318e6d8.test (0x000072e47fbcbf08) [0x000072e47fbcc000, 0x000072e47fbcc6f8] Compiler: c1, Barriers: 0, Oops: 1, ImmediateOops: 0, NonImmediateOops: No
[2,208s][debug][gc,nmethod     ] Register NMethod: org.junit.platform.commons.util.ReflectionUtils.lambda$findAllMethodsInHierarchy$27 (0x000072e47fbcc708) [0x000072e47fbcc800, 0x000072e47fbccc78] Compiler: c1, Barriers: 0, Oops: 1, ImmediateOops: 0, NonImmediateOops: No
[2,208s][debug][gc,nmethod     ] Register NMethod: java.lang.invoke.Invokers$Holder.linkToTargetMethod (0x000072e49eccbe88) [0x000072e49eccbf80, 0x000072e49eccc070] Compiler: jvmci, Barriers: 0, Oops: 0, ImmediateOops: 0, NonImmediateOops: No
[2,208s][debug][gc,nmethod     ] Register NMethod: jdk.internal.misc.VM.isJavaLangInvokeInited (0x000072e47fbccc88) [0x000072e47fbccd80, 0x000072e47fbcce68] Compiler: c1, Barriers: 0, Oops: 0, ImmediateOops: 0, NonImmediateOops: No
[2,208s][debug][gc,nmethod     ] Register NMethod: java.util.stream.Collectors$CollectorImpl.finisher (0x000072e49eccc188) [0x000072e49eccc280, 0x000072e49eccc368] Compiler: c1, Barriers: 1, Oops: 0, ImmediateOops: 0, NonImmediateOops: No
[2,208s][debug][gc,nmethod     ] Register NMethod: java.util.regex.Pattern$GroupHead.match (0x000072e47fbccf88) [0x000072e47fbcd080, 0x000072e47fbcd4b0] Compiler: c1, Barriers: 3, Oops: 0, ImmediateOops: 0, NonImmediateOops: No
[2,209s][debug][gc,nmethod     ] Register NMethod: java.lang.invoke.Invokers$Holder.linkToTargetMethod (0x000072e47fbcd508) [0x000072e47fbcd600, 0x000072e47fbcdb00] Compiler: c1, Barriers: 0, Oops: 0, ImmediateOops: 0, NonImmediateOops: No
[2,209s][debug][gc,nmethod     ] Register NMethod: java.util.stream.StreamSpliterators$WrappingSpliterator.<init> (0x000072e47fbcdb08) [0x000072e47fbcdc00, 0x000072e47fbcdf30] Compiler: c1, Barriers: 9, Oops: 0, ImmediateOops: 0, NonImmediateOops: No
[2,209s][debug][gc,nmethod     ] Register NMethod: java.util.stream.StreamSpliterators$AbstractWrappingSpliterator.<init> (0x000072e47fbcdf88) [0x000072e47fbce080, 0x000072e47fbce350] Compiler: c1, Barriers: 9, Oops: 0, ImmediateOops: 0, NonImmediateOops: No
[2,209s][debug][gc,nmethod     ] Register NMethod: sun.nio.fs.UnixFileModeAttribute.toUnixMode (0x000072e47fbce388) [0x000072e47fbce480, 0x000072e47fbd0178] Compiler: c1, Barriers: 1, Oops: 2, ImmediateOops: 5, NonImmediateOops: No
[2,209s][debug][gc,nmethod     ] Register NMethod: java.util.stream.ReferencePipeline.wrap (0x000072e47fbd0208) [0x000072e47fbd0300, 0x000072e47fbd0678] Compiler: c1, Barriers: 6, Oops: 0, ImmediateOops: 0, NonImmediateOops: No
[2,209s][debug][gc,nmethod     ] Register NMethod: java.lang.invoke.DirectMethodHandle$Holder.newInvokeSpecial (0x000072e47fbd0688) [0x000072e47fbd0780, 0x000072e47fbd1018] Compiler: c1, Barriers: 2, Oops: 0, ImmediateOops: 1, NonImmediateOops: No
[2,210s][debug][gc,nmethod     ] Register NMethod: java.util.stream.AbstractPipeline.lambda$spliterator$0 (0x000072e47fbd1088) [0x000072e47fbd1180, 0x000072e47fbd1478] Compiler: c1, Barriers: 0, Oops: 0, ImmediateOops: 0, NonImmediateOops: No
[2,210s][debug][gc,nmethod     ] Register NMethod: java.util.stream.AbstractPipeline$$Lambda/0x00000000b3075c00.get (0x000072e47fbd1488) [0x000072e47fbd1580, 0x000072e47fbd1910] Compiler: c1, Barriers: 1, Oops: 0, ImmediateOops: 0, NonImmediateOops: No
[2,210s][debug][gc,nmethod     ] Register NMethod: jdk.internal.ref.CleanerFactory.cleaner (0x000072e49eccc488) [0x000072e49eccc580, 0x000072e49eccc5f0] Compiler: jvmci, Barriers: 0, Oops: 0, ImmediateOops: 1, NonImmediateOops: No
[2,210s][debug][gc,director    ] Rule Major: Warmup 10%, Used: 326MB, UsedThreshold: 1228MB
[2,210s][debug][gc,nmethod     ] Register NMethod: dagger.internal.DoubleCheck.get (0x000072e47fbd1988) [0x000072e47fbd1a80, 0x000072e47fbd2198] Compiler: c1, Barriers: 10, Oops: 1, ImmediateOops: 2, NonImmediateOops: No
[2,210s][debug][gc,nmethod     ] Register NMethod: com.google.gson.stream.JsonReader.isLiteral (0x000072e47fbd2208) [0x000072e47fbd2300, 0x000072e47fbd3328] Compiler: c1, Barriers: 0, Oops: 2, ImmediateOops: 2, NonImmediateOops: No
[2,210s][debug][gc,nmethod     ] Register NMethod: io.sirix.cache.PageContainer.<init> (0x000072e47fbd3388) [0x000072e47fbd3480, 0x000072e47fbd36c8] Compiler: c1, Barriers: 6, Oops: 1, ImmediateOops: 0, NonImmediateOops: No
[2,211s][debug][gc,nmethod     ] Register NMethod: io.sirix.page.PageReference.clearCachedHash (0x000072e47fbd3708) [0x000072e47fbd3800, 0x000072e47fbd3908] Compiler: c1, Barriers: 0, Oops: 1, ImmediateOops: 0, NonImmediateOops: No
[2,211s][debug][gc,nmethod     ] Register NMethod: io.sirix.cache.PageCache.remove (0x000072e47fbd3a08) [0x000072e47fbd3b00, 0x000072e47fbd4260] Compiler: c1, Barriers: 1, Oops: 1, ImmediateOops: 0, NonImmediateOops: No
[2,211s][debug][gc,nmethod     ] Register NMethod: io.sirix.cache.PageContainer.getInstance (0x000072e47fbd4288) [0x000072e47fbd4380, 0x000072e47fbd4880] Compiler: c1, Barriers: 6, Oops: 1, ImmediateOops: 0, NonImmediateOops: No
[2,211s][debug][gc,nmethod     ] Register NMethod: io.sirix.cache.PageCache.remove (0x000072e47fbd4908) [0x000072e47fbd4a00, 0x000072e47fbd4d40] Compiler: c1, Barriers: 1, Oops: 1, ImmediateOops: 0, NonImmediateOops: No
[2,211s][debug][gc,nmethod     ] Register NMethod: java.util.LinkedHashMap.valuesToArray (0x000072e49eccc788) [0x000072e49eccc880, 0x000072e49eccce18] Compiler: jvmci, Barriers: 21, Oops: 0, ImmediateOops: 0, NonImmediateOops: No
[2,211s][debug][gc,nmethod     ] Register NMethod: com.github.benmanes.caffeine.cache.LocalManualCache.invalidate (0x000072e47fbd4d88) [0x000072e47fbd4e80, 0x000072e47fbd5268] Compiler: c1, Barriers: 1, Oops: 1, ImmediateOops: 0, NonImmediateOops: No
[2,211s][debug][gc,nmethod     ] Register NMethod: java.lang.invoke.Invokers$Holder.linkToTargetMethod (0x000072e47fbd5288) [0x000072e47fbd5380, 0x000072e47fbd58a0] Compiler: c1, Barriers: 0, Oops: 0, ImmediateOops: 0, NonImmediateOops: No
[2,211s][debug][gc,nmethod     ] Register NMethod: com.google.gson.stream.JsonReader.peekKeyword (0x000072e47fbd5908) [0x000072e47fbd5a00, 0x000072e47fbd7718] Compiler: c1, Barriers: 8, Oops: 2, ImmediateOops: 10, NonImmediateOops: No
[2,211s][debug][gc,nmethod     ] Register NMethod: java.lang.invoke.LambdaForm$DMH/0x00000000b3280400.newInvokeSpecial (0x000072e47fbd7788) [0x000072e47fbd7880, 0x000072e47fbd8190] Compiler: c1, Barriers: 2, Oops: 1, ImmediateOops: 1, NonImmediateOops: No
[2,211s][debug][gc,nmethod     ] Register NMethod: io.sirix.page.PageReference.setLogKey (0x000072e47fbd8208) [0x000072e47fbd8300, 0x000072e47fbd8410] Compiler: c1, Barriers: 0, Oops: 1, ImmediateOops: 0, NonImmediateOops: No
[2,211s][debug][gc,nmethod     ] Register NMethod: com.github.benmanes.caffeine.cache.BoundedLocalCache$$Lambda/0x00000000b328a638.<init> (0x000072e47fbd8508) [0x000072e47fbd8600, 0x000072e47fbd8aa0] Compiler: c1, Barriers: 21, Oops: 1, ImmediateOops: 0, NonImmediateOops: No
[2,211s][debug][gc,nmethod     ] Register NMethod: java.util.concurrent.CountedCompleter.<init> (0x000072e47fbd8b08) [0x000072e47fbd8c00, 0x000072e47fbd8e30] Compiler: c1, Barriers: 3, Oops: 0, ImmediateOops: 0, NonImmediateOops: No
[2,211s][debug][gc,nmethod     ] Register NMethod: jdk.internal.misc.Unsafe.weakCompareAndSetInt (0x000072e49eccce88) [0x000072e49ecccf80, 0x000072e49eccd010] Compiler: jvmci, Barriers: 0, Oops: 0, ImmediateOops: 0, NonImmediateOops: No
[2,211s][debug][gc,nmethod     ] Register NMethod: com.github.benmanes.caffeine.cache.BoundedLocalCache.remove (0x000072e47fbd8e88) [0x000072e47fbd8f80, 0x000072e47fbda020] Compiler: c1, Barriers: 8, Oops: 3, ImmediateOops: 4, NonImmediateOops: No
[2,212s][debug][gc,nmethod     ] Register NMethod: java.util.concurrent.CountedCompleter.propagateCompletion (0x000072e47fbda088) [0x000072e47fbda180, 0x000072e47fbda948] Compiler: c1, Barriers: 1, Oops: 0, ImmediateOops: 0, NonImmediateOops: No
[2,212s][debug][gc,nmethod     ] Register NMethod: java.util.concurrent.CountedCompleter.exec (0x000072e47fbda988) [0x000072e47fbdaa80, 0x000072e47fbdabd0] Compiler: c1, Barriers: 0, Oops: 0, ImmediateOops: 0, NonImmediateOops: No
[2,212s][debug][gc,nmethod     ] Register NMethod: io.sirix.access.trx.page.NodeStorageEngineWriter.lambda$parallelSerializationOfKeyValuePages$0 (0x000072e47fbdac88) [0x000072e47fbdad80, 0x000072e47fbdb068] Compiler: c1, Barriers: 0, Oops: 1, ImmediateOops: 0, NonImmediateOops: No
[2,212s][debug][gc,nmethod     ] Register NMethod: io.sirix.access.trx.page.NodeStorageEngineWriter$$Lambda/0x00000000b32a0af0.test (0x000072e47fbdb088) [0x000072e47fbdb180, 0x000072e47fbdb708] Compiler: c1, Barriers: 0, Oops: 1, ImmediateOops: 0, NonImmediateOops: No
[2,212s][debug][gc,nmethod     ] Register NMethod: io.sirix.node.MemorySegmentBytesOut.<init> (0x000072e47fbdb788) [0x000072e47fbdb880, 0x000072e47fbdbb08] Compiler: c1, Barriers: 3, Oops: 1, ImmediateOops: 0, NonImmediateOops: No
[2,212s][debug][gc,nmethod     ] Register NMethod: io.sirix.cache.TransactionIntentLog.put (0x000072e47fbdbb88) [0x000072e47fbdbc80, 0x000072e47fbe0d88] Compiler: c1, Barriers: 17, Oops: 1, ImmediateOops: 0, NonImmediateOops: No
[2,212s][debug][gc,nmethod     ] Register NMethod: java.util.stream.ForEachOps$ForEachTask.compute (0x000072e47fbe0e08) [0x000072e47fbe0f00, 0x000072e47fbe2d98] Compiler: c1, Barriers: 21, Oops: 1, ImmediateOops: 1, NonImmediateOops: No
[2,212s][debug][gc,nmethod     ] Register NMethod: jdk.internal.foreign.SegmentFactories.fromArray (0x000072e47fbe2e08) [0x000072e47fbe2f00, 0x000072e47fbe3a00] Compiler: c1, Barriers: 3, Oops: 0, ImmediateOops: 1, NonImmediateOops: No
[2,212s][debug][gc,nmethod     ] Register NMethod: jdk.internal.misc.Unsafe.putIntUnaligned (0x000072e49eccd188) [0x000072e49eccd280, 0x000072e49eccd318] Compiler: jvmci, Barriers: 0, Oops: 0, ImmediateOops: 0, NonImmediateOops: No
[2,212s][debug][gc,nmethod     ] Register NMethod: jdk.internal.foreign.HeapMemorySegmentImpl$OfByte.unsafeGetBase (0x000072e47fbe3a08) [0x000072e47fbe3b00, 0x000072e47fbe3f78] Compiler: c1, Barriers: 1, Oops: 0, ImmediateOops: 0, NonImmediateOops: No
[2,212s][debug][gc,nmethod     ] Register NMethod: jdk.internal.foreign.HeapMemorySegmentImpl$OfByte.unsafeGetBase (0x000072e47fbe3f88) [0x000072e47fbe4080, 0x000072e47fbe4710] Compiler: c1, Barriers: 1, Oops: 0, ImmediateOops: 0, NonImmediateOops: No
[2,213s][debug][gc,nmethod     ] Register NMethod: java.lang.foreign.MemorySegment.ofArray (0x000072e47fbe4788) [0x000072e47fbe4880, 0x000072e47fbe4990] Compiler: c1, Barriers: 0, Oops: 0, ImmediateOops: 0, NonImmediateOops: No
[2,213s][debug][gc,nmethod     ] Register NMethod: jdk.internal.foreign.AbstractMemorySegmentImpl.overlaps (0x000072e47fbe4a88) [0x000072e47fbe4b80, 0x000072e47fbe5940] Compiler: c1, Barriers: 0, Oops: 0, ImmediateOops: 0, NonImmediateOops: No
[2,213s][debug][gc,nmethod     ] Register NMethod: io.sirix.page.KeyValueLeafPage.setSlot (0x000072e47fbe5988) [0x000072e47fbe5a80, 0x000072e47fbe5c28] Compiler: c1, Barriers: 2, Oops: 1, ImmediateOops: 0, NonImmediateOops: No
[2,213s][debug][gc,nmethod     ] Register NMethod: io.sirix.io.filechannel.FileChannelWriter.write (0x000072e47fbe5c88) [0x000072e47fbe5d80, 0x000072e47fbe6078] Compiler: c1, Barriers: 0, Oops: 1, ImmediateOops: 0, NonImmediateOops: No
[2,213s][debug][gc,nmethod     ] Register NMethod: java.util.concurrent.ForkJoinPool.awaitWork (0x000072e47fbe6088) [0x000072e47fbe6180, 0x000072e47fbe6f50] Compiler: c1, Barriers: 2, Oops: 0, ImmediateOops: 1, NonImmediateOops: No
[2,213s][debug][gc,nmethod     ] Register NMethod: io.sirix.io.filechannel.FileChannelWriter.write (0x000072e47fbe6f88) [0x000072e47fbe7080, 0x000072e47fbe7328] Compiler: c1, Barriers: 0, Oops: 1, ImmediateOops: 0, NonImmediateOops: No
[2,213s][debug][gc,nmethod     ] Register NMethod: io.sirix.access.trx.page.NodeStorageEngineWriter$$Lambda/0x00000000b32a08a8.apply (0x000072e47fbe7388) [0x000072e47fbe7480, 0x000072e47fbe7998] Compiler: c1, Barriers: 1, Oops: 1, ImmediateOops: 0, NonImmediateOops: No
[2,213s][debug][gc,nmethod     ] Register NMethod: io.sirix.io.filechannel.FileChannelWriter.getOffset (0x000072e47fbe7a08) [0x000072e47fbe7b00, 0x000072e47fbe7fa8] Compiler: c1, Barriers: 3, Oops: 1, ImmediateOops: 0, NonImmediateOops: No
[2,213s][debug][gc,nmethod     ] Register NMethod: it.unimi.dsi.fastutil.shorts.AbstractShortList.iterator (0x000072e47fbe8008) [0x000072e47fbe8100, 0x000072e47fbe8728] Compiler: c1, Barriers: 0, Oops: 1, ImmediateOops: 0, NonImmediateOops: No
[2,214s][debug][gc,nmethod     ] Register NMethod: io.sirix.access.trx.page.NodeStorageEngineWriter.commit (0x000072e47fbe8788) [0x000072e47fbe8880, 0x000072e47fbeab08] Compiler: c1, Barriers: 12, Oops: 1, ImmediateOops: 2, NonImmediateOops: No
[2,214s][debug][gc,nmethod     ] Register NMethod: it.unimi.dsi.fastutil.shorts.ShortArrayList.listIterator (0x000072e47fbeab88) [0x000072e47fbeac80, 0x000072e47fbeb120] Compiler: c1, Barriers: 3, Oops: 1, ImmediateOops: 0, NonImmediateOops: No
[2,214s][debug][gc,nmethod     ] Register NMethod: it.unimi.dsi.fastutil.shorts.AbstractShortList.listIterator (0x000072e47fbeb188) [0x000072e47fbeb280, 0x000072e47fbeb780] Compiler: c1, Barriers: 3, Oops: 1, ImmediateOops: 0, NonImmediateOops: No
[2,214s][debug][gc,nmethod     ] Register NMethod: it.unimi.dsi.fastutil.shorts.ShortArrayList$1.<init> (0x000072e47fbeb808) [0x000072e47fbeb900, 0x000072e47fbebae0] Compiler: c1, Barriers: 3, Oops: 1, ImmediateOops: 0, NonImmediateOops: No
[2,214s][debug][gc,nmethod     ] Register NMethod: io.sirix.page.KeyValueLeafPage.setRecord (0x000072e47fbebb08) [0x000072e47fbebc00, 0x000072e47fbec238] Compiler: c1, Barriers: 4, Oops: 1, ImmediateOops: 0, NonImmediateOops: No
[2,214s][debug][gc,nmethod     ] Register NMethod: io.sirix.page.KeyValueLeafPage.hasEnoughSpace (0x000072e47fbec288) [0x000072e47fbec380, 0x000072e47fbec720] Compiler: c1, Barriers: 0, Oops: 1, ImmediateOops: 0, NonImmediateOops: No
[2,214s][debug][gc,nmethod     ] Register NMethod: io.sirix.page.KeyValueLeafPage.updateLastSlotIndex (0x000072e47fbec788) [0x000072e47fbec880, 0x000072e47fbecc00] Compiler: c1, Barriers: 2, Oops: 1, ImmediateOops: 0, NonImmediateOops: No
[2,214s][debug][gc,nmethod     ] Register NMethod: jdk.internal.misc.Blocker.begin (0x000072e47fbecc88) [0x000072e47fbecd80, 0x000072e47fbeced8] Compiler: c1, Barriers: 0, Oops: 0, ImmediateOops: 0, NonImmediateOops: No
[2,214s][debug][gc,nmethod     ] Register NMethod: jdk.internal.foreign.MemorySessionImpl.createHeap (0x000072e47fbecf88) [0x000072e47fbed080, 0x000072e47fbed508] Compiler: c1, Barriers: 3, Oops: 0, ImmediateOops: 0, NonImmediateOops: No
[2,214s][debug][gc,nmethod     ] Register NMethod: jdk.internal.foreign.GlobalSession$HeapSession.<init> (0x000072e47fbed588) [0x000072e47fbed680, 0x000072e47fbedb58] Compiler: c1, Barriers: 9, Oops: 0, ImmediateOops: 0, NonImmediateOops: No
[2,215s][debug][gc,nmethod     ] Register NMethod: it.unimi.dsi.fastutil.shorts.AbstractShortList.ensureIndex (0x000072e47fbedb88) [0x000072e47fbedc80, 0x000072e47fbeff70] Compiler: c1, Barriers: 0, Oops: 5, ImmediateOops: 7, NonImmediateOops: No
[2,215s][debug][gc,nmethod     ] Register NMethod: com.github.benmanes.caffeine.cache.DisabledTicker.read (0x000072e49eccd488) [0x000072e49eccd580, 0x000072e49eccd640] Compiler: c1, Barriers: 0, Oops: 1, ImmediateOops: 0, NonImmediateOops: No
[2,215s][debug][gc,nmethod     ] Register NMethod: jdk.internal.foreign.HeapMemorySegmentImpl$OfByte.maxAlignMask (0x000072e47fbf0008) [0x000072e47fbf0100, 0x000072e47fbf0208] Compiler: c1, Barriers: 0, Oops: 0, ImmediateOops: 0, NonImmediateOops: No
[2,215s][debug][gc,nmethod     ] Register NMethod: jdk.internal.foreign.layout.ValueLayouts$AbstractValueLayout.varHandle (0x000072e49eccd788) [0x000072e49eccd880, 0x000072e49eccd960] Compiler: jvmci, Barriers: 1, Oops: 0, ImmediateOops: 0, NonImmediateOops: No
[2,215s][debug][gc,nmethod     ] Register NMethod: java.nio.ByteBuffer.position (0x000072e49eccda88) [0x000072e49eccdb80, 0x000072e49eccdc60] Compiler: jvmci, Barriers: 0, Oops: 0, ImmediateOops: 0, NonImmediateOops: No
[2,215s][debug][gc,nmethod     ] Register NMethod: java.lang.StringCoding.implEncodeAsciiArray (0x000072e49eccdd88) [0x000072e49eccdf40, 0x000072e49ecce398] Compiler: jvmci, Barriers: 0, Oops: 0, ImmediateOops: 0, NonImmediateOops: No
[2,216s][debug][gc,nmethod     ] Register NMethod: jdk.internal.foreign.SegmentBulkOperations.copy (0x000072e47fbf0308) [0x000072e47fbf0400, 0x000072e47fc008c0] Compiler: c1, Barriers: 39, Oops: 4, ImmediateOops: 41, NonImmediateOops: No
[2,217s][debug][gc,nmethod     ] Register NMethod: java.lang.foreign.MemorySegment.copy (0x000072e47fc00908) [0x000072e47fc00a00, 0x000072e47fc0ad20] Compiler: c1, Barriers: 14, Oops: 6, ImmediateOops: 22, NonImmediateOops: No
[2,218s][debug][gc,nmethod     ] Register NMethod: java.lang.foreign.MemorySegment.copy (0x000072e47fc0ad88) [0x000072e47fc0ae80, 0x000072e47fc1b788] Compiler: c1, Barriers: 39, Oops: 4, ImmediateOops: 41, NonImmediateOops: No
[2,219s][debug][gc,nmethod     ] Register NMethod: java.lang.invoke.LambdaForm.compileToBytecode (0x000072e47fc1b808) [0x000072e47fc1b900, 0x000072e47fc1c2e0] Compiler: c1, Barriers: 9, Oops: 1, ImmediateOops: 4, NonImmediateOops: No
[2,219s][debug][gc,nmethod     ] Register NMethod: java.lang.invoke.MethodHandle.linkToStatic (0x000072e49ecce408) [0x000072e49ecce500, 0x000072e49ecce5f0] Compiler: , Barriers: 0, Oops: 0, ImmediateOops: 0, NonImmediateOops: No
[2,219s][debug][gc,nmethod     ] Register NMethod: io.sirix.access.trx.page.NodeStorageEngineReader.loadPage (0x000072e47fb60988) [0x000072e47fb60a80, 0x000072e47fb62438] Compiler: c1, Barriers: 9, Oops: 1, ImmediateOops: 1, NonImmediateOops: No
[2,219s][debug][gc,nmethod     ] Register NMethod: java.lang.invoke.MethodHandle.linkToSpecial (0x000072e49ecce708) [0x000072e49ecce800, 0x000072e49ecce8f8] Compiler: , Barriers: 0, Oops: 0, ImmediateOops: 0, NonImmediateOops: No
[2,220s][debug][gc,nmethod     ] Register NMethod: java.lang.invoke.MethodHandle.linkToSpecial (0x000072e49eccea08) [0x000072e49ecceb00, 0x000072e49eccebf8] Compiler: , Barriers: 0, Oops: 0, ImmediateOops: 0, NonImmediateOops: No
[2,220s][debug][gc,nmethod     ] Register NMethod: java.lang.invoke.MethodHandle.invokeBasic (0x000072e49ecced08) [0x000072e49eccee00, 0x000072e49eccf098] Compiler: , Barriers: 0, Oops: 0, ImmediateOops: 0, NonImmediateOops: No
[2,220s][debug][gc,nmethod     ] Register NMethod: java.lang.invoke.MethodHandle.linkToSpecial (0x000072e49eccf108) [0x000072e49eccf200, 0x000072e49eccf2f8] Compiler: , Barriers: 0, Oops: 0, ImmediateOops: 0, NonImmediateOops: No
[2,220s][debug][gc,nmethod     ] Register NMethod: java.lang.invoke.MethodHandle.linkToSpecial (0x000072e49eccf408) [0x000072e49eccf500, 0x000072e49eccf5f8] Compiler: , Barriers: 0, Oops: 0, ImmediateOops: 0, NonImmediateOops: No
[2,220s][debug][gc,nmethod     ] Register NMethod: jdk.internal.misc.CDS.isLoggingLambdaFormInvokers (0x000072e47fc1c308) [0x000072e47fc1c400, 0x000072e47fc1c4f8] Compiler: c1, Barriers: 0, Oops: 0, ImmediateOops: 0, NonImmediateOops: No
[2,220s][debug][gc,director    ] Rule Major: Warmup 10%, Used: 330MB, UsedThreshold: 1228MB
[2,220s][debug][gc,nmethod     ] Register NMethod: java.lang.invoke.MethodHandle.linkToSpecial (0x000072e49eccf708) [0x000072e49eccf800, 0x000072e49eccf8f8] Compiler: , Barriers: 0, Oops: 0, ImmediateOops: 0, NonImmediateOops: No
[2,221s][debug][gc,nmethod     ] Register NMethod: java.lang.invoke.MethodHandle.invokeBasic (0x000072e49eccfa08) [0x000072e49eccfb00, 0x000072e49eccfd98] Compiler: , Barriers: 0, Oops: 0, ImmediateOops: 0, NonImmediateOops: No
[2,221s][debug][gc,nmethod     ] Register NMethod: java.lang.invoke.MethodHandle.linkToSpecial (0x000072e49eccfe08) [0x000072e49eccff00, 0x000072e49eccfff8] Compiler: , Barriers: 0, Oops: 0, ImmediateOops: 0, NonImmediateOops: No
[2,221s][debug][gc,nmethod     ] Register NMethod: jdk.internal.constant.ArrayClassDescImpl.descriptorString (0x000072e47fc1c608) [0x000072e47fc1c700, 0x000072e47fc1f1e0] Compiler: c1, Barriers: 11, Oops: 0, ImmediateOops: 5, NonImmediateOops: No
[2,221s][debug][gc,nmethod     ] Register NMethod: jdk.internal.constant.ClassOrInterfaceDescImpl.ofValidated (0x000072e49ecd0108) [0x000072e49ecd0200, 0x000072e49ecd0310] Compiler: jvmci, Barriers: 2, Oops: 0, ImmediateOops: 0, NonImmediateOops: No
[2,222s][debug][gc,nmethod     ] Register NMethod: com.github.benmanes.caffeine.cache.BoundedLocalCache.remove (0x000072e47fbd8e88) [0x000072e47fbd8f80, 0x000072e47fbda020] Compiler: c1, Barriers: 8, Oops: 3, ImmediateOops: 4, NonImmediateOops: No
[2,222s][debug][gc,nmethod     ] Register NMethod: java.lang.invoke.MethodHandle.invokeBasic (0x000072e49ecd0408) [0x000072e49ecd0500, 0x000072e49ecd0798] Compiler: , Barriers: 0, Oops: 0, ImmediateOops: 0, NonImmediateOops: No
[2,223s][debug][gc,nmethod     ] Register NMethod: java.lang.invoke.SegmentVarHandle.offset (0x000072e49ecd0808) [0x000072e49ecd0900, 0x000072e49ecd09c8] Compiler: jvmci, Barriers: 0, Oops: 0, ImmediateOops: 0, NonImmediateOops: No
[2,223s][debug][gc,nmethod     ] Register NMethod: java.lang.invoke.VarHandleGuards.guard_L_I (0x000072e47fc1f208) [0x000072e47fc1f300, 0x000072e47fc221a0] Compiler: c1, Barriers: 28, Oops: 0, ImmediateOops: 2, NonImmediateOops: No
[2,223s][debug][gc,nmethod     ] Register NMethod: java.util.concurrent.ForkJoinPool.compareAndExchangeCtl (0x000072e47fc22208) [0x000072e47fc22300, 0x000072e47fc22610] Compiler: c1, Barriers: 0, Oops: 0, ImmediateOops: 1, NonImmediateOops: No
[2,223s][debug][gc,nmethod     ] Register NMethod: jdk.internal.misc.Unsafe.setMemory0 (0x000072e49ecd0b08) [0x000072e49ecd0c00, 0x000072e49ecd0d58] Compiler: , Barriers: 0, Oops: 0, ImmediateOops: 0, NonImmediateOops: No
[2,223s][debug][gc,nmethod     ] Register NMethod: net.jpountz.lz4.LZ4BlockInputStream.tryReadFully (0x000072e47fc22688) [0x000072e47fc22780, 0x000072e47fc22d00] Compiler: c1, Barriers: 1, Oops: 1, ImmediateOops: 0, NonImmediateOops: No
[2,224s][debug][gc,nmethod     ] Register NMethod: java.util.concurrent.ThreadLocalRandom.getProbe (0x000072e47fc22d88) [0x000072e47fc22e80, 0x000072e47fc23010] Compiler: c1, Barriers: 1, Oops: 1, ImmediateOops: 1, NonImmediateOops: No
[2,224s][debug][gc,nmethod     ] Register NMethod: java.lang.invoke.MethodHandle.linkToSpecial (0x000072e49ecd0e08) [0x000072e49ecd0f00, 0x000072e49ecd0ff8] Compiler: , Barriers: 0, Oops: 0, ImmediateOops: 0, NonImmediateOops: No
[2,224s][debug][gc,nmethod     ] Register NMethod: java.lang.invoke.MethodHandle.invokeBasic (0x000072e49ecd1108) [0x000072e49ecd1200, 0x000072e49ecd1498] Compiler: , Barriers: 0, Oops: 0, ImmediateOops: 0, NonImmediateOops: No
[2,224s][debug][gc,nmethod     ] Register NMethod: java.lang.invoke.MethodHandle.linkToSpecial (0x000072e49ecd1508) [0x000072e49ecd1600, 0x000072e49ecd16f8] Compiler: , Barriers: 0, Oops: 0, ImmediateOops: 0, NonImmediateOops: No
[2,224s][debug][gc,nmethod     ] Register NMethod: java.lang.invoke.MethodHandle.invokeBasic (0x000072e49ecd1808) [0x000072e49ecd1900, 0x000072e49ecd1b98] Compiler: , Barriers: 0, Oops: 0, ImmediateOops: 0, NonImmediateOops: No
[2,225s][debug][gc,nmethod     ] Register NMethod: io.sirix.page.KeyValueLeafPage.updateFreeSpaceStart (0x000072e47fc23088) [0x000072e47fc23180, 0x000072e47fc23708] Compiler: c1, Barriers: 0, Oops: 1, ImmediateOops: 0, NonImmediateOops: No
[2,225s][debug][gc,nmethod     ] Register NMethod: io.sirix.page.KeyValueLeafPage.findFreeSpaceForSlots (0x000072e47fc23788) [0x000072e47fc23880, 0x000072e47fc24560] Compiler: c1, Barriers: 4, Oops: 1, ImmediateOops: 0, NonImmediateOops: No
[2,225s][debug][gc,nmethod     ] Register NMethod: java.lang.invoke.SegmentVarHandle.checkSegment (0x000072e49ecd1c08) [0x000072e49ecd1d00, 0x000072e49ecd2018] Compiler: jvmci, Barriers: 1, Oops: 0, ImmediateOops: 0, NonImmediateOops: No
[2,225s][debug][gc,nmethod     ] Register NMethod: java.lang.invoke.MethodHandle.invokeBasic (0x000072e49ecd2088) [0x000072e49ecd2180, 0x000072e49ecd2418] Compiler: , Barriers: 0, Oops: 0, ImmediateOops: 0, NonImmediateOops: No
[2,226s][debug][gc,nmethod     ] Register NMethod: java.lang.invoke.MethodHandle.linkToSpecial (0x000072e49ecd2488) [0x000072e49ecd2580, 0x000072e49ecd2678] Compiler: , Barriers: 0, Oops: 0, ImmediateOops: 0, NonImmediateOops: No
[2,226s][debug][gc,nmethod     ] Register NMethod: sun.invoke.util.VerifyAccess.isModuleAccessible (0x000072e47fc24588) [0x000072e47fc24680, 0x000072e47fc262b8] Compiler: c1, Barriers: 2, Oops: 0, ImmediateOops: 0, NonImmediateOops: No
[2,226s][debug][gc,nmethod     ] Register NMethod: java.lang.invoke.MethodHandleStatics.traceLambdaForm (0x000072e47fc26308) [0x000072e47fc26400, 0x000072e47fc26568] Compiler: c1, Barriers: 0, Oops: 0, ImmediateOops: 0, NonImmediateOops: No
[2,228s][debug][gc,nmethod     ] Register NMethod: io.sirix.page.PageKind$1.serializePage (0x000072e49ecd2788) [0x000072e49ecd2880, 0x000072e49ecd6dd8] Compiler: jvmci, Barriers: 103, Oops: 23, ImmediateOops: 8, NonImmediateOops: No
[2,228s][debug][gc,nmethod     ] Register NMethod: java.lang.invoke.VarHandleSegmentAsBytes.get (0x000072e47fc26608) [0x000072e47fc26700, 0x000072e47fc2b988] Compiler: c1, Barriers: 24, Oops: 2, ImmediateOops: 5, NonImmediateOops: No
[2,228s][debug][gc,nmethod     ] Register NMethod: io.sirix.node.MemorySegmentBytesIn.readByte (0x000072e47fc2ba08) [0x000072e47fc2bb00, 0x000072e47fc2f520] Compiler: c1, Barriers: 5, Oops: 6, ImmediateOops: 9, NonImmediateOops: No
[2,228s][debug][gc,nmethod     ] Register NMethod: jdk.internal.foreign.AbstractMemorySegmentImpl.get (0x000072e47fc2f588) [0x000072e47fc2f680, 0x000072e47fc32f90] Compiler: c1, Barriers: 27, Oops: 5, ImmediateOops: 12, NonImmediateOops: No
[2,228s][debug][gc,nmethod     ] Register NMethod: java.lang.invoke.VarHandleSegmentAsBytes.get (0x000072e47fc33008) [0x000072e47fc33100, 0x000072e47fc38120] Compiler: c1, Barriers: 24, Oops: 2, ImmediateOops: 5, NonImmediateOops: No
[2,229s][debug][gc,nmethod     ] Register NMethod: java.util.ArrayList.<init> (0x000072e47fc38188) [0x000072e47fc38280, 0x000072e47fc38b50] Compiler: c1, Barriers: 9, Oops: 0, ImmediateOops: 3, NonImmediateOops: No
[2,230s][debug][gc,nmethod     ] Register NMethod: io.sirix.page.KeyValueLeafPage.alignOffset (0x000072e49ecd6f08) [0x000072e49ecd7000, 0x000072e49ecd7068] Compiler: jvmci, Barriers: 0, Oops: 1, ImmediateOops: 0, NonImmediateOops: No
[2,230s][debug][gc,nmethod     ] Register NMethod: io.sirix.page.KeyValueLeafPage.getDeweyId (0x000072e47fc38b88) [0x000072e47fc38c80, 0x000072e47fc3e448] Compiler: c1, Barriers: 21, Oops: 7, ImmediateOops: 12, NonImmediateOops: No
[2,230s][debug][gc,director    ] Rule Major: Warmup 10%, Used: 332MB, UsedThreshold: 1228MB
[2,232s][debug][gc,nmethod     ] Register NMethod: java.lang.classfile.CodeBuilder.getfield (0x000072e47fc3e488) [0x000072e47fc3e580, 0x000072e47fc3e890] Compiler: c1, Barriers: 0, Oops: 0, ImmediateOops: 1, NonImmediateOops: No
[2,233s][debug][gc,nmethod     ] Register NMethod: jdk.xml.internal.XMLSecurityManager$Limit.systemProperty (0x000072e49ecd7208) [0x000072e49ecd7300, 0x000072e49ecd73e8] Compiler: c1, Barriers: 1, Oops: 0, ImmediateOops: 0, NonImmediateOops: No
[2,234s][debug][gc,nmethod     ] Register NMethod: jdk.xml.internal.XMLSecurityManager$Limit.is (0x000072e47fc3e908) [0x000072e47fc3ea00, 0x000072e47fc3f010] Compiler: c1, Barriers: 2, Oops: 0, ImmediateOops: 0, NonImmediateOops: No
[2,235s][debug][gc,nmethod     ] Register NMethod: io.sirix.page.KeyValueLeafPage.processEntries (0x000072e49ecd7508) [0x000072e49ecd7600, 0x000072e49ecd8a00] Compiler: jvmci, Barriers: 33, Oops: 4, ImmediateOops: 0, NonImmediateOops: No
[2,241s][debug][gc,director    ] Rule Major: Warmup 10%, Used: 332MB, UsedThreshold: 1228MB
[2,241s][debug][gc,nmethod     ] Register NMethod: io.sirix.page.KeyValueLeafPage.getDeweyId (0x000072e49ecd8a88) [0x000072e49ecd8b80, 0x000072e49ecd8cb8] Compiler: jvmci, Barriers: 1, Oops: 1, ImmediateOops: 0, NonImmediateOops: No
[2,242s][debug][gc,nmethod     ] Register NMethod: jdk.internal.foreign.layout.AbstractGroupLayout.memberLayouts (0x000072e49ecd8d88) [0x000072e49ecd8e80, 0x000072e49ecd8f68] Compiler: c1, Barriers: 1, Oops: 0, ImmediateOops: 0, NonImmediateOops: No
[2,244s][debug][gc,nmethod     ] Register NMethod: it.unimi.dsi.fastutil.ints.Int2LongOpenHashMap.put (0x000072e47fc3f088) [0x000072e47fc3f180, 0x000072e47fc3f3e8] Compiler: c1, Barriers: 1, Oops: 1, ImmediateOops: 0, NonImmediateOops: No
[2,244s][debug][gc,nmethod     ] Register NMethod: it.unimi.dsi.fastutil.ints.Int2LongOpenHashMap.find (0x000072e47fc3f408) [0x000072e47fc3f500, 0x000072e47fc3f968] Compiler: c1, Barriers: 1, Oops: 1, ImmediateOops: 0, NonImmediateOops: No
[2,245s][debug][gc,nmethod     ] Register NMethod: java.util.Optional.get (0x000072e47fc3f988) [0x000072e47fc3fa80, 0x000072e47fc3fcc0] Compiler: c1, Barriers: 1, Oops: 0, ImmediateOops: 1, NonImmediateOops: No
[2,245s][debug][gc,nmethod     ] Register NMethod: io.sirix.access.trx.node.AbstractNodeReadOnlyTrx.assertNotClosed (0x000072e47fc3fd08) [0x000072e47fc3fe00, 0x000072e47fc40008] Compiler: c1, Barriers: 0, Oops: 1, ImmediateOops: 1, NonImmediateOops: No
[2,246s][debug][gc,nmethod     ] Register NMethod: io.sirix.index.path.summary.PathNode.delegate (0x000072e49ecd9088) [0x000072e49ecd9180, 0x000072e49ecd9268] Compiler: c1, Barriers: 1, Oops: 1, ImmediateOops: 0, NonImmediateOops: No
[2,246s][debug][gc,nmethod     ] Register NMethod: java.lang.invoke.SegmentVarHandle.checkSegment (0x000072e47fc40088) [0x000072e47fc40180, 0x000072e47fc43a98] Compiler: c1, Barriers: 20, Oops: 1, ImmediateOops: 3, NonImmediateOops: No
[2,247s][debug][gc,nmethod     ] Register NMethod: io.sirix.access.trx.page.NodeStorageEngineReader.pageKey (0x000072e47fc43b08) [0x000072e47fc43c00, 0x000072e47fc44380] Compiler: c1, Barriers: 0, Oops: 1, ImmediateOops: 2, NonImmediateOops: No
[2,247s][debug][gc,nmethod     ] Register NMethod: io.sirix.index.path.summary.PathSummaryReader.assertNotClosed (0x000072e47fc44408) [0x000072e47fc44500, 0x000072e47fc44708] Compiler: c1, Barriers: 0, Oops: 1, ImmediateOops: 1, NonImmediateOops: No
[2,247s][debug][gc,nmethod     ] Register NMethod: io.sirix.access.trx.page.NodeStorageEngineWriter.getMostRecentPageContainer (0x000072e47fc44788) [0x000072e47fc44880, 0x000072e47fc44eb0] Compiler: c1, Barriers: 9, Oops: 1, ImmediateOops: 1, NonImmediateOops: No
[2,247s][debug][gc,nmethod     ] Register NMethod: io.sirix.access.trx.node.AbstractNodeReadOnlyTrx.getCurrentNode (0x000072e49ecd9388) [0x000072e49ecd9480, 0x000072e49ecd9568] Compiler: c1, Barriers: 1, Oops: 1, ImmediateOops: 0, NonImmediateOops: No
[2,248s][debug][gc,nmethod     ] Register NMethod: io.sirix.access.ResourceConfiguration.storeChildCount (0x000072e49ecd9688) [0x000072e49ecd9780, 0x000072e49ecd9840] Compiler: c1, Barriers: 0, Oops: 1, ImmediateOops: 0, NonImmediateOops: No
[2,248s][debug][gc,nmethod     ] Register NMethod: com.sun.org.apache.xerces.internal.impl.XMLDocumentFragmentScannerImpl.setScannerState (0x000072e49ecd9988) [0x000072e49ecd9a80, 0x000072e49ecd9b40] Compiler: c1, Barriers: 0, Oops: 0, ImmediateOops: 0, NonImmediateOops: No
[2,248s][debug][gc,nmethod     ] Register NMethod: java.lang.invoke.MethodHandle.invokeBasic (0x000072e49ecd9c88) [0x000072e49ecd9d80, 0x000072e49ecda018] Compiler: , Barriers: 0, Oops: 0, ImmediateOops: 0, NonImmediateOops: No
[2,248s][debug][gc,nmethod     ] Register NMethod: jdk.internal.foreign.NativeMemorySegmentImpl.dup (0x000072e49ecda088) [0x000072e49ecda1a0, 0x000072e49ecda2f0] Compiler: jvmci, Barriers: 2, Oops: 0, ImmediateOops: 0, NonImmediateOops: No
[2,248s][debug][gc,nmethod     ] Register NMethod: com.sun.org.apache.xerces.internal.impl.XMLEntityScanner.checkEntityLimit (0x000072e47fc44f08) [0x000072e47fc45000, 0x000072e47fc452f8] Compiler: c1, Barriers: 0, Oops: 0, ImmediateOops: 4, NonImmediateOops: No
[2,248s][debug][gc,nmethod     ] Register NMethod: java.lang.invoke.VarHandleGuards.guard_LJ_J (0x000072e47fc45308) [0x000072e47fc45400, 0x000072e47fc482c0] Compiler: c1, Barriers: 28, Oops: 0, ImmediateOops: 2, NonImmediateOops: No
[2,249s][debug][gc,nmethod     ] Register NMethod: jdk.internal.foreign.AbstractMemorySegmentImpl.asSliceNoCheck (0x000072e49ecda388) [0x000072e49ecda480, 0x000072e49ecda630] Compiler: jvmci, Barriers: 3, Oops: 0, ImmediateOops: 0, NonImmediateOops: No
[2,249s][debug][gc,nmethod     ] Register NMethod: java.lang.invoke.MethodHandles$Lookup.restrictProtectedReceiver (0x000072e47fc48308) [0x000072e47fc48400, 0x000072e47fc49378] Compiler: c1, Barriers: 2, Oops: 0, ImmediateOops: 0, NonImmediateOops: No
[2,249s][debug][gc,nmethod     ] Register NMethod: java.lang.invoke.VarHandleSegmentAsLongs.get (0x000072e47fc49388) [0x000072e47fc49480, 0x000072e47fc4e6a8] Compiler: c1, Barriers: 24, Oops: 2, ImmediateOops: 6, NonImmediateOops: No
[2,249s][debug][gc,nmethod     ] Register NMethod: java.lang.invoke.VarHandleSegmentAsLongs.get (0x000072e47fc4e708) [0x000072e47fc4e800, 0x000072e47fc53ca0] Compiler: c1, Barriers: 24, Oops: 2, ImmediateOops: 6, NonImmediateOops: No
[2,250s][debug][gc,nmethod     ] Register NMethod: jdk.internal.misc.Unsafe.getBooleanVolatile (0x000072e49ecda688) [0x000072e49ecda780, 0x000072e49ecda8f0] Compiler: , Barriers: 0, Oops: 0, ImmediateOops: 0, NonImmediateOops: No
[2,250s][debug][gc,nmethod     ] Register NMethod: sun.misc.Unsafe.isMemoryAccessWarned (0x000072e47fc53d08) [0x000072e47fc53e00, 0x000072e47fc53f00] Compiler: c1, Barriers: 0, Oops: 0, ImmediateOops: 1, NonImmediateOops: No
[2,250s][debug][gc,nmethod     ] Register NMethod: net.openhft.hashing.Access.i64 (0x000072e47fc54008) [0x000072e47fc54100, 0x000072e47fc54400] Compiler: c1, Barriers: 0, Oops: 1, ImmediateOops: 0, NonImmediateOops: No
[2,250s][debug][gc,nmethod     ] Register NMethod: sun.misc.Unsafe.beforeMemoryAccess (0x000072e47fc54488) [0x000072e47fc54580, 0x000072e47fc54788] Compiler: c1, Barriers: 0, Oops: 0, ImmediateOops: 1, NonImmediateOops: No
[2,250s][debug][gc,nmethod     ] Register NMethod: io.sirix.node.xml.ElementNode.getNodeKey (0x000072e49ecda988) [0x000072e49ecdaa80, 0x000072e49ecdab40] Compiler: c1, Barriers: 0, Oops: 1, ImmediateOops: 0, NonImmediateOops: No
[2,250s][debug][gc,nmethod     ] Register NMethod: net.openhft.hashing.UnsafeAccess.getLong (0x000072e47fc54808) [0x000072e47fc54900, 0x000072e47fc54da0] Compiler: c1, Barriers: 0, Oops: 1, ImmediateOops: 2, NonImmediateOops: No
[2,250s][debug][gc,nmethod     ] Register NMethod: io.sirix.access.trx.node.xml.XmlNodeTrxImpl.nodeReadOnlyTrxDelegate (0x000072e47fc54e08) [0x000072e47fc54f00, 0x000072e47fc55250] Compiler: c1, Barriers: 1, Oops: 1, ImmediateOops: 0, NonImmediateOops: No
[2,250s][debug][gc,nmethod     ] Register NMethod: sun.misc.Unsafe.getLong (0x000072e47fc55288) [0x000072e47fc55380, 0x000072e47fc555f8] Compiler: c1, Barriers: 0, Oops: 0, ImmediateOops: 1, NonImmediateOops: No
[2,251s][debug][gc,nmethod     ] Register NMethod: io.sirix.cache.PageContainer.getModifiedAsUnorderedKeyValuePage (0x000072e47fc55608) [0x000072e47fc55700, 0x000072e47fc55a38] Compiler: c1, Barriers: 1, Oops: 1, ImmediateOops: 0, NonImmediateOops: No
[2,251s][debug][gc,director    ] Rule Major: Warmup 10%, Used: 334MB, UsedThreshold: 1228MB
[2,251s][debug][gc,nmethod     ] Register NMethod: io.sirix.page.KeyValueLeafPage.getRecord (0x000072e47fc55a88) [0x000072e47fc55b80, 0x000072e47fc55d10] Compiler: c1, Barriers: 2, Oops: 1, ImmediateOops: 0, NonImmediateOops: No
[2,251s][debug][gc,nmethod     ] Register NMethod: java.lang.Math.multiplyHigh (0x000072e47fc55d88) [0x000072e47fc55e80, 0x000072e47fc55fd8] Compiler: c1, Barriers: 0, Oops: 0, ImmediateOops: 0, NonImmediateOops: No
[2,251s][debug][gc,nmethod     ] Register NMethod: net.openhft.hashing.Maths.unsignedLongMulXorFold (0x000072e47fc56088) [0x000072e47fc56180, 0x000072e47fc562b8] Compiler: c1, Barriers: 0, Oops: 1, ImmediateOops: 1, NonImmediateOops: No
[2,251s][debug][gc,nmethod     ] Register NMethod: io.sirix.access.trx.page.NodeStorageEngineReader.getValue (0x000072e47fc56388) [0x000072e47fc56480, 0x000072e47fc57fe0] Compiler: c1, Barriers: 6, Oops: 1, ImmediateOops: 1, NonImmediateOops: No
[2,251s][debug][gc,nmethod     ] Register NMethod: net.openhft.hashing.MathsJDK9.unsignedLongMulXorFoldImp (0x000072e47fc58008) [0x000072e47fc58100, 0x000072e47fc58280] Compiler: c1, Barriers: 0, Oops: 1, ImmediateOops: 0, NonImmediateOops: No
[2,251s][debug][gc,nmethod     ] Register NMethod: java.util.ArrayList$ArrayListSpliterator.trySplit (0x000072e47fc58308) [0x000072e47fc58400, 0x000072e47fc586f8] Compiler: c1, Barriers: 0, Oops: 0, ImmediateOops: 0, NonImmediateOops: No
[2,251s][debug][gc,nmethod     ] Register NMethod: io.sirix.access.trx.page.NodeStorageEngineWriter.prepareRecordPage (0x000072e47fc58708) [0x000072e47fc58800, 0x000072e47fc5ada8] Compiler: c1, Barriers: 38, Oops: 4, ImmediateOops: 3, NonImmediateOops: No
[2,251s][debug][gc,nmethod     ] Register NMethod: io.sirix.node.NodeSerializerImpl.serialize (0x000072e47fc5ae08) [0x000072e47fc5af00, 0x000072e47fc5b930] Compiler: c1, Barriers: 1, Oops: 1, ImmediateOops: 0, NonImmediateOops: No
[2,252s][debug][gc,nmethod     ] Register NMethod: jdk.internal.foreign.ConfinedSession$ConfinedResourceList.add (0x000072e47fc5b988) [0x000072e47fc5ba80, 0x000072e47fc5bf28] Compiler: c1, Barriers: 11, Oops: 0, ImmediateOops: 2, NonImmediateOops: No
[2,252s][debug][gc,nmethod     ] Register NMethod: net.openhft.hashing.XXH3.XXH3_mix16B (0x000072e47fc5bf88) [0x000072e47fc5c080, 0x000072e47fc5da10] Compiler: c1, Barriers: 0, Oops: 3, ImmediateOops: 8, NonImmediateOops: No
[2,252s][debug][gc,nmethod     ] Register NMethod: jdk.internal.foreign.MemorySessionImpl$ResourceList.cleanupSingle (0x000072e47fc5da88) [0x000072e47fc5db80, 0x000072e47fc5e128] Compiler: c1, Barriers: 0, Oops: 0, ImmediateOops: 0, NonImmediateOops: No
[2,252s][debug][gc,nmethod     ] Register NMethod: java.util.concurrent.atomic.AtomicLong.incrementAndGet (0x000072e49ecdac88) [0x000072e49ecdad80, 0x000072e49ecdae10] Compiler: jvmci, Barriers: 0, Oops: 0, ImmediateOops: 0, NonImmediateOops: No
[2,252s][debug][gc,nmethod     ] Register NMethod: jdk.internal.foreign.AbstractMemorySegmentImpl.lambda$toArray$0 (0x000072e47fc5e188) [0x000072e47fc5e280, 0x000072e47fc5e3e8] Compiler: c1, Barriers: 0, Oops: 0, ImmediateOops: 0, NonImmediateOops: No
[2,252s][debug][gc,nmethod     ] Register NMethod: java.util.ArrayList$ArrayListSpliterator.trySplit (0x000072e47fc5e488) [0x000072e47fc5e580, 0x000072e47fc5eb10] Compiler: c1, Barriers: 5, Oops: 0, ImmediateOops: 0, NonImmediateOops: No
[2,252s][debug][gc,nmethod     ] Register NMethod: jdk.internal.foreign.layout.ValueLayouts$OfByteImpl.dup (0x000072e47fc5eb88) [0x000072e47fc5ec80, 0x000072e47fc5ef78] Compiler: c1, Barriers: 0, Oops: 0, ImmediateOops: 0, NonImmediateOops: No
[2,252s][debug][gc,nmethod     ] Register NMethod: jdk.internal.foreign.layout.ValueLayouts$OfByteImpl.dup (0x000072e47fc5ef88) [0x000072e47fc5f080, 0x000072e47fc5f230] Compiler: c1, Barriers: 0, Oops: 0, ImmediateOops: 0, NonImmediateOops: No
[2,252s][debug][gc,nmethod     ] Register NMethod: jdk.internal.foreign.AbstractMemorySegmentImpl$$Lambda/0x00000000b3229808.apply (0x000072e47fc5f288) [0x000072e47fc5f380, 0x000072e47fc5f718] Compiler: c1, Barriers: 0, Oops: 0, ImmediateOops: 0, NonImmediateOops: No
[2,252s][debug][gc,nmethod     ] Register NMethod: jdk.internal.foreign.layout.ValueLayouts$OfByteImpl.withOrder (0x000072e47fc5f788) [0x000072e47fc5f880, 0x000072e47fc5fbd0] Compiler: c1, Barriers: 0, Oops: 0, ImmediateOops: 0, NonImmediateOops: No
[2,252s][debug][gc,nmethod     ] Register NMethod: jdk.internal.foreign.layout.ValueLayouts$OfByteImpl.<init> (0x000072e47fc5fc08) [0x000072e47fc5fd00, 0x000072e47fc5fe58] Compiler: c1, Barriers: 0, Oops: 0, ImmediateOops: 1, NonImmediateOops: No
[2,252s][debug][gc,nmethod     ] Register NMethod: jdk.internal.foreign.HeapMemorySegmentImpl.<init> (0x000072e47fc5ff08) [0x000072e47fc60000, 0x000072e47fc602b8] Compiler: c1, Barriers: 6, Oops: 0, ImmediateOops: 0, NonImmediateOops: No
[2,252s][debug][gc,nmethod     ] Register NMethod: io.sirix.node.HashCountEntryNode.getNodeKey (0x000072e49ecdaf88) [0x000072e49ecdb080, 0x000072e49ecdb140] Compiler: c1, Barriers: 0, Oops: 1, ImmediateOops: 0, NonImmediateOops: No
[2,252s][debug][gc,nmethod     ] Register NMethod: jdk.internal.foreign.AbstractMemorySegmentImpl$$Lambda/0x00000000b32286c8.apply (0x000072e47fc60308) [0x000072e47fc60400, 0x000072e47fc605e0] Compiler: c1, Barriers: 0, Oops: 0, ImmediateOops: 0, NonImmediateOops: No
[2,252s][debug][gc,nmethod     ] Register NMethod: it.unimi.dsi.fastutil.longs.LongArrayList.size (0x000072e49ecdb288) [0x000072e49ecdb380, 0x000072e49ecdb440] Compiler: c1, Barriers: 0, Oops: 1, ImmediateOops: 0, NonImmediateOops: No
[2,252s][debug][gc,nmethod     ] Register NMethod: io.sirix.node.Utils.putVarLong (0x000072e47fc60608) [0x000072e47fc60700, 0x000072e47fc60850] Compiler: c1, Barriers: 0, Oops: 1, ImmediateOops: 0, NonImmediateOops: No
[2,253s][debug][gc,nmethod     ] Register NMethod: jdk.internal.foreign.layout.ValueLayouts$AbstractValueLayout.withOrder (0x000072e47fc60908) [0x000072e47fc60a00, 0x000072e47fc61230] Compiler: c1, Barriers: 1, Oops: 0, ImmediateOops: 0, NonImmediateOops: No
[2,253s][debug][gc,nmethod     ] Register NMethod: java.util.concurrent.ForkJoinWorkerThread$InnocuousForkJoinWorkerThread.onThreadLocalReset (0x000072e47fc61288) [0x000072e47fc61380, 0x000072e47fc61588] Compiler: c1, Barriers: 3, Oops: 0, ImmediateOops: 0, NonImmediateOops: No
[2,253s][debug][gc,nmethod     ] Register NMethod: io.sirix.node.HashEntryNode.getNodeKey (0x000072e49ecdb588) [0x000072e49ecdb680, 0x000072e49ecdb740] Compiler: c1, Barriers: 0, Oops: 1, ImmediateOops: 0, NonImmediateOops: No
[2,253s][debug][gc,nmethod     ] Register NMethod: java.lang.Class.getSimpleName (0x000072e47fc61608) [0x000072e47fc61700, 0x000072e47fc61960] Compiler: c1, Barriers: 4, Oops: 0, ImmediateOops: 0, NonImmediateOops: No
[2,253s][debug][gc,nmethod     ] Register NMethod: java.util.concurrent.ConcurrentHashMap.clear (0x000072e47fc61988) [0x000072e47fc61a80, 0x000072e47fc628a0] Compiler: c1, Barriers: 3, Oops: 0, ImmediateOops: 0, NonImmediateOops: No
[2,253s][debug][gc,nmethod     ] Register NMethod: java.lang.Class.descriptorString (0x000072e49ecdb888) [0x000072e49ecdba00, 0x000072e49ecdccf8] Compiler: jvmci, Barriers: 13, Oops: 3, ImmediateOops: 5, NonImmediateOops: No
[2,253s][debug][gc,nmethod     ] Register NMethod: io.sirix.page.SerializationType.writeHash (0x000072e47fc62908) [0x000072e47fc62a00, 0x000072e47fc63510] Compiler: c1, Barriers: 5, Oops: 1, ImmediateOops: 0, NonImmediateOops: No
[2,254s][debug][gc,nmethod     ] Register NMethod: io.sirix.page.SerializationType.writePageFragments (0x000072e47fc63588) [0x000072e47fc63680, 0x000072e47fc64b48] Compiler: c1, Barriers: 5, Oops: 1, ImmediateOops: 0, NonImmediateOops: No
[2,254s][debug][gc,nmethod     ] Register NMethod: io.sirix.access.trx.page.NodeStorageEngineReader.closeMostRecentPageIfOrphaned (0x000072e47fb96108) [0x000072e47fb96200, 0x000072e47fb974d0] Compiler: c1, Barriers: 4, Oops: 1, ImmediateOops: 0, NonImmediateOops: No
[2,255s][debug][gc,nmethod     ] Register NMethod: jdk.internal.foreign.AbstractMemorySegmentImpl.toArray (0x000072e47fc64b88) [0x000072e47fc64c80, 0x000072e47fc6f970] Compiler: c1, Barriers: 14, Oops: 6, ImmediateOops: 23, NonImmediateOops: No
[2,256s][debug][gc,nmethod     ] Register NMethod: com.github.benmanes.caffeine.cache.UnboundedLocalCache$UnboundedLocalAsyncCache.cache (0x000072e49ecdcd88) [0x000072e49ecdce80, 0x000072e49ecdcf68] Compiler: c1, Barriers: 1, Oops: 1, ImmediateOops: 0, NonImmediateOops: No
[2,256s][debug][gc,nmethod     ] Register NMethod: java.nio.MappedByteBuffer.flip (0x000072e47fc6fa08) [0x000072e47fc6fb00, 0x000072e47fc6fcd8] Compiler: c1, Barriers: 0, Oops: 0, ImmediateOops: 0, NonImmediateOops: No
[2,256s][debug][gc,nmethod     ] Register NMethod: com.github.benmanes.caffeine.cache.SSLSMW.evicts (0x000072e49ecdd088) [0x000072e49ecdd180, 0x000072e49ecdd240] Compiler: c1, Barriers: 0, Oops: 1, ImmediateOops: 0, NonImmediateOops: No
[2,257s][debug][gc,nmethod     ] Register NMethod: java.nio.DirectByteBuffer.attachment (0x000072e49ecdd388) [0x000072e49ecdd480, 0x000072e49ecdd568] Compiler: c1, Barriers: 1, Oops: 0, ImmediateOops: 0, NonImmediateOops: No
[2,257s][debug][gc,nmethod     ] Register NMethod: com.github.benmanes.caffeine.cache.SSLSMW.frequencySketch (0x000072e49ecdd688) [0x000072e49ecdd780, 0x000072e49ecdd870] Compiler: c1, Barriers: 1, Oops: 1, ImmediateOops: 0, NonImmediateOops: No
[2,258s][debug][gc,nmethod     ] Register NMethod: io.sirix.node.MemorySegmentBytesIn.readInt (0x000072e47fc6fd08) [0x000072e47fc6fe00, 0x000072e47fc73a10] Compiler: c1, Barriers: 5, Oops: 6, ImmediateOops: 10, NonImmediateOops: No
[2,259s][debug][gc,nmethod     ] Register NMethod: sun.security.provider.SHA2.implCompress0 (0x000072e49ecdd988) [0x000072e49ecdda80, 0x000072e49ecde348] Compiler: jvmci, Barriers: 2, Oops: 0, ImmediateOops: 1, NonImmediateOops: No
[2,261s][debug][gc,director    ] Rule Major: Warmup 10%, Used: 336MB, UsedThreshold: 1228MB
[2,262s][debug][gc,nmethod     ] Register NMethod: jdk.internal.classfile.impl.AbstractPoolEntry$AbstractNamedEntry.<init> (0x000072e49ecde388) [0x000072e49ecde480, 0x000072e49ecde620] Compiler: jvmci, Barriers: 6, Oops: 0, ImmediateOops: 0, NonImmediateOops: No
[2,266s][debug][gc,nmethod     ] Register NMethod: java.util.concurrent.atomic.AtomicInteger.incrementAndGet (0x000072e47fc73a88) [0x000072e47fc73b80, 0x000072e47fc73c90] Compiler: c1, Barriers: 0, Oops: 0, ImmediateOops: 0, NonImmediateOops: No
[2,267s][debug][gc,nmethod     ] Register NMethod: java.lang.System$1.blockedOn (0x000072e47fc73d88) [0x000072e47fc73e80, 0x000072e47fc741d8] Compiler: c1, Barriers: 1, Oops: 0, ImmediateOops: 0, NonImmediateOops: No
[2,267s][debug][gc,nmethod     ] Register NMethod: java.nio.channels.spi.AbstractInterruptibleChannel.blockedOn (0x000072e47fc74208) [0x000072e47fc74300, 0x000072e47fc74768] Compiler: c1, Barriers: 2, Oops: 0, ImmediateOops: 1, NonImmediateOops: No
[2,268s][debug][gc,nmethod     ] Register NMethod: io.sirix.node.MemorySegmentBytesIn.<init> (0x000072e47fc74788) [0x000072e47fc74880, 0x000072e47fc74a60] Compiler: c1, Barriers: 3, Oops: 1, ImmediateOops: 0, NonImmediateOops: No
[2,268s][debug][gc,nmethod     ] Register NMethod: com.google.common.base.Preconditions.checkArgument (0x000072e47fc74a88) [0x000072e47fc74b80, 0x000072e47fc74d50] Compiler: c1, Barriers: 0, Oops: 1, ImmediateOops: 0, NonImmediateOops: No
[2,268s][debug][gc,nmethod     ] Register NMethod: java.util.concurrent.atomic.AtomicInteger.decrementAndGet (0x000072e47fc74d88) [0x000072e47fc74e80, 0x000072e47fc74f90] Compiler: c1, Barriers: 0, Oops: 0, ImmediateOops: 0, NonImmediateOops: No
[2,269s][debug][gc,nmethod     ] Register NMethod: java.lang.Long.bitCount (0x000072e49ecde688) [0x000072e49ecde780, 0x000072e49ecde850] Compiler: jvmci, Barriers: 0, Oops: 0, ImmediateOops: 0, NonImmediateOops: No
[2,269s][debug][gc,nmethod     ] Register NMethod: java.util.concurrent.ForkJoinPool$WorkQueue.topLevelExec (0x000072e47fc75088) [0x000072e47fc75180, 0x000072e47fc75f40] Compiler: c1, Barriers: 0, Oops: 0, ImmediateOops: 0, NonImmediateOops: No
[2,270s][debug][gc,nmethod     ] Register NMethod: io.sirix.cache.IndexLogKey.getIndexType (0x000072e49ecde988) [0x000072e49ecdea80, 0x000072e49ecdeb68] Compiler: c1, Barriers: 1, Oops: 1, ImmediateOops: 0, NonImmediateOops: No
[2,271s][debug][gc,director    ] Rule Major: Warmup 10%, Used: 336MB, UsedThreshold: 1228MB
[2,271s][debug][gc,nmethod     ] Register NMethod: jdk.internal.misc.Unsafe.checkSize (0x000072e49ecdec88) [0x000072e49ecded80, 0x000072e49ecdee38] Compiler: jvmci, Barriers: 0, Oops: 0, ImmediateOops: 0, NonImmediateOops: No
[2,272s][debug][gc,nmethod     ] Register NMethod: java.lang.invoke.VarHandleReferences$FieldInstanceReadWrite.compareAndSet (0x000072e49ecdef88) [0x000072e49ecdf080, 0x000072e49ecdf7b8] Compiler: jvmci, Barriers: 7, Oops: 0, ImmediateOops: 0, NonImmediateOops: No
[2,273s][debug][gc,nmethod     ] Register NMethod: io.sirix.cache.IndexLogKey.getRecordPageKey (0x000072e49ecdf808) [0x000072e49ecdf900, 0x000072e49ecdf9c0] Compiler: c1, Barriers: 0, Oops: 1, ImmediateOops: 0, NonImmediateOops: No
[2,273s][debug][gc,nmethod     ] Register NMethod: io.sirix.index.path.summary.PathNode.structDelegate (0x000072e49ecdfb08) [0x000072e49ecdfc00, 0x000072e49ecdfce8] Compiler: c1, Barriers: 1, Oops: 1, ImmediateOops: 0, NonImmediateOops: No
[2,273s][debug][gc,nmethod     ] Register NMethod: io.sirix.access.trx.page.NodeStorageEngineReader.checkItemIfDeleted (0x000072e47fc75f88) [0x000072e47fc76080, 0x000072e47fc763e0] Compiler: c1, Barriers: 0, Oops: 1, ImmediateOops: 0, NonImmediateOops: No
[2,273s][debug][gc,nmethod     ] Register NMethod: io.sirix.cache.IndexLogKey.<init> (0x000072e47fc76408) [0x000072e47fc76500, 0x000072e47fc766e0] Compiler: c1, Barriers: 3, Oops: 1, ImmediateOops: 0, NonImmediateOops: No
[2,273s][debug][gc,nmethod     ] Register NMethod: io.sirix.page.delegates.ReferencesPage4.getOrCreateReference (0x000072e47fc76708) [0x000072e47fc76800, 0x000072e47fc78218] Compiler: c1, Barriers: 5, Oops: 1, ImmediateOops: 0, NonImmediateOops: No
[2,274s][debug][gc,nmethod     ] Register NMethod: io.sirix.page.PathSummaryPage.delegate (0x000072e49ecdfe08) [0x000072e49ecdff00, 0x000072e49ecdffe8] Compiler: c1, Barriers: 1, Oops: 1, ImmediateOops: 0, NonImmediateOops: No
[2,274s][debug][gc,nmethod     ] Register NMethod: io.sirix.access.trx.page.NodeStorageEngineWriter.getPageContainer (0x000072e47fc78288) [0x000072e47fc78380, 0x000072e47fc794c0] Compiler: c1, Barriers: 12, Oops: 4, ImmediateOops: 2, NonImmediateOops: No
[2,274s][debug][gc,nmethod     ] Register NMethod: io.sirix.page.RevisionRootPage.getPathSummaryPageReference (0x000072e47fc79508) [0x000072e47fc79600, 0x000072e47fc79b70] Compiler: c1, Barriers: 1, Oops: 1, ImmediateOops: 0, NonImmediateOops: No
[2,274s][debug][gc,nmethod     ] Register NMethod: io.sirix.cache.IndexLogKey.getIndexNumber (0x000072e49ece0108) [0x000072e49ece0200, 0x000072e49ece02c0] Compiler: c1, Barriers: 0, Oops: 1, ImmediateOops: 0, NonImmediateOops: No
[2,274s][debug][gc,nmethod     ] Register NMethod: io.sirix.access.trx.page.NodeStorageEngineWriter.getRecord (0x000072e47fc79b88) [0x000072e47fc79c80, 0x000072e47fc7bc20] Compiler: c1, Barriers: 8, Oops: 1, ImmediateOops: 2, NonImmediateOops: No
[2,276s][debug][gc,nmethod     ] Register NMethod: sun.nio.ch.Util.isBufferTooLarge (0x000072e47fc7bc88) [0x000072e47fc7bd80, 0x000072e47fc7bec0] Compiler: c1, Barriers: 0, Oops: 0, ImmediateOops: 0, NonImmediateOops: No
[2,276s][debug][gc,nmethod     ] Register NMethod: sun.nio.ch.IOUtil.read (0x000072e47fc7bf88) [0x000072e47fc7c080, 0x000072e47fc7d008] Compiler: c1, Barriers: 0, Oops: 0, ImmediateOops: 1, NonImmediateOops: No
[2,276s][debug][gc,nmethod     ] Register NMethod: sun.nio.ch.IOUtil.readIntoNativeBuffer (0x000072e47fc7d088) [0x000072e47fc7d180, 0x000072e47fc7f838] Compiler: c1, Barriers: 4, Oops: 0, ImmediateOops: 4, NonImmediateOops: No
[2,277s][debug][gc,nmethod     ] Register NMethod: sun.nio.ch.IOUtil.read (0x000072e47fc7f888) [0x000072e47fc7f980, 0x000072e47fc7faa8] Compiler: c1, Barriers: 0, Oops: 0, ImmediateOops: 0, NonImmediateOops: No
[2,277s][debug][gc,nmethod     ] Register NMethod: java.nio.MappedByteBuffer.flip (0x000072e47fc7fb88) [0x000072e47fc7fc80, 0x000072e47fc80070] Compiler: c1, Barriers: 0, Oops: 0, ImmediateOops: 0, NonImmediateOops: No
[2,277s][debug][gc,nmethod     ] Register NMethod: io.sirix.page.KeyValueLeafPage.processEntries (0x000072e49ece0408) [0x000072e49ece0500, 0x000072e49ece1688] Compiler: jvmci, Barriers: 37, Oops: 4, ImmediateOops: 0, NonImmediateOops: No
[2,278s][debug][gc,nmethod     ] Register NMethod: java.nio.MappedByteBuffer.limit (0x000072e47fc80088) [0x000072e47fc80180, 0x000072e47fc80540] Compiler: c1, Barriers: 0, Oops: 0, ImmediateOops: 0, NonImmediateOops: No
[2,278s][debug][gc,nmethod     ] Register NMethod: io.sirix.access.ResourceConfiguration.getID (0x000072e49ece1708) [0x000072e49ece1800, 0x000072e49ece18c0] Compiler: c1, Barriers: 0, Oops: 1, ImmediateOops: 0, NonImmediateOops: No
[2,278s][debug][gc,nmethod     ] Register NMethod: com.github.benmanes.caffeine.cache.AbstractLinkedDeque.peekFirst (0x000072e49ece1a08) [0x000072e49ece1b00, 0x000072e49ece1be8] Compiler: c1, Barriers: 1, Oops: 1, ImmediateOops: 0, NonImmediateOops: No
[2,278s][debug][gc,nmethod     ] Register NMethod: com.github.benmanes.caffeine.cache.BoundedLocalCache.expiresVariable (0x000072e49ece1d08) [0x000072e49ece1e00, 0x000072e49ece1ec0] Compiler: c1, Barriers: 0, Oops: 1, ImmediateOops: 0, NonImmediateOops: No
[2,278s][debug][gc,nmethod     ] Register NMethod: java.nio.ByteBuffer.<init> (0x000072e47fc80588) [0x000072e47fc80680, 0x000072e47fc807c8] Compiler: c1, Barriers: 0, Oops: 0, ImmediateOops: 0, NonImmediateOops: No
[2,278s][debug][gc,nmethod     ] Register NMethod: java.nio.MappedByteBuffer.position (0x000072e47fc80888) [0x000072e47fc80980, 0x000072e47fc80d40] Compiler: c1, Barriers: 0, Oops: 0, ImmediateOops: 0, NonImmediateOops: No
[2,278s][debug][gc,nmethod     ] Register NMethod: java.nio.ByteBuffer.base (0x000072e49ece2008) [0x000072e49ece2100, 0x000072e49ece21e8] Compiler: c1, Barriers: 1, Oops: 0, ImmediateOops: 0, NonImmediateOops: No
[2,278s][debug][gc,nmethod     ] Register NMethod: sun.nio.ch.FileChannelImpl.read (0x000072e47fc80d88) [0x000072e47fc80e80, 0x000072e47fc810c8] Compiler: c1, Barriers: 0, Oops: 0, ImmediateOops: 1, NonImmediateOops: No
[2,278s][debug][gc,nmethod     ] Register NMethod: java.nio.channels.spi.AbstractInterruptibleChannel.begin (0x000072e47fc81108) [0x000072e47fc81200, 0x000072e47fc81e18] Compiler: c1, Barriers: 6, Oops: 0, ImmediateOops: 1, NonImmediateOops: No
[2,278s][debug][gc,nmethod     ] Register NMethod: sun.nio.ch.FileChannelImpl.implRead (0x000072e47fc81e88) [0x000072e47fc81f80, 0x000072e47fc82978] Compiler: c1, Barriers: 0, Oops: 0, ImmediateOops: 2, NonImmediateOops: No
[2,279s][debug][gc,nmethod     ] Register NMethod: io.sirix.node.MemorySegmentBytesIn.readLong (0x000072e47fc82988) [0x000072e47fc82a80, 0x000072e47fc86690] Compiler: c1, Barriers: 5, Oops: 6, ImmediateOops: 10, NonImmediateOops: No
[2,279s][debug][gc,nmethod     ] Register NMethod: jdk.internal.foreign.AbstractMemorySegmentImpl.get (0x000072e47fc86708) [0x000072e47fc86800, 0x000072e47fc8a130] Compiler: c1, Barriers: 27, Oops: 5, ImmediateOops: 12, NonImmediateOops: No
[2,279s][debug][gc,nmethod     ] Register NMethod: java.nio.channels.spi.AbstractInterruptibleChannel.end (0x000072e47fc8a188) [0x000072e47fc8a280, 0x000072e47fc8ad20] Compiler: c1, Barriers: 8, Oops: 0, ImmediateOops: 1, NonImmediateOops: No
[2,279s][debug][gc,nmethod     ] Register NMethod: sun.nio.ch.UnixFileDispatcherImpl.pread (0x000072e47fc8ad88) [0x000072e47fc8ae80, 0x000072e47fc8afc0] Compiler: c1, Barriers: 0, Oops: 0, ImmediateOops: 0, NonImmediateOops: No
[2,279s][debug][gc,nmethod     ] Register NMethod: jdk.internal.misc.Unsafe.getIntOpaque (0x000072e47fc8b088) [0x000072e47fc8b180, 0x000072e47fc8b280] Compiler: c1, Barriers: 0, Oops: 0, ImmediateOops: 0, NonImmediateOops: No
[2,279s][debug][gc,nmethod     ] Register NMethod: net.jpountz.lz4.LZ4BlockInputStream.refill (0x000072e47fc8b388) [0x000072e47fc8b480, 0x000072e47fc8d4a0] Compiler: c1, Barriers: 22, Oops: 1, ImmediateOops: 11, NonImmediateOops: No
[2,279s][debug][gc,nmethod     ] Register NMethod: com.github.benmanes.caffeine.cache.BLCHeader$DrainStatusRef.drainStatusOpaque (0x000072e47fc8d508) [0x000072e47fc8d600, 0x000072e47fc8e440] Compiler: c1, Barriers: 0, Oops: 6, ImmediateOops: 6, NonImmediateOops: No
[2,279s][debug][gc,nmethod     ] Register NMethod: java.lang.invoke.VarHandleInts$FieldInstanceReadOnly.getOpaque (0x000072e47fc8e488) [0x000072e47fc8e580, 0x000072e47fc8f190] Compiler: c1, Barriers: 1, Oops: 1, ImmediateOops: 1, NonImmediateOops: No
[2,279s][debug][gc,nmethod     ] Register NMethod: com.github.benmanes.caffeine.cache.BoundedLocalCache.expiresAfterWrite (0x000072e49ece2308) [0x000072e49ece2400, 0x000072e49ece24c0] Compiler: c1, Barriers: 0, Oops: 1, ImmediateOops: 0, NonImmediateOops: No
[2,279s][debug][gc,nmethod     ] Register NMethod: net.jpountz.lz4.LZ4BlockInputStream.read (0x000072e47fc8f208) [0x000072e47fc8f300, 0x000072e47fc8fbe0] Compiler: c1, Barriers: 1, Oops: 1, ImmediateOops: 1, NonImmediateOops: No
[2,279s][debug][gc,nmethod     ] Register NMethod: io.sirix.io.bytepipe.ByteHandler.supportsMemorySegments (0x000072e49ece2608) [0x000072e49ece2700, 0x000072e49ece27c0] Compiler: c1, Barriers: 0, Oops: 1, ImmediateOops: 0, NonImmediateOops: No
[2,279s][debug][gc,nmethod     ] Register NMethod: net.jpountz.lz4.LZ4Factory.fastDecompressor (0x000072e49ece2908) [0x000072e49ece2a00, 0x000072e49ece2ae8] Compiler: c1, Barriers: 1, Oops: 1, ImmediateOops: 0, NonImmediateOops: No
[2,279s][debug][gc,nmethod     ] Register NMethod: io.sirix.access.DatabaseConfiguration.getDatabaseId (0x000072e49ece2c08) [0x000072e49ece2d00, 0x000072e49ece2dc0] Compiler: c1, Barriers: 0, Oops: 1, ImmediateOops: 0, NonImmediateOops: No
[2,280s][debug][gc,nmethod     ] Register NMethod: jdk.internal.util.DecimalDigits.uncheckedPutPairLatin1 (0x000072e47fc8fc08) [0x000072e47fc8fd00, 0x000072e47fc8fe88] Compiler: c1, Barriers: 0, Oops: 0, ImmediateOops: 1, NonImmediateOops: No
[2,280s][debug][gc,nmethod     ] Register NMethod: sun.nio.ch.FileChannelImpl.readInternal (0x000072e47fc8ff08) [0x000072e47fc90000, 0x000072e47fc92000] Compiler: c1, Barriers: 7, Oops: 0, ImmediateOops: 3, NonImmediateOops: No
[2,280s][debug][gc,nmethod     ] Register NMethod: java.util.ArrayList.getFirst (0x000072e47fc92008) [0x000072e47fc92100, 0x000072e47fc92400] Compiler: c1, Barriers: 2, Oops: 0, ImmediateOops: 0, NonImmediateOops: No
[2,281s][debug][gc,director    ] Rule Major: Warmup 10%, Used: 340MB, UsedThreshold: 1228MB
[2,282s][debug][gc,nmethod     ] Register NMethod: io.sirix.page.KeyValueLeafPage.setData (0x000072e47fc92408) [0x000072e47fc92500, 0x000072e47fcd7c80] Compiler: c1, Barriers: 182, Oops: 16, ImmediateOops: 164, NonImmediateOops: No
[2,282s][debug][gc,nmethod     ] Register NMethod: java.util.concurrent.ForkJoinPool.deactivate (0x000072e49ece2f08) [0x000072e49ece3000, 0x000072e49ece3b90] Compiler: jvmci, Barriers: 21, Oops: 0, ImmediateOops: 1, NonImmediateOops: No
[2,282s][debug][gc,nmethod     ] Register NMethod: java.nio.MappedByteBuffer.<init> (0x000072e47fcd7d08) [0x000072e47fcd7e00, 0x000072e47fcd7fd0] Compiler: c1, Barriers: 3, Oops: 0, ImmediateOops: 0, NonImmediateOops: No
[2,282s][debug][gc,nmethod     ] Register NMethod: java.util.concurrent.ConcurrentHashMap$KeySetView.add (0x000072e47fcd8008) [0x000072e47fcd8100, 0x000072e47fcd85a8] Compiler: c1, Barriers: 2, Oops: 0, ImmediateOops: 0, NonImmediateOops: No
[2,284s][debug][gc,nmethod     ] Register NMethod: io.sirix.node.MemorySegmentBytesIn.read (0x000072e47fcd8608) [0x000072e47fcd8700, 0x000072e47fcd8858] Compiler: c1, Barriers: 0, Oops: 1, ImmediateOops: 0, NonImmediateOops: No
[2,284s][debug][gc,nmethod     ] Register NMethod: java.lang.invoke.LambdaForm$Holder.constant_L (0x000072e49ece3c08) [0x000072e49ece3d00, 0x000072e49ece3e20] Compiler: jvmci, Barriers: 1, Oops: 0, ImmediateOops: 0, NonImmediateOops: No
[2,284s][debug][gc,nmethod     ] Register NMethod: io.sirix.cache.IndexLogKey.getRevisionNumber (0x000072e49ece3f08) [0x000072e49ece4000, 0x000072e49ece40c0] Compiler: c1, Barriers: 0, Oops: 1, ImmediateOops: 0, NonImmediateOops: No
[2,284s][debug][gc,nmethod     ] Register NMethod: io.sirix.page.KeyValueLeafPage.getNumberOfNonNullEntries (0x000072e47fcd8908) [0x000072e47fcd8a00, 0x000072e47fcd8fb0] Compiler: c1, Barriers: 2, Oops: 1, ImmediateOops: 0, NonImmediateOops: No
[2,285s][debug][gc,nmethod     ] Register NMethod: io.sirix.page.KeyValueLeafPage.setDeweyId (0x000072e47fcd9008) [0x000072e47fcd9100, 0x000072e47fcd9358] Compiler: c1, Barriers: 5, Oops: 1, ImmediateOops: 0, NonImmediateOops: No
[2,285s][debug][gc,nmethod     ] Register NMethod: io.sirix.page.KeyValueLeafPage.getNumberOfNonNullEntries (0x000072e47fcd9388) [0x000072e47fcd9480, 0x000072e47fcd99a0] Compiler: c1, Barriers: 2, Oops: 1, ImmediateOops: 0, NonImmediateOops: No
[2,285s][debug][gc,nmethod     ] Register NMethod: io.sirix.node.MemorySegmentBytesIn.read (0x000072e47fcd9a08) [0x000072e47fcd9b00, 0x000072e47fce05f8] Compiler: c1, Barriers: 7, Oops: 9, ImmediateOops: 16, NonImmediateOops: No
[2,285s][debug][gc,nmethod     ] Register NMethod: io.sirix.io.filechannel.FileChannelWriter.delegate (0x000072e49ece4208) [0x000072e49ece4300, 0x000072e49ece43e8] Compiler: c1, Barriers: 1, Oops: 1, ImmediateOops: 0, NonImmediateOops: No
[2,285s][debug][gc,nmethod     ] Register NMethod: io.sirix.page.PageReference.setDatabaseId (0x000072e47fce0688) [0x000072e47fce0780, 0x000072e47fce0890] Compiler: c1, Barriers: 0, Oops: 1, ImmediateOops: 0, NonImmediateOops: No
[2,285s][debug][gc,nmethod     ] Register NMethod: io.sirix.page.PageReference.setResourceId (0x000072e47fce0988) [0x000072e47fce0a80, 0x000072e47fce0b90] Compiler: c1, Barriers: 0, Oops: 1, ImmediateOops: 0, NonImmediateOops: No
[2,286s][debug][gc,nmethod     ] Register NMethod: ch.qos.logback.classic.LoggerContext.getTurboFilterChainDecision_0_3OrMore (0x000072e47fce0c88) [0x000072e47fce0d80, 0x000072e47fce1578] Compiler: c1, Barriers: 3, Oops: 1, ImmediateOops: 1, NonImmediateOops: No
[2,286s][debug][gc,nmethod     ] Register NMethod: java.lang.StringConcatHelper.checkOverflow (0x000072e49ece4508) [0x000072e49ece4600, 0x000072e49ece4698] Compiler: jvmci, Barriers: 0, Oops: 0, ImmediateOops: 0, NonImmediateOops: No
[2,286s][debug][gc,nmethod     ] Register NMethod: java.util.concurrent.ConcurrentHashMap.compute (0x000072e47fce1588) [0x000072e47fce1680, 0x000072e47fce4bb8] Compiler: c1, Barriers: 33, Oops: 0, ImmediateOops: 2, NonImmediateOops: No
[2,286s][debug][gc,nmethod     ] Register NMethod: io.sirix.page.KeyValueLeafPage.markAccessed (0x000072e47fce4c08) [0x000072e47fce4d00, 0x000072e47fce4e10] Compiler: c1, Barriers: 0, Oops: 1, ImmediateOops: 0, NonImmediateOops: No
[2,286s][debug][gc,nmethod     ] Register NMethod: io.sirix.access.trx.page.NodeStorageEngineReader$RecordPage.page (0x000072e49ece4808) [0x000072e49ece4900, 0x000072e49ece49e8] Compiler: c1, Barriers: 1, Oops: 1, ImmediateOops: 0, NonImmediateOops: No
[2,286s][debug][gc,nmethod     ] Register NMethod: io.sirix.page.UberPage.getPageCountExp (0x000072e47fce4f08) [0x000072e47fce5000, 0x000072e47fce5548] Compiler: c1, Barriers: 0, Oops: 1, ImmediateOops: 4, NonImmediateOops: No
[2,286s][debug][gc,nmethod     ] Register NMethod: io.sirix.cache.IndexLogKey.hashCode (0x000072e47fce5588) [0x000072e47fce5680, 0x000072e47fce5a28] Compiler: c1, Barriers: 1, Oops: 1, ImmediateOops: 0, NonImmediateOops: No
[2,287s][debug][gc,nmethod     ] Register NMethod: io.sirix.access.trx.page.NodeStorageEngineReader.getPathSummaryPage (0x000072e47fce5a88) [0x000072e47fce5b80, 0x000072e47fce6b58] Compiler: c1, Barriers: 4, Oops: 1, ImmediateOops: 1, NonImmediateOops: No
[2,287s][debug][gc,nmethod     ] Register NMethod: java.lang.invoke.MethodHandle.linkToSpecial (0x000072e49ece4b08) [0x000072e49ece4c00, 0x000072e49ece4cf8] Compiler: , Barriers: 0, Oops: 0, ImmediateOops: 0, NonImmediateOops: No
[2,287s][debug][gc,nmethod     ] Register NMethod: io.sirix.access.trx.page.NodeStorageEngineReader.getPageReference (0x000072e47fce6b88) [0x000072e47fce6c80, 0x000072e47fcefd28] Compiler: c1, Barriers: 28, Oops: 1, ImmediateOops: 7, NonImmediateOops: No
[2,288s][debug][gc,nmethod     ] Register NMethod: io.sirix.access.trx.page.NodeStorageEngineReader.getCurrentMaxIndirectPageTreeLevel (0x000072e47fcefd88) [0x000072e47fcefe80, 0x000072e47fcf7658] Compiler: c1, Barriers: 20, Oops: 1, ImmediateOops: 6, NonImmediateOops: No
[2,288s][debug][gc,nmethod     ] Register NMethod: java.lang.invoke.MethodHandle.linkToSpecial (0x000072e49ece4e08) [0x000072e49ece4f00, 0x000072e49ece4ff8] Compiler: , Barriers: 0, Oops: 0, ImmediateOops: 0, NonImmediateOops: No
[2,288s][debug][gc,nmethod     ] Register NMethod: java.lang.invoke.MethodHandle.invokeBasic (0x000072e49ece5108) [0x000072e49ece5200, 0x000072e49ece5498] Compiler: , Barriers: 0, Oops: 0, ImmediateOops: 0, NonImmediateOops: No
[2,288s][debug][gc,nmethod     ] Register NMethod: java.lang.invoke.MethodHandle.linkToSpecial (0x000072e49ece5508) [0x000072e49ece5600, 0x000072e49ece56f8] Compiler: , Barriers: 0, Oops: 0, ImmediateOops: 0, NonImmediateOops: No
[2,289s][debug][gc,nmethod     ] Register NMethod: com.github.benmanes.caffeine.cache.SSLSMW.weightedSize (0x000072e49ece5808) [0x000072e49ece5900, 0x000072e49ece59c0] Compiler: c1, Barriers: 0, Oops: 1, ImmediateOops: 0, NonImmediateOops: No
[2,289s][debug][gc,nmethod     ] Register NMethod: java.util.concurrent.ConcurrentHashMap$KeySetView.remove (0x000072e47fcf7688) [0x000072e47fcf7780, 0x000072e47fcf7b90] Compiler: c1, Barriers: 1, Oops: 0, ImmediateOops: 0, NonImmediateOops: No
[2,289s][debug][gc,nmethod     ] Register NMethod: java.util.ArrayDeque.sub (0x000072e47fcf7c08) [0x000072e47fcf7d00, 0x000072e47fcf7e10] Compiler: c1, Barriers: 0, Oops: 0, ImmediateOops: 0, NonImmediateOops: No
[2,289s][debug][gc,nmethod     ] Register NMethod: java.util.ArrayDeque.size (0x000072e47fcf7f08) [0x000072e47fcf8000, 0x000072e47fcf81d0] Compiler: c1, Barriers: 1, Oops: 0, ImmediateOops: 0, NonImmediateOops: No
[2,290s][debug][gc,nmethod     ] Register NMethod: java.lang.Class.newReflectionData (0x000072e47fcf8208) [0x000072e47fcf8300, 0x000072e47fcf8e40] Compiler: c1, Barriers: 7, Oops: 0, ImmediateOops: 2, NonImmediateOops: No
[2,290s][debug][gc,nmethod     ] Register NMethod: java.lang.invoke.MethodHandle.linkToSpecial (0x000072e49ece5b08) [0x000072e49ece5c00, 0x000072e49ece5cf8] Compiler: , Barriers: 0, Oops: 0, ImmediateOops: 0, NonImmediateOops: No
[2,291s][debug][gc,nmethod     ] Register NMethod: java.lang.invoke.ClassSpecializer$SpeciesData.getterFunction (0x000072e47fcf8e88) [0x000072e47fcf8f80, 0x000072e47fcf94f0] Compiler: c1, Barriers: 1, Oops: 0, ImmediateOops: 0, NonImmediateOops: No
[2,291s][debug][gc,nmethod     ] Register NMethod: java.lang.invoke.DirectMethodHandle$Holder.invokeStatic (0x000072e47fcf9508) [0x000072e47fcf9600, 0x000072e47fcf99d0] Compiler: c1, Barriers: 1, Oops: 0, ImmediateOops: 0, NonImmediateOops: No
[2,291s][debug][gc,nmethod     ] Register NMethod: java.lang.invoke.LambdaForm.editor (0x000072e47fcf9a08) [0x000072e47fcf9b00, 0x000072e47fcf9e28] Compiler: c1, Barriers: 3, Oops: 0, ImmediateOops: 0, NonImmediateOops: No
[2,291s][debug][gc,nmethod     ] Register NMethod: java.lang.invoke.LambdaFormEditor.<init> (0x000072e47fcf9e88) [0x000072e47fcf9f80, 0x000072e47fcfa150] Compiler: c1, Barriers: 3, Oops: 0, ImmediateOops: 0, NonImmediateOops: No
[2,291s][debug][gc,nmethod     ] Register NMethod: java.lang.invoke.LambdaFormEditor.lambdaFormEditor (0x000072e47fcfa188) [0x000072e47fcfa280, 0x000072e47fcfa538] Compiler: c1, Barriers: 3, Oops: 0, ImmediateOops: 0, NonImmediateOops: No
[2,291s][debug][gc,director    ] Rule Major: Warmup 10%, Used: 340MB, UsedThreshold: 1228MB
[2,291s][debug][gc,nmethod     ] Register NMethod: org.magicwerk.brownies.collections.GapList.add (0x000072e47fcfa588) [0x000072e47fcfa680, 0x000072e47fcfab98] Compiler: c1, Barriers: 0, Oops: 1, ImmediateOops: 0, NonImmediateOops: No
[2,291s][debug][gc,nmethod     ] Register NMethod: org.magicwerk.brownies.collections.IList.checkIndexAdd (0x000072e47fcfac08) [0x000072e47fcfad00, 0x000072e47fcfc508] Compiler: c1, Barriers: 0, Oops: 4, ImmediateOops: 4, NonImmediateOops: No
[2,291s][debug][gc,nmethod     ] Register NMethod: org.magicwerk.brownies.collections.GapList.doEnsureCapacity (0x000072e47fcfc588) [0x000072e47fcfc680, 0x000072e47fcfcf28] Compiler: c1, Barriers: 6, Oops: 1, ImmediateOops: 0, NonImmediateOops: No
[2,292s][debug][gc,nmethod     ] Register NMethod: java.lang.invoke.MethodHandle.invokeBasic (0x000072e49ece5e08) [0x000072e49ece5f00, 0x000072e49ece6198] Compiler: , Barriers: 0, Oops: 0, ImmediateOops: 0, NonImmediateOops: No
[2,292s][debug][gc,nmethod     ] Register NMethod: java.lang.invoke.MethodHandle.linkToSpecial (0x000072e49ece6208) [0x000072e49ece6300, 0x000072e49ece63f8] Compiler: , Barriers: 0, Oops: 0, ImmediateOops: 0, NonImmediateOops: No
[2,292s][debug][gc,nmethod     ] Register NMethod: io.sirix.page.PageKind$1.serializePage (0x000072e49ece6508) [0x000072e49ece6600, 0x000072e49ece90d0] Compiler: jvmci, Barriers: 59, Oops: 8, ImmediateOops: 6, NonImmediateOops: No
[2,292s][debug][gc,nmethod     ] Register NMethod: org.magicwerk.brownies.collections.GapList.doAdd (0x000072e47fcfcf88) [0x000072e47fcfd080, 0x000072e47fcff040] Compiler: c1, Barriers: 13, Oops: 1, ImmediateOops: 0, NonImmediateOops: No
[2,293s][debug][gc,nmethod     ] Register NMethod: java.lang.invoke.MethodHandle.linkToStatic (0x000072e49ece9188) [0x000072e49ece9280, 0x000072e49ece9370] Compiler: , Barriers: 0, Oops: 0, ImmediateOops: 0, NonImmediateOops: No
[2,293s][debug][gc,nmethod     ] Register NMethod: java.lang.invoke.MethodHandle.invokeBasic (0x000072e49ece9488) [0x000072e49ece9580, 0x000072e49ece9818] Compiler: , Barriers: 0, Oops: 0, ImmediateOops: 0, NonImmediateOops: No
[2,293s][debug][gc,nmethod     ] Register NMethod: java.lang.invoke.BoundMethodHandle$SpeciesData.extendWith (0x000072e47fcff088) [0x000072e47fcff180, 0x000072e47fd00d28] Compiler: c1, Barriers: 7, Oops: 1, ImmediateOops: 2, NonImmediateOops: No
[2,294s][debug][gc,nmethod     ] Register NMethod: java.lang.invoke.InvokerBytecodeGenerator.assertStaticType (0x000072e47fd00d88) [0x000072e47fd00e80, 0x000072e47fd01a18] Compiler: c1, Barriers: 6, Oops: 0, ImmediateOops: 0, NonImmediateOops: No
[2,294s][debug][gc,nmethod     ] Register NMethod: java.lang.invoke.DelegatingMethodHandle.whichKind (0x000072e47fd01a88) [0x000072e47fd01b80, 0x000072e47fd01d40] Compiler: c1, Barriers: 0, Oops: 0, ImmediateOops: 3, NonImmediateOops: No
[2,295s][debug][gc,nmethod     ] Register NMethod: java.lang.invoke.DelegatingMethodHandle.makeReinvokerForm (0x000072e47fd01d88) [0x000072e47fd01e80, 0x000072e47fd059f0] Compiler: c1, Barriers: 37, Oops: 0, ImmediateOops: 2, NonImmediateOops: No
[2,296s][debug][gc,nmethod     ] Register NMethod: java.lang.invoke.MethodHandle.linkToStatic (0x000072e49ece9888) [0x000072e49ece9980, 0x000072e49ece9a70] Compiler: , Barriers: 0, Oops: 0, ImmediateOops: 0, NonImmediateOops: No
[2,296s][debug][gc,nmethod     ] Register NMethod: java.lang.invoke.MethodHandle.invokeBasic (0x000072e49ece9b88) [0x000072e49ece9c80, 0x000072e49ece9f18] Compiler: , Barriers: 0, Oops: 0, ImmediateOops: 0, NonImmediateOops: No
[2,296s][debug][gc,nmethod     ] Register NMethod: java.lang.invoke.MethodHandle.linkToSpecial (0x000072e49ece9f88) [0x000072e49ecea080, 0x000072e49ecea178] Compiler: , Barriers: 0, Oops: 0, ImmediateOops: 0, NonImmediateOops: No
[2,296s][debug][gc,nmethod     ] Register NMethod: java.lang.invoke.MethodHandle.invokeBasic (0x000072e49ecea288) [0x000072e49ecea380, 0x000072e49ecea618] Compiler: , Barriers: 0, Oops: 0, ImmediateOops: 0, NonImmediateOops: No
[2,297s][debug][gc,nmethod     ] Register NMethod: java.lang.invoke.VarHandleReferences$FieldInstanceReadWrite.setRelease (0x000072e47fd05a08) [0x000072e47fd05b00, 0x000072e47fd06cb0] Compiler: c1, Barriers: 2, Oops: 1, ImmediateOops: 1, NonImmediateOops: No
[2,298s][debug][gc,nmethod     ] Register NMethod: com.github.benmanes.caffeine.cache.BoundedLocalCache.expiresAfterAccess (0x000072e49ecea688) [0x000072e49ecea780, 0x000072e49ecea840] Compiler: c1, Barriers: 0, Oops: 1, ImmediateOops: 0, NonImmediateOops: No
[2,298s][debug][gc,nmethod     ] Register NMethod: jdk.internal.misc.Unsafe.checkNativeAddress (0x000072e49ecea988) [0x000072e49eceaa80, 0x000072e49eceab00] Compiler: jvmci, Barriers: 0, Oops: 0, ImmediateOops: 0, NonImmediateOops: No
[2,298s][debug][gc,nmethod     ] Register NMethod: io.sirix.page.UberPage.getRevisionNumber (0x000072e47fd06d08) [0x000072e47fd06e00, 0x000072e47fd06f08] Compiler: c1, Barriers: 0, Oops: 1, ImmediateOops: 0, NonImmediateOops: No
[2,299s][debug][gc,nmethod     ] Register NMethod: com.github.benmanes.caffeine.cache.Ticker.disabledTicker (0x000072e47fd07008) [0x000072e47fd07100, 0x000072e47fd071e8] Compiler: c1, Barriers: 0, Oops: 1, ImmediateOops: 1, NonImmediateOops: No
[2,299s][debug][gc,nmethod     ] Register NMethod: java.io.InputStream.<init> (0x000072e49eceac88) [0x000072e49ecead80, 0x000072e49eceae00] Compiler: jvmci, Barriers: 0, Oops: 0, ImmediateOops: 0, NonImmediateOops: No
[2,299s][debug][gc,nmethod     ] Register NMethod: java.lang.Thread.interrupted (0x000072e47fd07308) [0x000072e47fd07400, 0x000072e47fd07738] Compiler: c1, Barriers: 1, Oops: 0, ImmediateOops: 0, NonImmediateOops: No
[2,299s][debug][gc,nmethod     ] Register NMethod: it.unimi.dsi.fastutil.ints.Int2IntOpenHashMap.put (0x000072e47fd07788) [0x000072e47fd07880, 0x000072e47fd07ae8] Compiler: c1, Barriers: 1, Oops: 1, ImmediateOops: 0, NonImmediateOops: No
[2,299s][debug][gc,nmethod     ] Register NMethod: it.unimi.dsi.fastutil.ints.Int2IntOpenHashMap.find (0x000072e47fd07b08) [0x000072e47fd07c00, 0x000072e47fd08068] Compiler: c1, Barriers: 1, Oops: 1, ImmediateOops: 0, NonImmediateOops: No
[2,299s][debug][gc,nmethod     ] Register NMethod: java.nio.ByteBuffer.allocateDirect (0x000072e47fd08088) [0x000072e47fd08180, 0x000072e47fd08308] Compiler: c1, Barriers: 0, Oops: 0, ImmediateOops: 0, NonImmediateOops: No
[2,299s][debug][gc,nmethod     ] Register NMethod: com.github.benmanes.caffeine.cache.BoundedLocalCache.expirationTicker (0x000072e47fd08388) [0x000072e47fd08480, 0x000072e47fd085e0] Compiler: c1, Barriers: 0, Oops: 1, ImmediateOops: 1, NonImmediateOops: No
[2,299s][debug][gc,nmethod     ] Register NMethod: java.lang.invoke.DirectMethodHandle.internalMemberName (0x000072e49eceaf88) [0x000072e49eceb080, 0x000072e49eceb178] Compiler: jvmci, Barriers: 1, Oops: 0, ImmediateOops: 0, NonImmediateOops: No
[2,299s][debug][gc,nmethod     ] Register NMethod: java.nio.Bits.reserveMemory (0x000072e47fd08688) [0x000072e47fd08780, 0x000072e47fd0b6d8] Compiler: c1, Barriers: 4, Oops: 4, ImmediateOops: 13, NonImmediateOops: No
[2,299s][debug][gc,nmethod     ] Register NMethod: io.sirix.page.SerializationType.readHash (0x000072e47fd0b708) [0x000072e47fd0b800, 0x000072e47fd0bd68] Compiler: c1, Barriers: 3, Oops: 1, ImmediateOops: 0, NonImmediateOops: No
[2,300s][debug][gc,nmethod     ] Register NMethod: io.sirix.page.SerializationType.readPageFragments (0x000072e47fd0bd88) [0x000072e47fd0be80, 0x000072e47fd0ca80] Compiler: c1, Barriers: 1, Oops: 1, ImmediateOops: 0, NonImmediateOops: No
[2,300s][debug][gc,nmethod     ] Register NMethod: java.nio.DirectByteBuffer.<init> (0x000072e47fd0cb08) [0x000072e47fd0cc00, 0x000072e47fd0e570] Compiler: c1, Barriers: 25, Oops: 2, ImmediateOops: 14, NonImmediateOops: No
[2,301s][debug][gc,nmethod     ] Register NMethod: java.lang.Long.numberOfTrailingZeros (0x000072e47fd0e588) [0x000072e47fd0e680, 0x000072e47fd0e828] Compiler: c1, Barriers: 0, Oops: 0, ImmediateOops: 0, NonImmediateOops: No
[2,301s][debug][gc,director    ] Rule Major: Warmup 10%, Used: 342MB, UsedThreshold: 1228MB
[2,302s][debug][gc,nmethod     ] Register NMethod: java.lang.invoke.DirectMethodHandle.fieldOffset (0x000072e47fd0e888) [0x000072e47fd0e980, 0x000072e47fd0ec70] Compiler: c1, Barriers: 0, Oops: 0, ImmediateOops: 0, NonImmediateOops: No
[2,302s][debug][gc,nmethod     ] Register NMethod: com.github.benmanes.caffeine.cache.BoundedLocalCache.collectKeys (0x000072e49eceb288) [0x000072e49eceb380, 0x000072e49eceb440] Compiler: c1, Barriers: 0, Oops: 1, ImmediateOops: 0, NonImmediateOops: No
[2,302s][debug][gc,nmethod     ] Register NMethod: java.lang.invoke.DirectMethodHandle.checkBase (0x000072e47fd0ec88) [0x000072e47fd0ed80, 0x000072e47fd0efb0] Compiler: c1, Barriers: 0, Oops: 0, ImmediateOops: 0, NonImmediateOops: No
[2,302s][debug][gc,nmethod     ] Register NMethod: com.github.benmanes.caffeine.cache.BoundedLocalCache.pacer (0x000072e49eceb588) [0x000072e49eceb680, 0x000072e49eceb748] Compiler: c1, Barriers: 0, Oops: 1, ImmediateOops: 0, NonImmediateOops: No
[2,304s][debug][gc,nmethod     ] Register NMethod: jdk.internal.classfile.impl.AttributeHolder.writeTo (0x000072e49eceb888) [0x000072e49eceb980, 0x000072e49ecec4d0] Compiler: jvmci, Barriers: 13, Oops: 0, ImmediateOops: 0, NonImmediateOops: No
[2,305s][debug][gc,nmethod     ] Register NMethod: java.util.ArrayList.<init> (0x000072e49ecec508) [0x000072e49ecec600, 0x000072e49ecec6f8] Compiler: jvmci, Barriers: 3, Oops: 0, ImmediateOops: 1, NonImmediateOops: No
[2,305s][debug][gc,nmethod     ] Register NMethod: java.lang.invoke.MethodHandle.linkToStatic (0x000072e49ecec808) [0x000072e49ecec900, 0x000072e49ecec9f0] Compiler: , Barriers: 0, Oops: 0, ImmediateOops: 0, NonImmediateOops: No
[2,306s][debug][gc,nmethod     ] Register NMethod: java.util.concurrent.ForkJoinPool.deactivate (0x000072e49ececb08) [0x000072e49ececc00, 0x000072e49ecedbb8] Compiler: jvmci, Barriers: 28, Oops: 0, ImmediateOops: 1, NonImmediateOops: No
[2,307s][debug][gc,nmethod     ] Register NMethod: java.util.HashMap.hash (0x000072e47fd0f008) [0x000072e47fd0f100, 0x000072e47fd0f438] Compiler: c1, Barriers: 0, Oops: 0, ImmediateOops: 0, NonImmediateOops: No
[2,307s][debug][gc,nmethod     ] Register NMethod: java.lang.Math.floorMod (0x000072e47fd0f488) [0x000072e47fd0f580, 0x000072e47fd0f730] Compiler: c1, Barriers: 0, Oops: 0, ImmediateOops: 0, NonImmediateOops: No
[2,307s][debug][gc,nmethod     ] Register NMethod: java.lang.Long.equals (0x000072e47fd0f788) [0x000072e47fd0f880, 0x000072e47fd10010] Compiler: c1, Barriers: 0, Oops: 0, ImmediateOops: 0, NonImmediateOops: No
[2,307s][debug][gc,nmethod     ] Register NMethod: java.util.HashMap.putVal (0x000072e47fd10088) [0x000072e47fd10180, 0x000072e47fd12510] Compiler: c1, Barriers: 15, Oops: 0, ImmediateOops: 0, NonImmediateOops: No
[2,310s][debug][gc,nmethod     ] Register NMethod: jdk.internal.classfile.impl.StackMapGenerator.processBlock (0x000072e49ecedc08) [0x000072e49ecedd00, 0x000072e49eceff58] Compiler: jvmci, Barriers: 31, Oops: 0, ImmediateOops: 21, NonImmediateOops: No
[2,311s][debug][gc,director    ] Rule Major: Warmup 10%, Used: 342MB, UsedThreshold: 1228MB
[2,312s][debug][gc,nmethod     ] Register NMethod: java.io.UnixFileSystem.compare (0x000072e47fd12588) [0x000072e47fd12680, 0x000072e47fd12a48] Compiler: c1, Barriers: 2, Oops: 0, ImmediateOops: 0, NonImmediateOops: No
[2,312s][debug][gc,nmethod     ] Register NMethod: java.io.File.compareTo (0x000072e47fd12a88) [0x000072e47fd12b80, 0x000072e47fd12f98] Compiler: c1, Barriers: 2, Oops: 0, ImmediateOops: 1, NonImmediateOops: No
[2,312s][debug][gc,nmethod     ] Register NMethod: java.io.File.equals (0x000072e47fd13008) [0x000072e47fd13100, 0x000072e47fd13a18] Compiler: c1, Barriers: 2, Oops: 0, ImmediateOops: 1, NonImmediateOops: No
[2,313s][debug][gc,nmethod     ] Register NMethod: org.junit.jupiter.engine.extension.MutableExtensionRegistry$$Lambda/0x00000000b31ae140.<init> (0x000072e47fd13a88) [0x000072e47fd13b80, 0x000072e47fd13d50] Compiler: c1, Barriers: 3, Oops: 1, ImmediateOops: 0, NonImmediateOops: No
[2,313s][debug][gc,nmethod     ] Register NMethod: org.junit.jupiter.engine.extension.MutableExtensionRegistry$$Lambda/0x00000000b31ae3a0.<init> (0x000072e47fd13d88) [0x000072e47fd13e80, 0x000072e47fd14050] Compiler: c1, Barriers: 3, Oops: 1, ImmediateOops: 0, NonImmediateOops: No
[2,313s][debug][gc,nmethod     ] Register NMethod: org.junit.jupiter.engine.extension.MutableExtensionRegistry.stream (0x000072e47fd14088) [0x000072e47fd14180, 0x000072e47fd14590] Compiler: c1, Barriers: 2, Oops: 1, ImmediateOops: 0, NonImmediateOops: No
[2,313s][debug][gc,nmethod     ] Register NMethod: java.lang.String.startsWith (0x000072e47fd14608) [0x000072e47fd14700, 0x000072e47fd15920] Compiler: c1, Barriers: 2, Oops: 0, ImmediateOops: 0, NonImmediateOops: No
[2,313s][debug][gc,nmethod     ] Register NMethod: org.junit.jupiter.engine.extension.MutableExtensionRegistry.streamLocal (0x000072e47fd15988) [0x000072e47fd15a80, 0x000072e47fd16e10] Compiler: c1, Barriers: 7, Oops: 3, ImmediateOops: 4, NonImmediateOops: No
[2,313s][debug][gc,nmethod     ] Register NMethod: jdk.proxy2.$Proxy18.annotationType (0x000072e47fd16e88) [0x000072e47fd16f80, 0x000072e47fd175e8] Compiler: c1, Barriers: 1, Oops: 0, ImmediateOops: 1, NonImmediateOops: No
[2,314s][debug][gc,nmethod     ] Register NMethod: java.lang.Class.privateGetPublicMethods (0x000072e47fd17608) [0x000072e47fd17700, 0x000072e47fd18e90] Compiler: c1, Barriers: 11, Oops: 0, ImmediateOops: 0, NonImmediateOops: No
[2,314s][debug][gc,nmethod     ] Register NMethod: java.util.regex.Pattern$$Lambda/0x00000000b3110720.is (0x000072e49eceff88) [0x000072e49ecf0080, 0x000072e49ecf0108] Compiler: jvmci, Barriers: 0, Oops: 0, ImmediateOops: 0, NonImmediateOops: No
[2,314s][debug][gc,nmethod     ] Register NMethod: java.util.stream.StreamSpliterators$WrappingSpliterator$$Lambda/0x00000000b3078950.<init> (0x000072e47fd18f08) [0x000072e47fd19000, 0x000072e47fd191d0] Compiler: c1, Barriers: 3, Oops: 0, ImmediateOops: 0, NonImmediateOops: No
[2,314s][debug][gc,nmethod     ] Register NMethod: java.lang.Character.codePointAt (0x000072e49ecf0288) [0x000072e49ecf0380, 0x000072e49ecf0528] Compiler: jvmci, Barriers: 1, Oops: 0, ImmediateOops: 0, NonImmediateOops: No
[2,314s][debug][gc,nmethod     ] Register NMethod: java.util.stream.StreamSpliterators$WrappingSpliterator.forEachRemaining (0x000072e47fd19208) [0x000072e47fd19300, 0x000072e47fd1a918] Compiler: c1, Barriers: 14, Oops: 1, ImmediateOops: 2, NonImmediateOops: No
[2,316s][debug][gc,nmethod     ] Register NMethod: java.util.LinkedHashMap.valuesToArray (0x000072e49ecf0588) [0x000072e49ecf0680, 0x000072e49ecf0c18] Compiler: jvmci, Barriers: 21, Oops: 0, ImmediateOops: 0, NonImmediateOops: No
[2,316s][debug][gc,nmethod     ] Register NMethod: java.nio.charset.Charset.forName (0x000072e47fd1a988) [0x000072e47fd1aa80, 0x000072e47fd1aca0] Compiler: c1, Barriers: 0, Oops: 0, ImmediateOops: 0, NonImmediateOops: No
[2,316s][debug][gc,nmethod     ] Register NMethod: java.nio.charset.Charset.lookup (0x000072e47fd1ad08) [0x000072e47fd1ae00, 0x000072e47fd1b580] Compiler: c1, Barriers: 3, Oops: 0, ImmediateOops: 2, NonImmediateOops: No
[2,317s][debug][gc,nmethod     ] Register NMethod: sun.reflect.annotation.AnnotationInvocationHandler.invoke (0x000072e47fd1b588) [0x000072e47fd1b680, 0x000072e47fd1d910] Compiler: c1, Barriers: 10, Oops: 0, ImmediateOops: 7, NonImmediateOops: No
[2,319s][debug][gc,nmethod     ] Register NMethod: java.io.UnixFileSystem.resolve (0x000072e49ecf0c88) [0x000072e49ecf0e80, 0x000072e49ecf1cd0] Compiler: jvmci, Barriers: 6, Oops: 0, ImmediateOops: 2, NonImmediateOops: No
[2,321s][debug][gc,nmethod     ] Register NMethod: java.util.HashMap.put (0x000072e47fd1d988) [0x000072e47fd1da80, 0x000072e47fd1e068] Compiler: c1, Barriers: 0, Oops: 0, ImmediateOops: 0, NonImmediateOops: No
[2,321s][debug][gc,nmethod     ] Register NMethod: java.util.TimSort.binarySort (0x000072e47fd1e088) [0x000072e47fd1e180, 0x000072e47fd1f1c8] Compiler: c1, Barriers: 13, Oops: 0, ImmediateOops: 0, NonImmediateOops: No
[2,321s][debug][gc,director    ] Rule Major: Warmup 10%, Used: 344MB, UsedThreshold: 1228MB
[2,322s][debug][gc,nmethod     ] Register NMethod: java.lang.invoke.DelegatingMethodHandle.makeReinvokerForm (0x000072e47fd1f208) [0x000072e47fd1f300, 0x000072e47fd1f428] Compiler: c1, Barriers: 0, Oops: 0, ImmediateOops: 0, NonImmediateOops: No
[2,322s][debug][gc,nmethod     ] Register NMethod: java.lang.reflect.Method.isVarArgs (0x000072e47fd1f508) [0x000072e47fd1f600, 0x000072e47fd1f7d0] Compiler: c1, Barriers: 0, Oops: 0, ImmediateOops: 0, NonImmediateOops: No
[2,323s][debug][gc,nmethod     ] Register NMethod: java.util.stream.ReferencePipeline.toArray (0x000072e47fd1f808) [0x000072e47fd1f900, 0x000072e47fd1fe40] Compiler: c1, Barriers: 0, Oops: 0, ImmediateOops: 0, NonImmediateOops: No
[2,323s][debug][gc,nmethod     ] Register NMethod: java.util.Arrays.equals (0x000072e49ecf1d08) [0x000072e49ecf1e00, 0x000072e49ecf2420] Compiler: jvmci, Barriers: 10, Oops: 0, ImmediateOops: 0, NonImmediateOops: No
[2,324s][debug][gc,nmethod     ] Register NMethod: java.util.stream.Nodes.flatten (0x000072e47fd1fe88) [0x000072e47fd1ff80, 0x000072e47fd20cb8] Compiler: c1, Barriers: 3, Oops: 0, ImmediateOops: 1, NonImmediateOops: No
[2,324s][debug][gc,nmethod     ] Register NMethod: java.lang.invoke.LambdaForm$Name.internArguments (0x000072e47fd20d08) [0x000072e47fd20e00, 0x000072e47fd21a28] Compiler: c1, Barriers: 6, Oops: 0, ImmediateOops: 0, NonImmediateOops: No
[2,325s][debug][gc,nmethod     ] Register NMethod: java.util.LinkedHashMap.valuesToArray (0x000072e47fd21a88) [0x000072e47fd21b80, 0x000072e47fd224e8] Compiler: c1, Barriers: 12, Oops: 0, ImmediateOops: 0, NonImmediateOops: No
[2,327s][debug][gc,nmethod     ] Register NMethod: java.util.regex.Matcher.groupCount (0x000072e47fd22508) [0x000072e47fd22600, 0x000072e47fd22738] Compiler: c1, Barriers: 1, Oops: 0, ImmediateOops: 0, NonImmediateOops: No
[2,327s][debug][gc,nmethod     ] Register NMethod: java.util.regex.Matcher.getSubSequence (0x000072e47fd22808) [0x000072e47fd22900, 0x000072e47fd22c40] Compiler: c1, Barriers: 1, Oops: 0, ImmediateOops: 0, NonImmediateOops: No
[2,327s][debug][gc,nmethod     ] Register NMethod: java.util.regex.Matcher.group (0x000072e47fd22c88) [0x000072e47fd22d80, 0x000072e47fd23a08] Compiler: c1, Barriers: 2, Oops: 0, ImmediateOops: 1, NonImmediateOops: No
[2,327s][debug][gc,nmethod     ] Register NMethod: java.util.regex.Matcher.checkGroup (0x000072e47fd23a88) [0x000072e47fd23b80, 0x000072e47fd24af0] Compiler: c1, Barriers: 1, Oops: 1, ImmediateOops: 2, NonImmediateOops: No
[2,327s][debug][gc,nmethod     ] Register NMethod: org.junit.platform.engine.UniqueIdFormat.decode (0x000072e47fd24b08) [0x000072e47fd24c00, 0x000072e47fd25020] Compiler: c1, Barriers: 1, Oops: 1, ImmediateOops: 2, NonImmediateOops: No
[2,327s][debug][gc,nmethod     ] Register NMethod: org.junit.platform.engine.UniqueId$Segment.equals (0x000072e47fd25088) [0x000072e47fd25180, 0x000072e47fd25d50] Compiler: c1, Barriers: 6, Oops: 1, ImmediateOops: 0, NonImmediateOops: No
[2,327s][debug][gc,nmethod     ] Register NMethod: java.net.URLDecoder.decode (0x000072e47fd25d88) [0x000072e47fd25e80, 0x000072e47fd26668] Compiler: c1, Barriers: 1, Oops: 0, ImmediateOops: 1, NonImmediateOops: No
[2,327s][debug][gc,nmethod     ] Register NMethod: java.util.TimSort.countRunAndMakeAscending (0x000072e47fd26688) [0x000072e47fd26780, 0x000072e47fd27338] Compiler: c1, Barriers: 6, Oops: 0, ImmediateOops: 0, NonImmediateOops: No
[2,328s][debug][gc,nmethod     ] Register NMethod: org.junit.platform.commons.util.ReflectionUtils.isSearchable (0x000072e47fd27388) [0x000072e47fd27480, 0x000072e47fd275e8] Compiler: c1, Barriers: 0, Oops: 1, ImmediateOops: 1, NonImmediateOops: No
[2,328s][debug][gc,nmethod     ] Register NMethod: org.junit.platform.engine.UniqueIdFormat.checkAllowed (0x000072e47fd27688) [0x000072e47fd27780, 0x000072e47fd2abf0] Compiler: c1, Barriers: 12, Oops: 3, ImmediateOops: 8, NonImmediateOops: No
[2,328s][debug][gc,nmethod     ] Register NMethod: java.lang.reflect.Field.declaredAnnotations (0x000072e47fd2ac88) [0x000072e47fd2ad80, 0x000072e47fd2b9c0] Compiler: c1, Barriers: 10, Oops: 0, ImmediateOops: 1, NonImmediateOops: No
[2,329s][debug][gc,nmethod     ] Register NMethod: java.util.stream.AbstractPipeline.evaluateToArrayNode (0x000072e47fd2ba08) [0x000072e47fd2bb00, 0x000072e47fd2caa8] Compiler: c1, Barriers: 3, Oops: 0, ImmediateOops: 1, NonImmediateOops: No
[2,331s][debug][gc,director    ] Rule Major: Warmup 10%, Used: 346MB, UsedThreshold: 1228MB
[2,332s][debug][gc,nmethod     ] Register NMethod: sun.net.www.protocol.file.Handler.parseURL (0x000072e49ecf2488) [0x000072e49ecf2580, 0x000072e49ecf2650] Compiler: jvmci, Barriers: 0, Oops: 0, ImmediateOops: 0, NonImmediateOops: No
[2,333s][debug][gc,nmethod     ] Register NMethod: jdk.internal.classfile.impl.EntryMap.<init> (0x000072e47fd2cb08) [0x000072e47fd2cc20, 0x000072e47fd2d158] Compiler: c1, Barriers: 3, Oops: 0, ImmediateOops: 2, NonImmediateOops: No
[2,333s][debug][gc,nmethod     ] Register NMethod: java.lang.ClassLoader.getClassLoadingLock (0x000072e49ecf2788) [0x000072e49ecf2880, 0x000072e49ecf3970] Compiler: jvmci, Barriers: 34, Oops: 1, ImmediateOops: 0, NonImmediateOops: No
[2,333s][debug][gc,nmethod     ] Register NMethod: java.lang.invoke.MethodType.hashCode (0x000072e49ecf3988) [0x000072e49ecf3a80, 0x000072e49ecf3ce8] Compiler: jvmci, Barriers: 3, Oops: 0, ImmediateOops: 0, NonImmediateOops: No
[2,334s][debug][gc,nmethod     ] Register NMethod: jdk.internal.classfile.impl.StackMapGenerator$Frame.decStack (0x000072e49ecf3d08) [0x000072e49ecf3e00, 0x000072e49ecf3ec0] Compiler: jvmci, Barriers: 0, Oops: 0, ImmediateOops: 0, NonImmediateOops: No
[2,336s][debug][gc,nmethod     ] Register NMethod: java.io.FileInputStream.open0 (0x000072e49ecf4008) [0x000072e49ecf4100, 0x000072e49ecf4258] Compiler: , Barriers: 0, Oops: 0, ImmediateOops: 0, NonImmediateOops: No
[2,336s][debug][gc,nmethod     ] Register NMethod: java.lang.invoke.BoundMethodHandle$Species_LL.<init> (0x000072e47fd2d188) [0x000072e47fd2d280, 0x000072e47fd2d540] Compiler: c1, Barriers: 6, Oops: 0, ImmediateOops: 0, NonImmediateOops: No
[2,336s][debug][gc,nmethod     ] Register NMethod: java.lang.invoke.BoundMethodHandle$Species_LL.make (0x000072e47fd2d588) [0x000072e47fd2d680, 0x000072e47fd2d970] Compiler: c1, Barriers: 6, Oops: 0, ImmediateOops: 0, NonImmediateOops: No
[2,336s][debug][gc,nmethod     ] Register NMethod: jdk.internal.classfile.impl.AbstractPoolEntry$ClassEntryImpl.<init> (0x000072e49ecf4308) [0x000072e49ecf4400, 0x000072e49ecf4610] Compiler: jvmci, Barriers: 9, Oops: 0, ImmediateOops: 0, NonImmediateOops: No
[2,336s][debug][gc,nmethod     ] Register NMethod: java.nio.Buffer.limit (0x000072e49ecf4688) [0x000072e49ecf4780, 0x000072e49ecf4890] Compiler: jvmci, Barriers: 0, Oops: 0, ImmediateOops: 0, NonImmediateOops: No
[2,336s][debug][gc,nmethod     ] Register NMethod: jdk.internal.classfile.impl.AbstractPoolEntry$AbstractRefEntry.writeTo (0x000072e49ecf4988) [0x000072e49ecf4a80, 0x000072e49ecf5060] Compiler: jvmci, Barriers: 5, Oops: 0, ImmediateOops: 0, NonImmediateOops: No
[2,337s][debug][gc,nmethod     ] Register NMethod: io.sirix.access.ResourceConfiguration.getResource (0x000072e49ecf5088) [0x000072e49ecf5180, 0x000072e49ecf5268] Compiler: c1, Barriers: 1, Oops: 1, ImmediateOops: 0, NonImmediateOops: No
[2,337s][debug][gc,nmethod     ] Register NMethod: dagger.internal.InstanceFactory.get (0x000072e49ecf5388) [0x000072e49ecf5480, 0x000072e49ecf5568] Compiler: c1, Barriers: 1, Oops: 1, ImmediateOops: 0, NonImmediateOops: No
[2,337s][debug][gc,nmethod     ] Register NMethod: io.sirix.node.Bytes.elasticOffHeapByteBuffer (0x000072e47fd2d988) [0x000072e47fd2da80, 0x000072e47fd2e888] Compiler: c1, Barriers: 9, Oops: 2, ImmediateOops: 1, NonImmediateOops: No
[2,338s][debug][gc,nmethod     ] Register NMethod: java.util.concurrent.ForkJoinPool.signalWork (0x000072e47fd2e908) [0x000072e47fd2ea00, 0x000072e47fd2f2b8] Compiler: c1, Barriers: 3, Oops: 0, ImmediateOops: 1, NonImmediateOops: No
[2,338s][debug][gc,nmethod     ] Register NMethod: java.util.concurrent.ForkJoinTask.join (0x000072e47fd2f308) [0x000072e47fd2f400, 0x000072e47fd2f9d0] Compiler: c1, Barriers: 0, Oops: 0, ImmediateOops: 0, NonImmediateOops: No
[2,338s][debug][gc,nmethod     ] Register NMethod: io.sirix.page.interfaces.Page.close (0x000072e47fd2fa08) [0x000072e47fd2fb00, 0x000072e47fd2fc00] Compiler: c1, Barriers: 0, Oops: 1, ImmediateOops: 0, NonImmediateOops: No
[2,338s][debug][gc,nmethod     ] Register NMethod: jdk.internal.foreign.AbstractMemorySegmentImpl.equals (0x000072e47fd2fd08) [0x000072e47fd2fe00, 0x000072e47fd30bd8] Compiler: c1, Barriers: 0, Oops: 0, ImmediateOops: 0, NonImmediateOops: No
[2,339s][debug][gc,nmethod     ] Register NMethod: jdk.internal.foreign.abi.SharedUtils.checkSymbol (0x000072e47fd30c08) [0x000072e47fd30d00, 0x000072e47fd32220] Compiler: c1, Barriers: 0, Oops: 1, ImmediateOops: 4, NonImmediateOops: No
[2,339s][debug][gc,nmethod     ] Register NMethod: java.security.MessageDigest$Delegate.clone (0x000072e47fd32288) [0x000072e47fd32380, 0x000072e47fd33028] Compiler: c1, Barriers: 12, Oops: 0, ImmediateOops: 0, NonImmediateOops: No
[2,339s][debug][gc,nmethod     ] Register NMethod: io.sirix.node.MemorySegmentBytesOut.getDestination (0x000072e47fd33088) [0x000072e47fd33180, 0x000072e47fd332f8] Compiler: c1, Barriers: 1, Oops: 1, ImmediateOops: 0, NonImmediateOops: No
[2,341s][debug][gc,nmethod     ] Register NMethod: jdk.internal.misc.Unsafe.setMemory (0x000072e47fd33388) [0x000072e47fd33480, 0x000072e47fd340b0] Compiler: c1, Barriers: 2, Oops: 0, ImmediateOops: 0, NonImmediateOops: No
[2,341s][debug][gc,nmethod     ] Register NMethod: jdk.internal.misc.Unsafe.setMemoryChecks (0x000072e47fd34108) [0x000072e47fd34200, 0x000072e47fd34e58] Compiler: c1, Barriers: 2, Oops: 0, ImmediateOops: 0, NonImmediateOops: No
[2,341s][debug][gc,nmethod     ] Register NMethod: jdk.internal.classfile.impl.SplitConstantPool.classEntryForClassOrInterface (0x000072e49ecf5688) [0x000072e49ecf5780, 0x000072e49ecf60c8] Compiler: jvmci, Barriers: 21, Oops: 0, ImmediateOops: 1, NonImmediateOops: No
[2,341s][debug][gc,nmethod     ] Register NMethod: it.unimi.dsi.fastutil.ints.Int2LongOpenHashMap.insert (0x000072e47fd34e88) [0x000072e47fd34f80, 0x000072e47fd35230] Compiler: c1, Barriers: 2, Oops: 1, ImmediateOops: 0, NonImmediateOops: No
[2,341s][debug][gc,nmethod     ] Register NMethod: com.github.benmanes.caffeine.cache.SSLSMW.windowWeightedSize (0x000072e49ecf6108) [0x000072e49ecf6200, 0x000072e49ecf62c0] Compiler: c1, Barriers: 0, Oops: 1, ImmediateOops: 0, NonImmediateOops: No
[2,341s][debug][gc,nmethod     ] Register NMethod: java.lang.Byte.valueOf (0x000072e47fd35288) [0x000072e47fd35380, 0x000072e47fd354c0] Compiler: c1, Barriers: 1, Oops: 0, ImmediateOops: 1, NonImmediateOops: No
[2,342s][debug][gc,nmethod     ] Register NMethod: java.lang.invoke.VarHandleReferences$FieldInstanceReadOnly.get (0x000072e47fd35588) [0x000072e47fd35680, 0x000072e47fd360a8] Compiler: c1, Barriers: 2, Oops: 1, ImmediateOops: 0, NonImmediateOops: No
[2,342s][debug][gc,director    ] Rule Major: Warmup 10%, Used: 352MB, UsedThreshold: 1228MB
[2,345s][debug][gc,nmethod     ] Register NMethod: jdk.internal.foreign.Utils.isPowerOfTwo (0x000072e47fd36108) [0x000072e47fd36200, 0x000072e47fd36340] Compiler: c1, Barriers: 0, Oops: 0, ImmediateOops: 0, NonImmediateOops: No
[2,345s][debug][gc,nmethod     ] Register NMethod: jdk.internal.foreign.layout.MemoryLayoutUtil.requireByteSizeValid (0x000072e47fd36408) [0x000072e47fd36500, 0x000072e47fd37268] Compiler: c1, Barriers: 0, Oops: 1, ImmediateOops: 2, NonImmediateOops: No
[2,345s][debug][gc,nmethod     ] Register NMethod: ch.qos.logback.classic.Logger.filterAndLog_0_Or3Plus (0x000072e47fd37288) [0x000072e47fd37380, 0x000072e47fd37870] Compiler: c1, Barriers: 1, Oops: 1, ImmediateOops: 2, NonImmediateOops: No
[2,345s][debug][gc,nmethod     ] Register NMethod: io.sirix.cache.ShardedPageCache.getAndGuard (0x000072e47fd37888) [0x000072e47fd37980, 0x000072e47fd381e8] Compiler: c1, Barriers: 1, Oops: 2, ImmediateOops: 1, NonImmediateOops: No
[2,346s][debug][gc,nmethod     ] Register NMethod: io.sirix.cache.ShardedPageCache.getAndGuard (0x000072e47fd38208) [0x000072e47fd38300, 0x000072e47fd38750] Compiler: c1, Barriers: 1, Oops: 2, ImmediateOops: 1, NonImmediateOops: No
[2,346s][debug][gc,nmethod     ] Register NMethod: io.sirix.page.KeyValueLeafPage.getRevision (0x000072e49ecf6408) [0x000072e49ecf6500, 0x000072e49ecf65c0] Compiler: c1, Barriers: 0, Oops: 1, ImmediateOops: 0, NonImmediateOops: No
[2,346s][debug][gc,nmethod     ] Register NMethod: io.sirix.cache.ShardedPageCache.lambda$getAndGuard$0 (0x000072e47fd38788) [0x000072e47fd38880, 0x000072e47fd38ff0] Compiler: c1, Barriers: 0, Oops: 1, ImmediateOops: 0, NonImmediateOops: No
[2,346s][debug][gc,nmethod     ] Register NMethod: io.sirix.cache.ShardedPageCache$$Lambda/0x00000000b32c53d0.apply (0x000072e47fd39008) [0x000072e47fd39100, 0x000072e47fd39cd0] Compiler: c1, Barriers: 0, Oops: 1, ImmediateOops: 0, NonImmediateOops: No
[2,346s][debug][gc,alloc       ] Mutator Allocation Rate: 337,1MB/s Predicted: 456,3MB/s, Avg: 291,8(+/-88,9)MB/s
[2,346s][debug][gc,director    ] Rule Major: Warmup 10%, Used: 354MB, UsedThreshold: 1228MB
[2,346s][debug][gc,nmethod     ] Register NMethod: java.util.concurrent.ConcurrentLinkedDeque.poll (0x000072e47fd39d08) [0x000072e47fd39e00, 0x000072e47fd39f48] Compiler: c1, Barriers: 0, Oops: 0, ImmediateOops: 0, NonImmediateOops: No
[2,346s][debug][gc,nmethod     ] Register NMethod: java.util.concurrent.ConcurrentLinkedDeque.first (0x000072e47fd3a008) [0x000072e47fd3a100, 0x000072e47fd3a700] Compiler: c1, Barriers: 4, Oops: 1, ImmediateOops: 1, NonImmediateOops: No
[2,346s][debug][gc,nmethod     ] Register NMethod: io.sirix.page.KeyValueLeafPage.getIndexType (0x000072e49ecf6708) [0x000072e49ecf6800, 0x000072e49ecf68f0] Compiler: c1, Barriers: 1, Oops: 1, ImmediateOops: 0, NonImmediateOops: No
[2,347s][debug][gc,nmethod     ] Register NMethod: io.sirix.access.trx.page.NodeStorageEngineReader$PageFragmentsResult.pages (0x000072e49ecf6a08) [0x000072e49ecf6b00, 0x000072e49ecf6be8] Compiler: c1, Barriers: 1, Oops: 1, ImmediateOops: 0, NonImmediateOops: No
[2,347s][debug][gc,nmethod     ] Register NMethod: java.util.concurrent.ConcurrentLinkedDeque.pollFirst (0x000072e47fd3a788) [0x000072e47fd3a880, 0x000072e47fd3c298] Compiler: c1, Barriers: 9, Oops: 6, ImmediateOops: 9, NonImmediateOops: No
[2,347s][debug][gc,nmethod     ] Register NMethod: java.util.concurrent.ConcurrentLinkedDeque.unlink (0x000072e47fd3c308) [0x000072e47fd3c400, 0x000072e47fd3f978] Compiler: c1, Barriers: 14, Oops: 6, ImmediateOops: 20, NonImmediateOops: No
[2,348s][debug][gc,nmethod     ] Register NMethod: io.sirix.cache.LinuxMemorySegmentAllocator.release (0x000072e47fd3fa08) [0x000072e47fd3fb00, 0x000072e47fd4b990] Compiler: c1, Barriers: 94, Oops: 27, ImmediateOops: 36, NonImmediateOops: No
[2,348s][debug][gc,nmethod     ] Register NMethod: io.sirix.cache.LinuxMemorySegmentAllocator.allocate (0x000072e47fd4ba88) [0x000072e47fd4bba0, 0x000072e47fd51848] Compiler: c1, Barriers: 54, Oops: 6, ImmediateOops: 11, NonImmediateOops: No
[2,348s][debug][gc,nmethod     ] Register NMethod: jdk.internal.foreign.layout.ValueLayouts$AbstractValueLayout.order (0x000072e49ecf6d08) [0x000072e49ecf6e00, 0x000072e49ecf6ee8] Compiler: c1, Barriers: 1, Oops: 0, ImmediateOops: 0, NonImmediateOops: No
[2,349s][debug][gc,nmethod     ] Register NMethod: io.sirix.access.trx.node.AbstractNodeReadOnlyTrx.setCurrentNode (0x000072e47fd51888) [0x000072e47fd51980, 0x000072e47fd51e20] Compiler: c1, Barriers: 3, Oops: 1, ImmediateOops: 1, NonImmediateOops: No
[2,352s][debug][gc,nmethod     ] Register NMethod: io.sirix.axis.AbstractAxis.getCursor (0x000072e49ecf7008) [0x000072e49ecf7100, 0x000072e49ecf71e8] Compiler: c1, Barriers: 1, Oops: 1, ImmediateOops: 0, NonImmediateOops: No
[2,352s][debug][gc,nmethod     ] Register NMethod: java.lang.invoke.MethodType.appendParameterTypes (0x000072e47fd51e88) [0x000072e47fd51f80, 0x000072e47fd524c8] Compiler: c1, Barriers: 1, Oops: 0, ImmediateOops: 0, NonImmediateOops: No
[2,353s][debug][gc,nmethod     ] Register NMethod: io.brackit.query.atomic.QNm.getLocalName (0x000072e49ecf7308) [0x000072e49ecf7400, 0x000072e49ecf74e8] Compiler: c1, Barriers: 1, Oops: 1, ImmediateOops: 0, NonImmediateOops: No
[2,353s][debug][gc,nmethod     ] Register NMethod: it.unimi.dsi.fastutil.ints.Int2LongOpenHashMap.get (0x000072e47fd52508) [0x000072e47fd52600, 0x000072e47fd52b50] Compiler: c1, Barriers: 4, Oops: 1, ImmediateOops: 0, NonImmediateOops: No
[2,353s][debug][gc,nmethod     ] Register NMethod: io.sirix.index.path.summary.PathSummaryReader.getNodeKey (0x000072e47fd52b88) [0x000072e47fd52c80, 0x000072e47fd53130] Compiler: c1, Barriers: 1, Oops: 1, ImmediateOops: 1, NonImmediateOops: No
[2,353s][debug][gc,nmethod     ] Register NMethod: io.sirix.index.path.summary.PathSummaryReader.moveTo (0x000072e47fd53188) [0x000072e47fd53280, 0x000072e47fd53f88] Compiler: c1, Barriers: 13, Oops: 1, ImmediateOops: 2, NonImmediateOops: No
[2,354s][debug][gc,nmethod     ] Register NMethod: io.sirix.access.trx.node.json.JsonNodeTrxImpl.nodeReadOnlyTrxDelegate (0x000072e47fd54008) [0x000072e47fd54100, 0x000072e47fd54450] Compiler: c1, Barriers: 1, Oops: 1, ImmediateOops: 0, NonImmediateOops: No
[2,354s][debug][gc,nmethod     ] Register NMethod: io.sirix.access.trx.page.NodeStorageEngineReader.assertNotClosed (0x000072e49ecf7608) [0x000072e49ecf7700, 0x000072e49ecf77c0] Compiler: jvmci, Barriers: 0, Oops: 1, ImmediateOops: 0, NonImmediateOops: No
[2,354s][debug][gc,nmethod     ] Register NMethod: io.sirix.access.trx.node.AbstractNodeReadOnlyTrx.getStructuralNode (0x000072e47fd54488) [0x000072e47fd54580, 0x000072e47fd55038] Compiler: c1, Barriers: 4, Oops: 1, ImmediateOops: 0, NonImmediateOops: No
[2,354s][debug][gc,nmethod     ] Register NMethod: com.google.common.base.Preconditions.checkState (0x000072e47fd55088) [0x000072e47fd55180, 0x000072e47fd55360] Compiler: c1, Barriers: 0, Oops: 1, ImmediateOops: 0, NonImmediateOops: No
[2,354s][debug][gc,nmethod     ] Register NMethod: java.lang.String.encode (0x000072e47fd55388) [0x000072e47fd55480, 0x000072e47fd557b8] Compiler: c1, Barriers: 0, Oops: 0, ImmediateOops: 3, NonImmediateOops: No
[2,355s][debug][gc,nmethod     ] Register NMethod: io.sirix.access.trx.node.AbstractNodeReadOnlyTrx.moveTo (0x000072e47fd55808) [0x000072e47fd55900, 0x000072e47fd57478] Compiler: c1, Barriers: 11, Oops: 1, ImmediateOops: 4, NonImmediateOops: No
[2,355s][debug][gc,nmethod     ] Register NMethod: java.lang.String.encodeUTF8 (0x000072e47fd57488) [0x000072e47fd57580, 0x000072e47fd57c08] Compiler: c1, Barriers: 0, Oops: 0, ImmediateOops: 0, NonImmediateOops: No
[2,355s][debug][gc,nmethod     ] Register NMethod: io.sirix.api.StorageEngineReader.recordPageOffset (0x000072e49ecf7908) [0x000072e49ecf7a00, 0x000072e49ecf7a70] Compiler: jvmci, Barriers: 0, Oops: 1, ImmediateOops: 0, NonImmediateOops: No
[2,355s][debug][gc,nmethod     ] Register NMethod: io.sirix.node.delegates.StructNodeDelegate.getRightSiblingKey (0x000072e49ecf7c08) [0x000072e49ecf7d00, 0x000072e49ecf7dc0] Compiler: c1, Barriers: 0, Oops: 1, ImmediateOops: 0, NonImmediateOops: No
[2,355s][debug][gc,nmethod     ] Register NMethod: io.sirix.node.MemorySegmentBytesOut.writePosition (0x000072e47fd57c88) [0x000072e47fd57d80, 0x000072e47fd57f30] Compiler: c1, Barriers: 1, Oops: 1, ImmediateOops: 0, NonImmediateOops: No
[2,355s][debug][gc,nmethod     ] Register NMethod: io.sirix.node.MemorySegmentBytesOut.position (0x000072e47fd57f88) [0x000072e47fd58080, 0x000072e47fd581d0] Compiler: c1, Barriers: 1, Oops: 1, ImmediateOops: 0, NonImmediateOops: No
[2,355s][debug][gc,nmethod     ] Register NMethod: jdk.internal.foreign.HeapMemorySegmentImpl$OfByte.<init> (0x000072e47fd58288) [0x000072e47fd58380, 0x000072e47fd58698] Compiler: c1, Barriers: 6, Oops: 0, ImmediateOops: 0, NonImmediateOops: No
[2,356s][debug][gc,director    ] Rule Major: Warmup 10%, Used: 354MB, UsedThreshold: 1228MB
[2,357s][debug][gc,nmethod     ] Register NMethod: com.github.benmanes.caffeine.cache.FrequencySketch.isNotInitialized (0x000072e47fd58708) [0x000072e47fd58800, 0x000072e47fd58980] Compiler: c1, Barriers: 1, Oops: 1, ImmediateOops: 0, NonImmediateOops: No
[2,357s][debug][gc,nmethod     ] Register NMethod: jdk.internal.misc.Unsafe.copyMemory (0x000072e49ecf7f08) [0x000072e49ecf8000, 0x000072e49ecf82e0] Compiler: jvmci, Barriers: 4, Oops: 0, ImmediateOops: 0, NonImmediateOops: No
[2,358s][debug][gc,nmethod     ] Register NMethod: com.github.benmanes.caffeine.cache.SSLSMW.maximum (0x000072e49ecf8308) [0x000072e49ecf8400, 0x000072e49ecf84c0] Compiler: c1, Barriers: 0, Oops: 1, ImmediateOops: 0, NonImmediateOops: No
[2,358s][debug][gc,nmethod     ] Register NMethod: com.github.benmanes.caffeine.cache.SSLSMW.accessOrderWindowDeque (0x000072e49ecf8608) [0x000072e49ecf8700, 0x000072e49ecf87f0] Compiler: c1, Barriers: 1, Oops: 1, ImmediateOops: 0, NonImmediateOops: No
[2,359s][debug][gc,nmethod     ] Register NMethod: com.github.benmanes.caffeine.cache.BaseMpscLinkedArrayQueue.modifiedCalcElementOffset (0x000072e47fd58a08) [0x000072e47fd58b00, 0x000072e47fd58bf0] Compiler: c1, Barriers: 0, Oops: 1, ImmediateOops: 0, NonImmediateOops: No
[2,359s][debug][gc,nmethod     ] Register NMethod: io.sirix.node.BytesOut.asBytesIn (0x000072e47fd58d08) [0x000072e47fd58e00, 0x000072e47fd59aa8] Compiler: c1, Barriers: 4, Oops: 1, ImmediateOops: 0, NonImmediateOops: No
[2,359s][debug][gc,nmethod     ] Register NMethod: com.github.benmanes.caffeine.cache.SSLSMW.setMissesInSample (0x000072e49ecf8908) [0x000072e49ecf8a00, 0x000072e49ecf8ac0] Compiler: c1, Barriers: 0, Oops: 1, ImmediateOops: 0, NonImmediateOops: No
[2,359s][debug][gc,nmethod     ] Register NMethod: java.nio.MappedByteBuffer.limit (0x000072e47fd59b08) [0x000072e47fd59c00, 0x000072e47fd59fc0] Compiler: c1, Barriers: 0, Oops: 0, ImmediateOops: 0, NonImmediateOops: No
[2,359s][debug][gc,nmethod     ] Register NMethod: java.lang.invoke.MethodHandle.invokeBasic (0x000072e49ecf8c08) [0x000072e49ecf8d00, 0x000072e49ecf8f98] Compiler: , Barriers: 0, Oops: 0, ImmediateOops: 0, NonImmediateOops: No
[2,359s][debug][gc,nmethod     ] Register NMethod: java.util.UUID.parse4Nibbles (0x000072e47fd5a008) [0x000072e47fd5a100, 0x000072e47fd5c4a8] Compiler: c1, Barriers: 8, Oops: 2, ImmediateOops: 9, NonImmediateOops: No
[2,359s][debug][gc,nmethod     ] Register NMethod: java.lang.Integer.numberOfTrailingZeros (0x000072e47fd5c508) [0x000072e47fd5c600, 0x000072e47fd5c818] Compiler: c1, Barriers: 0, Oops: 0, ImmediateOops: 0, NonImmediateOops: No
[2,359s][debug][gc,nmethod     ] Register NMethod: java.lang.invoke.VarHandleLongs$FieldInstanceReadOnly.getVolatile (0x000072e47fd5c888) [0x000072e47fd5c980, 0x000072e47fd5d378] Compiler: c1, Barriers: 1, Oops: 1, ImmediateOops: 0, NonImmediateOops: No
[2,359s][debug][gc,nmethod     ] Register NMethod: java.util.concurrent.ForkJoinPool$WorkQueue.unlockPhase (0x000072e47fd5d388) [0x000072e47fd5d480, 0x000072e47fd5d590] Compiler: c1, Barriers: 0, Oops: 0, ImmediateOops: 0, NonImmediateOops: No
[2,359s][debug][gc,nmethod     ] Register NMethod: java.lang.invoke.VarHandleGuards.guard_L_J (0x000072e47fd5d688) [0x000072e47fd5d780, 0x000072e47fd60620] Compiler: c1, Barriers: 28, Oops: 0, ImmediateOops: 2, NonImmediateOops: No
[2,360s][debug][gc,nmethod     ] Register NMethod: io.sirix.page.KeyValueLeafPage.releaseGuard (0x000072e47fd60688) [0x000072e47fd60780, 0x000072e47fd60ac8] Compiler: c1, Barriers: 1, Oops: 1, ImmediateOops: 0, NonImmediateOops: No
[2,361s][debug][gc,nmethod     ] Register NMethod: io.sirix.access.trx.page.NodeStorageEngineWriter$$Lambda/0x00000000b328fbd0.apply (0x000072e47fd60b08) [0x000072e47fd60c00, 0x000072e47fd60fc8] Compiler: c1, Barriers: 2, Oops: 1, ImmediateOops: 0, NonImmediateOops: No
[2,361s][debug][gc,nmethod     ] Register NMethod: io.sirix.access.trx.page.NodeStorageEngineReader.getLeafPageReference (0x000072e47fd61008) [0x000072e47fd61100, 0x000072e47fd613f8] Compiler: c1, Barriers: 0, Oops: 1, ImmediateOops: 0, NonImmediateOops: No
[2,361s][debug][gc,nmethod     ] Register NMethod: java.nio.MappedByteBuffer.rewind (0x000072e47fd61408) [0x000072e47fd61500, 0x000072e47fd616d0] Compiler: c1, Barriers: 0, Oops: 0, ImmediateOops: 0, NonImmediateOops: No
[2,361s][debug][gc,nmethod     ] Register NMethod: io.sirix.access.trx.page.NodeStorageEngineWriter.lambda$getPageContainer$0 (0x000072e47fd61708) [0x000072e47fd61800, 0x000072e47fd626f8] Compiler: c1, Barriers: 6, Oops: 1, ImmediateOops: 0, NonImmediateOops: No
[2,361s][debug][gc,nmethod     ] Register NMethod: java.nio.MappedByteBuffer.rewind (0x000072e47fd62708) [0x000072e47fd62800, 0x000072e47fd62be8] Compiler: c1, Barriers: 0, Oops: 0, ImmediateOops: 0, NonImmediateOops: No
[2,361s][debug][gc,nmethod     ] Register NMethod: java.nio.ByteBuffer.rewind (0x000072e47fd62c08) [0x000072e47fd62d00, 0x000072e47fd62e68] Compiler: c1, Barriers: 0, Oops: 0, ImmediateOops: 0, NonImmediateOops: No
[2,361s][debug][gc,nmethod     ] Register NMethod: net.jpountz.util.SafeUtils.readIntLE (0x000072e49ecf9008) [0x000072e49ecf9100, 0x000072e49ecf9218] Compiler: jvmci, Barriers: 0, Oops: 1, ImmediateOops: 0, NonImmediateOops: No
[2,361s][debug][gc,nmethod     ] Register NMethod: io.sirix.access.trx.page.NodeStorageEngineReader.getReferenceToLeafOfSubtree (0x000072e47fd62f08) [0x000072e47fd63000, 0x000072e47fd642e0] Compiler: c1, Barriers: 1, Oops: 1, ImmediateOops: 2, NonImmediateOops: No
[2,361s][debug][gc,nmethod     ] Register NMethod: java.nio.Buffer.rewind (0x000072e47fd64308) [0x000072e47fd64400, 0x000072e47fd64510] Compiler: c1, Barriers: 0, Oops: 0, ImmediateOops: 0, NonImmediateOops: No
[2,361s][debug][gc,nmethod     ] Register NMethod: io.sirix.access.trx.page.NodeStorageEngineReader.getRecord (0x000072e47fd64608) [0x000072e47fd64700, 0x000072e47fd66138] Compiler: c1, Barriers: 4, Oops: 1, ImmediateOops: 3, NonImmediateOops: No
[2,363s][debug][gc,nmethod     ] Register NMethod: java.nio.file.FileSystems.getDefault (0x000072e47fd66188) [0x000072e47fd66280, 0x000072e47fd666e0] Compiler: c1, Barriers: 1, Oops: 0, ImmediateOops: 3, NonImmediateOops: No
[2,363s][debug][gc,nmethod     ] Register NMethod: dagger.internal.Preconditions.checkNotNull (0x000072e47fd66708) [0x000072e47fd66800, 0x000072e47fd669d0] Compiler: c1, Barriers: 0, Oops: 1, ImmediateOops: 0, NonImmediateOops: No
[2,363s][debug][gc,nmethod     ] Register NMethod: java.io.File.<init> (0x000072e49ecf9308) [0x000072e49ecf9500, 0x000072e49ecfa1e8] Compiler: jvmci, Barriers: 15, Oops: 1, ImmediateOops: 4, NonImmediateOops: No
[2,363s][debug][gc,nmethod     ] Register NMethod: com.google.gson.stream.JsonReader.nextString (0x000072e47fd66a08) [0x000072e47fd66b00, 0x000072e47fd684f8] Compiler: c1, Barriers: 7, Oops: 2, ImmediateOops: 3, NonImmediateOops: No
[2,364s][debug][gc,nmethod     ] Register NMethod: io.sirix.page.delegates.BitmapReferencesPage.getReferences (0x000072e49ecfa208) [0x000072e49ecfa300, 0x000072e49ecfa3e8] Compiler: c1, Barriers: 1, Oops: 1, ImmediateOops: 0, NonImmediateOops: No
[2,364s][debug][gc,nmethod     ] Register NMethod: java.util.concurrent.locks.ReentrantLock$Sync.isHeldExclusively (0x000072e47fd68588) [0x000072e47fd68680, 0x000072e47fd68a18] Compiler: c1, Barriers: 2, Oops: 0, ImmediateOops: 0, NonImmediateOops: No
[2,364s][debug][gc,nmethod     ] Register NMethod: com.github.benmanes.caffeine.cache.BoundedLocalCache.refreshAfterWrite (0x000072e49ecfa508) [0x000072e49ecfa600, 0x000072e49ecfa6c0] Compiler: c1, Barriers: 0, Oops: 1, ImmediateOops: 0, NonImmediateOops: No
[2,365s][debug][gc,nmethod     ] Register NMethod: com.github.benmanes.caffeine.cache.SSLSMW.fastpath (0x000072e49ecfa808) [0x000072e49ecfa900, 0x000072e49ecfa9c0] Compiler: c1, Barriers: 0, Oops: 1, ImmediateOops: 0, NonImmediateOops: No
[2,365s][debug][gc,nmethod     ] Register NMethod: java.util.ArrayList$Itr.next (0x000072e49ecfab08) [0x000072e49ecfac00, 0x000072e49ecfade0] Compiler: jvmci, Barriers: 3, Oops: 0, ImmediateOops: 0, NonImmediateOops: No
[2,365s][debug][gc,nmethod     ] Register NMethod: jdk.internal.classfile.impl.SplitConstantPool.writeTo (0x000072e49ecfae08) [0x000072e49ecfaf20, 0x000072e49ecfd150] Compiler: jvmci, Barriers: 23, Oops: 0, ImmediateOops: 0, NonImmediateOops: No
[2,365s][debug][gc,nmethod     ] Register NMethod: java.lang.invoke.MethodHandleImpl$CountingWrapper.getTarget (0x000072e49ecfd188) [0x000072e49ecfd280, 0x000072e49ecfd368] Compiler: c1, Barriers: 1, Oops: 0, ImmediateOops: 0, NonImmediateOops: No
[2,365s][debug][gc,nmethod     ] Register NMethod: net.jpountz.lz4.LZ4JNI.LZ4_decompress_fast (0x000072e49ecfd488) [0x000072e49ecfd580, 0x000072e49ecfd748] Compiler: , Barriers: 0, Oops: 1, ImmediateOops: 1, NonImmediateOops: No
[2,365s][debug][gc,nmethod     ] Register NMethod: java.io.ByteArrayInputStream.<init> (0x000072e47fd68a88) [0x000072e47fd68b80, 0x000072e47fd68dc8] Compiler: c1, Barriers: 3, Oops: 0, ImmediateOops: 0, NonImmediateOops: No
[2,365s][debug][gc,nmethod     ] Register NMethod: io.sirix.access.trx.node.AbstractResourceSession.getMostRecentRevisionNumber (0x000072e47fd68e08) [0x000072e47fd68f00, 0x000072e47fd697d8] Compiler: c1, Barriers: 2, Oops: 1, ImmediateOops: 1, NonImmediateOops: No
[2,365s][debug][gc,nmethod     ] Register NMethod: java.lang.invoke.DirectMethodHandle$Holder.fieldAccess (0x000072e47fd69808) [0x000072e47fd69900, 0x000072e47fd69df8] Compiler: c1, Barriers: 0, Oops: 0, ImmediateOops: 0, NonImmediateOops: No
[2,366s][debug][gc,nmethod     ] Register NMethod: java.io.FilterInputStream.close (0x000072e47fd69e08) [0x000072e47fd69f00, 0x000072e47fd6a240] Compiler: c1, Barriers: 1, Oops: 0, ImmediateOops: 0, NonImmediateOops: No
[2,366s][debug][gc,nmethod     ] Register NMethod: sun.nio.fs.UnixNativeDispatcher.open (0x000072e47fd6a288) [0x000072e47fd6a380, 0x000072e47fd6a9d8] Compiler: c1, Barriers: 0, Oops: 0, ImmediateOops: 0, NonImmediateOops: No
[2,366s][debug][gc,nmethod     ] Register NMethod: java.lang.invoke.DirectMethodHandle$Holder.invokeStatic (0x000072e47fd6aa08) [0x000072e47fd6ab00, 0x000072e47fd6aec8] Compiler: c1, Barriers: 1, Oops: 0, ImmediateOops: 0, NonImmediateOops: No
[2,366s][debug][gc,nmethod     ] Register NMethod: java.lang.invoke.MethodHandle.invokeBasic (0x000072e49ecfd788) [0x000072e49ecfd880, 0x000072e49ecfdb18] Compiler: , Barriers: 0, Oops: 0, ImmediateOops: 0, NonImmediateOops: No
[2,366s][debug][gc,nmethod     ] Register NMethod: it.unimi.dsi.fastutil.ints.AbstractInt2LongMap.<init> (0x000072e47fd6af08) [0x000072e47fd6b000, 0x000072e47fd6b1b8] Compiler: c1, Barriers: 0, Oops: 1, ImmediateOops: 0, NonImmediateOops: No
[2,366s][debug][gc,nmethod     ] Register NMethod: it.unimi.dsi.fastutil.ints.AbstractInt2LongFunction.<init> (0x000072e47fd6b208) [0x000072e47fd6b300, 0x000072e47fd6b458] Compiler: c1, Barriers: 0, Oops: 1, ImmediateOops: 0, NonImmediateOops: No
[2,366s][debug][gc,nmethod     ] Register NMethod: it.unimi.dsi.fastutil.ints.AbstractInt2IntMap.<init> (0x000072e47fd6b508) [0x000072e47fd6b600, 0x000072e47fd6b7b8] Compiler: c1, Barriers: 0, Oops: 1, ImmediateOops: 0, NonImmediateOops: No
[2,366s][debug][gc,nmethod     ] Register NMethod: it.unimi.dsi.fastutil.ints.AbstractInt2IntFunction.<init> (0x000072e47fd6b808) [0x000072e47fd6b900, 0x000072e47fd6ba58] Compiler: c1, Barriers: 0, Oops: 1, ImmediateOops: 0, NonImmediateOops: No
[2,366s][debug][gc,nmethod     ] Register NMethod: it.unimi.dsi.fastutil.ints.Int2IntOpenHashMap.<init> (0x000072e47fd6bb08) [0x000072e47fd6bc20, 0x000072e47fd6c4c0] Compiler: c1, Barriers: 6, Oops: 1, ImmediateOops: 2, NonImmediateOops: No
[2,366s][debug][gc,nmethod     ] Register NMethod: it.unimi.dsi.fastutil.ints.Int2LongOpenHashMap.<init> (0x000072e47fd6c508) [0x000072e47fd6c620, 0x000072e47fd6cec0] Compiler: c1, Barriers: 6, Oops: 1, ImmediateOops: 2, NonImmediateOops: No
[2,366s][debug][gc,nmethod     ] Register NMethod: java.lang.invoke.VarHandleGuards.guard_LJJ_Z (0x000072e47fd6cf08) [0x000072e47fd6d000, 0x000072e47fd6fee0] Compiler: c1, Barriers: 28, Oops: 0, ImmediateOops: 2, NonImmediateOops: No
[2,366s][debug][gc,director    ] Rule Major: Warmup 10%, Used: 358MB, UsedThreshold: 1228MB
[2,367s][debug][gc,nmethod     ] Register NMethod: sun.security.provider.SHA2.implCompress0 (0x000072e49ecfdb88) [0x000072e49ecfdc80, 0x000072e49ecfe7b0] Compiler: jvmci, Barriers: 5, Oops: 0, ImmediateOops: 1, NonImmediateOops: No
[2,368s][debug][gc,nmethod     ] Register NMethod: io.sirix.access.ResourceConfiguration.getDatabaseId (0x000072e47fd6ff08) [0x000072e47fd70000, 0x000072e47fd70358] Compiler: c1, Barriers: 1, Oops: 1, ImmediateOops: 0, NonImmediateOops: No
[2,368s][debug][gc,nmethod     ] Register NMethod: java.lang.invoke.LambdaForm$DMH/0x00000000b3148000.newInvokeSpecial (0x000072e47fd70388) [0x000072e47fd70480, 0x000072e47fd70d28] Compiler: c1, Barriers: 2, Oops: 1, ImmediateOops: 1, NonImmediateOops: No
[2,369s][debug][gc,nmethod     ] Register NMethod: java.nio.Buffer.<init> (0x000072e49ecfe808) [0x000072e49ecfe900, 0x000072e49ecfec98] Compiler: jvmci, Barriers: 3, Oops: 0, ImmediateOops: 0, NonImmediateOops: No
[2,369s][debug][gc,nmethod     ] Register NMethod: io.sirix.access.trx.page.NodeStorageEngineReader$PageReferenceToPage.<init> (0x000072e47fd70d88) [0x000072e47fd70e80, 0x000072e47fd71128] Compiler: c1, Barriers: 6, Oops: 1, ImmediateOops: 0, NonImmediateOops: No
[2,369s][debug][gc,nmethod     ] Register NMethod: io.sirix.node.json.JsonDocumentRootNode.delegate (0x000072e49ecfed08) [0x000072e49ecfee00, 0x000072e49ecfeee8] Compiler: c1, Barriers: 1, Oops: 1, ImmediateOops: 0, NonImmediateOops: No
[2,370s][debug][gc,nmethod     ] Register NMethod: io.sirix.node.json.JsonDocumentRootNode.structDelegate (0x000072e49ecff008) [0x000072e49ecff100, 0x000072e49ecff1e8] Compiler: c1, Barriers: 1, Oops: 1, ImmediateOops: 0, NonImmediateOops: No
[2,370s][debug][gc,nmethod     ] Register NMethod: java.lang.invoke.MethodHandle.linkToStatic (0x000072e49ecff308) [0x000072e49ecff400, 0x000072e49ecff4f0] Compiler: , Barriers: 0, Oops: 0, ImmediateOops: 0, NonImmediateOops: No
[2,370s][debug][gc,nmethod     ] Register NMethod: java.lang.invoke.DirectMethodHandle.getFunction (0x000072e47fd71188) [0x000072e47fd71280, 0x000072e47fd71718] Compiler: c1, Barriers: 4, Oops: 1, ImmediateOops: 2, NonImmediateOops: No
[2,370s][debug][gc,nmethod     ] Register NMethod: java.lang.invoke.MethodHandle.linkToSpecial (0x000072e49ecff608) [0x000072e49ecff700, 0x000072e49ecff7f8] Compiler: , Barriers: 0, Oops: 0, ImmediateOops: 0, NonImmediateOops: No
[2,371s][debug][gc,nmethod     ] Register NMethod: java.lang.invoke.MethodHandle.invokeBasic (0x000072e49ecff908) [0x000072e49ecffa00, 0x000072e49ecffc98] Compiler: , Barriers: 0, Oops: 0, ImmediateOops: 0, NonImmediateOops: No
[2,371s][debug][gc,nmethod     ] Register NMethod: java.lang.invoke.MethodHandle.linkToSpecial (0x000072e49ecffd08) [0x000072e49ecffe00, 0x000072e49ecffef8] Compiler: , Barriers: 0, Oops: 0, ImmediateOops: 0, NonImmediateOops: No
[2,371s][debug][gc,nmethod     ] Register NMethod: jdk.internal.classfile.impl.SuperclassImpl.writeTo (0x000072e47fd71788) [0x000072e47fd71880, 0x000072e47fd71c08] Compiler: c1, Barriers: 4, Oops: 0, ImmediateOops: 0, NonImmediateOops: No
[2,371s][debug][gc,nmethod     ] Register NMethod: java.lang.classfile.ClassBuilder.withSuperclass (0x000072e47fd71c88) [0x000072e47fd71d80, 0x000072e47fd726c8] Compiler: c1, Barriers: 3, Oops: 0, ImmediateOops: 0, NonImmediateOops: No
[2,371s][debug][gc,nmethod     ] Register NMethod: jdk.internal.classfile.impl.SuperclassImpl.<init> (0x000072e47fd72708) [0x000072e47fd72800, 0x000072e47fd72b80] Compiler: c1, Barriers: 3, Oops: 0, ImmediateOops: 0, NonImmediateOops: No
[2,371s][debug][gc,nmethod     ] Register NMethod: java.lang.classfile.Superclass.of (0x000072e47fd72b88) [0x000072e47fd72c80, 0x000072e47fd73098] Compiler: c1, Barriers: 3, Oops: 0, ImmediateOops: 0, NonImmediateOops: No
[2,371s][debug][gc,nmethod     ] Register NMethod: java.util.Arrays.equals (0x000072e47fd73108) [0x000072e47fd73200, 0x000072e47fd734a0] Compiler: c1, Barriers: 0, Oops: 0, ImmediateOops: 0, NonImmediateOops: No
[2,371s][debug][gc,nmethod     ] Register NMethod: java.lang.invoke.Invokers$Holder.linkToTargetMethod (0x000072e47fd73508) [0x000072e47fd73600, 0x000072e47fd73b08] Compiler: c1, Barriers: 0, Oops: 0, ImmediateOops: 0, NonImmediateOops: No
[2,371s][debug][gc,nmethod     ] Register NMethod: java.lang.String.getBytes (0x000072e47fd73b88) [0x000072e47fd73c80, 0x000072e47fd74118] Compiler: c1, Barriers: 1, Oops: 0, ImmediateOops: 0, NonImmediateOops: No
[2,371s][debug][gc,nmethod     ] Register NMethod: io.sirix.cache.PageGuard.page (0x000072e47fd74188) [0x000072e47fd74280, 0x000072e47fd744c0] Compiler: c1, Barriers: 1, Oops: 1, ImmediateOops: 1, NonImmediateOops: No
[2,376s][debug][gc,nmethod     ] Register NMethod: io.sirix.page.PageKind$1.serializePage (0x000072e49ed00008) [0x000072e49ed00100, 0x000072e49ed02df8] Compiler: jvmci, Barriers: 63, Oops: 6, ImmediateOops: 6, NonImmediateOops: No
[2,376s][debug][gc,director    ] Rule Major: Warmup 10%, Used: 358MB, UsedThreshold: 1228MB
[2,379s][debug][gc,nmethod     ] Register NMethod: java.util.ArrayDeque.push (0x000072e47fd74508) [0x000072e47fd74600, 0x000072e47fd74748] Compiler: c1, Barriers: 0, Oops: 0, ImmediateOops: 0, NonImmediateOops: No
[2,379s][debug][gc,nmethod     ] Register NMethod: java.util.ArrayDeque.dec (0x000072e47fd74808) [0x000072e47fd74900, 0x000072e47fd74a18] Compiler: c1, Barriers: 0, Oops: 0, ImmediateOops: 0, NonImmediateOops: No
[2,379s][debug][gc,nmethod     ] Register NMethod: java.util.ArrayDeque.addFirst (0x000072e47fd74b08) [0x000072e47fd74c00, 0x000072e47fd751e0] Compiler: c1, Barriers: 4, Oops: 0, ImmediateOops: 0, NonImmediateOops: No
[2,379s][debug][gc,nmethod     ] Register NMethod: io.sirix.node.json.ObjectKeyNode.getNodeKey (0x000072e49ed02e88) [0x000072e49ed02f80, 0x000072e49ed03040] Compiler: c1, Barriers: 0, Oops: 1, ImmediateOops: 0, NonImmediateOops: No
[2,380s][debug][gc,nmethod     ] Register NMethod: io.sirix.access.trx.node.AbstractNodeReadOnlyTrx.getNodeKey (0x000072e47fd75208) [0x000072e47fd75300, 0x000072e47fd75968] Compiler: c1, Barriers: 1, Oops: 1, ImmediateOops: 1, NonImmediateOops: No
[2,380s][debug][gc,nmethod     ] Register NMethod: io.sirix.page.KeyValueLeafPage.acquireGuard (0x000072e47fd75988) [0x000072e47fd75a80, 0x000072e47fd75dc8] Compiler: c1, Barriers: 1, Oops: 1, ImmediateOops: 0, NonImmediateOops: No
[2,380s][debug][gc,nmethod     ] Register NMethod: io.sirix.axis.AbstractAxis.hasNext (0x000072e47fd75e08) [0x000072e47fd75f00, 0x000072e47fd769c8] Compiler: c1, Barriers: 2, Oops: 1, ImmediateOops: 1, NonImmediateOops: No
[2,381s][debug][gc,nmethod     ] Register NMethod: java.util.zip.Inflater.needsInput (0x000072e49ed03188) [0x000072e49ed03280, 0x000072e49ed03548] Compiler: jvmci, Barriers: 2, Oops: 0, ImmediateOops: 0, NonImmediateOops: No
[2,383s][debug][gc,nmethod     ] Register NMethod: java.util.stream.MatchOps$$Lambda/0x00000000b30f77d0.<init> (0x000072e47fd76a08) [0x000072e47fd76b00, 0x000072e47fd76d48] Compiler: c1, Barriers: 6, Oops: 0, ImmediateOops: 0, NonImmediateOops: No
[2,383s][debug][gc,nmethod     ] Register NMethod: java.util.stream.MatchOps$MatchOp.getOpFlags (0x000072e47fd76d88) [0x000072e47fd76e80, 0x000072e47fd76f88] Compiler: c1, Barriers: 0, Oops: 0, ImmediateOops: 0, NonImmediateOops: No
[2,383s][debug][gc,nmethod     ] Register NMethod: java.util.stream.MatchOps$MatchOp.<init> (0x000072e47fd77088) [0x000072e47fd77180, 0x000072e47fd77440] Compiler: c1, Barriers: 9, Oops: 0, ImmediateOops: 0, NonImmediateOops: No
[2,383s][debug][gc,nmethod     ] Register NMethod: java.util.stream.MatchOps$MatchOp.evaluateSequential (0x000072e47fd77488) [0x000072e47fd77580, 0x000072e47fd783a8] Compiler: c1, Barriers: 1, Oops: 0, ImmediateOops: 2, NonImmediateOops: No
[2,383s][debug][gc,nmethod     ] Register NMethod: java.util.stream.MatchOps$MatchOp.evaluateSequential (0x000072e47fd78408) [0x000072e47fd78500, 0x000072e47fd79110] Compiler: c1, Barriers: 1, Oops: 0, ImmediateOops: 2, NonImmediateOops: No
[2,383s][debug][gc,nmethod     ] Register NMethod: java.util.stream.MatchOps$$Lambda/0x00000000b30f77d0.get (0x000072e47fd79188) [0x000072e47fd79280, 0x000072e47fd79700] Compiler: c1, Barriers: 8, Oops: 0, ImmediateOops: 0, NonImmediateOops: No
[2,383s][debug][gc,nmethod     ] Register NMethod: java.util.stream.MatchOps.lambda$makeRef$0 (0x000072e47fd79708) [0x000072e47fd79800, 0x000072e47fd79b98] Compiler: c1, Barriers: 6, Oops: 0, ImmediateOops: 0, NonImmediateOops: No
[2,384s][debug][gc,nmethod     ] Register NMethod: java.util.stream.MatchOps$BooleanTerminalSink.<init> (0x000072e47fd79c08) [0x000072e47fd79d00, 0x000072e47fd79eb8] Compiler: c1, Barriers: 0, Oops: 0, ImmediateOops: 0, NonImmediateOops: No
[2,384s][debug][gc,nmethod     ] Register NMethod: java.util.stream.MatchOps$1MatchSink.<init> (0x000072e47fd79f08) [0x000072e47fd7a000, 0x000072e47fd7a300] Compiler: c1, Barriers: 6, Oops: 0, ImmediateOops: 0, NonImmediateOops: No
[2,384s][debug][gc,nmethod     ] Register NMethod: java.util.stream.MatchOps.makeRef (0x000072e47fd7a308) [0x000072e47fd7a400, 0x000072e47fd7af30] Compiler: c1, Barriers: 15, Oops: 2, ImmediateOops: 3, NonImmediateOops: No
[2,384s][debug][gc,nmethod     ] Register NMethod: java.util.zip.Inflater.inflate (0x000072e49ed03588) [0x000072e49ed03680, 0x000072e49ed03b78] Compiler: jvmci, Barriers: 4, Oops: 0, ImmediateOops: 0, NonImmediateOops: No
[2,384s][debug][gc,nmethod     ] Register NMethod: java.nio.Buffer.hasRemaining (0x000072e49ed03b88) [0x000072e49ed03c80, 0x000072e49ed03d10] Compiler: jvmci, Barriers: 0, Oops: 0, ImmediateOops: 0, NonImmediateOops: No
[2,384s][debug][gc,nmethod     ] Register NMethod: com.google.gson.stream.JsonWriter.newline (0x000072e47fd7af88) [0x000072e47fd7b080, 0x000072e47fd7b778] Compiler: c1, Barriers: 4, Oops: 1, ImmediateOops: 0, NonImmediateOops: No
[2,385s][debug][gc,nmethod     ] Register NMethod: com.google.gson.stream.JsonWriter.string (0x000072e47fd7b788) [0x000072e47fd7b880, 0x000072e47fd7d580] Compiler: c1, Barriers: 9, Oops: 2, ImmediateOops: 6, NonImmediateOops: No
[2,385s][debug][gc,nmethod     ] Register NMethod: io.sirix.page.UberPage.getRevisionRootReference (0x000072e49ed03e88) [0x000072e49ed03f80, 0x000072e49ed04068] Compiler: c1, Barriers: 1, Oops: 1, ImmediateOops: 0, NonImmediateOops: No
[2,385s][debug][gc,nmethod     ] Register NMethod: java.util.stream.ForEachOps$ForEachOp$OfRef.accept (0x000072e47fd7d608) [0x000072e47fd7d700, 0x000072e47fd7da40] Compiler: c1, Barriers: 1, Oops: 0, ImmediateOops: 0, NonImmediateOops: No
[2,386s][debug][gc,nmethod     ] Register NMethod: java.util.concurrent.atomic.AtomicLong.compareAndSet (0x000072e49ed04188) [0x000072e49ed04280, 0x000072e49ed04310] Compiler: jvmci, Barriers: 0, Oops: 0, ImmediateOops: 0, NonImmediateOops: No
[2,387s][debug][gc,director    ] Rule Major: Warmup 10%, Used: 360MB, UsedThreshold: 1228MB
[2,387s][debug][gc,nmethod     ] Register NMethod: java.io.ByteArrayInputStream.close (0x000072e47fd7da88) [0x000072e47fd7db80, 0x000072e47fd7dc80] Compiler: c1, Barriers: 0, Oops: 0, ImmediateOops: 0, NonImmediateOops: No
[2,387s][debug][gc,nmethod     ] Register NMethod: io.sirix.BinaryEncodingVersion.values (0x000072e47fd7dd88) [0x000072e47fd7de80, 0x000072e47fd7e360] Compiler: c1, Barriers: 0, Oops: 1, ImmediateOops: 1, NonImmediateOops: No
[2,387s][debug][gc,nmethod     ] Register NMethod: java.nio.DirectByteBuffer.getInt (0x000072e47fd7e388) [0x000072e47fd7e480, 0x000072e47fd7e9b8] Compiler: c1, Barriers: 0, Oops: 0, ImmediateOops: 0, NonImmediateOops: No
[2,387s][debug][gc,nmethod     ] Register NMethod: io.sirix.io.bytepipe.ByteHandlerPipeline.deserialize (0x000072e47fd7ea08) [0x000072e47fd7eb00, 0x000072e47fd7f720] Compiler: c1, Barriers: 1, Oops: 1, ImmediateOops: 0, NonImmediateOops: No
[2,387s][debug][gc,nmethod     ] Register NMethod: java.nio.DirectByteBuffer.getInt (0x000072e47fd7f788) [0x000072e47fd7f880, 0x000072e47fd810b0] Compiler: c1, Barriers: 5, Oops: 1, ImmediateOops: 4, NonImmediateOops: No
[2,388s][debug][gc,nmethod     ] Register NMethod: io.sirix.io.AbstractReader.deserialize (0x000072e47fd81108) [0x000072e47fd81200, 0x000072e47fd84118] Compiler: c1, Barriers: 15, Oops: 2, ImmediateOops: 2, NonImmediateOops: No
[2,388s][debug][gc,nmethod     ] Register NMethod: io.sirix.io.bytepipe.LZ4Compressor.deserialize (0x000072e47fd84188) [0x000072e47fd84280, 0x000072e47fd87070] Compiler: c1, Barriers: 36, Oops: 5, ImmediateOops: 38, NonImmediateOops: No
[2,388s][debug][gc,nmethod     ] Register NMethod: net.jpountz.lz4.LZ4BlockInputStream.<init> (0x000072e47fd87108) [0x000072e47fd87200, 0x000072e47fd877a0] Compiler: c1, Barriers: 15, Oops: 1, ImmediateOops: 0, NonImmediateOops: No
[2,388s][debug][gc,nmethod     ] Register NMethod: java.io.InputStream.readAllBytes (0x000072e47fd87808) [0x000072e47fd87900, 0x000072e47fd87c08] Compiler: c1, Barriers: 0, Oops: 0, ImmediateOops: 0, NonImmediateOops: No
[2,388s][debug][gc,nmethod     ] Register NMethod: net.jpountz.lz4.LZ4BlockInputStream.<init> (0x000072e47fd87c88) [0x000072e47fd87d80, 0x000072e47fd8b108] Compiler: c1, Barriers: 39, Oops: 5, ImmediateOops: 38, NonImmediateOops: No
[2,388s][debug][gc,nmethod     ] Register NMethod: java.io.InputStream.readNBytes (0x000072e47fd8b188) [0x000072e47fd8b280, 0x000072e47fd8d340] Compiler: c1, Barriers: 6, Oops: 1, ImmediateOops: 5, NonImmediateOops: No
[2,388s][debug][gc,nmethod     ] Register NMethod: io.sirix.page.PageKind.getKind (0x000072e47fd8d388) [0x000072e47fd8d480, 0x000072e47fd8ddc0] Compiler: c1, Barriers: 2, Oops: 2, ImmediateOops: 2, NonImmediateOops: No
[2,388s][debug][gc,nmethod     ] Register NMethod: net.jpountz.lz4.LZ4BlockInputStream.<init> (0x000072e47fd8de08) [0x000072e47fd8df00, 0x000072e47fd90c28] Compiler: c1, Barriers: 36, Oops: 5, ImmediateOops: 38, NonImmediateOops: No
[2,388s][debug][gc,nmethod     ] Register NMethod: io.sirix.page.PagePersister.deserializePage (0x000072e47fd90c88) [0x000072e47fd90d80, 0x000072e47fd919e8] Compiler: c1, Barriers: 2, Oops: 2, ImmediateOops: 2, NonImmediateOops: No
[2,389s][debug][gc,nmethod     ] Register NMethod: io.sirix.BinaryEncodingVersion.fromByte (0x000072e47fd91a08) [0x000072e47fd91b00, 0x000072e47fd92280] Compiler: c1, Barriers: 1, Oops: 1, ImmediateOops: 1, NonImmediateOops: No
[2,390s][debug][gc,nmethod     ] Register NMethod: jdk.internal.misc.Unsafe.setMemory (0x000072e47fd92308) [0x000072e47fd92400, 0x000072e47fd92710] Compiler: c1, Barriers: 0, Oops: 0, ImmediateOops: 0, NonImmediateOops: No
[2,390s][debug][gc,nmethod     ] Register NMethod: java.nio.DirectByteBuffer$Deallocator.<init> (0x000072e47fd92788) [0x000072e47fd92880, 0x000072e47fd92a58] Compiler: c1, Barriers: 0, Oops: 0, ImmediateOops: 0, NonImmediateOops: No
[2,390s][debug][gc,nmethod     ] Register NMethod: java.util.HashMap$HashIterator.hasNext (0x000072e49ed04488) [0x000072e49ed04580, 0x000072e49ed04638] Compiler: jvmci, Barriers: 1, Oops: 0, ImmediateOops: 0, NonImmediateOops: No
[2,390s][debug][gc,nmethod     ] Register NMethod: io.sirix.page.AbstractForwardingPage.<init> (0x000072e47fd92a88) [0x000072e47fd92b80, 0x000072e47fd92d38] Compiler: c1, Barriers: 0, Oops: 1, ImmediateOops: 0, NonImmediateOops: No
[2,391s][debug][gc,nmethod     ] Register NMethod: com.github.benmanes.caffeine.cache.SSLSMW.windowMaximum (0x000072e49ed04788) [0x000072e49ed04880, 0x000072e49ed04940] Compiler: c1, Barriers: 0, Oops: 1, ImmediateOops: 0, NonImmediateOops: No
[2,391s][debug][gc,nmethod     ] Register NMethod: jdk.internal.foreign.AbstractMemorySegmentImpl.get (0x000072e47fd92d88) [0x000072e47fd92e80, 0x000072e47fd96790] Compiler: c1, Barriers: 27, Oops: 5, ImmediateOops: 12, NonImmediateOops: No
[2,391s][debug][gc,nmethod     ] Register NMethod: io.sirix.node.MemorySegmentBytesIn.readShort (0x000072e47fd96808) [0x000072e47fd96900, 0x000072e47fd9a538] Compiler: c1, Barriers: 5, Oops: 6, ImmediateOops: 10, NonImmediateOops: No
[2,392s][debug][gc,nmethod     ] Register NMethod: jdk.internal.util.DecimalDigits.stringSize (0x000072e47fd9a588) [0x000072e47fd9a680, 0x000072e47fd9a8b8] Compiler: c1, Barriers: 0, Oops: 0, ImmediateOops: 0, NonImmediateOops: No
[2,392s][debug][gc,nmethod     ] Register NMethod: jdk.internal.util.DecimalDigits.uncheckedGetCharsLatin1 (0x000072e47fd9a908) [0x000072e47fd9aa00, 0x000072e47fd9af10] Compiler: c1, Barriers: 0, Oops: 0, ImmediateOops: 0, NonImmediateOops: No
[2,392s][debug][gc,nmethod     ] Register NMethod: java.lang.invoke.VarHandleSegmentAsShorts.get (0x000072e47fd9af88) [0x000072e47fd9b080, 0x000072e47fda02b8] Compiler: c1, Barriers: 24, Oops: 2, ImmediateOops: 6, NonImmediateOops: No
[2,392s][debug][gc,nmethod     ] Register NMethod: java.lang.invoke.VarHandleSegmentAsShorts.get (0x000072e47fda0308) [0x000072e47fda0400, 0x000072e47fda58b8] Compiler: c1, Barriers: 24, Oops: 2, ImmediateOops: 6, NonImmediateOops: No
[2,393s][debug][gc,nmethod     ] Register NMethod: io.sirix.axis.filter.AbstractFilter.getTrx (0x000072e49ed04a88) [0x000072e49ed04b80, 0x000072e49ed04c68] Compiler: c1, Barriers: 1, Oops: 1, ImmediateOops: 0, NonImmediateOops: No
[2,393s][debug][gc,nmethod     ] Register NMethod: io.sirix.access.trx.page.NodeStorageEngineReader.getCurrentMaxIndirectPageTreeLevel (0x000072e47fda5908) [0x000072e47fda5a00, 0x000072e47fdad7f0] Compiler: c1, Barriers: 20, Oops: 1, ImmediateOops: 6, NonImmediateOops: No
[2,393s][debug][gc,nmethod     ] Register NMethod: java.util.concurrent.atomic.AtomicLong.addAndGet (0x000072e49ed04d88) [0x000072e49ed04e80, 0x000072e49ed04f10] Compiler: jvmci, Barriers: 0, Oops: 0, ImmediateOops: 0, NonImmediateOops: No
[2,393s][debug][gc,nmethod     ] Register NMethod: java.util.LinkedHashMap.afterNodeAccess (0x000072e47fdad808) [0x000072e47fdad900, 0x000072e47fdae9b0] Compiler: c1, Barriers: 54, Oops: 0, ImmediateOops: 0, NonImmediateOops: No
[2,393s][debug][gc,nmethod     ] Register NMethod: io.sirix.access.trx.page.NodeStorageEngineWriter.prepareRecordForModification (0x000072e47fdaea08) [0x000072e47fdaeb00, 0x000072e47fdb0988] Compiler: c1, Barriers: 7, Oops: 2, ImmediateOops: 4, NonImmediateOops: No
[2,393s][debug][gc,nmethod     ] Register NMethod: io.sirix.node.json.ObjectNode.getNodeKey (0x000072e49ed05088) [0x000072e49ed05180, 0x000072e49ed05240] Compiler: c1, Barriers: 0, Oops: 1, ImmediateOops: 0, NonImmediateOops: No
[2,393s][debug][gc,nmethod     ] Register NMethod: io.sirix.index.path.summary.PathSummaryReader.getStructuralNode (0x000072e47fdb0a08) [0x000072e47fdb0b00, 0x000072e47fdb0eb8] Compiler: c1, Barriers: 1, Oops: 1, ImmediateOops: 0, NonImmediateOops: No
[2,393s][debug][gc,nmethod     ] Register NMethod: io.sirix.access.trx.node.AbstractNodeReadOnlyTrx.getKind (0x000072e47fdb0f08) [0x000072e47fdb1000, 0x000072e47fdb1668] Compiler: c1, Barriers: 1, Oops: 1, ImmediateOops: 1, NonImmediateOops: No
[2,394s][debug][gc,nmethod     ] Register NMethod: io.sirix.access.trx.page.NodeStorageEngineWriter.createRecord (0x000072e47fdb1688) [0x000072e47fdb1780, 0x000072e47fdb7bd8] Compiler: c1, Barriers: 30, Oops: 1, ImmediateOops: 6, NonImmediateOops: No
[2,394s][debug][gc,nmethod     ] Register NMethod: java.util.concurrent.ForkJoinPool$WorkQueue.tryLockPhase (0x000072e47fdb7c08) [0x000072e47fdb7d00, 0x000072e47fdb7ea8] Compiler: c1, Barriers: 0, Oops: 0, ImmediateOops: 0, NonImmediateOops: No
[2,394s][debug][gc,nmethod     ] Register NMethod: jdk.internal.misc.Unsafe.getLongUnaligned (0x000072e49ed05388) [0x000072e49ed05480, 0x000072e49ed05540] Compiler: jvmci, Barriers: 0, Oops: 0, ImmediateOops: 0, NonImmediateOops: No
[2,394s][debug][gc,nmethod     ] Register NMethod: java.util.stream.Sink.begin (0x000072e49ed05688) [0x000072e49ed05780, 0x000072e49ed05800] Compiler: jvmci, Barriers: 0, Oops: 0, ImmediateOops: 0, NonImmediateOops: No
[2,395s][debug][gc,nmethod     ] Register NMethod: io.sirix.node.MemorySegmentBytesOut.writeShort (0x000072e47fdb7f08) [0x000072e47fdb8000, 0x000072e47fdb8188] Compiler: c1, Barriers: 1, Oops: 1, ImmediateOops: 0, NonImmediateOops: No
[2,395s][debug][gc,nmethod     ] Register NMethod: io.sirix.page.RevisionRootPage.getMaxNodeKeyInDocumentIndex (0x000072e49ed05988) [0x000072e49ed05a80, 0x000072e49ed05b40] Compiler: c1, Barriers: 0, Oops: 1, ImmediateOops: 0, NonImmediateOops: No
[2,395s][debug][gc,nmethod     ] Register NMethod: net.jpountz.lz4.LZ4Utils.maxCompressedLength (0x000072e47fdb8208) [0x000072e47fdb8300, 0x000072e47fdb9108] Compiler: c1, Barriers: 0, Oops: 2, ImmediateOops: 3, NonImmediateOops: No
[2,397s][debug][gc,director    ] Rule Major: Warmup 10%, Used: 362MB, UsedThreshold: 1228MB
[2,397s][debug][gc,nmethod     ] Register NMethod: java.nio.channels.spi.AbstractInterruptibleChannel$1.<init> (0x000072e47fdb9188) [0x000072e47fdb9280, 0x000072e47fdb95a8] Compiler: c1, Barriers: 3, Oops: 0, ImmediateOops: 0, NonImmediateOops: No
[2,397s][debug][gc,nmethod     ] Register NMethod: java.nio.channels.spi.AbstractInterruptibleChannel.<init> (0x000072e47fdb9608) [0x000072e47fdb9700, 0x000072e47fdb9be0] Compiler: c1, Barriers: 9, Oops: 0, ImmediateOops: 0, NonImmediateOops: No
[2,397s][debug][gc,nmethod     ] Register NMethod: com.github.benmanes.caffeine.cache.UnboundedLocalCache$UnboundedLocalAsyncCache.cache (0x000072e47fdb9c08) [0x000072e47fdb9d00, 0x000072e47fdba000] Compiler: c1, Barriers: 1, Oops: 1, ImmediateOops: 0, NonImmediateOops: No
[2,397s][debug][gc,nmethod     ] Register NMethod: java.lang.invoke.MethodHandle.invokeBasic (0x000072e49ed05c88) [0x000072e49ed05d80, 0x000072e49ed06018] Compiler: , Barriers: 0, Oops: 0, ImmediateOops: 0, NonImmediateOops: No
[2,397s][debug][gc,nmethod     ] Register NMethod: com.github.benmanes.caffeine.cache.BaseMpscLinkedArrayQueue.lvProducerIndex (0x000072e47fdba088) [0x000072e47fdba180, 0x000072e47fdbae88] Compiler: c1, Barriers: 0, Oops: 6, ImmediateOops: 5, NonImmediateOops: No
[2,398s][debug][gc,nmethod     ] Register NMethod: com.github.benmanes.caffeine.cache.BaseMpscLinkedArrayQueue.lvElement (0x000072e47fdbaf08) [0x000072e47fdbb000, 0x000072e47fdbc1c8] Compiler: c1, Barriers: 1, Oops: 8, ImmediateOops: 9, NonImmediateOops: No
[2,398s][debug][gc,nmethod     ] Register NMethod: sun.nio.fs.UnixChannelFactory.newFileChannel (0x000072e47fdbc288) [0x000072e47fdbc380, 0x000072e47fdbc4a8] Compiler: c1, Barriers: 0, Oops: 0, ImmediateOops: 0, NonImmediateOops: No
[2,398s][debug][gc,nmethod     ] Register NMethod: sun.nio.fs.UnixFileSystemProvider.newFileChannel (0x000072e47fdbc588) [0x000072e47fdbc680, 0x000072e47fdbcf88] Compiler: c1, Barriers: 0, Oops: 0, ImmediateOops: 0, NonImmediateOops: No
[2,398s][debug][gc,nmethod     ] Register NMethod: sun.nio.fs.UnixChannelFactory$Flags.<init> (0x000072e47fdbd008) [0x000072e47fdbd100, 0x000072e47fdbd258] Compiler: c1, Barriers: 0, Oops: 0, ImmediateOops: 0, NonImmediateOops: No
[2,398s][debug][gc,nmethod     ] Register NMethod: java.lang.invoke.VarHandleGuards.guard_LII_Z (0x000072e47fdbd308) [0x000072e47fdbd400, 0x000072e47fdc02d8] Compiler: c1, Barriers: 28, Oops: 0, ImmediateOops: 2, NonImmediateOops: No
[2,398s][debug][gc,nmethod     ] Register NMethod: java.io.FileDescriptor$1.set (0x000072e47fdc0308) [0x000072e47fdc0400, 0x000072e47fdc0bb0] Compiler: c1, Barriers: 4, Oops: 0, ImmediateOops: 0, NonImmediateOops: No
[2,398s][debug][gc,nmethod     ] Register NMethod: sun.nio.fs.UnixChannelFactory$Flags.toFlags (0x000072e47fdc0c08) [0x000072e47fdc0d00, 0x000072e47fdc37b8] Compiler: c1, Barriers: 1, Oops: 1, ImmediateOops: 5, NonImmediateOops: No
[2,398s][debug][gc,nmethod     ] Register NMethod: sun.nio.fs.UnixChannelFactory.newFileChannel (0x000072e47fdc3808) [0x000072e47fdc3900, 0x000072e47fdc4360] Compiler: c1, Barriers: 6, Oops: 0, ImmediateOops: 3, NonImmediateOops: No
[2,398s][debug][gc,nmethod     ] Register NMethod: java.io.FileDescriptor.set (0x000072e47fdc4388) [0x000072e47fdc4480, 0x000072e47fdc49f0] Compiler: c1, Barriers: 4, Oops: 0, ImmediateOops: 0, NonImmediateOops: No
[2,399s][debug][gc,nmethod     ] Register NMethod: java.io.FileDescriptor$1.setAppend (0x000072e47fdc4a08) [0x000072e47fdc4b00, 0x000072e47fdc4c08] Compiler: c1, Barriers: 0, Oops: 0, ImmediateOops: 0, NonImmediateOops: No
[2,399s][debug][gc,nmethod     ] Register NMethod: sun.nio.ch.FileChannelImpl.open (0x000072e47fdc4d08) [0x000072e47fdc4e00, 0x000072e47fdc4fb8] Compiler: c1, Barriers: 0, Oops: 0, ImmediateOops: 0, NonImmediateOops: No
[2,399s][debug][gc,nmethod     ] Register NMethod: java.nio.channels.FileChannel.<init> (0x000072e47fdc5008) [0x000072e47fdc5100, 0x000072e47fdc5648] Compiler: c1, Barriers: 9, Oops: 0, ImmediateOops: 0, NonImmediateOops: No
[2,399s][debug][gc,nmethod     ] Register NMethod: sun.nio.ch.FileChannelImpl.<init> (0x000072e47fdc5688) [0x000072e47fdc5780, 0x000072e47fdc68a0] Compiler: c1, Barriers: 30, Oops: 1, ImmediateOops: 2, NonImmediateOops: No
[2,399s][debug][gc,nmethod     ] Register NMethod: sun.nio.ch.NativeThreadSet.<init> (0x000072e47fdc6908) [0x000072e47fdc6a00, 0x000072e47fdc6b60] Compiler: c1, Barriers: 0, Oops: 0, ImmediateOops: 0, NonImmediateOops: No
[2,399s][debug][gc,nmethod     ] Register NMethod: sun.nio.fs.UnixChannelFactory.open (0x000072e47fdc6c08) [0x000072e47fdc6d00, 0x000072e47fdc9008] Compiler: c1, Barriers: 10, Oops: 1, ImmediateOops: 5, NonImmediateOops: No
[2,399s][debug][gc,nmethod     ] Register NMethod: sun.nio.ch.FileChannelImpl$Closer.<init> (0x000072e47fdc9088) [0x000072e47fdc9180, 0x000072e47fdc9350] Compiler: c1, Barriers: 3, Oops: 0, ImmediateOops: 0, NonImmediateOops: No
[2,399s][debug][gc,nmethod     ] Register NMethod: java.nio.channels.spi.AbstractInterruptibleChannel.close (0x000072e47fdc9388) [0x000072e47fdc9480, 0x000072e47fdc9a08] Compiler: c1, Barriers: 1, Oops: 0, ImmediateOops: 0, NonImmediateOops: No
[2,399s][debug][gc,nmethod     ] Register NMethod: java.util.zip.InflaterInputStream.read (0x000072e49ed06088) [0x000072e49ed06180, 0x000072e49ed09248] Compiler: jvmci, Barriers: 56, Oops: 1, ImmediateOops: 1, NonImmediateOops: No
[2,400s][debug][gc,nmethod     ] Register NMethod: sun.nio.ch.NativeThreadSet.signalAndWait (0x000072e47fdc9a88) [0x000072e47fdc9b80, 0x000072e47fdca6d0] Compiler: c1, Barriers: 2, Oops: 0, ImmediateOops: 0, NonImmediateOops: No
[2,400s][debug][gc,nmethod     ] Register NMethod: sun.nio.ch.FileChannelImpl.implCloseChannel (0x000072e47fdca708) [0x000072e47fdca800, 0x000072e47fdccbb8] Compiler: c1, Barriers: 8, Oops: 1, ImmediateOops: 1, NonImmediateOops: No
[2,400s][debug][gc,nmethod     ] Register NMethod: com.github.benmanes.caffeine.cache.BaseMpscLinkedArrayQueue.poll (0x000072e47fdccc08) [0x000072e47fdccd00, 0x000072e47fdd26c8] Compiler: c1, Barriers: 6, Oops: 16, ImmediateOops: 39, NonImmediateOops: No
[2,400s][debug][gc,nmethod     ] Register NMethod: io.sirix.page.KeyValueLeafPage.<init> (0x000072e47fdd2788) [0x000072e47fdd2880, 0x000072e47fdd3990] Compiler: c1, Barriers: 41, Oops: 1, ImmediateOops: 3, NonImmediateOops: No
[2,400s][debug][gc,nmethod     ] Register NMethod: io.sirix.node.delegates.StructNodeDelegate.hasFirstChild (0x000072e47fdd3a08) [0x000072e47fdd3b00, 0x000072e47fdd3e58] Compiler: c1, Barriers: 0, Oops: 1, ImmediateOops: 1, NonImmediateOops: No
[2,400s][debug][gc,nmethod     ] Register NMethod: io.sirix.node.xml.AbstractStructForwardingNode.<init> (0x000072e47fdd3e88) [0x000072e47fdd3f80, 0x000072e47fdd4198] Compiler: c1, Barriers: 0, Oops: 1, ImmediateOops: 0, NonImmediateOops: No
[2,400s][debug][gc,nmethod     ] Register NMethod: io.sirix.node.xml.AbstractStructForwardingNode.hasFirstChild (0x000072e47fdd4208) [0x000072e47fdd4300, 0x000072e47fdd48c8] Compiler: c1, Barriers: 0, Oops: 1, ImmediateOops: 1, NonImmediateOops: No
[2,400s][debug][gc,nmethod     ] Register NMethod: it.unimi.dsi.fastutil.ints.Int2IntOpenHashMap.getOrDefault (0x000072e47fdd4908) [0x000072e47fdd4a00, 0x000072e47fdd4f70] Compiler: c1, Barriers: 4, Oops: 1, ImmediateOops: 0, NonImmediateOops: No
[2,400s][debug][gc,nmethod     ] Register NMethod: io.sirix.node.HashCountEntryNode.getValue (0x000072e49ed09288) [0x000072e49ed09380, 0x000072e49ed09440] Compiler: c1, Barriers: 0, Oops: 1, ImmediateOops: 0, NonImmediateOops: No
[2,400s][debug][gc,nmethod     ] Register NMethod: io.sirix.node.xml.AbstractStructForwardingNode.getFirstChildKey (0x000072e47fdd4f88) [0x000072e47fdd5080, 0x000072e47fdd53b0] Compiler: c1, Barriers: 0, Oops: 1, ImmediateOops: 0, NonImmediateOops: No
[2,400s][debug][gc,nmethod     ] Register NMethod: sun.nio.ch.FileChannelImpl$Closer.run (0x000072e47fdd5408) [0x000072e47fdd5500, 0x000072e47fdd6230] Compiler: c1, Barriers: 5, Oops: 0, ImmediateOops: 2, NonImmediateOops: No
[2,400s][debug][gc,nmethod     ] Register NMethod: java.io.FileDescriptor$1.close (0x000072e47fdd6288) [0x000072e47fdd6380, 0x000072e47fdd6ee0] Compiler: c1, Barriers: 4, Oops: 0, ImmediateOops: 0, NonImmediateOops: No
[2,400s][debug][gc,nmethod     ] Register NMethod: com.github.benmanes.caffeine.cache.BoundedLocalCache.collectValues (0x000072e49ed09588) [0x000072e49ed09680, 0x000072e49ed09740] Compiler: c1, Barriers: 0, Oops: 1, ImmediateOops: 0, NonImmediateOops: No
[2,400s][debug][gc,nmethod     ] Register NMethod: java.lang.Class.enumConstantDirectory (0x000072e47fdd6f08) [0x000072e47fdd7000, 0x000072e47fdd8a08] Compiler: c1, Barriers: 7, Oops: 1, ImmediateOops: 2, NonImmediateOops: No
[2,401s][debug][gc,nmethod     ] Register NMethod: java.lang.runtime.ObjectMethods.hashCombiner (0x000072e47fdd8a88) [0x000072e47fdd8b80, 0x000072e47fdd8c70] Compiler: c1, Barriers: 0, Oops: 0, ImmediateOops: 0, NonImmediateOops: No
[2,401s][debug][gc,nmethod     ] Register NMethod: java.lang.Enum.valueOf (0x000072e47fdd8d88) [0x000072e47fdd8e80, 0x000072e47fdda970] Compiler: c1, Barriers: 0, Oops: 2, ImmediateOops: 4, NonImmediateOops: No
[2,401s][debug][gc,nmethod     ] Register NMethod: java.lang.invoke.LambdaForm$MH/0x00000000b329d800.invoke (0x000072e47fdda988) [0x000072e47fddaa80, 0x000072e47fddba38] Compiler: c1, Barriers: 3, Oops: 1, ImmediateOops: 0, NonImmediateOops: No
[2,401s][debug][gc,nmethod     ] Register NMethod: io.sirix.access.trx.page.NodeStorageEngineReader.getRecordPage (0x000072e47fddba88) [0x000072e47fddbb80, 0x000072e47fde70e8] Compiler: c1, Barriers: 96, Oops: 5, ImmediateOops: 16, NonImmediateOops: No
[2,401s][debug][gc,nmethod     ] Register NMethod: java.util.Collections.addAll (0x000072e47fde7188) [0x000072e47fde7280, 0x000072e47fde7688] Compiler: c1, Barriers: 1, Oops: 0, ImmediateOops: 0, NonImmediateOops: No
[2,401s][debug][gc,nmethod     ] Register NMethod: sun.nio.ch.Util.unwrapIfAlignedSlice (0x000072e47fde7708) [0x000072e47fde7800, 0x000072e47fde7f78] Compiler: c1, Barriers: 0, Oops: 0, ImmediateOops: 0, NonImmediateOops: No
[2,401s][debug][gc,nmethod     ] Register NMethod: sun.nio.ch.Util.isBufferTooLarge (0x000072e47fde7f88) [0x000072e47fde8080, 0x000072e47fde83f8] Compiler: c1, Barriers: 0, Oops: 0, ImmediateOops: 0, NonImmediateOops: No
[2,401s][debug][gc,nmethod     ] Register NMethod: sun.nio.ch.Util$BufferCache.offerFirst (0x000072e47fde8408) [0x000072e47fde8500, 0x000072e47fde89a8] Compiler: c1, Barriers: 4, Oops: 0, ImmediateOops: 0, NonImmediateOops: No
[2,401s][debug][gc,nmethod     ] Register NMethod: io.sirix.page.PageReference.equals (0x000072e47fde8a08) [0x000072e47fde8b00, 0x000072e47fde9150] Compiler: c1, Barriers: 0, Oops: 1, ImmediateOops: 0, NonImmediateOops: No
[2,401s][debug][gc,nmethod     ] Register NMethod: com.github.benmanes.caffeine.cache.BoundedLocalCache.expiry (0x000072e49ed09888) [0x000072e49ed09980, 0x000072e49ed09a48] Compiler: c1, Barriers: 0, Oops: 1, ImmediateOops: 0, NonImmediateOops: No
[2,401s][debug][gc,nmethod     ] Register NMethod: com.github.benmanes.caffeine.cache.BoundedLocalCache.keyReferenceQueue (0x000072e49ed09b88) [0x000072e49ed09c80, 0x000072e49ed09d48] Compiler: c1, Barriers: 0, Oops: 1, ImmediateOops: 0, NonImmediateOops: No
[2,401s][debug][gc,nmethod     ] Register NMethod: sun.nio.ch.Util.getTemporaryDirectBuffer (0x000072e47fde9188) [0x000072e47fde9280, 0x000072e47fdea990] Compiler: c1, Barriers: 0, Oops: 2, ImmediateOops: 9, NonImmediateOops: No
[2,401s][debug][gc,nmethod     ] Register NMethod: sun.nio.ch.Util$BufferCache.get (0x000072e47fdeaa08) [0x000072e47fdeab00, 0x000072e47fdebd90] Compiler: c1, Barriers: 9, Oops: 0, ImmediateOops: 0, NonImmediateOops: No
[2,401s][debug][gc,nmethod     ] Register NMethod: com.github.benmanes.caffeine.cache.BoundedLocalCache.valueReferenceQueue (0x000072e49ed09e88) [0x000072e49ed09f80, 0x000072e49ed0a048] Compiler: c1, Barriers: 0, Oops: 1, ImmediateOops: 0, NonImmediateOops: No
[2,402s][debug][gc,nmethod     ] Register NMethod: io.sirix.access.trx.node.AbstractResourceSession.getRevisionEpochTracker (0x000072e49ed0a188) [0x000072e49ed0a280, 0x000072e49ed0a368] Compiler: c1, Barriers: 1, Oops: 1, ImmediateOops: 0, NonImmediateOops: No
[2,402s][debug][gc,nmethod     ] Register NMethod: it.unimi.dsi.fastutil.shorts.ShortArrayList.add (0x000072e47fdebe08) [0x000072e47fdebf00, 0x000072e47fdec1d8] Compiler: c1, Barriers: 1, Oops: 1, ImmediateOops: 0, NonImmediateOops: No
[2,402s][debug][gc,nmethod     ] Register NMethod: sun.nio.ch.Util.offerFirstTemporaryDirectBuffer (0x000072e47fdec208) [0x000072e47fdec300, 0x000072e47fdee598] Compiler: c1, Barriers: 0, Oops: 2, ImmediateOops: 8, NonImmediateOops: No
[2,402s][debug][gc,nmethod     ] Register NMethod: io.sirix.page.KeyValueLeafPage.getNumberOfNonNullEntries (0x000072e49ed0a488) [0x000072e49ed0a580, 0x000072e49ed0a950] Compiler: jvmci, Barriers: 3, Oops: 1, ImmediateOops: 0, NonImmediateOops: No
[2,402s][debug][gc,nmethod     ] Register NMethod: java.nio.Buffer.checkSession (0x000072e47fdee608) [0x000072e47fdee700, 0x000072e47fdefac0] Compiler: c1, Barriers: 5, Oops: 0, ImmediateOops: 2, NonImmediateOops: No
[2,402s][debug][gc,nmethod     ] Register NMethod: java.nio.HeapByteBuffer.put (0x000072e47fdefb08) [0x000072e47fdefc00, 0x000072e47fdf1238] Compiler: c1, Barriers: 5, Oops: 0, ImmediateOops: 2, NonImmediateOops: No
[2,402s][debug][gc,nmethod     ] Register NMethod: java.nio.ByteBuffer.put (0x000072e47fdf1288) [0x000072e47fdf1380, 0x000072e47fdf2778] Compiler: c1, Barriers: 0, Oops: 0, ImmediateOops: 1, NonImmediateOops: No
[2,402s][debug][gc,nmethod     ] Register NMethod: com.github.benmanes.caffeine.cache.PSMW.getWeight (0x000072e49ed0a988) [0x000072e49ed0aa80, 0x000072e49ed0ab40] Compiler: c1, Barriers: 0, Oops: 1, ImmediateOops: 0, NonImmediateOops: No
[2,403s][debug][gc,nmethod     ] Register NMethod: java.nio.ByteBuffer.putBuffer (0x000072e47fdf2788) [0x000072e47fdf2880, 0x000072e47fdf5178] Compiler: c1, Barriers: 9, Oops: 1, ImmediateOops: 6, NonImmediateOops: No
[2,403s][debug][gc,nmethod     ] Register NMethod: java.lang.Math.addExact (0x000072e47fdf5188) [0x000072e47fdf5280, 0x000072e47fdf5468] Compiler: c1, Barriers: 0, Oops: 0, ImmediateOops: 1, NonImmediateOops: No
[2,404s][debug][gc,nmethod     ] Register NMethod: java.lang.VirtualThread.notifyJvmtiDisableSuspend (0x000072e49ed0ac88) [0x000072e49ed0ad80, 0x000072e49ed0aed0] Compiler: , Barriers: 0, Oops: 0, ImmediateOops: 1, NonImmediateOops: No
[2,404s][debug][gc,nmethod     ] Register NMethod: java.util.concurrent.ConcurrentHashMap.putVal (0x000072e47f6a9b88) [0x000072e47f6a9c80, 0x000072e47f6ac1c8] Compiler: c1, Barriers: 28, Oops: 0, ImmediateOops: 1, NonImmediateOops: No
[2,404s][debug][gc,nmethod     ] Register NMethod: java.util.concurrent.ConcurrentHashMap.putVal (0x000072e47f6a9b88) [0x000072e47f6a9c80, 0x000072e47f6ac1c8] Compiler: c1, Barriers: 28, Oops: 0, ImmediateOops: 1, NonImmediateOops: No
[2,404s][debug][gc,nmethod     ] Register NMethod: io.sirix.io.filechannel.FileChannelReader.read (0x000072e47fdf5488) [0x000072e47fdf5580, 0x000072e47fdf6f48] Compiler: c1, Barriers: 3, Oops: 1, ImmediateOops: 4, NonImmediateOops: No
[2,404s][debug][gc,nmethod     ] Register NMethod: com.google.common.base.Objects.hashCode (0x000072e47fdf6f88) [0x000072e47fdf7080, 0x000072e47fdf7240] Compiler: c1, Barriers: 0, Oops: 1, ImmediateOops: 0, NonImmediateOops: No
[2,404s][debug][gc,nmethod     ] Register NMethod: io.sirix.node.HashEntryNode.getKey (0x000072e49ed0af88) [0x000072e49ed0b080, 0x000072e49ed0b140] Compiler: c1, Barriers: 0, Oops: 1, ImmediateOops: 0, NonImmediateOops: No
[2,404s][debug][gc,nmethod     ] Register NMethod: io.sirix.node.HashEntryNode.getValue (0x000072e49ed0b288) [0x000072e49ed0b380, 0x000072e49ed0b468] Compiler: c1, Barriers: 1, Oops: 1, ImmediateOops: 0, NonImmediateOops: No
[2,404s][debug][gc,nmethod     ] Register NMethod: it.unimi.dsi.fastutil.ints.Int2IntOpenHashMap.insert (0x000072e47fdf7288) [0x000072e47fdf7380, 0x000072e47fdf7630] Compiler: c1, Barriers: 2, Oops: 1, ImmediateOops: 0, NonImmediateOops: No
[2,405s][debug][gc,nmethod     ] Register NMethod: io.sirix.node.json.ObjectKeyNode.getKind (0x000072e47fdf7688) [0x000072e47fdf7780, 0x000072e47fdf7888] Compiler: c1, Barriers: 0, Oops: 1, ImmediateOops: 1, NonImmediateOops: No
[2,405s][debug][gc,nmethod     ] Register NMethod: io.sirix.node.NodeKind.getKind (0x000072e47fdf7988) [0x000072e47fdf7a80, 0x000072e47fdf7bb8] Compiler: c1, Barriers: 1, Oops: 1, ImmediateOops: 1, NonImmediateOops: No
[2,405s][debug][gc,nmethod     ] Register NMethod: io.sirix.access.trx.node.AbstractNodeReadOnlyTrx.hasFirstChild (0x000072e47fdf7c88) [0x000072e47fdf7d80, 0x000072e47fdf85a0] Compiler: c1, Barriers: 0, Oops: 1, ImmediateOops: 1, NonImmediateOops: No
[2,406s][debug][gc,nmethod     ] Register NMethod: java.util.stream.AbstractPipeline.onClose (0x000072e47fdf8608) [0x000072e47fdf8700, 0x000072e47fdf8c78] Compiler: c1, Barriers: 5, Oops: 0, ImmediateOops: 1, NonImmediateOops: No
[2,406s][debug][gc,nmethod     ] Register NMethod: io.sirix.page.KeyValueLeafPage.getNumberOfNonNullEntries (0x000072e49ed0b588) [0x000072e49ed0b680, 0x000072e49ed0b880] Compiler: jvmci, Barriers: 2, Oops: 1, ImmediateOops: 0, NonImmediateOops: No
[2,406s][debug][gc,nmethod     ] Register NMethod: java.util.Spliterators$EmptySpliterator.characteristics (0x000072e49ed0b908) [0x000072e49ed0ba00, 0x000072e49ed0bac0] Compiler: c1, Barriers: 0, Oops: 0, ImmediateOops: 0, NonImmediateOops: No
[2,406s][debug][gc,nmethod     ] Register NMethod: java.util.stream.ReferencePipeline.anyMatch (0x000072e47fdf8c88) [0x000072e47fdf8d80, 0x000072e47fdf9498] Compiler: c1, Barriers: 0, Oops: 0, ImmediateOops: 1, NonImmediateOops: No
[2,407s][debug][gc,nmethod     ] Register NMethod: jdk.proxy3.$Proxy19.annotationType (0x000072e47fdf9508) [0x000072e47fdf9600, 0x000072e47fdf9c68] Compiler: c1, Barriers: 1, Oops: 1, ImmediateOops: 1, NonImmediateOops: No
[2,407s][debug][gc,nmethod     ] Register NMethod: jdk.proxy3.$Proxy19.equals (0x000072e47fdf9c88) [0x000072e47fdf9d80, 0x000072e47fdfa8f0] Compiler: c1, Barriers: 4, Oops: 2, ImmediateOops: 1, NonImmediateOops: No
[2,407s][debug][gc,nmethod     ] Register NMethod: jdk.proxy3.$Proxy19.hashCode (0x000072e47fdfa908) [0x000072e47fdfaa00, 0x000072e47fdfb248] Compiler: c1, Barriers: 1, Oops: 1, ImmediateOops: 1, NonImmediateOops: No
[2,407s][debug][gc,nmethod     ] Register NMethod: org.junit.platform.commons.util.AnnotationUtils$$Lambda/0x00000000b31af588.test (0x000072e47fdfb288) [0x000072e47fdfb380, 0x000072e47fdfba50] Compiler: c1, Barriers: 2, Oops: 1, ImmediateOops: 0, NonImmediateOops: No
[2,407s][debug][gc,nmethod     ] Register NMethod: org.junit.platform.commons.util.AnnotationUtils.lambda$findAnnotatedMethods$7 (0x000072e47fdfba88) [0x000072e47fdfbb80, 0x000072e47fdfbfa0] Compiler: c1, Barriers: 1, Oops: 1, ImmediateOops: 0, NonImmediateOops: No
[2,407s][debug][gc,director    ] Rule Major: Warmup 10%, Used: 364MB, UsedThreshold: 1228MB
[2,407s][debug][gc,nmethod     ] Register NMethod: java.util.Collections$UnmodifiableList.<init> (0x000072e47fdfc008) [0x000072e47fdfc100, 0x000072e47fdfc498] Compiler: c1, Barriers: 6, Oops: 0, ImmediateOops: 0, NonImmediateOops: No
[2,407s][debug][gc,nmethod     ] Register NMethod: java.util.Collections$UnmodifiableRandomAccessList.<init> (0x000072e47fdfc508) [0x000072e47fdfc600, 0x000072e47fdfc9f8] Compiler: c1, Barriers: 6, Oops: 0, ImmediateOops: 0, NonImmediateOops: No
[2,407s][debug][gc,nmethod     ] Register NMethod: java.util.Collections.unmodifiableList (0x000072e47fdfca08) [0x000072e47fdfcb00, 0x000072e47fdfd9d8] Compiler: c1, Barriers: 12, Oops: 0, ImmediateOops: 2, NonImmediateOops: No
[2,407s][debug][gc,nmethod     ] Register NMethod: java.util.stream.Streams$ConcatSpliterator$OfRef.<init> (0x000072e47fdfda08) [0x000072e47fdfdb00, 0x000072e47fdfdc30] Compiler: c1, Barriers: 0, Oops: 0, ImmediateOops: 0, NonImmediateOops: No
[2,407s][debug][gc,nmethod     ] Register NMethod: java.util.stream.Streams$2.<init> (0x000072e47fdfdd08) [0x000072e47fdfde00, 0x000072e47fdfe048] Compiler: c1, Barriers: 6, Oops: 0, ImmediateOops: 0, NonImmediateOops: No
[2,407s][debug][gc,nmethod     ] Register NMethod: java.util.stream.Streams.composedClose (0x000072e47fdfe088) [0x000072e47fdfe180, 0x000072e47fdfe460] Compiler: c1, Barriers: 6, Oops: 0, ImmediateOops: 0, NonImmediateOops: No
[2,407s][debug][gc,nmethod     ] Register NMethod: org.junit.platform.engine.support.descriptor.AbstractTestDescriptor.getChildren (0x000072e47fdfe488) [0x000072e47fdfe580, 0x000072e47fdfec48] Compiler: c1, Barriers: 4, Oops: 1, ImmediateOops: 1, NonImmediateOops: No
[2,407s][debug][gc,nmethod     ] Register NMethod: java.util.stream.Streams$ConcatSpliterator.<init> (0x000072e47fdfec88) [0x000072e47fdfed80, 0x000072e47fdff450] Compiler: c1, Barriers: 6, Oops: 0, ImmediateOops: 0, NonImmediateOops: No
[2,408s][debug][gc,nmethod     ] Register NMethod: jdk.proxy3.$Proxy22.equals (0x000072e47fdff488) [0x000072e47fdff580, 0x000072e47fe000f0] Compiler: c1, Barriers: 4, Oops: 2, ImmediateOops: 1, NonImmediateOops: No
[2,408s][debug][gc,nmethod     ] Register NMethod: java.lang.invoke.MethodHandle.invokeBasic (0x000072e49ed0bc08) [0x000072e49ed0bd00, 0x000072e49ed0bf98] Compiler: , Barriers: 0, Oops: 0, ImmediateOops: 0, NonImmediateOops: No
[2,410s][debug][gc,nmethod     ] Register NMethod: io.sirix.access.ResourceConfiguration$ResourcePaths.isFolder (0x000072e49ed0c008) [0x000072e49ed0c100, 0x000072e49ed0c1c0] Compiler: c1, Barriers: 0, Oops: 1, ImmediateOops: 0, NonImmediateOops: No
[2,411s][debug][gc,nmethod     ] Register NMethod: java.nio.ByteBuffer.position (0x000072e49ed0c308) [0x000072e49ed0c400, 0x000072e49ed0c510] Compiler: jvmci, Barriers: 0, Oops: 0, ImmediateOops: 0, NonImmediateOops: No
[2,411s][debug][gc,nmethod     ] Register NMethod: java.lang.Class.annotationData (0x000072e49ed0c608) [0x000072e49ed0c700, 0x000072e49ed0c910] Compiler: jvmci, Barriers: 6, Oops: 0, ImmediateOops: 0, NonImmediateOops: No
[2,411s][debug][gc,nmethod     ] Register NMethod: java.security.MessageDigestSpi.clone (0x000072e47fe00108) [0x000072e47fe00200, 0x000072e47fe00a58] Compiler: c1, Barriers: 5, Oops: 0, ImmediateOops: 0, NonImmediateOops: No
[2,412s][debug][gc,nmethod     ] Register NMethod: io.sirix.page.delegates.ReferencesPage4.getOffsets (0x000072e49ed0c988) [0x000072e49ed0ca80, 0x000072e49ed0cb68] Compiler: c1, Barriers: 1, Oops: 1, ImmediateOops: 0, NonImmediateOops: No
[2,412s][debug][gc,nmethod     ] Register NMethod: net.jpountz.lz4.LZ4BlockOutputStream.compressionLevel (0x000072e47fe00a88) [0x000072e47fe00b80, 0x000072e47fe028b8] Compiler: c1, Barriers: 0, Oops: 3, ImmediateOops: 4, NonImmediateOops: No
[2,412s][debug][gc,nmethod     ] Register NMethod: sun.nio.ch.UnixFileDispatcherImpl.pwrite0 (0x000072e49ed0cc88) [0x000072e49ed0cd80, 0x000072e49ed0cef8] Compiler: , Barriers: 0, Oops: 0, ImmediateOops: 1, NonImmediateOops: No
[2,413s][debug][gc,nmethod     ] Register NMethod: java.util.stream.ReferencePipeline$2$1.accept (0x000072e49ed0cf88) [0x000072e49ed0d080, 0x000072e49ed0d848] Compiler: jvmci, Barriers: 10, Oops: 1, ImmediateOops: 0, NonImmediateOops: No
[2,413s][debug][gc,nmethod     ] Register NMethod: java.lang.invoke.MethodHandle.linkToSpecial (0x000072e49ed0d888) [0x000072e49ed0d980, 0x000072e49ed0da78] Compiler: , Barriers: 0, Oops: 0, ImmediateOops: 0, NonImmediateOops: No
[2,413s][debug][gc,nmethod     ] Register NMethod: java.lang.invoke.VarHandleInts$FieldInstanceReadWrite.compareAndSet (0x000072e47fe02908) [0x000072e47fe02a00, 0x000072e47fe03430] Compiler: c1, Barriers: 1, Oops: 1, ImmediateOops: 0, NonImmediateOops: No
[2,413s][debug][gc,nmethod     ] Register NMethod: com.github.benmanes.caffeine.cache.SSLSMW.accessOrderProbationDeque (0x000072e49ed0db88) [0x000072e49ed0dc80, 0x000072e49ed0dd70] Compiler: c1, Barriers: 1, Oops: 1, ImmediateOops: 0, NonImmediateOops: No
[2,413s][debug][gc,nmethod     ] Register NMethod: com.github.benmanes.caffeine.cache.SSLSMW.setHitsInSample (0x000072e49ed0de88) [0x000072e49ed0df80, 0x000072e49ed0e040] Compiler: c1, Barriers: 0, Oops: 1, ImmediateOops: 0, NonImmediateOops: No
[2,414s][debug][gc,nmethod     ] Register NMethod: java.lang.invoke.MethodHandle.linkToSpecial (0x000072e49ed0e188) [0x000072e49ed0e280, 0x000072e49ed0e378] Compiler: , Barriers: 0, Oops: 0, ImmediateOops: 0, NonImmediateOops: No
[2,414s][debug][gc,nmethod     ] Register NMethod: java.lang.invoke.MethodHandle.invokeBasic (0x000072e49ed0e488) [0x000072e49ed0e580, 0x000072e49ed0e818] Compiler: , Barriers: 0, Oops: 0, ImmediateOops: 0, NonImmediateOops: No
[2,414s][debug][gc,nmethod     ] Register NMethod: java.lang.invoke.MethodHandle.linkToSpecial (0x000072e49ed0e888) [0x000072e49ed0e980, 0x000072e49ed0ea78] Compiler: , Barriers: 0, Oops: 0, ImmediateOops: 0, NonImmediateOops: No
[2,415s][debug][gc,nmethod     ] Register NMethod: java.lang.invoke.DirectMethodHandle$Holder.newInvokeSpecial (0x000072e49ed0eb88) [0x000072e49ed0ec80, 0x000072e49ed0f040] Compiler: jvmci, Barriers: 3, Oops: 0, ImmediateOops: 1, NonImmediateOops: No
[2,415s][debug][gc,nmethod     ] Register NMethod: jdk.internal.classfile.impl.RawBytecodeHelper.getIndex (0x000072e47fe03488) [0x000072e47fe03580, 0x000072e47fe04080] Compiler: c1, Barriers: 2, Oops: 0, ImmediateOops: 0, NonImmediateOops: No
[2,416s][debug][gc,nmethod     ] Register NMethod: java.lang.System$1.uncheckedDecodeASCII (0x000072e47fe04088) [0x000072e47fe04180, 0x000072e47fe042c0] Compiler: c1, Barriers: 0, Oops: 0, ImmediateOops: 0, NonImmediateOops: No
[2,416s][debug][gc,nmethod     ] Register NMethod: sun.nio.cs.UTF_8$Decoder.decodeLoop (0x000072e47fe04388) [0x000072e47fe04480, 0x000072e47fe04c08] Compiler: c1, Barriers: 2, Oops: 0, ImmediateOops: 0, NonImmediateOops: No
[2,416s][debug][gc,nmethod     ] Register NMethod: java.lang.String.decodeASCII (0x000072e47fe04c88) [0x000072e47fe04d80, 0x000072e47fe05010] Compiler: c1, Barriers: 0, Oops: 0, ImmediateOops: 0, NonImmediateOops: No
[2,416s][debug][gc,nmethod     ] Register NMethod: sun.nio.cs.UTF_8$Decoder.xflow (0x000072e47fe05088) [0x000072e47fe05180, 0x000072e47fe05bb0] Compiler: c1, Barriers: 0, Oops: 0, ImmediateOops: 2, NonImmediateOops: No
[2,416s][debug][gc,nmethod     ] Register NMethod: com.github.benmanes.caffeine.cache.SSLSMW.mainProtectedMaximum (0x000072e49ed0f088) [0x000072e49ed0f180, 0x000072e49ed0f240] Compiler: c1, Barriers: 0, Oops: 1, ImmediateOops: 0, NonImmediateOops: No
[2,416s][debug][gc,nmethod     ] Register NMethod: com.github.benmanes.caffeine.cache.SSLSMW.setPreviousSampleHitRate (0x000072e49ed0f388) [0x000072e49ed0f480, 0x000072e49ed0f540] Compiler: c1, Barriers: 0, Oops: 1, ImmediateOops: 0, NonImmediateOops: No
[2,416s][debug][gc,nmethod     ] Register NMethod: java.nio.charset.CharsetDecoder.decode (0x000072e47fe05c08) [0x000072e47fe05d00, 0x000072e47fe091f0] Compiler: c1, Barriers: 6, Oops: 0, ImmediateOops: 5, NonImmediateOops: No
[2,416s][debug][gc,nmethod     ] Register NMethod: com.github.benmanes.caffeine.cache.SSLSMW.mainProtectedWeightedSize (0x000072e49ed0f688) [0x000072e49ed0f780, 0x000072e49ed0f840] Compiler: c1, Barriers: 0, Oops: 1, ImmediateOops: 0, NonImmediateOops: No
[2,416s][debug][gc,nmethod     ] Register NMethod: com.github.benmanes.caffeine.cache.SSLSMW.adjustment (0x000072e49ed0f988) [0x000072e49ed0fa80, 0x000072e49ed0fb40] Compiler: c1, Barriers: 0, Oops: 1, ImmediateOops: 0, NonImmediateOops: No
[2,417s][debug][gc,nmethod     ] Register NMethod: java.util.concurrent.ForkJoinTask.getAndBitwiseOrStatus (0x000072e47fe09208) [0x000072e47fe09300, 0x000072e47fe098f8] Compiler: c1, Barriers: 0, Oops: 1, ImmediateOops: 2, NonImmediateOops: No
[2,417s][debug][gc,nmethod     ] Register NMethod: java.util.concurrent.ForkJoinTask.signalWaiters (0x000072e47fe09908) [0x000072e47fe09a00, 0x000072e47fe0acc0] Compiler: c1, Barriers: 4, Oops: 0, ImmediateOops: 2, NonImmediateOops: No
[2,417s][debug][gc,nmethod     ] Register NMethod: jdk.internal.misc.Unsafe.putLongVolatile (0x000072e49ed0fc88) [0x000072e49ed0fd80, 0x000072e49ed0fed8] Compiler: , Barriers: 0, Oops: 0, ImmediateOops: 0, NonImmediateOops: No
[2,417s][debug][gc,nmethod     ] Register NMethod: com.github.benmanes.caffeine.cache.PS.getKeyReference (0x000072e47fe0ad08) [0x000072e47fe0ae00, 0x000072e47fe0bfd8] Compiler: c1, Barriers: 1, Oops: 7, ImmediateOops: 8, NonImmediateOops: No
[2,417s][debug][gc,director    ] Rule Major: Warmup 10%, Used: 368MB, UsedThreshold: 1228MB
[2,417s][debug][gc,nmethod     ] Register NMethod: io.sirix.page.PageReference.setDatabaseId (0x000072e49ed0ff88) [0x000072e49ed10080, 0x000072e49ed10110] Compiler: jvmci, Barriers: 0, Oops: 1, ImmediateOops: 0, NonImmediateOops: No
[2,417s][debug][gc,nmethod     ] Register NMethod: io.sirix.page.PageReference.setResourceId (0x000072e49ed10288) [0x000072e49ed10380, 0x000072e49ed10410] Compiler: jvmci, Barriers: 0, Oops: 1, ImmediateOops: 0, NonImmediateOops: No
[2,418s][debug][gc,nmethod     ] Register NMethod: java.util.concurrent.ConcurrentHashMap.replaceNode (0x000072e47fa6d108) [0x000072e47fa6d200, 0x000072e47fa6f588] Compiler: c1, Barriers: 18, Oops: 0, ImmediateOops: 1, NonImmediateOops: No
[2,418s][debug][gc,nmethod     ] Register NMethod: java.util.concurrent.ConcurrentHashMap.replaceNode (0x000072e47fa6d108) [0x000072e47fa6d200, 0x000072e47fa6f588] Compiler: c1, Barriers: 18, Oops: 0, ImmediateOops: 1, NonImmediateOops: No
[2,418s][debug][gc,nmethod     ] Register NMethod: java.util.concurrent.ConcurrentHashMap.replaceNode (0x000072e47fa6d108) [0x000072e47fa6d200, 0x000072e47fa6f588] Compiler: c1, Barriers: 18, Oops: 0, ImmediateOops: 1, NonImmediateOops: No
[2,418s][debug][gc,nmethod     ] Register NMethod: sun.nio.cs.UTF_8$Decoder.decodeArrayLoop (0x000072e47fe0c088) [0x000072e47fe0c180, 0x000072e47fe16070] Compiler: c1, Barriers: 2, Oops: 1, ImmediateOops: 10, NonImmediateOops: No
[2,418s][debug][gc,nmethod     ] Register NMethod: java.util.concurrent.ConcurrentHashMap.replaceNode (0x000072e47fa6d108) [0x000072e47fa6d200, 0x000072e47fa6f588] Compiler: c1, Barriers: 18, Oops: 0, ImmediateOops: 1, NonImmediateOops: No
[2,418s][debug][gc,nmethod     ] Register NMethod: java.lang.invoke.VarHandleGuards.guard_LI_V (0x000072e47fe16088) [0x000072e47fe16180, 0x000072e47fe1ad28] Compiler: c1, Barriers: 46, Oops: 1, ImmediateOops: 6, NonImmediateOops: No
[2,419s][debug][gc,nmethod     ] Register NMethod: java.util.concurrent.ConcurrentHashMap.transfer (0x000072e49ed10588) [0x000072e49ed10680, 0x000072e49ed12108] Compiler: jvmci, Barriers: 71, Oops: 1, ImmediateOops: 0, NonImmediateOops: No
[2,420s][debug][gc,nmethod     ] Register NMethod: io.sirix.axis.AbstractAxis.resetToLastKey (0x000072e47fe1ad88) [0x000072e47fe1ae80, 0x000072e47fe1b438] Compiler: c1, Barriers: 2, Oops: 1, ImmediateOops: 0, NonImmediateOops: No
[2,420s][debug][gc,nmethod     ] Register NMethod: io.sirix.index.path.summary.PathNode.getName (0x000072e49ed12188) [0x000072e49ed12280, 0x000072e49ed12368] Compiler: c1, Barriers: 1, Oops: 1, ImmediateOops: 0, NonImmediateOops: No
[2,420s][debug][gc,nmethod     ] Register NMethod: io.sirix.node.json.ArrayNode.getNodeKey (0x000072e49ed12488) [0x000072e49ed12580, 0x000072e49ed12640] Compiler: c1, Barriers: 0, Oops: 1, ImmediateOops: 0, NonImmediateOops: No
[2,420s][debug][gc,nmethod     ] Register NMethod: io.sirix.node.json.ObjectStringNode.getNodeKey (0x000072e49ed12788) [0x000072e49ed12880, 0x000072e49ed12940] Compiler: c1, Barriers: 0, Oops: 1, ImmediateOops: 0, NonImmediateOops: No
[2,420s][debug][gc,nmethod     ] Register NMethod: io.brackit.query.atomic.QNm.getPrefix (0x000072e49ed12a88) [0x000072e49ed12b80, 0x000072e49ed12c68] Compiler: c1, Barriers: 1, Oops: 1, ImmediateOops: 0, NonImmediateOops: No
[2,421s][debug][gc,nmethod     ] Register NMethod: it.unimi.dsi.fastutil.longs.LongArrayList.isEmpty (0x000072e47fe1b488) [0x000072e47fe1b580, 0x000072e47fe1b6d0] Compiler: c1, Barriers: 0, Oops: 1, ImmediateOops: 0, NonImmediateOops: No
[2,421s][debug][gc,nmethod     ] Register NMethod: io.sirix.access.trx.page.NodeStorageEngineWriter.getRevisionNumber (0x000072e47fe1b788) [0x000072e47fe1b880, 0x000072e47fe1bf00] Compiler: c1, Barriers: 2, Oops: 1, ImmediateOops: 1, NonImmediateOops: No
[2,421s][debug][gc,nmethod     ] Register NMethod: com.google.gson.stream.JsonReader.peek (0x000072e47fe1bf88) [0x000072e47fe1c080, 0x000072e47fe1c618] Compiler: c1, Barriers: 0, Oops: 1, ImmediateOops: 10, NonImmediateOops: No
[2,421s][debug][gc,nmethod     ] Register NMethod: io.sirix.access.trx.node.json.ForwardingJsonNodeReadOnlyTrx.getNodeKey (0x000072e47fe1c688) [0x000072e47fe1c780, 0x000072e47fe1cd78] Compiler: c1, Barriers: 1, Oops: 1, ImmediateOops: 0, NonImmediateOops: No
[2,421s][debug][gc,nmethod     ] Register NMethod: io.sirix.axis.AbstractAxis.tryToComputeNext (0x000072e47fe1cd88) [0x000072e47fe1ce80, 0x000072e47fe1d5b0] Compiler: c1, Barriers: 10, Oops: 1, ImmediateOops: 5, NonImmediateOops: No
[2,421s][debug][gc,nmethod     ] Register NMethod: io.sirix.access.trx.node.AbstractNodeReadOnlyTrx.hasRightSibling (0x000072e47fe1d608) [0x000072e47fe1d700, 0x000072e47fe1df20] Compiler: c1, Barriers: 0, Oops: 1, ImmediateOops: 1, NonImmediateOops: No
[2,422s][debug][gc,nmethod     ] Register NMethod: jdk.internal.misc.Unsafe.putLongUnaligned (0x000072e49ed12d88) [0x000072e49ed12e80, 0x000072e49ed12f40] Compiler: jvmci, Barriers: 0, Oops: 0, ImmediateOops: 0, NonImmediateOops: No
[2,422s][debug][gc,nmethod     ] Register NMethod: io.sirix.node.RevisionReferencesNode.getNodeKey (0x000072e49ed13088) [0x000072e49ed13180, 0x000072e49ed13240] Compiler: c1, Barriers: 0, Oops: 1, ImmediateOops: 0, NonImmediateOops: No
[2,422s][debug][gc,nmethod     ] Register NMethod: io.sirix.node.delegates.NameNodeDelegate.getLocalNameKey (0x000072e49ed13388) [0x000072e49ed13480, 0x000072e49ed13540] Compiler: c1, Barriers: 0, Oops: 1, ImmediateOops: 0, NonImmediateOops: No
[2,422s][debug][gc,nmethod     ] Register NMethod: io.sirix.node.json.ObjectKeyNode.getFirstChildKey (0x000072e47fe1df88) [0x000072e47fe1e080, 0x000072e47fe23070] Compiler: c1, Barriers: 19, Oops: 7, ImmediateOops: 11, NonImmediateOops: No
[2,423s][debug][gc,nmethod     ] Register NMethod: com.google.gson.stream.JsonReader.nextQuotedValue (0x000072e49ed13688) [0x000072e49ed13780, 0x000072e49ed13e58] Compiler: jvmci, Barriers: 3, Oops: 2, ImmediateOops: 0, NonImmediateOops: No
[2,423s][debug][gc,nmethod     ] Register NMethod: java.io.OutputStream.flush (0x000072e49ed13e88) [0x000072e49ed13f80, 0x000072e49ed14000] Compiler: jvmci, Barriers: 0, Oops: 0, ImmediateOops: 0, NonImmediateOops: No
[2,423s][debug][gc,nmethod     ] Register NMethod: jdk.internal.foreign.Utils$BaseAndScale$$TypeSwitch/0x00000000b32257f0.typeSwitch (0x000072e49ed14188) [0x000072e49ed14280, 0x000072e49ed14378] Compiler: jvmci, Barriers: 0, Oops: 0, ImmediateOops: 0, NonImmediateOops: No
[2,425s][debug][gc,nmethod     ] Register NMethod: com.github.benmanes.caffeine.cache.UnboundedLocalCache.statsTicker (0x000072e49ed14488) [0x000072e49ed14580, 0x000072e49ed14668] Compiler: c1, Barriers: 1, Oops: 1, ImmediateOops: 0, NonImmediateOops: No
[2,426s][debug][gc,nmethod     ] Register NMethod: com.github.benmanes.caffeine.cache.BoundedLocalCache.skipReadBuffer (0x000072e47fe23108) [0x000072e47fe23200, 0x000072e47fe23a18] Compiler: c1, Barriers: 1, Oops: 1, ImmediateOops: 0, NonImmediateOops: No
[2,426s][debug][gc,nmethod     ] Register NMethod: java.util.concurrent.ForkJoinPool.poolSubmit (0x000072e47fe23a88) [0x000072e47fe23b80, 0x000072e47fe24610] Compiler: c1, Barriers: 4, Oops: 1, ImmediateOops: 2, NonImmediateOops: No
[2,426s][debug][gc,nmethod     ] Register NMethod: java.util.concurrent.ForkJoinPool.execute (0x000072e47fe24688) [0x000072e47fe24780, 0x000072e47fe252b8] Compiler: c1, Barriers: 3, Oops: 0, ImmediateOops: 0, NonImmediateOops: No
[2,426s][debug][gc,nmethod     ] Register NMethod: java.util.concurrent.ForkJoinPool.deactivate (0x000072e47fe25308) [0x000072e47fe25400, 0x000072e47fe25ea8] Compiler: c1, Barriers: 4, Oops: 0, ImmediateOops: 0, NonImmediateOops: No
[2,426s][debug][gc,nmethod     ] Register NMethod: java.lang.invoke.VarHandleGuards.guard_LJ_J (0x000072e49ed14788) [0x000072e49ed14880, 0x000072e49ed15110] Compiler: jvmci, Barriers: 26, Oops: 0, ImmediateOops: 5, NonImmediateOops: No
[2,426s][debug][gc,nmethod     ] Register NMethod: java.util.concurrent.ConcurrentHashMap.replaceNode (0x000072e47fe25f08) [0x000072e47fe26000, 0x000072e47fe285f0] Compiler: c1, Barriers: 18, Oops: 0, ImmediateOops: 1, NonImmediateOops: No
[2,426s][debug][gc,nmethod     ] Register NMethod: io.sirix.page.KeyValueLeafPage.setSlot (0x000072e47fe28608) [0x000072e47fe28700, 0x000072e47fe288a8] Compiler: c1, Barriers: 2, Oops: 1, ImmediateOops: 0, NonImmediateOops: No
[2,427s][debug][gc,nmethod     ] Register NMethod: java.util.BitSet.nextSetBit (0x000072e47fe28908) [0x000072e47fe28a00, 0x000072e47fe299f0] Compiler: c1, Barriers: 1, Oops: 1, ImmediateOops: 2, NonImmediateOops: No
[2,427s][debug][gc,director    ] Rule Major: Warmup 10%, Used: 370MB, UsedThreshold: 1228MB
[2,427s][debug][gc,nmethod     ] Register NMethod: io.sirix.access.trx.page.NodeStorageEngineReader.getMostRecentPage (0x000072e47fe29a08) [0x000072e47fe29b00, 0x000072e47fe2a418] Compiler: c1, Barriers: 11, Oops: 1, ImmediateOops: 1, NonImmediateOops: No
[2,427s][debug][gc,nmethod     ] Register NMethod: it.unimi.dsi.fastutil.ints.Int2ObjectOpenHashMap.get (0x000072e47fe2a488) [0x000072e47fe2a580, 0x000072e47fe2abf0] Compiler: c1, Barriers: 10, Oops: 1, ImmediateOops: 0, NonImmediateOops: No
[2,427s][debug][gc,nmethod     ] Register NMethod: sun.nio.fs.UnixPath.normalizeAndCheck (0x000072e49ed15188) [0x000072e49ed15280, 0x000072e49ed15a38] Compiler: jvmci, Barriers: 1, Oops: 0, ImmediateOops: 0, NonImmediateOops: No
[2,427s][debug][gc,nmethod     ] Register NMethod: java.lang.invoke.MethodHandle.invokeBasic (0x000072e49ed15a88) [0x000072e49ed15b80, 0x000072e49ed15e18] Compiler: , Barriers: 0, Oops: 0, ImmediateOops: 0, NonImmediateOops: No
[2,427s][debug][gc,nmethod     ] Register NMethod: java.lang.invoke.MethodHandle.linkToSpecial (0x000072e49ed15e88) [0x000072e49ed15f80, 0x000072e49ed16078] Compiler: , Barriers: 0, Oops: 0, ImmediateOops: 0, NonImmediateOops: No
[2,428s][debug][gc,nmethod     ] Register NMethod: jdk.internal.classfile.impl.RawBytecodeHelper.isWide (0x000072e47fe2ac08) [0x000072e47fe2ad00, 0x000072e47fe2ae58] Compiler: c1, Barriers: 0, Oops: 0, ImmediateOops: 0, NonImmediateOops: No
[2,428s][debug][gc,nmethod     ] Register NMethod: jdk.internal.classfile.impl.AbstractAttributeMapper$RuntimeVisibleAnnotationsMapper.writeBody (0x000072e47fe2af08) [0x000072e47fe2b000, 0x000072e47fe2b1d0] Compiler: c1, Barriers: 1, Oops: 0, ImmediateOops: 0, NonImmediateOops: No
[2,428s][debug][gc,nmethod     ] Register NMethod: jdk.internal.classfile.impl.AbstractAttributeMapper$RuntimeVisibleAnnotationsMapper.writeBody (0x000072e47fe2b208) [0x000072e47fe2b300, 0x000072e47fe2b900] Compiler: c1, Barriers: 1, Oops: 0, ImmediateOops: 0, NonImmediateOops: No
[2,428s][debug][gc,nmethod     ] Register NMethod: jdk.internal.misc.Unsafe.putIntRelease (0x000072e47fe2b908) [0x000072e47fe2ba00, 0x000072e47fe2bb08] Compiler: c1, Barriers: 0, Oops: 0, ImmediateOops: 0, NonImmediateOops: No
[2,428s][debug][gc,nmethod     ] Register NMethod: java.lang.invoke.VarHandleInts$FieldInstanceReadWrite.setRelease (0x000072e47fe2bc08) [0x000072e47fe2bd00, 0x000072e47fe2c900] Compiler: c1, Barriers: 1, Oops: 1, ImmediateOops: 1, NonImmediateOops: No
[2,429s][debug][gc,nmethod     ] Register NMethod: com.github.benmanes.caffeine.cache.BLCHeader$DrainStatusRef.setDrainStatusRelease (0x000072e47fe2c988) [0x000072e47fe2ca80, 0x000072e47fe2d8e0] Compiler: c1, Barriers: 0, Oops: 6, ImmediateOops: 6, NonImmediateOops: No
[2,429s][debug][gc,nmethod     ] Register NMethod: java.lang.Character.digit (0x000072e47fe2d988) [0x000072e47fe2da80, 0x000072e47fe2de08] Compiler: c1, Barriers: 0, Oops: 0, ImmediateOops: 0, NonImmediateOops: No
[2,429s][debug][gc,nmethod     ] Register NMethod: java.lang.Character.digit (0x000072e47fe2de88) [0x000072e47fe2df80, 0x000072e47fe2e2b0] Compiler: c1, Barriers: 0, Oops: 0, ImmediateOops: 0, NonImmediateOops: No
[2,429s][debug][gc,nmethod     ] Register NMethod: com.sun.org.apache.xerces.internal.xni.QName.clear (0x000072e47fe2e308) [0x000072e47fe2e400, 0x000072e47fe2e700] Compiler: c1, Barriers: 12, Oops: 0, ImmediateOops: 0, NonImmediateOops: No
[2,429s][debug][gc,nmethod     ] Register NMethod: java.lang.CharacterDataLatin1.digit (0x000072e47fe2e708) [0x000072e47fe2e800, 0x000072e47fe2ea18] Compiler: c1, Barriers: 0, Oops: 0, ImmediateOops: 1, NonImmediateOops: No
[2,429s][debug][gc,nmethod     ] Register NMethod: java.lang.System.checkKey (0x000072e47fe2ea88) [0x000072e47fe2eb80, 0x000072e47fe2f0e8] Compiler: c1, Barriers: 1, Oops: 0, ImmediateOops: 2, NonImmediateOops: No
[2,429s][debug][gc,nmethod     ] Register NMethod: com.sun.org.apache.xerces.internal.xni.QName.<init> (0x000072e47fe2f108) [0x000072e47fe2f200, 0x000072e47fe2f5c8] Compiler: c1, Barriers: 12, Oops: 0, ImmediateOops: 0, NonImmediateOops: No
[2,429s][debug][gc,nmethod     ] Register NMethod: java.lang.Enum.compareTo (0x000072e47fe2f608) [0x000072e47fe2f700, 0x000072e47fe30a20] Compiler: c1, Barriers: 4, Oops: 0, ImmediateOops: 2, NonImmediateOops: No
[2,429s][debug][gc,nmethod     ] Register NMethod: jdk.xml.internal.XMLSecurityPropertyManager$Property.equalsName (0x000072e47fe30a88) [0x000072e47fe30b80, 0x000072e47fe311b0] Compiler: c1, Barriers: 2, Oops: 0, ImmediateOops: 0, NonImmediateOops: No
[2,430s][debug][gc,nmethod     ] Register NMethod: com.google.gson.stream.JsonWriter.beforeValue (0x000072e47fe31208) [0x000072e47fe31300, 0x000072e47fe31fd8] Compiler: c1, Barriers: 5, Oops: 1, ImmediateOops: 3, NonImmediateOops: No
[2,430s][debug][gc,nmethod     ] Register NMethod: java.io.FileInputStream.read (0x000072e47fe32008) [0x000072e47fe32100, 0x000072e47fe32358] Compiler: c1, Barriers: 0, Oops: 0, ImmediateOops: 1, NonImmediateOops: No
[2,431s][debug][gc,nmethod     ] Register NMethod: io.sirix.page.UberPage.isBootstrap (0x000072e49ed16188) [0x000072e49ed16280, 0x000072e49ed16340] Compiler: c1, Barriers: 0, Oops: 1, ImmediateOops: 0, NonImmediateOops: No
[2,431s][debug][gc,nmethod     ] Register NMethod: io.sirix.access.trx.page.NodeStorageEngineWriter$IndexLogKeyToPageContainer.<init> (0x000072e47fe32388) [0x000072e47fe32480, 0x000072e47fe32730] Compiler: c1, Barriers: 6, Oops: 1, ImmediateOops: 0, NonImmediateOops: No
[2,431s][debug][gc,nmethod     ] Register NMethod: java.nio.Buffer.nextPutIndex (0x000072e47fe32788) [0x000072e47fe32880, 0x000072e47fe32a40] Compiler: c1, Barriers: 0, Oops: 0, ImmediateOops: 0, NonImmediateOops: No
[2,431s][debug][gc,nmethod     ] Register NMethod: java.util.stream.ReferencePipeline.makeNodeBuilder (0x000072e47fe32a88) [0x000072e47fe32b80, 0x000072e47fe32cb8] Compiler: c1, Barriers: 0, Oops: 0, ImmediateOops: 0, NonImmediateOops: No
[2,431s][debug][gc,nmethod     ] Register NMethod: java.util.stream.SpinedBuffer.<init> (0x000072e47fe32d88) [0x000072e47fe32e80, 0x000072e47fe33148] Compiler: c1, Barriers: 3, Oops: 0, ImmediateOops: 0, NonImmediateOops: No
[2,431s][debug][gc,nmethod     ] Register NMethod: java.util.stream.AbstractSpinedBuffer.<init> (0x000072e47fe33188) [0x000072e47fe33280, 0x000072e47fe333e0] Compiler: c1, Barriers: 0, Oops: 0, ImmediateOops: 0, NonImmediateOops: No
[2,432s][debug][gc,nmethod     ] Register NMethod: java.nio.HeapByteBuffer.put (0x000072e47fe33488) [0x000072e47fe33580, 0x000072e47fe33a38] Compiler: c1, Barriers: 1, Oops: 0, ImmediateOops: 0, NonImmediateOops: No
[2,432s][debug][gc,nmethod     ] Register NMethod: java.util.stream.Nodes.builder (0x000072e47fe33a88) [0x000072e47fe33b80, 0x000072e47fe34158] Compiler: c1, Barriers: 3, Oops: 0, ImmediateOops: 0, NonImmediateOops: No
[2,434s][debug][gc,nmethod     ] Register NMethod: sun.nio.fs.UnixPath.hashCode (0x000072e47fe34188) [0x000072e47fe34280, 0x000072e47fe34440] Compiler: c1, Barriers: 1, Oops: 0, ImmediateOops: 0, NonImmediateOops: No
[2,435s][debug][gc,nmethod     ] Register NMethod: java.util.concurrent.ForkJoinTask$InterruptibleTask.postExec (0x000072e49ed16488) [0x000072e49ed16580, 0x000072e49ed16640] Compiler: c1, Barriers: 0, Oops: 0, ImmediateOops: 0, NonImmediateOops: No
[2,435s][debug][gc,nmethod     ] Register NMethod: java.util.concurrent.ForkJoinPool.awaitWork (0x000072e47fe34488) [0x000072e47fe34580, 0x000072e47fe35290] Compiler: c1, Barriers: 2, Oops: 0, ImmediateOops: 1, NonImmediateOops: No
[2,435s][debug][gc,nmethod     ] Register NMethod: jdk.internal.misc.Unsafe.weakCompareAndSetLongRelease (0x000072e47fe35308) [0x000072e47fe35400, 0x000072e47fe35520] Compiler: c1, Barriers: 0, Oops: 0, ImmediateOops: 0, NonImmediateOops: No
[2,435s][debug][gc,nmethod     ] Register NMethod: com.github.benmanes.caffeine.cache.BLCHeader$DrainStatusRef.casDrainStatus (0x000072e47fe35608) [0x000072e47fe35700, 0x000072e47fe36350] Compiler: c1, Barriers: 0, Oops: 6, ImmediateOops: 5, NonImmediateOops: No
[2,435s][debug][gc,nmethod     ] Register NMethod: java.lang.invoke.VarHandleLongs$FieldInstanceReadWrite.weakCompareAndSetRelease (0x000072e47fe36388) [0x000072e47fe36480, 0x000072e47fe370a8] Compiler: c1, Barriers: 1, Oops: 1, ImmediateOops: 1, NonImmediateOops: No
[2,435s][debug][gc,nmethod     ] Register NMethod: java.util.concurrent.atomic.Striped64.casBase (0x000072e47fe37108) [0x000072e47fe37200, 0x000072e47fe38070] Compiler: c1, Barriers: 0, Oops: 5, ImmediateOops: 6, NonImmediateOops: No
[2,435s][debug][gc,nmethod     ] Register NMethod: java.util.concurrent.atomic.LongAdder.add (0x000072e47fe38108) [0x000072e47fe38200, 0x000072e47fe38b78] Compiler: c1, Barriers: 3, Oops: 1, ImmediateOops: 2, NonImmediateOops: No
[2,437s][debug][gc,nmethod     ] Register NMethod: io.sirix.page.KeyValueLeafPage.getDeweyIdAsByteArray (0x000072e47fe38b88) [0x000072e47fe38c80, 0x000072e47fe39208] Compiler: c1, Barriers: 0, Oops: 1, ImmediateOops: 1, NonImmediateOops: No
[2,437s][debug][gc,nmethod     ] Register NMethod: io.sirix.node.NodeSerializerImpl.deserialize (0x000072e47fe39288) [0x000072e47fe39380, 0x000072e47fe397e8] Compiler: c1, Barriers: 1, Oops: 1, ImmediateOops: 1, NonImmediateOops: No
[2,437s][debug][gc,nmethod     ] Register NMethod: java.util.concurrent.ForkJoinWorkerThread.resetThreadLocals (0x000072e47fe39808) [0x000072e47fe39900, 0x000072e47fe39dd0] Compiler: c1, Barriers: 8, Oops: 0, ImmediateOops: 0, NonImmediateOops: No
[2,437s][debug][gc,director    ] Rule Major: Warmup 10%, Used: 374MB, UsedThreshold: 1228MB
[2,437s][debug][gc,nmethod     ] Register NMethod: io.sirix.settings.VersioningType$4.combineRecordPages (0x000072e47fe39e08) [0x000072e47fe39f00, 0x000072e47fe3ea60] Compiler: c1, Barriers: 8, Oops: 1, ImmediateOops: 0, NonImmediateOops: No
[2,437s][debug][gc,nmethod     ] Register NMethod: java.lang.Record.<init> (0x000072e49ed16788) [0x000072e49ed16880, 0x000072e49ed16900] Compiler: jvmci, Barriers: 0, Oops: 0, ImmediateOops: 0, NonImmediateOops: No
[2,438s][debug][gc,nmethod     ] Register NMethod: com.sun.org.apache.xerces.internal.util.XMLChar.isContent (0x000072e47fe3ea88) [0x000072e47fe3eb80, 0x000072e47fe3ed68] Compiler: c1, Barriers: 0, Oops: 0, ImmediateOops: 1, NonImmediateOops: No
[2,438s][debug][gc,nmethod     ] Register NMethod: io.sirix.node.xml.ElementNode.getKind (0x000072e47fe3ed88) [0x000072e47fe3ee80, 0x000072e47fe3ef88] Compiler: c1, Barriers: 0, Oops: 1, ImmediateOops: 1, NonImmediateOops: No
[2,438s][debug][gc,nmethod     ] Register NMethod: com.sun.xml.internal.stream.events.DummyEvent.getEventType (0x000072e49ed16a88) [0x000072e49ed16b80, 0x000072e49ed16c40] Compiler: c1, Barriers: 0, Oops: 0, ImmediateOops: 0, NonImmediateOops: No
[2,438s][debug][gc,nmethod     ] Register NMethod: com.sun.org.apache.xerces.internal.impl.XMLStreamReaderImpl.hasNext (0x000072e47fe3f088) [0x000072e47fe3f180, 0x000072e47fe3f328] Compiler: c1, Barriers: 0, Oops: 0, ImmediateOops: 0, NonImmediateOops: No
[2,438s][debug][gc,nmethod     ] Register NMethod: jdk.xml.internal.XMLSecurityManager.getIndex (0x000072e47fe3f388) [0x000072e47fe3f480, 0x000072e47fe40688] Compiler: c1, Barriers: 3, Oops: 0, ImmediateOops: 2, NonImmediateOops: No
[2,439s][debug][gc,nmethod     ] Register NMethod: java.util.HashMap.<init> (0x000072e49ed16d88) [0x000072e49ed16ea0, 0x000072e49ed16f30] Compiler: jvmci, Barriers: 0, Oops: 0, ImmediateOops: 0, NonImmediateOops: No
[2,439s][debug][gc,nmethod     ] Register NMethod: io.sirix.axis.AbstractAxis.getStartKey (0x000072e49ed17088) [0x000072e49ed17180, 0x000072e49ed17240] Compiler: c1, Barriers: 0, Oops: 1, ImmediateOops: 0, NonImmediateOops: No
[2,439s][debug][gc,nmethod     ] Register NMethod: io.sirix.node.xml.TextNode.getNodeKey (0x000072e49ed17388) [0x000072e49ed17480, 0x000072e49ed17540] Compiler: c1, Barriers: 0, Oops: 1, ImmediateOops: 0, NonImmediateOops: No
[2,439s][debug][gc,nmethod     ] Register NMethod: io.sirix.node.delegates.NameNodeDelegate.getURIKey (0x000072e49ed17688) [0x000072e49ed17780, 0x000072e49ed17840] Compiler: c1, Barriers: 0, Oops: 1, ImmediateOops: 0, NonImmediateOops: No
[2,441s][debug][gc,nmethod     ] Register NMethod: sun.nio.fs.UnixFileAttributes.<init> (0x000072e47fe40708) [0x000072e47fe40800, 0x000072e47fe40958] Compiler: c1, Barriers: 0, Oops: 0, ImmediateOops: 0, NonImmediateOops: No
[2,442s][debug][gc,nmethod     ] Register NMethod: java.lang.invoke.VarHandleSegmentAsLongs.get (0x000072e49ed17988) [0x000072e49ed17a80, 0x000072e49ed180e8] Compiler: jvmci, Barriers: 4, Oops: 0, ImmediateOops: 0, NonImmediateOops: No
[2,442s][debug][gc,nmethod     ] Register NMethod: com.github.benmanes.caffeine.cache.BaseMpscLinkedArrayQueue.lvProducerLimit (0x000072e49ed18108) [0x000072e49ed18200, 0x000072e49ed182c8] Compiler: c1, Barriers: 0, Oops: 1, ImmediateOops: 0, NonImmediateOops: No
[2,443s][debug][gc,nmethod     ] Register NMethod: com.github.benmanes.caffeine.cache.SSLSMW.setWindowWeightedSize (0x000072e49ed18408) [0x000072e49ed18500, 0x000072e49ed185c0] Compiler: c1, Barriers: 0, Oops: 1, ImmediateOops: 0, NonImmediateOops: No
[2,443s][debug][gc,nmethod     ] Register NMethod: com.github.benmanes.caffeine.cache.SSLSMW.setWeightedSize (0x000072e49ed18708) [0x000072e49ed18800, 0x000072e49ed188c0] Compiler: c1, Barriers: 0, Oops: 1, ImmediateOops: 0, NonImmediateOops: No
[2,443s][debug][gc,nmethod     ] Register NMethod: io.sirix.page.PageUtils.fixupPageReferenceIds (0x000072e47fe40a08) [0x000072e47fe40b00, 0x000072e47fe41be8] Compiler: c1, Barriers: 0, Oops: 1, ImmediateOops: 0, NonImmediateOops: No
[2,443s][debug][gc,nmethod     ] Register NMethod: jdk.internal.vm.Continuation.pin (0x000072e49ed18a08) [0x000072e49ed18b00, 0x000072e49ed18c48] Compiler: , Barriers: 0, Oops: 0, ImmediateOops: 1, NonImmediateOops: No
[2,443s][debug][gc,nmethod     ] Register NMethod: jdk.internal.vm.Continuation.unpin (0x000072e49ed18d08) [0x000072e49ed18e00, 0x000072e49ed18f48] Compiler: , Barriers: 0, Oops: 0, ImmediateOops: 1, NonImmediateOops: No
[2,443s][debug][gc,nmethod     ] Register NMethod: io.sirix.node.GrowingMemorySegment.writeByte (0x000072e49ed19008) [0x000072e49ed19100, 0x000072e49ed19528] Compiler: jvmci, Barriers: 6, Oops: 1, ImmediateOops: 0, NonImmediateOops: No
[2,444s][debug][gc,nmethod     ] Register NMethod: io.sirix.settings.VersioningType$4.combineRecordPages (0x000072e47fe41c08) [0x000072e47fe41d00, 0x000072e47fe46590] Compiler: c1, Barriers: 8, Oops: 1, ImmediateOops: 0, NonImmediateOops: No
[2,444s][debug][gc,nmethod     ] Register NMethod: io.sirix.page.PageFragmentKeyImpl.key (0x000072e49ed19588) [0x000072e49ed19680, 0x000072e49ed19740] Compiler: c1, Barriers: 0, Oops: 1, ImmediateOops: 0, NonImmediateOops: No
[2,444s][debug][gc,nmethod     ] Register NMethod: java.lang.invoke.VarHandleGuards.guard_LJ_I (0x000072e49ed19888) [0x000072e49ed19980, 0x000072e49ed1a210] Compiler: jvmci, Barriers: 26, Oops: 0, ImmediateOops: 5, NonImmediateOops: No
[2,445s][debug][gc,nmethod     ] Register NMethod: io.sirix.access.trx.page.NodeStorageEngineReader.getDataRecord (0x000072e47fe46608) [0x000072e47fe46700, 0x000072e47fe47508] Compiler: c1, Barriers: 6, Oops: 1, ImmediateOops: 1, NonImmediateOops: No
[2,446s][debug][gc,nmethod     ] Register NMethod: com.github.benmanes.caffeine.cache.SSLS.isRecordingStats (0x000072e49ed1a288) [0x000072e49ed1a380, 0x000072e49ed1a440] Compiler: c1, Barriers: 0, Oops: 1, ImmediateOops: 0, NonImmediateOops: No
[2,446s][debug][gc,nmethod     ] Register NMethod: io.sirix.page.DeserializedReferencesPage4Tuple.references (0x000072e49ed1a588) [0x000072e49ed1a680, 0x000072e49ed1a768] Compiler: c1, Barriers: 1, Oops: 1, ImmediateOops: 0, NonImmediateOops: No
[2,446s][debug][gc,nmethod     ] Register NMethod: io.sirix.page.DeserializedReferencesPage4Tuple.offsets (0x000072e49ed1a888) [0x000072e49ed1a980, 0x000072e49ed1aa68] Compiler: c1, Barriers: 1, Oops: 1, ImmediateOops: 0, NonImmediateOops: No
[2,446s][debug][gc,nmethod     ] Register NMethod: com.github.benmanes.caffeine.cache.SSLS.statsTicker (0x000072e47fe47588) [0x000072e47fe47680, 0x000072e47fe477e0] Compiler: c1, Barriers: 0, Oops: 1, ImmediateOops: 1, NonImmediateOops: No
[2,446s][debug][gc,nmethod     ] Register NMethod: com.github.benmanes.caffeine.cache.Ticker.systemTicker (0x000072e47fe47888) [0x000072e47fe47980, 0x000072e47fe47a68] Compiler: c1, Barriers: 0, Oops: 1, ImmediateOops: 1, NonImmediateOops: No
[2,446s][debug][gc,nmethod     ] Register NMethod: com.github.benmanes.caffeine.cache.SSLS.statsCounter (0x000072e49ed1ab88) [0x000072e49ed1ac80, 0x000072e49ed1ad70] Compiler: c1, Barriers: 1, Oops: 1, ImmediateOops: 0, NonImmediateOops: No
[2,446s][debug][gc,nmethod     ] Register NMethod: com.github.benmanes.caffeine.cache.SystemTicker.read (0x000072e47fe47b88) [0x000072e47fe47c80, 0x000072e47fe47da0] Compiler: c1, Barriers: 0, Oops: 1, ImmediateOops: 0, NonImmediateOops: No
[2,446s][debug][gc,nmethod     ] Register NMethod: io.sirix.index.path.summary.PathNode.getPathKind (0x000072e49ed1ae88) [0x000072e49ed1af80, 0x000072e49ed1b068] Compiler: c1, Barriers: 1, Oops: 1, ImmediateOops: 0, NonImmediateOops: No
[2,446s][debug][gc,nmethod     ] Register NMethod: io.sirix.node.delegates.NameNodeDelegate.getPrefixKey (0x000072e49ed1b188) [0x000072e49ed1b280, 0x000072e49ed1b340] Compiler: c1, Barriers: 0, Oops: 1, ImmediateOops: 0, NonImmediateOops: No
[2,446s][debug][gc,nmethod     ] Register NMethod: io.sirix.access.trx.page.NodeStorageEngineReader.isMostRecentlyReadPathSummaryPage (0x000072e47fe47e88) [0x000072e47fe47f80, 0x000072e47fe48718] Compiler: c1, Barriers: 1, Oops: 1, ImmediateOops: 0, NonImmediateOops: No
[2,446s][debug][gc,nmethod     ] Register NMethod: io.sirix.access.trx.page.NodeStorageEngineWriter.getActualRevisionRootPage (0x000072e47fe48788) [0x000072e47fe48880, 0x000072e47fe48d28] Compiler: c1, Barriers: 2, Oops: 1, ImmediateOops: 1, NonImmediateOops: No
[2,447s][debug][gc,nmethod     ] Register NMethod: java.util.concurrent.CountedCompleter.weakCompareAndSetPendingCount (0x000072e47fe48d88) [0x000072e47fe48e80, 0x000072e47fe49190] Compiler: c1, Barriers: 0, Oops: 0, ImmediateOops: 1, NonImmediateOops: No
[2,447s][debug][gc,director    ] Rule Major: Warmup 10%, Used: 380MB, UsedThreshold: 1228MB
[2,449s][debug][gc,nmethod     ] Register NMethod: com.github.benmanes.caffeine.cache.PSMW.getPreviousInAccessOrder (0x000072e49ed1b488) [0x000072e49ed1b580, 0x000072e49ed1b668] Compiler: c1, Barriers: 1, Oops: 1, ImmediateOops: 0, NonImmediateOops: No
[2,449s][debug][gc,nmethod     ] Register NMethod: com.github.benmanes.caffeine.cache.PSMW.getQueueType (0x000072e49ed1b788) [0x000072e49ed1b880, 0x000072e49ed1b940] Compiler: c1, Barriers: 0, Oops: 1, ImmediateOops: 0, NonImmediateOops: No
[2,450s][debug][gc,nmethod     ] Register NMethod: io.sirix.page.KeyValueLeafPage.markAccessed (0x000072e49ed1ba88) [0x000072e49ed1bb80, 0x000072e49ed1bc10] Compiler: jvmci, Barriers: 0, Oops: 1, ImmediateOops: 0, NonImmediateOops: No
[2,450s][debug][gc,nmethod     ] Register NMethod: java.lang.StringConcatHelper.stringSize (0x000072e47fe49208) [0x000072e47fe49300, 0x000072e47fe49568] Compiler: c1, Barriers: 0, Oops: 0, ImmediateOops: 1, NonImmediateOops: No
[2,450s][debug][gc,nmethod     ] Register NMethod: java.lang.StringConcatHelper.prepend (0x000072e47fe49588) [0x000072e47fe49680, 0x000072e47fe4a5a8] Compiler: c1, Barriers: 2, Oops: 0, ImmediateOops: 0, NonImmediateOops: No
[2,451s][debug][gc,nmethod     ] Register NMethod: it.unimi.dsi.fastutil.ints.Int2IntOpenHashMap.get (0x000072e47fe4a608) [0x000072e47fe4a700, 0x000072e47fe4ac60] Compiler: c1, Barriers: 4, Oops: 1, ImmediateOops: 0, NonImmediateOops: No
[2,451s][debug][gc,nmethod     ] Register NMethod: java.util.concurrent.atomic.AtomicInteger.incrementAndGet (0x000072e49ed1bd88) [0x000072e49ed1be80, 0x000072e49ed1bf10] Compiler: jvmci, Barriers: 0, Oops: 0, ImmediateOops: 0, NonImmediateOops: No
[2,451s][debug][gc,nmethod     ] Register NMethod: java.nio.Buffer.checkIndex (0x000072e49ed1c088) [0x000072e49ed1c180, 0x000072e49ed1c248] Compiler: jvmci, Barriers: 0, Oops: 0, ImmediateOops: 0, NonImmediateOops: No
[2,451s][debug][gc,nmethod     ] Register NMethod: java.util.concurrent.atomic.AtomicInteger.decrementAndGet (0x000072e49ed1c388) [0x000072e49ed1c480, 0x000072e49ed1c510] Compiler: jvmci, Barriers: 0, Oops: 0, ImmediateOops: 0, NonImmediateOops: No
[2,452s][debug][gc,nmethod     ] Register NMethod: jdk.internal.foreign.Utils$BaseAndScale.of (0x000072e49ed1c688) [0x000072e49ed1c780, 0x000072e49ed1c848] Compiler: jvmci, Barriers: 0, Oops: 0, ImmediateOops: 1, NonImmediateOops: No
[2,452s][debug][gc,nmethod     ] Register NMethod: io.sirix.node.Utils.getVarLong (0x000072e47fe4ac88) [0x000072e47fe4ad80, 0x000072e47fe4aee0] Compiler: c1, Barriers: 0, Oops: 1, ImmediateOops: 0, NonImmediateOops: No
[2,452s][debug][gc,nmethod     ] Register NMethod: io.sirix.node.MemorySegmentBytesIn.readStopBit (0x000072e47fe4af88) [0x000072e47fe4b080, 0x000072e47fe4b2b0] Compiler: c1, Barriers: 0, Oops: 1, ImmediateOops: 0, NonImmediateOops: No
[2,452s][debug][gc,nmethod     ] Register NMethod: java.util.ArrayDeque.pop (0x000072e47fe4b308) [0x000072e47fe4b400, 0x000072e47fe4b6a0] Compiler: c1, Barriers: 0, Oops: 0, ImmediateOops: 0, NonImmediateOops: No
[2,452s][debug][gc,nmethod     ] Register NMethod: io.sirix.index.name.Names.getName (0x000072e47fe4b708) [0x000072e47fe4b800, 0x000072e47fe4be40] Compiler: c1, Barriers: 1, Oops: 1, ImmediateOops: 1, NonImmediateOops: No
[2,452s][debug][gc,nmethod     ] Register NMethod: io.sirix.access.trx.page.AbstractForwardingStorageEngineReader.getNamePage (0x000072e47fe4be88) [0x000072e47fe4bf80, 0x000072e47fe4d028] Compiler: c1, Barriers: 5, Oops: 1, ImmediateOops: 1, NonImmediateOops: No
[2,452s][debug][gc,nmethod     ] Register NMethod: io.sirix.page.NamePage.getName (0x000072e47fe4d088) [0x000072e47fe4d180, 0x000072e47fe4e7f0] Compiler: c1, Barriers: 25, Oops: 1, ImmediateOops: 4, NonImmediateOops: No
[2,453s][debug][gc,nmethod     ] Register NMethod: io.sirix.settings.VersioningType$4.combineRecordPagesForModification (0x000072e47fe4e808) [0x000072e47fe4e900, 0x000072e47fe57ed0] Compiler: c1, Barriers: 27, Oops: 1, ImmediateOops: 0, NonImmediateOops: No
[2,453s][debug][gc,nmethod     ] Register NMethod: java.util.BitSet.recalculateWordsInUse (0x000072e49ed1c988) [0x000072e49ed1ca80, 0x000072e49ed1cc08] Compiler: jvmci, Barriers: 1, Oops: 0, ImmediateOops: 0, NonImmediateOops: No
[2,454s][debug][gc,nmethod     ] Register NMethod: java.lang.StringConcatHelper.newArrayWithSuffix (0x000072e49ed1cc88) [0x000072e49ed1cd80, 0x000072e49ed1d188] Compiler: jvmci, Barriers: 1, Oops: 0, ImmediateOops: 0, NonImmediateOops: No
[2,455s][debug][gc,nmethod     ] Register NMethod: java.lang.Class.getClassLoader0 (0x000072e49ed1d208) [0x000072e49ed1d300, 0x000072e49ed1d3e8] Compiler: c1, Barriers: 1, Oops: 0, ImmediateOops: 0, NonImmediateOops: No
[2,455s][debug][gc,nmethod     ] Register NMethod: com.github.benmanes.caffeine.cache.PSMW.getNextInAccessOrder (0x000072e49ed1d508) [0x000072e49ed1d600, 0x000072e49ed1d6e8] Compiler: c1, Barriers: 1, Oops: 1, ImmediateOops: 0, NonImmediateOops: No
[2,455s][debug][gc,nmethod     ] Register NMethod: java.lang.invoke.DirectMethodHandle$Holder.invokeStatic (0x000072e47fe57f08) [0x000072e47fe58000, 0x000072e47fe583c8] Compiler: c1, Barriers: 1, Oops: 0, ImmediateOops: 0, NonImmediateOops: No
[2,455s][debug][gc,nmethod     ] Register NMethod: java.lang.invoke.LambdaForm$MH/0x00000000b329cc00.invoke (0x000072e47fe58408) [0x000072e47fe58500, 0x000072e47fe59070] Compiler: c1, Barriers: 2, Oops: 1, ImmediateOops: 0, NonImmediateOops: No
[2,456s][debug][gc,nmethod     ] Register NMethod: com.github.benmanes.caffeine.cache.BoundedLocalCache.discardRefresh (0x000072e47fe59088) [0x000072e47fe59180, 0x000072e47fe59730] Compiler: c1, Barriers: 1, Oops: 1, ImmediateOops: 0, NonImmediateOops: No
[2,456s][debug][gc,nmethod     ] Register NMethod: io.sirix.node.MemorySegmentBytesIn.readUtf8 (0x000072e47fe59788) [0x000072e47fe59880, 0x000072e47fe59d78] Compiler: c1, Barriers: 0, Oops: 1, ImmediateOops: 1, NonImmediateOops: No
[2,456s][debug][gc,nmethod     ] Register NMethod: java.util.concurrent.ConcurrentHashMap.initTable (0x000072e47fe59d88) [0x000072e47fe59e80, 0x000072e47fe5aad8] Compiler: c1, Barriers: 6, Oops: 0, ImmediateOops: 0, NonImmediateOops: No
[2,456s][debug][gc,nmethod     ] Register NMethod: com.github.benmanes.caffeine.cache.PS.isAlive (0x000072e47fe5ab08) [0x000072e47fe5ac00, 0x000072e47fe5c078] Compiler: c1, Barriers: 1, Oops: 7, ImmediateOops: 10, NonImmediateOops: No
[2,456s][debug][gc,nmethod     ] Register NMethod: com.github.benmanes.caffeine.cache.SSL.hasRemovalListener (0x000072e49ed1d808) [0x000072e49ed1d900, 0x000072e49ed1d9c0] Compiler: c1, Barriers: 0, Oops: 1, ImmediateOops: 0, NonImmediateOops: No
[2,456s][debug][gc,nmethod     ] Register NMethod: com.github.benmanes.caffeine.cache.SSL.removalListener (0x000072e49ed1db08) [0x000072e49ed1dc00, 0x000072e49ed1dcf0] Compiler: c1, Barriers: 1, Oops: 1, ImmediateOops: 0, NonImmediateOops: No
[2,456s][debug][gc,nmethod     ] Register NMethod: it.unimi.dsi.fastutil.shorts.AbstractShortList.<init> (0x000072e47fe5c108) [0x000072e47fe5c200, 0x000072e47fe5c418] Compiler: c1, Barriers: 0, Oops: 1, ImmediateOops: 0, NonImmediateOops: No
[2,456s][debug][gc,nmethod     ] Register NMethod: it.unimi.dsi.fastutil.shorts.ShortArrayList.<init> (0x000072e47fe5c488) [0x000072e47fe5c580, 0x000072e47fe5c828] Compiler: c1, Barriers: 0, Oops: 1, ImmediateOops: 0, NonImmediateOops: No
[2,456s][debug][gc,nmethod     ] Register NMethod: com.github.benmanes.caffeine.cache.BoundedLocalCache.isComputingAsync (0x000072e47fe5c888) [0x000072e47fe5c980, 0x000072e47fe5e120] Compiler: c1, Barriers: 1, Oops: 7, ImmediateOops: 8, NonImmediateOops: No
[2,456s][debug][gc,nmethod     ] Register NMethod: it.unimi.dsi.fastutil.shorts.AbstractShortCollection.<init> (0x000072e47fe5e188) [0x000072e47fe5e280, 0x000072e47fe5e438] Compiler: c1, Barriers: 0, Oops: 1, ImmediateOops: 0, NonImmediateOops: No
[2,456s][debug][gc,nmethod     ] Register NMethod: java.nio.channels.FileChannel.open (0x000072e47fe5e488) [0x000072e47fe5e580, 0x000072e47fe5eb68] Compiler: c1, Barriers: 2, Oops: 0, ImmediateOops: 0, NonImmediateOops: No
[2,456s][debug][gc,nmethod     ] Register NMethod: java.nio.channels.FileChannel.open (0x000072e47fe5eb88) [0x000072e47fe5ec80, 0x000072e47fe5f250] Compiler: c1, Barriers: 3, Oops: 0, ImmediateOops: 2, NonImmediateOops: No
[2,456s][debug][gc,nmethod     ] Register NMethod: java.lang.invoke.MethodHandleImpl.profileBoolean (0x000072e47fe5f288) [0x000072e47fe5f380, 0x000072e47fe5f748] Compiler: c1, Barriers: 0, Oops: 0, ImmediateOops: 1, NonImmediateOops: No
[2,456s][debug][gc,nmethod     ] Register NMethod: it.unimi.dsi.fastutil.shorts.ShortArrayList.initArrayFromCapacity (0x000072e47fe5f788) [0x000072e47fe5f880, 0x000072e47fe60a50] Compiler: c1, Barriers: 7, Oops: 3, ImmediateOops: 3, NonImmediateOops: No
[2,456s][debug][gc,nmethod     ] Register NMethod: java.lang.invoke.DirectMethodHandle$Holder.fieldAccess (0x000072e47fe60a88) [0x000072e47fe60b80, 0x000072e47fe61078] Compiler: c1, Barriers: 0, Oops: 0, ImmediateOops: 0, NonImmediateOops: No
[2,456s][debug][gc,nmethod     ] Register NMethod: com.github.benmanes.caffeine.cache.SSMS.frequencySketch (0x000072e49ed1de08) [0x000072e49ed1df00, 0x000072e49ed1dff0] Compiler: c1, Barriers: 1, Oops: 1, ImmediateOops: 0, NonImmediateOops: No
[2,457s][debug][gc,nmethod     ] Register NMethod: com.github.benmanes.caffeine.cache.PS.getKey (0x000072e47fe61088) [0x000072e47fe61180, 0x000072e47fe62358] Compiler: c1, Barriers: 1, Oops: 7, ImmediateOops: 8, NonImmediateOops: No
[2,457s][debug][gc,nmethod     ] Register NMethod: com.github.benmanes.caffeine.cache.BoundedLocalCache.isAsync (0x000072e49ed1e108) [0x000072e49ed1e200, 0x000072e49ed1e2c8] Compiler: c1, Barriers: 0, Oops: 1, ImmediateOops: 0, NonImmediateOops: No
[2,457s][debug][gc,nmethod     ] Register NMethod: com.github.benmanes.caffeine.cache.RemovalCause$2.wasEvicted (0x000072e49ed1e408) [0x000072e49ed1e500, 0x000072e49ed1e5c0] Compiler: c1, Barriers: 0, Oops: 1, ImmediateOops: 0, NonImmediateOops: No
[2,457s][debug][gc,nmethod     ] Register NMethod: java.util.BitSet.valueOf (0x000072e47fe62408) [0x000072e47fe62500, 0x000072e47fe626a8] Compiler: c1, Barriers: 0, Oops: 0, ImmediateOops: 0, NonImmediateOops: No
[2,457s][debug][gc,nmethod     ] Register NMethod: java.util.BitSet.<init> (0x000072e47fe62708) [0x000072e47fe62800, 0x000072e47fe62a20] Compiler: c1, Barriers: 3, Oops: 0, ImmediateOops: 0, NonImmediateOops: No
[2,457s][debug][gc,nmethod     ] Register NMethod: io.sirix.page.SerializationType.deserializeBitSet (0x000072e47fe62a88) [0x000072e47fe62b80, 0x000072e47fe62f88] Compiler: c1, Barriers: 0, Oops: 1, ImmediateOops: 0, NonImmediateOops: No
[2,457s][debug][gc,nmethod     ] Register NMethod: java.nio.HeapByteBuffer.<init> (0x000072e47fe63008) [0x000072e47fe63100, 0x000072e47fe63288] Compiler: c1, Barriers: 0, Oops: 0, ImmediateOops: 0, NonImmediateOops: No
[2,457s][debug][gc,nmethod     ] Register NMethod: java.nio.HeapByteBuffer.slice (0x000072e47fe63308) [0x000072e47fe63400, 0x000072e47fe63a28] Compiler: c1, Barriers: 2, Oops: 0, ImmediateOops: 0, NonImmediateOops: No
[2,457s][debug][gc,nmethod     ] Register NMethod: java.nio.Buffer.remaining (0x000072e49ed1e708) [0x000072e49ed1e800, 0x000072e49ed1e898] Compiler: jvmci, Barriers: 0, Oops: 0, ImmediateOops: 0, NonImmediateOops: No
[2,457s][debug][gc,director    ] Rule Major: Warmup 10%, Used: 382MB, UsedThreshold: 1228MB
[2,457s][debug][gc,nmethod     ] Register NMethod: java.util.BitSet.valueOf (0x000072e47fe63a88) [0x000072e47fe63b80, 0x000072e47fe65528] Compiler: c1, Barriers: 3, Oops: 0, ImmediateOops: 1, NonImmediateOops: No
[2,463s][debug][gc,nmethod     ] Register NMethod: net.jpountz.lz4.LZ4JNIFastDecompressor.decompress (0x000072e47fe65588) [0x000072e47fe65680, 0x000072e47fe66d10] Compiler: c1, Barriers: 0, Oops: 3, ImmediateOops: 4, NonImmediateOops: No
[2,463s][debug][gc,nmethod     ] Register NMethod: java.util.stream.SortedOps$SizedRefSortingSink.begin (0x000072e47fe66d88) [0x000072e47fe66e80, 0x000072e47fe67180] Compiler: c1, Barriers: 3, Oops: 0, ImmediateOops: 1, NonImmediateOops: No
[2,463s][debug][gc,nmethod     ] Register NMethod: java.util.stream.SortedOps$SizedRefSortingSink.end (0x000072e47fe67188) [0x000072e47fe67280, 0x000072e47fe682e8] Compiler: c1, Barriers: 14, Oops: 0, ImmediateOops: 0, NonImmediateOops: No
[2,463s][debug][gc,nmethod     ] Register NMethod: it.unimi.dsi.fastutil.shorts.ShortArrayList.grow (0x000072e47fe68308) [0x000072e47fe68400, 0x000072e47fe68a48] Compiler: c1, Barriers: 8, Oops: 1, ImmediateOops: 0, NonImmediateOops: No
[2,463s][debug][gc,nmethod     ] Register NMethod: it.unimi.dsi.fastutil.ints.Int2LongOpenHashMap.size (0x000072e49ed1ea08) [0x000072e49ed1eb00, 0x000072e49ed1ebc0] Compiler: c1, Barriers: 0, Oops: 1, ImmediateOops: 0, NonImmediateOops: No
[2,463s][debug][gc,nmethod     ] Register NMethod: it.unimi.dsi.fastutil.ints.Int2IntOpenHashMap.size (0x000072e49ed1ed08) [0x000072e49ed1ee00, 0x000072e49ed1eec0] Compiler: c1, Barriers: 0, Oops: 1, ImmediateOops: 0, NonImmediateOops: No
[2,464s][debug][gc,nmethod     ] Register NMethod: io.sirix.node.MemorySegmentBytesIn.position (0x000072e49ed1f008) [0x000072e49ed1f100, 0x000072e49ed1f1c0] Compiler: c1, Barriers: 0, Oops: 1, ImmediateOops: 0, NonImmediateOops: No
[2,464s][debug][gc,nmethod     ] Register NMethod: io.sirix.axis.AbstractAxis.nextLong (0x000072e47fe68a88) [0x000072e47fe68b80, 0x000072e47fe69610] Compiler: c1, Barriers: 5, Oops: 1, ImmediateOops: 1, NonImmediateOops: No
[2,465s][debug][gc,nmethod     ] Register NMethod: io.sirix.node.MemorySegmentBytesIn.position (0x000072e49ed1f308) [0x000072e49ed1f400, 0x000072e49ed1f4c0] Compiler: c1, Barriers: 0, Oops: 1, ImmediateOops: 0, NonImmediateOops: No
[2,465s][debug][gc,nmethod     ] Register NMethod: io.sirix.settings.CharsForSerializing.getBytes (0x000072e49ed1f608) [0x000072e49ed1f700, 0x000072e49ed1f7e8] Compiler: c1, Barriers: 1, Oops: 1, ImmediateOops: 0, NonImmediateOops: No
[2,465s][debug][gc,nmethod     ] Register NMethod: io.sirix.node.xml.ElementNode.getFirstChildKey (0x000072e47fe69688) [0x000072e47fe69780, 0x000072e47fe6e770] Compiler: c1, Barriers: 19, Oops: 7, ImmediateOops: 11, NonImmediateOops: No
[2,465s][debug][gc,nmethod     ] Register NMethod: java.io.BufferedOutputStream.growIfNeeded (0x000072e47fe6e808) [0x000072e47fe6e900, 0x000072e47fe6ec28] Compiler: c1, Barriers: 4, Oops: 0, ImmediateOops: 0, NonImmediateOops: No
[2,465s][debug][gc,nmethod     ] Register NMethod: io.brackit.query.jdm.AbstractItem.<init> (0x000072e47fe6ec88) [0x000072e47fe6ed80, 0x000072e47fe6ef38] Compiler: c1, Barriers: 0, Oops: 1, ImmediateOops: 0, NonImmediateOops: No
[2,465s][debug][gc,nmethod     ] Register NMethod: java.util.concurrent.ForkJoinTask.noUserHelp (0x000072e49ed1f908) [0x000072e49ed1fa00, 0x000072e49ed1fa90] Compiler: jvmci, Barriers: 0, Oops: 0, ImmediateOops: 0, NonImmediateOops: No
[2,465s][debug][gc,nmethod     ] Register NMethod: io.brackit.query.sequence.AbstractSequence.<init> (0x000072e47fe6ef88) [0x000072e47fe6f080, 0x000072e47fe6f1d8] Compiler: c1, Barriers: 0, Oops: 1, ImmediateOops: 0, NonImmediateOops: No
[2,465s][debug][gc,nmethod     ] Register NMethod: io.brackit.query.atomic.AbstractAtomic.<init> (0x000072e47fe6f288) [0x000072e47fe6f380, 0x000072e47fe6f598] Compiler: c1, Barriers: 0, Oops: 1, ImmediateOops: 0, NonImmediateOops: No
[2,465s][debug][gc,nmethod     ] Register NMethod: java.lang.Integer.numberOfLeadingZeros (0x000072e49ed1fc08) [0x000072e49ed1fd00, 0x000072e49ed1fe10] Compiler: jvmci, Barriers: 0, Oops: 0, ImmediateOops: 0, NonImmediateOops: No
[2,465s][debug][gc,nmethod     ] Register NMethod: io.sirix.node.Bytes.elasticOffHeapByteBuffer (0x000072e47fe6f608) [0x000072e47fe6f700, 0x000072e47fe70048] Compiler: c1, Barriers: 6, Oops: 2, ImmediateOops: 1, NonImmediateOops: No
[2,465s][debug][gc,nmethod     ] Register NMethod: java.io.BufferedOutputStream.write (0x000072e47fe70088) [0x000072e47fe70180, 0x000072e47fe70e98] Compiler: c1, Barriers: 6, Oops: 0, ImmediateOops: 0, NonImmediateOops: No
[2,465s][debug][gc,nmethod     ] Register NMethod: io.sirix.node.MemorySegmentBytesOut.<init> (0x000072e47fe70f08) [0x000072e47fe71000, 0x000072e47fe71dd0] Compiler: c1, Barriers: 9, Oops: 2, ImmediateOops: 1, NonImmediateOops: No
[2,465s][debug][gc,nmethod     ] Register NMethod: io.sirix.node.GrowingMemorySegment.<init> (0x000072e47fe71e08) [0x000072e47fe71f00, 0x000072e47fe72b30] Compiler: c1, Barriers: 6, Oops: 2, ImmediateOops: 1, NonImmediateOops: No
[2,465s][debug][gc,nmethod     ] Register NMethod: java.util.regex.ASCII.isDigit (0x000072e47fe72b88) [0x000072e47fe72c80, 0x000072e47fe72dc0] Compiler: c1, Barriers: 0, Oops: 0, ImmediateOops: 0, NonImmediateOops: No
[2,466s][debug][gc,nmethod     ] Register NMethod: java.util.regex.CharPredicates.lambda$ASCII_DIGIT$0 (0x000072e47fe72e88) [0x000072e47fe72f80, 0x000072e47fe73190] Compiler: c1, Barriers: 0, Oops: 0, ImmediateOops: 0, NonImmediateOops: No
[2,466s][debug][gc,nmethod     ] Register NMethod: java.util.regex.CharPredicates$$Lambda/0x00000000b3111478.is (0x000072e47fe73208) [0x000072e47fe73300, 0x000072e47fe73590] Compiler: c1, Barriers: 0, Oops: 0, ImmediateOops: 0, NonImmediateOops: No
[2,466s][debug][gc,nmethod     ] Register NMethod: io.sirix.node.xml.ElementNode.getRightSiblingKey (0x000072e47fe73608) [0x000072e47fe73700, 0x000072e47fe786f0] Compiler: c1, Barriers: 19, Oops: 7, ImmediateOops: 11, NonImmediateOops: No
[2,466s][debug][gc,nmethod     ] Register NMethod: java.util.regex.Pattern$BmpCharPropertyGreedy.match (0x000072e47fe78788) [0x000072e47fe78880, 0x000072e47fe792a0] Compiler: c1, Barriers: 2, Oops: 0, ImmediateOops: 0, NonImmediateOops: No
[2,466s][debug][gc,nmethod     ] Register NMethod: org.junit.platform.engine.UniqueId$Segment.hashCode (0x000072e47fe79308) [0x000072e47fe79400, 0x000072e47fe79c40] Compiler: c1, Barriers: 8, Oops: 1, ImmediateOops: 0, NonImmediateOops: No
[2,467s][debug][gc,nmethod     ] Register NMethod: java.util.stream.Streams$ConcatSpliterator.forEachRemaining (0x000072e47fe79c88) [0x000072e47fe79d80, 0x000072e47fe7a340] Compiler: c1, Barriers: 2, Oops: 0, ImmediateOops: 0, NonImmediateOops: No
[2,467s][debug][gc,nmethod     ] Register NMethod: java.util.concurrent.ConcurrentHashMap$Traverser.advance (0x000072e49ed1ff08) [0x000072e49ed20000, 0x000072e49ed203c0] Compiler: jvmci, Barriers: 10, Oops: 0, ImmediateOops: 0, NonImmediateOops: No
[2,467s][debug][gc,director    ] Rule Major: Warmup 10%, Used: 382MB, UsedThreshold: 1228MB
[2,468s][debug][gc,nmethod     ] Register NMethod: com.google.gson.stream.JsonReader.nextBoolean (0x000072e47fe7a388) [0x000072e47fe7a480, 0x000072e47fe7bb28] Compiler: c1, Barriers: 3, Oops: 2, ImmediateOops: 3, NonImmediateOops: No
[2,468s][debug][gc,nmethod     ] Register NMethod: io.sirix.page.AbstractForwardingPage.getReferences (0x000072e47fe7bb88) [0x000072e47fe7bc80, 0x000072e47fe7c180] Compiler: c1, Barriers: 0, Oops: 1, ImmediateOops: 0, NonImmediateOops: No
[2,468s][debug][gc,nmethod     ] Register NMethod: com.github.benmanes.caffeine.cache.FrequencySketch.incrementAt (0x000072e47fe7c208) [0x000072e47fe7c300, 0x000072e47fe7c4e8] Compiler: c1, Barriers: 1, Oops: 1, ImmediateOops: 0, NonImmediateOops: No
[2,468s][debug][gc,nmethod     ] Register NMethod: java.lang.invoke.LambdaForm$MH/0x00000000b32d9800.guard (0x000072e47fe7c508) [0x000072e47fe7c600, 0x000072e47fe7d8a0] Compiler: c1, Barriers: 4, Oops: 1, ImmediateOops: 0, NonImmediateOops: No
[2,469s][debug][gc,nmethod     ] Register NMethod: java.lang.Thread.threadId (0x000072e49ed20408) [0x000072e49ed20500, 0x000072e49ed205c0] Compiler: c1, Barriers: 0, Oops: 0, ImmediateOops: 0, NonImmediateOops: No
[2,469s][debug][gc,nmethod     ] Register NMethod: java.util.concurrent.ForkJoinPool.tryTrim (0x000072e47fe7d908) [0x000072e47fe7da00, 0x000072e47fe7e1c0] Compiler: c1, Barriers: 3, Oops: 0, ImmediateOops: 1, NonImmediateOops: No
[2,469s][debug][gc,nmethod     ] Register NMethod: java.lang.invoke.VarHandleSegmentAsInts.get (0x000072e49ed20708) [0x000072e49ed20800, 0x000072e49ed20e28] Compiler: jvmci, Barriers: 4, Oops: 0, ImmediateOops: 0, NonImmediateOops: No
[2,470s][debug][gc,nmethod     ] Register NMethod: com.github.benmanes.caffeine.cache.LocalManualCache.asMap (0x000072e47fe7e208) [0x000072e47fe7e300, 0x000072e47fe7e4e0] Compiler: c1, Barriers: 1, Oops: 1, ImmediateOops: 0, NonImmediateOops: No
[2,470s][debug][gc,nmethod     ] Register NMethod: java.util.concurrent.ForkJoinPool.runWorker (0x000072e47fe7e508) [0x000072e47fe7e600, 0x000072e47fe80340] Compiler: c1, Barriers: 13, Oops: 1, ImmediateOops: 1, NonImmediateOops: No
[2,471s][debug][gc,nmethod     ] Register NMethod: java.util.regex.Pattern$BmpCharProperty.match (0x000072e49ed20e88) [0x000072e49ed20f80, 0x000072e49ed21540] Compiler: jvmci, Barriers: 7, Oops: 0, ImmediateOops: 0, NonImmediateOops: No
[2,476s][debug][gc,nmethod     ] Register NMethod: java.lang.System.getProperty (0x000072e47fe80388) [0x000072e47fe80480, 0x000072e47fe80ca0] Compiler: c1, Barriers: 2, Oops: 0, ImmediateOops: 3, NonImmediateOops: No
[2,477s][debug][gc,director    ] Rule Major: Warmup 10%, Used: 384MB, UsedThreshold: 1228MB
[2,483s][debug][gc,nmethod     ] Register NMethod: com.github.benmanes.caffeine.cache.NodeFactory.newReferenceKey (0x000072e47fe80d08) [0x000072e47fe80e00, 0x000072e47fe80f00] Compiler: c1, Barriers: 0, Oops: 1, ImmediateOops: 0, NonImmediateOops: No
[2,484s][debug][gc,nmethod     ] Register NMethod: com.github.benmanes.caffeine.cache.LocalCache.compute (0x000072e47fe81008) [0x000072e47fe81100, 0x000072e47fe81630] Compiler: c1, Barriers: 0, Oops: 1, ImmediateOops: 0, NonImmediateOops: No
[2,484s][debug][gc,nmethod     ] Register NMethod: com.github.benmanes.caffeine.cache.LocalCache.statsAware (0x000072e47fe81688) [0x000072e47fe81780, 0x000072e47fe82050] Compiler: c1, Barriers: 6, Oops: 4, ImmediateOops: 2, NonImmediateOops: No
[2,484s][debug][gc,nmethod     ] Register NMethod: java.lang.invoke.LambdaForm$DMH/0x00000000b32c2c00.newInvokeSpecial (0x000072e47fe82088) [0x000072e47fe82180, 0x000072e47fe82ab8] Compiler: c1, Barriers: 2, Oops: 1, ImmediateOops: 1, NonImmediateOops: No
[2,484s][debug][gc,nmethod     ] Register NMethod: com.github.benmanes.caffeine.cache.BoundedLocalCache.compute (0x000072e47fe82b08) [0x000072e47fe82c00, 0x000072e47fe84240] Compiler: c1, Barriers: 1, Oops: 4, ImmediateOops: 4, NonImmediateOops: No
[2,484s][debug][gc,nmethod     ] Register NMethod: java.lang.invoke.LambdaForm$MH/0x00000000b32c3400.linkToTargetMethod (0x000072e47fe84288) [0x000072e47fe84380, 0x000072e47fe84930] Compiler: c1, Barriers: 0, Oops: 1, ImmediateOops: 0, NonImmediateOops: No
[2,484s][debug][gc,nmethod     ] Register NMethod: com.github.benmanes.caffeine.cache.BoundedLocalCache$$Lambda/0x00000000b32c4480.<init> (0x000072e47fe84988) [0x000072e47fe84a80, 0x000072e47fe85190] Compiler: c1, Barriers: 36, Oops: 1, ImmediateOops: 0, NonImmediateOops: No
[2,484s][debug][gc,nmethod     ] Register NMethod: com.github.benmanes.caffeine.cache.BoundedLocalCache.setVariableTime (0x000072e47fe85208) [0x000072e47fe85300, 0x000072e47fe85628] Compiler: c1, Barriers: 0, Oops: 1, ImmediateOops: 0, NonImmediateOops: No
[2,484s][debug][gc,nmethod     ] Register NMethod: com.github.benmanes.caffeine.cache.BoundedLocalCache$$Lambda/0x00000000b32c4480.apply (0x000072e47fe85688) [0x000072e47fe85780, 0x000072e47fe85e28] Compiler: c1, Barriers: 12, Oops: 1, ImmediateOops: 0, NonImmediateOops: No
[2,484s][debug][gc,nmethod     ] Register NMethod: java.lang.invoke.ClassSpecializer$SpeciesData.factory (0x000072e47fe85e88) [0x000072e47fe85f80, 0x000072e47fe864c8] Compiler: c1, Barriers: 1, Oops: 0, ImmediateOops: 0, NonImmediateOops: No
[2,484s][debug][gc,nmethod     ] Register NMethod: com.github.benmanes.caffeine.cache.BoundedLocalCache.setAccessTime (0x000072e47fe86508) [0x000072e47fe86600, 0x000072e47fe86928] Compiler: c1, Barriers: 0, Oops: 1, ImmediateOops: 0, NonImmediateOops: No
[2,484s][debug][gc,nmethod     ] Register NMethod: com.github.benmanes.caffeine.cache.BoundedLocalCache.setWriteTime (0x000072e47fe86988) [0x000072e47fe86a80, 0x000072e47fe86fd0] Compiler: c1, Barriers: 0, Oops: 1, ImmediateOops: 0, NonImmediateOops: No
[2,485s][debug][gc,nmethod     ] Register NMethod: java.util.concurrent.ForkJoinPool.runWorker (0x000072e47fe87008) [0x000072e47fe87100, 0x000072e47fe88c10] Compiler: c1, Barriers: 13, Oops: 1, ImmediateOops: 1, NonImmediateOops: No
[2,485s][debug][gc,nmethod     ] Register NMethod: com.github.benmanes.caffeine.cache.BoundedLocalCache.remap (0x000072e47fe88c88) [0x000072e47fe88d80, 0x000072e47fe8bb80] Compiler: c1, Barriers: 25, Oops: 4, ImmediateOops: 4, NonImmediateOops: No
[2,486s][debug][gc,nmethod     ] Register NMethod: java.util.regex.Pattern.next (0x000072e47fe8bc08) [0x000072e47fe8bd00, 0x000072e47fe8bf80] Compiler: c1, Barriers: 1, Oops: 0, ImmediateOops: 0, NonImmediateOops: No
[2,487s][debug][gc,nmethod     ] Register NMethod: com.github.benmanes.caffeine.cache.BoundedLocalCache.lambda$remap$16 (0x000072e47fe8bf88) [0x000072e47fe8c080, 0x000072e47fe9a480] Compiler: c1, Barriers: 64, Oops: 12, ImmediateOops: 54, NonImmediateOops: No
[2,487s][debug][gc,nmethod     ] Register NMethod: java.util.regex.Pattern$Node.<init> (0x000072e47fe9a508) [0x000072e47fe9a600, 0x000072e47fe9a7e0] Compiler: c1, Barriers: 3, Oops: 0, ImmediateOops: 1, NonImmediateOops: No
[2,487s][debug][gc,nmethod     ] Register NMethod: java.lang.StringUTF16.codePointAt (0x000072e47fe9a808) [0x000072e47fe9a900, 0x000072e47fe9afe8] Compiler: c1, Barriers: 0, Oops: 1, ImmediateOops: 2, NonImmediateOops: No
[2,488s][debug][gc,nmethod     ] Register NMethod: java.lang.Character.charCount (0x000072e49ed21588) [0x000072e49ed21680, 0x000072e49ed21720] Compiler: jvmci, Barriers: 0, Oops: 0, ImmediateOops: 0, NonImmediateOops: No
[2,488s][debug][gc,director    ] Rule Major: Warmup 10%, Used: 384MB, UsedThreshold: 1228MB
[2,491s][debug][gc,nmethod     ] Register NMethod: io.brackit.query.atomic.QNm.atomicCode (0x000072e49ed21888) [0x000072e49ed21980, 0x000072e49ed21a40] Compiler: c1, Barriers: 0, Oops: 1, ImmediateOops: 0, NonImmediateOops: No
[2,491s][debug][gc,nmethod     ] Register NMethod: jdk.internal.classfile.impl.DirectCodeBuilder.aload (0x000072e49ed21b88) [0x000072e49ed21c80, 0x000072e49ed222c8] Compiler: jvmci, Barriers: 6, Oops: 0, ImmediateOops: 0, NonImmediateOops: No
[2,493s][debug][gc,nmethod     ] Register NMethod: java.lang.String.startsWith (0x000072e49ed22308) [0x000072e49ed22400, 0x000072e49ed22738] Compiler: jvmci, Barriers: 2, Oops: 0, ImmediateOops: 0, NonImmediateOops: No
[2,495s][debug][gc,nmethod     ] Register NMethod: io.brackit.query.atomic.QNm.<init> (0x000072e47fe9b008) [0x000072e47fe9b100, 0x000072e47fe9b5a8] Compiler: c1, Barriers: 9, Oops: 1, ImmediateOops: 3, NonImmediateOops: No
[2,496s][debug][gc,nmethod     ] Register NMethod: io.brackit.query.atomic.QNm.hashCode (0x000072e47fe9b608) [0x000072e47fe9b700, 0x000072e47fe9bc70] Compiler: c1, Barriers: 2, Oops: 1, ImmediateOops: 0, NonImmediateOops: No
[2,497s][debug][gc,nmethod     ] Register NMethod: io.brackit.query.function.AbstractFunction.getName (0x000072e49ed22788) [0x000072e49ed22880, 0x000072e49ed22968] Compiler: c1, Barriers: 1, Oops: 1, ImmediateOops: 0, NonImmediateOops: No
[2,497s][debug][gc,nmethod     ] Register NMethod: io.brackit.query.jdm.type.SequenceType.<init> (0x000072e47fe9bc88) [0x000072e47fe9bd80, 0x000072e47fe9bfc8] Compiler: c1, Barriers: 6, Oops: 1, ImmediateOops: 0, NonImmediateOops: No
[2,498s][debug][gc,director    ] Rule Major: Warmup 10%, Used: 386MB, UsedThreshold: 1228MB
[2,504s][debug][gc,nmethod     ] Register NMethod: io.brackit.query.function.AbstractFunction.<init> (0x000072e47fe9c008) [0x000072e47fe9c100, 0x000072e47fe9c410] Compiler: c1, Barriers: 6, Oops: 1, ImmediateOops: 0, NonImmediateOops: No
[2,505s][debug][gc,nmethod     ] Register NMethod: io.brackit.query.module.Functions.predefine (0x000072e47fe9c488) [0x000072e47fe9c580, 0x000072e47fe9dd10] Compiler: c1, Barriers: 10, Oops: 3, ImmediateOops: 3, NonImmediateOops: No
[2,505s][debug][gc,nmethod     ] Register NMethod: java.lang.ClassLoader.definePackage (0x000072e47fe9dd88) [0x000072e47fe9de80, 0x000072e47fe9e598] Compiler: c1, Barriers: 1, Oops: 0, ImmediateOops: 0, NonImmediateOops: No
[2,505s][debug][gc,nmethod     ] Register NMethod: io.brackit.query.jdm.Signature.<init> (0x000072e47fe9e608) [0x000072e47fe9e700, 0x000072e47fe9e9d0] Compiler: c1, Barriers: 9, Oops: 1, ImmediateOops: 0, NonImmediateOops: No
[2,508s][debug][gc,director    ] Rule Major: Warmup 10%, Used: 386MB, UsedThreshold: 1228MB
[2,513s][debug][gc,nmethod     ] Register NMethod: jdk.internal.loader.BuiltinClassLoader.loadClassOrNull (0x000072e49ed22a88) [0x000072e49ed22b80, 0x000072e49ed23388] Compiler: jvmci, Barriers: 5, Oops: 0, ImmediateOops: 1, NonImmediateOops: No
[2,517s][debug][gc,nmethod     ] Register NMethod: io.brackit.query.compiler.parser.Tokenizer.ws (0x000072e47fe9ea08) [0x000072e47fe9eb00, 0x000072e47fe9ef58] Compiler: c1, Barriers: 1, Oops: 1, ImmediateOops: 0, NonImmediateOops: No
[2,517s][debug][gc,nmethod     ] Register NMethod: io.brackit.query.compiler.parser.Tokenizer.laSymSkipWS (0x000072e47fe9ef88) [0x000072e47fe9f080, 0x000072e47fe9f218] Compiler: c1, Barriers: 0, Oops: 1, ImmediateOops: 0, NonImmediateOops: No
[2,518s][debug][gc,nmethod     ] Register NMethod: io.brackit.query.compiler.parser.Tokenizer.laSkipWS (0x000072e47fe9f288) [0x000072e47fe9f380, 0x000072e47fea0548] Compiler: c1, Barriers: 7, Oops: 2, ImmediateOops: 2, NonImmediateOops: No
[2,518s][debug][gc,nmethod     ] Register NMethod: io.brackit.query.compiler.parser.Tokenizer.laSym (0x000072e47fea0588) [0x000072e47fea0680, 0x000072e47fea1c20] Compiler: c1, Barriers: 8, Oops: 2, ImmediateOops: 2, NonImmediateOops: No
[2,518s][debug][gc,director    ] Rule Major: Warmup 10%, Used: 388MB, UsedThreshold: 1228MB
[2,520s][debug][gc,nmethod     ] Register NMethod: jdk.internal.classfile.impl.DirectCodeBuilder.dup (0x000072e47fea1c88) [0x000072e47fea1d80, 0x000072e47fea20c8] Compiler: c1, Barriers: 1, Oops: 0, ImmediateOops: 0, NonImmediateOops: No
[2,520s][debug][gc,nmethod     ] Register NMethod: jdk.internal.classfile.impl.UnboundAttribute$UnboundRuntimeVisibleAnnotationsAttribute.attributeName (0x000072e47fea2108) [0x000072e47fea2200, 0x000072e47fea2308] Compiler: c1, Barriers: 0, Oops: 0, ImmediateOops: 1, NonImmediateOops: No
[2,521s][debug][gc,nmethod     ] Register NMethod: io.brackit.query.compiler.AST.getType (0x000072e49ed23408) [0x000072e49ed23500, 0x000072e49ed235c0] Compiler: c1, Barriers: 0, Oops: 1, ImmediateOops: 0, NonImmediateOops: No
[2,523s][debug][gc,nmethod     ] Register NMethod: java.security.CodeSource.getCertificates (0x000072e49ed23708) [0x000072e49ed23800, 0x000072e49ed23930] Compiler: jvmci, Barriers: 2, Oops: 0, ImmediateOops: 0, NonImmediateOops: No
[2,523s][debug][gc,nmethod     ] Register NMethod: io.brackit.query.compiler.AST.getChildCount (0x000072e47fea2408) [0x000072e47fea2500, 0x000072e47fea26a0] Compiler: c1, Barriers: 1, Oops: 1, ImmediateOops: 0, NonImmediateOops: No
[2,523s][debug][gc,nmethod     ] Register NMethod: jdk.internal.access.SharedSecrets.javaUtilJarAccess (0x000072e49ed23a08) [0x000072e49ed23b00, 0x000072e49ed23bd8] Compiler: jvmci, Barriers: 1, Oops: 0, ImmediateOops: 1, NonImmediateOops: No
[2,524s][debug][gc,nmethod     ] Register NMethod: jdk.internal.loader.BuiltinClassLoader.findLoadedModule (0x000072e49ed23d08) [0x000072e49ed23e00, 0x000072e49ed24968] Compiler: jvmci, Barriers: 15, Oops: 1, ImmediateOops: 2, NonImmediateOops: No
[2,524s][debug][gc,nmethod     ] Register NMethod: io.brackit.query.compiler.AST.getChild (0x000072e47fea2708) [0x000072e47fea2800, 0x000072e47fea3e30] Compiler: c1, Barriers: 13, Oops: 2, ImmediateOops: 3, NonImmediateOops: No
[2,525s][debug][gc,nmethod     ] Register NMethod: io.brackit.query.compiler.optimizer.walker.Walker.walkInternal (0x000072e47fea3e88) [0x000072e47fea3f80, 0x000072e47fea4cc8] Compiler: c1, Barriers: 2, Oops: 1, ImmediateOops: 0, NonImmediateOops: No
[2,527s][debug][gc,nmethod     ] Register NMethod: sun.net.www.ParseUtil.encodePath (0x000072e49ed24988) [0x000072e49ed24a80, 0x000072e49ed24f00] Compiler: jvmci, Barriers: 1, Oops: 0, ImmediateOops: 0, NonImmediateOops: No
[2,527s][debug][gc,nmethod     ] Register NMethod: io.brackit.query.compiler.optimizer.walker.topdown.ScopeWalker.walkInspect (0x000072e47fea4d08) [0x000072e47fea4e00, 0x000072e47fea51c8] Compiler: c1, Barriers: 1, Oops: 1, ImmediateOops: 0, NonImmediateOops: No
[2,527s][debug][gc,nmethod     ] Register NMethod: io.brackit.query.atomic.AbstractAtomic.atomicCmp (0x000072e47fea5208) [0x000072e47fea5300, 0x000072e47fea5b30] Compiler: c1, Barriers: 0, Oops: 1, ImmediateOops: 0, NonImmediateOops: No
[2,527s][debug][gc,nmethod     ] Register NMethod: io.brackit.query.atomic.QNm.atomicCmpInternal (0x000072e47fea5b88) [0x000072e47fea5c80, 0x000072e47fea64b0] Compiler: c1, Barriers: 4, Oops: 1, ImmediateOops: 0, NonImmediateOops: No
[2,528s][debug][gc,nmethod     ] Register NMethod: io.brackit.query.compiler.optimizer.walker.topdown.ScopeWalker.inspect (0x000072e47fea6508) [0x000072e47fea6600, 0x000072e47fea7800] Compiler: c1, Barriers: 12, Oops: 1, ImmediateOops: 0, NonImmediateOops: No
[2,528s][debug][gc,director    ] Rule Major: Warmup 10%, Used: 390MB, UsedThreshold: 1228MB
[2,533s][debug][gc,nmethod     ] Register NMethod: java.util.Collections$SetFromMap.remove (0x000072e49ed24f08) [0x000072e49ed25000, 0x000072e49ed254c8] Compiler: jvmci, Barriers: 12, Oops: 0, ImmediateOops: 0, NonImmediateOops: No
[2,535s][debug][gc,nmethod     ] Register NMethod: java.util.zip.ZipFile$ZipFileInputStream.close (0x000072e49ed25508) [0x000072e49ed25600, 0x000072e49ed25e00] Compiler: jvmci, Barriers: 17, Oops: 0, ImmediateOops: 0, NonImmediateOops: No
[2,537s][debug][gc,nmethod     ] Register NMethod: java.util.logging.Level.intValue (0x000072e49ed25e08) [0x000072e49ed25f00, 0x000072e49ed25fc0] Compiler: c1, Barriers: 0, Oops: 0, ImmediateOops: 0, NonImmediateOops: No
[2,538s][debug][gc,director    ] Rule Major: Warmup 10%, Used: 390MB, UsedThreshold: 1228MB
[2,541s][debug][gc,nmethod     ] Register NMethod: io.sirix.node.xml.ElementNode.getParentKey (0x000072e47fea7888) [0x000072e47fea7980, 0x000072e47feac968] Compiler: c1, Barriers: 19, Oops: 7, ImmediateOops: 11, NonImmediateOops: No
[2,541s][debug][gc,nmethod     ] Register NMethod: java.net.URLStreamHandler.parseURL (0x000072e49ed26108) [0x000072e49ed26200, 0x000072e49ed285d8] Compiler: jvmci, Barriers: 47, Oops: 2, ImmediateOops: 5, NonImmediateOops: No
[2,545s][debug][gc,nmethod     ] Register NMethod: org.junit.platform.launcher.TestIdentifier.getParentIdObject (0x000072e47feaca08) [0x000072e47feacb00, 0x000072e47feace60] Compiler: c1, Barriers: 4, Oops: 1, ImmediateOops: 1, NonImmediateOops: No
[2,545s][debug][gc,nmethod     ] Register NMethod: java.lang.reflect.Field.getDeclaredAnnotations (0x000072e47feace88) [0x000072e47feacf80, 0x000072e47fead740] Compiler: c1, Barriers: 0, Oops: 0, ImmediateOops: 1, NonImmediateOops: No
[2,545s][debug][gc,nmethod     ] Register NMethod: java.util.stream.Stream.concat (0x000072e47fead788) [0x000072e47fead880, 0x000072e47feaedd0] Compiler: c1, Barriers: 8, Oops: 0, ImmediateOops: 0, NonImmediateOops: No
[2,546s][debug][gc,nmethod     ] Register NMethod: com.github.benmanes.caffeine.cache.SSMS.evicts (0x000072e49ed28608) [0x000072e49ed28700, 0x000072e49ed287c0] Compiler: c1, Barriers: 0, Oops: 1, ImmediateOops: 0, NonImmediateOops: No
[2,547s][debug][gc,nmethod     ] Register NMethod: io.sirix.io.bytepipe.LZ4Compressor.<init> (0x000072e47feaee08) [0x000072e47feaef00, 0x000072e47feaf058] Compiler: c1, Barriers: 0, Oops: 1, ImmediateOops: 0, NonImmediateOops: No
[2,547s][debug][gc,nmethod     ] Register NMethod: com.github.benmanes.caffeine.cache.BaseMpscLinkedArrayQueue.soElement (0x000072e47feaf108) [0x000072e47feaf200, 0x000072e47feb1308] Compiler: c1, Barriers: 3, Oops: 8, ImmediateOops: 11, NonImmediateOops: No
[2,547s][debug][gc,nmethod     ] Register NMethod: java.lang.invoke.DelegatingMethodHandle$Holder.delegate (0x000072e47feb1388) [0x000072e47feb1480, 0x000072e47feb1b88] Compiler: c1, Barriers: 0, Oops: 0, ImmediateOops: 0, NonImmediateOops: No
[2,548s][debug][gc,nmethod     ] Register NMethod: com.github.benmanes.caffeine.cache.LocalAsyncCache$CacheView.asyncCache (0x000072e49ed28908) [0x000072e49ed28a00, 0x000072e49ed28ae8] Compiler: c1, Barriers: 1, Oops: 1, ImmediateOops: 0, NonImmediateOops: No
[2,548s][debug][gc,nmethod     ] Register NMethod: io.sirix.io.RevisionFileData.offset (0x000072e49ed28c08) [0x000072e49ed28d00, 0x000072e49ed28dc0] Compiler: c1, Barriers: 0, Oops: 1, ImmediateOops: 0, NonImmediateOops: No
[2,548s][debug][gc,nmethod     ] Register NMethod: io.sirix.page.DeserializedBitmapReferencesPageTuple.getReferences (0x000072e49ed28f08) [0x000072e49ed29000, 0x000072e49ed290e8] Compiler: c1, Barriers: 1, Oops: 1, ImmediateOops: 0, NonImmediateOops: No
[2,548s][debug][gc,nmethod     ] Register NMethod: io.sirix.page.DeserializedBitmapReferencesPageTuple.getBitmap (0x000072e49ed29208) [0x000072e49ed29300, 0x000072e49ed293e8] Compiler: c1, Barriers: 1, Oops: 1, ImmediateOops: 0, NonImmediateOops: No
[2,548s][debug][gc,nmethod     ] Register NMethod: io.sirix.node.MemorySegmentBytesIn.readBoolean (0x000072e47feb1c08) [0x000072e47feb1d00, 0x000072e47feb1e98] Compiler: c1, Barriers: 0, Oops: 1, ImmediateOops: 0, NonImmediateOops: No
[2,548s][debug][gc,nmethod     ] Register NMethod: com.github.benmanes.caffeine.cache.BoundedLocalCache.notifyRemoval (0x000072e47feb1f08) [0x000072e47feb2000, 0x000072e47feb2f38] Compiler: c1, Barriers: 14, Oops: 4, ImmediateOops: 4, NonImmediateOops: No
[2,548s][debug][gc,director    ] Rule Major: Warmup 10%, Used: 392MB, UsedThreshold: 1228MB
[2,549s][debug][gc,nmethod     ] Register NMethod: java.util.regex.Pattern$GroupTail.match (0x000072e49ed29508) [0x000072e49ed29600, 0x000072e49ed29dc0] Compiler: jvmci, Barriers: 8, Oops: 0, ImmediateOops: 0, NonImmediateOops: No
[2,549s][debug][gc,nmethod     ] Register NMethod: it.unimi.dsi.fastutil.ints.Int2ObjectOpenHashMap.find (0x000072e47feb2f88) [0x000072e47feb3080, 0x000072e47feb34e8] Compiler: c1, Barriers: 1, Oops: 1, ImmediateOops: 0, NonImmediateOops: No
[2,549s][debug][gc,nmethod     ] Register NMethod: it.unimi.dsi.fastutil.ints.Int2ObjectOpenHashMap.put (0x000072e47feb3508) [0x000072e47feb3600, 0x000072e47feb3b68] Compiler: c1, Barriers: 6, Oops: 1, ImmediateOops: 0, NonImmediateOops: No
[2,549s][debug][gc,nmethod     ] Register NMethod: it.unimi.dsi.fastutil.ints.Int2ObjectOpenHashMap.insert (0x000072e47feb3b88) [0x000072e47feb3c80, 0x000072e47feb41d8] Compiler: c1, Barriers: 5, Oops: 1, ImmediateOops: 0, NonImmediateOops: No
[2,549s][debug][gc,nmethod     ] Register NMethod: it.unimi.dsi.fastutil.longs.LongArrayList.add (0x000072e47feb4208) [0x000072e47feb4300, 0x000072e47feb45d8] Compiler: c1, Barriers: 1, Oops: 1, ImmediateOops: 0, NonImmediateOops: No
[2,550s][debug][gc,nmethod     ] Register NMethod: it.unimi.dsi.fastutil.longs.LongArrayList.grow (0x000072e47feb4608) [0x000072e47feb4700, 0x000072e47feb4c60] Compiler: c1, Barriers: 5, Oops: 1, ImmediateOops: 1, NonImmediateOops: No
[2,550s][debug][gc,nmethod     ] Register NMethod: java.util.concurrent.locks.AbstractQueuedSynchronizer.compareAndSetState (0x000072e49ed29e08) [0x000072e49ed29f00, 0x000072e49ed29f90] Compiler: jvmci, Barriers: 0, Oops: 0, ImmediateOops: 0, NonImmediateOops: No
[2,550s][debug][gc,nmethod     ] Register NMethod: java.util.stream.StreamSpliterators$WrappingSpliterator$$Lambda/0x00000000b311d6b0.getAsBoolean (0x000072e47feb4c88) [0x000072e47feb4d80, 0x000072e47feb5198] Compiler: c1, Barriers: 3, Oops: 0, ImmediateOops: 0, NonImmediateOops: No
[2,550s][debug][gc,nmethod     ] Register NMethod: java.util.stream.StreamSpliterators$WrappingSpliterator.lambda$initPartialTraversalState$0 (0x000072e47feb5208) [0x000072e47feb5300, 0x000072e47feb5678] Compiler: c1, Barriers: 2, Oops: 0, ImmediateOops: 0, NonImmediateOops: No
[2,550s][debug][gc,nmethod     ] Register NMethod: jdk.internal.misc.Unsafe.putIntOpaque (0x000072e47feb5688) [0x000072e47feb5780, 0x000072e47feb5888] Compiler: c1, Barriers: 0, Oops: 0, ImmediateOops: 0, NonImmediateOops: No
[2,551s][debug][gc,nmethod     ] Register NMethod: java.lang.invoke.BoundMethodHandle.makeReinvoker (0x000072e47feb5988) [0x000072e47feb5a80, 0x000072e47feb5ff8] Compiler: c1, Barriers: 1, Oops: 1, ImmediateOops: 1, NonImmediateOops: No
[2,551s][debug][gc,nmethod     ] Register NMethod: java.nio.charset.Charset.defaultCharset (0x000072e47feb6008) [0x000072e47feb6100, 0x000072e47feb61f8] Compiler: c1, Barriers: 0, Oops: 0, ImmediateOops: 1, NonImmediateOops: No
[2,551s][debug][gc,nmethod     ] Register NMethod: java.lang.invoke.Invokers$Holder.linkToTargetMethod (0x000072e49ed2a108) [0x000072e49ed2a200, 0x000072e49ed2a308] Compiler: jvmci, Barriers: 0, Oops: 0, ImmediateOops: 0, NonImmediateOops: No
[2,551s][debug][gc,nmethod     ] Register NMethod: cn.danielw.fop.PoolConfig.getMinSize (0x000072e49ed2a408) [0x000072e49ed2a500, 0x000072e49ed2a5c0] Compiler: c1, Barriers: 0, Oops: 1, ImmediateOops: 0, NonImmediateOops: No
[2,551s][debug][gc,nmethod     ] Register NMethod: com.google.gson.stream.JsonReader.peekNumber (0x000072e47feb6308) [0x000072e47feb6400, 0x000072e47feb7108] Compiler: c1, Barriers: 1, Oops: 1, ImmediateOops: 0, NonImmediateOops: No
[2,551s][debug][gc,nmethod     ] Register NMethod: java.util.concurrent.CompletableFuture.join (0x000072e47feb7188) [0x000072e47feb7280, 0x000072e47feb7458] Compiler: c1, Barriers: 1, Oops: 0, ImmediateOops: 1, NonImmediateOops: No
[2,551s][debug][gc,nmethod     ] Register NMethod: java.util.concurrent.CompletableFuture.reportJoin (0x000072e47feb7488) [0x000072e47feb7580, 0x000072e47feb84c8] Compiler: c1, Barriers: 1, Oops: 0, ImmediateOops: 0, NonImmediateOops: No
[2,552s][debug][gc,nmethod     ] Register NMethod: java.lang.invoke.LambdaForm$MH/0x00000000b329dc00.invoke (0x000072e47feb8508) [0x000072e47feb8600, 0x000072e47feb9170] Compiler: c1, Barriers: 2, Oops: 1, ImmediateOops: 0, NonImmediateOops: No
[2,552s][debug][gc,nmethod     ] Register NMethod: java.lang.invoke.DirectMethodHandle$Holder.invokeStatic (0x000072e47feb9188) [0x000072e47feb9280, 0x000072e47feb9648] Compiler: c1, Barriers: 1, Oops: 0, ImmediateOops: 0, NonImmediateOops: No
[2,552s][debug][gc,nmethod     ] Register NMethod: java.lang.Character.codePointBefore (0x000072e49ed2a708) [0x000072e49ed2a800, 0x000072e49ed2a9b0] Compiler: jvmci, Barriers: 1, Oops: 0, ImmediateOops: 0, NonImmediateOops: No
[2,552s][debug][gc,nmethod     ] Register NMethod: java.lang.invoke.VarHandleReferences$Array.setRelease (0x000072e47feb9688) [0x000072e47feb9780, 0x000072e47febb7e8] Compiler: c1, Barriers: 5, Oops: 2, ImmediateOops: 2, NonImmediateOops: No
[2,552s][debug][gc,nmethod     ] Register NMethod: java.lang.invoke.Invokers$Holder.linkToTargetMethod (0x000072e47febb808) [0x000072e47febb900, 0x000072e47febbdf8] Compiler: c1, Barriers: 0, Oops: 0, ImmediateOops: 0, NonImmediateOops: No
[2,552s][debug][gc,nmethod     ] Register NMethod: java.lang.invoke.LambdaForm$MH/0x00000000b329c000.invoke (0x000072e47febbe08) [0x000072e47febbf00, 0x000072e47febc1f0] Compiler: c1, Barriers: 0, Oops: 1, ImmediateOops: 0, NonImmediateOops: No
[2,553s][debug][gc,nmethod     ] Register NMethod: java.util.concurrent.ForkJoinPool.submissionQueue (0x000072e47febc208) [0x000072e47febc300, 0x000072e47febd4e0] Compiler: c1, Barriers: 8, Oops: 1, ImmediateOops: 1, NonImmediateOops: No
[2,553s][debug][gc,nmethod     ] Register NMethod: io.sirix.node.MemorySegmentBytesIn.readInt (0x000072e49ed2aa08) [0x000072e49ed2ab00, 0x000072e49ed2ada8] Compiler: jvmci, Barriers: 4, Oops: 1, ImmediateOops: 0, NonImmediateOops: No
[2,555s][debug][gc,nmethod     ] Register NMethod: io.brackit.query.compiler.parser.Tokenizer.attemptSkipWS (0x000072e47febd508) [0x000072e47febd600, 0x000072e47febd9a0] Compiler: c1, Barriers: 0, Oops: 1, ImmediateOops: 0, NonImmediateOops: No
[2,555s][debug][gc,nmethod     ] Register NMethod: io.brackit.query.compiler.parser.Tokenizer.laSymSkipWS (0x000072e47febda08) [0x000072e47febdb00, 0x000072e47febdcf0] Compiler: c1, Barriers: 0, Oops: 1, ImmediateOops: 0, NonImmediateOops: No
[2,555s][debug][gc,nmethod     ] Register NMethod: io.brackit.query.compiler.parser.Tokenizer.attemptSymSkipWS (0x000072e47febdd08) [0x000072e47febde00, 0x000072e47febe248] Compiler: c1, Barriers: 0, Oops: 1, ImmediateOops: 0, NonImmediateOops: No
[2,557s][debug][gc,nmethod     ] Register NMethod: ch.qos.logback.classic.Logger.debug (0x000072e47febe288) [0x000072e47febe380, 0x000072e47febe4f0] Compiler: c1, Barriers: 0, Oops: 1, ImmediateOops: 2, NonImmediateOops: No
[2,557s][debug][gc,nmethod     ] Register NMethod: com.github.benmanes.caffeine.cache.PSMW.setWeight (0x000072e49ed2ae08) [0x000072e49ed2af00, 0x000072e49ed2afc0] Compiler: c1, Barriers: 0, Oops: 1, ImmediateOops: 0, NonImmediateOops: No
[2,558s][debug][gc,nmethod     ] Register NMethod: io.sirix.node.MemorySegmentBytesIn.readByte (0x000072e49ed2b108) [0x000072e49ed2b200, 0x000072e49ed2b440] Compiler: jvmci, Barriers: 4, Oops: 1, ImmediateOops: 0, NonImmediateOops: No
[2,558s][debug][gc,director    ] Rule Major: Warmup 10%, Used: 394MB, UsedThreshold: 1228MB
[2,559s][debug][gc,nmethod     ] Register NMethod: java.lang.invoke.MemberName.equals (0x000072e47febe588) [0x000072e47febe680, 0x000072e47febedf0] Compiler: c1, Barriers: 0, Oops: 0, ImmediateOops: 0, NonImmediateOops: No
[2,559s][debug][gc,nmethod     ] Register NMethod: cn.danielw.fop.PoolConfig.getShutdownWaitMilliseconds (0x000072e49ed2b488) [0x000072e49ed2b580, 0x000072e49ed2b640] Compiler: c1, Barriers: 0, Oops: 1, ImmediateOops: 0, NonImmediateOops: No
[2,559s][debug][gc,nmethod     ] Register NMethod: io.sirix.access.trx.page.NodeStorageEngineReader.closeCurrentPageGuard (0x000072e47febee08) [0x000072e47febef00, 0x000072e47febf778] Compiler: c1, Barriers: 4, Oops: 3, ImmediateOops: 2, NonImmediateOops: No
[2,560s][debug][gc,nmethod     ] Register NMethod: java.util.concurrent.locks.AbstractQueuedSynchronizer$ConditionObject.signal (0x000072e47febf808) [0x000072e47febf900, 0x000072e47febfde0] Compiler: c1, Barriers: 2, Oops: 0, ImmediateOops: 0, NonImmediateOops: No
[2,560s][debug][gc,nmethod     ] Register NMethod: java.util.concurrent.ArrayBlockingQueue.poll (0x000072e47febfe08) [0x000072e47febff00, 0x000072e47fec1820] Compiler: c1, Barriers: 6, Oops: 0, ImmediateOops: 0, NonImmediateOops: No
[2,561s][debug][gc,nmethod     ] Register NMethod: java.io.UnixFileSystem.list0 (0x000072e49ed2b788) [0x000072e49ed2b880, 0x000072e49ed2bbb0] Compiler: , Barriers: 0, Oops: 0, ImmediateOops: 0, NonImmediateOops: No
[2,561s][debug][gc,nmethod     ] Register NMethod: kotlin.io.FileTreeWalk.access$getDirection$p (0x000072e49ed2bc08) [0x000072e49ed2bd00, 0x000072e49ed2bdd0] Compiler: c1, Barriers: 1, Oops: 1, ImmediateOops: 0, NonImmediateOops: No
[2,561s][debug][gc,nmethod     ] Register NMethod: kotlin.io.FileTreeWalk.access$getMaxDepth$p (0x000072e49ed2bf08) [0x000072e49ed2c000, 0x000072e49ed2c0a0] Compiler: c1, Barriers: 0, Oops: 1, ImmediateOops: 0, NonImmediateOops: No
[2,561s][debug][gc,nmethod     ] Register NMethod: org.gradle.internal.serialize.kryo.KryoBackedEncoder.writeLong (0x000072e47fec1888) [0x000072e47fec1980, 0x000072e47fec1b08] Compiler: c1, Barriers: 1, Oops: 1, ImmediateOops: 0, NonImmediateOops: No
[2,562s][debug][gc,nmethod     ] Register NMethod: com.esotericsoftware.kryo.io.Output.writeLong (0x000072e47fec1b88) [0x000072e47fec1c80, 0x000072e47fec1fc8] Compiler: c1, Barriers: 1, Oops: 1, ImmediateOops: 0, NonImmediateOops: No
[2,562s][debug][gc,nmethod     ] Register NMethod: jdk.proxy3.$Proxy7.annotationType (0x000072e47fec2008) [0x000072e47fec2100, 0x000072e47fec2768] Compiler: c1, Barriers: 1, Oops: 1, ImmediateOops: 1, NonImmediateOops: No
[2,562s][debug][gc,nmethod     ] Register NMethod: java.util.ArrayList.grow (0x000072e47fec2788) [0x000072e47fec2880, 0x000072e47fec29b8] Compiler: c1, Barriers: 0, Oops: 0, ImmediateOops: 0, NonImmediateOops: No
[2,562s][debug][gc,nmethod     ] Register NMethod: java.lang.reflect.AccessibleObject.setAccessible0 (0x000072e47fec2a88) [0x000072e47fec2b80, 0x000072e47fec2c90] Compiler: c1, Barriers: 0, Oops: 0, ImmediateOops: 0, NonImmediateOops: No
[2,562s][debug][gc,nmethod     ] Register NMethod: java.lang.reflect.AccessibleObject.checkCanSetAccessible (0x000072e47fec2d88) [0x000072e47fec2e80, 0x000072e47fec2fb8] Compiler: c1, Barriers: 0, Oops: 0, ImmediateOops: 0, NonImmediateOops: No
[2,562s][debug][gc,nmethod     ] Register NMethod: java.lang.reflect.AccessibleObject.isAccessible (0x000072e49ed2c208) [0x000072e49ed2c300, 0x000072e49ed2c3c0] Compiler: c1, Barriers: 0, Oops: 0, ImmediateOops: 0, NonImmediateOops: No
[2,562s][debug][gc,nmethod     ] Register NMethod: org.junit.platform.engine.UniqueId$Segment.<init> (0x000072e47fec3088) [0x000072e47fec3180, 0x000072e47fec4390] Compiler: c1, Barriers: 8, Oops: 3, ImmediateOops: 2, NonImmediateOops: No
[2,563s][debug][gc,nmethod     ] Register NMethod: com.esotericsoftware.kryo.io.Output.writeString (0x000072e47fec4408) [0x000072e47fec4500, 0x000072e47fec4dc0] Compiler: c1, Barriers: 1, Oops: 1, ImmediateOops: 0, NonImmediateOops: No
[2,563s][debug][gc,nmethod     ] Register NMethod: org.junit.platform.engine.support.hierarchical.ThrowableCollector.execute (0x000072e47fec4e08) [0x000072e47fec4f00, 0x000072e47fec52c0] Compiler: c1, Barriers: 0, Oops: 1, ImmediateOops: 0, NonImmediateOops: No
[2,563s][debug][gc,nmethod     ] Register NMethod: java.lang.reflect.AccessibleObject.checkCanSetAccessible (0x000072e47fec5308) [0x000072e47fec5400, 0x000072e47fec7d18] Compiler: c1, Barriers: 3, Oops: 0, ImmediateOops: 3, NonImmediateOops: No
[2,563s][debug][gc,nmethod     ] Register NMethod: dagger.internal.DoubleCheck.<init> (0x000072e47fec7d88) [0x000072e47fec7e80, 0x000072e47fec81f0] Compiler: c1, Barriers: 6, Oops: 1, ImmediateOops: 1, NonImmediateOops: No
[2,563s][debug][gc,nmethod     ] Register NMethod: dagger.internal.DoubleCheck.provider (0x000072e47fec8208) [0x000072e47fec8300, 0x000072e47fec8aa8] Compiler: c1, Barriers: 6, Oops: 1, ImmediateOops: 1, NonImmediateOops: No
[2,564s][debug][gc,nmethod     ] Register NMethod: dagger.internal.DoubleCheck.reentrantCheck (0x000072e47fec8b08) [0x000072e47fec8c00, 0x000072e47fecaca0] Compiler: c1, Barriers: 0, Oops: 4, ImmediateOops: 7, NonImmediateOops: No
[2,565s][debug][gc,nmethod     ] Register NMethod: java.util.concurrent.CountedCompleter.addToPendingCount (0x000072e47fecad08) [0x000072e47fecae00, 0x000072e47fecaf08] Compiler: c1, Barriers: 0, Oops: 0, ImmediateOops: 0, NonImmediateOops: No
[2,565s][debug][gc,nmethod     ] Register NMethod: java.util.concurrent.ForkJoinTask.fork (0x000072e47fecb008) [0x000072e47fecb100, 0x000072e47fecbb38] Compiler: c1, Barriers: 3, Oops: 1, ImmediateOops: 1, NonImmediateOops: No
[2,566s][debug][gc,nmethod     ] Register NMethod: java.util.HashMap.clear (0x000072e47fecbb88) [0x000072e47fecbc80, 0x000072e47fecc170] Compiler: c1, Barriers: 4, Oops: 0, ImmediateOops: 0, NonImmediateOops: No
[2,568s][debug][gc,nmethod     ] Register NMethod: java.util.concurrent.ConcurrentHashMap.transfer (0x000072e49ed2c508) [0x000072e49ed2c600, 0x000072e49ed2d6d8] Compiler: jvmci, Barriers: 43, Oops: 1, ImmediateOops: 0, NonImmediateOops: No
[2,568s][debug][gc,nmethod     ] Register NMethod: jdk.internal.misc.Unsafe.putReferenceOpaque (0x000072e49ed2d708) [0x000072e49ed2d800, 0x000072e49ed2d8f0] Compiler: jvmci, Barriers: 3, Oops: 0, ImmediateOops: 0, NonImmediateOops: No
[2,568s][debug][gc,director    ] Rule Major: Warmup 10%, Used: 398MB, UsedThreshold: 1228MB
[2,569s][debug][gc,nmethod     ] Register NMethod: java.io.FileInputStream.available0 (0x000072e49ed2da08) [0x000072e49ed2db00, 0x000072e49ed2dc58] Compiler: , Barriers: 0, Oops: 0, ImmediateOops: 0, NonImmediateOops: No
[2,570s][debug][gc,nmethod     ] Register NMethod: com.google.gson.stream.JsonReader.push (0x000072e47fecc188) [0x000072e47fecc280, 0x000072e47feccb48] Compiler: c1, Barriers: 14, Oops: 1, ImmediateOops: 0, NonImmediateOops: No
[2,570s][debug][gc,nmethod     ] Register NMethod: java.util.regex.Pattern$Start.match (0x000072e49ed2dd08) [0x000072e49ed2de00, 0x000072e49ed2e7a0] Compiler: jvmci, Barriers: 8, Oops: 0, ImmediateOops: 1, NonImmediateOops: No
[2,570s][debug][gc,nmethod     ] Register NMethod: org.junit.platform.commons.util.AnnotationUtils.findMetaAnnotation (0x000072e49ed2e808) [0x000072e49ed2e900, 0x000072e49ed2f258] Compiler: jvmci, Barriers: 11, Oops: 2, ImmediateOops: 4, NonImmediateOops: No
[2,570s][debug][gc,nmethod     ] Register NMethod: sun.reflect.annotation.AnnotationInvocationHandler.invoke (0x000072e49ed2f288) [0x000072e49ed2f380, 0x000072e49ed2fac0] Compiler: jvmci, Barriers: 9, Oops: 0, ImmediateOops: 6, NonImmediateOops: No
[2,571s][debug][gc,nmethod     ] Register NMethod: it.unimi.dsi.fastutil.longs.AbstractLongList.push (0x000072e47feccb88) [0x000072e47feccc80, 0x000072e47feccdc8] Compiler: c1, Barriers: 0, Oops: 1, ImmediateOops: 0, NonImmediateOops: No
[2,571s][debug][gc,nmethod     ] Register NMethod: io.sirix.node.delegates.NodeDelegate.getParentKey (0x000072e49ed2fb08) [0x000072e49ed2fc00, 0x000072e49ed2fcc0] Compiler: c1, Barriers: 0, Oops: 1, ImmediateOops: 0, NonImmediateOops: No
[2,572s][debug][gc,nmethod     ] Register NMethod: it.unimi.dsi.fastutil.longs.AbstractLongList.popLong (0x000072e47fecce88) [0x000072e47feccf80, 0x000072e47fecd2a8] Compiler: c1, Barriers: 0, Oops: 1, ImmediateOops: 0, NonImmediateOops: No
[2,572s][debug][gc,nmethod     ] Register NMethod: it.unimi.dsi.fastutil.longs.LongArrayList.removeLong (0x000072e47fecd308) [0x000072e47fecd400, 0x000072e47feceb30] Compiler: c1, Barriers: 2, Oops: 4, ImmediateOops: 4, NonImmediateOops: No
[2,572s][debug][gc,nmethod     ] Register NMethod: io.sirix.node.json.ArrayNode.getKind (0x000072e47feceb88) [0x000072e47fecec80, 0x000072e47feced88] Compiler: c1, Barriers: 0, Oops: 1, ImmediateOops: 1, NonImmediateOops: No
[2,572s][debug][gc,nmethod     ] Register NMethod: io.sirix.node.xml.AbstractStructForwardingNode.hasRightSibling (0x000072e47fecee88) [0x000072e47fecef80, 0x000072e47fecf548] Compiler: c1, Barriers: 0, Oops: 1, ImmediateOops: 1, NonImmediateOops: No
[2,572s][debug][gc,nmethod     ] Register NMethod: it.unimi.dsi.fastutil.longs.LongArrayList.getLong (0x000072e47fecf588) [0x000072e47fecf680, 0x000072e47fed0b10] Compiler: c1, Barriers: 1, Oops: 4, ImmediateOops: 4, NonImmediateOops: No
[2,572s][debug][gc,nmethod     ] Register NMethod: io.sirix.node.delegates.StructNodeDelegate.getLeftSiblingKey (0x000072e49ed2fe08) [0x000072e49ed2ff00, 0x000072e49ed2ffc0] Compiler: c1, Barriers: 0, Oops: 1, ImmediateOops: 0, NonImmediateOops: No
[2,572s][debug][gc,nmethod     ] Register NMethod: io.sirix.node.delegates.StructNodeDelegate.hasRightSibling (0x000072e47fed0b88) [0x000072e47fed0c80, 0x000072e47fed0fd8] Compiler: c1, Barriers: 0, Oops: 1, ImmediateOops: 1, NonImmediateOops: No
[2,572s][debug][gc,nmethod     ] Register NMethod: io.sirix.node.json.StringNode.getNodeKey (0x000072e49ed30108) [0x000072e49ed30200, 0x000072e49ed302c0] Compiler: c1, Barriers: 0, Oops: 1, ImmediateOops: 0, NonImmediateOops: No
[2,572s][debug][gc,nmethod     ] Register NMethod: jdk.internal.foreign.AbstractMemorySegmentImpl.asSlice (0x000072e47fed1008) [0x000072e47fed1100, 0x000072e47fed13f8] Compiler: c1, Barriers: 0, Oops: 0, ImmediateOops: 0, NonImmediateOops: No
[2,573s][debug][gc,nmethod     ] Register NMethod: io.sirix.settings.VersioningType$4.combineRecordPagesForModification (0x000072e47fed1408) [0x000072e47fed1500, 0x000072e47feda468] Compiler: c1, Barriers: 27, Oops: 1, ImmediateOops: 0, NonImmediateOops: No
[2,573s][debug][gc,nmethod     ] Register NMethod: net.openhft.hashing.UnsafeAccess.byteOrder (0x000072e47feda488) [0x000072e47feda580, 0x000072e47feda6e0] Compiler: c1, Barriers: 0, Oops: 1, ImmediateOops: 1, NonImmediateOops: No
[2,573s][debug][gc,nmethod     ] Register NMethod: net.openhft.hashing.LongHashFunction.unsafeHash (0x000072e47feda788) [0x000072e47feda880, 0x000072e47fedab90] Compiler: c1, Barriers: 0, Oops: 1, ImmediateOops: 1, NonImmediateOops: No
[2,573s][debug][gc,nmethod     ] Register NMethod: jdk.internal.foreign.AbstractMemorySegmentImpl.asSlice (0x000072e47fedac08) [0x000072e47fedad00, 0x000072e47fedb140] Compiler: c1, Barriers: 0, Oops: 0, ImmediateOops: 0, NonImmediateOops: No
[2,573s][debug][gc,nmethod     ] Register NMethod: net.openhft.hashing.Access.byteOrder (0x000072e47fedb188) [0x000072e47fedb280, 0x000072e47fedb7d8] Compiler: c1, Barriers: 0, Oops: 1, ImmediateOops: 0, NonImmediateOops: No
[2,573s][debug][gc,nmethod     ] Register NMethod: net.openhft.hashing.XXH3.access$100 (0x000072e47fedb808) [0x000072e47fedb900, 0x000072e47fedb9e8] Compiler: c1, Barriers: 0, Oops: 1, ImmediateOops: 1, NonImmediateOops: No
[2,573s][debug][gc,nmethod     ] Register NMethod: net.openhft.hashing.XXH3.access$500 (0x000072e47fedbb08) [0x000072e47fedbc00, 0x000072e47fedbd10] Compiler: c1, Barriers: 0, Oops: 1, ImmediateOops: 0, NonImmediateOops: No
[2,573s][debug][gc,nmethod     ] Register NMethod: net.openhft.hashing.XXH3.XXH3_avalanche (0x000072e47fedbe08) [0x000072e47fedbf00, 0x000072e47fedc010] Compiler: c1, Barriers: 0, Oops: 1, ImmediateOops: 0, NonImmediateOops: No
[2,573s][debug][gc,nmethod     ] Register NMethod: net.openhft.hashing.XXH3$AsLongHashFunction.hash (0x000072e47fedc108) [0x000072e47fedc200, 0x000072e47fedca50] Compiler: c1, Barriers: 0, Oops: 3, ImmediateOops: 2, NonImmediateOops: No
[2,573s][debug][gc,nmethod     ] Register NMethod: io.sirix.access.trx.node.json.ForwardingJsonNodeReadOnlyTrx.moveTo (0x000072e47fedca88) [0x000072e47fedcb80, 0x000072e47fedd180] Compiler: c1, Barriers: 1, Oops: 1, ImmediateOops: 0, NonImmediateOops: No
[2,573s][debug][gc,nmethod     ] Register NMethod: net.openhft.hashing.LongHashFunction.hashBytes (0x000072e47fedd208) [0x000072e47fedd300, 0x000072e47fedd448] Compiler: c1, Barriers: 0, Oops: 1, ImmediateOops: 0, NonImmediateOops: No
[2,573s][debug][gc,nmethod     ] Register NMethod: io.sirix.node.json.ObjectBooleanNode.getNodeKey (0x000072e49ed30408) [0x000072e49ed30500, 0x000072e49ed305c0] Compiler: c1, Barriers: 0, Oops: 1, ImmediateOops: 0, NonImmediateOops: No
[2,573s][debug][gc,nmethod     ] Register NMethod: io.sirix.access.trx.node.json.JsonNodeHashing.getCurrentNode (0x000072e47fedd508) [0x000072e47fedd600, 0x000072e47fedd970] Compiler: c1, Barriers: 2, Oops: 1, ImmediateOops: 0, NonImmediateOops: No
[2,573s][debug][gc,nmethod     ] Register NMethod: java.lang.Math.multiplyHigh (0x000072e49ed30708) [0x000072e49ed30800, 0x000072e49ed308b0] Compiler: jvmci, Barriers: 0, Oops: 0, ImmediateOops: 0, NonImmediateOops: No
[2,573s][debug][gc,nmethod     ] Register NMethod: io.sirix.index.path.summary.PathNode.getLevel (0x000072e49ed30a08) [0x000072e49ed30b00, 0x000072e49ed30bc0] Compiler: c1, Barriers: 0, Oops: 1, ImmediateOops: 0, NonImmediateOops: No
[2,573s][debug][gc,nmethod     ] Register NMethod: java.util.stream.SpinedBuffer.clear (0x000072e47fedd988) [0x000072e47fedda80, 0x000072e47fede500] Compiler: c1, Barriers: 19, Oops: 0, ImmediateOops: 0, NonImmediateOops: No
[2,574s][debug][gc,nmethod     ] Register NMethod: java.util.stream.SpinedBuffer.capacity (0x000072e47fede508) [0x000072e47fede600, 0x000072e47fede8a0] Compiler: c1, Barriers: 4, Oops: 0, ImmediateOops: 0, NonImmediateOops: No
[2,574s][debug][gc,nmethod     ] Register NMethod: java.lang.ref.SoftReference.get (0x000072e49ed30d08) [0x000072e49ed30e00, 0x000072e49ed30f38] Compiler: jvmci, Barriers: 2, Oops: 0, ImmediateOops: 1, NonImmediateOops: No
[2,574s][debug][gc,nmethod     ] Register NMethod: io.sirix.node.json.ObjectKeyNode.getRightSiblingKey (0x000072e47fede908) [0x000072e47fedea00, 0x000072e47fee39f0] Compiler: c1, Barriers: 19, Oops: 7, ImmediateOops: 11, NonImmediateOops: No
[2,577s][debug][gc,nmethod     ] Register NMethod: io.sirix.node.MemorySegmentBytesOut.writeLong (0x000072e49ed31008) [0x000072e49ed31100, 0x000072e49ed315a8] Compiler: jvmci, Barriers: 7, Oops: 1, ImmediateOops: 0, NonImmediateOops: No
[2,578s][debug][gc,nmethod     ] Register NMethod: java.lang.invoke.Invokers$Holder.linkToTargetMethod (0x000072e47fee3a88) [0x000072e47fee3b80, 0x000072e47fee4078] Compiler: c1, Barriers: 0, Oops: 0, ImmediateOops: 0, NonImmediateOops: No
[2,578s][debug][gc,nmethod     ] Register NMethod: io.sirix.node.GrowingMemorySegment.writeInt (0x000072e49ed31608) [0x000072e49ed31700, 0x000072e49ed31b30] Compiler: jvmci, Barriers: 6, Oops: 1, ImmediateOops: 0, NonImmediateOops: No
[2,579s][debug][gc,director    ] Rule Major: Warmup 10%, Used: 402MB, UsedThreshold: 1228MB
[2,579s][debug][gc,nmethod     ] Register NMethod: sun.nio.fs.UnixPath.compareTo (0x000072e47fee4088) [0x000072e47fee4180, 0x000072e47fee4528] Compiler: c1, Barriers: 2, Oops: 0, ImmediateOops: 0, NonImmediateOops: No
[2,579s][debug][gc,nmethod     ] Register NMethod: java.util.Arrays.compareUnsigned (0x000072e47fee4588) [0x000072e47fee4680, 0x000072e47fee4b80] Compiler: c1, Barriers: 0, Oops: 0, ImmediateOops: 0, NonImmediateOops: No
[2,579s][debug][gc,nmethod     ] Register NMethod: io.sirix.access.trx.page.NodeStorageEngineReader.close (0x000072e47fee4b88) [0x000072e47fee4c80, 0x000072e47fee7b38] Compiler: c1, Barriers: 30, Oops: 1, ImmediateOops: 5, NonImmediateOops: No
[2,579s][debug][gc,nmethod     ] Register NMethod: net.openhft.hashing.XXH3.XXH3_64bits_internal (0x000072e47fee7b88) [0x000072e47fee7c80, 0x000072e47ff06648] Compiler: c1, Barriers: 0, Oops: 3, ImmediateOops: 136, NonImmediateOops: No
[2,580s][debug][gc,nmethod     ] Register NMethod: java.util.ArrayList.clear (0x000072e47ff06688) [0x000072e47ff06780, 0x000072e47ff06c38] Compiler: c1, Barriers: 4, Oops: 0, ImmediateOops: 0, NonImmediateOops: No
[2,580s][debug][gc,nmethod     ] Register NMethod: java.io.FileOutputStream.writeBytes (0x000072e49ed31b88) [0x000072e49ed31c80, 0x000072e49ed31dd8] Compiler: , Barriers: 0, Oops: 0, ImmediateOops: 0, NonImmediateOops: No
[2,581s][debug][gc,nmethod     ] Register NMethod: io.sirix.node.GrowingMemorySegment.writeLong (0x000072e49ed31e88) [0x000072e49ed31f80, 0x000072e49ed323c0] Compiler: jvmci, Barriers: 6, Oops: 1, ImmediateOops: 0, NonImmediateOops: No
[2,581s][debug][gc,nmethod     ] Register NMethod: sun.nio.fs.UnixException.errno (0x000072e49ed32408) [0x000072e49ed32500, 0x000072e49ed325c0] Compiler: c1, Barriers: 0, Oops: 0, ImmediateOops: 0, NonImmediateOops: No
[2,581s][debug][gc,nmethod     ] Register NMethod: io.sirix.access.trx.page.NodeStorageEngineReader.getRevisionNumber (0x000072e47ff06c88) [0x000072e47ff06d80, 0x000072e47ff073c0] Compiler: c1, Barriers: 1, Oops: 1, ImmediateOops: 1, NonImmediateOops: No
[2,582s][debug][gc,nmethod     ] Register NMethod: java.util.stream.ReferencePipeline$$Lambda/0x00000000b3210170.apply (0x000072e47ff07408) [0x000072e47ff07500, 0x000072e47ff076e0] Compiler: c1, Barriers: 0, Oops: 0, ImmediateOops: 0, NonImmediateOops: No
[2,582s][debug][gc,nmethod     ] Register NMethod: java.util.stream.ReferencePipeline.lambda$toArray$0 (0x000072e47ff07708) [0x000072e47ff07800, 0x000072e47ff07968] Compiler: c1, Barriers: 0, Oops: 0, ImmediateOops: 0, NonImmediateOops: No
[2,582s][debug][gc,nmethod     ] Register NMethod: io.sirix.page.SerializationType.serializeBitSet (0x000072e47ff07a08) [0x000072e47ff07b00, 0x000072e47ff07ec8] Compiler: c1, Barriers: 2, Oops: 1, ImmediateOops: 0, NonImmediateOops: No
[2,582s][debug][gc,nmethod     ] Register NMethod: java.util.ArrayList.sortRange (0x000072e47ff07f08) [0x000072e47ff08000, 0x000072e47ff08230] Compiler: c1, Barriers: 1, Oops: 0, ImmediateOops: 0, NonImmediateOops: No
[2,582s][debug][gc,nmethod     ] Register NMethod: java.util.stream.SpinedBuffer.ensureCapacity (0x000072e47ff08288) [0x000072e47ff08380, 0x000072e47ff09b80] Compiler: c1, Barriers: 26, Oops: 0, ImmediateOops: 0, NonImmediateOops: No
[2,583s][debug][gc,nmethod     ] Register NMethod: java.lang.Long.valueOf (0x000072e49ed32708) [0x000072e49ed32800, 0x000072e49ed329a8] Compiler: jvmci, Barriers: 1, Oops: 0, ImmediateOops: 1, NonImmediateOops: No
[2,585s][debug][gc,nmethod     ] Register NMethod: io.sirix.io.filechannel.FileChannelStorage.getDataFilePath (0x000072e47ff09b88) [0x000072e47ff09c80, 0x000072e47ff0a6a8] Compiler: c1, Barriers: 3, Oops: 2, ImmediateOops: 2, NonImmediateOops: No
[2,586s][debug][gc,nmethod     ] Register NMethod: com.github.benmanes.caffeine.cache.Node.inWindow (0x000072e47ff0a708) [0x000072e47ff0a800, 0x000072e47ff0ab48] Compiler: c1, Barriers: 0, Oops: 1, ImmediateOops: 0, NonImmediateOops: No
[2,586s][debug][gc,nmethod     ] Register NMethod: java.util.concurrent.ForkJoinPool.deactivate (0x000072e49ed32a08) [0x000072e49ed32b00, 0x000072e49ed33950] Compiler: jvmci, Barriers: 28, Oops: 0, ImmediateOops: 1, NonImmediateOops: No
[2,586s][debug][gc,nmethod     ] Register NMethod: it.unimi.dsi.fastutil.ints.Int2LongOpenHashMap.<init> (0x000072e47ff0ab88) [0x000072e47ff0aca0, 0x000072e47ff0add8] Compiler: c1, Barriers: 0, Oops: 1, ImmediateOops: 0, NonImmediateOops: No
[2,586s][debug][gc,nmethod     ] Register NMethod: it.unimi.dsi.fastutil.ints.Int2IntOpenHashMap.<init> (0x000072e47ff0ae88) [0x000072e47ff0afa0, 0x000072e47ff0b0d8] Compiler: c1, Barriers: 0, Oops: 1, ImmediateOops: 0, NonImmediateOops: No
[2,586s][debug][gc,nmethod     ] Register NMethod: java.nio.HeapByteBuffer.get (0x000072e47ff0b188) [0x000072e47ff0b280, 0x000072e47ff0b6c0] Compiler: c1, Barriers: 1, Oops: 1, ImmediateOops: 1, NonImmediateOops: No
[2,587s][debug][gc,nmethod     ] Register NMethod: java.lang.Long.hashCode (0x000072e49ed33988) [0x000072e49ed33a80, 0x000072e49ed33b18] Compiler: jvmci, Barriers: 0, Oops: 0, ImmediateOops: 0, NonImmediateOops: No
[2,587s][debug][gc,nmethod     ] Register NMethod: io.brackit.query.atomic.QNm.getNamespaceURI (0x000072e49ed33c88) [0x000072e49ed33d80, 0x000072e49ed33e68] Compiler: c1, Barriers: 1, Oops: 1, ImmediateOops: 0, NonImmediateOops: No
[2,587s][debug][gc,nmethod     ] Register NMethod: it.unimi.dsi.fastutil.ints.Int2LongOpenHashMap.getOrDefault (0x000072e47ff0b708) [0x000072e47ff0b800, 0x000072e47ff0bd58] Compiler: c1, Barriers: 4, Oops: 1, ImmediateOops: 0, NonImmediateOops: No
[2,587s][debug][gc,nmethod     ] Register NMethod: com.sun.org.apache.xerces.internal.util.XMLResourceIdentifierImpl.getPublicId (0x000072e49ed33f88) [0x000072e49ed34080, 0x000072e49ed34168] Compiler: c1, Barriers: 1, Oops: 0, ImmediateOops: 0, NonImmediateOops: No
[2,587s][debug][gc,nmethod     ] Register NMethod: com.sun.org.apache.xerces.internal.util.XMLResourceIdentifierImpl.getExpandedSystemId (0x000072e49ed34288) [0x000072e49ed34380, 0x000072e49ed34468] Compiler: c1, Barriers: 1, Oops: 0, ImmediateOops: 0, NonImmediateOops: No
[2,587s][debug][gc,nmethod     ] Register NMethod: io.sirix.node.MemorySegmentBytesIn.getUnderlying (0x000072e47ff0bd88) [0x000072e47ff0be80, 0x000072e47ff0c400] Compiler: c1, Barriers: 1, Oops: 1, ImmediateOops: 0, NonImmediateOops: No
[2,587s][debug][gc,nmethod     ] Register NMethod: io.sirix.node.MemorySegmentBytesIn.getUnderlying (0x000072e47ff0c488) [0x000072e47ff0c580, 0x000072e47ff0cb68] Compiler: c1, Barriers: 1, Oops: 1, ImmediateOops: 0, NonImmediateOops: No
[2,588s][debug][gc,nmethod     ] Register NMethod: com.sun.xml.internal.stream.events.DummyEvent.setEventType (0x000072e49ed34588) [0x000072e49ed34680, 0x000072e49ed34740] Compiler: c1, Barriers: 0, Oops: 0, ImmediateOops: 0, NonImmediateOops: No
[2,588s][debug][gc,nmethod     ] Register NMethod: io.sirix.access.trx.node.AbstractNodeTrxImpl.getCurrentNode (0x000072e47ff0cb88) [0x000072e47ff0cc80, 0x000072e47ff0cff0] Compiler: c1, Barriers: 2, Oops: 1, ImmediateOops: 0, NonImmediateOops: No
[2,588s][debug][gc,nmethod     ] Register NMethod: com.sun.org.apache.xerces.internal.impl.XMLStreamReaderImpl.getEventType (0x000072e49ed34888) [0x000072e49ed34980, 0x000072e49ed34a40] Compiler: c1, Barriers: 0, Oops: 0, ImmediateOops: 0, NonImmediateOops: No
[2,588s][debug][gc,nmethod     ] Register NMethod: com.sun.org.apache.xerces.internal.impl.XMLDocumentFragmentScannerImpl.getElementQName (0x000072e47ff0d008) [0x000072e47ff0d100, 0x000072e47ff0d718] Compiler: c1, Barriers: 21, Oops: 0, ImmediateOops: 0, NonImmediateOops: No
[2,588s][debug][gc,nmethod     ] Register NMethod: com.sun.org.apache.xerces.internal.impl.XMLEntityScanner.checkBeforeLoad (0x000072e47ff0d788) [0x000072e47ff0d880, 0x000072e47ff0ddd8] Compiler: c1, Barriers: 4, Oops: 0, ImmediateOops: 1, NonImmediateOops: No
[2,588s][debug][gc,nmethod     ] Register NMethod: io.sirix.utils.XMLToken.cl (0x000072e47ff0de08) [0x000072e47ff0df00, 0x000072e47ff0e060] Compiler: c1, Barriers: 0, Oops: 1, ImmediateOops: 1, NonImmediateOops: No
[2,588s][debug][gc,nmethod     ] Register NMethod: io.sirix.utils.XMLToken.cl (0x000072e47ff0e108) [0x000072e47ff0e200, 0x000072e47ff0e3e0] Compiler: c1, Barriers: 0, Oops: 1, ImmediateOops: 1, NonImmediateOops: No
[2,588s][debug][gc,nmethod     ] Register NMethod: com.sun.org.apache.xerces.internal.util.XMLAttributesImpl.getLength (0x000072e49ed34b88) [0x000072e49ed34c80, 0x000072e49ed34d40] Compiler: c1, Barriers: 0, Oops: 0, ImmediateOops: 0, NonImmediateOops: No
[2,588s][debug][gc,nmethod     ] Register NMethod: io.sirix.utils.XMLToken.cp (0x000072e47ff0e408) [0x000072e47ff0e500, 0x000072e47ff0e938] Compiler: c1, Barriers: 0, Oops: 1, ImmediateOops: 1, NonImmediateOops: No
[2,588s][debug][gc,nmethod     ] Register NMethod: io.sirix.utils.XMLToken.isNCStartChar (0x000072e47ff0e988) [0x000072e47ff0ea80, 0x000072e47ff0f0f0] Compiler: c1, Barriers: 0, Oops: 1, ImmediateOops: 0, NonImmediateOops: No
[2,588s][debug][gc,nmethod     ] Register NMethod: io.sirix.index.path.summary.PathSummaryReader.getPathNode (0x000072e47ff0f108) [0x000072e47ff0f200, 0x000072e47ff0f900] Compiler: c1, Barriers: 1, Oops: 1, ImmediateOops: 1, NonImmediateOops: No
[2,588s][debug][gc,nmethod     ] Register NMethod: com.sun.org.apache.xerces.internal.impl.XMLEntityScanner.peekChar (0x000072e47ff0f988) [0x000072e47ff0fa80, 0x000072e47ff0ff38] Compiler: c1, Barriers: 3, Oops: 0, ImmediateOops: 0, NonImmediateOops: No
[2,589s][debug][gc,nmethod     ] Register NMethod: io.sirix.access.trx.node.xml.ForwardingXmlNodeReadOnlyTrx.getNodeKey (0x000072e47ff0ff88) [0x000072e47ff10080, 0x000072e47ff10678] Compiler: c1, Barriers: 1, Oops: 1, ImmediateOops: 0, NonImmediateOops: No
[2,589s][debug][gc,director    ] Rule Major: Warmup 10%, Used: 406MB, UsedThreshold: 1228MB
[2,589s][debug][gc,nmethod     ] Register NMethod: java.util.ArrayList.sort (0x000072e47ff10688) [0x000072e47ff10780, 0x000072e47ff108e0] Compiler: c1, Barriers: 0, Oops: 0, ImmediateOops: 0, NonImmediateOops: No
[2,589s][debug][gc,nmethod     ] Register NMethod: java.util.stream.SortedOps$RefSortingSink.begin (0x000072e47ff10988) [0x000072e47ff10a80, 0x000072e47ff11040] Compiler: c1, Barriers: 6, Oops: 0, ImmediateOops: 2, NonImmediateOops: No
[2,589s][debug][gc,nmethod     ] Register NMethod: io.sirix.node.xml.ElementNode.getLeftSiblingKey (0x000072e47ff11088) [0x000072e47ff11180, 0x000072e47ff16170] Compiler: c1, Barriers: 19, Oops: 7, ImmediateOops: 11, NonImmediateOops: No
[2,590s][debug][gc,nmethod     ] Register NMethod: java.util.stream.SortedOps$RefSortingSink.end (0x000072e47ff16208) [0x000072e47ff16300, 0x000072e47ff17f68] Compiler: c1, Barriers: 20, Oops: 1, ImmediateOops: 2, NonImmediateOops: No
[2,590s][debug][gc,nmethod     ] Register NMethod: io.sirix.node.xml.ElementNode.hasFirstChild (0x000072e47ff17f88) [0x000072e47ff18080, 0x000072e47ff1d4b8] Compiler: c1, Barriers: 19, Oops: 7, ImmediateOops: 12, NonImmediateOops: No
[2,590s][debug][gc,nmethod     ] Register NMethod: io.sirix.node.xml.ElementNode.getDescendantCount (0x000072e47ff1d508) [0x000072e47ff1d600, 0x000072e47ff20e78] Compiler: c1, Barriers: 7, Oops: 6, ImmediateOops: 10, NonImmediateOops: No
[2,592s][debug][gc,nmethod     ] Register NMethod: io.sirix.page.PageReference.getDatabaseId (0x000072e49ed34e88) [0x000072e49ed34f80, 0x000072e49ed35040] Compiler: c1, Barriers: 0, Oops: 1, ImmediateOops: 0, NonImmediateOops: No
[2,592s][debug][gc,nmethod     ] Register NMethod: io.sirix.page.PageReference.getResourceId (0x000072e49ed35188) [0x000072e49ed35280, 0x000072e49ed35340] Compiler: c1, Barriers: 0, Oops: 1, ImmediateOops: 0, NonImmediateOops: No
[2,592s][debug][gc,nmethod     ] Register NMethod: java.lang.invoke.VarHandleLongs$FieldInstanceReadWrite.compareAndSet (0x000072e47ff20f08) [0x000072e47ff21000, 0x000072e47ff21a40] Compiler: c1, Barriers: 1, Oops: 1, ImmediateOops: 0, NonImmediateOops: No
[2,592s][debug][gc,nmethod     ] Register NMethod: com.github.benmanes.caffeine.cache.AccessOrderDeque.contains (0x000072e47ff21a88) [0x000072e47ff21b80, 0x000072e47ff22178] Compiler: c1, Barriers: 1, Oops: 1, ImmediateOops: 0, NonImmediateOops: No
[2,592s][debug][gc,nmethod     ] Register NMethod: java.util.concurrent.ForkJoinTask.setNoUserHelp (0x000072e47ff22188) [0x000072e47ff22280, 0x000072e47ff22390] Compiler: c1, Barriers: 0, Oops: 0, ImmediateOops: 0, NonImmediateOops: No
[2,592s][debug][gc,nmethod     ] Register NMethod: java.util.concurrent.CompletableFuture.<init> (0x000072e47ff22488) [0x000072e47ff22580, 0x000072e47ff226d8] Compiler: c1, Barriers: 0, Oops: 0, ImmediateOops: 0, NonImmediateOops: No
[2,592s][debug][gc,nmethod     ] Register NMethod: java.util.concurrent.ConcurrentLinkedDeque.updateHead (0x000072e47ff22788) [0x000072e47ff22880, 0x000072e47ff22f80] Compiler: c1, Barriers: 6, Oops: 1, ImmediateOops: 1, NonImmediateOops: No
[2,593s][debug][gc,nmethod     ] Register NMethod: java.util.concurrent.ConcurrentLinkedDeque.updateTail (0x000072e47ff23008) [0x000072e47ff23100, 0x000072e47ff23800] Compiler: c1, Barriers: 6, Oops: 1, ImmediateOops: 1, NonImmediateOops: No
[2,593s][debug][gc,nmethod     ] Register NMethod: io.sirix.node.HashEntryNode.getKind (0x000072e47ff23888) [0x000072e47ff23980, 0x000072e47ff23a88] Compiler: c1, Barriers: 0, Oops: 1, ImmediateOops: 1, NonImmediateOops: No
[2,593s][debug][gc,nmethod     ] Register NMethod: io.sirix.node.HashEntryNode.getKind (0x000072e47ff23b88) [0x000072e47ff23c80, 0x000072e47ff23fa0] Compiler: c1, Barriers: 0, Oops: 1, ImmediateOops: 1, NonImmediateOops: No
[2,593s][debug][gc,nmethod     ] Register NMethod: java.util.concurrent.ConcurrentLinkedDeque.skipDeletedSuccessors (0x000072e47ff24008) [0x000072e47ff24100, 0x000072e47ff25e30] Compiler: c1, Barriers: 11, Oops: 5, ImmediateOops: 11, NonImmediateOops: No
[2,593s][debug][gc,nmethod     ] Register NMethod: io.sirix.node.MemorySegmentBytesOut.writeInt (0x000072e49ed35488) [0x000072e49ed35580, 0x000072e49ed35a10] Compiler: jvmci, Barriers: 7, Oops: 1, ImmediateOops: 0, NonImmediateOops: No
[2,593s][debug][gc,nmethod     ] Register NMethod: java.util.concurrent.ConcurrentLinkedDeque.skipDeletedPredecessors (0x000072e47ff25e88) [0x000072e47ff25f80, 0x000072e47ff27cb0] Compiler: c1, Barriers: 11, Oops: 5, ImmediateOops: 11, NonImmediateOops: No
[2,593s][debug][gc,nmethod     ] Register NMethod: io.sirix.node.HashCountEntryNode.<init> (0x000072e47ff27d08) [0x000072e47ff27e00, 0x000072e47ff27f60] Compiler: c1, Barriers: 0, Oops: 1, ImmediateOops: 0, NonImmediateOops: No
[2,593s][debug][gc,nmethod     ] Register NMethod: java.util.concurrent.ConcurrentHashMap.size (0x000072e47ff28008) [0x000072e47ff28100, 0x000072e47ff284d0] Compiler: c1, Barriers: 0, Oops: 0, ImmediateOops: 0, NonImmediateOops: No
[2,594s][debug][gc,nmethod     ] Register NMethod: java.util.ArrayList.toArray (0x000072e47ff28508) [0x000072e47ff28600, 0x000072e47ff28e78] Compiler: c1, Barriers: 6, Oops: 0, ImmediateOops: 0, NonImmediateOops: No
[2,595s][debug][gc,nmethod     ] Register NMethod: java.util.stream.Nodes$SpinedNodeBuilder.build (0x000072e47ff28e88) [0x000072e47ff28f80, 0x000072e47ff29090] Compiler: c1, Barriers: 0, Oops: 0, ImmediateOops: 0, NonImmediateOops: No
[2,595s][debug][gc,nmethod     ] Register NMethod: java.util.stream.Nodes$SpinedNodeBuilder.copyInto (0x000072e47ff29188) [0x000072e47ff29280, 0x000072e47ff293c0] Compiler: c1, Barriers: 0, Oops: 0, ImmediateOops: 0, NonImmediateOops: No
[2,595s][debug][gc,nmethod     ] Register NMethod: java.util.stream.Nodes$SpinedNodeBuilder.begin (0x000072e47ff29488) [0x000072e47ff29580, 0x000072e47ff29a98] Compiler: c1, Barriers: 0, Oops: 0, ImmediateOops: 0, NonImmediateOops: No
[2,595s][debug][gc,nmethod     ] Register NMethod: java.util.stream.Nodes$SpinedNodeBuilder.end (0x000072e47ff29b08) [0x000072e47ff29c00, 0x000072e47ff29d18] Compiler: c1, Barriers: 0, Oops: 0, ImmediateOops: 0, NonImmediateOops: No
[2,595s][debug][gc,nmethod     ] Register NMethod: java.util.stream.Nodes$SpinedNodeBuilder.asArray (0x000072e47ff29e08) [0x000072e47ff29f00, 0x000072e47ff2a040] Compiler: c1, Barriers: 0, Oops: 0, ImmediateOops: 0, NonImmediateOops: No
[2,595s][debug][gc,nmethod     ] Register NMethod: java.util.stream.SpinedBuffer.copyInto (0x000072e47ff2a108) [0x000072e47ff2a200, 0x000072e47ff2adf8] Compiler: c1, Barriers: 7, Oops: 0, ImmediateOops: 1, NonImmediateOops: No
[2,595s][debug][gc,nmethod     ] Register NMethod: java.util.stream.SpinedBuffer.asArray (0x000072e47ff2ae08) [0x000072e47ff2af00, 0x000072e47ff2b9f0] Compiler: c1, Barriers: 1, Oops: 0, ImmediateOops: 1, NonImmediateOops: No
[2,595s][debug][gc,nmethod     ] Register NMethod: java.util.BitSet.get (0x000072e49ed35a88) [0x000072e49ed35b80, 0x000072e49ed35d08] Compiler: jvmci, Barriers: 1, Oops: 0, ImmediateOops: 0, NonImmediateOops: No
[2,597s][debug][gc,nmethod     ] Register NMethod: com.github.benmanes.caffeine.cache.PSMW.getPolicyWeight (0x000072e49ed35d88) [0x000072e49ed35e80, 0x000072e49ed35f40] Compiler: c1, Barriers: 0, Oops: 1, ImmediateOops: 0, NonImmediateOops: No
[2,597s][debug][gc,nmethod     ] Register NMethod: io.sirix.io.AbstractForwardingReader.read (0x000072e47ff2ba08) [0x000072e47ff2bb00, 0x000072e47ff2bcb0] Compiler: c1, Barriers: 1, Oops: 1, ImmediateOops: 0, NonImmediateOops: No
[2,597s][debug][gc,nmethod     ] Register NMethod: java.util.concurrent.ForkJoinTask$RunnableExecuteAction.compute (0x000072e47ff2bd08) [0x000072e47ff2be00, 0x000072e47ff2c150] Compiler: c1, Barriers: 1, Oops: 0, ImmediateOops: 0, NonImmediateOops: No
[2,597s][debug][gc,nmethod     ] Register NMethod: java.util.concurrent.ForkJoinPool.poolIsStopping (0x000072e47ff2c188) [0x000072e47ff2c280, 0x000072e47ff2c3f8] Compiler: c1, Barriers: 0, Oops: 0, ImmediateOops: 0, NonImmediateOops: No
[2,597s][debug][gc,nmethod     ] Register NMethod: java.util.concurrent.ForkJoinTask$RunnableExecuteAction.setRawResult (0x000072e47ff2c488) [0x000072e47ff2c580, 0x000072e47ff2c680] Compiler: c1, Barriers: 0, Oops: 0, ImmediateOops: 0, NonImmediateOops: No
[2,598s][debug][gc,nmethod     ] Register NMethod: java.util.concurrent.ForkJoinTask$RunnableExecuteAction.compute (0x000072e47ff2c788) [0x000072e47ff2c880, 0x000072e47ff2cde0] Compiler: c1, Barriers: 1, Oops: 0, ImmediateOops: 0, NonImmediateOops: No
[2,598s][debug][gc,nmethod     ] Register NMethod: java.util.concurrent.ForkJoinTask$RunnableExecuteAction.setRawResult (0x000072e47ff2ce08) [0x000072e47ff2cf00, 0x000072e47ff2d418] Compiler: c1, Barriers: 0, Oops: 0, ImmediateOops: 0, NonImmediateOops: No
[2,598s][debug][gc,nmethod     ] Register NMethod: com.github.benmanes.caffeine.cache.BoundedLocalCache.evictFromWindow (0x000072e47ff2d488) [0x000072e47ff2d580, 0x000072e47ff30658] Compiler: c1, Barriers: 1, Oops: 1, ImmediateOops: 0, NonImmediateOops: No
[2,598s][debug][gc,nmethod     ] Register NMethod: com.github.benmanes.caffeine.cache.BoundedLocalCache.performCleanUp (0x000072e47ff30688) [0x000072e47ff30780, 0x000072e47ff324b0] Compiler: c1, Barriers: 8, Oops: 1, ImmediateOops: 0, NonImmediateOops: No
[2,598s][debug][gc,nmethod     ] Register NMethod: com.github.benmanes.caffeine.cache.BoundedLocalCache.drainWriteBuffer (0x000072e47ff32508) [0x000072e47ff32600, 0x000072e47ff33dc8] Compiler: c1, Barriers: 1, Oops: 6, ImmediateOops: 6, NonImmediateOops: No
[2,598s][debug][gc,nmethod     ] Register NMethod: java.util.concurrent.ForkJoinTask$InterruptibleTask.exec (0x000072e47ff33e08) [0x000072e47ff33f00, 0x000072e47ff36418] Compiler: c1, Barriers: 13, Oops: 0, ImmediateOops: 0, NonImmediateOops: No
[2,598s][debug][gc,nmethod     ] Register NMethod: com.github.benmanes.caffeine.cache.BoundedLocalCache.drainKeyReferences (0x000072e47ff36488) [0x000072e47ff36580, 0x000072e47ff368a8] Compiler: c1, Barriers: 0, Oops: 1, ImmediateOops: 0, NonImmediateOops: No
[2,598s][debug][gc,nmethod     ] Register NMethod: com.github.benmanes.caffeine.cache.BoundedLocalCache.drainValueReferences (0x000072e47ff36908) [0x000072e47ff36a00, 0x000072e47ff36d28] Compiler: c1, Barriers: 0, Oops: 1, ImmediateOops: 0, NonImmediateOops: No
[2,598s][debug][gc,nmethod     ] Register NMethod: com.github.benmanes.caffeine.cache.BoundedLocalCache.expireAfterAccessEntries (0x000072e47ff36d88) [0x000072e47ff36e80, 0x000072e47ff371a8] Compiler: c1, Barriers: 0, Oops: 1, ImmediateOops: 0, NonImmediateOops: No
[2,598s][debug][gc,nmethod     ] Register NMethod: com.github.benmanes.caffeine.cache.BoundedLocalCache.drainReadBuffer (0x000072e47ff37208) [0x000072e47ff37300, 0x000072e47ff37fe8] Compiler: c1, Barriers: 3, Oops: 1, ImmediateOops: 0, NonImmediateOops: No
[2,598s][debug][gc,nmethod     ] Register NMethod: com.github.benmanes.caffeine.cache.BoundedLocalCache.expireAfterWriteEntries (0x000072e47ff38008) [0x000072e47ff38100, 0x000072e47ff38428] Compiler: c1, Barriers: 0, Oops: 1, ImmediateOops: 0, NonImmediateOops: No
[2,598s][debug][gc,nmethod     ] Register NMethod: com.github.benmanes.caffeine.cache.BoundedLocalCache.expireVariableEntries (0x000072e47ff38488) [0x000072e47ff38580, 0x000072e47ff388a8] Compiler: c1, Barriers: 0, Oops: 1, ImmediateOops: 0, NonImmediateOops: No
[2,598s][debug][gc,nmethod     ] Register NMethod: java.util.ImmutableCollections$ListItr.hasNext (0x000072e49ed36088) [0x000072e49ed36180, 0x000072e49ed36210] Compiler: jvmci, Barriers: 0, Oops: 0, ImmediateOops: 0, NonImmediateOops: No
[2,598s][debug][gc,nmethod     ] Register NMethod: com.github.benmanes.caffeine.cache.BoundedLocalCache.evictEntries (0x000072e47ff38908) [0x000072e47ff38a00, 0x000072e47ff39148] Compiler: c1, Barriers: 0, Oops: 1, ImmediateOops: 0, NonImmediateOops: No
[2,599s][debug][gc,nmethod     ] Register NMethod: com.github.benmanes.caffeine.cache.BoundedLocalCache.expireEntries (0x000072e47ff39188) [0x000072e47ff39280, 0x000072e47ff3a0f0] Compiler: c1, Barriers: 0, Oops: 1, ImmediateOops: 1, NonImmediateOops: No
[2,599s][debug][gc,nmethod     ] Register NMethod: com.github.benmanes.caffeine.cache.BoundedLocalCache.climb (0x000072e47ff3a108) [0x000072e47ff3a200, 0x000072e47ff3b000] Compiler: c1, Barriers: 0, Oops: 1, ImmediateOops: 0, NonImmediateOops: No
[2,599s][debug][gc,nmethod     ] Register NMethod: org.magicwerk.brownies.collections.GapList.get (0x000072e49ed36388) [0x000072e49ed36480, 0x000072e49ed36680] Compiler: jvmci, Barriers: 3, Oops: 1, ImmediateOops: 0, NonImmediateOops: No
[2,599s][debug][gc,director    ] Rule Major: Warmup 10%, Used: 410MB, UsedThreshold: 1228MB
[2,599s][debug][gc,nmethod     ] Register NMethod: com.github.benmanes.caffeine.cache.BoundedLocalCache.demoteFromMainProtected (0x000072e47ff3b088) [0x000072e47ff3b180, 0x000072e47ff3d8f0] Compiler: c1, Barriers: 1, Oops: 1, ImmediateOops: 0, NonImmediateOops: No
[2,599s][debug][gc,nmethod     ] Register NMethod: com.github.benmanes.caffeine.cache.BoundedLocalCache.determineAdjustment (0x000072e47ff3d908) [0x000072e47ff3da20, 0x000072e47ff402c0] Compiler: c1, Barriers: 1, Oops: 1, ImmediateOops: 0, NonImmediateOops: No
[2,599s][debug][gc,nmethod     ] Register NMethod: com.github.benmanes.caffeine.cache.BoundedLocalCache.rescheduleCleanUpIfIncomplete (0x000072e47ff40308) [0x000072e47ff40400, 0x000072e47ff419d0] Compiler: c1, Barriers: 1, Oops: 6, ImmediateOops: 7, NonImmediateOops: No
[2,599s][debug][gc,nmethod     ] Register NMethod: io.sirix.cache.ShardedPageCache.get (0x000072e47ff41a08) [0x000072e47ff41b00, 0x000072e47ff424f0] Compiler: c1, Barriers: 1, Oops: 1, ImmediateOops: 0, NonImmediateOops: No
[2,599s][debug][gc,nmethod     ] Register NMethod: io.sirix.cache.ShardedPageCache.get (0x000072e47ff42508) [0x000072e47ff42600, 0x000072e47ff42bd8] Compiler: c1, Barriers: 1, Oops: 1, ImmediateOops: 0, NonImmediateOops: No
[2,599s][debug][gc,nmethod     ] Register NMethod: io.sirix.access.trx.page.NodeStorageEngineReader$PageFragmentsResult.originalKeys (0x000072e49ed36708) [0x000072e49ed36800, 0x000072e49ed368e8] Compiler: c1, Barriers: 1, Oops: 1, ImmediateOops: 0, NonImmediateOops: No
[2,599s][debug][gc,nmethod     ] Register NMethod: io.sirix.access.trx.page.NodeStorageEngineReader$PageFragmentsResult.storageKeyForFirstFragment (0x000072e49ed36a08) [0x000072e49ed36b00, 0x000072e49ed36bc0] Compiler: c1, Barriers: 0, Oops: 1, ImmediateOops: 0, NonImmediateOops: No
[2,599s][debug][gc,nmethod     ] Register NMethod: com.github.benmanes.caffeine.cache.BoundedLocalCache.maintenance (0x000072e47ff42c08) [0x000072e47ff42d00, 0x000072e47ff4b868] Compiler: c1, Barriers: 3, Oops: 9, ImmediateOops: 40, NonImmediateOops: No
[2,600s][debug][gc,nmethod     ] Register NMethod: io.sirix.axis.pathsummary.AbstractAxis.hasNext (0x000072e47ff4b908) [0x000072e47ff4ba00, 0x000072e47ff4c0a8] Compiler: c1, Barriers: 2, Oops: 1, ImmediateOops: 1, NonImmediateOops: No
[2,600s][debug][gc,nmethod     ] Register NMethod: com.github.benmanes.caffeine.cache.BoundedLocalCache.evictFromMain (0x000072e47ff4c108) [0x000072e47ff4c200, 0x000072e47ff57a48] Compiler: c1, Barriers: 8, Oops: 8, ImmediateOops: 46, NonImmediateOops: No
[2,601s][debug][gc,nmethod     ] Register NMethod: java.util.regex.Matcher.getTextLength (0x000072e47ff57b08) [0x000072e47ff57c00, 0x000072e47ff57f40] Compiler: c1, Barriers: 1, Oops: 0, ImmediateOops: 0, NonImmediateOops: No
[2,601s][debug][gc,nmethod     ] Register NMethod: jdk.proxy3.$Proxy7.hashCode (0x000072e47ff57f88) [0x000072e47ff58080, 0x000072e47ff588c8] Compiler: c1, Barriers: 1, Oops: 1, ImmediateOops: 1, NonImmediateOops: No
[2,601s][debug][gc,nmethod     ] Register NMethod: org.junit.platform.engine.UniqueId.equals (0x000072e47ff58908) [0x000072e47ff58a00, 0x000072e47ff59470] Compiler: c1, Barriers: 4, Oops: 1, ImmediateOops: 0, NonImmediateOops: No
[2,601s][debug][gc,nmethod     ] Register NMethod: java.util.ArrayList.equals (0x000072e47ff59488) [0x000072e47ff59580, 0x000072e47ff5a180] Compiler: c1, Barriers: 1, Oops: 0, ImmediateOops: 1, NonImmediateOops: No
[2,601s][debug][gc,nmethod     ] Register NMethod: java.util.regex.Matcher.reset (0x000072e47ff5a188) [0x000072e47ff5a280, 0x000072e47ff5ac60] Compiler: c1, Barriers: 7, Oops: 0, ImmediateOops: 0, NonImmediateOops: No
[2,601s][debug][gc,nmethod     ] Register NMethod: org.junit.platform.engine.UniqueId.toString (0x000072e47ff5ac88) [0x000072e47ff5ad80, 0x000072e47ff5b758] Compiler: c1, Barriers: 11, Oops: 1, ImmediateOops: 2, NonImmediateOops: No
[2,602s][debug][gc,nmethod     ] Register NMethod: com.esotericsoftware.kryo.io.Output.writeInt (0x000072e47ff5b788) [0x000072e47ff5b880, 0x000072e47ff5b9c8] Compiler: c1, Barriers: 0, Oops: 1, ImmediateOops: 0, NonImmediateOops: No
[2,602s][debug][gc,nmethod     ] Register NMethod: org.gradle.internal.serialize.kryo.KryoBackedEncoder.writeSmallInt (0x000072e47ff5ba88) [0x000072e47ff5bb80, 0x000072e47ff5bd78] Compiler: c1, Barriers: 1, Oops: 1, ImmediateOops: 0, NonImmediateOops: No
[2,602s][debug][gc,nmethod     ] Register NMethod: java.io.Reader.<init> (0x000072e47ff5bd88) [0x000072e47ff5be80, 0x000072e47ff5c1b8] Compiler: c1, Barriers: 6, Oops: 0, ImmediateOops: 0, NonImmediateOops: No
[2,602s][debug][gc,nmethod     ] Register NMethod: com.esotericsoftware.kryo.io.Output.writeVarInt (0x000072e47ff5c208) [0x000072e47ff5c300, 0x000072e47ff5cb78] Compiler: c1, Barriers: 5, Oops: 1, ImmediateOops: 0, NonImmediateOops: No
[2,602s][debug][gc,nmethod     ] Register NMethod: java.nio.charset.CharsetDecoder.charset (0x000072e49ed36d08) [0x000072e49ed36e00, 0x000072e49ed36ee8] Compiler: c1, Barriers: 1, Oops: 0, ImmediateOops: 0, NonImmediateOops: No
[2,602s][debug][gc,nmethod     ] Register NMethod: com.github.benmanes.caffeine.cache.SSMS.accessOrderWindowDeque (0x000072e49ed37008) [0x000072e49ed37100, 0x000072e49ed371f0] Compiler: c1, Barriers: 1, Oops: 1, ImmediateOops: 0, NonImmediateOops: No
[2,602s][debug][gc,nmethod     ] Register NMethod: com.github.benmanes.caffeine.cache.SSMS.fastpath (0x000072e49ed37308) [0x000072e49ed37400, 0x000072e49ed374c0] Compiler: c1, Barriers: 0, Oops: 1, ImmediateOops: 0, NonImmediateOops: No
[2,603s][debug][gc,nmethod     ] Register NMethod: com.github.benmanes.caffeine.cache.SingletonWeigher.weigh (0x000072e49ed37608) [0x000072e49ed37700, 0x000072e49ed377c0] Compiler: c1, Barriers: 0, Oops: 1, ImmediateOops: 0, NonImmediateOops: No
[2,603s][debug][gc,nmethod     ] Register NMethod: com.github.benmanes.caffeine.cache.BoundedLocalCache.isRecordingStats (0x000072e49ed37908) [0x000072e49ed37a00, 0x000072e49ed37ac0] Compiler: c1, Barriers: 0, Oops: 1, ImmediateOops: 0, NonImmediateOops: No
[2,603s][debug][gc,nmethod     ] Register NMethod: com.github.benmanes.caffeine.cache.Caffeine.requireArgument (0x000072e47ff5cb88) [0x000072e47ff5cc80, 0x000072e47ff5ce50] Compiler: c1, Barriers: 0, Oops: 1, ImmediateOops: 0, NonImmediateOops: No
[2,603s][debug][gc,nmethod     ] Register NMethod: com.github.benmanes.caffeine.cache.BoundedLocalCache.refreshIfNeeded (0x000072e47ff5ce88) [0x000072e47ff5cf80, 0x000072e47ff5d2c0] Compiler: c1, Barriers: 0, Oops: 1, ImmediateOops: 0, NonImmediateOops: No
[2,603s][debug][gc,nmethod     ] Register NMethod: com.github.benmanes.caffeine.cache.BLCHeader$DrainStatusRef.shouldDrainBuffers (0x000072e47ff5d308) [0x000072e47ff5d400, 0x000072e47ff5e6d8] Compiler: c1, Barriers: 0, Oops: 6, ImmediateOops: 6, NonImmediateOops: No
[2,604s][debug][gc,nmethod     ] Register NMethod: java.lang.ThreadLocal.getMap (0x000072e49ed37c08) [0x000072e49ed37d00, 0x000072e49ed37eb0] Compiler: jvmci, Barriers: 3, Oops: 0, ImmediateOops: 0, NonImmediateOops: No
[2,604s][debug][gc,nmethod     ] Register NMethod: io.sirix.access.trx.page.NodeStorageEngineReader$$Lambda/0x00000000b32c4000.<init> (0x000072e47ff5e788) [0x000072e47ff5e880, 0x000072e47ff5eac8] Compiler: c1, Barriers: 6, Oops: 1, ImmediateOops: 0, NonImmediateOops: No
[2,604s][debug][gc,nmethod     ] Register NMethod: com.github.benmanes.caffeine.cache.LocalCache$$Lambda/0x00000000b32c4240.apply (0x000072e47ff5eb08) [0x000072e47ff5ec00, 0x000072e47ff5efd8] Compiler: c1, Barriers: 2, Oops: 1, ImmediateOops: 0, NonImmediateOops: No
[2,604s][debug][gc,nmethod     ] Register NMethod: io.sirix.access.trx.page.NodeStorageEngineReader$$Lambda/0x00000000b32c4000.apply (0x000072e47ff5f008) [0x000072e47ff5f100, 0x000072e47ff5fe70] Compiler: c1, Barriers: 5, Oops: 1, ImmediateOops: 1, NonImmediateOops: No
[2,604s][debug][gc,nmethod     ] Register NMethod: io.sirix.access.trx.page.NodeStorageEngineReader.lambda$loadPage$0 (0x000072e47ff5fe88) [0x000072e47ff5ff80, 0x000072e47ff607e8] Compiler: c1, Barriers: 3, Oops: 1, ImmediateOops: 1, NonImmediateOops: No
[2,604s][debug][gc,nmethod     ] Register NMethod: io.sirix.page.delegates.ReferencesPage4.<init> (0x000072e47ff60808) [0x000072e47ff60900, 0x000072e47ff60fb8] Compiler: c1, Barriers: 8, Oops: 1, ImmediateOops: 0, NonImmediateOops: No
[2,604s][debug][gc,nmethod     ] Register NMethod: jdk.internal.ref.CleanerImpl$CleanableList.insert (0x000072e49ed37f08) [0x000072e49ed38000, 0x000072e49ed38418] Compiler: jvmci, Barriers: 8, Oops: 0, ImmediateOops: 0, NonImmediateOops: No
[2,604s][debug][gc,nmethod     ] Register NMethod: com.github.benmanes.caffeine.cache.LocalCache.lambda$statsAware$3 (0x000072e47ff61008) [0x000072e47ff61100, 0x000072e47ff62db0] Compiler: c1, Barriers: 0, Oops: 1, ImmediateOops: 0, NonImmediateOops: No
[2,604s][debug][gc,nmethod     ] Register NMethod: io.sirix.page.PageUtils.createDelegate (0x000072e47ff62e08) [0x000072e47ff62f00, 0x000072e47ff64010] Compiler: c1, Barriers: 16, Oops: 1, ImmediateOops: 0, NonImmediateOops: No
[2,604s][debug][gc,nmethod     ] Register NMethod: java.util.concurrent.atomic.LongAdder.increment (0x000072e47ff64088) [0x000072e47ff64180, 0x000072e47ff642c8] Compiler: c1, Barriers: 0, Oops: 0, ImmediateOops: 0, NonImmediateOops: No
[2,604s][debug][gc,nmethod     ] Register NMethod: com.github.benmanes.caffeine.cache.stats.ConcurrentStatsCounter.recordLoadSuccess (0x000072e47ff64388) [0x000072e47ff64480, 0x000072e47ff64718] Compiler: c1, Barriers: 2, Oops: 1, ImmediateOops: 0, NonImmediateOops: No
[2,605s][debug][gc,nmethod     ] Register NMethod: io.sirix.page.DeserializedReferencesPage4Tuple.<init> (0x000072e47ff64788) [0x000072e47ff64880, 0x000072e47ff64b28] Compiler: c1, Barriers: 6, Oops: 1, ImmediateOops: 0, NonImmediateOops: No
[2,605s][debug][gc,nmethod     ] Register NMethod: io.sirix.cache.BufferManagerImpl.getRevisionRootPageCache (0x000072e49ed38488) [0x000072e49ed38580, 0x000072e49ed38668] Compiler: c1, Barriers: 1, Oops: 1, ImmediateOops: 0, NonImmediateOops: No
[2,605s][debug][gc,nmethod     ] Register NMethod: com.github.benmanes.caffeine.cache.Node.getWeight (0x000072e49ed38788) [0x000072e49ed38880, 0x000072e49ed38940] Compiler: c1, Barriers: 0, Oops: 1, ImmediateOops: 0, NonImmediateOops: No
[2,605s][debug][gc,nmethod     ] Register NMethod: io.sirix.cache.PageCache.lambda$new$1 (0x000072e47ff64b88) [0x000072e47ff64c80, 0x000072e47ff65838] Compiler: c1, Barriers: 1, Oops: 1, ImmediateOops: 0, NonImmediateOops: No
[2,605s][debug][gc,nmethod     ] Register NMethod: io.sirix.cache.PageCache$$Lambda/0x00000000b3250ad8.weigh (0x000072e47ff65888) [0x000072e47ff65980, 0x000072e47ff66998] Compiler: c1, Barriers: 1, Oops: 1, ImmediateOops: 0, NonImmediateOops: No
[2,605s][debug][gc,nmethod     ] Register NMethod: com.github.benmanes.caffeine.cache.BoundedWeigher.weigh (0x000072e47ff66a08) [0x000072e47ff66b00, 0x000072e47ff66fd0] Compiler: c1, Barriers: 1, Oops: 1, ImmediateOops: 0, NonImmediateOops: No
[2,605s][debug][gc,nmethod     ] Register NMethod: io.sirix.page.SerializationType$1.deserializeReferencesPage4 (0x000072e47ff67008) [0x000072e47ff67100, 0x000072e47ff685a8] Compiler: c1, Barriers: 13, Oops: 1, ImmediateOops: 0, NonImmediateOops: No
[2,605s][debug][gc,nmethod     ] Register NMethod: io.sirix.node.delegates.StructNodeDelegate.<init> (0x000072e47ff68608) [0x000072e47ff68700, 0x000072e47ff68ac8] Compiler: c1, Barriers: 3, Oops: 1, ImmediateOops: 1, NonImmediateOops: No
[2,606s][debug][gc,nmethod     ] Register NMethod: java.util.concurrent.CompletableFuture.tryPushStack (0x000072e47ff68b08) [0x000072e47ff68c00, 0x000072e47ff6b608] Compiler: c1, Barriers: 9, Oops: 8, ImmediateOops: 19, NonImmediateOops: No
[2,606s][debug][gc,nmethod     ] Register NMethod: com.github.benmanes.caffeine.cache.PSMS.getPreviousInAccessOrder (0x000072e49ed38a88) [0x000072e49ed38b80, 0x000072e49ed38c68] Compiler: c1, Barriers: 1, Oops: 1, ImmediateOops: 0, NonImmediateOops: No
[2,606s][debug][gc,nmethod     ] Register NMethod: com.github.benmanes.caffeine.cache.BoundedLocalCache.hasExpired (0x000072e47ff6b688) [0x000072e47ff6b780, 0x000072e47ff6d828] Compiler: c1, Barriers: 1, Oops: 7, ImmediateOops: 8, NonImmediateOops: No
[2,606s][debug][gc,nmethod     ] Register NMethod: java.lang.StringBuffer.append (0x000072e47ff6d888) [0x000072e47ff6d980, 0x000072e47ff6dc98] Compiler: c1, Barriers: 3, Oops: 0, ImmediateOops: 0, NonImmediateOops: No
[2,606s][debug][gc,nmethod     ] Register NMethod: java.io.StringWriter.write (0x000072e47ff6dd08) [0x000072e47ff6de00, 0x000072e47ff6e380] Compiler: c1, Barriers: 4, Oops: 0, ImmediateOops: 0, NonImmediateOops: No
[2,606s][debug][gc,nmethod     ] Register NMethod: java.io.StringWriter.append (0x000072e47ff6e388) [0x000072e47ff6e480, 0x000072e47ff6eda8] Compiler: c1, Barriers: 4, Oops: 0, ImmediateOops: 1, NonImmediateOops: No
[2,606s][debug][gc,nmethod     ] Register NMethod: com.github.benmanes.caffeine.cache.BoundedLocalCache.requireIsAlive (0x000072e47ff6ee08) [0x000072e47ff6ef00, 0x000072e47ff709c0] Compiler: c1, Barriers: 1, Oops: 7, ImmediateOops: 10, NonImmediateOops: No
[2,606s][debug][gc,nmethod     ] Register NMethod: java.io.StringWriter.append (0x000072e47ff70a08) [0x000072e47ff70b00, 0x000072e47ff713a8] Compiler: c1, Barriers: 4, Oops: 0, ImmediateOops: 1, NonImmediateOops: No
[2,606s][debug][gc,nmethod     ] Register NMethod: java.lang.ThreadLocal$ThreadLocalMap.getEntry (0x000072e49ed38d88) [0x000072e49ed38e80, 0x000072e49ed39098] Compiler: jvmci, Barriers: 4, Oops: 0, ImmediateOops: 0, NonImmediateOops: No
[2,607s][debug][gc,nmethod     ] Register NMethod: jdk.internal.ref.PhantomCleanable.<init> (0x000072e49ed39108) [0x000072e49ed39200, 0x000072e49ed399d8] Compiler: jvmci, Barriers: 23, Oops: 0, ImmediateOops: 2, NonImmediateOops: No
[2,607s][debug][gc,nmethod     ] Register NMethod: jdk.internal.ref.PhantomCleanable.clear (0x000072e47ff71408) [0x000072e47ff71500, 0x000072e47ff71b10] Compiler: c1, Barriers: 1, Oops: 0, ImmediateOops: 0, NonImmediateOops: No
[2,607s][debug][gc,nmethod     ] Register NMethod: java.io.FileDescriptor.closeAll (0x000072e47ff71b88) [0x000072e47ff71c80, 0x000072e47ff738f0] Compiler: c1, Barriers: 1, Oops: 0, ImmediateOops: 0, NonImmediateOops: No
[2,608s][debug][gc,nmethod     ] Register NMethod: java.io.InputStreamReader.close (0x000072e47ff73908) [0x000072e47ff73a00, 0x000072e47ff73b88] Compiler: c1, Barriers: 1, Oops: 0, ImmediateOops: 0, NonImmediateOops: No
[2,608s][debug][gc,nmethod     ] Register NMethod: sun.nio.cs.StreamDecoder.close (0x000072e47ff73c08) [0x000072e47ff73d00, 0x000072e47ff74628] Compiler: c1, Barriers: 3, Oops: 0, ImmediateOops: 0, NonImmediateOops: No
[2,608s][debug][gc,nmethod     ] Register NMethod: java.nio.file.Path.toFile (0x000072e47ff74688) [0x000072e47ff74780, 0x000072e47ff753d0] Compiler: c1, Barriers: 8, Oops: 0, ImmediateOops: 5, NonImmediateOops: No
[2,608s][debug][gc,nmethod     ] Register NMethod: com.github.benmanes.caffeine.cache.BoundedLocalCache.hasRemovalListener (0x000072e49ed39a08) [0x000072e49ed39b00, 0x000072e49ed39bc0] Compiler: c1, Barriers: 0, Oops: 1, ImmediateOops: 0, NonImmediateOops: No
[2,608s][debug][gc,nmethod     ] Register NMethod: com.github.benmanes.caffeine.cache.SSMS.hitsInSample (0x000072e49ed39d08) [0x000072e49ed39e00, 0x000072e49ed39ec0] Compiler: c1, Barriers: 0, Oops: 1, ImmediateOops: 0, NonImmediateOops: No
[2,608s][debug][gc,nmethod     ] Register NMethod: java.lang.runtime.ObjectMethods.eq (0x000072e47ff75408) [0x000072e47ff75500, 0x000072e47ff75630] Compiler: c1, Barriers: 0, Oops: 0, ImmediateOops: 0, NonImmediateOops: No
[2,608s][debug][gc,nmethod     ] Register NMethod: io.sirix.access.trx.page.NodeStorageEngineReader.loadRevRoot (0x000072e47ff75708) [0x000072e47ff75800, 0x000072e47ff789c8] Compiler: c1, Barriers: 16, Oops: 3, ImmediateOops: 3, NonImmediateOops: No
[2,608s][debug][gc,nmethod     ] Register NMethod: java.lang.invoke.DirectMethodHandle$Holder.invokeStatic (0x000072e47ff78a08) [0x000072e47ff78b00, 0x000072e47ff78ec8] Compiler: c1, Barriers: 1, Oops: 0, ImmediateOops: 0, NonImmediateOops: No
[2,609s][debug][gc,nmethod     ] Register NMethod: java.lang.invoke.LambdaForm$MH/0x00000000b32d9000.invoke (0x000072e47ff78f08) [0x000072e47ff79000, 0x000072e47ff79d70] Compiler: c1, Barriers: 2, Oops: 1, ImmediateOops: 0, NonImmediateOops: No
[2,609s][debug][gc,nmethod     ] Register NMethod: org.magicwerk.brownies.collections.IList.iterator (0x000072e47ff79d88) [0x000072e47ff79e80, 0x000072e47ff7a028] Compiler: c1, Barriers: 0, Oops: 1, ImmediateOops: 0, NonImmediateOops: No
[2,609s][debug][gc,nmethod     ] Register NMethod: io.sirix.cache.RevisionRootPageCacheKey.hashCode (0x000072e47ff7a088) [0x000072e47ff7a180, 0x000072e47ff7adc0] Compiler: c1, Barriers: 0, Oops: 13, ImmediateOops: 2, NonImmediateOops: No
[2,609s][debug][gc,nmethod     ] Register NMethod: org.magicwerk.brownies.collections.IList$Iter.<init> (0x000072e47ff7ae88) [0x000072e47ff7af80, 0x000072e47ff7b390] Compiler: c1, Barriers: 3, Oops: 1, ImmediateOops: 0, NonImmediateOops: No
[2,609s][debug][gc,director    ] Rule Major: Warmup 10%, Used: 412MB, UsedThreshold: 1228MB
[2,609s][debug][gc,nmethod     ] Register NMethod: java.lang.ThreadLocal.get (0x000072e49ed3a008) [0x000072e49ed3a100, 0x000072e49ed3a4c0] Compiler: jvmci, Barriers: 8, Oops: 0, ImmediateOops: 0, NonImmediateOops: No
[2,609s][debug][gc,nmethod     ] Register NMethod: com.github.benmanes.caffeine.cache.LocalCache.notifyOnReplace (0x000072e47ff7b408) [0x000072e47ff7b500, 0x000072e47ff7cbb8] Compiler: c1, Barriers: 12, Oops: 3, ImmediateOops: 3, NonImmediateOops: No
[2,609s][debug][gc,nmethod     ] Register NMethod: com.github.benmanes.caffeine.cache.BoundedLocalCache.expireAfterUpdate (0x000072e47ff7cc08) [0x000072e47ff7cd00, 0x000072e47ff7d030] Compiler: c1, Barriers: 0, Oops: 1, ImmediateOops: 0, NonImmediateOops: No
[2,609s][debug][gc,nmethod     ] Register NMethod: com.github.benmanes.caffeine.cache.BoundedLocalCache.afterRead (0x000072e47ff7d088) [0x000072e47ff7d180, 0x000072e47ff7e8d8] Compiler: c1, Barriers: 2, Oops: 1, ImmediateOops: 0, NonImmediateOops: No
[2,610s][debug][gc,nmethod     ] Register NMethod: io.sirix.cache.PageCache$$Lambda/0x00000000b3250218.onRemoval (0x000072e47ff7e908) [0x000072e47ff7ea00, 0x000072e47ff7ef60] Compiler: c1, Barriers: 0, Oops: 1, ImmediateOops: 0, NonImmediateOops: No
[2,610s][debug][gc,nmethod     ] Register NMethod: com.github.benmanes.caffeine.cache.BoundedLocalCache$$Lambda/0x00000000b32c51a0.run (0x000072e47ff7ef88) [0x000072e47ff7f080, 0x000072e47ff7f298] Compiler: c1, Barriers: 4, Oops: 1, ImmediateOops: 0, NonImmediateOops: No
[2,610s][debug][gc,nmethod     ] Register NMethod: com.github.benmanes.caffeine.cache.BoundedLocalCache.lambda$notifyRemoval$1 (0x000072e47ff7f308) [0x000072e47ff7f400, 0x000072e47ff7fa48] Compiler: c1, Barriers: 1, Oops: 2, ImmediateOops: 2, NonImmediateOops: No
[2,610s][debug][gc,nmethod     ] Register NMethod: jdk.internal.misc.Unsafe.putLongRelease (0x000072e47ff7fa88) [0x000072e47ff7fb80, 0x000072e47ff7fc98] Compiler: c1, Barriers: 0, Oops: 0, ImmediateOops: 0, NonImmediateOops: No
[2,610s][debug][gc,nmethod     ] Register NMethod: io.sirix.cache.PageCache.lambda$new$0 (0x000072e47ff7fd88) [0x000072e47ff7fe80, 0x000072e47ff82518] Compiler: c1, Barriers: 15, Oops: 5, ImmediateOops: 6, NonImmediateOops: No
[2,611s][debug][gc,nmethod     ] Register NMethod: io.sirix.index.path.summary.PathNode.getParent (0x000072e49ed3a508) [0x000072e49ed3a600, 0x000072e49ed3a6e8] Compiler: c1, Barriers: 1, Oops: 1, ImmediateOops: 0, NonImmediateOops: No
[2,611s][debug][gc,nmethod     ] Register NMethod: io.sirix.index.path.summary.PathNode.setName (0x000072e49ed3a808) [0x000072e49ed3a900, 0x000072e49ed3aa30] Compiler: c1, Barriers: 3, Oops: 1, ImmediateOops: 0, NonImmediateOops: No
[2,611s][debug][gc,nmethod     ] Register NMethod: io.sirix.index.path.summary.PathNode.getRightSibling (0x000072e49ed3ab08) [0x000072e49ed3ac00, 0x000072e49ed3ace8] Compiler: c1, Barriers: 1, Oops: 1, ImmediateOops: 0, NonImmediateOops: No
[2,612s][debug][gc,nmethod     ] Register NMethod: java.lang.ThreadLocal.getCarrierThreadLocal (0x000072e49ed3ae08) [0x000072e49ed3af00, 0x000072e49ed3b2d0] Compiler: jvmci, Barriers: 9, Oops: 0, ImmediateOops: 0, NonImmediateOops: No
[2,612s][debug][gc,nmethod     ] Register NMethod: io.sirix.page.KeyValueLeafPage.newInstance (0x000072e47ff82588) [0x000072e47ff82680, 0x000072e47ff83240] Compiler: c1, Barriers: 1, Oops: 2, ImmediateOops: 3, NonImmediateOops: No
[2,614s][debug][gc,nmethod     ] Register NMethod: io.sirix.page.RevisionRootPage.incrementAndGetMaxNodeKeyInDocumentIndex (0x000072e47ff83288) [0x000072e47ff83380, 0x000072e47ff83490] Compiler: c1, Barriers: 0, Oops: 1, ImmediateOops: 0, NonImmediateOops: No
[2,614s][debug][gc,nmethod     ] Register NMethod: io.sirix.access.trx.node.AbstractNodeHashing.isBulkInsert (0x000072e49ed3b308) [0x000072e49ed3b400, 0x000072e49ed3b4c0] Compiler: c1, Barriers: 0, Oops: 1, ImmediateOops: 0, NonImmediateOops: No
[2,615s][debug][gc,nmethod     ] Register NMethod: io.sirix.node.json.ObjectKeyNode.getParentKey (0x000072e47ff83588) [0x000072e47ff83680, 0x000072e47ff88668] Compiler: c1, Barriers: 19, Oops: 7, ImmediateOops: 11, NonImmediateOops: No
[2,617s][debug][gc,nmethod     ] Register NMethod: io.sirix.node.json.ObjectNode.getFirstChildKey (0x000072e47ff88708) [0x000072e47ff88800, 0x000072e47ff8d7f0] Compiler: c1, Barriers: 19, Oops: 7, ImmediateOops: 11, NonImmediateOops: No
[2,617s][debug][gc,nmethod     ] Register NMethod: io.sirix.page.KeyValueLeafPage.getAvailableSpace (0x000072e49ed3b608) [0x000072e49ed3b700, 0x000072e49ed3ba48] Compiler: jvmci, Barriers: 4, Oops: 1, ImmediateOops: 0, NonImmediateOops: No
[2,619s][debug][gc,director    ] Rule Major: Warmup 10%, Used: 414MB, UsedThreshold: 1228MB
[2,620s][debug][gc,nmethod     ] Register NMethod: io.sirix.node.MemorySegmentBytesOut.writeByte (0x000072e49ed3ba88) [0x000072e49ed3bb80, 0x000072e49ed3c008] Compiler: jvmci, Barriers: 7, Oops: 1, ImmediateOops: 0, NonImmediateOops: No
[2,621s][debug][gc,nmethod     ] Register NMethod: com.github.benmanes.caffeine.cache.PSMS.getQueueType (0x000072e49ed3c088) [0x000072e49ed3c180, 0x000072e49ed3c240] Compiler: c1, Barriers: 0, Oops: 1, ImmediateOops: 0, NonImmediateOops: No
[2,621s][debug][gc,nmethod     ] Register NMethod: com.github.benmanes.caffeine.cache.SSMS.setHitsInSample (0x000072e49ed3c388) [0x000072e49ed3c480, 0x000072e49ed3c540] Compiler: c1, Barriers: 0, Oops: 1, ImmediateOops: 0, NonImmediateOops: No
[2,621s][debug][gc,nmethod     ] Register NMethod: com.github.benmanes.caffeine.cache.FrequencySketch.increment (0x000072e47ff8d888) [0x000072e47ff8d980, 0x000072e47ff8efc8] Compiler: c1, Barriers: 1, Oops: 1, ImmediateOops: 0, NonImmediateOops: No
[2,624s][debug][gc,nmethod     ] Register NMethod: java.util.ArrayDeque.pollFirst (0x000072e49ed3c688) [0x000072e49ed3c780, 0x000072e49ed3c980] Compiler: jvmci, Barriers: 4, Oops: 0, ImmediateOops: 0, NonImmediateOops: No
[2,629s][debug][gc,director    ] Rule Major: Warmup 10%, Used: 414MB, UsedThreshold: 1228MB
[2,632s][debug][gc,nmethod     ] Register NMethod: io.sirix.settings.VersioningType$4.combineRecordPages (0x000072e49ed3c988) [0x000072e49ed3ca80, 0x000072e49ed405a0] Compiler: jvmci, Barriers: 63, Oops: 3, ImmediateOops: 1, NonImmediateOops: No
[2,634s][debug][gc,nmethod     ] Register NMethod: io.sirix.node.MemorySegmentBytesIn.readLong (0x000072e49ed40608) [0x000072e49ed40700, 0x000072e49ed40960] Compiler: jvmci, Barriers: 4, Oops: 1, ImmediateOops: 0, NonImmediateOops: No
[2,635s][debug][gc,nmethod     ] Register NMethod: io.sirix.index.path.summary.PathNode.setParent (0x000072e49ed40988) [0x000072e49ed40a80, 0x000072e49ed40bb0] Compiler: c1, Barriers: 3, Oops: 1, ImmediateOops: 0, NonImmediateOops: No
[2,635s][debug][gc,nmethod     ] Register NMethod: io.sirix.index.path.summary.PathNode.getFirstChild (0x000072e49ed40c88) [0x000072e49ed40d80, 0x000072e49ed40e68] Compiler: c1, Barriers: 1, Oops: 1, ImmediateOops: 0, NonImmediateOops: No
[2,635s][debug][gc,nmethod     ] Register NMethod: io.sirix.index.path.summary.PathNode.getLocalNameKey (0x000072e47ff8f008) [0x000072e47ff8f100, 0x000072e47ff8f260] Compiler: c1, Barriers: 1, Oops: 1, ImmediateOops: 0, NonImmediateOops: No
[2,636s][debug][gc,nmethod     ] Register NMethod: io.sirix.access.trx.page.NodeStorageEngineReader.pageKey (0x000072e49ed40f88) [0x000072e49ed41080, 0x000072e49ed411e0] Compiler: jvmci, Barriers: 0, Oops: 1, ImmediateOops: 0, NonImmediateOops: No
[2,637s][debug][gc,nmethod     ] Register NMethod: io.sirix.node.json.ObjectNode.getKind (0x000072e47ff8f308) [0x000072e47ff8f400, 0x000072e47ff8f508] Compiler: c1, Barriers: 0, Oops: 1, ImmediateOops: 1, NonImmediateOops: No
[2,637s][debug][gc,nmethod     ] Register NMethod: io.sirix.service.json.serialize.JsonSerializer.withMetaDataField (0x000072e47ff8f608) [0x000072e47ff8f700, 0x000072e47ff8f8b0] Compiler: c1, Barriers: 0, Oops: 1, ImmediateOops: 0, NonImmediateOops: No
[2,637s][debug][gc,nmethod     ] Register NMethod: java.lang.Character.charValue (0x000072e49ed41288) [0x000072e49ed41380, 0x000072e49ed41448] Compiler: c1, Barriers: 0, Oops: 0, ImmediateOops: 0, NonImmediateOops: No
[2,637s][debug][gc,nmethod     ] Register NMethod: io.sirix.access.trx.node.json.JsonNodeReadOnlyTrxImpl.isObjectKey (0x000072e47ff8f908) [0x000072e47ff8fa00, 0x000072e47ff90288] Compiler: c1, Barriers: 1, Oops: 1, ImmediateOops: 2, NonImmediateOops: No
[2,637s][debug][gc,nmethod     ] Register NMethod: it.unimi.dsi.fastutil.longs.AbstractLongList.peekLong (0x000072e47ff90308) [0x000072e47ff90400, 0x000072e47ff90580] Compiler: c1, Barriers: 0, Oops: 1, ImmediateOops: 0, NonImmediateOops: No
[2,638s][debug][gc,nmethod     ] Register NMethod: cn.danielw.fop.Poolable.getObject (0x000072e49ed41588) [0x000072e49ed41680, 0x000072e49ed41768] Compiler: c1, Barriers: 1, Oops: 1, ImmediateOops: 0, NonImmediateOops: No
[2,638s][debug][gc,nmethod     ] Register NMethod: java.lang.StringConcatHelper.stringSize (0x000072e47ff90608) [0x000072e47ff90700, 0x000072e47ff90968] Compiler: c1, Barriers: 0, Oops: 0, ImmediateOops: 1, NonImmediateOops: No
[2,638s][debug][gc,nmethod     ] Register NMethod: java.lang.StringConcatHelper.prepend (0x000072e47ff90988) [0x000072e47ff90a80, 0x000072e47ff919a8] Compiler: c1, Barriers: 2, Oops: 0, ImmediateOops: 0, NonImmediateOops: No
[2,639s][debug][gc,nmethod     ] Register NMethod: com.google.gson.stream.JsonReader.isLiteral (0x000072e47ff91a08) [0x000072e47ff91b00, 0x000072e47ff92cd8] Compiler: c1, Barriers: 0, Oops: 2, ImmediateOops: 2, NonImmediateOops: No
[2,639s][debug][gc,nmethod     ] Register NMethod: com.google.gson.stream.JsonReader.peekNumber (0x000072e47ff92d08) [0x000072e47ff92e00, 0x000072e47ff93b08] Compiler: c1, Barriers: 1, Oops: 1, ImmediateOops: 0, NonImmediateOops: No
[2,639s][debug][gc,nmethod     ] Register NMethod: com.google.gson.stream.JsonReader.peekKeyword (0x000072e47ff93b88) [0x000072e47ff93c80, 0x000072e47ff95998] Compiler: c1, Barriers: 8, Oops: 2, ImmediateOops: 10, NonImmediateOops: No
[2,639s][debug][gc,nmethod     ] Register NMethod: org.magicwerk.brownies.collections.IList.<init> (0x000072e47ff95a08) [0x000072e47ff95b00, 0x000072e47ff95d20] Compiler: c1, Barriers: 0, Oops: 1, ImmediateOops: 0, NonImmediateOops: No
[2,639s][debug][gc,director    ] Rule Major: Warmup 10%, Used: 416MB, UsedThreshold: 1228MB
[2,639s][debug][gc,nmethod     ] Register NMethod: org.magicwerk.brownies.collections.GapList.init (0x000072e47ff95d88) [0x000072e47ff95e80, 0x000072e47ff96018] Compiler: c1, Barriers: 3, Oops: 1, ImmediateOops: 0, NonImmediateOops: No
[2,639s][debug][gc,nmethod     ] Register NMethod: com.github.benmanes.caffeine.cache.LocalCache$$Lambda/0x00000000b32c4240.<init> (0x000072e47ff96088) [0x000072e47ff96180, 0x000072e47ff963d8] Compiler: c1, Barriers: 6, Oops: 1, ImmediateOops: 0, NonImmediateOops: No
[2,639s][debug][gc,nmethod     ] Register NMethod: io.sirix.io.filechannel.FileChannelStorage.getRevisionFilePath (0x000072e47ff96408) [0x000072e47ff96500, 0x000072e47ff96f28] Compiler: c1, Barriers: 3, Oops: 2, ImmediateOops: 2, NonImmediateOops: No
[2,640s][debug][gc,nmethod     ] Register NMethod: io.sirix.io.filechannel.FileChannelStorage.createDataFileChannel (0x000072e47ff96f88) [0x000072e47ff97080, 0x000072e47ff97ec0] Compiler: c1, Barriers: 12, Oops: 1, ImmediateOops: 4, NonImmediateOops: No
[2,640s][debug][gc,nmethod     ] Register NMethod: io.sirix.io.filechannel.FileChannelStorage.createRevisionsOffsetFileChannel (0x000072e47ff97f08) [0x000072e47ff98000, 0x000072e47ff98ba0] Compiler: c1, Barriers: 9, Oops: 1, ImmediateOops: 3, NonImmediateOops: No
[2,640s][debug][gc,nmethod     ] Register NMethod: io.sirix.io.bytepipe.LZ4Compressor.getInstance (0x000072e47ff98c08) [0x000072e47ff98d00, 0x000072e47ff98f08] Compiler: c1, Barriers: 0, Oops: 1, ImmediateOops: 0, NonImmediateOops: No
[2,640s][debug][gc,nmethod     ] Register NMethod: io.sirix.io.bytepipe.ByteHandlerPipeline.<init> (0x000072e47ff98f88) [0x000072e47ff99080, 0x000072e47ff9a298] Compiler: c1, Barriers: 6, Oops: 1, ImmediateOops: 0, NonImmediateOops: No
[2,640s][debug][gc,nmethod     ] Register NMethod: io.sirix.io.filechannel.FileChannelStorage.createRevisionsOffsetFileIfNotExists (0x000072e47ff9a308) [0x000072e47ff9a400, 0x000072e47ff9b768] Compiler: c1, Barriers: 4, Oops: 2, ImmediateOops: 1, NonImmediateOops: No
[2,640s][debug][gc,nmethod     ] Register NMethod: io.sirix.page.PagePersister.<init> (0x000072e47ff9b788) [0x000072e47ff9b880, 0x000072e47ff9b9d8] Compiler: c1, Barriers: 0, Oops: 1, ImmediateOops: 0, NonImmediateOops: No
[2,640s][debug][gc,nmethod     ] Register NMethod: com.github.benmanes.caffeine.cache.UnboundedLocalCache$UnboundedLocalAsyncCache.synchronous (0x000072e47ff9ba88) [0x000072e47ff9bb80, 0x000072e47ff9bfe0] Compiler: c1, Barriers: 7, Oops: 1, ImmediateOops: 0, NonImmediateOops: No
[2,640s][debug][gc,nmethod     ] Register NMethod: sun.invoke.util.VerifyAccess.ensureTypeVisible (0x000072e49ed41888) [0x000072e49ed41980, 0x000072e49ed41d10] Compiler: jvmci, Barriers: 4, Oops: 0, ImmediateOops: 1, NonImmediateOops: No
[2,640s][debug][gc,nmethod     ] Register NMethod: io.sirix.io.AbstractReader.<init> (0x000072e47ff9c008) [0x000072e47ff9c100, 0x000072e47ff9cc88] Compiler: c1, Barriers: 15, Oops: 2, ImmediateOops: 1, NonImmediateOops: No
[2,640s][debug][gc,nmethod     ] Register NMethod: io.sirix.node.Bytes.allocateElasticOnHeap (0x000072e47ff9cd08) [0x000072e47ff9ce00, 0x000072e47ff9d6b0] Compiler: c1, Barriers: 3, Oops: 2, ImmediateOops: 1, NonImmediateOops: No
[2,640s][debug][gc,nmethod     ] Register NMethod: io.sirix.node.Bytes.elasticHeapByteBuffer (0x000072e47ff9d708) [0x000072e47ff9d800, 0x000072e47ff9e148] Compiler: c1, Barriers: 6, Oops: 2, ImmediateOops: 1, NonImmediateOops: No
[2,640s][debug][gc,nmethod     ] Register NMethod: com.google.gson.stream.JsonReader.nextNonWhitespace (0x000072e49ed41d88) [0x000072e49ed41e80, 0x000072e49ed421f0] Compiler: jvmci, Barriers: 1, Oops: 1, ImmediateOops: 0, NonImmediateOops: No
[2,640s][debug][gc,nmethod     ] Register NMethod: io.sirix.io.filechannel.FileChannelReader.<init> (0x000072e47ff9e188) [0x000072e47ff9e280, 0x000072e47ff9f090] Compiler: c1, Barriers: 27, Oops: 2, ImmediateOops: 2, NonImmediateOops: No
[2,640s][debug][gc,nmethod     ] Register NMethod: io.sirix.io.filechannel.FileChannelStorage.createDirectoriesAndFile (0x000072e47ff9f108) [0x000072e47ff9f200, 0x000072e47ffa0eb8] Compiler: c1, Barriers: 7, Oops: 3, ImmediateOops: 3, NonImmediateOops: No
[2,640s][debug][gc,nmethod     ] Register NMethod: org.magicwerk.brownies.collections.GapList.<init> (0x000072e47ffa0f08) [0x000072e47ffa1000, 0x000072e47ffa1500] Compiler: c1, Barriers: 0, Oops: 1, ImmediateOops: 0, NonImmediateOops: No
[2,642s][debug][gc,nmethod     ] Register NMethod: java.lang.StringBuffer.append (0x000072e47ffa1588) [0x000072e47ffa1680, 0x000072e47ffa1998] Compiler: c1, Barriers: 3, Oops: 0, ImmediateOops: 0, NonImmediateOops: No
[2,642s][debug][gc,nmethod     ] Register NMethod: io.sirix.access.trx.node.json.JsonNodeReadOnlyTrxImpl.isDocumentRoot (0x000072e47ffa1a08) [0x000072e47ffa1b00, 0x000072e47ffa2388] Compiler: c1, Barriers: 1, Oops: 1, ImmediateOops: 2, NonImmediateOops: No
[2,643s][debug][gc,nmethod     ] Register NMethod: io.sirix.io.filechannel.FileChannelReader.close (0x000072e47ffa2408) [0x000072e47ffa2500, 0x000072e47ffa2b68] Compiler: c1, Barriers: 2, Oops: 1, ImmediateOops: 0, NonImmediateOops: No
[2,643s][debug][gc,nmethod     ] Register NMethod: io.sirix.node.json.ObjectKeyNode.hasFirstChild (0x000072e47ffa2b88) [0x000072e47ffa2c80, 0x000072e47ffa80b8] Compiler: c1, Barriers: 19, Oops: 7, ImmediateOops: 12, NonImmediateOops: No
[2,643s][debug][gc,nmethod     ] Register NMethod: java.util.stream.ForEachOps$ForEachOp.get (0x000072e49ed42208) [0x000072e49ed42300, 0x000072e49ed423c8] Compiler: c1, Barriers: 0, Oops: 0, ImmediateOops: 0, NonImmediateOops: No
[2,643s][debug][gc,nmethod     ] Register NMethod: io.sirix.node.json.ObjectNode.getRightSiblingKey (0x000072e47ffa8108) [0x000072e47ffa8200, 0x000072e47ffad1f0] Compiler: c1, Barriers: 19, Oops: 7, ImmediateOops: 11, NonImmediateOops: No
[2,644s][debug][gc,nmethod     ] Register NMethod: java.util.concurrent.locks.AbstractQueuedSynchronizer$ConditionNode.isReleasable (0x000072e47ffad288) [0x000072e47ffad380, 0x000072e47ffad748] Compiler: c1, Barriers: 1, Oops: 0, ImmediateOops: 0, NonImmediateOops: No
[2,644s][debug][gc,nmethod     ] Register NMethod: io.sirix.node.json.ObjectKeyNode.getLeftSiblingKey (0x000072e47ffad788) [0x000072e47ffad880, 0x000072e47ffb2870] Compiler: c1, Barriers: 19, Oops: 7, ImmediateOops: 11, NonImmediateOops: No
[2,644s][debug][gc,nmethod     ] Register NMethod: java.util.regex.Matcher.<init> (0x000072e47ffb2908) [0x000072e47ffb2a00, 0x000072e47ffb3178] Compiler: c1, Barriers: 15, Oops: 0, ImmediateOops: 0, NonImmediateOops: No
[2,644s][debug][gc,nmethod     ] Register NMethod: java.util.regex.Pattern.matcher (0x000072e47ffb3188) [0x000072e47ffb3280, 0x000072e47ffb3658] Compiler: c1, Barriers: 0, Oops: 0, ImmediateOops: 0, NonImmediateOops: No
[2,644s][debug][gc,nmethod     ] Register NMethod: org.junit.jupiter.engine.execution.JupiterEngineExecutionContext.getExtensionContext (0x000072e47ffb3688) [0x000072e47ffb3780, 0x000072e47ffb38e8] Compiler: c1, Barriers: 2, Oops: 1, ImmediateOops: 0, NonImmediateOops: No
[2,645s][debug][gc,nmethod     ] Register NMethod: com.google.gson.stream.JsonReader.nextName (0x000072e47ffb3988) [0x000072e47ffb3a80, 0x000072e47ffb5930] Compiler: c1, Barriers: 5, Oops: 2, ImmediateOops: 3, NonImmediateOops: No
[2,645s][debug][gc,nmethod     ] Register NMethod: sun.nio.fs.UnixFileAttributes.get (0x000072e47ffb5988) [0x000072e47ffb5a80, 0x000072e47ffb5d40] Compiler: c1, Barriers: 0, Oops: 0, ImmediateOops: 0, NonImmediateOops: No
[2,646s][debug][gc,nmethod     ] Register NMethod: io.sirix.page.PageKind.deserializeCurrentMaxLevelsOfIndirectPages (0x000072e47ffb5d88) [0x000072e47ffb5ea0, 0x000072e47ffb6358] Compiler: c1, Barriers: 0, Oops: 1, ImmediateOops: 0, NonImmediateOops: No
[2,647s][debug][gc,nmethod     ] Register NMethod: io.sirix.page.PageKind.deserializeMaxNodeKeys (0x000072e47ffb6388) [0x000072e47ffb64a0, 0x000072e47ffb6958] Compiler: c1, Barriers: 0, Oops: 1, ImmediateOops: 0, NonImmediateOops: No
[2,647s][debug][gc,nmethod     ] Register NMethod: com.google.gson.stream.JsonReader.doPeek (0x000072e47ffb6988) [0x000072e47ffb6a80, 0x000072e47ffc6508] Compiler: c1, Barriers: 4, Oops: 8, ImmediateOops: 33, NonImmediateOops: No
[2,649s][debug][gc,nmethod     ] Register NMethod: jdk.internal.vm.ContinuationSupport.isSupported (0x000072e47ffc6588) [0x000072e47ffc6680, 0x000072e47ffc6768] Compiler: c1, Barriers: 0, Oops: 0, ImmediateOops: 0, NonImmediateOops: No
[2,649s][debug][gc,director    ] Rule Major: Warmup 10%, Used: 418MB, UsedThreshold: 1228MB
[2,650s][debug][gc,nmethod     ] Register NMethod: java.lang.invoke.DirectMethodHandle$Holder.invokeSpecial (0x000072e47ffc6888) [0x000072e47ffc6980, 0x000072e47ffc6d50] Compiler: c1, Barriers: 1, Oops: 0, ImmediateOops: 0, NonImmediateOops: No
[2,650s][debug][gc,nmethod     ] Register NMethod: java.lang.invoke.LambdaForm$MH/0x00000000b32c8400.invoke (0x000072e47ffc6d88) [0x000072e47ffc6e80, 0x000072e47ffc75f0] Compiler: c1, Barriers: 2, Oops: 1, ImmediateOops: 0, NonImmediateOops: No
[2,650s][debug][gc,nmethod     ] Register NMethod: io.sirix.node.HashEntryNode.<init> (0x000072e47ffc7608) [0x000072e47ffc7700, 0x000072e47ffc7a28] Compiler: c1, Barriers: 3, Oops: 1, ImmediateOops: 0, NonImmediateOops: No
[2,651s][debug][gc,nmethod     ] Register NMethod: io.sirix.axis.visitor.VisitorDescendantAxis.nextKey (0x000072e47ffc7a88) [0x000072e47ffc7b80, 0x000072e47ffcd3d0] Compiler: c1, Barriers: 8, Oops: 1, ImmediateOops: 11, NonImmediateOops: No
[2,651s][debug][gc,nmethod     ] Register NMethod: com.google.gson.stream.JsonReader.nextQuotedValue (0x000072e49ed42508) [0x000072e49ed42600, 0x000072e49ed42cd8] Compiler: jvmci, Barriers: 3, Oops: 2, ImmediateOops: 0, NonImmediateOops: No
[2,653s][debug][gc,nmethod     ] Register NMethod: com.google.gson.stream.JsonReader.beginObject (0x000072e47ffcd408) [0x000072e47ffcd500, 0x000072e47ffcefb8] Compiler: c1, Barriers: 1, Oops: 2, ImmediateOops: 3, NonImmediateOops: No
[2,653s][debug][gc,nmethod     ] Register NMethod: com.google.gson.stream.JsonReader.endObject (0x000072e47ffcf008) [0x000072e47ffcf100, 0x000072e47ffd0ef8] Compiler: c1, Barriers: 6, Oops: 2, ImmediateOops: 3, NonImmediateOops: No
[2,653s][debug][gc,nmethod     ] Register NMethod: io.sirix.access.User.<init> (0x000072e47ffd0f88) [0x000072e47ffd1080, 0x000072e47ffd1548] Compiler: c1, Barriers: 6, Oops: 1, ImmediateOops: 0, NonImmediateOops: No
[2,654s][debug][gc,nmethod     ] Register NMethod: java.lang.runtime.ObjectMethods.hashCombiner (0x000072e49ed42d08) [0x000072e49ed42e00, 0x000072e49ed42e70] Compiler: jvmci, Barriers: 0, Oops: 0, ImmediateOops: 0, NonImmediateOops: No
[2,655s][debug][gc,nmethod     ] Register NMethod: io.sirix.io.filechannel.FileChannelStorage.createReader (0x000072e47ffd1588) [0x000072e47ffd1680, 0x000072e47ffd4cc8] Compiler: c1, Barriers: 43, Oops: 5, ImmediateOops: 7, NonImmediateOops: No
[2,655s][debug][gc,nmethod     ] Register NMethod: java.util.UUID.<init> (0x000072e47ffd4d08) [0x000072e47ffd4e00, 0x000072e47ffd4f60] Compiler: c1, Barriers: 0, Oops: 0, ImmediateOops: 0, NonImmediateOops: No
[2,656s][debug][gc,nmethod     ] Register NMethod: java.util.ArrayList.iterator (0x000072e49ed43008) [0x000072e49ed43100, 0x000072e49ed43240] Compiler: jvmci, Barriers: 2, Oops: 0, ImmediateOops: 0, NonImmediateOops: No
[2,656s][debug][gc,nmethod     ] Register NMethod: java.lang.StrictMath.ceil (0x000072e49ed43308) [0x000072e49ed43420, 0x000072e49ed43540] Compiler: jvmci, Barriers: 0, Oops: 0, ImmediateOops: 0, NonImmediateOops: No
[2,656s][debug][gc,nmethod     ] Register NMethod: java.util.UUID.fromString (0x000072e47ffd5008) [0x000072e47ffd5100, 0x000072e47ffd7b20] Compiler: c1, Barriers: 1, Oops: 1, ImmediateOops: 8, NonImmediateOops: No
[2,658s][debug][gc,nmethod     ] Register NMethod: io.sirix.node.delegates.NameNodeDelegate.<init> (0x000072e47ffd7b88) [0x000072e47ffd7c80, 0x000072e47ffd8030] Compiler: c1, Barriers: 3, Oops: 1, ImmediateOops: 1, NonImmediateOops: No
[2,658s][debug][gc,nmethod     ] Register NMethod: io.sirix.node.delegates.NodeDelegate.<init> (0x000072e47ffd8088) [0x000072e47ffd8180, 0x000072e47ffd86d8] Compiler: c1, Barriers: 6, Oops: 1, ImmediateOops: 1, NonImmediateOops: No
[2,658s][debug][gc,nmethod     ] Register NMethod: java.lang.ref.Cleaner.register (0x000072e49ed43608) [0x000072e49ed43700, 0x000072e49ed44008] Compiler: jvmci, Barriers: 26, Oops: 0, ImmediateOops: 2, NonImmediateOops: No
[2,659s][debug][gc,nmethod     ] Register NMethod: io.sirix.index.path.summary.PathNode.<init> (0x000072e47ffd8708) [0x000072e47ffd8800, 0x000072e47ffd9448] Compiler: c1, Barriers: 15, Oops: 2, ImmediateOops: 2, NonImmediateOops: No
[2,659s][debug][gc,nmethod     ] Register NMethod: jdk.xml.internal.JdkXmlConfig.getJaxpConfig (0x000072e49ed44088) [0x000072e49ed44180, 0x000072e49ed44268] Compiler: c1, Barriers: 1, Oops: 0, ImmediateOops: 0, NonImmediateOops: No
[2,659s][debug][gc,nmethod     ] Register NMethod: jdk.xml.internal.XMLSecurityPropertyManager$Property.values (0x000072e47ffd9488) [0x000072e47ffd9580, 0x000072e47ffd9a60] Compiler: c1, Barriers: 0, Oops: 0, ImmediateOops: 1, NonImmediateOops: No
[2,659s][debug][gc,nmethod     ] Register NMethod: java.lang.reflect.Method.isCallerSensitive (0x000072e47ffd9a88) [0x000072e47ffd9b80, 0x000072e47ffda770] Compiler: c1, Barriers: 2, Oops: 1, ImmediateOops: 2, NonImmediateOops: No
[2,659s][debug][gc,director    ] Rule Major: Warmup 10%, Used: 420MB, UsedThreshold: 1228MB
[2,660s][debug][gc,nmethod     ] Register NMethod: jdk.xml.internal.JdkProperty$ImplPropMap.is (0x000072e47ffda788) [0x000072e47ffda880, 0x000072e47ffdb148] Compiler: c1, Barriers: 3, Oops: 0, ImmediateOops: 0, NonImmediateOops: No
[2,661s][debug][gc,nmethod     ] Register NMethod: io.sirix.index.path.summary.PathNode.hashCode (0x000072e47ffdb188) [0x000072e47ffdb280, 0x000072e47ffdbac0] Compiler: c1, Barriers: 8, Oops: 1, ImmediateOops: 0, NonImmediateOops: No
[2,661s][debug][gc,nmethod     ] Register NMethod: io.sirix.node.delegates.NodeDelegate.hashCode (0x000072e47ffdbb08) [0x000072e47ffdbc00, 0x000072e47ffdc968] Compiler: c1, Barriers: 10, Oops: 1, ImmediateOops: 1, NonImmediateOops: No
[2,661s][debug][gc,nmethod     ] Register NMethod: io.sirix.utils.XMLToken.isNCChar (0x000072e47ffdc988) [0x000072e47ffdca80, 0x000072e47ffdce68] Compiler: c1, Barriers: 0, Oops: 1, ImmediateOops: 0, NonImmediateOops: No
[2,661s][debug][gc,nmethod     ] Register NMethod: io.sirix.index.path.summary.PathSummaryReader.getName (0x000072e47ffdce88) [0x000072e47ffdcf80, 0x000072e47ffdff48] Compiler: c1, Barriers: 12, Oops: 1, ImmediateOops: 5, NonImmediateOops: No
[2,661s][debug][gc,nmethod     ] Register NMethod: io.sirix.node.delegates.NameNodeDelegate.hashCode (0x000072e47ffdff88) [0x000072e47ffe0080, 0x000072e47ffe1258] Compiler: c1, Barriers: 12, Oops: 1, ImmediateOops: 3, NonImmediateOops: No
[2,661s][debug][gc,nmethod     ] Register NMethod: io.sirix.node.xml.ElementNode.getChildCount (0x000072e47ffe1288) [0x000072e47ffe1380, 0x000072e47ffe4d88] Compiler: c1, Barriers: 6, Oops: 6, ImmediateOops: 9, NonImmediateOops: No
[2,661s][debug][gc,nmethod     ] Register NMethod: io.sirix.axis.AbstractAxis.reset (0x000072e47ffe4e08) [0x000072e47ffe4f00, 0x000072e47ffe5088] Compiler: c1, Barriers: 3, Oops: 1, ImmediateOops: 1, NonImmediateOops: No
[2,661s][debug][gc,nmethod     ] Register NMethod: io.sirix.utils.NamePageHash.generateHashForString (0x000072e47ffe5108) [0x000072e47ffe5200, 0x000072e47ffe54d8] Compiler: c1, Barriers: 0, Oops: 1, ImmediateOops: 0, NonImmediateOops: No
[2,661s][debug][gc,nmethod     ] Register NMethod: io.brackit.query.atomic.AbstractAtomic.equals (0x000072e47ffe5508) [0x000072e47ffe5600, 0x000072e47ffe5dd0] Compiler: c1, Barriers: 0, Oops: 1, ImmediateOops: 0, NonImmediateOops: No
[2,661s][debug][gc,nmethod     ] Register NMethod: jdk.xml.internal.JdkXmlUtils.getProperty (0x000072e47ffe5e08) [0x000072e47ffe5f00, 0x000072e47ffe6c58] Compiler: c1, Barriers: 2, Oops: 0, ImmediateOops: 0, NonImmediateOops: No
[2,662s][debug][gc,nmethod     ] Register NMethod: io.sirix.index.path.summary.PathSummaryReader.putMapping (0x000072e47ffe6c88) [0x000072e47ffe6d80, 0x000072e47ffe77b8] Compiler: c1, Barriers: 9, Oops: 1, ImmediateOops: 0, NonImmediateOops: No
[2,662s][debug][gc,nmethod     ] Register NMethod: com.sun.org.apache.xerces.internal.impl.PropertyManager.getProperty (0x000072e47ffe7808) [0x000072e47ffe7900, 0x000072e47ffe93c0] Compiler: c1, Barriers: 7, Oops: 1, ImmediateOops: 4, NonImmediateOops: No
[2,662s][debug][gc,nmethod     ] Register NMethod: javax.xml.namespace.QName.getPrefix (0x000072e49ed44388) [0x000072e49ed44480, 0x000072e49ed44568] Compiler: c1, Barriers: 1, Oops: 0, ImmediateOops: 0, NonImmediateOops: No
[2,662s][debug][gc,nmethod     ] Register NMethod: com.sun.org.apache.xerces.internal.impl.XMLDocumentScannerImpl.getNamespaceContext (0x000072e49ed44688) [0x000072e49ed44780, 0x000072e49ed44870] Compiler: c1, Barriers: 1, Oops: 0, ImmediateOops: 0, NonImmediateOops: No
[2,662s][debug][gc,nmethod     ] Register NMethod: javax.xml.namespace.QName.getLocalPart (0x000072e49ed44988) [0x000072e49ed44a80, 0x000072e49ed44b68] Compiler: c1, Barriers: 1, Oops: 0, ImmediateOops: 0, NonImmediateOops: No
[2,662s][debug][gc,nmethod     ] Register NMethod: io.sirix.access.trx.node.xml.ForwardingXmlNodeReadOnlyTrx.moveTo (0x000072e47ffe9408) [0x000072e47ffe9500, 0x000072e47ffe9b00] Compiler: c1, Barriers: 1, Oops: 1, ImmediateOops: 0, NonImmediateOops: No
[2,662s][debug][gc,nmethod     ] Register NMethod: javax.xml.namespace.QName.getNamespaceURI (0x000072e49ed44c88) [0x000072e49ed44d80, 0x000072e49ed44e68] Compiler: c1, Barriers: 1, Oops: 0, ImmediateOops: 0, NonImmediateOops: No
[2,662s][debug][gc,nmethod     ] Register NMethod: io.sirix.axis.AbstractAxis.<init> (0x000072e47ffe9b88) [0x000072e47ffe9c80, 0x000072e47ffea6d0] Compiler: c1, Barriers: 9, Oops: 1, ImmediateOops: 2, NonImmediateOops: No
[2,662s][debug][gc,nmethod     ] Register NMethod: io.sirix.axis.filter.AbstractFilter.getTrx (0x000072e47ffea708) [0x000072e47ffea800, 0x000072e47ffeab00] Compiler: c1, Barriers: 1, Oops: 1, ImmediateOops: 0, NonImmediateOops: No
[2,662s][debug][gc,nmethod     ] Register NMethod: io.sirix.axis.filter.AbstractFilter.<init> (0x000072e47ffeab88) [0x000072e47ffeac80, 0x000072e47ffeb1b8] Compiler: c1, Barriers: 3, Oops: 1, ImmediateOops: 0, NonImmediateOops: No
[2,663s][debug][gc,nmethod     ] Register NMethod: io.sirix.settings.VersioningType$4.combineRecordPagesForModification (0x000072e49ed44f88) [0x000072e49ed45080, 0x000072e49ed47fe8] Compiler: jvmci, Barriers: 66, Oops: 1, ImmediateOops: 0, NonImmediateOops: No
[2,663s][debug][gc,nmethod     ] Register NMethod: java.util.BitSet.<init> (0x000072e49ed48008) [0x000072e49ed48100, 0x000072e49ed483c0] Compiler: jvmci, Barriers: 3, Oops: 0, ImmediateOops: 0, NonImmediateOops: No
[2,663s][debug][gc,nmethod     ] Register NMethod: io.sirix.access.trx.node.xml.XmlNodeHashing.getCurrentNode (0x000072e47ffeb208) [0x000072e47ffeb300, 0x000072e47ffebaa8] Compiler: c1, Barriers: 2, Oops: 1, ImmediateOops: 0, NonImmediateOops: No
[2,663s][debug][gc,nmethod     ] Register NMethod: io.sirix.access.trx.node.xml.XmlNodeHashing.getCurrentNode (0x000072e47ffebb08) [0x000072e47ffebc00, 0x000072e47ffec190] Compiler: c1, Barriers: 2, Oops: 1, ImmediateOops: 0, NonImmediateOops: No
[2,664s][debug][gc,nmethod     ] Register NMethod: io.sirix.node.xml.ElementNode.getHash (0x000072e47ffec208) [0x000072e47ffec300, 0x000072e47ffefb70] Compiler: c1, Barriers: 7, Oops: 6, ImmediateOops: 10, NonImmediateOops: No
[2,664s][debug][gc,nmethod     ] Register NMethod: io.sirix.node.xml.ElementNode.getLastChildKey (0x000072e47ffefc08) [0x000072e47ffefd00, 0x000072e47fff4cf0] Compiler: c1, Barriers: 19, Oops: 7, ImmediateOops: 11, NonImmediateOops: No
[2,665s][debug][gc,nmethod     ] Register NMethod: io.sirix.page.PageReference.hashCode (0x000072e49ed48408) [0x000072e49ed48500, 0x000072e49ed48d00] Compiler: jvmci, Barriers: 14, Oops: 1, ImmediateOops: 2, NonImmediateOops: No
[2,665s][debug][gc,nmethod     ] Register NMethod: io.sirix.node.xml.ElementNode.getLocalNameKey (0x000072e47fff4d88) [0x000072e47fff4e80, 0x000072e47fff9e70] Compiler: c1, Barriers: 19, Oops: 7, ImmediateOops: 11, NonImmediateOops: No
[2,665s][debug][gc,nmethod     ] Register NMethod: io.sirix.node.xml.TextNode.getRightSiblingKey (0x000072e47fff9f08) [0x000072e47fffa000, 0x000072e47fffeff0] Compiler: c1, Barriers: 19, Oops: 7, ImmediateOops: 11, NonImmediateOops: No
[2,666s][debug][gc,nmethod     ] Register NMethod: io.sirix.node.xml.ElementNode.getPrefixKey (0x000072e47ffff088) [0x000072e47ffff180, 0x000072e480004170] Compiler: c1, Barriers: 19, Oops: 7, ImmediateOops: 11, NonImmediateOops: No
[2,667s][debug][gc,nmethod     ] Register NMethod: java.lang.Thread.blockedOn (0x000072e49ed48d88) [0x000072e49ed48e80, 0x000072e49ed49140] Compiler: jvmci, Barriers: 4, Oops: 0, ImmediateOops: 0, NonImmediateOops: No
[2,667s][debug][gc,nmethod     ] Register NMethod: java.lang.invoke.VarHandleSegmentAsLongs.set (0x000072e49ed49188) [0x000072e49ed49280, 0x000072e49ed49990] Compiler: jvmci, Barriers: 4, Oops: 0, ImmediateOops: 0, NonImmediateOops: No
[2,668s][debug][gc,nmethod     ] Register NMethod: io.sirix.node.GrowingMemorySegment.grow (0x000072e480004208) [0x000072e480004300, 0x000072e480015148] Compiler: c1, Barriers: 44, Oops: 5, ImmediateOops: 42, NonImmediateOops: No
[2,668s][debug][gc,nmethod     ] Register NMethod: java.lang.invoke.VarHandleGuards.guard_LJJ_V (0x000072e49ed49a08) [0x000072e49ed49b00, 0x000072e49ed4a3b8] Compiler: jvmci, Barriers: 26, Oops: 0, ImmediateOops: 5, NonImmediateOops: No
[2,669s][info ][gc             ] GC(1) Major Collection (Metadata GC Threshold)
[2,670s][info ][gc,task        ] GC(1) Using 1 Workers for Young Generation
[2,670s][info ][gc,task        ] GC(1) Using 1 Workers for Old Generation
[2,670s][debug][gc,heap        ] GC(1) Y: Heap Before GC invocations=1 (full 1):
[2,670s][debug][gc,heap        ] GC(1) Y:  ZHeap           used 420M, capacity 5120M, max capacity 12288M
[2,670s][debug][gc,heap        ] GC(1) Y:   Cache          4700M (1)
[2,670s][debug][gc,heap        ] GC(1) Y:    size classes  4G (1)
[2,670s][debug][gc,nmethod     ] Register NMethod: java.nio.ByteBuffer.get (0x000072e480015188) [0x000072e480015280, 0x000072e480015bf8] Compiler: c1, Barriers: 0, Oops: 0, ImmediateOops: 0, NonImmediateOops: No
[2,670s][debug][gc,metaspace   ] GC(1) Y: Metaspace Before GC invocations=1 (full 1):
[2,670s][debug][gc,metaspace   ] GC(1) Y:  Metaspace       used 38352K, committed 38784K, reserved 1114112K
[2,670s][debug][gc,metaspace   ] GC(1) Y:   class space    used 3457K, committed 3648K, reserved 1048576K
[2,670s][debug][gc,nmethod     ] Register NMethod: io.sirix.io.filechannel.FileChannelReader$$Lambda/0x00000000b32bf690.<init> (0x000072e480015c08) [0x000072e480015d00, 0x000072e480015ed8] Compiler: c1, Barriers: 3, Oops: 1, ImmediateOops: 0, NonImmediateOops: No
[2,670s][info ][gc,phases      ] GC(1) Y: Young Generation
[2,670s][debug][gc,nmethod     ] Register NMethod: com.github.benmanes.caffeine.cache.LocalAsyncCache$$Lambda/0x00000000b32bf8e0.<init> (0x000072e480015f08) [0x000072e480016000, 0x000072e480016248] Compiler: c1, Barriers: 6, Oops: 1, ImmediateOops: 0, NonImmediateOops: No
[2,670s][debug][gc,reloc       ] Synchronize all workers 1 _nworkers: 0 _nsynchronized: 0
[2,670s][debug][gc,reloc       ] Synchronize all workers 1 _nworkers: 0 _nsynchronized: 0
[2,670s][debug][gc,phases,start] GC(1) Y: Pause Mark Start (Major)
[2,670s][debug][gc,tlab        ] GC(1) Y: TLAB usage update: used 72M -> 342M, capacity: 72M -> 153M
[2,670s][debug][gc,marking     ] GC(1) Y: Using 1 mark stripes
[2,670s][debug][gc,marking     ] GC(1) Y: Mark Worker/Stripe Distribution
[2,670s][debug][gc,marking     ] GC(1) Y:   Worker 0(1) -> Stripe 0(1)
[2,670s][debug][gc,marking     ] GC(1) Y: Using 1 mark stripes
[2,670s][debug][gc,marking     ] GC(1) Y: Mark Worker/Stripe Distribution
[2,670s][debug][gc,marking     ] GC(1) Y:   Worker 0(1) -> Stripe 0(1)
[2,670s][info ][gc,phases      ] GC(1) Y: Pause Mark Start (Major) 0,104ms
[2,670s][debug][gc,reloc       ] Desynchronize all workers _nworkers: 0 _nsynchronized: 0
[2,670s][debug][gc,reloc       ] Desynchronize all workers _nworkers: 0 _nsynchronized: 0
[2,670s][debug][gc,marking     ] Resurrection broke termination
[2,670s][debug][gc,phases,start] GC(1) Y: Concurrent Mark
[2,670s][debug][gc,phases,start] GC(1) Y: Concurrent Mark Roots
[2,670s][debug][gc,nmethod     ] Register NMethod: com.github.benmanes.caffeine.cache.LocalAsyncCache.get (0x000072e480016288) [0x000072e480016380, 0x000072e4800166a8] Compiler: c1, Barriers: 0, Oops: 1, ImmediateOops: 0, NonImmediateOops: No
[2,670s][debug][gc,task        ] GC(1) Y: Executing ZMarkYoungRootsTask using ZWorkerYoung with 1 workers
[2,670s][debug][gc,nmethod     ] Register NMethod: java.nio.ByteBuffer.getArray (0x000072e480016708) [0x000072e480016800, 0x000072e4800186f8] Compiler: c1, Barriers: 5, Oops: 1, ImmediateOops: 4, NonImmediateOops: No
[2,670s][debug][gc,nmethod     ] Register NMethod: com.github.benmanes.caffeine.cache.LocalAsyncCache.get (0x000072e480018708) [0x000072e480018800, 0x000072e480019410] Compiler: c1, Barriers: 6, Oops: 2, ImmediateOops: 2, NonImmediateOops: No
[2,670s][debug][gc,nmethod     ] Register NMethod: com.github.benmanes.caffeine.cache.LocalAsyncCache$$Lambda/0x00000000b32bfb20.<init> (0x000072e480019488) [0x000072e480019580, 0x000072e4800198b8] Compiler: c1, Barriers: 12, Oops: 1, ImmediateOops: 0, NonImmediateOops: No
[2,670s][debug][gc,nmethod     ] Register NMethod: com.github.benmanes.caffeine.cache.LocalAsyncCache$AbstractCacheView.get (0x000072e480019908) [0x000072e480019a00, 0x000072e48001aa98] Compiler: c1, Barriers: 6, Oops: 2, ImmediateOops: 2, NonImmediateOops: No
[2,670s][debug][gc,nmethod     ] Register NMethod: com.github.benmanes.caffeine.cache.stats.DisabledStatsCounter.recordHits (0x000072e48001ab08) [0x000072e48001ac00, 0x000072e48001ad00] Compiler: c1, Barriers: 0, Oops: 1, ImmediateOops: 0, NonImmediateOops: No
[2,671s][debug][gc,nmethod     ] Register NMethod: com.github.benmanes.caffeine.cache.LocalAsyncCache.get (0x000072e48001ae08) [0x000072e48001af00, 0x000072e48001c3d0] Compiler: c1, Barriers: 16, Oops: 3, ImmediateOops: 2, NonImmediateOops: No
[2,671s][debug][gc,nmethod     ] Register NMethod: io.sirix.page.DeserializedBitmapReferencesPageTuple.<init> (0x000072e48001c408) [0x000072e48001c500, 0x000072e48001c748] Compiler: c1, Barriers: 6, Oops: 1, ImmediateOops: 0, NonImmediateOops: No
[2,671s][debug][gc,nmethod     ] Register NMethod: io.sirix.page.RevisionRootPage.<init> (0x000072e48001c788) [0x000072e48001c880, 0x000072e48001cc48] Compiler: c1, Barriers: 9, Oops: 1, ImmediateOops: 0, NonImmediateOops: No
[2,671s][debug][gc,nmethod     ] Register NMethod: com.github.benmanes.caffeine.cache.UnboundedLocalCache.computeIfAbsent (0x000072e48001cc88) [0x000072e48001cd80, 0x000072e48001d7b0] Compiler: c1, Barriers: 4, Oops: 1, ImmediateOops: 0, NonImmediateOops: No
[2,671s][debug][gc,nmethod     ] Register NMethod: io.sirix.io.filechannel.FileChannelReader.readRevisionRootPage (0x000072e48001d808) [0x000072e48001d900, 0x000072e480020218] Compiler: c1, Barriers: 7, Oops: 3, ImmediateOops: 7, NonImmediateOops: No
[2,671s][debug][gc,nmethod     ] Register NMethod: com.github.benmanes.caffeine.cache.LocalAsyncCache$AbstractCacheView.resolve (0x000072e480020288) [0x000072e480020380, 0x000072e480021770] Compiler: c1, Barriers: 1, Oops: 1, ImmediateOops: 2, NonImmediateOops: No
[2,671s][debug][gc,nmethod     ] Register NMethod: com.github.benmanes.caffeine.cache.PSMW.setPolicyWeight (0x000072e49ed4a408) [0x000072e49ed4a500, 0x000072e49ed4a5c0] Compiler: c1, Barriers: 0, Oops: 1, ImmediateOops: 0, NonImmediateOops: No
[2,671s][debug][gc,nmethod     ] Register NMethod: com.github.benmanes.caffeine.cache.SSLSMW.missesInSample (0x000072e49ed4a708) [0x000072e49ed4a800, 0x000072e49ed4a8c0] Compiler: c1, Barriers: 0, Oops: 1, ImmediateOops: 0, NonImmediateOops: No
[2,672s][debug][gc,nmethod     ] Register NMethod: io.sirix.page.PageKind$5.deserializePage (0x000072e480021788) [0x000072e480021880, 0x000072e480023498] Compiler: c1, Barriers: 14, Oops: 1, ImmediateOops: 2, NonImmediateOops: No
[2,672s][debug][gc,nmethod     ] Register NMethod: com.github.benmanes.caffeine.cache.BoundedLocalCache.afterWrite (0x000072e480023508) [0x000072e480023600, 0x000072e480025ba0] Compiler: c1, Barriers: 11, Oops: 2, ImmediateOops: 2, NonImmediateOops: No
[2,672s][debug][gc,nmethod     ] Register NMethod: com.github.benmanes.caffeine.cache.BaseMpscLinkedArrayQueue.casProducerIndex (0x000072e480025c08) [0x000072e480025d00, 0x000072e480026a30] Compiler: c1, Barriers: 0, Oops: 6, ImmediateOops: 5, NonImmediateOops: No
[2,672s][debug][gc,nmethod     ] Register NMethod: java.util.concurrent.CompletableFuture$Completion.<init> (0x000072e480026a88) [0x000072e480026b80, 0x000072e480026d38] Compiler: c1, Barriers: 0, Oops: 0, ImmediateOops: 0, NonImmediateOops: No
[2,672s][debug][gc,nmethod     ] Register NMethod: com.github.benmanes.caffeine.cache.BoundedLocalCache.scheduleAfterWrite (0x000072e480026d88) [0x000072e480026e80, 0x000072e48002af38] Compiler: c1, Barriers: 0, Oops: 8, ImmediateOops: 22, NonImmediateOops: No
[2,673s][debug][gc,nmethod     ] Register NMethod: java.util.concurrent.atomic.AtomicInteger.<init> (0x000072e49ed4aa08) [0x000072e49ed4ab00, 0x000072e49ed4ab90] Compiler: jvmci, Barriers: 0, Oops: 0, ImmediateOops: 0, NonImmediateOops: No
[2,673s][debug][gc,nmethod     ] Register NMethod: com.github.benmanes.caffeine.cache.BaseMpscLinkedArrayQueue.offer (0x000072e48002af88) [0x000072e48002b080, 0x000072e48002e390] Compiler: c1, Barriers: 4, Oops: 12, ImmediateOops: 16, NonImmediateOops: No
[2,675s][debug][gc,nmethod     ] Register NMethod: jdk.internal.misc.Unsafe.bool2byte (0x000072e48002e408) [0x000072e48002e500, 0x000072e48002e650] Compiler: c1, Barriers: 0, Oops: 0, ImmediateOops: 0, NonImmediateOops: No
[2,675s][debug][gc,tlab        ] GC(1) Y: TLAB totals: thrds: 26  refills: 1055 max: 993 slow allocs: 1132 max 769 waste:  1,0% gc: 1705752B max: 262104B slow: 1080328B max: 1004272B
[2,675s][debug][gc,phases      ] GC(1) Y: Concurrent Mark Roots 5,282ms
[2,675s][debug][gc,phases,start] GC(1) Y: Concurrent Mark Follow
[2,675s][debug][gc,marking     ] GC(1) Y: Using 1 mark stripes
[2,675s][debug][gc,task        ] GC(1) Y: Executing ZRememberedScanMarkFollowTask using ZWorkerYoung with 1 workers
[2,676s][debug][gc,nmethod     ] Register NMethod: io.sirix.index.path.summary.PathNode.getURIKey (0x000072e48002e708) [0x000072e48002e800, 0x000072e48002e960] Compiler: c1, Barriers: 1, Oops: 1, ImmediateOops: 0, NonImmediateOops: No
[2,676s][debug][gc,nmethod     ] Register NMethod: io.sirix.access.trx.page.NodeStorageEngineWriter.getName (0x000072e48002ea08) [0x000072e48002eb00, 0x000072e480030e68] Compiler: c1, Barriers: 11, Oops: 1, ImmediateOops: 3, NonImmediateOops: No
[2,677s][debug][gc,nmethod     ] Register NMethod: sun.nio.ch.UnixFileDispatcherImpl.force0 (0x000072e49ed4ad08) [0x000072e49ed4ae00, 0x000072e49ed4af70] Compiler: , Barriers: 0, Oops: 0, ImmediateOops: 1, NonImmediateOops: No
[2,677s][debug][gc,nmethod     ] Register NMethod: jdk.internal.event.FileForceEvent.enabled (0x000072e49ed4b008) [0x000072e49ed4b100, 0x000072e49ed4b1a0] Compiler: c1, Barriers: 0, Oops: 0, ImmediateOops: 0, NonImmediateOops: No
[2,678s][debug][gc,nmethod     ] Register NMethod: java.util.BitSet.cardinality (0x000072e49ed4b308) [0x000072e49ed4b400, 0x000072e49ed4b550] Compiler: jvmci, Barriers: 1, Oops: 0, ImmediateOops: 0, NonImmediateOops: No
[2,678s][debug][gc,nmethod     ] Register NMethod: com.github.benmanes.caffeine.cache.PSMW.getPreviousInAccessOrder (0x000072e480030e88) [0x000072e480030f80, 0x000072e480031280] Compiler: c1, Barriers: 1, Oops: 1, ImmediateOops: 0, NonImmediateOops: No
[2,678s][debug][gc,nmethod     ] Register NMethod: io.sirix.node.xml.ElementNode.getAttributeCount (0x000072e480031308) [0x000072e480031400, 0x000072e480031590] Compiler: c1, Barriers: 1, Oops: 1, ImmediateOops: 0, NonImmediateOops: No
[2,679s][debug][gc,nmethod     ] Register NMethod: io.sirix.node.xml.ElementNode.getNamespaceCount (0x000072e480031608) [0x000072e480031700, 0x000072e480031890] Compiler: c1, Barriers: 1, Oops: 1, ImmediateOops: 0, NonImmediateOops: No
[2,679s][debug][gc,nmethod     ] Register NMethod: it.unimi.dsi.fastutil.longs.AbstractLongList.<init> (0x000072e480031908) [0x000072e480031a00, 0x000072e480031c18] Compiler: c1, Barriers: 0, Oops: 1, ImmediateOops: 0, NonImmediateOops: No
[2,679s][debug][gc,nmethod     ] Register NMethod: it.unimi.dsi.fastutil.longs.AbstractLongCollection.<init> (0x000072e480031c88) [0x000072e480031d80, 0x000072e480031f38] Compiler: c1, Barriers: 0, Oops: 1, ImmediateOops: 0, NonImmediateOops: No
[2,679s][debug][gc,nmethod     ] Register NMethod: io.brackit.query.atomic.QNm.<init> (0x000072e480031f88) [0x000072e480032080, 0x000072e4800324b8] Compiler: c1, Barriers: 9, Oops: 1, ImmediateOops: 4, NonImmediateOops: No
[2,679s][debug][gc,nmethod     ] Register NMethod: io.sirix.node.xml.TextNode.hasFirstChild (0x000072e49ed4b608) [0x000072e49ed4b700, 0x000072e49ed4b7c0] Compiler: c1, Barriers: 0, Oops: 1, ImmediateOops: 0, NonImmediateOops: No
[2,679s][debug][gc,nmethod     ] Register NMethod: io.sirix.access.trx.node.AbstractNodeReadOnlyTrx.getLeftSiblingKey (0x000072e480032508) [0x000072e480032600, 0x000072e480032e20] Compiler: c1, Barriers: 0, Oops: 1, ImmediateOops: 1, NonImmediateOops: No
[2,680s][debug][gc,nmethod     ] Register NMethod: io.sirix.access.trx.node.AbstractNodeReadOnlyTrx.assertNotClosed (0x000072e49ed4b908) [0x000072e49ed4ba00, 0x000072e49ed4bac0] Compiler: jvmci, Barriers: 0, Oops: 1, ImmediateOops: 0, NonImmediateOops: No
[2,680s][debug][gc,nmethod     ] Register NMethod: io.sirix.node.xml.ElementNode.getKind (0x000072e49ed4bc08) [0x000072e49ed4bd00, 0x000072e49ed4bd90] Compiler: jvmci, Barriers: 0, Oops: 1, ImmediateOops: 1, NonImmediateOops: No
[2,680s][debug][gc,nmethod     ] Register NMethod: io.sirix.node.xml.ElementNode.hasRightSibling (0x000072e480032e88) [0x000072e480032f80, 0x000072e4800383b8] Compiler: c1, Barriers: 19, Oops: 7, ImmediateOops: 12, NonImmediateOops: No
[2,680s][debug][gc,nmethod     ] Register NMethod: java.lang.Iterable.forEach (0x000072e480038408) [0x000072e480038500, 0x000072e480038ff8] Compiler: c1, Barriers: 0, Oops: 0, ImmediateOops: 0, NonImmediateOops: No
[2,680s][debug][gc,nmethod     ] Register NMethod: dagger.internal.Preconditions.checkNotNullFromProvides (0x000072e480039008) [0x000072e480039100, 0x000072e4800392d8] Compiler: c1, Barriers: 0, Oops: 1, ImmediateOops: 1, NonImmediateOops: No
[2,681s][debug][gc,nmethod     ] Register NMethod: io.sirix.page.NamePage.<init> (0x000072e480039308) [0x000072e480039400, 0x000072e480039780] Compiler: c1, Barriers: 9, Oops: 1, ImmediateOops: 0, NonImmediateOops: No
[2,681s][debug][gc,nmethod     ] Register NMethod: io.sirix.page.PageKind$2.deserializePage (0x000072e480039808) [0x000072e480039900, 0x000072e48003a278] Compiler: c1, Barriers: 9, Oops: 1, ImmediateOops: 1, NonImmediateOops: No
[2,682s][debug][gc,nmethod     ] Register NMethod: io.sirix.access.trx.page.RevisionRootPageReader.<init> (0x000072e48003a288) [0x000072e48003a380, 0x000072e48003a4d8] Compiler: c1, Barriers: 0, Oops: 1, ImmediateOops: 0, NonImmediateOops: No
[2,682s][debug][gc,nmethod     ] Register NMethod: io.sirix.access.trx.page.RevisionRootPageReader.loadRevisionRootPage (0x000072e48003a588) [0x000072e48003a680, 0x000072e48003a990] Compiler: c1, Barriers: 0, Oops: 1, ImmediateOops: 0, NonImmediateOops: No
[2,682s][debug][gc,nmethod     ] Register NMethod: io.sirix.access.trx.node.AbstractResourceSession.assertAccess (0x000072e48003aa08) [0x000072e48003ab00, 0x000072e48003c2c0] Compiler: c1, Barriers: 4, Oops: 1, ImmediateOops: 3, NonImmediateOops: No
[2,682s][debug][gc,nmethod     ] Register NMethod: io.sirix.access.trx.page.RevisionRootPageReader.getNamePage (0x000072e48003c308) [0x000072e48003c400, 0x000072e48003c710] Compiler: c1, Barriers: 0, Oops: 1, ImmediateOops: 0, NonImmediateOops: No
[2,682s][debug][gc,nmethod     ] Register NMethod: io.sirix.access.trx.RevisionEpochTracker$Ticket.<init> (0x000072e48003c788) [0x000072e48003c880, 0x000072e48003c9e0] Compiler: c1, Barriers: 0, Oops: 1, ImmediateOops: 0, NonImmediateOops: No
[2,682s][debug][gc,nmethod     ] Register NMethod: io.sirix.access.trx.RevisionEpochTracker.register (0x000072e48003ca88) [0x000072e48003cb80, 0x000072e48003e770] Compiler: c1, Barriers: 3, Oops: 8, ImmediateOops: 9, NonImmediateOops: No
[2,683s][debug][gc,nmethod     ] Register NMethod: io.sirix.node.xml.TextNode.getKind (0x000072e48003e808) [0x000072e48003e900, 0x000072e48003ea08] Compiler: c1, Barriers: 0, Oops: 1, ImmediateOops: 1, NonImmediateOops: No
[2,683s][debug][gc,nmethod     ] Register NMethod: io.sirix.service.xml.serialize.XmlSerializer.areSiblingNodesGoingToBeSkipped (0x000072e49ed4bf08) [0x000072e49ed4c000, 0x000072e49ed4c0c0] Compiler: c1, Barriers: 0, Oops: 1, ImmediateOops: 0, NonImmediateOops: No
[2,683s][debug][gc,nmethod     ] Register NMethod: io.sirix.access.trx.node.AbstractNodeReadOnlyTrx.moveToFirstChild (0x000072e48003eb08) [0x000072e48003ec00, 0x000072e48003f880] Compiler: c1, Barriers: 0, Oops: 1, ImmediateOops: 1, NonImmediateOops: No
[2,683s][debug][gc,nmethod     ] Register NMethod: io.sirix.access.trx.node.xml.XmlNodeReadOnlyTrxImpl.isDocumentRoot (0x000072e48003f908) [0x000072e48003fa00, 0x000072e4800404a8] Compiler: c1, Barriers: 1, Oops: 1, ImmediateOops: 2, NonImmediateOops: No
[2,683s][debug][gc,nmethod     ] Register NMethod: io.sirix.access.trx.page.NodeStorageEngineReader.<init> (0x000072e480040508) [0x000072e480040600, 0x000072e480043c10] Compiler: c1, Barriers: 44, Oops: 2, ImmediateOops: 4, NonImmediateOops: No
[2,683s][debug][gc,nmethod     ] Register NMethod: java.util.regex.Matcher.matches (0x000072e480043c88) [0x000072e480043d80, 0x000072e480044080] Compiler: c1, Barriers: 0, Oops: 0, ImmediateOops: 0, NonImmediateOops: No
[2,683s][debug][gc,nmethod     ] Register NMethod: java.util.regex.Matcher.match (0x000072e480044088) [0x000072e480044180, 0x000072e4800449a8] Compiler: c1, Barriers: 8, Oops: 0, ImmediateOops: 0, NonImmediateOops: No
[2,684s][debug][gc,nmethod     ] Register NMethod: io.sirix.node.xml.TextNode.getLeftSiblingKey (0x000072e480044a08) [0x000072e480044b00, 0x000072e480049af0] Compiler: c1, Barriers: 19, Oops: 7, ImmediateOops: 11, NonImmediateOops: No
[2,684s][debug][gc,nmethod     ] Register NMethod: io.sirix.node.xml.TextNode.hasRightSibling (0x000072e480049b88) [0x000072e480049c80, 0x000072e48004f0b8] Compiler: c1, Barriers: 19, Oops: 7, ImmediateOops: 12, NonImmediateOops: No
[2,684s][debug][gc,nmethod     ] Register NMethod: sun.nio.ch.IOUtil.write (0x000072e48004f108) [0x000072e48004f200, 0x000072e480050428] Compiler: c1, Barriers: 0, Oops: 0, ImmediateOops: 0, NonImmediateOops: No
[2,684s][debug][gc,nmethod     ] Register NMethod: org.junit.platform.commons.util.ReflectionUtils$$Lambda/0x00000000b318d698.<init> (0x000072e480050488) [0x000072e480050580, 0x000072e480050750] Compiler: c1, Barriers: 3, Oops: 1, ImmediateOops: 0, NonImmediateOops: No
[2,685s][debug][gc,nmethod     ] Register NMethod: org.junit.platform.commons.util.ReflectionUtils$$Lambda/0x00000000b318e930.test (0x000072e480050788) [0x000072e480050880, 0x000072e480051c10] Compiler: c1, Barriers: 4, Oops: 2, ImmediateOops: 3, NonImmediateOops: No
[2,685s][debug][gc,nmethod     ] Register NMethod: org.junit.platform.commons.util.ReflectionUtils.isMethodShadowedByLocalMethods (0x000072e480051c88) [0x000072e480051d80, 0x000072e480052d98] Compiler: c1, Barriers: 3, Oops: 2, ImmediateOops: 3, NonImmediateOops: No
[2,685s][debug][gc,nmethod     ] Register NMethod: org.junit.platform.commons.util.ReflectionUtils.lambda$findAllMethodsInHierarchy$28 (0x000072e480052e08) [0x000072e480052f00, 0x000072e480053fd0] Compiler: c1, Barriers: 3, Oops: 2, ImmediateOops: 3, NonImmediateOops: No
[2,685s][debug][gc,nmethod     ] Register NMethod: org.junit.platform.engine.UniqueIdFormat$$Lambda/0x00000000b319b3f0.apply (0x000072e480054008) [0x000072e480054100, 0x000072e480054478] Compiler: c1, Barriers: 1, Oops: 1, ImmediateOops: 0, NonImmediateOops: No
[2,685s][debug][gc,nmethod     ] Register NMethod: sun.nio.ch.IOUtil.writeFromNativeBuffer (0x000072e480054488) [0x000072e480054580, 0x000072e480056c38] Compiler: c1, Barriers: 4, Oops: 0, ImmediateOops: 4, NonImmediateOops: No
[2,685s][debug][gc,nmethod     ] Register NMethod: jdk.internal.reflect.ReflectionFactory.copyField (0x000072e480056c88) [0x000072e480056d80, 0x000072e480057158] Compiler: c1, Barriers: 1, Oops: 0, ImmediateOops: 0, NonImmediateOops: No
[2,685s][debug][gc,nmethod     ] Register NMethod: java.lang.reflect.ReflectAccess.copyField (0x000072e480057188) [0x000072e480057280, 0x000072e480057580] Compiler: c1, Barriers: 0, Oops: 0, ImmediateOops: 0, NonImmediateOops: No
[2,685s][debug][gc,nmethod     ] Register NMethod: java.lang.reflect.Field.<init> (0x000072e480057588) [0x000072e480057680, 0x000072e480057aa8] Compiler: c1, Barriers: 15, Oops: 0, ImmediateOops: 0, NonImmediateOops: No
[2,685s][debug][gc,nmethod     ] Register NMethod: java.util.concurrent.ConcurrentHashMap.isEmpty (0x000072e480057b08) [0x000072e480057c00, 0x000072e480057f48] Compiler: c1, Barriers: 0, Oops: 0, ImmediateOops: 0, NonImmediateOops: No
[2,685s][debug][gc,nmethod     ] Register NMethod: java.lang.reflect.Field.copy (0x000072e480057f88) [0x000072e480058080, 0x000072e480058700] Compiler: c1, Barriers: 21, Oops: 0, ImmediateOops: 1, NonImmediateOops: No
[2,686s][debug][gc,nmethod     ] Register NMethod: org.junit.platform.engine.UniqueIdFormat.createSegment (0x000072e480058708) [0x000072e480058800, 0x000072e48005b828] Compiler: c1, Barriers: 19, Oops: 4, ImmediateOops: 4, NonImmediateOops: No
[2,687s][debug][gc,nmethod     ] Register NMethod: java.util.stream.FindOps.makeRef (0x000072e48005b888) [0x000072e48005b980, 0x000072e48005bad8] Compiler: c1, Barriers: 0, Oops: 0, ImmediateOops: 2, NonImmediateOops: No
[2,687s][debug][gc,nmethod     ] Register NMethod: org.junit.platform.engine.UniqueIdFormat.encode (0x000072e48005bb88) [0x000072e48005bc80, 0x000072e48005e120] Compiler: c1, Barriers: 4, Oops: 2, ImmediateOops: 4, NonImmediateOops: No
[2,687s][debug][gc,nmethod     ] Register NMethod: java.util.stream.FindOps$FindSink.<init> (0x000072e48005e188) [0x000072e48005e280, 0x000072e48005e3d8] Compiler: c1, Barriers: 0, Oops: 0, ImmediateOops: 0, NonImmediateOops: No
[2,687s][debug][gc,nmethod     ] Register NMethod: java.util.stream.FindOps$FindSink$OfRef.<init> (0x000072e48005e488) [0x000072e48005e580, 0x000072e48005e738] Compiler: c1, Barriers: 0, Oops: 0, ImmediateOops: 0, NonImmediateOops: No
[2,687s][debug][gc,nmethod     ] Register NMethod: java.util.stream.FindOps$FindSink$OfRef$$Lambda/0x00000000b3058a10.get (0x000072e48005e788) [0x000072e48005e880, 0x000072e48005eae8] Compiler: c1, Barriers: 0, Oops: 0, ImmediateOops: 0, NonImmediateOops: No
[2,687s][debug][gc,nmethod     ] Register NMethod: java.util.stream.FindOps$FindOp.evaluateSequential (0x000072e48005eb08) [0x000072e48005ec00, 0x000072e48005f838] Compiler: c1, Barriers: 2, Oops: 0, ImmediateOops: 0, NonImmediateOops: No
[2,687s][debug][gc,nmethod     ] Register NMethod: java.util.stream.FindOps$FindSink$OfRef.get (0x000072e48005f888) [0x000072e48005f980, 0x000072e48005fe48] Compiler: c1, Barriers: 4, Oops: 0, ImmediateOops: 0, NonImmediateOops: No
[2,687s][debug][gc,nmethod     ] Register NMethod: java.util.stream.FindOps$FindSink$OfRef.get (0x000072e48005fe88) [0x000072e48005ff80, 0x000072e480060670] Compiler: c1, Barriers: 4, Oops: 0, ImmediateOops: 0, NonImmediateOops: No
[2,688s][debug][gc,nmethod     ] Register NMethod: org.junit.platform.engine.support.hierarchical.ThrowableCollector.isEmpty (0x000072e480060688) [0x000072e480060780, 0x000072e480060900] Compiler: c1, Barriers: 1, Oops: 1, ImmediateOops: 0, NonImmediateOops: No
[2,692s][debug][gc,nmethod     ] Register NMethod: java.lang.invoke.MethodHandle.invokeBasic (0x000072e49ed4c208) [0x000072e49ed4c300, 0x000072e49ed4c598] Compiler: , Barriers: 0, Oops: 0, ImmediateOops: 0, NonImmediateOops: No
[2,693s][debug][gc,nmethod     ] Register NMethod: java.util.concurrent.ConcurrentHashMap$KeyIterator.next (0x000072e480060988) [0x000072e480060a80, 0x000072e480060f60] Compiler: c1, Barriers: 5, Oops: 0, ImmediateOops: 0, NonImmediateOops: No
[2,693s][debug][gc,nmethod     ] Register NMethod: java.lang.invoke.MethodHandle.linkToSpecial (0x000072e49ed4c608) [0x000072e49ed4c700, 0x000072e49ed4c7f8] Compiler: , Barriers: 0, Oops: 0, ImmediateOops: 0, NonImmediateOops: No
[2,693s][debug][gc,nmethod     ] Register NMethod: java.util.logging.LogManager.ensureLogManagerInitialized (0x000072e480060f88) [0x000072e480061080, 0x000072e4800643e8] Compiler: c1, Barriers: 21, Oops: 2, ImmediateOops: 8, NonImmediateOops: No
[2,695s][debug][gc,nmethod     ] Register NMethod: java.lang.invoke.MethodHandle.invokeBasic (0x000072e49ed4c908) [0x000072e49ed4ca00, 0x000072e49ed4cc98] Compiler: , Barriers: 0, Oops: 0, ImmediateOops: 0, NonImmediateOops: No
[2,695s][debug][gc,nmethod     ] Register NMethod: java.lang.invoke.MethodHandle.linkToSpecial (0x000072e49ed4cd08) [0x000072e49ed4ce00, 0x000072e49ed4cef8] Compiler: , Barriers: 0, Oops: 0, ImmediateOops: 0, NonImmediateOops: No
[2,695s][debug][gc,nmethod     ] Register NMethod: jdk.internal.constant.ConstantUtils.validateInternalClassName (0x000072e480064408) [0x000072e480064500, 0x000072e480064618] Compiler: c1, Barriers: 0, Oops: 0, ImmediateOops: 0, NonImmediateOops: No
[2,697s][debug][gc,nmethod     ] Register NMethod: jdk.internal.constant.ConstantUtils.validateClassOrPackageName (0x000072e480064708) [0x000072e480064800, 0x000072e48006c628] Compiler: c1, Barriers: 15, Oops: 2, ImmediateOops: 41, NonImmediateOops: No
[2,698s][debug][gc,nmethod     ] Register NMethod: sun.invoke.util.VerifyAccess.isSamePackage (0x000072e49ed4d008) [0x000072e49ed4d100, 0x000072e49ed4df38] Compiler: jvmci, Barriers: 20, Oops: 0, ImmediateOops: 2, NonImmediateOops: No
[2,699s][debug][gc,nmethod     ] Register NMethod: io.sirix.access.trx.page.NodeStorageEngineReader.getValue (0x000072e49ed4df88) [0x000072e49ed4e080, 0x000072e49ed4ef00] Compiler: jvmci, Barriers: 22, Oops: 1, ImmediateOops: 1, NonImmediateOops: No
[2,701s][debug][gc,nmethod     ] Register NMethod: io.sirix.page.KeyValueLeafPage.setData (0x000072e49ed4ef88) [0x000072e49ed4f080, 0x000072e49ed511b8] Compiler: jvmci, Barriers: 27, Oops: 3, ImmediateOops: 4, NonImmediateOops: No
[2,705s][debug][gc,nmethod     ] Register NMethod: java.util.concurrent.ConcurrentLinkedDeque.pollFirst (0x000072e49ed51208) [0x000072e49ed51300, 0x000072e49ed52618] Compiler: jvmci, Barriers: 72, Oops: 0, ImmediateOops: 1, NonImmediateOops: No
[2,706s][debug][gc,nmethod     ] Register NMethod: java.util.concurrent.ConcurrentLinkedDeque.unlink (0x000072e49ed52688) [0x000072e49ed52780, 0x000072e49ed532e0] Compiler: jvmci, Barriers: 38, Oops: 0, ImmediateOops: 1, NonImmediateOops: No
[2,706s][debug][gc,nmethod     ] Register NMethod: java.util.concurrent.ConcurrentLinkedDeque.skipDeletedSuccessors (0x000072e49ed53308) [0x000072e49ed53400, 0x000072e49ed536a0] Compiler: jvmci, Barriers: 8, Oops: 0, ImmediateOops: 0, NonImmediateOops: No
[2,706s][debug][gc,nmethod     ] Register NMethod: java.util.concurrent.ConcurrentLinkedDeque.first (0x000072e49ed53708) [0x000072e49ed53800, 0x000072e49ed53938] Compiler: jvmci, Barriers: 2, Oops: 0, ImmediateOops: 0, NonImmediateOops: No
[2,707s][debug][gc,nmethod     ] Register NMethod: java.util.concurrent.ConcurrentLinkedDeque.skipDeletedPredecessors (0x000072e49ed53a08) [0x000072e49ed53b00, 0x000072e49ed53df0] Compiler: jvmci, Barriers: 9, Oops: 0, ImmediateOops: 0, NonImmediateOops: No
[2,707s][debug][gc,nmethod     ] Register NMethod: java.util.concurrent.ConcurrentLinkedDeque.updateTail (0x000072e49ed53e08) [0x000072e49ed53f00, 0x000072e49ed54030] Compiler: jvmci, Barriers: 2, Oops: 0, ImmediateOops: 0, NonImmediateOops: No
[2,707s][debug][gc,nmethod     ] Register NMethod: java.util.concurrent.ConcurrentLinkedDeque.updateHead (0x000072e49ed54108) [0x000072e49ed54200, 0x000072e49ed54398] Compiler: jvmci, Barriers: 3, Oops: 0, ImmediateOops: 0, NonImmediateOops: No
[2,708s][debug][gc,nmethod     ] Register NMethod: java.util.concurrent.ConcurrentLinkedDeque.clear (0x000072e48006c688) [0x000072e48006c780, 0x000072e48006c9b8] Compiler: c1, Barriers: 0, Oops: 0, ImmediateOops: 0, NonImmediateOops: No
[2,708s][debug][gc,nmethod     ] Register NMethod: java.util.concurrent.ConcurrentLinkedDeque.clear (0x000072e48006ca08) [0x000072e48006cb00, 0x000072e48006ccd8] Compiler: c1, Barriers: 0, Oops: 0, ImmediateOops: 0, NonImmediateOops: No
[2,710s][debug][gc,nmethod     ] Register NMethod: io.sirix.settings.VersioningType$4.combineRecordPagesForModification (0x000072e49ed54408) [0x000072e49ed54500, 0x000072e49ed56f58] Compiler: jvmci, Barriers: 60, Oops: 3, ImmediateOops: 1, NonImmediateOops: No
[2,716s][debug][gc,nmethod     ] Register NMethod: io.sirix.access.trx.RevisionEpochTracker.minActiveRevision (0x000072e48006cd08) [0x000072e48006ce00, 0x000072e48006e718] Compiler: c1, Barriers: 3, Oops: 8, ImmediateOops: 9, NonImmediateOops: No
[2,716s][debug][gc,nmethod     ] Register NMethod: io.sirix.settings.VersioningType$4.combineRecordPages (0x000072e49ed56f88) [0x000072e49ed57080, 0x000072e49ed5a2a0] Compiler: jvmci, Barriers: 48, Oops: 4, ImmediateOops: 1, NonImmediateOops: No
[2,726s][debug][gc,nmethod     ] Register NMethod: java.util.concurrent.ConcurrentLinkedDeque.clear (0x000072e49ed5a308) [0x000072e49ed5a400, 0x000072e49ed5d8d0] Compiler: jvmci, Barriers: 201, Oops: 0, ImmediateOops: 1, NonImmediateOops: No
[2,776s][debug][gc,nmethod     ] Register NMethod: java.util.concurrent.ConcurrentLinkedDeque.pollFirst (0x000072e48006e788) [0x000072e48006e880, 0x000072e480070278] Compiler: c1, Barriers: 9, Oops: 6, ImmediateOops: 9, NonImmediateOops: No
[2,782s][debug][gc,nmethod     ] Register NMethod: java.util.concurrent.ConcurrentLinkedDeque.pollFirst (0x000072e49ed5d908) [0x000072e49ed5da00, 0x000072e49ed5e950] Compiler: jvmci, Barriers: 51, Oops: 0, ImmediateOops: 1, NonImmediateOops: No
[2,800s][debug][gc,nmethod     ] Register NMethod: java.util.concurrent.ConcurrentLinkedDeque.clear (0x000072e49ed5e988) [0x000072e49ed5ea80, 0x000072e49ed621e0] Compiler: jvmci, Barriers: 206, Oops: 0, ImmediateOops: 2, NonImmediateOops: No
[2,814s][debug][gc,nmethod     ] Register NMethod: java.util.concurrent.ConcurrentHashMap.clear (0x000072e47fc61988) [0x000072e47fc61a80, 0x000072e47fc628a0] Compiler: c1, Barriers: 3, Oops: 0, ImmediateOops: 0, NonImmediateOops: No
[2,814s][debug][gc,nmethod     ] Register NMethod: java.util.concurrent.ConcurrentHashMap.clear (0x000072e47fc61988) [0x000072e47fc61a80, 0x000072e47fc628a0] Compiler: c1, Barriers: 3, Oops: 0, ImmediateOops: 0, NonImmediateOops: No
[2,814s][debug][gc,nmethod     ] Register NMethod: java.util.concurrent.ConcurrentHashMap.clear (0x000072e47fc61988) [0x000072e47fc61a80, 0x000072e47fc628a0] Compiler: c1, Barriers: 3, Oops: 0, ImmediateOops: 0, NonImmediateOops: No
[2,814s][info ][gc,exit        ] Stopping ZGC
[2,814s][debug][gc,nmethod     ] Register NMethod: java.io.UnixFileSystem.delete (0x000072e480070308) [0x000072e480070400, 0x000072e4800709c8] Compiler: c1, Barriers: 3, Oops: 0, ImmediateOops: 0, NonImmediateOops: No
[2,814s][debug][gc,remset      ] GC(1) Y: Remset forwarding retained: 0,000ms count: 0 ZWorkerYoung#0
[2,814s][debug][gc,remset      ] GC(1) Y: Remset forwarding released: 0,000ms count: 0 ZWorkerYoung#0
[2,814s][debug][gc,nmethod     ] Register NMethod: java.io.File.delete (0x000072e480070a08) [0x000072e480070b00, 0x000072e480071388] Compiler: c1, Barriers: 3, Oops: 1, ImmediateOops: 2, NonImmediateOops: No
[2,814s][info ][gc,phases      ] GC(1) Y: Young Generation Aborted
[2,815s][info ][gc             ] GC(1) Major Collection (Metadata GC Threshold) Aborted
[2,815s][info ][gc,stats       ] === Garbage Collection Statistics =======================================================================================================================
[2,815s][info ][gc,stats       ]                                                              Last 10s              Last 10m              Last 10h                Total
[2,815s][info ][gc,stats       ]                                                              Avg / Max             Avg / Max             Avg / Max             Avg / Max
[2,815s][info ][gc,stats       ]        Contention: Mark Segment Reset Contention                     0 / 0                 0 / 0                 0 / 0                 0 / 0           ops/s
[2,815s][info ][gc,stats       ]        Contention: Mark SeqNum Reset Contention                      0 / 0                 0 / 0                 0 / 0                 0 / 0           ops/s
[2,815s][info ][gc,stats       ]          Critical: Allocation Stall                                  0 / 0                 0 / 0                 0 / 0                 0 / 0           ops/s
[2,815s][info ][gc,stats       ]          Critical: Allocation Stall                              0,000 / 0,000         0,000 / 0,000         0,000 / 0,000         0,000 / 0,000       ms
[2,815s][info ][gc,stats       ]          Critical: JNI Critical Stall                                2 / 2                 2 / 2                 2 / 2                 2 / 2           ops/s
[2,815s][info ][gc,stats       ]          Critical: JNI Critical Stall                            0,178 / 0,244         0,178 / 0,244         0,178 / 0,244         0,178 / 0,244       ms
[2,815s][info ][gc,stats       ]          Critical: Relocation Stall                                  0 / 0                 0 / 0                 0 / 0                 0 / 0           ops/s
[2,815s][info ][gc,stats       ]          Critical: Relocation Stall                              0,000 / 0,000         0,000 / 0,000         0,000 / 0,000         0,000 / 0,000       ms
[2,815s][info ][gc,stats       ]  Major Collection: Major Collection                             32,732 / 32,732       32,732 / 32,732       32,732 / 32,732       32,732 / 32,732      ms
[2,815s][info ][gc,stats       ]            Memory: Allocation Rate                                 368 / 368             368 / 368             368 / 368             368 / 368         MB/s
[2,815s][info ][gc,stats       ]            Memory: Defragment                                        0 / 0                 0 / 0                 0 / 0                 0 / 0           ops/s
[2,815s][info ][gc,stats       ]            Memory: Mapped Cache Harvest                              0 / 0                 0 / 0                 0 / 0                 0 / 0           MB/s
[2,815s][info ][gc,stats       ]            Memory: Out Of Memory                                     0 / 0                 0 / 0                 0 / 0                 0 / 0           ops/s
[2,815s][info ][gc,stats       ]            Memory: Uncommit                                          0 / 0                 0 / 0                 0 / 0                 0 / 0           MB/s
[2,815s][info ][gc,stats       ]            Memory: Undo Object Allocation Failed                     0 / 0                 0 / 0                 0 / 0                 0 / 0           ops/s
[2,815s][info ][gc,stats       ]            Memory: Undo Object Allocation Succeeded                  0 / 0                 0 / 0                 0 / 0                 0 / 0           ops/s
[2,815s][info ][gc,stats       ]            Memory: Undo Page Allocation                              0 / 0                 0 / 0                 0 / 0                 0 / 0           ops/s
[2,815s][info ][gc,stats       ]  Minor Collection: Minor Collection                              0,000 / 0,000         0,000 / 0,000         0,000 / 0,000         0,000 / 0,000       ms
[2,815s][info ][gc,stats       ]    Old Generation: Old Generation                               11,406 / 11,406       11,406 / 11,406       11,406 / 11,406       11,406 / 11,406      ms
[2,815s][info ][gc,stats       ]         Old Pause: Pause Mark End                                0,019 / 0,019         0,019 / 0,019         0,019 / 0,019         0,019 / 0,019       ms
[2,815s][info ][gc,stats       ]         Old Pause: Pause Relocate Start                          0,029 / 0,029         0,029 / 0,029         0,029 / 0,029         0,029 / 0,029       ms
[2,815s][info ][gc,stats       ]         Old Phase: Concurrent Mark                               0,651 / 0,651         0,651 / 0,651         0,651 / 0,651         0,651 / 0,651       ms
[2,815s][info ][gc,stats       ]         Old Phase: Concurrent Mark Continue                      0,000 / 0,000         0,000 / 0,000         0,000 / 0,000         0,000 / 0,000       ms
[2,815s][info ][gc,stats       ]         Old Phase: Concurrent Mark Free                          0,011 / 0,011         0,011 / 0,011         0,011 / 0,011         0,011 / 0,011       ms
[2,815s][info ][gc,stats       ]         Old Phase: Concurrent Process Non-Strong                 8,669 / 8,669         8,669 / 8,669         8,669 / 8,669         8,669 / 8,669       ms
[2,815s][info ][gc,stats       ]         Old Phase: Concurrent Relocate                           0,078 / 0,078         0,078 / 0,078         0,078 / 0,078         0,078 / 0,078       ms
[2,815s][info ][gc,stats       ]         Old Phase: Concurrent Remap Roots                        1,413 / 1,413         1,413 / 1,413         1,413 / 1,413         1,413 / 1,413       ms
[2,815s][info ][gc,stats       ]         Old Phase: Concurrent Reset Relocation Set               0,007 / 0,007         0,007 / 0,007         0,007 / 0,007         0,007 / 0,007       ms
[2,815s][info ][gc,stats       ]         Old Phase: Concurrent Select Relocation Set              0,136 / 0,136         0,136 / 0,136         0,136 / 0,136         0,136 / 0,136       ms
[2,815s][info ][gc,stats       ]      Old Subphase: Concurrent Classes Purge                      2,158 / 2,158         2,158 / 2,158         2,158 / 2,158         2,158 / 2,158       ms
[2,815s][info ][gc,stats       ]      Old Subphase: Concurrent Classes Unlink                     5,543 / 5,543         5,543 / 5,543         5,543 / 5,543         5,543 / 5,543       ms
[2,815s][info ][gc,stats       ]      Old Subphase: Concurrent Mark Follow                        0,316 / 0,316         0,316 / 0,316         0,316 / 0,316         0,316 / 0,316       ms
[2,815s][info ][gc,stats       ]      Old Subphase: Concurrent Mark Root Colored                  0,025 / 0,025         0,025 / 0,025         0,025 / 0,025         0,025 / 0,025       ms
[2,815s][info ][gc,stats       ]      Old Subphase: Concurrent Mark Root Uncolored                0,153 / 0,153         0,153 / 0,153         0,153 / 0,153         0,153 / 0,153       ms
[2,815s][info ][gc,stats       ]      Old Subphase: Concurrent Mark Roots                         0,301 / 0,301         0,301 / 0,301         0,301 / 0,301         0,301 / 0,301       ms
[2,815s][info ][gc,stats       ]      Old Subphase: Concurrent References Enqueue                 0,008 / 0,008         0,008 / 0,008         0,008 / 0,008         0,008 / 0,008       ms
[2,815s][info ][gc,stats       ]      Old Subphase: Concurrent References Process                 0,035 / 0,035         0,035 / 0,035         0,035 / 0,035         0,035 / 0,035       ms
[2,815s][info ][gc,stats       ]      Old Subphase: Concurrent Remap Remembered                   0,001 / 0,001         0,001 / 0,001         0,001 / 0,001         0,001 / 0,001       ms
[2,815s][info ][gc,stats       ]      Old Subphase: Concurrent Remap Roots Colored                0,584 / 0,650         0,584 / 0,650         0,584 / 0,650         0,584 / 0,650       ms
[2,815s][info ][gc,stats       ]      Old Subphase: Concurrent Remap Roots Uncolored              0,371 / 0,371         0,371 / 0,371         0,371 / 0,371         0,371 / 0,371       ms
[2,815s][info ][gc,stats       ]      Old Subphase: Concurrent Roots ClassLoaderDataGraph         0,328 / 0,489         0,328 / 0,489         0,328 / 0,489         0,328 / 0,489       ms
[2,815s][info ][gc,stats       ]      Old Subphase: Concurrent Roots CodeCache                    0,368 / 0,368         0,368 / 0,368         0,368 / 0,368         0,368 / 0,368       ms
[2,815s][info ][gc,stats       ]      Old Subphase: Concurrent Roots JavaThreads                  0,041 / 0,152         0,041 / 0,152         0,041 / 0,152         0,041 / 0,152       ms
[2,815s][info ][gc,stats       ]      Old Subphase: Concurrent Roots OopStorageSet                0,010 / 0,016         0,010 / 0,016         0,010 / 0,016         0,010 / 0,016       ms
[2,815s][info ][gc,stats       ]      Old Subphase: Concurrent Weak Roots OopStorageSet           0,277 / 0,646         0,277 / 0,646         0,277 / 0,646         0,277 / 0,646       ms
[2,815s][info ][gc,stats       ]            System: Java Threads                                     20 / 20               20 / 20               20 / 20               20 / 20          threads
[2,815s][info ][gc,stats       ]  Young Generation: Young Generation                             20,454 / 20,454       20,454 / 20,454       20,454 / 20,454       20,454 / 20,454      ms
[2,815s][info ][gc,stats       ]  Young Generation: Young Generation                              0,000 / 0,000         0,000 / 0,000         0,000 / 0,000         0,000 / 0,000       ms
[2,815s][info ][gc,stats       ]  Young Generation: Young Generation (Collect Roots)              0,000 / 0,000         0,000 / 0,000         0,000 / 0,000         0,000 / 0,000       ms
[2,815s][info ][gc,stats       ]  Young Generation: Young Generation (Promote All)                0,000 / 0,000         0,000 / 0,000         0,000 / 0,000         0,000 / 0,000       ms
[2,815s][info ][gc,stats       ]       Young Pause: Pause Mark End                                0,029 / 0,029         0,029 / 0,029         0,029 / 0,029         0,029 / 0,029       ms
[2,815s][info ][gc,stats       ]       Young Pause: Pause Mark Start                              0,000 / 0,000         0,000 / 0,000         0,000 / 0,000         0,000 / 0,000       ms
[2,815s][info ][gc,stats       ]       Young Pause: Pause Mark Start (Major)                      0,081 / 0,081         0,081 / 0,081         0,081 / 0,081         0,081 / 0,081       ms
[2,815s][info ][gc,stats       ]       Young Pause: Pause Relocate Start                          0,025 / 0,025         0,025 / 0,025         0,025 / 0,025         0,025 / 0,025       ms
[2,815s][info ][gc,stats       ]       Young Phase: Concurrent Mark                              14,514 / 14,514       14,514 / 14,514       14,514 / 14,514       14,514 / 14,514      ms
[2,815s][info ][gc,stats       ]       Young Phase: Concurrent Mark Continue                      0,000 / 0,000         0,000 / 0,000         0,000 / 0,000         0,000 / 0,000       ms
[2,815s][info ][gc,stats       ]       Young Phase: Concurrent Mark Free                          0,022 / 0,022         0,022 / 0,022         0,022 / 0,022         0,022 / 0,022       ms
[2,815s][info ][gc,stats       ]       Young Phase: Concurrent Relocate                           3,802 / 3,802         3,802 / 3,802         3,802 / 3,802         3,802 / 3,802       ms
[2,815s][info ][gc,stats       ]       Young Phase: Concurrent Reset Relocation Set               0,005 / 0,005         0,005 / 0,005         0,005 / 0,005         0,005 / 0,005       ms
[2,815s][info ][gc,stats       ]       Young Phase: Concurrent Select Relocation Set              1,327 / 1,327         1,327 / 1,327         1,327 / 1,327         1,327 / 1,327       ms
[2,815s][info ][gc,stats       ]    Young Subphase: Concurrent Mark Follow                       11,250 / 11,250       11,250 / 11,250       11,250 / 11,250       11,250 / 11,250      ms
[2,815s][info ][gc,stats       ]    Young Subphase: Concurrent Mark Root Colored                  1,599 / 1,599         1,599 / 1,599         1,599 / 1,599         1,599 / 1,599       ms
[2,815s][info ][gc,stats       ]    Young Subphase: Concurrent Mark Root Uncolored                1,535 / 1,535         1,535 / 1,535         1,535 / 1,535         1,535 / 1,535       ms
[2,815s][info ][gc,stats       ]    Young Subphase: Concurrent Mark Roots                         3,230 / 3,230         3,230 / 3,230         3,230 / 3,230         3,230 / 3,230       ms
[2,815s][info ][gc,stats       ]    Young Subphase: Concurrent Relocate Remset FP                 0,094 / 0,094         0,094 / 0,094         0,094 / 0,094         0,094 / 0,094       ms
[2,815s][info ][gc,stats       ]    Young Subphase: Concurrent Roots ClassLoaderDataGraph         0,195 / 0,195         0,195 / 0,195         0,195 / 0,195         0,195 / 0,195       ms
[2,815s][info ][gc,stats       ]    Young Subphase: Concurrent Roots CodeCache                    0,766 / 0,766         0,766 / 0,766         0,766 / 0,766         0,766 / 0,766       ms
[2,815s][info ][gc,stats       ]    Young Subphase: Concurrent Roots JavaThreads                  0,388 / 0,769         0,388 / 0,769         0,388 / 0,769         0,388 / 0,769       ms
[2,815s][info ][gc,stats       ]    Young Subphase: Concurrent Roots OopStorageSet                0,209 / 0,209         0,209 / 0,209         0,209 / 0,209         0,209 / 0,209       ms
[2,815s][info ][gc,stats       ]    Young Subphase: Concurrent Weak Roots OopStorageSet           1,192 / 1,192         1,192 / 1,192         1,192 / 1,192         1,192 / 1,192       ms
[2,815s][info ][gc,stats       ] =========================================================================================================================================================
[2,815s][info ][gc,exit        ] Heap
[2,815s][info ][gc,exit        ]  ZHeap           used 446M, capacity 5120M, max capacity 12288M
[2,815s][info ][gc,exit        ]   Cache          4674M (1)
[2,815s][info ][gc,exit        ]    size classes  4G (1)
[2,815s][info ][gc,exit        ]  Metaspace       used 38466K, committed 38912K, reserved 1114112K
[2,815s][info ][gc,exit        ]   class space    used 3469K, committed 3648K, reserved 1048576K
[2,815s][debug][gc,reloc       ] Synchronize all workers 1 _nworkers: 0 _nsynchronized: 0
[2,816s][debug][gc,reloc       ] Synchronize all workers 1 _nworkers: 0 _nsynchronized: 0
